<?xml version="1.0" ?>

<verbosegc xmlns="http://www.ibm.com/j9/verbosegc" version="a784f9a9d54_CMPRSS">

<initialized id="1" timestamp="2022-02-08T17:28:46.667">
  <attribute name="gcPolicy" value="-Xgcpolicy:gencon" />
  <attribute name="maxHeapSize" value="0x40000000" />
  <attribute name="initialHeapSize" value="0x40000000" />
  <attribute name="compressedRefs" value="true" />
  <attribute name="compressedRefsDisplacement" value="0x0" />
  <attribute name="compressedRefsShift" value="0x0" />
  <attribute name="pageSize" value="0x1000" />
  <attribute name="pageType" value="not used" />
  <attribute name="requestedPageSize" value="0x1000" />
  <attribute name="requestedPageType" value="not used" />
  <attribute name="gcthreads" value="4" />
  <attribute name="gcthreads Concurrent Mark" value="1" />
  <attribute name="packetListSplit" value="1" />
  <attribute name="cacheListSplit" value="1" />
  <attribute name="splitFreeListSplitAmount" value="1" />
  <attribute name="numaNodes" value="0" />
  <system>
    <attribute name="physicalMemory" value="10477432832" />
    <attribute name="numCPUs" value="4" />
    <attribute name="architecture" value="amd64" />
    <attribute name="os" value="Linux" />
    <attribute name="osVersion" value="4.15.0-167-generic" />
  </system>
  <vmargs>
    <vmarg name="-Xoptionsfile=/home/keithc/space/openj9/jdk11/build/normal/images/jdk/lib/options.default" />
    <vmarg name="-Xlockword:mode=default,noLockword=java/lang/String,noLockword=java/util/MapEntry,noLockword=java/util/HashMap$Entry,noLockword..." />
    <vmarg name="-Xjcl:jclse29" />
    <vmarg name="-Dcom.ibm.oti.vm.bootstrap.library.path=/home/keithc/space/openj9/jdk11/build/normal/images/jdk/lib/default:/home/keithc/space/..." />
    <vmarg name="-Dsun.boot.library.path=/home/keithc/space/openj9/jdk11/build/normal/images/jdk/lib/default:/home/keithc/space/openj9/jdk11/bui..." />
    <vmarg name="-Djava.library.path=/home/keithc/space/openj9/jdk11/build/normal/images/jdk/lib/default:/home/keithc/space/openj9/jdk11/build/n..." />
    <vmarg name="-Djava.home=/home/keithc/space/openj9/jdk11/build/normal/images/jdk" />
    <vmarg name="-Duser.dir=/home/keithc/space/openj9/issue-14193" />
    <vmarg name="-agentlib:jdwp=transport=dt_socket,suspend=y,address=localhost:38679" />
    <vmarg name="-Xgcpolicy:gencon" />
    <vmarg name="-Xverbosegclog" />
    <vmarg name="-Xdump:none" />
    <vmarg name="-Xdump:java:events=abort" />
    <vmarg name="-Xms1024M" />
    <vmarg name="-Xmx1024M" />
    <vmarg name="--add-exports=openj9.dtfj/com.ibm.dtfj.image.j9=test.ras" />
    <vmarg name="-javaagent:/home/keithc/eclipse/2021-12/eclipse/configuration/org.eclipse.osgi/180/0/.cp/lib/javaagent-shaded.jar" />
    <vmarg name="-Dfile.encoding=UTF-8" />
    <vmarg name="--module-path=/home/keithc/space/openj9/issue-14193/bin" />
    <vmarg name="-Djdk.module.main=test.ras" />
    <vmarg name="-Dsun.java.command=test.ras/test.TestRAS data/core.testSystemDumpNullFile.1643155017633.dmp" />
    <vmarg name="-Dsun.java.launcher=SUN_STANDARD" />
    <vmarg name="-Dsun.java.launcher.pid=5803" />
  </vmargs>
</initialized>

<exclusive-start id="2" timestamp="2022-02-08T17:28:48.817" intervalms="2150.274">
  <response-info timems="0.017" idlems="0.017" threads="0" lastid="0000000000016F00" lastname="main" />
</exclusive-start>
<af-start id="3" threadId="0000000000017908" totalBytesRequested="200" timestamp="2022-02-08T17:28:48.817" intervalms="2150.323" type="nursery" />
<cycle-start id="4" type="scavenge" contextid="0" timestamp="2022-02-08T17:28:48.817" intervalms="2150.350" />
<gc-start id="5" type="scavenge" contextid="4" timestamp="2022-02-08T17:28:48.817">
  <mem-info id="6" free="804593584" total="1073741824" percent="74">
    <mem type="nursery" free="0" total="268435456" percent="0">
      <mem type="allocate" free="0" total="134217728" percent="0" />
      <mem type="survivor" free="0" total="134217728" percent="0" />
    </mem>
    <mem type="tenure" free="804593584" total="805306368" percent="99">
      <mem type="soa" free="764327856" total="765040640" percent="99" />
      <mem type="loa" free="40265728" total="40265728" percent="100" />
    </mem>
    <remembered-set count="8719" />
  </mem-info>
</gc-start>
<allocation-stats totalBytes="134865688" >
  <allocated-bytes non-tlh="3155944" tlh="131709744" />
  <largest-consumer threadName="main" threadId="0000000000016F00" bytes="134748208" />
</allocation-stats>
<gc-op id="7" type="scavenge" timems="61.767" contextid="4" timestamp="2022-02-08T17:28:48.879">
  <scavenger-info tenureage="1" tenuremask="fffe" tiltratio="50" />
  <memory-copied type="nursery" objects="1617869" bytes="88189024" bytesdiscarded="141712" />
  <finalization candidates="223" enqueued="19" />
  <ownableSynchronizers candidates="3" cleared="2" />
  <references type="soft" candidates="275" cleared="0" enqueued="0" dynamicThreshold="32" maxThreshold="32" />
  <references type="weak" candidates="2517" cleared="875" enqueued="628" />
  <references type="phantom" candidates="113" cleared="41" enqueued="41" />
  <object-monitors candidates="3" cleared="1"  />
</gc-op>
<gc-end id="8" type="scavenge" contextid="4" durationms="61.882" usertimems="191.635" systemtimems="2.312" stalltimems="2.655" timestamp="2022-02-08T17:28:48.879" activeThreads="4">
  <mem-info id="9" free="850477536" total="1073741824" percent="79">
    <mem type="nursery" free="45883952" total="268435456" percent="17">
      <mem type="allocate" free="45883952" total="134217728" percent="34" />
      <mem type="survivor" free="0" total="134217728" percent="0" />
    </mem>
    <mem type="tenure" free="804593584" total="805306368" percent="99">
      <mem type="soa" free="764327856" total="765040640" percent="99" />
      <mem type="loa" free="40265728" total="40265728" percent="100" />
    </mem>
    <pending-finalizers system="18" default="1" reference="669" classloader="0" />
    <remembered-set count="8719" />
  </mem-info>
</gc-end>
<cycle-end id="10" type="scavenge" contextid="4" timestamp="2022-02-08T17:28:48.879" />
<allocation-satisfied id="11" threadId="0000000000016F00" bytesRequested="200" />
<af-end id="12" timestamp="2022-02-08T17:28:48.879" threadId="0000000000017908" success="true" from="nursery"/>
<exclusive-end id="13" timestamp="2022-02-08T17:28:48.879" durationms="62.143" />

<exclusive-start id="14" timestamp="2022-02-08T17:28:49.184" intervalms="367.242">
  <response-info timems="0.017" idlems="0.017" threads="0" lastid="0000000000016F00" lastname="main" />
</exclusive-start>
<af-start id="15" threadId="0000000000017908" totalBytesRequested="184" timestamp="2022-02-08T17:28:49.184" intervalms="367.242" type="nursery" />
<cycle-start id="16" type="scavenge" contextid="0" timestamp="2022-02-08T17:28:49.185" intervalms="367.237" />
<gc-start id="17" type="scavenge" contextid="16" timestamp="2022-02-08T17:28:49.185">
  <mem-info id="18" free="804593480" total="1073741824" percent="74">
    <mem type="nursery" free="0" total="268435456" percent="0">
      <mem type="allocate" free="0" total="134217728" percent="0" />
      <mem type="survivor" free="0" total="134217728" percent="0" />
    </mem>
    <mem type="tenure" free="804593480" total="805306368" percent="99">
      <mem type="soa" free="764327752" total="765040640" percent="99" />
      <mem type="loa" free="40265728" total="40265728" percent="100" />
    </mem>
    <remembered-set count="8720" />
  </mem-info>
</gc-start>
<allocation-stats totalBytes="45859920" >
  <allocated-bytes non-tlh="304" tlh="45859616" />
  <largest-consumer threadName="main" threadId="0000000000016F00" bytes="45795040" />
</allocation-stats>
<gc-op id="19" type="scavenge" timems="63.852" contextid="16" timestamp="2022-02-08T17:28:49.248">
  <scavenger-info tenureage="1" tenuremask="7ffe" tiltratio="50" />
  <memory-copied type="nursery" objects="571215" bytes="32615920" bytesdiscarded="297480" />
  <memory-copied type="tenure" objects="1616423" bytes="87969648" bytesdiscarded="42888" />
  <finalization candidates="204" enqueued="0" />
  <ownableSynchronizers candidates="1" cleared="0" />
  <object-monitors candidates="2" cleared="0"  />
</gc-op>
<gc-end id="20" type="scavenge" contextid="16" durationms="63.997" usertimems="244.683" systemtimems="7.002" stalltimems="2.112" timestamp="2022-02-08T17:28:49.249" activeThreads="4">
  <mem-info id="21" free="817572592" total="1073741824" percent="76">
    <mem type="nursery" free="101304320" total="268435456" percent="37">
      <mem type="allocate" free="101304320" total="134217728" percent="75" />
      <mem type="survivor" free="0" total="134217728" percent="0" />
    </mem>
    <mem type="tenure" free="716268272" total="805306368" percent="88">
      <mem type="soa" free="676002544" total="765040640" percent="88" />
      <mem type="loa" free="40265728" total="40265728" percent="100" />
    </mem>
    <remembered-set count="8914" />
  </mem-info>
</gc-end>
<cycle-end id="22" type="scavenge" contextid="16" timestamp="2022-02-08T17:28:49.249" />
<allocation-satisfied id="23" threadId="0000000000016F00" bytesRequested="184" />
<af-end id="24" timestamp="2022-02-08T17:28:49.249" threadId="0000000000017908" success="true" from="nursery"/>
<exclusive-end id="25" timestamp="2022-02-08T17:28:49.249" durationms="64.238" />

<exclusive-start id="26" timestamp="2022-02-08T17:28:49.865" intervalms="680.739">
  <response-info timems="0.021" idlems="0.021" threads="0" lastid="0000000000016F00" lastname="main" />
</exclusive-start>
<af-start id="27" threadId="0000000000017908" totalBytesRequested="112" timestamp="2022-02-08T17:28:49.865" intervalms="680.737" type="nursery" />
<cycle-start id="28" type="scavenge" contextid="0" timestamp="2022-02-08T17:28:49.865" intervalms="680.738" />
<gc-start id="29" type="scavenge" contextid="28" timestamp="2022-02-08T17:28:49.865">
  <mem-info id="30" free="716268272" total="1073741824" percent="66">
    <mem type="nursery" free="0" total="268435456" percent="0">
      <mem type="allocate" free="0" total="134217728" percent="0" />
      <mem type="survivor" free="0" total="134217728" percent="0" />
    </mem>
    <mem type="tenure" free="716268272" total="805306368" percent="88">
      <mem type="soa" free="676002544" total="765040640" percent="88" />
      <mem type="loa" free="40265728" total="40265728" percent="100" />
    </mem>
    <remembered-set count="8914" />
  </mem-info>
</gc-start>
<allocation-stats totalBytes="101256248" >
  <allocated-bytes non-tlh="184" tlh="101256064" />
  <largest-consumer threadName="main" threadId="0000000000016F00" bytes="101256248" />
</allocation-stats>
<gc-op id="31" type="scavenge" timems="54.938" contextid="28" timestamp="2022-02-08T17:28:49.920">
  <scavenger-info tenureage="1" tenuremask="7ffe" tiltratio="50" />
  <memory-copied type="nursery" objects="1260740" bytes="71953064" bytesdiscarded="116136" />
  <memory-copied type="tenure" objects="571214" bytes="32615816" bytesdiscarded="17504" />
  <object-monitors candidates="2" cleared="0"  />
</gc-op>
<gc-end id="32" type="scavenge" contextid="28" durationms="55.065" usertimems="213.179" systemtimems="0.000" stalltimems="4.787" timestamp="2022-02-08T17:28:49.920" activeThreads="4">
  <mem-info id="33" free="745712488" total="1073741824" percent="69">
    <mem type="nursery" free="62148528" total="268435456" percent="23">
      <mem type="allocate" free="62148528" total="134217728" percent="46" />
      <mem type="survivor" free="0" total="134217728" percent="0" />
    </mem>
    <mem type="tenure" free="683563960" total="805306368" percent="84">
      <mem type="soa" free="643298232" total="765040640" percent="84" />
      <mem type="loa" free="40265728" total="40265728" percent="100" />
    </mem>
    <remembered-set count="104" />
  </mem-info>
</gc-end>
<cycle-end id="34" type="scavenge" contextid="28" timestamp="2022-02-08T17:28:49.920" />
<allocation-satisfied id="35" threadId="0000000000016F00" bytesRequested="112" />
<af-end id="36" timestamp="2022-02-08T17:28:49.921" threadId="0000000000017908" success="true" from="nursery"/>
<exclusive-end id="37" timestamp="2022-02-08T17:28:49.921" durationms="55.329" />

<exclusive-start id="38" timestamp="2022-02-08T17:28:50.369" intervalms="503.453">
  <response-info timems="0.053" idlems="0.053" threads="0" lastid="0000000000016F00" lastname="main" />
</exclusive-start>
<af-start id="39" threadId="0000000000017908" totalBytesRequested="208" timestamp="2022-02-08T17:28:50.369" intervalms="503.462" type="nursery" />
<cycle-start id="40" type="scavenge" contextid="0" timestamp="2022-02-08T17:28:50.369" intervalms="503.463" />
<gc-start id="41" type="scavenge" contextid="40" timestamp="2022-02-08T17:28:50.369">
  <mem-info id="42" free="683563960" total="1073741824" percent="63">
    <mem type="nursery" free="0" total="268435456" percent="0">
      <mem type="allocate" free="0" total="134217728" percent="0" />
      <mem type="survivor" free="0" total="134217728" percent="0" />
    </mem>
    <mem type="tenure" free="683563960" total="805306368" percent="84">
      <mem type="soa" free="643298232" total="765040640" percent="84" />
      <mem type="loa" free="40265728" total="40265728" percent="100" />
    </mem>
    <remembered-set count="118" />
  </mem-info>
</gc-start>
<allocation-stats totalBytes="62120280" >
  <allocated-bytes non-tlh="453816" tlh="61666464" />
  <largest-consumer threadName="main" threadId="0000000000016F00" bytes="62120280" />
</allocation-stats>
<gc-op id="43" type="scavenge" timems="71.140" contextid="40" timestamp="2022-02-08T17:28:50.440">
  <scavenger-info tenureage="1" tenuremask="7ffe" tiltratio="50" />
  <memory-copied type="nursery" objects="809288" bytes="44371520" bytesdiscarded="183864" />
  <memory-copied type="tenure" objects="1260740" bytes="71953064" bytesdiscarded="35128" />
  <finalization candidates="30" enqueued="18" />
  <references type="phantom" candidates="30" cleared="0" enqueued="0" />
  <object-monitors candidates="2" cleared="0"  />
</gc-op>
<gc-end id="44" type="scavenge" contextid="40" durationms="71.243" usertimems="267.747" systemtimems="8.680" stalltimems="4.849" timestamp="2022-02-08T17:28:50.440" activeThreads="4">
  <mem-info id="45" free="701426400" total="1073741824" percent="65">
    <mem type="nursery" free="89662344" total="268435456" percent="33">
      <mem type="allocate" free="89662344" total="134217728" percent="66" />
      <mem type="survivor" free="0" total="134217728" percent="0" />
    </mem>
    <mem type="tenure" free="611764056" total="805306368" percent="75">
      <mem type="soa" free="571498328" total="765040640" percent="74" />
      <mem type="loa" free="40265728" total="40265728" percent="100" />
    </mem>
    <pending-finalizers system="18" default="0" reference="0" classloader="0" />
    <remembered-set count="117" />
  </mem-info>
</gc-end>
<cycle-end id="46" type="scavenge" contextid="40" timestamp="2022-02-08T17:28:50.440" />
<allocation-satisfied id="47" threadId="0000000000016F00" bytesRequested="208" />
<af-end id="48" timestamp="2022-02-08T17:28:50.440" threadId="0000000000017908" success="true" from="nursery"/>
<exclusive-end id="49" timestamp="2022-02-08T17:28:50.440" durationms="71.535" />

<exclusive-start id="50" timestamp="2022-02-08T17:28:52.137" intervalms="1768.646">
  <response-info timems="3.288" idlems="3.288" threads="0" lastid="0000000000016F00" lastname="main" />
</exclusive-start>
<af-start id="51" threadId="0000000000017908" totalBytesRequested="24" timestamp="2022-02-08T17:28:52.137" intervalms="1768.655" type="nursery" />
<cycle-start id="52" type="scavenge" contextid="0" timestamp="2022-02-08T17:28:52.137" intervalms="1768.659" />
<gc-start id="53" type="scavenge" contextid="52" timestamp="2022-02-08T17:28:52.137">
  <mem-info id="54" free="611717192" total="1073741824" percent="56">
    <mem type="nursery" free="0" total="268435456" percent="0">
      <mem type="allocate" free="0" total="134217728" percent="0" />
      <mem type="survivor" free="0" total="134217728" percent="0" />
    </mem>
    <mem type="tenure" free="611717192" total="805306368" percent="75">
      <mem type="soa" free="571451464" total="765040640" percent="74" />
      <mem type="loa" free="40265728" total="40265728" percent="100" />
    </mem>
    <remembered-set count="790" />
  </mem-info>
</gc-start>
<allocation-stats totalBytes="89681560" >
  <allocated-bytes non-tlh="1488288" tlh="88193272" />
  <largest-consumer threadName="main" threadId="0000000000016F00" bytes="89677464" />
</allocation-stats>
<gc-op id="55" type="scavenge" timems="57.613" contextid="52" timestamp="2022-02-08T17:28:52.195">
  <scavenger-info tenureage="1" tenuremask="7ffe" tiltratio="50" />
  <memory-copied type="nursery" objects="582645" bytes="22926776" bytesdiscarded="148064" />
  <memory-copied type="tenure" objects="808988" bytes="43758664" bytesdiscarded="22016" />
  <finalization candidates="145" enqueued="36" />
  <references type="soft" candidates="775" cleared="0" enqueued="0" dynamicThreshold="32" maxThreshold="32" />
  <references type="weak" candidates="273" cleared="121" enqueued="115" />
  <references type="phantom" candidates="76" cleared="7" enqueued="7" />
  <object-monitors candidates="2" cleared="0"  />
</gc-op>
<gc-end id="56" type="scavenge" contextid="52" durationms="57.739" usertimems="200.515" systemtimems="24.560" stalltimems="4.932" timestamp="2022-02-08T17:28:52.195" activeThreads="4">
  <mem-info id="57" free="679075984" total="1073741824" percent="63">
    <mem type="nursery" free="111142712" total="268435456" percent="41">
      <mem type="allocate" free="111142712" total="134217728" percent="82" />
      <mem type="survivor" free="0" total="134217728" percent="0" />
    </mem>
    <mem type="tenure" free="567933272" total="805306368" percent="70">
      <mem type="soa" free="527667544" total="765040640" percent="68" />
      <mem type="loa" free="40265728" total="40265728" percent="100" />
    </mem>
    <pending-finalizers system="34" default="2" reference="122" classloader="0" />
    <remembered-set count="778" />
  </mem-info>
</gc-end>
<cycle-end id="58" type="scavenge" contextid="52" timestamp="2022-02-08T17:28:52.195" />
<allocation-satisfied id="59" threadId="0000000000016F00" bytesRequested="24" />
<af-end id="60" timestamp="2022-02-08T17:28:52.195" threadId="0000000000017908" success="true" from="nursery"/>
<exclusive-end id="61" timestamp="2022-02-08T17:28:52.195" durationms="58.077" />

<exclusive-start id="62" timestamp="2022-02-08T17:28:52.985" intervalms="847.307">
  <response-info timems="0.019" idlems="0.019" threads="0" lastid="0000000000016F00" lastname="main" />
</exclusive-start>
<af-start id="63" threadId="0000000000017908" totalBytesRequested="200" timestamp="2022-02-08T17:28:52.985" intervalms="847.290" type="nursery" />
<cycle-start id="64" type="scavenge" contextid="0" timestamp="2022-02-08T17:28:52.985" intervalms="847.285" />
<gc-start id="65" type="scavenge" contextid="64" timestamp="2022-02-08T17:28:52.985">
  <mem-info id="66" free="567933272" total="1073741824" percent="52">
    <mem type="nursery" free="0" total="268435456" percent="0">
      <mem type="allocate" free="0" total="134217728" percent="0" />
      <mem type="survivor" free="0" total="134217728" percent="0" />
    </mem>
    <mem type="tenure" free="567933272" total="805306368" percent="70">
      <mem type="soa" free="527667544" total="765040640" percent="68" />
      <mem type="loa" free="40265728" total="40265728" percent="100" />
    </mem>
    <remembered-set count="782" />
  </mem-info>
</gc-start>
<allocation-stats totalBytes="111090032" >
  <allocated-bytes non-tlh="1347704" tlh="109742328" />
  <largest-consumer threadName="main" threadId="0000000000016F00" bytes="111081840" />
</allocation-stats>
<gc-op id="67" type="scavenge" timems="93.294" contextid="64" timestamp="2022-02-08T17:28:53.078">
  <scavenger-info tenureage="1" tenuremask="7ffe" tiltratio="50" />
  <memory-copied type="nursery" objects="1384538" bytes="79481144" bytesdiscarded="297768" />
  <memory-copied type="tenure" objects="581713" bytes="22114000" bytesdiscarded="6144" />
  <finalization candidates="98" enqueued="0" />
  <references type="phantom" candidates="1" cleared="0" enqueued="0" />
  <object-monitors candidates="2" cleared="0"  />
</gc-op>
<gc-end id="68" type="scavenge" contextid="64" durationms="93.786" usertimems="271.098" systemtimems="1.845" stalltimems="3.144" timestamp="2022-02-08T17:28:53.079" activeThreads="4">
  <mem-info id="69" free="600233320" total="1073741824" percent="55">
    <mem type="nursery" free="54438816" total="268435456" percent="20">
      <mem type="allocate" free="54438816" total="134217728" percent="40" />
      <mem type="survivor" free="0" total="134217728" percent="0" />
    </mem>
    <mem type="tenure" free="545794504" total="805306368" percent="67">
      <mem type="soa" free="505528776" total="765040640" percent="66" />
      <mem type="loa" free="40265728" total="40265728" percent="100" />
    </mem>
    <remembered-set count="699" />
  </mem-info>
</gc-end>
<cycle-end id="70" type="scavenge" contextid="64" timestamp="2022-02-08T17:28:53.079" />
<allocation-satisfied id="71" threadId="0000000000016F00" bytesRequested="200" />
<af-end id="72" timestamp="2022-02-08T17:28:53.079" threadId="0000000000017908" success="true" from="nursery"/>
<exclusive-end id="73" timestamp="2022-02-08T17:28:53.079" durationms="94.150" />

<exclusive-start id="74" timestamp="2022-02-08T17:28:53.449" intervalms="464.804">
  <response-info timems="0.017" idlems="0.017" threads="0" lastid="0000000000016F00" lastname="main" />
</exclusive-start>
<af-start id="75" threadId="0000000000017908" totalBytesRequested="208" timestamp="2022-02-08T17:28:53.449" intervalms="464.806" type="nursery" />
<cycle-start id="76" type="scavenge" contextid="0" timestamp="2022-02-08T17:28:53.449" intervalms="464.806" />
<gc-start id="77" type="scavenge" contextid="76" timestamp="2022-02-08T17:28:53.450">
  <mem-info id="78" free="545794504" total="1073741824" percent="50">
    <mem type="nursery" free="0" total="268435456" percent="0">
      <mem type="allocate" free="0" total="134217728" percent="0" />
      <mem type="survivor" free="0" total="134217728" percent="0" />
    </mem>
    <mem type="tenure" free="545794504" total="805306368" percent="67">
      <mem type="soa" free="505528776" total="765040640" percent="66" />
      <mem type="loa" free="40265728" total="40265728" percent="100" />
    </mem>
    <remembered-set count="699" />
  </mem-info>
</gc-start>
<allocation-stats totalBytes="54413976" >
  <allocated-bytes non-tlh="200" tlh="54413776" />
  <largest-consumer threadName="main" threadId="0000000000016F00" bytes="54413976" />
</allocation-stats>
<gc-op id="79" type="scavenge" timems="60.412" contextid="76" timestamp="2022-02-08T17:28:53.510">
  <scavenger-info tenureage="1" tenuremask="7ffe" tiltratio="50" />
  <memory-copied type="nursery" objects="687749" bytes="38718552" bytesdiscarded="307504" />
  <memory-copied type="tenure" objects="1384537" bytes="79481032" bytesdiscarded="40880" />
  <finalization candidates="1" enqueued="0" />
  <object-monitors candidates="2" cleared="0"  />
</gc-op>
<gc-end id="80" type="scavenge" contextid="76" durationms="60.511" usertimems="231.590" systemtimems="0.000" stalltimems="3.487" timestamp="2022-02-08T17:28:53.510" activeThreads="4">
  <mem-info id="81" free="561564384" total="1073741824" percent="52">
    <mem type="nursery" free="95191672" total="268435456" percent="35">
      <mem type="allocate" free="95191672" total="134217728" percent="70" />
      <mem type="survivor" free="0" total="134217728" percent="0" />
    </mem>
    <mem type="tenure" free="466372712" total="805306368" percent="57">
      <mem type="soa" free="426106984" total="765040640" percent="55" />
      <mem type="loa" free="40265728" total="40265728" percent="100" />
    </mem>
    <remembered-set count="102" />
  </mem-info>
</gc-end>
<cycle-end id="82" type="scavenge" contextid="76" timestamp="2022-02-08T17:28:53.510" />
<allocation-satisfied id="83" threadId="0000000000016F00" bytesRequested="208" />
<af-end id="84" timestamp="2022-02-08T17:28:53.510" threadId="0000000000017908" success="true" from="nursery"/>
<exclusive-end id="85" timestamp="2022-02-08T17:28:53.510" durationms="60.801" />

<exclusive-start id="86" timestamp="2022-02-08T17:28:54.090" intervalms="640.986">
  <response-info timems="0.015" idlems="0.015" threads="0" lastid="0000000000016F00" lastname="main" />
</exclusive-start>
<af-start id="87" threadId="0000000000017908" totalBytesRequested="24" timestamp="2022-02-08T17:28:54.090" intervalms="640.990" type="nursery" />
<cycle-start id="88" type="scavenge" contextid="0" timestamp="2022-02-08T17:28:54.090" intervalms="640.990" />
<gc-start id="89" type="scavenge" contextid="88" timestamp="2022-02-08T17:28:54.090">
  <mem-info id="90" free="466372712" total="1073741824" percent="43">
    <mem type="nursery" free="0" total="268435456" percent="0">
      <mem type="allocate" free="0" total="134217728" percent="0" />
      <mem type="survivor" free="0" total="134217728" percent="0" />
    </mem>
    <mem type="tenure" free="466372712" total="805306368" percent="57">
      <mem type="soa" free="426106984" total="765040640" percent="55" />
      <mem type="loa" free="40265728" total="40265728" percent="100" />
    </mem>
    <remembered-set count="102" />
  </mem-info>
</gc-start>
<allocation-stats totalBytes="95147864" >
  <allocated-bytes non-tlh="208" tlh="95147656" />
  <largest-consumer threadName="main" threadId="0000000000016F00" bytes="95147864" />
</allocation-stats>
<gc-op id="91" type="scavenge" timems="53.554" contextid="88" timestamp="2022-02-08T17:28:54.144">
  <scavenger-info tenureage="1" tenuremask="7ffe" tiltratio="50" />
  <memory-copied type="nursery" objects="1179670" bytes="67588080" bytesdiscarded="131856" />
  <memory-copied type="tenure" objects="687748" bytes="38718440" bytesdiscarded="17888" />
  <object-monitors candidates="2" cleared="0"  />
</gc-op>
<gc-end id="92" type="scavenge" contextid="88" durationms="53.681" usertimems="204.126" systemtimems="3.684" stalltimems="4.211" timestamp="2022-02-08T17:28:54.144" activeThreads="4">
  <mem-info id="93" free="498780984" total="1073741824" percent="46">
    <mem type="nursery" free="71150848" total="268435456" percent="26">
      <mem type="allocate" free="71150848" total="138870784" percent="51" />
      <mem type="survivor" free="0" total="129564672" percent="0" />
    </mem>
    <mem type="tenure" free="427630136" total="805306368" percent="53">
      <mem type="soa" free="387364408" total="765040640" percent="50" />
      <mem type="loa" free="40265728" total="40265728" percent="100" />
    </mem>
    <remembered-set count="102" />
  </mem-info>
</gc-end>
<cycle-end id="94" type="scavenge" contextid="88" timestamp="2022-02-08T17:28:54.144" />
<allocation-satisfied id="95" threadId="0000000000016F00" bytesRequested="24" />
<af-end id="96" timestamp="2022-02-08T17:28:54.144" threadId="0000000000017908" success="true" from="nursery"/>
<exclusive-end id="97" timestamp="2022-02-08T17:28:54.144" durationms="53.942" />

<exclusive-start id="98" timestamp="2022-02-08T17:28:54.763" intervalms="673.115">
  <response-info timems="0.016" idlems="0.016" threads="0" lastid="0000000000016F00" lastname="main" />
</exclusive-start>
<af-start id="99" threadId="0000000000017908" totalBytesRequested="80" timestamp="2022-02-08T17:28:54.764" intervalms="673.108" type="nursery" />
<cycle-start id="100" type="scavenge" contextid="0" timestamp="2022-02-08T17:28:54.764" intervalms="673.107" />
<gc-start id="101" type="scavenge" contextid="100" timestamp="2022-02-08T17:28:54.764">
  <mem-info id="102" free="427630136" total="1073741824" percent="39">
    <mem type="nursery" free="0" total="268435456" percent="0">
      <mem type="allocate" free="0" total="138870784" percent="0" />
      <mem type="survivor" free="0" total="129564672" percent="0" />
    </mem>
    <mem type="tenure" free="427630136" total="805306368" percent="53">
      <mem type="soa" free="387364408" total="765040640" percent="50" />
      <mem type="loa" free="40265728" total="40265728" percent="100" />
    </mem>
    <remembered-set count="133" />
  </mem-info>
</gc-start>
<allocation-stats totalBytes="71121144" >
  <allocated-bytes non-tlh="848728" tlh="70272416" />
  <largest-consumer threadName="main" threadId="0000000000016F00" bytes="71121144" />
</allocation-stats>
<gc-op id="103" type="scavenge" timems="65.868" contextid="100" timestamp="2022-02-08T17:28:54.829">
  <scavenger-info tenureage="1" tenuremask="7ffe" tiltratio="51" />
  <memory-copied type="nursery" objects="1006069" bytes="50043264" bytesdiscarded="158464" />
  <memory-copied type="tenure" objects="1179670" bytes="67588080" bytesdiscarded="33432" />
  <finalization candidates="70" enqueued="37" />
  <references type="soft" candidates="14" cleared="0" enqueued="0" dynamicThreshold="32" maxThreshold="32" />
  <references type="weak" candidates="1" cleared="0" enqueued="0" />
  <references type="phantom" candidates="55" cleared="7" enqueued="7" />
  <object-monitors candidates="2" cleared="0"  />
</gc-op>
<gc-end id="104" type="scavenge" contextid="100" durationms="66.014" usertimems="240.524" systemtimems="3.647" stalltimems="6.125" timestamp="2022-02-08T17:28:54.830" activeThreads="4">
  <mem-info id="105" free="459915024" total="1073741824" percent="42">
    <mem type="nursery" free="100006656" total="268435456" percent="37">
      <mem type="allocate" free="100006656" total="150208512" percent="66" />
      <mem type="survivor" free="0" total="118226944" percent="0" />
    </mem>
    <mem type="tenure" free="359908368" total="805306368" percent="44">
      <mem type="soa" free="319642640" total="765040640" percent="41" />
      <mem type="loa" free="40265728" total="40265728" percent="100" />
    </mem>
    <pending-finalizers system="36" default="1" reference="7" classloader="0" />
    <remembered-set count="128" />
  </mem-info>
</gc-end>
<cycle-end id="106" type="scavenge" contextid="100" timestamp="2022-02-08T17:28:54.830" />
<allocation-satisfied id="107" threadId="0000000000016F00" bytesRequested="80" />
<af-end id="108" timestamp="2022-02-08T17:28:54.830" threadId="0000000000017908" success="true" from="nursery"/>
<exclusive-end id="109" timestamp="2022-02-08T17:28:54.830" durationms="66.313" />

<exclusive-start id="110" timestamp="2022-02-08T17:28:55.523" intervalms="759.041">
  <response-info timems="0.018" idlems="0.018" threads="0" lastid="0000000000016F00" lastname="main" />
</exclusive-start>
<af-start id="111" threadId="0000000000017908" totalBytesRequested="232" timestamp="2022-02-08T17:28:55.523" intervalms="759.042" type="nursery" />
<cycle-start id="112" type="scavenge" contextid="0" timestamp="2022-02-08T17:28:55.523" intervalms="759.043" />
<gc-start id="113" type="scavenge" contextid="112" timestamp="2022-02-08T17:28:55.523">
  <mem-info id="114" free="359908368" total="1073741824" percent="33">
    <mem type="nursery" free="0" total="268435456" percent="0">
      <mem type="allocate" free="0" total="150208512" percent="0" />
      <mem type="survivor" free="0" total="118226944" percent="0" />
    </mem>
    <mem type="tenure" free="359908368" total="805306368" percent="44">
      <mem type="soa" free="319642640" total="765040640" percent="41" />
      <mem type="loa" free="40265728" total="40265728" percent="100" />
    </mem>
    <remembered-set count="129" />
  </mem-info>
</gc-start>
<allocation-stats totalBytes="99959416" >
  <allocated-bytes non-tlh="2160200" tlh="97799216" />
  <largest-consumer threadName="main" threadId="0000000000016F00" bytes="99951224" />
</allocation-stats>
<gc-op id="115" type="scavenge" timems="66.371" contextid="112" timestamp="2022-02-08T17:28:55.589">
  <scavenger-info tenureage="1" tenuremask="7ffe" tiltratio="55" />
  <memory-copied type="nursery" objects="1244119" bytes="70922640" bytesdiscarded="167360" />
  <memory-copied type="tenure" objects="1005537" bytes="49585032" bytesdiscarded="21208" />
  <finalization candidates="73" enqueued="16" />
  <references type="phantom" candidates="40" cleared="0" enqueued="0" />
  <object-monitors candidates="2" cleared="0"  />
</gc-op>
<gc-end id="116" type="scavenge" contextid="112" durationms="66.541" usertimems="250.421" systemtimems="0.000" stalltimems="5.107" timestamp="2022-02-08T17:28:55.589" activeThreads="4">
  <mem-info id="117" free="404621120" total="1073741824" percent="37">
    <mem type="nursery" free="94322864" total="268435456" percent="35">
      <mem type="allocate" free="94322864" total="165412864" percent="57" />
      <mem type="survivor" free="0" total="103022592" percent="0" />
    </mem>
    <mem type="tenure" free="310298256" total="805306368" percent="38" macro-fragmented="143110048">
      <mem type="soa" free="270032528" total="765040640" percent="35" />
      <mem type="loa" free="40265728" total="40265728" percent="100" />
    </mem>
    <pending-finalizers system="16" default="0" reference="0" classloader="0" />
    <remembered-set count="105" />
  </mem-info>
</gc-end>
<cycle-end id="118" type="scavenge" contextid="112" timestamp="2022-02-08T17:28:55.589" />
<allocation-satisfied id="119" threadId="0000000000016F00" bytesRequested="232" />
<af-end id="120" timestamp="2022-02-08T17:28:55.589" threadId="0000000000017908" success="true" from="nursery"/>
<exclusive-end id="121" timestamp="2022-02-08T17:28:55.589" durationms="66.849" />

<exclusive-start id="122" timestamp="2022-02-08T17:28:56.264" intervalms="741.771">
  <response-info timems="0.019" idlems="0.019" threads="0" lastid="0000000000016F00" lastname="main" />
</exclusive-start>
<af-start id="123" threadId="0000000000017908" totalBytesRequested="120" timestamp="2022-02-08T17:28:56.264" intervalms="741.769" type="nursery" />
<cycle-start id="124" type="scavenge" contextid="0" timestamp="2022-02-08T17:28:56.264" intervalms="741.793" />
<gc-start id="125" type="scavenge" contextid="124" timestamp="2022-02-08T17:28:56.264">
  <mem-info id="126" free="310298256" total="1073741824" percent="28">
    <mem type="nursery" free="0" total="268435456" percent="0">
      <mem type="allocate" free="0" total="165412864" percent="0" />
      <mem type="survivor" free="0" total="103022592" percent="0" />
    </mem>
    <mem type="tenure" free="310298256" total="805306368" percent="38">
      <mem type="soa" free="270032528" total="765040640" percent="35" />
      <mem type="loa" free="40265728" total="40265728" percent="100" />
    </mem>
    <remembered-set count="105" />
  </mem-info>
</gc-start>
<allocation-stats totalBytes="94278816" >
  <allocated-bytes non-tlh="232" tlh="94278584" />
  <largest-consumer threadName="main" threadId="0000000000016F00" bytes="94274720" />
</allocation-stats>
<gc-op id="127" type="scavenge" timems="73.657" contextid="124" timestamp="2022-02-08T17:28:56.338">
  <scavenger-info tenureage="1" tenuremask="7ffe" tiltratio="61" />
  <memory-copied type="nursery" objects="1228980" bytes="67202032" bytesdiscarded="193824" />
  <memory-copied type="tenure" objects="1243926" bytes="70784912" bytesdiscarded="35680" />
  <finalization candidates="24" enqueued="0" />
  <object-monitors candidates="2" cleared="0"  />
</gc-op>
<gc-end id="128" type="scavenge" contextid="124" durationms="74.057" usertimems="277.860" systemtimems="6.254" stalltimems="2.954" timestamp="2022-02-08T17:28:56.339" activeThreads="4">
  <mem-info id="129" free="342662656" total="1073741824" percent="31">
    <mem type="nursery" free="103325424" total="268435456" percent="38">
      <mem type="allocate" free="103325424" total="170721280" percent="60" />
      <mem type="survivor" free="0" total="97714176" percent="0" />
    </mem>
    <mem type="tenure" free="239337232" total="805306368" percent="29" macro-fragmented="99381968">
      <mem type="soa" free="199071504" total="765040640" percent="26" />
      <mem type="loa" free="40265728" total="40265728" percent="100" />
    </mem>
    <remembered-set count="102" />
  </mem-info>
</gc-end>
<cycle-end id="130" type="scavenge" contextid="124" timestamp="2022-02-08T17:28:56.339" />
<allocation-satisfied id="131" threadId="0000000000016F00" bytesRequested="120" />
<af-end id="132" timestamp="2022-02-08T17:28:56.339" threadId="0000000000017908" success="true" from="nursery"/>
<exclusive-end id="133" timestamp="2022-02-08T17:28:56.339" durationms="74.464" />

<exclusive-start id="134" timestamp="2022-02-08T17:28:56.980" intervalms="715.297">
  <response-info timems="0.032" idlems="0.032" threads="0" lastid="0000000000016F00" lastname="main" />
</exclusive-start>
<af-start id="135" threadId="0000000000017908" totalBytesRequested="112" timestamp="2022-02-08T17:28:56.980" intervalms="715.636" type="nursery" />
<cycle-start id="136" type="scavenge" contextid="0" timestamp="2022-02-08T17:28:56.980" intervalms="715.719" />
<gc-start id="137" type="scavenge" contextid="136" timestamp="2022-02-08T17:28:56.980">
  <mem-info id="138" free="239337232" total="1073741824" percent="22">
    <mem type="nursery" free="0" total="268435456" percent="0">
      <mem type="allocate" free="0" total="170721280" percent="0" />
      <mem type="survivor" free="0" total="97714176" percent="0" />
    </mem>
    <mem type="tenure" free="239337232" total="805306368" percent="29">
      <mem type="soa" free="199071504" total="765040640" percent="26" />
      <mem type="loa" free="40265728" total="40265728" percent="100" />
    </mem>
    <remembered-set count="102" />
  </mem-info>
</gc-start>
<allocation-stats totalBytes="103280776" >
  <allocated-bytes non-tlh="120" tlh="103280656" />
  <largest-consumer threadName="main" threadId="0000000000016F00" bytes="103280776" />
</allocation-stats>
<gc-op id="139" type="scavenge" timems="81.757" contextid="136" timestamp="2022-02-08T17:28:57.062">
  <scavenger-info tenureage="1" tenuremask="7ffe" tiltratio="63" />
  <memory-copied type="nursery" objects="1292736" bytes="73437664" bytesdiscarded="182600" />
  <memory-copied type="tenure" objects="1228980" bytes="67202032" bytesdiscarded="33208" />
  <object-monitors candidates="2" cleared="0"  />
</gc-op>
<gc-end id="140" type="scavenge" contextid="136" durationms="82.082" usertimems="299.370" systemtimems="3.963" stalltimems="16.936" timestamp="2022-02-08T17:28:57.062" activeThreads="4">
  <mem-info id="141" free="278732216" total="1073741824" percent="25">
    <mem type="nursery" free="106407128" total="268435456" percent="39">
      <mem type="allocate" free="106407128" total="180027392" percent="59" />
      <mem type="survivor" free="0" total="88408064" percent="0" />
    </mem>
    <mem type="tenure" free="172325088" total="805306368" percent="21" macro-fragmented="116101116">
      <mem type="soa" free="132059360" total="765040640" percent="17" />
      <mem type="loa" free="40265728" total="40265728" percent="100" />
    </mem>
    <remembered-set count="102" />
  </mem-info>
</gc-end>
<cycle-end id="142" type="scavenge" contextid="136" timestamp="2022-02-08T17:28:57.062" />
<allocation-satisfied id="143" threadId="0000000000016F00" bytesRequested="112" />
<af-end id="144" timestamp="2022-02-08T17:28:57.062" threadId="0000000000017908" success="true" from="nursery"/>
<exclusive-end id="145" timestamp="2022-02-08T17:28:57.062" durationms="82.819" />

<concurrent-kickoff id="146" timestamp="2022-02-08T17:28:57.752">
  <kickoff reason="threshold reached" targetBytes="239014924" thresholdFreeBytes="33024922"  remainingFree="33021760" tenureFreeBytes="172325088" nurseryFreeBytes="33021760" />
</concurrent-kickoff>
<exclusive-start id="147" timestamp="2022-02-08T17:28:57.757" intervalms="777.259">
  <response-info timems="0.022" idlems="0.022" threads="0" lastid="0000000000016F00" lastname="main" />
</exclusive-start>
<cycle-start id="148" type="global" contextid="0" timestamp="2022-02-08T17:28:57.757" intervalms="11089.958" />
<concurrent-start id="149" type="global mark" contextid="148" timestamp="2022-02-08T17:28:57.757">
</concurrent-start>
<exclusive-end id="150" timestamp="2022-02-08T17:28:57.757" durationms="0.041" />

<exclusive-start id="151" timestamp="2022-02-08T17:28:58.111" intervalms="354.603">
  <response-info timems="0.038" idlems="0.038" threads="0" lastid="0000000000016F00" lastname="main" />
</exclusive-start>
<af-start id="152" threadId="0000000000017908" totalBytesRequested="104" timestamp="2022-02-08T17:28:58.112" intervalms="1131.525" type="nursery" />
<cycle-start id="153" type="scavenge" contextid="0" timestamp="2022-02-08T17:28:58.112" intervalms="1131.419" />
<gc-start id="154" type="scavenge" contextid="153" timestamp="2022-02-08T17:28:58.112">
  <mem-info id="155" free="172325088" total="1073741824" percent="16">
    <mem type="nursery" free="0" total="268435456" percent="0">
      <mem type="allocate" free="0" total="180027392" percent="0" />
      <mem type="survivor" free="0" total="88408064" percent="0" />
    </mem>
    <mem type="tenure" free="172325088" total="805306368" percent="21">
      <mem type="soa" free="132059360" total="765040640" percent="17" />
      <mem type="loa" free="40265728" total="40265728" percent="100" />
    </mem>
    <remembered-set count="133" />
  </mem-info>
</gc-start>
<allocation-stats totalBytes="106362456" >
  <allocated-bytes non-tlh="2938360" tlh="103424096" />
  <largest-consumer threadName="main" threadId="0000000000016F00" bytes="106362456" />
</allocation-stats>
<gc-op id="156" type="scavenge" timems="91.806" contextid="153" timestamp="2022-02-08T17:28:58.203">
  <scavenger-info tenureage="1" tenuremask="7ffe" tiltratio="67" />
  <memory-copied type="nursery" objects="1419144" bytes="74728968" bytesdiscarded="115416" />
  <memory-copied type="tenure" objects="1292736" bytes="73437664" bytesdiscarded="35632" />
  <finalization candidates="110" enqueued="53" />
  <references type="soft" candidates="14" cleared="0" enqueued="0" dynamicThreshold="32" maxThreshold="32" />
  <references type="weak" candidates="1" cleared="0" enqueued="0" />
  <references type="phantom" candidates="95" cleared="7" enqueued="7" />
  <object-monitors candidates="2" cleared="0"  />
</gc-op>
<gc-end id="157" type="scavenge" contextid="153" durationms="91.935" usertimems="345.996" systemtimems="4.750" stalltimems="1.509" timestamp="2022-02-08T17:28:58.204" activeThreads="4">
  <mem-info id="158" free="208906880" total="1073741824" percent="19">
    <mem type="nursery" free="110229152" total="268435456" percent="41">
      <mem type="allocate" free="110229152" total="185073664" percent="59" />
      <mem type="survivor" free="0" total="83361792" percent="0" />
    </mem>
    <mem type="tenure" free="98677728" total="805306368" percent="12" macro-fragmented="97452084">
      <mem type="soa" free="58412000" total="765040640" percent="7" />
      <mem type="loa" free="40265728" total="40265728" percent="100" />
    </mem>
    <pending-finalizers system="52" default="1" reference="7" classloader="0" />
    <remembered-set count="129" />
  </mem-info>
</gc-end>
<cycle-end id="159" type="scavenge" contextid="153" timestamp="2022-02-08T17:28:58.204" />
<allocation-satisfied id="160" threadId="0000000000016F00" bytesRequested="104" />
<af-end id="161" timestamp="2022-02-08T17:28:58.204" threadId="0000000000017908" success="true" from="nursery"/>
<exclusive-end id="162" timestamp="2022-02-08T17:28:58.204" durationms="92.250" />

<concurrent-end id="163" type="global mark" contextid="148" timestamp="2022-02-08T17:28:58.218">
<gc-op id="164" type="trace" timems="461.051" contextid="148" timestamp="2022-02-08T17:28:58.218">
  <trace bytesTraced="74509996" workStackOverflowCount="0" />
  <card-cleaning reason="card cleaning threshold reached" bytesTraced="480" cardsCleaned="2" />
</gc-op>
</concurrent-end>

<exclusive-start id="165" timestamp="2022-02-08T17:28:58.218" intervalms="106.520">
  <response-info timems="0.019" idlems="0.019" threads="0" lastid="0000000000016F00" lastname="main" />
</exclusive-start>
<concurrent-global-final id="166" timestamp="2022-02-08T17:28:58.218" contextid="148" intervalms="11551.083" >
  <concurrent-trace-info reason="card cleaning threshold reached" tracedByMutators="51152056" tracedByHelpers="23358420" cardsCleaned="2" workStackOverflowCount="0" />
</concurrent-global-final>
<gc-start id="167" type="global" contextid="148" timestamp="2022-02-08T17:28:58.218">
  <mem-info id="168" free="207358488" total="1073741824" percent="19">
    <mem type="nursery" free="108680760" total="268435456" percent="40">
      <mem type="allocate" free="108680760" total="185073664" percent="58" />
      <mem type="survivor" free="0" total="83361792" percent="0" />
    </mem>
    <mem type="tenure" free="98677728" total="805306368" percent="12">
      <mem type="soa" free="58412000" total="765040640" percent="7" />
      <mem type="loa" free="40265728" total="40265728" percent="100" />
    </mem>
    <remembered-set count="130" />
  </mem-info>
</gc-start>
<allocation-stats totalBytes="1547352" >
  <allocated-bytes non-tlh="104" tlh="1547248" />
  <largest-consumer threadName="main" threadId="0000000000016F00" bytes="1539160" />
</allocation-stats>
<gc-op id="169" type="rs-scan" timems="132.209" contextid="148" timestamp="2022-02-08T17:28:58.350">
  <scan objectsFound="3324715" bytesTraced="71010176" workStackOverflowCount="0" />
</gc-op>
<gc-op id="170" type="card-cleaning" timems="0.296" contextid="148" timestamp="2022-02-08T17:28:58.351">
  <card-cleaning cardsCleaned="5" bytesTraced="3840" workStackOverflowCount="0" />
</gc-op>
<gc-op id="171" type="mark" timems="31.971" contextid="148" timestamp="2022-02-08T17:28:58.383">
  <trace-info objectcount="823932" scancount="619475" scanbytes="13283208" />
  <finalization candidates="428" enqueued="57" />
  <ownableSynchronizers candidates="1" cleared="0" />
  <references type="soft" candidates="1063" cleared="0" enqueued="0" dynamicThreshold="32" maxThreshold="32" />
  <references type="weak" candidates="1793" cleared="92" enqueued="46" />
  <references type="phantom" candidates="55" cleared="5" enqueued="5" />
  <stringconstants candidates="6463" cleared="1"  />
  <object-monitors candidates="2" cleared="0"  />
</gc-op>
<gc-op id="172" type="classunload" timems="0.005" contextid="148" timestamp="2022-02-08T17:28:58.383">
  <classunload-info classloadercandidates="6" classloadersunloaded="0" classesunloaded="0" anonymousclassesunloaded="0" quiescems="0.000" setupms="0.004" scanms="0.000" postms="0.001" />
</gc-op>
<gc-op id="173" type="sweep" timems="7.913" contextid="148" timestamp="2022-02-08T17:28:58.391" />
<gc-end id="174" type="global" contextid="148" durationms="172.610" usertimems="183.070" systemtimems="0.601" stalltimems="104.620" timestamp="2022-02-08T17:28:58.391" activeThreads="4">
  <mem-info id="175" free="453290856" total="1073741824" percent="42">
    <mem type="nursery" free="109363456" total="268435456" percent="40">
      <mem type="allocate" free="109363456" total="185073664" percent="59" />
      <mem type="survivor" free="0" total="83361792" percent="0" />
    </mem>
    <mem type="tenure" free="343927400" total="805306368" percent="42" micro-fragmented="304910" macro-fragmented="0">
      <mem type="soa" free="303661672" total="765040640" percent="39" />
      <mem type="loa" free="40265728" total="40265728" percent="100" />
    </mem>
    <pending-finalizers system="57" default="0" reference="51" classloader="0" />
    <remembered-set count="112" />
  </mem-info>
</gc-end>
<cycle-end id="176" type="global" contextid="148" timestamp="2022-02-08T17:28:58.391" />
<exclusive-end id="177" timestamp="2022-02-08T17:28:58.391" durationms="172.799" />

<exclusive-start id="178" timestamp="2022-02-08T17:28:59.139" intervalms="921.119">
  <response-info timems="0.022" idlems="0.022" threads="0" lastid="0000000000016F00" lastname="main" />
</exclusive-start>
<af-start id="179" threadId="0000000000017908" totalBytesRequested="208" timestamp="2022-02-08T17:28:59.139" intervalms="1027.640" type="nursery" />
<cycle-start id="180" type="scavenge" contextid="0" timestamp="2022-02-08T17:28:59.139" intervalms="1027.639" />
<gc-start id="181" type="scavenge" contextid="180" timestamp="2022-02-08T17:28:59.139">
  <mem-info id="182" free="343927352" total="1073741824" percent="32">
    <mem type="nursery" free="0" total="268435456" percent="0">
      <mem type="allocate" free="0" total="185073664" percent="0" />
      <mem type="survivor" free="0" total="83361792" percent="0" />
    </mem>
    <mem type="tenure" free="343927352" total="805306368" percent="42">
      <mem type="soa" free="303661624" total="765040640" percent="39" />
      <mem type="loa" free="40265728" total="40265728" percent="100" />
    </mem>
    <remembered-set count="164" />
  </mem-info>
</gc-start>
<allocation-stats totalBytes="109313808" >
  <allocated-bytes non-tlh="48" tlh="109313760" />
  <largest-consumer threadName="main" threadId="0000000000016F00" bytes="109301488" />
</allocation-stats>
<gc-op id="183" type="scavenge" timems="79.983" contextid="180" timestamp="2022-02-08T17:28:59.219">
  <scavenger-info tenureage="1" tenuremask="7ffe" tiltratio="68" />
  <memory-copied type="nursery" objects="1432338" bytes="78901528" bytesdiscarded="306152" />
  <memory-copied type="tenure" objects="1418429" bytes="74261032" bytesdiscarded="38832" />
  <finalization candidates="57" enqueued="0" />
  <ownableSynchronizers candidates="2" cleared="2" />
  <object-monitors candidates="2" cleared="0"  />
</gc-op>
<gc-end id="184" type="scavenge" contextid="180" durationms="80.224" usertimems="316.363" systemtimems="0.000" stalltimems="2.829" timestamp="2022-02-08T17:28:59.219" activeThreads="4">
  <mem-info id="185" free="370301992" total="1073741824" percent="34">
    <mem type="nursery" free="100754176" total="268435456" percent="37">
      <mem type="allocate" free="100754176" total="179961856" percent="55" />
      <mem type="survivor" free="0" total="88473600" percent="0" />
    </mem>
    <mem type="tenure" free="269547816" total="805306368" percent="33" macro-fragmented="0">
      <mem type="soa" free="229282088" total="765040640" percent="29" />
      <mem type="loa" free="40265728" total="40265728" percent="100" />
    </mem>
    <remembered-set count="154" />
  </mem-info>
</gc-end>
<cycle-end id="186" type="scavenge" contextid="180" timestamp="2022-02-08T17:28:59.220" />
<allocation-satisfied id="187" threadId="0000000000016F00" bytesRequested="208" />
<af-end id="188" timestamp="2022-02-08T17:28:59.220" threadId="0000000000017908" success="true" from="nursery"/>
<exclusive-end id="189" timestamp="2022-02-08T17:28:59.220" durationms="80.521" />

<exclusive-start id="190" timestamp="2022-02-08T17:28:59.827" intervalms="688.136">
  <response-info timems="0.017" idlems="0.017" threads="0" lastid="0000000000016F00" lastname="main" />
</exclusive-start>
<af-start id="191" threadId="0000000000017908" totalBytesRequested="184" timestamp="2022-02-08T17:28:59.827" intervalms="688.134" type="nursery" />
<cycle-start id="192" type="scavenge" contextid="0" timestamp="2022-02-08T17:28:59.827" intervalms="688.133" />
<gc-start id="193" type="scavenge" contextid="192" timestamp="2022-02-08T17:28:59.827">
  <mem-info id="194" free="269547816" total="1073741824" percent="25">
    <mem type="nursery" free="0" total="268435456" percent="0">
      <mem type="allocate" free="0" total="179961856" percent="0" />
      <mem type="survivor" free="0" total="88473600" percent="0" />
    </mem>
    <mem type="tenure" free="269547816" total="805306368" percent="33">
      <mem type="soa" free="229282088" total="765040640" percent="29" />
      <mem type="loa" free="40265728" total="40265728" percent="100" />
    </mem>
    <remembered-set count="154" />
  </mem-info>
</gc-start>
<allocation-stats totalBytes="100707912" >
  <allocated-bytes non-tlh="208" tlh="100707704" />
  <largest-consumer threadName="main" threadId="0000000000016F00" bytes="100707912" />
</allocation-stats>
<gc-op id="195" type="scavenge" timems="73.675" contextid="192" timestamp="2022-02-08T17:28:59.901">
  <scavenger-info tenureage="1" tenuremask="7ffe" tiltratio="67" />
  <memory-copied type="nursery" objects="1249677" bytes="71540848" bytesdiscarded="123440" />
  <memory-copied type="tenure" objects="1432337" bytes="78901416" bytesdiscarded="40400" />
  <object-monitors candidates="2" cleared="0"  />
</gc-op>
<gc-end id="196" type="scavenge" contextid="192" durationms="73.904" usertimems="291.135" systemtimems="0.000" stalltimems="2.554" timestamp="2022-02-08T17:28:59.901" activeThreads="4">
  <mem-info id="197" free="299305768" total="1073741824" percent="27">
    <mem type="nursery" free="108952928" total="268435456" percent="40">
      <mem type="allocate" free="108952928" total="180617216" percent="60" />
      <mem type="survivor" free="0" total="87818240" percent="0" />
    </mem>
    <mem type="tenure" free="190352840" total="805306368" percent="23" macro-fragmented="0">
      <mem type="soa" free="150087112" total="765040640" percent="19" />
      <mem type="loa" free="40265728" total="40265728" percent="100" />
    </mem>
    <remembered-set count="153" />
  </mem-info>
</gc-end>
<cycle-end id="198" type="scavenge" contextid="192" timestamp="2022-02-08T17:28:59.901" />
<allocation-satisfied id="199" threadId="0000000000016F00" bytesRequested="184" />
<af-end id="200" timestamp="2022-02-08T17:28:59.901" threadId="0000000000017908" success="true" from="nursery"/>
<exclusive-end id="201" timestamp="2022-02-08T17:28:59.901" durationms="74.197" />

<concurrent-kickoff id="202" timestamp="2022-02-08T17:29:00.650">
  <kickoff reason="threshold reached" targetBytes="204761167" thresholdFreeBytes="27412960"  remainingFree="27370448" tenureFreeBytes="190352840" nurseryFreeBytes="27370448" />
</concurrent-kickoff>
<exclusive-start id="203" timestamp="2022-02-08T17:29:00.654" intervalms="826.528">
  <response-info timems="0.053" idlems="0.053" threads="0" lastid="0000000000016F00" lastname="main" />
</exclusive-start>
<cycle-start id="204" type="global" contextid="0" timestamp="2022-02-08T17:29:00.654" intervalms="2896.897" />
<concurrent-start id="205" type="global mark" contextid="204" timestamp="2022-02-08T17:29:00.654">
</concurrent-start>
<exclusive-end id="206" timestamp="2022-02-08T17:29:00.654" durationms="0.029" />

<concurrent-end id="207" type="global mark" contextid="204" timestamp="2022-02-08T17:29:00.980">
<gc-op id="208" type="trace" timems="326.119" contextid="204" timestamp="2022-02-08T17:29:00.980">
  <trace bytesTraced="74510748" workStackOverflowCount="0" />
  <card-cleaning reason="card cleaning threshold reached" bytesTraced="480" cardsCleaned="2" />
</gc-op>
</concurrent-end>

<exclusive-start id="209" timestamp="2022-02-08T17:29:00.980" intervalms="326.188">
  <response-info timems="0.018" idlems="0.018" threads="0" lastid="0000000000016F00" lastname="main" />
</exclusive-start>
<concurrent-global-final id="210" timestamp="2022-02-08T17:29:00.980" contextid="204" intervalms="2761.990" >
  <concurrent-trace-info reason="card cleaning threshold reached" tracedByMutators="55059728" tracedByHelpers="19451500" cardsCleaned="2" workStackOverflowCount="0" />
</concurrent-global-final>
<gc-start id="211" type="global" contextid="204" timestamp="2022-02-08T17:29:00.980">
  <mem-info id="212" free="190460312" total="1073741824" percent="17">
    <mem type="nursery" free="107472" total="268435456" percent="0">
      <mem type="allocate" free="107472" total="180617216" percent="0" />
      <mem type="survivor" free="0" total="87818240" percent="0" />
    </mem>
    <mem type="tenure" free="190352840" total="805306368" percent="23">
      <mem type="soa" free="150087112" total="765040640" percent="19" />
      <mem type="loa" free="40265728" total="40265728" percent="100" />
    </mem>
    <remembered-set count="183" />
  </mem-info>
</gc-start>
<allocation-stats totalBytes="108796000" >
  <allocated-bytes non-tlh="1661328" tlh="107134672" />
  <largest-consumer threadName="main" threadId="0000000000016F00" bytes="108796000" />
</allocation-stats>
<gc-op id="213" type="rs-scan" timems="130.364" contextid="204" timestamp="2022-02-08T17:29:01.110">
  <scan objectsFound="3324841" bytesTraced="71017212" workStackOverflowCount="0" />
</gc-op>
<gc-op id="214" type="card-cleaning" timems="0.575" contextid="204" timestamp="2022-02-08T17:29:01.111">
  <card-cleaning cardsCleaned="1" bytesTraced="424" workStackOverflowCount="0" />
</gc-op>
<gc-op id="215" type="mark" timems="20.226" contextid="204" timestamp="2022-02-08T17:29:01.131">
  <trace-info objectcount="546128" scancount="411202" scanbytes="8846600" />
  <finalization candidates="480" enqueued="110" />
  <ownableSynchronizers candidates="1" cleared="0" />
  <references type="soft" candidates="1063" cleared="0" enqueued="0" dynamicThreshold="13" maxThreshold="32" />
  <references type="weak" candidates="1701" cleared="0" enqueued="0" />
  <references type="phantom" candidates="115" cleared="8" enqueued="8" />
  <stringconstants candidates="6463" cleared="0"  />
  <object-monitors candidates="2" cleared="0"  />
</gc-op>
<gc-op id="216" type="sweep" timems="5.475" contextid="204" timestamp="2022-02-08T17:29:01.137" />
<gc-end id="217" type="global" contextid="204" durationms="156.852" usertimems="172.914" systemtimems="0.904" stalltimems="61.044" timestamp="2022-02-08T17:29:01.137" activeThreads="4">
  <mem-info id="218" free="436274472" total="1073741824" percent="40">
    <mem type="nursery" free="2862520" total="268435456" percent="1">
      <mem type="allocate" free="2862520" total="180617216" percent="1" />
      <mem type="survivor" free="0" total="87818240" percent="0" />
    </mem>
    <mem type="tenure" free="433411952" total="805306368" percent="53" micro-fragmented="282891" macro-fragmented="206078480">
      <mem type="soa" free="393146224" total="765040640" percent="51" />
      <mem type="loa" free="40265728" total="40265728" percent="100" />
    </mem>
    <pending-finalizers system="109" default="1" reference="8" classloader="0" />
    <remembered-set count="158" />
  </mem-info>
</gc-end>
<cycle-end id="219" type="global" contextid="204" timestamp="2022-02-08T17:29:01.137" />
<exclusive-end id="220" timestamp="2022-02-08T17:29:01.137" durationms="157.096" />

<exclusive-start id="221" timestamp="2022-02-08T17:29:01.155" intervalms="174.784">
  <response-info timems="0.016" idlems="0.016" threads="0" lastid="0000000000016F00" lastname="main" />
</exclusive-start>
<af-start id="222" threadId="0000000000017908" totalBytesRequested="232" timestamp="2022-02-08T17:29:01.155" intervalms="1327.478" type="nursery" />
<cycle-start id="223" type="scavenge" contextid="0" timestamp="2022-02-08T17:29:01.155" intervalms="1327.475" />
<gc-start id="224" type="scavenge" contextid="223" timestamp="2022-02-08T17:29:01.155">
  <mem-info id="225" free="433411952" total="1073741824" percent="40">
    <mem type="nursery" free="0" total="268435456" percent="0">
      <mem type="allocate" free="0" total="180617216" percent="0" />
      <mem type="survivor" free="0" total="87818240" percent="0" />
    </mem>
    <mem type="tenure" free="433411952" total="805306368" percent="53">
      <mem type="soa" free="393146224" total="765040640" percent="51" />
      <mem type="loa" free="40265728" total="40265728" percent="100" />
    </mem>
    <remembered-set count="160" />
  </mem-info>
</gc-start>
<allocation-stats totalBytes="2852120" >
  <allocated-bytes non-tlh="0" tlh="2852120" />
  <largest-consumer threadName="main" threadId="0000000000016F00" bytes="2835744" />
</allocation-stats>
<gc-op id="226" type="scavenge" timems="76.298" contextid="223" timestamp="2022-02-08T17:29:01.231">
  <scavenger-info tenureage="1" tenuremask="7ffe" tiltratio="67" />
  <memory-copied type="nursery" objects="1520371" bytes="78078704" bytesdiscarded="228168" />
  <memory-copied type="tenure" objects="1249676" bytes="71540744" bytesdiscarded="35208" />
  <finalization candidates="56" enqueued="0" />
  <ownableSynchronizers candidates="2" cleared="2" />
  <references type="soft" candidates="14" cleared="0" enqueued="0" dynamicThreshold="17" maxThreshold="32" />
  <references type="weak" candidates="1" cleared="0" enqueued="0" />
  <references type="phantom" candidates="30" cleared="1" enqueued="1" />
  <object-monitors candidates="2" cleared="0"  />
</gc-op>
<gc-end id="227" type="scavenge" contextid="223" durationms="76.468" usertimems="299.186" systemtimems="0.000" stalltimems="2.761" timestamp="2022-02-08T17:29:01.231" activeThreads="4">
  <mem-info id="228" free="460961320" total="1073741824" percent="42">
    <mem type="nursery" free="99426696" total="268435456" percent="37">
      <mem type="allocate" free="99426696" total="177733632" percent="55" />
      <mem type="survivor" free="0" total="90701824" percent="0" />
    </mem>
    <mem type="tenure" free="361534624" total="805306368" percent="44" macro-fragmented="119258368">
      <mem type="soa" free="321268896" total="765040640" percent="41" />
      <mem type="loa" free="40265728" total="40265728" percent="100" />
    </mem>
    <pending-finalizers system="0" default="0" reference="1" classloader="0" />
    <remembered-set count="111" />
  </mem-info>
</gc-end>
<cycle-end id="229" type="scavenge" contextid="223" timestamp="2022-02-08T17:29:01.231" />
<allocation-satisfied id="230" threadId="0000000000016F00" bytesRequested="232" />
<af-end id="231" timestamp="2022-02-08T17:29:01.231" threadId="0000000000017908" success="true" from="nursery"/>
<exclusive-end id="232" timestamp="2022-02-08T17:29:01.231" durationms="76.734" />

<exclusive-start id="233" timestamp="2022-02-08T17:29:01.924" intervalms="769.024">
  <response-info timems="0.019" idlems="0.019" threads="0" lastid="0000000000016F00" lastname="main" />
</exclusive-start>
<af-start id="234" threadId="0000000000017908" totalBytesRequested="112" timestamp="2022-02-08T17:29:01.924" intervalms="769.050" type="nursery" />
<cycle-start id="235" type="scavenge" contextid="0" timestamp="2022-02-08T17:29:01.924" intervalms="769.053" />
<gc-start id="236" type="scavenge" contextid="235" timestamp="2022-02-08T17:29:01.924">
  <mem-info id="237" free="361534624" total="1073741824" percent="33">
    <mem type="nursery" free="0" total="268435456" percent="0">
      <mem type="allocate" free="0" total="177733632" percent="0" />
      <mem type="survivor" free="0" total="90701824" percent="0" />
    </mem>
    <mem type="tenure" free="361534624" total="805306368" percent="44">
      <mem type="soa" free="321268896" total="765040640" percent="41" />
      <mem type="loa" free="40265728" total="40265728" percent="100" />
    </mem>
    <remembered-set count="112" />
  </mem-info>
</gc-start>
<allocation-stats totalBytes="99382768" >
  <allocated-bytes non-tlh="1347912" tlh="98034856" />
  <largest-consumer threadName="main" threadId="0000000000016F00" bytes="99382768" />
</allocation-stats>
<gc-op id="238" type="scavenge" timems="79.337" contextid="235" timestamp="2022-02-08T17:29:02.003">
  <scavenger-info tenureage="1" tenuremask="7ffe" tiltratio="66" />
  <memory-copied type="nursery" objects="1257269" bytes="71184576" bytesdiscarded="183968" />
  <memory-copied type="tenure" objects="1520359" bytes="77603208" bytesdiscarded="35200" />
  <finalization candidates="57" enqueued="0" />
  <references type="phantom" candidates="1" cleared="0" enqueued="0" />
  <object-monitors candidates="2" cleared="0"  />
</gc-op>
<gc-end id="239" type="scavenge" contextid="235" durationms="81.098" usertimems="310.628" systemtimems="0.000" stalltimems="4.895" timestamp="2022-02-08T17:29:02.005" activeThreads="4">
  <mem-info id="240" free="391662232" total="1073741824" percent="36">
    <mem type="nursery" free="107610272" total="268435456" percent="40">
      <mem type="allocate" free="107610272" total="178978816" percent="60" />
      <mem type="survivor" free="0" total="89456640" percent="0" />
    </mem>
    <mem type="tenure" free="284051960" total="805306368" percent="35" macro-fragmented="0">
      <mem type="soa" free="243786232" total="765040640" percent="31" />
      <mem type="loa" free="40265728" total="40265728" percent="100" />
    </mem>
    <remembered-set count="102" />
  </mem-info>
</gc-end>
<cycle-end id="241" type="scavenge" contextid="235" timestamp="2022-02-08T17:29:02.005" />
<allocation-satisfied id="242" threadId="0000000000016F00" bytesRequested="112" />
<af-end id="243" timestamp="2022-02-08T17:29:02.005" threadId="0000000000017908" success="true" from="nursery"/>
<exclusive-end id="244" timestamp="2022-02-08T17:29:02.005" durationms="81.434" />

<exclusive-start id="245" timestamp="2022-02-08T17:29:02.691" intervalms="766.865">
  <response-info timems="0.032" idlems="0.032" threads="0" lastid="0000000000016F00" lastname="main" />
</exclusive-start>
<af-start id="246" threadId="0000000000017908" totalBytesRequested="192" timestamp="2022-02-08T17:29:02.691" intervalms="766.862" type="nursery" />
<cycle-start id="247" type="scavenge" contextid="0" timestamp="2022-02-08T17:29:02.691" intervalms="766.863" />
<gc-start id="248" type="scavenge" contextid="247" timestamp="2022-02-08T17:29:02.691">
  <mem-info id="249" free="284051960" total="1073741824" percent="26">
    <mem type="nursery" free="0" total="268435456" percent="0">
      <mem type="allocate" free="0" total="178978816" percent="0" />
      <mem type="survivor" free="0" total="89456640" percent="0" />
    </mem>
    <mem type="tenure" free="284051960" total="805306368" percent="35">
      <mem type="soa" free="243786232" total="765040640" percent="31" />
      <mem type="loa" free="40265728" total="40265728" percent="100" />
    </mem>
    <remembered-set count="102" />
  </mem-info>
</gc-start>
<allocation-stats totalBytes="107559712" >
  <allocated-bytes non-tlh="112" tlh="107559600" />
  <largest-consumer threadName="main" threadId="0000000000016F00" bytes="107559712" />
</allocation-stats>
<gc-op id="250" type="scavenge" timems="77.653" contextid="247" timestamp="2022-02-08T17:29:02.768">
  <scavenger-info tenureage="1" tenuremask="7ffe" tiltratio="66" />
  <memory-copied type="nursery" objects="1357689" bytes="76499024" bytesdiscarded="159544" />
  <memory-copied type="tenure" objects="1257269" bytes="71184576" bytesdiscarded="34136" />
  <finalization candidates="1" enqueued="0" />
  <object-monitors candidates="2" cleared="0"  />
</gc-op>
<gc-end id="251" type="scavenge" contextid="247" durationms="77.918" usertimems="304.798" systemtimems="0.125" stalltimems="3.199" timestamp="2022-02-08T17:29:02.769" activeThreads="4">
  <mem-info id="252" free="316007168" total="1073741824" percent="29">
    <mem type="nursery" free="103172216" total="268435456" percent="38">
      <mem type="allocate" free="103172216" total="179830784" percent="57" />
      <mem type="survivor" free="0" total="88604672" percent="0" />
    </mem>
    <mem type="tenure" free="212834952" total="805306368" percent="26" macro-fragmented="0">
      <mem type="soa" free="172569224" total="765040640" percent="22" />
      <mem type="loa" free="40265728" total="40265728" percent="100" />
    </mem>
    <remembered-set count="102" />
  </mem-info>
</gc-end>
<cycle-end id="253" type="scavenge" contextid="247" timestamp="2022-02-08T17:29:02.769" />
<allocation-satisfied id="254" threadId="0000000000016F00" bytesRequested="192" />
<af-end id="255" timestamp="2022-02-08T17:29:02.769" threadId="0000000000017908" success="true" from="nursery"/>
<exclusive-end id="256" timestamp="2022-02-08T17:29:02.769" durationms="78.208" />

<concurrent-kickoff id="257" timestamp="2022-02-08T17:29:03.336">
  <kickoff reason="threshold reached" targetBytes="177764187" thresholdFreeBytes="22974856"  remainingFree="22928240" tenureFreeBytes="212834952" nurseryFreeBytes="22928240" />
</concurrent-kickoff>
<exclusive-start id="258" timestamp="2022-02-08T17:29:03.341" intervalms="650.123">
  <response-info timems="0.019" idlems="0.019" threads="0" lastid="0000000000016F00" lastname="main" />
</exclusive-start>
<cycle-start id="259" type="global" contextid="0" timestamp="2022-02-08T17:29:03.341" intervalms="2686.984" />
<concurrent-start id="260" type="global mark" contextid="259" timestamp="2022-02-08T17:29:03.341">
</concurrent-start>
<exclusive-end id="261" timestamp="2022-02-08T17:29:03.341" durationms="0.028" />

<concurrent-end id="262" type="global mark" contextid="259" timestamp="2022-02-08T17:29:03.860">
<gc-op id="263" type="trace" timems="518.775" contextid="259" timestamp="2022-02-08T17:29:03.860">
  <trace bytesTraced="156409976" workStackOverflowCount="0" />
  <card-cleaning reason="card cleaning threshold reached" bytesTraced="20456" cardsCleaned="49" />
</gc-op>
</concurrent-end>

<exclusive-start id="264" timestamp="2022-02-08T17:29:03.860" intervalms="518.848">
  <response-info timems="0.019" idlems="0.019" threads="0" lastid="0000000000016F00" lastname="main" />
</exclusive-start>
<concurrent-global-final id="265" timestamp="2022-02-08T17:29:03.860" contextid="259" intervalms="2879.632" >
  <concurrent-trace-info reason="card cleaning threshold reached" tracedByMutators="72056516" tracedByHelpers="84373916" cardsCleaned="49" workStackOverflowCount="0" />
</concurrent-global-final>
<gc-start id="266" type="global" contextid="259" timestamp="2022-02-08T17:29:03.860">
  <mem-info id="267" free="214160288" total="1073741824" percent="19">
    <mem type="nursery" free="1325336" total="268435456" percent="0">
      <mem type="allocate" free="1325336" total="179830784" percent="0" />
      <mem type="survivor" free="0" total="88604672" percent="0" />
    </mem>
    <mem type="tenure" free="212834952" total="805306368" percent="26">
      <mem type="soa" free="172569224" total="765040640" percent="22" />
      <mem type="loa" free="40265728" total="40265728" percent="100" />
    </mem>
    <remembered-set count="133" />
  </mem-info>
</gc-start>
<allocation-stats totalBytes="101804968" >
  <allocated-bytes non-tlh="1186208" tlh="100618760" />
  <largest-consumer threadName="main" threadId="0000000000016F00" bytes="101804968" />
</allocation-stats>
<gc-op id="268" type="rs-scan" timems="139.410" contextid="259" timestamp="2022-02-08T17:29:03.999">
  <scan objectsFound="2817256" bytesTraced="60130516" workStackOverflowCount="0" />
</gc-op>
<gc-op id="269" type="card-cleaning" timems="0.667" contextid="259" timestamp="2022-02-08T17:29:04.000">
  <card-cleaning cardsCleaned="2" bytesTraced="936" workStackOverflowCount="0" />
</gc-op>
<gc-op id="270" type="mark" timems="6.197" contextid="259" timestamp="2022-02-08T17:29:04.006">
  <trace-info objectcount="174924" scancount="132737" scanbytes="2899544" />
  <finalization candidates="479" enqueued="53" />
  <ownableSynchronizers candidates="1" cleared="0" />
  <references type="soft" candidates="1077" cleared="0" enqueued="0" dynamicThreshold="17" maxThreshold="32" />
  <references type="weak" candidates="1702" cleared="0" enqueued="0" />
  <references type="phantom" candidates="143" cleared="7" enqueued="7" />
  <stringconstants candidates="6463" cleared="0"  />
  <object-monitors candidates="2" cleared="0"  />
</gc-op>
<gc-op id="271" type="sweep" timems="7.890" contextid="259" timestamp="2022-02-08T17:29:04.014" />
<gc-end id="272" type="global" contextid="259" durationms="154.346" usertimems="171.424" systemtimems="0.192" stalltimems="17.525" timestamp="2022-02-08T17:29:04.014" activeThreads="4">
  <mem-info id="273" free="218763608" total="1073741824" percent="20">
    <mem type="nursery" free="3942176" total="268435456" percent="1">
      <mem type="allocate" free="3942176" total="179830784" percent="2" />
      <mem type="survivor" free="0" total="88604672" percent="0" />
    </mem>
    <mem type="tenure" free="214821432" total="805306368" percent="26" micro-fragmented="432479" macro-fragmented="171732064">
      <mem type="soa" free="174555704" total="765040640" percent="22" />
      <mem type="loa" free="40265728" total="40265728" percent="100" />
    </mem>
    <pending-finalizers system="52" default="1" reference="7" classloader="0" />
    <remembered-set count="128" />
  </mem-info>
</gc-end>
<cycle-end id="274" type="global" contextid="259" timestamp="2022-02-08T17:29:04.014" />
<exclusive-end id="275" timestamp="2022-02-08T17:29:04.014" durationms="154.611" />

<concurrent-kickoff id="276" timestamp="2022-02-08T17:29:04.014">
  <kickoff reason="threshold reached" targetBytes="172836529" thresholdFreeBytes="21289748"  remainingFree="3941000" tenureFreeBytes="214821432" nurseryFreeBytes="3941000" />
</concurrent-kickoff>
<exclusive-start id="277" timestamp="2022-02-08T17:29:04.018" intervalms="158.177">
  <response-info timems="0.018" idlems="0.018" threads="0" lastid="0000000000016F00" lastname="main" />
</exclusive-start>
<cycle-start id="278" type="global" contextid="0" timestamp="2022-02-08T17:29:04.018" intervalms="677.022" />
<concurrent-start id="279" type="global mark" contextid="278" timestamp="2022-02-08T17:29:04.018">
</concurrent-start>
<exclusive-end id="280" timestamp="2022-02-08T17:29:04.018" durationms="0.023" />

<exclusive-start id="281" timestamp="2022-02-08T17:29:04.130" intervalms="112.114">
  <response-info timems="0.016" idlems="0.016" threads="0" lastid="0000000000016F00" lastname="main" />
</exclusive-start>
<af-start id="282" threadId="0000000000017908" totalBytesRequested="475128" timestamp="2022-02-08T17:29:04.130" intervalms="1439.265" type="nursery" />
<cycle-start id="283" type="scavenge" contextid="0" timestamp="2022-02-08T17:29:04.130" intervalms="1439.264" />
<gc-start id="284" type="scavenge" contextid="283" timestamp="2022-02-08T17:29:04.130">
  <mem-info id="285" free="215097968" total="1073741824" percent="20">
    <mem type="nursery" free="276536" total="268435456" percent="0">
      <mem type="allocate" free="276536" total="179830784" percent="0" />
      <mem type="survivor" free="0" total="88604672" percent="0" />
    </mem>
    <mem type="tenure" free="214821432" total="805306368" percent="26">
      <mem type="soa" free="174555704" total="765040640" percent="22" />
      <mem type="loa" free="40265728" total="40265728" percent="100" />
    </mem>
    <remembered-set count="129" />
  </mem-info>
</gc-start>
<allocation-stats totalBytes="3653848" >
  <allocated-bytes non-tlh="0" tlh="3653848" />
  <largest-consumer threadName="main" threadId="0000000000016F00" bytes="3651688" />
</allocation-stats>
<gc-op id="286" type="scavenge" timems="84.097" contextid="283" timestamp="2022-02-08T17:29:04.214">
  <scavenger-info tenureage="1" tenuremask="7ffe" tiltratio="66" />
  <memory-copied type="nursery" objects="1461606" bytes="73513504" bytesdiscarded="148816" />
  <memory-copied type="tenure" objects="1357688" bytes="76498920" bytesdiscarded="39032" />
  <finalization candidates="56" enqueued="0" />
  <ownableSynchronizers candidates="2" cleared="2" />
  <references type="soft" candidates="14" cleared="0" enqueued="0" dynamicThreshold="8" maxThreshold="32" />
  <references type="weak" candidates="1" cleared="0" enqueued="0" />
  <references type="phantom" candidates="30" cleared="1" enqueued="1" />
  <object-monitors candidates="2" cleared="0"  />
</gc-op>
<gc-end id="287" type="scavenge" contextid="283" durationms="84.339" usertimems="327.821" systemtimems="0.115" stalltimems="3.041" timestamp="2022-02-08T17:29:04.214" activeThreads="4">
  <mem-info id="288" free="245221760" total="1073741824" percent="22">
    <mem type="nursery" free="107348048" total="268435456" percent="39">
      <mem type="allocate" free="107348048" total="181010432" percent="59" />
      <mem type="survivor" free="0" total="87425024" percent="0" />
    </mem>
    <mem type="tenure" free="137873712" total="805306368" percent="17" macro-fragmented="602881">
      <mem type="soa" free="97607984" total="765040640" percent="12" />
      <mem type="loa" free="40265728" total="40265728" percent="100" />
    </mem>
    <pending-finalizers system="0" default="0" reference="1" classloader="0" />
    <remembered-set count="124" />
  </mem-info>
</gc-end>
<cycle-end id="289" type="scavenge" contextid="283" timestamp="2022-02-08T17:29:04.214" />
<allocation-satisfied id="290" threadId="0000000000016F00" bytesRequested="475128" />
<af-end id="291" timestamp="2022-02-08T17:29:04.224" threadId="0000000000017908" success="true" from="nursery"/>
<exclusive-end id="292" timestamp="2022-02-08T17:29:04.224" durationms="93.982" />

<concurrent-end id="293" type="global mark" contextid="278" timestamp="2022-02-08T17:29:04.345">
<gc-op id="294" type="trace" timems="327.709" contextid="278" timestamp="2022-02-08T17:29:04.346">
  <trace bytesTraced="74504856" workStackOverflowCount="0" />
  <card-cleaning reason="card cleaning threshold reached" bytesTraced="352" cardsCleaned="2" />
</gc-op>
</concurrent-end>

<exclusive-start id="295" timestamp="2022-02-08T17:29:04.346" intervalms="215.661">
  <response-info timems="0.018" idlems="0.018" threads="0" lastid="0000000000016F00" lastname="main" />
</exclusive-start>
<concurrent-global-final id="296" timestamp="2022-02-08T17:29:04.346" contextid="278" intervalms="486.008" >
  <concurrent-trace-info reason="card cleaning threshold reached" tracedByMutators="56093776" tracedByHelpers="18411432" cardsCleaned="2" workStackOverflowCount="0" />
</concurrent-global-final>
<gc-start id="297" type="global" contextid="278" timestamp="2022-02-08T17:29:04.346">
  <mem-info id="298" free="237308296" total="1073741824" percent="22">
    <mem type="nursery" free="99434584" total="268435456" percent="37">
      <mem type="allocate" free="99434584" total="181010432" percent="54" />
      <mem type="survivor" free="0" total="87425024" percent="0" />
    </mem>
    <mem type="tenure" free="137873712" total="805306368" percent="17">
      <mem type="soa" free="97607984" total="765040640" percent="12" />
      <mem type="loa" free="40265728" total="40265728" percent="100" />
    </mem>
    <remembered-set count="125" />
  </mem-info>
</gc-start>
<allocation-stats totalBytes="7909752" >
  <allocated-bytes non-tlh="475128" tlh="7434624" />
  <largest-consumer threadName="main" threadId="0000000000016F00" bytes="7909752" />
</allocation-stats>
<gc-op id="299" type="rs-scan" timems="128.880" contextid="278" timestamp="2022-02-08T17:29:04.475">
  <scan objectsFound="3324745" bytesTraced="71011620" workStackOverflowCount="0" />
</gc-op>
<gc-op id="300" type="card-cleaning" timems="0.701" contextid="278" timestamp="2022-02-08T17:29:04.475">
  <card-cleaning cardsCleaned="3" bytesTraced="1464" workStackOverflowCount="0" />
</gc-op>
<gc-op id="301" type="mark" timems="9.420" contextid="278" timestamp="2022-02-08T17:29:04.485">
  <trace-info objectcount="314221" scancount="237199" scanbytes="5130604" />
  <finalization candidates="427" enqueued="57" />
  <ownableSynchronizers candidates="1" cleared="0" />
  <references type="soft" candidates="1063" cleared="0" enqueued="0" dynamicThreshold="8" maxThreshold="32" />
  <references type="weak" candidates="1701" cleared="0" enqueued="0" />
  <references type="phantom" candidates="50" cleared="1" enqueued="1" />
  <stringconstants candidates="6463" cleared="0"  />
  <object-monitors candidates="2" cleared="0"  />
</gc-op>
<gc-op id="302" type="sweep" timems="5.390" contextid="278" timestamp="2022-02-08T17:29:04.490" />
<gc-end id="303" type="global" contextid="278" durationms="144.561" usertimems="158.768" systemtimems="0.000" stalltimems="27.657" timestamp="2022-02-08T17:29:04.490" activeThreads="4">
  <mem-info id="304" free="478851728" total="1073741824" percent="44">
    <mem type="nursery" free="99680728" total="268435456" percent="37">
      <mem type="allocate" free="99680728" total="181010432" percent="55" />
      <mem type="survivor" free="0" total="87425024" percent="0" />
    </mem>
    <mem type="tenure" free="379171000" total="805306368" percent="47" micro-fragmented="302575" macro-fragmented="0">
      <mem type="soa" free="338905272" total="765040640" percent="44" />
      <mem type="loa" free="40265728" total="40265728" percent="100" />
    </mem>
    <pending-finalizers system="57" default="0" reference="1" classloader="0" />
    <remembered-set count="112" />
  </mem-info>
</gc-end>
<cycle-end id="305" type="global" contextid="278" timestamp="2022-02-08T17:29:04.490" />
<exclusive-end id="306" timestamp="2022-02-08T17:29:04.490" durationms="144.831" />

<exclusive-start id="307" timestamp="2022-02-08T17:29:05.158" intervalms="812.369">
  <response-info timems="0.019" idlems="0.019" threads="0" lastid="0000000000016F00" lastname="main" />
</exclusive-start>
<af-start id="308" threadId="0000000000017908" totalBytesRequested="200" timestamp="2022-02-08T17:29:05.158" intervalms="1028.028" type="nursery" />
<cycle-start id="309" type="scavenge" contextid="0" timestamp="2022-02-08T17:29:05.158" intervalms="1028.031" />
<gc-start id="310" type="scavenge" contextid="309" timestamp="2022-02-08T17:29:05.158">
  <mem-info id="311" free="379171000" total="1073741824" percent="35">
    <mem type="nursery" free="0" total="268435456" percent="0">
      <mem type="allocate" free="0" total="181010432" percent="0" />
      <mem type="survivor" free="0" total="87425024" percent="0" />
    </mem>
    <mem type="tenure" free="379171000" total="805306368" percent="47">
      <mem type="soa" free="338905272" total="765040640" percent="44" />
      <mem type="loa" free="40265728" total="40265728" percent="100" />
    </mem>
    <remembered-set count="113" />
  </mem-info>
</gc-start>
<allocation-stats totalBytes="99632408" >
  <allocated-bytes non-tlh="1347680" tlh="98284728" />
  <largest-consumer threadName="main" threadId="0000000000016F00" bytes="99622536" />
</allocation-stats>
<gc-op id="312" type="scavenge" timems="87.102" contextid="309" timestamp="2022-02-08T17:29:05.245">
  <scavenger-info tenureage="1" tenuremask="7ffe" tiltratio="67" />
  <memory-copied type="nursery" objects="1336841" bytes="76539320" bytesdiscarded="133032" />
  <memory-copied type="tenure" objects="1461597" bytes="73513304" bytesdiscarded="34624" />
  <finalization candidates="57" enqueued="0" />
  <ownableSynchronizers candidates="2" cleared="2" />
  <references type="phantom" candidates="1" cleared="0" enqueued="0" />
  <object-monitors candidates="2" cleared="0"  />
</gc-op>
<gc-end id="313" type="scavenge" contextid="309" durationms="87.382" usertimems="302.002" systemtimems="0.000" stalltimems="15.505" timestamp="2022-02-08T17:29:05.245" activeThreads="4">
  <mem-info id="314" free="410936280" total="1073741824" percent="38">
    <mem type="nursery" free="105517728" total="268435456" percent="39">
      <mem type="allocate" free="105517728" total="182190080" percent="57" />
      <mem type="survivor" free="0" total="86245376" percent="0" />
    </mem>
    <mem type="tenure" free="305418552" total="805306368" percent="37" macro-fragmented="0">
      <mem type="soa" free="265152824" total="765040640" percent="34" />
      <mem type="loa" free="40265728" total="40265728" percent="100" />
    </mem>
    <remembered-set count="100" />
  </mem-info>
</gc-end>
<cycle-end id="315" type="scavenge" contextid="309" timestamp="2022-02-08T17:29:05.246" />
<allocation-satisfied id="316" threadId="0000000000016F00" bytesRequested="200" />
<af-end id="317" timestamp="2022-02-08T17:29:05.246" threadId="0000000000017908" success="true" from="nursery"/>
<exclusive-end id="318" timestamp="2022-02-08T17:29:05.246" durationms="87.766" />

<exclusive-start id="319" timestamp="2022-02-08T17:29:05.917" intervalms="759.197">
  <response-info timems="0.020" idlems="0.020" threads="0" lastid="0000000000016F00" lastname="main" />
</exclusive-start>
<af-start id="320" threadId="0000000000017908" totalBytesRequested="32" timestamp="2022-02-08T17:29:05.917" intervalms="759.194" type="nursery" />
<cycle-start id="321" type="scavenge" contextid="0" timestamp="2022-02-08T17:29:05.917" intervalms="759.193" />
<gc-start id="322" type="scavenge" contextid="321" timestamp="2022-02-08T17:29:05.917">
  <mem-info id="323" free="305418552" total="1073741824" percent="28">
    <mem type="nursery" free="0" total="268435456" percent="0">
      <mem type="allocate" free="0" total="182190080" percent="0" />
      <mem type="survivor" free="0" total="86245376" percent="0" />
    </mem>
    <mem type="tenure" free="305418552" total="805306368" percent="37">
      <mem type="soa" free="265152824" total="765040640" percent="34" />
      <mem type="loa" free="40265728" total="40265728" percent="100" />
    </mem>
    <remembered-set count="100" />
  </mem-info>
</gc-start>
<allocation-stats totalBytes="105471592" >
  <allocated-bytes non-tlh="200" tlh="105471392" />
  <largest-consumer threadName="main" threadId="0000000000016F00" bytes="105471592" />
</allocation-stats>
<gc-op id="324" type="scavenge" timems="80.146" contextid="321" timestamp="2022-02-08T17:29:05.997">
  <scavenger-info tenureage="1" tenuremask="7ffe" tiltratio="67" />
  <memory-copied type="nursery" objects="1330157" bytes="75018368" bytesdiscarded="229224" />
  <memory-copied type="tenure" objects="1336840" bytes="76539208" bytesdiscarded="40984" />
  <finalization candidates="1" enqueued="0" />
  <object-monitors candidates="2" cleared="0"  />
</gc-op>
<gc-end id="325" type="scavenge" contextid="321" durationms="80.386" usertimems="289.801" systemtimems="0.000" stalltimems="2.175" timestamp="2022-02-08T17:29:05.998" activeThreads="4">
  <mem-info id="326" free="336428992" total="1073741824" percent="31">
    <mem type="nursery" free="107663384" total="268435456" percent="40">
      <mem type="allocate" free="107663384" total="182910976" percent="58" />
      <mem type="survivor" free="0" total="85524480" percent="0" />
    </mem>
    <mem type="tenure" free="228765608" total="805306368" percent="28" macro-fragmented="0">
      <mem type="soa" free="188499880" total="765040640" percent="24" />
      <mem type="loa" free="40265728" total="40265728" percent="100" />
    </mem>
    <remembered-set count="103" />
  </mem-info>
</gc-end>
<cycle-end id="327" type="scavenge" contextid="321" timestamp="2022-02-08T17:29:05.998" />
<allocation-satisfied id="328" threadId="0000000000016F00" bytesRequested="32" />
<af-end id="329" timestamp="2022-02-08T17:29:05.998" threadId="0000000000017908" success="true" from="nursery"/>
<exclusive-end id="330" timestamp="2022-02-08T17:29:05.998" durationms="80.683" />

<exclusive-start id="331" timestamp="2022-02-08T17:29:06.731" intervalms="813.778">
  <response-info timems="0.019" idlems="0.019" threads="0" lastid="0000000000016F00" lastname="main" />
</exclusive-start>
<af-start id="332" threadId="0000000000017908" totalBytesRequested="40" timestamp="2022-02-08T17:29:06.731" intervalms="813.778" type="nursery" />
<cycle-start id="333" type="scavenge" contextid="0" timestamp="2022-02-08T17:29:06.731" intervalms="813.777" />
<gc-start id="334" type="scavenge" contextid="333" timestamp="2022-02-08T17:29:06.731">
  <mem-info id="335" free="228765608" total="1073741824" percent="21">
    <mem type="nursery" free="0" total="268435456" percent="0">
      <mem type="allocate" free="0" total="182910976" percent="0" />
      <mem type="survivor" free="0" total="85524480" percent="0" />
    </mem>
    <mem type="tenure" free="228765608" total="805306368" percent="28">
      <mem type="soa" free="188499880" total="765040640" percent="24" />
      <mem type="loa" free="40265728" total="40265728" percent="100" />
    </mem>
    <remembered-set count="117" />
  </mem-info>
</gc-start>
<allocation-stats totalBytes="107616720" >
  <allocated-bytes non-tlh="453736" tlh="107162984" />
  <largest-consumer threadName="main" threadId="0000000000016F00" bytes="107616720" />
</allocation-stats>
<gc-op id="336" type="scavenge" timems="74.106" contextid="333" timestamp="2022-02-08T17:29:06.805">
  <scavenger-info tenureage="1" tenuremask="7ffe" tiltratio="68" />
  <memory-copied type="nursery" objects="1362820" bytes="76196960" bytesdiscarded="314512" />
  <memory-copied type="tenure" objects="1330156" bytes="75018344" bytesdiscarded="39424" />
  <finalization candidates="33" enqueued="18" />
  <references type="phantom" candidates="33" cleared="0" enqueued="0" />
  <object-monitors candidates="2" cleared="0"  />
</gc-op>
<gc-end id="337" type="scavenge" contextid="333" durationms="74.295" usertimems="289.413" systemtimems="0.303" stalltimems="4.869" timestamp="2022-02-08T17:29:06.805" activeThreads="4">
  <mem-info id="338" free="261837584" total="1073741824" percent="24">
    <mem type="nursery" free="107906832" total="268435456" percent="40">
      <mem type="allocate" free="107906832" total="184418304" percent="58" />
      <mem type="survivor" free="0" total="84017152" percent="0" />
    </mem>
    <mem type="tenure" free="153930752" total="805306368" percent="19" macro-fragmented="82390861">
      <mem type="soa" free="113665024" total="765040640" percent="14" />
      <mem type="loa" free="40265728" total="40265728" percent="100" />
    </mem>
    <pending-finalizers system="18" default="0" reference="0" classloader="0" />
    <remembered-set count="116" />
  </mem-info>
</gc-end>
<cycle-end id="339" type="scavenge" contextid="333" timestamp="2022-02-08T17:29:06.805" />
<allocation-satisfied id="340" threadId="0000000000016F00" bytesRequested="40" />
<af-end id="341" timestamp="2022-02-08T17:29:06.805" threadId="0000000000017908" success="true" from="nursery"/>
<exclusive-end id="342" timestamp="2022-02-08T17:29:06.805" durationms="74.571" />

<concurrent-kickoff id="343" timestamp="2022-02-08T17:29:07.575">
  <kickoff reason="threshold reached" targetBytes="152705620" thresholdFreeBytes="18110646"  remainingFree="18077864" tenureFreeBytes="153930752" nurseryFreeBytes="18077864" />
</concurrent-kickoff>
<exclusive-start id="344" timestamp="2022-02-08T17:29:07.578" intervalms="846.671">
  <response-info timems="0.020" idlems="0.020" threads="0" lastid="0000000000016F00" lastname="main" />
</exclusive-start>
<cycle-start id="345" type="global" contextid="0" timestamp="2022-02-08T17:29:07.578" intervalms="3559.792" />
<concurrent-start id="346" type="global mark" contextid="345" timestamp="2022-02-08T17:29:07.578">
</concurrent-start>
<exclusive-end id="347" timestamp="2022-02-08T17:29:07.578" durationms="0.027" />

<exclusive-start id="348" timestamp="2022-02-08T17:29:07.850" intervalms="272.647">
  <response-info timems="0.075" idlems="0.075" threads="0" lastid="0000000000016F00" lastname="main" />
</exclusive-start>
<af-start id="349" threadId="0000000000017908" totalBytesRequested="24" timestamp="2022-02-08T17:29:07.850" intervalms="1119.321" type="nursery" />
<cycle-start id="350" type="scavenge" contextid="0" timestamp="2022-02-08T17:29:07.850" intervalms="1119.320" />
<gc-start id="351" type="scavenge" contextid="350" timestamp="2022-02-08T17:29:07.850">
  <mem-info id="352" free="153930752" total="1073741824" percent="14">
    <mem type="nursery" free="0" total="268435456" percent="0">
      <mem type="allocate" free="0" total="184418304" percent="0" />
      <mem type="survivor" free="0" total="84017152" percent="0" />
    </mem>
    <mem type="tenure" free="153930752" total="805306368" percent="19">
      <mem type="soa" free="113665024" total="765040640" percent="14" />
      <mem type="loa" free="40265728" total="40265728" percent="100" />
    </mem>
    <remembered-set count="133" />
  </mem-info>
</gc-start>
<allocation-stats totalBytes="107861584" >
  <allocated-bytes non-tlh="2387560" tlh="105474024" />
  <largest-consumer threadName="main" threadId="0000000000016F00" bytes="107857488" />
</allocation-stats>
<gc-op id="353" type="scavenge" timems="99.998" contextid="350" timestamp="2022-02-08T17:29:07.950">
  <scavenger-info tenureage="1" tenuremask="7ffe" tiltratio="68" />
  <memory-copied type="nursery" objects="1428735" bytes="76189192" bytesdiscarded="246152" />
  <memory-copied type="tenure" objects="1362505" bytes="76008344" bytesdiscarded="38584" />
  <finalization candidates="92" enqueued="35" />
  <references type="soft" candidates="14" cleared="0" enqueued="0" dynamicThreshold="15" maxThreshold="32" />
  <references type="weak" candidates="1" cleared="0" enqueued="0" />
  <references type="phantom" candidates="77" cleared="7" enqueued="7" />
  <object-monitors candidates="2" cleared="0"  />
</gc-op>
<gc-end id="354" type="scavenge" contextid="350" durationms="100.321" usertimems="374.102" systemtimems="0.000" stalltimems="4.171" timestamp="2022-02-08T17:29:07.951" activeThreads="4">
  <mem-info id="355" free="187131760" total="1073741824" percent="17">
    <mem type="nursery" free="109359088" total="268435456" percent="40">
      <mem type="allocate" free="109359088" total="185794560" percent="58" />
      <mem type="survivor" free="0" total="82640896" percent="0" />
    </mem>
    <mem type="tenure" free="77772672" total="805306368" percent="9" macro-fragmented="73222188">
      <mem type="soa" free="37506944" total="765040640" percent="4" />
      <mem type="loa" free="40265728" total="40265728" percent="100" />
    </mem>
    <pending-finalizers system="34" default="1" reference="7" classloader="0" />
    <remembered-set count="120" />
  </mem-info>
</gc-end>
<cycle-end id="356" type="scavenge" contextid="350" timestamp="2022-02-08T17:29:07.951" />
<allocation-satisfied id="357" threadId="0000000000016F00" bytesRequested="24" />
<af-end id="358" timestamp="2022-02-08T17:29:07.951" threadId="0000000000017908" success="true" from="nursery"/>
<exclusive-end id="359" timestamp="2022-02-08T17:29:07.951" durationms="100.605" />

<concurrent-end id="360" type="global mark" contextid="345" timestamp="2022-02-08T17:29:07.985">
<gc-op id="361" type="trace" timems="406.938" contextid="345" timestamp="2022-02-08T17:29:07.985">
  <trace bytesTraced="74511116" workStackOverflowCount="0" />
  <card-cleaning reason="card cleaning threshold reached" bytesTraced="480" cardsCleaned="2" />
</gc-op>
</concurrent-end>

<exclusive-start id="362" timestamp="2022-02-08T17:29:07.985" intervalms="134.366">
  <response-info timems="0.020" idlems="0.020" threads="0" lastid="0000000000016F00" lastname="main" />
</exclusive-start>
<concurrent-global-final id="363" timestamp="2022-02-08T17:29:07.985" contextid="345" intervalms="3638.973" >
  <concurrent-trace-info reason="card cleaning threshold reached" tracedByMutators="57967544" tracedByHelpers="16544052" cardsCleaned="2" workStackOverflowCount="0" />
</concurrent-global-final>
<gc-start id="364" type="global" contextid="345" timestamp="2022-02-08T17:29:07.985">
  <mem-info id="365" free="184928088" total="1073741824" percent="17">
    <mem type="nursery" free="107155416" total="268435456" percent="39">
      <mem type="allocate" free="107155416" total="185794560" percent="57" />
      <mem type="survivor" free="0" total="82640896" percent="0" />
    </mem>
    <mem type="tenure" free="77772672" total="805306368" percent="9">
      <mem type="soa" free="37506944" total="765040640" percent="4" />
      <mem type="loa" free="40265728" total="40265728" percent="100" />
    </mem>
    <remembered-set count="121" />
  </mem-info>
</gc-start>
<allocation-stats totalBytes="2202312" >
  <allocated-bytes non-tlh="24" tlh="2202288" />
  <largest-consumer threadName="main" threadId="0000000000016F00" bytes="2194120" />
</allocation-stats>
<gc-op id="366" type="rs-scan" timems="133.800" contextid="345" timestamp="2022-02-08T17:29:08.118">
  <scan objectsFound="3324744" bytesTraced="71011608" workStackOverflowCount="0" />
</gc-op>
<gc-op id="367" type="card-cleaning" timems="0.616" contextid="345" timestamp="2022-02-08T17:29:08.119">
  <card-cleaning cardsCleaned="4" bytesTraced="1792" workStackOverflowCount="0" />
</gc-op>
<gc-op id="368" type="mark" timems="34.629" contextid="345" timestamp="2022-02-08T17:29:08.154">
  <trace-info objectcount="1273317" scancount="956514" scanbytes="20473352" />
  <finalization candidates="428" enqueued="57" />
  <ownableSynchronizers candidates="1" cleared="0" />
  <references type="soft" candidates="1063" cleared="0" enqueued="0" dynamicThreshold="15" maxThreshold="32" />
  <references type="weak" candidates="1701" cleared="0" enqueued="0" />
  <references type="phantom" candidates="52" cleared="2" enqueued="2" />
  <stringconstants candidates="6463" cleared="0"  />
  <object-monitors candidates="2" cleared="0"  />
</gc-op>
<gc-op id="369" type="sweep" timems="8.616" contextid="345" timestamp="2022-02-08T17:29:08.162" />
<gc-end id="370" type="global" contextid="345" durationms="177.844" usertimems="186.008" systemtimems="0.000" stalltimems="119.526" timestamp="2022-02-08T17:29:08.162" activeThreads="4">
  <mem-info id="371" free="428472088" total="1073741824" percent="39">
    <mem type="nursery" free="107812824" total="268435456" percent="40">
      <mem type="allocate" free="107812824" total="185794560" percent="58" />
      <mem type="survivor" free="0" total="82640896" percent="0" />
    </mem>
    <mem type="tenure" free="320659264" total="805306368" percent="39" micro-fragmented="304406" macro-fragmented="0">
      <mem type="soa" free="280393536" total="765040640" percent="36" />
      <mem type="loa" free="40265728" total="40265728" percent="100" />
    </mem>
    <pending-finalizers system="57" default="0" reference="2" classloader="0" />
    <remembered-set count="108" />
  </mem-info>
</gc-end>
<cycle-end id="372" type="global" contextid="345" timestamp="2022-02-08T17:29:08.163" />
<exclusive-end id="373" timestamp="2022-02-08T17:29:08.163" durationms="178.072" />

<exclusive-start id="374" timestamp="2022-02-08T17:29:08.908" intervalms="923.345">
  <response-info timems="0.020" idlems="0.020" threads="0" lastid="0000000000016F00" lastname="main" />
</exclusive-start>
<af-start id="375" threadId="0000000000017908" totalBytesRequested="80" timestamp="2022-02-08T17:29:08.908" intervalms="1057.717" type="nursery" />
<cycle-start id="376" type="scavenge" contextid="0" timestamp="2022-02-08T17:29:08.908" intervalms="1057.717" />
<gc-start id="377" type="scavenge" contextid="376" timestamp="2022-02-08T17:29:08.908">
  <mem-info id="378" free="320659264" total="1073741824" percent="29">
    <mem type="nursery" free="0" total="268435456" percent="0">
      <mem type="allocate" free="0" total="185794560" percent="0" />
      <mem type="survivor" free="0" total="82640896" percent="0" />
    </mem>
    <mem type="tenure" free="320659264" total="805306368" percent="39">
      <mem type="soa" free="280393536" total="765040640" percent="36" />
      <mem type="loa" free="40265728" total="40265728" percent="100" />
    </mem>
    <remembered-set count="109" />
  </mem-info>
</gc-start>
<allocation-stats totalBytes="107763912" >
  <allocated-bytes non-tlh="0" tlh="107763912" />
  <largest-consumer threadName="main" threadId="0000000000016F00" bytes="107751640" />
</allocation-stats>
<gc-op id="379" type="scavenge" timems="93.555" contextid="376" timestamp="2022-02-08T17:29:09.002">
  <scavenger-info tenureage="1" tenuremask="7ffe" tiltratio="69" />
  <memory-copied type="nursery" objects="1416822" bytes="78220168" bytesdiscarded="230264" />
  <memory-copied type="tenure" objects="1428254" bytes="75877448" bytesdiscarded="40160" />
  <finalization candidates="42" enqueued="0" />
  <ownableSynchronizers candidates="2" cleared="2" />
  <object-monitors candidates="2" cleared="0"  />
</gc-op>
<gc-end id="380" type="scavenge" contextid="376" durationms="94.000" usertimems="303.259" systemtimems="0.000" stalltimems="1.962" timestamp="2022-02-08T17:29:09.002" activeThreads="4">
  <mem-info id="381" free="348717840" total="1073741824" percent="32">
    <mem type="nursery" free="104067328" total="268435456" percent="38">
      <mem type="allocate" free="104067328" total="182517760" percent="57" />
      <mem type="survivor" free="0" total="85917696" percent="0" />
    </mem>
    <mem type="tenure" free="244650512" total="805306368" percent="30" macro-fragmented="0">
      <mem type="soa" free="204384784" total="765040640" percent="26" />
      <mem type="loa" free="40265728" total="40265728" percent="100" />
    </mem>
    <remembered-set count="102" />
  </mem-info>
</gc-end>
<cycle-end id="382" type="scavenge" contextid="376" timestamp="2022-02-08T17:29:09.002" />
<allocation-satisfied id="383" threadId="0000000000016F00" bytesRequested="80" />
<af-end id="384" timestamp="2022-02-08T17:29:09.002" threadId="0000000000017908" success="true" from="nursery"/>
<exclusive-end id="385" timestamp="2022-02-08T17:29:09.002" durationms="94.319" />

<exclusive-start id="386" timestamp="2022-02-08T17:29:09.640" intervalms="732.544">
  <response-info timems="0.018" idlems="0.018" threads="0" lastid="0000000000016F00" lastname="main" />
</exclusive-start>
<af-start id="387" threadId="0000000000017908" totalBytesRequested="24" timestamp="2022-02-08T17:29:09.641" intervalms="732.536" type="nursery" />
<cycle-start id="388" type="scavenge" contextid="0" timestamp="2022-02-08T17:29:09.641" intervalms="732.536" />
<gc-start id="389" type="scavenge" contextid="388" timestamp="2022-02-08T17:29:09.641">
  <mem-info id="390" free="244650512" total="1073741824" percent="22">
    <mem type="nursery" free="0" total="268435456" percent="0">
      <mem type="allocate" free="0" total="182517760" percent="0" />
      <mem type="survivor" free="0" total="85917696" percent="0" />
    </mem>
    <mem type="tenure" free="244650512" total="805306368" percent="30">
      <mem type="soa" free="204384784" total="765040640" percent="26" />
      <mem type="loa" free="40265728" total="40265728" percent="100" />
    </mem>
    <remembered-set count="102" />
  </mem-info>
</gc-start>
<allocation-stats totalBytes="104020760" >
  <allocated-bytes non-tlh="80" tlh="104020680" />
  <largest-consumer threadName="main" threadId="0000000000016F00" bytes="104020760" />
</allocation-stats>
<gc-op id="391" type="scavenge" timems="78.655" contextid="388" timestamp="2022-02-08T17:29:09.719">
  <scavenger-info tenureage="1" tenuremask="7ffe" tiltratio="67" />
  <memory-copied type="nursery" objects="1300962" bytes="73965952" bytesdiscarded="223232" />
  <memory-copied type="tenure" objects="1416822" bytes="78220168" bytesdiscarded="42152" />
  <object-monitors candidates="2" cleared="0"  />
</gc-op>
<gc-end id="392" type="scavenge" contextid="388" durationms="79.125" usertimems="307.607" systemtimems="2.367" stalltimems="2.517" timestamp="2022-02-08T17:29:09.720" activeThreads="4">
  <mem-info id="393" free="274796408" total="1073741824" percent="25">
    <mem type="nursery" free="108656256" total="268435456" percent="40">
      <mem type="allocate" free="108656256" total="182845440" percent="59" />
      <mem type="survivor" free="0" total="85590016" percent="0" />
    </mem>
    <mem type="tenure" free="166140152" total="805306368" percent="20" macro-fragmented="0">
      <mem type="soa" free="125874424" total="765040640" percent="16" />
      <mem type="loa" free="40265728" total="40265728" percent="100" />
    </mem>
    <remembered-set count="103" />
  </mem-info>
</gc-end>
<cycle-end id="394" type="scavenge" contextid="388" timestamp="2022-02-08T17:29:09.720" />
<allocation-satisfied id="395" threadId="0000000000016F00" bytesRequested="24" />
<af-end id="396" timestamp="2022-02-08T17:29:09.720" threadId="0000000000017908" success="true" from="nursery"/>
<exclusive-end id="397" timestamp="2022-02-08T17:29:09.720" durationms="79.372" />

<concurrent-kickoff id="398" timestamp="2022-02-08T17:29:10.541">
  <kickoff reason="threshold reached" targetBytes="136741575" thresholdFreeBytes="15611083"  remainingFree="15573216" tenureFreeBytes="166140152" nurseryFreeBytes="15573216" />
</concurrent-kickoff>
<exclusive-start id="399" timestamp="2022-02-08T17:29:10.544" intervalms="903.766">
  <response-info timems="0.021" idlems="0.021" threads="0" lastid="0000000000016F00" lastname="main" />
</exclusive-start>
<cycle-start id="400" type="global" contextid="0" timestamp="2022-02-08T17:29:10.544" intervalms="2966.669" />
<concurrent-start id="401" type="global mark" contextid="400" timestamp="2022-02-08T17:29:10.544">
</concurrent-start>
<exclusive-end id="402" timestamp="2022-02-08T17:29:10.544" durationms="0.029" />

<concurrent-end id="403" type="global mark" contextid="400" timestamp="2022-02-08T17:29:10.825">
<gc-op id="404" type="trace" timems="280.993" contextid="400" timestamp="2022-02-08T17:29:10.825">
  <trace bytesTraced="74506960" workStackOverflowCount="0" />
  <card-cleaning reason="card cleaning threshold reached" bytesTraced="480" cardsCleaned="2" />
</gc-op>
</concurrent-end>

<exclusive-start id="405" timestamp="2022-02-08T17:29:10.825" intervalms="281.063">
  <response-info timems="0.017" idlems="0.017" threads="0" lastid="0000000000016F00" lastname="main" />
</exclusive-start>
<concurrent-global-final id="406" timestamp="2022-02-08T17:29:10.825" contextid="400" intervalms="2840.728" >
  <concurrent-trace-info reason="card cleaning threshold reached" tracedByMutators="58974048" tracedByHelpers="15533392" cardsCleaned="2" workStackOverflowCount="0" />
</concurrent-global-final>
<gc-start id="407" type="global" contextid="400" timestamp="2022-02-08T17:29:10.825">
  <mem-info id="408" free="166902232" total="1073741824" percent="15">
    <mem type="nursery" free="762080" total="268435456" percent="0">
      <mem type="allocate" free="762080" total="182845440" percent="0" />
      <mem type="survivor" free="0" total="85590016" percent="0" />
    </mem>
    <mem type="tenure" free="166140152" total="805306368" percent="20">
      <mem type="soa" free="125874424" total="765040640" percent="16" />
      <mem type="loa" free="40265728" total="40265728" percent="100" />
    </mem>
    <remembered-set count="134" />
  </mem-info>
</gc-start>
<allocation-stats totalBytes="107846792" >
  <allocated-bytes non-tlh="2938272" tlh="104908520" />
  <largest-consumer threadName="main" threadId="0000000000016F00" bytes="107846792" />
</allocation-stats>
<gc-op id="409" type="rs-scan" timems="133.498" contextid="400" timestamp="2022-02-08T17:29:10.959">
  <scan objectsFound="3324911" bytesTraced="71018200" workStackOverflowCount="0" />
</gc-op>
<gc-op id="410" type="card-cleaning" timems="0.335" contextid="400" timestamp="2022-02-08T17:29:10.959">
  <card-cleaning cardsCleaned="1" bytesTraced="424" workStackOverflowCount="0" />
</gc-op>
<gc-op id="411" type="mark" timems="27.746" contextid="400" timestamp="2022-02-08T17:29:10.987">
  <trace-info objectcount="989355" scancount="743627" scanbytes="15938744" />
  <finalization candidates="481" enqueued="110" />
  <ownableSynchronizers candidates="1" cleared="0" />
  <references type="soft" candidates="1063" cleared="0" enqueued="0" dynamicThreshold="12" maxThreshold="32" />
  <references type="weak" candidates="1701" cleared="0" enqueued="0" />
  <references type="phantom" candidates="116" cleared="8" enqueued="8" />
  <stringconstants candidates="6463" cleared="0"  />
  <object-monitors candidates="2" cleared="0"  />
</gc-op>
<gc-op id="412" type="sweep" timems="4.939" contextid="400" timestamp="2022-02-08T17:29:10.992" />
<gc-end id="413" type="global" contextid="400" durationms="166.916" usertimems="182.306" systemtimems="0.000" stalltimems="83.200" timestamp="2022-02-08T17:29:10.992" activeThreads="4">
  <mem-info id="414" free="413311696" total="1073741824" percent="38">
    <mem type="nursery" free="4102760" total="268435456" percent="1">
      <mem type="allocate" free="4102760" total="182845440" percent="2" />
      <mem type="survivor" free="0" total="85590016" percent="0" />
    </mem>
    <mem type="tenure" free="409208936" total="805306368" percent="50" micro-fragmented="237758" macro-fragmented="0">
      <mem type="soa" free="368943208" total="765040640" percent="48" />
      <mem type="loa" free="40265728" total="40265728" percent="100" />
    </mem>
    <pending-finalizers system="109" default="1" reference="8" classloader="0" />
    <remembered-set count="112" />
  </mem-info>
</gc-end>
<cycle-end id="415" type="global" contextid="400" timestamp="2022-02-08T17:29:10.992" />
<exclusive-end id="416" timestamp="2022-02-08T17:29:10.992" durationms="167.125" />

<exclusive-start id="417" timestamp="2022-02-08T17:29:11.019" intervalms="193.618">
  <response-info timems="0.019" idlems="0.019" threads="0" lastid="0000000000016F00" lastname="main" />
</exclusive-start>
<af-start id="418" threadId="0000000000017908" totalBytesRequested="104" timestamp="2022-02-08T17:29:11.019" intervalms="1378.447" type="nursery" />
<cycle-start id="419" type="scavenge" contextid="0" timestamp="2022-02-08T17:29:11.019" intervalms="1378.448" />
<gc-start id="420" type="scavenge" contextid="419" timestamp="2022-02-08T17:29:11.019">
  <mem-info id="421" free="409208936" total="1073741824" percent="38">
    <mem type="nursery" free="0" total="268435456" percent="0">
      <mem type="allocate" free="0" total="182845440" percent="0" />
      <mem type="survivor" free="0" total="85590016" percent="0" />
    </mem>
    <mem type="tenure" free="409208936" total="805306368" percent="50">
      <mem type="soa" free="368943208" total="765040640" percent="48" />
      <mem type="loa" free="40265728" total="40265728" percent="100" />
    </mem>
    <remembered-set count="114" />
  </mem-info>
</gc-start>
<allocation-stats totalBytes="4090344" >
  <allocated-bytes non-tlh="0" tlh="4090344" />
  <largest-consumer threadName="main" threadId="0000000000016F00" bytes="4074336" />
</allocation-stats>
<gc-op id="422" type="scavenge" timems="77.854" contextid="419" timestamp="2022-02-08T17:29:11.097">
  <scavenger-info tenureage="1" tenuremask="7ffe" tiltratio="68" />
  <memory-copied type="nursery" objects="1500495" bytes="78178360" bytesdiscarded="214728" />
  <memory-copied type="tenure" objects="1300962" bytes="73965952" bytesdiscarded="36008" />
  <finalization candidates="57" enqueued="0" />
  <ownableSynchronizers candidates="2" cleared="2" />
  <references type="soft" candidates="14" cleared="0" enqueued="0" dynamicThreshold="16" maxThreshold="32" />
  <references type="weak" candidates="1" cleared="0" enqueued="0" />
  <references type="phantom" candidates="31" cleared="1" enqueued="1" />
  <object-monitors candidates="2" cleared="0"  />
</gc-op>
<gc-end id="423" type="scavenge" contextid="419" durationms="78.259" usertimems="307.189" systemtimems="0.000" stalltimems="2.780" timestamp="2022-02-08T17:29:11.097" activeThreads="4">
  <mem-info id="424" free="436734896" total="1073741824" percent="40">
    <mem type="nursery" free="101699776" total="268435456" percent="37">
      <mem type="allocate" free="101699776" total="180092928" percent="56" />
      <mem type="survivor" free="0" total="88342528" percent="0" />
    </mem>
    <mem type="tenure" free="335035120" total="805306368" percent="41" macro-fragmented="130745556">
      <mem type="soa" free="294769392" total="765040640" percent="38" />
      <mem type="loa" free="40265728" total="40265728" percent="100" />
    </mem>
    <pending-finalizers system="0" default="0" reference="1" classloader="0" />
    <remembered-set count="111" />
  </mem-info>
</gc-end>
<cycle-end id="425" type="scavenge" contextid="419" timestamp="2022-02-08T17:29:11.097" />
<allocation-satisfied id="426" threadId="0000000000016F00" bytesRequested="104" />
<af-end id="427" timestamp="2022-02-08T17:29:11.097" threadId="0000000000017908" success="true" from="nursery"/>
<exclusive-end id="428" timestamp="2022-02-08T17:29:11.097" durationms="78.557" />

<exclusive-start id="429" timestamp="2022-02-08T17:29:11.795" intervalms="776.544">
  <response-info timems="0.019" idlems="0.019" threads="0" lastid="0000000000016F00" lastname="main" />
</exclusive-start>
<af-start id="430" threadId="0000000000017908" totalBytesRequested="104" timestamp="2022-02-08T17:29:11.796" intervalms="776.544" type="nursery" />
<cycle-start id="431" type="scavenge" contextid="0" timestamp="2022-02-08T17:29:11.796" intervalms="776.543" />
<gc-start id="432" type="scavenge" contextid="431" timestamp="2022-02-08T17:29:11.796">
  <mem-info id="433" free="335035120" total="1073741824" percent="31">
    <mem type="nursery" free="0" total="268435456" percent="0">
      <mem type="allocate" free="0" total="180092928" percent="0" />
      <mem type="survivor" free="0" total="88342528" percent="0" />
    </mem>
    <mem type="tenure" free="335035120" total="805306368" percent="41">
      <mem type="soa" free="294769392" total="765040640" percent="38" />
      <mem type="loa" free="40265728" total="40265728" percent="100" />
    </mem>
    <remembered-set count="112" />
  </mem-info>
</gc-start>
<allocation-stats totalBytes="101651136" >
  <allocated-bytes non-tlh="104" tlh="101651032" />
  <largest-consumer threadName="main" threadId="0000000000016F00" bytes="101651136" />
</allocation-stats>
<gc-op id="434" type="scavenge" timems="77.203" contextid="431" timestamp="2022-02-08T17:29:11.873">
  <scavenger-info tenureage="1" tenuremask="7ffe" tiltratio="67" />
  <memory-copied type="nursery" objects="1308872" bytes="72411672" bytesdiscarded="202936" />
  <memory-copied type="tenure" objects="1500492" bytes="78178304" bytesdiscarded="38288" />
  <finalization candidates="57" enqueued="0" />
  <object-monitors candidates="2" cleared="0"  />
</gc-op>
<gc-end id="435" type="scavenge" contextid="431" durationms="77.565" usertimems="306.211" systemtimems="0.000" stalltimems="1.899" timestamp="2022-02-08T17:29:11.873" activeThreads="4">
  <mem-info id="436" free="365115496" total="1073741824" percent="34">
    <mem type="nursery" free="108264752" total="268435456" percent="40">
      <mem type="allocate" free="108264752" total="180879360" percent="59" />
      <mem type="survivor" free="0" total="87556096" percent="0" />
    </mem>
    <mem type="tenure" free="256850744" total="805306368" percent="31" macro-fragmented="0">
      <mem type="soa" free="216585016" total="765040640" percent="28" />
      <mem type="loa" free="40265728" total="40265728" percent="100" />
    </mem>
    <remembered-set count="103" />
  </mem-info>
</gc-end>
<cycle-end id="437" type="scavenge" contextid="431" timestamp="2022-02-08T17:29:11.873" />
<allocation-satisfied id="438" threadId="0000000000016F00" bytesRequested="104" />
<af-end id="439" timestamp="2022-02-08T17:29:11.873" threadId="0000000000017908" success="true" from="nursery"/>
<exclusive-end id="440" timestamp="2022-02-08T17:29:11.873" durationms="77.938" />

<exclusive-start id="441" timestamp="2022-02-08T17:29:12.555" intervalms="759.531">
  <response-info timems="0.018" idlems="0.018" threads="0" lastid="0000000000016F00" lastname="main" />
</exclusive-start>
<af-start id="442" threadId="0000000000017908" totalBytesRequested="24" timestamp="2022-02-08T17:29:12.555" intervalms="759.532" type="nursery" />
<cycle-start id="443" type="scavenge" contextid="0" timestamp="2022-02-08T17:29:12.555" intervalms="759.532" />
<gc-start id="444" type="scavenge" contextid="443" timestamp="2022-02-08T17:29:12.555">
  <mem-info id="445" free="256850744" total="1073741824" percent="23">
    <mem type="nursery" free="0" total="268435456" percent="0">
      <mem type="allocate" free="0" total="180879360" percent="0" />
      <mem type="survivor" free="0" total="87556096" percent="0" />
    </mem>
    <mem type="tenure" free="256850744" total="805306368" percent="31">
      <mem type="soa" free="216585016" total="765040640" percent="28" />
      <mem type="loa" free="40265728" total="40265728" percent="100" />
    </mem>
    <remembered-set count="103" />
  </mem-info>
</gc-start>
<allocation-stats totalBytes="108215192" >
  <allocated-bytes non-tlh="104" tlh="108215088" />
  <largest-consumer threadName="main" threadId="0000000000016F00" bytes="108215192" />
</allocation-stats>
<gc-op id="446" type="scavenge" timems="92.057" contextid="443" timestamp="2022-02-08T17:29:12.647">
  <scavenger-info tenureage="1" tenuremask="7ffe" tiltratio="67" />
  <memory-copied type="nursery" objects="1366205" bytes="76967416" bytesdiscarded="102920" />
  <memory-copied type="tenure" objects="1308872" bytes="72411672" bytesdiscarded="37200" />
  <object-monitors candidates="2" cleared="0"  />
</gc-op>
<gc-end id="447" type="scavenge" contextid="443" durationms="92.497" usertimems="358.457" systemtimems="0.956" stalltimems="1.825" timestamp="2022-02-08T17:29:12.648" activeThreads="4">
  <mem-info id="448" free="287754944" total="1073741824" percent="26">
    <mem type="nursery" free="103415808" total="268435456" percent="38">
      <mem type="allocate" free="103415808" total="180486144" percent="57" />
      <mem type="survivor" free="0" total="87949312" percent="0" />
    </mem>
    <mem type="tenure" free="184339136" total="805306368" percent="22" macro-fragmented="0">
      <mem type="soa" free="144073408" total="765040640" percent="18" />
      <mem type="loa" free="40265728" total="40265728" percent="100" />
    </mem>
    <remembered-set count="102" />
  </mem-info>
</gc-end>
<cycle-end id="449" type="scavenge" contextid="443" timestamp="2022-02-08T17:29:12.648" />
<allocation-satisfied id="450" threadId="0000000000016F00" bytesRequested="24" />
<af-end id="451" timestamp="2022-02-08T17:29:12.648" threadId="0000000000017908" success="true" from="nursery"/>
<exclusive-end id="452" timestamp="2022-02-08T17:29:12.648" durationms="92.778" />

<concurrent-kickoff id="453" timestamp="2022-02-08T17:29:13.431">
  <kickoff reason="threshold reached" targetBytes="124067077" thresholdFreeBytes="13643771"  remainingFree="13515456" tenureFreeBytes="184339136" nurseryFreeBytes="13515456" />
</concurrent-kickoff>
<exclusive-start id="454" timestamp="2022-02-08T17:29:13.434" intervalms="878.521">
  <response-info timems="0.018" idlems="0.018" threads="0" lastid="0000000000016F00" lastname="main" />
</exclusive-start>
<cycle-start id="455" type="global" contextid="0" timestamp="2022-02-08T17:29:13.434" intervalms="2889.277" />
<concurrent-start id="456" type="global mark" contextid="455" timestamp="2022-02-08T17:29:13.434">
</concurrent-start>
<exclusive-end id="457" timestamp="2022-02-08T17:29:13.434" durationms="0.030" />

<exclusive-start id="458" timestamp="2022-02-08T17:29:13.685" intervalms="251.700">
  <response-info timems="0.017" idlems="0.017" threads="0" lastid="0000000000016F00" lastname="main" />
</exclusive-start>
<af-start id="459" threadId="0000000000017908" totalBytesRequested="24" timestamp="2022-02-08T17:29:13.685" intervalms="1130.227" type="nursery" />
<cycle-start id="460" type="scavenge" contextid="0" timestamp="2022-02-08T17:29:13.685" intervalms="1130.227" />
<gc-start id="461" type="scavenge" contextid="460" timestamp="2022-02-08T17:29:13.685">
  <mem-info id="462" free="184339136" total="1073741824" percent="17">
    <mem type="nursery" free="0" total="268435456" percent="0">
      <mem type="allocate" free="0" total="180486144" percent="0" />
      <mem type="survivor" free="0" total="87949312" percent="0" />
    </mem>
    <mem type="tenure" free="184339136" total="805306368" percent="22">
      <mem type="soa" free="144073408" total="765040640" percent="18" />
      <mem type="loa" free="40265728" total="40265728" percent="100" />
    </mem>
    <remembered-set count="133" />
  </mem-info>
</gc-start>
<allocation-stats totalBytes="103370224" >
  <allocated-bytes non-tlh="1590592" tlh="101779632" />
  <largest-consumer threadName="main" threadId="0000000000016F00" bytes="103370224" />
</allocation-stats>
<gc-op id="463" type="scavenge" timems="76.238" contextid="460" timestamp="2022-02-08T17:29:13.762">
  <scavenger-info tenureage="1" tenuremask="7ffe" tiltratio="67" />
  <memory-copied type="nursery" objects="1387588" bytes="72658120" bytesdiscarded="152208" />
  <memory-copied type="tenure" objects="1366205" bytes="76967416" bytesdiscarded="38384" />
  <finalization candidates="109" enqueued="53" />
  <references type="soft" candidates="14" cleared="0" enqueued="0" dynamicThreshold="16" maxThreshold="32" />
  <references type="weak" candidates="1" cleared="0" enqueued="0" />
  <references type="phantom" candidates="94" cleared="7" enqueued="7" />
  <object-monitors candidates="2" cleared="0"  />
</gc-op>
<gc-end id="464" type="scavenge" contextid="460" durationms="76.614" usertimems="293.348" systemtimems="3.789" stalltimems="3.475" timestamp="2022-02-08T17:29:13.762" activeThreads="4">
  <mem-info id="465" free="215862640" total="1073741824" percent="20">
    <mem type="nursery" free="108593192" total="268435456" percent="40">
      <mem type="allocate" free="108593192" total="181403648" percent="59" />
      <mem type="survivor" free="0" total="87031808" percent="0" />
    </mem>
    <mem type="tenure" free="107269448" total="805306368" percent="13" macro-fragmented="90795520">
      <mem type="soa" free="67003720" total="765040640" percent="8" />
      <mem type="loa" free="40265728" total="40265728" percent="100" />
    </mem>
    <pending-finalizers system="52" default="1" reference="7" classloader="0" />
    <remembered-set count="128" />
  </mem-info>
</gc-end>
<cycle-end id="466" type="scavenge" contextid="460" timestamp="2022-02-08T17:29:13.762" />
<allocation-satisfied id="467" threadId="0000000000016F00" bytesRequested="24" />
<af-end id="468" timestamp="2022-02-08T17:29:13.762" threadId="0000000000017908" success="true" from="nursery"/>
<exclusive-end id="469" timestamp="2022-02-08T17:29:13.762" durationms="76.940" />

<concurrent-end id="470" type="global mark" contextid="455" timestamp="2022-02-08T17:29:13.769">
<gc-op id="471" type="trace" timems="335.854" contextid="455" timestamp="2022-02-08T17:29:13.769">
  <trace bytesTraced="74513176" workStackOverflowCount="0" />
  <card-cleaning reason="card cleaning threshold reached" bytesTraced="480" cardsCleaned="2" />
</gc-op>
</concurrent-end>

<exclusive-start id="472" timestamp="2022-02-08T17:29:13.769" intervalms="84.210">
  <response-info timems="0.018" idlems="0.018" threads="0" lastid="0000000000016F00" lastname="main" />
</exclusive-start>
<concurrent-global-final id="473" timestamp="2022-02-08T17:29:13.769" contextid="455" intervalms="2944.103" >
  <concurrent-trace-info reason="card cleaning threshold reached" tracedByMutators="60686596" tracedByHelpers="13827060" cardsCleaned="2" workStackOverflowCount="0" />
</concurrent-global-final>
<gc-start id="474" type="global" contextid="455" timestamp="2022-02-08T17:29:13.769">
  <mem-info id="475" free="213867768" total="1073741824" percent="19">
    <mem type="nursery" free="106598320" total="268435456" percent="39">
      <mem type="allocate" free="106598320" total="181403648" percent="58" />
      <mem type="survivor" free="0" total="87031808" percent="0" />
    </mem>
    <mem type="tenure" free="107269448" total="805306368" percent="13">
      <mem type="soa" free="67003720" total="765040640" percent="8" />
      <mem type="loa" free="40265728" total="40265728" percent="100" />
    </mem>
    <remembered-set count="129" />
  </mem-info>
</gc-start>
<allocation-stats totalBytes="1994528" >
  <allocated-bytes non-tlh="1347704" tlh="646824" />
  <largest-consumer threadName="main" threadId="0000000000016F00" bytes="1986336" />
</allocation-stats>
<gc-op id="476" type="rs-scan" timems="150.268" contextid="455" timestamp="2022-02-08T17:29:13.920">
  <scan objectsFound="3324715" bytesTraced="71011820" workStackOverflowCount="0" />
</gc-op>
<gc-op id="477" type="card-cleaning" timems="0.556" contextid="455" timestamp="2022-02-08T17:29:13.920">
  <card-cleaning cardsCleaned="5" bytesTraced="3696" workStackOverflowCount="0" />
</gc-op>
<gc-op id="478" type="mark" timems="20.241" contextid="455" timestamp="2022-02-08T17:29:13.941">
  <trace-info objectcount="675535" scancount="508176" scanbytes="10908872" />
  <finalization candidates="428" enqueued="57" />
  <ownableSynchronizers candidates="1" cleared="0" />
  <references type="soft" candidates="1063" cleared="0" enqueued="0" dynamicThreshold="16" maxThreshold="32" />
  <references type="weak" candidates="1701" cleared="0" enqueued="0" />
  <references type="phantom" candidates="52" cleared="2" enqueued="2" />
  <stringconstants candidates="6463" cleared="0"  />
  <object-monitors candidates="2" cleared="0"  />
</gc-op>
<gc-op id="479" type="sweep" timems="4.531" contextid="455" timestamp="2022-02-08T17:29:13.945" />
<gc-end id="480" type="global" contextid="455" durationms="175.840" usertimems="186.256" systemtimems="5.238" stalltimems="57.274" timestamp="2022-02-08T17:29:13.945" activeThreads="4">
  <mem-info id="481" free="457991832" total="1073741824" percent="42">
    <mem type="nursery" free="107721040" total="268435456" percent="40">
      <mem type="allocate" free="107721040" total="181403648" percent="59" />
      <mem type="survivor" free="0" total="87031808" percent="0" />
    </mem>
    <mem type="tenure" free="350270792" total="805306368" percent="43" micro-fragmented="284798" macro-fragmented="0">
      <mem type="soa" free="310005064" total="765040640" percent="40" />
      <mem type="loa" free="40265728" total="40265728" percent="100" />
    </mem>
    <pending-finalizers system="57" default="0" reference="2" classloader="0" />
    <remembered-set count="111" />
  </mem-info>
</gc-end>
<cycle-end id="482" type="global" contextid="455" timestamp="2022-02-08T17:29:13.945" />
<exclusive-end id="483" timestamp="2022-02-08T17:29:13.945" durationms="176.050" />

<exclusive-start id="484" timestamp="2022-02-08T17:29:14.683" intervalms="913.587">
  <response-info timems="0.021" idlems="0.021" threads="0" lastid="0000000000016F00" lastname="main" />
</exclusive-start>
<af-start id="485" threadId="0000000000017908" totalBytesRequested="104" timestamp="2022-02-08T17:29:14.683" intervalms="997.802" type="nursery" />
<cycle-start id="486" type="scavenge" contextid="0" timestamp="2022-02-08T17:29:14.683" intervalms="997.804" />
<gc-start id="487" type="scavenge" contextid="486" timestamp="2022-02-08T17:29:14.683">
  <mem-info id="488" free="350270792" total="1073741824" percent="32">
    <mem type="nursery" free="0" total="268435456" percent="0">
      <mem type="allocate" free="0" total="181403648" percent="0" />
      <mem type="survivor" free="0" total="87031808" percent="0" />
    </mem>
    <mem type="tenure" free="350270792" total="805306368" percent="43">
      <mem type="soa" free="310005064" total="765040640" percent="40" />
      <mem type="loa" free="40265728" total="40265728" percent="100" />
    </mem>
    <remembered-set count="112" />
  </mem-info>
</gc-start>
<allocation-stats totalBytes="107667112" >
  <allocated-bytes non-tlh="0" tlh="107667112" />
  <largest-consumer threadName="main" threadId="0000000000016F00" bytes="107654856" />
</allocation-stats>
<gc-op id="489" type="scavenge" timems="76.484" contextid="486" timestamp="2022-02-08T17:29:14.760">
  <scavenger-info tenureage="1" tenuremask="7ffe" tiltratio="67" />
  <memory-copied type="nursery" objects="1393967" bytes="78459240" bytesdiscarded="339776" />
  <memory-copied type="tenure" objects="1386865" bytes="71714872" bytesdiscarded="38792" />
  <finalization candidates="57" enqueued="0" />
  <ownableSynchronizers candidates="2" cleared="2" />
  <references type="phantom" candidates="1" cleared="0" enqueued="0" />
  <object-monitors candidates="2" cleared="0"  />
</gc-op>
<gc-end id="490" type="scavenge" contextid="486" durationms="76.863" usertimems="298.386" systemtimems="0.000" stalltimems="4.709" timestamp="2022-02-08T17:29:14.760" activeThreads="4">
  <mem-info id="491" free="377724824" total="1073741824" percent="35">
    <mem type="nursery" free="99393368" total="268435456" percent="37">
      <mem type="allocate" free="99393368" total="178192384" percent="55" />
      <mem type="survivor" free="0" total="90243072" percent="0" />
    </mem>
    <mem type="tenure" free="278331456" total="805306368" percent="34" macro-fragmented="0">
      <mem type="soa" free="238065728" total="765040640" percent="31" />
      <mem type="loa" free="40265728" total="40265728" percent="100" />
    </mem>
    <remembered-set count="101" />
  </mem-info>
</gc-end>
<cycle-end id="492" type="scavenge" contextid="486" timestamp="2022-02-08T17:29:14.760" />
<allocation-satisfied id="493" threadId="0000000000016F00" bytesRequested="104" />
<af-end id="494" timestamp="2022-02-08T17:29:14.760" threadId="0000000000017908" success="true" from="nursery"/>
<exclusive-end id="495" timestamp="2022-02-08T17:29:14.760" durationms="77.120" />

<exclusive-start id="496" timestamp="2022-02-08T17:29:15.427" intervalms="744.015">
  <response-info timems="0.018" idlems="0.018" threads="0" lastid="0000000000016F00" lastname="main" />
</exclusive-start>
<af-start id="497" threadId="0000000000017908" totalBytesRequested="200" timestamp="2022-02-08T17:29:15.427" intervalms="744.003" type="nursery" />
<cycle-start id="498" type="scavenge" contextid="0" timestamp="2022-02-08T17:29:15.427" intervalms="744.001" />
<gc-start id="499" type="scavenge" contextid="498" timestamp="2022-02-08T17:29:15.427">
  <mem-info id="500" free="278331456" total="1073741824" percent="25">
    <mem type="nursery" free="0" total="268435456" percent="0">
      <mem type="allocate" free="0" total="178192384" percent="0" />
      <mem type="survivor" free="0" total="90243072" percent="0" />
    </mem>
    <mem type="tenure" free="278331456" total="805306368" percent="34">
      <mem type="soa" free="238065728" total="765040640" percent="31" />
      <mem type="loa" free="40265728" total="40265728" percent="100" />
    </mem>
    <remembered-set count="101" />
  </mem-info>
</gc-start>
<allocation-stats totalBytes="99349096" >
  <allocated-bytes non-tlh="104" tlh="99348992" />
  <largest-consumer threadName="main" threadId="0000000000016F00" bytes="99349096" />
</allocation-stats>
<gc-op id="501" type="scavenge" timems="75.667" contextid="498" timestamp="2022-02-08T17:29:15.503">
  <scavenger-info tenureage="1" tenuremask="7ffe" tiltratio="66" />
  <memory-copied type="nursery" objects="1253465" bytes="70660824" bytesdiscarded="224896" />
  <memory-copied type="tenure" objects="1393967" bytes="78459240" bytesdiscarded="40936" />
  <finalization candidates="1" enqueued="0" />
  <object-monitors candidates="2" cleared="0"  />
</gc-op>
<gc-end id="502" type="scavenge" contextid="498" durationms="76.130" usertimems="293.988" systemtimems="0.000" stalltimems="4.828" timestamp="2022-02-08T17:29:15.503" activeThreads="4">
  <mem-info id="503" free="308328944" total="1073741824" percent="28">
    <mem type="nursery" free="108420776" total="268435456" percent="40">
      <mem type="allocate" free="108420776" total="179306496" percent="60" />
      <mem type="survivor" free="0" total="89128960" percent="0" />
    </mem>
    <mem type="tenure" free="199908168" total="805306368" percent="24" macro-fragmented="0">
      <mem type="soa" free="159642440" total="765040640" percent="20" />
      <mem type="loa" free="40265728" total="40265728" percent="100" />
    </mem>
    <remembered-set count="103" />
  </mem-info>
</gc-end>
<cycle-end id="504" type="scavenge" contextid="498" timestamp="2022-02-08T17:29:15.503" />
<allocation-satisfied id="505" threadId="0000000000016F00" bytesRequested="200" />
<af-end id="506" timestamp="2022-02-08T17:29:15.503" threadId="0000000000017908" success="true" from="nursery"/>
<exclusive-end id="507" timestamp="2022-02-08T17:29:15.503" durationms="76.424" />

<concurrent-kickoff id="508" timestamp="2022-02-08T17:29:16.336">
  <kickoff reason="threshold reached" targetBytes="113997027" thresholdFreeBytes="12067591"  remainingFree="12063448" tenureFreeBytes="199908168" nurseryFreeBytes="12063448" />
</concurrent-kickoff>
<exclusive-start id="509" timestamp="2022-02-08T17:29:16.340" intervalms="912.998">
  <response-info timems="0.022" idlems="0.022" threads="0" lastid="0000000000016F00" lastname="main" />
</exclusive-start>
<cycle-start id="510" type="global" contextid="0" timestamp="2022-02-08T17:29:16.340" intervalms="2906.513" />
<concurrent-start id="511" type="global mark" contextid="510" timestamp="2022-02-08T17:29:16.340">
</concurrent-start>
<exclusive-end id="512" timestamp="2022-02-08T17:29:16.340" durationms="0.032" />

<exclusive-start id="513" timestamp="2022-02-08T17:29:16.589" intervalms="248.507">
  <response-info timems="0.027" idlems="0.027" threads="0" lastid="0000000000016F00" lastname="main" />
</exclusive-start>
<af-start id="514" threadId="0000000000017908" totalBytesRequested="128" timestamp="2022-02-08T17:29:16.589" intervalms="1161.506" type="nursery" />
<cycle-start id="515" type="scavenge" contextid="0" timestamp="2022-02-08T17:29:16.589" intervalms="1161.507" />
<gc-start id="516" type="scavenge" contextid="515" timestamp="2022-02-08T17:29:16.589">
  <mem-info id="517" free="199908168" total="1073741824" percent="18">
    <mem type="nursery" free="0" total="268435456" percent="0">
      <mem type="allocate" free="0" total="179306496" percent="0" />
      <mem type="survivor" free="0" total="89128960" percent="0" />
    </mem>
    <mem type="tenure" free="199908168" total="805306368" percent="24">
      <mem type="soa" free="159642440" total="765040640" percent="20" />
      <mem type="loa" free="40265728" total="40265728" percent="100" />
    </mem>
    <remembered-set count="133" />
  </mem-info>
</gc-start>
<allocation-stats totalBytes="108376352" >
  <allocated-bytes non-tlh="1493968" tlh="106882384" />
  <largest-consumer threadName="main" threadId="0000000000016F00" bytes="108376352" />
</allocation-stats>
<gc-op id="518" type="scavenge" timems="91.026" contextid="515" timestamp="2022-02-08T17:29:16.680">
  <scavenger-info tenureage="1" tenuremask="7ffe" tiltratio="66" />
  <memory-copied type="nursery" objects="1489950" bytes="76317240" bytesdiscarded="138544" />
  <memory-copied type="tenure" objects="1253464" bytes="70660712" bytesdiscarded="38008" />
  <finalization candidates="109" enqueued="53" />
  <references type="soft" candidates="14" cleared="0" enqueued="0" dynamicThreshold="13" maxThreshold="32" />
  <references type="weak" candidates="1" cleared="0" enqueued="0" />
  <references type="phantom" candidates="94" cleared="7" enqueued="7" />
  <object-monitors candidates="2" cleared="0"  />
</gc-op>
<gc-end id="519" type="scavenge" contextid="515" durationms="91.500" usertimems="306.517" systemtimems="2.749" stalltimems="7.050" timestamp="2022-02-08T17:29:16.680" activeThreads="4">
  <mem-info id="520" free="232206616" total="1073741824" percent="21">
    <mem type="nursery" free="102981656" total="268435456" percent="38">
      <mem type="allocate" free="102981656" total="179437568" percent="57" />
      <mem type="survivor" free="0" total="88997888" percent="0" />
    </mem>
    <mem type="tenure" free="129224960" total="805306368" percent="16" macro-fragmented="67675052">
      <mem type="soa" free="88959232" total="765040640" percent="11" />
      <mem type="loa" free="40265728" total="40265728" percent="100" />
    </mem>
    <pending-finalizers system="52" default="1" reference="7" classloader="0" />
    <remembered-set count="128" />
  </mem-info>
</gc-end>
<cycle-end id="521" type="scavenge" contextid="515" timestamp="2022-02-08T17:29:16.680" />
<allocation-satisfied id="522" threadId="0000000000016F00" bytesRequested="128" />
<af-end id="523" timestamp="2022-02-08T17:29:16.680" threadId="0000000000017908" success="true" from="nursery"/>
<exclusive-end id="524" timestamp="2022-02-08T17:29:16.680" durationms="91.863" />

<concurrent-end id="525" type="global mark" contextid="510" timestamp="2022-02-08T17:29:16.708">
<gc-op id="526" type="trace" timems="367.828" contextid="510" timestamp="2022-02-08T17:29:16.708">
  <trace bytesTraced="74513432" workStackOverflowCount="0" />
  <card-cleaning reason="card cleaning threshold reached" bytesTraced="480" cardsCleaned="2" />
</gc-op>
</concurrent-end>

<exclusive-start id="527" timestamp="2022-02-08T17:29:16.708" intervalms="119.391">
  <response-info timems="0.016" idlems="0.016" threads="0" lastid="0000000000016F00" lastname="main" />
</exclusive-start>
<concurrent-global-final id="528" timestamp="2022-02-08T17:29:16.708" contextid="510" intervalms="2938.508" >
  <concurrent-trace-info reason="card cleaning threshold reached" tracedByMutators="60905564" tracedByHelpers="13608348" cardsCleaned="2" workStackOverflowCount="0" />
</concurrent-global-final>
<gc-start id="529" type="global" contextid="510" timestamp="2022-02-08T17:29:16.708">
  <mem-info id="530" free="229871768" total="1073741824" percent="21">
    <mem type="nursery" free="100646808" total="268435456" percent="37">
      <mem type="allocate" free="100646808" total="179437568" percent="56" />
      <mem type="survivor" free="0" total="88997888" percent="0" />
    </mem>
    <mem type="tenure" free="129224960" total="805306368" percent="16">
      <mem type="soa" free="88959232" total="765040640" percent="11" />
      <mem type="loa" free="40265728" total="40265728" percent="100" />
    </mem>
    <remembered-set count="129" />
  </mem-info>
</gc-start>
<allocation-stats totalBytes="2333256" >
  <allocated-bytes non-tlh="128" tlh="2333128" />
  <largest-consumer threadName="main" threadId="0000000000016F00" bytes="2325064" />
</allocation-stats>
<gc-op id="531" type="rs-scan" timems="130.052" contextid="510" timestamp="2022-02-08T17:29:16.838">
  <scan objectsFound="3324742" bytesTraced="71013164" workStackOverflowCount="0" />
</gc-op>
<gc-op id="532" type="card-cleaning" timems="0.544" contextid="510" timestamp="2022-02-08T17:29:16.839">
  <card-cleaning cardsCleaned="4" bytesTraced="1760" workStackOverflowCount="0" />
</gc-op>
<gc-op id="533" type="mark" timems="11.154" contextid="510" timestamp="2022-02-08T17:29:16.850">
  <trace-info objectcount="398553" scancount="300436" scanbytes="6476632" />
  <finalization candidates="427" enqueued="57" />
  <ownableSynchronizers candidates="1" cleared="0" />
  <references type="soft" candidates="1063" cleared="0" enqueued="0" dynamicThreshold="13" maxThreshold="32" />
  <references type="weak" candidates="1701" cleared="0" enqueued="0" />
  <references type="phantom" candidates="51" cleared="2" enqueued="2" />
  <stringconstants candidates="6463" cleared="0"  />
  <object-monitors candidates="2" cleared="0"  />
</gc-op>
<gc-op id="534" type="sweep" timems="5.558" contextid="510" timestamp="2022-02-08T17:29:16.855" />
<gc-end id="535" type="global" contextid="510" durationms="147.486" usertimems="160.015" systemtimems="0.329" stalltimems="36.739" timestamp="2022-02-08T17:29:16.855" activeThreads="4">
  <mem-info id="536" free="473399520" total="1073741824" percent="44">
    <mem type="nursery" free="101358360" total="268435456" percent="37">
      <mem type="allocate" free="101358360" total="179437568" percent="56" />
      <mem type="survivor" free="0" total="88997888" percent="0" />
    </mem>
    <mem type="tenure" free="372041160" total="805306368" percent="46" micro-fragmented="282821" macro-fragmented="206078480">
      <mem type="soa" free="331775432" total="765040640" percent="43" />
      <mem type="loa" free="40265728" total="40265728" percent="100" />
    </mem>
    <pending-finalizers system="57" default="0" reference="2" classloader="0" />
    <remembered-set count="111" />
  </mem-info>
</gc-end>
<cycle-end id="537" type="global" contextid="510" timestamp="2022-02-08T17:29:16.856" />
<exclusive-end id="538" timestamp="2022-02-08T17:29:16.856" durationms="147.725" />

<exclusive-start id="539" timestamp="2022-02-08T17:29:17.628" intervalms="920.134">
  <response-info timems="0.020" idlems="0.020" threads="0" lastid="0000000000016F00" lastname="main" />
</exclusive-start>
<af-start id="540" threadId="0000000000017908" totalBytesRequested="112" timestamp="2022-02-08T17:29:17.628" intervalms="1039.530" type="nursery" />
<cycle-start id="541" type="scavenge" contextid="0" timestamp="2022-02-08T17:29:17.628" intervalms="1039.545" />
<gc-start id="542" type="scavenge" contextid="541" timestamp="2022-02-08T17:29:17.628">
  <mem-info id="543" free="372041160" total="1073741824" percent="34">
    <mem type="nursery" free="0" total="268435456" percent="0">
      <mem type="allocate" free="0" total="179437568" percent="0" />
      <mem type="survivor" free="0" total="88997888" percent="0" />
    </mem>
    <mem type="tenure" free="372041160" total="805306368" percent="46">
      <mem type="soa" free="331775432" total="765040640" percent="43" />
      <mem type="loa" free="40265728" total="40265728" percent="100" />
    </mem>
    <remembered-set count="112" />
  </mem-info>
</gc-start>
<allocation-stats totalBytes="101306848" >
  <allocated-bytes non-tlh="1347680" tlh="99959168" />
  <largest-consumer threadName="main" threadId="0000000000016F00" bytes="101294592" />
</allocation-stats>
<gc-op id="544" type="scavenge" timems="96.419" contextid="541" timestamp="2022-02-08T17:29:17.725">
  <scavenger-info tenureage="1" tenuremask="7ffe" tiltratio="66" />
  <memory-copied type="nursery" objects="1294173" bytes="74083936" bytesdiscarded="291560" />
  <memory-copied type="tenure" objects="1489227" bytes="75373992" bytesdiscarded="36632" />
  <finalization candidates="57" enqueued="0" />
  <ownableSynchronizers candidates="2" cleared="2" />
  <references type="phantom" candidates="1" cleared="0" enqueued="0" />
  <object-monitors candidates="2" cleared="0"  />
</gc-op>
<gc-end id="545" type="scavenge" contextid="541" durationms="96.656" usertimems="298.178" systemtimems="0.000" stalltimems="3.081" timestamp="2022-02-08T17:29:17.725" activeThreads="4">
  <mem-info id="546" free="402882416" total="1073741824" percent="37">
    <mem type="nursery" free="106372792" total="268435456" percent="39">
      <mem type="allocate" free="106372792" total="180748288" percent="58" />
      <mem type="survivor" free="0" total="87687168" percent="0" />
    </mem>
    <mem type="tenure" free="296509624" total="805306368" percent="36" macro-fragmented="723458">
      <mem type="soa" free="256243896" total="765040640" percent="33" />
      <mem type="loa" free="40265728" total="40265728" percent="100" />
    </mem>
    <remembered-set count="102" />
  </mem-info>
</gc-end>
<cycle-end id="547" type="scavenge" contextid="541" timestamp="2022-02-08T17:29:17.725" />
<allocation-satisfied id="548" threadId="0000000000016F00" bytesRequested="112" />
<af-end id="549" timestamp="2022-02-08T17:29:17.725" threadId="0000000000017908" success="true" from="nursery"/>
<exclusive-end id="550" timestamp="2022-02-08T17:29:17.725" durationms="96.926" />

<exclusive-start id="551" timestamp="2022-02-08T17:29:18.425" intervalms="796.785">
  <response-info timems="0.017" idlems="0.017" threads="0" lastid="0000000000016F00" lastname="main" />
</exclusive-start>
<af-start id="552" threadId="0000000000017908" totalBytesRequested="88" timestamp="2022-02-08T17:29:18.425" intervalms="796.787" type="nursery" />
<cycle-start id="553" type="scavenge" contextid="0" timestamp="2022-02-08T17:29:18.425" intervalms="796.771" />
<gc-start id="554" type="scavenge" contextid="553" timestamp="2022-02-08T17:29:18.425">
  <mem-info id="555" free="296509624" total="1073741824" percent="27">
    <mem type="nursery" free="0" total="268435456" percent="0">
      <mem type="allocate" free="0" total="180748288" percent="0" />
      <mem type="survivor" free="0" total="87687168" percent="0" />
    </mem>
    <mem type="tenure" free="296509624" total="805306368" percent="36">
      <mem type="soa" free="256243896" total="765040640" percent="33" />
      <mem type="loa" free="40265728" total="40265728" percent="100" />
    </mem>
    <remembered-set count="102" />
  </mem-info>
</gc-start>
<allocation-stats totalBytes="106322504" >
  <allocated-bytes non-tlh="112" tlh="106322392" />
  <largest-consumer threadName="main" threadId="0000000000016F00" bytes="106322504" />
</allocation-stats>
<gc-op id="556" type="scavenge" timems="73.810" contextid="553" timestamp="2022-02-08T17:29:18.499">
  <scavenger-info tenureage="1" tenuremask="7ffe" tiltratio="67" />
  <memory-copied type="nursery" objects="1338845" bytes="75607440" bytesdiscarded="96624" />
  <memory-copied type="tenure" objects="1294173" bytes="74083936" bytesdiscarded="42000" />
  <finalization candidates="1" enqueued="0" />
  <object-monitors candidates="2" cleared="0"  />
</gc-op>
<gc-end id="557" type="scavenge" contextid="553" durationms="74.016" usertimems="291.085" systemtimems="0.000" stalltimems="3.119" timestamp="2022-02-08T17:29:18.499" activeThreads="4">
  <mem-info id="558" free="328176456" total="1073741824" percent="30">
    <mem type="nursery" free="105896192" total="268435456" percent="39">
      <mem type="allocate" free="105896192" total="181600256" percent="58" />
      <mem type="survivor" free="0" total="86835200" percent="0" />
    </mem>
    <mem type="tenure" free="222280264" total="805306368" percent="27" macro-fragmented="143110048">
      <mem type="soa" free="182014536" total="765040640" percent="23" />
      <mem type="loa" free="40265728" total="40265728" percent="100" />
    </mem>
    <remembered-set count="103" />
  </mem-info>
</gc-end>
<cycle-end id="559" type="scavenge" contextid="553" timestamp="2022-02-08T17:29:18.499" />
<allocation-satisfied id="560" threadId="0000000000016F00" bytesRequested="88" />
<af-end id="561" timestamp="2022-02-08T17:29:18.499" threadId="0000000000017908" success="true" from="nursery"/>
<exclusive-end id="562" timestamp="2022-02-08T17:29:18.499" durationms="74.263" />

<exclusive-start id="563" timestamp="2022-02-08T17:29:19.259" intervalms="834.189">
  <response-info timems="0.019" idlems="0.019" threads="0" lastid="0000000000016F00" lastname="main" />
</exclusive-start>
<af-start id="564" threadId="0000000000017908" totalBytesRequested="24" timestamp="2022-02-08T17:29:19.259" intervalms="834.181" type="nursery" />
<cycle-start id="565" type="scavenge" contextid="0" timestamp="2022-02-08T17:29:19.259" intervalms="834.181" />
<gc-start id="566" type="scavenge" contextid="565" timestamp="2022-02-08T17:29:19.259">
  <mem-info id="567" free="222280264" total="1073741824" percent="20">
    <mem type="nursery" free="0" total="268435456" percent="0">
      <mem type="allocate" free="0" total="181600256" percent="0" />
      <mem type="survivor" free="0" total="86835200" percent="0" />
    </mem>
    <mem type="tenure" free="222280264" total="805306368" percent="27">
      <mem type="soa" free="182014536" total="765040640" percent="23" />
      <mem type="loa" free="40265728" total="40265728" percent="100" />
    </mem>
    <remembered-set count="120" />
  </mem-info>
</gc-start>
<allocation-stats totalBytes="105849432" >
  <allocated-bytes non-tlh="626616" tlh="105222816" />
  <largest-consumer threadName="main" threadId="0000000000016F00" bytes="105849432" />
</allocation-stats>
<gc-op id="568" type="scavenge" timems="84.966" contextid="565" timestamp="2022-02-08T17:29:19.344">
  <scavenger-info tenureage="1" tenuremask="7ffe" tiltratio="67" />
  <memory-copied type="nursery" objects="1393345" bytes="74932120" bytesdiscarded="100976" />
  <memory-copied type="tenure" objects="1338844" bytes="75607384" bytesdiscarded="40192" />
  <finalization candidates="57" enqueued="30" />
  <references type="phantom" candidates="57" cleared="0" enqueued="0" />
  <object-monitors candidates="2" cleared="0"  />
</gc-op>
<gc-end id="569" type="scavenge" contextid="565" durationms="85.328" usertimems="314.654" systemtimems="3.926" stalltimems="8.066" timestamp="2022-02-08T17:29:19.344" activeThreads="4">
  <mem-info id="570" free="254334672" total="1073741824" percent="23">
    <mem type="nursery" free="107615736" total="268435456" percent="40">
      <mem type="allocate" free="107615736" total="182648832" percent="58" />
      <mem type="survivor" free="0" total="85786624" percent="0" />
    </mem>
    <mem type="tenure" free="146718936" total="805306368" percent="18" macro-fragmented="139321344">
      <mem type="soa" free="106453208" total="765040640" percent="13" />
      <mem type="loa" free="40265728" total="40265728" percent="100" />
    </mem>
    <pending-finalizers system="30" default="0" reference="0" classloader="0" />
    <remembered-set count="118" />
  </mem-info>
</gc-end>
<cycle-end id="571" type="scavenge" contextid="565" timestamp="2022-02-08T17:29:19.345" />
<allocation-satisfied id="572" threadId="0000000000016F00" bytesRequested="24" />
<af-end id="573" timestamp="2022-02-08T17:29:19.345" threadId="0000000000017908" success="true" from="nursery"/>
<exclusive-end id="574" timestamp="2022-02-08T17:29:19.345" durationms="85.625" />

<concurrent-kickoff id="575" timestamp="2022-02-08T17:29:20.114">
  <kickoff reason="threshold reached" targetBytes="105988848" thresholdFreeBytes="10811363"  remainingFree="10795480" tenureFreeBytes="146718936" nurseryFreeBytes="10795480" />
</concurrent-kickoff>
<exclusive-start id="576" timestamp="2022-02-08T17:29:20.117" intervalms="857.578">
  <response-info timems="0.019" idlems="0.019" threads="0" lastid="0000000000016F00" lastname="main" />
</exclusive-start>
<cycle-start id="577" type="global" contextid="0" timestamp="2022-02-08T17:29:20.117" intervalms="3776.578" />
<concurrent-start id="578" type="global mark" contextid="577" timestamp="2022-02-08T17:29:20.117">
</concurrent-start>
<exclusive-end id="579" timestamp="2022-02-08T17:29:20.117" durationms="0.025" />

<exclusive-start id="580" timestamp="2022-02-08T17:29:20.325" intervalms="207.985">
  <response-info timems="0.033" idlems="0.033" threads="0" lastid="0000000000016F00" lastname="main" />
</exclusive-start>
<af-start id="581" threadId="0000000000017908" totalBytesRequested="24" timestamp="2022-02-08T17:29:20.325" intervalms="1065.574" type="nursery" />
<cycle-start id="582" type="scavenge" contextid="0" timestamp="2022-02-08T17:29:20.325" intervalms="1065.574" />
<gc-start id="583" type="scavenge" contextid="582" timestamp="2022-02-08T17:29:20.325">
  <mem-info id="584" free="146718936" total="1073741824" percent="13">
    <mem type="nursery" free="0" total="268435456" percent="0">
      <mem type="allocate" free="0" total="182648832" percent="0" />
      <mem type="survivor" free="0" total="85786624" percent="0" />
    </mem>
    <mem type="tenure" free="146718936" total="805306368" percent="18">
      <mem type="soa" free="106453208" total="765040640" percent="13" />
      <mem type="loa" free="40265728" total="40265728" percent="100" />
    </mem>
    <remembered-set count="132" />
  </mem-info>
</gc-start>
<allocation-stats totalBytes="107565968" >
  <allocated-bytes non-tlh="2214944" tlh="105351024" />
  <largest-consumer threadName="main" threadId="0000000000016F00" bytes="107561872" />
</allocation-stats>
<gc-op id="585" type="scavenge" timems="104.364" contextid="582" timestamp="2022-02-08T17:29:20.429">
  <scavenger-info tenureage="1" tenuremask="7ffe" tiltratio="68" />
  <memory-copied type="nursery" objects="1367046" bytes="76114448" bytesdiscarded="142336" />
  <memory-copied type="tenure" objects="1392813" bytes="74491776" bytesdiscarded="36560" />
  <finalization candidates="80" enqueued="23" />
  <references type="soft" candidates="14" cleared="0" enqueued="0" dynamicThreshold="14" maxThreshold="32" />
  <references type="weak" candidates="1" cleared="0" enqueued="0" />
  <references type="phantom" candidates="65" cleared="7" enqueued="7" />
  <object-monitors candidates="2" cleared="0"  />
</gc-op>
<gc-end id="586" type="scavenge" contextid="582" durationms="104.581" usertimems="316.715" systemtimems="0.156" stalltimems="3.504" timestamp="2022-02-08T17:29:20.429" activeThreads="4">
  <mem-info id="587" free="180341176" total="1073741824" percent="16">
    <mem type="nursery" free="108226928" total="268435456" percent="40">
      <mem type="allocate" free="108226928" total="184483840" percent="58" />
      <mem type="survivor" free="0" total="83951616" percent="0" />
    </mem>
    <mem type="tenure" free="72114248" total="805306368" percent="8" macro-fragmented="418667">
      <mem type="soa" free="31848520" total="765040640" percent="4" />
      <mem type="loa" free="40265728" total="40265728" percent="100" />
    </mem>
    <pending-finalizers system="22" default="1" reference="7" classloader="0" />
    <remembered-set count="115" />
  </mem-info>
</gc-end>
<cycle-end id="588" type="scavenge" contextid="582" timestamp="2022-02-08T17:29:20.429" />
<allocation-satisfied id="589" threadId="0000000000016F00" bytesRequested="24" />
<af-end id="590" timestamp="2022-02-08T17:29:20.429" threadId="0000000000017908" success="true" from="nursery"/>
<exclusive-end id="591" timestamp="2022-02-08T17:29:20.429" durationms="104.880" />

<concurrent-end id="592" type="global mark" contextid="577" timestamp="2022-02-08T17:29:20.483">
<gc-op id="593" type="trace" timems="366.578" contextid="577" timestamp="2022-02-08T17:29:20.483">
  <trace bytesTraced="74513592" workStackOverflowCount="0" />
  <card-cleaning reason="card cleaning threshold reached" bytesTraced="480" cardsCleaned="2" />
</gc-op>
</concurrent-end>

<exclusive-start id="594" timestamp="2022-02-08T17:29:20.483" intervalms="158.658">
  <response-info timems="0.016" idlems="0.016" threads="0" lastid="0000000000016F00" lastname="main" />
</exclusive-start>
<concurrent-global-final id="595" timestamp="2022-02-08T17:29:20.483" contextid="577" intervalms="3775.329" >
  <concurrent-trace-info reason="card cleaning threshold reached" tracedByMutators="58349776" tracedByHelpers="16164296" cardsCleaned="2" workStackOverflowCount="0" />
</concurrent-global-final>
<gc-start id="596" type="global" contextid="577" timestamp="2022-02-08T17:29:20.483">
  <mem-info id="597" free="177220000" total="1073741824" percent="16">
    <mem type="nursery" free="105105752" total="268435456" percent="39">
      <mem type="allocate" free="105105752" total="184483840" percent="56" />
      <mem type="survivor" free="0" total="83951616" percent="0" />
    </mem>
    <mem type="tenure" free="72114248" total="805306368" percent="8">
      <mem type="soa" free="31848520" total="765040640" percent="4" />
      <mem type="loa" free="40265728" total="40265728" percent="100" />
    </mem>
    <remembered-set count="116" />
  </mem-info>
</gc-start>
<allocation-stats totalBytes="3119688" >
  <allocated-bytes non-tlh="24" tlh="3119664" />
  <largest-consumer threadName="main" threadId="0000000000016F00" bytes="3111496" />
</allocation-stats>
<gc-op id="598" type="rs-scan" timems="136.265" contextid="577" timestamp="2022-02-08T17:29:20.620">
  <scan objectsFound="3324743" bytesTraced="71013236" workStackOverflowCount="0" />
</gc-op>
<gc-op id="599" type="card-cleaning" timems="0.511" contextid="577" timestamp="2022-02-08T17:29:20.620">
  <card-cleaning cardsCleaned="4" bytesTraced="1808" workStackOverflowCount="0" />
</gc-op>
<gc-op id="600" type="mark" timems="45.214" contextid="577" timestamp="2022-02-08T17:29:20.665">
  <trace-info objectcount="1383277" scancount="1038983" scanbytes="22232736" />
  <finalization candidates="428" enqueued="57" />
  <ownableSynchronizers candidates="1" cleared="0" />
  <references type="soft" candidates="1063" cleared="0" enqueued="0" dynamicThreshold="14" maxThreshold="32" />
  <references type="weak" candidates="1701" cleared="0" enqueued="0" />
  <references type="phantom" candidates="52" cleared="2" enqueued="2" />
  <stringconstants candidates="6463" cleared="0"  />
  <object-monitors candidates="2" cleared="0"  />
</gc-op>
<gc-op id="601" type="sweep" timems="6.040" contextid="577" timestamp="2022-02-08T17:29:20.672" />
<gc-end id="602" type="global" contextid="577" durationms="188.546" usertimems="234.926" systemtimems="4.663" stalltimems="104.143" timestamp="2022-02-08T17:29:20.672" activeThreads="4">
  <mem-info id="603" free="420611440" total="1073741824" percent="39">
    <mem type="nursery" free="105554616" total="268435456" percent="39">
      <mem type="allocate" free="105554616" total="184483840" percent="57" />
      <mem type="survivor" free="0" total="83951616" percent="0" />
    </mem>
    <mem type="tenure" free="315056824" total="805306368" percent="39" micro-fragmented="328190" macro-fragmented="0">
      <mem type="soa" free="274791096" total="765040640" percent="35" />
      <mem type="loa" free="40265728" total="40265728" percent="100" />
    </mem>
    <pending-finalizers system="57" default="0" reference="2" classloader="0" />
    <remembered-set count="103" />
  </mem-info>
</gc-end>
<cycle-end id="604" type="global" contextid="577" timestamp="2022-02-08T17:29:20.672" />
<exclusive-end id="605" timestamp="2022-02-08T17:29:20.672" durationms="188.779" />

<exclusive-start id="606" timestamp="2022-02-08T17:29:21.386" intervalms="902.332">
  <response-info timems="0.028" idlems="0.028" threads="0" lastid="0000000000016F00" lastname="main" />
</exclusive-start>
<af-start id="607" threadId="0000000000017908" totalBytesRequested="104" timestamp="2022-02-08T17:29:21.386" intervalms="1060.998" type="nursery" />
<cycle-start id="608" type="scavenge" contextid="0" timestamp="2022-02-08T17:29:21.386" intervalms="1061.000" />
<gc-start id="609" type="scavenge" contextid="608" timestamp="2022-02-08T17:29:21.386">
  <mem-info id="610" free="315056824" total="1073741824" percent="29">
    <mem type="nursery" free="0" total="268435456" percent="0">
      <mem type="allocate" free="0" total="184483840" percent="0" />
      <mem type="survivor" free="0" total="83951616" percent="0" />
    </mem>
    <mem type="tenure" free="315056824" total="805306368" percent="39">
      <mem type="soa" free="274791096" total="765040640" percent="35" />
      <mem type="loa" free="40265728" total="40265728" percent="100" />
    </mem>
    <remembered-set count="104" />
  </mem-info>
</gc-start>
<allocation-stats totalBytes="105504824" >
  <allocated-bytes non-tlh="0" tlh="105504824" />
  <largest-consumer threadName="main" threadId="0000000000016F00" bytes="105496384" />
</allocation-stats>
<gc-op id="611" type="scavenge" timems="89.326" contextid="608" timestamp="2022-02-08T17:29:21.475">
  <scavenger-info tenureage="1" tenuremask="7ffe" tiltratio="68" />
  <memory-copied type="nursery" objects="1418187" bytes="77337816" bytesdiscarded="202208" />
  <memory-copied type="tenure" objects="1366721" bytes="75906824" bytesdiscarded="39464" />
  <finalization candidates="30" enqueued="0" />
  <ownableSynchronizers candidates="2" cleared="2" />
  <object-monitors candidates="2" cleared="0"  />
</gc-op>
<gc-end id="612" type="scavenge" contextid="608" durationms="89.713" usertimems="297.071" systemtimems="0.000" stalltimems="14.555" timestamp="2022-02-08T17:29:21.475" activeThreads="4">
  <mem-info id="613" free="345152544" total="1073741824" percent="32">
    <mem type="nursery" free="106222920" total="268435456" percent="39">
      <mem type="allocate" free="106222920" total="183762944" percent="57" />
      <mem type="survivor" free="0" total="84672512" percent="0" />
    </mem>
    <mem type="tenure" free="238929624" total="805306368" percent="29" macro-fragmented="0">
      <mem type="soa" free="198663896" total="765040640" percent="25" />
      <mem type="loa" free="40265728" total="40265728" percent="100" />
    </mem>
    <remembered-set count="102" />
  </mem-info>
</gc-end>
<cycle-end id="614" type="scavenge" contextid="608" timestamp="2022-02-08T17:29:21.476" />
<allocation-satisfied id="615" threadId="0000000000016F00" bytesRequested="104" />
<af-end id="616" timestamp="2022-02-08T17:29:21.476" threadId="0000000000017908" success="true" from="nursery"/>
<exclusive-end id="617" timestamp="2022-02-08T17:29:21.476" durationms="90.053" />

<exclusive-start id="618" timestamp="2022-02-08T17:29:22.138" intervalms="752.806">
  <response-info timems="0.017" idlems="0.017" threads="0" lastid="0000000000016F00" lastname="main" />
</exclusive-start>
<af-start id="619" threadId="0000000000017908" totalBytesRequested="232" timestamp="2022-02-08T17:29:22.138" intervalms="752.783" type="nursery" />
<cycle-start id="620" type="scavenge" contextid="0" timestamp="2022-02-08T17:29:22.138" intervalms="752.780" />
<gc-start id="621" type="scavenge" contextid="620" timestamp="2022-02-08T17:29:22.138">
  <mem-info id="622" free="238929624" total="1073741824" percent="22">
    <mem type="nursery" free="0" total="268435456" percent="0">
      <mem type="allocate" free="0" total="183762944" percent="0" />
      <mem type="survivor" free="0" total="84672512" percent="0" />
    </mem>
    <mem type="tenure" free="238929624" total="805306368" percent="29">
      <mem type="soa" free="198663896" total="765040640" percent="25" />
      <mem type="loa" free="40265728" total="40265728" percent="100" />
    </mem>
    <remembered-set count="102" />
  </mem-info>
</gc-start>
<allocation-stats totalBytes="106172808" >
  <allocated-bytes non-tlh="104" tlh="106172704" />
  <largest-consumer threadName="main" threadId="0000000000016F00" bytes="106172808" />
</allocation-stats>
<gc-op id="623" type="scavenge" timems="74.776" contextid="620" timestamp="2022-02-08T17:29:22.213">
  <scavenger-info tenureage="1" tenuremask="7ffe" tiltratio="68" />
  <memory-copied type="nursery" objects="1319193" bytes="75470448" bytesdiscarded="186488" />
  <memory-copied type="tenure" objects="1418187" bytes="77337816" bytesdiscarded="37032" />
  <object-monitors candidates="2" cleared="0"  />
</gc-op>
<gc-end id="624" type="scavenge" contextid="620" durationms="75.266" usertimems="293.670" systemtimems="0.356" stalltimems="3.782" timestamp="2022-02-08T17:29:22.214" activeThreads="4">
  <mem-info id="625" free="269849544" total="1073741824" percent="25">
    <mem type="nursery" free="108302616" total="268435456" percent="40">
      <mem type="allocate" free="108302616" total="183959552" percent="58" />
      <mem type="survivor" free="0" total="84475904" percent="0" />
    </mem>
    <mem type="tenure" free="161546928" total="805306368" percent="20" macro-fragmented="502401">
      <mem type="soa" free="121281200" total="765040640" percent="15" />
      <mem type="loa" free="40265728" total="40265728" percent="100" />
    </mem>
    <remembered-set count="103" />
  </mem-info>
</gc-end>
<cycle-end id="626" type="scavenge" contextid="620" timestamp="2022-02-08T17:29:22.214" />
<allocation-satisfied id="627" threadId="0000000000016F00" bytesRequested="232" />
<af-end id="628" timestamp="2022-02-08T17:29:22.214" threadId="0000000000017908" success="true" from="nursery"/>
<exclusive-end id="629" timestamp="2022-02-08T17:29:22.214" durationms="75.553" />

<concurrent-kickoff id="630" timestamp="2022-02-08T17:29:23.064">
  <kickoff reason="threshold reached" targetBytes="99615803" thresholdFreeBytes="9802855"  remainingFree="9680072" tenureFreeBytes="161546928" nurseryFreeBytes="9680072" />
</concurrent-kickoff>
<exclusive-start id="631" timestamp="2022-02-08T17:29:23.067" intervalms="928.643">
  <response-info timems="0.021" idlems="0.021" threads="0" lastid="0000000000016F00" lastname="main" />
</exclusive-start>
<cycle-start id="632" type="global" contextid="0" timestamp="2022-02-08T17:29:23.067" intervalms="2950.424" />
<concurrent-start id="633" type="global mark" contextid="632" timestamp="2022-02-08T17:29:23.067">
</concurrent-start>
<exclusive-end id="634" timestamp="2022-02-08T17:29:23.067" durationms="0.032" />

<exclusive-start id="635" timestamp="2022-02-08T17:29:23.269" intervalms="202.014">
  <response-info timems="0.036" idlems="0.036" threads="0" lastid="0000000000016F00" lastname="main" />
</exclusive-start>
<af-start id="636" threadId="0000000000017908" totalBytesRequested="200" timestamp="2022-02-08T17:29:23.269" intervalms="1130.661" type="nursery" />
<cycle-start id="637" type="scavenge" contextid="0" timestamp="2022-02-08T17:29:23.269" intervalms="1130.661" />
<gc-start id="638" type="scavenge" contextid="637" timestamp="2022-02-08T17:29:23.269">
  <mem-info id="639" free="161546928" total="1073741824" percent="15">
    <mem type="nursery" free="0" total="268435456" percent="0">
      <mem type="allocate" free="0" total="183959552" percent="0" />
      <mem type="survivor" free="0" total="84475904" percent="0" />
    </mem>
    <mem type="tenure" free="161546928" total="805306368" percent="20">
      <mem type="soa" free="121281200" total="765040640" percent="15" />
      <mem type="loa" free="40265728" total="40265728" percent="100" />
    </mem>
    <remembered-set count="134" />
  </mem-info>
</gc-start>
<allocation-stats totalBytes="108256504" >
  <allocated-bytes non-tlh="2841680" tlh="105414824" />
  <largest-consumer threadName="main" threadId="0000000000016F00" bytes="108256504" />
</allocation-stats>
<gc-op id="640" type="scavenge" timems="79.892" contextid="637" timestamp="2022-02-08T17:29:23.349">
  <scavenger-info tenureage="1" tenuremask="7ffe" tiltratio="68" />
  <memory-copied type="nursery" objects="1458377" bytes="76133088" bytesdiscarded="392464" />
  <memory-copied type="tenure" objects="1319192" bytes="75470320" bytesdiscarded="40336" />
  <finalization candidates="110" enqueued="53" />
  <references type="soft" candidates="14" cleared="0" enqueued="0" dynamicThreshold="12" maxThreshold="32" />
  <references type="weak" candidates="1" cleared="0" enqueued="0" />
  <references type="phantom" candidates="95" cleared="7" enqueued="7" />
  <object-monitors candidates="2" cleared="0"  />
</gc-op>
<gc-end id="641" type="scavenge" contextid="637" durationms="80.121" usertimems="292.305" systemtimems="3.623" stalltimems="9.320" timestamp="2022-02-08T17:29:23.349" activeThreads="4">
  <mem-info id="642" free="193561056" total="1073741824" percent="18">
    <mem type="nursery" free="107761552" total="268435456" percent="40">
      <mem type="allocate" free="107761552" total="184287232" percent="58" />
      <mem type="survivor" free="0" total="84148224" percent="0" />
    </mem>
    <mem type="tenure" free="85799504" total="805306368" percent="10" macro-fragmented="0">
      <mem type="soa" free="45533776" total="765040640" percent="5" />
      <mem type="loa" free="40265728" total="40265728" percent="100" />
    </mem>
    <pending-finalizers system="52" default="1" reference="7" classloader="0" />
    <remembered-set count="129" />
  </mem-info>
</gc-end>
<cycle-end id="643" type="scavenge" contextid="637" timestamp="2022-02-08T17:29:23.349" />
<allocation-satisfied id="644" threadId="0000000000016F00" bytesRequested="200" />
<af-end id="645" timestamp="2022-02-08T17:29:23.349" threadId="0000000000017908" success="true" from="nursery"/>
<exclusive-end id="646" timestamp="2022-02-08T17:29:23.349" durationms="80.400" />

<concurrent-end id="647" type="global mark" contextid="632" timestamp="2022-02-08T17:29:23.398">
<gc-op id="648" type="trace" timems="330.752" contextid="632" timestamp="2022-02-08T17:29:23.398">
  <trace bytesTraced="74513912" workStackOverflowCount="0" />
  <card-cleaning reason="card cleaning threshold reached" bytesTraced="480" cardsCleaned="2" />
</gc-op>
</concurrent-end>

<exclusive-start id="649" timestamp="2022-02-08T17:29:23.398" intervalms="128.824">
  <response-info timems="0.017" idlems="0.017" threads="0" lastid="0000000000016F00" lastname="main" />
</exclusive-start>
<concurrent-global-final id="650" timestamp="2022-02-08T17:29:23.398" contextid="632" intervalms="2914.626" >
  <concurrent-trace-info reason="card cleaning threshold reached" tracedByMutators="60671100" tracedByHelpers="13843292" cardsCleaned="2" workStackOverflowCount="0" />
</concurrent-global-final>
<gc-start id="651" type="global" contextid="632" timestamp="2022-02-08T17:29:23.398">
  <mem-info id="652" free="189784344" total="1073741824" percent="17">
    <mem type="nursery" free="103984840" total="268435456" percent="38">
      <mem type="allocate" free="103984840" total="184287232" percent="56" />
      <mem type="survivor" free="0" total="84148224" percent="0" />
    </mem>
    <mem type="tenure" free="85799504" total="805306368" percent="10">
      <mem type="soa" free="45533776" total="765040640" percent="5" />
      <mem type="loa" free="40265728" total="40265728" percent="100" />
    </mem>
    <remembered-set count="130" />
  </mem-info>
</gc-start>
<allocation-stats totalBytes="3775000" >
  <allocated-bytes non-tlh="200" tlh="3774800" />
  <largest-consumer threadName="main" threadId="0000000000016F00" bytes="3766808" />
</allocation-stats>
<gc-op id="653" type="rs-scan" timems="127.239" contextid="632" timestamp="2022-02-08T17:29:23.525">
  <scan objectsFound="3324743" bytesTraced="71013236" workStackOverflowCount="0" />
</gc-op>
<gc-op id="654" type="card-cleaning" timems="0.287" contextid="632" timestamp="2022-02-08T17:29:23.526">
  <card-cleaning cardsCleaned="4" bytesTraced="1696" workStackOverflowCount="0" />
</gc-op>
<gc-op id="655" type="mark" timems="29.075" contextid="632" timestamp="2022-02-08T17:29:23.555">
  <trace-info objectcount="1144161" scancount="859647" scanbytes="18406856" />
  <finalization candidates="428" enqueued="57" />
  <ownableSynchronizers candidates="1" cleared="0" />
  <references type="soft" candidates="1063" cleared="0" enqueued="0" dynamicThreshold="12" maxThreshold="32" />
  <references type="weak" candidates="1701" cleared="0" enqueued="0" />
  <references type="phantom" candidates="52" cleared="2" enqueued="2" />
  <stringconstants candidates="6463" cleared="0"  />
  <object-monitors candidates="2" cleared="0"  />
</gc-op>
<gc-op id="656" type="sweep" timems="4.531" contextid="632" timestamp="2022-02-08T17:29:23.559" />
<gc-end id="657" type="global" contextid="632" durationms="161.342" usertimems="174.929" systemtimems="1.324" stalltimems="86.811" timestamp="2022-02-08T17:29:23.559" activeThreads="4">
  <mem-info id="658" free="433905176" total="1073741824" percent="40">
    <mem type="nursery" free="104944816" total="268435456" percent="39">
      <mem type="allocate" free="104944816" total="184287232" percent="56" />
      <mem type="survivor" free="0" total="84148224" percent="0" />
    </mem>
    <mem type="tenure" free="328960360" total="805306368" percent="40" micro-fragmented="288258" macro-fragmented="0">
      <mem type="soa" free="288694632" total="765040640" percent="37" />
      <mem type="loa" free="40265728" total="40265728" percent="100" />
    </mem>
    <pending-finalizers system="57" default="0" reference="2" classloader="0" />
    <remembered-set count="112" />
  </mem-info>
</gc-end>
<cycle-end id="659" type="global" contextid="632" timestamp="2022-02-08T17:29:23.559" />
<exclusive-end id="660" timestamp="2022-02-08T17:29:23.559" durationms="161.602" />

<exclusive-start id="661" timestamp="2022-02-08T17:29:24.308" intervalms="910.122">
  <response-info timems="0.018" idlems="0.018" threads="0" lastid="0000000000016F00" lastname="main" />
</exclusive-start>
<af-start id="662" threadId="0000000000017908" totalBytesRequested="184" timestamp="2022-02-08T17:29:24.308" intervalms="1038.946" type="nursery" />
<cycle-start id="663" type="scavenge" contextid="0" timestamp="2022-02-08T17:29:24.308" intervalms="1038.947" />
<gc-start id="664" type="scavenge" contextid="663" timestamp="2022-02-08T17:29:24.308">
  <mem-info id="665" free="328960360" total="1073741824" percent="30">
    <mem type="nursery" free="0" total="268435456" percent="0">
      <mem type="allocate" free="0" total="184287232" percent="0" />
      <mem type="survivor" free="0" total="84148224" percent="0" />
    </mem>
    <mem type="tenure" free="328960360" total="805306368" percent="40">
      <mem type="soa" free="288694632" total="765040640" percent="37" />
      <mem type="loa" free="40265728" total="40265728" percent="100" />
    </mem>
    <remembered-set count="113" />
  </mem-info>
</gc-start>
<allocation-stats totalBytes="104896432" >
  <allocated-bytes non-tlh="0" tlh="104896432" />
  <largest-consumer threadName="main" threadId="0000000000016F00" bytes="104892336" />
</allocation-stats>
<gc-op id="666" type="scavenge" timems="77.854" contextid="663" timestamp="2022-02-08T17:29:24.386">
  <scavenger-info tenureage="1" tenuremask="7ffe" tiltratio="68" />
  <memory-copied type="nursery" objects="1399887" bytes="77311344" bytesdiscarded="270480" />
  <memory-copied type="tenure" objects="1457661" bytes="75665040" bytesdiscarded="39864" />
  <finalization candidates="57" enqueued="0" />
  <ownableSynchronizers candidates="2" cleared="2" />
  <object-monitors candidates="2" cleared="0"  />
</gc-op>
<gc-end id="667" type="scavenge" contextid="663" durationms="78.051" usertimems="302.051" systemtimems="3.279" stalltimems="3.029" timestamp="2022-02-08T17:29:24.386" activeThreads="4">
  <mem-info id="668" free="359237000" total="1073741824" percent="33">
    <mem type="nursery" free="106181120" total="268435456" percent="39">
      <mem type="allocate" free="106181120" total="183762944" percent="57" />
      <mem type="survivor" free="0" total="84672512" percent="0" />
    </mem>
    <mem type="tenure" free="253055880" total="805306368" percent="31" macro-fragmented="0">
      <mem type="soa" free="212790152" total="765040640" percent="27" />
      <mem type="loa" free="40265728" total="40265728" percent="100" />
    </mem>
    <remembered-set count="103" />
  </mem-info>
</gc-end>
<cycle-end id="669" type="scavenge" contextid="663" timestamp="2022-02-08T17:29:24.386" />
<allocation-satisfied id="670" threadId="0000000000016F00" bytesRequested="184" />
<af-end id="671" timestamp="2022-02-08T17:29:24.386" threadId="0000000000017908" success="true" from="nursery"/>
<exclusive-end id="672" timestamp="2022-02-08T17:29:24.386" durationms="78.362" />

<exclusive-start id="673" timestamp="2022-02-08T17:29:25.029" intervalms="720.592">
  <response-info timems="0.017" idlems="0.017" threads="0" lastid="0000000000016F00" lastname="main" />
</exclusive-start>
<af-start id="674" threadId="0000000000017908" totalBytesRequested="200" timestamp="2022-02-08T17:29:25.029" intervalms="720.595" type="nursery" />
<cycle-start id="675" type="scavenge" contextid="0" timestamp="2022-02-08T17:29:25.029" intervalms="720.596" />
<gc-start id="676" type="scavenge" contextid="675" timestamp="2022-02-08T17:29:25.029">
  <mem-info id="677" free="253055880" total="1073741824" percent="23">
    <mem type="nursery" free="0" total="268435456" percent="0">
      <mem type="allocate" free="0" total="183762944" percent="0" />
      <mem type="survivor" free="0" total="84672512" percent="0" />
    </mem>
    <mem type="tenure" free="253055880" total="805306368" percent="31">
      <mem type="soa" free="212790152" total="765040640" percent="27" />
      <mem type="loa" free="40265728" total="40265728" percent="100" />
    </mem>
    <remembered-set count="103" />
  </mem-info>
</gc-start>
<allocation-stats totalBytes="106132048" >
  <allocated-bytes non-tlh="184" tlh="106131864" />
  <largest-consumer threadName="main" threadId="0000000000016F00" bytes="106132048" />
</allocation-stats>
<gc-op id="678" type="scavenge" timems="77.393" contextid="675" timestamp="2022-02-08T17:29:25.106">
  <scavenger-info tenureage="1" tenuremask="7ffe" tiltratio="68" />
  <memory-copied type="nursery" objects="1329969" bytes="75469448" bytesdiscarded="192392" />
  <memory-copied type="tenure" objects="1399886" bytes="77311240" bytesdiscarded="39824" />
  <object-monitors candidates="2" cleared="0"  />
</gc-op>
<gc-end id="679" type="scavenge" contextid="675" durationms="77.678" usertimems="300.178" systemtimems="0.000" stalltimems="3.403" timestamp="2022-02-08T17:29:25.106" activeThreads="4">
  <mem-info id="680" free="284131928" total="1073741824" percent="26">
    <mem type="nursery" free="108297712" total="268435456" percent="40">
      <mem type="allocate" free="108297712" total="183959552" percent="58" />
      <mem type="survivor" free="0" total="84475904" percent="0" />
    </mem>
    <mem type="tenure" free="175834216" total="805306368" percent="21" macro-fragmented="0">
      <mem type="soa" free="135568488" total="765040640" percent="17" />
      <mem type="loa" free="40265728" total="40265728" percent="100" />
    </mem>
    <remembered-set count="104" />
  </mem-info>
</gc-end>
<cycle-end id="681" type="scavenge" contextid="675" timestamp="2022-02-08T17:29:25.106" />
<allocation-satisfied id="682" threadId="0000000000016F00" bytesRequested="200" />
<af-end id="683" timestamp="2022-02-08T17:29:25.107" threadId="0000000000017908" success="true" from="nursery"/>
<exclusive-end id="684" timestamp="2022-02-08T17:29:25.107" durationms="77.933" />

<concurrent-kickoff id="685" timestamp="2022-02-08T17:29:25.935">
  <kickoff reason="threshold reached" targetBytes="94540858" thresholdFreeBytes="9005192"  remainingFree="8983536" tenureFreeBytes="175834216" nurseryFreeBytes="8983536" />
</concurrent-kickoff>
<exclusive-start id="686" timestamp="2022-02-08T17:29:25.938" intervalms="909.687">
  <response-info timems="0.019" idlems="0.019" threads="0" lastid="0000000000016F00" lastname="main" />
</exclusive-start>
<cycle-start id="687" type="global" contextid="0" timestamp="2022-02-08T17:29:25.938" intervalms="2871.242" />
<concurrent-start id="688" type="global mark" contextid="687" timestamp="2022-02-08T17:29:25.938">
</concurrent-start>
<exclusive-end id="689" timestamp="2022-02-08T17:29:25.938" durationms="0.028" />

<exclusive-start id="690" timestamp="2022-02-08T17:29:26.135" intervalms="196.440">
  <response-info timems="0.041" idlems="0.041" threads="0" lastid="0000000000016F00" lastname="main" />
</exclusive-start>
<af-start id="691" threadId="0000000000017908" totalBytesRequested="24" timestamp="2022-02-08T17:29:26.135" intervalms="1106.120" type="nursery" />
<cycle-start id="692" type="scavenge" contextid="0" timestamp="2022-02-08T17:29:26.135" intervalms="1106.120" />
<gc-start id="693" type="scavenge" contextid="692" timestamp="2022-02-08T17:29:26.135">
  <mem-info id="694" free="175834216" total="1073741824" percent="16">
    <mem type="nursery" free="0" total="268435456" percent="0">
      <mem type="allocate" free="0" total="183959552" percent="0" />
      <mem type="survivor" free="0" total="84475904" percent="0" />
    </mem>
    <mem type="tenure" free="175834216" total="805306368" percent="21">
      <mem type="soa" free="135568488" total="765040640" percent="17" />
      <mem type="loa" free="40265728" total="40265728" percent="100" />
    </mem>
    <remembered-set count="135" />
  </mem-info>
</gc-start>
<allocation-stats totalBytes="108250976" >
  <allocated-bytes non-tlh="3009024" tlh="105241952" />
  <largest-consumer threadName="main" threadId="0000000000016F00" bytes="108250976" />
</allocation-stats>
<gc-op id="695" type="scavenge" timems="76.177" contextid="692" timestamp="2022-02-08T17:29:26.211">
  <scavenger-info tenureage="1" tenuremask="7ffe" tiltratio="68" />
  <memory-copied type="nursery" objects="1442141" bytes="76068984" bytesdiscarded="194904" />
  <memory-copied type="tenure" objects="1329968" bytes="75469336" bytesdiscarded="40344" />
  <finalization candidates="110" enqueued="53" />
  <references type="soft" candidates="14" cleared="0" enqueued="0" dynamicThreshold="13" maxThreshold="32" />
  <references type="weak" candidates="1" cleared="0" enqueued="0" />
  <references type="phantom" candidates="95" cleared="7" enqueued="7" />
  <object-monitors candidates="2" cleared="0"  />
</gc-op>
<gc-end id="696" type="scavenge" contextid="692" durationms="76.497" usertimems="296.993" systemtimems="0.000" stalltimems="6.129" timestamp="2022-02-08T17:29:26.211" activeThreads="4">
  <mem-info id="697" free="208263944" total="1073741824" percent="19">
    <mem type="nursery" free="108023216" total="268435456" percent="40">
      <mem type="allocate" free="108023216" total="184287232" percent="58" />
      <mem type="survivor" free="0" total="84148224" percent="0" />
    </mem>
    <mem type="tenure" free="100240728" total="805306368" percent="12" macro-fragmented="80625770">
      <mem type="soa" free="59975000" total="765040640" percent="7" />
      <mem type="loa" free="40265728" total="40265728" percent="100" />
    </mem>
    <pending-finalizers system="52" default="1" reference="7" classloader="0" />
    <remembered-set count="130" />
  </mem-info>
</gc-end>
<cycle-end id="698" type="scavenge" contextid="692" timestamp="2022-02-08T17:29:26.211" />
<allocation-satisfied id="699" threadId="0000000000016F00" bytesRequested="24" />
<af-end id="700" timestamp="2022-02-08T17:29:26.212" threadId="0000000000017908" success="true" from="nursery"/>
<exclusive-end id="701" timestamp="2022-02-08T17:29:26.212" durationms="76.807" />

<concurrent-end id="702" type="global mark" contextid="687" timestamp="2022-02-08T17:29:26.261">
<gc-op id="703" type="trace" timems="323.084" contextid="687" timestamp="2022-02-08T17:29:26.261">
  <trace bytesTraced="74514104" workStackOverflowCount="0" />
  <card-cleaning reason="card cleaning threshold reached" bytesTraced="480" cardsCleaned="2" />
</gc-op>
</concurrent-end>

<exclusive-start id="704" timestamp="2022-02-08T17:29:26.261" intervalms="126.715">
  <response-info timems="0.018" idlems="0.018" threads="0" lastid="0000000000016F00" lastname="main" />
</exclusive-start>
<concurrent-global-final id="705" timestamp="2022-02-08T17:29:26.261" contextid="687" intervalms="2863.549" >
  <concurrent-trace-info reason="card cleaning threshold reached" tracedByMutators="59740072" tracedByHelpers="14774512" cardsCleaned="2" workStackOverflowCount="0" />
</concurrent-global-final>
<gc-start id="706" type="global" contextid="687" timestamp="2022-02-08T17:29:26.261">
  <mem-info id="707" free="205011696" total="1073741824" percent="19">
    <mem type="nursery" free="104770968" total="268435456" percent="39">
      <mem type="allocate" free="104770968" total="184287232" percent="56" />
      <mem type="survivor" free="0" total="84148224" percent="0" />
    </mem>
    <mem type="tenure" free="100240728" total="805306368" percent="12">
      <mem type="soa" free="59975000" total="765040640" percent="7" />
      <mem type="loa" free="40265728" total="40265728" percent="100" />
    </mem>
    <remembered-set count="131" />
  </mem-info>
</gc-start>
<allocation-stats totalBytes="3250600" >
  <allocated-bytes non-tlh="24" tlh="3250576" />
  <largest-consumer threadName="main" threadId="0000000000016F00" bytes="3242408" />
</allocation-stats>
<gc-op id="708" type="rs-scan" timems="127.614" contextid="687" timestamp="2022-02-08T17:29:26.389">
  <scan objectsFound="3324743" bytesTraced="71013268" workStackOverflowCount="0" />
</gc-op>
<gc-op id="709" type="card-cleaning" timems="0.217" contextid="687" timestamp="2022-02-08T17:29:26.389">
  <card-cleaning cardsCleaned="4" bytesTraced="1744" workStackOverflowCount="0" />
</gc-op>
<gc-op id="710" type="mark" timems="35.300" contextid="687" timestamp="2022-02-08T17:29:26.425">
  <trace-info objectcount="878581" scancount="660462" scanbytes="14157576" />
  <finalization candidates="428" enqueued="57" />
  <ownableSynchronizers candidates="1" cleared="0" />
  <references type="soft" candidates="1063" cleared="0" enqueued="0" dynamicThreshold="13" maxThreshold="32" />
  <references type="weak" candidates="1701" cleared="0" enqueued="0" />
  <references type="phantom" candidates="52" cleared="2" enqueued="2" />
  <stringconstants candidates="6463" cleared="0"  />
  <object-monitors candidates="2" cleared="0"  />
</gc-op>
<gc-op id="711" type="sweep" timems="5.542" contextid="687" timestamp="2022-02-08T17:29:26.430" />
<gc-end id="712" type="global" contextid="687" durationms="168.868" usertimems="181.061" systemtimems="2.165" stalltimems="107.109" timestamp="2022-02-08T17:29:26.430" activeThreads="4">
  <mem-info id="713" free="448655872" total="1073741824" percent="41">
    <mem type="nursery" free="105534912" total="268435456" percent="39">
      <mem type="allocate" free="105534912" total="184287232" percent="57" />
      <mem type="survivor" free="0" total="84148224" percent="0" />
    </mem>
    <mem type="tenure" free="343120960" total="805306368" percent="42" micro-fragmented="305193" macro-fragmented="0">
      <mem type="soa" free="302855232" total="765040640" percent="39" />
      <mem type="loa" free="40265728" total="40265728" percent="100" />
    </mem>
    <pending-finalizers system="57" default="0" reference="2" classloader="0" />
    <remembered-set count="113" />
  </mem-info>
</gc-end>
<cycle-end id="714" type="global" contextid="687" timestamp="2022-02-08T17:29:26.430" />
<exclusive-end id="715" timestamp="2022-02-08T17:29:26.430" durationms="169.075" />

<exclusive-start id="716" timestamp="2022-02-08T17:29:27.159" intervalms="897.171">
  <response-info timems="0.016" idlems="0.016" threads="0" lastid="0000000000016F00" lastname="main" />
</exclusive-start>
<af-start id="717" threadId="0000000000017908" totalBytesRequested="24" timestamp="2022-02-08T17:29:27.159" intervalms="1023.891" type="nursery" />
<cycle-start id="718" type="scavenge" contextid="0" timestamp="2022-02-08T17:29:27.159" intervalms="1023.890" />
<gc-start id="719" type="scavenge" contextid="718" timestamp="2022-02-08T17:29:27.159">
  <mem-info id="720" free="343120960" total="1073741824" percent="31">
    <mem type="nursery" free="0" total="268435456" percent="0">
      <mem type="allocate" free="0" total="184287232" percent="0" />
      <mem type="survivor" free="0" total="84148224" percent="0" />
    </mem>
    <mem type="tenure" free="343120960" total="805306368" percent="42">
      <mem type="soa" free="302855232" total="765040640" percent="39" />
      <mem type="loa" free="40265728" total="40265728" percent="100" />
    </mem>
    <remembered-set count="114" />
  </mem-info>
</gc-start>
<allocation-stats totalBytes="105483376" >
  <allocated-bytes non-tlh="0" tlh="105483376" />
  <largest-consumer threadName="main" threadId="0000000000016F00" bytes="105479280" />
</allocation-stats>
<gc-op id="721" type="scavenge" timems="78.534" contextid="718" timestamp="2022-02-08T17:29:27.237">
  <scavenger-info tenureage="1" tenuremask="7ffe" tiltratio="68" />
  <memory-copied type="nursery" objects="1407830" bytes="77398224" bytesdiscarded="418912" />
  <memory-copied type="tenure" objects="1441426" bytes="75601048" bytesdiscarded="40216" />
  <finalization candidates="57" enqueued="0" />
  <ownableSynchronizers candidates="2" cleared="2" />
  <object-monitors candidates="2" cleared="0"  />
</gc-op>
<gc-end id="722" type="scavenge" contextid="718" durationms="78.780" usertimems="309.723" systemtimems="0.378" stalltimems="2.025" timestamp="2022-02-08T17:29:27.237" activeThreads="4">
  <mem-info id="723" free="373130208" total="1073741824" percent="34">
    <mem type="nursery" free="105749200" total="268435456" percent="39">
      <mem type="allocate" free="105749200" total="183566336" percent="57" />
      <mem type="survivor" free="0" total="84869120" percent="0" />
    </mem>
    <mem type="tenure" free="267381008" total="805306368" percent="33" macro-fragmented="418667">
      <mem type="soa" free="227115280" total="765040640" percent="29" />
      <mem type="loa" free="40265728" total="40265728" percent="100" />
    </mem>
    <remembered-set count="103" />
  </mem-info>
</gc-end>
<cycle-end id="724" type="scavenge" contextid="718" timestamp="2022-02-08T17:29:27.238" />
<allocation-satisfied id="725" threadId="0000000000016F00" bytesRequested="24" />
<af-end id="726" timestamp="2022-02-08T17:29:27.238" threadId="0000000000017908" success="true" from="nursery"/>
<exclusive-end id="727" timestamp="2022-02-08T17:29:27.238" durationms="79.108" />

<exclusive-start id="728" timestamp="2022-02-08T17:29:27.891" intervalms="732.768">
  <response-info timems="0.016" idlems="0.016" threads="0" lastid="0000000000016F00" lastname="main" />
</exclusive-start>
<af-start id="729" threadId="0000000000017908" totalBytesRequested="184" timestamp="2022-02-08T17:29:27.891" intervalms="732.810" type="nursery" />
<cycle-start id="730" type="scavenge" contextid="0" timestamp="2022-02-08T17:29:27.891" intervalms="732.813" />
<gc-start id="731" type="scavenge" contextid="730" timestamp="2022-02-08T17:29:27.892">
  <mem-info id="732" free="267381008" total="1073741824" percent="24">
    <mem type="nursery" free="0" total="268435456" percent="0">
      <mem type="allocate" free="0" total="183566336" percent="0" />
      <mem type="survivor" free="0" total="84869120" percent="0" />
    </mem>
    <mem type="tenure" free="267381008" total="805306368" percent="33">
      <mem type="soa" free="227115280" total="765040640" percent="29" />
      <mem type="loa" free="40265728" total="40265728" percent="100" />
    </mem>
    <remembered-set count="103" />
  </mem-info>
</gc-start>
<allocation-stats totalBytes="105702688" >
  <allocated-bytes non-tlh="24" tlh="105702664" />
  <largest-consumer threadName="main" threadId="0000000000016F00" bytes="105702688" />
</allocation-stats>
<gc-op id="733" type="scavenge" timems="88.869" contextid="730" timestamp="2022-02-08T17:29:27.980">
  <scavenger-info tenureage="1" tenuremask="7ffe" tiltratio="68" />
  <memory-copied type="nursery" objects="1319284" bytes="75117376" bytesdiscarded="106968" />
  <memory-copied type="tenure" objects="1407830" bytes="77398224" bytesdiscarded="40240" />
  <object-monitors candidates="2" cleared="0"  />
</gc-op>
<gc-end id="734" type="scavenge" contextid="730" durationms="89.047" usertimems="305.336" systemtimems="11.862" stalltimems="3.074" timestamp="2022-02-08T17:29:27.981" activeThreads="4">
  <mem-info id="735" free="298409784" total="1073741824" percent="27">
    <mem type="nursery" free="108604136" total="268435456" percent="40">
      <mem type="allocate" free="108604136" total="183828480" percent="59" />
      <mem type="survivor" free="0" total="84606976" percent="0" />
    </mem>
    <mem type="tenure" free="189805648" total="805306368" percent="23" macro-fragmented="0">
      <mem type="soa" free="149539920" total="765040640" percent="19" />
      <mem type="loa" free="40265728" total="40265728" percent="100" />
    </mem>
    <remembered-set count="103" />
  </mem-info>
</gc-end>
<cycle-end id="736" type="scavenge" contextid="730" timestamp="2022-02-08T17:29:27.981" />
<allocation-satisfied id="737" threadId="0000000000016F00" bytesRequested="184" />
<af-end id="738" timestamp="2022-02-08T17:29:27.981" threadId="0000000000017908" success="true" from="nursery"/>
<exclusive-end id="739" timestamp="2022-02-08T17:29:27.981" durationms="89.344" />

<concurrent-kickoff id="740" timestamp="2022-02-08T17:29:28.894">
  <kickoff reason="threshold reached" targetBytes="90497336" thresholdFreeBytes="8368532"  remainingFree="8334056" tenureFreeBytes="189805648" nurseryFreeBytes="8334056" />
</concurrent-kickoff>
<exclusive-start id="741" timestamp="2022-02-08T17:29:28.897" intervalms="1005.873">
  <response-info timems="0.021" idlems="0.021" threads="0" lastid="0000000000016F00" lastname="main" />
</exclusive-start>
<cycle-start id="742" type="global" contextid="0" timestamp="2022-02-08T17:29:28.897" intervalms="2958.967" />
<concurrent-start id="743" type="global mark" contextid="742" timestamp="2022-02-08T17:29:28.897">
</concurrent-start>
<exclusive-end id="744" timestamp="2022-02-08T17:29:28.897" durationms="0.029" />

<exclusive-start id="745" timestamp="2022-02-08T17:29:29.074" intervalms="177.109">
  <response-info timems="0.020" idlems="0.020" threads="0" lastid="0000000000016F00" lastname="main" />
</exclusive-start>
<af-start id="746" threadId="0000000000017908" totalBytesRequested="104" timestamp="2022-02-08T17:29:29.074" intervalms="1182.941" type="nursery" />
<cycle-start id="747" type="scavenge" contextid="0" timestamp="2022-02-08T17:29:29.074" intervalms="1182.940" />
<gc-start id="748" type="scavenge" contextid="747" timestamp="2022-02-08T17:29:29.074">
  <mem-info id="749" free="189805648" total="1073741824" percent="17">
    <mem type="nursery" free="0" total="268435456" percent="0">
      <mem type="allocate" free="0" total="183828480" percent="0" />
      <mem type="survivor" free="0" total="84606976" percent="0" />
    </mem>
    <mem type="tenure" free="189805648" total="805306368" percent="23">
      <mem type="soa" free="149539920" total="765040640" percent="19" />
      <mem type="loa" free="40265728" total="40265728" percent="100" />
    </mem>
    <remembered-set count="134" />
  </mem-info>
</gc-start>
<allocation-stats totalBytes="108560152" >
  <allocated-bytes non-tlh="1590752" tlh="106969400" />
  <largest-consumer threadName="main" threadId="0000000000016F00" bytes="108560152" />
</allocation-stats>
<gc-op id="750" type="scavenge" timems="136.760" contextid="747" timestamp="2022-02-08T17:29:29.211">
  <scavenger-info tenureage="1" tenuremask="7ffe" tiltratio="68" />
  <memory-copied type="nursery" objects="1473875" bytes="76422760" bytesdiscarded="148048" />
  <memory-copied type="tenure" objects="1319283" bytes="75117272" bytesdiscarded="36928" />
  <finalization candidates="109" enqueued="53" />
  <references type="soft" candidates="14" cleared="0" enqueued="0" dynamicThreshold="13" maxThreshold="32" />
  <references type="weak" candidates="1" cleared="0" enqueued="0" />
  <references type="phantom" candidates="94" cleared="7" enqueued="7" />
  <object-monitors candidates="2" cleared="0"  />
</gc-op>
<gc-end id="751" type="scavenge" contextid="747" durationms="137.006" usertimems="350.605" systemtimems="30.403" stalltimems="9.001" timestamp="2022-02-08T17:29:29.211" activeThreads="4">
  <mem-info id="752" free="222073176" total="1073741824" percent="20">
    <mem type="nursery" free="107388616" total="268435456" percent="40">
      <mem type="allocate" free="107388616" total="183959552" percent="58" />
      <mem type="survivor" free="0" total="84475904" percent="0" />
    </mem>
    <mem type="tenure" free="114684560" total="805306368" percent="14" macro-fragmented="63052438">
      <mem type="soa" free="74418832" total="765040640" percent="9" />
      <mem type="loa" free="40265728" total="40265728" percent="100" />
    </mem>
    <pending-finalizers system="52" default="1" reference="7" classloader="0" />
    <remembered-set count="130" />
  </mem-info>
</gc-end>
<cycle-end id="753" type="scavenge" contextid="747" timestamp="2022-02-08T17:29:29.212" />
<allocation-satisfied id="754" threadId="0000000000016F00" bytesRequested="104" />
<af-end id="755" timestamp="2022-02-08T17:29:29.212" threadId="0000000000017908" success="true" from="nursery"/>
<exclusive-end id="756" timestamp="2022-02-08T17:29:29.212" durationms="137.279" />

<concurrent-end id="757" type="global mark" contextid="742" timestamp="2022-02-08T17:29:29.313">
<gc-op id="758" type="trace" timems="415.576" contextid="742" timestamp="2022-02-08T17:29:29.313">
  <trace bytesTraced="74514360" workStackOverflowCount="0" />
  <card-cleaning reason="card cleaning threshold reached" bytesTraced="480" cardsCleaned="2" />
</gc-op>
</concurrent-end>

<exclusive-start id="759" timestamp="2022-02-08T17:29:29.313" intervalms="238.538">
  <response-info timems="0.020" idlems="0.020" threads="0" lastid="0000000000016F00" lastname="main" />
</exclusive-start>
<concurrent-global-final id="760" timestamp="2022-02-08T17:29:29.313" contextid="742" intervalms="3051.459" >
  <concurrent-trace-info reason="card cleaning threshold reached" tracedByMutators="58929832" tracedByHelpers="15585008" cardsCleaned="2" workStackOverflowCount="0" />
</concurrent-global-final>
<gc-start id="761" type="global" contextid="742" timestamp="2022-02-08T17:29:29.313">
  <mem-info id="762" free="213803152" total="1073741824" percent="19">
    <mem type="nursery" free="99118592" total="268435456" percent="36">
      <mem type="allocate" free="99118592" total="183959552" percent="53" />
      <mem type="survivor" free="0" total="84475904" percent="0" />
    </mem>
    <mem type="tenure" free="114684560" total="805306368" percent="14">
      <mem type="soa" free="74418832" total="765040640" percent="9" />
      <mem type="loa" free="40265728" total="40265728" percent="100" />
    </mem>
    <remembered-set count="131" />
  </mem-info>
</gc-start>
<allocation-stats totalBytes="8265344" >
  <allocated-bytes non-tlh="1347784" tlh="6917560" />
  <largest-consumer threadName="main" threadId="0000000000016F00" bytes="8257152" />
</allocation-stats>
<gc-op id="763" type="rs-scan" timems="142.066" contextid="742" timestamp="2022-02-08T17:29:29.455">
  <scan objectsFound="3324714" bytesTraced="71011836" workStackOverflowCount="0" />
</gc-op>
<gc-op id="764" type="card-cleaning" timems="0.241" contextid="742" timestamp="2022-02-08T17:29:29.455">
  <card-cleaning cardsCleaned="5" bytesTraced="3600" workStackOverflowCount="0" />
</gc-op>
<gc-op id="765" type="mark" timems="20.900" contextid="742" timestamp="2022-02-08T17:29:29.476">
  <trace-info objectcount="687525" scancount="517170" scanbytes="11100680" />
  <finalization candidates="428" enqueued="57" />
  <ownableSynchronizers candidates="1" cleared="0" />
  <references type="soft" candidates="1063" cleared="0" enqueued="0" dynamicThreshold="13" maxThreshold="32" />
  <references type="weak" candidates="1701" cleared="0" enqueued="0" />
  <references type="phantom" candidates="52" cleared="2" enqueued="2" />
  <stringconstants candidates="6463" cleared="0"  />
  <object-monitors candidates="2" cleared="0"  />
</gc-op>
<gc-op id="766" type="sweep" timems="5.780" contextid="742" timestamp="2022-02-08T17:29:29.482" />
<gc-end id="767" type="global" contextid="742" durationms="169.445" usertimems="183.696" systemtimems="0.269" stalltimems="62.742" timestamp="2022-02-08T17:29:29.482" activeThreads="4">
  <mem-info id="768" free="457930360" total="1073741824" percent="42">
    <mem type="nursery" free="100316728" total="268435456" percent="37">
      <mem type="allocate" free="100316728" total="183959552" percent="54" />
      <mem type="survivor" free="0" total="84475904" percent="0" />
    </mem>
    <mem type="tenure" free="357613632" total="805306368" percent="44" micro-fragmented="321051" macro-fragmented="0">
      <mem type="soa" free="317347904" total="765040640" percent="41" />
      <mem type="loa" free="40265728" total="40265728" percent="100" />
    </mem>
    <pending-finalizers system="57" default="0" reference="2" classloader="0" />
    <remembered-set count="113" />
  </mem-info>
</gc-end>
<cycle-end id="769" type="global" contextid="742" timestamp="2022-02-08T17:29:29.483" />
<exclusive-end id="770" timestamp="2022-02-08T17:29:29.483" durationms="169.647" />

<exclusive-start id="771" timestamp="2022-02-08T17:29:30.220" intervalms="907.331">
  <response-info timems="0.019" idlems="0.019" threads="0" lastid="0000000000016F00" lastname="main" />
</exclusive-start>
<af-start id="772" threadId="0000000000017908" totalBytesRequested="24" timestamp="2022-02-08T17:29:30.220" intervalms="1145.868" type="nursery" />
<cycle-start id="773" type="scavenge" contextid="0" timestamp="2022-02-08T17:29:30.220" intervalms="1145.866" />
<gc-start id="774" type="scavenge" contextid="773" timestamp="2022-02-08T17:29:30.220">
  <mem-info id="775" free="357613632" total="1073741824" percent="33">
    <mem type="nursery" free="0" total="268435456" percent="0">
      <mem type="allocate" free="0" total="183959552" percent="0" />
      <mem type="survivor" free="0" total="84475904" percent="0" />
    </mem>
    <mem type="tenure" free="357613632" total="805306368" percent="44">
      <mem type="soa" free="317347904" total="765040640" percent="41" />
      <mem type="loa" free="40265728" total="40265728" percent="100" />
    </mem>
    <remembered-set count="114" />
  </mem-info>
</gc-start>
<allocation-stats totalBytes="100269720" >
  <allocated-bytes non-tlh="0" tlh="100269720" />
  <largest-consumer threadName="main" threadId="0000000000016F00" bytes="100265624" />
</allocation-stats>
<gc-op id="776" type="scavenge" timems="78.975" contextid="773" timestamp="2022-02-08T17:29:30.299">
  <scavenger-info tenureage="1" tenuremask="7ffe" tiltratio="68" />
  <memory-copied type="nursery" objects="1380500" bytes="77621600" bytesdiscarded="250752" />
  <memory-copied type="tenure" objects="1473152" bytes="75479512" bytesdiscarded="42696" />
  <finalization candidates="57" enqueued="0" />
  <ownableSynchronizers candidates="2" cleared="2" />
  <references type="phantom" candidates="1" cleared="0" enqueued="0" />
  <object-monitors candidates="2" cleared="0"  />
</gc-op>
<gc-end id="777" type="scavenge" contextid="773" durationms="79.364" usertimems="305.342" systemtimems="0.000" stalltimems="3.811" timestamp="2022-02-08T17:29:30.300" activeThreads="4">
  <mem-info id="778" free="387423232" total="1073741824" percent="36">
    <mem type="nursery" free="105562912" total="268435456" percent="39">
      <mem type="allocate" free="105562912" total="183435264" percent="57" />
      <mem type="survivor" free="0" total="85000192" percent="0" />
    </mem>
    <mem type="tenure" free="281860320" total="805306368" percent="35" macro-fragmented="171732064">
      <mem type="soa" free="241594592" total="765040640" percent="31" />
      <mem type="loa" free="40265728" total="40265728" percent="100" />
    </mem>
    <remembered-set count="103" />
  </mem-info>
</gc-end>
<cycle-end id="779" type="scavenge" contextid="773" timestamp="2022-02-08T17:29:30.300" />
<allocation-satisfied id="780" threadId="0000000000016F00" bytesRequested="24" />
<af-end id="781" timestamp="2022-02-08T17:29:30.300" threadId="0000000000017908" success="true" from="nursery"/>
<exclusive-end id="782" timestamp="2022-02-08T17:29:30.300" durationms="79.613" />

<exclusive-start id="783" timestamp="2022-02-08T17:29:30.985" intervalms="765.043">
  <response-info timems="0.017" idlems="0.017" threads="0" lastid="0000000000016F00" lastname="main" />
</exclusive-start>
<af-start id="784" threadId="0000000000017908" totalBytesRequested="24" timestamp="2022-02-08T17:29:30.985" intervalms="765.043" type="nursery" />
<cycle-start id="785" type="scavenge" contextid="0" timestamp="2022-02-08T17:29:30.985" intervalms="765.044" />
<gc-start id="786" type="scavenge" contextid="785" timestamp="2022-02-08T17:29:30.985">
  <mem-info id="787" free="281860320" total="1073741824" percent="26">
    <mem type="nursery" free="0" total="268435456" percent="0">
      <mem type="allocate" free="0" total="183435264" percent="0" />
      <mem type="survivor" free="0" total="85000192" percent="0" />
    </mem>
    <mem type="tenure" free="281860320" total="805306368" percent="35">
      <mem type="soa" free="241594592" total="765040640" percent="31" />
      <mem type="loa" free="40265728" total="40265728" percent="100" />
    </mem>
    <remembered-set count="103" />
  </mem-info>
</gc-start>
<allocation-stats totalBytes="105513368" >
  <allocated-bytes non-tlh="24" tlh="105513344" />
  <largest-consumer threadName="main" threadId="0000000000016F00" bytes="105513368" />
</allocation-stats>
<gc-op id="788" type="scavenge" timems="80.972" contextid="785" timestamp="2022-02-08T17:29:31.066">
  <scavenger-info tenureage="1" tenuremask="7ffe" tiltratio="68" />
  <memory-copied type="nursery" objects="1323980" bytes="75018960" bytesdiscarded="122464" />
  <memory-copied type="tenure" objects="1380500" bytes="77621600" bytesdiscarded="39880" />
  <finalization candidates="1" enqueued="0" />
  <object-monitors candidates="2" cleared="0"  />
</gc-op>
<gc-end id="789" type="scavenge" contextid="785" durationms="81.383" usertimems="312.205" systemtimems="6.455" stalltimems="4.212" timestamp="2022-02-08T17:29:31.067" activeThreads="4">
  <mem-info id="790" free="312646200" total="1073741824" percent="29">
    <mem type="nursery" free="108490448" total="268435456" percent="40">
      <mem type="allocate" free="108490448" total="183631872" percent="59" />
      <mem type="survivor" free="0" total="84803584" percent="0" />
    </mem>
    <mem type="tenure" free="204155752" total="805306368" percent="25" macro-fragmented="143110048">
      <mem type="soa" free="163890024" total="765040640" percent="21" />
      <mem type="loa" free="40265728" total="40265728" percent="100" />
    </mem>
    <remembered-set count="103" />
  </mem-info>
</gc-end>
<cycle-end id="791" type="scavenge" contextid="785" timestamp="2022-02-08T17:29:31.067" />
<allocation-satisfied id="792" threadId="0000000000016F00" bytesRequested="24" />
<af-end id="793" timestamp="2022-02-08T17:29:31.067" threadId="0000000000017908" success="true" from="nursery"/>
<exclusive-end id="794" timestamp="2022-02-08T17:29:31.067" durationms="81.692" />

<exclusive-start id="795" timestamp="2022-02-08T17:29:31.991" intervalms="1006.037">
  <response-info timems="0.020" idlems="0.020" threads="0" lastid="0000000000016F00" lastname="main" />
</exclusive-start>
<af-start id="796" threadId="0000000000017908" totalBytesRequested="96" timestamp="2022-02-08T17:29:31.991" intervalms="1006.039" type="nursery" />
<cycle-start id="797" type="scavenge" contextid="0" timestamp="2022-02-08T17:29:31.991" intervalms="1006.039" />
<gc-start id="798" type="scavenge" contextid="797" timestamp="2022-02-08T17:29:31.991">
  <mem-info id="799" free="204155752" total="1073741824" percent="19">
    <mem type="nursery" free="0" total="268435456" percent="0">
      <mem type="allocate" free="0" total="183631872" percent="0" />
      <mem type="survivor" free="0" total="84803584" percent="0" />
    </mem>
    <mem type="tenure" free="204155752" total="805306368" percent="25">
      <mem type="soa" free="163890024" total="765040640" percent="21" />
      <mem type="loa" free="40265728" total="40265728" percent="100" />
    </mem>
    <remembered-set count="133" />
  </mem-info>
</gc-start>
<allocation-stats totalBytes="108444648" >
  <allocated-bytes non-tlh="1661168" tlh="106783480" />
  <largest-consumer threadName="main" threadId="0000000000016F00" bytes="108444648" />
</allocation-stats>
<gc-op id="800" type="scavenge" timems="99.828" contextid="797" timestamp="2022-02-08T17:29:32.091">
  <scavenger-info tenureage="1" tenuremask="7ffe" tiltratio="68" />
  <memory-copied type="nursery" objects="1490677" bytes="76365376" bytesdiscarded="274448" />
  <memory-copied type="tenure" objects="1323980" bytes="75018960" bytesdiscarded="39248" />
  <finalization candidates="109" enqueued="53" />
  <references type="soft" candidates="14" cleared="0" enqueued="0" dynamicThreshold="14" maxThreshold="32" />
  <references type="weak" candidates="1" cleared="0" enqueued="0" />
  <references type="phantom" candidates="94" cleared="7" enqueued="7" />
  <object-monitors candidates="2" cleared="0"  />
</gc-op>
<gc-end id="801" type="scavenge" contextid="797" durationms="100.139" usertimems="386.325" systemtimems="0.000" stalltimems="2.007" timestamp="2022-02-08T17:29:32.092" activeThreads="4">
  <mem-info id="802" free="236354464" total="1073741824" percent="22">
    <mem type="nursery" free="107188528" total="268435456" percent="39">
      <mem type="allocate" free="107188528" total="183828480" percent="58" />
      <mem type="survivor" free="0" total="84606976" percent="0" />
    </mem>
    <mem type="tenure" free="129165936" total="805306368" percent="16" macro-fragmented="122757680">
      <mem type="soa" free="88900208" total="765040640" percent="11" />
      <mem type="loa" free="40265728" total="40265728" percent="100" />
    </mem>
    <pending-finalizers system="52" default="1" reference="7" classloader="0" />
    <remembered-set count="128" />
  </mem-info>
</gc-end>
<cycle-end id="803" type="scavenge" contextid="797" timestamp="2022-02-08T17:29:32.092" />
<allocation-satisfied id="804" threadId="0000000000016F00" bytesRequested="96" />
<af-end id="805" timestamp="2022-02-08T17:29:32.092" threadId="0000000000017908" success="true" from="nursery"/>
<exclusive-end id="806" timestamp="2022-02-08T17:29:32.092" durationms="100.445" />

<concurrent-kickoff id="807" timestamp="2022-02-08T17:29:32.810">
  <kickoff reason="threshold reached" targetBytes="87274051" thresholdFreeBytes="7853528"  remainingFree="7770416" tenureFreeBytes="129165936" nurseryFreeBytes="7770416" />
</concurrent-kickoff>
<exclusive-start id="808" timestamp="2022-02-08T17:29:32.812" intervalms="821.200">
  <response-info timems="0.020" idlems="0.020" threads="0" lastid="0000000000016F00" lastname="main" />
</exclusive-start>
<cycle-start id="809" type="global" contextid="0" timestamp="2022-02-08T17:29:32.813" intervalms="3915.256" />
<concurrent-start id="810" type="global mark" contextid="809" timestamp="2022-02-08T17:29:32.813">
</concurrent-start>
<exclusive-end id="811" timestamp="2022-02-08T17:29:32.813" durationms="0.026" />

<exclusive-start id="812" timestamp="2022-02-08T17:29:32.983" intervalms="170.075">
  <response-info timems="0.042" idlems="0.042" threads="0" lastid="0000000000016F00" lastname="main" />
</exclusive-start>
<af-start id="813" threadId="0000000000017908" totalBytesRequested="200" timestamp="2022-02-08T17:29:32.983" intervalms="991.278" type="nursery" />
<cycle-start id="814" type="scavenge" contextid="0" timestamp="2022-02-08T17:29:32.983" intervalms="991.279" />
<gc-start id="815" type="scavenge" contextid="814" timestamp="2022-02-08T17:29:32.983">
  <mem-info id="816" free="129165936" total="1073741824" percent="12">
    <mem type="nursery" free="0" total="268435456" percent="0">
      <mem type="allocate" free="0" total="183828480" percent="0" />
      <mem type="survivor" free="0" total="84606976" percent="0" />
    </mem>
    <mem type="tenure" free="129165936" total="805306368" percent="16">
      <mem type="soa" free="88900208" total="765040640" percent="11" />
      <mem type="loa" free="40265728" total="40265728" percent="100" />
    </mem>
    <remembered-set count="129" />
  </mem-info>
</gc-start>
<allocation-stats totalBytes="107137680" >
  <allocated-bytes non-tlh="1347776" tlh="105789904" />
  <largest-consumer threadName="main" threadId="0000000000016F00" bytes="107129488" />
</allocation-stats>
<gc-op id="817" type="scavenge" timems="99.063" contextid="814" timestamp="2022-02-08T17:29:33.082">
  <scavenger-info tenureage="1" tenuremask="7ffe" tiltratio="68" />
  <memory-copied type="nursery" objects="1339342" bytes="76671168" bytesdiscarded="295592" />
  <memory-copied type="tenure" objects="1489958" bytes="75422208" bytesdiscarded="36192" />
  <finalization candidates="57" enqueued="0" />
  <references type="phantom" candidates="1" cleared="0" enqueued="0" />
  <object-monitors candidates="2" cleared="0"  />
</gc-op>
<gc-end id="818" type="scavenge" contextid="814" durationms="99.581" usertimems="374.326" systemtimems="15.963" stalltimems="2.640" timestamp="2022-02-08T17:29:33.082" activeThreads="4">
  <mem-info id="819" free="160876856" total="1073741824" percent="14">
    <mem type="nursery" free="107123864" total="268435456" percent="39">
      <mem type="allocate" free="107123864" total="184090624" percent="58" />
      <mem type="survivor" free="0" total="84344832" percent="0" />
    </mem>
    <mem type="tenure" free="53752992" total="805306368" percent="6" macro-fragmented="0">
      <mem type="soa" free="13487264" total="765040640" percent="1" />
      <mem type="loa" free="40265728" total="40265728" percent="100" />
    </mem>
    <remembered-set count="102" />
  </mem-info>
</gc-end>
<cycle-end id="820" type="scavenge" contextid="814" timestamp="2022-02-08T17:29:33.082" />
<allocation-satisfied id="821" threadId="0000000000016F00" bytesRequested="200" />
<af-end id="822" timestamp="2022-02-08T17:29:33.082" threadId="0000000000017908" success="true" from="nursery"/>
<exclusive-end id="823" timestamp="2022-02-08T17:29:33.082" durationms="99.918" />

<concurrent-end id="824" type="global mark" contextid="809" timestamp="2022-02-08T17:29:33.163">
<gc-op id="825" type="trace" timems="350.563" contextid="809" timestamp="2022-02-08T17:29:33.163">
  <trace bytesTraced="74514472" workStackOverflowCount="0" />
  <card-cleaning reason="card cleaning threshold reached" bytesTraced="480" cardsCleaned="2" />
</gc-op>
</concurrent-end>

<exclusive-start id="826" timestamp="2022-02-08T17:29:33.163" intervalms="180.570">
  <response-info timems="0.032" idlems="0.032" threads="0" lastid="0000000000016F00" lastname="main" />
</exclusive-start>
<concurrent-global-final id="827" timestamp="2022-02-08T17:29:33.163" contextid="809" intervalms="3850.331" >
  <concurrent-trace-info reason="card cleaning threshold reached" tracedByMutators="59588376" tracedByHelpers="14926576" cardsCleaned="2" workStackOverflowCount="0" />
</concurrent-global-final>
<gc-start id="828" type="global" contextid="809" timestamp="2022-02-08T17:29:33.163">
  <mem-info id="829" free="155404400" total="1073741824" percent="14">
    <mem type="nursery" free="101651408" total="268435456" percent="37">
      <mem type="allocate" free="101651408" total="184090624" percent="55" />
      <mem type="survivor" free="0" total="84344832" percent="0" />
    </mem>
    <mem type="tenure" free="53752992" total="805306368" percent="6">
      <mem type="soa" free="13487264" total="765040640" percent="1" />
      <mem type="loa" free="40265728" total="40265728" percent="100" />
    </mem>
    <remembered-set count="102" />
  </mem-info>
</gc-start>
<allocation-stats totalBytes="5469048" >
  <allocated-bytes non-tlh="200" tlh="5468848" />
  <largest-consumer threadName="main" threadId="0000000000016F00" bytes="5469048" />
</allocation-stats>
<gc-op id="830" type="rs-scan" timems="0.461" contextid="809" timestamp="2022-02-08T17:29:33.164">
  <scan objectsFound="29" bytesTraced="5420" workStackOverflowCount="0" />
</gc-op>
<gc-op id="831" type="card-cleaning" timems="165.595" contextid="809" timestamp="2022-02-08T17:29:33.329">
  <card-cleaning cardsCleaned="8" bytesTraced="71010228" workStackOverflowCount="0" />
</gc-op>
<gc-op id="832" type="mark" timems="46.790" contextid="809" timestamp="2022-02-08T17:29:33.376">
  <trace-info objectcount="1775647" scancount="1333263" scanbytes="28510632" />
  <finalization candidates="428" enqueued="57" />
  <ownableSynchronizers candidates="1" cleared="0" />
  <references type="soft" candidates="1063" cleared="0" enqueued="0" dynamicThreshold="14" maxThreshold="32" />
  <references type="weak" candidates="1701" cleared="0" enqueued="0" />
  <references type="phantom" candidates="52" cleared="2" enqueued="2" />
  <stringconstants candidates="6463" cleared="0"  />
  <object-monitors candidates="2" cleared="0"  />
</gc-op>
<gc-op id="833" type="sweep" timems="5.635" contextid="809" timestamp="2022-02-08T17:29:33.382" />
<gc-end id="834" type="global" contextid="809" durationms="218.886" usertimems="237.259" systemtimems="0.000" stalltimems="138.769" timestamp="2022-02-08T17:29:33.382" activeThreads="4">
  <mem-info id="835" free="398680464" total="1073741824" percent="37">
    <mem type="nursery" free="102039760" total="268435456" percent="38">
      <mem type="allocate" free="102039760" total="184090624" percent="55" />
      <mem type="survivor" free="0" total="84344832" percent="0" />
    </mem>
    <mem type="tenure" free="296640704" total="805306368" percent="36" micro-fragmented="339274" macro-fragmented="0">
      <mem type="soa" free="256374976" total="765040640" percent="33" />
      <mem type="loa" free="40265728" total="40265728" percent="100" />
    </mem>
    <pending-finalizers system="57" default="0" reference="2" classloader="0" />
    <remembered-set count="102" />
  </mem-info>
</gc-end>
<cycle-end id="836" type="global" contextid="809" timestamp="2022-02-08T17:29:33.382" />
<exclusive-end id="837" timestamp="2022-02-08T17:29:33.382" durationms="219.164" />

<exclusive-start id="838" timestamp="2022-02-08T17:29:34.057" intervalms="893.842">
  <response-info timems="0.017" idlems="0.017" threads="0" lastid="0000000000016F00" lastname="main" />
</exclusive-start>
<af-start id="839" threadId="0000000000017908" totalBytesRequested="184" timestamp="2022-02-08T17:29:34.057" intervalms="1074.407" type="nursery" />
<cycle-start id="840" type="scavenge" contextid="0" timestamp="2022-02-08T17:29:34.057" intervalms="1074.405" />
<gc-start id="841" type="scavenge" contextid="840" timestamp="2022-02-08T17:29:34.057">
  <mem-info id="842" free="296640704" total="1073741824" percent="27">
    <mem type="nursery" free="0" total="268435456" percent="0">
      <mem type="allocate" free="0" total="184090624" percent="0" />
      <mem type="survivor" free="0" total="84344832" percent="0" />
    </mem>
    <mem type="tenure" free="296640704" total="805306368" percent="36">
      <mem type="soa" free="256374976" total="765040640" percent="33" />
      <mem type="loa" free="40265728" total="40265728" percent="100" />
    </mem>
    <remembered-set count="105" />
  </mem-info>
</gc-start>
<allocation-stats totalBytes="101994584" >
  <allocated-bytes non-tlh="0" tlh="101994584" />
  <largest-consumer threadName="main" threadId="0000000000016F00" bytes="101990488" />
</allocation-stats>
<gc-op id="843" type="scavenge" timems="92.740" contextid="840" timestamp="2022-02-08T17:29:34.150">
  <scavenger-info tenureage="1" tenuremask="7ffe" tiltratio="68" />
  <memory-copied type="nursery" objects="1358683" bytes="76345944" bytesdiscarded="122608" />
  <memory-copied type="tenure" objects="1339341" bytes="76671056" bytesdiscarded="41424" />
  <finalization candidates="1" enqueued="0" />
  <ownableSynchronizers candidates="2" cleared="2" />
  <object-monitors candidates="2" cleared="0"  />
</gc-op>
<gc-end id="844" type="scavenge" contextid="840" durationms="93.105" usertimems="365.109" systemtimems="1.447" stalltimems="3.187" timestamp="2022-02-08T17:29:34.150" activeThreads="4">
  <mem-info id="845" free="327736056" total="1073741824" percent="30">
    <mem type="nursery" free="107949752" total="268435456" percent="40">
      <mem type="allocate" free="107949752" total="184418304" percent="58" />
      <mem type="survivor" free="0" total="84017152" percent="0" />
    </mem>
    <mem type="tenure" free="219786304" total="805306368" percent="27" macro-fragmented="0">
      <mem type="soa" free="179520576" total="765040640" percent="23" />
      <mem type="loa" free="40265728" total="40265728" percent="100" />
    </mem>
    <remembered-set count="105" />
  </mem-info>
</gc-end>
<cycle-end id="846" type="scavenge" contextid="840" timestamp="2022-02-08T17:29:34.150" />
<allocation-satisfied id="847" threadId="0000000000016F00" bytesRequested="184" />
<af-end id="848" timestamp="2022-02-08T17:29:34.150" threadId="0000000000017908" success="true" from="nursery"/>
<exclusive-end id="849" timestamp="2022-02-08T17:29:34.150" durationms="93.413" />

<exclusive-start id="850" timestamp="2022-02-08T17:29:35.060" intervalms="1002.930">
  <response-info timems="0.101" idlems="0.101" threads="0" lastid="0000000000016F00" lastname="main" />
</exclusive-start>
<af-start id="851" threadId="0000000000017908" totalBytesRequested="248" timestamp="2022-02-08T17:29:35.060" intervalms="1002.930" type="nursery" />
<cycle-start id="852" type="scavenge" contextid="0" timestamp="2022-02-08T17:29:35.060" intervalms="1002.932" />
<gc-start id="853" type="scavenge" contextid="852" timestamp="2022-02-08T17:29:35.060">
  <mem-info id="854" free="219785344" total="1073741824" percent="20">
    <mem type="nursery" free="0" total="268435456" percent="0">
      <mem type="allocate" free="0" total="184418304" percent="0" />
      <mem type="survivor" free="0" total="84017152" percent="0" />
    </mem>
    <mem type="tenure" free="219785344" total="805306368" percent="27">
      <mem type="soa" free="179519616" total="765040640" percent="23" />
      <mem type="loa" free="40265728" total="40265728" percent="100" />
    </mem>
    <remembered-set count="149" />
  </mem-info>
</gc-start>
<allocation-stats totalBytes="107904888" >
  <allocated-bytes non-tlh="946872" tlh="106958016" />
  <largest-consumer threadName="main" threadId="0000000000016F00" bytes="107904888" />
</allocation-stats>
<gc-op id="855" type="scavenge" timems="99.370" contextid="852" timestamp="2022-02-08T17:29:35.159">
  <scavenger-info tenureage="1" tenuremask="7ffe" tiltratio="68" />
  <memory-copied type="nursery" objects="1470820" bytes="75985544" bytesdiscarded="162808" />
  <memory-copied type="tenure" objects="1358682" bytes="76345840" bytesdiscarded="38824" />
  <finalization candidates="105" enqueued="53" />
  <references type="soft" candidates="14" cleared="0" enqueued="0" dynamicThreshold="11" maxThreshold="32" />
  <references type="weak" candidates="1" cleared="0" enqueued="0" />
  <references type="phantom" candidates="90" cleared="7" enqueued="7" />
  <object-monitors candidates="2" cleared="0"  />
</gc-op>
<gc-end id="856" type="scavenge" contextid="852" durationms="99.789" usertimems="378.909" systemtimems="0.000" stalltimems="1.808" timestamp="2022-02-08T17:29:35.160" activeThreads="4">
  <mem-info id="857" free="252028768" total="1073741824" percent="23">
    <mem type="nursery" free="108531872" total="268435456" percent="40">
      <mem type="allocate" free="108531872" total="184680448" percent="58" />
      <mem type="survivor" free="0" total="83755008" percent="0" />
    </mem>
    <mem type="tenure" free="143496896" total="805306368" percent="17" macro-fragmented="0">
      <mem type="soa" free="103231168" total="765040640" percent="13" />
      <mem type="loa" free="40265728" total="40265728" percent="100" />
    </mem>
    <pending-finalizers system="52" default="1" reference="7" classloader="0" />
    <remembered-set count="145" />
  </mem-info>
</gc-end>
<cycle-end id="858" type="scavenge" contextid="852" timestamp="2022-02-08T17:29:35.160" />
<allocation-satisfied id="859" threadId="0000000000016F00" bytesRequested="248" />
<af-end id="860" timestamp="2022-02-08T17:29:35.160" threadId="0000000000017908" success="true" from="nursery"/>
<exclusive-end id="861" timestamp="2022-02-08T17:29:35.160" durationms="100.086" />

<concurrent-kickoff id="862" timestamp="2022-02-08T17:29:35.840">
  <kickoff reason="threshold reached" targetBytes="84703482" thresholdFreeBytes="7434947"  remainingFree="7382192" tenureFreeBytes="143496896" nurseryFreeBytes="7382192" />
</concurrent-kickoff>
<exclusive-start id="863" timestamp="2022-02-08T17:29:35.843" intervalms="783.449">
  <response-info timems="0.020" idlems="0.020" threads="0" lastid="0000000000016F00" lastname="main" />
</exclusive-start>
<cycle-start id="864" type="global" contextid="0" timestamp="2022-02-08T17:29:35.843" intervalms="3030.868" />
<concurrent-start id="865" type="global mark" contextid="864" timestamp="2022-02-08T17:29:35.843">
</concurrent-start>
<exclusive-end id="866" timestamp="2022-02-08T17:29:35.843" durationms="0.028" />

<exclusive-start id="867" timestamp="2022-02-08T17:29:36.056" intervalms="212.146">
  <response-info timems="0.017" idlems="0.017" threads="0" lastid="0000000000016F00" lastname="main" />
</exclusive-start>
<af-start id="868" threadId="0000000000017908" totalBytesRequested="24" timestamp="2022-02-08T17:29:36.056" intervalms="995.594" type="nursery" />
<cycle-start id="869" type="scavenge" contextid="0" timestamp="2022-02-08T17:29:36.056" intervalms="995.592" />
<gc-start id="870" type="scavenge" contextid="869" timestamp="2022-02-08T17:29:36.056">
  <mem-info id="871" free="143496896" total="1073741824" percent="13">
    <mem type="nursery" free="0" total="268435456" percent="0">
      <mem type="allocate" free="0" total="184680448" percent="0" />
      <mem type="survivor" free="0" total="83755008" percent="0" />
    </mem>
    <mem type="tenure" free="143496896" total="805306368" percent="17">
      <mem type="soa" free="103231168" total="765040640" percent="13" />
      <mem type="loa" free="40265728" total="40265728" percent="100" />
    </mem>
    <remembered-set count="146" />
  </mem-info>
</gc-start>
<allocation-stats totalBytes="108483000" >
  <allocated-bytes non-tlh="2063344" tlh="106419656" />
  <largest-consumer threadName="main" threadId="0000000000016F00" bytes="108474808" />
</allocation-stats>
<gc-op id="872" type="scavenge" timems="100.522" contextid="869" timestamp="2022-02-08T17:29:36.156">
  <scavenger-info tenureage="1" tenuremask="7ffe" tiltratio="68" />
  <memory-copied type="nursery" objects="1369156" bytes="77177312" bytesdiscarded="246936" />
  <memory-copied type="tenure" objects="1470098" bytes="75456464" bytesdiscarded="37424" />
  <finalization candidates="57" enqueued="0" />
  <references type="phantom" candidates="5" cleared="0" enqueued="0" />
  <object-monitors candidates="2" cleared="0"  />
</gc-op>
<gc-end id="873" type="scavenge" contextid="869" durationms="100.939" usertimems="391.298" systemtimems="0.000" stalltimems="2.079" timestamp="2022-02-08T17:29:36.157" activeThreads="4">
  <mem-info id="874" free="174333184" total="1073741824" percent="16">
    <mem type="nursery" free="106535304" total="268435456" percent="39">
      <mem type="allocate" free="106535304" total="183959552" percent="57" />
      <mem type="survivor" free="0" total="84475904" percent="0" />
    </mem>
    <mem type="tenure" free="67797880" total="805306368" percent="8" macro-fragmented="0">
      <mem type="soa" free="27532152" total="765040640" percent="3" />
      <mem type="loa" free="40265728" total="40265728" percent="100" />
    </mem>
    <remembered-set count="111" />
  </mem-info>
</gc-end>
<cycle-end id="875" type="scavenge" contextid="869" timestamp="2022-02-08T17:29:36.157" />
<allocation-satisfied id="876" threadId="0000000000016F00" bytesRequested="24" />
<af-end id="877" timestamp="2022-02-08T17:29:36.157" threadId="0000000000017908" success="true" from="nursery"/>
<exclusive-end id="878" timestamp="2022-02-08T17:29:36.157" durationms="101.223" />

<concurrent-end id="879" type="global mark" contextid="864" timestamp="2022-02-08T17:29:36.268">
<gc-op id="880" type="trace" timems="424.373" contextid="864" timestamp="2022-02-08T17:29:36.268">
  <trace bytesTraced="74451904" workStackOverflowCount="0" />
  <card-cleaning reason="card cleaning threshold reached" bytesTraced="480" cardsCleaned="2" />
</gc-op>
</concurrent-end>

<exclusive-start id="881" timestamp="2022-02-08T17:29:36.268" intervalms="212.298">
  <response-info timems="0.018" idlems="0.018" threads="0" lastid="0000000000016F00" lastname="main" />
</exclusive-start>
<concurrent-global-final id="882" timestamp="2022-02-08T17:29:36.268" contextid="864" intervalms="3104.588" >
  <concurrent-trace-info reason="card cleaning threshold reached" tracedByMutators="56721900" tracedByHelpers="17730484" cardsCleaned="2" workStackOverflowCount="0" />
</concurrent-global-final>
<gc-start id="883" type="global" contextid="864" timestamp="2022-02-08T17:29:36.268">
  <mem-info id="884" free="169123048" total="1073741824" percent="15">
    <mem type="nursery" free="101325168" total="268435456" percent="37">
      <mem type="allocate" free="101325168" total="183959552" percent="55" />
      <mem type="survivor" free="0" total="84475904" percent="0" />
    </mem>
    <mem type="tenure" free="67797880" total="805306368" percent="8">
      <mem type="soa" free="27532152" total="765040640" percent="3" />
      <mem type="loa" free="40265728" total="40265728" percent="100" />
    </mem>
    <remembered-set count="111" />
  </mem-info>
</gc-start>
<allocation-stats totalBytes="5207616" >
  <allocated-bytes non-tlh="24" tlh="5207592" />
  <largest-consumer threadName="main" threadId="0000000000016F00" bytes="5207616" />
</allocation-stats>
<gc-op id="885" type="rs-scan" timems="0.565" contextid="864" timestamp="2022-02-08T17:29:36.268">
  <scan objectsFound="61" bytesTraced="7076" workStackOverflowCount="0" />
</gc-op>
<gc-op id="886" type="card-cleaning" timems="150.203" contextid="864" timestamp="2022-02-08T17:29:36.419">
  <card-cleaning cardsCleaned="11" bytesTraced="71011220" workStackOverflowCount="0" />
</gc-op>
<gc-op id="887" type="mark" timems="47.533" contextid="864" timestamp="2022-02-08T17:29:36.466">
  <trace-info objectcount="1543145" scancount="1158888" scanbytes="24790844" />
  <finalization candidates="428" enqueued="57" />
  <ownableSynchronizers candidates="1" cleared="0" />
  <references type="soft" candidates="1063" cleared="169" enqueued="162" dynamicThreshold="11" maxThreshold="32" />
  <references type="weak" candidates="1701" cleared="0" enqueued="0" />
  <references type="phantom" candidates="52" cleared="2" enqueued="2" />
  <stringconstants candidates="6467" cleared="2"  />
  <object-monitors candidates="2" cleared="0"  />
</gc-op>
<gc-op id="888" type="sweep" timems="6.139" contextid="864" timestamp="2022-02-08T17:29:36.473" />
<gc-end id="889" type="global" contextid="864" durationms="204.850" usertimems="258.585" systemtimems="0.016" stalltimems="107.463" timestamp="2022-02-08T17:29:36.473" activeThreads="4">
  <mem-info id="890" free="412501024" total="1073741824" percent="38">
    <mem type="nursery" free="101662392" total="268435456" percent="37">
      <mem type="allocate" free="101662392" total="183959552" percent="55" />
      <mem type="survivor" free="0" total="84475904" percent="0" />
    </mem>
    <mem type="tenure" free="310838632" total="805306368" percent="38" micro-fragmented="375616" macro-fragmented="2592282">
      <mem type="soa" free="270572904" total="765040640" percent="35" />
      <mem type="loa" free="40265728" total="40265728" percent="100" />
    </mem>
    <pending-finalizers system="57" default="0" reference="164" classloader="0" />
    <remembered-set count="111" />
  </mem-info>
</gc-end>
<cycle-end id="891" type="global" contextid="864" timestamp="2022-02-08T17:29:36.473" />
<exclusive-end id="892" timestamp="2022-02-08T17:29:36.473" durationms="205.081" />

<exclusive-start id="893" timestamp="2022-02-08T17:29:37.145" intervalms="876.833">
  <response-info timems="0.019" idlems="0.019" threads="0" lastid="0000000000016F00" lastname="main" />
</exclusive-start>
<af-start id="894" threadId="0000000000017908" totalBytesRequested="200" timestamp="2022-02-08T17:29:37.145" intervalms="1089.132" type="nursery" />
<cycle-start id="895" type="scavenge" contextid="0" timestamp="2022-02-08T17:29:37.145" intervalms="1089.133" />
<gc-start id="896" type="scavenge" contextid="895" timestamp="2022-02-08T17:29:37.145">
  <mem-info id="897" free="310838632" total="1073741824" percent="28">
    <mem type="nursery" free="0" total="268435456" percent="0">
      <mem type="allocate" free="0" total="183959552" percent="0" />
      <mem type="survivor" free="0" total="84475904" percent="0" />
    </mem>
    <mem type="tenure" free="310838632" total="805306368" percent="38">
      <mem type="soa" free="270572904" total="765040640" percent="35" />
      <mem type="loa" free="40265728" total="40265728" percent="100" />
    </mem>
    <remembered-set count="279" />
  </mem-info>
</gc-start>
<allocation-stats totalBytes="101613904" >
  <allocated-bytes non-tlh="0" tlh="101613904" />
  <largest-consumer threadName="main" threadId="0000000000016F00" bytes="101601632" />
</allocation-stats>
<gc-op id="898" type="scavenge" timems="108.279" contextid="895" timestamp="2022-02-08T17:29:37.253">
  <scavenger-info tenureage="1" tenuremask="7ffe" tiltratio="68" />
  <memory-copied type="nursery" objects="1345966" bytes="75881768" bytesdiscarded="297968" />
  <memory-copied type="tenure" objects="1369155" bytes="77177288" bytesdiscarded="42448" />
  <finalization candidates="5" enqueued="0" />
  <ownableSynchronizers candidates="2" cleared="2" />
  <object-monitors candidates="2" cleared="0"  />
</gc-op>
<gc-end id="899" type="scavenge" contextid="895" durationms="108.484" usertimems="336.233" systemtimems="0.748" stalltimems="3.360" timestamp="2022-02-08T17:29:37.253" activeThreads="4">
  <mem-info id="900" free="341508472" total="1073741824" percent="31">
    <mem type="nursery" free="107976424" total="268435456" percent="40">
      <mem type="allocate" free="107976424" total="184156160" percent="58" />
      <mem type="survivor" free="0" total="84279296" percent="0" />
    </mem>
    <mem type="tenure" free="233532048" total="805306368" percent="28" macro-fragmented="0">
      <mem type="soa" free="193266320" total="765040640" percent="25" />
      <mem type="loa" free="40265728" total="40265728" percent="100" />
    </mem>
    <remembered-set count="270" />
  </mem-info>
</gc-end>
<cycle-end id="901" type="scavenge" contextid="895" timestamp="2022-02-08T17:29:37.253" />
<allocation-satisfied id="902" threadId="0000000000016F00" bytesRequested="200" />
<af-end id="903" timestamp="2022-02-08T17:29:37.253" threadId="0000000000017908" success="true" from="nursery"/>
<exclusive-end id="904" timestamp="2022-02-08T17:29:37.253" durationms="108.739" />

<exclusive-start id="905" timestamp="2022-02-08T17:29:37.986" intervalms="841.530">
  <response-info timems="0.016" idlems="0.016" threads="0" lastid="0000000000016F00" lastname="main" />
</exclusive-start>
<af-start id="906" threadId="0000000000017908" totalBytesRequested="24" timestamp="2022-02-08T17:29:37.986" intervalms="841.535" type="nursery" />
<cycle-start id="907" type="scavenge" contextid="0" timestamp="2022-02-08T17:29:37.986" intervalms="841.536" />
<gc-start id="908" type="scavenge" contextid="907" timestamp="2022-02-08T17:29:37.986">
  <mem-info id="909" free="233532048" total="1073741824" percent="21">
    <mem type="nursery" free="0" total="268435456" percent="0">
      <mem type="allocate" free="0" total="184156160" percent="0" />
      <mem type="survivor" free="0" total="84279296" percent="0" />
    </mem>
    <mem type="tenure" free="233532048" total="805306368" percent="28">
      <mem type="soa" free="193266320" total="765040640" percent="25" />
      <mem type="loa" free="40265728" total="40265728" percent="100" />
    </mem>
    <remembered-set count="284" />
  </mem-info>
</gc-start>
<allocation-stats totalBytes="107929264" >
  <allocated-bytes non-tlh="453904" tlh="107475360" />
  <largest-consumer threadName="main" threadId="0000000000016F00" bytes="107929264" />
</allocation-stats>
<gc-op id="910" type="scavenge" timems="106.782" contextid="907" timestamp="2022-02-08T17:29:38.093">
  <scavenger-info tenureage="1" tenuremask="7ffe" tiltratio="68" />
  <memory-copied type="nursery" objects="1356391" bytes="76843592" bytesdiscarded="196904" />
  <memory-copied type="tenure" objects="1345965" bytes="75881656" bytesdiscarded="38248" />
  <finalization candidates="30" enqueued="18" />
  <references type="phantom" candidates="30" cleared="0" enqueued="0" />
  <object-monitors candidates="2" cleared="0"  />
</gc-op>
<gc-end id="911" type="scavenge" contextid="907" durationms="107.041" usertimems="405.693" systemtimems="2.062" stalltimems="15.967" timestamp="2022-02-08T17:29:38.093" activeThreads="4">
  <mem-info id="912" free="264874376" total="1073741824" percent="24">
    <mem type="nursery" free="107312272" total="268435456" percent="39">
      <mem type="allocate" free="107312272" total="184352768" percent="58" />
      <mem type="survivor" free="0" total="84082688" percent="0" />
    </mem>
    <mem type="tenure" free="157562104" total="805306368" percent="19" macro-fragmented="0">
      <mem type="soa" free="117296376" total="765040640" percent="15" />
      <mem type="loa" free="40265728" total="40265728" percent="100" />
    </mem>
    <pending-finalizers system="18" default="0" reference="0" classloader="0" />
    <remembered-set count="281" />
  </mem-info>
</gc-end>
<cycle-end id="913" type="scavenge" contextid="907" timestamp="2022-02-08T17:29:38.093" />
<allocation-satisfied id="914" threadId="0000000000016F00" bytesRequested="24" />
<af-end id="915" timestamp="2022-02-08T17:29:38.093" threadId="0000000000017908" success="true" from="nursery"/>
<exclusive-end id="916" timestamp="2022-02-08T17:29:38.093" durationms="107.338" />

<concurrent-kickoff id="917" timestamp="2022-02-08T17:29:38.961">
  <kickoff reason="threshold reached" targetBytes="82640139" thresholdFreeBytes="7123489"  remainingFree="7107728" tenureFreeBytes="157561216" nurseryFreeBytes="7107728" />
</concurrent-kickoff>
<exclusive-start id="918" timestamp="2022-02-08T17:29:38.964" intervalms="978.279">
  <response-info timems="0.021" idlems="0.021" threads="0" lastid="0000000000016F00" lastname="main" />
</exclusive-start>
<cycle-start id="919" type="global" contextid="0" timestamp="2022-02-08T17:29:38.964" intervalms="3121.088" />
<concurrent-start id="920" type="global mark" contextid="919" timestamp="2022-02-08T17:29:38.964">
</concurrent-start>
<exclusive-end id="921" timestamp="2022-02-08T17:29:38.964" durationms="0.031" />

<exclusive-start id="922" timestamp="2022-02-08T17:29:39.127" intervalms="163.020">
  <response-info timems="0.019" idlems="0.019" threads="0" lastid="0000000000016F00" lastname="main" />
</exclusive-start>
<af-start id="923" threadId="0000000000017908" totalBytesRequested="200" timestamp="2022-02-08T17:29:39.128" intervalms="1141.303" type="nursery" />
<cycle-start id="924" type="scavenge" contextid="0" timestamp="2022-02-08T17:29:39.128" intervalms="1141.302" />
<gc-start id="925" type="scavenge" contextid="924" timestamp="2022-02-08T17:29:39.128">
  <mem-info id="926" free="157561216" total="1073741824" percent="14">
    <mem type="nursery" free="0" total="268435456" percent="0">
      <mem type="allocate" free="0" total="184352768" percent="0" />
      <mem type="survivor" free="0" total="84082688" percent="0" />
    </mem>
    <mem type="tenure" free="157561216" total="805306368" percent="19">
      <mem type="soa" free="117295488" total="765040640" percent="15" />
      <mem type="loa" free="40265728" total="40265728" percent="100" />
    </mem>
    <remembered-set count="310" />
  </mem-info>
</gc-start>
<allocation-stats totalBytes="107266408" >
  <allocated-bytes non-tlh="2291632" tlh="104974776" />
  <largest-consumer threadName="main" threadId="0000000000016F00" bytes="107262312" />
</allocation-stats>
<gc-op id="927" type="scavenge" timems="100.344" contextid="924" timestamp="2022-02-08T17:29:39.228">
  <scavenger-info tenureage="1" tenuremask="7ffe" tiltratio="68" />
  <memory-copied type="nursery" objects="1430433" bytes="75746208" bytesdiscarded="137280" />
  <memory-copied type="tenure" objects="1356092" bytes="76230848" bytesdiscarded="40832" />
  <finalization candidates="92" enqueued="35" />
  <references type="soft" candidates="14" cleared="0" enqueued="0" dynamicThreshold="12" maxThreshold="32" />
  <references type="weak" candidates="2" cleared="1" enqueued="1" />
  <references type="phantom" candidates="77" cleared="7" enqueued="7" />
  <object-monitors candidates="2" cleared="0"  />
</gc-op>
<gc-end id="928" type="scavenge" contextid="924" durationms="100.490" usertimems="390.153" systemtimems="0.928" stalltimems="2.998" timestamp="2022-02-08T17:29:39.228" activeThreads="4">
  <mem-info id="929" free="189723696" total="1073741824" percent="17">
    <mem type="nursery" free="108665712" total="268435456" percent="40">
      <mem type="allocate" free="108665712" total="184549376" percent="58" />
      <mem type="survivor" free="0" total="83886080" percent="0" />
    </mem>
    <mem type="tenure" free="81057984" total="805306368" percent="10" macro-fragmented="79878752">
      <mem type="soa" free="40792256" total="765040640" percent="5" />
      <mem type="loa" free="40265728" total="40265728" percent="100" />
    </mem>
    <pending-finalizers system="34" default="1" reference="8" classloader="0" />
    <remembered-set count="132" />
  </mem-info>
</gc-end>
<cycle-end id="930" type="scavenge" contextid="924" timestamp="2022-02-08T17:29:39.228" />
<allocation-satisfied id="931" threadId="0000000000016F00" bytesRequested="200" />
<af-end id="932" timestamp="2022-02-08T17:29:39.228" threadId="0000000000017908" success="true" from="nursery"/>
<exclusive-end id="933" timestamp="2022-02-08T17:29:39.228" durationms="100.963" />

<concurrent-end id="934" type="global mark" contextid="919" timestamp="2022-02-08T17:29:39.327">
<gc-op id="935" type="trace" timems="362.862" contextid="919" timestamp="2022-02-08T17:29:39.327">
  <trace bytesTraced="74426752" workStackOverflowCount="0" />
  <card-cleaning reason="card cleaning threshold reached" bytesTraced="480" cardsCleaned="2" />
</gc-op>
</concurrent-end>

<exclusive-start id="936" timestamp="2022-02-08T17:29:39.327" intervalms="199.914">
  <response-info timems="0.018" idlems="0.018" threads="0" lastid="0000000000016F00" lastname="main" />
</exclusive-start>
<concurrent-global-final id="937" timestamp="2022-02-08T17:29:39.327" contextid="919" intervalms="3059.577" >
  <concurrent-trace-info reason="card cleaning threshold reached" tracedByMutators="59200604" tracedByHelpers="15226628" cardsCleaned="2" workStackOverflowCount="0" />
</concurrent-global-final>
<gc-start id="938" type="global" contextid="919" timestamp="2022-02-08T17:29:39.327">
  <mem-info id="939" free="183456616" total="1073741824" percent="17">
    <mem type="nursery" free="102398632" total="268435456" percent="38">
      <mem type="allocate" free="102398632" total="184549376" percent="55" />
      <mem type="survivor" free="0" total="83886080" percent="0" />
    </mem>
    <mem type="tenure" free="81057984" total="805306368" percent="10">
      <mem type="soa" free="40792256" total="765040640" percent="5" />
      <mem type="loa" free="40265728" total="40265728" percent="100" />
    </mem>
    <remembered-set count="133" />
  </mem-info>
</gc-start>
<allocation-stats totalBytes="6264520" >
  <allocated-bytes non-tlh="200" tlh="6264320" />
  <largest-consumer threadName="main" threadId="0000000000016F00" bytes="6256328" />
</allocation-stats>
<heap-resize id="940" type="loa contract" space="tenure" amount="8052736" count="1" timems="0.000" reason="contract underutilized loa" timestamp="2022-02-08T17:29:39.327" />
<gc-op id="941" type="rs-scan" timems="133.625" contextid="919" timestamp="2022-02-08T17:29:39.461">
  <scan objectsFound="3324762" bytesTraced="71015792" workStackOverflowCount="0" />
</gc-op>
<gc-op id="942" type="card-cleaning" timems="0.716" contextid="919" timestamp="2022-02-08T17:29:39.462">
  <card-cleaning cardsCleaned="8" bytesTraced="3452" workStackOverflowCount="0" />
</gc-op>
<gc-op id="943" type="mark" timems="34.734" contextid="919" timestamp="2022-02-08T17:29:39.497">
  <trace-info objectcount="1254444" scancount="942359" scanbytes="20171400" />
  <finalization candidates="428" enqueued="57" />
  <ownableSynchronizers candidates="1" cleared="0" />
  <references type="soft" candidates="894" cleared="0" enqueued="0" dynamicThreshold="12" maxThreshold="32" />
  <references type="weak" candidates="1701" cleared="0" enqueued="0" />
  <references type="phantom" candidates="52" cleared="2" enqueued="2" />
  <stringconstants candidates="6471" cleared="1"  />
  <object-monitors candidates="2" cleared="0"  />
</gc-op>
<gc-op id="944" type="classunload" timems="0.280" contextid="919" timestamp="2022-02-08T17:29:39.497">
  <classunload-info classloadercandidates="12" classloadersunloaded="1" classesunloaded="1" anonymousclassesunloaded="0" quiescems="0.000" setupms="0.270" scanms="0.008" postms="0.002" />
</gc-op>
<gc-op id="945" type="sweep" timems="16.342" contextid="919" timestamp="2022-02-08T17:29:39.514" />
<gc-end id="946" type="global" contextid="919" durationms="186.171" usertimems="194.410" systemtimems="4.701" stalltimems="120.884" timestamp="2022-02-08T17:29:39.514" activeThreads="4">
  <mem-info id="947" free="427109032" total="1073741824" percent="39">
    <mem type="nursery" free="102953520" total="268435456" percent="38">
      <mem type="allocate" free="102953520" total="184549376" percent="55" />
      <mem type="survivor" free="0" total="83886080" percent="0" />
    </mem>
    <mem type="tenure" free="324155512" total="805306368" percent="40" micro-fragmented="341371" macro-fragmented="0">
      <mem type="soa" free="291942520" total="773093376" percent="37" />
      <mem type="loa" free="32212992" total="32212992" percent="100" />
    </mem>
    <pending-finalizers system="57" default="0" reference="2" classloader="0" />
    <remembered-set count="120" />
  </mem-info>
</gc-end>
<cycle-end id="948" type="global" contextid="919" timestamp="2022-02-08T17:29:39.514" />
<exclusive-end id="949" timestamp="2022-02-08T17:29:39.514" durationms="186.431" />

<exclusive-start id="950" timestamp="2022-02-08T17:29:40.249" intervalms="921.570">
  <response-info timems="0.018" idlems="0.018" threads="0" lastid="0000000000016F00" lastname="main" />
</exclusive-start>
<af-start id="951" threadId="0000000000017908" totalBytesRequested="192" timestamp="2022-02-08T17:29:40.249" intervalms="1121.475" type="nursery" />
<cycle-start id="952" type="scavenge" contextid="0" timestamp="2022-02-08T17:29:40.249" intervalms="1121.475" />
<gc-start id="953" type="scavenge" contextid="952" timestamp="2022-02-08T17:29:40.249">
  <mem-info id="954" free="324155512" total="1073741824" percent="30">
    <mem type="nursery" free="0" total="268435456" percent="0">
      <mem type="allocate" free="0" total="184549376" percent="0" />
      <mem type="survivor" free="0" total="83886080" percent="0" />
    </mem>
    <mem type="tenure" free="324155512" total="805306368" percent="40">
      <mem type="soa" free="291942520" total="773093376" percent="37" />
      <mem type="loa" free="32212992" total="32212992" percent="100" />
    </mem>
    <remembered-set count="121" />
  </mem-info>
</gc-start>
<allocation-stats totalBytes="102903824" >
  <allocated-bytes non-tlh="0" tlh="102903824" />
  <largest-consumer threadName="main" threadId="0000000000016F00" bytes="102899728" />
</allocation-stats>
<gc-op id="955" type="scavenge" timems="106.351" contextid="952" timestamp="2022-02-08T17:29:40.355">
  <scavenger-info tenureage="1" tenuremask="7ffe" tiltratio="68" />
  <memory-copied type="nursery" objects="1407395" bytes="77660776" bytesdiscarded="287728" />
  <memory-copied type="tenure" objects="1429947" bytes="75434184" bytesdiscarded="38984" />
  <finalization candidates="45" enqueued="0" />
  <ownableSynchronizers candidates="2" cleared="2" />
  <object-monitors candidates="2" cleared="0"  />
</gc-op>
<gc-end id="956" type="scavenge" contextid="952" durationms="106.539" usertimems="408.287" systemtimems="1.801" stalltimems="2.089" timestamp="2022-02-08T17:29:40.356" activeThreads="4">
  <mem-info id="957" free="353449944" total="1073741824" percent="32">
    <mem type="nursery" free="104962472" total="268435456" percent="39">
      <mem type="allocate" free="104962472" total="182910976" percent="57" />
      <mem type="survivor" free="0" total="85524480" percent="0" />
    </mem>
    <mem type="tenure" free="248487472" total="805306368" percent="30" macro-fragmented="0">
      <mem type="soa" free="216274480" total="773093376" percent="27" />
      <mem type="loa" free="32212992" total="32212992" percent="100" />
    </mem>
    <remembered-set count="113" />
  </mem-info>
</gc-end>
<cycle-end id="958" type="scavenge" contextid="952" timestamp="2022-02-08T17:29:40.356" />
<allocation-satisfied id="959" threadId="0000000000016F00" bytesRequested="192" />
<af-end id="960" timestamp="2022-02-08T17:29:40.356" threadId="0000000000017908" success="true" from="nursery"/>
<exclusive-end id="961" timestamp="2022-02-08T17:29:40.356" durationms="106.845" />

<exclusive-start id="962" timestamp="2022-02-08T17:29:40.997" intervalms="748.177">
  <response-info timems="0.016" idlems="0.016" threads="0" lastid="0000000000016F00" lastname="main" />
</exclusive-start>
<af-start id="963" threadId="0000000000017908" totalBytesRequested="120" timestamp="2022-02-08T17:29:40.997" intervalms="748.176" type="nursery" />
<cycle-start id="964" type="scavenge" contextid="0" timestamp="2022-02-08T17:29:40.997" intervalms="748.175" />
<gc-start id="965" type="scavenge" contextid="964" timestamp="2022-02-08T17:29:40.997">
  <mem-info id="966" free="248487472" total="1073741824" percent="23">
    <mem type="nursery" free="0" total="268435456" percent="0">
      <mem type="allocate" free="0" total="182910976" percent="0" />
      <mem type="survivor" free="0" total="85524480" percent="0" />
    </mem>
    <mem type="tenure" free="248487472" total="805306368" percent="30">
      <mem type="soa" free="216274480" total="773093376" percent="27" />
      <mem type="loa" free="32212992" total="32212992" percent="100" />
    </mem>
    <remembered-set count="113" />
  </mem-info>
</gc-start>
<allocation-stats totalBytes="104913904" >
  <allocated-bytes non-tlh="192" tlh="104913712" />
  <largest-consumer threadName="main" threadId="0000000000016F00" bytes="104913904" />
</allocation-stats>
<gc-op id="967" type="scavenge" timems="74.799" contextid="964" timestamp="2022-02-08T17:29:41.072">
  <scavenger-info tenureage="1" tenuremask="7ffe" tiltratio="68" />
  <memory-copied type="nursery" objects="1309612" bytes="74590464" bytesdiscarded="214400" />
  <memory-copied type="tenure" objects="1407394" bytes="77660672" bytesdiscarded="37824" />
  <object-monitors candidates="2" cleared="0"  />
</gc-op>
<gc-end id="968" type="scavenge" contextid="964" durationms="75.114" usertimems="290.300" systemtimems="3.926" stalltimems="3.886" timestamp="2022-02-08T17:29:41.072" activeThreads="4">
  <mem-info id="969" free="279141320" total="1073741824" percent="25">
    <mem type="nursery" free="108433792" total="268435456" percent="40">
      <mem type="allocate" free="108433792" total="183238656" percent="59" />
      <mem type="survivor" free="0" total="85196800" percent="0" />
    </mem>
    <mem type="tenure" free="170707528" total="805306368" percent="21" macro-fragmented="0">
      <mem type="soa" free="138494536" total="773093376" percent="17" />
      <mem type="loa" free="32212992" total="32212992" percent="100" />
    </mem>
    <remembered-set count="104" />
  </mem-info>
</gc-end>
<cycle-end id="970" type="scavenge" contextid="964" timestamp="2022-02-08T17:29:41.073" />
<allocation-satisfied id="971" threadId="0000000000016F00" bytesRequested="120" />
<af-end id="972" timestamp="2022-02-08T17:29:41.073" threadId="0000000000017908" success="true" from="nursery"/>
<exclusive-end id="973" timestamp="2022-02-08T17:29:41.073" durationms="75.483" />

<concurrent-kickoff id="974" timestamp="2022-02-08T17:29:41.910">
  <kickoff reason="threshold reached" targetBytes="80988368" thresholdFreeBytes="6845541"  remainingFree="6760400" tenureFreeBytes="170707528" nurseryFreeBytes="6760400" />
</concurrent-kickoff>
<exclusive-start id="975" timestamp="2022-02-08T17:29:41.913" intervalms="916.006">
  <response-info timems="0.019" idlems="0.019" threads="0" lastid="0000000000016F00" lastname="main" />
</exclusive-start>
<cycle-start id="976" type="global" contextid="0" timestamp="2022-02-08T17:29:41.913" intervalms="2948.685" />
<concurrent-start id="977" type="global mark" contextid="976" timestamp="2022-02-08T17:29:41.913">
</concurrent-start>
<exclusive-end id="978" timestamp="2022-02-08T17:29:41.913" durationms="0.027" />

<exclusive-start id="979" timestamp="2022-02-08T17:29:42.074" intervalms="160.563">
  <response-info timems="0.021" idlems="0.021" threads="0" lastid="0000000000016F00" lastname="main" />
</exclusive-start>
<af-start id="980" threadId="0000000000017908" totalBytesRequested="184" timestamp="2022-02-08T17:29:42.074" intervalms="1076.566" type="nursery" />
<cycle-start id="981" type="scavenge" contextid="0" timestamp="2022-02-08T17:29:42.074" intervalms="1076.566" />
<gc-start id="982" type="scavenge" contextid="981" timestamp="2022-02-08T17:29:42.074">
  <mem-info id="983" free="170707528" total="1073741824" percent="15">
    <mem type="nursery" free="0" total="268435456" percent="0">
      <mem type="allocate" free="0" total="183238656" percent="0" />
      <mem type="survivor" free="0" total="85196800" percent="0" />
    </mem>
    <mem type="tenure" free="170707528" total="805306368" percent="21">
      <mem type="soa" free="138494536" total="773093376" percent="17" />
      <mem type="loa" free="32212992" total="32212992" percent="100" />
    </mem>
    <remembered-set count="135" />
  </mem-info>
</gc-start>
<allocation-stats totalBytes="108385344" >
  <allocated-bytes non-tlh="3008944" tlh="105376400" />
  <largest-consumer threadName="main" threadId="0000000000016F00" bytes="108385344" />
</allocation-stats>
<gc-op id="984" type="scavenge" timems="87.121" contextid="981" timestamp="2022-02-08T17:29:42.161">
  <scavenger-info tenureage="1" tenuremask="7ffe" tiltratio="68" />
  <memory-copied type="nursery" objects="1454625" bytes="76207816" bytesdiscarded="121456" />
  <memory-copied type="tenure" objects="1309612" bytes="74590464" bytesdiscarded="40608" />
  <finalization candidates="110" enqueued="53" />
  <references type="soft" candidates="14" cleared="0" enqueued="0" dynamicThreshold="12" maxThreshold="32" />
  <references type="weak" candidates="1" cleared="0" enqueued="0" />
  <references type="phantom" candidates="95" cleared="7" enqueued="7" />
  <object-monitors candidates="2" cleared="0"  />
</gc-op>
<gc-end id="985" type="scavenge" contextid="981" durationms="87.290" usertimems="335.235" systemtimems="0.555" stalltimems="7.795" timestamp="2022-02-08T17:29:42.161" activeThreads="4">
  <mem-info id="986" free="203201312" total="1073741824" percent="18">
    <mem type="nursery" free="107105864" total="268435456" percent="39">
      <mem type="allocate" free="107105864" total="183435264" percent="58" />
      <mem type="survivor" free="0" total="85000192" percent="0" />
    </mem>
    <mem type="tenure" free="96095448" total="805306368" percent="11" macro-fragmented="36488675">
      <mem type="soa" free="63882456" total="773093376" percent="8" />
      <mem type="loa" free="32212992" total="32212992" percent="100" />
    </mem>
    <pending-finalizers system="52" default="1" reference="7" classloader="0" />
    <remembered-set count="130" />
  </mem-info>
</gc-end>
<cycle-end id="987" type="scavenge" contextid="981" timestamp="2022-02-08T17:29:42.161" />
<allocation-satisfied id="988" threadId="0000000000016F00" bytesRequested="184" />
<af-end id="989" timestamp="2022-02-08T17:29:42.162" threadId="0000000000017908" success="true" from="nursery"/>
<exclusive-end id="990" timestamp="2022-02-08T17:29:42.162" durationms="87.862" />

<concurrent-end id="991" type="global mark" contextid="976" timestamp="2022-02-08T17:29:42.263">
<gc-op id="992" type="trace" timems="349.889" contextid="976" timestamp="2022-02-08T17:29:42.263">
  <trace bytesTraced="74427624" workStackOverflowCount="0" />
  <card-cleaning reason="card cleaning threshold reached" bytesTraced="480" cardsCleaned="2" />
</gc-op>
</concurrent-end>

<exclusive-start id="993" timestamp="2022-02-08T17:29:42.263" intervalms="189.397">
  <response-info timems="0.020" idlems="0.020" threads="0" lastid="0000000000016F00" lastname="main" />
</exclusive-start>
<concurrent-global-final id="994" timestamp="2022-02-08T17:29:42.263" contextid="976" intervalms="2935.713" >
  <concurrent-trace-info reason="card cleaning threshold reached" tracedByMutators="55363252" tracedByHelpers="19064852" cardsCleaned="2" workStackOverflowCount="0" />
</concurrent-global-final>
<gc-start id="995" type="global" contextid="976" timestamp="2022-02-08T17:29:42.263">
  <mem-info id="996" free="197458536" total="1073741824" percent="18">
    <mem type="nursery" free="101363088" total="268435456" percent="37">
      <mem type="allocate" free="101363088" total="183435264" percent="55" />
      <mem type="survivor" free="0" total="85000192" percent="0" />
    </mem>
    <mem type="tenure" free="96095448" total="805306368" percent="11">
      <mem type="soa" free="63882456" total="773093376" percent="8" />
      <mem type="loa" free="32212992" total="32212992" percent="100" />
    </mem>
    <remembered-set count="131" />
  </mem-info>
</gc-start>
<allocation-stats totalBytes="5740552" >
  <allocated-bytes non-tlh="184" tlh="5740368" />
  <largest-consumer threadName="main" threadId="0000000000016F00" bytes="5732360" />
</allocation-stats>
<heap-resize id="997" type="loa contract" space="tenure" amount="8053760" count="1" timems="0.000" reason="contract underutilized loa" timestamp="2022-02-08T17:29:42.263" />
<gc-op id="998" type="rs-scan" timems="134.446" contextid="976" timestamp="2022-02-08T17:29:42.398">
  <scan objectsFound="3324744" bytesTraced="71013284" workStackOverflowCount="0" />
</gc-op>
<gc-op id="999" type="card-cleaning" timems="1.157" contextid="976" timestamp="2022-02-08T17:29:42.399">
  <card-cleaning cardsCleaned="4" bytesTraced="1744" workStackOverflowCount="0" />
</gc-op>
<gc-op id="1000" type="mark" timems="36.405" contextid="976" timestamp="2022-02-08T17:29:42.435">
  <trace-info objectcount="996909" scancount="749208" scanbytes="16050824" />
  <finalization candidates="428" enqueued="57" />
  <ownableSynchronizers candidates="1" cleared="0" />
  <references type="soft" candidates="894" cleared="0" enqueued="0" dynamicThreshold="12" maxThreshold="32" />
  <references type="weak" candidates="1701" cleared="0" enqueued="0" />
  <references type="phantom" candidates="52" cleared="2" enqueued="2" />
  <stringconstants candidates="6470" cleared="0"  />
  <object-monitors candidates="2" cleared="0"  />
</gc-op>
<gc-op id="1001" type="sweep" timems="7.705" contextid="976" timestamp="2022-02-08T17:29:42.443" />
<gc-end id="1002" type="global" contextid="976" durationms="179.945" usertimems="192.624" systemtimems="0.391" stalltimems="115.111" timestamp="2022-02-08T17:29:42.443" activeThreads="4">
  <mem-info id="1003" free="441134504" total="1073741824" percent="41">
    <mem type="nursery" free="102051456" total="268435456" percent="38">
      <mem type="allocate" free="102051456" total="183435264" percent="55" />
      <mem type="survivor" free="0" total="85000192" percent="0" />
    </mem>
    <mem type="tenure" free="339083048" total="805306368" percent="42" micro-fragmented="376073" macro-fragmented="0">
      <mem type="soa" free="314923816" total="781147136" percent="40" />
      <mem type="loa" free="24159232" total="24159232" percent="100" />
    </mem>
    <pending-finalizers system="57" default="0" reference="2" classloader="0" />
    <remembered-set count="113" />
  </mem-info>
</gc-end>
<cycle-end id="1004" type="global" contextid="976" timestamp="2022-02-08T17:29:42.443" />
<exclusive-end id="1005" timestamp="2022-02-08T17:29:42.443" durationms="180.210" />

<exclusive-start id="1006" timestamp="2022-02-08T17:29:43.129" intervalms="866.241">
  <response-info timems="0.017" idlems="0.017" threads="0" lastid="0000000000016F00" lastname="main" />
</exclusive-start>
<af-start id="1007" threadId="0000000000017908" totalBytesRequested="184" timestamp="2022-02-08T17:29:43.129" intervalms="1055.642" type="nursery" />
<cycle-start id="1008" type="scavenge" contextid="0" timestamp="2022-02-08T17:29:43.129" intervalms="1055.644" />
<gc-start id="1009" type="scavenge" contextid="1008" timestamp="2022-02-08T17:29:43.129">
  <mem-info id="1010" free="339083048" total="1073741824" percent="31">
    <mem type="nursery" free="0" total="268435456" percent="0">
      <mem type="allocate" free="0" total="183435264" percent="0" />
      <mem type="survivor" free="0" total="85000192" percent="0" />
    </mem>
    <mem type="tenure" free="339083048" total="805306368" percent="42">
      <mem type="soa" free="314923816" total="781147136" percent="40" />
      <mem type="loa" free="24159232" total="24159232" percent="100" />
    </mem>
    <remembered-set count="114" />
  </mem-info>
</gc-start>
<allocation-stats totalBytes="102001392" >
  <allocated-bytes non-tlh="0" tlh="102001392" />
  <largest-consumer threadName="main" threadId="0000000000016F00" bytes="101997296" />
</allocation-stats>
<gc-op id="1011" type="scavenge" timems="95.010" contextid="1008" timestamp="2022-02-08T17:29:43.224">
  <scavenger-info tenureage="1" tenuremask="7ffe" tiltratio="68" />
  <memory-copied type="nursery" objects="1386539" bytes="76654704" bytesdiscarded="205400" />
  <memory-copied type="tenure" objects="1453909" bytes="75739776" bytesdiscarded="45040" />
  <finalization candidates="57" enqueued="0" />
  <ownableSynchronizers candidates="2" cleared="2" />
  <object-monitors candidates="2" cleared="0"  />
</gc-op>
<gc-end id="1012" type="scavenge" contextid="1008" durationms="95.411" usertimems="330.585" systemtimems="0.000" stalltimems="8.713" timestamp="2022-02-08T17:29:43.225" activeThreads="4">
  <mem-info id="1013" free="370083904" total="1073741824" percent="34">
    <mem type="nursery" free="106902840" total="268435456" percent="39">
      <mem type="allocate" free="106902840" total="183762944" percent="58" />
      <mem type="survivor" free="0" total="84672512" percent="0" />
    </mem>
    <mem type="tenure" free="263181064" total="805306368" percent="32" macro-fragmented="0">
      <mem type="soa" free="239021832" total="781147136" percent="30" />
      <mem type="loa" free="24159232" total="24159232" percent="100" />
    </mem>
    <remembered-set count="104" />
  </mem-info>
</gc-end>
<cycle-end id="1014" type="scavenge" contextid="1008" timestamp="2022-02-08T17:29:43.225" />
<allocation-satisfied id="1015" threadId="0000000000016F00" bytesRequested="184" />
<af-end id="1016" timestamp="2022-02-08T17:29:43.225" threadId="0000000000017908" success="true" from="nursery"/>
<exclusive-end id="1017" timestamp="2022-02-08T17:29:43.225" durationms="95.723" />

<exclusive-start id="1018" timestamp="2022-02-08T17:29:43.874" intervalms="744.674">
  <response-info timems="0.015" idlems="0.015" threads="0" lastid="0000000000016F00" lastname="main" />
</exclusive-start>
<af-start id="1019" threadId="0000000000017908" totalBytesRequested="184" timestamp="2022-02-08T17:29:43.874" intervalms="744.670" type="nursery" />
<cycle-start id="1020" type="scavenge" contextid="0" timestamp="2022-02-08T17:29:43.874" intervalms="744.669" />
<gc-start id="1021" type="scavenge" contextid="1020" timestamp="2022-02-08T17:29:43.874">
  <mem-info id="1022" free="263181064" total="1073741824" percent="24">
    <mem type="nursery" free="0" total="268435456" percent="0">
      <mem type="allocate" free="0" total="183762944" percent="0" />
      <mem type="survivor" free="0" total="84672512" percent="0" />
    </mem>
    <mem type="tenure" free="263181064" total="805306368" percent="32">
      <mem type="soa" free="239021832" total="781147136" percent="30" />
      <mem type="loa" free="24159232" total="24159232" percent="100" />
    </mem>
    <remembered-set count="104" />
  </mem-info>
</gc-start>
<allocation-stats totalBytes="106852536" >
  <allocated-bytes non-tlh="184" tlh="106852352" />
  <largest-consumer threadName="main" threadId="0000000000016F00" bytes="106852536" />
</allocation-stats>
<gc-op id="1023" type="scavenge" timems="74.954" contextid="1020" timestamp="2022-02-08T17:29:43.949">
  <scavenger-info tenureage="1" tenuremask="7ffe" tiltratio="68" />
  <memory-copied type="nursery" objects="1343945" bytes="75974112" bytesdiscarded="173520" />
  <memory-copied type="tenure" objects="1386538" bytes="76654600" bytesdiscarded="38040" />
  <object-monitors candidates="2" cleared="0"  />
</gc-op>
<gc-end id="1024" type="scavenge" contextid="1020" durationms="75.350" usertimems="292.515" systemtimems="0.229" stalltimems="3.639" timestamp="2022-02-08T17:29:43.949" activeThreads="4">
  <mem-info id="1025" free="294239664" total="1073741824" percent="27">
    <mem type="nursery" free="108008528" total="268435456" percent="40">
      <mem type="allocate" free="108008528" total="184156160" percent="58" />
      <mem type="survivor" free="0" total="84279296" percent="0" />
    </mem>
    <mem type="tenure" free="186231136" total="805306368" percent="23" macro-fragmented="33282812">
      <mem type="soa" free="162071904" total="781147136" percent="20" />
      <mem type="loa" free="24159232" total="24159232" percent="100" />
    </mem>
    <remembered-set count="104" />
  </mem-info>
</gc-end>
<cycle-end id="1026" type="scavenge" contextid="1020" timestamp="2022-02-08T17:29:43.950" />
<allocation-satisfied id="1027" threadId="0000000000016F00" bytesRequested="184" />
<af-end id="1028" timestamp="2022-02-08T17:29:43.950" threadId="0000000000017908" success="true" from="nursery"/>
<exclusive-end id="1029" timestamp="2022-02-08T17:29:43.950" durationms="75.755" />

<exclusive-start id="1030" timestamp="2022-02-08T17:29:44.850" intervalms="976.149">
  <response-info timems="0.020" idlems="0.020" threads="0" lastid="0000000000016F00" lastname="main" />
</exclusive-start>
<af-start id="1031" threadId="0000000000017908" totalBytesRequested="248" timestamp="2022-02-08T17:29:44.850" intervalms="976.183" type="nursery" />
<cycle-start id="1032" type="scavenge" contextid="0" timestamp="2022-02-08T17:29:44.850" intervalms="976.184" />
<gc-start id="1033" type="scavenge" contextid="1032" timestamp="2022-02-08T17:29:44.850">
  <mem-info id="1034" free="186231136" total="1073741824" percent="17">
    <mem type="nursery" free="0" total="268435456" percent="0">
      <mem type="allocate" free="0" total="184156160" percent="0" />
      <mem type="survivor" free="0" total="84279296" percent="0" />
    </mem>
    <mem type="tenure" free="186231136" total="805306368" percent="23">
      <mem type="soa" free="162071904" total="781147136" percent="20" />
      <mem type="loa" free="24159232" total="24159232" percent="100" />
    </mem>
    <remembered-set count="135" />
  </mem-info>
</gc-start>
<allocation-stats totalBytes="107961024" >
  <allocated-bytes non-tlh="1493952" tlh="106467072" />
  <largest-consumer threadName="main" threadId="0000000000016F00" bytes="107961024" />
</allocation-stats>
<gc-op id="1035" type="scavenge" timems="89.136" contextid="1032" timestamp="2022-02-08T17:29:44.940">
  <scavenger-info tenureage="1" tenuremask="7ffe" tiltratio="68" />
  <memory-copied type="nursery" objects="1452444" bytes="75954280" bytesdiscarded="137664" />
  <memory-copied type="tenure" objects="1343944" bytes="75974008" bytesdiscarded="35568" />
  <finalization candidates="109" enqueued="53" />
  <references type="soft" candidates="14" cleared="0" enqueued="0" dynamicThreshold="13" maxThreshold="32" />
  <references type="weak" candidates="1" cleared="0" enqueued="0" />
  <references type="phantom" candidates="94" cleared="7" enqueued="7" />
  <object-monitors candidates="2" cleared="0"  />
</gc-op>
<gc-end id="1036" type="scavenge" contextid="1032" durationms="89.531" usertimems="305.847" systemtimems="0.000" stalltimems="8.514" timestamp="2022-02-08T17:29:44.940" activeThreads="4">
  <mem-info id="1037" free="218892648" total="1073741824" percent="20">
    <mem type="nursery" free="108522840" total="268435456" percent="40">
      <mem type="allocate" free="108522840" total="184614912" percent="58" />
      <mem type="survivor" free="0" total="83820544" percent="0" />
    </mem>
    <mem type="tenure" free="110369808" total="805306368" percent="13" macro-fragmented="82390861">
      <mem type="soa" free="86210576" total="781147136" percent="11" />
      <mem type="loa" free="24159232" total="24159232" percent="100" />
    </mem>
    <pending-finalizers system="52" default="1" reference="7" classloader="0" />
    <remembered-set count="130" />
  </mem-info>
</gc-end>
<cycle-end id="1038" type="scavenge" contextid="1032" timestamp="2022-02-08T17:29:44.940" />
<allocation-satisfied id="1039" threadId="0000000000016F00" bytesRequested="248" />
<af-end id="1040" timestamp="2022-02-08T17:29:44.940" threadId="0000000000017908" success="true" from="nursery"/>
<exclusive-end id="1041" timestamp="2022-02-08T17:29:44.940" durationms="89.854" />

<concurrent-kickoff id="1042" timestamp="2022-02-08T17:29:45.635">
  <kickoff reason="threshold reached" targetBytes="79669889" thresholdFreeBytes="6648028"  remainingFree="6536192" tenureFreeBytes="110369808" nurseryFreeBytes="6536192" />
</concurrent-kickoff>
<exclusive-start id="1043" timestamp="2022-02-08T17:29:45.640" intervalms="789.397">
  <response-info timems="0.020" idlems="0.020" threads="0" lastid="0000000000016F00" lastname="main" />
</exclusive-start>
<cycle-start id="1044" type="global" contextid="0" timestamp="2022-02-08T17:29:45.640" intervalms="3726.422" />
<concurrent-start id="1045" type="global mark" contextid="1044" timestamp="2022-02-08T17:29:45.640">
</concurrent-start>
<exclusive-end id="1046" timestamp="2022-02-08T17:29:45.640" durationms="0.029" />

<exclusive-start id="1047" timestamp="2022-02-08T17:29:45.787" intervalms="147.201">
  <response-info timems="0.028" idlems="0.028" threads="0" lastid="0000000000016F00" lastname="main" />
</exclusive-start>
<af-start id="1048" threadId="0000000000017908" totalBytesRequested="184" timestamp="2022-02-08T17:29:45.787" intervalms="936.568" type="nursery" />
<cycle-start id="1049" type="scavenge" contextid="0" timestamp="2022-02-08T17:29:45.787" intervalms="936.567" />
<gc-start id="1050" type="scavenge" contextid="1049" timestamp="2022-02-08T17:29:45.787">
  <mem-info id="1051" free="110369808" total="1073741824" percent="10">
    <mem type="nursery" free="0" total="268435456" percent="0">
      <mem type="allocate" free="0" total="184614912" percent="0" />
      <mem type="survivor" free="0" total="83820544" percent="0" />
    </mem>
    <mem type="tenure" free="110369808" total="805306368" percent="13">
      <mem type="soa" free="86210576" total="781147136" percent="11" />
      <mem type="loa" free="24159232" total="24159232" percent="100" />
    </mem>
    <remembered-set count="131" />
  </mem-info>
</gc-start>
<allocation-stats totalBytes="108471832" >
  <allocated-bytes non-tlh="1347928" tlh="107123904" />
  <largest-consumer threadName="main" threadId="0000000000016F00" bytes="108463640" />
</allocation-stats>
<gc-op id="1052" type="scavenge" timems="88.574" contextid="1049" timestamp="2022-02-08T17:29:45.875">
  <scavenger-info tenureage="1" tenuremask="7ffe" tiltratio="68" />
  <memory-copied type="nursery" objects="1380894" bytes="77660440" bytesdiscarded="259224" />
  <memory-copied type="tenure" objects="1451724" bytes="75010976" bytesdiscarded="37488" />
  <finalization candidates="57" enqueued="0" />
  <references type="phantom" candidates="1" cleared="0" enqueued="0" />
  <object-monitors candidates="2" cleared="0"  />
</gc-op>
<gc-end id="1053" type="scavenge" contextid="1049" durationms="89.089" usertimems="343.482" systemtimems="5.249" stalltimems="2.928" timestamp="2022-02-08T17:29:45.876" activeThreads="4">
  <mem-info id="1054" free="140380736" total="1073741824" percent="13">
    <mem type="nursery" free="105122384" total="268435456" percent="39">
      <mem type="allocate" free="105122384" total="183042048" percent="57" />
      <mem type="survivor" free="0" total="85393408" percent="0" />
    </mem>
    <mem type="tenure" free="35258352" total="805306368" percent="4" macro-fragmented="16050736">
      <mem type="soa" free="11099120" total="781147136" percent="1" />
      <mem type="loa" free="24159232" total="24159232" percent="100" />
    </mem>
    <remembered-set count="102" />
  </mem-info>
</gc-end>
<cycle-end id="1055" type="scavenge" contextid="1049" timestamp="2022-02-08T17:29:45.876" />
<allocation-satisfied id="1056" threadId="0000000000016F00" bytesRequested="184" />
<af-end id="1057" timestamp="2022-02-08T17:29:45.876" threadId="0000000000017908" success="true" from="nursery"/>
<exclusive-end id="1058" timestamp="2022-02-08T17:29:45.876" durationms="89.448" />

<concurrent-end id="1059" type="global mark" contextid="1044" timestamp="2022-02-08T17:29:45.987">
<gc-op id="1060" type="trace" timems="347.013" contextid="1044" timestamp="2022-02-08T17:29:45.987">
  <trace bytesTraced="74427800" workStackOverflowCount="0" />
  <card-cleaning reason="card cleaning threshold reached" bytesTraced="480" cardsCleaned="2" />
</gc-op>
</concurrent-end>

<exclusive-start id="1061" timestamp="2022-02-08T17:29:45.987" intervalms="199.880">
  <response-info timems="0.016" idlems="0.016" threads="0" lastid="0000000000016F00" lastname="main" />
</exclusive-start>
<concurrent-global-final id="1062" timestamp="2022-02-08T17:29:45.987" contextid="1044" intervalms="3723.542" >
  <concurrent-trace-info reason="card cleaning threshold reached" tracedByMutators="58892776" tracedByHelpers="15535504" cardsCleaned="2" workStackOverflowCount="0" />
</concurrent-global-final>
<gc-start id="1063" type="global" contextid="1044" timestamp="2022-02-08T17:29:45.987">
  <mem-info id="1064" free="133859720" total="1073741824" percent="12">
    <mem type="nursery" free="98601368" total="268435456" percent="36">
      <mem type="allocate" free="98601368" total="183042048" percent="53" />
      <mem type="survivor" free="0" total="85393408" percent="0" />
    </mem>
    <mem type="tenure" free="35258352" total="805306368" percent="4">
      <mem type="soa" free="11099120" total="781147136" percent="1" />
      <mem type="loa" free="24159232" total="24159232" percent="100" />
    </mem>
    <remembered-set count="102" />
  </mem-info>
</gc-start>
<allocation-stats totalBytes="6517848" >
  <allocated-bytes non-tlh="184" tlh="6517664" />
  <largest-consumer threadName="main" threadId="0000000000016F00" bytes="6517848" />
</allocation-stats>
<heap-resize id="1065" type="loa contract" space="tenure" amount="8052736" count="1" timems="0.000" reason="contract underutilized loa" timestamp="2022-02-08T17:29:45.987" />
<gc-op id="1066" type="rs-scan" timems="0.628" contextid="1044" timestamp="2022-02-08T17:29:45.987">
  <scan objectsFound="29" bytesTraced="5420" workStackOverflowCount="0" />
</gc-op>
<gc-op id="1067" type="card-cleaning" timems="153.240" contextid="1044" timestamp="2022-02-08T17:29:46.141">
  <card-cleaning cardsCleaned="9" bytesTraced="71010340" workStackOverflowCount="0" />
</gc-op>
<gc-op id="1068" type="mark" timems="67.156" contextid="1044" timestamp="2022-02-08T17:29:46.208">
  <trace-info objectcount="2133026" scancount="1601297" scanbytes="34228712" />
  <finalization candidates="428" enqueued="57" />
  <ownableSynchronizers candidates="1" cleared="0" />
  <references type="soft" candidates="894" cleared="0" enqueued="0" dynamicThreshold="13" maxThreshold="32" />
  <references type="weak" candidates="1701" cleared="0" enqueued="0" />
  <references type="phantom" candidates="52" cleared="2" enqueued="2" />
  <stringconstants candidates="6470" cleared="0"  />
  <object-monitors candidates="2" cleared="0"  />
</gc-op>
<gc-op id="1069" type="sweep" timems="6.620" contextid="1044" timestamp="2022-02-08T17:29:46.215" />
<gc-end id="1070" type="global" contextid="1044" durationms="228.050" usertimems="233.081" systemtimems="3.853" stalltimems="207.541" timestamp="2022-02-08T17:29:46.215" activeThreads="4">
  <mem-info id="1071" free="377233576" total="1073741824" percent="35">
    <mem type="nursery" free="98951528" total="268435456" percent="36">
      <mem type="allocate" free="98951528" total="183042048" percent="54" />
      <mem type="survivor" free="0" total="85393408" percent="0" />
    </mem>
    <mem type="tenure" free="278282048" total="805306368" percent="34" micro-fragmented="410800" macro-fragmented="2160235">
      <mem type="soa" free="262175552" total="789199872" percent="33" />
      <mem type="loa" free="16106496" total="16106496" percent="100" />
    </mem>
    <pending-finalizers system="57" default="0" reference="2" classloader="0" />
    <remembered-set count="102" />
  </mem-info>
</gc-end>
<cycle-end id="1072" type="global" contextid="1044" timestamp="2022-02-08T17:29:46.215" />
<exclusive-end id="1073" timestamp="2022-02-08T17:29:46.215" durationms="228.287" />

<exclusive-start id="1074" timestamp="2022-02-08T17:29:46.840" intervalms="853.651">
  <response-info timems="0.020" idlems="0.020" threads="0" lastid="0000000000016F00" lastname="main" />
</exclusive-start>
<af-start id="1075" threadId="0000000000017908" totalBytesRequested="104" timestamp="2022-02-08T17:29:46.840" intervalms="1053.561" type="nursery" />
<cycle-start id="1076" type="scavenge" contextid="0" timestamp="2022-02-08T17:29:46.840" intervalms="1053.590" />
<gc-start id="1077" type="scavenge" contextid="1076" timestamp="2022-02-08T17:29:46.840">
  <mem-info id="1078" free="278282048" total="1073741824" percent="25">
    <mem type="nursery" free="0" total="268435456" percent="0">
      <mem type="allocate" free="0" total="183042048" percent="0" />
      <mem type="survivor" free="0" total="85393408" percent="0" />
    </mem>
    <mem type="tenure" free="278282048" total="805306368" percent="34">
      <mem type="soa" free="262175552" total="789199872" percent="33" />
      <mem type="loa" free="16106496" total="16106496" percent="100" />
    </mem>
    <remembered-set count="105" />
  </mem-info>
</gc-start>
<allocation-stats totalBytes="98908016" >
  <allocated-bytes non-tlh="0" tlh="98908016" />
  <largest-consumer threadName="main" threadId="0000000000016F00" bytes="98903920" />
</allocation-stats>
<gc-op id="1079" type="scavenge" timems="103.627" contextid="1076" timestamp="2022-02-08T17:29:46.944">
  <scavenger-info tenureage="1" tenuremask="7ffe" tiltratio="68" />
  <memory-copied type="nursery" objects="1319818" bytes="74857080" bytesdiscarded="88296" />
  <memory-copied type="tenure" objects="1380893" bytes="77660336" bytesdiscarded="39832" />
  <finalization candidates="1" enqueued="0" />
  <ownableSynchronizers candidates="2" cleared="2" />
  <object-monitors candidates="2" cleared="0"  />
</gc-op>
<gc-end id="1080" type="scavenge" contextid="1076" durationms="104.053" usertimems="373.093" systemtimems="4.244" stalltimems="16.301" timestamp="2022-02-08T17:29:46.945" activeThreads="4">
  <mem-info id="1081" free="308825944" total="1073741824" percent="28">
    <mem type="nursery" free="108424352" total="268435456" percent="40">
      <mem type="allocate" free="108424352" total="183369728" percent="59" />
      <mem type="survivor" free="0" total="85065728" percent="0" />
    </mem>
    <mem type="tenure" free="200401592" total="805306368" percent="24" macro-fragmented="0">
      <mem type="soa" free="184295096" total="789199872" percent="23" />
      <mem type="loa" free="16106496" total="16106496" percent="100" />
    </mem>
    <remembered-set count="105" />
  </mem-info>
</gc-end>
<cycle-end id="1082" type="scavenge" contextid="1076" timestamp="2022-02-08T17:29:46.945" />
<allocation-satisfied id="1083" threadId="0000000000016F00" bytesRequested="104" />
<af-end id="1084" timestamp="2022-02-08T17:29:46.945" threadId="0000000000017908" success="true" from="nursery"/>
<exclusive-end id="1085" timestamp="2022-02-08T17:29:46.945" durationms="104.464" />

<exclusive-start id="1086" timestamp="2022-02-08T17:29:47.859" intervalms="1018.319">
  <response-info timems="0.021" idlems="0.021" threads="0" lastid="0000000000016F00" lastname="main" />
</exclusive-start>
<af-start id="1087" threadId="0000000000017908" totalBytesRequested="120" timestamp="2022-02-08T17:29:47.859" intervalms="1018.288" type="nursery" />
<cycle-start id="1088" type="scavenge" contextid="0" timestamp="2022-02-08T17:29:47.859" intervalms="1018.259" />
<gc-start id="1089" type="scavenge" contextid="1088" timestamp="2022-02-08T17:29:47.859">
  <mem-info id="1090" free="200401592" total="1073741824" percent="18">
    <mem type="nursery" free="0" total="268435456" percent="0">
      <mem type="allocate" free="0" total="183369728" percent="0" />
      <mem type="survivor" free="0" total="85065728" percent="0" />
    </mem>
    <mem type="tenure" free="200401592" total="805306368" percent="24">
      <mem type="soa" free="184295096" total="789199872" percent="23" />
      <mem type="loa" free="16106496" total="16106496" percent="100" />
    </mem>
    <remembered-set count="135" />
  </mem-info>
</gc-start>
<allocation-stats totalBytes="108377464" >
  <allocated-bytes non-tlh="1590672" tlh="106786792" />
  <largest-consumer threadName="main" threadId="0000000000016F00" bytes="108377464" />
</allocation-stats>
<gc-op id="1091" type="scavenge" timems="111.766" contextid="1088" timestamp="2022-02-08T17:29:47.970">
  <scavenger-info tenureage="1" tenuremask="7ffe" tiltratio="68" />
  <memory-copied type="nursery" objects="1492430" bytes="76335616" bytesdiscarded="185496" />
  <memory-copied type="tenure" objects="1319818" bytes="74857080" bytesdiscarded="35464" />
  <finalization candidates="109" enqueued="53" />
  <references type="soft" candidates="14" cleared="0" enqueued="0" dynamicThreshold="11" maxThreshold="32" />
  <references type="weak" candidates="1" cleared="0" enqueued="0" />
  <references type="phantom" candidates="94" cleared="7" enqueued="7" />
  <object-monitors candidates="2" cleared="0"  />
</gc-op>
<gc-end id="1092" type="scavenge" contextid="1088" durationms="112.196" usertimems="309.384" systemtimems="5.590" stalltimems="5.926" timestamp="2022-02-08T17:29:47.971" activeThreads="4">
  <mem-info id="1093" free="232472696" total="1073741824" percent="21">
    <mem type="nursery" free="107045096" total="268435456" percent="39">
      <mem type="allocate" free="107045096" total="183566336" percent="58" />
      <mem type="survivor" free="0" total="84869120" percent="0" />
    </mem>
    <mem type="tenure" free="125427600" total="805306368" percent="15" macro-fragmented="0">
      <mem type="soa" free="109321104" total="789199872" percent="13" />
      <mem type="loa" free="16106496" total="16106496" percent="100" />
    </mem>
    <pending-finalizers system="52" default="1" reference="7" classloader="0" />
    <remembered-set count="131" />
  </mem-info>
</gc-end>
<cycle-end id="1094" type="scavenge" contextid="1088" timestamp="2022-02-08T17:29:47.971" />
<allocation-satisfied id="1095" threadId="0000000000016F00" bytesRequested="120" />
<af-end id="1096" timestamp="2022-02-08T17:29:47.971" threadId="0000000000017908" success="true" from="nursery"/>
<exclusive-end id="1097" timestamp="2022-02-08T17:29:47.971" durationms="112.498" />

<concurrent-kickoff id="1098" timestamp="2022-02-08T17:29:48.672">
  <kickoff reason="threshold reached" targetBytes="78617065" thresholdFreeBytes="6466180"  remainingFree="6447336" tenureFreeBytes="125427600" nurseryFreeBytes="6447336" />
</concurrent-kickoff>
<exclusive-start id="1099" timestamp="2022-02-08T17:29:48.675" intervalms="815.921">
  <response-info timems="0.017" idlems="0.017" threads="0" lastid="0000000000016F00" lastname="main" />
</exclusive-start>
<cycle-start id="1100" type="global" contextid="0" timestamp="2022-02-08T17:29:48.675" intervalms="3034.971" />
<concurrent-start id="1101" type="global mark" contextid="1100" timestamp="2022-02-08T17:29:48.675">
</concurrent-start>
<exclusive-end id="1102" timestamp="2022-02-08T17:29:48.675" durationms="0.029" />

<exclusive-start id="1103" timestamp="2022-02-08T17:29:48.819" intervalms="144.083">
  <response-info timems="0.031" idlems="0.031" threads="0" lastid="0000000000016F00" lastname="main" />
</exclusive-start>
<af-start id="1104" threadId="0000000000017908" totalBytesRequested="208" timestamp="2022-02-08T17:29:48.819" intervalms="960.042" type="nursery" />
<cycle-start id="1105" type="scavenge" contextid="0" timestamp="2022-02-08T17:29:48.819" intervalms="960.042" />
<gc-start id="1106" type="scavenge" contextid="1105" timestamp="2022-02-08T17:29:48.819">
  <mem-info id="1107" free="125427600" total="1073741824" percent="11">
    <mem type="nursery" free="0" total="268435456" percent="0">
      <mem type="allocate" free="0" total="183566336" percent="0" />
      <mem type="survivor" free="0" total="84869120" percent="0" />
    </mem>
    <mem type="tenure" free="125427600" total="805306368" percent="15">
      <mem type="soa" free="109321104" total="789199872" percent="13" />
      <mem type="loa" free="16106496" total="16106496" percent="100" />
    </mem>
    <remembered-set count="132" />
  </mem-info>
</gc-start>
<allocation-stats totalBytes="106995240" >
  <allocated-bytes non-tlh="1347800" tlh="105647440" />
  <largest-consumer threadName="main" threadId="0000000000016F00" bytes="106987048" />
</allocation-stats>
<gc-op id="1108" type="scavenge" timems="105.244" contextid="1105" timestamp="2022-02-08T17:29:48.924">
  <scavenger-info tenureage="1" tenuremask="7ffe" tiltratio="68" />
  <memory-copied type="nursery" objects="1339522" bytes="76567288" bytesdiscarded="244072" />
  <memory-copied type="tenure" objects="1491711" bytes="75392448" bytesdiscarded="39464" />
  <finalization candidates="57" enqueued="0" />
  <references type="phantom" candidates="1" cleared="0" enqueued="0" />
  <object-monitors candidates="2" cleared="0"  />
</gc-op>
<gc-end id="1109" type="scavenge" contextid="1105" durationms="105.651" usertimems="364.192" systemtimems="0.000" stalltimems="6.163" timestamp="2022-02-08T17:29:48.924" activeThreads="4">
  <mem-info id="1110" free="157340496" total="1073741824" percent="14">
    <mem type="nursery" free="107148192" total="268435456" percent="39">
      <mem type="allocate" free="107148192" total="183959552" percent="58" />
      <mem type="survivor" free="0" total="84475904" percent="0" />
    </mem>
    <mem type="tenure" free="50192304" total="805306368" percent="6" macro-fragmented="0">
      <mem type="soa" free="34085808" total="789199872" percent="4" />
      <mem type="loa" free="16106496" total="16106496" percent="100" />
    </mem>
    <remembered-set count="102" />
  </mem-info>
</gc-end>
<cycle-end id="1111" type="scavenge" contextid="1105" timestamp="2022-02-08T17:29:48.925" />
<allocation-satisfied id="1112" threadId="0000000000016F00" bytesRequested="208" />
<af-end id="1113" timestamp="2022-02-08T17:29:48.925" threadId="0000000000017908" success="true" from="nursery"/>
<exclusive-end id="1114" timestamp="2022-02-08T17:29:48.925" durationms="105.999" />

<concurrent-end id="1115" type="global mark" contextid="1100" timestamp="2022-02-08T17:29:49.044">
<gc-op id="1116" type="trace" timems="369.449" contextid="1100" timestamp="2022-02-08T17:29:49.044">
  <trace bytesTraced="74428040" workStackOverflowCount="0" />
  <card-cleaning reason="card cleaning threshold reached" bytesTraced="480" cardsCleaned="2" />
</gc-op>
</concurrent-end>

<exclusive-start id="1117" timestamp="2022-02-08T17:29:49.044" intervalms="225.477">
  <response-info timems="0.020" idlems="0.020" threads="0" lastid="0000000000016F00" lastname="main" />
</exclusive-start>
<concurrent-global-final id="1118" timestamp="2022-02-08T17:29:49.044" contextid="1100" intervalms="3057.452" >
  <concurrent-trace-info reason="card cleaning threshold reached" tracedByMutators="57964784" tracedByHelpers="16463736" cardsCleaned="2" workStackOverflowCount="0" />
</concurrent-global-final>
<gc-start id="1119" type="global" contextid="1100" timestamp="2022-02-08T17:29:49.044">
  <mem-info id="1120" free="149639808" total="1073741824" percent="13">
    <mem type="nursery" free="99447504" total="268435456" percent="37">
      <mem type="allocate" free="99447504" total="183959552" percent="54" />
      <mem type="survivor" free="0" total="84475904" percent="0" />
    </mem>
    <mem type="tenure" free="50192304" total="805306368" percent="6">
      <mem type="soa" free="34085808" total="789199872" percent="4" />
      <mem type="loa" free="16106496" total="16106496" percent="100" />
    </mem>
    <remembered-set count="102" />
  </mem-info>
</gc-start>
<allocation-stats totalBytes="7697232" >
  <allocated-bytes non-tlh="208" tlh="7697024" />
  <largest-consumer threadName="main" threadId="0000000000016F00" bytes="7697232" />
</allocation-stats>
<heap-resize id="1121" type="loa contract" space="tenure" amount="8052736" count="1" timems="0.000" reason="contract underutilized loa" timestamp="2022-02-08T17:29:49.044" />
<gc-op id="1122" type="rs-scan" timems="0.712" contextid="1100" timestamp="2022-02-08T17:29:49.045">
  <scan objectsFound="29" bytesTraced="5452" workStackOverflowCount="0" />
</gc-op>
<gc-op id="1123" type="card-cleaning" timems="155.116" contextid="1100" timestamp="2022-02-08T17:29:49.200">
  <card-cleaning cardsCleaned="8" bytesTraced="71010228" workStackOverflowCount="0" />
</gc-op>
<gc-op id="1124" type="mark" timems="49.622" contextid="1100" timestamp="2022-02-08T17:29:49.250">
  <trace-info objectcount="1864933" scancount="1400227" scanbytes="29939208" />
  <finalization candidates="428" enqueued="57" />
  <ownableSynchronizers candidates="1" cleared="0" />
  <references type="soft" candidates="894" cleared="0" enqueued="0" dynamicThreshold="11" maxThreshold="32" />
  <references type="weak" candidates="1701" cleared="0" enqueued="0" />
  <references type="phantom" candidates="52" cleared="2" enqueued="2" />
  <stringconstants candidates="6470" cleared="0"  />
  <object-monitors candidates="2" cleared="0"  />
</gc-op>
<gc-op id="1125" type="sweep" timems="5.392" contextid="1100" timestamp="2022-02-08T17:29:49.255" />
<gc-end id="1126" type="global" contextid="1100" durationms="211.287" usertimems="223.455" systemtimems="3.862" stalltimems="148.378" timestamp="2022-02-08T17:29:49.255" activeThreads="4">
  <mem-info id="1127" free="392767752" total="1073741824" percent="36">
    <mem type="nursery" free="99784368" total="268435456" percent="37">
      <mem type="allocate" free="99784368" total="183959552" percent="54" />
      <mem type="survivor" free="0" total="84475904" percent="0" />
    </mem>
    <mem type="tenure" free="292983384" total="805306368" percent="36" micro-fragmented="412456" macro-fragmented="0">
      <mem type="soa" free="284929624" total="797252608" percent="35" />
      <mem type="loa" free="8053760" total="8053760" percent="100" />
    </mem>
    <pending-finalizers system="57" default="0" reference="2" classloader="0" />
    <remembered-set count="102" />
  </mem-info>
</gc-end>
<cycle-end id="1128" type="global" contextid="1100" timestamp="2022-02-08T17:29:49.256" />
<exclusive-end id="1129" timestamp="2022-02-08T17:29:49.256" durationms="211.562" />

<exclusive-start id="1130" timestamp="2022-02-08T17:29:49.934" intervalms="890.372">
  <response-info timems="0.018" idlems="0.018" threads="0" lastid="0000000000016F00" lastname="main" />
</exclusive-start>
<af-start id="1131" threadId="0000000000017908" totalBytesRequested="200" timestamp="2022-02-08T17:29:49.935" intervalms="1115.813" type="nursery" />
<cycle-start id="1132" type="scavenge" contextid="0" timestamp="2022-02-08T17:29:49.935" intervalms="1115.814" />
<gc-start id="1133" type="scavenge" contextid="1132" timestamp="2022-02-08T17:29:49.935">
  <mem-info id="1134" free="292983384" total="1073741824" percent="27">
    <mem type="nursery" free="0" total="268435456" percent="0">
      <mem type="allocate" free="0" total="183959552" percent="0" />
      <mem type="survivor" free="0" total="84475904" percent="0" />
    </mem>
    <mem type="tenure" free="292983384" total="805306368" percent="36">
      <mem type="soa" free="284929624" total="797252608" percent="35" />
      <mem type="loa" free="8053760" total="8053760" percent="100" />
    </mem>
    <remembered-set count="105" />
  </mem-info>
</gc-start>
<allocation-stats totalBytes="99738960" >
  <allocated-bytes non-tlh="0" tlh="99738960" />
  <largest-consumer threadName="main" threadId="0000000000016F00" bytes="99734864" />
</allocation-stats>
<gc-op id="1135" type="scavenge" timems="98.733" contextid="1132" timestamp="2022-02-08T17:29:50.033">
  <scavenger-info tenureage="1" tenuremask="7ffe" tiltratio="68" />
  <memory-copied type="nursery" objects="1354495" bytes="76312456" bytesdiscarded="237376" />
  <memory-copied type="tenure" objects="1339521" bytes="76567176" bytesdiscarded="41336" />
  <finalization candidates="1" enqueued="0" />
  <ownableSynchronizers candidates="2" cleared="2" />
  <object-monitors candidates="2" cleared="0"  />
</gc-op>
<gc-end id="1136" type="scavenge" contextid="1132" durationms="99.213" usertimems="366.573" systemtimems="12.545" stalltimems="12.559" timestamp="2022-02-08T17:29:50.034" activeThreads="4">
  <mem-info id="1137" free="323916864" total="1073741824" percent="30">
    <mem type="nursery" free="107737400" total="268435456" percent="40">
      <mem type="allocate" free="107737400" total="184287232" percent="58" />
      <mem type="survivor" free="0" total="84148224" percent="0" />
    </mem>
    <mem type="tenure" free="216179464" total="805306368" percent="26" macro-fragmented="0">
      <mem type="soa" free="208125704" total="797252608" percent="26" />
      <mem type="loa" free="8053760" total="8053760" percent="100" />
    </mem>
    <remembered-set count="105" />
  </mem-info>
</gc-end>
<cycle-end id="1138" type="scavenge" contextid="1132" timestamp="2022-02-08T17:29:50.034" />
<allocation-satisfied id="1139" threadId="0000000000016F00" bytesRequested="200" />
<af-end id="1140" timestamp="2022-02-08T17:29:50.034" threadId="0000000000017908" success="true" from="nursery"/>
<exclusive-end id="1141" timestamp="2022-02-08T17:29:50.034" durationms="99.510" />

<exclusive-start id="1142" timestamp="2022-02-08T17:29:50.947" intervalms="1012.801">
  <response-info timems="0.017" idlems="0.017" threads="0" lastid="0000000000016F00" lastname="main" />
</exclusive-start>
<af-start id="1143" threadId="0000000000017908" totalBytesRequested="184" timestamp="2022-02-08T17:29:50.947" intervalms="1012.803" type="nursery" />
<cycle-start id="1144" type="scavenge" contextid="0" timestamp="2022-02-08T17:29:50.947" intervalms="1012.801" />
<gc-start id="1145" type="scavenge" contextid="1144" timestamp="2022-02-08T17:29:50.947">
  <mem-info id="1146" free="216179464" total="1073741824" percent="20">
    <mem type="nursery" free="0" total="268435456" percent="0">
      <mem type="allocate" free="0" total="184287232" percent="0" />
      <mem type="survivor" free="0" total="84148224" percent="0" />
    </mem>
    <mem type="tenure" free="216179464" total="805306368" percent="26">
      <mem type="soa" free="208125704" total="797252608" percent="26" />
      <mem type="loa" free="8053760" total="8053760" percent="100" />
    </mem>
    <remembered-set count="136" />
  </mem-info>
</gc-start>
<allocation-stats totalBytes="107692920" >
  <allocated-bytes non-tlh="1115640" tlh="106577280" />
  <largest-consumer threadName="main" threadId="0000000000016F00" bytes="107692920" />
</allocation-stats>
<gc-op id="1147" type="scavenge" timems="104.683" contextid="1144" timestamp="2022-02-08T17:29:51.052">
  <scavenger-info tenureage="1" tenuremask="7ffe" tiltratio="68" />
  <memory-copied type="nursery" objects="1491459" bytes="75868592" bytesdiscarded="227384" />
  <memory-copied type="tenure" objects="1354494" bytes="76312344" bytesdiscarded="38096" />
  <finalization candidates="108" enqueued="53" />
  <references type="soft" candidates="14" cleared="0" enqueued="0" dynamicThreshold="11" maxThreshold="32" />
  <references type="weak" candidates="1" cleared="0" enqueued="0" />
  <references type="phantom" candidates="93" cleared="7" enqueued="7" />
  <object-monitors candidates="2" cleared="0"  />
</gc-op>
<gc-end id="1148" type="scavenge" contextid="1144" durationms="105.088" usertimems="374.864" systemtimems="1.051" stalltimems="3.461" timestamp="2022-02-08T17:29:51.052" activeThreads="4">
  <mem-info id="1149" free="248300664" total="1073741824" percent="23">
    <mem type="nursery" free="108518808" total="268435456" percent="40">
      <mem type="allocate" free="108518808" total="184614912" percent="58" />
      <mem type="survivor" free="0" total="83820544" percent="0" />
    </mem>
    <mem type="tenure" free="139781856" total="805306368" percent="17" macro-fragmented="0">
      <mem type="soa" free="131728096" total="797252608" percent="16" />
      <mem type="loa" free="8053760" total="8053760" percent="100" />
    </mem>
    <pending-finalizers system="52" default="1" reference="7" classloader="0" />
    <remembered-set count="132" />
  </mem-info>
</gc-end>
<cycle-end id="1150" type="scavenge" contextid="1144" timestamp="2022-02-08T17:29:51.053" />
<allocation-satisfied id="1151" threadId="0000000000016F00" bytesRequested="184" />
<af-end id="1152" timestamp="2022-02-08T17:29:51.053" threadId="0000000000017908" success="true" from="nursery"/>
<exclusive-end id="1153" timestamp="2022-02-08T17:29:51.053" durationms="105.373" />

<concurrent-kickoff id="1154" timestamp="2022-02-08T17:29:51.773">
  <kickoff reason="threshold reached" targetBytes="77776205" thresholdFreeBytes="6319779"  remainingFree="6319240" tenureFreeBytes="139781856" nurseryFreeBytes="6319240" />
</concurrent-kickoff>
<exclusive-start id="1155" timestamp="2022-02-08T17:29:51.776" intervalms="829.192">
  <response-info timems="0.026" idlems="0.026" threads="0" lastid="0000000000016F00" lastname="main" />
</exclusive-start>
<cycle-start id="1156" type="global" contextid="0" timestamp="2022-02-08T17:29:51.776" intervalms="3101.932" />
<concurrent-start id="1157" type="global mark" contextid="1156" timestamp="2022-02-08T17:29:51.776">
</concurrent-start>
<exclusive-end id="1158" timestamp="2022-02-08T17:29:51.776" durationms="0.038" />

<exclusive-start id="1159" timestamp="2022-02-08T17:29:51.958" intervalms="181.246">
  <response-info timems="0.026" idlems="0.026" threads="0" lastid="0000000000016F00" lastname="main" />
</exclusive-start>
<af-start id="1160" threadId="0000000000017908" totalBytesRequested="184" timestamp="2022-02-08T17:29:51.958" intervalms="1010.457" type="nursery" />
<cycle-start id="1161" type="scavenge" contextid="0" timestamp="2022-02-08T17:29:51.958" intervalms="1010.464" />
<gc-start id="1162" type="scavenge" contextid="1161" timestamp="2022-02-08T17:29:51.958">
  <mem-info id="1163" free="139781856" total="1073741824" percent="13">
    <mem type="nursery" free="0" total="268435456" percent="0">
      <mem type="allocate" free="0" total="184614912" percent="0" />
      <mem type="survivor" free="0" total="83820544" percent="0" />
    </mem>
    <mem type="tenure" free="139781856" total="805306368" percent="17">
      <mem type="soa" free="131728096" total="797252608" percent="16" />
      <mem type="loa" free="8053760" total="8053760" percent="100" />
    </mem>
    <remembered-set count="133" />
  </mem-info>
</gc-start>
<allocation-stats totalBytes="108466824" >
  <allocated-bytes non-tlh="1822992" tlh="106643832" />
  <largest-consumer threadName="main" threadId="0000000000016F00" bytes="108458632" />
</allocation-stats>
<gc-op id="1164" type="scavenge" timems="121.164" contextid="1161" timestamp="2022-02-08T17:29:52.079">
  <scavenger-info tenureage="1" tenuremask="7ffe" tiltratio="68" />
  <memory-copied type="nursery" objects="1353495" bytes="77302544" bytesdiscarded="85752" />
  <memory-copied type="tenure" objects="1490739" bytes="75230728" bytesdiscarded="35208" />
  <finalization candidates="57" enqueued="0" />
  <references type="phantom" candidates="2" cleared="0" enqueued="0" />
  <object-monitors candidates="2" cleared="0"  />
</gc-op>
<gc-end id="1165" type="scavenge" contextid="1161" durationms="121.615" usertimems="431.063" systemtimems="0.000" stalltimems="1.721" timestamp="2022-02-08T17:29:52.079" activeThreads="4">
  <mem-info id="1166" free="170816928" total="1073741824" percent="15">
    <mem type="nursery" free="106243576" total="268435456" percent="39">
      <mem type="allocate" free="106243576" total="183631872" percent="57" />
      <mem type="survivor" free="0" total="84803584" percent="0" />
    </mem>
    <mem type="tenure" free="64573352" total="805306368" percent="8" macro-fragmented="0">
      <mem type="soa" free="56519592" total="797252608" percent="7" />
      <mem type="loa" free="8053760" total="8053760" percent="100" />
    </mem>
    <remembered-set count="103" />
  </mem-info>
</gc-end>
<cycle-end id="1167" type="scavenge" contextid="1161" timestamp="2022-02-08T17:29:52.080" />
<allocation-satisfied id="1168" threadId="0000000000016F00" bytesRequested="184" />
<af-end id="1169" timestamp="2022-02-08T17:29:52.080" threadId="0000000000017908" success="true" from="nursery"/>
<exclusive-end id="1170" timestamp="2022-02-08T17:29:52.080" durationms="121.966" />

<concurrent-end id="1171" type="global mark" contextid="1156" timestamp="2022-02-08T17:29:52.192">
<gc-op id="1172" type="trace" timems="415.144" contextid="1156" timestamp="2022-02-08T17:29:52.192">
  <trace bytesTraced="74428216" workStackOverflowCount="0" />
  <card-cleaning reason="card cleaning threshold reached" bytesTraced="480" cardsCleaned="2" />
</gc-op>
</concurrent-end>

<exclusive-start id="1173" timestamp="2022-02-08T17:29:52.192" intervalms="233.982">
  <response-info timems="0.020" idlems="0.020" threads="0" lastid="0000000000016F00" lastname="main" />
</exclusive-start>
<concurrent-global-final id="1174" timestamp="2022-02-08T17:29:52.192" contextid="1156" intervalms="3147.592" >
  <concurrent-trace-info reason="card cleaning threshold reached" tracedByMutators="56859192" tracedByHelpers="17569504" cardsCleaned="2" workStackOverflowCount="0" />
</concurrent-global-final>
<gc-start id="1175" type="global" contextid="1156" timestamp="2022-02-08T17:29:52.192">
  <mem-info id="1176" free="163247336" total="1073741824" percent="15">
    <mem type="nursery" free="98673984" total="268435456" percent="36">
      <mem type="allocate" free="98673984" total="183631872" percent="53" />
      <mem type="survivor" free="0" total="84803584" percent="0" />
    </mem>
    <mem type="tenure" free="64573352" total="805306368" percent="8">
      <mem type="soa" free="56519592" total="797252608" percent="7" />
      <mem type="loa" free="8053760" total="8053760" percent="100" />
    </mem>
    <remembered-set count="103" />
  </mem-info>
</gc-start>
<allocation-stats totalBytes="7565984" >
  <allocated-bytes non-tlh="184" tlh="7565800" />
  <largest-consumer threadName="main" threadId="0000000000016F00" bytes="7565984" />
</allocation-stats>
<gc-op id="1177" type="rs-scan" timems="0.554" contextid="1156" timestamp="2022-02-08T17:29:52.192">
  <scan objectsFound="29" bytesTraced="5420" workStackOverflowCount="0" />
</gc-op>
<gc-op id="1178" type="card-cleaning" timems="201.159" contextid="1156" timestamp="2022-02-08T17:29:52.394">
  <card-cleaning cardsCleaned="9" bytesTraced="71010340" workStackOverflowCount="0" />
</gc-op>
<gc-op id="1179" type="mark" timems="64.794" contextid="1156" timestamp="2022-02-08T17:29:52.458">
  <trace-info objectcount="1626010" scancount="1221035" scanbytes="26116456" />
  <finalization candidates="428" enqueued="57" />
  <ownableSynchronizers candidates="1" cleared="0" />
  <references type="soft" candidates="894" cleared="0" enqueued="0" dynamicThreshold="11" maxThreshold="32" />
  <references type="weak" candidates="1701" cleared="0" enqueued="0" />
  <references type="phantom" candidates="52" cleared="2" enqueued="2" />
  <stringconstants candidates="6470" cleared="0"  />
  <object-monitors candidates="2" cleared="0"  />
</gc-op>
<gc-op id="1180" type="sweep" timems="5.206" contextid="1156" timestamp="2022-02-08T17:29:52.464" />
<gc-end id="1181" type="global" contextid="1156" durationms="272.163" usertimems="279.469" systemtimems="9.373" stalltimems="193.997" timestamp="2022-02-08T17:29:52.464" activeThreads="4">
  <mem-info id="1182" free="406336160" total="1073741824" percent="37">
    <mem type="nursery" free="98853136" total="268435456" percent="36">
      <mem type="allocate" free="98853136" total="183631872" percent="53" />
      <mem type="survivor" free="0" total="84803584" percent="0" />
    </mem>
    <mem type="tenure" free="307483024" total="805306368" percent="38" micro-fragmented="341601" macro-fragmented="0">
      <mem type="soa" free="299429264" total="797252608" percent="37" />
      <mem type="loa" free="8053760" total="8053760" percent="100" />
    </mem>
    <pending-finalizers system="57" default="0" reference="2" classloader="0" />
    <remembered-set count="103" />
  </mem-info>
</gc-end>
<cycle-end id="1183" type="global" contextid="1156" timestamp="2022-02-08T17:29:52.464" />
<exclusive-end id="1184" timestamp="2022-02-08T17:29:52.464" durationms="272.395" />

<exclusive-start id="1185" timestamp="2022-02-08T17:29:53.150" intervalms="958.165">
  <response-info timems="0.018" idlems="0.018" threads="0" lastid="0000000000016F00" lastname="main" />
</exclusive-start>
<af-start id="1186" threadId="0000000000017908" totalBytesRequested="24" timestamp="2022-02-08T17:29:53.150" intervalms="1192.137" type="nursery" />
<cycle-start id="1187" type="scavenge" contextid="0" timestamp="2022-02-08T17:29:53.150" intervalms="1192.132" />
<gc-start id="1188" type="scavenge" contextid="1187" timestamp="2022-02-08T17:29:53.150">
  <mem-info id="1189" free="307483024" total="1073741824" percent="28">
    <mem type="nursery" free="0" total="268435456" percent="0">
      <mem type="allocate" free="0" total="183631872" percent="0" />
      <mem type="survivor" free="0" total="84803584" percent="0" />
    </mem>
    <mem type="tenure" free="307483024" total="805306368" percent="38">
      <mem type="soa" free="299429264" total="797252608" percent="37" />
      <mem type="loa" free="8053760" total="8053760" percent="100" />
    </mem>
    <remembered-set count="106" />
  </mem-info>
</gc-start>
<allocation-stats totalBytes="98809360" >
  <allocated-bytes non-tlh="0" tlh="98809360" />
  <largest-consumer threadName="main" threadId="0000000000016F00" bytes="98805264" />
</allocation-stats>
<gc-op id="1190" type="scavenge" timems="93.121" contextid="1187" timestamp="2022-02-08T17:29:53.243">
  <scavenger-info tenureage="1" tenuremask="7ffe" tiltratio="68" />
  <memory-copied type="nursery" objects="1338864" bytes="75561032" bytesdiscarded="345936" />
  <memory-copied type="tenure" objects="1353494" bytes="77302440" bytesdiscarded="44264" />
  <finalization candidates="2" enqueued="0" />
  <ownableSynchronizers candidates="2" cleared="2" />
  <object-monitors candidates="2" cleared="0"  />
</gc-op>
<gc-end id="1191" type="scavenge" contextid="1187" durationms="93.509" usertimems="362.606" systemtimems="3.276" stalltimems="2.288" timestamp="2022-02-08T17:29:53.243" activeThreads="4">
  <mem-info id="1192" free="338007696" total="1073741824" percent="31">
    <mem type="nursery" free="107987048" total="268435456" percent="40">
      <mem type="allocate" free="107987048" total="183894016" percent="58" />
      <mem type="survivor" free="0" total="84541440" percent="0" />
    </mem>
    <mem type="tenure" free="230020648" total="805306368" percent="28" macro-fragmented="0">
      <mem type="soa" free="221966888" total="797252608" percent="27" />
      <mem type="loa" free="8053760" total="8053760" percent="100" />
    </mem>
    <remembered-set count="105" />
  </mem-info>
</gc-end>
<cycle-end id="1193" type="scavenge" contextid="1187" timestamp="2022-02-08T17:29:53.244" />
<allocation-satisfied id="1194" threadId="0000000000016F00" bytesRequested="24" />
<af-end id="1195" timestamp="2022-02-08T17:29:53.244" threadId="0000000000017908" success="true" from="nursery"/>
<exclusive-end id="1196" timestamp="2022-02-08T17:29:53.244" durationms="93.820" />

<exclusive-start id="1197" timestamp="2022-02-08T17:29:54.004" intervalms="853.932">
  <response-info timems="0.017" idlems="0.017" threads="0" lastid="0000000000016F00" lastname="main" />
</exclusive-start>
<af-start id="1198" threadId="0000000000017908" totalBytesRequested="120" timestamp="2022-02-08T17:29:54.004" intervalms="853.922" type="nursery" />
<cycle-start id="1199" type="scavenge" contextid="0" timestamp="2022-02-08T17:29:54.004" intervalms="853.922" />
<gc-start id="1200" type="scavenge" contextid="1199" timestamp="2022-02-08T17:29:54.004">
  <mem-info id="1201" free="230020648" total="1073741824" percent="21">
    <mem type="nursery" free="0" total="268435456" percent="0">
      <mem type="allocate" free="0" total="183894016" percent="0" />
      <mem type="survivor" free="0" total="84541440" percent="0" />
    </mem>
    <mem type="tenure" free="230020648" total="805306368" percent="28">
      <mem type="soa" free="221966888" total="797252608" percent="27" />
      <mem type="loa" free="8053760" total="8053760" percent="100" />
    </mem>
    <remembered-set count="119" />
  </mem-info>
</gc-start>
<allocation-stats totalBytes="107937912" >
  <allocated-bytes non-tlh="453728" tlh="107484184" />
  <largest-consumer threadName="main" threadId="0000000000016F00" bytes="107937912" />
</allocation-stats>
<gc-op id="1202" type="scavenge" timems="97.471" contextid="1199" timestamp="2022-02-08T17:29:54.101">
  <scavenger-info tenureage="1" tenuremask="7ffe" tiltratio="68" />
  <memory-copied type="nursery" objects="1358558" bytes="76861376" bytesdiscarded="273944" />
  <memory-copied type="tenure" objects="1338864" bytes="75561032" bytesdiscarded="40856" />
  <finalization candidates="30" enqueued="18" />
  <references type="phantom" candidates="30" cleared="0" enqueued="0" />
  <object-monitors candidates="2" cleared="0"  />
</gc-op>
<gc-end id="1203" type="scavenge" contextid="1199" durationms="97.921" usertimems="342.586" systemtimems="0.000" stalltimems="2.927" timestamp="2022-02-08T17:29:54.102" activeThreads="4">
  <mem-info id="1204" free="261285488" total="1073741824" percent="24">
    <mem type="nursery" free="106824232" total="268435456" percent="39">
      <mem type="allocate" free="106824232" total="183959552" percent="58" />
      <mem type="survivor" free="0" total="84475904" percent="0" />
    </mem>
    <mem type="tenure" free="154461256" total="805306368" percent="19" macro-fragmented="1250136">
      <mem type="soa" free="146407496" total="797252608" percent="18" />
      <mem type="loa" free="8053760" total="8053760" percent="100" />
    </mem>
    <pending-finalizers system="18" default="0" reference="0" classloader="0" />
    <remembered-set count="118" />
  </mem-info>
</gc-end>
<cycle-end id="1205" type="scavenge" contextid="1199" timestamp="2022-02-08T17:29:54.102" />
<allocation-satisfied id="1206" threadId="0000000000016F00" bytesRequested="120" />
<af-end id="1207" timestamp="2022-02-08T17:29:54.102" threadId="0000000000017908" success="true" from="nursery"/>
<exclusive-end id="1208" timestamp="2022-02-08T17:29:54.102" durationms="98.222" />

<concurrent-kickoff id="1209" timestamp="2022-02-08T17:29:54.921">
  <kickoff reason="threshold reached" targetBytes="77104494" thresholdFreeBytes="6202608"  remainingFree="6095400" tenureFreeBytes="154461256" nurseryFreeBytes="6095400" />
</concurrent-kickoff>
<exclusive-start id="1210" timestamp="2022-02-08T17:29:54.924" intervalms="919.736">
  <response-info timems="0.019" idlems="0.019" threads="0" lastid="0000000000016F00" lastname="main" />
</exclusive-start>
<cycle-start id="1211" type="global" contextid="0" timestamp="2022-02-08T17:29:54.924" intervalms="3147.055" />
<concurrent-start id="1212" type="global mark" contextid="1211" timestamp="2022-02-08T17:29:54.924">
</concurrent-start>
<exclusive-end id="1213" timestamp="2022-02-08T17:29:54.924" durationms="0.029" />

<exclusive-start id="1214" timestamp="2022-02-08T17:29:55.069" intervalms="145.075">
  <response-info timems="0.039" idlems="0.039" threads="0" lastid="0000000000016F00" lastname="main" />
</exclusive-start>
<af-start id="1215" threadId="0000000000017908" totalBytesRequested="184" timestamp="2022-02-08T17:29:55.069" intervalms="1064.810" type="nursery" />
<cycle-start id="1216" type="scavenge" contextid="0" timestamp="2022-02-08T17:29:55.069" intervalms="1064.808" />
<gc-start id="1217" type="scavenge" contextid="1216" timestamp="2022-02-08T17:29:55.069">
  <mem-info id="1218" free="154461256" total="1073741824" percent="14">
    <mem type="nursery" free="0" total="268435456" percent="0">
      <mem type="allocate" free="0" total="183959552" percent="0" />
      <mem type="survivor" free="0" total="84475904" percent="0" />
    </mem>
    <mem type="tenure" free="154461256" total="805306368" percent="19">
      <mem type="soa" free="146407496" total="797252608" percent="18" />
      <mem type="loa" free="8053760" total="8053760" percent="100" />
    </mem>
    <remembered-set count="135" />
  </mem-info>
</gc-start>
<allocation-stats totalBytes="106779168" >
  <allocated-bytes non-tlh="2555240" tlh="104223928" />
  <largest-consumer threadName="main" threadId="0000000000016F00" bytes="106775072" />
</allocation-stats>
<gc-op id="1219" type="scavenge" timems="98.764" contextid="1216" timestamp="2022-02-08T17:29:55.167">
  <scavenger-info tenureage="1" tenuremask="7ffe" tiltratio="68" />
  <memory-copied type="nursery" objects="1424695" bytes="75414264" bytesdiscarded="218760" />
  <memory-copied type="tenure" objects="1358258" bytes="76248560" bytesdiscarded="41656" />
  <finalization candidates="92" enqueued="35" />
  <references type="soft" candidates="14" cleared="0" enqueued="0" dynamicThreshold="12" maxThreshold="32" />
  <references type="weak" candidates="1" cleared="0" enqueued="0" />
  <references type="phantom" candidates="77" cleared="7" enqueued="7" />
  <object-monitors candidates="2" cleared="0"  />
</gc-op>
<gc-end id="1220" type="scavenge" contextid="1216" durationms="99.160" usertimems="351.650" systemtimems="0.000" stalltimems="16.476" timestamp="2022-02-08T17:29:55.168" activeThreads="4">
  <mem-info id="1221" free="186590192" total="1073741824" percent="17">
    <mem type="nursery" free="108588544" total="268435456" percent="40">
      <mem type="allocate" free="108588544" total="184221696" percent="58" />
      <mem type="survivor" free="0" total="84213760" percent="0" />
    </mem>
    <mem type="tenure" free="78001648" total="805306368" percent="9" macro-fragmented="0">
      <mem type="soa" free="69947888" total="797252608" percent="8" />
      <mem type="loa" free="8053760" total="8053760" percent="100" />
    </mem>
    <pending-finalizers system="34" default="1" reference="7" classloader="0" />
    <remembered-set count="121" />
  </mem-info>
</gc-end>
<cycle-end id="1222" type="scavenge" contextid="1216" timestamp="2022-02-08T17:29:55.168" />
<allocation-satisfied id="1223" threadId="0000000000016F00" bytesRequested="184" />
<af-end id="1224" timestamp="2022-02-08T17:29:55.168" threadId="0000000000017908" success="true" from="nursery"/>
<exclusive-end id="1225" timestamp="2022-02-08T17:29:55.168" durationms="99.534" />

<concurrent-end id="1226" type="global mark" contextid="1211" timestamp="2022-02-08T17:29:55.278">
<gc-op id="1227" type="trace" timems="354.363" contextid="1211" timestamp="2022-02-08T17:29:55.278">
  <trace bytesTraced="74428520" workStackOverflowCount="0" />
  <card-cleaning reason="card cleaning threshold reached" bytesTraced="480" cardsCleaned="2" />
</gc-op>
</concurrent-end>

<exclusive-start id="1228" timestamp="2022-02-08T17:29:55.278" intervalms="209.358">
  <response-info timems="0.017" idlems="0.017" threads="0" lastid="0000000000016F00" lastname="main" />
</exclusive-start>
<concurrent-global-final id="1229" timestamp="2022-02-08T17:29:55.278" contextid="1211" intervalms="3086.267" >
  <concurrent-trace-info reason="card cleaning threshold reached" tracedByMutators="58939596" tracedByHelpers="15489404" cardsCleaned="2" workStackOverflowCount="0" />
</concurrent-global-final>
<gc-start id="1230" type="global" contextid="1211" timestamp="2022-02-08T17:29:55.278">
  <mem-info id="1231" free="179929912" total="1073741824" percent="16">
    <mem type="nursery" free="101928264" total="268435456" percent="37">
      <mem type="allocate" free="101928264" total="184221696" percent="55" />
      <mem type="survivor" free="0" total="84213760" percent="0" />
    </mem>
    <mem type="tenure" free="78001648" total="805306368" percent="9">
      <mem type="soa" free="69947888" total="797252608" percent="8" />
      <mem type="loa" free="8053760" total="8053760" percent="100" />
    </mem>
    <remembered-set count="122" />
  </mem-info>
</gc-start>
<allocation-stats totalBytes="6656336" >
  <allocated-bytes non-tlh="184" tlh="6656152" />
  <largest-consumer threadName="main" threadId="0000000000016F00" bytes="6648144" />
</allocation-stats>
<gc-op id="1232" type="rs-scan" timems="132.686" contextid="1211" timestamp="2022-02-08T17:29:55.411">
  <scan objectsFound="3324743" bytesTraced="71013268" workStackOverflowCount="0" />
</gc-op>
<gc-op id="1233" type="card-cleaning" timems="0.598" contextid="1211" timestamp="2022-02-08T17:29:55.411">
  <card-cleaning cardsCleaned="4" bytesTraced="1736" workStackOverflowCount="0" />
</gc-op>
<gc-op id="1234" type="mark" timems="34.974" contextid="1211" timestamp="2022-02-08T17:29:55.446">
  <trace-info objectcount="1303429" scancount="979098" scanbytes="20955144" />
  <finalization candidates="428" enqueued="57" />
  <ownableSynchronizers candidates="1" cleared="0" />
  <references type="soft" candidates="894" cleared="0" enqueued="0" dynamicThreshold="12" maxThreshold="32" />
  <references type="weak" candidates="1701" cleared="0" enqueued="0" />
  <references type="phantom" candidates="52" cleared="2" enqueued="2" />
  <stringconstants candidates="6470" cleared="0"  />
  <object-monitors candidates="2" cleared="0"  />
</gc-op>
<gc-op id="1235" type="sweep" timems="5.783" contextid="1211" timestamp="2022-02-08T17:29:55.453" />
<gc-end id="1236" type="global" contextid="1211" durationms="174.559" usertimems="186.391" systemtimems="0.081" stalltimems="108.028" timestamp="2022-02-08T17:29:55.453" activeThreads="4">
  <mem-info id="1237" free="423535616" total="1073741824" percent="39">
    <mem type="nursery" free="102558104" total="268435456" percent="38">
      <mem type="allocate" free="102558104" total="184221696" percent="55" />
      <mem type="survivor" free="0" total="84213760" percent="0" />
    </mem>
    <mem type="tenure" free="320977512" total="805306368" percent="39" micro-fragmented="377115" macro-fragmented="2160235">
      <mem type="soa" free="312923752" total="797252608" percent="39" />
      <mem type="loa" free="8053760" total="8053760" percent="100" />
    </mem>
    <pending-finalizers system="57" default="0" reference="2" classloader="0" />
    <remembered-set count="109" />
  </mem-info>
</gc-end>
<cycle-end id="1238" type="global" contextid="1211" timestamp="2022-02-08T17:29:55.453" />
<exclusive-end id="1239" timestamp="2022-02-08T17:29:55.453" durationms="174.794" />

<exclusive-start id="1240" timestamp="2022-02-08T17:29:56.199" intervalms="920.708">
  <response-info timems="0.016" idlems="0.016" threads="0" lastid="0000000000016F00" lastname="main" />
</exclusive-start>
<af-start id="1241" threadId="0000000000017908" totalBytesRequested="112" timestamp="2022-02-08T17:29:56.199" intervalms="1130.074" type="nursery" />
<cycle-start id="1242" type="scavenge" contextid="0" timestamp="2022-02-08T17:29:56.199" intervalms="1130.076" />
<gc-start id="1243" type="scavenge" contextid="1242" timestamp="2022-02-08T17:29:56.199">
  <mem-info id="1244" free="320977512" total="1073741824" percent="29">
    <mem type="nursery" free="0" total="268435456" percent="0">
      <mem type="allocate" free="0" total="184221696" percent="0" />
      <mem type="survivor" free="0" total="84213760" percent="0" />
    </mem>
    <mem type="tenure" free="320977512" total="805306368" percent="39">
      <mem type="soa" free="312923752" total="797252608" percent="39" />
      <mem type="loa" free="8053760" total="8053760" percent="100" />
    </mem>
    <remembered-set count="110" />
  </mem-info>
</gc-start>
<allocation-stats totalBytes="102509848" >
  <allocated-bytes non-tlh="0" tlh="102509848" />
  <largest-consumer threadName="main" threadId="0000000000016F00" bytes="102505752" />
</allocation-stats>
<gc-op id="1245" type="scavenge" timems="97.422" contextid="1242" timestamp="2022-02-08T17:29:56.296">
  <scavenger-info tenureage="1" tenuremask="7ffe" tiltratio="68" />
  <memory-copied type="nursery" objects="1405778" bytes="77653016" bytesdiscarded="224664" />
  <memory-copied type="tenure" objects="1424213" bytes="75102416" bytesdiscarded="38448" />
  <finalization candidates="45" enqueued="0" />
  <ownableSynchronizers candidates="2" cleared="2" />
  <object-monitors candidates="2" cleared="0"  />
</gc-op>
<gc-end id="1246" type="scavenge" contextid="1242" durationms="97.796" usertimems="348.070" systemtimems="0.099" stalltimems="12.020" timestamp="2022-02-08T17:29:56.297" activeThreads="4">
  <mem-info id="1247" free="350199520" total="1073741824" percent="32">
    <mem type="nursery" free="104640080" total="268435456" percent="38">
      <mem type="allocate" free="104640080" total="182517760" percent="57" />
      <mem type="survivor" free="0" total="85917696" percent="0" />
    </mem>
    <mem type="tenure" free="245559440" total="805306368" percent="30" macro-fragmented="1250136">
      <mem type="soa" free="237505680" total="797252608" percent="29" />
      <mem type="loa" free="8053760" total="8053760" percent="100" />
    </mem>
    <remembered-set count="104" />
  </mem-info>
</gc-end>
<cycle-end id="1248" type="scavenge" contextid="1242" timestamp="2022-02-08T17:29:56.297" />
<allocation-satisfied id="1249" threadId="0000000000016F00" bytesRequested="112" />
<af-end id="1250" timestamp="2022-02-08T17:29:56.297" threadId="0000000000017908" success="true" from="nursery"/>
<exclusive-end id="1251" timestamp="2022-02-08T17:29:56.297" durationms="98.056" />

<exclusive-start id="1252" timestamp="2022-02-08T17:29:56.941" intervalms="742.038">
  <response-info timems="0.033" idlems="0.033" threads="0" lastid="0000000000016F00" lastname="main" />
</exclusive-start>
<af-start id="1253" threadId="0000000000017908" totalBytesRequested="24" timestamp="2022-02-08T17:29:56.941" intervalms="742.029" type="nursery" />
<cycle-start id="1254" type="scavenge" contextid="0" timestamp="2022-02-08T17:29:56.941" intervalms="742.041" />
<gc-start id="1255" type="scavenge" contextid="1254" timestamp="2022-02-08T17:29:56.941">
  <mem-info id="1256" free="245559440" total="1073741824" percent="22">
    <mem type="nursery" free="0" total="268435456" percent="0">
      <mem type="allocate" free="0" total="182517760" percent="0" />
      <mem type="survivor" free="0" total="85917696" percent="0" />
    </mem>
    <mem type="tenure" free="245559440" total="805306368" percent="30">
      <mem type="soa" free="237505680" total="797252608" percent="29" />
      <mem type="loa" free="8053760" total="8053760" percent="100" />
    </mem>
    <remembered-set count="104" />
  </mem-info>
</gc-start>
<allocation-stats totalBytes="104591928" >
  <allocated-bytes non-tlh="112" tlh="104591816" />
  <largest-consumer threadName="main" threadId="0000000000016F00" bytes="104591928" />
</allocation-stats>
<gc-op id="1257" type="scavenge" timems="88.112" contextid="1254" timestamp="2022-02-08T17:29:57.029">
  <scavenger-info tenureage="1" tenuremask="7ffe" tiltratio="67" />
  <memory-copied type="nursery" objects="1308930" bytes="74375064" bytesdiscarded="185880" />
  <memory-copied type="tenure" objects="1405778" bytes="77653016" bytesdiscarded="37976" />
  <object-monitors candidates="2" cleared="0"  />
</gc-op>
<gc-end id="1258" type="scavenge" contextid="1254" durationms="88.624" usertimems="292.940" systemtimems="0.000" stalltimems="1.876" timestamp="2022-02-08T17:29:57.029" activeThreads="4">
  <mem-info id="1259" free="276217696" total="1073741824" percent="25">
    <mem type="nursery" free="108415568" total="268435456" percent="40">
      <mem type="allocate" free="108415568" total="182976512" percent="59" />
      <mem type="survivor" free="0" total="85458944" percent="0" />
    </mem>
    <mem type="tenure" free="167802128" total="805306368" percent="20" macro-fragmented="0">
      <mem type="soa" free="159748368" total="797252608" percent="20" />
      <mem type="loa" free="8053760" total="8053760" percent="100" />
    </mem>
    <remembered-set count="104" />
  </mem-info>
</gc-end>
<cycle-end id="1260" type="scavenge" contextid="1254" timestamp="2022-02-08T17:29:57.030" />
<allocation-satisfied id="1261" threadId="0000000000016F00" bytesRequested="24" />
<af-end id="1262" timestamp="2022-02-08T17:29:57.030" threadId="0000000000017908" success="true" from="nursery"/>
<exclusive-end id="1263" timestamp="2022-02-08T17:29:57.030" durationms="88.968" />

<exclusive-start id="1264" timestamp="2022-02-08T17:29:57.970" intervalms="1029.591">
  <response-info timems="0.019" idlems="0.019" threads="0" lastid="0000000000016F00" lastname="main" />
</exclusive-start>
<af-start id="1265" threadId="0000000000017908" totalBytesRequested="24" timestamp="2022-02-08T17:29:57.970" intervalms="1029.592" type="nursery" />
<cycle-start id="1266" type="scavenge" contextid="0" timestamp="2022-02-08T17:29:57.970" intervalms="1029.578" />
<gc-start id="1267" type="scavenge" contextid="1266" timestamp="2022-02-08T17:29:57.970">
  <mem-info id="1268" free="167802128" total="1073741824" percent="15">
    <mem type="nursery" free="0" total="268435456" percent="0">
      <mem type="allocate" free="0" total="182976512" percent="0" />
      <mem type="survivor" free="0" total="85458944" percent="0" />
    </mem>
    <mem type="tenure" free="167802128" total="805306368" percent="20">
      <mem type="soa" free="159748368" total="797252608" percent="20" />
      <mem type="loa" free="8053760" total="8053760" percent="100" />
    </mem>
    <remembered-set count="135" />
  </mem-info>
</gc-start>
<allocation-stats totalBytes="108367736" >
  <allocated-bytes non-tlh="2841472" tlh="105526264" />
  <largest-consumer threadName="main" threadId="0000000000016F00" bytes="108367736" />
</allocation-stats>
<gc-op id="1269" type="scavenge" timems="82.092" contextid="1266" timestamp="2022-02-08T17:29:58.053">
  <scavenger-info tenureage="1" tenuremask="7ffe" tiltratio="68" />
  <memory-copied type="nursery" objects="1458870" bytes="76210616" bytesdiscarded="156424" />
  <memory-copied type="tenure" objects="1308930" bytes="74375064" bytesdiscarded="38544" />
  <finalization candidates="110" enqueued="53" />
  <references type="soft" candidates="14" cleared="0" enqueued="0" dynamicThreshold="12" maxThreshold="32" />
  <references type="weak" candidates="1" cleared="0" enqueued="0" />
  <references type="phantom" candidates="95" cleared="7" enqueued="7" />
  <object-monitors candidates="2" cleared="0"  />
</gc-op>
<gc-end id="1270" type="scavenge" contextid="1266" durationms="82.440" usertimems="311.015" systemtimems="8.083" stalltimems="2.911" timestamp="2022-02-08T17:29:58.053" activeThreads="4">
  <mem-info id="1271" free="200267816" total="1073741824" percent="18">
    <mem type="nursery" free="106805952" total="268435456" percent="39">
      <mem type="allocate" free="106805952" total="183173120" percent="58" />
      <mem type="survivor" free="0" total="85262336" percent="0" />
    </mem>
    <mem type="tenure" free="93461864" total="805306368" percent="11" macro-fragmented="39939376">
      <mem type="soa" free="85408104" total="797252608" percent="10" />
      <mem type="loa" free="8053760" total="8053760" percent="100" />
    </mem>
    <pending-finalizers system="52" default="1" reference="7" classloader="0" />
    <remembered-set count="129" />
  </mem-info>
</gc-end>
<cycle-end id="1272" type="scavenge" contextid="1266" timestamp="2022-02-08T17:29:58.053" />
<allocation-satisfied id="1273" threadId="0000000000016F00" bytesRequested="24" />
<af-end id="1274" timestamp="2022-02-08T17:29:58.053" threadId="0000000000017908" success="true" from="nursery"/>
<exclusive-end id="1275" timestamp="2022-02-08T17:29:58.053" durationms="82.705" />

<concurrent-kickoff id="1276" timestamp="2022-02-08T17:29:58.740">
  <kickoff reason="threshold reached" targetBytes="76567848" thresholdFreeBytes="6108654"  remainingFree="6077120" tenureFreeBytes="93461864" nurseryFreeBytes="6077120" />
</concurrent-kickoff>
<exclusive-start id="1277" timestamp="2022-02-08T17:29:58.743" intervalms="772.777">
  <response-info timems="0.018" idlems="0.018" threads="0" lastid="0000000000016F00" lastname="main" />
</exclusive-start>
<cycle-start id="1278" type="global" contextid="0" timestamp="2022-02-08T17:29:58.743" intervalms="3819.544" />
<concurrent-start id="1279" type="global mark" contextid="1278" timestamp="2022-02-08T17:29:58.743">
</concurrent-start>
<exclusive-end id="1280" timestamp="2022-02-08T17:29:58.743" durationms="0.026" />

<exclusive-start id="1281" timestamp="2022-02-08T17:29:58.875" intervalms="131.679">
  <response-info timems="0.033" idlems="0.033" threads="0" lastid="0000000000016F00" lastname="main" />
</exclusive-start>
<af-start id="1282" threadId="0000000000017908" totalBytesRequested="200" timestamp="2022-02-08T17:29:58.875" intervalms="904.457" type="nursery" />
<cycle-start id="1283" type="scavenge" contextid="0" timestamp="2022-02-08T17:29:58.875" intervalms="904.458" />
<gc-start id="1284" type="scavenge" contextid="1283" timestamp="2022-02-08T17:29:58.875">
  <mem-info id="1285" free="93461864" total="1073741824" percent="8">
    <mem type="nursery" free="0" total="268435456" percent="0">
      <mem type="allocate" free="0" total="183173120" percent="0" />
      <mem type="survivor" free="0" total="85262336" percent="0" />
    </mem>
    <mem type="tenure" free="93461864" total="805306368" percent="11">
      <mem type="soa" free="85408104" total="797252608" percent="10" />
      <mem type="loa" free="8053760" total="8053760" percent="100" />
    </mem>
    <remembered-set count="130" />
  </mem-info>
</gc-start>
<allocation-stats totalBytes="106757864" >
  <allocated-bytes non-tlh="24" tlh="106757840" />
  <largest-consumer threadName="main" threadId="0000000000016F00" bytes="106749672" />
</allocation-stats>
<gc-op id="1286" type="scavenge" timems="90.401" contextid="1283" timestamp="2022-02-08T17:29:58.965">
  <scavenger-info tenureage="1" tenuremask="7ffe" tiltratio="68" />
  <memory-copied type="nursery" objects="1370357" bytes="76029464" bytesdiscarded="315984" />
  <memory-copied type="tenure" objects="1458159" bytes="75742760" bytesdiscarded="37376" />
  <finalization candidates="57" enqueued="0" />
  <object-monitors candidates="2" cleared="0"  />
</gc-op>
<gc-end id="1287" type="scavenge" contextid="1283" durationms="90.863" usertimems="344.371" systemtimems="0.000" stalltimems="2.961" timestamp="2022-02-08T17:29:58.966" activeThreads="4">
  <mem-info id="1288" free="125293944" total="1073741824" percent="11">
    <mem type="nursery" free="107417496" total="268435456" percent="40">
      <mem type="allocate" free="107417496" total="183762944" percent="58" />
      <mem type="survivor" free="0" total="84672512" percent="0" />
    </mem>
    <mem type="tenure" free="17876448" total="805306368" percent="2" macro-fragmented="0">
      <mem type="soa" free="9822688" total="797252608" percent="1" />
      <mem type="loa" free="8053760" total="8053760" percent="100" />
    </mem>
    <remembered-set count="103" />
  </mem-info>
</gc-end>
<cycle-end id="1289" type="scavenge" contextid="1283" timestamp="2022-02-08T17:29:58.966" />
<allocation-satisfied id="1290" threadId="0000000000016F00" bytesRequested="200" />
<af-end id="1291" timestamp="2022-02-08T17:29:58.966" threadId="0000000000017908" success="true" from="nursery"/>
<exclusive-end id="1292" timestamp="2022-02-08T17:29:58.966" durationms="91.238" />

<concurrent-end id="1293" type="global mark" contextid="1278" timestamp="2022-02-08T17:29:59.091">
<gc-op id="1294" type="trace" timems="347.490" contextid="1278" timestamp="2022-02-08T17:29:59.091">
  <trace bytesTraced="74428584" workStackOverflowCount="0" />
  <card-cleaning reason="card cleaning threshold reached" bytesTraced="480" cardsCleaned="2" />
</gc-op>
</concurrent-end>

<exclusive-start id="1295" timestamp="2022-02-08T17:29:59.091" intervalms="215.878">
  <response-info timems="0.018" idlems="0.018" threads="0" lastid="0000000000016F00" lastname="main" />
</exclusive-start>
<concurrent-global-final id="1296" timestamp="2022-02-08T17:29:59.091" contextid="1278" intervalms="3812.671" >
  <concurrent-trace-info reason="card cleaning threshold reached" tracedByMutators="56096364" tracedByHelpers="18332700" cardsCleaned="2" workStackOverflowCount="0" />
</concurrent-global-final>
<gc-start id="1297" type="global" contextid="1278" timestamp="2022-02-08T17:29:59.091">
  <mem-info id="1298" free="116544688" total="1073741824" percent="10">
    <mem type="nursery" free="98668240" total="268435456" percent="36">
      <mem type="allocate" free="98668240" total="183762944" percent="53" />
      <mem type="survivor" free="0" total="84672512" percent="0" />
    </mem>
    <mem type="tenure" free="17876448" total="805306368" percent="2">
      <mem type="soa" free="9822688" total="797252608" percent="1" />
      <mem type="loa" free="8053760" total="8053760" percent="100" />
    </mem>
    <remembered-set count="103" />
  </mem-info>
</gc-start>
<allocation-stats totalBytes="8744600" >
  <allocated-bytes non-tlh="200" tlh="8744400" />
  <largest-consumer threadName="main" threadId="0000000000016F00" bytes="8744600" />
</allocation-stats>
<gc-op id="1299" type="rs-scan" timems="0.608" contextid="1278" timestamp="2022-02-08T17:29:59.091">
  <scan objectsFound="0" bytesTraced="3988" workStackOverflowCount="0" />
</gc-op>
<gc-op id="1300" type="card-cleaning" timems="181.151" contextid="1278" timestamp="2022-02-08T17:29:59.272">
  <card-cleaning cardsCleaned="11" bytesTraced="71012268" workStackOverflowCount="0" />
</gc-op>
<gc-op id="1301" type="mark" timems="76.344" contextid="1278" timestamp="2022-02-08T17:29:59.349">
  <trace-info objectcount="2447416" scancount="1837089" scanbytes="39258968" />
  <finalization candidates="428" enqueued="57" />
  <ownableSynchronizers candidates="1" cleared="0" />
  <references type="soft" candidates="894" cleared="0" enqueued="0" dynamicThreshold="12" maxThreshold="32" />
  <references type="weak" candidates="1701" cleared="0" enqueued="0" />
  <references type="phantom" candidates="52" cleared="2" enqueued="2" />
  <stringconstants candidates="6470" cleared="0"  />
  <object-monitors candidates="2" cleared="0"  />
</gc-op>
<gc-op id="1302" type="sweep" timems="8.399" contextid="1278" timestamp="2022-02-08T17:29:59.357" />
<gc-end id="1303" type="global" contextid="1278" durationms="266.759" usertimems="288.489" systemtimems="0.000" stalltimems="234.737" timestamp="2022-02-08T17:29:59.357" activeThreads="4">
  <mem-info id="1304" free="359753728" total="1073741824" percent="33">
    <mem type="nursery" free="99076104" total="268435456" percent="36">
      <mem type="allocate" free="99076104" total="183762944" percent="53" />
      <mem type="survivor" free="0" total="84672512" percent="0" />
    </mem>
    <mem type="tenure" free="260677624" total="805306368" percent="32" micro-fragmented="355691" macro-fragmented="0">
      <mem type="soa" free="252623864" total="797252608" percent="31" />
      <mem type="loa" free="8053760" total="8053760" percent="100" />
    </mem>
    <pending-finalizers system="57" default="0" reference="2" classloader="0" />
    <remembered-set count="103" />
  </mem-info>
</gc-end>
<cycle-end id="1305" type="global" contextid="1278" timestamp="2022-02-08T17:29:59.358" />
<exclusive-end id="1306" timestamp="2022-02-08T17:29:59.358" durationms="267.241" />

<exclusive-start id="1307" timestamp="2022-02-08T17:30:00.003" intervalms="912.126">
  <response-info timems="0.023" idlems="0.023" threads="0" lastid="0000000000016F00" lastname="main" />
</exclusive-start>
<af-start id="1308" threadId="0000000000017908" totalBytesRequested="104" timestamp="2022-02-08T17:30:00.003" intervalms="1128.004" type="nursery" />
<cycle-start id="1309" type="scavenge" contextid="0" timestamp="2022-02-08T17:30:00.003" intervalms="1128.004" />
<gc-start id="1310" type="scavenge" contextid="1309" timestamp="2022-02-08T17:30:00.003">
  <mem-info id="1311" free="260677624" total="1073741824" percent="24">
    <mem type="nursery" free="0" total="268435456" percent="0">
      <mem type="allocate" free="0" total="183762944" percent="0" />
      <mem type="survivor" free="0" total="84672512" percent="0" />
    </mem>
    <mem type="tenure" free="260677624" total="805306368" percent="32">
      <mem type="soa" free="252623864" total="797252608" percent="31" />
      <mem type="loa" free="8053760" total="8053760" percent="100" />
    </mem>
    <remembered-set count="106" />
  </mem-info>
</gc-start>
<allocation-stats totalBytes="99030784" >
  <allocated-bytes non-tlh="0" tlh="99030784" />
  <largest-consumer threadName="main" threadId="0000000000016F00" bytes="99026688" />
</allocation-stats>
<gc-op id="1312" type="scavenge" timems="87.025" contextid="1309" timestamp="2022-02-08T17:30:00.090">
  <scavenger-info tenureage="1" tenuremask="7ffe" tiltratio="68" />
  <memory-copied type="nursery" objects="1357918" bytes="76553872" bytesdiscarded="189056" />
  <memory-copied type="tenure" objects="1370356" bytes="76029352" bytesdiscarded="39736" />
  <ownableSynchronizers candidates="2" cleared="2" />
  <object-monitors candidates="2" cleared="0"  />
</gc-op>
<gc-end id="1313" type="scavenge" contextid="1309" durationms="87.426" usertimems="342.980" systemtimems="0.000" stalltimems="2.261" timestamp="2022-02-08T17:30:00.090" activeThreads="4">
  <mem-info id="1314" free="291817344" total="1073741824" percent="27">
    <mem type="nursery" free="107282160" total="268435456" percent="39">
      <mem type="allocate" free="107282160" total="184025088" percent="58" />
      <mem type="survivor" free="0" total="84410368" percent="0" />
    </mem>
    <mem type="tenure" free="184535184" total="805306368" percent="22" macro-fragmented="0">
      <mem type="soa" free="176481424" total="797252608" percent="22" />
      <mem type="loa" free="8053760" total="8053760" percent="100" />
    </mem>
    <remembered-set count="105" />
  </mem-info>
</gc-end>
<cycle-end id="1315" type="scavenge" contextid="1309" timestamp="2022-02-08T17:30:00.090" />
<allocation-satisfied id="1316" threadId="0000000000016F00" bytesRequested="104" />
<af-end id="1317" timestamp="2022-02-08T17:30:00.090" threadId="0000000000017908" success="true" from="nursery"/>
<exclusive-end id="1318" timestamp="2022-02-08T17:30:00.090" durationms="87.731" />

<exclusive-start id="1319" timestamp="2022-02-08T17:30:00.965" intervalms="962.460">
  <response-info timems="0.020" idlems="0.020" threads="0" lastid="0000000000016F00" lastname="main" />
</exclusive-start>
<af-start id="1320" threadId="0000000000017908" totalBytesRequested="16" timestamp="2022-02-08T17:30:00.965" intervalms="962.457" type="nursery" />
<cycle-start id="1321" type="scavenge" contextid="0" timestamp="2022-02-08T17:30:00.965" intervalms="962.456" />
<gc-start id="1322" type="scavenge" contextid="1321" timestamp="2022-02-08T17:30:00.965">
  <mem-info id="1323" free="184535184" total="1073741824" percent="17">
    <mem type="nursery" free="0" total="268435456" percent="0">
      <mem type="allocate" free="0" total="184025088" percent="0" />
      <mem type="survivor" free="0" total="84410368" percent="0" />
    </mem>
    <mem type="tenure" free="184535184" total="805306368" percent="22">
      <mem type="soa" free="176481424" total="797252608" percent="22" />
      <mem type="loa" free="8053760" total="8053760" percent="100" />
    </mem>
    <remembered-set count="136" />
  </mem-info>
</gc-start>
<allocation-stats totalBytes="107232216" >
  <allocated-bytes non-tlh="3008928" tlh="104223288" />
  <largest-consumer threadName="main" threadId="0000000000016F00" bytes="107232216" />
</allocation-stats>
<gc-op id="1324" type="scavenge" timems="80.965" contextid="1321" timestamp="2022-02-08T17:30:01.046">
  <scavenger-info tenureage="1" tenuremask="7ffe" tiltratio="68" />
  <memory-copied type="nursery" objects="1419803" bytes="75318016" bytesdiscarded="162656" />
  <memory-copied type="tenure" objects="1357918" bytes="76553872" bytesdiscarded="39448" />
  <finalization candidates="110" enqueued="53" />
  <references type="soft" candidates="14" cleared="0" enqueued="0" dynamicThreshold="10" maxThreshold="32" />
  <references type="weak" candidates="1" cleared="0" enqueued="0" />
  <references type="phantom" candidates="95" cleared="7" enqueued="7" />
  <object-monitors candidates="2" cleared="0"  />
</gc-op>
<gc-end id="1325" type="scavenge" contextid="1321" durationms="81.335" usertimems="319.355" systemtimems="0.054" stalltimems="4.073" timestamp="2022-02-08T17:30:01.047" activeThreads="4">
  <mem-info id="1326" free="216673816" total="1073741824" percent="20">
    <mem type="nursery" free="108871968" total="268435456" percent="40">
      <mem type="allocate" free="108871968" total="184352768" percent="59" />
      <mem type="survivor" free="0" total="84082688" percent="0" />
    </mem>
    <mem type="tenure" free="107801848" total="805306368" percent="13" macro-fragmented="723458">
      <mem type="soa" free="99748088" total="797252608" percent="12" />
      <mem type="loa" free="8053760" total="8053760" percent="100" />
    </mem>
    <pending-finalizers system="52" default="1" reference="7" classloader="0" />
    <remembered-set count="132" />
  </mem-info>
</gc-end>
<cycle-end id="1327" type="scavenge" contextid="1321" timestamp="2022-02-08T17:30:01.047" />
<allocation-satisfied id="1328" threadId="0000000000016F00" bytesRequested="16" />
<af-end id="1329" timestamp="2022-02-08T17:30:01.047" threadId="0000000000017908" success="true" from="nursery"/>
<exclusive-end id="1330" timestamp="2022-02-08T17:30:01.047" durationms="81.623" />

<concurrent-kickoff id="1331" timestamp="2022-02-08T17:30:01.781">
  <kickoff reason="threshold reached" targetBytes="76139008" thresholdFreeBytes="6033525"  remainingFree="6005008" tenureFreeBytes="107801848" nurseryFreeBytes="6005008" />
</concurrent-kickoff>
<exclusive-start id="1332" timestamp="2022-02-08T17:30:01.784" intervalms="818.724">
  <response-info timems="0.019" idlems="0.019" threads="0" lastid="0000000000016F00" lastname="main" />
</exclusive-start>
<cycle-start id="1333" type="global" contextid="0" timestamp="2022-02-08T17:30:01.784" intervalms="3040.868" />
<concurrent-start id="1334" type="global mark" contextid="1333" timestamp="2022-02-08T17:30:01.784">
</concurrent-start>
<exclusive-end id="1335" timestamp="2022-02-08T17:30:01.784" durationms="0.028" />

<exclusive-start id="1336" timestamp="2022-02-08T17:30:01.932" intervalms="147.700">
  <response-info timems="0.022" idlems="0.022" threads="0" lastid="0000000000016F00" lastname="main" />
</exclusive-start>
<af-start id="1337" threadId="0000000000017908" totalBytesRequested="64" timestamp="2022-02-08T17:30:01.932" intervalms="966.432" type="nursery" />
<cycle-start id="1338" type="scavenge" contextid="0" timestamp="2022-02-08T17:30:01.932" intervalms="966.435" />
<gc-start id="1339" type="scavenge" contextid="1338" timestamp="2022-02-08T17:30:01.932">
  <mem-info id="1340" free="107801848" total="1073741824" percent="10">
    <mem type="nursery" free="0" total="268435456" percent="0">
      <mem type="allocate" free="0" total="184352768" percent="0" />
      <mem type="survivor" free="0" total="84082688" percent="0" />
    </mem>
    <mem type="tenure" free="107801848" total="805306368" percent="13">
      <mem type="soa" free="99748088" total="797252608" percent="12" />
      <mem type="loa" free="8053760" total="8053760" percent="100" />
    </mem>
    <remembered-set count="133" />
  </mem-info>
</gc-start>
<allocation-stats totalBytes="108821992" >
  <allocated-bytes non-tlh="16" tlh="108821976" />
  <largest-consumer threadName="main" threadId="0000000000016F00" bytes="108813800" />
</allocation-stats>
<gc-op id="1341" type="scavenge" timems="92.667" contextid="1338" timestamp="2022-02-08T17:30:02.024">
  <scavenger-info tenureage="1" tenuremask="7ffe" tiltratio="68" />
  <memory-copied type="nursery" objects="1401714" bytes="77523408" bytesdiscarded="181296" />
  <memory-copied type="tenure" objects="1419092" bytes="74850160" bytesdiscarded="38552" />
  <finalization candidates="57" enqueued="0" />
  <object-monitors candidates="2" cleared="0"  />
</gc-op>
<gc-end id="1342" type="scavenge" contextid="1338" durationms="93.233" usertimems="367.573" systemtimems="0.000" stalltimems="2.448" timestamp="2022-02-08T17:30:02.025" activeThreads="4">
  <mem-info id="1343" free="137833272" total="1073741824" percent="12">
    <mem type="nursery" free="105009664" total="268435456" percent="39">
      <mem type="allocate" free="105009664" total="182714368" percent="57" />
      <mem type="survivor" free="0" total="85721088" percent="0" />
    </mem>
    <mem type="tenure" free="32823608" total="805306368" percent="4" macro-fragmented="0">
      <mem type="soa" free="24769848" total="797252608" percent="3" />
      <mem type="loa" free="8053760" total="8053760" percent="100" />
    </mem>
    <remembered-set count="102" />
  </mem-info>
</gc-end>
<cycle-end id="1344" type="scavenge" contextid="1338" timestamp="2022-02-08T17:30:02.025" />
<allocation-satisfied id="1345" threadId="0000000000016F00" bytesRequested="64" />
<af-end id="1346" timestamp="2022-02-08T17:30:02.025" threadId="0000000000017908" success="true" from="nursery"/>
<exclusive-end id="1347" timestamp="2022-02-08T17:30:02.025" durationms="93.560" />

<concurrent-end id="1348" type="global mark" contextid="1333" timestamp="2022-02-08T17:30:02.145">
<gc-op id="1349" type="trace" timems="360.966" contextid="1333" timestamp="2022-02-08T17:30:02.145">
  <trace bytesTraced="74428840" workStackOverflowCount="0" />
  <card-cleaning reason="card cleaning threshold reached" bytesTraced="480" cardsCleaned="2" />
</gc-op>
</concurrent-end>

<exclusive-start id="1350" timestamp="2022-02-08T17:30:02.145" intervalms="213.336">
  <response-info timems="0.018" idlems="0.018" threads="0" lastid="0000000000016F00" lastname="main" />
</exclusive-start>
<concurrent-global-final id="1351" timestamp="2022-02-08T17:30:02.145" contextid="1333" intervalms="3054.345" >
  <concurrent-trace-info reason="card cleaning threshold reached" tracedByMutators="56199320" tracedByHelpers="18230000" cardsCleaned="2" workStackOverflowCount="0" />
</concurrent-global-final>
<gc-start id="1352" type="global" contextid="1333" timestamp="2022-02-08T17:30:02.145">
  <mem-info id="1353" free="130132728" total="1073741824" percent="12">
    <mem type="nursery" free="97309120" total="268435456" percent="36">
      <mem type="allocate" free="97309120" total="182714368" percent="53" />
      <mem type="survivor" free="0" total="85721088" percent="0" />
    </mem>
    <mem type="tenure" free="32823608" total="805306368" percent="4">
      <mem type="soa" free="24769848" total="797252608" percent="3" />
      <mem type="loa" free="8053760" total="8053760" percent="100" />
    </mem>
    <remembered-set count="102" />
  </mem-info>
</gc-start>
<allocation-stats totalBytes="7697272" >
  <allocated-bytes non-tlh="64" tlh="7697208" />
  <largest-consumer threadName="main" threadId="0000000000016F00" bytes="7697272" />
</allocation-stats>
<gc-op id="1354" type="rs-scan" timems="0.609" contextid="1333" timestamp="2022-02-08T17:30:02.146">
  <scan objectsFound="0" bytesTraced="3988" workStackOverflowCount="0" />
</gc-op>
<gc-op id="1355" type="card-cleaning" timems="151.246" contextid="1333" timestamp="2022-02-08T17:30:02.297">
  <card-cleaning cardsCleaned="11" bytesTraced="71012220" workStackOverflowCount="0" />
</gc-op>
<gc-op id="1356" type="mark" timems="60.163" contextid="1333" timestamp="2022-02-08T17:30:02.357">
  <trace-info objectcount="2189723" scancount="1643820" scanbytes="35135848" />
  <finalization candidates="428" enqueued="57" />
  <ownableSynchronizers candidates="1" cleared="0" />
  <references type="soft" candidates="894" cleared="0" enqueued="0" dynamicThreshold="10" maxThreshold="32" />
  <references type="weak" candidates="1701" cleared="0" enqueued="0" />
  <references type="phantom" candidates="52" cleared="2" enqueued="2" />
  <stringconstants candidates="6470" cleared="0"  />
  <object-monitors candidates="2" cleared="0"  />
</gc-op>
<gc-op id="1357" type="sweep" timems="5.386" contextid="1333" timestamp="2022-02-08T17:30:02.363" />
<gc-end id="1358" type="global" contextid="1333" durationms="217.854" usertimems="233.382" systemtimems="0.487" stalltimems="180.479" timestamp="2022-02-08T17:30:02.363" activeThreads="4">
  <mem-info id="1359" free="373447336" total="1073741824" percent="34">
    <mem type="nursery" free="97581776" total="268435456" percent="36">
      <mem type="allocate" free="97581776" total="182714368" percent="53" />
      <mem type="survivor" free="0" total="85721088" percent="0" />
    </mem>
    <mem type="tenure" free="275865560" total="805306368" percent="34" micro-fragmented="372993" macro-fragmented="0">
      <mem type="soa" free="267811800" total="797252608" percent="33" />
      <mem type="loa" free="8053760" total="8053760" percent="100" />
    </mem>
    <pending-finalizers system="57" default="0" reference="2" classloader="0" />
    <remembered-set count="102" />
  </mem-info>
</gc-end>
<cycle-end id="1360" type="global" contextid="1333" timestamp="2022-02-08T17:30:02.363" />
<exclusive-end id="1361" timestamp="2022-02-08T17:30:02.363" durationms="218.087" />

<exclusive-start id="1362" timestamp="2022-02-08T17:30:02.976" intervalms="831.101">
  <response-info timems="0.018" idlems="0.018" threads="0" lastid="0000000000016F00" lastname="main" />
</exclusive-start>
<af-start id="1363" threadId="0000000000017908" totalBytesRequested="104" timestamp="2022-02-08T17:30:02.976" intervalms="1044.428" type="nursery" />
<cycle-start id="1364" type="scavenge" contextid="0" timestamp="2022-02-08T17:30:02.976" intervalms="1044.426" />
<gc-start id="1365" type="scavenge" contextid="1364" timestamp="2022-02-08T17:30:02.976">
  <mem-info id="1366" free="275865560" total="1073741824" percent="25">
    <mem type="nursery" free="0" total="268435456" percent="0">
      <mem type="allocate" free="0" total="182714368" percent="0" />
      <mem type="survivor" free="0" total="85721088" percent="0" />
    </mem>
    <mem type="tenure" free="275865560" total="805306368" percent="34">
      <mem type="soa" free="267811800" total="797252608" percent="33" />
      <mem type="loa" free="8053760" total="8053760" percent="100" />
    </mem>
    <remembered-set count="105" />
  </mem-info>
</gc-start>
<allocation-stats totalBytes="97534976" >
  <allocated-bytes non-tlh="0" tlh="97534976" />
  <largest-consumer threadName="main" threadId="0000000000016F00" bytes="97530880" />
</allocation-stats>
<gc-op id="1367" type="scavenge" timems="88.262" contextid="1364" timestamp="2022-02-08T17:30:03.064">
  <scavenger-info tenureage="1" tenuremask="7ffe" tiltratio="68" />
  <memory-copied type="nursery" objects="1313514" bytes="74705000" bytesdiscarded="136600" />
  <memory-copied type="tenure" objects="1401713" bytes="77523368" bytesdiscarded="40664" />
  <ownableSynchronizers candidates="2" cleared="2" />
  <object-monitors candidates="2" cleared="0"  />
</gc-op>
<gc-end id="1368" type="scavenge" contextid="1364" durationms="88.690" usertimems="344.095" systemtimems="5.380" stalltimems="2.855" timestamp="2022-02-08T17:30:03.065" activeThreads="4">
  <mem-info id="1369" free="306360016" total="1073741824" percent="28">
    <mem type="nursery" free="108265984" total="268435456" percent="40">
      <mem type="allocate" free="108265984" total="183107584" percent="59" />
      <mem type="survivor" free="0" total="85327872" percent="0" />
    </mem>
    <mem type="tenure" free="198094032" total="805306368" percent="24" macro-fragmented="0">
      <mem type="soa" free="190040272" total="797252608" percent="23" />
      <mem type="loa" free="8053760" total="8053760" percent="100" />
    </mem>
    <remembered-set count="105" />
  </mem-info>
</gc-end>
<cycle-end id="1370" type="scavenge" contextid="1364" timestamp="2022-02-08T17:30:03.065" />
<allocation-satisfied id="1371" threadId="0000000000016F00" bytesRequested="104" />
<af-end id="1372" timestamp="2022-02-08T17:30:03.065" threadId="0000000000017908" success="true" from="nursery"/>
<exclusive-end id="1373" timestamp="2022-02-08T17:30:03.065" durationms="89.002" />

<exclusive-start id="1374" timestamp="2022-02-08T17:30:03.957" intervalms="981.427">
  <response-info timems="0.021" idlems="0.021" threads="0" lastid="0000000000016F00" lastname="main" />
</exclusive-start>
<af-start id="1375" threadId="0000000000017908" totalBytesRequested="240" timestamp="2022-02-08T17:30:03.958" intervalms="981.438" type="nursery" />
<cycle-start id="1376" type="scavenge" contextid="0" timestamp="2022-02-08T17:30:03.958" intervalms="981.443" />
<gc-start id="1377" type="scavenge" contextid="1376" timestamp="2022-02-08T17:30:03.958">
  <mem-info id="1378" free="198094032" total="1073741824" percent="18">
    <mem type="nursery" free="0" total="268435456" percent="0">
      <mem type="allocate" free="0" total="183107584" percent="0" />
      <mem type="survivor" free="0" total="85327872" percent="0" />
    </mem>
    <mem type="tenure" free="198094032" total="805306368" percent="24">
      <mem type="soa" free="190040272" total="797252608" percent="23" />
      <mem type="loa" free="8053760" total="8053760" percent="100" />
    </mem>
    <remembered-set count="135" />
  </mem-info>
</gc-start>
<allocation-stats totalBytes="108220064" >
  <allocated-bytes non-tlh="1661248" tlh="106558816" />
  <largest-consumer threadName="main" threadId="0000000000016F00" bytes="108220064" />
</allocation-stats>
<gc-op id="1379" type="scavenge" timems="79.785" contextid="1376" timestamp="2022-02-08T17:30:04.037">
  <scavenger-info tenureage="1" tenuremask="7ffe" tiltratio="68" />
  <memory-copied type="nursery" objects="1491539" bytes="76232424" bytesdiscarded="79680" />
  <memory-copied type="tenure" objects="1313514" bytes="74705000" bytesdiscarded="33392" />
  <finalization candidates="109" enqueued="53" />
  <references type="soft" candidates="14" cleared="0" enqueued="0" dynamicThreshold="10" maxThreshold="32" />
  <references type="weak" candidates="1" cleared="0" enqueued="0" />
  <references type="phantom" candidates="94" cleared="7" enqueued="7" />
  <object-monitors candidates="2" cleared="0"  />
</gc-op>
<gc-end id="1380" type="scavenge" contextid="1376" durationms="80.293" usertimems="314.542" systemtimems="1.158" stalltimems="2.619" timestamp="2022-02-08T17:30:04.038" activeThreads="4">
  <mem-info id="1381" free="230447800" total="1073741824" percent="21">
    <mem type="nursery" free="107057496" total="268435456" percent="39">
      <mem type="allocate" free="107057496" total="183369728" percent="58" />
      <mem type="survivor" free="0" total="85065728" percent="0" />
    </mem>
    <mem type="tenure" free="123390304" total="805306368" percent="15" macro-fragmented="0">
      <mem type="soa" free="115336544" total="797252608" percent="14" />
      <mem type="loa" free="8053760" total="8053760" percent="100" />
    </mem>
    <pending-finalizers system="52" default="1" reference="7" classloader="0" />
    <remembered-set count="131" />
  </mem-info>
</gc-end>
<cycle-end id="1382" type="scavenge" contextid="1376" timestamp="2022-02-08T17:30:04.038" />
<allocation-satisfied id="1383" threadId="0000000000016F00" bytesRequested="240" />
<af-end id="1384" timestamp="2022-02-08T17:30:04.038" threadId="0000000000017908" success="true" from="nursery"/>
<exclusive-end id="1385" timestamp="2022-02-08T17:30:04.038" durationms="80.680" />

<concurrent-kickoff id="1386" timestamp="2022-02-08T17:30:04.725">
  <kickoff reason="threshold reached" targetBytes="75796315" thresholdFreeBytes="5973494"  remainingFree="5869912" tenureFreeBytes="123390304" nurseryFreeBytes="5869912" />
</concurrent-kickoff>
<exclusive-start id="1387" timestamp="2022-02-08T17:30:04.728" intervalms="770.972">
  <response-info timems="0.019" idlems="0.019" threads="0" lastid="0000000000016F00" lastname="main" />
</exclusive-start>
<cycle-start id="1388" type="global" contextid="0" timestamp="2022-02-08T17:30:04.728" intervalms="2944.538" />
<concurrent-start id="1389" type="global mark" contextid="1388" timestamp="2022-02-08T17:30:04.728">
</concurrent-start>
<exclusive-end id="1390" timestamp="2022-02-08T17:30:04.728" durationms="0.029" />

<exclusive-start id="1391" timestamp="2022-02-08T17:30:04.857" intervalms="128.356">
  <response-info timems="0.017" idlems="0.017" threads="0" lastid="0000000000016F00" lastname="main" />
</exclusive-start>
<af-start id="1392" threadId="0000000000017908" totalBytesRequested="24" timestamp="2022-02-08T17:30:04.857" intervalms="899.318" type="nursery" />
<cycle-start id="1393" type="scavenge" contextid="0" timestamp="2022-02-08T17:30:04.857" intervalms="899.312" />
<gc-start id="1394" type="scavenge" contextid="1393" timestamp="2022-02-08T17:30:04.857">
  <mem-info id="1395" free="123390304" total="1073741824" percent="11">
    <mem type="nursery" free="0" total="268435456" percent="0">
      <mem type="allocate" free="0" total="183369728" percent="0" />
      <mem type="survivor" free="0" total="85065728" percent="0" />
    </mem>
    <mem type="tenure" free="123390304" total="805306368" percent="15">
      <mem type="soa" free="115336544" total="797252608" percent="14" />
      <mem type="loa" free="8053760" total="8053760" percent="100" />
    </mem>
    <remembered-set count="132" />
  </mem-info>
</gc-start>
<allocation-stats totalBytes="107006744" >
  <allocated-bytes non-tlh="1347920" tlh="105658824" />
  <largest-consumer threadName="main" threadId="0000000000016F00" bytes="106998552" />
</allocation-stats>
<gc-op id="1396" type="scavenge" timems="77.352" contextid="1393" timestamp="2022-02-08T17:30:04.934">
  <scavenger-info tenureage="1" tenuremask="7ffe" tiltratio="68" />
  <memory-copied type="nursery" objects="1345091" bytes="76589648" bytesdiscarded="243984" />
  <memory-copied type="tenure" objects="1490819" bytes="75289128" bytesdiscarded="36088" />
  <finalization candidates="57" enqueued="0" />
  <references type="phantom" candidates="1" cleared="0" enqueued="0" />
  <object-monitors candidates="2" cleared="0"  />
</gc-op>
<gc-end id="1397" type="scavenge" contextid="1393" durationms="77.758" usertimems="303.932" systemtimems="0.000" stalltimems="4.970" timestamp="2022-02-08T17:30:04.935" activeThreads="4">
  <mem-info id="1398" free="155012376" total="1073741824" percent="14">
    <mem type="nursery" free="106929312" total="268435456" percent="39">
      <mem type="allocate" free="106929312" total="183762944" percent="58" />
      <mem type="survivor" free="0" total="84672512" percent="0" />
    </mem>
    <mem type="tenure" free="48083064" total="805306368" percent="5" macro-fragmented="0">
      <mem type="soa" free="40029304" total="797252608" percent="5" />
      <mem type="loa" free="8053760" total="8053760" percent="100" />
    </mem>
    <remembered-set count="102" />
  </mem-info>
</gc-end>
<cycle-end id="1399" type="scavenge" contextid="1393" timestamp="2022-02-08T17:30:04.935" />
<allocation-satisfied id="1400" threadId="0000000000016F00" bytesRequested="24" />
<af-end id="1401" timestamp="2022-02-08T17:30:04.935" threadId="0000000000017908" success="true" from="nursery"/>
<exclusive-end id="1402" timestamp="2022-02-08T17:30:04.935" durationms="78.123" />

<concurrent-end id="1403" type="global mark" contextid="1388" timestamp="2022-02-08T17:30:05.051">
<gc-op id="1404" type="trace" timems="322.070" contextid="1388" timestamp="2022-02-08T17:30:05.051">
  <trace bytesTraced="74428984" workStackOverflowCount="0" />
  <card-cleaning reason="card cleaning threshold reached" bytesTraced="480" cardsCleaned="2" />
</gc-op>
</concurrent-end>

<exclusive-start id="1405" timestamp="2022-02-08T17:30:05.051" intervalms="193.783">
  <response-info timems="0.018" idlems="0.018" threads="0" lastid="0000000000016F00" lastname="main" />
</exclusive-start>
<concurrent-global-final id="1406" timestamp="2022-02-08T17:30:05.051" contextid="1388" intervalms="2905.639" >
  <concurrent-trace-info reason="card cleaning threshold reached" tracedByMutators="57318032" tracedByHelpers="17111432" cardsCleaned="2" workStackOverflowCount="0" />
</concurrent-global-final>
<gc-start id="1407" type="global" contextid="1388" timestamp="2022-02-08T17:30:05.051">
  <mem-info id="1408" free="147442944" total="1073741824" percent="13">
    <mem type="nursery" free="99359880" total="268435456" percent="37">
      <mem type="allocate" free="99359880" total="183762944" percent="54" />
      <mem type="survivor" free="0" total="84672512" percent="0" />
    </mem>
    <mem type="tenure" free="48083064" total="805306368" percent="5">
      <mem type="soa" free="40029304" total="797252608" percent="5" />
      <mem type="loa" free="8053760" total="8053760" percent="100" />
    </mem>
    <remembered-set count="102" />
  </mem-info>
</gc-start>
<allocation-stats totalBytes="7565344" >
  <allocated-bytes non-tlh="24" tlh="7565320" />
  <largest-consumer threadName="main" threadId="0000000000016F00" bytes="7565344" />
</allocation-stats>
<gc-op id="1409" type="rs-scan" timems="0.540" contextid="1388" timestamp="2022-02-08T17:30:05.051">
  <scan objectsFound="29" bytesTraced="5420" workStackOverflowCount="0" />
</gc-op>
<gc-op id="1410" type="card-cleaning" timems="148.183" contextid="1388" timestamp="2022-02-08T17:30:05.199">
  <card-cleaning cardsCleaned="8" bytesTraced="71010292" workStackOverflowCount="0" />
</gc-op>
<gc-op id="1411" type="mark" timems="61.237" contextid="1388" timestamp="2022-02-08T17:30:05.261">
  <trace-info objectcount="1898407" scancount="1425333" scanbytes="30474792" />
  <finalization candidates="428" enqueued="57" />
  <ownableSynchronizers candidates="1" cleared="0" />
  <references type="soft" candidates="894" cleared="0" enqueued="0" dynamicThreshold="10" maxThreshold="32" />
  <references type="weak" candidates="1701" cleared="0" enqueued="0" />
  <references type="phantom" candidates="52" cleared="2" enqueued="2" />
  <stringconstants candidates="6470" cleared="0"  />
  <object-monitors candidates="2" cleared="0"  />
</gc-op>
<gc-op id="1412" type="sweep" timems="4.936" contextid="1388" timestamp="2022-02-08T17:30:05.266" />
<gc-end id="1413" type="global" contextid="1388" durationms="215.322" usertimems="271.920" systemtimems="0.000" stalltimems="141.695" timestamp="2022-02-08T17:30:05.266" activeThreads="4">
  <mem-info id="1414" free="390662208" total="1073741824" percent="36">
    <mem type="nursery" free="99694896" total="268435456" percent="37">
      <mem type="allocate" free="99694896" total="183762944" percent="54" />
      <mem type="survivor" free="0" total="84672512" percent="0" />
    </mem>
    <mem type="tenure" free="290967312" total="805306368" percent="36" micro-fragmented="394329" macro-fragmented="723458">
      <mem type="soa" free="282913552" total="797252608" percent="35" />
      <mem type="loa" free="8053760" total="8053760" percent="100" />
    </mem>
    <pending-finalizers system="57" default="0" reference="2" classloader="0" />
    <remembered-set count="102" />
  </mem-info>
</gc-end>
<cycle-end id="1415" type="global" contextid="1388" timestamp="2022-02-08T17:30:05.266" />
<exclusive-end id="1416" timestamp="2022-02-08T17:30:05.266" durationms="215.550" />

<exclusive-start id="1417" timestamp="2022-02-08T17:30:05.897" intervalms="846.708">
  <response-info timems="0.018" idlems="0.018" threads="0" lastid="0000000000016F00" lastname="main" />
</exclusive-start>
<af-start id="1418" threadId="0000000000017908" totalBytesRequested="184" timestamp="2022-02-08T17:30:05.897" intervalms="1040.491" type="nursery" />
<cycle-start id="1419" type="scavenge" contextid="0" timestamp="2022-02-08T17:30:05.897" intervalms="1040.492" />
<gc-start id="1420" type="scavenge" contextid="1419" timestamp="2022-02-08T17:30:05.897">
  <mem-info id="1421" free="290967312" total="1073741824" percent="27">
    <mem type="nursery" free="0" total="268435456" percent="0">
      <mem type="allocate" free="0" total="183762944" percent="0" />
      <mem type="survivor" free="0" total="84672512" percent="0" />
    </mem>
    <mem type="tenure" free="290967312" total="805306368" percent="36">
      <mem type="soa" free="282913552" total="797252608" percent="35" />
      <mem type="loa" free="8053760" total="8053760" percent="100" />
    </mem>
    <remembered-set count="105" />
  </mem-info>
</gc-start>
<allocation-stats totalBytes="99647432" >
  <allocated-bytes non-tlh="0" tlh="99647432" />
  <largest-consumer threadName="main" threadId="0000000000016F00" bytes="99637064" />
</allocation-stats>
<gc-op id="1422" type="scavenge" timems="79.166" contextid="1419" timestamp="2022-02-08T17:30:05.977">
  <scavenger-info tenureage="1" tenuremask="7ffe" tiltratio="68" />
  <memory-copied type="nursery" objects="1350649" bytes="76147280" bytesdiscarded="132896" />
  <memory-copied type="tenure" objects="1345091" bytes="76589648" bytesdiscarded="43864" />
  <finalization candidates="1" enqueued="0" />
  <ownableSynchronizers candidates="2" cleared="2" />
  <object-monitors candidates="2" cleared="0"  />
</gc-op>
<gc-end id="1423" type="scavenge" contextid="1419" durationms="79.541" usertimems="312.464" systemtimems="0.247" stalltimems="3.342" timestamp="2022-02-08T17:30:05.977" activeThreads="4">
  <mem-info id="1424" free="321991296" total="1073741824" percent="29">
    <mem type="nursery" free="107875984" total="268435456" percent="40">
      <mem type="allocate" free="107875984" total="184156160" percent="58" />
      <mem type="survivor" free="0" total="84279296" percent="0" />
    </mem>
    <mem type="tenure" free="214115312" total="805306368" percent="26" macro-fragmented="0">
      <mem type="soa" free="206061552" total="797252608" percent="25" />
      <mem type="loa" free="8053760" total="8053760" percent="100" />
    </mem>
    <remembered-set count="104" />
  </mem-info>
</gc-end>
<cycle-end id="1425" type="scavenge" contextid="1419" timestamp="2022-02-08T17:30:05.977" />
<allocation-satisfied id="1426" threadId="0000000000016F00" bytesRequested="184" />
<af-end id="1427" timestamp="2022-02-08T17:30:05.977" threadId="0000000000017908" success="true" from="nursery"/>
<exclusive-end id="1428" timestamp="2022-02-08T17:30:05.977" durationms="79.788" />

<exclusive-start id="1429" timestamp="2022-02-08T17:30:06.848" intervalms="950.692">
  <response-info timems="0.018" idlems="0.018" threads="0" lastid="0000000000016F00" lastname="main" />
</exclusive-start>
<af-start id="1430" threadId="0000000000017908" totalBytesRequested="24" timestamp="2022-02-08T17:30:06.848" intervalms="950.694" type="nursery" />
<cycle-start id="1431" type="scavenge" contextid="0" timestamp="2022-02-08T17:30:06.848" intervalms="950.694" />
<gc-start id="1432" type="scavenge" contextid="1431" timestamp="2022-02-08T17:30:06.848">
  <mem-info id="1433" free="214115312" total="1073741824" percent="19">
    <mem type="nursery" free="0" total="268435456" percent="0">
      <mem type="allocate" free="0" total="184156160" percent="0" />
      <mem type="survivor" free="0" total="84279296" percent="0" />
    </mem>
    <mem type="tenure" free="214115312" total="805306368" percent="26">
      <mem type="soa" free="206061552" total="797252608" percent="25" />
      <mem type="loa" free="8053760" total="8053760" percent="100" />
    </mem>
    <remembered-set count="135" />
  </mem-info>
</gc-start>
<allocation-stats totalBytes="107830728" >
  <allocated-bytes non-tlh="1186200" tlh="106644528" />
  <largest-consumer threadName="main" threadId="0000000000016F00" bytes="107830728" />
</allocation-stats>
<gc-op id="1434" type="scavenge" timems="84.431" contextid="1431" timestamp="2022-02-08T17:30:06.933">
  <scavenger-info tenureage="1" tenuremask="7ffe" tiltratio="68" />
  <memory-copied type="nursery" objects="1493130" bytes="75968040" bytesdiscarded="220344" />
  <memory-copied type="tenure" objects="1350648" bytes="76147176" bytesdiscarded="38960" />
  <finalization candidates="108" enqueued="53" />
  <references type="soft" candidates="14" cleared="0" enqueued="0" dynamicThreshold="11" maxThreshold="32" />
  <references type="weak" candidates="1" cleared="0" enqueued="0" />
  <references type="phantom" candidates="93" cleared="7" enqueued="7" />
  <object-monitors candidates="2" cleared="0"  />
</gc-op>
<gc-end id="1435" type="scavenge" contextid="1431" durationms="84.970" usertimems="319.963" systemtimems="0.160" stalltimems="4.167" timestamp="2022-02-08T17:30:06.933" activeThreads="4">
  <mem-info id="1436" free="246310560" total="1073741824" percent="22">
    <mem type="nursery" free="108360864" total="268435456" percent="40">
      <mem type="allocate" free="108360864" total="184549376" percent="58" />
      <mem type="survivor" free="0" total="83886080" percent="0" />
    </mem>
    <mem type="tenure" free="137949696" total="805306368" percent="17" macro-fragmented="0">
      <mem type="soa" free="129895936" total="797252608" percent="16" />
      <mem type="loa" free="8053760" total="8053760" percent="100" />
    </mem>
    <pending-finalizers system="52" default="1" reference="7" classloader="0" />
    <remembered-set count="132" />
  </mem-info>
</gc-end>
<cycle-end id="1437" type="scavenge" contextid="1431" timestamp="2022-02-08T17:30:06.933" />
<allocation-satisfied id="1438" threadId="0000000000016F00" bytesRequested="24" />
<af-end id="1439" timestamp="2022-02-08T17:30:06.933" threadId="0000000000017908" success="true" from="nursery"/>
<exclusive-end id="1440" timestamp="2022-02-08T17:30:06.933" durationms="85.311" />

<concurrent-kickoff id="1441" timestamp="2022-02-08T17:30:07.632">
  <kickoff reason="threshold reached" targetBytes="75522413" thresholdFreeBytes="5925309"  remainingFree="5899312" tenureFreeBytes="137949696" nurseryFreeBytes="5899312" />
</concurrent-kickoff>
<exclusive-start id="1442" timestamp="2022-02-08T17:30:07.635" intervalms="786.925">
  <response-info timems="0.019" idlems="0.019" threads="0" lastid="0000000000016F00" lastname="main" />
</exclusive-start>
<cycle-start id="1443" type="global" contextid="0" timestamp="2022-02-08T17:30:07.635" intervalms="2906.464" />
<concurrent-start id="1444" type="global mark" contextid="1443" timestamp="2022-02-08T17:30:07.635">
</concurrent-start>
<exclusive-end id="1445" timestamp="2022-02-08T17:30:07.635" durationms="0.029" />

<exclusive-start id="1446" timestamp="2022-02-08T17:30:07.761" intervalms="125.644">
  <response-info timems="0.029" idlems="0.029" threads="0" lastid="0000000000016F00" lastname="main" />
</exclusive-start>
<af-start id="1447" threadId="0000000000017908" totalBytesRequested="104" timestamp="2022-02-08T17:30:07.761" intervalms="912.580" type="nursery" />
<cycle-start id="1448" type="scavenge" contextid="0" timestamp="2022-02-08T17:30:07.761" intervalms="912.579" />
<gc-start id="1449" type="scavenge" contextid="1448" timestamp="2022-02-08T17:30:07.761">
  <mem-info id="1450" free="137949696" total="1073741824" percent="12">
    <mem type="nursery" free="0" total="268435456" percent="0">
      <mem type="allocate" free="0" total="184549376" percent="0" />
      <mem type="survivor" free="0" total="83886080" percent="0" />
    </mem>
    <mem type="tenure" free="137949696" total="805306368" percent="17">
      <mem type="soa" free="129895936" total="797252608" percent="16" />
      <mem type="loa" free="8053760" total="8053760" percent="100" />
    </mem>
    <remembered-set count="133" />
  </mem-info>
</gc-start>
<allocation-stats totalBytes="108307320" >
  <allocated-bytes non-tlh="1822832" tlh="106484488" />
  <largest-consumer threadName="main" threadId="0000000000016F00" bytes="108299128" />
</allocation-stats>
<gc-op id="1451" type="scavenge" timems="78.354" contextid="1448" timestamp="2022-02-08T17:30:07.839">
  <scavenger-info tenureage="1" tenuremask="7ffe" tiltratio="68" />
  <memory-copied type="nursery" objects="1348082" bytes="77173000" bytesdiscarded="128344" />
  <memory-copied type="tenure" objects="1492411" bytes="75330280" bytesdiscarded="39544" />
  <finalization candidates="57" enqueued="0" />
  <references type="phantom" candidates="2" cleared="0" enqueued="0" />
  <object-monitors candidates="2" cleared="0"  />
</gc-op>
<gc-end id="1452" type="scavenge" contextid="1448" durationms="78.765" usertimems="304.629" systemtimems="0.000" stalltimems="3.910" timestamp="2022-02-08T17:30:07.839" activeThreads="4">
  <mem-info id="1453" free="169094472" total="1073741824" percent="15">
    <mem type="nursery" free="106592672" total="268435456" percent="39">
      <mem type="allocate" free="106592672" total="183894016" percent="57" />
      <mem type="survivor" free="0" total="84541440" percent="0" />
    </mem>
    <mem type="tenure" free="62501800" total="805306368" percent="7" macro-fragmented="0">
      <mem type="soa" free="54448040" total="797252608" percent="6" />
      <mem type="loa" free="8053760" total="8053760" percent="100" />
    </mem>
    <remembered-set count="103" />
  </mem-info>
</gc-end>
<cycle-end id="1454" type="scavenge" contextid="1448" timestamp="2022-02-08T17:30:07.840" />
<allocation-satisfied id="1455" threadId="0000000000016F00" bytesRequested="104" />
<af-end id="1456" timestamp="2022-02-08T17:30:07.840" threadId="0000000000017908" success="true" from="nursery"/>
<exclusive-end id="1457" timestamp="2022-02-08T17:30:07.840" durationms="79.136" />

<concurrent-end id="1458" type="global mark" contextid="1443" timestamp="2022-02-08T17:30:07.964">
<gc-op id="1459" type="trace" timems="328.855" contextid="1443" timestamp="2022-02-08T17:30:07.964">
  <trace bytesTraced="74429256" workStackOverflowCount="0" />
  <card-cleaning reason="card cleaning threshold reached" bytesTraced="480" cardsCleaned="2" />
</gc-op>
</concurrent-end>

<exclusive-start id="1460" timestamp="2022-02-08T17:30:07.964" intervalms="203.289">
  <response-info timems="0.022" idlems="0.022" threads="0" lastid="0000000000016F00" lastname="main" />
</exclusive-start>
<concurrent-global-final id="1461" timestamp="2022-02-08T17:30:07.964" contextid="1443" intervalms="2913.265" >
  <concurrent-trace-info reason="card cleaning threshold reached" tracedByMutators="58724696" tracedByHelpers="15705040" cardsCleaned="2" workStackOverflowCount="0" />
</concurrent-global-final>
<gc-start id="1462" type="global" contextid="1443" timestamp="2022-02-08T17:30:07.964">
  <mem-info id="1463" free="161131744" total="1073741824" percent="15">
    <mem type="nursery" free="98629944" total="268435456" percent="36">
      <mem type="allocate" free="98629944" total="183894016" percent="53" />
      <mem type="survivor" free="0" total="84541440" percent="0" />
    </mem>
    <mem type="tenure" free="62501800" total="805306368" percent="7">
      <mem type="soa" free="54448040" total="797252608" percent="6" />
      <mem type="loa" free="8053760" total="8053760" percent="100" />
    </mem>
    <remembered-set count="103" />
  </mem-info>
</gc-start>
<allocation-stats totalBytes="7959312" >
  <allocated-bytes non-tlh="104" tlh="7959208" />
  <largest-consumer threadName="main" threadId="0000000000016F00" bytes="7959312" />
</allocation-stats>
<gc-op id="1464" type="rs-scan" timems="0.734" contextid="1443" timestamp="2022-02-08T17:30:07.965">
  <scan objectsFound="29" bytesTraced="5420" workStackOverflowCount="0" />
</gc-op>
<gc-op id="1465" type="card-cleaning" timems="147.868" contextid="1443" timestamp="2022-02-08T17:30:08.113">
  <card-cleaning cardsCleaned="9" bytesTraced="71010340" workStackOverflowCount="0" />
</gc-op>
<gc-op id="1466" type="mark" timems="51.609" contextid="1443" timestamp="2022-02-08T17:30:08.164">
  <trace-info objectcount="1661186" scancount="1247417" scanbytes="26679272" />
  <finalization candidates="428" enqueued="57" />
  <ownableSynchronizers candidates="1" cleared="0" />
  <references type="soft" candidates="894" cleared="0" enqueued="0" dynamicThreshold="11" maxThreshold="32" />
  <references type="weak" candidates="1701" cleared="0" enqueued="0" />
  <references type="phantom" candidates="52" cleared="2" enqueued="2" />
  <stringconstants candidates="6470" cleared="0"  />
  <object-monitors candidates="2" cleared="0"  />
</gc-op>
<gc-op id="1467" type="sweep" timems="5.094" contextid="1443" timestamp="2022-02-08T17:30:08.170" />
<gc-end id="1468" type="global" contextid="1443" durationms="205.735" usertimems="257.162" systemtimems="0.000" stalltimems="117.946" timestamp="2022-02-08T17:30:08.170" activeThreads="4">
  <mem-info id="1469" free="404349176" total="1073741824" percent="37">
    <mem type="nursery" free="98850328" total="268435456" percent="36">
      <mem type="allocate" free="98850328" total="183894016" percent="53" />
      <mem type="survivor" free="0" total="84541440" percent="0" />
    </mem>
    <mem type="tenure" free="305498848" total="805306368" percent="37" micro-fragmented="400773" macro-fragmented="0">
      <mem type="soa" free="297445088" total="797252608" percent="37" />
      <mem type="loa" free="8053760" total="8053760" percent="100" />
    </mem>
    <pending-finalizers system="57" default="0" reference="2" classloader="0" />
    <remembered-set count="103" />
  </mem-info>
</gc-end>
<cycle-end id="1470" type="global" contextid="1443" timestamp="2022-02-08T17:30:08.170" />
<exclusive-end id="1471" timestamp="2022-02-08T17:30:08.170" durationms="205.974" />

<exclusive-start id="1472" timestamp="2022-02-08T17:30:08.799" intervalms="834.967">
  <response-info timems="0.018" idlems="0.018" threads="0" lastid="0000000000016F00" lastname="main" />
</exclusive-start>
<af-start id="1473" threadId="0000000000017908" totalBytesRequested="64" timestamp="2022-02-08T17:30:08.799" intervalms="1038.243" type="nursery" />
<cycle-start id="1474" type="scavenge" contextid="0" timestamp="2022-02-08T17:30:08.799" intervalms="1038.244" />
<gc-start id="1475" type="scavenge" contextid="1474" timestamp="2022-02-08T17:30:08.799">
  <mem-info id="1476" free="305498848" total="1073741824" percent="28">
    <mem type="nursery" free="0" total="268435456" percent="0">
      <mem type="allocate" free="0" total="183894016" percent="0" />
      <mem type="survivor" free="0" total="84541440" percent="0" />
    </mem>
    <mem type="tenure" free="305498848" total="805306368" percent="37">
      <mem type="soa" free="297445088" total="797252608" percent="37" />
      <mem type="loa" free="8053760" total="8053760" percent="100" />
    </mem>
    <remembered-set count="106" />
  </mem-info>
</gc-start>
<allocation-stats totalBytes="98803872" >
  <allocated-bytes non-tlh="0" tlh="98803872" />
  <largest-consumer threadName="main" threadId="0000000000016F00" bytes="98799776" />
</allocation-stats>
<gc-op id="1477" type="scavenge" timems="72.744" contextid="1474" timestamp="2022-02-08T17:30:08.872">
  <scavenger-info tenureage="1" tenuremask="7ffe" tiltratio="68" />
  <memory-copied type="nursery" objects="1345071" bytes="75841152" bytesdiscarded="280896" />
  <memory-copied type="tenure" objects="1348082" bytes="77173000" bytesdiscarded="42824" />
  <finalization candidates="2" enqueued="0" />
  <ownableSynchronizers candidates="2" cleared="2" />
  <object-monitors candidates="2" cleared="0"  />
</gc-op>
<gc-end id="1478" type="scavenge" contextid="1474" durationms="73.109" usertimems="288.057" systemtimems="0.000" stalltimems="2.269" timestamp="2022-02-08T17:30:08.872" activeThreads="4">
  <mem-info id="1479" free="336254576" total="1073741824" percent="31">
    <mem type="nursery" free="108034112" total="268435456" percent="40">
      <mem type="allocate" free="108034112" total="184156160" percent="58" />
      <mem type="survivor" free="0" total="84279296" percent="0" />
    </mem>
    <mem type="tenure" free="228220464" total="805306368" percent="28" macro-fragmented="0">
      <mem type="soa" free="220166704" total="797252608" percent="27" />
      <mem type="loa" free="8053760" total="8053760" percent="100" />
    </mem>
    <remembered-set count="105" />
  </mem-info>
</gc-end>
<cycle-end id="1480" type="scavenge" contextid="1474" timestamp="2022-02-08T17:30:08.872" />
<allocation-satisfied id="1481" threadId="0000000000016F00" bytesRequested="64" />
<af-end id="1482" timestamp="2022-02-08T17:30:08.872" threadId="0000000000017908" success="true" from="nursery"/>
<exclusive-end id="1483" timestamp="2022-02-08T17:30:08.872" durationms="73.363" />

<exclusive-start id="1484" timestamp="2022-02-08T17:30:09.589" intervalms="790.240">
  <response-info timems="0.017" idlems="0.017" threads="0" lastid="0000000000016F00" lastname="main" />
</exclusive-start>
<af-start id="1485" threadId="0000000000017908" totalBytesRequested="104" timestamp="2022-02-08T17:30:09.589" intervalms="790.241" type="nursery" />
<cycle-start id="1486" type="scavenge" contextid="0" timestamp="2022-02-08T17:30:09.589" intervalms="790.241" />
<gc-start id="1487" type="scavenge" contextid="1486" timestamp="2022-02-08T17:30:09.589">
  <mem-info id="1488" free="228220464" total="1073741824" percent="21">
    <mem type="nursery" free="0" total="268435456" percent="0">
      <mem type="allocate" free="0" total="184156160" percent="0" />
      <mem type="survivor" free="0" total="84279296" percent="0" />
    </mem>
    <mem type="tenure" free="228220464" total="805306368" percent="28">
      <mem type="soa" free="220166704" total="797252608" percent="27" />
      <mem type="loa" free="8053760" total="8053760" percent="100" />
    </mem>
    <remembered-set count="119" />
  </mem-info>
</gc-start>
<allocation-stats totalBytes="107982992" >
  <allocated-bytes non-tlh="453768" tlh="107529224" />
  <largest-consumer threadName="main" threadId="0000000000016F00" bytes="107982992" />
</allocation-stats>
<gc-op id="1489" type="scavenge" timems="88.116" contextid="1486" timestamp="2022-02-08T17:30:09.677">
  <scavenger-info tenureage="1" tenuremask="7ffe" tiltratio="68" />
  <memory-copied type="nursery" objects="1375406" bytes="76483416" bytesdiscarded="131968" />
  <memory-copied type="tenure" objects="1345070" bytes="75841112" bytesdiscarded="40144" />
  <finalization candidates="35" enqueued="18" />
  <references type="phantom" candidates="35" cleared="0" enqueued="0" />
  <object-monitors candidates="2" cleared="0"  />
</gc-op>
<gc-end id="1490" type="scavenge" contextid="1486" durationms="88.627" usertimems="345.738" systemtimems="2.623" stalltimems="3.211" timestamp="2022-02-08T17:30:09.678" activeThreads="4">
  <mem-info id="1491" free="259988064" total="1073741824" percent="24">
    <mem type="nursery" free="107737384" total="268435456" percent="40">
      <mem type="allocate" free="107737384" total="184352768" percent="58" />
      <mem type="survivor" free="0" total="84082688" percent="0" />
    </mem>
    <mem type="tenure" free="152250680" total="805306368" percent="18" macro-fragmented="0">
      <mem type="soa" free="144196920" total="797252608" percent="18" />
      <mem type="loa" free="8053760" total="8053760" percent="100" />
    </mem>
    <pending-finalizers system="18" default="0" reference="0" classloader="0" />
    <remembered-set count="119" />
  </mem-info>
</gc-end>
<cycle-end id="1492" type="scavenge" contextid="1486" timestamp="2022-02-08T17:30:09.678" />
<allocation-satisfied id="1493" threadId="0000000000016F00" bytesRequested="104" />
<af-end id="1494" timestamp="2022-02-08T17:30:09.678" threadId="0000000000017908" success="true" from="nursery"/>
<exclusive-end id="1495" timestamp="2022-02-08T17:30:09.678" durationms="88.911" />

<concurrent-kickoff id="1496" timestamp="2022-02-08T17:30:10.456">
  <kickoff reason="threshold reached" targetBytes="75303503" thresholdFreeBytes="5890351"  remainingFree="5828904" tenureFreeBytes="152250680" nurseryFreeBytes="5828904" />
</concurrent-kickoff>
<exclusive-start id="1497" timestamp="2022-02-08T17:30:10.459" intervalms="869.879">
  <response-info timems="0.018" idlems="0.018" threads="0" lastid="0000000000016F00" lastname="main" />
</exclusive-start>
<cycle-start id="1498" type="global" contextid="0" timestamp="2022-02-08T17:30:10.459" intervalms="2824.017" />
<concurrent-start id="1499" type="global mark" contextid="1498" timestamp="2022-02-08T17:30:10.459">
</concurrent-start>
<exclusive-end id="1500" timestamp="2022-02-08T17:30:10.459" durationms="0.027" />

<exclusive-start id="1501" timestamp="2022-02-08T17:30:10.586" intervalms="127.185">
  <response-info timems="0.017" idlems="0.017" threads="0" lastid="0000000000016F00" lastname="main" />
</exclusive-start>
<af-start id="1502" threadId="0000000000017908" totalBytesRequested="200" timestamp="2022-02-08T17:30:10.586" intervalms="997.089" type="nursery" />
<cycle-start id="1503" type="scavenge" contextid="0" timestamp="2022-02-08T17:30:10.586" intervalms="997.103" />
<gc-start id="1504" type="scavenge" contextid="1503" timestamp="2022-02-08T17:30:10.586">
  <mem-info id="1505" free="152250680" total="1073741824" percent="14">
    <mem type="nursery" free="0" total="268435456" percent="0">
      <mem type="allocate" free="0" total="184352768" percent="0" />
      <mem type="survivor" free="0" total="84082688" percent="0" />
    </mem>
    <mem type="tenure" free="152250680" total="805306368" percent="18">
      <mem type="soa" free="144196920" total="797252608" percent="18" />
      <mem type="loa" free="8053760" total="8053760" percent="100" />
    </mem>
    <remembered-set count="136" />
  </mem-info>
</gc-start>
<allocation-stats totalBytes="107689904" >
  <allocated-bytes non-tlh="2290824" tlh="105399080" />
  <largest-consumer threadName="main" threadId="0000000000016F00" bytes="107685808" />
</allocation-stats>
<gc-op id="1506" type="scavenge" timems="77.759" contextid="1503" timestamp="2022-02-08T17:30:10.664">
  <scavenger-info tenureage="1" tenuremask="7ffe" tiltratio="68" />
  <memory-copied type="nursery" objects="1417200" bytes="76104720" bytesdiscarded="144736" />
  <memory-copied type="tenure" objects="1375079" bytes="76225528" bytesdiscarded="38160" />
  <finalization candidates="92" enqueued="35" />
  <references type="soft" candidates="14" cleared="0" enqueued="0" dynamicThreshold="12" maxThreshold="32" />
  <references type="weak" candidates="1" cleared="0" enqueued="0" />
  <references type="phantom" candidates="77" cleared="7" enqueued="7" />
  <object-monitors candidates="2" cleared="0"  />
</gc-op>
<gc-end id="1507" type="scavenge" contextid="1503" durationms="78.193" usertimems="300.946" systemtimems="0.359" stalltimems="2.273" timestamp="2022-02-08T17:30:10.664" activeThreads="4">
  <mem-info id="1508" free="184181584" total="1073741824" percent="17">
    <mem type="nursery" free="108365328" total="268435456" percent="40">
      <mem type="allocate" free="108365328" total="184614912" percent="58" />
      <mem type="survivor" free="0" total="83820544" percent="0" />
    </mem>
    <mem type="tenure" free="75816256" total="805306368" percent="9" macro-fragmented="0">
      <mem type="soa" free="67762496" total="797252608" percent="8" />
      <mem type="loa" free="8053760" total="8053760" percent="100" />
    </mem>
    <pending-finalizers system="34" default="1" reference="7" classloader="0" />
    <remembered-set count="122" />
  </mem-info>
</gc-end>
<cycle-end id="1509" type="scavenge" contextid="1503" timestamp="2022-02-08T17:30:10.665" />
<allocation-satisfied id="1510" threadId="0000000000016F00" bytesRequested="200" />
<af-end id="1511" timestamp="2022-02-08T17:30:10.665" threadId="0000000000017908" success="true" from="nursery"/>
<exclusive-end id="1512" timestamp="2022-02-08T17:30:10.665" durationms="78.555" />

<concurrent-end id="1513" type="global mark" contextid="1498" timestamp="2022-02-08T17:30:10.792">
<gc-op id="1514" type="trace" timems="333.370" contextid="1498" timestamp="2022-02-08T17:30:10.792">
  <trace bytesTraced="74429560" workStackOverflowCount="0" />
  <card-cleaning reason="card cleaning threshold reached" bytesTraced="480" cardsCleaned="2" />
</gc-op>
</concurrent-end>

<exclusive-start id="1515" timestamp="2022-02-08T17:30:10.792" intervalms="206.259">
  <response-info timems="0.017" idlems="0.017" threads="0" lastid="0000000000016F00" lastname="main" />
</exclusive-start>
<concurrent-global-final id="1516" timestamp="2022-02-08T17:30:10.792" contextid="1498" intervalms="2828.523" >
  <concurrent-trace-info reason="card cleaning threshold reached" tracedByMutators="58501908" tracedByHelpers="15928132" cardsCleaned="2" workStackOverflowCount="0" />
</concurrent-global-final>
<gc-start id="1517" type="global" contextid="1498" timestamp="2022-02-08T17:30:10.792">
  <mem-info id="1518" free="175686280" total="1073741824" percent="16">
    <mem type="nursery" free="99870024" total="268435456" percent="37">
      <mem type="allocate" free="99870024" total="184614912" percent="54" />
      <mem type="survivor" free="0" total="83820544" percent="0" />
    </mem>
    <mem type="tenure" free="75816256" total="805306368" percent="9">
      <mem type="soa" free="67762496" total="797252608" percent="8" />
      <mem type="loa" free="8053760" total="8053760" percent="100" />
    </mem>
    <remembered-set count="123" />
  </mem-info>
</gc-start>
<allocation-stats totalBytes="8490832" >
  <allocated-bytes non-tlh="200" tlh="8490632" />
  <largest-consumer threadName="main" threadId="0000000000016F00" bytes="8482640" />
</allocation-stats>
<gc-op id="1519" type="rs-scan" timems="126.802" contextid="1498" timestamp="2022-02-08T17:30:10.919">
  <scan objectsFound="3324749" bytesTraced="71013504" workStackOverflowCount="0" />
</gc-op>
<gc-op id="1520" type="card-cleaning" timems="0.263" contextid="1498" timestamp="2022-02-08T17:30:10.920">
  <card-cleaning cardsCleaned="3" bytesTraced="1040" workStackOverflowCount="0" />
</gc-op>
<gc-op id="1521" type="mark" timems="34.766" contextid="1498" timestamp="2022-02-08T17:30:10.954">
  <trace-info objectcount="1367784" scancount="1027364" scanbytes="21984840" />
  <finalization candidates="428" enqueued="57" />
  <ownableSynchronizers candidates="1" cleared="0" />
  <references type="soft" candidates="894" cleared="0" enqueued="0" dynamicThreshold="12" maxThreshold="32" />
  <references type="weak" candidates="1701" cleared="0" enqueued="0" />
  <references type="phantom" candidates="52" cleared="2" enqueued="2" />
  <stringconstants candidates="6470" cleared="0"  />
  <object-monitors candidates="2" cleared="0"  />
</gc-op>
<gc-op id="1522" type="sweep" timems="4.707" contextid="1498" timestamp="2022-02-08T17:30:10.959" />
<gc-end id="1523" type="global" contextid="1498" durationms="166.909" usertimems="181.576" systemtimems="0.000" stalltimems="103.623" timestamp="2022-02-08T17:30:10.959" activeThreads="4">
  <mem-info id="1524" free="419296632" total="1073741824" percent="39">
    <mem type="nursery" free="100425200" total="268435456" percent="37">
      <mem type="allocate" free="100425200" total="184614912" percent="54" />
      <mem type="survivor" free="0" total="83820544" percent="0" />
    </mem>
    <mem type="tenure" free="318871432" total="805306368" percent="39" micro-fragmented="338736" macro-fragmented="0">
      <mem type="soa" free="310817672" total="797252608" percent="38" />
      <mem type="loa" free="8053760" total="8053760" percent="100" />
    </mem>
    <pending-finalizers system="57" default="0" reference="2" classloader="0" />
    <remembered-set count="110" />
  </mem-info>
</gc-end>
<cycle-end id="1525" type="global" contextid="1498" timestamp="2022-02-08T17:30:10.960" />
<exclusive-end id="1526" timestamp="2022-02-08T17:30:10.960" durationms="167.136" />

<exclusive-start id="1527" timestamp="2022-02-08T17:30:11.644" intervalms="851.979">
  <response-info timems="0.016" idlems="0.016" threads="0" lastid="0000000000016F00" lastname="main" />
</exclusive-start>
<af-start id="1528" threadId="0000000000017908" totalBytesRequested="184" timestamp="2022-02-08T17:30:11.644" intervalms="1058.212" type="nursery" />
<cycle-start id="1529" type="scavenge" contextid="0" timestamp="2022-02-08T17:30:11.644" intervalms="1058.207" />
<gc-start id="1530" type="scavenge" contextid="1529" timestamp="2022-02-08T17:30:11.644">
  <mem-info id="1531" free="318871432" total="1073741824" percent="29">
    <mem type="nursery" free="0" total="268435456" percent="0">
      <mem type="allocate" free="0" total="184614912" percent="0" />
      <mem type="survivor" free="0" total="83820544" percent="0" />
    </mem>
    <mem type="tenure" free="318871432" total="805306368" percent="39">
      <mem type="soa" free="310817672" total="797252608" percent="38" />
      <mem type="loa" free="8053760" total="8053760" percent="100" />
    </mem>
    <remembered-set count="111" />
  </mem-info>
</gc-start>
<allocation-stats totalBytes="100379568" >
  <allocated-bytes non-tlh="0" tlh="100379568" />
  <largest-consumer threadName="main" threadId="0000000000016F00" bytes="100375472" />
</allocation-stats>
<gc-op id="1532" type="scavenge" timems="77.281" contextid="1529" timestamp="2022-02-08T17:30:11.722">
  <scavenger-info tenureage="1" tenuremask="7ffe" tiltratio="68" />
  <memory-copied type="nursery" objects="1407071" bytes="77463112" bytesdiscarded="320752" />
  <memory-copied type="tenure" objects="1416718" bytes="75792864" bytesdiscarded="39304" />
  <finalization candidates="40" enqueued="0" />
  <ownableSynchronizers candidates="2" cleared="2" />
  <object-monitors candidates="2" cleared="0"  />
</gc-op>
<gc-end id="1533" type="scavenge" contextid="1529" durationms="77.698" usertimems="301.941" systemtimems="3.932" stalltimems="2.869" timestamp="2022-02-08T17:30:11.722" activeThreads="4">
  <mem-info id="1534" free="348677704" total="1073741824" percent="32">
    <mem type="nursery" free="105782472" total="268435456" percent="39">
      <mem type="allocate" free="105782472" total="183566336" percent="57" />
      <mem type="survivor" free="0" total="84869120" percent="0" />
    </mem>
    <mem type="tenure" free="242895232" total="805306368" percent="30" macro-fragmented="0">
      <mem type="soa" free="234841472" total="797252608" percent="29" />
      <mem type="loa" free="8053760" total="8053760" percent="100" />
    </mem>
    <remembered-set count="104" />
  </mem-info>
</gc-end>
<cycle-end id="1535" type="scavenge" contextid="1529" timestamp="2022-02-08T17:30:11.722" />
<allocation-satisfied id="1536" threadId="0000000000016F00" bytesRequested="184" />
<af-end id="1537" timestamp="2022-02-08T17:30:11.722" threadId="0000000000017908" success="true" from="nursery"/>
<exclusive-end id="1538" timestamp="2022-02-08T17:30:11.722" durationms="78.036" />

<exclusive-start id="1539" timestamp="2022-02-08T17:30:12.396" intervalms="751.254">
  <response-info timems="0.019" idlems="0.019" threads="0" lastid="0000000000016F00" lastname="main" />
</exclusive-start>
<af-start id="1540" threadId="0000000000017908" totalBytesRequested="32" timestamp="2022-02-08T17:30:12.396" intervalms="751.284" type="nursery" />
<cycle-start id="1541" type="scavenge" contextid="0" timestamp="2022-02-08T17:30:12.396" intervalms="751.288" />
<gc-start id="1542" type="scavenge" contextid="1541" timestamp="2022-02-08T17:30:12.396">
  <mem-info id="1543" free="242895232" total="1073741824" percent="22">
    <mem type="nursery" free="0" total="268435456" percent="0">
      <mem type="allocate" free="0" total="183566336" percent="0" />
      <mem type="survivor" free="0" total="84869120" percent="0" />
    </mem>
    <mem type="tenure" free="242895232" total="805306368" percent="30">
      <mem type="soa" free="234841472" total="797252608" percent="29" />
      <mem type="loa" free="8053760" total="8053760" percent="100" />
    </mem>
    <remembered-set count="104" />
  </mem-info>
</gc-start>
<allocation-stats totalBytes="105735360" >
  <allocated-bytes non-tlh="184" tlh="105735176" />
  <largest-consumer threadName="main" threadId="0000000000016F00" bytes="105735360" />
</allocation-stats>
<gc-op id="1544" type="scavenge" timems="88.184" contextid="1541" timestamp="2022-02-08T17:30:12.484">
  <scavenger-info tenureage="1" tenuremask="7ffe" tiltratio="68" />
  <memory-copied type="nursery" objects="1319801" bytes="75175112" bytesdiscarded="238640" />
  <memory-copied type="tenure" objects="1407070" bytes="77463008" bytesdiscarded="40248" />
  <object-monitors candidates="2" cleared="0"  />
</gc-op>
<gc-end id="1545" type="scavenge" contextid="1541" durationms="88.560" usertimems="317.846" systemtimems="1.684" stalltimems="32.648" timestamp="2022-02-08T17:30:12.484" activeThreads="4">
  <mem-info id="1546" free="273680440" total="1073741824" percent="25">
    <mem type="nursery" free="108349192" total="268435456" percent="40">
      <mem type="allocate" free="108349192" total="183762944" percent="58" />
      <mem type="survivor" free="0" total="84672512" percent="0" />
    </mem>
    <mem type="tenure" free="165331248" total="805306368" percent="20" macro-fragmented="99381968">
      <mem type="soa" free="157277488" total="797252608" percent="19" />
      <mem type="loa" free="8053760" total="8053760" percent="100" />
    </mem>
    <remembered-set count="104" />
  </mem-info>
</gc-end>
<cycle-end id="1547" type="scavenge" contextid="1541" timestamp="2022-02-08T17:30:12.484" />
<allocation-satisfied id="1548" threadId="0000000000016F00" bytesRequested="32" />
<af-end id="1549" timestamp="2022-02-08T17:30:12.484" threadId="0000000000017908" success="true" from="nursery"/>
<exclusive-end id="1550" timestamp="2022-02-08T17:30:12.484" durationms="88.876" />

<exclusive-start id="1551" timestamp="2022-02-08T17:30:13.372" intervalms="976.557">
  <response-info timems="0.019" idlems="0.019" threads="0" lastid="0000000000016F00" lastname="main" />
</exclusive-start>
<af-start id="1552" threadId="0000000000017908" totalBytesRequested="248" timestamp="2022-02-08T17:30:13.372" intervalms="976.558" type="nursery" />
<cycle-start id="1553" type="scavenge" contextid="0" timestamp="2022-02-08T17:30:13.372" intervalms="976.558" />
<gc-start id="1554" type="scavenge" contextid="1553" timestamp="2022-02-08T17:30:13.372">
  <mem-info id="1555" free="165331248" total="1073741824" percent="15">
    <mem type="nursery" free="0" total="268435456" percent="0">
      <mem type="allocate" free="0" total="183762944" percent="0" />
      <mem type="survivor" free="0" total="84672512" percent="0" />
    </mem>
    <mem type="tenure" free="165331248" total="805306368" percent="20">
      <mem type="soa" free="157277488" total="797252608" percent="19" />
      <mem type="loa" free="8053760" total="8053760" percent="100" />
    </mem>
    <remembered-set count="135" />
  </mem-info>
</gc-start>
<allocation-stats totalBytes="108301504" >
  <allocated-bytes non-tlh="2841480" tlh="105460024" />
  <largest-consumer threadName="main" threadId="0000000000016F00" bytes="108301504" />
</allocation-stats>
<gc-op id="1556" type="scavenge" timems="77.181" contextid="1553" timestamp="2022-02-08T17:30:13.450">
  <scavenger-info tenureage="1" tenuremask="7ffe" tiltratio="68" />
  <memory-copied type="nursery" objects="1459473" bytes="76171352" bytesdiscarded="162936" />
  <memory-copied type="tenure" objects="1319800" bytes="75175088" bytesdiscarded="41936" />
  <finalization candidates="110" enqueued="53" />
  <references type="soft" candidates="14" cleared="0" enqueued="0" dynamicThreshold="12" maxThreshold="32" />
  <references type="weak" candidates="1" cleared="0" enqueued="0" />
  <references type="phantom" candidates="95" cleared="7" enqueued="7" />
  <object-monitors candidates="2" cleared="0"  />
</gc-op>
<gc-end id="1557" type="scavenge" contextid="1553" durationms="77.603" usertimems="300.573" systemtimems="0.296" stalltimems="2.940" timestamp="2022-02-08T17:30:13.450" activeThreads="4">
  <mem-info id="1558" free="197840608" total="1073741824" percent="18">
    <mem type="nursery" free="107690672" total="268435456" percent="40">
      <mem type="allocate" free="107690672" total="184025088" percent="58" />
      <mem type="survivor" free="0" total="84410368" percent="0" />
    </mem>
    <mem type="tenure" free="90149936" total="805306368" percent="11" macro-fragmented="0">
      <mem type="soa" free="82096176" total="797252608" percent="10" />
      <mem type="loa" free="8053760" total="8053760" percent="100" />
    </mem>
    <pending-finalizers system="52" default="1" reference="7" classloader="0" />
    <remembered-set count="130" />
  </mem-info>
</gc-end>
<cycle-end id="1559" type="scavenge" contextid="1553" timestamp="2022-02-08T17:30:13.450" />
<allocation-satisfied id="1560" threadId="0000000000016F00" bytesRequested="248" />
<af-end id="1561" timestamp="2022-02-08T17:30:13.450" threadId="0000000000017908" success="true" from="nursery"/>
<exclusive-end id="1562" timestamp="2022-02-08T17:30:13.450" durationms="77.947" />

<concurrent-kickoff id="1563" timestamp="2022-02-08T17:30:14.136">
  <kickoff reason="threshold reached" targetBytes="75128552" thresholdFreeBytes="5858787"  remainingFree="5847728" tenureFreeBytes="90149936" nurseryFreeBytes="5847728" />
</concurrent-kickoff>
<exclusive-start id="1564" timestamp="2022-02-08T17:30:14.141" intervalms="768.549">
  <response-info timems="0.019" idlems="0.019" threads="0" lastid="0000000000016F00" lastname="main" />
</exclusive-start>
<cycle-start id="1565" type="global" contextid="0" timestamp="2022-02-08T17:30:14.141" intervalms="3681.783" />
<concurrent-start id="1566" type="global mark" contextid="1565" timestamp="2022-02-08T17:30:14.141">
</concurrent-start>
<exclusive-end id="1567" timestamp="2022-02-08T17:30:14.141" durationms="0.027" />

<exclusive-start id="1568" timestamp="2022-02-08T17:30:14.268" intervalms="127.616">
  <response-info timems="0.035" idlems="0.035" threads="0" lastid="0000000000016F00" lastname="main" />
</exclusive-start>
<af-start id="1569" threadId="0000000000017908" totalBytesRequested="208" timestamp="2022-02-08T17:30:14.268" intervalms="896.146" type="nursery" />
<cycle-start id="1570" type="scavenge" contextid="0" timestamp="2022-02-08T17:30:14.268" intervalms="896.133" />
<gc-start id="1571" type="scavenge" contextid="1570" timestamp="2022-02-08T17:30:14.268">
  <mem-info id="1572" free="90149936" total="1073741824" percent="8">
    <mem type="nursery" free="0" total="268435456" percent="0">
      <mem type="allocate" free="0" total="184025088" percent="0" />
      <mem type="survivor" free="0" total="84410368" percent="0" />
    </mem>
    <mem type="tenure" free="90149936" total="805306368" percent="11">
      <mem type="soa" free="82096176" total="797252608" percent="10" />
      <mem type="loa" free="8053760" total="8053760" percent="100" />
    </mem>
    <remembered-set count="131" />
  </mem-info>
</gc-start>
<allocation-stats totalBytes="107637616" >
  <allocated-bytes non-tlh="248" tlh="107637368" />
  <largest-consumer threadName="main" threadId="0000000000016F00" bytes="107629424" />
</allocation-stats>
<gc-op id="1573" type="scavenge" timems="80.589" contextid="1570" timestamp="2022-02-08T17:30:14.349">
  <scavenger-info tenureage="1" tenuremask="7ffe" tiltratio="68" />
  <memory-copied type="nursery" objects="1382589" bytes="76654968" bytesdiscarded="250248" />
  <memory-copied type="tenure" objects="1458761" bytes="75703360" bytesdiscarded="38160" />
  <finalization candidates="57" enqueued="0" />
  <object-monitors candidates="2" cleared="0"  />
</gc-op>
<gc-end id="1574" type="scavenge" contextid="1570" durationms="80.979" usertimems="318.664" systemtimems="0.000" stalltimems="3.007" timestamp="2022-02-08T17:30:14.349" activeThreads="4">
  <mem-info id="1575" free="121798368" total="1073741824" percent="11">
    <mem type="nursery" free="107316480" total="268435456" percent="39">
      <mem type="allocate" free="107316480" total="184221696" percent="58" />
      <mem type="survivor" free="0" total="84213760" percent="0" />
    </mem>
    <mem type="tenure" free="14481888" total="805306368" percent="1" macro-fragmented="9540712">
      <mem type="soa" free="6428128" total="797252608" percent="0" />
      <mem type="loa" free="8053760" total="8053760" percent="100" />
    </mem>
    <remembered-set count="103" />
  </mem-info>
</gc-end>
<cycle-end id="1576" type="scavenge" contextid="1570" timestamp="2022-02-08T17:30:14.350" />
<allocation-satisfied id="1577" threadId="0000000000016F00" bytesRequested="208" />
<af-end id="1578" timestamp="2022-02-08T17:30:14.350" threadId="0000000000017908" success="true" from="nursery"/>
<exclusive-end id="1579" timestamp="2022-02-08T17:30:14.350" durationms="81.350" />

<concurrent-end id="1580" type="global mark" contextid="1565" timestamp="2022-02-08T17:30:14.465">
<gc-op id="1581" type="trace" timems="324.133" contextid="1565" timestamp="2022-02-08T17:30:14.465">
  <trace bytesTraced="74429672" workStackOverflowCount="0" />
  <card-cleaning reason="card cleaning threshold reached" bytesTraced="480" cardsCleaned="2" />
</gc-op>
</concurrent-end>

<exclusive-start id="1582" timestamp="2022-02-08T17:30:14.465" intervalms="196.586">
  <response-info timems="0.018" idlems="0.018" threads="0" lastid="0000000000016F00" lastname="main" />
</exclusive-start>
<concurrent-global-final id="1583" timestamp="2022-02-08T17:30:14.465" contextid="1565" intervalms="3672.541" >
  <concurrent-trace-info reason="card cleaning threshold reached" tracedByMutators="57915384" tracedByHelpers="16514768" cardsCleaned="2" workStackOverflowCount="0" />
</concurrent-global-final>
<gc-start id="1584" type="global" contextid="1565" timestamp="2022-02-08T17:30:14.465">
  <mem-info id="1585" free="114621968" total="1073741824" percent="10">
    <mem type="nursery" free="100140080" total="268435456" percent="37">
      <mem type="allocate" free="100140080" total="184221696" percent="54" />
      <mem type="survivor" free="0" total="84213760" percent="0" />
    </mem>
    <mem type="tenure" free="14481888" total="805306368" percent="1">
      <mem type="soa" free="6428128" total="797252608" percent="0" />
      <mem type="loa" free="8053760" total="8053760" percent="100" />
    </mem>
    <remembered-set count="103" />
  </mem-info>
</gc-start>
<allocation-stats totalBytes="7173200" >
  <allocated-bytes non-tlh="208" tlh="7172992" />
  <largest-consumer threadName="main" threadId="0000000000016F00" bytes="7173200" />
</allocation-stats>
<gc-op id="1586" type="rs-scan" timems="1.006" contextid="1565" timestamp="2022-02-08T17:30:14.466">
  <scan objectsFound="0" bytesTraced="3988" workStackOverflowCount="0" />
</gc-op>
<gc-op id="1587" type="card-cleaning" timems="145.762" contextid="1565" timestamp="2022-02-08T17:30:14.612">
  <card-cleaning cardsCleaned="11" bytesTraced="71012220" workStackOverflowCount="0" />
</gc-op>
<gc-op id="1588" type="mark" timems="71.737" contextid="1565" timestamp="2022-02-08T17:30:14.684">
  <trace-info objectcount="2501367" scancount="1877553" scanbytes="40122152" />
  <finalization candidates="428" enqueued="57" />
  <ownableSynchronizers candidates="1" cleared="0" />
  <references type="soft" candidates="894" cleared="0" enqueued="0" dynamicThreshold="12" maxThreshold="32" />
  <references type="weak" candidates="1701" cleared="0" enqueued="0" />
  <references type="phantom" candidates="52" cleared="2" enqueued="2" />
  <stringconstants candidates="6470" cleared="0"  />
  <object-monitors candidates="2" cleared="0"  />
</gc-op>
<gc-op id="1589" type="sweep" timems="5.044" contextid="1565" timestamp="2022-02-08T17:30:14.689" />
<gc-end id="1590" type="global" contextid="1565" durationms="223.966" usertimems="239.296" systemtimems="0.794" stalltimems="214.278" timestamp="2022-02-08T17:30:14.689" activeThreads="4">
  <mem-info id="1591" free="357784256" total="1073741824" percent="33">
    <mem type="nursery" free="100482056" total="268435456" percent="37">
      <mem type="allocate" free="100482056" total="184221696" percent="54" />
      <mem type="survivor" free="0" total="84213760" percent="0" />
    </mem>
    <mem type="tenure" free="257302200" total="805306368" percent="31" micro-fragmented="339530" macro-fragmented="0">
      <mem type="soa" free="249248440" total="797252608" percent="31" />
      <mem type="loa" free="8053760" total="8053760" percent="100" />
    </mem>
    <pending-finalizers system="57" default="0" reference="2" classloader="0" />
    <remembered-set count="103" />
  </mem-info>
</gc-end>
<cycle-end id="1592" type="global" contextid="1565" timestamp="2022-02-08T17:30:14.689" />
<exclusive-end id="1593" timestamp="2022-02-08T17:30:14.689" durationms="224.195" />

<exclusive-start id="1594" timestamp="2022-02-08T17:30:15.299" intervalms="833.732">
  <response-info timems="0.017" idlems="0.017" threads="0" lastid="0000000000016F00" lastname="main" />
</exclusive-start>
<af-start id="1595" threadId="0000000000017908" totalBytesRequested="224" timestamp="2022-02-08T17:30:15.299" intervalms="1030.308" type="nursery" />
<cycle-start id="1596" type="scavenge" contextid="0" timestamp="2022-02-08T17:30:15.299" intervalms="1030.306" />
<gc-start id="1597" type="scavenge" contextid="1596" timestamp="2022-02-08T17:30:15.299">
  <mem-info id="1598" free="257302200" total="1073741824" percent="23">
    <mem type="nursery" free="0" total="268435456" percent="0">
      <mem type="allocate" free="0" total="184221696" percent="0" />
      <mem type="survivor" free="0" total="84213760" percent="0" />
    </mem>
    <mem type="tenure" free="257302200" total="805306368" percent="31">
      <mem type="soa" free="249248440" total="797252608" percent="31" />
      <mem type="loa" free="8053760" total="8053760" percent="100" />
    </mem>
    <remembered-set count="106" />
  </mem-info>
</gc-start>
<allocation-stats totalBytes="100437104" >
  <allocated-bytes non-tlh="0" tlh="100437104" />
  <largest-consumer threadName="main" threadId="0000000000016F00" bytes="100433008" />
</allocation-stats>
<gc-op id="1599" type="scavenge" timems="75.726" contextid="1596" timestamp="2022-02-08T17:30:15.375">
  <scavenger-info tenureage="1" tenuremask="7ffe" tiltratio="68" />
  <memory-copied type="nursery" objects="1355699" bytes="76444008" bytesdiscarded="147200" />
  <memory-copied type="tenure" objects="1382588" bytes="76654856" bytesdiscarded="43768" />
  <ownableSynchronizers candidates="2" cleared="2" />
  <object-monitors candidates="2" cleared="0"  />
</gc-op>
<gc-end id="1600" type="scavenge" contextid="1596" durationms="76.116" usertimems="296.231" systemtimems="0.000" stalltimems="3.570" timestamp="2022-02-08T17:30:15.375" activeThreads="4">
  <mem-info id="1601" free="288375864" total="1073741824" percent="26">
    <mem type="nursery" free="107958168" total="268435456" percent="40">
      <mem type="allocate" free="107958168" total="184549376" percent="58" />
      <mem type="survivor" free="0" total="83886080" percent="0" />
    </mem>
    <mem type="tenure" free="180417696" total="805306368" percent="22" macro-fragmented="0">
      <mem type="soa" free="172363936" total="797252608" percent="21" />
      <mem type="loa" free="8053760" total="8053760" percent="100" />
    </mem>
    <remembered-set count="105" />
  </mem-info>
</gc-end>
<cycle-end id="1602" type="scavenge" contextid="1596" timestamp="2022-02-08T17:30:15.375" />
<allocation-satisfied id="1603" threadId="0000000000016F00" bytesRequested="224" />
<af-end id="1604" timestamp="2022-02-08T17:30:15.375" threadId="0000000000017908" success="true" from="nursery"/>
<exclusive-end id="1605" timestamp="2022-02-08T17:30:15.375" durationms="76.421" />

<exclusive-start id="1606" timestamp="2022-02-08T17:30:16.240" intervalms="941.115">
  <response-info timems="0.021" idlems="0.021" threads="0" lastid="0000000000016F00" lastname="main" />
</exclusive-start>
<af-start id="1607" threadId="0000000000017908" totalBytesRequested="184" timestamp="2022-02-08T17:30:16.240" intervalms="941.117" type="nursery" />
<cycle-start id="1608" type="scavenge" contextid="0" timestamp="2022-02-08T17:30:16.240" intervalms="941.119" />
<gc-start id="1609" type="scavenge" contextid="1608" timestamp="2022-02-08T17:30:16.240">
  <mem-info id="1610" free="180417696" total="1073741824" percent="16">
    <mem type="nursery" free="0" total="268435456" percent="0">
      <mem type="allocate" free="0" total="184549376" percent="0" />
      <mem type="survivor" free="0" total="83886080" percent="0" />
    </mem>
    <mem type="tenure" free="180417696" total="805306368" percent="22">
      <mem type="soa" free="172363936" total="797252608" percent="21" />
      <mem type="loa" free="8053760" total="8053760" percent="100" />
    </mem>
    <remembered-set count="136" />
  </mem-info>
</gc-start>
<allocation-stats totalBytes="107910496" >
  <allocated-bytes non-tlh="2938472" tlh="104972024" />
  <largest-consumer threadName="main" threadId="0000000000016F00" bytes="107910496" />
</allocation-stats>
<gc-op id="1611" type="scavenge" timems="85.118" contextid="1608" timestamp="2022-02-08T17:30:16.325">
  <scavenger-info tenureage="1" tenuremask="7ffe" tiltratio="68" />
  <memory-copied type="nursery" objects="1429981" bytes="75804616" bytesdiscarded="191480" />
  <memory-copied type="tenure" objects="1355698" bytes="76443888" bytesdiscarded="38168" />
  <finalization candidates="110" enqueued="53" />
  <references type="soft" candidates="14" cleared="0" enqueued="0" dynamicThreshold="10" maxThreshold="32" />
  <references type="weak" candidates="1" cleared="0" enqueued="0" />
  <references type="phantom" candidates="95" cleared="7" enqueued="7" />
  <object-monitors candidates="2" cleared="0"  />
</gc-op>
<gc-end id="1612" type="scavenge" contextid="1608" durationms="85.586" usertimems="335.513" systemtimems="0.100" stalltimems="3.166" timestamp="2022-02-08T17:30:16.325" activeThreads="4">
  <mem-info id="1613" free="212643048" total="1073741824" percent="19">
    <mem type="nursery" free="108815296" total="268435456" percent="40">
      <mem type="allocate" free="108815296" total="184811520" percent="58" />
      <mem type="survivor" free="0" total="83623936" percent="0" />
    </mem>
    <mem type="tenure" free="103827752" total="805306368" percent="12" macro-fragmented="46996560">
      <mem type="soa" free="95773992" total="797252608" percent="12" />
      <mem type="loa" free="8053760" total="8053760" percent="100" />
    </mem>
    <pending-finalizers system="52" default="1" reference="7" classloader="0" />
    <remembered-set count="132" />
  </mem-info>
</gc-end>
<cycle-end id="1614" type="scavenge" contextid="1608" timestamp="2022-02-08T17:30:16.326" />
<allocation-satisfied id="1615" threadId="0000000000016F00" bytesRequested="184" />
<af-end id="1616" timestamp="2022-02-08T17:30:16.326" threadId="0000000000017908" success="true" from="nursery"/>
<exclusive-end id="1617" timestamp="2022-02-08T17:30:16.326" durationms="85.951" />

<concurrent-kickoff id="1618" timestamp="2022-02-08T17:30:17.021">
  <kickoff reason="threshold reached" targetBytes="74988688" thresholdFreeBytes="5833570"  remainingFree="5817096" tenureFreeBytes="103827752" nurseryFreeBytes="5817096" />
</concurrent-kickoff>
<exclusive-start id="1619" timestamp="2022-02-08T17:30:17.024" intervalms="784.180">
  <response-info timems="0.021" idlems="0.021" threads="0" lastid="0000000000016F00" lastname="main" />
</exclusive-start>
<cycle-start id="1620" type="global" contextid="0" timestamp="2022-02-08T17:30:17.024" intervalms="2883.231" />
<concurrent-start id="1621" type="global mark" contextid="1620" timestamp="2022-02-08T17:30:17.024">
</concurrent-start>
<exclusive-end id="1622" timestamp="2022-02-08T17:30:17.024" durationms="0.029" />

<exclusive-start id="1623" timestamp="2022-02-08T17:30:17.175" intervalms="150.742">
  <response-info timems="0.017" idlems="0.017" threads="0" lastid="0000000000016F00" lastname="main" />
</exclusive-start>
<af-start id="1624" threadId="0000000000017908" totalBytesRequested="144" timestamp="2022-02-08T17:30:17.175" intervalms="934.928" type="nursery" />
<cycle-start id="1625" type="scavenge" contextid="0" timestamp="2022-02-08T17:30:17.175" intervalms="934.932" />
<gc-start id="1626" type="scavenge" contextid="1625" timestamp="2022-02-08T17:30:17.175">
  <mem-info id="1627" free="103827752" total="1073741824" percent="9">
    <mem type="nursery" free="0" total="268435456" percent="0">
      <mem type="allocate" free="0" total="184811520" percent="0" />
      <mem type="survivor" free="0" total="83623936" percent="0" />
    </mem>
    <mem type="tenure" free="103827752" total="805306368" percent="12">
      <mem type="soa" free="95773992" total="797252608" percent="12" />
      <mem type="loa" free="8053760" total="8053760" percent="100" />
    </mem>
    <remembered-set count="133" />
  </mem-info>
</gc-start>
<allocation-stats totalBytes="108764160" >
  <allocated-bytes non-tlh="184" tlh="108763976" />
  <largest-consumer threadName="main" threadId="0000000000016F00" bytes="108755968" />
</allocation-stats>
<gc-op id="1628" type="scavenge" timems="76.985" contextid="1625" timestamp="2022-02-08T17:30:17.252">
  <scavenger-info tenureage="1" tenuremask="7ffe" tiltratio="68" />
  <memory-copied type="nursery" objects="1404449" bytes="77497152" bytesdiscarded="206272" />
  <memory-copied type="tenure" objects="1429269" bytes="75336656" bytesdiscarded="38144" />
  <finalization candidates="57" enqueued="0" />
  <object-monitors candidates="2" cleared="0"  />
</gc-op>
<gc-end id="1629" type="scavenge" contextid="1625" durationms="77.350" usertimems="305.715" systemtimems="0.000" stalltimems="1.310" timestamp="2022-02-08T17:30:17.252" activeThreads="4">
  <mem-info id="1630" free="133998656" total="1073741824" percent="12">
    <mem type="nursery" free="105535232" total="268435456" percent="39">
      <mem type="allocate" free="105535232" total="183238656" percent="57" />
      <mem type="survivor" free="0" total="85196800" percent="0" />
    </mem>
    <mem type="tenure" free="28463424" total="805306368" percent="3" macro-fragmented="0">
      <mem type="soa" free="20409664" total="797252608" percent="2" />
      <mem type="loa" free="8053760" total="8053760" percent="100" />
    </mem>
    <remembered-set count="103" />
  </mem-info>
</gc-end>
<cycle-end id="1631" type="scavenge" contextid="1625" timestamp="2022-02-08T17:30:17.252" />
<allocation-satisfied id="1632" threadId="0000000000016F00" bytesRequested="144" />
<af-end id="1633" timestamp="2022-02-08T17:30:17.252" threadId="0000000000017908" success="true" from="nursery"/>
<exclusive-end id="1634" timestamp="2022-02-08T17:30:17.252" durationms="77.632" />

<concurrent-end id="1635" type="global mark" contextid="1620" timestamp="2022-02-08T17:30:17.376">
<gc-op id="1636" type="trace" timems="352.370" contextid="1620" timestamp="2022-02-08T17:30:17.376">
  <trace bytesTraced="74429816" workStackOverflowCount="0" />
  <card-cleaning reason="card cleaning threshold reached" bytesTraced="480" cardsCleaned="2" />
</gc-op>
</concurrent-end>

<exclusive-start id="1637" timestamp="2022-02-08T17:30:17.376" intervalms="201.697">
  <response-info timems="0.017" idlems="0.017" threads="0" lastid="0000000000016F00" lastname="main" />
</exclusive-start>
<concurrent-global-final id="1638" timestamp="2022-02-08T17:30:17.376" contextid="1620" intervalms="2911.465" >
  <concurrent-trace-info reason="card cleaning threshold reached" tracedByMutators="53606532" tracedByHelpers="20823764" cardsCleaned="2" workStackOverflowCount="0" />
</concurrent-global-final>
<gc-start id="1639" type="global" contextid="1620" timestamp="2022-02-08T17:30:17.376">
  <mem-info id="1640" free="125904816" total="1073741824" percent="11">
    <mem type="nursery" free="97441392" total="268435456" percent="36">
      <mem type="allocate" free="97441392" total="183238656" percent="53" />
      <mem type="survivor" free="0" total="85196800" percent="0" />
    </mem>
    <mem type="tenure" free="28463424" total="805306368" percent="3">
      <mem type="soa" free="20409664" total="797252608" percent="2" />
      <mem type="loa" free="8053760" total="8053760" percent="100" />
    </mem>
    <remembered-set count="103" />
  </mem-info>
</gc-start>
<allocation-stats totalBytes="8089752" >
  <allocated-bytes non-tlh="144" tlh="8089608" />
  <largest-consumer threadName="main" threadId="0000000000016F00" bytes="8089752" />
</allocation-stats>
<gc-op id="1641" type="rs-scan" timems="0.575" contextid="1620" timestamp="2022-02-08T17:30:17.377">
  <scan objectsFound="0" bytesTraced="3988" workStackOverflowCount="0" />
</gc-op>
<gc-op id="1642" type="card-cleaning" timems="145.496" contextid="1620" timestamp="2022-02-08T17:30:17.523">
  <card-cleaning cardsCleaned="11" bytesTraced="71012284" workStackOverflowCount="0" />
</gc-op>
<gc-op id="1643" type="mark" timems="69.163" contextid="1620" timestamp="2022-02-08T17:30:17.592">
  <trace-info objectcount="2276995" scancount="1709274" scanbytes="36532200" />
  <finalization candidates="428" enqueued="57" />
  <ownableSynchronizers candidates="1" cleared="0" />
  <references type="soft" candidates="894" cleared="0" enqueued="0" dynamicThreshold="10" maxThreshold="32" />
  <references type="weak" candidates="1701" cleared="0" enqueued="0" />
  <references type="phantom" candidates="52" cleared="2" enqueued="2" />
  <stringconstants candidates="6470" cleared="0"  />
  <object-monitors candidates="2" cleared="0"  />
</gc-op>
<gc-op id="1644" type="sweep" timems="5.304" contextid="1620" timestamp="2022-02-08T17:30:17.597" />
<gc-end id="1645" type="global" contextid="1620" durationms="221.058" usertimems="273.302" systemtimems="0.000" stalltimems="170.393" timestamp="2022-02-08T17:30:17.598" activeThreads="4">
  <mem-info id="1646" free="369229264" total="1073741824" percent="34">
    <mem type="nursery" free="97741096" total="268435456" percent="36">
      <mem type="allocate" free="97741096" total="183238656" percent="53" />
      <mem type="survivor" free="0" total="85196800" percent="0" />
    </mem>
    <mem type="tenure" free="271488168" total="805306368" percent="33" micro-fragmented="348224" macro-fragmented="0">
      <mem type="soa" free="263434408" total="797252608" percent="33" />
      <mem type="loa" free="8053760" total="8053760" percent="100" />
    </mem>
    <pending-finalizers system="57" default="0" reference="2" classloader="0" />
    <remembered-set count="103" />
  </mem-info>
</gc-end>
<cycle-end id="1647" type="global" contextid="1620" timestamp="2022-02-08T17:30:17.598" />
<exclusive-end id="1648" timestamp="2022-02-08T17:30:17.598" durationms="221.328" />

<exclusive-start id="1649" timestamp="2022-02-08T17:30:18.196" intervalms="819.618">
  <response-info timems="0.030" idlems="0.030" threads="0" lastid="0000000000016F00" lastname="main" />
</exclusive-start>
<af-start id="1650" threadId="0000000000017908" totalBytesRequested="200" timestamp="2022-02-08T17:30:18.196" intervalms="1021.372" type="nursery" />
<cycle-start id="1651" type="scavenge" contextid="0" timestamp="2022-02-08T17:30:18.196" intervalms="1021.369" />
<gc-start id="1652" type="scavenge" contextid="1651" timestamp="2022-02-08T17:30:18.196">
  <mem-info id="1653" free="271488168" total="1073741824" percent="25">
    <mem type="nursery" free="0" total="268435456" percent="0">
      <mem type="allocate" free="0" total="183238656" percent="0" />
      <mem type="survivor" free="0" total="85196800" percent="0" />
    </mem>
    <mem type="tenure" free="271488168" total="805306368" percent="33">
      <mem type="soa" free="263434408" total="797252608" percent="33" />
      <mem type="loa" free="8053760" total="8053760" percent="100" />
    </mem>
    <remembered-set count="106" />
  </mem-info>
</gc-start>
<allocation-stats totalBytes="97697280" >
  <allocated-bytes non-tlh="0" tlh="97697280" />
  <largest-consumer threadName="main" threadId="0000000000016F00" bytes="97693184" />
</allocation-stats>
<gc-op id="1654" type="scavenge" timems="73.685" contextid="1651" timestamp="2022-02-08T17:30:18.270">
  <scavenger-info tenureage="1" tenuremask="7ffe" tiltratio="68" />
  <memory-copied type="nursery" objects="1318551" bytes="75083064" bytesdiscarded="177144" />
  <memory-copied type="tenure" objects="1404448" bytes="77497072" bytesdiscarded="40536" />
  <ownableSynchronizers candidates="2" cleared="2" />
  <object-monitors candidates="2" cleared="0"  />
</gc-op>
<gc-end id="1655" type="scavenge" contextid="1651" durationms="74.092" usertimems="291.410" systemtimems="0.000" stalltimems="2.754" timestamp="2022-02-08T17:30:18.270" activeThreads="4">
  <mem-info id="1656" free="302080592" total="1073741824" percent="28">
    <mem type="nursery" free="108306128" total="268435456" percent="40">
      <mem type="allocate" free="108306128" total="183566336" percent="59" />
      <mem type="survivor" free="0" total="84869120" percent="0" />
    </mem>
    <mem type="tenure" free="193774464" total="805306368" percent="24" macro-fragmented="1500163">
      <mem type="soa" free="185720704" total="797252608" percent="23" />
      <mem type="loa" free="8053760" total="8053760" percent="100" />
    </mem>
    <remembered-set count="105" />
  </mem-info>
</gc-end>
<cycle-end id="1657" type="scavenge" contextid="1651" timestamp="2022-02-08T17:30:18.270" />
<allocation-satisfied id="1658" threadId="0000000000016F00" bytesRequested="200" />
<af-end id="1659" timestamp="2022-02-08T17:30:18.270" threadId="0000000000017908" success="true" from="nursery"/>
<exclusive-end id="1660" timestamp="2022-02-08T17:30:18.270" durationms="74.474" />

<exclusive-start id="1661" timestamp="2022-02-08T17:30:19.205" intervalms="1008.938">
  <response-info timems="0.020" idlems="0.020" threads="0" lastid="0000000000016F00" lastname="main" />
</exclusive-start>
<af-start id="1662" threadId="0000000000017908" totalBytesRequested="112" timestamp="2022-02-08T17:30:19.205" intervalms="1008.875" type="nursery" />
<cycle-start id="1663" type="scavenge" contextid="0" timestamp="2022-02-08T17:30:19.205" intervalms="1008.873" />
<gc-start id="1664" type="scavenge" contextid="1663" timestamp="2022-02-08T17:30:19.205">
  <mem-info id="1665" free="193774464" total="1073741824" percent="18">
    <mem type="nursery" free="0" total="268435456" percent="0">
      <mem type="allocate" free="0" total="183566336" percent="0" />
      <mem type="survivor" free="0" total="84869120" percent="0" />
    </mem>
    <mem type="tenure" free="193774464" total="805306368" percent="24">
      <mem type="soa" free="185720704" total="797252608" percent="23" />
      <mem type="loa" free="8053760" total="8053760" percent="100" />
    </mem>
    <remembered-set count="135" />
  </mem-info>
</gc-start>
<allocation-stats totalBytes="108260720" >
  <allocated-bytes non-tlh="1661344" tlh="106599376" />
  <largest-consumer threadName="main" threadId="0000000000016F00" bytes="108260720" />
</allocation-stats>
<gc-op id="1666" type="scavenge" timems="86.679" contextid="1663" timestamp="2022-02-08T17:30:19.292">
  <scavenger-info tenureage="1" tenuremask="7ffe" tiltratio="68" />
  <memory-copied type="nursery" objects="1484366" bytes="76250232" bytesdiscarded="154992" />
  <memory-copied type="tenure" objects="1318550" bytes="75082952" bytesdiscarded="36960" />
  <finalization candidates="109" enqueued="53" />
  <references type="soft" candidates="14" cleared="0" enqueued="0" dynamicThreshold="10" maxThreshold="32" />
  <references type="weak" candidates="1" cleared="0" enqueued="0" />
  <references type="phantom" candidates="94" cleared="7" enqueued="7" />
  <object-monitors candidates="2" cleared="0"  />
</gc-op>
<gc-end id="1667" type="scavenge" contextid="1663" durationms="86.843" usertimems="343.129" systemtimems="0.000" stalltimems="2.871" timestamp="2022-02-08T17:30:19.292" activeThreads="4">
  <mem-info id="1668" free="225910664" total="1073741824" percent="21">
    <mem type="nursery" free="107423128" total="268435456" percent="40">
      <mem type="allocate" free="107423128" total="183828480" percent="58" />
      <mem type="survivor" free="0" total="84606976" percent="0" />
    </mem>
    <mem type="tenure" free="118487536" total="805306368" percent="14" macro-fragmented="0">
      <mem type="soa" free="110433776" total="797252608" percent="13" />
      <mem type="loa" free="8053760" total="8053760" percent="100" />
    </mem>
    <pending-finalizers system="52" default="1" reference="7" classloader="0" />
    <remembered-set count="131" />
  </mem-info>
</gc-end>
<cycle-end id="1669" type="scavenge" contextid="1663" timestamp="2022-02-08T17:30:19.292" />
<allocation-satisfied id="1670" threadId="0000000000016F00" bytesRequested="112" />
<af-end id="1671" timestamp="2022-02-08T17:30:19.292" threadId="0000000000017908" success="true" from="nursery"/>
<exclusive-end id="1672" timestamp="2022-02-08T17:30:19.292" durationms="87.109" />

<concurrent-kickoff id="1673" timestamp="2022-02-08T17:30:19.966">
  <kickoff reason="threshold reached" targetBytes="74876884" thresholdFreeBytes="5823753"  remainingFree="5711256" tenureFreeBytes="118487536" nurseryFreeBytes="5711256" />
</concurrent-kickoff>
<exclusive-start id="1674" timestamp="2022-02-08T17:30:19.969" intervalms="764.354">
  <response-info timems="0.018" idlems="0.018" threads="0" lastid="0000000000016F00" lastname="main" />
</exclusive-start>
<cycle-start id="1675" type="global" contextid="0" timestamp="2022-02-08T17:30:19.969" intervalms="2945.349" />
<concurrent-start id="1676" type="global mark" contextid="1675" timestamp="2022-02-08T17:30:19.969">
</concurrent-start>
<exclusive-end id="1677" timestamp="2022-02-08T17:30:19.969" durationms="0.029" />

<exclusive-start id="1678" timestamp="2022-02-08T17:30:20.092" intervalms="123.071">
  <response-info timems="0.043" idlems="0.043" threads="0" lastid="0000000000016F00" lastname="main" />
</exclusive-start>
<af-start id="1679" threadId="0000000000017908" totalBytesRequested="112" timestamp="2022-02-08T17:30:20.092" intervalms="887.424" type="nursery" />
<cycle-start id="1680" type="scavenge" contextid="0" timestamp="2022-02-08T17:30:20.092" intervalms="887.464" />
<gc-start id="1681" type="scavenge" contextid="1680" timestamp="2022-02-08T17:30:20.093">
  <mem-info id="1682" free="118487536" total="1073741824" percent="11">
    <mem type="nursery" free="0" total="268435456" percent="0">
      <mem type="allocate" free="0" total="183828480" percent="0" />
      <mem type="survivor" free="0" total="84606976" percent="0" />
    </mem>
    <mem type="tenure" free="118487536" total="805306368" percent="14">
      <mem type="soa" free="110433776" total="797252608" percent="13" />
      <mem type="loa" free="8053760" total="8053760" percent="100" />
    </mem>
    <remembered-set count="132" />
  </mem-info>
</gc-start>
<allocation-stats totalBytes="107372960" >
  <allocated-bytes non-tlh="1347792" tlh="106025168" />
  <largest-consumer threadName="main" threadId="0000000000016F00" bytes="107364768" />
</allocation-stats>
<gc-op id="1683" type="scavenge" timems="77.574" contextid="1680" timestamp="2022-02-08T17:30:20.170">
  <scavenger-info tenureage="1" tenuremask="7ffe" tiltratio="68" />
  <memory-copied type="nursery" objects="1352293" bytes="76849520" bytesdiscarded="140784" />
  <memory-copied type="tenure" objects="1483647" bytes="75307064" bytesdiscarded="39240" />
  <finalization candidates="57" enqueued="0" />
  <references type="phantom" candidates="1" cleared="0" enqueued="0" />
  <object-monitors candidates="2" cleared="0"  />
</gc-op>
<gc-end id="1684" type="scavenge" contextid="1680" durationms="77.809" usertimems="307.029" systemtimems="0.000" stalltimems="2.392" timestamp="2022-02-08T17:30:20.170" activeThreads="4">
  <mem-info id="1685" free="150829800" total="1073741824" percent="14">
    <mem type="nursery" free="107559072" total="268435456" percent="40">
      <mem type="allocate" free="107559072" total="184549376" percent="58" />
      <mem type="survivor" free="0" total="83886080" percent="0" />
    </mem>
    <mem type="tenure" free="43270728" total="805306368" percent="5" macro-fragmented="0">
      <mem type="soa" free="35216968" total="797252608" percent="4" />
      <mem type="loa" free="8053760" total="8053760" percent="100" />
    </mem>
    <remembered-set count="102" />
  </mem-info>
</gc-end>
<cycle-end id="1686" type="scavenge" contextid="1680" timestamp="2022-02-08T17:30:20.170" />
<allocation-satisfied id="1687" threadId="0000000000016F00" bytesRequested="112" />
<af-end id="1688" timestamp="2022-02-08T17:30:20.171" threadId="0000000000017908" success="true" from="nursery"/>
<exclusive-end id="1689" timestamp="2022-02-08T17:30:20.171" durationms="78.135" />

<concurrent-end id="1690" type="global mark" contextid="1675" timestamp="2022-02-08T17:30:20.300">
<gc-op id="1691" type="trace" timems="330.634" contextid="1675" timestamp="2022-02-08T17:30:20.300">
  <trace bytesTraced="74430088" workStackOverflowCount="0" />
  <card-cleaning reason="card cleaning threshold reached" bytesTraced="480" cardsCleaned="2" />
</gc-op>
</concurrent-end>

<exclusive-start id="1692" timestamp="2022-02-08T17:30:20.300" intervalms="207.668">
  <response-info timems="0.017" idlems="0.017" threads="0" lastid="0000000000016F00" lastname="main" />
</exclusive-start>
<concurrent-global-final id="1693" timestamp="2022-02-08T17:30:20.300" contextid="1675" intervalms="2923.652" >
  <concurrent-trace-info reason="card cleaning threshold reached" tracedByMutators="56981660" tracedByHelpers="17448908" cardsCleaned="2" workStackOverflowCount="0" />
</concurrent-global-final>
<gc-start id="1694" type="global" contextid="1675" timestamp="2022-02-08T17:30:20.300">
  <mem-info id="1695" free="142867064" total="1073741824" percent="13">
    <mem type="nursery" free="99596336" total="268435456" percent="37">
      <mem type="allocate" free="99596336" total="184549376" percent="53" />
      <mem type="survivor" free="0" total="83886080" percent="0" />
    </mem>
    <mem type="tenure" free="43270728" total="805306368" percent="5">
      <mem type="soa" free="35216968" total="797252608" percent="4" />
      <mem type="loa" free="8053760" total="8053760" percent="100" />
    </mem>
    <remembered-set count="102" />
  </mem-info>
</gc-start>
<allocation-stats totalBytes="7959528" >
  <allocated-bytes non-tlh="112" tlh="7959416" />
  <largest-consumer threadName="main" threadId="0000000000016F00" bytes="7959528" />
</allocation-stats>
<gc-op id="1696" type="rs-scan" timems="0.535" contextid="1675" timestamp="2022-02-08T17:30:20.301">
  <scan objectsFound="29" bytesTraced="5420" workStackOverflowCount="0" />
</gc-op>
<gc-op id="1697" type="card-cleaning" timems="156.240" contextid="1675" timestamp="2022-02-08T17:30:20.457">
  <card-cleaning cardsCleaned="8" bytesTraced="71010228" workStackOverflowCount="0" />
</gc-op>
<gc-op id="1698" type="mark" timems="61.525" contextid="1675" timestamp="2022-02-08T17:30:20.519">
  <trace-info objectcount="1998163" scancount="1500150" scanbytes="32070888" />
  <finalization candidates="428" enqueued="57" />
  <ownableSynchronizers candidates="1" cleared="0" />
  <references type="soft" candidates="894" cleared="0" enqueued="0" dynamicThreshold="10" maxThreshold="32" />
  <references type="weak" candidates="1701" cleared="0" enqueued="0" />
  <references type="phantom" candidates="52" cleared="2" enqueued="2" />
  <stringconstants candidates="6470" cleared="0"  />
  <object-monitors candidates="2" cleared="0"  />
</gc-op>
<gc-op id="1699" type="sweep" timems="5.030" contextid="1675" timestamp="2022-02-08T17:30:20.524" />
<gc-end id="1700" type="global" contextid="1675" durationms="223.546" usertimems="239.377" systemtimems="0.202" stalltimems="184.500" timestamp="2022-02-08T17:30:20.524" activeThreads="4">
  <mem-info id="1701" free="386041952" total="1073741824" percent="35">
    <mem type="nursery" free="99829288" total="268435456" percent="37">
      <mem type="allocate" free="99829288" total="184549376" percent="54" />
      <mem type="survivor" free="0" total="83886080" percent="0" />
    </mem>
    <mem type="tenure" free="286212664" total="805306368" percent="35" micro-fragmented="405577" macro-fragmented="0">
      <mem type="soa" free="278158904" total="797252608" percent="34" />
      <mem type="loa" free="8053760" total="8053760" percent="100" />
    </mem>
    <pending-finalizers system="57" default="0" reference="2" classloader="0" />
    <remembered-set count="102" />
  </mem-info>
</gc-end>
<cycle-end id="1702" type="global" contextid="1675" timestamp="2022-02-08T17:30:20.524" />
<exclusive-end id="1703" timestamp="2022-02-08T17:30:20.524" durationms="223.748" />

<exclusive-start id="1704" timestamp="2022-02-08T17:30:21.156" intervalms="856.297">
  <response-info timems="0.030" idlems="0.030" threads="0" lastid="0000000000016F00" lastname="main" />
</exclusive-start>
<af-start id="1705" threadId="0000000000017908" totalBytesRequested="184" timestamp="2022-02-08T17:30:21.156" intervalms="1063.972" type="nursery" />
<cycle-start id="1706" type="scavenge" contextid="0" timestamp="2022-02-08T17:30:21.156" intervalms="1063.931" />
<gc-start id="1707" type="scavenge" contextid="1706" timestamp="2022-02-08T17:30:21.156">
  <mem-info id="1708" free="286212664" total="1073741824" percent="26">
    <mem type="nursery" free="0" total="268435456" percent="0">
      <mem type="allocate" free="0" total="184549376" percent="0" />
      <mem type="survivor" free="0" total="83886080" percent="0" />
    </mem>
    <mem type="tenure" free="286212664" total="805306368" percent="35">
      <mem type="soa" free="278158904" total="797252608" percent="34" />
      <mem type="loa" free="8053760" total="8053760" percent="100" />
    </mem>
    <remembered-set count="105" />
  </mem-info>
</gc-start>
<allocation-stats totalBytes="99784576" >
  <allocated-bytes non-tlh="0" tlh="99784576" />
  <largest-consumer threadName="main" threadId="0000000000016F00" bytes="99780480" />
</allocation-stats>
<gc-op id="1709" type="scavenge" timems="76.790" contextid="1706" timestamp="2022-02-08T17:30:21.233">
  <scavenger-info tenureage="1" tenuremask="7ffe" tiltratio="68" />
  <memory-copied type="nursery" objects="1355635" bytes="76525304" bytesdiscarded="410632" />
  <memory-copied type="tenure" objects="1352293" bytes="76849520" bytesdiscarded="45760" />
  <finalization candidates="1" enqueued="0" />
  <ownableSynchronizers candidates="2" cleared="2" />
  <object-monitors candidates="2" cleared="0"  />
</gc-op>
<gc-end id="1710" type="scavenge" contextid="1706" durationms="76.999" usertimems="303.240" systemtimems="0.000" stalltimems="3.121" timestamp="2022-02-08T17:30:21.233" activeThreads="4">
  <mem-info id="1711" free="317028688" total="1073741824" percent="29">
    <mem type="nursery" free="107810048" total="268435456" percent="40">
      <mem type="allocate" free="107810048" total="184745984" percent="58" />
      <mem type="survivor" free="0" total="83689472" percent="0" />
    </mem>
    <mem type="tenure" free="209218640" total="805306368" percent="25" macro-fragmented="0">
      <mem type="soa" free="201164880" total="797252608" percent="25" />
      <mem type="loa" free="8053760" total="8053760" percent="100" />
    </mem>
    <remembered-set count="105" />
  </mem-info>
</gc-end>
<cycle-end id="1712" type="scavenge" contextid="1706" timestamp="2022-02-08T17:30:21.234" />
<allocation-satisfied id="1713" threadId="0000000000016F00" bytesRequested="184" />
<af-end id="1714" timestamp="2022-02-08T17:30:21.234" threadId="0000000000017908" success="true" from="nursery"/>
<exclusive-end id="1715" timestamp="2022-02-08T17:30:21.234" durationms="77.325" />

<exclusive-start id="1716" timestamp="2022-02-08T17:30:22.147" intervalms="990.288">
  <response-info timems="0.018" idlems="0.018" threads="0" lastid="0000000000016F00" lastname="main" />
</exclusive-start>
<af-start id="1717" threadId="0000000000017908" totalBytesRequested="224" timestamp="2022-02-08T17:30:22.147" intervalms="990.280" type="nursery" />
<cycle-start id="1718" type="scavenge" contextid="0" timestamp="2022-02-08T17:30:22.147" intervalms="990.282" />
<gc-start id="1719" type="scavenge" contextid="1718" timestamp="2022-02-08T17:30:22.147">
  <mem-info id="1720" free="209218640" total="1073741824" percent="19">
    <mem type="nursery" free="0" total="268435456" percent="0">
      <mem type="allocate" free="0" total="184745984" percent="0" />
      <mem type="survivor" free="0" total="83689472" percent="0" />
    </mem>
    <mem type="tenure" free="209218640" total="805306368" percent="25">
      <mem type="soa" free="201164880" total="797252608" percent="25" />
      <mem type="loa" free="8053760" total="8053760" percent="100" />
    </mem>
    <remembered-set count="136" />
  </mem-info>
</gc-start>
<allocation-stats totalBytes="107764240" >
  <allocated-bytes non-tlh="1661328" tlh="106102912" />
  <largest-consumer threadName="main" threadId="0000000000016F00" bytes="107764240" />
</allocation-stats>
<gc-op id="1721" type="scavenge" timems="79.726" contextid="1718" timestamp="2022-02-08T17:30:22.227">
  <scavenger-info tenureage="1" tenuremask="7ffe" tiltratio="68" />
  <memory-copied type="nursery" objects="1491864" bytes="75908080" bytesdiscarded="70488" />
  <memory-copied type="tenure" objects="1355634" bytes="76525200" bytesdiscarded="38432" />
  <finalization candidates="109" enqueued="53" />
  <references type="soft" candidates="14" cleared="0" enqueued="0" dynamicThreshold="11" maxThreshold="32" />
  <references type="weak" candidates="1" cleared="0" enqueued="0" />
  <references type="phantom" candidates="94" cleared="7" enqueued="7" />
  <object-monitors candidates="2" cleared="0"  />
</gc-op>
<gc-end id="1722" type="scavenge" contextid="1718" durationms="79.960" usertimems="313.524" systemtimems="0.000" stalltimems="2.461" timestamp="2022-02-08T17:30:22.227" activeThreads="4">
  <mem-info id="1723" free="241400712" total="1073741824" percent="22">
    <mem type="nursery" free="108963896" total="268435456" percent="40">
      <mem type="allocate" free="108963896" total="184942592" percent="58" />
      <mem type="survivor" free="0" total="83492864" percent="0" />
    </mem>
    <mem type="tenure" free="132436816" total="805306368" percent="16" macro-fragmented="0">
      <mem type="soa" free="124383056" total="797252608" percent="15" />
      <mem type="loa" free="8053760" total="8053760" percent="100" />
    </mem>
    <pending-finalizers system="52" default="1" reference="7" classloader="0" />
    <remembered-set count="132" />
  </mem-info>
</gc-end>
<cycle-end id="1724" type="scavenge" contextid="1718" timestamp="2022-02-08T17:30:22.227" />
<allocation-satisfied id="1725" threadId="0000000000016F00" bytesRequested="224" />
<af-end id="1726" timestamp="2022-02-08T17:30:22.227" threadId="0000000000017908" success="true" from="nursery"/>
<exclusive-end id="1727" timestamp="2022-02-08T17:30:22.227" durationms="80.309" />

<concurrent-kickoff id="1728" timestamp="2022-02-08T17:30:22.920">
  <kickoff reason="threshold reached" targetBytes="74787525" thresholdFreeBytes="5805386"  remainingFree="5797624" tenureFreeBytes="132436816" nurseryFreeBytes="5797624" />
</concurrent-kickoff>
<exclusive-start id="1729" timestamp="2022-02-08T17:30:22.923" intervalms="776.243">
  <response-info timems="0.019" idlems="0.019" threads="0" lastid="0000000000016F00" lastname="main" />
</exclusive-start>
<cycle-start id="1730" type="global" contextid="0" timestamp="2022-02-08T17:30:22.923" intervalms="2953.568" />
<concurrent-start id="1731" type="global mark" contextid="1730" timestamp="2022-02-08T17:30:22.923">
</concurrent-start>
<exclusive-end id="1732" timestamp="2022-02-08T17:30:22.923" durationms="0.030" />

<exclusive-start id="1733" timestamp="2022-02-08T17:30:23.046" intervalms="123.454">
  <response-info timems="0.016" idlems="0.016" threads="0" lastid="0000000000016F00" lastname="main" />
</exclusive-start>
<af-start id="1734" threadId="0000000000017908" totalBytesRequested="224" timestamp="2022-02-08T17:30:23.046" intervalms="899.694" type="nursery" />
<cycle-start id="1735" type="scavenge" contextid="0" timestamp="2022-02-08T17:30:23.046" intervalms="899.693" />
<gc-start id="1736" type="scavenge" contextid="1735" timestamp="2022-02-08T17:30:23.046">
  <mem-info id="1737" free="132436816" total="1073741824" percent="12">
    <mem type="nursery" free="0" total="268435456" percent="0">
      <mem type="allocate" free="0" total="184942592" percent="0" />
      <mem type="survivor" free="0" total="83492864" percent="0" />
    </mem>
    <mem type="tenure" free="132436816" total="805306368" percent="16">
      <mem type="soa" free="124383056" total="797252608" percent="15" />
      <mem type="loa" free="8053760" total="8053760" percent="100" />
    </mem>
    <remembered-set count="133" />
  </mem-info>
</gc-start>
<allocation-stats totalBytes="108910480" >
  <allocated-bytes non-tlh="1347904" tlh="107562576" />
  <largest-consumer threadName="main" threadId="0000000000016F00" bytes="108902288" />
</allocation-stats>
<gc-op id="1738" type="scavenge" timems="78.165" contextid="1735" timestamp="2022-02-08T17:30:23.125">
  <scavenger-info tenureage="1" tenuremask="7ffe" tiltratio="68" />
  <memory-copied type="nursery" objects="1354858" bytes="77916448" bytesdiscarded="195056" />
  <memory-copied type="tenure" objects="1491144" bytes="74964792" bytesdiscarded="37200" />
  <finalization candidates="57" enqueued="0" />
  <references type="phantom" candidates="1" cleared="0" enqueued="0" />
  <object-monitors candidates="2" cleared="0"  />
</gc-op>
<gc-end id="1739" type="scavenge" contextid="1735" durationms="78.485" usertimems="308.663" systemtimems="0.307" stalltimems="3.141" timestamp="2022-02-08T17:30:23.125" activeThreads="4">
  <mem-info id="1740" free="162160880" total="1073741824" percent="15">
    <mem type="nursery" free="104537328" total="268435456" percent="38">
      <mem type="allocate" free="104537328" total="182648832" percent="57" />
      <mem type="survivor" free="0" total="85786624" percent="0" />
    </mem>
    <mem type="tenure" free="57623552" total="805306368" percent="7" macro-fragmented="502401">
      <mem type="soa" free="49569792" total="797252608" percent="6" />
      <mem type="loa" free="8053760" total="8053760" percent="100" />
    </mem>
    <remembered-set count="102" />
  </mem-info>
</gc-end>
<cycle-end id="1741" type="scavenge" contextid="1735" timestamp="2022-02-08T17:30:23.125" />
<allocation-satisfied id="1742" threadId="0000000000016F00" bytesRequested="224" />
<af-end id="1743" timestamp="2022-02-08T17:30:23.125" threadId="0000000000017908" success="true" from="nursery"/>
<exclusive-end id="1744" timestamp="2022-02-08T17:30:23.125" durationms="78.806" />

<concurrent-end id="1745" type="global mark" contextid="1730" timestamp="2022-02-08T17:30:23.245">
<gc-op id="1746" type="trace" timems="321.907" contextid="1730" timestamp="2022-02-08T17:30:23.245">
  <trace bytesTraced="74430232" workStackOverflowCount="0" />
  <card-cleaning reason="card cleaning threshold reached" bytesTraced="480" cardsCleaned="2" />
</gc-op>
</concurrent-end>

<exclusive-start id="1747" timestamp="2022-02-08T17:30:23.245" intervalms="198.524">
  <response-info timems="0.018" idlems="0.018" threads="0" lastid="0000000000016F00" lastname="main" />
</exclusive-start>
<concurrent-global-final id="1748" timestamp="2022-02-08T17:30:23.245" contextid="1730" intervalms="2944.804" >
  <concurrent-trace-info reason="card cleaning threshold reached" tracedByMutators="59328540" tracedByHelpers="15102172" cardsCleaned="2" workStackOverflowCount="0" />
</concurrent-global-final>
<gc-start id="1749" type="global" contextid="1730" timestamp="2022-02-08T17:30:23.245">
  <mem-info id="1750" free="154329104" total="1073741824" percent="14">
    <mem type="nursery" free="96705552" total="268435456" percent="36">
      <mem type="allocate" free="96705552" total="182648832" percent="52" />
      <mem type="survivor" free="0" total="85786624" percent="0" />
    </mem>
    <mem type="tenure" free="57623552" total="805306368" percent="7">
      <mem type="soa" free="49569792" total="797252608" percent="6" />
      <mem type="loa" free="8053760" total="8053760" percent="100" />
    </mem>
    <remembered-set count="102" />
  </mem-info>
</gc-start>
<allocation-stats totalBytes="7827288" >
  <allocated-bytes non-tlh="224" tlh="7827064" />
  <largest-consumer threadName="main" threadId="0000000000016F00" bytes="7827288" />
</allocation-stats>
<gc-op id="1751" type="rs-scan" timems="0.500" contextid="1730" timestamp="2022-02-08T17:30:23.245">
  <scan objectsFound="29" bytesTraced="5420" workStackOverflowCount="0" />
</gc-op>
<gc-op id="1752" type="card-cleaning" timems="142.448" contextid="1730" timestamp="2022-02-08T17:30:23.388">
  <card-cleaning cardsCleaned="9" bytesTraced="71010404" workStackOverflowCount="0" />
</gc-op>
<gc-op id="1753" type="mark" timems="54.725" contextid="1730" timestamp="2022-02-08T17:30:23.443">
  <trace-info objectcount="1756714" scancount="1319063" scanbytes="28207720" />
  <finalization candidates="428" enqueued="57" />
  <ownableSynchronizers candidates="1" cleared="0" />
  <references type="soft" candidates="894" cleared="0" enqueued="0" dynamicThreshold="11" maxThreshold="32" />
  <references type="weak" candidates="1701" cleared="0" enqueued="0" />
  <references type="phantom" candidates="52" cleared="2" enqueued="2" />
  <stringconstants candidates="6470" cleared="0"  />
  <object-monitors candidates="2" cleared="0"  />
</gc-op>
<gc-op id="1754" type="sweep" timems="5.285" contextid="1730" timestamp="2022-02-08T17:30:23.448" />
<gc-end id="1755" type="global" contextid="1730" durationms="203.183" usertimems="270.644" systemtimems="0.052" stalltimems="121.680" timestamp="2022-02-08T17:30:23.448" activeThreads="4">
  <mem-info id="1756" free="397472752" total="1073741824" percent="37">
    <mem type="nursery" free="96990144" total="268435456" percent="36">
      <mem type="allocate" free="96990144" total="182648832" percent="53" />
      <mem type="survivor" free="0" total="85786624" percent="0" />
    </mem>
    <mem type="tenure" free="300482608" total="805306368" percent="37" micro-fragmented="359715" macro-fragmented="0">
      <mem type="soa" free="292428848" total="797252608" percent="36" />
      <mem type="loa" free="8053760" total="8053760" percent="100" />
    </mem>
    <pending-finalizers system="57" default="0" reference="2" classloader="0" />
    <remembered-set count="102" />
  </mem-info>
</gc-end>
<cycle-end id="1757" type="global" contextid="1730" timestamp="2022-02-08T17:30:23.448" />
<exclusive-end id="1758" timestamp="2022-02-08T17:30:23.448" durationms="203.417" />

<exclusive-start id="1759" timestamp="2022-02-08T17:30:24.061" intervalms="816.263">
  <response-info timems="0.017" idlems="0.017" threads="0" lastid="0000000000016F00" lastname="main" />
</exclusive-start>
<af-start id="1760" threadId="0000000000017908" totalBytesRequested="104" timestamp="2022-02-08T17:30:24.061" intervalms="1014.790" type="nursery" />
<cycle-start id="1761" type="scavenge" contextid="0" timestamp="2022-02-08T17:30:24.061" intervalms="1014.791" />
<gc-start id="1762" type="scavenge" contextid="1761" timestamp="2022-02-08T17:30:24.061">
  <mem-info id="1763" free="300482608" total="1073741824" percent="27">
    <mem type="nursery" free="0" total="268435456" percent="0">
      <mem type="allocate" free="0" total="182648832" percent="0" />
      <mem type="survivor" free="0" total="85786624" percent="0" />
    </mem>
    <mem type="tenure" free="300482608" total="805306368" percent="37">
      <mem type="soa" free="292428848" total="797252608" percent="36" />
      <mem type="loa" free="8053760" total="8053760" percent="100" />
    </mem>
    <remembered-set count="105" />
  </mem-info>
</gc-start>
<allocation-stats totalBytes="96945680" >
  <allocated-bytes non-tlh="0" tlh="96945680" />
  <largest-consumer threadName="main" threadId="0000000000016F00" bytes="96941584" />
</allocation-stats>
<gc-op id="1764" type="scavenge" timems="109.517" contextid="1761" timestamp="2022-02-08T17:30:24.171">
  <scavenger-info tenureage="1" tenuremask="7ffe" tiltratio="68" />
  <memory-copied type="nursery" objects="1319734" bytes="74418248" bytesdiscarded="277432" />
  <memory-copied type="tenure" objects="1354857" bytes="77916328" bytesdiscarded="42736" />
  <finalization candidates="1" enqueued="0" />
  <ownableSynchronizers candidates="2" cleared="2" />
  <object-monitors candidates="2" cleared="0"  />
</gc-op>
<gc-end id="1765" type="scavenge" contextid="1761" durationms="109.741" usertimems="397.015" systemtimems="6.706" stalltimems="30.132" timestamp="2022-02-08T17:30:24.171" activeThreads="4">
  <mem-info id="1766" free="330543640" total="1073741824" percent="30">
    <mem type="nursery" free="108280832" total="268435456" percent="40">
      <mem type="allocate" free="108280832" total="182976512" percent="59" />
      <mem type="survivor" free="0" total="85458944" percent="0" />
    </mem>
    <mem type="tenure" free="222262808" total="805306368" percent="27" macro-fragmented="868149">
      <mem type="soa" free="214209048" total="797252608" percent="26" />
      <mem type="loa" free="8053760" total="8053760" percent="100" />
    </mem>
    <remembered-set count="105" />
  </mem-info>
</gc-end>
<cycle-end id="1767" type="scavenge" contextid="1761" timestamp="2022-02-08T17:30:24.171" />
<allocation-satisfied id="1768" threadId="0000000000016F00" bytesRequested="104" />
<af-end id="1769" timestamp="2022-02-08T17:30:24.171" threadId="0000000000017908" success="true" from="nursery"/>
<exclusive-end id="1770" timestamp="2022-02-08T17:30:24.171" durationms="110.048" />

<exclusive-start id="1771" timestamp="2022-02-08T17:30:24.958" intervalms="897.319">
  <response-info timems="0.019" idlems="0.019" threads="0" lastid="0000000000016F00" lastname="main" />
</exclusive-start>
<af-start id="1772" threadId="0000000000017908" totalBytesRequested="24" timestamp="2022-02-08T17:30:24.958" intervalms="897.322" type="nursery" />
<cycle-start id="1773" type="scavenge" contextid="0" timestamp="2022-02-08T17:30:24.959" intervalms="897.322" />
<gc-start id="1774" type="scavenge" contextid="1773" timestamp="2022-02-08T17:30:24.959">
  <mem-info id="1775" free="222262808" total="1073741824" percent="20">
    <mem type="nursery" free="0" total="268435456" percent="0">
      <mem type="allocate" free="0" total="182976512" percent="0" />
      <mem type="survivor" free="0" total="85458944" percent="0" />
    </mem>
    <mem type="tenure" free="222262808" total="805306368" percent="27">
      <mem type="soa" free="214209048" total="797252608" percent="26" />
      <mem type="loa" free="8053760" total="8053760" percent="100" />
    </mem>
    <remembered-set count="122" />
  </mem-info>
</gc-start>
<allocation-stats totalBytes="108230456" >
  <allocated-bytes non-tlh="626632" tlh="107603824" />
  <largest-consumer threadName="main" threadId="0000000000016F00" bytes="108230456" />
</allocation-stats>
<gc-op id="1776" type="scavenge" timems="77.925" contextid="1773" timestamp="2022-02-08T17:30:25.036">
  <scavenger-info tenureage="1" tenuremask="7ffe" tiltratio="68" />
  <memory-copied type="nursery" objects="1426793" bytes="76638240" bytesdiscarded="58056" />
  <memory-copied type="tenure" objects="1319734" bytes="74418248" bytesdiscarded="36888" />
  <finalization candidates="57" enqueued="30" />
  <references type="phantom" candidates="57" cleared="0" enqueued="0" />
  <object-monitors candidates="2" cleared="0"  />
</gc-op>
<gc-end id="1777" type="scavenge" contextid="1773" durationms="78.111" usertimems="304.154" systemtimems="1.443" stalltimems="2.451" timestamp="2022-02-08T17:30:25.037" activeThreads="4">
  <mem-info id="1778" free="254225120" total="1073741824" percent="23">
    <mem type="nursery" free="106345752" total="268435456" percent="39">
      <mem type="allocate" free="106345752" total="183042048" percent="58" />
      <mem type="survivor" free="0" total="85393408" percent="0" />
    </mem>
    <mem type="tenure" free="147879368" total="805306368" percent="18" macro-fragmented="0">
      <mem type="soa" free="139825608" total="797252608" percent="17" />
      <mem type="loa" free="8053760" total="8053760" percent="100" />
    </mem>
    <pending-finalizers system="30" default="0" reference="0" classloader="0" />
    <remembered-set count="121" />
  </mem-info>
</gc-end>
<cycle-end id="1779" type="scavenge" contextid="1773" timestamp="2022-02-08T17:30:25.037" />
<allocation-satisfied id="1780" threadId="0000000000016F00" bytesRequested="24" />
<af-end id="1781" timestamp="2022-02-08T17:30:25.037" threadId="0000000000017908" success="true" from="nursery"/>
<exclusive-end id="1782" timestamp="2022-02-08T17:30:25.037" durationms="78.712" />

<concurrent-kickoff id="1783" timestamp="2022-02-08T17:30:25.763">
  <kickoff reason="threshold reached" targetBytes="74716098" thresholdFreeBytes="5790817"  remainingFree="5747992" tenureFreeBytes="147879368" nurseryFreeBytes="5747992" />
</concurrent-kickoff>
<exclusive-start id="1784" timestamp="2022-02-08T17:30:25.766" intervalms="807.540">
  <response-info timems="0.018" idlems="0.018" threads="0" lastid="0000000000016F00" lastname="main" />
</exclusive-start>
<cycle-start id="1785" type="global" contextid="0" timestamp="2022-02-08T17:30:25.766" intervalms="2843.121" />
<concurrent-start id="1786" type="global mark" contextid="1785" timestamp="2022-02-08T17:30:25.766">
</concurrent-start>
<exclusive-end id="1787" timestamp="2022-02-08T17:30:25.766" durationms="0.052" />

<exclusive-start id="1788" timestamp="2022-02-08T17:30:25.875" intervalms="109.304">
  <response-info timems="0.027" idlems="0.027" threads="0" lastid="0000000000016F00" lastname="main" />
</exclusive-start>
<af-start id="1789" threadId="0000000000017908" totalBytesRequested="24" timestamp="2022-02-08T17:30:25.875" intervalms="916.851" type="nursery" />
<cycle-start id="1790" type="scavenge" contextid="0" timestamp="2022-02-08T17:30:25.875" intervalms="916.850" />
<gc-start id="1791" type="scavenge" contextid="1790" timestamp="2022-02-08T17:30:25.875">
  <mem-info id="1792" free="147879368" total="1073741824" percent="13">
    <mem type="nursery" free="0" total="268435456" percent="0">
      <mem type="allocate" free="0" total="183042048" percent="0" />
      <mem type="survivor" free="0" total="85393408" percent="0" />
    </mem>
    <mem type="tenure" free="147879368" total="805306368" percent="18">
      <mem type="soa" free="139825608" total="797252608" percent="17" />
      <mem type="loa" free="8053760" total="8053760" percent="100" />
    </mem>
    <remembered-set count="135" />
  </mem-info>
</gc-start>
<allocation-stats totalBytes="106294192" >
  <allocated-bytes non-tlh="2117920" tlh="104176272" />
  <largest-consumer threadName="main" threadId="0000000000016F00" bytes="106290096" />
</allocation-stats>
<gc-op id="1793" type="scavenge" timems="78.328" contextid="1790" timestamp="2022-02-08T17:30:25.954">
  <scavenger-info tenureage="1" tenuremask="7ffe" tiltratio="68" />
  <memory-copied type="nursery" objects="1347590" bytes="75196920" bytesdiscarded="152400" />
  <memory-copied type="tenure" objects="1426261" bytes="76197896" bytesdiscarded="36504" />
  <finalization candidates="80" enqueued="23" />
  <references type="soft" candidates="14" cleared="0" enqueued="0" dynamicThreshold="11" maxThreshold="32" />
  <references type="weak" candidates="1" cleared="0" enqueued="0" />
  <references type="phantom" candidates="65" cleared="7" enqueued="7" />
  <object-monitors candidates="2" cleared="0"  />
</gc-op>
<gc-end id="1794" type="scavenge" contextid="1790" durationms="78.565" usertimems="298.506" systemtimems="3.416" stalltimems="7.144" timestamp="2022-02-08T17:30:25.954" activeThreads="4">
  <mem-info id="1795" free="179882920" total="1073741824" percent="16">
    <mem type="nursery" free="108216888" total="268435456" percent="40">
      <mem type="allocate" free="108216888" total="183566336" percent="58" />
      <mem type="survivor" free="0" total="84869120" percent="0" />
    </mem>
    <mem type="tenure" free="71666032" total="805306368" percent="8" macro-fragmented="0">
      <mem type="soa" free="63612272" total="797252608" percent="7" />
      <mem type="loa" free="8053760" total="8053760" percent="100" />
    </mem>
    <pending-finalizers system="22" default="1" reference="7" classloader="0" />
    <remembered-set count="116" />
  </mem-info>
</gc-end>
<cycle-end id="1796" type="scavenge" contextid="1790" timestamp="2022-02-08T17:30:25.954" />
<allocation-satisfied id="1797" threadId="0000000000016F00" bytesRequested="24" />
<af-end id="1798" timestamp="2022-02-08T17:30:25.954" threadId="0000000000017908" success="true" from="nursery"/>
<exclusive-end id="1799" timestamp="2022-02-08T17:30:25.954" durationms="78.842" />

<concurrent-end id="1800" type="global mark" contextid="1785" timestamp="2022-02-08T17:30:26.108">
<gc-op id="1801" type="trace" timems="342.314" contextid="1785" timestamp="2022-02-08T17:30:26.108">
  <trace bytesTraced="74430536" workStackOverflowCount="0" />
  <card-cleaning reason="card cleaning threshold reached" bytesTraced="480" cardsCleaned="2" />
</gc-op>
</concurrent-end>

<exclusive-start id="1802" timestamp="2022-02-08T17:30:26.108" intervalms="233.156">
  <response-info timems="0.030" idlems="0.030" threads="0" lastid="0000000000016F00" lastname="main" />
</exclusive-start>
<concurrent-global-final id="1803" timestamp="2022-02-08T17:30:26.108" contextid="1785" intervalms="2863.585" >
  <concurrent-trace-info reason="card cleaning threshold reached" tracedByMutators="51671764" tracedByHelpers="22759252" cardsCleaned="2" workStackOverflowCount="0" />
</concurrent-global-final>
<gc-start id="1804" type="global" contextid="1785" timestamp="2022-02-08T17:30:26.109">
  <mem-info id="1805" free="172960656" total="1073741824" percent="16">
    <mem type="nursery" free="101294624" total="268435456" percent="37">
      <mem type="allocate" free="101294624" total="183566336" percent="55" />
      <mem type="survivor" free="0" total="84869120" percent="0" />
    </mem>
    <mem type="tenure" free="71666032" total="805306368" percent="8">
      <mem type="soa" free="63612272" total="797252608" percent="7" />
      <mem type="loa" free="8053760" total="8053760" percent="100" />
    </mem>
    <remembered-set count="117" />
  </mem-info>
</gc-start>
<allocation-stats totalBytes="6919592" >
  <allocated-bytes non-tlh="24" tlh="6919568" />
  <largest-consumer threadName="main" threadId="0000000000016F00" bytes="6911400" />
</allocation-stats>
<gc-op id="1806" type="rs-scan" timems="127.024" contextid="1785" timestamp="2022-02-08T17:30:26.236">
  <scan objectsFound="3324743" bytesTraced="71013268" workStackOverflowCount="0" />
</gc-op>
<gc-op id="1807" type="card-cleaning" timems="0.262" contextid="1785" timestamp="2022-02-08T17:30:26.236">
  <card-cleaning cardsCleaned="4" bytesTraced="1760" workStackOverflowCount="0" />
</gc-op>
<gc-op id="1808" type="mark" timems="43.958" contextid="1785" timestamp="2022-02-08T17:30:26.280">
  <trace-info objectcount="1459925" scancount="1096470" scanbytes="23459080" />
  <finalization candidates="428" enqueued="57" />
  <ownableSynchronizers candidates="1" cleared="0" />
  <references type="soft" candidates="894" cleared="0" enqueued="0" dynamicThreshold="11" maxThreshold="32" />
  <references type="weak" candidates="1701" cleared="0" enqueued="0" />
  <references type="phantom" candidates="52" cleared="2" enqueued="2" />
  <stringconstants candidates="6470" cleared="0"  />
  <object-monitors candidates="2" cleared="0"  />
</gc-op>
<gc-op id="1809" type="sweep" timems="5.185" contextid="1785" timestamp="2022-02-08T17:30:26.285" />
<gc-end id="1810" type="global" contextid="1785" durationms="176.679" usertimems="192.587" systemtimems="0.442" stalltimems="131.403" timestamp="2022-02-08T17:30:26.285" activeThreads="4">
  <mem-info id="1811" free="416316992" total="1073741824" percent="38">
    <mem type="nursery" free="101752224" total="268435456" percent="37">
      <mem type="allocate" free="101752224" total="183566336" percent="55" />
      <mem type="survivor" free="0" total="84869120" percent="0" />
    </mem>
    <mem type="tenure" free="314564768" total="805306368" percent="39" micro-fragmented="364557" macro-fragmented="1500163">
      <mem type="soa" free="306511008" total="797252608" percent="38" />
      <mem type="loa" free="8053760" total="8053760" percent="100" />
    </mem>
    <pending-finalizers system="57" default="0" reference="2" classloader="0" />
    <remembered-set count="104" />
  </mem-info>
</gc-end>
<cycle-end id="1812" type="global" contextid="1785" timestamp="2022-02-08T17:30:26.285" />
<exclusive-end id="1813" timestamp="2022-02-08T17:30:26.285" durationms="176.920" />

<exclusive-start id="1814" timestamp="2022-02-08T17:30:26.960" intervalms="851.905">
  <response-info timems="0.017" idlems="0.017" threads="0" lastid="0000000000016F00" lastname="main" />
</exclusive-start>
<af-start id="1815" threadId="0000000000017908" totalBytesRequested="24" timestamp="2022-02-08T17:30:26.960" intervalms="1085.050" type="nursery" />
<cycle-start id="1816" type="scavenge" contextid="0" timestamp="2022-02-08T17:30:26.960" intervalms="1085.052" />
<gc-start id="1817" type="scavenge" contextid="1816" timestamp="2022-02-08T17:30:26.960">
  <mem-info id="1818" free="314564768" total="1073741824" percent="29">
    <mem type="nursery" free="0" total="268435456" percent="0">
      <mem type="allocate" free="0" total="183566336" percent="0" />
      <mem type="survivor" free="0" total="84869120" percent="0" />
    </mem>
    <mem type="tenure" free="314564768" total="805306368" percent="39">
      <mem type="soa" free="306511008" total="797252608" percent="38" />
      <mem type="loa" free="8053760" total="8053760" percent="100" />
    </mem>
    <remembered-set count="105" />
  </mem-info>
</gc-start>
<allocation-stats totalBytes="101706120" >
  <allocated-bytes non-tlh="0" tlh="101706120" />
  <largest-consumer threadName="main" threadId="0000000000016F00" bytes="101702024" />
</allocation-stats>
<gc-op id="1819" type="scavenge" timems="90.924" contextid="1816" timestamp="2022-02-08T17:30:27.051">
  <scavenger-info tenureage="1" tenuremask="7ffe" tiltratio="68" />
  <memory-copied type="nursery" objects="1417419" bytes="77339520" bytesdiscarded="108976" />
  <memory-copied type="tenure" objects="1347265" bytes="74989296" bytesdiscarded="43336" />
  <finalization candidates="30" enqueued="0" />
  <ownableSynchronizers candidates="2" cleared="2" />
  <object-monitors candidates="2" cleared="0"  />
</gc-op>
<gc-end id="1820" type="scavenge" contextid="1816" durationms="91.115" usertimems="353.200" systemtimems="1.527" stalltimems="3.787" timestamp="2022-02-08T17:30:27.052" activeThreads="4">
  <mem-info id="1821" free="344608696" total="1073741824" percent="32">
    <mem type="nursery" free="105331408" total="268435456" percent="39">
      <mem type="allocate" free="105331408" total="182779904" percent="57" />
      <mem type="survivor" free="0" total="85655552" percent="0" />
    </mem>
    <mem type="tenure" free="239277288" total="805306368" percent="29" macro-fragmented="0">
      <mem type="soa" free="231223528" total="797252608" percent="29" />
      <mem type="loa" free="8053760" total="8053760" percent="100" />
    </mem>
    <remembered-set count="103" />
  </mem-info>
</gc-end>
<cycle-end id="1822" type="scavenge" contextid="1816" timestamp="2022-02-08T17:30:27.052" />
<allocation-satisfied id="1823" threadId="0000000000016F00" bytesRequested="24" />
<af-end id="1824" timestamp="2022-02-08T17:30:27.052" threadId="0000000000017908" success="true" from="nursery"/>
<exclusive-end id="1825" timestamp="2022-02-08T17:30:27.052" durationms="91.430" />

<exclusive-start id="1826" timestamp="2022-02-08T17:30:27.695" intervalms="734.365">
  <response-info timems="0.026" idlems="0.026" threads="0" lastid="0000000000016F00" lastname="main" />
</exclusive-start>
<af-start id="1827" threadId="0000000000017908" totalBytesRequested="104" timestamp="2022-02-08T17:30:27.695" intervalms="734.380" type="nursery" />
<cycle-start id="1828" type="scavenge" contextid="0" timestamp="2022-02-08T17:30:27.695" intervalms="734.378" />
<gc-start id="1829" type="scavenge" contextid="1828" timestamp="2022-02-08T17:30:27.695">
  <mem-info id="1830" free="239277288" total="1073741824" percent="22">
    <mem type="nursery" free="0" total="268435456" percent="0">
      <mem type="allocate" free="0" total="182779904" percent="0" />
      <mem type="survivor" free="0" total="85655552" percent="0" />
    </mem>
    <mem type="tenure" free="239277288" total="805306368" percent="29">
      <mem type="soa" free="231223528" total="797252608" percent="29" />
      <mem type="loa" free="8053760" total="8053760" percent="100" />
    </mem>
    <remembered-set count="103" />
  </mem-info>
</gc-start>
<allocation-stats totalBytes="105285008" >
  <allocated-bytes non-tlh="24" tlh="105284984" />
  <largest-consumer threadName="main" threadId="0000000000016F00" bytes="105285008" />
</allocation-stats>
<gc-op id="1831" type="scavenge" timems="75.057" contextid="1828" timestamp="2022-02-08T17:30:27.770">
  <scavenger-info tenureage="1" tenuremask="7ffe" tiltratio="68" />
  <memory-copied type="nursery" objects="1307274" bytes="74835296" bytesdiscarded="192944" />
  <memory-copied type="tenure" objects="1417419" bytes="77339520" bytesdiscarded="39064" />
  <object-monitors candidates="2" cleared="0"  />
</gc-op>
<gc-end id="1832" type="scavenge" contextid="1828" durationms="75.312" usertimems="291.001" systemtimems="4.103" stalltimems="4.079" timestamp="2022-02-08T17:30:27.770" activeThreads="4">
  <mem-info id="1833" free="270008800" total="1073741824" percent="25">
    <mem type="nursery" free="108144880" total="268435456" percent="40">
      <mem type="allocate" free="108144880" total="183173120" percent="59" />
      <mem type="survivor" free="0" total="85262336" percent="0" />
    </mem>
    <mem type="tenure" free="161863920" total="805306368" percent="20" macro-fragmented="0">
      <mem type="soa" free="153810160" total="797252608" percent="19" />
      <mem type="loa" free="8053760" total="8053760" percent="100" />
    </mem>
    <remembered-set count="103" />
  </mem-info>
</gc-end>
<cycle-end id="1834" type="scavenge" contextid="1828" timestamp="2022-02-08T17:30:27.770" />
<allocation-satisfied id="1835" threadId="0000000000016F00" bytesRequested="104" />
<af-end id="1836" timestamp="2022-02-08T17:30:27.770" threadId="0000000000017908" success="true" from="nursery"/>
<exclusive-end id="1837" timestamp="2022-02-08T17:30:27.770" durationms="75.615" />

<concurrent-kickoff id="1838" timestamp="2022-02-08T17:30:28.645">
  <kickoff reason="threshold reached" targetBytes="74659035" thresholdFreeBytes="5779105"  remainingFree="5721376" tenureFreeBytes="161863920" nurseryFreeBytes="5721376" />
</concurrent-kickoff>
<exclusive-start id="1839" timestamp="2022-02-08T17:30:28.648" intervalms="953.642">
  <response-info timems="0.031" idlems="0.031" threads="0" lastid="0000000000016F00" lastname="main" />
</exclusive-start>
<cycle-start id="1840" type="global" contextid="0" timestamp="2022-02-08T17:30:28.648" intervalms="2882.349" />
<concurrent-start id="1841" type="global mark" contextid="1840" timestamp="2022-02-08T17:30:28.648">
</concurrent-start>
<exclusive-end id="1842" timestamp="2022-02-08T17:30:28.648" durationms="0.030" />

<exclusive-start id="1843" timestamp="2022-02-08T17:30:28.782" intervalms="133.878">
  <response-info timems="0.036" idlems="0.036" threads="0" lastid="0000000000016F00" lastname="main" />
</exclusive-start>
<af-start id="1844" threadId="0000000000017908" totalBytesRequested="200" timestamp="2022-02-08T17:30:28.782" intervalms="1087.515" type="nursery" />
<cycle-start id="1845" type="scavenge" contextid="0" timestamp="2022-02-08T17:30:28.782" intervalms="1087.515" />
<gc-start id="1846" type="scavenge" contextid="1845" timestamp="2022-02-08T17:30:28.782">
  <mem-info id="1847" free="161863920" total="1073741824" percent="15">
    <mem type="nursery" free="0" total="268435456" percent="0">
      <mem type="allocate" free="0" total="183173120" percent="0" />
      <mem type="survivor" free="0" total="85262336" percent="0" />
    </mem>
    <mem type="tenure" free="161863920" total="805306368" percent="20">
      <mem type="soa" free="153810160" total="797252608" percent="19" />
      <mem type="loa" free="8053760" total="8053760" percent="100" />
    </mem>
    <remembered-set count="134" />
  </mem-info>
</gc-start>
<allocation-stats totalBytes="108100856" >
  <allocated-bytes non-tlh="2841552" tlh="105259304" />
  <largest-consumer threadName="main" threadId="0000000000016F00" bytes="108100856" />
</allocation-stats>
<gc-op id="1848" type="scavenge" timems="86.337" contextid="1845" timestamp="2022-02-08T17:30:28.869">
  <scavenger-info tenureage="1" tenuremask="7ffe" tiltratio="68" />
  <memory-copied type="nursery" objects="1455685" bytes="76019696" bytesdiscarded="63504" />
  <memory-copied type="tenure" objects="1307274" bytes="74835296" bytesdiscarded="39456" />
  <finalization candidates="110" enqueued="53" />
  <references type="soft" candidates="14" cleared="0" enqueued="0" dynamicThreshold="12" maxThreshold="32" />
  <references type="weak" candidates="1" cleared="0" enqueued="0" />
  <references type="phantom" candidates="95" cleared="7" enqueued="7" />
  <object-monitors candidates="2" cleared="0"  />
</gc-op>
<gc-end id="1849" type="scavenge" contextid="1845" durationms="86.527" usertimems="338.068" systemtimems="0.461" stalltimems="3.738" timestamp="2022-02-08T17:30:28.869" activeThreads="4">
  <mem-info id="1850" free="194567456" total="1073741824" percent="18">
    <mem type="nursery" free="107483008" total="268435456" percent="40">
      <mem type="allocate" free="107483008" total="183566336" percent="58" />
      <mem type="survivor" free="0" total="84869120" percent="0" />
    </mem>
    <mem type="tenure" free="87084448" total="805306368" percent="10" macro-fragmented="69015248">
      <mem type="soa" free="79030688" total="797252608" percent="9" />
      <mem type="loa" free="8053760" total="8053760" percent="100" />
    </mem>
    <pending-finalizers system="52" default="1" reference="7" classloader="0" />
    <remembered-set count="130" />
  </mem-info>
</gc-end>
<cycle-end id="1851" type="scavenge" contextid="1845" timestamp="2022-02-08T17:30:28.869" />
<allocation-satisfied id="1852" threadId="0000000000016F00" bytesRequested="200" />
<af-end id="1853" timestamp="2022-02-08T17:30:28.869" threadId="0000000000017908" success="true" from="nursery"/>
<exclusive-end id="1854" timestamp="2022-02-08T17:30:28.869" durationms="86.819" />

<concurrent-end id="1855" type="global mark" contextid="1840" timestamp="2022-02-08T17:30:29.012">
<gc-op id="1856" type="trace" timems="363.458" contextid="1840" timestamp="2022-02-08T17:30:29.012">
  <trace bytesTraced="74430808" workStackOverflowCount="0" />
  <card-cleaning reason="card cleaning threshold reached" bytesTraced="480" cardsCleaned="2" />
</gc-op>
</concurrent-end>

<exclusive-start id="1857" timestamp="2022-02-08T17:30:29.012" intervalms="229.651">
  <response-info timems="0.018" idlems="0.018" threads="0" lastid="0000000000016F00" lastname="main" />
</exclusive-start>
<concurrent-global-final id="1858" timestamp="2022-02-08T17:30:29.012" contextid="1840" intervalms="2903.439" >
  <concurrent-trace-info reason="card cleaning threshold reached" tracedByMutators="57672188" tracedByHelpers="16759100" cardsCleaned="2" workStackOverflowCount="0" />
</concurrent-global-final>
<gc-start id="1859" type="global" contextid="1840" timestamp="2022-02-08T17:30:29.012">
  <mem-info id="1860" free="186465368" total="1073741824" percent="17">
    <mem type="nursery" free="99380920" total="268435456" percent="37">
      <mem type="allocate" free="99380920" total="183566336" percent="54" />
      <mem type="survivor" free="0" total="84869120" percent="0" />
    </mem>
    <mem type="tenure" free="87084448" total="805306368" percent="10">
      <mem type="soa" free="79030688" total="797252608" percent="9" />
      <mem type="loa" free="8053760" total="8053760" percent="100" />
    </mem>
    <remembered-set count="131" />
  </mem-info>
</gc-start>
<allocation-stats totalBytes="8098472" >
  <allocated-bytes non-tlh="200" tlh="8098272" />
  <largest-consumer threadName="main" threadId="0000000000016F00" bytes="8090280" />
</allocation-stats>
<gc-op id="1861" type="rs-scan" timems="131.666" contextid="1840" timestamp="2022-02-08T17:30:29.144">
  <scan objectsFound="3324743" bytesTraced="71013268" workStackOverflowCount="0" />
</gc-op>
<gc-op id="1862" type="card-cleaning" timems="0.284" contextid="1840" timestamp="2022-02-08T17:30:29.144">
  <card-cleaning cardsCleaned="4" bytesTraced="2080" workStackOverflowCount="0" />
</gc-op>
<gc-op id="1863" type="mark" timems="33.015" contextid="1840" timestamp="2022-02-08T17:30:29.177">
  <trace-info objectcount="1173936" scancount="881978" scanbytes="18883272" />
  <finalization candidates="428" enqueued="57" />
  <ownableSynchronizers candidates="1" cleared="0" />
  <references type="soft" candidates="894" cleared="0" enqueued="0" dynamicThreshold="12" maxThreshold="32" />
  <references type="weak" candidates="1701" cleared="0" enqueued="0" />
  <references type="phantom" candidates="52" cleared="2" enqueued="2" />
  <stringconstants candidates="6470" cleared="0"  />
  <object-monitors candidates="2" cleared="0"  />
</gc-op>
<gc-op id="1864" type="sweep" timems="8.933" contextid="1840" timestamp="2022-02-08T17:30:29.186" />
<gc-end id="1865" type="global" contextid="1840" durationms="174.165" usertimems="201.889" systemtimems="0.017" stalltimems="98.548" timestamp="2022-02-08T17:30:29.186" activeThreads="4">
  <mem-info id="1866" free="430015952" total="1073741824" percent="40">
    <mem type="nursery" free="100014040" total="268435456" percent="37">
      <mem type="allocate" free="100014040" total="183566336" percent="54" />
      <mem type="survivor" free="0" total="84869120" percent="0" />
    </mem>
    <mem type="tenure" free="330001912" total="805306368" percent="40" micro-fragmented="396461" macro-fragmented="0">
      <mem type="soa" free="321948152" total="797252608" percent="40" />
      <mem type="loa" free="8053760" total="8053760" percent="100" />
    </mem>
    <pending-finalizers system="57" default="0" reference="2" classloader="0" />
    <remembered-set count="113" />
  </mem-info>
</gc-end>
<cycle-end id="1867" type="global" contextid="1840" timestamp="2022-02-08T17:30:29.186" />
<exclusive-end id="1868" timestamp="2022-02-08T17:30:29.186" durationms="174.368" />

<exclusive-start id="1869" timestamp="2022-02-08T17:30:29.860" intervalms="848.542">
  <response-info timems="0.043" idlems="0.043" threads="0" lastid="0000000000016F00" lastname="main" />
</exclusive-start>
<af-start id="1870" threadId="0000000000017908" totalBytesRequested="16" timestamp="2022-02-08T17:30:29.860" intervalms="1078.182" type="nursery" />
<cycle-start id="1871" type="scavenge" contextid="0" timestamp="2022-02-08T17:30:29.860" intervalms="1078.182" />
<gc-start id="1872" type="scavenge" contextid="1871" timestamp="2022-02-08T17:30:29.861">
  <mem-info id="1873" free="330001912" total="1073741824" percent="30">
    <mem type="nursery" free="0" total="268435456" percent="0">
      <mem type="allocate" free="0" total="183566336" percent="0" />
      <mem type="survivor" free="0" total="84869120" percent="0" />
    </mem>
    <mem type="tenure" free="330001912" total="805306368" percent="40">
      <mem type="soa" free="321948152" total="797252608" percent="40" />
      <mem type="loa" free="8053760" total="8053760" percent="100" />
    </mem>
    <remembered-set count="114" />
  </mem-info>
</gc-start>
<allocation-stats totalBytes="99967352" >
  <allocated-bytes non-tlh="0" tlh="99967352" />
  <largest-consumer threadName="main" threadId="0000000000016F00" bytes="99963256" />
</allocation-stats>
<gc-op id="1874" type="scavenge" timems="76.287" contextid="1871" timestamp="2022-02-08T17:30:29.937">
  <scavenger-info tenureage="1" tenuremask="7ffe" tiltratio="68" />
  <memory-copied type="nursery" objects="1389913" bytes="76874040" bytesdiscarded="302280" />
  <memory-copied type="tenure" objects="1454969" bytes="75551648" bytesdiscarded="41192" />
  <finalization candidates="57" enqueued="0" />
  <ownableSynchronizers candidates="2" cleared="2" />
  <object-monitors candidates="2" cleared="0"  />
</gc-op>
<gc-end id="1875" type="scavenge" contextid="1871" durationms="76.491" usertimems="302.131" systemtimems="0.000" stalltimems="2.185" timestamp="2022-02-08T17:30:29.937" activeThreads="4">
  <mem-info id="1876" free="361289072" total="1073741824" percent="33">
    <mem type="nursery" free="107110912" total="268435456" percent="39">
      <mem type="allocate" free="107110912" total="184287232" percent="58" />
      <mem type="survivor" free="0" total="84148224" percent="0" />
    </mem>
    <mem type="tenure" free="254178160" total="805306368" percent="31" macro-fragmented="0">
      <mem type="soa" free="246124400" total="797252608" percent="30" />
      <mem type="loa" free="8053760" total="8053760" percent="100" />
    </mem>
    <remembered-set count="104" />
  </mem-info>
</gc-end>
<cycle-end id="1877" type="scavenge" contextid="1871" timestamp="2022-02-08T17:30:29.937" />
<allocation-satisfied id="1878" threadId="0000000000016F00" bytesRequested="16" />
<af-end id="1879" timestamp="2022-02-08T17:30:29.937" threadId="0000000000017908" success="true" from="nursery"/>
<exclusive-end id="1880" timestamp="2022-02-08T17:30:29.937" durationms="76.760" />

<exclusive-start id="1881" timestamp="2022-02-08T17:30:30.636" intervalms="775.286">
  <response-info timems="0.018" idlems="0.018" threads="0" lastid="0000000000016F00" lastname="main" />
</exclusive-start>
<af-start id="1882" threadId="0000000000017908" totalBytesRequested="24" timestamp="2022-02-08T17:30:30.636" intervalms="775.292" type="nursery" />
<cycle-start id="1883" type="scavenge" contextid="0" timestamp="2022-02-08T17:30:30.636" intervalms="775.292" />
<gc-start id="1884" type="scavenge" contextid="1883" timestamp="2022-02-08T17:30:30.636">
  <mem-info id="1885" free="254178160" total="1073741824" percent="23">
    <mem type="nursery" free="0" total="268435456" percent="0">
      <mem type="allocate" free="0" total="184287232" percent="0" />
      <mem type="survivor" free="0" total="84148224" percent="0" />
    </mem>
    <mem type="tenure" free="254178160" total="805306368" percent="31">
      <mem type="soa" free="246124400" total="797252608" percent="30" />
      <mem type="loa" free="8053760" total="8053760" percent="100" />
    </mem>
    <remembered-set count="104" />
  </mem-info>
</gc-start>
<allocation-stats totalBytes="107062472" >
  <allocated-bytes non-tlh="16" tlh="107062456" />
  <largest-consumer threadName="main" threadId="0000000000016F00" bytes="107062472" />
</allocation-stats>
<gc-op id="1886" type="scavenge" timems="75.740" contextid="1883" timestamp="2022-02-08T17:30:30.712">
  <scavenger-info tenureage="1" tenuremask="7ffe" tiltratio="68" />
  <memory-copied type="nursery" objects="1346862" bytes="76146856" bytesdiscarded="110920" />
  <memory-copied type="tenure" objects="1389913" bytes="76874040" bytesdiscarded="39680" />
  <object-monitors candidates="2" cleared="0"  />
</gc-op>
<gc-end id="1887" type="scavenge" contextid="1883" durationms="76.039" usertimems="298.628" systemtimems="0.000" stalltimems="2.308" timestamp="2022-02-08T17:30:30.712" activeThreads="4">
  <mem-info id="1888" free="285483712" total="1073741824" percent="26">
    <mem type="nursery" free="108226064" total="268435456" percent="40">
      <mem type="allocate" free="108226064" total="184483840" percent="58" />
      <mem type="survivor" free="0" total="83951616" percent="0" />
    </mem>
    <mem type="tenure" free="177257648" total="805306368" percent="22" macro-fragmented="0">
      <mem type="soa" free="169203888" total="797252608" percent="21" />
      <mem type="loa" free="8053760" total="8053760" percent="100" />
    </mem>
    <remembered-set count="103" />
  </mem-info>
</gc-end>
<cycle-end id="1889" type="scavenge" contextid="1883" timestamp="2022-02-08T17:30:30.712" />
<allocation-satisfied id="1890" threadId="0000000000016F00" bytesRequested="24" />
<af-end id="1891" timestamp="2022-02-08T17:30:30.712" threadId="0000000000017908" success="true" from="nursery"/>
<exclusive-end id="1892" timestamp="2022-02-08T17:30:30.712" durationms="76.332" />

<exclusive-start id="1893" timestamp="2022-02-08T17:30:31.642" intervalms="1006.729">
  <response-info timems="0.018" idlems="0.018" threads="0" lastid="0000000000016F00" lastname="main" />
</exclusive-start>
<af-start id="1894" threadId="0000000000017908" totalBytesRequested="104" timestamp="2022-02-08T17:30:31.642" intervalms="1006.725" type="nursery" />
<cycle-start id="1895" type="scavenge" contextid="0" timestamp="2022-02-08T17:30:31.642" intervalms="1006.727" />
<gc-start id="1896" type="scavenge" contextid="1895" timestamp="2022-02-08T17:30:31.643">
  <mem-info id="1897" free="177257648" total="1073741824" percent="16">
    <mem type="nursery" free="0" total="268435456" percent="0">
      <mem type="allocate" free="0" total="184483840" percent="0" />
      <mem type="survivor" free="0" total="83951616" percent="0" />
    </mem>
    <mem type="tenure" free="177257648" total="805306368" percent="22">
      <mem type="soa" free="169203888" total="797252608" percent="21" />
      <mem type="loa" free="8053760" total="8053760" percent="100" />
    </mem>
    <remembered-set count="134" />
  </mem-info>
</gc-start>
<allocation-stats totalBytes="108178184" >
  <allocated-bytes non-tlh="2841472" tlh="105336712" />
  <largest-consumer threadName="main" threadId="0000000000016F00" bytes="108178184" />
</allocation-stats>
<gc-op id="1898" type="scavenge" timems="76.717" contextid="1895" timestamp="2022-02-08T17:30:31.719">
  <scavenger-info tenureage="1" tenuremask="7ffe" tiltratio="68" />
  <memory-copied type="nursery" objects="1441791" bytes="76020048" bytesdiscarded="159648" />
  <memory-copied type="tenure" objects="1346862" bytes="76146856" bytesdiscarded="40888" />
  <finalization candidates="110" enqueued="53" />
  <references type="soft" candidates="14" cleared="0" enqueued="0" dynamicThreshold="13" maxThreshold="32" />
  <references type="weak" candidates="1" cleared="0" enqueued="0" />
  <references type="phantom" candidates="95" cleared="7" enqueued="7" />
  <object-monitors candidates="2" cleared="0"  />
</gc-op>
<gc-end id="1899" type="scavenge" contextid="1895" durationms="76.941" usertimems="301.945" systemtimems="0.000" stalltimems="4.387" timestamp="2022-02-08T17:30:31.719" activeThreads="4">
  <mem-info id="1900" free="209787640" total="1073741824" percent="19">
    <mem type="nursery" free="108631696" total="268435456" percent="40">
      <mem type="allocate" free="108631696" total="184811520" percent="58" />
      <mem type="survivor" free="0" total="83623936" percent="0" />
    </mem>
    <mem type="tenure" free="101155944" total="805306368" percent="12" macro-fragmented="57512708">
      <mem type="soa" free="93102184" total="797252608" percent="11" />
      <mem type="loa" free="8053760" total="8053760" percent="100" />
    </mem>
    <pending-finalizers system="52" default="1" reference="7" classloader="0" />
    <remembered-set count="129" />
  </mem-info>
</gc-end>
<cycle-end id="1901" type="scavenge" contextid="1895" timestamp="2022-02-08T17:30:31.720" />
<allocation-satisfied id="1902" threadId="0000000000016F00" bytesRequested="104" />
<af-end id="1903" timestamp="2022-02-08T17:30:31.720" threadId="0000000000017908" success="true" from="nursery"/>
<exclusive-end id="1904" timestamp="2022-02-08T17:30:31.720" durationms="77.233" />

<concurrent-kickoff id="1905" timestamp="2022-02-08T17:30:32.413">
  <kickoff reason="threshold reached" targetBytes="74613452" thresholdFreeBytes="5769703"  remainingFree="5764648" tenureFreeBytes="101155944" nurseryFreeBytes="5764648" />
</concurrent-kickoff>
<exclusive-start id="1906" timestamp="2022-02-08T17:30:32.416" intervalms="773.300">
  <response-info timems="0.019" idlems="0.019" threads="0" lastid="0000000000016F00" lastname="main" />
</exclusive-start>
<cycle-start id="1907" type="global" contextid="0" timestamp="2022-02-08T17:30:32.416" intervalms="3767.387" />
<concurrent-start id="1908" type="global mark" contextid="1907" timestamp="2022-02-08T17:30:32.416">
</concurrent-start>
<exclusive-end id="1909" timestamp="2022-02-08T17:30:32.416" durationms="0.029" />

<exclusive-start id="1910" timestamp="2022-02-08T17:30:32.546" intervalms="130.472">
  <response-info timems="0.033" idlems="0.033" threads="0" lastid="0000000000016F00" lastname="main" />
</exclusive-start>
<af-start id="1911" threadId="0000000000017908" totalBytesRequested="104" timestamp="2022-02-08T17:30:32.546" intervalms="903.782" type="nursery" />
<cycle-start id="1912" type="scavenge" contextid="0" timestamp="2022-02-08T17:30:32.546" intervalms="903.780" />
<gc-start id="1913" type="scavenge" contextid="1912" timestamp="2022-02-08T17:30:32.546">
  <mem-info id="1914" free="101155944" total="1073741824" percent="9">
    <mem type="nursery" free="0" total="268435456" percent="0">
      <mem type="allocate" free="0" total="184811520" percent="0" />
      <mem type="survivor" free="0" total="83623936" percent="0" />
    </mem>
    <mem type="tenure" free="101155944" total="805306368" percent="12">
      <mem type="soa" free="93102184" total="797252608" percent="11" />
      <mem type="loa" free="8053760" total="8053760" percent="100" />
    </mem>
    <remembered-set count="130" />
  </mem-info>
</gc-start>
<allocation-stats totalBytes="108580528" >
  <allocated-bytes non-tlh="104" tlh="108580424" />
  <largest-consumer threadName="main" threadId="0000000000016F00" bytes="108572336" />
</allocation-stats>
<gc-op id="1915" type="scavenge" timems="77.917" contextid="1912" timestamp="2022-02-08T17:30:32.624">
  <scavenger-info tenureage="1" tenuremask="7ffe" tiltratio="68" />
  <memory-copied type="nursery" objects="1402484" bytes="77366592" bytesdiscarded="217104" />
  <memory-copied type="tenure" objects="1441080" bytes="75552192" bytesdiscarded="36760" />
  <finalization candidates="57" enqueued="0" />
  <object-monitors candidates="2" cleared="0"  />
</gc-op>
<gc-end id="1916" type="scavenge" contextid="1912" durationms="78.048" usertimems="300.715" systemtimems="4.564" stalltimems="2.640" timestamp="2022-02-08T17:30:32.624" activeThreads="4">
  <mem-info id="1917" free="131559392" total="1073741824" percent="12">
    <mem type="nursery" free="106113712" total="268435456" percent="39">
      <mem type="allocate" free="106113712" total="183697408" percent="57" />
      <mem type="survivor" free="0" total="84738048" percent="0" />
    </mem>
    <mem type="tenure" free="25445680" total="805306368" percent="3" macro-fragmented="23791252">
      <mem type="soa" free="17391920" total="797252608" percent="2" />
      <mem type="loa" free="8053760" total="8053760" percent="100" />
    </mem>
    <remembered-set count="103" />
  </mem-info>
</gc-end>
<cycle-end id="1918" type="scavenge" contextid="1912" timestamp="2022-02-08T17:30:32.624" />
<allocation-satisfied id="1919" threadId="0000000000016F00" bytesRequested="104" />
<af-end id="1920" timestamp="2022-02-08T17:30:32.625" threadId="0000000000017908" success="true" from="nursery"/>
<exclusive-end id="1921" timestamp="2022-02-08T17:30:32.625" durationms="78.327" />

<concurrent-end id="1922" type="global mark" contextid="1907" timestamp="2022-02-08T17:30:32.744">
<gc-op id="1923" type="trace" timems="328.385" contextid="1907" timestamp="2022-02-08T17:30:32.744">
  <trace bytesTraced="74430920" workStackOverflowCount="0" />
  <card-cleaning reason="card cleaning threshold reached" bytesTraced="480" cardsCleaned="2" />
</gc-op>
</concurrent-end>

<exclusive-start id="1924" timestamp="2022-02-08T17:30:32.744" intervalms="197.991">
  <response-info timems="0.022" idlems="0.022" threads="0" lastid="0000000000016F00" lastname="main" />
</exclusive-start>
<concurrent-global-final id="1925" timestamp="2022-02-08T17:30:32.744" contextid="1907" intervalms="3732.333" >
  <concurrent-trace-info reason="card cleaning threshold reached" tracedByMutators="56838472" tracedByHelpers="17592928" cardsCleaned="2" workStackOverflowCount="0" />
</concurrent-global-final>
<gc-start id="1926" type="global" contextid="1907" timestamp="2022-02-08T17:30:32.744">
  <mem-info id="1927" free="123334520" total="1073741824" percent="11">
    <mem type="nursery" free="97888840" total="268435456" percent="36">
      <mem type="allocate" free="97888840" total="183697408" percent="53" />
      <mem type="survivor" free="0" total="84738048" percent="0" />
    </mem>
    <mem type="tenure" free="25445680" total="805306368" percent="3">
      <mem type="soa" free="17391920" total="797252608" percent="2" />
      <mem type="loa" free="8053760" total="8053760" percent="100" />
    </mem>
    <remembered-set count="103" />
  </mem-info>
</gc-start>
<allocation-stats totalBytes="8220776" >
  <allocated-bytes non-tlh="104" tlh="8220672" />
  <largest-consumer threadName="main" threadId="0000000000016F00" bytes="8220776" />
</allocation-stats>
<gc-op id="1928" type="rs-scan" timems="0.535" contextid="1907" timestamp="2022-02-08T17:30:32.745">
  <scan objectsFound="0" bytesTraced="3988" workStackOverflowCount="0" />
</gc-op>
<gc-op id="1929" type="card-cleaning" timems="147.905" contextid="1907" timestamp="2022-02-08T17:30:32.893">
  <card-cleaning cardsCleaned="11" bytesTraced="71012220" workStackOverflowCount="0" />
</gc-op>
<gc-op id="1930" type="mark" timems="77.989" contextid="1907" timestamp="2022-02-08T17:30:32.971">
  <trace-info objectcount="2322883" scancount="1743690" scanbytes="37266408" />
  <finalization candidates="428" enqueued="57" />
  <ownableSynchronizers candidates="1" cleared="0" />
  <references type="soft" candidates="894" cleared="0" enqueued="0" dynamicThreshold="13" maxThreshold="32" />
  <references type="weak" candidates="1701" cleared="0" enqueued="0" />
  <references type="phantom" candidates="52" cleared="2" enqueued="2" />
  <stringconstants candidates="6470" cleared="0"  />
  <object-monitors candidates="2" cleared="0"  />
</gc-op>
<gc-op id="1931" type="sweep" timems="5.432" contextid="1907" timestamp="2022-02-08T17:30:32.976" />
<gc-end id="1932" type="global" contextid="1907" durationms="232.121" usertimems="247.031" systemtimems="1.935" stalltimems="233.563" timestamp="2022-02-08T17:30:32.976" activeThreads="4">
  <mem-info id="1933" free="366647304" total="1073741824" percent="34">
    <mem type="nursery" free="98195640" total="268435456" percent="36">
      <mem type="allocate" free="98195640" total="183697408" percent="53" />
      <mem type="survivor" free="0" total="84738048" percent="0" />
    </mem>
    <mem type="tenure" free="268451664" total="805306368" percent="33" micro-fragmented="373000" macro-fragmented="0">
      <mem type="soa" free="260397904" total="797252608" percent="32" />
      <mem type="loa" free="8053760" total="8053760" percent="100" />
    </mem>
    <pending-finalizers system="57" default="0" reference="2" classloader="0" />
    <remembered-set count="103" />
  </mem-info>
</gc-end>
<cycle-end id="1934" type="global" contextid="1907" timestamp="2022-02-08T17:30:32.977" />
<exclusive-end id="1935" timestamp="2022-02-08T17:30:32.977" durationms="232.369" />

<exclusive-start id="1936" timestamp="2022-02-08T17:30:33.589" intervalms="844.890">
  <response-info timems="0.018" idlems="0.018" threads="0" lastid="0000000000016F00" lastname="main" />
</exclusive-start>
<af-start id="1937" threadId="0000000000017908" totalBytesRequested="104" timestamp="2022-02-08T17:30:33.589" intervalms="1042.870" type="nursery" />
<cycle-start id="1938" type="scavenge" contextid="0" timestamp="2022-02-08T17:30:33.589" intervalms="1042.871" />
<gc-start id="1939" type="scavenge" contextid="1938" timestamp="2022-02-08T17:30:33.589">
  <mem-info id="1940" free="268451664" total="1073741824" percent="25">
    <mem type="nursery" free="0" total="268435456" percent="0">
      <mem type="allocate" free="0" total="183697408" percent="0" />
      <mem type="survivor" free="0" total="84738048" percent="0" />
    </mem>
    <mem type="tenure" free="268451664" total="805306368" percent="33">
      <mem type="soa" free="260397904" total="797252608" percent="32" />
      <mem type="loa" free="8053760" total="8053760" percent="100" />
    </mem>
    <remembered-set count="106" />
  </mem-info>
</gc-start>
<allocation-stats totalBytes="98150144" >
  <allocated-bytes non-tlh="0" tlh="98150144" />
  <largest-consumer threadName="main" threadId="0000000000016F00" bytes="98146048" />
</allocation-stats>
<gc-op id="1941" type="scavenge" timems="73.868" contextid="1938" timestamp="2022-02-08T17:30:33.663">
  <scavenger-info tenureage="1" tenuremask="7ffe" tiltratio="68" />
  <memory-copied type="nursery" objects="1326318" bytes="75497864" bytesdiscarded="130608" />
  <memory-copied type="tenure" objects="1402484" bytes="77366592" bytesdiscarded="45528" />
  <ownableSynchronizers candidates="2" cleared="2" />
  <object-monitors candidates="2" cleared="0"  />
</gc-op>
<gc-end id="1942" type="scavenge" contextid="1938" durationms="74.087" usertimems="292.316" systemtimems="0.000" stalltimems="2.374" timestamp="2022-02-08T17:30:33.663" activeThreads="4">
  <mem-info id="1943" free="299079424" total="1073741824" percent="27">
    <mem type="nursery" free="108265544" total="268435456" percent="40">
      <mem type="allocate" free="108265544" total="183894016" percent="58" />
      <mem type="survivor" free="0" total="84541440" percent="0" />
    </mem>
    <mem type="tenure" free="190813880" total="805306368" percent="23" macro-fragmented="0">
      <mem type="soa" free="182760120" total="797252608" percent="22" />
      <mem type="loa" free="8053760" total="8053760" percent="100" />
    </mem>
    <remembered-set count="105" />
  </mem-info>
</gc-end>
<cycle-end id="1944" type="scavenge" contextid="1938" timestamp="2022-02-08T17:30:33.663" />
<allocation-satisfied id="1945" threadId="0000000000016F00" bytesRequested="104" />
<af-end id="1946" timestamp="2022-02-08T17:30:33.663" threadId="0000000000017908" success="true" from="nursery"/>
<exclusive-end id="1947" timestamp="2022-02-08T17:30:33.663" durationms="74.381" />

<exclusive-start id="1948" timestamp="2022-02-08T17:30:34.554" intervalms="964.724">
  <response-info timems="0.030" idlems="0.030" threads="0" lastid="0000000000016F00" lastname="main" />
</exclusive-start>
<af-start id="1949" threadId="0000000000017908" totalBytesRequested="224" timestamp="2022-02-08T17:30:34.554" intervalms="964.724" type="nursery" />
<cycle-start id="1950" type="scavenge" contextid="0" timestamp="2022-02-08T17:30:34.554" intervalms="964.722" />
<gc-start id="1951" type="scavenge" contextid="1950" timestamp="2022-02-08T17:30:34.554">
  <mem-info id="1952" free="190813880" total="1073741824" percent="17">
    <mem type="nursery" free="0" total="268435456" percent="0">
      <mem type="allocate" free="0" total="183894016" percent="0" />
      <mem type="survivor" free="0" total="84541440" percent="0" />
    </mem>
    <mem type="tenure" free="190813880" total="805306368" percent="23">
      <mem type="soa" free="182760120" total="797252608" percent="22" />
      <mem type="loa" free="8053760" total="8053760" percent="100" />
    </mem>
    <remembered-set count="135" />
  </mem-info>
</gc-start>
<allocation-stats totalBytes="108217368" >
  <allocated-bytes non-tlh="1590672" tlh="106626696" />
  <largest-consumer threadName="main" threadId="0000000000016F00" bytes="108217368" />
</allocation-stats>
<gc-op id="1953" type="scavenge" timems="76.381" contextid="1950" timestamp="2022-02-08T17:30:34.630">
  <scavenger-info tenureage="1" tenuremask="7ffe" tiltratio="68" />
  <memory-copied type="nursery" objects="1472971" bytes="76188664" bytesdiscarded="288720" />
  <memory-copied type="tenure" objects="1326318" bytes="75497864" bytesdiscarded="36088" />
  <finalization candidates="109" enqueued="53" />
  <references type="soft" candidates="14" cleared="0" enqueued="0" dynamicThreshold="10" maxThreshold="32" />
  <references type="weak" candidates="1" cleared="0" enqueued="0" />
  <references type="phantom" candidates="94" cleared="7" enqueued="7" />
  <object-monitors candidates="2" cleared="0"  />
</gc-op>
<gc-end id="1954" type="scavenge" contextid="1950" durationms="76.541" usertimems="301.228" systemtimems="0.979" stalltimems="2.806" timestamp="2022-02-08T17:30:34.630" activeThreads="4">
  <mem-info id="1955" free="223152080" total="1073741824" percent="20">
    <mem type="nursery" free="107744184" total="268435456" percent="40">
      <mem type="allocate" free="107744184" total="184221696" percent="58" />
      <mem type="survivor" free="0" total="84213760" percent="0" />
    </mem>
    <mem type="tenure" free="115407896" total="805306368" percent="14" macro-fragmented="0">
      <mem type="soa" free="107354136" total="797252608" percent="13" />
      <mem type="loa" free="8053760" total="8053760" percent="100" />
    </mem>
    <pending-finalizers system="52" default="1" reference="7" classloader="0" />
    <remembered-set count="131" />
  </mem-info>
</gc-end>
<cycle-end id="1956" type="scavenge" contextid="1950" timestamp="2022-02-08T17:30:34.631" />
<allocation-satisfied id="1957" threadId="0000000000016F00" bytesRequested="224" />
<af-end id="1958" timestamp="2022-02-08T17:30:34.631" threadId="0000000000017908" success="true" from="nursery"/>
<exclusive-end id="1959" timestamp="2022-02-08T17:30:34.631" durationms="76.793" />

<concurrent-kickoff id="1960" timestamp="2022-02-08T17:30:35.322">
  <kickoff reason="threshold reached" targetBytes="74577022" thresholdFreeBytes="5765671"  remainingFree="5704632" tenureFreeBytes="115407896" nurseryFreeBytes="5704632" />
</concurrent-kickoff>
<exclusive-start id="1961" timestamp="2022-02-08T17:30:35.325" intervalms="771.516">
  <response-info timems="0.049" idlems="0.049" threads="0" lastid="0000000000016F00" lastname="main" />
</exclusive-start>
<cycle-start id="1962" type="global" contextid="0" timestamp="2022-02-08T17:30:35.325" intervalms="2909.592" />
<concurrent-start id="1963" type="global mark" contextid="1962" timestamp="2022-02-08T17:30:35.325">
</concurrent-start>
<exclusive-end id="1964" timestamp="2022-02-08T17:30:35.325" durationms="0.028" />

<exclusive-start id="1965" timestamp="2022-02-08T17:30:35.446" intervalms="120.558">
  <response-info timems="0.061" idlems="0.061" threads="0" lastid="0000000000016F00" lastname="main" />
</exclusive-start>
<af-start id="1966" threadId="0000000000017908" totalBytesRequested="88" timestamp="2022-02-08T17:30:35.446" intervalms="892.089" type="nursery" />
<cycle-start id="1967" type="scavenge" contextid="0" timestamp="2022-02-08T17:30:35.446" intervalms="892.090" />
<gc-start id="1968" type="scavenge" contextid="1967" timestamp="2022-02-08T17:30:35.446">
  <mem-info id="1969" free="115407896" total="1073741824" percent="10">
    <mem type="nursery" free="0" total="268435456" percent="0">
      <mem type="allocate" free="0" total="184221696" percent="0" />
      <mem type="survivor" free="0" total="84213760" percent="0" />
    </mem>
    <mem type="tenure" free="115407896" total="805306368" percent="14">
      <mem type="soa" free="107354136" total="797252608" percent="13" />
      <mem type="loa" free="8053760" total="8053760" percent="100" />
    </mem>
    <remembered-set count="132" />
  </mem-info>
</gc-start>
<allocation-stats totalBytes="107694032" >
  <allocated-bytes non-tlh="1347904" tlh="106346128" />
  <largest-consumer threadName="main" threadId="0000000000016F00" bytes="107685840" />
</allocation-stats>
<gc-op id="1970" type="scavenge" timems="81.280" contextid="1967" timestamp="2022-02-08T17:30:35.527">
  <scavenger-info tenureage="1" tenuremask="7ffe" tiltratio="68" />
  <memory-copied type="nursery" objects="1367194" bytes="77105680" bytesdiscarded="299464" />
  <memory-copied type="tenure" objects="1472251" bytes="75245376" bytesdiscarded="39688" />
  <finalization candidates="57" enqueued="0" />
  <references type="phantom" candidates="1" cleared="0" enqueued="0" />
  <object-monitors candidates="2" cleared="0"  />
</gc-op>
<gc-end id="1971" type="scavenge" contextid="1967" durationms="81.501" usertimems="321.646" systemtimems="0.000" stalltimems="2.849" timestamp="2022-02-08T17:30:35.527" activeThreads="4">
  <mem-info id="1972" free="146838840" total="1073741824" percent="13">
    <mem type="nursery" free="106751016" total="268435456" percent="39">
      <mem type="allocate" free="106751016" total="184156160" percent="57" />
      <mem type="survivor" free="0" total="84279296" percent="0" />
    </mem>
    <mem type="tenure" free="40087824" total="805306368" percent="4" macro-fragmented="0">
      <mem type="soa" free="32034064" total="797252608" percent="4" />
      <mem type="loa" free="8053760" total="8053760" percent="100" />
    </mem>
    <remembered-set count="102" />
  </mem-info>
</gc-end>
<cycle-end id="1973" type="scavenge" contextid="1967" timestamp="2022-02-08T17:30:35.528" />
<allocation-satisfied id="1974" threadId="0000000000016F00" bytesRequested="88" />
<af-end id="1975" timestamp="2022-02-08T17:30:35.528" threadId="0000000000017908" success="true" from="nursery"/>
<exclusive-end id="1976" timestamp="2022-02-08T17:30:35.528" durationms="81.814" />

<concurrent-end id="1977" type="global mark" contextid="1962" timestamp="2022-02-08T17:30:35.664">
<gc-op id="1978" type="trace" timems="338.420" contextid="1962" timestamp="2022-02-08T17:30:35.664">
  <trace bytesTraced="74431064" workStackOverflowCount="0" />
  <card-cleaning reason="card cleaning threshold reached" bytesTraced="480" cardsCleaned="2" />
</gc-op>
</concurrent-end>

<exclusive-start id="1979" timestamp="2022-02-08T17:30:35.664" intervalms="217.961">
  <response-info timems="0.020" idlems="0.020" threads="0" lastid="0000000000016F00" lastname="main" />
</exclusive-start>
<concurrent-global-final id="1980" timestamp="2022-02-08T17:30:35.664" contextid="1962" intervalms="2919.904" >
  <concurrent-trace-info reason="card cleaning threshold reached" tracedByMutators="52003292" tracedByHelpers="22428252" cardsCleaned="2" workStackOverflowCount="0" />
</concurrent-global-final>
<gc-start id="1981" type="global" contextid="1962" timestamp="2022-02-08T17:30:35.664">
  <mem-info id="1982" free="137827552" total="1073741824" percent="12">
    <mem type="nursery" free="97739728" total="268435456" percent="36">
      <mem type="allocate" free="97739728" total="184156160" percent="53" />
      <mem type="survivor" free="0" total="84279296" percent="0" />
    </mem>
    <mem type="tenure" free="40087824" total="805306368" percent="4">
      <mem type="soa" free="32034064" total="797252608" percent="4" />
      <mem type="loa" free="8053760" total="8053760" percent="100" />
    </mem>
    <remembered-set count="102" />
  </mem-info>
</gc-start>
<allocation-stats totalBytes="9005904" >
  <allocated-bytes non-tlh="88" tlh="9005816" />
  <largest-consumer threadName="main" threadId="0000000000016F00" bytes="9005904" />
</allocation-stats>
<gc-op id="1983" type="rs-scan" timems="0.551" contextid="1962" timestamp="2022-02-08T17:30:35.665">
  <scan objectsFound="29" bytesTraced="5420" workStackOverflowCount="0" />
</gc-op>
<gc-op id="1984" type="card-cleaning" timems="165.969" contextid="1962" timestamp="2022-02-08T17:30:35.831">
  <card-cleaning cardsCleaned="8" bytesTraced="71010292" workStackOverflowCount="0" />
</gc-op>
<gc-op id="1985" type="mark" timems="54.556" contextid="1962" timestamp="2022-02-08T17:30:35.885">
  <trace-info objectcount="2064787" scancount="1550118" scanbytes="33136872" />
  <finalization candidates="428" enqueued="57" />
  <ownableSynchronizers candidates="1" cleared="0" />
  <references type="soft" candidates="894" cleared="0" enqueued="0" dynamicThreshold="10" maxThreshold="32" />
  <references type="weak" candidates="1701" cleared="0" enqueued="0" />
  <references type="phantom" candidates="52" cleared="2" enqueued="2" />
  <stringconstants candidates="6470" cleared="0"  />
  <object-monitors candidates="2" cleared="0"  />
</gc-op>
<gc-op id="1986" type="sweep" timems="5.343" contextid="1962" timestamp="2022-02-08T17:30:35.891" />
<gc-end id="1987" type="global" contextid="1962" durationms="226.621" usertimems="239.590" systemtimems="4.250" stalltimems="162.863" timestamp="2022-02-08T17:30:35.891" activeThreads="4">
  <mem-info id="1988" free="381095928" total="1073741824" percent="35">
    <mem type="nursery" free="98132480" total="268435456" percent="36">
      <mem type="allocate" free="98132480" total="184156160" percent="53" />
      <mem type="survivor" free="0" total="84279296" percent="0" />
    </mem>
    <mem type="tenure" free="282963448" total="805306368" percent="35" micro-fragmented="426665" macro-fragmented="56347">
      <mem type="soa" free="274909688" total="797252608" percent="34" />
      <mem type="loa" free="8053760" total="8053760" percent="100" />
    </mem>
    <pending-finalizers system="57" default="0" reference="2" classloader="0" />
    <remembered-set count="102" />
  </mem-info>
</gc-end>
<cycle-end id="1989" type="global" contextid="1962" timestamp="2022-02-08T17:30:35.891" />
<exclusive-end id="1990" timestamp="2022-02-08T17:30:35.891" durationms="227.138" />

<exclusive-start id="1991" timestamp="2022-02-08T17:30:36.527" intervalms="863.111">
  <response-info timems="0.018" idlems="0.018" threads="0" lastid="0000000000016F00" lastname="main" />
</exclusive-start>
<af-start id="1992" threadId="0000000000017908" totalBytesRequested="104" timestamp="2022-02-08T17:30:36.527" intervalms="1081.057" type="nursery" />
<cycle-start id="1993" type="scavenge" contextid="0" timestamp="2022-02-08T17:30:36.527" intervalms="1081.058" />
<gc-start id="1994" type="scavenge" contextid="1993" timestamp="2022-02-08T17:30:36.527">
  <mem-info id="1995" free="282963448" total="1073741824" percent="26">
    <mem type="nursery" free="0" total="268435456" percent="0">
      <mem type="allocate" free="0" total="184156160" percent="0" />
      <mem type="survivor" free="0" total="84279296" percent="0" />
    </mem>
    <mem type="tenure" free="282963448" total="805306368" percent="35">
      <mem type="soa" free="274909688" total="797252608" percent="34" />
      <mem type="loa" free="8053760" total="8053760" percent="100" />
    </mem>
    <remembered-set count="105" />
  </mem-info>
</gc-start>
<allocation-stats totalBytes="98089688" >
  <allocated-bytes non-tlh="0" tlh="98089688" />
  <largest-consumer threadName="main" threadId="0000000000016F00" bytes="98085592" />
</allocation-stats>
<gc-op id="1996" type="scavenge" timems="73.804" contextid="1993" timestamp="2022-02-08T17:30:36.601">
  <scavenger-info tenureage="1" tenuremask="7ffe" tiltratio="68" />
  <memory-copied type="nursery" objects="1343150" bytes="76053112" bytesdiscarded="199648" />
  <memory-copied type="tenure" objects="1367193" bytes="77105624" bytesdiscarded="41920" />
  <finalization candidates="1" enqueued="0" />
  <ownableSynchronizers candidates="2" cleared="2" />
  <object-monitors candidates="2" cleared="0"  />
</gc-op>
<gc-end id="1997" type="scavenge" contextid="1993" durationms="74.014" usertimems="291.541" systemtimems="0.132" stalltimems="2.830" timestamp="2022-02-08T17:30:36.601" activeThreads="4">
  <mem-info id="1998" free="313691888" total="1073741824" percent="29">
    <mem type="nursery" free="108100008" total="268435456" percent="40">
      <mem type="allocate" free="108100008" total="184352768" percent="58" />
      <mem type="survivor" free="0" total="84082688" percent="0" />
    </mem>
    <mem type="tenure" free="205591880" total="805306368" percent="25" macro-fragmented="0">
      <mem type="soa" free="197538120" total="797252608" percent="24" />
      <mem type="loa" free="8053760" total="8053760" percent="100" />
    </mem>
    <remembered-set count="105" />
  </mem-info>
</gc-end>
<cycle-end id="1999" type="scavenge" contextid="1993" timestamp="2022-02-08T17:30:36.601" />
<allocation-satisfied id="2000" threadId="0000000000016F00" bytesRequested="104" />
<af-end id="2001" timestamp="2022-02-08T17:30:36.601" threadId="0000000000017908" success="true" from="nursery"/>
<exclusive-end id="2002" timestamp="2022-02-08T17:30:36.601" durationms="74.269" />

<exclusive-start id="2003" timestamp="2022-02-08T17:30:37.470" intervalms="943.456">
  <response-info timems="0.019" idlems="0.019" threads="0" lastid="0000000000016F00" lastname="main" />
</exclusive-start>
<af-start id="2004" threadId="0000000000017908" totalBytesRequested="112" timestamp="2022-02-08T17:30:37.470" intervalms="943.458" type="nursery" />
<cycle-start id="2005" type="scavenge" contextid="0" timestamp="2022-02-08T17:30:37.470" intervalms="943.457" />
<gc-start id="2006" type="scavenge" contextid="2005" timestamp="2022-02-08T17:30:37.471">
  <mem-info id="2007" free="205591880" total="1073741824" percent="19">
    <mem type="nursery" free="0" total="268435456" percent="0">
      <mem type="allocate" free="0" total="184352768" percent="0" />
      <mem type="survivor" free="0" total="84082688" percent="0" />
    </mem>
    <mem type="tenure" free="205591880" total="805306368" percent="25">
      <mem type="soa" free="197538120" total="797252608" percent="24" />
      <mem type="loa" free="8053760" total="8053760" percent="100" />
    </mem>
    <remembered-set count="136" />
  </mem-info>
</gc-start>
<allocation-stats totalBytes="108052232" >
  <allocated-bytes non-tlh="1590672" tlh="106461560" />
  <largest-consumer threadName="main" threadId="0000000000016F00" bytes="108052232" />
</allocation-stats>
<gc-op id="2008" type="scavenge" timems="84.942" contextid="2005" timestamp="2022-02-08T17:30:37.555">
  <scavenger-info tenureage="1" tenuremask="7ffe" tiltratio="68" />
  <memory-copied type="nursery" objects="1488459" bytes="76093256" bytesdiscarded="184864" />
  <memory-copied type="tenure" objects="1343150" bytes="76053112" bytesdiscarded="42280" />
  <finalization candidates="109" enqueued="53" />
  <references type="soft" candidates="14" cleared="0" enqueued="0" dynamicThreshold="11" maxThreshold="32" />
  <references type="weak" candidates="1" cleared="0" enqueued="0" />
  <references type="phantom" candidates="94" cleared="7" enqueued="7" />
  <object-monitors candidates="2" cleared="0"  />
</gc-op>
<gc-end id="2009" type="scavenge" contextid="2005" durationms="85.149" usertimems="323.382" systemtimems="0.672" stalltimems="3.839" timestamp="2022-02-08T17:30:37.556" activeThreads="4">
  <mem-info id="2010" free="238125672" total="1073741824" percent="22">
    <mem type="nursery" free="108467736" total="268435456" percent="40">
      <mem type="allocate" free="108467736" total="184745984" percent="58" />
      <mem type="survivor" free="0" total="83689472" percent="0" />
    </mem>
    <mem type="tenure" free="129657936" total="805306368" percent="16" macro-fragmented="0">
      <mem type="soa" free="121604176" total="797252608" percent="15" />
      <mem type="loa" free="8053760" total="8053760" percent="100" />
    </mem>
    <pending-finalizers system="52" default="1" reference="7" classloader="0" />
    <remembered-set count="132" />
  </mem-info>
</gc-end>
<cycle-end id="2011" type="scavenge" contextid="2005" timestamp="2022-02-08T17:30:37.556" />
<allocation-satisfied id="2012" threadId="0000000000016F00" bytesRequested="112" />
<af-end id="2013" timestamp="2022-02-08T17:30:37.556" threadId="0000000000017908" success="true" from="nursery"/>
<exclusive-end id="2014" timestamp="2022-02-08T17:30:37.556" durationms="85.467" />

<concurrent-kickoff id="2015" timestamp="2022-02-08T17:30:38.234">
  <kickoff reason="threshold reached" targetBytes="74547913" thresholdFreeBytes="5772832"  remainingFree="5694792" tenureFreeBytes="129657936" nurseryFreeBytes="5694792" />
</concurrent-kickoff>
<exclusive-start id="2016" timestamp="2022-02-08T17:30:38.237" intervalms="766.216">
  <response-info timems="0.019" idlems="0.019" threads="0" lastid="0000000000016F00" lastname="main" />
</exclusive-start>
<cycle-start id="2017" type="global" contextid="0" timestamp="2022-02-08T17:30:38.237" intervalms="2911.302" />
<concurrent-start id="2018" type="global mark" contextid="2017" timestamp="2022-02-08T17:30:38.237">
</concurrent-start>
<exclusive-end id="2019" timestamp="2022-02-08T17:30:38.237" durationms="0.028" />

<exclusive-start id="2020" timestamp="2022-02-08T17:30:38.357" intervalms="120.859">
  <response-info timems="0.017" idlems="0.017" threads="0" lastid="0000000000016F00" lastname="main" />
</exclusive-start>
<af-start id="2021" threadId="0000000000017908" totalBytesRequested="16" timestamp="2022-02-08T17:30:38.358" intervalms="887.073" type="nursery" />
<cycle-start id="2022" type="scavenge" contextid="0" timestamp="2022-02-08T17:30:38.358" intervalms="887.074" />
<gc-start id="2023" type="scavenge" contextid="2022" timestamp="2022-02-08T17:30:38.358">
  <mem-info id="2024" free="129657936" total="1073741824" percent="12">
    <mem type="nursery" free="0" total="268435456" percent="0">
      <mem type="allocate" free="0" total="184745984" percent="0" />
      <mem type="survivor" free="0" total="83689472" percent="0" />
    </mem>
    <mem type="tenure" free="129657936" total="805306368" percent="16">
      <mem type="soa" free="121604176" total="797252608" percent="15" />
      <mem type="loa" free="8053760" total="8053760" percent="100" />
    </mem>
    <remembered-set count="133" />
  </mem-info>
</gc-start>
<allocation-stats totalBytes="108417080" >
  <allocated-bytes non-tlh="1347792" tlh="107069288" />
  <largest-consumer threadName="main" threadId="0000000000016F00" bytes="108408888" />
</allocation-stats>
<gc-op id="2025" type="scavenge" timems="85.482" contextid="2022" timestamp="2022-02-08T17:30:38.443">
  <scavenger-info tenureage="1" tenuremask="7ffe" tiltratio="68" />
  <memory-copied type="nursery" objects="1354072" bytes="77578560" bytesdiscarded="367136" />
  <memory-copied type="tenure" objects="1487740" bytes="75150088" bytesdiscarded="37256" />
  <finalization candidates="57" enqueued="0" />
  <references type="phantom" candidates="1" cleared="0" enqueued="0" />
  <object-monitors candidates="2" cleared="0"  />
</gc-op>
<gc-end id="2026" type="scavenge" contextid="2022" durationms="85.722" usertimems="337.317" systemtimems="1.553" stalltimems="2.003" timestamp="2022-02-08T17:30:38.443" activeThreads="4">
  <mem-info id="2027" free="159783176" total="1073741824" percent="14">
    <mem type="nursery" free="105424032" total="268435456" percent="39">
      <mem type="allocate" free="105424032" total="183369728" percent="57" />
      <mem type="survivor" free="0" total="85065728" percent="0" />
    </mem>
    <mem type="tenure" free="54359144" total="805306368" percent="6" macro-fragmented="0">
      <mem type="soa" free="46305384" total="797252608" percent="5" />
      <mem type="loa" free="8053760" total="8053760" percent="100" />
    </mem>
    <remembered-set count="102" />
  </mem-info>
</gc-end>
<cycle-end id="2028" type="scavenge" contextid="2022" timestamp="2022-02-08T17:30:38.443" />
<allocation-satisfied id="2029" threadId="0000000000016F00" bytesRequested="16" />
<af-end id="2030" timestamp="2022-02-08T17:30:38.443" threadId="0000000000017908" success="true" from="nursery"/>
<exclusive-end id="2031" timestamp="2022-02-08T17:30:38.443" durationms="85.988" />

<concurrent-end id="2032" type="global mark" contextid="2017" timestamp="2022-02-08T17:30:38.581">
<gc-op id="2033" type="trace" timems="344.727" contextid="2017" timestamp="2022-02-08T17:30:38.581">
  <trace bytesTraced="74431336" workStackOverflowCount="0" />
  <card-cleaning reason="card cleaning threshold reached" bytesTraced="480" cardsCleaned="2" />
</gc-op>
</concurrent-end>

<exclusive-start id="2034" timestamp="2022-02-08T17:30:38.581" intervalms="223.937">
  <response-info timems="0.017" idlems="0.017" threads="0" lastid="0000000000016F00" lastname="main" />
</exclusive-start>
<concurrent-global-final id="2035" timestamp="2022-02-08T17:30:38.581" contextid="2017" intervalms="2917.310" >
  <concurrent-trace-info reason="card cleaning threshold reached" tracedByMutators="58167660" tracedByHelpers="16264156" cardsCleaned="2" workStackOverflowCount="0" />
</concurrent-global-final>
<gc-start id="2036" type="global" contextid="2017" timestamp="2022-02-08T17:30:38.581">
  <mem-info id="2037" free="149854456" total="1073741824" percent="13">
    <mem type="nursery" free="95495312" total="268435456" percent="35">
      <mem type="allocate" free="95495312" total="183369728" percent="52" />
      <mem type="survivor" free="0" total="85065728" percent="0" />
    </mem>
    <mem type="tenure" free="54359144" total="805306368" percent="6">
      <mem type="soa" free="46305384" total="797252608" percent="5" />
      <mem type="loa" free="8053760" total="8053760" percent="100" />
    </mem>
    <remembered-set count="102" />
  </mem-info>
</gc-start>
<allocation-stats totalBytes="9923968" >
  <allocated-bytes non-tlh="16" tlh="9923952" />
  <largest-consumer threadName="main" threadId="0000000000016F00" bytes="9923968" />
</allocation-stats>
<gc-op id="2038" type="rs-scan" timems="0.557" contextid="2017" timestamp="2022-02-08T17:30:38.582">
  <scan objectsFound="29" bytesTraced="5420" workStackOverflowCount="0" />
</gc-op>
<gc-op id="2039" type="card-cleaning" timems="151.070" contextid="2017" timestamp="2022-02-08T17:30:38.733">
  <card-cleaning cardsCleaned="9" bytesTraced="71010340" workStackOverflowCount="0" />
</gc-op>
<gc-op id="2040" type="mark" timems="49.263" contextid="2017" timestamp="2022-02-08T17:30:38.783">
  <trace-info objectcount="1833022" scancount="1376294" scanbytes="29428648" />
  <finalization candidates="428" enqueued="57" />
  <ownableSynchronizers candidates="1" cleared="0" />
  <references type="soft" candidates="894" cleared="0" enqueued="0" dynamicThreshold="11" maxThreshold="32" />
  <references type="weak" candidates="1701" cleared="0" enqueued="0" />
  <references type="phantom" candidates="52" cleared="2" enqueued="2" />
  <stringconstants candidates="6470" cleared="0"  />
  <object-monitors candidates="2" cleared="0"  />
</gc-op>
<gc-op id="2041" type="sweep" timems="5.087" contextid="2017" timestamp="2022-02-08T17:30:38.788" />
<gc-end id="2042" type="global" contextid="2017" durationms="206.287" usertimems="218.395" systemtimems="2.277" stalltimems="147.466" timestamp="2022-02-08T17:30:38.788" activeThreads="4">
  <mem-info id="2043" free="393211768" total="1073741824" percent="36">
    <mem type="nursery" free="95953864" total="268435456" percent="35">
      <mem type="allocate" free="95953864" total="183369728" percent="52" />
      <mem type="survivor" free="0" total="85065728" percent="0" />
    </mem>
    <mem type="tenure" free="297257904" total="805306368" percent="36" micro-fragmented="340229" macro-fragmented="0">
      <mem type="soa" free="289204144" total="797252608" percent="36" />
      <mem type="loa" free="8053760" total="8053760" percent="100" />
    </mem>
    <pending-finalizers system="57" default="0" reference="2" classloader="0" />
    <remembered-set count="102" />
  </mem-info>
</gc-end>
<cycle-end id="2044" type="global" contextid="2017" timestamp="2022-02-08T17:30:38.788" />
<exclusive-end id="2045" timestamp="2022-02-08T17:30:38.788" durationms="206.518" />

<exclusive-start id="2046" timestamp="2022-02-08T17:30:39.392" intervalms="810.479">
  <response-info timems="0.020" idlems="0.020" threads="0" lastid="0000000000016F00" lastname="main" />
</exclusive-start>
<af-start id="2047" threadId="0000000000017908" totalBytesRequested="104" timestamp="2022-02-08T17:30:39.392" intervalms="1034.428" type="nursery" />
<cycle-start id="2048" type="scavenge" contextid="0" timestamp="2022-02-08T17:30:39.392" intervalms="1034.427" />
<gc-start id="2049" type="scavenge" contextid="2048" timestamp="2022-02-08T17:30:39.392">
  <mem-info id="2050" free="297257904" total="1073741824" percent="27">
    <mem type="nursery" free="0" total="268435456" percent="0">
      <mem type="allocate" free="0" total="183369728" percent="0" />
      <mem type="survivor" free="0" total="85065728" percent="0" />
    </mem>
    <mem type="tenure" free="297257904" total="805306368" percent="36">
      <mem type="soa" free="289204144" total="797252608" percent="36" />
      <mem type="loa" free="8053760" total="8053760" percent="100" />
    </mem>
    <remembered-set count="105" />
  </mem-info>
</gc-start>
<allocation-stats totalBytes="95910176" >
  <allocated-bytes non-tlh="0" tlh="95910176" />
  <largest-consumer threadName="main" threadId="0000000000016F00" bytes="95906080" />
</allocation-stats>
<gc-op id="2051" type="scavenge" timems="94.761" contextid="2048" timestamp="2022-02-08T17:30:39.487">
  <scavenger-info tenureage="1" tenuremask="7ffe" tiltratio="68" />
  <memory-copied type="nursery" objects="1336175" bytes="75181104" bytesdiscarded="263032" />
  <memory-copied type="tenure" objects="1354072" bytes="77578560" bytesdiscarded="43768" />
  <finalization candidates="1" enqueued="0" />
  <ownableSynchronizers candidates="2" cleared="2" />
  <object-monitors candidates="2" cleared="0"  />
</gc-op>
<gc-end id="2052" type="scavenge" contextid="2048" durationms="95.002" usertimems="372.190" systemtimems="3.739" stalltimems="2.181" timestamp="2022-02-08T17:30:39.487" activeThreads="4">
  <mem-info id="2053" free="327580584" total="1073741824" percent="30">
    <mem type="nursery" free="108187736" total="268435456" percent="40">
      <mem type="allocate" free="108187736" total="183631872" percent="58" />
      <mem type="survivor" free="0" total="84803584" percent="0" />
    </mem>
    <mem type="tenure" free="219392848" total="805306368" percent="27" macro-fragmented="1500163">
      <mem type="soa" free="211339088" total="797252608" percent="26" />
      <mem type="loa" free="8053760" total="8053760" percent="100" />
    </mem>
    <remembered-set count="104" />
  </mem-info>
</gc-end>
<cycle-end id="2054" type="scavenge" contextid="2048" timestamp="2022-02-08T17:30:39.487" />
<allocation-satisfied id="2055" threadId="0000000000016F00" bytesRequested="104" />
<af-end id="2056" timestamp="2022-02-08T17:30:39.487" threadId="0000000000017908" success="true" from="nursery"/>
<exclusive-end id="2057" timestamp="2022-02-08T17:30:39.487" durationms="95.334" />

<exclusive-start id="2058" timestamp="2022-02-08T17:30:40.332" intervalms="940.176">
  <response-info timems="0.018" idlems="0.018" threads="0" lastid="0000000000016F00" lastname="main" />
</exclusive-start>
<af-start id="2059" threadId="0000000000017908" totalBytesRequested="40" timestamp="2022-02-08T17:30:40.332" intervalms="940.162" type="nursery" />
<cycle-start id="2060" type="scavenge" contextid="0" timestamp="2022-02-08T17:30:40.332" intervalms="940.163" />
<gc-start id="2061" type="scavenge" contextid="2060" timestamp="2022-02-08T17:30:40.332">
  <mem-info id="2062" free="219392848" total="1073741824" percent="20">
    <mem type="nursery" free="0" total="268435456" percent="0">
      <mem type="allocate" free="0" total="183631872" percent="0" />
      <mem type="survivor" free="0" total="84803584" percent="0" />
    </mem>
    <mem type="tenure" free="219392848" total="805306368" percent="27">
      <mem type="soa" free="211339088" total="797252608" percent="26" />
      <mem type="loa" free="8053760" total="8053760" percent="100" />
    </mem>
    <remembered-set count="135" />
  </mem-info>
</gc-start>
<allocation-stats totalBytes="108139816" >
  <allocated-bytes non-tlh="945832" tlh="107193984" />
  <largest-consumer threadName="main" threadId="0000000000016F00" bytes="108139816" />
</allocation-stats>
<gc-op id="2063" type="scavenge" timems="78.723" contextid="2060" timestamp="2022-02-08T17:30:40.411">
  <scavenger-info tenureage="1" tenuremask="7ffe" tiltratio="68" />
  <memory-copied type="nursery" objects="1467102" bytes="76269296" bytesdiscarded="53760" />
  <memory-copied type="tenure" objects="1336175" bytes="75181104" bytesdiscarded="40704" />
  <finalization candidates="92" enqueued="51" />
  <references type="soft" candidates="14" cleared="0" enqueued="0" dynamicThreshold="11" maxThreshold="32" />
  <references type="weak" candidates="1" cleared="0" enqueued="0" />
  <references type="phantom" candidates="77" cleared="7" enqueued="7" />
  <object-monitors candidates="2" cleared="0"  />
</gc-op>
<gc-end id="2064" type="scavenge" contextid="2060" durationms="78.981" usertimems="301.688" systemtimems="0.000" stalltimems="2.717" timestamp="2022-02-08T17:30:40.411" activeThreads="4">
  <mem-info id="2065" free="251663744" total="1073741824" percent="23">
    <mem type="nursery" free="107505296" total="268435456" percent="40">
      <mem type="allocate" free="107505296" total="183828480" percent="58" />
      <mem type="survivor" free="0" total="84606976" percent="0" />
    </mem>
    <mem type="tenure" free="144158448" total="805306368" percent="17" macro-fragmented="39939376">
      <mem type="soa" free="136104688" total="797252608" percent="17" />
      <mem type="loa" free="8053760" total="8053760" percent="100" />
    </mem>
    <pending-finalizers system="50" default="1" reference="7" classloader="0" />
    <remembered-set count="132" />
  </mem-info>
</gc-end>
<cycle-end id="2066" type="scavenge" contextid="2060" timestamp="2022-02-08T17:30:40.411" />
<allocation-satisfied id="2067" threadId="0000000000016F00" bytesRequested="40" />
<af-end id="2068" timestamp="2022-02-08T17:30:40.411" threadId="0000000000017908" success="true" from="nursery"/>
<exclusive-end id="2069" timestamp="2022-02-08T17:30:40.411" durationms="79.371" />

<concurrent-kickoff id="2070" timestamp="2022-02-08T17:30:41.105">
  <kickoff reason="threshold reached" targetBytes="74524681" thresholdFreeBytes="5764669"  remainingFree="5727888" tenureFreeBytes="144158448" nurseryFreeBytes="5727888" />
</concurrent-kickoff>
<exclusive-start id="2071" timestamp="2022-02-08T17:30:41.107" intervalms="775.403">
  <response-info timems="0.017" idlems="0.017" threads="0" lastid="0000000000016F00" lastname="main" />
</exclusive-start>
<cycle-start id="2072" type="global" contextid="0" timestamp="2022-02-08T17:30:41.107" intervalms="2870.862" />
<concurrent-start id="2073" type="global mark" contextid="2072" timestamp="2022-02-08T17:30:41.108">
</concurrent-start>
<exclusive-end id="2074" timestamp="2022-02-08T17:30:41.108" durationms="0.036" />

<exclusive-start id="2075" timestamp="2022-02-08T17:30:41.226" intervalms="118.293">
  <response-info timems="0.019" idlems="0.019" threads="0" lastid="0000000000016F00" lastname="main" />
</exclusive-start>
<af-start id="2076" threadId="0000000000017908" totalBytesRequested="200" timestamp="2022-02-08T17:30:41.226" intervalms="893.698" type="nursery" />
<cycle-start id="2077" type="scavenge" contextid="0" timestamp="2022-02-08T17:30:41.226" intervalms="893.697" />
<gc-start id="2078" type="scavenge" contextid="2077" timestamp="2022-02-08T17:30:41.226">
  <mem-info id="2079" free="144158448" total="1073741824" percent="13">
    <mem type="nursery" free="0" total="268435456" percent="0">
      <mem type="allocate" free="0" total="183828480" percent="0" />
      <mem type="survivor" free="0" total="84606976" percent="0" />
    </mem>
    <mem type="tenure" free="144158448" total="805306368" percent="17">
      <mem type="soa" free="136104688" total="797252608" percent="17" />
      <mem type="loa" free="8053760" total="8053760" percent="100" />
    </mem>
    <remembered-set count="133" />
  </mem-info>
</gc-start>
<allocation-stats totalBytes="107455128" >
  <allocated-bytes non-tlh="2051136" tlh="105403992" />
  <largest-consumer threadName="main" threadId="0000000000016F00" bytes="107446936" />
</allocation-stats>
<gc-op id="2080" type="scavenge" timems="77.113" contextid="2077" timestamp="2022-02-08T17:30:41.303">
  <scavenger-info tenureage="1" tenuremask="7ffe" tiltratio="68" />
  <memory-copied type="nursery" objects="1368691" bytes="76415504" bytesdiscarded="166744" />
  <memory-copied type="tenure" objects="1466403" bytes="75719064" bytesdiscarded="39624" />
  <finalization candidates="59" enqueued="2" />
  <references type="phantom" candidates="18" cleared="0" enqueued="0" />
  <object-monitors candidates="2" cleared="0"  />
</gc-op>
<gc-end id="2081" type="scavenge" contextid="2077" durationms="77.401" usertimems="301.681" systemtimems="0.000" stalltimems="3.794" timestamp="2022-02-08T17:30:41.303" activeThreads="4">
  <mem-info id="2082" free="176075320" total="1073741824" percent="16">
    <mem type="nursery" free="107639448" total="268435456" percent="40">
      <mem type="allocate" free="107639448" total="184221696" percent="58" />
      <mem type="survivor" free="0" total="84213760" percent="0" />
    </mem>
    <mem type="tenure" free="68435872" total="805306368" percent="8" macro-fragmented="0">
      <mem type="soa" free="60382112" total="797252608" percent="7" />
      <mem type="loa" free="8053760" total="8053760" percent="100" />
    </mem>
    <pending-finalizers system="2" default="0" reference="0" classloader="0" />
    <remembered-set count="108" />
  </mem-info>
</gc-end>
<cycle-end id="2083" type="scavenge" contextid="2077" timestamp="2022-02-08T17:30:41.303" />
<allocation-satisfied id="2084" threadId="0000000000016F00" bytesRequested="200" />
<af-end id="2085" timestamp="2022-02-08T17:30:41.303" threadId="0000000000017908" success="true" from="nursery"/>
<exclusive-end id="2086" timestamp="2022-02-08T17:30:41.303" durationms="77.710" />

<concurrent-end id="2087" type="global mark" contextid="2072" timestamp="2022-02-08T17:30:41.574">
<gc-op id="2088" type="trace" timems="466.666" contextid="2072" timestamp="2022-02-08T17:30:41.574">
  <trace bytesTraced="74431608" workStackOverflowCount="0" />
  <card-cleaning reason="card cleaning threshold reached" bytesTraced="480" cardsCleaned="2" />
</gc-op>
</concurrent-end>

<exclusive-start id="2089" timestamp="2022-02-08T17:30:41.574" intervalms="348.452">
  <response-info timems="0.018" idlems="0.018" threads="0" lastid="0000000000016F00" lastname="main" />
</exclusive-start>
<concurrent-global-final id="2090" timestamp="2022-02-08T17:30:41.574" contextid="2072" intervalms="2992.813" >
  <concurrent-trace-info reason="card cleaning threshold reached" tracedByMutators="14180360" tracedByHelpers="60251728" cardsCleaned="2" workStackOverflowCount="0" />
</concurrent-global-final>
<gc-start id="2091" type="global" contextid="2072" timestamp="2022-02-08T17:30:41.574">
  <mem-info id="2092" free="136126832" total="1073741824" percent="12">
    <mem type="nursery" free="67690960" total="268435456" percent="25">
      <mem type="allocate" free="67690960" total="184221696" percent="36" />
      <mem type="survivor" free="0" total="84213760" percent="0" />
    </mem>
    <mem type="tenure" free="68435872" total="805306368" percent="8">
      <mem type="soa" free="60382112" total="797252608" percent="7" />
      <mem type="loa" free="8053760" total="8053760" percent="100" />
    </mem>
    <remembered-set count="108" />
  </mem-info>
</gc-start>
<allocation-stats totalBytes="39928752" >
  <allocated-bytes non-tlh="200" tlh="39928552" />
  <largest-consumer threadName="main" threadId="0000000000016F00" bytes="39924656" />
</allocation-stats>
<gc-op id="2093" type="rs-scan" timems="0.586" contextid="2072" timestamp="2022-02-08T17:30:41.575">
  <scan objectsFound="29" bytesTraced="5484" workStackOverflowCount="0" />
</gc-op>
<gc-op id="2094" type="card-cleaning" timems="164.630" contextid="2072" timestamp="2022-02-08T17:30:41.740">
  <card-cleaning cardsCleaned="10" bytesTraced="71010388" workStackOverflowCount="0" />
</gc-op>
<gc-op id="2095" type="mark" timems="64.106" contextid="2072" timestamp="2022-02-08T17:30:41.804">
  <trace-info objectcount="1939794" scancount="1456372" scanbytes="31137000" />
  <finalization candidates="428" enqueued="57" />
  <ownableSynchronizers candidates="1" cleared="0" />
  <references type="soft" candidates="894" cleared="0" enqueued="0" dynamicThreshold="11" maxThreshold="32" />
  <references type="weak" candidates="1701" cleared="0" enqueued="0" />
  <references type="phantom" candidates="52" cleared="2" enqueued="2" />
  <stringconstants candidates="6470" cleared="0"  />
  <object-monitors candidates="2" cleared="0"  />
</gc-op>
<gc-op id="2096" type="sweep" timems="4.844" contextid="2072" timestamp="2022-02-08T17:30:41.809" />
<gc-end id="2097" type="global" contextid="2072" durationms="234.371" usertimems="293.590" systemtimems="0.424" stalltimems="147.481" timestamp="2022-02-08T17:30:41.809" activeThreads="4">
  <mem-info id="2098" free="379357928" total="1073741824" percent="35">
    <mem type="nursery" free="67969992" total="268435456" percent="25">
      <mem type="allocate" free="67969992" total="184221696" percent="36" />
      <mem type="survivor" free="0" total="84213760" percent="0" />
    </mem>
    <mem type="tenure" free="311387936" total="805306368" percent="38" micro-fragmented="425795" macro-fragmented="0">
      <mem type="soa" free="303334176" total="797252608" percent="38" />
      <mem type="loa" free="8053760" total="8053760" percent="100" />
    </mem>
    <pending-finalizers system="57" default="0" reference="2" classloader="0" />
    <remembered-set count="108" />
  </mem-info>
</gc-end>
<cycle-end id="2099" type="global" contextid="2072" timestamp="2022-02-08T17:30:41.809" />
<exclusive-end id="2100" timestamp="2022-02-08T17:30:41.809" durationms="234.582" />

<exclusive-start id="2101" timestamp="2022-02-08T17:30:42.236" intervalms="662.139">
  <response-info timems="0.017" idlems="0.017" threads="0" lastid="0000000000016F00" lastname="main" />
</exclusive-start>
<af-start id="2102" threadId="0000000000017908" totalBytesRequested="128" timestamp="2022-02-08T17:30:42.236" intervalms="1010.592" type="nursery" />
<cycle-start id="2103" type="scavenge" contextid="0" timestamp="2022-02-08T17:30:42.236" intervalms="1010.594" />
<gc-start id="2104" type="scavenge" contextid="2103" timestamp="2022-02-08T17:30:42.236">
  <mem-info id="2105" free="311387936" total="1073741824" percent="29">
    <mem type="nursery" free="0" total="268435456" percent="0">
      <mem type="allocate" free="0" total="184221696" percent="0" />
      <mem type="survivor" free="0" total="84213760" percent="0" />
    </mem>
    <mem type="tenure" free="311387936" total="805306368" percent="38">
      <mem type="soa" free="303334176" total="797252608" percent="38" />
      <mem type="loa" free="8053760" total="8053760" percent="100" />
    </mem>
    <remembered-set count="111" />
  </mem-info>
</gc-start>
<allocation-stats totalBytes="67938056" >
  <allocated-bytes non-tlh="0" tlh="67938056" />
  <largest-consumer threadName="main" threadId="0000000000016F00" bytes="67933960" />
</allocation-stats>
<gc-op id="2106" type="scavenge" timems="76.585" contextid="2103" timestamp="2022-02-08T17:30:42.313">
  <scavenger-info tenureage="1" tenuremask="7ffe" tiltratio="68" />
  <memory-copied type="nursery" objects="1356706" bytes="76618080" bytesdiscarded="146640" />
  <memory-copied type="tenure" objects="1368666" bytes="76398192" bytesdiscarded="40248" />
  <finalization candidates="16" enqueued="0" />
  <ownableSynchronizers candidates="2" cleared="2" />
  <object-monitors candidates="2" cleared="0"  />
</gc-op>
<gc-end id="2107" type="scavenge" contextid="2103" durationms="76.954" usertimems="297.463" systemtimems="0.000" stalltimems="3.725" timestamp="2022-02-08T17:30:42.313" activeThreads="4">
  <mem-info id="2108" free="342410544" total="1073741824" percent="31">
    <mem type="nursery" free="107719120" total="268435456" percent="40">
      <mem type="allocate" free="107719120" total="184483840" percent="58" />
      <mem type="survivor" free="0" total="83951616" percent="0" />
    </mem>
    <mem type="tenure" free="234691424" total="805306368" percent="29" macro-fragmented="602881">
      <mem type="soa" free="226637664" total="797252608" percent="28" />
      <mem type="loa" free="8053760" total="8053760" percent="100" />
    </mem>
    <remembered-set count="105" />
  </mem-info>
</gc-end>
<cycle-end id="2109" type="scavenge" contextid="2103" timestamp="2022-02-08T17:30:42.314" />
<allocation-satisfied id="2110" threadId="0000000000016F00" bytesRequested="128" />
<af-end id="2111" timestamp="2022-02-08T17:30:42.314" threadId="0000000000017908" success="true" from="nursery"/>
<exclusive-end id="2112" timestamp="2022-02-08T17:30:42.314" durationms="77.248" />

<exclusive-start id="2113" timestamp="2022-02-08T17:30:42.984" intervalms="747.363">
  <response-info timems="0.017" idlems="0.017" threads="0" lastid="0000000000016F00" lastname="main" />
</exclusive-start>
<af-start id="2114" threadId="0000000000017908" totalBytesRequested="32" timestamp="2022-02-08T17:30:42.984" intervalms="747.359" type="nursery" />
<cycle-start id="2115" type="scavenge" contextid="0" timestamp="2022-02-08T17:30:42.984" intervalms="747.357" />
<gc-start id="2116" type="scavenge" contextid="2115" timestamp="2022-02-08T17:30:42.984">
  <mem-info id="2117" free="234691424" total="1073741824" percent="21">
    <mem type="nursery" free="0" total="268435456" percent="0">
      <mem type="allocate" free="0" total="184483840" percent="0" />
      <mem type="survivor" free="0" total="83951616" percent="0" />
    </mem>
    <mem type="tenure" free="234691424" total="805306368" percent="29">
      <mem type="soa" free="226637664" total="797252608" percent="28" />
      <mem type="loa" free="8053760" total="8053760" percent="100" />
    </mem>
    <remembered-set count="119" />
  </mem-info>
</gc-start>
<allocation-stats totalBytes="107671920" >
  <allocated-bytes non-tlh="128" tlh="107671792" />
  <largest-consumer threadName="main" threadId="0000000000016F00" bytes="107671920" />
</allocation-stats>
<gc-op id="2118" type="scavenge" timems="73.549" contextid="2115" timestamp="2022-02-08T17:30:43.057">
  <scavenger-info tenureage="1" tenuremask="7ffe" tiltratio="68" />
  <memory-copied type="nursery" objects="1350507" bytes="76549568" bytesdiscarded="137056" />
  <memory-copied type="tenure" objects="1356706" bytes="76618080" bytesdiscarded="42064" />
  <finalization candidates="15" enqueued="8" />
  <references type="phantom" candidates="15" cleared="0" enqueued="0" />
  <object-monitors candidates="2" cleared="0"  />
</gc-op>
<gc-end id="2119" type="scavenge" contextid="2115" durationms="74.021" usertimems="290.712" systemtimems="0.000" stalltimems="3.288" timestamp="2022-02-08T17:30:43.058" activeThreads="4">
  <mem-info id="2120" free="266225152" total="1073741824" percent="24">
    <mem type="nursery" free="107993824" total="268435456" percent="40">
      <mem type="allocate" free="107993824" total="184680448" percent="58" />
      <mem type="survivor" free="0" total="83755008" percent="0" />
    </mem>
    <mem type="tenure" free="158231328" total="805306368" percent="19" macro-fragmented="0">
      <mem type="soa" free="150177568" total="797252608" percent="18" />
      <mem type="loa" free="8053760" total="8053760" percent="100" />
    </mem>
    <pending-finalizers system="8" default="0" reference="0" classloader="0" />
    <remembered-set count="118" />
  </mem-info>
</gc-end>
<cycle-end id="2121" type="scavenge" contextid="2115" timestamp="2022-02-08T17:30:43.058" />
<allocation-satisfied id="2122" threadId="0000000000016F00" bytesRequested="32" />
<af-end id="2123" timestamp="2022-02-08T17:30:43.058" threadId="0000000000017908" success="true" from="nursery"/>
<exclusive-end id="2124" timestamp="2022-02-08T17:30:43.058" durationms="74.305" />

<concurrent-kickoff id="2125" timestamp="2022-02-08T17:30:43.885">
  <kickoff reason="threshold reached" targetBytes="74506153" thresholdFreeBytes="5815642"  remainingFree="5690680" tenureFreeBytes="158231328" nurseryFreeBytes="5690680" />
</concurrent-kickoff>
<exclusive-start id="2126" timestamp="2022-02-08T17:30:43.888" intervalms="904.139">
  <response-info timems="0.018" idlems="0.018" threads="0" lastid="0000000000016F00" lastname="main" />
</exclusive-start>
<cycle-start id="2127" type="global" contextid="0" timestamp="2022-02-08T17:30:43.888" intervalms="2780.378" />
<concurrent-start id="2128" type="global mark" contextid="2127" timestamp="2022-02-08T17:30:43.888">
</concurrent-start>
<exclusive-end id="2129" timestamp="2022-02-08T17:30:43.888" durationms="0.029" />

<exclusive-start id="2130" timestamp="2022-02-08T17:30:44.014" intervalms="126.008">
  <response-info timems="9.859" idlems="9.859" threads="0" lastid="0000000000016F00" lastname="main" />
</exclusive-start>
<af-start id="2131" threadId="0000000000017908" totalBytesRequested="16" timestamp="2022-02-08T17:30:44.014" intervalms="1030.156" type="nursery" />
<cycle-start id="2132" type="scavenge" contextid="0" timestamp="2022-02-08T17:30:44.014" intervalms="1030.159" />
<gc-start id="2133" type="scavenge" contextid="2132" timestamp="2022-02-08T17:30:44.014">
  <mem-info id="2134" free="158231328" total="1073741824" percent="14">
    <mem type="nursery" free="0" total="268435456" percent="0">
      <mem type="allocate" free="0" total="184680448" percent="0" />
      <mem type="survivor" free="0" total="83755008" percent="0" />
    </mem>
    <mem type="tenure" free="158231328" total="805306368" percent="19">
      <mem type="soa" free="150177568" total="797252608" percent="18" />
      <mem type="loa" free="8053760" total="8053760" percent="100" />
    </mem>
    <remembered-set count="136" />
  </mem-info>
</gc-start>
<allocation-stats totalBytes="107948672" >
  <allocated-bytes non-tlh="2938280" tlh="105010392" />
  <largest-consumer threadName="main" threadId="0000000000016F00" bytes="107944576" />
</allocation-stats>
<gc-op id="2135" type="scavenge" timems="74.948" contextid="2132" timestamp="2022-02-08T17:30:44.089">
  <scavenger-info tenureage="1" tenuremask="7ffe" tiltratio="68" />
  <memory-copied type="nursery" objects="1441510" bytes="75920112" bytesdiscarded="226752" />
  <memory-copied type="tenure" objects="1350357" bytes="76463424" bytesdiscarded="41456" />
  <finalization candidates="102" enqueued="45" />
  <references type="soft" candidates="14" cleared="0" enqueued="0" dynamicThreshold="12" maxThreshold="32" />
  <references type="weak" candidates="1" cleared="0" enqueued="0" />
  <references type="phantom" candidates="87" cleared="7" enqueued="7" />
  <object-monitors candidates="2" cleared="0"  />
</gc-op>
<gc-end id="2136" type="scavenge" contextid="2132" durationms="75.401" usertimems="295.110" systemtimems="0.655" stalltimems="3.969" timestamp="2022-02-08T17:30:44.089" activeThreads="4">
  <mem-info id="2137" free="190514816" total="1073741824" percent="17">
    <mem type="nursery" free="108795600" total="268435456" percent="40">
      <mem type="allocate" free="108795600" total="184942592" percent="58" />
      <mem type="survivor" free="0" total="83492864" percent="0" />
    </mem>
    <mem type="tenure" free="81719216" total="805306368" percent="10" macro-fragmented="27735676">
      <mem type="soa" free="73665456" total="797252608" percent="9" />
      <mem type="loa" free="8053760" total="8053760" percent="100" />
    </mem>
    <pending-finalizers system="44" default="1" reference="7" classloader="0" />
    <remembered-set count="121" />
  </mem-info>
</gc-end>
<cycle-end id="2138" type="scavenge" contextid="2132" timestamp="2022-02-08T17:30:44.090" />
<allocation-satisfied id="2139" threadId="0000000000016F00" bytesRequested="16" />
<af-end id="2140" timestamp="2022-02-08T17:30:44.090" threadId="0000000000017908" success="true" from="nursery"/>
<exclusive-end id="2141" timestamp="2022-02-08T17:30:44.090" durationms="75.754" />

<concurrent-end id="2142" type="global mark" contextid="2127" timestamp="2022-02-08T17:30:44.213">
<gc-op id="2143" type="trace" timems="325.471" contextid="2127" timestamp="2022-02-08T17:30:44.213">
  <trace bytesTraced="74431784" workStackOverflowCount="0" />
  <card-cleaning reason="card cleaning threshold reached" bytesTraced="480" cardsCleaned="2" />
</gc-op>
</concurrent-end>

<exclusive-start id="2144" timestamp="2022-02-08T17:30:44.213" intervalms="199.532">
  <response-info timems="0.018" idlems="0.018" threads="0" lastid="0000000000016F00" lastname="main" />
</exclusive-start>
<concurrent-global-final id="2145" timestamp="2022-02-08T17:30:44.213" contextid="2127" intervalms="2639.171" >
  <concurrent-trace-info reason="card cleaning threshold reached" tracedByMutators="56394484" tracedByHelpers="18037780" cardsCleaned="2" workStackOverflowCount="0" />
</concurrent-global-final>
<gc-start id="2146" type="global" contextid="2127" timestamp="2022-02-08T17:30:44.213">
  <mem-info id="2147" free="181888624" total="1073741824" percent="16">
    <mem type="nursery" free="100169408" total="268435456" percent="37">
      <mem type="allocate" free="100169408" total="184942592" percent="54" />
      <mem type="survivor" free="0" total="83492864" percent="0" />
    </mem>
    <mem type="tenure" free="81719216" total="805306368" percent="10">
      <mem type="soa" free="73665456" total="797252608" percent="9" />
      <mem type="loa" free="8053760" total="8053760" percent="100" />
    </mem>
    <remembered-set count="122" />
  </mem-info>
</gc-start>
<allocation-stats totalBytes="8622432" >
  <allocated-bytes non-tlh="16" tlh="8622416" />
  <largest-consumer threadName="main" threadId="0000000000016F00" bytes="8614240" />
</allocation-stats>
<gc-op id="2148" type="rs-scan" timems="125.000" contextid="2127" timestamp="2022-02-08T17:30:44.338">
  <scan objectsFound="3324752" bytesTraced="71013568" workStackOverflowCount="0" />
</gc-op>
<gc-op id="2149" type="card-cleaning" timems="0.288" contextid="2127" timestamp="2022-02-08T17:30:44.339">
  <card-cleaning cardsCleaned="3" bytesTraced="1040" workStackOverflowCount="0" />
</gc-op>
<gc-op id="2150" type="mark" timems="32.486" contextid="2127" timestamp="2022-02-08T17:30:44.371">
  <trace-info objectcount="1272757" scancount="956094" scanbytes="20464392" />
  <finalization candidates="428" enqueued="57" />
  <ownableSynchronizers candidates="1" cleared="0" />
  <references type="soft" candidates="894" cleared="0" enqueued="0" dynamicThreshold="12" maxThreshold="32" />
  <references type="weak" candidates="1701" cleared="0" enqueued="0" />
  <references type="phantom" candidates="52" cleared="2" enqueued="2" />
  <stringconstants candidates="6470" cleared="0"  />
  <object-monitors candidates="2" cleared="0"  />
</gc-op>
<gc-op id="2151" type="sweep" timems="4.824" contextid="2127" timestamp="2022-02-08T17:30:44.376" />
<gc-end id="2152" type="global" contextid="2127" durationms="163.074" usertimems="177.105" systemtimems="0.000" stalltimems="97.240" timestamp="2022-02-08T17:30:44.377" activeThreads="4">
  <mem-info id="2153" free="425418616" total="1073741824" percent="39">
    <mem type="nursery" free="100899984" total="268435456" percent="37">
      <mem type="allocate" free="100899984" total="184942592" percent="54" />
      <mem type="survivor" free="0" total="83492864" percent="0" />
    </mem>
    <mem type="tenure" free="324518632" total="805306368" percent="40" micro-fragmented="311616" macro-fragmented="0">
      <mem type="soa" free="316464872" total="797252608" percent="39" />
      <mem type="loa" free="8053760" total="8053760" percent="100" />
    </mem>
    <pending-finalizers system="57" default="0" reference="2" classloader="0" />
    <remembered-set count="109" />
  </mem-info>
</gc-end>
<cycle-end id="2154" type="global" contextid="2127" timestamp="2022-02-08T17:30:44.377" />
<exclusive-end id="2155" timestamp="2022-02-08T17:30:44.377" durationms="163.268" />

<exclusive-start id="2156" timestamp="2022-02-08T17:30:45.045" intervalms="831.392">
  <response-info timems="0.018" idlems="0.018" threads="0" lastid="0000000000016F00" lastname="main" />
</exclusive-start>
<af-start id="2157" threadId="0000000000017908" totalBytesRequested="104" timestamp="2022-02-08T17:30:45.045" intervalms="1030.918" type="nursery" />
<cycle-start id="2158" type="scavenge" contextid="0" timestamp="2022-02-08T17:30:45.045" intervalms="1030.914" />
<gc-start id="2159" type="scavenge" contextid="2158" timestamp="2022-02-08T17:30:45.045">
  <mem-info id="2160" free="324518632" total="1073741824" percent="30">
    <mem type="nursery" free="0" total="268435456" percent="0">
      <mem type="allocate" free="0" total="184942592" percent="0" />
      <mem type="survivor" free="0" total="83492864" percent="0" />
    </mem>
    <mem type="tenure" free="324518632" total="805306368" percent="40">
      <mem type="soa" free="316464872" total="797252608" percent="39" />
      <mem type="loa" free="8053760" total="8053760" percent="100" />
    </mem>
    <remembered-set count="110" />
  </mem-info>
</gc-start>
<allocation-stats totalBytes="100852480" >
  <allocated-bytes non-tlh="0" tlh="100852480" />
  <largest-consumer threadName="main" threadId="0000000000016F00" bytes="100848344" />
</allocation-stats>
<gc-op id="2161" type="scavenge" timems="78.255" contextid="2158" timestamp="2022-02-08T17:30:45.123">
  <scavenger-info tenureage="1" tenuremask="7ffe" tiltratio="68" />
  <memory-copied type="nursery" objects="1410999" bytes="77878064" bytesdiscarded="151792" />
  <memory-copied type="tenure" objects="1440899" bytes="75521592" bytesdiscarded="40904" />
  <finalization candidates="50" enqueued="0" />
  <ownableSynchronizers candidates="2" cleared="2" />
  <object-monitors candidates="2" cleared="0"  />
</gc-op>
<gc-end id="2162" type="scavenge" contextid="2158" durationms="78.631" usertimems="309.112" systemtimems="0.000" stalltimems="3.450" timestamp="2022-02-08T17:30:45.124" activeThreads="4">
  <mem-info id="2163" free="353290472" total="1073741824" percent="32">
    <mem type="nursery" free="104684512" total="268435456" percent="38">
      <mem type="allocate" free="104684512" total="182714368" percent="57" />
      <mem type="survivor" free="0" total="85721088" percent="0" />
    </mem>
    <mem type="tenure" free="248605960" total="805306368" percent="30" macro-fragmented="2160235">
      <mem type="soa" free="240552200" total="797252608" percent="30" />
      <mem type="loa" free="8053760" total="8053760" percent="100" />
    </mem>
    <remembered-set count="103" />
  </mem-info>
</gc-end>
<cycle-end id="2164" type="scavenge" contextid="2158" timestamp="2022-02-08T17:30:45.124" />
<allocation-satisfied id="2165" threadId="0000000000016F00" bytesRequested="104" />
<af-end id="2166" timestamp="2022-02-08T17:30:45.124" threadId="0000000000017908" success="true" from="nursery"/>
<exclusive-end id="2167" timestamp="2022-02-08T17:30:45.124" durationms="78.982" />

<exclusive-start id="2168" timestamp="2022-02-08T17:30:45.738" intervalms="693.637">
  <response-info timems="0.029" idlems="0.029" threads="0" lastid="0000000000016F00" lastname="main" />
</exclusive-start>
<af-start id="2169" threadId="0000000000017908" totalBytesRequested="104" timestamp="2022-02-08T17:30:45.739" intervalms="693.667" type="nursery" />
<cycle-start id="2170" type="scavenge" contextid="0" timestamp="2022-02-08T17:30:45.739" intervalms="693.670" />
<gc-start id="2171" type="scavenge" contextid="2170" timestamp="2022-02-08T17:30:45.739">
  <mem-info id="2172" free="248605960" total="1073741824" percent="23">
    <mem type="nursery" free="0" total="268435456" percent="0">
      <mem type="allocate" free="0" total="182714368" percent="0" />
      <mem type="survivor" free="0" total="85721088" percent="0" />
    </mem>
    <mem type="tenure" free="248605960" total="805306368" percent="30">
      <mem type="soa" free="240552200" total="797252608" percent="30" />
      <mem type="loa" free="8053760" total="8053760" percent="100" />
    </mem>
    <remembered-set count="103" />
  </mem-info>
</gc-start>
<allocation-stats totalBytes="104638600" >
  <allocated-bytes non-tlh="104" tlh="104638496" />
  <largest-consumer threadName="main" threadId="0000000000016F00" bytes="104638600" />
</allocation-stats>
<gc-op id="2173" type="scavenge" timems="74.862" contextid="2170" timestamp="2022-02-08T17:30:45.813">
  <scavenger-info tenureage="1" tenuremask="7ffe" tiltratio="68" />
  <memory-copied type="nursery" objects="1306772" bytes="74396464" bytesdiscarded="150232" />
  <memory-copied type="tenure" objects="1410999" bytes="77878064" bytesdiscarded="39904" />
  <object-monitors candidates="2" cleared="0"  />
</gc-op>
<gc-end id="2174" type="scavenge" contextid="2170" durationms="75.349" usertimems="295.089" systemtimems="0.051" stalltimems="3.807" timestamp="2022-02-08T17:30:45.814" activeThreads="4">
  <mem-info id="2175" free="279170080" total="1073741824" percent="25">
    <mem type="nursery" free="108495352" total="268435456" percent="40">
      <mem type="allocate" free="108495352" total="183042048" percent="59" />
      <mem type="survivor" free="0" total="85393408" percent="0" />
    </mem>
    <mem type="tenure" free="170674728" total="805306368" percent="21" macro-fragmented="0">
      <mem type="soa" free="162620968" total="797252608" percent="20" />
      <mem type="loa" free="8053760" total="8053760" percent="100" />
    </mem>
    <remembered-set count="104" />
  </mem-info>
</gc-end>
<cycle-end id="2176" type="scavenge" contextid="2170" timestamp="2022-02-08T17:30:45.814" />
<allocation-satisfied id="2177" threadId="0000000000016F00" bytesRequested="104" />
<af-end id="2178" timestamp="2022-02-08T17:30:45.814" threadId="0000000000017908" success="true" from="nursery"/>
<exclusive-end id="2179" timestamp="2022-02-08T17:30:45.814" durationms="75.666" />

<exclusive-start id="2180" timestamp="2022-02-08T17:30:46.679" intervalms="940.669">
  <response-info timems="0.056" idlems="0.056" threads="0" lastid="0000000000016F00" lastname="main" />
</exclusive-start>
<af-start id="2181" threadId="0000000000017908" totalBytesRequested="64" timestamp="2022-02-08T17:30:46.679" intervalms="940.656" type="nursery" />
<cycle-start id="2182" type="scavenge" contextid="0" timestamp="2022-02-08T17:30:46.679" intervalms="940.654" />
<gc-start id="2183" type="scavenge" contextid="2182" timestamp="2022-02-08T17:30:46.679">
  <mem-info id="2184" free="170674728" total="1073741824" percent="15">
    <mem type="nursery" free="0" total="268435456" percent="0">
      <mem type="allocate" free="0" total="183042048" percent="0" />
      <mem type="survivor" free="0" total="85393408" percent="0" />
    </mem>
    <mem type="tenure" free="170674728" total="805306368" percent="21">
      <mem type="soa" free="162620968" total="797252608" percent="20" />
      <mem type="loa" free="8053760" total="8053760" percent="100" />
    </mem>
    <remembered-set count="136" />
  </mem-info>
</gc-start>
<allocation-stats totalBytes="108448144" >
  <allocated-bytes non-tlh="2841552" tlh="105606592" />
  <largest-consumer threadName="main" threadId="0000000000016F00" bytes="108448144" />
</allocation-stats>
<gc-op id="2185" type="scavenge" timems="73.632" contextid="2182" timestamp="2022-02-08T17:30:46.753">
  <scavenger-info tenureage="1" tenuremask="7ffe" tiltratio="68" />
  <memory-copied type="nursery" objects="1452890" bytes="76243280" bytesdiscarded="121104" />
  <memory-copied type="tenure" objects="1306772" bytes="74396464" bytesdiscarded="38400" />
  <finalization candidates="110" enqueued="53" />
  <references type="soft" candidates="14" cleared="0" enqueued="0" dynamicThreshold="12" maxThreshold="32" />
  <references type="weak" candidates="1" cleared="0" enqueued="0" />
  <references type="phantom" candidates="95" cleared="7" enqueued="7" />
  <object-monitors candidates="2" cleared="0"  />
</gc-op>
<gc-end id="2186" type="scavenge" contextid="2182" durationms="73.997" usertimems="291.820" systemtimems="0.169" stalltimems="2.237" timestamp="2022-02-08T17:30:46.753" activeThreads="4">
  <mem-info id="2187" free="203188144" total="1073741824" percent="18">
    <mem type="nursery" free="106874144" total="268435456" percent="39">
      <mem type="allocate" free="106874144" total="183238656" percent="58" />
      <mem type="survivor" free="0" total="85196800" percent="0" />
    </mem>
    <mem type="tenure" free="96314000" total="805306368" percent="11" macro-fragmented="47927252">
      <mem type="soa" free="88260240" total="797252608" percent="11" />
      <mem type="loa" free="8053760" total="8053760" percent="100" />
    </mem>
    <pending-finalizers system="52" default="1" reference="7" classloader="0" />
    <remembered-set count="131" />
  </mem-info>
</gc-end>
<cycle-end id="2188" type="scavenge" contextid="2182" timestamp="2022-02-08T17:30:46.753" />
<allocation-satisfied id="2189" threadId="0000000000016F00" bytesRequested="64" />
<af-end id="2190" timestamp="2022-02-08T17:30:46.753" threadId="0000000000017908" success="true" from="nursery"/>
<exclusive-end id="2191" timestamp="2022-02-08T17:30:46.753" durationms="74.298" />

<concurrent-kickoff id="2192" timestamp="2022-02-08T17:30:47.422">
  <kickoff reason="threshold reached" targetBytes="74491367" thresholdFreeBytes="5798867"  remainingFree="5711072" tenureFreeBytes="96314000" nurseryFreeBytes="5711072" />
</concurrent-kickoff>
<exclusive-start id="2193" timestamp="2022-02-08T17:30:47.426" intervalms="746.812">
  <response-info timems="0.018" idlems="0.018" threads="0" lastid="0000000000016F00" lastname="main" />
</exclusive-start>
<cycle-start id="2194" type="global" contextid="0" timestamp="2022-02-08T17:30:47.426" intervalms="3538.075" />
<concurrent-start id="2195" type="global mark" contextid="2194" timestamp="2022-02-08T17:30:47.426">
</concurrent-start>
<exclusive-end id="2196" timestamp="2022-02-08T17:30:47.426" durationms="0.055" />

<exclusive-start id="2197" timestamp="2022-02-08T17:30:47.550" intervalms="124.055">
  <response-info timems="0.033" idlems="0.033" threads="0" lastid="0000000000016F00" lastname="main" />
</exclusive-start>
<af-start id="2198" threadId="0000000000017908" totalBytesRequested="24" timestamp="2022-02-08T17:30:47.550" intervalms="870.861" type="nursery" />
<cycle-start id="2199" type="scavenge" contextid="0" timestamp="2022-02-08T17:30:47.550" intervalms="870.860" />
<gc-start id="2200" type="scavenge" contextid="2199" timestamp="2022-02-08T17:30:47.550">
  <mem-info id="2201" free="96314000" total="1073741824" percent="8">
    <mem type="nursery" free="0" total="268435456" percent="0">
      <mem type="allocate" free="0" total="183238656" percent="0" />
      <mem type="survivor" free="0" total="85196800" percent="0" />
    </mem>
    <mem type="tenure" free="96314000" total="805306368" percent="11">
      <mem type="soa" free="88260240" total="797252608" percent="11" />
      <mem type="loa" free="8053760" total="8053760" percent="100" />
    </mem>
    <remembered-set count="132" />
  </mem-info>
</gc-start>
<allocation-stats totalBytes="106823816" >
  <allocated-bytes non-tlh="64" tlh="106823752" />
  <largest-consumer threadName="main" threadId="0000000000016F00" bytes="106815624" />
</allocation-stats>
<gc-op id="2202" type="scavenge" timems="76.497" contextid="2199" timestamp="2022-02-08T17:30:47.627">
  <scavenger-info tenureage="1" tenuremask="7ffe" tiltratio="68" />
  <memory-copied type="nursery" objects="1380774" bytes="76115264" bytesdiscarded="337104" />
  <memory-copied type="tenure" objects="1452178" bytes="75775384" bytesdiscarded="38160" />
  <finalization candidates="57" enqueued="0" />
  <object-monitors candidates="2" cleared="0"  />
</gc-op>
<gc-end id="2203" type="scavenge" contextid="2199" durationms="76.817" usertimems="300.451" systemtimems="0.867" stalltimems="4.295" timestamp="2022-02-08T17:30:47.627" activeThreads="4">
  <mem-info id="2204" free="128065232" total="1073741824" percent="11">
    <mem type="nursery" free="107376112" total="268435456" percent="40">
      <mem type="allocate" free="107376112" total="183828480" percent="58" />
      <mem type="survivor" free="0" total="84606976" percent="0" />
    </mem>
    <mem type="tenure" free="20689120" total="805306368" percent="2" macro-fragmented="18886860">
      <mem type="soa" free="12635360" total="797252608" percent="1" />
      <mem type="loa" free="8053760" total="8053760" percent="100" />
    </mem>
    <remembered-set count="103" />
  </mem-info>
</gc-end>
<cycle-end id="2205" type="scavenge" contextid="2199" timestamp="2022-02-08T17:30:47.627" />
<allocation-satisfied id="2206" threadId="0000000000016F00" bytesRequested="24" />
<af-end id="2207" timestamp="2022-02-08T17:30:47.627" threadId="0000000000017908" success="true" from="nursery"/>
<exclusive-end id="2208" timestamp="2022-02-08T17:30:47.627" durationms="77.165" />

<concurrent-end id="2209" type="global mark" contextid="2194" timestamp="2022-02-08T17:30:47.746">
<gc-op id="2210" type="trace" timems="320.505" contextid="2194" timestamp="2022-02-08T17:30:47.746">
  <trace bytesTraced="74407408" workStackOverflowCount="0" />
  <card-cleaning reason="card cleaning threshold reached" bytesTraced="480" cardsCleaned="2" />
</gc-op>
</concurrent-end>

<exclusive-start id="2211" timestamp="2022-02-08T17:30:47.747" intervalms="196.545">
  <response-info timems="0.017" idlems="0.017" threads="0" lastid="0000000000016F00" lastname="main" />
</exclusive-start>
<concurrent-global-final id="2212" timestamp="2022-02-08T17:30:47.747" contextid="2194" intervalms="3533.109" >
  <concurrent-trace-info reason="card cleaning threshold reached" tracedByMutators="56393144" tracedByHelpers="18014744" cardsCleaned="2" workStackOverflowCount="0" />
</concurrent-global-final>
<gc-start id="2213" type="global" contextid="2194" timestamp="2022-02-08T17:30:47.747">
  <mem-info id="2214" free="120364728" total="1073741824" percent="11">
    <mem type="nursery" free="99675608" total="268435456" percent="37">
      <mem type="allocate" free="99675608" total="183828480" percent="54" />
      <mem type="survivor" free="0" total="84606976" percent="0" />
    </mem>
    <mem type="tenure" free="20689120" total="805306368" percent="2">
      <mem type="soa" free="12635360" total="797252608" percent="1" />
      <mem type="loa" free="8053760" total="8053760" percent="100" />
    </mem>
    <remembered-set count="103" />
  </mem-info>
</gc-start>
<allocation-stats totalBytes="7697360" >
  <allocated-bytes non-tlh="24" tlh="7697336" />
  <largest-consumer threadName="main" threadId="0000000000016F00" bytes="7697360" />
</allocation-stats>
<gc-op id="2215" type="rs-scan" timems="0.537" contextid="2194" timestamp="2022-02-08T17:30:47.747">
  <scan objectsFound="0" bytesTraced="3884" workStackOverflowCount="0" />
</gc-op>
<gc-op id="2216" type="card-cleaning" timems="147.502" contextid="2194" timestamp="2022-02-08T17:30:47.895">
  <card-cleaning cardsCleaned="11" bytesTraced="71034764" workStackOverflowCount="0" />
</gc-op>
<gc-op id="2217" type="mark" timems="63.926" contextid="2194" timestamp="2022-02-08T17:30:47.959">
  <trace-info objectcount="2384959" scancount="1790246" scanbytes="38259648" />
  <finalization candidates="428" enqueued="57" />
  <ownableSynchronizers candidates="1" cleared="0" />
  <references type="soft" candidates="894" cleared="0" enqueued="0" dynamicThreshold="12" maxThreshold="32" />
  <references type="weak" candidates="1701" cleared="0" enqueued="0" />
  <references type="phantom" candidates="52" cleared="2" enqueued="2" />
  <stringconstants candidates="6470" cleared="0"  />
  <object-monitors candidates="2" cleared="0"  />
</gc-op>
<gc-op id="2218" type="sweep" timems="5.168" contextid="2194" timestamp="2022-02-08T17:30:47.964" />
<gc-end id="2219" type="global" contextid="2194" durationms="217.576" usertimems="231.657" systemtimems="0.838" stalltimems="191.653" timestamp="2022-02-08T17:30:47.964" activeThreads="4">
  <mem-info id="2220" free="363629376" total="1073741824" percent="33">
    <mem type="nursery" free="100106120" total="268435456" percent="37">
      <mem type="allocate" free="100106120" total="183828480" percent="54" />
      <mem type="survivor" free="0" total="84606976" percent="0" />
    </mem>
    <mem type="tenure" free="263523256" total="805306368" percent="32" micro-fragmented="411700" macro-fragmented="1800196">
      <mem type="soa" free="255469496" total="797252608" percent="32" />
      <mem type="loa" free="8053760" total="8053760" percent="100" />
    </mem>
    <pending-finalizers system="57" default="0" reference="2" classloader="0" />
    <remembered-set count="103" />
  </mem-info>
</gc-end>
<cycle-end id="2221" type="global" contextid="2194" timestamp="2022-02-08T17:30:47.964" />
<exclusive-end id="2222" timestamp="2022-02-08T17:30:47.964" durationms="217.773" />

<exclusive-start id="2223" timestamp="2022-02-08T17:30:48.556" intervalms="809.547">
  <response-info timems="0.019" idlems="0.019" threads="0" lastid="0000000000016F00" lastname="main" />
</exclusive-start>
<af-start id="2224" threadId="0000000000017908" totalBytesRequested="184" timestamp="2022-02-08T17:30:48.556" intervalms="1006.081" type="nursery" />
<cycle-start id="2225" type="scavenge" contextid="0" timestamp="2022-02-08T17:30:48.556" intervalms="1006.082" />
<gc-start id="2226" type="scavenge" contextid="2225" timestamp="2022-02-08T17:30:48.556">
  <mem-info id="2227" free="263523256" total="1073741824" percent="24">
    <mem type="nursery" free="0" total="268435456" percent="0">
      <mem type="allocate" free="0" total="183828480" percent="0" />
      <mem type="survivor" free="0" total="84606976" percent="0" />
    </mem>
    <mem type="tenure" free="263523256" total="805306368" percent="32">
      <mem type="soa" free="255469496" total="797252608" percent="32" />
      <mem type="loa" free="8053760" total="8053760" percent="100" />
    </mem>
    <remembered-set count="106" />
  </mem-info>
</gc-start>
<allocation-stats totalBytes="100063496" >
  <allocated-bytes non-tlh="0" tlh="100063496" />
  <largest-consumer threadName="main" threadId="0000000000016F00" bytes="100059400" />
</allocation-stats>
<gc-op id="2228" type="scavenge" timems="73.577" contextid="2225" timestamp="2022-02-08T17:30:48.630">
  <scavenger-info tenureage="1" tenuremask="7ffe" tiltratio="68" />
  <memory-copied type="nursery" objects="1350849" bytes="76514032" bytesdiscarded="144056" />
  <memory-copied type="tenure" objects="1380774" bytes="76115264" bytesdiscarded="41104" />
  <ownableSynchronizers candidates="2" cleared="2" />
  <object-monitors candidates="2" cleared="0"  />
</gc-op>
<gc-end id="2229" type="scavenge" contextid="2225" durationms="73.935" usertimems="291.311" systemtimems="0.090" stalltimems="2.269" timestamp="2022-02-08T17:30:48.630" activeThreads="4">
  <mem-info id="2230" free="294528224" total="1073741824" percent="27">
    <mem type="nursery" free="107432536" total="268435456" percent="40">
      <mem type="allocate" free="107432536" total="184090624" percent="58" />
      <mem type="survivor" free="0" total="84344832" percent="0" />
    </mem>
    <mem type="tenure" free="187095688" total="805306368" percent="23" macro-fragmented="502401">
      <mem type="soa" free="179041928" total="797252608" percent="22" />
      <mem type="loa" free="8053760" total="8053760" percent="100" />
    </mem>
    <remembered-set count="104" />
  </mem-info>
</gc-end>
<cycle-end id="2231" type="scavenge" contextid="2225" timestamp="2022-02-08T17:30:48.630" />
<allocation-satisfied id="2232" threadId="0000000000016F00" bytesRequested="184" />
<af-end id="2233" timestamp="2022-02-08T17:30:48.630" threadId="0000000000017908" success="true" from="nursery"/>
<exclusive-end id="2234" timestamp="2022-02-08T17:30:48.630" durationms="74.196" />

<exclusive-start id="2235" timestamp="2022-02-08T17:30:49.489" intervalms="932.777">
  <response-info timems="0.021" idlems="0.021" threads="0" lastid="0000000000016F00" lastname="main" />
</exclusive-start>
<af-start id="2236" threadId="0000000000017908" totalBytesRequested="128" timestamp="2022-02-08T17:30:49.489" intervalms="932.778" type="nursery" />
<cycle-start id="2237" type="scavenge" contextid="0" timestamp="2022-02-08T17:30:49.489" intervalms="932.780" />
<gc-start id="2238" type="scavenge" contextid="2237" timestamp="2022-02-08T17:30:49.489">
  <mem-info id="2239" free="187095688" total="1073741824" percent="17">
    <mem type="nursery" free="0" total="268435456" percent="0">
      <mem type="allocate" free="0" total="184090624" percent="0" />
      <mem type="survivor" free="0" total="84344832" percent="0" />
    </mem>
    <mem type="tenure" free="187095688" total="805306368" percent="23">
      <mem type="soa" free="179041928" total="797252608" percent="22" />
      <mem type="loa" free="8053760" total="8053760" percent="100" />
    </mem>
    <remembered-set count="134" />
  </mem-info>
</gc-start>
<allocation-stats totalBytes="107383992" >
  <allocated-bytes non-tlh="1590752" tlh="105793240" />
  <largest-consumer threadName="main" threadId="0000000000016F00" bytes="107383992" />
</allocation-stats>
<gc-op id="2240" type="scavenge" timems="78.678" contextid="2237" timestamp="2022-02-08T17:30:49.568">
  <scavenger-info tenureage="1" tenuremask="7ffe" tiltratio="68" />
  <memory-copied type="nursery" objects="1447750" bytes="75552112" bytesdiscarded="80152" />
  <memory-copied type="tenure" objects="1350848" bytes="76513928" bytesdiscarded="40144" />
  <finalization candidates="109" enqueued="53" />
  <references type="soft" candidates="14" cleared="0" enqueued="0" dynamicThreshold="10" maxThreshold="32" />
  <references type="weak" candidates="1" cleared="0" enqueued="0" />
  <references type="phantom" candidates="94" cleared="7" enqueued="7" />
  <object-monitors candidates="2" cleared="0"  />
</gc-op>
<gc-end id="2241" type="scavenge" contextid="2237" durationms="79.023" usertimems="299.965" systemtimems="2.998" stalltimems="3.666" timestamp="2022-02-08T17:30:49.568" activeThreads="4">
  <mem-info id="2242" free="219517400" total="1073741824" percent="20">
    <mem type="nursery" free="108785912" total="268435456" percent="40">
      <mem type="allocate" free="108785912" total="184418304" percent="58" />
      <mem type="survivor" free="0" total="84017152" percent="0" />
    </mem>
    <mem type="tenure" free="110731488" total="805306368" percent="13" macro-fragmented="0">
      <mem type="soa" free="102677728" total="797252608" percent="12" />
      <mem type="loa" free="8053760" total="8053760" percent="100" />
    </mem>
    <pending-finalizers system="52" default="1" reference="7" classloader="0" />
    <remembered-set count="131" />
  </mem-info>
</gc-end>
<cycle-end id="2243" type="scavenge" contextid="2237" timestamp="2022-02-08T17:30:49.568" />
<allocation-satisfied id="2244" threadId="0000000000016F00" bytesRequested="128" />
<af-end id="2245" timestamp="2022-02-08T17:30:49.568" threadId="0000000000017908" success="true" from="nursery"/>
<exclusive-end id="2246" timestamp="2022-02-08T17:30:49.568" durationms="79.345" />

<concurrent-kickoff id="2247" timestamp="2022-02-08T17:30:50.241">
  <kickoff reason="threshold reached" targetBytes="74474667" thresholdFreeBytes="5784869"  remainingFree="5697784" tenureFreeBytes="110731488" nurseryFreeBytes="5697784" />
</concurrent-kickoff>
<exclusive-start id="2248" timestamp="2022-02-08T17:30:50.245" intervalms="756.527">
  <response-info timems="0.018" idlems="0.018" threads="0" lastid="0000000000016F00" lastname="main" />
</exclusive-start>
<cycle-start id="2249" type="global" contextid="0" timestamp="2022-02-08T17:30:50.245" intervalms="2819.425" />
<concurrent-start id="2250" type="global mark" contextid="2249" timestamp="2022-02-08T17:30:50.245">
</concurrent-start>
<exclusive-end id="2251" timestamp="2022-02-08T17:30:50.245" durationms="0.027" />

<exclusive-start id="2252" timestamp="2022-02-08T17:30:50.366" intervalms="121.125">
  <response-info timems="0.052" idlems="0.052" threads="0" lastid="0000000000016F00" lastname="main" />
</exclusive-start>
<af-start id="2253" threadId="0000000000017908" totalBytesRequested="112" timestamp="2022-02-08T17:30:50.367" intervalms="877.653" type="nursery" />
<cycle-start id="2254" type="scavenge" contextid="0" timestamp="2022-02-08T17:30:50.367" intervalms="877.652" />
<gc-start id="2255" type="scavenge" contextid="2254" timestamp="2022-02-08T17:30:50.367">
  <mem-info id="2256" free="110731488" total="1073741824" percent="10">
    <mem type="nursery" free="0" total="268435456" percent="0">
      <mem type="allocate" free="0" total="184418304" percent="0" />
      <mem type="survivor" free="0" total="84017152" percent="0" />
    </mem>
    <mem type="tenure" free="110731488" total="805306368" percent="13">
      <mem type="soa" free="102677728" total="797252608" percent="12" />
      <mem type="loa" free="8053760" total="8053760" percent="100" />
    </mem>
    <remembered-set count="132" />
  </mem-info>
</gc-start>
<allocation-stats totalBytes="108736576" >
  <allocated-bytes non-tlh="1347808" tlh="107388768" />
  <largest-consumer threadName="main" threadId="0000000000016F00" bytes="108728384" />
</allocation-stats>
<gc-op id="2257" type="scavenge" timems="86.655" contextid="2254" timestamp="2022-02-08T17:30:50.453">
  <scavenger-info tenureage="1" tenuremask="7ffe" tiltratio="68" />
  <memory-copied type="nursery" objects="1383385" bytes="77846448" bytesdiscarded="345848" />
  <memory-copied type="tenure" objects="1447031" bytes="74608944" bytesdiscarded="39256" />
  <finalization candidates="57" enqueued="0" />
  <references type="phantom" candidates="1" cleared="0" enqueued="0" />
  <object-monitors candidates="2" cleared="0"  />
</gc-op>
<gc-end id="2258" type="scavenge" contextid="2254" durationms="87.118" usertimems="339.715" systemtimems="1.922" stalltimems="4.109" timestamp="2022-02-08T17:30:50.454" activeThreads="4">
  <mem-info id="2259" free="140141088" total="1073741824" percent="13">
    <mem type="nursery" free="104194392" total="268435456" percent="38">
      <mem type="allocate" free="104194392" total="182386688" percent="57" />
      <mem type="survivor" free="0" total="86048768" percent="0" />
    </mem>
    <mem type="tenure" free="35946696" total="805306368" percent="4" macro-fragmented="0">
      <mem type="soa" free="27892936" total="797252608" percent="3" />
      <mem type="loa" free="8053760" total="8053760" percent="100" />
    </mem>
    <remembered-set count="102" />
  </mem-info>
</gc-end>
<cycle-end id="2260" type="scavenge" contextid="2254" timestamp="2022-02-08T17:30:50.454" />
<allocation-satisfied id="2261" threadId="0000000000016F00" bytesRequested="112" />
<af-end id="2262" timestamp="2022-02-08T17:30:50.454" threadId="0000000000017908" success="true" from="nursery"/>
<exclusive-end id="2263" timestamp="2022-02-08T17:30:50.454" durationms="87.436" />

<concurrent-end id="2264" type="global mark" contextid="2249" timestamp="2022-02-08T17:30:50.577">
<gc-op id="2265" type="trace" timems="331.389" contextid="2249" timestamp="2022-02-08T17:30:50.577">
  <trace bytesTraced="74434636" workStackOverflowCount="0" />
  <card-cleaning reason="card cleaning threshold reached" bytesTraced="480" cardsCleaned="2" />
</gc-op>
</concurrent-end>

<exclusive-start id="2266" timestamp="2022-02-08T17:30:50.577" intervalms="210.340">
  <response-info timems="0.017" idlems="0.017" threads="0" lastid="0000000000016F00" lastname="main" />
</exclusive-start>
<concurrent-global-final id="2267" timestamp="2022-02-08T17:30:50.577" contextid="2249" intervalms="2830.317" >
  <concurrent-trace-info reason="card cleaning threshold reached" tracedByMutators="56526148" tracedByHelpers="17908968" cardsCleaned="2" workStackOverflowCount="0" />
</concurrent-global-final>
<gc-start id="2268" type="global" contextid="2249" timestamp="2022-02-08T17:30:50.577">
  <mem-info id="2269" free="132047280" total="1073741824" percent="12">
    <mem type="nursery" free="96100584" total="268435456" percent="35">
      <mem type="allocate" free="96100584" total="182386688" percent="52" />
      <mem type="survivor" free="0" total="86048768" percent="0" />
    </mem>
    <mem type="tenure" free="35946696" total="805306368" percent="4">
      <mem type="soa" free="27892936" total="797252608" percent="3" />
      <mem type="loa" free="8053760" total="8053760" percent="100" />
    </mem>
    <remembered-set count="102" />
  </mem-info>
</gc-start>
<allocation-stats totalBytes="8089944" >
  <allocated-bytes non-tlh="112" tlh="8089832" />
  <largest-consumer threadName="main" threadId="0000000000016F00" bytes="8089944" />
</allocation-stats>
<gc-op id="2270" type="rs-scan" timems="0.768" contextid="2249" timestamp="2022-02-08T17:30:50.578">
  <scan objectsFound="29" bytesTraced="5420" workStackOverflowCount="0" />
</gc-op>
<gc-op id="2271" type="card-cleaning" timems="148.080" contextid="2249" timestamp="2022-02-08T17:30:50.726">
  <card-cleaning cardsCleaned="8" bytesTraced="71012696" workStackOverflowCount="0" />
</gc-op>
<gc-op id="2272" type="mark" timems="56.839" contextid="2249" timestamp="2022-02-08T17:30:50.783">
  <trace-info objectcount="2141407" scancount="1607583" scanbytes="34362792" />
  <finalization candidates="428" enqueued="57" />
  <ownableSynchronizers candidates="1" cleared="0" />
  <references type="soft" candidates="894" cleared="0" enqueued="0" dynamicThreshold="10" maxThreshold="32" />
  <references type="weak" candidates="1701" cleared="0" enqueued="0" />
  <references type="phantom" candidates="52" cleared="2" enqueued="2" />
  <stringconstants candidates="6470" cleared="0"  />
  <object-monitors candidates="2" cleared="0"  />
</gc-op>
<gc-op id="2273" type="sweep" timems="4.961" contextid="2249" timestamp="2022-02-08T17:30:50.788" />
<gc-end id="2274" type="global" contextid="2249" durationms="211.038" usertimems="222.475" systemtimems="3.490" stalltimems="169.976" timestamp="2022-02-08T17:30:50.788" activeThreads="4">
  <mem-info id="2275" free="375445560" total="1073741824" percent="34">
    <mem type="nursery" free="96538856" total="268435456" percent="35">
      <mem type="allocate" free="96538856" total="182386688" percent="52" />
      <mem type="survivor" free="0" total="86048768" percent="0" />
    </mem>
    <mem type="tenure" free="278906704" total="805306368" percent="34" micro-fragmented="344839" macro-fragmented="2592282">
      <mem type="soa" free="270852944" total="797252608" percent="33" />
      <mem type="loa" free="8053760" total="8053760" percent="100" />
    </mem>
    <pending-finalizers system="57" default="0" reference="2" classloader="0" />
    <remembered-set count="102" />
  </mem-info>
</gc-end>
<cycle-end id="2276" type="global" contextid="2249" timestamp="2022-02-08T17:30:50.788" />
<exclusive-end id="2277" timestamp="2022-02-08T17:30:50.788" durationms="211.238" />

<exclusive-start id="2278" timestamp="2022-02-08T17:30:51.371" intervalms="794.147">
  <response-info timems="0.020" idlems="0.020" threads="0" lastid="0000000000016F00" lastname="main" />
</exclusive-start>
<af-start id="2279" threadId="0000000000017908" totalBytesRequested="24" timestamp="2022-02-08T17:30:51.371" intervalms="1004.490" type="nursery" />
<cycle-start id="2280" type="scavenge" contextid="0" timestamp="2022-02-08T17:30:51.371" intervalms="1004.491" />
<gc-start id="2281" type="scavenge" contextid="2280" timestamp="2022-02-08T17:30:51.371">
  <mem-info id="2282" free="278906704" total="1073741824" percent="25">
    <mem type="nursery" free="0" total="268435456" percent="0">
      <mem type="allocate" free="0" total="182386688" percent="0" />
      <mem type="survivor" free="0" total="86048768" percent="0" />
    </mem>
    <mem type="tenure" free="278906704" total="805306368" percent="34">
      <mem type="soa" free="270852944" total="797252608" percent="33" />
      <mem type="loa" free="8053760" total="8053760" percent="100" />
    </mem>
    <remembered-set count="105" />
  </mem-info>
</gc-start>
<allocation-stats totalBytes="96495688" >
  <allocated-bytes non-tlh="0" tlh="96495688" />
  <largest-consumer threadName="main" threadId="0000000000016F00" bytes="96491592" />
</allocation-stats>
<gc-op id="2283" type="scavenge" timems="86.704" contextid="2280" timestamp="2022-02-08T17:30:51.458">
  <scavenger-info tenureage="1" tenuremask="7ffe" tiltratio="67" />
  <memory-copied type="nursery" objects="1311443" bytes="74267864" bytesdiscarded="98592" />
  <memory-copied type="tenure" objects="1383385" bytes="77846448" bytesdiscarded="42440" />
  <finalization candidates="1" enqueued="0" />
  <ownableSynchronizers candidates="2" cleared="2" />
  <object-monitors candidates="2" cleared="0"  />
</gc-op>
<gc-end id="2284" type="scavenge" contextid="2280" durationms="87.085" usertimems="341.530" systemtimems="0.360" stalltimems="4.232" timestamp="2022-02-08T17:30:51.458" activeThreads="4">
  <mem-info id="2285" free="309238376" total="1073741824" percent="28">
    <mem type="nursery" free="108413448" total="268435456" percent="40">
      <mem type="allocate" free="108413448" total="182779904" percent="59" />
      <mem type="survivor" free="0" total="85655552" percent="0" />
    </mem>
    <mem type="tenure" free="200824928" total="805306368" percent="24" macro-fragmented="0">
      <mem type="soa" free="192771168" total="797252608" percent="24" />
      <mem type="loa" free="8053760" total="8053760" percent="100" />
    </mem>
    <remembered-set count="105" />
  </mem-info>
</gc-end>
<cycle-end id="2286" type="scavenge" contextid="2280" timestamp="2022-02-08T17:30:51.458" />
<allocation-satisfied id="2287" threadId="0000000000016F00" bytesRequested="24" />
<af-end id="2288" timestamp="2022-02-08T17:30:51.458" threadId="0000000000017908" success="true" from="nursery"/>
<exclusive-end id="2289" timestamp="2022-02-08T17:30:51.458" durationms="87.424" />

<exclusive-start id="2290" timestamp="2022-02-08T17:30:52.317" intervalms="946.091">
  <response-info timems="0.018" idlems="0.018" threads="0" lastid="0000000000016F00" lastname="main" />
</exclusive-start>
<af-start id="2291" threadId="0000000000017908" totalBytesRequested="240" timestamp="2022-02-08T17:30:52.317" intervalms="946.447" type="nursery" />
<cycle-start id="2292" type="scavenge" contextid="0" timestamp="2022-02-08T17:30:52.318" intervalms="946.602" />
<gc-start id="2293" type="scavenge" contextid="2292" timestamp="2022-02-08T17:30:52.318">
  <mem-info id="2294" free="200824928" total="1073741824" percent="18">
    <mem type="nursery" free="0" total="268435456" percent="0">
      <mem type="allocate" free="0" total="182779904" percent="0" />
      <mem type="survivor" free="0" total="85655552" percent="0" />
    </mem>
    <mem type="tenure" free="200824928" total="805306368" percent="24">
      <mem type="soa" free="192771168" total="797252608" percent="24" />
      <mem type="loa" free="8053760" total="8053760" percent="100" />
    </mem>
    <remembered-set count="136" />
  </mem-info>
</gc-start>
<allocation-stats totalBytes="108370104" >
  <allocated-bytes non-tlh="1493792" tlh="106876312" />
  <largest-consumer threadName="main" threadId="0000000000016F00" bytes="108370104" />
</allocation-stats>
<gc-op id="2295" type="scavenge" timems="77.576" contextid="2292" timestamp="2022-02-08T17:30:52.395">
  <scavenger-info tenureage="1" tenuremask="7ffe" tiltratio="68" />
  <memory-copied type="nursery" objects="1489579" bytes="76317272" bytesdiscarded="204912" />
  <memory-copied type="tenure" objects="1311443" bytes="74267864" bytesdiscarded="39040" />
  <finalization candidates="109" enqueued="53" />
  <references type="soft" candidates="14" cleared="0" enqueued="0" dynamicThreshold="11" maxThreshold="32" />
  <references type="weak" candidates="1" cleared="0" enqueued="0" />
  <references type="phantom" candidates="94" cleared="7" enqueued="7" />
  <object-monitors candidates="2" cleared="0"  />
</gc-op>
<gc-end id="2296" type="scavenge" contextid="2292" durationms="77.940" usertimems="300.696" systemtimems="0.293" stalltimems="5.565" timestamp="2022-02-08T17:30:52.396" activeThreads="4">
  <mem-info id="2297" free="232870016" total="1073741824" percent="21">
    <mem type="nursery" free="106454200" total="268435456" percent="39">
      <mem type="allocate" free="106454200" total="182976512" percent="58" />
      <mem type="survivor" free="0" total="85458944" percent="0" />
    </mem>
    <mem type="tenure" free="126415816" total="805306368" percent="15" macro-fragmented="0">
      <mem type="soa" free="118362056" total="797252608" percent="14" />
      <mem type="loa" free="8053760" total="8053760" percent="100" />
    </mem>
    <pending-finalizers system="52" default="1" reference="7" classloader="0" />
    <remembered-set count="131" />
  </mem-info>
</gc-end>
<cycle-end id="2298" type="scavenge" contextid="2292" timestamp="2022-02-08T17:30:52.396" />
<allocation-satisfied id="2299" threadId="0000000000016F00" bytesRequested="240" />
<af-end id="2300" timestamp="2022-02-08T17:30:52.396" threadId="0000000000017908" success="true" from="nursery"/>
<exclusive-end id="2301" timestamp="2022-02-08T17:30:52.396" durationms="78.716" />

<concurrent-kickoff id="2302" timestamp="2022-02-08T17:30:53.058">
  <kickoff reason="threshold reached" targetBytes="74466752" thresholdFreeBytes="5774387"  remainingFree="5647208" tenureFreeBytes="126415816" nurseryFreeBytes="5647208" />
</concurrent-kickoff>
<exclusive-start id="2303" timestamp="2022-02-08T17:30:53.061" intervalms="744.021">
  <response-info timems="0.035" idlems="0.035" threads="0" lastid="0000000000016F00" lastname="main" />
</exclusive-start>
<cycle-start id="2304" type="global" contextid="0" timestamp="2022-02-08T17:30:53.061" intervalms="2815.737" />
<concurrent-start id="2305" type="global mark" contextid="2304" timestamp="2022-02-08T17:30:53.061">
</concurrent-start>
<exclusive-end id="2306" timestamp="2022-02-08T17:30:53.061" durationms="0.040" />

<exclusive-start id="2307" timestamp="2022-02-08T17:30:53.183" intervalms="121.783">
  <response-info timems="0.017" idlems="0.017" threads="0" lastid="0000000000016F00" lastname="main" />
</exclusive-start>
<af-start id="2308" threadId="0000000000017908" totalBytesRequested="184" timestamp="2022-02-08T17:30:53.183" intervalms="865.442" type="nursery" />
<cycle-start id="2309" type="scavenge" contextid="0" timestamp="2022-02-08T17:30:53.183" intervalms="865.285" />
<gc-start id="2310" type="scavenge" contextid="2309" timestamp="2022-02-08T17:30:53.183">
  <mem-info id="2311" free="126415816" total="1073741824" percent="11">
    <mem type="nursery" free="0" total="268435456" percent="0">
      <mem type="allocate" free="0" total="182976512" percent="0" />
      <mem type="survivor" free="0" total="85458944" percent="0" />
    </mem>
    <mem type="tenure" free="126415816" total="805306368" percent="15">
      <mem type="soa" free="118362056" total="797252608" percent="14" />
      <mem type="loa" free="8053760" total="8053760" percent="100" />
    </mem>
    <remembered-set count="132" />
  </mem-info>
</gc-start>
<allocation-stats totalBytes="106404760" >
  <allocated-bytes non-tlh="1347920" tlh="105056840" />
  <largest-consumer threadName="main" threadId="0000000000016F00" bytes="106396568" />
</allocation-stats>
<gc-op id="2312" type="scavenge" timems="76.630" contextid="2309" timestamp="2022-02-08T17:30:53.260">
  <scavenger-info tenureage="1" tenuremask="7ffe" tiltratio="68" />
  <memory-copied type="nursery" objects="1332538" bytes="76150888" bytesdiscarded="239936" />
  <memory-copied type="tenure" objects="1488859" bytes="75373976" bytesdiscarded="38608" />
  <finalization candidates="57" enqueued="0" />
  <references type="phantom" candidates="1" cleared="0" enqueued="0" />
  <object-monitors candidates="2" cleared="0"  />
</gc-op>
<gc-end id="2313" type="scavenge" contextid="2309" durationms="77.050" usertimems="302.099" systemtimems="0.000" stalltimems="4.019" timestamp="2022-02-08T17:30:53.260" activeThreads="4">
  <mem-info id="2314" free="158340024" total="1073741824" percent="14">
    <mem type="nursery" free="107175512" total="268435456" percent="39">
      <mem type="allocate" free="107175512" total="183566336" percent="58" />
      <mem type="survivor" free="0" total="84869120" percent="0" />
    </mem>
    <mem type="tenure" free="51164512" total="805306368" percent="6" macro-fragmented="23113062">
      <mem type="soa" free="43110752" total="797252608" percent="5" />
      <mem type="loa" free="8053760" total="8053760" percent="100" />
    </mem>
    <remembered-set count="102" />
  </mem-info>
</gc-end>
<cycle-end id="2315" type="scavenge" contextid="2309" timestamp="2022-02-08T17:30:53.260" />
<allocation-satisfied id="2316" threadId="0000000000016F00" bytesRequested="184" />
<af-end id="2317" timestamp="2022-02-08T17:30:53.260" threadId="0000000000017908" success="true" from="nursery"/>
<exclusive-end id="2318" timestamp="2022-02-08T17:30:53.260" durationms="77.379" />

<concurrent-end id="2319" type="global mark" contextid="2304" timestamp="2022-02-08T17:30:53.380">
<gc-op id="2320" type="trace" timems="318.688" contextid="2304" timestamp="2022-02-08T17:30:53.380">
  <trace bytesTraced="74434844" workStackOverflowCount="0" />
  <card-cleaning reason="card cleaning threshold reached" bytesTraced="480" cardsCleaned="2" />
</gc-op>
</concurrent-end>

<exclusive-start id="2321" timestamp="2022-02-08T17:30:53.380" intervalms="196.989">
  <response-info timems="0.020" idlems="0.020" threads="0" lastid="0000000000016F00" lastname="main" />
</exclusive-start>
<concurrent-global-final id="2322" timestamp="2022-02-08T17:30:53.380" contextid="2304" intervalms="2803.032" >
  <concurrent-trace-info reason="card cleaning threshold reached" tracedByMutators="57917792" tracedByHelpers="16517532" cardsCleaned="2" workStackOverflowCount="0" />
</concurrent-global-final>
<gc-start id="2323" type="global" contextid="2304" timestamp="2022-02-08T17:30:53.380">
  <mem-info id="2324" free="150115072" total="1073741824" percent="13">
    <mem type="nursery" free="98950560" total="268435456" percent="36">
      <mem type="allocate" free="98950560" total="183566336" percent="53" />
      <mem type="survivor" free="0" total="84869120" percent="0" />
    </mem>
    <mem type="tenure" free="51164512" total="805306368" percent="6">
      <mem type="soa" free="43110752" total="797252608" percent="5" />
      <mem type="loa" free="8053760" total="8053760" percent="100" />
    </mem>
    <remembered-set count="102" />
  </mem-info>
</gc-start>
<allocation-stats totalBytes="8220752" >
  <allocated-bytes non-tlh="184" tlh="8220568" />
  <largest-consumer threadName="main" threadId="0000000000016F00" bytes="8220752" />
</allocation-stats>
<gc-op id="2325" type="rs-scan" timems="0.559" contextid="2304" timestamp="2022-02-08T17:30:53.381">
  <scan objectsFound="29" bytesTraced="5420" workStackOverflowCount="0" />
</gc-op>
<gc-op id="2326" type="card-cleaning" timems="145.598" contextid="2304" timestamp="2022-02-08T17:30:53.526">
  <card-cleaning cardsCleaned="9" bytesTraced="71012808" workStackOverflowCount="0" />
</gc-op>
<gc-op id="2327" type="mark" timems="51.817" contextid="2304" timestamp="2022-02-08T17:30:53.578">
  <trace-info objectcount="1841855" scancount="1382919" scanbytes="29569960" />
  <finalization candidates="428" enqueued="57" />
  <ownableSynchronizers candidates="1" cleared="0" />
  <references type="soft" candidates="894" cleared="0" enqueued="0" dynamicThreshold="11" maxThreshold="32" />
  <references type="weak" candidates="1701" cleared="0" enqueued="0" />
  <references type="phantom" candidates="52" cleared="2" enqueued="2" />
  <stringconstants candidates="6470" cleared="0"  />
  <object-monitors candidates="2" cleared="0"  />
</gc-op>
<gc-op id="2328" type="sweep" timems="4.969" contextid="2304" timestamp="2022-02-08T17:30:53.583" />
<gc-end id="2329" type="global" contextid="2304" durationms="203.371" usertimems="217.991" systemtimems="0.609" stalltimems="155.309" timestamp="2022-02-08T17:30:53.583" activeThreads="4">
  <mem-info id="2330" free="393313440" total="1073741824" percent="36">
    <mem type="nursery" free="99284872" total="268435456" percent="36">
      <mem type="allocate" free="99284872" total="183566336" percent="54" />
      <mem type="survivor" free="0" total="84869120" percent="0" />
    </mem>
    <mem type="tenure" free="294028568" total="805306368" percent="36" micro-fragmented="353584" macro-fragmented="0">
      <mem type="soa" free="285974808" total="797252608" percent="35" />
      <mem type="loa" free="8053760" total="8053760" percent="100" />
    </mem>
    <pending-finalizers system="57" default="0" reference="2" classloader="0" />
    <remembered-set count="102" />
  </mem-info>
</gc-end>
<cycle-end id="2331" type="global" contextid="2304" timestamp="2022-02-08T17:30:53.583" />
<exclusive-end id="2332" timestamp="2022-02-08T17:30:53.583" durationms="203.573" />

<exclusive-start id="2333" timestamp="2022-02-08T17:30:54.201" intervalms="821.236">
  <response-info timems="0.018" idlems="0.018" threads="0" lastid="0000000000016F00" lastname="main" />
</exclusive-start>
<af-start id="2334" threadId="0000000000017908" totalBytesRequested="112" timestamp="2022-02-08T17:30:54.201" intervalms="1018.226" type="nursery" />
<cycle-start id="2335" type="scavenge" contextid="0" timestamp="2022-02-08T17:30:54.201" intervalms="1018.226" />
<gc-start id="2336" type="scavenge" contextid="2335" timestamp="2022-02-08T17:30:54.201">
  <mem-info id="2337" free="294028568" total="1073741824" percent="27">
    <mem type="nursery" free="0" total="268435456" percent="0">
      <mem type="allocate" free="0" total="183566336" percent="0" />
      <mem type="survivor" free="0" total="84869120" percent="0" />
    </mem>
    <mem type="tenure" free="294028568" total="805306368" percent="36">
      <mem type="soa" free="285974808" total="797252608" percent="35" />
      <mem type="loa" free="8053760" total="8053760" percent="100" />
    </mem>
    <remembered-set count="105" />
  </mem-info>
</gc-start>
<allocation-stats totalBytes="99237704" >
  <allocated-bytes non-tlh="0" tlh="99237704" />
  <largest-consumer threadName="main" threadId="0000000000016F00" bytes="99233608" />
</allocation-stats>
<gc-op id="2338" type="scavenge" timems="74.980" contextid="2335" timestamp="2022-02-08T17:30:54.276">
  <scavenger-info tenureage="1" tenuremask="7ffe" tiltratio="68" />
  <memory-copied type="nursery" objects="1357622" bytes="76339152" bytesdiscarded="254440" />
  <memory-copied type="tenure" objects="1332537" bytes="76150784" bytesdiscarded="45520" />
  <finalization candidates="1" enqueued="0" />
  <ownableSynchronizers candidates="2" cleared="2" />
  <object-monitors candidates="2" cleared="0"  />
</gc-op>
<gc-end id="2339" type="scavenge" contextid="2335" durationms="75.331" usertimems="291.816" systemtimems="0.000" stalltimems="3.621" timestamp="2022-02-08T17:30:54.277" activeThreads="4">
  <mem-info id="2340" free="325048968" total="1073741824" percent="30">
    <mem type="nursery" free="107431496" total="268435456" percent="40">
      <mem type="allocate" free="107431496" total="184025088" percent="58" />
      <mem type="survivor" free="0" total="84410368" percent="0" />
    </mem>
    <mem type="tenure" free="217617472" total="805306368" percent="27" macro-fragmented="0">
      <mem type="soa" free="209563712" total="797252608" percent="26" />
      <mem type="loa" free="8053760" total="8053760" percent="100" />
    </mem>
    <remembered-set count="105" />
  </mem-info>
</gc-end>
<cycle-end id="2341" type="scavenge" contextid="2335" timestamp="2022-02-08T17:30:54.277" />
<allocation-satisfied id="2342" threadId="0000000000016F00" bytesRequested="112" />
<af-end id="2343" timestamp="2022-02-08T17:30:54.277" threadId="0000000000017908" success="true" from="nursery"/>
<exclusive-end id="2344" timestamp="2022-02-08T17:30:54.277" durationms="75.585" />

<exclusive-start id="2345" timestamp="2022-02-08T17:30:55.102" intervalms="900.896">
  <response-info timems="0.019" idlems="0.019" threads="0" lastid="0000000000016F00" lastname="main" />
</exclusive-start>
<af-start id="2346" threadId="0000000000017908" totalBytesRequested="169712" timestamp="2022-02-08T17:30:55.102" intervalms="900.894" type="nursery" />
<cycle-start id="2347" type="scavenge" contextid="0" timestamp="2022-02-08T17:30:55.102" intervalms="900.893" />
<gc-start id="2348" type="scavenge" contextid="2347" timestamp="2022-02-08T17:30:55.102">
  <mem-info id="2349" free="217705432" total="1073741824" percent="20">
    <mem type="nursery" free="87960" total="268435456" percent="0">
      <mem type="allocate" free="87960" total="184025088" percent="0" />
      <mem type="survivor" free="0" total="84410368" percent="0" />
    </mem>
    <mem type="tenure" free="217617472" total="805306368" percent="27">
      <mem type="soa" free="209563712" total="797252608" percent="26" />
      <mem type="loa" free="8053760" total="8053760" percent="100" />
    </mem>
    <remembered-set count="136" />
  </mem-info>
</gc-start>
<allocation-stats totalBytes="107297680" >
  <allocated-bytes non-tlh="945840" tlh="106351840" />
  <largest-consumer threadName="main" threadId="0000000000016F00" bytes="107297680" />
</allocation-stats>
<gc-op id="2350" type="scavenge" timems="80.717" contextid="2347" timestamp="2022-02-08T17:30:55.183">
  <scavenger-info tenureage="1" tenuremask="7ffe" tiltratio="68" />
  <memory-copied type="nursery" objects="1480217" bytes="75442976" bytesdiscarded="258432" />
  <memory-copied type="tenure" objects="1357622" bytes="76339152" bytesdiscarded="45248" />
  <finalization candidates="108" enqueued="53" />
  <references type="soft" candidates="14" cleared="0" enqueued="0" dynamicThreshold="11" maxThreshold="32" />
  <references type="weak" candidates="1" cleared="0" enqueued="0" />
  <references type="phantom" candidates="93" cleared="7" enqueued="7" />
  <object-monitors candidates="2" cleared="0"  />
</gc-op>
<gc-end id="2351" type="scavenge" contextid="2347" durationms="81.087" usertimems="310.804" systemtimems="0.609" stalltimems="4.137" timestamp="2022-02-08T17:30:55.183" activeThreads="4">
  <mem-info id="2352" free="250009808" total="1073741824" percent="23">
    <mem type="nursery" free="108716768" total="268435456" percent="40">
      <mem type="allocate" free="108716768" total="184418304" percent="58" />
      <mem type="survivor" free="0" total="84017152" percent="0" />
    </mem>
    <mem type="tenure" free="141293040" total="805306368" percent="17" macro-fragmented="46956">
      <mem type="soa" free="133239280" total="797252608" percent="16" />
      <mem type="loa" free="8053760" total="8053760" percent="100" />
    </mem>
    <pending-finalizers system="52" default="1" reference="7" classloader="0" />
    <remembered-set count="132" />
  </mem-info>
</gc-end>
<cycle-end id="2353" type="scavenge" contextid="2347" timestamp="2022-02-08T17:30:55.183" />
<allocation-satisfied id="2354" threadId="0000000000016F00" bytesRequested="169712" />
<af-end id="2355" timestamp="2022-02-08T17:30:55.183" threadId="0000000000017908" success="true" from="nursery"/>
<exclusive-end id="2356" timestamp="2022-02-08T17:30:55.183" durationms="81.345" />

<concurrent-kickoff id="2357" timestamp="2022-02-08T17:30:55.849">
  <kickoff reason="threshold reached" targetBytes="74460462" thresholdFreeBytes="5765870"  remainingFree="5694176" tenureFreeBytes="141293040" nurseryFreeBytes="5694176" />
</concurrent-kickoff>
<exclusive-start id="2358" timestamp="2022-02-08T17:30:55.857" intervalms="754.853">
  <response-info timems="0.017" idlems="0.017" threads="0" lastid="0000000000016F00" lastname="main" />
</exclusive-start>
<cycle-start id="2359" type="global" contextid="0" timestamp="2022-02-08T17:30:55.857" intervalms="2795.755" />
<concurrent-start id="2360" type="global mark" contextid="2359" timestamp="2022-02-08T17:30:55.857">
</concurrent-start>
<exclusive-end id="2361" timestamp="2022-02-08T17:30:55.857" durationms="0.039" />

<exclusive-start id="2362" timestamp="2022-02-08T17:30:55.935" intervalms="78.430">
  <response-info timems="0.044" idlems="0.044" threads="0" lastid="0000000000016F00" lastname="main" />
</exclusive-start>
<af-start id="2363" threadId="0000000000017908" totalBytesRequested="104" timestamp="2022-02-08T17:30:55.935" intervalms="833.296" type="nursery" />
<cycle-start id="2364" type="scavenge" contextid="0" timestamp="2022-02-08T17:30:55.935" intervalms="833.297" />
<gc-start id="2365" type="scavenge" contextid="2364" timestamp="2022-02-08T17:30:55.935">
  <mem-info id="2366" free="141293040" total="1073741824" percent="13">
    <mem type="nursery" free="0" total="268435456" percent="0">
      <mem type="allocate" free="0" total="184418304" percent="0" />
      <mem type="survivor" free="0" total="84017152" percent="0" />
    </mem>
    <mem type="tenure" free="141293040" total="805306368" percent="17">
      <mem type="soa" free="133239280" total="797252608" percent="16" />
      <mem type="loa" free="8053760" total="8053760" percent="100" />
    </mem>
    <remembered-set count="133" />
  </mem-info>
</gc-start>
<allocation-stats totalBytes="108662840" >
  <allocated-bytes non-tlh="1992520" tlh="106670320" />
  <largest-consumer threadName="main" threadId="0000000000016F00" bytes="108654648" />
</allocation-stats>
<gc-op id="2367" type="scavenge" timems="95.782" contextid="2364" timestamp="2022-02-08T17:30:56.031">
  <scavenger-info tenureage="1" tenuremask="7ffe" tiltratio="68" />
  <memory-copied type="nursery" objects="1354557" bytes="77322024" bytesdiscarded="407264" />
  <memory-copied type="tenure" objects="1479500" bytes="74974968" bytesdiscarded="39152" />
  <finalization candidates="57" enqueued="0" />
  <references type="phantom" candidates="2" cleared="0" enqueued="0" />
  <object-monitors candidates="2" cleared="0"  />
</gc-op>
<gc-end id="2368" type="scavenge" contextid="2364" durationms="96.193" usertimems="358.529" systemtimems="5.482" stalltimems="17.733" timestamp="2022-02-08T17:30:56.032" activeThreads="4">
  <mem-info id="2369" free="171764856" total="1073741824" percent="15">
    <mem type="nursery" free="105443832" total="268435456" percent="39">
      <mem type="allocate" free="105443832" total="183173120" percent="57" />
      <mem type="survivor" free="0" total="85262336" percent="0" />
    </mem>
    <mem type="tenure" free="66321024" total="805306368" percent="8" macro-fragmented="0">
      <mem type="soa" free="58267264" total="797252608" percent="7" />
      <mem type="loa" free="8053760" total="8053760" percent="100" />
    </mem>
    <remembered-set count="101" />
  </mem-info>
</gc-end>
<cycle-end id="2370" type="scavenge" contextid="2364" timestamp="2022-02-08T17:30:56.032" />
<allocation-satisfied id="2371" threadId="0000000000016F00" bytesRequested="104" />
<af-end id="2372" timestamp="2022-02-08T17:30:56.032" threadId="0000000000017908" success="true" from="nursery"/>
<exclusive-end id="2373" timestamp="2022-02-08T17:30:56.032" durationms="96.477" />

<concurrent-end id="2374" type="global mark" contextid="2359" timestamp="2022-02-08T17:30:56.232">
<gc-op id="2375" type="trace" timems="374.721" contextid="2359" timestamp="2022-02-08T17:30:56.232">
  <trace bytesTraced="74435004" workStackOverflowCount="0" />
  <card-cleaning reason="card cleaning threshold reached" bytesTraced="480" cardsCleaned="2" />
</gc-op>
</concurrent-end>

<exclusive-start id="2376" timestamp="2022-02-08T17:30:56.232" intervalms="296.372">
  <response-info timems="0.018" idlems="0.018" threads="0" lastid="0000000000016F00" lastname="main" />
</exclusive-start>
<concurrent-global-final id="2377" timestamp="2022-02-08T17:30:56.232" contextid="2359" intervalms="2851.785" >
  <concurrent-trace-info reason="card cleaning threshold reached" tracedByMutators="51280152" tracedByHelpers="23155332" cardsCleaned="2" workStackOverflowCount="0" />
</concurrent-global-final>
<gc-start id="2378" type="global" contextid="2359" timestamp="2022-02-08T17:30:56.232">
  <mem-info id="2379" free="157248528" total="1073741824" percent="14">
    <mem type="nursery" free="90927504" total="268435456" percent="33">
      <mem type="allocate" free="90927504" total="183173120" percent="49" />
      <mem type="survivor" free="0" total="85262336" percent="0" />
    </mem>
    <mem type="tenure" free="66321024" total="805306368" percent="8">
      <mem type="soa" free="58267264" total="797252608" percent="7" />
      <mem type="loa" free="8053760" total="8053760" percent="100" />
    </mem>
    <remembered-set count="101" />
  </mem-info>
</gc-start>
<allocation-stats totalBytes="14507632" >
  <allocated-bytes non-tlh="104" tlh="14507528" />
  <largest-consumer threadName="main" threadId="0000000000016F00" bytes="14507632" />
</allocation-stats>
<gc-op id="2380" type="rs-scan" timems="0.559" contextid="2359" timestamp="2022-02-08T17:30:56.232">
  <scan objectsFound="29" bytesTraced="5420" workStackOverflowCount="0" />
</gc-op>
<gc-op id="2381" type="card-cleaning" timems="152.080" contextid="2359" timestamp="2022-02-08T17:30:56.384">
  <card-cleaning cardsCleaned="9" bytesTraced="71012856" workStackOverflowCount="0" />
</gc-op>
<gc-op id="2382" type="mark" timems="54.428" contextid="2359" timestamp="2022-02-08T17:30:56.439">
  <trace-info objectcount="1676915" scancount="1259214" scanbytes="26930920" />
  <finalization candidates="428" enqueued="57" />
  <ownableSynchronizers candidates="1" cleared="0" />
  <references type="soft" candidates="894" cleared="0" enqueued="0" dynamicThreshold="11" maxThreshold="32" />
  <references type="weak" candidates="1701" cleared="0" enqueued="0" />
  <references type="phantom" candidates="52" cleared="2" enqueued="2" />
  <stringconstants candidates="6470" cleared="0"  />
  <object-monitors candidates="2" cleared="0"  />
</gc-op>
<gc-op id="2383" type="sweep" timems="7.621" contextid="2359" timestamp="2022-02-08T17:30:56.447" />
<gc-end id="2384" type="global" contextid="2359" durationms="215.124" usertimems="231.673" systemtimems="0.851" stalltimems="168.915" timestamp="2022-02-08T17:30:56.447" activeThreads="4">
  <mem-info id="2385" free="400594168" total="1073741824" percent="37">
    <mem type="nursery" free="91426976" total="268435456" percent="34">
      <mem type="allocate" free="91426976" total="183173120" percent="49" />
      <mem type="survivor" free="0" total="85262336" percent="0" />
    </mem>
    <mem type="tenure" free="309167192" total="805306368" percent="38" micro-fragmented="377123" macro-fragmented="0">
      <mem type="soa" free="301113432" total="797252608" percent="37" />
      <mem type="loa" free="8053760" total="8053760" percent="100" />
    </mem>
    <pending-finalizers system="57" default="0" reference="2" classloader="0" />
    <remembered-set count="101" />
  </mem-info>
</gc-end>
<cycle-end id="2386" type="global" contextid="2359" timestamp="2022-02-08T17:30:56.447" />
<exclusive-end id="2387" timestamp="2022-02-08T17:30:56.447" durationms="215.358" />

<exclusive-start id="2388" timestamp="2022-02-08T17:30:57.048" intervalms="816.645">
  <response-info timems="0.017" idlems="0.017" threads="0" lastid="0000000000016F00" lastname="main" />
</exclusive-start>
<af-start id="2389" threadId="0000000000017908" totalBytesRequested="24" timestamp="2022-02-08T17:30:57.048" intervalms="1113.009" type="nursery" />
<cycle-start id="2390" type="scavenge" contextid="0" timestamp="2022-02-08T17:30:57.048" intervalms="1113.009" />
<gc-start id="2391" type="scavenge" contextid="2390" timestamp="2022-02-08T17:30:57.048">
  <mem-info id="2392" free="309167192" total="1073741824" percent="28">
    <mem type="nursery" free="0" total="268435456" percent="0">
      <mem type="allocate" free="0" total="183173120" percent="0" />
      <mem type="survivor" free="0" total="85262336" percent="0" />
    </mem>
    <mem type="tenure" free="309167192" total="805306368" percent="38">
      <mem type="soa" free="301113432" total="797252608" percent="37" />
      <mem type="loa" free="8053760" total="8053760" percent="100" />
    </mem>
    <remembered-set count="104" />
  </mem-info>
</gc-start>
<allocation-stats totalBytes="91383632" >
  <allocated-bytes non-tlh="0" tlh="91383632" />
  <largest-consumer threadName="main" threadId="0000000000016F00" bytes="91379536" />
</allocation-stats>
<gc-op id="2393" type="scavenge" timems="73.465" contextid="2390" timestamp="2022-02-08T17:30:57.122">
  <scavenger-info tenureage="1" tenuremask="7ffe" tiltratio="68" />
  <memory-copied type="nursery" objects="1336739" bytes="75233352" bytesdiscarded="318128" />
  <memory-copied type="tenure" objects="1354557" bytes="77322024" bytesdiscarded="44944" />
  <finalization candidates="2" enqueued="0" />
  <ownableSynchronizers candidates="2" cleared="2" />
  <object-monitors candidates="2" cleared="0"  />
</gc-op>
<gc-end id="2394" type="scavenge" contextid="2390" durationms="73.878" usertimems="290.375" systemtimems="0.000" stalltimems="2.937" timestamp="2022-02-08T17:30:57.122" activeThreads="4">
  <mem-info id="2395" free="339647456" total="1073741824" percent="31">
    <mem type="nursery" free="107949320" total="268435456" percent="40">
      <mem type="allocate" free="107949320" total="183500800" percent="58" />
      <mem type="survivor" free="0" total="84934656" percent="0" />
    </mem>
    <mem type="tenure" free="231698136" total="805306368" percent="28" macro-fragmented="0">
      <mem type="soa" free="223644376" total="797252608" percent="28" />
      <mem type="loa" free="8053760" total="8053760" percent="100" />
    </mem>
    <remembered-set count="105" />
  </mem-info>
</gc-end>
<cycle-end id="2396" type="scavenge" contextid="2390" timestamp="2022-02-08T17:30:57.122" />
<allocation-satisfied id="2397" threadId="0000000000016F00" bytesRequested="24" />
<af-end id="2398" timestamp="2022-02-08T17:30:57.122" threadId="0000000000017908" success="true" from="nursery"/>
<exclusive-end id="2399" timestamp="2022-02-08T17:30:57.122" durationms="74.172" />

<exclusive-start id="2400" timestamp="2022-02-08T17:30:57.798" intervalms="750.067">
  <response-info timems="0.020" idlems="0.020" threads="0" lastid="0000000000016F00" lastname="main" />
</exclusive-start>
<af-start id="2401" threadId="0000000000017908" totalBytesRequested="176" timestamp="2022-02-08T17:30:57.798" intervalms="750.069" type="nursery" />
<cycle-start id="2402" type="scavenge" contextid="0" timestamp="2022-02-08T17:30:57.798" intervalms="750.070" />
<gc-start id="2403" type="scavenge" contextid="2402" timestamp="2022-02-08T17:30:57.798">
  <mem-info id="2404" free="231698136" total="1073741824" percent="21">
    <mem type="nursery" free="0" total="268435456" percent="0">
      <mem type="allocate" free="0" total="183500800" percent="0" />
      <mem type="survivor" free="0" total="84934656" percent="0" />
    </mem>
    <mem type="tenure" free="231698136" total="805306368" percent="28">
      <mem type="soa" free="223644376" total="797252608" percent="28" />
      <mem type="loa" free="8053760" total="8053760" percent="100" />
    </mem>
    <remembered-set count="119" />
  </mem-info>
</gc-start>
<allocation-stats totalBytes="107898968" >
  <allocated-bytes non-tlh="453728" tlh="107445240" />
  <largest-consumer threadName="main" threadId="0000000000016F00" bytes="107898968" />
</allocation-stats>
<gc-op id="2405" type="scavenge" timems="74.080" contextid="2402" timestamp="2022-02-08T17:30:57.873">
  <scavenger-info tenureage="1" tenuremask="7ffe" tiltratio="68" />
  <memory-copied type="nursery" objects="1359042" bytes="76833312" bytesdiscarded="159736" />
  <memory-copied type="tenure" objects="1336739" bytes="75233352" bytesdiscarded="42232" />
  <finalization candidates="30" enqueued="18" />
  <references type="phantom" candidates="30" cleared="0" enqueued="0" />
  <object-monitors candidates="2" cleared="0"  />
</gc-op>
<gc-end id="2406" type="scavenge" contextid="2402" durationms="74.484" usertimems="292.563" systemtimems="0.291" stalltimems="2.852" timestamp="2022-02-08T17:30:57.873" activeThreads="4">
  <mem-info id="2407" free="262955600" total="1073741824" percent="24">
    <mem type="nursery" free="106638824" total="268435456" percent="39">
      <mem type="allocate" free="106638824" total="183631872" percent="58" />
      <mem type="survivor" free="0" total="84803584" percent="0" />
    </mem>
    <mem type="tenure" free="156316776" total="805306368" percent="19" macro-fragmented="0">
      <mem type="soa" free="148263016" total="797252608" percent="18" />
      <mem type="loa" free="8053760" total="8053760" percent="100" />
    </mem>
    <pending-finalizers system="18" default="0" reference="0" classloader="0" />
    <remembered-set count="118" />
  </mem-info>
</gc-end>
<cycle-end id="2408" type="scavenge" contextid="2402" timestamp="2022-02-08T17:30:57.873" />
<allocation-satisfied id="2409" threadId="0000000000016F00" bytesRequested="176" />
<af-end id="2410" timestamp="2022-02-08T17:30:57.873" threadId="0000000000017908" success="true" from="nursery"/>
<exclusive-end id="2411" timestamp="2022-02-08T17:30:57.873" durationms="74.738" />

<concurrent-kickoff id="2412" timestamp="2022-02-08T17:30:58.679">
  <kickoff reason="threshold reached" targetBytes="74455463" thresholdFreeBytes="5756018"  remainingFree="5747704" tenureFreeBytes="156316776" nurseryFreeBytes="5747704" />
</concurrent-kickoff>
<exclusive-start id="2413" timestamp="2022-02-08T17:30:58.682" intervalms="883.808">
  <response-info timems="0.021" idlems="0.021" threads="0" lastid="0000000000016F00" lastname="main" />
</exclusive-start>
<cycle-start id="2414" type="global" contextid="0" timestamp="2022-02-08T17:30:58.682" intervalms="2825.313" />
<concurrent-start id="2415" type="global mark" contextid="2414" timestamp="2022-02-08T17:30:58.682">
</concurrent-start>
<exclusive-end id="2416" timestamp="2022-02-08T17:30:58.682" durationms="0.029" />

<exclusive-start id="2417" timestamp="2022-02-08T17:30:58.803" intervalms="121.251">
  <response-info timems="0.025" idlems="0.025" threads="0" lastid="0000000000016F00" lastname="main" />
</exclusive-start>
<af-start id="2418" threadId="0000000000017908" totalBytesRequested="112" timestamp="2022-02-08T17:30:58.803" intervalms="1005.054" type="nursery" />
<cycle-start id="2419" type="scavenge" contextid="0" timestamp="2022-02-08T17:30:58.803" intervalms="1005.053" />
<gc-start id="2420" type="scavenge" contextid="2419" timestamp="2022-02-08T17:30:58.804">
  <mem-info id="2421" free="156316776" total="1073741824" percent="14">
    <mem type="nursery" free="0" total="268435456" percent="0">
      <mem type="allocate" free="0" total="183631872" percent="0" />
      <mem type="survivor" free="0" total="84803584" percent="0" />
    </mem>
    <mem type="tenure" free="156316776" total="805306368" percent="19">
      <mem type="soa" free="148263016" total="797252608" percent="18" />
      <mem type="loa" free="8053760" total="8053760" percent="100" />
    </mem>
    <remembered-set count="135" />
  </mem-info>
</gc-start>
<allocation-stats totalBytes="106590456" >
  <allocated-bytes non-tlh="2484720" tlh="104105736" />
  <largest-consumer threadName="main" threadId="0000000000016F00" bytes="106586360" />
</allocation-stats>
<gc-op id="2422" type="scavenge" timems="83.767" contextid="2419" timestamp="2022-02-08T17:30:58.887">
  <scavenger-info tenureage="1" tenuremask="7ffe" tiltratio="68" />
  <memory-copied type="nursery" objects="1418154" bytes="75268896" bytesdiscarded="163808" />
  <memory-copied type="tenure" objects="1358743" bytes="76220568" bytesdiscarded="39000" />
  <finalization candidates="92" enqueued="35" />
  <references type="soft" candidates="14" cleared="0" enqueued="0" dynamicThreshold="12" maxThreshold="32" />
  <references type="weak" candidates="1" cleared="0" enqueued="0" />
  <references type="phantom" candidates="77" cleared="7" enqueued="7" />
  <object-monitors candidates="2" cleared="0"  />
</gc-op>
<gc-end id="2423" type="scavenge" contextid="2419" durationms="84.236" usertimems="328.502" systemtimems="0.238" stalltimems="4.733" timestamp="2022-02-08T17:30:58.888" activeThreads="4">
  <mem-info id="2424" free="188531400" total="1073741824" percent="17">
    <mem type="nursery" free="108592256" total="268435456" percent="40">
      <mem type="allocate" free="108592256" total="184025088" percent="59" />
      <mem type="survivor" free="0" total="84410368" percent="0" />
    </mem>
    <mem type="tenure" free="79939144" total="805306368" percent="9" macro-fragmented="0">
      <mem type="soa" free="71885384" total="797252608" percent="9" />
      <mem type="loa" free="8053760" total="8053760" percent="100" />
    </mem>
    <pending-finalizers system="34" default="1" reference="7" classloader="0" />
    <remembered-set count="121" />
  </mem-info>
</gc-end>
<cycle-end id="2425" type="scavenge" contextid="2419" timestamp="2022-02-08T17:30:58.888" />
<allocation-satisfied id="2426" threadId="0000000000016F00" bytesRequested="112" />
<af-end id="2427" timestamp="2022-02-08T17:30:58.888" threadId="0000000000017908" success="true" from="nursery"/>
<exclusive-end id="2428" timestamp="2022-02-08T17:30:58.888" durationms="84.549" />

<concurrent-end id="2429" type="global mark" contextid="2414" timestamp="2022-02-08T17:30:59.009">
<gc-op id="2430" type="trace" timems="326.861" contextid="2414" timestamp="2022-02-08T17:30:59.009">
  <trace bytesTraced="74435356" workStackOverflowCount="0" />
  <card-cleaning reason="card cleaning threshold reached" bytesTraced="480" cardsCleaned="2" />
</gc-op>
</concurrent-end>

<exclusive-start id="2431" timestamp="2022-02-08T17:30:59.009" intervalms="205.682">
  <response-info timems="0.018" idlems="0.018" threads="0" lastid="0000000000016F00" lastname="main" />
</exclusive-start>
<concurrent-global-final id="2432" timestamp="2022-02-08T17:30:59.009" contextid="2414" intervalms="2777.454" >
  <concurrent-trace-info reason="card cleaning threshold reached" tracedByMutators="57408596" tracedByHelpers="17027240" cardsCleaned="2" workStackOverflowCount="0" />
</concurrent-global-final>
<gc-start id="2433" type="global" contextid="2414" timestamp="2022-02-08T17:30:59.009">
  <mem-info id="2434" free="180560472" total="1073741824" percent="16">
    <mem type="nursery" free="100621328" total="268435456" percent="37">
      <mem type="allocate" free="100621328" total="184025088" percent="54" />
      <mem type="survivor" free="0" total="84410368" percent="0" />
    </mem>
    <mem type="tenure" free="79939144" total="805306368" percent="9">
      <mem type="soa" free="71885384" total="797252608" percent="9" />
      <mem type="loa" free="8053760" total="8053760" percent="100" />
    </mem>
    <remembered-set count="122" />
  </mem-info>
</gc-start>
<allocation-stats totalBytes="7967112" >
  <allocated-bytes non-tlh="112" tlh="7967000" />
  <largest-consumer threadName="main" threadId="0000000000016F00" bytes="7958920" />
</allocation-stats>
<gc-op id="2435" type="rs-scan" timems="129.129" contextid="2414" timestamp="2022-02-08T17:30:59.138">
  <scan objectsFound="3324743" bytesTraced="71015736" workStackOverflowCount="0" />
</gc-op>
<gc-op id="2436" type="card-cleaning" timems="0.255" contextid="2414" timestamp="2022-02-08T17:30:59.139">
  <card-cleaning cardsCleaned="4" bytesTraced="1696" workStackOverflowCount="0" />
</gc-op>
<gc-op id="2437" type="mark" timems="41.560" contextid="2414" timestamp="2022-02-08T17:30:59.180">
  <trace-info objectcount="1281713" scancount="962811" scanbytes="20607688" />
  <finalization candidates="428" enqueued="57" />
  <ownableSynchronizers candidates="1" cleared="0" />
  <references type="soft" candidates="894" cleared="0" enqueued="0" dynamicThreshold="12" maxThreshold="32" />
  <references type="weak" candidates="1701" cleared="0" enqueued="0" />
  <references type="phantom" candidates="52" cleared="2" enqueued="2" />
  <stringconstants candidates="6470" cleared="0"  />
  <object-monitors candidates="2" cleared="0"  />
</gc-op>
<gc-op id="2438" type="sweep" timems="4.762" contextid="2414" timestamp="2022-02-08T17:30:59.185" />
<gc-end id="2439" type="global" contextid="2414" durationms="176.106" usertimems="223.711" systemtimems="4.298" stalltimems="87.375" timestamp="2022-02-08T17:30:59.185" activeThreads="4">
  <mem-info id="2440" free="424202936" total="1073741824" percent="39">
    <mem type="nursery" free="101197608" total="268435456" percent="37">
      <mem type="allocate" free="101197608" total="184025088" percent="54" />
      <mem type="survivor" free="0" total="84410368" percent="0" />
    </mem>
    <mem type="tenure" free="323005328" total="805306368" percent="40" micro-fragmented="348972" macro-fragmented="602881">
      <mem type="soa" free="314951568" total="797252608" percent="39" />
      <mem type="loa" free="8053760" total="8053760" percent="100" />
    </mem>
    <pending-finalizers system="57" default="0" reference="2" classloader="0" />
    <remembered-set count="109" />
  </mem-info>
</gc-end>
<cycle-end id="2441" type="global" contextid="2414" timestamp="2022-02-08T17:30:59.185" />
<exclusive-end id="2442" timestamp="2022-02-08T17:30:59.185" durationms="176.302" />

<exclusive-start id="2443" timestamp="2022-02-08T17:30:59.857" intervalms="847.586">
  <response-info timems="0.018" idlems="0.018" threads="0" lastid="0000000000016F00" lastname="main" />
</exclusive-start>
<af-start id="2444" threadId="0000000000017908" totalBytesRequested="24" timestamp="2022-02-08T17:30:59.857" intervalms="1053.269" type="nursery" />
<cycle-start id="2445" type="scavenge" contextid="0" timestamp="2022-02-08T17:30:59.857" intervalms="1053.269" />
<gc-start id="2446" type="scavenge" contextid="2445" timestamp="2022-02-08T17:30:59.857">
  <mem-info id="2447" free="323005328" total="1073741824" percent="30">
    <mem type="nursery" free="0" total="268435456" percent="0">
      <mem type="allocate" free="0" total="184025088" percent="0" />
      <mem type="survivor" free="0" total="84410368" percent="0" />
    </mem>
    <mem type="tenure" free="323005328" total="805306368" percent="40">
      <mem type="soa" free="314951568" total="797252608" percent="39" />
      <mem type="loa" free="8053760" total="8053760" percent="100" />
    </mem>
    <remembered-set count="110" />
  </mem-info>
</gc-start>
<allocation-stats totalBytes="101149288" >
  <allocated-bytes non-tlh="0" tlh="101149288" />
  <largest-consumer threadName="main" threadId="0000000000016F00" bytes="101145080" />
</allocation-stats>
<gc-op id="2448" type="scavenge" timems="76.958" contextid="2445" timestamp="2022-02-08T17:30:59.934">
  <scavenger-info tenureage="1" tenuremask="7ffe" tiltratio="68" />
  <memory-copied type="nursery" objects="1407600" bytes="77626632" bytesdiscarded="261096" />
  <memory-copied type="tenure" objects="1417673" bytes="74957152" bytesdiscarded="42456" />
  <finalization candidates="45" enqueued="0" />
  <ownableSynchronizers candidates="2" cleared="2" />
  <object-monitors candidates="2" cleared="0"  />
</gc-op>
<gc-end id="2449" type="scavenge" contextid="2445" durationms="77.329" usertimems="305.296" systemtimems="0.000" stalltimems="1.993" timestamp="2022-02-08T17:30:59.934" activeThreads="4">
  <mem-info id="2450" free="352388904" total="1073741824" percent="32">
    <mem type="nursery" free="104498960" total="268435456" percent="38">
      <mem type="allocate" free="104498960" total="182386688" percent="57" />
      <mem type="survivor" free="0" total="86048768" percent="0" />
    </mem>
    <mem type="tenure" free="247889944" total="805306368" percent="30" macro-fragmented="0">
      <mem type="soa" free="239836184" total="797252608" percent="30" />
      <mem type="loa" free="8053760" total="8053760" percent="100" />
    </mem>
    <remembered-set count="104" />
  </mem-info>
</gc-end>
<cycle-end id="2451" type="scavenge" contextid="2445" timestamp="2022-02-08T17:30:59.934" />
<allocation-satisfied id="2452" threadId="0000000000016F00" bytesRequested="24" />
<af-end id="2453" timestamp="2022-02-08T17:30:59.934" threadId="0000000000017908" success="true" from="nursery"/>
<exclusive-end id="2454" timestamp="2022-02-08T17:30:59.934" durationms="77.581" />

<exclusive-start id="2455" timestamp="2022-02-08T17:31:00.549" intervalms="692.814">
  <response-info timems="0.018" idlems="0.018" threads="0" lastid="0000000000016F00" lastname="main" />
</exclusive-start>
<af-start id="2456" threadId="0000000000017908" totalBytesRequested="16" timestamp="2022-02-08T17:31:00.550" intervalms="692.831" type="nursery" />
<cycle-start id="2457" type="scavenge" contextid="0" timestamp="2022-02-08T17:31:00.550" intervalms="692.834" />
<gc-start id="2458" type="scavenge" contextid="2457" timestamp="2022-02-08T17:31:00.550">
  <mem-info id="2459" free="247889944" total="1073741824" percent="23">
    <mem type="nursery" free="0" total="268435456" percent="0">
      <mem type="allocate" free="0" total="182386688" percent="0" />
      <mem type="survivor" free="0" total="86048768" percent="0" />
    </mem>
    <mem type="tenure" free="247889944" total="805306368" percent="30">
      <mem type="soa" free="239836184" total="797252608" percent="30" />
      <mem type="loa" free="8053760" total="8053760" percent="100" />
    </mem>
    <remembered-set count="104" />
  </mem-info>
</gc-start>
<allocation-stats totalBytes="104452208" >
  <allocated-bytes non-tlh="24" tlh="104452184" />
  <largest-consumer threadName="main" threadId="0000000000016F00" bytes="104452208" />
</allocation-stats>
<gc-op id="2460" type="scavenge" timems="82.884" contextid="2457" timestamp="2022-02-08T17:31:00.633">
  <scavenger-info tenureage="1" tenuremask="7ffe" tiltratio="67" />
  <memory-copied type="nursery" objects="1303881" bytes="74262128" bytesdiscarded="127120" />
  <memory-copied type="tenure" objects="1407600" bytes="77626632" bytesdiscarded="43296" />
  <object-monitors candidates="2" cleared="0"  />
</gc-op>
<gc-end id="2461" type="scavenge" contextid="2457" durationms="83.350" usertimems="327.553" systemtimems="0.709" stalltimems="2.519" timestamp="2022-02-08T17:31:00.633" activeThreads="4">
  <mem-info id="2462" free="278477672" total="1073741824" percent="25">
    <mem type="nursery" free="108456192" total="268435456" percent="40">
      <mem type="allocate" free="108456192" total="182845440" percent="59" />
      <mem type="survivor" free="0" total="85590016" percent="0" />
    </mem>
    <mem type="tenure" free="170021480" total="805306368" percent="21" macro-fragmented="0">
      <mem type="soa" free="161967720" total="797252608" percent="20" />
      <mem type="loa" free="8053760" total="8053760" percent="100" />
    </mem>
    <remembered-set count="103" />
  </mem-info>
</gc-end>
<cycle-end id="2463" type="scavenge" contextid="2457" timestamp="2022-02-08T17:31:00.633" />
<allocation-satisfied id="2464" threadId="0000000000016F00" bytesRequested="16" />
<af-end id="2465" timestamp="2022-02-08T17:31:00.633" threadId="0000000000017908" success="true" from="nursery"/>
<exclusive-end id="2466" timestamp="2022-02-08T17:31:00.633" durationms="83.685" />

<exclusive-start id="2467" timestamp="2022-02-08T17:31:01.499" intervalms="949.504">
  <response-info timems="0.021" idlems="0.021" threads="0" lastid="0000000000016F00" lastname="main" />
</exclusive-start>
<af-start id="2468" threadId="0000000000017908" totalBytesRequested="120" timestamp="2022-02-08T17:31:01.499" intervalms="949.490" type="nursery" />
<cycle-start id="2469" type="scavenge" contextid="0" timestamp="2022-02-08T17:31:01.499" intervalms="949.487" />
<gc-start id="2470" type="scavenge" contextid="2469" timestamp="2022-02-08T17:31:01.499">
  <mem-info id="2471" free="170021480" total="1073741824" percent="15">
    <mem type="nursery" free="0" total="268435456" percent="0">
      <mem type="allocate" free="0" total="182845440" percent="0" />
      <mem type="survivor" free="0" total="85590016" percent="0" />
    </mem>
    <mem type="tenure" free="170021480" total="805306368" percent="21">
      <mem type="soa" free="161967720" total="797252608" percent="20" />
      <mem type="loa" free="8053760" total="8053760" percent="100" />
    </mem>
    <remembered-set count="134" />
  </mem-info>
</gc-start>
<allocation-stats totalBytes="108411520" >
  <allocated-bytes non-tlh="2938264" tlh="105473256" />
  <largest-consumer threadName="main" threadId="0000000000016F00" bytes="108411520" />
</allocation-stats>
<gc-op id="2472" type="scavenge" timems="74.253" contextid="2469" timestamp="2022-02-08T17:31:01.573">
  <scavenger-info tenureage="1" tenuremask="7ffe" tiltratio="68" />
  <memory-copied type="nursery" objects="1454889" bytes="76226592" bytesdiscarded="198032" />
  <memory-copied type="tenure" objects="1303881" bytes="74262128" bytesdiscarded="39616" />
  <finalization candidates="110" enqueued="53" />
  <references type="soft" candidates="14" cleared="0" enqueued="0" dynamicThreshold="12" maxThreshold="32" />
  <references type="weak" candidates="1" cleared="0" enqueued="0" />
  <references type="phantom" candidates="95" cleared="7" enqueued="7" />
  <object-monitors candidates="2" cleared="0"  />
</gc-op>
<gc-end id="2473" type="scavenge" contextid="2469" durationms="74.677" usertimems="294.319" systemtimems="0.000" stalltimems="2.173" timestamp="2022-02-08T17:31:01.574" activeThreads="4">
  <mem-info id="2474" free="202294160" total="1073741824" percent="18">
    <mem type="nursery" free="106617296" total="268435456" percent="39">
      <mem type="allocate" free="106617296" total="183042048" percent="58" />
      <mem type="survivor" free="0" total="85393408" percent="0" />
    </mem>
    <mem type="tenure" free="95676864" total="805306368" percent="11" macro-fragmented="57512708">
      <mem type="soa" free="87623104" total="797252608" percent="10" />
      <mem type="loa" free="8053760" total="8053760" percent="100" />
    </mem>
    <pending-finalizers system="52" default="1" reference="7" classloader="0" />
    <remembered-set count="129" />
  </mem-info>
</gc-end>
<cycle-end id="2475" type="scavenge" contextid="2469" timestamp="2022-02-08T17:31:01.574" />
<allocation-satisfied id="2476" threadId="0000000000016F00" bytesRequested="120" />
<af-end id="2477" timestamp="2022-02-08T17:31:01.574" threadId="0000000000017908" success="true" from="nursery"/>
<exclusive-end id="2478" timestamp="2022-02-08T17:31:01.574" durationms="74.967" />

<concurrent-kickoff id="2479" timestamp="2022-02-08T17:31:02.244">
  <kickoff reason="threshold reached" targetBytes="74451533" thresholdFreeBytes="5751405"  remainingFree="5716312" tenureFreeBytes="95676864" nurseryFreeBytes="5716312" />
</concurrent-kickoff>
<exclusive-start id="2480" timestamp="2022-02-08T17:31:02.248" intervalms="748.722">
  <response-info timems="0.018" idlems="0.018" threads="0" lastid="0000000000016F00" lastname="main" />
</exclusive-start>
<cycle-start id="2481" type="global" contextid="0" timestamp="2022-02-08T17:31:02.248" intervalms="3565.560" />
<concurrent-start id="2482" type="global mark" contextid="2481" timestamp="2022-02-08T17:31:02.248">
</concurrent-start>
<exclusive-end id="2483" timestamp="2022-02-08T17:31:02.248" durationms="0.030" />

<exclusive-start id="2484" timestamp="2022-02-08T17:31:02.372" intervalms="124.422">
  <response-info timems="0.017" idlems="0.017" threads="0" lastid="0000000000016F00" lastname="main" />
</exclusive-start>
<af-start id="2485" threadId="0000000000017908" totalBytesRequested="200" timestamp="2022-02-08T17:31:02.372" intervalms="873.150" type="nursery" />
<cycle-start id="2486" type="scavenge" contextid="0" timestamp="2022-02-08T17:31:02.372" intervalms="873.151" />
<gc-start id="2487" type="scavenge" contextid="2486" timestamp="2022-02-08T17:31:02.372">
  <mem-info id="2488" free="95676864" total="1073741824" percent="8">
    <mem type="nursery" free="0" total="268435456" percent="0">
      <mem type="allocate" free="0" total="183042048" percent="0" />
      <mem type="survivor" free="0" total="85393408" percent="0" />
    </mem>
    <mem type="tenure" free="95676864" total="805306368" percent="11">
      <mem type="soa" free="87623104" total="797252608" percent="10" />
      <mem type="loa" free="8053760" total="8053760" percent="100" />
    </mem>
    <remembered-set count="130" />
  </mem-info>
</gc-start>
<allocation-stats totalBytes="106566856" >
  <allocated-bytes non-tlh="120" tlh="106566736" />
  <largest-consumer threadName="main" threadId="0000000000016F00" bytes="106558664" />
</allocation-stats>
<gc-op id="2489" type="scavenge" timems="83.336" contextid="2486" timestamp="2022-02-08T17:31:02.456">
  <scavenger-info tenureage="1" tenuremask="7ffe" tiltratio="68" />
  <memory-copied type="nursery" objects="1375209" bytes="75920864" bytesdiscarded="369216" />
  <memory-copied type="tenure" objects="1454178" bytes="75758736" bytesdiscarded="39800" />
  <finalization candidates="57" enqueued="0" />
  <object-monitors candidates="2" cleared="0"  />
</gc-op>
<gc-end id="2490" type="scavenge" contextid="2486" durationms="83.785" usertimems="328.710" systemtimems="0.889" stalltimems="2.837" timestamp="2022-02-08T17:31:02.456" activeThreads="4">
  <mem-info id="2491" free="127499232" total="1073741824" percent="11">
    <mem type="nursery" free="107407328" total="268435456" percent="40">
      <mem type="allocate" free="107407328" total="183697408" percent="58" />
      <mem type="survivor" free="0" total="84738048" percent="0" />
    </mem>
    <mem type="tenure" free="20091904" total="805306368" percent="2" macro-fragmented="0">
      <mem type="soa" free="12038144" total="797252608" percent="1" />
      <mem type="loa" free="8053760" total="8053760" percent="100" />
    </mem>
    <remembered-set count="103" />
  </mem-info>
</gc-end>
<cycle-end id="2492" type="scavenge" contextid="2486" timestamp="2022-02-08T17:31:02.456" />
<allocation-satisfied id="2493" threadId="0000000000016F00" bytesRequested="200" />
<af-end id="2494" timestamp="2022-02-08T17:31:02.456" threadId="0000000000017908" success="true" from="nursery"/>
<exclusive-end id="2495" timestamp="2022-02-08T17:31:02.456" durationms="84.087" />

<concurrent-end id="2496" type="global mark" contextid="2481" timestamp="2022-02-08T17:31:02.581">
<gc-op id="2497" type="trace" timems="333.068" contextid="2481" timestamp="2022-02-08T17:31:02.581">
  <trace bytesTraced="74435420" workStackOverflowCount="0" />
  <card-cleaning reason="card cleaning threshold reached" bytesTraced="480" cardsCleaned="2" />
</gc-op>
</concurrent-end>

<exclusive-start id="2498" timestamp="2022-02-08T17:31:02.581" intervalms="208.717">
  <response-info timems="0.018" idlems="0.018" threads="0" lastid="0000000000016F00" lastname="main" />
</exclusive-start>
<concurrent-global-final id="2499" timestamp="2022-02-08T17:31:02.581" contextid="2481" intervalms="3571.763" >
  <concurrent-trace-info reason="card cleaning threshold reached" tracedByMutators="57655188" tracedByHelpers="16780712" cardsCleaned="2" workStackOverflowCount="0" />
</concurrent-global-final>
<gc-start id="2500" type="global" contextid="2481" timestamp="2022-02-08T17:31:02.581">
  <mem-info id="2501" free="119536408" total="1073741824" percent="11">
    <mem type="nursery" free="99444504" total="268435456" percent="37">
      <mem type="allocate" free="99444504" total="183697408" percent="54" />
      <mem type="survivor" free="0" total="84738048" percent="0" />
    </mem>
    <mem type="tenure" free="20091904" total="805306368" percent="2">
      <mem type="soa" free="12038144" total="797252608" percent="1" />
      <mem type="loa" free="8053760" total="8053760" percent="100" />
    </mem>
    <remembered-set count="103" />
  </mem-info>
</gc-start>
<allocation-stats totalBytes="7959680" >
  <allocated-bytes non-tlh="200" tlh="7959480" />
  <largest-consumer threadName="main" threadId="0000000000016F00" bytes="7959680" />
</allocation-stats>
<gc-op id="2502" type="rs-scan" timems="0.517" contextid="2481" timestamp="2022-02-08T17:31:02.581">
  <scan objectsFound="0" bytesTraced="3988" workStackOverflowCount="0" />
</gc-op>
<gc-op id="2503" type="card-cleaning" timems="143.423" contextid="2481" timestamp="2022-02-08T17:31:02.725">
  <card-cleaning cardsCleaned="11" bytesTraced="71014736" workStackOverflowCount="0" />
</gc-op>
<gc-op id="2504" type="mark" timems="67.705" contextid="2481" timestamp="2022-02-08T17:31:02.793">
  <trace-info objectcount="2393690" scancount="1796795" scanbytes="38399336" />
  <finalization candidates="428" enqueued="57" />
  <ownableSynchronizers candidates="1" cleared="0" />
  <references type="soft" candidates="894" cleared="0" enqueued="0" dynamicThreshold="12" maxThreshold="32" />
  <references type="weak" candidates="1701" cleared="0" enqueued="0" />
  <references type="phantom" candidates="52" cleared="2" enqueued="2" />
  <stringconstants candidates="6470" cleared="0"  />
  <object-monitors candidates="2" cleared="0"  />
</gc-op>
<gc-op id="2505" type="sweep" timems="6.737" contextid="2481" timestamp="2022-02-08T17:31:02.800" />
<gc-end id="2506" type="global" contextid="2481" durationms="218.786" usertimems="231.191" systemtimems="2.382" stalltimems="202.594" timestamp="2022-02-08T17:31:02.800" activeThreads="4">
  <mem-info id="2507" free="362872760" total="1073741824" percent="33">
    <mem type="nursery" free="99908392" total="268435456" percent="37">
      <mem type="allocate" free="99908392" total="183697408" percent="54" />
      <mem type="survivor" free="0" total="84738048" percent="0" />
    </mem>
    <mem type="tenure" free="262964368" total="805306368" percent="32" micro-fragmented="349563" macro-fragmented="0">
      <mem type="soa" free="254910608" total="797252608" percent="31" />
      <mem type="loa" free="8053760" total="8053760" percent="100" />
    </mem>
    <pending-finalizers system="57" default="0" reference="2" classloader="0" />
    <remembered-set count="103" />
  </mem-info>
</gc-end>
<cycle-end id="2508" type="global" contextid="2481" timestamp="2022-02-08T17:31:02.800" />
<exclusive-end id="2509" timestamp="2022-02-08T17:31:02.800" durationms="219.228" />

<exclusive-start id="2510" timestamp="2022-02-08T17:31:03.387" intervalms="806.082">
  <response-info timems="0.018" idlems="0.018" threads="0" lastid="0000000000016F00" lastname="main" />
</exclusive-start>
<af-start id="2511" threadId="0000000000017908" totalBytesRequested="24" timestamp="2022-02-08T17:31:03.387" intervalms="1014.788" type="nursery" />
<cycle-start id="2512" type="scavenge" contextid="0" timestamp="2022-02-08T17:31:03.387" intervalms="1014.787" />
<gc-start id="2513" type="scavenge" contextid="2512" timestamp="2022-02-08T17:31:03.387">
  <mem-info id="2514" free="262964368" total="1073741824" percent="24">
    <mem type="nursery" free="0" total="268435456" percent="0">
      <mem type="allocate" free="0" total="183697408" percent="0" />
      <mem type="survivor" free="0" total="84738048" percent="0" />
    </mem>
    <mem type="tenure" free="262964368" total="805306368" percent="32">
      <mem type="soa" free="254910608" total="797252608" percent="31" />
      <mem type="loa" free="8053760" total="8053760" percent="100" />
    </mem>
    <remembered-set count="106" />
  </mem-info>
</gc-start>
<allocation-stats totalBytes="99861480" >
  <allocated-bytes non-tlh="0" tlh="99861480" />
  <largest-consumer threadName="main" threadId="0000000000016F00" bytes="99857384" />
</allocation-stats>
<gc-op id="2515" type="scavenge" timems="93.136" contextid="2512" timestamp="2022-02-08T17:31:03.480">
  <scavenger-info tenureage="1" tenuremask="7ffe" tiltratio="68" />
  <memory-copied type="nursery" objects="1352160" bytes="76558864" bytesdiscarded="198528" />
  <memory-copied type="tenure" objects="1375208" bytes="75920752" bytesdiscarded="47488" />
  <ownableSynchronizers candidates="2" cleared="2" />
  <object-monitors candidates="2" cleared="0"  />
</gc-op>
<gc-end id="2516" type="scavenge" contextid="2512" durationms="93.537" usertimems="292.015" systemtimems="0.228" stalltimems="6.799" timestamp="2022-02-08T17:31:03.481" activeThreads="4">
  <mem-info id="2517" free="294777368" total="1073741824" percent="27">
    <mem type="nursery" free="107988592" total="268435456" percent="40">
      <mem type="allocate" free="107988592" total="184745984" percent="58" />
      <mem type="survivor" free="0" total="83689472" percent="0" />
    </mem>
    <mem type="tenure" free="186788776" total="805306368" percent="23" macro-fragmented="0">
      <mem type="soa" free="178735016" total="797252608" percent="22" />
      <mem type="loa" free="8053760" total="8053760" percent="100" />
    </mem>
    <remembered-set count="105" />
  </mem-info>
</gc-end>
<cycle-end id="2518" type="scavenge" contextid="2512" timestamp="2022-02-08T17:31:03.481" />
<allocation-satisfied id="2519" threadId="0000000000016F00" bytesRequested="24" />
<af-end id="2520" timestamp="2022-02-08T17:31:03.481" threadId="0000000000017908" success="true" from="nursery"/>
<exclusive-end id="2521" timestamp="2022-02-08T17:31:03.481" durationms="93.819" />

<exclusive-start id="2522" timestamp="2022-02-08T17:31:04.338" intervalms="951.388">
  <response-info timems="0.020" idlems="0.020" threads="0" lastid="0000000000016F00" lastname="main" />
</exclusive-start>
<af-start id="2523" threadId="0000000000017908" totalBytesRequested="24" timestamp="2022-02-08T17:31:04.338" intervalms="951.391" type="nursery" />
<cycle-start id="2524" type="scavenge" contextid="0" timestamp="2022-02-08T17:31:04.338" intervalms="951.392" />
<gc-start id="2525" type="scavenge" contextid="2524" timestamp="2022-02-08T17:31:04.338">
  <mem-info id="2526" free="186788776" total="1073741824" percent="17">
    <mem type="nursery" free="0" total="268435456" percent="0">
      <mem type="allocate" free="0" total="184745984" percent="0" />
      <mem type="survivor" free="0" total="83689472" percent="0" />
    </mem>
    <mem type="tenure" free="186788776" total="805306368" percent="23">
      <mem type="soa" free="178735016" total="797252608" percent="22" />
      <mem type="loa" free="8053760" total="8053760" percent="100" />
    </mem>
    <remembered-set count="135" />
  </mem-info>
</gc-start>
<allocation-stats totalBytes="107939456" >
  <allocated-bytes non-tlh="1493792" tlh="106445664" />
  <largest-consumer threadName="main" threadId="0000000000016F00" bytes="107939456" />
</allocation-stats>
<gc-op id="2527" type="scavenge" timems="80.508" contextid="2524" timestamp="2022-02-08T17:31:04.419">
  <scavenger-info tenureage="1" tenuremask="7ffe" tiltratio="68" />
  <memory-copied type="nursery" objects="1452409" bytes="75939784" bytesdiscarded="69984" />
  <memory-copied type="tenure" objects="1352160" bytes="76558864" bytesdiscarded="36656" />
  <finalization candidates="109" enqueued="53" />
  <references type="soft" candidates="14" cleared="0" enqueued="0" dynamicThreshold="10" maxThreshold="32" />
  <references type="weak" candidates="1" cleared="0" enqueued="0" />
  <references type="phantom" candidates="94" cleared="7" enqueued="7" />
  <object-monitors candidates="2" cleared="0"  />
</gc-op>
<gc-end id="2528" type="scavenge" contextid="2524" durationms="80.850" usertimems="316.307" systemtimems="0.243" stalltimems="2.309" timestamp="2022-02-08T17:31:04.419" activeThreads="4">
  <mem-info id="2529" free="219029112" total="1073741824" percent="20">
    <mem type="nursery" free="108932696" total="268435456" percent="40">
      <mem type="allocate" free="108932696" total="184942592" percent="58" />
      <mem type="survivor" free="0" total="83492864" percent="0" />
    </mem>
    <mem type="tenure" free="110096416" total="805306368" percent="13" macro-fragmented="0">
      <mem type="soa" free="102042656" total="797252608" percent="12" />
      <mem type="loa" free="8053760" total="8053760" percent="100" />
    </mem>
    <pending-finalizers system="52" default="1" reference="7" classloader="0" />
    <remembered-set count="130" />
  </mem-info>
</gc-end>
<cycle-end id="2530" type="scavenge" contextid="2524" timestamp="2022-02-08T17:31:04.420" />
<allocation-satisfied id="2531" threadId="0000000000016F00" bytesRequested="24" />
<af-end id="2532" timestamp="2022-02-08T17:31:04.420" threadId="0000000000017908" success="true" from="nursery"/>
<exclusive-end id="2533" timestamp="2022-02-08T17:31:04.420" durationms="81.203" />

<concurrent-kickoff id="2534" timestamp="2022-02-08T17:31:05.098">
  <kickoff reason="threshold reached" targetBytes="74448403" thresholdFreeBytes="5747674"  remainingFree="5713496" tenureFreeBytes="110096416" nurseryFreeBytes="5713496" />
</concurrent-kickoff>
<exclusive-start id="2535" timestamp="2022-02-08T17:31:05.101" intervalms="763.140">
  <response-info timems="0.018" idlems="0.018" threads="0" lastid="0000000000016F00" lastname="main" />
</exclusive-start>
<cycle-start id="2536" type="global" contextid="0" timestamp="2022-02-08T17:31:05.101" intervalms="2853.746" />
<concurrent-start id="2537" type="global mark" contextid="2536" timestamp="2022-02-08T17:31:05.101">
</concurrent-start>
<exclusive-end id="2538" timestamp="2022-02-08T17:31:05.101" durationms="0.028" />

<exclusive-start id="2539" timestamp="2022-02-08T17:31:05.222" intervalms="120.366">
  <response-info timems="0.037" idlems="0.037" threads="0" lastid="0000000000016F00" lastname="main" />
</exclusive-start>
<af-start id="2540" threadId="0000000000017908" totalBytesRequested="104" timestamp="2022-02-08T17:31:05.222" intervalms="883.504" type="nursery" />
<cycle-start id="2541" type="scavenge" contextid="0" timestamp="2022-02-08T17:31:05.222" intervalms="883.504" />
<gc-start id="2542" type="scavenge" contextid="2541" timestamp="2022-02-08T17:31:05.222">
  <mem-info id="2543" free="110096416" total="1073741824" percent="10">
    <mem type="nursery" free="0" total="268435456" percent="0">
      <mem type="allocate" free="0" total="184942592" percent="0" />
      <mem type="survivor" free="0" total="83492864" percent="0" />
    </mem>
    <mem type="tenure" free="110096416" total="805306368" percent="13">
      <mem type="soa" free="102042656" total="797252608" percent="12" />
      <mem type="loa" free="8053760" total="8053760" percent="100" />
    </mem>
    <remembered-set count="131" />
  </mem-info>
</gc-start>
<allocation-stats totalBytes="108883872" >
  <allocated-bytes non-tlh="1347704" tlh="107536168" />
  <largest-consumer threadName="main" threadId="0000000000016F00" bytes="108875680" />
</allocation-stats>
<gc-op id="2544" type="scavenge" timems="75.976" contextid="2541" timestamp="2022-02-08T17:31:05.298">
  <scavenger-info tenureage="1" tenuremask="7ffe" tiltratio="68" />
  <memory-copied type="nursery" objects="1386105" bytes="77953688" bytesdiscarded="236248" />
  <memory-copied type="tenure" objects="1451689" bytes="74996592" bytesdiscarded="36000" />
  <finalization candidates="57" enqueued="0" />
  <references type="phantom" candidates="1" cleared="0" enqueued="0" />
  <object-monitors candidates="2" cleared="0"  />
</gc-op>
<gc-end id="2545" type="scavenge" contextid="2541" durationms="76.353" usertimems="299.680" systemtimems="0.787" stalltimems="2.947" timestamp="2022-02-08T17:31:05.298" activeThreads="4">
  <mem-info id="2546" free="139627744" total="1073741824" percent="13">
    <mem type="nursery" free="104458896" total="268435456" percent="38">
      <mem type="allocate" free="104458896" total="182648832" percent="57" />
      <mem type="survivor" free="0" total="85786624" percent="0" />
    </mem>
    <mem type="tenure" free="35168848" total="805306368" percent="4" macro-fragmented="0">
      <mem type="soa" free="27115088" total="797252608" percent="3" />
      <mem type="loa" free="8053760" total="8053760" percent="100" />
    </mem>
    <remembered-set count="102" />
  </mem-info>
</gc-end>
<cycle-end id="2547" type="scavenge" contextid="2541" timestamp="2022-02-08T17:31:05.298" />
<allocation-satisfied id="2548" threadId="0000000000016F00" bytesRequested="104" />
<af-end id="2549" timestamp="2022-02-08T17:31:05.299" threadId="0000000000017908" success="true" from="nursery"/>
<exclusive-end id="2550" timestamp="2022-02-08T17:31:05.299" durationms="76.670" />

<concurrent-end id="2551" type="global mark" contextid="2536" timestamp="2022-02-08T17:31:05.424">
<gc-op id="2552" type="trace" timems="322.634" contextid="2536" timestamp="2022-02-08T17:31:05.424">
  <trace bytesTraced="74435676" workStackOverflowCount="0" />
  <card-cleaning reason="card cleaning threshold reached" bytesTraced="480" cardsCleaned="2" />
</gc-op>
</concurrent-end>

<exclusive-start id="2553" timestamp="2022-02-08T17:31:05.424" intervalms="202.344">
  <response-info timems="0.016" idlems="0.016" threads="0" lastid="0000000000016F00" lastname="main" />
</exclusive-start>
<concurrent-global-final id="2554" timestamp="2022-02-08T17:31:05.424" contextid="2536" intervalms="2843.322" >
  <concurrent-trace-info reason="card cleaning threshold reached" tracedByMutators="57139436" tracedByHelpers="17296720" cardsCleaned="2" workStackOverflowCount="0" />
</concurrent-global-final>
<gc-start id="2555" type="global" contextid="2536" timestamp="2022-02-08T17:31:05.424">
  <mem-info id="2556" free="131927160" total="1073741824" percent="12">
    <mem type="nursery" free="96758312" total="268435456" percent="36">
      <mem type="allocate" free="96758312" total="182648832" percent="52" />
      <mem type="survivor" free="0" total="85786624" percent="0" />
    </mem>
    <mem type="tenure" free="35168848" total="805306368" percent="4">
      <mem type="soa" free="27115088" total="797252608" percent="3" />
      <mem type="loa" free="8053760" total="8053760" percent="100" />
    </mem>
    <remembered-set count="102" />
  </mem-info>
</gc-start>
<allocation-stats totalBytes="7696952" >
  <allocated-bytes non-tlh="104" tlh="7696848" />
  <largest-consumer threadName="main" threadId="0000000000016F00" bytes="7696952" />
</allocation-stats>
<gc-op id="2557" type="rs-scan" timems="0.515" contextid="2536" timestamp="2022-02-08T17:31:05.425">
  <scan objectsFound="29" bytesTraced="5420" workStackOverflowCount="0" />
</gc-op>
<gc-op id="2558" type="card-cleaning" timems="148.478" contextid="2536" timestamp="2022-02-08T17:31:05.573">
  <card-cleaning cardsCleaned="8" bytesTraced="71012696" workStackOverflowCount="0" />
</gc-op>
<gc-op id="2559" type="mark" timems="70.144" contextid="2536" timestamp="2022-02-08T17:31:05.643">
  <trace-info objectcount="2150443" scancount="1614360" scanbytes="34507368" />
  <finalization candidates="428" enqueued="57" />
  <ownableSynchronizers candidates="1" cleared="0" />
  <references type="soft" candidates="894" cleared="0" enqueued="0" dynamicThreshold="10" maxThreshold="32" />
  <references type="weak" candidates="1701" cleared="0" enqueued="0" />
  <references type="phantom" candidates="52" cleared="2" enqueued="2" />
  <stringconstants candidates="6470" cleared="0"  />
  <object-monitors candidates="2" cleared="0"  />
</gc-op>
<gc-op id="2560" type="sweep" timems="4.980" contextid="2536" timestamp="2022-02-08T17:31:05.649" />
<gc-end id="2561" type="global" contextid="2536" durationms="224.544" usertimems="271.180" systemtimems="0.000" stalltimems="178.825" timestamp="2022-02-08T17:31:05.649" activeThreads="4">
  <mem-info id="2562" free="375202968" total="1073741824" percent="34">
    <mem type="nursery" free="97088480" total="268435456" percent="36">
      <mem type="allocate" free="97088480" total="182648832" percent="53" />
      <mem type="survivor" free="0" total="85786624" percent="0" />
    </mem>
    <mem type="tenure" free="278114488" total="805306368" percent="34" micro-fragmented="411116" macro-fragmented="1549583">
      <mem type="soa" free="270060728" total="797252608" percent="33" />
      <mem type="loa" free="8053760" total="8053760" percent="100" />
    </mem>
    <pending-finalizers system="57" default="0" reference="2" classloader="0" />
    <remembered-set count="102" />
  </mem-info>
</gc-end>
<cycle-end id="2563" type="global" contextid="2536" timestamp="2022-02-08T17:31:05.649" />
<exclusive-end id="2564" timestamp="2022-02-08T17:31:05.649" durationms="224.744" />

<exclusive-start id="2565" timestamp="2022-02-08T17:31:06.232" intervalms="807.849">
  <response-info timems="0.017" idlems="0.017" threads="0" lastid="0000000000016F00" lastname="main" />
</exclusive-start>
<af-start id="2566" threadId="0000000000017908" totalBytesRequested="112" timestamp="2022-02-08T17:31:06.232" intervalms="1010.192" type="nursery" />
<cycle-start id="2567" type="scavenge" contextid="0" timestamp="2022-02-08T17:31:06.232" intervalms="1010.203" />
<gc-start id="2568" type="scavenge" contextid="2567" timestamp="2022-02-08T17:31:06.232">
  <mem-info id="2569" free="278114488" total="1073741824" percent="25">
    <mem type="nursery" free="0" total="268435456" percent="0">
      <mem type="allocate" free="0" total="182648832" percent="0" />
      <mem type="survivor" free="0" total="85786624" percent="0" />
    </mem>
    <mem type="tenure" free="278114488" total="805306368" percent="34">
      <mem type="soa" free="270060728" total="797252608" percent="33" />
      <mem type="loa" free="8053760" total="8053760" percent="100" />
    </mem>
    <remembered-set count="105" />
  </mem-info>
</gc-start>
<allocation-stats totalBytes="97042720" >
  <allocated-bytes non-tlh="0" tlh="97042720" />
  <largest-consumer threadName="main" threadId="0000000000016F00" bytes="97038624" />
</allocation-stats>
<gc-op id="2570" type="scavenge" timems="74.368" contextid="2567" timestamp="2022-02-08T17:31:06.307">
  <scavenger-info tenureage="1" tenuremask="7ffe" tiltratio="68" />
  <memory-copied type="nursery" objects="1312310" bytes="74373240" bytesdiscarded="145080" />
  <memory-copied type="tenure" objects="1386105" bytes="77953688" bytesdiscarded="40992" />
  <finalization candidates="1" enqueued="0" />
  <ownableSynchronizers candidates="2" cleared="2" />
  <object-monitors candidates="2" cleared="0"  />
</gc-op>
<gc-end id="2571" type="scavenge" contextid="2567" durationms="74.714" usertimems="293.817" systemtimems="0.000" stalltimems="2.871" timestamp="2022-02-08T17:31:06.307" activeThreads="4">
  <mem-info id="2572" free="308169232" total="1073741824" percent="28">
    <mem type="nursery" free="108392656" total="268435456" percent="40">
      <mem type="allocate" free="108392656" total="182910976" percent="59" />
      <mem type="survivor" free="0" total="85524480" percent="0" />
    </mem>
    <mem type="tenure" free="199776576" total="805306368" percent="24" macro-fragmented="0">
      <mem type="soa" free="191722816" total="797252608" percent="24" />
      <mem type="loa" free="8053760" total="8053760" percent="100" />
    </mem>
    <remembered-set count="105" />
  </mem-info>
</gc-end>
<cycle-end id="2573" type="scavenge" contextid="2567" timestamp="2022-02-08T17:31:06.307" />
<allocation-satisfied id="2574" threadId="0000000000016F00" bytesRequested="112" />
<af-end id="2575" timestamp="2022-02-08T17:31:06.307" threadId="0000000000017908" success="true" from="nursery"/>
<exclusive-end id="2576" timestamp="2022-02-08T17:31:06.307" durationms="74.981" />

<exclusive-start id="2577" timestamp="2022-02-08T17:31:07.186" intervalms="953.829">
  <response-info timems="0.017" idlems="0.017" threads="0" lastid="0000000000016F00" lastname="main" />
</exclusive-start>
<af-start id="2578" threadId="0000000000017908" totalBytesRequested="240" timestamp="2022-02-08T17:31:07.186" intervalms="953.830" type="nursery" />
<cycle-start id="2579" type="scavenge" contextid="0" timestamp="2022-02-08T17:31:07.186" intervalms="953.818" />
<gc-start id="2580" type="scavenge" contextid="2579" timestamp="2022-02-08T17:31:07.186">
  <mem-info id="2581" free="199776576" total="1073741824" percent="18">
    <mem type="nursery" free="0" total="268435456" percent="0">
      <mem type="allocate" free="0" total="182910976" percent="0" />
      <mem type="survivor" free="0" total="85524480" percent="0" />
    </mem>
    <mem type="tenure" free="199776576" total="805306368" percent="24">
      <mem type="soa" free="191722816" total="797252608" percent="24" />
      <mem type="loa" free="8053760" total="8053760" percent="100" />
    </mem>
    <remembered-set count="136" />
  </mem-info>
</gc-start>
<allocation-stats totalBytes="108346704" >
  <allocated-bytes non-tlh="1590680" tlh="106756024" />
  <largest-consumer threadName="main" threadId="0000000000016F00" bytes="108346704" />
</allocation-stats>
<gc-op id="2582" type="scavenge" timems="79.134" contextid="2579" timestamp="2022-02-08T17:31:07.265">
  <scavenger-info tenureage="1" tenuremask="7ffe" tiltratio="68" />
  <memory-copied type="nursery" objects="1491096" bytes="76309264" bytesdiscarded="94312" />
  <memory-copied type="tenure" objects="1312310" bytes="74373240" bytesdiscarded="43576" />
  <finalization candidates="109" enqueued="53" />
  <references type="soft" candidates="14" cleared="0" enqueued="0" dynamicThreshold="11" maxThreshold="32" />
  <references type="weak" candidates="1" cleared="0" enqueued="0" />
  <references type="phantom" candidates="94" cleared="7" enqueued="7" />
  <object-monitors candidates="2" cleared="0"  />
</gc-op>
<gc-end id="2583" type="scavenge" contextid="2579" durationms="79.565" usertimems="310.482" systemtimems="0.590" stalltimems="5.027" timestamp="2022-02-08T17:31:07.266" activeThreads="4">
  <mem-info id="2584" free="232303472" total="1073741824" percent="21">
    <mem type="nursery" free="106703880" total="268435456" percent="39">
      <mem type="allocate" free="106703880" total="183107584" percent="58" />
      <mem type="survivor" free="0" total="85327872" percent="0" />
    </mem>
    <mem type="tenure" free="125599592" total="805306368" percent="15" macro-fragmented="0">
      <mem type="soa" free="117545832" total="797252608" percent="14" />
      <mem type="loa" free="8053760" total="8053760" percent="100" />
    </mem>
    <pending-finalizers system="52" default="1" reference="7" classloader="0" />
    <remembered-set count="132" />
  </mem-info>
</gc-end>
<cycle-end id="2585" type="scavenge" contextid="2579" timestamp="2022-02-08T17:31:07.266" />
<allocation-satisfied id="2586" threadId="0000000000016F00" bytesRequested="240" />
<af-end id="2587" timestamp="2022-02-08T17:31:07.266" threadId="0000000000017908" success="true" from="nursery"/>
<exclusive-end id="2588" timestamp="2022-02-08T17:31:07.266" durationms="79.884" />

<concurrent-kickoff id="2589" timestamp="2022-02-08T17:31:07.927">
  <kickoff reason="threshold reached" targetBytes="74445953" thresholdFreeBytes="5754851"  remainingFree="5634744" tenureFreeBytes="125599592" nurseryFreeBytes="5634744" />
</concurrent-kickoff>
<exclusive-start id="2590" timestamp="2022-02-08T17:31:07.930" intervalms="743.738">
  <response-info timems="0.018" idlems="0.018" threads="0" lastid="0000000000016F00" lastname="main" />
</exclusive-start>
<cycle-start id="2591" type="global" contextid="0" timestamp="2022-02-08T17:31:07.930" intervalms="2828.128" />
<concurrent-start id="2592" type="global mark" contextid="2591" timestamp="2022-02-08T17:31:07.930">
</concurrent-start>
<exclusive-end id="2593" timestamp="2022-02-08T17:31:07.930" durationms="0.030" />

<exclusive-start id="2594" timestamp="2022-02-08T17:31:08.052" intervalms="122.165">
  <response-info timems="0.033" idlems="0.033" threads="0" lastid="0000000000016F00" lastname="main" />
</exclusive-start>
<af-start id="2595" threadId="0000000000017908" totalBytesRequested="104" timestamp="2022-02-08T17:31:08.052" intervalms="865.915" type="nursery" />
<cycle-start id="2596" type="scavenge" contextid="0" timestamp="2022-02-08T17:31:08.052" intervalms="865.915" />
<gc-start id="2597" type="scavenge" contextid="2596" timestamp="2022-02-08T17:31:08.052">
  <mem-info id="2598" free="125599592" total="1073741824" percent="11">
    <mem type="nursery" free="0" total="268435456" percent="0">
      <mem type="allocate" free="0" total="183107584" percent="0" />
      <mem type="survivor" free="0" total="85327872" percent="0" />
    </mem>
    <mem type="tenure" free="125599592" total="805306368" percent="15">
      <mem type="soa" free="117545832" total="797252608" percent="14" />
      <mem type="loa" free="8053760" total="8053760" percent="100" />
    </mem>
    <remembered-set count="133" />
  </mem-info>
</gc-start>
<allocation-stats totalBytes="106652408" >
  <allocated-bytes non-tlh="1347920" tlh="105304488" />
  <largest-consumer threadName="main" threadId="0000000000016F00" bytes="106644216" />
</allocation-stats>
<gc-op id="2599" type="scavenge" timems="80.696" contextid="2596" timestamp="2022-02-08T17:31:08.133">
  <scavenger-info tenureage="1" tenuremask="7ffe" tiltratio="68" />
  <memory-copied type="nursery" objects="1335769" bytes="76325128" bytesdiscarded="321968" />
  <memory-copied type="tenure" objects="1490376" bytes="75365968" bytesdiscarded="37576" />
  <finalization candidates="57" enqueued="0" />
  <references type="phantom" candidates="1" cleared="0" enqueued="0" />
  <object-monitors candidates="2" cleared="0"  />
</gc-op>
<gc-end id="2600" type="scavenge" contextid="2596" durationms="81.070" usertimems="318.969" systemtimems="0.000" stalltimems="2.788" timestamp="2022-02-08T17:31:08.133" activeThreads="4">
  <mem-info id="2601" free="157274360" total="1073741824" percent="14">
    <mem type="nursery" free="107050312" total="268435456" percent="39">
      <mem type="allocate" free="107050312" total="183697408" percent="58" />
      <mem type="survivor" free="0" total="84738048" percent="0" />
    </mem>
    <mem type="tenure" free="50224048" total="805306368" percent="6" macro-fragmented="16050736">
      <mem type="soa" free="42170288" total="797252608" percent="5" />
      <mem type="loa" free="8053760" total="8053760" percent="100" />
    </mem>
    <remembered-set count="102" />
  </mem-info>
</gc-end>
<cycle-end id="2602" type="scavenge" contextid="2596" timestamp="2022-02-08T17:31:08.133" />
<allocation-satisfied id="2603" threadId="0000000000016F00" bytesRequested="104" />
<af-end id="2604" timestamp="2022-02-08T17:31:08.133" threadId="0000000000017908" success="true" from="nursery"/>
<exclusive-end id="2605" timestamp="2022-02-08T17:31:08.133" durationms="81.404" />

<concurrent-end id="2606" type="global mark" contextid="2591" timestamp="2022-02-08T17:31:08.248">
<gc-op id="2607" type="trace" timems="318.132" contextid="2591" timestamp="2022-02-08T17:31:08.248">
  <trace bytesTraced="74435884" workStackOverflowCount="0" />
  <card-cleaning reason="card cleaning threshold reached" bytesTraced="480" cardsCleaned="2" />
</gc-op>
</concurrent-end>

<exclusive-start id="2608" timestamp="2022-02-08T17:31:08.248" intervalms="196.038">
  <response-info timems="0.018" idlems="0.018" threads="0" lastid="0000000000016F00" lastname="main" />
</exclusive-start>
<concurrent-global-final id="2609" timestamp="2022-02-08T17:31:08.248" contextid="2591" intervalms="2823.619" >
  <concurrent-trace-info reason="card cleaning threshold reached" tracedByMutators="58068616" tracedByHelpers="16367748" cardsCleaned="2" workStackOverflowCount="0" />
</concurrent-global-final>
<gc-start id="2610" type="global" contextid="2591" timestamp="2022-02-08T17:31:08.248">
  <mem-info id="2611" free="149573776" total="1073741824" percent="13">
    <mem type="nursery" free="99349728" total="268435456" percent="37">
      <mem type="allocate" free="99349728" total="183697408" percent="54" />
      <mem type="survivor" free="0" total="84738048" percent="0" />
    </mem>
    <mem type="tenure" free="50224048" total="805306368" percent="6">
      <mem type="soa" free="42170288" total="797252608" percent="5" />
      <mem type="loa" free="8053760" total="8053760" percent="100" />
    </mem>
    <remembered-set count="102" />
  </mem-info>
</gc-start>
<allocation-stats totalBytes="7697272" >
  <allocated-bytes non-tlh="104" tlh="7697168" />
  <largest-consumer threadName="main" threadId="0000000000016F00" bytes="7697272" />
</allocation-stats>
<gc-op id="2612" type="rs-scan" timems="0.519" contextid="2591" timestamp="2022-02-08T17:31:08.248">
  <scan objectsFound="29" bytesTraced="5420" workStackOverflowCount="0" />
</gc-op>
<gc-op id="2613" type="card-cleaning" timems="145.034" contextid="2591" timestamp="2022-02-08T17:31:08.393">
  <card-cleaning cardsCleaned="9" bytesTraced="71012808" workStackOverflowCount="0" />
</gc-op>
<gc-op id="2614" type="mark" timems="57.512" contextid="2591" timestamp="2022-02-08T17:31:08.451">
  <trace-info objectcount="1854187" scancount="1392168" scanbytes="29767272" />
  <finalization candidates="428" enqueued="57" />
  <ownableSynchronizers candidates="1" cleared="0" />
  <references type="soft" candidates="894" cleared="0" enqueued="0" dynamicThreshold="11" maxThreshold="32" />
  <references type="weak" candidates="1701" cleared="0" enqueued="0" />
  <references type="phantom" candidates="52" cleared="2" enqueued="2" />
  <stringconstants candidates="6470" cleared="0"  />
  <object-monitors candidates="2" cleared="0"  />
</gc-op>
<gc-op id="2615" type="sweep" timems="4.992" contextid="2591" timestamp="2022-02-08T17:31:08.456" />
<gc-end id="2616" type="global" contextid="2591" durationms="208.476" usertimems="222.757" systemtimems="0.747" stalltimems="172.026" timestamp="2022-02-08T17:31:08.456" activeThreads="4">
  <mem-info id="2617" free="392796736" total="1073741824" percent="36">
    <mem type="nursery" free="99764904" total="268435456" percent="37">
      <mem type="allocate" free="99764904" total="183697408" percent="54" />
      <mem type="survivor" free="0" total="84738048" percent="0" />
    </mem>
    <mem type="tenure" free="293031832" total="805306368" percent="36" micro-fragmented="383939" macro-fragmented="0">
      <mem type="soa" free="284978072" total="797252608" percent="35" />
      <mem type="loa" free="8053760" total="8053760" percent="100" />
    </mem>
    <pending-finalizers system="57" default="0" reference="2" classloader="0" />
    <remembered-set count="102" />
  </mem-info>
</gc-end>
<cycle-end id="2618" type="global" contextid="2591" timestamp="2022-02-08T17:31:08.456" />
<exclusive-end id="2619" timestamp="2022-02-08T17:31:08.456" durationms="208.670" />

<exclusive-start id="2620" timestamp="2022-02-08T17:31:09.077" intervalms="828.790">
  <response-info timems="0.018" idlems="0.018" threads="0" lastid="0000000000016F00" lastname="main" />
</exclusive-start>
<af-start id="2621" threadId="0000000000017908" totalBytesRequested="104" timestamp="2022-02-08T17:31:09.077" intervalms="1024.815" type="nursery" />
<cycle-start id="2622" type="scavenge" contextid="0" timestamp="2022-02-08T17:31:09.077" intervalms="1024.814" />
<gc-start id="2623" type="scavenge" contextid="2622" timestamp="2022-02-08T17:31:09.077">
  <mem-info id="2624" free="293031832" total="1073741824" percent="27">
    <mem type="nursery" free="0" total="268435456" percent="0">
      <mem type="allocate" free="0" total="183697408" percent="0" />
      <mem type="survivor" free="0" total="84738048" percent="0" />
    </mem>
    <mem type="tenure" free="293031832" total="805306368" percent="36">
      <mem type="soa" free="284978072" total="797252608" percent="35" />
      <mem type="loa" free="8053760" total="8053760" percent="100" />
    </mem>
    <remembered-set count="105" />
  </mem-info>
</gc-start>
<allocation-stats totalBytes="99718144" >
  <allocated-bytes non-tlh="0" tlh="99718144" />
  <largest-consumer threadName="main" threadId="0000000000016F00" bytes="99714048" />
</allocation-stats>
<gc-op id="2625" type="scavenge" timems="78.514" contextid="2622" timestamp="2022-02-08T17:31:09.155">
  <scavenger-info tenureage="1" tenuremask="7ffe" tiltratio="68" />
  <memory-copied type="nursery" objects="1355402" bytes="76302072" bytesdiscarded="239880" />
  <memory-copied type="tenure" objects="1335769" bytes="76325128" bytesdiscarded="49168" />
  <finalization candidates="1" enqueued="0" />
  <ownableSynchronizers candidates="2" cleared="2" />
  <object-monitors candidates="2" cleared="0"  />
</gc-op>
<gc-end id="2626" type="scavenge" contextid="2622" durationms="78.886" usertimems="306.663" systemtimems="0.000" stalltimems="2.195" timestamp="2022-02-08T17:31:09.156" activeThreads="4">
  <mem-info id="2627" free="324145760" total="1073741824" percent="30">
    <mem type="nursery" free="107614208" total="268435456" percent="40">
      <mem type="allocate" free="107614208" total="184156160" percent="58" />
      <mem type="survivor" free="0" total="84279296" percent="0" />
    </mem>
    <mem type="tenure" free="216531552" total="805306368" percent="26" macro-fragmented="1500163">
      <mem type="soa" free="208477792" total="797252608" percent="26" />
      <mem type="loa" free="8053760" total="8053760" percent="100" />
    </mem>
    <remembered-set count="105" />
  </mem-info>
</gc-end>
<cycle-end id="2628" type="scavenge" contextid="2622" timestamp="2022-02-08T17:31:09.156" />
<allocation-satisfied id="2629" threadId="0000000000016F00" bytesRequested="104" />
<af-end id="2630" timestamp="2022-02-08T17:31:09.156" threadId="0000000000017908" success="true" from="nursery"/>
<exclusive-end id="2631" timestamp="2022-02-08T17:31:09.156" durationms="79.175" />

<exclusive-start id="2632" timestamp="2022-02-08T17:31:09.988" intervalms="911.456">
  <response-info timems="0.019" idlems="0.019" threads="0" lastid="0000000000016F00" lastname="main" />
</exclusive-start>
<af-start id="2633" threadId="0000000000017908" totalBytesRequested="200" timestamp="2022-02-08T17:31:09.988" intervalms="911.459" type="nursery" />
<cycle-start id="2634" type="scavenge" contextid="0" timestamp="2022-02-08T17:31:09.988" intervalms="911.460" />
<gc-start id="2635" type="scavenge" contextid="2634" timestamp="2022-02-08T17:31:09.988">
  <mem-info id="2636" free="216531552" total="1073741824" percent="20">
    <mem type="nursery" free="0" total="268435456" percent="0">
      <mem type="allocate" free="0" total="184156160" percent="0" />
      <mem type="survivor" free="0" total="84279296" percent="0" />
    </mem>
    <mem type="tenure" free="216531552" total="805306368" percent="26">
      <mem type="soa" free="208477792" total="797252608" percent="26" />
      <mem type="loa" free="8053760" total="8053760" percent="100" />
    </mem>
    <remembered-set count="136" />
  </mem-info>
</gc-start>
<allocation-stats totalBytes="107567720" >
  <allocated-bytes non-tlh="1018744" tlh="106548976" />
  <largest-consumer threadName="main" threadId="0000000000016F00" bytes="107567720" />
</allocation-stats>
<gc-op id="2637" type="scavenge" timems="90.409" contextid="2634" timestamp="2022-02-08T17:31:10.079">
  <scavenger-info tenureage="1" tenuremask="7ffe" tiltratio="68" />
  <memory-copied type="nursery" objects="1486015" bytes="75765472" bytesdiscarded="264608" />
  <memory-copied type="tenure" objects="1355402" bytes="76302072" bytesdiscarded="40920" />
  <finalization candidates="108" enqueued="53" />
  <references type="soft" candidates="14" cleared="0" enqueued="0" dynamicThreshold="11" maxThreshold="32" />
  <references type="weak" candidates="1" cleared="0" enqueued="0" />
  <references type="phantom" candidates="93" cleared="7" enqueued="7" />
  <object-monitors candidates="2" cleared="0"  />
</gc-op>
<gc-end id="2638" type="scavenge" contextid="2634" durationms="90.826" usertimems="345.512" systemtimems="5.048" stalltimems="3.919" timestamp="2022-02-08T17:31:10.079" activeThreads="4">
  <mem-info id="2639" free="248708416" total="1073741824" percent="23">
    <mem type="nursery" free="108519168" total="268435456" percent="40">
      <mem type="allocate" free="108519168" total="184549376" percent="58" />
      <mem type="survivor" free="0" total="83886080" percent="0" />
    </mem>
    <mem type="tenure" free="140189248" total="805306368" percent="17" macro-fragmented="0">
      <mem type="soa" free="132135488" total="797252608" percent="16" />
      <mem type="loa" free="8053760" total="8053760" percent="100" />
    </mem>
    <pending-finalizers system="52" default="1" reference="7" classloader="0" />
    <remembered-set count="132" />
  </mem-info>
</gc-end>
<cycle-end id="2640" type="scavenge" contextid="2634" timestamp="2022-02-08T17:31:10.079" />
<allocation-satisfied id="2641" threadId="0000000000016F00" bytesRequested="200" />
<af-end id="2642" timestamp="2022-02-08T17:31:10.079" threadId="0000000000017908" success="true" from="nursery"/>
<exclusive-end id="2643" timestamp="2022-02-08T17:31:10.079" durationms="91.094" />

<concurrent-kickoff id="2644" timestamp="2022-02-08T17:31:10.764">
  <kickoff reason="threshold reached" targetBytes="74444036" thresholdFreeBytes="5753604"  remainingFree="5627648" tenureFreeBytes="140189248" nurseryFreeBytes="5627648" />
</concurrent-kickoff>
<exclusive-start id="2645" timestamp="2022-02-08T17:31:10.767" intervalms="778.489">
  <response-info timems="0.016" idlems="0.016" threads="0" lastid="0000000000016F00" lastname="main" />
</exclusive-start>
<cycle-start id="2646" type="global" contextid="0" timestamp="2022-02-08T17:31:10.767" intervalms="2836.937" />
<concurrent-start id="2647" type="global mark" contextid="2646" timestamp="2022-02-08T17:31:10.767">
</concurrent-start>
<exclusive-end id="2648" timestamp="2022-02-08T17:31:10.767" durationms="0.037" />

<exclusive-start id="2649" timestamp="2022-02-08T17:31:10.889" intervalms="122.183">
  <response-info timems="0.049" idlems="0.049" threads="0" lastid="0000000000016F00" lastname="main" />
</exclusive-start>
<af-start id="2650" threadId="0000000000017908" totalBytesRequested="24" timestamp="2022-02-08T17:31:10.889" intervalms="900.669" type="nursery" />
<cycle-start id="2651" type="scavenge" contextid="0" timestamp="2022-02-08T17:31:10.889" intervalms="900.669" />
<gc-start id="2652" type="scavenge" contextid="2651" timestamp="2022-02-08T17:31:10.889">
  <mem-info id="2653" free="140189248" total="1073741824" percent="13">
    <mem type="nursery" free="0" total="268435456" percent="0">
      <mem type="allocate" free="0" total="184549376" percent="0" />
      <mem type="survivor" free="0" total="83886080" percent="0" />
    </mem>
    <mem type="tenure" free="140189248" total="805306368" percent="17">
      <mem type="soa" free="132135488" total="797252608" percent="16" />
      <mem type="loa" free="8053760" total="8053760" percent="100" />
    </mem>
    <remembered-set count="133" />
  </mem-info>
</gc-start>
<allocation-stats totalBytes="108465688" >
  <allocated-bytes non-tlh="1823008" tlh="106642680" />
  <largest-consumer threadName="main" threadId="0000000000016F00" bytes="108457496" />
</allocation-stats>
<gc-op id="2654" type="scavenge" timems="76.196" contextid="2651" timestamp="2022-02-08T17:31:10.965">
  <scavenger-info tenureage="1" tenuremask="7ffe" tiltratio="68" />
  <memory-copied type="nursery" objects="1354247" bytes="77303968" bytesdiscarded="326576" />
  <memory-copied type="tenure" objects="1485295" bytes="75127600" bytesdiscarded="39200" />
  <finalization candidates="57" enqueued="0" />
  <references type="phantom" candidates="2" cleared="0" enqueued="0" />
  <object-monitors candidates="2" cleared="0"  />
</gc-op>
<gc-end id="2655" type="scavenge" contextid="2651" durationms="76.570" usertimems="301.217" systemtimems="0.000" stalltimems="3.260" timestamp="2022-02-08T17:31:10.965" activeThreads="4">
  <mem-info id="2656" free="170956976" total="1073741824" percent="15">
    <mem type="nursery" free="105870256" total="268435456" percent="39">
      <mem type="allocate" free="105870256" total="183500800" percent="57" />
      <mem type="survivor" free="0" total="84934656" percent="0" />
    </mem>
    <mem type="tenure" free="65086720" total="805306368" percent="8" macro-fragmented="39939376">
      <mem type="soa" free="57032960" total="797252608" percent="7" />
      <mem type="loa" free="8053760" total="8053760" percent="100" />
    </mem>
    <remembered-set count="103" />
  </mem-info>
</gc-end>
<cycle-end id="2657" type="scavenge" contextid="2651" timestamp="2022-02-08T17:31:10.966" />
<allocation-satisfied id="2658" threadId="0000000000016F00" bytesRequested="24" />
<af-end id="2659" timestamp="2022-02-08T17:31:10.966" threadId="0000000000017908" success="true" from="nursery"/>
<exclusive-end id="2660" timestamp="2022-02-08T17:31:10.966" durationms="76.954" />

<concurrent-end id="2661" type="global mark" contextid="2646" timestamp="2022-02-08T17:31:11.083">
<gc-op id="2662" type="trace" timems="316.159" contextid="2646" timestamp="2022-02-08T17:31:11.083">
  <trace bytesTraced="74436028" workStackOverflowCount="0" />
  <card-cleaning reason="card cleaning threshold reached" bytesTraced="480" cardsCleaned="2" />
</gc-op>
</concurrent-end>

<exclusive-start id="2663" timestamp="2022-02-08T17:31:11.083" intervalms="194.053">
  <response-info timems="0.017" idlems="0.017" threads="0" lastid="0000000000016F00" lastname="main" />
</exclusive-start>
<concurrent-global-final id="2664" timestamp="2022-02-08T17:31:11.083" contextid="2646" intervalms="2834.970" >
  <concurrent-trace-info reason="card cleaning threshold reached" tracedByMutators="58068848" tracedByHelpers="16367660" cardsCleaned="2" workStackOverflowCount="0" />
</concurrent-global-final>
<gc-start id="2665" type="global" contextid="2646" timestamp="2022-02-08T17:31:11.083">
  <mem-info id="2666" free="162863256" total="1073741824" percent="15">
    <mem type="nursery" free="97776536" total="268435456" percent="36">
      <mem type="allocate" free="97776536" total="183500800" percent="53" />
      <mem type="survivor" free="0" total="84934656" percent="0" />
    </mem>
    <mem type="tenure" free="65086720" total="805306368" percent="8">
      <mem type="soa" free="57032960" total="797252608" percent="7" />
      <mem type="loa" free="8053760" total="8053760" percent="100" />
    </mem>
    <remembered-set count="103" />
  </mem-info>
</gc-start>
<allocation-stats totalBytes="8089392" >
  <allocated-bytes non-tlh="24" tlh="8089368" />
  <largest-consumer threadName="main" threadId="0000000000016F00" bytes="8089392" />
</allocation-stats>
<gc-op id="2667" type="rs-scan" timems="0.512" contextid="2646" timestamp="2022-02-08T17:31:11.083">
  <scan objectsFound="29" bytesTraced="5420" workStackOverflowCount="0" />
</gc-op>
<gc-op id="2668" type="card-cleaning" timems="148.234" contextid="2646" timestamp="2022-02-08T17:31:11.232">
  <card-cleaning cardsCleaned="9" bytesTraced="71012872" workStackOverflowCount="0" />
</gc-op>
<gc-op id="2669" type="mark" timems="41.296" contextid="2646" timestamp="2022-02-08T17:31:11.273">
  <trace-info objectcount="1619463" scancount="1216125" scanbytes="26011688" />
  <finalization candidates="428" enqueued="57" />
  <ownableSynchronizers candidates="1" cleared="0" />
  <references type="soft" candidates="894" cleared="0" enqueued="0" dynamicThreshold="11" maxThreshold="32" />
  <references type="weak" candidates="1701" cleared="0" enqueued="0" />
  <references type="phantom" candidates="52" cleared="2" enqueued="2" />
  <stringconstants candidates="6470" cleared="0"  />
  <object-monitors candidates="2" cleared="0"  />
</gc-op>
<gc-op id="2670" type="sweep" timems="4.917" contextid="2646" timestamp="2022-02-08T17:31:11.278" />
<gc-end id="2671" type="global" contextid="2646" durationms="195.374" usertimems="211.159" systemtimems="0.000" stalltimems="122.848" timestamp="2022-02-08T17:31:11.278" activeThreads="4">
  <mem-info id="2672" free="406074416" total="1073741824" percent="37">
    <mem type="nursery" free="98194200" total="268435456" percent="36">
      <mem type="allocate" free="98194200" total="183500800" percent="53" />
      <mem type="survivor" free="0" total="84934656" percent="0" />
    </mem>
    <mem type="tenure" free="307880216" total="805306368" percent="38" micro-fragmented="447875" macro-fragmented="0">
      <mem type="soa" free="299826456" total="797252608" percent="37" />
      <mem type="loa" free="8053760" total="8053760" percent="100" />
    </mem>
    <pending-finalizers system="57" default="0" reference="2" classloader="0" />
    <remembered-set count="103" />
  </mem-info>
</gc-end>
<cycle-end id="2673" type="global" contextid="2646" timestamp="2022-02-08T17:31:11.278" />
<exclusive-end id="2674" timestamp="2022-02-08T17:31:11.278" durationms="195.583" />

<exclusive-start id="2675" timestamp="2022-02-08T17:31:11.891" intervalms="808.131">
  <response-info timems="0.032" idlems="0.032" threads="0" lastid="0000000000016F00" lastname="main" />
</exclusive-start>
<af-start id="2676" threadId="0000000000017908" totalBytesRequested="200" timestamp="2022-02-08T17:31:11.891" intervalms="1002.196" type="nursery" />
<cycle-start id="2677" type="scavenge" contextid="0" timestamp="2022-02-08T17:31:11.891" intervalms="1002.195" />
<gc-start id="2678" type="scavenge" contextid="2677" timestamp="2022-02-08T17:31:11.891">
  <mem-info id="2679" free="307880216" total="1073741824" percent="28">
    <mem type="nursery" free="0" total="268435456" percent="0">
      <mem type="allocate" free="0" total="183500800" percent="0" />
      <mem type="survivor" free="0" total="84934656" percent="0" />
    </mem>
    <mem type="tenure" free="307880216" total="805306368" percent="38">
      <mem type="soa" free="299826456" total="797252608" percent="37" />
      <mem type="loa" free="8053760" total="8053760" percent="100" />
    </mem>
    <remembered-set count="106" />
  </mem-info>
</gc-start>
<allocation-stats totalBytes="98152272" >
  <allocated-bytes non-tlh="0" tlh="98152272" />
  <largest-consumer threadName="main" threadId="0000000000016F00" bytes="98148176" />
</allocation-stats>
<gc-op id="2680" type="scavenge" timems="73.878" contextid="2677" timestamp="2022-02-08T17:31:11.965">
  <scavenger-info tenureage="1" tenuremask="7ffe" tiltratio="68" />
  <memory-copied type="nursery" objects="1339662" bytes="75476192" bytesdiscarded="252952" />
  <memory-copied type="tenure" objects="1354247" bytes="77303968" bytesdiscarded="42160" />
  <finalization candidates="2" enqueued="0" />
  <ownableSynchronizers candidates="2" cleared="2" />
  <object-monitors candidates="2" cleared="0"  />
</gc-op>
<gc-end id="2681" type="scavenge" contextid="2677" durationms="74.275" usertimems="292.241" systemtimems="0.274" stalltimems="2.196" timestamp="2022-02-08T17:31:11.965" activeThreads="4">
  <mem-info id="2682" free="338389168" total="1073741824" percent="31">
    <mem type="nursery" free="108033800" total="268435456" percent="40">
      <mem type="allocate" free="108033800" total="183762944" percent="58" />
      <mem type="survivor" free="0" total="84672512" percent="0" />
    </mem>
    <mem type="tenure" free="230355368" total="805306368" percent="28" macro-fragmented="0">
      <mem type="soa" free="222301608" total="797252608" percent="27" />
      <mem type="loa" free="8053760" total="8053760" percent="100" />
    </mem>
    <remembered-set count="104" />
  </mem-info>
</gc-end>
<cycle-end id="2683" type="scavenge" contextid="2677" timestamp="2022-02-08T17:31:11.965" />
<allocation-satisfied id="2684" threadId="0000000000016F00" bytesRequested="200" />
<af-end id="2685" timestamp="2022-02-08T17:31:11.965" threadId="0000000000017908" success="true" from="nursery"/>
<exclusive-end id="2686" timestamp="2022-02-08T17:31:11.965" durationms="74.573" />

<exclusive-start id="2687" timestamp="2022-02-08T17:31:12.661" intervalms="770.559">
  <response-info timems="0.019" idlems="0.019" threads="0" lastid="0000000000016F00" lastname="main" />
</exclusive-start>
<af-start id="2688" threadId="0000000000017908" totalBytesRequested="216" timestamp="2022-02-08T17:31:12.662" intervalms="770.549" type="nursery" />
<cycle-start id="2689" type="scavenge" contextid="0" timestamp="2022-02-08T17:31:12.662" intervalms="770.551" />
<gc-start id="2690" type="scavenge" contextid="2689" timestamp="2022-02-08T17:31:12.662">
  <mem-info id="2691" free="230355368" total="1073741824" percent="21">
    <mem type="nursery" free="0" total="268435456" percent="0">
      <mem type="allocate" free="0" total="183762944" percent="0" />
      <mem type="survivor" free="0" total="84672512" percent="0" />
    </mem>
    <mem type="tenure" free="230355368" total="805306368" percent="28">
      <mem type="soa" free="222301608" total="797252608" percent="27" />
      <mem type="loa" free="8053760" total="8053760" percent="100" />
    </mem>
    <remembered-set count="118" />
  </mem-info>
</gc-start>
<allocation-stats totalBytes="107984112" >
  <allocated-bytes non-tlh="453904" tlh="107530208" />
  <largest-consumer threadName="main" threadId="0000000000016F00" bytes="107984112" />
</allocation-stats>
<gc-op id="2692" type="scavenge" timems="98.306" contextid="2689" timestamp="2022-02-08T17:31:12.760">
  <scavenger-info tenureage="1" tenuremask="7ffe" tiltratio="68" />
  <memory-copied type="nursery" objects="1360060" bytes="76896528" bytesdiscarded="157880" />
  <memory-copied type="tenure" objects="1339661" bytes="75476080" bytesdiscarded="45408" />
  <finalization candidates="30" enqueued="18" />
  <references type="phantom" candidates="30" cleared="0" enqueued="0" />
  <object-monitors candidates="2" cleared="0"  />
</gc-op>
<gc-end id="2693" type="scavenge" contextid="2689" durationms="98.494" usertimems="299.850" systemtimems="0.000" stalltimems="11.790" timestamp="2022-02-08T17:31:12.760" activeThreads="4">
  <mem-info id="2694" free="261576872" total="1073741824" percent="24">
    <mem type="nursery" free="106774072" total="268435456" percent="39">
      <mem type="allocate" free="106774072" total="183828480" percent="58" />
      <mem type="survivor" free="0" total="84606976" percent="0" />
    </mem>
    <mem type="tenure" free="154802800" total="805306368" percent="19" macro-fragmented="0">
      <mem type="soa" free="146749040" total="797252608" percent="18" />
      <mem type="loa" free="8053760" total="8053760" percent="100" />
    </mem>
    <pending-finalizers system="18" default="0" reference="0" classloader="0" />
    <remembered-set count="119" />
  </mem-info>
</gc-end>
<cycle-end id="2695" type="scavenge" contextid="2689" timestamp="2022-02-08T17:31:12.760" />
<allocation-satisfied id="2696" threadId="0000000000016F00" bytesRequested="216" />
<af-end id="2697" timestamp="2022-02-08T17:31:12.760" threadId="0000000000017908" success="true" from="nursery"/>
<exclusive-end id="2698" timestamp="2022-02-08T17:31:12.760" durationms="98.761" />

<concurrent-kickoff id="2699" timestamp="2022-02-08T17:31:13.545">
  <kickoff reason="threshold reached" targetBytes="74442527" thresholdFreeBytes="5749270"  remainingFree="5620768" tenureFreeBytes="154802800" nurseryFreeBytes="5620768" />
</concurrent-kickoff>
<exclusive-start id="2700" timestamp="2022-02-08T17:31:13.548" intervalms="886.276">
  <response-info timems="0.020" idlems="0.020" threads="0" lastid="0000000000016F00" lastname="main" />
</exclusive-start>
<cycle-start id="2701" type="global" contextid="0" timestamp="2022-02-08T17:31:13.548" intervalms="2781.203" />
<concurrent-start id="2702" type="global mark" contextid="2701" timestamp="2022-02-08T17:31:13.548">
</concurrent-start>
<exclusive-end id="2703" timestamp="2022-02-08T17:31:13.548" durationms="0.030" />

<exclusive-start id="2704" timestamp="2022-02-08T17:31:13.668" intervalms="119.953">
  <response-info timems="0.036" idlems="0.036" threads="0" lastid="0000000000016F00" lastname="main" />
</exclusive-start>
<af-start id="2705" threadId="0000000000017908" totalBytesRequested="64" timestamp="2022-02-08T17:31:13.668" intervalms="1006.240" type="nursery" />
<cycle-start id="2706" type="scavenge" contextid="0" timestamp="2022-02-08T17:31:13.668" intervalms="1006.240" />
<gc-start id="2707" type="scavenge" contextid="2706" timestamp="2022-02-08T17:31:13.668">
  <mem-info id="2708" free="154802800" total="1073741824" percent="14">
    <mem type="nursery" free="0" total="268435456" percent="0">
      <mem type="allocate" free="0" total="183828480" percent="0" />
      <mem type="survivor" free="0" total="84606976" percent="0" />
    </mem>
    <mem type="tenure" free="154802800" total="805306368" percent="19">
      <mem type="soa" free="146749040" total="797252608" percent="18" />
      <mem type="loa" free="8053760" total="8053760" percent="100" />
    </mem>
    <remembered-set count="136" />
  </mem-info>
</gc-start>
<allocation-stats totalBytes="106725488" >
  <allocated-bytes non-tlh="2484760" tlh="104240728" />
  <largest-consumer threadName="main" threadId="0000000000016F00" bytes="106721392" />
</allocation-stats>
<gc-op id="2709" type="scavenge" timems="79.468" contextid="2706" timestamp="2022-02-08T17:31:13.747">
  <scavenger-info tenureage="1" tenuremask="7ffe" tiltratio="68" />
  <memory-copied type="nursery" objects="1419919" bytes="75362704" bytesdiscarded="304792" />
  <memory-copied type="tenure" objects="1359760" bytes="76283664" bytesdiscarded="41224" />
  <finalization candidates="92" enqueued="35" />
  <references type="soft" candidates="14" cleared="0" enqueued="0" dynamicThreshold="12" maxThreshold="32" />
  <references type="weak" candidates="1" cleared="0" enqueued="0" />
  <references type="phantom" candidates="77" cleared="7" enqueued="7" />
  <object-monitors candidates="2" cleared="0"  />
</gc-op>
<gc-end id="2710" type="scavenge" contextid="2706" durationms="79.668" usertimems="313.455" systemtimems="0.000" stalltimems="3.791" timestamp="2022-02-08T17:31:13.747" activeThreads="4">
  <mem-info id="2711" free="186972072" total="1073741824" percent="17">
    <mem type="nursery" free="108423000" total="268435456" percent="40">
      <mem type="allocate" free="108423000" total="184090624" percent="58" />
      <mem type="survivor" free="0" total="84344832" percent="0" />
    </mem>
    <mem type="tenure" free="78549072" total="805306368" percent="9" macro-fragmented="33282812">
      <mem type="soa" free="70495312" total="797252608" percent="8" />
      <mem type="loa" free="8053760" total="8053760" percent="100" />
    </mem>
    <pending-finalizers system="34" default="1" reference="7" classloader="0" />
    <remembered-set count="121" />
  </mem-info>
</gc-end>
<cycle-end id="2712" type="scavenge" contextid="2706" timestamp="2022-02-08T17:31:13.748" />
<allocation-satisfied id="2713" threadId="0000000000016F00" bytesRequested="64" />
<af-end id="2714" timestamp="2022-02-08T17:31:13.748" threadId="0000000000017908" success="true" from="nursery"/>
<exclusive-end id="2715" timestamp="2022-02-08T17:31:13.748" durationms="80.026" />

<concurrent-end id="2716" type="global mark" contextid="2701" timestamp="2022-02-08T17:31:13.868">
<gc-op id="2717" type="trace" timems="320.504" contextid="2701" timestamp="2022-02-08T17:31:13.868">
  <trace bytesTraced="74436348" workStackOverflowCount="0" />
  <card-cleaning reason="card cleaning threshold reached" bytesTraced="480" cardsCleaned="2" />
</gc-op>
</concurrent-end>

<exclusive-start id="2718" timestamp="2022-02-08T17:31:13.868" intervalms="200.622">
  <response-info timems="0.018" idlems="0.018" threads="0" lastid="0000000000016F00" lastname="main" />
</exclusive-start>
<concurrent-global-final id="2719" timestamp="2022-02-08T17:31:13.868" contextid="2701" intervalms="2785.542" >
  <concurrent-trace-info reason="card cleaning threshold reached" tracedByMutators="58559700" tracedByHelpers="15877128" cardsCleaned="2" workStackOverflowCount="0" />
</concurrent-global-final>
<gc-start id="2720" type="global" contextid="2701" timestamp="2022-02-08T17:31:13.868">
  <mem-info id="2721" free="178870120" total="1073741824" percent="16">
    <mem type="nursery" free="100321048" total="268435456" percent="37">
      <mem type="allocate" free="100321048" total="184090624" percent="54" />
      <mem type="survivor" free="0" total="84344832" percent="0" />
    </mem>
    <mem type="tenure" free="78549072" total="805306368" percent="9">
      <mem type="soa" free="70495312" total="797252608" percent="8" />
      <mem type="loa" free="8053760" total="8053760" percent="100" />
    </mem>
    <remembered-set count="122" />
  </mem-info>
</gc-start>
<allocation-stats totalBytes="8098024" >
  <allocated-bytes non-tlh="64" tlh="8097960" />
  <largest-consumer threadName="main" threadId="0000000000016F00" bytes="8089832" />
</allocation-stats>
<gc-op id="2722" type="rs-scan" timems="123.620" contextid="2701" timestamp="2022-02-08T17:31:13.992">
  <scan objectsFound="3324743" bytesTraced="71015736" workStackOverflowCount="0" />
</gc-op>
<gc-op id="2723" type="card-cleaning" timems="0.271" contextid="2701" timestamp="2022-02-08T17:31:13.992">
  <card-cleaning cardsCleaned="4" bytesTraced="1744" workStackOverflowCount="0" />
</gc-op>
<gc-op id="2724" type="mark" timems="39.398" contextid="2701" timestamp="2022-02-08T17:31:14.032">
  <trace-info objectcount="1305709" scancount="980808" scanbytes="20991624" />
  <finalization candidates="428" enqueued="57" />
  <ownableSynchronizers candidates="1" cleared="0" />
  <references type="soft" candidates="894" cleared="0" enqueued="0" dynamicThreshold="12" maxThreshold="32" />
  <references type="weak" candidates="1701" cleared="0" enqueued="0" />
  <references type="phantom" candidates="52" cleared="2" enqueued="2" />
  <stringconstants candidates="6470" cleared="0"  />
  <object-monitors candidates="2" cleared="0"  />
</gc-op>
<gc-op id="2725" type="sweep" timems="4.676" contextid="2701" timestamp="2022-02-08T17:31:14.036" />
<gc-end id="2726" type="global" contextid="2701" durationms="168.168" usertimems="182.532" systemtimems="0.158" stalltimems="118.184" timestamp="2022-02-08T17:31:14.037" activeThreads="4">
  <mem-info id="2727" free="422468296" total="1073741824" percent="39">
    <mem type="nursery" free="101042936" total="268435456" percent="37">
      <mem type="allocate" free="101042936" total="184090624" percent="54" />
      <mem type="survivor" free="0" total="84344832" percent="0" />
    </mem>
    <mem type="tenure" free="321425360" total="805306368" percent="39" micro-fragmented="344709" macro-fragmented="0">
      <mem type="soa" free="313371600" total="797252608" percent="39" />
      <mem type="loa" free="8053760" total="8053760" percent="100" />
    </mem>
    <pending-finalizers system="57" default="0" reference="2" classloader="0" />
    <remembered-set count="109" />
  </mem-info>
</gc-end>
<cycle-end id="2728" type="global" contextid="2701" timestamp="2022-02-08T17:31:14.037" />
<exclusive-end id="2729" timestamp="2022-02-08T17:31:14.037" durationms="168.363" />

<exclusive-start id="2730" timestamp="2022-02-08T17:31:14.723" intervalms="854.983">
  <response-info timems="0.019" idlems="0.019" threads="0" lastid="0000000000016F00" lastname="main" />
</exclusive-start>
<af-start id="2731" threadId="0000000000017908" totalBytesRequested="88" timestamp="2022-02-08T17:31:14.723" intervalms="1055.593" type="nursery" />
<cycle-start id="2732" type="scavenge" contextid="0" timestamp="2022-02-08T17:31:14.723" intervalms="1055.593" />
<gc-start id="2733" type="scavenge" contextid="2732" timestamp="2022-02-08T17:31:14.723">
  <mem-info id="2734" free="321425360" total="1073741824" percent="29">
    <mem type="nursery" free="0" total="268435456" percent="0">
      <mem type="allocate" free="0" total="184090624" percent="0" />
      <mem type="survivor" free="0" total="84344832" percent="0" />
    </mem>
    <mem type="tenure" free="321425360" total="805306368" percent="39">
      <mem type="soa" free="313371600" total="797252608" percent="39" />
      <mem type="loa" free="8053760" total="8053760" percent="100" />
    </mem>
    <remembered-set count="110" />
  </mem-info>
</gc-start>
<allocation-stats totalBytes="100996384" >
  <allocated-bytes non-tlh="0" tlh="100996384" />
  <largest-consumer threadName="main" threadId="0000000000016F00" bytes="100987392" />
</allocation-stats>
<gc-op id="2735" type="scavenge" timems="85.401" contextid="2732" timestamp="2022-02-08T17:31:14.809">
  <scavenger-info tenureage="1" tenuremask="7ffe" tiltratio="68" />
  <memory-copied type="nursery" objects="1406751" bytes="77605104" bytesdiscarded="215576" />
  <memory-copied type="tenure" objects="1419437" bytes="75050920" bytesdiscarded="44600" />
  <finalization candidates="45" enqueued="0" />
  <ownableSynchronizers candidates="2" cleared="2" />
  <object-monitors candidates="2" cleared="0"  />
</gc-op>
<gc-end id="2736" type="scavenge" contextid="2732" durationms="85.629" usertimems="336.352" systemtimems="0.000" stalltimems="3.704" timestamp="2022-02-08T17:31:14.809" activeThreads="4">
  <mem-info id="2737" free="350854096" total="1073741824" percent="32">
    <mem type="nursery" free="104762616" total="268435456" percent="39">
      <mem type="allocate" free="104762616" total="182583296" percent="57" />
      <mem type="survivor" free="0" total="85852160" percent="0" />
    </mem>
    <mem type="tenure" free="246091480" total="805306368" percent="30" macro-fragmented="0">
      <mem type="soa" free="238037720" total="797252608" percent="29" />
      <mem type="loa" free="8053760" total="8053760" percent="100" />
    </mem>
    <remembered-set count="104" />
  </mem-info>
</gc-end>
<cycle-end id="2738" type="scavenge" contextid="2732" timestamp="2022-02-08T17:31:14.809" />
<allocation-satisfied id="2739" threadId="0000000000016F00" bytesRequested="88" />
<af-end id="2740" timestamp="2022-02-08T17:31:14.809" threadId="0000000000017908" success="true" from="nursery"/>
<exclusive-end id="2741" timestamp="2022-02-08T17:31:14.809" durationms="85.917" />

<exclusive-start id="2742" timestamp="2022-02-08T17:31:15.448" intervalms="725.071">
  <response-info timems="0.019" idlems="0.019" threads="0" lastid="0000000000016F00" lastname="main" />
</exclusive-start>
<af-start id="2743" threadId="0000000000017908" totalBytesRequested="104" timestamp="2022-02-08T17:31:15.448" intervalms="725.072" type="nursery" />
<cycle-start id="2744" type="scavenge" contextid="0" timestamp="2022-02-08T17:31:15.448" intervalms="725.071" />
<gc-start id="2745" type="scavenge" contextid="2744" timestamp="2022-02-08T17:31:15.448">
  <mem-info id="2746" free="246091480" total="1073741824" percent="22">
    <mem type="nursery" free="0" total="268435456" percent="0">
      <mem type="allocate" free="0" total="182583296" percent="0" />
      <mem type="survivor" free="0" total="85852160" percent="0" />
    </mem>
    <mem type="tenure" free="246091480" total="805306368" percent="30">
      <mem type="soa" free="238037720" total="797252608" percent="29" />
      <mem type="loa" free="8053760" total="8053760" percent="100" />
    </mem>
    <remembered-set count="104" />
  </mem-info>
</gc-start>
<allocation-stats totalBytes="104717816" >
  <allocated-bytes non-tlh="88" tlh="104717728" />
  <largest-consumer threadName="main" threadId="0000000000016F00" bytes="104717816" />
</allocation-stats>
<gc-op id="2747" type="scavenge" timems="73.199" contextid="2744" timestamp="2022-02-08T17:31:15.522">
  <scavenger-info tenureage="1" tenuremask="7ffe" tiltratio="68" />
  <memory-copied type="nursery" objects="1308392" bytes="74458368" bytesdiscarded="127776" />
  <memory-copied type="tenure" objects="1406750" bytes="77605048" bytesdiscarded="39840" />
  <object-monitors candidates="2" cleared="0"  />
</gc-op>
<gc-end id="2748" type="scavenge" contextid="2744" durationms="73.446" usertimems="289.545" systemtimems="0.000" stalltimems="2.446" timestamp="2022-02-08T17:31:15.522" activeThreads="4">
  <mem-info id="2749" free="276802160" total="1073741824" percent="25">
    <mem type="nursery" free="108390368" total="268435456" percent="40">
      <mem type="allocate" free="108390368" total="182976512" percent="59" />
      <mem type="survivor" free="0" total="85458944" percent="0" />
    </mem>
    <mem type="tenure" free="168411792" total="805306368" percent="20" macro-fragmented="0">
      <mem type="soa" free="160358032" total="797252608" percent="20" />
      <mem type="loa" free="8053760" total="8053760" percent="100" />
    </mem>
    <remembered-set count="104" />
  </mem-info>
</gc-end>
<cycle-end id="2750" type="scavenge" contextid="2744" timestamp="2022-02-08T17:31:15.522" />
<allocation-satisfied id="2751" threadId="0000000000016F00" bytesRequested="104" />
<af-end id="2752" timestamp="2022-02-08T17:31:15.522" threadId="0000000000017908" success="true" from="nursery"/>
<exclusive-end id="2753" timestamp="2022-02-08T17:31:15.522" durationms="73.726" />

<exclusive-start id="2754" timestamp="2022-02-08T17:31:16.429" intervalms="980.199">
  <response-info timems="0.019" idlems="0.019" threads="0" lastid="0000000000016F00" lastname="main" />
</exclusive-start>
<af-start id="2755" threadId="0000000000017908" totalBytesRequested="192" timestamp="2022-02-08T17:31:16.429" intervalms="980.200" type="nursery" />
<cycle-start id="2756" type="scavenge" contextid="0" timestamp="2022-02-08T17:31:16.429" intervalms="980.201" />
<gc-start id="2757" type="scavenge" contextid="2756" timestamp="2022-02-08T17:31:16.429">
  <mem-info id="2758" free="168411792" total="1073741824" percent="15">
    <mem type="nursery" free="0" total="268435456" percent="0">
      <mem type="allocate" free="0" total="182976512" percent="0" />
      <mem type="survivor" free="0" total="85458944" percent="0" />
    </mem>
    <mem type="tenure" free="168411792" total="805306368" percent="20">
      <mem type="soa" free="160358032" total="797252608" percent="20" />
      <mem type="loa" free="8053760" total="8053760" percent="100" />
    </mem>
    <remembered-set count="135" />
  </mem-info>
</gc-start>
<allocation-stats totalBytes="108344384" >
  <allocated-bytes non-tlh="2938352" tlh="105406032" />
  <largest-consumer threadName="main" threadId="0000000000016F00" bytes="108344384" />
</allocation-stats>
<gc-op id="2759" type="scavenge" timems="76.316" contextid="2756" timestamp="2022-02-08T17:31:16.505">
  <scavenger-info tenureage="1" tenuremask="7ffe" tiltratio="68" />
  <memory-copied type="nursery" objects="1458689" bytes="76192688" bytesdiscarded="132208" />
  <memory-copied type="tenure" objects="1308392" bytes="74458368" bytesdiscarded="39576" />
  <finalization candidates="110" enqueued="53" />
  <references type="soft" candidates="14" cleared="0" enqueued="0" dynamicThreshold="12" maxThreshold="32" />
  <references type="weak" candidates="1" cleared="0" enqueued="0" />
  <references type="phantom" candidates="95" cleared="7" enqueued="7" />
  <object-monitors candidates="2" cleared="0"  />
</gc-op>
<gc-end id="2760" type="scavenge" contextid="2756" durationms="76.524" usertimems="301.431" systemtimems="0.000" stalltimems="2.970" timestamp="2022-02-08T17:31:16.505" activeThreads="4">
  <mem-info id="2761" free="200831584" total="1073741824" percent="18">
    <mem type="nursery" free="106913632" total="268435456" percent="39">
      <mem type="allocate" free="106913632" total="183238656" percent="58" />
      <mem type="survivor" free="0" total="85196800" percent="0" />
    </mem>
    <mem type="tenure" free="93917952" total="805306368" percent="11" macro-fragmented="47927252">
      <mem type="soa" free="85864192" total="797252608" percent="10" />
      <mem type="loa" free="8053760" total="8053760" percent="100" />
    </mem>
    <pending-finalizers system="52" default="1" reference="7" classloader="0" />
    <remembered-set count="130" />
  </mem-info>
</gc-end>
<cycle-end id="2762" type="scavenge" contextid="2756" timestamp="2022-02-08T17:31:16.505" />
<allocation-satisfied id="2763" threadId="0000000000016F00" bytesRequested="192" />
<af-end id="2764" timestamp="2022-02-08T17:31:16.505" threadId="0000000000017908" success="true" from="nursery"/>
<exclusive-end id="2765" timestamp="2022-02-08T17:31:16.505" durationms="76.783" />

<concurrent-kickoff id="2766" timestamp="2022-02-08T17:31:17.179">
  <kickoff reason="threshold reached" targetBytes="74441389" thresholdFreeBytes="5745806"  remainingFree="5619360" tenureFreeBytes="93917952" nurseryFreeBytes="5619360" />
</concurrent-kickoff>
<exclusive-start id="2767" timestamp="2022-02-08T17:31:17.182" intervalms="753.642">
  <response-info timems="0.018" idlems="0.018" threads="0" lastid="0000000000016F00" lastname="main" />
</exclusive-start>
<cycle-start id="2768" type="global" contextid="0" timestamp="2022-02-08T17:31:17.182" intervalms="3634.469" />
<concurrent-start id="2769" type="global mark" contextid="2768" timestamp="2022-02-08T17:31:17.182">
</concurrent-start>
<exclusive-end id="2770" timestamp="2022-02-08T17:31:17.182" durationms="0.028" />

<exclusive-start id="2771" timestamp="2022-02-08T17:31:17.291" intervalms="108.449">
  <response-info timems="0.039" idlems="0.039" threads="0" lastid="0000000000016F00" lastname="main" />
</exclusive-start>
<af-start id="2772" threadId="0000000000017908" totalBytesRequested="16" timestamp="2022-02-08T17:31:17.291" intervalms="862.089" type="nursery" />
<cycle-start id="2773" type="scavenge" contextid="0" timestamp="2022-02-08T17:31:17.291" intervalms="862.088" />
<gc-start id="2774" type="scavenge" contextid="2773" timestamp="2022-02-08T17:31:17.291">
  <mem-info id="2775" free="93917952" total="1073741824" percent="8">
    <mem type="nursery" free="0" total="268435456" percent="0">
      <mem type="allocate" free="0" total="183238656" percent="0" />
      <mem type="survivor" free="0" total="85196800" percent="0" />
    </mem>
    <mem type="tenure" free="93917952" total="805306368" percent="11">
      <mem type="soa" free="85864192" total="797252608" percent="10" />
      <mem type="loa" free="8053760" total="8053760" percent="100" />
    </mem>
    <remembered-set count="131" />
  </mem-info>
</gc-start>
<allocation-stats totalBytes="106864960" >
  <allocated-bytes non-tlh="192" tlh="106864768" />
  <largest-consumer threadName="main" threadId="0000000000016F00" bytes="106856768" />
</allocation-stats>
<gc-op id="2776" type="scavenge" timems="76.386" contextid="2773" timestamp="2022-02-08T17:31:17.367">
  <scavenger-info tenureage="1" tenuremask="7ffe" tiltratio="68" />
  <memory-copied type="nursery" objects="1369731" bytes="76099800" bytesdiscarded="270192" />
  <memory-copied type="tenure" objects="1457977" bytes="75724728" bytesdiscarded="35544" />
  <finalization candidates="57" enqueued="0" />
  <object-monitors candidates="2" cleared="0"  />
</gc-op>
<gc-end id="2777" type="scavenge" contextid="2773" durationms="76.641" usertimems="301.681" systemtimems="0.000" stalltimems="3.427" timestamp="2022-02-08T17:31:17.367" activeThreads="4">
  <mem-info id="2778" free="125650528" total="1073741824" percent="11">
    <mem type="nursery" free="107458488" total="268435456" percent="40">
      <mem type="allocate" free="107458488" total="183828480" percent="58" />
      <mem type="survivor" free="0" total="84606976" percent="0" />
    </mem>
    <mem type="tenure" free="18192040" total="805306368" percent="2" macro-fragmented="0">
      <mem type="soa" free="10138280" total="797252608" percent="1" />
      <mem type="loa" free="8053760" total="8053760" percent="100" />
    </mem>
    <remembered-set count="103" />
  </mem-info>
</gc-end>
<cycle-end id="2779" type="scavenge" contextid="2773" timestamp="2022-02-08T17:31:17.368" />
<allocation-satisfied id="2780" threadId="0000000000016F00" bytesRequested="16" />
<af-end id="2781" timestamp="2022-02-08T17:31:17.368" threadId="0000000000017908" success="true" from="nursery"/>
<exclusive-end id="2782" timestamp="2022-02-08T17:31:17.368" durationms="76.953" />

<concurrent-end id="2783" type="global mark" contextid="2768" timestamp="2022-02-08T17:31:17.501">
<gc-op id="2784" type="trace" timems="318.976" contextid="2768" timestamp="2022-02-08T17:31:17.501">
  <trace bytesTraced="74436460" workStackOverflowCount="0" />
  <card-cleaning reason="card cleaning threshold reached" bytesTraced="480" cardsCleaned="2" />
</gc-op>
</concurrent-end>

<exclusive-start id="2785" timestamp="2022-02-08T17:31:17.501" intervalms="210.596">
  <response-info timems="0.018" idlems="0.018" threads="0" lastid="0000000000016F00" lastname="main" />
</exclusive-start>
<concurrent-global-final id="2786" timestamp="2022-02-08T17:31:17.501" contextid="2768" intervalms="3632.940" >
  <concurrent-trace-info reason="card cleaning threshold reached" tracedByMutators="56344496" tracedByHelpers="18092444" cardsCleaned="2" workStackOverflowCount="0" />
</concurrent-global-final>
<gc-start id="2787" type="global" contextid="2768" timestamp="2022-02-08T17:31:17.501">
  <mem-info id="2788" free="117294672" total="1073741824" percent="10">
    <mem type="nursery" free="99102632" total="268435456" percent="36">
      <mem type="allocate" free="99102632" total="183828480" percent="53" />
      <mem type="survivor" free="0" total="84606976" percent="0" />
    </mem>
    <mem type="tenure" free="18192040" total="805306368" percent="2">
      <mem type="soa" free="10138280" total="797252608" percent="1" />
      <mem type="loa" free="8053760" total="8053760" percent="100" />
    </mem>
    <remembered-set count="103" />
  </mem-info>
</gc-start>
<allocation-stats totalBytes="8352360" >
  <allocated-bytes non-tlh="16" tlh="8352344" />
  <largest-consumer threadName="main" threadId="0000000000016F00" bytes="8352360" />
</allocation-stats>
<gc-op id="2789" type="rs-scan" timems="0.533" contextid="2768" timestamp="2022-02-08T17:31:17.502">
  <scan objectsFound="0" bytesTraced="3988" workStackOverflowCount="0" />
</gc-op>
<gc-op id="2790" type="card-cleaning" timems="144.950" contextid="2768" timestamp="2022-02-08T17:31:17.647">
  <card-cleaning cardsCleaned="11" bytesTraced="71014736" workStackOverflowCount="0" />
</gc-op>
<gc-op id="2791" type="mark" timems="67.535" contextid="2768" timestamp="2022-02-08T17:31:17.714">
  <trace-info objectcount="2429203" scancount="1823429" scanbytes="38967552" />
  <finalization candidates="428" enqueued="57" />
  <ownableSynchronizers candidates="1" cleared="0" />
  <references type="soft" candidates="894" cleared="0" enqueued="0" dynamicThreshold="12" maxThreshold="32" />
  <references type="weak" candidates="1701" cleared="0" enqueued="0" />
  <references type="phantom" candidates="52" cleared="2" enqueued="2" />
  <stringconstants candidates="6470" cleared="0"  />
  <object-monitors candidates="2" cleared="0"  />
</gc-op>
<gc-op id="2792" type="sweep" timems="5.067" contextid="2768" timestamp="2022-02-08T17:31:17.720" />
<gc-end id="2793" type="global" contextid="2768" durationms="218.307" usertimems="229.431" systemtimems="4.576" stalltimems="202.305" timestamp="2022-02-08T17:31:17.720" activeThreads="4">
  <mem-info id="2794" free="360631480" total="1073741824" percent="33">
    <mem type="nursery" free="99463320" total="268435456" percent="37">
      <mem type="allocate" free="99463320" total="183828480" percent="54" />
      <mem type="survivor" free="0" total="84606976" percent="0" />
    </mem>
    <mem type="tenure" free="261168160" total="805306368" percent="32" micro-fragmented="357174" macro-fragmented="0">
      <mem type="soa" free="253114400" total="797252608" percent="31" />
      <mem type="loa" free="8053760" total="8053760" percent="100" />
    </mem>
    <pending-finalizers system="57" default="0" reference="2" classloader="0" />
    <remembered-set count="103" />
  </mem-info>
</gc-end>
<cycle-end id="2795" type="global" contextid="2768" timestamp="2022-02-08T17:31:17.720" />
<exclusive-end id="2796" timestamp="2022-02-08T17:31:17.720" durationms="218.544" />

<exclusive-start id="2797" timestamp="2022-02-08T17:31:18.319" intervalms="817.493">
  <response-info timems="0.018" idlems="0.018" threads="0" lastid="0000000000016F00" lastname="main" />
</exclusive-start>
<af-start id="2798" threadId="0000000000017908" totalBytesRequested="24" timestamp="2022-02-08T17:31:18.319" intervalms="1028.092" type="nursery" />
<cycle-start id="2799" type="scavenge" contextid="0" timestamp="2022-02-08T17:31:18.319" intervalms="1028.093" />
<gc-start id="2800" type="scavenge" contextid="2799" timestamp="2022-02-08T17:31:18.319">
  <mem-info id="2801" free="261168160" total="1073741824" percent="24">
    <mem type="nursery" free="0" total="268435456" percent="0">
      <mem type="allocate" free="0" total="183828480" percent="0" />
      <mem type="survivor" free="0" total="84606976" percent="0" />
    </mem>
    <mem type="tenure" free="261168160" total="805306368" percent="32">
      <mem type="soa" free="253114400" total="797252608" percent="31" />
      <mem type="loa" free="8053760" total="8053760" percent="100" />
    </mem>
    <remembered-set count="106" />
  </mem-info>
</gc-start>
<allocation-stats totalBytes="99417760" >
  <allocated-bytes non-tlh="0" tlh="99417760" />
  <largest-consumer threadName="main" threadId="0000000000016F00" bytes="99413664" />
</allocation-stats>
<gc-op id="2802" type="scavenge" timems="73.922" contextid="2799" timestamp="2022-02-08T17:31:18.393">
  <scavenger-info tenureage="1" tenuremask="7ffe" tiltratio="68" />
  <memory-copied type="nursery" objects="1360061" bytes="76556264" bytesdiscarded="285480" />
  <memory-copied type="tenure" objects="1369731" bytes="76099800" bytesdiscarded="45376" />
  <ownableSynchronizers candidates="2" cleared="2" />
  <object-monitors candidates="2" cleared="0"  />
</gc-op>
<gc-end id="2803" type="scavenge" contextid="2799" durationms="74.124" usertimems="292.066" systemtimems="0.254" stalltimems="2.090" timestamp="2022-02-08T17:31:18.393" activeThreads="4">
  <mem-info id="2804" free="292060088" total="1073741824" percent="27">
    <mem type="nursery" free="107248880" total="268435456" percent="39">
      <mem type="allocate" free="107248880" total="184090624" percent="58" />
      <mem type="survivor" free="0" total="84344832" percent="0" />
    </mem>
    <mem type="tenure" free="184811208" total="805306368" percent="22" macro-fragmented="0">
      <mem type="soa" free="176757448" total="797252608" percent="22" />
      <mem type="loa" free="8053760" total="8053760" percent="100" />
    </mem>
    <remembered-set count="104" />
  </mem-info>
</gc-end>
<cycle-end id="2805" type="scavenge" contextid="2799" timestamp="2022-02-08T17:31:18.393" />
<allocation-satisfied id="2806" threadId="0000000000016F00" bytesRequested="24" />
<af-end id="2807" timestamp="2022-02-08T17:31:18.393" threadId="0000000000017908" success="true" from="nursery"/>
<exclusive-end id="2808" timestamp="2022-02-08T17:31:18.393" durationms="74.476" />

<exclusive-start id="2809" timestamp="2022-02-08T17:31:19.276" intervalms="957.141">
  <response-info timems="0.021" idlems="0.021" threads="0" lastid="0000000000016F00" lastname="main" />
</exclusive-start>
<af-start id="2810" threadId="0000000000017908" totalBytesRequested="1347680" timestamp="2022-02-08T17:31:19.276" intervalms="957.134" type="nursery" />
<cycle-start id="2811" type="scavenge" contextid="0" timestamp="2022-02-08T17:31:19.276" intervalms="957.150" />
<gc-start id="2812" type="scavenge" contextid="2811" timestamp="2022-02-08T17:31:19.276">
  <mem-info id="2813" free="186037880" total="1073741824" percent="17">
    <mem type="nursery" free="1226672" total="268435456" percent="0">
      <mem type="allocate" free="1226672" total="184090624" percent="0" />
      <mem type="survivor" free="0" total="84344832" percent="0" />
    </mem>
    <mem type="tenure" free="184811208" total="805306368" percent="22">
      <mem type="soa" free="176757448" total="797252608" percent="22" />
      <mem type="loa" free="8053760" total="8053760" percent="100" />
    </mem>
    <remembered-set count="134" />
  </mem-info>
</gc-start>
<allocation-stats totalBytes="105976672" >
  <allocated-bytes non-tlh="1590592" tlh="104386080" />
  <largest-consumer threadName="main" threadId="0000000000016F00" bytes="105976672" />
</allocation-stats>
<gc-op id="2814" type="scavenge" timems="80.602" contextid="2811" timestamp="2022-02-08T17:31:19.357">
  <scavenger-info tenureage="1" tenuremask="7ffe" tiltratio="68" />
  <memory-copied type="nursery" objects="1423396" bytes="74019312" bytesdiscarded="111136" />
  <memory-copied type="tenure" objects="1360061" bytes="76556264" bytesdiscarded="42184" />
  <finalization candidates="110" enqueued="53" />
  <references type="soft" candidates="14" cleared="0" enqueued="0" dynamicThreshold="10" maxThreshold="32" />
  <references type="weak" candidates="1" cleared="0" enqueued="0" />
  <references type="phantom" candidates="95" cleared="7" enqueued="7" />
  <object-monitors candidates="2" cleared="0"  />
</gc-op>
<gc-end id="2815" type="scavenge" contextid="2811" durationms="80.783" usertimems="319.230" systemtimems="0.000" stalltimems="2.622" timestamp="2022-02-08T17:31:19.357" activeThreads="4">
  <mem-info id="2816" free="218445664" total="1073741824" percent="20">
    <mem type="nursery" free="110287728" total="268435456" percent="41">
      <mem type="allocate" free="110287728" total="184418304" percent="59" />
      <mem type="survivor" free="0" total="84017152" percent="0" />
    </mem>
    <mem type="tenure" free="108157936" total="805306368" percent="13" macro-fragmented="0">
      <mem type="soa" free="100104176" total="797252608" percent="12" />
      <mem type="loa" free="8053760" total="8053760" percent="100" />
    </mem>
    <pending-finalizers system="52" default="1" reference="7" classloader="0" />
    <remembered-set count="130" />
  </mem-info>
</gc-end>
<cycle-end id="2817" type="scavenge" contextid="2811" timestamp="2022-02-08T17:31:19.357" />
<allocation-satisfied id="2818" threadId="0000000000016F00" bytesRequested="1347680" />
<af-end id="2819" timestamp="2022-02-08T17:31:19.357" threadId="0000000000017908" success="true" from="nursery"/>
<exclusive-end id="2820" timestamp="2022-02-08T17:31:19.357" durationms="81.187" />

<concurrent-kickoff id="2821" timestamp="2022-02-08T17:31:20.044">
  <kickoff reason="threshold reached" targetBytes="74440497" thresholdFreeBytes="5760097"  remainingFree="5757808" tenureFreeBytes="108157936" nurseryFreeBytes="5757808" />
</concurrent-kickoff>
<exclusive-start id="2822" timestamp="2022-02-08T17:31:20.047" intervalms="771.228">
  <response-info timems="0.022" idlems="0.022" threads="0" lastid="0000000000016F00" lastname="main" />
</exclusive-start>
<cycle-start id="2823" type="global" contextid="0" timestamp="2022-02-08T17:31:20.047" intervalms="2864.909" />
<concurrent-start id="2824" type="global mark" contextid="2823" timestamp="2022-02-08T17:31:20.047">
</concurrent-start>
<exclusive-end id="2825" timestamp="2022-02-08T17:31:20.047" durationms="0.030" />

<exclusive-start id="2826" timestamp="2022-02-08T17:31:20.214" intervalms="166.991">
  <response-info timems="0.051" idlems="0.051" threads="0" lastid="0000000000016F00" lastname="main" />
</exclusive-start>
<af-start id="2827" threadId="0000000000017908" totalBytesRequested="112" timestamp="2022-02-08T17:31:20.214" intervalms="938.222" type="nursery" />
<cycle-start id="2828" type="scavenge" contextid="0" timestamp="2022-02-08T17:31:20.214" intervalms="938.205" />
<gc-start id="2829" type="scavenge" contextid="2828" timestamp="2022-02-08T17:31:20.214">
  <mem-info id="2830" free="108157936" total="1073741824" percent="10">
    <mem type="nursery" free="0" total="268435456" percent="0">
      <mem type="allocate" free="0" total="184418304" percent="0" />
      <mem type="survivor" free="0" total="84017152" percent="0" />
    </mem>
    <mem type="tenure" free="108157936" total="805306368" percent="13">
      <mem type="soa" free="100104176" total="797252608" percent="12" />
      <mem type="loa" free="8053760" total="8053760" percent="100" />
    </mem>
    <remembered-set count="131" />
  </mem-info>
</gc-start>
<allocation-stats totalBytes="110236424" >
  <allocated-bytes non-tlh="1347680" tlh="108888744" />
  <largest-consumer threadName="main" threadId="0000000000016F00" bytes="110228232" />
</allocation-stats>
<gc-op id="2831" type="scavenge" timems="76.577" contextid="2828" timestamp="2022-02-08T17:31:20.291">
  <scavenger-info tenureage="1" tenuremask="7ffe" tiltratio="68" />
  <memory-copied type="nursery" objects="1401037" bytes="78912528" bytesdiscarded="311728" />
  <memory-copied type="tenure" objects="1422685" bytes="73551456" bytesdiscarded="39648" />
  <finalization candidates="57" enqueued="0" />
  <object-monitors candidates="2" cleared="0"  />
</gc-op>
<gc-end id="2832" type="scavenge" contextid="2828" durationms="76.795" usertimems="303.304" systemtimems="0.000" stalltimems="2.272" timestamp="2022-02-08T17:31:20.291" activeThreads="4">
  <mem-info id="2833" free="134597384" total="1073741824" percent="12">
    <mem type="nursery" free="99951168" total="268435456" percent="37">
      <mem type="allocate" free="99951168" total="179175424" percent="55" />
      <mem type="survivor" free="0" total="89260032" percent="0" />
    </mem>
    <mem type="tenure" free="34646216" total="805306368" percent="4" macro-fragmented="0">
      <mem type="soa" free="26592456" total="797252608" percent="3" />
      <mem type="loa" free="8053760" total="8053760" percent="100" />
    </mem>
    <remembered-set count="99" />
  </mem-info>
</gc-end>
<cycle-end id="2834" type="scavenge" contextid="2828" timestamp="2022-02-08T17:31:20.291" />
<allocation-satisfied id="2835" threadId="0000000000016F00" bytesRequested="112" />
<af-end id="2836" timestamp="2022-02-08T17:31:20.291" threadId="0000000000017908" success="true" from="nursery"/>
<exclusive-end id="2837" timestamp="2022-02-08T17:31:20.291" durationms="77.115" />

<concurrent-end id="2838" type="global mark" contextid="2823" timestamp="2022-02-08T17:31:20.407">
<gc-op id="2839" type="trace" timems="359.418" contextid="2823" timestamp="2022-02-08T17:31:20.407">
  <trace bytesTraced="74436540" workStackOverflowCount="0" />
  <card-cleaning reason="card cleaning threshold reached" bytesTraced="480" cardsCleaned="2" />
</gc-op>
</concurrent-end>

<exclusive-start id="2840" timestamp="2022-02-08T17:31:20.407" intervalms="192.498">
  <response-info timems="0.016" idlems="0.016" threads="0" lastid="0000000000016F00" lastname="main" />
</exclusive-start>
<concurrent-global-final id="2841" timestamp="2022-02-08T17:31:20.407" contextid="2823" intervalms="2905.360" >
  <concurrent-trace-info reason="card cleaning threshold reached" tracedByMutators="54924700" tracedByHelpers="19512320" cardsCleaned="2" workStackOverflowCount="0" />
</concurrent-global-final>
<gc-start id="2842" type="global" contextid="2823" timestamp="2022-02-08T17:31:20.407">
  <mem-info id="2843" free="127027864" total="1073741824" percent="11">
    <mem type="nursery" free="92381648" total="268435456" percent="34">
      <mem type="allocate" free="92381648" total="179175424" percent="51" />
      <mem type="survivor" free="0" total="89260032" percent="0" />
    </mem>
    <mem type="tenure" free="34646216" total="805306368" percent="4">
      <mem type="soa" free="26592456" total="797252608" percent="3" />
      <mem type="loa" free="8053760" total="8053760" percent="100" />
    </mem>
    <remembered-set count="99" />
  </mem-info>
</gc-start>
<allocation-stats totalBytes="7565760" >
  <allocated-bytes non-tlh="112" tlh="7565648" />
  <largest-consumer threadName="main" threadId="0000000000016F00" bytes="7565760" />
</allocation-stats>
<gc-op id="2844" type="rs-scan" timems="0.539" contextid="2823" timestamp="2022-02-08T17:31:20.407">
  <scan objectsFound="0" bytesTraced="3988" workStackOverflowCount="0" />
</gc-op>
<gc-op id="2845" type="card-cleaning" timems="155.542" contextid="2823" timestamp="2022-02-08T17:31:20.563">
  <card-cleaning cardsCleaned="10" bytesTraced="71014752" workStackOverflowCount="0" />
</gc-op>
<gc-op id="2846" type="mark" timems="74.052" contextid="2823" timestamp="2022-02-08T17:31:20.637">
  <trace-info objectcount="2175903" scancount="1633455" scanbytes="34914728" />
  <finalization candidates="428" enqueued="57" />
  <ownableSynchronizers candidates="1" cleared="0" />
  <references type="soft" candidates="894" cleared="0" enqueued="0" dynamicThreshold="10" maxThreshold="32" />
  <references type="weak" candidates="1701" cleared="0" enqueued="0" />
  <references type="phantom" candidates="52" cleared="2" enqueued="2" />
  <stringconstants candidates="6470" cleared="0"  />
  <object-monitors candidates="2" cleared="0"  />
</gc-op>
<gc-op id="2847" type="sweep" timems="4.962" contextid="2823" timestamp="2022-02-08T17:31:20.642" />
<gc-end id="2848" type="global" contextid="2823" durationms="235.330" usertimems="250.565" systemtimems="0.685" stalltimems="221.617" timestamp="2022-02-08T17:31:20.642" activeThreads="4">
  <mem-info id="2849" free="370359312" total="1073741824" percent="34">
    <mem type="nursery" free="92787584" total="268435456" percent="34">
      <mem type="allocate" free="92787584" total="179175424" percent="51" />
      <mem type="survivor" free="0" total="89260032" percent="0" />
    </mem>
    <mem type="tenure" free="277571728" total="805306368" percent="34" micro-fragmented="418748" macro-fragmented="0">
      <mem type="soa" free="269517968" total="797252608" percent="33" />
      <mem type="loa" free="8053760" total="8053760" percent="100" />
    </mem>
    <pending-finalizers system="57" default="0" reference="2" classloader="0" />
    <remembered-set count="99" />
  </mem-info>
</gc-end>
<cycle-end id="2850" type="global" contextid="2823" timestamp="2022-02-08T17:31:20.642" />
<exclusive-end id="2851" timestamp="2022-02-08T17:31:20.642" durationms="235.569" />

<exclusive-start id="2852" timestamp="2022-02-08T17:31:21.231" intervalms="824.239">
  <response-info timems="0.249" idlems="0.249" threads="0" lastid="0000000000016F00" lastname="main" />
</exclusive-start>
<af-start id="2853" threadId="0000000000017908" totalBytesRequested="16" timestamp="2022-02-08T17:31:21.231" intervalms="1016.738" type="nursery" />
<cycle-start id="2854" type="scavenge" contextid="0" timestamp="2022-02-08T17:31:21.231" intervalms="1016.738" />
<gc-start id="2855" type="scavenge" contextid="2854" timestamp="2022-02-08T17:31:21.231">
  <mem-info id="2856" free="277571728" total="1073741824" percent="25">
    <mem type="nursery" free="0" total="268435456" percent="0">
      <mem type="allocate" free="0" total="179175424" percent="0" />
      <mem type="survivor" free="0" total="89260032" percent="0" />
    </mem>
    <mem type="tenure" free="277571728" total="805306368" percent="34">
      <mem type="soa" free="269517968" total="797252608" percent="33" />
      <mem type="loa" free="8053760" total="8053760" percent="100" />
    </mem>
    <remembered-set count="102" />
  </mem-info>
</gc-start>
<allocation-stats totalBytes="92744112" >
  <allocated-bytes non-tlh="0" tlh="92744112" />
  <largest-consumer threadName="main" threadId="0000000000016F00" bytes="92740016" />
</allocation-stats>
<gc-op id="2857" type="scavenge" timems="72.006" contextid="2854" timestamp="2022-02-08T17:31:21.303">
  <scavenger-info tenureage="1" tenuremask="7ffe" tiltratio="66" />
  <memory-copied type="nursery" objects="1262385" bytes="71243560" bytesdiscarded="102280" />
  <memory-copied type="tenure" objects="1401037" bytes="78912528" bytesdiscarded="45472" />
  <ownableSynchronizers candidates="2" cleared="2" />
  <object-monitors candidates="2" cleared="0"  />
</gc-op>
<gc-end id="2858" type="scavenge" contextid="2854" durationms="72.221" usertimems="284.085" systemtimems="0.000" stalltimems="3.510" timestamp="2022-02-08T17:31:21.303" activeThreads="4">
  <mem-info id="2859" free="306922408" total="1073741824" percent="28">
    <mem type="nursery" free="108616016" total="268435456" percent="40">
      <mem type="allocate" free="108616016" total="179961856" percent="60" />
      <mem type="survivor" free="0" total="88473600" percent="0" />
    </mem>
    <mem type="tenure" free="198306392" total="805306368" percent="24" macro-fragmented="0">
      <mem type="soa" free="190252632" total="797252608" percent="23" />
      <mem type="loa" free="8053760" total="8053760" percent="100" />
    </mem>
    <remembered-set count="105" />
  </mem-info>
</gc-end>
<cycle-end id="2860" type="scavenge" contextid="2854" timestamp="2022-02-08T17:31:21.303" />
<allocation-satisfied id="2861" threadId="0000000000016F00" bytesRequested="16" />
<af-end id="2862" timestamp="2022-02-08T17:31:21.303" threadId="0000000000017908" success="true" from="nursery"/>
<exclusive-end id="2863" timestamp="2022-02-08T17:31:21.303" durationms="72.468" />

<exclusive-start id="2864" timestamp="2022-02-08T17:31:22.201" intervalms="969.779">
  <response-info timems="0.019" idlems="0.019" threads="0" lastid="0000000000016F00" lastname="main" />
</exclusive-start>
<af-start id="2865" threadId="0000000000017908" totalBytesRequested="24" timestamp="2022-02-08T17:31:22.201" intervalms="969.781" type="nursery" />
<cycle-start id="2866" type="scavenge" contextid="0" timestamp="2022-02-08T17:31:22.201" intervalms="969.794" />
<gc-start id="2867" type="scavenge" contextid="2866" timestamp="2022-02-08T17:31:22.201">
  <mem-info id="2868" free="198306392" total="1073741824" percent="18">
    <mem type="nursery" free="0" total="268435456" percent="0">
      <mem type="allocate" free="0" total="179961856" percent="0" />
      <mem type="survivor" free="0" total="88473600" percent="0" />
    </mem>
    <mem type="tenure" free="198306392" total="805306368" percent="24">
      <mem type="soa" free="190252632" total="797252608" percent="23" />
      <mem type="loa" free="8053760" total="8053760" percent="100" />
    </mem>
    <remembered-set count="136" />
  </mem-info>
</gc-start>
<allocation-stats totalBytes="108567952" >
  <allocated-bytes non-tlh="1661160" tlh="106906792" />
  <largest-consumer threadName="main" threadId="0000000000016F00" bytes="108567952" />
</allocation-stats>
<gc-op id="2869" type="scavenge" timems="74.531" contextid="2866" timestamp="2022-02-08T17:31:22.275">
  <scavenger-info tenureage="1" tenuremask="7ffe" tiltratio="67" />
  <memory-copied type="nursery" objects="1491874" bytes="76454696" bytesdiscarded="120352" />
  <memory-copied type="tenure" objects="1262385" bytes="71243560" bytesdiscarded="37536" />
  <finalization candidates="109" enqueued="53" />
  <references type="soft" candidates="14" cleared="0" enqueued="0" dynamicThreshold="11" maxThreshold="32" />
  <references type="weak" candidates="1" cleared="0" enqueued="0" />
  <references type="phantom" candidates="94" cleared="7" enqueued="7" />
  <object-monitors candidates="2" cleared="0"  />
</gc-op>
<gc-end id="2870" type="scavenge" contextid="2866" durationms="74.731" usertimems="293.648" systemtimems="0.000" stalltimems="3.508" timestamp="2022-02-08T17:31:22.275" activeThreads="4">
  <mem-info id="2871" free="230581704" total="1073741824" percent="21">
    <mem type="nursery" free="103452216" total="268435456" percent="38">
      <mem type="allocate" free="103452216" total="180027392" percent="57" />
      <mem type="survivor" free="0" total="88408064" percent="0" />
    </mem>
    <mem type="tenure" free="127129488" total="805306368" percent="15" macro-fragmented="0">
      <mem type="soa" free="119075728" total="797252608" percent="14" />
      <mem type="loa" free="8053760" total="8053760" percent="100" />
    </mem>
    <pending-finalizers system="52" default="1" reference="7" classloader="0" />
    <remembered-set count="131" />
  </mem-info>
</gc-end>
<cycle-end id="2872" type="scavenge" contextid="2866" timestamp="2022-02-08T17:31:22.276" />
<allocation-satisfied id="2873" threadId="0000000000016F00" bytesRequested="24" />
<af-end id="2874" timestamp="2022-02-08T17:31:22.276" threadId="0000000000017908" success="true" from="nursery"/>
<exclusive-end id="2875" timestamp="2022-02-08T17:31:22.276" durationms="75.070" />

<concurrent-kickoff id="2876" timestamp="2022-02-08T17:31:22.935">
  <kickoff reason="threshold reached" targetBytes="74439798" thresholdFreeBytes="5754714"  remainingFree="5660096" tenureFreeBytes="127129488" nurseryFreeBytes="5660096" />
</concurrent-kickoff>
<exclusive-start id="2877" timestamp="2022-02-08T17:31:22.938" intervalms="737.278">
  <response-info timems="0.018" idlems="0.018" threads="0" lastid="0000000000016F00" lastname="main" />
</exclusive-start>
<cycle-start id="2878" type="global" contextid="0" timestamp="2022-02-08T17:31:22.938" intervalms="2890.784" />
<concurrent-start id="2879" type="global mark" contextid="2878" timestamp="2022-02-08T17:31:22.938">
</concurrent-start>
<exclusive-end id="2880" timestamp="2022-02-08T17:31:22.938" durationms="0.029" />

<exclusive-start id="2881" timestamp="2022-02-08T17:31:23.062" intervalms="124.452">
  <response-info timems="0.017" idlems="0.017" threads="0" lastid="0000000000016F00" lastname="main" />
</exclusive-start>
<af-start id="2882" threadId="0000000000017908" totalBytesRequested="184" timestamp="2022-02-08T17:31:23.062" intervalms="861.740" type="nursery" />
<cycle-start id="2883" type="scavenge" contextid="0" timestamp="2022-02-08T17:31:23.062" intervalms="861.727" />
<gc-start id="2884" type="scavenge" contextid="2883" timestamp="2022-02-08T17:31:23.063">
  <mem-info id="2885" free="127129488" total="1073741824" percent="11">
    <mem type="nursery" free="0" total="268435456" percent="0">
      <mem type="allocate" free="0" total="180027392" percent="0" />
      <mem type="survivor" free="0" total="88408064" percent="0" />
    </mem>
    <mem type="tenure" free="127129488" total="805306368" percent="15">
      <mem type="soa" free="119075728" total="797252608" percent="14" />
      <mem type="loa" free="8053760" total="8053760" percent="100" />
    </mem>
    <remembered-set count="132" />
  </mem-info>
</gc-start>
<allocation-stats totalBytes="103401704" >
  <allocated-bytes non-tlh="1347704" tlh="102054000" />
  <largest-consumer threadName="main" threadId="0000000000016F00" bytes="103393512" />
</allocation-stats>
<gc-op id="2886" type="scavenge" timems="75.675" contextid="2883" timestamp="2022-02-08T17:31:23.138">
  <scavenger-info tenureage="1" tenuremask="7ffe" tiltratio="67" />
  <memory-copied type="nursery" objects="1295816" bytes="74023328" bytesdiscarded="222912" />
  <memory-copied type="tenure" objects="1491155" bytes="75511528" bytesdiscarded="36928" />
  <finalization candidates="57" enqueued="0" />
  <references type="phantom" candidates="1" cleared="0" enqueued="0" />
  <object-monitors candidates="2" cleared="0"  />
</gc-op>
<gc-end id="2887" type="scavenge" contextid="2883" durationms="75.929" usertimems="298.180" systemtimems="0.559" stalltimems="3.458" timestamp="2022-02-08T17:31:23.138" activeThreads="4">
  <mem-info id="2888" free="158523640" total="1073741824" percent="14">
    <mem type="nursery" free="106960800" total="268435456" percent="39">
      <mem type="allocate" free="106960800" total="181207040" percent="59" />
      <mem type="survivor" free="0" total="87228416" percent="0" />
    </mem>
    <mem type="tenure" free="51562840" total="805306368" percent="6" macro-fragmented="0">
      <mem type="soa" free="43509080" total="797252608" percent="5" />
      <mem type="loa" free="8053760" total="8053760" percent="100" />
    </mem>
    <remembered-set count="101" />
  </mem-info>
</gc-end>
<cycle-end id="2889" type="scavenge" contextid="2883" timestamp="2022-02-08T17:31:23.139" />
<allocation-satisfied id="2890" threadId="0000000000016F00" bytesRequested="184" />
<af-end id="2891" timestamp="2022-02-08T17:31:23.139" threadId="0000000000017908" success="true" from="nursery"/>
<exclusive-end id="2892" timestamp="2022-02-08T17:31:23.139" durationms="76.241" />

<concurrent-end id="2893" type="global mark" contextid="2878" timestamp="2022-02-08T17:31:23.257">
<gc-op id="2894" type="trace" timems="318.701" contextid="2878" timestamp="2022-02-08T17:31:23.257">
  <trace bytesTraced="74436924" workStackOverflowCount="0" />
  <card-cleaning reason="card cleaning threshold reached" bytesTraced="480" cardsCleaned="2" />
</gc-op>
</concurrent-end>

<exclusive-start id="2895" timestamp="2022-02-08T17:31:23.257" intervalms="194.323">
  <response-info timems="0.020" idlems="0.020" threads="0" lastid="0000000000016F00" lastname="main" />
</exclusive-start>
<concurrent-global-final id="2896" timestamp="2022-02-08T17:31:23.257" contextid="2878" intervalms="2850.072" >
  <concurrent-trace-info reason="card cleaning threshold reached" tracedByMutators="58556608" tracedByHelpers="15880796" cardsCleaned="2" workStackOverflowCount="0" />
</concurrent-global-final>
<gc-start id="2897" type="global" contextid="2878" timestamp="2022-02-08T17:31:23.257">
  <mem-info id="2898" free="150429760" total="1073741824" percent="14">
    <mem type="nursery" free="98866920" total="268435456" percent="36">
      <mem type="allocate" free="98866920" total="181207040" percent="54" />
      <mem type="survivor" free="0" total="87228416" percent="0" />
    </mem>
    <mem type="tenure" free="51562840" total="805306368" percent="6">
      <mem type="soa" free="43509080" total="797252608" percent="5" />
      <mem type="loa" free="8053760" total="8053760" percent="100" />
    </mem>
    <remembered-set count="101" />
  </mem-info>
</gc-start>
<allocation-stats totalBytes="8089624" >
  <allocated-bytes non-tlh="184" tlh="8089440" />
  <largest-consumer threadName="main" threadId="0000000000016F00" bytes="8089624" />
</allocation-stats>
<gc-op id="2899" type="rs-scan" timems="0.502" contextid="2878" timestamp="2022-02-08T17:31:23.257">
  <scan objectsFound="29" bytesTraced="5420" workStackOverflowCount="0" />
</gc-op>
<gc-op id="2900" type="card-cleaning" timems="143.235" contextid="2878" timestamp="2022-02-08T17:31:23.401">
  <card-cleaning cardsCleaned="9" bytesTraced="71012808" workStackOverflowCount="0" />
</gc-op>
<gc-op id="2901" type="mark" timems="47.339" contextid="2878" timestamp="2022-02-08T17:31:23.448">
  <trace-info objectcount="1791767" scancount="1345353" scanbytes="28768552" />
  <finalization candidates="428" enqueued="57" />
  <ownableSynchronizers candidates="1" cleared="0" />
  <references type="soft" candidates="894" cleared="0" enqueued="0" dynamicThreshold="11" maxThreshold="32" />
  <references type="weak" candidates="1701" cleared="0" enqueued="0" />
  <references type="phantom" candidates="52" cleared="2" enqueued="2" />
  <stringconstants candidates="6470" cleared="0"  />
  <object-monitors candidates="2" cleared="0"  />
</gc-op>
<gc-op id="2902" type="sweep" timems="5.111" contextid="2878" timestamp="2022-02-08T17:31:23.453" />
<gc-end id="2903" type="global" contextid="2878" durationms="196.411" usertimems="211.601" systemtimems="0.270" stalltimems="142.147" timestamp="2022-02-08T17:31:23.453" activeThreads="4">
  <mem-info id="2904" free="393705448" total="1073741824" percent="36">
    <mem type="nursery" free="99183352" total="268435456" percent="36">
      <mem type="allocate" free="99183352" total="181207040" percent="54" />
      <mem type="survivor" free="0" total="87228416" percent="0" />
    </mem>
    <mem type="tenure" free="294522096" total="805306368" percent="36" micro-fragmented="403786" macro-fragmented="0">
      <mem type="soa" free="286468336" total="797252608" percent="35" />
      <mem type="loa" free="8053760" total="8053760" percent="100" />
    </mem>
    <pending-finalizers system="57" default="0" reference="2" classloader="0" />
    <remembered-set count="101" />
  </mem-info>
</gc-end>
<cycle-end id="2905" type="global" contextid="2878" timestamp="2022-02-08T17:31:23.453" />
<exclusive-end id="2906" timestamp="2022-02-08T17:31:23.453" durationms="196.659" />

<exclusive-start id="2907" timestamp="2022-02-08T17:31:24.074" intervalms="817.723">
  <response-info timems="0.018" idlems="0.018" threads="0" lastid="0000000000016F00" lastname="main" />
</exclusive-start>
<af-start id="2908" threadId="0000000000017908" totalBytesRequested="24" timestamp="2022-02-08T17:31:24.074" intervalms="1012.034" type="nursery" />
<cycle-start id="2909" type="scavenge" contextid="0" timestamp="2022-02-08T17:31:24.074" intervalms="1012.033" />
<gc-start id="2910" type="scavenge" contextid="2909" timestamp="2022-02-08T17:31:24.075">
  <mem-info id="2911" free="294522096" total="1073741824" percent="27">
    <mem type="nursery" free="0" total="268435456" percent="0">
      <mem type="allocate" free="0" total="181207040" percent="0" />
      <mem type="survivor" free="0" total="87228416" percent="0" />
    </mem>
    <mem type="tenure" free="294522096" total="805306368" percent="36">
      <mem type="soa" free="286468336" total="797252608" percent="35" />
      <mem type="loa" free="8053760" total="8053760" percent="100" />
    </mem>
    <remembered-set count="104" />
  </mem-info>
</gc-start>
<allocation-stats totalBytes="99135968" >
  <allocated-bytes non-tlh="0" tlh="99135968" />
  <largest-consumer threadName="main" threadId="0000000000016F00" bytes="99131872" />
</allocation-stats>
<gc-op id="2912" type="scavenge" timems="77.221" contextid="2909" timestamp="2022-02-08T17:31:24.152">
  <scavenger-info tenureage="1" tenuremask="7ffe" tiltratio="67" />
  <memory-copied type="nursery" objects="1352760" bytes="76167176" bytesdiscarded="381104" />
  <memory-copied type="tenure" objects="1295815" bytes="74023224" bytesdiscarded="42352" />
  <finalization candidates="1" enqueued="0" />
  <ownableSynchronizers candidates="2" cleared="2" />
  <object-monitors candidates="2" cleared="0"  />
</gc-op>
<gc-end id="2913" type="scavenge" contextid="2909" durationms="77.426" usertimems="301.523" systemtimems="0.000" stalltimems="2.729" timestamp="2022-02-08T17:31:24.152" activeThreads="4">
  <mem-info id="2914" free="325548104" total="1073741824" percent="30">
    <mem type="nursery" free="105183048" total="268435456" percent="39">
      <mem type="allocate" free="105183048" total="181731328" percent="57" />
      <mem type="survivor" free="0" total="86704128" percent="0" />
    </mem>
    <mem type="tenure" free="220365056" total="805306368" percent="27" macro-fragmented="0">
      <mem type="soa" free="212311296" total="797252608" percent="26" />
      <mem type="loa" free="8053760" total="8053760" percent="100" />
    </mem>
    <remembered-set count="105" />
  </mem-info>
</gc-end>
<cycle-end id="2915" type="scavenge" contextid="2909" timestamp="2022-02-08T17:31:24.152" />
<allocation-satisfied id="2916" threadId="0000000000016F00" bytesRequested="24" />
<af-end id="2917" timestamp="2022-02-08T17:31:24.152" threadId="0000000000017908" success="true" from="nursery"/>
<exclusive-end id="2918" timestamp="2022-02-08T17:31:24.152" durationms="77.679" />

<exclusive-start id="2919" timestamp="2022-02-08T17:31:24.923" intervalms="848.924">
  <response-info timems="0.018" idlems="0.018" threads="0" lastid="0000000000016F00" lastname="main" />
</exclusive-start>
<af-start id="2920" threadId="0000000000017908" totalBytesRequested="24" timestamp="2022-02-08T17:31:24.923" intervalms="848.925" type="nursery" />
<cycle-start id="2921" type="scavenge" contextid="0" timestamp="2022-02-08T17:31:24.923" intervalms="848.927" />
<gc-start id="2922" type="scavenge" contextid="2921" timestamp="2022-02-08T17:31:24.924">
  <mem-info id="2923" free="220365056" total="1073741824" percent="20">
    <mem type="nursery" free="0" total="268435456" percent="0">
      <mem type="allocate" free="0" total="181731328" percent="0" />
      <mem type="survivor" free="0" total="86704128" percent="0" />
    </mem>
    <mem type="tenure" free="220365056" total="805306368" percent="27">
      <mem type="soa" free="212311296" total="797252608" percent="26" />
      <mem type="loa" free="8053760" total="8053760" percent="100" />
    </mem>
    <remembered-set count="136" />
  </mem-info>
</gc-start>
<allocation-stats totalBytes="105138256" >
  <allocated-bytes non-tlh="751928" tlh="104386328" />
  <largest-consumer threadName="main" threadId="0000000000016F00" bytes="105138256" />
</allocation-stats>
<gc-op id="2924" type="scavenge" timems="78.311" contextid="2921" timestamp="2022-02-08T17:31:25.002">
  <scavenger-info tenureage="1" tenuremask="7ffe" tiltratio="67" />
  <memory-copied type="nursery" objects="1394502" bytes="74090896" bytesdiscarded="251144" />
  <memory-copied type="tenure" objects="1352760" bytes="76167176" bytesdiscarded="41920" />
  <finalization candidates="70" enqueued="37" />
  <references type="soft" candidates="14" cleared="0" enqueued="0" dynamicThreshold="11" maxThreshold="32" />
  <references type="weak" candidates="1" cleared="0" enqueued="0" />
  <references type="phantom" candidates="55" cleared="7" enqueued="7" />
  <object-monitors candidates="2" cleared="0"  />
</gc-op>
<gc-end id="2925" type="scavenge" contextid="2921" durationms="78.505" usertimems="295.694" systemtimems="0.000" stalltimems="4.689" timestamp="2022-02-08T17:31:25.002" activeThreads="4">
  <mem-info id="2926" free="252378504" total="1073741824" percent="23">
    <mem type="nursery" free="108241128" total="268435456" percent="40">
      <mem type="allocate" free="108241128" total="182583296" percent="59" />
      <mem type="survivor" free="0" total="85852160" percent="0" />
    </mem>
    <mem type="tenure" free="144137376" total="805306368" percent="17" macro-fragmented="0">
      <mem type="soa" free="136083616" total="797252608" percent="17" />
      <mem type="loa" free="8053760" total="8053760" percent="100" />
    </mem>
    <pending-finalizers system="36" default="1" reference="7" classloader="0" />
    <remembered-set count="131" />
  </mem-info>
</gc-end>
<cycle-end id="2927" type="scavenge" contextid="2921" timestamp="2022-02-08T17:31:25.002" />
<allocation-satisfied id="2928" threadId="0000000000016F00" bytesRequested="24" />
<af-end id="2929" timestamp="2022-02-08T17:31:25.002" threadId="0000000000017908" success="true" from="nursery"/>
<exclusive-end id="2930" timestamp="2022-02-08T17:31:25.002" durationms="79.015" />

<concurrent-kickoff id="2931" timestamp="2022-02-08T17:31:25.716">
  <kickoff reason="threshold reached" targetBytes="74439317" thresholdFreeBytes="5750231"  remainingFree="5677288" tenureFreeBytes="144137376" nurseryFreeBytes="5677288" />
</concurrent-kickoff>
<exclusive-start id="2932" timestamp="2022-02-08T17:31:25.718" intervalms="795.011">
  <response-info timems="0.017" idlems="0.017" threads="0" lastid="0000000000016F00" lastname="main" />
</exclusive-start>
<cycle-start id="2933" type="global" contextid="0" timestamp="2022-02-08T17:31:25.718" intervalms="2780.432" />
<concurrent-start id="2934" type="global mark" contextid="2933" timestamp="2022-02-08T17:31:25.718">
</concurrent-start>
<exclusive-end id="2935" timestamp="2022-02-08T17:31:25.718" durationms="0.038" />

<exclusive-start id="2936" timestamp="2022-02-08T17:31:25.842" intervalms="123.575">
  <response-info timems="0.028" idlems="0.028" threads="0" lastid="0000000000016F00" lastname="main" />
</exclusive-start>
<af-start id="2937" threadId="0000000000017908" totalBytesRequested="24" timestamp="2022-02-08T17:31:25.842" intervalms="918.596" type="nursery" />
<cycle-start id="2938" type="scavenge" contextid="0" timestamp="2022-02-08T17:31:25.842" intervalms="918.595" />
<gc-start id="2939" type="scavenge" contextid="2938" timestamp="2022-02-08T17:31:25.842">
  <mem-info id="2940" free="144137376" total="1073741824" percent="13">
    <mem type="nursery" free="0" total="268435456" percent="0">
      <mem type="allocate" free="0" total="182583296" percent="0" />
      <mem type="survivor" free="0" total="85852160" percent="0" />
    </mem>
    <mem type="tenure" free="144137376" total="805306368" percent="17">
      <mem type="soa" free="136083616" total="797252608" percent="17" />
      <mem type="loa" free="8053760" total="8053760" percent="100" />
    </mem>
    <remembered-set count="132" />
  </mem-info>
</gc-start>
<allocation-stats totalBytes="108188976" >
  <allocated-bytes non-tlh="1992544" tlh="106196432" />
  <largest-consumer threadName="main" threadId="0000000000016F00" bytes="108180784" />
</allocation-stats>
<gc-op id="2941" type="scavenge" timems="76.033" contextid="2938" timestamp="2022-02-08T17:31:25.918">
  <scavenger-info tenureage="1" tenuremask="7ffe" tiltratio="68" />
  <memory-copied type="nursery" objects="1367417" bytes="76847976" bytesdiscarded="258392" />
  <memory-copied type="tenure" objects="1393971" bytes="73632712" bytesdiscarded="38920" />
  <finalization candidates="73" enqueued="16" />
  <references type="phantom" candidates="40" cleared="0" enqueued="0" />
  <object-monitors candidates="2" cleared="0"  />
</gc-op>
<gc-end id="2942" type="scavenge" contextid="2938" durationms="76.234" usertimems="299.893" systemtimems="0.817" stalltimems="2.655" timestamp="2022-02-08T17:31:25.918" activeThreads="4">
  <mem-info id="2943" free="175770568" total="1073741824" percent="16">
    <mem type="nursery" free="105345856" total="268435456" percent="39">
      <mem type="allocate" free="105345856" total="182452224" percent="57" />
      <mem type="survivor" free="0" total="85983232" percent="0" />
    </mem>
    <mem type="tenure" free="70424712" total="805306368" percent="8" macro-fragmented="39163798">
      <mem type="soa" free="62370952" total="797252608" percent="7" />
      <mem type="loa" free="8053760" total="8053760" percent="100" />
    </mem>
    <pending-finalizers system="16" default="0" reference="0" classloader="0" />
    <remembered-set count="105" />
  </mem-info>
</gc-end>
<cycle-end id="2944" type="scavenge" contextid="2938" timestamp="2022-02-08T17:31:25.918" />
<allocation-satisfied id="2945" threadId="0000000000016F00" bytesRequested="24" />
<af-end id="2946" timestamp="2022-02-08T17:31:25.918" threadId="0000000000017908" success="true" from="nursery"/>
<exclusive-end id="2947" timestamp="2022-02-08T17:31:25.918" durationms="76.516" />

<concurrent-end id="2948" type="global mark" contextid="2933" timestamp="2022-02-08T17:31:26.065">
<gc-op id="2949" type="trace" timems="346.342" contextid="2933" timestamp="2022-02-08T17:31:26.065">
  <trace bytesTraced="74437196" workStackOverflowCount="0" />
  <card-cleaning reason="card cleaning threshold reached" bytesTraced="480" cardsCleaned="2" />
</gc-op>
</concurrent-end>

<exclusive-start id="2950" timestamp="2022-02-08T17:31:26.065" intervalms="222.838">
  <response-info timems="0.017" idlems="0.017" threads="0" lastid="0000000000016F00" lastname="main" />
</exclusive-start>
<concurrent-global-final id="2951" timestamp="2022-02-08T17:31:26.065" contextid="2933" intervalms="2808.095" >
  <concurrent-trace-info reason="card cleaning threshold reached" tracedByMutators="49160712" tracedByHelpers="25276964" cardsCleaned="2" workStackOverflowCount="0" />
</concurrent-global-final>
<gc-start id="2952" type="global" contextid="2933" timestamp="2022-02-08T17:31:26.065">
  <mem-info id="2953" free="168328112" total="1073741824" percent="15">
    <mem type="nursery" free="97903400" total="268435456" percent="36">
      <mem type="allocate" free="97903400" total="182452224" percent="53" />
      <mem type="survivor" free="0" total="85983232" percent="0" />
    </mem>
    <mem type="tenure" free="70424712" total="805306368" percent="8">
      <mem type="soa" free="62370952" total="797252608" percent="7" />
      <mem type="loa" free="8053760" total="8053760" percent="100" />
    </mem>
    <remembered-set count="105" />
  </mem-info>
</gc-start>
<allocation-stats totalBytes="7440048" >
  <allocated-bytes non-tlh="24" tlh="7440024" />
  <largest-consumer threadName="main" threadId="0000000000016F00" bytes="7435952" />
</allocation-stats>
<gc-op id="2954" type="rs-scan" timems="0.660" contextid="2933" timestamp="2022-02-08T17:31:26.066">
  <scan objectsFound="29" bytesTraced="5484" workStackOverflowCount="0" />
</gc-op>
<gc-op id="2955" type="card-cleaning" timems="151.237" contextid="2933" timestamp="2022-02-08T17:31:26.217">
  <card-cleaning cardsCleaned="9" bytesTraced="71012808" workStackOverflowCount="0" />
</gc-op>
<gc-op id="2956" type="mark" timems="46.802" contextid="2933" timestamp="2022-02-08T17:31:26.264">
  <trace-info objectcount="1510935" scancount="1134728" scanbytes="24275240" />
  <finalization candidates="428" enqueued="57" />
  <ownableSynchronizers candidates="1" cleared="0" />
  <references type="soft" candidates="894" cleared="0" enqueued="0" dynamicThreshold="11" maxThreshold="32" />
  <references type="weak" candidates="1701" cleared="0" enqueued="0" />
  <references type="phantom" candidates="52" cleared="2" enqueued="2" />
  <stringconstants candidates="6470" cleared="0"  />
  <object-monitors candidates="2" cleared="0"  />
</gc-op>
<gc-op id="2957" type="sweep" timems="4.684" contextid="2933" timestamp="2022-02-08T17:31:26.268" />
<gc-end id="2958" type="global" contextid="2933" durationms="203.602" usertimems="255.668" systemtimems="0.223" stalltimems="102.012" timestamp="2022-02-08T17:31:26.268" activeThreads="4">
  <mem-info id="2959" free="411703352" total="1073741824" percent="38">
    <mem type="nursery" free="98395272" total="268435456" percent="36">
      <mem type="allocate" free="98395272" total="182452224" percent="53" />
      <mem type="survivor" free="0" total="85983232" percent="0" />
    </mem>
    <mem type="tenure" free="313308080" total="805306368" percent="38" micro-fragmented="376685" macro-fragmented="0">
      <mem type="soa" free="305254320" total="797252608" percent="38" />
      <mem type="loa" free="8053760" total="8053760" percent="100" />
    </mem>
    <pending-finalizers system="57" default="0" reference="2" classloader="0" />
    <remembered-set count="105" />
  </mem-info>
</gc-end>
<cycle-end id="2960" type="global" contextid="2933" timestamp="2022-02-08T17:31:26.269" />
<exclusive-end id="2961" timestamp="2022-02-08T17:31:26.269" durationms="203.849" />

<exclusive-start id="2962" timestamp="2022-02-08T17:31:26.903" intervalms="838.619">
  <response-info timems="0.017" idlems="0.017" threads="0" lastid="0000000000016F00" lastname="main" />
</exclusive-start>
<af-start id="2963" threadId="0000000000017908" totalBytesRequested="200" timestamp="2022-02-08T17:31:26.903" intervalms="1061.446" type="nursery" />
<cycle-start id="2964" type="scavenge" contextid="0" timestamp="2022-02-08T17:31:26.903" intervalms="1061.445" />
<gc-start id="2965" type="scavenge" contextid="2964" timestamp="2022-02-08T17:31:26.903">
  <mem-info id="2966" free="313308080" total="1073741824" percent="29">
    <mem type="nursery" free="0" total="268435456" percent="0">
      <mem type="allocate" free="0" total="182452224" percent="0" />
      <mem type="survivor" free="0" total="85983232" percent="0" />
    </mem>
    <mem type="tenure" free="313308080" total="805306368" percent="38">
      <mem type="soa" free="305254320" total="797252608" percent="38" />
      <mem type="loa" free="8053760" total="8053760" percent="100" />
    </mem>
    <remembered-set count="108" />
  </mem-info>
</gc-start>
<allocation-stats totalBytes="98350816" >
  <allocated-bytes non-tlh="0" tlh="98350816" />
  <largest-consumer threadName="main" threadId="0000000000016F00" bytes="98346720" />
</allocation-stats>
<gc-op id="2967" type="scavenge" timems="78.866" contextid="2964" timestamp="2022-02-08T17:31:26.982">
  <scavenger-info tenureage="1" tenuremask="7ffe" tiltratio="67" />
  <memory-copied type="nursery" objects="1375354" bytes="75304216" bytesdiscarded="221312" />
  <memory-copied type="tenure" objects="1367225" bytes="76710376" bytesdiscarded="47920" />
  <finalization candidates="24" enqueued="0" />
  <ownableSynchronizers candidates="2" cleared="2" />
  <object-monitors candidates="2" cleared="0"  />
</gc-op>
<gc-end id="2968" type="scavenge" contextid="2964" durationms="79.084" usertimems="311.756" systemtimems="0.000" stalltimems="3.078" timestamp="2022-02-08T17:31:26.983" activeThreads="4">
  <mem-info id="2969" free="343991416" total="1073741824" percent="32">
    <mem type="nursery" free="107516520" total="268435456" percent="40">
      <mem type="allocate" free="107516520" total="183042048" percent="58" />
      <mem type="survivor" free="0" total="85393408" percent="0" />
    </mem>
    <mem type="tenure" free="236474896" total="805306368" percent="29" macro-fragmented="1800196">
      <mem type="soa" free="228421136" total="797252608" percent="28" />
      <mem type="loa" free="8053760" total="8053760" percent="100" />
    </mem>
    <remembered-set count="104" />
  </mem-info>
</gc-end>
<cycle-end id="2970" type="scavenge" contextid="2964" timestamp="2022-02-08T17:31:26.983" />
<allocation-satisfied id="2971" threadId="0000000000016F00" bytesRequested="200" />
<af-end id="2972" timestamp="2022-02-08T17:31:26.983" threadId="0000000000017908" success="true" from="nursery"/>
<exclusive-end id="2973" timestamp="2022-02-08T17:31:26.983" durationms="79.332" />

<exclusive-start id="2974" timestamp="2022-02-08T17:31:27.623" intervalms="719.864">
  <response-info timems="0.018" idlems="0.018" threads="0" lastid="0000000000016F00" lastname="main" />
</exclusive-start>
<af-start id="2975" threadId="0000000000017908" totalBytesRequested="24" timestamp="2022-02-08T17:31:27.623" intervalms="719.901" type="nursery" />
<cycle-start id="2976" type="scavenge" contextid="0" timestamp="2022-02-08T17:31:27.623" intervalms="719.904" />
<gc-start id="2977" type="scavenge" contextid="2976" timestamp="2022-02-08T17:31:27.623">
  <mem-info id="2978" free="236474896" total="1073741824" percent="22">
    <mem type="nursery" free="0" total="268435456" percent="0">
      <mem type="allocate" free="0" total="183042048" percent="0" />
      <mem type="survivor" free="0" total="85393408" percent="0" />
    </mem>
    <mem type="tenure" free="236474896" total="805306368" percent="29">
      <mem type="soa" free="228421136" total="797252608" percent="28" />
      <mem type="loa" free="8053760" total="8053760" percent="100" />
    </mem>
    <remembered-set count="104" />
  </mem-info>
</gc-start>
<allocation-stats totalBytes="107467600" >
  <allocated-bytes non-tlh="200" tlh="107467400" />
  <largest-consumer threadName="main" threadId="0000000000016F00" bytes="107467600" />
</allocation-stats>
<gc-op id="2979" type="scavenge" timems="73.241" contextid="2976" timestamp="2022-02-08T17:31:27.697">
  <scavenger-info tenureage="1" tenuremask="7ffe" tiltratio="68" />
  <memory-copied type="nursery" objects="1333314" bytes="76382856" bytesdiscarded="288888" />
  <memory-copied type="tenure" objects="1375353" bytes="75304104" bytesdiscarded="40528" />
  <object-monitors candidates="2" cleared="0"  />
</gc-op>
<gc-end id="2980" type="scavenge" contextid="2976" durationms="73.484" usertimems="289.453" systemtimems="0.000" stalltimems="2.762" timestamp="2022-02-08T17:31:27.697" activeThreads="4">
  <mem-info id="2981" free="268731600" total="1073741824" percent="25">
    <mem type="nursery" free="107746560" total="268435456" percent="40">
      <mem type="allocate" free="107746560" total="184418304" percent="58" />
      <mem type="survivor" free="0" total="84017152" percent="0" />
    </mem>
    <mem type="tenure" free="160985040" total="805306368" percent="19" macro-fragmented="0">
      <mem type="soa" free="152931280" total="797252608" percent="19" />
      <mem type="loa" free="8053760" total="8053760" percent="100" />
    </mem>
    <remembered-set count="105" />
  </mem-info>
</gc-end>
<cycle-end id="2982" type="scavenge" contextid="2976" timestamp="2022-02-08T17:31:27.697" />
<allocation-satisfied id="2983" threadId="0000000000016F00" bytesRequested="24" />
<af-end id="2984" timestamp="2022-02-08T17:31:27.697" threadId="0000000000017908" success="true" from="nursery"/>
<exclusive-end id="2985" timestamp="2022-02-08T17:31:27.697" durationms="73.781" />

<concurrent-kickoff id="2986" timestamp="2022-02-08T17:31:28.527">
  <kickoff reason="threshold reached" targetBytes="74438989" thresholdFreeBytes="5746725"  remainingFree="5680048" tenureFreeBytes="160985040" nurseryFreeBytes="5680048" />
</concurrent-kickoff>
<exclusive-start id="2987" timestamp="2022-02-08T17:31:28.530" intervalms="906.746">
  <response-info timems="0.020" idlems="0.020" threads="0" lastid="0000000000016F00" lastname="main" />
</exclusive-start>
<cycle-start id="2988" type="global" contextid="0" timestamp="2022-02-08T17:31:28.530" intervalms="2811.643" />
<concurrent-start id="2989" type="global mark" contextid="2988" timestamp="2022-02-08T17:31:28.530">
</concurrent-start>
<exclusive-end id="2990" timestamp="2022-02-08T17:31:28.530" durationms="0.030" />

<exclusive-start id="2991" timestamp="2022-02-08T17:31:28.645" intervalms="114.529">
  <response-info timems="0.033" idlems="0.033" threads="0" lastid="0000000000016F00" lastname="main" />
</exclusive-start>
<af-start id="2992" threadId="0000000000017908" totalBytesRequested="48" timestamp="2022-02-08T17:31:28.645" intervalms="1021.249" type="nursery" />
<cycle-start id="2993" type="scavenge" contextid="0" timestamp="2022-02-08T17:31:28.645" intervalms="1021.247" />
<gc-start id="2994" type="scavenge" contextid="2993" timestamp="2022-02-08T17:31:28.645">
  <mem-info id="2995" free="160985040" total="1073741824" percent="14">
    <mem type="nursery" free="0" total="268435456" percent="0">
      <mem type="allocate" free="0" total="184418304" percent="0" />
      <mem type="survivor" free="0" total="84017152" percent="0" />
    </mem>
    <mem type="tenure" free="160985040" total="805306368" percent="19">
      <mem type="soa" free="152931280" total="797252608" percent="19" />
      <mem type="loa" free="8053760" total="8053760" percent="100" />
    </mem>
    <remembered-set count="136" />
  </mem-info>
</gc-start>
<allocation-stats totalBytes="107700080" >
  <allocated-bytes non-tlh="3008848" tlh="104691232" />
  <largest-consumer threadName="main" threadId="0000000000016F00" bytes="107700080" />
</allocation-stats>
<gc-op id="2996" type="scavenge" timems="84.415" contextid="2993" timestamp="2022-02-08T17:31:28.729">
  <scavenger-info tenureage="1" tenuremask="7ffe" tiltratio="68" />
  <memory-copied type="nursery" objects="1452558" bytes="75742944" bytesdiscarded="90232" />
  <memory-copied type="tenure" objects="1333314" bytes="76382856" bytesdiscarded="41776" />
  <finalization candidates="110" enqueued="53" />
  <references type="soft" candidates="14" cleared="0" enqueued="0" dynamicThreshold="12" maxThreshold="32" />
  <references type="weak" candidates="1" cleared="0" enqueued="0" />
  <references type="phantom" candidates="95" cleared="7" enqueued="7" />
  <object-monitors candidates="2" cleared="0"  />
</gc-op>
<gc-end id="2997" type="scavenge" contextid="2993" durationms="84.634" usertimems="322.567" systemtimems="0.581" stalltimems="5.678" timestamp="2022-02-08T17:31:28.729" activeThreads="4">
  <mem-info id="2998" free="193410944" total="1073741824" percent="18">
    <mem type="nursery" free="108847144" total="268435456" percent="40">
      <mem type="allocate" free="108847144" total="184680448" percent="58" />
      <mem type="survivor" free="0" total="83755008" percent="0" />
    </mem>
    <mem type="tenure" free="84563800" total="805306368" percent="10" macro-fragmented="39939376">
      <mem type="soa" free="76510040" total="797252608" percent="9" />
      <mem type="loa" free="8053760" total="8053760" percent="100" />
    </mem>
    <pending-finalizers system="52" default="1" reference="7" classloader="0" />
    <remembered-set count="129" />
  </mem-info>
</gc-end>
<cycle-end id="2999" type="scavenge" contextid="2993" timestamp="2022-02-08T17:31:28.729" />
<allocation-satisfied id="3000" threadId="0000000000016F00" bytesRequested="48" />
<af-end id="3001" timestamp="2022-02-08T17:31:28.729" threadId="0000000000017908" success="true" from="nursery"/>
<exclusive-end id="3002" timestamp="2022-02-08T17:31:28.729" durationms="84.969" />

<concurrent-end id="3003" type="global mark" contextid="2988" timestamp="2022-02-08T17:31:28.858">
<gc-op id="3004" type="trace" timems="327.546" contextid="2988" timestamp="2022-02-08T17:31:28.858">
  <trace bytesTraced="74437324" workStackOverflowCount="0" />
  <card-cleaning reason="card cleaning threshold reached" bytesTraced="480" cardsCleaned="2" />
</gc-op>
</concurrent-end>

<exclusive-start id="3005" timestamp="2022-02-08T17:31:28.858" intervalms="213.121">
  <response-info timems="0.019" idlems="0.019" threads="0" lastid="0000000000016F00" lastname="main" />
</exclusive-start>
<concurrent-global-final id="3006" timestamp="2022-02-08T17:31:28.858" contextid="2988" intervalms="2792.859" >
  <concurrent-trace-info reason="card cleaning threshold reached" tracedByMutators="58605052" tracedByHelpers="15832752" cardsCleaned="2" workStackOverflowCount="0" />
</concurrent-global-final>
<gc-start id="3007" type="global" contextid="2988" timestamp="2022-02-08T17:31:28.858">
  <mem-info id="3008" free="184915792" total="1073741824" percent="17">
    <mem type="nursery" free="100351992" total="268435456" percent="37">
      <mem type="allocate" free="100351992" total="184680448" percent="54" />
      <mem type="survivor" free="0" total="83755008" percent="0" />
    </mem>
    <mem type="tenure" free="84563800" total="805306368" percent="10">
      <mem type="soa" free="76510040" total="797252608" percent="9" />
      <mem type="loa" free="8053760" total="8053760" percent="100" />
    </mem>
    <remembered-set count="130" />
  </mem-info>
</gc-start>
<allocation-stats totalBytes="8491512" >
  <allocated-bytes non-tlh="48" tlh="8491464" />
  <largest-consumer threadName="main" threadId="0000000000016F00" bytes="8483320" />
</allocation-stats>
<gc-op id="3009" type="rs-scan" timems="142.349" contextid="2988" timestamp="2022-02-08T17:31:29.000">
  <scan objectsFound="3324744" bytesTraced="71015752" workStackOverflowCount="0" />
</gc-op>
<gc-op id="3010" type="card-cleaning" timems="0.306" contextid="2988" timestamp="2022-02-08T17:31:29.000">
  <card-cleaning cardsCleaned="4" bytesTraced="1792" workStackOverflowCount="0" />
</gc-op>
<gc-op id="3011" type="mark" timems="31.464" contextid="2988" timestamp="2022-02-08T17:31:29.032">
  <trace-info objectcount="1212206" scancount="910680" scanbytes="19495608" />
  <finalization candidates="428" enqueued="57" />
  <ownableSynchronizers candidates="1" cleared="0" />
  <references type="soft" candidates="894" cleared="0" enqueued="0" dynamicThreshold="12" maxThreshold="32" />
  <references type="weak" candidates="1701" cleared="0" enqueued="0" />
  <references type="phantom" candidates="52" cleared="2" enqueued="2" />
  <stringconstants candidates="6470" cleared="0"  />
  <object-monitors candidates="2" cleared="0"  />
</gc-op>
<gc-op id="3012" type="sweep" timems="5.088" contextid="2988" timestamp="2022-02-08T17:31:29.037" />
<gc-end id="3013" type="global" contextid="2988" durationms="179.511" usertimems="193.382" systemtimems="0.572" stalltimems="93.860" timestamp="2022-02-08T17:31:29.037" activeThreads="4">
  <mem-info id="3014" free="428522096" total="1073741824" percent="39">
    <mem type="nursery" free="101010560" total="268435456" percent="37">
      <mem type="allocate" free="101010560" total="184680448" percent="54" />
      <mem type="survivor" free="0" total="83755008" percent="0" />
    </mem>
    <mem type="tenure" free="327511536" total="805306368" percent="40" micro-fragmented="377529" macro-fragmented="0">
      <mem type="soa" free="319457776" total="797252608" percent="40" />
      <mem type="loa" free="8053760" total="8053760" percent="100" />
    </mem>
    <pending-finalizers system="57" default="0" reference="2" classloader="0" />
    <remembered-set count="112" />
  </mem-info>
</gc-end>
<cycle-end id="3015" type="global" contextid="2988" timestamp="2022-02-08T17:31:29.037" />
<exclusive-end id="3016" timestamp="2022-02-08T17:31:29.037" durationms="179.779" />

<exclusive-start id="3017" timestamp="2022-02-08T17:31:29.741" intervalms="883.092">
  <response-info timems="0.018" idlems="0.018" threads="0" lastid="0000000000016F00" lastname="main" />
</exclusive-start>
<af-start id="3018" threadId="0000000000017908" totalBytesRequested="24" timestamp="2022-02-08T17:31:29.741" intervalms="1096.203" type="nursery" />
<cycle-start id="3019" type="scavenge" contextid="0" timestamp="2022-02-08T17:31:29.741" intervalms="1096.204" />
<gc-start id="3020" type="scavenge" contextid="3019" timestamp="2022-02-08T17:31:29.741">
  <mem-info id="3021" free="327511536" total="1073741824" percent="30">
    <mem type="nursery" free="0" total="268435456" percent="0">
      <mem type="allocate" free="0" total="184680448" percent="0" />
      <mem type="survivor" free="0" total="83755008" percent="0" />
    </mem>
    <mem type="tenure" free="327511536" total="805306368" percent="40">
      <mem type="soa" free="319457776" total="797252608" percent="40" />
      <mem type="loa" free="8053760" total="8053760" percent="100" />
    </mem>
    <remembered-set count="113" />
  </mem-info>
</gc-start>
<allocation-stats totalBytes="100963296" >
  <allocated-bytes non-tlh="0" tlh="100963296" />
  <largest-consumer threadName="main" threadId="0000000000016F00" bytes="100959200" />
</allocation-stats>
<gc-op id="3022" type="scavenge" timems="77.710" contextid="3019" timestamp="2022-02-08T17:31:29.819">
  <scavenger-info tenureage="1" tenuremask="7ffe" tiltratio="68" />
  <memory-copied type="nursery" objects="1412995" bytes="77877120" bytesdiscarded="372992" />
  <memory-copied type="tenure" objects="1451843" bytes="75275008" bytesdiscarded="40736" />
  <finalization candidates="57" enqueued="0" />
  <ownableSynchronizers candidates="2" cleared="2" />
  <object-monitors candidates="2" cleared="0"  />
</gc-op>
<gc-end id="3023" type="scavenge" contextid="3019" durationms="77.926" usertimems="307.675" systemtimems="0.000" stalltimems="2.439" timestamp="2022-02-08T17:31:29.819" activeThreads="4">
  <mem-info id="3024" free="356402424" total="1073741824" percent="33">
    <mem type="nursery" free="104267648" total="268435456" percent="38">
      <mem type="allocate" free="104267648" total="182517760" percent="57" />
      <mem type="survivor" free="0" total="85917696" percent="0" />
    </mem>
    <mem type="tenure" free="252134776" total="805306368" percent="31" macro-fragmented="0">
      <mem type="soa" free="244081016" total="797252608" percent="30" />
      <mem type="loa" free="8053760" total="8053760" percent="100" />
    </mem>
    <remembered-set count="104" />
  </mem-info>
</gc-end>
<cycle-end id="3025" type="scavenge" contextid="3019" timestamp="2022-02-08T17:31:29.819" />
<allocation-satisfied id="3026" threadId="0000000000016F00" bytesRequested="24" />
<af-end id="3027" timestamp="2022-02-08T17:31:29.819" threadId="0000000000017908" success="true" from="nursery"/>
<exclusive-end id="3028" timestamp="2022-02-08T17:31:29.819" durationms="78.175" />

<exclusive-start id="3029" timestamp="2022-02-08T17:31:30.441" intervalms="700.519">
  <response-info timems="0.017" idlems="0.017" threads="0" lastid="0000000000016F00" lastname="main" />
</exclusive-start>
<af-start id="3030" threadId="0000000000017908" totalBytesRequested="112" timestamp="2022-02-08T17:31:30.441" intervalms="700.520" type="nursery" />
<cycle-start id="3031" type="scavenge" contextid="0" timestamp="2022-02-08T17:31:30.441" intervalms="700.531" />
<gc-start id="3032" type="scavenge" contextid="3031" timestamp="2022-02-08T17:31:30.441">
  <mem-info id="3033" free="252134776" total="1073741824" percent="23">
    <mem type="nursery" free="0" total="268435456" percent="0">
      <mem type="allocate" free="0" total="182517760" percent="0" />
      <mem type="survivor" free="0" total="85917696" percent="0" />
    </mem>
    <mem type="tenure" free="252134776" total="805306368" percent="31">
      <mem type="soa" free="244081016" total="797252608" percent="30" />
      <mem type="loa" free="8053760" total="8053760" percent="100" />
    </mem>
    <remembered-set count="104" />
  </mem-info>
</gc-start>
<allocation-stats totalBytes="104217056" >
  <allocated-bytes non-tlh="24" tlh="104217032" />
  <largest-consumer threadName="main" threadId="0000000000016F00" bytes="104217056" />
</allocation-stats>
<gc-op id="3034" type="scavenge" timems="73.610" contextid="3031" timestamp="2022-02-08T17:31:30.515">
  <scavenger-info tenureage="1" tenuremask="7ffe" tiltratio="67" />
  <memory-copied type="nursery" objects="1304295" bytes="74103312" bytesdiscarded="123888" />
  <memory-copied type="tenure" objects="1412995" bytes="77877120" bytesdiscarded="44664" />
  <object-monitors candidates="2" cleared="0"  />
</gc-op>
<gc-end id="3035" type="scavenge" contextid="3031" durationms="73.827" usertimems="290.604" systemtimems="0.000" stalltimems="3.212" timestamp="2022-02-08T17:31:30.515" activeThreads="4">
  <mem-info id="3036" free="282805192" total="1073741824" percent="26">
    <mem type="nursery" free="108683776" total="268435456" percent="40">
      <mem type="allocate" free="108683776" total="182910976" percent="59" />
      <mem type="survivor" free="0" total="85524480" percent="0" />
    </mem>
    <mem type="tenure" free="174121416" total="805306368" percent="21" macro-fragmented="0">
      <mem type="soa" free="166067656" total="797252608" percent="20" />
      <mem type="loa" free="8053760" total="8053760" percent="100" />
    </mem>
    <remembered-set count="103" />
  </mem-info>
</gc-end>
<cycle-end id="3037" type="scavenge" contextid="3031" timestamp="2022-02-08T17:31:30.515" />
<allocation-satisfied id="3038" threadId="0000000000016F00" bytesRequested="112" />
<af-end id="3039" timestamp="2022-02-08T17:31:30.515" threadId="0000000000017908" success="true" from="nursery"/>
<exclusive-end id="3040" timestamp="2022-02-08T17:31:30.515" durationms="74.150" />

<exclusive-start id="3041" timestamp="2022-02-08T17:31:31.422" intervalms="980.961">
  <response-info timems="0.022" idlems="0.022" threads="0" lastid="0000000000016F00" lastname="main" />
</exclusive-start>
<af-start id="3042" threadId="0000000000017908" totalBytesRequested="104" timestamp="2022-02-08T17:31:31.436" intervalms="994.916" type="nursery" />
<cycle-start id="3043" type="scavenge" contextid="0" timestamp="2022-02-08T17:31:31.436" intervalms="994.909" />
<gc-start id="3044" type="scavenge" contextid="3043" timestamp="2022-02-08T17:31:31.436">
  <mem-info id="3045" free="174121416" total="1073741824" percent="16">
    <mem type="nursery" free="0" total="268435456" percent="0">
      <mem type="allocate" free="0" total="182910976" percent="0" />
      <mem type="survivor" free="0" total="85524480" percent="0" />
    </mem>
    <mem type="tenure" free="174121416" total="805306368" percent="21">
      <mem type="soa" free="166067656" total="797252608" percent="20" />
      <mem type="loa" free="8053760" total="8053760" percent="100" />
    </mem>
    <remembered-set count="134" />
  </mem-info>
</gc-start>
<allocation-stats totalBytes="108636840" >
  <allocated-bytes non-tlh="3008936" tlh="105627904" />
  <largest-consumer threadName="main" threadId="0000000000016F00" bytes="108636840" />
</allocation-stats>
<gc-op id="3046" type="scavenge" timems="93.722" contextid="3043" timestamp="2022-02-08T17:31:31.530">
  <scavenger-info tenureage="1" tenuremask="7ffe" tiltratio="68" />
  <memory-copied type="nursery" objects="1446332" bytes="76341728" bytesdiscarded="184544" />
  <memory-copied type="tenure" objects="1304295" bytes="74103312" bytesdiscarded="41456" />
  <finalization candidates="110" enqueued="53" />
  <references type="soft" candidates="14" cleared="0" enqueued="0" dynamicThreshold="13" maxThreshold="32" />
  <references type="weak" candidates="1" cleared="0" enqueued="0" />
  <references type="phantom" candidates="95" cleared="7" enqueued="7" />
  <object-monitors candidates="2" cleared="0"  />
</gc-op>
<gc-end id="3047" type="scavenge" contextid="3043" durationms="93.894" usertimems="321.842" systemtimems="1.701" stalltimems="50.780" timestamp="2022-02-08T17:31:31.530" activeThreads="4">
  <mem-info id="3048" free="206571888" total="1073741824" percent="19">
    <mem type="nursery" free="106515648" total="268435456" percent="39">
      <mem type="allocate" free="106515648" total="183042048" percent="58" />
      <mem type="survivor" free="0" total="85393408" percent="0" />
    </mem>
    <mem type="tenure" free="100056240" total="805306368" percent="12" macro-fragmented="57512708">
      <mem type="soa" free="92002480" total="797252608" percent="11" />
      <mem type="loa" free="8053760" total="8053760" percent="100" />
    </mem>
    <pending-finalizers system="52" default="1" reference="7" classloader="0" />
    <remembered-set count="130" />
  </mem-info>
</gc-end>
<cycle-end id="3049" type="scavenge" contextid="3043" timestamp="2022-02-08T17:31:31.530" />
<allocation-satisfied id="3050" threadId="0000000000016F00" bytesRequested="104" />
<af-end id="3051" timestamp="2022-02-08T17:31:31.530" threadId="0000000000017908" success="true" from="nursery"/>
<exclusive-end id="3052" timestamp="2022-02-08T17:31:31.530" durationms="108.114" />

<concurrent-kickoff id="3053" timestamp="2022-02-08T17:31:32.250">
  <kickoff reason="threshold reached" targetBytes="74438750" thresholdFreeBytes="5747293"  remainingFree="5745752" tenureFreeBytes="100056240" nurseryFreeBytes="5745752" />
</concurrent-kickoff>
<exclusive-start id="3054" timestamp="2022-02-08T17:31:32.255" intervalms="832.349">
  <response-info timems="0.021" idlems="0.021" threads="0" lastid="0000000000016F00" lastname="main" />
</exclusive-start>
<cycle-start id="3055" type="global" contextid="0" timestamp="2022-02-08T17:31:32.255" intervalms="3724.572" />
<concurrent-start id="3056" type="global mark" contextid="3055" timestamp="2022-02-08T17:31:32.255">
</concurrent-start>
<exclusive-end id="3057" timestamp="2022-02-08T17:31:32.255" durationms="0.030" />

<exclusive-start id="3058" timestamp="2022-02-08T17:31:32.386" intervalms="131.851">
  <response-info timems="0.016" idlems="0.016" threads="0" lastid="0000000000016F00" lastname="main" />
</exclusive-start>
<af-start id="3059" threadId="0000000000017908" totalBytesRequested="152" timestamp="2022-02-08T17:31:32.386" intervalms="950.240" type="nursery" />
<cycle-start id="3060" type="scavenge" contextid="0" timestamp="2022-02-08T17:31:32.386" intervalms="950.235" />
<gc-start id="3061" type="scavenge" contextid="3060" timestamp="2022-02-08T17:31:32.387">
  <mem-info id="3062" free="100056240" total="1073741824" percent="9">
    <mem type="nursery" free="0" total="268435456" percent="0">
      <mem type="allocate" free="0" total="183042048" percent="0" />
      <mem type="survivor" free="0" total="85393408" percent="0" />
    </mem>
    <mem type="tenure" free="100056240" total="805306368" percent="12">
      <mem type="soa" free="92002480" total="797252608" percent="11" />
      <mem type="loa" free="8053760" total="8053760" percent="100" />
    </mem>
    <remembered-set count="131" />
  </mem-info>
</gc-start>
<allocation-stats totalBytes="106467152" >
  <allocated-bytes non-tlh="104" tlh="106467048" />
  <largest-consumer threadName="main" threadId="0000000000016F00" bytes="106458960" />
</allocation-stats>
<gc-op id="3063" type="scavenge" timems="80.278" contextid="3060" timestamp="2022-02-08T17:31:32.467">
  <scavenger-info tenureage="1" tenuremask="7ffe" tiltratio="68" />
  <memory-copied type="nursery" objects="1377921" bytes="75870376" bytesdiscarded="98552" />
  <memory-copied type="tenure" objects="1445621" bytes="75873872" bytesdiscarded="36640" />
  <finalization candidates="57" enqueued="0" />
  <object-monitors candidates="2" cleared="0"  />
</gc-op>
<gc-end id="3064" type="scavenge" contextid="3060" durationms="80.524" usertimems="316.730" systemtimems="0.914" stalltimems="2.374" timestamp="2022-02-08T17:31:32.467" activeThreads="4">
  <mem-info id="3065" free="131688592" total="1073741824" percent="12">
    <mem type="nursery" free="107662944" total="268435456" percent="40">
      <mem type="allocate" free="107662944" total="183631872" percent="58" />
      <mem type="survivor" free="0" total="84803584" percent="0" />
    </mem>
    <mem type="tenure" free="24025648" total="805306368" percent="2" macro-fragmented="9288619">
      <mem type="soa" free="15971888" total="797252608" percent="2" />
      <mem type="loa" free="8053760" total="8053760" percent="100" />
    </mem>
    <remembered-set count="103" />
  </mem-info>
</gc-end>
<cycle-end id="3066" type="scavenge" contextid="3060" timestamp="2022-02-08T17:31:32.467" />
<allocation-satisfied id="3067" threadId="0000000000016F00" bytesRequested="152" />
<af-end id="3068" timestamp="2022-02-08T17:31:32.467" threadId="0000000000017908" success="true" from="nursery"/>
<exclusive-end id="3069" timestamp="2022-02-08T17:31:32.467" durationms="80.819" />

<concurrent-end id="3070" type="global mark" contextid="3055" timestamp="2022-02-08T17:31:32.586">
<gc-op id="3071" type="trace" timems="331.860" contextid="3055" timestamp="2022-02-08T17:31:32.586">
  <trace bytesTraced="74437548" workStackOverflowCount="0" />
  <card-cleaning reason="card cleaning threshold reached" bytesTraced="480" cardsCleaned="2" />
</gc-op>
</concurrent-end>

<exclusive-start id="3072" timestamp="2022-02-08T17:31:32.586" intervalms="200.081">
  <response-info timems="0.018" idlems="0.018" threads="0" lastid="0000000000016F00" lastname="main" />
</exclusive-start>
<concurrent-global-final id="3073" timestamp="2022-02-08T17:31:32.587" contextid="3055" intervalms="3728.838" >
  <concurrent-trace-info reason="card cleaning threshold reached" tracedByMutators="56982588" tracedByHelpers="17455440" cardsCleaned="2" workStackOverflowCount="0" />
</concurrent-global-final>
<gc-start id="3074" type="global" contextid="3055" timestamp="2022-02-08T17:31:32.587">
  <mem-info id="3075" free="123463672" total="1073741824" percent="11">
    <mem type="nursery" free="99438024" total="268435456" percent="37">
      <mem type="allocate" free="99438024" total="183631872" percent="54" />
      <mem type="survivor" free="0" total="84803584" percent="0" />
    </mem>
    <mem type="tenure" free="24025648" total="805306368" percent="2">
      <mem type="soa" free="15971888" total="797252608" percent="2" />
      <mem type="loa" free="8053760" total="8053760" percent="100" />
    </mem>
    <remembered-set count="103" />
  </mem-info>
</gc-start>
<allocation-stats totalBytes="8221544" >
  <allocated-bytes non-tlh="152" tlh="8221392" />
  <largest-consumer threadName="main" threadId="0000000000016F00" bytes="8221544" />
</allocation-stats>
<gc-op id="3076" type="rs-scan" timems="0.650" contextid="3055" timestamp="2022-02-08T17:31:32.587">
  <scan objectsFound="0" bytesTraced="3988" workStackOverflowCount="0" />
</gc-op>
<gc-op id="3077" type="card-cleaning" timems="154.252" contextid="3055" timestamp="2022-02-08T17:31:32.741">
  <card-cleaning cardsCleaned="11" bytesTraced="71014688" workStackOverflowCount="0" />
</gc-op>
<gc-op id="3078" type="mark" timems="67.237" contextid="3055" timestamp="2022-02-08T17:31:32.809">
  <trace-info objectcount="2318382" scancount="1740314" scanbytes="37194408" />
  <finalization candidates="428" enqueued="57" />
  <ownableSynchronizers candidates="1" cleared="0" />
  <references type="soft" candidates="894" cleared="0" enqueued="0" dynamicThreshold="13" maxThreshold="32" />
  <references type="weak" candidates="1701" cleared="0" enqueued="0" />
  <references type="phantom" candidates="52" cleared="2" enqueued="2" />
  <stringconstants candidates="6470" cleared="0"  />
  <object-monitors candidates="2" cleared="0"  />
</gc-op>
<gc-op id="3079" type="sweep" timems="6.790" contextid="3055" timestamp="2022-02-08T17:31:32.816" />
<gc-end id="3080" type="global" contextid="3055" durationms="229.141" usertimems="246.372" systemtimems="0.028" stalltimems="200.645" timestamp="2022-02-08T17:31:32.816" activeThreads="4">
  <mem-info id="3081" free="366577936" total="1073741824" percent="34">
    <mem type="nursery" free="99626528" total="268435456" percent="37">
      <mem type="allocate" free="99626528" total="183631872" percent="54" />
      <mem type="survivor" free="0" total="84803584" percent="0" />
    </mem>
    <mem type="tenure" free="266951408" total="805306368" percent="33" micro-fragmented="425307" macro-fragmented="0">
      <mem type="soa" free="258897648" total="797252608" percent="32" />
      <mem type="loa" free="8053760" total="8053760" percent="100" />
    </mem>
    <pending-finalizers system="57" default="0" reference="2" classloader="0" />
    <remembered-set count="103" />
  </mem-info>
</gc-end>
<cycle-end id="3082" type="global" contextid="3055" timestamp="2022-02-08T17:31:32.816" />
<exclusive-end id="3083" timestamp="2022-02-08T17:31:32.816" durationms="229.369" />

<exclusive-start id="3084" timestamp="2022-02-08T17:31:33.409" intervalms="822.446">
  <response-info timems="0.018" idlems="0.018" threads="0" lastid="0000000000016F00" lastname="main" />
</exclusive-start>
<af-start id="3085" threadId="0000000000017908" totalBytesRequested="64" timestamp="2022-02-08T17:31:33.409" intervalms="1022.530" type="nursery" />
<cycle-start id="3086" type="scavenge" contextid="0" timestamp="2022-02-08T17:31:33.409" intervalms="1022.529" />
<gc-start id="3087" type="scavenge" contextid="3086" timestamp="2022-02-08T17:31:33.409">
  <mem-info id="3088" free="266951408" total="1073741824" percent="24">
    <mem type="nursery" free="0" total="268435456" percent="0">
      <mem type="allocate" free="0" total="183631872" percent="0" />
      <mem type="survivor" free="0" total="84803584" percent="0" />
    </mem>
    <mem type="tenure" free="266951408" total="805306368" percent="33">
      <mem type="soa" free="258897648" total="797252608" percent="32" />
      <mem type="loa" free="8053760" total="8053760" percent="100" />
    </mem>
    <remembered-set count="106" />
  </mem-info>
</gc-start>
<allocation-stats totalBytes="99580664" >
  <allocated-bytes non-tlh="0" tlh="99580664" />
  <largest-consumer threadName="main" threadId="0000000000016F00" bytes="99576568" />
</allocation-stats>
<gc-op id="3089" type="scavenge" timems="75.368" contextid="3086" timestamp="2022-02-08T17:31:33.484">
  <scavenger-info tenureage="1" tenuremask="7ffe" tiltratio="68" />
  <memory-copied type="nursery" objects="1346819" bytes="76525168" bytesdiscarded="142456" />
  <memory-copied type="tenure" objects="1377920" bytes="75870288" bytesdiscarded="44544" />
  <ownableSynchronizers candidates="2" cleared="2" />
  <object-monitors candidates="2" cleared="0"  />
</gc-op>
<gc-end id="3090" type="scavenge" contextid="3086" durationms="75.523" usertimems="294.393" systemtimems="0.000" stalltimems="1.908" timestamp="2022-02-08T17:31:33.485" activeThreads="4">
  <mem-info id="3091" free="298040456" total="1073741824" percent="27">
    <mem type="nursery" free="107226392" total="268435456" percent="39">
      <mem type="allocate" free="107226392" total="183894016" percent="58" />
      <mem type="survivor" free="0" total="84541440" percent="0" />
    </mem>
    <mem type="tenure" free="190814064" total="805306368" percent="23" macro-fragmented="0">
      <mem type="soa" free="182760304" total="797252608" percent="22" />
      <mem type="loa" free="8053760" total="8053760" percent="100" />
    </mem>
    <remembered-set count="105" />
  </mem-info>
</gc-end>
<cycle-end id="3092" type="scavenge" contextid="3086" timestamp="2022-02-08T17:31:33.485" />
<allocation-satisfied id="3093" threadId="0000000000016F00" bytesRequested="64" />
<af-end id="3094" timestamp="2022-02-08T17:31:33.485" threadId="0000000000017908" success="true" from="nursery"/>
<exclusive-end id="3095" timestamp="2022-02-08T17:31:33.485" durationms="75.816" />

<exclusive-start id="3096" timestamp="2022-02-08T17:31:34.362" intervalms="953.421">
  <response-info timems="0.020" idlems="0.020" threads="0" lastid="0000000000016F00" lastname="main" />
</exclusive-start>
<af-start id="3097" threadId="0000000000017908" totalBytesRequested="224" timestamp="2022-02-08T17:31:34.362" intervalms="953.426" type="nursery" />
<cycle-start id="3098" type="scavenge" contextid="0" timestamp="2022-02-08T17:31:34.362" intervalms="953.429" />
<gc-start id="3099" type="scavenge" contextid="3098" timestamp="2022-02-08T17:31:34.362">
  <mem-info id="3100" free="190814064" total="1073741824" percent="17">
    <mem type="nursery" free="0" total="268435456" percent="0">
      <mem type="allocate" free="0" total="183894016" percent="0" />
      <mem type="survivor" free="0" total="84541440" percent="0" />
    </mem>
    <mem type="tenure" free="190814064" total="805306368" percent="23">
      <mem type="soa" free="182760304" total="797252608" percent="22" />
      <mem type="loa" free="8053760" total="8053760" percent="100" />
    </mem>
    <remembered-set count="135" />
  </mem-info>
</gc-start>
<allocation-stats totalBytes="107180312" >
  <allocated-bytes non-tlh="1493832" tlh="105686480" />
  <largest-consumer threadName="main" threadId="0000000000016F00" bytes="107180312" />
</allocation-stats>
<gc-op id="3101" type="scavenge" timems="77.043" contextid="3098" timestamp="2022-02-08T17:31:34.440">
  <scavenger-info tenureage="1" tenuremask="7ffe" tiltratio="68" />
  <memory-copied type="nursery" objects="1458735" bytes="75446536" bytesdiscarded="146496" />
  <memory-copied type="tenure" objects="1346818" bytes="76525128" bytesdiscarded="38000" />
  <finalization candidates="109" enqueued="53" />
  <references type="soft" candidates="14" cleared="0" enqueued="0" dynamicThreshold="10" maxThreshold="32" />
  <references type="weak" candidates="1" cleared="0" enqueued="0" />
  <references type="phantom" candidates="94" cleared="7" enqueued="7" />
  <object-monitors candidates="2" cleared="0"  />
</gc-op>
<gc-end id="3102" type="scavenge" contextid="3098" durationms="77.203" usertimems="303.859" systemtimems="0.000" stalltimems="3.621" timestamp="2022-02-08T17:31:34.440" activeThreads="4">
  <mem-info id="3103" free="222918000" total="1073741824" percent="20">
    <mem type="nursery" free="108694072" total="268435456" percent="40">
      <mem type="allocate" free="108694072" total="184287232" percent="58" />
      <mem type="survivor" free="0" total="84148224" percent="0" />
    </mem>
    <mem type="tenure" free="114223928" total="805306368" percent="14" macro-fragmented="0">
      <mem type="soa" free="106170168" total="797252608" percent="13" />
      <mem type="loa" free="8053760" total="8053760" percent="100" />
    </mem>
    <pending-finalizers system="52" default="1" reference="7" classloader="0" />
    <remembered-set count="131" />
  </mem-info>
</gc-end>
<cycle-end id="3104" type="scavenge" contextid="3098" timestamp="2022-02-08T17:31:34.440" />
<allocation-satisfied id="3105" threadId="0000000000016F00" bytesRequested="224" />
<af-end id="3106" timestamp="2022-02-08T17:31:34.440" threadId="0000000000017908" success="true" from="nursery"/>
<exclusive-end id="3107" timestamp="2022-02-08T17:31:34.440" durationms="77.466" />

<concurrent-kickoff id="3108" timestamp="2022-02-08T17:31:35.106">
  <kickoff reason="threshold reached" targetBytes="74438610" thresholdFreeBytes="5744476"  remainingFree="5671480" tenureFreeBytes="114223928" nurseryFreeBytes="5671480" />
</concurrent-kickoff>
<exclusive-start id="3109" timestamp="2022-02-08T17:31:35.109" intervalms="746.702">
  <response-info timems="0.019" idlems="0.019" threads="0" lastid="0000000000016F00" lastname="main" />
</exclusive-start>
<cycle-start id="3110" type="global" contextid="0" timestamp="2022-02-08T17:31:35.109" intervalms="2854.501" />
<concurrent-start id="3111" type="global mark" contextid="3110" timestamp="2022-02-08T17:31:35.109">
</concurrent-start>
<exclusive-end id="3112" timestamp="2022-02-08T17:31:35.109" durationms="0.041" />

<exclusive-start id="3113" timestamp="2022-02-08T17:31:35.236" intervalms="127.194">
  <response-info timems="0.020" idlems="0.020" threads="0" lastid="0000000000016F00" lastname="main" />
</exclusive-start>
<af-start id="3114" threadId="0000000000017908" totalBytesRequested="24" timestamp="2022-02-08T17:31:35.236" intervalms="873.903" type="nursery" />
<cycle-start id="3115" type="scavenge" contextid="0" timestamp="2022-02-08T17:31:35.236" intervalms="873.902" />
<gc-start id="3116" type="scavenge" contextid="3115" timestamp="2022-02-08T17:31:35.236">
  <mem-info id="3117" free="114223928" total="1073741824" percent="10">
    <mem type="nursery" free="0" total="268435456" percent="0">
      <mem type="allocate" free="0" total="184287232" percent="0" />
      <mem type="survivor" free="0" total="84148224" percent="0" />
    </mem>
    <mem type="tenure" free="114223928" total="805306368" percent="14">
      <mem type="soa" free="106170168" total="797252608" percent="13" />
      <mem type="loa" free="8053760" total="8053760" percent="100" />
    </mem>
    <remembered-set count="132" />
  </mem-info>
</gc-start>
<allocation-stats totalBytes="108644696" >
  <allocated-bytes non-tlh="1347904" tlh="107296792" />
  <largest-consumer threadName="main" threadId="0000000000016F00" bytes="108636504" />
</allocation-stats>
<gc-op id="3118" type="scavenge" timems="77.030" contextid="3115" timestamp="2022-02-08T17:31:35.313">
  <scavenger-info tenureage="1" tenuremask="7ffe" tiltratio="68" />
  <memory-copied type="nursery" objects="1381494" bytes="77790616" bytesdiscarded="320608" />
  <memory-copied type="tenure" objects="1458015" bytes="74503248" bytesdiscarded="39440" />
  <finalization candidates="57" enqueued="0" />
  <references type="phantom" candidates="1" cleared="0" enqueued="0" />
  <object-monitors candidates="2" cleared="0"  />
</gc-op>
<gc-end id="3119" type="scavenge" contextid="3115" durationms="77.287" usertimems="302.882" systemtimems="0.000" stalltimems="4.412" timestamp="2022-02-08T17:31:35.314" activeThreads="4">
  <mem-info id="3120" free="143910112" total="1073741824" percent="13">
    <mem type="nursery" free="104209928" total="268435456" percent="38">
      <mem type="allocate" free="104209928" total="182321152" percent="57" />
      <mem type="survivor" free="0" total="86114304" percent="0" />
    </mem>
    <mem type="tenure" free="39700184" total="805306368" percent="4" macro-fragmented="0">
      <mem type="soa" free="31646424" total="797252608" percent="3" />
      <mem type="loa" free="8053760" total="8053760" percent="100" />
    </mem>
    <remembered-set count="102" />
  </mem-info>
</gc-end>
<cycle-end id="3121" type="scavenge" contextid="3115" timestamp="2022-02-08T17:31:35.314" />
<allocation-satisfied id="3122" threadId="0000000000016F00" bytesRequested="24" />
<af-end id="3123" timestamp="2022-02-08T17:31:35.314" threadId="0000000000017908" success="true" from="nursery"/>
<exclusive-end id="3124" timestamp="2022-02-08T17:31:35.314" durationms="77.622" />

<concurrent-end id="3125" type="global mark" contextid="3110" timestamp="2022-02-08T17:31:35.444">
<gc-op id="3126" type="trace" timems="335.404" contextid="3110" timestamp="2022-02-08T17:31:35.444">
  <trace bytesTraced="74437756" workStackOverflowCount="0" />
  <card-cleaning reason="card cleaning threshold reached" bytesTraced="480" cardsCleaned="2" />
</gc-op>
</concurrent-end>

<exclusive-start id="3127" timestamp="2022-02-08T17:31:35.445" intervalms="208.298">
  <response-info timems="0.018" idlems="0.018" threads="0" lastid="0000000000016F00" lastname="main" />
</exclusive-start>
<concurrent-global-final id="3128" timestamp="2022-02-08T17:31:35.445" contextid="3110" intervalms="2858.063" >
  <concurrent-trace-info reason="card cleaning threshold reached" tracedByMutators="56352816" tracedByHelpers="18085420" cardsCleaned="2" workStackOverflowCount="0" />
</concurrent-global-final>
<gc-start id="3129" type="global" contextid="3110" timestamp="2022-02-08T17:31:35.445">
  <mem-info id="3130" free="135554248" total="1073741824" percent="12">
    <mem type="nursery" free="95854064" total="268435456" percent="35">
      <mem type="allocate" free="95854064" total="182321152" percent="52" />
      <mem type="survivor" free="0" total="86114304" percent="0" />
    </mem>
    <mem type="tenure" free="39700184" total="805306368" percent="4">
      <mem type="soa" free="31646424" total="797252608" percent="3" />
      <mem type="loa" free="8053760" total="8053760" percent="100" />
    </mem>
    <remembered-set count="102" />
  </mem-info>
</gc-start>
<allocation-stats totalBytes="8350704" >
  <allocated-bytes non-tlh="24" tlh="8350680" />
  <largest-consumer threadName="main" threadId="0000000000016F00" bytes="8350704" />
</allocation-stats>
<gc-op id="3131" type="rs-scan" timems="0.590" contextid="3110" timestamp="2022-02-08T17:31:35.445">
  <scan objectsFound="29" bytesTraced="5420" workStackOverflowCount="0" />
</gc-op>
<gc-op id="3132" type="card-cleaning" timems="156.037" contextid="3110" timestamp="2022-02-08T17:31:35.601">
  <card-cleaning cardsCleaned="8" bytesTraced="71012696" workStackOverflowCount="0" />
</gc-op>
<gc-op id="3133" type="mark" timems="70.304" contextid="3110" timestamp="2022-02-08T17:31:35.672">
  <trace-info objectcount="2068123" scancount="1552620" scanbytes="33190248" />
  <finalization candidates="428" enqueued="57" />
  <ownableSynchronizers candidates="1" cleared="0" />
  <references type="soft" candidates="894" cleared="0" enqueued="0" dynamicThreshold="10" maxThreshold="32" />
  <references type="weak" candidates="1701" cleared="0" enqueued="0" />
  <references type="phantom" candidates="52" cleared="2" enqueued="2" />
  <stringconstants candidates="6470" cleared="0"  />
  <object-monitors candidates="2" cleared="0"  />
</gc-op>
<gc-op id="3134" type="sweep" timems="5.038" contextid="3110" timestamp="2022-02-08T17:31:35.677" />
<gc-end id="3135" type="global" contextid="3110" durationms="232.173" usertimems="285.435" systemtimems="0.442" stalltimems="171.897" timestamp="2022-02-08T17:31:35.677" activeThreads="4">
  <mem-info id="3136" free="378950008" total="1073741824" percent="35">
    <mem type="nursery" free="96270280" total="268435456" percent="35">
      <mem type="allocate" free="96270280" total="182321152" percent="52" />
      <mem type="survivor" free="0" total="86114304" percent="0" />
    </mem>
    <mem type="tenure" free="282679728" total="805306368" percent="35" micro-fragmented="359470" macro-fragmented="0">
      <mem type="soa" free="274625968" total="797252608" percent="34" />
      <mem type="loa" free="8053760" total="8053760" percent="100" />
    </mem>
    <pending-finalizers system="57" default="0" reference="2" classloader="0" />
    <remembered-set count="102" />
  </mem-info>
</gc-end>
<cycle-end id="3137" type="global" contextid="3110" timestamp="2022-02-08T17:31:35.677" />
<exclusive-end id="3138" timestamp="2022-02-08T17:31:35.677" durationms="232.595" />

<exclusive-start id="3139" timestamp="2022-02-08T17:31:36.313" intervalms="868.803">
  <response-info timems="0.018" idlems="0.018" threads="0" lastid="0000000000016F00" lastname="main" />
</exclusive-start>
<af-start id="3140" threadId="0000000000017908" totalBytesRequested="112" timestamp="2022-02-08T17:31:36.313" intervalms="1077.089" type="nursery" />
<cycle-start id="3141" type="scavenge" contextid="0" timestamp="2022-02-08T17:31:36.313" intervalms="1077.089" />
<gc-start id="3142" type="scavenge" contextid="3141" timestamp="2022-02-08T17:31:36.313">
  <mem-info id="3143" free="282679728" total="1073741824" percent="26">
    <mem type="nursery" free="0" total="268435456" percent="0">
      <mem type="allocate" free="0" total="182321152" percent="0" />
      <mem type="survivor" free="0" total="86114304" percent="0" />
    </mem>
    <mem type="tenure" free="282679728" total="805306368" percent="35">
      <mem type="soa" free="274625968" total="797252608" percent="34" />
      <mem type="loa" free="8053760" total="8053760" percent="100" />
    </mem>
    <remembered-set count="105" />
  </mem-info>
</gc-start>
<allocation-stats totalBytes="96224984" >
  <allocated-bytes non-tlh="0" tlh="96224984" />
  <largest-consumer threadName="main" threadId="0000000000016F00" bytes="96220888" />
</allocation-stats>
<gc-op id="3144" type="scavenge" timems="73.425" contextid="3141" timestamp="2022-02-08T17:31:36.387">
  <scavenger-info tenureage="1" tenuremask="7ffe" tiltratio="67" />
  <memory-copied type="nursery" objects="1309309" bytes="74252064" bytesdiscarded="148232" />
  <memory-copied type="tenure" objects="1381494" bytes="77790616" bytesdiscarded="44272" />
  <finalization candidates="1" enqueued="0" />
  <ownableSynchronizers candidates="2" cleared="2" />
  <object-monitors candidates="2" cleared="0"  />
</gc-op>
<gc-end id="3145" type="scavenge" contextid="3141" durationms="73.610" usertimems="290.031" systemtimems="0.000" stalltimems="2.786" timestamp="2022-02-08T17:31:36.387" activeThreads="4">
  <mem-info id="3146" free="312993496" total="1073741824" percent="29">
    <mem type="nursery" free="108379608" total="268435456" percent="40">
      <mem type="allocate" free="108379608" total="182779904" percent="59" />
      <mem type="survivor" free="0" total="85655552" percent="0" />
    </mem>
    <mem type="tenure" free="204613888" total="805306368" percent="25" macro-fragmented="0">
      <mem type="soa" free="196560128" total="797252608" percent="24" />
      <mem type="loa" free="8053760" total="8053760" percent="100" />
    </mem>
    <remembered-set count="104" />
  </mem-info>
</gc-end>
<cycle-end id="3147" type="scavenge" contextid="3141" timestamp="2022-02-08T17:31:36.387" />
<allocation-satisfied id="3148" threadId="0000000000016F00" bytesRequested="112" />
<af-end id="3149" timestamp="2022-02-08T17:31:36.387" threadId="0000000000017908" success="true" from="nursery"/>
<exclusive-end id="3150" timestamp="2022-02-08T17:31:36.387" durationms="73.988" />

<exclusive-start id="3151" timestamp="2022-02-08T17:31:37.283" intervalms="969.438">
  <response-info timems="0.018" idlems="0.018" threads="0" lastid="0000000000016F00" lastname="main" />
</exclusive-start>
<af-start id="3152" threadId="0000000000017908" totalBytesRequested="16" timestamp="2022-02-08T17:31:37.283" intervalms="969.439" type="nursery" />
<cycle-start id="3153" type="scavenge" contextid="0" timestamp="2022-02-08T17:31:37.283" intervalms="969.438" />
<gc-start id="3154" type="scavenge" contextid="3153" timestamp="2022-02-08T17:31:37.283">
  <mem-info id="3155" free="204613888" total="1073741824" percent="19">
    <mem type="nursery" free="0" total="268435456" percent="0">
      <mem type="allocate" free="0" total="182779904" percent="0" />
      <mem type="survivor" free="0" total="85655552" percent="0" />
    </mem>
    <mem type="tenure" free="204613888" total="805306368" percent="25">
      <mem type="soa" free="196560128" total="797252608" percent="24" />
      <mem type="loa" free="8053760" total="8053760" percent="100" />
    </mem>
    <remembered-set count="135" />
  </mem-info>
</gc-start>
<allocation-stats totalBytes="108332280" >
  <allocated-bytes non-tlh="1590680" tlh="106741600" />
  <largest-consumer threadName="main" threadId="0000000000016F00" bytes="108332280" />
</allocation-stats>
<gc-op id="3156" type="scavenge" timems="75.870" contextid="3153" timestamp="2022-02-08T17:31:37.359">
  <scavenger-info tenureage="1" tenuremask="7ffe" tiltratio="68" />
  <memory-copied type="nursery" objects="1493598" bytes="76296584" bytesdiscarded="128952" />
  <memory-copied type="tenure" objects="1309309" bytes="74252064" bytesdiscarded="42584" />
  <finalization candidates="109" enqueued="53" />
  <references type="soft" candidates="14" cleared="0" enqueued="0" dynamicThreshold="11" maxThreshold="32" />
  <references type="weak" candidates="1" cleared="0" enqueued="0" />
  <references type="phantom" candidates="94" cleared="7" enqueued="7" />
  <object-monitors candidates="2" cleared="0"  />
</gc-op>
<gc-end id="3157" type="scavenge" contextid="3153" durationms="76.042" usertimems="299.799" systemtimems="0.000" stalltimems="3.075" timestamp="2022-02-08T17:31:37.359" activeThreads="4">
  <mem-info id="3158" free="236760080" total="1073741824" percent="22">
    <mem type="nursery" free="106550848" total="268435456" percent="39">
      <mem type="allocate" free="106550848" total="182976512" percent="58" />
      <mem type="survivor" free="0" total="85458944" percent="0" />
    </mem>
    <mem type="tenure" free="130209232" total="805306368" percent="16" macro-fragmented="0">
      <mem type="soa" free="122155472" total="797252608" percent="15" />
      <mem type="loa" free="8053760" total="8053760" percent="100" />
    </mem>
    <pending-finalizers system="52" default="1" reference="7" classloader="0" />
    <remembered-set count="132" />
  </mem-info>
</gc-end>
<cycle-end id="3159" type="scavenge" contextid="3153" timestamp="2022-02-08T17:31:37.359" />
<allocation-satisfied id="3160" threadId="0000000000016F00" bytesRequested="16" />
<af-end id="3161" timestamp="2022-02-08T17:31:37.359" threadId="0000000000017908" success="true" from="nursery"/>
<exclusive-end id="3162" timestamp="2022-02-08T17:31:37.359" durationms="76.298" />

<concurrent-kickoff id="3163" timestamp="2022-02-08T17:31:38.083">
  <kickoff reason="threshold reached" targetBytes="74438532" thresholdFreeBytes="5752201"  remainingFree="5744080" tenureFreeBytes="130209232" nurseryFreeBytes="5744080" />
</concurrent-kickoff>
<exclusive-start id="3164" timestamp="2022-02-08T17:31:38.085" intervalms="802.697">
  <response-info timems="0.021" idlems="0.021" threads="0" lastid="0000000000016F00" lastname="main" />
</exclusive-start>
<cycle-start id="3165" type="global" contextid="0" timestamp="2022-02-08T17:31:38.085" intervalms="2976.429" />
<concurrent-start id="3166" type="global mark" contextid="3165" timestamp="2022-02-08T17:31:38.085">
</concurrent-start>
<exclusive-end id="3167" timestamp="2022-02-08T17:31:38.086" durationms="0.029" />

<exclusive-start id="3168" timestamp="2022-02-08T17:31:38.205" intervalms="119.946">
  <response-info timems="0.036" idlems="0.036" threads="0" lastid="0000000000016F00" lastname="main" />
</exclusive-start>
<af-start id="3169" threadId="0000000000017908" totalBytesRequested="112" timestamp="2022-02-08T17:31:38.205" intervalms="922.654" type="nursery" />
<cycle-start id="3170" type="scavenge" contextid="0" timestamp="2022-02-08T17:31:38.206" intervalms="922.654" />
<gc-start id="3171" type="scavenge" contextid="3170" timestamp="2022-02-08T17:31:38.206">
  <mem-info id="3172" free="130209232" total="1073741824" percent="12">
    <mem type="nursery" free="0" total="268435456" percent="0">
      <mem type="allocate" free="0" total="182976512" percent="0" />
      <mem type="survivor" free="0" total="85458944" percent="0" />
    </mem>
    <mem type="tenure" free="130209232" total="805306368" percent="16">
      <mem type="soa" free="122155472" total="797252608" percent="15" />
      <mem type="loa" free="8053760" total="8053760" percent="100" />
    </mem>
    <remembered-set count="133" />
  </mem-info>
</gc-start>
<allocation-stats totalBytes="106499280" >
  <allocated-bytes non-tlh="1347696" tlh="105151584" />
  <largest-consumer threadName="main" threadId="0000000000016F00" bytes="106491088" />
</allocation-stats>
<gc-op id="3173" type="scavenge" timems="77.806" contextid="3170" timestamp="2022-02-08T17:31:38.283">
  <scavenger-info tenureage="1" tenuremask="7ffe" tiltratio="68" />
  <memory-copied type="nursery" objects="1328698" bytes="76212472" bytesdiscarded="358504" />
  <memory-copied type="tenure" objects="1492879" bytes="75353416" bytesdiscarded="36424" />
  <finalization candidates="57" enqueued="0" />
  <references type="phantom" candidates="1" cleared="0" enqueued="0" />
  <object-monitors candidates="2" cleared="0"  />
</gc-op>
<gc-end id="3174" type="scavenge" contextid="3170" durationms="78.026" usertimems="307.073" systemtimems="0.000" stalltimems="3.076" timestamp="2022-02-08T17:31:38.284" activeThreads="4">
  <mem-info id="3175" free="161919752" total="1073741824" percent="15">
    <mem type="nursery" free="106995360" total="268435456" percent="39">
      <mem type="allocate" free="106995360" total="183566336" percent="58" />
      <mem type="survivor" free="0" total="84869120" percent="0" />
    </mem>
    <mem type="tenure" free="54924392" total="805306368" percent="6" macro-fragmented="0">
      <mem type="soa" free="46870632" total="797252608" percent="5" />
      <mem type="loa" free="8053760" total="8053760" percent="100" />
    </mem>
    <remembered-set count="101" />
  </mem-info>
</gc-end>
<cycle-end id="3176" type="scavenge" contextid="3170" timestamp="2022-02-08T17:31:38.284" />
<allocation-satisfied id="3177" threadId="0000000000016F00" bytesRequested="112" />
<af-end id="3178" timestamp="2022-02-08T17:31:38.284" threadId="0000000000017908" success="true" from="nursery"/>
<exclusive-end id="3179" timestamp="2022-02-08T17:31:38.284" durationms="78.317" />

<concurrent-end id="3180" type="global mark" contextid="3165" timestamp="2022-02-08T17:31:38.403">
<gc-op id="3181" type="trace" timems="317.949" contextid="3165" timestamp="2022-02-08T17:31:38.403">
  <trace bytesTraced="74437964" workStackOverflowCount="0" />
  <card-cleaning reason="card cleaning threshold reached" bytesTraced="480" cardsCleaned="2" />
</gc-op>
</concurrent-end>

<exclusive-start id="3182" timestamp="2022-02-08T17:31:38.403" intervalms="198.072">
  <response-info timems="0.017" idlems="0.017" threads="0" lastid="0000000000016F00" lastname="main" />
</exclusive-start>
<concurrent-global-final id="3183" timestamp="2022-02-08T17:31:38.404" contextid="3165" intervalms="2958.954" >
  <concurrent-trace-info reason="card cleaning threshold reached" tracedByMutators="59310528" tracedByHelpers="15127916" cardsCleaned="2" workStackOverflowCount="0" />
</concurrent-global-final>
<gc-start id="3184" type="global" contextid="3165" timestamp="2022-02-08T17:31:38.404">
  <mem-info id="3185" free="154088088" total="1073741824" percent="14">
    <mem type="nursery" free="99163696" total="268435456" percent="36">
      <mem type="allocate" free="99163696" total="183566336" percent="54" />
      <mem type="survivor" free="0" total="84869120" percent="0" />
    </mem>
    <mem type="tenure" free="54924392" total="805306368" percent="6">
      <mem type="soa" free="46870632" total="797252608" percent="5" />
      <mem type="loa" free="8053760" total="8053760" percent="100" />
    </mem>
    <remembered-set count="101" />
  </mem-info>
</gc-start>
<allocation-stats totalBytes="7828184" >
  <allocated-bytes non-tlh="112" tlh="7828072" />
  <largest-consumer threadName="main" threadId="0000000000016F00" bytes="7828184" />
</allocation-stats>
<gc-op id="3186" type="rs-scan" timems="1.041" contextid="3165" timestamp="2022-02-08T17:31:38.405">
  <scan objectsFound="29" bytesTraced="5420" workStackOverflowCount="0" />
</gc-op>
<gc-op id="3187" type="card-cleaning" timems="155.072" contextid="3165" timestamp="2022-02-08T17:31:38.560">
  <card-cleaning cardsCleaned="9" bytesTraced="71012808" workStackOverflowCount="0" />
</gc-op>
<gc-op id="3188" type="mark" timems="47.942" contextid="3165" timestamp="2022-02-08T17:31:38.608">
  <trace-info objectcount="1766131" scancount="1326126" scanbytes="28358376" />
  <finalization candidates="428" enqueued="57" />
  <ownableSynchronizers candidates="1" cleared="0" />
  <references type="soft" candidates="894" cleared="0" enqueued="0" dynamicThreshold="11" maxThreshold="32" />
  <references type="weak" candidates="1701" cleared="0" enqueued="0" />
  <references type="phantom" candidates="52" cleared="2" enqueued="2" />
  <stringconstants candidates="6470" cleared="0"  />
  <object-monitors candidates="2" cleared="0"  />
</gc-op>
<gc-op id="3189" type="sweep" timems="6.386" contextid="3165" timestamp="2022-02-08T17:31:38.614" />
<gc-end id="3190" type="global" contextid="3165" durationms="210.630" usertimems="225.942" systemtimems="0.000" stalltimems="148.642" timestamp="2022-02-08T17:31:38.614" activeThreads="4">
  <mem-info id="3191" free="397505456" total="1073741824" percent="37">
    <mem type="nursery" free="99612568" total="268435456" percent="37">
      <mem type="allocate" free="99612568" total="183566336" percent="54" />
      <mem type="survivor" free="0" total="84869120" percent="0" />
    </mem>
    <mem type="tenure" free="297892888" total="805306368" percent="36" micro-fragmented="346121" macro-fragmented="0">
      <mem type="soa" free="289839128" total="797252608" percent="36" />
      <mem type="loa" free="8053760" total="8053760" percent="100" />
    </mem>
    <pending-finalizers system="57" default="0" reference="2" classloader="0" />
    <remembered-set count="101" />
  </mem-info>
</gc-end>
<cycle-end id="3192" type="global" contextid="3165" timestamp="2022-02-08T17:31:38.614" />
<exclusive-end id="3193" timestamp="2022-02-08T17:31:38.614" durationms="210.860" />

<exclusive-start id="3194" timestamp="2022-02-08T17:31:39.240" intervalms="836.535">
  <response-info timems="0.020" idlems="0.020" threads="0" lastid="0000000000016F00" lastname="main" />
</exclusive-start>
<af-start id="3195" threadId="0000000000017908" totalBytesRequested="16" timestamp="2022-02-08T17:31:39.240" intervalms="1034.597" type="nursery" />
<cycle-start id="3196" type="scavenge" contextid="0" timestamp="2022-02-08T17:31:39.240" intervalms="1034.598" />
<gc-start id="3197" type="scavenge" contextid="3196" timestamp="2022-02-08T17:31:39.240">
  <mem-info id="3198" free="297892888" total="1073741824" percent="27">
    <mem type="nursery" free="0" total="268435456" percent="0">
      <mem type="allocate" free="0" total="183566336" percent="0" />
      <mem type="survivor" free="0" total="84869120" percent="0" />
    </mem>
    <mem type="tenure" free="297892888" total="805306368" percent="36">
      <mem type="soa" free="289839128" total="797252608" percent="36" />
      <mem type="loa" free="8053760" total="8053760" percent="100" />
    </mem>
    <remembered-set count="104" />
  </mem-info>
</gc-start>
<allocation-stats totalBytes="99566200" >
  <allocated-bytes non-tlh="0" tlh="99566200" />
  <largest-consumer threadName="main" threadId="0000000000016F00" bytes="99562104" />
</allocation-stats>
<gc-op id="3199" type="scavenge" timems="79.978" contextid="3196" timestamp="2022-02-08T17:31:39.320">
  <scavenger-info tenureage="1" tenuremask="7ffe" tiltratio="68" />
  <memory-copied type="nursery" objects="1353193" bytes="76282176" bytesdiscarded="278984" />
  <memory-copied type="tenure" objects="1328698" bytes="76212472" bytesdiscarded="43976" />
  <finalization candidates="1" enqueued="0" />
  <ownableSynchronizers candidates="2" cleared="2" />
  <object-monitors candidates="2" cleared="0"  />
</gc-op>
<gc-end id="3200" type="scavenge" contextid="3196" durationms="80.187" usertimems="314.345" systemtimems="0.000" stalltimems="3.975" timestamp="2022-02-08T17:31:39.320" activeThreads="4">
  <mem-info id="3201" free="329006928" total="1073741824" percent="30">
    <mem type="nursery" free="107463928" total="268435456" percent="40">
      <mem type="allocate" free="107463928" total="184025088" percent="58" />
      <mem type="survivor" free="0" total="84410368" percent="0" />
    </mem>
    <mem type="tenure" free="221543000" total="805306368" percent="27" macro-fragmented="1041780">
      <mem type="soa" free="213489240" total="797252608" percent="26" />
      <mem type="loa" free="8053760" total="8053760" percent="100" />
    </mem>
    <remembered-set count="105" />
  </mem-info>
</gc-end>
<cycle-end id="3202" type="scavenge" contextid="3196" timestamp="2022-02-08T17:31:39.320" />
<allocation-satisfied id="3203" threadId="0000000000016F00" bytesRequested="16" />
<af-end id="3204" timestamp="2022-02-08T17:31:39.321" threadId="0000000000017908" success="true" from="nursery"/>
<exclusive-end id="3205" timestamp="2022-02-08T17:31:39.321" durationms="80.485" />

<exclusive-start id="3206" timestamp="2022-02-08T17:31:40.119" intervalms="879.427">
  <response-info timems="0.018" idlems="0.018" threads="0" lastid="0000000000016F00" lastname="main" />
</exclusive-start>
<af-start id="3207" threadId="0000000000017908" totalBytesRequested="16" timestamp="2022-02-08T17:31:40.120" intervalms="879.436" type="nursery" />
<cycle-start id="3208" type="scavenge" contextid="0" timestamp="2022-02-08T17:31:40.120" intervalms="879.436" />
<gc-start id="3209" type="scavenge" contextid="3208" timestamp="2022-02-08T17:31:40.120">
  <mem-info id="3210" free="221543000" total="1073741824" percent="20">
    <mem type="nursery" free="0" total="268435456" percent="0">
      <mem type="allocate" free="0" total="184025088" percent="0" />
      <mem type="survivor" free="0" total="84410368" percent="0" />
    </mem>
    <mem type="tenure" free="221543000" total="805306368" percent="27">
      <mem type="soa" free="213489240" total="797252608" percent="26" />
      <mem type="loa" free="8053760" total="8053760" percent="100" />
    </mem>
    <remembered-set count="136" />
  </mem-info>
</gc-start>
<allocation-stats totalBytes="107414536" >
  <allocated-bytes non-tlh="848720" tlh="106565816" />
  <largest-consumer threadName="main" threadId="0000000000016F00" bytes="107414536" />
</allocation-stats>
<gc-op id="3211" type="scavenge" timems="82.511" contextid="3208" timestamp="2022-02-08T17:31:40.202">
  <scavenger-info tenureage="1" tenuremask="7ffe" tiltratio="68" />
  <memory-copied type="nursery" objects="1435118" bytes="75753920" bytesdiscarded="119136" />
  <memory-copied type="tenure" objects="1353193" bytes="76282176" bytesdiscarded="43232" />
  <finalization candidates="70" enqueued="37" />
  <references type="soft" candidates="14" cleared="0" enqueued="0" dynamicThreshold="11" maxThreshold="32" />
  <references type="weak" candidates="1" cleared="0" enqueued="0" />
  <references type="phantom" candidates="55" cleared="7" enqueued="7" />
  <object-monitors candidates="2" cleared="0"  />
</gc-op>
<gc-end id="3212" type="scavenge" contextid="3208" durationms="82.727" usertimems="317.240" systemtimems="0.000" stalltimems="2.466" timestamp="2022-02-08T17:31:40.202" activeThreads="4">
  <mem-info id="3213" free="253657488" total="1073741824" percent="23">
    <mem type="nursery" free="108545120" total="268435456" percent="40">
      <mem type="allocate" free="108545120" total="184418304" percent="58" />
      <mem type="survivor" free="0" total="84017152" percent="0" />
    </mem>
    <mem type="tenure" free="145112368" total="805306368" percent="18" macro-fragmented="0">
      <mem type="soa" free="137058608" total="797252608" percent="17" />
      <mem type="loa" free="8053760" total="8053760" percent="100" />
    </mem>
    <pending-finalizers system="36" default="1" reference="7" classloader="0" />
    <remembered-set count="131" />
  </mem-info>
</gc-end>
<cycle-end id="3214" type="scavenge" contextid="3208" timestamp="2022-02-08T17:31:40.202" />
<allocation-satisfied id="3215" threadId="0000000000016F00" bytesRequested="16" />
<af-end id="3216" timestamp="2022-02-08T17:31:40.202" threadId="0000000000017908" success="true" from="nursery"/>
<exclusive-end id="3217" timestamp="2022-02-08T17:31:40.202" durationms="82.990" />

<concurrent-kickoff id="3218" timestamp="2022-02-08T17:31:40.898">
  <kickoff reason="threshold reached" targetBytes="74438516" thresholdFreeBytes="5748421"  remainingFree="5653600" tenureFreeBytes="145112368" nurseryFreeBytes="5653600" />
</concurrent-kickoff>
<exclusive-start id="3219" timestamp="2022-02-08T17:31:40.901" intervalms="781.678">
  <response-info timems="0.020" idlems="0.020" threads="0" lastid="0000000000016F00" lastname="main" />
</exclusive-start>
<cycle-start id="3220" type="global" contextid="0" timestamp="2022-02-08T17:31:40.901" intervalms="2815.658" />
<concurrent-start id="3221" type="global mark" contextid="3220" timestamp="2022-02-08T17:31:40.901">
</concurrent-start>
<exclusive-end id="3222" timestamp="2022-02-08T17:31:40.901" durationms="0.029" />

<exclusive-start id="3223" timestamp="2022-02-08T17:31:41.049" intervalms="147.895">
  <response-info timems="0.048" idlems="0.048" threads="0" lastid="0000000000016F00" lastname="main" />
</exclusive-start>
<af-start id="3224" threadId="0000000000017908" totalBytesRequested="24" timestamp="2022-02-08T17:31:41.049" intervalms="929.582" type="nursery" />
<cycle-start id="3225" type="scavenge" contextid="0" timestamp="2022-02-08T17:31:41.049" intervalms="929.580" />
<gc-start id="3226" type="scavenge" contextid="3225" timestamp="2022-02-08T17:31:41.049">
  <mem-info id="3227" free="145112368" total="1073741824" percent="13">
    <mem type="nursery" free="0" total="268435456" percent="0">
      <mem type="allocate" free="0" total="184418304" percent="0" />
      <mem type="survivor" free="0" total="84017152" percent="0" />
    </mem>
    <mem type="tenure" free="145112368" total="805306368" percent="18">
      <mem type="soa" free="137058608" total="797252608" percent="17" />
      <mem type="loa" free="8053760" total="8053760" percent="100" />
    </mem>
    <remembered-set count="132" />
  </mem-info>
</gc-start>
<allocation-stats totalBytes="108495840" >
  <allocated-bytes non-tlh="2089560" tlh="106406280" />
  <largest-consumer threadName="main" threadId="0000000000016F00" bytes="108487648" />
</allocation-stats>
<gc-op id="3228" type="scavenge" timems="78.218" contextid="3225" timestamp="2022-02-08T17:31:41.127">
  <scavenger-info tenureage="1" tenuremask="7ffe" tiltratio="68" />
  <memory-copied type="nursery" objects="1383063" bytes="77106128" bytesdiscarded="109480" />
  <memory-copied type="tenure" objects="1434587" bytes="75295736" bytesdiscarded="42504" />
  <finalization candidates="73" enqueued="16" />
  <references type="phantom" candidates="40" cleared="0" enqueued="0" />
  <object-monitors candidates="2" cleared="0"  />
</gc-op>
<gc-end id="3229" type="scavenge" contextid="3225" durationms="78.440" usertimems="310.003" systemtimems="0.000" stalltimems="1.778" timestamp="2022-02-08T17:31:41.128" activeThreads="4">
  <mem-info id="3230" free="176488008" total="1073741824" percent="16">
    <mem type="nursery" free="106612872" total="268435456" percent="39">
      <mem type="allocate" free="106612872" total="183828480" percent="57" />
      <mem type="survivor" free="0" total="84606976" percent="0" />
    </mem>
    <mem type="tenure" free="69875136" total="805306368" percent="8" macro-fragmented="0">
      <mem type="soa" free="61821376" total="797252608" percent="7" />
      <mem type="loa" free="8053760" total="8053760" percent="100" />
    </mem>
    <pending-finalizers system="16" default="0" reference="0" classloader="0" />
    <remembered-set count="105" />
  </mem-info>
</gc-end>
<cycle-end id="3231" type="scavenge" contextid="3225" timestamp="2022-02-08T17:31:41.128" />
<allocation-satisfied id="3232" threadId="0000000000016F00" bytesRequested="24" />
<af-end id="3233" timestamp="2022-02-08T17:31:41.128" threadId="0000000000017908" success="true" from="nursery"/>
<exclusive-end id="3234" timestamp="2022-02-08T17:31:41.128" durationms="78.734" />

<concurrent-end id="3235" type="global mark" contextid="3220" timestamp="2022-02-08T17:31:41.252">
<gc-op id="3236" type="trace" timems="350.523" contextid="3220" timestamp="2022-02-08T17:31:41.252">
  <trace bytesTraced="74438236" workStackOverflowCount="0" />
  <card-cleaning reason="card cleaning threshold reached" bytesTraced="480" cardsCleaned="2" />
</gc-op>
</concurrent-end>

<exclusive-start id="3237" timestamp="2022-02-08T17:31:41.252" intervalms="202.702">
  <response-info timems="0.021" idlems="0.021" threads="0" lastid="0000000000016F00" lastname="main" />
</exclusive-start>
<concurrent-global-final id="3238" timestamp="2022-02-08T17:31:41.252" contextid="3220" intervalms="2848.240" >
  <concurrent-trace-info reason="card cleaning threshold reached" tracedByMutators="49262796" tracedByHelpers="25175920" cardsCleaned="2" workStackOverflowCount="0" />
</concurrent-global-final>
<gc-start id="3239" type="global" contextid="3220" timestamp="2022-02-08T17:31:41.252">
  <mem-info id="3240" free="167472688" total="1073741824" percent="15">
    <mem type="nursery" free="97597552" total="268435456" percent="36">
      <mem type="allocate" free="97597552" total="183828480" percent="53" />
      <mem type="survivor" free="0" total="84606976" percent="0" />
    </mem>
    <mem type="tenure" free="69875136" total="805306368" percent="8">
      <mem type="soa" free="61821376" total="797252608" percent="7" />
      <mem type="loa" free="8053760" total="8053760" percent="100" />
    </mem>
    <remembered-set count="105" />
  </mem-info>
</gc-start>
<allocation-stats totalBytes="9012312" >
  <allocated-bytes non-tlh="24" tlh="9012288" />
  <largest-consumer threadName="main" threadId="0000000000016F00" bytes="9008216" />
</allocation-stats>
<gc-op id="3241" type="rs-scan" timems="0.536" contextid="3220" timestamp="2022-02-08T17:31:41.252">
  <scan objectsFound="29" bytesTraced="5484" workStackOverflowCount="0" />
</gc-op>
<gc-op id="3242" type="card-cleaning" timems="139.614" contextid="3220" timestamp="2022-02-08T17:31:41.392">
  <card-cleaning cardsCleaned="9" bytesTraced="71012808" workStackOverflowCount="0" />
</gc-op>
<gc-op id="3243" type="mark" timems="42.646" contextid="3220" timestamp="2022-02-08T17:31:41.435">
  <trace-info objectcount="1544939" scancount="1160231" scanbytes="24819304" />
  <finalization candidates="428" enqueued="57" />
  <ownableSynchronizers candidates="1" cleared="0" />
  <references type="soft" candidates="894" cleared="0" enqueued="0" dynamicThreshold="11" maxThreshold="32" />
  <references type="weak" candidates="1701" cleared="0" enqueued="0" />
  <references type="phantom" candidates="52" cleared="2" enqueued="2" />
  <stringconstants candidates="6470" cleared="0"  />
  <object-monitors candidates="2" cleared="0"  />
</gc-op>
<gc-op id="3244" type="sweep" timems="4.895" contextid="3220" timestamp="2022-02-08T17:31:41.440" />
<gc-end id="3245" type="global" contextid="3220" durationms="187.916" usertimems="211.182" systemtimems="0.189" stalltimems="128.016" timestamp="2022-02-08T17:31:41.440" activeThreads="4">
  <mem-info id="3246" free="410651152" total="1073741824" percent="38">
    <mem type="nursery" free="97942160" total="268435456" percent="36">
      <mem type="allocate" free="97942160" total="183828480" percent="53" />
      <mem type="survivor" free="0" total="84606976" percent="0" />
    </mem>
    <mem type="tenure" free="312708992" total="805306368" percent="38" micro-fragmented="365842" macro-fragmented="0">
      <mem type="soa" free="304655232" total="797252608" percent="38" />
      <mem type="loa" free="8053760" total="8053760" percent="100" />
    </mem>
    <pending-finalizers system="57" default="0" reference="2" classloader="0" />
    <remembered-set count="105" />
  </mem-info>
</gc-end>
<cycle-end id="3247" type="global" contextid="3220" timestamp="2022-02-08T17:31:41.440" />
<exclusive-end id="3248" timestamp="2022-02-08T17:31:41.440" durationms="188.114" />

<exclusive-start id="3249" timestamp="2022-02-08T17:31:42.061" intervalms="809.127">
  <response-info timems="0.017" idlems="0.017" threads="0" lastid="0000000000016F00" lastname="main" />
</exclusive-start>
<af-start id="3250" threadId="0000000000017908" totalBytesRequested="184" timestamp="2022-02-08T17:31:42.061" intervalms="1011.810" type="nursery" />
<cycle-start id="3251" type="scavenge" contextid="0" timestamp="2022-02-08T17:31:42.061" intervalms="1011.811" />
<gc-start id="3252" type="scavenge" contextid="3251" timestamp="2022-02-08T17:31:42.061">
  <mem-info id="3253" free="312708992" total="1073741824" percent="29">
    <mem type="nursery" free="0" total="268435456" percent="0">
      <mem type="allocate" free="0" total="183828480" percent="0" />
      <mem type="survivor" free="0" total="84606976" percent="0" />
    </mem>
    <mem type="tenure" free="312708992" total="805306368" percent="38">
      <mem type="soa" free="304655232" total="797252608" percent="38" />
      <mem type="loa" free="8053760" total="8053760" percent="100" />
    </mem>
    <remembered-set count="108" />
  </mem-info>
</gc-start>
<allocation-stats totalBytes="97896904" >
  <allocated-bytes non-tlh="0" tlh="97896904" />
  <largest-consumer threadName="main" threadId="0000000000016F00" bytes="97892808" />
</allocation-stats>
<gc-op id="3254" type="scavenge" timems="94.592" contextid="3251" timestamp="2022-02-08T17:31:42.156">
  <scavenger-info tenureage="1" tenuremask="7ffe" tiltratio="68" />
  <memory-copied type="nursery" objects="1366607" bytes="76016704" bytesdiscarded="236984" />
  <memory-copied type="tenure" objects="1382871" bytes="76968528" bytesdiscarded="40064" />
  <finalization candidates="24" enqueued="0" />
  <ownableSynchronizers candidates="2" cleared="2" />
  <object-monitors candidates="2" cleared="0"  />
</gc-op>
<gc-end id="3255" type="scavenge" contextid="3251" durationms="94.782" usertimems="352.965" systemtimems="2.103" stalltimems="22.365" timestamp="2022-02-08T17:31:42.156" activeThreads="4">
  <mem-info id="3256" free="343372704" total="1073741824" percent="31">
    <mem type="nursery" free="107836936" total="268435456" percent="40">
      <mem type="allocate" free="107836936" total="184090624" percent="58" />
      <mem type="survivor" free="0" total="84344832" percent="0" />
    </mem>
    <mem type="tenure" free="235535768" total="805306368" percent="29" macro-fragmented="0">
      <mem type="soa" free="227482008" total="797252608" percent="28" />
      <mem type="loa" free="8053760" total="8053760" percent="100" />
    </mem>
    <remembered-set count="105" />
  </mem-info>
</gc-end>
<cycle-end id="3257" type="scavenge" contextid="3251" timestamp="2022-02-08T17:31:42.156" />
<allocation-satisfied id="3258" threadId="0000000000016F00" bytesRequested="184" />
<af-end id="3259" timestamp="2022-02-08T17:31:42.156" threadId="0000000000017908" success="true" from="nursery"/>
<exclusive-end id="3260" timestamp="2022-02-08T17:31:42.156" durationms="95.082" />

<exclusive-start id="3261" timestamp="2022-02-08T17:31:42.837" intervalms="776.154">
  <response-info timems="0.034" idlems="0.034" threads="0" lastid="0000000000016F00" lastname="main" />
</exclusive-start>
<af-start id="3262" threadId="0000000000017908" totalBytesRequested="200" timestamp="2022-02-08T17:31:42.837" intervalms="776.169" type="nursery" />
<cycle-start id="3263" type="scavenge" contextid="0" timestamp="2022-02-08T17:31:42.837" intervalms="776.181" />
<gc-start id="3264" type="scavenge" contextid="3263" timestamp="2022-02-08T17:31:42.837">
  <mem-info id="3265" free="235535768" total="1073741824" percent="21">
    <mem type="nursery" free="0" total="268435456" percent="0">
      <mem type="allocate" free="0" total="184090624" percent="0" />
      <mem type="survivor" free="0" total="84344832" percent="0" />
    </mem>
    <mem type="tenure" free="235535768" total="805306368" percent="29">
      <mem type="soa" free="227482008" total="797252608" percent="28" />
      <mem type="loa" free="8053760" total="8053760" percent="100" />
    </mem>
    <remembered-set count="105" />
  </mem-info>
</gc-start>
<allocation-stats totalBytes="107787232" >
  <allocated-bytes non-tlh="184" tlh="107787048" />
  <largest-consumer threadName="main" threadId="0000000000016F00" bytes="107787232" />
</allocation-stats>
<gc-op id="3266" type="scavenge" timems="81.007" contextid="3263" timestamp="2022-02-08T17:31:42.918">
  <scavenger-info tenureage="1" tenuremask="7ffe" tiltratio="68" />
  <memory-copied type="nursery" objects="1337585" bytes="76612056" bytesdiscarded="176424" />
  <memory-copied type="tenure" objects="1366606" bytes="76016600" bytesdiscarded="42512" />
  <object-monitors candidates="2" cleared="0"  />
</gc-op>
<gc-end id="3267" type="scavenge" contextid="3263" durationms="81.229" usertimems="321.392" systemtimems="0.000" stalltimems="1.683" timestamp="2022-02-08T17:31:42.918" activeThreads="4">
  <mem-info id="3268" free="266907512" total="1073741824" percent="24">
    <mem type="nursery" free="107498752" total="268435456" percent="40">
      <mem type="allocate" free="107498752" total="184287232" percent="58" />
      <mem type="survivor" free="0" total="84148224" percent="0" />
    </mem>
    <mem type="tenure" free="159408760" total="805306368" percent="19" macro-fragmented="0">
      <mem type="soa" free="151355000" total="797252608" percent="18" />
      <mem type="loa" free="8053760" total="8053760" percent="100" />
    </mem>
    <remembered-set count="105" />
  </mem-info>
</gc-end>
<cycle-end id="3269" type="scavenge" contextid="3263" timestamp="2022-02-08T17:31:42.919" />
<allocation-satisfied id="3270" threadId="0000000000016F00" bytesRequested="200" />
<af-end id="3271" timestamp="2022-02-08T17:31:42.919" threadId="0000000000017908" success="true" from="nursery"/>
<exclusive-end id="3272" timestamp="2022-02-08T17:31:42.919" durationms="81.534" />

<concurrent-kickoff id="3273" timestamp="2022-02-08T17:31:43.742">
  <kickoff reason="threshold reached" targetBytes="74438556" thresholdFreeBytes="5745216"  remainingFree="5633712" tenureFreeBytes="159408760" nurseryFreeBytes="5633712" />
</concurrent-kickoff>
<exclusive-start id="3274" timestamp="2022-02-08T17:31:43.745" intervalms="908.153">
  <response-info timems="0.019" idlems="0.019" threads="0" lastid="0000000000016F00" lastname="main" />
</exclusive-start>
<cycle-start id="3275" type="global" contextid="0" timestamp="2022-02-08T17:31:43.745" intervalms="2844.030" />
<concurrent-start id="3276" type="global mark" contextid="3275" timestamp="2022-02-08T17:31:43.745">
</concurrent-start>
<exclusive-end id="3277" timestamp="2022-02-08T17:31:43.745" durationms="0.027" />

<exclusive-start id="3278" timestamp="2022-02-08T17:31:43.875" intervalms="129.561">
  <response-info timems="0.017" idlems="0.017" threads="0" lastid="0000000000016F00" lastname="main" />
</exclusive-start>
<af-start id="3279" threadId="0000000000017908" totalBytesRequested="16" timestamp="2022-02-08T17:31:43.875" intervalms="1037.697" type="nursery" />
<cycle-start id="3280" type="scavenge" contextid="0" timestamp="2022-02-08T17:31:43.875" intervalms="1037.684" />
<gc-start id="3281" type="scavenge" contextid="3280" timestamp="2022-02-08T17:31:43.875">
  <mem-info id="3282" free="159408760" total="1073741824" percent="14">
    <mem type="nursery" free="0" total="268435456" percent="0">
      <mem type="allocate" free="0" total="184287232" percent="0" />
      <mem type="survivor" free="0" total="84148224" percent="0" />
    </mem>
    <mem type="tenure" free="159408760" total="805306368" percent="19">
      <mem type="soa" free="151355000" total="797252608" percent="18" />
      <mem type="loa" free="8053760" total="8053760" percent="100" />
    </mem>
    <remembered-set count="136" />
  </mem-info>
</gc-start>
<allocation-stats totalBytes="107453176" >
  <allocated-bytes non-tlh="2938448" tlh="104514728" />
  <largest-consumer threadName="main" threadId="0000000000016F00" bytes="107453176" />
</allocation-stats>
<gc-op id="3283" type="scavenge" timems="90.484" contextid="3280" timestamp="2022-02-08T17:31:43.965">
  <scavenger-info tenureage="1" tenuremask="7ffe" tiltratio="68" />
  <memory-copied type="nursery" objects="1450695" bytes="75574072" bytesdiscarded="88568" />
  <memory-copied type="tenure" objects="1337584" bytes="76611944" bytesdiscarded="42248" />
  <finalization candidates="110" enqueued="53" />
  <references type="soft" candidates="14" cleared="0" enqueued="0" dynamicThreshold="12" maxThreshold="32" />
  <references type="weak" candidates="1" cleared="0" enqueued="0" />
  <references type="phantom" candidates="95" cleared="7" enqueued="7" />
  <object-monitors candidates="2" cleared="0"  />
</gc-op>
<gc-end id="3284" type="scavenge" contextid="3280" durationms="90.754" usertimems="326.365" systemtimems="0.510" stalltimems="34.135" timestamp="2022-02-08T17:31:43.966" activeThreads="4">
  <mem-info id="3285" free="191720672" total="1073741824" percent="17">
    <mem type="nursery" free="108886608" total="268435456" percent="40">
      <mem type="allocate" free="108886608" total="184549376" percent="59" />
      <mem type="survivor" free="0" total="83886080" percent="0" />
    </mem>
    <mem type="tenure" free="82834064" total="805306368" percent="10" macro-fragmented="0">
      <mem type="soa" free="74780304" total="797252608" percent="9" />
      <mem type="loa" free="8053760" total="8053760" percent="100" />
    </mem>
    <pending-finalizers system="52" default="1" reference="7" classloader="0" />
    <remembered-set count="130" />
  </mem-info>
</gc-end>
<cycle-end id="3286" type="scavenge" contextid="3280" timestamp="2022-02-08T17:31:43.966" />
<allocation-satisfied id="3287" threadId="0000000000016F00" bytesRequested="16" />
<af-end id="3288" timestamp="2022-02-08T17:31:43.966" threadId="0000000000017908" success="true" from="nursery"/>
<exclusive-end id="3289" timestamp="2022-02-08T17:31:43.966" durationms="91.072" />

<concurrent-end id="3290" type="global mark" contextid="3275" timestamp="2022-02-08T17:31:44.116">
<gc-op id="3291" type="trace" timems="370.893" contextid="3275" timestamp="2022-02-08T17:31:44.116">
  <trace bytesTraced="74438476" workStackOverflowCount="0" />
  <card-cleaning reason="card cleaning threshold reached" bytesTraced="480" cardsCleaned="2" />
</gc-op>
</concurrent-end>

<exclusive-start id="3292" timestamp="2022-02-08T17:31:44.116" intervalms="241.402">
  <response-info timems="0.017" idlems="0.017" threads="0" lastid="0000000000016F00" lastname="main" />
</exclusive-start>
<concurrent-global-final id="3293" timestamp="2022-02-08T17:31:44.116" contextid="3275" intervalms="2864.395" >
  <concurrent-trace-info reason="card cleaning threshold reached" tracedByMutators="58605944" tracedByHelpers="15833012" cardsCleaned="2" workStackOverflowCount="0" />
</concurrent-global-final>
<gc-start id="3294" type="global" contextid="3275" timestamp="2022-02-08T17:31:44.116">
  <mem-info id="3295" free="180604112" total="1073741824" percent="16">
    <mem type="nursery" free="97770048" total="268435456" percent="36">
      <mem type="allocate" free="97770048" total="184549376" percent="52" />
      <mem type="survivor" free="0" total="83886080" percent="0" />
    </mem>
    <mem type="tenure" free="82834064" total="805306368" percent="10">
      <mem type="soa" free="74780304" total="797252608" percent="9" />
      <mem type="loa" free="8053760" total="8053760" percent="100" />
    </mem>
    <remembered-set count="131" />
  </mem-info>
</gc-start>
<allocation-stats totalBytes="11111192" >
  <allocated-bytes non-tlh="16" tlh="11111176" />
  <largest-consumer threadName="main" threadId="0000000000016F00" bytes="11103000" />
</allocation-stats>
<gc-op id="3296" type="rs-scan" timems="125.607" contextid="3275" timestamp="2022-02-08T17:31:44.242">
  <scan objectsFound="3324749" bytesTraced="71015972" workStackOverflowCount="0" />
</gc-op>
<gc-op id="3297" type="card-cleaning" timems="0.263" contextid="3275" timestamp="2022-02-08T17:31:44.242">
  <card-cleaning cardsCleaned="3" bytesTraced="1040" workStackOverflowCount="0" />
</gc-op>
<gc-op id="3298" type="mark" timems="33.108" contextid="3275" timestamp="2022-02-08T17:31:44.275">
  <trace-info objectcount="1270937" scancount="954729" scanbytes="20435272" />
  <finalization candidates="428" enqueued="57" />
  <ownableSynchronizers candidates="1" cleared="0" />
  <references type="soft" candidates="894" cleared="0" enqueued="0" dynamicThreshold="12" maxThreshold="32" />
  <references type="weak" candidates="1701" cleared="0" enqueued="0" />
  <references type="phantom" candidates="52" cleared="2" enqueued="2" />
  <stringconstants candidates="6470" cleared="0"  />
  <object-monitors candidates="2" cleared="0"  />
</gc-op>
<gc-op id="3299" type="sweep" timems="4.909" contextid="3275" timestamp="2022-02-08T17:31:44.280" />
<gc-end id="3300" type="global" contextid="3275" durationms="164.128" usertimems="179.478" systemtimems="0.273" stalltimems="98.710" timestamp="2022-02-08T17:31:44.280" activeThreads="4">
  <mem-info id="3301" free="424164408" total="1073741824" percent="39">
    <mem type="nursery" free="98434624" total="268435456" percent="36">
      <mem type="allocate" free="98434624" total="184549376" percent="53" />
      <mem type="survivor" free="0" total="83886080" percent="0" />
    </mem>
    <mem type="tenure" free="325729784" total="805306368" percent="40" micro-fragmented="316894" macro-fragmented="0">
      <mem type="soa" free="317676024" total="797252608" percent="39" />
      <mem type="loa" free="8053760" total="8053760" percent="100" />
    </mem>
    <pending-finalizers system="57" default="0" reference="2" classloader="0" />
    <remembered-set count="113" />
  </mem-info>
</gc-end>
<cycle-end id="3302" type="global" contextid="3275" timestamp="2022-02-08T17:31:44.280" />
<exclusive-end id="3303" timestamp="2022-02-08T17:31:44.280" durationms="164.332" />

<exclusive-start id="3304" timestamp="2022-02-08T17:31:44.961" intervalms="844.631">
  <response-info timems="0.019" idlems="0.019" threads="0" lastid="0000000000016F00" lastname="main" />
</exclusive-start>
<af-start id="3305" threadId="0000000000017908" totalBytesRequested="104" timestamp="2022-02-08T17:31:44.961" intervalms="1086.035" type="nursery" />
<cycle-start id="3306" type="scavenge" contextid="0" timestamp="2022-02-08T17:31:44.961" intervalms="1086.037" />
<gc-start id="3307" type="scavenge" contextid="3306" timestamp="2022-02-08T17:31:44.961">
  <mem-info id="3308" free="325729784" total="1073741824" percent="30">
    <mem type="nursery" free="0" total="268435456" percent="0">
      <mem type="allocate" free="0" total="184549376" percent="0" />
      <mem type="survivor" free="0" total="83886080" percent="0" />
    </mem>
    <mem type="tenure" free="325729784" total="805306368" percent="40">
      <mem type="soa" free="317676024" total="797252608" percent="39" />
      <mem type="loa" free="8053760" total="8053760" percent="100" />
    </mem>
    <remembered-set count="114" />
  </mem-info>
</gc-start>
<allocation-stats totalBytes="98387896" >
  <allocated-bytes non-tlh="0" tlh="98387896" />
  <largest-consumer threadName="main" threadId="0000000000016F00" bytes="98383800" />
</allocation-stats>
<gc-op id="3309" type="scavenge" timems="77.354" contextid="3306" timestamp="2022-02-08T17:31:45.038">
  <scavenger-info tenureage="1" tenuremask="7ffe" tiltratio="68" />
  <memory-copied type="nursery" objects="1413259" bytes="77906304" bytesdiscarded="278272" />
  <memory-copied type="tenure" objects="1449980" bytes="75106136" bytesdiscarded="40240" />
  <finalization candidates="57" enqueued="0" />
  <ownableSynchronizers candidates="2" cleared="2" />
  <object-monitors candidates="2" cleared="0"  />
</gc-op>
<gc-end id="3310" type="scavenge" contextid="3306" durationms="77.566" usertimems="307.398" systemtimems="0.000" stalltimems="1.070" timestamp="2022-02-08T17:31:45.038" activeThreads="4">
  <mem-info id="3311" free="354629528" total="1073741824" percent="33">
    <mem type="nursery" free="104136576" total="268435456" percent="38">
      <mem type="allocate" free="104136576" total="182321152" percent="57" />
      <mem type="survivor" free="0" total="86114304" percent="0" />
    </mem>
    <mem type="tenure" free="250492952" total="805306368" percent="31" macro-fragmented="1800196">
      <mem type="soa" free="242439192" total="797252608" percent="30" />
      <mem type="loa" free="8053760" total="8053760" percent="100" />
    </mem>
    <remembered-set count="103" />
  </mem-info>
</gc-end>
<cycle-end id="3312" type="scavenge" contextid="3306" timestamp="2022-02-08T17:31:45.039" />
<allocation-satisfied id="3313" threadId="0000000000016F00" bytesRequested="104" />
<af-end id="3314" timestamp="2022-02-08T17:31:45.039" threadId="0000000000017908" success="true" from="nursery"/>
<exclusive-end id="3315" timestamp="2022-02-08T17:31:45.039" durationms="77.815" />

<exclusive-start id="3316" timestamp="2022-02-08T17:31:45.651" intervalms="690.110">
  <response-info timems="0.017" idlems="0.017" threads="0" lastid="0000000000016F00" lastname="main" />
</exclusive-start>
<af-start id="3317" threadId="0000000000017908" totalBytesRequested="216" timestamp="2022-02-08T17:31:45.651" intervalms="690.112" type="nursery" />
<cycle-start id="3318" type="scavenge" contextid="0" timestamp="2022-02-08T17:31:45.651" intervalms="690.111" />
<gc-start id="3319" type="scavenge" contextid="3318" timestamp="2022-02-08T17:31:45.651">
  <mem-info id="3320" free="250492952" total="1073741824" percent="23">
    <mem type="nursery" free="0" total="268435456" percent="0">
      <mem type="allocate" free="0" total="182321152" percent="0" />
      <mem type="survivor" free="0" total="86114304" percent="0" />
    </mem>
    <mem type="tenure" free="250492952" total="805306368" percent="31">
      <mem type="soa" free="242439192" total="797252608" percent="30" />
      <mem type="loa" free="8053760" total="8053760" percent="100" />
    </mem>
    <remembered-set count="103" />
  </mem-info>
</gc-start>
<allocation-stats totalBytes="104088464" >
  <allocated-bytes non-tlh="104" tlh="104088360" />
  <largest-consumer threadName="main" threadId="0000000000016F00" bytes="104088464" />
</allocation-stats>
<gc-op id="3321" type="scavenge" timems="73.154" contextid="3318" timestamp="2022-02-08T17:31:45.724">
  <scavenger-info tenureage="1" tenuremask="7ffe" tiltratio="67" />
  <memory-copied type="nursery" objects="1300673" bytes="74005824" bytesdiscarded="275024" />
  <memory-copied type="tenure" objects="1413259" bytes="77906304" bytesdiscarded="39648" />
  <object-monitors candidates="2" cleared="0"  />
</gc-op>
<gc-end id="3322" type="scavenge" contextid="3318" durationms="73.440" usertimems="289.431" systemtimems="0.000" stalltimems="2.526" timestamp="2022-02-08T17:31:45.724" activeThreads="4">
  <mem-info id="3323" free="280652520" total="1073741824" percent="26">
    <mem type="nursery" free="108433520" total="268435456" percent="40">
      <mem type="allocate" free="108433520" total="182714368" percent="59" />
      <mem type="survivor" free="0" total="85721088" percent="0" />
    </mem>
    <mem type="tenure" free="172219000" total="805306368" percent="21" macro-fragmented="0">
      <mem type="soa" free="164165240" total="797252608" percent="20" />
      <mem type="loa" free="8053760" total="8053760" percent="100" />
    </mem>
    <remembered-set count="104" />
  </mem-info>
</gc-end>
<cycle-end id="3324" type="scavenge" contextid="3318" timestamp="2022-02-08T17:31:45.725" />
<allocation-satisfied id="3325" threadId="0000000000016F00" bytesRequested="216" />
<af-end id="3326" timestamp="2022-02-08T17:31:45.725" threadId="0000000000017908" success="true" from="nursery"/>
<exclusive-end id="3327" timestamp="2022-02-08T17:31:45.725" durationms="73.689" />

<exclusive-start id="3328" timestamp="2022-02-08T17:31:46.617" intervalms="966.531">
  <response-info timems="0.021" idlems="0.021" threads="0" lastid="0000000000016F00" lastname="main" />
</exclusive-start>
<af-start id="3329" threadId="0000000000017908" totalBytesRequested="104" timestamp="2022-02-08T17:31:46.617" intervalms="966.530" type="nursery" />
<cycle-start id="3330" type="scavenge" contextid="0" timestamp="2022-02-08T17:31:46.617" intervalms="966.531" />
<gc-start id="3331" type="scavenge" contextid="3330" timestamp="2022-02-08T17:31:46.618">
  <mem-info id="3332" free="172219000" total="1073741824" percent="16">
    <mem type="nursery" free="0" total="268435456" percent="0">
      <mem type="allocate" free="0" total="182714368" percent="0" />
      <mem type="survivor" free="0" total="85721088" percent="0" />
    </mem>
    <mem type="tenure" free="172219000" total="805306368" percent="21">
      <mem type="soa" free="164165240" total="797252608" percent="20" />
      <mem type="loa" free="8053760" total="8053760" percent="100" />
    </mem>
    <remembered-set count="135" />
  </mem-info>
</gc-start>
<allocation-stats totalBytes="108388520" >
  <allocated-bytes non-tlh="3009040" tlh="105379480" />
  <largest-consumer threadName="main" threadId="0000000000016F00" bytes="108388520" />
</allocation-stats>
<gc-op id="3333" type="scavenge" timems="78.065" contextid="3330" timestamp="2022-02-08T17:31:46.696">
  <scavenger-info tenureage="1" tenuremask="7ffe" tiltratio="68" />
  <memory-copied type="nursery" objects="1444092" bytes="76166216" bytesdiscarded="112560" />
  <memory-copied type="tenure" objects="1300672" bytes="74005704" bytesdiscarded="40336" />
  <finalization candidates="110" enqueued="53" />
  <references type="soft" candidates="14" cleared="0" enqueued="0" dynamicThreshold="12" maxThreshold="32" />
  <references type="weak" candidates="1" cleared="0" enqueued="0" />
  <references type="phantom" candidates="95" cleared="7" enqueued="7" />
  <object-monitors candidates="2" cleared="0"  />
</gc-op>
<gc-end id="3334" type="scavenge" contextid="3330" durationms="78.357" usertimems="307.446" systemtimems="0.000" stalltimems="4.241" timestamp="2022-02-08T17:31:46.696" activeThreads="4">
  <mem-info id="3335" free="205072712" total="1073741824" percent="19">
    <mem type="nursery" free="106632072" total="268435456" percent="39">
      <mem type="allocate" free="106632072" total="182910976" percent="58" />
      <mem type="survivor" free="0" total="85524480" percent="0" />
    </mem>
    <mem type="tenure" free="98440640" total="805306368" percent="12" macro-fragmented="0">
      <mem type="soa" free="90386880" total="797252608" percent="11" />
      <mem type="loa" free="8053760" total="8053760" percent="100" />
    </mem>
    <pending-finalizers system="52" default="1" reference="7" classloader="0" />
    <remembered-set count="130" />
  </mem-info>
</gc-end>
<cycle-end id="3336" type="scavenge" contextid="3330" timestamp="2022-02-08T17:31:46.696" />
<allocation-satisfied id="3337" threadId="0000000000016F00" bytesRequested="104" />
<af-end id="3338" timestamp="2022-02-08T17:31:46.696" threadId="0000000000017908" success="true" from="nursery"/>
<exclusive-end id="3339" timestamp="2022-02-08T17:31:46.696" durationms="78.651" />

<concurrent-kickoff id="3340" timestamp="2022-02-08T17:31:47.369">
  <kickoff reason="threshold reached" targetBytes="74438637" thresholdFreeBytes="5742638"  remainingFree="5731104" tenureFreeBytes="98440640" nurseryFreeBytes="5731104" />
</concurrent-kickoff>
<exclusive-start id="3341" timestamp="2022-02-08T17:31:47.373" intervalms="755.334">
  <response-info timems="0.018" idlems="0.018" threads="0" lastid="0000000000016F00" lastname="main" />
</exclusive-start>
<cycle-start id="3342" type="global" contextid="0" timestamp="2022-02-08T17:31:47.373" intervalms="3627.570" />
<concurrent-start id="3343" type="global mark" contextid="3342" timestamp="2022-02-08T17:31:47.373">
</concurrent-start>
<exclusive-end id="3344" timestamp="2022-02-08T17:31:47.373" durationms="0.030" />

<exclusive-start id="3345" timestamp="2022-02-08T17:31:47.501" intervalms="127.907">
  <response-info timems="0.017" idlems="0.017" threads="0" lastid="0000000000016F00" lastname="main" />
</exclusive-start>
<af-start id="3346" threadId="0000000000017908" totalBytesRequested="184" timestamp="2022-02-08T17:31:47.501" intervalms="883.251" type="nursery" />
<cycle-start id="3347" type="scavenge" contextid="0" timestamp="2022-02-08T17:31:47.501" intervalms="883.249" />
<gc-start id="3348" type="scavenge" contextid="3347" timestamp="2022-02-08T17:31:47.501">
  <mem-info id="3349" free="98440640" total="1073741824" percent="9">
    <mem type="nursery" free="0" total="268435456" percent="0">
      <mem type="allocate" free="0" total="182910976" percent="0" />
      <mem type="survivor" free="0" total="85524480" percent="0" />
    </mem>
    <mem type="tenure" free="98440640" total="805306368" percent="12">
      <mem type="soa" free="90386880" total="797252608" percent="11" />
      <mem type="loa" free="8053760" total="8053760" percent="100" />
    </mem>
    <remembered-set count="131" />
  </mem-info>
</gc-start>
<allocation-stats totalBytes="106582440" >
  <allocated-bytes non-tlh="104" tlh="106582336" />
  <largest-consumer threadName="main" threadId="0000000000016F00" bytes="106574248" />
</allocation-stats>
<gc-op id="3350" type="scavenge" timems="76.092" contextid="3347" timestamp="2022-02-08T17:31:47.577">
  <scavenger-info tenureage="1" tenuremask="7ffe" tiltratio="68" />
  <memory-copied type="nursery" objects="1383257" bytes="75967760" bytesdiscarded="313400" />
  <memory-copied type="tenure" objects="1443381" bytes="75698360" bytesdiscarded="35712" />
  <finalization candidates="57" enqueued="0" />
  <object-monitors candidates="2" cleared="0"  />
</gc-op>
<gc-end id="3351" type="scavenge" contextid="3347" durationms="76.420" usertimems="300.958" systemtimems="0.000" stalltimems="2.696" timestamp="2022-02-08T17:31:47.577" activeThreads="4">
  <mem-info id="3352" free="130056664" total="1073741824" percent="12">
    <mem type="nursery" free="107285176" total="268435456" percent="39">
      <mem type="allocate" free="107285176" total="183566336" percent="58" />
      <mem type="survivor" free="0" total="84869120" percent="0" />
    </mem>
    <mem type="tenure" free="22771488" total="805306368" percent="2" macro-fragmented="0">
      <mem type="soa" free="14717728" total="797252608" percent="1" />
      <mem type="loa" free="8053760" total="8053760" percent="100" />
    </mem>
    <remembered-set count="103" />
  </mem-info>
</gc-end>
<cycle-end id="3353" type="scavenge" contextid="3347" timestamp="2022-02-08T17:31:47.577" />
<allocation-satisfied id="3354" threadId="0000000000016F00" bytesRequested="184" />
<af-end id="3355" timestamp="2022-02-08T17:31:47.577" threadId="0000000000017908" success="true" from="nursery"/>
<exclusive-end id="3356" timestamp="2022-02-08T17:31:47.577" durationms="76.746" />

<concurrent-end id="3357" type="global mark" contextid="3342" timestamp="2022-02-08T17:31:47.701">
<gc-op id="3358" type="trace" timems="328.530" contextid="3342" timestamp="2022-02-08T17:31:47.701">
  <trace bytesTraced="74438588" workStackOverflowCount="0" />
  <card-cleaning reason="card cleaning threshold reached" bytesTraced="480" cardsCleaned="2" />
</gc-op>
</concurrent-end>

<exclusive-start id="3359" timestamp="2022-02-08T17:31:47.701" intervalms="200.692">
  <response-info timems="0.017" idlems="0.017" threads="0" lastid="0000000000016F00" lastname="main" />
</exclusive-start>
<concurrent-global-final id="3360" timestamp="2022-02-08T17:31:47.701" contextid="3342" intervalms="3585.205" >
  <concurrent-trace-info reason="card cleaning threshold reached" tracedByMutators="56861920" tracedByHelpers="17577148" cardsCleaned="2" workStackOverflowCount="0" />
</concurrent-global-final>
<gc-start id="3361" type="global" contextid="3342" timestamp="2022-02-08T17:31:47.701">
  <mem-info id="3362" free="121831712" total="1073741824" percent="11">
    <mem type="nursery" free="99060224" total="268435456" percent="36">
      <mem type="allocate" free="99060224" total="183566336" percent="53" />
      <mem type="survivor" free="0" total="84869120" percent="0" />
    </mem>
    <mem type="tenure" free="22771488" total="805306368" percent="2">
      <mem type="soa" free="14717728" total="797252608" percent="1" />
      <mem type="loa" free="8053760" total="8053760" percent="100" />
    </mem>
    <remembered-set count="103" />
  </mem-info>
</gc-start>
<allocation-stats totalBytes="8220264" >
  <allocated-bytes non-tlh="184" tlh="8220080" />
  <largest-consumer threadName="main" threadId="0000000000016F00" bytes="8220264" />
</allocation-stats>
<gc-op id="3363" type="rs-scan" timems="0.700" contextid="3342" timestamp="2022-02-08T17:31:47.702">
  <scan objectsFound="0" bytesTraced="3988" workStackOverflowCount="0" />
</gc-op>
<gc-op id="3364" type="card-cleaning" timems="153.037" contextid="3342" timestamp="2022-02-08T17:31:47.855">
  <card-cleaning cardsCleaned="11" bytesTraced="71014688" workStackOverflowCount="0" />
</gc-op>
<gc-op id="3365" type="mark" timems="72.923" contextid="3342" timestamp="2022-02-08T17:31:47.928">
  <trace-info objectcount="2346699" scancount="1761551" scanbytes="37647488" />
  <finalization candidates="428" enqueued="57" />
  <ownableSynchronizers candidates="1" cleared="0" />
  <references type="soft" candidates="894" cleared="0" enqueued="0" dynamicThreshold="12" maxThreshold="32" />
  <references type="weak" candidates="1701" cleared="0" enqueued="0" />
  <references type="phantom" candidates="52" cleared="2" enqueued="2" />
  <stringconstants candidates="6470" cleared="0"  />
  <object-monitors candidates="2" cleared="0"  />
</gc-op>
<gc-op id="3366" type="sweep" timems="5.184" contextid="3342" timestamp="2022-02-08T17:31:47.933" />
<gc-end id="3367" type="global" contextid="3342" durationms="232.076" usertimems="288.013" systemtimems="0.000" stalltimems="178.769" timestamp="2022-02-08T17:31:47.933" activeThreads="4">
  <mem-info id="3368" free="365046088" total="1073741824" percent="33">
    <mem type="nursery" free="99466424" total="268435456" percent="37">
      <mem type="allocate" free="99466424" total="183566336" percent="54" />
      <mem type="survivor" free="0" total="84869120" percent="0" />
    </mem>
    <mem type="tenure" free="265579664" total="805306368" percent="32" micro-fragmented="363322" macro-fragmented="0">
      <mem type="soa" free="257525904" total="797252608" percent="32" />
      <mem type="loa" free="8053760" total="8053760" percent="100" />
    </mem>
    <pending-finalizers system="57" default="0" reference="2" classloader="0" />
    <remembered-set count="103" />
  </mem-info>
</gc-end>
<cycle-end id="3369" type="global" contextid="3342" timestamp="2022-02-08T17:31:47.934" />
<exclusive-end id="3370" timestamp="2022-02-08T17:31:47.934" durationms="232.392" />

<exclusive-start id="3371" timestamp="2022-02-08T17:31:48.527" intervalms="825.825">
  <response-info timems="0.018" idlems="0.018" threads="0" lastid="0000000000016F00" lastname="main" />
</exclusive-start>
<af-start id="3372" threadId="0000000000017908" totalBytesRequested="184" timestamp="2022-02-08T17:31:48.527" intervalms="1026.505" type="nursery" />
<cycle-start id="3373" type="scavenge" contextid="0" timestamp="2022-02-08T17:31:48.527" intervalms="1026.506" />
<gc-start id="3374" type="scavenge" contextid="3373" timestamp="2022-02-08T17:31:48.527">
  <mem-info id="3375" free="265579664" total="1073741824" percent="24">
    <mem type="nursery" free="0" total="268435456" percent="0">
      <mem type="allocate" free="0" total="183566336" percent="0" />
      <mem type="survivor" free="0" total="84869120" percent="0" />
    </mem>
    <mem type="tenure" free="265579664" total="805306368" percent="32">
      <mem type="soa" free="257525904" total="797252608" percent="32" />
      <mem type="loa" free="8053760" total="8053760" percent="100" />
    </mem>
    <remembered-set count="106" />
  </mem-info>
</gc-start>
<allocation-stats totalBytes="99422000" >
  <allocated-bytes non-tlh="0" tlh="99422000" />
  <largest-consumer threadName="main" threadId="0000000000016F00" bytes="99417904" />
</allocation-stats>
<gc-op id="3376" type="scavenge" timems="74.726" contextid="3373" timestamp="2022-02-08T17:31:48.602">
  <scavenger-info tenureage="1" tenuremask="7ffe" tiltratio="68" />
  <memory-copied type="nursery" objects="1344627" bytes="76409704" bytesdiscarded="128408" />
  <memory-copied type="tenure" objects="1383256" bytes="75967656" bytesdiscarded="41384" />
  <ownableSynchronizers candidates="2" cleared="2" />
  <object-monitors candidates="2" cleared="0"  />
</gc-op>
<gc-end id="3377" type="scavenge" contextid="3373" durationms="74.940" usertimems="295.199" systemtimems="0.000" stalltimems="2.946" timestamp="2022-02-08T17:31:48.602" activeThreads="4">
  <mem-info id="3378" free="296716808" total="1073741824" percent="27">
    <mem type="nursery" free="107421440" total="268435456" percent="40">
      <mem type="allocate" free="107421440" total="183959552" percent="58" />
      <mem type="survivor" free="0" total="84475904" percent="0" />
    </mem>
    <mem type="tenure" free="189295368" total="805306368" percent="23" macro-fragmented="0">
      <mem type="soa" free="181241608" total="797252608" percent="22" />
      <mem type="loa" free="8053760" total="8053760" percent="100" />
    </mem>
    <remembered-set count="105" />
  </mem-info>
</gc-end>
<cycle-end id="3379" type="scavenge" contextid="3373" timestamp="2022-02-08T17:31:48.602" />
<allocation-satisfied id="3380" threadId="0000000000016F00" bytesRequested="184" />
<af-end id="3381" timestamp="2022-02-08T17:31:48.602" threadId="0000000000017908" success="true" from="nursery"/>
<exclusive-end id="3382" timestamp="2022-02-08T17:31:48.602" durationms="75.189" />

<exclusive-start id="3383" timestamp="2022-02-08T17:31:49.456" intervalms="928.630">
  <response-info timems="0.018" idlems="0.018" threads="0" lastid="0000000000016F00" lastname="main" />
</exclusive-start>
<af-start id="3384" threadId="0000000000017908" totalBytesRequested="120" timestamp="2022-02-08T17:31:49.456" intervalms="928.642" type="nursery" />
<cycle-start id="3385" type="scavenge" contextid="0" timestamp="2022-02-08T17:31:49.456" intervalms="928.642" />
<gc-start id="3386" type="scavenge" contextid="3385" timestamp="2022-02-08T17:31:49.456">
  <mem-info id="3387" free="189295368" total="1073741824" percent="17">
    <mem type="nursery" free="0" total="268435456" percent="0">
      <mem type="allocate" free="0" total="183959552" percent="0" />
      <mem type="survivor" free="0" total="84475904" percent="0" />
    </mem>
    <mem type="tenure" free="189295368" total="805306368" percent="23">
      <mem type="soa" free="181241608" total="797252608" percent="22" />
      <mem type="loa" free="8053760" total="8053760" percent="100" />
    </mem>
    <remembered-set count="135" />
  </mem-info>
</gc-start>
<allocation-stats totalBytes="107372576" >
  <allocated-bytes non-tlh="1493728" tlh="105878848" />
  <largest-consumer threadName="main" threadId="0000000000016F00" bytes="107372576" />
</allocation-stats>
<gc-op id="3388" type="scavenge" timems="75.985" contextid="3385" timestamp="2022-02-08T17:31:49.532">
  <scavenger-info tenureage="1" tenuremask="7ffe" tiltratio="68" />
  <memory-copied type="nursery" objects="1456514" bytes="75570864" bytesdiscarded="228808" />
  <memory-copied type="tenure" objects="1344626" bytes="76409600" bytesdiscarded="42520" />
  <finalization candidates="109" enqueued="53" />
  <references type="soft" candidates="14" cleared="0" enqueued="0" dynamicThreshold="10" maxThreshold="32" />
  <references type="weak" candidates="1" cleared="0" enqueued="0" />
  <references type="phantom" candidates="94" cleared="7" enqueued="7" />
  <object-monitors candidates="2" cleared="0"  />
</gc-op>
<gc-end id="3389" type="scavenge" contextid="3385" durationms="76.181" usertimems="299.673" systemtimems="0.000" stalltimems="3.651" timestamp="2022-02-08T17:31:49.532" activeThreads="4">
  <mem-info id="3390" free="221507160" total="1073741824" percent="20">
    <mem type="nursery" free="108552968" total="268435456" percent="40">
      <mem type="allocate" free="108552968" total="184352768" percent="58" />
      <mem type="survivor" free="0" total="84082688" percent="0" />
    </mem>
    <mem type="tenure" free="112954192" total="805306368" percent="14" macro-fragmented="0">
      <mem type="soa" free="104900432" total="797252608" percent="13" />
      <mem type="loa" free="8053760" total="8053760" percent="100" />
    </mem>
    <pending-finalizers system="52" default="1" reference="7" classloader="0" />
    <remembered-set count="131" />
  </mem-info>
</gc-end>
<cycle-end id="3391" type="scavenge" contextid="3385" timestamp="2022-02-08T17:31:49.532" />
<allocation-satisfied id="3392" threadId="0000000000016F00" bytesRequested="120" />
<af-end id="3393" timestamp="2022-02-08T17:31:49.532" threadId="0000000000017908" success="true" from="nursery"/>
<exclusive-end id="3394" timestamp="2022-02-08T17:31:49.532" durationms="76.437" />

<concurrent-kickoff id="3395" timestamp="2022-02-08T17:31:50.218">
  <kickoff reason="threshold reached" targetBytes="74438721" thresholdFreeBytes="5744167"  remainingFree="5661448" tenureFreeBytes="112954192" nurseryFreeBytes="5661448" />
</concurrent-kickoff>
<exclusive-start id="3396" timestamp="2022-02-08T17:31:50.221" intervalms="765.434">
  <response-info timems="0.018" idlems="0.018" threads="0" lastid="0000000000016F00" lastname="main" />
</exclusive-start>
<cycle-start id="3397" type="global" contextid="0" timestamp="2022-02-08T17:31:50.221" intervalms="2848.487" />
<concurrent-start id="3398" type="global mark" contextid="3397" timestamp="2022-02-08T17:31:50.221">
</concurrent-start>
<exclusive-end id="3399" timestamp="2022-02-08T17:31:50.221" durationms="0.028" />

<exclusive-start id="3400" timestamp="2022-02-08T17:31:50.354" intervalms="132.494">
  <response-info timems="0.018" idlems="0.018" threads="0" lastid="0000000000016F00" lastname="main" />
</exclusive-start>
<af-start id="3401" threadId="0000000000017908" totalBytesRequested="184" timestamp="2022-02-08T17:31:50.354" intervalms="897.915" type="nursery" />
<cycle-start id="3402" type="scavenge" contextid="0" timestamp="2022-02-08T17:31:50.354" intervalms="897.915" />
<gc-start id="3403" type="scavenge" contextid="3402" timestamp="2022-02-08T17:31:50.354">
  <mem-info id="3404" free="112954192" total="1073741824" percent="10">
    <mem type="nursery" free="0" total="268435456" percent="0">
      <mem type="allocate" free="0" total="184352768" percent="0" />
      <mem type="survivor" free="0" total="84082688" percent="0" />
    </mem>
    <mem type="tenure" free="112954192" total="805306368" percent="14">
      <mem type="soa" free="104900432" total="797252608" percent="13" />
      <mem type="loa" free="8053760" total="8053760" percent="100" />
    </mem>
    <remembered-set count="132" />
  </mem-info>
</gc-start>
<allocation-stats totalBytes="108503024" >
  <allocated-bytes non-tlh="1347800" tlh="107155224" />
  <largest-consumer threadName="main" threadId="0000000000016F00" bytes="108494832" />
</allocation-stats>
<gc-op id="3405" type="scavenge" timems="80.851" contextid="3402" timestamp="2022-02-08T17:31:50.435">
  <scavenger-info tenureage="1" tenuremask="7ffe" tiltratio="68" />
  <memory-copied type="nursery" objects="1381714" bytes="77693800" bytesdiscarded="305696" />
  <memory-copied type="tenure" objects="1455795" bytes="74627696" bytesdiscarded="41480" />
  <finalization candidates="57" enqueued="0" />
  <references type="phantom" candidates="1" cleared="0" enqueued="0" />
  <object-monitors candidates="2" cleared="0"  />
</gc-op>
<gc-end id="3406" type="scavenge" contextid="3402" durationms="81.048" usertimems="319.111" systemtimems="0.639" stalltimems="2.456" timestamp="2022-02-08T17:31:50.435" activeThreads="4">
  <mem-info id="3407" free="143012232" total="1073741824" percent="13">
    <mem type="nursery" free="104649336" total="268435456" percent="38">
      <mem type="allocate" free="104649336" total="182648832" percent="57" />
      <mem type="survivor" free="0" total="85786624" percent="0" />
    </mem>
    <mem type="tenure" free="38362896" total="805306368" percent="4" macro-fragmented="0">
      <mem type="soa" free="30309136" total="797252608" percent="3" />
      <mem type="loa" free="8053760" total="8053760" percent="100" />
    </mem>
    <remembered-set count="102" />
  </mem-info>
</gc-end>
<cycle-end id="3408" type="scavenge" contextid="3402" timestamp="2022-02-08T17:31:50.435" />
<allocation-satisfied id="3409" threadId="0000000000016F00" bytesRequested="184" />
<af-end id="3410" timestamp="2022-02-08T17:31:50.435" threadId="0000000000017908" success="true" from="nursery"/>
<exclusive-end id="3411" timestamp="2022-02-08T17:31:50.435" durationms="81.429" />

<concurrent-end id="3412" type="global mark" contextid="3397" timestamp="2022-02-08T17:31:50.552">
<gc-op id="3413" type="trace" timems="330.679" contextid="3397" timestamp="2022-02-08T17:31:50.552">
  <trace bytesTraced="74438732" workStackOverflowCount="0" />
  <card-cleaning reason="card cleaning threshold reached" bytesTraced="480" cardsCleaned="2" />
</gc-op>
</concurrent-end>

<exclusive-start id="3414" timestamp="2022-02-08T17:31:50.552" intervalms="198.251">
  <response-info timems="0.016" idlems="0.016" threads="0" lastid="0000000000016F00" lastname="main" />
</exclusive-start>
<concurrent-global-final id="3415" timestamp="2022-02-08T17:31:50.552" contextid="3397" intervalms="2850.633" >
  <concurrent-trace-info reason="card cleaning threshold reached" tracedByMutators="58156852" tracedByHelpers="16282360" cardsCleaned="2" workStackOverflowCount="0" />
</concurrent-global-final>
<gc-start id="3416" type="global" contextid="3397" timestamp="2022-02-08T17:31:50.552">
  <mem-info id="3417" free="135049424" total="1073741824" percent="12">
    <mem type="nursery" free="96686528" total="268435456" percent="36">
      <mem type="allocate" free="96686528" total="182648832" percent="52" />
      <mem type="survivor" free="0" total="85786624" percent="0" />
    </mem>
    <mem type="tenure" free="38362896" total="805306368" percent="4">
      <mem type="soa" free="30309136" total="797252608" percent="3" />
      <mem type="loa" free="8053760" total="8053760" percent="100" />
    </mem>
    <remembered-set count="102" />
  </mem-info>
</gc-start>
<allocation-stats totalBytes="7958944" >
  <allocated-bytes non-tlh="184" tlh="7958760" />
  <largest-consumer threadName="main" threadId="0000000000016F00" bytes="7958944" />
</allocation-stats>
<gc-op id="3418" type="rs-scan" timems="0.518" contextid="3397" timestamp="2022-02-08T17:31:50.553">
  <scan objectsFound="29" bytesTraced="5420" workStackOverflowCount="0" />
</gc-op>
<gc-op id="3419" type="card-cleaning" timems="146.434" contextid="3397" timestamp="2022-02-08T17:31:50.699">
  <card-cleaning cardsCleaned="8" bytesTraced="71012760" workStackOverflowCount="0" />
</gc-op>
<gc-op id="3420" type="mark" timems="65.456" contextid="3397" timestamp="2022-02-08T17:31:50.765">
  <trace-info objectcount="2086650" scancount="1566515" scanbytes="33486696" />
  <finalization candidates="428" enqueued="57" />
  <ownableSynchronizers candidates="1" cleared="0" />
  <references type="soft" candidates="894" cleared="0" enqueued="0" dynamicThreshold="10" maxThreshold="32" />
  <references type="weak" candidates="1701" cleared="0" enqueued="0" />
  <references type="phantom" candidates="52" cleared="2" enqueued="2" />
  <stringconstants candidates="6470" cleared="0"  />
  <object-monitors candidates="2" cleared="0"  />
</gc-op>
<gc-op id="3421" type="sweep" timems="4.826" contextid="3397" timestamp="2022-02-08T17:31:50.769" />
<gc-end id="3422" type="global" contextid="3397" durationms="217.439" usertimems="232.740" systemtimems="0.393" stalltimems="195.635" timestamp="2022-02-08T17:31:50.769" activeThreads="4">
  <mem-info id="3423" free="378277304" total="1073741824" percent="35">
    <mem type="nursery" free="97083512" total="268435456" percent="36">
      <mem type="allocate" free="97083512" total="182648832" percent="53" />
      <mem type="survivor" free="0" total="85786624" percent="0" />
    </mem>
    <mem type="tenure" free="281193792" total="805306368" percent="34" micro-fragmented="381770" macro-fragmented="0">
      <mem type="soa" free="273140032" total="797252608" percent="34" />
      <mem type="loa" free="8053760" total="8053760" percent="100" />
    </mem>
    <pending-finalizers system="57" default="0" reference="2" classloader="0" />
    <remembered-set count="102" />
  </mem-info>
</gc-end>
<cycle-end id="3424" type="global" contextid="3397" timestamp="2022-02-08T17:31:50.770" />
<exclusive-end id="3425" timestamp="2022-02-08T17:31:50.770" durationms="217.696" />

<exclusive-start id="3426" timestamp="2022-02-08T17:31:51.361" intervalms="809.027">
  <response-info timems="0.018" idlems="0.018" threads="0" lastid="0000000000016F00" lastname="main" />
</exclusive-start>
<af-start id="3427" threadId="0000000000017908" totalBytesRequested="328" timestamp="2022-02-08T17:31:51.361" intervalms="1007.280" type="nursery" />
<cycle-start id="3428" type="scavenge" contextid="0" timestamp="2022-02-08T17:31:51.361" intervalms="1007.281" />
<gc-start id="3429" type="scavenge" contextid="3428" timestamp="2022-02-08T17:31:51.361">
  <mem-info id="3430" free="281193792" total="1073741824" percent="26">
    <mem type="nursery" free="0" total="268435456" percent="0">
      <mem type="allocate" free="0" total="182648832" percent="0" />
      <mem type="survivor" free="0" total="85786624" percent="0" />
    </mem>
    <mem type="tenure" free="281193792" total="805306368" percent="34">
      <mem type="soa" free="273140032" total="797252608" percent="34" />
      <mem type="loa" free="8053760" total="8053760" percent="100" />
    </mem>
    <remembered-set count="105" />
  </mem-info>
</gc-start>
<allocation-stats totalBytes="97040968" >
  <allocated-bytes non-tlh="0" tlh="97040968" />
  <largest-consumer threadName="main" threadId="0000000000016F00" bytes="97036872" />
</allocation-stats>
<gc-op id="3431" type="scavenge" timems="73.804" contextid="3428" timestamp="2022-02-08T17:31:51.435">
  <scavenger-info tenureage="1" tenuremask="7ffe" tiltratio="68" />
  <memory-copied type="nursery" objects="1316202" bytes="74558936" bytesdiscarded="314920" />
  <memory-copied type="tenure" objects="1381713" bytes="77693696" bytesdiscarded="43248" />
  <finalization candidates="1" enqueued="0" />
  <ownableSynchronizers candidates="2" cleared="2" />
  <object-monitors candidates="2" cleared="0"  />
</gc-op>
<gc-end id="3432" type="scavenge" contextid="3428" durationms="74.024" usertimems="292.586" systemtimems="0.000" stalltimems="1.752" timestamp="2022-02-08T17:31:51.435" activeThreads="4">
  <mem-info id="3433" free="311290384" total="1073741824" percent="28">
    <mem type="nursery" free="108102656" total="268435456" percent="40">
      <mem type="allocate" free="108102656" total="182976512" percent="59" />
      <mem type="survivor" free="0" total="85458944" percent="0" />
    </mem>
    <mem type="tenure" free="203187728" total="805306368" percent="25" macro-fragmented="0">
      <mem type="soa" free="195133968" total="797252608" percent="24" />
      <mem type="loa" free="8053760" total="8053760" percent="100" />
    </mem>
    <remembered-set count="105" />
  </mem-info>
</gc-end>
<cycle-end id="3434" type="scavenge" contextid="3428" timestamp="2022-02-08T17:31:51.435" />
<allocation-satisfied id="3435" threadId="0000000000016F00" bytesRequested="328" />
<af-end id="3436" timestamp="2022-02-08T17:31:51.435" threadId="0000000000017908" success="true" from="nursery"/>
<exclusive-end id="3437" timestamp="2022-02-08T17:31:51.435" durationms="74.270" />

<exclusive-start id="3438" timestamp="2022-02-08T17:31:52.287" intervalms="925.819">
  <response-info timems="0.020" idlems="0.020" threads="0" lastid="0000000000016F00" lastname="main" />
</exclusive-start>
<af-start id="3439" threadId="0000000000017908" totalBytesRequested="120" timestamp="2022-02-08T17:31:52.287" intervalms="925.840" type="nursery" />
<cycle-start id="3440" type="scavenge" contextid="0" timestamp="2022-02-08T17:31:52.287" intervalms="925.846" />
<gc-start id="3441" type="scavenge" contextid="3440" timestamp="2022-02-08T17:31:52.287">
  <mem-info id="3442" free="203187728" total="1073741824" percent="18">
    <mem type="nursery" free="0" total="268435456" percent="0">
      <mem type="allocate" free="0" total="182976512" percent="0" />
      <mem type="survivor" free="0" total="85458944" percent="0" />
    </mem>
    <mem type="tenure" free="203187728" total="805306368" percent="25">
      <mem type="soa" free="195133968" total="797252608" percent="24" />
      <mem type="loa" free="8053760" total="8053760" percent="100" />
    </mem>
    <remembered-set count="136" />
  </mem-info>
</gc-start>
<allocation-stats totalBytes="108054616" >
  <allocated-bytes non-tlh="1493872" tlh="106560744" />
  <largest-consumer threadName="main" threadId="0000000000016F00" bytes="108054616" />
</allocation-stats>
<gc-op id="3443" type="scavenge" timems="76.093" contextid="3440" timestamp="2022-02-08T17:31:52.363">
  <scavenger-info tenureage="1" tenuremask="7ffe" tiltratio="68" />
  <memory-copied type="nursery" objects="1486044" bytes="76088144" bytesdiscarded="163224" />
  <memory-copied type="tenure" objects="1316202" bytes="74558936" bytesdiscarded="42840" />
  <finalization candidates="109" enqueued="53" />
  <references type="soft" candidates="14" cleared="0" enqueued="0" dynamicThreshold="11" maxThreshold="32" />
  <references type="weak" candidates="1" cleared="0" enqueued="0" />
  <references type="phantom" candidates="94" cleared="7" enqueued="7" />
  <object-monitors candidates="2" cleared="0"  />
</gc-op>
<gc-end id="3444" type="scavenge" contextid="3440" durationms="76.297" usertimems="300.102" systemtimems="0.000" stalltimems="3.595" timestamp="2022-02-08T17:31:52.363" activeThreads="4">
  <mem-info id="3445" free="235782168" total="1073741824" percent="21">
    <mem type="nursery" free="107052696" total="268435456" percent="39">
      <mem type="allocate" free="107052696" total="183304192" percent="58" />
      <mem type="survivor" free="0" total="85131264" percent="0" />
    </mem>
    <mem type="tenure" free="128729472" total="805306368" percent="15" macro-fragmented="0">
      <mem type="soa" free="120675712" total="797252608" percent="15" />
      <mem type="loa" free="8053760" total="8053760" percent="100" />
    </mem>
    <pending-finalizers system="52" default="1" reference="7" classloader="0" />
    <remembered-set count="132" />
  </mem-info>
</gc-end>
<cycle-end id="3446" type="scavenge" contextid="3440" timestamp="2022-02-08T17:31:52.363" />
<allocation-satisfied id="3447" threadId="0000000000016F00" bytesRequested="120" />
<af-end id="3448" timestamp="2022-02-08T17:31:52.363" threadId="0000000000017908" success="true" from="nursery"/>
<exclusive-end id="3449" timestamp="2022-02-08T17:31:52.363" durationms="76.581" />

<concurrent-kickoff id="3450" timestamp="2022-02-08T17:31:53.034">
  <kickoff reason="threshold reached" targetBytes="74438822" thresholdFreeBytes="5745193"  remainingFree="5721536" tenureFreeBytes="128729472" nurseryFreeBytes="5721536" />
</concurrent-kickoff>
<exclusive-start id="3451" timestamp="2022-02-08T17:31:53.037" intervalms="750.340">
  <response-info timems="0.020" idlems="0.020" threads="0" lastid="0000000000016F00" lastname="main" />
</exclusive-start>
<cycle-start id="3452" type="global" contextid="0" timestamp="2022-02-08T17:31:53.037" intervalms="2815.932" />
<concurrent-start id="3453" type="global mark" contextid="3452" timestamp="2022-02-08T17:31:53.037">
</concurrent-start>
<exclusive-end id="3454" timestamp="2022-02-08T17:31:53.037" durationms="0.029" />

<exclusive-start id="3455" timestamp="2022-02-08T17:31:53.156" intervalms="118.681">
  <response-info timems="0.037" idlems="0.037" threads="0" lastid="0000000000016F00" lastname="main" />
</exclusive-start>
<af-start id="3456" threadId="0000000000017908" totalBytesRequested="112" timestamp="2022-02-08T17:31:53.156" intervalms="869.007" type="nursery" />
<cycle-start id="3457" type="scavenge" contextid="0" timestamp="2022-02-08T17:31:53.156" intervalms="869.003" />
<gc-start id="3458" type="scavenge" contextid="3457" timestamp="2022-02-08T17:31:53.156">
  <mem-info id="3459" free="128729472" total="1073741824" percent="11">
    <mem type="nursery" free="0" total="268435456" percent="0">
      <mem type="allocate" free="0" total="183304192" percent="0" />
      <mem type="survivor" free="0" total="85131264" percent="0" />
    </mem>
    <mem type="tenure" free="128729472" total="805306368" percent="15">
      <mem type="soa" free="120675712" total="797252608" percent="15" />
      <mem type="loa" free="8053760" total="8053760" percent="100" />
    </mem>
    <remembered-set count="133" />
  </mem-info>
</gc-start>
<allocation-stats totalBytes="107002912" >
  <allocated-bytes non-tlh="1347800" tlh="105655112" />
  <largest-consumer threadName="main" threadId="0000000000016F00" bytes="106994720" />
</allocation-stats>
<gc-op id="3460" type="scavenge" timems="75.816" contextid="3457" timestamp="2022-02-08T17:31:53.232">
  <scavenger-info tenureage="1" tenuremask="7ffe" tiltratio="68" />
  <memory-copied type="nursery" objects="1337969" bytes="76577896" bytesdiscarded="300280" />
  <memory-copied type="tenure" objects="1485324" bytes="75144904" bytesdiscarded="37960" />
  <finalization candidates="57" enqueued="0" />
  <references type="phantom" candidates="1" cleared="0" enqueued="0" />
  <object-monitors candidates="2" cleared="0"  />
</gc-op>
<gc-end id="3461" type="scavenge" contextid="3457" durationms="76.133" usertimems="300.244" systemtimems="0.000" stalltimems="2.636" timestamp="2022-02-08T17:31:53.232" activeThreads="4">
  <mem-info id="3462" free="160386704" total="1073741824" percent="14">
    <mem type="nursery" free="106819232" total="268435456" percent="39">
      <mem type="allocate" free="106819232" total="183697408" percent="58" />
      <mem type="survivor" free="0" total="84738048" percent="0" />
    </mem>
    <mem type="tenure" free="53567472" total="805306368" percent="6" macro-fragmented="0">
      <mem type="soa" free="45513712" total="797252608" percent="5" />
      <mem type="loa" free="8053760" total="8053760" percent="100" />
    </mem>
    <remembered-set count="102" />
  </mem-info>
</gc-end>
<cycle-end id="3463" type="scavenge" contextid="3457" timestamp="2022-02-08T17:31:53.232" />
<allocation-satisfied id="3464" threadId="0000000000016F00" bytesRequested="112" />
<af-end id="3465" timestamp="2022-02-08T17:31:53.232" threadId="0000000000017908" success="true" from="nursery"/>
<exclusive-end id="3466" timestamp="2022-02-08T17:31:53.232" durationms="76.478" />

<concurrent-end id="3467" type="global mark" contextid="3452" timestamp="2022-02-08T17:31:53.353">
<gc-op id="3468" type="trace" timems="315.966" contextid="3452" timestamp="2022-02-08T17:31:53.353">
  <trace bytesTraced="74438940" workStackOverflowCount="0" />
  <card-cleaning reason="card cleaning threshold reached" bytesTraced="480" cardsCleaned="2" />
</gc-op>
</concurrent-end>

<exclusive-start id="3469" timestamp="2022-02-08T17:31:53.353" intervalms="197.354">
  <response-info timems="0.018" idlems="0.018" threads="0" lastid="0000000000016F00" lastname="main" />
</exclusive-start>
<concurrent-global-final id="3470" timestamp="2022-02-08T17:31:53.353" contextid="3452" intervalms="2801.222" >
  <concurrent-trace-info reason="card cleaning threshold reached" tracedByMutators="58552344" tracedByHelpers="15887076" cardsCleaned="2" workStackOverflowCount="0" />
</concurrent-global-final>
<gc-start id="3471" type="global" contextid="3452" timestamp="2022-02-08T17:31:53.353">
  <mem-info id="3472" free="152161824" total="1073741824" percent="14">
    <mem type="nursery" free="98594352" total="268435456" percent="36">
      <mem type="allocate" free="98594352" total="183697408" percent="53" />
      <mem type="survivor" free="0" total="84738048" percent="0" />
    </mem>
    <mem type="tenure" free="53567472" total="805306368" percent="6">
      <mem type="soa" free="45513712" total="797252608" percent="5" />
      <mem type="loa" free="8053760" total="8053760" percent="100" />
    </mem>
    <remembered-set count="102" />
  </mem-info>
</gc-start>
<allocation-stats totalBytes="8220688" >
  <allocated-bytes non-tlh="112" tlh="8220576" />
  <largest-consumer threadName="main" threadId="0000000000016F00" bytes="8220688" />
</allocation-stats>
<gc-op id="3473" type="rs-scan" timems="0.569" contextid="3452" timestamp="2022-02-08T17:31:53.354">
  <scan objectsFound="29" bytesTraced="5420" workStackOverflowCount="0" />
</gc-op>
<gc-op id="3474" type="card-cleaning" timems="147.109" contextid="3452" timestamp="2022-02-08T17:31:53.501">
  <card-cleaning cardsCleaned="9" bytesTraced="71012872" workStackOverflowCount="0" />
</gc-op>
<gc-op id="3475" type="mark" timems="55.591" contextid="3452" timestamp="2022-02-08T17:31:53.557">
  <trace-info objectcount="1803387" scancount="1354068" scanbytes="28954472" />
  <finalization candidates="428" enqueued="57" />
  <ownableSynchronizers candidates="1" cleared="0" />
  <references type="soft" candidates="894" cleared="0" enqueued="0" dynamicThreshold="11" maxThreshold="32" />
  <references type="weak" candidates="1701" cleared="0" enqueued="0" />
  <references type="phantom" candidates="52" cleared="2" enqueued="2" />
  <stringconstants candidates="6470" cleared="0"  />
  <object-monitors candidates="2" cleared="0"  />
</gc-op>
<gc-op id="3476" type="sweep" timems="5.090" contextid="3452" timestamp="2022-02-08T17:31:53.562" />
<gc-end id="3477" type="global" contextid="3452" durationms="208.568" usertimems="223.969" systemtimems="0.000" stalltimems="166.746" timestamp="2022-02-08T17:31:53.562" activeThreads="4">
  <mem-info id="3478" free="395400184" total="1073741824" percent="36">
    <mem type="nursery" free="98987456" total="268435456" percent="36">
      <mem type="allocate" free="98987456" total="183697408" percent="53" />
      <mem type="survivor" free="0" total="84738048" percent="0" />
    </mem>
    <mem type="tenure" free="296412728" total="805306368" percent="36" micro-fragmented="326133" macro-fragmented="0">
      <mem type="soa" free="288358968" total="797252608" percent="36" />
      <mem type="loa" free="8053760" total="8053760" percent="100" />
    </mem>
    <pending-finalizers system="57" default="0" reference="2" classloader="0" />
    <remembered-set count="102" />
  </mem-info>
</gc-end>
<cycle-end id="3479" type="global" contextid="3452" timestamp="2022-02-08T17:31:53.562" />
<exclusive-end id="3480" timestamp="2022-02-08T17:31:53.562" durationms="208.846" />

<exclusive-start id="3481" timestamp="2022-02-08T17:31:54.196" intervalms="842.564">
  <response-info timems="0.018" idlems="0.018" threads="0" lastid="0000000000016F00" lastname="main" />
</exclusive-start>
<af-start id="3482" threadId="0000000000017908" totalBytesRequested="104" timestamp="2022-02-08T17:31:54.196" intervalms="1039.910" type="nursery" />
<cycle-start id="3483" type="scavenge" contextid="0" timestamp="2022-02-08T17:31:54.196" intervalms="1039.907" />
<gc-start id="3484" type="scavenge" contextid="3483" timestamp="2022-02-08T17:31:54.196">
  <mem-info id="3485" free="296412728" total="1073741824" percent="27">
    <mem type="nursery" free="0" total="268435456" percent="0">
      <mem type="allocate" free="0" total="183697408" percent="0" />
      <mem type="survivor" free="0" total="84738048" percent="0" />
    </mem>
    <mem type="tenure" free="296412728" total="805306368" percent="36">
      <mem type="soa" free="288358968" total="797252608" percent="36" />
      <mem type="loa" free="8053760" total="8053760" percent="100" />
    </mem>
    <remembered-set count="105" />
  </mem-info>
</gc-start>
<allocation-stats totalBytes="98943792" >
  <allocated-bytes non-tlh="0" tlh="98943792" />
  <largest-consumer threadName="main" threadId="0000000000016F00" bytes="98939696" />
</allocation-stats>
<gc-op id="3486" type="scavenge" timems="86.246" contextid="3483" timestamp="2022-02-08T17:31:54.282">
  <scavenger-info tenureage="1" tenuremask="7ffe" tiltratio="68" />
  <memory-copied type="nursery" objects="1351974" bytes="76123224" bytesdiscarded="354120" />
  <memory-copied type="tenure" objects="1337969" bytes="76577896" bytesdiscarded="43496" />
  <finalization candidates="1" enqueued="0" />
  <ownableSynchronizers candidates="2" cleared="2" />
  <object-monitors candidates="2" cleared="0"  />
</gc-op>
<gc-end id="3487" type="scavenge" contextid="3483" durationms="86.482" usertimems="337.698" systemtimems="0.000" stalltimems="1.885" timestamp="2022-02-08T17:31:54.282" activeThreads="4">
  <mem-info id="3488" free="327303952" total="1073741824" percent="30">
    <mem type="nursery" free="107613280" total="268435456" percent="40">
      <mem type="allocate" free="107613280" total="184090624" percent="58" />
      <mem type="survivor" free="0" total="84344832" percent="0" />
    </mem>
    <mem type="tenure" free="219690672" total="805306368" percent="27" macro-fragmented="0">
      <mem type="soa" free="211636912" total="797252608" percent="26" />
      <mem type="loa" free="8053760" total="8053760" percent="100" />
    </mem>
    <remembered-set count="105" />
  </mem-info>
</gc-end>
<cycle-end id="3489" type="scavenge" contextid="3483" timestamp="2022-02-08T17:31:54.282" />
<allocation-satisfied id="3490" threadId="0000000000016F00" bytesRequested="104" />
<af-end id="3491" timestamp="2022-02-08T17:31:54.283" threadId="0000000000017908" success="true" from="nursery"/>
<exclusive-end id="3492" timestamp="2022-02-08T17:31:54.283" durationms="86.768" />

<exclusive-start id="3493" timestamp="2022-02-08T17:31:55.164" intervalms="968.683">
  <response-info timems="0.016" idlems="0.016" threads="0" lastid="0000000000016F00" lastname="main" />
</exclusive-start>
<af-start id="3494" threadId="0000000000017908" totalBytesRequested="16" timestamp="2022-02-08T17:31:55.164" intervalms="968.681" type="nursery" />
<cycle-start id="3495" type="scavenge" contextid="0" timestamp="2022-02-08T17:31:55.165" intervalms="968.681" />
<gc-start id="3496" type="scavenge" contextid="3495" timestamp="2022-02-08T17:31:55.165">
  <mem-info id="3497" free="219690672" total="1073741824" percent="20">
    <mem type="nursery" free="0" total="268435456" percent="0">
      <mem type="allocate" free="0" total="184090624" percent="0" />
      <mem type="survivor" free="0" total="84344832" percent="0" />
    </mem>
    <mem type="tenure" free="219690672" total="805306368" percent="27">
      <mem type="soa" free="211636912" total="797252608" percent="26" />
      <mem type="loa" free="8053760" total="8053760" percent="100" />
    </mem>
    <remembered-set count="136" />
  </mem-info>
</gc-start>
<allocation-stats totalBytes="107566856" >
  <allocated-bytes non-tlh="849032" tlh="106717824" />
  <largest-consumer threadName="main" threadId="0000000000016F00" bytes="107566856" />
</allocation-stats>
<gc-op id="3498" type="scavenge" timems="82.650" contextid="3495" timestamp="2022-02-08T17:31:55.247">
  <scavenger-info tenureage="1" tenuremask="7ffe" tiltratio="68" />
  <memory-copied type="nursery" objects="1460437" bytes="75864208" bytesdiscarded="106096" />
  <memory-copied type="tenure" objects="1351974" bytes="76123224" bytesdiscarded="43528" />
  <finalization candidates="92" enqueued="51" />
  <references type="soft" candidates="14" cleared="0" enqueued="0" dynamicThreshold="11" maxThreshold="32" />
  <references type="weak" candidates="1" cleared="0" enqueued="0" />
  <references type="phantom" candidates="77" cleared="7" enqueued="7" />
  <object-monitors candidates="2" cleared="0"  />
</gc-op>
<gc-end id="3499" type="scavenge" contextid="3495" durationms="82.849" usertimems="306.676" systemtimems="0.000" stalltimems="3.557" timestamp="2022-02-08T17:31:55.247" activeThreads="4">
  <mem-info id="3500" free="251933296" total="1073741824" percent="23">
    <mem type="nursery" free="108513408" total="268435456" percent="40">
      <mem type="allocate" free="108513408" total="184483840" percent="58" />
      <mem type="survivor" free="0" total="83951616" percent="0" />
    </mem>
    <mem type="tenure" free="143419888" total="805306368" percent="17" macro-fragmented="69015248">
      <mem type="soa" free="135366128" total="797252608" percent="16" />
      <mem type="loa" free="8053760" total="8053760" percent="100" />
    </mem>
    <pending-finalizers system="50" default="1" reference="7" classloader="0" />
    <remembered-set count="132" />
  </mem-info>
</gc-end>
<cycle-end id="3501" type="scavenge" contextid="3495" timestamp="2022-02-08T17:31:55.248" />
<allocation-satisfied id="3502" threadId="0000000000016F00" bytesRequested="16" />
<af-end id="3503" timestamp="2022-02-08T17:31:55.248" threadId="0000000000017908" success="true" from="nursery"/>
<exclusive-end id="3504" timestamp="2022-02-08T17:31:55.248" durationms="83.101" />

<concurrent-kickoff id="3505" timestamp="2022-02-08T17:31:55.916">
  <kickoff reason="threshold reached" targetBytes="74438941" thresholdFreeBytes="5742804"  remainingFree="5621888" tenureFreeBytes="143419888" nurseryFreeBytes="5621888" />
</concurrent-kickoff>
<exclusive-start id="3506" timestamp="2022-02-08T17:31:55.919" intervalms="754.784">
  <response-info timems="0.020" idlems="0.020" threads="0" lastid="0000000000016F00" lastname="main" />
</exclusive-start>
<cycle-start id="3507" type="global" contextid="0" timestamp="2022-02-08T17:31:55.919" intervalms="2882.066" />
<concurrent-start id="3508" type="global mark" contextid="3507" timestamp="2022-02-08T17:31:55.919">
</concurrent-start>
<exclusive-end id="3509" timestamp="2022-02-08T17:31:55.919" durationms="0.029" />

<exclusive-start id="3510" timestamp="2022-02-08T17:31:56.076" intervalms="156.696">
  <response-info timems="0.016" idlems="0.016" threads="0" lastid="0000000000016F00" lastname="main" />
</exclusive-start>
<af-start id="3511" threadId="0000000000017908" totalBytesRequested="200" timestamp="2022-02-08T17:31:56.076" intervalms="911.480" type="nursery" />
<cycle-start id="3512" type="scavenge" contextid="0" timestamp="2022-02-08T17:31:56.076" intervalms="911.479" />
<gc-start id="3513" type="scavenge" contextid="3512" timestamp="2022-02-08T17:31:56.076">
  <mem-info id="3514" free="143419888" total="1073741824" percent="13">
    <mem type="nursery" free="0" total="268435456" percent="0">
      <mem type="allocate" free="0" total="184483840" percent="0" />
      <mem type="survivor" free="0" total="83951616" percent="0" />
    </mem>
    <mem type="tenure" free="143419888" total="805306368" percent="17">
      <mem type="soa" free="135366128" total="797252608" percent="16" />
      <mem type="loa" free="8053760" total="8053760" percent="100" />
    </mem>
    <remembered-set count="133" />
  </mem-info>
</gc-start>
<allocation-stats totalBytes="108461000" >
  <allocated-bytes non-tlh="2121688" tlh="106339312" />
  <largest-consumer threadName="main" threadId="0000000000016F00" bytes="108452808" />
</allocation-stats>
<gc-op id="3515" type="scavenge" timems="82.591" contextid="3512" timestamp="2022-02-08T17:31:56.159">
  <scavenger-info tenureage="1" tenuremask="7ffe" tiltratio="68" />
  <memory-copied type="nursery" objects="1378992" bytes="77122968" bytesdiscarded="291648" />
  <memory-copied type="tenure" objects="1459738" bytes="75313976" bytesdiscarded="39400" />
  <finalization candidates="59" enqueued="2" />
  <references type="phantom" candidates="18" cleared="0" enqueued="0" />
  <object-monitors candidates="2" cleared="0"  />
</gc-op>
<gc-end id="3516" type="scavenge" contextid="3512" durationms="82.753" usertimems="325.976" systemtimems="0.000" stalltimems="3.682" timestamp="2022-02-08T17:31:56.159" activeThreads="4">
  <mem-info id="3517" free="174558040" total="1073741824" percent="16">
    <mem type="nursery" free="106479400" total="268435456" percent="39">
      <mem type="allocate" free="106479400" total="183894016" percent="57" />
      <mem type="survivor" free="0" total="84541440" percent="0" />
    </mem>
    <mem type="tenure" free="68078640" total="805306368" percent="8" macro-fragmented="65253224">
      <mem type="soa" free="60024880" total="797252608" percent="7" />
      <mem type="loa" free="8053760" total="8053760" percent="100" />
    </mem>
    <pending-finalizers system="2" default="0" reference="0" classloader="0" />
    <remembered-set count="107" />
  </mem-info>
</gc-end>
<cycle-end id="3518" type="scavenge" contextid="3512" timestamp="2022-02-08T17:31:56.159" />
<allocation-satisfied id="3519" threadId="0000000000016F00" bytesRequested="200" />
<af-end id="3520" timestamp="2022-02-08T17:31:56.159" threadId="0000000000017908" success="true" from="nursery"/>
<exclusive-end id="3521" timestamp="2022-02-08T17:31:56.159" durationms="83.039" />

<concurrent-end id="3522" type="global mark" contextid="3507" timestamp="2022-02-08T17:31:56.284">
<gc-op id="3523" type="trace" timems="365.046" contextid="3507" timestamp="2022-02-08T17:31:56.284">
  <trace bytesTraced="74439212" workStackOverflowCount="0" />
  <card-cleaning reason="card cleaning threshold reached" bytesTraced="480" cardsCleaned="2" />
</gc-op>
</concurrent-end>

<exclusive-start id="3524" timestamp="2022-02-08T17:31:56.284" intervalms="208.419">
  <response-info timems="0.018" idlems="0.018" threads="0" lastid="0000000000016F00" lastname="main" />
</exclusive-start>
<concurrent-global-final id="3525" timestamp="2022-02-08T17:31:56.284" contextid="3507" intervalms="2931.146" >
  <concurrent-trace-info reason="card cleaning threshold reached" tracedByMutators="53891084" tracedByHelpers="20548608" cardsCleaned="2" workStackOverflowCount="0" />
</concurrent-global-final>
<gc-start id="3526" type="global" contextid="3507" timestamp="2022-02-08T17:31:56.284">
  <mem-info id="3527" free="166328976" total="1073741824" percent="15">
    <mem type="nursery" free="98250336" total="268435456" percent="36">
      <mem type="allocate" free="98250336" total="183894016" percent="53" />
      <mem type="survivor" free="0" total="84541440" percent="0" />
    </mem>
    <mem type="tenure" free="68078640" total="805306368" percent="8">
      <mem type="soa" free="60024880" total="797252608" percent="7" />
      <mem type="loa" free="8053760" total="8053760" percent="100" />
    </mem>
    <remembered-set count="107" />
  </mem-info>
</gc-start>
<allocation-stats totalBytes="8225400" >
  <allocated-bytes non-tlh="200" tlh="8225200" />
  <largest-consumer threadName="main" threadId="0000000000016F00" bytes="8221304" />
</allocation-stats>
<gc-op id="3528" type="rs-scan" timems="0.531" contextid="3507" timestamp="2022-02-08T17:31:56.285">
  <scan objectsFound="29" bytesTraced="5484" workStackOverflowCount="0" />
</gc-op>
<gc-op id="3529" type="card-cleaning" timems="161.672" contextid="3507" timestamp="2022-02-08T17:31:56.447">
  <card-cleaning cardsCleaned="10" bytesTraced="71013048" workStackOverflowCount="0" />
</gc-op>
<gc-op id="3530" type="mark" timems="47.243" contextid="3507" timestamp="2022-02-08T17:31:56.494">
  <trace-info objectcount="1562683" scancount="1173539" scanbytes="25103208" />
  <finalization candidates="428" enqueued="57" />
  <ownableSynchronizers candidates="1" cleared="0" />
  <references type="soft" candidates="894" cleared="0" enqueued="0" dynamicThreshold="11" maxThreshold="32" />
  <references type="weak" candidates="1701" cleared="0" enqueued="0" />
  <references type="phantom" candidates="52" cleared="2" enqueued="2" />
  <stringconstants candidates="6470" cleared="0"  />
  <object-monitors candidates="2" cleared="0"  />
</gc-op>
<gc-op id="3531" type="sweep" timems="5.542" contextid="3507" timestamp="2022-02-08T17:31:56.500" />
<gc-end id="3532" type="global" contextid="3507" durationms="215.425" usertimems="228.228" systemtimems="0.941" stalltimems="144.605" timestamp="2022-02-08T17:31:56.500" activeThreads="4">
  <mem-info id="3533" free="409646016" total="1073741824" percent="38">
    <mem type="nursery" free="98649888" total="268435456" percent="36">
      <mem type="allocate" free="98649888" total="183894016" percent="53" />
      <mem type="survivor" free="0" total="84541440" percent="0" />
    </mem>
    <mem type="tenure" free="310996128" total="805306368" percent="38" micro-fragmented="422021" macro-fragmented="0">
      <mem type="soa" free="302942368" total="797252608" percent="37" />
      <mem type="loa" free="8053760" total="8053760" percent="100" />
    </mem>
    <pending-finalizers system="57" default="0" reference="2" classloader="0" />
    <remembered-set count="107" />
  </mem-info>
</gc-end>
<cycle-end id="3534" type="global" contextid="3507" timestamp="2022-02-08T17:31:56.500" />
<exclusive-end id="3535" timestamp="2022-02-08T17:31:56.500" durationms="215.673" />

<exclusive-start id="3536" timestamp="2022-02-08T17:31:57.110" intervalms="825.817">
  <response-info timems="0.017" idlems="0.017" threads="0" lastid="0000000000016F00" lastname="main" />
</exclusive-start>
<af-start id="3537" threadId="0000000000017908" totalBytesRequested="24" timestamp="2022-02-08T17:31:57.110" intervalms="1034.238" type="nursery" />
<cycle-start id="3538" type="scavenge" contextid="0" timestamp="2022-02-08T17:31:57.110" intervalms="1034.240" />
<gc-start id="3539" type="scavenge" contextid="3538" timestamp="2022-02-08T17:31:57.110">
  <mem-info id="3540" free="310996128" total="1073741824" percent="28">
    <mem type="nursery" free="0" total="268435456" percent="0">
      <mem type="allocate" free="0" total="183894016" percent="0" />
      <mem type="survivor" free="0" total="84541440" percent="0" />
    </mem>
    <mem type="tenure" free="310996128" total="805306368" percent="38">
      <mem type="soa" free="302942368" total="797252608" percent="37" />
      <mem type="loa" free="8053760" total="8053760" percent="100" />
    </mem>
    <remembered-set count="110" />
  </mem-info>
</gc-start>
<allocation-stats totalBytes="98603280" >
  <allocated-bytes non-tlh="0" tlh="98603280" />
  <largest-consumer threadName="main" threadId="0000000000016F00" bytes="98599184" />
</allocation-stats>
<gc-op id="3541" type="scavenge" timems="83.477" contextid="3538" timestamp="2022-02-08T17:31:57.194">
  <scavenger-info tenureage="1" tenuremask="7ffe" tiltratio="68" />
  <memory-copied type="nursery" objects="1345419" bytes="75885488" bytesdiscarded="201816" />
  <memory-copied type="tenure" objects="1378967" bytes="77105656" bytesdiscarded="43128" />
  <finalization candidates="16" enqueued="0" />
  <ownableSynchronizers candidates="2" cleared="2" />
  <object-monitors candidates="2" cleared="0"  />
</gc-op>
<gc-end id="3542" type="scavenge" contextid="3538" durationms="83.903" usertimems="329.474" systemtimems="0.990" stalltimems="2.430" timestamp="2022-02-08T17:31:57.194" activeThreads="4">
  <mem-info id="3543" free="341795864" total="1073741824" percent="31">
    <mem type="nursery" free="108068856" total="268435456" percent="40">
      <mem type="allocate" free="108068856" total="184156160" percent="58" />
      <mem type="survivor" free="0" total="84279296" percent="0" />
    </mem>
    <mem type="tenure" free="233727008" total="805306368" percent="29" macro-fragmented="0">
      <mem type="soa" free="225673248" total="797252608" percent="28" />
      <mem type="loa" free="8053760" total="8053760" percent="100" />
    </mem>
    <remembered-set count="105" />
  </mem-info>
</gc-end>
<cycle-end id="3544" type="scavenge" contextid="3538" timestamp="2022-02-08T17:31:57.194" />
<allocation-satisfied id="3545" threadId="0000000000016F00" bytesRequested="24" />
<af-end id="3546" timestamp="2022-02-08T17:31:57.194" threadId="0000000000017908" success="true" from="nursery"/>
<exclusive-end id="3547" timestamp="2022-02-08T17:31:57.194" durationms="84.195" />

<exclusive-start id="3548" timestamp="2022-02-08T17:31:57.861" intervalms="750.814">
  <response-info timems="0.017" idlems="0.017" threads="0" lastid="0000000000016F00" lastname="main" />
</exclusive-start>
<af-start id="3549" threadId="0000000000017908" totalBytesRequested="8208" timestamp="2022-02-08T17:31:57.861" intervalms="750.830" type="nursery" />
<cycle-start id="3550" type="scavenge" contextid="0" timestamp="2022-02-08T17:31:57.861" intervalms="750.833" />
<gc-start id="3551" type="scavenge" contextid="3550" timestamp="2022-02-08T17:31:57.861">
  <mem-info id="3552" free="233727008" total="1073741824" percent="21">
    <mem type="nursery" free="0" total="268435456" percent="0">
      <mem type="allocate" free="0" total="184156160" percent="0" />
      <mem type="survivor" free="0" total="84279296" percent="0" />
    </mem>
    <mem type="tenure" free="233727008" total="805306368" percent="29">
      <mem type="soa" free="225673248" total="797252608" percent="28" />
      <mem type="loa" free="8053760" total="8053760" percent="100" />
    </mem>
    <remembered-set count="119" />
  </mem-info>
</gc-start>
<allocation-stats totalBytes="108014944" >
  <allocated-bytes non-tlh="24" tlh="108014920" />
  <largest-consumer threadName="main" threadId="0000000000016F00" bytes="108014944" />
</allocation-stats>
<gc-op id="3553" type="scavenge" timems="73.955" contextid="3550" timestamp="2022-02-08T17:31:57.935">
  <scavenger-info tenureage="1" tenuremask="7ffe" tiltratio="68" />
  <memory-copied type="nursery" objects="1358278" bytes="76784776" bytesdiscarded="171056" />
  <memory-copied type="tenure" objects="1345419" bytes="75885488" bytesdiscarded="43960" />
  <finalization candidates="21" enqueued="12" />
  <references type="phantom" candidates="22" cleared="0" enqueued="0" />
  <object-monitors candidates="2" cleared="0"  />
</gc-op>
<gc-end id="3554" type="scavenge" contextid="3550" durationms="74.336" usertimems="290.961" systemtimems="0.000" stalltimems="4.630" timestamp="2022-02-08T17:31:57.935" activeThreads="4">
  <mem-info id="3555" free="265227248" total="1073741824" percent="24">
    <mem type="nursery" free="107462472" total="268435456" percent="40">
      <mem type="allocate" free="107462472" total="184418304" percent="58" />
      <mem type="survivor" free="0" total="84017152" percent="0" />
    </mem>
    <mem type="tenure" free="157764776" total="805306368" percent="19" macro-fragmented="0">
      <mem type="soa" free="149711016" total="797252608" percent="18" />
      <mem type="loa" free="8053760" total="8053760" percent="100" />
    </mem>
    <pending-finalizers system="12" default="0" reference="0" classloader="0" />
    <remembered-set count="118" />
  </mem-info>
</gc-end>
<cycle-end id="3556" type="scavenge" contextid="3550" timestamp="2022-02-08T17:31:57.936" />
<allocation-satisfied id="3557" threadId="0000000000016F00" bytesRequested="8208" />
<af-end id="3558" timestamp="2022-02-08T17:31:57.936" threadId="0000000000017908" success="true" from="nursery"/>
<exclusive-end id="3559" timestamp="2022-02-08T17:31:57.936" durationms="74.610" />

<concurrent-kickoff id="3560" timestamp="2022-02-08T17:31:58.755">
  <kickoff reason="threshold reached" targetBytes="74439094" thresholdFreeBytes="5767312"  remainingFree="5645264" tenureFreeBytes="157764776" nurseryFreeBytes="5645264" />
</concurrent-kickoff>
<exclusive-start id="3561" timestamp="2022-02-08T17:31:58.757" intervalms="896.405">
  <response-info timems="0.019" idlems="0.019" threads="0" lastid="0000000000016F00" lastname="main" />
</exclusive-start>
<cycle-start id="3562" type="global" contextid="0" timestamp="2022-02-08T17:31:58.757" intervalms="2838.150" />
<concurrent-start id="3563" type="global mark" contextid="3562" timestamp="2022-02-08T17:31:58.757">
</concurrent-start>
<exclusive-end id="3564" timestamp="2022-02-08T17:31:58.757" durationms="0.029" />

<exclusive-start id="3565" timestamp="2022-02-08T17:31:58.821" intervalms="63.724">
  <response-info timems="0.019" idlems="0.019" threads="0" lastid="0000000000016F00" lastname="main" />
</exclusive-start>
<af-start id="3566" threadId="0000000000017908" totalBytesRequested="176" timestamp="2022-02-08T17:31:58.821" intervalms="960.125" type="nursery" />
<cycle-start id="3567" type="scavenge" contextid="0" timestamp="2022-02-08T17:31:58.821" intervalms="960.121" />
<gc-start id="3568" type="scavenge" contextid="3567" timestamp="2022-02-08T17:31:58.821">
  <mem-info id="3569" free="157764776" total="1073741824" percent="14">
    <mem type="nursery" free="0" total="268435456" percent="0">
      <mem type="allocate" free="0" total="184418304" percent="0" />
      <mem type="survivor" free="0" total="84017152" percent="0" />
    </mem>
    <mem type="tenure" free="157764776" total="805306368" percent="19">
      <mem type="soa" free="149711016" total="797252608" percent="18" />
      <mem type="loa" free="8053760" total="8053760" percent="100" />
    </mem>
    <remembered-set count="135" />
  </mem-info>
</gc-start>
<allocation-stats totalBytes="107415656" >
  <allocated-bytes non-tlh="2849656" tlh="104566000" />
  <largest-consumer threadName="main" threadId="0000000000016F00" bytes="107411560" />
</allocation-stats>
<gc-op id="3570" type="scavenge" timems="76.227" contextid="3567" timestamp="2022-02-08T17:31:58.897">
  <scavenger-info tenureage="1" tenuremask="7ffe" tiltratio="68" />
  <memory-copied type="nursery" objects="1431088" bytes="75534544" bytesdiscarded="106144" />
  <memory-copied type="tenure" objects="1358068" bytes="76678112" bytesdiscarded="40488" />
  <finalization candidates="98" enqueued="41" />
  <references type="soft" candidates="14" cleared="0" enqueued="0" dynamicThreshold="12" maxThreshold="32" />
  <references type="weak" candidates="1" cleared="0" enqueued="0" />
  <references type="phantom" candidates="82" cleared="7" enqueued="7" />
  <object-monitors candidates="2" cleared="0"  />
</gc-op>
<gc-end id="3571" type="scavenge" contextid="3567" durationms="76.687" usertimems="293.078" systemtimems="7.221" stalltimems="4.085" timestamp="2022-02-08T17:31:58.898" activeThreads="4">
  <mem-info id="3572" free="189902568" total="1073741824" percent="17">
    <mem type="nursery" free="108974096" total="268435456" percent="40">
      <mem type="allocate" free="108974096" total="184614912" percent="59" />
      <mem type="survivor" free="0" total="83820544" percent="0" />
    </mem>
    <mem type="tenure" free="80928472" total="805306368" percent="10" macro-fragmented="39939376">
      <mem type="soa" free="72874712" total="797252608" percent="9" />
      <mem type="loa" free="8053760" total="8053760" percent="100" />
    </mem>
    <pending-finalizers system="40" default="1" reference="7" classloader="0" />
    <remembered-set count="121" />
  </mem-info>
</gc-end>
<cycle-end id="3573" type="scavenge" contextid="3567" timestamp="2022-02-08T17:31:58.898" />
<allocation-satisfied id="3574" threadId="0000000000016F00" bytesRequested="176" />
<af-end id="3575" timestamp="2022-02-08T17:31:58.898" threadId="0000000000017908" success="true" from="nursery"/>
<exclusive-end id="3576" timestamp="2022-02-08T17:31:58.898" durationms="77.030" />

<concurrent-end id="3577" type="global mark" contextid="3562" timestamp="2022-02-08T17:31:59.101">
<gc-op id="3578" type="trace" timems="343.233" contextid="3562" timestamp="2022-02-08T17:31:59.101">
  <trace bytesTraced="74439452" workStackOverflowCount="0" />
  <card-cleaning reason="card cleaning threshold reached" bytesTraced="480" cardsCleaned="2" />
</gc-op>
</concurrent-end>

<exclusive-start id="3579" timestamp="2022-02-08T17:31:59.101" intervalms="279.577">
  <response-info timems="0.017" idlems="0.017" threads="0" lastid="0000000000016F00" lastname="main" />
</exclusive-start>
<concurrent-global-final id="3580" timestamp="2022-02-08T17:31:59.101" contextid="3562" intervalms="2816.337" >
  <concurrent-trace-info reason="card cleaning threshold reached" tracedByMutators="50248520" tracedByHelpers="24191412" cardsCleaned="2" workStackOverflowCount="0" />
</concurrent-global-final>
<gc-start id="3581" type="global" contextid="3562" timestamp="2022-02-08T17:31:59.101">
  <mem-info id="3582" free="174853688" total="1073741824" percent="16">
    <mem type="nursery" free="93925216" total="268435456" percent="34">
      <mem type="allocate" free="93925216" total="184614912" percent="50" />
      <mem type="survivor" free="0" total="83820544" percent="0" />
    </mem>
    <mem type="tenure" free="80928472" total="805306368" percent="10">
      <mem type="soa" free="72874712" total="797252608" percent="9" />
      <mem type="loa" free="8053760" total="8053760" percent="100" />
    </mem>
    <remembered-set count="123" />
  </mem-info>
</gc-start>
<allocation-stats totalBytes="15040000" >
  <allocated-bytes non-tlh="176" tlh="15039824" />
  <largest-consumer threadName="main" threadId="0000000000016F00" bytes="15031808" />
</allocation-stats>
<gc-op id="3583" type="rs-scan" timems="129.224" contextid="3562" timestamp="2022-02-08T17:31:59.230">
  <scan objectsFound="3324743" bytesTraced="71015736" workStackOverflowCount="0" />
</gc-op>
<gc-op id="3584" type="card-cleaning" timems="0.302" contextid="3562" timestamp="2022-02-08T17:31:59.230">
  <card-cleaning cardsCleaned="5" bytesTraced="2200" workStackOverflowCount="0" />
</gc-op>
<gc-op id="3585" type="mark" timems="44.011" contextid="3562" timestamp="2022-02-08T17:31:59.274">
  <trace-info objectcount="1338491" scancount="1005394" scanbytes="21516168" />
  <finalization candidates="428" enqueued="57" />
  <ownableSynchronizers candidates="1" cleared="0" />
  <references type="soft" candidates="894" cleared="0" enqueued="0" dynamicThreshold="12" maxThreshold="32" />
  <references type="weak" candidates="1701" cleared="0" enqueued="0" />
  <references type="phantom" candidates="52" cleared="2" enqueued="2" />
  <stringconstants candidates="6470" cleared="0"  />
  <object-monitors candidates="2" cleared="0"  />
</gc-op>
<gc-op id="3586" type="sweep" timems="4.742" contextid="3562" timestamp="2022-02-08T17:31:59.279" />
<gc-end id="3587" type="global" contextid="3562" durationms="178.660" usertimems="230.796" systemtimems="0.000" stalltimems="94.027" timestamp="2022-02-08T17:31:59.279" activeThreads="4">
  <mem-info id="3588" free="418431832" total="1073741824" percent="38">
    <mem type="nursery" free="94496368" total="268435456" percent="35">
      <mem type="allocate" free="94496368" total="184614912" percent="51" />
      <mem type="survivor" free="0" total="83820544" percent="0" />
    </mem>
    <mem type="tenure" free="323935464" total="805306368" percent="40" micro-fragmented="337708" macro-fragmented="0">
      <mem type="soa" free="315881704" total="797252608" percent="39" />
      <mem type="loa" free="8053760" total="8053760" percent="100" />
    </mem>
    <pending-finalizers system="57" default="0" reference="2" classloader="0" />
    <remembered-set count="108" />
  </mem-info>
</gc-end>
<cycle-end id="3589" type="global" contextid="3562" timestamp="2022-02-08T17:31:59.280" />
<exclusive-end id="3590" timestamp="2022-02-08T17:31:59.280" durationms="178.918" />

<exclusive-start id="3591" timestamp="2022-02-08T17:31:59.919" intervalms="818.334">
  <response-info timems="0.020" idlems="0.020" threads="0" lastid="0000000000016F00" lastname="main" />
</exclusive-start>
<af-start id="3592" threadId="0000000000017908" totalBytesRequested="112" timestamp="2022-02-08T17:31:59.919" intervalms="1097.899" type="nursery" />
<cycle-start id="3593" type="scavenge" contextid="0" timestamp="2022-02-08T17:31:59.919" intervalms="1097.899" />
<gc-start id="3594" type="scavenge" contextid="3593" timestamp="2022-02-08T17:31:59.919">
  <mem-info id="3595" free="323935464" total="1073741824" percent="30">
    <mem type="nursery" free="0" total="268435456" percent="0">
      <mem type="allocate" free="0" total="184614912" percent="0" />
      <mem type="survivor" free="0" total="83820544" percent="0" />
    </mem>
    <mem type="tenure" free="323935464" total="805306368" percent="40">
      <mem type="soa" free="315881704" total="797252608" percent="39" />
      <mem type="loa" free="8053760" total="8053760" percent="100" />
    </mem>
    <remembered-set count="109" />
  </mem-info>
</gc-start>
<allocation-stats totalBytes="94451712" >
  <allocated-bytes non-tlh="0" tlh="94451712" />
  <largest-consumer threadName="main" threadId="0000000000016F00" bytes="94447616" />
</allocation-stats>
<gc-op id="3596" type="scavenge" timems="82.206" contextid="3593" timestamp="2022-02-08T17:32:00.001">
  <scavenger-info tenureage="1" tenuremask="7ffe" tiltratio="68" />
  <memory-copied type="nursery" objects="1411514" bytes="77891312" bytesdiscarded="389424" />
  <memory-copied type="tenure" objects="1430539" bytes="75171152" bytesdiscarded="39184" />
  <finalization candidates="48" enqueued="0" />
  <ownableSynchronizers candidates="2" cleared="2" />
  <object-monitors candidates="2" cleared="0"  />
</gc-op>
<gc-end id="3597" type="scavenge" contextid="3593" durationms="82.924" usertimems="319.527" systemtimems="0.705" stalltimems="4.617" timestamp="2022-02-08T17:32:00.002" activeThreads="4">
  <mem-info id="3598" free="352608016" total="1073741824" percent="32">
    <mem type="nursery" free="104040416" total="268435456" percent="38">
      <mem type="allocate" free="104040416" total="182321152" percent="57" />
      <mem type="survivor" free="0" total="86114304" percent="0" />
    </mem>
    <mem type="tenure" free="248567600" total="805306368" percent="30" macro-fragmented="502401">
      <mem type="soa" free="240513840" total="797252608" percent="30" />
      <mem type="loa" free="8053760" total="8053760" percent="100" />
    </mem>
    <remembered-set count="104" />
  </mem-info>
</gc-end>
<cycle-end id="3599" type="scavenge" contextid="3593" timestamp="2022-02-08T17:32:00.002" />
<allocation-satisfied id="3600" threadId="0000000000016F00" bytesRequested="112" />
<af-end id="3601" timestamp="2022-02-08T17:32:00.002" threadId="0000000000017908" success="true" from="nursery"/>
<exclusive-end id="3602" timestamp="2022-02-08T17:32:00.002" durationms="83.410" />

<exclusive-start id="3603" timestamp="2022-02-08T17:32:00.614" intervalms="694.631">
  <response-info timems="0.017" idlems="0.017" threads="0" lastid="0000000000016F00" lastname="main" />
</exclusive-start>
<af-start id="3604" threadId="0000000000017908" totalBytesRequested="24" timestamp="2022-02-08T17:32:00.614" intervalms="694.631" type="nursery" />
<cycle-start id="3605" type="scavenge" contextid="0" timestamp="2022-02-08T17:32:00.614" intervalms="694.632" />
<gc-start id="3606" type="scavenge" contextid="3605" timestamp="2022-02-08T17:32:00.614">
  <mem-info id="3607" free="248567600" total="1073741824" percent="23">
    <mem type="nursery" free="0" total="268435456" percent="0">
      <mem type="allocate" free="0" total="182321152" percent="0" />
      <mem type="survivor" free="0" total="86114304" percent="0" />
    </mem>
    <mem type="tenure" free="248567600" total="805306368" percent="30">
      <mem type="soa" free="240513840" total="797252608" percent="30" />
      <mem type="loa" free="8053760" total="8053760" percent="100" />
    </mem>
    <remembered-set count="104" />
  </mem-info>
</gc-start>
<allocation-stats totalBytes="103993128" >
  <allocated-bytes non-tlh="112" tlh="103993016" />
  <largest-consumer threadName="main" threadId="0000000000016F00" bytes="103993128" />
</allocation-stats>
<gc-op id="3608" type="scavenge" timems="73.616" contextid="3605" timestamp="2022-02-08T17:32:00.687">
  <scavenger-info tenureage="1" tenuremask="7ffe" tiltratio="67" />
  <memory-copied type="nursery" objects="1299722" bytes="73940256" bytesdiscarded="154472" />
  <memory-copied type="tenure" objects="1411514" bytes="77891312" bytesdiscarded="45192" />
  <object-monitors candidates="2" cleared="0"  />
</gc-op>
<gc-end id="3609" type="scavenge" contextid="3605" durationms="73.859" usertimems="290.670" systemtimems="0.003" stalltimems="2.998" timestamp="2022-02-08T17:32:00.688" activeThreads="4">
  <mem-info id="3610" free="279248960" total="1073741824" percent="26">
    <mem type="nursery" free="108619640" total="268435456" percent="40">
      <mem type="allocate" free="108619640" total="182714368" percent="59" />
      <mem type="survivor" free="0" total="85721088" percent="0" />
    </mem>
    <mem type="tenure" free="170629320" total="805306368" percent="21" macro-fragmented="1250136">
      <mem type="soa" free="162575560" total="797252608" percent="20" />
      <mem type="loa" free="8053760" total="8053760" percent="100" />
    </mem>
    <remembered-set count="104" />
  </mem-info>
</gc-end>
<cycle-end id="3611" type="scavenge" contextid="3605" timestamp="2022-02-08T17:32:00.688" />
<allocation-satisfied id="3612" threadId="0000000000016F00" bytesRequested="24" />
<af-end id="3613" timestamp="2022-02-08T17:32:00.688" threadId="0000000000017908" success="true" from="nursery"/>
<exclusive-end id="3614" timestamp="2022-02-08T17:32:00.688" durationms="74.141" />

<exclusive-start id="3615" timestamp="2022-02-08T17:32:01.550" intervalms="936.627">
  <response-info timems="0.017" idlems="0.017" threads="0" lastid="0000000000016F00" lastname="main" />
</exclusive-start>
<af-start id="3616" threadId="0000000000017908" totalBytesRequested="128" timestamp="2022-02-08T17:32:01.550" intervalms="936.628" type="nursery" />
<cycle-start id="3617" type="scavenge" contextid="0" timestamp="2022-02-08T17:32:01.550" intervalms="936.627" />
<gc-start id="3618" type="scavenge" contextid="3617" timestamp="2022-02-08T17:32:01.550">
  <mem-info id="3619" free="170629320" total="1073741824" percent="15">
    <mem type="nursery" free="0" total="268435456" percent="0">
      <mem type="allocate" free="0" total="182714368" percent="0" />
      <mem type="survivor" free="0" total="85721088" percent="0" />
    </mem>
    <mem type="tenure" free="170629320" total="805306368" percent="21">
      <mem type="soa" free="162575560" total="797252608" percent="20" />
      <mem type="loa" free="8053760" total="8053760" percent="100" />
    </mem>
    <remembered-set count="135" />
  </mem-info>
</gc-start>
<allocation-stats totalBytes="108569488" >
  <allocated-bytes non-tlh="2841248" tlh="105728240" />
  <largest-consumer threadName="main" threadId="0000000000016F00" bytes="108569488" />
</allocation-stats>
<gc-op id="3620" type="scavenge" timems="76.586" contextid="3617" timestamp="2022-02-08T17:32:01.627">
  <scavenger-info tenureage="1" tenuremask="7ffe" tiltratio="68" />
  <memory-copied type="nursery" objects="1451531" bytes="76316192" bytesdiscarded="95488" />
  <memory-copied type="tenure" objects="1299722" bytes="73940256" bytesdiscarded="42208" />
  <finalization candidates="110" enqueued="53" />
  <references type="soft" candidates="14" cleared="0" enqueued="0" dynamicThreshold="12" maxThreshold="32" />
  <references type="weak" candidates="1" cleared="0" enqueued="0" />
  <references type="phantom" candidates="95" cleared="7" enqueued="7" />
  <object-monitors candidates="2" cleared="0"  />
</gc-op>
<gc-end id="3621" type="scavenge" contextid="3617" durationms="76.820" usertimems="303.269" systemtimems="0.080" stalltimems="2.263" timestamp="2022-02-08T17:32:01.627" activeThreads="4">
  <mem-info id="3622" free="202988208" total="1073741824" percent="18">
    <mem type="nursery" free="106433632" total="268435456" percent="39">
      <mem type="allocate" free="106433632" total="182845440" percent="58" />
      <mem type="survivor" free="0" total="85590016" percent="0" />
    </mem>
    <mem type="tenure" free="96554576" total="805306368" percent="11" macro-fragmented="69015248">
      <mem type="soa" free="88500816" total="797252608" percent="11" />
      <mem type="loa" free="8053760" total="8053760" percent="100" />
    </mem>
    <pending-finalizers system="52" default="1" reference="7" classloader="0" />
    <remembered-set count="129" />
  </mem-info>
</gc-end>
<cycle-end id="3623" type="scavenge" contextid="3617" timestamp="2022-02-08T17:32:01.627" />
<allocation-satisfied id="3624" threadId="0000000000016F00" bytesRequested="128" />
<af-end id="3625" timestamp="2022-02-08T17:32:01.627" threadId="0000000000017908" success="true" from="nursery"/>
<exclusive-end id="3626" timestamp="2022-02-08T17:32:01.627" durationms="77.121" />

<concurrent-kickoff id="3627" timestamp="2022-02-08T17:32:02.295">
  <kickoff reason="threshold reached" targetBytes="74439266" thresholdFreeBytes="5754418"  remainingFree="5663712" tenureFreeBytes="96554576" nurseryFreeBytes="5663712" />
</concurrent-kickoff>
<exclusive-start id="3628" timestamp="2022-02-08T17:32:02.298" intervalms="747.282">
  <response-info timems="0.018" idlems="0.018" threads="0" lastid="0000000000016F00" lastname="main" />
</exclusive-start>
<cycle-start id="3629" type="global" contextid="0" timestamp="2022-02-08T17:32:02.298" intervalms="3540.174" />
<concurrent-start id="3630" type="global mark" contextid="3629" timestamp="2022-02-08T17:32:02.298">
</concurrent-start>
<exclusive-end id="3631" timestamp="2022-02-08T17:32:02.298" durationms="0.027" />

<exclusive-start id="3632" timestamp="2022-02-08T17:32:02.432" intervalms="134.939">
  <response-info timems="0.036" idlems="0.036" threads="0" lastid="0000000000016F00" lastname="main" />
</exclusive-start>
<af-start id="3633" threadId="0000000000017908" totalBytesRequested="288" timestamp="2022-02-08T17:32:02.433" intervalms="882.231" type="nursery" />
<cycle-start id="3634" type="scavenge" contextid="0" timestamp="2022-02-08T17:32:02.433" intervalms="882.231" />
<gc-start id="3635" type="scavenge" contextid="3634" timestamp="2022-02-08T17:32:02.433">
  <mem-info id="3636" free="96554576" total="1073741824" percent="8">
    <mem type="nursery" free="0" total="268435456" percent="0">
      <mem type="allocate" free="0" total="182845440" percent="0" />
      <mem type="survivor" free="0" total="85590016" percent="0" />
    </mem>
    <mem type="tenure" free="96554576" total="805306368" percent="11">
      <mem type="soa" free="88500816" total="797252608" percent="11" />
      <mem type="loa" free="8053760" total="8053760" percent="100" />
    </mem>
    <remembered-set count="130" />
  </mem-info>
</gc-start>
<allocation-stats totalBytes="106385072" >
  <allocated-bytes non-tlh="128" tlh="106384944" />
  <largest-consumer threadName="main" threadId="0000000000016F00" bytes="106376880" />
</allocation-stats>
<gc-op id="3637" type="scavenge" timems="86.499" contextid="3634" timestamp="2022-02-08T17:32:02.519">
  <scavenger-info tenureage="1" tenuremask="7ffe" tiltratio="68" />
  <memory-copied type="nursery" objects="1378013" bytes="75815112" bytesdiscarded="335280" />
  <memory-copied type="tenure" objects="1450819" bytes="75848264" bytesdiscarded="38184" />
  <finalization candidates="57" enqueued="0" />
  <object-monitors candidates="2" cleared="0"  />
</gc-op>
<gc-end id="3638" type="scavenge" contextid="3634" durationms="86.655" usertimems="342.203" systemtimems="0.000" stalltimems="2.216" timestamp="2022-02-08T17:32:02.519" activeThreads="4">
  <mem-info id="3639" free="128071448" total="1073741824" percent="11">
    <mem type="nursery" free="107350408" total="268435456" percent="39">
      <mem type="allocate" free="107350408" total="183500800" percent="58" />
      <mem type="survivor" free="0" total="84934656" percent="0" />
    </mem>
    <mem type="tenure" free="20721040" total="805306368" percent="2" macro-fragmented="18886860">
      <mem type="soa" free="12667280" total="797252608" percent="1" />
      <mem type="loa" free="8053760" total="8053760" percent="100" />
    </mem>
    <remembered-set count="103" />
  </mem-info>
</gc-end>
<cycle-end id="3640" type="scavenge" contextid="3634" timestamp="2022-02-08T17:32:02.519" />
<allocation-satisfied id="3641" threadId="0000000000016F00" bytesRequested="288" />
<af-end id="3642" timestamp="2022-02-08T17:32:02.520" threadId="0000000000017908" success="true" from="nursery"/>
<exclusive-end id="3643" timestamp="2022-02-08T17:32:02.520" durationms="87.049" />

<concurrent-end id="3644" type="global mark" contextid="3629" timestamp="2022-02-08T17:32:02.635">
<gc-op id="3645" type="trace" timems="337.724" contextid="3629" timestamp="2022-02-08T17:32:02.635">
  <trace bytesTraced="74439628" workStackOverflowCount="0" />
  <card-cleaning reason="card cleaning threshold reached" bytesTraced="480" cardsCleaned="2" />
</gc-op>
</concurrent-end>

<exclusive-start id="3646" timestamp="2022-02-08T17:32:02.635" intervalms="202.853">
  <response-info timems="0.018" idlems="0.018" threads="0" lastid="0000000000016F00" lastname="main" />
</exclusive-start>
<concurrent-global-final id="3647" timestamp="2022-02-08T17:32:02.635" contextid="3629" intervalms="3534.665" >
  <concurrent-trace-info reason="card cleaning threshold reached" tracedByMutators="57056932" tracedByHelpers="17383176" cardsCleaned="2" workStackOverflowCount="0" />
</concurrent-global-final>
<gc-start id="3648" type="global" contextid="3629" timestamp="2022-02-08T17:32:02.635">
  <mem-info id="3649" free="120632824" total="1073741824" percent="11">
    <mem type="nursery" free="99911784" total="268435456" percent="37">
      <mem type="allocate" free="99911784" total="183500800" percent="54" />
      <mem type="survivor" free="0" total="84934656" percent="0" />
    </mem>
    <mem type="tenure" free="20721040" total="805306368" percent="2">
      <mem type="soa" free="12667280" total="797252608" percent="1" />
      <mem type="loa" free="8053760" total="8053760" percent="100" />
    </mem>
    <remembered-set count="103" />
  </mem-info>
</gc-start>
<allocation-stats totalBytes="7434840" >
  <allocated-bytes non-tlh="288" tlh="7434552" />
  <largest-consumer threadName="main" threadId="0000000000016F00" bytes="7434840" />
</allocation-stats>
<gc-op id="3650" type="rs-scan" timems="0.507" contextid="3629" timestamp="2022-02-08T17:32:02.636">
  <scan objectsFound="0" bytesTraced="3988" workStackOverflowCount="0" />
</gc-op>
<gc-op id="3651" type="card-cleaning" timems="145.930" contextid="3629" timestamp="2022-02-08T17:32:02.782">
  <card-cleaning cardsCleaned="11" bytesTraced="71014688" workStackOverflowCount="0" />
</gc-op>
<gc-op id="3652" type="mark" timems="64.173" contextid="3629" timestamp="2022-02-08T17:32:02.846">
  <trace-info objectcount="2368215" scancount="1777689" scanbytes="37991720" />
  <finalization candidates="428" enqueued="57" />
  <ownableSynchronizers candidates="1" cleared="0" />
  <references type="soft" candidates="894" cleared="0" enqueued="0" dynamicThreshold="12" maxThreshold="32" />
  <references type="weak" candidates="1701" cleared="0" enqueued="0" />
  <references type="phantom" candidates="52" cleared="2" enqueued="2" />
  <stringconstants candidates="6470" cleared="0"  />
  <object-monitors candidates="2" cleared="0"  />
</gc-op>
<gc-op id="3653" type="sweep" timems="5.182" contextid="3629" timestamp="2022-02-08T17:32:02.851" />
<gc-end id="3654" type="global" contextid="3629" durationms="215.996" usertimems="226.922" systemtimems="4.778" stalltimems="192.685" timestamp="2022-02-08T17:32:02.851" activeThreads="4">
  <mem-info id="3655" free="363997168" total="1073741824" percent="33">
    <mem type="nursery" free="100340128" total="268435456" percent="37">
      <mem type="allocate" free="100340128" total="183500800" percent="54" />
      <mem type="survivor" free="0" total="84934656" percent="0" />
    </mem>
    <mem type="tenure" free="263657040" total="805306368" percent="32" micro-fragmented="327244" macro-fragmented="0">
      <mem type="soa" free="255603280" total="797252608" percent="32" />
      <mem type="loa" free="8053760" total="8053760" percent="100" />
    </mem>
    <pending-finalizers system="57" default="0" reference="2" classloader="0" />
    <remembered-set count="103" />
  </mem-info>
</gc-end>
<cycle-end id="3656" type="global" contextid="3629" timestamp="2022-02-08T17:32:02.852" />
<exclusive-end id="3657" timestamp="2022-02-08T17:32:02.852" durationms="216.223" />

<exclusive-start id="3658" timestamp="2022-02-08T17:32:03.445" intervalms="809.614">
  <response-info timems="0.020" idlems="0.020" threads="0" lastid="0000000000016F00" lastname="main" />
</exclusive-start>
<af-start id="3659" threadId="0000000000017908" totalBytesRequested="208" timestamp="2022-02-08T17:32:03.445" intervalms="1012.474" type="nursery" />
<cycle-start id="3660" type="scavenge" contextid="0" timestamp="2022-02-08T17:32:03.445" intervalms="1012.476" />
<gc-start id="3661" type="scavenge" contextid="3660" timestamp="2022-02-08T17:32:03.445">
  <mem-info id="3662" free="263657040" total="1073741824" percent="24">
    <mem type="nursery" free="0" total="268435456" percent="0">
      <mem type="allocate" free="0" total="183500800" percent="0" />
      <mem type="survivor" free="0" total="84934656" percent="0" />
    </mem>
    <mem type="tenure" free="263657040" total="805306368" percent="32">
      <mem type="soa" free="255603280" total="797252608" percent="32" />
      <mem type="loa" free="8053760" total="8053760" percent="100" />
    </mem>
    <remembered-set count="106" />
  </mem-info>
</gc-start>
<allocation-stats totalBytes="100292888" >
  <allocated-bytes non-tlh="0" tlh="100292888" />
  <largest-consumer threadName="main" threadId="0000000000016F00" bytes="100288792" />
</allocation-stats>
<gc-op id="3663" type="scavenge" timems="84.611" contextid="3660" timestamp="2022-02-08T17:32:03.530">
  <scavenger-info tenureage="1" tenuremask="7ffe" tiltratio="68" />
  <memory-copied type="nursery" objects="1348183" bytes="76481312" bytesdiscarded="177960" />
  <memory-copied type="tenure" objects="1378012" bytes="75814960" bytesdiscarded="43856" />
  <ownableSynchronizers candidates="2" cleared="2" />
  <object-monitors candidates="2" cleared="0"  />
</gc-op>
<gc-end id="3664" type="scavenge" contextid="3660" durationms="84.807" usertimems="327.223" systemtimems="7.127" stalltimems="3.036" timestamp="2022-02-08T17:32:03.530" activeThreads="4">
  <mem-info id="3665" free="294590072" total="1073741824" percent="27">
    <mem type="nursery" free="107169208" total="268435456" percent="39">
      <mem type="allocate" free="107169208" total="183828480" percent="58" />
      <mem type="survivor" free="0" total="84606976" percent="0" />
    </mem>
    <mem type="tenure" free="187420864" total="805306368" percent="23" macro-fragmented="0">
      <mem type="soa" free="179367104" total="797252608" percent="22" />
      <mem type="loa" free="8053760" total="8053760" percent="100" />
    </mem>
    <remembered-set count="105" />
  </mem-info>
</gc-end>
<cycle-end id="3666" type="scavenge" contextid="3660" timestamp="2022-02-08T17:32:03.530" />
<allocation-satisfied id="3667" threadId="0000000000016F00" bytesRequested="208" />
<af-end id="3668" timestamp="2022-02-08T17:32:03.530" threadId="0000000000017908" success="true" from="nursery"/>
<exclusive-end id="3669" timestamp="2022-02-08T17:32:03.530" durationms="85.077" />

<exclusive-start id="3670" timestamp="2022-02-08T17:32:04.382" intervalms="937.429">
  <response-info timems="0.017" idlems="0.017" threads="0" lastid="0000000000016F00" lastname="main" />
</exclusive-start>
<af-start id="3671" threadId="0000000000017908" totalBytesRequested="224" timestamp="2022-02-08T17:32:04.382" intervalms="937.420" type="nursery" />
<cycle-start id="3672" type="scavenge" contextid="0" timestamp="2022-02-08T17:32:04.382" intervalms="937.419" />
<gc-start id="3673" type="scavenge" contextid="3672" timestamp="2022-02-08T17:32:04.383">
  <mem-info id="3674" free="187420864" total="1073741824" percent="17">
    <mem type="nursery" free="0" total="268435456" percent="0">
      <mem type="allocate" free="0" total="183828480" percent="0" />
      <mem type="survivor" free="0" total="84606976" percent="0" />
    </mem>
    <mem type="tenure" free="187420864" total="805306368" percent="23">
      <mem type="soa" free="179367104" total="797252608" percent="22" />
      <mem type="loa" free="8053760" total="8053760" percent="100" />
    </mem>
    <remembered-set count="135" />
  </mem-info>
</gc-start>
<allocation-stats totalBytes="107122080" >
  <allocated-bytes non-tlh="1661352" tlh="105460728" />
  <largest-consumer threadName="main" threadId="0000000000016F00" bytes="107122080" />
</allocation-stats>
<gc-op id="3675" type="scavenge" timems="76.572" contextid="3672" timestamp="2022-02-08T17:32:04.459">
  <scavenger-info tenureage="1" tenuremask="7ffe" tiltratio="68" />
  <memory-copied type="nursery" objects="1447063" bytes="75372984" bytesdiscarded="273280" />
  <memory-copied type="tenure" objects="1348182" bytes="76481200" bytesdiscarded="38832" />
  <finalization candidates="109" enqueued="53" />
  <references type="soft" candidates="14" cleared="0" enqueued="0" dynamicThreshold="10" maxThreshold="32" />
  <references type="weak" candidates="1" cleared="0" enqueued="0" />
  <references type="phantom" candidates="94" cleared="7" enqueued="7" />
  <object-monitors candidates="2" cleared="0"  />
</gc-op>
<gc-end id="3676" type="scavenge" contextid="3672" durationms="76.753" usertimems="301.874" systemtimems="0.000" stalltimems="2.664" timestamp="2022-02-08T17:32:04.459" activeThreads="4">
  <mem-info id="3677" free="219667072" total="1073741824" percent="20">
    <mem type="nursery" free="108575304" total="268435456" percent="40">
      <mem type="allocate" free="108575304" total="184221696" percent="58" />
      <mem type="survivor" free="0" total="84213760" percent="0" />
    </mem>
    <mem type="tenure" free="111091768" total="805306368" percent="13" macro-fragmented="0">
      <mem type="soa" free="103038008" total="797252608" percent="12" />
      <mem type="loa" free="8053760" total="8053760" percent="100" />
    </mem>
    <pending-finalizers system="52" default="1" reference="7" classloader="0" />
    <remembered-set count="131" />
  </mem-info>
</gc-end>
<cycle-end id="3678" type="scavenge" contextid="3672" timestamp="2022-02-08T17:32:04.459" />
<allocation-satisfied id="3679" threadId="0000000000016F00" bytesRequested="224" />
<af-end id="3680" timestamp="2022-02-08T17:32:04.459" threadId="0000000000017908" success="true" from="nursery"/>
<exclusive-end id="3681" timestamp="2022-02-08T17:32:04.459" durationms="77.011" />

<concurrent-kickoff id="3682" timestamp="2022-02-08T17:32:05.138">
  <kickoff reason="threshold reached" targetBytes="74439436" thresholdFreeBytes="5756782"  remainingFree="5683784" tenureFreeBytes="111091768" nurseryFreeBytes="5683784" />
</concurrent-kickoff>
<exclusive-start id="3683" timestamp="2022-02-08T17:32:05.142" intervalms="759.439">
  <response-info timems="0.019" idlems="0.019" threads="0" lastid="0000000000016F00" lastname="main" />
</exclusive-start>
<cycle-start id="3684" type="global" contextid="0" timestamp="2022-02-08T17:32:05.142" intervalms="2844.275" />
<concurrent-start id="3685" type="global mark" contextid="3684" timestamp="2022-02-08T17:32:05.142">
</concurrent-start>
<exclusive-end id="3686" timestamp="2022-02-08T17:32:05.142" durationms="0.028" />

<exclusive-start id="3687" timestamp="2022-02-08T17:32:05.259" intervalms="117.662">
  <response-info timems="0.017" idlems="0.017" threads="0" lastid="0000000000016F00" lastname="main" />
</exclusive-start>
<af-start id="3688" threadId="0000000000017908" totalBytesRequested="184" timestamp="2022-02-08T17:32:05.260" intervalms="877.112" type="nursery" />
<cycle-start id="3689" type="scavenge" contextid="0" timestamp="2022-02-08T17:32:05.260" intervalms="877.125" />
<gc-start id="3690" type="scavenge" contextid="3689" timestamp="2022-02-08T17:32:05.260">
  <mem-info id="3691" free="111091768" total="1073741824" percent="10">
    <mem type="nursery" free="0" total="268435456" percent="0">
      <mem type="allocate" free="0" total="184221696" percent="0" />
      <mem type="survivor" free="0" total="84213760" percent="0" />
    </mem>
    <mem type="tenure" free="111091768" total="805306368" percent="13">
      <mem type="soa" free="103038008" total="797252608" percent="12" />
      <mem type="loa" free="8053760" total="8053760" percent="100" />
    </mem>
    <remembered-set count="132" />
  </mem-info>
</gc-start>
<allocation-stats totalBytes="108524368" >
  <allocated-bytes non-tlh="1347904" tlh="107176464" />
  <largest-consumer threadName="main" threadId="0000000000016F00" bytes="108516176" />
</allocation-stats>
<gc-op id="3692" type="scavenge" timems="75.393" contextid="3689" timestamp="2022-02-08T17:32:05.335">
  <scavenger-info tenureage="1" tenuremask="7ffe" tiltratio="68" />
  <memory-copied type="nursery" objects="1379994" bytes="77697048" bytesdiscarded="193384" />
  <memory-copied type="tenure" objects="1446343" bytes="74429696" bytesdiscarded="38264" />
  <finalization candidates="57" enqueued="0" />
  <references type="phantom" candidates="1" cleared="0" enqueued="0" />
  <object-monitors candidates="2" cleared="0"  />
</gc-op>
<gc-end id="3693" type="scavenge" contextid="3689" durationms="75.616" usertimems="298.790" systemtimems="0.000" stalltimems="2.272" timestamp="2022-02-08T17:32:05.335" activeThreads="4">
  <mem-info id="3694" free="141198000" total="1073741824" percent="13">
    <mem type="nursery" free="104561792" total="268435456" percent="38">
      <mem type="allocate" free="104561792" total="182452224" percent="57" />
      <mem type="survivor" free="0" total="85983232" percent="0" />
    </mem>
    <mem type="tenure" free="36636208" total="805306368" percent="4" macro-fragmented="0">
      <mem type="soa" free="28582448" total="797252608" percent="3" />
      <mem type="loa" free="8053760" total="8053760" percent="100" />
    </mem>
    <remembered-set count="102" />
  </mem-info>
</gc-end>
<cycle-end id="3695" type="scavenge" contextid="3689" timestamp="2022-02-08T17:32:05.335" />
<allocation-satisfied id="3696" threadId="0000000000016F00" bytesRequested="184" />
<af-end id="3697" timestamp="2022-02-08T17:32:05.335" threadId="0000000000017908" success="true" from="nursery"/>
<exclusive-end id="3698" timestamp="2022-02-08T17:32:05.335" durationms="75.924" />

<concurrent-end id="3699" type="global mark" contextid="3684" timestamp="2022-02-08T17:32:05.463">
<gc-op id="3700" type="trace" timems="321.579" contextid="3684" timestamp="2022-02-08T17:32:05.463">
  <trace bytesTraced="74439836" workStackOverflowCount="0" />
  <card-cleaning reason="card cleaning threshold reached" bytesTraced="480" cardsCleaned="2" />
</gc-op>
</concurrent-end>

<exclusive-start id="3701" timestamp="2022-02-08T17:32:05.463" intervalms="203.985">
  <response-info timems="0.017" idlems="0.017" threads="0" lastid="0000000000016F00" lastname="main" />
</exclusive-start>
<concurrent-global-final id="3702" timestamp="2022-02-08T17:32:05.463" contextid="3684" intervalms="2828.128" >
  <concurrent-trace-info reason="card cleaning threshold reached" tracedByMutators="58331644" tracedByHelpers="16108672" cardsCleaned="2" workStackOverflowCount="0" />
</concurrent-global-final>
<gc-start id="3703" type="global" contextid="3684" timestamp="2022-02-08T17:32:05.464">
  <mem-info id="3704" free="133104120" total="1073741824" percent="12">
    <mem type="nursery" free="96467912" total="268435456" percent="35">
      <mem type="allocate" free="96467912" total="182452224" percent="52" />
      <mem type="survivor" free="0" total="85983232" percent="0" />
    </mem>
    <mem type="tenure" free="36636208" total="805306368" percent="4">
      <mem type="soa" free="28582448" total="797252608" percent="3" />
      <mem type="loa" free="8053760" total="8053760" percent="100" />
    </mem>
    <remembered-set count="102" />
  </mem-info>
</gc-start>
<allocation-stats totalBytes="8089400" >
  <allocated-bytes non-tlh="184" tlh="8089216" />
  <largest-consumer threadName="main" threadId="0000000000016F00" bytes="8089400" />
</allocation-stats>
<gc-op id="3705" type="rs-scan" timems="0.606" contextid="3684" timestamp="2022-02-08T17:32:05.464">
  <scan objectsFound="29" bytesTraced="5420" workStackOverflowCount="0" />
</gc-op>
<gc-op id="3706" type="card-cleaning" timems="146.945" contextid="3684" timestamp="2022-02-08T17:32:05.611">
  <card-cleaning cardsCleaned="8" bytesTraced="71012696" workStackOverflowCount="0" />
</gc-op>
<gc-op id="3707" type="mark" timems="65.663" contextid="3684" timestamp="2022-02-08T17:32:05.677">
  <trace-info objectcount="2117796" scancount="1589874" scanbytes="33985048" />
  <finalization candidates="428" enqueued="57" />
  <ownableSynchronizers candidates="1" cleared="0" />
  <references type="soft" candidates="894" cleared="0" enqueued="0" dynamicThreshold="10" maxThreshold="32" />
  <references type="weak" candidates="1701" cleared="0" enqueued="0" />
  <references type="phantom" candidates="52" cleared="2" enqueued="2" />
  <stringconstants candidates="6470" cleared="0"  />
  <object-monitors candidates="2" cleared="0"  />
</gc-op>
<gc-op id="3708" type="sweep" timems="4.999" contextid="3684" timestamp="2022-02-08T17:32:05.682" />
<gc-end id="3709" type="global" contextid="3684" durationms="218.491" usertimems="273.339" systemtimems="0.000" stalltimems="156.626" timestamp="2022-02-08T17:32:05.682" activeThreads="4">
  <mem-info id="3710" free="376311592" total="1073741824" percent="35">
    <mem type="nursery" free="96754776" total="268435456" percent="36">
      <mem type="allocate" free="96754776" total="182452224" percent="53" />
      <mem type="survivor" free="0" total="85983232" percent="0" />
    </mem>
    <mem type="tenure" free="279556816" total="805306368" percent="34" micro-fragmented="425538" macro-fragmented="0">
      <mem type="soa" free="271503056" total="797252608" percent="34" />
      <mem type="loa" free="8053760" total="8053760" percent="100" />
    </mem>
    <pending-finalizers system="57" default="0" reference="2" classloader="0" />
    <remembered-set count="102" />
  </mem-info>
</gc-end>
<cycle-end id="3711" type="global" contextid="3684" timestamp="2022-02-08T17:32:05.682" />
<exclusive-end id="3712" timestamp="2022-02-08T17:32:05.682" durationms="218.736" />

<exclusive-start id="3713" timestamp="2022-02-08T17:32:06.267" intervalms="803.293">
  <response-info timems="0.018" idlems="0.018" threads="0" lastid="0000000000016F00" lastname="main" />
</exclusive-start>
<af-start id="3714" threadId="0000000000017908" totalBytesRequested="200" timestamp="2022-02-08T17:32:06.267" intervalms="1007.284" type="nursery" />
<cycle-start id="3715" type="scavenge" contextid="0" timestamp="2022-02-08T17:32:06.267" intervalms="1007.287" />
<gc-start id="3716" type="scavenge" contextid="3715" timestamp="2022-02-08T17:32:06.267">
  <mem-info id="3717" free="279556816" total="1073741824" percent="26">
    <mem type="nursery" free="0" total="268435456" percent="0">
      <mem type="allocate" free="0" total="182452224" percent="0" />
      <mem type="survivor" free="0" total="85983232" percent="0" />
    </mem>
    <mem type="tenure" free="279556816" total="805306368" percent="34">
      <mem type="soa" free="271503056" total="797252608" percent="34" />
      <mem type="loa" free="8053760" total="8053760" percent="100" />
    </mem>
    <remembered-set count="105" />
  </mem-info>
</gc-start>
<allocation-stats totalBytes="96709376" >
  <allocated-bytes non-tlh="0" tlh="96709376" />
  <largest-consumer threadName="main" threadId="0000000000016F00" bytes="96705280" />
</allocation-stats>
<gc-op id="3718" type="scavenge" timems="73.420" contextid="3715" timestamp="2022-02-08T17:32:06.340">
  <scavenger-info tenureage="1" tenuremask="7ffe" tiltratio="67" />
  <memory-copied type="nursery" objects="1316047" bytes="74425912" bytesdiscarded="135592" />
  <memory-copied type="tenure" objects="1379993" bytes="77696944" bytesdiscarded="43560" />
  <finalization candidates="1" enqueued="0" />
  <ownableSynchronizers candidates="2" cleared="2" />
  <object-monitors candidates="2" cleared="0"  />
</gc-op>
<gc-end id="3719" type="scavenge" contextid="3715" durationms="73.634" usertimems="290.732" systemtimems="0.015" stalltimems="2.129" timestamp="2022-02-08T17:32:06.341" activeThreads="4">
  <mem-info id="3720" free="309776384" total="1073741824" percent="28">
    <mem type="nursery" free="108283936" total="268435456" percent="40">
      <mem type="allocate" free="108283936" total="182845440" percent="59" />
      <mem type="survivor" free="0" total="85590016" percent="0" />
    </mem>
    <mem type="tenure" free="201492448" total="805306368" percent="25" macro-fragmented="0">
      <mem type="soa" free="193438688" total="797252608" percent="24" />
      <mem type="loa" free="8053760" total="8053760" percent="100" />
    </mem>
    <remembered-set count="105" />
  </mem-info>
</gc-end>
<cycle-end id="3721" type="scavenge" contextid="3715" timestamp="2022-02-08T17:32:06.341" />
<allocation-satisfied id="3722" threadId="0000000000016F00" bytesRequested="200" />
<af-end id="3723" timestamp="2022-02-08T17:32:06.341" threadId="0000000000017908" success="true" from="nursery"/>
<exclusive-end id="3724" timestamp="2022-02-08T17:32:06.341" durationms="73.920" />

<exclusive-start id="3725" timestamp="2022-02-08T17:32:07.196" intervalms="929.353">
  <response-info timems="0.018" idlems="0.018" threads="0" lastid="0000000000016F00" lastname="main" />
</exclusive-start>
<af-start id="3726" threadId="0000000000017908" totalBytesRequested="24" timestamp="2022-02-08T17:32:07.196" intervalms="929.330" type="nursery" />
<cycle-start id="3727" type="scavenge" contextid="0" timestamp="2022-02-08T17:32:07.196" intervalms="929.315" />
<gc-start id="3728" type="scavenge" contextid="3727" timestamp="2022-02-08T17:32:07.196">
  <mem-info id="3729" free="201492448" total="1073741824" percent="18">
    <mem type="nursery" free="0" total="268435456" percent="0">
      <mem type="allocate" free="0" total="182845440" percent="0" />
      <mem type="survivor" free="0" total="85590016" percent="0" />
    </mem>
    <mem type="tenure" free="201492448" total="805306368" percent="25">
      <mem type="soa" free="193438688" total="797252608" percent="24" />
      <mem type="loa" free="8053760" total="8053760" percent="100" />
    </mem>
    <remembered-set count="136" />
  </mem-info>
</gc-start>
<allocation-stats totalBytes="108238528" >
  <allocated-bytes non-tlh="1590768" tlh="106647760" />
  <largest-consumer threadName="main" threadId="0000000000016F00" bytes="108238528" />
</allocation-stats>
<gc-op id="3730" type="scavenge" timems="81.986" contextid="3727" timestamp="2022-02-08T17:32:07.278">
  <scavenger-info tenureage="1" tenuremask="7ffe" tiltratio="68" />
  <memory-copied type="nursery" objects="1488248" bytes="76220128" bytesdiscarded="84408" />
  <memory-copied type="tenure" objects="1316046" bytes="74425800" bytesdiscarded="48344" />
  <finalization candidates="109" enqueued="53" />
  <references type="soft" candidates="14" cleared="0" enqueued="0" dynamicThreshold="11" maxThreshold="32" />
  <references type="weak" candidates="1" cleared="0" enqueued="0" />
  <references type="phantom" candidates="94" cleared="7" enqueued="7" />
  <object-monitors candidates="2" cleared="0"  />
</gc-op>
<gc-end id="3731" type="scavenge" contextid="3727" durationms="82.166" usertimems="313.618" systemtimems="3.850" stalltimems="4.897" timestamp="2022-02-08T17:32:07.278" activeThreads="4">
  <mem-info id="3732" free="233957568" total="1073741824" percent="21">
    <mem type="nursery" free="106802920" total="268435456" percent="39">
      <mem type="allocate" free="106802920" total="183107584" percent="58" />
      <mem type="survivor" free="0" total="85327872" percent="0" />
    </mem>
    <mem type="tenure" free="127154648" total="805306368" percent="15" macro-fragmented="0">
      <mem type="soa" free="119100888" total="797252608" percent="14" />
      <mem type="loa" free="8053760" total="8053760" percent="100" />
    </mem>
    <pending-finalizers system="52" default="1" reference="7" classloader="0" />
    <remembered-set count="132" />
  </mem-info>
</gc-end>
<cycle-end id="3733" type="scavenge" contextid="3727" timestamp="2022-02-08T17:32:07.279" />
<allocation-satisfied id="3734" threadId="0000000000016F00" bytesRequested="24" />
<af-end id="3735" timestamp="2022-02-08T17:32:07.279" threadId="0000000000017908" success="true" from="nursery"/>
<exclusive-end id="3736" timestamp="2022-02-08T17:32:07.279" durationms="82.435" />

<concurrent-kickoff id="3737" timestamp="2022-02-08T17:32:07.936">
  <kickoff reason="threshold reached" targetBytes="74439612" thresholdFreeBytes="5752048"  remainingFree="5734000" tenureFreeBytes="127154648" nurseryFreeBytes="5734000" />
</concurrent-kickoff>
<exclusive-start id="3738" timestamp="2022-02-08T17:32:07.939" intervalms="742.661">
  <response-info timems="0.033" idlems="0.033" threads="0" lastid="0000000000016F00" lastname="main" />
</exclusive-start>
<cycle-start id="3739" type="global" contextid="0" timestamp="2022-02-08T17:32:07.939" intervalms="2796.953" />
<concurrent-start id="3740" type="global mark" contextid="3739" timestamp="2022-02-08T17:32:07.939">
</concurrent-start>
<exclusive-end id="3741" timestamp="2022-02-08T17:32:07.939" durationms="0.026" />

<exclusive-start id="3742" timestamp="2022-02-08T17:32:08.058" intervalms="119.546">
  <response-info timems="0.022" idlems="0.022" threads="0" lastid="0000000000016F00" lastname="main" />
</exclusive-start>
<af-start id="3743" threadId="0000000000017908" totalBytesRequested="200" timestamp="2022-02-08T17:32:08.058" intervalms="862.214" type="nursery" />
<cycle-start id="3744" type="scavenge" contextid="0" timestamp="2022-02-08T17:32:08.058" intervalms="862.212" />
<gc-start id="3745" type="scavenge" contextid="3744" timestamp="2022-02-08T17:32:08.058">
  <mem-info id="3746" free="127154648" total="1073741824" percent="11">
    <mem type="nursery" free="0" total="268435456" percent="0">
      <mem type="allocate" free="0" total="183107584" percent="0" />
      <mem type="survivor" free="0" total="85327872" percent="0" />
    </mem>
    <mem type="tenure" free="127154648" total="805306368" percent="15">
      <mem type="soa" free="119100888" total="797252608" percent="14" />
      <mem type="loa" free="8053760" total="8053760" percent="100" />
    </mem>
    <remembered-set count="133" />
  </mem-info>
</gc-start>
<allocation-stats totalBytes="106750840" >
  <allocated-bytes non-tlh="1347704" tlh="105403136" />
  <largest-consumer threadName="main" threadId="0000000000016F00" bytes="106742648" />
</allocation-stats>
<gc-op id="3747" type="scavenge" timems="79.040" contextid="3744" timestamp="2022-02-08T17:32:08.138">
  <scavenger-info tenureage="1" tenuremask="7ffe" tiltratio="68" />
  <memory-copied type="nursery" objects="1334489" bytes="76393288" bytesdiscarded="112504" />
  <memory-copied type="tenure" objects="1487529" bytes="75276960" bytesdiscarded="39544" />
  <finalization candidates="57" enqueued="0" />
  <references type="phantom" candidates="1" cleared="0" enqueued="0" />
  <object-monitors candidates="2" cleared="0"  />
</gc-op>
<gc-end id="3748" type="scavenge" contextid="3744" durationms="79.277" usertimems="308.479" systemtimems="4.296" stalltimems="2.786" timestamp="2022-02-08T17:32:08.138" activeThreads="4">
  <mem-info id="3749" free="159011392" total="1073741824" percent="14">
    <mem type="nursery" free="107126080" total="268435456" percent="39">
      <mem type="allocate" free="107126080" total="183631872" percent="58" />
      <mem type="survivor" free="0" total="84803584" percent="0" />
    </mem>
    <mem type="tenure" free="51885312" total="805306368" percent="6" macro-fragmented="33282812">
      <mem type="soa" free="43831552" total="797252608" percent="5" />
      <mem type="loa" free="8053760" total="8053760" percent="100" />
    </mem>
    <remembered-set count="101" />
  </mem-info>
</gc-end>
<cycle-end id="3750" type="scavenge" contextid="3744" timestamp="2022-02-08T17:32:08.138" />
<allocation-satisfied id="3751" threadId="0000000000016F00" bytesRequested="200" />
<af-end id="3752" timestamp="2022-02-08T17:32:08.138" threadId="0000000000017908" success="true" from="nursery"/>
<exclusive-end id="3753" timestamp="2022-02-08T17:32:08.138" durationms="79.657" />

<concurrent-end id="3754" type="global mark" contextid="3739" timestamp="2022-02-08T17:32:08.261">
<gc-op id="3755" type="trace" timems="322.315" contextid="3739" timestamp="2022-02-08T17:32:08.261">
  <trace bytesTraced="74439996" workStackOverflowCount="0" />
  <card-cleaning reason="card cleaning threshold reached" bytesTraced="480" cardsCleaned="2" />
</gc-op>
</concurrent-end>

<exclusive-start id="3756" timestamp="2022-02-08T17:32:08.261" intervalms="202.863">
  <response-info timems="0.017" idlems="0.017" threads="0" lastid="0000000000016F00" lastname="main" />
</exclusive-start>
<concurrent-global-final id="3757" timestamp="2022-02-08T17:32:08.261" contextid="3739" intervalms="2797.719" >
  <concurrent-trace-info reason="card cleaning threshold reached" tracedByMutators="59817436" tracedByHelpers="14623040" cardsCleaned="2" workStackOverflowCount="0" />
</concurrent-global-final>
<gc-start id="3758" type="global" contextid="3739" timestamp="2022-02-08T17:32:08.261">
  <mem-info id="3759" free="150917496" total="1073741824" percent="14">
    <mem type="nursery" free="99032184" total="268435456" percent="36">
      <mem type="allocate" free="99032184" total="183631872" percent="53" />
      <mem type="survivor" free="0" total="84803584" percent="0" />
    </mem>
    <mem type="tenure" free="51885312" total="805306368" percent="6">
      <mem type="soa" free="43831552" total="797252608" percent="5" />
      <mem type="loa" free="8053760" total="8053760" percent="100" />
    </mem>
    <remembered-set count="101" />
  </mem-info>
</gc-start>
<allocation-stats totalBytes="8090208" >
  <allocated-bytes non-tlh="200" tlh="8090008" />
  <largest-consumer threadName="main" threadId="0000000000016F00" bytes="8090208" />
</allocation-stats>
<gc-op id="3760" type="rs-scan" timems="0.788" contextid="3739" timestamp="2022-02-08T17:32:08.262">
  <scan objectsFound="29" bytesTraced="5420" workStackOverflowCount="0" />
</gc-op>
<gc-op id="3761" type="card-cleaning" timems="176.038" contextid="3739" timestamp="2022-02-08T17:32:08.438">
  <card-cleaning cardsCleaned="9" bytesTraced="71012856" workStackOverflowCount="0" />
</gc-op>
<gc-op id="3762" type="mark" timems="56.817" contextid="3739" timestamp="2022-02-08T17:32:08.495">
  <trace-info objectcount="1826647" scancount="1371513" scanbytes="29326632" />
  <finalization candidates="428" enqueued="57" />
  <ownableSynchronizers candidates="1" cleared="0" />
  <references type="soft" candidates="894" cleared="0" enqueued="0" dynamicThreshold="11" maxThreshold="32" />
  <references type="weak" candidates="1701" cleared="0" enqueued="0" />
  <references type="phantom" candidates="52" cleared="2" enqueued="2" />
  <stringconstants candidates="6470" cleared="0"  />
  <object-monitors candidates="2" cleared="0"  />
</gc-op>
<gc-op id="3763" type="sweep" timems="5.372" contextid="3739" timestamp="2022-02-08T17:32:08.500" />
<gc-end id="3764" type="global" contextid="3739" durationms="239.251" usertimems="254.405" systemtimems="0.000" stalltimems="170.490" timestamp="2022-02-08T17:32:08.501" activeThreads="4">
  <mem-info id="3765" free="393997696" total="1073741824" percent="36">
    <mem type="nursery" free="99235680" total="268435456" percent="36">
      <mem type="allocate" free="99235680" total="183631872" percent="54" />
      <mem type="survivor" free="0" total="84803584" percent="0" />
    </mem>
    <mem type="tenure" free="294762016" total="805306368" percent="36" micro-fragmented="315455" macro-fragmented="0">
      <mem type="soa" free="286708256" total="797252608" percent="35" />
      <mem type="loa" free="8053760" total="8053760" percent="100" />
    </mem>
    <pending-finalizers system="57" default="0" reference="2" classloader="0" />
    <remembered-set count="101" />
  </mem-info>
</gc-end>
<cycle-end id="3766" type="global" contextid="3739" timestamp="2022-02-08T17:32:08.501" />
<exclusive-end id="3767" timestamp="2022-02-08T17:32:08.501" durationms="239.460" />

<exclusive-start id="3768" timestamp="2022-02-08T17:32:09.117" intervalms="855.742">
  <response-info timems="0.017" idlems="0.017" threads="0" lastid="0000000000016F00" lastname="main" />
</exclusive-start>
<af-start id="3769" threadId="0000000000017908" totalBytesRequested="112" timestamp="2022-02-08T17:32:09.117" intervalms="1058.611" type="nursery" />
<cycle-start id="3770" type="scavenge" contextid="0" timestamp="2022-02-08T17:32:09.117" intervalms="1058.612" />
<gc-start id="3771" type="scavenge" contextid="3770" timestamp="2022-02-08T17:32:09.117">
  <mem-info id="3772" free="294762016" total="1073741824" percent="27">
    <mem type="nursery" free="0" total="268435456" percent="0">
      <mem type="allocate" free="0" total="183631872" percent="0" />
      <mem type="survivor" free="0" total="84803584" percent="0" />
    </mem>
    <mem type="tenure" free="294762016" total="805306368" percent="36">
      <mem type="soa" free="286708256" total="797252608" percent="35" />
      <mem type="loa" free="8053760" total="8053760" percent="100" />
    </mem>
    <remembered-set count="104" />
  </mem-info>
</gc-start>
<allocation-stats totalBytes="99192368" >
  <allocated-bytes non-tlh="0" tlh="99192368" />
  <largest-consumer threadName="main" threadId="0000000000016F00" bytes="99188272" />
</allocation-stats>
<gc-op id="3773" type="scavenge" timems="77.913" contextid="3770" timestamp="2022-02-08T17:32:09.195">
  <scavenger-info tenureage="1" tenuremask="7ffe" tiltratio="68" />
  <memory-copied type="nursery" objects="1356898" bytes="76219416" bytesdiscarded="351912" />
  <memory-copied type="tenure" objects="1334488" bytes="76393176" bytesdiscarded="48992" />
  <finalization candidates="1" enqueued="0" />
  <ownableSynchronizers candidates="2" cleared="2" />
  <object-monitors candidates="2" cleared="0"  />
</gc-op>
<gc-end id="3774" type="scavenge" contextid="3770" durationms="78.136" usertimems="307.892" systemtimems="0.000" stalltimems="2.662" timestamp="2022-02-08T17:32:09.195" activeThreads="4">
  <mem-info id="3775" free="325625840" total="1073741824" percent="30">
    <mem type="nursery" free="107519296" total="268435456" percent="40">
      <mem type="allocate" free="107519296" total="184090624" percent="58" />
      <mem type="survivor" free="0" total="84344832" percent="0" />
    </mem>
    <mem type="tenure" free="218106544" total="805306368" percent="27" macro-fragmented="0">
      <mem type="soa" free="210052784" total="797252608" percent="26" />
      <mem type="loa" free="8053760" total="8053760" percent="100" />
    </mem>
    <remembered-set count="105" />
  </mem-info>
</gc-end>
<cycle-end id="3776" type="scavenge" contextid="3770" timestamp="2022-02-08T17:32:09.195" />
<allocation-satisfied id="3777" threadId="0000000000016F00" bytesRequested="112" />
<af-end id="3778" timestamp="2022-02-08T17:32:09.195" threadId="0000000000017908" success="true" from="nursery"/>
<exclusive-end id="3779" timestamp="2022-02-08T17:32:09.195" durationms="78.435" />

<exclusive-start id="3780" timestamp="2022-02-08T17:32:10.016" intervalms="899.252">
  <response-info timems="0.017" idlems="0.017" threads="0" lastid="0000000000016F00" lastname="main" />
</exclusive-start>
<af-start id="3781" threadId="0000000000017908" totalBytesRequested="48" timestamp="2022-02-08T17:32:10.016" intervalms="899.232" type="nursery" />
<cycle-start id="3782" type="scavenge" contextid="0" timestamp="2022-02-08T17:32:10.016" intervalms="899.231" />
<gc-start id="3783" type="scavenge" contextid="3782" timestamp="2022-02-08T17:32:10.016">
  <mem-info id="3784" free="218106544" total="1073741824" percent="20">
    <mem type="nursery" free="0" total="268435456" percent="0">
      <mem type="allocate" free="0" total="184090624" percent="0" />
      <mem type="survivor" free="0" total="84344832" percent="0" />
    </mem>
    <mem type="tenure" free="218106544" total="805306368" percent="27">
      <mem type="soa" free="210052784" total="797252608" percent="26" />
      <mem type="loa" free="8053760" total="8053760" percent="100" />
    </mem>
    <remembered-set count="136" />
  </mem-info>
</gc-start>
<allocation-stats totalBytes="107474304" >
  <allocated-bytes non-tlh="849040" tlh="106625264" />
  <largest-consumer threadName="main" threadId="0000000000016F00" bytes="107474304" />
</allocation-stats>
<gc-op id="3785" type="scavenge" timems="85.319" contextid="3782" timestamp="2022-02-08T17:32:10.102">
  <scavenger-info tenureage="1" tenuremask="7ffe" tiltratio="68" />
  <memory-copied type="nursery" objects="1473168" bytes="75682848" bytesdiscarded="37520" />
  <memory-copied type="tenure" objects="1356898" bytes="76219416" bytesdiscarded="39880" />
  <finalization candidates="106" enqueued="53" />
  <references type="soft" candidates="14" cleared="0" enqueued="0" dynamicThreshold="11" maxThreshold="32" />
  <references type="weak" candidates="1" cleared="0" enqueued="0" />
  <references type="phantom" candidates="91" cleared="7" enqueued="7" />
  <object-monitors candidates="2" cleared="0"  />
</gc-op>
<gc-end id="3786" type="scavenge" contextid="3782" durationms="85.567" usertimems="306.123" systemtimems="6.141" stalltimems="3.602" timestamp="2022-02-08T17:32:10.102" activeThreads="4">
  <mem-info id="3787" free="250589288" total="1073741824" percent="23">
    <mem type="nursery" free="108763344" total="268435456" percent="40">
      <mem type="allocate" free="108763344" total="184483840" percent="58" />
      <mem type="survivor" free="0" total="83951616" percent="0" />
    </mem>
    <mem type="tenure" free="141825944" total="805306368" percent="17" macro-fragmented="0">
      <mem type="soa" free="133772184" total="797252608" percent="16" />
      <mem type="loa" free="8053760" total="8053760" percent="100" />
    </mem>
    <pending-finalizers system="52" default="1" reference="7" classloader="0" />
    <remembered-set count="132" />
  </mem-info>
</gc-end>
<cycle-end id="3788" type="scavenge" contextid="3782" timestamp="2022-02-08T17:32:10.102" />
<allocation-satisfied id="3789" threadId="0000000000016F00" bytesRequested="48" />
<af-end id="3790" timestamp="2022-02-08T17:32:10.102" threadId="0000000000017908" success="true" from="nursery"/>
<exclusive-end id="3791" timestamp="2022-02-08T17:32:10.102" durationms="85.853" />

<concurrent-kickoff id="3792" timestamp="2022-02-08T17:32:10.754">
  <kickoff reason="threshold reached" targetBytes="74439786" thresholdFreeBytes="5751737"  remainingFree="5740752" tenureFreeBytes="141825944" nurseryFreeBytes="5740752" />
</concurrent-kickoff>
<exclusive-start id="3793" timestamp="2022-02-08T17:32:10.762" intervalms="746.076">
  <response-info timems="0.016" idlems="0.016" threads="0" lastid="0000000000016F00" lastname="main" />
</exclusive-start>
<cycle-start id="3794" type="global" contextid="0" timestamp="2022-02-08T17:32:10.762" intervalms="2823.481" />
<concurrent-start id="3795" type="global mark" contextid="3794" timestamp="2022-02-08T17:32:10.762">
</concurrent-start>
<exclusive-end id="3796" timestamp="2022-02-08T17:32:10.762" durationms="0.029" />

<exclusive-start id="3797" timestamp="2022-02-08T17:32:10.857" intervalms="94.697">
  <response-info timems="0.037" idlems="0.037" threads="0" lastid="0000000000016F00" lastname="main" />
</exclusive-start>
<af-start id="3798" threadId="0000000000017908" totalBytesRequested="24" timestamp="2022-02-08T17:32:10.857" intervalms="840.787" type="nursery" />
<cycle-start id="3799" type="scavenge" contextid="0" timestamp="2022-02-08T17:32:10.857" intervalms="840.787" />
<gc-start id="3800" type="scavenge" contextid="3799" timestamp="2022-02-08T17:32:10.857">
  <mem-info id="3801" free="141825944" total="1073741824" percent="13">
    <mem type="nursery" free="0" total="268435456" percent="0">
      <mem type="allocate" free="0" total="184483840" percent="0" />
      <mem type="survivor" free="0" total="83951616" percent="0" />
    </mem>
    <mem type="tenure" free="141825944" total="805306368" percent="17">
      <mem type="soa" free="133772184" total="797252608" percent="16" />
      <mem type="loa" free="8053760" total="8053760" percent="100" />
    </mem>
    <remembered-set count="133" />
  </mem-info>
</gc-start>
<allocation-stats totalBytes="108709992" >
  <allocated-bytes non-tlh="2063144" tlh="106646848" />
  <largest-consumer threadName="main" threadId="0000000000016F00" bytes="108701800" />
</allocation-stats>
<gc-op id="3802" type="scavenge" timems="76.609" contextid="3799" timestamp="2022-02-08T17:32:10.934">
  <scavenger-info tenureage="1" tenuremask="7ffe" tiltratio="68" />
  <memory-copied type="nursery" objects="1364806" bytes="77333696" bytesdiscarded="393888" />
  <memory-copied type="tenure" objects="1472448" bytes="75186792" bytesdiscarded="38600" />
  <finalization candidates="57" enqueued="0" />
  <references type="phantom" candidates="4" cleared="0" enqueued="0" />
  <object-monitors candidates="2" cleared="0"  />
</gc-op>
<gc-end id="3803" type="scavenge" contextid="3799" durationms="76.779" usertimems="303.263" systemtimems="0.000" stalltimems="2.488" timestamp="2022-02-08T17:32:10.934" activeThreads="4">
  <mem-info id="3804" free="172285496" total="1073741824" percent="16">
    <mem type="nursery" free="105642144" total="268435456" percent="39">
      <mem type="allocate" free="105642144" total="183369728" percent="57" />
      <mem type="survivor" free="0" total="85065728" percent="0" />
    </mem>
    <mem type="tenure" free="66643352" total="805306368" percent="8" macro-fragmented="47927252">
      <mem type="soa" free="58589592" total="797252608" percent="7" />
      <mem type="loa" free="8053760" total="8053760" percent="100" />
    </mem>
    <remembered-set count="103" />
  </mem-info>
</gc-end>
<cycle-end id="3805" type="scavenge" contextid="3799" timestamp="2022-02-08T17:32:10.934" />
<allocation-satisfied id="3806" threadId="0000000000016F00" bytesRequested="24" />
<af-end id="3807" timestamp="2022-02-08T17:32:10.934" threadId="0000000000017908" success="true" from="nursery"/>
<exclusive-end id="3808" timestamp="2022-02-08T17:32:10.934" durationms="77.071" />

<concurrent-end id="3809" type="global mark" contextid="3794" timestamp="2022-02-08T17:32:11.144">
<gc-op id="3810" type="trace" timems="381.470" contextid="3794" timestamp="2022-02-08T17:32:11.144">
  <trace bytesTraced="74440252" workStackOverflowCount="0" />
  <card-cleaning reason="card cleaning threshold reached" bytesTraced="480" cardsCleaned="2" />
</gc-op>
</concurrent-end>

<exclusive-start id="3811" timestamp="2022-02-08T17:32:11.144" intervalms="286.842">
  <response-info timems="0.017" idlems="0.017" threads="0" lastid="0000000000016F00" lastname="main" />
</exclusive-start>
<concurrent-global-final id="3812" timestamp="2022-02-08T17:32:11.144" contextid="3794" intervalms="2882.608" >
  <concurrent-trace-info reason="card cleaning threshold reached" tracedByMutators="52489672" tracedByHelpers="21951060" cardsCleaned="2" workStackOverflowCount="0" />
</concurrent-global-final>
<gc-start id="3813" type="global" contextid="3794" timestamp="2022-02-08T17:32:11.144">
  <mem-info id="3814" free="157113888" total="1073741824" percent="14">
    <mem type="nursery" free="90470536" total="268435456" percent="33">
      <mem type="allocate" free="90470536" total="183369728" percent="49" />
      <mem type="survivor" free="0" total="85065728" percent="0" />
    </mem>
    <mem type="tenure" free="66643352" total="805306368" percent="8">
      <mem type="soa" free="58589592" total="797252608" percent="7" />
      <mem type="loa" free="8053760" total="8053760" percent="100" />
    </mem>
    <remembered-set count="103" />
  </mem-info>
</gc-start>
<allocation-stats totalBytes="15162888" >
  <allocated-bytes non-tlh="24" tlh="15162864" />
  <largest-consumer threadName="main" threadId="0000000000016F00" bytes="15162888" />
</allocation-stats>
<gc-op id="3815" type="rs-scan" timems="0.540" contextid="3794" timestamp="2022-02-08T17:32:11.144">
  <scan objectsFound="29" bytesTraced="5420" workStackOverflowCount="0" />
</gc-op>
<gc-op id="3816" type="card-cleaning" timems="145.816" contextid="3794" timestamp="2022-02-08T17:32:11.290">
  <card-cleaning cardsCleaned="9" bytesTraced="71012808" workStackOverflowCount="0" />
</gc-op>
<gc-op id="3817" type="mark" timems="45.363" contextid="3794" timestamp="2022-02-08T17:32:11.336">
  <trace-info objectcount="1671815" scancount="1255389" scanbytes="26849320" />
  <finalization candidates="428" enqueued="57" />
  <ownableSynchronizers candidates="1" cleared="0" />
  <references type="soft" candidates="894" cleared="0" enqueued="0" dynamicThreshold="11" maxThreshold="32" />
  <references type="weak" candidates="1701" cleared="0" enqueued="0" />
  <references type="phantom" candidates="52" cleared="2" enqueued="2" />
  <stringconstants candidates="6470" cleared="0"  />
  <object-monitors candidates="2" cleared="0"  />
</gc-op>
<gc-op id="3818" type="sweep" timems="5.124" contextid="3794" timestamp="2022-02-08T17:32:11.341" />
<gc-end id="3819" type="global" contextid="3794" durationms="197.072" usertimems="213.425" systemtimems="0.538" stalltimems="135.506" timestamp="2022-02-08T17:32:11.341" activeThreads="4">
  <mem-info id="3820" free="400530192" total="1073741824" percent="37">
    <mem type="nursery" free="90955368" total="268435456" percent="33">
      <mem type="allocate" free="90955368" total="183369728" percent="49" />
      <mem type="survivor" free="0" total="85065728" percent="0" />
    </mem>
    <mem type="tenure" free="309574824" total="805306368" percent="38" micro-fragmented="423371" macro-fragmented="0">
      <mem type="soa" free="301521064" total="797252608" percent="37" />
      <mem type="loa" free="8053760" total="8053760" percent="100" />
    </mem>
    <pending-finalizers system="57" default="0" reference="2" classloader="0" />
    <remembered-set count="103" />
  </mem-info>
</gc-end>
<cycle-end id="3821" type="global" contextid="3794" timestamp="2022-02-08T17:32:11.341" />
<exclusive-end id="3822" timestamp="2022-02-08T17:32:11.341" durationms="197.273" />

<exclusive-start id="3823" timestamp="2022-02-08T17:32:11.925" intervalms="780.793">
  <response-info timems="0.018" idlems="0.018" threads="0" lastid="0000000000016F00" lastname="main" />
</exclusive-start>
<af-start id="3824" threadId="0000000000017908" totalBytesRequested="16" timestamp="2022-02-08T17:32:11.925" intervalms="1067.628" type="nursery" />
<cycle-start id="3825" type="scavenge" contextid="0" timestamp="2022-02-08T17:32:11.925" intervalms="1067.628" />
<gc-start id="3826" type="scavenge" contextid="3825" timestamp="2022-02-08T17:32:11.925">
  <mem-info id="3827" free="309574824" total="1073741824" percent="28">
    <mem type="nursery" free="0" total="268435456" percent="0">
      <mem type="allocate" free="0" total="183369728" percent="0" />
      <mem type="survivor" free="0" total="85065728" percent="0" />
    </mem>
    <mem type="tenure" free="309574824" total="805306368" percent="38">
      <mem type="soa" free="301521064" total="797252608" percent="37" />
      <mem type="loa" free="8053760" total="8053760" percent="100" />
    </mem>
    <remembered-set count="106" />
  </mem-info>
</gc-start>
<allocation-stats totalBytes="90911768" >
  <allocated-bytes non-tlh="0" tlh="90911768" />
  <largest-consumer threadName="main" threadId="0000000000016F00" bytes="90907672" />
</allocation-stats>
<gc-op id="3828" type="scavenge" timems="93.258" contextid="3825" timestamp="2022-02-08T17:32:12.018">
  <scavenger-info tenureage="1" tenuremask="7ffe" tiltratio="68" />
  <memory-copied type="nursery" objects="1337492" bytes="75358432" bytesdiscarded="129448" />
  <memory-copied type="tenure" objects="1364806" bytes="77333696" bytesdiscarded="42272" />
  <finalization candidates="4" enqueued="0" />
  <ownableSynchronizers candidates="2" cleared="2" />
  <object-monitors candidates="2" cleared="0"  />
</gc-op>
<gc-end id="3829" type="scavenge" contextid="3825" durationms="93.458" usertimems="366.171" systemtimems="0.000" stalltimems="6.129" timestamp="2022-02-08T17:32:12.018" activeThreads="4">
  <mem-info id="3830" free="340160152" total="1073741824" percent="31">
    <mem type="nursery" free="108209528" total="268435456" percent="40">
      <mem type="allocate" free="108209528" total="183697408" percent="58" />
      <mem type="survivor" free="0" total="84738048" percent="0" />
    </mem>
    <mem type="tenure" free="231950624" total="805306368" percent="28" macro-fragmented="0">
      <mem type="soa" free="223896864" total="797252608" percent="28" />
      <mem type="loa" free="8053760" total="8053760" percent="100" />
    </mem>
    <remembered-set count="104" />
  </mem-info>
</gc-end>
<cycle-end id="3831" type="scavenge" contextid="3825" timestamp="2022-02-08T17:32:12.018" />
<allocation-satisfied id="3832" threadId="0000000000016F00" bytesRequested="16" />
<af-end id="3833" timestamp="2022-02-08T17:32:12.018" threadId="0000000000017908" success="true" from="nursery"/>
<exclusive-end id="3834" timestamp="2022-02-08T17:32:12.018" durationms="93.712" />

<exclusive-start id="3835" timestamp="2022-02-08T17:32:12.700" intervalms="775.297">
  <response-info timems="0.030" idlems="0.030" threads="0" lastid="0000000000016F00" lastname="main" />
</exclusive-start>
<af-start id="3836" threadId="0000000000017908" totalBytesRequested="240" timestamp="2022-02-08T17:32:12.700" intervalms="775.294" type="nursery" />
<cycle-start id="3837" type="scavenge" contextid="0" timestamp="2022-02-08T17:32:12.700" intervalms="775.293" />
<gc-start id="3838" type="scavenge" contextid="3837" timestamp="2022-02-08T17:32:12.700">
  <mem-info id="3839" free="231950624" total="1073741824" percent="21">
    <mem type="nursery" free="0" total="268435456" percent="0">
      <mem type="allocate" free="0" total="183697408" percent="0" />
      <mem type="survivor" free="0" total="84738048" percent="0" />
    </mem>
    <mem type="tenure" free="231950624" total="805306368" percent="28">
      <mem type="soa" free="223896864" total="797252608" percent="28" />
      <mem type="loa" free="8053760" total="8053760" percent="100" />
    </mem>
    <remembered-set count="118" />
  </mem-info>
</gc-start>
<allocation-stats totalBytes="108161944" >
  <allocated-bytes non-tlh="453720" tlh="107708224" />
  <largest-consumer threadName="main" threadId="0000000000016F00" bytes="108161944" />
</allocation-stats>
<gc-op id="3840" type="scavenge" timems="97.713" contextid="3837" timestamp="2022-02-08T17:32:12.798">
  <scavenger-info tenureage="1" tenuremask="7ffe" tiltratio="68" />
  <memory-copied type="nursery" objects="1363037" bytes="77022224" bytesdiscarded="170688" />
  <memory-copied type="tenure" objects="1337492" bytes="75358432" bytesdiscarded="46064" />
  <finalization candidates="30" enqueued="18" />
  <references type="phantom" candidates="30" cleared="0" enqueued="0" />
  <object-monitors candidates="2" cleared="0"  />
</gc-op>
<gc-end id="3841" type="scavenge" contextid="3837" durationms="97.947" usertimems="386.066" systemtimems="1.624" stalltimems="2.269" timestamp="2022-02-08T17:32:12.798" activeThreads="4">
  <mem-info id="3842" free="262915200" total="1073741824" percent="24">
    <mem type="nursery" free="106307888" total="268435456" percent="39">
      <mem type="allocate" free="106307888" total="183500800" percent="57" />
      <mem type="survivor" free="0" total="84934656" percent="0" />
    </mem>
    <mem type="tenure" free="156607312" total="805306368" percent="19" macro-fragmented="0">
      <mem type="soa" free="148553552" total="797252608" percent="18" />
      <mem type="loa" free="8053760" total="8053760" percent="100" />
    </mem>
    <pending-finalizers system="18" default="0" reference="0" classloader="0" />
    <remembered-set count="118" />
  </mem-info>
</gc-end>
<cycle-end id="3843" type="scavenge" contextid="3837" timestamp="2022-02-08T17:32:12.798" />
<allocation-satisfied id="3844" threadId="0000000000016F00" bytesRequested="240" />
<af-end id="3845" timestamp="2022-02-08T17:32:12.798" threadId="0000000000017908" success="true" from="nursery"/>
<exclusive-end id="3846" timestamp="2022-02-08T17:32:12.798" durationms="98.243" />

<concurrent-kickoff id="3847" timestamp="2022-02-08T17:32:13.595">
  <kickoff reason="threshold reached" targetBytes="74439973" thresholdFreeBytes="5742943"  remainingFree="5739344" tenureFreeBytes="156607312" nurseryFreeBytes="5739344" />
</concurrent-kickoff>
<exclusive-start id="3848" timestamp="2022-02-08T17:32:13.598" intervalms="897.960">
  <response-info timems="0.021" idlems="0.021" threads="0" lastid="0000000000016F00" lastname="main" />
</exclusive-start>
<cycle-start id="3849" type="global" contextid="0" timestamp="2022-02-08T17:32:13.598" intervalms="2835.611" />
<concurrent-start id="3850" type="global mark" contextid="3849" timestamp="2022-02-08T17:32:13.598">
</concurrent-start>
<exclusive-end id="3851" timestamp="2022-02-08T17:32:13.598" durationms="0.052" />

<exclusive-start id="3852" timestamp="2022-02-08T17:32:13.718" intervalms="120.466">
  <response-info timems="0.027" idlems="0.027" threads="0" lastid="0000000000016F00" lastname="main" />
</exclusive-start>
<af-start id="3853" threadId="0000000000017908" totalBytesRequested="104" timestamp="2022-02-08T17:32:13.718" intervalms="1018.440" type="nursery" />
<cycle-start id="3854" type="scavenge" contextid="0" timestamp="2022-02-08T17:32:13.718" intervalms="1018.444" />
<gc-start id="3855" type="scavenge" contextid="3854" timestamp="2022-02-08T17:32:13.718">
  <mem-info id="3856" free="156607312" total="1073741824" percent="14">
    <mem type="nursery" free="0" total="268435456" percent="0">
      <mem type="allocate" free="0" total="183500800" percent="0" />
      <mem type="survivor" free="0" total="84934656" percent="0" />
    </mem>
    <mem type="tenure" free="156607312" total="805306368" percent="19">
      <mem type="soa" free="148553552" total="797252608" percent="18" />
      <mem type="loa" free="8053760" total="8053760" percent="100" />
    </mem>
    <remembered-set count="135" />
  </mem-info>
</gc-start>
<allocation-stats totalBytes="106259808" >
  <allocated-bytes non-tlh="2555360" tlh="103704448" />
  <largest-consumer threadName="main" threadId="0000000000016F00" bytes="106255712" />
</allocation-stats>
<gc-op id="3857" type="scavenge" timems="93.278" contextid="3854" timestamp="2022-02-08T17:32:13.812">
  <scavenger-info tenureage="1" tenuremask="7ffe" tiltratio="68" />
  <memory-copied type="nursery" objects="1414490" bytes="75036376" bytesdiscarded="78680" />
  <memory-copied type="tenure" objects="1362737" bytes="76409352" bytesdiscarded="43696" />
  <finalization candidates="92" enqueued="35" />
  <references type="soft" candidates="14" cleared="0" enqueued="0" dynamicThreshold="12" maxThreshold="32" />
  <references type="weak" candidates="1" cleared="0" enqueued="0" />
  <references type="phantom" candidates="77" cleared="7" enqueued="7" />
  <object-monitors candidates="2" cleared="0"  />
</gc-op>
<gc-end id="3858" type="scavenge" contextid="3854" durationms="93.495" usertimems="366.290" systemtimems="0.000" stalltimems="7.219" timestamp="2022-02-08T17:32:13.812" activeThreads="4">
  <mem-info id="3859" free="188745592" total="1073741824" percent="17">
    <mem type="nursery" free="108713296" total="268435456" percent="40">
      <mem type="allocate" free="108713296" total="183828480" percent="59" />
      <mem type="survivor" free="0" total="84606976" percent="0" />
    </mem>
    <mem type="tenure" free="80032296" total="805306368" percent="9" macro-fragmented="39939376">
      <mem type="soa" free="71978536" total="797252608" percent="9" />
      <mem type="loa" free="8053760" total="8053760" percent="100" />
    </mem>
    <pending-finalizers system="34" default="1" reference="7" classloader="0" />
    <remembered-set count="121" />
  </mem-info>
</gc-end>
<cycle-end id="3860" type="scavenge" contextid="3854" timestamp="2022-02-08T17:32:13.812" />
<allocation-satisfied id="3861" threadId="0000000000016F00" bytesRequested="104" />
<af-end id="3862" timestamp="2022-02-08T17:32:13.812" threadId="0000000000017908" success="true" from="nursery"/>
<exclusive-end id="3863" timestamp="2022-02-08T17:32:13.812" durationms="93.870" />

<concurrent-end id="3864" type="global mark" contextid="3849" timestamp="2022-02-08T17:32:13.927">
<gc-op id="3865" type="trace" timems="329.578" contextid="3849" timestamp="2022-02-08T17:32:13.927">
  <trace bytesTraced="74440556" workStackOverflowCount="0" />
  <card-cleaning reason="card cleaning threshold reached" bytesTraced="480" cardsCleaned="2" />
</gc-op>
</concurrent-end>

<exclusive-start id="3866" timestamp="2022-02-08T17:32:13.928" intervalms="209.205">
  <response-info timems="0.018" idlems="0.018" threads="0" lastid="0000000000016F00" lastname="main" />
</exclusive-start>
<concurrent-global-final id="3867" timestamp="2022-02-08T17:32:13.928" contextid="3849" intervalms="2783.722" >
  <concurrent-trace-info reason="card cleaning threshold reached" tracedByMutators="57102216" tracedByHelpers="17338820" cardsCleaned="2" workStackOverflowCount="0" />
</concurrent-global-final>
<gc-start id="3868" type="global" contextid="3849" timestamp="2022-02-08T17:32:13.928">
  <mem-info id="3869" free="180774672" total="1073741824" percent="16">
    <mem type="nursery" free="100742376" total="268435456" percent="37">
      <mem type="allocate" free="100742376" total="183828480" percent="54" />
      <mem type="survivor" free="0" total="84606976" percent="0" />
    </mem>
    <mem type="tenure" free="80032296" total="805306368" percent="9">
      <mem type="soa" free="71978536" total="797252608" percent="9" />
      <mem type="loa" free="8053760" total="8053760" percent="100" />
    </mem>
    <remembered-set count="122" />
  </mem-info>
</gc-start>
<allocation-stats totalBytes="7967416" >
  <allocated-bytes non-tlh="104" tlh="7967312" />
  <largest-consumer threadName="main" threadId="0000000000016F00" bytes="7959224" />
</allocation-stats>
<gc-op id="3870" type="rs-scan" timems="125.839" contextid="3849" timestamp="2022-02-08T17:32:14.053">
  <scan objectsFound="3324749" bytesTraced="71015972" workStackOverflowCount="0" />
</gc-op>
<gc-op id="3871" type="card-cleaning" timems="0.288" contextid="3849" timestamp="2022-02-08T17:32:14.054">
  <card-cleaning cardsCleaned="3" bytesTraced="1040" workStackOverflowCount="0" />
</gc-op>
<gc-op id="3872" type="mark" timems="37.828" contextid="3849" timestamp="2022-02-08T17:32:14.092">
  <trace-info objectcount="1267680" scancount="952286" scanbytes="20383176" />
  <finalization candidates="428" enqueued="57" />
  <ownableSynchronizers candidates="1" cleared="0" />
  <references type="soft" candidates="894" cleared="0" enqueued="0" dynamicThreshold="12" maxThreshold="32" />
  <references type="weak" candidates="1701" cleared="0" enqueued="0" />
  <references type="phantom" candidates="52" cleared="2" enqueued="2" />
  <stringconstants candidates="6470" cleared="0"  />
  <object-monitors candidates="2" cleared="0"  />
</gc-op>
<gc-op id="3873" type="sweep" timems="4.520" contextid="3849" timestamp="2022-02-08T17:32:14.096" />
<gc-end id="3874" type="global" contextid="3849" durationms="168.679" usertimems="183.145" systemtimems="0.231" stalltimems="113.075" timestamp="2022-02-08T17:32:14.096" activeThreads="4">
  <mem-info id="3875" free="424319744" total="1073741824" percent="39">
    <mem type="nursery" free="101238016" total="268435456" percent="37">
      <mem type="allocate" free="101238016" total="183828480" percent="55" />
      <mem type="survivor" free="0" total="84606976" percent="0" />
    </mem>
    <mem type="tenure" free="323081728" total="805306368" percent="40" micro-fragmented="346433" macro-fragmented="348889">
      <mem type="soa" free="315027968" total="797252608" percent="39" />
      <mem type="loa" free="8053760" total="8053760" percent="100" />
    </mem>
    <pending-finalizers system="57" default="0" reference="2" classloader="0" />
    <remembered-set count="109" />
  </mem-info>
</gc-end>
<cycle-end id="3876" type="global" contextid="3849" timestamp="2022-02-08T17:32:14.096" />
<exclusive-end id="3877" timestamp="2022-02-08T17:32:14.096" durationms="168.878" />

<exclusive-start id="3878" timestamp="2022-02-08T17:32:14.771" intervalms="843.869">
  <response-info timems="0.018" idlems="0.018" threads="0" lastid="0000000000016F00" lastname="main" />
</exclusive-start>
<af-start id="3879" threadId="0000000000017908" totalBytesRequested="104" timestamp="2022-02-08T17:32:14.771" intervalms="1053.059" type="nursery" />
<cycle-start id="3880" type="scavenge" contextid="0" timestamp="2022-02-08T17:32:14.771" intervalms="1053.067" />
<gc-start id="3881" type="scavenge" contextid="3880" timestamp="2022-02-08T17:32:14.772">
  <mem-info id="3882" free="323081728" total="1073741824" percent="30">
    <mem type="nursery" free="0" total="268435456" percent="0">
      <mem type="allocate" free="0" total="183828480" percent="0" />
      <mem type="survivor" free="0" total="84606976" percent="0" />
    </mem>
    <mem type="tenure" free="323081728" total="805306368" percent="40">
      <mem type="soa" free="315027968" total="797252608" percent="39" />
      <mem type="loa" free="8053760" total="8053760" percent="100" />
    </mem>
    <remembered-set count="110" />
  </mem-info>
</gc-start>
<allocation-stats totalBytes="101188704" >
  <allocated-bytes non-tlh="0" tlh="101188704" />
  <largest-consumer threadName="main" threadId="0000000000016F00" bytes="101179712" />
</allocation-stats>
<gc-op id="3883" type="scavenge" timems="82.974" contextid="3880" timestamp="2022-02-08T17:32:14.855">
  <scavenger-info tenureage="1" tenuremask="7ffe" tiltratio="68" />
  <memory-copied type="nursery" objects="1407234" bytes="77648824" bytesdiscarded="399176" />
  <memory-copied type="tenure" objects="1414009" bytes="74724632" bytesdiscarded="46944" />
  <finalization candidates="45" enqueued="0" />
  <ownableSynchronizers candidates="2" cleared="2" />
  <object-monitors candidates="2" cleared="0"  />
</gc-op>
<gc-end id="3884" type="scavenge" contextid="3880" durationms="83.191" usertimems="328.623" systemtimems="0.000" stalltimems="1.963" timestamp="2022-02-08T17:32:14.855" activeThreads="4">
  <mem-info id="3885" free="352241704" total="1073741824" percent="32">
    <mem type="nursery" free="104076544" total="268435456" percent="38">
      <mem type="allocate" free="104076544" total="182124544" percent="57" />
      <mem type="survivor" free="0" total="86310912" percent="0" />
    </mem>
    <mem type="tenure" free="248165160" total="805306368" percent="30" macro-fragmented="1800196">
      <mem type="soa" free="240111400" total="797252608" percent="30" />
      <mem type="loa" free="8053760" total="8053760" percent="100" />
    </mem>
    <remembered-set count="104" />
  </mem-info>
</gc-end>
<cycle-end id="3886" type="scavenge" contextid="3880" timestamp="2022-02-08T17:32:14.855" />
<allocation-satisfied id="3887" threadId="0000000000016F00" bytesRequested="104" />
<af-end id="3888" timestamp="2022-02-08T17:32:14.855" threadId="0000000000017908" success="true" from="nursery"/>
<exclusive-end id="3889" timestamp="2022-02-08T17:32:14.855" durationms="83.448" />

<exclusive-start id="3890" timestamp="2022-02-08T17:32:15.466" intervalms="694.944">
  <response-info timems="0.017" idlems="0.017" threads="0" lastid="0000000000016F00" lastname="main" />
</exclusive-start>
<af-start id="3891" threadId="0000000000017908" totalBytesRequested="64" timestamp="2022-02-08T17:32:15.466" intervalms="694.957" type="nursery" />
<cycle-start id="3892" type="scavenge" contextid="0" timestamp="2022-02-08T17:32:15.466" intervalms="694.948" />
<gc-start id="3893" type="scavenge" contextid="3892" timestamp="2022-02-08T17:32:15.466">
  <mem-info id="3894" free="248165160" total="1073741824" percent="23">
    <mem type="nursery" free="0" total="268435456" percent="0">
      <mem type="allocate" free="0" total="182124544" percent="0" />
      <mem type="survivor" free="0" total="86310912" percent="0" />
    </mem>
    <mem type="tenure" free="248165160" total="805306368" percent="30">
      <mem type="soa" free="240111400" total="797252608" percent="30" />
      <mem type="loa" free="8053760" total="8053760" percent="100" />
    </mem>
    <remembered-set count="104" />
  </mem-info>
</gc-start>
<allocation-stats totalBytes="104026360" >
  <allocated-bytes non-tlh="104" tlh="104026256" />
  <largest-consumer threadName="main" threadId="0000000000016F00" bytes="104026360" />
</allocation-stats>
<gc-op id="3895" type="scavenge" timems="73.899" contextid="3892" timestamp="2022-02-08T17:32:15.540">
  <scavenger-info tenureage="1" tenuremask="7ffe" tiltratio="67" />
  <memory-copied type="nursery" objects="1300233" bytes="73964376" bytesdiscarded="74016" />
  <memory-copied type="tenure" objects="1407234" bytes="77648824" bytesdiscarded="39584" />
  <object-monitors candidates="2" cleared="0"  />
</gc-op>
<gc-end id="3896" type="scavenge" contextid="3892" durationms="74.154" usertimems="290.048" systemtimems="0.530" stalltimems="4.358" timestamp="2022-02-08T17:32:15.541" activeThreads="4">
  <mem-info id="3897" free="278930720" total="1073741824" percent="25">
    <mem type="nursery" free="108610440" total="268435456" percent="40">
      <mem type="allocate" free="108610440" total="182648832" percent="59" />
      <mem type="survivor" free="0" total="85786624" percent="0" />
    </mem>
    <mem type="tenure" free="170320280" total="805306368" percent="21" macro-fragmented="39939376">
      <mem type="soa" free="162266520" total="797252608" percent="20" />
      <mem type="loa" free="8053760" total="8053760" percent="100" />
    </mem>
    <remembered-set count="104" />
  </mem-info>
</gc-end>
<cycle-end id="3898" type="scavenge" contextid="3892" timestamp="2022-02-08T17:32:15.541" />
<allocation-satisfied id="3899" threadId="0000000000016F00" bytesRequested="64" />
<af-end id="3900" timestamp="2022-02-08T17:32:15.541" threadId="0000000000017908" success="true" from="nursery"/>
<exclusive-end id="3901" timestamp="2022-02-08T17:32:15.541" durationms="74.455" />

<exclusive-start id="3902" timestamp="2022-02-08T17:32:16.409" intervalms="942.188">
  <response-info timems="0.019" idlems="0.019" threads="0" lastid="0000000000016F00" lastname="main" />
</exclusive-start>
<af-start id="3903" threadId="0000000000017908" totalBytesRequested="88" timestamp="2022-02-08T17:32:16.409" intervalms="942.177" type="nursery" />
<cycle-start id="3904" type="scavenge" contextid="0" timestamp="2022-02-08T17:32:16.409" intervalms="942.175" />
<gc-start id="3905" type="scavenge" contextid="3904" timestamp="2022-02-08T17:32:16.409">
  <mem-info id="3906" free="170320280" total="1073741824" percent="15">
    <mem type="nursery" free="0" total="268435456" percent="0">
      <mem type="allocate" free="0" total="182648832" percent="0" />
      <mem type="survivor" free="0" total="85786624" percent="0" />
    </mem>
    <mem type="tenure" free="170320280" total="805306368" percent="21">
      <mem type="soa" free="162266520" total="797252608" percent="20" />
      <mem type="loa" free="8053760" total="8053760" percent="100" />
    </mem>
    <remembered-set count="135" />
  </mem-info>
</gc-start>
<allocation-stats totalBytes="108563752" >
  <allocated-bytes non-tlh="2938312" tlh="105625440" />
  <largest-consumer threadName="main" threadId="0000000000016F00" bytes="108563752" />
</allocation-stats>
<gc-op id="3907" type="scavenge" timems="76.094" contextid="3904" timestamp="2022-02-08T17:32:16.485">
  <scavenger-info tenureage="1" tenuremask="7ffe" tiltratio="68" />
  <memory-copied type="nursery" objects="1452141" bytes="76314456" bytesdiscarded="71728" />
  <memory-copied type="tenure" objects="1300232" bytes="73964336" bytesdiscarded="41768" />
  <finalization candidates="110" enqueued="53" />
  <references type="soft" candidates="14" cleared="0" enqueued="0" dynamicThreshold="12" maxThreshold="32" />
  <references type="weak" candidates="1" cleared="0" enqueued="0" />
  <references type="phantom" candidates="95" cleared="7" enqueued="7" />
  <object-monitors candidates="2" cleared="0"  />
</gc-op>
<gc-end id="3908" type="scavenge" contextid="3904" durationms="76.293" usertimems="295.953" systemtimems="0.205" stalltimems="3.004" timestamp="2022-02-08T17:32:16.485" activeThreads="4">
  <mem-info id="3909" free="202807480" total="1073741824" percent="18">
    <mem type="nursery" free="106393592" total="268435456" percent="39">
      <mem type="allocate" free="106393592" total="182779904" percent="58" />
      <mem type="survivor" free="0" total="85655552" percent="0" />
    </mem>
    <mem type="tenure" free="96413888" total="805306368" percent="11" macro-fragmented="57512708">
      <mem type="soa" free="88360128" total="797252608" percent="11" />
      <mem type="loa" free="8053760" total="8053760" percent="100" />
    </mem>
    <pending-finalizers system="52" default="1" reference="7" classloader="0" />
    <remembered-set count="130" />
  </mem-info>
</gc-end>
<cycle-end id="3910" type="scavenge" contextid="3904" timestamp="2022-02-08T17:32:16.485" />
<allocation-satisfied id="3911" threadId="0000000000016F00" bytesRequested="88" />
<af-end id="3912" timestamp="2022-02-08T17:32:16.485" threadId="0000000000017908" success="true" from="nursery"/>
<exclusive-end id="3913" timestamp="2022-02-08T17:32:16.485" durationms="76.548" />

<concurrent-kickoff id="3914" timestamp="2022-02-08T17:32:17.149">
  <kickoff reason="threshold reached" targetBytes="74440190" thresholdFreeBytes="5744479"  remainingFree="5623712" tenureFreeBytes="96413888" nurseryFreeBytes="5623712" />
</concurrent-kickoff>
<exclusive-start id="3915" timestamp="2022-02-08T17:32:17.152" intervalms="743.197">
  <response-info timems="0.018" idlems="0.018" threads="0" lastid="0000000000016F00" lastname="main" />
</exclusive-start>
<cycle-start id="3916" type="global" contextid="0" timestamp="2022-02-08T17:32:17.152" intervalms="3553.848" />
<concurrent-start id="3917" type="global mark" contextid="3916" timestamp="2022-02-08T17:32:17.152">
</concurrent-start>
<exclusive-end id="3918" timestamp="2022-02-08T17:32:17.152" durationms="0.030" />

<exclusive-start id="3919" timestamp="2022-02-08T17:32:17.284" intervalms="132.145">
  <response-info timems="0.054" idlems="0.054" threads="0" lastid="0000000000016F00" lastname="main" />
</exclusive-start>
<af-start id="3920" threadId="0000000000017908" totalBytesRequested="200" timestamp="2022-02-08T17:32:17.284" intervalms="875.372" type="nursery" />
<cycle-start id="3921" type="scavenge" contextid="0" timestamp="2022-02-08T17:32:17.284" intervalms="875.386" />
<gc-start id="3922" type="scavenge" contextid="3921" timestamp="2022-02-08T17:32:17.284">
  <mem-info id="3923" free="96413888" total="1073741824" percent="8">
    <mem type="nursery" free="0" total="268435456" percent="0">
      <mem type="allocate" free="0" total="182779904" percent="0" />
      <mem type="survivor" free="0" total="85655552" percent="0" />
    </mem>
    <mem type="tenure" free="96413888" total="805306368" percent="11">
      <mem type="soa" free="88360128" total="797252608" percent="11" />
      <mem type="loa" free="8053760" total="8053760" percent="100" />
    </mem>
    <remembered-set count="131" />
  </mem-info>
</gc-start>
<allocation-stats totalBytes="106344032" >
  <allocated-bytes non-tlh="88" tlh="106343944" />
  <largest-consumer threadName="main" threadId="0000000000016F00" bytes="106335840" />
</allocation-stats>
<gc-op id="3924" type="scavenge" timems="81.859" contextid="3921" timestamp="2022-02-08T17:32:17.366">
  <scavenger-info tenureage="1" tenuremask="7ffe" tiltratio="68" />
  <memory-copied type="nursery" objects="1376837" bytes="75783688" bytesdiscarded="342008" />
  <memory-copied type="tenure" objects="1451429" bytes="75846544" bytesdiscarded="37728" />
  <finalization candidates="57" enqueued="0" />
  <object-monitors candidates="2" cleared="0"  />
</gc-op>
<gc-end id="3925" type="scavenge" contextid="3921" durationms="82.127" usertimems="322.467" systemtimems="0.000" stalltimems="4.586" timestamp="2022-02-08T17:32:17.366" activeThreads="4">
  <mem-info id="3926" free="127885696" total="1073741824" percent="11">
    <mem type="nursery" free="107309568" total="268435456" percent="39">
      <mem type="allocate" free="107309568" total="183435264" percent="58" />
      <mem type="survivor" free="0" total="85000192" percent="0" />
    </mem>
    <mem type="tenure" free="20576128" total="805306368" percent="2" macro-fragmented="0">
      <mem type="soa" free="12522368" total="797252608" percent="1" />
      <mem type="loa" free="8053760" total="8053760" percent="100" />
    </mem>
    <remembered-set count="103" />
  </mem-info>
</gc-end>
<cycle-end id="3927" type="scavenge" contextid="3921" timestamp="2022-02-08T17:32:17.366" />
<allocation-satisfied id="3928" threadId="0000000000016F00" bytesRequested="200" />
<af-end id="3929" timestamp="2022-02-08T17:32:17.366" threadId="0000000000017908" success="true" from="nursery"/>
<exclusive-end id="3930" timestamp="2022-02-08T17:32:17.366" durationms="82.456" />

<concurrent-end id="3931" type="global mark" contextid="3916" timestamp="2022-02-08T17:32:17.486">
<gc-op id="3932" type="trace" timems="334.634" contextid="3916" timestamp="2022-02-08T17:32:17.486">
  <trace bytesTraced="74440668" workStackOverflowCount="0" />
  <card-cleaning reason="card cleaning threshold reached" bytesTraced="480" cardsCleaned="2" />
</gc-op>
</concurrent-end>

<exclusive-start id="3933" timestamp="2022-02-08T17:32:17.486" intervalms="202.559">
  <response-info timems="0.018" idlems="0.018" threads="0" lastid="0000000000016F00" lastname="main" />
</exclusive-start>
<concurrent-global-final id="3934" timestamp="2022-02-08T17:32:17.486" contextid="3916" intervalms="3558.901" >
  <concurrent-trace-info reason="card cleaning threshold reached" tracedByMutators="57803468" tracedByHelpers="16637680" cardsCleaned="2" workStackOverflowCount="0" />
</concurrent-global-final>
<gc-start id="3935" type="global" contextid="3916" timestamp="2022-02-08T17:32:17.486">
  <mem-info id="3936" free="120185016" total="1073741824" percent="11">
    <mem type="nursery" free="99608888" total="268435456" percent="37">
      <mem type="allocate" free="99608888" total="183435264" percent="54" />
      <mem type="survivor" free="0" total="85000192" percent="0" />
    </mem>
    <mem type="tenure" free="20576128" total="805306368" percent="2">
      <mem type="soa" free="12522368" total="797252608" percent="1" />
      <mem type="loa" free="8053760" total="8053760" percent="100" />
    </mem>
    <remembered-set count="103" />
  </mem-info>
</gc-start>
<allocation-stats totalBytes="7697080" >
  <allocated-bytes non-tlh="200" tlh="7696880" />
  <largest-consumer threadName="main" threadId="0000000000016F00" bytes="7697080" />
</allocation-stats>
<gc-op id="3937" type="rs-scan" timems="0.592" contextid="3916" timestamp="2022-02-08T17:32:17.487">
  <scan objectsFound="0" bytesTraced="3988" workStackOverflowCount="0" />
</gc-op>
<gc-op id="3938" type="card-cleaning" timems="148.975" contextid="3916" timestamp="2022-02-08T17:32:17.636">
  <card-cleaning cardsCleaned="11" bytesTraced="71014688" workStackOverflowCount="0" />
</gc-op>
<gc-op id="3939" type="mark" timems="63.096" contextid="3916" timestamp="2022-02-08T17:32:17.699">
  <trace-info objectcount="2372519" scancount="1780917" scanbytes="38060584" />
  <finalization candidates="428" enqueued="57" />
  <ownableSynchronizers candidates="1" cleared="0" />
  <references type="soft" candidates="894" cleared="0" enqueued="0" dynamicThreshold="12" maxThreshold="32" />
  <references type="weak" candidates="1701" cleared="0" enqueued="0" />
  <references type="phantom" candidates="52" cleared="2" enqueued="2" />
  <stringconstants candidates="6470" cleared="0"  />
  <object-monitors candidates="2" cleared="0"  />
</gc-op>
<gc-op id="3940" type="sweep" timems="5.191" contextid="3916" timestamp="2022-02-08T17:32:17.704" />
<gc-end id="3941" type="global" contextid="3916" durationms="218.069" usertimems="233.445" systemtimems="0.515" stalltimems="189.538" timestamp="2022-02-08T17:32:17.705" activeThreads="4">
  <mem-info id="3942" free="363514608" total="1073741824" percent="33">
    <mem type="nursery" free="100043376" total="268435456" percent="37">
      <mem type="allocate" free="100043376" total="183435264" percent="54" />
      <mem type="survivor" free="0" total="85000192" percent="0" />
    </mem>
    <mem type="tenure" free="263471232" total="805306368" percent="32" micro-fragmented="483575" macro-fragmented="1800196">
      <mem type="soa" free="255417472" total="797252608" percent="32" />
      <mem type="loa" free="8053760" total="8053760" percent="100" />
    </mem>
    <pending-finalizers system="57" default="0" reference="2" classloader="0" />
    <remembered-set count="103" />
  </mem-info>
</gc-end>
<cycle-end id="3943" type="global" contextid="3916" timestamp="2022-02-08T17:32:17.705" />
<exclusive-end id="3944" timestamp="2022-02-08T17:32:17.705" durationms="218.274" />

<exclusive-start id="3945" timestamp="2022-02-08T17:32:18.291" intervalms="804.247">
  <response-info timems="0.018" idlems="0.018" threads="0" lastid="0000000000016F00" lastname="main" />
</exclusive-start>
<af-start id="3946" threadId="0000000000017908" totalBytesRequested="24" timestamp="2022-02-08T17:32:18.291" intervalms="1006.774" type="nursery" />
<cycle-start id="3947" type="scavenge" contextid="0" timestamp="2022-02-08T17:32:18.291" intervalms="1006.760" />
<gc-start id="3948" type="scavenge" contextid="3947" timestamp="2022-02-08T17:32:18.291">
  <mem-info id="3949" free="263471232" total="1073741824" percent="24">
    <mem type="nursery" free="0" total="268435456" percent="0">
      <mem type="allocate" free="0" total="183435264" percent="0" />
      <mem type="survivor" free="0" total="85000192" percent="0" />
    </mem>
    <mem type="tenure" free="263471232" total="805306368" percent="32">
      <mem type="soa" free="255417472" total="797252608" percent="32" />
      <mem type="loa" free="8053760" total="8053760" percent="100" />
    </mem>
    <remembered-set count="106" />
  </mem-info>
</gc-start>
<allocation-stats totalBytes="99993776" >
  <allocated-bytes non-tlh="0" tlh="99993776" />
  <largest-consumer threadName="main" threadId="0000000000016F00" bytes="99989680" />
</allocation-stats>
<gc-op id="3950" type="scavenge" timems="75.125" contextid="3947" timestamp="2022-02-08T17:32:18.366">
  <scavenger-info tenureage="1" tenuremask="7ffe" tiltratio="68" />
  <memory-copied type="nursery" objects="1347588" bytes="76454408" bytesdiscarded="117824" />
  <memory-copied type="tenure" objects="1376836" bytes="75783576" bytesdiscarded="41368" />
  <ownableSynchronizers candidates="2" cleared="2" />
  <object-monitors candidates="2" cleared="0"  />
</gc-op>
<gc-end id="3951" type="scavenge" contextid="3947" durationms="75.313" usertimems="296.503" systemtimems="0.287" stalltimems="2.814" timestamp="2022-02-08T17:32:18.366" activeThreads="4">
  <mem-info id="3952" free="294619320" total="1073741824" percent="27">
    <mem type="nursery" free="107190712" total="268435456" percent="39">
      <mem type="allocate" free="107190712" total="183762944" percent="58" />
      <mem type="survivor" free="0" total="84672512" percent="0" />
    </mem>
    <mem type="tenure" free="187428608" total="805306368" percent="23" macro-fragmented="0">
      <mem type="soa" free="179374848" total="797252608" percent="22" />
      <mem type="loa" free="8053760" total="8053760" percent="100" />
    </mem>
    <remembered-set count="105" />
  </mem-info>
</gc-end>
<cycle-end id="3953" type="scavenge" contextid="3947" timestamp="2022-02-08T17:32:18.366" />
<allocation-satisfied id="3954" threadId="0000000000016F00" bytesRequested="24" />
<af-end id="3955" timestamp="2022-02-08T17:32:18.366" threadId="0000000000017908" success="true" from="nursery"/>
<exclusive-end id="3956" timestamp="2022-02-08T17:32:18.366" durationms="75.563" />

<exclusive-start id="3957" timestamp="2022-02-08T17:32:19.220" intervalms="929.726">
  <response-info timems="0.020" idlems="0.020" threads="0" lastid="0000000000016F00" lastname="main" />
</exclusive-start>
<af-start id="3958" threadId="0000000000017908" totalBytesRequested="112" timestamp="2022-02-08T17:32:19.220" intervalms="929.738" type="nursery" />
<cycle-start id="3959" type="scavenge" contextid="0" timestamp="2022-02-08T17:32:19.220" intervalms="929.739" />
<gc-start id="3960" type="scavenge" contextid="3959" timestamp="2022-02-08T17:32:19.221">
  <mem-info id="3961" free="187428608" total="1073741824" percent="17">
    <mem type="nursery" free="0" total="268435456" percent="0">
      <mem type="allocate" free="0" total="183762944" percent="0" />
      <mem type="survivor" free="0" total="84672512" percent="0" />
    </mem>
    <mem type="tenure" free="187428608" total="805306368" percent="23">
      <mem type="soa" free="179374848" total="797252608" percent="22" />
      <mem type="loa" free="8053760" total="8053760" percent="100" />
    </mem>
    <remembered-set count="135" />
  </mem-info>
</gc-start>
<allocation-stats totalBytes="107145648" >
  <allocated-bytes non-tlh="1590592" tlh="105555056" />
  <largest-consumer threadName="main" threadId="0000000000016F00" bytes="107145648" />
</allocation-stats>
<gc-op id="3962" type="scavenge" timems="79.424" contextid="3959" timestamp="2022-02-08T17:32:19.300">
  <scavenger-info tenureage="1" tenuremask="7ffe" tiltratio="68" />
  <memory-copied type="nursery" objects="1447252" bytes="75389704" bytesdiscarded="164208" />
  <memory-copied type="tenure" objects="1347588" bytes="76454408" bytesdiscarded="41768" />
  <finalization candidates="109" enqueued="53" />
  <references type="soft" candidates="14" cleared="0" enqueued="0" dynamicThreshold="10" maxThreshold="32" />
  <references type="weak" candidates="1" cleared="0" enqueued="0" />
  <references type="phantom" candidates="94" cleared="7" enqueued="7" />
  <object-monitors candidates="2" cleared="0"  />
</gc-op>
<gc-end id="3963" type="scavenge" contextid="3959" durationms="79.606" usertimems="312.333" systemtimems="0.242" stalltimems="3.850" timestamp="2022-02-08T17:32:19.300" activeThreads="4">
  <mem-info id="3964" free="219542304" total="1073741824" percent="20">
    <mem type="nursery" free="108602120" total="268435456" percent="40">
      <mem type="allocate" free="108602120" total="184156160" percent="58" />
      <mem type="survivor" free="0" total="84279296" percent="0" />
    </mem>
    <mem type="tenure" free="110940184" total="805306368" percent="13" macro-fragmented="0">
      <mem type="soa" free="102886424" total="797252608" percent="12" />
      <mem type="loa" free="8053760" total="8053760" percent="100" />
    </mem>
    <pending-finalizers system="52" default="1" reference="7" classloader="0" />
    <remembered-set count="130" />
  </mem-info>
</gc-end>
<cycle-end id="3965" type="scavenge" contextid="3959" timestamp="2022-02-08T17:32:19.300" />
<allocation-satisfied id="3966" threadId="0000000000016F00" bytesRequested="112" />
<af-end id="3967" timestamp="2022-02-08T17:32:19.300" threadId="0000000000017908" success="true" from="nursery"/>
<exclusive-end id="3968" timestamp="2022-02-08T17:32:19.300" durationms="79.904" />

<concurrent-kickoff id="3969" timestamp="2022-02-08T17:32:19.979">
  <kickoff reason="threshold reached" targetBytes="74440380" thresholdFreeBytes="5752067"  remainingFree="5710600" tenureFreeBytes="110940184" nurseryFreeBytes="5710600" />
</concurrent-kickoff>
<exclusive-start id="3970" timestamp="2022-02-08T17:32:19.982" intervalms="762.005">
  <response-info timems="0.018" idlems="0.018" threads="0" lastid="0000000000016F00" lastname="main" />
</exclusive-start>
<cycle-start id="3971" type="global" contextid="0" timestamp="2022-02-08T17:32:19.982" intervalms="2830.679" />
<concurrent-start id="3972" type="global mark" contextid="3971" timestamp="2022-02-08T17:32:19.982">
</concurrent-start>
<exclusive-end id="3973" timestamp="2022-02-08T17:32:19.982" durationms="0.027" />

<exclusive-start id="3974" timestamp="2022-02-08T17:32:20.102" intervalms="119.251">
  <response-info timems="0.036" idlems="0.036" threads="0" lastid="0000000000016F00" lastname="main" />
</exclusive-start>
<af-start id="3975" threadId="0000000000017908" totalBytesRequested="216" timestamp="2022-02-08T17:32:20.102" intervalms="881.264" type="nursery" />
<cycle-start id="3976" type="scavenge" contextid="0" timestamp="2022-02-08T17:32:20.102" intervalms="881.262" />
<gc-start id="3977" type="scavenge" contextid="3976" timestamp="2022-02-08T17:32:20.102">
  <mem-info id="3978" free="110940184" total="1073741824" percent="10">
    <mem type="nursery" free="0" total="268435456" percent="0">
      <mem type="allocate" free="0" total="184156160" percent="0" />
      <mem type="survivor" free="0" total="84279296" percent="0" />
    </mem>
    <mem type="tenure" free="110940184" total="805306368" percent="13">
      <mem type="soa" free="102886424" total="797252608" percent="12" />
      <mem type="loa" free="8053760" total="8053760" percent="100" />
    </mem>
    <remembered-set count="131" />
  </mem-info>
</gc-start>
<allocation-stats totalBytes="108551880" >
  <allocated-bytes non-tlh="1347792" tlh="107204088" />
  <largest-consumer threadName="main" threadId="0000000000016F00" bytes="108543688" />
</allocation-stats>
<gc-op id="3979" type="scavenge" timems="76.499" contextid="3976" timestamp="2022-02-08T17:32:20.178">
  <scavenger-info tenureage="1" tenuremask="7ffe" tiltratio="68" />
  <memory-copied type="nursery" objects="1380270" bytes="77715704" bytesdiscarded="377896" />
  <memory-copied type="tenure" objects="1446533" bytes="74446536" bytesdiscarded="43272" />
  <finalization candidates="57" enqueued="0" />
  <references type="phantom" candidates="1" cleared="0" enqueued="0" />
  <object-monitors candidates="2" cleared="0"  />
</gc-op>
<gc-end id="3980" type="scavenge" contextid="3976" durationms="76.746" usertimems="301.897" systemtimems="0.496" stalltimems="3.099" timestamp="2022-02-08T17:32:20.179" activeThreads="4">
  <mem-info id="3981" free="140836688" total="1073741824" percent="13">
    <mem type="nursery" free="104293088" total="268435456" percent="38">
      <mem type="allocate" free="104293088" total="182386688" percent="57" />
      <mem type="survivor" free="0" total="86048768" percent="0" />
    </mem>
    <mem type="tenure" free="36543600" total="805306368" percent="4" macro-fragmented="168253">
      <mem type="soa" free="28489840" total="797252608" percent="3" />
      <mem type="loa" free="8053760" total="8053760" percent="100" />
    </mem>
    <remembered-set count="102" />
  </mem-info>
</gc-end>
<cycle-end id="3982" type="scavenge" contextid="3976" timestamp="2022-02-08T17:32:20.179" />
<allocation-satisfied id="3983" threadId="0000000000016F00" bytesRequested="216" />
<af-end id="3984" timestamp="2022-02-08T17:32:20.179" threadId="0000000000017908" success="true" from="nursery"/>
<exclusive-end id="3985" timestamp="2022-02-08T17:32:20.179" durationms="77.073" />

<concurrent-end id="3986" type="global mark" contextid="3971" timestamp="2022-02-08T17:32:20.307">
<gc-op id="3987" type="trace" timems="324.640" contextid="3971" timestamp="2022-02-08T17:32:20.307">
  <trace bytesTraced="74440876" workStackOverflowCount="0" />
  <card-cleaning reason="card cleaning threshold reached" bytesTraced="480" cardsCleaned="2" />
</gc-op>
</concurrent-end>

<exclusive-start id="3988" timestamp="2022-02-08T17:32:20.307" intervalms="205.457">
  <response-info timems="0.018" idlems="0.018" threads="0" lastid="0000000000016F00" lastname="main" />
</exclusive-start>
<concurrent-global-final id="3989" timestamp="2022-02-08T17:32:20.307" contextid="3971" intervalms="2820.686" >
  <concurrent-trace-info reason="card cleaning threshold reached" tracedByMutators="57165440" tracedByHelpers="17275916" cardsCleaned="2" workStackOverflowCount="0" />
</concurrent-global-final>
<gc-start id="3990" type="global" contextid="3971" timestamp="2022-02-08T17:32:20.307">
  <mem-info id="3991" free="132873848" total="1073741824" percent="12">
    <mem type="nursery" free="96330248" total="268435456" percent="35">
      <mem type="allocate" free="96330248" total="182386688" percent="52" />
      <mem type="survivor" free="0" total="86048768" percent="0" />
    </mem>
    <mem type="tenure" free="36543600" total="805306368" percent="4">
      <mem type="soa" free="28489840" total="797252608" percent="3" />
      <mem type="loa" free="8053760" total="8053760" percent="100" />
    </mem>
    <remembered-set count="102" />
  </mem-info>
</gc-start>
<allocation-stats totalBytes="7958496" >
  <allocated-bytes non-tlh="216" tlh="7958280" />
  <largest-consumer threadName="main" threadId="0000000000016F00" bytes="7958496" />
</allocation-stats>
<gc-op id="3992" type="rs-scan" timems="0.546" contextid="3971" timestamp="2022-02-08T17:32:20.308">
  <scan objectsFound="29" bytesTraced="5420" workStackOverflowCount="0" />
</gc-op>
<gc-op id="3993" type="card-cleaning" timems="158.010" contextid="3971" timestamp="2022-02-08T17:32:20.466">
  <card-cleaning cardsCleaned="8" bytesTraced="71012696" workStackOverflowCount="0" />
</gc-op>
<gc-op id="3994" type="mark" timems="56.957" contextid="3971" timestamp="2022-02-08T17:32:20.523">
  <trace-info objectcount="2117938" scancount="1589981" scanbytes="33987304" />
  <finalization candidates="428" enqueued="57" />
  <ownableSynchronizers candidates="1" cleared="0" />
  <references type="soft" candidates="894" cleared="0" enqueued="0" dynamicThreshold="10" maxThreshold="32" />
  <references type="weak" candidates="1701" cleared="0" enqueued="0" />
  <references type="phantom" candidates="52" cleared="2" enqueued="2" />
  <stringconstants candidates="6470" cleared="0"  />
  <object-monitors candidates="2" cleared="0"  />
</gc-op>
<gc-op id="3995" type="sweep" timems="5.050" contextid="3971" timestamp="2022-02-08T17:32:20.528" />
<gc-end id="3996" type="global" contextid="3971" durationms="220.795" usertimems="234.732" systemtimems="1.323" stalltimems="170.353" timestamp="2022-02-08T17:32:20.528" activeThreads="4">
  <mem-info id="3997" free="376197696" total="1073741824" percent="35">
    <mem type="nursery" free="96799072" total="268435456" percent="36">
      <mem type="allocate" free="96799072" total="182386688" percent="53" />
      <mem type="survivor" free="0" total="86048768" percent="0" />
    </mem>
    <mem type="tenure" free="279398624" total="805306368" percent="34" micro-fragmented="425218" macro-fragmented="0">
      <mem type="soa" free="271344864" total="797252608" percent="34" />
      <mem type="loa" free="8053760" total="8053760" percent="100" />
    </mem>
    <pending-finalizers system="57" default="0" reference="2" classloader="0" />
    <remembered-set count="102" />
  </mem-info>
</gc-end>
<cycle-end id="3998" type="global" contextid="3971" timestamp="2022-02-08T17:32:20.528" />
<exclusive-end id="3999" timestamp="2022-02-08T17:32:20.528" durationms="221.020" />

<exclusive-start id="4000" timestamp="2022-02-08T17:32:21.113" intervalms="805.526">
  <response-info timems="0.018" idlems="0.018" threads="0" lastid="0000000000016F00" lastname="main" />
</exclusive-start>
<af-start id="4001" threadId="0000000000017908" totalBytesRequested="208" timestamp="2022-02-08T17:32:21.113" intervalms="1010.965" type="nursery" />
<cycle-start id="4002" type="scavenge" contextid="0" timestamp="2022-02-08T17:32:21.113" intervalms="1010.966" />
<gc-start id="4003" type="scavenge" contextid="4002" timestamp="2022-02-08T17:32:21.113">
  <mem-info id="4004" free="279398624" total="1073741824" percent="26">
    <mem type="nursery" free="0" total="268435456" percent="0">
      <mem type="allocate" free="0" total="182386688" percent="0" />
      <mem type="survivor" free="0" total="86048768" percent="0" />
    </mem>
    <mem type="tenure" free="279398624" total="805306368" percent="34">
      <mem type="soa" free="271344864" total="797252608" percent="34" />
      <mem type="loa" free="8053760" total="8053760" percent="100" />
    </mem>
    <remembered-set count="105" />
  </mem-info>
</gc-start>
<allocation-stats totalBytes="96754992" >
  <allocated-bytes non-tlh="0" tlh="96754992" />
  <largest-consumer threadName="main" threadId="0000000000016F00" bytes="96750896" />
</allocation-stats>
<gc-op id="4005" type="scavenge" timems="73.230" contextid="4002" timestamp="2022-02-08T17:32:21.186">
  <scavenger-info tenureage="1" tenuremask="7ffe" tiltratio="67" />
  <memory-copied type="nursery" objects="1315127" bytes="74366144" bytesdiscarded="271168" />
  <memory-copied type="tenure" objects="1380269" bytes="77715584" bytesdiscarded="41856" />
  <finalization candidates="1" enqueued="0" />
  <ownableSynchronizers candidates="2" cleared="2" />
  <object-monitors candidates="2" cleared="0"  />
</gc-op>
<gc-end id="4006" type="scavenge" contextid="4002" durationms="73.432" usertimems="289.404" systemtimems="0.000" stalltimems="2.768" timestamp="2022-02-08T17:32:21.186" activeThreads="4">
  <mem-info id="4007" free="309505192" total="1073741824" percent="28">
    <mem type="nursery" free="108208128" total="268435456" percent="40">
      <mem type="allocate" free="108208128" total="182845440" percent="59" />
      <mem type="survivor" free="0" total="85590016" percent="0" />
    </mem>
    <mem type="tenure" free="201297064" total="805306368" percent="24" macro-fragmented="0">
      <mem type="soa" free="193243304" total="797252608" percent="24" />
      <mem type="loa" free="8053760" total="8053760" percent="100" />
    </mem>
    <remembered-set count="105" />
  </mem-info>
</gc-end>
<cycle-end id="4008" type="scavenge" contextid="4002" timestamp="2022-02-08T17:32:21.186" />
<allocation-satisfied id="4009" threadId="0000000000016F00" bytesRequested="208" />
<af-end id="4010" timestamp="2022-02-08T17:32:21.186" threadId="0000000000017908" success="true" from="nursery"/>
<exclusive-end id="4011" timestamp="2022-02-08T17:32:21.186" durationms="73.677" />

<exclusive-start id="4012" timestamp="2022-02-08T17:32:22.038" intervalms="924.923">
  <response-info timems="0.017" idlems="0.017" threads="0" lastid="0000000000016F00" lastname="main" />
</exclusive-start>
<af-start id="4013" threadId="0000000000017908" totalBytesRequested="24" timestamp="2022-02-08T17:32:22.038" intervalms="924.923" type="nursery" />
<cycle-start id="4014" type="scavenge" contextid="0" timestamp="2022-02-08T17:32:22.038" intervalms="924.926" />
<gc-start id="4015" type="scavenge" contextid="4014" timestamp="2022-02-08T17:32:22.038">
  <mem-info id="4016" free="201297064" total="1073741824" percent="18">
    <mem type="nursery" free="0" total="268435456" percent="0">
      <mem type="allocate" free="0" total="182845440" percent="0" />
      <mem type="survivor" free="0" total="85590016" percent="0" />
    </mem>
    <mem type="tenure" free="201297064" total="805306368" percent="24">
      <mem type="soa" free="193243304" total="797252608" percent="24" />
      <mem type="loa" free="8053760" total="8053760" percent="100" />
    </mem>
    <remembered-set count="136" />
  </mem-info>
</gc-start>
<allocation-stats totalBytes="108162400" >
  <allocated-bytes non-tlh="1661352" tlh="106501048" />
  <largest-consumer threadName="main" threadId="0000000000016F00" bytes="108162400" />
</allocation-stats>
<gc-op id="4017" type="scavenge" timems="80.950" contextid="4014" timestamp="2022-02-08T17:32:22.119">
  <scavenger-info tenureage="1" tenuremask="7ffe" tiltratio="68" />
  <memory-copied type="nursery" objects="1487428" bytes="76166296" bytesdiscarded="100176" />
  <memory-copied type="tenure" objects="1315126" bytes="74366032" bytesdiscarded="43120" />
  <finalization candidates="109" enqueued="53" />
  <references type="soft" candidates="14" cleared="0" enqueued="0" dynamicThreshold="11" maxThreshold="32" />
  <references type="weak" candidates="1" cleared="0" enqueued="0" />
  <references type="phantom" candidates="94" cleared="7" enqueued="7" />
  <object-monitors candidates="2" cleared="0"  />
</gc-op>
<gc-end id="4018" type="scavenge" contextid="4014" durationms="81.164" usertimems="310.666" systemtimems="0.000" stalltimems="2.983" timestamp="2022-02-08T17:32:22.119" activeThreads="4">
  <mem-info id="4019" free="233892824" total="1073741824" percent="21">
    <mem type="nursery" free="106840984" total="268435456" percent="39">
      <mem type="allocate" free="106840984" total="183107584" percent="58" />
      <mem type="survivor" free="0" total="85327872" percent="0" />
    </mem>
    <mem type="tenure" free="127051840" total="805306368" percent="15" macro-fragmented="0">
      <mem type="soa" free="118998080" total="797252608" percent="14" />
      <mem type="loa" free="8053760" total="8053760" percent="100" />
    </mem>
    <pending-finalizers system="52" default="1" reference="7" classloader="0" />
    <remembered-set count="132" />
  </mem-info>
</gc-end>
<cycle-end id="4020" type="scavenge" contextid="4014" timestamp="2022-02-08T17:32:22.119" />
<allocation-satisfied id="4021" threadId="0000000000016F00" bytesRequested="24" />
<af-end id="4022" timestamp="2022-02-08T17:32:22.119" threadId="0000000000017908" success="true" from="nursery"/>
<exclusive-end id="4023" timestamp="2022-02-08T17:32:22.119" durationms="81.451" />

<concurrent-kickoff id="4024" timestamp="2022-02-08T17:32:22.779">
  <kickoff reason="threshold reached" targetBytes="74440573" thresholdFreeBytes="5748338"  remainingFree="5640992" tenureFreeBytes="127051840" nurseryFreeBytes="5640992" />
</concurrent-kickoff>
<exclusive-start id="4025" timestamp="2022-02-08T17:32:22.782" intervalms="744.881">
  <response-info timems="0.019" idlems="0.019" threads="0" lastid="0000000000016F00" lastname="main" />
</exclusive-start>
<cycle-start id="4026" type="global" contextid="0" timestamp="2022-02-08T17:32:22.782" intervalms="2800.040" />
<concurrent-start id="4027" type="global mark" contextid="4026" timestamp="2022-02-08T17:32:22.782">
</concurrent-start>
<exclusive-end id="4028" timestamp="2022-02-08T17:32:22.782" durationms="0.028" />

<exclusive-start id="4029" timestamp="2022-02-08T17:32:22.894" intervalms="111.364">
  <response-info timems="0.017" idlems="0.017" threads="0" lastid="0000000000016F00" lastname="main" />
</exclusive-start>
<af-start id="4030" threadId="0000000000017908" totalBytesRequested="208" timestamp="2022-02-08T17:32:22.894" intervalms="856.255" type="nursery" />
<cycle-start id="4031" type="scavenge" contextid="0" timestamp="2022-02-08T17:32:22.894" intervalms="856.252" />
<gc-start id="4032" type="scavenge" contextid="4031" timestamp="2022-02-08T17:32:22.894">
  <mem-info id="4033" free="127051840" total="1073741824" percent="11">
    <mem type="nursery" free="0" total="268435456" percent="0">
      <mem type="allocate" free="0" total="183107584" percent="0" />
      <mem type="survivor" free="0" total="85327872" percent="0" />
    </mem>
    <mem type="tenure" free="127051840" total="805306368" percent="15">
      <mem type="soa" free="118998080" total="797252608" percent="14" />
      <mem type="loa" free="8053760" total="8053760" percent="100" />
    </mem>
    <remembered-set count="133" />
  </mem-info>
</gc-start>
<allocation-stats totalBytes="106790024" >
  <allocated-bytes non-tlh="1347704" tlh="105442320" />
  <largest-consumer threadName="main" threadId="0000000000016F00" bytes="106781832" />
</allocation-stats>
<gc-op id="4034" type="scavenge" timems="76.340" contextid="4031" timestamp="2022-02-08T17:32:22.970">
  <scavenger-info tenureage="1" tenuremask="7ffe" tiltratio="68" />
  <memory-copied type="nursery" objects="1334921" bytes="76421024" bytesdiscarded="323520" />
  <memory-copied type="tenure" objects="1486709" bytes="75223128" bytesdiscarded="38360" />
  <finalization candidates="57" enqueued="0" />
  <references type="phantom" candidates="1" cleared="0" enqueued="0" />
  <object-monitors candidates="2" cleared="0"  />
</gc-op>
<gc-end id="4035" type="scavenge" contextid="4031" durationms="76.582" usertimems="297.208" systemtimems="4.433" stalltimems="2.760" timestamp="2022-02-08T17:32:22.970" activeThreads="4">
  <mem-info id="4036" free="158568184" total="1073741824" percent="14">
    <mem type="nursery" free="106821792" total="268435456" percent="39">
      <mem type="allocate" free="106821792" total="183566336" percent="58" />
      <mem type="survivor" free="0" total="84869120" percent="0" />
    </mem>
    <mem type="tenure" free="51746392" total="805306368" percent="6" macro-fragmented="0">
      <mem type="soa" free="43692632" total="797252608" percent="5" />
      <mem type="loa" free="8053760" total="8053760" percent="100" />
    </mem>
    <remembered-set count="101" />
  </mem-info>
</gc-end>
<cycle-end id="4037" type="scavenge" contextid="4031" timestamp="2022-02-08T17:32:22.971" />
<allocation-satisfied id="4038" threadId="0000000000016F00" bytesRequested="208" />
<af-end id="4039" timestamp="2022-02-08T17:32:22.971" threadId="0000000000017908" success="true" from="nursery"/>
<exclusive-end id="4040" timestamp="2022-02-08T17:32:22.971" durationms="76.871" />

<concurrent-end id="4041" type="global mark" contextid="4026" timestamp="2022-02-08T17:32:23.110">
<gc-op id="4042" type="trace" timems="327.391" contextid="4026" timestamp="2022-02-08T17:32:23.110">
  <trace bytesTraced="74441084" workStackOverflowCount="0" />
  <card-cleaning reason="card cleaning threshold reached" bytesTraced="480" cardsCleaned="2" />
</gc-op>
</concurrent-end>

<exclusive-start id="4043" timestamp="2022-02-08T17:32:23.110" intervalms="216.098">
  <response-info timems="0.019" idlems="0.019" threads="0" lastid="0000000000016F00" lastname="main" />
</exclusive-start>
<concurrent-global-final id="4044" timestamp="2022-02-08T17:32:23.110" contextid="4026" intervalms="2802.793" >
  <concurrent-trace-info reason="card cleaning threshold reached" tracedByMutators="56518408" tracedByHelpers="17923156" cardsCleaned="2" workStackOverflowCount="0" />
</concurrent-global-final>
<gc-start id="4045" type="global" contextid="4026" timestamp="2022-02-08T17:32:23.110">
  <mem-info id="4046" free="148508200" total="1073741824" percent="13">
    <mem type="nursery" free="96761808" total="268435456" percent="36">
      <mem type="allocate" free="96761808" total="183566336" percent="52" />
      <mem type="survivor" free="0" total="84869120" percent="0" />
    </mem>
    <mem type="tenure" free="51746392" total="805306368" percent="6">
      <mem type="soa" free="43692632" total="797252608" percent="5" />
      <mem type="loa" free="8053760" total="8053760" percent="100" />
    </mem>
    <remembered-set count="101" />
  </mem-info>
</gc-start>
<allocation-stats totalBytes="10055224" >
  <allocated-bytes non-tlh="208" tlh="10055016" />
  <largest-consumer threadName="main" threadId="0000000000016F00" bytes="10055224" />
</allocation-stats>
<gc-op id="4047" type="rs-scan" timems="0.514" contextid="4026" timestamp="2022-02-08T17:32:23.111">
  <scan objectsFound="29" bytesTraced="5420" workStackOverflowCount="0" />
</gc-op>
<gc-op id="4048" type="card-cleaning" timems="155.432" contextid="4026" timestamp="2022-02-08T17:32:23.266">
  <card-cleaning cardsCleaned="9" bytesTraced="71012808" workStackOverflowCount="0" />
</gc-op>
<gc-op id="4049" type="mark" timems="53.456" contextid="4026" timestamp="2022-02-08T17:32:23.319">
  <trace-info objectcount="1849811" scancount="1388886" scanbytes="29697256" />
  <finalization candidates="428" enqueued="57" />
  <ownableSynchronizers candidates="1" cleared="0" />
  <references type="soft" candidates="894" cleared="0" enqueued="0" dynamicThreshold="11" maxThreshold="32" />
  <references type="weak" candidates="1701" cleared="0" enqueued="0" />
  <references type="phantom" candidates="52" cleared="2" enqueued="2" />
  <stringconstants candidates="6470" cleared="0"  />
  <object-monitors candidates="2" cleared="0"  />
</gc-op>
<gc-op id="4050" type="sweep" timems="4.962" contextid="4026" timestamp="2022-02-08T17:32:23.325" />
<gc-end id="4051" type="global" contextid="4026" durationms="214.857" usertimems="227.496" systemtimems="0.230" stalltimems="160.577" timestamp="2022-02-08T17:32:23.325" activeThreads="4">
  <mem-info id="4052" free="391885800" total="1073741824" percent="36">
    <mem type="nursery" free="97175720" total="268435456" percent="36">
      <mem type="allocate" free="97175720" total="183566336" percent="52" />
      <mem type="survivor" free="0" total="84869120" percent="0" />
    </mem>
    <mem type="tenure" free="294710080" total="805306368" percent="36" micro-fragmented="371543" macro-fragmented="0">
      <mem type="soa" free="286656320" total="797252608" percent="35" />
      <mem type="loa" free="8053760" total="8053760" percent="100" />
    </mem>
    <pending-finalizers system="57" default="0" reference="2" classloader="0" />
    <remembered-set count="101" />
  </mem-info>
</gc-end>
<cycle-end id="4053" type="global" contextid="4026" timestamp="2022-02-08T17:32:23.325" />
<exclusive-end id="4054" timestamp="2022-02-08T17:32:23.325" durationms="215.102" />

<exclusive-start id="4055" timestamp="2022-02-08T17:32:23.983" intervalms="873.436">
  <response-info timems="0.021" idlems="0.021" threads="0" lastid="0000000000016F00" lastname="main" />
</exclusive-start>
<af-start id="4056" threadId="0000000000017908" totalBytesRequested="200" timestamp="2022-02-08T17:32:23.983" intervalms="1089.524" type="nursery" />
<cycle-start id="4057" type="scavenge" contextid="0" timestamp="2022-02-08T17:32:23.983" intervalms="1089.526" />
<gc-start id="4058" type="scavenge" contextid="4057" timestamp="2022-02-08T17:32:23.983">
  <mem-info id="4059" free="294710080" total="1073741824" percent="27">
    <mem type="nursery" free="0" total="268435456" percent="0">
      <mem type="allocate" free="0" total="183566336" percent="0" />
      <mem type="survivor" free="0" total="84869120" percent="0" />
    </mem>
    <mem type="tenure" free="294710080" total="805306368" percent="36">
      <mem type="soa" free="286656320" total="797252608" percent="35" />
      <mem type="loa" free="8053760" total="8053760" percent="100" />
    </mem>
    <remembered-set count="104" />
  </mem-info>
</gc-start>
<allocation-stats totalBytes="97130904" >
  <allocated-bytes non-tlh="0" tlh="97130904" />
  <largest-consumer threadName="main" threadId="0000000000016F00" bytes="97126808" />
</allocation-stats>
<gc-op id="4060" type="scavenge" timems="153.013" contextid="4057" timestamp="2022-02-08T17:32:24.136">
  <scavenger-info tenureage="1" tenuremask="7ffe" tiltratio="68" />
  <memory-copied type="nursery" objects="1355843" bytes="76151528" bytesdiscarded="265240" />
  <memory-copied type="tenure" objects="1334920" bytes="76420912" bytesdiscarded="45360" />
  <finalization candidates="1" enqueued="0" />
  <ownableSynchronizers candidates="2" cleared="2" />
  <object-monitors candidates="2" cleared="0"  />
</gc-op>
<gc-end id="4061" type="scavenge" contextid="4057" durationms="153.638" usertimems="302.792" systemtimems="1.002" stalltimems="24.307" timestamp="2022-02-08T17:32:24.137" activeThreads="4">
  <mem-info id="4062" free="325629096" total="1073741824" percent="30">
    <mem type="nursery" free="107608320" total="268435456" percent="40">
      <mem type="allocate" free="107608320" total="184025088" percent="58" />
      <mem type="survivor" free="0" total="84410368" percent="0" />
    </mem>
    <mem type="tenure" free="218020776" total="805306368" percent="27" macro-fragmented="0">
      <mem type="soa" free="209967016" total="797252608" percent="26" />
      <mem type="loa" free="8053760" total="8053760" percent="100" />
    </mem>
    <remembered-set count="105" />
  </mem-info>
</gc-end>
<cycle-end id="4063" type="scavenge" contextid="4057" timestamp="2022-02-08T17:32:24.137" />
<allocation-satisfied id="4064" threadId="0000000000016F00" bytesRequested="200" />
<af-end id="4065" timestamp="2022-02-08T17:32:24.137" threadId="0000000000017908" success="true" from="nursery"/>
<exclusive-end id="4066" timestamp="2022-02-08T17:32:24.137" durationms="153.945" />

<exclusive-start id="4067" timestamp="2022-02-08T17:32:25.006" intervalms="1023.158">
  <response-info timems="0.049" idlems="0.049" threads="0" lastid="0000000000016F00" lastname="main" />
</exclusive-start>
<af-start id="4068" threadId="0000000000017908" totalBytesRequested="48" timestamp="2022-02-08T17:32:25.007" intervalms="1023.162" type="nursery" />
<cycle-start id="4069" type="scavenge" contextid="0" timestamp="2022-02-08T17:32:25.007" intervalms="1023.163" />
<gc-start id="4070" type="scavenge" contextid="4069" timestamp="2022-02-08T17:32:25.007">
  <mem-info id="4071" free="218020776" total="1073741824" percent="20">
    <mem type="nursery" free="0" total="268435456" percent="0">
      <mem type="allocate" free="0" total="184025088" percent="0" />
      <mem type="survivor" free="0" total="84410368" percent="0" />
    </mem>
    <mem type="tenure" free="218020776" total="805306368" percent="27">
      <mem type="soa" free="209967016" total="797252608" percent="26" />
      <mem type="loa" free="8053760" total="8053760" percent="100" />
    </mem>
    <remembered-set count="136" />
  </mem-info>
</gc-start>
<allocation-stats totalBytes="107564784" >
  <allocated-bytes non-tlh="945928" tlh="106618856" />
  <largest-consumer threadName="main" threadId="0000000000016F00" bytes="107564784" />
</allocation-stats>
<gc-op id="4072" type="scavenge" timems="121.796" contextid="4069" timestamp="2022-02-08T17:32:25.128">
  <scavenger-info tenureage="1" tenuremask="7ffe" tiltratio="68" />
  <memory-copied type="nursery" objects="1474384" bytes="75747408" bytesdiscarded="44552" />
  <memory-copied type="tenure" objects="1355842" bytes="76151416" bytesdiscarded="44696" />
  <finalization candidates="106" enqueued="53" />
  <references type="soft" candidates="14" cleared="0" enqueued="0" dynamicThreshold="11" maxThreshold="32" />
  <references type="weak" candidates="1" cleared="0" enqueued="0" />
  <references type="phantom" candidates="91" cleared="7" enqueued="7" />
  <object-monitors candidates="2" cleared="0"  />
</gc-op>
<gc-end id="4073" type="scavenge" contextid="4069" durationms="122.027" usertimems="315.693" systemtimems="0.144" stalltimems="12.100" timestamp="2022-02-08T17:32:25.129" activeThreads="4">
  <mem-info id="4074" free="250668856" total="1073741824" percent="23">
    <mem type="nursery" free="108691752" total="268435456" percent="40">
      <mem type="allocate" free="108691752" total="184483840" percent="58" />
      <mem type="survivor" free="0" total="83951616" percent="0" />
    </mem>
    <mem type="tenure" free="141977104" total="805306368" percent="17" macro-fragmented="23113062">
      <mem type="soa" free="133923344" total="797252608" percent="16" />
      <mem type="loa" free="8053760" total="8053760" percent="100" />
    </mem>
    <pending-finalizers system="52" default="1" reference="7" classloader="0" />
    <remembered-set count="132" />
  </mem-info>
</gc-end>
<cycle-end id="4075" type="scavenge" contextid="4069" timestamp="2022-02-08T17:32:25.129" />
<allocation-satisfied id="4076" threadId="0000000000016F00" bytesRequested="48" />
<af-end id="4077" timestamp="2022-02-08T17:32:25.129" threadId="0000000000017908" success="true" from="nursery"/>
<exclusive-end id="4078" timestamp="2022-02-08T17:32:25.129" durationms="122.387" />

<concurrent-kickoff id="4079" timestamp="2022-02-08T17:32:25.804">
  <kickoff reason="threshold reached" targetBytes="74440771" thresholdFreeBytes="5748545"  remainingFree="5734696" tenureFreeBytes="141977104" nurseryFreeBytes="5734696" />
</concurrent-kickoff>
<exclusive-start id="4080" timestamp="2022-02-08T17:32:25.812" intervalms="805.581">
  <response-info timems="0.022" idlems="0.022" threads="0" lastid="0000000000016F00" lastname="main" />
</exclusive-start>
<cycle-start id="4081" type="global" contextid="0" timestamp="2022-02-08T17:32:25.812" intervalms="3029.638" />
<concurrent-start id="4082" type="global mark" contextid="4081" timestamp="2022-02-08T17:32:25.812">
</concurrent-start>
<exclusive-end id="4083" timestamp="2022-02-08T17:32:25.812" durationms="0.030" />

<exclusive-start id="4084" timestamp="2022-02-08T17:32:25.909" intervalms="97.098">
  <response-info timems="0.018" idlems="0.018" threads="0" lastid="0000000000016F00" lastname="main" />
</exclusive-start>
<af-start id="4085" threadId="0000000000017908" totalBytesRequested="112" timestamp="2022-02-08T17:32:25.909" intervalms="902.672" type="nursery" />
<cycle-start id="4086" type="scavenge" contextid="0" timestamp="2022-02-08T17:32:25.909" intervalms="902.669" />
<gc-start id="4087" type="scavenge" contextid="4086" timestamp="2022-02-08T17:32:25.909">
  <mem-info id="4088" free="141977104" total="1073741824" percent="13">
    <mem type="nursery" free="0" total="268435456" percent="0">
      <mem type="allocate" free="0" total="184483840" percent="0" />
      <mem type="survivor" free="0" total="83951616" percent="0" />
    </mem>
    <mem type="tenure" free="141977104" total="805306368" percent="17">
      <mem type="soa" free="133923344" total="797252608" percent="16" />
      <mem type="loa" free="8053760" total="8053760" percent="100" />
    </mem>
    <remembered-set count="133" />
  </mem-info>
</gc-start>
<allocation-stats totalBytes="108642888" >
  <allocated-bytes non-tlh="2063144" tlh="106579744" />
  <largest-consumer threadName="main" threadId="0000000000016F00" bytes="108634696" />
</allocation-stats>
<gc-op id="4089" type="scavenge" timems="90.308" contextid="4086" timestamp="2022-02-08T17:32:26.000">
  <scavenger-info tenureage="1" tenuremask="7ffe" tiltratio="68" />
  <memory-copied type="nursery" objects="1363857" bytes="77285616" bytesdiscarded="186320" />
  <memory-copied type="tenure" objects="1473664" bytes="75251352" bytesdiscarded="38088" />
  <finalization candidates="57" enqueued="0" />
  <references type="phantom" candidates="4" cleared="0" enqueued="0" />
  <object-monitors candidates="2" cleared="0"  />
</gc-op>
<gc-end id="4090" type="scavenge" contextid="4086" durationms="90.541" usertimems="322.554" systemtimems="0.000" stalltimems="3.399" timestamp="2022-02-08T17:32:26.000" activeThreads="4">
  <mem-info id="4091" free="172478400" total="1073741824" percent="16">
    <mem type="nursery" free="106028864" total="268435456" percent="39">
      <mem type="allocate" free="106028864" total="183500800" percent="57" />
      <mem type="survivor" free="0" total="84934656" percent="0" />
    </mem>
    <mem type="tenure" free="66449536" total="805306368" percent="8" macro-fragmented="0">
      <mem type="soa" free="58395776" total="797252608" percent="7" />
      <mem type="loa" free="8053760" total="8053760" percent="100" />
    </mem>
    <remembered-set count="103" />
  </mem-info>
</gc-end>
<cycle-end id="4092" type="scavenge" contextid="4086" timestamp="2022-02-08T17:32:26.000" />
<allocation-satisfied id="4093" threadId="0000000000016F00" bytesRequested="112" />
<af-end id="4094" timestamp="2022-02-08T17:32:26.000" threadId="0000000000017908" success="true" from="nursery"/>
<exclusive-end id="4095" timestamp="2022-02-08T17:32:26.000" durationms="90.997" />

<concurrent-end id="4096" type="global mark" contextid="4081" timestamp="2022-02-08T17:32:26.207">
<gc-op id="4097" type="trace" timems="394.981" contextid="4081" timestamp="2022-02-08T17:32:26.207">
  <trace bytesTraced="74441228" workStackOverflowCount="0" />
  <card-cleaning reason="card cleaning threshold reached" bytesTraced="480" cardsCleaned="2" />
</gc-op>
</concurrent-end>

<exclusive-start id="4098" timestamp="2022-02-08T17:32:26.207" intervalms="297.954">
  <response-info timems="0.020" idlems="0.020" threads="0" lastid="0000000000016F00" lastname="main" />
</exclusive-start>
<concurrent-global-final id="4099" timestamp="2022-02-08T17:32:26.207" contextid="4081" intervalms="3097.226" >
  <concurrent-trace-info reason="card cleaning threshold reached" tracedByMutators="50539108" tracedByHelpers="23902600" cardsCleaned="2" workStackOverflowCount="0" />
</concurrent-global-final>
<gc-start id="4100" type="global" contextid="4081" timestamp="2022-02-08T17:32:26.207">
  <mem-info id="4101" free="158093136" total="1073741824" percent="14">
    <mem type="nursery" free="91643600" total="268435456" percent="34">
      <mem type="allocate" free="91643600" total="183500800" percent="49" />
      <mem type="survivor" free="0" total="84934656" percent="0" />
    </mem>
    <mem type="tenure" free="66449536" total="805306368" percent="8">
      <mem type="soa" free="58395776" total="797252608" percent="7" />
      <mem type="loa" free="8053760" total="8053760" percent="100" />
    </mem>
    <remembered-set count="103" />
  </mem-info>
</gc-start>
<allocation-stats totalBytes="14378376" >
  <allocated-bytes non-tlh="112" tlh="14378264" />
  <largest-consumer threadName="main" threadId="0000000000016F00" bytes="14378376" />
</allocation-stats>
<gc-op id="4102" type="rs-scan" timems="0.966" contextid="4081" timestamp="2022-02-08T17:32:26.208">
  <scan objectsFound="29" bytesTraced="5420" workStackOverflowCount="0" />
</gc-op>
<gc-op id="4103" type="card-cleaning" timems="152.025" contextid="4081" timestamp="2022-02-08T17:32:26.360">
  <card-cleaning cardsCleaned="9" bytesTraced="71012872" workStackOverflowCount="0" />
</gc-op>
<gc-op id="4104" type="mark" timems="66.270" contextid="4081" timestamp="2022-02-08T17:32:26.427">
  <trace-info objectcount="1661702" scancount="1247804" scanbytes="26687528" />
  <finalization candidates="428" enqueued="57" />
  <ownableSynchronizers candidates="1" cleared="0" />
  <references type="soft" candidates="894" cleared="0" enqueued="0" dynamicThreshold="11" maxThreshold="32" />
  <references type="weak" candidates="1701" cleared="0" enqueued="0" />
  <references type="phantom" candidates="52" cleared="2" enqueued="2" />
  <stringconstants candidates="6470" cleared="0"  />
  <object-monitors candidates="2" cleared="0"  />
</gc-op>
<gc-op id="4105" type="sweep" timems="9.263" contextid="4081" timestamp="2022-02-08T17:32:26.436" />
<gc-end id="4106" type="global" contextid="4081" durationms="228.744" usertimems="288.602" systemtimems="0.000" stalltimems="165.381" timestamp="2022-02-08T17:32:26.436" activeThreads="4">
  <mem-info id="4107" free="401413088" total="1073741824" percent="37">
    <mem type="nursery" free="91920520" total="268435456" percent="34">
      <mem type="allocate" free="91920520" total="183500800" percent="50" />
      <mem type="survivor" free="0" total="84934656" percent="0" />
    </mem>
    <mem type="tenure" free="309492568" total="805306368" percent="38" micro-fragmented="382795" macro-fragmented="723458">
      <mem type="soa" free="301438808" total="797252608" percent="37" />
      <mem type="loa" free="8053760" total="8053760" percent="100" />
    </mem>
    <pending-finalizers system="57" default="0" reference="2" classloader="0" />
    <remembered-set count="103" />
  </mem-info>
</gc-end>
<cycle-end id="4108" type="global" contextid="4081" timestamp="2022-02-08T17:32:26.436" />
<exclusive-end id="4109" timestamp="2022-02-08T17:32:26.436" durationms="228.983" />

<exclusive-start id="4110" timestamp="2022-02-08T17:32:27.067" intervalms="859.523">
  <response-info timems="0.020" idlems="0.020" threads="0" lastid="0000000000016F00" lastname="main" />
</exclusive-start>
<af-start id="4111" threadId="0000000000017908" totalBytesRequested="192" timestamp="2022-02-08T17:32:27.067" intervalms="1157.478" type="nursery" />
<cycle-start id="4112" type="scavenge" contextid="0" timestamp="2022-02-08T17:32:27.067" intervalms="1157.480" />
<gc-start id="4113" type="scavenge" contextid="4112" timestamp="2022-02-08T17:32:27.067">
  <mem-info id="4114" free="309492568" total="1073741824" percent="28">
    <mem type="nursery" free="0" total="268435456" percent="0">
      <mem type="allocate" free="0" total="183500800" percent="0" />
      <mem type="survivor" free="0" total="84934656" percent="0" />
    </mem>
    <mem type="tenure" free="309492568" total="805306368" percent="38">
      <mem type="soa" free="301438808" total="797252608" percent="37" />
      <mem type="loa" free="8053760" total="8053760" percent="100" />
    </mem>
    <remembered-set count="106" />
  </mem-info>
</gc-start>
<allocation-stats totalBytes="91880800" >
  <allocated-bytes non-tlh="0" tlh="91880800" />
  <largest-consumer threadName="main" threadId="0000000000016F00" bytes="91876704" />
</allocation-stats>
<gc-op id="4115" type="scavenge" timems="92.587" contextid="4112" timestamp="2022-02-08T17:32:27.159">
  <scavenger-info tenureage="1" tenuremask="7ffe" tiltratio="68" />
  <memory-copied type="nursery" objects="1339515" bytes="75488672" bytesdiscarded="365296" />
  <memory-copied type="tenure" objects="1363857" bytes="77285616" bytesdiscarded="47080" />
  <finalization candidates="4" enqueued="0" />
  <ownableSynchronizers candidates="2" cleared="2" />
  <object-monitors candidates="2" cleared="0"  />
</gc-op>
<gc-end id="4116" type="scavenge" contextid="4112" durationms="92.812" usertimems="298.252" systemtimems="0.000" stalltimems="12.198" timestamp="2022-02-08T17:32:27.160" activeThreads="4">
  <mem-info id="4117" free="340015176" total="1073741824" percent="31">
    <mem type="nursery" free="107974512" total="268435456" percent="40">
      <mem type="allocate" free="107974512" total="183828480" percent="58" />
      <mem type="survivor" free="0" total="84606976" percent="0" />
    </mem>
    <mem type="tenure" free="232040664" total="805306368" percent="28" macro-fragmented="0">
      <mem type="soa" free="223986904" total="797252608" percent="28" />
      <mem type="loa" free="8053760" total="8053760" percent="100" />
    </mem>
    <remembered-set count="105" />
  </mem-info>
</gc-end>
<cycle-end id="4118" type="scavenge" contextid="4112" timestamp="2022-02-08T17:32:27.160" />
<allocation-satisfied id="4119" threadId="0000000000016F00" bytesRequested="192" />
<af-end id="4120" timestamp="2022-02-08T17:32:27.160" threadId="0000000000017908" success="true" from="nursery"/>
<exclusive-end id="4121" timestamp="2022-02-08T17:32:27.160" durationms="93.130" />

<exclusive-start id="4122" timestamp="2022-02-08T17:32:27.852" intervalms="785.310">
  <response-info timems="0.019" idlems="0.019" threads="0" lastid="0000000000016F00" lastname="main" />
</exclusive-start>
<af-start id="4123" threadId="0000000000017908" totalBytesRequested="88" timestamp="2022-02-08T17:32:27.852" intervalms="785.331" type="nursery" />
<cycle-start id="4124" type="scavenge" contextid="0" timestamp="2022-02-08T17:32:27.852" intervalms="785.332" />
<gc-start id="4125" type="scavenge" contextid="4124" timestamp="2022-02-08T17:32:27.852">
  <mem-info id="4126" free="232040664" total="1073741824" percent="21">
    <mem type="nursery" free="0" total="268435456" percent="0">
      <mem type="allocate" free="0" total="183828480" percent="0" />
      <mem type="survivor" free="0" total="84606976" percent="0" />
    </mem>
    <mem type="tenure" free="232040664" total="805306368" percent="28">
      <mem type="soa" free="223986904" total="797252608" percent="28" />
      <mem type="loa" free="8053760" total="8053760" percent="100" />
    </mem>
    <remembered-set count="119" />
  </mem-info>
</gc-start>
<allocation-stats totalBytes="107925464" >
  <allocated-bytes non-tlh="453896" tlh="107471568" />
  <largest-consumer threadName="main" threadId="0000000000016F00" bytes="107925464" />
</allocation-stats>
<gc-op id="4127" type="scavenge" timems="94.492" contextid="4124" timestamp="2022-02-08T17:32:27.947">
  <scavenger-info tenureage="1" tenuremask="7ffe" tiltratio="68" />
  <memory-copied type="nursery" objects="1359712" bytes="76852584" bytesdiscarded="187096" />
  <memory-copied type="tenure" objects="1339514" bytes="75488568" bytesdiscarded="47088" />
  <finalization candidates="30" enqueued="18" />
  <references type="phantom" candidates="30" cleared="0" enqueued="0" />
  <object-monitors candidates="2" cleared="0"  />
</gc-op>
<gc-end id="4128" type="scavenge" contextid="4124" durationms="94.715" usertimems="291.827" systemtimems="0.000" stalltimems="5.971" timestamp="2022-02-08T17:32:27.947" activeThreads="4">
  <mem-info id="4129" free="263291064" total="1073741824" percent="24">
    <mem type="nursery" free="106854336" total="268435456" percent="39">
      <mem type="allocate" free="106854336" total="183894016" percent="58" />
      <mem type="survivor" free="0" total="84541440" percent="0" />
    </mem>
    <mem type="tenure" free="156436728" total="805306368" percent="19" macro-fragmented="39939376">
      <mem type="soa" free="148382968" total="797252608" percent="18" />
      <mem type="loa" free="8053760" total="8053760" percent="100" />
    </mem>
    <pending-finalizers system="18" default="0" reference="0" classloader="0" />
    <remembered-set count="119" />
  </mem-info>
</gc-end>
<cycle-end id="4130" type="scavenge" contextid="4124" timestamp="2022-02-08T17:32:27.947" />
<allocation-satisfied id="4131" threadId="0000000000016F00" bytesRequested="88" />
<af-end id="4132" timestamp="2022-02-08T17:32:27.947" threadId="0000000000017908" success="true" from="nursery"/>
<exclusive-end id="4133" timestamp="2022-02-08T17:32:27.947" durationms="95.067" />

<concurrent-kickoff id="4134" timestamp="2022-02-08T17:32:28.792">
  <kickoff reason="threshold reached" targetBytes="74440958" thresholdFreeBytes="5740265"  remainingFree="5666888" tenureFreeBytes="156436728" nurseryFreeBytes="5666888" />
</concurrent-kickoff>
<exclusive-start id="4135" timestamp="2022-02-08T17:32:28.795" intervalms="943.386">
  <response-info timems="0.018" idlems="0.018" threads="0" lastid="0000000000016F00" lastname="main" />
</exclusive-start>
<cycle-start id="4136" type="global" contextid="0" timestamp="2022-02-08T17:32:28.795" intervalms="2983.269" />
<concurrent-start id="4137" type="global mark" contextid="4136" timestamp="2022-02-08T17:32:28.795">
</concurrent-start>
<exclusive-end id="4138" timestamp="2022-02-08T17:32:28.795" durationms="0.029" />

<exclusive-start id="4139" timestamp="2022-02-08T17:32:28.919" intervalms="123.315">
  <response-info timems="0.017" idlems="0.017" threads="0" lastid="0000000000016F00" lastname="main" />
</exclusive-start>
<af-start id="4140" threadId="0000000000017908" totalBytesRequested="24" timestamp="2022-02-08T17:32:28.919" intervalms="1066.680" type="nursery" />
<cycle-start id="4141" type="scavenge" contextid="0" timestamp="2022-02-08T17:32:28.919" intervalms="1066.677" />
<gc-start id="4142" type="scavenge" contextid="4141" timestamp="2022-02-08T17:32:28.919">
  <mem-info id="4143" free="156436728" total="1073741824" percent="14">
    <mem type="nursery" free="0" total="268435456" percent="0">
      <mem type="allocate" free="0" total="183894016" percent="0" />
      <mem type="survivor" free="0" total="84541440" percent="0" />
    </mem>
    <mem type="tenure" free="156436728" total="805306368" percent="19">
      <mem type="soa" free="148382968" total="797252608" percent="18" />
      <mem type="loa" free="8053760" total="8053760" percent="100" />
    </mem>
    <remembered-set count="136" />
  </mem-info>
</gc-start>
<allocation-stats totalBytes="106806424" >
  <allocated-bytes non-tlh="2387832" tlh="104418592" />
  <largest-consumer threadName="main" threadId="0000000000016F00" bytes="106802328" />
</allocation-stats>
<gc-op id="4144" type="scavenge" timems="115.147" contextid="4141" timestamp="2022-02-08T17:32:29.034">
  <scavenger-info tenureage="1" tenuremask="7ffe" tiltratio="68" />
  <memory-copied type="nursery" objects="1422052" bytes="75427832" bytesdiscarded="135160" />
  <memory-copied type="tenure" objects="1359412" bytes="76239784" bytesdiscarded="44416" />
  <finalization candidates="92" enqueued="35" />
  <references type="soft" candidates="14" cleared="0" enqueued="0" dynamicThreshold="12" maxThreshold="32" />
  <references type="weak" candidates="1" cleared="0" enqueued="0" />
  <references type="phantom" candidates="77" cleared="7" enqueued="7" />
  <object-monitors candidates="2" cleared="0"  />
</gc-op>
<gc-end id="4145" type="scavenge" contextid="4141" durationms="115.353" usertimems="401.751" systemtimems="5.236" stalltimems="12.807" timestamp="2022-02-08T17:32:29.034" activeThreads="4">
  <mem-info id="4146" free="188837112" total="1073741824" percent="17">
    <mem type="nursery" free="108658576" total="268435456" percent="40">
      <mem type="allocate" free="108658576" total="184221696" percent="58" />
      <mem type="survivor" free="0" total="84213760" percent="0" />
    </mem>
    <mem type="tenure" free="80178536" total="805306368" percent="9" macro-fragmented="39939376">
      <mem type="soa" free="72124776" total="797252608" percent="9" />
      <mem type="loa" free="8053760" total="8053760" percent="100" />
    </mem>
    <pending-finalizers system="34" default="1" reference="7" classloader="0" />
    <remembered-set count="121" />
  </mem-info>
</gc-end>
<cycle-end id="4147" type="scavenge" contextid="4141" timestamp="2022-02-08T17:32:29.034" />
<allocation-satisfied id="4148" threadId="0000000000016F00" bytesRequested="24" />
<af-end id="4149" timestamp="2022-02-08T17:32:29.034" threadId="0000000000017908" success="true" from="nursery"/>
<exclusive-end id="4150" timestamp="2022-02-08T17:32:29.034" durationms="115.642" />

<concurrent-end id="4151" type="global mark" contextid="4136" timestamp="2022-02-08T17:32:29.150">
<gc-op id="4152" type="trace" timems="354.782" contextid="4136" timestamp="2022-02-08T17:32:29.150">
  <trace bytesTraced="74441596" workStackOverflowCount="0" />
  <card-cleaning reason="card cleaning threshold reached" bytesTraced="480" cardsCleaned="2" />
</gc-op>
</concurrent-end>

<exclusive-start id="4153" timestamp="2022-02-08T17:32:29.150" intervalms="231.537">
  <response-info timems="0.018" idlems="0.018" threads="0" lastid="0000000000016F00" lastname="main" />
</exclusive-start>
<concurrent-global-final id="4154" timestamp="2022-02-08T17:32:29.150" contextid="4136" intervalms="2943.071" >
  <concurrent-trace-info reason="card cleaning threshold reached" tracedByMutators="58493972" tracedByHelpers="15948104" cardsCleaned="2" workStackOverflowCount="0" />
</concurrent-global-final>
<gc-start id="4155" type="global" contextid="4136" timestamp="2022-02-08T17:32:29.150">
  <mem-info id="4156" free="181128416" total="1073741824" percent="16">
    <mem type="nursery" free="100949880" total="268435456" percent="37">
      <mem type="allocate" free="100949880" total="184221696" percent="54" />
      <mem type="survivor" free="0" total="84213760" percent="0" />
    </mem>
    <mem type="tenure" free="80178536" total="805306368" percent="9">
      <mem type="soa" free="72124776" total="797252608" percent="9" />
      <mem type="loa" free="8053760" total="8053760" percent="100" />
    </mem>
    <remembered-set count="122" />
  </mem-info>
</gc-start>
<allocation-stats totalBytes="7705040" >
  <allocated-bytes non-tlh="24" tlh="7705016" />
  <largest-consumer threadName="main" threadId="0000000000016F00" bytes="7696848" />
</allocation-stats>
<gc-op id="4157" type="rs-scan" timems="136.646" contextid="4136" timestamp="2022-02-08T17:32:29.287">
  <scan objectsFound="3324743" bytesTraced="71015736" workStackOverflowCount="0" />
</gc-op>
<gc-op id="4158" type="card-cleaning" timems="0.258" contextid="4136" timestamp="2022-02-08T17:32:29.287">
  <card-cleaning cardsCleaned="4" bytesTraced="1696" workStackOverflowCount="0" />
</gc-op>
<gc-op id="4159" type="mark" timems="31.872" contextid="4136" timestamp="2022-02-08T17:32:29.319">
  <trace-info objectcount="1271040" scancount="954806" scanbytes="20436936" />
  <finalization candidates="428" enqueued="57" />
  <ownableSynchronizers candidates="1" cleared="0" />
  <references type="soft" candidates="894" cleared="0" enqueued="0" dynamicThreshold="12" maxThreshold="32" />
  <references type="weak" candidates="1701" cleared="0" enqueued="0" />
  <references type="phantom" candidates="52" cleared="2" enqueued="2" />
  <stringconstants candidates="6470" cleared="0"  />
  <object-monitors candidates="2" cleared="0"  />
</gc-op>
<gc-op id="4160" type="sweep" timems="4.956" contextid="4136" timestamp="2022-02-08T17:32:29.324" />
<gc-end id="4161" type="global" contextid="4136" durationms="173.960" usertimems="187.686" systemtimems="0.310" stalltimems="95.995" timestamp="2022-02-08T17:32:29.324" activeThreads="4">
  <mem-info id="4162" free="424580976" total="1073741824" percent="39">
    <mem type="nursery" free="101497464" total="268435456" percent="37">
      <mem type="allocate" free="101497464" total="184221696" percent="55" />
      <mem type="survivor" free="0" total="84213760" percent="0" />
    </mem>
    <mem type="tenure" free="323083512" total="805306368" percent="40" micro-fragmented="291668" macro-fragmented="0">
      <mem type="soa" free="315029752" total="797252608" percent="39" />
      <mem type="loa" free="8053760" total="8053760" percent="100" />
    </mem>
    <pending-finalizers system="57" default="0" reference="2" classloader="0" />
    <remembered-set count="109" />
  </mem-info>
</gc-end>
<cycle-end id="4163" type="global" contextid="4136" timestamp="2022-02-08T17:32:29.324" />
<exclusive-end id="4164" timestamp="2022-02-08T17:32:29.324" durationms="174.199" />

<exclusive-start id="4165" timestamp="2022-02-08T17:32:30.023" intervalms="872.342">
  <response-info timems="0.018" idlems="0.018" threads="0" lastid="0000000000016F00" lastname="main" />
</exclusive-start>
<af-start id="4166" threadId="0000000000017908" totalBytesRequested="24" timestamp="2022-02-08T17:32:30.023" intervalms="1103.881" type="nursery" />
<cycle-start id="4167" type="scavenge" contextid="0" timestamp="2022-02-08T17:32:30.023" intervalms="1103.882" />
<gc-start id="4168" type="scavenge" contextid="4167" timestamp="2022-02-08T17:32:30.023">
  <mem-info id="4169" free="323083512" total="1073741824" percent="30">
    <mem type="nursery" free="0" total="268435456" percent="0">
      <mem type="allocate" free="0" total="184221696" percent="0" />
      <mem type="survivor" free="0" total="84213760" percent="0" />
    </mem>
    <mem type="tenure" free="323083512" total="805306368" percent="40">
      <mem type="soa" free="315029752" total="797252608" percent="39" />
      <mem type="loa" free="8053760" total="8053760" percent="100" />
    </mem>
    <remembered-set count="110" />
  </mem-info>
</gc-start>
<allocation-stats totalBytes="101451000" >
  <allocated-bytes non-tlh="0" tlh="101451000" />
  <largest-consumer threadName="main" threadId="0000000000016F00" bytes="101441880" />
</allocation-stats>
<gc-op id="4170" type="scavenge" timems="79.128" contextid="4167" timestamp="2022-02-08T17:32:30.102">
  <scavenger-info tenureage="1" tenuremask="7ffe" tiltratio="68" />
  <memory-copied type="nursery" objects="1407129" bytes="77648072" bytesdiscarded="184888" />
  <memory-copied type="tenure" objects="1421571" bytes="75116088" bytesdiscarded="45296" />
  <finalization candidates="45" enqueued="0" />
  <ownableSynchronizers candidates="2" cleared="2" />
  <object-monitors candidates="2" cleared="0"  />
</gc-op>
<gc-end id="4171" type="scavenge" contextid="4167" durationms="79.322" usertimems="311.733" systemtimems="0.760" stalltimems="3.007" timestamp="2022-02-08T17:32:30.102" activeThreads="4">
  <mem-info id="4172" free="352556984" total="1073741824" percent="32">
    <mem type="nursery" free="104750336" total="268435456" percent="39">
      <mem type="allocate" free="104750336" total="182583296" percent="57" />
      <mem type="survivor" free="0" total="85852160" percent="0" />
    </mem>
    <mem type="tenure" free="247806648" total="805306368" percent="30" macro-fragmented="0">
      <mem type="soa" free="239752888" total="797252608" percent="30" />
      <mem type="loa" free="8053760" total="8053760" percent="100" />
    </mem>
    <remembered-set count="103" />
  </mem-info>
</gc-end>
<cycle-end id="4173" type="scavenge" contextid="4167" timestamp="2022-02-08T17:32:30.102" />
<allocation-satisfied id="4174" threadId="0000000000016F00" bytesRequested="24" />
<af-end id="4175" timestamp="2022-02-08T17:32:30.102" threadId="0000000000017908" success="true" from="nursery"/>
<exclusive-end id="4176" timestamp="2022-02-08T17:32:30.102" durationms="79.605" />

<exclusive-start id="4177" timestamp="2022-02-08T17:32:30.731" intervalms="708.224">
  <response-info timems="0.016" idlems="0.016" threads="0" lastid="0000000000016F00" lastname="main" />
</exclusive-start>
<af-start id="4178" threadId="0000000000017908" totalBytesRequested="16" timestamp="2022-02-08T17:32:30.731" intervalms="708.222" type="nursery" />
<cycle-start id="4179" type="scavenge" contextid="0" timestamp="2022-02-08T17:32:30.731" intervalms="708.221" />
<gc-start id="4180" type="scavenge" contextid="4179" timestamp="2022-02-08T17:32:30.731">
  <mem-info id="4181" free="247806648" total="1073741824" percent="23">
    <mem type="nursery" free="0" total="268435456" percent="0">
      <mem type="allocate" free="0" total="182583296" percent="0" />
      <mem type="survivor" free="0" total="85852160" percent="0" />
    </mem>
    <mem type="tenure" free="247806648" total="805306368" percent="30">
      <mem type="soa" free="239752888" total="797252608" percent="30" />
      <mem type="loa" free="8053760" total="8053760" percent="100" />
    </mem>
    <remembered-set count="103" />
  </mem-info>
</gc-start>
<allocation-stats totalBytes="104702392" >
  <allocated-bytes non-tlh="24" tlh="104702368" />
  <largest-consumer threadName="main" threadId="0000000000016F00" bytes="104702392" />
</allocation-stats>
<gc-op id="4182" type="scavenge" timems="73.924" contextid="4179" timestamp="2022-02-08T17:32:30.805">
  <scavenger-info tenureage="1" tenuremask="7ffe" tiltratio="68" />
  <memory-copied type="nursery" objects="1307258" bytes="74440928" bytesdiscarded="101968" />
  <memory-copied type="tenure" objects="1407129" bytes="77648072" bytesdiscarded="44872" />
  <object-monitors candidates="2" cleared="0"  />
</gc-op>
<gc-end id="4183" type="scavenge" contextid="4179" durationms="74.165" usertimems="290.128" systemtimems="0.000" stalltimems="4.893" timestamp="2022-02-08T17:32:30.805" activeThreads="4">
  <mem-info id="4184" free="278532944" total="1073741824" percent="25">
    <mem type="nursery" free="108433616" total="268435456" percent="40">
      <mem type="allocate" free="108433616" total="182976512" percent="59" />
      <mem type="survivor" free="0" total="85458944" percent="0" />
    </mem>
    <mem type="tenure" free="170099328" total="805306368" percent="21" macro-fragmented="0">
      <mem type="soa" free="162045568" total="797252608" percent="20" />
      <mem type="loa" free="8053760" total="8053760" percent="100" />
    </mem>
    <remembered-set count="103" />
  </mem-info>
</gc-end>
<cycle-end id="4185" type="scavenge" contextid="4179" timestamp="2022-02-08T17:32:30.805" />
<allocation-satisfied id="4186" threadId="0000000000016F00" bytesRequested="16" />
<af-end id="4187" timestamp="2022-02-08T17:32:30.805" threadId="0000000000017908" success="true" from="nursery"/>
<exclusive-end id="4188" timestamp="2022-02-08T17:32:30.805" durationms="74.407" />

<exclusive-start id="4189" timestamp="2022-02-08T17:32:31.693" intervalms="962.718">
  <response-info timems="0.022" idlems="0.022" threads="0" lastid="0000000000016F00" lastname="main" />
</exclusive-start>
<af-start id="4190" threadId="0000000000017908" totalBytesRequested="112" timestamp="2022-02-08T17:32:31.694" intervalms="962.736" type="nursery" />
<cycle-start id="4191" type="scavenge" contextid="0" timestamp="2022-02-08T17:32:31.694" intervalms="962.739" />
<gc-start id="4192" type="scavenge" contextid="4191" timestamp="2022-02-08T17:32:31.694">
  <mem-info id="4193" free="170099328" total="1073741824" percent="15">
    <mem type="nursery" free="0" total="268435456" percent="0">
      <mem type="allocate" free="0" total="182976512" percent="0" />
      <mem type="survivor" free="0" total="85458944" percent="0" />
    </mem>
    <mem type="tenure" free="170099328" total="805306368" percent="21">
      <mem type="soa" free="162045568" total="797252608" percent="20" />
      <mem type="loa" free="8053760" total="8053760" percent="100" />
    </mem>
    <remembered-set count="134" />
  </mem-info>
</gc-start>
<allocation-stats totalBytes="108384152" >
  <allocated-bytes non-tlh="3008840" tlh="105375312" />
  <largest-consumer threadName="main" threadId="0000000000016F00" bytes="108384152" />
</allocation-stats>
<gc-op id="4194" type="scavenge" timems="90.072" contextid="4191" timestamp="2022-02-08T17:32:31.784">
  <scavenger-info tenureage="1" tenuremask="7ffe" tiltratio="68" />
  <memory-copied type="nursery" objects="1454769" bytes="76207752" bytesdiscarded="135192" />
  <memory-copied type="tenure" objects="1307258" bytes="74440928" bytesdiscarded="42656" />
  <finalization candidates="110" enqueued="53" />
  <references type="soft" candidates="14" cleared="0" enqueued="0" dynamicThreshold="12" maxThreshold="32" />
  <references type="weak" candidates="1" cleared="0" enqueued="0" />
  <references type="phantom" candidates="95" cleared="7" enqueued="7" />
  <object-monitors candidates="2" cleared="0"  />
</gc-op>
<gc-end id="4195" type="scavenge" contextid="4191" durationms="90.369" usertimems="350.282" systemtimems="1.095" stalltimems="5.464" timestamp="2022-02-08T17:32:31.784" activeThreads="4">
  <mem-info id="4196" free="202327088" total="1073741824" percent="18">
    <mem type="nursery" free="106830048" total="268435456" percent="39">
      <mem type="allocate" free="106830048" total="183173120" percent="58" />
      <mem type="survivor" free="0" total="85262336" percent="0" />
    </mem>
    <mem type="tenure" free="95497040" total="805306368" percent="11" macro-fragmented="0">
      <mem type="soa" free="87443280" total="797252608" percent="10" />
      <mem type="loa" free="8053760" total="8053760" percent="100" />
    </mem>
    <pending-finalizers system="52" default="1" reference="7" classloader="0" />
    <remembered-set count="129" />
  </mem-info>
</gc-end>
<cycle-end id="4197" type="scavenge" contextid="4191" timestamp="2022-02-08T17:32:31.784" />
<allocation-satisfied id="4198" threadId="0000000000016F00" bytesRequested="112" />
<af-end id="4199" timestamp="2022-02-08T17:32:31.784" threadId="0000000000017908" success="true" from="nursery"/>
<exclusive-end id="4200" timestamp="2022-02-08T17:32:31.784" durationms="90.674" />

<concurrent-kickoff id="4201" timestamp="2022-02-08T17:32:32.469">
  <kickoff reason="threshold reached" targetBytes="74441181" thresholdFreeBytes="5738804"  remainingFree="5666928" tenureFreeBytes="95497040" nurseryFreeBytes="5666928" />
</concurrent-kickoff>
<exclusive-start id="4202" timestamp="2022-02-08T17:32:32.473" intervalms="779.391">
  <response-info timems="0.019" idlems="0.019" threads="0" lastid="0000000000016F00" lastname="main" />
</exclusive-start>
<cycle-start id="4203" type="global" contextid="0" timestamp="2022-02-08T17:32:32.473" intervalms="3677.724" />
<concurrent-start id="4204" type="global mark" contextid="4203" timestamp="2022-02-08T17:32:32.473">
</concurrent-start>
<exclusive-end id="4205" timestamp="2022-02-08T17:32:32.473" durationms="0.228" />

<exclusive-start id="4206" timestamp="2022-02-08T17:32:32.601" intervalms="128.541">
  <response-info timems="0.016" idlems="0.016" threads="0" lastid="0000000000016F00" lastname="main" />
</exclusive-start>
<af-start id="4207" threadId="0000000000017908" totalBytesRequested="200" timestamp="2022-02-08T17:32:32.601" intervalms="907.913" type="nursery" />
<cycle-start id="4208" type="scavenge" contextid="0" timestamp="2022-02-08T17:32:32.601" intervalms="907.909" />
<gc-start id="4209" type="scavenge" contextid="4208" timestamp="2022-02-08T17:32:32.602">
  <mem-info id="4210" free="95497040" total="1073741824" percent="8">
    <mem type="nursery" free="0" total="268435456" percent="0">
      <mem type="allocate" free="0" total="183173120" percent="0" />
      <mem type="survivor" free="0" total="85262336" percent="0" />
    </mem>
    <mem type="tenure" free="95497040" total="805306368" percent="11">
      <mem type="soa" free="87443280" total="797252608" percent="10" />
      <mem type="loa" free="8053760" total="8053760" percent="100" />
    </mem>
    <remembered-set count="130" />
  </mem-info>
</gc-start>
<allocation-stats totalBytes="106782440" >
  <allocated-bytes non-tlh="112" tlh="106782328" />
  <largest-consumer threadName="main" threadId="0000000000016F00" bytes="106774248" />
</allocation-stats>
<gc-op id="4211" type="scavenge" timems="81.494" contextid="4208" timestamp="2022-02-08T17:32:32.683">
  <scavenger-info tenureage="1" tenuremask="7ffe" tiltratio="68" />
  <memory-copied type="nursery" objects="1377561" bytes="76073240" bytesdiscarded="120040" />
  <memory-copied type="tenure" objects="1454058" bytes="75739896" bytesdiscarded="36048" />
  <finalization candidates="57" enqueued="0" />
  <object-monitors candidates="2" cleared="0"  />
</gc-op>
<gc-end id="4212" type="scavenge" contextid="4208" durationms="81.639" usertimems="318.441" systemtimems="3.365" stalltimems="3.262" timestamp="2022-02-08T17:32:32.683" activeThreads="4">
  <mem-info id="4213" free="127349904" total="1073741824" percent="11">
    <mem type="nursery" free="107569664" total="268435456" percent="40">
      <mem type="allocate" free="107569664" total="183762944" percent="58" />
      <mem type="survivor" free="0" total="84672512" percent="0" />
    </mem>
    <mem type="tenure" free="19780240" total="805306368" percent="2" macro-fragmented="18886860">
      <mem type="soa" free="11726480" total="797252608" percent="1" />
      <mem type="loa" free="8053760" total="8053760" percent="100" />
    </mem>
    <remembered-set count="103" />
  </mem-info>
</gc-end>
<cycle-end id="4214" type="scavenge" contextid="4208" timestamp="2022-02-08T17:32:32.683" />
<allocation-satisfied id="4215" threadId="0000000000016F00" bytesRequested="200" />
<af-end id="4216" timestamp="2022-02-08T17:32:32.683" threadId="0000000000017908" success="true" from="nursery"/>
<exclusive-end id="4217" timestamp="2022-02-08T17:32:32.683" durationms="81.985" />

<concurrent-end id="4218" type="global mark" contextid="4203" timestamp="2022-02-08T17:32:32.804">
<gc-op id="4219" type="trace" timems="331.029" contextid="4203" timestamp="2022-02-08T17:32:32.804">
  <trace bytesTraced="74441708" workStackOverflowCount="0" />
  <card-cleaning reason="card cleaning threshold reached" bytesTraced="480" cardsCleaned="2" />
</gc-op>
</concurrent-end>

<exclusive-start id="4220" timestamp="2022-02-08T17:32:32.804" intervalms="202.755">
  <response-info timems="0.019" idlems="0.019" threads="0" lastid="0000000000016F00" lastname="main" />
</exclusive-start>
<concurrent-global-final id="4221" timestamp="2022-02-08T17:32:32.804" contextid="4203" intervalms="3653.971" >
  <concurrent-trace-info reason="card cleaning threshold reached" tracedByMutators="57554072" tracedByHelpers="16888116" cardsCleaned="2" workStackOverflowCount="0" />
</concurrent-global-final>
<gc-start id="4222" type="global" contextid="4203" timestamp="2022-02-08T17:32:32.804">
  <mem-info id="4223" free="119518152" total="1073741824" percent="11">
    <mem type="nursery" free="99737912" total="268435456" percent="37">
      <mem type="allocate" free="99737912" total="183762944" percent="54" />
      <mem type="survivor" free="0" total="84672512" percent="0" />
    </mem>
    <mem type="tenure" free="19780240" total="805306368" percent="2">
      <mem type="soa" free="11726480" total="797252608" percent="1" />
      <mem type="loa" free="8053760" total="8053760" percent="100" />
    </mem>
    <remembered-set count="103" />
  </mem-info>
</gc-start>
<allocation-stats totalBytes="7827504" >
  <allocated-bytes non-tlh="200" tlh="7827304" />
  <largest-consumer threadName="main" threadId="0000000000016F00" bytes="7827504" />
</allocation-stats>
<gc-op id="4224" type="rs-scan" timems="0.537" contextid="4203" timestamp="2022-02-08T17:32:32.805">
  <scan objectsFound="0" bytesTraced="3988" workStackOverflowCount="0" />
</gc-op>
<gc-op id="4225" type="card-cleaning" timems="153.816" contextid="4203" timestamp="2022-02-08T17:32:32.959">
  <card-cleaning cardsCleaned="11" bytesTraced="71014688" workStackOverflowCount="0" />
</gc-op>
<gc-op id="4226" type="mark" timems="68.332" contextid="4203" timestamp="2022-02-08T17:32:33.027">
  <trace-info objectcount="2392043" scancount="1795560" scanbytes="38372968" />
  <finalization candidates="428" enqueued="57" />
  <ownableSynchronizers candidates="1" cleared="0" />
  <references type="soft" candidates="894" cleared="0" enqueued="0" dynamicThreshold="12" maxThreshold="32" />
  <references type="weak" candidates="1701" cleared="0" enqueued="0" />
  <references type="phantom" candidates="52" cleared="2" enqueued="2" />
  <stringconstants candidates="6470" cleared="0"  />
  <object-monitors candidates="2" cleared="0"  />
</gc-op>
<gc-op id="4227" type="sweep" timems="5.025" contextid="4203" timestamp="2022-02-08T17:32:33.032" />
<gc-end id="4228" type="global" contextid="4203" durationms="227.971" usertimems="243.092" systemtimems="0.139" stalltimems="204.420" timestamp="2022-02-08T17:32:33.032" activeThreads="4">
  <mem-info id="4229" free="362659520" total="1073741824" percent="33">
    <mem type="nursery" free="99951136" total="268435456" percent="37">
      <mem type="allocate" free="99951136" total="183762944" percent="54" />
      <mem type="survivor" free="0" total="84672512" percent="0" />
    </mem>
    <mem type="tenure" free="262708384" total="805306368" percent="32" micro-fragmented="380232" macro-fragmented="0">
      <mem type="soa" free="254654624" total="797252608" percent="31" />
      <mem type="loa" free="8053760" total="8053760" percent="100" />
    </mem>
    <pending-finalizers system="57" default="0" reference="2" classloader="0" />
    <remembered-set count="103" />
  </mem-info>
</gc-end>
<cycle-end id="4230" type="global" contextid="4203" timestamp="2022-02-08T17:32:33.032" />
<exclusive-end id="4231" timestamp="2022-02-08T17:32:33.032" durationms="228.212" />

<exclusive-start id="4232" timestamp="2022-02-08T17:32:33.620" intervalms="815.811">
  <response-info timems="0.018" idlems="0.018" threads="0" lastid="0000000000016F00" lastname="main" />
</exclusive-start>
<af-start id="4233" threadId="0000000000017908" totalBytesRequested="184" timestamp="2022-02-08T17:32:33.620" intervalms="1018.569" type="nursery" />
<cycle-start id="4234" type="scavenge" contextid="0" timestamp="2022-02-08T17:32:33.620" intervalms="1018.570" />
<gc-start id="4235" type="scavenge" contextid="4234" timestamp="2022-02-08T17:32:33.620">
  <mem-info id="4236" free="262708384" total="1073741824" percent="24">
    <mem type="nursery" free="0" total="268435456" percent="0">
      <mem type="allocate" free="0" total="183762944" percent="0" />
      <mem type="survivor" free="0" total="84672512" percent="0" />
    </mem>
    <mem type="tenure" free="262708384" total="805306368" percent="32">
      <mem type="soa" free="254654624" total="797252608" percent="31" />
      <mem type="loa" free="8053760" total="8053760" percent="100" />
    </mem>
    <remembered-set count="106" />
  </mem-info>
</gc-start>
<allocation-stats totalBytes="99905952" >
  <allocated-bytes non-tlh="0" tlh="99905952" />
  <largest-consumer threadName="main" threadId="0000000000016F00" bytes="99901856" />
</allocation-stats>
<gc-op id="4237" type="scavenge" timems="78.657" contextid="4234" timestamp="2022-02-08T17:32:33.699">
  <scavenger-info tenureage="1" tenuremask="7ffe" tiltratio="68" />
  <memory-copied type="nursery" objects="1350867" bytes="76495824" bytesdiscarded="115752" />
  <memory-copied type="tenure" objects="1377560" bytes="76073128" bytesdiscarded="47760" />
  <ownableSynchronizers candidates="2" cleared="2" />
  <object-monitors candidates="2" cleared="0"  />
</gc-op>
<gc-end id="4238" type="scavenge" contextid="4234" durationms="78.866" usertimems="304.306" systemtimems="4.278" stalltimems="4.912" timestamp="2022-02-08T17:32:33.699" activeThreads="4">
  <mem-info id="4239" free="293892664" total="1073741824" percent="27">
    <mem type="nursery" free="107479048" total="268435456" percent="40">
      <mem type="allocate" free="107479048" total="184090624" percent="58" />
      <mem type="survivor" free="0" total="84344832" percent="0" />
    </mem>
    <mem type="tenure" free="186413616" total="805306368" percent="23" macro-fragmented="0">
      <mem type="soa" free="178359856" total="797252608" percent="22" />
      <mem type="loa" free="8053760" total="8053760" percent="100" />
    </mem>
    <remembered-set count="105" />
  </mem-info>
</gc-end>
<cycle-end id="4240" type="scavenge" contextid="4234" timestamp="2022-02-08T17:32:33.699" />
<allocation-satisfied id="4241" threadId="0000000000016F00" bytesRequested="184" />
<af-end id="4242" timestamp="2022-02-08T17:32:33.699" threadId="0000000000017908" success="true" from="nursery"/>
<exclusive-end id="4243" timestamp="2022-02-08T17:32:33.699" durationms="79.159" />

<exclusive-start id="4244" timestamp="2022-02-08T17:32:34.554" intervalms="933.749">
  <response-info timems="0.018" idlems="0.018" threads="0" lastid="0000000000016F00" lastname="main" />
</exclusive-start>
<af-start id="4245" threadId="0000000000017908" totalBytesRequested="24" timestamp="2022-02-08T17:32:34.554" intervalms="933.757" type="nursery" />
<cycle-start id="4246" type="scavenge" contextid="0" timestamp="2022-02-08T17:32:34.554" intervalms="933.757" />
<gc-start id="4247" type="scavenge" contextid="4246" timestamp="2022-02-08T17:32:34.554">
  <mem-info id="4248" free="186413616" total="1073741824" percent="17">
    <mem type="nursery" free="0" total="268435456" percent="0">
      <mem type="allocate" free="0" total="184090624" percent="0" />
      <mem type="survivor" free="0" total="84344832" percent="0" />
    </mem>
    <mem type="tenure" free="186413616" total="805306368" percent="23">
      <mem type="soa" free="178359856" total="797252608" percent="22" />
      <mem type="loa" free="8053760" total="8053760" percent="100" />
    </mem>
    <remembered-set count="135" />
  </mem-info>
</gc-start>
<allocation-stats totalBytes="107432120" >
  <allocated-bytes non-tlh="1590752" tlh="105841368" />
  <largest-consumer threadName="main" threadId="0000000000016F00" bytes="107432120" />
</allocation-stats>
<gc-op id="4249" type="scavenge" timems="76.157" contextid="4246" timestamp="2022-02-08T17:32:34.630">
  <scavenger-info tenureage="1" tenuremask="7ffe" tiltratio="68" />
  <memory-copied type="nursery" objects="1447344" bytes="75583448" bytesdiscarded="90312" />
  <memory-copied type="tenure" objects="1350866" bytes="76495720" bytesdiscarded="38864" />
  <finalization candidates="109" enqueued="53" />
  <references type="soft" candidates="14" cleared="0" enqueued="0" dynamicThreshold="10" maxThreshold="32" />
  <references type="weak" candidates="1" cleared="0" enqueued="0" />
  <references type="phantom" candidates="94" cleared="7" enqueued="7" />
  <object-monitors candidates="2" cleared="0"  />
</gc-op>
<gc-end id="4250" type="scavenge" contextid="4246" durationms="76.351" usertimems="300.643" systemtimems="0.301" stalltimems="2.909" timestamp="2022-02-08T17:32:34.630" activeThreads="4">
  <mem-info id="4251" free="218701976" total="1073741824" percent="20">
    <mem type="nursery" free="108744416" total="268435456" percent="40">
      <mem type="allocate" free="108744416" total="184418304" percent="58" />
      <mem type="survivor" free="0" total="84017152" percent="0" />
    </mem>
    <mem type="tenure" free="109957560" total="805306368" percent="13" macro-fragmented="242284">
      <mem type="soa" free="101903800" total="797252608" percent="12" />
      <mem type="loa" free="8053760" total="8053760" percent="100" />
    </mem>
    <pending-finalizers system="52" default="1" reference="7" classloader="0" />
    <remembered-set count="131" />
  </mem-info>
</gc-end>
<cycle-end id="4252" type="scavenge" contextid="4246" timestamp="2022-02-08T17:32:34.630" />
<allocation-satisfied id="4253" threadId="0000000000016F00" bytesRequested="24" />
<af-end id="4254" timestamp="2022-02-08T17:32:34.630" threadId="0000000000017908" success="true" from="nursery"/>
<exclusive-end id="4255" timestamp="2022-02-08T17:32:34.630" durationms="76.612" />

<concurrent-kickoff id="4256" timestamp="2022-02-08T17:32:35.313">
  <kickoff reason="threshold reached" targetBytes="74441384" thresholdFreeBytes="5737642"  remainingFree="5656288" tenureFreeBytes="109957560" nurseryFreeBytes="5656288" />
</concurrent-kickoff>
<exclusive-start id="4257" timestamp="2022-02-08T17:32:35.317" intervalms="763.081">
  <response-info timems="0.020" idlems="0.020" threads="0" lastid="0000000000016F00" lastname="main" />
</exclusive-start>
<cycle-start id="4258" type="global" contextid="0" timestamp="2022-02-08T17:32:35.317" intervalms="2843.741" />
<concurrent-start id="4259" type="global mark" contextid="4258" timestamp="2022-02-08T17:32:35.317">
</concurrent-start>
<exclusive-end id="4260" timestamp="2022-02-08T17:32:35.317" durationms="0.029" />

<exclusive-start id="4261" timestamp="2022-02-08T17:32:35.439" intervalms="122.501">
  <response-info timems="0.036" idlems="0.036" threads="0" lastid="0000000000016F00" lastname="main" />
</exclusive-start>
<af-start id="4262" threadId="0000000000017908" totalBytesRequested="120" timestamp="2022-02-08T17:32:35.439" intervalms="885.580" type="nursery" />
<cycle-start id="4263" type="scavenge" contextid="0" timestamp="2022-02-08T17:32:35.439" intervalms="885.580" />
<gc-start id="4264" type="scavenge" contextid="4263" timestamp="2022-02-08T17:32:35.439">
  <mem-info id="4265" free="109957560" total="1073741824" percent="10">
    <mem type="nursery" free="0" total="268435456" percent="0">
      <mem type="allocate" free="0" total="184418304" percent="0" />
      <mem type="survivor" free="0" total="84017152" percent="0" />
    </mem>
    <mem type="tenure" free="109957560" total="805306368" percent="13">
      <mem type="soa" free="101903800" total="797252608" percent="12" />
      <mem type="loa" free="8053760" total="8053760" percent="100" />
    </mem>
    <remembered-set count="132" />
  </mem-info>
</gc-start>
<allocation-stats totalBytes="108693776" >
  <allocated-bytes non-tlh="1347704" tlh="107346072" />
  <largest-consumer threadName="main" threadId="0000000000016F00" bytes="108685584" />
</allocation-stats>
<gc-op id="4266" type="scavenge" timems="77.310" contextid="4263" timestamp="2022-02-08T17:32:35.517">
  <scavenger-info tenureage="1" tenuremask="7ffe" tiltratio="68" />
  <memory-copied type="nursery" objects="1383143" bytes="77816480" bytesdiscarded="257720" />
  <memory-copied type="tenure" objects="1446625" bytes="74640280" bytesdiscarded="41560" />
  <finalization candidates="57" enqueued="0" />
  <references type="phantom" candidates="1" cleared="0" enqueued="0" />
  <object-monitors candidates="2" cleared="0"  />
</gc-op>
<gc-end id="4267" type="scavenge" contextid="4263" durationms="77.493" usertimems="304.110" systemtimems="0.000" stalltimems="4.368" timestamp="2022-02-08T17:32:35.517" activeThreads="4">
  <mem-info id="4268" free="139649984" total="1073741824" percent="13">
    <mem type="nursery" free="104378024" total="268435456" percent="38">
      <mem type="allocate" free="104378024" total="182452224" percent="57" />
      <mem type="survivor" free="0" total="85983232" percent="0" />
    </mem>
    <mem type="tenure" free="35271960" total="805306368" percent="4" macro-fragmented="0">
      <mem type="soa" free="27218200" total="797252608" percent="3" />
      <mem type="loa" free="8053760" total="8053760" percent="100" />
    </mem>
    <remembered-set count="101" />
  </mem-info>
</gc-end>
<cycle-end id="4269" type="scavenge" contextid="4263" timestamp="2022-02-08T17:32:35.517" />
<allocation-satisfied id="4270" threadId="0000000000016F00" bytesRequested="120" />
<af-end id="4271" timestamp="2022-02-08T17:32:35.517" threadId="0000000000017908" success="true" from="nursery"/>
<exclusive-end id="4272" timestamp="2022-02-08T17:32:35.517" durationms="77.841" />

<concurrent-end id="4273" type="global mark" contextid="4258" timestamp="2022-02-08T17:32:35.634">
<gc-op id="4274" type="trace" timems="317.384" contextid="4258" timestamp="2022-02-08T17:32:35.634">
  <trace bytesTraced="74441916" workStackOverflowCount="0" />
  <card-cleaning reason="card cleaning threshold reached" bytesTraced="480" cardsCleaned="2" />
</gc-op>
</concurrent-end>

<exclusive-start id="4275" timestamp="2022-02-08T17:32:35.634" intervalms="194.951">
  <response-info timems="0.017" idlems="0.017" threads="0" lastid="0000000000016F00" lastname="main" />
</exclusive-start>
<concurrent-global-final id="4276" timestamp="2022-02-08T17:32:35.634" contextid="4258" intervalms="2830.092" >
  <concurrent-trace-info reason="card cleaning threshold reached" tracedByMutators="58081704" tracedByHelpers="16360692" cardsCleaned="2" workStackOverflowCount="0" />
</concurrent-global-final>
<gc-start id="4277" type="global" contextid="4258" timestamp="2022-02-08T17:32:35.634">
  <mem-info id="4278" free="132211528" total="1073741824" percent="12">
    <mem type="nursery" free="96939568" total="268435456" percent="36">
      <mem type="allocate" free="96939568" total="182452224" percent="53" />
      <mem type="survivor" free="0" total="85983232" percent="0" />
    </mem>
    <mem type="tenure" free="35271960" total="805306368" percent="4">
      <mem type="soa" free="27218200" total="797252608" percent="3" />
      <mem type="loa" free="8053760" total="8053760" percent="100" />
    </mem>
    <remembered-set count="101" />
  </mem-info>
</gc-start>
<allocation-stats totalBytes="7434056" >
  <allocated-bytes non-tlh="120" tlh="7433936" />
  <largest-consumer threadName="main" threadId="0000000000016F00" bytes="7434056" />
</allocation-stats>
<gc-op id="4279" type="rs-scan" timems="0.491" contextid="4258" timestamp="2022-02-08T17:32:35.635">
  <scan objectsFound="29" bytesTraced="5420" workStackOverflowCount="0" />
</gc-op>
<gc-op id="4280" type="card-cleaning" timems="146.737" contextid="4258" timestamp="2022-02-08T17:32:35.782">
  <card-cleaning cardsCleaned="8" bytesTraced="71012696" workStackOverflowCount="0" />
</gc-op>
<gc-op id="4281" type="mark" timems="61.828" contextid="4258" timestamp="2022-02-08T17:32:35.844">
  <trace-info objectcount="2136495" scancount="1603898" scanbytes="34284224" />
  <finalization candidates="428" enqueued="57" />
  <ownableSynchronizers candidates="1" cleared="0" />
  <references type="soft" candidates="894" cleared="0" enqueued="0" dynamicThreshold="10" maxThreshold="32" />
  <references type="weak" candidates="1701" cleared="0" enqueued="0" />
  <references type="phantom" candidates="52" cleared="2" enqueued="2" />
  <stringconstants candidates="6470" cleared="0"  />
  <object-monitors candidates="2" cleared="0"  />
</gc-op>
<gc-op id="4282" type="sweep" timems="4.892" contextid="4258" timestamp="2022-02-08T17:32:35.848" />
<gc-end id="4283" type="global" contextid="4258" durationms="214.169" usertimems="237.535" systemtimems="0.522" stalltimems="184.703" timestamp="2022-02-08T17:32:35.848" activeThreads="4">
  <mem-info id="4284" free="375411376" total="1073741824" percent="34">
    <mem type="nursery" free="97290824" total="268435456" percent="36">
      <mem type="allocate" free="97290824" total="182452224" percent="53" />
      <mem type="survivor" free="0" total="85983232" percent="0" />
    </mem>
    <mem type="tenure" free="278120552" total="805306368" percent="34" micro-fragmented="372065" macro-fragmented="0">
      <mem type="soa" free="270066792" total="797252608" percent="33" />
      <mem type="loa" free="8053760" total="8053760" percent="100" />
    </mem>
    <pending-finalizers system="57" default="0" reference="2" classloader="0" />
    <remembered-set count="101" />
  </mem-info>
</gc-end>
<cycle-end id="4285" type="global" contextid="4258" timestamp="2022-02-08T17:32:35.849" />
<exclusive-end id="4286" timestamp="2022-02-08T17:32:35.849" durationms="214.398" />

<exclusive-start id="4287" timestamp="2022-02-08T17:32:36.444" intervalms="809.623">
  <response-info timems="0.019" idlems="0.019" threads="0" lastid="0000000000016F00" lastname="main" />
</exclusive-start>
<af-start id="4288" threadId="0000000000017908" totalBytesRequested="184" timestamp="2022-02-08T17:32:36.444" intervalms="1004.568" type="nursery" />
<cycle-start id="4289" type="scavenge" contextid="0" timestamp="2022-02-08T17:32:36.444" intervalms="1004.569" />
<gc-start id="4290" type="scavenge" contextid="4289" timestamp="2022-02-08T17:32:36.444">
  <mem-info id="4291" free="278120552" total="1073741824" percent="25">
    <mem type="nursery" free="0" total="268435456" percent="0">
      <mem type="allocate" free="0" total="182452224" percent="0" />
      <mem type="survivor" free="0" total="85983232" percent="0" />
    </mem>
    <mem type="tenure" free="278120552" total="805306368" percent="34">
      <mem type="soa" free="270066792" total="797252608" percent="33" />
      <mem type="loa" free="8053760" total="8053760" percent="100" />
    </mem>
    <remembered-set count="104" />
  </mem-info>
</gc-start>
<allocation-stats totalBytes="97248480" >
  <allocated-bytes non-tlh="0" tlh="97248480" />
  <largest-consumer threadName="main" threadId="0000000000016F00" bytes="97244384" />
</allocation-stats>
<gc-op id="4292" type="scavenge" timems="89.339" contextid="4289" timestamp="2022-02-08T17:32:36.533">
  <scavenger-info tenureage="1" tenuremask="7ffe" tiltratio="67" />
  <memory-copied type="nursery" objects="1312555" bytes="74336304" bytesdiscarded="147432" />
  <memory-copied type="tenure" objects="1383143" bytes="77816480" bytesdiscarded="41512" />
  <finalization candidates="1" enqueued="0" />
  <ownableSynchronizers candidates="2" cleared="2" />
  <object-monitors candidates="2" cleared="0"  />
</gc-op>
<gc-end id="4293" type="scavenge" contextid="4289" durationms="89.521" usertimems="348.403" systemtimems="5.098" stalltimems="2.451" timestamp="2022-02-08T17:32:36.534" activeThreads="4">
  <mem-info id="4294" free="308485832" total="1073741824" percent="28">
    <mem type="nursery" free="108361704" total="268435456" percent="40">
      <mem type="allocate" free="108361704" total="182845440" percent="59" />
      <mem type="survivor" free="0" total="85590016" percent="0" />
    </mem>
    <mem type="tenure" free="200124128" total="805306368" percent="24" macro-fragmented="0">
      <mem type="soa" free="192070368" total="797252608" percent="24" />
      <mem type="loa" free="8053760" total="8053760" percent="100" />
    </mem>
    <remembered-set count="105" />
  </mem-info>
</gc-end>
<cycle-end id="4295" type="scavenge" contextid="4289" timestamp="2022-02-08T17:32:36.534" />
<allocation-satisfied id="4296" threadId="0000000000016F00" bytesRequested="184" />
<af-end id="4297" timestamp="2022-02-08T17:32:36.534" threadId="0000000000017908" success="true" from="nursery"/>
<exclusive-end id="4298" timestamp="2022-02-08T17:32:36.534" durationms="89.843" />

<exclusive-start id="4299" timestamp="2022-02-08T17:32:37.392" intervalms="947.657">
  <response-info timems="0.017" idlems="0.017" threads="0" lastid="0000000000016F00" lastname="main" />
</exclusive-start>
<af-start id="4300" threadId="0000000000017908" totalBytesRequested="168" timestamp="2022-02-08T17:32:37.392" intervalms="947.657" type="nursery" />
<cycle-start id="4301" type="scavenge" contextid="0" timestamp="2022-02-08T17:32:37.392" intervalms="947.655" />
<gc-start id="4302" type="scavenge" contextid="4301" timestamp="2022-02-08T17:32:37.392">
  <mem-info id="4303" free="200124128" total="1073741824" percent="18">
    <mem type="nursery" free="0" total="268435456" percent="0">
      <mem type="allocate" free="0" total="182845440" percent="0" />
      <mem type="survivor" free="0" total="85590016" percent="0" />
    </mem>
    <mem type="tenure" free="200124128" total="805306368" percent="24">
      <mem type="soa" free="192070368" total="797252608" percent="24" />
      <mem type="loa" free="8053760" total="8053760" percent="100" />
    </mem>
    <remembered-set count="136" />
  </mem-info>
</gc-start>
<allocation-stats totalBytes="108316744" >
  <allocated-bytes non-tlh="1661328" tlh="106655416" />
  <largest-consumer threadName="main" threadId="0000000000016F00" bytes="108316744" />
</allocation-stats>
<gc-op id="4304" type="scavenge" timems="92.048" contextid="4301" timestamp="2022-02-08T17:32:37.484">
  <scavenger-info tenureage="1" tenuremask="7ffe" tiltratio="68" />
  <memory-copied type="nursery" objects="1489020" bytes="76280752" bytesdiscarded="136200" />
  <memory-copied type="tenure" objects="1312554" bytes="74336200" bytesdiscarded="47344" />
  <finalization candidates="109" enqueued="53" />
  <references type="soft" candidates="14" cleared="0" enqueued="0" dynamicThreshold="11" maxThreshold="32" />
  <references type="weak" candidates="1" cleared="0" enqueued="0" />
  <references type="phantom" candidates="94" cleared="7" enqueued="7" />
  <object-monitors candidates="2" cleared="0"  />
</gc-op>
<gc-end id="4305" type="scavenge" contextid="4301" durationms="92.248" usertimems="337.524" systemtimems="0.991" stalltimems="28.832" timestamp="2022-02-08T17:32:37.484" activeThreads="4">
  <mem-info id="4306" free="232298216" total="1073741824" percent="21">
    <mem type="nursery" free="106624968" total="268435456" percent="39">
      <mem type="allocate" free="106624968" total="183042048" percent="58" />
      <mem type="survivor" free="0" total="85393408" percent="0" />
    </mem>
    <mem type="tenure" free="125673248" total="805306368" percent="15" macro-fragmented="0">
      <mem type="soa" free="117619488" total="797252608" percent="14" />
      <mem type="loa" free="8053760" total="8053760" percent="100" />
    </mem>
    <pending-finalizers system="52" default="1" reference="7" classloader="0" />
    <remembered-set count="132" />
  </mem-info>
</gc-end>
<cycle-end id="4307" type="scavenge" contextid="4301" timestamp="2022-02-08T17:32:37.484" />
<allocation-satisfied id="4308" threadId="0000000000016F00" bytesRequested="168" />
<af-end id="4309" timestamp="2022-02-08T17:32:37.484" threadId="0000000000017908" success="true" from="nursery"/>
<exclusive-end id="4310" timestamp="2022-02-08T17:32:37.484" durationms="92.507" />

<concurrent-kickoff id="4311" timestamp="2022-02-08T17:32:38.164">
  <kickoff reason="threshold reached" targetBytes="74441586" thresholdFreeBytes="5736686"  remainingFree="5686976" tenureFreeBytes="125673248" nurseryFreeBytes="5686976" />
</concurrent-kickoff>
<exclusive-start id="4312" timestamp="2022-02-08T17:32:38.167" intervalms="775.346">
  <response-info timems="0.052" idlems="0.052" threads="0" lastid="0000000000016F00" lastname="main" />
</exclusive-start>
<cycle-start id="4313" type="global" contextid="0" timestamp="2022-02-08T17:32:38.167" intervalms="2850.077" />
<concurrent-start id="4314" type="global mark" contextid="4313" timestamp="2022-02-08T17:32:38.167">
</concurrent-start>
<exclusive-end id="4315" timestamp="2022-02-08T17:32:38.167" durationms="0.041" />

<exclusive-start id="4316" timestamp="2022-02-08T17:32:38.283" intervalms="116.441">
  <response-info timems="0.017" idlems="0.017" threads="0" lastid="0000000000016F00" lastname="main" />
</exclusive-start>
<af-start id="4317" threadId="0000000000017908" totalBytesRequested="184" timestamp="2022-02-08T17:32:38.283" intervalms="891.785" type="nursery" />
<cycle-start id="4318" type="scavenge" contextid="0" timestamp="2022-02-08T17:32:38.283" intervalms="891.787" />
<gc-start id="4319" type="scavenge" contextid="4318" timestamp="2022-02-08T17:32:38.283">
  <mem-info id="4320" free="125673248" total="1073741824" percent="11">
    <mem type="nursery" free="0" total="268435456" percent="0">
      <mem type="allocate" free="0" total="183042048" percent="0" />
      <mem type="survivor" free="0" total="85393408" percent="0" />
    </mem>
    <mem type="tenure" free="125673248" total="805306368" percent="15">
      <mem type="soa" free="117619488" total="797252608" percent="14" />
      <mem type="loa" free="8053760" total="8053760" percent="100" />
    </mem>
    <remembered-set count="133" />
  </mem-info>
</gc-start>
<allocation-stats totalBytes="106575264" >
  <allocated-bytes non-tlh="1347848" tlh="105227416" />
  <largest-consumer threadName="main" threadId="0000000000016F00" bytes="106567072" />
</allocation-stats>
<gc-op id="4321" type="scavenge" timems="77.273" contextid="4318" timestamp="2022-02-08T17:32:38.361">
  <scavenger-info tenureage="1" tenuremask="7ffe" tiltratio="68" />
  <memory-copied type="nursery" objects="1335366" bytes="76273680" bytesdiscarded="304168" />
  <memory-copied type="tenure" objects="1488300" bytes="75337488" bytesdiscarded="36632" />
  <finalization candidates="57" enqueued="0" />
  <references type="phantom" candidates="1" cleared="0" enqueued="0" />
  <object-monitors candidates="2" cleared="0"  />
</gc-op>
<gc-end id="4322" type="scavenge" contextid="4318" durationms="77.466" usertimems="305.231" systemtimems="0.000" stalltimems="3.172" timestamp="2022-02-08T17:32:38.361" activeThreads="4">
  <mem-info id="4323" free="157406480" total="1073741824" percent="14">
    <mem type="nursery" free="107054024" total="268435456" percent="39">
      <mem type="allocate" free="107054024" total="183631872" percent="58" />
      <mem type="survivor" free="0" total="84803584" percent="0" />
    </mem>
    <mem type="tenure" free="50352456" total="805306368" percent="6" macro-fragmented="23113062">
      <mem type="soa" free="42298696" total="797252608" percent="5" />
      <mem type="loa" free="8053760" total="8053760" percent="100" />
    </mem>
    <remembered-set count="102" />
  </mem-info>
</gc-end>
<cycle-end id="4324" type="scavenge" contextid="4318" timestamp="2022-02-08T17:32:38.361" />
<allocation-satisfied id="4325" threadId="0000000000016F00" bytesRequested="184" />
<af-end id="4326" timestamp="2022-02-08T17:32:38.361" threadId="0000000000017908" success="true" from="nursery"/>
<exclusive-end id="4327" timestamp="2022-02-08T17:32:38.361" durationms="77.792" />

<concurrent-end id="4328" type="global mark" contextid="4313" timestamp="2022-02-08T17:32:38.512">
<gc-op id="4329" type="trace" timems="345.561" contextid="4313" timestamp="2022-02-08T17:32:38.512">
  <trace bytesTraced="74442124" workStackOverflowCount="0" />
  <card-cleaning reason="card cleaning threshold reached" bytesTraced="480" cardsCleaned="2" />
</gc-op>
</concurrent-end>

<exclusive-start id="4330" timestamp="2022-02-08T17:32:38.513" intervalms="229.204">
  <response-info timems="0.020" idlems="0.020" threads="0" lastid="0000000000016F00" lastname="main" />
</exclusive-start>
<concurrent-global-final id="4331" timestamp="2022-02-08T17:32:38.513" contextid="4313" intervalms="2878.272" >
  <concurrent-trace-info reason="card cleaning threshold reached" tracedByMutators="58844116" tracedByHelpers="15598488" cardsCleaned="2" workStackOverflowCount="0" />
</concurrent-global-final>
<gc-start id="4332" type="global" contextid="4313" timestamp="2022-02-08T17:32:38.513">
  <mem-info id="4333" free="148919384" total="1073741824" percent="13">
    <mem type="nursery" free="98566928" total="268435456" percent="36">
      <mem type="allocate" free="98566928" total="183631872" percent="53" />
      <mem type="survivor" free="0" total="84803584" percent="0" />
    </mem>
    <mem type="tenure" free="50352456" total="805306368" percent="6">
      <mem type="soa" free="42298696" total="797252608" percent="5" />
      <mem type="loa" free="8053760" total="8053760" percent="100" />
    </mem>
    <remembered-set count="102" />
  </mem-info>
</gc-start>
<allocation-stats totalBytes="8483280" >
  <allocated-bytes non-tlh="184" tlh="8483096" />
  <largest-consumer threadName="main" threadId="0000000000016F00" bytes="8483280" />
</allocation-stats>
<gc-op id="4334" type="rs-scan" timems="0.502" contextid="4313" timestamp="2022-02-08T17:32:38.513">
  <scan objectsFound="29" bytesTraced="5420" workStackOverflowCount="0" />
</gc-op>
<gc-op id="4335" type="card-cleaning" timems="166.727" contextid="4313" timestamp="2022-02-08T17:32:38.680">
  <card-cleaning cardsCleaned="9" bytesTraced="71012808" workStackOverflowCount="0" />
</gc-op>
<gc-op id="4336" type="mark" timems="57.055" contextid="4313" timestamp="2022-02-08T17:32:38.737">
  <trace-info objectcount="1851937" scancount="1390480" scanbytes="29731304" />
  <finalization candidates="428" enqueued="57" />
  <ownableSynchronizers candidates="1" cleared="0" />
  <references type="soft" candidates="894" cleared="0" enqueued="0" dynamicThreshold="11" maxThreshold="32" />
  <references type="weak" candidates="1701" cleared="0" enqueued="0" />
  <references type="phantom" candidates="52" cleared="2" enqueued="2" />
  <stringconstants candidates="6470" cleared="0"  />
  <object-monitors candidates="2" cleared="0"  />
</gc-op>
<gc-op id="4337" type="sweep" timems="5.037" contextid="4313" timestamp="2022-02-08T17:32:38.742" />
<gc-end id="4338" type="global" contextid="4313" durationms="229.521" usertimems="279.798" systemtimems="5.814" stalltimems="130.199" timestamp="2022-02-08T17:32:38.742" activeThreads="4">
  <mem-info id="4339" free="392213048" total="1073741824" percent="36">
    <mem type="nursery" free="98965512" total="268435456" percent="36">
      <mem type="allocate" free="98965512" total="183631872" percent="53" />
      <mem type="survivor" free="0" total="84803584" percent="0" />
    </mem>
    <mem type="tenure" free="293247536" total="805306368" percent="36" micro-fragmented="341588" macro-fragmented="0">
      <mem type="soa" free="285193776" total="797252608" percent="35" />
      <mem type="loa" free="8053760" total="8053760" percent="100" />
    </mem>
    <pending-finalizers system="57" default="0" reference="2" classloader="0" />
    <remembered-set count="102" />
  </mem-info>
</gc-end>
<cycle-end id="4340" type="global" contextid="4313" timestamp="2022-02-08T17:32:38.742" />
<exclusive-end id="4341" timestamp="2022-02-08T17:32:38.742" durationms="229.760" />

<exclusive-start id="4342" timestamp="2022-02-08T17:32:39.360" intervalms="846.979">
  <response-info timems="0.018" idlems="0.018" threads="0" lastid="0000000000016F00" lastname="main" />
</exclusive-start>
<af-start id="4343" threadId="0000000000017908" totalBytesRequested="104" timestamp="2022-02-08T17:32:39.360" intervalms="1076.183" type="nursery" />
<cycle-start id="4344" type="scavenge" contextid="0" timestamp="2022-02-08T17:32:39.360" intervalms="1076.183" />
<gc-start id="4345" type="scavenge" contextid="4344" timestamp="2022-02-08T17:32:39.360">
  <mem-info id="4346" free="293247536" total="1073741824" percent="27">
    <mem type="nursery" free="0" total="268435456" percent="0">
      <mem type="allocate" free="0" total="183631872" percent="0" />
      <mem type="survivor" free="0" total="84803584" percent="0" />
    </mem>
    <mem type="tenure" free="293247536" total="805306368" percent="36">
      <mem type="soa" free="285193776" total="797252608" percent="35" />
      <mem type="loa" free="8053760" total="8053760" percent="100" />
    </mem>
    <remembered-set count="105" />
  </mem-info>
</gc-start>
<allocation-stats totalBytes="98919256" >
  <allocated-bytes non-tlh="0" tlh="98919256" />
  <largest-consumer threadName="main" threadId="0000000000016F00" bytes="98915160" />
</allocation-stats>
<gc-op id="4347" type="scavenge" timems="75.106" contextid="4344" timestamp="2022-02-08T17:32:39.435">
  <scavenger-info tenureage="1" tenuremask="7ffe" tiltratio="68" />
  <memory-copied type="nursery" objects="1356110" bytes="76296032" bytesdiscarded="303864" />
  <memory-copied type="tenure" objects="1335365" bytes="76273576" bytesdiscarded="45488" />
  <finalization candidates="1" enqueued="0" />
  <ownableSynchronizers candidates="2" cleared="2" />
  <object-monitors candidates="2" cleared="0"  />
</gc-op>
<gc-end id="4348" type="scavenge" contextid="4344" durationms="75.319" usertimems="297.741" systemtimems="0.000" stalltimems="1.957" timestamp="2022-02-08T17:32:39.435" activeThreads="4">
  <mem-info id="4349" free="324301544" total="1073741824" percent="30">
    <mem type="nursery" free="107490728" total="268435456" percent="40">
      <mem type="allocate" free="107490728" total="184090624" percent="58" />
      <mem type="survivor" free="0" total="84344832" percent="0" />
    </mem>
    <mem type="tenure" free="216810816" total="805306368" percent="26" macro-fragmented="0">
      <mem type="soa" free="208757056" total="797252608" percent="26" />
      <mem type="loa" free="8053760" total="8053760" percent="100" />
    </mem>
    <remembered-set count="105" />
  </mem-info>
</gc-end>
<cycle-end id="4350" type="scavenge" contextid="4344" timestamp="2022-02-08T17:32:39.435" />
<allocation-satisfied id="4351" threadId="0000000000016F00" bytesRequested="104" />
<af-end id="4352" timestamp="2022-02-08T17:32:39.435" threadId="0000000000017908" success="true" from="nursery"/>
<exclusive-end id="4353" timestamp="2022-02-08T17:32:39.435" durationms="75.600" />

<exclusive-start id="4354" timestamp="2022-02-08T17:32:40.296" intervalms="936.648">
  <response-info timems="0.018" idlems="0.018" threads="0" lastid="0000000000016F00" lastname="main" />
</exclusive-start>
<af-start id="4355" threadId="0000000000017908" totalBytesRequested="232" timestamp="2022-02-08T17:32:40.296" intervalms="936.658" type="nursery" />
<cycle-start id="4356" type="scavenge" contextid="0" timestamp="2022-02-08T17:32:40.296" intervalms="936.660" />
<gc-start id="4357" type="scavenge" contextid="4356" timestamp="2022-02-08T17:32:40.296">
  <mem-info id="4358" free="216810816" total="1073741824" percent="20">
    <mem type="nursery" free="0" total="268435456" percent="0">
      <mem type="allocate" free="0" total="184090624" percent="0" />
      <mem type="survivor" free="0" total="84344832" percent="0" />
    </mem>
    <mem type="tenure" free="216810816" total="805306368" percent="26">
      <mem type="soa" free="208757056" total="797252608" percent="26" />
      <mem type="loa" free="8053760" total="8053760" percent="100" />
    </mem>
    <remembered-set count="136" />
  </mem-info>
</gc-start>
<allocation-stats totalBytes="107444496" >
  <allocated-bytes non-tlh="1115544" tlh="106328952" />
  <largest-consumer threadName="main" threadId="0000000000016F00" bytes="107444496" />
</allocation-stats>
<gc-op id="4359" type="scavenge" timems="83.743" contextid="4356" timestamp="2022-02-08T17:32:40.380">
  <scavenger-info tenureage="1" tenuremask="7ffe" tiltratio="68" />
  <memory-copied type="nursery" objects="1484007" bytes="75676000" bytesdiscarded="80456" />
  <memory-copied type="tenure" objects="1356110" bytes="76296032" bytesdiscarded="39344" />
  <finalization candidates="108" enqueued="53" />
  <references type="soft" candidates="14" cleared="0" enqueued="0" dynamicThreshold="11" maxThreshold="32" />
  <references type="weak" candidates="1" cleared="0" enqueued="0" />
  <references type="phantom" candidates="93" cleared="7" enqueued="7" />
  <object-monitors candidates="2" cleared="0"  />
</gc-op>
<gc-end id="4360" type="scavenge" contextid="4356" durationms="84.031" usertimems="317.093" systemtimems="0.000" stalltimems="5.893" timestamp="2022-02-08T17:32:40.380" activeThreads="4">
  <mem-info id="4361" free="249174392" total="1073741824" percent="23">
    <mem type="nursery" free="108727256" total="268435456" percent="40">
      <mem type="allocate" free="108727256" total="184483840" percent="58" />
      <mem type="survivor" free="0" total="83951616" percent="0" />
    </mem>
    <mem type="tenure" free="140447136" total="805306368" percent="17" macro-fragmented="0">
      <mem type="soa" free="132393376" total="797252608" percent="16" />
      <mem type="loa" free="8053760" total="8053760" percent="100" />
    </mem>
    <pending-finalizers system="52" default="1" reference="7" classloader="0" />
    <remembered-set count="132" />
  </mem-info>
</gc-end>
<cycle-end id="4362" type="scavenge" contextid="4356" timestamp="2022-02-08T17:32:40.380" />
<allocation-satisfied id="4363" threadId="0000000000016F00" bytesRequested="232" />
<af-end id="4364" timestamp="2022-02-08T17:32:40.380" threadId="0000000000017908" success="true" from="nursery"/>
<exclusive-end id="4365" timestamp="2022-02-08T17:32:40.380" durationms="84.331" />

<concurrent-kickoff id="4366" timestamp="2022-02-08T17:32:41.059">
  <kickoff reason="threshold reached" targetBytes="74441789" thresholdFreeBytes="5736040"  remainingFree="5704664" tenureFreeBytes="140447136" nurseryFreeBytes="5704664" />
</concurrent-kickoff>
<exclusive-start id="4367" timestamp="2022-02-08T17:32:41.067" intervalms="771.177">
  <response-info timems="0.020" idlems="0.020" threads="0" lastid="0000000000016F00" lastname="main" />
</exclusive-start>
<cycle-start id="4368" type="global" contextid="0" timestamp="2022-02-08T17:32:41.067" intervalms="2900.450" />
<concurrent-start id="4369" type="global mark" contextid="4368" timestamp="2022-02-08T17:32:41.067">
</concurrent-start>
<exclusive-end id="4370" timestamp="2022-02-08T17:32:41.067" durationms="0.029" />

<exclusive-start id="4371" timestamp="2022-02-08T17:32:41.190" intervalms="122.173">
  <response-info timems="0.061" idlems="0.061" threads="0" lastid="0000000000016F00" lastname="main" />
</exclusive-start>
<af-start id="4372" threadId="0000000000017908" totalBytesRequested="104" timestamp="2022-02-08T17:32:41.190" intervalms="893.355" type="nursery" />
<cycle-start id="4373" type="scavenge" contextid="0" timestamp="2022-02-08T17:32:41.190" intervalms="893.383" />
<gc-start id="4374" type="scavenge" contextid="4373" timestamp="2022-02-08T17:32:41.190">
  <mem-info id="4375" free="140447136" total="1073741824" percent="13">
    <mem type="nursery" free="0" total="268435456" percent="0">
      <mem type="allocate" free="0" total="184483840" percent="0" />
      <mem type="survivor" free="0" total="83951616" percent="0" />
    </mem>
    <mem type="tenure" free="140447136" total="805306368" percent="17">
      <mem type="soa" free="132393376" total="797252608" percent="16" />
      <mem type="loa" free="8053760" total="8053760" percent="100" />
    </mem>
    <remembered-set count="133" />
  </mem-info>
</gc-start>
<allocation-stats totalBytes="108675376" >
  <allocated-bytes non-tlh="1823040" tlh="106852336" />
  <largest-consumer threadName="main" threadId="0000000000016F00" bytes="108667184" />
</allocation-stats>
<gc-op id="4376" type="scavenge" timems="76.087" contextid="4373" timestamp="2022-02-08T17:32:41.266">
  <scavenger-info tenureage="1" tenuremask="7ffe" tiltratio="68" />
  <memory-copied type="nursery" objects="1355718" bytes="77448072" bytesdiscarded="166696" />
  <memory-copied type="tenure" objects="1483287" bytes="75038112" bytesdiscarded="42936" />
  <finalization candidates="57" enqueued="0" />
  <references type="phantom" candidates="2" cleared="0" enqueued="0" />
  <object-monitors candidates="2" cleared="0"  />
</gc-op>
<gc-end id="4377" type="scavenge" contextid="4373" durationms="76.313" usertimems="296.352" systemtimems="4.908" stalltimems="2.504" timestamp="2022-02-08T17:32:41.266" activeThreads="4">
  <mem-info id="4378" free="170902872" total="1073741824" percent="15">
    <mem type="nursery" free="105558352" total="268435456" percent="39">
      <mem type="allocate" free="105558352" total="183173120" percent="57" />
      <mem type="survivor" free="0" total="85262336" percent="0" />
    </mem>
    <mem type="tenure" free="65344520" total="805306368" percent="8" macro-fragmented="23113062">
      <mem type="soa" free="57290760" total="797252608" percent="7" />
      <mem type="loa" free="8053760" total="8053760" percent="100" />
    </mem>
    <remembered-set count="103" />
  </mem-info>
</gc-end>
<cycle-end id="4379" type="scavenge" contextid="4373" timestamp="2022-02-08T17:32:41.266" />
<allocation-satisfied id="4380" threadId="0000000000016F00" bytesRequested="104" />
<af-end id="4381" timestamp="2022-02-08T17:32:41.266" threadId="0000000000017908" success="true" from="nursery"/>
<exclusive-end id="4382" timestamp="2022-02-08T17:32:41.266" durationms="76.685" />

<concurrent-end id="4383" type="global mark" contextid="4368" timestamp="2022-02-08T17:32:41.388">
<gc-op id="4384" type="trace" timems="320.316" contextid="4368" timestamp="2022-02-08T17:32:41.388">
  <trace bytesTraced="74442332" workStackOverflowCount="0" />
  <card-cleaning reason="card cleaning threshold reached" bytesTraced="480" cardsCleaned="2" />
</gc-op>
</concurrent-end>

<exclusive-start id="4385" timestamp="2022-02-08T17:32:41.388" intervalms="198.212">
  <response-info timems="0.017" idlems="0.017" threads="0" lastid="0000000000016F00" lastname="main" />
</exclusive-start>
<concurrent-global-final id="4386" timestamp="2022-02-08T17:32:41.388" contextid="4368" intervalms="2875.189" >
  <concurrent-trace-info reason="card cleaning threshold reached" tracedByMutators="58328720" tracedByHelpers="16114092" cardsCleaned="2" workStackOverflowCount="0" />
</concurrent-global-final>
<gc-start id="4387" type="global" contextid="4368" timestamp="2022-02-08T17:32:41.388">
  <mem-info id="4388" free="162809072" total="1073741824" percent="15">
    <mem type="nursery" free="97464552" total="268435456" percent="36">
      <mem type="allocate" free="97464552" total="183173120" percent="53" />
      <mem type="survivor" free="0" total="85262336" percent="0" />
    </mem>
    <mem type="tenure" free="65344520" total="805306368" percent="8">
      <mem type="soa" free="57290760" total="797252608" percent="7" />
      <mem type="loa" free="8053760" total="8053760" percent="100" />
    </mem>
    <remembered-set count="103" />
  </mem-info>
</gc-start>
<allocation-stats totalBytes="8089320" >
  <allocated-bytes non-tlh="104" tlh="8089216" />
  <largest-consumer threadName="main" threadId="0000000000016F00" bytes="8089320" />
</allocation-stats>
<gc-op id="4389" type="rs-scan" timems="0.547" contextid="4368" timestamp="2022-02-08T17:32:41.388">
  <scan objectsFound="29" bytesTraced="5420" workStackOverflowCount="0" />
</gc-op>
<gc-op id="4390" type="card-cleaning" timems="147.015" contextid="4368" timestamp="2022-02-08T17:32:41.535">
  <card-cleaning cardsCleaned="9" bytesTraced="71012808" workStackOverflowCount="0" />
</gc-op>
<gc-op id="4391" type="mark" timems="49.384" contextid="4368" timestamp="2022-02-08T17:32:41.585">
  <trace-info objectcount="1608563" scancount="1207949" scanbytes="25837312" />
  <finalization candidates="428" enqueued="57" />
  <ownableSynchronizers candidates="1" cleared="0" />
  <references type="soft" candidates="894" cleared="0" enqueued="0" dynamicThreshold="11" maxThreshold="32" />
  <references type="weak" candidates="1701" cleared="0" enqueued="0" />
  <references type="phantom" candidates="52" cleared="2" enqueued="2" />
  <stringconstants candidates="6470" cleared="0"  />
  <object-monitors candidates="2" cleared="0"  />
</gc-op>
<gc-op id="4392" type="sweep" timems="6.302" contextid="4368" timestamp="2022-02-08T17:32:41.591" />
<gc-end id="4393" type="global" contextid="4368" durationms="203.627" usertimems="218.334" systemtimems="0.000" stalltimems="152.995" timestamp="2022-02-08T17:32:41.591" activeThreads="4">
  <mem-info id="4394" free="405967696" total="1073741824" percent="37">
    <mem type="nursery" free="97721696" total="268435456" percent="36">
      <mem type="allocate" free="97721696" total="183173120" percent="53" />
      <mem type="survivor" free="0" total="85262336" percent="0" />
    </mem>
    <mem type="tenure" free="308246000" total="805306368" percent="38" micro-fragmented="385161" macro-fragmented="0">
      <mem type="soa" free="300192240" total="797252608" percent="37" />
      <mem type="loa" free="8053760" total="8053760" percent="100" />
    </mem>
    <pending-finalizers system="57" default="0" reference="2" classloader="0" />
    <remembered-set count="103" />
  </mem-info>
</gc-end>
<cycle-end id="4395" type="global" contextid="4368" timestamp="2022-02-08T17:32:41.592" />
<exclusive-end id="4396" timestamp="2022-02-08T17:32:41.592" durationms="203.857" />

<exclusive-start id="4397" timestamp="2022-02-08T17:32:42.204" intervalms="815.931">
  <response-info timems="0.019" idlems="0.019" threads="0" lastid="0000000000016F00" lastname="main" />
</exclusive-start>
<af-start id="4398" threadId="0000000000017908" totalBytesRequested="104" timestamp="2022-02-08T17:32:42.204" intervalms="1014.129" type="nursery" />
<cycle-start id="4399" type="scavenge" contextid="0" timestamp="2022-02-08T17:32:42.204" intervalms="1014.098" />
<gc-start id="4400" type="scavenge" contextid="4399" timestamp="2022-02-08T17:32:42.204">
  <mem-info id="4401" free="308246000" total="1073741824" percent="28">
    <mem type="nursery" free="0" total="268435456" percent="0">
      <mem type="allocate" free="0" total="183173120" percent="0" />
      <mem type="survivor" free="0" total="85262336" percent="0" />
    </mem>
    <mem type="tenure" free="308246000" total="805306368" percent="38">
      <mem type="soa" free="300192240" total="797252608" percent="37" />
      <mem type="loa" free="8053760" total="8053760" percent="100" />
    </mem>
    <remembered-set count="106" />
  </mem-info>
</gc-start>
<allocation-stats totalBytes="97674976" >
  <allocated-bytes non-tlh="0" tlh="97674976" />
  <largest-consumer threadName="main" threadId="0000000000016F00" bytes="97670880" />
</allocation-stats>
<gc-op id="4402" type="scavenge" timems="78.699" contextid="4399" timestamp="2022-02-08T17:32:42.282">
  <scavenger-info tenureage="1" tenuremask="7ffe" tiltratio="68" />
  <memory-copied type="nursery" objects="1335126" bytes="75142048" bytesdiscarded="332856" />
  <memory-copied type="tenure" objects="1355718" bytes="77448072" bytesdiscarded="43344" />
  <finalization candidates="2" enqueued="0" />
  <ownableSynchronizers candidates="2" cleared="2" />
  <object-monitors candidates="2" cleared="0"  />
</gc-op>
<gc-end id="4403" type="scavenge" contextid="4399" durationms="78.896" usertimems="309.862" systemtimems="0.000" stalltimems="3.064" timestamp="2022-02-08T17:32:42.283" activeThreads="4">
  <mem-info id="4404" free="338560560" total="1073741824" percent="31">
    <mem type="nursery" free="108025896" total="268435456" percent="40">
      <mem type="allocate" free="108025896" total="183500800" percent="58" />
      <mem type="survivor" free="0" total="84934656" percent="0" />
    </mem>
    <mem type="tenure" free="230534664" total="805306368" percent="28" macro-fragmented="0">
      <mem type="soa" free="222480904" total="797252608" percent="27" />
      <mem type="loa" free="8053760" total="8053760" percent="100" />
    </mem>
    <remembered-set count="105" />
  </mem-info>
</gc-end>
<cycle-end id="4405" type="scavenge" contextid="4399" timestamp="2022-02-08T17:32:42.283" />
<allocation-satisfied id="4406" threadId="0000000000016F00" bytesRequested="104" />
<af-end id="4407" timestamp="2022-02-08T17:32:42.283" threadId="0000000000017908" success="true" from="nursery"/>
<exclusive-end id="4408" timestamp="2022-02-08T17:32:42.283" durationms="79.140" />

<exclusive-start id="4409" timestamp="2022-02-08T17:32:42.969" intervalms="765.560">
  <response-info timems="0.018" idlems="0.018" threads="0" lastid="0000000000016F00" lastname="main" />
</exclusive-start>
<af-start id="4410" threadId="0000000000017908" totalBytesRequested="352" timestamp="2022-02-08T17:32:42.969" intervalms="765.561" type="nursery" />
<cycle-start id="4411" type="scavenge" contextid="0" timestamp="2022-02-08T17:32:42.969" intervalms="765.573" />
<gc-start id="4412" type="scavenge" contextid="4411" timestamp="2022-02-08T17:32:42.969">
  <mem-info id="4413" free="230534664" total="1073741824" percent="21">
    <mem type="nursery" free="0" total="268435456" percent="0">
      <mem type="allocate" free="0" total="183500800" percent="0" />
      <mem type="survivor" free="0" total="84934656" percent="0" />
    </mem>
    <mem type="tenure" free="230534664" total="805306368" percent="28">
      <mem type="soa" free="222480904" total="797252608" percent="27" />
      <mem type="loa" free="8053760" total="8053760" percent="100" />
    </mem>
    <remembered-set count="119" />
  </mem-info>
</gc-start>
<allocation-stats totalBytes="107976304" >
  <allocated-bytes non-tlh="453808" tlh="107522496" />
  <largest-consumer threadName="main" threadId="0000000000016F00" bytes="107976304" />
</allocation-stats>
<gc-op id="4414" type="scavenge" timems="74.958" contextid="4411" timestamp="2022-02-08T17:32:43.044">
  <scavenger-info tenureage="1" tenuremask="7ffe" tiltratio="68" />
  <memory-copied type="nursery" objects="1358712" bytes="76884808" bytesdiscarded="106912" />
  <memory-copied type="tenure" objects="1335126" bytes="75142048" bytesdiscarded="46000" />
  <finalization candidates="30" enqueued="18" />
  <references type="phantom" candidates="30" cleared="0" enqueued="0" />
  <object-monitors candidates="2" cleared="0"  />
</gc-op>
<gc-end id="4415" type="scavenge" contextid="4411" durationms="75.199" usertimems="295.706" systemtimems="0.158" stalltimems="3.221" timestamp="2022-02-08T17:32:43.045" activeThreads="4">
  <mem-info id="4416" free="261985712" total="1073741824" percent="24">
    <mem type="nursery" free="106509080" total="268435456" percent="39">
      <mem type="allocate" free="106509080" total="183500800" percent="58" />
      <mem type="survivor" free="0" total="84934656" percent="0" />
    </mem>
    <mem type="tenure" free="155476632" total="805306368" percent="19" macro-fragmented="0">
      <mem type="soa" free="147422872" total="797252608" percent="18" />
      <mem type="loa" free="8053760" total="8053760" percent="100" />
    </mem>
    <pending-finalizers system="18" default="0" reference="0" classloader="0" />
    <remembered-set count="119" />
  </mem-info>
</gc-end>
<cycle-end id="4417" type="scavenge" contextid="4411" timestamp="2022-02-08T17:32:43.045" />
<allocation-satisfied id="4418" threadId="0000000000016F00" bytesRequested="352" />
<af-end id="4419" timestamp="2022-02-08T17:32:43.045" threadId="0000000000017908" success="true" from="nursery"/>
<exclusive-end id="4420" timestamp="2022-02-08T17:32:43.045" durationms="75.514" />

<concurrent-kickoff id="4421" timestamp="2022-02-08T17:32:43.866">
  <kickoff reason="threshold reached" targetBytes="74441997" thresholdFreeBytes="5735555"  remainingFree="5714808" tenureFreeBytes="155476632" nurseryFreeBytes="5714808" />
</concurrent-kickoff>
<exclusive-start id="4422" timestamp="2022-02-08T17:32:43.869" intervalms="899.786">
  <response-info timems="0.019" idlems="0.019" threads="0" lastid="0000000000016F00" lastname="main" />
</exclusive-start>
<cycle-start id="4423" type="global" contextid="0" timestamp="2022-02-08T17:32:43.869" intervalms="2801.676" />
<concurrent-start id="4424" type="global mark" contextid="4423" timestamp="2022-02-08T17:32:43.869">
</concurrent-start>
<exclusive-end id="4425" timestamp="2022-02-08T17:32:43.869" durationms="0.043" />

<exclusive-start id="4426" timestamp="2022-02-08T17:32:43.986" intervalms="117.334">
  <response-info timems="0.018" idlems="0.018" threads="0" lastid="0000000000016F00" lastname="main" />
</exclusive-start>
<af-start id="4427" threadId="0000000000017908" totalBytesRequested="104" timestamp="2022-02-08T17:32:43.986" intervalms="1017.130" type="nursery" />
<cycle-start id="4428" type="scavenge" contextid="0" timestamp="2022-02-08T17:32:43.986" intervalms="1017.118" />
<gc-start id="4429" type="scavenge" contextid="4428" timestamp="2022-02-08T17:32:43.986">
  <mem-info id="4430" free="155476632" total="1073741824" percent="14">
    <mem type="nursery" free="0" total="268435456" percent="0">
      <mem type="allocate" free="0" total="183500800" percent="0" />
      <mem type="survivor" free="0" total="84934656" percent="0" />
    </mem>
    <mem type="tenure" free="155476632" total="805306368" percent="19">
      <mem type="soa" free="147422872" total="797252608" percent="18" />
      <mem type="loa" free="8053760" total="8053760" percent="100" />
    </mem>
    <remembered-set count="136" />
  </mem-info>
</gc-start>
<allocation-stats totalBytes="106460632" >
  <allocated-bytes non-tlh="2387872" tlh="104072760" />
  <largest-consumer threadName="main" threadId="0000000000016F00" bytes="106456536" />
</allocation-stats>
<gc-op id="4431" type="scavenge" timems="75.237" contextid="4428" timestamp="2022-02-08T17:32:44.062">
  <scavenger-info tenureage="1" tenuremask="7ffe" tiltratio="68" />
  <memory-copied type="nursery" objects="1416506" bytes="75175904" bytesdiscarded="133160" />
  <memory-copied type="tenure" objects="1358412" bytes="76271880" bytesdiscarded="43240" />
  <finalization candidates="92" enqueued="35" />
  <references type="soft" candidates="14" cleared="0" enqueued="0" dynamicThreshold="12" maxThreshold="32" />
  <references type="weak" candidates="1" cleared="0" enqueued="0" />
  <references type="phantom" candidates="77" cleared="7" enqueued="7" />
  <object-monitors candidates="2" cleared="0"  />
</gc-op>
<gc-end id="4432" type="scavenge" contextid="4428" durationms="75.540" usertimems="292.688" systemtimems="4.348" stalltimems="3.482" timestamp="2022-02-08T17:32:44.062" activeThreads="4">
  <mem-info id="4433" free="187731744" total="1073741824" percent="17">
    <mem type="nursery" free="108584824" total="268435456" percent="40">
      <mem type="allocate" free="108584824" total="183894016" percent="59" />
      <mem type="survivor" free="0" total="84541440" percent="0" />
    </mem>
    <mem type="tenure" free="79146920" total="805306368" percent="9" macro-fragmented="0">
      <mem type="soa" free="71093160" total="797252608" percent="8" />
      <mem type="loa" free="8053760" total="8053760" percent="100" />
    </mem>
    <pending-finalizers system="34" default="1" reference="7" classloader="0" />
    <remembered-set count="121" />
  </mem-info>
</gc-end>
<cycle-end id="4434" type="scavenge" contextid="4428" timestamp="2022-02-08T17:32:44.062" />
<allocation-satisfied id="4435" threadId="0000000000016F00" bytesRequested="104" />
<af-end id="4436" timestamp="2022-02-08T17:32:44.062" threadId="0000000000017908" success="true" from="nursery"/>
<exclusive-end id="4437" timestamp="2022-02-08T17:32:44.062" durationms="75.875" />

<concurrent-end id="4438" type="global mark" contextid="4423" timestamp="2022-02-08T17:32:44.187">
<gc-op id="4439" type="trace" timems="318.413" contextid="4423" timestamp="2022-02-08T17:32:44.187">
  <trace bytesTraced="74442508" workStackOverflowCount="0" />
  <card-cleaning reason="card cleaning threshold reached" bytesTraced="480" cardsCleaned="2" />
</gc-op>
</concurrent-end>

<exclusive-start id="4440" timestamp="2022-02-08T17:32:44.187" intervalms="201.163">
  <response-info timems="0.017" idlems="0.017" threads="0" lastid="0000000000016F00" lastname="main" />
</exclusive-start>
<concurrent-global-final id="4441" timestamp="2022-02-08T17:32:44.188" contextid="4423" intervalms="2799.774" >
  <concurrent-trace-info reason="card cleaning threshold reached" tracedByMutators="57196168" tracedByHelpers="17246820" cardsCleaned="2" workStackOverflowCount="0" />
</concurrent-global-final>
<gc-start id="4442" type="global" contextid="4423" timestamp="2022-02-08T17:32:44.188">
  <mem-info id="4443" free="179498680" total="1073741824" percent="16">
    <mem type="nursery" free="100351760" total="268435456" percent="37">
      <mem type="allocate" free="100351760" total="183894016" percent="54" />
      <mem type="survivor" free="0" total="84541440" percent="0" />
    </mem>
    <mem type="tenure" free="79146920" total="805306368" percent="9">
      <mem type="soa" free="71093160" total="797252608" percent="8" />
      <mem type="loa" free="8053760" total="8053760" percent="100" />
    </mem>
    <remembered-set count="122" />
  </mem-info>
</gc-start>
<allocation-stats totalBytes="8229072" >
  <allocated-bytes non-tlh="104" tlh="8228968" />
  <largest-consumer threadName="main" threadId="0000000000016F00" bytes="8220880" />
</allocation-stats>
<gc-op id="4444" type="rs-scan" timems="127.256" contextid="4423" timestamp="2022-02-08T17:32:44.315">
  <scan objectsFound="3324744" bytesTraced="71015752" workStackOverflowCount="0" />
</gc-op>
<gc-op id="4445" type="card-cleaning" timems="0.290" contextid="4423" timestamp="2022-02-08T17:32:44.315">
  <card-cleaning cardsCleaned="4" bytesTraced="1808" workStackOverflowCount="0" />
</gc-op>
<gc-op id="4446" type="mark" timems="36.014" contextid="4423" timestamp="2022-02-08T17:32:44.351">
  <trace-info objectcount="1290569" scancount="969453" scanbytes="20749384" />
  <finalization candidates="428" enqueued="57" />
  <ownableSynchronizers candidates="1" cleared="0" />
  <references type="soft" candidates="894" cleared="0" enqueued="0" dynamicThreshold="12" maxThreshold="32" />
  <references type="weak" candidates="1701" cleared="0" enqueued="0" />
  <references type="phantom" candidates="52" cleared="2" enqueued="2" />
  <stringconstants candidates="6470" cleared="0"  />
  <object-monitors candidates="2" cleared="0"  />
</gc-op>
<gc-op id="4447" type="sweep" timems="4.825" contextid="4423" timestamp="2022-02-08T17:32:44.356" />
<gc-end id="4448" type="global" contextid="4423" durationms="168.602" usertimems="183.162" systemtimems="0.229" stalltimems="107.737" timestamp="2022-02-08T17:32:44.356" activeThreads="4">
  <mem-info id="4449" free="422892544" total="1073741824" percent="39">
    <mem type="nursery" free="100898056" total="268435456" percent="37">
      <mem type="allocate" free="100898056" total="183894016" percent="54" />
      <mem type="survivor" free="0" total="84541440" percent="0" />
    </mem>
    <mem type="tenure" free="321994488" total="805306368" percent="39" micro-fragmented="371877" macro-fragmented="0">
      <mem type="soa" free="313940728" total="797252608" percent="39" />
      <mem type="loa" free="8053760" total="8053760" percent="100" />
    </mem>
    <pending-finalizers system="57" default="0" reference="2" classloader="0" />
    <remembered-set count="109" />
  </mem-info>
</gc-end>
<cycle-end id="4450" type="global" contextid="4423" timestamp="2022-02-08T17:32:44.356" />
<exclusive-end id="4451" timestamp="2022-02-08T17:32:44.356" durationms="168.810" />

<exclusive-start id="4452" timestamp="2022-02-08T17:32:45.035" intervalms="847.301">
  <response-info timems="0.018" idlems="0.018" threads="0" lastid="0000000000016F00" lastname="main" />
</exclusive-start>
<af-start id="4453" threadId="0000000000017908" totalBytesRequested="24" timestamp="2022-02-08T17:32:45.035" intervalms="1048.453" type="nursery" />
<cycle-start id="4454" type="scavenge" contextid="0" timestamp="2022-02-08T17:32:45.035" intervalms="1048.454" />
<gc-start id="4455" type="scavenge" contextid="4454" timestamp="2022-02-08T17:32:45.035">
  <mem-info id="4456" free="321994488" total="1073741824" percent="29">
    <mem type="nursery" free="0" total="268435456" percent="0">
      <mem type="allocate" free="0" total="183894016" percent="0" />
      <mem type="survivor" free="0" total="84541440" percent="0" />
    </mem>
    <mem type="tenure" free="321994488" total="805306368" percent="39">
      <mem type="soa" free="313940728" total="797252608" percent="39" />
      <mem type="loa" free="8053760" total="8053760" percent="100" />
    </mem>
    <remembered-set count="110" />
  </mem-info>
</gc-start>
<allocation-stats totalBytes="100848552" >
  <allocated-bytes non-tlh="0" tlh="100848552" />
  <largest-consumer threadName="main" threadId="0000000000016F00" bytes="100839432" />
</allocation-stats>
<gc-op id="4457" type="scavenge" timems="76.754" contextid="4454" timestamp="2022-02-08T17:32:45.112">
  <scavenger-info tenureage="1" tenuremask="7ffe" tiltratio="68" />
  <memory-copied type="nursery" objects="1407007" bytes="77595000" bytesdiscarded="322456" />
  <memory-copied type="tenure" objects="1416025" bytes="74864160" bytesdiscarded="44856" />
  <finalization candidates="45" enqueued="0" />
  <ownableSynchronizers candidates="2" cleared="2" />
  <object-monitors candidates="2" cleared="0"  />
</gc-op>
<gc-end id="4458" type="scavenge" contextid="4454" durationms="76.940" usertimems="304.105" systemtimems="0.000" stalltimems="1.859" timestamp="2022-02-08T17:32:45.112" activeThreads="4">
  <mem-info id="4459" free="351353544" total="1073741824" percent="32">
    <mem type="nursery" free="104469232" total="268435456" percent="38">
      <mem type="allocate" free="104469232" total="182386688" percent="57" />
      <mem type="survivor" free="0" total="86048768" percent="0" />
    </mem>
    <mem type="tenure" free="246884312" total="805306368" percent="30" macro-fragmented="0">
      <mem type="soa" free="238830552" total="797252608" percent="29" />
      <mem type="loa" free="8053760" total="8053760" percent="100" />
    </mem>
    <remembered-set count="104" />
  </mem-info>
</gc-end>
<cycle-end id="4460" type="scavenge" contextid="4454" timestamp="2022-02-08T17:32:45.112" />
<allocation-satisfied id="4461" threadId="0000000000016F00" bytesRequested="24" />
<af-end id="4462" timestamp="2022-02-08T17:32:45.112" threadId="0000000000017908" success="true" from="nursery"/>
<exclusive-end id="4463" timestamp="2022-02-08T17:32:45.112" durationms="77.207" />

<exclusive-start id="4464" timestamp="2022-02-08T17:32:45.730" intervalms="695.210">
  <response-info timems="0.018" idlems="0.018" threads="0" lastid="0000000000016F00" lastname="main" />
</exclusive-start>
<af-start id="4465" threadId="0000000000017908" totalBytesRequested="16" timestamp="2022-02-08T17:32:45.730" intervalms="695.209" type="nursery" />
<cycle-start id="4466" type="scavenge" contextid="0" timestamp="2022-02-08T17:32:45.730" intervalms="695.208" />
<gc-start id="4467" type="scavenge" contextid="4466" timestamp="2022-02-08T17:32:45.730">
  <mem-info id="4468" free="246884312" total="1073741824" percent="22">
    <mem type="nursery" free="0" total="268435456" percent="0">
      <mem type="allocate" free="0" total="182386688" percent="0" />
      <mem type="survivor" free="0" total="86048768" percent="0" />
    </mem>
    <mem type="tenure" free="246884312" total="805306368" percent="30">
      <mem type="soa" free="238830552" total="797252608" percent="29" />
      <mem type="loa" free="8053760" total="8053760" percent="100" />
    </mem>
    <remembered-set count="104" />
  </mem-info>
</gc-start>
<allocation-stats totalBytes="104420696" >
  <allocated-bytes non-tlh="24" tlh="104420672" />
  <largest-consumer threadName="main" threadId="0000000000016F00" bytes="104420696" />
</allocation-stats>
<gc-op id="4469" type="scavenge" timems="74.034" contextid="4466" timestamp="2022-02-08T17:32:45.804">
  <scavenger-info tenureage="1" tenuremask="7ffe" tiltratio="67" />
  <memory-copied type="nursery" objects="1303450" bytes="74240184" bytesdiscarded="164656" />
  <memory-copied type="tenure" objects="1407007" bytes="77595000" bytesdiscarded="40224" />
  <object-monitors candidates="2" cleared="0"  />
</gc-op>
<gc-end id="4470" type="scavenge" contextid="4466" durationms="74.243" usertimems="291.698" systemtimems="0.161" stalltimems="3.484" timestamp="2022-02-08T17:32:45.804" activeThreads="4">
  <mem-info id="4471" free="277373232" total="1073741824" percent="25">
    <mem type="nursery" free="108375064" total="268435456" percent="40">
      <mem type="allocate" free="108375064" total="182779904" percent="59" />
      <mem type="survivor" free="0" total="85655552" percent="0" />
    </mem>
    <mem type="tenure" free="168998168" total="805306368" percent="20" macro-fragmented="69015248">
      <mem type="soa" free="160944408" total="797252608" percent="20" />
      <mem type="loa" free="8053760" total="8053760" percent="100" />
    </mem>
    <remembered-set count="103" />
  </mem-info>
</gc-end>
<cycle-end id="4472" type="scavenge" contextid="4466" timestamp="2022-02-08T17:32:45.804" />
<allocation-satisfied id="4473" threadId="0000000000016F00" bytesRequested="16" />
<af-end id="4474" timestamp="2022-02-08T17:32:45.804" threadId="0000000000017908" success="true" from="nursery"/>
<exclusive-end id="4475" timestamp="2022-02-08T17:32:45.804" durationms="74.494" />

<exclusive-start id="4476" timestamp="2022-02-08T17:32:46.669" intervalms="938.694">
  <response-info timems="0.018" idlems="0.018" threads="0" lastid="0000000000016F00" lastname="main" />
</exclusive-start>
<af-start id="4477" threadId="0000000000017908" totalBytesRequested="64" timestamp="2022-02-08T17:32:46.669" intervalms="938.696" type="nursery" />
<cycle-start id="4478" type="scavenge" contextid="0" timestamp="2022-02-08T17:32:46.669" intervalms="938.696" />
<gc-start id="4479" type="scavenge" contextid="4478" timestamp="2022-02-08T17:32:46.669">
  <mem-info id="4480" free="168998168" total="1073741824" percent="15">
    <mem type="nursery" free="0" total="268435456" percent="0">
      <mem type="allocate" free="0" total="182779904" percent="0" />
      <mem type="survivor" free="0" total="85655552" percent="0" />
    </mem>
    <mem type="tenure" free="168998168" total="805306368" percent="20">
      <mem type="soa" free="160944408" total="797252608" percent="20" />
      <mem type="loa" free="8053760" total="8053760" percent="100" />
    </mem>
    <remembered-set count="134" />
  </mem-info>
</gc-start>
<allocation-stats totalBytes="108329504" >
  <allocated-bytes non-tlh="2938264" tlh="105391240" />
  <largest-consumer threadName="main" threadId="0000000000016F00" bytes="108329504" />
</allocation-stats>
<gc-op id="4481" type="scavenge" timems="74.787" contextid="4478" timestamp="2022-02-08T17:32:46.744">
  <scavenger-info tenureage="1" tenuremask="7ffe" tiltratio="68" />
  <memory-copied type="nursery" objects="1455249" bytes="76173248" bytesdiscarded="142288" />
  <memory-copied type="tenure" objects="1303450" bytes="74240184" bytesdiscarded="43128" />
  <finalization candidates="110" enqueued="53" />
  <references type="soft" candidates="14" cleared="0" enqueued="0" dynamicThreshold="12" maxThreshold="32" />
  <references type="weak" candidates="1" cleared="0" enqueued="0" />
  <references type="phantom" candidates="95" cleared="7" enqueued="7" />
  <object-monitors candidates="2" cleared="0"  />
</gc-op>
<gc-end id="4482" type="scavenge" contextid="4478" durationms="75.022" usertimems="294.730" systemtimems="0.000" stalltimems="4.237" timestamp="2022-02-08T17:32:46.744" activeThreads="4">
  <mem-info id="4483" free="201702160" total="1073741824" percent="18">
    <mem type="nursery" free="106726384" total="268435456" percent="39">
      <mem type="allocate" free="106726384" total="183042048" percent="58" />
      <mem type="survivor" free="0" total="85393408" percent="0" />
    </mem>
    <mem type="tenure" free="94975776" total="805306368" percent="11" macro-fragmented="39939376">
      <mem type="soa" free="86922016" total="797252608" percent="10" />
      <mem type="loa" free="8053760" total="8053760" percent="100" />
    </mem>
    <pending-finalizers system="52" default="1" reference="7" classloader="0" />
    <remembered-set count="129" />
  </mem-info>
</gc-end>
<cycle-end id="4484" type="scavenge" contextid="4478" timestamp="2022-02-08T17:32:46.744" />
<allocation-satisfied id="4485" threadId="0000000000016F00" bytesRequested="64" />
<af-end id="4486" timestamp="2022-02-08T17:32:46.744" threadId="0000000000017908" success="true" from="nursery"/>
<exclusive-end id="4487" timestamp="2022-02-08T17:32:46.744" durationms="75.311" />

<concurrent-kickoff id="4488" timestamp="2022-02-08T17:32:47.418">
  <kickoff reason="threshold reached" targetBytes="74442195" thresholdFreeBytes="5735186"  remainingFree="5694384" tenureFreeBytes="94975776" nurseryFreeBytes="5694384" />
</concurrent-kickoff>
<exclusive-start id="4489" timestamp="2022-02-08T17:32:47.423" intervalms="754.621">
  <response-info timems="0.018" idlems="0.018" threads="0" lastid="0000000000016F00" lastname="main" />
</exclusive-start>
<cycle-start id="4490" type="global" contextid="0" timestamp="2022-02-08T17:32:47.423" intervalms="3554.309" />
<concurrent-start id="4491" type="global mark" contextid="4490" timestamp="2022-02-08T17:32:47.423">
</concurrent-start>
<exclusive-end id="4492" timestamp="2022-02-08T17:32:47.423" durationms="0.029" />

<exclusive-start id="4493" timestamp="2022-02-08T17:32:47.537" intervalms="113.722">
  <response-info timems="0.018" idlems="0.018" threads="0" lastid="0000000000016F00" lastname="main" />
</exclusive-start>
<af-start id="4494" threadId="0000000000017908" totalBytesRequested="200" timestamp="2022-02-08T17:32:47.537" intervalms="868.340" type="nursery" />
<cycle-start id="4495" type="scavenge" contextid="0" timestamp="2022-02-08T17:32:47.537" intervalms="868.341" />
<gc-start id="4496" type="scavenge" contextid="4495" timestamp="2022-02-08T17:32:47.537">
  <mem-info id="4497" free="94975776" total="1073741824" percent="8">
    <mem type="nursery" free="0" total="268435456" percent="0">
      <mem type="allocate" free="0" total="183042048" percent="0" />
      <mem type="survivor" free="0" total="85393408" percent="0" />
    </mem>
    <mem type="tenure" free="94975776" total="805306368" percent="11">
      <mem type="soa" free="86922016" total="797252608" percent="10" />
      <mem type="loa" free="8053760" total="8053760" percent="100" />
    </mem>
    <remembered-set count="130" />
  </mem-info>
</gc-start>
<allocation-stats totalBytes="106677216" >
  <allocated-bytes non-tlh="64" tlh="106677152" />
  <largest-consumer threadName="main" threadId="0000000000016F00" bytes="106669024" />
</allocation-stats>
<gc-op id="4498" type="scavenge" timems="76.197" contextid="4495" timestamp="2022-02-08T17:32:47.613">
  <scavenger-info tenureage="1" tenuremask="7ffe" tiltratio="68" />
  <memory-copied type="nursery" objects="1374785" bytes="75992768" bytesdiscarded="334144" />
  <memory-copied type="tenure" objects="1454538" bytes="75705392" bytesdiscarded="35704" />
  <finalization candidates="57" enqueued="0" />
  <object-monitors candidates="2" cleared="0"  />
</gc-op>
<gc-end id="4499" type="scavenge" contextid="4495" durationms="76.462" usertimems="301.538" systemtimems="0.000" stalltimems="2.672" timestamp="2022-02-08T17:32:47.614" activeThreads="4">
  <mem-info id="4500" free="126612888" total="1073741824" percent="11">
    <mem type="nursery" free="107370496" total="268435456" percent="39">
      <mem type="allocate" free="107370496" total="183697408" percent="58" />
      <mem type="survivor" free="0" total="84738048" percent="0" />
    </mem>
    <mem type="tenure" free="19242392" total="805306368" percent="2" macro-fragmented="14257083">
      <mem type="soa" free="11188632" total="797252608" percent="1" />
      <mem type="loa" free="8053760" total="8053760" percent="100" />
    </mem>
    <remembered-set count="103" />
  </mem-info>
</gc-end>
<cycle-end id="4501" type="scavenge" contextid="4495" timestamp="2022-02-08T17:32:47.614" />
<allocation-satisfied id="4502" threadId="0000000000016F00" bytesRequested="200" />
<af-end id="4503" timestamp="2022-02-08T17:32:47.614" threadId="0000000000017908" success="true" from="nursery"/>
<exclusive-end id="4504" timestamp="2022-02-08T17:32:47.614" durationms="76.784" />

<concurrent-end id="4505" type="global mark" contextid="4490" timestamp="2022-02-08T17:32:47.747">
<gc-op id="4506" type="trace" timems="324.018" contextid="4490" timestamp="2022-02-08T17:32:47.747">
  <trace bytesTraced="74442748" workStackOverflowCount="0" />
  <card-cleaning reason="card cleaning threshold reached" bytesTraced="480" cardsCleaned="2" />
</gc-op>
</concurrent-end>

<exclusive-start id="4507" timestamp="2022-02-08T17:32:47.747" intervalms="210.366">
  <response-info timems="0.018" idlems="0.018" threads="0" lastid="0000000000016F00" lastname="main" />
</exclusive-start>
<concurrent-global-final id="4508" timestamp="2022-02-08T17:32:47.747" contextid="4490" intervalms="3559.915" >
  <concurrent-trace-info reason="card cleaning threshold reached" tracedByMutators="56999348" tracedByHelpers="17443880" cardsCleaned="2" workStackOverflowCount="0" />
</concurrent-global-final>
<gc-start id="4509" type="global" contextid="4490" timestamp="2022-02-08T17:32:47.747">
  <mem-info id="4510" free="118125776" total="1073741824" percent="11">
    <mem type="nursery" free="98883384" total="268435456" percent="36">
      <mem type="allocate" free="98883384" total="183697408" percent="53" />
      <mem type="survivor" free="0" total="84738048" percent="0" />
    </mem>
    <mem type="tenure" free="19242392" total="805306368" percent="2">
      <mem type="soa" free="11188632" total="797252608" percent="1" />
      <mem type="loa" free="8053760" total="8053760" percent="100" />
    </mem>
    <remembered-set count="103" />
  </mem-info>
</gc-start>
<allocation-stats totalBytes="8482744" >
  <allocated-bytes non-tlh="200" tlh="8482544" />
  <largest-consumer threadName="main" threadId="0000000000016F00" bytes="8482744" />
</allocation-stats>
<gc-op id="4511" type="rs-scan" timems="0.498" contextid="4490" timestamp="2022-02-08T17:32:47.748">
  <scan objectsFound="0" bytesTraced="3988" workStackOverflowCount="0" />
</gc-op>
<gc-op id="4512" type="card-cleaning" timems="145.443" contextid="4490" timestamp="2022-02-08T17:32:47.893">
  <card-cleaning cardsCleaned="11" bytesTraced="71014688" workStackOverflowCount="0" />
</gc-op>
<gc-op id="4513" type="mark" timems="65.578" contextid="4490" timestamp="2022-02-08T17:32:47.959">
  <trace-info objectcount="2405918" scancount="1805966" scanbytes="38594984" />
  <finalization candidates="428" enqueued="57" />
  <ownableSynchronizers candidates="1" cleared="0" />
  <references type="soft" candidates="894" cleared="0" enqueued="0" dynamicThreshold="12" maxThreshold="32" />
  <references type="weak" candidates="1701" cleared="0" enqueued="0" />
  <references type="phantom" candidates="52" cleared="2" enqueued="2" />
  <stringconstants candidates="6470" cleared="0"  />
  <object-monitors candidates="2" cleared="0"  />
</gc-op>
<gc-op id="4514" type="sweep" timems="5.171" contextid="4490" timestamp="2022-02-08T17:32:47.964" />
<gc-end id="4515" type="global" contextid="4490" durationms="216.919" usertimems="232.483" systemtimems="0.366" stalltimems="196.496" timestamp="2022-02-08T17:32:47.964" activeThreads="4">
  <mem-info id="4516" free="361469088" total="1073741824" percent="33">
    <mem type="nursery" free="99309736" total="268435456" percent="36">
      <mem type="allocate" free="99309736" total="183697408" percent="54" />
      <mem type="survivor" free="0" total="84738048" percent="0" />
    </mem>
    <mem type="tenure" free="262159352" total="805306368" percent="32" micro-fragmented="401031" macro-fragmented="0">
      <mem type="soa" free="254105592" total="797252608" percent="31" />
      <mem type="loa" free="8053760" total="8053760" percent="100" />
    </mem>
    <pending-finalizers system="57" default="0" reference="2" classloader="0" />
    <remembered-set count="103" />
  </mem-info>
</gc-end>
<cycle-end id="4517" type="global" contextid="4490" timestamp="2022-02-08T17:32:47.965" />
<exclusive-end id="4518" timestamp="2022-02-08T17:32:47.965" durationms="217.126" />

<exclusive-start id="4519" timestamp="2022-02-08T17:32:48.557" intervalms="809.550">
  <response-info timems="0.019" idlems="0.019" threads="0" lastid="0000000000016F00" lastname="main" />
</exclusive-start>
<af-start id="4520" threadId="0000000000017908" totalBytesRequested="176" timestamp="2022-02-08T17:32:48.557" intervalms="1019.918" type="nursery" />
<cycle-start id="4521" type="scavenge" contextid="0" timestamp="2022-02-08T17:32:48.557" intervalms="1019.919" />
<gc-start id="4522" type="scavenge" contextid="4521" timestamp="2022-02-08T17:32:48.557">
  <mem-info id="4523" free="262159352" total="1073741824" percent="24">
    <mem type="nursery" free="0" total="268435456" percent="0">
      <mem type="allocate" free="0" total="183697408" percent="0" />
      <mem type="survivor" free="0" total="84738048" percent="0" />
    </mem>
    <mem type="tenure" free="262159352" total="805306368" percent="32">
      <mem type="soa" free="254105592" total="797252608" percent="31" />
      <mem type="loa" free="8053760" total="8053760" percent="100" />
    </mem>
    <remembered-set count="106" />
  </mem-info>
</gc-start>
<allocation-stats totalBytes="99267296" >
  <allocated-bytes non-tlh="0" tlh="99267296" />
  <largest-consumer threadName="main" threadId="0000000000016F00" bytes="99263200" />
</allocation-stats>
<gc-op id="4524" type="scavenge" timems="74.206" contextid="4521" timestamp="2022-02-08T17:32:48.631">
  <scavenger-info tenureage="1" tenuremask="7ffe" tiltratio="68" />
  <memory-copied type="nursery" objects="1353063" bytes="76515064" bytesdiscarded="162824" />
  <memory-copied type="tenure" objects="1374784" bytes="75992656" bytesdiscarded="38576" />
  <ownableSynchronizers candidates="2" cleared="2" />
  <object-monitors candidates="2" cleared="0"  />
</gc-op>
<gc-end id="4525" type="scavenge" contextid="4521" durationms="74.421" usertimems="292.674" systemtimems="0.000" stalltimems="3.460" timestamp="2022-02-08T17:32:48.631" activeThreads="4">
  <mem-info id="4526" free="294023776" total="1073741824" percent="27">
    <mem type="nursery" free="108199168" total="268435456" percent="40">
      <mem type="allocate" free="108199168" total="184877056" percent="58" />
      <mem type="survivor" free="0" total="83558400" percent="0" />
    </mem>
    <mem type="tenure" free="185824608" total="805306368" percent="23" macro-fragmented="0">
      <mem type="soa" free="177770848" total="797252608" percent="22" />
      <mem type="loa" free="8053760" total="8053760" percent="100" />
    </mem>
    <remembered-set count="105" />
  </mem-info>
</gc-end>
<cycle-end id="4527" type="scavenge" contextid="4521" timestamp="2022-02-08T17:32:48.632" />
<allocation-satisfied id="4528" threadId="0000000000016F00" bytesRequested="176" />
<af-end id="4529" timestamp="2022-02-08T17:32:48.632" threadId="0000000000017908" success="true" from="nursery"/>
<exclusive-end id="4530" timestamp="2022-02-08T17:32:48.632" durationms="74.708" />

<exclusive-start id="4531" timestamp="2022-02-08T17:32:49.489" intervalms="931.705">
  <response-info timems="0.016" idlems="0.016" threads="0" lastid="0000000000016F00" lastname="main" />
</exclusive-start>
<af-start id="4532" threadId="0000000000017908" totalBytesRequested="1347680" timestamp="2022-02-08T17:32:49.489" intervalms="931.704" type="nursery" />
<cycle-start id="4533" type="scavenge" contextid="0" timestamp="2022-02-08T17:32:49.489" intervalms="931.711" />
<gc-start id="4534" type="scavenge" contextid="4533" timestamp="2022-02-08T17:32:49.489">
  <mem-info id="4535" free="185833688" total="1073741824" percent="17">
    <mem type="nursery" free="9080" total="268435456" percent="0">
      <mem type="allocate" free="9080" total="184877056" percent="0" />
      <mem type="survivor" free="0" total="83558400" percent="0" />
    </mem>
    <mem type="tenure" free="185824608" total="805306368" percent="23">
      <mem type="soa" free="177770848" total="797252608" percent="22" />
      <mem type="loa" free="8053760" total="8053760" percent="100" />
    </mem>
    <remembered-set count="135" />
  </mem-info>
</gc-start>
<allocation-stats totalBytes="108143512" >
  <allocated-bytes non-tlh="1661320" tlh="106482192" />
  <largest-consumer threadName="main" threadId="0000000000016F00" bytes="108143512" />
</allocation-stats>
<gc-op id="4536" type="scavenge" timems="76.448" contextid="4533" timestamp="2022-02-08T17:32:49.565">
  <scavenger-info tenureage="1" tenuremask="7ffe" tiltratio="68" />
  <memory-copied type="nursery" objects="1454366" bytes="75587064" bytesdiscarded="90232" />
  <memory-copied type="tenure" objects="1353062" bytes="76514968" bytesdiscarded="41192" />
  <finalization candidates="110" enqueued="53" />
  <references type="soft" candidates="14" cleared="0" enqueued="0" dynamicThreshold="10" maxThreshold="32" />
  <references type="weak" candidates="1" cleared="0" enqueued="0" />
  <references type="phantom" candidates="95" cleared="7" enqueued="7" />
  <object-monitors candidates="2" cleared="0"  />
</gc-op>
<gc-end id="4537" type="scavenge" contextid="4533" durationms="76.643" usertimems="302.514" systemtimems="0.000" stalltimems="2.615" timestamp="2022-02-08T17:32:49.565" activeThreads="4">
  <mem-info id="4538" free="218797768" total="1073741824" percent="20">
    <mem type="nursery" free="109396240" total="268435456" percent="40">
      <mem type="allocate" free="109396240" total="185073664" percent="59" />
      <mem type="survivor" free="0" total="83361792" percent="0" />
    </mem>
    <mem type="tenure" free="109401528" total="805306368" percent="13" macro-fragmented="0">
      <mem type="soa" free="101347768" total="797252608" percent="12" />
      <mem type="loa" free="8053760" total="8053760" percent="100" />
    </mem>
    <pending-finalizers system="52" default="1" reference="7" classloader="0" />
    <remembered-set count="131" />
  </mem-info>
</gc-end>
<cycle-end id="4539" type="scavenge" contextid="4533" timestamp="2022-02-08T17:32:49.566" />
<allocation-satisfied id="4540" threadId="0000000000016F00" bytesRequested="1347680" />
<af-end id="4541" timestamp="2022-02-08T17:32:49.566" threadId="0000000000017908" success="true" from="nursery"/>
<exclusive-end id="4542" timestamp="2022-02-08T17:32:49.566" durationms="77.055" />

<concurrent-kickoff id="4543" timestamp="2022-02-08T17:32:50.247">
  <kickoff reason="threshold reached" targetBytes="74442398" thresholdFreeBytes="5741979"  remainingFree="5652752" tenureFreeBytes="109401528" nurseryFreeBytes="5652752" />
</concurrent-kickoff>
<exclusive-start id="4544" timestamp="2022-02-08T17:32:50.250" intervalms="761.802">
  <response-info timems="0.018" idlems="0.018" threads="0" lastid="0000000000016F00" lastname="main" />
</exclusive-start>
<cycle-start id="4545" type="global" contextid="0" timestamp="2022-02-08T17:32:50.250" intervalms="2827.145" />
<concurrent-start id="4546" type="global mark" contextid="4545" timestamp="2022-02-08T17:32:50.250">
</concurrent-start>
<exclusive-end id="4547" timestamp="2022-02-08T17:32:50.250" durationms="0.029" />

<exclusive-start id="4548" timestamp="2022-02-08T17:32:50.374" intervalms="123.252">
  <response-info timems="0.032" idlems="0.032" threads="0" lastid="0000000000016F00" lastname="main" />
</exclusive-start>
<af-start id="4549" threadId="0000000000017908" totalBytesRequested="24" timestamp="2022-02-08T17:32:50.374" intervalms="885.057" type="nursery" />
<cycle-start id="4550" type="scavenge" contextid="0" timestamp="2022-02-08T17:32:50.374" intervalms="885.057" />
<gc-start id="4551" type="scavenge" contextid="4550" timestamp="2022-02-08T17:32:50.374">
  <mem-info id="4552" free="109401528" total="1073741824" percent="10">
    <mem type="nursery" free="0" total="268435456" percent="0">
      <mem type="allocate" free="0" total="185073664" percent="0" />
      <mem type="survivor" free="0" total="83361792" percent="0" />
    </mem>
    <mem type="tenure" free="109401528" total="805306368" percent="13">
      <mem type="soa" free="101347768" total="797252608" percent="12" />
      <mem type="loa" free="8053760" total="8053760" percent="100" />
    </mem>
    <remembered-set count="132" />
  </mem-info>
</gc-start>
<allocation-stats totalBytes="109345176" >
  <allocated-bytes non-tlh="1347680" tlh="107997496" />
  <largest-consumer threadName="main" threadId="0000000000016F00" bytes="109336984" />
</allocation-stats>
<gc-op id="4553" type="scavenge" timems="86.671" contextid="4550" timestamp="2022-02-08T17:32:50.461">
  <scavenger-info tenureage="1" tenuremask="7ffe" tiltratio="68" />
  <memory-copied type="nursery" objects="1390014" bytes="78279384" bytesdiscarded="181344" />
  <memory-copied type="tenure" objects="1453655" bytes="75119208" bytesdiscarded="41488" />
  <finalization candidates="57" enqueued="0" />
  <object-monitors candidates="2" cleared="0"  />
</gc-op>
<gc-end id="4554" type="scavenge" contextid="4550" durationms="86.886" usertimems="337.120" systemtimems="6.205" stalltimems="2.387" timestamp="2022-02-08T17:32:50.461" activeThreads="4">
  <mem-info id="4555" free="137459072" total="1073741824" percent="12">
    <mem type="nursery" free="103336136" total="268435456" percent="38">
      <mem type="allocate" free="103336136" total="181796864" percent="56" />
      <mem type="survivor" free="0" total="86638592" percent="0" />
    </mem>
    <mem type="tenure" free="34122936" total="805306368" percent="4" macro-fragmented="0">
      <mem type="soa" free="26069176" total="797252608" percent="3" />
      <mem type="loa" free="8053760" total="8053760" percent="100" />
    </mem>
    <remembered-set count="99" />
  </mem-info>
</gc-end>
<cycle-end id="4556" type="scavenge" contextid="4550" timestamp="2022-02-08T17:32:50.461" />
<allocation-satisfied id="4557" threadId="0000000000016F00" bytesRequested="24" />
<af-end id="4558" timestamp="2022-02-08T17:32:50.461" threadId="0000000000017908" success="true" from="nursery"/>
<exclusive-end id="4559" timestamp="2022-02-08T17:32:50.461" durationms="87.167" />

<concurrent-end id="4560" type="global mark" contextid="4545" timestamp="2022-02-08T17:32:50.582">
<gc-op id="4561" type="trace" timems="331.717" contextid="4545" timestamp="2022-02-08T17:32:50.582">
  <trace bytesTraced="74442892" workStackOverflowCount="0" />
  <card-cleaning reason="card cleaning threshold reached" bytesTraced="480" cardsCleaned="2" />
</gc-op>
</concurrent-end>

<exclusive-start id="4562" timestamp="2022-02-08T17:32:50.582" intervalms="208.581">
  <response-info timems="0.032" idlems="0.032" threads="0" lastid="0000000000016F00" lastname="main" />
</exclusive-start>
<concurrent-global-final id="4563" timestamp="2022-02-08T17:32:50.582" contextid="4545" intervalms="2834.890" >
  <concurrent-trace-info reason="card cleaning threshold reached" tracedByMutators="58321620" tracedByHelpers="16121752" cardsCleaned="2" workStackOverflowCount="0" />
</concurrent-global-final>
<gc-start id="4564" type="global" contextid="4545" timestamp="2022-02-08T17:32:50.582">
  <mem-info id="4565" free="129889640" total="1073741824" percent="12">
    <mem type="nursery" free="95766704" total="268435456" percent="35">
      <mem type="allocate" free="95766704" total="181796864" percent="52" />
      <mem type="survivor" free="0" total="86638592" percent="0" />
    </mem>
    <mem type="tenure" free="34122936" total="805306368" percent="4">
      <mem type="soa" free="26069176" total="797252608" percent="3" />
      <mem type="loa" free="8053760" total="8053760" percent="100" />
    </mem>
    <remembered-set count="99" />
  </mem-info>
</gc-start>
<allocation-stats totalBytes="7565072" >
  <allocated-bytes non-tlh="24" tlh="7565048" />
  <largest-consumer threadName="main" threadId="0000000000016F00" bytes="7565072" />
</allocation-stats>
<gc-op id="4566" type="rs-scan" timems="0.640" contextid="4545" timestamp="2022-02-08T17:32:50.583">
  <scan objectsFound="0" bytesTraced="3988" workStackOverflowCount="0" />
</gc-op>
<gc-op id="4567" type="card-cleaning" timems="145.619" contextid="4545" timestamp="2022-02-08T17:32:50.729">
  <card-cleaning cardsCleaned="10" bytesTraced="71014640" workStackOverflowCount="0" />
</gc-op>
<gc-op id="4568" type="mark" timems="66.164" contextid="4545" timestamp="2022-02-08T17:32:50.795">
  <trace-info objectcount="2163735" scancount="1624329" scanbytes="34720040" />
  <finalization candidates="428" enqueued="57" />
  <ownableSynchronizers candidates="1" cleared="0" />
  <references type="soft" candidates="894" cleared="0" enqueued="0" dynamicThreshold="10" maxThreshold="32" />
  <references type="weak" candidates="1701" cleared="0" enqueued="0" />
  <references type="phantom" candidates="52" cleared="2" enqueued="2" />
  <stringconstants candidates="6470" cleared="0"  />
  <object-monitors candidates="2" cleared="0"  />
</gc-op>
<gc-op id="4569" type="sweep" timems="4.987" contextid="4545" timestamp="2022-02-08T17:32:50.800" />
<gc-end id="4570" type="global" contextid="4545" durationms="217.635" usertimems="272.002" systemtimems="0.236" stalltimems="159.035" timestamp="2022-02-08T17:32:50.800" activeThreads="4">
  <mem-info id="4571" free="373188144" total="1073741824" percent="34">
    <mem type="nursery" free="96039320" total="268435456" percent="35">
      <mem type="allocate" free="96039320" total="181796864" percent="52" />
      <mem type="survivor" free="0" total="86638592" percent="0" />
    </mem>
    <mem type="tenure" free="277148824" total="805306368" percent="34" micro-fragmented="371737" macro-fragmented="0">
      <mem type="soa" free="269095064" total="797252608" percent="33" />
      <mem type="loa" free="8053760" total="8053760" percent="100" />
    </mem>
    <pending-finalizers system="57" default="0" reference="2" classloader="0" />
    <remembered-set count="99" />
  </mem-info>
</gc-end>
<cycle-end id="4572" type="global" contextid="4545" timestamp="2022-02-08T17:32:50.800" />
<exclusive-end id="4573" timestamp="2022-02-08T17:32:50.800" durationms="217.831" />

<exclusive-start id="4574" timestamp="2022-02-08T17:32:51.377" intervalms="794.583">
  <response-info timems="0.018" idlems="0.018" threads="0" lastid="0000000000016F00" lastname="main" />
</exclusive-start>
<af-start id="4575" threadId="0000000000017908" totalBytesRequested="184" timestamp="2022-02-08T17:32:51.377" intervalms="1003.162" type="nursery" />
<cycle-start id="4576" type="scavenge" contextid="0" timestamp="2022-02-08T17:32:51.377" intervalms="1003.153" />
<gc-start id="4577" type="scavenge" contextid="4576" timestamp="2022-02-08T17:32:51.377">
  <mem-info id="4578" free="277148824" total="1073741824" percent="25">
    <mem type="nursery" free="0" total="268435456" percent="0">
      <mem type="allocate" free="0" total="181796864" percent="0" />
      <mem type="survivor" free="0" total="86638592" percent="0" />
    </mem>
    <mem type="tenure" free="277148824" total="805306368" percent="34">
      <mem type="soa" free="269095064" total="797252608" percent="33" />
      <mem type="loa" free="8053760" total="8053760" percent="100" />
    </mem>
    <remembered-set count="102" />
  </mem-info>
</gc-start>
<allocation-stats totalBytes="95993288" >
  <allocated-bytes non-tlh="0" tlh="95993288" />
  <largest-consumer threadName="main" threadId="0000000000016F00" bytes="95989192" />
</allocation-stats>
<gc-op id="4579" type="scavenge" timems="73.521" contextid="4576" timestamp="2022-02-08T17:32:51.451">
  <scavenger-info tenureage="1" tenuremask="7ffe" tiltratio="67" />
  <memory-copied type="nursery" objects="1298874" bytes="73537608" bytesdiscarded="126184" />
  <memory-copied type="tenure" objects="1390014" bytes="78279384" bytesdiscarded="42800" />
  <ownableSynchronizers candidates="2" cleared="2" />
  <object-monitors candidates="2" cleared="0"  />
</gc-op>
<gc-end id="4580" type="scavenge" contextid="4576" durationms="73.741" usertimems="290.190" systemtimems="0.000" stalltimems="3.131" timestamp="2022-02-08T17:32:51.451" activeThreads="4">
  <mem-info id="4581" free="307038784" total="1073741824" percent="28">
    <mem type="nursery" free="108526288" total="268435456" percent="40">
      <mem type="allocate" free="108526288" total="182190080" percent="59" />
      <mem type="survivor" free="0" total="86245376" percent="0" />
    </mem>
    <mem type="tenure" free="198512496" total="805306368" percent="24" macro-fragmented="0">
      <mem type="soa" free="190458736" total="797252608" percent="23" />
      <mem type="loa" free="8053760" total="8053760" percent="100" />
    </mem>
    <remembered-set count="104" />
  </mem-info>
</gc-end>
<cycle-end id="4582" type="scavenge" contextid="4576" timestamp="2022-02-08T17:32:51.451" />
<allocation-satisfied id="4583" threadId="0000000000016F00" bytesRequested="184" />
<af-end id="4584" timestamp="2022-02-08T17:32:51.451" threadId="0000000000017908" success="true" from="nursery"/>
<exclusive-end id="4585" timestamp="2022-02-08T17:32:51.451" durationms="74.024" />

<exclusive-start id="4586" timestamp="2022-02-08T17:32:52.306" intervalms="929.596">
  <response-info timems="0.019" idlems="0.019" threads="0" lastid="0000000000016F00" lastname="main" />
</exclusive-start>
<af-start id="4587" threadId="0000000000017908" totalBytesRequested="192" timestamp="2022-02-08T17:32:52.307" intervalms="929.597" type="nursery" />
<cycle-start id="4588" type="scavenge" contextid="0" timestamp="2022-02-08T17:32:52.307" intervalms="929.597" />
<gc-start id="4589" type="scavenge" contextid="4588" timestamp="2022-02-08T17:32:52.307">
  <mem-info id="4590" free="198512496" total="1073741824" percent="18">
    <mem type="nursery" free="0" total="268435456" percent="0">
      <mem type="allocate" free="0" total="182190080" percent="0" />
      <mem type="survivor" free="0" total="86245376" percent="0" />
    </mem>
    <mem type="tenure" free="198512496" total="805306368" percent="24">
      <mem type="soa" free="190458736" total="797252608" percent="23" />
      <mem type="loa" free="8053760" total="8053760" percent="100" />
    </mem>
    <remembered-set count="135" />
  </mem-info>
</gc-start>
<allocation-stats totalBytes="108478472" >
  <allocated-bytes non-tlh="1661328" tlh="106817144" />
  <largest-consumer threadName="main" threadId="0000000000016F00" bytes="108478472" />
</allocation-stats>
<gc-op id="4591" type="scavenge" timems="79.672" contextid="4588" timestamp="2022-02-08T17:32:52.386">
  <scavenger-info tenureage="1" tenuremask="7ffe" tiltratio="67" />
  <memory-copied type="nursery" objects="1492568" bytes="76402440" bytesdiscarded="224960" />
  <memory-copied type="tenure" objects="1298873" bytes="73537504" bytesdiscarded="41368" />
  <finalization candidates="109" enqueued="53" />
  <references type="soft" candidates="14" cleared="0" enqueued="0" dynamicThreshold="11" maxThreshold="32" />
  <references type="weak" candidates="1" cleared="0" enqueued="0" />
  <references type="phantom" candidates="94" cleared="7" enqueued="7" />
  <object-monitors candidates="2" cleared="0"  />
</gc-op>
<gc-end id="4592" type="scavenge" contextid="4588" durationms="79.888" usertimems="310.952" systemtimems="0.021" stalltimems="3.231" timestamp="2022-02-08T17:32:52.386" activeThreads="4">
  <mem-info id="4593" free="230732416" total="1073741824" percent="21">
    <mem type="nursery" free="105693624" total="268435456" percent="39">
      <mem type="allocate" free="105693624" total="182321152" percent="57" />
      <mem type="survivor" free="0" total="86114304" percent="0" />
    </mem>
    <mem type="tenure" free="125038792" total="805306368" percent="15" macro-fragmented="0">
      <mem type="soa" free="116985032" total="797252608" percent="14" />
      <mem type="loa" free="8053760" total="8053760" percent="100" />
    </mem>
    <pending-finalizers system="52" default="1" reference="7" classloader="0" />
    <remembered-set count="132" />
  </mem-info>
</gc-end>
<cycle-end id="4594" type="scavenge" contextid="4588" timestamp="2022-02-08T17:32:52.387" />
<allocation-satisfied id="4595" threadId="0000000000016F00" bytesRequested="192" />
<af-end id="4596" timestamp="2022-02-08T17:32:52.387" threadId="0000000000017908" success="true" from="nursery"/>
<exclusive-end id="4597" timestamp="2022-02-08T17:32:52.387" durationms="80.153" />

<concurrent-kickoff id="4598" timestamp="2022-02-08T17:32:53.041">
  <kickoff reason="threshold reached" targetBytes="74442589" thresholdFreeBytes="5740195"  remainingFree="5673112" tenureFreeBytes="125038792" nurseryFreeBytes="5673112" />
</concurrent-kickoff>
<exclusive-start id="4599" timestamp="2022-02-08T17:32:53.044" intervalms="737.785">
  <response-info timems="0.019" idlems="0.019" threads="0" lastid="0000000000016F00" lastname="main" />
</exclusive-start>
<cycle-start id="4600" type="global" contextid="0" timestamp="2022-02-08T17:32:53.044" intervalms="2793.797" />
<concurrent-start id="4601" type="global mark" contextid="4600" timestamp="2022-02-08T17:32:53.044">
</concurrent-start>
<exclusive-end id="4602" timestamp="2022-02-08T17:32:53.044" durationms="0.029" />

<exclusive-start id="4603" timestamp="2022-02-08T17:32:53.159" intervalms="114.427">
  <response-info timems="0.026" idlems="0.026" threads="0" lastid="0000000000016F00" lastname="main" />
</exclusive-start>
<af-start id="4604" threadId="0000000000017908" totalBytesRequested="64" timestamp="2022-02-08T17:32:53.159" intervalms="852.221" type="nursery" />
<cycle-start id="4605" type="scavenge" contextid="0" timestamp="2022-02-08T17:32:53.159" intervalms="852.220" />
<gc-start id="4606" type="scavenge" contextid="4605" timestamp="2022-02-08T17:32:53.159">
  <mem-info id="4607" free="125038792" total="1073741824" percent="11">
    <mem type="nursery" free="0" total="268435456" percent="0">
      <mem type="allocate" free="0" total="182321152" percent="0" />
      <mem type="survivor" free="0" total="86114304" percent="0" />
    </mem>
    <mem type="tenure" free="125038792" total="805306368" percent="15">
      <mem type="soa" free="116985032" total="797252608" percent="14" />
      <mem type="loa" free="8053760" total="8053760" percent="100" />
    </mem>
    <remembered-set count="133" />
  </mem-info>
</gc-start>
<allocation-stats totalBytes="105644024" >
  <allocated-bytes non-tlh="1347872" tlh="104296152" />
  <largest-consumer threadName="main" threadId="0000000000016F00" bytes="105635832" />
</allocation-stats>
<gc-op id="4608" type="scavenge" timems="75.982" contextid="4605" timestamp="2022-02-08T17:32:53.235">
  <scavenger-info tenureage="1" tenuremask="7ffe" tiltratio="67" />
  <memory-copied type="nursery" objects="1323646" bytes="75610080" bytesdiscarded="167552" />
  <memory-copied type="tenure" objects="1491848" bytes="75459168" bytesdiscarded="38640" />
  <finalization candidates="57" enqueued="0" />
  <references type="phantom" candidates="1" cleared="0" enqueued="0" />
  <object-monitors candidates="2" cleared="0"  />
</gc-op>
<gc-end id="4609" type="scavenge" contextid="4605" durationms="76.247" usertimems="299.512" systemtimems="0.124" stalltimems="3.972" timestamp="2022-02-08T17:32:53.235" activeThreads="4">
  <mem-info id="4610" free="156717360" total="1073741824" percent="14">
    <mem type="nursery" free="107264416" total="268435456" percent="39">
      <mem type="allocate" free="107264416" total="183042048" percent="58" />
      <mem type="survivor" free="0" total="85393408" percent="0" />
    </mem>
    <mem type="tenure" free="49452944" total="805306368" percent="6" macro-fragmented="140211">
      <mem type="soa" free="41399184" total="797252608" percent="5" />
      <mem type="loa" free="8053760" total="8053760" percent="100" />
    </mem>
    <remembered-set count="102" />
  </mem-info>
</gc-end>
<cycle-end id="4611" type="scavenge" contextid="4605" timestamp="2022-02-08T17:32:53.235" />
<allocation-satisfied id="4612" threadId="0000000000016F00" bytesRequested="64" />
<af-end id="4613" timestamp="2022-02-08T17:32:53.235" threadId="0000000000017908" success="true" from="nursery"/>
<exclusive-end id="4614" timestamp="2022-02-08T17:32:53.235" durationms="76.605" />

<concurrent-end id="4615" type="global mark" contextid="4600" timestamp="2022-02-08T17:32:53.364">
<gc-op id="4616" type="trace" timems="319.277" contextid="4600" timestamp="2022-02-08T17:32:53.364">
  <trace bytesTraced="74443164" workStackOverflowCount="0" />
  <card-cleaning reason="card cleaning threshold reached" bytesTraced="480" cardsCleaned="2" />
</gc-op>
</concurrent-end>

<exclusive-start id="4617" timestamp="2022-02-08T17:32:53.364" intervalms="204.921">
  <response-info timems="0.018" idlems="0.018" threads="0" lastid="0000000000016F00" lastname="main" />
</exclusive-start>
<concurrent-global-final id="4618" timestamp="2022-02-08T17:32:53.364" contextid="4600" intervalms="2781.311" >
  <concurrent-trace-info reason="card cleaning threshold reached" tracedByMutators="58266812" tracedByHelpers="16176832" cardsCleaned="2" workStackOverflowCount="0" />
</concurrent-global-final>
<gc-start id="4619" type="global" contextid="4600" timestamp="2022-02-08T17:32:53.364">
  <mem-info id="4620" free="148230384" total="1073741824" percent="13">
    <mem type="nursery" free="98777440" total="268435456" percent="36">
      <mem type="allocate" free="98777440" total="183042048" percent="53" />
      <mem type="survivor" free="0" total="85393408" percent="0" />
    </mem>
    <mem type="tenure" free="49452944" total="805306368" percent="6">
      <mem type="soa" free="41399184" total="797252608" percent="5" />
      <mem type="loa" free="8053760" total="8053760" percent="100" />
    </mem>
    <remembered-set count="102" />
  </mem-info>
</gc-start>
<allocation-stats totalBytes="8483576" >
  <allocated-bytes non-tlh="64" tlh="8483512" />
  <largest-consumer threadName="main" threadId="0000000000016F00" bytes="8483576" />
</allocation-stats>
<gc-op id="4621" type="rs-scan" timems="0.519" contextid="4600" timestamp="2022-02-08T17:32:53.364">
  <scan objectsFound="29" bytesTraced="5420" workStackOverflowCount="0" />
</gc-op>
<gc-op id="4622" type="card-cleaning" timems="146.192" contextid="4600" timestamp="2022-02-08T17:32:53.510">
  <card-cleaning cardsCleaned="9" bytesTraced="71012808" workStackOverflowCount="0" />
</gc-op>
<gc-op id="4623" type="mark" timems="50.530" contextid="4600" timestamp="2022-02-08T17:32:53.561">
  <trace-info objectcount="1852355" scancount="1390794" scanbytes="29737960" />
  <finalization candidates="428" enqueued="57" />
  <ownableSynchronizers candidates="1" cleared="0" />
  <references type="soft" candidates="894" cleared="0" enqueued="0" dynamicThreshold="11" maxThreshold="32" />
  <references type="weak" candidates="1701" cleared="0" enqueued="0" />
  <references type="phantom" candidates="52" cleared="2" enqueued="2" />
  <stringconstants candidates="6470" cleared="0"  />
  <object-monitors candidates="2" cleared="0"  />
</gc-op>
<gc-op id="4624" type="sweep" timems="5.180" contextid="4600" timestamp="2022-02-08T17:32:53.566" />
<gc-end id="4625" type="global" contextid="4600" durationms="202.636" usertimems="226.248" systemtimems="0.000" stalltimems="151.756" timestamp="2022-02-08T17:32:53.566" activeThreads="4">
  <mem-info id="4626" free="391527456" total="1073741824" percent="36">
    <mem type="nursery" free="99037816" total="268435456" percent="36">
      <mem type="allocate" free="99037816" total="183042048" percent="54" />
      <mem type="survivor" free="0" total="85393408" percent="0" />
    </mem>
    <mem type="tenure" free="292489640" total="805306368" percent="36" micro-fragmented="356697" macro-fragmented="0">
      <mem type="soa" free="284435880" total="797252608" percent="35" />
      <mem type="loa" free="8053760" total="8053760" percent="100" />
    </mem>
    <pending-finalizers system="57" default="0" reference="2" classloader="0" />
    <remembered-set count="102" />
  </mem-info>
</gc-end>
<cycle-end id="4627" type="global" contextid="4600" timestamp="2022-02-08T17:32:53.566" />
<exclusive-end id="4628" timestamp="2022-02-08T17:32:53.566" durationms="202.873" />

<exclusive-start id="4629" timestamp="2022-02-08T17:32:54.184" intervalms="820.746">
  <response-info timems="0.018" idlems="0.018" threads="0" lastid="0000000000016F00" lastname="main" />
</exclusive-start>
<af-start id="4630" threadId="0000000000017908" totalBytesRequested="104" timestamp="2022-02-08T17:32:54.184" intervalms="1025.659" type="nursery" />
<cycle-start id="4631" type="scavenge" contextid="0" timestamp="2022-02-08T17:32:54.184" intervalms="1025.660" />
<gc-start id="4632" type="scavenge" contextid="4631" timestamp="2022-02-08T17:32:54.184">
  <mem-info id="4633" free="292489640" total="1073741824" percent="27">
    <mem type="nursery" free="0" total="268435456" percent="0">
      <mem type="allocate" free="0" total="183042048" percent="0" />
      <mem type="survivor" free="0" total="85393408" percent="0" />
    </mem>
    <mem type="tenure" free="292489640" total="805306368" percent="36">
      <mem type="soa" free="284435880" total="797252608" percent="35" />
      <mem type="loa" free="8053760" total="8053760" percent="100" />
    </mem>
    <remembered-set count="105" />
  </mem-info>
</gc-start>
<allocation-stats totalBytes="98991424" >
  <allocated-bytes non-tlh="0" tlh="98991424" />
  <largest-consumer threadName="main" threadId="0000000000016F00" bytes="98987328" />
</allocation-stats>
<gc-op id="4634" type="scavenge" timems="77.541" contextid="4631" timestamp="2022-02-08T17:32:54.262">
  <scavenger-info tenureage="1" tenuremask="7ffe" tiltratio="68" />
  <memory-copied type="nursery" objects="1356806" bytes="76346776" bytesdiscarded="220912" />
  <memory-copied type="tenure" objects="1323645" bytes="75610040" bytesdiscarded="43048" />
  <finalization candidates="1" enqueued="0" />
  <ownableSynchronizers candidates="2" cleared="2" />
  <object-monitors candidates="2" cleared="0"  />
</gc-op>
<gc-end id="4635" type="scavenge" contextid="4631" durationms="77.733" usertimems="304.229" systemtimems="0.000" stalltimems="4.992" timestamp="2022-02-08T17:32:54.262" activeThreads="4">
  <mem-info id="4636" free="323534600" total="1073741824" percent="30">
    <mem type="nursery" free="106867576" total="268435456" percent="39">
      <mem type="allocate" free="106867576" total="183435264" percent="58" />
      <mem type="survivor" free="0" total="85000192" percent="0" />
    </mem>
    <mem type="tenure" free="216667024" total="805306368" percent="26" macro-fragmented="0">
      <mem type="soa" free="208613264" total="797252608" percent="26" />
      <mem type="loa" free="8053760" total="8053760" percent="100" />
    </mem>
    <remembered-set count="105" />
  </mem-info>
</gc-end>
<cycle-end id="4637" type="scavenge" contextid="4631" timestamp="2022-02-08T17:32:54.262" />
<allocation-satisfied id="4638" threadId="0000000000016F00" bytesRequested="104" />
<af-end id="4639" timestamp="2022-02-08T17:32:54.262" threadId="0000000000017908" success="true" from="nursery"/>
<exclusive-end id="4640" timestamp="2022-02-08T17:32:54.262" durationms="78.035" />

<exclusive-start id="4641" timestamp="2022-02-08T17:32:55.099" intervalms="914.294">
  <response-info timems="0.020" idlems="0.020" threads="0" lastid="0000000000016F00" lastname="main" />
</exclusive-start>
<af-start id="4642" threadId="0000000000017908" totalBytesRequested="24" timestamp="2022-02-08T17:32:55.099" intervalms="914.295" type="nursery" />
<cycle-start id="4643" type="scavenge" contextid="0" timestamp="2022-02-08T17:32:55.099" intervalms="914.296" />
<gc-start id="4644" type="scavenge" contextid="4643" timestamp="2022-02-08T17:32:55.099">
  <mem-info id="4645" free="216667024" total="1073741824" percent="20">
    <mem type="nursery" free="0" total="268435456" percent="0">
      <mem type="allocate" free="0" total="183435264" percent="0" />
      <mem type="survivor" free="0" total="85000192" percent="0" />
    </mem>
    <mem type="tenure" free="216667024" total="805306368" percent="26">
      <mem type="soa" free="208613264" total="797252608" percent="26" />
      <mem type="loa" free="8053760" total="8053760" percent="100" />
    </mem>
    <remembered-set count="136" />
  </mem-info>
</gc-start>
<allocation-stats totalBytes="106822952" >
  <allocated-bytes non-tlh="1115544" tlh="105707408" />
  <largest-consumer threadName="main" threadId="0000000000016F00" bytes="106822952" />
</allocation-stats>
<gc-op id="4646" type="scavenge" timems="78.216" contextid="4643" timestamp="2022-02-08T17:32:55.177">
  <scavenger-info tenureage="1" tenuremask="7ffe" tiltratio="68" />
  <memory-copied type="nursery" objects="1475588" bytes="75231456" bytesdiscarded="226000" />
  <memory-copied type="tenure" objects="1356806" bytes="76346776" bytesdiscarded="41200" />
  <finalization candidates="108" enqueued="53" />
  <references type="soft" candidates="14" cleared="0" enqueued="0" dynamicThreshold="11" maxThreshold="32" />
  <references type="weak" candidates="1" cleared="0" enqueued="0" />
  <references type="phantom" candidates="93" cleared="7" enqueued="7" />
  <object-monitors candidates="2" cleared="0"  />
</gc-op>
<gc-end id="4647" type="scavenge" contextid="4643" durationms="78.440" usertimems="302.345" systemtimems="0.000" stalltimems="3.909" timestamp="2022-02-08T17:32:55.177" activeThreads="4">
  <mem-info id="4648" free="248614744" total="1073741824" percent="23">
    <mem type="nursery" free="108501968" total="268435456" percent="40">
      <mem type="allocate" free="108501968" total="183959552" percent="58" />
      <mem type="survivor" free="0" total="84475904" percent="0" />
    </mem>
    <mem type="tenure" free="140112776" total="805306368" percent="17" macro-fragmented="0">
      <mem type="soa" free="132059016" total="797252608" percent="16" />
      <mem type="loa" free="8053760" total="8053760" percent="100" />
    </mem>
    <pending-finalizers system="52" default="1" reference="7" classloader="0" />
    <remembered-set count="132" />
  </mem-info>
</gc-end>
<cycle-end id="4649" type="scavenge" contextid="4643" timestamp="2022-02-08T17:32:55.178" />
<allocation-satisfied id="4650" threadId="0000000000016F00" bytesRequested="24" />
<af-end id="4651" timestamp="2022-02-08T17:32:55.178" threadId="0000000000017908" success="true" from="nursery"/>
<exclusive-end id="4652" timestamp="2022-02-08T17:32:55.178" durationms="78.925" />

<concurrent-kickoff id="4653" timestamp="2022-02-08T17:32:55.848">
  <kickoff reason="threshold reached" targetBytes="74442805" thresholdFreeBytes="5738851"  remainingFree="5610448" tenureFreeBytes="140112776" nurseryFreeBytes="5610448" />
</concurrent-kickoff>
<exclusive-start id="4654" timestamp="2022-02-08T17:32:55.856" intervalms="757.647">
  <response-info timems="0.019" idlems="0.019" threads="0" lastid="0000000000016F00" lastname="main" />
</exclusive-start>
<cycle-start id="4655" type="global" contextid="0" timestamp="2022-02-08T17:32:55.856" intervalms="2812.034" />
<concurrent-start id="4656" type="global mark" contextid="4655" timestamp="2022-02-08T17:32:55.856">
</concurrent-start>
<exclusive-end id="4657" timestamp="2022-02-08T17:32:55.856" durationms="0.030" />

<exclusive-start id="4658" timestamp="2022-02-08T17:32:55.928" intervalms="71.584">
  <response-info timems="0.016" idlems="0.016" threads="0" lastid="0000000000016F00" lastname="main" />
</exclusive-start>
<af-start id="4659" threadId="0000000000017908" totalBytesRequested="24" timestamp="2022-02-08T17:32:55.928" intervalms="829.226" type="nursery" />
<cycle-start id="4660" type="scavenge" contextid="0" timestamp="2022-02-08T17:32:55.928" intervalms="829.225" />
<gc-start id="4661" type="scavenge" contextid="4660" timestamp="2022-02-08T17:32:55.928">
  <mem-info id="4662" free="140112776" total="1073741824" percent="13">
    <mem type="nursery" free="0" total="268435456" percent="0">
      <mem type="allocate" free="0" total="183959552" percent="0" />
      <mem type="survivor" free="0" total="84475904" percent="0" />
    </mem>
    <mem type="tenure" free="140112776" total="805306368" percent="17">
      <mem type="soa" free="132059016" total="797252608" percent="16" />
      <mem type="loa" free="8053760" total="8053760" percent="100" />
    </mem>
    <remembered-set count="133" />
  </mem-info>
</gc-start>
<allocation-stats totalBytes="108449056" >
  <allocated-bytes non-tlh="1822832" tlh="106626224" />
  <largest-consumer threadName="main" threadId="0000000000016F00" bytes="108440864" />
</allocation-stats>
<gc-op id="4663" type="scavenge" timems="77.301" contextid="4660" timestamp="2022-02-08T17:32:56.005">
  <scavenger-info tenureage="1" tenuremask="7ffe" tiltratio="68" />
  <memory-copied type="nursery" objects="1352972" bytes="77287176" bytesdiscarded="197720" />
  <memory-copied type="tenure" objects="1474869" bytes="74593696" bytesdiscarded="44232" />
  <finalization candidates="57" enqueued="0" />
  <references type="phantom" candidates="2" cleared="0" enqueued="0" />
  <object-monitors candidates="2" cleared="0"  />
</gc-op>
<gc-end id="4664" type="scavenge" contextid="4660" durationms="77.494" usertimems="305.480" systemtimems="0.000" stalltimems="3.287" timestamp="2022-02-08T17:32:56.005" activeThreads="4">
  <mem-info id="4665" free="171199672" total="1073741824" percent="15">
    <mem type="nursery" free="105491616" total="268435456" percent="39">
      <mem type="allocate" free="105491616" total="182976512" percent="57" />
      <mem type="survivor" free="0" total="85458944" percent="0" />
    </mem>
    <mem type="tenure" free="65708056" total="805306368" percent="8" macro-fragmented="0">
      <mem type="soa" free="57654296" total="797252608" percent="7" />
      <mem type="loa" free="8053760" total="8053760" percent="100" />
    </mem>
    <remembered-set count="102" />
  </mem-info>
</gc-end>
<cycle-end id="4666" type="scavenge" contextid="4660" timestamp="2022-02-08T17:32:56.006" />
<allocation-satisfied id="4667" threadId="0000000000016F00" bytesRequested="24" />
<af-end id="4668" timestamp="2022-02-08T17:32:56.006" threadId="0000000000017908" success="true" from="nursery"/>
<exclusive-end id="4669" timestamp="2022-02-08T17:32:56.006" durationms="77.788" />

<concurrent-end id="4670" type="global mark" contextid="4655" timestamp="2022-02-08T17:32:56.232">
<gc-op id="4671" type="trace" timems="375.934" contextid="4655" timestamp="2022-02-08T17:32:56.232">
  <trace bytesTraced="74443372" workStackOverflowCount="0" />
  <card-cleaning reason="card cleaning threshold reached" bytesTraced="480" cardsCleaned="2" />
</gc-op>
</concurrent-end>

<exclusive-start id="4672" timestamp="2022-02-08T17:32:56.232" intervalms="304.421">
  <response-info timems="0.019" idlems="0.019" threads="0" lastid="0000000000016F00" lastname="main" />
</exclusive-start>
<concurrent-global-final id="4673" timestamp="2022-02-08T17:32:56.232" contextid="4655" intervalms="2868.703" >
  <concurrent-trace-info reason="card cleaning threshold reached" tracedByMutators="49643040" tracedByHelpers="24800812" cardsCleaned="2" workStackOverflowCount="0" />
</concurrent-global-final>
<gc-start id="4674" type="global" contextid="4655" timestamp="2022-02-08T17:32:56.232">
  <mem-info id="4675" free="155503776" total="1073741824" percent="14">
    <mem type="nursery" free="89795720" total="268435456" percent="33">
      <mem type="allocate" free="89795720" total="182976512" percent="49" />
      <mem type="survivor" free="0" total="85458944" percent="0" />
    </mem>
    <mem type="tenure" free="65708056" total="805306368" percent="8">
      <mem type="soa" free="57654296" total="797252608" percent="7" />
      <mem type="loa" free="8053760" total="8053760" percent="100" />
    </mem>
    <remembered-set count="102" />
  </mem-info>
</gc-start>
<allocation-stats totalBytes="15688656" >
  <allocated-bytes non-tlh="24" tlh="15688632" />
  <largest-consumer threadName="main" threadId="0000000000016F00" bytes="15688656" />
</allocation-stats>
<gc-op id="4676" type="rs-scan" timems="0.520" contextid="4655" timestamp="2022-02-08T17:32:56.233">
  <scan objectsFound="29" bytesTraced="5420" workStackOverflowCount="0" />
</gc-op>
<gc-op id="4677" type="card-cleaning" timems="151.681" contextid="4655" timestamp="2022-02-08T17:32:56.385">
  <card-cleaning cardsCleaned="9" bytesTraced="71012808" workStackOverflowCount="0" />
</gc-op>
<gc-op id="4678" type="mark" timems="54.197" contextid="4655" timestamp="2022-02-08T17:32:56.439">
  <trace-info objectcount="1692671" scancount="1271031" scanbytes="27183016" />
  <finalization candidates="428" enqueued="57" />
  <ownableSynchronizers candidates="1" cleared="0" />
  <references type="soft" candidates="894" cleared="0" enqueued="0" dynamicThreshold="11" maxThreshold="32" />
  <references type="weak" candidates="1701" cleared="0" enqueued="0" />
  <references type="phantom" candidates="52" cleared="2" enqueued="2" />
  <stringconstants candidates="6470" cleared="0"  />
  <object-monitors candidates="2" cleared="0"  />
</gc-op>
<gc-op id="4679" type="sweep" timems="4.900" contextid="4655" timestamp="2022-02-08T17:32:56.444" />
<gc-end id="4680" type="global" contextid="4655" durationms="211.509" usertimems="226.064" systemtimems="0.619" stalltimems="162.511" timestamp="2022-02-08T17:32:56.444" activeThreads="4">
  <mem-info id="4681" free="398622616" total="1073741824" percent="37">
    <mem type="nursery" free="90082208" total="268435456" percent="33">
      <mem type="allocate" free="90082208" total="182976512" percent="49" />
      <mem type="survivor" free="0" total="85458944" percent="0" />
    </mem>
    <mem type="tenure" free="308540408" total="805306368" percent="38" micro-fragmented="452545" macro-fragmented="0">
      <mem type="soa" free="300486648" total="797252608" percent="37" />
      <mem type="loa" free="8053760" total="8053760" percent="100" />
    </mem>
    <pending-finalizers system="57" default="0" reference="2" classloader="0" />
    <remembered-set count="102" />
  </mem-info>
</gc-end>
<cycle-end id="4682" type="global" contextid="4655" timestamp="2022-02-08T17:32:56.444" />
<exclusive-end id="4683" timestamp="2022-02-08T17:32:56.444" durationms="211.722" />

<exclusive-start id="4684" timestamp="2022-02-08T17:32:57.025" intervalms="792.342">
  <response-info timems="0.018" idlems="0.018" threads="0" lastid="0000000000016F00" lastname="main" />
</exclusive-start>
<af-start id="4685" threadId="0000000000017908" totalBytesRequested="88" timestamp="2022-02-08T17:32:57.025" intervalms="1096.765" type="nursery" />
<cycle-start id="4686" type="scavenge" contextid="0" timestamp="2022-02-08T17:32:57.025" intervalms="1096.767" />
<gc-start id="4687" type="scavenge" contextid="4686" timestamp="2022-02-08T17:32:57.025">
  <mem-info id="4688" free="308540408" total="1073741824" percent="28">
    <mem type="nursery" free="0" total="268435456" percent="0">
      <mem type="allocate" free="0" total="182976512" percent="0" />
      <mem type="survivor" free="0" total="85458944" percent="0" />
    </mem>
    <mem type="tenure" free="308540408" total="805306368" percent="38">
      <mem type="soa" free="300486648" total="797252608" percent="37" />
      <mem type="loa" free="8053760" total="8053760" percent="100" />
    </mem>
    <remembered-set count="105" />
  </mem-info>
</gc-start>
<allocation-stats totalBytes="90040896" >
  <allocated-bytes non-tlh="0" tlh="90040896" />
  <largest-consumer threadName="main" threadId="0000000000016F00" bytes="90036800" />
</allocation-stats>
<gc-op id="4689" type="scavenge" timems="82.949" contextid="4686" timestamp="2022-02-08T17:32:57.108">
  <scavenger-info tenureage="1" tenuremask="7ffe" tiltratio="68" />
  <memory-copied type="nursery" objects="1334019" bytes="75116016" bytesdiscarded="275816" />
  <memory-copied type="tenure" objects="1352972" bytes="77287176" bytesdiscarded="44216" />
  <finalization candidates="2" enqueued="0" />
  <ownableSynchronizers candidates="2" cleared="2" />
  <object-monitors candidates="2" cleared="0"  />
</gc-op>
<gc-end id="4690" type="scavenge" contextid="4686" durationms="83.162" usertimems="327.439" systemtimems="0.000" stalltimems="3.489" timestamp="2022-02-08T17:32:57.108" activeThreads="4">
  <mem-info id="4691" free="339116088" total="1073741824" percent="31">
    <mem type="nursery" free="107977896" total="268435456" percent="40">
      <mem type="allocate" free="107977896" total="183369728" percent="58" />
      <mem type="survivor" free="0" total="85065728" percent="0" />
    </mem>
    <mem type="tenure" free="231138192" total="805306368" percent="28" macro-fragmented="0">
      <mem type="soa" free="223084432" total="797252608" percent="27" />
      <mem type="loa" free="8053760" total="8053760" percent="100" />
    </mem>
    <remembered-set count="105" />
  </mem-info>
</gc-end>
<cycle-end id="4692" type="scavenge" contextid="4686" timestamp="2022-02-08T17:32:57.108" />
<allocation-satisfied id="4693" threadId="0000000000016F00" bytesRequested="88" />
<af-end id="4694" timestamp="2022-02-08T17:32:57.108" threadId="0000000000017908" success="true" from="nursery"/>
<exclusive-end id="4695" timestamp="2022-02-08T17:32:57.108" durationms="83.419" />

<exclusive-start id="4696" timestamp="2022-02-08T17:32:57.816" intervalms="791.459">
  <response-info timems="0.018" idlems="0.018" threads="0" lastid="0000000000016F00" lastname="main" />
</exclusive-start>
<af-start id="4697" threadId="0000000000017908" totalBytesRequested="400" timestamp="2022-02-08T17:32:57.816" intervalms="791.458" type="nursery" />
<cycle-start id="4698" type="scavenge" contextid="0" timestamp="2022-02-08T17:32:57.816" intervalms="791.456" />
<gc-start id="4699" type="scavenge" contextid="4698" timestamp="2022-02-08T17:32:57.816">
  <mem-info id="4700" free="231138192" total="1073741824" percent="21">
    <mem type="nursery" free="0" total="268435456" percent="0">
      <mem type="allocate" free="0" total="183369728" percent="0" />
      <mem type="survivor" free="0" total="85065728" percent="0" />
    </mem>
    <mem type="tenure" free="231138192" total="805306368" percent="28">
      <mem type="soa" free="223084432" total="797252608" percent="27" />
      <mem type="loa" free="8053760" total="8053760" percent="100" />
    </mem>
    <remembered-set count="119" />
  </mem-info>
</gc-start>
<allocation-stats totalBytes="107929336" >
  <allocated-bytes non-tlh="453792" tlh="107475544" />
  <largest-consumer threadName="main" threadId="0000000000016F00" bytes="107929336" />
</allocation-stats>
<gc-op id="4701" type="scavenge" timems="78.299" contextid="4698" timestamp="2022-02-08T17:32:57.895">
  <scavenger-info tenureage="1" tenuremask="7ffe" tiltratio="68" />
  <memory-copied type="nursery" objects="1359828" bytes="76856016" bytesdiscarded="121192" />
  <memory-copied type="tenure" objects="1334018" bytes="75115960" bytesdiscarded="43640" />
  <finalization candidates="30" enqueued="18" />
  <references type="phantom" candidates="30" cleared="0" enqueued="0" />
  <object-monitors candidates="2" cleared="0"  />
</gc-op>
<gc-end id="4702" type="scavenge" contextid="4698" durationms="78.525" usertimems="309.083" systemtimems="0.000" stalltimems="2.796" timestamp="2022-02-08T17:32:57.895" activeThreads="4">
  <mem-info id="4703" free="262260640" total="1073741824" percent="24">
    <mem type="nursery" free="106523592" total="268435456" percent="39">
      <mem type="allocate" free="106523592" total="183500800" percent="58" />
      <mem type="survivor" free="0" total="84934656" percent="0" />
    </mem>
    <mem type="tenure" free="155737048" total="805306368" percent="19" macro-fragmented="0">
      <mem type="soa" free="147683288" total="797252608" percent="18" />
      <mem type="loa" free="8053760" total="8053760" percent="100" />
    </mem>
    <pending-finalizers system="18" default="0" reference="0" classloader="0" />
    <remembered-set count="119" />
  </mem-info>
</gc-end>
<cycle-end id="4704" type="scavenge" contextid="4698" timestamp="2022-02-08T17:32:57.895" />
<allocation-satisfied id="4705" threadId="0000000000016F00" bytesRequested="400" />
<af-end id="4706" timestamp="2022-02-08T17:32:57.895" threadId="0000000000017908" success="true" from="nursery"/>
<exclusive-end id="4707" timestamp="2022-02-08T17:32:57.895" durationms="78.814" />

<concurrent-kickoff id="4708" timestamp="2022-02-08T17:32:58.701">
  <kickoff reason="threshold reached" targetBytes="74443016" thresholdFreeBytes="5734313"  remainingFree="5692744" tenureFreeBytes="155737048" nurseryFreeBytes="5692744" />
</concurrent-kickoff>
<exclusive-start id="4709" timestamp="2022-02-08T17:32:58.705" intervalms="888.605">
  <response-info timems="0.020" idlems="0.020" threads="0" lastid="0000000000016F00" lastname="main" />
</exclusive-start>
<cycle-start id="4710" type="global" contextid="0" timestamp="2022-02-08T17:32:58.705" intervalms="2848.412" />
<concurrent-start id="4711" type="global mark" contextid="4710" timestamp="2022-02-08T17:32:58.705">
</concurrent-start>
<exclusive-end id="4712" timestamp="2022-02-08T17:32:58.705" durationms="0.029" />

<exclusive-start id="4713" timestamp="2022-02-08T17:32:58.837" intervalms="132.203">
  <response-info timems="0.037" idlems="0.037" threads="0" lastid="0000000000016F00" lastname="main" />
</exclusive-start>
<af-start id="4714" threadId="0000000000017908" totalBytesRequested="208" timestamp="2022-02-08T17:32:58.837" intervalms="1020.819" type="nursery" />
<cycle-start id="4715" type="scavenge" contextid="0" timestamp="2022-02-08T17:32:58.837" intervalms="1020.819" />
<gc-start id="4716" type="scavenge" contextid="4715" timestamp="2022-02-08T17:32:58.837">
  <mem-info id="4717" free="155737048" total="1073741824" percent="14">
    <mem type="nursery" free="0" total="268435456" percent="0">
      <mem type="allocate" free="0" total="183500800" percent="0" />
      <mem type="survivor" free="0" total="84934656" percent="0" />
    </mem>
    <mem type="tenure" free="155737048" total="805306368" percent="19">
      <mem type="soa" free="147683288" total="797252608" percent="18" />
      <mem type="loa" free="8053760" total="8053760" percent="100" />
    </mem>
    <remembered-set count="136" />
  </mem-info>
</gc-start>
<allocation-stats totalBytes="106475408" >
  <allocated-bytes non-tlh="2555520" tlh="103919888" />
  <largest-consumer threadName="main" threadId="0000000000016F00" bytes="106471312" />
</allocation-stats>
<gc-op id="4718" type="scavenge" timems="74.904" contextid="4715" timestamp="2022-02-08T17:32:58.912">
  <scavenger-info tenureage="1" tenuremask="7ffe" tiltratio="68" />
  <memory-copied type="nursery" objects="1417127" bytes="75188960" bytesdiscarded="91648" />
  <memory-copied type="tenure" objects="1359528" bytes="76243064" bytesdiscarded="38824" />
  <finalization candidates="92" enqueued="35" />
  <references type="soft" candidates="14" cleared="0" enqueued="0" dynamicThreshold="12" maxThreshold="32" />
  <references type="weak" candidates="1" cleared="0" enqueued="0" />
  <references type="phantom" candidates="77" cleared="7" enqueued="7" />
  <object-monitors candidates="2" cleared="0"  />
</gc-op>
<gc-end id="4719" type="scavenge" contextid="4715" durationms="75.201" usertimems="296.151" systemtimems="0.000" stalltimems="3.039" timestamp="2022-02-08T17:32:58.912" activeThreads="4">
  <mem-info id="4720" free="188185360" total="1073741824" percent="17">
    <mem type="nursery" free="108613280" total="268435456" percent="40">
      <mem type="allocate" free="108613280" total="183894016" percent="59" />
      <mem type="survivor" free="0" total="84541440" percent="0" />
    </mem>
    <mem type="tenure" free="79572080" total="805306368" percent="9" macro-fragmented="0">
      <mem type="soa" free="71518320" total="797252608" percent="8" />
      <mem type="loa" free="8053760" total="8053760" percent="100" />
    </mem>
    <pending-finalizers system="34" default="1" reference="7" classloader="0" />
    <remembered-set count="121" />
  </mem-info>
</gc-end>
<cycle-end id="4721" type="scavenge" contextid="4715" timestamp="2022-02-08T17:32:58.912" />
<allocation-satisfied id="4722" threadId="0000000000016F00" bytesRequested="208" />
<af-end id="4723" timestamp="2022-02-08T17:32:58.912" threadId="0000000000017908" success="true" from="nursery"/>
<exclusive-end id="4724" timestamp="2022-02-08T17:32:58.912" durationms="75.538" />

<concurrent-end id="4725" type="global mark" contextid="4710" timestamp="2022-02-08T17:32:59.038">
<gc-op id="4726" type="trace" timems="333.749" contextid="4710" timestamp="2022-02-08T17:32:59.038">
  <trace bytesTraced="74443500" workStackOverflowCount="0" />
  <card-cleaning reason="card cleaning threshold reached" bytesTraced="480" cardsCleaned="2" />
</gc-op>
</concurrent-end>

<exclusive-start id="4727" timestamp="2022-02-08T17:32:59.039" intervalms="201.615">
  <response-info timems="0.017" idlems="0.017" threads="0" lastid="0000000000016F00" lastname="main" />
</exclusive-start>
<concurrent-global-final id="4728" timestamp="2022-02-08T17:32:59.039" contextid="4710" intervalms="2806.212" >
  <concurrent-trace-info reason="card cleaning threshold reached" tracedByMutators="58407980" tracedByHelpers="16036000" cardsCleaned="2" workStackOverflowCount="0" />
</concurrent-global-final>
<gc-start id="4729" type="global" contextid="4710" timestamp="2022-02-08T17:32:59.039">
  <mem-info id="4730" free="180083264" total="1073741824" percent="16">
    <mem type="nursery" free="100511184" total="268435456" percent="37">
      <mem type="allocate" free="100511184" total="183894016" percent="54" />
      <mem type="survivor" free="0" total="84541440" percent="0" />
    </mem>
    <mem type="tenure" free="79572080" total="805306368" percent="9">
      <mem type="soa" free="71518320" total="797252608" percent="8" />
      <mem type="loa" free="8053760" total="8053760" percent="100" />
    </mem>
    <remembered-set count="122" />
  </mem-info>
</gc-start>
<allocation-stats totalBytes="8098152" >
  <allocated-bytes non-tlh="208" tlh="8097944" />
  <largest-consumer threadName="main" threadId="0000000000016F00" bytes="8089960" />
</allocation-stats>
<gc-op id="4731" type="rs-scan" timems="137.822" contextid="4710" timestamp="2022-02-08T17:32:59.176">
  <scan objectsFound="3324744" bytesTraced="71015752" workStackOverflowCount="0" />
</gc-op>
<gc-op id="4732" type="card-cleaning" timems="0.299" contextid="4710" timestamp="2022-02-08T17:32:59.177">
  <card-cleaning cardsCleaned="4" bytesTraced="1856" workStackOverflowCount="0" />
</gc-op>
<gc-op id="4733" type="mark" timems="33.298" contextid="4710" timestamp="2022-02-08T17:32:59.210">
  <trace-info objectcount="1280881" scancount="962187" scanbytes="20594376" />
  <finalization candidates="428" enqueued="57" />
  <ownableSynchronizers candidates="1" cleared="0" />
  <references type="soft" candidates="894" cleared="0" enqueued="0" dynamicThreshold="12" maxThreshold="32" />
  <references type="weak" candidates="1701" cleared="0" enqueued="0" />
  <references type="phantom" candidates="52" cleared="2" enqueued="2" />
  <stringconstants candidates="6470" cleared="0"  />
  <object-monitors candidates="2" cleared="0"  />
</gc-op>
<gc-op id="4734" type="sweep" timems="6.936" contextid="4710" timestamp="2022-02-08T17:32:59.217" />
<gc-end id="4735" type="global" contextid="4710" durationms="178.596" usertimems="191.833" systemtimems="4.974" stalltimems="102.932" timestamp="2022-02-08T17:32:59.217" activeThreads="4">
  <mem-info id="4736" free="423528088" total="1073741824" percent="39">
    <mem type="nursery" free="101017240" total="268435456" percent="37">
      <mem type="allocate" free="101017240" total="183894016" percent="54" />
      <mem type="survivor" free="0" total="84541440" percent="0" />
    </mem>
    <mem type="tenure" free="322510848" total="805306368" percent="40" micro-fragmented="393900" macro-fragmented="0">
      <mem type="soa" free="314457088" total="797252608" percent="39" />
      <mem type="loa" free="8053760" total="8053760" percent="100" />
    </mem>
    <pending-finalizers system="57" default="0" reference="2" classloader="0" />
    <remembered-set count="109" />
  </mem-info>
</gc-end>
<cycle-end id="4737" type="global" contextid="4710" timestamp="2022-02-08T17:32:59.217" />
<exclusive-end id="4738" timestamp="2022-02-08T17:32:59.217" durationms="178.825" />

<exclusive-start id="4739" timestamp="2022-02-08T17:32:59.896" intervalms="856.988">
  <response-info timems="0.020" idlems="0.020" threads="0" lastid="0000000000016F00" lastname="main" />
</exclusive-start>
<af-start id="4740" threadId="0000000000017908" totalBytesRequested="112" timestamp="2022-02-08T17:32:59.896" intervalms="1058.592" type="nursery" />
<cycle-start id="4741" type="scavenge" contextid="0" timestamp="2022-02-08T17:32:59.896" intervalms="1058.592" />
<gc-start id="4742" type="scavenge" contextid="4741" timestamp="2022-02-08T17:32:59.896">
  <mem-info id="4743" free="322510848" total="1073741824" percent="30">
    <mem type="nursery" free="0" total="268435456" percent="0">
      <mem type="allocate" free="0" total="183894016" percent="0" />
      <mem type="survivor" free="0" total="84541440" percent="0" />
    </mem>
    <mem type="tenure" free="322510848" total="805306368" percent="40">
      <mem type="soa" free="314457088" total="797252608" percent="39" />
      <mem type="loa" free="8053760" total="8053760" percent="100" />
    </mem>
    <remembered-set count="110" />
  </mem-info>
</gc-start>
<allocation-stats totalBytes="100970680" >
  <allocated-bytes non-tlh="0" tlh="100970680" />
  <largest-consumer threadName="main" threadId="0000000000016F00" bytes="100961688" />
</allocation-stats>
<gc-op id="4744" type="scavenge" timems="77.699" contextid="4741" timestamp="2022-02-08T17:32:59.973">
  <scavenger-info tenureage="1" tenuremask="7ffe" tiltratio="68" />
  <memory-copied type="nursery" objects="1406574" bytes="77588376" bytesdiscarded="155992" />
  <memory-copied type="tenure" objects="1416645" bytes="74877104" bytesdiscarded="46032" />
  <finalization candidates="45" enqueued="0" />
  <ownableSynchronizers candidates="2" cleared="2" />
  <object-monitors candidates="2" cleared="0"  />
</gc-op>
<gc-end id="4745" type="scavenge" contextid="4741" durationms="77.900" usertimems="307.960" systemtimems="0.180" stalltimems="1.672" timestamp="2022-02-08T17:32:59.974" activeThreads="4">
  <mem-info id="4746" free="351918392" total="1073741824" percent="32">
    <mem type="nursery" free="104642320" total="268435456" percent="38">
      <mem type="allocate" free="104642320" total="182386688" percent="57" />
      <mem type="survivor" free="0" total="86048768" percent="0" />
    </mem>
    <mem type="tenure" free="247276072" total="805306368" percent="30" macro-fragmented="0">
      <mem type="soa" free="239222312" total="797252608" percent="30" />
      <mem type="loa" free="8053760" total="8053760" percent="100" />
    </mem>
    <remembered-set count="104" />
  </mem-info>
</gc-end>
<cycle-end id="4747" type="scavenge" contextid="4741" timestamp="2022-02-08T17:32:59.974" />
<allocation-satisfied id="4748" threadId="0000000000016F00" bytesRequested="112" />
<af-end id="4749" timestamp="2022-02-08T17:32:59.974" threadId="0000000000017908" success="true" from="nursery"/>
<exclusive-end id="4750" timestamp="2022-02-08T17:32:59.974" durationms="78.259" />

<exclusive-start id="4751" timestamp="2022-02-08T17:33:00.601" intervalms="705.856">
  <response-info timems="0.020" idlems="0.020" threads="0" lastid="0000000000016F00" lastname="main" />
</exclusive-start>
<af-start id="4752" threadId="0000000000017908" totalBytesRequested="24" timestamp="2022-02-08T17:33:00.601" intervalms="705.877" type="nursery" />
<cycle-start id="4753" type="scavenge" contextid="0" timestamp="2022-02-08T17:33:00.601" intervalms="705.881" />
<gc-start id="4754" type="scavenge" contextid="4753" timestamp="2022-02-08T17:33:00.602">
  <mem-info id="4755" free="247276072" total="1073741824" percent="23">
    <mem type="nursery" free="0" total="268435456" percent="0">
      <mem type="allocate" free="0" total="182386688" percent="0" />
      <mem type="survivor" free="0" total="86048768" percent="0" />
    </mem>
    <mem type="tenure" free="247276072" total="805306368" percent="30">
      <mem type="soa" free="239222312" total="797252608" percent="30" />
      <mem type="loa" free="8053760" total="8053760" percent="100" />
    </mem>
    <remembered-set count="104" />
  </mem-info>
</gc-start>
<allocation-stats totalBytes="104594408" >
  <allocated-bytes non-tlh="112" tlh="104594296" />
  <largest-consumer threadName="main" threadId="0000000000016F00" bytes="104594408" />
</allocation-stats>
<gc-op id="4756" type="scavenge" timems="82.872" contextid="4753" timestamp="2022-02-08T17:33:00.684">
  <scavenger-info tenureage="1" tenuremask="7ffe" tiltratio="67" />
  <memory-copied type="nursery" objects="1305870" bytes="74363872" bytesdiscarded="76080" />
  <memory-copied type="tenure" objects="1406574" bytes="77588376" bytesdiscarded="42728" />
  <object-monitors candidates="2" cleared="0"  />
</gc-op>
<gc-end id="4757" type="scavenge" contextid="4753" durationms="83.092" usertimems="326.335" systemtimems="0.520" stalltimems="3.702" timestamp="2022-02-08T17:33:00.685" activeThreads="4">
  <mem-info id="4758" free="278101160" total="1073741824" percent="25">
    <mem type="nursery" free="108405488" total="268435456" percent="40">
      <mem type="allocate" free="108405488" total="182845440" percent="59" />
      <mem type="survivor" free="0" total="85590016" percent="0" />
    </mem>
    <mem type="tenure" free="169695672" total="805306368" percent="21" macro-fragmented="47927252">
      <mem type="soa" free="161641912" total="797252608" percent="20" />
      <mem type="loa" free="8053760" total="8053760" percent="100" />
    </mem>
    <remembered-set count="104" />
  </mem-info>
</gc-end>
<cycle-end id="4759" type="scavenge" contextid="4753" timestamp="2022-02-08T17:33:00.685" />
<allocation-satisfied id="4760" threadId="0000000000016F00" bytesRequested="24" />
<af-end id="4761" timestamp="2022-02-08T17:33:00.685" threadId="0000000000017908" success="true" from="nursery"/>
<exclusive-end id="4762" timestamp="2022-02-08T17:33:00.685" durationms="83.402" />

<exclusive-start id="4763" timestamp="2022-02-08T17:33:01.557" intervalms="955.382">
  <response-info timems="0.021" idlems="0.021" threads="0" lastid="0000000000016F00" lastname="main" />
</exclusive-start>
<af-start id="4764" threadId="0000000000017908" totalBytesRequested="224" timestamp="2022-02-08T17:33:01.557" intervalms="955.363" type="nursery" />
<cycle-start id="4765" type="scavenge" contextid="0" timestamp="2022-02-08T17:33:01.557" intervalms="955.359" />
<gc-start id="4766" type="scavenge" contextid="4765" timestamp="2022-02-08T17:33:01.557">
  <mem-info id="4767" free="169695672" total="1073741824" percent="15">
    <mem type="nursery" free="0" total="268435456" percent="0">
      <mem type="allocate" free="0" total="182845440" percent="0" />
      <mem type="survivor" free="0" total="85590016" percent="0" />
    </mem>
    <mem type="tenure" free="169695672" total="805306368" percent="21">
      <mem type="soa" free="161641912" total="797252608" percent="20" />
      <mem type="loa" free="8053760" total="8053760" percent="100" />
    </mem>
    <remembered-set count="135" />
  </mem-info>
</gc-start>
<allocation-stats totalBytes="108359592" >
  <allocated-bytes non-tlh="2938272" tlh="105421320" />
  <largest-consumer threadName="main" threadId="0000000000016F00" bytes="108359592" />
</allocation-stats>
<gc-op id="4768" type="scavenge" timems="76.053" contextid="4765" timestamp="2022-02-08T17:33:01.633">
  <scavenger-info tenureage="1" tenuremask="7ffe" tiltratio="68" />
  <memory-copied type="nursery" objects="1454275" bytes="76189704" bytesdiscarded="122384" />
  <memory-copied type="tenure" objects="1305870" bytes="74363872" bytesdiscarded="43352" />
  <finalization candidates="110" enqueued="53" />
  <references type="soft" candidates="14" cleared="0" enqueued="0" dynamicThreshold="12" maxThreshold="32" />
  <references type="weak" candidates="1" cleared="0" enqueued="0" />
  <references type="phantom" candidates="95" cleared="7" enqueued="7" />
  <object-monitors candidates="2" cleared="0"  />
</gc-op>
<gc-end id="4769" type="scavenge" contextid="4765" durationms="76.258" usertimems="301.257" systemtimems="0.000" stalltimems="2.368" timestamp="2022-02-08T17:33:01.633" activeThreads="4">
  <mem-info id="4770" free="202201320" total="1073741824" percent="18">
    <mem type="nursery" free="106795368" total="268435456" percent="39">
      <mem type="allocate" free="106795368" total="183107584" percent="58" />
      <mem type="survivor" free="0" total="85327872" percent="0" />
    </mem>
    <mem type="tenure" free="95405952" total="805306368" percent="11" macro-fragmented="33282812">
      <mem type="soa" free="87352192" total="797252608" percent="10" />
      <mem type="loa" free="8053760" total="8053760" percent="100" />
    </mem>
    <pending-finalizers system="52" default="1" reference="7" classloader="0" />
    <remembered-set count="129" />
  </mem-info>
</gc-end>
<cycle-end id="4771" type="scavenge" contextid="4765" timestamp="2022-02-08T17:33:01.633" />
<allocation-satisfied id="4772" threadId="0000000000016F00" bytesRequested="224" />
<af-end id="4773" timestamp="2022-02-08T17:33:01.633" threadId="0000000000017908" success="true" from="nursery"/>
<exclusive-end id="4774" timestamp="2022-02-08T17:33:01.633" durationms="76.581" />

<concurrent-kickoff id="4775" timestamp="2022-02-08T17:33:02.338">
  <kickoff reason="threshold reached" targetBytes="74443204" thresholdFreeBytes="5734183"  remainingFree="5603464" tenureFreeBytes="95405952" nurseryFreeBytes="5603464" />
</concurrent-kickoff>
<exclusive-start id="4776" timestamp="2022-02-08T17:33:02.342" intervalms="785.508">
  <response-info timems="0.025" idlems="0.025" threads="0" lastid="0000000000016F00" lastname="main" />
</exclusive-start>
<cycle-start id="4777" type="global" contextid="0" timestamp="2022-02-08T17:33:02.342" intervalms="3637.551" />
<concurrent-start id="4778" type="global mark" contextid="4777" timestamp="2022-02-08T17:33:02.342">
</concurrent-start>
<exclusive-end id="4779" timestamp="2022-02-08T17:33:02.342" durationms="0.028" />

<exclusive-start id="4780" timestamp="2022-02-08T17:33:02.466" intervalms="124.222">
  <response-info timems="0.032" idlems="0.032" threads="0" lastid="0000000000016F00" lastname="main" />
</exclusive-start>
<af-start id="4781" threadId="0000000000017908" totalBytesRequested="208" timestamp="2022-02-08T17:33:02.467" intervalms="909.739" type="nursery" />
<cycle-start id="4782" type="scavenge" contextid="0" timestamp="2022-02-08T17:33:02.467" intervalms="909.740" />
<gc-start id="4783" type="scavenge" contextid="4782" timestamp="2022-02-08T17:33:02.467">
  <mem-info id="4784" free="95405952" total="1073741824" percent="8">
    <mem type="nursery" free="0" total="268435456" percent="0">
      <mem type="allocate" free="0" total="183107584" percent="0" />
      <mem type="survivor" free="0" total="85327872" percent="0" />
    </mem>
    <mem type="tenure" free="95405952" total="805306368" percent="11">
      <mem type="soa" free="87352192" total="797252608" percent="10" />
      <mem type="loa" free="8053760" total="8053760" percent="100" />
    </mem>
    <remembered-set count="130" />
  </mem-info>
</gc-start>
<allocation-stats totalBytes="106743944" >
  <allocated-bytes non-tlh="224" tlh="106743720" />
  <largest-consumer threadName="main" threadId="0000000000016F00" bytes="106735752" />
</allocation-stats>
<gc-op id="4785" type="scavenge" timems="77.699" contextid="4782" timestamp="2022-02-08T17:33:02.544">
  <scavenger-info tenureage="1" tenuremask="7ffe" tiltratio="68" />
  <memory-copied type="nursery" objects="1377177" bytes="76046144" bytesdiscarded="216248" />
  <memory-copied type="tenure" objects="1453563" bytes="75721728" bytesdiscarded="35912" />
  <finalization candidates="57" enqueued="0" />
  <object-monitors candidates="2" cleared="0"  />
</gc-op>
<gc-end id="4786" type="scavenge" contextid="4782" durationms="77.874" usertimems="307.936" systemtimems="0.177" stalltimems="1.678" timestamp="2022-02-08T17:33:02.544" activeThreads="4">
  <mem-info id="4787" free="127070720" total="1073741824" percent="11">
    <mem type="nursery" free="107435016" total="268435456" percent="40">
      <mem type="allocate" free="107435016" total="183697408" percent="58" />
      <mem type="survivor" free="0" total="84738048" percent="0" />
    </mem>
    <mem type="tenure" free="19635704" total="805306368" percent="2" macro-fragmented="14257083">
      <mem type="soa" free="11581944" total="797252608" percent="1" />
      <mem type="loa" free="8053760" total="8053760" percent="100" />
    </mem>
    <remembered-set count="103" />
  </mem-info>
</gc-end>
<cycle-end id="4788" type="scavenge" contextid="4782" timestamp="2022-02-08T17:33:02.545" />
<allocation-satisfied id="4789" threadId="0000000000016F00" bytesRequested="208" />
<af-end id="4790" timestamp="2022-02-08T17:33:02.545" threadId="0000000000017908" success="true" from="nursery"/>
<exclusive-end id="4791" timestamp="2022-02-08T17:33:02.545" durationms="78.280" />

<concurrent-end id="4792" type="global mark" contextid="4777" timestamp="2022-02-08T17:33:02.667">
<gc-op id="4793" type="trace" timems="324.656" contextid="4777" timestamp="2022-02-08T17:33:02.667">
  <trace bytesTraced="74443788" workStackOverflowCount="0" />
  <card-cleaning reason="card cleaning threshold reached" bytesTraced="480" cardsCleaned="2" />
</gc-op>
</concurrent-end>

<exclusive-start id="4794" timestamp="2022-02-08T17:33:02.667" intervalms="200.505">
  <response-info timems="0.019" idlems="0.019" threads="0" lastid="0000000000016F00" lastname="main" />
</exclusive-start>
<concurrent-global-final id="4795" timestamp="2022-02-08T17:33:02.667" contextid="4777" intervalms="3628.461" >
  <concurrent-trace-info reason="card cleaning threshold reached" tracedByMutators="57758260" tracedByHelpers="16686008" cardsCleaned="2" workStackOverflowCount="0" />
</concurrent-global-final>
<gc-start id="4796" type="global" contextid="4777" timestamp="2022-02-08T17:33:02.667">
  <mem-info id="4797" free="119632176" total="1073741824" percent="11">
    <mem type="nursery" free="99996472" total="268435456" percent="37">
      <mem type="allocate" free="99996472" total="183697408" percent="54" />
      <mem type="survivor" free="0" total="84738048" percent="0" />
    </mem>
    <mem type="tenure" free="19635704" total="805306368" percent="2">
      <mem type="soa" free="11581944" total="797252608" percent="1" />
      <mem type="loa" free="8053760" total="8053760" percent="100" />
    </mem>
    <remembered-set count="103" />
  </mem-info>
</gc-start>
<allocation-stats totalBytes="7434712" >
  <allocated-bytes non-tlh="208" tlh="7434504" />
  <largest-consumer threadName="main" threadId="0000000000016F00" bytes="7434712" />
</allocation-stats>
<gc-op id="4798" type="rs-scan" timems="0.696" contextid="4777" timestamp="2022-02-08T17:33:02.668">
  <scan objectsFound="0" bytesTraced="3988" workStackOverflowCount="0" />
</gc-op>
<gc-op id="4799" type="card-cleaning" timems="143.913" contextid="4777" timestamp="2022-02-08T17:33:02.812">
  <card-cleaning cardsCleaned="11" bytesTraced="71014688" workStackOverflowCount="0" />
</gc-op>
<gc-op id="4800" type="mark" timems="69.271" contextid="4777" timestamp="2022-02-08T17:33:02.881">
  <trace-info objectcount="2386895" scancount="1791699" scanbytes="38290600" />
  <finalization candidates="428" enqueued="57" />
  <ownableSynchronizers candidates="1" cleared="0" />
  <references type="soft" candidates="894" cleared="0" enqueued="0" dynamicThreshold="12" maxThreshold="32" />
  <references type="weak" candidates="1701" cleared="0" enqueued="0" />
  <references type="phantom" candidates="52" cleared="2" enqueued="2" />
  <stringconstants candidates="6470" cleared="0"  />
  <object-monitors candidates="2" cleared="0"  />
</gc-op>
<gc-op id="4801" type="sweep" timems="6.630" contextid="4777" timestamp="2022-02-08T17:33:02.888" />
<gc-end id="4802" type="global" contextid="4777" durationms="220.714" usertimems="244.015" systemtimems="0.000" stalltimems="213.702" timestamp="2022-02-08T17:33:02.888" activeThreads="4">
  <mem-info id="4803" free="362830792" total="1073741824" percent="33">
    <mem type="nursery" free="100305472" total="268435456" percent="37">
      <mem type="allocate" free="100305472" total="183697408" percent="54" />
      <mem type="survivor" free="0" total="84738048" percent="0" />
    </mem>
    <mem type="tenure" free="262525320" total="805306368" percent="32" micro-fragmented="336222" macro-fragmented="0">
      <mem type="soa" free="254471560" total="797252608" percent="31" />
      <mem type="loa" free="8053760" total="8053760" percent="100" />
    </mem>
    <pending-finalizers system="57" default="0" reference="2" classloader="0" />
    <remembered-set count="103" />
  </mem-info>
</gc-end>
<cycle-end id="4804" type="global" contextid="4777" timestamp="2022-02-08T17:33:02.888" />
<exclusive-end id="4805" timestamp="2022-02-08T17:33:02.888" durationms="221.018" />

<exclusive-start id="4806" timestamp="2022-02-08T17:33:03.480" intervalms="813.439">
  <response-info timems="0.018" idlems="0.018" threads="0" lastid="0000000000016F00" lastname="main" />
</exclusive-start>
<af-start id="4807" threadId="0000000000017908" totalBytesRequested="40" timestamp="2022-02-08T17:33:03.480" intervalms="1013.934" type="nursery" />
<cycle-start id="4808" type="scavenge" contextid="0" timestamp="2022-02-08T17:33:03.480" intervalms="1013.933" />
<gc-start id="4809" type="scavenge" contextid="4808" timestamp="2022-02-08T17:33:03.481">
  <mem-info id="4810" free="262525320" total="1073741824" percent="24">
    <mem type="nursery" free="0" total="268435456" percent="0">
      <mem type="allocate" free="0" total="183697408" percent="0" />
      <mem type="survivor" free="0" total="84738048" percent="0" />
    </mem>
    <mem type="tenure" free="262525320" total="805306368" percent="32">
      <mem type="soa" free="254471560" total="797252608" percent="31" />
      <mem type="loa" free="8053760" total="8053760" percent="100" />
    </mem>
    <remembered-set count="106" />
  </mem-info>
</gc-start>
<allocation-stats totalBytes="100261368" >
  <allocated-bytes non-tlh="0" tlh="100261368" />
  <largest-consumer threadName="main" threadId="0000000000016F00" bytes="100257272" />
</allocation-stats>
<gc-op id="4811" type="scavenge" timems="94.670" contextid="4808" timestamp="2022-02-08T17:33:03.575">
  <scavenger-info tenureage="1" tenuremask="7ffe" tiltratio="68" />
  <memory-copied type="nursery" objects="1350410" bytes="76469248" bytesdiscarded="161392" />
  <memory-copied type="tenure" objects="1377176" bytes="76046032" bytesdiscarded="40224" />
  <ownableSynchronizers candidates="2" cleared="2" />
  <object-monitors candidates="2" cleared="0"  />
</gc-op>
<gc-end id="4812" type="scavenge" contextid="4808" durationms="94.859" usertimems="309.617" systemtimems="0.432" stalltimems="15.114" timestamp="2022-02-08T17:33:03.575" activeThreads="4">
  <mem-info id="4813" free="293573656" total="1073741824" percent="27">
    <mem type="nursery" free="107394448" total="268435456" percent="40">
      <mem type="allocate" free="107394448" total="184025088" percent="58" />
      <mem type="survivor" free="0" total="84410368" percent="0" />
    </mem>
    <mem type="tenure" free="186179208" total="805306368" percent="23" macro-fragmented="0">
      <mem type="soa" free="178125448" total="797252608" percent="22" />
      <mem type="loa" free="8053760" total="8053760" percent="100" />
    </mem>
    <remembered-set count="105" />
  </mem-info>
</gc-end>
<cycle-end id="4814" type="scavenge" contextid="4808" timestamp="2022-02-08T17:33:03.576" />
<allocation-satisfied id="4815" threadId="0000000000016F00" bytesRequested="40" />
<af-end id="4816" timestamp="2022-02-08T17:33:03.576" threadId="0000000000017908" success="true" from="nursery"/>
<exclusive-end id="4817" timestamp="2022-02-08T17:33:03.576" durationms="95.146" />

<exclusive-start id="4818" timestamp="2022-02-08T17:33:04.438" intervalms="957.331">
  <response-info timems="0.017" idlems="0.017" threads="0" lastid="0000000000016F00" lastname="main" />
</exclusive-start>
<af-start id="4819" threadId="0000000000017908" totalBytesRequested="200" timestamp="2022-02-08T17:33:04.438" intervalms="957.331" type="nursery" />
<cycle-start id="4820" type="scavenge" contextid="0" timestamp="2022-02-08T17:33:04.438" intervalms="957.331" />
<gc-start id="4821" type="scavenge" contextid="4820" timestamp="2022-02-08T17:33:04.438">
  <mem-info id="4822" free="186179208" total="1073741824" percent="17">
    <mem type="nursery" free="0" total="268435456" percent="0">
      <mem type="allocate" free="0" total="184025088" percent="0" />
      <mem type="survivor" free="0" total="84410368" percent="0" />
    </mem>
    <mem type="tenure" free="186179208" total="805306368" percent="23">
      <mem type="soa" free="178125448" total="797252608" percent="22" />
      <mem type="loa" free="8053760" total="8053760" percent="100" />
    </mem>
    <remembered-set count="135" />
  </mem-info>
</gc-start>
<allocation-stats totalBytes="107348544" >
  <allocated-bytes non-tlh="1493808" tlh="105854736" />
  <largest-consumer threadName="main" threadId="0000000000016F00" bytes="107348544" />
</allocation-stats>
<gc-op id="4823" type="scavenge" timems="76.040" contextid="4820" timestamp="2022-02-08T17:33:04.514">
  <scavenger-info tenureage="1" tenuremask="7ffe" tiltratio="68" />
  <memory-copied type="nursery" objects="1446507" bytes="75524488" bytesdiscarded="146952" />
  <memory-copied type="tenure" objects="1350410" bytes="76469248" bytesdiscarded="41040" />
  <finalization candidates="109" enqueued="53" />
  <references type="soft" candidates="14" cleared="0" enqueued="0" dynamicThreshold="10" maxThreshold="32" />
  <references type="weak" candidates="1" cleared="0" enqueued="0" />
  <references type="phantom" candidates="94" cleared="7" enqueued="7" />
  <object-monitors candidates="2" cleared="0"  />
</gc-op>
<gc-end id="4824" type="scavenge" contextid="4820" durationms="76.235" usertimems="296.171" systemtimems="4.264" stalltimems="3.131" timestamp="2022-02-08T17:33:04.514" activeThreads="4">
  <mem-info id="4825" free="218501816" total="1073741824" percent="20">
    <mem type="nursery" free="108746736" total="268435456" percent="40">
      <mem type="allocate" free="108746736" total="184418304" percent="58" />
      <mem type="survivor" free="0" total="84017152" percent="0" />
    </mem>
    <mem type="tenure" free="109755080" total="805306368" percent="13" macro-fragmented="418667">
      <mem type="soa" free="101701320" total="797252608" percent="12" />
      <mem type="loa" free="8053760" total="8053760" percent="100" />
    </mem>
    <pending-finalizers system="52" default="1" reference="7" classloader="0" />
    <remembered-set count="131" />
  </mem-info>
</gc-end>
<cycle-end id="4826" type="scavenge" contextid="4820" timestamp="2022-02-08T17:33:04.514" />
<allocation-satisfied id="4827" threadId="0000000000016F00" bytesRequested="200" />
<af-end id="4828" timestamp="2022-02-08T17:33:04.514" threadId="0000000000017908" success="true" from="nursery"/>
<exclusive-end id="4829" timestamp="2022-02-08T17:33:04.514" durationms="76.536" />

<concurrent-kickoff id="4830" timestamp="2022-02-08T17:33:05.187">
  <kickoff reason="threshold reached" targetBytes="74443417" thresholdFreeBytes="5733910"  remainingFree="5724144" tenureFreeBytes="109755080" nurseryFreeBytes="5724144" />
</concurrent-kickoff>
<exclusive-start id="4831" timestamp="2022-02-08T17:33:05.192" intervalms="753.898">
  <response-info timems="0.019" idlems="0.019" threads="0" lastid="0000000000016F00" lastname="main" />
</exclusive-start>
<cycle-start id="4832" type="global" contextid="0" timestamp="2022-02-08T17:33:05.192" intervalms="2849.396" />
<concurrent-start id="4833" type="global mark" contextid="4832" timestamp="2022-02-08T17:33:05.192">
</concurrent-start>
<exclusive-end id="4834" timestamp="2022-02-08T17:33:05.192" durationms="0.029" />

<exclusive-start id="4835" timestamp="2022-02-08T17:33:05.312" intervalms="119.994">
  <response-info timems="0.037" idlems="0.037" threads="0" lastid="0000000000016F00" lastname="main" />
</exclusive-start>
<af-start id="4836" threadId="0000000000017908" totalBytesRequested="112" timestamp="2022-02-08T17:33:05.312" intervalms="873.891" type="nursery" />
<cycle-start id="4837" type="scavenge" contextid="0" timestamp="2022-02-08T17:33:05.312" intervalms="873.891" />
<gc-start id="4838" type="scavenge" contextid="4837" timestamp="2022-02-08T17:33:05.312">
  <mem-info id="4839" free="109755080" total="1073741824" percent="10">
    <mem type="nursery" free="0" total="268435456" percent="0">
      <mem type="allocate" free="0" total="184418304" percent="0" />
      <mem type="survivor" free="0" total="84017152" percent="0" />
    </mem>
    <mem type="tenure" free="109755080" total="805306368" percent="13">
      <mem type="soa" free="101701320" total="797252608" percent="12" />
      <mem type="loa" free="8053760" total="8053760" percent="100" />
    </mem>
    <remembered-set count="132" />
  </mem-info>
</gc-start>
<allocation-stats totalBytes="108695864" >
  <allocated-bytes non-tlh="1347880" tlh="107347984" />
  <largest-consumer threadName="main" threadId="0000000000016F00" bytes="108687672" />
</allocation-stats>
<gc-op id="4840" type="scavenge" timems="77.980" contextid="4837" timestamp="2022-02-08T17:33:05.390">
  <scavenger-info tenureage="1" tenuremask="7ffe" tiltratio="68" />
  <memory-copied type="nursery" objects="1383177" bytes="77818328" bytesdiscarded="201152" />
  <memory-copied type="tenure" objects="1445787" bytes="74581208" bytesdiscarded="43384" />
  <finalization candidates="57" enqueued="0" />
  <references type="phantom" candidates="1" cleared="0" enqueued="0" />
  <object-monitors candidates="2" cleared="0"  />
</gc-op>
<gc-end id="4841" type="scavenge" contextid="4837" durationms="78.166" usertimems="301.198" systemtimems="0.000" stalltimems="4.709" timestamp="2022-02-08T17:33:05.390" activeThreads="4">
  <mem-info id="4842" free="139390264" total="1073741824" percent="12">
    <mem type="nursery" free="104367208" total="268435456" percent="38">
      <mem type="allocate" free="104367208" total="182386688" percent="57" />
      <mem type="survivor" free="0" total="86048768" percent="0" />
    </mem>
    <mem type="tenure" free="35023056" total="805306368" percent="4" macro-fragmented="0">
      <mem type="soa" free="26969296" total="797252608" percent="3" />
      <mem type="loa" free="8053760" total="8053760" percent="100" />
    </mem>
    <remembered-set count="102" />
  </mem-info>
</gc-end>
<cycle-end id="4843" type="scavenge" contextid="4837" timestamp="2022-02-08T17:33:05.390" />
<allocation-satisfied id="4844" threadId="0000000000016F00" bytesRequested="112" />
<af-end id="4845" timestamp="2022-02-08T17:33:05.390" threadId="0000000000017908" success="true" from="nursery"/>
<exclusive-end id="4846" timestamp="2022-02-08T17:33:05.390" durationms="78.428" />

<concurrent-end id="4847" type="global mark" contextid="4832" timestamp="2022-02-08T17:33:05.517">
<gc-op id="4848" type="trace" timems="325.526" contextid="4832" timestamp="2022-02-08T17:33:05.517">
  <trace bytesTraced="74443996" workStackOverflowCount="0" />
  <card-cleaning reason="card cleaning threshold reached" bytesTraced="480" cardsCleaned="2" />
</gc-op>
</concurrent-end>

<exclusive-start id="4849" timestamp="2022-02-08T17:33:05.517" intervalms="205.604">
  <response-info timems="0.020" idlems="0.020" threads="0" lastid="0000000000016F00" lastname="main" />
</exclusive-start>
<concurrent-global-final id="4850" timestamp="2022-02-08T17:33:05.517" contextid="4832" intervalms="2850.267" >
  <concurrent-trace-info reason="card cleaning threshold reached" tracedByMutators="57966764" tracedByHelpers="16477712" cardsCleaned="2" workStackOverflowCount="0" />
</concurrent-global-final>
<gc-start id="4851" type="global" contextid="4832" timestamp="2022-02-08T17:33:05.517">
  <mem-info id="4852" free="131165384" total="1073741824" percent="12">
    <mem type="nursery" free="96142328" total="268435456" percent="35">
      <mem type="allocate" free="96142328" total="182386688" percent="52" />
      <mem type="survivor" free="0" total="86048768" percent="0" />
    </mem>
    <mem type="tenure" free="35023056" total="805306368" percent="4">
      <mem type="soa" free="26969296" total="797252608" percent="3" />
      <mem type="loa" free="8053760" total="8053760" percent="100" />
    </mem>
    <remembered-set count="102" />
  </mem-info>
</gc-start>
<allocation-stats totalBytes="8220848" >
  <allocated-bytes non-tlh="112" tlh="8220736" />
  <largest-consumer threadName="main" threadId="0000000000016F00" bytes="8220848" />
</allocation-stats>
<gc-op id="4853" type="rs-scan" timems="0.533" contextid="4832" timestamp="2022-02-08T17:33:05.518">
  <scan objectsFound="29" bytesTraced="5420" workStackOverflowCount="0" />
</gc-op>
<gc-op id="4854" type="card-cleaning" timems="148.096" contextid="4832" timestamp="2022-02-08T17:33:05.666">
  <card-cleaning cardsCleaned="8" bytesTraced="71012696" workStackOverflowCount="0" />
</gc-op>
<gc-op id="4855" type="mark" timems="72.283" contextid="4832" timestamp="2022-02-08T17:33:05.738">
  <trace-info objectcount="2146242" scancount="1611209" scanbytes="34440168" />
  <finalization candidates="428" enqueued="57" />
  <ownableSynchronizers candidates="1" cleared="0" />
  <references type="soft" candidates="894" cleared="0" enqueued="0" dynamicThreshold="10" maxThreshold="32" />
  <references type="weak" candidates="1701" cleared="0" enqueued="0" />
  <references type="phantom" candidates="52" cleared="2" enqueued="2" />
  <stringconstants candidates="6470" cleared="0"  />
  <object-monitors candidates="2" cleared="0"  />
</gc-op>
<gc-op id="4856" type="sweep" timems="6.534" contextid="4832" timestamp="2022-02-08T17:33:05.745" />
<gc-end id="4857" type="global" contextid="4832" durationms="227.680" usertimems="289.626" systemtimems="0.000" stalltimems="176.177" timestamp="2022-02-08T17:33:05.745" activeThreads="4">
  <mem-info id="4858" free="374487904" total="1073741824" percent="34">
    <mem type="nursery" free="96435976" total="268435456" percent="35">
      <mem type="allocate" free="96435976" total="182386688" percent="52" />
      <mem type="survivor" free="0" total="86048768" percent="0" />
    </mem>
    <mem type="tenure" free="278051928" total="805306368" percent="34" micro-fragmented="408920" macro-fragmented="0">
      <mem type="soa" free="269998168" total="797252608" percent="33" />
      <mem type="loa" free="8053760" total="8053760" percent="100" />
    </mem>
    <pending-finalizers system="57" default="0" reference="2" classloader="0" />
    <remembered-set count="102" />
  </mem-info>
</gc-end>
<cycle-end id="4859" type="global" contextid="4832" timestamp="2022-02-08T17:33:05.745" />
<exclusive-end id="4860" timestamp="2022-02-08T17:33:05.745" durationms="227.892" />

<exclusive-start id="4861" timestamp="2022-02-08T17:33:06.348" intervalms="830.765">
  <response-info timems="0.019" idlems="0.019" threads="0" lastid="0000000000016F00" lastname="main" />
</exclusive-start>
<af-start id="4862" threadId="0000000000017908" totalBytesRequested="24" timestamp="2022-02-08T17:33:06.348" intervalms="1036.370" type="nursery" />
<cycle-start id="4863" type="scavenge" contextid="0" timestamp="2022-02-08T17:33:06.348" intervalms="1036.371" />
<gc-start id="4864" type="scavenge" contextid="4863" timestamp="2022-02-08T17:33:06.348">
  <mem-info id="4865" free="278051928" total="1073741824" percent="25">
    <mem type="nursery" free="0" total="268435456" percent="0">
      <mem type="allocate" free="0" total="182386688" percent="0" />
      <mem type="survivor" free="0" total="86048768" percent="0" />
    </mem>
    <mem type="tenure" free="278051928" total="805306368" percent="34">
      <mem type="soa" free="269998168" total="797252608" percent="33" />
      <mem type="loa" free="8053760" total="8053760" percent="100" />
    </mem>
    <remembered-set count="105" />
  </mem-info>
</gc-start>
<allocation-stats totalBytes="96392112" >
  <allocated-bytes non-tlh="0" tlh="96392112" />
  <largest-consumer threadName="main" threadId="0000000000016F00" bytes="96388016" />
</allocation-stats>
<gc-op id="4866" type="scavenge" timems="97.067" contextid="4863" timestamp="2022-02-08T17:33:06.445">
  <scavenger-info tenureage="1" tenuremask="7ffe" tiltratio="67" />
  <memory-copied type="nursery" objects="1311775" bytes="74287192" bytesdiscarded="132192" />
  <memory-copied type="tenure" objects="1383177" bytes="77818328" bytesdiscarded="43664" />
  <finalization candidates="1" enqueued="0" />
  <ownableSynchronizers candidates="2" cleared="2" />
  <object-monitors candidates="2" cleared="0"  />
</gc-op>
<gc-end id="4867" type="scavenge" contextid="4863" durationms="97.268" usertimems="319.935" systemtimems="6.046" stalltimems="2.372" timestamp="2022-02-08T17:33:06.445" activeThreads="4">
  <mem-info id="4868" free="308271984" total="1073741824" percent="28">
    <mem type="nursery" free="108360520" total="268435456" percent="40">
      <mem type="allocate" free="108360520" total="182779904" percent="59" />
      <mem type="survivor" free="0" total="85655552" percent="0" />
    </mem>
    <mem type="tenure" free="199911464" total="805306368" percent="24" macro-fragmented="0">
      <mem type="soa" free="191857704" total="797252608" percent="24" />
      <mem type="loa" free="8053760" total="8053760" percent="100" />
    </mem>
    <remembered-set count="105" />
  </mem-info>
</gc-end>
<cycle-end id="4869" type="scavenge" contextid="4863" timestamp="2022-02-08T17:33:06.446" />
<allocation-satisfied id="4870" threadId="0000000000016F00" bytesRequested="24" />
<af-end id="4871" timestamp="2022-02-08T17:33:06.446" threadId="0000000000017908" success="true" from="nursery"/>
<exclusive-end id="4872" timestamp="2022-02-08T17:33:06.446" durationms="97.590" />

<exclusive-start id="4873" timestamp="2022-02-08T17:33:07.295" intervalms="946.921">
  <response-info timems="0.018" idlems="0.018" threads="0" lastid="0000000000016F00" lastname="main" />
</exclusive-start>
<af-start id="4874" threadId="0000000000017908" totalBytesRequested="224" timestamp="2022-02-08T17:33:07.295" intervalms="946.922" type="nursery" />
<cycle-start id="4875" type="scavenge" contextid="0" timestamp="2022-02-08T17:33:07.295" intervalms="946.921" />
<gc-start id="4876" type="scavenge" contextid="4875" timestamp="2022-02-08T17:33:07.295">
  <mem-info id="4877" free="199911464" total="1073741824" percent="18">
    <mem type="nursery" free="0" total="268435456" percent="0">
      <mem type="allocate" free="0" total="182779904" percent="0" />
      <mem type="survivor" free="0" total="85655552" percent="0" />
    </mem>
    <mem type="tenure" free="199911464" total="805306368" percent="24">
      <mem type="soa" free="191857704" total="797252608" percent="24" />
      <mem type="loa" free="8053760" total="8053760" percent="100" />
    </mem>
    <remembered-set count="136" />
  </mem-info>
</gc-start>
<allocation-stats totalBytes="108313424" >
  <allocated-bytes non-tlh="1590592" tlh="106722832" />
  <largest-consumer threadName="main" threadId="0000000000016F00" bytes="108313424" />
</allocation-stats>
<gc-op id="4878" type="scavenge" timems="76.360" contextid="4875" timestamp="2022-02-08T17:33:07.371">
  <scavenger-info tenureage="1" tenuremask="7ffe" tiltratio="68" />
  <memory-copied type="nursery" objects="1489019" bytes="76278328" bytesdiscarded="369360" />
  <memory-copied type="tenure" objects="1311775" bytes="74287192" bytesdiscarded="44824" />
  <finalization candidates="109" enqueued="53" />
  <references type="soft" candidates="14" cleared="0" enqueued="0" dynamicThreshold="11" maxThreshold="32" />
  <references type="weak" candidates="1" cleared="0" enqueued="0" />
  <references type="phantom" candidates="94" cleared="7" enqueued="7" />
  <object-monitors candidates="2" cleared="0"  />
</gc-op>
<gc-end id="4879" type="scavenge" contextid="4875" durationms="76.556" usertimems="300.772" systemtimems="0.000" stalltimems="3.810" timestamp="2022-02-08T17:33:07.372" activeThreads="4">
  <mem-info id="4880" free="231920168" total="1073741824" percent="21">
    <mem type="nursery" free="106328696" total="268435456" percent="39">
      <mem type="allocate" free="106328696" total="182976512" percent="58" />
      <mem type="survivor" free="0" total="85458944" percent="0" />
    </mem>
    <mem type="tenure" free="125591472" total="805306368" percent="15" macro-fragmented="0">
      <mem type="soa" free="117537712" total="797252608" percent="14" />
      <mem type="loa" free="8053760" total="8053760" percent="100" />
    </mem>
    <pending-finalizers system="52" default="1" reference="7" classloader="0" />
    <remembered-set count="131" />
  </mem-info>
</gc-end>
<cycle-end id="4881" type="scavenge" contextid="4875" timestamp="2022-02-08T17:33:07.372" />
<allocation-satisfied id="4882" threadId="0000000000016F00" bytesRequested="224" />
<af-end id="4883" timestamp="2022-02-08T17:33:07.372" threadId="0000000000017908" success="true" from="nursery"/>
<exclusive-end id="4884" timestamp="2022-02-08T17:33:07.372" durationms="76.829" />

<concurrent-kickoff id="4885" timestamp="2022-02-08T17:33:08.027">
  <kickoff reason="threshold reached" targetBytes="74443629" thresholdFreeBytes="5733924"  remainingFree="5652792" tenureFreeBytes="125591472" nurseryFreeBytes="5652792" />
</concurrent-kickoff>
<exclusive-start id="4886" timestamp="2022-02-08T17:33:08.030" intervalms="735.018">
  <response-info timems="0.018" idlems="0.018" threads="0" lastid="0000000000016F00" lastname="main" />
</exclusive-start>
<cycle-start id="4887" type="global" contextid="0" timestamp="2022-02-08T17:33:08.030" intervalms="2838.301" />
<concurrent-start id="4888" type="global mark" contextid="4887" timestamp="2022-02-08T17:33:08.030">
</concurrent-start>
<exclusive-end id="4889" timestamp="2022-02-08T17:33:08.030" durationms="0.028" />

<exclusive-start id="4890" timestamp="2022-02-08T17:33:08.153" intervalms="123.244">
  <response-info timems="0.017" idlems="0.017" threads="0" lastid="0000000000016F00" lastname="main" />
</exclusive-start>
<af-start id="4891" threadId="0000000000017908" totalBytesRequested="184" timestamp="2022-02-08T17:33:08.153" intervalms="858.271" type="nursery" />
<cycle-start id="4892" type="scavenge" contextid="0" timestamp="2022-02-08T17:33:08.153" intervalms="858.270" />
<gc-start id="4893" type="scavenge" contextid="4892" timestamp="2022-02-08T17:33:08.153">
  <mem-info id="4894" free="125591472" total="1073741824" percent="11">
    <mem type="nursery" free="0" total="268435456" percent="0">
      <mem type="allocate" free="0" total="182976512" percent="0" />
      <mem type="survivor" free="0" total="85458944" percent="0" />
    </mem>
    <mem type="tenure" free="125591472" total="805306368" percent="15">
      <mem type="soa" free="117537712" total="797252608" percent="14" />
      <mem type="loa" free="8053760" total="8053760" percent="100" />
    </mem>
    <remembered-set count="132" />
  </mem-info>
</gc-start>
<allocation-stats totalBytes="106279208" >
  <allocated-bytes non-tlh="1347904" tlh="104931304" />
  <largest-consumer threadName="main" threadId="0000000000016F00" bytes="106271016" />
</allocation-stats>
<gc-op id="4895" type="scavenge" timems="79.913" contextid="4892" timestamp="2022-02-08T17:33:08.233">
  <scavenger-info tenureage="1" tenuremask="7ffe" tiltratio="68" />
  <memory-copied type="nursery" objects="1331374" bytes="76062360" bytesdiscarded="199416" />
  <memory-copied type="tenure" objects="1488299" bytes="75335040" bytesdiscarded="38008" />
  <finalization candidates="57" enqueued="0" />
  <references type="phantom" candidates="1" cleared="0" enqueued="0" />
  <object-monitors candidates="2" cleared="0"  />
</gc-op>
<gc-end id="4896" type="scavenge" contextid="4892" durationms="80.120" usertimems="315.006" systemtimems="0.000" stalltimems="4.044" timestamp="2022-02-08T17:33:08.233" activeThreads="4">
  <mem-info id="4897" free="157697680" total="1073741824" percent="14">
    <mem type="nursery" free="107370096" total="268435456" percent="39">
      <mem type="allocate" free="107370096" total="183631872" percent="58" />
      <mem type="survivor" free="0" total="84803584" percent="0" />
    </mem>
    <mem type="tenure" free="50327584" total="805306368" percent="6" macro-fragmented="16050736">
      <mem type="soa" free="42273824" total="797252608" percent="5" />
      <mem type="loa" free="8053760" total="8053760" percent="100" />
    </mem>
    <remembered-set count="102" />
  </mem-info>
</gc-end>
<cycle-end id="4898" type="scavenge" contextid="4892" timestamp="2022-02-08T17:33:08.234" />
<allocation-satisfied id="4899" threadId="0000000000016F00" bytesRequested="184" />
<af-end id="4900" timestamp="2022-02-08T17:33:08.234" threadId="0000000000017908" success="true" from="nursery"/>
<exclusive-end id="4901" timestamp="2022-02-08T17:33:08.234" durationms="80.444" />

<concurrent-end id="4902" type="global mark" contextid="4887" timestamp="2022-02-08T17:33:08.354">
<gc-op id="4903" type="trace" timems="324.032" contextid="4887" timestamp="2022-02-08T17:33:08.354">
  <trace bytesTraced="74444204" workStackOverflowCount="0" />
  <card-cleaning reason="card cleaning threshold reached" bytesTraced="480" cardsCleaned="2" />
</gc-op>
</concurrent-end>

<exclusive-start id="4904" timestamp="2022-02-08T17:33:08.354" intervalms="200.861">
  <response-info timems="0.020" idlems="0.020" threads="0" lastid="0000000000016F00" lastname="main" />
</exclusive-start>
<concurrent-global-final id="4905" timestamp="2022-02-08T17:33:08.354" contextid="4887" intervalms="2836.813" >
  <concurrent-trace-info reason="card cleaning threshold reached" tracedByMutators="59791380" tracedByHelpers="14653304" cardsCleaned="2" workStackOverflowCount="0" />
</concurrent-global-final>
<gc-start id="4906" type="global" contextid="4887" timestamp="2022-02-08T17:33:08.354">
  <mem-info id="4907" free="149472728" total="1073741824" percent="13">
    <mem type="nursery" free="99145144" total="268435456" percent="36">
      <mem type="allocate" free="99145144" total="183631872" percent="53" />
      <mem type="survivor" free="0" total="84803584" percent="0" />
    </mem>
    <mem type="tenure" free="50327584" total="805306368" percent="6">
      <mem type="soa" free="42273824" total="797252608" percent="5" />
      <mem type="loa" free="8053760" total="8053760" percent="100" />
    </mem>
    <remembered-set count="102" />
  </mem-info>
</gc-start>
<allocation-stats totalBytes="8220808" >
  <allocated-bytes non-tlh="184" tlh="8220624" />
  <largest-consumer threadName="main" threadId="0000000000016F00" bytes="8220808" />
</allocation-stats>
<gc-op id="4908" type="rs-scan" timems="0.535" contextid="4887" timestamp="2022-02-08T17:33:08.355">
  <scan objectsFound="29" bytesTraced="5420" workStackOverflowCount="0" />
</gc-op>
<gc-op id="4909" type="card-cleaning" timems="151.253" contextid="4887" timestamp="2022-02-08T17:33:08.506">
  <card-cleaning cardsCleaned="9" bytesTraced="71012808" workStackOverflowCount="0" />
</gc-op>
<gc-op id="4910" type="mark" timems="57.462" contextid="4887" timestamp="2022-02-08T17:33:08.563">
  <trace-info objectcount="1843360" scancount="1384047" scanbytes="29594072" />
  <finalization candidates="428" enqueued="57" />
  <ownableSynchronizers candidates="1" cleared="0" />
  <references type="soft" candidates="894" cleared="0" enqueued="0" dynamicThreshold="11" maxThreshold="32" />
  <references type="weak" candidates="1701" cleared="0" enqueued="0" />
  <references type="phantom" candidates="52" cleared="2" enqueued="2" />
  <stringconstants candidates="6470" cleared="0"  />
  <object-monitors candidates="2" cleared="0"  />
</gc-op>
<gc-op id="4911" type="sweep" timems="4.996" contextid="4887" timestamp="2022-02-08T17:33:08.569" />
<gc-end id="4912" type="global" contextid="4887" durationms="214.451" usertimems="267.086" systemtimems="0.720" stalltimems="133.729" timestamp="2022-02-08T17:33:08.569" activeThreads="4">
  <mem-info id="4913" free="392658376" total="1073741824" percent="36">
    <mem type="nursery" free="99436368" total="268435456" percent="37">
      <mem type="allocate" free="99436368" total="183631872" percent="54" />
      <mem type="survivor" free="0" total="84803584" percent="0" />
    </mem>
    <mem type="tenure" free="293222008" total="805306368" percent="36" micro-fragmented="378661" macro-fragmented="0">
      <mem type="soa" free="285168248" total="797252608" percent="35" />
      <mem type="loa" free="8053760" total="8053760" percent="100" />
    </mem>
    <pending-finalizers system="57" default="0" reference="2" classloader="0" />
    <remembered-set count="102" />
  </mem-info>
</gc-end>
<cycle-end id="4914" type="global" contextid="4887" timestamp="2022-02-08T17:33:08.569" />
<exclusive-end id="4915" timestamp="2022-02-08T17:33:08.569" durationms="214.694" />

<exclusive-start id="4916" timestamp="2022-02-08T17:33:09.184" intervalms="829.956">
  <response-info timems="0.018" idlems="0.018" threads="0" lastid="0000000000016F00" lastname="main" />
</exclusive-start>
<af-start id="4917" threadId="0000000000017908" totalBytesRequested="200" timestamp="2022-02-08T17:33:09.184" intervalms="1030.806" type="nursery" />
<cycle-start id="4918" type="scavenge" contextid="0" timestamp="2022-02-08T17:33:09.184" intervalms="1030.807" />
<gc-start id="4919" type="scavenge" contextid="4918" timestamp="2022-02-08T17:33:09.184">
  <mem-info id="4920" free="293222008" total="1073741824" percent="27">
    <mem type="nursery" free="0" total="268435456" percent="0">
      <mem type="allocate" free="0" total="183631872" percent="0" />
      <mem type="survivor" free="0" total="84803584" percent="0" />
    </mem>
    <mem type="tenure" free="293222008" total="805306368" percent="36">
      <mem type="soa" free="285168248" total="797252608" percent="35" />
      <mem type="loa" free="8053760" total="8053760" percent="100" />
    </mem>
    <remembered-set count="105" />
  </mem-info>
</gc-start>
<allocation-stats totalBytes="99392032" >
  <allocated-bytes non-tlh="0" tlh="99392032" />
  <largest-consumer threadName="main" threadId="0000000000016F00" bytes="99387936" />
</allocation-stats>
<gc-op id="4921" type="scavenge" timems="74.264" contextid="4918" timestamp="2022-02-08T17:33:09.258">
  <scavenger-info tenureage="1" tenuremask="7ffe" tiltratio="68" />
  <memory-copied type="nursery" objects="1359083" bytes="76446984" bytesdiscarded="203688" />
  <memory-copied type="tenure" objects="1331373" bytes="76062256" bytesdiscarded="47808" />
  <finalization candidates="1" enqueued="0" />
  <ownableSynchronizers candidates="2" cleared="2" />
  <object-monitors candidates="2" cleared="0"  />
</gc-op>
<gc-end id="4922" type="scavenge" contextid="4918" durationms="74.492" usertimems="289.457" systemtimems="3.859" stalltimems="3.207" timestamp="2022-02-08T17:33:09.259" activeThreads="4">
  <mem-info id="4923" free="324312872" total="1073741824" percent="30">
    <mem type="nursery" free="107308880" total="268435456" percent="39">
      <mem type="allocate" free="107308880" total="183959552" percent="58" />
      <mem type="survivor" free="0" total="84475904" percent="0" />
    </mem>
    <mem type="tenure" free="217003992" total="805306368" percent="26" macro-fragmented="0">
      <mem type="soa" free="208950232" total="797252608" percent="26" />
      <mem type="loa" free="8053760" total="8053760" percent="100" />
    </mem>
    <remembered-set count="105" />
  </mem-info>
</gc-end>
<cycle-end id="4924" type="scavenge" contextid="4918" timestamp="2022-02-08T17:33:09.259" />
<allocation-satisfied id="4925" threadId="0000000000016F00" bytesRequested="200" />
<af-end id="4926" timestamp="2022-02-08T17:33:09.259" threadId="0000000000017908" success="true" from="nursery"/>
<exclusive-end id="4927" timestamp="2022-02-08T17:33:09.259" durationms="74.773" />

<exclusive-start id="4928" timestamp="2022-02-08T17:33:10.081" intervalms="897.174">
  <response-info timems="0.015" idlems="0.015" threads="0" lastid="0000000000016F00" lastname="main" />
</exclusive-start>
<af-start id="4929" threadId="0000000000017908" totalBytesRequested="96" timestamp="2022-02-08T17:33:10.081" intervalms="897.172" type="nursery" />
<cycle-start id="4930" type="scavenge" contextid="0" timestamp="2022-02-08T17:33:10.081" intervalms="897.172" />
<gc-start id="4931" type="scavenge" contextid="4930" timestamp="2022-02-08T17:33:10.081">
  <mem-info id="4932" free="217003992" total="1073741824" percent="20">
    <mem type="nursery" free="0" total="268435456" percent="0">
      <mem type="allocate" free="0" total="183959552" percent="0" />
      <mem type="survivor" free="0" total="84475904" percent="0" />
    </mem>
    <mem type="tenure" free="217003992" total="805306368" percent="26">
      <mem type="soa" free="208950232" total="797252608" percent="26" />
      <mem type="loa" free="8053760" total="8053760" percent="100" />
    </mem>
    <remembered-set count="137" />
  </mem-info>
</gc-start>
<allocation-stats totalBytes="107261992" >
  <allocated-bytes non-tlh="1115640" tlh="106146352" />
  <largest-consumer threadName="main" threadId="0000000000016F00" bytes="107261992" />
</allocation-stats>
<gc-op id="4933" type="scavenge" timems="78.909" contextid="4930" timestamp="2022-02-08T17:33:10.160">
  <scavenger-info tenureage="1" tenuremask="7ffe" tiltratio="68" />
  <memory-copied type="nursery" objects="1481271" bytes="75547680" bytesdiscarded="125584" />
  <memory-copied type="tenure" objects="1359082" bytes="76446872" bytesdiscarded="39784" />
  <finalization candidates="108" enqueued="53" />
  <references type="soft" candidates="14" cleared="0" enqueued="0" dynamicThreshold="11" maxThreshold="32" />
  <references type="weak" candidates="1" cleared="0" enqueued="0" />
  <references type="phantom" candidates="93" cleared="7" enqueued="7" />
  <object-monitors candidates="2" cleared="0"  />
</gc-op>
<gc-end id="4934" type="scavenge" contextid="4930" durationms="79.177" usertimems="303.810" systemtimems="0.166" stalltimems="2.850" timestamp="2022-02-08T17:33:10.160" activeThreads="4">
  <mem-info id="4935" free="248983632" total="1073741824" percent="23">
    <mem type="nursery" free="108679376" total="268435456" percent="40">
      <mem type="allocate" free="108679376" total="184352768" percent="58" />
      <mem type="survivor" free="0" total="84082688" percent="0" />
    </mem>
    <mem type="tenure" free="140304256" total="805306368" percent="17" macro-fragmented="0">
      <mem type="soa" free="132250496" total="797252608" percent="16" />
      <mem type="loa" free="8053760" total="8053760" percent="100" />
    </mem>
    <pending-finalizers system="52" default="1" reference="7" classloader="0" />
    <remembered-set count="133" />
  </mem-info>
</gc-end>
<cycle-end id="4936" type="scavenge" contextid="4930" timestamp="2022-02-08T17:33:10.161" />
<allocation-satisfied id="4937" threadId="0000000000016F00" bytesRequested="96" />
<af-end id="4938" timestamp="2022-02-08T17:33:10.161" threadId="0000000000017908" success="true" from="nursery"/>
<exclusive-end id="4939" timestamp="2022-02-08T17:33:10.161" durationms="79.420" />

<concurrent-kickoff id="4940" timestamp="2022-02-08T17:33:10.838">
  <kickoff reason="threshold reached" targetBytes="74443844" thresholdFreeBytes="5733789"  remainingFree="5656784" tenureFreeBytes="140304256" nurseryFreeBytes="5656784" />
</concurrent-kickoff>
<exclusive-start id="4941" timestamp="2022-02-08T17:33:10.847" intervalms="765.354">
  <response-info timems="0.018" idlems="0.018" threads="0" lastid="0000000000016F00" lastname="main" />
</exclusive-start>
<cycle-start id="4942" type="global" contextid="0" timestamp="2022-02-08T17:33:10.847" intervalms="2816.591" />
<concurrent-start id="4943" type="global mark" contextid="4942" timestamp="2022-02-08T17:33:10.847">
</concurrent-start>
<exclusive-end id="4944" timestamp="2022-02-08T17:33:10.847" durationms="0.030" />

<exclusive-start id="4945" timestamp="2022-02-08T17:33:10.916" intervalms="69.823">
  <response-info timems="0.062" idlems="0.062" threads="0" lastid="0000000000016F00" lastname="main" />
</exclusive-start>
<af-start id="4946" threadId="0000000000017908" totalBytesRequested="184" timestamp="2022-02-08T17:33:10.916" intervalms="835.205" type="nursery" />
<cycle-start id="4947" type="scavenge" contextid="0" timestamp="2022-02-08T17:33:10.916" intervalms="835.205" />
<gc-start id="4948" type="scavenge" contextid="4947" timestamp="2022-02-08T17:33:10.916">
  <mem-info id="4949" free="140304256" total="1073741824" percent="13">
    <mem type="nursery" free="0" total="268435456" percent="0">
      <mem type="allocate" free="0" total="184352768" percent="0" />
      <mem type="survivor" free="0" total="84082688" percent="0" />
    </mem>
    <mem type="tenure" free="140304256" total="805306368" percent="17">
      <mem type="soa" free="132250496" total="797252608" percent="16" />
      <mem type="loa" free="8053760" total="8053760" percent="100" />
    </mem>
    <remembered-set count="134" />
  </mem-info>
</gc-start>
<allocation-stats totalBytes="108630448" >
  <allocated-bytes non-tlh="1822904" tlh="106807544" />
  <largest-consumer threadName="main" threadId="0000000000016F00" bytes="108622256" />
</allocation-stats>
<gc-op id="4950" type="scavenge" timems="82.393" contextid="4947" timestamp="2022-02-08T17:33:10.999">
  <scavenger-info tenureage="1" tenuremask="7ffe" tiltratio="68" />
  <memory-copied type="nursery" objects="1354803" bytes="77414752" bytesdiscarded="307216" />
  <memory-copied type="tenure" objects="1480552" bytes="74909920" bytesdiscarded="41880" />
  <finalization candidates="57" enqueued="0" />
  <references type="phantom" candidates="2" cleared="0" enqueued="0" />
  <object-monitors candidates="2" cleared="0"  />
</gc-op>
<gc-end id="4951" type="scavenge" contextid="4947" durationms="82.605" usertimems="325.514" systemtimems="0.000" stalltimems="2.990" timestamp="2022-02-08T17:33:10.999" activeThreads="4">
  <mem-info id="4952" free="170886288" total="1073741824" percent="15">
    <mem type="nursery" free="105385616" total="268435456" percent="39">
      <mem type="allocate" free="105385616" total="183107584" percent="57" />
      <mem type="survivor" free="0" total="85327872" percent="0" />
    </mem>
    <mem type="tenure" free="65500672" total="805306368" percent="8" macro-fragmented="27735676">
      <mem type="soa" free="57446912" total="797252608" percent="7" />
      <mem type="loa" free="8053760" total="8053760" percent="100" />
    </mem>
    <remembered-set count="103" />
  </mem-info>
</gc-end>
<cycle-end id="4953" type="scavenge" contextid="4947" timestamp="2022-02-08T17:33:10.999" />
<allocation-satisfied id="4954" threadId="0000000000016F00" bytesRequested="184" />
<af-end id="4955" timestamp="2022-02-08T17:33:10.999" threadId="0000000000017908" success="true" from="nursery"/>
<exclusive-end id="4956" timestamp="2022-02-08T17:33:10.999" durationms="82.910" />

<concurrent-end id="4957" type="global mark" contextid="4942" timestamp="2022-02-08T17:33:11.211">
<gc-op id="4958" type="trace" timems="364.287" contextid="4942" timestamp="2022-02-08T17:33:11.211">
  <trace bytesTraced="74407344" workStackOverflowCount="0" />
  <card-cleaning reason="card cleaning threshold reached" bytesTraced="480" cardsCleaned="2" />
</gc-op>
</concurrent-end>

<exclusive-start id="4959" timestamp="2022-02-08T17:33:11.211" intervalms="294.538">
  <response-info timems="0.020" idlems="0.020" threads="0" lastid="0000000000016F00" lastname="main" />
</exclusive-start>
<concurrent-global-final id="4960" timestamp="2022-02-08T17:33:11.211" contextid="4942" intervalms="2856.841" >
  <concurrent-trace-info reason="card cleaning threshold reached" tracedByMutators="52297500" tracedByHelpers="22110324" cardsCleaned="2" workStackOverflowCount="0" />
</concurrent-global-final>
<gc-start id="4961" type="global" contextid="4942" timestamp="2022-02-08T17:33:11.211">
  <mem-info id="4962" free="155452376" total="1073741824" percent="14">
    <mem type="nursery" free="89951704" total="268435456" percent="33">
      <mem type="allocate" free="89951704" total="183107584" percent="49" />
      <mem type="survivor" free="0" total="85327872" percent="0" />
    </mem>
    <mem type="tenure" free="65500672" total="805306368" percent="8">
      <mem type="soa" free="57446912" total="797252608" percent="7" />
      <mem type="loa" free="8053760" total="8053760" percent="100" />
    </mem>
    <remembered-set count="103" />
  </mem-info>
</gc-start>
<allocation-stats totalBytes="15425768" >
  <allocated-bytes non-tlh="184" tlh="15425584" />
  <largest-consumer threadName="main" threadId="0000000000016F00" bytes="15425768" />
</allocation-stats>
<gc-op id="4963" type="rs-scan" timems="0.500" contextid="4942" timestamp="2022-02-08T17:33:11.211">
  <scan objectsFound="29" bytesTraced="5316" workStackOverflowCount="0" />
</gc-op>
<gc-op id="4964" type="card-cleaning" timems="162.486" contextid="4942" timestamp="2022-02-08T17:33:11.374">
  <card-cleaning cardsCleaned="9" bytesTraced="71046632" workStackOverflowCount="0" />
</gc-op>
<gc-op id="4965" type="mark" timems="44.604" contextid="4942" timestamp="2022-02-08T17:33:11.419">
  <trace-info objectcount="1692535" scancount="1270929" scanbytes="27180840" />
  <finalization candidates="428" enqueued="57" />
  <ownableSynchronizers candidates="1" cleared="0" />
  <references type="soft" candidates="894" cleared="0" enqueued="0" dynamicThreshold="11" maxThreshold="32" />
  <references type="weak" candidates="1701" cleared="0" enqueued="0" />
  <references type="phantom" candidates="52" cleared="2" enqueued="2" />
  <stringconstants candidates="6470" cleared="0"  />
  <object-monitors candidates="2" cleared="0"  />
</gc-op>
<gc-op id="4966" type="sweep" timems="4.814" contextid="4942" timestamp="2022-02-08T17:33:11.424" />
<gc-end id="4967" type="global" contextid="4942" durationms="212.629" usertimems="226.936" systemtimems="0.139" stalltimems="133.351" timestamp="2022-02-08T17:33:11.424" activeThreads="4">
  <mem-info id="4968" free="398773000" total="1073741824" percent="37">
    <mem type="nursery" free="90352496" total="268435456" percent="33">
      <mem type="allocate" free="90352496" total="183107584" percent="49" />
      <mem type="survivor" free="0" total="85327872" percent="0" />
    </mem>
    <mem type="tenure" free="308420504" total="805306368" percent="38" micro-fragmented="330839" macro-fragmented="1500163">
      <mem type="soa" free="300366744" total="797252608" percent="37" />
      <mem type="loa" free="8053760" total="8053760" percent="100" />
    </mem>
    <pending-finalizers system="57" default="0" reference="2" classloader="0" />
    <remembered-set count="103" />
  </mem-info>
</gc-end>
<cycle-end id="4969" type="global" contextid="4942" timestamp="2022-02-08T17:33:11.424" />
<exclusive-end id="4970" timestamp="2022-02-08T17:33:11.424" durationms="212.855" />

<exclusive-start id="4971" timestamp="2022-02-08T17:33:11.986" intervalms="774.956">
  <response-info timems="0.018" idlems="0.018" threads="0" lastid="0000000000016F00" lastname="main" />
</exclusive-start>
<af-start id="4972" threadId="0000000000017908" totalBytesRequested="24" timestamp="2022-02-08T17:33:11.986" intervalms="1069.469" type="nursery" />
<cycle-start id="4973" type="scavenge" contextid="0" timestamp="2022-02-08T17:33:11.986" intervalms="1069.470" />
<gc-start id="4974" type="scavenge" contextid="4973" timestamp="2022-02-08T17:33:11.986">
  <mem-info id="4975" free="308420504" total="1073741824" percent="28">
    <mem type="nursery" free="0" total="268435456" percent="0">
      <mem type="allocate" free="0" total="183107584" percent="0" />
      <mem type="survivor" free="0" total="85327872" percent="0" />
    </mem>
    <mem type="tenure" free="308420504" total="805306368" percent="38">
      <mem type="soa" free="300366744" total="797252608" percent="37" />
      <mem type="loa" free="8053760" total="8053760" percent="100" />
    </mem>
    <remembered-set count="106" />
  </mem-info>
</gc-start>
<allocation-stats totalBytes="90311720" >
  <allocated-bytes non-tlh="0" tlh="90311720" />
  <largest-consumer threadName="main" threadId="0000000000016F00" bytes="90307624" />
</allocation-stats>
<gc-op id="4976" type="scavenge" timems="73.161" contextid="4973" timestamp="2022-02-08T17:33:12.059">
  <scavenger-info tenureage="1" tenuremask="7ffe" tiltratio="68" />
  <memory-copied type="nursery" objects="1334315" bytes="75122224" bytesdiscarded="90248" />
  <memory-copied type="tenure" objects="1354802" bytes="77414648" bytesdiscarded="44688" />
  <finalization candidates="2" enqueued="0" />
  <ownableSynchronizers candidates="2" cleared="2" />
  <object-monitors candidates="2" cleared="0"  />
</gc-op>
<gc-end id="4977" type="scavenge" contextid="4973" durationms="73.359" usertimems="288.696" systemtimems="0.000" stalltimems="3.124" timestamp="2022-02-08T17:33:12.059" activeThreads="4">
  <mem-info id="4978" free="339011568" total="1073741824" percent="31">
    <mem type="nursery" free="108222792" total="268435456" percent="40">
      <mem type="allocate" free="108222792" total="183435264" percent="58" />
      <mem type="survivor" free="0" total="85000192" percent="0" />
    </mem>
    <mem type="tenure" free="230788776" total="805306368" percent="28" macro-fragmented="0">
      <mem type="soa" free="222735016" total="797252608" percent="27" />
      <mem type="loa" free="8053760" total="8053760" percent="100" />
    </mem>
    <remembered-set count="105" />
  </mem-info>
</gc-end>
<cycle-end id="4979" type="scavenge" contextid="4973" timestamp="2022-02-08T17:33:12.059" />
<allocation-satisfied id="4980" threadId="0000000000016F00" bytesRequested="24" />
<af-end id="4981" timestamp="2022-02-08T17:33:12.059" threadId="0000000000017908" success="true" from="nursery"/>
<exclusive-end id="4982" timestamp="2022-02-08T17:33:12.059" durationms="73.617" />

<exclusive-start id="4983" timestamp="2022-02-08T17:33:12.744" intervalms="757.957">
  <response-info timems="0.019" idlems="0.019" threads="0" lastid="0000000000016F00" lastname="main" />
</exclusive-start>
<af-start id="4984" threadId="0000000000017908" totalBytesRequested="264" timestamp="2022-02-08T17:33:12.744" intervalms="757.958" type="nursery" />
<cycle-start id="4985" type="scavenge" contextid="0" timestamp="2022-02-08T17:33:12.744" intervalms="757.956" />
<gc-start id="4986" type="scavenge" contextid="4985" timestamp="2022-02-08T17:33:12.744">
  <mem-info id="4987" free="230788776" total="1073741824" percent="21">
    <mem type="nursery" free="0" total="268435456" percent="0">
      <mem type="allocate" free="0" total="183435264" percent="0" />
      <mem type="survivor" free="0" total="85000192" percent="0" />
    </mem>
    <mem type="tenure" free="230788776" total="805306368" percent="28">
      <mem type="soa" free="222735016" total="797252608" percent="27" />
      <mem type="loa" free="8053760" total="8053760" percent="100" />
    </mem>
    <remembered-set count="119" />
  </mem-info>
</gc-start>
<allocation-stats totalBytes="108174528" >
  <allocated-bytes non-tlh="453728" tlh="107720800" />
  <largest-consumer threadName="main" threadId="0000000000016F00" bytes="108174528" />
</allocation-stats>
<gc-op id="4988" type="scavenge" timems="74.555" contextid="4985" timestamp="2022-02-08T17:33:12.819">
  <scavenger-info tenureage="1" tenuremask="7ffe" tiltratio="68" />
  <memory-copied type="nursery" objects="1361799" bytes="77027384" bytesdiscarded="274168" />
  <memory-copied type="tenure" objects="1334315" bytes="75122224" bytesdiscarded="44200" />
  <finalization candidates="30" enqueued="18" />
  <references type="phantom" candidates="30" cleared="0" enqueued="0" />
  <object-monitors candidates="2" cleared="0"  />
</gc-op>
<gc-end id="4989" type="scavenge" contextid="4985" durationms="74.809" usertimems="291.959" systemtimems="0.000" stalltimems="5.886" timestamp="2022-02-08T17:33:12.819" activeThreads="4">
  <mem-info id="4990" free="261610256" total="1073741824" percent="24">
    <mem type="nursery" free="105937104" total="268435456" percent="39">
      <mem type="allocate" free="105937104" total="183238656" percent="57" />
      <mem type="survivor" free="0" total="85196800" percent="0" />
    </mem>
    <mem type="tenure" free="155673152" total="805306368" percent="19" macro-fragmented="0">
      <mem type="soa" free="147619392" total="797252608" percent="18" />
      <mem type="loa" free="8053760" total="8053760" percent="100" />
    </mem>
    <pending-finalizers system="18" default="0" reference="0" classloader="0" />
    <remembered-set count="118" />
  </mem-info>
</gc-end>
<cycle-end id="4991" type="scavenge" contextid="4985" timestamp="2022-02-08T17:33:12.819" />
<allocation-satisfied id="4992" threadId="0000000000016F00" bytesRequested="264" />
<af-end id="4993" timestamp="2022-02-08T17:33:12.819" threadId="0000000000017908" success="true" from="nursery"/>
<exclusive-end id="4994" timestamp="2022-02-08T17:33:12.819" durationms="75.126" />

<concurrent-kickoff id="4995" timestamp="2022-02-08T17:33:13.599">
  <kickoff reason="threshold reached" targetBytes="74436643" thresholdFreeBytes="5730293"  remainingFree="5701256" tenureFreeBytes="155673152" nurseryFreeBytes="5701256" />
</concurrent-kickoff>
<exclusive-start id="4996" timestamp="2022-02-08T17:33:13.603" intervalms="858.862">
  <response-info timems="0.018" idlems="0.018" threads="0" lastid="0000000000016F00" lastname="main" />
</exclusive-start>
<cycle-start id="4997" type="global" contextid="0" timestamp="2022-02-08T17:33:13.603" intervalms="2756.134" />
<concurrent-start id="4998" type="global mark" contextid="4997" timestamp="2022-02-08T17:33:13.603">
</concurrent-start>
<exclusive-end id="4999" timestamp="2022-02-08T17:33:13.603" durationms="0.029" />

<exclusive-start id="5000" timestamp="2022-02-08T17:33:13.720" intervalms="117.184">
  <response-info timems="0.017" idlems="0.017" threads="0" lastid="0000000000016F00" lastname="main" />
</exclusive-start>
<af-start id="5001" threadId="0000000000017908" totalBytesRequested="112" timestamp="2022-02-08T17:33:13.720" intervalms="976.056" type="nursery" />
<cycle-start id="5002" type="scavenge" contextid="0" timestamp="2022-02-08T17:33:13.720" intervalms="976.058" />
<gc-start id="5003" type="scavenge" contextid="5002" timestamp="2022-02-08T17:33:13.720">
  <mem-info id="5004" free="155673152" total="1073741824" percent="14">
    <mem type="nursery" free="0" total="268435456" percent="0">
      <mem type="allocate" free="0" total="183238656" percent="0" />
      <mem type="survivor" free="0" total="85196800" percent="0" />
    </mem>
    <mem type="tenure" free="155673152" total="805306368" percent="19">
      <mem type="soa" free="147619392" total="797252608" percent="18" />
      <mem type="loa" free="8053760" total="8053760" percent="100" />
    </mem>
    <remembered-set count="135" />
  </mem-info>
</gc-start>
<allocation-stats totalBytes="105891136" >
  <allocated-bytes non-tlh="2484808" tlh="103406328" />
  <largest-consumer threadName="main" threadId="0000000000016F00" bytes="105887040" />
</allocation-stats>
<gc-op id="5005" type="scavenge" timems="73.974" contextid="5002" timestamp="2022-02-08T17:33:13.794">
  <scavenger-info tenureage="1" tenuremask="7ffe" tiltratio="68" />
  <memory-copied type="nursery" objects="1410458" bytes="74774784" bytesdiscarded="132016" />
  <memory-copied type="tenure" objects="1361499" bytes="76414496" bytesdiscarded="40176" />
  <finalization candidates="92" enqueued="35" />
  <references type="soft" candidates="14" cleared="0" enqueued="0" dynamicThreshold="12" maxThreshold="32" />
  <references type="weak" candidates="1" cleared="0" enqueued="0" />
  <references type="phantom" candidates="77" cleared="7" enqueued="7" />
  <object-monitors candidates="2" cleared="0"  />
</gc-op>
<gc-end id="5006" type="scavenge" contextid="5002" durationms="74.269" usertimems="292.869" systemtimems="0.347" stalltimems="2.183" timestamp="2022-02-08T17:33:13.794" activeThreads="4">
  <mem-info id="5007" free="187961088" total="1073741824" percent="17">
    <mem type="nursery" free="108724944" total="268435456" percent="40">
      <mem type="allocate" free="108724944" total="183631872" percent="59" />
      <mem type="survivor" free="0" total="84803584" percent="0" />
    </mem>
    <mem type="tenure" free="79236144" total="805306368" percent="9" macro-fragmented="0">
      <mem type="soa" free="71182384" total="797252608" percent="8" />
      <mem type="loa" free="8053760" total="8053760" percent="100" />
    </mem>
    <pending-finalizers system="34" default="1" reference="7" classloader="0" />
    <remembered-set count="121" />
  </mem-info>
</gc-end>
<cycle-end id="5008" type="scavenge" contextid="5002" timestamp="2022-02-08T17:33:13.794" />
<allocation-satisfied id="5009" threadId="0000000000016F00" bytesRequested="112" />
<af-end id="5010" timestamp="2022-02-08T17:33:13.794" threadId="0000000000017908" success="true" from="nursery"/>
<exclusive-end id="5011" timestamp="2022-02-08T17:33:13.794" durationms="74.554" />

<concurrent-end id="5012" type="global mark" contextid="4997" timestamp="2022-02-08T17:33:13.923">
<gc-op id="5013" type="trace" timems="320.744" contextid="4997" timestamp="2022-02-08T17:33:13.923">
  <trace bytesTraced="74448416" workStackOverflowCount="0" />
  <card-cleaning reason="card cleaning threshold reached" bytesTraced="480" cardsCleaned="2" />
</gc-op>
</concurrent-end>

<exclusive-start id="5014" timestamp="2022-02-08T17:33:13.923" intervalms="203.629">
  <response-info timems="0.018" idlems="0.018" threads="0" lastid="0000000000016F00" lastname="main" />
</exclusive-start>
<concurrent-global-final id="5015" timestamp="2022-02-08T17:33:13.924" contextid="4997" intervalms="2712.588" >
  <concurrent-trace-info reason="card cleaning threshold reached" tracedByMutators="59232336" tracedByHelpers="15216560" cardsCleaned="2" workStackOverflowCount="0" />
</concurrent-global-final>
<gc-start id="5016" type="global" contextid="4997" timestamp="2022-02-08T17:33:13.924">
  <mem-info id="5017" free="179596944" total="1073741824" percent="16">
    <mem type="nursery" free="100360800" total="268435456" percent="37">
      <mem type="allocate" free="100360800" total="183631872" percent="54" />
      <mem type="survivor" free="0" total="84803584" percent="0" />
    </mem>
    <mem type="tenure" free="79236144" total="805306368" percent="9">
      <mem type="soa" free="71182384" total="797252608" percent="8" />
      <mem type="loa" free="8053760" total="8053760" percent="100" />
    </mem>
    <remembered-set count="122" />
  </mem-info>
</gc-start>
<allocation-stats totalBytes="8360264" >
  <allocated-bytes non-tlh="112" tlh="8360152" />
  <largest-consumer threadName="main" threadId="0000000000016F00" bytes="8352072" />
</allocation-stats>
<gc-op id="5018" type="rs-scan" timems="148.937" contextid="4997" timestamp="2022-02-08T17:33:14.073">
  <scan objectsFound="3324749" bytesTraced="71019672" workStackOverflowCount="0" />
</gc-op>
<gc-op id="5019" type="card-cleaning" timems="0.262" contextid="4997" timestamp="2022-02-08T17:33:14.073">
  <card-cleaning cardsCleaned="3" bytesTraced="1040" workStackOverflowCount="0" />
</gc-op>
<gc-op id="5020" type="mark" timems="32.346" contextid="4997" timestamp="2022-02-08T17:33:14.105">
  <trace-info objectcount="1282828" scancount="963647" scanbytes="20625544" />
  <finalization candidates="428" enqueued="57" />
  <ownableSynchronizers candidates="1" cleared="0" />
  <references type="soft" candidates="894" cleared="0" enqueued="0" dynamicThreshold="12" maxThreshold="32" />
  <references type="weak" candidates="1701" cleared="0" enqueued="0" />
  <references type="phantom" candidates="52" cleared="2" enqueued="2" />
  <stringconstants candidates="6470" cleared="0"  />
  <object-monitors candidates="2" cleared="0"  />
</gc-op>
<gc-op id="5021" type="sweep" timems="4.890" contextid="4997" timestamp="2022-02-08T17:33:14.110" />
<gc-end id="5022" type="global" contextid="4997" durationms="186.636" usertimems="201.127" systemtimems="0.000" stalltimems="97.309" timestamp="2022-02-08T17:33:14.110" activeThreads="4">
  <mem-info id="5023" free="422991216" total="1073741824" percent="39">
    <mem type="nursery" free="100911216" total="268435456" percent="37">
      <mem type="allocate" free="100911216" total="183631872" percent="54" />
      <mem type="survivor" free="0" total="84803584" percent="0" />
    </mem>
    <mem type="tenure" free="322080000" total="805306368" percent="39" micro-fragmented="363817" macro-fragmented="0">
      <mem type="soa" free="314026240" total="797252608" percent="39" />
      <mem type="loa" free="8053760" total="8053760" percent="100" />
    </mem>
    <pending-finalizers system="57" default="0" reference="2" classloader="0" />
    <remembered-set count="109" />
  </mem-info>
</gc-end>
<cycle-end id="5024" type="global" contextid="4997" timestamp="2022-02-08T17:33:14.110" />
<exclusive-end id="5025" timestamp="2022-02-08T17:33:14.110" durationms="186.945" />

<exclusive-start id="5026" timestamp="2022-02-08T17:33:14.802" intervalms="878.555">
  <response-info timems="0.016" idlems="0.016" threads="0" lastid="0000000000016F00" lastname="main" />
</exclusive-start>
<af-start id="5027" threadId="0000000000017908" totalBytesRequested="192" timestamp="2022-02-08T17:33:14.802" intervalms="1082.181" type="nursery" />
<cycle-start id="5028" type="scavenge" contextid="0" timestamp="2022-02-08T17:33:14.802" intervalms="1082.180" />
<gc-start id="5029" type="scavenge" contextid="5028" timestamp="2022-02-08T17:33:14.802">
  <mem-info id="5030" free="322080000" total="1073741824" percent="29">
    <mem type="nursery" free="0" total="268435456" percent="0">
      <mem type="allocate" free="0" total="183631872" percent="0" />
      <mem type="survivor" free="0" total="84803584" percent="0" />
    </mem>
    <mem type="tenure" free="322080000" total="805306368" percent="39">
      <mem type="soa" free="314026240" total="797252608" percent="39" />
      <mem type="loa" free="8053760" total="8053760" percent="100" />
    </mem>
    <remembered-set count="110" />
  </mem-info>
</gc-start>
<allocation-stats totalBytes="100862952" >
  <allocated-bytes non-tlh="0" tlh="100862952" />
  <largest-consumer threadName="main" threadId="0000000000016F00" bytes="100853960" />
</allocation-stats>
<gc-op id="5031" type="scavenge" timems="78.799" contextid="5028" timestamp="2022-02-08T17:33:14.881">
  <scavenger-info tenureage="1" tenuremask="7ffe" tiltratio="68" />
  <memory-copied type="nursery" objects="1408483" bytes="77698024" bytesdiscarded="188376" />
  <memory-copied type="tenure" objects="1409977" bytes="74463040" bytesdiscarded="44912" />
  <finalization candidates="45" enqueued="0" />
  <ownableSynchronizers candidates="2" cleared="2" />
  <object-monitors candidates="2" cleared="0"  />
</gc-op>
<gc-end id="5032" type="scavenge" contextid="5028" durationms="78.975" usertimems="310.808" systemtimems="0.623" stalltimems="2.857" timestamp="2022-02-08T17:33:14.881" activeThreads="4">
  <mem-info id="5033" free="351173472" total="1073741824" percent="32">
    <mem type="nursery" free="103910464" total="268435456" percent="38">
      <mem type="allocate" free="103910464" total="181796864" percent="57" />
      <mem type="survivor" free="0" total="86638592" percent="0" />
    </mem>
    <mem type="tenure" free="247263008" total="805306368" percent="30" macro-fragmented="0">
      <mem type="soa" free="239209248" total="797252608" percent="30" />
      <mem type="loa" free="8053760" total="8053760" percent="100" />
    </mem>
    <remembered-set count="104" />
  </mem-info>
</gc-end>
<cycle-end id="5034" type="scavenge" contextid="5028" timestamp="2022-02-08T17:33:14.881" />
<allocation-satisfied id="5035" threadId="0000000000016F00" bytesRequested="192" />
<af-end id="5036" timestamp="2022-02-08T17:33:14.881" threadId="0000000000017908" success="true" from="nursery"/>
<exclusive-end id="5037" timestamp="2022-02-08T17:33:14.881" durationms="79.288" />

<exclusive-start id="5038" timestamp="2022-02-08T17:33:15.492" intervalms="689.930">
  <response-info timems="0.027" idlems="0.027" threads="0" lastid="0000000000016F00" lastname="main" />
</exclusive-start>
<af-start id="5039" threadId="0000000000017908" totalBytesRequested="112" timestamp="2022-02-08T17:33:15.492" intervalms="689.934" type="nursery" />
<cycle-start id="5040" type="scavenge" contextid="0" timestamp="2022-02-08T17:33:15.492" intervalms="689.934" />
<gc-start id="5041" type="scavenge" contextid="5040" timestamp="2022-02-08T17:33:15.492">
  <mem-info id="5042" free="247263008" total="1073741824" percent="23">
    <mem type="nursery" free="0" total="268435456" percent="0">
      <mem type="allocate" free="0" total="181796864" percent="0" />
      <mem type="survivor" free="0" total="86638592" percent="0" />
    </mem>
    <mem type="tenure" free="247263008" total="805306368" percent="30">
      <mem type="soa" free="239209248" total="797252608" percent="30" />
      <mem type="loa" free="8053760" total="8053760" percent="100" />
    </mem>
    <remembered-set count="104" />
  </mem-info>
</gc-start>
<allocation-stats totalBytes="103862448" >
  <allocated-bytes non-tlh="192" tlh="103862256" />
  <largest-consumer threadName="main" threadId="0000000000016F00" bytes="103862448" />
</allocation-stats>
<gc-op id="5043" type="scavenge" timems="73.282" contextid="5040" timestamp="2022-02-08T17:33:15.565">
  <scavenger-info tenureage="1" tenuremask="7ffe" tiltratio="67" />
  <memory-copied type="nursery" objects="1296888" bytes="73844048" bytesdiscarded="169464" />
  <memory-copied type="tenure" objects="1408482" bytes="77697920" bytesdiscarded="43352" />
  <object-monitors candidates="2" cleared="0"  />
</gc-op>
<gc-end id="5044" type="scavenge" contextid="5040" durationms="73.583" usertimems="288.944" systemtimems="0.000" stalltimems="3.655" timestamp="2022-02-08T17:33:15.566" activeThreads="4">
  <mem-info id="5045" free="277784136" total="1073741824" percent="25">
    <mem type="nursery" free="108307640" total="268435456" percent="40">
      <mem type="allocate" free="108307640" total="182321152" percent="59" />
      <mem type="survivor" free="0" total="86114304" percent="0" />
    </mem>
    <mem type="tenure" free="169476496" total="805306368" percent="21" macro-fragmented="0">
      <mem type="soa" free="161422736" total="797252608" percent="20" />
      <mem type="loa" free="8053760" total="8053760" percent="100" />
    </mem>
    <remembered-set count="104" />
  </mem-info>
</gc-end>
<cycle-end id="5046" type="scavenge" contextid="5040" timestamp="2022-02-08T17:33:15.566" />
<allocation-satisfied id="5047" threadId="0000000000016F00" bytesRequested="112" />
<af-end id="5048" timestamp="2022-02-08T17:33:15.566" threadId="0000000000017908" success="true" from="nursery"/>
<exclusive-end id="5049" timestamp="2022-02-08T17:33:15.566" durationms="73.887" />

<exclusive-start id="5050" timestamp="2022-02-08T17:33:16.450" intervalms="958.423">
  <response-info timems="0.018" idlems="0.018" threads="0" lastid="0000000000016F00" lastname="main" />
</exclusive-start>
<af-start id="5051" threadId="0000000000017908" totalBytesRequested="112" timestamp="2022-02-08T17:33:16.450" intervalms="958.415" type="nursery" />
<cycle-start id="5052" type="scavenge" contextid="0" timestamp="2022-02-08T17:33:16.450" intervalms="958.415" />
<gc-start id="5053" type="scavenge" contextid="5052" timestamp="2022-02-08T17:33:16.451">
  <mem-info id="5054" free="169476496" total="1073741824" percent="15">
    <mem type="nursery" free="0" total="268435456" percent="0">
      <mem type="allocate" free="0" total="182321152" percent="0" />
      <mem type="survivor" free="0" total="86114304" percent="0" />
    </mem>
    <mem type="tenure" free="169476496" total="805306368" percent="21">
      <mem type="soa" free="161422736" total="797252608" percent="20" />
      <mem type="loa" free="8053760" total="8053760" percent="100" />
    </mem>
    <remembered-set count="135" />
  </mem-info>
</gc-start>
<allocation-stats totalBytes="108261416" >
  <allocated-bytes non-tlh="2938360" tlh="105323056" />
  <largest-consumer threadName="main" threadId="0000000000016F00" bytes="108261416" />
</allocation-stats>
<gc-op id="5055" type="scavenge" timems="77.792" contextid="5052" timestamp="2022-02-08T17:33:16.528">
  <scavenger-info tenureage="1" tenuremask="7ffe" tiltratio="67" />
  <memory-copied type="nursery" objects="1449756" bytes="76103688" bytesdiscarded="159000" />
  <memory-copied type="tenure" objects="1296888" bytes="73844048" bytesdiscarded="41400" />
  <finalization candidates="110" enqueued="53" />
  <references type="soft" candidates="14" cleared="0" enqueued="0" dynamicThreshold="12" maxThreshold="32" />
  <references type="weak" candidates="1" cleared="0" enqueued="0" />
  <references type="phantom" candidates="95" cleared="7" enqueued="7" />
  <object-monitors candidates="2" cleared="0"  />
</gc-op>
<gc-end id="5056" type="scavenge" contextid="5052" durationms="78.022" usertimems="306.077" systemtimems="1.131" stalltimems="2.888" timestamp="2022-02-08T17:33:16.529" activeThreads="4">
  <mem-info id="5057" free="202071968" total="1073741824" percent="18">
    <mem type="nursery" free="106386016" total="268435456" percent="39">
      <mem type="allocate" free="106386016" total="182648832" percent="58" />
      <mem type="survivor" free="0" total="85786624" percent="0" />
    </mem>
    <mem type="tenure" free="95685952" total="805306368" percent="11" macro-fragmented="23113062">
      <mem type="soa" free="87632192" total="797252608" percent="10" />
      <mem type="loa" free="8053760" total="8053760" percent="100" />
    </mem>
    <pending-finalizers system="52" default="1" reference="7" classloader="0" />
    <remembered-set count="130" />
  </mem-info>
</gc-end>
<cycle-end id="5058" type="scavenge" contextid="5052" timestamp="2022-02-08T17:33:16.529" />
<allocation-satisfied id="5059" threadId="0000000000016F00" bytesRequested="112" />
<af-end id="5060" timestamp="2022-02-08T17:33:16.529" threadId="0000000000017908" success="true" from="nursery"/>
<exclusive-end id="5061" timestamp="2022-02-08T17:33:16.529" durationms="78.290" />

<concurrent-kickoff id="5062" timestamp="2022-02-08T17:33:17.193">
  <kickoff reason="threshold reached" targetBytes="74439089" thresholdFreeBytes="5731120"  remainingFree="5616112" tenureFreeBytes="95685952" nurseryFreeBytes="5616112" />
</concurrent-kickoff>
<exclusive-start id="5063" timestamp="2022-02-08T17:33:17.197" intervalms="746.539">
  <response-info timems="0.021" idlems="0.021" threads="0" lastid="0000000000016F00" lastname="main" />
</exclusive-start>
<cycle-start id="5064" type="global" contextid="0" timestamp="2022-02-08T17:33:17.197" intervalms="3594.261" />
<concurrent-start id="5065" type="global mark" contextid="5064" timestamp="2022-02-08T17:33:17.197">
</concurrent-start>
<exclusive-end id="5066" timestamp="2022-02-08T17:33:17.197" durationms="0.029" />

<exclusive-start id="5067" timestamp="2022-02-08T17:33:17.326" intervalms="129.530">
  <response-info timems="0.018" idlems="0.018" threads="0" lastid="0000000000016F00" lastname="main" />
</exclusive-start>
<af-start id="5068" threadId="0000000000017908" totalBytesRequested="24" timestamp="2022-02-08T17:33:17.327" intervalms="876.075" type="nursery" />
<cycle-start id="5069" type="scavenge" contextid="0" timestamp="2022-02-08T17:33:17.327" intervalms="876.074" />
<gc-start id="5070" type="scavenge" contextid="5069" timestamp="2022-02-08T17:33:17.327">
  <mem-info id="5071" free="95685952" total="1073741824" percent="8">
    <mem type="nursery" free="0" total="268435456" percent="0">
      <mem type="allocate" free="0" total="182648832" percent="0" />
      <mem type="survivor" free="0" total="85786624" percent="0" />
    </mem>
    <mem type="tenure" free="95685952" total="805306368" percent="11">
      <mem type="soa" free="87632192" total="797252608" percent="10" />
      <mem type="loa" free="8053760" total="8053760" percent="100" />
    </mem>
    <remembered-set count="131" />
  </mem-info>
</gc-start>
<allocation-stats totalBytes="106336024" >
  <allocated-bytes non-tlh="112" tlh="106335912" />
  <largest-consumer threadName="main" threadId="0000000000016F00" bytes="106327832" />
</allocation-stats>
<gc-op id="5072" type="scavenge" timems="75.903" contextid="5069" timestamp="2022-02-08T17:33:17.403">
  <scavenger-info tenureage="1" tenuremask="7ffe" tiltratio="68" />
  <memory-copied type="nursery" objects="1376022" bytes="75775104" bytesdiscarded="372864" />
  <memory-copied type="tenure" objects="1449045" bytes="75635832" bytesdiscarded="37368" />
  <finalization candidates="57" enqueued="0" />
  <object-monitors candidates="2" cleared="0"  />
</gc-op>
<gc-end id="5073" type="scavenge" contextid="5069" durationms="76.064" usertimems="300.249" systemtimems="0.000" stalltimems="2.073" timestamp="2022-02-08T17:33:17.403" activeThreads="4">
  <mem-info id="5074" free="127330776" total="1073741824" percent="11">
    <mem type="nursery" free="107156224" total="268435456" percent="39">
      <mem type="allocate" free="107156224" total="183304192" percent="58" />
      <mem type="survivor" free="0" total="85131264" percent="0" />
    </mem>
    <mem type="tenure" free="20174552" total="805306368" percent="2" macro-fragmented="18886860">
      <mem type="soa" free="12120792" total="797252608" percent="1" />
      <mem type="loa" free="8053760" total="8053760" percent="100" />
    </mem>
    <remembered-set count="103" />
  </mem-info>
</gc-end>
<cycle-end id="5075" type="scavenge" contextid="5069" timestamp="2022-02-08T17:33:17.403" />
<allocation-satisfied id="5076" threadId="0000000000016F00" bytesRequested="24" />
<af-end id="5077" timestamp="2022-02-08T17:33:17.403" threadId="0000000000017908" success="true" from="nursery"/>
<exclusive-end id="5078" timestamp="2022-02-08T17:33:17.403" durationms="76.418" />

<concurrent-end id="5079" type="global mark" contextid="5064" timestamp="2022-02-08T17:33:17.523">
<gc-op id="5080" type="trace" timems="326.111" contextid="5064" timestamp="2022-02-08T17:33:17.523">
  <trace bytesTraced="74448528" workStackOverflowCount="0" />
  <card-cleaning reason="card cleaning threshold reached" bytesTraced="480" cardsCleaned="2" />
</gc-op>
</concurrent-end>

<exclusive-start id="5081" timestamp="2022-02-08T17:33:17.523" intervalms="196.651">
  <response-info timems="0.017" idlems="0.017" threads="0" lastid="0000000000016F00" lastname="main" />
</exclusive-start>
<concurrent-global-final id="5082" timestamp="2022-02-08T17:33:17.523" contextid="5064" intervalms="3599.628" >
  <concurrent-trace-info reason="card cleaning threshold reached" tracedByMutators="57391176" tracedByHelpers="17057832" cardsCleaned="2" workStackOverflowCount="0" />
</concurrent-global-final>
<gc-start id="5083" type="global" contextid="5064" timestamp="2022-02-08T17:33:17.523">
  <mem-info id="5084" free="119499200" total="1073741824" percent="11">
    <mem type="nursery" free="99324648" total="268435456" percent="37">
      <mem type="allocate" free="99324648" total="183304192" percent="54" />
      <mem type="survivor" free="0" total="85131264" percent="0" />
    </mem>
    <mem type="tenure" free="20174552" total="805306368" percent="2">
      <mem type="soa" free="12120792" total="797252608" percent="1" />
      <mem type="loa" free="8053760" total="8053760" percent="100" />
    </mem>
    <remembered-set count="103" />
  </mem-info>
</gc-start>
<allocation-stats totalBytes="7827704" >
  <allocated-bytes non-tlh="24" tlh="7827680" />
  <largest-consumer threadName="main" threadId="0000000000016F00" bytes="7827704" />
</allocation-stats>
<gc-op id="5085" type="rs-scan" timems="0.537" contextid="5064" timestamp="2022-02-08T17:33:17.524">
  <scan objectsFound="0" bytesTraced="3988" workStackOverflowCount="0" />
</gc-op>
<gc-op id="5086" type="card-cleaning" timems="139.131" contextid="5064" timestamp="2022-02-08T17:33:17.663">
  <card-cleaning cardsCleaned="11" bytesTraced="71018388" workStackOverflowCount="0" />
</gc-op>
<gc-op id="5087" type="mark" timems="70.538" contextid="5064" timestamp="2022-02-08T17:33:17.733">
  <trace-info objectcount="2377370" scancount="1784555" scanbytes="38138216" />
  <finalization candidates="428" enqueued="57" />
  <ownableSynchronizers candidates="1" cleared="0" />
  <references type="soft" candidates="894" cleared="0" enqueued="0" dynamicThreshold="12" maxThreshold="32" />
  <references type="weak" candidates="1701" cleared="0" enqueued="0" />
  <references type="phantom" candidates="52" cleared="2" enqueued="2" />
  <stringconstants candidates="6470" cleared="0"  />
  <object-monitors candidates="2" cleared="0"  />
</gc-op>
<gc-op id="5088" type="sweep" timems="5.570" contextid="5064" timestamp="2022-02-08T17:33:17.739" />
<gc-end id="5089" type="global" contextid="5064" durationms="215.975" usertimems="235.763" systemtimems="4.292" stalltimems="211.696" timestamp="2022-02-08T17:33:17.739" activeThreads="4">
  <mem-info id="5090" free="362795408" total="1073741824" percent="33">
    <mem type="nursery" free="99790120" total="268435456" percent="37">
      <mem type="allocate" free="99790120" total="183304192" percent="54" />
      <mem type="survivor" free="0" total="85131264" percent="0" />
    </mem>
    <mem type="tenure" free="263005288" total="805306368" percent="32" micro-fragmented="329297" macro-fragmented="0">
      <mem type="soa" free="254951528" total="797252608" percent="31" />
      <mem type="loa" free="8053760" total="8053760" percent="100" />
    </mem>
    <pending-finalizers system="57" default="0" reference="2" classloader="0" />
    <remembered-set count="103" />
  </mem-info>
</gc-end>
<cycle-end id="5091" type="global" contextid="5064" timestamp="2022-02-08T17:33:17.739" />
<exclusive-end id="5092" timestamp="2022-02-08T17:33:17.739" durationms="216.180" />

<exclusive-start id="5093" timestamp="2022-02-08T17:33:18.323" intervalms="799.950">
  <response-info timems="0.018" idlems="0.018" threads="0" lastid="0000000000016F00" lastname="main" />
</exclusive-start>
<af-start id="5094" threadId="0000000000017908" totalBytesRequested="40" timestamp="2022-02-08T17:33:18.323" intervalms="996.627" type="nursery" />
<cycle-start id="5095" type="scavenge" contextid="0" timestamp="2022-02-08T17:33:18.323" intervalms="996.631" />
<gc-start id="5096" type="scavenge" contextid="5095" timestamp="2022-02-08T17:33:18.323">
  <mem-info id="5097" free="263005288" total="1073741824" percent="24">
    <mem type="nursery" free="0" total="268435456" percent="0">
      <mem type="allocate" free="0" total="183304192" percent="0" />
      <mem type="survivor" free="0" total="85131264" percent="0" />
    </mem>
    <mem type="tenure" free="263005288" total="805306368" percent="32">
      <mem type="soa" free="254951528" total="797252608" percent="31" />
      <mem type="loa" free="8053760" total="8053760" percent="100" />
    </mem>
    <remembered-set count="106" />
  </mem-info>
</gc-start>
<allocation-stats totalBytes="99742152" >
  <allocated-bytes non-tlh="0" tlh="99742152" />
  <largest-consumer threadName="main" threadId="0000000000016F00" bytes="99738056" />
</allocation-stats>
<gc-op id="5098" type="scavenge" timems="77.730" contextid="5095" timestamp="2022-02-08T17:33:18.401">
  <scavenger-info tenureage="1" tenuremask="7ffe" tiltratio="68" />
  <memory-copied type="nursery" objects="1346504" bytes="76370080" bytesdiscarded="121240" />
  <memory-copied type="tenure" objects="1376022" bytes="75775104" bytesdiscarded="41776" />
  <ownableSynchronizers candidates="2" cleared="2" />
  <object-monitors candidates="2" cleared="0"  />
</gc-op>
<gc-end id="5099" type="scavenge" contextid="5095" durationms="77.904" usertimems="299.231" systemtimems="0.087" stalltimems="2.233" timestamp="2022-02-08T17:33:18.401" activeThreads="4">
  <mem-info id="5100" free="294193472" total="1073741824" percent="27">
    <mem type="nursery" free="107206088" total="268435456" percent="39">
      <mem type="allocate" free="107206088" total="183697408" percent="58" />
      <mem type="survivor" free="0" total="84738048" percent="0" />
    </mem>
    <mem type="tenure" free="186987384" total="805306368" percent="23" macro-fragmented="0">
      <mem type="soa" free="178933624" total="797252608" percent="22" />
      <mem type="loa" free="8053760" total="8053760" percent="100" />
    </mem>
    <remembered-set count="104" />
  </mem-info>
</gc-end>
<cycle-end id="5101" type="scavenge" contextid="5095" timestamp="2022-02-08T17:33:18.401" />
<allocation-satisfied id="5102" threadId="0000000000016F00" bytesRequested="40" />
<af-end id="5103" timestamp="2022-02-08T17:33:18.401" threadId="0000000000017908" success="true" from="nursery"/>
<exclusive-end id="5104" timestamp="2022-02-08T17:33:18.401" durationms="78.262" />

<exclusive-start id="5105" timestamp="2022-02-08T17:33:19.253" intervalms="929.555">
  <response-info timems="0.019" idlems="0.019" threads="0" lastid="0000000000016F00" lastname="main" />
</exclusive-start>
<af-start id="5106" threadId="0000000000017908" totalBytesRequested="24" timestamp="2022-02-08T17:33:19.253" intervalms="929.519" type="nursery" />
<cycle-start id="5107" type="scavenge" contextid="0" timestamp="2022-02-08T17:33:19.253" intervalms="929.516" />
<gc-start id="5108" type="scavenge" contextid="5107" timestamp="2022-02-08T17:33:19.253">
  <mem-info id="5109" free="186987384" total="1073741824" percent="17">
    <mem type="nursery" free="0" total="268435456" percent="0">
      <mem type="allocate" free="0" total="183697408" percent="0" />
      <mem type="survivor" free="0" total="84738048" percent="0" />
    </mem>
    <mem type="tenure" free="186987384" total="805306368" percent="23">
      <mem type="soa" free="178933624" total="797252608" percent="22" />
      <mem type="loa" free="8053760" total="8053760" percent="100" />
    </mem>
    <remembered-set count="134" />
  </mem-info>
</gc-start>
<allocation-stats totalBytes="107158040" >
  <allocated-bytes non-tlh="1590608" tlh="105567432" />
  <largest-consumer threadName="main" threadId="0000000000016F00" bytes="107158040" />
</allocation-stats>
<gc-op id="5110" type="scavenge" timems="81.502" contextid="5107" timestamp="2022-02-08T17:33:19.334">
  <scavenger-info tenureage="1" tenuremask="7ffe" tiltratio="68" />
  <memory-copied type="nursery" objects="1447331" bytes="75398488" bytesdiscarded="202032" />
  <memory-copied type="tenure" objects="1346504" bytes="76370080" bytesdiscarded="42680" />
  <finalization candidates="109" enqueued="53" />
  <references type="soft" candidates="14" cleared="0" enqueued="0" dynamicThreshold="10" maxThreshold="32" />
  <references type="weak" candidates="1" cleared="0" enqueued="0" />
  <references type="phantom" candidates="94" cleared="7" enqueued="7" />
  <object-monitors candidates="2" cleared="0"  />
</gc-op>
<gc-end id="5111" type="scavenge" contextid="5107" durationms="81.698" usertimems="322.337" systemtimems="0.000" stalltimems="3.137" timestamp="2022-02-08T17:33:19.334" activeThreads="4">
  <mem-info id="5112" free="219094576" total="1073741824" percent="20">
    <mem type="nursery" free="108555512" total="268435456" percent="40">
      <mem type="allocate" free="108555512" total="184156160" percent="58" />
      <mem type="survivor" free="0" total="84279296" percent="0" />
    </mem>
    <mem type="tenure" free="110539064" total="805306368" percent="13" macro-fragmented="0">
      <mem type="soa" free="102485304" total="797252608" percent="12" />
      <mem type="loa" free="8053760" total="8053760" percent="100" />
    </mem>
    <pending-finalizers system="52" default="1" reference="7" classloader="0" />
    <remembered-set count="131" />
  </mem-info>
</gc-end>
<cycle-end id="5113" type="scavenge" contextid="5107" timestamp="2022-02-08T17:33:19.335" />
<allocation-satisfied id="5114" threadId="0000000000016F00" bytesRequested="24" />
<af-end id="5115" timestamp="2022-02-08T17:33:19.335" threadId="0000000000017908" success="true" from="nursery"/>
<exclusive-end id="5116" timestamp="2022-02-08T17:33:19.335" durationms="81.945" />

<concurrent-kickoff id="5117" timestamp="2022-02-08T17:33:20.005">
  <kickoff reason="threshold reached" targetBytes="74441076" thresholdFreeBytes="5731585"  remainingFree="5729528" tenureFreeBytes="110539064" nurseryFreeBytes="5729528" />
</concurrent-kickoff>
<exclusive-start id="5118" timestamp="2022-02-08T17:33:20.008" intervalms="755.506">
  <response-info timems="0.018" idlems="0.018" threads="0" lastid="0000000000016F00" lastname="main" />
</exclusive-start>
<cycle-start id="5119" type="global" contextid="0" timestamp="2022-02-08T17:33:20.008" intervalms="2811.190" />
<concurrent-start id="5120" type="global mark" contextid="5119" timestamp="2022-02-08T17:33:20.008">
</concurrent-start>
<exclusive-end id="5121" timestamp="2022-02-08T17:33:20.008" durationms="0.027" />

<exclusive-start id="5122" timestamp="2022-02-08T17:33:20.122" intervalms="114.327">
  <response-info timems="0.037" idlems="0.037" threads="0" lastid="0000000000016F00" lastname="main" />
</exclusive-start>
<af-start id="5123" threadId="0000000000017908" totalBytesRequested="184" timestamp="2022-02-08T17:33:20.123" intervalms="869.844" type="nursery" />
<cycle-start id="5124" type="scavenge" contextid="0" timestamp="2022-02-08T17:33:20.123" intervalms="869.843" />
<gc-start id="5125" type="scavenge" contextid="5124" timestamp="2022-02-08T17:33:20.123">
  <mem-info id="5126" free="110539064" total="1073741824" percent="10">
    <mem type="nursery" free="0" total="268435456" percent="0">
      <mem type="allocate" free="0" total="184156160" percent="0" />
      <mem type="survivor" free="0" total="84279296" percent="0" />
    </mem>
    <mem type="tenure" free="110539064" total="805306368" percent="13">
      <mem type="soa" free="102485304" total="797252608" percent="12" />
      <mem type="loa" free="8053760" total="8053760" percent="100" />
    </mem>
    <remembered-set count="132" />
  </mem-info>
</gc-start>
<allocation-stats totalBytes="108506080" >
  <allocated-bytes non-tlh="1347704" tlh="107158376" />
  <largest-consumer threadName="main" threadId="0000000000016F00" bytes="108497888" />
</allocation-stats>
<gc-op id="5127" type="scavenge" timems="77.741" contextid="5124" timestamp="2022-02-08T17:33:20.200">
  <scavenger-info tenureage="1" tenuremask="7ffe" tiltratio="68" />
  <memory-copied type="nursery" objects="1379489" bytes="77681952" bytesdiscarded="441904" />
  <memory-copied type="tenure" objects="1446612" bytes="74455320" bytesdiscarded="40056" />
  <finalization candidates="57" enqueued="0" />
  <references type="phantom" candidates="1" cleared="0" enqueued="0" />
  <object-monitors candidates="2" cleared="0"  />
</gc-op>
<gc-end id="5128" type="scavenge" contextid="5124" durationms="77.950" usertimems="306.634" systemtimems="0.000" stalltimems="3.884" timestamp="2022-02-08T17:33:20.201" activeThreads="4">
  <mem-info id="5129" free="140489904" total="1073741824" percent="13">
    <mem type="nursery" free="104328368" total="268435456" percent="38">
      <mem type="allocate" free="104328368" total="182452224" percent="57" />
      <mem type="survivor" free="0" total="85983232" percent="0" />
    </mem>
    <mem type="tenure" free="36161536" total="805306368" percent="4" macro-fragmented="0">
      <mem type="soa" free="28107776" total="797252608" percent="3" />
      <mem type="loa" free="8053760" total="8053760" percent="100" />
    </mem>
    <remembered-set count="101" />
  </mem-info>
</gc-end>
<cycle-end id="5130" type="scavenge" contextid="5124" timestamp="2022-02-08T17:33:20.201" />
<allocation-satisfied id="5131" threadId="0000000000016F00" bytesRequested="184" />
<af-end id="5132" timestamp="2022-02-08T17:33:20.201" threadId="0000000000017908" success="true" from="nursery"/>
<exclusive-end id="5133" timestamp="2022-02-08T17:33:20.201" durationms="78.236" />

<concurrent-end id="5134" type="global mark" contextid="5119" timestamp="2022-02-08T17:33:20.333">
<gc-op id="5135" type="trace" timems="324.356" contextid="5119" timestamp="2022-02-08T17:33:20.333">
  <trace bytesTraced="74448736" workStackOverflowCount="0" />
  <card-cleaning reason="card cleaning threshold reached" bytesTraced="480" cardsCleaned="2" />
</gc-op>
</concurrent-end>

<exclusive-start id="5136" timestamp="2022-02-08T17:33:20.333" intervalms="210.096">
  <response-info timems="0.018" idlems="0.018" threads="0" lastid="0000000000016F00" lastname="main" />
</exclusive-start>
<concurrent-global-final id="5137" timestamp="2022-02-08T17:33:20.333" contextid="5119" intervalms="2809.433" >
  <concurrent-trace-info reason="card cleaning threshold reached" tracedByMutators="57613540" tracedByHelpers="16835676" cardsCleaned="2" workStackOverflowCount="0" />
</concurrent-global-final>
<gc-start id="5138" type="global" contextid="5119" timestamp="2022-02-08T17:33:20.333">
  <mem-info id="5139" free="132133880" total="1073741824" percent="12">
    <mem type="nursery" free="95972344" total="268435456" percent="35">
      <mem type="allocate" free="95972344" total="182452224" percent="52" />
      <mem type="survivor" free="0" total="85983232" percent="0" />
    </mem>
    <mem type="tenure" free="36161536" total="805306368" percent="4">
      <mem type="soa" free="28107776" total="797252608" percent="3" />
      <mem type="loa" free="8053760" total="8053760" percent="100" />
    </mem>
    <remembered-set count="101" />
  </mem-info>
</gc-start>
<allocation-stats totalBytes="8352152" >
  <allocated-bytes non-tlh="184" tlh="8351968" />
  <largest-consumer threadName="main" threadId="0000000000016F00" bytes="8352152" />
</allocation-stats>
<gc-op id="5140" type="rs-scan" timems="0.514" contextid="5119" timestamp="2022-02-08T17:33:20.333">
  <scan objectsFound="29" bytesTraced="5420" workStackOverflowCount="0" />
</gc-op>
<gc-op id="5141" type="card-cleaning" timems="148.558" contextid="5119" timestamp="2022-02-08T17:33:20.482">
  <card-cleaning cardsCleaned="8" bytesTraced="71016396" workStackOverflowCount="0" />
</gc-op>
<gc-op id="5142" type="mark" timems="67.296" contextid="5119" timestamp="2022-02-08T17:33:20.549">
  <trace-info objectcount="2124414" scancount="1594838" scanbytes="34090920" />
  <finalization candidates="428" enqueued="57" />
  <ownableSynchronizers candidates="1" cleared="0" />
  <references type="soft" candidates="894" cleared="0" enqueued="0" dynamicThreshold="10" maxThreshold="32" />
  <references type="weak" candidates="1701" cleared="0" enqueued="0" />
  <references type="phantom" candidates="52" cleared="2" enqueued="2" />
  <stringconstants candidates="6470" cleared="0"  />
  <object-monitors candidates="2" cleared="0"  />
</gc-op>
<gc-op id="5143" type="sweep" timems="4.851" contextid="5119" timestamp="2022-02-08T17:33:20.554" />
<gc-end id="5144" type="global" contextid="5119" durationms="221.441" usertimems="235.576" systemtimems="0.582" stalltimems="201.213" timestamp="2022-02-08T17:33:20.554" activeThreads="4">
  <mem-info id="5145" free="375529736" total="1073741824" percent="34">
    <mem type="nursery" free="96504768" total="268435456" percent="35">
      <mem type="allocate" free="96504768" total="182452224" percent="52" />
      <mem type="survivor" free="0" total="85983232" percent="0" />
    </mem>
    <mem type="tenure" free="279024968" total="805306368" percent="34" micro-fragmented="438033" macro-fragmented="0">
      <mem type="soa" free="270971208" total="797252608" percent="33" />
      <mem type="loa" free="8053760" total="8053760" percent="100" />
    </mem>
    <pending-finalizers system="57" default="0" reference="2" classloader="0" />
    <remembered-set count="101" />
  </mem-info>
</gc-end>
<cycle-end id="5146" type="global" contextid="5119" timestamp="2022-02-08T17:33:20.554" />
<exclusive-end id="5147" timestamp="2022-02-08T17:33:20.554" durationms="221.640" />

<exclusive-start id="5148" timestamp="2022-02-08T17:33:21.138" intervalms="805.177">
  <response-info timems="0.018" idlems="0.018" threads="0" lastid="0000000000016F00" lastname="main" />
</exclusive-start>
<af-start id="5149" threadId="0000000000017908" totalBytesRequested="16" timestamp="2022-02-08T17:33:21.138" intervalms="1015.271" type="nursery" />
<cycle-start id="5150" type="scavenge" contextid="0" timestamp="2022-02-08T17:33:21.138" intervalms="1015.275" />
<gc-start id="5151" type="scavenge" contextid="5150" timestamp="2022-02-08T17:33:21.138">
  <mem-info id="5152" free="279024968" total="1073741824" percent="25">
    <mem type="nursery" free="0" total="268435456" percent="0">
      <mem type="allocate" free="0" total="182452224" percent="0" />
      <mem type="survivor" free="0" total="85983232" percent="0" />
    </mem>
    <mem type="tenure" free="279024968" total="805306368" percent="34">
      <mem type="soa" free="270971208" total="797252608" percent="33" />
      <mem type="loa" free="8053760" total="8053760" percent="100" />
    </mem>
    <remembered-set count="104" />
  </mem-info>
</gc-start>
<allocation-stats totalBytes="96460096" >
  <allocated-bytes non-tlh="0" tlh="96460096" />
  <largest-consumer threadName="main" threadId="0000000000016F00" bytes="96456000" />
</allocation-stats>
<gc-op id="5153" type="scavenge" timems="73.622" contextid="5150" timestamp="2022-02-08T17:33:21.211">
  <scavenger-info tenureage="1" tenuremask="7ffe" tiltratio="67" />
  <memory-copied type="nursery" objects="1316233" bytes="74435904" bytesdiscarded="128720" />
  <memory-copied type="tenure" objects="1379488" bytes="77681848" bytesdiscarded="39792" />
  <finalization candidates="1" enqueued="0" />
  <ownableSynchronizers candidates="2" cleared="2" />
  <object-monitors candidates="2" cleared="0"  />
</gc-op>
<gc-end id="5154" type="scavenge" contextid="5150" durationms="73.820" usertimems="290.328" systemtimems="0.000" stalltimems="3.574" timestamp="2022-02-08T17:33:21.212" activeThreads="4">
  <mem-info id="5155" free="309367576" total="1073741824" percent="28">
    <mem type="nursery" free="108280816" total="268435456" percent="40">
      <mem type="allocate" free="108280816" total="182845440" percent="59" />
      <mem type="survivor" free="0" total="85590016" percent="0" />
    </mem>
    <mem type="tenure" free="201086760" total="805306368" percent="24" macro-fragmented="0">
      <mem type="soa" free="193033000" total="797252608" percent="24" />
      <mem type="loa" free="8053760" total="8053760" percent="100" />
    </mem>
    <remembered-set count="105" />
  </mem-info>
</gc-end>
<cycle-end id="5156" type="scavenge" contextid="5150" timestamp="2022-02-08T17:33:21.212" />
<allocation-satisfied id="5157" threadId="0000000000016F00" bytesRequested="16" />
<af-end id="5158" timestamp="2022-02-08T17:33:21.212" threadId="0000000000017908" success="true" from="nursery"/>
<exclusive-end id="5159" timestamp="2022-02-08T17:33:21.212" durationms="74.081" />

<exclusive-start id="5160" timestamp="2022-02-08T17:33:22.058" intervalms="920.222">
  <response-info timems="0.018" idlems="0.018" threads="0" lastid="0000000000016F00" lastname="main" />
</exclusive-start>
<af-start id="5161" threadId="0000000000017908" totalBytesRequested="104" timestamp="2022-02-08T17:33:22.058" intervalms="920.233" type="nursery" />
<cycle-start id="5162" type="scavenge" contextid="0" timestamp="2022-02-08T17:33:22.058" intervalms="920.237" />
<gc-start id="5163" type="scavenge" contextid="5162" timestamp="2022-02-08T17:33:22.058">
  <mem-info id="5164" free="201086760" total="1073741824" percent="18">
    <mem type="nursery" free="0" total="268435456" percent="0">
      <mem type="allocate" free="0" total="182845440" percent="0" />
      <mem type="survivor" free="0" total="85590016" percent="0" />
    </mem>
    <mem type="tenure" free="201086760" total="805306368" percent="24">
      <mem type="soa" free="193033000" total="797252608" percent="24" />
      <mem type="loa" free="8053760" total="8053760" percent="100" />
    </mem>
    <remembered-set count="136" />
  </mem-info>
</gc-start>
<allocation-stats totalBytes="108235968" >
  <allocated-bytes non-tlh="1590584" tlh="106645384" />
  <largest-consumer threadName="main" threadId="0000000000016F00" bytes="108235968" />
</allocation-stats>
<gc-op id="5165" type="scavenge" timems="83.447" contextid="5162" timestamp="2022-02-08T17:33:22.142">
  <scavenger-info tenureage="1" tenuremask="7ffe" tiltratio="68" />
  <memory-copied type="nursery" objects="1488204" bytes="76218888" bytesdiscarded="168096" />
  <memory-copied type="tenure" objects="1316233" bytes="74435904" bytesdiscarded="42648" />
  <finalization candidates="109" enqueued="53" />
  <references type="soft" candidates="14" cleared="0" enqueued="0" dynamicThreshold="11" maxThreshold="32" />
  <references type="weak" candidates="1" cleared="0" enqueued="0" />
  <references type="phantom" candidates="94" cleared="7" enqueued="7" />
  <object-monitors candidates="2" cleared="0"  />
</gc-op>
<gc-end id="5166" type="scavenge" contextid="5162" durationms="83.629" usertimems="324.423" systemtimems="0.243" stalltimems="1.853" timestamp="2022-02-08T17:33:22.142" activeThreads="4">
  <mem-info id="5167" free="233449592" total="1073741824" percent="21">
    <mem type="nursery" free="106720472" total="268435456" percent="39">
      <mem type="allocate" free="106720472" total="183107584" percent="58" />
      <mem type="survivor" free="0" total="85327872" percent="0" />
    </mem>
    <mem type="tenure" free="126729120" total="805306368" percent="15" macro-fragmented="0">
      <mem type="soa" free="118675360" total="797252608" percent="14" />
      <mem type="loa" free="8053760" total="8053760" percent="100" />
    </mem>
    <pending-finalizers system="52" default="1" reference="7" classloader="0" />
    <remembered-set count="131" />
  </mem-info>
</gc-end>
<cycle-end id="5168" type="scavenge" contextid="5162" timestamp="2022-02-08T17:33:22.142" />
<allocation-satisfied id="5169" threadId="0000000000016F00" bytesRequested="104" />
<af-end id="5170" timestamp="2022-02-08T17:33:22.142" threadId="0000000000017908" success="true" from="nursery"/>
<exclusive-end id="5171" timestamp="2022-02-08T17:33:22.142" durationms="83.951" />

<concurrent-kickoff id="5172" timestamp="2022-02-08T17:33:22.801">
  <kickoff reason="threshold reached" targetBytes="74442702" thresholdFreeBytes="5732202"  remainingFree="5651472" tenureFreeBytes="126729120" nurseryFreeBytes="5651472" />
</concurrent-kickoff>
<exclusive-start id="5173" timestamp="2022-02-08T17:33:22.804" intervalms="746.144">
  <response-info timems="0.018" idlems="0.018" threads="0" lastid="0000000000016F00" lastname="main" />
</exclusive-start>
<cycle-start id="5174" type="global" contextid="0" timestamp="2022-02-08T17:33:22.804" intervalms="2795.967" />
<concurrent-start id="5175" type="global mark" contextid="5174" timestamp="2022-02-08T17:33:22.804">
</concurrent-start>
<exclusive-end id="5176" timestamp="2022-02-08T17:33:22.804" durationms="0.028" />

<exclusive-start id="5177" timestamp="2022-02-08T17:33:22.916" intervalms="111.640">
  <response-info timems="0.017" idlems="0.017" threads="0" lastid="0000000000016F00" lastname="main" />
</exclusive-start>
<af-start id="5178" threadId="0000000000017908" totalBytesRequested="24" timestamp="2022-02-08T17:33:22.916" intervalms="857.774" type="nursery" />
<cycle-start id="5179" type="scavenge" contextid="0" timestamp="2022-02-08T17:33:22.916" intervalms="857.768" />
<gc-start id="5180" type="scavenge" contextid="5179" timestamp="2022-02-08T17:33:22.916">
  <mem-info id="5181" free="126729120" total="1073741824" percent="11">
    <mem type="nursery" free="0" total="268435456" percent="0">
      <mem type="allocate" free="0" total="183107584" percent="0" />
      <mem type="survivor" free="0" total="85327872" percent="0" />
    </mem>
    <mem type="tenure" free="126729120" total="805306368" percent="15">
      <mem type="soa" free="118675360" total="797252608" percent="14" />
      <mem type="loa" free="8053760" total="8053760" percent="100" />
    </mem>
    <remembered-set count="132" />
  </mem-info>
</gc-start>
<allocation-stats totalBytes="106667056" >
  <allocated-bytes non-tlh="1347784" tlh="105319272" />
  <largest-consumer threadName="main" threadId="0000000000016F00" bytes="106658864" />
</allocation-stats>
<gc-op id="5182" type="scavenge" timems="88.206" contextid="5179" timestamp="2022-02-08T17:33:23.004">
  <scavenger-info tenureage="1" tenuremask="7ffe" tiltratio="68" />
  <memory-copied type="nursery" objects="1333655" bytes="76333408" bytesdiscarded="212224" />
  <memory-copied type="tenure" objects="1487485" bytes="75275720" bytesdiscarded="38872" />
  <finalization candidates="57" enqueued="0" />
  <references type="phantom" candidates="1" cleared="0" enqueued="0" />
  <object-monitors candidates="2" cleared="0"  />
</gc-op>
<gc-end id="5183" type="scavenge" contextid="5179" durationms="88.429" usertimems="348.471" systemtimems="0.219" stalltimems="2.898" timestamp="2022-02-08T17:33:23.004" activeThreads="4">
  <mem-info id="5184" free="158506824" total="1073741824" percent="14">
    <mem type="nursery" free="107151776" total="268435456" percent="39">
      <mem type="allocate" free="107151776" total="183697408" percent="58" />
      <mem type="survivor" free="0" total="84738048" percent="0" />
    </mem>
    <mem type="tenure" free="51355048" total="805306368" percent="6" macro-fragmented="16050736">
      <mem type="soa" free="43301288" total="797252608" percent="5" />
      <mem type="loa" free="8053760" total="8053760" percent="100" />
    </mem>
    <remembered-set count="102" />
  </mem-info>
</gc-end>
<cycle-end id="5185" type="scavenge" contextid="5179" timestamp="2022-02-08T17:33:23.004" />
<allocation-satisfied id="5186" threadId="0000000000016F00" bytesRequested="24" />
<af-end id="5187" timestamp="2022-02-08T17:33:23.004" threadId="0000000000017908" success="true" from="nursery"/>
<exclusive-end id="5188" timestamp="2022-02-08T17:33:23.004" durationms="88.717" />

<concurrent-end id="5189" type="global mark" contextid="5174" timestamp="2022-02-08T17:33:23.134">
<gc-op id="5190" type="trace" timems="330.371" contextid="5174" timestamp="2022-02-08T17:33:23.134">
  <trace bytesTraced="74448944" workStackOverflowCount="0" />
  <card-cleaning reason="card cleaning threshold reached" bytesTraced="480" cardsCleaned="2" />
</gc-op>
</concurrent-end>

<exclusive-start id="5191" timestamp="2022-02-08T17:33:23.135" intervalms="218.801">
  <response-info timems="0.017" idlems="0.017" threads="0" lastid="0000000000016F00" lastname="main" />
</exclusive-start>
<concurrent-global-final id="5192" timestamp="2022-02-08T17:33:23.135" contextid="5174" intervalms="2801.984" >
  <concurrent-trace-info reason="card cleaning threshold reached" tracedByMutators="58009656" tracedByHelpers="16439768" cardsCleaned="2" workStackOverflowCount="0" />
</concurrent-global-final>
<gc-start id="5193" type="global" contextid="5174" timestamp="2022-02-08T17:33:23.135">
  <mem-info id="5194" free="149888816" total="1073741824" percent="13">
    <mem type="nursery" free="98533768" total="268435456" percent="36">
      <mem type="allocate" free="98533768" total="183697408" percent="53" />
      <mem type="survivor" free="0" total="84738048" percent="0" />
    </mem>
    <mem type="tenure" free="51355048" total="805306368" percent="6">
      <mem type="soa" free="43301288" total="797252608" percent="5" />
      <mem type="loa" free="8053760" total="8053760" percent="100" />
    </mem>
    <remembered-set count="102" />
  </mem-info>
</gc-start>
<allocation-stats totalBytes="8614136" >
  <allocated-bytes non-tlh="24" tlh="8614112" />
  <largest-consumer threadName="main" threadId="0000000000016F00" bytes="8614136" />
</allocation-stats>
<gc-op id="5195" type="rs-scan" timems="0.595" contextid="5174" timestamp="2022-02-08T17:33:23.135">
  <scan objectsFound="29" bytesTraced="5420" workStackOverflowCount="0" />
</gc-op>
<gc-op id="5196" type="card-cleaning" timems="149.060" contextid="5174" timestamp="2022-02-08T17:33:23.284">
  <card-cleaning cardsCleaned="9" bytesTraced="71016508" workStackOverflowCount="0" />
</gc-op>
<gc-op id="5197" type="mark" timems="57.181" contextid="5174" timestamp="2022-02-08T17:33:23.342">
  <trace-info objectcount="1834302" scancount="1377254" scanbytes="29449128" />
  <finalization candidates="428" enqueued="57" />
  <ownableSynchronizers candidates="1" cleared="0" />
  <references type="soft" candidates="894" cleared="0" enqueued="0" dynamicThreshold="11" maxThreshold="32" />
  <references type="weak" candidates="1701" cleared="0" enqueued="0" />
  <references type="phantom" candidates="52" cleared="2" enqueued="2" />
  <stringconstants candidates="6470" cleared="0"  />
  <object-monitors candidates="2" cleared="0"  />
</gc-op>
<gc-op id="5198" type="sweep" timems="5.000" contextid="5174" timestamp="2022-02-08T17:33:23.347" />
<gc-end id="5199" type="global" contextid="5174" durationms="212.039" usertimems="226.409" systemtimems="0.677" stalltimems="171.481" timestamp="2022-02-08T17:33:23.347" activeThreads="4">
  <mem-info id="5200" free="393079912" total="1073741824" percent="36">
    <mem type="nursery" free="98837656" total="268435456" percent="36">
      <mem type="allocate" free="98837656" total="183697408" percent="53" />
      <mem type="survivor" free="0" total="84738048" percent="0" />
    </mem>
    <mem type="tenure" free="294242256" total="805306368" percent="36" micro-fragmented="335163" macro-fragmented="602881">
      <mem type="soa" free="286188496" total="797252608" percent="35" />
      <mem type="loa" free="8053760" total="8053760" percent="100" />
    </mem>
    <pending-finalizers system="57" default="0" reference="2" classloader="0" />
    <remembered-set count="102" />
  </mem-info>
</gc-end>
<cycle-end id="5201" type="global" contextid="5174" timestamp="2022-02-08T17:33:23.347" />
<exclusive-end id="5202" timestamp="2022-02-08T17:33:23.347" durationms="212.275" />

<exclusive-start id="5203" timestamp="2022-02-08T17:33:24.004" intervalms="869.042">
  <response-info timems="0.018" idlems="0.018" threads="0" lastid="0000000000016F00" lastname="main" />
</exclusive-start>
<af-start id="5204" threadId="0000000000017908" totalBytesRequested="184" timestamp="2022-02-08T17:33:24.004" intervalms="1087.834" type="nursery" />
<cycle-start id="5205" type="scavenge" contextid="0" timestamp="2022-02-08T17:33:24.004" intervalms="1087.834" />
<gc-start id="5206" type="scavenge" contextid="5205" timestamp="2022-02-08T17:33:24.004">
  <mem-info id="5207" free="294242256" total="1073741824" percent="27">
    <mem type="nursery" free="0" total="268435456" percent="0">
      <mem type="allocate" free="0" total="183697408" percent="0" />
      <mem type="survivor" free="0" total="84738048" percent="0" />
    </mem>
    <mem type="tenure" free="294242256" total="805306368" percent="36">
      <mem type="soa" free="286188496" total="797252608" percent="35" />
      <mem type="loa" free="8053760" total="8053760" percent="100" />
    </mem>
    <remembered-set count="105" />
  </mem-info>
</gc-start>
<allocation-stats totalBytes="98791952" >
  <allocated-bytes non-tlh="0" tlh="98791952" />
  <largest-consumer threadName="main" threadId="0000000000016F00" bytes="98787856" />
</allocation-stats>
<gc-op id="5208" type="scavenge" timems="90.173" contextid="5205" timestamp="2022-02-08T17:33:24.094">
  <scavenger-info tenureage="1" tenuremask="7ffe" tiltratio="68" />
  <memory-copied type="nursery" objects="1358261" bytes="76306648" bytesdiscarded="167872" />
  <memory-copied type="tenure" objects="1333655" bytes="76333408" bytesdiscarded="44928" />
  <finalization candidates="1" enqueued="0" />
  <ownableSynchronizers candidates="2" cleared="2" />
  <object-monitors candidates="2" cleared="0"  />
</gc-op>
<gc-end id="5209" type="scavenge" contextid="5205" durationms="90.373" usertimems="345.645" systemtimems="4.080" stalltimems="10.056" timestamp="2022-02-08T17:33:24.094" activeThreads="4">
  <mem-info id="5210" free="325469744" total="1073741824" percent="30">
    <mem type="nursery" free="107681640" total="268435456" percent="40">
      <mem type="allocate" free="107681640" total="184156160" percent="58" />
      <mem type="survivor" free="0" total="84279296" percent="0" />
    </mem>
    <mem type="tenure" free="217788104" total="805306368" percent="27" macro-fragmented="0">
      <mem type="soa" free="209734344" total="797252608" percent="26" />
      <mem type="loa" free="8053760" total="8053760" percent="100" />
    </mem>
    <remembered-set count="104" />
  </mem-info>
</gc-end>
<cycle-end id="5211" type="scavenge" contextid="5205" timestamp="2022-02-08T17:33:24.094" />
<allocation-satisfied id="5212" threadId="0000000000016F00" bytesRequested="184" />
<af-end id="5213" timestamp="2022-02-08T17:33:24.094" threadId="0000000000017908" success="true" from="nursery"/>
<exclusive-end id="5214" timestamp="2022-02-08T17:33:24.094" durationms="90.693" />

<exclusive-start id="5215" timestamp="2022-02-08T17:33:24.933" intervalms="929.027">
  <response-info timems="0.016" idlems="0.016" threads="0" lastid="0000000000016F00" lastname="main" />
</exclusive-start>
<af-start id="5216" threadId="0000000000017908" totalBytesRequested="24" timestamp="2022-02-08T17:33:24.933" intervalms="929.024" type="nursery" />
<cycle-start id="5217" type="scavenge" contextid="0" timestamp="2022-02-08T17:33:24.933" intervalms="929.022" />
<gc-start id="5218" type="scavenge" contextid="5217" timestamp="2022-02-08T17:33:24.933">
  <mem-info id="5219" free="217788104" total="1073741824" percent="20">
    <mem type="nursery" free="0" total="268435456" percent="0">
      <mem type="allocate" free="0" total="184156160" percent="0" />
      <mem type="survivor" free="0" total="84279296" percent="0" />
    </mem>
    <mem type="tenure" free="217788104" total="805306368" percent="27">
      <mem type="soa" free="209734344" total="797252608" percent="26" />
      <mem type="loa" free="8053760" total="8053760" percent="100" />
    </mem>
    <remembered-set count="135" />
  </mem-info>
</gc-start>
<allocation-stats totalBytes="107637168" >
  <allocated-bytes non-tlh="849112" tlh="106788056" />
  <largest-consumer threadName="main" threadId="0000000000016F00" bytes="107637168" />
</allocation-stats>
<gc-op id="5220" type="scavenge" timems="83.606" contextid="5217" timestamp="2022-02-08T17:33:25.016">
  <scavenger-info tenureage="1" tenuremask="7ffe" tiltratio="68" />
  <memory-copied type="nursery" objects="1477669" bytes="75800736" bytesdiscarded="183200" />
  <memory-copied type="tenure" objects="1358260" bytes="76306544" bytesdiscarded="44472" />
  <finalization candidates="107" enqueued="53" />
  <references type="soft" candidates="14" cleared="0" enqueued="0" dynamicThreshold="11" maxThreshold="32" />
  <references type="weak" candidates="1" cleared="0" enqueued="0" />
  <references type="phantom" candidates="92" cleared="7" enqueued="7" />
  <object-monitors candidates="2" cleared="0"  />
</gc-op>
<gc-end id="5221" type="scavenge" contextid="5217" durationms="83.879" usertimems="312.628" systemtimems="3.702" stalltimems="5.340" timestamp="2022-02-08T17:33:25.017" activeThreads="4">
  <mem-info id="5222" free="249892160" total="1073741824" percent="23">
    <mem type="nursery" free="108499776" total="268435456" percent="40">
      <mem type="allocate" free="108499776" total="184483840" percent="58" />
      <mem type="survivor" free="0" total="83951616" percent="0" />
    </mem>
    <mem type="tenure" free="141392384" total="805306368" percent="17" macro-fragmented="0">
      <mem type="soa" free="133338624" total="797252608" percent="16" />
      <mem type="loa" free="8053760" total="8053760" percent="100" />
    </mem>
    <pending-finalizers system="52" default="1" reference="7" classloader="0" />
    <remembered-set count="132" />
  </mem-info>
</gc-end>
<cycle-end id="5223" type="scavenge" contextid="5217" timestamp="2022-02-08T17:33:25.017" />
<allocation-satisfied id="5224" threadId="0000000000016F00" bytesRequested="24" />
<af-end id="5225" timestamp="2022-02-08T17:33:25.017" threadId="0000000000017908" success="true" from="nursery"/>
<exclusive-end id="5226" timestamp="2022-02-08T17:33:25.017" durationms="84.123" />

<concurrent-kickoff id="5227" timestamp="2022-02-08T17:33:25.679">
  <kickoff reason="threshold reached" targetBytes="74444048" thresholdFreeBytes="5735883"  remainingFree="5673792" tenureFreeBytes="141392384" nurseryFreeBytes="5673792" />
</concurrent-kickoff>
<exclusive-start id="5228" timestamp="2022-02-08T17:33:25.687" intervalms="754.649">
  <response-info timems="0.019" idlems="0.019" threads="0" lastid="0000000000016F00" lastname="main" />
</exclusive-start>
<cycle-start id="5229" type="global" contextid="0" timestamp="2022-02-08T17:33:25.687" intervalms="2883.160" />
<concurrent-start id="5230" type="global mark" contextid="5229" timestamp="2022-02-08T17:33:25.687">
</concurrent-start>
<exclusive-end id="5231" timestamp="2022-02-08T17:33:25.687" durationms="0.030" />

<exclusive-start id="5232" timestamp="2022-02-08T17:33:25.777" intervalms="90.151">
  <response-info timems="0.033" idlems="0.033" threads="0" lastid="0000000000016F00" lastname="main" />
</exclusive-start>
<af-start id="5233" threadId="0000000000017908" totalBytesRequested="208" timestamp="2022-02-08T17:33:25.777" intervalms="844.811" type="nursery" />
<cycle-start id="5234" type="scavenge" contextid="0" timestamp="2022-02-08T17:33:25.777" intervalms="844.813" />
<gc-start id="5235" type="scavenge" contextid="5234" timestamp="2022-02-08T17:33:25.778">
  <mem-info id="5236" free="141392384" total="1073741824" percent="13">
    <mem type="nursery" free="0" total="268435456" percent="0">
      <mem type="allocate" free="0" total="184483840" percent="0" />
      <mem type="survivor" free="0" total="83951616" percent="0" />
    </mem>
    <mem type="tenure" free="141392384" total="805306368" percent="17">
      <mem type="soa" free="133338624" total="797252608" percent="16" />
      <mem type="loa" free="8053760" total="8053760" percent="100" />
    </mem>
    <remembered-set count="133" />
  </mem-info>
</gc-start>
<allocation-stats totalBytes="108450032" >
  <allocated-bytes non-tlh="1992544" tlh="106457488" />
  <largest-consumer threadName="main" threadId="0000000000016F00" bytes="108441840" />
</allocation-stats>
<gc-op id="5237" type="scavenge" timems="76.417" contextid="5234" timestamp="2022-02-08T17:33:25.854">
  <scavenger-info tenureage="1" tenuremask="7ffe" tiltratio="68" />
  <memory-copied type="nursery" objects="1359209" bytes="77192400" bytesdiscarded="234184" />
  <memory-copied type="tenure" objects="1476949" bytes="75259896" bytesdiscarded="42304" />
  <finalization candidates="57" enqueued="0" />
  <references type="phantom" candidates="3" cleared="0" enqueued="0" />
  <object-monitors candidates="2" cleared="0"  />
</gc-op>
<gc-end id="5238" type="scavenge" contextid="5234" durationms="76.612" usertimems="296.238" systemtimems="4.895" stalltimems="3.322" timestamp="2022-02-08T17:33:25.854" activeThreads="4">
  <mem-info id="5239" free="172370152" total="1073741824" percent="16">
    <mem type="nursery" free="106270824" total="268435456" percent="39">
      <mem type="allocate" free="106270824" total="183697408" percent="57" />
      <mem type="survivor" free="0" total="84738048" percent="0" />
    </mem>
    <mem type="tenure" free="66099328" total="805306368" percent="8" macro-fragmented="39939376">
      <mem type="soa" free="58045568" total="797252608" percent="7" />
      <mem type="loa" free="8053760" total="8053760" percent="100" />
    </mem>
    <remembered-set count="102" />
  </mem-info>
</gc-end>
<cycle-end id="5240" type="scavenge" contextid="5234" timestamp="2022-02-08T17:33:25.854" />
<allocation-satisfied id="5241" threadId="0000000000016F00" bytesRequested="208" />
<af-end id="5242" timestamp="2022-02-08T17:33:25.854" threadId="0000000000017908" success="true" from="nursery"/>
<exclusive-end id="5243" timestamp="2022-02-08T17:33:25.854" durationms="76.904" />

<concurrent-end id="5244" type="global mark" contextid="5229" timestamp="2022-02-08T17:33:26.058">
<gc-op id="5245" type="trace" timems="370.379" contextid="5229" timestamp="2022-02-08T17:33:26.058">
  <trace bytesTraced="74449152" workStackOverflowCount="0" />
  <card-cleaning reason="card cleaning threshold reached" bytesTraced="480" cardsCleaned="2" />
</gc-op>
</concurrent-end>

<exclusive-start id="5246" timestamp="2022-02-08T17:33:26.058" intervalms="280.324">
  <response-info timems="0.019" idlems="0.019" threads="0" lastid="0000000000016F00" lastname="main" />
</exclusive-start>
<concurrent-global-final id="5247" timestamp="2022-02-08T17:33:26.058" contextid="5229" intervalms="2923.195" >
  <concurrent-trace-info reason="card cleaning threshold reached" tracedByMutators="50920664" tracedByHelpers="23528968" cardsCleaned="2" workStackOverflowCount="0" />
</concurrent-global-final>
<gc-start id="5248" type="global" contextid="5229" timestamp="2022-02-08T17:33:26.058">
  <mem-info id="5249" free="157722648" total="1073741824" percent="14">
    <mem type="nursery" free="91623320" total="268435456" percent="34">
      <mem type="allocate" free="91623320" total="183697408" percent="49" />
      <mem type="survivor" free="0" total="84738048" percent="0" />
    </mem>
    <mem type="tenure" free="66099328" total="805306368" percent="8">
      <mem type="soa" free="58045568" total="797252608" percent="7" />
      <mem type="loa" free="8053760" total="8053760" percent="100" />
    </mem>
    <remembered-set count="102" />
  </mem-info>
</gc-start>
<allocation-stats totalBytes="14640488" >
  <allocated-bytes non-tlh="208" tlh="14640280" />
  <largest-consumer threadName="main" threadId="0000000000016F00" bytes="14640488" />
</allocation-stats>
<gc-op id="5250" type="rs-scan" timems="0.512" contextid="5229" timestamp="2022-02-08T17:33:26.058">
  <scan objectsFound="29" bytesTraced="5420" workStackOverflowCount="0" />
</gc-op>
<gc-op id="5251" type="card-cleaning" timems="148.184" contextid="5229" timestamp="2022-02-08T17:33:26.207">
  <card-cleaning cardsCleaned="9" bytesTraced="71016508" workStackOverflowCount="0" />
</gc-op>
<gc-op id="5252" type="mark" timems="73.820" contextid="5229" timestamp="2022-02-08T17:33:26.280">
  <trace-info objectcount="1667547" scancount="1252188" scanbytes="26781032" />
  <finalization candidates="428" enqueued="57" />
  <ownableSynchronizers candidates="1" cleared="0" />
  <references type="soft" candidates="894" cleared="0" enqueued="0" dynamicThreshold="11" maxThreshold="32" />
  <references type="weak" candidates="1701" cleared="0" enqueued="0" />
  <references type="phantom" candidates="52" cleared="2" enqueued="2" />
  <stringconstants candidates="6470" cleared="0"  />
  <object-monitors candidates="2" cleared="0"  />
</gc-op>
<gc-op id="5253" type="sweep" timems="4.805" contextid="5229" timestamp="2022-02-08T17:33:26.285" />
<gc-end id="5254" type="global" contextid="5229" durationms="227.535" usertimems="314.725" systemtimems="0.602" stalltimems="148.085" timestamp="2022-02-08T17:33:26.285" activeThreads="4">
  <mem-info id="5255" free="400899728" total="1073741824" percent="37">
    <mem type="nursery" free="91949896" total="268435456" percent="34">
      <mem type="allocate" free="91949896" total="183697408" percent="50" />
      <mem type="survivor" free="0" total="84738048" percent="0" />
    </mem>
    <mem type="tenure" free="308949832" total="805306368" percent="38" micro-fragmented="371551" macro-fragmented="0">
      <mem type="soa" free="300896072" total="797252608" percent="37" />
      <mem type="loa" free="8053760" total="8053760" percent="100" />
    </mem>
    <pending-finalizers system="57" default="0" reference="2" classloader="0" />
    <remembered-set count="102" />
  </mem-info>
</gc-end>
<cycle-end id="5256" type="global" contextid="5229" timestamp="2022-02-08T17:33:26.285" />
<exclusive-end id="5257" timestamp="2022-02-08T17:33:26.286" durationms="227.778" />

<exclusive-start id="5258" timestamp="2022-02-08T17:33:26.874" intervalms="816.119">
  <response-info timems="0.017" idlems="0.017" threads="0" lastid="0000000000016F00" lastname="main" />
</exclusive-start>
<af-start id="5259" threadId="0000000000017908" totalBytesRequested="200" timestamp="2022-02-08T17:33:26.874" intervalms="1096.434" type="nursery" />
<cycle-start id="5260" type="scavenge" contextid="0" timestamp="2022-02-08T17:33:26.874" intervalms="1096.433" />
<gc-start id="5261" type="scavenge" contextid="5260" timestamp="2022-02-08T17:33:26.874">
  <mem-info id="5262" free="308949832" total="1073741824" percent="28">
    <mem type="nursery" free="0" total="268435456" percent="0">
      <mem type="allocate" free="0" total="183697408" percent="0" />
      <mem type="survivor" free="0" total="84738048" percent="0" />
    </mem>
    <mem type="tenure" free="308949832" total="805306368" percent="38">
      <mem type="soa" free="300896072" total="797252608" percent="37" />
      <mem type="loa" free="8053760" total="8053760" percent="100" />
    </mem>
    <remembered-set count="105" />
  </mem-info>
</gc-start>
<allocation-stats totalBytes="91907368" >
  <allocated-bytes non-tlh="0" tlh="91907368" />
  <largest-consumer threadName="main" threadId="0000000000016F00" bytes="91903272" />
</allocation-stats>
<gc-op id="5263" type="scavenge" timems="73.316" contextid="5260" timestamp="2022-02-08T17:33:26.947">
  <scavenger-info tenureage="1" tenuremask="7ffe" tiltratio="68" />
  <memory-copied type="nursery" objects="1343431" bytes="75695496" bytesdiscarded="192408" />
  <memory-copied type="tenure" objects="1359208" bytes="77192288" bytesdiscarded="42552" />
  <finalization candidates="3" enqueued="0" />
  <ownableSynchronizers candidates="2" cleared="2" />
  <object-monitors candidates="2" cleared="0"  />
</gc-op>
<gc-end id="5264" type="scavenge" contextid="5260" durationms="73.506" usertimems="289.555" systemtimems="0.457" stalltimems="2.252" timestamp="2022-02-08T17:33:26.947" activeThreads="4">
  <mem-info id="5265" free="339616488" total="1073741824" percent="31">
    <mem type="nursery" free="108071648" total="268435456" percent="40">
      <mem type="allocate" free="108071648" total="183959552" percent="58" />
      <mem type="survivor" free="0" total="84475904" percent="0" />
    </mem>
    <mem type="tenure" free="231544840" total="805306368" percent="28" macro-fragmented="0">
      <mem type="soa" free="223491080" total="797252608" percent="28" />
      <mem type="loa" free="8053760" total="8053760" percent="100" />
    </mem>
    <remembered-set count="105" />
  </mem-info>
</gc-end>
<cycle-end id="5266" type="scavenge" contextid="5260" timestamp="2022-02-08T17:33:26.948" />
<allocation-satisfied id="5267" threadId="0000000000016F00" bytesRequested="200" />
<af-end id="5268" timestamp="2022-02-08T17:33:26.948" threadId="0000000000017908" success="true" from="nursery"/>
<exclusive-end id="5269" timestamp="2022-02-08T17:33:26.948" durationms="73.759" />

<exclusive-start id="5270" timestamp="2022-02-08T17:33:27.622" intervalms="748.014">
  <response-info timems="0.017" idlems="0.017" threads="0" lastid="0000000000016F00" lastname="main" />
</exclusive-start>
<af-start id="5271" threadId="0000000000017908" totalBytesRequested="16" timestamp="2022-02-08T17:33:27.622" intervalms="748.011" type="nursery" />
<cycle-start id="5272" type="scavenge" contextid="0" timestamp="2022-02-08T17:33:27.622" intervalms="748.012" />
<gc-start id="5273" type="scavenge" contextid="5272" timestamp="2022-02-08T17:33:27.622">
  <mem-info id="5274" free="231544840" total="1073741824" percent="21">
    <mem type="nursery" free="0" total="268435456" percent="0">
      <mem type="allocate" free="0" total="183959552" percent="0" />
      <mem type="survivor" free="0" total="84475904" percent="0" />
    </mem>
    <mem type="tenure" free="231544840" total="805306368" percent="28">
      <mem type="soa" free="223491080" total="797252608" percent="28" />
      <mem type="loa" free="8053760" total="8053760" percent="100" />
    </mem>
    <remembered-set count="119" />
  </mem-info>
</gc-start>
<allocation-stats totalBytes="108021712" >
  <allocated-bytes non-tlh="453904" tlh="107567808" />
  <largest-consumer threadName="main" threadId="0000000000016F00" bytes="108021712" />
</allocation-stats>
<gc-op id="5275" type="scavenge" timems="73.204" contextid="5272" timestamp="2022-02-08T17:33:27.695">
  <scavenger-info tenureage="1" tenuremask="7ffe" tiltratio="68" />
  <memory-copied type="nursery" objects="1361318" bytes="76922824" bytesdiscarded="210976" />
  <memory-copied type="tenure" objects="1343430" bytes="75695384" bytesdiscarded="44416" />
  <finalization candidates="30" enqueued="18" />
  <references type="phantom" candidates="30" cleared="0" enqueued="0" />
  <object-monitors candidates="2" cleared="0"  />
</gc-op>
<gc-end id="5276" type="scavenge" contextid="5272" durationms="73.433" usertimems="290.194" systemtimems="0.000" stalltimems="2.174" timestamp="2022-02-08T17:33:27.695" activeThreads="4">
  <mem-info id="5277" free="262758248" total="1073741824" percent="24">
    <mem type="nursery" free="106891288" total="268435456" percent="39">
      <mem type="allocate" free="106891288" total="184025088" percent="58" />
      <mem type="survivor" free="0" total="84410368" percent="0" />
    </mem>
    <mem type="tenure" free="155866960" total="805306368" percent="19" macro-fragmented="868149">
      <mem type="soa" free="147813200" total="797252608" percent="18" />
      <mem type="loa" free="8053760" total="8053760" percent="100" />
    </mem>
    <pending-finalizers system="18" default="0" reference="0" classloader="0" />
    <remembered-set count="119" />
  </mem-info>
</gc-end>
<cycle-end id="5278" type="scavenge" contextid="5272" timestamp="2022-02-08T17:33:27.696" />
<allocation-satisfied id="5279" threadId="0000000000016F00" bytesRequested="16" />
<af-end id="5280" timestamp="2022-02-08T17:33:27.696" threadId="0000000000017908" success="true" from="nursery"/>
<exclusive-end id="5281" timestamp="2022-02-08T17:33:27.696" durationms="73.678" />

<concurrent-kickoff id="5282" timestamp="2022-02-08T17:33:28.480">
  <kickoff reason="threshold reached" targetBytes="74445160" thresholdFreeBytes="5731473"  remainingFree="5667608" tenureFreeBytes="155866960" nurseryFreeBytes="5667608" />
</concurrent-kickoff>
<exclusive-start id="5283" timestamp="2022-02-08T17:33:28.483" intervalms="861.318">
  <response-info timems="0.019" idlems="0.019" threads="0" lastid="0000000000016F00" lastname="main" />
</exclusive-start>
<cycle-start id="5284" type="global" contextid="0" timestamp="2022-02-08T17:33:28.483" intervalms="2795.925" />
<concurrent-start id="5285" type="global mark" contextid="5284" timestamp="2022-02-08T17:33:28.483">
</concurrent-start>
<exclusive-end id="5286" timestamp="2022-02-08T17:33:28.483" durationms="0.028" />

<exclusive-start id="5287" timestamp="2022-02-08T17:33:28.596" intervalms="112.661">
  <response-info timems="0.017" idlems="0.017" threads="0" lastid="0000000000016F00" lastname="main" />
</exclusive-start>
<af-start id="5288" threadId="0000000000017908" totalBytesRequested="16" timestamp="2022-02-08T17:33:28.596" intervalms="973.993" type="nursery" />
<cycle-start id="5289" type="scavenge" contextid="0" timestamp="2022-02-08T17:33:28.596" intervalms="973.991" />
<gc-start id="5290" type="scavenge" contextid="5289" timestamp="2022-02-08T17:33:28.596">
  <mem-info id="5291" free="155866960" total="1073741824" percent="14">
    <mem type="nursery" free="0" total="268435456" percent="0">
      <mem type="allocate" free="0" total="184025088" percent="0" />
      <mem type="survivor" free="0" total="84410368" percent="0" />
    </mem>
    <mem type="tenure" free="155866960" total="805306368" percent="19">
      <mem type="soa" free="147813200" total="797252608" percent="18" />
      <mem type="loa" free="8053760" total="8053760" percent="100" />
    </mem>
    <remembered-set count="136" />
  </mem-info>
</gc-start>
<allocation-stats totalBytes="106842184" >
  <allocated-bytes non-tlh="2555136" tlh="104287048" />
  <largest-consumer threadName="main" threadId="0000000000016F00" bytes="106838088" />
</allocation-stats>
<gc-op id="5292" type="scavenge" timems="74.454" contextid="5289" timestamp="2022-02-08T17:33:28.670">
  <scavenger-info tenureage="1" tenuremask="7ffe" tiltratio="68" />
  <memory-copied type="nursery" objects="1421094" bytes="75447328" bytesdiscarded="254016" />
  <memory-copied type="tenure" objects="1361019" bytes="76310080" bytesdiscarded="41632" />
  <finalization candidates="92" enqueued="35" />
  <references type="soft" candidates="14" cleared="0" enqueued="0" dynamicThreshold="12" maxThreshold="32" />
  <references type="weak" candidates="1" cleared="0" enqueued="0" />
  <references type="phantom" candidates="77" cleared="7" enqueued="7" />
  <object-monitors candidates="2" cleared="0"  />
</gc-op>
<gc-end id="5293" type="scavenge" contextid="5289" durationms="74.655" usertimems="294.466" systemtimems="0.000" stalltimems="2.733" timestamp="2022-02-08T17:33:28.671" activeThreads="4">
  <mem-info id="5294" free="188038992" total="1073741824" percent="17">
    <mem type="nursery" free="108585760" total="268435456" percent="40">
      <mem type="allocate" free="108585760" total="184287232" percent="58" />
      <mem type="survivor" free="0" total="84148224" percent="0" />
    </mem>
    <mem type="tenure" free="79453232" total="805306368" percent="9" macro-fragmented="27735676">
      <mem type="soa" free="71399472" total="797252608" percent="8" />
      <mem type="loa" free="8053760" total="8053760" percent="100" />
    </mem>
    <pending-finalizers system="34" default="1" reference="7" classloader="0" />
    <remembered-set count="120" />
  </mem-info>
</gc-end>
<cycle-end id="5295" type="scavenge" contextid="5289" timestamp="2022-02-08T17:33:28.671" />
<allocation-satisfied id="5296" threadId="0000000000016F00" bytesRequested="16" />
<af-end id="5297" timestamp="2022-02-08T17:33:28.671" threadId="0000000000017908" success="true" from="nursery"/>
<exclusive-end id="5298" timestamp="2022-02-08T17:33:28.671" durationms="74.966" />

<concurrent-end id="5299" type="global mark" contextid="5284" timestamp="2022-02-08T17:33:28.799">
<gc-op id="5300" type="trace" timems="315.708" contextid="5284" timestamp="2022-02-08T17:33:28.799">
  <trace bytesTraced="74449456" workStackOverflowCount="0" />
  <card-cleaning reason="card cleaning threshold reached" bytesTraced="480" cardsCleaned="2" />
</gc-op>
</concurrent-end>

<exclusive-start id="5301" timestamp="2022-02-08T17:33:28.799" intervalms="203.124">
  <response-info timems="0.017" idlems="0.017" threads="0" lastid="0000000000016F00" lastname="main" />
</exclusive-start>
<concurrent-global-final id="5302" timestamp="2022-02-08T17:33:28.799" contextid="5284" intervalms="2741.245" >
  <concurrent-trace-info reason="card cleaning threshold reached" tracedByMutators="57679456" tracedByHelpers="16770480" cardsCleaned="2" workStackOverflowCount="0" />
</concurrent-global-final>
<gc-start id="5303" type="global" contextid="5284" timestamp="2022-02-08T17:33:28.799">
  <mem-info id="5304" free="179543872" total="1073741824" percent="16">
    <mem type="nursery" free="100090640" total="268435456" percent="37">
      <mem type="allocate" free="100090640" total="184287232" percent="54" />
      <mem type="survivor" free="0" total="84148224" percent="0" />
    </mem>
    <mem type="tenure" free="79453232" total="805306368" percent="9">
      <mem type="soa" free="71399472" total="797252608" percent="8" />
      <mem type="loa" free="8053760" total="8053760" percent="100" />
    </mem>
    <remembered-set count="121" />
  </mem-info>
</gc-start>
<allocation-stats totalBytes="8490528" >
  <allocated-bytes non-tlh="16" tlh="8490512" />
  <largest-consumer threadName="main" threadId="0000000000016F00" bytes="8482336" />
</allocation-stats>
<gc-op id="5305" type="rs-scan" timems="119.481" contextid="5284" timestamp="2022-02-08T17:33:28.919">
  <scan objectsFound="3324749" bytesTraced="71019672" workStackOverflowCount="0" />
</gc-op>
<gc-op id="5306" type="card-cleaning" timems="0.330" contextid="5284" timestamp="2022-02-08T17:33:28.919">
  <card-cleaning cardsCleaned="3" bytesTraced="1040" workStackOverflowCount="0" />
</gc-op>
<gc-op id="5307" type="mark" timems="43.878" contextid="5284" timestamp="2022-02-08T17:33:28.963">
  <trace-info objectcount="1288781" scancount="968112" scanbytes="20720776" />
  <finalization candidates="428" enqueued="57" />
  <ownableSynchronizers candidates="1" cleared="0" />
  <references type="soft" candidates="894" cleared="0" enqueued="0" dynamicThreshold="12" maxThreshold="32" />
  <references type="weak" candidates="1701" cleared="0" enqueued="0" />
  <references type="phantom" candidates="52" cleared="2" enqueued="2" />
  <stringconstants candidates="6470" cleared="0"  />
  <object-monitors candidates="2" cleared="0"  />
</gc-op>
<gc-op id="5308" type="sweep" timems="5.208" contextid="5284" timestamp="2022-02-08T17:33:28.968" />
<gc-end id="5309" type="global" contextid="5284" durationms="169.099" usertimems="232.776" systemtimems="0.418" stalltimems="91.406" timestamp="2022-02-08T17:33:28.968" activeThreads="4">
  <mem-info id="5310" free="423124544" total="1073741824" percent="39">
    <mem type="nursery" free="100759904" total="268435456" percent="37">
      <mem type="allocate" free="100759904" total="184287232" percent="54" />
      <mem type="survivor" free="0" total="84148224" percent="0" />
    </mem>
    <mem type="tenure" free="322364640" total="805306368" percent="40" micro-fragmented="318721" macro-fragmented="0">
      <mem type="soa" free="314310880" total="797252608" percent="39" />
      <mem type="loa" free="8053760" total="8053760" percent="100" />
    </mem>
    <pending-finalizers system="57" default="0" reference="2" classloader="0" />
    <remembered-set count="108" />
  </mem-info>
</gc-end>
<cycle-end id="5311" type="global" contextid="5284" timestamp="2022-02-08T17:33:28.968" />
<exclusive-end id="5312" timestamp="2022-02-08T17:33:28.968" durationms="169.311" />

<exclusive-start id="5313" timestamp="2022-02-08T17:33:29.634" intervalms="835.127">
  <response-info timems="0.018" idlems="0.018" threads="0" lastid="0000000000016F00" lastname="main" />
</exclusive-start>
<af-start id="5314" threadId="0000000000017908" totalBytesRequested="184" timestamp="2022-02-08T17:33:29.634" intervalms="1038.248" type="nursery" />
<cycle-start id="5315" type="scavenge" contextid="0" timestamp="2022-02-08T17:33:29.634" intervalms="1038.250" />
<gc-start id="5316" type="scavenge" contextid="5315" timestamp="2022-02-08T17:33:29.634">
  <mem-info id="5317" free="322364640" total="1073741824" percent="30">
    <mem type="nursery" free="0" total="268435456" percent="0">
      <mem type="allocate" free="0" total="184287232" percent="0" />
      <mem type="survivor" free="0" total="84148224" percent="0" />
    </mem>
    <mem type="tenure" free="322364640" total="805306368" percent="40">
      <mem type="soa" free="314310880" total="797252608" percent="39" />
      <mem type="loa" free="8053760" total="8053760" percent="100" />
    </mem>
    <remembered-set count="109" />
  </mem-info>
</gc-start>
<allocation-stats totalBytes="100711680" >
  <allocated-bytes non-tlh="0" tlh="100711680" />
  <largest-consumer threadName="main" threadId="0000000000016F00" bytes="100707584" />
</allocation-stats>
<gc-op id="5318" type="scavenge" timems="78.373" contextid="5315" timestamp="2022-02-08T17:33:29.713">
  <scavenger-info tenureage="1" tenuremask="7ffe" tiltratio="68" />
  <memory-copied type="nursery" objects="1408688" bytes="77687792" bytesdiscarded="369832" />
  <memory-copied type="tenure" objects="1420613" bytes="75135584" bytesdiscarded="45512" />
  <finalization candidates="45" enqueued="0" />
  <ownableSynchronizers candidates="2" cleared="2" />
  <object-monitors candidates="2" cleared="0"  />
</gc-op>
<gc-end id="5319" type="scavenge" contextid="5315" durationms="78.588" usertimems="309.282" systemtimems="0.392" stalltimems="2.782" timestamp="2022-02-08T17:33:29.713" activeThreads="4">
  <mem-info id="5320" free="351512520" total="1073741824" percent="32">
    <mem type="nursery" free="104460136" total="268435456" percent="38">
      <mem type="allocate" free="104460136" total="182517760" percent="57" />
      <mem type="survivor" free="0" total="85917696" percent="0" />
    </mem>
    <mem type="tenure" free="247052384" total="805306368" percent="30" macro-fragmented="0">
      <mem type="soa" free="238998624" total="797252608" percent="29" />
      <mem type="loa" free="8053760" total="8053760" percent="100" />
    </mem>
    <remembered-set count="103" />
  </mem-info>
</gc-end>
<cycle-end id="5321" type="scavenge" contextid="5315" timestamp="2022-02-08T17:33:29.713" />
<allocation-satisfied id="5322" threadId="0000000000016F00" bytesRequested="184" />
<af-end id="5323" timestamp="2022-02-08T17:33:29.713" threadId="0000000000017908" success="true" from="nursery"/>
<exclusive-end id="5324" timestamp="2022-02-08T17:33:29.713" durationms="78.864" />

<exclusive-start id="5325" timestamp="2022-02-08T17:33:30.323" intervalms="688.982">
  <response-info timems="0.018" idlems="0.018" threads="0" lastid="0000000000016F00" lastname="main" />
</exclusive-start>
<af-start id="5326" threadId="0000000000017908" totalBytesRequested="24" timestamp="2022-02-08T17:33:30.323" intervalms="688.971" type="nursery" />
<cycle-start id="5327" type="scavenge" contextid="0" timestamp="2022-02-08T17:33:30.323" intervalms="688.971" />
<gc-start id="5328" type="scavenge" contextid="5327" timestamp="2022-02-08T17:33:30.323">
  <mem-info id="5329" free="247052384" total="1073741824" percent="23">
    <mem type="nursery" free="0" total="268435456" percent="0">
      <mem type="allocate" free="0" total="182517760" percent="0" />
      <mem type="survivor" free="0" total="85917696" percent="0" />
    </mem>
    <mem type="tenure" free="247052384" total="805306368" percent="30">
      <mem type="soa" free="238998624" total="797252608" percent="29" />
      <mem type="loa" free="8053760" total="8053760" percent="100" />
    </mem>
    <remembered-set count="103" />
  </mem-info>
</gc-start>
<allocation-stats totalBytes="104413504" >
  <allocated-bytes non-tlh="184" tlh="104413320" />
  <largest-consumer threadName="main" threadId="0000000000016F00" bytes="104413504" />
</allocation-stats>
<gc-op id="5330" type="scavenge" timems="80.014" contextid="5327" timestamp="2022-02-08T17:33:30.403">
  <scavenger-info tenureage="1" tenuremask="7ffe" tiltratio="67" />
  <memory-copied type="nursery" objects="1303257" bytes="74234680" bytesdiscarded="103024" />
  <memory-copied type="tenure" objects="1408687" bytes="77687688" bytesdiscarded="46248" />
  <object-monitors candidates="2" cleared="0"  />
</gc-op>
<gc-end id="5331" type="scavenge" contextid="5327" durationms="80.239" usertimems="315.910" systemtimems="0.000" stalltimems="2.776" timestamp="2022-02-08T17:33:30.403" activeThreads="4">
  <mem-info id="5332" free="277815896" total="1073741824" percent="25">
    <mem type="nursery" free="108573272" total="268435456" percent="40">
      <mem type="allocate" free="108573272" total="182910976" percent="59" />
      <mem type="survivor" free="0" total="85524480" percent="0" />
    </mem>
    <mem type="tenure" free="169242624" total="805306368" percent="21" macro-fragmented="0">
      <mem type="soa" free="161188864" total="797252608" percent="20" />
      <mem type="loa" free="8053760" total="8053760" percent="100" />
    </mem>
    <remembered-set count="104" />
  </mem-info>
</gc-end>
<cycle-end id="5333" type="scavenge" contextid="5327" timestamp="2022-02-08T17:33:30.404" />
<allocation-satisfied id="5334" threadId="0000000000016F00" bytesRequested="24" />
<af-end id="5335" timestamp="2022-02-08T17:33:30.404" threadId="0000000000017908" success="true" from="nursery"/>
<exclusive-end id="5336" timestamp="2022-02-08T17:33:30.404" durationms="80.487" />

<exclusive-start id="5337" timestamp="2022-02-08T17:33:31.271" intervalms="948.169">
  <response-info timems="0.020" idlems="0.020" threads="0" lastid="0000000000016F00" lastname="main" />
</exclusive-start>
<af-start id="5338" threadId="0000000000017908" totalBytesRequested="24" timestamp="2022-02-08T17:33:31.271" intervalms="948.174" type="nursery" />
<cycle-start id="5339" type="scavenge" contextid="0" timestamp="2022-02-08T17:33:31.271" intervalms="948.175" />
<gc-start id="5340" type="scavenge" contextid="5339" timestamp="2022-02-08T17:33:31.271">
  <mem-info id="5341" free="169242624" total="1073741824" percent="15">
    <mem type="nursery" free="0" total="268435456" percent="0">
      <mem type="allocate" free="0" total="182910976" percent="0" />
      <mem type="survivor" free="0" total="85524480" percent="0" />
    </mem>
    <mem type="tenure" free="169242624" total="805306368" percent="21">
      <mem type="soa" free="161188864" total="797252608" percent="20" />
      <mem type="loa" free="8053760" total="8053760" percent="100" />
    </mem>
    <remembered-set count="135" />
  </mem-info>
</gc-start>
<allocation-stats totalBytes="108523272" >
  <allocated-bytes non-tlh="2841248" tlh="105682024" />
  <largest-consumer threadName="main" threadId="0000000000016F00" bytes="108523272" />
</allocation-stats>
<gc-op id="5342" type="scavenge" timems="76.013" contextid="5339" timestamp="2022-02-08T17:33:31.347">
  <scavenger-info tenureage="1" tenuremask="7ffe" tiltratio="68" />
  <memory-copied type="nursery" objects="1456621" bytes="76307280" bytesdiscarded="290640" />
  <memory-copied type="tenure" objects="1303257" bytes="74234680" bytesdiscarded="39752" />
  <finalization candidates="110" enqueued="53" />
  <references type="soft" candidates="14" cleared="0" enqueued="0" dynamicThreshold="12" maxThreshold="32" />
  <references type="weak" candidates="1" cleared="0" enqueued="0" />
  <references type="phantom" candidates="95" cleared="7" enqueued="7" />
  <object-monitors candidates="2" cleared="0"  />
</gc-op>
<gc-end id="5343" type="scavenge" contextid="5339" durationms="76.288" usertimems="297.853" systemtimems="0.000" stalltimems="5.934" timestamp="2022-02-08T17:33:31.348" activeThreads="4">
  <mem-info id="5344" free="201497032" total="1073741824" percent="18">
    <mem type="nursery" free="106509536" total="268435456" percent="39">
      <mem type="allocate" free="106509536" total="183107584" percent="58" />
      <mem type="survivor" free="0" total="85327872" percent="0" />
    </mem>
    <mem type="tenure" free="94987496" total="805306368" percent="11" macro-fragmented="0">
      <mem type="soa" free="86933736" total="797252608" percent="10" />
      <mem type="loa" free="8053760" total="8053760" percent="100" />
    </mem>
    <pending-finalizers system="52" default="1" reference="7" classloader="0" />
    <remembered-set count="129" />
  </mem-info>
</gc-end>
<cycle-end id="5345" type="scavenge" contextid="5339" timestamp="2022-02-08T17:33:31.348" />
<allocation-satisfied id="5346" threadId="0000000000016F00" bytesRequested="24" />
<af-end id="5347" timestamp="2022-02-08T17:33:31.348" threadId="0000000000017908" success="true" from="nursery"/>
<exclusive-end id="5348" timestamp="2022-02-08T17:33:31.348" durationms="76.594" />

<concurrent-kickoff id="5349" timestamp="2022-02-08T17:33:32.046">
  <kickoff reason="threshold reached" targetBytes="74446113" thresholdFreeBytes="5732046"  remainingFree="5608648" tenureFreeBytes="94987496" nurseryFreeBytes="5608648" />
</concurrent-kickoff>
<exclusive-start id="5350" timestamp="2022-02-08T17:33:32.049" intervalms="778.185">
  <response-info timems="0.018" idlems="0.018" threads="0" lastid="0000000000016F00" lastname="main" />
</exclusive-start>
<cycle-start id="5351" type="global" contextid="0" timestamp="2022-02-08T17:33:32.049" intervalms="3566.248" />
<concurrent-start id="5352" type="global mark" contextid="5351" timestamp="2022-02-08T17:33:32.049">
</concurrent-start>
<exclusive-end id="5353" timestamp="2022-02-08T17:33:32.049" durationms="0.028" />

<exclusive-start id="5354" timestamp="2022-02-08T17:33:32.164" intervalms="114.361">
  <response-info timems="0.017" idlems="0.017" threads="0" lastid="0000000000016F00" lastname="main" />
</exclusive-start>
<af-start id="5355" threadId="0000000000017908" totalBytesRequested="184" timestamp="2022-02-08T17:33:32.164" intervalms="892.542" type="nursery" />
<cycle-start id="5356" type="scavenge" contextid="0" timestamp="2022-02-08T17:33:32.164" intervalms="892.540" />
<gc-start id="5357" type="scavenge" contextid="5356" timestamp="2022-02-08T17:33:32.164">
  <mem-info id="5358" free="94987496" total="1073741824" percent="8">
    <mem type="nursery" free="0" total="268435456" percent="0">
      <mem type="allocate" free="0" total="183107584" percent="0" />
      <mem type="survivor" free="0" total="85327872" percent="0" />
    </mem>
    <mem type="tenure" free="94987496" total="805306368" percent="11">
      <mem type="soa" free="86933736" total="797252608" percent="10" />
      <mem type="loa" free="8053760" total="8053760" percent="100" />
    </mem>
    <remembered-set count="130" />
  </mem-info>
</gc-start>
<allocation-stats totalBytes="106460296" >
  <allocated-bytes non-tlh="24" tlh="106460272" />
  <largest-consumer threadName="main" threadId="0000000000016F00" bytes="106452104" />
</allocation-stats>
<gc-op id="5359" type="scavenge" timems="85.329" contextid="5356" timestamp="2022-02-08T17:33:32.249">
  <scavenger-info tenureage="1" tenuremask="7ffe" tiltratio="68" />
  <memory-copied type="nursery" objects="1373603" bytes="75843704" bytesdiscarded="106192" />
  <memory-copied type="tenure" objects="1455910" bytes="75839424" bytesdiscarded="37536" />
  <finalization candidates="57" enqueued="0" />
  <object-monitors candidates="2" cleared="0"  />
</gc-op>
<gc-end id="5360" type="scavenge" contextid="5356" durationms="85.548" usertimems="335.463" systemtimems="0.000" stalltimems="5.344" timestamp="2022-02-08T17:33:32.249" activeThreads="4">
  <mem-info id="5361" free="126853432" total="1073741824" percent="11">
    <mem type="nursery" free="107681976" total="268435456" percent="40">
      <mem type="allocate" free="107681976" total="183631872" percent="58" />
      <mem type="survivor" free="0" total="84803584" percent="0" />
    </mem>
    <mem type="tenure" free="19171456" total="805306368" percent="2" macro-fragmented="0">
      <mem type="soa" free="11117696" total="797252608" percent="1" />
      <mem type="loa" free="8053760" total="8053760" percent="100" />
    </mem>
    <remembered-set count="102" />
  </mem-info>
</gc-end>
<cycle-end id="5362" type="scavenge" contextid="5356" timestamp="2022-02-08T17:33:32.250" />
<allocation-satisfied id="5363" threadId="0000000000016F00" bytesRequested="184" />
<af-end id="5364" timestamp="2022-02-08T17:33:32.250" threadId="0000000000017908" success="true" from="nursery"/>
<exclusive-end id="5365" timestamp="2022-02-08T17:33:32.250" durationms="85.868" />

<concurrent-end id="5366" type="global mark" contextid="5351" timestamp="2022-02-08T17:33:32.378">
<gc-op id="5367" type="trace" timems="328.727" contextid="5351" timestamp="2022-02-08T17:33:32.378">
  <trace bytesTraced="74449568" workStackOverflowCount="0" />
  <card-cleaning reason="card cleaning threshold reached" bytesTraced="480" cardsCleaned="2" />
</gc-op>
</concurrent-end>

<exclusive-start id="5368" timestamp="2022-02-08T17:33:32.378" intervalms="214.433">
  <response-info timems="0.017" idlems="0.017" threads="0" lastid="0000000000016F00" lastname="main" />
</exclusive-start>
<concurrent-global-final id="5369" timestamp="2022-02-08T17:33:32.378" contextid="5351" intervalms="3579.246" >
  <concurrent-trace-info reason="card cleaning threshold reached" tracedByMutators="56138540" tracedByHelpers="18311508" cardsCleaned="2" workStackOverflowCount="0" />
</concurrent-global-final>
<gc-start id="5370" type="global" contextid="5351" timestamp="2022-02-08T17:33:32.378">
  <mem-info id="5371" free="118759552" total="1073741824" percent="11">
    <mem type="nursery" free="99588096" total="268435456" percent="37">
      <mem type="allocate" free="99588096" total="183631872" percent="54" />
      <mem type="survivor" free="0" total="84803584" percent="0" />
    </mem>
    <mem type="tenure" free="19171456" total="805306368" percent="2">
      <mem type="soa" free="11117696" total="797252608" percent="1" />
      <mem type="loa" free="8053760" total="8053760" percent="100" />
    </mem>
    <remembered-set count="102" />
  </mem-info>
</gc-start>
<allocation-stats totalBytes="8089680" >
  <allocated-bytes non-tlh="184" tlh="8089496" />
  <largest-consumer threadName="main" threadId="0000000000016F00" bytes="8089680" />
</allocation-stats>
<gc-op id="5372" type="rs-scan" timems="0.589" contextid="5351" timestamp="2022-02-08T17:33:32.379">
  <scan objectsFound="0" bytesTraced="3988" workStackOverflowCount="0" />
</gc-op>
<gc-op id="5373" type="card-cleaning" timems="155.274" contextid="5351" timestamp="2022-02-08T17:33:32.534">
  <card-cleaning cardsCleaned="11" bytesTraced="71018388" workStackOverflowCount="0" />
</gc-op>
<gc-op id="5374" type="mark" timems="64.724" contextid="5351" timestamp="2022-02-08T17:33:32.599">
  <trace-info objectcount="2397743" scancount="1799835" scanbytes="38464168" />
  <finalization candidates="428" enqueued="57" />
  <ownableSynchronizers candidates="1" cleared="0" />
  <references type="soft" candidates="894" cleared="0" enqueued="0" dynamicThreshold="12" maxThreshold="32" />
  <references type="weak" candidates="1701" cleared="0" enqueued="0" />
  <references type="phantom" candidates="52" cleared="2" enqueued="2" />
  <stringconstants candidates="6470" cleared="0"  />
  <object-monitors candidates="2" cleared="0"  />
</gc-op>
<gc-op id="5375" type="sweep" timems="5.235" contextid="5351" timestamp="2022-02-08T17:33:32.604" />
<gc-end id="5376" type="global" contextid="5351" durationms="226.007" usertimems="241.224" systemtimems="1.092" stalltimems="193.789" timestamp="2022-02-08T17:33:32.604" activeThreads="4">
  <mem-info id="5377" free="361815000" total="1073741824" percent="33">
    <mem type="nursery" free="99784784" total="268435456" percent="37">
      <mem type="allocate" free="99784784" total="183631872" percent="54" />
      <mem type="survivor" free="0" total="84803584" percent="0" />
    </mem>
    <mem type="tenure" free="262030216" total="805306368" percent="32" micro-fragmented="342078" macro-fragmented="0">
      <mem type="soa" free="253976456" total="797252608" percent="31" />
      <mem type="loa" free="8053760" total="8053760" percent="100" />
    </mem>
    <pending-finalizers system="57" default="0" reference="2" classloader="0" />
    <remembered-set count="102" />
  </mem-info>
</gc-end>
<cycle-end id="5378" type="global" contextid="5351" timestamp="2022-02-08T17:33:32.604" />
<exclusive-end id="5379" timestamp="2022-02-08T17:33:32.604" durationms="226.253" />

<exclusive-start id="5380" timestamp="2022-02-08T17:33:33.187" intervalms="808.399">
  <response-info timems="0.016" idlems="0.016" threads="0" lastid="0000000000016F00" lastname="main" />
</exclusive-start>
<af-start id="5381" threadId="0000000000017908" totalBytesRequested="184" timestamp="2022-02-08T17:33:33.187" intervalms="1022.833" type="nursery" />
<cycle-start id="5382" type="scavenge" contextid="0" timestamp="2022-02-08T17:33:33.187" intervalms="1022.834" />
<gc-start id="5383" type="scavenge" contextid="5382" timestamp="2022-02-08T17:33:33.187">
  <mem-info id="5384" free="262030216" total="1073741824" percent="24">
    <mem type="nursery" free="0" total="268435456" percent="0">
      <mem type="allocate" free="0" total="183631872" percent="0" />
      <mem type="survivor" free="0" total="84803584" percent="0" />
    </mem>
    <mem type="tenure" free="262030216" total="805306368" percent="32">
      <mem type="soa" free="253976456" total="797252608" percent="31" />
      <mem type="loa" free="8053760" total="8053760" percent="100" />
    </mem>
    <remembered-set count="105" />
  </mem-info>
</gc-start>
<allocation-stats totalBytes="99740288" >
  <allocated-bytes non-tlh="0" tlh="99740288" />
  <largest-consumer threadName="main" threadId="0000000000016F00" bytes="99736192" />
</allocation-stats>
<gc-op id="5385" type="scavenge" timems="75.396" contextid="5382" timestamp="2022-02-08T17:33:33.262">
  <scavenger-info tenureage="1" tenuremask="7ffe" tiltratio="68" />
  <memory-copied type="nursery" objects="1353003" bytes="76568128" bytesdiscarded="104520" />
  <memory-copied type="tenure" objects="1373602" bytes="75843600" bytesdiscarded="42712" />
  <ownableSynchronizers candidates="2" cleared="2" />
  <object-monitors candidates="2" cleared="0"  />
</gc-op>
<gc-end id="5386" type="scavenge" contextid="5382" durationms="75.601" usertimems="296.820" systemtimems="0.000" stalltimems="3.398" timestamp="2022-02-08T17:33:33.262" activeThreads="4">
  <mem-info id="5387" free="293740256" total="1073741824" percent="27">
    <mem type="nursery" free="108007800" total="268435456" percent="40">
      <mem type="allocate" free="108007800" total="184680448" percent="58" />
      <mem type="survivor" free="0" total="83755008" percent="0" />
    </mem>
    <mem type="tenure" free="185732456" total="805306368" percent="23" macro-fragmented="0">
      <mem type="soa" free="177678696" total="797252608" percent="22" />
      <mem type="loa" free="8053760" total="8053760" percent="100" />
    </mem>
    <remembered-set count="105" />
  </mem-info>
</gc-end>
<cycle-end id="5388" type="scavenge" contextid="5382" timestamp="2022-02-08T17:33:33.262" />
<allocation-satisfied id="5389" threadId="0000000000016F00" bytesRequested="184" />
<af-end id="5390" timestamp="2022-02-08T17:33:33.263" threadId="0000000000017908" success="true" from="nursery"/>
<exclusive-end id="5391" timestamp="2022-02-08T17:33:33.263" durationms="75.891" />

<exclusive-start id="5392" timestamp="2022-02-08T17:33:34.121" intervalms="934.812">
  <response-info timems="0.019" idlems="0.019" threads="0" lastid="0000000000016F00" lastname="main" />
</exclusive-start>
<af-start id="5393" threadId="0000000000017908" totalBytesRequested="120" timestamp="2022-02-08T17:33:34.122" intervalms="934.848" type="nursery" />
<cycle-start id="5394" type="scavenge" contextid="0" timestamp="2022-02-08T17:33:34.122" intervalms="934.852" />
<gc-start id="5395" type="scavenge" contextid="5394" timestamp="2022-02-08T17:33:34.122">
  <mem-info id="5396" free="185732456" total="1073741824" percent="17">
    <mem type="nursery" free="0" total="268435456" percent="0">
      <mem type="allocate" free="0" total="184680448" percent="0" />
      <mem type="survivor" free="0" total="83755008" percent="0" />
    </mem>
    <mem type="tenure" free="185732456" total="805306368" percent="23">
      <mem type="soa" free="177678696" total="797252608" percent="22" />
      <mem type="loa" free="8053760" total="8053760" percent="100" />
    </mem>
    <remembered-set count="135" />
  </mem-info>
</gc-start>
<allocation-stats totalBytes="107960032" >
  <allocated-bytes non-tlh="1661328" tlh="106298704" />
  <largest-consumer threadName="main" threadId="0000000000016F00" bytes="107960032" />
</allocation-stats>
<gc-op id="5397" type="scavenge" timems="77.310" contextid="5394" timestamp="2022-02-08T17:33:34.199">
  <scavenger-info tenureage="1" tenuremask="7ffe" tiltratio="68" />
  <memory-copied type="nursery" objects="1452522" bytes="75953824" bytesdiscarded="42232" />
  <memory-copied type="tenure" objects="1353002" bytes="76568024" bytesdiscarded="37776" />
  <finalization candidates="109" enqueued="53" />
  <references type="soft" candidates="14" cleared="0" enqueued="0" dynamicThreshold="10" maxThreshold="32" />
  <references type="weak" candidates="1" cleared="0" enqueued="0" />
  <references type="phantom" candidates="94" cleared="7" enqueued="7" />
  <object-monitors candidates="2" cleared="0"  />
</gc-op>
<gc-end id="5398" type="scavenge" contextid="5394" durationms="77.512" usertimems="300.561" systemtimems="3.714" stalltimems="4.515" timestamp="2022-02-08T17:33:34.199" activeThreads="4">
  <mem-info id="5399" free="218288976" total="1073741824" percent="20">
    <mem type="nursery" free="108880872" total="268435456" percent="40">
      <mem type="allocate" free="108880872" total="184877056" percent="58" />
      <mem type="survivor" free="0" total="83558400" percent="0" />
    </mem>
    <mem type="tenure" free="109408104" total="805306368" percent="13" macro-fragmented="0">
      <mem type="soa" free="101354344" total="797252608" percent="12" />
      <mem type="loa" free="8053760" total="8053760" percent="100" />
    </mem>
    <pending-finalizers system="52" default="1" reference="7" classloader="0" />
    <remembered-set count="131" />
  </mem-info>
</gc-end>
<cycle-end id="5400" type="scavenge" contextid="5394" timestamp="2022-02-08T17:33:34.199" />
<allocation-satisfied id="5401" threadId="0000000000016F00" bytesRequested="120" />
<af-end id="5402" timestamp="2022-02-08T17:33:34.199" threadId="0000000000017908" success="true" from="nursery"/>
<exclusive-end id="5403" timestamp="2022-02-08T17:33:34.199" durationms="77.862" />

<concurrent-kickoff id="5404" timestamp="2022-02-08T17:33:34.877">
  <kickoff reason="threshold reached" targetBytes="74446903" thresholdFreeBytes="5732373"  remainingFree="5661672" tenureFreeBytes="109408104" nurseryFreeBytes="5661672" />
</concurrent-kickoff>
<exclusive-start id="5405" timestamp="2022-02-08T17:33:34.881" intervalms="759.113">
  <response-info timems="0.020" idlems="0.020" threads="0" lastid="0000000000016F00" lastname="main" />
</exclusive-start>
<cycle-start id="5406" type="global" contextid="0" timestamp="2022-02-08T17:33:34.881" intervalms="2831.118" />
<concurrent-start id="5407" type="global mark" contextid="5406" timestamp="2022-02-08T17:33:34.881">
</concurrent-start>
<exclusive-end id="5408" timestamp="2022-02-08T17:33:34.881" durationms="0.029" />

<exclusive-start id="5409" timestamp="2022-02-08T17:33:34.993" intervalms="112.887">
  <response-info timems="0.017" idlems="0.017" threads="0" lastid="0000000000016F00" lastname="main" />
</exclusive-start>
<af-start id="5410" threadId="0000000000017908" totalBytesRequested="112" timestamp="2022-02-08T17:33:34.993" intervalms="871.964" type="nursery" />
<cycle-start id="5411" type="scavenge" contextid="0" timestamp="2022-02-08T17:33:34.994" intervalms="871.960" />
<gc-start id="5412" type="scavenge" contextid="5411" timestamp="2022-02-08T17:33:34.994">
  <mem-info id="5413" free="109408104" total="1073741824" percent="10">
    <mem type="nursery" free="0" total="268435456" percent="0">
      <mem type="allocate" free="0" total="184877056" percent="0" />
      <mem type="survivor" free="0" total="83558400" percent="0" />
    </mem>
    <mem type="tenure" free="109408104" total="805306368" percent="13">
      <mem type="soa" free="101354344" total="797252608" percent="12" />
      <mem type="loa" free="8053760" total="8053760" percent="100" />
    </mem>
    <remembered-set count="132" />
  </mem-info>
</gc-start>
<allocation-stats totalBytes="108829264" >
  <allocated-bytes non-tlh="1347800" tlh="107481464" />
  <largest-consumer threadName="main" threadId="0000000000016F00" bytes="108821072" />
</allocation-stats>
<gc-op id="5414" type="scavenge" timems="76.657" contextid="5411" timestamp="2022-02-08T17:33:35.070">
  <scavenger-info tenureage="1" tenuremask="7ffe" tiltratio="68" />
  <memory-copied type="nursery" objects="1384993" bytes="77913128" bytesdiscarded="319176" />
  <memory-copied type="tenure" objects="1451803" bytes="75010656" bytesdiscarded="41568" />
  <finalization candidates="57" enqueued="0" />
  <references type="phantom" candidates="1" cleared="0" enqueued="0" />
  <object-monitors candidates="2" cleared="0"  />
</gc-op>
<gc-end id="5415" type="scavenge" contextid="5411" durationms="76.893" usertimems="303.787" systemtimems="0.000" stalltimems="2.569" timestamp="2022-02-08T17:33:35.070" activeThreads="4">
  <mem-info id="5416" free="138852592" total="1073741824" percent="12">
    <mem type="nursery" free="104482064" total="268435456" percent="38">
      <mem type="allocate" free="104482064" total="182714368" percent="57" />
      <mem type="survivor" free="0" total="85721088" percent="0" />
    </mem>
    <mem type="tenure" free="34370528" total="805306368" percent="4" macro-fragmented="0">
      <mem type="soa" free="26316768" total="797252608" percent="3" />
      <mem type="loa" free="8053760" total="8053760" percent="100" />
    </mem>
    <remembered-set count="102" />
  </mem-info>
</gc-end>
<cycle-end id="5417" type="scavenge" contextid="5411" timestamp="2022-02-08T17:33:35.071" />
<allocation-satisfied id="5418" threadId="0000000000016F00" bytesRequested="112" />
<af-end id="5419" timestamp="2022-02-08T17:33:35.071" threadId="0000000000017908" success="true" from="nursery"/>
<exclusive-end id="5420" timestamp="2022-02-08T17:33:35.071" durationms="77.162" />

<concurrent-end id="5421" type="global mark" contextid="5406" timestamp="2022-02-08T17:33:35.203">
<gc-op id="5422" type="trace" timems="322.319" contextid="5406" timestamp="2022-02-08T17:33:35.203">
  <trace bytesTraced="74449776" workStackOverflowCount="0" />
  <card-cleaning reason="card cleaning threshold reached" bytesTraced="480" cardsCleaned="2" />
</gc-op>
</concurrent-end>

<exclusive-start id="5423" timestamp="2022-02-08T17:33:35.203" intervalms="209.506">
  <response-info timems="0.021" idlems="0.021" threads="0" lastid="0000000000016F00" lastname="main" />
</exclusive-start>
<concurrent-global-final id="5424" timestamp="2022-02-08T17:33:35.203" contextid="5406" intervalms="2824.718" >
  <concurrent-trace-info reason="card cleaning threshold reached" tracedByMutators="56368160" tracedByHelpers="18082096" cardsCleaned="2" workStackOverflowCount="0" />
</concurrent-global-final>
<gc-start id="5425" type="global" contextid="5406" timestamp="2022-02-08T17:33:35.203">
  <mem-info id="5426" free="130234496" total="1073741824" percent="12">
    <mem type="nursery" free="95863968" total="268435456" percent="35">
      <mem type="allocate" free="95863968" total="182714368" percent="52" />
      <mem type="survivor" free="0" total="85721088" percent="0" />
    </mem>
    <mem type="tenure" free="34370528" total="805306368" percent="4">
      <mem type="soa" free="26316768" total="797252608" percent="3" />
      <mem type="loa" free="8053760" total="8053760" percent="100" />
    </mem>
    <remembered-set count="102" />
  </mem-info>
</gc-start>
<allocation-stats totalBytes="8613240" >
  <allocated-bytes non-tlh="112" tlh="8613128" />
  <largest-consumer threadName="main" threadId="0000000000016F00" bytes="8613240" />
</allocation-stats>
<gc-op id="5427" type="rs-scan" timems="0.577" contextid="5406" timestamp="2022-02-08T17:33:35.204">
  <scan objectsFound="29" bytesTraced="5420" workStackOverflowCount="0" />
</gc-op>
<gc-op id="5428" type="card-cleaning" timems="150.560" contextid="5406" timestamp="2022-02-08T17:33:35.354">
  <card-cleaning cardsCleaned="8" bytesTraced="71016396" workStackOverflowCount="0" />
</gc-op>
<gc-op id="5429" type="mark" timems="57.559" contextid="5406" timestamp="2022-02-08T17:33:35.412">
  <trace-info objectcount="2165769" scancount="1625854" scanbytes="34752616" />
  <finalization candidates="428" enqueued="57" />
  <ownableSynchronizers candidates="1" cleared="0" />
  <references type="soft" candidates="894" cleared="0" enqueued="0" dynamicThreshold="10" maxThreshold="32" />
  <references type="weak" candidates="1701" cleared="0" enqueued="0" />
  <references type="phantom" candidates="52" cleared="2" enqueued="2" />
  <stringconstants candidates="6470" cleared="0"  />
  <object-monitors candidates="2" cleared="0"  />
</gc-op>
<gc-op id="5430" type="sweep" timems="4.961" contextid="5406" timestamp="2022-02-08T17:33:35.417" />
<gc-end id="5431" type="global" contextid="5406" durationms="213.884" usertimems="229.390" systemtimems="0.520" stalltimems="171.992" timestamp="2022-02-08T17:33:35.417" activeThreads="4">
  <mem-info id="5432" free="373514816" total="1073741824" percent="34">
    <mem type="nursery" free="96275464" total="268435456" percent="35">
      <mem type="allocate" free="96275464" total="182714368" percent="52" />
      <mem type="survivor" free="0" total="85721088" percent="0" />
    </mem>
    <mem type="tenure" free="277239352" total="805306368" percent="34" micro-fragmented="432981" macro-fragmented="0">
      <mem type="soa" free="269185592" total="797252608" percent="33" />
      <mem type="loa" free="8053760" total="8053760" percent="100" />
    </mem>
    <pending-finalizers system="57" default="0" reference="2" classloader="0" />
    <remembered-set count="102" />
  </mem-info>
</gc-end>
<cycle-end id="5433" type="global" contextid="5406" timestamp="2022-02-08T17:33:35.417" />
<exclusive-end id="5434" timestamp="2022-02-08T17:33:35.417" durationms="214.111" />

<exclusive-start id="5435" timestamp="2022-02-08T17:33:35.990" intervalms="787.362">
  <response-info timems="0.018" idlems="0.018" threads="0" lastid="0000000000016F00" lastname="main" />
</exclusive-start>
<af-start id="5436" threadId="0000000000017908" totalBytesRequested="200" timestamp="2022-02-08T17:33:35.990" intervalms="996.869" type="nursery" />
<cycle-start id="5437" type="scavenge" contextid="0" timestamp="2022-02-08T17:33:35.990" intervalms="996.867" />
<gc-start id="5438" type="scavenge" contextid="5437" timestamp="2022-02-08T17:33:35.990">
  <mem-info id="5439" free="277239352" total="1073741824" percent="25">
    <mem type="nursery" free="0" total="268435456" percent="0">
      <mem type="allocate" free="0" total="182714368" percent="0" />
      <mem type="survivor" free="0" total="85721088" percent="0" />
    </mem>
    <mem type="tenure" free="277239352" total="805306368" percent="34">
      <mem type="soa" free="269185592" total="797252608" percent="33" />
      <mem type="loa" free="8053760" total="8053760" percent="100" />
    </mem>
    <remembered-set count="105" />
  </mem-info>
</gc-start>
<allocation-stats totalBytes="96230512" >
  <allocated-bytes non-tlh="0" tlh="96230512" />
  <largest-consumer threadName="main" threadId="0000000000016F00" bytes="96226416" />
</allocation-stats>
<gc-op id="5440" type="scavenge" timems="74.135" contextid="5437" timestamp="2022-02-08T17:33:36.065">
  <scavenger-info tenureage="1" tenuremask="7ffe" tiltratio="68" />
  <memory-copied type="nursery" objects="1313307" bytes="74445840" bytesdiscarded="180672" />
  <memory-copied type="tenure" objects="1384993" bytes="77913128" bytesdiscarded="40176" />
  <finalization candidates="1" enqueued="0" />
  <ownableSynchronizers candidates="2" cleared="2" />
  <object-monitors candidates="2" cleared="0"  />
</gc-op>
<gc-end id="5441" type="scavenge" contextid="5437" durationms="74.369" usertimems="291.240" systemtimems="0.106" stalltimems="4.623" timestamp="2022-02-08T17:33:36.065" activeThreads="4">
  <mem-info id="5442" free="307365712" total="1073741824" percent="28">
    <mem type="nursery" free="108350000" total="268435456" percent="40">
      <mem type="allocate" free="108350000" total="182976512" percent="59" />
      <mem type="survivor" free="0" total="85458944" percent="0" />
    </mem>
    <mem type="tenure" free="199015712" total="805306368" percent="24" macro-fragmented="1800196">
      <mem type="soa" free="190961952" total="797252608" percent="23" />
      <mem type="loa" free="8053760" total="8053760" percent="100" />
    </mem>
    <remembered-set count="105" />
  </mem-info>
</gc-end>
<cycle-end id="5443" type="scavenge" contextid="5437" timestamp="2022-02-08T17:33:36.065" />
<allocation-satisfied id="5444" threadId="0000000000016F00" bytesRequested="200" />
<af-end id="5445" timestamp="2022-02-08T17:33:36.065" threadId="0000000000017908" success="true" from="nursery"/>
<exclusive-end id="5446" timestamp="2022-02-08T17:33:36.065" durationms="74.662" />

<exclusive-start id="5447" timestamp="2022-02-08T17:33:36.927" intervalms="936.398">
  <response-info timems="0.018" idlems="0.018" threads="0" lastid="0000000000016F00" lastname="main" />
</exclusive-start>
<af-start id="5448" threadId="0000000000017908" totalBytesRequested="192" timestamp="2022-02-08T17:33:36.927" intervalms="936.399" type="nursery" />
<cycle-start id="5449" type="scavenge" contextid="0" timestamp="2022-02-08T17:33:36.927" intervalms="936.400" />
<gc-start id="5450" type="scavenge" contextid="5449" timestamp="2022-02-08T17:33:36.927">
  <mem-info id="5451" free="199015712" total="1073741824" percent="18">
    <mem type="nursery" free="0" total="268435456" percent="0">
      <mem type="allocate" free="0" total="182976512" percent="0" />
      <mem type="survivor" free="0" total="85458944" percent="0" />
    </mem>
    <mem type="tenure" free="199015712" total="805306368" percent="24">
      <mem type="soa" free="190961952" total="797252608" percent="23" />
      <mem type="loa" free="8053760" total="8053760" percent="100" />
    </mem>
    <remembered-set count="136" />
  </mem-info>
</gc-start>
<allocation-stats totalBytes="108304048" >
  <allocated-bytes non-tlh="1590768" tlh="106713280" />
  <largest-consumer threadName="main" threadId="0000000000016F00" bytes="108304048" />
</allocation-stats>
<gc-op id="5452" type="scavenge" timems="79.066" contextid="5449" timestamp="2022-02-08T17:33:37.006">
  <scavenger-info tenureage="1" tenuremask="7ffe" tiltratio="68" />
  <memory-copied type="nursery" objects="1491260" bytes="76281952" bytesdiscarded="120168" />
  <memory-copied type="tenure" objects="1313306" bytes="74445728" bytesdiscarded="45640" />
  <finalization candidates="109" enqueued="53" />
  <references type="soft" candidates="14" cleared="0" enqueued="0" dynamicThreshold="11" maxThreshold="32" />
  <references type="weak" candidates="1" cleared="0" enqueued="0" />
  <references type="phantom" candidates="94" cleared="7" enqueued="7" />
  <object-monitors candidates="2" cleared="0"  />
</gc-op>
<gc-end id="5453" type="scavenge" contextid="5449" durationms="79.254" usertimems="312.088" systemtimems="0.209" stalltimems="3.115" timestamp="2022-02-08T17:33:37.006" activeThreads="4">
  <mem-info id="5454" free="231389200" total="1073741824" percent="21">
    <mem type="nursery" free="106836408" total="268435456" percent="39">
      <mem type="allocate" free="106836408" total="183238656" percent="58" />
      <mem type="survivor" free="0" total="85196800" percent="0" />
    </mem>
    <mem type="tenure" free="124552792" total="805306368" percent="15" macro-fragmented="0">
      <mem type="soa" free="116499032" total="797252608" percent="14" />
      <mem type="loa" free="8053760" total="8053760" percent="100" />
    </mem>
    <pending-finalizers system="52" default="1" reference="7" classloader="0" />
    <remembered-set count="132" />
  </mem-info>
</gc-end>
<cycle-end id="5455" type="scavenge" contextid="5449" timestamp="2022-02-08T17:33:37.006" />
<allocation-satisfied id="5456" threadId="0000000000016F00" bytesRequested="192" />
<af-end id="5457" timestamp="2022-02-08T17:33:37.006" threadId="0000000000017908" success="true" from="nursery"/>
<exclusive-end id="5458" timestamp="2022-02-08T17:33:37.006" durationms="79.526" />

<concurrent-kickoff id="5459" timestamp="2022-02-08T17:33:37.664">
  <kickoff reason="threshold reached" targetBytes="74447572" thresholdFreeBytes="5739417"  remainingFree="5636248" tenureFreeBytes="124552792" nurseryFreeBytes="5636248" />
</concurrent-kickoff>
<exclusive-start id="5460" timestamp="2022-02-08T17:33:37.667" intervalms="740.005">
  <response-info timems="0.017" idlems="0.017" threads="0" lastid="0000000000016F00" lastname="main" />
</exclusive-start>
<cycle-start id="5461" type="global" contextid="0" timestamp="2022-02-08T17:33:37.667" intervalms="2786.158" />
<concurrent-start id="5462" type="global mark" contextid="5461" timestamp="2022-02-08T17:33:37.667">
</concurrent-start>
<exclusive-end id="5463" timestamp="2022-02-08T17:33:37.667" durationms="0.028" />

<exclusive-start id="5464" timestamp="2022-02-08T17:33:37.788" intervalms="121.475">
  <response-info timems="0.017" idlems="0.017" threads="0" lastid="0000000000016F00" lastname="main" />
</exclusive-start>
<af-start id="5465" threadId="0000000000017908" totalBytesRequested="16" timestamp="2022-02-08T17:33:37.788" intervalms="861.491" type="nursery" />
<cycle-start id="5466" type="scavenge" contextid="0" timestamp="2022-02-08T17:33:37.788" intervalms="861.520" />
<gc-start id="5467" type="scavenge" contextid="5466" timestamp="2022-02-08T17:33:37.788">
  <mem-info id="5468" free="124552792" total="1073741824" percent="11">
    <mem type="nursery" free="0" total="268435456" percent="0">
      <mem type="allocate" free="0" total="183238656" percent="0" />
      <mem type="survivor" free="0" total="85196800" percent="0" />
    </mem>
    <mem type="tenure" free="124552792" total="805306368" percent="15">
      <mem type="soa" free="116499032" total="797252608" percent="14" />
      <mem type="loa" free="8053760" total="8053760" percent="100" />
    </mem>
    <remembered-set count="133" />
  </mem-info>
</gc-start>
<allocation-stats totalBytes="106787384" >
  <allocated-bytes non-tlh="1347872" tlh="105439512" />
  <largest-consumer threadName="main" threadId="0000000000016F00" bytes="106779192" />
</allocation-stats>
<gc-op id="5469" type="scavenge" timems="81.664" contextid="5466" timestamp="2022-02-08T17:33:37.870">
  <scavenger-info tenureage="1" tenuremask="7ffe" tiltratio="68" />
  <memory-copied type="nursery" objects="1337156" bytes="76420576" bytesdiscarded="208144" />
  <memory-copied type="tenure" objects="1490540" bytes="75338680" bytesdiscarded="38208" />
  <finalization candidates="57" enqueued="0" />
  <references type="phantom" candidates="1" cleared="0" enqueued="0" />
  <object-monitors candidates="2" cleared="0"  />
</gc-op>
<gc-end id="5470" type="scavenge" contextid="5466" durationms="81.852" usertimems="318.950" systemtimems="2.209" stalltimems="3.977" timestamp="2022-02-08T17:33:37.870" activeThreads="4">
  <mem-info id="5471" free="156301576" total="1073741824" percent="14">
    <mem type="nursery" free="107068688" total="268435456" percent="39">
      <mem type="allocate" free="107068688" total="183697408" percent="58" />
      <mem type="survivor" free="0" total="84738048" percent="0" />
    </mem>
    <mem type="tenure" free="49232888" total="805306368" percent="6" macro-fragmented="0">
      <mem type="soa" free="41179128" total="797252608" percent="5" />
      <mem type="loa" free="8053760" total="8053760" percent="100" />
    </mem>
    <remembered-set count="102" />
  </mem-info>
</gc-end>
<cycle-end id="5472" type="scavenge" contextid="5466" timestamp="2022-02-08T17:33:37.870" />
<allocation-satisfied id="5473" threadId="0000000000016F00" bytesRequested="16" />
<af-end id="5474" timestamp="2022-02-08T17:33:37.870" threadId="0000000000017908" success="true" from="nursery"/>
<exclusive-end id="5475" timestamp="2022-02-08T17:33:37.870" durationms="82.236" />

<concurrent-end id="5476" type="global mark" contextid="5461" timestamp="2022-02-08T17:33:37.988">
<gc-op id="5477" type="trace" timems="321.765" contextid="5461" timestamp="2022-02-08T17:33:37.989">
  <trace bytesTraced="74449984" workStackOverflowCount="0" />
  <card-cleaning reason="card cleaning threshold reached" bytesTraced="480" cardsCleaned="2" />
</gc-op>
</concurrent-end>

<exclusive-start id="5478" timestamp="2022-02-08T17:33:37.989" intervalms="200.359">
  <response-info timems="0.017" idlems="0.017" threads="0" lastid="0000000000016F00" lastname="main" />
</exclusive-start>
<concurrent-global-final id="5479" timestamp="2022-02-08T17:33:37.989" contextid="5461" intervalms="2785.599" >
  <concurrent-trace-info reason="card cleaning threshold reached" tracedByMutators="58870200" tracedByHelpers="15580264" cardsCleaned="2" workStackOverflowCount="0" />
</concurrent-global-final>
<gc-start id="5480" type="global" contextid="5461" timestamp="2022-02-08T17:33:37.989">
  <mem-info id="5481" free="148207864" total="1073741824" percent="13">
    <mem type="nursery" free="98974976" total="268435456" percent="36">
      <mem type="allocate" free="98974976" total="183697408" percent="53" />
      <mem type="survivor" free="0" total="84738048" percent="0" />
    </mem>
    <mem type="tenure" free="49232888" total="805306368" percent="6">
      <mem type="soa" free="41179128" total="797252608" percent="5" />
      <mem type="loa" free="8053760" total="8053760" percent="100" />
    </mem>
    <remembered-set count="102" />
  </mem-info>
</gc-start>
<allocation-stats totalBytes="8089696" >
  <allocated-bytes non-tlh="16" tlh="8089680" />
  <largest-consumer threadName="main" threadId="0000000000016F00" bytes="8089696" />
</allocation-stats>
<gc-op id="5482" type="rs-scan" timems="0.487" contextid="5461" timestamp="2022-02-08T17:33:37.989">
  <scan objectsFound="29" bytesTraced="5420" workStackOverflowCount="0" />
</gc-op>
<gc-op id="5483" type="card-cleaning" timems="157.387" contextid="5461" timestamp="2022-02-08T17:33:38.147">
  <card-cleaning cardsCleaned="9" bytesTraced="71016508" workStackOverflowCount="0" />
</gc-op>
<gc-op id="5484" type="mark" timems="58.111" contextid="5461" timestamp="2022-02-08T17:33:38.205">
  <trace-info objectcount="1863211" scancount="1398935" scanbytes="29911680" />
  <finalization candidates="428" enqueued="57" />
  <ownableSynchronizers candidates="1" cleared="0" />
  <references type="soft" candidates="894" cleared="0" enqueued="0" dynamicThreshold="11" maxThreshold="32" />
  <references type="weak" candidates="1701" cleared="0" enqueued="0" />
  <references type="phantom" candidates="52" cleared="2" enqueued="2" />
  <stringconstants candidates="6470" cleared="0"  />
  <object-monitors candidates="2" cleared="0"  />
</gc-op>
<gc-op id="5485" type="sweep" timems="5.329" contextid="5461" timestamp="2022-02-08T17:33:38.210" />
<gc-end id="5486" type="global" contextid="5461" durationms="221.519" usertimems="277.168" systemtimems="0.000" stalltimems="135.007" timestamp="2022-02-08T17:33:38.210" activeThreads="4">
  <mem-info id="5487" free="391421400" total="1073741824" percent="36">
    <mem type="nursery" free="99274184" total="268435456" percent="36">
      <mem type="allocate" free="99274184" total="183697408" percent="54" />
      <mem type="survivor" free="0" total="84738048" percent="0" />
    </mem>
    <mem type="tenure" free="292147216" total="805306368" percent="36" micro-fragmented="367190" macro-fragmented="2160235">
      <mem type="soa" free="284093456" total="797252608" percent="35" />
      <mem type="loa" free="8053760" total="8053760" percent="100" />
    </mem>
    <pending-finalizers system="57" default="0" reference="2" classloader="0" />
    <remembered-set count="102" />
  </mem-info>
</gc-end>
<cycle-end id="5488" type="global" contextid="5461" timestamp="2022-02-08T17:33:38.210" />
<exclusive-end id="5489" timestamp="2022-02-08T17:33:38.210" durationms="221.748" />

<exclusive-start id="5490" timestamp="2022-02-08T17:33:38.857" intervalms="868.451">
  <response-info timems="0.033" idlems="0.033" threads="0" lastid="0000000000016F00" lastname="main" />
</exclusive-start>
<af-start id="5491" threadId="0000000000017908" totalBytesRequested="184" timestamp="2022-02-08T17:33:38.857" intervalms="1068.808" type="nursery" />
<cycle-start id="5492" type="scavenge" contextid="0" timestamp="2022-02-08T17:33:38.857" intervalms="1068.784" />
<gc-start id="5493" type="scavenge" contextid="5492" timestamp="2022-02-08T17:33:38.857">
  <mem-info id="5494" free="292147216" total="1073741824" percent="27">
    <mem type="nursery" free="0" total="268435456" percent="0">
      <mem type="allocate" free="0" total="183697408" percent="0" />
      <mem type="survivor" free="0" total="84738048" percent="0" />
    </mem>
    <mem type="tenure" free="292147216" total="805306368" percent="36">
      <mem type="soa" free="284093456" total="797252608" percent="35" />
      <mem type="loa" free="8053760" total="8053760" percent="100" />
    </mem>
    <remembered-set count="105" />
  </mem-info>
</gc-start>
<allocation-stats totalBytes="99227344" >
  <allocated-bytes non-tlh="0" tlh="99227344" />
  <largest-consumer threadName="main" threadId="0000000000016F00" bytes="99223248" />
</allocation-stats>
<gc-op id="5495" type="scavenge" timems="76.584" contextid="5492" timestamp="2022-02-08T17:33:38.934">
  <scavenger-info tenureage="1" tenuremask="7ffe" tiltratio="68" />
  <memory-copied type="nursery" objects="1353816" bytes="76230040" bytesdiscarded="103968" />
  <memory-copied type="tenure" objects="1337156" bytes="76420576" bytesdiscarded="42664" />
  <finalization candidates="1" enqueued="0" />
  <ownableSynchronizers candidates="2" cleared="2" />
  <object-monitors candidates="2" cleared="0"  />
</gc-op>
<gc-end id="5496" type="scavenge" contextid="5492" durationms="76.820" usertimems="300.407" systemtimems="0.894" stalltimems="4.178" timestamp="2022-02-08T17:33:38.934" activeThreads="4">
  <mem-info id="5497" free="323395368" total="1073741824" percent="30">
    <mem type="nursery" free="107822152" total="268435456" percent="40">
      <mem type="allocate" free="107822152" total="184156160" percent="58" />
      <mem type="survivor" free="0" total="84279296" percent="0" />
    </mem>
    <mem type="tenure" free="215573216" total="805306368" percent="26" macro-fragmented="0">
      <mem type="soa" free="207519456" total="797252608" percent="26" />
      <mem type="loa" free="8053760" total="8053760" percent="100" />
    </mem>
    <remembered-set count="104" />
  </mem-info>
</gc-end>
<cycle-end id="5498" type="scavenge" contextid="5492" timestamp="2022-02-08T17:33:38.934" />
<allocation-satisfied id="5499" threadId="0000000000016F00" bytesRequested="184" />
<af-end id="5500" timestamp="2022-02-08T17:33:38.934" threadId="0000000000017908" success="true" from="nursery"/>
<exclusive-end id="5501" timestamp="2022-02-08T17:33:38.934" durationms="77.115" />

<exclusive-start id="5502" timestamp="2022-02-08T17:33:39.785" intervalms="928.332">
  <response-info timems="0.021" idlems="0.021" threads="0" lastid="0000000000016F00" lastname="main" />
</exclusive-start>
<af-start id="5503" threadId="0000000000017908" totalBytesRequested="192" timestamp="2022-02-08T17:33:39.785" intervalms="928.323" type="nursery" />
<cycle-start id="5504" type="scavenge" contextid="0" timestamp="2022-02-08T17:33:39.785" intervalms="928.320" />
<gc-start id="5505" type="scavenge" contextid="5504" timestamp="2022-02-08T17:33:39.785">
  <mem-info id="5506" free="215573216" total="1073741824" percent="20">
    <mem type="nursery" free="0" total="268435456" percent="0">
      <mem type="allocate" free="0" total="184156160" percent="0" />
      <mem type="survivor" free="0" total="84279296" percent="0" />
    </mem>
    <mem type="tenure" free="215573216" total="805306368" percent="26">
      <mem type="soa" free="207519456" total="797252608" percent="26" />
      <mem type="loa" free="8053760" total="8053760" percent="100" />
    </mem>
    <remembered-set count="135" />
  </mem-info>
</gc-start>
<allocation-stats totalBytes="107775888" >
  <allocated-bytes non-tlh="1018824" tlh="106757064" />
  <largest-consumer threadName="main" threadId="0000000000016F00" bytes="107775888" />
</allocation-stats>
<gc-op id="5507" type="scavenge" timems="79.906" contextid="5504" timestamp="2022-02-08T17:33:39.865">
  <scavenger-info tenureage="1" tenuremask="7ffe" tiltratio="68" />
  <memory-copied type="nursery" objects="1490343" bytes="75920424" bytesdiscarded="130800" />
  <memory-copied type="tenure" objects="1353815" bytes="76229936" bytesdiscarded="39896" />
  <finalization candidates="108" enqueued="53" />
  <references type="soft" candidates="14" cleared="0" enqueued="0" dynamicThreshold="11" maxThreshold="32" />
  <references type="weak" candidates="1" cleared="0" enqueued="0" />
  <references type="phantom" candidates="93" cleared="7" enqueued="7" />
  <object-monitors candidates="2" cleared="0"  />
</gc-op>
<gc-end id="5508" type="scavenge" contextid="5504" durationms="80.128" usertimems="303.177" systemtimems="1.316" stalltimems="3.110" timestamp="2022-02-08T17:33:39.866" activeThreads="4">
  <mem-info id="5509" free="247687896" total="1073741824" percent="23">
    <mem type="nursery" free="108498024" total="268435456" percent="40">
      <mem type="allocate" free="108498024" total="184549376" percent="58" />
      <mem type="survivor" free="0" total="83886080" percent="0" />
    </mem>
    <mem type="tenure" free="139189872" total="805306368" percent="17" macro-fragmented="0">
      <mem type="soa" free="131136112" total="797252608" percent="16" />
      <mem type="loa" free="8053760" total="8053760" percent="100" />
    </mem>
    <pending-finalizers system="52" default="1" reference="7" classloader="0" />
    <remembered-set count="132" />
  </mem-info>
</gc-end>
<cycle-end id="5510" type="scavenge" contextid="5504" timestamp="2022-02-08T17:33:39.866" />
<allocation-satisfied id="5511" threadId="0000000000016F00" bytesRequested="192" />
<af-end id="5512" timestamp="2022-02-08T17:33:39.866" threadId="0000000000017908" success="true" from="nursery"/>
<exclusive-end id="5513" timestamp="2022-02-08T17:33:39.866" durationms="80.468" />

<concurrent-kickoff id="5514" timestamp="2022-02-08T17:33:40.546">
  <kickoff reason="threshold reached" targetBytes="74448152" thresholdFreeBytes="5738307"  remainingFree="5737576" tenureFreeBytes="139189872" nurseryFreeBytes="5737576" />
</concurrent-kickoff>
<exclusive-start id="5515" timestamp="2022-02-08T17:33:40.549" intervalms="763.267">
  <response-info timems="0.018" idlems="0.018" threads="0" lastid="0000000000016F00" lastname="main" />
</exclusive-start>
<cycle-start id="5516" type="global" contextid="0" timestamp="2022-02-08T17:33:40.549" intervalms="2881.882" />
<concurrent-start id="5517" type="global mark" contextid="5516" timestamp="2022-02-08T17:33:40.549">
</concurrent-start>
<exclusive-end id="5518" timestamp="2022-02-08T17:33:40.549" durationms="0.026" />

<exclusive-start id="5519" timestamp="2022-02-08T17:33:40.671" intervalms="121.974">
  <response-info timems="0.034" idlems="0.034" threads="0" lastid="0000000000016F00" lastname="main" />
</exclusive-start>
<af-start id="5520" threadId="0000000000017908" totalBytesRequested="24" timestamp="2022-02-08T17:33:40.671" intervalms="885.250" type="nursery" />
<cycle-start id="5521" type="scavenge" contextid="0" timestamp="2022-02-08T17:33:40.671" intervalms="885.248" />
<gc-start id="5522" type="scavenge" contextid="5521" timestamp="2022-02-08T17:33:40.671">
  <mem-info id="5523" free="139189872" total="1073741824" percent="12">
    <mem type="nursery" free="0" total="268435456" percent="0">
      <mem type="allocate" free="0" total="184549376" percent="0" />
      <mem type="survivor" free="0" total="83886080" percent="0" />
    </mem>
    <mem type="tenure" free="139189872" total="805306368" percent="17">
      <mem type="soa" free="131136112" total="797252608" percent="16" />
      <mem type="loa" free="8053760" total="8053760" percent="100" />
    </mem>
    <remembered-set count="133" />
  </mem-info>
</gc-start>
<allocation-stats totalBytes="108447432" >
  <allocated-bytes non-tlh="1823000" tlh="106624432" />
  <largest-consumer threadName="main" threadId="0000000000016F00" bytes="108439240" />
</allocation-stats>
<gc-op id="5524" type="scavenge" timems="76.841" contextid="5521" timestamp="2022-02-08T17:33:40.748">
  <scavenger-info tenureage="1" tenuremask="7ffe" tiltratio="68" />
  <memory-copied type="nursery" objects="1353584" bytes="77289368" bytesdiscarded="262344" />
  <memory-copied type="tenure" objects="1489623" bytes="75282560" bytesdiscarded="40936" />
  <finalization candidates="57" enqueued="0" />
  <references type="phantom" candidates="2" cleared="0" enqueued="0" />
  <object-monitors candidates="2" cleared="0"  />
</gc-op>
<gc-end id="5525" type="scavenge" contextid="5521" durationms="77.112" usertimems="304.004" systemtimems="0.000" stalltimems="2.792" timestamp="2022-02-08T17:33:40.748" activeThreads="4">
  <mem-info id="5526" free="170001960" total="1073741824" percent="15">
    <mem type="nursery" free="106145696" total="268435456" percent="39">
      <mem type="allocate" free="106145696" total="183697408" percent="57" />
      <mem type="survivor" free="0" total="84738048" percent="0" />
    </mem>
    <mem type="tenure" free="63856264" total="805306368" percent="7" macro-fragmented="0">
      <mem type="soa" free="55802504" total="797252608" percent="6" />
      <mem type="loa" free="8053760" total="8053760" percent="100" />
    </mem>
    <remembered-set count="103" />
  </mem-info>
</gc-end>
<cycle-end id="5527" type="scavenge" contextid="5521" timestamp="2022-02-08T17:33:40.748" />
<allocation-satisfied id="5528" threadId="0000000000016F00" bytesRequested="24" />
<af-end id="5529" timestamp="2022-02-08T17:33:40.748" threadId="0000000000017908" success="true" from="nursery"/>
<exclusive-end id="5530" timestamp="2022-02-08T17:33:40.748" durationms="77.396" />

<concurrent-end id="5531" type="global mark" contextid="5516" timestamp="2022-02-08T17:33:40.864">
<gc-op id="5532" type="trace" timems="315.519" contextid="5516" timestamp="2022-02-08T17:33:40.864">
  <trace bytesTraced="74450192" workStackOverflowCount="0" />
  <card-cleaning reason="card cleaning threshold reached" bytesTraced="480" cardsCleaned="2" />
</gc-op>
</concurrent-end>

<exclusive-start id="5533" timestamp="2022-02-08T17:33:40.864" intervalms="193.613">
  <response-info timems="0.017" idlems="0.017" threads="0" lastid="0000000000016F00" lastname="main" />
</exclusive-start>
<concurrent-global-final id="5534" timestamp="2022-02-08T17:33:40.864" contextid="5516" intervalms="2875.636" >
  <concurrent-trace-info reason="card cleaning threshold reached" tracedByMutators="56982212" tracedByHelpers="17468460" cardsCleaned="2" workStackOverflowCount="0" />
</concurrent-global-final>
<gc-start id="5535" type="global" contextid="5516" timestamp="2022-02-08T17:33:40.864">
  <mem-info id="5536" free="161515024" total="1073741824" percent="15">
    <mem type="nursery" free="97658760" total="268435456" percent="36">
      <mem type="allocate" free="97658760" total="183697408" percent="53" />
      <mem type="survivor" free="0" total="84738048" percent="0" />
    </mem>
    <mem type="tenure" free="63856264" total="805306368" percent="7">
      <mem type="soa" free="55802504" total="797252608" percent="6" />
      <mem type="loa" free="8053760" total="8053760" percent="100" />
    </mem>
    <remembered-set count="103" />
  </mem-info>
</gc-start>
<allocation-stats totalBytes="8482904" >
  <allocated-bytes non-tlh="24" tlh="8482880" />
  <largest-consumer threadName="main" threadId="0000000000016F00" bytes="8482904" />
</allocation-stats>
<gc-op id="5537" type="rs-scan" timems="0.541" contextid="5516" timestamp="2022-02-08T17:33:40.865">
  <scan objectsFound="29" bytesTraced="5420" workStackOverflowCount="0" />
</gc-op>
<gc-op id="5538" type="card-cleaning" timems="143.530" contextid="5516" timestamp="2022-02-08T17:33:41.008">
  <card-cleaning cardsCleaned="9" bytesTraced="71016508" workStackOverflowCount="0" />
</gc-op>
<gc-op id="5539" type="mark" timems="42.387" contextid="5516" timestamp="2022-02-08T17:33:41.051">
  <trace-info objectcount="1629739" scancount="1223832" scanbytes="26176104" />
  <finalization candidates="428" enqueued="57" />
  <ownableSynchronizers candidates="1" cleared="0" />
  <references type="soft" candidates="894" cleared="0" enqueued="0" dynamicThreshold="11" maxThreshold="32" />
  <references type="weak" candidates="1701" cleared="0" enqueued="0" />
  <references type="phantom" candidates="52" cleared="2" enqueued="2" />
  <stringconstants candidates="6470" cleared="0"  />
  <object-monitors candidates="2" cleared="0"  />
</gc-op>
<gc-op id="5540" type="sweep" timems="4.653" contextid="5516" timestamp="2022-02-08T17:33:41.056" />
<gc-end id="5541" type="global" contextid="5516" durationms="191.342" usertimems="206.331" systemtimems="0.082" stalltimems="126.487" timestamp="2022-02-08T17:33:41.056" activeThreads="4">
  <mem-info id="5542" free="404832592" total="1073741824" percent="37">
    <mem type="nursery" free="98010872" total="268435456" percent="36">
      <mem type="allocate" free="98010872" total="183697408" percent="53" />
      <mem type="survivor" free="0" total="84738048" percent="0" />
    </mem>
    <mem type="tenure" free="306821720" total="805306368" percent="38" micro-fragmented="395816" macro-fragmented="0">
      <mem type="soa" free="298767960" total="797252608" percent="37" />
      <mem type="loa" free="8053760" total="8053760" percent="100" />
    </mem>
    <pending-finalizers system="57" default="0" reference="2" classloader="0" />
    <remembered-set count="103" />
  </mem-info>
</gc-end>
<cycle-end id="5543" type="global" contextid="5516" timestamp="2022-02-08T17:33:41.056" />
<exclusive-end id="5544" timestamp="2022-02-08T17:33:41.056" durationms="191.567" />

<exclusive-start id="5545" timestamp="2022-02-08T17:33:41.729" intervalms="864.370">
  <response-info timems="0.024" idlems="0.024" threads="0" lastid="0000000000016F00" lastname="main" />
</exclusive-start>
<af-start id="5546" threadId="0000000000017908" totalBytesRequested="200" timestamp="2022-02-08T17:33:41.729" intervalms="1057.977" type="nursery" />
<cycle-start id="5547" type="scavenge" contextid="0" timestamp="2022-02-08T17:33:41.729" intervalms="1057.978" />
<gc-start id="5548" type="scavenge" contextid="5547" timestamp="2022-02-08T17:33:41.729">
  <mem-info id="5549" free="306821720" total="1073741824" percent="28">
    <mem type="nursery" free="0" total="268435456" percent="0">
      <mem type="allocate" free="0" total="183697408" percent="0" />
      <mem type="survivor" free="0" total="84738048" percent="0" />
    </mem>
    <mem type="tenure" free="306821720" total="805306368" percent="38">
      <mem type="soa" free="298767960" total="797252608" percent="37" />
      <mem type="loa" free="8053760" total="8053760" percent="100" />
    </mem>
    <remembered-set count="106" />
  </mem-info>
</gc-start>
<allocation-stats totalBytes="97963880" >
  <allocated-bytes non-tlh="0" tlh="97963880" />
  <largest-consumer threadName="main" threadId="0000000000016F00" bytes="97959784" />
</allocation-stats>
<gc-op id="5550" type="scavenge" timems="83.503" contextid="5547" timestamp="2022-02-08T17:33:41.812">
  <scavenger-info tenureage="1" tenuremask="7ffe" tiltratio="68" />
  <memory-copied type="nursery" objects="1340817" bytes="75616568" bytesdiscarded="359352" />
  <memory-copied type="tenure" objects="1353584" bytes="77289368" bytesdiscarded="43696" />
  <finalization candidates="2" enqueued="0" />
  <ownableSynchronizers candidates="2" cleared="2" />
  <object-monitors candidates="2" cleared="0"  />
</gc-op>
<gc-end id="5551" type="scavenge" contextid="5547" durationms="83.688" usertimems="331.088" systemtimems="0.032" stalltimems="1.925" timestamp="2022-02-08T17:33:41.812" activeThreads="4">
  <mem-info id="5552" free="337280648" total="1073741824" percent="31">
    <mem type="nursery" free="107918096" total="268435456" percent="40">
      <mem type="allocate" free="107918096" total="183894016" percent="58" />
      <mem type="survivor" free="0" total="84541440" percent="0" />
    </mem>
    <mem type="tenure" free="229362552" total="805306368" percent="28" macro-fragmented="0">
      <mem type="soa" free="221308792" total="797252608" percent="27" />
      <mem type="loa" free="8053760" total="8053760" percent="100" />
    </mem>
    <remembered-set count="104" />
  </mem-info>
</gc-end>
<cycle-end id="5553" type="scavenge" contextid="5547" timestamp="2022-02-08T17:33:41.813" />
<allocation-satisfied id="5554" threadId="0000000000016F00" bytesRequested="200" />
<af-end id="5555" timestamp="2022-02-08T17:33:41.813" threadId="0000000000017908" success="true" from="nursery"/>
<exclusive-end id="5556" timestamp="2022-02-08T17:33:41.813" durationms="84.016" />

<exclusive-start id="5557" timestamp="2022-02-08T17:33:42.505" intervalms="776.029">
  <response-info timems="0.018" idlems="0.018" threads="0" lastid="0000000000016F00" lastname="main" />
</exclusive-start>
<af-start id="5558" threadId="0000000000017908" totalBytesRequested="16" timestamp="2022-02-08T17:33:42.505" intervalms="776.023" type="nursery" />
<cycle-start id="5559" type="scavenge" contextid="0" timestamp="2022-02-08T17:33:42.505" intervalms="776.022" />
<gc-start id="5560" type="scavenge" contextid="5559" timestamp="2022-02-08T17:33:42.505">
  <mem-info id="5561" free="229362552" total="1073741824" percent="21">
    <mem type="nursery" free="0" total="268435456" percent="0">
      <mem type="allocate" free="0" total="183894016" percent="0" />
      <mem type="survivor" free="0" total="84541440" percent="0" />
    </mem>
    <mem type="tenure" free="229362552" total="805306368" percent="28">
      <mem type="soa" free="221308792" total="797252608" percent="27" />
      <mem type="loa" free="8053760" total="8053760" percent="100" />
    </mem>
    <remembered-set count="118" />
  </mem-info>
</gc-start>
<allocation-stats totalBytes="107868552" >
  <allocated-bytes non-tlh="453904" tlh="107414648" />
  <largest-consumer threadName="main" threadId="0000000000016F00" bytes="107868552" />
</allocation-stats>
<gc-op id="5562" type="scavenge" timems="73.549" contextid="5559" timestamp="2022-02-08T17:33:42.578">
  <scavenger-info tenureage="1" tenuremask="7ffe" tiltratio="68" />
  <memory-copied type="nursery" objects="1358530" bytes="76814624" bytesdiscarded="109160" />
  <memory-copied type="tenure" objects="1340816" bytes="75616456" bytesdiscarded="46096" />
  <finalization candidates="30" enqueued="18" />
  <references type="phantom" candidates="30" cleared="0" enqueued="0" />
  <object-monitors candidates="2" cleared="0"  />
</gc-op>
<gc-end id="5563" type="scavenge" contextid="5559" durationms="73.773" usertimems="291.128" systemtimems="0.000" stalltimems="2.801" timestamp="2022-02-08T17:33:42.578" activeThreads="4">
  <mem-info id="5564" free="260691616" total="1073741824" percent="24">
    <mem type="nursery" free="107035768" total="268435456" percent="39">
      <mem type="allocate" free="107035768" total="183959552" percent="58" />
      <mem type="survivor" free="0" total="84475904" percent="0" />
    </mem>
    <mem type="tenure" free="153655848" total="805306368" percent="19" macro-fragmented="39939376">
      <mem type="soa" free="145602088" total="797252608" percent="18" />
      <mem type="loa" free="8053760" total="8053760" percent="100" />
    </mem>
    <pending-finalizers system="18" default="0" reference="0" classloader="0" />
    <remembered-set count="119" />
  </mem-info>
</gc-end>
<cycle-end id="5565" type="scavenge" contextid="5559" timestamp="2022-02-08T17:33:42.579" />
<allocation-satisfied id="5566" threadId="0000000000016F00" bytesRequested="16" />
<af-end id="5567" timestamp="2022-02-08T17:33:42.579" threadId="0000000000017908" success="true" from="nursery"/>
<exclusive-end id="5568" timestamp="2022-02-08T17:33:42.579" durationms="74.051" />

<concurrent-kickoff id="5569" timestamp="2022-02-08T17:33:43.354">
  <kickoff reason="threshold reached" targetBytes="74448656" thresholdFreeBytes="5741032"  remainingFree="5681016" tenureFreeBytes="153655848" nurseryFreeBytes="5681016" />
</concurrent-kickoff>
<exclusive-start id="5570" timestamp="2022-02-08T17:33:43.357" intervalms="852.538">
  <response-info timems="0.018" idlems="0.018" threads="0" lastid="0000000000016F00" lastname="main" />
</exclusive-start>
<cycle-start id="5571" type="global" contextid="0" timestamp="2022-02-08T17:33:43.357" intervalms="2808.526" />
<concurrent-start id="5572" type="global mark" contextid="5571" timestamp="2022-02-08T17:33:43.357">
</concurrent-start>
<exclusive-end id="5573" timestamp="2022-02-08T17:33:43.357" durationms="0.041" />

<exclusive-start id="5574" timestamp="2022-02-08T17:33:43.476" intervalms="118.577">
  <response-info timems="0.017" idlems="0.017" threads="0" lastid="0000000000016F00" lastname="main" />
</exclusive-start>
<af-start id="5575" threadId="0000000000017908" totalBytesRequested="192" timestamp="2022-02-08T17:33:43.476" intervalms="971.128" type="nursery" />
<cycle-start id="5576" type="scavenge" contextid="0" timestamp="2022-02-08T17:33:43.476" intervalms="971.128" />
<gc-start id="5577" type="scavenge" contextid="5576" timestamp="2022-02-08T17:33:43.476">
  <mem-info id="5578" free="153655848" total="1073741824" percent="14">
    <mem type="nursery" free="0" total="268435456" percent="0">
      <mem type="allocate" free="0" total="183959552" percent="0" />
      <mem type="survivor" free="0" total="84475904" percent="0" />
    </mem>
    <mem type="tenure" free="153655848" total="805306368" percent="19">
      <mem type="soa" free="145602088" total="797252608" percent="18" />
      <mem type="loa" free="8053760" total="8053760" percent="100" />
    </mem>
    <remembered-set count="136" />
  </mem-info>
</gc-start>
<allocation-stats totalBytes="106987648" >
  <allocated-bytes non-tlh="2555136" tlh="104432512" />
  <largest-consumer threadName="main" threadId="0000000000016F00" bytes="106983552" />
</allocation-stats>
<gc-op id="5579" type="scavenge" timems="76.906" contextid="5576" timestamp="2022-02-08T17:33:43.553">
  <scavenger-info tenureage="1" tenuremask="7ffe" tiltratio="68" />
  <memory-copied type="nursery" objects="1426024" bytes="75558456" bytesdiscarded="251832" />
  <memory-copied type="tenure" objects="1358231" bytes="76201880" bytesdiscarded="42760" />
  <finalization candidates="92" enqueued="35" />
  <references type="soft" candidates="14" cleared="0" enqueued="0" dynamicThreshold="12" maxThreshold="32" />
  <references type="weak" candidates="1" cleared="0" enqueued="0" />
  <references type="phantom" candidates="77" cleared="7" enqueued="7" />
  <object-monitors candidates="2" cleared="0"  />
</gc-op>
<gc-end id="5580" type="scavenge" contextid="5576" durationms="77.127" usertimems="304.297" systemtimems="0.255" stalltimems="2.520" timestamp="2022-02-08T17:33:43.553" activeThreads="4">
  <mem-info id="5581" free="185885120" total="1073741824" percent="17">
    <mem type="nursery" free="108476816" total="268435456" percent="40">
      <mem type="allocate" free="108476816" total="184287232" percent="58" />
      <mem type="survivor" free="0" total="84148224" percent="0" />
    </mem>
    <mem type="tenure" free="77408304" total="805306368" percent="9" macro-fragmented="27735676">
      <mem type="soa" free="69354544" total="797252608" percent="8" />
      <mem type="loa" free="8053760" total="8053760" percent="100" />
    </mem>
    <pending-finalizers system="34" default="1" reference="7" classloader="0" />
    <remembered-set count="120" />
  </mem-info>
</gc-end>
<cycle-end id="5582" type="scavenge" contextid="5576" timestamp="2022-02-08T17:33:43.553" />
<allocation-satisfied id="5583" threadId="0000000000016F00" bytesRequested="192" />
<af-end id="5584" timestamp="2022-02-08T17:33:43.553" threadId="0000000000017908" success="true" from="nursery"/>
<exclusive-end id="5585" timestamp="2022-02-08T17:33:43.553" durationms="77.419" />

<concurrent-end id="5586" type="global mark" contextid="5571" timestamp="2022-02-08T17:33:43.678">
<gc-op id="5587" type="trace" timems="320.837" contextid="5571" timestamp="2022-02-08T17:33:43.678">
  <trace bytesTraced="74450432" workStackOverflowCount="0" />
  <card-cleaning reason="card cleaning threshold reached" bytesTraced="480" cardsCleaned="2" />
</gc-op>
</concurrent-end>

<exclusive-start id="5588" timestamp="2022-02-08T17:33:43.678" intervalms="202.350">
  <response-info timems="0.018" idlems="0.018" threads="0" lastid="0000000000016F00" lastname="main" />
</exclusive-start>
<concurrent-global-final id="5589" timestamp="2022-02-08T17:33:43.678" contextid="5571" intervalms="2813.864" >
  <concurrent-trace-info reason="card cleaning threshold reached" tracedByMutators="56753192" tracedByHelpers="17697720" cardsCleaned="2" workStackOverflowCount="0" />
</concurrent-global-final>
<gc-start id="5590" type="global" contextid="5571" timestamp="2022-02-08T17:33:43.678">
  <mem-info id="5591" free="177389824" total="1073741824" percent="16">
    <mem type="nursery" free="99981520" total="268435456" percent="37">
      <mem type="allocate" free="99981520" total="184287232" percent="54" />
      <mem type="survivor" free="0" total="84148224" percent="0" />
    </mem>
    <mem type="tenure" free="77408304" total="805306368" percent="9">
      <mem type="soa" free="69354544" total="797252608" percent="8" />
      <mem type="loa" free="8053760" total="8053760" percent="100" />
    </mem>
    <remembered-set count="121" />
  </mem-info>
</gc-start>
<allocation-stats totalBytes="8491072" >
  <allocated-bytes non-tlh="192" tlh="8490880" />
  <largest-consumer threadName="main" threadId="0000000000016F00" bytes="8482880" />
</allocation-stats>
<gc-op id="5592" type="rs-scan" timems="124.708" contextid="5571" timestamp="2022-02-08T17:33:43.803">
  <scan objectsFound="3324743" bytesTraced="71019436" workStackOverflowCount="0" />
</gc-op>
<gc-op id="5593" type="card-cleaning" timems="0.237" contextid="5571" timestamp="2022-02-08T17:33:43.803">
  <card-cleaning cardsCleaned="4" bytesTraced="1760" workStackOverflowCount="0" />
</gc-op>
<gc-op id="5594" type="mark" timems="34.234" contextid="5571" timestamp="2022-02-08T17:33:43.837">
  <trace-info objectcount="1317824" scancount="989894" scanbytes="21185480" />
  <finalization candidates="428" enqueued="57" />
  <ownableSynchronizers candidates="1" cleared="0" />
  <references type="soft" candidates="894" cleared="0" enqueued="0" dynamicThreshold="12" maxThreshold="32" />
  <references type="weak" candidates="1701" cleared="0" enqueued="0" />
  <references type="phantom" candidates="52" cleared="2" enqueued="2" />
  <stringconstants candidates="6470" cleared="0"  />
  <object-monitors candidates="2" cleared="0"  />
</gc-op>
<gc-op id="5595" type="sweep" timems="4.716" contextid="5571" timestamp="2022-02-08T17:33:43.842" />
<gc-end id="5596" type="global" contextid="5571" durationms="164.104" usertimems="178.330" systemtimems="0.736" stalltimems="102.479" timestamp="2022-02-08T17:33:43.842" activeThreads="4">
  <mem-info id="5597" free="420972176" total="1073741824" percent="39">
    <mem type="nursery" free="100647232" total="268435456" percent="37">
      <mem type="allocate" free="100647232" total="184287232" percent="54" />
      <mem type="survivor" free="0" total="84148224" percent="0" />
    </mem>
    <mem type="tenure" free="320324944" total="805306368" percent="39" micro-fragmented="353317" macro-fragmented="2160235">
      <mem type="soa" free="312271184" total="797252608" percent="39" />
      <mem type="loa" free="8053760" total="8053760" percent="100" />
    </mem>
    <pending-finalizers system="57" default="0" reference="2" classloader="0" />
    <remembered-set count="108" />
  </mem-info>
</gc-end>
<cycle-end id="5598" type="global" contextid="5571" timestamp="2022-02-08T17:33:43.842" />
<exclusive-end id="5599" timestamp="2022-02-08T17:33:43.842" durationms="164.297" />

<exclusive-start id="5600" timestamp="2022-02-08T17:33:44.551" intervalms="873.198">
  <response-info timems="0.017" idlems="0.017" threads="0" lastid="0000000000016F00" lastname="main" />
</exclusive-start>
<af-start id="5601" threadId="0000000000017908" totalBytesRequested="24" timestamp="2022-02-08T17:33:44.551" intervalms="1075.537" type="nursery" />
<cycle-start id="5602" type="scavenge" contextid="0" timestamp="2022-02-08T17:33:44.551" intervalms="1075.547" />
<gc-start id="5603" type="scavenge" contextid="5602" timestamp="2022-02-08T17:33:44.551">
  <mem-info id="5604" free="320324944" total="1073741824" percent="29">
    <mem type="nursery" free="0" total="268435456" percent="0">
      <mem type="allocate" free="0" total="184287232" percent="0" />
      <mem type="survivor" free="0" total="84148224" percent="0" />
    </mem>
    <mem type="tenure" free="320324944" total="805306368" percent="39">
      <mem type="soa" free="312271184" total="797252608" percent="39" />
      <mem type="loa" free="8053760" total="8053760" percent="100" />
    </mem>
    <remembered-set count="109" />
  </mem-info>
</gc-start>
<allocation-stats totalBytes="100601272" >
  <allocated-bytes non-tlh="0" tlh="100601272" />
  <largest-consumer threadName="main" threadId="0000000000016F00" bytes="100597176" />
</allocation-stats>
<gc-op id="5605" type="scavenge" timems="79.178" contextid="5602" timestamp="2022-02-08T17:33:44.631">
  <scavenger-info tenureage="1" tenuremask="7ffe" tiltratio="68" />
  <memory-copied type="nursery" objects="1405026" bytes="77600520" bytesdiscarded="223096" />
  <memory-copied type="tenure" objects="1425542" bytes="75246608" bytesdiscarded="41064" />
  <finalization candidates="45" enqueued="0" />
  <ownableSynchronizers candidates="2" cleared="2" />
  <object-monitors candidates="2" cleared="0"  />
</gc-op>
<gc-end id="5606" type="scavenge" contextid="5602" durationms="79.376" usertimems="312.474" systemtimems="0.000" stalltimems="3.294" timestamp="2022-02-08T17:33:44.631" activeThreads="4">
  <mem-info id="5607" free="349841024" total="1073741824" percent="32">
    <mem type="nursery" free="104956288" total="268435456" percent="39">
      <mem type="allocate" free="104956288" total="182779904" percent="57" />
      <mem type="survivor" free="0" total="85655552" percent="0" />
    </mem>
    <mem type="tenure" free="244884736" total="805306368" percent="30" macro-fragmented="0">
      <mem type="soa" free="236830976" total="797252608" percent="29" />
      <mem type="loa" free="8053760" total="8053760" percent="100" />
    </mem>
    <remembered-set count="104" />
  </mem-info>
</gc-end>
<cycle-end id="5608" type="scavenge" contextid="5602" timestamp="2022-02-08T17:33:44.631" />
<allocation-satisfied id="5609" threadId="0000000000016F00" bytesRequested="24" />
<af-end id="5610" timestamp="2022-02-08T17:33:44.631" threadId="0000000000017908" success="true" from="nursery"/>
<exclusive-end id="5611" timestamp="2022-02-08T17:33:44.631" durationms="79.633" />

<exclusive-start id="5612" timestamp="2022-02-08T17:33:45.248" intervalms="696.950">
  <response-info timems="0.019" idlems="0.019" threads="0" lastid="0000000000016F00" lastname="main" />
</exclusive-start>
<af-start id="5613" threadId="0000000000017908" totalBytesRequested="184" timestamp="2022-02-08T17:33:45.248" intervalms="696.950" type="nursery" />
<cycle-start id="5614" type="scavenge" contextid="0" timestamp="2022-02-08T17:33:45.248" intervalms="696.941" />
<gc-start id="5615" type="scavenge" contextid="5614" timestamp="2022-02-08T17:33:45.248">
  <mem-info id="5616" free="244884736" total="1073741824" percent="22">
    <mem type="nursery" free="0" total="268435456" percent="0">
      <mem type="allocate" free="0" total="182779904" percent="0" />
      <mem type="survivor" free="0" total="85655552" percent="0" />
    </mem>
    <mem type="tenure" free="244884736" total="805306368" percent="30">
      <mem type="soa" free="236830976" total="797252608" percent="29" />
      <mem type="loa" free="8053760" total="8053760" percent="100" />
    </mem>
    <remembered-set count="104" />
  </mem-info>
</gc-start>
<allocation-stats totalBytes="104907384" >
  <allocated-bytes non-tlh="24" tlh="104907360" />
  <largest-consumer threadName="main" threadId="0000000000016F00" bytes="104907384" />
</allocation-stats>
<gc-op id="5617" type="scavenge" timems="81.047" contextid="5614" timestamp="2022-02-08T17:33:45.329">
  <scavenger-info tenureage="1" tenuremask="7ffe" tiltratio="68" />
  <memory-copied type="nursery" objects="1312769" bytes="74599576" bytesdiscarded="201192" />
  <memory-copied type="tenure" objects="1405026" bytes="77600520" bytesdiscarded="41224" />
  <object-monitors candidates="2" cleared="0"  />
</gc-op>
<gc-end id="5618" type="scavenge" contextid="5614" durationms="81.363" usertimems="321.052" systemtimems="0.961" stalltimems="0.967" timestamp="2022-02-08T17:33:45.330" activeThreads="4">
  <mem-info id="5619" free="275343376" total="1073741824" percent="25">
    <mem type="nursery" free="108306816" total="268435456" percent="40">
      <mem type="allocate" free="108306816" total="183107584" percent="59" />
      <mem type="survivor" free="0" total="85327872" percent="0" />
    </mem>
    <mem type="tenure" free="167036560" total="805306368" percent="20" macro-fragmented="0">
      <mem type="soa" free="158982800" total="797252608" percent="19" />
      <mem type="loa" free="8053760" total="8053760" percent="100" />
    </mem>
    <remembered-set count="104" />
  </mem-info>
</gc-end>
<cycle-end id="5620" type="scavenge" contextid="5614" timestamp="2022-02-08T17:33:45.330" />
<allocation-satisfied id="5621" threadId="0000000000016F00" bytesRequested="184" />
<af-end id="5622" timestamp="2022-02-08T17:33:45.330" threadId="0000000000017908" success="true" from="nursery"/>
<exclusive-end id="5623" timestamp="2022-02-08T17:33:45.330" durationms="81.655" />

<exclusive-start id="5624" timestamp="2022-02-08T17:33:46.202" intervalms="953.432">
  <response-info timems="0.020" idlems="0.020" threads="0" lastid="0000000000016F00" lastname="main" />
</exclusive-start>
<af-start id="5625" threadId="0000000000017908" totalBytesRequested="64" timestamp="2022-02-08T17:33:46.202" intervalms="953.471" type="nursery" />
<cycle-start id="5626" type="scavenge" contextid="0" timestamp="2022-02-08T17:33:46.202" intervalms="953.483" />
<gc-start id="5627" type="scavenge" contextid="5626" timestamp="2022-02-08T17:33:46.202">
  <mem-info id="5628" free="167036560" total="1073741824" percent="15">
    <mem type="nursery" free="0" total="268435456" percent="0">
      <mem type="allocate" free="0" total="183107584" percent="0" />
      <mem type="survivor" free="0" total="85327872" percent="0" />
    </mem>
    <mem type="tenure" free="167036560" total="805306368" percent="20">
      <mem type="soa" free="158982800" total="797252608" percent="19" />
      <mem type="loa" free="8053760" total="8053760" percent="100" />
    </mem>
    <remembered-set count="135" />
  </mem-info>
</gc-start>
<allocation-stats totalBytes="108258408" >
  <allocated-bytes non-tlh="2841632" tlh="105416776" />
  <largest-consumer threadName="main" threadId="0000000000016F00" bytes="108258408" />
</allocation-stats>
<gc-op id="5629" type="scavenge" timems="81.028" contextid="5626" timestamp="2022-02-08T17:33:46.283">
  <scavenger-info tenureage="1" tenuremask="7ffe" tiltratio="68" />
  <memory-copied type="nursery" objects="1455488" bytes="76125912" bytesdiscarded="160096" />
  <memory-copied type="tenure" objects="1312768" bytes="74599472" bytesdiscarded="43344" />
  <finalization candidates="110" enqueued="53" />
  <references type="soft" candidates="14" cleared="0" enqueued="0" dynamicThreshold="12" maxThreshold="32" />
  <references type="weak" candidates="1" cleared="0" enqueued="0" />
  <references type="phantom" candidates="95" cleared="7" enqueued="7" />
  <object-monitors candidates="2" cleared="0"  />
</gc-op>
<gc-end id="5630" type="scavenge" contextid="5626" durationms="81.225" usertimems="320.219" systemtimems="0.000" stalltimems="3.300" timestamp="2022-02-08T17:33:46.283" activeThreads="4">
  <mem-info id="5631" free="199592800" total="1073741824" percent="18">
    <mem type="nursery" free="107149128" total="268435456" percent="39">
      <mem type="allocate" free="107149128" total="183435264" percent="58" />
      <mem type="survivor" free="0" total="85000192" percent="0" />
    </mem>
    <mem type="tenure" free="92443672" total="805306368" percent="11" macro-fragmented="39939376">
      <mem type="soa" free="84389912" total="797252608" percent="10" />
      <mem type="loa" free="8053760" total="8053760" percent="100" />
    </mem>
    <pending-finalizers system="52" default="1" reference="7" classloader="0" />
    <remembered-set count="130" />
  </mem-info>
</gc-end>
<cycle-end id="5632" type="scavenge" contextid="5626" timestamp="2022-02-08T17:33:46.283" />
<allocation-satisfied id="5633" threadId="0000000000016F00" bytesRequested="64" />
<af-end id="5634" timestamp="2022-02-08T17:33:46.283" threadId="0000000000017908" success="true" from="nursery"/>
<exclusive-end id="5635" timestamp="2022-02-08T17:33:46.283" durationms="81.606" />

<concurrent-kickoff id="5636" timestamp="2022-02-08T17:33:47.004">
  <kickoff reason="threshold reached" targetBytes="74449112" thresholdFreeBytes="5739731"  remainingFree="5723912" tenureFreeBytes="92443672" nurseryFreeBytes="5723912" />
</concurrent-kickoff>
<exclusive-start id="5637" timestamp="2022-02-08T17:33:47.007" intervalms="804.939">
  <response-info timems="0.019" idlems="0.019" threads="0" lastid="0000000000016F00" lastname="main" />
</exclusive-start>
<cycle-start id="5638" type="global" contextid="0" timestamp="2022-02-08T17:33:47.007" intervalms="3649.446" />
<concurrent-start id="5639" type="global mark" contextid="5638" timestamp="2022-02-08T17:33:47.007">
</concurrent-start>
<exclusive-end id="5640" timestamp="2022-02-08T17:33:47.007" durationms="0.028" />

<exclusive-start id="5641" timestamp="2022-02-08T17:33:47.131" intervalms="124.696">
  <response-info timems="0.017" idlems="0.017" threads="0" lastid="0000000000016F00" lastname="main" />
</exclusive-start>
<af-start id="5642" threadId="0000000000017908" totalBytesRequested="24" timestamp="2022-02-08T17:33:47.131" intervalms="929.594" type="nursery" />
<cycle-start id="5643" type="scavenge" contextid="0" timestamp="2022-02-08T17:33:47.131" intervalms="929.582" />
<gc-start id="5644" type="scavenge" contextid="5643" timestamp="2022-02-08T17:33:47.131">
  <mem-info id="5645" free="92443672" total="1073741824" percent="8">
    <mem type="nursery" free="0" total="268435456" percent="0">
      <mem type="allocate" free="0" total="183435264" percent="0" />
      <mem type="survivor" free="0" total="85000192" percent="0" />
    </mem>
    <mem type="tenure" free="92443672" total="805306368" percent="11">
      <mem type="soa" free="84389912" total="797252608" percent="10" />
      <mem type="loa" free="8053760" total="8053760" percent="100" />
    </mem>
    <remembered-set count="131" />
  </mem-info>
</gc-start>
<allocation-stats totalBytes="107100968" >
  <allocated-bytes non-tlh="64" tlh="107100904" />
  <largest-consumer threadName="main" threadId="0000000000016F00" bytes="107092776" />
</allocation-stats>
<gc-op id="5646" type="scavenge" timems="80.436" contextid="5643" timestamp="2022-02-08T17:33:47.212">
  <scavenger-info tenureage="1" tenuremask="7ffe" tiltratio="68" />
  <memory-copied type="nursery" objects="1376725" bytes="76280480" bytesdiscarded="362856" />
  <memory-copied type="tenure" objects="1454777" bytes="75658056" bytesdiscarded="38192" />
  <finalization candidates="57" enqueued="0" />
  <object-monitors candidates="2" cleared="0"  />
</gc-op>
<gc-end id="5647" type="scavenge" contextid="5643" durationms="80.694" usertimems="319.006" systemtimems="0.000" stalltimems="1.827" timestamp="2022-02-08T17:33:47.212" activeThreads="4">
  <mem-info id="5648" free="124128688" total="1073741824" percent="11">
    <mem type="nursery" free="107250680" total="268435456" percent="39">
      <mem type="allocate" free="107250680" total="183894016" percent="58" />
      <mem type="survivor" free="0" total="84541440" percent="0" />
    </mem>
    <mem type="tenure" free="16878008" total="805306368" percent="2" macro-fragmented="24624">
      <mem type="soa" free="8824248" total="797252608" percent="1" />
      <mem type="loa" free="8053760" total="8053760" percent="100" />
    </mem>
    <remembered-set count="103" />
  </mem-info>
</gc-end>
<cycle-end id="5649" type="scavenge" contextid="5643" timestamp="2022-02-08T17:33:47.212" />
<allocation-satisfied id="5650" threadId="0000000000016F00" bytesRequested="24" />
<af-end id="5651" timestamp="2022-02-08T17:33:47.212" threadId="0000000000017908" success="true" from="nursery"/>
<exclusive-end id="5652" timestamp="2022-02-08T17:33:47.212" durationms="80.970" />

<concurrent-end id="5653" type="global mark" contextid="5638" timestamp="2022-02-08T17:33:47.337">
<gc-op id="5654" type="trace" timems="330.104" contextid="5638" timestamp="2022-02-08T17:33:47.337">
  <trace bytesTraced="74450608" workStackOverflowCount="0" />
  <card-cleaning reason="card cleaning threshold reached" bytesTraced="480" cardsCleaned="2" />
</gc-op>
</concurrent-end>

<exclusive-start id="5655" timestamp="2022-02-08T17:33:47.337" intervalms="205.478">
  <response-info timems="0.018" idlems="0.018" threads="0" lastid="0000000000016F00" lastname="main" />
</exclusive-start>
<concurrent-global-final id="5656" timestamp="2022-02-08T17:33:47.337" contextid="5638" intervalms="3658.693" >
  <concurrent-trace-info reason="card cleaning threshold reached" tracedByMutators="55753848" tracedByHelpers="18697240" cardsCleaned="2" workStackOverflowCount="0" />
</concurrent-global-final>
<gc-start id="5657" type="global" contextid="5638" timestamp="2022-02-08T17:33:47.337">
  <mem-info id="5658" free="115248536" total="1073741824" percent="10">
    <mem type="nursery" free="98370528" total="268435456" percent="36">
      <mem type="allocate" free="98370528" total="183894016" percent="53" />
      <mem type="survivor" free="0" total="84541440" percent="0" />
    </mem>
    <mem type="tenure" free="16878008" total="805306368" percent="2">
      <mem type="soa" free="8824248" total="797252608" percent="1" />
      <mem type="loa" free="8053760" total="8053760" percent="100" />
    </mem>
    <remembered-set count="103" />
  </mem-info>
</gc-start>
<allocation-stats totalBytes="8875992" >
  <allocated-bytes non-tlh="24" tlh="8875968" />
  <largest-consumer threadName="main" threadId="0000000000016F00" bytes="8875992" />
</allocation-stats>
<gc-op id="5659" type="rs-scan" timems="0.554" contextid="5638" timestamp="2022-02-08T17:33:47.337">
  <scan objectsFound="0" bytesTraced="3988" workStackOverflowCount="0" />
</gc-op>
<gc-op id="5660" type="card-cleaning" timems="150.910" contextid="5638" timestamp="2022-02-08T17:33:47.488">
  <card-cleaning cardsCleaned="11" bytesTraced="71018388" workStackOverflowCount="0" />
</gc-op>
<gc-op id="5661" type="mark" timems="77.083" contextid="5638" timestamp="2022-02-08T17:33:47.565">
  <trace-info objectcount="2450514" scancount="1839413" scanbytes="39308520" />
  <finalization candidates="428" enqueued="57" />
  <ownableSynchronizers candidates="1" cleared="0" />
  <references type="soft" candidates="894" cleared="0" enqueued="0" dynamicThreshold="12" maxThreshold="32" />
  <references type="weak" candidates="1701" cleared="0" enqueued="0" />
  <references type="phantom" candidates="52" cleared="2" enqueued="2" />
  <stringconstants candidates="6470" cleared="0"  />
  <object-monitors candidates="2" cleared="0"  />
</gc-op>
<gc-op id="5662" type="sweep" timems="5.242" contextid="5638" timestamp="2022-02-08T17:33:47.571" />
<gc-end id="5663" type="global" contextid="5638" durationms="234.005" usertimems="250.070" systemtimems="0.000" stalltimems="230.731" timestamp="2022-02-08T17:33:47.571" activeThreads="4">
  <mem-info id="5664" free="358610600" total="1073741824" percent="33">
    <mem type="nursery" free="98825800" total="268435456" percent="36">
      <mem type="allocate" free="98825800" total="183894016" percent="53" />
      <mem type="survivor" free="0" total="84541440" percent="0" />
    </mem>
    <mem type="tenure" free="259784800" total="805306368" percent="32" micro-fragmented="351310" macro-fragmented="0">
      <mem type="soa" free="251731040" total="797252608" percent="31" />
      <mem type="loa" free="8053760" total="8053760" percent="100" />
    </mem>
    <pending-finalizers system="57" default="0" reference="2" classloader="0" />
    <remembered-set count="103" />
  </mem-info>
</gc-end>
<cycle-end id="5665" type="global" contextid="5638" timestamp="2022-02-08T17:33:47.571" />
<exclusive-end id="5666" timestamp="2022-02-08T17:33:47.571" durationms="234.207" />

<exclusive-start id="5667" timestamp="2022-02-08T17:33:48.158" intervalms="820.921">
  <response-info timems="0.038" idlems="0.038" threads="0" lastid="0000000000016F00" lastname="main" />
</exclusive-start>
<af-start id="5668" threadId="0000000000017908" totalBytesRequested="184" timestamp="2022-02-08T17:33:48.158" intervalms="1026.400" type="nursery" />
<cycle-start id="5669" type="scavenge" contextid="0" timestamp="2022-02-08T17:33:48.158" intervalms="1026.400" />
<gc-start id="5670" type="scavenge" contextid="5669" timestamp="2022-02-08T17:33:48.158">
  <mem-info id="5671" free="259784800" total="1073741824" percent="24">
    <mem type="nursery" free="0" total="268435456" percent="0">
      <mem type="allocate" free="0" total="183894016" percent="0" />
      <mem type="survivor" free="0" total="84541440" percent="0" />
    </mem>
    <mem type="tenure" free="259784800" total="805306368" percent="32">
      <mem type="soa" free="251731040" total="797252608" percent="31" />
      <mem type="loa" free="8053760" total="8053760" percent="100" />
    </mem>
    <remembered-set count="106" />
  </mem-info>
</gc-start>
<allocation-stats totalBytes="98780768" >
  <allocated-bytes non-tlh="0" tlh="98780768" />
  <largest-consumer threadName="main" threadId="0000000000016F00" bytes="98776672" />
</allocation-stats>
<gc-op id="5672" type="scavenge" timems="76.372" contextid="5669" timestamp="2022-02-08T17:33:48.234">
  <scavenger-info tenureage="1" tenuremask="7ffe" tiltratio="68" />
  <memory-copied type="nursery" objects="1356234" bytes="76468856" bytesdiscarded="260488" />
  <memory-copied type="tenure" objects="1376725" bytes="76280480" bytesdiscarded="46464" />
  <ownableSynchronizers candidates="2" cleared="2" />
  <object-monitors candidates="2" cleared="0"  />
</gc-op>
<gc-end id="5673" type="scavenge" contextid="5669" durationms="76.564" usertimems="302.988" systemtimems="0.053" stalltimems="1.948" timestamp="2022-02-08T17:33:48.234" activeThreads="4">
  <mem-info id="5674" free="290724768" total="1073741824" percent="27">
    <mem type="nursery" free="107492352" total="268435456" percent="40">
      <mem type="allocate" free="107492352" total="184221696" percent="58" />
      <mem type="survivor" free="0" total="84213760" percent="0" />
    </mem>
    <mem type="tenure" free="183232416" total="805306368" percent="22" macro-fragmented="0">
      <mem type="soa" free="175178656" total="797252608" percent="21" />
      <mem type="loa" free="8053760" total="8053760" percent="100" />
    </mem>
    <remembered-set count="104" />
  </mem-info>
</gc-end>
<cycle-end id="5675" type="scavenge" contextid="5669" timestamp="2022-02-08T17:33:48.234" />
<allocation-satisfied id="5676" threadId="0000000000016F00" bytesRequested="184" />
<af-end id="5677" timestamp="2022-02-08T17:33:48.234" threadId="0000000000017908" success="true" from="nursery"/>
<exclusive-end id="5678" timestamp="2022-02-08T17:33:48.234" durationms="76.813" />

<exclusive-start id="5679" timestamp="2022-02-08T17:33:49.080" intervalms="922.621">
  <response-info timems="0.016" idlems="0.016" threads="0" lastid="0000000000016F00" lastname="main" />
</exclusive-start>
<af-start id="5680" threadId="0000000000017908" totalBytesRequested="104" timestamp="2022-02-08T17:33:49.080" intervalms="922.619" type="nursery" />
<cycle-start id="5681" type="scavenge" contextid="0" timestamp="2022-02-08T17:33:49.080" intervalms="922.617" />
<gc-start id="5682" type="scavenge" contextid="5681" timestamp="2022-02-08T17:33:49.080">
  <mem-info id="5683" free="183232416" total="1073741824" percent="17">
    <mem type="nursery" free="0" total="268435456" percent="0">
      <mem type="allocate" free="0" total="184221696" percent="0" />
      <mem type="survivor" free="0" total="84213760" percent="0" />
    </mem>
    <mem type="tenure" free="183232416" total="805306368" percent="22">
      <mem type="soa" free="175178656" total="797252608" percent="21" />
      <mem type="loa" free="8053760" total="8053760" percent="100" />
    </mem>
    <remembered-set count="134" />
  </mem-info>
</gc-start>
<allocation-stats totalBytes="107445920" >
  <allocated-bytes non-tlh="2938432" tlh="104507488" />
  <largest-consumer threadName="main" threadId="0000000000016F00" bytes="107445920" />
</allocation-stats>
<gc-op id="5684" type="scavenge" timems="76.750" contextid="5681" timestamp="2022-02-08T17:33:49.157">
  <scavenger-info tenureage="1" tenuremask="7ffe" tiltratio="68" />
  <memory-copied type="nursery" objects="1422431" bytes="75469888" bytesdiscarded="237312" />
  <memory-copied type="tenure" objects="1356233" bytes="76468752" bytesdiscarded="48120" />
  <finalization candidates="110" enqueued="53" />
  <references type="soft" candidates="14" cleared="0" enqueued="0" dynamicThreshold="10" maxThreshold="32" />
  <references type="weak" candidates="1" cleared="0" enqueued="0" />
  <references type="phantom" candidates="95" cleared="7" enqueued="7" />
  <object-monitors candidates="2" cleared="0"  />
</gc-op>
<gc-end id="5685" type="scavenge" contextid="5681" durationms="76.938" usertimems="298.794" systemtimems="0.000" stalltimems="3.689" timestamp="2022-02-08T17:33:49.157" activeThreads="4">
  <mem-info id="5686" free="215599040" total="1073741824" percent="20">
    <mem type="nursery" free="108842048" total="268435456" percent="40">
      <mem type="allocate" free="108842048" total="184549376" percent="58" />
      <mem type="survivor" free="0" total="83886080" percent="0" />
    </mem>
    <mem type="tenure" free="106756992" total="805306368" percent="13" macro-fragmented="723458">
      <mem type="soa" free="98703232" total="797252608" percent="12" />
      <mem type="loa" free="8053760" total="8053760" percent="100" />
    </mem>
    <pending-finalizers system="52" default="1" reference="7" classloader="0" />
    <remembered-set count="131" />
  </mem-info>
</gc-end>
<cycle-end id="5687" type="scavenge" contextid="5681" timestamp="2022-02-08T17:33:49.157" />
<allocation-satisfied id="5688" threadId="0000000000016F00" bytesRequested="104" />
<af-end id="5689" timestamp="2022-02-08T17:33:49.158" threadId="0000000000017908" success="true" from="nursery"/>
<exclusive-end id="5690" timestamp="2022-02-08T17:33:49.158" durationms="77.253" />

<concurrent-kickoff id="5691" timestamp="2022-02-08T17:33:49.839">
  <kickoff reason="threshold reached" targetBytes="74449509" thresholdFreeBytes="5738756"  remainingFree="5622848" tenureFreeBytes="106756992" nurseryFreeBytes="5622848" />
</concurrent-kickoff>
<exclusive-start id="5692" timestamp="2022-02-08T17:33:49.842" intervalms="761.255">
  <response-info timems="0.018" idlems="0.018" threads="0" lastid="0000000000016F00" lastname="main" />
</exclusive-start>
<cycle-start id="5693" type="global" contextid="0" timestamp="2022-02-08T17:33:49.842" intervalms="2834.970" />
<concurrent-start id="5694" type="global mark" contextid="5693" timestamp="2022-02-08T17:33:49.842">
</concurrent-start>
<exclusive-end id="5695" timestamp="2022-02-08T17:33:49.842" durationms="0.028" />

<exclusive-start id="5696" timestamp="2022-02-08T17:33:49.965" intervalms="123.869">
  <response-info timems="0.016" idlems="0.016" threads="0" lastid="0000000000016F00" lastname="main" />
</exclusive-start>
<af-start id="5697" threadId="0000000000017908" totalBytesRequested="184" timestamp="2022-02-08T17:33:49.965" intervalms="885.178" type="nursery" />
<cycle-start id="5698" type="scavenge" contextid="0" timestamp="2022-02-08T17:33:49.966" intervalms="885.180" />
<gc-start id="5699" type="scavenge" contextid="5698" timestamp="2022-02-08T17:33:49.966">
  <mem-info id="5700" free="106756992" total="1073741824" percent="9">
    <mem type="nursery" free="0" total="268435456" percent="0">
      <mem type="allocate" free="0" total="184549376" percent="0" />
      <mem type="survivor" free="0" total="83886080" percent="0" />
    </mem>
    <mem type="tenure" free="106756992" total="805306368" percent="13">
      <mem type="soa" free="98703232" total="797252608" percent="12" />
      <mem type="loa" free="8053760" total="8053760" percent="100" />
    </mem>
    <remembered-set count="132" />
  </mem-info>
</gc-start>
<allocation-stats totalBytes="108792504" >
  <allocated-bytes non-tlh="104" tlh="108792400" />
  <largest-consumer threadName="main" threadId="0000000000016F00" bytes="108784312" />
</allocation-stats>
<gc-op id="5701" type="scavenge" timems="76.732" contextid="5698" timestamp="2022-02-08T17:33:50.042">
  <scavenger-info tenureage="1" tenuremask="7ffe" tiltratio="68" />
  <memory-copied type="nursery" objects="1401477" bytes="77503240" bytesdiscarded="278432" />
  <memory-copied type="tenure" objects="1421720" bytes="75002032" bytesdiscarded="41392" />
  <finalization candidates="57" enqueued="0" />
  <object-monitors candidates="2" cleared="0"  />
</gc-op>
<gc-end id="5702" type="scavenge" contextid="5698" durationms="76.932" usertimems="303.273" systemtimems="0.098" stalltimems="3.123" timestamp="2022-02-08T17:33:50.042" activeThreads="4">
  <mem-info id="5703" free="136955848" total="1073741824" percent="12">
    <mem type="nursery" free="105129304" total="268435456" percent="39">
      <mem type="allocate" free="105129304" total="182910976" percent="57" />
      <mem type="survivor" free="0" total="85524480" percent="0" />
    </mem>
    <mem type="tenure" free="31826544" total="805306368" percent="3" macro-fragmented="0">
      <mem type="soa" free="23772784" total="797252608" percent="2" />
      <mem type="loa" free="8053760" total="8053760" percent="100" />
    </mem>
    <remembered-set count="103" />
  </mem-info>
</gc-end>
<cycle-end id="5704" type="scavenge" contextid="5698" timestamp="2022-02-08T17:33:50.043" />
<allocation-satisfied id="5705" threadId="0000000000016F00" bytesRequested="184" />
<af-end id="5706" timestamp="2022-02-08T17:33:50.043" threadId="0000000000017908" success="true" from="nursery"/>
<exclusive-end id="5707" timestamp="2022-02-08T17:33:50.043" durationms="77.310" />

<concurrent-end id="5708" type="global mark" contextid="5693" timestamp="2022-02-08T17:33:50.161">
<gc-op id="5709" type="trace" timems="319.850" contextid="5693" timestamp="2022-02-08T17:33:50.161">
  <trace bytesTraced="74450816" workStackOverflowCount="0" />
  <card-cleaning reason="card cleaning threshold reached" bytesTraced="480" cardsCleaned="2" />
</gc-op>
</concurrent-end>

<exclusive-start id="5710" timestamp="2022-02-08T17:33:50.161" intervalms="196.048">
  <response-info timems="0.017" idlems="0.017" threads="0" lastid="0000000000016F00" lastname="main" />
</exclusive-start>
<concurrent-global-final id="5711" timestamp="2022-02-08T17:33:50.161" contextid="5693" intervalms="2824.714" >
  <concurrent-trace-info reason="card cleaning threshold reached" tracedByMutators="57333440" tracedByHelpers="17117856" cardsCleaned="2" workStackOverflowCount="0" />
</concurrent-global-final>
<gc-start id="5712" type="global" contextid="5693" timestamp="2022-02-08T17:33:50.162">
  <mem-info id="5713" free="129386256" total="1073741824" percent="12">
    <mem type="nursery" free="97559712" total="268435456" percent="36">
      <mem type="allocate" free="97559712" total="182910976" percent="53" />
      <mem type="survivor" free="0" total="85524480" percent="0" />
    </mem>
    <mem type="tenure" free="31826544" total="805306368" percent="3">
      <mem type="soa" free="23772784" total="797252608" percent="2" />
      <mem type="loa" free="8053760" total="8053760" percent="100" />
    </mem>
    <remembered-set count="103" />
  </mem-info>
</gc-start>
<allocation-stats totalBytes="7566304" >
  <allocated-bytes non-tlh="184" tlh="7566120" />
  <largest-consumer threadName="main" threadId="0000000000016F00" bytes="7566304" />
</allocation-stats>
<gc-op id="5714" type="rs-scan" timems="0.550" contextid="5693" timestamp="2022-02-08T17:33:50.162">
  <scan objectsFound="0" bytesTraced="3988" workStackOverflowCount="0" />
</gc-op>
<gc-op id="5715" type="card-cleaning" timems="145.183" contextid="5693" timestamp="2022-02-08T17:33:50.307">
  <card-cleaning cardsCleaned="10" bytesTraced="71018276" workStackOverflowCount="0" />
</gc-op>
<gc-op id="5716" type="mark" timems="58.118" contextid="5693" timestamp="2022-02-08T17:33:50.365">
  <trace-info objectcount="2190051" scancount="1644065" scanbytes="35141120" />
  <finalization candidates="428" enqueued="57" />
  <ownableSynchronizers candidates="1" cleared="0" />
  <references type="soft" candidates="894" cleared="0" enqueued="0" dynamicThreshold="10" maxThreshold="32" />
  <references type="weak" candidates="1701" cleared="0" enqueued="0" />
  <references type="phantom" candidates="52" cleared="2" enqueued="2" />
  <stringconstants candidates="6470" cleared="0"  />
  <object-monitors candidates="2" cleared="0"  />
</gc-op>
<gc-op id="5717" type="sweep" timems="5.113" contextid="5693" timestamp="2022-02-08T17:33:50.371" />
<gc-end id="5718" type="global" contextid="5693" durationms="209.183" usertimems="216.865" systemtimems="7.912" stalltimems="173.802" timestamp="2022-02-08T17:33:50.371" activeThreads="4">
  <mem-info id="5719" free="372573120" total="1073741824" percent="34">
    <mem type="nursery" free="97930248" total="268435456" percent="36">
      <mem type="allocate" free="97930248" total="182910976" percent="53" />
      <mem type="survivor" free="0" total="85524480" percent="0" />
    </mem>
    <mem type="tenure" free="274642872" total="805306368" percent="34" micro-fragmented="445932" macro-fragmented="0">
      <mem type="soa" free="266589112" total="797252608" percent="33" />
      <mem type="loa" free="8053760" total="8053760" percent="100" />
    </mem>
    <pending-finalizers system="57" default="0" reference="2" classloader="0" />
    <remembered-set count="103" />
  </mem-info>
</gc-end>
<cycle-end id="5720" type="global" contextid="5693" timestamp="2022-02-08T17:33:50.371" />
<exclusive-end id="5721" timestamp="2022-02-08T17:33:50.371" durationms="209.412" />

<exclusive-start id="5722" timestamp="2022-02-08T17:33:50.953" intervalms="791.063">
  <response-info timems="0.019" idlems="0.019" threads="0" lastid="0000000000016F00" lastname="main" />
</exclusive-start>
<af-start id="5723" threadId="0000000000017908" totalBytesRequested="224" timestamp="2022-02-08T17:33:50.953" intervalms="987.059" type="nursery" />
<cycle-start id="5724" type="scavenge" contextid="0" timestamp="2022-02-08T17:33:50.953" intervalms="987.059" />
<gc-start id="5725" type="scavenge" contextid="5724" timestamp="2022-02-08T17:33:50.953">
  <mem-info id="5726" free="274642872" total="1073741824" percent="25">
    <mem type="nursery" free="0" total="268435456" percent="0">
      <mem type="allocate" free="0" total="182910976" percent="0" />
      <mem type="survivor" free="0" total="85524480" percent="0" />
    </mem>
    <mem type="tenure" free="274642872" total="805306368" percent="34">
      <mem type="soa" free="266589112" total="797252608" percent="33" />
      <mem type="loa" free="8053760" total="8053760" percent="100" />
    </mem>
    <remembered-set count="106" />
  </mem-info>
</gc-start>
<allocation-stats totalBytes="97885568" >
  <allocated-bytes non-tlh="0" tlh="97885568" />
  <largest-consumer threadName="main" threadId="0000000000016F00" bytes="97881472" />
</allocation-stats>
<gc-op id="5727" type="scavenge" timems="73.239" contextid="5724" timestamp="2022-02-08T17:33:51.026">
  <scavenger-info tenureage="1" tenuremask="7ffe" tiltratio="68" />
  <memory-copied type="nursery" objects="1315723" bytes="74858816" bytesdiscarded="145624" />
  <memory-copied type="tenure" objects="1401476" bytes="77503136" bytesdiscarded="42968" />
  <ownableSynchronizers candidates="2" cleared="2" />
  <object-monitors candidates="2" cleared="0"  />
</gc-op>
<gc-end id="5728" type="scavenge" contextid="5724" durationms="73.426" usertimems="289.472" systemtimems="0.000" stalltimems="2.753" timestamp="2022-02-08T17:33:51.026" activeThreads="4">
  <mem-info id="5729" free="305071872" total="1073741824" percent="28">
    <mem type="nursery" free="108234216" total="268435456" percent="40">
      <mem type="allocate" free="108234216" total="183238656" percent="59" />
      <mem type="survivor" free="0" total="85196800" percent="0" />
    </mem>
    <mem type="tenure" free="196837656" total="805306368" percent="24" macro-fragmented="0">
      <mem type="soa" free="188783896" total="797252608" percent="23" />
      <mem type="loa" free="8053760" total="8053760" percent="100" />
    </mem>
    <remembered-set count="105" />
  </mem-info>
</gc-end>
<cycle-end id="5730" type="scavenge" contextid="5724" timestamp="2022-02-08T17:33:51.026" />
<allocation-satisfied id="5731" threadId="0000000000016F00" bytesRequested="224" />
<af-end id="5732" timestamp="2022-02-08T17:33:51.026" threadId="0000000000017908" success="true" from="nursery"/>
<exclusive-end id="5733" timestamp="2022-02-08T17:33:51.026" durationms="73.683" />

</verbosegc>

