<?xml version="1.0" ?>

<verbosegc xmlns="http://www.ibm.com/j9/verbosegc" version="a784f9a9d54_CMPRSS">

<initialized id="1" timestamp="2022-02-08T18:51:59.921">
  <attribute name="gcPolicy" value="-Xgcpolicy:gencon" />
  <attribute name="maxHeapSize" value="0x40000000" />
  <attribute name="initialHeapSize" value="0x40000000" />
  <attribute name="compressedRefs" value="true" />
  <attribute name="compressedRefsDisplacement" value="0x0" />
  <attribute name="compressedRefsShift" value="0x0" />
  <attribute name="pageSize" value="0x1000" />
  <attribute name="pageType" value="not used" />
  <attribute name="requestedPageSize" value="0x1000" />
  <attribute name="requestedPageType" value="not used" />
  <attribute name="gcthreads" value="4" />
  <attribute name="gcthreads Concurrent Mark" value="1" />
  <attribute name="packetListSplit" value="1" />
  <attribute name="cacheListSplit" value="1" />
  <attribute name="splitFreeListSplitAmount" value="1" />
  <attribute name="numaNodes" value="0" />
  <system>
    <attribute name="physicalMemory" value="10477432832" />
    <attribute name="numCPUs" value="4" />
    <attribute name="architecture" value="amd64" />
    <attribute name="os" value="Linux" />
    <attribute name="osVersion" value="4.15.0-167-generic" />
  </system>
  <vmargs>
    <vmarg name="-Xoptionsfile=/home/keithc/space/openj9/jdk11/build/normal/images/jdk/lib/options.default" />
    <vmarg name="-Xlockword:mode=default,noLockword=java/lang/String,noLockword=java/util/MapEntry,noLockword=java/util/HashMap$Entry,noLockword..." />
    <vmarg name="-Xjcl:jclse29" />
    <vmarg name="-Dcom.ibm.oti.vm.bootstrap.library.path=/home/keithc/space/openj9/jdk11/build/normal/images/jdk/lib/default:/home/keithc/space/..." />
    <vmarg name="-Dsun.boot.library.path=/home/keithc/space/openj9/jdk11/build/normal/images/jdk/lib/default:/home/keithc/space/openj9/jdk11/bui..." />
    <vmarg name="-Djava.library.path=/home/keithc/space/openj9/jdk11/build/normal/images/jdk/lib/default:/home/keithc/space/openj9/jdk11/build/n..." />
    <vmarg name="-Djava.home=/home/keithc/space/openj9/jdk11/build/normal/images/jdk" />
    <vmarg name="-Duser.dir=/home/keithc/space/openj9/issue-14193" />
    <vmarg name="-agentlib:jdwp=transport=dt_socket,suspend=y,address=localhost:36913" />
    <vmarg name="-Xgcpolicy:gencon" />
    <vmarg name="-Xverbosegclog" />
    <vmarg name="-Xdump:none" />
    <vmarg name="-Xdump:java:events=abort" />
    <vmarg name="-Xms1024M" />
    <vmarg name="-Xmx1024M" />
    <vmarg name="--add-exports=openj9.dtfj/com.ibm.dtfj.image.j9=test.ras" />
    <vmarg name="-javaagent:/home/keithc/eclipse/2021-12/eclipse/configuration/org.eclipse.osgi/180/0/.cp/lib/javaagent-shaded.jar" />
    <vmarg name="-Dfile.encoding=UTF-8" />
    <vmarg name="--module-path=/home/keithc/space/openj9/issue-14193/bin" />
    <vmarg name="-Djdk.module.main=test.ras" />
    <vmarg name="-Dsun.java.command=test.ras/test.TestRAS data/core.testSystemDumpNullFile.1643155017633.dmp" />
    <vmarg name="-Dsun.java.launcher=SUN_STANDARD" />
    <vmarg name="-Dsun.java.launcher.pid=7177" />
  </vmargs>
</initialized>

<exclusive-start id="2" timestamp="2022-02-08T18:52:02.061" intervalms="2140.027">
  <response-info timems="0.016" idlems="0.016" threads="0" lastid="0000000000016F00" lastname="main" />
</exclusive-start>
<af-start id="3" threadId="0000000000017908" totalBytesRequested="16" timestamp="2022-02-08T18:52:02.061" intervalms="2140.077" type="nursery" />
<cycle-start id="4" type="scavenge" contextid="0" timestamp="2022-02-08T18:52:02.061" intervalms="2140.105" />
<gc-start id="5" type="scavenge" contextid="4" timestamp="2022-02-08T18:52:02.061">
  <mem-info id="6" free="804593584" total="1073741824" percent="74">
    <mem type="nursery" free="0" total="268435456" percent="0">
      <mem type="allocate" free="0" total="134217728" percent="0" />
      <mem type="survivor" free="0" total="134217728" percent="0" />
    </mem>
    <mem type="tenure" free="804593584" total="805306368" percent="99">
      <mem type="soa" free="764327856" total="765040640" percent="99" />
      <mem type="loa" free="40265728" total="40265728" percent="100" />
    </mem>
    <remembered-set count="8719" />
  </mem-info>
</gc-start>
<allocation-stats totalBytes="134863888" >
  <allocated-bytes non-tlh="3155944" tlh="131707944" />
  <largest-consumer threadName="main" threadId="0000000000016F00" bytes="134746408" />
</allocation-stats>
<gc-op id="7" type="scavenge" timems="66.649" contextid="4" timestamp="2022-02-08T18:52:02.127">
  <scavenger-info tenureage="1" tenuremask="fffe" tiltratio="50" />
  <memory-copied type="nursery" objects="1617819" bytes="88185872" bytesdiscarded="162832" />
  <finalization candidates="223" enqueued="19" />
  <ownableSynchronizers candidates="3" cleared="2" />
  <references type="soft" candidates="275" cleared="0" enqueued="0" dynamicThreshold="32" maxThreshold="32" />
  <references type="weak" candidates="2517" cleared="875" enqueued="628" />
  <references type="phantom" candidates="113" cleared="41" enqueued="41" />
  <object-monitors candidates="3" cleared="1"  />
</gc-op>
<gc-end id="8" type="scavenge" contextid="4" durationms="66.751" usertimems="194.790" systemtimems="0.000" stalltimems="3.583" timestamp="2022-02-08T18:52:02.127" activeThreads="4">
  <mem-info id="9" free="850459568" total="1073741824" percent="79">
    <mem type="nursery" free="45865984" total="268435456" percent="17">
      <mem type="allocate" free="45865984" total="134217728" percent="34" />
      <mem type="survivor" free="0" total="134217728" percent="0" />
    </mem>
    <mem type="tenure" free="804593584" total="805306368" percent="99">
      <mem type="soa" free="764327856" total="765040640" percent="99" />
      <mem type="loa" free="40265728" total="40265728" percent="100" />
    </mem>
    <pending-finalizers system="18" default="1" reference="669" classloader="0" />
    <remembered-set count="8719" />
  </mem-info>
</gc-end>
<cycle-end id="10" type="scavenge" contextid="4" timestamp="2022-02-08T18:52:02.128" />
<allocation-satisfied id="11" threadId="0000000000016F00" bytesRequested="16" />
<af-end id="12" timestamp="2022-02-08T18:52:02.128" threadId="0000000000017908" success="true" from="nursery"/>
<exclusive-end id="13" timestamp="2022-02-08T18:52:02.128" durationms="67.083" />

<exclusive-start id="14" timestamp="2022-02-08T18:52:02.445" intervalms="384.631">
  <response-info timems="0.016" idlems="0.016" threads="0" lastid="0000000000016F00" lastname="main" />
</exclusive-start>
<af-start id="15" threadId="0000000000017908" totalBytesRequested="216" timestamp="2022-02-08T18:52:02.445" intervalms="384.628" type="nursery" />
<cycle-start id="16" type="scavenge" contextid="0" timestamp="2022-02-08T18:52:02.445" intervalms="384.621" />
<gc-start id="17" type="scavenge" contextid="16" timestamp="2022-02-08T18:52:02.445">
  <mem-info id="18" free="804593480" total="1073741824" percent="74">
    <mem type="nursery" free="0" total="268435456" percent="0">
      <mem type="allocate" free="0" total="134217728" percent="0" />
      <mem type="survivor" free="0" total="134217728" percent="0" />
    </mem>
    <mem type="tenure" free="804593480" total="805306368" percent="99">
      <mem type="soa" free="764327752" total="765040640" percent="99" />
      <mem type="loa" free="40265728" total="40265728" percent="100" />
    </mem>
    <remembered-set count="8720" />
  </mem-info>
</gc-start>
<allocation-stats totalBytes="45843376" >
  <allocated-bytes non-tlh="120" tlh="45843256" />
  <largest-consumer threadName="main" threadId="0000000000016F00" bytes="45778496" />
</allocation-stats>
<gc-op id="19" type="scavenge" timems="79.341" contextid="16" timestamp="2022-02-08T18:52:02.525">
  <scavenger-info tenureage="1" tenuremask="7ffe" tiltratio="50" />
  <memory-copied type="nursery" objects="571032" bytes="32604160" bytesdiscarded="293112" />
  <memory-copied type="tenure" objects="1616374" bytes="87966608" bytesdiscarded="41896" />
  <finalization candidates="204" enqueued="0" />
  <ownableSynchronizers candidates="1" cleared="0" />
  <object-monitors candidates="16" cleared="14"  />
</gc-op>
<gc-end id="20" type="scavenge" contextid="16" durationms="79.510" usertimems="240.433" systemtimems="2.633" stalltimems="16.516" timestamp="2022-02-08T18:52:02.525" activeThreads="4">
  <mem-info id="21" free="817696816" total="1073741824" percent="76">
    <mem type="nursery" free="101320448" total="268435456" percent="37">
      <mem type="allocate" free="101320448" total="134217728" percent="75" />
      <mem type="survivor" free="0" total="134217728" percent="0" />
    </mem>
    <mem type="tenure" free="716376368" total="805306368" percent="88">
      <mem type="soa" free="676110640" total="765040640" percent="88" />
      <mem type="loa" free="40265728" total="40265728" percent="100" />
    </mem>
    <remembered-set count="8913" />
  </mem-info>
</gc-end>
<cycle-end id="22" type="scavenge" contextid="16" timestamp="2022-02-08T18:52:02.525" />
<allocation-satisfied id="23" threadId="0000000000016F00" bytesRequested="216" />
<af-end id="24" timestamp="2022-02-08T18:52:02.525" threadId="0000000000017908" success="true" from="nursery"/>
<exclusive-end id="25" timestamp="2022-02-08T18:52:02.525" durationms="79.792" />

<exclusive-start id="26" timestamp="2022-02-08T18:52:03.130" intervalms="684.688">
  <response-info timems="0.017" idlems="0.017" threads="0" lastid="0000000000016F00" lastname="main" />
</exclusive-start>
<af-start id="27" threadId="0000000000017908" totalBytesRequested="112" timestamp="2022-02-08T18:52:03.130" intervalms="684.683" type="nursery" />
<cycle-start id="28" type="scavenge" contextid="0" timestamp="2022-02-08T18:52:03.130" intervalms="684.684" />
<gc-start id="29" type="scavenge" contextid="28" timestamp="2022-02-08T18:52:03.130">
  <mem-info id="30" free="716376368" total="1073741824" percent="66">
    <mem type="nursery" free="0" total="268435456" percent="0">
      <mem type="allocate" free="0" total="134217728" percent="0" />
      <mem type="survivor" free="0" total="134217728" percent="0" />
    </mem>
    <mem type="tenure" free="716376368" total="805306368" percent="88">
      <mem type="soa" free="676110640" total="765040640" percent="88" />
      <mem type="loa" free="40265728" total="40265728" percent="100" />
    </mem>
    <remembered-set count="8913" />
  </mem-info>
</gc-start>
<allocation-stats totalBytes="101276056" >
  <allocated-bytes non-tlh="216" tlh="101275840" />
  <largest-consumer threadName="main" threadId="0000000000016F00" bytes="101276056" />
</allocation-stats>
<gc-op id="31" type="scavenge" timems="53.641" contextid="28" timestamp="2022-02-08T18:52:03.184">
  <scavenger-info tenureage="1" tenuremask="7ffe" tiltratio="50" />
  <memory-copied type="nursery" objects="1260960" bytes="71967064" bytesdiscarded="373240" />
  <memory-copied type="tenure" objects="571031" bytes="32604040" bytesdiscarded="16392" />
  <object-monitors candidates="2" cleared="0"  />
</gc-op>
<gc-end id="32" type="scavenge" contextid="28" durationms="53.776" usertimems="212.026" systemtimems="0.000" stalltimems="1.736" timestamp="2022-02-08T18:52:03.184" activeThreads="4">
  <mem-info id="33" free="745658336" total="1073741824" percent="69">
    <mem type="nursery" free="61877424" total="268435456" percent="23">
      <mem type="allocate" free="61877424" total="134217728" percent="46" />
      <mem type="survivor" free="0" total="134217728" percent="0" />
    </mem>
    <mem type="tenure" free="683780912" total="805306368" percent="84">
      <mem type="soa" free="643515184" total="765040640" percent="84" />
      <mem type="loa" free="40265728" total="40265728" percent="100" />
    </mem>
    <remembered-set count="104" />
  </mem-info>
</gc-end>
<cycle-end id="34" type="scavenge" contextid="28" timestamp="2022-02-08T18:52:03.184" />
<allocation-satisfied id="35" threadId="0000000000016F00" bytesRequested="112" />
<af-end id="36" timestamp="2022-02-08T18:52:03.184" threadId="0000000000017908" success="true" from="nursery"/>
<exclusive-end id="37" timestamp="2022-02-08T18:52:03.184" durationms="54.117" />

<exclusive-start id="38" timestamp="2022-02-08T18:52:03.609" intervalms="479.175">
  <response-info timems="0.052" idlems="0.052" threads="0" lastid="0000000000016F00" lastname="main" />
</exclusive-start>
<af-start id="39" threadId="0000000000017908" totalBytesRequested="176" timestamp="2022-02-08T18:52:03.609" intervalms="479.187" type="nursery" />
<cycle-start id="40" type="scavenge" contextid="0" timestamp="2022-02-08T18:52:03.609" intervalms="479.187" />
<gc-start id="41" type="scavenge" contextid="40" timestamp="2022-02-08T18:52:03.609">
  <mem-info id="42" free="683780912" total="1073741824" percent="63">
    <mem type="nursery" free="0" total="268435456" percent="0">
      <mem type="allocate" free="0" total="134217728" percent="0" />
      <mem type="survivor" free="0" total="134217728" percent="0" />
    </mem>
    <mem type="tenure" free="683780912" total="805306368" percent="84">
      <mem type="soa" free="643515184" total="765040640" percent="84" />
      <mem type="loa" free="40265728" total="40265728" percent="100" />
    </mem>
    <remembered-set count="118" />
  </mem-info>
</gc-start>
<allocation-stats totalBytes="61850368" >
  <allocated-bytes non-tlh="453816" tlh="61396552" />
  <largest-consumer threadName="main" threadId="0000000000016F00" bytes="61850368" />
</allocation-stats>
<gc-op id="43" type="scavenge" timems="58.532" contextid="40" timestamp="2022-02-08T18:52:03.668">
  <scavenger-info tenureage="1" tenuremask="7ffe" tiltratio="50" />
  <memory-copied type="nursery" objects="805951" bytes="44179440" bytesdiscarded="208952" />
  <memory-copied type="tenure" objects="1260960" bytes="71967064" bytesdiscarded="36880" />
  <finalization candidates="30" enqueued="18" />
  <references type="phantom" candidates="30" cleared="0" enqueued="0" />
  <object-monitors candidates="2" cleared="0"  />
</gc-op>
<gc-end id="44" type="scavenge" contextid="40" durationms="58.629" usertimems="217.207" systemtimems="12.160" stalltimems="4.151" timestamp="2022-02-08T18:52:03.668" activeThreads="4">
  <mem-info id="45" free="701739856" total="1073741824" percent="65">
    <mem type="nursery" free="89829336" total="268435456" percent="33">
      <mem type="allocate" free="89829336" total="134217728" percent="66" />
      <mem type="survivor" free="0" total="134217728" percent="0" />
    </mem>
    <mem type="tenure" free="611910520" total="805306368" percent="75">
      <mem type="soa" free="571644792" total="765040640" percent="74" />
      <mem type="loa" free="40265728" total="40265728" percent="100" />
    </mem>
    <pending-finalizers system="18" default="0" reference="0" classloader="0" />
    <remembered-set count="117" />
  </mem-info>
</gc-end>
<cycle-end id="46" type="scavenge" contextid="40" timestamp="2022-02-08T18:52:03.668" />
<allocation-satisfied id="47" threadId="0000000000016F00" bytesRequested="176" />
<af-end id="48" timestamp="2022-02-08T18:52:03.668" threadId="0000000000017908" success="true" from="nursery"/>
<exclusive-end id="49" timestamp="2022-02-08T18:52:03.668" durationms="58.915" />

<exclusive-start id="50" timestamp="2022-02-08T18:52:05.239" intervalms="1629.723">
  <response-info timems="0.062" idlems="0.062" threads="0" lastid="0000000000016F00" lastname="main" />
</exclusive-start>
<af-start id="51" threadId="0000000000017908" totalBytesRequested="192" timestamp="2022-02-08T18:52:05.239" intervalms="1630.067" type="nursery" />
<cycle-start id="52" type="scavenge" contextid="0" timestamp="2022-02-08T18:52:05.239" intervalms="1630.193" />
<gc-start id="53" type="scavenge" contextid="52" timestamp="2022-02-08T18:52:05.239">
  <mem-info id="54" free="611863656" total="1073741824" percent="56">
    <mem type="nursery" free="0" total="268435456" percent="0">
      <mem type="allocate" free="0" total="134217728" percent="0" />
      <mem type="survivor" free="0" total="134217728" percent="0" />
    </mem>
    <mem type="tenure" free="611863656" total="805306368" percent="75">
      <mem type="soa" free="571597928" total="765040640" percent="74" />
      <mem type="loa" free="40265728" total="40265728" percent="100" />
    </mem>
    <remembered-set count="796" />
  </mem-info>
</gc-start>
<allocation-stats totalBytes="89851328" >
  <allocated-bytes non-tlh="1488256" tlh="88363072" />
  <largest-consumer threadName="main" threadId="0000000000016F00" bytes="89847232" />
</allocation-stats>
<gc-op id="55" type="scavenge" timems="45.627" contextid="52" timestamp="2022-02-08T18:52:05.285">
  <scavenger-info tenureage="1" tenuremask="7ffe" tiltratio="50" />
  <memory-copied type="nursery" objects="584658" bytes="23047120" bytesdiscarded="77448" />
  <memory-copied type="tenure" objects="805652" bytes="43566696" bytesdiscarded="22504" />
  <finalization candidates="145" enqueued="36" />
  <references type="soft" candidates="775" cleared="0" enqueued="0" dynamicThreshold="32" maxThreshold="32" />
  <references type="weak" candidates="273" cleared="121" enqueued="115" />
  <references type="phantom" candidates="76" cleared="7" enqueued="7" />
  <object-monitors candidates="2" cleared="0"  />
</gc-op>
<gc-end id="56" type="scavenge" contextid="52" durationms="45.745" usertimems="186.071" systemtimems="0.470" stalltimems="1.543" timestamp="2022-02-08T18:52:05.285" activeThreads="4">
  <mem-info id="57" free="679088864" total="1073741824" percent="63">
    <mem type="nursery" free="111092984" total="268435456" percent="41">
      <mem type="allocate" free="111092984" total="134217728" percent="82" />
      <mem type="survivor" free="0" total="134217728" percent="0" />
    </mem>
    <mem type="tenure" free="567995880" total="805306368" percent="70">
      <mem type="soa" free="527730152" total="765040640" percent="68" />
      <mem type="loa" free="40265728" total="40265728" percent="100" />
    </mem>
    <pending-finalizers system="34" default="2" reference="122" classloader="0" />
    <remembered-set count="784" />
  </mem-info>
</gc-end>
<cycle-end id="58" type="scavenge" contextid="52" timestamp="2022-02-08T18:52:05.285" />
<allocation-satisfied id="59" threadId="0000000000016F00" bytesRequested="192" />
<af-end id="60" timestamp="2022-02-08T18:52:05.285" threadId="0000000000017908" success="true" from="nursery"/>
<exclusive-end id="61" timestamp="2022-02-08T18:52:05.285" durationms="46.576" />

<exclusive-start id="62" timestamp="2022-02-08T18:52:06.051" intervalms="812.132">
  <response-info timems="0.019" idlems="0.019" threads="0" lastid="0000000000016F00" lastname="main" />
</exclusive-start>
<af-start id="63" threadId="0000000000017908" totalBytesRequested="104" timestamp="2022-02-08T18:52:06.051" intervalms="811.781" type="nursery" />
<cycle-start id="64" type="scavenge" contextid="0" timestamp="2022-02-08T18:52:06.051" intervalms="811.655" />
<gc-start id="65" type="scavenge" contextid="64" timestamp="2022-02-08T18:52:06.051">
  <mem-info id="66" free="567995880" total="1073741824" percent="52">
    <mem type="nursery" free="0" total="268435456" percent="0">
      <mem type="allocate" free="0" total="134217728" percent="0" />
      <mem type="survivor" free="0" total="134217728" percent="0" />
    </mem>
    <mem type="tenure" free="567995880" total="805306368" percent="70">
      <mem type="soa" free="527730152" total="765040640" percent="68" />
      <mem type="loa" free="40265728" total="40265728" percent="100" />
    </mem>
    <remembered-set count="788" />
  </mem-info>
</gc-start>
<allocation-stats totalBytes="111040664" >
  <allocated-bytes non-tlh="1347872" tlh="109692792" />
  <largest-consumer threadName="main" threadId="0000000000016F00" bytes="111032472" />
</allocation-stats>
<gc-op id="67" type="scavenge" timems="54.324" contextid="64" timestamp="2022-02-08T18:52:06.105">
  <scavenger-info tenureage="1" tenuremask="7ffe" tiltratio="50" />
  <memory-copied type="nursery" objects="1383895" bytes="79446112" bytesdiscarded="202296" />
  <memory-copied type="tenure" objects="583725" bytes="22234240" bytesdiscarded="7968" />
  <finalization candidates="98" enqueued="0" />
  <references type="phantom" candidates="1" cleared="0" enqueued="0" />
  <object-monitors candidates="2" cleared="0"  />
</gc-op>
<gc-end id="68" type="scavenge" contextid="64" durationms="54.447" usertimems="209.478" systemtimems="4.128" stalltimems="3.157" timestamp="2022-02-08T18:52:06.105" activeThreads="4">
  <mem-info id="69" free="600495232" total="1073741824" percent="55">
    <mem type="nursery" free="54569320" total="268435456" percent="20">
      <mem type="allocate" free="54569320" total="134217728" percent="40" />
      <mem type="survivor" free="0" total="134217728" percent="0" />
    </mem>
    <mem type="tenure" free="545925912" total="805306368" percent="67">
      <mem type="soa" free="505660184" total="765040640" percent="66" />
      <mem type="loa" free="40265728" total="40265728" percent="100" />
    </mem>
    <remembered-set count="702" />
  </mem-info>
</gc-end>
<cycle-end id="70" type="scavenge" contextid="64" timestamp="2022-02-08T18:52:06.106" />
<allocation-satisfied id="71" threadId="0000000000016F00" bytesRequested="104" />
<af-end id="72" timestamp="2022-02-08T18:52:06.106" threadId="0000000000017908" success="true" from="nursery"/>
<exclusive-end id="73" timestamp="2022-02-08T18:52:06.106" durationms="54.734" />

<exclusive-start id="74" timestamp="2022-02-08T18:52:06.467" intervalms="416.248">
  <response-info timems="0.040" idlems="0.040" threads="0" lastid="0000000000016F00" lastname="main" />
</exclusive-start>
<af-start id="75" threadId="0000000000017908" totalBytesRequested="112" timestamp="2022-02-08T18:52:06.467" intervalms="416.258" type="nursery" />
<cycle-start id="76" type="scavenge" contextid="0" timestamp="2022-02-08T18:52:06.467" intervalms="416.257" />
<gc-start id="77" type="scavenge" contextid="76" timestamp="2022-02-08T18:52:06.467">
  <mem-info id="78" free="545925912" total="1073741824" percent="50">
    <mem type="nursery" free="0" total="268435456" percent="0">
      <mem type="allocate" free="0" total="134217728" percent="0" />
      <mem type="survivor" free="0" total="134217728" percent="0" />
    </mem>
    <mem type="tenure" free="545925912" total="805306368" percent="67">
      <mem type="soa" free="505660184" total="765040640" percent="66" />
      <mem type="loa" free="40265728" total="40265728" percent="100" />
    </mem>
    <remembered-set count="702" />
  </mem-info>
</gc-start>
<allocation-stats totalBytes="54544360" >
  <allocated-bytes non-tlh="104" tlh="54544256" />
  <largest-consumer threadName="main" threadId="0000000000016F00" bytes="54544360" />
</allocation-stats>
<gc-op id="79" type="scavenge" timems="58.509" contextid="76" timestamp="2022-02-08T18:52:06.526">
  <scavenger-info tenureage="1" tenuremask="7ffe" tiltratio="50" />
  <memory-copied type="nursery" objects="689512" bytes="38811672" bytesdiscarded="303456" />
  <memory-copied type="tenure" objects="1383895" bytes="79446112" bytesdiscarded="41392" />
  <finalization candidates="1" enqueued="0" />
  <object-monitors candidates="2" cleared="0"  />
</gc-op>
<gc-end id="80" type="scavenge" contextid="76" durationms="58.611" usertimems="230.545" systemtimems="0.000" stalltimems="2.292" timestamp="2022-02-08T18:52:06.526" activeThreads="4">
  <mem-info id="81" free="561614304" total="1073741824" percent="52">
    <mem type="nursery" free="95102600" total="268435456" percent="35">
      <mem type="allocate" free="95102600" total="134217728" percent="70" />
      <mem type="survivor" free="0" total="134217728" percent="0" />
    </mem>
    <mem type="tenure" free="466511704" total="805306368" percent="57">
      <mem type="soa" free="426245976" total="765040640" percent="55" />
      <mem type="loa" free="40265728" total="40265728" percent="100" />
    </mem>
    <remembered-set count="104" />
  </mem-info>
</gc-end>
<cycle-end id="82" type="scavenge" contextid="76" timestamp="2022-02-08T18:52:06.526" />
<allocation-satisfied id="83" threadId="0000000000016F00" bytesRequested="112" />
<af-end id="84" timestamp="2022-02-08T18:52:06.526" threadId="0000000000017908" success="true" from="nursery"/>
<exclusive-end id="85" timestamp="2022-02-08T18:52:06.526" durationms="58.878" />

<exclusive-start id="86" timestamp="2022-02-08T18:52:07.088" intervalms="621.256">
  <response-info timems="0.017" idlems="0.017" threads="0" lastid="0000000000016F00" lastname="main" />
</exclusive-start>
<af-start id="87" threadId="0000000000017908" totalBytesRequested="16" timestamp="2022-02-08T18:52:07.088" intervalms="621.252" type="nursery" />
<cycle-start id="88" type="scavenge" contextid="0" timestamp="2022-02-08T18:52:07.088" intervalms="621.252" />
<gc-start id="89" type="scavenge" contextid="88" timestamp="2022-02-08T18:52:07.088">
  <mem-info id="90" free="466511704" total="1073741824" percent="43">
    <mem type="nursery" free="0" total="268435456" percent="0">
      <mem type="allocate" free="0" total="134217728" percent="0" />
      <mem type="survivor" free="0" total="134217728" percent="0" />
    </mem>
    <mem type="tenure" free="466511704" total="805306368" percent="57">
      <mem type="soa" free="426245976" total="765040640" percent="55" />
      <mem type="loa" free="40265728" total="40265728" percent="100" />
    </mem>
    <remembered-set count="104" />
  </mem-info>
</gc-start>
<allocation-stats totalBytes="95057784" >
  <allocated-bytes non-tlh="112" tlh="95057672" />
  <largest-consumer threadName="main" threadId="0000000000016F00" bytes="95057784" />
</allocation-stats>
<gc-op id="91" type="scavenge" timems="52.378" contextid="88" timestamp="2022-02-08T18:52:07.141">
  <scavenger-info tenureage="1" tenuremask="7ffe" tiltratio="50" />
  <memory-copied type="nursery" objects="1178279" bytes="67523192" bytesdiscarded="165912" />
  <memory-copied type="tenure" objects="689512" bytes="38811672" bytesdiscarded="20448" />
  <object-monitors candidates="2" cleared="0"  />
</gc-op>
<gc-end id="92" type="scavenge" contextid="88" durationms="52.486" usertimems="205.247" systemtimems="0.049" stalltimems="3.596" timestamp="2022-02-08T18:52:07.141" activeThreads="4">
  <mem-info id="93" free="498883752" total="1073741824" percent="46">
    <mem type="nursery" free="71378288" total="268435456" percent="26">
      <mem type="allocate" free="71378288" total="139067392" percent="51" />
      <mem type="survivor" free="0" total="129368064" percent="0" />
    </mem>
    <mem type="tenure" free="427505464" total="805306368" percent="53">
      <mem type="soa" free="387239736" total="765040640" percent="50" />
      <mem type="loa" free="40265728" total="40265728" percent="100" />
    </mem>
    <remembered-set count="104" />
  </mem-info>
</gc-end>
<cycle-end id="94" type="scavenge" contextid="88" timestamp="2022-02-08T18:52:07.141" />
<allocation-satisfied id="95" threadId="0000000000016F00" bytesRequested="16" />
<af-end id="96" timestamp="2022-02-08T18:52:07.141" threadId="0000000000017908" success="true" from="nursery"/>
<exclusive-end id="97" timestamp="2022-02-08T18:52:07.141" durationms="52.748" />

<exclusive-start id="98" timestamp="2022-02-08T18:52:07.763" intervalms="674.163">
  <response-info timems="0.017" idlems="0.017" threads="0" lastid="0000000000016F00" lastname="main" />
</exclusive-start>
<af-start id="99" threadId="0000000000017908" totalBytesRequested="16" timestamp="2022-02-08T18:52:07.763" intervalms="674.158" type="nursery" />
<cycle-start id="100" type="scavenge" contextid="0" timestamp="2022-02-08T18:52:07.763" intervalms="674.160" />
<gc-start id="101" type="scavenge" contextid="100" timestamp="2022-02-08T18:52:07.763">
  <mem-info id="102" free="427505464" total="1073741824" percent="39">
    <mem type="nursery" free="0" total="268435456" percent="0">
      <mem type="allocate" free="0" total="139067392" percent="0" />
      <mem type="survivor" free="0" total="129368064" percent="0" />
    </mem>
    <mem type="tenure" free="427505464" total="805306368" percent="53">
      <mem type="soa" free="387239736" total="765040640" percent="50" />
      <mem type="loa" free="40265728" total="40265728" percent="100" />
    </mem>
    <remembered-set count="135" />
  </mem-info>
</gc-start>
<allocation-stats totalBytes="71348176" >
  <allocated-bytes non-tlh="751920" tlh="70596256" />
  <largest-consumer threadName="main" threadId="0000000000016F00" bytes="71348176" />
</allocation-stats>
<gc-op id="103" type="scavenge" timems="70.762" contextid="100" timestamp="2022-02-08T18:52:07.833">
  <scavenger-info tenureage="1" tenuremask="7ffe" tiltratio="51" />
  <memory-copied type="nursery" objects="1010638" bytes="50211008" bytesdiscarded="183440" />
  <memory-copied type="tenure" objects="1178279" bytes="67523192" bytesdiscarded="33440" />
  <finalization candidates="70" enqueued="37" />
  <references type="soft" candidates="14" cleared="0" enqueued="0" dynamicThreshold="32" maxThreshold="32" />
  <references type="weak" candidates="1" cleared="0" enqueued="0" />
  <references type="phantom" candidates="55" cleared="7" enqueued="7" />
  <object-monitors candidates="2" cleared="0"  />
</gc-op>
<gc-end id="104" type="scavenge" contextid="100" durationms="70.899" usertimems="262.347" systemtimems="0.035" stalltimems="7.285" timestamp="2022-02-08T18:52:07.834" activeThreads="4">
  <mem-info id="105" free="459846000" total="1073741824" percent="42">
    <mem type="nursery" free="99945008" total="268435456" percent="37">
      <mem type="allocate" free="99945008" total="150339584" percent="66" />
      <mem type="survivor" free="0" total="118095872" percent="0" />
    </mem>
    <mem type="tenure" free="359900992" total="805306368" percent="44">
      <mem type="soa" free="319635264" total="765040640" percent="41" />
      <mem type="loa" free="40265728" total="40265728" percent="100" />
    </mem>
    <pending-finalizers system="36" default="1" reference="7" classloader="0" />
    <remembered-set count="128" />
  </mem-info>
</gc-end>
<cycle-end id="106" type="scavenge" contextid="100" timestamp="2022-02-08T18:52:07.834" />
<allocation-satisfied id="107" threadId="0000000000016F00" bytesRequested="16" />
<af-end id="108" timestamp="2022-02-08T18:52:07.834" threadId="0000000000017908" success="true" from="nursery"/>
<exclusive-end id="109" timestamp="2022-02-08T18:52:07.834" durationms="71.219" />

<exclusive-start id="110" timestamp="2022-02-08T18:52:08.518" intervalms="755.443">
  <response-info timems="0.019" idlems="0.019" threads="0" lastid="0000000000016F00" lastname="main" />
</exclusive-start>
<af-start id="111" threadId="0000000000017908" totalBytesRequested="232" timestamp="2022-02-08T18:52:08.518" intervalms="755.466" type="nursery" />
<cycle-start id="112" type="scavenge" contextid="0" timestamp="2022-02-08T18:52:08.518" intervalms="755.499" />
<gc-start id="113" type="scavenge" contextid="112" timestamp="2022-02-08T18:52:08.518">
  <mem-info id="114" free="359900992" total="1073741824" percent="33">
    <mem type="nursery" free="0" total="268435456" percent="0">
      <mem type="allocate" free="0" total="150339584" percent="0" />
      <mem type="survivor" free="0" total="118095872" percent="0" />
    </mem>
    <mem type="tenure" free="359900992" total="805306368" percent="44">
      <mem type="soa" free="319635264" total="765040640" percent="41" />
      <mem type="loa" free="40265728" total="40265728" percent="100" />
    </mem>
    <remembered-set count="129" />
  </mem-info>
</gc-start>
<allocation-stats totalBytes="99897736" >
  <allocated-bytes non-tlh="2089560" tlh="97808176" />
  <largest-consumer threadName="main" threadId="0000000000016F00" bytes="99889544" />
</allocation-stats>
<gc-op id="115" type="scavenge" timems="62.967" contextid="112" timestamp="2022-02-08T18:52:08.581">
  <scavenger-info tenureage="1" tenuremask="7ffe" tiltratio="56" />
  <memory-copied type="nursery" objects="1241700" bytes="70872592" bytesdiscarded="135352" />
  <memory-copied type="tenure" objects="1010107" bytes="49752824" bytesdiscarded="20832" />
  <finalization candidates="73" enqueued="16" />
  <references type="phantom" candidates="40" cleared="0" enqueued="0" />
  <object-monitors candidates="2" cleared="0"  />
</gc-op>
<gc-end id="116" type="scavenge" contextid="112" durationms="63.205" usertimems="247.696" systemtimems="0.236" stalltimems="3.573" timestamp="2022-02-08T18:52:08.581" activeThreads="4">
  <mem-info id="117" free="404912200" total="1073741824" percent="37">
    <mem type="nursery" free="94667064" total="268435456" percent="35">
      <mem type="allocate" free="94667064" total="165675008" percent="57" />
      <mem type="survivor" free="0" total="102760448" percent="0" />
    </mem>
    <mem type="tenure" free="310245136" total="805306368" percent="38" macro-fragmented="0">
      <mem type="soa" free="269979408" total="765040640" percent="35" />
      <mem type="loa" free="40265728" total="40265728" percent="100" />
    </mem>
    <pending-finalizers system="16" default="0" reference="0" classloader="0" />
    <remembered-set count="104" />
  </mem-info>
</gc-end>
<cycle-end id="118" type="scavenge" contextid="112" timestamp="2022-02-08T18:52:08.582" />
<allocation-satisfied id="119" threadId="0000000000016F00" bytesRequested="232" />
<af-end id="120" timestamp="2022-02-08T18:52:08.582" threadId="0000000000017908" success="true" from="nursery"/>
<exclusive-end id="121" timestamp="2022-02-08T18:52:08.582" durationms="63.605" />

<exclusive-start id="122" timestamp="2022-02-08T18:52:09.231" intervalms="713.228">
  <response-info timems="0.018" idlems="0.018" threads="0" lastid="0000000000016F00" lastname="main" />
</exclusive-start>
<af-start id="123" threadId="0000000000017908" totalBytesRequested="184" timestamp="2022-02-08T18:52:09.231" intervalms="713.202" type="nursery" />
<cycle-start id="124" type="scavenge" contextid="0" timestamp="2022-02-08T18:52:09.231" intervalms="713.168" />
<gc-start id="125" type="scavenge" contextid="124" timestamp="2022-02-08T18:52:09.231">
  <mem-info id="126" free="310245136" total="1073741824" percent="28">
    <mem type="nursery" free="0" total="268435456" percent="0">
      <mem type="allocate" free="0" total="165675008" percent="0" />
      <mem type="survivor" free="0" total="102760448" percent="0" />
    </mem>
    <mem type="tenure" free="310245136" total="805306368" percent="38">
      <mem type="soa" free="269979408" total="765040640" percent="35" />
      <mem type="loa" free="40265728" total="40265728" percent="100" />
    </mem>
    <remembered-set count="104" />
  </mem-info>
</gc-start>
<allocation-stats totalBytes="94621776" >
  <allocated-bytes non-tlh="232" tlh="94621544" />
  <largest-consumer threadName="main" threadId="0000000000016F00" bytes="94617680" />
</allocation-stats>
<gc-op id="127" type="scavenge" timems="73.299" contextid="124" timestamp="2022-02-08T18:52:09.305">
  <scavenger-info tenureage="1" tenuremask="7ffe" tiltratio="61" />
  <memory-copied type="nursery" objects="1232817" bytes="67444280" bytesdiscarded="312184" />
  <memory-copied type="tenure" objects="1241507" bytes="70734864" bytesdiscarded="38536" />
  <finalization candidates="24" enqueued="0" />
  <object-monitors candidates="2" cleared="0"  />
</gc-op>
<gc-end id="128" type="scavenge" contextid="124" durationms="73.587" usertimems="286.920" systemtimems="3.707" stalltimems="1.790" timestamp="2022-02-08T18:52:09.305" activeThreads="4">
  <mem-info id="129" free="342682952" total="1073741824" percent="31">
    <mem type="nursery" free="103161424" total="268435456" percent="38">
      <mem type="allocate" free="103161424" total="170917888" percent="60" />
      <mem type="survivor" free="0" total="97517568" percent="0" />
    </mem>
    <mem type="tenure" free="239521528" total="805306368" percent="29" macro-fragmented="0">
      <mem type="soa" free="199255800" total="765040640" percent="26" />
      <mem type="loa" free="40265728" total="40265728" percent="100" />
    </mem>
    <remembered-set count="102" />
  </mem-info>
</gc-end>
<cycle-end id="130" type="scavenge" contextid="124" timestamp="2022-02-08T18:52:09.305" />
<allocation-satisfied id="131" threadId="0000000000016F00" bytesRequested="184" />
<af-end id="132" timestamp="2022-02-08T18:52:09.305" threadId="0000000000017908" success="true" from="nursery"/>
<exclusive-end id="133" timestamp="2022-02-08T18:52:09.305" durationms="73.895" />

<exclusive-start id="134" timestamp="2022-02-08T18:52:09.935" intervalms="703.638">
  <response-info timems="0.018" idlems="0.018" threads="0" lastid="0000000000016F00" lastname="main" />
</exclusive-start>
<af-start id="135" threadId="0000000000017908" totalBytesRequested="16" timestamp="2022-02-08T18:52:09.935" intervalms="703.657" type="nursery" />
<cycle-start id="136" type="scavenge" contextid="0" timestamp="2022-02-08T18:52:09.935" intervalms="703.658" />
<gc-start id="137" type="scavenge" contextid="136" timestamp="2022-02-08T18:52:09.935">
  <mem-info id="138" free="239521528" total="1073741824" percent="22">
    <mem type="nursery" free="0" total="268435456" percent="0">
      <mem type="allocate" free="0" total="170917888" percent="0" />
      <mem type="survivor" free="0" total="97517568" percent="0" />
    </mem>
    <mem type="tenure" free="239521528" total="805306368" percent="29">
      <mem type="soa" free="199255800" total="765040640" percent="26" />
      <mem type="loa" free="40265728" total="40265728" percent="100" />
    </mem>
    <remembered-set count="102" />
  </mem-info>
</gc-start>
<allocation-stats totalBytes="103114760" >
  <allocated-bytes non-tlh="184" tlh="103114576" />
  <largest-consumer threadName="main" threadId="0000000000016F00" bytes="103114760" />
</allocation-stats>
<gc-op id="139" type="scavenge" timems="70.322" contextid="136" timestamp="2022-02-08T18:52:10.005">
  <scavenger-info tenureage="1" tenuremask="7ffe" tiltratio="63" />
  <memory-copied type="nursery" objects="1290831" bytes="73320544" bytesdiscarded="286752" />
  <memory-copied type="tenure" objects="1232816" bytes="67444176" bytesdiscarded="32600" />
  <object-monitors candidates="2" cleared="0"  />
</gc-op>
<gc-end id="140" type="scavenge" contextid="136" durationms="70.472" usertimems="277.798" systemtimems="0.000" stalltimems="2.526" timestamp="2022-02-08T18:52:10.005" activeThreads="4">
  <mem-info id="141" free="278884848" total="1073741824" percent="25">
    <mem type="nursery" free="106878848" total="268435456" percent="39">
      <mem type="allocate" free="106878848" total="180486144" percent="59" />
      <mem type="survivor" free="0" total="87949312" percent="0" />
    </mem>
    <mem type="tenure" free="172006000" total="805306368" percent="21" macro-fragmented="152541180">
      <mem type="soa" free="131740272" total="765040640" percent="17" />
      <mem type="loa" free="40265728" total="40265728" percent="100" />
    </mem>
    <remembered-set count="102" />
  </mem-info>
</gc-end>
<cycle-end id="142" type="scavenge" contextid="136" timestamp="2022-02-08T18:52:10.006" />
<allocation-satisfied id="143" threadId="0000000000016F00" bytesRequested="16" />
<af-end id="144" timestamp="2022-02-08T18:52:10.006" threadId="0000000000017908" success="true" from="nursery"/>
<exclusive-end id="145" timestamp="2022-02-08T18:52:10.006" durationms="70.751" />

<concurrent-kickoff id="146" timestamp="2022-02-08T18:52:10.673">
  <kickoff reason="threshold reached" targetBytes="239014924" thresholdFreeBytes="33024922"  remainingFree="32935016" tenureFreeBytes="172006000" nurseryFreeBytes="32935016" />
</concurrent-kickoff>
<exclusive-start id="147" timestamp="2022-02-08T18:52:10.677" intervalms="742.507">
  <response-info timems="0.023" idlems="0.023" threads="0" lastid="0000000000016F00" lastname="main" />
</exclusive-start>
<cycle-start id="148" type="global" contextid="0" timestamp="2022-02-08T18:52:10.677" intervalms="10756.883" />
<concurrent-start id="149" type="global mark" contextid="148" timestamp="2022-02-08T18:52:10.677">
</concurrent-start>
<exclusive-end id="150" timestamp="2022-02-08T18:52:10.677" durationms="0.040" />

<concurrent-end id="151" type="global mark" contextid="148" timestamp="2022-02-08T18:52:11.017">
<gc-op id="152" type="trace" timems="339.633" contextid="148" timestamp="2022-02-08T18:52:11.017">
  <trace bytesTraced="74510068" workStackOverflowCount="0" />
  <card-cleaning reason="card cleaning threshold reached" bytesTraced="904" cardsCleaned="2" />
</gc-op>
</concurrent-end>

<exclusive-start id="153" timestamp="2022-02-08T18:52:11.017" intervalms="339.712">
  <response-info timems="0.018" idlems="0.018" threads="0" lastid="0000000000016F00" lastname="main" />
</exclusive-start>
<concurrent-global-final id="154" timestamp="2022-02-08T18:52:11.017" contextid="148" intervalms="11096.610" >
  <concurrent-trace-info reason="card cleaning threshold reached" tracedByMutators="53403708" tracedByHelpers="21107264" cardsCleaned="2" workStackOverflowCount="0" />
</concurrent-global-final>
<gc-start id="155" type="global" contextid="148" timestamp="2022-02-08T18:52:11.017">
  <mem-info id="156" free="172548496" total="1073741824" percent="16">
    <mem type="nursery" free="542496" total="268435456" percent="0">
      <mem type="allocate" free="542496" total="180486144" percent="0" />
      <mem type="survivor" free="0" total="87949312" percent="0" />
    </mem>
    <mem type="tenure" free="172006000" total="805306368" percent="21">
      <mem type="soa" free="131740272" total="765040640" percent="17" />
      <mem type="loa" free="40265728" total="40265728" percent="100" />
    </mem>
    <remembered-set count="133" />
  </mem-info>
</gc-start>
<allocation-stats totalBytes="106288568" >
  <allocated-bytes non-tlh="2841464" tlh="103447104" />
  <largest-consumer threadName="main" threadId="0000000000016F00" bytes="106288568" />
</allocation-stats>
<gc-op id="157" type="rs-scan" timems="148.341" contextid="148" timestamp="2022-02-08T18:52:11.165">
  <scan objectsFound="3324848" bytesTraced="71015364" workStackOverflowCount="0" />
</gc-op>
<gc-op id="158" type="card-cleaning" timems="0.309" contextid="148" timestamp="2022-02-08T18:52:11.166">
  <card-cleaning cardsCleaned="2" bytesTraced="616" workStackOverflowCount="0" />
</gc-op>
<gc-op id="159" type="mark" timems="30.294" contextid="148" timestamp="2022-02-08T18:52:11.196">
  <trace-info objectcount="806896" scancount="606782" scanbytes="13019408" />
  <finalization candidates="481" enqueued="110" />
  <ownableSynchronizers candidates="1" cleared="0" />
  <references type="soft" candidates="1063" cleared="0" enqueued="0" dynamicThreshold="32" maxThreshold="32" />
  <references type="weak" candidates="1793" cleared="92" enqueued="46" />
  <references type="phantom" candidates="119" cleared="11" enqueued="11" />
  <stringconstants candidates="6463" cleared="1"  />
  <object-monitors candidates="2" cleared="0"  />
</gc-op>
<gc-op id="160" type="classunload" timems="0.005" contextid="148" timestamp="2022-02-08T18:52:11.196">
  <classunload-info classloadercandidates="6" classloadersunloaded="0" classesunloaded="0" anonymousclassesunloaded="0" quiescems="0.000" setupms="0.003" scanms="0.002" postms="0.000" />
</gc-op>
<gc-op id="161" type="sweep" timems="4.787" contextid="148" timestamp="2022-02-08T18:52:11.201" />
<gc-end id="162" type="global" contextid="148" durationms="183.927" usertimems="194.863" systemtimems="3.940" stalltimems="91.330" timestamp="2022-02-08T18:52:11.201" activeThreads="4">
  <mem-info id="163" free="421060360" total="1073741824" percent="39">
    <mem type="nursery" free="3945040" total="268435456" percent="1">
      <mem type="allocate" free="3945040" total="180486144" percent="2" />
      <mem type="survivor" free="0" total="87949312" percent="0" />
    </mem>
    <mem type="tenure" free="417115320" total="805306368" percent="51" micro-fragmented="328517" macro-fragmented="0">
      <mem type="soa" free="376849592" total="765040640" percent="49" />
      <mem type="loa" free="40265728" total="40265728" percent="100" />
    </mem>
    <pending-finalizers system="109" default="1" reference="57" classloader="0" />
    <remembered-set count="112" />
  </mem-info>
</gc-end>
<cycle-end id="164" type="global" contextid="148" timestamp="2022-02-08T18:52:11.201" />
<exclusive-end id="165" timestamp="2022-02-08T18:52:11.201" durationms="184.188" />

<exclusive-start id="166" timestamp="2022-02-08T18:52:11.227" intervalms="209.795">
  <response-info timems="0.017" idlems="0.017" threads="0" lastid="0000000000016F00" lastname="main" />
</exclusive-start>
<af-start id="167" threadId="0000000000017908" totalBytesRequested="216" timestamp="2022-02-08T18:52:11.227" intervalms="1291.977" type="nursery" />
<cycle-start id="168" type="scavenge" contextid="0" timestamp="2022-02-08T18:52:11.227" intervalms="1291.973" />
<gc-start id="169" type="scavenge" contextid="168" timestamp="2022-02-08T18:52:11.227">
  <mem-info id="170" free="417115272" total="1073741824" percent="38">
    <mem type="nursery" free="0" total="268435456" percent="0">
      <mem type="allocate" free="0" total="180486144" percent="0" />
      <mem type="survivor" free="0" total="87949312" percent="0" />
    </mem>
    <mem type="tenure" free="417115272" total="805306368" percent="51">
      <mem type="soa" free="376849544" total="765040640" percent="49" />
      <mem type="loa" free="40265728" total="40265728" percent="100" />
    </mem>
    <remembered-set count="165" />
  </mem-info>
</gc-start>
<allocation-stats totalBytes="3933768" >
  <allocated-bytes non-tlh="48" tlh="3933720" />
  <largest-consumer threadName="main" threadId="0000000000016F00" bytes="3920744" />
</allocation-stats>
<gc-op id="171" type="scavenge" timems="74.432" contextid="168" timestamp="2022-02-08T18:52:11.301">
  <scavenger-info tenureage="1" tenuremask="7ffe" tiltratio="67" />
  <memory-copied type="nursery" objects="1462771" bytes="76896016" bytesdiscarded="179136" />
  <memory-copied type="tenure" objects="1290831" bytes="73320544" bytesdiscarded="40528" />
  <finalization candidates="57" enqueued="0" />
  <ownableSynchronizers candidates="2" cleared="2" />
  <references type="soft" candidates="14" cleared="0" enqueued="0" dynamicThreshold="16" maxThreshold="32" />
  <references type="weak" candidates="1" cleared="0" enqueued="0" />
  <references type="phantom" candidates="31" cleared="1" enqueued="1" />
  <object-monitors candidates="2" cleared="0"  />
</gc-op>
<gc-end id="172" type="scavenge" contextid="168" durationms="74.721" usertimems="294.023" systemtimems="0.000" stalltimems="3.318" timestamp="2022-02-08T18:52:11.302" activeThreads="4">
  <mem-info id="173" free="447819880" total="1073741824" percent="41">
    <mem type="nursery" free="104197360" total="268435456" percent="38">
      <mem type="allocate" free="104197360" total="181272576" percent="57" />
      <mem type="survivor" free="0" total="87162880" percent="0" />
    </mem>
    <mem type="tenure" free="343622520" total="805306368" percent="42" macro-fragmented="0">
      <mem type="soa" free="303356792" total="765040640" percent="39" />
      <mem type="loa" free="40265728" total="40265728" percent="100" />
    </mem>
    <pending-finalizers system="0" default="0" reference="1" classloader="0" />
    <remembered-set count="162" />
  </mem-info>
</gc-end>
<cycle-end id="174" type="scavenge" contextid="168" timestamp="2022-02-08T18:52:11.302" />
<allocation-satisfied id="175" threadId="0000000000016F00" bytesRequested="216" />
<af-end id="176" timestamp="2022-02-08T18:52:11.302" threadId="0000000000017908" success="true" from="nursery"/>
<exclusive-end id="177" timestamp="2022-02-08T18:52:11.302" durationms="75.003" />

<exclusive-start id="178" timestamp="2022-02-08T18:52:11.995" intervalms="767.671">
  <response-info timems="0.019" idlems="0.019" threads="0" lastid="0000000000016F00" lastname="main" />
</exclusive-start>
<af-start id="179" threadId="0000000000017908" totalBytesRequested="208" timestamp="2022-02-08T18:52:11.995" intervalms="767.690" type="nursery" />
<cycle-start id="180" type="scavenge" contextid="0" timestamp="2022-02-08T18:52:11.995" intervalms="767.692" />
<gc-start id="181" type="scavenge" contextid="180" timestamp="2022-02-08T18:52:11.995">
  <mem-info id="182" free="343622520" total="1073741824" percent="32">
    <mem type="nursery" free="0" total="268435456" percent="0">
      <mem type="allocate" free="0" total="181272576" percent="0" />
      <mem type="survivor" free="0" total="87162880" percent="0" />
    </mem>
    <mem type="tenure" free="343622520" total="805306368" percent="42">
      <mem type="soa" free="303356792" total="765040640" percent="39" />
      <mem type="loa" free="40265728" total="40265728" percent="100" />
    </mem>
    <remembered-set count="163" />
  </mem-info>
</gc-start>
<allocation-stats totalBytes="104147848" >
  <allocated-bytes non-tlh="216" tlh="104147632" />
  <largest-consumer threadName="main" threadId="0000000000016F00" bytes="104147848" />
</allocation-stats>
<gc-op id="183" type="scavenge" timems="75.950" contextid="180" timestamp="2022-02-08T18:52:12.071">
  <scavenger-info tenureage="1" tenuremask="7ffe" tiltratio="67" />
  <memory-copied type="nursery" objects="1347341" bytes="74222368" bytesdiscarded="226784" />
  <memory-copied type="tenure" objects="1462767" bytes="76895840" bytesdiscarded="40312" />
  <finalization candidates="57" enqueued="0" />
  <object-monitors candidates="2" cleared="0"  />
</gc-op>
<gc-end id="184" type="scavenge" contextid="180" durationms="76.167" usertimems="300.350" systemtimems="0.000" stalltimems="2.972" timestamp="2022-02-08T18:52:12.071" activeThreads="4">
  <mem-info id="185" free="374261672" total="1073741824" percent="34">
    <mem type="nursery" free="107675392" total="268435456" percent="40">
      <mem type="allocate" free="107675392" total="182124544" percent="59" />
      <mem type="survivor" free="0" total="86310912" percent="0" />
    </mem>
    <mem type="tenure" free="266586280" total="805306368" percent="33" macro-fragmented="0">
      <mem type="soa" free="226320552" total="765040640" percent="29" />
      <mem type="loa" free="40265728" total="40265728" percent="100" />
    </mem>
    <remembered-set count="153" />
  </mem-info>
</gc-end>
<cycle-end id="186" type="scavenge" contextid="180" timestamp="2022-02-08T18:52:12.071" />
<allocation-satisfied id="187" threadId="0000000000016F00" bytesRequested="208" />
<af-end id="188" timestamp="2022-02-08T18:52:12.071" threadId="0000000000017908" success="true" from="nursery"/>
<exclusive-end id="189" timestamp="2022-02-08T18:52:12.071" durationms="76.406" />

<exclusive-start id="190" timestamp="2022-02-08T18:52:12.725" intervalms="730.721">
  <response-info timems="0.018" idlems="0.018" threads="0" lastid="0000000000016F00" lastname="main" />
</exclusive-start>
<af-start id="191" threadId="0000000000017908" totalBytesRequested="104" timestamp="2022-02-08T18:52:12.725" intervalms="730.724" type="nursery" />
<cycle-start id="192" type="scavenge" contextid="0" timestamp="2022-02-08T18:52:12.725" intervalms="730.726" />
<gc-start id="193" type="scavenge" contextid="192" timestamp="2022-02-08T18:52:12.725">
  <mem-info id="194" free="266586280" total="1073741824" percent="24">
    <mem type="nursery" free="0" total="268435456" percent="0">
      <mem type="allocate" free="0" total="182124544" percent="0" />
      <mem type="survivor" free="0" total="86310912" percent="0" />
    </mem>
    <mem type="tenure" free="266586280" total="805306368" percent="33">
      <mem type="soa" free="226320552" total="765040640" percent="29" />
      <mem type="loa" free="40265728" total="40265728" percent="100" />
    </mem>
    <remembered-set count="153" />
  </mem-info>
</gc-start>
<allocation-stats totalBytes="107623408" >
  <allocated-bytes non-tlh="208" tlh="107623200" />
  <largest-consumer threadName="main" threadId="0000000000016F00" bytes="107623408" />
</allocation-stats>
<gc-op id="195" type="scavenge" timems="73.909" contextid="192" timestamp="2022-02-08T18:52:12.799">
  <scavenger-info tenureage="1" tenuremask="7ffe" tiltratio="67" />
  <memory-copied type="nursery" objects="1346752" bytes="76494736" bytesdiscarded="247792" />
  <memory-copied type="tenure" objects="1347340" bytes="74222256" bytesdiscarded="39408" />
  <object-monitors candidates="2" cleared="0"  />
</gc-op>
<gc-end id="196" type="scavenge" contextid="192" durationms="74.206" usertimems="292.685" systemtimems="0.000" stalltimems="2.305" timestamp="2022-02-08T18:52:12.800" activeThreads="4">
  <mem-info id="197" free="298675560" total="1073741824" percent="27">
    <mem type="nursery" free="106365056" total="268435456" percent="39">
      <mem type="allocate" free="106365056" total="183107584" percent="58" />
      <mem type="survivor" free="0" total="85327872" percent="0" />
    </mem>
    <mem type="tenure" free="192310504" total="805306368" percent="23" macro-fragmented="0">
      <mem type="soa" free="152044776" total="765040640" percent="19" />
      <mem type="loa" free="40265728" total="40265728" percent="100" />
    </mem>
    <remembered-set count="102" />
  </mem-info>
</gc-end>
<cycle-end id="198" type="scavenge" contextid="192" timestamp="2022-02-08T18:52:12.800" />
<allocation-satisfied id="199" threadId="0000000000016F00" bytesRequested="104" />
<af-end id="200" timestamp="2022-02-08T18:52:12.800" threadId="0000000000017908" success="true" from="nursery"/>
<exclusive-end id="201" timestamp="2022-02-08T18:52:12.800" durationms="74.506" />

<concurrent-kickoff id="202" timestamp="2022-02-08T18:52:13.489">
  <kickoff reason="threshold reached" targetBytes="204761312" thresholdFreeBytes="27416014"  remainingFree="27404096" tenureFreeBytes="192310504" nurseryFreeBytes="27404096" />
</concurrent-kickoff>
<exclusive-start id="203" timestamp="2022-02-08T18:52:13.493" intervalms="767.729">
  <response-info timems="0.057" idlems="0.057" threads="0" lastid="0000000000016F00" lastname="main" />
</exclusive-start>
<cycle-start id="204" type="global" contextid="0" timestamp="2022-02-08T18:52:13.493" intervalms="2815.621" />
<concurrent-start id="205" type="global mark" contextid="204" timestamp="2022-02-08T18:52:13.493">
</concurrent-start>
<exclusive-end id="206" timestamp="2022-02-08T18:52:13.493" durationms="0.031" />

<concurrent-end id="207" type="global mark" contextid="204" timestamp="2022-02-08T18:52:13.806">
<gc-op id="208" type="trace" timems="312.767" contextid="204" timestamp="2022-02-08T18:52:13.806">
  <trace bytesTraced="74510756" workStackOverflowCount="0" />
  <card-cleaning reason="card cleaning threshold reached" bytesTraced="904" cardsCleaned="2" />
</gc-op>
</concurrent-end>

<exclusive-start id="209" timestamp="2022-02-08T18:52:13.806" intervalms="312.863">
  <response-info timems="0.042" idlems="0.042" threads="0" lastid="0000000000016F00" lastname="main" />
</exclusive-start>
<concurrent-global-final id="210" timestamp="2022-02-08T18:52:13.806" contextid="204" intervalms="2788.772" >
  <concurrent-trace-info reason="card cleaning threshold reached" tracedByMutators="55220216" tracedByHelpers="19291444" cardsCleaned="2" workStackOverflowCount="0" />
</concurrent-global-final>
<gc-start id="211" type="global" contextid="204" timestamp="2022-02-08T18:52:13.806">
  <mem-info id="212" free="193762344" total="1073741824" percent="18">
    <mem type="nursery" free="1451840" total="268435456" percent="0">
      <mem type="allocate" free="1451840" total="183107584" percent="0" />
      <mem type="survivor" free="0" total="85327872" percent="0" />
    </mem>
    <mem type="tenure" free="192310504" total="805306368" percent="23">
      <mem type="soa" free="152044776" total="765040640" percent="19" />
      <mem type="loa" free="40265728" total="40265728" percent="100" />
    </mem>
    <remembered-set count="132" />
  </mem-info>
</gc-start>
<allocation-stats totalBytes="104865616" >
  <allocated-bytes non-tlh="1661248" tlh="103204368" />
  <largest-consumer threadName="main" threadId="0000000000016F00" bytes="104865616" />
</allocation-stats>
<gc-op id="213" type="rs-scan" timems="127.062" contextid="204" timestamp="2022-02-08T18:52:13.933">
  <scan objectsFound="3324841" bytesTraced="71015204" workStackOverflowCount="0" />
</gc-op>
<gc-op id="214" type="card-cleaning" timems="0.267" contextid="204" timestamp="2022-02-08T18:52:13.933">
  <card-cleaning cardsCleaned="1" bytesTraced="464" workStackOverflowCount="0" />
</gc-op>
<gc-op id="215" type="mark" timems="16.661" contextid="204" timestamp="2022-02-08T18:52:13.950">
  <trace-info objectcount="550947" scancount="414816" scanbytes="8923720" />
  <finalization candidates="480" enqueued="110" />
  <ownableSynchronizers candidates="1" cleared="0" />
  <references type="soft" candidates="1063" cleared="0" enqueued="0" dynamicThreshold="16" maxThreshold="32" />
  <references type="weak" candidates="1701" cleared="0" enqueued="0" />
  <references type="phantom" candidates="115" cleared="8" enqueued="8" />
  <stringconstants candidates="6463" cleared="0"  />
  <object-monitors candidates="2" cleared="0"  />
</gc-op>
<gc-op id="216" type="sweep" timems="4.499" contextid="204" timestamp="2022-02-08T18:52:13.955" />
<gc-end id="217" type="global" contextid="204" durationms="148.690" usertimems="166.218" systemtimems="0.000" stalltimems="49.215" timestamp="2022-02-08T18:52:13.955" activeThreads="4">
  <mem-info id="218" free="439617088" total="1073741824" percent="40">
    <mem type="nursery" free="4328824" total="268435456" percent="1">
      <mem type="allocate" free="4328824" total="183107584" percent="2" />
      <mem type="survivor" free="0" total="85327872" percent="0" />
    </mem>
    <mem type="tenure" free="435288264" total="805306368" percent="54" micro-fragmented="249914" macro-fragmented="0">
      <mem type="soa" free="395022536" total="765040640" percent="51" />
      <mem type="loa" free="40265728" total="40265728" percent="100" />
    </mem>
    <pending-finalizers system="109" default="1" reference="8" classloader="0" />
    <remembered-set count="111" />
  </mem-info>
</gc-end>
<cycle-end id="219" type="global" contextid="204" timestamp="2022-02-08T18:52:13.955" />
<exclusive-end id="220" timestamp="2022-02-08T18:52:13.955" durationms="148.934" />

<exclusive-start id="221" timestamp="2022-02-08T18:52:13.980" intervalms="173.936">
  <response-info timems="0.046" idlems="0.046" threads="0" lastid="0000000000016F00" lastname="main" />
</exclusive-start>
<af-start id="222" threadId="0000000000017908" totalBytesRequested="104" timestamp="2022-02-08T18:52:13.980" intervalms="1254.522" type="nursery" />
<cycle-start id="223" type="scavenge" contextid="0" timestamp="2022-02-08T18:52:13.980" intervalms="1254.520" />
<gc-start id="224" type="scavenge" contextid="223" timestamp="2022-02-08T18:52:13.980">
  <mem-info id="225" free="435288264" total="1073741824" percent="40">
    <mem type="nursery" free="0" total="268435456" percent="0">
      <mem type="allocate" free="0" total="183107584" percent="0" />
      <mem type="survivor" free="0" total="85327872" percent="0" />
    </mem>
    <mem type="tenure" free="435288264" total="805306368" percent="54">
      <mem type="soa" free="395022536" total="765040640" percent="51" />
      <mem type="loa" free="40265728" total="40265728" percent="100" />
    </mem>
    <remembered-set count="113" />
  </mem-info>
</gc-start>
<allocation-stats totalBytes="4316032" >
  <allocated-bytes non-tlh="0" tlh="4316032" />
  <largest-consumer threadName="main" threadId="0000000000016F00" bytes="4299648" />
</allocation-stats>
<gc-op id="226" type="scavenge" timems="76.589" contextid="223" timestamp="2022-02-08T18:52:14.056">
  <scavenger-info tenureage="1" tenuremask="7ffe" tiltratio="68" />
  <memory-copied type="nursery" objects="1482190" bytes="76301512" bytesdiscarded="181840" />
  <memory-copied type="tenure" objects="1346752" bytes="76494736" bytesdiscarded="38888" />
  <finalization candidates="56" enqueued="0" />
  <ownableSynchronizers candidates="2" cleared="2" />
  <references type="soft" candidates="14" cleared="0" enqueued="0" dynamicThreshold="17" maxThreshold="32" />
  <references type="weak" candidates="1" cleared="0" enqueued="0" />
  <references type="phantom" candidates="30" cleared="1" enqueued="1" />
  <object-monitors candidates="2" cleared="0"  />
</gc-op>
<gc-end id="227" type="scavenge" contextid="223" durationms="76.787" usertimems="302.983" systemtimems="0.000" stalltimems="2.683" timestamp="2022-02-08T18:52:14.057" activeThreads="4">
  <mem-info id="228" free="465764352" total="1073741824" percent="43">
    <mem type="nursery" free="107148456" total="268435456" percent="39">
      <mem type="allocate" free="107148456" total="183631872" percent="58" />
      <mem type="survivor" free="0" total="84803584" percent="0" />
    </mem>
    <mem type="tenure" free="358615896" total="805306368" percent="44" macro-fragmented="119258368">
      <mem type="soa" free="318350168" total="765040640" percent="41" />
      <mem type="loa" free="40265728" total="40265728" percent="100" />
    </mem>
    <pending-finalizers system="0" default="0" reference="1" classloader="0" />
    <remembered-set count="111" />
  </mem-info>
</gc-end>
<cycle-end id="229" type="scavenge" contextid="223" timestamp="2022-02-08T18:52:14.057" />
<allocation-satisfied id="230" threadId="0000000000016F00" bytesRequested="104" />
<af-end id="231" timestamp="2022-02-08T18:52:14.057" threadId="0000000000017908" success="true" from="nursery"/>
<exclusive-end id="232" timestamp="2022-02-08T18:52:14.057" durationms="77.073" />

<exclusive-start id="233" timestamp="2022-02-08T18:52:14.786" intervalms="806.530">
  <response-info timems="0.019" idlems="0.019" threads="0" lastid="0000000000016F00" lastname="main" />
</exclusive-start>
<af-start id="234" threadId="0000000000017908" totalBytesRequested="56" timestamp="2022-02-08T18:52:14.786" intervalms="806.533" type="nursery" />
<cycle-start id="235" type="scavenge" contextid="0" timestamp="2022-02-08T18:52:14.786" intervalms="806.533" />
<gc-start id="236" type="scavenge" contextid="235" timestamp="2022-02-08T18:52:14.786">
  <mem-info id="237" free="358615896" total="1073741824" percent="33">
    <mem type="nursery" free="0" total="268435456" percent="0">
      <mem type="allocate" free="0" total="183631872" percent="0" />
      <mem type="survivor" free="0" total="84803584" percent="0" />
    </mem>
    <mem type="tenure" free="358615896" total="805306368" percent="44">
      <mem type="soa" free="318350168" total="765040640" percent="41" />
      <mem type="loa" free="40265728" total="40265728" percent="100" />
    </mem>
    <remembered-set count="112" />
  </mem-info>
</gc-start>
<allocation-stats totalBytes="107098216" >
  <allocated-bytes non-tlh="1347784" tlh="105750432" />
  <largest-consumer threadName="main" threadId="0000000000016F00" bytes="107098216" />
</allocation-stats>
<gc-op id="238" type="scavenge" timems="76.044" contextid="235" timestamp="2022-02-08T18:52:14.862">
  <scavenger-info tenureage="1" tenuremask="7ffe" tiltratio="68" />
  <memory-copied type="nursery" objects="1360381" bytes="76688680" bytesdiscarded="227176" />
  <memory-copied type="tenure" objects="1482179" bytes="75826144" bytesdiscarded="39864" />
  <finalization candidates="57" enqueued="0" />
  <references type="phantom" candidates="1" cleared="0" enqueued="0" />
  <object-monitors candidates="2" cleared="0"  />
</gc-op>
<gc-end id="239" type="scavenge" contextid="235" durationms="76.282" usertimems="300.674" systemtimems="0.000" stalltimems="2.892" timestamp="2022-02-08T18:52:14.863" activeThreads="4">
  <mem-info id="240" free="390618520" total="1073741824" percent="36">
    <mem type="nursery" free="107961200" total="268435456" percent="40">
      <mem type="allocate" free="107961200" total="184877056" percent="58" />
      <mem type="survivor" free="0" total="83558400" percent="0" />
    </mem>
    <mem type="tenure" free="282657320" total="805306368" percent="35" macro-fragmented="0">
      <mem type="soa" free="242391592" total="765040640" percent="31" />
      <mem type="loa" free="40265728" total="40265728" percent="100" />
    </mem>
    <remembered-set count="102" />
  </mem-info>
</gc-end>
<cycle-end id="241" type="scavenge" contextid="235" timestamp="2022-02-08T18:52:14.863" />
<allocation-satisfied id="242" threadId="0000000000016F00" bytesRequested="56" />
<af-end id="243" timestamp="2022-02-08T18:52:14.863" threadId="0000000000017908" success="true" from="nursery"/>
<exclusive-end id="244" timestamp="2022-02-08T18:52:14.863" durationms="76.542" />

<exclusive-start id="245" timestamp="2022-02-08T18:52:15.531" intervalms="744.234">
  <response-info timems="0.016" idlems="0.016" threads="0" lastid="0000000000016F00" lastname="main" />
</exclusive-start>
<af-start id="246" threadId="0000000000017908" totalBytesRequested="184" timestamp="2022-02-08T18:52:15.531" intervalms="744.232" type="nursery" />
<cycle-start id="247" type="scavenge" contextid="0" timestamp="2022-02-08T18:52:15.531" intervalms="744.234" />
<gc-start id="248" type="scavenge" contextid="247" timestamp="2022-02-08T18:52:15.531">
  <mem-info id="249" free="282657320" total="1073741824" percent="26">
    <mem type="nursery" free="0" total="268435456" percent="0">
      <mem type="allocate" free="0" total="184877056" percent="0" />
      <mem type="survivor" free="0" total="83558400" percent="0" />
    </mem>
    <mem type="tenure" free="282657320" total="805306368" percent="35">
      <mem type="soa" free="242391592" total="765040640" percent="31" />
      <mem type="loa" free="40265728" total="40265728" percent="100" />
    </mem>
    <remembered-set count="102" />
  </mem-info>
</gc-start>
<allocation-stats totalBytes="107908648" >
  <allocated-bytes non-tlh="56" tlh="107908592" />
  <largest-consumer threadName="main" threadId="0000000000016F00" bytes="107908648" />
</allocation-stats>
<gc-op id="250" type="scavenge" timems="75.105" contextid="247" timestamp="2022-02-08T18:52:15.606">
  <scavenger-info tenureage="1" tenuremask="7ffe" tiltratio="68" />
  <memory-copied type="nursery" objects="1356357" bytes="76731480" bytesdiscarded="135336" />
  <memory-copied type="tenure" objects="1360381" bytes="76688680" bytesdiscarded="37344" />
  <finalization candidates="1" enqueued="0" />
  <object-monitors candidates="2" cleared="0"  />
</gc-op>
<gc-end id="251" type="scavenge" contextid="247" durationms="75.273" usertimems="292.736" systemtimems="0.488" stalltimems="2.668" timestamp="2022-02-08T18:52:15.606" activeThreads="4">
  <mem-info id="252" free="314331848" total="1073741824" percent="29">
    <mem type="nursery" free="108468992" total="268435456" percent="40">
      <mem type="allocate" free="108468992" total="185335808" percent="58" />
      <mem type="survivor" free="0" total="83099648" percent="0" />
    </mem>
    <mem type="tenure" free="205862856" total="805306368" percent="25" macro-fragmented="146994044">
      <mem type="soa" free="165597128" total="765040640" percent="21" />
      <mem type="loa" free="40265728" total="40265728" percent="100" />
    </mem>
    <remembered-set count="102" />
  </mem-info>
</gc-end>
<cycle-end id="253" type="scavenge" contextid="247" timestamp="2022-02-08T18:52:15.606" />
<allocation-satisfied id="254" threadId="0000000000016F00" bytesRequested="184" />
<af-end id="255" timestamp="2022-02-08T18:52:15.606" threadId="0000000000017908" success="true" from="nursery"/>
<exclusive-end id="256" timestamp="2022-02-08T18:52:15.606" durationms="75.523" />

<concurrent-kickoff id="257" timestamp="2022-02-08T18:52:16.285">
  <kickoff reason="threshold reached" targetBytes="177764416" thresholdFreeBytes="22980054"  remainingFree="22849288" tenureFreeBytes="205862856" nurseryFreeBytes="22849288" />
</concurrent-kickoff>
<exclusive-start id="258" timestamp="2022-02-08T18:52:16.290" intervalms="759.710">
  <response-info timems="0.019" idlems="0.019" threads="0" lastid="0000000000016F00" lastname="main" />
</exclusive-start>
<cycle-start id="259" type="global" contextid="0" timestamp="2022-02-08T18:52:16.290" intervalms="2797.272" />
<concurrent-start id="260" type="global mark" contextid="259" timestamp="2022-02-08T18:52:16.290">
</concurrent-start>
<exclusive-end id="261" timestamp="2022-02-08T18:52:16.290" durationms="0.029" />

<concurrent-end id="262" type="global mark" contextid="259" timestamp="2022-02-08T18:52:16.662">
<gc-op id="263" type="trace" timems="371.722" contextid="259" timestamp="2022-02-08T18:52:16.662">
  <trace bytesTraced="74510852" workStackOverflowCount="0" />
  <card-cleaning reason="card cleaning threshold reached" bytesTraced="1040" cardsCleaned="3" />
</gc-op>
</concurrent-end>

<exclusive-start id="264" timestamp="2022-02-08T18:52:16.662" intervalms="371.794">
  <response-info timems="0.020" idlems="0.020" threads="0" lastid="0000000000016F00" lastname="main" />
</exclusive-start>
<concurrent-global-final id="265" timestamp="2022-02-08T18:52:16.662" contextid="259" intervalms="2856.204" >
  <concurrent-trace-info reason="card cleaning threshold reached" tracedByMutators="56479660" tracedByHelpers="18032232" cardsCleaned="3" workStackOverflowCount="0" />
</concurrent-global-final>
<gc-start id="266" type="global" contextid="259" timestamp="2022-02-08T18:52:16.662">
  <mem-info id="267" free="206000840" total="1073741824" percent="19">
    <mem type="nursery" free="137984" total="268435456" percent="0">
      <mem type="allocate" free="137984" total="185335808" percent="0" />
      <mem type="survivor" free="0" total="83099648" percent="0" />
    </mem>
    <mem type="tenure" free="205862856" total="805306368" percent="25">
      <mem type="soa" free="165597128" total="765040640" percent="21" />
      <mem type="loa" free="40265728" total="40265728" percent="100" />
    </mem>
    <remembered-set count="133" />
  </mem-info>
</gc-start>
<allocation-stats totalBytes="108283552" >
  <allocated-bytes non-tlh="1661328" tlh="106622224" />
  <largest-consumer threadName="main" threadId="0000000000016F00" bytes="108283552" />
</allocation-stats>
<gc-op id="268" type="rs-scan" timems="130.514" contextid="259" timestamp="2022-02-08T18:52:16.793">
  <scan objectsFound="3324846" bytesTraced="71015340" workStackOverflowCount="0" />
</gc-op>
<gc-op id="269" type="card-cleaning" timems="0.308" contextid="259" timestamp="2022-02-08T18:52:16.793">
  <card-cleaning cardsCleaned="1" bytesTraced="464" workStackOverflowCount="0" />
</gc-op>
<gc-op id="270" type="mark" timems="10.226" contextid="259" timestamp="2022-02-08T18:52:16.803">
  <trace-info objectcount="370764" scancount="279679" scanbytes="6040776" />
  <finalization candidates="480" enqueued="110" />
  <ownableSynchronizers candidates="1" cleared="0" />
  <references type="soft" candidates="1063" cleared="0" enqueued="0" dynamicThreshold="17" maxThreshold="32" />
  <references type="weak" candidates="1701" cleared="0" enqueued="0" />
  <references type="phantom" candidates="115" cleared="8" enqueued="8" />
  <stringconstants candidates="6463" cleared="0"  />
  <object-monitors candidates="2" cleared="0"  />
</gc-op>
<gc-op id="271" type="sweep" timems="4.431" contextid="259" timestamp="2022-02-08T18:52:16.808" />
<gc-end id="272" type="global" contextid="259" durationms="145.676" usertimems="163.799" systemtimems="4.200" stalltimems="22.256" timestamp="2022-02-08T18:52:16.808" activeThreads="4">
  <mem-info id="273" free="451807496" total="1073741824" percent="42">
    <mem type="nursery" free="2904240" total="268435456" percent="1">
      <mem type="allocate" free="2904240" total="185335808" percent="1" />
      <mem type="survivor" free="0" total="83099648" percent="0" />
    </mem>
    <mem type="tenure" free="448903256" total="805306368" percent="55" micro-fragmented="227906" macro-fragmented="0">
      <mem type="soa" free="408637528" total="765040640" percent="53" />
      <mem type="loa" free="40265728" total="40265728" percent="100" />
    </mem>
    <pending-finalizers system="109" default="1" reference="8" classloader="0" />
    <remembered-set count="112" />
  </mem-info>
</gc-end>
<cycle-end id="274" type="global" contextid="259" timestamp="2022-02-08T18:52:16.808" />
<exclusive-end id="275" timestamp="2022-02-08T18:52:16.808" durationms="145.906" />

<exclusive-start id="276" timestamp="2022-02-08T18:52:16.825" intervalms="163.038">
  <response-info timems="0.015" idlems="0.015" threads="0" lastid="0000000000016F00" lastname="main" />
</exclusive-start>
<af-start id="277" threadId="0000000000017908" totalBytesRequested="168" timestamp="2022-02-08T18:52:16.825" intervalms="1294.524" type="nursery" />
<cycle-start id="278" type="scavenge" contextid="0" timestamp="2022-02-08T18:52:16.825" intervalms="1294.520" />
<gc-start id="279" type="scavenge" contextid="278" timestamp="2022-02-08T18:52:16.825">
  <mem-info id="280" free="448903256" total="1073741824" percent="41">
    <mem type="nursery" free="0" total="268435456" percent="0">
      <mem type="allocate" free="0" total="185335808" percent="0" />
      <mem type="survivor" free="0" total="83099648" percent="0" />
    </mem>
    <mem type="tenure" free="448903256" total="805306368" percent="55">
      <mem type="soa" free="408637528" total="765040640" percent="53" />
      <mem type="loa" free="40265728" total="40265728" percent="100" />
    </mem>
    <remembered-set count="114" />
  </mem-info>
</gc-start>
<allocation-stats totalBytes="2892840" >
  <allocated-bytes non-tlh="0" tlh="2892840" />
  <largest-consumer threadName="main" threadId="0000000000016F00" bytes="2878472" />
</allocation-stats>
<gc-op id="281" type="scavenge" timems="81.273" contextid="278" timestamp="2022-02-08T18:52:16.906">
  <scavenger-info tenureage="1" tenuremask="7ffe" tiltratio="69" />
  <memory-copied type="nursery" objects="1519220" bytes="77729448" bytesdiscarded="188640" />
  <memory-copied type="tenure" objects="1356356" bytes="76731376" bytesdiscarded="40192" />
  <finalization candidates="56" enqueued="0" />
  <ownableSynchronizers candidates="2" cleared="2" />
  <references type="soft" candidates="14" cleared="0" enqueued="0" dynamicThreshold="17" maxThreshold="32" />
  <references type="weak" candidates="1" cleared="0" enqueued="0" />
  <references type="phantom" candidates="30" cleared="1" enqueued="1" />
  <object-monitors candidates="2" cleared="0"  />
</gc-op>
<gc-end id="282" type="scavenge" contextid="278" durationms="81.507" usertimems="318.472" systemtimems="2.631" stalltimems="3.440" timestamp="2022-02-08T18:52:16.907" activeThreads="4">
  <mem-info id="283" free="477714352" total="1073741824" percent="44">
    <mem type="nursery" free="105844792" total="268435456" percent="39">
      <mem type="allocate" free="105844792" total="183762944" percent="57" />
      <mem type="survivor" free="0" total="84672512" percent="0" />
    </mem>
    <mem type="tenure" free="371869560" total="805306368" percent="46" macro-fragmented="0">
      <mem type="soa" free="331603832" total="765040640" percent="43" />
      <mem type="loa" free="40265728" total="40265728" percent="100" />
    </mem>
    <pending-finalizers system="0" default="0" reference="1" classloader="0" />
    <remembered-set count="112" />
  </mem-info>
</gc-end>
<cycle-end id="284" type="scavenge" contextid="278" timestamp="2022-02-08T18:52:16.907" />
<allocation-satisfied id="285" threadId="0000000000016F00" bytesRequested="168" />
<af-end id="286" timestamp="2022-02-08T18:52:16.907" threadId="0000000000017908" success="true" from="nursery"/>
<exclusive-end id="287" timestamp="2022-02-08T18:52:16.907" durationms="81.720" />

<exclusive-start id="288" timestamp="2022-02-08T18:52:17.621" intervalms="795.977">
  <response-info timems="0.018" idlems="0.018" threads="0" lastid="0000000000016F00" lastname="main" />
</exclusive-start>
<af-start id="289" threadId="0000000000017908" totalBytesRequested="184" timestamp="2022-02-08T18:52:17.621" intervalms="795.998" type="nursery" />
<cycle-start id="290" type="scavenge" contextid="0" timestamp="2022-02-08T18:52:17.621" intervalms="796.001" />
<gc-start id="291" type="scavenge" contextid="290" timestamp="2022-02-08T18:52:17.621">
  <mem-info id="292" free="371869560" total="1073741824" percent="34">
    <mem type="nursery" free="0" total="268435456" percent="0">
      <mem type="allocate" free="0" total="183762944" percent="0" />
      <mem type="survivor" free="0" total="84672512" percent="0" />
    </mem>
    <mem type="tenure" free="371869560" total="805306368" percent="46">
      <mem type="soa" free="331603832" total="765040640" percent="43" />
      <mem type="loa" free="40265728" total="40265728" percent="100" />
    </mem>
    <remembered-set count="113" />
  </mem-info>
</gc-start>
<allocation-stats totalBytes="105791968" >
  <allocated-bytes non-tlh="1347848" tlh="104444120" />
  <largest-consumer threadName="main" threadId="0000000000016F00" bytes="105791968" />
</allocation-stats>
<gc-op id="293" type="scavenge" timems="79.009" contextid="290" timestamp="2022-02-08T18:52:17.700">
  <scavenger-info tenureage="1" tenuremask="7ffe" tiltratio="68" />
  <memory-copied type="nursery" objects="1324338" bytes="75720648" bytesdiscarded="292872" />
  <memory-copied type="tenure" objects="1519208" bytes="77253984" bytesdiscarded="36688" />
  <finalization candidates="57" enqueued="0" />
  <references type="phantom" candidates="1" cleared="0" enqueued="0" />
  <object-monitors candidates="2" cleared="0"  />
</gc-op>
<gc-end id="294" type="scavenge" contextid="290" durationms="79.263" usertimems="313.510" systemtimems="0.000" stalltimems="1.888" timestamp="2022-02-08T18:52:17.700" activeThreads="4">
  <mem-info id="295" free="402611792" total="1073741824" percent="37">
    <mem type="nursery" free="107880496" total="268435456" percent="40">
      <mem type="allocate" free="107880496" total="183894016" percent="58" />
      <mem type="survivor" free="0" total="84541440" percent="0" />
    </mem>
    <mem type="tenure" free="294731296" total="805306368" percent="36" macro-fragmented="0">
      <mem type="soa" free="254465568" total="765040640" percent="33" />
      <mem type="loa" free="40265728" total="40265728" percent="100" />
    </mem>
    <remembered-set count="102" />
  </mem-info>
</gc-end>
<cycle-end id="296" type="scavenge" contextid="290" timestamp="2022-02-08T18:52:17.701" />
<allocation-satisfied id="297" threadId="0000000000016F00" bytesRequested="184" />
<af-end id="298" timestamp="2022-02-08T18:52:17.701" threadId="0000000000017908" success="true" from="nursery"/>
<exclusive-end id="299" timestamp="2022-02-08T18:52:17.701" durationms="79.502" />

<exclusive-start id="300" timestamp="2022-02-08T18:52:18.391" intervalms="770.299">
  <response-info timems="0.018" idlems="0.018" threads="0" lastid="0000000000016F00" lastname="main" />
</exclusive-start>
<af-start id="301" threadId="0000000000017908" totalBytesRequested="96" timestamp="2022-02-08T18:52:18.391" intervalms="770.309" type="nursery" />
<cycle-start id="302" type="scavenge" contextid="0" timestamp="2022-02-08T18:52:18.391" intervalms="770.308" />
<gc-start id="303" type="scavenge" contextid="302" timestamp="2022-02-08T18:52:18.391">
  <mem-info id="304" free="294731296" total="1073741824" percent="27">
    <mem type="nursery" free="0" total="268435456" percent="0">
      <mem type="allocate" free="0" total="183894016" percent="0" />
      <mem type="survivor" free="0" total="84541440" percent="0" />
    </mem>
    <mem type="tenure" free="294731296" total="805306368" percent="36">
      <mem type="soa" free="254465568" total="765040640" percent="33" />
      <mem type="loa" free="40265728" total="40265728" percent="100" />
    </mem>
    <remembered-set count="102" />
  </mem-info>
</gc-start>
<allocation-stats totalBytes="107828728" >
  <allocated-bytes non-tlh="184" tlh="107828544" />
  <largest-consumer threadName="main" threadId="0000000000016F00" bytes="107828728" />
</allocation-stats>
<gc-op id="305" type="scavenge" timems="82.545" contextid="302" timestamp="2022-02-08T18:52:18.474">
  <scavenger-info tenureage="1" tenuremask="7ffe" tiltratio="68" />
  <memory-copied type="nursery" objects="1364544" bytes="76700280" bytesdiscarded="226584" />
  <memory-copied type="tenure" objects="1324337" bytes="75720544" bytesdiscarded="38280" />
  <finalization candidates="1" enqueued="0" />
  <object-monitors candidates="2" cleared="0"  />
</gc-op>
<gc-end id="306" type="scavenge" contextid="302" durationms="82.791" usertimems="313.040" systemtimems="0.536" stalltimems="2.443" timestamp="2022-02-08T18:52:18.474" activeThreads="4">
  <mem-info id="307" free="326080048" total="1073741824" percent="30">
    <mem type="nursery" free="107098224" total="268435456" percent="39">
      <mem type="allocate" free="107098224" total="184025088" percent="58" />
      <mem type="survivor" free="0" total="84410368" percent="0" />
    </mem>
    <mem type="tenure" free="218981824" total="805306368" percent="27" macro-fragmented="99381968">
      <mem type="soa" free="178716096" total="765040640" percent="23" />
      <mem type="loa" free="40265728" total="40265728" percent="100" />
    </mem>
    <remembered-set count="102" />
  </mem-info>
</gc-end>
<cycle-end id="308" type="scavenge" contextid="302" timestamp="2022-02-08T18:52:18.474" />
<allocation-satisfied id="309" threadId="0000000000016F00" bytesRequested="96" />
<af-end id="310" timestamp="2022-02-08T18:52:18.474" threadId="0000000000017908" success="true" from="nursery"/>
<exclusive-end id="311" timestamp="2022-02-08T18:52:18.474" durationms="83.081" />

<concurrent-kickoff id="312" timestamp="2022-02-08T18:52:19.061">
  <kickoff reason="threshold reached" targetBytes="156451043" thresholdFreeBytes="19467096"  remainingFree="19383240" tenureFreeBytes="218981824" nurseryFreeBytes="19383240" />
</concurrent-kickoff>
<exclusive-start id="313" timestamp="2022-02-08T18:52:19.065" intervalms="673.783">
  <response-info timems="0.027" idlems="0.027" threads="0" lastid="0000000000016F00" lastname="main" />
</exclusive-start>
<cycle-start id="314" type="global" contextid="0" timestamp="2022-02-08T18:52:19.065" intervalms="2774.889" />
<concurrent-start id="315" type="global mark" contextid="314" timestamp="2022-02-08T18:52:19.065">
</concurrent-start>
<exclusive-end id="316" timestamp="2022-02-08T18:52:19.065" durationms="0.028" />

<concurrent-end id="317" type="global mark" contextid="314" timestamp="2022-02-08T18:52:19.557">
<gc-op id="318" type="trace" timems="492.156" contextid="314" timestamp="2022-02-08T18:52:19.557">
  <trace bytesTraced="156408948" workStackOverflowCount="0" />
  <card-cleaning reason="card cleaning threshold reached" bytesTraced="7688" cardsCleaned="14" />
</gc-op>
</concurrent-end>

<exclusive-start id="319" timestamp="2022-02-08T18:52:19.557" intervalms="492.252">
  <response-info timems="0.045" idlems="0.045" threads="0" lastid="0000000000016F00" lastname="main" />
</exclusive-start>
<concurrent-global-final id="320" timestamp="2022-02-08T18:52:19.557" contextid="314" intervalms="2895.349" >
  <concurrent-trace-info reason="card cleaning threshold reached" tracedByMutators="77522900" tracedByHelpers="78893736" cardsCleaned="14" workStackOverflowCount="0" />
</concurrent-global-final>
<gc-start id="321" type="global" contextid="314" timestamp="2022-02-08T18:52:19.557">
  <mem-info id="322" free="219916176" total="1073741824" percent="20">
    <mem type="nursery" free="934352" total="268435456" percent="0">
      <mem type="allocate" free="934352" total="184025088" percent="0" />
      <mem type="survivor" free="0" total="84410368" percent="0" />
    </mem>
    <mem type="tenure" free="218981824" total="805306368" percent="27">
      <mem type="soa" free="178716096" total="765040640" percent="23" />
      <mem type="loa" free="40265728" total="40265728" percent="100" />
    </mem>
    <remembered-set count="133" />
  </mem-info>
</gc-start>
<allocation-stats totalBytes="106116312" >
  <allocated-bytes non-tlh="945824" tlh="105170488" />
  <largest-consumer threadName="main" threadId="0000000000016F00" bytes="106116312" />
</allocation-stats>
<gc-op id="323" type="rs-scan" timems="114.065" contextid="314" timestamp="2022-02-08T18:52:19.672">
  <scan objectsFound="2817065" bytesTraced="60113148" workStackOverflowCount="0" />
</gc-op>
<gc-op id="324" type="card-cleaning" timems="0.380" contextid="314" timestamp="2022-02-08T18:52:19.672">
  <card-cleaning cardsCleaned="40" bytesTraced="29752" workStackOverflowCount="0" />
</gc-op>
<gc-op id="325" type="mark" timems="3.584" contextid="314" timestamp="2022-02-08T18:52:19.676">
  <trace-info objectcount="109548" scancount="83690" scanbytes="1850900" />
  <finalization candidates="476" enqueued="53" />
  <ownableSynchronizers candidates="1" cleared="0" />
  <references type="soft" candidates="1077" cleared="0" enqueued="0" dynamicThreshold="17" maxThreshold="32" />
  <references type="weak" candidates="1702" cleared="0" enqueued="0" />
  <references type="phantom" candidates="140" cleared="7" enqueued="7" />
  <stringconstants candidates="6463" cleared="0"  />
  <object-monitors candidates="2" cleared="0"  />
</gc-op>
<gc-op id="326" type="sweep" timems="5.687" contextid="314" timestamp="2022-02-08T18:52:19.681" />
<gc-end id="327" type="global" contextid="314" durationms="123.886" usertimems="152.104" systemtimems="0.214" stalltimems="10.357" timestamp="2022-02-08T18:52:19.681" activeThreads="4">
  <mem-info id="328" free="224348272" total="1073741824" percent="20">
    <mem type="nursery" free="3433272" total="268435456" percent="1">
      <mem type="allocate" free="3433272" total="184025088" percent="1" />
      <mem type="survivor" free="0" total="84410368" percent="0" />
    </mem>
    <mem type="tenure" free="220915000" total="805306368" percent="27" micro-fragmented="351027" macro-fragmented="143110048">
      <mem type="soa" free="180649272" total="765040640" percent="23" />
      <mem type="loa" free="40265728" total="40265728" percent="100" />
    </mem>
    <pending-finalizers system="52" default="1" reference="7" classloader="0" />
    <remembered-set count="128" />
  </mem-info>
</gc-end>
<cycle-end id="329" type="global" contextid="314" timestamp="2022-02-08T18:52:19.681" />
<exclusive-end id="330" timestamp="2022-02-08T18:52:19.681" durationms="124.108" />

<concurrent-kickoff id="331" timestamp="2022-02-08T18:52:19.682">
  <kickoff reason="threshold reached" targetBytes="155980818" thresholdFreeBytes="18508072"  remainingFree="3378336" tenureFreeBytes="220915000" nurseryFreeBytes="3378336" />
</concurrent-kickoff>
<exclusive-start id="332" timestamp="2022-02-08T18:52:19.686" intervalms="128.660">
  <response-info timems="0.044" idlems="0.044" threads="0" lastid="0000000000016F00" lastname="main" />
</exclusive-start>
<cycle-start id="333" type="global" contextid="0" timestamp="2022-02-08T18:52:19.686" intervalms="620.911" />
<concurrent-start id="334" type="global mark" contextid="333" timestamp="2022-02-08T18:52:19.686">
</concurrent-start>
<exclusive-end id="335" timestamp="2022-02-08T18:52:19.686" durationms="0.025" />

<exclusive-start id="336" timestamp="2022-02-08T18:52:19.823" intervalms="137.265">
  <response-info timems="0.019" idlems="0.019" threads="0" lastid="0000000000016F00" lastname="main" />
</exclusive-start>
<af-start id="337" threadId="0000000000017908" totalBytesRequested="128" timestamp="2022-02-08T18:52:19.823" intervalms="1431.948" type="nursery" />
<cycle-start id="338" type="scavenge" contextid="0" timestamp="2022-02-08T18:52:19.823" intervalms="1431.948" />
<gc-start id="339" type="scavenge" contextid="338" timestamp="2022-02-08T18:52:19.823">
  <mem-info id="340" free="220915000" total="1073741824" percent="20">
    <mem type="nursery" free="0" total="268435456" percent="0">
      <mem type="allocate" free="0" total="184025088" percent="0" />
      <mem type="survivor" free="0" total="84410368" percent="0" />
    </mem>
    <mem type="tenure" free="220915000" total="805306368" percent="27">
      <mem type="soa" free="180649272" total="765040640" percent="23" />
      <mem type="loa" free="40265728" total="40265728" percent="100" />
    </mem>
    <remembered-set count="129" />
  </mem-info>
</gc-start>
<allocation-stats totalBytes="3426352" >
  <allocated-bytes non-tlh="248496" tlh="3177856" />
  <largest-consumer threadName="main" threadId="0000000000016F00" bytes="3418160" />
</allocation-stats>
<gc-op id="341" type="scavenge" timems="80.204" contextid="338" timestamp="2022-02-08T18:52:19.904">
  <scavenger-info tenureage="1" tenuremask="7ffe" tiltratio="68" />
  <memory-copied type="nursery" objects="1505510" bytes="76591576" bytesdiscarded="240168" />
  <memory-copied type="tenure" objects="1364544" bytes="76700280" bytesdiscarded="37328" />
  <finalization candidates="55" enqueued="0" />
  <ownableSynchronizers candidates="2" cleared="2" />
  <references type="soft" candidates="14" cleared="0" enqueued="0" dynamicThreshold="8" maxThreshold="32" />
  <references type="weak" candidates="1" cleared="0" enqueued="0" />
  <references type="phantom" candidates="29" cleared="1" enqueued="1" />
  <object-monitors candidates="2" cleared="0"  />
</gc-op>
<gc-end id="342" type="scavenge" contextid="338" durationms="80.395" usertimems="312.283" systemtimems="0.000" stalltimems="3.812" timestamp="2022-02-08T18:52:19.904" activeThreads="4">
  <mem-info id="343" free="251507552" total="1073741824" percent="23">
    <mem type="nursery" free="107520960" total="268435456" percent="40">
      <mem type="allocate" free="107520960" total="184352768" percent="58" />
      <mem type="survivor" free="0" total="84082688" percent="0" />
    </mem>
    <mem type="tenure" free="143986592" total="805306368" percent="17" macro-fragmented="99381968">
      <mem type="soa" free="103720864" total="765040640" percent="13" />
      <mem type="loa" free="40265728" total="40265728" percent="100" />
    </mem>
    <pending-finalizers system="0" default="0" reference="1" classloader="0" />
    <remembered-set count="124" />
  </mem-info>
</gc-end>
<cycle-end id="344" type="scavenge" contextid="338" timestamp="2022-02-08T18:52:19.904" />
<allocation-satisfied id="345" threadId="0000000000016F00" bytesRequested="128" />
<af-end id="346" timestamp="2022-02-08T18:52:19.904" threadId="0000000000017908" success="true" from="nursery"/>
<exclusive-end id="347" timestamp="2022-02-08T18:52:19.904" durationms="80.662" />

<concurrent-end id="348" type="global mark" contextid="333" timestamp="2022-02-08T18:52:20.005">
<gc-op id="349" type="trace" timems="318.937" contextid="333" timestamp="2022-02-08T18:52:20.005">
  <trace bytesTraced="74505072" workStackOverflowCount="0" />
  <card-cleaning reason="card cleaning threshold reached" bytesTraced="904" cardsCleaned="2" />
</gc-op>
</concurrent-end>

<exclusive-start id="350" timestamp="2022-02-08T18:52:20.005" intervalms="181.787">
  <response-info timems="0.039" idlems="0.039" threads="0" lastid="0000000000016F00" lastname="main" />
</exclusive-start>
<concurrent-global-final id="351" timestamp="2022-02-08T18:52:20.005" contextid="333" intervalms="447.749" >
  <concurrent-trace-info reason="card cleaning threshold reached" tracedByMutators="54312404" tracedByHelpers="20193572" cardsCleaned="2" workStackOverflowCount="0" />
</concurrent-global-final>
<gc-start id="352" type="global" contextid="333" timestamp="2022-02-08T18:52:20.005">
  <mem-info id="353" free="245691112" total="1073741824" percent="22">
    <mem type="nursery" free="101704520" total="268435456" percent="37">
      <mem type="allocate" free="101704520" total="184352768" percent="55" />
      <mem type="survivor" free="0" total="84082688" percent="0" />
    </mem>
    <mem type="tenure" free="143986592" total="805306368" percent="17">
      <mem type="soa" free="103720864" total="765040640" percent="13" />
      <mem type="loa" free="40265728" total="40265728" percent="100" />
    </mem>
    <remembered-set count="125" />
  </mem-info>
</gc-start>
<allocation-stats totalBytes="5814952" >
  <allocated-bytes non-tlh="475256" tlh="5339696" />
  <largest-consumer threadName="main" threadId="0000000000016F00" bytes="5814952" />
</allocation-stats>
<gc-op id="354" type="rs-scan" timems="127.364" contextid="333" timestamp="2022-02-08T18:52:20.133">
  <scan objectsFound="3324745" bytesTraced="71011468" workStackOverflowCount="0" />
</gc-op>
<gc-op id="355" type="card-cleaning" timems="0.518" contextid="333" timestamp="2022-02-08T18:52:20.133">
  <card-cleaning cardsCleaned="3" bytesTraced="1144" workStackOverflowCount="0" />
</gc-op>
<gc-op id="356" type="mark" timems="7.751" contextid="333" timestamp="2022-02-08T18:52:20.141">
  <trace-info objectcount="236936" scancount="179235" scanbytes="3894060" />
  <finalization candidates="427" enqueued="57" />
  <ownableSynchronizers candidates="1" cleared="0" />
  <references type="soft" candidates="1063" cleared="0" enqueued="0" dynamicThreshold="8" maxThreshold="32" />
  <references type="weak" candidates="1701" cleared="0" enqueued="0" />
  <references type="phantom" candidates="50" cleared="1" enqueued="1" />
  <stringconstants candidates="6463" cleared="0"  />
  <object-monitors candidates="2" cleared="0"  />
</gc-op>
<gc-op id="357" type="sweep" timems="5.793" contextid="333" timestamp="2022-02-08T18:52:20.147" />
<gc-end id="358" type="global" contextid="333" durationms="141.615" usertimems="155.854" systemtimems="0.000" stalltimems="28.408" timestamp="2022-02-08T18:52:20.147" activeThreads="4">
  <mem-info id="359" free="487285496" total="1073741824" percent="45">
    <mem type="nursery" free="102221568" total="268435456" percent="38">
      <mem type="allocate" free="102221568" total="184352768" percent="55" />
      <mem type="survivor" free="0" total="84082688" percent="0" />
    </mem>
    <mem type="tenure" free="385063928" total="805306368" percent="47" micro-fragmented="259579" macro-fragmented="0">
      <mem type="soa" free="344798200" total="765040640" percent="45" />
      <mem type="loa" free="40265728" total="40265728" percent="100" />
    </mem>
    <pending-finalizers system="57" default="0" reference="1" classloader="0" />
    <remembered-set count="112" />
  </mem-info>
</gc-end>
<cycle-end id="360" type="global" contextid="333" timestamp="2022-02-08T18:52:20.147" />
<exclusive-end id="361" timestamp="2022-02-08T18:52:20.147" durationms="141.897" />

<exclusive-start id="362" timestamp="2022-02-08T18:52:20.857" intervalms="852.336">
  <response-info timems="0.019" idlems="0.019" threads="0" lastid="0000000000016F00" lastname="main" />
</exclusive-start>
<af-start id="363" threadId="0000000000017908" totalBytesRequested="24" timestamp="2022-02-08T18:52:20.857" intervalms="1034.125" type="nursery" />
<cycle-start id="364" type="scavenge" contextid="0" timestamp="2022-02-08T18:52:20.857" intervalms="1034.127" />
<gc-start id="365" type="scavenge" contextid="364" timestamp="2022-02-08T18:52:20.858">
  <mem-info id="366" free="385063928" total="1073741824" percent="35">
    <mem type="nursery" free="0" total="268435456" percent="0">
      <mem type="allocate" free="0" total="184352768" percent="0" />
      <mem type="survivor" free="0" total="84082688" percent="0" />
    </mem>
    <mem type="tenure" free="385063928" total="805306368" percent="47">
      <mem type="soa" free="344798200" total="765040640" percent="45" />
      <mem type="loa" free="40265728" total="40265728" percent="100" />
    </mem>
    <remembered-set count="113" />
  </mem-info>
</gc-start>
<allocation-stats totalBytes="102174904" >
  <allocated-bytes non-tlh="1347680" tlh="100827224" />
  <largest-consumer threadName="main" threadId="0000000000016F00" bytes="102165976" />
</allocation-stats>
<gc-op id="367" type="scavenge" timems="90.281" contextid="364" timestamp="2022-02-08T18:52:20.948">
  <scavenger-info tenureage="1" tenuremask="7ffe" tiltratio="68" />
  <memory-copied type="nursery" objects="1346147" bytes="76869560" bytesdiscarded="325856" />
  <memory-copied type="tenure" objects="1505499" bytes="76421616" bytesdiscarded="37288" />
  <finalization candidates="57" enqueued="0" />
  <ownableSynchronizers candidates="2" cleared="2" />
  <references type="phantom" candidates="2" cleared="0" enqueued="0" />
  <object-monitors candidates="2" cleared="0"  />
</gc-op>
<gc-end id="368" type="scavenge" contextid="364" durationms="90.498" usertimems="307.388" systemtimems="0.000" stalltimems="10.375" timestamp="2022-02-08T18:52:20.948" activeThreads="4">
  <mem-info id="369" free="415750496" total="1073741824" percent="38">
    <mem type="nursery" free="107288424" total="268435456" percent="39">
      <mem type="allocate" free="107288424" total="184483840" percent="58" />
      <mem type="survivor" free="0" total="83951616" percent="0" />
    </mem>
    <mem type="tenure" free="308462072" total="805306368" percent="38" macro-fragmented="0">
      <mem type="soa" free="268196344" total="765040640" percent="35" />
      <mem type="loa" free="40265728" total="40265728" percent="100" />
    </mem>
    <remembered-set count="103" />
  </mem-info>
</gc-end>
<cycle-end id="370" type="scavenge" contextid="364" timestamp="2022-02-08T18:52:20.948" />
<allocation-satisfied id="371" threadId="0000000000016F00" bytesRequested="24" />
<af-end id="372" timestamp="2022-02-08T18:52:20.948" threadId="0000000000017908" success="true" from="nursery"/>
<exclusive-end id="373" timestamp="2022-02-08T18:52:20.948" durationms="90.784" />

<exclusive-start id="374" timestamp="2022-02-08T18:52:21.647" intervalms="789.081">
  <response-info timems="0.018" idlems="0.018" threads="0" lastid="0000000000016F00" lastname="main" />
</exclusive-start>
<af-start id="375" threadId="0000000000017908" totalBytesRequested="120" timestamp="2022-02-08T18:52:21.647" intervalms="789.081" type="nursery" />
<cycle-start id="376" type="scavenge" contextid="0" timestamp="2022-02-08T18:52:21.647" intervalms="789.087" />
<gc-start id="377" type="scavenge" contextid="376" timestamp="2022-02-08T18:52:21.647">
  <mem-info id="378" free="308462072" total="1073741824" percent="28">
    <mem type="nursery" free="0" total="268435456" percent="0">
      <mem type="allocate" free="0" total="184483840" percent="0" />
      <mem type="survivor" free="0" total="83951616" percent="0" />
    </mem>
    <mem type="tenure" free="308462072" total="805306368" percent="38">
      <mem type="soa" free="268196344" total="765040640" percent="35" />
      <mem type="loa" free="40265728" total="40265728" percent="100" />
    </mem>
    <remembered-set count="103" />
  </mem-info>
</gc-start>
<allocation-stats totalBytes="107236216" >
  <allocated-bytes non-tlh="24" tlh="107236192" />
  <largest-consumer threadName="main" threadId="0000000000016F00" bytes="107236216" />
</allocation-stats>
<gc-op id="379" type="scavenge" timems="75.289" contextid="376" timestamp="2022-02-08T18:52:21.722">
  <scavenger-info tenureage="1" tenuremask="7ffe" tiltratio="68" />
  <memory-copied type="nursery" objects="1354203" bytes="76281712" bytesdiscarded="158104" />
  <memory-copied type="tenure" objects="1346147" bytes="76869560" bytesdiscarded="40480" />
  <finalization candidates="2" enqueued="0" />
  <object-monitors candidates="2" cleared="0"  />
</gc-op>
<gc-end id="380" type="scavenge" contextid="376" durationms="75.578" usertimems="297.975" systemtimems="0.000" stalltimems="2.539" timestamp="2022-02-08T18:52:21.722" activeThreads="4">
  <mem-info id="381" free="339863344" total="1073741824" percent="31">
    <mem type="nursery" free="108240632" total="268435456" percent="40">
      <mem type="allocate" free="108240632" total="184680448" percent="58" />
      <mem type="survivor" free="0" total="83755008" percent="0" />
    </mem>
    <mem type="tenure" free="231622712" total="805306368" percent="28" macro-fragmented="0">
      <mem type="soa" free="191356984" total="765040640" percent="25" />
      <mem type="loa" free="40265728" total="40265728" percent="100" />
    </mem>
    <remembered-set count="102" />
  </mem-info>
</gc-end>
<cycle-end id="382" type="scavenge" contextid="376" timestamp="2022-02-08T18:52:21.722" />
<allocation-satisfied id="383" threadId="0000000000016F00" bytesRequested="120" />
<af-end id="384" timestamp="2022-02-08T18:52:21.722" threadId="0000000000017908" success="true" from="nursery"/>
<exclusive-end id="385" timestamp="2022-02-08T18:52:21.722" durationms="75.828" />

<exclusive-start id="386" timestamp="2022-02-08T18:52:22.430" intervalms="783.768">
  <response-info timems="0.017" idlems="0.017" threads="0" lastid="0000000000016F00" lastname="main" />
</exclusive-start>
<af-start id="387" threadId="0000000000017908" totalBytesRequested="88" timestamp="2022-02-08T18:52:22.430" intervalms="783.764" type="nursery" />
<cycle-start id="388" type="scavenge" contextid="0" timestamp="2022-02-08T18:52:22.430" intervalms="783.756" />
<gc-start id="389" type="scavenge" contextid="388" timestamp="2022-02-08T18:52:22.430">
  <mem-info id="390" free="231622712" total="1073741824" percent="21">
    <mem type="nursery" free="0" total="268435456" percent="0">
      <mem type="allocate" free="0" total="184680448" percent="0" />
      <mem type="survivor" free="0" total="83755008" percent="0" />
    </mem>
    <mem type="tenure" free="231622712" total="805306368" percent="28">
      <mem type="soa" free="191356984" total="765040640" percent="25" />
      <mem type="loa" free="40265728" total="40265728" percent="100" />
    </mem>
    <remembered-set count="116" />
  </mem-info>
</gc-start>
<allocation-stats totalBytes="108191816" >
  <allocated-bytes non-tlh="453824" tlh="107737992" />
  <largest-consumer threadName="main" threadId="0000000000016F00" bytes="108191816" />
</allocation-stats>
<gc-op id="391" type="scavenge" timems="76.359" contextid="388" timestamp="2022-02-08T18:52:22.507">
  <scavenger-info tenureage="1" tenuremask="7ffe" tiltratio="68" />
  <memory-copied type="nursery" objects="1361711" bytes="77041024" bytesdiscarded="293952" />
  <memory-copied type="tenure" objects="1354203" bytes="76281712" bytesdiscarded="39168" />
  <finalization candidates="30" enqueued="18" />
  <references type="phantom" candidates="30" cleared="0" enqueued="0" />
  <object-monitors candidates="2" cleared="0"  />
</gc-op>
<gc-end id="392" type="scavenge" contextid="388" durationms="76.659" usertimems="303.064" systemtimems="0.000" stalltimems="1.574" timestamp="2022-02-08T18:52:22.507" activeThreads="4">
  <mem-info id="393" free="262329016" total="1073741824" percent="24">
    <mem type="nursery" free="107083328" total="268435456" percent="39">
      <mem type="allocate" free="107083328" total="184418304" percent="58" />
      <mem type="survivor" free="0" total="84017152" percent="0" />
    </mem>
    <mem type="tenure" free="155245688" total="805306368" percent="19" macro-fragmented="0">
      <mem type="soa" free="114979960" total="765040640" percent="15" />
      <mem type="loa" free="40265728" total="40265728" percent="100" />
    </mem>
    <pending-finalizers system="18" default="0" reference="0" classloader="0" />
    <remembered-set count="116" />
  </mem-info>
</gc-end>
<cycle-end id="394" type="scavenge" contextid="388" timestamp="2022-02-08T18:52:22.507" />
<allocation-satisfied id="395" threadId="0000000000016F00" bytesRequested="88" />
<af-end id="396" timestamp="2022-02-08T18:52:22.507" threadId="0000000000017908" success="true" from="nursery"/>
<exclusive-end id="397" timestamp="2022-02-08T18:52:22.507" durationms="76.898" />

<concurrent-kickoff id="398" timestamp="2022-02-08T18:52:23.282">
  <kickoff reason="threshold reached" targetBytes="139360831" thresholdFreeBytes="15904492"  remainingFree="15821048" tenureFreeBytes="155245688" nurseryFreeBytes="15821048" />
</concurrent-kickoff>
<exclusive-start id="399" timestamp="2022-02-08T18:52:23.285" intervalms="854.872">
  <response-info timems="0.019" idlems="0.019" threads="0" lastid="0000000000016F00" lastname="main" />
</exclusive-start>
<cycle-start id="400" type="global" contextid="0" timestamp="2022-02-08T18:52:23.285" intervalms="3599.110" />
<concurrent-start id="401" type="global mark" contextid="400" timestamp="2022-02-08T18:52:23.285">
</concurrent-start>
<exclusive-end id="402" timestamp="2022-02-08T18:52:23.285" durationms="0.026" />

<exclusive-start id="403" timestamp="2022-02-08T18:52:23.542" intervalms="256.356">
  <response-info timems="0.037" idlems="0.037" threads="0" lastid="0000000000016F00" lastname="main" />
</exclusive-start>
<af-start id="404" threadId="0000000000017908" totalBytesRequested="88" timestamp="2022-02-08T18:52:23.542" intervalms="1111.232" type="nursery" />
<cycle-start id="405" type="scavenge" contextid="0" timestamp="2022-02-08T18:52:23.542" intervalms="1111.236" />
<gc-start id="406" type="scavenge" contextid="405" timestamp="2022-02-08T18:52:23.542">
  <mem-info id="407" free="155245688" total="1073741824" percent="14">
    <mem type="nursery" free="0" total="268435456" percent="0">
      <mem type="allocate" free="0" total="184418304" percent="0" />
      <mem type="survivor" free="0" total="84017152" percent="0" />
    </mem>
    <mem type="tenure" free="155245688" total="805306368" percent="19">
      <mem type="soa" free="114979960" total="765040640" percent="15" />
      <mem type="loa" free="40265728" total="40265728" percent="100" />
    </mem>
    <remembered-set count="133" />
  </mem-info>
</gc-start>
<allocation-stats totalBytes="107032528" >
  <allocated-bytes non-tlh="2555208" tlh="104477320" />
  <largest-consumer threadName="main" threadId="0000000000016F00" bytes="107028432" />
</allocation-stats>
<gc-op id="408" type="scavenge" timems="76.681" contextid="405" timestamp="2022-02-08T18:52:23.618">
  <scavenger-info tenureage="1" tenuremask="7ffe" tiltratio="68" />
  <memory-copied type="nursery" objects="1426520" bytes="75591928" bytesdiscarded="156296" />
  <memory-copied type="tenure" objects="1361412" bytes="76428280" bytesdiscarded="38744" />
  <finalization candidates="92" enqueued="35" />
  <references type="soft" candidates="14" cleared="0" enqueued="0" dynamicThreshold="15" maxThreshold="32" />
  <references type="weak" candidates="1" cleared="0" enqueued="0" />
  <references type="phantom" candidates="77" cleared="7" enqueued="7" />
  <object-monitors candidates="2" cleared="0"  />
</gc-op>
<gc-end id="409" type="scavenge" contextid="405" durationms="76.835" usertimems="302.360" systemtimems="0.221" stalltimems="3.367" timestamp="2022-02-08T18:52:23.618" activeThreads="4">
  <mem-info id="410" free="187700280" total="1073741824" percent="17">
    <mem type="nursery" free="108866560" total="268435456" percent="40">
      <mem type="allocate" free="108866560" total="184614912" percent="58" />
      <mem type="survivor" free="0" total="83820544" percent="0" />
    </mem>
    <mem type="tenure" free="78833720" total="805306368" percent="9" macro-fragmented="73222188">
      <mem type="soa" free="38567992" total="765040640" percent="5" />
      <mem type="loa" free="40265728" total="40265728" percent="100" />
    </mem>
    <pending-finalizers system="34" default="1" reference="7" classloader="0" />
    <remembered-set count="120" />
  </mem-info>
</gc-end>
<cycle-end id="411" type="scavenge" contextid="405" timestamp="2022-02-08T18:52:23.619" />
<allocation-satisfied id="412" threadId="0000000000016F00" bytesRequested="88" />
<af-end id="413" timestamp="2022-02-08T18:52:23.619" threadId="0000000000017908" success="true" from="nursery"/>
<exclusive-end id="414" timestamp="2022-02-08T18:52:23.619" durationms="77.142" />

<concurrent-end id="415" type="global mark" contextid="400" timestamp="2022-02-08T18:52:23.625">
<gc-op id="416" type="trace" timems="339.897" contextid="400" timestamp="2022-02-08T18:52:23.625">
  <trace bytesTraced="74507048" workStackOverflowCount="0" />
  <card-cleaning reason="card cleaning threshold reached" bytesTraced="904" cardsCleaned="2" />
</gc-op>
</concurrent-end>

<exclusive-start id="417" timestamp="2022-02-08T18:52:23.625" intervalms="83.591">
  <response-info timems="0.015" idlems="0.015" threads="0" lastid="0000000000016F00" lastname="main" />
</exclusive-start>
<concurrent-global-final id="418" timestamp="2022-02-08T18:52:23.625" contextid="400" intervalms="3619.955" >
  <concurrent-trace-info reason="card cleaning threshold reached" tracedByMutators="60632704" tracedByHelpers="13875248" cardsCleaned="2" workStackOverflowCount="0" />
</concurrent-global-final>
<gc-start id="419" type="global" contextid="400" timestamp="2022-02-08T18:52:23.625">
  <mem-info id="420" free="187053024" total="1073741824" percent="17">
    <mem type="nursery" free="108219304" total="268435456" percent="40">
      <mem type="allocate" free="108219304" total="184614912" percent="58" />
      <mem type="survivor" free="0" total="83820544" percent="0" />
    </mem>
    <mem type="tenure" free="78833720" total="805306368" percent="9">
      <mem type="soa" free="38567992" total="765040640" percent="5" />
      <mem type="loa" free="40265728" total="40265728" percent="100" />
    </mem>
    <remembered-set count="121" />
  </mem-info>
</gc-start>
<allocation-stats totalBytes="646984" >
  <allocated-bytes non-tlh="88" tlh="646896" />
  <largest-consumer threadName="main" threadId="0000000000016F00" bytes="638792" />
</allocation-stats>
<gc-op id="421" type="rs-scan" timems="159.033" contextid="400" timestamp="2022-02-08T18:52:23.784">
  <scan objectsFound="3324817" bytesTraced="71014432" workStackOverflowCount="0" />
</gc-op>
<gc-op id="422" type="card-cleaning" timems="0.264" contextid="400" timestamp="2022-02-08T18:52:23.785">
  <card-cleaning cardsCleaned="3" bytesTraced="1224" workStackOverflowCount="0" />
</gc-op>
<gc-op id="423" type="mark" timems="32.594" contextid="400" timestamp="2022-02-08T18:52:23.817">
  <trace-info objectcount="1230329" scancount="924273" scanbytes="19785544" />
  <finalization candidates="428" enqueued="57" />
  <ownableSynchronizers candidates="1" cleared="0" />
  <references type="soft" candidates="1063" cleared="0" enqueued="0" dynamicThreshold="15" maxThreshold="32" />
  <references type="weak" candidates="1701" cleared="0" enqueued="0" />
  <references type="phantom" candidates="52" cleared="2" enqueued="2" />
  <stringconstants candidates="6463" cleared="0"  />
  <object-monitors candidates="2" cleared="0"  />
</gc-op>
<gc-op id="424" type="sweep" timems="5.220" contextid="400" timestamp="2022-02-08T18:52:23.822" />
<gc-end id="425" type="global" contextid="400" durationms="197.372" usertimems="214.242" systemtimems="0.000" stalltimems="97.392" timestamp="2022-02-08T18:52:23.823" activeThreads="4">
  <mem-info id="426" free="430388840" total="1073741824" percent="40">
    <mem type="nursery" free="108750056" total="268435456" percent="40">
      <mem type="allocate" free="108750056" total="184614912" percent="58" />
      <mem type="survivor" free="0" total="83820544" percent="0" />
    </mem>
    <mem type="tenure" free="321638784" total="805306368" percent="39" micro-fragmented="305894" macro-fragmented="0">
      <mem type="soa" free="281373056" total="765040640" percent="36" />
      <mem type="loa" free="40265728" total="40265728" percent="100" />
    </mem>
    <pending-finalizers system="57" default="0" reference="2" classloader="0" />
    <remembered-set count="108" />
  </mem-info>
</gc-end>
<cycle-end id="427" type="global" contextid="400" timestamp="2022-02-08T18:52:23.823" />
<exclusive-end id="428" timestamp="2022-02-08T18:52:23.823" durationms="197.648" />

<exclusive-start id="429" timestamp="2022-02-08T18:52:24.669" intervalms="1043.817">
  <response-info timems="0.021" idlems="0.021" threads="0" lastid="0000000000016F00" lastname="main" />
</exclusive-start>
<af-start id="430" threadId="0000000000017908" totalBytesRequested="104" timestamp="2022-02-08T18:52:24.669" intervalms="1127.409" type="nursery" />
<cycle-start id="431" type="scavenge" contextid="0" timestamp="2022-02-08T18:52:24.669" intervalms="1127.408" />
<gc-start id="432" type="scavenge" contextid="431" timestamp="2022-02-08T18:52:24.669">
  <mem-info id="433" free="321638784" total="1073741824" percent="29">
    <mem type="nursery" free="0" total="268435456" percent="0">
      <mem type="allocate" free="0" total="184614912" percent="0" />
      <mem type="survivor" free="0" total="83820544" percent="0" />
    </mem>
    <mem type="tenure" free="321638784" total="805306368" percent="39">
      <mem type="soa" free="281373056" total="765040640" percent="36" />
      <mem type="loa" free="40265728" total="40265728" percent="100" />
    </mem>
    <remembered-set count="109" />
  </mem-info>
</gc-start>
<allocation-stats totalBytes="108699880" >
  <allocated-bytes non-tlh="0" tlh="108699880" />
  <largest-consumer threadName="main" threadId="0000000000016F00" bytes="108687624" />
</allocation-stats>
<gc-op id="434" type="scavenge" timems="102.016" contextid="431" timestamp="2022-02-08T18:52:24.771">
  <scavenger-info tenureage="1" tenuremask="7ffe" tiltratio="68" />
  <memory-copied type="nursery" objects="1409052" bytes="77803744" bytesdiscarded="99872" />
  <memory-copied type="tenure" objects="1426038" bytes="75280128" bytesdiscarded="37840" />
  <finalization candidates="45" enqueued="0" />
  <ownableSynchronizers candidates="2" cleared="2" />
  <object-monitors candidates="2" cleared="0"  />
</gc-op>
<gc-end id="435" type="scavenge" contextid="431" durationms="102.181" usertimems="379.315" systemtimems="0.000" stalltimems="2.758" timestamp="2022-02-08T18:52:24.771" activeThreads="4">
  <mem-info id="436" free="350745384" total="1073741824" percent="32">
    <mem type="nursery" free="104614144" total="268435456" percent="38">
      <mem type="allocate" free="104614144" total="182517760" percent="57" />
      <mem type="survivor" free="0" total="85917696" percent="0" />
    </mem>
    <mem type="tenure" free="246131240" total="805306368" percent="30" macro-fragmented="0">
      <mem type="soa" free="205865512" total="765040640" percent="26" />
      <mem type="loa" free="40265728" total="40265728" percent="100" />
    </mem>
    <remembered-set count="103" />
  </mem-info>
</gc-end>
<cycle-end id="437" type="scavenge" contextid="431" timestamp="2022-02-08T18:52:24.771" />
<allocation-satisfied id="438" threadId="0000000000016F00" bytesRequested="104" />
<af-end id="439" timestamp="2022-02-08T18:52:24.771" threadId="0000000000017908" success="true" from="nursery"/>
<exclusive-end id="440" timestamp="2022-02-08T18:52:24.771" durationms="102.438" />

<exclusive-start id="441" timestamp="2022-02-08T18:52:25.453" intervalms="783.935">
  <response-info timems="0.021" idlems="0.021" threads="0" lastid="0000000000016F00" lastname="main" />
</exclusive-start>
<af-start id="442" threadId="0000000000017908" totalBytesRequested="208" timestamp="2022-02-08T18:52:25.453" intervalms="783.961" type="nursery" />
<cycle-start id="443" type="scavenge" contextid="0" timestamp="2022-02-08T18:52:25.453" intervalms="783.960" />
<gc-start id="444" type="scavenge" contextid="443" timestamp="2022-02-08T18:52:25.453">
  <mem-info id="445" free="246131240" total="1073741824" percent="22">
    <mem type="nursery" free="0" total="268435456" percent="0">
      <mem type="allocate" free="0" total="182517760" percent="0" />
      <mem type="survivor" free="0" total="85917696" percent="0" />
    </mem>
    <mem type="tenure" free="246131240" total="805306368" percent="30">
      <mem type="soa" free="205865512" total="765040640" percent="26" />
      <mem type="loa" free="40265728" total="40265728" percent="100" />
    </mem>
    <remembered-set count="103" />
  </mem-info>
</gc-start>
<allocation-stats totalBytes="104566520" >
  <allocated-bytes non-tlh="104" tlh="104566416" />
  <largest-consumer threadName="main" threadId="0000000000016F00" bytes="104566520" />
</allocation-stats>
<gc-op id="446" type="scavenge" timems="110.543" contextid="443" timestamp="2022-02-08T18:52:25.564">
  <scavenger-info tenureage="1" tenuremask="7ffe" tiltratio="67" />
  <memory-copied type="nursery" objects="1308201" bytes="74355704" bytesdiscarded="106712" />
  <memory-copied type="tenure" objects="1409052" bytes="77803744" bytesdiscarded="42768" />
  <object-monitors candidates="2" cleared="0"  />
</gc-op>
<gc-end id="447" type="scavenge" contextid="443" durationms="110.777" usertimems="372.559" systemtimems="13.676" stalltimems="4.283" timestamp="2022-02-08T18:52:25.564" activeThreads="4">
  <mem-info id="448" free="276680592" total="1073741824" percent="25">
    <mem type="nursery" free="108448560" total="268435456" percent="40">
      <mem type="allocate" free="108448560" total="182910976" percent="59" />
      <mem type="survivor" free="0" total="85524480" percent="0" />
    </mem>
    <mem type="tenure" free="168232032" total="805306368" percent="20" macro-fragmented="723458">
      <mem type="soa" free="127966304" total="765040640" percent="16" />
      <mem type="loa" free="40265728" total="40265728" percent="100" />
    </mem>
    <remembered-set count="103" />
  </mem-info>
</gc-end>
<cycle-end id="449" type="scavenge" contextid="443" timestamp="2022-02-08T18:52:25.564" />
<allocation-satisfied id="450" threadId="0000000000016F00" bytesRequested="208" />
<af-end id="451" timestamp="2022-02-08T18:52:25.564" threadId="0000000000017908" success="true" from="nursery"/>
<exclusive-end id="452" timestamp="2022-02-08T18:52:25.564" durationms="111.136" />

<concurrent-kickoff id="453" timestamp="2022-02-08T18:52:26.386">
  <kickoff reason="threshold reached" targetBytes="126162746" thresholdFreeBytes="13861116"  remainingFree="13758200" tenureFreeBytes="168232032" nurseryFreeBytes="13758200" />
</concurrent-kickoff>
<exclusive-start id="454" timestamp="2022-02-08T18:52:26.391" intervalms="938.009">
  <response-info timems="0.023" idlems="0.023" threads="0" lastid="0000000000016F00" lastname="main" />
</exclusive-start>
<cycle-start id="455" type="global" contextid="0" timestamp="2022-02-08T18:52:26.391" intervalms="3105.710" />
<concurrent-start id="456" type="global mark" contextid="455" timestamp="2022-02-08T18:52:26.391">
</concurrent-start>
<exclusive-end id="457" timestamp="2022-02-08T18:52:26.391" durationms="0.038" />

<exclusive-start id="458" timestamp="2022-02-08T18:52:26.664" intervalms="273.507">
  <response-info timems="0.034" idlems="0.034" threads="0" lastid="0000000000016F00" lastname="main" />
</exclusive-start>
<af-start id="459" threadId="0000000000017908" totalBytesRequested="72" timestamp="2022-02-08T18:52:26.665" intervalms="1211.846" type="nursery" />
<cycle-start id="460" type="scavenge" contextid="0" timestamp="2022-02-08T18:52:26.665" intervalms="1211.925" />
<gc-start id="461" type="scavenge" contextid="460" timestamp="2022-02-08T18:52:26.665">
  <mem-info id="462" free="168232032" total="1073741824" percent="15">
    <mem type="nursery" free="0" total="268435456" percent="0">
      <mem type="allocate" free="0" total="182910976" percent="0" />
      <mem type="survivor" free="0" total="85524480" percent="0" />
    </mem>
    <mem type="tenure" free="168232032" total="805306368" percent="20">
      <mem type="soa" free="127966304" total="765040640" percent="16" />
      <mem type="loa" free="40265728" total="40265728" percent="100" />
    </mem>
    <remembered-set count="134" />
  </mem-info>
</gc-start>
<allocation-stats totalBytes="108399664" >
  <allocated-bytes non-tlh="2841656" tlh="105558008" />
  <largest-consumer threadName="main" threadId="0000000000016F00" bytes="108399664" />
</allocation-stats>
<gc-op id="463" type="scavenge" timems="105.601" contextid="460" timestamp="2022-02-08T18:52:26.771">
  <scavenger-info tenureage="1" tenuremask="7ffe" tiltratio="68" />
  <memory-copied type="nursery" objects="1457380" bytes="76226784" bytesdiscarded="181776" />
  <memory-copied type="tenure" objects="1308200" bytes="74355592" bytesdiscarded="35552" />
  <finalization candidates="110" enqueued="53" />
  <references type="soft" candidates="14" cleared="0" enqueued="0" dynamicThreshold="12" maxThreshold="32" />
  <references type="weak" candidates="1" cleared="0" enqueued="0" />
  <references type="phantom" candidates="95" cleared="7" enqueued="7" />
  <object-monitors candidates="2" cleared="0"  />
</gc-op>
<gc-end id="464" type="scavenge" contextid="460" durationms="106.020" usertimems="335.083" systemtimems="0.000" stalltimems="2.395" timestamp="2022-02-08T18:52:26.771" activeThreads="4">
  <mem-info id="465" free="200584424" total="1073741824" percent="18">
    <mem type="nursery" free="106698896" total="268435456" percent="39">
      <mem type="allocate" free="106698896" total="183107584" percent="58" />
      <mem type="survivor" free="0" total="85327872" percent="0" />
    </mem>
    <mem type="tenure" free="93885528" total="805306368" percent="11" macro-fragmented="0">
      <mem type="soa" free="53619800" total="765040640" percent="7" />
      <mem type="loa" free="40265728" total="40265728" percent="100" />
    </mem>
    <pending-finalizers system="52" default="1" reference="7" classloader="0" />
    <remembered-set count="129" />
  </mem-info>
</gc-end>
<cycle-end id="466" type="scavenge" contextid="460" timestamp="2022-02-08T18:52:26.771" />
<allocation-satisfied id="467" threadId="0000000000016F00" bytesRequested="72" />
<af-end id="468" timestamp="2022-02-08T18:52:26.771" threadId="0000000000017908" success="true" from="nursery"/>
<exclusive-end id="469" timestamp="2022-02-08T18:52:26.771" durationms="106.890" />

<concurrent-end id="470" type="global mark" contextid="455" timestamp="2022-02-08T18:52:26.817">
<gc-op id="471" type="trace" timems="426.601" contextid="455" timestamp="2022-02-08T18:52:26.817">
  <trace bytesTraced="74513296" workStackOverflowCount="0" />
  <card-cleaning reason="card cleaning threshold reached" bytesTraced="904" cardsCleaned="2" />
</gc-op>
</concurrent-end>

<exclusive-start id="472" timestamp="2022-02-08T18:52:26.818" intervalms="153.164">
  <response-info timems="0.019" idlems="0.019" threads="0" lastid="0000000000016F00" lastname="main" />
</exclusive-start>
<concurrent-global-final id="473" timestamp="2022-02-08T18:52:26.818" contextid="455" intervalms="3192.444" >
  <concurrent-trace-info reason="card cleaning threshold reached" tracedByMutators="56467524" tracedByHelpers="18046676" cardsCleaned="2" workStackOverflowCount="0" />
</concurrent-global-final>
<gc-start id="474" type="global" contextid="455" timestamp="2022-02-08T18:52:26.818">
  <mem-info id="475" free="197201056" total="1073741824" percent="18">
    <mem type="nursery" free="103315528" total="268435456" percent="38">
      <mem type="allocate" free="103315528" total="183107584" percent="56" />
      <mem type="survivor" free="0" total="85327872" percent="0" />
    </mem>
    <mem type="tenure" free="93885528" total="805306368" percent="11">
      <mem type="soa" free="53619800" total="765040640" percent="7" />
      <mem type="loa" free="40265728" total="40265728" percent="100" />
    </mem>
    <remembered-set count="130" />
  </mem-info>
</gc-start>
<allocation-stats totalBytes="3381696" >
  <allocated-bytes non-tlh="72" tlh="3381624" />
  <largest-consumer threadName="main" threadId="0000000000016F00" bytes="3373504" />
</allocation-stats>
<gc-op id="476" type="rs-scan" timems="129.241" contextid="455" timestamp="2022-02-08T18:52:26.947">
  <scan objectsFound="3324743" bytesTraced="71013084" workStackOverflowCount="0" />
</gc-op>
<gc-op id="477" type="card-cleaning" timems="0.247" contextid="455" timestamp="2022-02-08T18:52:26.947">
  <card-cleaning cardsCleaned="4" bytesTraced="1836" workStackOverflowCount="0" />
</gc-op>
<gc-op id="478" type="mark" timems="29.741" contextid="455" timestamp="2022-02-08T18:52:26.977">
  <trace-info objectcount="1008116" scancount="757613" scanbytes="16230152" />
  <finalization candidates="428" enqueued="57" />
  <ownableSynchronizers candidates="1" cleared="0" />
  <references type="soft" candidates="1063" cleared="0" enqueued="0" dynamicThreshold="12" maxThreshold="32" />
  <references type="weak" candidates="1701" cleared="0" enqueued="0" />
  <references type="phantom" candidates="52" cleared="2" enqueued="2" />
  <stringconstants candidates="6463" cleared="0"  />
  <object-monitors candidates="2" cleared="0"  />
</gc-op>
<gc-op id="479" type="sweep" timems="4.773" contextid="455" timestamp="2022-02-08T18:52:26.982" />
<gc-end id="480" type="global" contextid="455" durationms="164.229" usertimems="179.048" systemtimems="0.000" stalltimems="88.162" timestamp="2022-02-08T18:52:26.982" activeThreads="4">
  <mem-info id="481" free="440877368" total="1073741824" percent="41">
    <mem type="nursery" free="104064704" total="268435456" percent="38">
      <mem type="allocate" free="104064704" total="183107584" percent="56" />
      <mem type="survivor" free="0" total="85327872" percent="0" />
    </mem>
    <mem type="tenure" free="336812664" total="805306368" percent="41" micro-fragmented="327429" macro-fragmented="0">
      <mem type="soa" free="296546936" total="765040640" percent="38" />
      <mem type="loa" free="40265728" total="40265728" percent="100" />
    </mem>
    <pending-finalizers system="57" default="0" reference="2" classloader="0" />
    <remembered-set count="112" />
  </mem-info>
</gc-end>
<cycle-end id="482" type="global" contextid="455" timestamp="2022-02-08T18:52:26.982" />
<exclusive-end id="483" timestamp="2022-02-08T18:52:26.982" durationms="164.461" />

<exclusive-start id="484" timestamp="2022-02-08T18:52:27.724" intervalms="905.991">
  <response-info timems="0.018" idlems="0.018" threads="0" lastid="0000000000016F00" lastname="main" />
</exclusive-start>
<af-start id="485" threadId="0000000000017908" totalBytesRequested="184" timestamp="2022-02-08T18:52:27.724" intervalms="1058.800" type="nursery" />
<cycle-start id="486" type="scavenge" contextid="0" timestamp="2022-02-08T18:52:27.724" intervalms="1058.735" />
<gc-start id="487" type="scavenge" contextid="486" timestamp="2022-02-08T18:52:27.724">
  <mem-info id="488" free="336812664" total="1073741824" percent="31">
    <mem type="nursery" free="0" total="268435456" percent="0">
      <mem type="allocate" free="0" total="183107584" percent="0" />
      <mem type="survivor" free="0" total="85327872" percent="0" />
    </mem>
    <mem type="tenure" free="336812664" total="805306368" percent="41">
      <mem type="soa" free="296546936" total="765040640" percent="38" />
      <mem type="loa" free="40265728" total="40265728" percent="100" />
    </mem>
    <remembered-set count="113" />
  </mem-info>
</gc-start>
<allocation-stats totalBytes="104017224" >
  <allocated-bytes non-tlh="0" tlh="104017224" />
  <largest-consumer threadName="main" threadId="0000000000016F00" bytes="104004968" />
</allocation-stats>
<gc-op id="489" type="scavenge" timems="93.619" contextid="486" timestamp="2022-02-08T18:52:27.817">
  <scavenger-info tenureage="1" tenuremask="7ffe" tiltratio="68" />
  <memory-copied type="nursery" objects="1378837" bytes="76391328" bytesdiscarded="158560" />
  <memory-copied type="tenure" objects="1456665" bytes="75758848" bytesdiscarded="39840" />
  <finalization candidates="57" enqueued="0" />
  <ownableSynchronizers candidates="2" cleared="2" />
  <object-monitors candidates="2" cleared="0"  />
</gc-op>
<gc-end id="490" type="scavenge" contextid="486" durationms="93.870" usertimems="365.614" systemtimems="0.000" stalltimems="4.889" timestamp="2022-02-08T18:52:27.818" activeThreads="4">
  <mem-info id="491" free="368036360" total="1073741824" percent="34">
    <mem type="nursery" free="107081984" total="268435456" percent="39">
      <mem type="allocate" free="107081984" total="183631872" percent="58" />
      <mem type="survivor" free="0" total="84803584" percent="0" />
    </mem>
    <mem type="tenure" free="260954376" total="805306368" percent="32" macro-fragmented="0">
      <mem type="soa" free="220688648" total="765040640" percent="28" />
      <mem type="loa" free="40265728" total="40265728" percent="100" />
    </mem>
    <remembered-set count="103" />
  </mem-info>
</gc-end>
<cycle-end id="492" type="scavenge" contextid="486" timestamp="2022-02-08T18:52:27.818" />
<allocation-satisfied id="493" threadId="0000000000016F00" bytesRequested="184" />
<af-end id="494" timestamp="2022-02-08T18:52:27.818" threadId="0000000000017908" success="true" from="nursery"/>
<exclusive-end id="495" timestamp="2022-02-08T18:52:27.818" durationms="94.208" />

<exclusive-start id="496" timestamp="2022-02-08T18:52:28.488" intervalms="764.374">
  <response-info timems="0.019" idlems="0.019" threads="0" lastid="0000000000016F00" lastname="main" />
</exclusive-start>
<af-start id="497" threadId="0000000000017908" totalBytesRequested="184" timestamp="2022-02-08T18:52:28.488" intervalms="764.372" type="nursery" />
<cycle-start id="498" type="scavenge" contextid="0" timestamp="2022-02-08T18:52:28.488" intervalms="764.358" />
<gc-start id="499" type="scavenge" contextid="498" timestamp="2022-02-08T18:52:28.488">
  <mem-info id="500" free="260954376" total="1073741824" percent="24">
    <mem type="nursery" free="0" total="268435456" percent="0">
      <mem type="allocate" free="0" total="183631872" percent="0" />
      <mem type="survivor" free="0" total="84803584" percent="0" />
    </mem>
    <mem type="tenure" free="260954376" total="805306368" percent="32">
      <mem type="soa" free="220688648" total="765040640" percent="28" />
      <mem type="loa" free="40265728" total="40265728" percent="100" />
    </mem>
    <remembered-set count="103" />
  </mem-info>
</gc-start>
<allocation-stats totalBytes="107031576" >
  <allocated-bytes non-tlh="184" tlh="107031392" />
  <largest-consumer threadName="main" threadId="0000000000016F00" bytes="107031576" />
</allocation-stats>
<gc-op id="501" type="scavenge" timems="95.183" contextid="498" timestamp="2022-02-08T18:52:28.583">
  <scavenger-info tenureage="1" tenuremask="7ffe" tiltratio="68" />
  <memory-copied type="nursery" objects="1349253" bytes="76116792" bytesdiscarded="136776" />
  <memory-copied type="tenure" objects="1378836" bytes="76391224" bytesdiscarded="40680" />
  <object-monitors candidates="2" cleared="0"  />
</gc-op>
<gc-end id="502" type="scavenge" contextid="498" durationms="95.431" usertimems="369.104" systemtimems="2.876" stalltimems="2.644" timestamp="2022-02-08T18:52:28.583" activeThreads="4">
  <mem-info id="503" free="292318400" total="1073741824" percent="27">
    <mem type="nursery" free="107837056" total="268435456" percent="40">
      <mem type="allocate" free="107837056" total="184090624" percent="58" />
      <mem type="survivor" free="0" total="84344832" percent="0" />
    </mem>
    <mem type="tenure" free="184481344" total="805306368" percent="22" macro-fragmented="69015248">
      <mem type="soa" free="144215616" total="765040640" percent="18" />
      <mem type="loa" free="40265728" total="40265728" percent="100" />
    </mem>
    <remembered-set count="103" />
  </mem-info>
</gc-end>
<cycle-end id="504" type="scavenge" contextid="498" timestamp="2022-02-08T18:52:28.584" />
<allocation-satisfied id="505" threadId="0000000000016F00" bytesRequested="184" />
<af-end id="506" timestamp="2022-02-08T18:52:28.584" threadId="0000000000017908" success="true" from="nursery"/>
<exclusive-end id="507" timestamp="2022-02-08T18:52:28.584" durationms="95.725" />

<concurrent-kickoff id="508" timestamp="2022-02-08T18:52:29.430">
  <kickoff reason="threshold reached" targetBytes="115673775" thresholdFreeBytes="12244401"  remainingFree="12229872" tenureFreeBytes="184481344" nurseryFreeBytes="12229872" />
</concurrent-kickoff>
<exclusive-start id="509" timestamp="2022-02-08T18:52:29.433" intervalms="944.881">
  <response-info timems="0.021" idlems="0.021" threads="0" lastid="0000000000016F00" lastname="main" />
</exclusive-start>
<cycle-start id="510" type="global" contextid="0" timestamp="2022-02-08T18:52:29.433" intervalms="3041.928" />
<concurrent-start id="511" type="global mark" contextid="510" timestamp="2022-02-08T18:52:29.433">
</concurrent-start>
<exclusive-end id="512" timestamp="2022-02-08T18:52:29.433" durationms="0.087" />

<concurrent-end id="513" type="global mark" contextid="510" timestamp="2022-02-08T18:52:29.682">
<gc-op id="514" type="trace" timems="248.881" contextid="510" timestamp="2022-02-08T18:52:29.682">
  <trace bytesTraced="74513440" workStackOverflowCount="0" />
  <card-cleaning reason="card cleaning threshold reached" bytesTraced="904" cardsCleaned="2" />
</gc-op>
</concurrent-end>

<exclusive-start id="515" timestamp="2022-02-08T18:52:29.682" intervalms="248.997">
  <response-info timems="0.021" idlems="0.021" threads="0" lastid="0000000000016F00" lastname="main" />
</exclusive-start>
<concurrent-global-final id="516" timestamp="2022-02-08T18:52:29.682" contextid="510" intervalms="2864.244" >
  <concurrent-trace-info reason="card cleaning threshold reached" tracedByMutators="67668488" tracedByHelpers="6845856" cardsCleaned="2" workStackOverflowCount="0" />
</concurrent-global-final>
<gc-start id="517" type="global" contextid="510" timestamp="2022-02-08T18:52:29.682">
  <mem-info id="518" free="185139920" total="1073741824" percent="17">
    <mem type="nursery" free="658576" total="268435456" percent="0">
      <mem type="allocate" free="658576" total="184090624" percent="0" />
      <mem type="survivor" free="0" total="84344832" percent="0" />
    </mem>
    <mem type="tenure" free="184481344" total="805306368" percent="22">
      <mem type="soa" free="144215616" total="765040640" percent="18" />
      <mem type="loa" free="40265728" total="40265728" percent="100" />
    </mem>
    <remembered-set count="133" />
  </mem-info>
</gc-start>
<allocation-stats totalBytes="107131272" >
  <allocated-bytes non-tlh="3009008" tlh="104122264" />
  <largest-consumer threadName="main" threadId="0000000000016F00" bytes="107131272" />
</allocation-stats>
<gc-op id="519" type="rs-scan" timems="139.282" contextid="510" timestamp="2022-02-08T18:52:29.821">
  <scan objectsFound="3324842" bytesTraced="71016856" workStackOverflowCount="0" />
</gc-op>
<gc-op id="520" type="card-cleaning" timems="0.327" contextid="510" timestamp="2022-02-08T18:52:29.822">
  <card-cleaning cardsCleaned="2" bytesTraced="616" workStackOverflowCount="0" />
</gc-op>
<gc-op id="521" type="mark" timems="21.900" contextid="510" timestamp="2022-02-08T18:52:29.843">
  <trace-info objectcount="681380" scancount="512646" scanbytes="11011128" />
  <finalization candidates="481" enqueued="110" />
  <ownableSynchronizers candidates="1" cleared="0" />
  <references type="soft" candidates="1063" cleared="0" enqueued="0" dynamicThreshold="13" maxThreshold="32" />
  <references type="weak" candidates="1701" cleared="0" enqueued="0" />
  <references type="phantom" candidates="116" cleared="8" enqueued="8" />
  <stringconstants candidates="6463" cleared="0"  />
  <object-monitors candidates="2" cleared="0"  />
</gc-op>
<gc-op id="522" type="sweep" timems="4.914" contextid="510" timestamp="2022-02-08T18:52:29.848" />
<gc-end id="523" type="global" contextid="510" durationms="166.645" usertimems="181.536" systemtimems="0.389" stalltimems="64.481" timestamp="2022-02-08T18:52:29.848" activeThreads="4">
  <mem-info id="524" free="431217304" total="1073741824" percent="40">
    <mem type="nursery" free="3908424" total="268435456" percent="1">
      <mem type="allocate" free="3908424" total="184090624" percent="2" />
      <mem type="survivor" free="0" total="84344832" percent="0" />
    </mem>
    <mem type="tenure" free="427308880" total="805306368" percent="53" micro-fragmented="222415" macro-fragmented="723458">
      <mem type="soa" free="387043152" total="765040640" percent="50" />
      <mem type="loa" free="40265728" total="40265728" percent="100" />
    </mem>
    <pending-finalizers system="109" default="1" reference="8" classloader="0" />
    <remembered-set count="111" />
  </mem-info>
</gc-end>
<cycle-end id="525" type="global" contextid="510" timestamp="2022-02-08T18:52:29.849" />
<exclusive-end id="526" timestamp="2022-02-08T18:52:29.849" durationms="166.873" />

<exclusive-start id="527" timestamp="2022-02-08T18:52:29.873" intervalms="191.070">
  <response-info timems="0.018" idlems="0.018" threads="0" lastid="0000000000016F00" lastname="main" />
</exclusive-start>
<af-start id="528" threadId="0000000000017908" totalBytesRequested="208" timestamp="2022-02-08T18:52:29.873" intervalms="1384.937" type="nursery" />
<cycle-start id="529" type="scavenge" contextid="0" timestamp="2022-02-08T18:52:29.873" intervalms="1384.935" />
<gc-start id="530" type="scavenge" contextid="529" timestamp="2022-02-08T18:52:29.873">
  <mem-info id="531" free="427308880" total="1073741824" percent="39">
    <mem type="nursery" free="0" total="268435456" percent="0">
      <mem type="allocate" free="0" total="184090624" percent="0" />
      <mem type="survivor" free="0" total="84344832" percent="0" />
    </mem>
    <mem type="tenure" free="427308880" total="805306368" percent="53">
      <mem type="soa" free="387043152" total="765040640" percent="50" />
      <mem type="loa" free="40265728" total="40265728" percent="100" />
    </mem>
    <remembered-set count="113" />
  </mem-info>
</gc-start>
<allocation-stats totalBytes="3898792" >
  <allocated-bytes non-tlh="0" tlh="3898792" />
  <largest-consumer threadName="main" threadId="0000000000016F00" bytes="3882416" />
</allocation-stats>
<gc-op id="532" type="scavenge" timems="94.864" contextid="529" timestamp="2022-02-08T18:52:29.968">
  <scavenger-info tenureage="1" tenuremask="7ffe" tiltratio="68" />
  <memory-copied type="nursery" objects="1466368" bytes="77453168" bytesdiscarded="147584" />
  <memory-copied type="tenure" objects="1349252" bytes="76116688" bytesdiscarded="40200" />
  <finalization candidates="57" enqueued="0" />
  <ownableSynchronizers candidates="2" cleared="2" />
  <references type="soft" candidates="14" cleared="0" enqueued="0" dynamicThreshold="16" maxThreshold="32" />
  <references type="weak" candidates="1" cleared="0" enqueued="0" />
  <references type="phantom" candidates="31" cleared="1" enqueued="1" />
  <object-monitors candidates="2" cleared="0"  />
</gc-op>
<gc-end id="533" type="scavenge" contextid="529" durationms="95.087" usertimems="374.729" systemtimems="0.000" stalltimems="4.227" timestamp="2022-02-08T18:52:29.968" activeThreads="4">
  <mem-info id="534" free="456742152" total="1073741824" percent="42">
    <mem type="nursery" free="105834448" total="268435456" percent="39">
      <mem type="allocate" free="105834448" total="183435264" percent="57" />
      <mem type="survivor" free="0" total="85000192" percent="0" />
    </mem>
    <mem type="tenure" free="350907704" total="805306368" percent="43" macro-fragmented="0">
      <mem type="soa" free="310641976" total="765040640" percent="40" />
      <mem type="loa" free="40265728" total="40265728" percent="100" />
    </mem>
    <pending-finalizers system="0" default="0" reference="1" classloader="0" />
    <remembered-set count="111" />
  </mem-info>
</gc-end>
<cycle-end id="535" type="scavenge" contextid="529" timestamp="2022-02-08T18:52:29.968" />
<allocation-satisfied id="536" threadId="0000000000016F00" bytesRequested="208" />
<af-end id="537" timestamp="2022-02-08T18:52:29.968" threadId="0000000000017908" success="true" from="nursery"/>
<exclusive-end id="538" timestamp="2022-02-08T18:52:29.968" durationms="95.429" />

<exclusive-start id="539" timestamp="2022-02-08T18:52:30.729" intervalms="856.108">
  <response-info timems="0.018" idlems="0.018" threads="0" lastid="0000000000016F00" lastname="main" />
</exclusive-start>
<af-start id="540" threadId="0000000000017908" totalBytesRequested="16" timestamp="2022-02-08T18:52:30.729" intervalms="856.118" type="nursery" />
<cycle-start id="541" type="scavenge" contextid="0" timestamp="2022-02-08T18:52:30.729" intervalms="856.120" />
<gc-start id="542" type="scavenge" contextid="541" timestamp="2022-02-08T18:52:30.729">
  <mem-info id="543" free="350907704" total="1073741824" percent="32">
    <mem type="nursery" free="0" total="268435456" percent="0">
      <mem type="allocate" free="0" total="183435264" percent="0" />
      <mem type="survivor" free="0" total="85000192" percent="0" />
    </mem>
    <mem type="tenure" free="350907704" total="805306368" percent="43">
      <mem type="soa" free="310641976" total="765040640" percent="40" />
      <mem type="loa" free="40265728" total="40265728" percent="100" />
    </mem>
    <remembered-set count="112" />
  </mem-info>
</gc-start>
<allocation-stats totalBytes="105784720" >
  <allocated-bytes non-tlh="208" tlh="105784512" />
  <largest-consumer threadName="main" threadId="0000000000016F00" bytes="105784720" />
</allocation-stats>
<gc-op id="544" type="scavenge" timems="95.327" contextid="541" timestamp="2022-02-08T18:52:30.824">
  <scavenger-info tenureage="1" tenuremask="7ffe" tiltratio="68" />
  <memory-copied type="nursery" objects="1362875" bytes="75365632" bytesdiscarded="161176" />
  <memory-copied type="tenure" objects="1466364" bytes="77453000" bytesdiscarded="36952" />
  <finalization candidates="57" enqueued="0" />
  <object-monitors candidates="2" cleared="0"  />
</gc-op>
<gc-end id="545" type="scavenge" contextid="541" durationms="95.607" usertimems="378.286" systemtimems="0.000" stalltimems="2.138" timestamp="2022-02-08T18:52:30.825" activeThreads="4">
  <mem-info id="546" free="381708344" total="1073741824" percent="35">
    <mem type="nursery" free="108170600" total="268435456" percent="40">
      <mem type="allocate" free="108170600" total="183697408" percent="58" />
      <mem type="survivor" free="0" total="84738048" percent="0" />
    </mem>
    <mem type="tenure" free="273537744" total="805306368" percent="33" macro-fragmented="0">
      <mem type="soa" free="233272016" total="765040640" percent="30" />
      <mem type="loa" free="40265728" total="40265728" percent="100" />
    </mem>
    <remembered-set count="103" />
  </mem-info>
</gc-end>
<cycle-end id="547" type="scavenge" contextid="541" timestamp="2022-02-08T18:52:30.825" />
<allocation-satisfied id="548" threadId="0000000000016F00" bytesRequested="16" />
<af-end id="549" timestamp="2022-02-08T18:52:30.825" threadId="0000000000017908" success="true" from="nursery"/>
<exclusive-end id="550" timestamp="2022-02-08T18:52:30.825" durationms="95.914" />

<exclusive-start id="551" timestamp="2022-02-08T18:52:31.517" intervalms="788.032">
  <response-info timems="0.018" idlems="0.018" threads="0" lastid="0000000000016F00" lastname="main" />
</exclusive-start>
<af-start id="552" threadId="0000000000017908" totalBytesRequested="104" timestamp="2022-02-08T18:52:31.517" intervalms="788.032" type="nursery" />
<cycle-start id="553" type="scavenge" contextid="0" timestamp="2022-02-08T18:52:31.517" intervalms="788.040" />
<gc-start id="554" type="scavenge" contextid="553" timestamp="2022-02-08T18:52:31.517">
  <mem-info id="555" free="273537744" total="1073741824" percent="25">
    <mem type="nursery" free="0" total="268435456" percent="0">
      <mem type="allocate" free="0" total="183697408" percent="0" />
      <mem type="survivor" free="0" total="84738048" percent="0" />
    </mem>
    <mem type="tenure" free="273537744" total="805306368" percent="33">
      <mem type="soa" free="233272016" total="765040640" percent="30" />
      <mem type="loa" free="40265728" total="40265728" percent="100" />
    </mem>
    <remembered-set count="103" />
  </mem-info>
</gc-start>
<allocation-stats totalBytes="108121408" >
  <allocated-bytes non-tlh="16" tlh="108121392" />
  <largest-consumer threadName="main" threadId="0000000000016F00" bytes="108121408" />
</allocation-stats>
<gc-op id="556" type="scavenge" timems="89.588" contextid="553" timestamp="2022-02-08T18:52:31.607">
  <scavenger-info tenureage="1" tenuremask="7ffe" tiltratio="68" />
  <memory-copied type="nursery" objects="1347833" bytes="76841056" bytesdiscarded="143584" />
  <memory-copied type="tenure" objects="1362875" bytes="75365632" bytesdiscarded="41240" />
  <object-monitors candidates="2" cleared="0"  />
</gc-op>
<gc-end id="557" type="scavenge" contextid="553" durationms="89.814" usertimems="351.633" systemtimems="2.709" stalltimems="3.164" timestamp="2022-02-08T18:52:31.607" activeThreads="4">
  <mem-info id="558" free="304711416" total="1073741824" percent="28">
    <mem type="nursery" free="106778304" total="268435456" percent="39">
      <mem type="allocate" free="106778304" total="183762944" percent="58" />
      <mem type="survivor" free="0" total="84672512" percent="0" />
    </mem>
    <mem type="tenure" free="197933112" total="805306368" percent="24" macro-fragmented="0">
      <mem type="soa" free="157667384" total="765040640" percent="20" />
      <mem type="loa" free="40265728" total="40265728" percent="100" />
    </mem>
    <remembered-set count="101" />
  </mem-info>
</gc-end>
<cycle-end id="559" type="scavenge" contextid="553" timestamp="2022-02-08T18:52:31.607" />
<allocation-satisfied id="560" threadId="0000000000016F00" bytesRequested="104" />
<af-end id="561" timestamp="2022-02-08T18:52:31.607" threadId="0000000000017908" success="true" from="nursery"/>
<exclusive-end id="562" timestamp="2022-02-08T18:52:31.607" durationms="90.071" />

<concurrent-kickoff id="563" timestamp="2022-02-08T18:52:32.427">
  <kickoff reason="threshold reached" targetBytes="107330405" thresholdFreeBytes="10955700"  remainingFree="10909056" tenureFreeBytes="197933112" nurseryFreeBytes="10909056" />
</concurrent-kickoff>
<exclusive-start id="564" timestamp="2022-02-08T18:52:32.430" intervalms="912.847">
  <response-info timems="0.018" idlems="0.018" threads="0" lastid="0000000000016F00" lastname="main" />
</exclusive-start>
<cycle-start id="565" type="global" contextid="0" timestamp="2022-02-08T18:52:32.430" intervalms="2997.041" />
<concurrent-start id="566" type="global mark" contextid="565" timestamp="2022-02-08T18:52:32.430">
</concurrent-start>
<exclusive-end id="567" timestamp="2022-02-08T18:52:32.430" durationms="0.028" />

<exclusive-start id="568" timestamp="2022-02-08T18:52:32.641" intervalms="210.762">
  <response-info timems="0.018" idlems="0.018" threads="0" lastid="0000000000016F00" lastname="main" />
</exclusive-start>
<af-start id="569" threadId="0000000000017908" totalBytesRequested="192" timestamp="2022-02-08T18:52:32.641" intervalms="1123.607" type="nursery" />
<cycle-start id="570" type="scavenge" contextid="0" timestamp="2022-02-08T18:52:32.641" intervalms="1123.599" />
<gc-start id="571" type="scavenge" contextid="570" timestamp="2022-02-08T18:52:32.641">
  <mem-info id="572" free="197933112" total="1073741824" percent="18">
    <mem type="nursery" free="0" total="268435456" percent="0">
      <mem type="allocate" free="0" total="183762944" percent="0" />
      <mem type="survivor" free="0" total="84672512" percent="0" />
    </mem>
    <mem type="tenure" free="197933112" total="805306368" percent="24">
      <mem type="soa" free="157667384" total="765040640" percent="20" />
      <mem type="loa" free="40265728" total="40265728" percent="100" />
    </mem>
    <remembered-set count="132" />
  </mem-info>
</gc-start>
<allocation-stats totalBytes="106732504" >
  <allocated-bytes non-tlh="1661248" tlh="105071256" />
  <largest-consumer threadName="main" threadId="0000000000016F00" bytes="106732504" />
</allocation-stats>
<gc-op id="573" type="scavenge" timems="95.050" contextid="570" timestamp="2022-02-08T18:52:32.736">
  <scavenger-info tenureage="1" tenuremask="7ffe" tiltratio="68" />
  <memory-copied type="nursery" objects="1474956" bytes="75186544" bytesdiscarded="104296" />
  <memory-copied type="tenure" objects="1347833" bytes="76841056" bytesdiscarded="39736" />
  <finalization candidates="109" enqueued="53" />
  <references type="soft" candidates="14" cleared="0" enqueued="0" dynamicThreshold="16" maxThreshold="32" />
  <references type="weak" candidates="1" cleared="0" enqueued="0" />
  <references type="phantom" candidates="94" cleared="7" enqueued="7" />
  <object-monitors candidates="2" cleared="0"  />
</gc-op>
<gc-end id="574" type="scavenge" contextid="570" durationms="95.178" usertimems="376.230" systemtimems="0.000" stalltimems="3.357" timestamp="2022-02-08T18:52:32.736" activeThreads="4">
  <mem-info id="575" free="229818328" total="1073741824" percent="21">
    <mem type="nursery" free="108799656" total="268435456" percent="40">
      <mem type="allocate" free="108799656" total="184090624" percent="59" />
      <mem type="survivor" free="0" total="84344832" percent="0" />
    </mem>
    <mem type="tenure" free="121018672" total="805306368" percent="15" macro-fragmented="108954624">
      <mem type="soa" free="80752944" total="765040640" percent="10" />
      <mem type="loa" free="40265728" total="40265728" percent="100" />
    </mem>
    <pending-finalizers system="52" default="1" reference="7" classloader="0" />
    <remembered-set count="129" />
  </mem-info>
</gc-end>
<cycle-end id="576" type="scavenge" contextid="570" timestamp="2022-02-08T18:52:32.736" />
<allocation-satisfied id="577" threadId="0000000000016F00" bytesRequested="192" />
<af-end id="578" timestamp="2022-02-08T18:52:32.736" threadId="0000000000017908" success="true" from="nursery"/>
<exclusive-end id="579" timestamp="2022-02-08T18:52:32.736" durationms="95.521" />

<concurrent-end id="580" type="global mark" contextid="565" timestamp="2022-02-08T18:52:32.779">
<gc-op id="581" type="trace" timems="349.328" contextid="565" timestamp="2022-02-08T18:52:32.779">
  <trace bytesTraced="74513712" workStackOverflowCount="0" />
  <card-cleaning reason="card cleaning threshold reached" bytesTraced="904" cardsCleaned="2" />
</gc-op>
</concurrent-end>

<exclusive-start id="582" timestamp="2022-02-08T18:52:32.779" intervalms="138.626">
  <response-info timems="0.017" idlems="0.017" threads="0" lastid="0000000000016F00" lastname="main" />
</exclusive-start>
<concurrent-global-final id="583" timestamp="2022-02-08T18:52:32.779" contextid="565" intervalms="3097.439" >
  <concurrent-trace-info reason="card cleaning threshold reached" tracedByMutators="59817256" tracedByHelpers="14697360" cardsCleaned="2" workStackOverflowCount="0" />
</concurrent-global-final>
<gc-start id="584" type="global" contextid="565" timestamp="2022-02-08T18:52:32.779">
  <mem-info id="585" free="226565912" total="1073741824" percent="21">
    <mem type="nursery" free="105547240" total="268435456" percent="39">
      <mem type="allocate" free="105547240" total="184090624" percent="57" />
      <mem type="survivor" free="0" total="84344832" percent="0" />
    </mem>
    <mem type="tenure" free="121018672" total="805306368" percent="15">
      <mem type="soa" free="80752944" total="765040640" percent="10" />
      <mem type="loa" free="40265728" total="40265728" percent="100" />
    </mem>
    <remembered-set count="130" />
  </mem-info>
</gc-start>
<allocation-stats totalBytes="3249704" >
  <allocated-bytes non-tlh="192" tlh="3249512" />
  <largest-consumer threadName="main" threadId="0000000000016F00" bytes="3241512" />
</allocation-stats>
<gc-op id="586" type="rs-scan" timems="127.360" contextid="565" timestamp="2022-02-08T18:52:32.907">
  <scan objectsFound="3324748" bytesTraced="71013272" workStackOverflowCount="0" />
</gc-op>
<gc-op id="587" type="card-cleaning" timems="0.373" contextid="565" timestamp="2022-02-08T18:52:32.907">
  <card-cleaning cardsCleaned="3" bytesTraced="1224" workStackOverflowCount="0" />
</gc-op>
<gc-op id="588" type="mark" timems="14.150" contextid="565" timestamp="2022-02-08T18:52:32.921">
  <trace-info objectcount="520413" scancount="391831" scanbytes="8426392" />
  <finalization candidates="427" enqueued="57" />
  <ownableSynchronizers candidates="1" cleared="0" />
  <references type="soft" candidates="1063" cleared="0" enqueued="0" dynamicThreshold="16" maxThreshold="32" />
  <references type="weak" candidates="1701" cleared="0" enqueued="0" />
  <references type="phantom" candidates="51" cleared="2" enqueued="2" />
  <stringconstants candidates="6463" cleared="0"  />
  <object-monitors candidates="2" cleared="0"  />
</gc-op>
<gc-op id="589" type="sweep" timems="4.740" contextid="565" timestamp="2022-02-08T18:52:32.926" />
<gc-end id="590" type="global" contextid="565" durationms="146.875" usertimems="161.707" systemtimems="0.000" stalltimems="42.392" timestamp="2022-02-08T18:52:32.926" activeThreads="4">
  <mem-info id="591" free="470325680" total="1073741824" percent="43">
    <mem type="nursery" free="106219496" total="268435456" percent="39">
      <mem type="allocate" free="106219496" total="184090624" percent="57" />
      <mem type="survivor" free="0" total="84344832" percent="0" />
    </mem>
    <mem type="tenure" free="364106184" total="805306368" percent="45" micro-fragmented="244489" macro-fragmented="1250136">
      <mem type="soa" free="323840456" total="765040640" percent="42" />
      <mem type="loa" free="40265728" total="40265728" percent="100" />
    </mem>
    <pending-finalizers system="57" default="0" reference="2" classloader="0" />
    <remembered-set count="112" />
  </mem-info>
</gc-end>
<cycle-end id="592" type="global" contextid="565" timestamp="2022-02-08T18:52:32.926" />
<exclusive-end id="593" timestamp="2022-02-08T18:52:32.926" durationms="147.127" />

<exclusive-start id="594" timestamp="2022-02-08T18:52:33.630" intervalms="850.443">
  <response-info timems="0.020" idlems="0.020" threads="0" lastid="0000000000016F00" lastname="main" />
</exclusive-start>
<af-start id="595" threadId="0000000000017908" totalBytesRequested="184" timestamp="2022-02-08T18:52:33.630" intervalms="989.071" type="nursery" />
<cycle-start id="596" type="scavenge" contextid="0" timestamp="2022-02-08T18:52:33.630" intervalms="989.070" />
<gc-start id="597" type="scavenge" contextid="596" timestamp="2022-02-08T18:52:33.630">
  <mem-info id="598" free="364106184" total="1073741824" percent="33">
    <mem type="nursery" free="0" total="268435456" percent="0">
      <mem type="allocate" free="0" total="184090624" percent="0" />
      <mem type="survivor" free="0" total="84344832" percent="0" />
    </mem>
    <mem type="tenure" free="364106184" total="805306368" percent="45">
      <mem type="soa" free="323840456" total="765040640" percent="42" />
      <mem type="loa" free="40265728" total="40265728" percent="100" />
    </mem>
    <remembered-set count="113" />
  </mem-info>
</gc-start>
<allocation-stats totalBytes="106167512" >
  <allocated-bytes non-tlh="1347680" tlh="104819832" />
  <largest-consumer threadName="main" threadId="0000000000016F00" bytes="106155256" />
</allocation-stats>
<gc-op id="599" type="scavenge" timems="92.418" contextid="596" timestamp="2022-02-08T18:52:33.722">
  <scavenger-info tenureage="1" tenuremask="7ffe" tiltratio="68" />
  <memory-copied type="nursery" objects="1373026" bytes="78199040" bytesdiscarded="227680" />
  <memory-copied type="tenure" objects="1474232" bytes="74243192" bytesdiscarded="35048" />
  <finalization candidates="57" enqueued="0" />
  <ownableSynchronizers candidates="2" cleared="2" />
  <references type="phantom" candidates="1" cleared="0" enqueued="0" />
  <object-monitors candidates="2" cleared="0"  />
</gc-op>
<gc-end id="600" type="scavenge" contextid="596" durationms="92.580" usertimems="367.116" systemtimems="0.000" stalltimems="1.793" timestamp="2022-02-08T18:52:33.722" activeThreads="4">
  <mem-info id="601" free="392612000" total="1073741824" percent="36">
    <mem type="nursery" free="102911392" total="268435456" percent="38">
      <mem type="allocate" free="102911392" total="181338112" percent="56" />
      <mem type="survivor" free="0" total="87097344" percent="0" />
    </mem>
    <mem type="tenure" free="289700608" total="805306368" percent="35" macro-fragmented="0">
      <mem type="soa" free="249434880" total="765040640" percent="32" />
      <mem type="loa" free="40265728" total="40265728" percent="100" />
    </mem>
    <remembered-set count="102" />
  </mem-info>
</gc-end>
<cycle-end id="602" type="scavenge" contextid="596" timestamp="2022-02-08T18:52:33.722" />
<allocation-satisfied id="603" threadId="0000000000016F00" bytesRequested="184" />
<af-end id="604" timestamp="2022-02-08T18:52:33.722" threadId="0000000000017908" success="true" from="nursery"/>
<exclusive-end id="605" timestamp="2022-02-08T18:52:33.722" durationms="92.822" />

<exclusive-start id="606" timestamp="2022-02-08T18:52:34.382" intervalms="752.178">
  <response-info timems="0.018" idlems="0.018" threads="0" lastid="0000000000016F00" lastname="main" />
</exclusive-start>
<af-start id="607" threadId="0000000000017908" totalBytesRequested="208" timestamp="2022-02-08T18:52:34.382" intervalms="752.177" type="nursery" />
<cycle-start id="608" type="scavenge" contextid="0" timestamp="2022-02-08T18:52:34.382" intervalms="752.176" />
<gc-start id="609" type="scavenge" contextid="608" timestamp="2022-02-08T18:52:34.382">
  <mem-info id="610" free="289700608" total="1073741824" percent="26">
    <mem type="nursery" free="0" total="268435456" percent="0">
      <mem type="allocate" free="0" total="181338112" percent="0" />
      <mem type="survivor" free="0" total="87097344" percent="0" />
    </mem>
    <mem type="tenure" free="289700608" total="805306368" percent="35">
      <mem type="soa" free="249434880" total="765040640" percent="32" />
      <mem type="loa" free="40265728" total="40265728" percent="100" />
    </mem>
    <remembered-set count="102" />
  </mem-info>
</gc-start>
<allocation-stats totalBytes="102864328" >
  <allocated-bytes non-tlh="184" tlh="102864144" />
  <largest-consumer threadName="main" threadId="0000000000016F00" bytes="102864328" />
</allocation-stats>
<gc-op id="611" type="scavenge" timems="99.178" contextid="608" timestamp="2022-02-08T18:52:34.481">
  <scavenger-info tenureage="1" tenuremask="7ffe" tiltratio="67" />
  <memory-copied type="nursery" objects="1299765" bytes="73159392" bytesdiscarded="195528" />
  <memory-copied type="tenure" objects="1373025" bytes="78198936" bytesdiscarded="40456" />
  <finalization candidates="1" enqueued="0" />
  <object-monitors candidates="2" cleared="0"  />
</gc-op>
<gc-end id="612" type="scavenge" contextid="608" durationms="99.363" usertimems="391.094" systemtimems="0.799" stalltimems="3.833" timestamp="2022-02-08T18:52:34.481" activeThreads="4">
  <mem-info id="613" free="319683016" total="1073741824" percent="29">
    <mem type="nursery" free="108507480" total="268435456" percent="40">
      <mem type="allocate" free="108507480" total="181862400" percent="59" />
      <mem type="survivor" free="0" total="86573056" percent="0" />
    </mem>
    <mem type="tenure" free="211175536" total="805306368" percent="26" macro-fragmented="0">
      <mem type="soa" free="170909808" total="765040640" percent="22" />
      <mem type="loa" free="40265728" total="40265728" percent="100" />
    </mem>
    <remembered-set count="103" />
  </mem-info>
</gc-end>
<cycle-end id="614" type="scavenge" contextid="608" timestamp="2022-02-08T18:52:34.481" />
<allocation-satisfied id="615" threadId="0000000000016F00" bytesRequested="208" />
<af-end id="616" timestamp="2022-02-08T18:52:34.481" threadId="0000000000017908" success="true" from="nursery"/>
<exclusive-end id="617" timestamp="2022-02-08T18:52:34.481" durationms="99.614" />

<exclusive-start id="618" timestamp="2022-02-08T18:52:35.396" intervalms="1013.777">
  <response-info timems="0.046" idlems="0.046" threads="0" lastid="0000000000016F00" lastname="main" />
</exclusive-start>
<af-start id="619" threadId="0000000000017908" totalBytesRequested="475128" timestamp="2022-02-08T18:52:35.396" intervalms="1013.781" type="nursery" />
<cycle-start id="620" type="scavenge" contextid="0" timestamp="2022-02-08T18:52:35.396" intervalms="1013.784" />
<gc-start id="621" type="scavenge" contextid="620" timestamp="2022-02-08T18:52:35.396">
  <mem-info id="622" free="211443736" total="1073741824" percent="19">
    <mem type="nursery" free="268200" total="268435456" percent="0">
      <mem type="allocate" free="268200" total="181862400" percent="0" />
      <mem type="survivor" free="0" total="86573056" percent="0" />
    </mem>
    <mem type="tenure" free="211175536" total="805306368" percent="26">
      <mem type="soa" free="170909808" total="765040640" percent="22" />
      <mem type="loa" free="40265728" total="40265728" percent="100" />
    </mem>
    <remembered-set count="134" />
  </mem-info>
</gc-start>
<allocation-stats totalBytes="108195664" >
  <allocated-bytes non-tlh="1186224" tlh="107009440" />
  <largest-consumer threadName="main" threadId="0000000000016F00" bytes="108195664" />
</allocation-stats>
<gc-op id="623" type="scavenge" timems="98.733" contextid="620" timestamp="2022-02-08T18:52:35.494">
  <scavenger-info tenureage="1" tenuremask="7ffe" tiltratio="67" />
  <memory-copied type="nursery" objects="1498394" bytes="76016904" bytesdiscarded="100744" />
  <memory-copied type="tenure" objects="1299764" bytes="73159280" bytesdiscarded="36592" />
  <finalization candidates="109" enqueued="53" />
  <references type="soft" candidates="14" cleared="0" enqueued="0" dynamicThreshold="14" maxThreshold="32" />
  <references type="weak" candidates="1" cleared="0" enqueued="0" />
  <references type="phantom" candidates="94" cleared="7" enqueued="7" />
  <object-monitors candidates="2" cleared="0"  />
</gc-op>
<gc-end id="624" type="scavenge" contextid="620" durationms="98.945" usertimems="360.810" systemtimems="5.755" stalltimems="14.296" timestamp="2022-02-08T18:52:35.495" activeThreads="4">
  <mem-info id="625" free="244086208" total="1073741824" percent="22">
    <mem type="nursery" free="106006768" total="268435456" percent="39">
      <mem type="allocate" free="106006768" total="182124544" percent="58" />
      <mem type="survivor" free="0" total="86310912" percent="0" />
    </mem>
    <mem type="tenure" free="138079440" total="805306368" percent="17" macro-fragmented="0">
      <mem type="soa" free="97813712" total="765040640" percent="12" />
      <mem type="loa" free="40265728" total="40265728" percent="100" />
    </mem>
    <pending-finalizers system="52" default="1" reference="7" classloader="0" />
    <remembered-set count="129" />
  </mem-info>
</gc-end>
<cycle-end id="626" type="scavenge" contextid="620" timestamp="2022-02-08T18:52:35.495" />
<allocation-satisfied id="627" threadId="0000000000016F00" bytesRequested="475128" />
<af-end id="628" timestamp="2022-02-08T18:52:35.495" threadId="0000000000017908" success="true" from="nursery"/>
<exclusive-end id="629" timestamp="2022-02-08T18:52:35.495" durationms="99.230" />

<concurrent-kickoff id="630" timestamp="2022-02-08T18:52:36.095">
  <kickoff reason="threshold reached" targetBytes="100689214" thresholdFreeBytes="9928058"  remainingFree="9799920" tenureFreeBytes="138079440" nurseryFreeBytes="9799920" />
</concurrent-kickoff>
<exclusive-start id="631" timestamp="2022-02-08T18:52:36.103" intervalms="707.224">
  <response-info timems="0.019" idlems="0.019" threads="0" lastid="0000000000016F00" lastname="main" />
</exclusive-start>
<cycle-start id="632" type="global" contextid="0" timestamp="2022-02-08T18:52:36.103" intervalms="3673.020" />
<concurrent-start id="633" type="global mark" contextid="632" timestamp="2022-02-08T18:52:36.103">
</concurrent-start>
<exclusive-end id="634" timestamp="2022-02-08T18:52:36.103" durationms="0.038" />

<exclusive-start id="635" timestamp="2022-02-08T18:52:36.373" intervalms="270.377">
  <response-info timems="0.037" idlems="0.037" threads="0" lastid="0000000000016F00" lastname="main" />
</exclusive-start>
<af-start id="636" threadId="0000000000017908" totalBytesRequested="112" timestamp="2022-02-08T18:52:36.373" intervalms="977.608" type="nursery" />
<cycle-start id="637" type="scavenge" contextid="0" timestamp="2022-02-08T18:52:36.373" intervalms="977.606" />
<gc-start id="638" type="scavenge" contextid="637" timestamp="2022-02-08T18:52:36.373">
  <mem-info id="639" free="138079440" total="1073741824" percent="12">
    <mem type="nursery" free="0" total="268435456" percent="0">
      <mem type="allocate" free="0" total="182124544" percent="0" />
      <mem type="survivor" free="0" total="86310912" percent="0" />
    </mem>
    <mem type="tenure" free="138079440" total="805306368" percent="17">
      <mem type="soa" free="97813712" total="765040640" percent="12" />
      <mem type="loa" free="40265728" total="40265728" percent="100" />
    </mem>
    <remembered-set count="130" />
  </mem-info>
</gc-start>
<allocation-stats totalBytes="105954200" >
  <allocated-bytes non-tlh="1822808" tlh="104131392" />
  <largest-consumer threadName="main" threadId="0000000000016F00" bytes="105946008" />
</allocation-stats>
<gc-op id="640" type="scavenge" timems="93.392" contextid="637" timestamp="2022-02-08T18:52:36.467">
  <scavenger-info tenureage="1" tenuremask="7ffe" tiltratio="67" />
  <memory-copied type="nursery" objects="1320728" bytes="75512720" bytesdiscarded="271080" />
  <memory-copied type="tenure" objects="1497677" bytes="75548904" bytesdiscarded="35328" />
  <finalization candidates="57" enqueued="0" />
  <references type="phantom" candidates="1" cleared="0" enqueued="0" />
  <object-monitors candidates="2" cleared="0"  />
</gc-op>
<gc-end id="641" type="scavenge" contextid="637" durationms="93.516" usertimems="360.540" systemtimems="5.694" stalltimems="6.219" timestamp="2022-02-08T18:52:36.467" activeThreads="4">
  <mem-info id="642" free="169886152" total="1073741824" percent="15">
    <mem type="nursery" free="107192712" total="268435456" percent="39">
      <mem type="allocate" free="107192712" total="182976512" percent="58" />
      <mem type="survivor" free="0" total="85458944" percent="0" />
    </mem>
    <mem type="tenure" free="62693440" total="805306368" percent="7" macro-fragmented="53314989">
      <mem type="soa" free="22427712" total="765040640" percent="2" />
      <mem type="loa" free="40265728" total="40265728" percent="100" />
    </mem>
    <remembered-set count="99" />
  </mem-info>
</gc-end>
<cycle-end id="643" type="scavenge" contextid="637" timestamp="2022-02-08T18:52:36.467" />
<allocation-satisfied id="644" threadId="0000000000016F00" bytesRequested="112" />
<af-end id="645" timestamp="2022-02-08T18:52:36.467" threadId="0000000000017908" success="true" from="nursery"/>
<exclusive-end id="646" timestamp="2022-02-08T18:52:36.467" durationms="93.781" />

<concurrent-end id="647" type="global mark" contextid="632" timestamp="2022-02-08T18:52:36.486">
<gc-op id="648" type="trace" timems="382.897" contextid="632" timestamp="2022-02-08T18:52:36.486">
  <trace bytesTraced="74513856" workStackOverflowCount="0" />
  <card-cleaning reason="card cleaning threshold reached" bytesTraced="904" cardsCleaned="2" />
</gc-op>
</concurrent-end>

<exclusive-start id="649" timestamp="2022-02-08T18:52:36.486" intervalms="112.602">
  <response-info timems="0.022" idlems="0.022" threads="0" lastid="0000000000016F00" lastname="main" />
</exclusive-start>
<concurrent-global-final id="650" timestamp="2022-02-08T18:52:36.486" contextid="632" intervalms="3706.606" >
  <concurrent-trace-info reason="card cleaning threshold reached" tracedByMutators="62137740" tracedByHelpers="12377020" cardsCleaned="2" workStackOverflowCount="0" />
</concurrent-global-final>
<gc-start id="651" type="global" contextid="632" timestamp="2022-02-08T18:52:36.486">
  <mem-info id="652" free="168083800" total="1073741824" percent="15">
    <mem type="nursery" free="105390360" total="268435456" percent="39">
      <mem type="allocate" free="105390360" total="182976512" percent="57" />
      <mem type="survivor" free="0" total="85458944" percent="0" />
    </mem>
    <mem type="tenure" free="62693440" total="805306368" percent="7">
      <mem type="soa" free="22427712" total="765040640" percent="2" />
      <mem type="loa" free="40265728" total="40265728" percent="100" />
    </mem>
    <remembered-set count="99" />
  </mem-info>
</gc-start>
<allocation-stats totalBytes="1800656" >
  <allocated-bytes non-tlh="112" tlh="1800544" />
  <largest-consumer threadName="main" threadId="0000000000016F00" bytes="1800656" />
</allocation-stats>
<gc-op id="653" type="rs-scan" timems="0.539" contextid="632" timestamp="2022-02-08T18:52:36.486">
  <scan objectsFound="29" bytesTraced="5268" workStackOverflowCount="0" />
</gc-op>
<gc-op id="654" type="card-cleaning" timems="188.283" contextid="632" timestamp="2022-02-08T18:52:36.675">
  <card-cleaning cardsCleaned="9" bytesTraced="71010760" workStackOverflowCount="0" />
</gc-op>
<gc-op id="655" type="mark" timems="47.474" contextid="632" timestamp="2022-02-08T18:52:36.722">
  <trace-info objectcount="1562076" scancount="1173084" scanbytes="25093512" />
  <finalization candidates="428" enqueued="57" />
  <ownableSynchronizers candidates="1" cleared="0" />
  <references type="soft" candidates="1063" cleared="0" enqueued="0" dynamicThreshold="14" maxThreshold="32" />
  <references type="weak" candidates="1701" cleared="0" enqueued="0" />
  <references type="phantom" candidates="52" cleared="2" enqueued="2" />
  <stringconstants candidates="6463" cleared="0"  />
  <object-monitors candidates="2" cleared="0"  />
</gc-op>
<gc-op id="656" type="sweep" timems="6.542" contextid="632" timestamp="2022-02-08T18:52:36.729" />
<gc-end id="657" type="global" contextid="632" durationms="243.095" usertimems="256.958" systemtimems="0.745" stalltimems="145.134" timestamp="2022-02-08T18:52:36.729" activeThreads="4">
  <mem-info id="658" free="411285984" total="1073741824" percent="38">
    <mem type="nursery" free="105753432" total="268435456" percent="39">
      <mem type="allocate" free="105753432" total="182976512" percent="57" />
      <mem type="survivor" free="0" total="85458944" percent="0" />
    </mem>
    <mem type="tenure" free="305532552" total="805306368" percent="37" micro-fragmented="280609" macro-fragmented="723458">
      <mem type="soa" free="265266824" total="765040640" percent="34" />
      <mem type="loa" free="40265728" total="40265728" percent="100" />
    </mem>
    <pending-finalizers system="57" default="0" reference="2" classloader="0" />
    <remembered-set count="99" />
  </mem-info>
</gc-end>
<cycle-end id="659" type="global" contextid="632" timestamp="2022-02-08T18:52:36.729" />
<exclusive-end id="660" timestamp="2022-02-08T18:52:36.729" durationms="243.396" />

<exclusive-start id="661" timestamp="2022-02-08T18:52:37.465" intervalms="979.141">
  <response-info timems="0.017" idlems="0.017" threads="0" lastid="0000000000016F00" lastname="main" />
</exclusive-start>
<af-start id="662" threadId="0000000000017908" totalBytesRequested="184" timestamp="2022-02-08T18:52:37.465" intervalms="1092.118" type="nursery" />
<cycle-start id="663" type="scavenge" contextid="0" timestamp="2022-02-08T18:52:37.466" intervalms="1092.253" />
<gc-start id="664" type="scavenge" contextid="663" timestamp="2022-02-08T18:52:37.466">
  <mem-info id="665" free="305532552" total="1073741824" percent="28">
    <mem type="nursery" free="0" total="268435456" percent="0">
      <mem type="allocate" free="0" total="182976512" percent="0" />
      <mem type="survivor" free="0" total="85458944" percent="0" />
    </mem>
    <mem type="tenure" free="305532552" total="805306368" percent="37">
      <mem type="soa" free="265266824" total="765040640" percent="34" />
      <mem type="loa" free="40265728" total="40265728" percent="100" />
    </mem>
    <remembered-set count="102" />
  </mem-info>
</gc-start>
<allocation-stats totalBytes="105702296" >
  <allocated-bytes non-tlh="0" tlh="105702296" />
  <largest-consumer threadName="main" threadId="0000000000016F00" bytes="105698200" />
</allocation-stats>
<gc-op id="666" type="scavenge" timems="100.681" contextid="663" timestamp="2022-02-08T18:52:37.566">
  <scavenger-info tenureage="1" tenuremask="7ffe" tiltratio="68" />
  <memory-copied type="nursery" objects="1351515" bytes="76357032" bytesdiscarded="111360" />
  <memory-copied type="tenure" objects="1320728" bytes="75512720" bytesdiscarded="41168" />
  <finalization candidates="1" enqueued="0" />
  <ownableSynchronizers candidates="2" cleared="2" />
  <object-monitors candidates="2" cleared="0"  />
</gc-op>
<gc-end id="667" type="scavenge" contextid="663" durationms="100.936" usertimems="335.709" systemtimems="2.108" stalltimems="2.525" timestamp="2022-02-08T18:52:37.567" activeThreads="4">
  <mem-info id="668" free="336691728" total="1073741824" percent="31">
    <mem type="nursery" free="106901336" total="268435456" percent="39">
      <mem type="allocate" free="106901336" total="183369728" percent="58" />
      <mem type="survivor" free="0" total="85065728" percent="0" />
    </mem>
    <mem type="tenure" free="229790392" total="805306368" percent="28" macro-fragmented="0">
      <mem type="soa" free="189524664" total="765040640" percent="24" />
      <mem type="loa" free="40265728" total="40265728" percent="100" />
    </mem>
    <remembered-set count="104" />
  </mem-info>
</gc-end>
<cycle-end id="669" type="scavenge" contextid="663" timestamp="2022-02-08T18:52:37.567" />
<allocation-satisfied id="670" threadId="0000000000016F00" bytesRequested="184" />
<af-end id="671" timestamp="2022-02-08T18:52:37.567" threadId="0000000000017908" success="true" from="nursery"/>
<exclusive-end id="672" timestamp="2022-02-08T18:52:37.567" durationms="101.760" />

<exclusive-start id="673" timestamp="2022-02-08T18:52:38.320" intervalms="854.583">
  <response-info timems="0.022" idlems="0.022" threads="0" lastid="0000000000016F00" lastname="main" />
</exclusive-start>
<af-start id="674" threadId="0000000000017908" totalBytesRequested="24" timestamp="2022-02-08T18:52:38.320" intervalms="854.197" type="nursery" />
<cycle-start id="675" type="scavenge" contextid="0" timestamp="2022-02-08T18:52:38.320" intervalms="854.063" />
<gc-start id="676" type="scavenge" contextid="675" timestamp="2022-02-08T18:52:38.320">
  <mem-info id="677" free="229790392" total="1073741824" percent="21">
    <mem type="nursery" free="0" total="268435456" percent="0">
      <mem type="allocate" free="0" total="183369728" percent="0" />
      <mem type="survivor" free="0" total="85065728" percent="0" />
    </mem>
    <mem type="tenure" free="229790392" total="805306368" percent="28">
      <mem type="soa" free="189524664" total="765040640" percent="24" />
      <mem type="loa" free="40265728" total="40265728" percent="100" />
    </mem>
    <remembered-set count="118" />
  </mem-info>
</gc-start>
<allocation-stats totalBytes="106849808" >
  <allocated-bytes non-tlh="453888" tlh="106395920" />
  <largest-consumer threadName="main" threadId="0000000000016F00" bytes="106849808" />
</allocation-stats>
<gc-op id="678" type="scavenge" timems="80.082" contextid="675" timestamp="2022-02-08T18:52:38.400">
  <scavenger-info tenureage="1" tenuremask="7ffe" tiltratio="68" />
  <memory-copied type="nursery" objects="1349427" bytes="75642592" bytesdiscarded="215216" />
  <memory-copied type="tenure" objects="1351514" bytes="76356928" bytesdiscarded="38328" />
  <finalization candidates="32" enqueued="18" />
  <references type="phantom" candidates="32" cleared="0" enqueued="0" />
  <object-monitors candidates="2" cleared="0"  />
</gc-op>
<gc-end id="679" type="scavenge" contextid="675" durationms="80.403" usertimems="315.472" systemtimems="0.000" stalltimems="3.660" timestamp="2022-02-08T18:52:38.400" activeThreads="4">
  <mem-info id="680" free="261432584" total="1073741824" percent="24">
    <mem type="nursery" free="108036208" total="268435456" percent="40">
      <mem type="allocate" free="108036208" total="183894016" percent="58" />
      <mem type="survivor" free="0" total="84541440" percent="0" />
    </mem>
    <mem type="tenure" free="153396376" total="805306368" percent="19" macro-fragmented="0">
      <mem type="soa" free="113130648" total="765040640" percent="14" />
      <mem type="loa" free="40265728" total="40265728" percent="100" />
    </mem>
    <pending-finalizers system="18" default="0" reference="0" classloader="0" />
    <remembered-set count="119" />
  </mem-info>
</gc-end>
<cycle-end id="681" type="scavenge" contextid="675" timestamp="2022-02-08T18:52:38.400" />
<allocation-satisfied id="682" threadId="0000000000016F00" bytesRequested="24" />
<af-end id="683" timestamp="2022-02-08T18:52:38.400" threadId="0000000000017908" success="true" from="nursery"/>
<exclusive-end id="684" timestamp="2022-02-08T18:52:38.400" durationms="80.678" />

<concurrent-kickoff id="685" timestamp="2022-02-08T18:52:39.403">
  <kickoff reason="threshold reached" targetBytes="95399698" thresholdFreeBytes="9108385"  remainingFree="9089896" tenureFreeBytes="153396376" nurseryFreeBytes="9089896" />
</concurrent-kickoff>
<exclusive-start id="686" timestamp="2022-02-08T18:52:39.406" intervalms="1086.847">
  <response-info timems="0.039" idlems="0.039" threads="0" lastid="0000000000016F00" lastname="main" />
</exclusive-start>
<cycle-start id="687" type="global" contextid="0" timestamp="2022-02-08T18:52:39.406" intervalms="3303.552" />
<concurrent-start id="688" type="global mark" contextid="687" timestamp="2022-02-08T18:52:39.406">
</concurrent-start>
<exclusive-end id="689" timestamp="2022-02-08T18:52:39.406" durationms="0.043" />

<exclusive-start id="690" timestamp="2022-02-08T18:52:39.662" intervalms="256.019">
  <response-info timems="0.040" idlems="0.040" threads="0" lastid="0000000000016F00" lastname="main" />
</exclusive-start>
<af-start id="691" threadId="0000000000017908" totalBytesRequested="184" timestamp="2022-02-08T18:52:39.662" intervalms="1342.866" type="nursery" />
<cycle-start id="692" type="scavenge" contextid="0" timestamp="2022-02-08T18:52:39.662" intervalms="1342.867" />
<gc-start id="693" type="scavenge" contextid="692" timestamp="2022-02-08T18:52:39.663">
  <mem-info id="694" free="153396376" total="1073741824" percent="14">
    <mem type="nursery" free="0" total="268435456" percent="0">
      <mem type="allocate" free="0" total="183894016" percent="0" />
      <mem type="survivor" free="0" total="84541440" percent="0" />
    </mem>
    <mem type="tenure" free="153396376" total="805306368" percent="19">
      <mem type="soa" free="113130648" total="765040640" percent="14" />
      <mem type="loa" free="40265728" total="40265728" percent="100" />
    </mem>
    <remembered-set count="136" />
  </mem-info>
</gc-start>
<allocation-stats totalBytes="107988184" >
  <allocated-bytes non-tlh="2555144" tlh="105433040" />
  <largest-consumer threadName="main" threadId="0000000000016F00" bytes="107984088" />
</allocation-stats>
<gc-op id="695" type="scavenge" timems="84.462" contextid="692" timestamp="2022-02-08T18:52:39.747">
  <scavenger-info tenureage="1" tenuremask="7ffe" tiltratio="68" />
  <memory-copied type="nursery" objects="1434701" bytes="76270520" bytesdiscarded="110440" />
  <memory-copied type="tenure" objects="1349118" bytes="75474416" bytesdiscarded="37696" />
  <finalization candidates="92" enqueued="35" />
  <references type="soft" candidates="14" cleared="0" enqueued="0" dynamicThreshold="12" maxThreshold="32" />
  <references type="weak" candidates="1" cleared="0" enqueued="0" />
  <references type="phantom" candidates="77" cleared="7" enqueued="7" />
  <object-monitors candidates="2" cleared="0"  />
</gc-op>
<gc-end id="696" type="scavenge" contextid="692" durationms="84.717" usertimems="330.860" systemtimems="0.000" stalltimems="3.495" timestamp="2022-02-08T18:52:39.747" activeThreads="4">
  <mem-info id="697" free="185680264" total="1073741824" percent="17">
    <mem type="nursery" free="107840608" total="268435456" percent="40">
      <mem type="allocate" free="107840608" total="184221696" percent="58" />
      <mem type="survivor" free="0" total="84213760" percent="0" />
    </mem>
    <mem type="tenure" free="77839656" total="805306368" percent="9" macro-fragmented="0">
      <mem type="soa" free="37573928" total="765040640" percent="4" />
      <mem type="loa" free="40265728" total="40265728" percent="100" />
    </mem>
    <pending-finalizers system="34" default="1" reference="7" classloader="0" />
    <remembered-set count="122" />
  </mem-info>
</gc-end>
<cycle-end id="698" type="scavenge" contextid="692" timestamp="2022-02-08T18:52:39.747" />
<allocation-satisfied id="699" threadId="0000000000016F00" bytesRequested="184" />
<af-end id="700" timestamp="2022-02-08T18:52:39.747" threadId="0000000000017908" success="true" from="nursery"/>
<exclusive-end id="701" timestamp="2022-02-08T18:52:39.747" durationms="84.999" />

<concurrent-end id="702" type="global mark" contextid="687" timestamp="2022-02-08T18:52:39.784">
<gc-op id="703" type="trace" timems="377.840" contextid="687" timestamp="2022-02-08T18:52:39.784">
  <trace bytesTraced="74514048" workStackOverflowCount="0" />
  <card-cleaning reason="card cleaning threshold reached" bytesTraced="904" cardsCleaned="2" />
</gc-op>
</concurrent-end>

<exclusive-start id="704" timestamp="2022-02-08T18:52:39.784" intervalms="121.897">
  <response-info timems="0.017" idlems="0.017" threads="0" lastid="0000000000016F00" lastname="main" />
</exclusive-start>
<concurrent-global-final id="705" timestamp="2022-02-08T18:52:39.784" contextid="687" intervalms="3298.484" >
  <concurrent-trace-info reason="card cleaning threshold reached" tracedByMutators="62080460" tracedByHelpers="12434492" cardsCleaned="2" workStackOverflowCount="0" />
</concurrent-global-final>
<gc-start id="706" type="global" contextid="687" timestamp="2022-02-08T18:52:39.784">
  <mem-info id="707" free="182821072" total="1073741824" percent="17">
    <mem type="nursery" free="104981416" total="268435456" percent="39">
      <mem type="allocate" free="104981416" total="184221696" percent="56" />
      <mem type="survivor" free="0" total="84213760" percent="0" />
    </mem>
    <mem type="tenure" free="77839656" total="805306368" percent="9">
      <mem type="soa" free="37573928" total="765040640" percent="4" />
      <mem type="loa" free="40265728" total="40265728" percent="100" />
    </mem>
    <remembered-set count="123" />
  </mem-info>
</gc-start>
<allocation-stats totalBytes="2857816" >
  <allocated-bytes non-tlh="184" tlh="2857632" />
  <largest-consumer threadName="main" threadId="0000000000016F00" bytes="2849624" />
</allocation-stats>
<gc-op id="708" type="rs-scan" timems="126.033" contextid="687" timestamp="2022-02-08T18:52:39.910">
  <scan objectsFound="3324744" bytesTraced="71013132" workStackOverflowCount="0" />
</gc-op>
<gc-op id="709" type="card-cleaning" timems="0.244" contextid="687" timestamp="2022-02-08T18:52:39.911">
  <card-cleaning cardsCleaned="4" bytesTraced="1932" workStackOverflowCount="0" />
</gc-op>
<gc-op id="710" type="mark" timems="32.217" contextid="687" timestamp="2022-02-08T18:52:39.943">
  <trace-info objectcount="1280936" scancount="962228" scanbytes="20595272" />
  <finalization candidates="428" enqueued="57" />
  <ownableSynchronizers candidates="1" cleared="0" />
  <references type="soft" candidates="1063" cleared="0" enqueued="0" dynamicThreshold="12" maxThreshold="32" />
  <references type="weak" candidates="1701" cleared="0" enqueued="0" />
  <references type="phantom" candidates="52" cleared="2" enqueued="2" />
  <stringconstants candidates="6463" cleared="0"  />
  <object-monitors candidates="2" cleared="0"  />
</gc-op>
<gc-op id="711" type="sweep" timems="4.687" contextid="687" timestamp="2022-02-08T18:52:39.948" />
<gc-end id="712" type="global" contextid="687" durationms="163.440" usertimems="177.858" systemtimems="0.000" stalltimems="96.781" timestamp="2022-02-08T18:52:39.948" activeThreads="4">
  <mem-info id="713" free="426303552" total="1073741824" percent="39">
    <mem type="nursery" free="105503832" total="268435456" percent="39">
      <mem type="allocate" free="105503832" total="184221696" percent="57" />
      <mem type="survivor" free="0" total="84213760" percent="0" />
    </mem>
    <mem type="tenure" free="320799720" total="805306368" percent="39" micro-fragmented="243418" macro-fragmented="0">
      <mem type="soa" free="280533992" total="765040640" percent="36" />
      <mem type="loa" free="40265728" total="40265728" percent="100" />
    </mem>
    <pending-finalizers system="57" default="0" reference="2" classloader="0" />
    <remembered-set count="110" />
  </mem-info>
</gc-end>
<cycle-end id="714" type="global" contextid="687" timestamp="2022-02-08T18:52:39.948" />
<exclusive-end id="715" timestamp="2022-02-08T18:52:39.948" durationms="163.700" />

<exclusive-start id="716" timestamp="2022-02-08T18:52:40.660" intervalms="875.789">
  <response-info timems="0.024" idlems="0.024" threads="0" lastid="0000000000016F00" lastname="main" />
</exclusive-start>
<af-start id="717" threadId="0000000000017908" totalBytesRequested="24" timestamp="2022-02-08T18:52:40.660" intervalms="997.698" type="nursery" />
<cycle-start id="718" type="scavenge" contextid="0" timestamp="2022-02-08T18:52:40.660" intervalms="997.704" />
<gc-start id="719" type="scavenge" contextid="718" timestamp="2022-02-08T18:52:40.660">
  <mem-info id="720" free="320799720" total="1073741824" percent="29">
    <mem type="nursery" free="0" total="268435456" percent="0">
      <mem type="allocate" free="0" total="184221696" percent="0" />
      <mem type="survivor" free="0" total="84213760" percent="0" />
    </mem>
    <mem type="tenure" free="320799720" total="805306368" percent="39">
      <mem type="soa" free="280533992" total="765040640" percent="36" />
      <mem type="loa" free="40265728" total="40265728" percent="100" />
    </mem>
    <remembered-set count="111" />
  </mem-info>
</gc-start>
<allocation-stats totalBytes="105454896" >
  <allocated-bytes non-tlh="0" tlh="105454896" />
  <largest-consumer threadName="main" threadId="0000000000016F00" bytes="105450800" />
</allocation-stats>
<gc-op id="721" type="scavenge" timems="80.886" contextid="718" timestamp="2022-02-08T18:52:40.741">
  <scavenger-info tenureage="1" tenuremask="7ffe" tiltratio="68" />
  <memory-copied type="nursery" objects="1395787" bytes="77049888" bytesdiscarded="293176" />
  <memory-copied type="tenure" objects="1434219" bytes="75958672" bytesdiscarded="36680" />
  <finalization candidates="43" enqueued="0" />
  <ownableSynchronizers candidates="2" cleared="2" />
  <object-monitors candidates="2" cleared="0"  />
</gc-op>
<gc-end id="722" type="scavenge" contextid="718" durationms="81.099" usertimems="316.335" systemtimems="0.000" stalltimems="2.373" timestamp="2022-02-08T18:52:40.741" activeThreads="4">
  <mem-info id="723" free="351602880" total="1073741824" percent="32">
    <mem type="nursery" free="106944168" total="268435456" percent="39">
      <mem type="allocate" free="106944168" total="184287232" percent="58" />
      <mem type="survivor" free="0" total="84148224" percent="0" />
    </mem>
    <mem type="tenure" free="244658712" total="805306368" percent="30" macro-fragmented="0">
      <mem type="soa" free="204392984" total="765040640" percent="26" />
      <mem type="loa" free="40265728" total="40265728" percent="100" />
    </mem>
    <remembered-set count="104" />
  </mem-info>
</gc-end>
<cycle-end id="724" type="scavenge" contextid="718" timestamp="2022-02-08T18:52:40.742" />
<allocation-satisfied id="725" threadId="0000000000016F00" bytesRequested="24" />
<af-end id="726" timestamp="2022-02-08T18:52:40.742" threadId="0000000000017908" success="true" from="nursery"/>
<exclusive-end id="727" timestamp="2022-02-08T18:52:40.742" durationms="81.467" />

<exclusive-start id="728" timestamp="2022-02-08T18:52:41.384" intervalms="723.555">
  <response-info timems="0.018" idlems="0.018" threads="0" lastid="0000000000016F00" lastname="main" />
</exclusive-start>
<af-start id="729" threadId="0000000000017908" totalBytesRequested="120" timestamp="2022-02-08T18:52:41.384" intervalms="723.542" type="nursery" />
<cycle-start id="730" type="scavenge" contextid="0" timestamp="2022-02-08T18:52:41.384" intervalms="723.534" />
<gc-start id="731" type="scavenge" contextid="730" timestamp="2022-02-08T18:52:41.384">
  <mem-info id="732" free="244658712" total="1073741824" percent="22">
    <mem type="nursery" free="0" total="268435456" percent="0">
      <mem type="allocate" free="0" total="184287232" percent="0" />
      <mem type="survivor" free="0" total="84148224" percent="0" />
    </mem>
    <mem type="tenure" free="244658712" total="805306368" percent="30">
      <mem type="soa" free="204392984" total="765040640" percent="26" />
      <mem type="loa" free="40265728" total="40265728" percent="100" />
    </mem>
    <remembered-set count="104" />
  </mem-info>
</gc-start>
<allocation-stats totalBytes="106894192" >
  <allocated-bytes non-tlh="24" tlh="106894168" />
  <largest-consumer threadName="main" threadId="0000000000016F00" bytes="106894192" />
</allocation-stats>
<gc-op id="733" type="scavenge" timems="75.739" contextid="730" timestamp="2022-02-08T18:52:41.460">
  <scavenger-info tenureage="1" tenuremask="7ffe" tiltratio="68" />
  <memory-copied type="nursery" objects="1337067" bytes="76007576" bytesdiscarded="191320" />
  <memory-copied type="tenure" objects="1395787" bytes="77049888" bytesdiscarded="43904" />
  <object-monitors candidates="2" cleared="0"  />
</gc-op>
<gc-end id="734" type="scavenge" contextid="730" durationms="75.948" usertimems="299.634" systemtimems="0.000" stalltimems="2.120" timestamp="2022-02-08T18:52:41.460" activeThreads="4">
  <mem-info id="735" free="275891488" total="1073741824" percent="25">
    <mem type="nursery" free="108284944" total="268435456" percent="40">
      <mem type="allocate" free="108284944" total="184483840" percent="58" />
      <mem type="survivor" free="0" total="83951616" percent="0" />
    </mem>
    <mem type="tenure" free="167606544" total="805306368" percent="20" macro-fragmented="0">
      <mem type="soa" free="127340816" total="765040640" percent="16" />
      <mem type="loa" free="40265728" total="40265728" percent="100" />
    </mem>
    <remembered-set count="103" />
  </mem-info>
</gc-end>
<cycle-end id="736" type="scavenge" contextid="730" timestamp="2022-02-08T18:52:41.460" />
<allocation-satisfied id="737" threadId="0000000000016F00" bytesRequested="120" />
<af-end id="738" timestamp="2022-02-08T18:52:41.460" threadId="0000000000017908" success="true" from="nursery"/>
<exclusive-end id="739" timestamp="2022-02-08T18:52:41.460" durationms="76.187" />

<concurrent-kickoff id="740" timestamp="2022-02-08T18:52:42.283">
  <kickoff reason="threshold reached" targetBytes="91184512" thresholdFreeBytes="8447109"  remainingFree="8386064" tenureFreeBytes="167606544" nurseryFreeBytes="8386064" />
</concurrent-kickoff>
<exclusive-start id="741" timestamp="2022-02-08T18:52:42.287" intervalms="903.143">
  <response-info timems="0.019" idlems="0.019" threads="0" lastid="0000000000016F00" lastname="main" />
</exclusive-start>
<cycle-start id="742" type="global" contextid="0" timestamp="2022-02-08T18:52:42.287" intervalms="2880.392" />
<concurrent-start id="743" type="global mark" contextid="742" timestamp="2022-02-08T18:52:42.287">
</concurrent-start>
<exclusive-end id="744" timestamp="2022-02-08T18:52:42.287" durationms="0.028" />

<exclusive-start id="745" timestamp="2022-02-08T18:52:42.498" intervalms="210.837">
  <response-info timems="0.036" idlems="0.036" threads="0" lastid="0000000000016F00" lastname="main" />
</exclusive-start>
<af-start id="746" threadId="0000000000017908" totalBytesRequested="24" timestamp="2022-02-08T18:52:42.498" intervalms="1114.024" type="nursery" />
<cycle-start id="747" type="scavenge" contextid="0" timestamp="2022-02-08T18:52:42.498" intervalms="1114.031" />
<gc-start id="748" type="scavenge" contextid="747" timestamp="2022-02-08T18:52:42.498">
  <mem-info id="749" free="167606544" total="1073741824" percent="15">
    <mem type="nursery" free="0" total="268435456" percent="0">
      <mem type="allocate" free="0" total="184483840" percent="0" />
      <mem type="survivor" free="0" total="83951616" percent="0" />
    </mem>
    <mem type="tenure" free="167606544" total="805306368" percent="20">
      <mem type="soa" free="127340816" total="765040640" percent="16" />
      <mem type="loa" free="40265728" total="40265728" percent="100" />
    </mem>
    <remembered-set count="134" />
  </mem-info>
</gc-start>
<allocation-stats totalBytes="108236376" >
  <allocated-bytes non-tlh="2938368" tlh="105298008" />
  <largest-consumer threadName="main" threadId="0000000000016F00" bytes="108236376" />
</allocation-stats>
<gc-op id="750" type="scavenge" timems="81.391" contextid="747" timestamp="2022-02-08T18:52:42.579">
  <scavenger-info tenureage="1" tenuremask="7ffe" tiltratio="68" />
  <memory-copied type="nursery" objects="1458490" bytes="76123960" bytesdiscarded="111560" />
  <memory-copied type="tenure" objects="1337067" bytes="76007576" bytesdiscarded="37656" />
  <finalization candidates="110" enqueued="53" />
  <references type="soft" candidates="14" cleared="0" enqueued="0" dynamicThreshold="12" maxThreshold="32" />
  <references type="weak" candidates="1" cleared="0" enqueued="0" />
  <references type="phantom" candidates="95" cleared="7" enqueued="7" />
  <object-monitors candidates="2" cleared="0"  />
</gc-op>
<gc-end id="751" type="scavenge" contextid="747" durationms="81.678" usertimems="318.067" systemtimems="0.208" stalltimems="2.986" timestamp="2022-02-08T18:52:42.579" activeThreads="4">
  <mem-info id="752" free="199895808" total="1073741824" percent="18">
    <mem type="nursery" free="108575872" total="268435456" percent="40">
      <mem type="allocate" free="108575872" total="184811520" percent="58" />
      <mem type="survivor" free="0" total="83623936" percent="0" />
    </mem>
    <mem type="tenure" free="91319936" total="805306368" percent="11" macro-fragmented="723458">
      <mem type="soa" free="51054208" total="765040640" percent="6" />
      <mem type="loa" free="40265728" total="40265728" percent="100" />
    </mem>
    <pending-finalizers system="52" default="1" reference="7" classloader="0" />
    <remembered-set count="130" />
  </mem-info>
</gc-end>
<cycle-end id="753" type="scavenge" contextid="747" timestamp="2022-02-08T18:52:42.580" />
<allocation-satisfied id="754" threadId="0000000000016F00" bytesRequested="24" />
<af-end id="755" timestamp="2022-02-08T18:52:42.580" threadId="0000000000017908" success="true" from="nursery"/>
<exclusive-end id="756" timestamp="2022-02-08T18:52:42.580" durationms="82.009" />

<concurrent-end id="757" type="global mark" contextid="742" timestamp="2022-02-08T18:52:42.630">
<gc-op id="758" type="trace" timems="342.860" contextid="742" timestamp="2022-02-08T18:52:42.630">
  <trace bytesTraced="74514240" workStackOverflowCount="0" />
  <card-cleaning reason="card cleaning threshold reached" bytesTraced="904" cardsCleaned="2" />
</gc-op>
</concurrent-end>

<exclusive-start id="759" timestamp="2022-02-08T18:52:42.630" intervalms="132.089">
  <response-info timems="0.018" idlems="0.018" threads="0" lastid="0000000000016F00" lastname="main" />
</exclusive-start>
<concurrent-global-final id="760" timestamp="2022-02-08T18:52:42.630" contextid="742" intervalms="2845.415" >
  <concurrent-trace-info reason="card cleaning threshold reached" tracedByMutators="59146424" tracedByHelpers="15368720" cardsCleaned="2" workStackOverflowCount="0" />
</concurrent-global-final>
<gc-start id="761" type="global" contextid="742" timestamp="2022-02-08T18:52:42.630">
  <mem-info id="762" free="196119272" total="1073741824" percent="18">
    <mem type="nursery" free="104799336" total="268435456" percent="39">
      <mem type="allocate" free="104799336" total="184811520" percent="56" />
      <mem type="survivor" free="0" total="83623936" percent="0" />
    </mem>
    <mem type="tenure" free="91319936" total="805306368" percent="11">
      <mem type="soa" free="51054208" total="765040640" percent="6" />
      <mem type="loa" free="40265728" total="40265728" percent="100" />
    </mem>
    <remembered-set count="131" />
  </mem-info>
</gc-start>
<allocation-stats totalBytes="3774088" >
  <allocated-bytes non-tlh="24" tlh="3774064" />
  <largest-consumer threadName="main" threadId="0000000000016F00" bytes="3765896" />
</allocation-stats>
<gc-op id="763" type="rs-scan" timems="124.544" contextid="742" timestamp="2022-02-08T18:52:42.754">
  <scan objectsFound="3324744" bytesTraced="71013132" workStackOverflowCount="0" />
</gc-op>
<gc-op id="764" type="card-cleaning" timems="0.272" contextid="742" timestamp="2022-02-08T18:52:42.755">
  <card-cleaning cardsCleaned="4" bytesTraced="1948" workStackOverflowCount="0" />
</gc-op>
<gc-op id="765" type="mark" timems="25.812" contextid="742" timestamp="2022-02-08T18:52:42.781">
  <trace-info objectcount="1049324" scancount="788519" scanbytes="16889480" />
  <finalization candidates="428" enqueued="57" />
  <ownableSynchronizers candidates="1" cleared="0" />
  <references type="soft" candidates="1063" cleared="0" enqueued="0" dynamicThreshold="12" maxThreshold="32" />
  <references type="weak" candidates="1701" cleared="0" enqueued="0" />
  <references type="phantom" candidates="52" cleared="2" enqueued="2" />
  <stringconstants candidates="6463" cleared="0"  />
  <object-monitors candidates="2" cleared="0"  />
</gc-op>
<gc-op id="766" type="sweep" timems="4.371" contextid="742" timestamp="2022-02-08T18:52:42.785" />
<gc-end id="767" type="global" contextid="742" durationms="155.216" usertimems="169.495" systemtimems="0.000" stalltimems="76.730" timestamp="2022-02-08T18:52:42.785" activeThreads="4">
  <mem-info id="768" free="439870712" total="1073741824" percent="40">
    <mem type="nursery" free="105479624" total="268435456" percent="39">
      <mem type="allocate" free="105479624" total="184811520" percent="57" />
      <mem type="survivor" free="0" total="83623936" percent="0" />
    </mem>
    <mem type="tenure" free="334391088" total="805306368" percent="41" micro-fragmented="301718" macro-fragmented="0">
      <mem type="soa" free="294125360" total="765040640" percent="38" />
      <mem type="loa" free="40265728" total="40265728" percent="100" />
    </mem>
    <pending-finalizers system="57" default="0" reference="2" classloader="0" />
    <remembered-set count="113" />
  </mem-info>
</gc-end>
<cycle-end id="769" type="global" contextid="742" timestamp="2022-02-08T18:52:42.785" />
<exclusive-end id="770" timestamp="2022-02-08T18:52:42.785" durationms="155.402" />

<exclusive-start id="771" timestamp="2022-02-08T18:52:43.502" intervalms="872.714">
  <response-info timems="0.018" idlems="0.018" threads="0" lastid="0000000000016F00" lastname="main" />
</exclusive-start>
<af-start id="772" threadId="0000000000017908" totalBytesRequested="184" timestamp="2022-02-08T18:52:43.502" intervalms="1004.762" type="nursery" />
<cycle-start id="773" type="scavenge" contextid="0" timestamp="2022-02-08T18:52:43.502" intervalms="1004.755" />
<gc-start id="774" type="scavenge" contextid="773" timestamp="2022-02-08T18:52:43.503">
  <mem-info id="775" free="334391088" total="1073741824" percent="31">
    <mem type="nursery" free="0" total="268435456" percent="0">
      <mem type="allocate" free="0" total="184811520" percent="0" />
      <mem type="survivor" free="0" total="83623936" percent="0" />
    </mem>
    <mem type="tenure" free="334391088" total="805306368" percent="41">
      <mem type="soa" free="294125360" total="765040640" percent="38" />
      <mem type="loa" free="40265728" total="40265728" percent="100" />
    </mem>
    <remembered-set count="114" />
  </mem-info>
</gc-start>
<allocation-stats totalBytes="105426800" >
  <allocated-bytes non-tlh="0" tlh="105426800" />
  <largest-consumer threadName="main" threadId="0000000000016F00" bytes="105422704" />
</allocation-stats>
<gc-op id="776" type="scavenge" timems="88.233" contextid="773" timestamp="2022-02-08T18:52:43.591">
  <scavenger-info tenureage="1" tenuremask="7ffe" tiltratio="68" />
  <memory-copied type="nursery" objects="1399917" bytes="77668784" bytesdiscarded="133080" />
  <memory-copied type="tenure" objects="1457775" bytes="75656024" bytesdiscarded="38528" />
  <finalization candidates="57" enqueued="0" />
  <ownableSynchronizers candidates="2" cleared="2" />
  <object-monitors candidates="2" cleared="0"  />
</gc-op>
<gc-end id="777" type="scavenge" contextid="773" durationms="88.448" usertimems="348.209" systemtimems="0.000" stalltimems="3.682" timestamp="2022-02-08T18:52:43.591" activeThreads="4">
  <mem-info id="778" free="363781864" total="1073741824" percent="33">
    <mem type="nursery" free="105436792" total="268435456" percent="39">
      <mem type="allocate" free="105436792" total="183238656" percent="57" />
      <mem type="survivor" free="0" total="85196800" percent="0" />
    </mem>
    <mem type="tenure" free="258345072" total="805306368" percent="32" macro-fragmented="0">
      <mem type="soa" free="218079344" total="765040640" percent="28" />
      <mem type="loa" free="40265728" total="40265728" percent="100" />
    </mem>
    <remembered-set count="103" />
  </mem-info>
</gc-end>
<cycle-end id="779" type="scavenge" contextid="773" timestamp="2022-02-08T18:52:43.591" />
<allocation-satisfied id="780" threadId="0000000000016F00" bytesRequested="184" />
<af-end id="781" timestamp="2022-02-08T18:52:43.591" threadId="0000000000017908" success="true" from="nursery"/>
<exclusive-end id="782" timestamp="2022-02-08T18:52:43.591" durationms="88.724" />

<exclusive-start id="783" timestamp="2022-02-08T18:52:44.219" intervalms="716.978">
  <response-info timems="0.019" idlems="0.019" threads="0" lastid="0000000000016F00" lastname="main" />
</exclusive-start>
<af-start id="784" threadId="0000000000017908" totalBytesRequested="16" timestamp="2022-02-08T18:52:44.219" intervalms="716.976" type="nursery" />
<cycle-start id="785" type="scavenge" contextid="0" timestamp="2022-02-08T18:52:44.219" intervalms="716.977" />
<gc-start id="786" type="scavenge" contextid="785" timestamp="2022-02-08T18:52:44.220">
  <mem-info id="787" free="258345072" total="1073741824" percent="24">
    <mem type="nursery" free="0" total="268435456" percent="0">
      <mem type="allocate" free="0" total="183238656" percent="0" />
      <mem type="survivor" free="0" total="85196800" percent="0" />
    </mem>
    <mem type="tenure" free="258345072" total="805306368" percent="32">
      <mem type="soa" free="218079344" total="765040640" percent="28" />
      <mem type="loa" free="40265728" total="40265728" percent="100" />
    </mem>
    <remembered-set count="103" />
  </mem-info>
</gc-start>
<allocation-stats totalBytes="105388072" >
  <allocated-bytes non-tlh="184" tlh="105387888" />
  <largest-consumer threadName="main" threadId="0000000000016F00" bytes="105388072" />
</allocation-stats>
<gc-op id="788" type="scavenge" timems="78.604" contextid="785" timestamp="2022-02-08T18:52:44.298">
  <scavenger-info tenureage="1" tenuremask="7ffe" tiltratio="68" />
  <memory-copied type="nursery" objects="1331915" bytes="74966216" bytesdiscarded="145336" />
  <memory-copied type="tenure" objects="1399916" bytes="77668680" bytesdiscarded="40120" />
  <object-monitors candidates="2" cleared="0"  />
</gc-op>
<gc-end id="789" type="scavenge" contextid="785" durationms="78.831" usertimems="309.102" systemtimems="0.000" stalltimems="4.208" timestamp="2022-02-08T18:52:44.298" activeThreads="4">
  <mem-info id="790" free="289155096" total="1073741824" percent="26">
    <mem type="nursery" free="108389248" total="268435456" percent="40">
      <mem type="allocate" free="108389248" total="183500800" percent="59" />
      <mem type="survivor" free="0" total="84934656" percent="0" />
    </mem>
    <mem type="tenure" free="180765848" total="805306368" percent="22" macro-fragmented="0">
      <mem type="soa" free="140500120" total="765040640" percent="18" />
      <mem type="loa" free="40265728" total="40265728" percent="100" />
    </mem>
    <remembered-set count="104" />
  </mem-info>
</gc-end>
<cycle-end id="791" type="scavenge" contextid="785" timestamp="2022-02-08T18:52:44.298" />
<allocation-satisfied id="792" threadId="0000000000016F00" bytesRequested="16" />
<af-end id="793" timestamp="2022-02-08T18:52:44.298" threadId="0000000000017908" success="true" from="nursery"/>
<exclusive-end id="794" timestamp="2022-02-08T18:52:44.298" durationms="79.081" />

<concurrent-kickoff id="795" timestamp="2022-02-08T18:52:45.130">
  <kickoff reason="threshold reached" targetBytes="87823872" thresholdFreeBytes="7935924"  remainingFree="7837800" tenureFreeBytes="180765848" nurseryFreeBytes="7837800" />
</concurrent-kickoff>
<exclusive-start id="796" timestamp="2022-02-08T18:52:45.133" intervalms="913.839">
  <response-info timems="0.020" idlems="0.020" threads="0" lastid="0000000000016F00" lastname="main" />
</exclusive-start>
<cycle-start id="797" type="global" contextid="0" timestamp="2022-02-08T18:52:45.133" intervalms="2846.455" />
<concurrent-start id="798" type="global mark" contextid="797" timestamp="2022-02-08T18:52:45.133">
</concurrent-start>
<exclusive-end id="799" timestamp="2022-02-08T18:52:45.133" durationms="0.025" />

<exclusive-start id="800" timestamp="2022-02-08T18:52:45.300" intervalms="167.184">
  <response-info timems="0.037" idlems="0.037" threads="0" lastid="0000000000016F00" lastname="main" />
</exclusive-start>
<af-start id="801" threadId="0000000000017908" totalBytesRequested="208" timestamp="2022-02-08T18:52:45.300" intervalms="1081.023" type="nursery" />
<cycle-start id="802" type="scavenge" contextid="0" timestamp="2022-02-08T18:52:45.300" intervalms="1081.021" />
<gc-start id="803" type="scavenge" contextid="802" timestamp="2022-02-08T18:52:45.301">
  <mem-info id="804" free="180765848" total="1073741824" percent="16">
    <mem type="nursery" free="0" total="268435456" percent="0">
      <mem type="allocate" free="0" total="183500800" percent="0" />
      <mem type="survivor" free="0" total="84934656" percent="0" />
    </mem>
    <mem type="tenure" free="180765848" total="805306368" percent="22">
      <mem type="soa" free="140500120" total="765040640" percent="18" />
      <mem type="loa" free="40265728" total="40265728" percent="100" />
    </mem>
    <remembered-set count="134" />
  </mem-info>
</gc-start>
<allocation-stats totalBytes="108342640" >
  <allocated-bytes non-tlh="2841464" tlh="105501176" />
  <largest-consumer threadName="main" threadId="0000000000016F00" bytes="108342640" />
</allocation-stats>
<gc-op id="805" type="scavenge" timems="74.946" contextid="802" timestamp="2022-02-08T18:52:45.375">
  <scavenger-info tenureage="1" tenuremask="7ffe" tiltratio="68" />
  <memory-copied type="nursery" objects="1431045" bytes="76097192" bytesdiscarded="197416" />
  <memory-copied type="tenure" objects="1331915" bytes="74966216" bytesdiscarded="35592" />
  <finalization candidates="110" enqueued="53" />
  <references type="soft" candidates="14" cleared="0" enqueued="0" dynamicThreshold="13" maxThreshold="32" />
  <references type="weak" candidates="1" cleared="0" enqueued="0" />
  <references type="phantom" candidates="95" cleared="7" enqueued="7" />
  <object-monitors candidates="2" cleared="0"  />
</gc-op>
<gc-end id="806" type="scavenge" contextid="802" durationms="75.190" usertimems="297.211" systemtimems="0.000" stalltimems="2.185" timestamp="2022-02-08T18:52:45.376" activeThreads="4">
  <mem-info id="807" free="213342416" total="1073741824" percent="19">
    <mem type="nursery" free="107533744" total="268435456" percent="40">
      <mem type="allocate" free="107533744" total="183828480" percent="58" />
      <mem type="survivor" free="0" total="84606976" percent="0" />
    </mem>
    <mem type="tenure" free="105808672" total="805306368" percent="13" macro-fragmented="0">
      <mem type="soa" free="65542944" total="765040640" percent="8" />
      <mem type="loa" free="40265728" total="40265728" percent="100" />
    </mem>
    <pending-finalizers system="52" default="1" reference="7" classloader="0" />
    <remembered-set count="128" />
  </mem-info>
</gc-end>
<cycle-end id="808" type="scavenge" contextid="802" timestamp="2022-02-08T18:52:45.376" />
<allocation-satisfied id="809" threadId="0000000000016F00" bytesRequested="208" />
<af-end id="810" timestamp="2022-02-08T18:52:45.376" threadId="0000000000017908" success="true" from="nursery"/>
<exclusive-end id="811" timestamp="2022-02-08T18:52:45.376" durationms="75.528" />

<concurrent-end id="812" type="global mark" contextid="797" timestamp="2022-02-08T18:52:45.446">
<gc-op id="813" type="trace" timems="312.389" contextid="797" timestamp="2022-02-08T18:52:45.446">
  <trace bytesTraced="74514576" workStackOverflowCount="0" />
  <card-cleaning reason="card cleaning threshold reached" bytesTraced="1056" cardsCleaned="3" />
</gc-op>
</concurrent-end>

<exclusive-start id="814" timestamp="2022-02-08T18:52:45.446" intervalms="145.288">
  <response-info timems="0.019" idlems="0.019" threads="0" lastid="0000000000016F00" lastname="main" />
</exclusive-start>
<concurrent-global-final id="815" timestamp="2022-02-08T18:52:45.446" contextid="797" intervalms="2816.003" >
  <concurrent-trace-info reason="card cleaning threshold reached" tracedByMutators="60354648" tracedByHelpers="14160984" cardsCleaned="3" workStackOverflowCount="0" />
</concurrent-global-final>
<gc-start id="816" type="global" contextid="797" timestamp="2022-02-08T18:52:45.446">
  <mem-info id="817" free="208779264" total="1073741824" percent="19">
    <mem type="nursery" free="102970592" total="268435456" percent="38">
      <mem type="allocate" free="102970592" total="183828480" percent="56" />
      <mem type="survivor" free="0" total="84606976" percent="0" />
    </mem>
    <mem type="tenure" free="105808672" total="805306368" percent="13">
      <mem type="soa" free="65542944" total="765040640" percent="8" />
      <mem type="loa" free="40265728" total="40265728" percent="100" />
    </mem>
    <remembered-set count="129" />
  </mem-info>
</gc-start>
<allocation-stats totalBytes="4561616" >
  <allocated-bytes non-tlh="208" tlh="4561408" />
  <largest-consumer threadName="main" threadId="0000000000016F00" bytes="4553424" />
</allocation-stats>
<gc-op id="818" type="rs-scan" timems="144.863" contextid="797" timestamp="2022-02-08T18:52:45.591">
  <scan objectsFound="3324749" bytesTraced="71013328" workStackOverflowCount="0" />
</gc-op>
<gc-op id="819" type="card-cleaning" timems="0.263" contextid="797" timestamp="2022-02-08T18:52:45.591">
  <card-cleaning cardsCleaned="3" bytesTraced="1224" workStackOverflowCount="0" />
</gc-op>
<gc-op id="820" type="mark" timems="21.541" contextid="797" timestamp="2022-02-08T18:52:45.613">
  <trace-info objectcount="799381" scancount="601062" scanbytes="12890376" />
  <finalization candidates="428" enqueued="57" />
  <ownableSynchronizers candidates="1" cleared="0" />
  <references type="soft" candidates="1063" cleared="0" enqueued="0" dynamicThreshold="13" maxThreshold="32" />
  <references type="weak" candidates="1701" cleared="0" enqueued="0" />
  <references type="phantom" candidates="52" cleared="2" enqueued="2" />
  <stringconstants candidates="6463" cleared="0"  />
  <object-monitors candidates="2" cleared="0"  />
</gc-op>
<gc-op id="821" type="sweep" timems="4.540" contextid="797" timestamp="2022-02-08T18:52:45.617" />
<gc-end id="822" type="global" contextid="797" durationms="171.384" usertimems="184.796" systemtimems="0.329" stalltimems="64.727" timestamp="2022-02-08T18:52:45.617" activeThreads="4">
  <mem-info id="823" free="452452952" total="1073741824" percent="42">
    <mem type="nursery" free="103737512" total="268435456" percent="38">
      <mem type="allocate" free="103737512" total="183828480" percent="56" />
      <mem type="survivor" free="0" total="84606976" percent="0" />
    </mem>
    <mem type="tenure" free="348715440" total="805306368" percent="43" micro-fragmented="242105" macro-fragmented="0">
      <mem type="soa" free="308449712" total="765040640" percent="40" />
      <mem type="loa" free="40265728" total="40265728" percent="100" />
    </mem>
    <pending-finalizers system="57" default="0" reference="2" classloader="0" />
    <remembered-set count="111" />
  </mem-info>
</gc-end>
<cycle-end id="824" type="global" contextid="797" timestamp="2022-02-08T18:52:45.617" />
<exclusive-end id="825" timestamp="2022-02-08T18:52:45.617" durationms="171.615" />

<exclusive-start id="826" timestamp="2022-02-08T18:52:46.314" intervalms="868.301">
  <response-info timems="0.018" idlems="0.018" threads="0" lastid="0000000000016F00" lastname="main" />
</exclusive-start>
<af-start id="827" threadId="0000000000017908" totalBytesRequested="176" timestamp="2022-02-08T18:52:46.314" intervalms="1013.590" type="nursery" />
<cycle-start id="828" type="scavenge" contextid="0" timestamp="2022-02-08T18:52:46.314" intervalms="1013.592" />
<gc-start id="829" type="scavenge" contextid="828" timestamp="2022-02-08T18:52:46.314">
  <mem-info id="830" free="348715440" total="1073741824" percent="32">
    <mem type="nursery" free="0" total="268435456" percent="0">
      <mem type="allocate" free="0" total="183828480" percent="0" />
      <mem type="survivor" free="0" total="84606976" percent="0" />
    </mem>
    <mem type="tenure" free="348715440" total="805306368" percent="43">
      <mem type="soa" free="308449712" total="765040640" percent="40" />
      <mem type="loa" free="40265728" total="40265728" percent="100" />
    </mem>
    <remembered-set count="112" />
  </mem-info>
</gc-start>
<allocation-stats totalBytes="103686672" >
  <allocated-bytes non-tlh="0" tlh="103686672" />
  <largest-consumer threadName="main" threadId="0000000000016F00" bytes="103682576" />
</allocation-stats>
<gc-op id="831" type="scavenge" timems="79.895" contextid="828" timestamp="2022-02-08T18:52:46.394">
  <scavenger-info tenureage="1" tenuremask="7ffe" tiltratio="68" />
  <memory-copied type="nursery" objects="1395967" bytes="77033280" bytesdiscarded="244448" />
  <memory-copied type="tenure" objects="1430329" bytes="75629144" bytesdiscarded="42184" />
  <finalization candidates="57" enqueued="0" />
  <ownableSynchronizers candidates="2" cleared="2" />
  <object-monitors candidates="2" cleared="0"  />
</gc-op>
<gc-end id="832" type="scavenge" contextid="828" durationms="80.096" usertimems="313.766" systemtimems="1.388" stalltimems="3.415" timestamp="2022-02-08T18:52:46.394" activeThreads="4">
  <mem-info id="833" free="379693048" total="1073741824" percent="35">
    <mem type="nursery" free="106812896" total="268435456" percent="39">
      <mem type="allocate" free="106812896" total="184090624" percent="58" />
      <mem type="survivor" free="0" total="84344832" percent="0" />
    </mem>
    <mem type="tenure" free="272880152" total="805306368" percent="33" macro-fragmented="0">
      <mem type="soa" free="232614424" total="765040640" percent="30" />
      <mem type="loa" free="40265728" total="40265728" percent="100" />
    </mem>
    <remembered-set count="104" />
  </mem-info>
</gc-end>
<cycle-end id="834" type="scavenge" contextid="828" timestamp="2022-02-08T18:52:46.394" />
<allocation-satisfied id="835" threadId="0000000000016F00" bytesRequested="176" />
<af-end id="836" timestamp="2022-02-08T18:52:46.394" threadId="0000000000017908" success="true" from="nursery"/>
<exclusive-end id="837" timestamp="2022-02-08T18:52:46.394" durationms="80.341" />

<exclusive-start id="838" timestamp="2022-02-08T18:52:47.065" intervalms="751.112">
  <response-info timems="0.017" idlems="0.017" threads="0" lastid="0000000000016F00" lastname="main" />
</exclusive-start>
<af-start id="839" threadId="0000000000017908" totalBytesRequested="96" timestamp="2022-02-08T18:52:47.065" intervalms="751.111" type="nursery" />
<cycle-start id="840" type="scavenge" contextid="0" timestamp="2022-02-08T18:52:47.065" intervalms="751.110" />
<gc-start id="841" type="scavenge" contextid="840" timestamp="2022-02-08T18:52:47.065">
  <mem-info id="842" free="272880152" total="1073741824" percent="25">
    <mem type="nursery" free="0" total="268435456" percent="0">
      <mem type="allocate" free="0" total="184090624" percent="0" />
      <mem type="survivor" free="0" total="84344832" percent="0" />
    </mem>
    <mem type="tenure" free="272880152" total="805306368" percent="33">
      <mem type="soa" free="232614424" total="765040640" percent="30" />
      <mem type="loa" free="40265728" total="40265728" percent="100" />
    </mem>
    <remembered-set count="104" />
  </mem-info>
</gc-start>
<allocation-stats totalBytes="106761840" >
  <allocated-bytes non-tlh="176" tlh="106761664" />
  <largest-consumer threadName="main" threadId="0000000000016F00" bytes="106761840" />
</allocation-stats>
<gc-op id="843" type="scavenge" timems="76.478" contextid="840" timestamp="2022-02-08T18:52:47.142">
  <scavenger-info tenureage="1" tenuremask="7ffe" tiltratio="68" />
  <memory-copied type="nursery" objects="1331973" bytes="75874272" bytesdiscarded="146976" />
  <memory-copied type="tenure" objects="1395966" bytes="77033184" bytesdiscarded="39840" />
  <object-monitors candidates="2" cleared="0"  />
</gc-op>
<gc-end id="844" type="scavenge" contextid="840" durationms="76.707" usertimems="301.114" systemtimems="0.139" stalltimems="3.923" timestamp="2022-02-08T18:52:47.142" activeThreads="4">
  <mem-info id="845" free="304136184" total="1073741824" percent="28">
    <mem type="nursery" free="108331520" total="268435456" percent="40">
      <mem type="allocate" free="108331520" total="184352768" percent="58" />
      <mem type="survivor" free="0" total="84082688" percent="0" />
    </mem>
    <mem type="tenure" free="195804664" total="805306368" percent="24" macro-fragmented="0">
      <mem type="soa" free="155538936" total="765040640" percent="20" />
      <mem type="loa" free="40265728" total="40265728" percent="100" />
    </mem>
    <remembered-set count="104" />
  </mem-info>
</gc-end>
<cycle-end id="846" type="scavenge" contextid="840" timestamp="2022-02-08T18:52:47.142" />
<allocation-satisfied id="847" threadId="0000000000016F00" bytesRequested="96" />
<af-end id="848" timestamp="2022-02-08T18:52:47.142" threadId="0000000000017908" success="true" from="nursery"/>
<exclusive-end id="849" timestamp="2022-02-08T18:52:47.142" durationms="77.013" />

<concurrent-kickoff id="850" timestamp="2022-02-08T18:52:48.008">
  <kickoff reason="threshold reached" targetBytes="85143503" thresholdFreeBytes="7504278"  remainingFree="7406080" tenureFreeBytes="195803704" nurseryFreeBytes="7406080" />
</concurrent-kickoff>
<exclusive-start id="851" timestamp="2022-02-08T18:52:48.011" intervalms="945.838">
  <response-info timems="0.020" idlems="0.020" threads="0" lastid="0000000000016F00" lastname="main" />
</exclusive-start>
<cycle-start id="852" type="global" contextid="0" timestamp="2022-02-08T18:52:48.011" intervalms="2877.725" />
<concurrent-start id="853" type="global mark" contextid="852" timestamp="2022-02-08T18:52:48.011">
</concurrent-start>
<exclusive-end id="854" timestamp="2022-02-08T18:52:48.011" durationms="0.027" />

<exclusive-start id="855" timestamp="2022-02-08T18:52:48.172" intervalms="161.211">
  <response-info timems="0.019" idlems="0.019" threads="0" lastid="0000000000016F00" lastname="main" />
</exclusive-start>
<af-start id="856" threadId="0000000000017908" totalBytesRequested="176" timestamp="2022-02-08T18:52:48.172" intervalms="1107.051" type="nursery" />
<cycle-start id="857" type="scavenge" contextid="0" timestamp="2022-02-08T18:52:48.172" intervalms="1107.051" />
<gc-start id="858" type="scavenge" contextid="857" timestamp="2022-02-08T18:52:48.172">
  <mem-info id="859" free="195803704" total="1073741824" percent="18">
    <mem type="nursery" free="0" total="268435456" percent="0">
      <mem type="allocate" free="0" total="184352768" percent="0" />
      <mem type="survivor" free="0" total="84082688" percent="0" />
    </mem>
    <mem type="tenure" free="195803704" total="805306368" percent="24">
      <mem type="soa" free="155537976" total="765040640" percent="20" />
      <mem type="loa" free="40265728" total="40265728" percent="100" />
    </mem>
    <remembered-set count="148" />
  </mem-info>
</gc-start>
<allocation-stats totalBytes="108286888" >
  <allocated-bytes non-tlh="1397800" tlh="106889088" />
  <largest-consumer threadName="main" threadId="0000000000016F00" bytes="108286888" />
</allocation-stats>
<gc-op id="860" type="scavenge" timems="86.770" contextid="857" timestamp="2022-02-08T18:52:48.259">
  <scavenger-info tenureage="1" tenuremask="7ffe" tiltratio="68" />
  <memory-copied type="nursery" objects="1487736" bytes="76244800" bytesdiscarded="118512" />
  <memory-copied type="tenure" objects="1331972" bytes="75874216" bytesdiscarded="41088" />
  <finalization candidates="109" enqueued="53" />
  <references type="soft" candidates="14" cleared="0" enqueued="0" dynamicThreshold="13" maxThreshold="32" />
  <references type="weak" candidates="1" cleared="0" enqueued="0" />
  <references type="phantom" candidates="94" cleared="7" enqueued="7" />
  <object-monitors candidates="2" cleared="0"  />
</gc-op>
<gc-end id="861" type="scavenge" contextid="857" durationms="86.934" usertimems="343.464" systemtimems="0.000" stalltimems="2.770" timestamp="2022-02-08T18:52:48.259" activeThreads="4">
  <mem-info id="862" free="228135040" total="1073741824" percent="21">
    <mem type="nursery" free="108251376" total="268435456" percent="40">
      <mem type="allocate" free="108251376" total="184614912" percent="58" />
      <mem type="survivor" free="0" total="83820544" percent="0" />
    </mem>
    <mem type="tenure" free="119883664" total="805306368" percent="14" macro-fragmented="96750924">
      <mem type="soa" free="79617936" total="765040640" percent="10" />
      <mem type="loa" free="40265728" total="40265728" percent="100" />
    </mem>
    <pending-finalizers system="52" default="1" reference="7" classloader="0" />
    <remembered-set count="143" />
  </mem-info>
</gc-end>
<cycle-end id="863" type="scavenge" contextid="857" timestamp="2022-02-08T18:52:48.259" />
<allocation-satisfied id="864" threadId="0000000000016F00" bytesRequested="176" />
<af-end id="865" timestamp="2022-02-08T18:52:48.259" threadId="0000000000017908" success="true" from="nursery"/>
<exclusive-end id="866" timestamp="2022-02-08T18:52:48.259" durationms="87.246" />

<concurrent-end id="867" type="global mark" contextid="852" timestamp="2022-02-08T18:52:48.339">
<gc-op id="868" type="trace" timems="328.207" contextid="852" timestamp="2022-02-08T18:52:48.339">
  <trace bytesTraced="74452072" workStackOverflowCount="0" />
  <card-cleaning reason="card cleaning threshold reached" bytesTraced="904" cardsCleaned="2" />
</gc-op>
</concurrent-end>

<exclusive-start id="869" timestamp="2022-02-08T18:52:48.339" intervalms="167.062">
  <response-info timems="0.017" idlems="0.017" threads="0" lastid="0000000000016F00" lastname="main" />
</exclusive-start>
<concurrent-global-final id="870" timestamp="2022-02-08T18:52:48.339" contextid="852" intervalms="2893.523" >
  <concurrent-trace-info reason="card cleaning threshold reached" tracedByMutators="59061236" tracedByHelpers="15391740" cardsCleaned="2" workStackOverflowCount="0" />
</concurrent-global-final>
<gc-start id="871" type="global" contextid="852" timestamp="2022-02-08T18:52:48.339">
  <mem-info id="872" free="222523344" total="1073741824" percent="20">
    <mem type="nursery" free="102639680" total="268435456" percent="38">
      <mem type="allocate" free="102639680" total="184614912" percent="55" />
      <mem type="survivor" free="0" total="83820544" percent="0" />
    </mem>
    <mem type="tenure" free="119883664" total="805306368" percent="14">
      <mem type="soa" free="79617936" total="765040640" percent="10" />
      <mem type="loa" free="40265728" total="40265728" percent="100" />
    </mem>
    <remembered-set count="144" />
  </mem-info>
</gc-start>
<allocation-stats totalBytes="5608984" >
  <allocated-bytes non-tlh="176" tlh="5608808" />
  <largest-consumer threadName="main" threadId="0000000000016F00" bytes="5600792" />
</allocation-stats>
<gc-op id="873" type="rs-scan" timems="140.780" contextid="852" timestamp="2022-02-08T18:52:48.480">
  <scan objectsFound="3324784" bytesTraced="71015056" workStackOverflowCount="0" />
</gc-op>
<gc-op id="874" type="card-cleaning" timems="0.292" contextid="852" timestamp="2022-02-08T18:52:48.480">
  <card-cleaning cardsCleaned="3" bytesTraced="1112" workStackOverflowCount="0" />
</gc-op>
<gc-op id="875" type="mark" timems="16.655" contextid="852" timestamp="2022-02-08T18:52:48.497">
  <trace-info objectcount="584220" scancount="439688" scanbytes="9447532" />
  <finalization candidates="427" enqueued="57" />
  <ownableSynchronizers candidates="1" cleared="0" />
  <references type="soft" candidates="1063" cleared="169" enqueued="162" dynamicThreshold="13" maxThreshold="32" />
  <references type="weak" candidates="1701" cleared="0" enqueued="0" />
  <references type="phantom" candidates="51" cleared="2" enqueued="2" />
  <stringconstants candidates="6467" cleared="2"  />
  <object-monitors candidates="2" cleared="0"  />
</gc-op>
<gc-op id="876" type="sweep" timems="4.251" contextid="852" timestamp="2022-02-08T18:52:48.501" />
<gc-end id="877" type="global" contextid="852" durationms="162.163" usertimems="171.087" systemtimems="0.693" stalltimems="49.184" timestamp="2022-02-08T18:52:48.501" activeThreads="4">
  <mem-info id="878" free="466174488" total="1073741824" percent="43">
    <mem type="nursery" free="103328120" total="268435456" percent="38">
      <mem type="allocate" free="103328120" total="184614912" percent="55" />
      <mem type="survivor" free="0" total="83820544" percent="0" />
    </mem>
    <mem type="tenure" free="362846368" total="805306368" percent="45" micro-fragmented="267708" macro-fragmented="0">
      <mem type="soa" free="322580640" total="765040640" percent="42" />
      <mem type="loa" free="40265728" total="40265728" percent="100" />
    </mem>
    <pending-finalizers system="57" default="0" reference="164" classloader="0" />
    <remembered-set count="126" />
  </mem-info>
</gc-end>
<cycle-end id="879" type="global" contextid="852" timestamp="2022-02-08T18:52:48.502" />
<exclusive-end id="880" timestamp="2022-02-08T18:52:48.502" durationms="162.428" />

<exclusive-start id="881" timestamp="2022-02-08T18:52:49.180" intervalms="840.690">
  <response-info timems="0.020" idlems="0.020" threads="0" lastid="0000000000016F00" lastname="main" />
</exclusive-start>
<af-start id="882" threadId="0000000000017908" totalBytesRequested="200" timestamp="2022-02-08T18:52:49.180" intervalms="1007.752" type="nursery" />
<cycle-start id="883" type="scavenge" contextid="0" timestamp="2022-02-08T18:52:49.180" intervalms="1007.752" />
<gc-start id="884" type="scavenge" contextid="883" timestamp="2022-02-08T18:52:49.180">
  <mem-info id="885" free="362846368" total="1073741824" percent="33">
    <mem type="nursery" free="0" total="268435456" percent="0">
      <mem type="allocate" free="0" total="184614912" percent="0" />
      <mem type="survivor" free="0" total="83820544" percent="0" />
    </mem>
    <mem type="tenure" free="362846368" total="805306368" percent="45">
      <mem type="soa" free="322580640" total="765040640" percent="42" />
      <mem type="loa" free="40265728" total="40265728" percent="100" />
    </mem>
    <remembered-set count="292" />
  </mem-info>
</gc-start>
<allocation-stats totalBytes="103279328" >
  <allocated-bytes non-tlh="1347680" tlh="101931648" />
  <largest-consumer threadName="main" threadId="0000000000016F00" bytes="103267056" />
</allocation-stats>
<gc-op id="886" type="scavenge" timems="76.700" contextid="883" timestamp="2022-02-08T18:52:49.257">
  <scavenger-info tenureage="1" tenuremask="7ffe" tiltratio="68" />
  <memory-copied type="nursery" objects="1368603" bytes="77827272" bytesdiscarded="163792" />
  <memory-copied type="tenure" objects="1487012" bytes="75301456" bytesdiscarded="42640" />
  <finalization candidates="57" enqueued="0" />
  <ownableSynchronizers candidates="2" cleared="2" />
  <references type="phantom" candidates="1" cleared="0" enqueued="0" />
  <object-monitors candidates="2" cleared="0"  />
</gc-op>
<gc-end id="887" type="scavenge" contextid="883" durationms="76.897" usertimems="303.311" systemtimems="0.000" stalltimems="2.746" timestamp="2022-02-08T18:52:49.257" activeThreads="4">
  <mem-info id="888" free="392363208" total="1073741824" percent="36">
    <mem type="nursery" free="105050984" total="268435456" percent="39">
      <mem type="allocate" free="105050984" total="183042048" percent="57" />
      <mem type="survivor" free="0" total="85393408" percent="0" />
    </mem>
    <mem type="tenure" free="287312224" total="805306368" percent="35" macro-fragmented="0">
      <mem type="soa" free="247046496" total="765040640" percent="32" />
      <mem type="loa" free="40265728" total="40265728" percent="100" />
    </mem>
    <remembered-set count="277" />
  </mem-info>
</gc-end>
<cycle-end id="889" type="scavenge" contextid="883" timestamp="2022-02-08T18:52:49.257" />
<allocation-satisfied id="890" threadId="0000000000016F00" bytesRequested="200" />
<af-end id="891" timestamp="2022-02-08T18:52:49.257" threadId="0000000000017908" success="true" from="nursery"/>
<exclusive-end id="892" timestamp="2022-02-08T18:52:49.257" durationms="77.150" />

<exclusive-start id="893" timestamp="2022-02-08T18:52:49.914" intervalms="734.231">
  <response-info timems="0.017" idlems="0.017" threads="0" lastid="0000000000016F00" lastname="main" />
</exclusive-start>
<af-start id="894" threadId="0000000000017908" totalBytesRequested="208" timestamp="2022-02-08T18:52:49.914" intervalms="734.228" type="nursery" />
<cycle-start id="895" type="scavenge" contextid="0" timestamp="2022-02-08T18:52:49.914" intervalms="734.240" />
<gc-start id="896" type="scavenge" contextid="895" timestamp="2022-02-08T18:52:49.914">
  <mem-info id="897" free="287312224" total="1073741824" percent="26">
    <mem type="nursery" free="0" total="268435456" percent="0">
      <mem type="allocate" free="0" total="183042048" percent="0" />
      <mem type="survivor" free="0" total="85393408" percent="0" />
    </mem>
    <mem type="tenure" free="287312224" total="805306368" percent="35">
      <mem type="soa" free="247046496" total="765040640" percent="32" />
      <mem type="loa" free="40265728" total="40265728" percent="100" />
    </mem>
    <remembered-set count="277" />
  </mem-info>
</gc-start>
<allocation-stats totalBytes="105001184" >
  <allocated-bytes non-tlh="200" tlh="105000984" />
  <largest-consumer threadName="main" threadId="0000000000016F00" bytes="105001184" />
</allocation-stats>
<gc-op id="898" type="scavenge" timems="74.262" contextid="895" timestamp="2022-02-08T18:52:49.989">
  <scavenger-info tenureage="1" tenuremask="7ffe" tiltratio="68" />
  <memory-copied type="nursery" objects="1326053" bytes="74681888" bytesdiscarded="171512" />
  <memory-copied type="tenure" objects="1368602" bytes="77827160" bytesdiscarded="40880" />
  <finalization candidates="1" enqueued="0" />
  <object-monitors candidates="2" cleared="0"  />
</gc-op>
<gc-end id="899" type="scavenge" contextid="895" durationms="74.489" usertimems="293.291" systemtimems="0.196" stalltimems="2.879" timestamp="2022-02-08T18:52:49.989" activeThreads="4">
  <mem-info id="900" free="317853208" total="1073741824" percent="29">
    <mem type="nursery" free="108450792" total="268435456" percent="40">
      <mem type="allocate" free="108450792" total="183304192" percent="59" />
      <mem type="survivor" free="0" total="85131264" percent="0" />
    </mem>
    <mem type="tenure" free="209402416" total="805306368" percent="26" macro-fragmented="0">
      <mem type="soa" free="169136688" total="765040640" percent="22" />
      <mem type="loa" free="40265728" total="40265728" percent="100" />
    </mem>
    <remembered-set count="266" />
  </mem-info>
</gc-end>
<cycle-end id="901" type="scavenge" contextid="895" timestamp="2022-02-08T18:52:49.989" />
<allocation-satisfied id="902" threadId="0000000000016F00" bytesRequested="208" />
<af-end id="903" timestamp="2022-02-08T18:52:49.989" threadId="0000000000017908" success="true" from="nursery"/>
<exclusive-end id="904" timestamp="2022-02-08T18:52:49.989" durationms="74.739" />

<exclusive-start id="905" timestamp="2022-02-08T18:52:50.869" intervalms="954.726">
  <response-info timems="0.017" idlems="0.017" threads="0" lastid="0000000000016F00" lastname="main" />
</exclusive-start>
<af-start id="906" threadId="0000000000017908" totalBytesRequested="112" timestamp="2022-02-08T18:52:50.869" intervalms="954.734" type="nursery" />
<cycle-start id="907" type="scavenge" contextid="0" timestamp="2022-02-08T18:52:50.869" intervalms="954.723" />
<gc-start id="908" type="scavenge" contextid="907" timestamp="2022-02-08T18:52:50.869">
  <mem-info id="909" free="209401528" total="1073741824" percent="19">
    <mem type="nursery" free="0" total="268435456" percent="0">
      <mem type="allocate" free="0" total="183304192" percent="0" />
      <mem type="survivor" free="0" total="85131264" percent="0" />
    </mem>
    <mem type="tenure" free="209401528" total="805306368" percent="26">
      <mem type="soa" free="169135800" total="765040640" percent="22" />
      <mem type="loa" free="40265728" total="40265728" percent="100" />
    </mem>
    <remembered-set count="309" />
  </mem-info>
</gc-start>
<allocation-stats totalBytes="108403912" >
  <allocated-bytes non-tlh="1591664" tlh="106812248" />
  <largest-consumer threadName="main" threadId="0000000000016F00" bytes="108403912" />
</allocation-stats>
<gc-op id="910" type="scavenge" timems="81.812" contextid="907" timestamp="2022-02-08T18:52:50.951">
  <scavenger-info tenureage="1" tenuremask="7ffe" tiltratio="68" />
  <memory-copied type="nursery" objects="1497573" bytes="76332880" bytesdiscarded="124344" />
  <memory-copied type="tenure" objects="1326052" bytes="74681776" bytesdiscarded="38632" />
  <finalization candidates="109" enqueued="53" />
  <references type="soft" candidates="14" cleared="0" enqueued="0" dynamicThreshold="14" maxThreshold="32" />
  <references type="weak" candidates="2" cleared="1" enqueued="1" />
  <references type="phantom" candidates="94" cleared="7" enqueued="7" />
  <object-monitors candidates="2" cleared="0"  />
</gc-op>
<gc-end id="911" type="scavenge" contextid="907" durationms="82.076" usertimems="323.006" systemtimems="0.000" stalltimems="3.856" timestamp="2022-02-08T18:52:50.951" activeThreads="4">
  <mem-info id="912" free="241807752" total="1073741824" percent="22">
    <mem type="nursery" free="107043400" total="268435456" percent="39">
      <mem type="allocate" free="107043400" total="183500800" percent="58" />
      <mem type="survivor" free="0" total="84934656" percent="0" />
    </mem>
    <mem type="tenure" free="134764352" total="805306368" percent="16" macro-fragmented="27735676">
      <mem type="soa" free="94498624" total="765040640" percent="12" />
      <mem type="loa" free="40265728" total="40265728" percent="100" />
    </mem>
    <pending-finalizers system="52" default="1" reference="8" classloader="0" />
    <remembered-set count="142" />
  </mem-info>
</gc-end>
<cycle-end id="913" type="scavenge" contextid="907" timestamp="2022-02-08T18:52:50.951" />
<allocation-satisfied id="914" threadId="0000000000016F00" bytesRequested="112" />
<af-end id="915" timestamp="2022-02-08T18:52:50.951" threadId="0000000000017908" success="true" from="nursery"/>
<exclusive-end id="916" timestamp="2022-02-08T18:52:50.951" durationms="82.371" />

<concurrent-kickoff id="917" timestamp="2022-02-08T18:52:51.614">
  <kickoff reason="threshold reached" targetBytes="82992277" thresholdFreeBytes="7154697"  remainingFree="7101000" tenureFreeBytes="134764352" nurseryFreeBytes="7101000" />
</concurrent-kickoff>
<exclusive-start id="918" timestamp="2022-02-08T18:52:51.617" intervalms="747.643">
  <response-info timems="0.020" idlems="0.020" threads="0" lastid="0000000000016F00" lastname="main" />
</exclusive-start>
<cycle-start id="919" type="global" contextid="0" timestamp="2022-02-08T18:52:51.617" intervalms="3605.561" />
<concurrent-start id="920" type="global mark" contextid="919" timestamp="2022-02-08T18:52:51.617">
</concurrent-start>
<exclusive-end id="921" timestamp="2022-02-08T18:52:51.617" durationms="0.026" />

<exclusive-start id="922" timestamp="2022-02-08T18:52:51.772" intervalms="155.569">
  <response-info timems="0.035" idlems="0.035" threads="0" lastid="0000000000016F00" lastname="main" />
</exclusive-start>
<af-start id="923" threadId="0000000000017908" totalBytesRequested="24" timestamp="2022-02-08T18:52:51.772" intervalms="903.214" type="nursery" />
<cycle-start id="924" type="scavenge" contextid="0" timestamp="2022-02-08T18:52:51.772" intervalms="903.214" />
<gc-start id="925" type="scavenge" contextid="924" timestamp="2022-02-08T18:52:51.772">
  <mem-info id="926" free="134764352" total="1073741824" percent="12">
    <mem type="nursery" free="0" total="268435456" percent="0">
      <mem type="allocate" free="0" total="183500800" percent="0" />
      <mem type="survivor" free="0" total="84934656" percent="0" />
    </mem>
    <mem type="tenure" free="134764352" total="805306368" percent="16">
      <mem type="soa" free="94498624" total="765040640" percent="12" />
      <mem type="loa" free="40265728" total="40265728" percent="100" />
    </mem>
    <remembered-set count="143" />
  </mem-info>
</gc-start>
<allocation-stats totalBytes="106993320" >
  <allocated-bytes non-tlh="1347792" tlh="105645528" />
  <largest-consumer threadName="main" threadId="0000000000016F00" bytes="106985128" />
</allocation-stats>
<gc-op id="927" type="scavenge" timems="76.973" contextid="924" timestamp="2022-02-08T18:52:51.849">
  <scavenger-info tenureage="1" tenuremask="7ffe" tiltratio="68" />
  <memory-copied type="nursery" objects="1331939" bytes="76558856" bytesdiscarded="201096" />
  <memory-copied type="tenure" objects="1496850" bytes="75389544" bytesdiscarded="36952" />
  <finalization candidates="57" enqueued="0" />
  <references type="phantom" candidates="1" cleared="0" enqueued="0" />
  <object-monitors candidates="2" cleared="0"  />
</gc-op>
<gc-end id="928" type="scavenge" contextid="924" durationms="77.211" usertimems="303.259" systemtimems="0.000" stalltimems="4.496" timestamp="2022-02-08T18:52:51.849" activeThreads="4">
  <mem-info id="929" free="166478416" total="1073741824" percent="15">
    <mem type="nursery" free="107134064" total="268435456" percent="39">
      <mem type="allocate" free="107134064" total="183894016" percent="58" />
      <mem type="survivor" free="0" total="84541440" percent="0" />
    </mem>
    <mem type="tenure" free="59344352" total="805306368" percent="7" macro-fragmented="0">
      <mem type="soa" free="19078624" total="765040640" percent="2" />
      <mem type="loa" free="40265728" total="40265728" percent="100" />
    </mem>
    <remembered-set count="111" />
  </mem-info>
</gc-end>
<cycle-end id="930" type="scavenge" contextid="924" timestamp="2022-02-08T18:52:51.850" />
<allocation-satisfied id="931" threadId="0000000000016F00" bytesRequested="24" />
<af-end id="932" timestamp="2022-02-08T18:52:51.850" threadId="0000000000017908" success="true" from="nursery"/>
<exclusive-end id="933" timestamp="2022-02-08T18:52:51.850" durationms="77.490" />

<concurrent-end id="934" type="global mark" contextid="919" timestamp="2022-02-08T18:52:51.936">
<gc-op id="935" type="trace" timems="319.112" contextid="919" timestamp="2022-02-08T18:52:51.936">
  <trace bytesTraced="74426792" workStackOverflowCount="0" />
  <card-cleaning reason="card cleaning threshold reached" bytesTraced="904" cardsCleaned="2" />
</gc-op>
</concurrent-end>

<exclusive-start id="936" timestamp="2022-02-08T18:52:51.936" intervalms="163.606">
  <response-info timems="0.017" idlems="0.017" threads="0" lastid="0000000000016F00" lastname="main" />
</exclusive-start>
<concurrent-global-final id="937" timestamp="2022-02-08T18:52:51.936" contextid="919" intervalms="3596.466" >
  <concurrent-trace-info reason="card cleaning threshold reached" tracedByMutators="60923672" tracedByHelpers="13504024" cardsCleaned="2" workStackOverflowCount="0" />
</concurrent-global-final>
<gc-start id="938" type="global" contextid="919" timestamp="2022-02-08T18:52:51.936">
  <mem-info id="939" free="160743992" total="1073741824" percent="14">
    <mem type="nursery" free="101399640" total="268435456" percent="37">
      <mem type="allocate" free="101399640" total="183894016" percent="55" />
      <mem type="survivor" free="0" total="84541440" percent="0" />
    </mem>
    <mem type="tenure" free="59344352" total="805306368" percent="7">
      <mem type="soa" free="19078624" total="765040640" percent="2" />
      <mem type="loa" free="40265728" total="40265728" percent="100" />
    </mem>
    <remembered-set count="111" />
  </mem-info>
</gc-start>
<allocation-stats totalBytes="5732048" >
  <allocated-bytes non-tlh="24" tlh="5732024" />
  <largest-consumer threadName="main" threadId="0000000000016F00" bytes="5732048" />
</allocation-stats>
<heap-resize id="940" type="loa contract" space="tenure" amount="8052736" count="1" timems="0.000" reason="contract underutilized loa" timestamp="2022-02-08T18:52:51.936" />
<gc-op id="941" type="rs-scan" timems="0.533" contextid="919" timestamp="2022-02-08T18:52:51.936">
  <scan objectsFound="45" bytesTraced="6180" workStackOverflowCount="0" />
</gc-op>
<gc-op id="942" type="card-cleaning" timems="160.403" contextid="919" timestamp="2022-02-08T18:52:52.097">
  <card-cleaning cardsCleaned="12" bytesTraced="71012900" workStackOverflowCount="0" />
</gc-op>
<gc-op id="943" type="mark" timems="48.444" contextid="919" timestamp="2022-02-08T18:52:52.145">
  <trace-info objectcount="1683471" scancount="1264130" scanbytes="27035840" />
  <finalization candidates="428" enqueued="57" />
  <ownableSynchronizers candidates="1" cleared="0" />
  <references type="soft" candidates="894" cleared="0" enqueued="0" dynamicThreshold="14" maxThreshold="32" />
  <references type="weak" candidates="1701" cleared="0" enqueued="0" />
  <references type="phantom" candidates="52" cleared="2" enqueued="2" />
  <stringconstants candidates="6471" cleared="1"  />
  <object-monitors candidates="2" cleared="0"  />
</gc-op>
<gc-op id="944" type="classunload" timems="0.223" contextid="919" timestamp="2022-02-08T18:52:52.146">
  <classunload-info classloadercandidates="12" classloadersunloaded="1" classesunloaded="1" anonymousclassesunloaded="0" quiescems="0.000" setupms="0.214" scanms="0.006" postms="0.003" />
</gc-op>
<gc-op id="945" type="sweep" timems="4.939" contextid="919" timestamp="2022-02-08T18:52:52.150" />
<gc-end id="946" type="global" contextid="919" durationms="214.743" usertimems="226.410" systemtimems="3.961" stalltimems="144.888" timestamp="2022-02-08T18:52:52.151" activeThreads="4">
  <mem-info id="947" free="403909056" total="1073741824" percent="37">
    <mem type="nursery" free="101691592" total="268435456" percent="37">
      <mem type="allocate" free="101691592" total="183894016" percent="55" />
      <mem type="survivor" free="0" total="84541440" percent="0" />
    </mem>
    <mem type="tenure" free="302217464" total="805306368" percent="37" micro-fragmented="298567" macro-fragmented="0">
      <mem type="soa" free="270004472" total="773093376" percent="34" />
      <mem type="loa" free="32212992" total="32212992" percent="100" />
    </mem>
    <pending-finalizers system="57" default="0" reference="2" classloader="0" />
    <remembered-set count="111" />
  </mem-info>
</gc-end>
<cycle-end id="948" type="global" contextid="919" timestamp="2022-02-08T18:52:52.151" />
<exclusive-end id="949" timestamp="2022-02-08T18:52:52.151" durationms="214.971" />

<exclusive-start id="950" timestamp="2022-02-08T18:52:52.843" intervalms="907.709">
  <response-info timems="0.019" idlems="0.019" threads="0" lastid="0000000000016F00" lastname="main" />
</exclusive-start>
<af-start id="951" threadId="0000000000017908" totalBytesRequested="184" timestamp="2022-02-08T18:52:52.843" intervalms="1071.307" type="nursery" />
<cycle-start id="952" type="scavenge" contextid="0" timestamp="2022-02-08T18:52:52.843" intervalms="1071.306" />
<gc-start id="953" type="scavenge" contextid="952" timestamp="2022-02-08T18:52:52.844">
  <mem-info id="954" free="302217464" total="1073741824" percent="28">
    <mem type="nursery" free="0" total="268435456" percent="0">
      <mem type="allocate" free="0" total="183894016" percent="0" />
      <mem type="survivor" free="0" total="84541440" percent="0" />
    </mem>
    <mem type="tenure" free="302217464" total="805306368" percent="37">
      <mem type="soa" free="270004472" total="773093376" percent="34" />
      <mem type="loa" free="32212992" total="32212992" percent="100" />
    </mem>
    <remembered-set count="114" />
  </mem-info>
</gc-start>
<allocation-stats totalBytes="101644888" >
  <allocated-bytes non-tlh="0" tlh="101644888" />
  <largest-consumer threadName="main" threadId="0000000000016F00" bytes="101640792" />
</allocation-stats>
<gc-op id="955" type="scavenge" timems="82.623" contextid="952" timestamp="2022-02-08T18:52:52.926">
  <scavenger-info tenureage="1" tenuremask="7ffe" tiltratio="68" />
  <memory-copied type="nursery" objects="1351813" bytes="76270840" bytesdiscarded="226568" />
  <memory-copied type="tenure" objects="1331939" bytes="76558856" bytesdiscarded="42856" />
  <finalization candidates="1" enqueued="0" />
  <ownableSynchronizers candidates="2" cleared="2" />
  <object-monitors candidates="2" cleared="0"  />
</gc-op>
<gc-end id="956" type="scavenge" contextid="952" durationms="82.829" usertimems="324.998" systemtimems="0.000" stalltimems="4.844" timestamp="2022-02-08T18:52:52.926" activeThreads="4">
  <mem-info id="957" free="333120152" total="1073741824" percent="31">
    <mem type="nursery" free="107724288" total="268435456" percent="40">
      <mem type="allocate" free="107724288" total="184221696" percent="58" />
      <mem type="survivor" free="0" total="84213760" percent="0" />
    </mem>
    <mem type="tenure" free="225395864" total="805306368" percent="27" macro-fragmented="0">
      <mem type="soa" free="193182872" total="773093376" percent="24" />
      <mem type="loa" free="32212992" total="32212992" percent="100" />
    </mem>
    <remembered-set count="104" />
  </mem-info>
</gc-end>
<cycle-end id="958" type="scavenge" contextid="952" timestamp="2022-02-08T18:52:52.926" />
<allocation-satisfied id="959" threadId="0000000000016F00" bytesRequested="184" />
<af-end id="960" timestamp="2022-02-08T18:52:52.926" threadId="0000000000017908" success="true" from="nursery"/>
<exclusive-end id="961" timestamp="2022-02-08T18:52:52.926" durationms="83.069" />

<exclusive-start id="962" timestamp="2022-02-08T18:52:53.688" intervalms="844.981">
  <response-info timems="0.044" idlems="0.044" threads="0" lastid="0000000000016F00" lastname="main" />
</exclusive-start>
<af-start id="963" threadId="0000000000017908" totalBytesRequested="8208" timestamp="2022-02-08T18:52:53.688" intervalms="844.980" type="nursery" />
<cycle-start id="964" type="scavenge" contextid="0" timestamp="2022-02-08T18:52:53.688" intervalms="844.981" />
<gc-start id="965" type="scavenge" contextid="964" timestamp="2022-02-08T18:52:53.688">
  <mem-info id="966" free="225395864" total="1073741824" percent="20">
    <mem type="nursery" free="0" total="268435456" percent="0">
      <mem type="allocate" free="0" total="184221696" percent="0" />
      <mem type="survivor" free="0" total="84213760" percent="0" />
    </mem>
    <mem type="tenure" free="225395864" total="805306368" percent="27">
      <mem type="soa" free="193182872" total="773093376" percent="24" />
      <mem type="loa" free="32212992" total="32212992" percent="100" />
    </mem>
    <remembered-set count="121" />
  </mem-info>
</gc-start>
<allocation-stats totalBytes="107674072" >
  <allocated-bytes non-tlh="453888" tlh="107220184" />
  <largest-consumer threadName="main" threadId="0000000000016F00" bytes="107674072" />
</allocation-stats>
<gc-op id="967" type="scavenge" timems="94.204" contextid="964" timestamp="2022-02-08T18:52:53.783">
  <scavenger-info tenureage="1" tenuremask="7ffe" tiltratio="68" />
  <memory-copied type="nursery" objects="1391816" bytes="76129488" bytesdiscarded="126856" />
  <memory-copied type="tenure" objects="1351812" bytes="76270736" bytesdiscarded="43288" />
  <finalization candidates="52" enqueued="27" />
  <references type="phantom" candidates="53" cleared="0" enqueued="0" />
  <object-monitors candidates="2" cleared="0"  />
</gc-op>
<gc-end id="968" type="scavenge" contextid="964" durationms="94.379" usertimems="371.862" systemtimems="0.000" stalltimems="3.959" timestamp="2022-02-08T18:52:53.783" activeThreads="4">
  <mem-info id="969" free="257365512" total="1073741824" percent="23">
    <mem type="nursery" free="108358568" total="268435456" percent="40">
      <mem type="allocate" free="108358568" total="184614912" percent="58" />
      <mem type="survivor" free="0" total="83820544" percent="0" />
    </mem>
    <mem type="tenure" free="149006944" total="805306368" percent="18" macro-fragmented="0">
      <mem type="soa" free="116793952" total="773093376" percent="15" />
      <mem type="loa" free="32212992" total="32212992" percent="100" />
    </mem>
    <pending-finalizers system="27" default="0" reference="0" classloader="0" />
    <remembered-set count="121" />
  </mem-info>
</gc-end>
<cycle-end id="970" type="scavenge" contextid="964" timestamp="2022-02-08T18:52:53.783" />
<allocation-satisfied id="971" threadId="0000000000016F00" bytesRequested="8208" />
<af-end id="972" timestamp="2022-02-08T18:52:53.783" threadId="0000000000017908" success="true" from="nursery"/>
<exclusive-end id="973" timestamp="2022-02-08T18:52:53.783" durationms="94.719" />

<concurrent-kickoff id="974" timestamp="2022-02-08T18:52:54.601">
  <kickoff reason="threshold reached" targetBytes="81270181" thresholdFreeBytes="6872930"  remainingFree="6813560" tenureFreeBytes="149006944" nurseryFreeBytes="6813560" />
</concurrent-kickoff>
<exclusive-start id="975" timestamp="2022-02-08T18:52:54.604" intervalms="915.955">
  <response-info timems="0.032" idlems="0.032" threads="0" lastid="0000000000016F00" lastname="main" />
</exclusive-start>
<cycle-start id="976" type="global" contextid="0" timestamp="2022-02-08T18:52:54.604" intervalms="2987.822" />
<concurrent-start id="977" type="global mark" contextid="976" timestamp="2022-02-08T18:52:54.604">
</concurrent-start>
<exclusive-end id="978" timestamp="2022-02-08T18:52:54.604" durationms="0.029" />

<exclusive-start id="979" timestamp="2022-02-08T18:52:54.750" intervalms="145.833">
  <response-info timems="0.019" idlems="0.019" threads="0" lastid="0000000000016F00" lastname="main" />
</exclusive-start>
<af-start id="980" threadId="0000000000017908" totalBytesRequested="232" timestamp="2022-02-08T18:52:54.750" intervalms="1061.789" type="nursery" />
<cycle-start id="981" type="scavenge" contextid="0" timestamp="2022-02-08T18:52:54.750" intervalms="1061.788" />
<gc-start id="982" type="scavenge" contextid="981" timestamp="2022-02-08T18:52:54.750">
  <mem-info id="983" free="149006944" total="1073741824" percent="13">
    <mem type="nursery" free="0" total="268435456" percent="0">
      <mem type="allocate" free="0" total="184614912" percent="0" />
      <mem type="survivor" free="0" total="83820544" percent="0" />
    </mem>
    <mem type="tenure" free="149006944" total="805306368" percent="18">
      <mem type="soa" free="116793952" total="773093376" percent="15" />
      <mem type="loa" free="32212992" total="32212992" percent="100" />
    </mem>
    <remembered-set count="135" />
  </mem-info>
</gc-start>
<allocation-stats totalBytes="108309464" >
  <allocated-bytes non-tlh="2298928" tlh="106010536" />
  <largest-consumer threadName="main" threadId="0000000000016F00" bytes="108305368" />
</allocation-stats>
<gc-op id="984" type="scavenge" timems="93.616" contextid="981" timestamp="2022-02-08T18:52:54.844">
  <scavenger-info tenureage="1" tenuremask="7ffe" tiltratio="68" />
  <memory-copied type="nursery" objects="1399072" bytes="76562704" bytesdiscarded="108800" />
  <memory-copied type="tenure" objects="1391331" bytes="75888184" bytesdiscarded="37568" />
  <finalization candidates="83" enqueued="26" />
  <references type="soft" candidates="14" cleared="0" enqueued="0" dynamicThreshold="12" maxThreshold="32" />
  <references type="weak" candidates="1" cleared="0" enqueued="0" />
  <references type="phantom" candidates="67" cleared="7" enqueued="7" />
  <object-monitors candidates="2" cleared="0"  />
</gc-op>
<gc-end id="985" type="scavenge" contextid="981" durationms="93.782" usertimems="368.490" systemtimems="0.000" stalltimems="1.946" timestamp="2022-02-08T18:52:54.844" activeThreads="4">
  <mem-info id="986" free="181278712" total="1073741824" percent="16">
    <mem type="nursery" free="108074352" total="268435456" percent="40">
      <mem type="allocate" free="108074352" total="184745984" percent="58" />
      <mem type="survivor" free="0" total="83689472" percent="0" />
    </mem>
    <mem type="tenure" free="73204360" total="805306368" percent="9" macro-fragmented="38521768">
      <mem type="soa" free="40991368" total="773093376" percent="5" />
      <mem type="loa" free="32212992" total="32212992" percent="100" />
    </mem>
    <pending-finalizers system="25" default="1" reference="7" classloader="0" />
    <remembered-set count="116" />
  </mem-info>
</gc-end>
<cycle-end id="987" type="scavenge" contextid="981" timestamp="2022-02-08T18:52:54.844" />
<allocation-satisfied id="988" threadId="0000000000016F00" bytesRequested="232" />
<af-end id="989" timestamp="2022-02-08T18:52:54.844" threadId="0000000000017908" success="true" from="nursery"/>
<exclusive-end id="990" timestamp="2022-02-08T18:52:54.844" durationms="94.077" />

<concurrent-end id="991" type="global mark" contextid="976" timestamp="2022-02-08T18:52:54.966">
<gc-op id="992" type="trace" timems="361.234" contextid="976" timestamp="2022-02-08T18:52:54.966">
  <trace bytesTraced="74427584" workStackOverflowCount="0" />
  <card-cleaning reason="card cleaning threshold reached" bytesTraced="904" cardsCleaned="2" />
</gc-op>
</concurrent-end>

<exclusive-start id="993" timestamp="2022-02-08T18:52:54.966" intervalms="215.512">
  <response-info timems="0.021" idlems="0.021" threads="0" lastid="0000000000016F00" lastname="main" />
</exclusive-start>
<concurrent-global-final id="994" timestamp="2022-02-08T18:52:54.966" contextid="976" intervalms="3029.992" >
  <concurrent-trace-info reason="card cleaning threshold reached" tracedByMutators="55700200" tracedByHelpers="18728288" cardsCleaned="2" workStackOverflowCount="0" />
</concurrent-global-final>
<gc-start id="995" type="global" contextid="976" timestamp="2022-02-08T18:52:54.966">
  <mem-info id="996" free="175929104" total="1073741824" percent="16">
    <mem type="nursery" free="102724744" total="268435456" percent="38">
      <mem type="allocate" free="102724744" total="184745984" percent="55" />
      <mem type="survivor" free="0" total="83689472" percent="0" />
    </mem>
    <mem type="tenure" free="73204360" total="805306368" percent="9">
      <mem type="soa" free="40991368" total="773093376" percent="5" />
      <mem type="loa" free="32212992" total="32212992" percent="100" />
    </mem>
    <remembered-set count="118" />
  </mem-info>
</gc-start>
<allocation-stats totalBytes="5346920" >
  <allocated-bytes non-tlh="232" tlh="5346688" />
  <largest-consumer threadName="main" threadId="0000000000016F00" bytes="5338728" />
</allocation-stats>
<heap-resize id="997" type="loa contract" space="tenure" amount="8053760" count="1" timems="0.000" reason="contract underutilized loa" timestamp="2022-02-08T18:52:54.966" />
<gc-op id="998" type="rs-scan" timems="130.909" contextid="976" timestamp="2022-02-08T18:52:55.097">
  <scan objectsFound="3324743" bytesTraced="71013116" workStackOverflowCount="0" />
</gc-op>
<gc-op id="999" type="card-cleaning" timems="0.255" contextid="976" timestamp="2022-02-08T18:52:55.097">
  <card-cleaning cardsCleaned="5" bytesTraced="1876" workStackOverflowCount="0" />
</gc-op>
<gc-op id="1000" type="mark" timems="38.297" contextid="976" timestamp="2022-02-08T18:52:55.135">
  <trace-info objectcount="1427325" scancount="1072020" scanbytes="22937480" />
  <finalization candidates="428" enqueued="57" />
  <ownableSynchronizers candidates="1" cleared="0" />
  <references type="soft" candidates="894" cleared="0" enqueued="0" dynamicThreshold="12" maxThreshold="32" />
  <references type="weak" candidates="1701" cleared="0" enqueued="0" />
  <references type="phantom" candidates="52" cleared="2" enqueued="2" />
  <stringconstants candidates="6470" cleared="0"  />
  <object-monitors candidates="2" cleared="0"  />
</gc-op>
<gc-op id="1001" type="sweep" timems="5.056" contextid="976" timestamp="2022-02-08T18:52:55.140" />
<gc-end id="1002" type="global" contextid="976" durationms="174.764" usertimems="189.985" systemtimems="0.511" stalltimems="115.174" timestamp="2022-02-08T18:52:55.141" activeThreads="4">
  <mem-info id="1003" free="419280080" total="1073741824" percent="39">
    <mem type="nursery" free="103167856" total="268435456" percent="38">
      <mem type="allocate" free="103167856" total="184745984" percent="55" />
      <mem type="survivor" free="0" total="83689472" percent="0" />
    </mem>
    <mem type="tenure" free="316112224" total="805306368" percent="39" micro-fragmented="352239" macro-fragmented="0">
      <mem type="soa" free="291952992" total="781147136" percent="37" />
      <mem type="loa" free="24159232" total="24159232" percent="100" />
    </mem>
    <pending-finalizers system="57" default="0" reference="2" classloader="0" />
    <remembered-set count="103" />
  </mem-info>
</gc-end>
<cycle-end id="1004" type="global" contextid="976" timestamp="2022-02-08T18:52:55.141" />
<exclusive-end id="1005" timestamp="2022-02-08T18:52:55.141" durationms="174.999" />

<exclusive-start id="1006" timestamp="2022-02-08T18:52:55.941" intervalms="974.923">
  <response-info timems="0.025" idlems="0.025" threads="0" lastid="0000000000016F00" lastname="main" />
</exclusive-start>
<af-start id="1007" threadId="0000000000017908" totalBytesRequested="184" timestamp="2022-02-08T18:52:55.941" intervalms="1190.442" type="nursery" />
<cycle-start id="1008" type="scavenge" contextid="0" timestamp="2022-02-08T18:52:55.941" intervalms="1190.445" />
<gc-start id="1009" type="scavenge" contextid="1008" timestamp="2022-02-08T18:52:55.941">
  <mem-info id="1010" free="316112224" total="1073741824" percent="29">
    <mem type="nursery" free="0" total="268435456" percent="0">
      <mem type="allocate" free="0" total="184745984" percent="0" />
      <mem type="survivor" free="0" total="83689472" percent="0" />
    </mem>
    <mem type="tenure" free="316112224" total="805306368" percent="39">
      <mem type="soa" free="291952992" total="781147136" percent="37" />
      <mem type="loa" free="24159232" total="24159232" percent="100" />
    </mem>
    <remembered-set count="104" />
  </mem-info>
</gc-start>
<allocation-stats totalBytes="103120520" >
  <allocated-bytes non-tlh="0" tlh="103120520" />
  <largest-consumer threadName="main" threadId="0000000000016F00" bytes="103116424" />
</allocation-stats>
<gc-op id="1011" type="scavenge" timems="109.236" contextid="1008" timestamp="2022-02-08T18:52:56.050">
  <scavenger-info tenureage="1" tenuremask="7ffe" tiltratio="68" />
  <memory-copied type="nursery" objects="1415667" bytes="77227872" bytesdiscarded="304936" />
  <memory-copied type="tenure" objects="1398717" bytes="76329360" bytesdiscarded="40320" />
  <finalization candidates="32" enqueued="0" />
  <ownableSynchronizers candidates="2" cleared="2" />
  <object-monitors candidates="2" cleared="0"  />
</gc-op>
<gc-end id="1012" type="scavenge" contextid="1008" durationms="109.623" usertimems="423.984" systemtimems="0.000" stalltimems="10.064" timestamp="2022-02-08T18:52:56.050" activeThreads="4">
  <mem-info id="1013" free="346483432" total="1073741824" percent="32">
    <mem type="nursery" free="106819960" total="268435456" percent="39">
      <mem type="allocate" free="106819960" total="184352768" percent="57" />
      <mem type="survivor" free="0" total="84082688" percent="0" />
    </mem>
    <mem type="tenure" free="239663472" total="805306368" percent="29" macro-fragmented="502401">
      <mem type="soa" free="215504240" total="781147136" percent="27" />
      <mem type="loa" free="24159232" total="24159232" percent="100" />
    </mem>
    <remembered-set count="104" />
  </mem-info>
</gc-end>
<cycle-end id="1014" type="scavenge" contextid="1008" timestamp="2022-02-08T18:52:56.050" />
<allocation-satisfied id="1015" threadId="0000000000016F00" bytesRequested="184" />
<af-end id="1016" timestamp="2022-02-08T18:52:56.051" threadId="0000000000017908" success="true" from="nursery"/>
<exclusive-end id="1017" timestamp="2022-02-08T18:52:56.051" durationms="109.906" />

<exclusive-start id="1018" timestamp="2022-02-08T18:52:56.734" intervalms="792.907">
  <response-info timems="0.019" idlems="0.019" threads="0" lastid="0000000000016F00" lastname="main" />
</exclusive-start>
<af-start id="1019" threadId="0000000000017908" totalBytesRequested="24" timestamp="2022-02-08T18:52:56.734" intervalms="792.899" type="nursery" />
<cycle-start id="1020" type="scavenge" contextid="0" timestamp="2022-02-08T18:52:56.734" intervalms="792.897" />
<gc-start id="1021" type="scavenge" contextid="1020" timestamp="2022-02-08T18:52:56.734">
  <mem-info id="1022" free="239663472" total="1073741824" percent="22">
    <mem type="nursery" free="0" total="268435456" percent="0">
      <mem type="allocate" free="0" total="184352768" percent="0" />
      <mem type="survivor" free="0" total="84082688" percent="0" />
    </mem>
    <mem type="tenure" free="239663472" total="805306368" percent="29">
      <mem type="soa" free="215504240" total="781147136" percent="27" />
      <mem type="loa" free="24159232" total="24159232" percent="100" />
    </mem>
    <remembered-set count="104" />
  </mem-info>
</gc-start>
<allocation-stats totalBytes="106770512" >
  <allocated-bytes non-tlh="184" tlh="106770328" />
  <largest-consumer threadName="main" threadId="0000000000016F00" bytes="106770512" />
</allocation-stats>
<gc-op id="1023" type="scavenge" timems="111.719" contextid="1020" timestamp="2022-02-08T18:52:56.845">
  <scavenger-info tenureage="1" tenuremask="7ffe" tiltratio="68" />
  <memory-copied type="nursery" objects="1324064" bytes="75884168" bytesdiscarded="177672" />
  <memory-copied type="tenure" objects="1415666" bytes="77227768" bytesdiscarded="42760" />
  <object-monitors candidates="2" cleared="0"  />
</gc-op>
<gc-end id="1024" type="scavenge" contextid="1020" durationms="112.409" usertimems="352.645" systemtimems="0.582" stalltimems="2.092" timestamp="2022-02-08T18:52:56.846" activeThreads="4">
  <mem-info id="1025" free="270819496" total="1073741824" percent="25">
    <mem type="nursery" free="108422000" total="268435456" percent="40">
      <mem type="allocate" free="108422000" total="184483840" percent="58" />
      <mem type="survivor" free="0" total="83951616" percent="0" />
    </mem>
    <mem type="tenure" free="162397496" total="805306368" percent="20" macro-fragmented="1500163">
      <mem type="soa" free="138238264" total="781147136" percent="17" />
      <mem type="loa" free="24159232" total="24159232" percent="100" />
    </mem>
    <remembered-set count="104" />
  </mem-info>
</gc-end>
<cycle-end id="1026" type="scavenge" contextid="1020" timestamp="2022-02-08T18:52:56.846" />
<allocation-satisfied id="1027" threadId="0000000000016F00" bytesRequested="24" />
<af-end id="1028" timestamp="2022-02-08T18:52:56.846" threadId="0000000000017908" success="true" from="nursery"/>
<exclusive-end id="1029" timestamp="2022-02-08T18:52:56.846" durationms="112.702" />

<concurrent-kickoff id="1030" timestamp="2022-02-08T18:52:57.741">
  <kickoff reason="threshold reached" targetBytes="79895414" thresholdFreeBytes="6650404"  remainingFree="6579056" tenureFreeBytes="162397496" nurseryFreeBytes="6579056" />
</concurrent-kickoff>
<exclusive-start id="1031" timestamp="2022-02-08T18:52:57.744" intervalms="1010.361">
  <response-info timems="0.020" idlems="0.020" threads="0" lastid="0000000000016F00" lastname="main" />
</exclusive-start>
<cycle-start id="1032" type="global" contextid="0" timestamp="2022-02-08T18:52:57.744" intervalms="3139.537" />
<concurrent-start id="1033" type="global mark" contextid="1032" timestamp="2022-02-08T18:52:57.744">
</concurrent-start>
<exclusive-end id="1034" timestamp="2022-02-08T18:52:57.744" durationms="0.029" />

<exclusive-start id="1035" timestamp="2022-02-08T18:52:57.892" intervalms="147.961">
  <response-info timems="0.021" idlems="0.021" threads="0" lastid="0000000000016F00" lastname="main" />
</exclusive-start>
<af-start id="1036" threadId="0000000000017908" totalBytesRequested="24" timestamp="2022-02-08T18:52:57.892" intervalms="1158.343" type="nursery" />
<cycle-start id="1037" type="scavenge" contextid="0" timestamp="2022-02-08T18:52:57.892" intervalms="1158.343" />
<gc-start id="1038" type="scavenge" contextid="1037" timestamp="2022-02-08T18:52:57.892">
  <mem-info id="1039" free="162397496" total="1073741824" percent="15">
    <mem type="nursery" free="0" total="268435456" percent="0">
      <mem type="allocate" free="0" total="184483840" percent="0" />
      <mem type="survivor" free="0" total="83951616" percent="0" />
    </mem>
    <mem type="tenure" free="162397496" total="805306368" percent="20">
      <mem type="soa" free="138238264" total="781147136" percent="17" />
      <mem type="loa" free="24159232" total="24159232" percent="100" />
    </mem>
    <remembered-set count="135" />
  </mem-info>
</gc-start>
<allocation-stats totalBytes="108376888" >
  <allocated-bytes non-tlh="2841472" tlh="105535416" />
  <largest-consumer threadName="main" threadId="0000000000016F00" bytes="108376888" />
</allocation-stats>
<gc-op id="1040" type="scavenge" timems="98.822" contextid="1037" timestamp="2022-02-08T18:52:57.991">
  <scavenger-info tenureage="1" tenuremask="7ffe" tiltratio="68" />
  <memory-copied type="nursery" objects="1461618" bytes="76225064" bytesdiscarded="130304" />
  <memory-copied type="tenure" objects="1324064" bytes="75884168" bytesdiscarded="40800" />
  <finalization candidates="110" enqueued="53" />
  <references type="soft" candidates="14" cleared="0" enqueued="0" dynamicThreshold="12" maxThreshold="32" />
  <references type="weak" candidates="1" cleared="0" enqueued="0" />
  <references type="phantom" candidates="95" cleared="7" enqueued="7" />
  <object-monitors candidates="2" cleared="0"  />
</gc-op>
<gc-end id="1041" type="scavenge" contextid="1037" durationms="99.043" usertimems="391.072" systemtimems="0.000" stalltimems="2.201" timestamp="2022-02-08T18:52:57.991" activeThreads="4">
  <mem-info id="1042" free="194711880" total="1073741824" percent="18">
    <mem type="nursery" free="108390488" total="268435456" percent="40">
      <mem type="allocate" free="108390488" total="184745984" percent="58" />
      <mem type="survivor" free="0" total="83689472" percent="0" />
    </mem>
    <mem type="tenure" free="86321392" total="805306368" percent="10" macro-fragmented="39939376">
      <mem type="soa" free="62162160" total="781147136" percent="7" />
      <mem type="loa" free="24159232" total="24159232" percent="100" />
    </mem>
    <pending-finalizers system="52" default="1" reference="7" classloader="0" />
    <remembered-set count="130" />
  </mem-info>
</gc-end>
<cycle-end id="1043" type="scavenge" contextid="1037" timestamp="2022-02-08T18:52:57.991" />
<allocation-satisfied id="1044" threadId="0000000000016F00" bytesRequested="24" />
<af-end id="1045" timestamp="2022-02-08T18:52:57.991" threadId="0000000000017908" success="true" from="nursery"/>
<exclusive-end id="1046" timestamp="2022-02-08T18:52:57.991" durationms="99.327" />

<concurrent-end id="1047" type="global mark" contextid="1032" timestamp="2022-02-08T18:52:58.108">
<gc-op id="1048" type="trace" timems="363.708" contextid="1032" timestamp="2022-02-08T18:52:58.108">
  <trace bytesTraced="74427792" workStackOverflowCount="0" />
  <card-cleaning reason="card cleaning threshold reached" bytesTraced="904" cardsCleaned="2" />
</gc-op>
</concurrent-end>

<exclusive-start id="1049" timestamp="2022-02-08T18:52:58.108" intervalms="215.814">
  <response-info timems="0.017" idlems="0.017" threads="0" lastid="0000000000016F00" lastname="main" />
</exclusive-start>
<concurrent-global-final id="1050" timestamp="2022-02-08T18:52:58.108" contextid="1032" intervalms="3141.964" >
  <concurrent-trace-info reason="card cleaning threshold reached" tracedByMutators="58750180" tracedByHelpers="15678516" cardsCleaned="2" workStackOverflowCount="0" />
</concurrent-global-final>
<gc-start id="1051" type="global" contextid="1032" timestamp="2022-02-08T18:52:58.108">
  <mem-info id="1052" free="186872112" total="1073741824" percent="17">
    <mem type="nursery" free="100550720" total="268435456" percent="37">
      <mem type="allocate" free="100550720" total="184745984" percent="54" />
      <mem type="survivor" free="0" total="83689472" percent="0" />
    </mem>
    <mem type="tenure" free="86321392" total="805306368" percent="10">
      <mem type="soa" free="62162160" total="781147136" percent="7" />
      <mem type="loa" free="24159232" total="24159232" percent="100" />
    </mem>
    <remembered-set count="131" />
  </mem-info>
</gc-start>
<allocation-stats totalBytes="7835968" >
  <allocated-bytes non-tlh="24" tlh="7835944" />
  <largest-consumer threadName="main" threadId="0000000000016F00" bytes="7827776" />
</allocation-stats>
<heap-resize id="1053" type="loa contract" space="tenure" amount="8052736" count="1" timems="0.000" reason="contract underutilized loa" timestamp="2022-02-08T18:52:58.108" />
<gc-op id="1054" type="rs-scan" timems="139.327" contextid="1032" timestamp="2022-02-08T18:52:58.247">
  <scan objectsFound="3324744" bytesTraced="71013132" workStackOverflowCount="0" />
</gc-op>
<gc-op id="1055" type="card-cleaning" timems="0.310" contextid="1032" timestamp="2022-02-08T18:52:58.247">
  <card-cleaning cardsCleaned="4" bytesTraced="1820" workStackOverflowCount="0" />
</gc-op>
<gc-op id="1056" type="mark" timems="38.723" contextid="1032" timestamp="2022-02-08T18:52:58.286">
  <trace-info objectcount="1189680" scancount="893786" scanbytes="19135176" />
  <finalization candidates="428" enqueued="57" />
  <ownableSynchronizers candidates="1" cleared="0" />
  <references type="soft" candidates="894" cleared="0" enqueued="0" dynamicThreshold="12" maxThreshold="32" />
  <references type="weak" candidates="1701" cleared="0" enqueued="0" />
  <references type="phantom" candidates="52" cleared="2" enqueued="2" />
  <stringconstants candidates="6470" cleared="0"  />
  <object-monitors candidates="2" cleared="0"  />
</gc-op>
<gc-op id="1057" type="sweep" timems="5.700" contextid="1032" timestamp="2022-02-08T18:52:58.292" />
<gc-end id="1058" type="global" contextid="1032" durationms="184.290" usertimems="234.551" systemtimems="1.102" stalltimems="80.923" timestamp="2022-02-08T18:52:58.292" activeThreads="4">
  <mem-info id="1059" free="430525936" total="1073741824" percent="40">
    <mem type="nursery" free="101251920" total="268435456" percent="37">
      <mem type="allocate" free="101251920" total="184745984" percent="54" />
      <mem type="survivor" free="0" total="83689472" percent="0" />
    </mem>
    <mem type="tenure" free="329274016" total="805306368" percent="40" micro-fragmented="313561" macro-fragmented="0">
      <mem type="soa" free="313167520" total="789199872" percent="39" />
      <mem type="loa" free="16106496" total="16106496" percent="100" />
    </mem>
    <pending-finalizers system="57" default="0" reference="2" classloader="0" />
    <remembered-set count="113" />
  </mem-info>
</gc-end>
<cycle-end id="1060" type="global" contextid="1032" timestamp="2022-02-08T18:52:58.292" />
<exclusive-end id="1061" timestamp="2022-02-08T18:52:58.292" durationms="184.516" />

<exclusive-start id="1062" timestamp="2022-02-08T18:52:59.058" intervalms="950.788">
  <response-info timems="0.017" idlems="0.017" threads="0" lastid="0000000000016F00" lastname="main" />
</exclusive-start>
<af-start id="1063" threadId="0000000000017908" totalBytesRequested="112" timestamp="2022-02-08T18:52:59.059" intervalms="1166.590" type="nursery" />
<cycle-start id="1064" type="scavenge" contextid="0" timestamp="2022-02-08T18:52:59.059" intervalms="1166.591" />
<gc-start id="1065" type="scavenge" contextid="1064" timestamp="2022-02-08T18:52:59.059">
  <mem-info id="1066" free="329274016" total="1073741824" percent="30">
    <mem type="nursery" free="0" total="268435456" percent="0">
      <mem type="allocate" free="0" total="184745984" percent="0" />
      <mem type="survivor" free="0" total="83689472" percent="0" />
    </mem>
    <mem type="tenure" free="329274016" total="805306368" percent="40">
      <mem type="soa" free="313167520" total="789199872" percent="39" />
      <mem type="loa" free="16106496" total="16106496" percent="100" />
    </mem>
    <remembered-set count="114" />
  </mem-info>
</gc-start>
<allocation-stats totalBytes="101206976" >
  <allocated-bytes non-tlh="0" tlh="101206976" />
  <largest-consumer threadName="main" threadId="0000000000016F00" bytes="101195776" />
</allocation-stats>
<gc-op id="1067" type="scavenge" timems="98.553" contextid="1064" timestamp="2022-02-08T18:52:59.157">
  <scavenger-info tenureage="1" tenuremask="7ffe" tiltratio="68" />
  <memory-copied type="nursery" objects="1403712" bytes="77568368" bytesdiscarded="170128" />
  <memory-copied type="tenure" objects="1460903" bytes="75757128" bytesdiscarded="38384" />
  <finalization candidates="57" enqueued="0" />
  <ownableSynchronizers candidates="2" cleared="2" />
  <object-monitors candidates="2" cleared="0"  />
</gc-op>
<gc-end id="1068" type="scavenge" contextid="1064" durationms="98.999" usertimems="376.237" systemtimems="0.000" stalltimems="3.161" timestamp="2022-02-08T18:52:59.158" activeThreads="4">
  <mem-info id="1069" free="359005248" total="1073741824" percent="33">
    <mem type="nursery" free="105762304" total="268435456" percent="39">
      <mem type="allocate" free="105762304" total="183500800" percent="57" />
      <mem type="survivor" free="0" total="84934656" percent="0" />
    </mem>
    <mem type="tenure" free="253242944" total="805306368" percent="31" macro-fragmented="0">
      <mem type="soa" free="237136448" total="789199872" percent="30" />
      <mem type="loa" free="16106496" total="16106496" percent="100" />
    </mem>
    <remembered-set count="103" />
  </mem-info>
</gc-end>
<cycle-end id="1070" type="scavenge" contextid="1064" timestamp="2022-02-08T18:52:59.158" />
<allocation-satisfied id="1071" threadId="0000000000016F00" bytesRequested="112" />
<af-end id="1072" timestamp="2022-02-08T18:52:59.158" threadId="0000000000017908" success="true" from="nursery"/>
<exclusive-end id="1073" timestamp="2022-02-08T18:52:59.158" durationms="99.333" />

<exclusive-start id="1074" timestamp="2022-02-08T18:52:59.823" intervalms="764.470">
  <response-info timems="0.020" idlems="0.020" threads="0" lastid="0000000000016F00" lastname="main" />
</exclusive-start>
<af-start id="1075" threadId="0000000000017908" totalBytesRequested="184" timestamp="2022-02-08T18:52:59.823" intervalms="764.464" type="nursery" />
<cycle-start id="1076" type="scavenge" contextid="0" timestamp="2022-02-08T18:52:59.823" intervalms="764.463" />
<gc-start id="1077" type="scavenge" contextid="1076" timestamp="2022-02-08T18:52:59.823">
  <mem-info id="1078" free="253242944" total="1073741824" percent="23">
    <mem type="nursery" free="0" total="268435456" percent="0">
      <mem type="allocate" free="0" total="183500800" percent="0" />
      <mem type="survivor" free="0" total="84934656" percent="0" />
    </mem>
    <mem type="tenure" free="253242944" total="805306368" percent="31">
      <mem type="soa" free="237136448" total="789199872" percent="30" />
      <mem type="loa" free="16106496" total="16106496" percent="100" />
    </mem>
    <remembered-set count="103" />
  </mem-info>
</gc-start>
<allocation-stats totalBytes="105711424" >
  <allocated-bytes non-tlh="112" tlh="105711312" />
  <largest-consumer threadName="main" threadId="0000000000016F00" bytes="105711424" />
</allocation-stats>
<gc-op id="1079" type="scavenge" timems="96.121" contextid="1076" timestamp="2022-02-08T18:52:59.919">
  <scavenger-info tenureage="1" tenuremask="7ffe" tiltratio="68" />
  <memory-copied type="nursery" objects="1325425" bytes="75172144" bytesdiscarded="307752" />
  <memory-copied type="tenure" objects="1403712" bytes="77568368" bytesdiscarded="40000" />
  <object-monitors candidates="2" cleared="0"  />
</gc-op>
<gc-end id="1080" type="scavenge" contextid="1076" durationms="96.538" usertimems="380.071" systemtimems="0.000" stalltimems="3.098" timestamp="2022-02-08T18:52:59.920" activeThreads="4">
  <mem-info id="1081" free="283999056" total="1073741824" percent="26">
    <mem type="nursery" free="108217512" total="268435456" percent="40">
      <mem type="allocate" free="108217512" total="183697408" percent="58" />
      <mem type="survivor" free="0" total="84738048" percent="0" />
    </mem>
    <mem type="tenure" free="175781544" total="805306368" percent="21" macro-fragmented="0">
      <mem type="soa" free="159675048" total="789199872" percent="20" />
      <mem type="loa" free="16106496" total="16106496" percent="100" />
    </mem>
    <remembered-set count="104" />
  </mem-info>
</gc-end>
<cycle-end id="1082" type="scavenge" contextid="1076" timestamp="2022-02-08T18:52:59.920" />
<allocation-satisfied id="1083" threadId="0000000000016F00" bytesRequested="184" />
<af-end id="1084" timestamp="2022-02-08T18:52:59.920" threadId="0000000000017908" success="true" from="nursery"/>
<exclusive-end id="1085" timestamp="2022-02-08T18:52:59.920" durationms="96.828" />

<exclusive-start id="1086" timestamp="2022-02-08T18:53:00.839" intervalms="1015.715">
  <response-info timems="0.021" idlems="0.021" threads="0" lastid="0000000000016F00" lastname="main" />
</exclusive-start>
<af-start id="1087" threadId="0000000000017908" totalBytesRequested="200" timestamp="2022-02-08T18:53:00.839" intervalms="1015.715" type="nursery" />
<cycle-start id="1088" type="scavenge" contextid="0" timestamp="2022-02-08T18:53:00.839" intervalms="1015.715" />
<gc-start id="1089" type="scavenge" contextid="1088" timestamp="2022-02-08T18:53:00.839">
  <mem-info id="1090" free="175781544" total="1073741824" percent="16">
    <mem type="nursery" free="0" total="268435456" percent="0">
      <mem type="allocate" free="0" total="183697408" percent="0" />
      <mem type="survivor" free="0" total="84738048" percent="0" />
    </mem>
    <mem type="tenure" free="175781544" total="805306368" percent="21">
      <mem type="soa" free="159675048" total="789199872" percent="20" />
      <mem type="loa" free="16106496" total="16106496" percent="100" />
    </mem>
    <remembered-set count="134" />
  </mem-info>
</gc-start>
<allocation-stats totalBytes="108169264" >
  <allocated-bytes non-tlh="2938432" tlh="105230832" />
  <largest-consumer threadName="main" threadId="0000000000016F00" bytes="108169264" />
</allocation-stats>
<gc-op id="1091" type="scavenge" timems="77.604" contextid="1088" timestamp="2022-02-08T18:53:00.916">
  <scavenger-info tenureage="1" tenuremask="7ffe" tiltratio="68" />
  <memory-copied type="nursery" objects="1441540" bytes="76013192" bytesdiscarded="110752" />
  <memory-copied type="tenure" objects="1325424" bytes="75172040" bytesdiscarded="38456" />
  <finalization candidates="110" enqueued="53" />
  <references type="soft" candidates="14" cleared="0" enqueued="0" dynamicThreshold="13" maxThreshold="32" />
  <references type="weak" candidates="1" cleared="0" enqueued="0" />
  <references type="phantom" candidates="95" cleared="7" enqueued="7" />
  <object-monitors candidates="2" cleared="0"  />
</gc-op>
<gc-end id="1092" type="scavenge" contextid="1088" durationms="78.018" usertimems="301.205" systemtimems="0.000" stalltimems="4.632" timestamp="2022-02-08T18:53:00.917" activeThreads="4">
  <mem-info id="1093" free="208167616" total="1073741824" percent="19">
    <mem type="nursery" free="107901016" total="268435456" percent="40">
      <mem type="allocate" free="107901016" total="184025088" percent="58" />
      <mem type="survivor" free="0" total="84410368" percent="0" />
    </mem>
    <mem type="tenure" free="100266600" total="805306368" percent="12" macro-fragmented="0">
      <mem type="soa" free="84160104" total="789199872" percent="10" />
      <mem type="loa" free="16106496" total="16106496" percent="100" />
    </mem>
    <pending-finalizers system="52" default="1" reference="7" classloader="0" />
    <remembered-set count="129" />
  </mem-info>
</gc-end>
<cycle-end id="1094" type="scavenge" contextid="1088" timestamp="2022-02-08T18:53:00.917" />
<allocation-satisfied id="1095" threadId="0000000000016F00" bytesRequested="200" />
<af-end id="1096" timestamp="2022-02-08T18:53:00.917" threadId="0000000000017908" success="true" from="nursery"/>
<exclusive-end id="1097" timestamp="2022-02-08T18:53:00.917" durationms="78.318" />

<concurrent-kickoff id="1098" timestamp="2022-02-08T18:53:01.703">
  <kickoff reason="threshold reached" targetBytes="78797570" thresholdFreeBytes="6470962"  remainingFree="6385752" tenureFreeBytes="100266600" nurseryFreeBytes="6385752" />
</concurrent-kickoff>
<exclusive-start id="1099" timestamp="2022-02-08T18:53:01.707" intervalms="868.167">
  <response-info timems="0.022" idlems="0.022" threads="0" lastid="0000000000016F00" lastname="main" />
</exclusive-start>
<cycle-start id="1100" type="global" contextid="0" timestamp="2022-02-08T18:53:01.707" intervalms="3962.936" />
<concurrent-start id="1101" type="global mark" contextid="1100" timestamp="2022-02-08T18:53:01.707">
</concurrent-start>
<exclusive-end id="1102" timestamp="2022-02-08T18:53:01.707" durationms="0.065" />

<exclusive-start id="1103" timestamp="2022-02-08T18:53:01.859" intervalms="152.215">
  <response-info timems="0.035" idlems="0.035" threads="0" lastid="0000000000016F00" lastname="main" />
</exclusive-start>
<af-start id="1104" threadId="0000000000017908" totalBytesRequested="208" timestamp="2022-02-08T18:53:01.859" intervalms="1020.423" type="nursery" />
<cycle-start id="1105" type="scavenge" contextid="0" timestamp="2022-02-08T18:53:01.859" intervalms="1020.427" />
<gc-start id="1106" type="scavenge" contextid="1105" timestamp="2022-02-08T18:53:01.859">
  <mem-info id="1107" free="100266600" total="1073741824" percent="9">
    <mem type="nursery" free="0" total="268435456" percent="0">
      <mem type="allocate" free="0" total="184025088" percent="0" />
      <mem type="survivor" free="0" total="84410368" percent="0" />
    </mem>
    <mem type="tenure" free="100266600" total="805306368" percent="12">
      <mem type="soa" free="84160104" total="789199872" percent="10" />
      <mem type="loa" free="16106496" total="16106496" percent="100" />
    </mem>
    <remembered-set count="130" />
  </mem-info>
</gc-start>
<allocation-stats totalBytes="107848904" >
  <allocated-bytes non-tlh="200" tlh="107848704" />
  <largest-consumer threadName="main" threadId="0000000000016F00" bytes="107840712" />
</allocation-stats>
<gc-op id="1108" type="scavenge" timems="121.189" contextid="1105" timestamp="2022-02-08T18:53:01.981">
  <scavenger-info tenureage="1" tenuremask="7ffe" tiltratio="68" />
  <memory-copied type="nursery" objects="1397609" bytes="76861944" bytesdiscarded="242984" />
  <memory-copied type="tenure" objects="1440828" bytes="75545224" bytesdiscarded="34376" />
  <finalization candidates="57" enqueued="0" />
  <object-monitors candidates="2" cleared="0"  />
</gc-op>
<gc-end id="1109" type="scavenge" contextid="1105" durationms="121.529" usertimems="475.322" systemtimems="0.000" stalltimems="2.653" timestamp="2022-02-08T18:53:01.981" activeThreads="4">
  <mem-info id="1110" free="132179880" total="1073741824" percent="12">
    <mem type="nursery" free="107313376" total="268435456" percent="39">
      <mem type="allocate" free="107313376" total="184418304" percent="58" />
      <mem type="survivor" free="0" total="84017152" percent="0" />
    </mem>
    <mem type="tenure" free="24866504" total="805306368" percent="3" macro-fragmented="20530200">
      <mem type="soa" free="8760008" total="789199872" percent="1" />
      <mem type="loa" free="16106496" total="16106496" percent="100" />
    </mem>
    <remembered-set count="103" />
  </mem-info>
</gc-end>
<cycle-end id="1111" type="scavenge" contextid="1105" timestamp="2022-02-08T18:53:01.981" />
<allocation-satisfied id="1112" threadId="0000000000016F00" bytesRequested="208" />
<af-end id="1113" timestamp="2022-02-08T18:53:01.981" threadId="0000000000017908" success="true" from="nursery"/>
<exclusive-end id="1114" timestamp="2022-02-08T18:53:01.981" durationms="121.955" />

<concurrent-end id="1115" type="global mark" contextid="1100" timestamp="2022-02-08T18:53:02.100">
<gc-op id="1116" type="trace" timems="393.558" contextid="1100" timestamp="2022-02-08T18:53:02.100">
  <trace bytesTraced="74428016" workStackOverflowCount="0" />
  <card-cleaning reason="card cleaning threshold reached" bytesTraced="904" cardsCleaned="2" />
</gc-op>
</concurrent-end>

<exclusive-start id="1117" timestamp="2022-02-08T18:53:02.100" intervalms="241.464">
  <response-info timems="0.021" idlems="0.021" threads="0" lastid="0000000000016F00" lastname="main" />
</exclusive-start>
<concurrent-global-final id="1118" timestamp="2022-02-08T18:53:02.101" contextid="1100" intervalms="3992.820" >
  <concurrent-trace-info reason="card cleaning threshold reached" tracedByMutators="56327308" tracedByHelpers="18101612" cardsCleaned="2" workStackOverflowCount="0" />
</concurrent-global-final>
<gc-start id="1119" type="global" contextid="1100" timestamp="2022-02-08T18:53:02.101">
  <mem-info id="1120" free="124610264" total="1073741824" percent="11">
    <mem type="nursery" free="99743760" total="268435456" percent="37">
      <mem type="allocate" free="99743760" total="184418304" percent="54" />
      <mem type="survivor" free="0" total="84017152" percent="0" />
    </mem>
    <mem type="tenure" free="24866504" total="805306368" percent="3">
      <mem type="soa" free="8760008" total="789199872" percent="1" />
      <mem type="loa" free="16106496" total="16106496" percent="100" />
    </mem>
    <remembered-set count="103" />
  </mem-info>
</gc-start>
<allocation-stats totalBytes="7565776" >
  <allocated-bytes non-tlh="208" tlh="7565568" />
  <largest-consumer threadName="main" threadId="0000000000016F00" bytes="7565776" />
</allocation-stats>
<heap-resize id="1121" type="loa contract" space="tenure" amount="8052736" count="1" timems="0.000" reason="contract underutilized loa" timestamp="2022-02-08T18:53:02.101" />
<gc-op id="1122" type="rs-scan" timems="0.960" contextid="1100" timestamp="2022-02-08T18:53:02.102">
  <scan objectsFound="0" bytesTraced="3836" workStackOverflowCount="0" />
</gc-op>
<gc-op id="1123" type="card-cleaning" timems="153.160" contextid="1100" timestamp="2022-02-08T18:53:02.255">
  <card-cleaning cardsCleaned="10" bytesTraced="71012040" workStackOverflowCount="0" />
</gc-op>
<gc-op id="1124" type="mark" timems="76.659" contextid="1100" timestamp="2022-02-08T18:53:02.331">
  <trace-info objectcount="2320771" scancount="1742106" scanbytes="37232616" />
  <finalization candidates="428" enqueued="57" />
  <ownableSynchronizers candidates="1" cleared="0" />
  <references type="soft" candidates="894" cleared="0" enqueued="0" dynamicThreshold="13" maxThreshold="32" />
  <references type="weak" candidates="1701" cleared="0" enqueued="0" />
  <references type="phantom" candidates="52" cleared="2" enqueued="2" />
  <stringconstants candidates="6470" cleared="0"  />
  <object-monitors candidates="2" cleared="0"  />
</gc-op>
<gc-op id="1125" type="sweep" timems="5.640" contextid="1100" timestamp="2022-02-08T18:53:02.337" />
<gc-end id="1126" type="global" contextid="1100" durationms="236.716" usertimems="249.216" systemtimems="4.361" stalltimems="229.750" timestamp="2022-02-08T18:53:02.337" activeThreads="4">
  <mem-info id="1127" free="367899752" total="1073741824" percent="34">
    <mem type="nursery" free="100079552" total="268435456" percent="37">
      <mem type="allocate" free="100079552" total="184418304" percent="54" />
      <mem type="survivor" free="0" total="84017152" percent="0" />
    </mem>
    <mem type="tenure" free="267820200" total="805306368" percent="33" micro-fragmented="352778" macro-fragmented="0">
      <mem type="soa" free="259766440" total="797252608" percent="32" />
      <mem type="loa" free="8053760" total="8053760" percent="100" />
    </mem>
    <pending-finalizers system="57" default="0" reference="2" classloader="0" />
    <remembered-set count="103" />
  </mem-info>
</gc-end>
<cycle-end id="1128" type="global" contextid="1100" timestamp="2022-02-08T18:53:02.337" />
<exclusive-end id="1129" timestamp="2022-02-08T18:53:02.337" durationms="236.952" />

<exclusive-start id="1130" timestamp="2022-02-08T18:53:03.006" intervalms="905.418">
  <response-info timems="0.017" idlems="0.017" threads="0" lastid="0000000000016F00" lastname="main" />
</exclusive-start>
<af-start id="1131" threadId="0000000000017908" totalBytesRequested="24" timestamp="2022-02-08T18:53:03.014" intervalms="1154.806" type="nursery" />
<cycle-start id="1132" type="scavenge" contextid="0" timestamp="2022-02-08T18:53:03.014" intervalms="1154.810" />
<gc-start id="1133" type="scavenge" contextid="1132" timestamp="2022-02-08T18:53:03.014">
  <mem-info id="1134" free="267820200" total="1073741824" percent="24">
    <mem type="nursery" free="0" total="268435456" percent="0">
      <mem type="allocate" free="0" total="184418304" percent="0" />
      <mem type="survivor" free="0" total="84017152" percent="0" />
    </mem>
    <mem type="tenure" free="267820200" total="805306368" percent="33">
      <mem type="soa" free="259766440" total="797252608" percent="32" />
      <mem type="loa" free="8053760" total="8053760" percent="100" />
    </mem>
    <remembered-set count="106" />
  </mem-info>
</gc-start>
<allocation-stats totalBytes="100030504" >
  <allocated-bytes non-tlh="0" tlh="100030504" />
  <largest-consumer threadName="main" threadId="0000000000016F00" bytes="100026408" />
</allocation-stats>
<gc-op id="1135" type="scavenge" timems="86.976" contextid="1132" timestamp="2022-02-08T18:53:03.101">
  <scavenger-info tenureage="1" tenuremask="7ffe" tiltratio="68" />
  <memory-copied type="nursery" objects="1341456" bytes="76368448" bytesdiscarded="205856" />
  <memory-copied type="tenure" objects="1397608" bytes="76861832" bytesdiscarded="44064" />
  <ownableSynchronizers candidates="2" cleared="2" />
  <object-monitors candidates="2" cleared="0"  />
</gc-op>
<gc-end id="1136" type="scavenge" contextid="1132" durationms="87.240" usertimems="342.262" systemtimems="1.476" stalltimems="3.118" timestamp="2022-02-08T18:53:03.101" activeThreads="4">
  <mem-info id="1137" free="298835464" total="1073741824" percent="27">
    <mem type="nursery" free="108040608" total="268435456" percent="40">
      <mem type="allocate" free="108040608" total="184614912" percent="58" />
      <mem type="survivor" free="0" total="83820544" percent="0" />
    </mem>
    <mem type="tenure" free="190794856" total="805306368" percent="23" macro-fragmented="0">
      <mem type="soa" free="182741096" total="797252608" percent="22" />
      <mem type="loa" free="8053760" total="8053760" percent="100" />
    </mem>
    <remembered-set count="105" />
  </mem-info>
</gc-end>
<cycle-end id="1138" type="scavenge" contextid="1132" timestamp="2022-02-08T18:53:03.101" />
<allocation-satisfied id="1139" threadId="0000000000016F00" bytesRequested="24" />
<af-end id="1140" timestamp="2022-02-08T18:53:03.102" threadId="0000000000017908" success="true" from="nursery"/>
<exclusive-end id="1141" timestamp="2022-02-08T18:53:03.102" durationms="95.625" />

<exclusive-start id="1142" timestamp="2022-02-08T18:53:04.037" intervalms="1031.041">
  <response-info timems="0.019" idlems="0.019" threads="0" lastid="0000000000016F00" lastname="main" />
</exclusive-start>
<af-start id="1143" threadId="0000000000017908" totalBytesRequested="192" timestamp="2022-02-08T18:53:04.037" intervalms="1023.076" type="nursery" />
<cycle-start id="1144" type="scavenge" contextid="0" timestamp="2022-02-08T18:53:04.037" intervalms="1023.068" />
<gc-start id="1145" type="scavenge" contextid="1144" timestamp="2022-02-08T18:53:04.037">
  <mem-info id="1146" free="190794856" total="1073741824" percent="17">
    <mem type="nursery" free="0" total="268435456" percent="0">
      <mem type="allocate" free="0" total="184614912" percent="0" />
      <mem type="survivor" free="0" total="83820544" percent="0" />
    </mem>
    <mem type="tenure" free="190794856" total="805306368" percent="23">
      <mem type="soa" free="182741096" total="797252608" percent="22" />
      <mem type="loa" free="8053760" total="8053760" percent="100" />
    </mem>
    <remembered-set count="136" />
  </mem-info>
</gc-start>
<allocation-stats totalBytes="107992632" >
  <allocated-bytes non-tlh="1493792" tlh="106498840" />
  <largest-consumer threadName="main" threadId="0000000000016F00" bytes="107992632" />
</allocation-stats>
<gc-op id="1147" type="scavenge" timems="83.348" contextid="1144" timestamp="2022-02-08T18:53:04.120">
  <scavenger-info tenureage="1" tenuremask="7ffe" tiltratio="68" />
  <memory-copied type="nursery" objects="1466410" bytes="76017896" bytesdiscarded="132368" />
  <memory-copied type="tenure" objects="1341456" bytes="76368448" bytesdiscarded="39808" />
  <finalization candidates="109" enqueued="53" />
  <references type="soft" candidates="14" cleared="0" enqueued="0" dynamicThreshold="10" maxThreshold="32" />
  <references type="weak" candidates="1" cleared="0" enqueued="0" />
  <references type="phantom" candidates="94" cleared="7" enqueued="7" />
  <object-monitors candidates="2" cleared="0"  />
</gc-op>
<gc-end id="1148" type="scavenge" contextid="1144" durationms="83.564" usertimems="329.208" systemtimems="0.000" stalltimems="2.868" timestamp="2022-02-08T18:53:04.121" activeThreads="4">
  <mem-info id="1149" free="222904888" total="1073741824" percent="20">
    <mem type="nursery" free="108726664" total="268435456" percent="40">
      <mem type="allocate" free="108726664" total="184877056" percent="58" />
      <mem type="survivor" free="0" total="83558400" percent="0" />
    </mem>
    <mem type="tenure" free="114178224" total="805306368" percent="14" macro-fragmented="0">
      <mem type="soa" free="106124464" total="797252608" percent="13" />
      <mem type="loa" free="8053760" total="8053760" percent="100" />
    </mem>
    <pending-finalizers system="52" default="1" reference="7" classloader="0" />
    <remembered-set count="131" />
  </mem-info>
</gc-end>
<cycle-end id="1150" type="scavenge" contextid="1144" timestamp="2022-02-08T18:53:04.121" />
<allocation-satisfied id="1151" threadId="0000000000016F00" bytesRequested="192" />
<af-end id="1152" timestamp="2022-02-08T18:53:04.121" threadId="0000000000017908" success="true" from="nursery"/>
<exclusive-end id="1153" timestamp="2022-02-08T18:53:04.121" durationms="83.923" />

<concurrent-kickoff id="1154" timestamp="2022-02-08T18:53:04.825">
  <kickoff reason="threshold reached" targetBytes="77920689" thresholdFreeBytes="6326253"  remainingFree="6215784" tenureFreeBytes="114178224" nurseryFreeBytes="6215784" />
</concurrent-kickoff>
<exclusive-start id="1155" timestamp="2022-02-08T18:53:04.828" intervalms="791.555">
  <response-info timems="0.019" idlems="0.019" threads="0" lastid="0000000000016F00" lastname="main" />
</exclusive-start>
<cycle-start id="1156" type="global" contextid="0" timestamp="2022-02-08T18:53:04.829" intervalms="3121.685" />
<concurrent-start id="1157" type="global mark" contextid="1156" timestamp="2022-02-08T18:53:04.829">
</concurrent-start>
<exclusive-end id="1158" timestamp="2022-02-08T18:53:04.829" durationms="0.054" />

<exclusive-start id="1159" timestamp="2022-02-08T18:53:04.975" intervalms="146.266">
  <response-info timems="0.018" idlems="0.018" threads="0" lastid="0000000000016F00" lastname="main" />
</exclusive-start>
<af-start id="1160" threadId="0000000000017908" totalBytesRequested="208" timestamp="2022-02-08T18:53:04.975" intervalms="937.818" type="nursery" />
<cycle-start id="1161" type="scavenge" contextid="0" timestamp="2022-02-08T18:53:04.975" intervalms="937.818" />
<gc-start id="1162" type="scavenge" contextid="1161" timestamp="2022-02-08T18:53:04.975">
  <mem-info id="1163" free="114178224" total="1073741824" percent="10">
    <mem type="nursery" free="0" total="268435456" percent="0">
      <mem type="allocate" free="0" total="184877056" percent="0" />
      <mem type="survivor" free="0" total="83558400" percent="0" />
    </mem>
    <mem type="tenure" free="114178224" total="805306368" percent="14">
      <mem type="soa" free="106124464" total="797252608" percent="13" />
      <mem type="loa" free="8053760" total="8053760" percent="100" />
    </mem>
    <remembered-set count="132" />
  </mem-info>
</gc-start>
<allocation-stats totalBytes="108677520" >
  <allocated-bytes non-tlh="1347872" tlh="107329648" />
  <largest-consumer threadName="main" threadId="0000000000016F00" bytes="108669328" />
</allocation-stats>
<gc-op id="1164" type="scavenge" timems="79.506" contextid="1161" timestamp="2022-02-08T18:53:05.054">
  <scavenger-info tenureage="1" tenuremask="7ffe" tiltratio="68" />
  <memory-copied type="nursery" objects="1384194" bytes="77819944" bytesdiscarded="291680" />
  <memory-copied type="tenure" objects="1465690" bytes="75074624" bytesdiscarded="36904" />
  <finalization candidates="57" enqueued="0" />
  <references type="phantom" candidates="1" cleared="0" enqueued="0" />
  <object-monitors candidates="2" cleared="0"  />
</gc-op>
<gc-end id="1165" type="scavenge" contextid="1161" durationms="79.741" usertimems="314.417" systemtimems="0.000" stalltimems="2.975" timestamp="2022-02-08T18:53:05.055" activeThreads="4">
  <mem-info id="1166" free="144037888" total="1073741824" percent="13">
    <mem type="nursery" free="104799352" total="268435456" percent="39">
      <mem type="allocate" free="104799352" total="182910976" percent="57" />
      <mem type="survivor" free="0" total="85524480" percent="0" />
    </mem>
    <mem type="tenure" free="39238536" total="805306368" percent="4" macro-fragmented="0">
      <mem type="soa" free="31184776" total="797252608" percent="3" />
      <mem type="loa" free="8053760" total="8053760" percent="100" />
    </mem>
    <remembered-set count="102" />
  </mem-info>
</gc-end>
<cycle-end id="1167" type="scavenge" contextid="1161" timestamp="2022-02-08T18:53:05.055" />
<allocation-satisfied id="1168" threadId="0000000000016F00" bytesRequested="208" />
<af-end id="1169" timestamp="2022-02-08T18:53:05.055" threadId="0000000000017908" success="true" from="nursery"/>
<exclusive-end id="1170" timestamp="2022-02-08T18:53:05.055" durationms="80.015" />

<concurrent-end id="1171" type="global mark" contextid="1156" timestamp="2022-02-08T18:53:05.169">
<gc-op id="1172" type="trace" timems="340.526" contextid="1156" timestamp="2022-02-08T18:53:05.169">
  <trace bytesTraced="74428224" workStackOverflowCount="0" />
  <card-cleaning reason="card cleaning threshold reached" bytesTraced="904" cardsCleaned="2" />
</gc-op>
</concurrent-end>

<exclusive-start id="1173" timestamp="2022-02-08T18:53:05.169" intervalms="194.352">
  <response-info timems="0.017" idlems="0.017" threads="0" lastid="0000000000016F00" lastname="main" />
</exclusive-start>
<concurrent-global-final id="1174" timestamp="2022-02-08T18:53:05.169" contextid="1156" intervalms="3068.630" >
  <concurrent-trace-info reason="card cleaning threshold reached" tracedByMutators="58246472" tracedByHelpers="16182656" cardsCleaned="2" workStackOverflowCount="0" />
</concurrent-global-final>
<gc-start id="1175" type="global" contextid="1156" timestamp="2022-02-08T18:53:05.169">
  <mem-info id="1176" free="136599344" total="1073741824" percent="12">
    <mem type="nursery" free="97360808" total="268435456" percent="36">
      <mem type="allocate" free="97360808" total="182910976" percent="53" />
      <mem type="survivor" free="0" total="85524480" percent="0" />
    </mem>
    <mem type="tenure" free="39238536" total="805306368" percent="4">
      <mem type="soa" free="31184776" total="797252608" percent="3" />
      <mem type="loa" free="8053760" total="8053760" percent="100" />
    </mem>
    <remembered-set count="102" />
  </mem-info>
</gc-start>
<allocation-stats totalBytes="7435584" >
  <allocated-bytes non-tlh="208" tlh="7435376" />
  <largest-consumer threadName="main" threadId="0000000000016F00" bytes="7435584" />
</allocation-stats>
<gc-op id="1177" type="rs-scan" timems="0.639" contextid="1156" timestamp="2022-02-08T18:53:05.170">
  <scan objectsFound="29" bytesTraced="5268" workStackOverflowCount="0" />
</gc-op>
<gc-op id="1178" type="card-cleaning" timems="145.858" contextid="1156" timestamp="2022-02-08T18:53:05.316">
  <card-cleaning cardsCleaned="9" bytesTraced="71010608" workStackOverflowCount="0" />
</gc-op>
<gc-op id="1179" type="mark" timems="55.448" contextid="1156" timestamp="2022-02-08T18:53:05.371">
  <trace-info objectcount="2075563" scancount="1558200" scanbytes="33309288" />
  <finalization candidates="428" enqueued="57" />
  <ownableSynchronizers candidates="1" cleared="0" />
  <references type="soft" candidates="894" cleared="0" enqueued="0" dynamicThreshold="10" maxThreshold="32" />
  <references type="weak" candidates="1701" cleared="0" enqueued="0" />
  <references type="phantom" candidates="52" cleared="2" enqueued="2" />
  <stringconstants candidates="6470" cleared="0"  />
  <object-monitors candidates="2" cleared="0"  />
</gc-op>
<gc-op id="1180" type="sweep" timems="5.089" contextid="1156" timestamp="2022-02-08T18:53:05.376" />
<gc-end id="1181" type="global" contextid="1156" durationms="207.240" usertimems="232.710" systemtimems="0.000" stalltimems="155.643" timestamp="2022-02-08T18:53:05.376" activeThreads="4">
  <mem-info id="1182" free="379868296" total="1073741824" percent="35">
    <mem type="nursery" free="97744856" total="268435456" percent="36">
      <mem type="allocate" free="97744856" total="182910976" percent="53" />
      <mem type="survivor" free="0" total="85524480" percent="0" />
    </mem>
    <mem type="tenure" free="282123440" total="805306368" percent="35" micro-fragmented="340483" macro-fragmented="0">
      <mem type="soa" free="274069680" total="797252608" percent="34" />
      <mem type="loa" free="8053760" total="8053760" percent="100" />
    </mem>
    <pending-finalizers system="57" default="0" reference="2" classloader="0" />
    <remembered-set count="102" />
  </mem-info>
</gc-end>
<cycle-end id="1183" type="global" contextid="1156" timestamp="2022-02-08T18:53:05.377" />
<exclusive-end id="1184" timestamp="2022-02-08T18:53:05.377" durationms="207.436" />

<exclusive-start id="1185" timestamp="2022-02-08T18:53:06.004" intervalms="834.882">
  <response-info timems="0.019" idlems="0.019" threads="0" lastid="0000000000016F00" lastname="main" />
</exclusive-start>
<af-start id="1186" threadId="0000000000017908" totalBytesRequested="56" timestamp="2022-02-08T18:53:06.004" intervalms="1029.236" type="nursery" />
<cycle-start id="1187" type="scavenge" contextid="0" timestamp="2022-02-08T18:53:06.004" intervalms="1029.234" />
<gc-start id="1188" type="scavenge" contextid="1187" timestamp="2022-02-08T18:53:06.004">
  <mem-info id="1189" free="282123440" total="1073741824" percent="26">
    <mem type="nursery" free="0" total="268435456" percent="0">
      <mem type="allocate" free="0" total="182910976" percent="0" />
      <mem type="survivor" free="0" total="85524480" percent="0" />
    </mem>
    <mem type="tenure" free="282123440" total="805306368" percent="35">
      <mem type="soa" free="274069680" total="797252608" percent="34" />
      <mem type="loa" free="8053760" total="8053760" percent="100" />
    </mem>
    <remembered-set count="105" />
  </mem-info>
</gc-start>
<allocation-stats totalBytes="97702744" >
  <allocated-bytes non-tlh="0" tlh="97702744" />
  <largest-consumer threadName="main" threadId="0000000000016F00" bytes="97698648" />
</allocation-stats>
<gc-op id="1190" type="scavenge" timems="73.564" contextid="1187" timestamp="2022-02-08T18:53:06.078">
  <scavenger-info tenureage="1" tenuremask="7ffe" tiltratio="68" />
  <memory-copied type="nursery" objects="1316574" bytes="74652912" bytesdiscarded="133408" />
  <memory-copied type="tenure" objects="1384193" bytes="77819832" bytesdiscarded="42136" />
  <finalization candidates="1" enqueued="0" />
  <ownableSynchronizers candidates="2" cleared="2" />
  <object-monitors candidates="2" cleared="0"  />
</gc-op>
<gc-end id="1191" type="scavenge" contextid="1187" durationms="73.761" usertimems="291.591" systemtimems="0.000" stalltimems="1.796" timestamp="2022-02-08T18:53:06.078" activeThreads="4">
  <mem-info id="1192" free="312534296" total="1073741824" percent="29">
    <mem type="nursery" free="108386800" total="268435456" percent="40">
      <mem type="allocate" free="108386800" total="183173120" percent="59" />
      <mem type="survivor" free="0" total="85262336" percent="0" />
    </mem>
    <mem type="tenure" free="204147496" total="805306368" percent="25" macro-fragmented="0">
      <mem type="soa" free="196093736" total="797252608" percent="24" />
      <mem type="loa" free="8053760" total="8053760" percent="100" />
    </mem>
    <remembered-set count="105" />
  </mem-info>
</gc-end>
<cycle-end id="1193" type="scavenge" contextid="1187" timestamp="2022-02-08T18:53:06.078" />
<allocation-satisfied id="1194" threadId="0000000000016F00" bytesRequested="56" />
<af-end id="1195" timestamp="2022-02-08T18:53:06.078" threadId="0000000000017908" success="true" from="nursery"/>
<exclusive-end id="1196" timestamp="2022-02-08T18:53:06.078" durationms="74.015" />

<exclusive-start id="1197" timestamp="2022-02-08T18:53:06.976" intervalms="972.005">
  <response-info timems="0.017" idlems="0.017" threads="0" lastid="0000000000016F00" lastname="main" />
</exclusive-start>
<af-start id="1198" threadId="0000000000017908" totalBytesRequested="192" timestamp="2022-02-08T18:53:06.976" intervalms="972.005" type="nursery" />
<cycle-start id="1199" type="scavenge" contextid="0" timestamp="2022-02-08T18:53:06.976" intervalms="972.006" />
<gc-start id="1200" type="scavenge" contextid="1199" timestamp="2022-02-08T18:53:06.976">
  <mem-info id="1201" free="204147496" total="1073741824" percent="19">
    <mem type="nursery" free="0" total="268435456" percent="0">
      <mem type="allocate" free="0" total="183173120" percent="0" />
      <mem type="survivor" free="0" total="85262336" percent="0" />
    </mem>
    <mem type="tenure" free="204147496" total="805306368" percent="25">
      <mem type="soa" free="196093736" total="797252608" percent="24" />
      <mem type="loa" free="8053760" total="8053760" percent="100" />
    </mem>
    <remembered-set count="136" />
  </mem-info>
</gc-start>
<allocation-stats totalBytes="108340680" >
  <allocated-bytes non-tlh="1590624" tlh="106750056" />
  <largest-consumer threadName="main" threadId="0000000000016F00" bytes="108340680" />
</allocation-stats>
<gc-op id="1202" type="scavenge" timems="77.078" contextid="1199" timestamp="2022-02-08T18:53:07.053">
  <scavenger-info tenureage="1" tenuremask="7ffe" tiltratio="68" />
  <memory-copied type="nursery" objects="1490484" bytes="76294360" bytesdiscarded="117624" />
  <memory-copied type="tenure" objects="1316574" bytes="74652912" bytesdiscarded="38736" />
  <finalization candidates="109" enqueued="53" />
  <references type="soft" candidates="14" cleared="0" enqueued="0" dynamicThreshold="11" maxThreshold="32" />
  <references type="weak" candidates="1" cleared="0" enqueued="0" />
  <references type="phantom" candidates="94" cleared="7" enqueued="7" />
  <object-monitors candidates="2" cleared="0"  />
</gc-op>
<gc-end id="1203" type="scavenge" contextid="1199" durationms="77.304" usertimems="301.181" systemtimems="0.000" stalltimems="4.161" timestamp="2022-02-08T18:53:07.053" activeThreads="4">
  <mem-info id="1204" free="236336176" total="1073741824" percent="22">
    <mem type="nursery" free="106957616" total="268435456" percent="39">
      <mem type="allocate" free="106957616" total="183369728" percent="58" />
      <mem type="survivor" free="0" total="85065728" percent="0" />
    </mem>
    <mem type="tenure" free="129378560" total="805306368" percent="16" macro-fragmented="0">
      <mem type="soa" free="121324800" total="797252608" percent="15" />
      <mem type="loa" free="8053760" total="8053760" percent="100" />
    </mem>
    <pending-finalizers system="52" default="1" reference="7" classloader="0" />
    <remembered-set count="132" />
  </mem-info>
</gc-end>
<cycle-end id="1205" type="scavenge" contextid="1199" timestamp="2022-02-08T18:53:07.054" />
<allocation-satisfied id="1206" threadId="0000000000016F00" bytesRequested="192" />
<af-end id="1207" timestamp="2022-02-08T18:53:07.054" threadId="0000000000017908" success="true" from="nursery"/>
<exclusive-end id="1208" timestamp="2022-02-08T18:53:07.054" durationms="77.622" />

<concurrent-kickoff id="1209" timestamp="2022-02-08T18:53:07.736">
  <kickoff reason="threshold reached" targetBytes="77220170" thresholdFreeBytes="6210379"  remainingFree="6097712" tenureFreeBytes="129378560" nurseryFreeBytes="6097712" />
</concurrent-kickoff>
<exclusive-start id="1210" timestamp="2022-02-08T18:53:07.739" intervalms="762.777">
  <response-info timems="0.021" idlems="0.021" threads="0" lastid="0000000000016F00" lastname="main" />
</exclusive-start>
<cycle-start id="1211" type="global" contextid="0" timestamp="2022-02-08T18:53:07.739" intervalms="2910.269" />
<concurrent-start id="1212" type="global mark" contextid="1211" timestamp="2022-02-08T18:53:07.739">
</concurrent-start>
<exclusive-end id="1213" timestamp="2022-02-08T18:53:07.739" durationms="0.029" />

<exclusive-start id="1214" timestamp="2022-02-08T18:53:07.878" intervalms="139.603">
  <response-info timems="0.029" idlems="0.029" threads="0" lastid="0000000000016F00" lastname="main" />
</exclusive-start>
<af-start id="1215" threadId="0000000000017908" totalBytesRequested="200" timestamp="2022-02-08T18:53:07.878" intervalms="902.380" type="nursery" />
<cycle-start id="1216" type="scavenge" contextid="0" timestamp="2022-02-08T18:53:07.878" intervalms="902.381" />
<gc-start id="1217" type="scavenge" contextid="1216" timestamp="2022-02-08T18:53:07.878">
  <mem-info id="1218" free="129378560" total="1073741824" percent="12">
    <mem type="nursery" free="0" total="268435456" percent="0">
      <mem type="allocate" free="0" total="183369728" percent="0" />
      <mem type="survivor" free="0" total="85065728" percent="0" />
    </mem>
    <mem type="tenure" free="129378560" total="805306368" percent="16">
      <mem type="soa" free="121324800" total="797252608" percent="15" />
      <mem type="loa" free="8053760" total="8053760" percent="100" />
    </mem>
    <remembered-set count="133" />
  </mem-info>
</gc-start>
<allocation-stats totalBytes="106906608" >
  <allocated-bytes non-tlh="1347872" tlh="105558736" />
  <largest-consumer threadName="main" threadId="0000000000016F00" bytes="106898416" />
</allocation-stats>
<gc-op id="1219" type="scavenge" timems="90.242" contextid="1216" timestamp="2022-02-08T18:53:07.969">
  <scavenger-info tenureage="1" tenuremask="7ffe" tiltratio="68" />
  <memory-copied type="nursery" objects="1336850" bytes="76509624" bytesdiscarded="194264" />
  <memory-copied type="tenure" objects="1489764" bytes="75351088" bytesdiscarded="36808" />
  <finalization candidates="57" enqueued="0" />
  <references type="phantom" candidates="1" cleared="0" enqueued="0" />
  <object-monitors candidates="2" cleared="0"  />
</gc-op>
<gc-end id="1220" type="scavenge" contextid="1216" durationms="90.413" usertimems="357.131" systemtimems="0.146" stalltimems="2.508" timestamp="2022-02-08T18:53:07.969" activeThreads="4">
  <mem-info id="1221" free="161122480" total="1073741824" percent="15">
    <mem type="nursery" free="107124592" total="268435456" percent="39">
      <mem type="allocate" free="107124592" total="183828480" percent="58" />
      <mem type="survivor" free="0" total="84606976" percent="0" />
    </mem>
    <mem type="tenure" free="53997888" total="805306368" percent="6" macro-fragmented="33282812">
      <mem type="soa" free="45944128" total="797252608" percent="5" />
      <mem type="loa" free="8053760" total="8053760" percent="100" />
    </mem>
    <remembered-set count="102" />
  </mem-info>
</gc-end>
<cycle-end id="1222" type="scavenge" contextid="1216" timestamp="2022-02-08T18:53:07.969" />
<allocation-satisfied id="1223" threadId="0000000000016F00" bytesRequested="200" />
<af-end id="1224" timestamp="2022-02-08T18:53:07.969" threadId="0000000000017908" success="true" from="nursery"/>
<exclusive-end id="1225" timestamp="2022-02-08T18:53:07.969" durationms="90.674" />

<concurrent-end id="1226" type="global mark" contextid="1211" timestamp="2022-02-08T18:53:08.083">
<gc-op id="1227" type="trace" timems="344.335" contextid="1211" timestamp="2022-02-08T18:53:08.083">
  <trace bytesTraced="74428432" workStackOverflowCount="0" />
  <card-cleaning reason="card cleaning threshold reached" bytesTraced="904" cardsCleaned="2" />
</gc-op>
</concurrent-end>

<exclusive-start id="1228" timestamp="2022-02-08T18:53:08.083" intervalms="204.865">
  <response-info timems="0.030" idlems="0.030" threads="0" lastid="0000000000016F00" lastname="main" />
</exclusive-start>
<concurrent-global-final id="1229" timestamp="2022-02-08T18:53:08.083" contextid="1211" intervalms="2914.135" >
  <concurrent-trace-info reason="card cleaning threshold reached" tracedByMutators="60192644" tracedByHelpers="14236692" cardsCleaned="2" workStackOverflowCount="0" />
</concurrent-global-final>
<gc-start id="1230" type="global" contextid="1211" timestamp="2022-02-08T18:53:08.083">
  <mem-info id="1231" free="153815016" total="1073741824" percent="14">
    <mem type="nursery" free="99817128" total="268435456" percent="37">
      <mem type="allocate" free="99817128" total="183828480" percent="54" />
      <mem type="survivor" free="0" total="84606976" percent="0" />
    </mem>
    <mem type="tenure" free="53997888" total="805306368" percent="6">
      <mem type="soa" free="45944128" total="797252608" percent="5" />
      <mem type="loa" free="8053760" total="8053760" percent="100" />
    </mem>
    <remembered-set count="102" />
  </mem-info>
</gc-start>
<allocation-stats totalBytes="7304184" >
  <allocated-bytes non-tlh="200" tlh="7303984" />
  <largest-consumer threadName="main" threadId="0000000000016F00" bytes="7304184" />
</allocation-stats>
<gc-op id="1232" type="rs-scan" timems="0.578" contextid="1211" timestamp="2022-02-08T18:53:08.084">
  <scan objectsFound="29" bytesTraced="5268" workStackOverflowCount="0" />
</gc-op>
<gc-op id="1233" type="card-cleaning" timems="146.301" contextid="1211" timestamp="2022-02-08T18:53:08.230">
  <card-cleaning cardsCleaned="9" bytesTraced="71010608" workStackOverflowCount="0" />
</gc-op>
<gc-op id="1234" type="mark" timems="49.473" contextid="1211" timestamp="2022-02-08T18:53:08.280">
  <trace-info objectcount="1790878" scancount="1344686" scanbytes="28754344" />
  <finalization candidates="428" enqueued="57" />
  <ownableSynchronizers candidates="1" cleared="0" />
  <references type="soft" candidates="894" cleared="0" enqueued="0" dynamicThreshold="11" maxThreshold="32" />
  <references type="weak" candidates="1701" cleared="0" enqueued="0" />
  <references type="phantom" candidates="52" cleared="2" enqueued="2" />
  <stringconstants candidates="6470" cleared="0"  />
  <object-monitors candidates="2" cleared="0"  />
</gc-op>
<gc-op id="1235" type="sweep" timems="4.762" contextid="1211" timestamp="2022-02-08T18:53:08.285" />
<gc-end id="1236" type="global" contextid="1211" durationms="201.310" usertimems="215.828" systemtimems="0.194" stalltimems="147.555" timestamp="2022-02-08T18:53:08.285" activeThreads="4">
  <mem-info id="1237" free="397017632" total="1073741824" percent="36">
    <mem type="nursery" free="100104944" total="268435456" percent="37">
      <mem type="allocate" free="100104944" total="183828480" percent="54" />
      <mem type="survivor" free="0" total="84606976" percent="0" />
    </mem>
    <mem type="tenure" free="296912688" total="805306368" percent="36" micro-fragmented="367985" macro-fragmented="0">
      <mem type="soa" free="288858928" total="797252608" percent="36" />
      <mem type="loa" free="8053760" total="8053760" percent="100" />
    </mem>
    <pending-finalizers system="57" default="0" reference="2" classloader="0" />
    <remembered-set count="102" />
  </mem-info>
</gc-end>
<cycle-end id="1238" type="global" contextid="1211" timestamp="2022-02-08T18:53:08.285" />
<exclusive-end id="1239" timestamp="2022-02-08T18:53:08.285" durationms="201.509" />

<exclusive-start id="1240" timestamp="2022-02-08T18:53:08.957" intervalms="873.676">
  <response-info timems="0.018" idlems="0.018" threads="0" lastid="0000000000016F00" lastname="main" />
</exclusive-start>
<af-start id="1241" threadId="0000000000017908" totalBytesRequested="24" timestamp="2022-02-08T18:53:08.957" intervalms="1078.541" type="nursery" />
<cycle-start id="1242" type="scavenge" contextid="0" timestamp="2022-02-08T18:53:08.957" intervalms="1078.540" />
<gc-start id="1243" type="scavenge" contextid="1242" timestamp="2022-02-08T18:53:08.957">
  <mem-info id="1244" free="296912688" total="1073741824" percent="27">
    <mem type="nursery" free="0" total="268435456" percent="0">
      <mem type="allocate" free="0" total="183828480" percent="0" />
      <mem type="survivor" free="0" total="84606976" percent="0" />
    </mem>
    <mem type="tenure" free="296912688" total="805306368" percent="36">
      <mem type="soa" free="288858928" total="797252608" percent="36" />
      <mem type="loa" free="8053760" total="8053760" percent="100" />
    </mem>
    <remembered-set count="105" />
  </mem-info>
</gc-start>
<allocation-stats totalBytes="100057048" >
  <allocated-bytes non-tlh="0" tlh="100057048" />
  <largest-consumer threadName="main" threadId="0000000000016F00" bytes="100052952" />
</allocation-stats>
<gc-op id="1245" type="scavenge" timems="91.379" contextid="1242" timestamp="2022-02-08T18:53:09.048">
  <scavenger-info tenureage="1" tenuremask="7ffe" tiltratio="68" />
  <memory-copied type="nursery" objects="1354787" bytes="76264112" bytesdiscarded="196448" />
  <memory-copied type="tenure" objects="1336849" bytes="76509512" bytesdiscarded="43072" />
  <finalization candidates="1" enqueued="0" />
  <ownableSynchronizers candidates="2" cleared="2" />
  <object-monitors candidates="2" cleared="0"  />
</gc-op>
<gc-end id="1246" type="scavenge" contextid="1242" durationms="91.576" usertimems="335.734" systemtimems="0.000" stalltimems="28.771" timestamp="2022-02-08T18:53:09.049" activeThreads="4">
  <mem-info id="1247" free="327912128" total="1073741824" percent="30">
    <mem type="nursery" free="107761136" total="268435456" percent="40">
      <mem type="allocate" free="107761136" total="184221696" percent="58" />
      <mem type="survivor" free="0" total="84213760" percent="0" />
    </mem>
    <mem type="tenure" free="220150992" total="805306368" percent="27" macro-fragmented="0">
      <mem type="soa" free="212097232" total="797252608" percent="26" />
      <mem type="loa" free="8053760" total="8053760" percent="100" />
    </mem>
    <remembered-set count="105" />
  </mem-info>
</gc-end>
<cycle-end id="1248" type="scavenge" contextid="1242" timestamp="2022-02-08T18:53:09.049" />
<allocation-satisfied id="1249" threadId="0000000000016F00" bytesRequested="24" />
<af-end id="1250" timestamp="2022-02-08T18:53:09.049" threadId="0000000000017908" success="true" from="nursery"/>
<exclusive-end id="1251" timestamp="2022-02-08T18:53:09.049" durationms="91.859" />

<exclusive-start id="1252" timestamp="2022-02-08T18:53:09.946" intervalms="989.136">
  <response-info timems="0.087" idlems="0.087" threads="0" lastid="0000000000016F00" lastname="main" />
</exclusive-start>
<af-start id="1253" threadId="0000000000017908" totalBytesRequested="56" timestamp="2022-02-08T18:53:09.946" intervalms="989.159" type="nursery" />
<cycle-start id="1254" type="scavenge" contextid="0" timestamp="2022-02-08T18:53:09.946" intervalms="989.162" />
<gc-start id="1255" type="scavenge" contextid="1254" timestamp="2022-02-08T18:53:09.946">
  <mem-info id="1256" free="220150992" total="1073741824" percent="20">
    <mem type="nursery" free="0" total="268435456" percent="0">
      <mem type="allocate" free="0" total="184221696" percent="0" />
      <mem type="survivor" free="0" total="84213760" percent="0" />
    </mem>
    <mem type="tenure" free="220150992" total="805306368" percent="27">
      <mem type="soa" free="212097232" total="797252608" percent="26" />
      <mem type="loa" free="8053760" total="8053760" percent="100" />
    </mem>
    <remembered-set count="136" />
  </mem-info>
</gc-start>
<allocation-stats totalBytes="107712584" >
  <allocated-bytes non-tlh="945752" tlh="106766832" />
  <largest-consumer threadName="main" threadId="0000000000016F00" bytes="107712584" />
</allocation-stats>
<gc-op id="1257" type="scavenge" timems="107.198" contextid="1254" timestamp="2022-02-08T18:53:10.053">
  <scavenger-info tenureage="1" tenuremask="7ffe" tiltratio="68" />
  <memory-copied type="nursery" objects="1466570" bytes="75984472" bytesdiscarded="77752" />
  <memory-copied type="tenure" objects="1354787" bytes="76264112" bytesdiscarded="40464" />
  <finalization candidates="92" enqueued="51" />
  <references type="soft" candidates="14" cleared="0" enqueued="0" dynamicThreshold="11" maxThreshold="32" />
  <references type="weak" candidates="1" cleared="0" enqueued="0" />
  <references type="phantom" candidates="77" cleared="7" enqueued="7" />
  <object-monitors candidates="2" cleared="0"  />
</gc-op>
<gc-end id="1258" type="scavenge" contextid="1254" durationms="107.438" usertimems="411.445" systemtimems="1.566" stalltimems="2.169" timestamp="2022-02-08T18:53:10.054" activeThreads="4">
  <mem-info id="1259" free="252306640" total="1073741824" percent="23">
    <mem type="nursery" free="108487024" total="268435456" percent="40">
      <mem type="allocate" free="108487024" total="184549376" percent="58" />
      <mem type="survivor" free="0" total="83886080" percent="0" />
    </mem>
    <mem type="tenure" free="143819616" total="805306368" percent="17" macro-fragmented="39939376">
      <mem type="soa" free="135765856" total="797252608" percent="17" />
      <mem type="loa" free="8053760" total="8053760" percent="100" />
    </mem>
    <pending-finalizers system="50" default="1" reference="7" classloader="0" />
    <remembered-set count="131" />
  </mem-info>
</gc-end>
<cycle-end id="1260" type="scavenge" contextid="1254" timestamp="2022-02-08T18:53:10.054" />
<allocation-satisfied id="1261" threadId="0000000000016F00" bytesRequested="56" />
<af-end id="1262" timestamp="2022-02-08T18:53:10.054" threadId="0000000000017908" success="true" from="nursery"/>
<exclusive-end id="1263" timestamp="2022-02-08T18:53:10.054" durationms="107.783" />

<concurrent-kickoff id="1264" timestamp="2022-02-08T18:53:10.816">
  <kickoff reason="threshold reached" targetBytes="76660457" thresholdFreeBytes="6117599"  remainingFree="6027760" tenureFreeBytes="143819616" nurseryFreeBytes="6027760" />
</concurrent-kickoff>
<exclusive-start id="1265" timestamp="2022-02-08T18:53:10.819" intervalms="873.004">
  <response-info timems="0.026" idlems="0.026" threads="0" lastid="0000000000016F00" lastname="main" />
</exclusive-start>
<cycle-start id="1266" type="global" contextid="0" timestamp="2022-02-08T18:53:10.819" intervalms="3080.289" />
<concurrent-start id="1267" type="global mark" contextid="1266" timestamp="2022-02-08T18:53:10.819">
</concurrent-start>
<exclusive-end id="1268" timestamp="2022-02-08T18:53:10.819" durationms="0.037" />

<exclusive-start id="1269" timestamp="2022-02-08T18:53:10.996" intervalms="177.411">
  <response-info timems="0.019" idlems="0.019" threads="0" lastid="0000000000016F00" lastname="main" />
</exclusive-start>
<af-start id="1270" threadId="0000000000017908" totalBytesRequested="104" timestamp="2022-02-08T18:53:10.997" intervalms="1050.395" type="nursery" />
<cycle-start id="1271" type="scavenge" contextid="0" timestamp="2022-02-08T18:53:10.997" intervalms="1050.394" />
<gc-start id="1272" type="scavenge" contextid="1271" timestamp="2022-02-08T18:53:10.997">
  <mem-info id="1273" free="143819616" total="1073741824" percent="13">
    <mem type="nursery" free="0" total="268435456" percent="0">
      <mem type="allocate" free="0" total="184549376" percent="0" />
      <mem type="survivor" free="0" total="83886080" percent="0" />
    </mem>
    <mem type="tenure" free="143819616" total="805306368" percent="17">
      <mem type="soa" free="135765856" total="797252608" percent="17" />
      <mem type="loa" free="8053760" total="8053760" percent="100" />
    </mem>
    <remembered-set count="132" />
  </mem-info>
</gc-start>
<allocation-stats totalBytes="108436904" >
  <allocated-bytes non-tlh="1992576" tlh="106444328" />
  <largest-consumer threadName="main" threadId="0000000000016F00" bytes="108428712" />
</allocation-stats>
<gc-op id="1274" type="scavenge" timems="97.435" contextid="1271" timestamp="2022-02-08T18:53:11.094">
  <scavenger-info tenureage="1" tenuremask="7ffe" tiltratio="68" />
  <memory-copied type="nursery" objects="1373586" bytes="77086784" bytesdiscarded="248704" />
  <memory-copied type="tenure" objects="1465870" bytes="75434200" bytesdiscarded="38232" />
  <finalization candidates="59" enqueued="2" />
  <references type="phantom" candidates="18" cleared="0" enqueued="0" />
  <object-monitors candidates="2" cleared="0"  />
</gc-op>
<gc-end id="1275" type="scavenge" contextid="1271" durationms="97.726" usertimems="385.265" systemtimems="0.085" stalltimems="3.209" timestamp="2022-02-08T18:53:11.094" activeThreads="4">
  <mem-info id="1276" free="175174920" total="1073741824" percent="16">
    <mem type="nursery" free="106755136" total="268435456" percent="39">
      <mem type="allocate" free="106755136" total="184090624" percent="57" />
      <mem type="survivor" free="0" total="84344832" percent="0" />
    </mem>
    <mem type="tenure" free="68419784" total="805306368" percent="8" macro-fragmented="33282812">
      <mem type="soa" free="60366024" total="797252608" percent="7" />
      <mem type="loa" free="8053760" total="8053760" percent="100" />
    </mem>
    <pending-finalizers system="2" default="0" reference="0" classloader="0" />
    <remembered-set count="108" />
  </mem-info>
</gc-end>
<cycle-end id="1277" type="scavenge" contextid="1271" timestamp="2022-02-08T18:53:11.095" />
<allocation-satisfied id="1278" threadId="0000000000016F00" bytesRequested="104" />
<af-end id="1279" timestamp="2022-02-08T18:53:11.095" threadId="0000000000017908" success="true" from="nursery"/>
<exclusive-end id="1280" timestamp="2022-02-08T18:53:11.095" durationms="98.290" />

<concurrent-end id="1281" type="global mark" contextid="1266" timestamp="2022-02-08T18:53:11.257">
<gc-op id="1282" type="trace" timems="437.868" contextid="1266" timestamp="2022-02-08T18:53:11.257">
  <trace bytesTraced="74428704" workStackOverflowCount="0" />
  <card-cleaning reason="card cleaning threshold reached" bytesTraced="904" cardsCleaned="2" />
</gc-op>
</concurrent-end>

<exclusive-start id="1283" timestamp="2022-02-08T18:53:11.257" intervalms="260.568">
  <response-info timems="0.046" idlems="0.046" threads="0" lastid="0000000000016F00" lastname="main" />
</exclusive-start>
<concurrent-global-final id="1284" timestamp="2022-02-08T18:53:11.257" contextid="1266" intervalms="3173.807" >
  <concurrent-trace-info reason="card cleaning threshold reached" tracedByMutators="53930628" tracedByHelpers="20498980" cardsCleaned="2" workStackOverflowCount="0" />
</concurrent-global-final>
<gc-start id="1285" type="global" contextid="1266" timestamp="2022-02-08T18:53:11.257">
  <mem-info id="1286" free="165373088" total="1073741824" percent="15">
    <mem type="nursery" free="96953304" total="268435456" percent="36">
      <mem type="allocate" free="96953304" total="184090624" percent="52" />
      <mem type="survivor" free="0" total="84344832" percent="0" />
    </mem>
    <mem type="tenure" free="68419784" total="805306368" percent="8">
      <mem type="soa" free="60366024" total="797252608" percent="7" />
      <mem type="loa" free="8053760" total="8053760" percent="100" />
    </mem>
    <remembered-set count="108" />
  </mem-info>
</gc-start>
<allocation-stats totalBytes="9796496" >
  <allocated-bytes non-tlh="104" tlh="9796392" />
  <largest-consumer threadName="main" threadId="0000000000016F00" bytes="9792400" />
</allocation-stats>
<gc-op id="1287" type="rs-scan" timems="0.665" contextid="1266" timestamp="2022-02-08T18:53:11.258">
  <scan objectsFound="29" bytesTraced="5332" workStackOverflowCount="0" />
</gc-op>
<gc-op id="1288" type="card-cleaning" timems="166.116" contextid="1266" timestamp="2022-02-08T18:53:11.424">
  <card-cleaning cardsCleaned="10" bytesTraced="71010736" workStackOverflowCount="0" />
</gc-op>
<gc-op id="1289" type="mark" timems="43.234" contextid="1266" timestamp="2022-02-08T18:53:11.467">
  <trace-info objectcount="1583311" scancount="1189010" scanbytes="25433256" />
  <finalization candidates="428" enqueued="57" />
  <ownableSynchronizers candidates="1" cleared="0" />
  <references type="soft" candidates="894" cleared="0" enqueued="0" dynamicThreshold="11" maxThreshold="32" />
  <references type="weak" candidates="1701" cleared="0" enqueued="0" />
  <references type="phantom" candidates="52" cleared="2" enqueued="2" />
  <stringconstants candidates="6470" cleared="0"  />
  <object-monitors candidates="2" cleared="0"  />
</gc-op>
<gc-op id="1290" type="sweep" timems="4.854" contextid="1266" timestamp="2022-02-08T18:53:11.472" />
<gc-end id="1291" type="global" contextid="1266" durationms="215.099" usertimems="230.048" systemtimems="0.000" stalltimems="129.716" timestamp="2022-02-08T18:53:11.472" activeThreads="4">
  <mem-info id="1292" free="408618864" total="1073741824" percent="38">
    <mem type="nursery" free="97312552" total="268435456" percent="36">
      <mem type="allocate" free="97312552" total="184090624" percent="52" />
      <mem type="survivor" free="0" total="84344832" percent="0" />
    </mem>
    <mem type="tenure" free="311306312" total="805306368" percent="38" micro-fragmented="368812" macro-fragmented="0">
      <mem type="soa" free="303252552" total="797252608" percent="38" />
      <mem type="loa" free="8053760" total="8053760" percent="100" />
    </mem>
    <pending-finalizers system="57" default="0" reference="2" classloader="0" />
    <remembered-set count="108" />
  </mem-info>
</gc-end>
<cycle-end id="1293" type="global" contextid="1266" timestamp="2022-02-08T18:53:11.472" />
<exclusive-end id="1294" timestamp="2022-02-08T18:53:11.472" durationms="215.411" />

<exclusive-start id="1295" timestamp="2022-02-08T18:53:12.108" intervalms="851.251">
  <response-info timems="0.018" idlems="0.018" threads="0" lastid="0000000000016F00" lastname="main" />
</exclusive-start>
<af-start id="1296" threadId="0000000000017908" totalBytesRequested="192" timestamp="2022-02-08T18:53:12.108" intervalms="1111.817" type="nursery" />
<cycle-start id="1297" type="scavenge" contextid="0" timestamp="2022-02-08T18:53:12.108" intervalms="1111.815" />
<gc-start id="1298" type="scavenge" contextid="1297" timestamp="2022-02-08T18:53:12.108">
  <mem-info id="1299" free="311306312" total="1073741824" percent="28">
    <mem type="nursery" free="0" total="268435456" percent="0">
      <mem type="allocate" free="0" total="184090624" percent="0" />
      <mem type="survivor" free="0" total="84344832" percent="0" />
    </mem>
    <mem type="tenure" free="311306312" total="805306368" percent="38">
      <mem type="soa" free="303252552" total="797252608" percent="38" />
      <mem type="loa" free="8053760" total="8053760" percent="100" />
    </mem>
    <remembered-set count="111" />
  </mem-info>
</gc-start>
<allocation-stats totalBytes="97268984" >
  <allocated-bytes non-tlh="0" tlh="97268984" />
  <largest-consumer threadName="main" threadId="0000000000016F00" bytes="97264888" />
</allocation-stats>
<gc-op id="1300" type="scavenge" timems="82.845" contextid="1297" timestamp="2022-02-08T18:53:12.191">
  <scavenger-info tenureage="1" tenuremask="7ffe" tiltratio="68" />
  <memory-copied type="nursery" objects="1349119" bytes="76056480" bytesdiscarded="323424" />
  <memory-copied type="tenure" objects="1373562" bytes="77069584" bytesdiscarded="43160" />
  <finalization candidates="16" enqueued="0" />
  <ownableSynchronizers candidates="2" cleared="2" />
  <object-monitors candidates="2" cleared="0"  />
</gc-op>
<gc-end id="1301" type="scavenge" contextid="1297" durationms="83.049" usertimems="327.156" systemtimems="0.000" stalltimems="3.238" timestamp="2022-02-08T18:53:12.191" activeThreads="4">
  <mem-info id="1302" free="342013912" total="1073741824" percent="31">
    <mem type="nursery" free="107907328" total="268435456" percent="40">
      <mem type="allocate" free="107907328" total="184287232" percent="58" />
      <mem type="survivor" free="0" total="84148224" percent="0" />
    </mem>
    <mem type="tenure" free="234106584" total="805306368" percent="29" macro-fragmented="723458">
      <mem type="soa" free="226052824" total="797252608" percent="28" />
      <mem type="loa" free="8053760" total="8053760" percent="100" />
    </mem>
    <remembered-set count="105" />
  </mem-info>
</gc-end>
<cycle-end id="1303" type="scavenge" contextid="1297" timestamp="2022-02-08T18:53:12.192" />
<allocation-satisfied id="1304" threadId="0000000000016F00" bytesRequested="192" />
<af-end id="1305" timestamp="2022-02-08T18:53:12.192" threadId="0000000000017908" success="true" from="nursery"/>
<exclusive-end id="1306" timestamp="2022-02-08T18:53:12.192" durationms="83.303" />

<exclusive-start id="1307" timestamp="2022-02-08T18:53:12.886" intervalms="777.856">
  <response-info timems="0.017" idlems="0.017" threads="0" lastid="0000000000016F00" lastname="main" />
</exclusive-start>
<af-start id="1308" threadId="0000000000017908" totalBytesRequested="56" timestamp="2022-02-08T18:53:12.886" intervalms="777.851" type="nursery" />
<cycle-start id="1309" type="scavenge" contextid="0" timestamp="2022-02-08T18:53:12.886" intervalms="777.851" />
<gc-start id="1310" type="scavenge" contextid="1309" timestamp="2022-02-08T18:53:12.886">
  <mem-info id="1311" free="234106584" total="1073741824" percent="21">
    <mem type="nursery" free="0" total="268435456" percent="0">
      <mem type="allocate" free="0" total="184287232" percent="0" />
      <mem type="survivor" free="0" total="84148224" percent="0" />
    </mem>
    <mem type="tenure" free="234106584" total="805306368" percent="29">
      <mem type="soa" free="226052824" total="797252608" percent="28" />
      <mem type="loa" free="8053760" total="8053760" percent="100" />
    </mem>
    <remembered-set count="119" />
  </mem-info>
</gc-start>
<allocation-stats totalBytes="107857248" >
  <allocated-bytes non-tlh="192" tlh="107857056" />
  <largest-consumer threadName="main" threadId="0000000000016F00" bytes="107857248" />
</allocation-stats>
<gc-op id="1312" type="scavenge" timems="74.947" contextid="1309" timestamp="2022-02-08T18:53:12.961">
  <scavenger-info tenureage="1" tenuremask="7ffe" tiltratio="68" />
  <memory-copied type="nursery" objects="1359471" bytes="76681312" bytesdiscarded="227240" />
  <memory-copied type="tenure" objects="1349118" bytes="76056376" bytesdiscarded="40864" />
  <finalization candidates="27" enqueued="16" />
  <references type="phantom" candidates="27" cleared="0" enqueued="0" />
  <object-monitors candidates="2" cleared="0"  />
</gc-op>
<gc-end id="1313" type="scavenge" contextid="1309" durationms="75.145" usertimems="295.287" systemtimems="0.546" stalltimems="3.388" timestamp="2022-02-08T18:53:12.961" activeThreads="4">
  <mem-info id="1314" free="265353512" total="1073741824" percent="24">
    <mem type="nursery" free="107509752" total="268435456" percent="40">
      <mem type="allocate" free="107509752" total="184418304" percent="58" />
      <mem type="survivor" free="0" total="84017152" percent="0" />
    </mem>
    <mem type="tenure" free="157843760" total="805306368" percent="19" macro-fragmented="0">
      <mem type="soa" free="149790000" total="797252608" percent="18" />
      <mem type="loa" free="8053760" total="8053760" percent="100" />
    </mem>
    <pending-finalizers system="16" default="0" reference="0" classloader="0" />
    <remembered-set count="119" />
  </mem-info>
</gc-end>
<cycle-end id="1315" type="scavenge" contextid="1309" timestamp="2022-02-08T18:53:12.962" />
<allocation-satisfied id="1316" threadId="0000000000016F00" bytesRequested="56" />
<af-end id="1317" timestamp="2022-02-08T18:53:12.962" threadId="0000000000017908" success="true" from="nursery"/>
<exclusive-end id="1318" timestamp="2022-02-08T18:53:12.962" durationms="75.466" />

<concurrent-kickoff id="1319" timestamp="2022-02-08T18:53:13.839">
  <kickoff reason="threshold reached" targetBytes="76213204" thresholdFreeBytes="6072309"  remainingFree="6060024" tenureFreeBytes="157843760" nurseryFreeBytes="6060024" />
</concurrent-kickoff>
<exclusive-start id="1320" timestamp="2022-02-08T18:53:13.842" intervalms="955.890">
  <response-info timems="0.019" idlems="0.019" threads="0" lastid="0000000000016F00" lastname="main" />
</exclusive-start>
<cycle-start id="1321" type="global" contextid="0" timestamp="2022-02-08T18:53:13.842" intervalms="3022.970" />
<concurrent-start id="1322" type="global mark" contextid="1321" timestamp="2022-02-08T18:53:13.842">
</concurrent-start>
<exclusive-end id="1323" timestamp="2022-02-08T18:53:13.842" durationms="0.037" />

<exclusive-start id="1324" timestamp="2022-02-08T18:53:13.992" intervalms="150.079">
  <response-info timems="0.029" idlems="0.029" threads="0" lastid="0000000000016F00" lastname="main" />
</exclusive-start>
<af-start id="1325" threadId="0000000000017908" totalBytesRequested="184" timestamp="2022-02-08T18:53:13.992" intervalms="1105.973" type="nursery" />
<cycle-start id="1326" type="scavenge" contextid="0" timestamp="2022-02-08T18:53:13.992" intervalms="1105.974" />
<gc-start id="1327" type="scavenge" contextid="1326" timestamp="2022-02-08T18:53:13.992">
  <mem-info id="1328" free="157843760" total="1073741824" percent="14">
    <mem type="nursery" free="0" total="268435456" percent="0">
      <mem type="allocate" free="0" total="184418304" percent="0" />
      <mem type="survivor" free="0" total="84017152" percent="0" />
    </mem>
    <mem type="tenure" free="157843760" total="805306368" percent="19">
      <mem type="soa" free="149790000" total="797252608" percent="18" />
      <mem type="loa" free="8053760" total="8053760" percent="100" />
    </mem>
    <remembered-set count="136" />
  </mem-info>
</gc-start>
<allocation-stats totalBytes="107459904" >
  <allocated-bytes non-tlh="3008880" tlh="104451024" />
  <largest-consumer threadName="main" threadId="0000000000016F00" bytes="107455808" />
</allocation-stats>
<gc-op id="1329" type="scavenge" timems="81.111" contextid="1326" timestamp="2022-02-08T18:53:14.073">
  <scavenger-info tenureage="1" tenuremask="7ffe" tiltratio="68" />
  <memory-copied type="nursery" objects="1428248" bytes="75560128" bytesdiscarded="101704" />
  <memory-copied type="tenure" objects="1359201" bytes="76536416" bytesdiscarded="37952" />
  <finalization candidates="94" enqueued="37" />
  <references type="soft" candidates="14" cleared="0" enqueued="0" dynamicThreshold="12" maxThreshold="32" />
  <references type="weak" candidates="1" cleared="0" enqueued="0" />
  <references type="phantom" candidates="79" cleared="7" enqueued="7" />
  <object-monitors candidates="2" cleared="0"  />
</gc-op>
<gc-end id="1330" type="scavenge" contextid="1326" durationms="81.389" usertimems="319.967" systemtimems="0.011" stalltimems="3.687" timestamp="2022-02-08T18:53:14.074" activeThreads="4">
  <mem-info id="1331" free="190231848" total="1073741824" percent="17">
    <mem type="nursery" free="109018488" total="268435456" percent="40">
      <mem type="allocate" free="109018488" total="184680448" percent="59" />
      <mem type="survivor" free="0" total="83755008" percent="0" />
    </mem>
    <mem type="tenure" free="81213360" total="805306368" percent="10" macro-fragmented="0">
      <mem type="soa" free="73159600" total="797252608" percent="9" />
      <mem type="loa" free="8053760" total="8053760" percent="100" />
    </mem>
    <pending-finalizers system="36" default="1" reference="7" classloader="0" />
    <remembered-set count="124" />
  </mem-info>
</gc-end>
<cycle-end id="1332" type="scavenge" contextid="1326" timestamp="2022-02-08T18:53:14.074" />
<allocation-satisfied id="1333" threadId="0000000000016F00" bytesRequested="184" />
<af-end id="1334" timestamp="2022-02-08T18:53:14.074" threadId="0000000000017908" success="true" from="nursery"/>
<exclusive-end id="1335" timestamp="2022-02-08T18:53:14.074" durationms="81.671" />

<concurrent-end id="1336" type="global mark" contextid="1321" timestamp="2022-02-08T18:53:14.203">
<gc-op id="1337" type="trace" timems="361.369" contextid="1321" timestamp="2022-02-08T18:53:14.203">
  <trace bytesTraced="74428768" workStackOverflowCount="0" />
  <card-cleaning reason="card cleaning threshold reached" bytesTraced="904" cardsCleaned="2" />
</gc-op>
</concurrent-end>

<exclusive-start id="1338" timestamp="2022-02-08T18:53:14.203" intervalms="211.368">
  <response-info timems="0.016" idlems="0.016" threads="0" lastid="0000000000016F00" lastname="main" />
</exclusive-start>
<concurrent-global-final id="1339" timestamp="2022-02-08T18:53:14.204" contextid="1321" intervalms="2946.438" >
  <concurrent-trace-info reason="card cleaning threshold reached" tracedByMutators="60459156" tracedByHelpers="13970516" cardsCleaned="2" workStackOverflowCount="0" />
</concurrent-global-final>
<gc-start id="1340" type="global" contextid="1321" timestamp="2022-02-08T18:53:14.204">
  <mem-info id="1341" free="182916208" total="1073741824" percent="17">
    <mem type="nursery" free="101702848" total="268435456" percent="37">
      <mem type="allocate" free="101702848" total="184680448" percent="55" />
      <mem type="survivor" free="0" total="83755008" percent="0" />
    </mem>
    <mem type="tenure" free="81213360" total="805306368" percent="10">
      <mem type="soa" free="73159600" total="797252608" percent="9" />
      <mem type="loa" free="8053760" total="8053760" percent="100" />
    </mem>
    <remembered-set count="125" />
  </mem-info>
</gc-start>
<allocation-stats totalBytes="7311744" >
  <allocated-bytes non-tlh="184" tlh="7311560" />
  <largest-consumer threadName="main" threadId="0000000000016F00" bytes="7303552" />
</allocation-stats>
<gc-op id="1342" type="rs-scan" timems="136.242" contextid="1321" timestamp="2022-02-08T18:53:14.340">
  <scan objectsFound="3324744" bytesTraced="71013132" workStackOverflowCount="0" />
</gc-op>
<gc-op id="1343" type="card-cleaning" timems="0.307" contextid="1321" timestamp="2022-02-08T18:53:14.340">
  <card-cleaning cardsCleaned="4" bytesTraced="1884" workStackOverflowCount="0" />
</gc-op>
<gc-op id="1344" type="mark" timems="34.060" contextid="1321" timestamp="2022-02-08T18:53:14.374">
  <trace-info objectcount="1259956" scancount="946493" scanbytes="20259592" />
  <finalization candidates="428" enqueued="57" />
  <ownableSynchronizers candidates="1" cleared="0" />
  <references type="soft" candidates="894" cleared="0" enqueued="0" dynamicThreshold="12" maxThreshold="32" />
  <references type="weak" candidates="1701" cleared="0" enqueued="0" />
  <references type="phantom" candidates="52" cleared="2" enqueued="2" />
  <stringconstants candidates="6470" cleared="0"  />
  <object-monitors candidates="2" cleared="0"  />
</gc-op>
<gc-op id="1345" type="sweep" timems="4.749" contextid="1321" timestamp="2022-02-08T18:53:14.379" />
<gc-end id="1346" type="global" contextid="1321" durationms="175.574" usertimems="190.197" systemtimems="0.000" stalltimems="101.973" timestamp="2022-02-08T18:53:14.379" activeThreads="4">
  <mem-info id="1347" free="426496928" total="1073741824" percent="39">
    <mem type="nursery" free="102237264" total="268435456" percent="38">
      <mem type="allocate" free="102237264" total="184680448" percent="55" />
      <mem type="survivor" free="0" total="83755008" percent="0" />
    </mem>
    <mem type="tenure" free="324259664" total="805306368" percent="40" micro-fragmented="331202" macro-fragmented="0">
      <mem type="soa" free="316205904" total="797252608" percent="39" />
      <mem type="loa" free="8053760" total="8053760" percent="100" />
    </mem>
    <pending-finalizers system="57" default="0" reference="2" classloader="0" />
    <remembered-set count="112" />
  </mem-info>
</gc-end>
<cycle-end id="1348" type="global" contextid="1321" timestamp="2022-02-08T18:53:14.379" />
<exclusive-end id="1349" timestamp="2022-02-08T18:53:14.379" durationms="175.815" />

<exclusive-start id="1350" timestamp="2022-02-08T18:53:15.113" intervalms="909.282">
  <response-info timems="0.018" idlems="0.018" threads="0" lastid="0000000000016F00" lastname="main" />
</exclusive-start>
<af-start id="1351" threadId="0000000000017908" totalBytesRequested="184" timestamp="2022-02-08T18:53:15.113" intervalms="1120.737" type="nursery" />
<cycle-start id="1352" type="scavenge" contextid="0" timestamp="2022-02-08T18:53:15.113" intervalms="1120.738" />
<gc-start id="1353" type="scavenge" contextid="1352" timestamp="2022-02-08T18:53:15.113">
  <mem-info id="1354" free="324259664" total="1073741824" percent="30">
    <mem type="nursery" free="0" total="268435456" percent="0">
      <mem type="allocate" free="0" total="184680448" percent="0" />
      <mem type="survivor" free="0" total="83755008" percent="0" />
    </mem>
    <mem type="tenure" free="324259664" total="805306368" percent="40">
      <mem type="soa" free="316205904" total="797252608" percent="39" />
      <mem type="loa" free="8053760" total="8053760" percent="100" />
    </mem>
    <remembered-set count="113" />
  </mem-info>
</gc-start>
<allocation-stats totalBytes="102191280" >
  <allocated-bytes non-tlh="0" tlh="102191280" />
  <largest-consumer threadName="main" threadId="0000000000016F00" bytes="102180784" />
</allocation-stats>
<gc-op id="1355" type="scavenge" timems="79.448" contextid="1352" timestamp="2022-02-08T18:53:15.193">
  <scavenger-info tenureage="1" tenuremask="7ffe" tiltratio="68" />
  <memory-copied type="nursery" objects="1411667" bytes="77894680" bytesdiscarded="285448" />
  <memory-copied type="tenure" objects="1427740" bytes="75230928" bytesdiscarded="41768" />
  <finalization candidates="46" enqueued="0" />
  <ownableSynchronizers candidates="2" cleared="2" />
  <object-monitors candidates="2" cleared="0"  />
</gc-op>
<gc-end id="1356" type="scavenge" contextid="1352" durationms="79.639" usertimems="313.338" systemtimems="0.000" stalltimems="2.785" timestamp="2022-02-08T18:53:15.193" activeThreads="4">
  <mem-info id="1357" free="353040792" total="1073741824" percent="32">
    <mem type="nursery" free="104141024" total="268435456" percent="38">
      <mem type="allocate" free="104141024" total="182321152" percent="57" />
      <mem type="survivor" free="0" total="86114304" percent="0" />
    </mem>
    <mem type="tenure" free="248899768" total="805306368" percent="30" macro-fragmented="69015248">
      <mem type="soa" free="240846008" total="797252608" percent="30" />
      <mem type="loa" free="8053760" total="8053760" percent="100" />
    </mem>
    <remembered-set count="104" />
  </mem-info>
</gc-end>
<cycle-end id="1358" type="scavenge" contextid="1352" timestamp="2022-02-08T18:53:15.193" />
<allocation-satisfied id="1359" threadId="0000000000016F00" bytesRequested="184" />
<af-end id="1360" timestamp="2022-02-08T18:53:15.193" threadId="0000000000017908" success="true" from="nursery"/>
<exclusive-end id="1361" timestamp="2022-02-08T18:53:15.193" durationms="80.279" />

<exclusive-start id="1362" timestamp="2022-02-08T18:53:15.811" intervalms="697.792">
  <response-info timems="0.018" idlems="0.018" threads="0" lastid="0000000000016F00" lastname="main" />
</exclusive-start>
<af-start id="1363" threadId="0000000000017908" totalBytesRequested="208" timestamp="2022-02-08T18:53:15.811" intervalms="697.703" type="nursery" />
<cycle-start id="1364" type="scavenge" contextid="0" timestamp="2022-02-08T18:53:15.811" intervalms="697.701" />
<gc-start id="1365" type="scavenge" contextid="1364" timestamp="2022-02-08T18:53:15.811">
  <mem-info id="1366" free="248899768" total="1073741824" percent="23">
    <mem type="nursery" free="0" total="268435456" percent="0">
      <mem type="allocate" free="0" total="182321152" percent="0" />
      <mem type="survivor" free="0" total="86114304" percent="0" />
    </mem>
    <mem type="tenure" free="248899768" total="805306368" percent="30">
      <mem type="soa" free="240846008" total="797252608" percent="30" />
      <mem type="loa" free="8053760" total="8053760" percent="100" />
    </mem>
    <remembered-set count="104" />
  </mem-info>
</gc-start>
<allocation-stats totalBytes="104093256" >
  <allocated-bytes non-tlh="184" tlh="104093072" />
  <largest-consumer threadName="main" threadId="0000000000016F00" bytes="104093256" />
</allocation-stats>
<gc-op id="1367" type="scavenge" timems="73.683" contextid="1364" timestamp="2022-02-08T18:53:15.884">
  <scavenger-info tenureage="1" tenuremask="7ffe" tiltratio="67" />
  <memory-copied type="nursery" objects="1300205" bytes="74009736" bytesdiscarded="125464" />
  <memory-copied type="tenure" objects="1411666" bytes="77894576" bytesdiscarded="42368" />
  <object-monitors candidates="2" cleared="0"  />
</gc-op>
<gc-end id="1368" type="scavenge" contextid="1364" durationms="73.895" usertimems="290.712" systemtimems="0.473" stalltimems="2.783" timestamp="2022-02-08T18:53:15.885" activeThreads="4">
  <mem-info id="1369" free="279339416" total="1073741824" percent="26">
    <mem type="nursery" free="108579168" total="268435456" percent="40">
      <mem type="allocate" free="108579168" total="182714368" percent="59" />
      <mem type="survivor" free="0" total="85721088" percent="0" />
    </mem>
    <mem type="tenure" free="170760248" total="805306368" percent="21" macro-fragmented="99381968">
      <mem type="soa" free="162706488" total="797252608" percent="20" />
      <mem type="loa" free="8053760" total="8053760" percent="100" />
    </mem>
    <remembered-set count="104" />
  </mem-info>
</gc-end>
<cycle-end id="1370" type="scavenge" contextid="1364" timestamp="2022-02-08T18:53:15.885" />
<allocation-satisfied id="1371" threadId="0000000000016F00" bytesRequested="208" />
<af-end id="1372" timestamp="2022-02-08T18:53:15.885" threadId="0000000000017908" success="true" from="nursery"/>
<exclusive-end id="1373" timestamp="2022-02-08T18:53:15.885" durationms="74.197" />

<exclusive-start id="1374" timestamp="2022-02-08T18:53:16.779" intervalms="968.841">
  <response-info timems="0.017" idlems="0.017" threads="0" lastid="0000000000016F00" lastname="main" />
</exclusive-start>
<af-start id="1375" threadId="0000000000017908" totalBytesRequested="112" timestamp="2022-02-08T18:53:16.779" intervalms="968.843" type="nursery" />
<cycle-start id="1376" type="scavenge" contextid="0" timestamp="2022-02-08T18:53:16.779" intervalms="968.845" />
<gc-start id="1377" type="scavenge" contextid="1376" timestamp="2022-02-08T18:53:16.780">
  <mem-info id="1378" free="170760248" total="1073741824" percent="15">
    <mem type="nursery" free="0" total="268435456" percent="0">
      <mem type="allocate" free="0" total="182714368" percent="0" />
      <mem type="survivor" free="0" total="85721088" percent="0" />
    </mem>
    <mem type="tenure" free="170760248" total="805306368" percent="21">
      <mem type="soa" free="162706488" total="797252608" percent="20" />
      <mem type="loa" free="8053760" total="8053760" percent="100" />
    </mem>
    <remembered-set count="134" />
  </mem-info>
</gc-start>
<allocation-stats totalBytes="108532856" >
  <allocated-bytes non-tlh="2841656" tlh="105691200" />
  <largest-consumer threadName="main" threadId="0000000000016F00" bytes="108532856" />
</allocation-stats>
<gc-op id="1379" type="scavenge" timems="74.420" contextid="1376" timestamp="2022-02-08T18:53:16.854">
  <scavenger-info tenureage="1" tenuremask="7ffe" tiltratio="68" />
  <memory-copied type="nursery" objects="1452659" bytes="76295384" bytesdiscarded="168328" />
  <memory-copied type="tenure" objects="1300204" bytes="74009624" bytesdiscarded="38576" />
  <finalization candidates="110" enqueued="53" />
  <references type="soft" candidates="14" cleared="0" enqueued="0" dynamicThreshold="12" maxThreshold="32" />
  <references type="weak" candidates="1" cleared="0" enqueued="0" />
  <references type="phantom" candidates="95" cleared="7" enqueued="7" />
  <object-monitors candidates="2" cleared="0"  />
</gc-op>
<gc-end id="1380" type="scavenge" contextid="1376" durationms="74.690" usertimems="293.160" systemtimems="0.240" stalltimems="3.959" timestamp="2022-02-08T18:53:16.854" activeThreads="4">
  <mem-info id="1381" free="203291072" total="1073741824" percent="18">
    <mem type="nursery" free="106447136" total="268435456" percent="39">
      <mem type="allocate" free="106447136" total="182910976" percent="58" />
      <mem type="survivor" free="0" total="85524480" percent="0" />
    </mem>
    <mem type="tenure" free="96843936" total="805306368" percent="12" macro-fragmented="47927252">
      <mem type="soa" free="88790176" total="797252608" percent="11" />
      <mem type="loa" free="8053760" total="8053760" percent="100" />
    </mem>
    <pending-finalizers system="52" default="1" reference="7" classloader="0" />
    <remembered-set count="129" />
  </mem-info>
</gc-end>
<cycle-end id="1382" type="scavenge" contextid="1376" timestamp="2022-02-08T18:53:16.854" />
<allocation-satisfied id="1383" threadId="0000000000016F00" bytesRequested="112" />
<af-end id="1384" timestamp="2022-02-08T18:53:16.854" threadId="0000000000017908" success="true" from="nursery"/>
<exclusive-end id="1385" timestamp="2022-02-08T18:53:16.854" durationms="75.036" />

<concurrent-kickoff id="1386" timestamp="2022-02-08T18:53:17.526">
  <kickoff reason="threshold reached" targetBytes="75855737" thresholdFreeBytes="6007186"  remainingFree="5980448" tenureFreeBytes="96843936" nurseryFreeBytes="5980448" />
</concurrent-kickoff>
<exclusive-start id="1387" timestamp="2022-02-08T18:53:17.529" intervalms="749.762">
  <response-info timems="0.021" idlems="0.021" threads="0" lastid="0000000000016F00" lastname="main" />
</exclusive-start>
<cycle-start id="1388" type="global" contextid="0" timestamp="2022-02-08T18:53:17.529" intervalms="3687.123" />
<concurrent-start id="1389" type="global mark" contextid="1388" timestamp="2022-02-08T18:53:17.529">
</concurrent-start>
<exclusive-end id="1390" timestamp="2022-02-08T18:53:17.529" durationms="0.027" />

<exclusive-start id="1391" timestamp="2022-02-08T18:53:17.665" intervalms="135.377">
  <response-info timems="0.019" idlems="0.019" threads="0" lastid="0000000000016F00" lastname="main" />
</exclusive-start>
<af-start id="1392" threadId="0000000000017908" totalBytesRequested="200" timestamp="2022-02-08T18:53:17.665" intervalms="885.136" type="nursery" />
<cycle-start id="1393" type="scavenge" contextid="0" timestamp="2022-02-08T18:53:17.665" intervalms="885.134" />
<gc-start id="1394" type="scavenge" contextid="1393" timestamp="2022-02-08T18:53:17.665">
  <mem-info id="1395" free="96843936" total="1073741824" percent="9">
    <mem type="nursery" free="0" total="268435456" percent="0">
      <mem type="allocate" free="0" total="182910976" percent="0" />
      <mem type="survivor" free="0" total="85524480" percent="0" />
    </mem>
    <mem type="tenure" free="96843936" total="805306368" percent="12">
      <mem type="soa" free="88790176" total="797252608" percent="11" />
      <mem type="loa" free="8053760" total="8053760" percent="100" />
    </mem>
    <remembered-set count="130" />
  </mem-info>
</gc-start>
<allocation-stats totalBytes="106399616" >
  <allocated-bytes non-tlh="112" tlh="106399504" />
  <largest-consumer threadName="main" threadId="0000000000016F00" bytes="106391424" />
</allocation-stats>
<gc-op id="1396" type="scavenge" timems="78.742" contextid="1393" timestamp="2022-02-08T18:53:17.743">
  <scavenger-info tenureage="1" tenuremask="7ffe" tiltratio="68" />
  <memory-copied type="nursery" objects="1376973" bytes="75820880" bytesdiscarded="260272" />
  <memory-copied type="tenure" objects="1451948" bytes="75827528" bytesdiscarded="37072" />
  <finalization candidates="57" enqueued="0" />
  <object-monitors candidates="2" cleared="0"  />
</gc-op>
<gc-end id="1397" type="scavenge" contextid="1393" durationms="78.967" usertimems="311.312" systemtimems="0.000" stalltimems="2.615" timestamp="2022-02-08T18:53:17.744" activeThreads="4">
  <mem-info id="1398" free="128446336" total="1073741824" percent="11">
    <mem type="nursery" free="107419648" total="268435456" percent="40">
      <mem type="allocate" free="107419648" total="183500800" percent="58" />
      <mem type="survivor" free="0" total="84934656" percent="0" />
    </mem>
    <mem type="tenure" free="21026688" total="805306368" percent="2" macro-fragmented="11146344">
      <mem type="soa" free="12972928" total="797252608" percent="1" />
      <mem type="loa" free="8053760" total="8053760" percent="100" />
    </mem>
    <remembered-set count="103" />
  </mem-info>
</gc-end>
<cycle-end id="1399" type="scavenge" contextid="1393" timestamp="2022-02-08T18:53:17.744" />
<allocation-satisfied id="1400" threadId="0000000000016F00" bytesRequested="200" />
<af-end id="1401" timestamp="2022-02-08T18:53:17.744" threadId="0000000000017908" success="true" from="nursery"/>
<exclusive-end id="1402" timestamp="2022-02-08T18:53:17.744" durationms="79.306" />

<concurrent-end id="1403" type="global mark" contextid="1388" timestamp="2022-02-08T18:53:17.861">
<gc-op id="1404" type="trace" timems="331.611" contextid="1388" timestamp="2022-02-08T18:53:17.861">
  <trace bytesTraced="74429008" workStackOverflowCount="0" />
  <card-cleaning reason="card cleaning threshold reached" bytesTraced="904" cardsCleaned="2" />
</gc-op>
</concurrent-end>

<exclusive-start id="1405" timestamp="2022-02-08T18:53:17.861" intervalms="196.300">
  <response-info timems="0.018" idlems="0.018" threads="0" lastid="0000000000016F00" lastname="main" />
</exclusive-start>
<concurrent-global-final id="1406" timestamp="2022-02-08T18:53:17.861" contextid="1388" intervalms="3657.346" >
  <concurrent-trace-info reason="card cleaning threshold reached" tracedByMutators="57476644" tracedByHelpers="16953268" cardsCleaned="2" workStackOverflowCount="0" />
</concurrent-global-final>
<gc-start id="1407" type="global" contextid="1388" timestamp="2022-02-08T18:53:17.861">
  <mem-info id="1408" free="120745656" total="1073741824" percent="11">
    <mem type="nursery" free="99718968" total="268435456" percent="37">
      <mem type="allocate" free="99718968" total="183500800" percent="54" />
      <mem type="survivor" free="0" total="84934656" percent="0" />
    </mem>
    <mem type="tenure" free="21026688" total="805306368" percent="2">
      <mem type="soa" free="12972928" total="797252608" percent="1" />
      <mem type="loa" free="8053760" total="8053760" percent="100" />
    </mem>
    <remembered-set count="103" />
  </mem-info>
</gc-start>
<allocation-stats totalBytes="7696992" >
  <allocated-bytes non-tlh="200" tlh="7696792" />
  <largest-consumer threadName="main" threadId="0000000000016F00" bytes="7696992" />
</allocation-stats>
<gc-op id="1409" type="rs-scan" timems="0.684" contextid="1388" timestamp="2022-02-08T18:53:17.862">
  <scan objectsFound="0" bytesTraced="3836" workStackOverflowCount="0" />
</gc-op>
<gc-op id="1410" type="card-cleaning" timems="145.686" contextid="1388" timestamp="2022-02-08T18:53:18.007">
  <card-cleaning cardsCleaned="10" bytesTraced="71012088" workStackOverflowCount="0" />
</gc-op>
<gc-op id="1411" type="mark" timems="69.814" contextid="1388" timestamp="2022-02-08T18:53:18.077">
  <trace-info objectcount="2377495" scancount="1784649" scanbytes="38140200" />
  <finalization candidates="428" enqueued="57" />
  <ownableSynchronizers candidates="1" cleared="0" />
  <references type="soft" candidates="894" cleared="0" enqueued="0" dynamicThreshold="12" maxThreshold="32" />
  <references type="weak" candidates="1701" cleared="0" enqueued="0" />
  <references type="phantom" candidates="52" cleared="2" enqueued="2" />
  <stringconstants candidates="6470" cleared="0"  />
  <object-monitors candidates="2" cleared="0"  />
</gc-op>
<gc-op id="1412" type="sweep" timems="5.019" contextid="1388" timestamp="2022-02-08T18:53:18.082" />
<gc-end id="1413" type="global" contextid="1388" durationms="221.394" usertimems="237.131" systemtimems="0.000" stalltimems="208.839" timestamp="2022-02-08T18:53:18.082" activeThreads="4">
  <mem-info id="1414" free="363931408" total="1073741824" percent="33">
    <mem type="nursery" free="100071592" total="268435456" percent="37">
      <mem type="allocate" free="100071592" total="183500800" percent="54" />
      <mem type="survivor" free="0" total="84934656" percent="0" />
    </mem>
    <mem type="tenure" free="263859816" total="805306368" percent="32" micro-fragmented="329201" macro-fragmented="0">
      <mem type="soa" free="255806056" total="797252608" percent="32" />
      <mem type="loa" free="8053760" total="8053760" percent="100" />
    </mem>
    <pending-finalizers system="57" default="0" reference="2" classloader="0" />
    <remembered-set count="103" />
  </mem-info>
</gc-end>
<cycle-end id="1415" type="global" contextid="1388" timestamp="2022-02-08T18:53:18.082" />
<exclusive-end id="1416" timestamp="2022-02-08T18:53:18.082" durationms="221.590" />

<exclusive-start id="1417" timestamp="2022-02-08T18:53:18.684" intervalms="822.688">
  <response-info timems="0.017" idlems="0.017" threads="0" lastid="0000000000016F00" lastname="main" />
</exclusive-start>
<af-start id="1418" threadId="0000000000017908" totalBytesRequested="184" timestamp="2022-02-08T18:53:18.684" intervalms="1018.999" type="nursery" />
<cycle-start id="1419" type="scavenge" contextid="0" timestamp="2022-02-08T18:53:18.684" intervalms="1018.999" />
<gc-start id="1420" type="scavenge" contextid="1419" timestamp="2022-02-08T18:53:18.684">
  <mem-info id="1421" free="263859816" total="1073741824" percent="24">
    <mem type="nursery" free="0" total="268435456" percent="0">
      <mem type="allocate" free="0" total="183500800" percent="0" />
      <mem type="survivor" free="0" total="84934656" percent="0" />
    </mem>
    <mem type="tenure" free="263859816" total="805306368" percent="32">
      <mem type="soa" free="255806056" total="797252608" percent="32" />
      <mem type="loa" free="8053760" total="8053760" percent="100" />
    </mem>
    <remembered-set count="106" />
  </mem-info>
</gc-start>
<allocation-stats totalBytes="100025104" >
  <allocated-bytes non-tlh="0" tlh="100025104" />
  <largest-consumer threadName="main" threadId="0000000000016F00" bytes="100021008" />
</allocation-stats>
<gc-op id="1422" type="scavenge" timems="74.511" contextid="1419" timestamp="2022-02-08T18:53:18.758">
  <scavenger-info tenureage="1" tenuremask="7ffe" tiltratio="68" />
  <memory-copied type="nursery" objects="1348703" bytes="76479624" bytesdiscarded="202368" />
  <memory-copied type="tenure" objects="1376972" bytes="75820768" bytesdiscarded="42336" />
  <ownableSynchronizers candidates="2" cleared="2" />
  <object-monitors candidates="2" cleared="0"  />
</gc-op>
<gc-end id="1423" type="scavenge" contextid="1419" durationms="74.694" usertimems="294.444" systemtimems="0.000" stalltimems="2.844" timestamp="2022-02-08T18:53:18.758" activeThreads="4">
  <mem-info id="1424" free="294939352" total="1073741824" percent="27">
    <mem type="nursery" free="107146488" total="268435456" percent="39">
      <mem type="allocate" free="107146488" total="183828480" percent="58" />
      <mem type="survivor" free="0" total="84606976" percent="0" />
    </mem>
    <mem type="tenure" free="187792864" total="805306368" percent="23" macro-fragmented="0">
      <mem type="soa" free="179739104" total="797252608" percent="22" />
      <mem type="loa" free="8053760" total="8053760" percent="100" />
    </mem>
    <remembered-set count="105" />
  </mem-info>
</gc-end>
<cycle-end id="1425" type="scavenge" contextid="1419" timestamp="2022-02-08T18:53:18.758" />
<allocation-satisfied id="1426" threadId="0000000000016F00" bytesRequested="184" />
<af-end id="1427" timestamp="2022-02-08T18:53:18.758" threadId="0000000000017908" success="true" from="nursery"/>
<exclusive-end id="1428" timestamp="2022-02-08T18:53:18.758" durationms="74.942" />

<exclusive-start id="1429" timestamp="2022-02-08T18:53:19.624" intervalms="940.154">
  <response-info timems="0.020" idlems="0.020" threads="0" lastid="0000000000016F00" lastname="main" />
</exclusive-start>
<af-start id="1430" threadId="0000000000017908" totalBytesRequested="184" timestamp="2022-02-08T18:53:19.624" intervalms="940.145" type="nursery" />
<cycle-start id="1431" type="scavenge" contextid="0" timestamp="2022-02-08T18:53:19.624" intervalms="940.145" />
<gc-start id="1432" type="scavenge" contextid="1431" timestamp="2022-02-08T18:53:19.624">
  <mem-info id="1433" free="187792864" total="1073741824" percent="17">
    <mem type="nursery" free="0" total="268435456" percent="0">
      <mem type="allocate" free="0" total="183828480" percent="0" />
      <mem type="survivor" free="0" total="84606976" percent="0" />
    </mem>
    <mem type="tenure" free="187792864" total="805306368" percent="23">
      <mem type="soa" free="179739104" total="797252608" percent="22" />
      <mem type="loa" free="8053760" total="8053760" percent="100" />
    </mem>
    <remembered-set count="136" />
  </mem-info>
</gc-start>
<allocation-stats totalBytes="107099864" >
  <allocated-bytes non-tlh="1590752" tlh="105509112" />
  <largest-consumer threadName="main" threadId="0000000000016F00" bytes="107099864" />
</allocation-stats>
<gc-op id="1434" type="scavenge" timems="98.588" contextid="1431" timestamp="2022-02-08T18:53:19.722">
  <scavenger-info tenureage="1" tenuremask="7ffe" tiltratio="68" />
  <memory-copied type="nursery" objects="1446148" bytes="75355496" bytesdiscarded="200352" />
  <memory-copied type="tenure" objects="1348702" bytes="76479520" bytesdiscarded="39824" />
  <finalization candidates="109" enqueued="53" />
  <references type="soft" candidates="14" cleared="0" enqueued="0" dynamicThreshold="10" maxThreshold="32" />
  <references type="weak" candidates="1" cleared="0" enqueued="0" />
  <references type="phantom" candidates="94" cleared="7" enqueued="7" />
  <object-monitors candidates="2" cleared="0"  />
</gc-op>
<gc-end id="1435" type="scavenge" contextid="1431" durationms="98.788" usertimems="389.413" systemtimems="0.000" stalltimems="4.045" timestamp="2022-02-08T18:53:19.723" activeThreads="4">
  <mem-info id="1436" free="219858888" total="1073741824" percent="20">
    <mem type="nursery" free="108665720" total="268435456" percent="40">
      <mem type="allocate" free="108665720" total="184221696" percent="58" />
      <mem type="survivor" free="0" total="84213760" percent="0" />
    </mem>
    <mem type="tenure" free="111193168" total="805306368" percent="13" macro-fragmented="0">
      <mem type="soa" free="103139408" total="797252608" percent="12" />
      <mem type="loa" free="8053760" total="8053760" percent="100" />
    </mem>
    <pending-finalizers system="52" default="1" reference="7" classloader="0" />
    <remembered-set count="132" />
  </mem-info>
</gc-end>
<cycle-end id="1437" type="scavenge" contextid="1431" timestamp="2022-02-08T18:53:19.723" />
<allocation-satisfied id="1438" threadId="0000000000016F00" bytesRequested="184" />
<af-end id="1439" timestamp="2022-02-08T18:53:19.723" threadId="0000000000017908" success="true" from="nursery"/>
<exclusive-end id="1440" timestamp="2022-02-08T18:53:19.723" durationms="99.035" />

<concurrent-kickoff id="1441" timestamp="2022-02-08T18:53:20.413">
  <kickoff reason="threshold reached" targetBytes="75570044" thresholdFreeBytes="5955157"  remainingFree="5892704" tenureFreeBytes="111193168" nurseryFreeBytes="5892704" />
</concurrent-kickoff>
<exclusive-start id="1442" timestamp="2022-02-08T18:53:20.416" intervalms="792.390">
  <response-info timems="0.019" idlems="0.019" threads="0" lastid="0000000000016F00" lastname="main" />
</exclusive-start>
<cycle-start id="1443" type="global" contextid="0" timestamp="2022-02-08T18:53:20.416" intervalms="2886.910" />
<concurrent-start id="1444" type="global mark" contextid="1443" timestamp="2022-02-08T18:53:20.416">
</concurrent-start>
<exclusive-end id="1445" timestamp="2022-02-08T18:53:20.416" durationms="0.028" />

<exclusive-start id="1446" timestamp="2022-02-08T18:53:20.542" intervalms="126.370">
  <response-info timems="0.033" idlems="0.033" threads="0" lastid="0000000000016F00" lastname="main" />
</exclusive-start>
<af-start id="1447" threadId="0000000000017908" totalBytesRequested="16" timestamp="2022-02-08T18:53:20.542" intervalms="918.770" type="nursery" />
<cycle-start id="1448" type="scavenge" contextid="0" timestamp="2022-02-08T18:53:20.543" intervalms="918.769" />
<gc-start id="1449" type="scavenge" contextid="1448" timestamp="2022-02-08T18:53:20.543">
  <mem-info id="1450" free="111193168" total="1073741824" percent="10">
    <mem type="nursery" free="0" total="268435456" percent="0">
      <mem type="allocate" free="0" total="184221696" percent="0" />
      <mem type="survivor" free="0" total="84213760" percent="0" />
    </mem>
    <mem type="tenure" free="111193168" total="805306368" percent="13">
      <mem type="soa" free="103139408" total="797252608" percent="12" />
      <mem type="loa" free="8053760" total="8053760" percent="100" />
    </mem>
    <remembered-set count="133" />
  </mem-info>
</gc-start>
<allocation-stats totalBytes="108614160" >
  <allocated-bytes non-tlh="1347864" tlh="107266296" />
  <largest-consumer threadName="main" threadId="0000000000016F00" bytes="108605968" />
</allocation-stats>
<gc-op id="1451" type="scavenge" timems="84.586" contextid="1448" timestamp="2022-02-08T18:53:20.627">
  <scavenger-info tenureage="1" tenuremask="7ffe" tiltratio="68" />
  <memory-copied type="nursery" objects="1381024" bytes="77759232" bytesdiscarded="107296" />
  <memory-copied type="tenure" objects="1445428" bytes="74412224" bytesdiscarded="41896" />
  <finalization candidates="57" enqueued="0" />
  <references type="phantom" candidates="1" cleared="0" enqueued="0" />
  <object-monitors candidates="2" cleared="0"  />
</gc-op>
<gc-end id="1452" type="scavenge" contextid="1448" durationms="84.789" usertimems="316.063" systemtimems="5.294" stalltimems="4.949" timestamp="2022-02-08T18:53:20.627" activeThreads="4">
  <mem-info id="1453" free="141209376" total="1073741824" percent="13">
    <mem type="nursery" free="104454624" total="268435456" percent="38">
      <mem type="allocate" free="104454624" total="182321152" percent="57" />
      <mem type="survivor" free="0" total="86114304" percent="0" />
    </mem>
    <mem type="tenure" free="36754752" total="805306368" percent="4" macro-fragmented="0">
      <mem type="soa" free="28700992" total="797252608" percent="3" />
      <mem type="loa" free="8053760" total="8053760" percent="100" />
    </mem>
    <remembered-set count="102" />
  </mem-info>
</gc-end>
<cycle-end id="1454" type="scavenge" contextid="1448" timestamp="2022-02-08T18:53:20.627" />
<allocation-satisfied id="1455" threadId="0000000000016F00" bytesRequested="16" />
<af-end id="1456" timestamp="2022-02-08T18:53:20.627" threadId="0000000000017908" success="true" from="nursery"/>
<exclusive-end id="1457" timestamp="2022-02-08T18:53:20.627" durationms="85.054" />

<concurrent-end id="1458" type="global mark" contextid="1443" timestamp="2022-02-08T18:53:20.744">
<gc-op id="1459" type="trace" timems="328.359" contextid="1443" timestamp="2022-02-08T18:53:20.744">
  <trace bytesTraced="74429264" workStackOverflowCount="0" />
  <card-cleaning reason="card cleaning threshold reached" bytesTraced="904" cardsCleaned="2" />
</gc-op>
</concurrent-end>

<exclusive-start id="1460" timestamp="2022-02-08T18:53:20.744" intervalms="202.057">
  <response-info timems="0.018" idlems="0.018" threads="0" lastid="0000000000016F00" lastname="main" />
</exclusive-start>
<concurrent-global-final id="1461" timestamp="2022-02-08T18:53:20.745" contextid="1443" intervalms="2883.658" >
  <concurrent-trace-info reason="card cleaning threshold reached" tracedByMutators="58243188" tracedByHelpers="16186980" cardsCleaned="2" workStackOverflowCount="0" />
</concurrent-global-final>
<gc-start id="1462" type="global" contextid="1443" timestamp="2022-02-08T18:53:20.745">
  <mem-info id="1463" free="133746448" total="1073741824" percent="12">
    <mem type="nursery" free="96991696" total="268435456" percent="36">
      <mem type="allocate" free="96991696" total="182321152" percent="53" />
      <mem type="survivor" free="0" total="86114304" percent="0" />
    </mem>
    <mem type="tenure" free="36754752" total="805306368" percent="4">
      <mem type="soa" free="28700992" total="797252608" percent="3" />
      <mem type="loa" free="8053760" total="8053760" percent="100" />
    </mem>
    <remembered-set count="102" />
  </mem-info>
</gc-start>
<allocation-stats totalBytes="7458848" >
  <allocated-bytes non-tlh="16" tlh="7458832" />
  <largest-consumer threadName="main" threadId="0000000000016F00" bytes="7458848" />
</allocation-stats>
<gc-op id="1464" type="rs-scan" timems="0.548" contextid="1443" timestamp="2022-02-08T18:53:20.745">
  <scan objectsFound="29" bytesTraced="5268" workStackOverflowCount="0" />
</gc-op>
<gc-op id="1465" type="card-cleaning" timems="147.449" contextid="1443" timestamp="2022-02-08T18:53:20.893">
  <card-cleaning cardsCleaned="9" bytesTraced="71010608" workStackOverflowCount="0" />
</gc-op>
<gc-op id="1466" type="mark" timems="66.544" contextid="1443" timestamp="2022-02-08T18:53:20.959">
  <trace-info objectcount="2116927" scancount="1589223" scanbytes="33971112" />
  <finalization candidates="428" enqueued="57" />
  <ownableSynchronizers candidates="1" cleared="0" />
  <references type="soft" candidates="894" cleared="0" enqueued="0" dynamicThreshold="10" maxThreshold="32" />
  <references type="weak" candidates="1701" cleared="0" enqueued="0" />
  <references type="phantom" candidates="52" cleared="2" enqueued="2" />
  <stringconstants candidates="6470" cleared="0"  />
  <object-monitors candidates="2" cleared="0"  />
</gc-op>
<gc-op id="1467" type="sweep" timems="6.007" contextid="1443" timestamp="2022-02-08T18:53:20.965" />
<gc-end id="1468" type="global" contextid="1443" durationms="220.900" usertimems="238.936" systemtimems="0.613" stalltimems="199.215" timestamp="2022-02-08T18:53:20.965" activeThreads="4">
  <mem-info id="1469" free="376959008" total="1073741824" percent="35">
    <mem type="nursery" free="97192600" total="268435456" percent="36">
      <mem type="allocate" free="97192600" total="182321152" percent="53" />
      <mem type="survivor" free="0" total="86114304" percent="0" />
    </mem>
    <mem type="tenure" free="279766408" total="805306368" percent="34" micro-fragmented="374061" macro-fragmented="0">
      <mem type="soa" free="271712648" total="797252608" percent="34" />
      <mem type="loa" free="8053760" total="8053760" percent="100" />
    </mem>
    <pending-finalizers system="57" default="0" reference="2" classloader="0" />
    <remembered-set count="102" />
  </mem-info>
</gc-end>
<cycle-end id="1470" type="global" contextid="1443" timestamp="2022-02-08T18:53:20.966" />
<exclusive-end id="1471" timestamp="2022-02-08T18:53:20.966" durationms="221.283" />

<exclusive-start id="1472" timestamp="2022-02-08T18:53:21.638" intervalms="893.161">
  <response-info timems="0.023" idlems="0.023" threads="0" lastid="0000000000016F00" lastname="main" />
</exclusive-start>
<af-start id="1473" threadId="0000000000017908" totalBytesRequested="24" timestamp="2022-02-08T18:53:21.638" intervalms="1095.208" type="nursery" />
<cycle-start id="1474" type="scavenge" contextid="0" timestamp="2022-02-08T18:53:21.638" intervalms="1095.211" />
<gc-start id="1475" type="scavenge" contextid="1474" timestamp="2022-02-08T18:53:21.638">
  <mem-info id="1476" free="279766408" total="1073741824" percent="26">
    <mem type="nursery" free="0" total="268435456" percent="0">
      <mem type="allocate" free="0" total="182321152" percent="0" />
      <mem type="survivor" free="0" total="86114304" percent="0" />
    </mem>
    <mem type="tenure" free="279766408" total="805306368" percent="34">
      <mem type="soa" free="271712648" total="797252608" percent="34" />
      <mem type="loa" free="8053760" total="8053760" percent="100" />
    </mem>
    <remembered-set count="105" />
  </mem-info>
</gc-start>
<allocation-stats totalBytes="97145872" >
  <allocated-bytes non-tlh="0" tlh="97145872" />
  <largest-consumer threadName="main" threadId="0000000000016F00" bytes="97141776" />
</allocation-stats>
<gc-op id="1477" type="scavenge" timems="97.303" contextid="1474" timestamp="2022-02-08T18:53:21.735">
  <scavenger-info tenureage="1" tenuremask="7ffe" tiltratio="67" />
  <memory-copied type="nursery" objects="1313364" bytes="74287496" bytesdiscarded="192592" />
  <memory-copied type="tenure" objects="1381024" bytes="77759232" bytesdiscarded="44192" />
  <finalization candidates="1" enqueued="0" />
  <ownableSynchronizers candidates="2" cleared="2" />
  <object-monitors candidates="2" cleared="0"  />
</gc-op>
<gc-end id="1478" type="scavenge" contextid="1474" durationms="97.460" usertimems="384.739" systemtimems="0.000" stalltimems="3.432" timestamp="2022-02-08T18:53:21.735" activeThreads="4">
  <mem-info id="1479" free="310058960" total="1073741824" percent="28">
    <mem type="nursery" free="108234280" total="268435456" percent="40">
      <mem type="allocate" free="108234280" total="182714368" percent="59" />
      <mem type="survivor" free="0" total="85721088" percent="0" />
    </mem>
    <mem type="tenure" free="201824680" total="805306368" percent="25" macro-fragmented="0">
      <mem type="soa" free="193770920" total="797252608" percent="24" />
      <mem type="loa" free="8053760" total="8053760" percent="100" />
    </mem>
    <remembered-set count="104" />
  </mem-info>
</gc-end>
<cycle-end id="1480" type="scavenge" contextid="1474" timestamp="2022-02-08T18:53:21.735" />
<allocation-satisfied id="1481" threadId="0000000000016F00" bytesRequested="24" />
<af-end id="1482" timestamp="2022-02-08T18:53:21.735" threadId="0000000000017908" success="true" from="nursery"/>
<exclusive-end id="1483" timestamp="2022-02-08T18:53:21.735" durationms="97.754" />

<exclusive-start id="1484" timestamp="2022-02-08T18:53:22.635" intervalms="997.700">
  <response-info timems="0.032" idlems="0.032" threads="0" lastid="0000000000016F00" lastname="main" />
</exclusive-start>
<af-start id="1485" threadId="0000000000017908" totalBytesRequested="104" timestamp="2022-02-08T18:53:22.635" intervalms="997.701" type="nursery" />
<cycle-start id="1486" type="scavenge" contextid="0" timestamp="2022-02-08T18:53:22.635" intervalms="997.699" />
<gc-start id="1487" type="scavenge" contextid="1486" timestamp="2022-02-08T18:53:22.635">
  <mem-info id="1488" free="201824680" total="1073741824" percent="18">
    <mem type="nursery" free="0" total="268435456" percent="0">
      <mem type="allocate" free="0" total="182714368" percent="0" />
      <mem type="survivor" free="0" total="85721088" percent="0" />
    </mem>
    <mem type="tenure" free="201824680" total="805306368" percent="25">
      <mem type="soa" free="193770920" total="797252608" percent="24" />
      <mem type="loa" free="8053760" total="8053760" percent="100" />
    </mem>
    <remembered-set count="135" />
  </mem-info>
</gc-start>
<allocation-stats totalBytes="108187184" >
  <allocated-bytes non-tlh="1590592" tlh="106596592" />
  <largest-consumer threadName="main" threadId="0000000000016F00" bytes="108187184" />
</allocation-stats>
<gc-op id="1489" type="scavenge" timems="81.262" contextid="1486" timestamp="2022-02-08T18:53:22.717">
  <scavenger-info tenureage="1" tenuremask="7ffe" tiltratio="68" />
  <memory-copied type="nursery" objects="1487694" bytes="76184864" bytesdiscarded="214216" />
  <memory-copied type="tenure" objects="1313364" bytes="74287496" bytesdiscarded="39592" />
  <finalization candidates="109" enqueued="53" />
  <references type="soft" candidates="14" cleared="0" enqueued="0" dynamicThreshold="11" maxThreshold="32" />
  <references type="weak" candidates="1" cleared="0" enqueued="0" />
  <references type="phantom" candidates="94" cleared="7" enqueued="7" />
  <object-monitors candidates="2" cleared="0"  />
</gc-op>
<gc-end id="1490" type="scavenge" contextid="1486" durationms="81.476" usertimems="321.073" systemtimems="0.000" stalltimems="3.262" timestamp="2022-02-08T18:53:22.717" activeThreads="4">
  <mem-info id="1491" free="234024312" total="1073741824" percent="21">
    <mem type="nursery" free="106577304" total="268435456" percent="39">
      <mem type="allocate" free="106577304" total="182976512" percent="58" />
      <mem type="survivor" free="0" total="85458944" percent="0" />
    </mem>
    <mem type="tenure" free="127447008" total="805306368" percent="15" macro-fragmented="1041780">
      <mem type="soa" free="119393248" total="797252608" percent="14" />
      <mem type="loa" free="8053760" total="8053760" percent="100" />
    </mem>
    <pending-finalizers system="52" default="1" reference="7" classloader="0" />
    <remembered-set count="131" />
  </mem-info>
</gc-end>
<cycle-end id="1492" type="scavenge" contextid="1486" timestamp="2022-02-08T18:53:22.717" />
<allocation-satisfied id="1493" threadId="0000000000016F00" bytesRequested="104" />
<af-end id="1494" timestamp="2022-02-08T18:53:22.717" threadId="0000000000017908" success="true" from="nursery"/>
<exclusive-end id="1495" timestamp="2022-02-08T18:53:22.717" durationms="81.725" />

<concurrent-kickoff id="1496" timestamp="2022-02-08T18:53:23.407">
  <kickoff reason="threshold reached" targetBytes="75341693" thresholdFreeBytes="5913444"  remainingFree="5782936" tenureFreeBytes="127447008" nurseryFreeBytes="5782936" />
</concurrent-kickoff>
<exclusive-start id="1497" timestamp="2022-02-08T18:53:23.410" intervalms="774.338">
  <response-info timems="0.021" idlems="0.021" threads="0" lastid="0000000000016F00" lastname="main" />
</exclusive-start>
<cycle-start id="1498" type="global" contextid="0" timestamp="2022-02-08T18:53:23.410" intervalms="2993.625" />
<concurrent-start id="1499" type="global mark" contextid="1498" timestamp="2022-02-08T18:53:23.410">
</concurrent-start>
<exclusive-end id="1500" timestamp="2022-02-08T18:53:23.410" durationms="0.027" />

<exclusive-start id="1501" timestamp="2022-02-08T18:53:23.543" intervalms="133.283">
  <response-info timems="0.049" idlems="0.049" threads="0" lastid="0000000000016F00" lastname="main" />
</exclusive-start>
<af-start id="1502" threadId="0000000000017908" totalBytesRequested="184" timestamp="2022-02-08T18:53:23.543" intervalms="907.718" type="nursery" />
<cycle-start id="1503" type="scavenge" contextid="0" timestamp="2022-02-08T18:53:23.543" intervalms="907.771" />
<gc-start id="1504" type="scavenge" contextid="1503" timestamp="2022-02-08T18:53:23.543">
  <mem-info id="1505" free="127447008" total="1073741824" percent="11">
    <mem type="nursery" free="0" total="268435456" percent="0">
      <mem type="allocate" free="0" total="182976512" percent="0" />
      <mem type="survivor" free="0" total="85458944" percent="0" />
    </mem>
    <mem type="tenure" free="127447008" total="805306368" percent="15">
      <mem type="soa" free="119393248" total="797252608" percent="14" />
      <mem type="loa" free="8053760" total="8053760" percent="100" />
    </mem>
    <remembered-set count="132" />
  </mem-info>
</gc-start>
<allocation-stats totalBytes="106525016" >
  <allocated-bytes non-tlh="1347784" tlh="105177232" />
  <largest-consumer threadName="main" threadId="0000000000016F00" bytes="106516824" />
</allocation-stats>
<gc-op id="1506" type="scavenge" timems="108.214" contextid="1503" timestamp="2022-02-08T18:53:23.651">
  <scavenger-info tenureage="1" tenuremask="7ffe" tiltratio="68" />
  <memory-copied type="nursery" objects="1332094" bytes="76233072" bytesdiscarded="292168" />
  <memory-copied type="tenure" objects="1486975" bytes="75241696" bytesdiscarded="35848" />
  <finalization candidates="57" enqueued="0" />
  <references type="phantom" candidates="1" cleared="0" enqueued="0" />
  <object-monitors candidates="2" cleared="0"  />
</gc-op>
<gc-end id="1507" type="scavenge" contextid="1503" durationms="108.497" usertimems="429.299" systemtimems="0.000" stalltimems="1.928" timestamp="2022-02-08T18:53:23.652" activeThreads="4">
  <mem-info id="1508" free="159354216" total="1073741824" percent="14">
    <mem type="nursery" free="107106632" total="268435456" percent="39">
      <mem type="allocate" free="107106632" total="183631872" percent="58" />
      <mem type="survivor" free="0" total="84803584" percent="0" />
    </mem>
    <mem type="tenure" free="52247584" total="805306368" percent="6" macro-fragmented="0">
      <mem type="soa" free="44193824" total="797252608" percent="5" />
      <mem type="loa" free="8053760" total="8053760" percent="100" />
    </mem>
    <remembered-set count="102" />
  </mem-info>
</gc-end>
<cycle-end id="1509" type="scavenge" contextid="1503" timestamp="2022-02-08T18:53:23.652" />
<allocation-satisfied id="1510" threadId="0000000000016F00" bytesRequested="184" />
<af-end id="1511" timestamp="2022-02-08T18:53:23.652" threadId="0000000000017908" success="true" from="nursery"/>
<exclusive-end id="1512" timestamp="2022-02-08T18:53:23.652" durationms="109.023" />

<concurrent-end id="1513" type="global mark" contextid="1498" timestamp="2022-02-08T18:53:23.787">
<gc-op id="1514" type="trace" timems="377.474" contextid="1498" timestamp="2022-02-08T18:53:23.787">
  <trace bytesTraced="74429472" workStackOverflowCount="0" />
  <card-cleaning reason="card cleaning threshold reached" bytesTraced="904" cardsCleaned="2" />
</gc-op>
</concurrent-end>

<exclusive-start id="1515" timestamp="2022-02-08T18:53:23.787" intervalms="244.269">
  <response-info timems="0.018" idlems="0.018" threads="0" lastid="0000000000016F00" lastname="main" />
</exclusive-start>
<concurrent-global-final id="1516" timestamp="2022-02-08T18:53:23.787" contextid="1498" intervalms="3042.752" >
  <concurrent-trace-info reason="card cleaning threshold reached" tracedByMutators="56971068" tracedByHelpers="17459308" cardsCleaned="2" workStackOverflowCount="0" />
</concurrent-global-final>
<gc-start id="1517" type="global" contextid="1498" timestamp="2022-02-08T18:53:23.787">
  <mem-info id="1518" free="150342832" total="1073741824" percent="14">
    <mem type="nursery" free="98095248" total="268435456" percent="36">
      <mem type="allocate" free="98095248" total="183631872" percent="53" />
      <mem type="survivor" free="0" total="84803584" percent="0" />
    </mem>
    <mem type="tenure" free="52247584" total="805306368" percent="6">
      <mem type="soa" free="44193824" total="797252608" percent="5" />
      <mem type="loa" free="8053760" total="8053760" percent="100" />
    </mem>
    <remembered-set count="102" />
  </mem-info>
</gc-start>
<allocation-stats totalBytes="9006864" >
  <allocated-bytes non-tlh="184" tlh="9006680" />
  <largest-consumer threadName="main" threadId="0000000000016F00" bytes="9006864" />
</allocation-stats>
<gc-op id="1519" type="rs-scan" timems="6.276" contextid="1498" timestamp="2022-02-08T18:53:23.794">
  <scan objectsFound="29" bytesTraced="5268" workStackOverflowCount="0" />
</gc-op>
<gc-op id="1520" type="card-cleaning" timems="147.732" contextid="1498" timestamp="2022-02-08T18:53:23.941">
  <card-cleaning cardsCleaned="9" bytesTraced="71010608" workStackOverflowCount="0" />
</gc-op>
<gc-op id="1521" type="mark" timems="59.745" contextid="1498" timestamp="2022-02-08T18:53:24.001">
  <trace-info objectcount="1837891" scancount="1379946" scanbytes="29506536" />
  <finalization candidates="428" enqueued="57" />
  <ownableSynchronizers candidates="1" cleared="0" />
  <references type="soft" candidates="894" cleared="0" enqueued="0" dynamicThreshold="11" maxThreshold="32" />
  <references type="weak" candidates="1701" cleared="0" enqueued="0" />
  <references type="phantom" candidates="52" cleared="2" enqueued="2" />
  <stringconstants candidates="6470" cleared="0"  />
  <object-monitors candidates="2" cleared="0"  />
</gc-op>
<gc-op id="1522" type="sweep" timems="4.796" contextid="1498" timestamp="2022-02-08T18:53:24.006" />
<gc-end id="1523" type="global" contextid="1498" durationms="218.749" usertimems="276.033" systemtimems="0.000" stalltimems="135.325" timestamp="2022-02-08T18:53:24.006" activeThreads="4">
  <mem-info id="1524" free="393577776" total="1073741824" percent="36">
    <mem type="nursery" free="98481144" total="268435456" percent="36">
      <mem type="allocate" free="98481144" total="183631872" percent="53" />
      <mem type="survivor" free="0" total="84803584" percent="0" />
    </mem>
    <mem type="tenure" free="295096632" total="805306368" percent="36" micro-fragmented="366580" macro-fragmented="0">
      <mem type="soa" free="287042872" total="797252608" percent="36" />
      <mem type="loa" free="8053760" total="8053760" percent="100" />
    </mem>
    <pending-finalizers system="57" default="0" reference="2" classloader="0" />
    <remembered-set count="102" />
  </mem-info>
</gc-end>
<cycle-end id="1525" type="global" contextid="1498" timestamp="2022-02-08T18:53:24.006" />
<exclusive-end id="1526" timestamp="2022-02-08T18:53:24.006" durationms="218.976" />

<exclusive-start id="1527" timestamp="2022-02-08T18:53:24.667" intervalms="879.263">
  <response-info timems="0.018" idlems="0.018" threads="0" lastid="0000000000016F00" lastname="main" />
</exclusive-start>
<af-start id="1528" threadId="0000000000017908" totalBytesRequested="192" timestamp="2022-02-08T18:53:24.667" intervalms="1123.434" type="nursery" />
<cycle-start id="1529" type="scavenge" contextid="0" timestamp="2022-02-08T18:53:24.667" intervalms="1123.382" />
<gc-start id="1530" type="scavenge" contextid="1529" timestamp="2022-02-08T18:53:24.667">
  <mem-info id="1531" free="295096632" total="1073741824" percent="27">
    <mem type="nursery" free="0" total="268435456" percent="0">
      <mem type="allocate" free="0" total="183631872" percent="0" />
      <mem type="survivor" free="0" total="84803584" percent="0" />
    </mem>
    <mem type="tenure" free="295096632" total="805306368" percent="36">
      <mem type="soa" free="287042872" total="797252608" percent="36" />
      <mem type="loa" free="8053760" total="8053760" percent="100" />
    </mem>
    <remembered-set count="105" />
  </mem-info>
</gc-start>
<allocation-stats totalBytes="98432440" >
  <allocated-bytes non-tlh="0" tlh="98432440" />
  <largest-consumer threadName="main" threadId="0000000000016F00" bytes="98428344" />
</allocation-stats>
<gc-op id="1532" type="scavenge" timems="82.294" contextid="1529" timestamp="2022-02-08T18:53:24.749">
  <scavenger-info tenureage="1" tenuremask="7ffe" tiltratio="68" />
  <memory-copied type="nursery" objects="1358631" bytes="76330160" bytesdiscarded="213376" />
  <memory-copied type="tenure" objects="1332093" bytes="76232968" bytesdiscarded="45296" />
  <finalization candidates="1" enqueued="0" />
  <ownableSynchronizers candidates="2" cleared="2" />
  <object-monitors candidates="2" cleared="0"  />
</gc-op>
<gc-end id="1533" type="scavenge" contextid="1529" durationms="82.499" usertimems="304.226" systemtimems="1.294" stalltimems="22.472" timestamp="2022-02-08T18:53:24.749" activeThreads="4">
  <mem-info id="1534" free="326143992" total="1073741824" percent="30">
    <mem type="nursery" free="107481552" total="268435456" percent="40">
      <mem type="allocate" free="107481552" total="184025088" percent="58" />
      <mem type="survivor" free="0" total="84410368" percent="0" />
    </mem>
    <mem type="tenure" free="218662440" total="805306368" percent="27" macro-fragmented="0">
      <mem type="soa" free="210608680" total="797252608" percent="26" />
      <mem type="loa" free="8053760" total="8053760" percent="100" />
    </mem>
    <remembered-set count="105" />
  </mem-info>
</gc-end>
<cycle-end id="1535" type="scavenge" contextid="1529" timestamp="2022-02-08T18:53:24.749" />
<allocation-satisfied id="1536" threadId="0000000000016F00" bytesRequested="192" />
<af-end id="1537" timestamp="2022-02-08T18:53:24.749" threadId="0000000000017908" success="true" from="nursery"/>
<exclusive-end id="1538" timestamp="2022-02-08T18:53:24.749" durationms="82.758" />

<exclusive-start id="1539" timestamp="2022-02-08T18:53:25.608" intervalms="941.195">
  <response-info timems="0.021" idlems="0.021" threads="0" lastid="0000000000016F00" lastname="main" />
</exclusive-start>
<af-start id="1540" threadId="0000000000017908" totalBytesRequested="70576" timestamp="2022-02-08T18:53:25.608" intervalms="941.200" type="nursery" />
<cycle-start id="1541" type="scavenge" contextid="0" timestamp="2022-02-08T18:53:25.608" intervalms="941.200" />
<gc-start id="1542" type="scavenge" contextid="1541" timestamp="2022-02-08T18:53:25.608">
  <mem-info id="1543" free="218704696" total="1073741824" percent="20">
    <mem type="nursery" free="42256" total="268435456" percent="0">
      <mem type="allocate" free="42256" total="184025088" percent="0" />
      <mem type="survivor" free="0" total="84410368" percent="0" />
    </mem>
    <mem type="tenure" free="218662440" total="805306368" percent="27">
      <mem type="soa" free="210608680" total="797252608" percent="26" />
      <mem type="loa" free="8053760" total="8053760" percent="100" />
    </mem>
    <remembered-set count="136" />
  </mem-info>
</gc-start>
<allocation-stats totalBytes="107393568" >
  <allocated-bytes non-tlh="849120" tlh="106544448" />
  <largest-consumer threadName="main" threadId="0000000000016F00" bytes="107393568" />
</allocation-stats>
<gc-op id="1544" type="scavenge" timems="116.928" contextid="1541" timestamp="2022-02-08T18:53:25.725">
  <scavenger-info tenureage="1" tenuremask="7ffe" tiltratio="68" />
  <memory-copied type="nursery" objects="1473860" bytes="75585424" bytesdiscarded="45600" />
  <memory-copied type="tenure" objects="1358630" bytes="76330056" bytesdiscarded="41696" />
  <finalization candidates="107" enqueued="53" />
  <references type="soft" candidates="14" cleared="0" enqueued="0" dynamicThreshold="11" maxThreshold="32" />
  <references type="weak" candidates="1" cleared="0" enqueued="0" />
  <references type="phantom" candidates="92" cleared="7" enqueued="7" />
  <object-monitors candidates="2" cleared="0"  />
</gc-op>
<gc-end id="1545" type="scavenge" contextid="1541" durationms="117.133" usertimems="440.528" systemtimems="5.741" stalltimems="2.522" timestamp="2022-02-08T18:53:25.725" activeThreads="4">
  <mem-info id="1546" free="251012000" total="1073741824" percent="23">
    <mem type="nursery" free="108787152" total="268435456" percent="40">
      <mem type="allocate" free="108787152" total="184418304" percent="58" />
      <mem type="survivor" free="0" total="84017152" percent="0" />
    </mem>
    <mem type="tenure" free="142224848" total="805306368" percent="17" macro-fragmented="0">
      <mem type="soa" free="134171088" total="797252608" percent="16" />
      <mem type="loa" free="8053760" total="8053760" percent="100" />
    </mem>
    <pending-finalizers system="52" default="1" reference="7" classloader="0" />
    <remembered-set count="132" />
  </mem-info>
</gc-end>
<cycle-end id="1547" type="scavenge" contextid="1541" timestamp="2022-02-08T18:53:25.725" />
<allocation-satisfied id="1548" threadId="0000000000016F00" bytesRequested="70576" />
<af-end id="1549" timestamp="2022-02-08T18:53:25.725" threadId="0000000000017908" success="true" from="nursery"/>
<exclusive-end id="1550" timestamp="2022-02-08T18:53:25.725" durationms="117.506" />

<concurrent-kickoff id="1551" timestamp="2022-02-08T18:53:26.466">
  <kickoff reason="threshold reached" targetBytes="75159172" thresholdFreeBytes="5883375"  remainingFree="5823192" tenureFreeBytes="142224848" nurseryFreeBytes="5823192" />
</concurrent-kickoff>
<exclusive-start id="1552" timestamp="2022-02-08T18:53:26.474" intervalms="866.151">
  <response-info timems="0.020" idlems="0.020" threads="0" lastid="0000000000016F00" lastname="main" />
</exclusive-start>
<cycle-start id="1553" type="global" contextid="0" timestamp="2022-02-08T18:53:26.474" intervalms="3064.163" />
<concurrent-start id="1554" type="global mark" contextid="1553" timestamp="2022-02-08T18:53:26.474">
</concurrent-start>
<exclusive-end id="1555" timestamp="2022-02-08T18:53:26.474" durationms="0.030" />

<exclusive-start id="1556" timestamp="2022-02-08T18:53:26.587" intervalms="112.666">
  <response-info timems="0.017" idlems="0.017" threads="0" lastid="0000000000016F00" lastname="main" />
</exclusive-start>
<af-start id="1557" threadId="0000000000017908" totalBytesRequested="208" timestamp="2022-02-08T18:53:26.587" intervalms="978.813" type="nursery" />
<cycle-start id="1558" type="scavenge" contextid="0" timestamp="2022-02-08T18:53:26.587" intervalms="978.811" />
<gc-start id="1559" type="scavenge" contextid="1558" timestamp="2022-02-08T18:53:26.587">
  <mem-info id="1560" free="142224848" total="1073741824" percent="13">
    <mem type="nursery" free="0" total="268435456" percent="0">
      <mem type="allocate" free="0" total="184418304" percent="0" />
      <mem type="survivor" free="0" total="84017152" percent="0" />
    </mem>
    <mem type="tenure" free="142224848" total="805306368" percent="17">
      <mem type="soa" free="134171088" total="797252608" percent="16" />
      <mem type="loa" free="8053760" total="8053760" percent="100" />
    </mem>
    <remembered-set count="133" />
  </mem-info>
</gc-start>
<allocation-stats totalBytes="108735344" >
  <allocated-bytes non-tlh="2063096" tlh="106672248" />
  <largest-consumer threadName="main" threadId="0000000000016F00" bytes="108727152" />
</allocation-stats>
<gc-op id="1561" type="scavenge" timems="83.888" contextid="1558" timestamp="2022-02-08T18:53:26.671">
  <scavenger-info tenureage="1" tenuremask="7ffe" tiltratio="68" />
  <memory-copied type="nursery" objects="1363224" bytes="77349880" bytesdiscarded="258760" />
  <memory-copied type="tenure" objects="1473142" bytes="75115200" bytesdiscarded="39384" />
  <finalization candidates="57" enqueued="0" />
  <references type="phantom" candidates="3" cleared="0" enqueued="0" />
  <object-monitors candidates="2" cleared="0"  />
</gc-op>
<gc-end id="1562" type="scavenge" contextid="1558" durationms="84.154" usertimems="332.302" systemtimems="0.000" stalltimems="2.150" timestamp="2022-02-08T18:53:26.671" activeThreads="4">
  <mem-info id="1563" free="172740888" total="1073741824" percent="16">
    <mem type="nursery" free="105630016" total="268435456" percent="39">
      <mem type="allocate" free="105630016" total="183238656" percent="57" />
      <mem type="survivor" free="0" total="85196800" percent="0" />
    </mem>
    <mem type="tenure" free="67110872" total="805306368" percent="8" macro-fragmented="34259406">
      <mem type="soa" free="59057112" total="797252608" percent="7" />
      <mem type="loa" free="8053760" total="8053760" percent="100" />
    </mem>
    <remembered-set count="100" />
  </mem-info>
</gc-end>
<cycle-end id="1564" type="scavenge" contextid="1558" timestamp="2022-02-08T18:53:26.671" />
<allocation-satisfied id="1565" threadId="0000000000016F00" bytesRequested="208" />
<af-end id="1566" timestamp="2022-02-08T18:53:26.671" threadId="0000000000017908" success="true" from="nursery"/>
<exclusive-end id="1567" timestamp="2022-02-08T18:53:26.671" durationms="84.487" />

<concurrent-end id="1568" type="global mark" contextid="1553" timestamp="2022-02-08T18:53:26.859">
<gc-op id="1569" type="trace" timems="385.525" contextid="1553" timestamp="2022-02-08T18:53:26.859">
  <trace bytesTraced="74429680" workStackOverflowCount="0" />
  <card-cleaning reason="card cleaning threshold reached" bytesTraced="904" cardsCleaned="2" />
</gc-op>
</concurrent-end>

<exclusive-start id="1570" timestamp="2022-02-08T18:53:26.859" intervalms="272.931">
  <response-info timems="0.018" idlems="0.018" threads="0" lastid="0000000000016F00" lastname="main" />
</exclusive-start>
<concurrent-global-final id="1571" timestamp="2022-02-08T18:53:26.859" contextid="1553" intervalms="3072.206" >
  <concurrent-trace-info reason="card cleaning threshold reached" tracedByMutators="53156920" tracedByHelpers="21273664" cardsCleaned="2" workStackOverflowCount="0" />
</concurrent-global-final>
<gc-start id="1572" type="global" contextid="1553" timestamp="2022-02-08T18:53:26.860">
  <mem-info id="1573" free="160059464" total="1073741824" percent="14">
    <mem type="nursery" free="92948592" total="268435456" percent="34">
      <mem type="allocate" free="92948592" total="183238656" percent="50" />
      <mem type="survivor" free="0" total="85196800" percent="0" />
    </mem>
    <mem type="tenure" free="67110872" total="805306368" percent="8">
      <mem type="soa" free="59057112" total="797252608" percent="7" />
      <mem type="loa" free="8053760" total="8053760" percent="100" />
    </mem>
    <remembered-set count="100" />
  </mem-info>
</gc-start>
<allocation-stats totalBytes="12675936" >
  <allocated-bytes non-tlh="208" tlh="12675728" />
  <largest-consumer threadName="main" threadId="0000000000016F00" bytes="12675936" />
</allocation-stats>
<gc-op id="1574" type="rs-scan" timems="0.509" contextid="1553" timestamp="2022-02-08T18:53:26.860">
  <scan objectsFound="29" bytesTraced="5268" workStackOverflowCount="0" />
</gc-op>
<gc-op id="1575" type="card-cleaning" timems="151.934" contextid="1553" timestamp="2022-02-08T18:53:27.012">
  <card-cleaning cardsCleaned="9" bytesTraced="71010608" workStackOverflowCount="0" />
</gc-op>
<gc-op id="1576" type="mark" timems="52.255" contextid="1553" timestamp="2022-02-08T18:53:27.064">
  <trace-info objectcount="1643606" scancount="1234232" scanbytes="26397992" />
  <finalization candidates="428" enqueued="57" />
  <ownableSynchronizers candidates="1" cleared="0" />
  <references type="soft" candidates="894" cleared="0" enqueued="0" dynamicThreshold="11" maxThreshold="32" />
  <references type="weak" candidates="1701" cleared="0" enqueued="0" />
  <references type="phantom" candidates="52" cleared="2" enqueued="2" />
  <stringconstants candidates="6470" cleared="0"  />
  <object-monitors candidates="2" cleared="0"  />
</gc-op>
<gc-op id="1577" type="sweep" timems="12.756" contextid="1553" timestamp="2022-02-08T18:53:27.077" />
<gc-end id="1578" type="global" contextid="1553" durationms="217.685" usertimems="236.071" systemtimems="0.000" stalltimems="176.170" timestamp="2022-02-08T18:53:27.077" activeThreads="4">
  <mem-info id="1579" free="403319872" total="1073741824" percent="37">
    <mem type="nursery" free="93299672" total="268435456" percent="34">
      <mem type="allocate" free="93299672" total="183238656" percent="50" />
      <mem type="survivor" free="0" total="85196800" percent="0" />
    </mem>
    <mem type="tenure" free="310020200" total="805306368" percent="38" micro-fragmented="311500" macro-fragmented="0">
      <mem type="soa" free="301966440" total="797252608" percent="37" />
      <mem type="loa" free="8053760" total="8053760" percent="100" />
    </mem>
    <pending-finalizers system="57" default="0" reference="2" classloader="0" />
    <remembered-set count="100" />
  </mem-info>
</gc-end>
<cycle-end id="1580" type="global" contextid="1553" timestamp="2022-02-08T18:53:27.077" />
<exclusive-end id="1581" timestamp="2022-02-08T18:53:27.077" durationms="217.882" />

<exclusive-start id="1582" timestamp="2022-02-08T18:53:27.772" intervalms="912.888">
  <response-info timems="0.023" idlems="0.023" threads="0" lastid="0000000000016F00" lastname="main" />
</exclusive-start>
<af-start id="1583" threadId="0000000000017908" totalBytesRequested="184" timestamp="2022-02-08T18:53:27.772" intervalms="1185.820" type="nursery" />
<cycle-start id="1584" type="scavenge" contextid="0" timestamp="2022-02-08T18:53:27.772" intervalms="1185.823" />
<gc-start id="1585" type="scavenge" contextid="1584" timestamp="2022-02-08T18:53:27.772">
  <mem-info id="1586" free="310020200" total="1073741824" percent="28">
    <mem type="nursery" free="0" total="268435456" percent="0">
      <mem type="allocate" free="0" total="183238656" percent="0" />
      <mem type="survivor" free="0" total="85196800" percent="0" />
    </mem>
    <mem type="tenure" free="310020200" total="805306368" percent="38">
      <mem type="soa" free="301966440" total="797252608" percent="37" />
      <mem type="loa" free="8053760" total="8053760" percent="100" />
    </mem>
    <remembered-set count="103" />
  </mem-info>
</gc-start>
<allocation-stats totalBytes="93253840" >
  <allocated-bytes non-tlh="0" tlh="93253840" />
  <largest-consumer threadName="main" threadId="0000000000016F00" bytes="93249744" />
</allocation-stats>
<gc-op id="1587" type="scavenge" timems="89.313" contextid="1584" timestamp="2022-02-08T18:53:27.862">
  <scavenger-info tenureage="1" tenuremask="7ffe" tiltratio="68" />
  <memory-copied type="nursery" objects="1335907" bytes="75256104" bytesdiscarded="263640" />
  <memory-copied type="tenure" objects="1363223" bytes="77349768" bytesdiscarded="45224" />
  <finalization candidates="3" enqueued="0" />
  <ownableSynchronizers candidates="2" cleared="2" />
  <object-monitors candidates="2" cleared="0"  />
</gc-op>
<gc-end id="1588" type="scavenge" contextid="1584" durationms="89.527" usertimems="351.498" systemtimems="1.683" stalltimems="2.729" timestamp="2022-02-08T18:53:27.862" activeThreads="4">
  <mem-info id="1589" free="340574528" total="1073741824" percent="31">
    <mem type="nursery" free="108046592" total="268435456" percent="40">
      <mem type="allocate" free="108046592" total="183566336" percent="58" />
      <mem type="survivor" free="0" total="84869120" percent="0" />
    </mem>
    <mem type="tenure" free="232527936" total="805306368" percent="28" macro-fragmented="0">
      <mem type="soa" free="224474176" total="797252608" percent="28" />
      <mem type="loa" free="8053760" total="8053760" percent="100" />
    </mem>
    <remembered-set count="105" />
  </mem-info>
</gc-end>
<cycle-end id="1590" type="scavenge" contextid="1584" timestamp="2022-02-08T18:53:27.862" />
<allocation-satisfied id="1591" threadId="0000000000016F00" bytesRequested="184" />
<af-end id="1592" timestamp="2022-02-08T18:53:27.862" threadId="0000000000017908" success="true" from="nursery"/>
<exclusive-end id="1593" timestamp="2022-02-08T18:53:27.862" durationms="89.781" />

<exclusive-start id="1594" timestamp="2022-02-08T18:53:28.568" intervalms="795.302">
  <response-info timems="0.017" idlems="0.017" threads="0" lastid="0000000000016F00" lastname="main" />
</exclusive-start>
<af-start id="1595" threadId="0000000000017908" totalBytesRequested="72" timestamp="2022-02-08T18:53:28.568" intervalms="795.298" type="nursery" />
<cycle-start id="1596" type="scavenge" contextid="0" timestamp="2022-02-08T18:53:28.568" intervalms="795.297" />
<gc-start id="1597" type="scavenge" contextid="1596" timestamp="2022-02-08T18:53:28.568">
  <mem-info id="1598" free="232527936" total="1073741824" percent="21">
    <mem type="nursery" free="0" total="268435456" percent="0">
      <mem type="allocate" free="0" total="183566336" percent="0" />
      <mem type="survivor" free="0" total="84869120" percent="0" />
    </mem>
    <mem type="tenure" free="232527936" total="805306368" percent="28">
      <mem type="soa" free="224474176" total="797252608" percent="28" />
      <mem type="loa" free="8053760" total="8053760" percent="100" />
    </mem>
    <remembered-set count="119" />
  </mem-info>
</gc-start>
<allocation-stats totalBytes="107999024" >
  <allocated-bytes non-tlh="453888" tlh="107545136" />
  <largest-consumer threadName="main" threadId="0000000000016F00" bytes="107999024" />
</allocation-stats>
<gc-op id="1599" type="scavenge" timems="74.094" contextid="1596" timestamp="2022-02-08T18:53:28.642">
  <scavenger-info tenureage="1" tenuremask="7ffe" tiltratio="68" />
  <memory-copied type="nursery" objects="1360315" bytes="76903808" bytesdiscarded="195528" />
  <memory-copied type="tenure" objects="1335906" bytes="75256000" bytesdiscarded="38824" />
  <finalization candidates="30" enqueued="18" />
  <references type="phantom" candidates="30" cleared="0" enqueued="0" />
  <object-monitors candidates="2" cleared="0"  />
</gc-op>
<gc-end id="1600" type="scavenge" contextid="1596" durationms="74.305" usertimems="293.340" systemtimems="0.278" stalltimems="1.999" timestamp="2022-02-08T18:53:28.642" activeThreads="4">
  <mem-info id="1601" free="263600624" total="1073741824" percent="24">
    <mem type="nursery" free="106467000" total="268435456" percent="39">
      <mem type="allocate" free="106467000" total="183566336" percent="57" />
      <mem type="survivor" free="0" total="84869120" percent="0" />
    </mem>
    <mem type="tenure" free="157133624" total="805306368" percent="19" macro-fragmented="39939376">
      <mem type="soa" free="149079864" total="797252608" percent="18" />
      <mem type="loa" free="8053760" total="8053760" percent="100" />
    </mem>
    <pending-finalizers system="18" default="0" reference="0" classloader="0" />
    <remembered-set count="119" />
  </mem-info>
</gc-end>
<cycle-end id="1602" type="scavenge" contextid="1596" timestamp="2022-02-08T18:53:28.642" />
<allocation-satisfied id="1603" threadId="0000000000016F00" bytesRequested="72" />
<af-end id="1604" timestamp="2022-02-08T18:53:28.642" threadId="0000000000017908" success="true" from="nursery"/>
<exclusive-end id="1605" timestamp="2022-02-08T18:53:28.642" durationms="74.597" />

<concurrent-kickoff id="1606" timestamp="2022-02-08T18:53:29.444">
  <kickoff reason="threshold reached" targetBytes="75013277" thresholdFreeBytes="5848097"  remainingFree="5803704" tenureFreeBytes="157133624" nurseryFreeBytes="5803704" />
</concurrent-kickoff>
<exclusive-start id="1607" timestamp="2022-02-08T18:53:29.447" intervalms="879.347">
  <response-info timems="0.019" idlems="0.019" threads="0" lastid="0000000000016F00" lastname="main" />
</exclusive-start>
<cycle-start id="1608" type="global" contextid="0" timestamp="2022-02-08T18:53:29.447" intervalms="2973.134" />
<concurrent-start id="1609" type="global mark" contextid="1608" timestamp="2022-02-08T18:53:29.447">
</concurrent-start>
<exclusive-end id="1610" timestamp="2022-02-08T18:53:29.447" durationms="0.038" />

<exclusive-start id="1611" timestamp="2022-02-08T18:53:29.562" intervalms="114.715">
  <response-info timems="0.036" idlems="0.036" threads="0" lastid="0000000000016F00" lastname="main" />
</exclusive-start>
<af-start id="1612" threadId="0000000000017908" totalBytesRequested="200" timestamp="2022-02-08T18:53:29.562" intervalms="994.067" type="nursery" />
<cycle-start id="1613" type="scavenge" contextid="0" timestamp="2022-02-08T18:53:29.562" intervalms="994.065" />
<gc-start id="1614" type="scavenge" contextid="1613" timestamp="2022-02-08T18:53:29.562">
  <mem-info id="1615" free="157133624" total="1073741824" percent="14">
    <mem type="nursery" free="0" total="268435456" percent="0">
      <mem type="allocate" free="0" total="183566336" percent="0" />
      <mem type="survivor" free="0" total="84869120" percent="0" />
    </mem>
    <mem type="tenure" free="157133624" total="805306368" percent="19">
      <mem type="soa" free="149079864" total="797252608" percent="18" />
      <mem type="loa" free="8053760" total="8053760" percent="100" />
    </mem>
    <remembered-set count="136" />
  </mem-info>
</gc-start>
<allocation-stats totalBytes="106418992" >
  <allocated-bytes non-tlh="2555192" tlh="103863800" />
  <largest-consumer threadName="main" threadId="0000000000016F00" bytes="106414896" />
</allocation-stats>
<gc-op id="1616" type="scavenge" timems="80.708" contextid="1613" timestamp="2022-02-08T18:53:29.643">
  <scavenger-info tenureage="1" tenuremask="7ffe" tiltratio="68" />
  <memory-copied type="nursery" objects="1417159" bytes="75152096" bytesdiscarded="215760" />
  <memory-copied type="tenure" objects="1360016" bytes="76291064" bytesdiscarded="39048" />
  <finalization candidates="92" enqueued="35" />
  <references type="soft" candidates="14" cleared="0" enqueued="0" dynamicThreshold="12" maxThreshold="32" />
  <references type="weak" candidates="1" cleared="0" enqueued="0" />
  <references type="phantom" candidates="77" cleared="7" enqueued="7" />
  <object-monitors candidates="2" cleared="0"  />
</gc-op>
<gc-end id="1617" type="scavenge" contextid="1613" durationms="80.922" usertimems="318.244" systemtimems="0.000" stalltimems="3.228" timestamp="2022-02-08T18:53:29.643" activeThreads="4">
  <mem-info id="1618" free="189332560" total="1073741824" percent="17">
    <mem type="nursery" free="108526032" total="268435456" percent="40">
      <mem type="allocate" free="108526032" total="183894016" percent="59" />
      <mem type="survivor" free="0" total="84541440" percent="0" />
    </mem>
    <mem type="tenure" free="80806528" total="805306368" percent="10" macro-fragmented="47927252">
      <mem type="soa" free="72752768" total="797252608" percent="9" />
      <mem type="loa" free="8053760" total="8053760" percent="100" />
    </mem>
    <pending-finalizers system="34" default="1" reference="7" classloader="0" />
    <remembered-set count="121" />
  </mem-info>
</gc-end>
<cycle-end id="1619" type="scavenge" contextid="1613" timestamp="2022-02-08T18:53:29.643" />
<allocation-satisfied id="1620" threadId="0000000000016F00" bytesRequested="200" />
<af-end id="1621" timestamp="2022-02-08T18:53:29.643" threadId="0000000000017908" success="true" from="nursery"/>
<exclusive-end id="1622" timestamp="2022-02-08T18:53:29.643" durationms="81.259" />

<concurrent-end id="1623" type="global mark" contextid="1608" timestamp="2022-02-08T18:53:29.770">
<gc-op id="1624" type="trace" timems="322.492" contextid="1608" timestamp="2022-02-08T18:53:29.770">
  <trace bytesTraced="74429856" workStackOverflowCount="0" />
  <card-cleaning reason="card cleaning threshold reached" bytesTraced="904" cardsCleaned="2" />
</gc-op>
</concurrent-end>

<exclusive-start id="1625" timestamp="2022-02-08T18:53:29.770" intervalms="207.843">
  <response-info timems="0.016" idlems="0.016" threads="0" lastid="0000000000016F00" lastname="main" />
</exclusive-start>
<concurrent-global-final id="1626" timestamp="2022-02-08T18:53:29.770" contextid="1608" intervalms="2910.095" >
  <concurrent-trace-info reason="card cleaning threshold reached" tracedByMutators="57569268" tracedByHelpers="16861492" cardsCleaned="2" workStackOverflowCount="0" />
</concurrent-global-final>
<gc-start id="1627" type="global" contextid="1608" timestamp="2022-02-08T18:53:29.770">
  <mem-info id="1628" free="180968328" total="1073741824" percent="16">
    <mem type="nursery" free="100161800" total="268435456" percent="37">
      <mem type="allocate" free="100161800" total="183894016" percent="54" />
      <mem type="survivor" free="0" total="84541440" percent="0" />
    </mem>
    <mem type="tenure" free="80806528" total="805306368" percent="10">
      <mem type="soa" free="72752768" total="797252608" percent="9" />
      <mem type="loa" free="8053760" total="8053760" percent="100" />
    </mem>
    <remembered-set count="122" />
  </mem-info>
</gc-start>
<allocation-stats totalBytes="8360392" >
  <allocated-bytes non-tlh="200" tlh="8360192" />
  <largest-consumer threadName="main" threadId="0000000000016F00" bytes="8352200" />
</allocation-stats>
<gc-op id="1629" type="rs-scan" timems="125.292" contextid="1608" timestamp="2022-02-08T18:53:29.895">
  <scan objectsFound="3324744" bytesTraced="71013132" workStackOverflowCount="0" />
</gc-op>
<gc-op id="1630" type="card-cleaning" timems="0.273" contextid="1608" timestamp="2022-02-08T18:53:29.895">
  <card-cleaning cardsCleaned="4" bytesTraced="1836" workStackOverflowCount="0" />
</gc-op>
<gc-op id="1631" type="mark" timems="38.403" contextid="1608" timestamp="2022-02-08T18:53:29.934">
  <trace-info objectcount="1273473" scancount="956631" scanbytes="20475848" />
  <finalization candidates="428" enqueued="57" />
  <ownableSynchronizers candidates="1" cleared="0" />
  <references type="soft" candidates="894" cleared="0" enqueued="0" dynamicThreshold="12" maxThreshold="32" />
  <references type="weak" candidates="1701" cleared="0" enqueued="0" />
  <references type="phantom" candidates="52" cleared="2" enqueued="2" />
  <stringconstants candidates="6470" cleared="0"  />
  <object-monitors candidates="2" cleared="0"  />
</gc-op>
<gc-op id="1632" type="sweep" timems="4.569" contextid="1608" timestamp="2022-02-08T18:53:29.938" />
<gc-end id="1633" type="global" contextid="1608" durationms="168.751" usertimems="182.797" systemtimems="0.000" stalltimems="114.886" timestamp="2022-02-08T18:53:29.938" activeThreads="4">
  <mem-info id="1634" free="424527712" total="1073741824" percent="39">
    <mem type="nursery" free="100788328" total="268435456" percent="37">
      <mem type="allocate" free="100788328" total="183894016" percent="54" />
      <mem type="survivor" free="0" total="84541440" percent="0" />
    </mem>
    <mem type="tenure" free="323739384" total="805306368" percent="40" micro-fragmented="292592" macro-fragmented="1500163">
      <mem type="soa" free="315685624" total="797252608" percent="39" />
      <mem type="loa" free="8053760" total="8053760" percent="100" />
    </mem>
    <pending-finalizers system="57" default="0" reference="2" classloader="0" />
    <remembered-set count="109" />
  </mem-info>
</gc-end>
<cycle-end id="1635" type="global" contextid="1608" timestamp="2022-02-08T18:53:29.938" />
<exclusive-end id="1636" timestamp="2022-02-08T18:53:29.938" durationms="168.952" />

<exclusive-start id="1637" timestamp="2022-02-08T18:53:30.620" intervalms="850.014">
  <response-info timems="0.020" idlems="0.020" threads="0" lastid="0000000000016F00" lastname="main" />
</exclusive-start>
<af-start id="1638" threadId="0000000000017908" totalBytesRequested="184" timestamp="2022-02-08T18:53:30.620" intervalms="1057.861" type="nursery" />
<cycle-start id="1639" type="scavenge" contextid="0" timestamp="2022-02-08T18:53:30.620" intervalms="1057.863" />
<gc-start id="1640" type="scavenge" contextid="1639" timestamp="2022-02-08T18:53:30.620">
  <mem-info id="1641" free="323739384" total="1073741824" percent="30">
    <mem type="nursery" free="0" total="268435456" percent="0">
      <mem type="allocate" free="0" total="183894016" percent="0" />
      <mem type="survivor" free="0" total="84541440" percent="0" />
    </mem>
    <mem type="tenure" free="323739384" total="805306368" percent="40">
      <mem type="soa" free="315685624" total="797252608" percent="39" />
      <mem type="loa" free="8053760" total="8053760" percent="100" />
    </mem>
    <remembered-set count="110" />
  </mem-info>
</gc-start>
<allocation-stats totalBytes="100738536" >
  <allocated-bytes non-tlh="0" tlh="100738536" />
  <largest-consumer threadName="main" threadId="0000000000016F00" bytes="100734440" />
</allocation-stats>
<gc-op id="1642" type="scavenge" timems="79.909" contextid="1639" timestamp="2022-02-08T18:53:30.700">
  <scavenger-info tenureage="1" tenuremask="7ffe" tiltratio="68" />
  <memory-copied type="nursery" objects="1406667" bytes="77612128" bytesdiscarded="338328" />
  <memory-copied type="tenure" objects="1416677" bytes="74840240" bytesdiscarded="43016" />
  <finalization candidates="45" enqueued="0" />
  <ownableSynchronizers candidates="2" cleared="2" />
  <object-monitors candidates="2" cleared="0"  />
</gc-op>
<gc-end id="1643" type="scavenge" contextid="1639" durationms="80.174" usertimems="316.767" systemtimems="0.000" stalltimems="2.288" timestamp="2022-02-08T18:53:30.700" activeThreads="4">
  <mem-info id="1644" free="353020432" total="1073741824" percent="32">
    <mem type="nursery" free="104370696" total="268435456" percent="38">
      <mem type="allocate" free="104370696" total="182321152" percent="57" />
      <mem type="survivor" free="0" total="86114304" percent="0" />
    </mem>
    <mem type="tenure" free="248649736" total="805306368" percent="30" macro-fragmented="723458">
      <mem type="soa" free="240595976" total="797252608" percent="30" />
      <mem type="loa" free="8053760" total="8053760" percent="100" />
    </mem>
    <remembered-set count="104" />
  </mem-info>
</gc-end>
<cycle-end id="1645" type="scavenge" contextid="1639" timestamp="2022-02-08T18:53:30.700" />
<allocation-satisfied id="1646" threadId="0000000000016F00" bytesRequested="184" />
<af-end id="1647" timestamp="2022-02-08T18:53:30.700" threadId="0000000000017908" success="true" from="nursery"/>
<exclusive-end id="1648" timestamp="2022-02-08T18:53:30.700" durationms="80.723" />

<exclusive-start id="1649" timestamp="2022-02-08T18:53:31.332" intervalms="712.516">
  <response-info timems="0.021" idlems="0.021" threads="0" lastid="0000000000016F00" lastname="main" />
</exclusive-start>
<af-start id="1650" threadId="0000000000017908" totalBytesRequested="24" timestamp="2022-02-08T18:53:31.332" intervalms="712.509" type="nursery" />
<cycle-start id="1651" type="scavenge" contextid="0" timestamp="2022-02-08T18:53:31.332" intervalms="712.510" />
<gc-start id="1652" type="scavenge" contextid="1651" timestamp="2022-02-08T18:53:31.332">
  <mem-info id="1653" free="248649736" total="1073741824" percent="23">
    <mem type="nursery" free="0" total="268435456" percent="0">
      <mem type="allocate" free="0" total="182321152" percent="0" />
      <mem type="survivor" free="0" total="86114304" percent="0" />
    </mem>
    <mem type="tenure" free="248649736" total="805306368" percent="30">
      <mem type="soa" free="240595976" total="797252608" percent="30" />
      <mem type="loa" free="8053760" total="8053760" percent="100" />
    </mem>
    <remembered-set count="104" />
  </mem-info>
</gc-start>
<allocation-stats totalBytes="104326712" >
  <allocated-bytes non-tlh="184" tlh="104326528" />
  <largest-consumer threadName="main" threadId="0000000000016F00" bytes="104326712" />
</allocation-stats>
<gc-op id="1654" type="scavenge" timems="77.955" contextid="1651" timestamp="2022-02-08T18:53:31.410">
  <scavenger-info tenureage="1" tenuremask="7ffe" tiltratio="67" />
  <memory-copied type="nursery" objects="1303462" bytes="74176368" bytesdiscarded="265576" />
  <memory-copied type="tenure" objects="1406666" bytes="77612024" bytesdiscarded="41032" />
  <object-monitors candidates="2" cleared="0"  />
</gc-op>
<gc-end id="1655" type="scavenge" contextid="1651" durationms="78.219" usertimems="309.057" systemtimems="0.000" stalltimems="1.999" timestamp="2022-02-08T18:53:31.410" activeThreads="4">
  <mem-info id="1656" free="279372520" total="1073741824" percent="26">
    <mem type="nursery" free="108337960" total="268435456" percent="40">
      <mem type="allocate" free="108337960" total="182779904" percent="59" />
      <mem type="survivor" free="0" total="85655552" percent="0" />
    </mem>
    <mem type="tenure" free="171034560" total="805306368" percent="21" macro-fragmented="0">
      <mem type="soa" free="162980800" total="797252608" percent="20" />
      <mem type="loa" free="8053760" total="8053760" percent="100" />
    </mem>
    <remembered-set count="104" />
  </mem-info>
</gc-end>
<cycle-end id="1657" type="scavenge" contextid="1651" timestamp="2022-02-08T18:53:31.411" />
<allocation-satisfied id="1658" threadId="0000000000016F00" bytesRequested="24" />
<af-end id="1659" timestamp="2022-02-08T18:53:31.411" threadId="0000000000017908" success="true" from="nursery"/>
<exclusive-end id="1660" timestamp="2022-02-08T18:53:31.411" durationms="78.471" />

<exclusive-start id="1661" timestamp="2022-02-08T18:53:32.315" intervalms="982.456">
  <response-info timems="0.020" idlems="0.020" threads="0" lastid="0000000000016F00" lastname="main" />
</exclusive-start>
<af-start id="1662" threadId="0000000000017908" totalBytesRequested="88" timestamp="2022-02-08T18:53:32.315" intervalms="982.460" type="nursery" />
<cycle-start id="1663" type="scavenge" contextid="0" timestamp="2022-02-08T18:53:32.315" intervalms="982.457" />
<gc-start id="1664" type="scavenge" contextid="1663" timestamp="2022-02-08T18:53:32.315">
  <mem-info id="1665" free="171034560" total="1073741824" percent="15">
    <mem type="nursery" free="0" total="268435456" percent="0">
      <mem type="allocate" free="0" total="182779904" percent="0" />
      <mem type="survivor" free="0" total="85655552" percent="0" />
    </mem>
    <mem type="tenure" free="171034560" total="805306368" percent="21">
      <mem type="soa" free="162980800" total="797252608" percent="20" />
      <mem type="loa" free="8053760" total="8053760" percent="100" />
    </mem>
    <remembered-set count="134" />
  </mem-info>
</gc-start>
<allocation-stats totalBytes="108290360" >
  <allocated-bytes non-tlh="2938272" tlh="105352088" />
  <largest-consumer threadName="main" threadId="0000000000016F00" bytes="108290360" />
</allocation-stats>
<gc-op id="1666" type="scavenge" timems="87.947" contextid="1663" timestamp="2022-02-08T18:53:32.403">
  <scavenger-info tenureage="1" tenuremask="7ffe" tiltratio="68" />
  <memory-copied type="nursery" objects="1449206" bytes="76121488" bytesdiscarded="69352" />
  <memory-copied type="tenure" objects="1303462" bytes="74176368" bytesdiscarded="38616" />
  <finalization candidates="110" enqueued="53" />
  <references type="soft" candidates="14" cleared="0" enqueued="0" dynamicThreshold="12" maxThreshold="32" />
  <references type="weak" candidates="1" cleared="0" enqueued="0" />
  <references type="phantom" candidates="95" cleared="7" enqueued="7" />
  <object-monitors candidates="2" cleared="0"  />
</gc-op>
<gc-end id="1667" type="scavenge" contextid="1663" durationms="88.098" usertimems="348.645" systemtimems="0.000" stalltimems="2.274" timestamp="2022-02-08T18:53:32.403" activeThreads="4">
  <mem-info id="1668" free="203574392" total="1073741824" percent="18">
    <mem type="nursery" free="106851080" total="268435456" percent="39">
      <mem type="allocate" free="106851080" total="183042048" percent="58" />
      <mem type="survivor" free="0" total="85393408" percent="0" />
    </mem>
    <mem type="tenure" free="96723312" total="805306368" percent="12" macro-fragmented="69015248">
      <mem type="soa" free="88669552" total="797252608" percent="11" />
      <mem type="loa" free="8053760" total="8053760" percent="100" />
    </mem>
    <pending-finalizers system="52" default="1" reference="7" classloader="0" />
    <remembered-set count="128" />
  </mem-info>
</gc-end>
<cycle-end id="1669" type="scavenge" contextid="1663" timestamp="2022-02-08T18:53:32.403" />
<allocation-satisfied id="1670" threadId="0000000000016F00" bytesRequested="88" />
<af-end id="1671" timestamp="2022-02-08T18:53:32.403" threadId="0000000000017908" success="true" from="nursery"/>
<exclusive-end id="1672" timestamp="2022-02-08T18:53:32.403" durationms="88.363" />

<concurrent-kickoff id="1673" timestamp="2022-02-08T18:53:33.115">
  <kickoff reason="threshold reached" targetBytes="74896643" thresholdFreeBytes="5827720"  remainingFree="5794568" tenureFreeBytes="96723312" nurseryFreeBytes="5794568" />
</concurrent-kickoff>
<exclusive-start id="1674" timestamp="2022-02-08T18:53:33.120" intervalms="805.533">
  <response-info timems="0.032" idlems="0.032" threads="0" lastid="0000000000016F00" lastname="main" />
</exclusive-start>
<cycle-start id="1675" type="global" contextid="0" timestamp="2022-02-08T18:53:33.120" intervalms="3673.087" />
<concurrent-start id="1676" type="global mark" contextid="1675" timestamp="2022-02-08T18:53:33.120">
</concurrent-start>
<exclusive-end id="1677" timestamp="2022-02-08T18:53:33.120" durationms="0.057" />

<exclusive-start id="1678" timestamp="2022-02-08T18:53:33.249" intervalms="128.976">
  <response-info timems="0.831" idlems="0.831" threads="0" lastid="0000000000016F00" lastname="main" />
</exclusive-start>
<af-start id="1679" threadId="0000000000017908" totalBytesRequested="96" timestamp="2022-02-08T18:53:33.249" intervalms="934.530" type="nursery" />
<cycle-start id="1680" type="scavenge" contextid="0" timestamp="2022-02-08T18:53:33.249" intervalms="934.536" />
<gc-start id="1681" type="scavenge" contextid="1680" timestamp="2022-02-08T18:53:33.249">
  <mem-info id="1682" free="96723312" total="1073741824" percent="9">
    <mem type="nursery" free="0" total="268435456" percent="0">
      <mem type="allocate" free="0" total="183042048" percent="0" />
      <mem type="survivor" free="0" total="85393408" percent="0" />
    </mem>
    <mem type="tenure" free="96723312" total="805306368" percent="12">
      <mem type="soa" free="88669552" total="797252608" percent="11" />
      <mem type="loa" free="8053760" total="8053760" percent="100" />
    </mem>
    <remembered-set count="129" />
  </mem-info>
</gc-start>
<allocation-stats totalBytes="106801056" >
  <allocated-bytes non-tlh="88" tlh="106800968" />
  <largest-consumer threadName="main" threadId="0000000000016F00" bytes="106792864" />
</allocation-stats>
<gc-op id="1683" type="scavenge" timems="102.837" contextid="1680" timestamp="2022-02-08T18:53:33.352">
  <scavenger-info tenureage="1" tenuremask="7ffe" tiltratio="68" />
  <memory-copied type="nursery" objects="1382228" bytes="76107456" bytesdiscarded="151120" />
  <memory-copied type="tenure" objects="1448494" bytes="75653576" bytesdiscarded="39192" />
  <finalization candidates="57" enqueued="0" />
  <object-monitors candidates="2" cleared="0"  />
</gc-op>
<gc-end id="1684" type="scavenge" contextid="1680" durationms="102.972" usertimems="407.336" systemtimems="0.000" stalltimems="2.675" timestamp="2022-02-08T18:53:33.352" activeThreads="4">
  <mem-info id="1685" free="128537248" total="1073741824" percent="11">
    <mem type="nursery" free="107438832" total="268435456" percent="40">
      <mem type="allocate" free="107438832" total="183697408" percent="58" />
      <mem type="survivor" free="0" total="84738048" percent="0" />
    </mem>
    <mem type="tenure" free="21098416" total="805306368" percent="2" macro-fragmented="18886860">
      <mem type="soa" free="13044656" total="797252608" percent="1" />
      <mem type="loa" free="8053760" total="8053760" percent="100" />
    </mem>
    <remembered-set count="103" />
  </mem-info>
</gc-end>
<cycle-end id="1686" type="scavenge" contextid="1680" timestamp="2022-02-08T18:53:33.352" />
<allocation-satisfied id="1687" threadId="0000000000016F00" bytesRequested="96" />
<af-end id="1688" timestamp="2022-02-08T18:53:33.352" threadId="0000000000017908" success="true" from="nursery"/>
<exclusive-end id="1689" timestamp="2022-02-08T18:53:33.352" durationms="103.301" />

<concurrent-end id="1690" type="global mark" contextid="1675" timestamp="2022-02-08T18:53:33.495">
<gc-op id="1691" type="trace" timems="374.833" contextid="1675" timestamp="2022-02-08T18:53:33.495">
  <trace bytesTraced="74430096" workStackOverflowCount="0" />
  <card-cleaning reason="card cleaning threshold reached" bytesTraced="904" cardsCleaned="2" />
</gc-op>
</concurrent-end>

<exclusive-start id="1692" timestamp="2022-02-08T18:53:33.495" intervalms="245.987">
  <response-info timems="0.022" idlems="0.022" threads="0" lastid="0000000000016F00" lastname="main" />
</exclusive-start>
<concurrent-global-final id="1693" timestamp="2022-02-08T18:53:33.495" contextid="1675" intervalms="3725.485" >
  <concurrent-trace-info reason="card cleaning threshold reached" tracedByMutators="53391080" tracedByHelpers="21039920" cardsCleaned="2" workStackOverflowCount="0" />
</concurrent-global-final>
<gc-start id="1694" type="global" contextid="1675" timestamp="2022-02-08T18:53:33.495">
  <mem-info id="1695" free="119788096" total="1073741824" percent="11">
    <mem type="nursery" free="98689680" total="268435456" percent="36">
      <mem type="allocate" free="98689680" total="183697408" percent="53" />
      <mem type="survivor" free="0" total="84738048" percent="0" />
    </mem>
    <mem type="tenure" free="21098416" total="805306368" percent="2">
      <mem type="soa" free="13044656" total="797252608" percent="1" />
      <mem type="loa" free="8053760" total="8053760" percent="100" />
    </mem>
    <remembered-set count="103" />
  </mem-info>
</gc-start>
<allocation-stats totalBytes="8744480" >
  <allocated-bytes non-tlh="96" tlh="8744384" />
  <largest-consumer threadName="main" threadId="0000000000016F00" bytes="8744480" />
</allocation-stats>
<gc-op id="1696" type="rs-scan" timems="0.608" contextid="1675" timestamp="2022-02-08T18:53:33.496">
  <scan objectsFound="0" bytesTraced="3836" workStackOverflowCount="0" />
</gc-op>
<gc-op id="1697" type="card-cleaning" timems="146.389" contextid="1675" timestamp="2022-02-08T18:53:33.642">
  <card-cleaning cardsCleaned="10" bytesTraced="71012040" workStackOverflowCount="0" />
</gc-op>
<gc-op id="1698" type="mark" timems="64.109" contextid="1675" timestamp="2022-02-08T18:53:33.706">
  <trace-info objectcount="2392038" scancount="1795556" scanbytes="38372904" />
  <finalization candidates="428" enqueued="57" />
  <ownableSynchronizers candidates="1" cleared="0" />
  <references type="soft" candidates="894" cleared="0" enqueued="0" dynamicThreshold="12" maxThreshold="32" />
  <references type="weak" candidates="1701" cleared="0" enqueued="0" />
  <references type="phantom" candidates="52" cleared="2" enqueued="2" />
  <stringconstants candidates="6470" cleared="0"  />
  <object-monitors candidates="2" cleared="0"  />
</gc-op>
<gc-op id="1699" type="sweep" timems="5.175" contextid="1675" timestamp="2022-02-08T18:53:33.712" />
<gc-end id="1700" type="global" contextid="1675" durationms="216.503" usertimems="232.433" systemtimems="0.862" stalltimems="191.384" timestamp="2022-02-08T18:53:33.712" activeThreads="4">
  <mem-info id="1701" free="362956152" total="1073741824" percent="33">
    <mem type="nursery" free="98933104" total="268435456" percent="36">
      <mem type="allocate" free="98933104" total="183697408" percent="53" />
      <mem type="survivor" free="0" total="84738048" percent="0" />
    </mem>
    <mem type="tenure" free="264023048" total="805306368" percent="32" micro-fragmented="343065" macro-fragmented="0">
      <mem type="soa" free="255969288" total="797252608" percent="32" />
      <mem type="loa" free="8053760" total="8053760" percent="100" />
    </mem>
    <pending-finalizers system="57" default="0" reference="2" classloader="0" />
    <remembered-set count="103" />
  </mem-info>
</gc-end>
<cycle-end id="1702" type="global" contextid="1675" timestamp="2022-02-08T18:53:33.712" />
<exclusive-end id="1703" timestamp="2022-02-08T18:53:33.712" durationms="216.739" />

<exclusive-start id="1704" timestamp="2022-02-08T18:53:34.321" intervalms="826.254">
  <response-info timems="0.030" idlems="0.030" threads="0" lastid="0000000000016F00" lastname="main" />
</exclusive-start>
<af-start id="1705" threadId="0000000000017908" totalBytesRequested="64" timestamp="2022-02-08T18:53:34.321" intervalms="1072.225" type="nursery" />
<cycle-start id="1706" type="scavenge" contextid="0" timestamp="2022-02-08T18:53:34.321" intervalms="1072.220" />
<gc-start id="1707" type="scavenge" contextid="1706" timestamp="2022-02-08T18:53:34.321">
  <mem-info id="1708" free="264023048" total="1073741824" percent="24">
    <mem type="nursery" free="0" total="268435456" percent="0">
      <mem type="allocate" free="0" total="183697408" percent="0" />
      <mem type="survivor" free="0" total="84738048" percent="0" />
    </mem>
    <mem type="tenure" free="264023048" total="805306368" percent="32">
      <mem type="soa" free="255969288" total="797252608" percent="32" />
      <mem type="loa" free="8053760" total="8053760" percent="100" />
    </mem>
    <remembered-set count="106" />
  </mem-info>
</gc-start>
<allocation-stats totalBytes="98887720" >
  <allocated-bytes non-tlh="0" tlh="98887720" />
  <largest-consumer threadName="main" threadId="0000000000016F00" bytes="98883624" />
</allocation-stats>
<gc-op id="1709" type="scavenge" timems="75.216" contextid="1706" timestamp="2022-02-08T18:53:34.397">
  <scavenger-info tenureage="1" tenuremask="7ffe" tiltratio="68" />
  <memory-copied type="nursery" objects="1347555" bytes="76415336" bytesdiscarded="205792" />
  <memory-copied type="tenure" objects="1382228" bytes="76107456" bytesdiscarded="43216" />
  <ownableSynchronizers candidates="2" cleared="2" />
  <object-monitors candidates="2" cleared="0"  />
</gc-op>
<gc-end id="1710" type="scavenge" contextid="1706" durationms="75.432" usertimems="297.340" systemtimems="0.292" stalltimems="1.870" timestamp="2022-02-08T18:53:34.397" activeThreads="4">
  <mem-info id="1711" free="295143608" total="1073741824" percent="27">
    <mem type="nursery" free="107403960" total="268435456" percent="40">
      <mem type="allocate" free="107403960" total="184025088" percent="58" />
      <mem type="survivor" free="0" total="84410368" percent="0" />
    </mem>
    <mem type="tenure" free="187739648" total="805306368" percent="23" macro-fragmented="0">
      <mem type="soa" free="179685888" total="797252608" percent="22" />
      <mem type="loa" free="8053760" total="8053760" percent="100" />
    </mem>
    <remembered-set count="105" />
  </mem-info>
</gc-end>
<cycle-end id="1712" type="scavenge" contextid="1706" timestamp="2022-02-08T18:53:34.397" />
<allocation-satisfied id="1713" threadId="0000000000016F00" bytesRequested="64" />
<af-end id="1714" timestamp="2022-02-08T18:53:34.397" threadId="0000000000017908" success="true" from="nursery"/>
<exclusive-end id="1715" timestamp="2022-02-08T18:53:34.397" durationms="75.687" />

<exclusive-start id="1716" timestamp="2022-02-08T18:53:35.261" intervalms="939.817">
  <response-info timems="0.017" idlems="0.017" threads="0" lastid="0000000000016F00" lastname="main" />
</exclusive-start>
<af-start id="1717" threadId="0000000000017908" totalBytesRequested="192" timestamp="2022-02-08T18:53:35.261" intervalms="939.809" type="nursery" />
<cycle-start id="1718" type="scavenge" contextid="0" timestamp="2022-02-08T18:53:35.261" intervalms="939.809" />
<gc-start id="1719" type="scavenge" contextid="1718" timestamp="2022-02-08T18:53:35.261">
  <mem-info id="1720" free="187739648" total="1073741824" percent="17">
    <mem type="nursery" free="0" total="268435456" percent="0">
      <mem type="allocate" free="0" total="184025088" percent="0" />
      <mem type="survivor" free="0" total="84410368" percent="0" />
    </mem>
    <mem type="tenure" free="187739648" total="805306368" percent="23">
      <mem type="soa" free="179685888" total="797252608" percent="22" />
      <mem type="loa" free="8053760" total="8053760" percent="100" />
    </mem>
    <remembered-set count="136" />
  </mem-info>
</gc-start>
<allocation-stats totalBytes="107358872" >
  <allocated-bytes non-tlh="1590632" tlh="105768240" />
  <largest-consumer threadName="main" threadId="0000000000016F00" bytes="107358872" />
</allocation-stats>
<gc-op id="1721" type="scavenge" timems="74.970" contextid="1718" timestamp="2022-02-08T18:53:35.336">
  <scavenger-info tenureage="1" tenuremask="7ffe" tiltratio="68" />
  <memory-copied type="nursery" objects="1449044" bytes="75539416" bytesdiscarded="215232" />
  <memory-copied type="tenure" objects="1347554" bytes="76415296" bytesdiscarded="40416" />
  <finalization candidates="109" enqueued="53" />
  <references type="soft" candidates="14" cleared="0" enqueued="0" dynamicThreshold="10" maxThreshold="32" />
  <references type="weak" candidates="1" cleared="0" enqueued="0" />
  <references type="phantom" candidates="94" cleared="7" enqueued="7" />
  <object-monitors candidates="2" cleared="0"  />
</gc-op>
<gc-end id="1722" type="scavenge" contextid="1718" durationms="75.174" usertimems="296.531" systemtimems="0.000" stalltimems="2.668" timestamp="2022-02-08T18:53:35.336" activeThreads="4">
  <mem-info id="1723" free="219854640" total="1073741824" percent="20">
    <mem type="nursery" free="108663528" total="268435456" percent="40">
      <mem type="allocate" free="108663528" total="184418304" percent="58" />
      <mem type="survivor" free="0" total="84017152" percent="0" />
    </mem>
    <mem type="tenure" free="111191112" total="805306368" percent="13" macro-fragmented="0">
      <mem type="soa" free="103137352" total="797252608" percent="12" />
      <mem type="loa" free="8053760" total="8053760" percent="100" />
    </mem>
    <pending-finalizers system="52" default="1" reference="7" classloader="0" />
    <remembered-set count="132" />
  </mem-info>
</gc-end>
<cycle-end id="1724" type="scavenge" contextid="1718" timestamp="2022-02-08T18:53:35.337" />
<allocation-satisfied id="1725" threadId="0000000000016F00" bytesRequested="192" />
<af-end id="1726" timestamp="2022-02-08T18:53:35.337" threadId="0000000000017908" success="true" from="nursery"/>
<exclusive-end id="1727" timestamp="2022-02-08T18:53:35.337" durationms="75.427" />

<concurrent-kickoff id="1728" timestamp="2022-02-08T18:53:36.023">
  <kickoff reason="threshold reached" targetBytes="74803424" thresholdFreeBytes="5811422"  remainingFree="5759432" tenureFreeBytes="111191112" nurseryFreeBytes="5759432" />
</concurrent-kickoff>
<exclusive-start id="1729" timestamp="2022-02-08T18:53:36.026" intervalms="765.379">
  <response-info timems="0.019" idlems="0.019" threads="0" lastid="0000000000016F00" lastname="main" />
</exclusive-start>
<cycle-start id="1730" type="global" contextid="0" timestamp="2022-02-08T18:53:36.026" intervalms="2906.403" />
<concurrent-start id="1731" type="global mark" contextid="1730" timestamp="2022-02-08T18:53:36.027">
</concurrent-start>
<exclusive-end id="1732" timestamp="2022-02-08T18:53:36.027" durationms="0.029" />

<exclusive-start id="1733" timestamp="2022-02-08T18:53:36.154" intervalms="127.759">
  <response-info timems="0.017" idlems="0.017" threads="0" lastid="0000000000016F00" lastname="main" />
</exclusive-start>
<af-start id="1734" threadId="0000000000017908" totalBytesRequested="184" timestamp="2022-02-08T18:53:36.154" intervalms="893.136" type="nursery" />
<cycle-start id="1735" type="scavenge" contextid="0" timestamp="2022-02-08T18:53:36.154" intervalms="893.137" />
<gc-start id="1736" type="scavenge" contextid="1735" timestamp="2022-02-08T18:53:36.154">
  <mem-info id="1737" free="111191112" total="1073741824" percent="10">
    <mem type="nursery" free="0" total="268435456" percent="0">
      <mem type="allocate" free="0" total="184418304" percent="0" />
      <mem type="survivor" free="0" total="84017152" percent="0" />
    </mem>
    <mem type="tenure" free="111191112" total="805306368" percent="13">
      <mem type="soa" free="103137352" total="797252608" percent="12" />
      <mem type="loa" free="8053760" total="8053760" percent="100" />
    </mem>
    <remembered-set count="133" />
  </mem-info>
</gc-start>
<allocation-stats totalBytes="108613800" >
  <allocated-bytes non-tlh="1347872" tlh="107265928" />
  <largest-consumer threadName="main" threadId="0000000000016F00" bytes="108605608" />
</allocation-stats>
<gc-op id="1738" type="scavenge" timems="84.307" contextid="1735" timestamp="2022-02-08T18:53:36.239">
  <scavenger-info tenureage="1" tenuremask="7ffe" tiltratio="68" />
  <memory-copied type="nursery" objects="1382514" bytes="77763192" bytesdiscarded="185544" />
  <memory-copied type="tenure" objects="1448324" bytes="74596144" bytesdiscarded="40112" />
  <finalization candidates="57" enqueued="0" />
  <references type="phantom" candidates="1" cleared="0" enqueued="0" />
  <object-monitors candidates="2" cleared="0"  />
</gc-op>
<gc-end id="1739" type="scavenge" contextid="1735" durationms="84.496" usertimems="331.590" systemtimems="0.577" stalltimems="4.343" timestamp="2022-02-08T18:53:36.239" activeThreads="4">
  <mem-info id="1740" free="141153280" total="1073741824" percent="13">
    <mem type="nursery" free="104569024" total="268435456" percent="38">
      <mem type="allocate" free="104569024" total="182517760" percent="57" />
      <mem type="survivor" free="0" total="85917696" percent="0" />
    </mem>
    <mem type="tenure" free="36584256" total="805306368" percent="4" macro-fragmented="0">
      <mem type="soa" free="28530496" total="797252608" percent="3" />
      <mem type="loa" free="8053760" total="8053760" percent="100" />
    </mem>
    <remembered-set count="102" />
  </mem-info>
</gc-end>
<cycle-end id="1741" type="scavenge" contextid="1735" timestamp="2022-02-08T18:53:36.239" />
<allocation-satisfied id="1742" threadId="0000000000016F00" bytesRequested="184" />
<af-end id="1743" timestamp="2022-02-08T18:53:36.239" threadId="0000000000017908" success="true" from="nursery"/>
<exclusive-end id="1744" timestamp="2022-02-08T18:53:36.239" durationms="84.773" />

<concurrent-end id="1745" type="global mark" contextid="1730" timestamp="2022-02-08T18:53:36.354">
<gc-op id="1746" type="trace" timems="327.218" contextid="1730" timestamp="2022-02-08T18:53:36.354">
  <trace bytesTraced="74430304" workStackOverflowCount="0" />
  <card-cleaning reason="card cleaning threshold reached" bytesTraced="904" cardsCleaned="2" />
</gc-op>
</concurrent-end>

<exclusive-start id="1747" timestamp="2022-02-08T18:53:36.354" intervalms="199.526">
  <response-info timems="0.018" idlems="0.018" threads="0" lastid="0000000000016F00" lastname="main" />
</exclusive-start>
<concurrent-global-final id="1748" timestamp="2022-02-08T18:53:36.354" contextid="1730" intervalms="2858.732" >
  <concurrent-trace-info reason="card cleaning threshold reached" tracedByMutators="56772376" tracedByHelpers="17658832" cardsCleaned="2" workStackOverflowCount="0" />
</concurrent-global-final>
<gc-start id="1749" type="global" contextid="1730" timestamp="2022-02-08T18:53:36.354">
  <mem-info id="1750" free="133190472" total="1073741824" percent="12">
    <mem type="nursery" free="96606216" total="268435456" percent="35">
      <mem type="allocate" free="96606216" total="182517760" percent="52" />
      <mem type="survivor" free="0" total="85917696" percent="0" />
    </mem>
    <mem type="tenure" free="36584256" total="805306368" percent="4">
      <mem type="soa" free="28530496" total="797252608" percent="3" />
      <mem type="loa" free="8053760" total="8053760" percent="100" />
    </mem>
    <remembered-set count="102" />
  </mem-info>
</gc-start>
<allocation-stats totalBytes="7959104" >
  <allocated-bytes non-tlh="184" tlh="7958920" />
  <largest-consumer threadName="main" threadId="0000000000016F00" bytes="7959104" />
</allocation-stats>
<gc-op id="1751" type="rs-scan" timems="0.497" contextid="1730" timestamp="2022-02-08T18:53:36.354">
  <scan objectsFound="29" bytesTraced="5268" workStackOverflowCount="0" />
</gc-op>
<gc-op id="1752" type="card-cleaning" timems="151.237" contextid="1730" timestamp="2022-02-08T18:53:36.506">
  <card-cleaning cardsCleaned="9" bytesTraced="71010608" workStackOverflowCount="0" />
</gc-op>
<gc-op id="1753" type="mark" timems="57.232" contextid="1730" timestamp="2022-02-08T18:53:36.563">
  <trace-info objectcount="2127141" scancount="1596883" scanbytes="34134568" />
  <finalization candidates="428" enqueued="57" />
  <ownableSynchronizers candidates="1" cleared="0" />
  <references type="soft" candidates="894" cleared="0" enqueued="0" dynamicThreshold="10" maxThreshold="32" />
  <references type="weak" candidates="1701" cleared="0" enqueued="0" />
  <references type="phantom" candidates="52" cleared="2" enqueued="2" />
  <stringconstants candidates="6470" cleared="0"  />
  <object-monitors candidates="2" cleared="0"  />
</gc-op>
<gc-op id="1754" type="sweep" timems="4.990" contextid="1730" timestamp="2022-02-08T18:53:36.568" />
<gc-end id="1755" type="global" contextid="1730" durationms="214.242" usertimems="225.314" systemtimems="4.230" stalltimems="171.850" timestamp="2022-02-08T18:53:36.568" activeThreads="4">
  <mem-info id="1756" free="376405168" total="1073741824" percent="35">
    <mem type="nursery" free="96881824" total="268435456" percent="36">
      <mem type="allocate" free="96881824" total="182517760" percent="53" />
      <mem type="survivor" free="0" total="85917696" percent="0" />
    </mem>
    <mem type="tenure" free="279523344" total="805306368" percent="34" micro-fragmented="355282" macro-fragmented="0">
      <mem type="soa" free="271469584" total="797252608" percent="34" />
      <mem type="loa" free="8053760" total="8053760" percent="100" />
    </mem>
    <pending-finalizers system="57" default="0" reference="2" classloader="0" />
    <remembered-set count="102" />
  </mem-info>
</gc-end>
<cycle-end id="1757" type="global" contextid="1730" timestamp="2022-02-08T18:53:36.568" />
<exclusive-end id="1758" timestamp="2022-02-08T18:53:36.568" durationms="214.485" />

<exclusive-start id="1759" timestamp="2022-02-08T18:53:37.164" intervalms="809.755">
  <response-info timems="0.018" idlems="0.018" threads="0" lastid="0000000000016F00" lastname="main" />
</exclusive-start>
<af-start id="1760" threadId="0000000000017908" totalBytesRequested="112" timestamp="2022-02-08T18:53:37.164" intervalms="1009.282" type="nursery" />
<cycle-start id="1761" type="scavenge" contextid="0" timestamp="2022-02-08T18:53:37.164" intervalms="1009.280" />
<gc-start id="1762" type="scavenge" contextid="1761" timestamp="2022-02-08T18:53:37.164">
  <mem-info id="1763" free="279523344" total="1073741824" percent="26">
    <mem type="nursery" free="0" total="268435456" percent="0">
      <mem type="allocate" free="0" total="182517760" percent="0" />
      <mem type="survivor" free="0" total="85917696" percent="0" />
    </mem>
    <mem type="tenure" free="279523344" total="805306368" percent="34">
      <mem type="soa" free="271469584" total="797252608" percent="34" />
      <mem type="loa" free="8053760" total="8053760" percent="100" />
    </mem>
    <remembered-set count="105" />
  </mem-info>
</gc-start>
<allocation-stats totalBytes="96837384" >
  <allocated-bytes non-tlh="0" tlh="96837384" />
  <largest-consumer threadName="main" threadId="0000000000016F00" bytes="96833288" />
</allocation-stats>
<gc-op id="1764" type="scavenge" timems="76.454" contextid="1761" timestamp="2022-02-08T18:53:37.240">
  <scavenger-info tenureage="1" tenuremask="7ffe" tiltratio="67" />
  <memory-copied type="nursery" objects="1313898" bytes="74417144" bytesdiscarded="120816" />
  <memory-copied type="tenure" objects="1382513" bytes="77763088" bytesdiscarded="40768" />
  <finalization candidates="1" enqueued="0" />
  <ownableSynchronizers candidates="2" cleared="2" />
  <object-monitors candidates="2" cleared="0"  />
</gc-op>
<gc-end id="1765" type="scavenge" contextid="1761" durationms="76.633" usertimems="301.864" systemtimems="0.000" stalltimems="3.030" timestamp="2022-02-08T18:53:37.240" activeThreads="4">
  <mem-info id="1766" free="309760576" total="1073741824" percent="28">
    <mem type="nursery" free="108373016" total="268435456" percent="40">
      <mem type="allocate" free="108373016" total="182910976" percent="59" />
      <mem type="survivor" free="0" total="85524480" percent="0" />
    </mem>
    <mem type="tenure" free="201387560" total="805306368" percent="25" macro-fragmented="0">
      <mem type="soa" free="193333800" total="797252608" percent="24" />
      <mem type="loa" free="8053760" total="8053760" percent="100" />
    </mem>
    <remembered-set count="105" />
  </mem-info>
</gc-end>
<cycle-end id="1767" type="scavenge" contextid="1761" timestamp="2022-02-08T18:53:37.240" />
<allocation-satisfied id="1768" threadId="0000000000016F00" bytesRequested="112" />
<af-end id="1769" timestamp="2022-02-08T18:53:37.240" threadId="0000000000017908" success="true" from="nursery"/>
<exclusive-end id="1770" timestamp="2022-02-08T18:53:37.240" durationms="76.899" />

<exclusive-start id="1771" timestamp="2022-02-08T18:53:38.100" intervalms="936.238">
  <response-info timems="0.018" idlems="0.018" threads="0" lastid="0000000000016F00" lastname="main" />
</exclusive-start>
<af-start id="1772" threadId="0000000000017908" totalBytesRequested="232" timestamp="2022-02-08T18:53:38.100" intervalms="936.238" type="nursery" />
<cycle-start id="1773" type="scavenge" contextid="0" timestamp="2022-02-08T18:53:38.100" intervalms="936.240" />
<gc-start id="1774" type="scavenge" contextid="1773" timestamp="2022-02-08T18:53:38.100">
  <mem-info id="1775" free="201387560" total="1073741824" percent="18">
    <mem type="nursery" free="0" total="268435456" percent="0">
      <mem type="allocate" free="0" total="182910976" percent="0" />
      <mem type="survivor" free="0" total="85524480" percent="0" />
    </mem>
    <mem type="tenure" free="201387560" total="805306368" percent="25">
      <mem type="soa" free="193333800" total="797252608" percent="24" />
      <mem type="loa" free="8053760" total="8053760" percent="100" />
    </mem>
    <remembered-set count="136" />
  </mem-info>
</gc-start>
<allocation-stats totalBytes="108322984" >
  <allocated-bytes non-tlh="1661256" tlh="106661728" />
  <largest-consumer threadName="main" threadId="0000000000016F00" bytes="108322984" />
</allocation-stats>
<gc-op id="1776" type="scavenge" timems="77.282" contextid="1773" timestamp="2022-02-08T18:53:38.177">
  <scavenger-info tenureage="1" tenuremask="7ffe" tiltratio="68" />
  <memory-copied type="nursery" objects="1489188" bytes="76282664" bytesdiscarded="254688" />
  <memory-copied type="tenure" objects="1313898" bytes="74417144" bytesdiscarded="39840" />
  <finalization candidates="109" enqueued="53" />
  <references type="soft" candidates="14" cleared="0" enqueued="0" dynamicThreshold="11" maxThreshold="32" />
  <references type="weak" candidates="1" cleared="0" enqueued="0" />
  <references type="phantom" candidates="94" cleared="7" enqueued="7" />
  <object-monitors candidates="2" cleared="0"  />
</gc-op>
<gc-end id="1777" type="scavenge" contextid="1773" durationms="77.478" usertimems="306.366" systemtimems="0.000" stalltimems="2.247" timestamp="2022-02-08T18:53:38.177" activeThreads="4">
  <mem-info id="1778" free="233624728" total="1073741824" percent="21">
    <mem type="nursery" free="106570104" total="268435456" percent="39">
      <mem type="allocate" free="106570104" total="183107584" percent="58" />
      <mem type="survivor" free="0" total="85327872" percent="0" />
    </mem>
    <mem type="tenure" free="127054624" total="805306368" percent="15" macro-fragmented="0">
      <mem type="soa" free="119000864" total="797252608" percent="14" />
      <mem type="loa" free="8053760" total="8053760" percent="100" />
    </mem>
    <pending-finalizers system="52" default="1" reference="7" classloader="0" />
    <remembered-set count="132" />
  </mem-info>
</gc-end>
<cycle-end id="1779" type="scavenge" contextid="1773" timestamp="2022-02-08T18:53:38.177" />
<allocation-satisfied id="1780" threadId="0000000000016F00" bytesRequested="232" />
<af-end id="1781" timestamp="2022-02-08T18:53:38.177" threadId="0000000000017908" success="true" from="nursery"/>
<exclusive-end id="1782" timestamp="2022-02-08T18:53:38.177" durationms="77.727" />

<concurrent-kickoff id="1783" timestamp="2022-02-08T18:53:38.878">
  <kickoff reason="threshold reached" targetBytes="74728913" thresholdFreeBytes="5798344"  remainingFree="5710200" tenureFreeBytes="127054624" nurseryFreeBytes="5710200" />
</concurrent-kickoff>
<exclusive-start id="1784" timestamp="2022-02-08T18:53:38.881" intervalms="781.097">
  <response-info timems="0.019" idlems="0.019" threads="0" lastid="0000000000016F00" lastname="main" />
</exclusive-start>
<cycle-start id="1785" type="global" contextid="0" timestamp="2022-02-08T18:53:38.881" intervalms="2854.372" />
<concurrent-start id="1786" type="global mark" contextid="1785" timestamp="2022-02-08T18:53:38.881">
</concurrent-start>
<exclusive-end id="1787" timestamp="2022-02-08T18:53:38.881" durationms="0.026" />

<exclusive-start id="1788" timestamp="2022-02-08T18:53:39.002" intervalms="120.677">
  <response-info timems="0.045" idlems="0.045" threads="0" lastid="0000000000016F00" lastname="main" />
</exclusive-start>
<af-start id="1789" threadId="0000000000017908" totalBytesRequested="112" timestamp="2022-02-08T18:53:39.002" intervalms="901.775" type="nursery" />
<cycle-start id="1790" type="scavenge" contextid="0" timestamp="2022-02-08T18:53:39.002" intervalms="901.774" />
<gc-start id="1791" type="scavenge" contextid="1790" timestamp="2022-02-08T18:53:39.002">
  <mem-info id="1792" free="127054624" total="1073741824" percent="11">
    <mem type="nursery" free="0" total="268435456" percent="0">
      <mem type="allocate" free="0" total="183107584" percent="0" />
      <mem type="survivor" free="0" total="85327872" percent="0" />
    </mem>
    <mem type="tenure" free="127054624" total="805306368" percent="15">
      <mem type="soa" free="119000864" total="797252608" percent="14" />
      <mem type="loa" free="8053760" total="8053760" percent="100" />
    </mem>
    <remembered-set count="133" />
  </mem-info>
</gc-start>
<allocation-stats totalBytes="106518824" >
  <allocated-bytes non-tlh="1347912" tlh="105170912" />
  <largest-consumer threadName="main" threadId="0000000000016F00" bytes="106510632" />
</allocation-stats>
<gc-op id="1793" type="scavenge" timems="76.260" contextid="1790" timestamp="2022-02-08T18:53:39.078">
  <scavenger-info tenureage="1" tenuremask="7ffe" tiltratio="68" />
  <memory-copied type="nursery" objects="1332477" bytes="76227984" bytesdiscarded="164880" />
  <memory-copied type="tenure" objects="1488468" bytes="75339368" bytesdiscarded="39432" />
  <finalization candidates="57" enqueued="0" />
  <references type="phantom" candidates="1" cleared="0" enqueued="0" />
  <object-monitors candidates="2" cleared="0"  />
</gc-op>
<gc-end id="1794" type="scavenge" contextid="1790" durationms="76.597" usertimems="299.806" systemtimems="1.268" stalltimems="3.386" timestamp="2022-02-08T18:53:39.078" activeThreads="4">
  <mem-info id="1795" free="159042864" total="1073741824" percent="14">
    <mem type="nursery" free="107304544" total="268435456" percent="39">
      <mem type="allocate" free="107304544" total="183697408" percent="58" />
      <mem type="survivor" free="0" total="84738048" percent="0" />
    </mem>
    <mem type="tenure" free="51738320" total="805306368" percent="6" macro-fragmented="0">
      <mem type="soa" free="43684560" total="797252608" percent="5" />
      <mem type="loa" free="8053760" total="8053760" percent="100" />
    </mem>
    <remembered-set count="102" />
  </mem-info>
</gc-end>
<cycle-end id="1796" type="scavenge" contextid="1790" timestamp="2022-02-08T18:53:39.078" />
<allocation-satisfied id="1797" threadId="0000000000016F00" bytesRequested="112" />
<af-end id="1798" timestamp="2022-02-08T18:53:39.078" threadId="0000000000017908" success="true" from="nursery"/>
<exclusive-end id="1799" timestamp="2022-02-08T18:53:39.078" durationms="76.871" />

<concurrent-end id="1800" type="global mark" contextid="1785" timestamp="2022-02-08T18:53:39.216">
<gc-op id="1801" type="trace" timems="335.602" contextid="1785" timestamp="2022-02-08T18:53:39.216">
  <trace bytesTraced="74430512" workStackOverflowCount="0" />
  <card-cleaning reason="card cleaning threshold reached" bytesTraced="904" cardsCleaned="2" />
</gc-op>
</concurrent-end>

<exclusive-start id="1802" timestamp="2022-02-08T18:53:39.217" intervalms="215.027">
  <response-info timems="0.035" idlems="0.035" threads="0" lastid="0000000000016F00" lastname="main" />
</exclusive-start>
<concurrent-global-final id="1803" timestamp="2022-02-08T18:53:39.217" contextid="1785" intervalms="2862.807" >
  <concurrent-trace-info reason="card cleaning threshold reached" tracedByMutators="57810500" tracedByHelpers="16620916" cardsCleaned="2" workStackOverflowCount="0" />
</concurrent-global-final>
<gc-start id="1804" type="global" contextid="1785" timestamp="2022-02-08T18:53:39.217">
  <mem-info id="1805" free="151342272" total="1073741824" percent="14">
    <mem type="nursery" free="99603952" total="268435456" percent="37">
      <mem type="allocate" free="99603952" total="183697408" percent="54" />
      <mem type="survivor" free="0" total="84738048" percent="0" />
    </mem>
    <mem type="tenure" free="51738320" total="805306368" percent="6">
      <mem type="soa" free="43684560" total="797252608" percent="5" />
      <mem type="loa" free="8053760" total="8053760" percent="100" />
    </mem>
    <remembered-set count="102" />
  </mem-info>
</gc-start>
<allocation-stats totalBytes="7697568" >
  <allocated-bytes non-tlh="112" tlh="7697456" />
  <largest-consumer threadName="main" threadId="0000000000016F00" bytes="7697568" />
</allocation-stats>
<gc-op id="1806" type="rs-scan" timems="0.638" contextid="1785" timestamp="2022-02-08T18:53:39.217">
  <scan objectsFound="29" bytesTraced="5268" workStackOverflowCount="0" />
</gc-op>
<gc-op id="1807" type="card-cleaning" timems="151.949" contextid="1785" timestamp="2022-02-08T18:53:39.369">
  <card-cleaning cardsCleaned="9" bytesTraced="71010608" workStackOverflowCount="0" />
</gc-op>
<gc-op id="1808" type="mark" timems="49.177" contextid="1785" timestamp="2022-02-08T18:53:39.419">
  <trace-info objectcount="1829555" scancount="1373694" scanbytes="29373160" />
  <finalization candidates="428" enqueued="57" />
  <ownableSynchronizers candidates="1" cleared="0" />
  <references type="soft" candidates="894" cleared="0" enqueued="0" dynamicThreshold="11" maxThreshold="32" />
  <references type="weak" candidates="1701" cleared="0" enqueued="0" />
  <references type="phantom" candidates="52" cleared="2" enqueued="2" />
  <stringconstants candidates="6470" cleared="0"  />
  <object-monitors candidates="2" cleared="0"  />
</gc-op>
<gc-op id="1809" type="sweep" timems="4.796" contextid="1785" timestamp="2022-02-08T18:53:39.423" />
<gc-end id="1810" type="global" contextid="1785" durationms="206.826" usertimems="222.607" systemtimems="0.000" stalltimems="146.529" timestamp="2022-02-08T18:53:39.423" activeThreads="4">
  <mem-info id="1811" free="394480368" total="1073741824" percent="36">
    <mem type="nursery" free="99857248" total="268435456" percent="37">
      <mem type="allocate" free="99857248" total="183697408" percent="54" />
      <mem type="survivor" free="0" total="84738048" percent="0" />
    </mem>
    <mem type="tenure" free="294623120" total="805306368" percent="36" micro-fragmented="399358" macro-fragmented="0">
      <mem type="soa" free="286569360" total="797252608" percent="35" />
      <mem type="loa" free="8053760" total="8053760" percent="100" />
    </mem>
    <pending-finalizers system="57" default="0" reference="2" classloader="0" />
    <remembered-set count="102" />
  </mem-info>
</gc-end>
<cycle-end id="1812" type="global" contextid="1785" timestamp="2022-02-08T18:53:39.424" />
<exclusive-end id="1813" timestamp="2022-02-08T18:53:39.424" durationms="207.086" />

<exclusive-start id="1814" timestamp="2022-02-08T18:53:40.070" intervalms="853.488">
  <response-info timems="0.019" idlems="0.019" threads="0" lastid="0000000000016F00" lastname="main" />
</exclusive-start>
<af-start id="1815" threadId="0000000000017908" totalBytesRequested="24" timestamp="2022-02-08T18:53:40.070" intervalms="1068.514" type="nursery" />
<cycle-start id="1816" type="scavenge" contextid="0" timestamp="2022-02-08T18:53:40.070" intervalms="1068.514" />
<gc-start id="1817" type="scavenge" contextid="1816" timestamp="2022-02-08T18:53:40.070">
  <mem-info id="1818" free="294623120" total="1073741824" percent="27">
    <mem type="nursery" free="0" total="268435456" percent="0">
      <mem type="allocate" free="0" total="183697408" percent="0" />
      <mem type="survivor" free="0" total="84738048" percent="0" />
    </mem>
    <mem type="tenure" free="294623120" total="805306368" percent="36">
      <mem type="soa" free="286569360" total="797252608" percent="35" />
      <mem type="loa" free="8053760" total="8053760" percent="100" />
    </mem>
    <remembered-set count="105" />
  </mem-info>
</gc-start>
<allocation-stats totalBytes="99810704" >
  <allocated-bytes non-tlh="0" tlh="99810704" />
  <largest-consumer threadName="main" threadId="0000000000016F00" bytes="99806608" />
</allocation-stats>
<gc-op id="1819" type="scavenge" timems="81.446" contextid="1816" timestamp="2022-02-08T18:53:40.152">
  <scavenger-info tenureage="1" tenuremask="7ffe" tiltratio="68" />
  <memory-copied type="nursery" objects="1359252" bytes="76378568" bytesdiscarded="290800" />
  <memory-copied type="tenure" objects="1332477" bytes="76227984" bytesdiscarded="44816" />
  <finalization candidates="1" enqueued="0" />
  <ownableSynchronizers candidates="2" cleared="2" />
  <object-monitors candidates="2" cleared="0"  />
</gc-op>
<gc-end id="1820" type="scavenge" contextid="1816" durationms="81.714" usertimems="322.228" systemtimems="0.000" stalltimems="2.659" timestamp="2022-02-08T18:53:40.152" activeThreads="4">
  <mem-info id="1821" free="325519552" total="1073741824" percent="30">
    <mem type="nursery" free="107421256" total="268435456" percent="40">
      <mem type="allocate" free="107421256" total="184090624" percent="58" />
      <mem type="survivor" free="0" total="84344832" percent="0" />
    </mem>
    <mem type="tenure" free="218098296" total="805306368" percent="27" macro-fragmented="0">
      <mem type="soa" free="210044536" total="797252608" percent="26" />
      <mem type="loa" free="8053760" total="8053760" percent="100" />
    </mem>
    <remembered-set count="105" />
  </mem-info>
</gc-end>
<cycle-end id="1822" type="scavenge" contextid="1816" timestamp="2022-02-08T18:53:40.152" />
<allocation-satisfied id="1823" threadId="0000000000016F00" bytesRequested="24" />
<af-end id="1824" timestamp="2022-02-08T18:53:40.152" threadId="0000000000017908" success="true" from="nursery"/>
<exclusive-end id="1825" timestamp="2022-02-08T18:53:40.152" durationms="82.010" />

<exclusive-start id="1826" timestamp="2022-02-08T18:53:41.028" intervalms="958.041">
  <response-info timems="0.018" idlems="0.018" threads="0" lastid="0000000000016F00" lastname="main" />
</exclusive-start>
<af-start id="1827" threadId="0000000000017908" totalBytesRequested="24" timestamp="2022-02-08T18:53:41.028" intervalms="958.046" type="nursery" />
<cycle-start id="1828" type="scavenge" contextid="0" timestamp="2022-02-08T18:53:41.028" intervalms="958.048" />
<gc-start id="1829" type="scavenge" contextid="1828" timestamp="2022-02-08T18:53:41.028">
  <mem-info id="1830" free="218098296" total="1073741824" percent="20">
    <mem type="nursery" free="0" total="268435456" percent="0">
      <mem type="allocate" free="0" total="184090624" percent="0" />
      <mem type="survivor" free="0" total="84344832" percent="0" />
    </mem>
    <mem type="tenure" free="218098296" total="805306368" percent="27">
      <mem type="soa" free="210044536" total="797252608" percent="26" />
      <mem type="loa" free="8053760" total="8053760" percent="100" />
    </mem>
    <remembered-set count="136" />
  </mem-info>
</gc-start>
<allocation-stats totalBytes="107375056" >
  <allocated-bytes non-tlh="1016328" tlh="106358728" />
  <largest-consumer threadName="main" threadId="0000000000016F00" bytes="107375056" />
</allocation-stats>
<gc-op id="1831" type="scavenge" timems="87.930" contextid="1828" timestamp="2022-02-08T18:53:41.116">
  <scavenger-info tenureage="1" tenuremask="7ffe" tiltratio="68" />
  <memory-copied type="nursery" objects="1478311" bytes="75628296" bytesdiscarded="148560" />
  <memory-copied type="tenure" objects="1359252" bytes="76378568" bytesdiscarded="38192" />
  <finalization candidates="107" enqueued="53" />
  <references type="soft" candidates="14" cleared="0" enqueued="0" dynamicThreshold="11" maxThreshold="32" />
  <references type="weak" candidates="1" cleared="0" enqueued="0" />
  <references type="phantom" candidates="92" cleared="7" enqueued="7" />
  <object-monitors candidates="2" cleared="0"  />
</gc-op>
<gc-end id="1832" type="scavenge" contextid="1828" durationms="88.143" usertimems="347.848" systemtimems="0.000" stalltimems="2.806" timestamp="2022-02-08T18:53:41.117" activeThreads="4">
  <mem-info id="1833" free="250366368" total="1073741824" percent="23">
    <mem type="nursery" free="108706856" total="268435456" percent="40">
      <mem type="allocate" free="108706856" total="184483840" percent="58" />
      <mem type="survivor" free="0" total="83951616" percent="0" />
    </mem>
    <mem type="tenure" free="141659512" total="805306368" percent="17" macro-fragmented="57512708">
      <mem type="soa" free="133605752" total="797252608" percent="16" />
      <mem type="loa" free="8053760" total="8053760" percent="100" />
    </mem>
    <pending-finalizers system="52" default="1" reference="7" classloader="0" />
    <remembered-set count="131" />
  </mem-info>
</gc-end>
<cycle-end id="1834" type="scavenge" contextid="1828" timestamp="2022-02-08T18:53:41.117" />
<allocation-satisfied id="1835" threadId="0000000000016F00" bytesRequested="24" />
<af-end id="1836" timestamp="2022-02-08T18:53:41.117" threadId="0000000000017908" success="true" from="nursery"/>
<exclusive-end id="1837" timestamp="2022-02-08T18:53:41.117" durationms="88.719" />

<concurrent-kickoff id="1838" timestamp="2022-02-08T18:53:41.820">
  <kickoff reason="threshold reached" targetBytes="74669372" thresholdFreeBytes="5791203"  remainingFree="5682376" tenureFreeBytes="141659512" nurseryFreeBytes="5682376" />
</concurrent-kickoff>
<exclusive-start id="1839" timestamp="2022-02-08T18:53:41.828" intervalms="800.335">
  <response-info timems="0.020" idlems="0.020" threads="0" lastid="0000000000016F00" lastname="main" />
</exclusive-start>
<cycle-start id="1840" type="global" contextid="0" timestamp="2022-02-08T18:53:41.828" intervalms="2947.569" />
<concurrent-start id="1841" type="global mark" contextid="1840" timestamp="2022-02-08T18:53:41.828">
</concurrent-start>
<exclusive-end id="1842" timestamp="2022-02-08T18:53:41.828" durationms="0.027" />

<exclusive-start id="1843" timestamp="2022-02-08T18:53:41.910" intervalms="81.922">
  <response-info timems="0.030" idlems="0.030" threads="0" lastid="0000000000016F00" lastname="main" />
</exclusive-start>
<af-start id="1844" threadId="0000000000017908" totalBytesRequested="24" timestamp="2022-02-08T18:53:41.910" intervalms="882.251" type="nursery" />
<cycle-start id="1845" type="scavenge" contextid="0" timestamp="2022-02-08T18:53:41.910" intervalms="882.249" />
<gc-start id="1846" type="scavenge" contextid="1845" timestamp="2022-02-08T18:53:41.910">
  <mem-info id="1847" free="141659512" total="1073741824" percent="13">
    <mem type="nursery" free="0" total="268435456" percent="0">
      <mem type="allocate" free="0" total="184483840" percent="0" />
      <mem type="survivor" free="0" total="83951616" percent="0" />
    </mem>
    <mem type="tenure" free="141659512" total="805306368" percent="17">
      <mem type="soa" free="133605752" total="797252608" percent="16" />
      <mem type="loa" free="8053760" total="8053760" percent="100" />
    </mem>
    <remembered-set count="132" />
  </mem-info>
</gc-start>
<allocation-stats totalBytes="108654016" >
  <allocated-bytes non-tlh="1992544" tlh="106661472" />
  <largest-consumer threadName="main" threadId="0000000000016F00" bytes="108645824" />
</allocation-stats>
<gc-op id="1848" type="scavenge" timems="76.809" contextid="1845" timestamp="2022-02-08T18:53:41.987">
  <scavenger-info tenureage="1" tenuremask="7ffe" tiltratio="68" />
  <memory-copied type="nursery" objects="1358253" bytes="77325384" bytesdiscarded="312560" />
  <memory-copied type="tenure" objects="1477591" bytes="75087456" bytesdiscarded="36472" />
  <finalization candidates="57" enqueued="0" />
  <references type="phantom" candidates="3" cleared="0" enqueued="0" />
  <object-monitors candidates="2" cleared="0"  />
</gc-op>
<gc-end id="1849" type="scavenge" contextid="1845" durationms="77.008" usertimems="303.858" systemtimems="0.000" stalltimems="2.110" timestamp="2022-02-08T18:53:41.987" activeThreads="4">
  <mem-info id="1850" free="172420216" total="1073741824" percent="16">
    <mem type="nursery" free="105731784" total="268435456" percent="39">
      <mem type="allocate" free="105731784" total="183369728" percent="57" />
      <mem type="survivor" free="0" total="85065728" percent="0" />
    </mem>
    <mem type="tenure" free="66688432" total="805306368" percent="8" macro-fragmented="39939376">
      <mem type="soa" free="58634672" total="797252608" percent="7" />
      <mem type="loa" free="8053760" total="8053760" percent="100" />
    </mem>
    <remembered-set count="102" />
  </mem-info>
</gc-end>
<cycle-end id="1851" type="scavenge" contextid="1845" timestamp="2022-02-08T18:53:41.988" />
<allocation-satisfied id="1852" threadId="0000000000016F00" bytesRequested="24" />
<af-end id="1853" timestamp="2022-02-08T18:53:41.988" threadId="0000000000017908" success="true" from="nursery"/>
<exclusive-end id="1854" timestamp="2022-02-08T18:53:41.988" durationms="77.364" />

<concurrent-end id="1855" type="global mark" contextid="1840" timestamp="2022-02-08T18:53:42.203">
<gc-op id="1856" type="trace" timems="374.917" contextid="1840" timestamp="2022-02-08T18:53:42.203">
  <trace bytesTraced="74430720" workStackOverflowCount="0" />
  <card-cleaning reason="card cleaning threshold reached" bytesTraced="904" cardsCleaned="2" />
</gc-op>
</concurrent-end>

<exclusive-start id="1857" timestamp="2022-02-08T18:53:42.203" intervalms="293.082">
  <response-info timems="0.028" idlems="0.028" threads="0" lastid="0000000000016F00" lastname="main" />
</exclusive-start>
<concurrent-global-final id="1858" timestamp="2022-02-08T18:53:42.203" contextid="1840" intervalms="2986.863" >
  <concurrent-trace-info reason="card cleaning threshold reached" tracedByMutators="50935296" tracedByHelpers="23496328" cardsCleaned="2" workStackOverflowCount="0" />
</concurrent-global-final>
<gc-start id="1859" type="global" contextid="1840" timestamp="2022-02-08T18:53:42.204">
  <mem-info id="1860" free="157772896" total="1073741824" percent="14">
    <mem type="nursery" free="91084464" total="268435456" percent="33">
      <mem type="allocate" free="91084464" total="183369728" percent="49" />
      <mem type="survivor" free="0" total="85065728" percent="0" />
    </mem>
    <mem type="tenure" free="66688432" total="805306368" percent="8">
      <mem type="soa" free="58634672" total="797252608" percent="7" />
      <mem type="loa" free="8053760" total="8053760" percent="100" />
    </mem>
    <remembered-set count="102" />
  </mem-info>
</gc-start>
<allocation-stats totalBytes="14641120" >
  <allocated-bytes non-tlh="24" tlh="14641096" />
  <largest-consumer threadName="main" threadId="0000000000016F00" bytes="14641120" />
</allocation-stats>
<gc-op id="1861" type="rs-scan" timems="0.600" contextid="1840" timestamp="2022-02-08T18:53:42.204">
  <scan objectsFound="29" bytesTraced="5268" workStackOverflowCount="0" />
</gc-op>
<gc-op id="1862" type="card-cleaning" timems="147.390" contextid="1840" timestamp="2022-02-08T18:53:42.352">
  <card-cleaning cardsCleaned="9" bytesTraced="71010608" workStackOverflowCount="0" />
</gc-op>
<gc-op id="1863" type="mark" timems="45.945" contextid="1840" timestamp="2022-02-08T18:53:42.398">
  <trace-info objectcount="1674539" scancount="1257432" scanbytes="26892904" />
  <finalization candidates="428" enqueued="57" />
  <ownableSynchronizers candidates="1" cleared="0" />
  <references type="soft" candidates="894" cleared="0" enqueued="0" dynamicThreshold="11" maxThreshold="32" />
  <references type="weak" candidates="1701" cleared="0" enqueued="0" />
  <references type="phantom" candidates="52" cleared="2" enqueued="2" />
  <stringconstants candidates="6470" cleared="0"  />
  <object-monitors candidates="2" cleared="0"  />
</gc-op>
<gc-op id="1864" type="sweep" timems="4.848" contextid="1840" timestamp="2022-02-08T18:53:42.402" />
<gc-end id="1865" type="global" contextid="1840" durationms="198.995" usertimems="213.508" systemtimems="0.472" stalltimems="137.441" timestamp="2022-02-08T18:53:42.403" activeThreads="4">
  <mem-info id="1866" free="401023672" total="1073741824" percent="37">
    <mem type="nursery" free="91486824" total="268435456" percent="34">
      <mem type="allocate" free="91486824" total="183369728" percent="49" />
      <mem type="survivor" free="0" total="85065728" percent="0" />
    </mem>
    <mem type="tenure" free="309536848" total="805306368" percent="38" micro-fragmented="298791" macro-fragmented="0">
      <mem type="soa" free="301483088" total="797252608" percent="37" />
      <mem type="loa" free="8053760" total="8053760" percent="100" />
    </mem>
    <pending-finalizers system="57" default="0" reference="2" classloader="0" />
    <remembered-set count="102" />
  </mem-info>
</gc-end>
<cycle-end id="1867" type="global" contextid="1840" timestamp="2022-02-08T18:53:42.403" />
<exclusive-end id="1868" timestamp="2022-02-08T18:53:42.403" durationms="199.239" />

<exclusive-start id="1869" timestamp="2022-02-08T18:53:43.009" intervalms="805.636">
  <response-info timems="0.018" idlems="0.018" threads="0" lastid="0000000000016F00" lastname="main" />
</exclusive-start>
<af-start id="1870" threadId="0000000000017908" totalBytesRequested="88" timestamp="2022-02-08T18:53:43.009" intervalms="1098.721" type="nursery" />
<cycle-start id="1871" type="scavenge" contextid="0" timestamp="2022-02-08T18:53:43.009" intervalms="1098.724" />
<gc-start id="1872" type="scavenge" contextid="1871" timestamp="2022-02-08T18:53:43.009">
  <mem-info id="1873" free="309536848" total="1073741824" percent="28">
    <mem type="nursery" free="0" total="268435456" percent="0">
      <mem type="allocate" free="0" total="183369728" percent="0" />
      <mem type="survivor" free="0" total="85065728" percent="0" />
    </mem>
    <mem type="tenure" free="309536848" total="805306368" percent="38">
      <mem type="soa" free="301483088" total="797252608" percent="37" />
      <mem type="loa" free="8053760" total="8053760" percent="100" />
    </mem>
    <remembered-set count="105" />
  </mem-info>
</gc-start>
<allocation-stats totalBytes="91443640" >
  <allocated-bytes non-tlh="0" tlh="91443640" />
  <largest-consumer threadName="main" threadId="0000000000016F00" bytes="91439544" />
</allocation-stats>
<gc-op id="1874" type="scavenge" timems="75.437" contextid="1871" timestamp="2022-02-08T18:53:43.085">
  <scavenger-info tenureage="1" tenuremask="7ffe" tiltratio="68" />
  <memory-copied type="nursery" objects="1338290" bytes="75368096" bytesdiscarded="296800" />
  <memory-copied type="tenure" objects="1358253" bytes="77325384" bytesdiscarded="41616" />
  <finalization candidates="3" enqueued="0" />
  <ownableSynchronizers candidates="2" cleared="2" />
  <object-monitors candidates="2" cleared="0"  />
</gc-op>
<gc-end id="1875" type="scavenge" contextid="1871" durationms="75.700" usertimems="298.988" systemtimems="0.000" stalltimems="2.037" timestamp="2022-02-08T18:53:43.085" activeThreads="4">
  <mem-info id="1876" free="340051008" total="1073741824" percent="31">
    <mem type="nursery" free="107966976" total="268435456" percent="40">
      <mem type="allocate" free="107966976" total="183631872" percent="58" />
      <mem type="survivor" free="0" total="84803584" percent="0" />
    </mem>
    <mem type="tenure" free="232084032" total="805306368" percent="28" macro-fragmented="22644">
      <mem type="soa" free="224030272" total="797252608" percent="28" />
      <mem type="loa" free="8053760" total="8053760" percent="100" />
    </mem>
    <remembered-set count="104" />
  </mem-info>
</gc-end>
<cycle-end id="1877" type="scavenge" contextid="1871" timestamp="2022-02-08T18:53:43.085" />
<allocation-satisfied id="1878" threadId="0000000000016F00" bytesRequested="88" />
<af-end id="1879" timestamp="2022-02-08T18:53:43.085" threadId="0000000000017908" success="true" from="nursery"/>
<exclusive-end id="1880" timestamp="2022-02-08T18:53:43.085" durationms="76.032" />

<exclusive-start id="1881" timestamp="2022-02-08T18:53:43.771" intervalms="762.023">
  <response-info timems="0.017" idlems="0.017" threads="0" lastid="0000000000016F00" lastname="main" />
</exclusive-start>
<af-start id="1882" threadId="0000000000017908" totalBytesRequested="248" timestamp="2022-02-08T18:53:43.771" intervalms="762.018" type="nursery" />
<cycle-start id="1883" type="scavenge" contextid="0" timestamp="2022-02-08T18:53:43.771" intervalms="762.016" />
<gc-start id="1884" type="scavenge" contextid="1883" timestamp="2022-02-08T18:53:43.771">
  <mem-info id="1885" free="232084032" total="1073741824" percent="21">
    <mem type="nursery" free="0" total="268435456" percent="0">
      <mem type="allocate" free="0" total="183631872" percent="0" />
      <mem type="survivor" free="0" total="84803584" percent="0" />
    </mem>
    <mem type="tenure" free="232084032" total="805306368" percent="28">
      <mem type="soa" free="224030272" total="797252608" percent="28" />
      <mem type="loa" free="8053760" total="8053760" percent="100" />
    </mem>
    <remembered-set count="118" />
  </mem-info>
</gc-start>
<allocation-stats totalBytes="107919320" >
  <allocated-bytes non-tlh="453792" tlh="107465528" />
  <largest-consumer threadName="main" threadId="0000000000016F00" bytes="107919320" />
</allocation-stats>
<gc-op id="1886" type="scavenge" timems="73.313" contextid="1883" timestamp="2022-02-08T18:53:43.845">
  <scavenger-info tenureage="1" tenuremask="7ffe" tiltratio="68" />
  <memory-copied type="nursery" objects="1359672" bytes="76848752" bytesdiscarded="90504" />
  <memory-copied type="tenure" objects="1338289" bytes="75368040" bytesdiscarded="40392" />
  <finalization candidates="30" enqueued="18" />
  <references type="phantom" candidates="30" cleared="0" enqueued="0" />
  <object-monitors candidates="2" cleared="0"  />
</gc-op>
<gc-end id="1887" type="scavenge" contextid="1883" durationms="73.530" usertimems="289.196" systemtimems="0.000" stalltimems="3.284" timestamp="2022-02-08T18:53:43.845" activeThreads="4">
  <mem-info id="1888" free="263227904" total="1073741824" percent="24">
    <mem type="nursery" free="106823688" total="268435456" percent="39">
      <mem type="allocate" free="106823688" total="183762944" percent="58" />
      <mem type="survivor" free="0" total="84672512" percent="0" />
    </mem>
    <mem type="tenure" free="156404216" total="805306368" percent="19" macro-fragmented="0">
      <mem type="soa" free="148350456" total="797252608" percent="18" />
      <mem type="loa" free="8053760" total="8053760" percent="100" />
    </mem>
    <pending-finalizers system="18" default="0" reference="0" classloader="0" />
    <remembered-set count="119" />
  </mem-info>
</gc-end>
<cycle-end id="1889" type="scavenge" contextid="1883" timestamp="2022-02-08T18:53:43.845" />
<allocation-satisfied id="1890" threadId="0000000000016F00" bytesRequested="248" />
<af-end id="1891" timestamp="2022-02-08T18:53:43.845" threadId="0000000000017908" success="true" from="nursery"/>
<exclusive-end id="1892" timestamp="2022-02-08T18:53:43.845" durationms="73.773" />

<concurrent-kickoff id="1893" timestamp="2022-02-08T18:53:44.663">
  <kickoff reason="threshold reached" targetBytes="74621793" thresholdFreeBytes="5781551"  remainingFree="5767176" tenureFreeBytes="156404216" nurseryFreeBytes="5767176" />
</concurrent-kickoff>
<exclusive-start id="1894" timestamp="2022-02-08T18:53:44.666" intervalms="895.304">
  <response-info timems="0.019" idlems="0.019" threads="0" lastid="0000000000016F00" lastname="main" />
</exclusive-start>
<cycle-start id="1895" type="global" contextid="0" timestamp="2022-02-08T18:53:44.666" intervalms="2837.970" />
<concurrent-start id="1896" type="global mark" contextid="1895" timestamp="2022-02-08T18:53:44.666">
</concurrent-start>
<exclusive-end id="1897" timestamp="2022-02-08T18:53:44.666" durationms="0.039" />

<exclusive-start id="1898" timestamp="2022-02-08T18:53:44.784" intervalms="117.862">
  <response-info timems="0.022" idlems="0.022" threads="0" lastid="0000000000016F00" lastname="main" />
</exclusive-start>
<af-start id="1899" threadId="0000000000017908" totalBytesRequested="184" timestamp="2022-02-08T18:53:44.784" intervalms="1013.188" type="nursery" />
<cycle-start id="1900" type="scavenge" contextid="0" timestamp="2022-02-08T18:53:44.784" intervalms="1013.192" />
<gc-start id="1901" type="scavenge" contextid="1900" timestamp="2022-02-08T18:53:44.784">
  <mem-info id="1902" free="156404216" total="1073741824" percent="14">
    <mem type="nursery" free="0" total="268435456" percent="0">
      <mem type="allocate" free="0" total="183762944" percent="0" />
      <mem type="survivor" free="0" total="84672512" percent="0" />
    </mem>
    <mem type="tenure" free="156404216" total="805306368" percent="19">
      <mem type="soa" free="148350456" total="797252608" percent="18" />
      <mem type="loa" free="8053760" total="8053760" percent="100" />
    </mem>
    <remembered-set count="136" />
  </mem-info>
</gc-start>
<allocation-stats totalBytes="106772488" >
  <allocated-bytes non-tlh="2555368" tlh="104217120" />
  <largest-consumer threadName="main" threadId="0000000000016F00" bytes="106768392" />
</allocation-stats>
<gc-op id="1903" type="scavenge" timems="81.491" contextid="1900" timestamp="2022-02-08T18:53:44.866">
  <scavenger-info tenureage="1" tenuremask="7ffe" tiltratio="68" />
  <memory-copied type="nursery" objects="1420363" bytes="75398456" bytesdiscarded="139648" />
  <memory-copied type="tenure" objects="1359372" bytes="76235872" bytesdiscarded="40328" />
  <finalization candidates="92" enqueued="35" />
  <references type="soft" candidates="14" cleared="0" enqueued="0" dynamicThreshold="12" maxThreshold="32" />
  <references type="weak" candidates="1" cleared="0" enqueued="0" />
  <references type="phantom" candidates="77" cleared="7" enqueued="7" />
  <object-monitors candidates="2" cleared="0"  />
</gc-op>
<gc-end id="1904" type="scavenge" contextid="1900" durationms="81.825" usertimems="321.630" systemtimems="0.000" stalltimems="3.560" timestamp="2022-02-08T18:53:44.866" activeThreads="4">
  <mem-info id="1905" free="188956968" total="1073741824" percent="17">
    <mem type="nursery" free="108552392" total="268435456" percent="40">
      <mem type="allocate" free="108552392" total="184090624" percent="58" />
      <mem type="survivor" free="0" total="84344832" percent="0" />
    </mem>
    <mem type="tenure" free="80404576" total="805306368" percent="9" macro-fragmented="0">
      <mem type="soa" free="72350816" total="797252608" percent="9" />
      <mem type="loa" free="8053760" total="8053760" percent="100" />
    </mem>
    <pending-finalizers system="34" default="1" reference="7" classloader="0" />
    <remembered-set count="121" />
  </mem-info>
</gc-end>
<cycle-end id="1906" type="scavenge" contextid="1900" timestamp="2022-02-08T18:53:44.866" />
<allocation-satisfied id="1907" threadId="0000000000016F00" bytesRequested="184" />
<af-end id="1908" timestamp="2022-02-08T18:53:44.866" threadId="0000000000017908" success="true" from="nursery"/>
<exclusive-end id="1909" timestamp="2022-02-08T18:53:44.866" durationms="82.148" />

<concurrent-end id="1910" type="global mark" contextid="1895" timestamp="2022-02-08T18:53:45.002">
<gc-op id="1911" type="trace" timems="336.036" contextid="1895" timestamp="2022-02-08T18:53:45.002">
  <trace bytesTraced="74430960" workStackOverflowCount="0" />
  <card-cleaning reason="card cleaning threshold reached" bytesTraced="904" cardsCleaned="2" />
</gc-op>
</concurrent-end>

<exclusive-start id="1912" timestamp="2022-02-08T18:53:45.002" intervalms="218.244">
  <response-info timems="0.017" idlems="0.017" threads="0" lastid="0000000000016F00" lastname="main" />
</exclusive-start>
<concurrent-global-final id="1913" timestamp="2022-02-08T18:53:45.003" contextid="1895" intervalms="2799.062" >
  <concurrent-trace-info reason="card cleaning threshold reached" tracedByMutators="58258628" tracedByHelpers="16173236" cardsCleaned="2" workStackOverflowCount="0" />
</concurrent-global-final>
<gc-start id="1914" type="global" contextid="1895" timestamp="2022-02-08T18:53:45.003">
  <mem-info id="1915" free="180723824" total="1073741824" percent="16">
    <mem type="nursery" free="100319248" total="268435456" percent="37">
      <mem type="allocate" free="100319248" total="184090624" percent="54" />
      <mem type="survivor" free="0" total="84344832" percent="0" />
    </mem>
    <mem type="tenure" free="80404576" total="805306368" percent="9">
      <mem type="soa" free="72350816" total="797252608" percent="9" />
      <mem type="loa" free="8053760" total="8053760" percent="100" />
    </mem>
    <remembered-set count="122" />
  </mem-info>
</gc-start>
<allocation-stats totalBytes="8229240" >
  <allocated-bytes non-tlh="184" tlh="8229056" />
  <largest-consumer threadName="main" threadId="0000000000016F00" bytes="8221048" />
</allocation-stats>
<gc-op id="1916" type="rs-scan" timems="124.916" contextid="1895" timestamp="2022-02-08T18:53:45.128">
  <scan objectsFound="3324744" bytesTraced="71013132" workStackOverflowCount="0" />
</gc-op>
<gc-op id="1917" type="card-cleaning" timems="0.342" contextid="1895" timestamp="2022-02-08T18:53:45.128">
  <card-cleaning cardsCleaned="4" bytesTraced="1772" workStackOverflowCount="0" />
</gc-op>
<gc-op id="1918" type="mark" timems="34.648" contextid="1895" timestamp="2022-02-08T18:53:45.163">
  <trace-info objectcount="1285301" scancount="965502" scanbytes="20665096" />
  <finalization candidates="428" enqueued="57" />
  <ownableSynchronizers candidates="1" cleared="0" />
  <references type="soft" candidates="894" cleared="0" enqueued="0" dynamicThreshold="12" maxThreshold="32" />
  <references type="weak" candidates="1701" cleared="0" enqueued="0" />
  <references type="phantom" candidates="52" cleared="2" enqueued="2" />
  <stringconstants candidates="6470" cleared="0"  />
  <object-monitors candidates="2" cleared="0"  />
</gc-op>
<gc-op id="1919" type="sweep" timems="5.750" contextid="1895" timestamp="2022-02-08T18:53:45.168" />
<gc-end id="1920" type="global" contextid="1895" durationms="165.866" usertimems="183.126" systemtimems="0.764" stalltimems="103.195" timestamp="2022-02-08T18:53:45.168" activeThreads="4">
  <mem-info id="1921" free="424090320" total="1073741824" percent="39">
    <mem type="nursery" free="100874560" total="268435456" percent="37">
      <mem type="allocate" free="100874560" total="184090624" percent="54" />
      <mem type="survivor" free="0" total="84344832" percent="0" />
    </mem>
    <mem type="tenure" free="323215760" total="805306368" percent="40" micro-fragmented="337222" macro-fragmented="0">
      <mem type="soa" free="315162000" total="797252608" percent="39" />
      <mem type="loa" free="8053760" total="8053760" percent="100" />
    </mem>
    <pending-finalizers system="57" default="0" reference="2" classloader="0" />
    <remembered-set count="109" />
  </mem-info>
</gc-end>
<cycle-end id="1922" type="global" contextid="1895" timestamp="2022-02-08T18:53:45.169" />
<exclusive-end id="1923" timestamp="2022-02-08T18:53:45.169" durationms="166.106" />

<exclusive-start id="1924" timestamp="2022-02-08T18:53:45.909" intervalms="906.905">
  <response-info timems="0.020" idlems="0.020" threads="0" lastid="0000000000016F00" lastname="main" />
</exclusive-start>
<af-start id="1925" threadId="0000000000017908" totalBytesRequested="104" timestamp="2022-02-08T18:53:45.909" intervalms="1125.143" type="nursery" />
<cycle-start id="1926" type="scavenge" contextid="0" timestamp="2022-02-08T18:53:45.909" intervalms="1125.139" />
<gc-start id="1927" type="scavenge" contextid="1926" timestamp="2022-02-08T18:53:45.910">
  <mem-info id="1928" free="323215760" total="1073741824" percent="30">
    <mem type="nursery" free="0" total="268435456" percent="0">
      <mem type="allocate" free="0" total="184090624" percent="0" />
      <mem type="survivor" free="0" total="84344832" percent="0" />
    </mem>
    <mem type="tenure" free="323215760" total="805306368" percent="40">
      <mem type="soa" free="315162000" total="797252608" percent="39" />
      <mem type="loa" free="8053760" total="8053760" percent="100" />
    </mem>
    <remembered-set count="110" />
  </mem-info>
</gc-start>
<allocation-stats totalBytes="100826248" >
  <allocated-bytes non-tlh="0" tlh="100826248" />
  <largest-consumer threadName="main" threadId="0000000000016F00" bytes="100822152" />
</allocation-stats>
<gc-op id="1929" type="scavenge" timems="87.185" contextid="1926" timestamp="2022-02-08T18:53:45.997">
  <scavenger-info tenureage="1" tenuremask="7ffe" tiltratio="68" />
  <memory-copied type="nursery" objects="1406938" bytes="77583960" bytesdiscarded="138512" />
  <memory-copied type="tenure" objects="1419881" bytes="75086608" bytesdiscarded="43288" />
  <finalization candidates="45" enqueued="0" />
  <ownableSynchronizers candidates="2" cleared="2" />
  <object-monitors candidates="2" cleared="0"  />
</gc-op>
<gc-end id="1930" type="scavenge" contextid="1926" durationms="87.407" usertimems="344.463" systemtimems="0.093" stalltimems="2.807" timestamp="2022-02-08T18:53:45.997" activeThreads="4">
  <mem-info id="1931" free="352607064" total="1073741824" percent="32">
    <mem type="nursery" free="104926360" total="268435456" percent="39">
      <mem type="allocate" free="104926360" total="182648832" percent="57" />
      <mem type="survivor" free="0" total="85786624" percent="0" />
    </mem>
    <mem type="tenure" free="247680704" total="805306368" percent="30" macro-fragmented="0">
      <mem type="soa" free="239626944" total="797252608" percent="30" />
      <mem type="loa" free="8053760" total="8053760" percent="100" />
    </mem>
    <remembered-set count="104" />
  </mem-info>
</gc-end>
<cycle-end id="1932" type="scavenge" contextid="1926" timestamp="2022-02-08T18:53:45.997" />
<allocation-satisfied id="1933" threadId="0000000000016F00" bytesRequested="104" />
<af-end id="1934" timestamp="2022-02-08T18:53:45.997" threadId="0000000000017908" success="true" from="nursery"/>
<exclusive-end id="1935" timestamp="2022-02-08T18:53:45.997" durationms="87.709" />

<exclusive-start id="1936" timestamp="2022-02-08T18:53:46.686" intervalms="776.583">
  <response-info timems="0.025" idlems="0.025" threads="0" lastid="0000000000016F00" lastname="main" />
</exclusive-start>
<af-start id="1937" threadId="0000000000017908" totalBytesRequested="120" timestamp="2022-02-08T18:53:46.686" intervalms="776.573" type="nursery" />
<cycle-start id="1938" type="scavenge" contextid="0" timestamp="2022-02-08T18:53:46.686" intervalms="776.574" />
<gc-start id="1939" type="scavenge" contextid="1938" timestamp="2022-02-08T18:53:46.686">
  <mem-info id="1940" free="247680704" total="1073741824" percent="23">
    <mem type="nursery" free="0" total="268435456" percent="0">
      <mem type="allocate" free="0" total="182648832" percent="0" />
      <mem type="survivor" free="0" total="85786624" percent="0" />
    </mem>
    <mem type="tenure" free="247680704" total="805306368" percent="30">
      <mem type="soa" free="239626944" total="797252608" percent="30" />
      <mem type="loa" free="8053760" total="8053760" percent="100" />
    </mem>
    <remembered-set count="104" />
  </mem-info>
</gc-start>
<allocation-stats totalBytes="104878696" >
  <allocated-bytes non-tlh="104" tlh="104878592" />
  <largest-consumer threadName="main" threadId="0000000000016F00" bytes="104878696" />
</allocation-stats>
<gc-op id="1941" type="scavenge" timems="98.867" contextid="1938" timestamp="2022-02-08T18:53:46.785">
  <scavenger-info tenureage="1" tenuremask="7ffe" tiltratio="68" />
  <memory-copied type="nursery" objects="1308500" bytes="74563056" bytesdiscarded="344592" />
  <memory-copied type="tenure" objects="1406938" bytes="77583960" bytesdiscarded="37592" />
  <object-monitors candidates="2" cleared="0"  />
</gc-op>
<gc-end id="1942" type="scavenge" contextid="1938" durationms="99.059" usertimems="392.104" systemtimems="0.556" stalltimems="1.623" timestamp="2022-02-08T18:53:46.785" activeThreads="4">
  <mem-info id="1943" free="278414056" total="1073741824" percent="25">
    <mem type="nursery" free="108134400" total="268435456" percent="40">
      <mem type="allocate" free="108134400" total="183042048" percent="59" />
      <mem type="survivor" free="0" total="85393408" percent="0" />
    </mem>
    <mem type="tenure" free="170279656" total="805306368" percent="21" macro-fragmented="0">
      <mem type="soa" free="162225896" total="797252608" percent="20" />
      <mem type="loa" free="8053760" total="8053760" percent="100" />
    </mem>
    <remembered-set count="104" />
  </mem-info>
</gc-end>
<cycle-end id="1944" type="scavenge" contextid="1938" timestamp="2022-02-08T18:53:46.785" />
<allocation-satisfied id="1945" threadId="0000000000016F00" bytesRequested="120" />
<af-end id="1946" timestamp="2022-02-08T18:53:46.785" threadId="0000000000017908" success="true" from="nursery"/>
<exclusive-end id="1947" timestamp="2022-02-08T18:53:46.785" durationms="99.321" />

<exclusive-start id="1948" timestamp="2022-02-08T18:53:47.764" intervalms="1078.007">
  <response-info timems="0.018" idlems="0.018" threads="0" lastid="0000000000016F00" lastname="main" />
</exclusive-start>
<af-start id="1949" threadId="0000000000017908" totalBytesRequested="24" timestamp="2022-02-08T18:53:47.764" intervalms="1078.005" type="nursery" />
<cycle-start id="1950" type="scavenge" contextid="0" timestamp="2022-02-08T18:53:47.764" intervalms="1078.004" />
<gc-start id="1951" type="scavenge" contextid="1950" timestamp="2022-02-08T18:53:47.764">
  <mem-info id="1952" free="170279656" total="1073741824" percent="15">
    <mem type="nursery" free="0" total="268435456" percent="0">
      <mem type="allocate" free="0" total="183042048" percent="0" />
      <mem type="survivor" free="0" total="85393408" percent="0" />
    </mem>
    <mem type="tenure" free="170279656" total="805306368" percent="21">
      <mem type="soa" free="162225896" total="797252608" percent="20" />
      <mem type="loa" free="8053760" total="8053760" percent="100" />
    </mem>
    <remembered-set count="134" />
  </mem-info>
</gc-start>
<allocation-stats totalBytes="108085456" >
  <allocated-bytes non-tlh="3008944" tlh="105076512" />
  <largest-consumer threadName="main" threadId="0000000000016F00" bytes="108085456" />
</allocation-stats>
<gc-op id="1953" type="scavenge" timems="90.817" contextid="1950" timestamp="2022-02-08T18:53:47.855">
  <scavenger-info tenureage="1" tenuremask="7ffe" tiltratio="68" />
  <memory-copied type="nursery" objects="1451401" bytes="75996696" bytesdiscarded="160544" />
  <memory-copied type="tenure" objects="1308500" bytes="74563056" bytesdiscarded="39848" />
  <finalization candidates="110" enqueued="53" />
  <references type="soft" candidates="14" cleared="0" enqueued="0" dynamicThreshold="12" maxThreshold="32" />
  <references type="weak" candidates="1" cleared="0" enqueued="0" />
  <references type="phantom" candidates="95" cleared="7" enqueued="7" />
  <object-monitors candidates="2" cleared="0"  />
</gc-op>
<gc-end id="1954" type="scavenge" contextid="1950" durationms="91.073" usertimems="358.008" systemtimems="0.000" stalltimems="4.900" timestamp="2022-02-08T18:53:47.855" activeThreads="4">
  <mem-info id="1955" free="202977088" total="1073741824" percent="18">
    <mem type="nursery" free="107212360" total="268435456" percent="39">
      <mem type="allocate" free="107212360" total="183369728" percent="58" />
      <mem type="survivor" free="0" total="85065728" percent="0" />
    </mem>
    <mem type="tenure" free="95764728" total="805306368" percent="11" macro-fragmented="0">
      <mem type="soa" free="87710968" total="797252608" percent="11" />
      <mem type="loa" free="8053760" total="8053760" percent="100" />
    </mem>
    <pending-finalizers system="52" default="1" reference="7" classloader="0" />
    <remembered-set count="129" />
  </mem-info>
</gc-end>
<cycle-end id="1956" type="scavenge" contextid="1950" timestamp="2022-02-08T18:53:47.855" />
<allocation-satisfied id="1957" threadId="0000000000016F00" bytesRequested="24" />
<af-end id="1958" timestamp="2022-02-08T18:53:47.855" threadId="0000000000017908" success="true" from="nursery"/>
<exclusive-end id="1959" timestamp="2022-02-08T18:53:47.855" durationms="91.390" />

<concurrent-kickoff id="1960" timestamp="2022-02-08T18:53:48.602">
  <kickoff reason="threshold reached" targetBytes="74583783" thresholdFreeBytes="5774474"  remainingFree="5697096" tenureFreeBytes="95764728" nurseryFreeBytes="5697096" />
</concurrent-kickoff>
<exclusive-start id="1961" timestamp="2022-02-08T18:53:48.607" intervalms="842.813">
  <response-info timems="0.022" idlems="0.022" threads="0" lastid="0000000000016F00" lastname="main" />
</exclusive-start>
<cycle-start id="1962" type="global" contextid="0" timestamp="2022-02-08T18:53:48.607" intervalms="3940.417" />
<concurrent-start id="1963" type="global mark" contextid="1962" timestamp="2022-02-08T18:53:48.607">
</concurrent-start>
<exclusive-end id="1964" timestamp="2022-02-08T18:53:48.607" durationms="0.034" />

<exclusive-start id="1965" timestamp="2022-02-08T18:53:48.730" intervalms="123.057">
  <response-info timems="0.035" idlems="0.035" threads="0" lastid="0000000000016F00" lastname="main" />
</exclusive-start>
<af-start id="1966" threadId="0000000000017908" totalBytesRequested="112" timestamp="2022-02-08T18:53:48.730" intervalms="965.867" type="nursery" />
<cycle-start id="1967" type="scavenge" contextid="0" timestamp="2022-02-08T18:53:48.730" intervalms="965.866" />
<gc-start id="1968" type="scavenge" contextid="1967" timestamp="2022-02-08T18:53:48.730">
  <mem-info id="1969" free="95764728" total="1073741824" percent="8">
    <mem type="nursery" free="0" total="268435456" percent="0">
      <mem type="allocate" free="0" total="183369728" percent="0" />
      <mem type="survivor" free="0" total="85065728" percent="0" />
    </mem>
    <mem type="tenure" free="95764728" total="805306368" percent="11">
      <mem type="soa" free="87710968" total="797252608" percent="11" />
      <mem type="loa" free="8053760" total="8053760" percent="100" />
    </mem>
    <remembered-set count="130" />
  </mem-info>
</gc-start>
<allocation-stats totalBytes="107162608" >
  <allocated-bytes non-tlh="24" tlh="107162584" />
  <largest-consumer threadName="main" threadId="0000000000016F00" bytes="107154416" />
</allocation-stats>
<gc-op id="1970" type="scavenge" timems="91.418" contextid="1967" timestamp="2022-02-08T18:53:48.821">
  <scavenger-info tenureage="1" tenuremask="7ffe" tiltratio="68" />
  <memory-copied type="nursery" objects="1381654" bytes="76340952" bytesdiscarded="403952" />
  <memory-copied type="tenure" objects="1450690" bytes="75528840" bytesdiscarded="34880" />
  <finalization candidates="57" enqueued="0" />
  <object-monitors candidates="2" cleared="0"  />
</gc-op>
<gc-end id="1971" type="scavenge" contextid="1967" durationms="91.534" usertimems="359.066" systemtimems="0.565" stalltimems="5.097" timestamp="2022-02-08T18:53:48.821" activeThreads="4">
  <mem-info id="1972" free="127276368" total="1073741824" percent="11">
    <mem type="nursery" free="107083576" total="268435456" percent="39">
      <mem type="allocate" free="107083576" total="183828480" percent="58" />
      <mem type="survivor" free="0" total="84606976" percent="0" />
    </mem>
    <mem type="tenure" free="20192792" total="805306368" percent="2" macro-fragmented="18886860">
      <mem type="soa" free="12139032" total="797252608" percent="1" />
      <mem type="loa" free="8053760" total="8053760" percent="100" />
    </mem>
    <remembered-set count="102" />
  </mem-info>
</gc-end>
<cycle-end id="1973" type="scavenge" contextid="1967" timestamp="2022-02-08T18:53:48.822" />
<allocation-satisfied id="1974" threadId="0000000000016F00" bytesRequested="112" />
<af-end id="1975" timestamp="2022-02-08T18:53:48.822" threadId="0000000000017908" success="true" from="nursery"/>
<exclusive-end id="1976" timestamp="2022-02-08T18:53:48.822" durationms="91.798" />

<concurrent-end id="1977" type="global mark" contextid="1962" timestamp="2022-02-08T18:53:48.961">
<gc-op id="1978" type="trace" timems="354.576" contextid="1962" timestamp="2022-02-08T18:53:48.961">
  <trace bytesTraced="74431136" workStackOverflowCount="0" />
  <card-cleaning reason="card cleaning threshold reached" bytesTraced="904" cardsCleaned="2" />
</gc-op>
</concurrent-end>

<exclusive-start id="1979" timestamp="2022-02-08T18:53:48.961" intervalms="231.601">
  <response-info timems="0.018" idlems="0.018" threads="0" lastid="0000000000016F00" lastname="main" />
</exclusive-start>
<concurrent-global-final id="1980" timestamp="2022-02-08T18:53:48.961" contextid="1962" intervalms="3958.964" >
  <concurrent-trace-info reason="card cleaning threshold reached" tracedByMutators="58348468" tracedByHelpers="16083572" cardsCleaned="2" workStackOverflowCount="0" />
</concurrent-global-final>
<gc-start id="1981" type="global" contextid="1962" timestamp="2022-02-08T18:53:48.962">
  <mem-info id="1982" free="118133984" total="1073741824" percent="11">
    <mem type="nursery" free="97941192" total="268435456" percent="36">
      <mem type="allocate" free="97941192" total="183828480" percent="53" />
      <mem type="survivor" free="0" total="84606976" percent="0" />
    </mem>
    <mem type="tenure" free="20192792" total="805306368" percent="2">
      <mem type="soa" free="12139032" total="797252608" percent="1" />
      <mem type="loa" free="8053760" total="8053760" percent="100" />
    </mem>
    <remembered-set count="102" />
  </mem-info>
</gc-start>
<allocation-stats totalBytes="9138496" >
  <allocated-bytes non-tlh="112" tlh="9138384" />
  <largest-consumer threadName="main" threadId="0000000000016F00" bytes="9138496" />
</allocation-stats>
<gc-op id="1983" type="rs-scan" timems="0.559" contextid="1962" timestamp="2022-02-08T18:53:48.962">
  <scan objectsFound="0" bytesTraced="3836" workStackOverflowCount="0" />
</gc-op>
<gc-op id="1984" type="card-cleaning" timems="146.125" contextid="1962" timestamp="2022-02-08T18:53:49.108">
  <card-cleaning cardsCleaned="10" bytesTraced="71012040" workStackOverflowCount="0" />
</gc-op>
<gc-op id="1985" type="mark" timems="72.341" contextid="1962" timestamp="2022-02-08T18:53:49.181">
  <trace-info objectcount="2415455" scancount="1813119" scanbytes="38747560" />
  <finalization candidates="428" enqueued="57" />
  <ownableSynchronizers candidates="1" cleared="0" />
  <references type="soft" candidates="894" cleared="0" enqueued="0" dynamicThreshold="12" maxThreshold="32" />
  <references type="weak" candidates="1701" cleared="0" enqueued="0" />
  <references type="phantom" candidates="52" cleared="2" enqueued="2" />
  <stringconstants candidates="6470" cleared="0"  />
  <object-monitors candidates="2" cleared="0"  />
</gc-op>
<gc-op id="1986" type="sweep" timems="5.239" contextid="1962" timestamp="2022-02-08T18:53:49.186" />
<gc-end id="1987" type="global" contextid="1962" durationms="224.509" usertimems="280.338" systemtimems="0.000" stalltimems="177.669" timestamp="2022-02-08T18:53:49.186" activeThreads="4">
  <mem-info id="1988" free="361460856" total="1073741824" percent="33">
    <mem type="nursery" free="98437248" total="268435456" percent="36">
      <mem type="allocate" free="98437248" total="183828480" percent="53" />
      <mem type="survivor" free="0" total="84606976" percent="0" />
    </mem>
    <mem type="tenure" free="263023608" total="805306368" percent="32" micro-fragmented="383079" macro-fragmented="0">
      <mem type="soa" free="254969848" total="797252608" percent="31" />
      <mem type="loa" free="8053760" total="8053760" percent="100" />
    </mem>
    <pending-finalizers system="57" default="0" reference="2" classloader="0" />
    <remembered-set count="102" />
  </mem-info>
</gc-end>
<cycle-end id="1989" type="global" contextid="1962" timestamp="2022-02-08T18:53:49.186" />
<exclusive-end id="1990" timestamp="2022-02-08T18:53:49.186" durationms="224.704" />

<exclusive-start id="1991" timestamp="2022-02-08T18:53:49.803" intervalms="841.379">
  <response-info timems="0.018" idlems="0.018" threads="0" lastid="0000000000016F00" lastname="main" />
</exclusive-start>
<af-start id="1992" threadId="0000000000017908" totalBytesRequested="24" timestamp="2022-02-08T18:53:49.803" intervalms="1072.992" type="nursery" />
<cycle-start id="1993" type="scavenge" contextid="0" timestamp="2022-02-08T18:53:49.803" intervalms="1072.993" />
<gc-start id="1994" type="scavenge" contextid="1993" timestamp="2022-02-08T18:53:49.803">
  <mem-info id="1995" free="263023608" total="1073741824" percent="24">
    <mem type="nursery" free="0" total="268435456" percent="0">
      <mem type="allocate" free="0" total="183828480" percent="0" />
      <mem type="survivor" free="0" total="84606976" percent="0" />
    </mem>
    <mem type="tenure" free="263023608" total="805306368" percent="32">
      <mem type="soa" free="254969848" total="797252608" percent="31" />
      <mem type="loa" free="8053760" total="8053760" percent="100" />
    </mem>
    <remembered-set count="105" />
  </mem-info>
</gc-start>
<allocation-stats totalBytes="98391456" >
  <allocated-bytes non-tlh="0" tlh="98391456" />
  <largest-consumer threadName="main" threadId="0000000000016F00" bytes="98387360" />
</allocation-stats>
<gc-op id="1996" type="scavenge" timems="90.011" contextid="1993" timestamp="2022-02-08T18:53:49.893">
  <scavenger-info tenureage="1" tenuremask="7ffe" tiltratio="68" />
  <memory-copied type="nursery" objects="1350495" bytes="76359120" bytesdiscarded="303408" />
  <memory-copied type="tenure" objects="1381654" bytes="76340952" bytesdiscarded="45408" />
  <ownableSynchronizers candidates="2" cleared="2" />
  <object-monitors candidates="2" cleared="0"  />
</gc-op>
<gc-end id="1997" type="scavenge" contextid="1993" durationms="90.154" usertimems="356.957" systemtimems="0.154" stalltimems="1.960" timestamp="2022-02-08T18:53:49.893" activeThreads="4">
  <mem-info id="1998" free="294116296" total="1073741824" percent="27">
    <mem type="nursery" free="107559168" total="268435456" percent="40">
      <mem type="allocate" free="107559168" total="184221696" percent="58" />
      <mem type="survivor" free="0" total="84213760" percent="0" />
    </mem>
    <mem type="tenure" free="186557128" total="805306368" percent="23" macro-fragmented="0">
      <mem type="soa" free="178503368" total="797252608" percent="22" />
      <mem type="loa" free="8053760" total="8053760" percent="100" />
    </mem>
    <remembered-set count="105" />
  </mem-info>
</gc-end>
<cycle-end id="1999" type="scavenge" contextid="1993" timestamp="2022-02-08T18:53:49.893" />
<allocation-satisfied id="2000" threadId="0000000000016F00" bytesRequested="24" />
<af-end id="2001" timestamp="2022-02-08T18:53:49.893" threadId="0000000000017908" success="true" from="nursery"/>
<exclusive-end id="2002" timestamp="2022-02-08T18:53:49.893" durationms="90.450" />

<exclusive-start id="2003" timestamp="2022-02-08T18:53:50.788" intervalms="985.139">
  <response-info timems="0.019" idlems="0.019" threads="0" lastid="0000000000016F00" lastname="main" />
</exclusive-start>
<af-start id="2004" threadId="0000000000017908" totalBytesRequested="24" timestamp="2022-02-08T18:53:50.788" intervalms="985.131" type="nursery" />
<cycle-start id="2005" type="scavenge" contextid="0" timestamp="2022-02-08T18:53:50.788" intervalms="985.130" />
<gc-start id="2006" type="scavenge" contextid="2005" timestamp="2022-02-08T18:53:50.788">
  <mem-info id="2007" free="186557128" total="1073741824" percent="17">
    <mem type="nursery" free="0" total="268435456" percent="0">
      <mem type="allocate" free="0" total="184221696" percent="0" />
      <mem type="survivor" free="0" total="84213760" percent="0" />
    </mem>
    <mem type="tenure" free="186557128" total="805306368" percent="23">
      <mem type="soa" free="178503368" total="797252608" percent="22" />
      <mem type="loa" free="8053760" total="8053760" percent="100" />
    </mem>
    <remembered-set count="136" />
  </mem-info>
</gc-start>
<allocation-stats totalBytes="107511360" >
  <allocated-bytes non-tlh="1590592" tlh="105920768" />
  <largest-consumer threadName="main" threadId="0000000000016F00" bytes="107511360" />
</allocation-stats>
<gc-op id="2008" type="scavenge" timems="99.605" contextid="2005" timestamp="2022-02-08T18:53:50.888">
  <scavenger-info tenureage="1" tenuremask="7ffe" tiltratio="68" />
  <memory-copied type="nursery" objects="1446218" bytes="75631944" bytesdiscarded="123728" />
  <memory-copied type="tenure" objects="1350495" bytes="76359120" bytesdiscarded="40880" />
  <finalization candidates="109" enqueued="53" />
  <references type="soft" candidates="14" cleared="0" enqueued="0" dynamicThreshold="10" maxThreshold="32" />
  <references type="weak" candidates="1" cleared="0" enqueued="0" />
  <references type="phantom" candidates="94" cleared="7" enqueued="7" />
  <object-monitors candidates="2" cleared="0"  />
</gc-op>
<gc-end id="2009" type="scavenge" contextid="2005" durationms="99.756" usertimems="393.817" systemtimems="0.000" stalltimems="3.715" timestamp="2022-02-08T18:53:50.888" activeThreads="4">
  <mem-info id="2010" free="218906864" total="1073741824" percent="20">
    <mem type="nursery" free="108793576" total="268435456" percent="40">
      <mem type="allocate" free="108793576" total="184549376" percent="58" />
      <mem type="survivor" free="0" total="83886080" percent="0" />
    </mem>
    <mem type="tenure" free="110113288" total="805306368" percent="13" macro-fragmented="0">
      <mem type="soa" free="102059528" total="797252608" percent="12" />
      <mem type="loa" free="8053760" total="8053760" percent="100" />
    </mem>
    <pending-finalizers system="52" default="1" reference="7" classloader="0" />
    <remembered-set count="131" />
  </mem-info>
</gc-end>
<cycle-end id="2011" type="scavenge" contextid="2005" timestamp="2022-02-08T18:53:50.888" />
<allocation-satisfied id="2012" threadId="0000000000016F00" bytesRequested="24" />
<af-end id="2013" timestamp="2022-02-08T18:53:50.888" threadId="0000000000017908" success="true" from="nursery"/>
<exclusive-end id="2014" timestamp="2022-02-08T18:53:50.888" durationms="100.007" />

<concurrent-kickoff id="2015" timestamp="2022-02-08T18:53:51.581">
  <kickoff reason="threshold reached" targetBytes="74553419" thresholdFreeBytes="5768724"  remainingFree="5758576" tenureFreeBytes="110113288" nurseryFreeBytes="5758576" />
</concurrent-kickoff>
<exclusive-start id="2016" timestamp="2022-02-08T18:53:51.584" intervalms="796.515">
  <response-info timems="0.019" idlems="0.019" threads="0" lastid="0000000000016F00" lastname="main" />
</exclusive-start>
<cycle-start id="2017" type="global" contextid="0" timestamp="2022-02-08T18:53:51.585" intervalms="2977.687" />
<concurrent-start id="2018" type="global mark" contextid="2017" timestamp="2022-02-08T18:53:51.585">
</concurrent-start>
<exclusive-end id="2019" timestamp="2022-02-08T18:53:51.585" durationms="0.029" />

<exclusive-start id="2020" timestamp="2022-02-08T18:53:51.718" intervalms="133.688">
  <response-info timems="0.037" idlems="0.037" threads="0" lastid="0000000000016F00" lastname="main" />
</exclusive-start>
<af-start id="2021" threadId="0000000000017908" totalBytesRequested="184" timestamp="2022-02-08T18:53:51.718" intervalms="930.207" type="nursery" />
<cycle-start id="2022" type="scavenge" contextid="0" timestamp="2022-02-08T18:53:51.718" intervalms="930.209" />
<gc-start id="2023" type="scavenge" contextid="2022" timestamp="2022-02-08T18:53:51.719">
  <mem-info id="2024" free="110113288" total="1073741824" percent="10">
    <mem type="nursery" free="0" total="268435456" percent="0">
      <mem type="allocate" free="0" total="184549376" percent="0" />
      <mem type="survivor" free="0" total="83886080" percent="0" />
    </mem>
    <mem type="tenure" free="110113288" total="805306368" percent="13">
      <mem type="soa" free="102059528" total="797252608" percent="12" />
      <mem type="loa" free="8053760" total="8053760" percent="100" />
    </mem>
    <remembered-set count="132" />
  </mem-info>
</gc-start>
<allocation-stats totalBytes="108742272" >
  <allocated-bytes non-tlh="1347704" tlh="107394568" />
  <largest-consumer threadName="main" threadId="0000000000016F00" bytes="108734080" />
</allocation-stats>
<gc-op id="2025" type="scavenge" timems="93.192" contextid="2022" timestamp="2022-02-08T18:53:51.812">
  <scavenger-info tenureage="1" tenuremask="7ffe" tiltratio="68" />
  <memory-copied type="nursery" objects="1384538" bytes="77853760" bytesdiscarded="179680" />
  <memory-copied type="tenure" objects="1445499" bytes="74688776" bytesdiscarded="36352" />
  <finalization candidates="57" enqueued="0" />
  <references type="phantom" candidates="1" cleared="0" enqueued="0" />
  <object-monitors candidates="2" cleared="0"  />
</gc-op>
<gc-end id="2026" type="scavenge" contextid="2022" durationms="93.454" usertimems="369.626" systemtimems="0.000" stalltimems="2.343" timestamp="2022-02-08T18:53:51.812" activeThreads="4">
  <mem-info id="2027" free="139703944" total="1073741824" percent="13">
    <mem type="nursery" free="104418784" total="268435456" percent="38">
      <mem type="allocate" free="104418784" total="182452224" percent="57" />
      <mem type="survivor" free="0" total="85983232" percent="0" />
    </mem>
    <mem type="tenure" free="35285160" total="805306368" percent="4" macro-fragmented="0">
      <mem type="soa" free="27231400" total="797252608" percent="3" />
      <mem type="loa" free="8053760" total="8053760" percent="100" />
    </mem>
    <remembered-set count="102" />
  </mem-info>
</gc-end>
<cycle-end id="2028" type="scavenge" contextid="2022" timestamp="2022-02-08T18:53:51.812" />
<allocation-satisfied id="2029" threadId="0000000000016F00" bytesRequested="184" />
<af-end id="2030" timestamp="2022-02-08T18:53:51.812" threadId="0000000000017908" success="true" from="nursery"/>
<exclusive-end id="2031" timestamp="2022-02-08T18:53:51.812" durationms="94.041" />

<concurrent-end id="2032" type="global mark" contextid="2017" timestamp="2022-02-08T18:53:51.930">
<gc-op id="2033" type="trace" timems="345.636" contextid="2017" timestamp="2022-02-08T18:53:51.930">
  <trace bytesTraced="74431344" workStackOverflowCount="0" />
  <card-cleaning reason="card cleaning threshold reached" bytesTraced="904" cardsCleaned="2" />
</gc-op>
</concurrent-end>

<exclusive-start id="2034" timestamp="2022-02-08T18:53:51.930" intervalms="212.017">
  <response-info timems="0.017" idlems="0.017" threads="0" lastid="0000000000016F00" lastname="main" />
</exclusive-start>
<concurrent-global-final id="2035" timestamp="2022-02-08T18:53:51.930" contextid="2017" intervalms="2968.738" >
  <concurrent-trace-info reason="card cleaning threshold reached" tracedByMutators="57195668" tracedByHelpers="17236580" cardsCleaned="2" workStackOverflowCount="0" />
</concurrent-global-final>
<gc-start id="2036" type="global" contextid="2017" timestamp="2022-02-08T18:53:51.930">
  <mem-info id="2037" free="132396496" total="1073741824" percent="12">
    <mem type="nursery" free="97111336" total="268435456" percent="36">
      <mem type="allocate" free="97111336" total="182452224" percent="53" />
      <mem type="survivor" free="0" total="85983232" percent="0" />
    </mem>
    <mem type="tenure" free="35285160" total="805306368" percent="4">
      <mem type="soa" free="27231400" total="797252608" percent="3" />
      <mem type="loa" free="8053760" total="8053760" percent="100" />
    </mem>
    <remembered-set count="102" />
  </mem-info>
</gc-start>
<allocation-stats totalBytes="7303864" >
  <allocated-bytes non-tlh="184" tlh="7303680" />
  <largest-consumer threadName="main" threadId="0000000000016F00" bytes="7303864" />
</allocation-stats>
<gc-op id="2038" type="rs-scan" timems="0.610" contextid="2017" timestamp="2022-02-08T18:53:51.931">
  <scan objectsFound="29" bytesTraced="5268" workStackOverflowCount="0" />
</gc-op>
<gc-op id="2039" type="card-cleaning" timems="148.732" contextid="2017" timestamp="2022-02-08T18:53:52.080">
  <card-cleaning cardsCleaned="9" bytesTraced="71010608" workStackOverflowCount="0" />
</gc-op>
<gc-op id="2040" type="mark" timems="58.367" contextid="2017" timestamp="2022-02-08T18:53:52.138">
  <trace-info objectcount="2144319" scancount="1609767" scanbytes="34409384" />
  <finalization candidates="428" enqueued="57" />
  <ownableSynchronizers candidates="1" cleared="0" />
  <references type="soft" candidates="894" cleared="0" enqueued="0" dynamicThreshold="10" maxThreshold="32" />
  <references type="weak" candidates="1701" cleared="0" enqueued="0" />
  <references type="phantom" candidates="52" cleared="2" enqueued="2" />
  <stringconstants candidates="6470" cleared="0"  />
  <object-monitors candidates="2" cleared="0"  />
</gc-op>
<gc-op id="2041" type="sweep" timems="5.462" contextid="2017" timestamp="2022-02-08T18:53:52.144" />
<gc-end id="2042" type="global" contextid="2017" durationms="213.396" usertimems="228.280" systemtimems="0.865" stalltimems="174.355" timestamp="2022-02-08T18:53:52.144" activeThreads="4">
  <mem-info id="2043" free="375635072" total="1073741824" percent="34">
    <mem type="nursery" free="97384320" total="268435456" percent="36">
      <mem type="allocate" free="97384320" total="182452224" percent="53" />
      <mem type="survivor" free="0" total="85983232" percent="0" />
    </mem>
    <mem type="tenure" free="278250752" total="805306368" percent="34" micro-fragmented="294261" macro-fragmented="0">
      <mem type="soa" free="270196992" total="797252608" percent="33" />
      <mem type="loa" free="8053760" total="8053760" percent="100" />
    </mem>
    <pending-finalizers system="57" default="0" reference="2" classloader="0" />
    <remembered-set count="102" />
  </mem-info>
</gc-end>
<cycle-end id="2044" type="global" contextid="2017" timestamp="2022-02-08T18:53:52.144" />
<exclusive-end id="2045" timestamp="2022-02-08T18:53:52.144" durationms="213.621" />

<exclusive-start id="2046" timestamp="2022-02-08T18:53:52.760" intervalms="829.622">
  <response-info timems="0.019" idlems="0.019" threads="0" lastid="0000000000016F00" lastname="main" />
</exclusive-start>
<af-start id="2047" threadId="0000000000017908" totalBytesRequested="224" timestamp="2022-02-08T18:53:52.760" intervalms="1041.635" type="nursery" />
<cycle-start id="2048" type="scavenge" contextid="0" timestamp="2022-02-08T18:53:52.760" intervalms="1041.635" />
<gc-start id="2049" type="scavenge" contextid="2048" timestamp="2022-02-08T18:53:52.760">
  <mem-info id="2050" free="278250752" total="1073741824" percent="25">
    <mem type="nursery" free="0" total="268435456" percent="0">
      <mem type="allocate" free="0" total="182452224" percent="0" />
      <mem type="survivor" free="0" total="85983232" percent="0" />
    </mem>
    <mem type="tenure" free="278250752" total="805306368" percent="34">
      <mem type="soa" free="270196992" total="797252608" percent="33" />
      <mem type="loa" free="8053760" total="8053760" percent="100" />
    </mem>
    <remembered-set count="105" />
  </mem-info>
</gc-start>
<allocation-stats totalBytes="97340992" >
  <allocated-bytes non-tlh="0" tlh="97340992" />
  <largest-consumer threadName="main" threadId="0000000000016F00" bytes="97336896" />
</allocation-stats>
<gc-op id="2051" type="scavenge" timems="96.267" contextid="2048" timestamp="2022-02-08T18:53:52.856">
  <scavenger-info tenureage="1" tenuremask="7ffe" tiltratio="67" />
  <memory-copied type="nursery" objects="1311343" bytes="74306768" bytesdiscarded="105976" />
  <memory-copied type="tenure" objects="1384537" bytes="77853656" bytesdiscarded="44160" />
  <finalization candidates="1" enqueued="0" />
  <ownableSynchronizers candidates="2" cleared="2" />
  <object-monitors candidates="2" cleared="0"  />
</gc-op>
<gc-end id="2052" type="scavenge" contextid="2048" durationms="96.464" usertimems="296.026" systemtimems="0.000" stalltimems="12.321" timestamp="2022-02-08T18:53:52.856" activeThreads="4">
  <mem-info id="2053" free="308571872" total="1073741824" percent="28">
    <mem type="nursery" free="108432696" total="268435456" percent="40">
      <mem type="allocate" free="108432696" total="182845440" percent="59" />
      <mem type="survivor" free="0" total="85590016" percent="0" />
    </mem>
    <mem type="tenure" free="200139176" total="805306368" percent="24" macro-fragmented="0">
      <mem type="soa" free="192085416" total="797252608" percent="24" />
      <mem type="loa" free="8053760" total="8053760" percent="100" />
    </mem>
    <remembered-set count="105" />
  </mem-info>
</gc-end>
<cycle-end id="2054" type="scavenge" contextid="2048" timestamp="2022-02-08T18:53:52.857" />
<allocation-satisfied id="2055" threadId="0000000000016F00" bytesRequested="224" />
<af-end id="2056" timestamp="2022-02-08T18:53:52.857" threadId="0000000000017908" success="true" from="nursery"/>
<exclusive-end id="2057" timestamp="2022-02-08T18:53:52.857" durationms="96.762" />

<exclusive-start id="2058" timestamp="2022-02-08T18:53:53.736" intervalms="976.322">
  <response-info timems="0.019" idlems="0.019" threads="0" lastid="0000000000016F00" lastname="main" />
</exclusive-start>
<af-start id="2059" threadId="0000000000017908" totalBytesRequested="24" timestamp="2022-02-08T18:53:53.736" intervalms="976.321" type="nursery" />
<cycle-start id="2060" type="scavenge" contextid="0" timestamp="2022-02-08T18:53:53.736" intervalms="976.320" />
<gc-start id="2061" type="scavenge" contextid="2060" timestamp="2022-02-08T18:53:53.736">
  <mem-info id="2062" free="200139176" total="1073741824" percent="18">
    <mem type="nursery" free="0" total="268435456" percent="0">
      <mem type="allocate" free="0" total="182845440" percent="0" />
      <mem type="survivor" free="0" total="85590016" percent="0" />
    </mem>
    <mem type="tenure" free="200139176" total="805306368" percent="24">
      <mem type="soa" free="192085416" total="797252608" percent="24" />
      <mem type="loa" free="8053760" total="8053760" percent="100" />
    </mem>
    <remembered-set count="136" />
  </mem-info>
</gc-start>
<allocation-stats totalBytes="108386360" >
  <allocated-bytes non-tlh="1590792" tlh="106795568" />
  <largest-consumer threadName="main" threadId="0000000000016F00" bytes="108386360" />
</allocation-stats>
<gc-op id="2063" type="scavenge" timems="99.288" contextid="2060" timestamp="2022-02-08T18:53:53.836">
  <scavenger-info tenureage="1" tenuremask="7ffe" tiltratio="68" />
  <memory-copied type="nursery" objects="1491508" bytes="76336776" bytesdiscarded="80216" />
  <memory-copied type="tenure" objects="1311342" bytes="74306648" bytesdiscarded="35864" />
  <finalization candidates="109" enqueued="53" />
  <references type="soft" candidates="14" cleared="0" enqueued="0" dynamicThreshold="11" maxThreshold="32" />
  <references type="weak" candidates="1" cleared="0" enqueued="0" />
  <references type="phantom" candidates="94" cleared="7" enqueued="7" />
  <object-monitors candidates="2" cleared="0"  />
</gc-op>
<gc-end id="2064" type="scavenge" contextid="2060" durationms="99.497" usertimems="392.605" systemtimems="1.252" stalltimems="2.406" timestamp="2022-02-08T18:53:53.836" activeThreads="4">
  <mem-info id="2065" free="232347800" total="1073741824" percent="21">
    <mem type="nursery" free="106624928" total="268435456" percent="39">
      <mem type="allocate" free="106624928" total="183042048" percent="58" />
      <mem type="survivor" free="0" total="85393408" percent="0" />
    </mem>
    <mem type="tenure" free="125722872" total="805306368" percent="15" macro-fragmented="0">
      <mem type="soa" free="117669112" total="797252608" percent="14" />
      <mem type="loa" free="8053760" total="8053760" percent="100" />
    </mem>
    <pending-finalizers system="52" default="1" reference="7" classloader="0" />
    <remembered-set count="132" />
  </mem-info>
</gc-end>
<cycle-end id="2066" type="scavenge" contextid="2060" timestamp="2022-02-08T18:53:53.836" />
<allocation-satisfied id="2067" threadId="0000000000016F00" bytesRequested="24" />
<af-end id="2068" timestamp="2022-02-08T18:53:53.836" threadId="0000000000017908" success="true" from="nursery"/>
<exclusive-end id="2069" timestamp="2022-02-08T18:53:53.836" durationms="99.800" />

<concurrent-kickoff id="2070" timestamp="2022-02-08T18:53:54.519">
  <kickoff reason="threshold reached" targetBytes="74529171" thresholdFreeBytes="5767636"  remainingFree="5765024" tenureFreeBytes="125722872" nurseryFreeBytes="5765024" />
</concurrent-kickoff>
<exclusive-start id="2071" timestamp="2022-02-08T18:53:54.522" intervalms="786.200">
  <response-info timems="0.018" idlems="0.018" threads="0" lastid="0000000000016F00" lastname="main" />
</exclusive-start>
<cycle-start id="2072" type="global" contextid="0" timestamp="2022-02-08T18:53:54.522" intervalms="2937.886" />
<concurrent-start id="2073" type="global mark" contextid="2072" timestamp="2022-02-08T18:53:54.522">
</concurrent-start>
<exclusive-end id="2074" timestamp="2022-02-08T18:53:54.522" durationms="0.068" />

<exclusive-start id="2075" timestamp="2022-02-08T18:53:54.648" intervalms="126.044">
  <response-info timems="0.030" idlems="0.030" threads="0" lastid="0000000000016F00" lastname="main" />
</exclusive-start>
<af-start id="2076" threadId="0000000000017908" totalBytesRequested="184" timestamp="2022-02-08T18:53:54.648" intervalms="912.244" type="nursery" />
<cycle-start id="2077" type="scavenge" contextid="0" timestamp="2022-02-08T18:53:54.648" intervalms="912.244" />
<gc-start id="2078" type="scavenge" contextid="2077" timestamp="2022-02-08T18:53:54.648">
  <mem-info id="2079" free="125722872" total="1073741824" percent="11">
    <mem type="nursery" free="0" total="268435456" percent="0">
      <mem type="allocate" free="0" total="183042048" percent="0" />
      <mem type="survivor" free="0" total="85393408" percent="0" />
    </mem>
    <mem type="tenure" free="125722872" total="805306368" percent="15">
      <mem type="soa" free="117669112" total="797252608" percent="14" />
      <mem type="loa" free="8053760" total="8053760" percent="100" />
    </mem>
    <remembered-set count="133" />
  </mem-info>
</gc-start>
<allocation-stats totalBytes="106574872" >
  <allocated-bytes non-tlh="1347704" tlh="105227168" />
  <largest-consumer threadName="main" threadId="0000000000016F00" bytes="106566680" />
</allocation-stats>
<gc-op id="2080" type="scavenge" timems="94.979" contextid="2077" timestamp="2022-02-08T18:53:54.744">
  <scavenger-info tenureage="1" tenuremask="7ffe" tiltratio="68" />
  <memory-copied type="nursery" objects="1334234" bytes="76268352" bytesdiscarded="269232" />
  <memory-copied type="tenure" objects="1490788" bytes="75393584" bytesdiscarded="39416" />
  <finalization candidates="57" enqueued="0" />
  <references type="phantom" candidates="1" cleared="0" enqueued="0" />
  <object-monitors candidates="2" cleared="0"  />
</gc-op>
<gc-end id="2081" type="scavenge" contextid="2077" durationms="95.210" usertimems="376.880" systemtimems="0.000" stalltimems="2.411" timestamp="2022-02-08T18:53:54.744" activeThreads="4">
  <mem-info id="2082" free="157463032" total="1073741824" percent="14">
    <mem type="nursery" free="107094288" total="268435456" percent="39">
      <mem type="allocate" free="107094288" total="183631872" percent="58" />
      <mem type="survivor" free="0" total="84803584" percent="0" />
    </mem>
    <mem type="tenure" free="50368744" total="805306368" percent="6" macro-fragmented="0">
      <mem type="soa" free="42314984" total="797252608" percent="5" />
      <mem type="loa" free="8053760" total="8053760" percent="100" />
    </mem>
    <remembered-set count="102" />
  </mem-info>
</gc-end>
<cycle-end id="2083" type="scavenge" contextid="2077" timestamp="2022-02-08T18:53:54.744" />
<allocation-satisfied id="2084" threadId="0000000000016F00" bytesRequested="184" />
<af-end id="2085" timestamp="2022-02-08T18:53:54.744" threadId="0000000000017908" success="true" from="nursery"/>
<exclusive-end id="2086" timestamp="2022-02-08T18:53:54.744" durationms="95.472" />

<concurrent-end id="2087" type="global mark" contextid="2072" timestamp="2022-02-08T18:53:54.863">
<gc-op id="2088" type="trace" timems="341.056" contextid="2072" timestamp="2022-02-08T18:53:54.863">
  <trace bytesTraced="74431552" workStackOverflowCount="0" />
  <card-cleaning reason="card cleaning threshold reached" bytesTraced="904" cardsCleaned="2" />
</gc-op>
</concurrent-end>

<exclusive-start id="2089" timestamp="2022-02-08T18:53:54.864" intervalms="215.117">
  <response-info timems="0.017" idlems="0.017" threads="0" lastid="0000000000016F00" lastname="main" />
</exclusive-start>
<concurrent-global-final id="2090" timestamp="2022-02-08T18:53:54.864" contextid="2072" intervalms="2933.314" >
  <concurrent-trace-info reason="card cleaning threshold reached" tracedByMutators="60235392" tracedByHelpers="14197064" cardsCleaned="2" workStackOverflowCount="0" />
</concurrent-global-final>
<gc-start id="2091" type="global" contextid="2072" timestamp="2022-02-08T18:53:54.864">
  <mem-info id="2092" free="149893440" total="1073741824" percent="13">
    <mem type="nursery" free="99524696" total="268435456" percent="37">
      <mem type="allocate" free="99524696" total="183631872" percent="54" />
      <mem type="survivor" free="0" total="84803584" percent="0" />
    </mem>
    <mem type="tenure" free="50368744" total="805306368" percent="6">
      <mem type="soa" free="42314984" total="797252608" percent="5" />
      <mem type="loa" free="8053760" total="8053760" percent="100" />
    </mem>
    <remembered-set count="102" />
  </mem-info>
</gc-start>
<allocation-stats totalBytes="7566296" >
  <allocated-bytes non-tlh="184" tlh="7566112" />
  <largest-consumer threadName="main" threadId="0000000000016F00" bytes="7566296" />
</allocation-stats>
<gc-op id="2093" type="rs-scan" timems="0.512" contextid="2072" timestamp="2022-02-08T18:53:54.864">
  <scan objectsFound="29" bytesTraced="5268" workStackOverflowCount="0" />
</gc-op>
<gc-op id="2094" type="card-cleaning" timems="146.445" contextid="2072" timestamp="2022-02-08T18:53:55.011">
  <card-cleaning cardsCleaned="9" bytesTraced="71010608" workStackOverflowCount="0" />
</gc-op>
<gc-op id="2095" type="mark" timems="49.324" contextid="2072" timestamp="2022-02-08T18:53:55.060">
  <trace-info objectcount="1849315" scancount="1388514" scanbytes="29689320" />
  <finalization candidates="428" enqueued="57" />
  <ownableSynchronizers candidates="1" cleared="0" />
  <references type="soft" candidates="894" cleared="0" enqueued="0" dynamicThreshold="11" maxThreshold="32" />
  <references type="weak" candidates="1701" cleared="0" enqueued="0" />
  <references type="phantom" candidates="52" cleared="2" enqueued="2" />
  <stringconstants candidates="6470" cleared="0"  />
  <object-monitors candidates="2" cleared="0"  />
</gc-op>
<gc-op id="2096" type="sweep" timems="5.513" contextid="2072" timestamp="2022-02-08T18:53:55.066" />
<gc-end id="2097" type="global" contextid="2072" durationms="202.203" usertimems="219.855" systemtimems="0.216" stalltimems="147.074" timestamp="2022-02-08T18:53:55.066" activeThreads="4">
  <mem-info id="2098" free="393199128" total="1073741824" percent="36">
    <mem type="nursery" free="99884112" total="268435456" percent="37">
      <mem type="allocate" free="99884112" total="183631872" percent="54" />
      <mem type="survivor" free="0" total="84803584" percent="0" />
    </mem>
    <mem type="tenure" free="293315016" total="805306368" percent="36" micro-fragmented="372772" macro-fragmented="0">
      <mem type="soa" free="285261256" total="797252608" percent="35" />
      <mem type="loa" free="8053760" total="8053760" percent="100" />
    </mem>
    <pending-finalizers system="57" default="0" reference="2" classloader="0" />
    <remembered-set count="102" />
  </mem-info>
</gc-end>
<cycle-end id="2099" type="global" contextid="2072" timestamp="2022-02-08T18:53:55.066" />
<exclusive-end id="2100" timestamp="2022-02-08T18:53:55.066" durationms="202.447" />

<exclusive-start id="2101" timestamp="2022-02-08T18:53:55.731" intervalms="867.186">
  <response-info timems="0.019" idlems="0.019" threads="0" lastid="0000000000016F00" lastname="main" />
</exclusive-start>
<af-start id="2102" threadId="0000000000017908" totalBytesRequested="120" timestamp="2022-02-08T18:53:55.731" intervalms="1082.303" type="nursery" />
<cycle-start id="2103" type="scavenge" contextid="0" timestamp="2022-02-08T18:53:55.731" intervalms="1082.302" />
<gc-start id="2104" type="scavenge" contextid="2103" timestamp="2022-02-08T18:53:55.731">
  <mem-info id="2105" free="293315016" total="1073741824" percent="27">
    <mem type="nursery" free="0" total="268435456" percent="0">
      <mem type="allocate" free="0" total="183631872" percent="0" />
      <mem type="survivor" free="0" total="84803584" percent="0" />
    </mem>
    <mem type="tenure" free="293315016" total="805306368" percent="36">
      <mem type="soa" free="285261256" total="797252608" percent="35" />
      <mem type="loa" free="8053760" total="8053760" percent="100" />
    </mem>
    <remembered-set count="105" />
  </mem-info>
</gc-start>
<allocation-stats totalBytes="99839824" >
  <allocated-bytes non-tlh="0" tlh="99839824" />
  <largest-consumer threadName="main" threadId="0000000000016F00" bytes="99835728" />
</allocation-stats>
<gc-op id="2106" type="scavenge" timems="88.448" contextid="2103" timestamp="2022-02-08T18:53:55.819">
  <scavenger-info tenureage="1" tenuremask="7ffe" tiltratio="68" />
  <memory-copied type="nursery" objects="1355750" bytes="76297040" bytesdiscarded="181264" />
  <memory-copied type="tenure" objects="1334233" bytes="76268248" bytesdiscarded="44432" />
  <finalization candidates="1" enqueued="0" />
  <ownableSynchronizers candidates="2" cleared="2" />
  <object-monitors candidates="2" cleared="0"  />
</gc-op>
<gc-end id="2107" type="scavenge" contextid="2103" durationms="88.637" usertimems="350.604" systemtimems="0.000" stalltimems="2.344" timestamp="2022-02-08T18:53:55.819" activeThreads="4">
  <mem-info id="2108" free="324432192" total="1073741824" percent="30">
    <mem type="nursery" free="107612320" total="268435456" percent="40">
      <mem type="allocate" free="107612320" total="184090624" percent="58" />
      <mem type="survivor" free="0" total="84344832" percent="0" />
    </mem>
    <mem type="tenure" free="216819872" total="805306368" percent="26" macro-fragmented="0">
      <mem type="soa" free="208766112" total="797252608" percent="26" />
      <mem type="loa" free="8053760" total="8053760" percent="100" />
    </mem>
    <remembered-set count="105" />
  </mem-info>
</gc-end>
<cycle-end id="2109" type="scavenge" contextid="2103" timestamp="2022-02-08T18:53:55.820" />
<allocation-satisfied id="2110" threadId="0000000000016F00" bytesRequested="120" />
<af-end id="2111" timestamp="2022-02-08T18:53:55.820" threadId="0000000000017908" success="true" from="nursery"/>
<exclusive-end id="2112" timestamp="2022-02-08T18:53:55.820" durationms="88.885" />

<exclusive-start id="2113" timestamp="2022-02-08T18:53:56.706" intervalms="975.269">
  <response-info timems="0.021" idlems="0.021" threads="0" lastid="0000000000016F00" lastname="main" />
</exclusive-start>
<af-start id="2114" threadId="0000000000017908" totalBytesRequested="200" timestamp="2022-02-08T18:53:56.706" intervalms="975.270" type="nursery" />
<cycle-start id="2115" type="scavenge" contextid="0" timestamp="2022-02-08T18:53:56.706" intervalms="975.272" />
<gc-start id="2116" type="scavenge" contextid="2115" timestamp="2022-02-08T18:53:56.706">
  <mem-info id="2117" free="216819872" total="1073741824" percent="20">
    <mem type="nursery" free="0" total="268435456" percent="0">
      <mem type="allocate" free="0" total="184090624" percent="0" />
      <mem type="survivor" free="0" total="84344832" percent="0" />
    </mem>
    <mem type="tenure" free="216819872" total="805306368" percent="26">
      <mem type="soa" free="208766112" total="797252608" percent="26" />
      <mem type="loa" free="8053760" total="8053760" percent="100" />
    </mem>
    <remembered-set count="136" />
  </mem-info>
</gc-start>
<allocation-stats totalBytes="107563624" >
  <allocated-bytes non-tlh="1018536" tlh="106545088" />
  <largest-consumer threadName="main" threadId="0000000000016F00" bytes="107563624" />
</allocation-stats>
<gc-op id="2118" type="scavenge" timems="95.261" contextid="2115" timestamp="2022-02-08T18:53:56.801">
  <scavenger-info tenureage="1" tenuremask="7ffe" tiltratio="68" />
  <memory-copied type="nursery" objects="1485847" bytes="75762080" bytesdiscarded="141408" />
  <memory-copied type="tenure" objects="1355750" bytes="76297040" bytesdiscarded="40704" />
  <finalization candidates="108" enqueued="53" />
  <references type="soft" candidates="14" cleared="0" enqueued="0" dynamicThreshold="11" maxThreshold="32" />
  <references type="weak" candidates="1" cleared="0" enqueued="0" />
  <references type="phantom" candidates="93" cleared="7" enqueued="7" />
  <object-monitors candidates="2" cleared="0"  />
</gc-op>
<gc-end id="2119" type="scavenge" contextid="2115" durationms="95.483" usertimems="377.518" systemtimems="0.800" stalltimems="1.798" timestamp="2022-02-08T18:53:56.802" activeThreads="4">
  <mem-info id="2120" free="249081120" total="1073741824" percent="23">
    <mem type="nursery" free="108580224" total="268435456" percent="40">
      <mem type="allocate" free="108580224" total="184483840" percent="58" />
      <mem type="survivor" free="0" total="83951616" percent="0" />
    </mem>
    <mem type="tenure" free="140500896" total="805306368" percent="17" macro-fragmented="0">
      <mem type="soa" free="132447136" total="797252608" percent="16" />
      <mem type="loa" free="8053760" total="8053760" percent="100" />
    </mem>
    <pending-finalizers system="52" default="1" reference="7" classloader="0" />
    <remembered-set count="132" />
  </mem-info>
</gc-end>
<cycle-end id="2121" type="scavenge" contextid="2115" timestamp="2022-02-08T18:53:56.802" />
<allocation-satisfied id="2122" threadId="0000000000016F00" bytesRequested="200" />
<af-end id="2123" timestamp="2022-02-08T18:53:56.802" threadId="0000000000017908" success="true" from="nursery"/>
<exclusive-end id="2124" timestamp="2022-02-08T18:53:56.802" durationms="95.810" />

<concurrent-kickoff id="2125" timestamp="2022-02-08T18:53:57.508">
  <kickoff reason="threshold reached" targetBytes="74509815" thresholdFreeBytes="5763356"  remainingFree="5725280" tenureFreeBytes="140500896" nurseryFreeBytes="5725280" />
</concurrent-kickoff>
<exclusive-start id="2126" timestamp="2022-02-08T18:53:57.511" intervalms="804.888">
  <response-info timems="0.033" idlems="0.033" threads="0" lastid="0000000000016F00" lastname="main" />
</exclusive-start>
<cycle-start id="2127" type="global" contextid="0" timestamp="2022-02-08T18:53:57.511" intervalms="2988.468" />
<concurrent-start id="2128" type="global mark" contextid="2127" timestamp="2022-02-08T18:53:57.511">
</concurrent-start>
<exclusive-end id="2129" timestamp="2022-02-08T18:53:57.511" durationms="0.030" />

<exclusive-start id="2130" timestamp="2022-02-08T18:53:57.626" intervalms="115.538">
  <response-info timems="0.027" idlems="0.027" threads="0" lastid="0000000000016F00" lastname="main" />
</exclusive-start>
<af-start id="2131" threadId="0000000000017908" totalBytesRequested="24" timestamp="2022-02-08T18:53:57.626" intervalms="920.423" type="nursery" />
<cycle-start id="2132" type="scavenge" contextid="0" timestamp="2022-02-08T18:53:57.626" intervalms="920.421" />
<gc-start id="2133" type="scavenge" contextid="2132" timestamp="2022-02-08T18:53:57.626">
  <mem-info id="2134" free="140500896" total="1073741824" percent="13">
    <mem type="nursery" free="0" total="268435456" percent="0">
      <mem type="allocate" free="0" total="184483840" percent="0" />
      <mem type="survivor" free="0" total="83951616" percent="0" />
    </mem>
    <mem type="tenure" free="140500896" total="805306368" percent="17">
      <mem type="soa" free="132447136" total="797252608" percent="16" />
      <mem type="loa" free="8053760" total="8053760" percent="100" />
    </mem>
    <remembered-set count="133" />
  </mem-info>
</gc-start>
<allocation-stats totalBytes="108527968" >
  <allocated-bytes non-tlh="1823008" tlh="106704960" />
  <largest-consumer threadName="main" threadId="0000000000016F00" bytes="108519776" />
</allocation-stats>
<gc-op id="2135" type="scavenge" timems="93.378" contextid="2132" timestamp="2022-02-08T18:53:57.720">
  <scavenger-info tenureage="1" tenuremask="7ffe" tiltratio="68" />
  <memory-copied type="nursery" objects="1354536" bytes="77346408" bytesdiscarded="348152" />
  <memory-copied type="tenure" objects="1485127" bytes="75124208" bytesdiscarded="38376" />
  <finalization candidates="57" enqueued="0" />
  <references type="phantom" candidates="2" cleared="0" enqueued="0" />
  <object-monitors candidates="2" cleared="0"  />
</gc-op>
<gc-end id="2136" type="scavenge" contextid="2132" durationms="93.571" usertimems="369.642" systemtimems="0.000" stalltimems="3.029" timestamp="2022-02-08T18:53:57.720" activeThreads="4">
  <mem-info id="2137" free="171011256" total="1073741824" percent="15">
    <mem type="nursery" free="105740704" total="268435456" percent="39">
      <mem type="allocate" free="105740704" total="183435264" percent="57" />
      <mem type="survivor" free="0" total="85000192" percent="0" />
    </mem>
    <mem type="tenure" free="65270552" total="805306368" percent="8" macro-fragmented="27735676">
      <mem type="soa" free="57216792" total="797252608" percent="7" />
      <mem type="loa" free="8053760" total="8053760" percent="100" />
    </mem>
    <remembered-set count="103" />
  </mem-info>
</gc-end>
<cycle-end id="2138" type="scavenge" contextid="2132" timestamp="2022-02-08T18:53:57.720" />
<allocation-satisfied id="2139" threadId="0000000000016F00" bytesRequested="24" />
<af-end id="2140" timestamp="2022-02-08T18:53:57.720" threadId="0000000000017908" success="true" from="nursery"/>
<exclusive-end id="2141" timestamp="2022-02-08T18:53:57.720" durationms="93.837" />

<concurrent-end id="2142" type="global mark" contextid="2127" timestamp="2022-02-08T18:53:57.853">
<gc-op id="2143" type="trace" timems="342.392" contextid="2127" timestamp="2022-02-08T18:53:57.853">
  <trace bytesTraced="74431760" workStackOverflowCount="0" />
  <card-cleaning reason="card cleaning threshold reached" bytesTraced="904" cardsCleaned="2" />
</gc-op>
</concurrent-end>

<exclusive-start id="2144" timestamp="2022-02-08T18:53:57.853" intervalms="226.974">
  <response-info timems="0.018" idlems="0.018" threads="0" lastid="0000000000016F00" lastname="main" />
</exclusive-start>
<concurrent-global-final id="2145" timestamp="2022-02-08T18:53:57.853" contextid="2127" intervalms="2989.860" >
  <concurrent-trace-info reason="card cleaning threshold reached" tracedByMutators="56982572" tracedByHelpers="17450092" cardsCleaned="2" workStackOverflowCount="0" />
</concurrent-global-final>
<gc-start id="2146" type="global" contextid="2127" timestamp="2022-02-08T18:53:57.853">
  <mem-info id="2147" free="162000032" total="1073741824" percent="15">
    <mem type="nursery" free="96729480" total="268435456" percent="36">
      <mem type="allocate" free="96729480" total="183435264" percent="52" />
      <mem type="survivor" free="0" total="85000192" percent="0" />
    </mem>
    <mem type="tenure" free="65270552" total="805306368" percent="8">
      <mem type="soa" free="57216792" total="797252608" percent="7" />
      <mem type="loa" free="8053760" total="8053760" percent="100" />
    </mem>
    <remembered-set count="103" />
  </mem-info>
</gc-start>
<allocation-stats totalBytes="9006456" >
  <allocated-bytes non-tlh="24" tlh="9006432" />
  <largest-consumer threadName="main" threadId="0000000000016F00" bytes="9006456" />
</allocation-stats>
<gc-op id="2148" type="rs-scan" timems="0.835" contextid="2127" timestamp="2022-02-08T18:53:57.854">
  <scan objectsFound="29" bytesTraced="5268" workStackOverflowCount="0" />
</gc-op>
<gc-op id="2149" type="card-cleaning" timems="148.308" contextid="2127" timestamp="2022-02-08T18:53:58.003">
  <card-cleaning cardsCleaned="9" bytesTraced="71010608" workStackOverflowCount="0" />
</gc-op>
<gc-op id="2150" type="mark" timems="42.906" contextid="2127" timestamp="2022-02-08T18:53:58.046">
  <trace-info objectcount="1627730" scancount="1222325" scanbytes="26143976" />
  <finalization candidates="428" enqueued="57" />
  <ownableSynchronizers candidates="1" cleared="0" />
  <references type="soft" candidates="894" cleared="0" enqueued="0" dynamicThreshold="11" maxThreshold="32" />
  <references type="weak" candidates="1701" cleared="0" enqueued="0" />
  <references type="phantom" candidates="52" cleared="2" enqueued="2" />
  <stringconstants candidates="6470" cleared="0"  />
  <object-monitors candidates="2" cleared="0"  />
</gc-op>
<gc-op id="2151" type="sweep" timems="6.265" contextid="2127" timestamp="2022-02-08T18:53:58.052" />
<gc-end id="2152" type="global" contextid="2127" durationms="198.520" usertimems="212.452" systemtimems="0.312" stalltimems="134.589" timestamp="2022-02-08T18:53:58.052" activeThreads="4">
  <mem-info id="2153" free="405399496" total="1073741824" percent="37">
    <mem type="nursery" free="97168776" total="268435456" percent="36">
      <mem type="allocate" free="97168776" total="183435264" percent="52" />
      <mem type="survivor" free="0" total="85000192" percent="0" />
    </mem>
    <mem type="tenure" free="308230720" total="805306368" percent="38" micro-fragmented="358262" macro-fragmented="0">
      <mem type="soa" free="300176960" total="797252608" percent="37" />
      <mem type="loa" free="8053760" total="8053760" percent="100" />
    </mem>
    <pending-finalizers system="57" default="0" reference="2" classloader="0" />
    <remembered-set count="103" />
  </mem-info>
</gc-end>
<cycle-end id="2154" type="global" contextid="2127" timestamp="2022-02-08T18:53:58.052" />
<exclusive-end id="2155" timestamp="2022-02-08T18:53:58.052" durationms="198.761" />

<exclusive-start id="2156" timestamp="2022-02-08T18:53:58.677" intervalms="823.845">
  <response-info timems="0.019" idlems="0.019" threads="0" lastid="0000000000016F00" lastname="main" />
</exclusive-start>
<af-start id="2157" threadId="0000000000017908" totalBytesRequested="104" timestamp="2022-02-08T18:53:58.677" intervalms="1050.820" type="nursery" />
<cycle-start id="2158" type="scavenge" contextid="0" timestamp="2022-02-08T18:53:58.677" intervalms="1050.821" />
<gc-start id="2159" type="scavenge" contextid="2158" timestamp="2022-02-08T18:53:58.677">
  <mem-info id="2160" free="308230720" total="1073741824" percent="28">
    <mem type="nursery" free="0" total="268435456" percent="0">
      <mem type="allocate" free="0" total="183435264" percent="0" />
      <mem type="survivor" free="0" total="85000192" percent="0" />
    </mem>
    <mem type="tenure" free="308230720" total="805306368" percent="38">
      <mem type="soa" free="300176960" total="797252608" percent="37" />
      <mem type="loa" free="8053760" total="8053760" percent="100" />
    </mem>
    <remembered-set count="106" />
  </mem-info>
</gc-start>
<allocation-stats totalBytes="97124784" >
  <allocated-bytes non-tlh="0" tlh="97124784" />
  <largest-consumer threadName="main" threadId="0000000000016F00" bytes="97120688" />
</allocation-stats>
<gc-op id="2161" type="scavenge" timems="94.485" contextid="2158" timestamp="2022-02-08T18:53:58.772">
  <scavenger-info tenureage="1" tenuremask="7ffe" tiltratio="68" />
  <memory-copied type="nursery" objects="1339096" bytes="75400560" bytesdiscarded="139928" />
  <memory-copied type="tenure" objects="1354536" bytes="77346408" bytesdiscarded="46216" />
  <finalization candidates="2" enqueued="0" />
  <ownableSynchronizers candidates="2" cleared="2" />
  <object-monitors candidates="2" cleared="0"  />
</gc-op>
<gc-end id="2162" type="scavenge" contextid="2158" durationms="94.665" usertimems="305.323" systemtimems="0.000" stalltimems="10.003" timestamp="2022-02-08T18:53:58.772" activeThreads="4">
  <mem-info id="2163" free="338944904" total="1073741824" percent="31">
    <mem type="nursery" free="108156920" total="268435456" percent="40">
      <mem type="allocate" free="108156920" total="183697408" percent="58" />
      <mem type="survivor" free="0" total="84738048" percent="0" />
    </mem>
    <mem type="tenure" free="230787984" total="805306368" percent="28" macro-fragmented="0">
      <mem type="soa" free="222734224" total="797252608" percent="27" />
      <mem type="loa" free="8053760" total="8053760" percent="100" />
    </mem>
    <remembered-set count="104" />
  </mem-info>
</gc-end>
<cycle-end id="2164" type="scavenge" contextid="2158" timestamp="2022-02-08T18:53:58.772" />
<allocation-satisfied id="2165" threadId="0000000000016F00" bytesRequested="104" />
<af-end id="2166" timestamp="2022-02-08T18:53:58.772" threadId="0000000000017908" success="true" from="nursery"/>
<exclusive-end id="2167" timestamp="2022-02-08T18:53:58.772" durationms="94.929" />

<exclusive-start id="2168" timestamp="2022-02-08T18:53:59.489" intervalms="812.020">
  <response-info timems="0.018" idlems="0.018" threads="0" lastid="0000000000016F00" lastname="main" />
</exclusive-start>
<af-start id="2169" threadId="0000000000017908" totalBytesRequested="376" timestamp="2022-02-08T18:53:59.489" intervalms="812.020" type="nursery" />
<cycle-start id="2170" type="scavenge" contextid="0" timestamp="2022-02-08T18:53:59.489" intervalms="812.020" />
<gc-start id="2171" type="scavenge" contextid="2170" timestamp="2022-02-08T18:53:59.489">
  <mem-info id="2172" free="230787984" total="1073741824" percent="21">
    <mem type="nursery" free="0" total="268435456" percent="0">
      <mem type="allocate" free="0" total="183697408" percent="0" />
      <mem type="survivor" free="0" total="84738048" percent="0" />
    </mem>
    <mem type="tenure" free="230787984" total="805306368" percent="28">
      <mem type="soa" free="222734224" total="797252608" percent="27" />
      <mem type="loa" free="8053760" total="8053760" percent="100" />
    </mem>
    <remembered-set count="118" />
  </mem-info>
</gc-start>
<allocation-stats totalBytes="108106600" >
  <allocated-bytes non-tlh="453808" tlh="107652792" />
  <largest-consumer threadName="main" threadId="0000000000016F00" bytes="108106600" />
</allocation-stats>
<gc-op id="2173" type="scavenge" timems="89.038" contextid="2170" timestamp="2022-02-08T18:53:59.578">
  <scavenger-info tenureage="1" tenuremask="7ffe" tiltratio="68" />
  <memory-copied type="nursery" objects="1361284" bytes="76982200" bytesdiscarded="178144" />
  <memory-copied type="tenure" objects="1339096" bytes="75400560" bytesdiscarded="40136" />
  <finalization candidates="30" enqueued="18" />
  <references type="phantom" candidates="30" cleared="0" enqueued="0" />
  <object-monitors candidates="2" cleared="0"  />
</gc-op>
<gc-end id="2174" type="scavenge" contextid="2170" durationms="89.211" usertimems="346.264" systemtimems="3.811" stalltimems="5.296" timestamp="2022-02-08T18:53:59.579" activeThreads="4">
  <mem-info id="2175" free="261639768" total="1073741824" percent="24">
    <mem type="nursery" free="106405992" total="268435456" percent="39">
      <mem type="allocate" free="106405992" total="183566336" percent="57" />
      <mem type="survivor" free="0" total="84869120" percent="0" />
    </mem>
    <mem type="tenure" free="155233776" total="805306368" percent="19" macro-fragmented="0">
      <mem type="soa" free="147180016" total="797252608" percent="18" />
      <mem type="loa" free="8053760" total="8053760" percent="100" />
    </mem>
    <pending-finalizers system="18" default="0" reference="0" classloader="0" />
    <remembered-set count="119" />
  </mem-info>
</gc-end>
<cycle-end id="2176" type="scavenge" contextid="2170" timestamp="2022-02-08T18:53:59.579" />
<allocation-satisfied id="2177" threadId="0000000000016F00" bytesRequested="376" />
<af-end id="2178" timestamp="2022-02-08T18:53:59.579" threadId="0000000000017908" success="true" from="nursery"/>
<exclusive-end id="2179" timestamp="2022-02-08T18:53:59.579" durationms="89.522" />

<concurrent-kickoff id="2180" timestamp="2022-02-08T18:54:00.380">
  <kickoff reason="threshold reached" targetBytes="74494383" thresholdFreeBytes="5763286"  remainingFree="5742696" tenureFreeBytes="155233776" nurseryFreeBytes="5742696" />
</concurrent-kickoff>
<exclusive-start id="2181" timestamp="2022-02-08T18:54:00.383" intervalms="894.071">
  <response-info timems="0.017" idlems="0.017" threads="0" lastid="0000000000016F00" lastname="main" />
</exclusive-start>
<cycle-start id="2182" type="global" contextid="0" timestamp="2022-02-08T18:54:00.383" intervalms="2872.447" />
<concurrent-start id="2183" type="global mark" contextid="2182" timestamp="2022-02-08T18:54:00.383">
</concurrent-start>
<exclusive-end id="2184" timestamp="2022-02-08T18:54:00.383" durationms="0.029" />

<exclusive-start id="2185" timestamp="2022-02-08T18:54:00.500" intervalms="116.489">
  <response-info timems="0.016" idlems="0.016" threads="0" lastid="0000000000016F00" lastname="main" />
</exclusive-start>
<af-start id="2186" threadId="0000000000017908" totalBytesRequested="216" timestamp="2022-02-08T18:54:00.500" intervalms="1010.567" type="nursery" />
<cycle-start id="2187" type="scavenge" contextid="0" timestamp="2022-02-08T18:54:00.500" intervalms="1010.567" />
<gc-start id="2188" type="scavenge" contextid="2187" timestamp="2022-02-08T18:54:00.500">
  <mem-info id="2189" free="155233776" total="1073741824" percent="14">
    <mem type="nursery" free="0" total="268435456" percent="0">
      <mem type="allocate" free="0" total="183566336" percent="0" />
      <mem type="survivor" free="0" total="84869120" percent="0" />
    </mem>
    <mem type="tenure" free="155233776" total="805306368" percent="19">
      <mem type="soa" free="147180016" total="797252608" percent="18" />
      <mem type="loa" free="8053760" total="8053760" percent="100" />
    </mem>
    <remembered-set count="137" />
  </mem-info>
</gc-start>
<allocation-stats totalBytes="106357440" >
  <allocated-bytes non-tlh="2555496" tlh="103801944" />
  <largest-consumer threadName="main" threadId="0000000000016F00" bytes="106353344" />
</allocation-stats>
<gc-op id="2190" type="scavenge" timems="91.525" contextid="2187" timestamp="2022-02-08T18:54:00.591">
  <scavenger-info tenureage="1" tenuremask="7ffe" tiltratio="68" />
  <memory-copied type="nursery" objects="1414552" bytes="75101520" bytesdiscarded="131904" />
  <memory-copied type="tenure" objects="1360984" bytes="76369256" bytesdiscarded="40184" />
  <finalization candidates="92" enqueued="35" />
  <references type="soft" candidates="14" cleared="0" enqueued="0" dynamicThreshold="12" maxThreshold="32" />
  <references type="weak" candidates="1" cleared="0" enqueued="0" />
  <references type="phantom" candidates="77" cleared="7" enqueued="7" />
  <object-monitors candidates="2" cleared="0"  />
</gc-op>
<gc-end id="2191" type="scavenge" contextid="2187" durationms="91.765" usertimems="361.675" systemtimems="0.000" stalltimems="3.419" timestamp="2022-02-08T18:54:00.592" activeThreads="4">
  <mem-info id="2192" free="187525088" total="1073741824" percent="17">
    <mem type="nursery" free="108660464" total="268435456" percent="40">
      <mem type="allocate" free="108660464" total="183894016" percent="59" />
      <mem type="survivor" free="0" total="84541440" percent="0" />
    </mem>
    <mem type="tenure" free="78864624" total="805306368" percent="9" macro-fragmented="0">
      <mem type="soa" free="70810864" total="797252608" percent="8" />
      <mem type="loa" free="8053760" total="8053760" percent="100" />
    </mem>
    <pending-finalizers system="34" default="1" reference="7" classloader="0" />
    <remembered-set count="122" />
  </mem-info>
</gc-end>
<cycle-end id="2193" type="scavenge" contextid="2187" timestamp="2022-02-08T18:54:00.592" />
<allocation-satisfied id="2194" threadId="0000000000016F00" bytesRequested="216" />
<af-end id="2195" timestamp="2022-02-08T18:54:00.592" threadId="0000000000017908" success="true" from="nursery"/>
<exclusive-end id="2196" timestamp="2022-02-08T18:54:00.592" durationms="92.039" />

<concurrent-end id="2197" type="global mark" contextid="2182" timestamp="2022-02-08T18:54:00.727">
<gc-op id="2198" type="trace" timems="343.192" contextid="2182" timestamp="2022-02-08T18:54:00.727">
  <trace bytesTraced="74407464" workStackOverflowCount="0" />
  <card-cleaning reason="card cleaning threshold reached" bytesTraced="904" cardsCleaned="2" />
</gc-op>
</concurrent-end>

<exclusive-start id="2199" timestamp="2022-02-08T18:54:00.727" intervalms="226.773">
  <response-info timems="0.017" idlems="0.017" threads="0" lastid="0000000000016F00" lastname="main" />
</exclusive-start>
<concurrent-global-final id="2200" timestamp="2022-02-08T18:54:00.727" contextid="2182" intervalms="2873.185" >
  <concurrent-trace-info reason="card cleaning threshold reached" tracedByMutators="57791916" tracedByHelpers="16616452" cardsCleaned="2" workStackOverflowCount="0" />
</concurrent-global-final>
<gc-start id="2201" type="global" contextid="2182" timestamp="2022-02-08T18:54:00.727">
  <mem-info id="2202" free="179160840" total="1073741824" percent="16">
    <mem type="nursery" free="100296216" total="268435456" percent="37">
      <mem type="allocate" free="100296216" total="183894016" percent="54" />
      <mem type="survivor" free="0" total="84541440" percent="0" />
    </mem>
    <mem type="tenure" free="78864624" total="805306368" percent="9">
      <mem type="soa" free="70810864" total="797252608" percent="8" />
      <mem type="loa" free="8053760" total="8053760" percent="100" />
    </mem>
    <remembered-set count="123" />
  </mem-info>
</gc-start>
<allocation-stats totalBytes="8360616" >
  <allocated-bytes non-tlh="216" tlh="8360400" />
  <largest-consumer threadName="main" threadId="0000000000016F00" bytes="8352424" />
</allocation-stats>
<gc-op id="2203" type="rs-scan" timems="127.595" contextid="2182" timestamp="2022-02-08T18:54:00.854">
  <scan objectsFound="3325969" bytesTraced="71035208" workStackOverflowCount="0" />
</gc-op>
<gc-op id="2204" type="card-cleaning" timems="0.286" contextid="2182" timestamp="2022-02-08T18:54:00.855">
  <card-cleaning cardsCleaned="4" bytesTraced="1772" workStackOverflowCount="0" />
</gc-op>
<gc-op id="2205" type="mark" timems="33.114" contextid="2182" timestamp="2022-02-08T18:54:00.888">
  <trace-info objectcount="1302501" scancount="978402" scanbytes="20940296" />
  <finalization candidates="428" enqueued="57" />
  <ownableSynchronizers candidates="1" cleared="0" />
  <references type="soft" candidates="894" cleared="0" enqueued="0" dynamicThreshold="12" maxThreshold="32" />
  <references type="weak" candidates="1701" cleared="0" enqueued="0" />
  <references type="phantom" candidates="52" cleared="2" enqueued="2" />
  <stringconstants candidates="6470" cleared="0"  />
  <object-monitors candidates="2" cleared="0"  />
</gc-op>
<gc-op id="2206" type="sweep" timems="4.901" contextid="2182" timestamp="2022-02-08T18:54:00.893" />
<gc-end id="2207" type="global" contextid="2182" durationms="166.086" usertimems="181.011" systemtimems="0.455" stalltimems="98.596" timestamp="2022-02-08T18:54:00.893" activeThreads="4">
  <mem-info id="2208" free="422574984" total="1073741824" percent="39">
    <mem type="nursery" free="100845792" total="268435456" percent="37">
      <mem type="allocate" free="100845792" total="183894016" percent="54" />
      <mem type="survivor" free="0" total="84541440" percent="0" />
    </mem>
    <mem type="tenure" free="321729192" total="805306368" percent="39" micro-fragmented="290131" macro-fragmented="290741">
      <mem type="soa" free="313675432" total="797252608" percent="39" />
      <mem type="loa" free="8053760" total="8053760" percent="100" />
    </mem>
    <pending-finalizers system="57" default="0" reference="2" classloader="0" />
    <remembered-set count="109" />
  </mem-info>
</gc-end>
<cycle-end id="2209" type="global" contextid="2182" timestamp="2022-02-08T18:54:00.893" />
<exclusive-end id="2210" timestamp="2022-02-08T18:54:00.893" durationms="166.341" />

<exclusive-start id="2211" timestamp="2022-02-08T18:54:01.583" intervalms="856.880">
  <response-info timems="0.019" idlems="0.019" threads="0" lastid="0000000000016F00" lastname="main" />
</exclusive-start>
<af-start id="2212" threadId="0000000000017908" totalBytesRequested="104" timestamp="2022-02-08T18:54:01.583" intervalms="1083.647" type="nursery" />
<cycle-start id="2213" type="scavenge" contextid="0" timestamp="2022-02-08T18:54:01.584" intervalms="1083.648" />
<gc-start id="2214" type="scavenge" contextid="2213" timestamp="2022-02-08T18:54:01.584">
  <mem-info id="2215" free="321729192" total="1073741824" percent="29">
    <mem type="nursery" free="0" total="268435456" percent="0">
      <mem type="allocate" free="0" total="183894016" percent="0" />
      <mem type="survivor" free="0" total="84541440" percent="0" />
    </mem>
    <mem type="tenure" free="321729192" total="805306368" percent="39">
      <mem type="soa" free="313675432" total="797252608" percent="39" />
      <mem type="loa" free="8053760" total="8053760" percent="100" />
    </mem>
    <remembered-set count="110" />
  </mem-info>
</gc-start>
<allocation-stats totalBytes="100798056" >
  <allocated-bytes non-tlh="0" tlh="100798056" />
  <largest-consumer threadName="main" threadId="0000000000016F00" bytes="100793960" />
</allocation-stats>
<gc-op id="2216" type="scavenge" timems="98.445" contextid="2213" timestamp="2022-02-08T18:54:01.682">
  <scavenger-info tenureage="1" tenuremask="7ffe" tiltratio="68" />
  <memory-copied type="nursery" objects="1407778" bytes="77654696" bytesdiscarded="139096" />
  <memory-copied type="tenure" objects="1414070" bytes="74789656" bytesdiscarded="38472" />
  <finalization candidates="45" enqueued="0" />
  <ownableSynchronizers candidates="2" cleared="2" />
  <object-monitors candidates="2" cleared="0"  />
</gc-op>
<gc-end id="2217" type="scavenge" contextid="2213" durationms="98.702" usertimems="390.834" systemtimems="0.000" stalltimems="1.678" timestamp="2022-02-08T18:54:01.682" activeThreads="4">
  <mem-info id="2218" free="351193728" total="1073741824" percent="32">
    <mem type="nursery" free="104396288" total="268435456" percent="38">
      <mem type="allocate" free="104396288" total="182190080" percent="57" />
      <mem type="survivor" free="0" total="86245376" percent="0" />
    </mem>
    <mem type="tenure" free="246797440" total="805306368" percent="30" macro-fragmented="0">
      <mem type="soa" free="238743680" total="797252608" percent="29" />
      <mem type="loa" free="8053760" total="8053760" percent="100" />
    </mem>
    <remembered-set count="104" />
  </mem-info>
</gc-end>
<cycle-end id="2219" type="scavenge" contextid="2213" timestamp="2022-02-08T18:54:01.682" />
<allocation-satisfied id="2220" threadId="0000000000016F00" bytesRequested="104" />
<af-end id="2221" timestamp="2022-02-08T18:54:01.682" threadId="0000000000017908" success="true" from="nursery"/>
<exclusive-end id="2222" timestamp="2022-02-08T18:54:01.682" durationms="98.984" />

<exclusive-start id="2223" timestamp="2022-02-08T18:54:02.335" intervalms="751.292">
  <response-info timems="0.019" idlems="0.019" threads="0" lastid="0000000000016F00" lastname="main" />
</exclusive-start>
<af-start id="2224" threadId="0000000000017908" totalBytesRequested="104" timestamp="2022-02-08T18:54:02.335" intervalms="751.310" type="nursery" />
<cycle-start id="2225" type="scavenge" contextid="0" timestamp="2022-02-08T18:54:02.335" intervalms="751.559" />
<gc-start id="2226" type="scavenge" contextid="2225" timestamp="2022-02-08T18:54:02.335">
  <mem-info id="2227" free="246797440" total="1073741824" percent="22">
    <mem type="nursery" free="0" total="268435456" percent="0">
      <mem type="allocate" free="0" total="182190080" percent="0" />
      <mem type="survivor" free="0" total="86245376" percent="0" />
    </mem>
    <mem type="tenure" free="246797440" total="805306368" percent="30">
      <mem type="soa" free="238743680" total="797252608" percent="29" />
      <mem type="loa" free="8053760" total="8053760" percent="100" />
    </mem>
    <remembered-set count="104" />
  </mem-info>
</gc-start>
<allocation-stats totalBytes="104349416" >
  <allocated-bytes non-tlh="104" tlh="104349312" />
  <largest-consumer threadName="main" threadId="0000000000016F00" bytes="104349416" />
</allocation-stats>
<gc-op id="2228" type="scavenge" timems="97.222" contextid="2225" timestamp="2022-02-08T18:54:02.432">
  <scavenger-info tenureage="1" tenuremask="7ffe" tiltratio="67" />
  <memory-copied type="nursery" objects="1303000" bytes="74192456" bytesdiscarded="349480" />
  <memory-copied type="tenure" objects="1407778" bytes="77654696" bytesdiscarded="43688" />
  <object-monitors candidates="2" cleared="0"  />
</gc-op>
<gc-end id="2229" type="scavenge" contextid="2225" durationms="97.447" usertimems="384.514" systemtimems="1.249" stalltimems="1.602" timestamp="2022-02-08T18:54:02.433" activeThreads="4">
  <mem-info id="2230" free="277179736" total="1073741824" percent="25">
    <mem type="nursery" free="108106896" total="268435456" percent="40">
      <mem type="allocate" free="108106896" total="182648832" percent="59" />
      <mem type="survivor" free="0" total="85786624" percent="0" />
    </mem>
    <mem type="tenure" free="169072840" total="805306368" percent="20" macro-fragmented="0">
      <mem type="soa" free="161019080" total="797252608" percent="20" />
      <mem type="loa" free="8053760" total="8053760" percent="100" />
    </mem>
    <remembered-set count="104" />
  </mem-info>
</gc-end>
<cycle-end id="2231" type="scavenge" contextid="2225" timestamp="2022-02-08T18:54:02.433" />
<allocation-satisfied id="2232" threadId="0000000000016F00" bytesRequested="104" />
<af-end id="2233" timestamp="2022-02-08T18:54:02.433" threadId="0000000000017908" success="true" from="nursery"/>
<exclusive-end id="2234" timestamp="2022-02-08T18:54:02.433" durationms="98.031" />

<exclusive-start id="2235" timestamp="2022-02-08T18:54:03.332" intervalms="997.661">
  <response-info timems="0.020" idlems="0.020" threads="0" lastid="0000000000016F00" lastname="main" />
</exclusive-start>
<af-start id="2236" threadId="0000000000017908" totalBytesRequested="24" timestamp="2022-02-08T18:54:03.332" intervalms="997.644" type="nursery" />
<cycle-start id="2237" type="scavenge" contextid="0" timestamp="2022-02-08T18:54:03.332" intervalms="997.394" />
<gc-start id="2238" type="scavenge" contextid="2237" timestamp="2022-02-08T18:54:03.333">
  <mem-info id="2239" free="169072840" total="1073741824" percent="15">
    <mem type="nursery" free="0" total="268435456" percent="0">
      <mem type="allocate" free="0" total="182648832" percent="0" />
      <mem type="survivor" free="0" total="85786624" percent="0" />
    </mem>
    <mem type="tenure" free="169072840" total="805306368" percent="20">
      <mem type="soa" free="161019080" total="797252608" percent="20" />
      <mem type="loa" free="8053760" total="8053760" percent="100" />
    </mem>
    <remembered-set count="134" />
  </mem-info>
</gc-start>
<allocation-stats totalBytes="108061024" >
  <allocated-bytes non-tlh="2938352" tlh="105122672" />
  <largest-consumer threadName="main" threadId="0000000000016F00" bytes="108061024" />
</allocation-stats>
<gc-op id="2240" type="scavenge" timems="89.169" contextid="2237" timestamp="2022-02-08T18:54:03.422">
  <scavenger-info tenureage="1" tenuremask="7ffe" tiltratio="68" />
  <memory-copied type="nursery" objects="1455312" bytes="75992896" bytesdiscarded="170432" />
  <memory-copied type="tenure" objects="1303000" bytes="74192456" bytesdiscarded="40456" />
  <finalization candidates="110" enqueued="53" />
  <references type="soft" candidates="14" cleared="0" enqueued="0" dynamicThreshold="12" maxThreshold="32" />
  <references type="weak" candidates="1" cleared="0" enqueued="0" />
  <references type="phantom" candidates="95" cleared="7" enqueued="7" />
  <object-monitors candidates="2" cleared="0"  />
</gc-op>
<gc-end id="2241" type="scavenge" contextid="2237" durationms="89.446" usertimems="353.824" systemtimems="0.000" stalltimems="1.793" timestamp="2022-02-08T18:54:03.422" activeThreads="4">
  <mem-info id="2242" free="201661104" total="1073741824" percent="18">
    <mem type="nursery" free="106878592" total="268435456" percent="39">
      <mem type="allocate" free="106878592" total="183042048" percent="58" />
      <mem type="survivor" free="0" total="85393408" percent="0" />
    </mem>
    <mem type="tenure" free="94782512" total="805306368" percent="11" macro-fragmented="0">
      <mem type="soa" free="86728752" total="797252608" percent="10" />
      <mem type="loa" free="8053760" total="8053760" percent="100" />
    </mem>
    <pending-finalizers system="52" default="1" reference="7" classloader="0" />
    <remembered-set count="129" />
  </mem-info>
</gc-end>
<cycle-end id="2243" type="scavenge" contextid="2237" timestamp="2022-02-08T18:54:03.422" />
<allocation-satisfied id="2244" threadId="0000000000016F00" bytesRequested="24" />
<af-end id="2245" timestamp="2022-02-08T18:54:03.422" threadId="0000000000017908" success="true" from="nursery"/>
<exclusive-end id="2246" timestamp="2022-02-08T18:54:03.422" durationms="89.748" />

<concurrent-kickoff id="2247" timestamp="2022-02-08T18:54:04.123">
  <kickoff reason="threshold reached" targetBytes="74477179" thresholdFreeBytes="5759187"  remainingFree="5691008" tenureFreeBytes="94782512" nurseryFreeBytes="5691008" />
</concurrent-kickoff>
<exclusive-start id="2248" timestamp="2022-02-08T18:54:04.125" intervalms="793.085">
  <response-info timems="0.019" idlems="0.019" threads="0" lastid="0000000000016F00" lastname="main" />
</exclusive-start>
<cycle-start id="2249" type="global" contextid="0" timestamp="2022-02-08T18:54:04.125" intervalms="3742.178" />
<concurrent-start id="2250" type="global mark" contextid="2249" timestamp="2022-02-08T18:54:04.125">
</concurrent-start>
<exclusive-end id="2251" timestamp="2022-02-08T18:54:04.126" durationms="0.028" />

<exclusive-start id="2252" timestamp="2022-02-08T18:54:04.245" intervalms="119.789">
  <response-info timems="0.029" idlems="0.029" threads="0" lastid="0000000000016F00" lastname="main" />
</exclusive-start>
<af-start id="2253" threadId="0000000000017908" totalBytesRequested="200" timestamp="2022-02-08T18:54:04.245" intervalms="912.871" type="nursery" />
<cycle-start id="2254" type="scavenge" contextid="0" timestamp="2022-02-08T18:54:04.245" intervalms="912.870" />
<gc-start id="2255" type="scavenge" contextid="2254" timestamp="2022-02-08T18:54:04.245">
  <mem-info id="2256" free="94782512" total="1073741824" percent="8">
    <mem type="nursery" free="0" total="268435456" percent="0">
      <mem type="allocate" free="0" total="183042048" percent="0" />
      <mem type="survivor" free="0" total="85393408" percent="0" />
    </mem>
    <mem type="tenure" free="94782512" total="805306368" percent="11">
      <mem type="soa" free="86728752" total="797252608" percent="10" />
      <mem type="loa" free="8053760" total="8053760" percent="100" />
    </mem>
    <remembered-set count="130" />
  </mem-info>
</gc-start>
<allocation-stats totalBytes="106828328" >
  <allocated-bytes non-tlh="24" tlh="106828304" />
  <largest-consumer threadName="main" threadId="0000000000016F00" bytes="106820136" />
</allocation-stats>
<gc-op id="2257" type="scavenge" timems="100.646" contextid="2254" timestamp="2022-02-08T18:54:04.346">
  <scavenger-info tenureage="1" tenuremask="7ffe" tiltratio="68" />
  <memory-copied type="nursery" objects="1371972" bytes="76084416" bytesdiscarded="264768" />
  <memory-copied type="tenure" objects="1454601" bytes="75525040" bytesdiscarded="36032" />
  <finalization candidates="57" enqueued="0" />
  <object-monitors candidates="2" cleared="0"  />
</gc-op>
<gc-end id="2258" type="scavenge" contextid="2254" durationms="100.762" usertimems="398.931" systemtimems="0.994" stalltimems="1.786" timestamp="2022-02-08T18:54:04.346" activeThreads="4">
  <mem-info id="2259" free="126606000" total="1073741824" percent="11">
    <mem type="nursery" free="107282688" total="268435456" percent="39">
      <mem type="allocate" free="107282688" total="183631872" percent="58" />
      <mem type="survivor" free="0" total="84803584" percent="0" />
    </mem>
    <mem type="tenure" free="19323312" total="805306368" percent="2" macro-fragmented="18886860">
      <mem type="soa" free="11269552" total="797252608" percent="1" />
      <mem type="loa" free="8053760" total="8053760" percent="100" />
    </mem>
    <remembered-set count="102" />
  </mem-info>
</gc-end>
<cycle-end id="2260" type="scavenge" contextid="2254" timestamp="2022-02-08T18:54:04.346" />
<allocation-satisfied id="2261" threadId="0000000000016F00" bytesRequested="200" />
<af-end id="2262" timestamp="2022-02-08T18:54:04.346" threadId="0000000000017908" success="true" from="nursery"/>
<exclusive-end id="2263" timestamp="2022-02-08T18:54:04.346" durationms="101.028" />

<concurrent-end id="2264" type="global mark" contextid="2249" timestamp="2022-02-08T18:54:04.480">
<gc-op id="2265" type="trace" timems="354.659" contextid="2249" timestamp="2022-02-08T18:54:04.480">
  <trace bytesTraced="74434644" workStackOverflowCount="0" />
  <card-cleaning reason="card cleaning threshold reached" bytesTraced="904" cardsCleaned="2" />
</gc-op>
</concurrent-end>

<exclusive-start id="2266" timestamp="2022-02-08T18:54:04.480" intervalms="234.949">
  <response-info timems="0.018" idlems="0.018" threads="0" lastid="0000000000016F00" lastname="main" />
</exclusive-start>
<concurrent-global-final id="2267" timestamp="2022-02-08T18:54:04.480" contextid="2249" intervalms="3753.656" >
  <concurrent-trace-info reason="card cleaning threshold reached" tracedByMutators="58262708" tracedByHelpers="16172840" cardsCleaned="2" workStackOverflowCount="0" />
</concurrent-global-final>
<gc-start id="2268" type="global" contextid="2249" timestamp="2022-02-08T18:54:04.480">
  <mem-info id="2269" free="118774248" total="1073741824" percent="11">
    <mem type="nursery" free="99450936" total="268435456" percent="37">
      <mem type="allocate" free="99450936" total="183631872" percent="54" />
      <mem type="survivor" free="0" total="84803584" percent="0" />
    </mem>
    <mem type="tenure" free="19323312" total="805306368" percent="2">
      <mem type="soa" free="11269552" total="797252608" percent="1" />
      <mem type="loa" free="8053760" total="8053760" percent="100" />
    </mem>
    <remembered-set count="102" />
  </mem-info>
</gc-start>
<allocation-stats totalBytes="7827536" >
  <allocated-bytes non-tlh="200" tlh="7827336" />
  <largest-consumer threadName="main" threadId="0000000000016F00" bytes="7827536" />
</allocation-stats>
<gc-op id="2270" type="rs-scan" timems="0.548" contextid="2249" timestamp="2022-02-08T18:54:04.481">
  <scan objectsFound="0" bytesTraced="3836" workStackOverflowCount="0" />
</gc-op>
<gc-op id="2271" type="card-cleaning" timems="152.386" contextid="2249" timestamp="2022-02-08T18:54:04.633">
  <card-cleaning cardsCleaned="10" bytesTraced="71014508" workStackOverflowCount="0" />
</gc-op>
<gc-op id="2272" type="mark" timems="74.091" contextid="2249" timestamp="2022-02-08T18:54:04.707">
  <trace-info objectcount="2409458" scancount="1808621" scanbytes="38651624" />
  <finalization candidates="428" enqueued="57" />
  <ownableSynchronizers candidates="1" cleared="0" />
  <references type="soft" candidates="894" cleared="0" enqueued="0" dynamicThreshold="12" maxThreshold="32" />
  <references type="weak" candidates="1701" cleared="0" enqueued="0" />
  <references type="phantom" candidates="52" cleared="2" enqueued="2" />
  <stringconstants candidates="6470" cleared="0"  />
  <object-monitors candidates="2" cleared="0"  />
</gc-op>
<gc-op id="2273" type="sweep" timems="6.732" contextid="2249" timestamp="2022-02-08T18:54:04.714" />
<gc-end id="2274" type="global" contextid="2249" durationms="233.979" usertimems="252.015" systemtimems="0.000" stalltimems="224.616" timestamp="2022-02-08T18:54:04.714" activeThreads="4">
  <mem-info id="2275" free="361945176" total="1073741824" percent="33">
    <mem type="nursery" free="99807072" total="268435456" percent="37">
      <mem type="allocate" free="99807072" total="183631872" percent="54" />
      <mem type="survivor" free="0" total="84803584" percent="0" />
    </mem>
    <mem type="tenure" free="262138104" total="805306368" percent="32" micro-fragmented="327759" macro-fragmented="0">
      <mem type="soa" free="254084344" total="797252608" percent="31" />
      <mem type="loa" free="8053760" total="8053760" percent="100" />
    </mem>
    <pending-finalizers system="57" default="0" reference="2" classloader="0" />
    <remembered-set count="102" />
  </mem-info>
</gc-end>
<cycle-end id="2276" type="global" contextid="2249" timestamp="2022-02-08T18:54:04.714" />
<exclusive-end id="2277" timestamp="2022-02-08T18:54:04.714" durationms="234.182" />

<exclusive-start id="2278" timestamp="2022-02-08T18:54:05.322" intervalms="841.715">
  <response-info timems="0.017" idlems="0.017" threads="0" lastid="0000000000016F00" lastname="main" />
</exclusive-start>
<af-start id="2279" threadId="0000000000017908" totalBytesRequested="184" timestamp="2022-02-08T18:54:05.322" intervalms="1076.667" type="nursery" />
<cycle-start id="2280" type="scavenge" contextid="0" timestamp="2022-02-08T18:54:05.322" intervalms="1076.676" />
<gc-start id="2281" type="scavenge" contextid="2280" timestamp="2022-02-08T18:54:05.322">
  <mem-info id="2282" free="262138104" total="1073741824" percent="24">
    <mem type="nursery" free="0" total="268435456" percent="0">
      <mem type="allocate" free="0" total="183631872" percent="0" />
      <mem type="survivor" free="0" total="84803584" percent="0" />
    </mem>
    <mem type="tenure" free="262138104" total="805306368" percent="32">
      <mem type="soa" free="254084344" total="797252608" percent="31" />
      <mem type="loa" free="8053760" total="8053760" percent="100" />
    </mem>
    <remembered-set count="105" />
  </mem-info>
</gc-start>
<allocation-stats totalBytes="99761640" >
  <allocated-bytes non-tlh="0" tlh="99761640" />
  <largest-consumer threadName="main" threadId="0000000000016F00" bytes="99757544" />
</allocation-stats>
<gc-op id="2283" type="scavenge" timems="100.447" contextid="2280" timestamp="2022-02-08T18:54:05.423">
  <scavenger-info tenureage="1" tenuremask="7ffe" tiltratio="68" />
  <memory-copied type="nursery" objects="1353971" bytes="76411376" bytesdiscarded="239592" />
  <memory-copied type="tenure" objects="1371971" bytes="76084304" bytesdiscarded="43280" />
  <ownableSynchronizers candidates="2" cleared="2" />
  <object-monitors candidates="2" cleared="0"  />
</gc-op>
<gc-end id="2284" type="scavenge" contextid="2280" durationms="100.613" usertimems="396.929" systemtimems="1.898" stalltimems="1.823" timestamp="2022-02-08T18:54:05.423" activeThreads="4">
  <mem-info id="2285" free="293089496" total="1073741824" percent="27">
    <mem type="nursery" free="107374120" total="268435456" percent="39">
      <mem type="allocate" free="107374120" total="184025088" percent="58" />
      <mem type="survivor" free="0" total="84410368" percent="0" />
    </mem>
    <mem type="tenure" free="185715376" total="805306368" percent="23" macro-fragmented="0">
      <mem type="soa" free="177661616" total="797252608" percent="22" />
      <mem type="loa" free="8053760" total="8053760" percent="100" />
    </mem>
    <remembered-set count="105" />
  </mem-info>
</gc-end>
<cycle-end id="2286" type="scavenge" contextid="2280" timestamp="2022-02-08T18:54:05.423" />
<allocation-satisfied id="2287" threadId="0000000000016F00" bytesRequested="184" />
<af-end id="2288" timestamp="2022-02-08T18:54:05.423" threadId="0000000000017908" success="true" from="nursery"/>
<exclusive-end id="2289" timestamp="2022-02-08T18:54:05.423" durationms="100.901" />

<exclusive-start id="2290" timestamp="2022-02-08T18:54:06.322" intervalms="999.991">
  <response-info timems="0.018" idlems="0.018" threads="0" lastid="0000000000016F00" lastname="main" />
</exclusive-start>
<af-start id="2291" threadId="0000000000017908" totalBytesRequested="8208" timestamp="2022-02-08T18:54:06.322" intervalms="999.987" type="nursery" />
<cycle-start id="2292" type="scavenge" contextid="0" timestamp="2022-02-08T18:54:06.322" intervalms="999.979" />
<gc-start id="2293" type="scavenge" contextid="2292" timestamp="2022-02-08T18:54:06.322">
  <mem-info id="2294" free="185715376" total="1073741824" percent="17">
    <mem type="nursery" free="0" total="268435456" percent="0">
      <mem type="allocate" free="0" total="184025088" percent="0" />
      <mem type="survivor" free="0" total="84410368" percent="0" />
    </mem>
    <mem type="tenure" free="185715376" total="805306368" percent="23">
      <mem type="soa" free="177661616" total="797252608" percent="22" />
      <mem type="loa" free="8053760" total="8053760" percent="100" />
    </mem>
    <remembered-set count="136" />
  </mem-info>
</gc-start>
<allocation-stats totalBytes="107319208" >
  <allocated-bytes non-tlh="1661328" tlh="105657880" />
  <largest-consumer threadName="main" threadId="0000000000016F00" bytes="107319208" />
</allocation-stats>
<gc-op id="2295" type="scavenge" timems="94.908" contextid="2292" timestamp="2022-02-08T18:54:06.417">
  <scavenger-info tenureage="1" tenuremask="7ffe" tiltratio="68" />
  <memory-copied type="nursery" objects="1442926" bytes="75009488" bytesdiscarded="88736" />
  <memory-copied type="tenure" objects="1353970" bytes="76411272" bytesdiscarded="39656" />
  <finalization candidates="109" enqueued="53" />
  <references type="soft" candidates="14" cleared="0" enqueued="0" dynamicThreshold="10" maxThreshold="32" />
  <references type="weak" candidates="1" cleared="0" enqueued="0" />
  <references type="phantom" candidates="95" cleared="7" enqueued="7" />
  <object-monitors candidates="2" cleared="0"  />
</gc-op>
<gc-end id="2296" type="scavenge" contextid="2292" durationms="95.397" usertimems="370.855" systemtimems="0.000" stalltimems="7.800" timestamp="2022-02-08T18:54:06.417" activeThreads="4">
  <mem-info id="2297" free="218607504" total="1073741824" percent="20">
    <mem type="nursery" free="109319952" total="268435456" percent="40">
      <mem type="allocate" free="109319952" total="184418304" percent="59" />
      <mem type="survivor" free="0" total="84017152" percent="0" />
    </mem>
    <mem type="tenure" free="109287552" total="805306368" percent="13" macro-fragmented="0">
      <mem type="soa" free="101233792" total="797252608" percent="12" />
      <mem type="loa" free="8053760" total="8053760" percent="100" />
    </mem>
    <pending-finalizers system="52" default="1" reference="7" classloader="0" />
    <remembered-set count="132" />
  </mem-info>
</gc-end>
<cycle-end id="2298" type="scavenge" contextid="2292" timestamp="2022-02-08T18:54:06.418" />
<allocation-satisfied id="2299" threadId="0000000000016F00" bytesRequested="8208" />
<af-end id="2300" timestamp="2022-02-08T18:54:06.418" threadId="0000000000017908" success="true" from="nursery"/>
<exclusive-end id="2301" timestamp="2022-02-08T18:54:06.418" durationms="95.847" />

<concurrent-kickoff id="2302" timestamp="2022-02-08T18:54:07.128">
  <kickoff reason="threshold reached" targetBytes="74468852" thresholdFreeBytes="5756588"  remainingFree="5752480" tenureFreeBytes="109287552" nurseryFreeBytes="5752480" />
</concurrent-kickoff>
<exclusive-start id="2303" timestamp="2022-02-08T18:54:07.131" intervalms="808.738">
  <response-info timems="0.018" idlems="0.018" threads="0" lastid="0000000000016F00" lastname="main" />
</exclusive-start>
<cycle-start id="2304" type="global" contextid="0" timestamp="2022-02-08T18:54:07.131" intervalms="3005.183" />
<concurrent-start id="2305" type="global mark" contextid="2304" timestamp="2022-02-08T18:54:07.131">
</concurrent-start>
<exclusive-end id="2306" timestamp="2022-02-08T18:54:07.131" durationms="0.028" />

<exclusive-start id="2307" timestamp="2022-02-08T18:54:07.255" intervalms="124.314">
  <response-info timems="0.036" idlems="0.036" threads="0" lastid="0000000000016F00" lastname="main" />
</exclusive-start>
<af-start id="2308" threadId="0000000000017908" totalBytesRequested="184" timestamp="2022-02-08T18:54:07.255" intervalms="933.055" type="nursery" />
<cycle-start id="2309" type="scavenge" contextid="0" timestamp="2022-02-08T18:54:07.255" intervalms="933.054" />
<gc-start id="2310" type="scavenge" contextid="2309" timestamp="2022-02-08T18:54:07.255">
  <mem-info id="2311" free="109287552" total="1073741824" percent="10">
    <mem type="nursery" free="0" total="268435456" percent="0">
      <mem type="allocate" free="0" total="184418304" percent="0" />
      <mem type="survivor" free="0" total="84017152" percent="0" />
    </mem>
    <mem type="tenure" free="109287552" total="805306368" percent="13">
      <mem type="soa" free="101233792" total="797252608" percent="12" />
      <mem type="loa" free="8053760" total="8053760" percent="100" />
    </mem>
    <remembered-set count="133" />
  </mem-info>
</gc-start>
<allocation-stats totalBytes="109269008" >
  <allocated-bytes non-tlh="1355888" tlh="107913120" />
  <largest-consumer threadName="main" threadId="0000000000016F00" bytes="109260816" />
</allocation-stats>
<gc-op id="2312" type="scavenge" timems="81.865" contextid="2309" timestamp="2022-02-08T18:54:07.337">
  <scavenger-info tenureage="1" tenuremask="7ffe" tiltratio="68" />
  <memory-copied type="nursery" objects="1389091" bytes="78228216" bytesdiscarded="222096" />
  <memory-copied type="tenure" objects="1442215" bytes="74541632" bytesdiscarded="38040" />
  <finalization candidates="57" enqueued="0" />
  <object-monitors candidates="2" cleared="0"  />
</gc-op>
<gc-end id="2313" type="scavenge" contextid="2309" durationms="82.124" usertimems="324.553" systemtimems="0.162" stalltimems="1.862" timestamp="2022-02-08T18:54:07.337" activeThreads="4">
  <mem-info id="2314" free="137434416" total="1073741824" percent="12">
    <mem type="nursery" free="102756728" total="268435456" percent="38">
      <mem type="allocate" free="102756728" total="181207040" percent="56" />
      <mem type="survivor" free="0" total="87228416" percent="0" />
    </mem>
    <mem type="tenure" free="34677688" total="805306368" percent="4" macro-fragmented="0">
      <mem type="soa" free="26623928" total="797252608" percent="3" />
      <mem type="loa" free="8053760" total="8053760" percent="100" />
    </mem>
    <remembered-set count="98" />
  </mem-info>
</gc-end>
<cycle-end id="2315" type="scavenge" contextid="2309" timestamp="2022-02-08T18:54:07.337" />
<allocation-satisfied id="2316" threadId="0000000000016F00" bytesRequested="184" />
<af-end id="2317" timestamp="2022-02-08T18:54:07.337" threadId="0000000000017908" success="true" from="nursery"/>
<exclusive-end id="2318" timestamp="2022-02-08T18:54:07.337" durationms="82.493" />

<concurrent-end id="2319" type="global mark" contextid="2304" timestamp="2022-02-08T18:54:07.474">
<gc-op id="2320" type="trace" timems="342.900" contextid="2304" timestamp="2022-02-08T18:54:07.474">
  <trace bytesTraced="74434804" workStackOverflowCount="0" />
  <card-cleaning reason="card cleaning threshold reached" bytesTraced="904" cardsCleaned="2" />
</gc-op>
</concurrent-end>

<exclusive-start id="2321" timestamp="2022-02-08T18:54:07.474" intervalms="218.661">
  <response-info timems="0.021" idlems="0.021" threads="0" lastid="0000000000016F00" lastname="main" />
</exclusive-start>
<concurrent-global-final id="2322" timestamp="2022-02-08T18:54:07.474" contextid="2304" intervalms="2993.441" >
  <concurrent-trace-info reason="card cleaning threshold reached" tracedByMutators="58470916" tracedByHelpers="15964792" cardsCleaned="2" workStackOverflowCount="0" />
</concurrent-global-final>
<gc-start id="2323" type="global" contextid="2304" timestamp="2022-02-08T18:54:07.474">
  <mem-info id="2324" free="130258040" total="1073741824" percent="12">
    <mem type="nursery" free="95580352" total="268435456" percent="35">
      <mem type="allocate" free="95580352" total="181207040" percent="52" />
      <mem type="survivor" free="0" total="87228416" percent="0" />
    </mem>
    <mem type="tenure" free="34677688" total="805306368" percent="4">
      <mem type="soa" free="26623928" total="797252608" percent="3" />
      <mem type="loa" free="8053760" total="8053760" percent="100" />
    </mem>
    <remembered-set count="98" />
  </mem-info>
</gc-start>
<allocation-stats totalBytes="7173192" >
  <allocated-bytes non-tlh="184" tlh="7173008" />
  <largest-consumer threadName="main" threadId="0000000000016F00" bytes="7173192" />
</allocation-stats>
<gc-op id="2325" type="rs-scan" timems="0.599" contextid="2304" timestamp="2022-02-08T18:54:07.474">
  <scan objectsFound="0" bytesTraced="3836" workStackOverflowCount="0" />
</gc-op>
<gc-op id="2326" type="card-cleaning" timems="160.716" contextid="2304" timestamp="2022-02-08T18:54:07.635">
  <card-cleaning cardsCleaned="10" bytesTraced="71014668" workStackOverflowCount="0" />
</gc-op>
<gc-op id="2327" type="mark" timems="57.718" contextid="2304" timestamp="2022-02-08T18:54:07.693">
  <trace-info objectcount="2156223" scancount="1618695" scanbytes="34599848" />
  <finalization candidates="428" enqueued="57" />
  <ownableSynchronizers candidates="1" cleared="0" />
  <references type="soft" candidates="894" cleared="0" enqueued="0" dynamicThreshold="10" maxThreshold="32" />
  <references type="weak" candidates="1701" cleared="0" enqueued="0" />
  <references type="phantom" candidates="52" cleared="2" enqueued="2" />
  <stringconstants candidates="6470" cleared="0"  />
  <object-monitors candidates="2" cleared="0"  />
</gc-op>
<gc-op id="2328" type="sweep" timems="9.134" contextid="2304" timestamp="2022-02-08T18:54:07.702" />
<gc-end id="2329" type="global" contextid="2304" durationms="228.400" usertimems="247.017" systemtimems="0.654" stalltimems="181.650" timestamp="2022-02-08T18:54:07.702" activeThreads="4">
  <mem-info id="2330" free="373609512" total="1073741824" percent="34">
    <mem type="nursery" free="95894104" total="268435456" percent="35">
      <mem type="allocate" free="95894104" total="181207040" percent="52" />
      <mem type="survivor" free="0" total="87228416" percent="0" />
    </mem>
    <mem type="tenure" free="277715408" total="805306368" percent="34" micro-fragmented="321817" macro-fragmented="0">
      <mem type="soa" free="269661648" total="797252608" percent="33" />
      <mem type="loa" free="8053760" total="8053760" percent="100" />
    </mem>
    <pending-finalizers system="57" default="0" reference="2" classloader="0" />
    <remembered-set count="98" />
  </mem-info>
</gc-end>
<cycle-end id="2331" type="global" contextid="2304" timestamp="2022-02-08T18:54:07.702" />
<exclusive-end id="2332" timestamp="2022-02-08T18:54:07.702" durationms="228.625" />

<exclusive-start id="2333" timestamp="2022-02-08T18:54:08.390" intervalms="916.085">
  <response-info timems="0.021" idlems="0.021" threads="0" lastid="0000000000016F00" lastname="main" />
</exclusive-start>
<af-start id="2334" threadId="0000000000017908" totalBytesRequested="112" timestamp="2022-02-08T18:54:08.390" intervalms="1134.745" type="nursery" />
<cycle-start id="2335" type="scavenge" contextid="0" timestamp="2022-02-08T18:54:08.390" intervalms="1134.747" />
<gc-start id="2336" type="scavenge" contextid="2335" timestamp="2022-02-08T18:54:08.390">
  <mem-info id="2337" free="277715408" total="1073741824" percent="25">
    <mem type="nursery" free="0" total="268435456" percent="0">
      <mem type="allocate" free="0" total="181207040" percent="0" />
      <mem type="survivor" free="0" total="87228416" percent="0" />
    </mem>
    <mem type="tenure" free="277715408" total="805306368" percent="34">
      <mem type="soa" free="269661648" total="797252608" percent="33" />
      <mem type="loa" free="8053760" total="8053760" percent="100" />
    </mem>
    <remembered-set count="101" />
  </mem-info>
</gc-start>
<allocation-stats totalBytes="95849432" >
  <allocated-bytes non-tlh="0" tlh="95849432" />
  <largest-consumer threadName="main" threadId="0000000000016F00" bytes="95845336" />
</allocation-stats>
<gc-op id="2338" type="scavenge" timems="83.959" contextid="2335" timestamp="2022-02-08T18:54:08.474">
  <scavenger-info tenureage="1" tenuremask="7ffe" tiltratio="67" />
  <memory-copied type="nursery" objects="1293114" bytes="73160008" bytesdiscarded="112144" />
  <memory-copied type="tenure" objects="1389090" bytes="78228112" bytesdiscarded="40288" />
  <finalization candidates="1" enqueued="0" />
  <ownableSynchronizers candidates="2" cleared="2" />
  <object-monitors candidates="2" cleared="0"  />
</gc-op>
<gc-end id="2339" type="scavenge" contextid="2335" durationms="84.163" usertimems="328.875" systemtimems="1.400" stalltimems="4.449" timestamp="2022-02-08T18:54:08.474" activeThreads="4">
  <mem-info id="2340" free="307683856" total="1073741824" percent="28">
    <mem type="nursery" free="108524712" total="268435456" percent="40">
      <mem type="allocate" free="108524712" total="181796864" percent="59" />
      <mem type="survivor" free="0" total="86638592" percent="0" />
    </mem>
    <mem type="tenure" free="199159144" total="805306368" percent="24" macro-fragmented="0">
      <mem type="soa" free="191105384" total="797252608" percent="23" />
      <mem type="loa" free="8053760" total="8053760" percent="100" />
    </mem>
    <remembered-set count="105" />
  </mem-info>
</gc-end>
<cycle-end id="2341" type="scavenge" contextid="2335" timestamp="2022-02-08T18:54:08.474" />
<allocation-satisfied id="2342" threadId="0000000000016F00" bytesRequested="112" />
<af-end id="2343" timestamp="2022-02-08T18:54:08.474" threadId="0000000000017908" success="true" from="nursery"/>
<exclusive-end id="2344" timestamp="2022-02-08T18:54:08.474" durationms="84.452" />

<exclusive-start id="2345" timestamp="2022-02-08T18:54:09.374" intervalms="983.812">
  <response-info timems="0.022" idlems="0.022" threads="0" lastid="0000000000016F00" lastname="main" />
</exclusive-start>
<af-start id="2346" threadId="0000000000017908" totalBytesRequested="152" timestamp="2022-02-08T18:54:09.374" intervalms="983.943" type="nursery" />
<cycle-start id="2347" type="scavenge" contextid="0" timestamp="2022-02-08T18:54:09.374" intervalms="983.998" />
<gc-start id="2348" type="scavenge" contextid="2347" timestamp="2022-02-08T18:54:09.374">
  <mem-info id="2349" free="199159144" total="1073741824" percent="18">
    <mem type="nursery" free="0" total="268435456" percent="0">
      <mem type="allocate" free="0" total="181796864" percent="0" />
      <mem type="survivor" free="0" total="86638592" percent="0" />
    </mem>
    <mem type="tenure" free="199159144" total="805306368" percent="24">
      <mem type="soa" free="191105384" total="797252608" percent="23" />
      <mem type="loa" free="8053760" total="8053760" percent="100" />
    </mem>
    <remembered-set count="136" />
  </mem-info>
</gc-start>
<allocation-stats totalBytes="108478552" >
  <allocated-bytes non-tlh="1493880" tlh="106984672" />
  <largest-consumer threadName="main" threadId="0000000000016F00" bytes="108478552" />
</allocation-stats>
<gc-op id="2350" type="scavenge" timems="77.496" contextid="2347" timestamp="2022-02-08T18:54:09.451">
  <scavenger-info tenureage="1" tenuremask="7ffe" tiltratio="67" />
  <memory-copied type="nursery" objects="1491168" bytes="76396408" bytesdiscarded="182384" />
  <memory-copied type="tenure" objects="1293114" bytes="73160008" bytesdiscarded="38752" />
  <finalization candidates="109" enqueued="53" />
  <references type="soft" candidates="14" cleared="0" enqueued="0" dynamicThreshold="11" maxThreshold="32" />
  <references type="weak" candidates="1" cleared="0" enqueued="0" />
  <references type="phantom" candidates="94" cleared="7" enqueued="7" />
  <object-monitors candidates="2" cleared="0"  />
</gc-op>
<gc-end id="2351" type="scavenge" contextid="2347" durationms="77.712" usertimems="304.798" systemtimems="0.000" stalltimems="4.294" timestamp="2022-02-08T18:54:09.452" activeThreads="4">
  <mem-info id="2352" free="231310336" total="1073741824" percent="21">
    <mem type="nursery" free="105283480" total="268435456" percent="39">
      <mem type="allocate" free="105283480" total="181862400" percent="57" />
      <mem type="survivor" free="0" total="86573056" percent="0" />
    </mem>
    <mem type="tenure" free="126026856" total="805306368" percent="15" macro-fragmented="0">
      <mem type="soa" free="117973096" total="797252608" percent="14" />
      <mem type="loa" free="8053760" total="8053760" percent="100" />
    </mem>
    <pending-finalizers system="52" default="1" reference="7" classloader="0" />
    <remembered-set count="132" />
  </mem-info>
</gc-end>
<cycle-end id="2353" type="scavenge" contextid="2347" timestamp="2022-02-08T18:54:09.452" />
<allocation-satisfied id="2354" threadId="0000000000016F00" bytesRequested="152" />
<af-end id="2355" timestamp="2022-02-08T18:54:09.452" threadId="0000000000017908" success="true" from="nursery"/>
<exclusive-end id="2356" timestamp="2022-02-08T18:54:09.452" durationms="78.231" />

<concurrent-kickoff id="2357" timestamp="2022-02-08T18:54:10.119">
  <kickoff reason="threshold reached" targetBytes="74462220" thresholdFreeBytes="5754597"  remainingFree="5734296" tenureFreeBytes="126026856" nurseryFreeBytes="5734296" />
</concurrent-kickoff>
<exclusive-start id="2358" timestamp="2022-02-08T18:54:10.122" intervalms="748.674">
  <response-info timems="0.021" idlems="0.021" threads="0" lastid="0000000000016F00" lastname="main" />
</exclusive-start>
<cycle-start id="2359" type="global" contextid="0" timestamp="2022-02-08T18:54:10.122" intervalms="2991.556" />
<concurrent-start id="2360" type="global mark" contextid="2359" timestamp="2022-02-08T18:54:10.122">
</concurrent-start>
<exclusive-end id="2361" timestamp="2022-02-08T18:54:10.122" durationms="0.039" />

<exclusive-start id="2362" timestamp="2022-02-08T18:54:10.247" intervalms="124.496">
  <response-info timems="0.042" idlems="0.042" threads="0" lastid="0000000000016F00" lastname="main" />
</exclusive-start>
<af-start id="2363" threadId="0000000000017908" totalBytesRequested="24" timestamp="2022-02-08T18:54:10.247" intervalms="873.040" type="nursery" />
<cycle-start id="2364" type="scavenge" contextid="0" timestamp="2022-02-08T18:54:10.247" intervalms="872.984" />
<gc-start id="2365" type="scavenge" contextid="2364" timestamp="2022-02-08T18:54:10.247">
  <mem-info id="2366" free="126026856" total="1073741824" percent="11">
    <mem type="nursery" free="0" total="268435456" percent="0">
      <mem type="allocate" free="0" total="181862400" percent="0" />
      <mem type="survivor" free="0" total="86573056" percent="0" />
    </mem>
    <mem type="tenure" free="126026856" total="805306368" percent="15">
      <mem type="soa" free="117973096" total="797252608" percent="14" />
      <mem type="loa" free="8053760" total="8053760" percent="100" />
    </mem>
    <remembered-set count="133" />
  </mem-info>
</gc-start>
<allocation-stats totalBytes="105234424" >
  <allocated-bytes non-tlh="1347832" tlh="103886592" />
  <largest-consumer threadName="main" threadId="0000000000016F00" bytes="105226232" />
</allocation-stats>
<gc-op id="2367" type="scavenge" timems="88.982" contextid="2364" timestamp="2022-02-08T18:54:10.336">
  <scavenger-info tenureage="1" tenuremask="7ffe" tiltratio="67" />
  <memory-copied type="nursery" objects="1318399" bytes="75319280" bytesdiscarded="275144" />
  <memory-copied type="tenure" objects="1490448" bytes="75453152" bytesdiscarded="36008" />
  <finalization candidates="57" enqueued="0" />
  <references type="phantom" candidates="1" cleared="0" enqueued="0" />
  <object-monitors candidates="2" cleared="0"  />
</gc-op>
<gc-end id="2368" type="scavenge" contextid="2364" durationms="89.205" usertimems="350.884" systemtimems="0.000" stalltimems="3.964" timestamp="2022-02-08T18:54:10.336" activeThreads="4">
  <mem-info id="2369" free="157680200" total="1073741824" percent="14">
    <mem type="nursery" free="107119944" total="268435456" percent="39">
      <mem type="allocate" free="107119944" total="182714368" percent="58" />
      <mem type="survivor" free="0" total="85721088" percent="0" />
    </mem>
    <mem type="tenure" free="50560256" total="805306368" percent="6" macro-fragmented="13375613">
      <mem type="soa" free="42506496" total="797252608" percent="5" />
      <mem type="loa" free="8053760" total="8053760" percent="100" />
    </mem>
    <remembered-set count="102" />
  </mem-info>
</gc-end>
<cycle-end id="2370" type="scavenge" contextid="2364" timestamp="2022-02-08T18:54:10.336" />
<allocation-satisfied id="2371" threadId="0000000000016F00" bytesRequested="24" />
<af-end id="2372" timestamp="2022-02-08T18:54:10.336" threadId="0000000000017908" success="true" from="nursery"/>
<exclusive-end id="2373" timestamp="2022-02-08T18:54:10.336" durationms="89.551" />

<concurrent-end id="2374" type="global mark" contextid="2359" timestamp="2022-02-08T18:54:10.469">
<gc-op id="2375" type="trace" timems="346.526" contextid="2359" timestamp="2022-02-08T18:54:10.469">
  <trace bytesTraced="74435060" workStackOverflowCount="0" />
  <card-cleaning reason="card cleaning threshold reached" bytesTraced="904" cardsCleaned="2" />
</gc-op>
</concurrent-end>

<exclusive-start id="2376" timestamp="2022-02-08T18:54:10.469" intervalms="222.111">
  <response-info timems="0.018" idlems="0.018" threads="0" lastid="0000000000016F00" lastname="main" />
</exclusive-start>
<concurrent-global-final id="2377" timestamp="2022-02-08T18:54:10.469" contextid="2359" intervalms="2995.169" >
  <concurrent-trace-info reason="card cleaning threshold reached" tracedByMutators="60275540" tracedByHelpers="14160424" cardsCleaned="2" workStackOverflowCount="0" />
</concurrent-global-final>
<gc-start id="2378" type="global" contextid="2359" timestamp="2022-02-08T18:54:10.469">
  <mem-info id="2379" free="149717552" total="1073741824" percent="13">
    <mem type="nursery" free="99157296" total="268435456" percent="36">
      <mem type="allocate" free="99157296" total="182714368" percent="54" />
      <mem type="survivor" free="0" total="85721088" percent="0" />
    </mem>
    <mem type="tenure" free="50560256" total="805306368" percent="6">
      <mem type="soa" free="42506496" total="797252608" percent="5" />
      <mem type="loa" free="8053760" total="8053760" percent="100" />
    </mem>
    <remembered-set count="102" />
  </mem-info>
</gc-start>
<allocation-stats totalBytes="7959304" >
  <allocated-bytes non-tlh="24" tlh="7959280" />
  <largest-consumer threadName="main" threadId="0000000000016F00" bytes="7959304" />
</allocation-stats>
<gc-op id="2380" type="rs-scan" timems="0.548" contextid="2359" timestamp="2022-02-08T18:54:10.469">
  <scan objectsFound="29" bytesTraced="5268" workStackOverflowCount="0" />
</gc-op>
<gc-op id="2381" type="card-cleaning" timems="152.682" contextid="2359" timestamp="2022-02-08T18:54:10.622">
  <card-cleaning cardsCleaned="9" bytesTraced="71013076" workStackOverflowCount="0" />
</gc-op>
<gc-op id="2382" type="mark" timems="49.021" contextid="2359" timestamp="2022-02-08T18:54:10.671">
  <trace-info objectcount="1833899" scancount="1376952" scanbytes="29442664" />
  <finalization candidates="428" enqueued="57" />
  <ownableSynchronizers candidates="1" cleared="0" />
  <references type="soft" candidates="894" cleared="0" enqueued="0" dynamicThreshold="11" maxThreshold="32" />
  <references type="weak" candidates="1701" cleared="0" enqueued="0" />
  <references type="phantom" candidates="52" cleared="2" enqueued="2" />
  <stringconstants candidates="6470" cleared="0"  />
  <object-monitors candidates="2" cleared="0"  />
</gc-op>
<gc-op id="2383" type="sweep" timems="6.179" contextid="2359" timestamp="2022-02-08T18:54:10.677" />
<gc-end id="2384" type="global" contextid="2359" durationms="208.631" usertimems="221.848" systemtimems="1.117" stalltimems="151.534" timestamp="2022-02-08T18:54:10.678" activeThreads="4">
  <mem-info id="2385" free="393015152" total="1073741824" percent="36">
    <mem type="nursery" free="99523144" total="268435456" percent="37">
      <mem type="allocate" free="99523144" total="182714368" percent="54" />
      <mem type="survivor" free="0" total="85721088" percent="0" />
    </mem>
    <mem type="tenure" free="293492008" total="805306368" percent="36" micro-fragmented="383794" macro-fragmented="0">
      <mem type="soa" free="285438248" total="797252608" percent="35" />
      <mem type="loa" free="8053760" total="8053760" percent="100" />
    </mem>
    <pending-finalizers system="57" default="0" reference="2" classloader="0" />
    <remembered-set count="102" />
  </mem-info>
</gc-end>
<cycle-end id="2386" type="global" contextid="2359" timestamp="2022-02-08T18:54:10.678" />
<exclusive-end id="2387" timestamp="2022-02-08T18:54:10.678" durationms="209.042" />

<exclusive-start id="2388" timestamp="2022-02-08T18:54:11.327" intervalms="858.361">
  <response-info timems="0.019" idlems="0.019" threads="0" lastid="0000000000016F00" lastname="main" />
</exclusive-start>
<af-start id="2389" threadId="0000000000017908" totalBytesRequested="184" timestamp="2022-02-08T18:54:11.327" intervalms="1080.472" type="nursery" />
<cycle-start id="2390" type="scavenge" contextid="0" timestamp="2022-02-08T18:54:11.327" intervalms="1080.472" />
<gc-start id="2391" type="scavenge" contextid="2390" timestamp="2022-02-08T18:54:11.327">
  <mem-info id="2392" free="293492008" total="1073741824" percent="27">
    <mem type="nursery" free="0" total="268435456" percent="0">
      <mem type="allocate" free="0" total="182714368" percent="0" />
      <mem type="survivor" free="0" total="85721088" percent="0" />
    </mem>
    <mem type="tenure" free="293492008" total="805306368" percent="36">
      <mem type="soa" free="285438248" total="797252608" percent="35" />
      <mem type="loa" free="8053760" total="8053760" percent="100" />
    </mem>
    <remembered-set count="105" />
  </mem-info>
</gc-start>
<allocation-stats totalBytes="99475432" >
  <allocated-bytes non-tlh="0" tlh="99475432" />
  <largest-consumer threadName="main" threadId="0000000000016F00" bytes="99471336" />
</allocation-stats>
<gc-op id="2393" type="scavenge" timems="79.684" contextid="2390" timestamp="2022-02-08T18:54:11.407">
  <scavenger-info tenureage="1" tenuremask="7ffe" tiltratio="68" />
  <memory-copied type="nursery" objects="1358393" bytes="76326720" bytesdiscarded="223696" />
  <memory-copied type="tenure" objects="1318399" bytes="75319280" bytesdiscarded="45312" />
  <finalization candidates="1" enqueued="0" />
  <ownableSynchronizers candidates="2" cleared="2" />
  <object-monitors candidates="2" cleared="0"  />
</gc-op>
<gc-end id="2394" type="scavenge" contextid="2390" durationms="79.919" usertimems="313.394" systemtimems="0.000" stalltimems="3.264" timestamp="2022-02-08T18:54:11.407" activeThreads="4">
  <mem-info id="2395" free="324452216" total="1073741824" percent="30">
    <mem type="nursery" free="106557168" total="268435456" percent="39">
      <mem type="allocate" free="106557168" total="183107584" percent="58" />
      <mem type="survivor" free="0" total="85327872" percent="0" />
    </mem>
    <mem type="tenure" free="217895048" total="805306368" percent="27" macro-fragmented="0">
      <mem type="soa" free="209841288" total="797252608" percent="26" />
      <mem type="loa" free="8053760" total="8053760" percent="100" />
    </mem>
    <remembered-set count="104" />
  </mem-info>
</gc-end>
<cycle-end id="2396" type="scavenge" contextid="2390" timestamp="2022-02-08T18:54:11.407" />
<allocation-satisfied id="2397" threadId="0000000000016F00" bytesRequested="184" />
<af-end id="2398" timestamp="2022-02-08T18:54:11.407" threadId="0000000000017908" success="true" from="nursery"/>
<exclusive-end id="2399" timestamp="2022-02-08T18:54:11.407" durationms="80.168" />

<exclusive-start id="2400" timestamp="2022-02-08T18:54:12.252" intervalms="924.684">
  <response-info timems="0.035" idlems="0.035" threads="0" lastid="0000000000016F00" lastname="main" />
</exclusive-start>
<af-start id="2401" threadId="0000000000017908" totalBytesRequested="24" timestamp="2022-02-08T18:54:12.252" intervalms="924.692" type="nursery" />
<cycle-start id="2402" type="scavenge" contextid="0" timestamp="2022-02-08T18:54:12.252" intervalms="924.698" />
<gc-start id="2403" type="scavenge" contextid="2402" timestamp="2022-02-08T18:54:12.252">
  <mem-info id="2404" free="217895048" total="1073741824" percent="20">
    <mem type="nursery" free="0" total="268435456" percent="0">
      <mem type="allocate" free="0" total="183107584" percent="0" />
      <mem type="survivor" free="0" total="85327872" percent="0" />
    </mem>
    <mem type="tenure" free="217895048" total="805306368" percent="27">
      <mem type="soa" free="209841288" total="797252608" percent="26" />
      <mem type="loa" free="8053760" total="8053760" percent="100" />
    </mem>
    <remembered-set count="135" />
  </mem-info>
</gc-start>
<allocation-stats totalBytes="106513040" >
  <allocated-bytes non-tlh="849112" tlh="105663928" />
  <largest-consumer threadName="main" threadId="0000000000016F00" bytes="106513040" />
</allocation-stats>
<gc-op id="2405" type="scavenge" timems="86.739" contextid="2402" timestamp="2022-02-08T18:54:12.339">
  <scavenger-info tenureage="1" tenuremask="7ffe" tiltratio="68" />
  <memory-copied type="nursery" objects="1462170" bytes="75003352" bytesdiscarded="248392" />
  <memory-copied type="tenure" objects="1358392" bytes="76326616" bytesdiscarded="43520" />
  <finalization candidates="106" enqueued="53" />
  <references type="soft" candidates="14" cleared="0" enqueued="0" dynamicThreshold="11" maxThreshold="32" />
  <references type="weak" candidates="1" cleared="0" enqueued="0" />
  <references type="phantom" candidates="91" cleared="7" enqueued="7" />
  <object-monitors candidates="2" cleared="0"  />
</gc-op>
<gc-end id="2406" type="scavenge" contextid="2402" durationms="87.602" usertimems="320.257" systemtimems="0.728" stalltimems="8.876" timestamp="2022-02-08T18:54:12.340" activeThreads="4">
  <mem-info id="2407" free="249913496" total="1073741824" percent="23">
    <mem type="nursery" free="108445536" total="268435456" percent="40">
      <mem type="allocate" free="108445536" total="183697408" percent="59" />
      <mem type="survivor" free="0" total="84738048" percent="0" />
    </mem>
    <mem type="tenure" free="141467960" total="805306368" percent="17" macro-fragmented="0">
      <mem type="soa" free="133414200" total="797252608" percent="16" />
      <mem type="loa" free="8053760" total="8053760" percent="100" />
    </mem>
    <pending-finalizers system="52" default="1" reference="7" classloader="0" />
    <remembered-set count="132" />
  </mem-info>
</gc-end>
<cycle-end id="2408" type="scavenge" contextid="2402" timestamp="2022-02-08T18:54:12.340" />
<allocation-satisfied id="2409" threadId="0000000000016F00" bytesRequested="24" />
<af-end id="2410" timestamp="2022-02-08T18:54:12.340" threadId="0000000000017908" success="true" from="nursery"/>
<exclusive-end id="2411" timestamp="2022-02-08T18:54:12.340" durationms="87.908" />

<concurrent-kickoff id="2412" timestamp="2022-02-08T18:54:13.010">
  <kickoff reason="threshold reached" targetBytes="74456966" thresholdFreeBytes="5752987"  remainingFree="5690448" tenureFreeBytes="141467960" nurseryFreeBytes="5690448" />
</concurrent-kickoff>
<exclusive-start id="2413" timestamp="2022-02-08T18:54:13.018" intervalms="765.697">
  <response-info timems="0.020" idlems="0.020" threads="0" lastid="0000000000016F00" lastname="main" />
</exclusive-start>
<cycle-start id="2414" type="global" contextid="0" timestamp="2022-02-08T18:54:13.018" intervalms="2895.382" />
<concurrent-start id="2415" type="global mark" contextid="2414" timestamp="2022-02-08T18:54:13.018">
</concurrent-start>
<exclusive-end id="2416" timestamp="2022-02-08T18:54:13.018" durationms="0.085" />

<exclusive-start id="2417" timestamp="2022-02-08T18:54:13.122" intervalms="104.141">
  <response-info timems="0.034" idlems="0.034" threads="0" lastid="0000000000016F00" lastname="main" />
</exclusive-start>
<af-start id="2418" threadId="0000000000017908" totalBytesRequested="232" timestamp="2022-02-08T18:54:13.122" intervalms="869.830" type="nursery" />
<cycle-start id="2419" type="scavenge" contextid="0" timestamp="2022-02-08T18:54:13.122" intervalms="869.823" />
<gc-start id="2420" type="scavenge" contextid="2419" timestamp="2022-02-08T18:54:13.122">
  <mem-info id="2421" free="141467960" total="1073741824" percent="13">
    <mem type="nursery" free="0" total="268435456" percent="0">
      <mem type="allocate" free="0" total="183697408" percent="0" />
      <mem type="survivor" free="0" total="84738048" percent="0" />
    </mem>
    <mem type="tenure" free="141467960" total="805306368" percent="17">
      <mem type="soa" free="133414200" total="797252608" percent="16" />
      <mem type="loa" free="8053760" total="8053760" percent="100" />
    </mem>
    <remembered-set count="133" />
  </mem-info>
</gc-start>
<allocation-stats totalBytes="108390992" >
  <allocated-bytes non-tlh="2063120" tlh="106327872" />
  <largest-consumer threadName="main" threadId="0000000000016F00" bytes="108382800" />
</allocation-stats>
<gc-op id="2422" type="scavenge" timems="81.461" contextid="2419" timestamp="2022-02-08T18:54:13.203">
  <scavenger-info tenureage="1" tenuremask="7ffe" tiltratio="68" />
  <memory-copied type="nursery" objects="1361432" bytes="77109672" bytesdiscarded="213504" />
  <memory-copied type="tenure" objects="1461450" bytes="74507296" bytesdiscarded="38120" />
  <finalization candidates="57" enqueued="0" />
  <references type="phantom" candidates="4" cleared="0" enqueued="0" />
  <object-monitors candidates="2" cleared="0"  />
</gc-op>
<gc-end id="2423" type="scavenge" contextid="2419" durationms="81.865" usertimems="321.947" systemtimems="0.000" stalltimems="3.298" timestamp="2022-02-08T18:54:13.204" activeThreads="4">
  <mem-info id="2424" free="172702248" total="1073741824" percent="16">
    <mem type="nursery" free="105718872" total="268435456" percent="39">
      <mem type="allocate" free="105718872" total="183042048" percent="57" />
      <mem type="survivor" free="0" total="85393408" percent="0" />
    </mem>
    <mem type="tenure" free="66983376" total="805306368" percent="8" macro-fragmented="39939376">
      <mem type="soa" free="58929616" total="797252608" percent="7" />
      <mem type="loa" free="8053760" total="8053760" percent="100" />
    </mem>
    <remembered-set count="102" />
  </mem-info>
</gc-end>
<cycle-end id="2425" type="scavenge" contextid="2419" timestamp="2022-02-08T18:54:13.204" />
<allocation-satisfied id="2426" threadId="0000000000016F00" bytesRequested="232" />
<af-end id="2427" timestamp="2022-02-08T18:54:13.204" threadId="0000000000017908" success="true" from="nursery"/>
<exclusive-end id="2428" timestamp="2022-02-08T18:54:13.204" durationms="82.167" />

<concurrent-end id="2429" type="global mark" contextid="2414" timestamp="2022-02-08T18:54:13.419">
<gc-op id="2430" type="trace" timems="401.074" contextid="2414" timestamp="2022-02-08T18:54:13.419">
  <trace bytesTraced="74435268" workStackOverflowCount="0" />
  <card-cleaning reason="card cleaning threshold reached" bytesTraced="904" cardsCleaned="2" />
</gc-op>
</concurrent-end>

<exclusive-start id="2431" timestamp="2022-02-08T18:54:13.419" intervalms="297.152">
  <response-info timems="0.018" idlems="0.018" threads="0" lastid="0000000000016F00" lastname="main" />
</exclusive-start>
<concurrent-global-final id="2432" timestamp="2022-02-08T18:54:13.419" contextid="2414" intervalms="2950.048" >
  <concurrent-trace-info reason="card cleaning threshold reached" tracedByMutators="50167344" tracedByHelpers="24268828" cardsCleaned="2" workStackOverflowCount="0" />
</concurrent-global-final>
<gc-start id="2433" type="global" contextid="2414" timestamp="2022-02-08T18:54:13.419">
  <mem-info id="2434" free="156744000" total="1073741824" percent="14">
    <mem type="nursery" free="89760624" total="268435456" percent="33">
      <mem type="allocate" free="89760624" total="183042048" percent="49" />
      <mem type="survivor" free="0" total="85393408" percent="0" />
    </mem>
    <mem type="tenure" free="66983376" total="805306368" percent="8">
      <mem type="soa" free="58929616" total="797252608" percent="7" />
      <mem type="loa" free="8053760" total="8053760" percent="100" />
    </mem>
    <remembered-set count="102" />
  </mem-info>
</gc-start>
<allocation-stats totalBytes="15950472" >
  <allocated-bytes non-tlh="232" tlh="15950240" />
  <largest-consumer threadName="main" threadId="0000000000016F00" bytes="15950472" />
</allocation-stats>
<gc-op id="2435" type="rs-scan" timems="0.783" contextid="2414" timestamp="2022-02-08T18:54:13.420">
  <scan objectsFound="29" bytesTraced="5268" workStackOverflowCount="0" />
</gc-op>
<gc-op id="2436" type="card-cleaning" timems="148.738" contextid="2414" timestamp="2022-02-08T18:54:13.569">
  <card-cleaning cardsCleaned="9" bytesTraced="71013076" workStackOverflowCount="0" />
</gc-op>
<gc-op id="2437" type="mark" timems="46.715" contextid="2414" timestamp="2022-02-08T18:54:13.615">
  <trace-info objectcount="1677515" scancount="1259664" scanbytes="26940520" />
  <finalization candidates="428" enqueued="57" />
  <ownableSynchronizers candidates="1" cleared="0" />
  <references type="soft" candidates="894" cleared="0" enqueued="0" dynamicThreshold="11" maxThreshold="32" />
  <references type="weak" candidates="1701" cleared="0" enqueued="0" />
  <references type="phantom" candidates="52" cleared="2" enqueued="2" />
  <stringconstants candidates="6470" cleared="0"  />
  <object-monitors candidates="2" cleared="0"  />
</gc-op>
<gc-op id="2438" type="sweep" timems="4.850" contextid="2414" timestamp="2022-02-08T18:54:13.620" />
<gc-end id="2439" type="global" contextid="2414" durationms="201.478" usertimems="216.553" systemtimems="0.339" stalltimems="139.714" timestamp="2022-02-08T18:54:13.620" activeThreads="4">
  <mem-info id="2440" free="400007000" total="1073741824" percent="37">
    <mem type="nursery" free="90066296" total="268435456" percent="33">
      <mem type="allocate" free="90066296" total="183042048" percent="49" />
      <mem type="survivor" free="0" total="85393408" percent="0" />
    </mem>
    <mem type="tenure" free="309940704" total="805306368" percent="38" micro-fragmented="355881" macro-fragmented="0">
      <mem type="soa" free="301886944" total="797252608" percent="37" />
      <mem type="loa" free="8053760" total="8053760" percent="100" />
    </mem>
    <pending-finalizers system="57" default="0" reference="2" classloader="0" />
    <remembered-set count="102" />
  </mem-info>
</gc-end>
<cycle-end id="2441" type="global" contextid="2414" timestamp="2022-02-08T18:54:13.621" />
<exclusive-end id="2442" timestamp="2022-02-08T18:54:13.621" durationms="201.726" />

<exclusive-start id="2443" timestamp="2022-02-08T18:54:14.203" intervalms="784.410">
  <response-info timems="0.020" idlems="0.020" threads="0" lastid="0000000000016F00" lastname="main" />
</exclusive-start>
<af-start id="2444" threadId="0000000000017908" totalBytesRequested="104" timestamp="2022-02-08T18:54:14.203" intervalms="1081.562" type="nursery" />
<cycle-start id="2445" type="scavenge" contextid="0" timestamp="2022-02-08T18:54:14.203" intervalms="1081.563" />
<gc-start id="2446" type="scavenge" contextid="2445" timestamp="2022-02-08T18:54:14.203">
  <mem-info id="2447" free="309940704" total="1073741824" percent="28">
    <mem type="nursery" free="0" total="268435456" percent="0">
      <mem type="allocate" free="0" total="183042048" percent="0" />
      <mem type="survivor" free="0" total="85393408" percent="0" />
    </mem>
    <mem type="tenure" free="309940704" total="805306368" percent="38">
      <mem type="soa" free="301886944" total="797252608" percent="37" />
      <mem type="loa" free="8053760" total="8053760" percent="100" />
    </mem>
    <remembered-set count="105" />
  </mem-info>
</gc-start>
<allocation-stats totalBytes="90025512" >
  <allocated-bytes non-tlh="0" tlh="90025512" />
  <largest-consumer threadName="main" threadId="0000000000016F00" bytes="90021416" />
</allocation-stats>
<gc-op id="2448" type="scavenge" timems="77.001" contextid="2445" timestamp="2022-02-08T18:54:14.280">
  <scavenger-info tenureage="1" tenuremask="7ffe" tiltratio="68" />
  <memory-copied type="nursery" objects="1336222" bytes="75287768" bytesdiscarded="198048" />
  <memory-copied type="tenure" objects="1361431" bytes="77109544" bytesdiscarded="41968" />
  <finalization candidates="4" enqueued="0" />
  <ownableSynchronizers candidates="2" cleared="2" />
  <object-monitors candidates="2" cleared="0"  />
</gc-op>
<gc-end id="2449" type="scavenge" contextid="2445" durationms="77.354" usertimems="301.960" systemtimems="0.000" stalltimems="5.311" timestamp="2022-02-08T18:54:14.281" activeThreads="4">
  <mem-info id="2450" free="340392432" total="1073741824" percent="31">
    <mem type="nursery" free="107949448" total="268435456" percent="40">
      <mem type="allocate" free="107949448" total="183435264" percent="58" />
      <mem type="survivor" free="0" total="85000192" percent="0" />
    </mem>
    <mem type="tenure" free="232442984" total="805306368" percent="28" macro-fragmented="1800196">
      <mem type="soa" free="224389224" total="797252608" percent="28" />
      <mem type="loa" free="8053760" total="8053760" percent="100" />
    </mem>
    <remembered-set count="105" />
  </mem-info>
</gc-end>
<cycle-end id="2451" type="scavenge" contextid="2445" timestamp="2022-02-08T18:54:14.281" />
<allocation-satisfied id="2452" threadId="0000000000016F00" bytesRequested="104" />
<af-end id="2453" timestamp="2022-02-08T18:54:14.281" threadId="0000000000017908" success="true" from="nursery"/>
<exclusive-end id="2454" timestamp="2022-02-08T18:54:14.281" durationms="77.669" />

<exclusive-start id="2455" timestamp="2022-02-08T18:54:14.977" intervalms="773.464">
  <response-info timems="0.018" idlems="0.018" threads="0" lastid="0000000000016F00" lastname="main" />
</exclusive-start>
<af-start id="2456" threadId="0000000000017908" totalBytesRequested="453704" timestamp="2022-02-08T18:54:14.977" intervalms="773.461" type="nursery" />
<cycle-start id="2457" type="scavenge" contextid="0" timestamp="2022-02-08T18:54:14.977" intervalms="773.460" />
<gc-start id="2458" type="scavenge" contextid="2457" timestamp="2022-02-08T18:54:14.977">
  <mem-info id="2459" free="232814984" total="1073741824" percent="21">
    <mem type="nursery" free="372000" total="268435456" percent="0">
      <mem type="allocate" free="372000" total="183435264" percent="0" />
      <mem type="survivor" free="0" total="85000192" percent="0" />
    </mem>
    <mem type="tenure" free="232442984" total="805306368" percent="28">
      <mem type="soa" free="224389224" total="797252608" percent="28" />
      <mem type="loa" free="8053760" total="8053760" percent="100" />
    </mem>
    <remembered-set count="119" />
  </mem-info>
</gc-start>
<allocation-stats totalBytes="107518544" >
  <allocated-bytes non-tlh="104" tlh="107518440" />
  <largest-consumer threadName="main" threadId="0000000000016F00" bytes="107518544" />
</allocation-stats>
<gc-op id="2460" type="scavenge" timems="74.334" contextid="2457" timestamp="2022-02-08T18:54:15.051">
  <scavenger-info tenureage="1" tenuremask="7ffe" tiltratio="68" />
  <memory-copied type="nursery" objects="1354275" bytes="76360224" bytesdiscarded="114048" />
  <memory-copied type="tenure" objects="1336222" bytes="75287768" bytesdiscarded="41592" />
  <finalization candidates="30" enqueued="18" />
  <references type="phantom" candidates="30" cleared="0" enqueued="0" />
  <object-monitors candidates="2" cleared="0"  />
</gc-op>
<gc-end id="2461" type="scavenge" contextid="2457" durationms="74.875" usertimems="293.526" systemtimems="0.000" stalltimems="3.167" timestamp="2022-02-08T18:54:15.052" activeThreads="4">
  <mem-info id="2462" free="264628848" total="1073741824" percent="24">
    <mem type="nursery" free="107223136" total="268435456" percent="39">
      <mem type="allocate" free="107223136" total="183697408" percent="58" />
      <mem type="survivor" free="0" total="84738048" percent="0" />
    </mem>
    <mem type="tenure" free="157405712" total="805306368" percent="19" macro-fragmented="0">
      <mem type="soa" free="149351952" total="797252608" percent="18" />
      <mem type="loa" free="8053760" total="8053760" percent="100" />
    </mem>
    <pending-finalizers system="18" default="0" reference="0" classloader="0" />
    <remembered-set count="119" />
  </mem-info>
</gc-end>
<cycle-end id="2463" type="scavenge" contextid="2457" timestamp="2022-02-08T18:54:15.052" />
<allocation-satisfied id="2464" threadId="0000000000016F00" bytesRequested="453704" />
<af-end id="2465" timestamp="2022-02-08T18:54:15.052" threadId="0000000000017908" success="true" from="nursery"/>
<exclusive-end id="2466" timestamp="2022-02-08T18:54:15.052" durationms="75.270" />

<concurrent-kickoff id="2467" timestamp="2022-02-08T18:54:15.875">
  <kickoff reason="threshold reached" targetBytes="74452803" thresholdFreeBytes="5753405"  remainingFree="5642336" tenureFreeBytes="157405712" nurseryFreeBytes="5642336" />
</concurrent-kickoff>
<exclusive-start id="2468" timestamp="2022-02-08T18:54:15.878" intervalms="901.216">
  <response-info timems="0.018" idlems="0.018" threads="0" lastid="0000000000016F00" lastname="main" />
</exclusive-start>
<cycle-start id="2469" type="global" contextid="0" timestamp="2022-02-08T18:54:15.878" intervalms="2860.339" />
<concurrent-start id="2470" type="global mark" contextid="2469" timestamp="2022-02-08T18:54:15.878">
</concurrent-start>
<exclusive-end id="2471" timestamp="2022-02-08T18:54:15.878" durationms="0.027" />

<exclusive-start id="2472" timestamp="2022-02-08T18:54:16.004" intervalms="125.672">
  <response-info timems="0.020" idlems="0.020" threads="0" lastid="0000000000016F00" lastname="main" />
</exclusive-start>
<af-start id="2473" threadId="0000000000017908" totalBytesRequested="104" timestamp="2022-02-08T18:54:16.004" intervalms="1026.901" type="nursery" />
<cycle-start id="2474" type="scavenge" contextid="0" timestamp="2022-02-08T18:54:16.004" intervalms="1026.902" />
<gc-start id="2475" type="scavenge" contextid="2474" timestamp="2022-02-08T18:54:16.004">
  <mem-info id="2476" free="157405712" total="1073741824" percent="14">
    <mem type="nursery" free="0" total="268435456" percent="0">
      <mem type="allocate" free="0" total="183697408" percent="0" />
      <mem type="survivor" free="0" total="84738048" percent="0" />
    </mem>
    <mem type="tenure" free="157405712" total="805306368" percent="19">
      <mem type="soa" free="149351952" total="797252608" percent="18" />
      <mem type="loa" free="8053760" total="8053760" percent="100" />
    </mem>
    <remembered-set count="136" />
  </mem-info>
</gc-start>
<allocation-stats totalBytes="107175552" >
  <allocated-bytes non-tlh="2938248" tlh="104237304" />
  <largest-consumer threadName="main" threadId="0000000000016F00" bytes="107171456" />
</allocation-stats>
<gc-op id="2477" type="scavenge" timems="79.998" contextid="2474" timestamp="2022-02-08T18:54:16.084">
  <scavenger-info tenureage="1" tenuremask="7ffe" tiltratio="68" />
  <memory-copied type="nursery" objects="1425589" bytes="75384008" bytesdiscarded="237064" />
  <memory-copied type="tenure" objects="1353977" bytes="76201184" bytesdiscarded="37912" />
  <finalization candidates="92" enqueued="35" />
  <references type="soft" candidates="14" cleared="0" enqueued="0" dynamicThreshold="12" maxThreshold="32" />
  <references type="weak" candidates="1" cleared="0" enqueued="0" />
  <references type="phantom" candidates="77" cleared="7" enqueued="7" />
  <object-monitors candidates="2" cleared="0"  />
</gc-op>
<gc-end id="2478" type="scavenge" contextid="2474" durationms="80.467" usertimems="316.312" systemtimems="0.000" stalltimems="3.410" timestamp="2022-02-08T18:54:16.084" activeThreads="4">
  <mem-info id="2479" free="189710144" total="1073741824" percent="17">
    <mem type="nursery" free="108534960" total="268435456" percent="40">
      <mem type="allocate" free="108534960" total="184156160" percent="58" />
      <mem type="survivor" free="0" total="84279296" percent="0" />
    </mem>
    <mem type="tenure" free="81175184" total="805306368" percent="10" macro-fragmented="57512708">
      <mem type="soa" free="73121424" total="797252608" percent="9" />
      <mem type="loa" free="8053760" total="8053760" percent="100" />
    </mem>
    <pending-finalizers system="34" default="1" reference="7" classloader="0" />
    <remembered-set count="119" />
  </mem-info>
</gc-end>
<cycle-end id="2480" type="scavenge" contextid="2474" timestamp="2022-02-08T18:54:16.084" />
<allocation-satisfied id="2481" threadId="0000000000016F00" bytesRequested="104" />
<af-end id="2482" timestamp="2022-02-08T18:54:16.084" threadId="0000000000017908" success="true" from="nursery"/>
<exclusive-end id="2483" timestamp="2022-02-08T18:54:16.084" durationms="80.852" />

<concurrent-end id="2484" type="global mark" contextid="2469" timestamp="2022-02-08T18:54:16.206">
<gc-op id="2485" type="trace" timems="327.671" contextid="2469" timestamp="2022-02-08T18:54:16.206">
  <trace bytesTraced="74435572" workStackOverflowCount="0" />
  <card-cleaning reason="card cleaning threshold reached" bytesTraced="904" cardsCleaned="2" />
</gc-op>
</concurrent-end>

<exclusive-start id="2486" timestamp="2022-02-08T18:54:16.206" intervalms="202.067">
  <response-info timems="0.019" idlems="0.019" threads="0" lastid="0000000000016F00" lastname="main" />
</exclusive-start>
<concurrent-global-final id="2487" timestamp="2022-02-08T18:54:16.206" contextid="2469" intervalms="2786.804" >
  <concurrent-trace-info reason="card cleaning threshold reached" tracedByMutators="59519768" tracedByHelpers="14916708" cardsCleaned="2" workStackOverflowCount="0" />
</concurrent-global-final>
<gc-start id="2488" type="global" contextid="2469" timestamp="2022-02-08T18:54:16.206">
  <mem-info id="2489" free="182001368" total="1073741824" percent="16">
    <mem type="nursery" free="100826184" total="268435456" percent="37">
      <mem type="allocate" free="100826184" total="184156160" percent="54" />
      <mem type="survivor" free="0" total="84279296" percent="0" />
    </mem>
    <mem type="tenure" free="81175184" total="805306368" percent="10">
      <mem type="soa" free="73121424" total="797252608" percent="9" />
      <mem type="loa" free="8053760" total="8053760" percent="100" />
    </mem>
    <remembered-set count="120" />
  </mem-info>
</gc-start>
<allocation-stats totalBytes="7704848" >
  <allocated-bytes non-tlh="104" tlh="7704744" />
  <largest-consumer threadName="main" threadId="0000000000016F00" bytes="7696656" />
</allocation-stats>
<gc-op id="2490" type="rs-scan" timems="135.380" contextid="2469" timestamp="2022-02-08T18:54:16.341">
  <scan objectsFound="3324749" bytesTraced="71015820" workStackOverflowCount="0" />
</gc-op>
<gc-op id="2491" type="card-cleaning" timems="0.320" contextid="2469" timestamp="2022-02-08T18:54:16.342">
  <card-cleaning cardsCleaned="3" bytesTraced="1112" workStackOverflowCount="0" />
</gc-op>
<gc-op id="2492" type="mark" timems="40.962" contextid="2469" timestamp="2022-02-08T18:54:16.383">
  <trace-info objectcount="1262065" scancount="948075" scanbytes="20293320" />
  <finalization candidates="428" enqueued="57" />
  <ownableSynchronizers candidates="1" cleared="0" />
  <references type="soft" candidates="894" cleared="0" enqueued="0" dynamicThreshold="12" maxThreshold="32" />
  <references type="weak" candidates="1701" cleared="0" enqueued="0" />
  <references type="phantom" candidates="52" cleared="2" enqueued="2" />
  <stringconstants candidates="6470" cleared="0"  />
  <object-monitors candidates="2" cleared="0"  />
</gc-op>
<gc-op id="2493" type="sweep" timems="5.059" contextid="2469" timestamp="2022-02-08T18:54:16.388" />
<gc-end id="2494" type="global" contextid="2469" durationms="182.135" usertimems="234.897" systemtimems="0.666" stalltimems="84.409" timestamp="2022-02-08T18:54:16.388" activeThreads="4">
  <mem-info id="2495" free="425431512" total="1073741824" percent="39">
    <mem type="nursery" free="101479984" total="268435456" percent="37">
      <mem type="allocate" free="101479984" total="184156160" percent="55" />
      <mem type="survivor" free="0" total="84279296" percent="0" />
    </mem>
    <mem type="tenure" free="323951528" total="805306368" percent="40" micro-fragmented="355145" macro-fragmented="1800196">
      <mem type="soa" free="315897768" total="797252608" percent="39" />
      <mem type="loa" free="8053760" total="8053760" percent="100" />
    </mem>
    <pending-finalizers system="57" default="0" reference="2" classloader="0" />
    <remembered-set count="107" />
  </mem-info>
</gc-end>
<cycle-end id="2496" type="global" contextid="2469" timestamp="2022-02-08T18:54:16.388" />
<exclusive-end id="2497" timestamp="2022-02-08T18:54:16.388" durationms="182.336" />

<exclusive-start id="2498" timestamp="2022-02-08T18:54:17.109" intervalms="903.278">
  <response-info timems="0.019" idlems="0.019" threads="0" lastid="0000000000016F00" lastname="main" />
</exclusive-start>
<af-start id="2499" threadId="0000000000017908" totalBytesRequested="184" timestamp="2022-02-08T18:54:17.109" intervalms="1105.335" type="nursery" />
<cycle-start id="2500" type="scavenge" contextid="0" timestamp="2022-02-08T18:54:17.109" intervalms="1105.335" />
<gc-start id="2501" type="scavenge" contextid="2500" timestamp="2022-02-08T18:54:17.109">
  <mem-info id="2502" free="323951528" total="1073741824" percent="30">
    <mem type="nursery" free="0" total="268435456" percent="0">
      <mem type="allocate" free="0" total="184156160" percent="0" />
      <mem type="survivor" free="0" total="84279296" percent="0" />
    </mem>
    <mem type="tenure" free="323951528" total="805306368" percent="40">
      <mem type="soa" free="315897768" total="797252608" percent="39" />
      <mem type="loa" free="8053760" total="8053760" percent="100" />
    </mem>
    <remembered-set count="108" />
  </mem-info>
</gc-start>
<allocation-stats totalBytes="101431856" >
  <allocated-bytes non-tlh="0" tlh="101431856" />
  <largest-consumer threadName="main" threadId="0000000000016F00" bytes="101427760" />
</allocation-stats>
<gc-op id="2503" type="scavenge" timems="100.865" contextid="2500" timestamp="2022-02-08T18:54:17.210">
  <scavenger-info tenureage="1" tenuremask="7ffe" tiltratio="68" />
  <memory-copied type="nursery" objects="1406739" bytes="77637648" bytesdiscarded="189496" />
  <memory-copied type="tenure" objects="1425108" bytes="75072264" bytesdiscarded="42032" />
  <finalization candidates="45" enqueued="0" />
  <ownableSynchronizers candidates="2" cleared="2" />
  <object-monitors candidates="2" cleared="0"  />
</gc-op>
<gc-end id="2504" type="scavenge" contextid="2500" durationms="101.298" usertimems="399.323" systemtimems="0.000" stalltimems="3.093" timestamp="2022-02-08T18:54:17.210" activeThreads="4">
  <mem-info id="2505" free="353451560" total="1073741824" percent="32">
    <mem type="nursery" free="104690616" total="268435456" percent="39">
      <mem type="allocate" free="104690616" total="182517760" percent="57" />
      <mem type="survivor" free="0" total="85917696" percent="0" />
    </mem>
    <mem type="tenure" free="248760944" total="805306368" percent="30" macro-fragmented="0">
      <mem type="soa" free="240707184" total="797252608" percent="30" />
      <mem type="loa" free="8053760" total="8053760" percent="100" />
    </mem>
    <remembered-set count="104" />
  </mem-info>
</gc-end>
<cycle-end id="2506" type="scavenge" contextid="2500" timestamp="2022-02-08T18:54:17.211" />
<allocation-satisfied id="2507" threadId="0000000000016F00" bytesRequested="184" />
<af-end id="2508" timestamp="2022-02-08T18:54:17.211" threadId="0000000000017908" success="true" from="nursery"/>
<exclusive-end id="2509" timestamp="2022-02-08T18:54:17.211" durationms="101.588" />

<exclusive-start id="2510" timestamp="2022-02-08T18:54:17.881" intervalms="771.787">
  <response-info timems="0.020" idlems="0.020" threads="0" lastid="0000000000016F00" lastname="main" />
</exclusive-start>
<af-start id="2511" threadId="0000000000017908" totalBytesRequested="224" timestamp="2022-02-08T18:54:17.881" intervalms="772.027" type="nursery" />
<cycle-start id="2512" type="scavenge" contextid="0" timestamp="2022-02-08T18:54:17.881" intervalms="772.092" />
<gc-start id="2513" type="scavenge" contextid="2512" timestamp="2022-02-08T18:54:17.881">
  <mem-info id="2514" free="248760944" total="1073741824" percent="23">
    <mem type="nursery" free="0" total="268435456" percent="0">
      <mem type="allocate" free="0" total="182517760" percent="0" />
      <mem type="survivor" free="0" total="85917696" percent="0" />
    </mem>
    <mem type="tenure" free="248760944" total="805306368" percent="30">
      <mem type="soa" free="240707184" total="797252608" percent="30" />
      <mem type="loa" free="8053760" total="8053760" percent="100" />
    </mem>
    <remembered-set count="104" />
  </mem-info>
</gc-start>
<allocation-stats totalBytes="104641160" >
  <allocated-bytes non-tlh="184" tlh="104640976" />
  <largest-consumer threadName="main" threadId="0000000000016F00" bytes="104641160" />
</allocation-stats>
<gc-op id="2515" type="scavenge" timems="94.600" contextid="2512" timestamp="2022-02-08T18:54:17.976">
  <scavenger-info tenureage="1" tenuremask="7ffe" tiltratio="67" />
  <memory-copied type="nursery" objects="1307237" bytes="74399496" bytesdiscarded="130432" />
  <memory-copied type="tenure" objects="1406738" bytes="77637544" bytesdiscarded="41352" />
  <object-monitors candidates="2" cleared="0"  />
</gc-op>
<gc-end id="2516" type="scavenge" contextid="2512" durationms="95.030" usertimems="373.979" systemtimems="0.000" stalltimems="3.290" timestamp="2022-02-08T18:54:17.976" activeThreads="4">
  <mem-info id="2517" free="279259520" total="1073741824" percent="26">
    <mem type="nursery" free="108381048" total="268435456" percent="40">
      <mem type="allocate" free="108381048" total="182910976" percent="59" />
      <mem type="survivor" free="0" total="85524480" percent="0" />
    </mem>
    <mem type="tenure" free="170878472" total="805306368" percent="21" macro-fragmented="0">
      <mem type="soa" free="162824712" total="797252608" percent="20" />
      <mem type="loa" free="8053760" total="8053760" percent="100" />
    </mem>
    <remembered-set count="104" />
  </mem-info>
</gc-end>
<cycle-end id="2518" type="scavenge" contextid="2512" timestamp="2022-02-08T18:54:17.976" />
<allocation-satisfied id="2519" threadId="0000000000016F00" bytesRequested="224" />
<af-end id="2520" timestamp="2022-02-08T18:54:17.976" threadId="0000000000017908" success="true" from="nursery"/>
<exclusive-end id="2521" timestamp="2022-02-08T18:54:17.976" durationms="95.728" />

<exclusive-start id="2522" timestamp="2022-02-08T18:54:18.867" intervalms="986.028">
  <response-info timems="0.021" idlems="0.021" threads="0" lastid="0000000000016F00" lastname="main" />
</exclusive-start>
<af-start id="2523" threadId="0000000000017908" totalBytesRequested="184" timestamp="2022-02-08T18:54:18.867" intervalms="985.788" type="nursery" />
<cycle-start id="2524" type="scavenge" contextid="0" timestamp="2022-02-08T18:54:18.867" intervalms="985.723" />
<gc-start id="2525" type="scavenge" contextid="2524" timestamp="2022-02-08T18:54:18.867">
  <mem-info id="2526" free="170878472" total="1073741824" percent="15">
    <mem type="nursery" free="0" total="268435456" percent="0">
      <mem type="allocate" free="0" total="182910976" percent="0" />
      <mem type="survivor" free="0" total="85524480" percent="0" />
    </mem>
    <mem type="tenure" free="170878472" total="805306368" percent="21">
      <mem type="soa" free="162824712" total="797252608" percent="20" />
      <mem type="loa" free="8053760" total="8053760" percent="100" />
    </mem>
    <remembered-set count="134" />
  </mem-info>
</gc-start>
<allocation-stats totalBytes="108332376" >
  <allocated-bytes non-tlh="3009048" tlh="105323328" />
  <largest-consumer threadName="main" threadId="0000000000016F00" bytes="108332376" />
</allocation-stats>
<gc-op id="2527" type="scavenge" timems="76.954" contextid="2524" timestamp="2022-02-08T18:54:18.944">
  <scavenger-info tenureage="1" tenuremask="7ffe" tiltratio="68" />
  <memory-copied type="nursery" objects="1450244" bytes="76152984" bytesdiscarded="147960" />
  <memory-copied type="tenure" objects="1307236" bytes="74399376" bytesdiscarded="41608" />
  <finalization candidates="110" enqueued="53" />
  <references type="soft" candidates="14" cleared="0" enqueued="0" dynamicThreshold="12" maxThreshold="32" />
  <references type="weak" candidates="1" cleared="0" enqueued="0" />
  <references type="phantom" candidates="95" cleared="7" enqueued="7" />
  <object-monitors candidates="2" cleared="0"  />
</gc-op>
<gc-end id="2528" type="scavenge" contextid="2524" durationms="77.291" usertimems="303.454" systemtimems="0.000" stalltimems="3.655" timestamp="2022-02-08T18:54:18.944" activeThreads="4">
  <mem-info id="2529" free="203248920" total="1073741824" percent="18">
    <mem type="nursery" free="106872048" total="268435456" percent="39">
      <mem type="allocate" free="106872048" total="183173120" percent="58" />
      <mem type="survivor" free="0" total="85262336" percent="0" />
    </mem>
    <mem type="tenure" free="96376872" total="805306368" percent="11" macro-fragmented="69015248">
      <mem type="soa" free="88323112" total="797252608" percent="11" />
      <mem type="loa" free="8053760" total="8053760" percent="100" />
    </mem>
    <pending-finalizers system="52" default="1" reference="7" classloader="0" />
    <remembered-set count="129" />
  </mem-info>
</gc-end>
<cycle-end id="2530" type="scavenge" contextid="2524" timestamp="2022-02-08T18:54:18.944" />
<allocation-satisfied id="2531" threadId="0000000000016F00" bytesRequested="184" />
<af-end id="2532" timestamp="2022-02-08T18:54:18.944" threadId="0000000000017908" success="true" from="nursery"/>
<exclusive-end id="2533" timestamp="2022-02-08T18:54:18.944" durationms="77.541" />

<concurrent-kickoff id="2534" timestamp="2022-02-08T18:54:19.632">
  <kickoff reason="threshold reached" targetBytes="74449538" thresholdFreeBytes="5751865"  remainingFree="5684464" tenureFreeBytes="96376872" nurseryFreeBytes="5684464" />
</concurrent-kickoff>
<exclusive-start id="2535" timestamp="2022-02-08T18:54:19.637" intervalms="769.915">
  <response-info timems="0.022" idlems="0.022" threads="0" lastid="0000000000016F00" lastname="main" />
</exclusive-start>
<cycle-start id="2536" type="global" contextid="0" timestamp="2022-02-08T18:54:19.637" intervalms="3758.750" />
<concurrent-start id="2537" type="global mark" contextid="2536" timestamp="2022-02-08T18:54:19.637">
</concurrent-start>
<exclusive-end id="2538" timestamp="2022-02-08T18:54:19.637" durationms="0.030" />

<exclusive-start id="2539" timestamp="2022-02-08T18:54:19.763" intervalms="126.567">
  <response-info timems="0.057" idlems="0.057" threads="0" lastid="0000000000016F00" lastname="main" />
</exclusive-start>
<af-start id="2540" threadId="0000000000017908" totalBytesRequested="184" timestamp="2022-02-08T18:54:19.763" intervalms="896.480" type="nursery" />
<cycle-start id="2541" type="scavenge" contextid="0" timestamp="2022-02-08T18:54:19.763" intervalms="896.479" />
<gc-start id="2542" type="scavenge" contextid="2541" timestamp="2022-02-08T18:54:19.763">
  <mem-info id="2543" free="96376872" total="1073741824" percent="8">
    <mem type="nursery" free="0" total="268435456" percent="0">
      <mem type="allocate" free="0" total="183173120" percent="0" />
      <mem type="survivor" free="0" total="85262336" percent="0" />
    </mem>
    <mem type="tenure" free="96376872" total="805306368" percent="11">
      <mem type="soa" free="88323112" total="797252608" percent="11" />
      <mem type="loa" free="8053760" total="8053760" percent="100" />
    </mem>
    <remembered-set count="130" />
  </mem-info>
</gc-start>
<allocation-stats totalBytes="106820520" >
  <allocated-bytes non-tlh="184" tlh="106820336" />
  <largest-consumer threadName="main" threadId="0000000000016F00" bytes="106812328" />
</allocation-stats>
<gc-op id="2544" type="scavenge" timems="81.535" contextid="2541" timestamp="2022-02-08T18:54:19.845">
  <scavenger-info tenureage="1" tenuremask="7ffe" tiltratio="68" />
  <memory-copied type="nursery" objects="1382073" bytes="76119896" bytesdiscarded="194952" />
  <memory-copied type="tenure" objects="1449532" bytes="75685024" bytesdiscarded="35264" />
  <finalization candidates="57" enqueued="0" />
  <object-monitors candidates="2" cleared="0"  />
</gc-op>
<gc-end id="2545" type="scavenge" contextid="2541" durationms="81.902" usertimems="321.539" systemtimems="0.000" stalltimems="4.167" timestamp="2022-02-08T18:54:19.845" activeThreads="4">
  <mem-info id="2546" free="128306184" total="1073741824" percent="11">
    <mem type="nursery" free="107448096" total="268435456" percent="40">
      <mem type="allocate" free="107448096" total="183762944" percent="58" />
      <mem type="survivor" free="0" total="84672512" percent="0" />
    </mem>
    <mem type="tenure" free="20858088" total="805306368" percent="2" macro-fragmented="7740516">
      <mem type="soa" free="12804328" total="797252608" percent="1" />
      <mem type="loa" free="8053760" total="8053760" percent="100" />
    </mem>
    <remembered-set count="103" />
  </mem-info>
</gc-end>
<cycle-end id="2547" type="scavenge" contextid="2541" timestamp="2022-02-08T18:54:19.845" />
<allocation-satisfied id="2548" threadId="0000000000016F00" bytesRequested="184" />
<af-end id="2549" timestamp="2022-02-08T18:54:19.845" threadId="0000000000017908" success="true" from="nursery"/>
<exclusive-end id="2550" timestamp="2022-02-08T18:54:19.845" durationms="82.234" />

<concurrent-end id="2551" type="global mark" contextid="2536" timestamp="2022-02-08T18:54:19.976">
<gc-op id="2552" type="trace" timems="339.206" contextid="2536" timestamp="2022-02-08T18:54:19.976">
  <trace bytesTraced="74435620" workStackOverflowCount="0" />
  <card-cleaning reason="card cleaning threshold reached" bytesTraced="904" cardsCleaned="2" />
</gc-op>
</concurrent-end>

<exclusive-start id="2553" timestamp="2022-02-08T18:54:19.976" intervalms="212.722">
  <response-info timems="0.020" idlems="0.020" threads="0" lastid="0000000000016F00" lastname="main" />
</exclusive-start>
<concurrent-global-final id="2554" timestamp="2022-02-08T18:54:19.976" contextid="2536" intervalms="3770.296" >
  <concurrent-trace-info reason="card cleaning threshold reached" tracedByMutators="57881908" tracedByHelpers="16554616" cardsCleaned="2" workStackOverflowCount="0" />
</concurrent-global-final>
<gc-start id="2555" type="global" contextid="2536" timestamp="2022-02-08T18:54:19.976">
  <mem-info id="2556" free="120081232" total="1073741824" percent="11">
    <mem type="nursery" free="99223144" total="268435456" percent="36">
      <mem type="allocate" free="99223144" total="183762944" percent="53" />
      <mem type="survivor" free="0" total="84672512" percent="0" />
    </mem>
    <mem type="tenure" free="20858088" total="805306368" percent="2">
      <mem type="soa" free="12804328" total="797252608" percent="1" />
      <mem type="loa" free="8053760" total="8053760" percent="100" />
    </mem>
    <remembered-set count="103" />
  </mem-info>
</gc-start>
<allocation-stats totalBytes="8221016" >
  <allocated-bytes non-tlh="184" tlh="8220832" />
  <largest-consumer threadName="main" threadId="0000000000016F00" bytes="8221016" />
</allocation-stats>
<gc-op id="2557" type="rs-scan" timems="0.519" contextid="2536" timestamp="2022-02-08T18:54:19.977">
  <scan objectsFound="0" bytesTraced="3836" workStackOverflowCount="0" />
</gc-op>
<gc-op id="2558" type="card-cleaning" timems="146.239" contextid="2536" timestamp="2022-02-08T18:54:20.123">
  <card-cleaning cardsCleaned="10" bytesTraced="71014572" workStackOverflowCount="0" />
</gc-op>
<gc-op id="2559" type="mark" timems="66.208" contextid="2536" timestamp="2022-02-08T18:54:20.189">
  <trace-info objectcount="2386594" scancount="1791473" scanbytes="38285800" />
  <finalization candidates="428" enqueued="57" />
  <ownableSynchronizers candidates="1" cleared="0" />
  <references type="soft" candidates="894" cleared="0" enqueued="0" dynamicThreshold="12" maxThreshold="32" />
  <references type="weak" candidates="1701" cleared="0" enqueued="0" />
  <references type="phantom" candidates="52" cleared="2" enqueued="2" />
  <stringconstants candidates="6470" cleared="0"  />
  <object-monitors candidates="2" cleared="0"  />
</gc-op>
<gc-op id="2560" type="sweep" timems="5.089" contextid="2536" timestamp="2022-02-08T18:54:20.194" />
<gc-end id="2561" type="global" contextid="2536" durationms="218.448" usertimems="234.024" systemtimems="0.000" stalltimems="198.270" timestamp="2022-02-08T18:54:20.194" activeThreads="4">
  <mem-info id="2562" free="363243928" total="1073741824" percent="33">
    <mem type="nursery" free="99510472" total="268435456" percent="37">
      <mem type="allocate" free="99510472" total="183762944" percent="54" />
      <mem type="survivor" free="0" total="84672512" percent="0" />
    </mem>
    <mem type="tenure" free="263733456" total="805306368" percent="32" micro-fragmented="349985" macro-fragmented="0">
      <mem type="soa" free="255679696" total="797252608" percent="32" />
      <mem type="loa" free="8053760" total="8053760" percent="100" />
    </mem>
    <pending-finalizers system="57" default="0" reference="2" classloader="0" />
    <remembered-set count="103" />
  </mem-info>
</gc-end>
<cycle-end id="2563" type="global" contextid="2536" timestamp="2022-02-08T18:54:20.195" />
<exclusive-end id="2564" timestamp="2022-02-08T18:54:20.195" durationms="218.675" />

<exclusive-start id="2565" timestamp="2022-02-08T18:54:20.796" intervalms="820.111">
  <response-info timems="0.018" idlems="0.018" threads="0" lastid="0000000000016F00" lastname="main" />
</exclusive-start>
<af-start id="2566" threadId="0000000000017908" totalBytesRequested="184" timestamp="2022-02-08T18:54:20.796" intervalms="1032.834" type="nursery" />
<cycle-start id="2567" type="scavenge" contextid="0" timestamp="2022-02-08T18:54:20.796" intervalms="1032.834" />
<gc-start id="2568" type="scavenge" contextid="2567" timestamp="2022-02-08T18:54:20.796">
  <mem-info id="2569" free="263733456" total="1073741824" percent="24">
    <mem type="nursery" free="0" total="268435456" percent="0">
      <mem type="allocate" free="0" total="183762944" percent="0" />
      <mem type="survivor" free="0" total="84672512" percent="0" />
    </mem>
    <mem type="tenure" free="263733456" total="805306368" percent="32">
      <mem type="soa" free="255679696" total="797252608" percent="32" />
      <mem type="loa" free="8053760" total="8053760" percent="100" />
    </mem>
    <remembered-set count="106" />
  </mem-info>
</gc-start>
<allocation-stats totalBytes="99464896" >
  <allocated-bytes non-tlh="0" tlh="99464896" />
  <largest-consumer threadName="main" threadId="0000000000016F00" bytes="99460800" />
</allocation-stats>
<gc-op id="2570" type="scavenge" timems="80.513" contextid="2567" timestamp="2022-02-08T18:54:20.877">
  <scavenger-info tenureage="1" tenuremask="7ffe" tiltratio="68" />
  <memory-copied type="nursery" objects="1348647" bytes="76455448" bytesdiscarded="185928" />
  <memory-copied type="tenure" objects="1382072" bytes="76119792" bytesdiscarded="41216" />
  <ownableSynchronizers candidates="2" cleared="2" />
  <object-monitors candidates="2" cleared="0"  />
</gc-op>
<gc-end id="2571" type="scavenge" contextid="2567" durationms="80.894" usertimems="319.539" systemtimems="0.000" stalltimems="1.663" timestamp="2022-02-08T18:54:20.877" activeThreads="4">
  <mem-info id="2572" free="294843408" total="1073741824" percent="27">
    <mem type="nursery" free="107514784" total="268435456" percent="40">
      <mem type="allocate" free="107514784" total="184156160" percent="58" />
      <mem type="survivor" free="0" total="84279296" percent="0" />
    </mem>
    <mem type="tenure" free="187328624" total="805306368" percent="23" macro-fragmented="0">
      <mem type="soa" free="179274864" total="797252608" percent="22" />
      <mem type="loa" free="8053760" total="8053760" percent="100" />
    </mem>
    <remembered-set count="105" />
  </mem-info>
</gc-end>
<cycle-end id="2573" type="scavenge" contextid="2567" timestamp="2022-02-08T18:54:20.877" />
<allocation-satisfied id="2574" threadId="0000000000016F00" bytesRequested="184" />
<af-end id="2575" timestamp="2022-02-08T18:54:20.877" threadId="0000000000017908" success="true" from="nursery"/>
<exclusive-end id="2576" timestamp="2022-02-08T18:54:20.877" durationms="81.181" />

<exclusive-start id="2577" timestamp="2022-02-08T18:54:21.750" intervalms="953.854">
  <response-info timems="0.024" idlems="0.024" threads="0" lastid="0000000000016F00" lastname="main" />
</exclusive-start>
<af-start id="2578" threadId="0000000000017908" totalBytesRequested="16" timestamp="2022-02-08T18:54:21.750" intervalms="953.857" type="nursery" />
<cycle-start id="2579" type="scavenge" contextid="0" timestamp="2022-02-08T18:54:21.750" intervalms="953.861" />
<gc-start id="2580" type="scavenge" contextid="2579" timestamp="2022-02-08T18:54:21.750">
  <mem-info id="2581" free="187328624" total="1073741824" percent="17">
    <mem type="nursery" free="0" total="268435456" percent="0">
      <mem type="allocate" free="0" total="184156160" percent="0" />
      <mem type="survivor" free="0" total="84279296" percent="0" />
    </mem>
    <mem type="tenure" free="187328624" total="805306368" percent="23">
      <mem type="soa" free="179274864" total="797252608" percent="22" />
      <mem type="loa" free="8053760" total="8053760" percent="100" />
    </mem>
    <remembered-set count="136" />
  </mem-info>
</gc-start>
<allocation-stats totalBytes="107467104" >
  <allocated-bytes non-tlh="1661328" tlh="105805776" />
  <largest-consumer threadName="main" threadId="0000000000016F00" bytes="107467104" />
</allocation-stats>
<gc-op id="2582" type="scavenge" timems="89.255" contextid="2579" timestamp="2022-02-08T18:54:21.839">
  <scavenger-info tenureage="1" tenuremask="7ffe" tiltratio="68" />
  <memory-copied type="nursery" objects="1450002" bytes="75615184" bytesdiscarded="181416" />
  <memory-copied type="tenure" objects="1348646" bytes="76455344" bytesdiscarded="44296" />
  <finalization candidates="109" enqueued="53" />
  <references type="soft" candidates="14" cleared="0" enqueued="0" dynamicThreshold="10" maxThreshold="32" />
  <references type="weak" candidates="1" cleared="0" enqueued="0" />
  <references type="phantom" candidates="94" cleared="7" enqueued="7" />
  <object-monitors candidates="2" cleared="0"  />
</gc-op>
<gc-end id="2583" type="scavenge" contextid="2579" durationms="89.611" usertimems="352.121" systemtimems="0.679" stalltimems="3.512" timestamp="2022-02-08T18:54:21.840" activeThreads="4">
  <mem-info id="2584" free="219640448" total="1073741824" percent="20">
    <mem type="nursery" free="108687112" total="268435456" percent="40">
      <mem type="allocate" free="108687112" total="184483840" percent="58" />
      <mem type="survivor" free="0" total="83951616" percent="0" />
    </mem>
    <mem type="tenure" free="110953336" total="805306368" percent="13" macro-fragmented="868149">
      <mem type="soa" free="102899576" total="797252608" percent="12" />
      <mem type="loa" free="8053760" total="8053760" percent="100" />
    </mem>
    <pending-finalizers system="52" default="1" reference="7" classloader="0" />
    <remembered-set count="132" />
  </mem-info>
</gc-end>
<cycle-end id="2585" type="scavenge" contextid="2579" timestamp="2022-02-08T18:54:21.840" />
<allocation-satisfied id="2586" threadId="0000000000016F00" bytesRequested="16" />
<af-end id="2587" timestamp="2022-02-08T18:54:21.840" threadId="0000000000017908" success="true" from="nursery"/>
<exclusive-end id="2588" timestamp="2022-02-08T18:54:21.840" durationms="89.876" />

<concurrent-kickoff id="2589" timestamp="2022-02-08T18:54:22.550">
  <kickoff reason="threshold reached" targetBytes="74446934" thresholdFreeBytes="5750749"  remainingFree="5652120" tenureFreeBytes="110953336" nurseryFreeBytes="5652120" />
</concurrent-kickoff>
<exclusive-start id="2590" timestamp="2022-02-08T18:54:22.554" intervalms="803.815">
  <response-info timems="0.022" idlems="0.022" threads="0" lastid="0000000000016F00" lastname="main" />
</exclusive-start>
<cycle-start id="2591" type="global" contextid="0" timestamp="2022-02-08T18:54:22.554" intervalms="2917.070" />
<concurrent-start id="2592" type="global mark" contextid="2591" timestamp="2022-02-08T18:54:22.554">
</concurrent-start>
<exclusive-end id="2593" timestamp="2022-02-08T18:54:22.554" durationms="0.032" />

<exclusive-start id="2594" timestamp="2022-02-08T18:54:22.682" intervalms="128.016">
  <response-info timems="0.029" idlems="0.029" threads="0" lastid="0000000000016F00" lastname="main" />
</exclusive-start>
<af-start id="2595" threadId="0000000000017908" totalBytesRequested="104" timestamp="2022-02-08T18:54:22.682" intervalms="931.827" type="nursery" />
<cycle-start id="2596" type="scavenge" contextid="0" timestamp="2022-02-08T18:54:22.682" intervalms="931.823" />
<gc-start id="2597" type="scavenge" contextid="2596" timestamp="2022-02-08T18:54:22.682">
  <mem-info id="2598" free="110953336" total="1073741824" percent="10">
    <mem type="nursery" free="0" total="268435456" percent="0">
      <mem type="allocate" free="0" total="184483840" percent="0" />
      <mem type="survivor" free="0" total="83951616" percent="0" />
    </mem>
    <mem type="tenure" free="110953336" total="805306368" percent="13">
      <mem type="soa" free="102899576" total="797252608" percent="12" />
      <mem type="loa" free="8053760" total="8053760" percent="100" />
    </mem>
    <remembered-set count="133" />
  </mem-info>
</gc-start>
<allocation-stats totalBytes="108638240" >
  <allocated-bytes non-tlh="1347696" tlh="107290544" />
  <largest-consumer threadName="main" threadId="0000000000016F00" bytes="108630048" />
</allocation-stats>
<gc-op id="2599" type="scavenge" timems="86.637" contextid="2596" timestamp="2022-02-08T18:54:22.769">
  <scavenger-info tenureage="1" tenuremask="7ffe" tiltratio="68" />
  <memory-copied type="nursery" objects="1382182" bytes="77777600" bytesdiscarded="174512" />
  <memory-copied type="tenure" objects="1449283" bytes="74672016" bytesdiscarded="42440" />
  <finalization candidates="57" enqueued="0" />
  <references type="phantom" candidates="1" cleared="0" enqueued="0" />
  <object-monitors candidates="2" cleared="0"  />
</gc-op>
<gc-end id="2600" type="scavenge" contextid="2596" durationms="87.042" usertimems="341.607" systemtimems="0.318" stalltimems="3.882" timestamp="2022-02-08T18:54:22.769" activeThreads="4">
  <mem-info id="2601" free="140760456" total="1073741824" percent="13">
    <mem type="nursery" free="104565648" total="268435456" percent="38">
      <mem type="allocate" free="104565648" total="182517760" percent="57" />
      <mem type="survivor" free="0" total="85917696" percent="0" />
    </mem>
    <mem type="tenure" free="36194808" total="805306368" percent="4" macro-fragmented="0">
      <mem type="soa" free="28141048" total="797252608" percent="3" />
      <mem type="loa" free="8053760" total="8053760" percent="100" />
    </mem>
    <remembered-set count="101" />
  </mem-info>
</gc-end>
<cycle-end id="2602" type="scavenge" contextid="2596" timestamp="2022-02-08T18:54:22.769" />
<allocation-satisfied id="2603" threadId="0000000000016F00" bytesRequested="104" />
<af-end id="2604" timestamp="2022-02-08T18:54:22.769" threadId="0000000000017908" success="true" from="nursery"/>
<exclusive-end id="2605" timestamp="2022-02-08T18:54:22.769" durationms="87.400" />

<concurrent-end id="2606" type="global mark" contextid="2591" timestamp="2022-02-08T18:54:22.899">
<gc-op id="2607" type="trace" timems="345.240" contextid="2591" timestamp="2022-02-08T18:54:22.899">
  <trace bytesTraced="74435828" workStackOverflowCount="0" />
  <card-cleaning reason="card cleaning threshold reached" bytesTraced="904" cardsCleaned="2" />
</gc-op>
</concurrent-end>

<exclusive-start id="2608" timestamp="2022-02-08T18:54:22.899" intervalms="217.580">
  <response-info timems="0.018" idlems="0.018" threads="0" lastid="0000000000016F00" lastname="main" />
</exclusive-start>
<concurrent-global-final id="2609" timestamp="2022-02-08T18:54:22.899" contextid="2591" intervalms="2923.440" >
  <concurrent-trace-info reason="card cleaning threshold reached" tracedByMutators="58312300" tracedByHelpers="16124432" cardsCleaned="2" workStackOverflowCount="0" />
</concurrent-global-final>
<gc-start id="2610" type="global" contextid="2591" timestamp="2022-02-08T18:54:22.900">
  <mem-info id="2611" free="131749152" total="1073741824" percent="12">
    <mem type="nursery" free="95554344" total="268435456" percent="35">
      <mem type="allocate" free="95554344" total="182517760" percent="52" />
      <mem type="survivor" free="0" total="85917696" percent="0" />
    </mem>
    <mem type="tenure" free="36194808" total="805306368" percent="4">
      <mem type="soa" free="28141048" total="797252608" percent="3" />
      <mem type="loa" free="8053760" total="8053760" percent="100" />
    </mem>
    <remembered-set count="101" />
  </mem-info>
</gc-start>
<allocation-stats totalBytes="9006544" >
  <allocated-bytes non-tlh="104" tlh="9006440" />
  <largest-consumer threadName="main" threadId="0000000000016F00" bytes="9006544" />
</allocation-stats>
<gc-op id="2612" type="rs-scan" timems="0.605" contextid="2591" timestamp="2022-02-08T18:54:22.900">
  <scan objectsFound="29" bytesTraced="5268" workStackOverflowCount="0" />
</gc-op>
<gc-op id="2613" type="card-cleaning" timems="146.322" contextid="2591" timestamp="2022-02-08T18:54:23.047">
  <card-cleaning cardsCleaned="9" bytesTraced="71013140" workStackOverflowCount="0" />
</gc-op>
<gc-op id="2614" type="mark" timems="58.003" contextid="2591" timestamp="2022-02-08T18:54:23.105">
  <trace-info objectcount="2146539" scancount="1611432" scanbytes="34444904" />
  <finalization candidates="428" enqueued="57" />
  <ownableSynchronizers candidates="1" cleared="0" />
  <references type="soft" candidates="894" cleared="0" enqueued="0" dynamicThreshold="10" maxThreshold="32" />
  <references type="weak" candidates="1701" cleared="0" enqueued="0" />
  <references type="phantom" candidates="52" cleared="2" enqueued="2" />
  <stringconstants candidates="6470" cleared="0"  />
  <object-monitors candidates="2" cleared="0"  />
</gc-op>
<gc-op id="2615" type="sweep" timems="5.051" contextid="2591" timestamp="2022-02-08T18:54:23.110" />
<gc-end id="2616" type="global" contextid="2591" durationms="210.433" usertimems="225.091" systemtimems="0.000" stalltimems="173.962" timestamp="2022-02-08T18:54:23.110" activeThreads="4">
  <mem-info id="2617" free="374919352" total="1073741824" percent="34">
    <mem type="nursery" free="95823432" total="268435456" percent="35">
      <mem type="allocate" free="95823432" total="182517760" percent="52" />
      <mem type="survivor" free="0" total="85917696" percent="0" />
    </mem>
    <mem type="tenure" free="279095920" total="805306368" percent="34" micro-fragmented="387698" macro-fragmented="723458">
      <mem type="soa" free="271042160" total="797252608" percent="33" />
      <mem type="loa" free="8053760" total="8053760" percent="100" />
    </mem>
    <pending-finalizers system="57" default="0" reference="2" classloader="0" />
    <remembered-set count="101" />
  </mem-info>
</gc-end>
<cycle-end id="2618" type="global" contextid="2591" timestamp="2022-02-08T18:54:23.110" />
<exclusive-end id="2619" timestamp="2022-02-08T18:54:23.110" durationms="210.744" />

<exclusive-start id="2620" timestamp="2022-02-08T18:54:23.701" intervalms="801.585">
  <response-info timems="0.034" idlems="0.034" threads="0" lastid="0000000000016F00" lastname="main" />
</exclusive-start>
<af-start id="2621" threadId="0000000000017908" totalBytesRequested="24" timestamp="2022-02-08T18:54:23.701" intervalms="1019.168" type="nursery" />
<cycle-start id="2622" type="scavenge" contextid="0" timestamp="2022-02-08T18:54:23.701" intervalms="1019.193" />
<gc-start id="2623" type="scavenge" contextid="2622" timestamp="2022-02-08T18:54:23.701">
  <mem-info id="2624" free="279095920" total="1073741824" percent="25">
    <mem type="nursery" free="0" total="268435456" percent="0">
      <mem type="allocate" free="0" total="182517760" percent="0" />
      <mem type="survivor" free="0" total="85917696" percent="0" />
    </mem>
    <mem type="tenure" free="279095920" total="805306368" percent="34">
      <mem type="soa" free="271042160" total="797252608" percent="33" />
      <mem type="loa" free="8053760" total="8053760" percent="100" />
    </mem>
    <remembered-set count="104" />
  </mem-info>
</gc-start>
<allocation-stats totalBytes="95778424" >
  <allocated-bytes non-tlh="0" tlh="95778424" />
  <largest-consumer threadName="main" threadId="0000000000016F00" bytes="95769176" />
</allocation-stats>
<gc-op id="2625" type="scavenge" timems="93.555" contextid="2622" timestamp="2022-02-08T18:54:23.795">
  <scavenger-info tenureage="1" tenuremask="7ffe" tiltratio="67" />
  <memory-copied type="nursery" objects="1313835" bytes="74405776" bytesdiscarded="117152" />
  <memory-copied type="tenure" objects="1382182" bytes="77777600" bytesdiscarded="47944" />
  <finalization candidates="1" enqueued="0" />
  <ownableSynchronizers candidates="2" cleared="2" />
  <object-monitors candidates="2" cleared="0"  />
</gc-op>
<gc-end id="2626" type="scavenge" contextid="2622" durationms="94.023" usertimems="361.715" systemtimems="4.945" stalltimems="6.432" timestamp="2022-02-08T18:54:23.795" activeThreads="4">
  <mem-info id="2627" free="309219168" total="1073741824" percent="28">
    <mem type="nursery" free="108388048" total="268435456" percent="40">
      <mem type="allocate" free="108388048" total="182910976" percent="59" />
      <mem type="survivor" free="0" total="85524480" percent="0" />
    </mem>
    <mem type="tenure" free="200831120" total="805306368" percent="24" macro-fragmented="0">
      <mem type="soa" free="192777360" total="797252608" percent="24" />
      <mem type="loa" free="8053760" total="8053760" percent="100" />
    </mem>
    <remembered-set count="105" />
  </mem-info>
</gc-end>
<cycle-end id="2628" type="scavenge" contextid="2622" timestamp="2022-02-08T18:54:23.795" />
<allocation-satisfied id="2629" threadId="0000000000016F00" bytesRequested="24" />
<af-end id="2630" timestamp="2022-02-08T18:54:23.795" threadId="0000000000017908" success="true" from="nursery"/>
<exclusive-end id="2631" timestamp="2022-02-08T18:54:23.795" durationms="94.377" />

<exclusive-start id="2632" timestamp="2022-02-08T18:54:24.675" intervalms="973.931">
  <response-info timems="0.022" idlems="0.022" threads="0" lastid="0000000000016F00" lastname="main" />
</exclusive-start>
<af-start id="2633" threadId="0000000000017908" totalBytesRequested="24" timestamp="2022-02-08T18:54:24.675" intervalms="973.944" type="nursery" />
<cycle-start id="2634" type="scavenge" contextid="0" timestamp="2022-02-08T18:54:24.675" intervalms="973.920" />
<gc-start id="2635" type="scavenge" contextid="2634" timestamp="2022-02-08T18:54:24.675">
  <mem-info id="2636" free="200831120" total="1073741824" percent="18">
    <mem type="nursery" free="0" total="268435456" percent="0">
      <mem type="allocate" free="0" total="182910976" percent="0" />
      <mem type="survivor" free="0" total="85524480" percent="0" />
    </mem>
    <mem type="tenure" free="200831120" total="805306368" percent="24">
      <mem type="soa" free="192777360" total="797252608" percent="24" />
      <mem type="loa" free="8053760" total="8053760" percent="100" />
    </mem>
    <remembered-set count="136" />
  </mem-info>
</gc-start>
<allocation-stats totalBytes="108339072" >
  <allocated-bytes non-tlh="1493568" tlh="106845504" />
  <largest-consumer threadName="main" threadId="0000000000016F00" bytes="108339072" />
</allocation-stats>
<gc-op id="2637" type="scavenge" timems="76.465" contextid="2634" timestamp="2022-02-08T18:54:24.751">
  <scavenger-info tenureage="1" tenuremask="7ffe" tiltratio="68" />
  <memory-copied type="nursery" objects="1489200" bytes="76294064" bytesdiscarded="48152" />
  <memory-copied type="tenure" objects="1313835" bytes="74405776" bytesdiscarded="36720" />
  <finalization candidates="109" enqueued="53" />
  <references type="soft" candidates="14" cleared="0" enqueued="0" dynamicThreshold="11" maxThreshold="32" />
  <references type="weak" candidates="1" cleared="0" enqueued="0" />
  <references type="phantom" candidates="94" cleared="7" enqueued="7" />
  <object-monitors candidates="2" cleared="0"  />
</gc-op>
<gc-end id="2638" type="scavenge" contextid="2634" durationms="77.025" usertimems="303.395" systemtimems="0.000" stalltimems="2.061" timestamp="2022-02-08T18:54:24.752" activeThreads="4">
  <mem-info id="2639" free="233456944" total="1073741824" percent="21">
    <mem type="nursery" free="106765240" total="268435456" percent="39">
      <mem type="allocate" free="106765240" total="183107584" percent="58" />
      <mem type="survivor" free="0" total="85327872" percent="0" />
    </mem>
    <mem type="tenure" free="126691704" total="805306368" percent="15" macro-fragmented="0">
      <mem type="soa" free="118637944" total="797252608" percent="14" />
      <mem type="loa" free="8053760" total="8053760" percent="100" />
    </mem>
    <pending-finalizers system="52" default="1" reference="7" classloader="0" />
    <remembered-set count="131" />
  </mem-info>
</gc-end>
<cycle-end id="2640" type="scavenge" contextid="2634" timestamp="2022-02-08T18:54:24.752" />
<allocation-satisfied id="2641" threadId="0000000000016F00" bytesRequested="24" />
<af-end id="2642" timestamp="2022-02-08T18:54:24.752" threadId="0000000000017908" success="true" from="nursery"/>
<exclusive-end id="2643" timestamp="2022-02-08T18:54:24.752" durationms="77.342" />

<concurrent-kickoff id="2644" timestamp="2022-02-08T18:54:25.425">
  <kickoff reason="threshold reached" targetBytes="74444889" thresholdFreeBytes="5749763"  remainingFree="5643192" tenureFreeBytes="126691704" nurseryFreeBytes="5643192" />
</concurrent-kickoff>
<exclusive-start id="2645" timestamp="2022-02-08T18:54:25.428" intervalms="753.216">
  <response-info timems="0.019" idlems="0.019" threads="0" lastid="0000000000016F00" lastname="main" />
</exclusive-start>
<cycle-start id="2646" type="global" contextid="0" timestamp="2022-02-08T18:54:25.428" intervalms="2874.324" />
<concurrent-start id="2647" type="global mark" contextid="2646" timestamp="2022-02-08T18:54:25.428">
</concurrent-start>
<exclusive-end id="2648" timestamp="2022-02-08T18:54:25.428" durationms="0.037" />

<exclusive-start id="2649" timestamp="2022-02-08T18:54:25.553" intervalms="125.108">
  <response-info timems="0.020" idlems="0.020" threads="0" lastid="0000000000016F00" lastname="main" />
</exclusive-start>
<af-start id="2650" threadId="0000000000017908" totalBytesRequested="200" timestamp="2022-02-08T18:54:25.553" intervalms="878.308" type="nursery" />
<cycle-start id="2651" type="scavenge" contextid="0" timestamp="2022-02-08T18:54:25.553" intervalms="878.308" />
<gc-start id="2652" type="scavenge" contextid="2651" timestamp="2022-02-08T18:54:25.553">
  <mem-info id="2653" free="126691704" total="1073741824" percent="11">
    <mem type="nursery" free="0" total="268435456" percent="0">
      <mem type="allocate" free="0" total="183107584" percent="0" />
      <mem type="survivor" free="0" total="85327872" percent="0" />
    </mem>
    <mem type="tenure" free="126691704" total="805306368" percent="15">
      <mem type="soa" free="118637944" total="797252608" percent="14" />
      <mem type="loa" free="8053760" total="8053760" percent="100" />
    </mem>
    <remembered-set count="132" />
  </mem-info>
</gc-start>
<allocation-stats totalBytes="106714408" >
  <allocated-bytes non-tlh="1347704" tlh="105366704" />
  <largest-consumer threadName="main" threadId="0000000000016F00" bytes="106706216" />
</allocation-stats>
<gc-op id="2654" type="scavenge" timems="79.746" contextid="2651" timestamp="2022-02-08T18:54:25.633">
  <scavenger-info tenureage="1" tenuremask="7ffe" tiltratio="68" />
  <memory-copied type="nursery" objects="1335932" bytes="76370184" bytesdiscarded="179784" />
  <memory-copied type="tenure" objects="1488481" bytes="75350896" bytesdiscarded="37960" />
  <finalization candidates="57" enqueued="0" />
  <references type="phantom" candidates="1" cleared="0" enqueued="0" />
  <object-monitors candidates="2" cleared="0"  />
</gc-op>
<gc-end id="2655" type="scavenge" contextid="2651" durationms="80.241" usertimems="314.869" systemtimems="0.553" stalltimems="3.180" timestamp="2022-02-08T18:54:25.634" activeThreads="4">
  <mem-info id="2656" free="158319496" total="1073741824" percent="14">
    <mem type="nursery" free="107147440" total="268435456" percent="39">
      <mem type="allocate" free="107147440" total="183697408" percent="58" />
      <mem type="survivor" free="0" total="84738048" percent="0" />
    </mem>
    <mem type="tenure" free="51172056" total="805306368" percent="6" macro-fragmented="23113062">
      <mem type="soa" free="43118296" total="797252608" percent="5" />
      <mem type="loa" free="8053760" total="8053760" percent="100" />
    </mem>
    <remembered-set count="101" />
  </mem-info>
</gc-end>
<cycle-end id="2657" type="scavenge" contextid="2651" timestamp="2022-02-08T18:54:25.634" />
<allocation-satisfied id="2658" threadId="0000000000016F00" bytesRequested="200" />
<af-end id="2659" timestamp="2022-02-08T18:54:25.634" threadId="0000000000017908" success="true" from="nursery"/>
<exclusive-end id="2660" timestamp="2022-02-08T18:54:25.634" durationms="80.563" />

<concurrent-end id="2661" type="global mark" contextid="2646" timestamp="2022-02-08T18:54:25.747">
<gc-op id="2662" type="trace" timems="318.527" contextid="2646" timestamp="2022-02-08T18:54:25.747">
  <trace bytesTraced="74436100" workStackOverflowCount="0" />
  <card-cleaning reason="card cleaning threshold reached" bytesTraced="904" cardsCleaned="2" />
</gc-op>
</concurrent-end>

<exclusive-start id="2663" timestamp="2022-02-08T18:54:25.747" intervalms="193.495">
  <response-info timems="0.018" idlems="0.018" threads="0" lastid="0000000000016F00" lastname="main" />
</exclusive-start>
<concurrent-global-final id="2664" timestamp="2022-02-08T18:54:25.747" contextid="2646" intervalms="2847.271" >
  <concurrent-trace-info reason="card cleaning threshold reached" tracedByMutators="57809404" tracedByHelpers="16627600" cardsCleaned="2" workStackOverflowCount="0" />
</concurrent-global-final>
<gc-start id="2665" type="global" contextid="2646" timestamp="2022-02-08T18:54:25.747">
  <mem-info id="2666" free="150880960" total="1073741824" percent="14">
    <mem type="nursery" free="99708904" total="268435456" percent="37">
      <mem type="allocate" free="99708904" total="183697408" percent="54" />
      <mem type="survivor" free="0" total="84738048" percent="0" />
    </mem>
    <mem type="tenure" free="51172056" total="805306368" percent="6">
      <mem type="soa" free="43118296" total="797252608" percent="5" />
      <mem type="loa" free="8053760" total="8053760" percent="100" />
    </mem>
    <remembered-set count="101" />
  </mem-info>
</gc-start>
<allocation-stats totalBytes="7434536" >
  <allocated-bytes non-tlh="200" tlh="7434336" />
  <largest-consumer threadName="main" threadId="0000000000016F00" bytes="7434536" />
</allocation-stats>
<gc-op id="2667" type="rs-scan" timems="0.552" contextid="2646" timestamp="2022-02-08T18:54:25.747">
  <scan objectsFound="29" bytesTraced="5268" workStackOverflowCount="0" />
</gc-op>
<gc-op id="2668" type="card-cleaning" timems="150.036" contextid="2646" timestamp="2022-02-08T18:54:25.897">
  <card-cleaning cardsCleaned="9" bytesTraced="71013076" workStackOverflowCount="0" />
</gc-op>
<gc-op id="2669" type="mark" timems="48.931" contextid="2646" timestamp="2022-02-08T18:54:25.946">
  <trace-info objectcount="1832423" scancount="1375845" scanbytes="29419048" />
  <finalization candidates="428" enqueued="57" />
  <ownableSynchronizers candidates="1" cleared="0" />
  <references type="soft" candidates="894" cleared="0" enqueued="0" dynamicThreshold="11" maxThreshold="32" />
  <references type="weak" candidates="1701" cleared="0" enqueued="0" />
  <references type="phantom" candidates="52" cleared="2" enqueued="2" />
  <stringconstants candidates="6470" cleared="0"  />
  <object-monitors candidates="2" cleared="0"  />
</gc-op>
<gc-op id="2670" type="sweep" timems="4.788" contextid="2646" timestamp="2022-02-08T18:54:25.951" />
<gc-end id="2671" type="global" contextid="2646" durationms="204.747" usertimems="219.819" systemtimems="0.236" stalltimems="146.366" timestamp="2022-02-08T18:54:25.951" activeThreads="4">
  <mem-info id="2672" free="394157744" total="1073741824" percent="36">
    <mem type="nursery" free="99981368" total="268435456" percent="37">
      <mem type="allocate" free="99981368" total="183697408" percent="54" />
      <mem type="survivor" free="0" total="84738048" percent="0" />
    </mem>
    <mem type="tenure" free="294176376" total="805306368" percent="36" micro-fragmented="285185" macro-fragmented="0">
      <mem type="soa" free="286122616" total="797252608" percent="35" />
      <mem type="loa" free="8053760" total="8053760" percent="100" />
    </mem>
    <pending-finalizers system="57" default="0" reference="2" classloader="0" />
    <remembered-set count="101" />
  </mem-info>
</gc-end>
<cycle-end id="2673" type="global" contextid="2646" timestamp="2022-02-08T18:54:25.952" />
<exclusive-end id="2674" timestamp="2022-02-08T18:54:25.952" durationms="204.985" />

<exclusive-start id="2675" timestamp="2022-02-08T18:54:26.607" intervalms="860.691">
  <response-info timems="0.018" idlems="0.018" threads="0" lastid="0000000000016F00" lastname="main" />
</exclusive-start>
<af-start id="2676" threadId="0000000000017908" totalBytesRequested="184" timestamp="2022-02-08T18:54:26.607" intervalms="1054.187" type="nursery" />
<cycle-start id="2677" type="scavenge" contextid="0" timestamp="2022-02-08T18:54:26.607" intervalms="1054.186" />
<gc-start id="2678" type="scavenge" contextid="2677" timestamp="2022-02-08T18:54:26.607">
  <mem-info id="2679" free="294176376" total="1073741824" percent="27">
    <mem type="nursery" free="0" total="268435456" percent="0">
      <mem type="allocate" free="0" total="183697408" percent="0" />
      <mem type="survivor" free="0" total="84738048" percent="0" />
    </mem>
    <mem type="tenure" free="294176376" total="805306368" percent="36">
      <mem type="soa" free="286122616" total="797252608" percent="35" />
      <mem type="loa" free="8053760" total="8053760" percent="100" />
    </mem>
    <remembered-set count="104" />
  </mem-info>
</gc-start>
<allocation-stats totalBytes="99936944" >
  <allocated-bytes non-tlh="0" tlh="99936944" />
  <largest-consumer threadName="main" threadId="0000000000016F00" bytes="99932416" />
</allocation-stats>
<gc-op id="2680" type="scavenge" timems="94.993" contextid="2677" timestamp="2022-02-08T18:54:26.703">
  <scavenger-info tenureage="1" tenuremask="7ffe" tiltratio="68" />
  <memory-copied type="nursery" objects="1356671" bytes="76277704" bytesdiscarded="280840" />
  <memory-copied type="tenure" objects="1335931" bytes="76370072" bytesdiscarded="43112" />
  <finalization candidates="1" enqueued="0" />
  <ownableSynchronizers candidates="2" cleared="2" />
  <object-monitors candidates="2" cleared="0"  />
</gc-op>
<gc-end id="2681" type="scavenge" contextid="2677" durationms="95.365" usertimems="331.433" systemtimems="0.008" stalltimems="47.748" timestamp="2022-02-08T18:54:26.703" activeThreads="4">
  <mem-info id="2682" free="325205008" total="1073741824" percent="30">
    <mem type="nursery" free="107532080" total="268435456" percent="40">
      <mem type="allocate" free="107532080" total="184090624" percent="58" />
      <mem type="survivor" free="0" total="84344832" percent="0" />
    </mem>
    <mem type="tenure" free="217672928" total="805306368" percent="27" macro-fragmented="168253">
      <mem type="soa" free="209619168" total="797252608" percent="26" />
      <mem type="loa" free="8053760" total="8053760" percent="100" />
    </mem>
    <remembered-set count="105" />
  </mem-info>
</gc-end>
<cycle-end id="2683" type="scavenge" contextid="2677" timestamp="2022-02-08T18:54:26.703" />
<allocation-satisfied id="2684" threadId="0000000000016F00" bytesRequested="184" />
<af-end id="2685" timestamp="2022-02-08T18:54:26.703" threadId="0000000000017908" success="true" from="nursery"/>
<exclusive-end id="2686" timestamp="2022-02-08T18:54:26.703" durationms="95.613" />

<exclusive-start id="2687" timestamp="2022-02-08T18:54:27.599" intervalms="992.018">
  <response-info timems="0.018" idlems="0.018" threads="0" lastid="0000000000016F00" lastname="main" />
</exclusive-start>
<af-start id="2688" threadId="0000000000017908" totalBytesRequested="169712" timestamp="2022-02-08T18:54:27.599" intervalms="992.024" type="nursery" />
<cycle-start id="2689" type="scavenge" contextid="0" timestamp="2022-02-08T18:54:27.599" intervalms="992.028" />
<gc-start id="2690" type="scavenge" contextid="2689" timestamp="2022-02-08T18:54:27.600">
  <mem-info id="2691" free="217765712" total="1073741824" percent="20">
    <mem type="nursery" free="92784" total="268435456" percent="0">
      <mem type="allocate" free="92784" total="184090624" percent="0" />
      <mem type="survivor" free="0" total="84344832" percent="0" />
    </mem>
    <mem type="tenure" free="217672928" total="805306368" percent="27">
      <mem type="soa" free="209619168" total="797252608" percent="26" />
      <mem type="loa" free="8053760" total="8053760" percent="100" />
    </mem>
    <remembered-set count="136" />
  </mem-info>
</gc-start>
<allocation-stats totalBytes="107394312" >
  <allocated-bytes non-tlh="945912" tlh="106448400" />
  <largest-consumer threadName="main" threadId="0000000000016F00" bytes="107394312" />
</allocation-stats>
<gc-op id="2692" type="scavenge" timems="89.819" contextid="2689" timestamp="2022-02-08T18:54:27.689">
  <scavenger-info tenureage="1" tenuremask="7ffe" tiltratio="68" />
  <memory-copied type="nursery" objects="1481309" bytes="75513592" bytesdiscarded="157176" />
  <memory-copied type="tenure" objects="1356670" bytes="76277600" bytesdiscarded="41592" />
  <finalization candidates="108" enqueued="53" />
  <references type="soft" candidates="14" cleared="0" enqueued="0" dynamicThreshold="11" maxThreshold="32" />
  <references type="weak" candidates="1" cleared="0" enqueued="0" />
  <references type="phantom" candidates="93" cleared="7" enqueued="7" />
  <object-monitors candidates="2" cleared="0"  />
</gc-op>
<gc-end id="2693" type="scavenge" contextid="2689" durationms="90.186" usertimems="345.517" systemtimems="0.000" stalltimems="4.853" timestamp="2022-02-08T18:54:27.690" activeThreads="4">
  <mem-info id="2694" free="249944976" total="1073741824" percent="23">
    <mem type="nursery" free="108812944" total="268435456" percent="40">
      <mem type="allocate" free="108812944" total="184483840" percent="58" />
      <mem type="survivor" free="0" total="83951616" percent="0" />
    </mem>
    <mem type="tenure" free="141132032" total="805306368" percent="17" macro-fragmented="57512708">
      <mem type="soa" free="133078272" total="797252608" percent="16" />
      <mem type="loa" free="8053760" total="8053760" percent="100" />
    </mem>
    <pending-finalizers system="52" default="1" reference="7" classloader="0" />
    <remembered-set count="132" />
  </mem-info>
</gc-end>
<cycle-end id="2695" type="scavenge" contextid="2689" timestamp="2022-02-08T18:54:27.690" />
<allocation-satisfied id="2696" threadId="0000000000016F00" bytesRequested="169712" />
<af-end id="2697" timestamp="2022-02-08T18:54:27.690" threadId="0000000000017908" success="true" from="nursery"/>
<exclusive-end id="2698" timestamp="2022-02-08T18:54:27.690" durationms="90.460" />

<concurrent-kickoff id="2699" timestamp="2022-02-08T18:54:28.399">
  <kickoff reason="threshold reached" targetBytes="74443310" thresholdFreeBytes="5749286"  remainingFree="5657416" tenureFreeBytes="141132032" nurseryFreeBytes="5657416" />
</concurrent-kickoff>
<exclusive-start id="2700" timestamp="2022-02-08T18:54:28.408" intervalms="808.256">
  <response-info timems="0.022" idlems="0.022" threads="0" lastid="0000000000016F00" lastname="main" />
</exclusive-start>
<cycle-start id="2701" type="global" contextid="0" timestamp="2022-02-08T18:54:28.408" intervalms="2979.574" />
<concurrent-start id="2702" type="global mark" contextid="2701" timestamp="2022-02-08T18:54:28.408">
</concurrent-start>
<exclusive-end id="2703" timestamp="2022-02-08T18:54:28.408" durationms="0.035" />

<exclusive-start id="2704" timestamp="2022-02-08T18:54:28.483" intervalms="75.160">
  <response-info timems="0.031" idlems="0.031" threads="0" lastid="0000000000016F00" lastname="main" />
</exclusive-start>
<af-start id="2705" threadId="0000000000017908" totalBytesRequested="120" timestamp="2022-02-08T18:54:28.483" intervalms="883.409" type="nursery" />
<cycle-start id="2706" type="scavenge" contextid="0" timestamp="2022-02-08T18:54:28.483" intervalms="883.406" />
<gc-start id="2707" type="scavenge" contextid="2706" timestamp="2022-02-08T18:54:28.483">
  <mem-info id="2708" free="141132032" total="1073741824" percent="13">
    <mem type="nursery" free="0" total="268435456" percent="0">
      <mem type="allocate" free="0" total="184483840" percent="0" />
      <mem type="survivor" free="0" total="83951616" percent="0" />
    </mem>
    <mem type="tenure" free="141132032" total="805306368" percent="17">
      <mem type="soa" free="133078272" total="797252608" percent="16" />
      <mem type="loa" free="8053760" total="8053760" percent="100" />
    </mem>
    <remembered-set count="133" />
  </mem-info>
</gc-start>
<allocation-stats totalBytes="108758864" >
  <allocated-bytes non-tlh="1992520" tlh="106766344" />
  <largest-consumer threadName="main" threadId="0000000000016F00" bytes="108750672" />
</allocation-stats>
<gc-op id="2709" type="scavenge" timems="78.701" contextid="2706" timestamp="2022-02-08T18:54:28.562">
  <scavenger-info tenureage="1" tenuremask="7ffe" tiltratio="68" />
  <memory-copied type="nursery" objects="1356638" bytes="77393360" bytesdiscarded="345536" />
  <memory-copied type="tenure" objects="1480592" bytes="75045584" bytesdiscarded="37832" />
  <finalization candidates="57" enqueued="0" />
  <references type="phantom" candidates="2" cleared="0" enqueued="0" />
  <object-monitors candidates="2" cleared="0"  />
</gc-op>
<gc-end id="2710" type="scavenge" contextid="2706" durationms="79.152" usertimems="311.279" systemtimems="0.015" stalltimems="2.962" timestamp="2022-02-08T18:54:28.562" activeThreads="4">
  <mem-info id="2711" free="171643040" total="1073741824" percent="15">
    <mem type="nursery" free="105368688" total="268435456" percent="39">
      <mem type="allocate" free="105368688" total="183107584" percent="57" />
      <mem type="survivor" free="0" total="85327872" percent="0" />
    </mem>
    <mem type="tenure" free="66274352" total="805306368" percent="8" macro-fragmented="23113062">
      <mem type="soa" free="58220592" total="797252608" percent="7" />
      <mem type="loa" free="8053760" total="8053760" percent="100" />
    </mem>
    <remembered-set count="101" />
  </mem-info>
</gc-end>
<cycle-end id="2712" type="scavenge" contextid="2706" timestamp="2022-02-08T18:54:28.562" />
<allocation-satisfied id="2713" threadId="0000000000016F00" bytesRequested="120" />
<af-end id="2714" timestamp="2022-02-08T18:54:28.562" threadId="0000000000017908" success="true" from="nursery"/>
<exclusive-end id="2715" timestamp="2022-02-08T18:54:28.562" durationms="79.508" />

<concurrent-end id="2716" type="global mark" contextid="2701" timestamp="2022-02-08T18:54:28.793">
<gc-op id="2717" type="trace" timems="385.173" contextid="2701" timestamp="2022-02-08T18:54:28.793">
  <trace bytesTraced="74436308" workStackOverflowCount="0" />
  <card-cleaning reason="card cleaning threshold reached" bytesTraced="904" cardsCleaned="2" />
</gc-op>
</concurrent-end>

<exclusive-start id="2718" timestamp="2022-02-08T18:54:28.793" intervalms="310.089">
  <response-info timems="0.018" idlems="0.018" threads="0" lastid="0000000000016F00" lastname="main" />
</exclusive-start>
<concurrent-global-final id="2719" timestamp="2022-02-08T18:54:28.793" contextid="2701" intervalms="3046.214" >
  <concurrent-trace-info reason="card cleaning threshold reached" tracedByMutators="52372952" tracedByHelpers="22064260" cardsCleaned="2" workStackOverflowCount="0" />
</concurrent-global-final>
<gc-start id="2720" type="global" contextid="2701" timestamp="2022-02-08T18:54:28.793">
  <mem-info id="2721" free="156733480" total="1073741824" percent="14">
    <mem type="nursery" free="90459128" total="268435456" percent="33">
      <mem type="allocate" free="90459128" total="183107584" percent="49" />
      <mem type="survivor" free="0" total="85327872" percent="0" />
    </mem>
    <mem type="tenure" free="66274352" total="805306368" percent="8">
      <mem type="soa" free="58220592" total="797252608" percent="7" />
      <mem type="loa" free="8053760" total="8053760" percent="100" />
    </mem>
    <remembered-set count="101" />
  </mem-info>
</gc-start>
<allocation-stats totalBytes="14902680" >
  <allocated-bytes non-tlh="120" tlh="14902560" />
  <largest-consumer threadName="main" threadId="0000000000016F00" bytes="14902680" />
</allocation-stats>
<gc-op id="2722" type="rs-scan" timems="0.626" contextid="2701" timestamp="2022-02-08T18:54:28.794">
  <scan objectsFound="29" bytesTraced="5268" workStackOverflowCount="0" />
</gc-op>
<gc-op id="2723" type="card-cleaning" timems="152.339" contextid="2701" timestamp="2022-02-08T18:54:28.946">
  <card-cleaning cardsCleaned="9" bytesTraced="71013076" workStackOverflowCount="0" />
</gc-op>
<gc-op id="2724" type="mark" timems="44.641" contextid="2701" timestamp="2022-02-08T18:54:28.991">
  <trace-info objectcount="1684130" scancount="1264625" scanbytes="27046376" />
  <finalization candidates="428" enqueued="57" />
  <ownableSynchronizers candidates="1" cleared="0" />
  <references type="soft" candidates="894" cleared="0" enqueued="0" dynamicThreshold="11" maxThreshold="32" />
  <references type="weak" candidates="1701" cleared="0" enqueued="0" />
  <references type="phantom" candidates="52" cleared="2" enqueued="2" />
  <stringconstants candidates="6470" cleared="0"  />
  <object-monitors candidates="2" cleared="0"  />
</gc-op>
<gc-op id="2725" type="sweep" timems="4.775" contextid="2701" timestamp="2022-02-08T18:54:28.996" />
<gc-end id="2726" type="global" contextid="2701" durationms="202.760" usertimems="216.959" systemtimems="0.410" stalltimems="133.447" timestamp="2022-02-08T18:54:28.996" activeThreads="4">
  <mem-info id="2727" free="399994784" total="1073741824" percent="37">
    <mem type="nursery" free="90895920" total="268435456" percent="33">
      <mem type="allocate" free="90895920" total="183107584" percent="49" />
      <mem type="survivor" free="0" total="85327872" percent="0" />
    </mem>
    <mem type="tenure" free="309098864" total="805306368" percent="38" micro-fragmented="361437" macro-fragmented="0">
      <mem type="soa" free="301045104" total="797252608" percent="37" />
      <mem type="loa" free="8053760" total="8053760" percent="100" />
    </mem>
    <pending-finalizers system="57" default="0" reference="2" classloader="0" />
    <remembered-set count="101" />
  </mem-info>
</gc-end>
<cycle-end id="2728" type="global" contextid="2701" timestamp="2022-02-08T18:54:28.996" />
<exclusive-end id="2729" timestamp="2022-02-08T18:54:28.996" durationms="202.993" />

<exclusive-start id="2730" timestamp="2022-02-08T18:54:29.583" intervalms="790.198">
  <response-info timems="0.019" idlems="0.019" threads="0" lastid="0000000000016F00" lastname="main" />
</exclusive-start>
<af-start id="2731" threadId="0000000000017908" totalBytesRequested="24" timestamp="2022-02-08T18:54:29.583" intervalms="1100.290" type="nursery" />
<cycle-start id="2732" type="scavenge" contextid="0" timestamp="2022-02-08T18:54:29.583" intervalms="1100.291" />
<gc-start id="2733" type="scavenge" contextid="2732" timestamp="2022-02-08T18:54:29.583">
  <mem-info id="2734" free="309098864" total="1073741824" percent="28">
    <mem type="nursery" free="0" total="268435456" percent="0">
      <mem type="allocate" free="0" total="183107584" percent="0" />
      <mem type="survivor" free="0" total="85327872" percent="0" />
    </mem>
    <mem type="tenure" free="309098864" total="805306368" percent="38">
      <mem type="soa" free="301045104" total="797252608" percent="37" />
      <mem type="loa" free="8053760" total="8053760" percent="100" />
    </mem>
    <remembered-set count="104" />
  </mem-info>
</gc-start>
<allocation-stats totalBytes="90854272" >
  <allocated-bytes non-tlh="0" tlh="90854272" />
  <largest-consumer threadName="main" threadId="0000000000016F00" bytes="90850176" />
</allocation-stats>
<gc-op id="2735" type="scavenge" timems="102.212" contextid="2732" timestamp="2022-02-08T18:54:29.685">
  <scavenger-info tenureage="1" tenuremask="7ffe" tiltratio="68" />
  <memory-copied type="nursery" objects="1334204" bytes="75134944" bytesdiscarded="273512" />
  <memory-copied type="tenure" objects="1356637" bytes="77393288" bytesdiscarded="43352" />
  <finalization candidates="2" enqueued="0" />
  <ownableSynchronizers candidates="2" cleared="2" />
  <object-monitors candidates="2" cleared="0"  />
</gc-op>
<gc-end id="2736" type="scavenge" contextid="2732" durationms="102.702" usertimems="395.177" systemtimems="3.911" stalltimems="2.563" timestamp="2022-02-08T18:54:29.686" activeThreads="4">
  <mem-info id="2737" free="339603808" total="1073741824" percent="31">
    <mem type="nursery" free="108026808" total="268435456" percent="40">
      <mem type="allocate" free="108026808" total="183435264" percent="58" />
      <mem type="survivor" free="0" total="85000192" percent="0" />
    </mem>
    <mem type="tenure" free="231577000" total="805306368" percent="28" macro-fragmented="0">
      <mem type="soa" free="223523240" total="797252608" percent="28" />
      <mem type="loa" free="8053760" total="8053760" percent="100" />
    </mem>
    <remembered-set count="105" />
  </mem-info>
</gc-end>
<cycle-end id="2738" type="scavenge" contextid="2732" timestamp="2022-02-08T18:54:29.686" />
<allocation-satisfied id="2739" threadId="0000000000016F00" bytesRequested="24" />
<af-end id="2740" timestamp="2022-02-08T18:54:29.686" threadId="0000000000017908" success="true" from="nursery"/>
<exclusive-end id="2741" timestamp="2022-02-08T18:54:29.686" durationms="103.071" />

<exclusive-start id="2742" timestamp="2022-02-08T18:54:30.399" intervalms="816.181">
  <response-info timems="0.018" idlems="0.018" threads="0" lastid="0000000000016F00" lastname="main" />
</exclusive-start>
<af-start id="2743" threadId="0000000000017908" totalBytesRequested="24" timestamp="2022-02-08T18:54:30.399" intervalms="816.186" type="nursery" />
<cycle-start id="2744" type="scavenge" contextid="0" timestamp="2022-02-08T18:54:30.399" intervalms="816.186" />
<gc-start id="2745" type="scavenge" contextid="2744" timestamp="2022-02-08T18:54:30.399">
  <mem-info id="2746" free="231577000" total="1073741824" percent="21">
    <mem type="nursery" free="0" total="268435456" percent="0">
      <mem type="allocate" free="0" total="183435264" percent="0" />
      <mem type="survivor" free="0" total="85000192" percent="0" />
    </mem>
    <mem type="tenure" free="231577000" total="805306368" percent="28">
      <mem type="soa" free="223523240" total="797252608" percent="28" />
      <mem type="loa" free="8053760" total="8053760" percent="100" />
    </mem>
    <remembered-set count="119" />
  </mem-info>
</gc-start>
<allocation-stats totalBytes="107975800" >
  <allocated-bytes non-tlh="453728" tlh="107522072" />
  <largest-consumer threadName="main" threadId="0000000000016F00" bytes="107975800" />
</allocation-stats>
<gc-op id="2747" type="scavenge" timems="83.966" contextid="2744" timestamp="2022-02-08T18:54:30.483">
  <scavenger-info tenureage="1" tenuremask="7ffe" tiltratio="68" />
  <memory-copied type="nursery" objects="1359851" bytes="76887424" bytesdiscarded="52992" />
  <memory-copied type="tenure" objects="1334204" bytes="75134944" bytesdiscarded="37480" />
  <finalization candidates="30" enqueued="18" />
  <references type="phantom" candidates="30" cleared="0" enqueued="0" />
  <object-monitors candidates="2" cleared="0"  />
</gc-op>
<gc-end id="2748" type="scavenge" contextid="2744" durationms="84.394" usertimems="329.319" systemtimems="0.295" stalltimems="5.038" timestamp="2022-02-08T18:54:30.484" activeThreads="4">
  <mem-info id="2749" free="262922408" total="1073741824" percent="24">
    <mem type="nursery" free="106560384" total="268435456" percent="39">
      <mem type="allocate" free="106560384" total="183500800" percent="58" />
      <mem type="survivor" free="0" total="84934656" percent="0" />
    </mem>
    <mem type="tenure" free="156362024" total="805306368" percent="19" macro-fragmented="0">
      <mem type="soa" free="148308264" total="797252608" percent="18" />
      <mem type="loa" free="8053760" total="8053760" percent="100" />
    </mem>
    <pending-finalizers system="18" default="0" reference="0" classloader="0" />
    <remembered-set count="118" />
  </mem-info>
</gc-end>
<cycle-end id="2750" type="scavenge" contextid="2744" timestamp="2022-02-08T18:54:30.484" />
<allocation-satisfied id="2751" threadId="0000000000016F00" bytesRequested="24" />
<af-end id="2752" timestamp="2022-02-08T18:54:30.484" threadId="0000000000017908" success="true" from="nursery"/>
<exclusive-end id="2753" timestamp="2022-02-08T18:54:30.484" durationms="84.683" />

<concurrent-kickoff id="2754" timestamp="2022-02-08T18:54:31.289">
  <kickoff reason="threshold reached" targetBytes="74442092" thresholdFreeBytes="5748725"  remainingFree="5700480" tenureFreeBytes="156362024" nurseryFreeBytes="5700480" />
</concurrent-kickoff>
<exclusive-start id="2755" timestamp="2022-02-08T18:54:31.292" intervalms="893.193">
  <response-info timems="0.018" idlems="0.018" threads="0" lastid="0000000000016F00" lastname="main" />
</exclusive-start>
<cycle-start id="2756" type="global" contextid="0" timestamp="2022-02-08T18:54:31.292" intervalms="2884.817" />
<concurrent-start id="2757" type="global mark" contextid="2756" timestamp="2022-02-08T18:54:31.292">
</concurrent-start>
<exclusive-end id="2758" timestamp="2022-02-08T18:54:31.292" durationms="0.029" />

<exclusive-start id="2759" timestamp="2022-02-08T18:54:31.414" intervalms="121.777">
  <response-info timems="0.018" idlems="0.018" threads="0" lastid="0000000000016F00" lastname="main" />
</exclusive-start>
<af-start id="2760" threadId="0000000000017908" totalBytesRequested="24" timestamp="2022-02-08T18:54:31.414" intervalms="1014.987" type="nursery" />
<cycle-start id="2761" type="scavenge" contextid="0" timestamp="2022-02-08T18:54:31.414" intervalms="1014.994" />
<gc-start id="2762" type="scavenge" contextid="2761" timestamp="2022-02-08T18:54:31.414">
  <mem-info id="2763" free="156362024" total="1073741824" percent="14">
    <mem type="nursery" free="0" total="268435456" percent="0">
      <mem type="allocate" free="0" total="183500800" percent="0" />
      <mem type="survivor" free="0" total="84934656" percent="0" />
    </mem>
    <mem type="tenure" free="156362024" total="805306368" percent="19">
      <mem type="soa" free="148308264" total="797252608" percent="18" />
      <mem type="loa" free="8053760" total="8053760" percent="100" />
    </mem>
    <remembered-set count="135" />
  </mem-info>
</gc-start>
<allocation-stats totalBytes="106511584" >
  <allocated-bytes non-tlh="2555144" tlh="103956440" />
  <largest-consumer threadName="main" threadId="0000000000016F00" bytes="106507488" />
</allocation-stats>
<gc-op id="2764" type="scavenge" timems="79.989" contextid="2761" timestamp="2022-02-08T18:54:31.494">
  <scavenger-info tenureage="1" tenuremask="7ffe" tiltratio="68" />
  <memory-copied type="nursery" objects="1417365" bytes="75213456" bytesdiscarded="248256" />
  <memory-copied type="tenure" objects="1359552" bytes="76274680" bytesdiscarded="41016" />
  <finalization candidates="92" enqueued="35" />
  <references type="soft" candidates="14" cleared="0" enqueued="0" dynamicThreshold="12" maxThreshold="32" />
  <references type="weak" candidates="1" cleared="0" enqueued="0" />
  <references type="phantom" candidates="77" cleared="7" enqueued="7" />
  <object-monitors candidates="2" cleared="0"  />
</gc-op>
<gc-end id="2765" type="scavenge" contextid="2761" durationms="80.407" usertimems="311.475" systemtimems="4.088" stalltimems="3.759" timestamp="2022-02-08T18:54:31.495" activeThreads="4">
  <mem-info id="2766" free="188377168" total="1073741824" percent="17">
    <mem type="nursery" free="108366640" total="268435456" percent="40">
      <mem type="allocate" free="108366640" total="183828480" percent="58" />
      <mem type="survivor" free="0" total="84606976" percent="0" />
    </mem>
    <mem type="tenure" free="80010528" total="805306368" percent="9" macro-fragmented="0">
      <mem type="soa" free="71956768" total="797252608" percent="9" />
      <mem type="loa" free="8053760" total="8053760" percent="100" />
    </mem>
    <pending-finalizers system="34" default="1" reference="7" classloader="0" />
    <remembered-set count="120" />
  </mem-info>
</gc-end>
<cycle-end id="2767" type="scavenge" contextid="2761" timestamp="2022-02-08T18:54:31.495" />
<allocation-satisfied id="2768" threadId="0000000000016F00" bytesRequested="24" />
<af-end id="2769" timestamp="2022-02-08T18:54:31.495" threadId="0000000000017908" success="true" from="nursery"/>
<exclusive-end id="2770" timestamp="2022-02-08T18:54:31.495" durationms="80.709" />

<concurrent-end id="2771" type="global mark" contextid="2756" timestamp="2022-02-08T18:54:31.625">
<gc-op id="2772" type="trace" timems="332.614" contextid="2756" timestamp="2022-02-08T18:54:31.625">
  <trace bytesTraced="74436612" workStackOverflowCount="0" />
  <card-cleaning reason="card cleaning threshold reached" bytesTraced="904" cardsCleaned="2" />
</gc-op>
</concurrent-end>

<exclusive-start id="2773" timestamp="2022-02-08T18:54:31.625" intervalms="210.908">
  <response-info timems="0.018" idlems="0.018" threads="0" lastid="0000000000016F00" lastname="main" />
</exclusive-start>
<concurrent-global-final id="2774" timestamp="2022-02-08T18:54:31.625" contextid="2756" intervalms="2832.256" >
  <concurrent-trace-info reason="card cleaning threshold reached" tracedByMutators="58397648" tracedByHelpers="16039868" cardsCleaned="2" workStackOverflowCount="0" />
</concurrent-global-final>
<gc-start id="2775" type="global" contextid="2756" timestamp="2022-02-08T18:54:31.625">
  <mem-info id="2776" free="180144184" total="1073741824" percent="16">
    <mem type="nursery" free="100133656" total="268435456" percent="37">
      <mem type="allocate" free="100133656" total="183828480" percent="54" />
      <mem type="survivor" free="0" total="84606976" percent="0" />
    </mem>
    <mem type="tenure" free="80010528" total="805306368" percent="9">
      <mem type="soa" free="71956768" total="797252608" percent="9" />
      <mem type="loa" free="8053760" total="8053760" percent="100" />
    </mem>
    <remembered-set count="121" />
  </mem-info>
</gc-start>
<allocation-stats totalBytes="8228376" >
  <allocated-bytes non-tlh="24" tlh="8228352" />
  <largest-consumer threadName="main" threadId="0000000000016F00" bytes="8220184" />
</allocation-stats>
<gc-op id="2777" type="rs-scan" timems="128.950" contextid="2756" timestamp="2022-02-08T18:54:31.754">
  <scan objectsFound="3324749" bytesTraced="71015820" workStackOverflowCount="0" />
</gc-op>
<gc-op id="2778" type="card-cleaning" timems="0.263" contextid="2756" timestamp="2022-02-08T18:54:31.755">
  <card-cleaning cardsCleaned="3" bytesTraced="1232" workStackOverflowCount="0" />
</gc-op>
<gc-op id="2779" type="mark" timems="34.174" contextid="2756" timestamp="2022-02-08T18:54:31.789">
  <trace-info objectcount="1284064" scancount="964574" scanbytes="20645320" />
  <finalization candidates="428" enqueued="57" />
  <ownableSynchronizers candidates="1" cleared="0" />
  <references type="soft" candidates="894" cleared="0" enqueued="0" dynamicThreshold="12" maxThreshold="32" />
  <references type="weak" candidates="1701" cleared="0" enqueued="0" />
  <references type="phantom" candidates="52" cleared="2" enqueued="2" />
  <stringconstants candidates="6470" cleared="0"  />
  <object-monitors candidates="2" cleared="0"  />
</gc-op>
<gc-op id="2780" type="sweep" timems="4.617" contextid="2756" timestamp="2022-02-08T18:54:31.794" />
<gc-end id="2781" type="global" contextid="2756" durationms="168.434" usertimems="182.317" systemtimems="0.000" stalltimems="101.818" timestamp="2022-02-08T18:54:31.794" activeThreads="4">
  <mem-info id="2782" free="423703792" total="1073741824" percent="39">
    <mem type="nursery" free="100796104" total="268435456" percent="37">
      <mem type="allocate" free="100796104" total="183828480" percent="54" />
      <mem type="survivor" free="0" total="84606976" percent="0" />
    </mem>
    <mem type="tenure" free="322907688" total="805306368" percent="40" micro-fragmented="354308" macro-fragmented="0">
      <mem type="soa" free="314853928" total="797252608" percent="39" />
      <mem type="loa" free="8053760" total="8053760" percent="100" />
    </mem>
    <pending-finalizers system="57" default="0" reference="2" classloader="0" />
    <remembered-set count="108" />
  </mem-info>
</gc-end>
<cycle-end id="2783" type="global" contextid="2756" timestamp="2022-02-08T18:54:31.794" />
<exclusive-end id="2784" timestamp="2022-02-08T18:54:31.794" durationms="168.657" />

<exclusive-start id="2785" timestamp="2022-02-08T18:54:32.504" intervalms="878.366">
  <response-info timems="0.028" idlems="0.028" threads="0" lastid="0000000000016F00" lastname="main" />
</exclusive-start>
<af-start id="2786" threadId="0000000000017908" totalBytesRequested="192" timestamp="2022-02-08T18:54:32.504" intervalms="1089.252" type="nursery" />
<cycle-start id="2787" type="scavenge" contextid="0" timestamp="2022-02-08T18:54:32.504" intervalms="1089.245" />
<gc-start id="2788" type="scavenge" contextid="2787" timestamp="2022-02-08T18:54:32.504">
  <mem-info id="2789" free="322907688" total="1073741824" percent="30">
    <mem type="nursery" free="0" total="268435456" percent="0">
      <mem type="allocate" free="0" total="183828480" percent="0" />
      <mem type="survivor" free="0" total="84606976" percent="0" />
    </mem>
    <mem type="tenure" free="322907688" total="805306368" percent="40">
      <mem type="soa" free="314853928" total="797252608" percent="39" />
      <mem type="loa" free="8053760" total="8053760" percent="100" />
    </mem>
    <remembered-set count="109" />
  </mem-info>
</gc-start>
<allocation-stats totalBytes="100748624" >
  <allocated-bytes non-tlh="0" tlh="100748624" />
  <largest-consumer threadName="main" threadId="0000000000016F00" bytes="100739376" />
</allocation-stats>
<gc-op id="2790" type="scavenge" timems="86.784" contextid="2787" timestamp="2022-02-08T18:54:32.590">
  <scavenger-info tenureage="1" tenuremask="7ffe" tiltratio="68" />
  <memory-copied type="nursery" objects="1405846" bytes="77524128" bytesdiscarded="202848" />
  <memory-copied type="tenure" objects="1416884" bytes="74901712" bytesdiscarded="38968" />
  <finalization candidates="45" enqueued="0" />
  <ownableSynchronizers candidates="2" cleared="2" />
  <object-monitors candidates="2" cleared="0"  />
</gc-op>
<gc-end id="2791" type="scavenge" contextid="2787" durationms="87.145" usertimems="342.061" systemtimems="0.000" stalltimems="2.599" timestamp="2022-02-08T18:54:32.591" activeThreads="4">
  <mem-info id="2792" free="352604240" total="1073741824" percent="32">
    <mem type="nursery" free="104790784" total="268435456" percent="39">
      <mem type="allocate" free="104790784" total="182517760" percent="57" />
      <mem type="survivor" free="0" total="85917696" percent="0" />
    </mem>
    <mem type="tenure" free="247813456" total="805306368" percent="30" macro-fragmented="57512708">
      <mem type="soa" free="239759696" total="797252608" percent="30" />
      <mem type="loa" free="8053760" total="8053760" percent="100" />
    </mem>
    <remembered-set count="103" />
  </mem-info>
</gc-end>
<cycle-end id="2793" type="scavenge" contextid="2787" timestamp="2022-02-08T18:54:32.591" />
<allocation-satisfied id="2794" threadId="0000000000016F00" bytesRequested="192" />
<af-end id="2795" timestamp="2022-02-08T18:54:32.591" threadId="0000000000017908" success="true" from="nursery"/>
<exclusive-end id="2796" timestamp="2022-02-08T18:54:32.591" durationms="87.390" />

<exclusive-start id="2797" timestamp="2022-02-08T18:54:33.242" intervalms="738.225">
  <response-info timems="0.022" idlems="0.022" threads="0" lastid="0000000000016F00" lastname="main" />
</exclusive-start>
<af-start id="2798" threadId="0000000000017908" totalBytesRequested="192" timestamp="2022-02-08T18:54:33.242" intervalms="738.223" type="nursery" />
<cycle-start id="2799" type="scavenge" contextid="0" timestamp="2022-02-08T18:54:33.242" intervalms="738.222" />
<gc-start id="2800" type="scavenge" contextid="2799" timestamp="2022-02-08T18:54:33.242">
  <mem-info id="2801" free="247813456" total="1073741824" percent="23">
    <mem type="nursery" free="0" total="268435456" percent="0">
      <mem type="allocate" free="0" total="182517760" percent="0" />
      <mem type="survivor" free="0" total="85917696" percent="0" />
    </mem>
    <mem type="tenure" free="247813456" total="805306368" percent="30">
      <mem type="soa" free="239759696" total="797252608" percent="30" />
      <mem type="loa" free="8053760" total="8053760" percent="100" />
    </mem>
    <remembered-set count="103" />
  </mem-info>
</gc-start>
<allocation-stats totalBytes="104742816" >
  <allocated-bytes non-tlh="192" tlh="104742624" />
  <largest-consumer threadName="main" threadId="0000000000016F00" bytes="104742816" />
</allocation-stats>
<gc-op id="2802" type="scavenge" timems="83.202" contextid="2799" timestamp="2022-02-08T18:54:33.325">
  <scavenger-info tenureage="1" tenuremask="7ffe" tiltratio="67" />
  <memory-copied type="nursery" objects="1307193" bytes="74467864" bytesdiscarded="297608" />
  <memory-copied type="tenure" objects="1405845" bytes="77524024" bytesdiscarded="41584" />
  <object-monitors candidates="2" cleared="0"  />
</gc-op>
<gc-end id="2803" type="scavenge" contextid="2799" durationms="83.651" usertimems="328.245" systemtimems="0.748" stalltimems="2.924" timestamp="2022-02-08T18:54:33.325" activeThreads="4">
  <mem-info id="2804" free="278383320" total="1073741824" percent="25">
    <mem type="nursery" free="108211040" total="268435456" percent="40">
      <mem type="allocate" free="108211040" total="182976512" percent="59" />
      <mem type="survivor" free="0" total="85458944" percent="0" />
    </mem>
    <mem type="tenure" free="170172280" total="805306368" percent="21" macro-fragmented="0">
      <mem type="soa" free="162118520" total="797252608" percent="20" />
      <mem type="loa" free="8053760" total="8053760" percent="100" />
    </mem>
    <remembered-set count="104" />
  </mem-info>
</gc-end>
<cycle-end id="2805" type="scavenge" contextid="2799" timestamp="2022-02-08T18:54:33.326" />
<allocation-satisfied id="2806" threadId="0000000000016F00" bytesRequested="192" />
<af-end id="2807" timestamp="2022-02-08T18:54:33.326" threadId="0000000000017908" success="true" from="nursery"/>
<exclusive-end id="2808" timestamp="2022-02-08T18:54:33.326" durationms="83.972" />

<exclusive-start id="2809" timestamp="2022-02-08T18:54:34.213" intervalms="971.583">
  <response-info timems="0.020" idlems="0.020" threads="0" lastid="0000000000016F00" lastname="main" />
</exclusive-start>
<af-start id="2810" threadId="0000000000017908" totalBytesRequested="112" timestamp="2022-02-08T18:54:34.213" intervalms="971.605" type="nursery" />
<cycle-start id="2811" type="scavenge" contextid="0" timestamp="2022-02-08T18:54:34.213" intervalms="971.610" />
<gc-start id="2812" type="scavenge" contextid="2811" timestamp="2022-02-08T18:54:34.213">
  <mem-info id="2813" free="170172280" total="1073741824" percent="15">
    <mem type="nursery" free="0" total="268435456" percent="0">
      <mem type="allocate" free="0" total="182976512" percent="0" />
      <mem type="survivor" free="0" total="85458944" percent="0" />
    </mem>
    <mem type="tenure" free="170172280" total="805306368" percent="21">
      <mem type="soa" free="162118520" total="797252608" percent="20" />
      <mem type="loa" free="8053760" total="8053760" percent="100" />
    </mem>
    <remembered-set count="134" />
  </mem-info>
</gc-start>
<allocation-stats totalBytes="108164336" >
  <allocated-bytes non-tlh="2841640" tlh="105322696" />
  <largest-consumer threadName="main" threadId="0000000000016F00" bytes="108164336" />
</allocation-stats>
<gc-op id="2814" type="scavenge" timems="98.570" contextid="2811" timestamp="2022-02-08T18:54:34.312">
  <scavenger-info tenureage="1" tenuremask="7ffe" tiltratio="68" />
  <memory-copied type="nursery" objects="1452183" bytes="76051904" bytesdiscarded="111712" />
  <memory-copied type="tenure" objects="1307192" bytes="74467760" bytesdiscarded="42768" />
  <finalization candidates="110" enqueued="53" />
  <references type="soft" candidates="14" cleared="0" enqueued="0" dynamicThreshold="12" maxThreshold="32" />
  <references type="weak" candidates="1" cleared="0" enqueued="0" />
  <references type="phantom" candidates="95" cleared="7" enqueued="7" />
  <object-monitors candidates="2" cleared="0"  />
</gc-op>
<gc-end id="2815" type="scavenge" contextid="2811" durationms="98.991" usertimems="361.037" systemtimems="7.872" stalltimems="20.894" timestamp="2022-02-08T18:54:34.312" activeThreads="4">
  <mem-info id="2816" free="202573864" total="1073741824" percent="18">
    <mem type="nursery" free="107074912" total="268435456" percent="39">
      <mem type="allocate" free="107074912" total="183238656" percent="58" />
      <mem type="survivor" free="0" total="85196800" percent="0" />
    </mem>
    <mem type="tenure" free="95498952" total="805306368" percent="11" macro-fragmented="69015248">
      <mem type="soa" free="87445192" total="797252608" percent="10" />
      <mem type="loa" free="8053760" total="8053760" percent="100" />
    </mem>
    <pending-finalizers system="52" default="1" reference="7" classloader="0" />
    <remembered-set count="129" />
  </mem-info>
</gc-end>
<cycle-end id="2817" type="scavenge" contextid="2811" timestamp="2022-02-08T18:54:34.313" />
<allocation-satisfied id="2818" threadId="0000000000016F00" bytesRequested="112" />
<af-end id="2819" timestamp="2022-02-08T18:54:34.313" threadId="0000000000017908" success="true" from="nursery"/>
<exclusive-end id="2820" timestamp="2022-02-08T18:54:34.313" durationms="99.308" />

<concurrent-kickoff id="2821" timestamp="2022-02-08T18:54:35.007">
  <kickoff reason="threshold reached" targetBytes="74441175" thresholdFreeBytes="5748268"  remainingFree="5625184" tenureFreeBytes="95498952" nurseryFreeBytes="5625184" />
</concurrent-kickoff>
<exclusive-start id="2822" timestamp="2022-02-08T18:54:35.012" intervalms="798.499">
  <response-info timems="0.019" idlems="0.019" threads="0" lastid="0000000000016F00" lastname="main" />
</exclusive-start>
<cycle-start id="2823" type="global" contextid="0" timestamp="2022-02-08T18:54:35.012" intervalms="3719.357" />
<concurrent-start id="2824" type="global mark" contextid="2823" timestamp="2022-02-08T18:54:35.012">
</concurrent-start>
<exclusive-end id="2825" timestamp="2022-02-08T18:54:35.012" durationms="0.028" />

<exclusive-start id="2826" timestamp="2022-02-08T18:54:35.140" intervalms="127.858">
  <response-info timems="0.042" idlems="0.042" threads="0" lastid="0000000000016F00" lastname="main" />
</exclusive-start>
<af-start id="2827" threadId="0000000000017908" totalBytesRequested="112" timestamp="2022-02-08T18:54:35.140" intervalms="926.334" type="nursery" />
<cycle-start id="2828" type="scavenge" contextid="0" timestamp="2022-02-08T18:54:35.140" intervalms="926.329" />
<gc-start id="2829" type="scavenge" contextid="2828" timestamp="2022-02-08T18:54:35.140">
  <mem-info id="2830" free="95498952" total="1073741824" percent="8">
    <mem type="nursery" free="0" total="268435456" percent="0">
      <mem type="allocate" free="0" total="183238656" percent="0" />
      <mem type="survivor" free="0" total="85196800" percent="0" />
    </mem>
    <mem type="tenure" free="95498952" total="805306368" percent="11">
      <mem type="soa" free="87445192" total="797252608" percent="10" />
      <mem type="loa" free="8053760" total="8053760" percent="100" />
    </mem>
    <remembered-set count="130" />
  </mem-info>
</gc-start>
<allocation-stats totalBytes="107022488" >
  <allocated-bytes non-tlh="112" tlh="107022376" />
  <largest-consumer threadName="main" threadId="0000000000016F00" bytes="107014296" />
</allocation-stats>
<gc-op id="2831" type="scavenge" timems="80.972" contextid="2828" timestamp="2022-02-08T18:54:35.221">
  <scavenger-info tenureage="1" tenuremask="7ffe" tiltratio="68" />
  <memory-copied type="nursery" objects="1380236" bytes="76242520" bytesdiscarded="111000" />
  <memory-copied type="tenure" objects="1451472" bytes="75584048" bytesdiscarded="36960" />
  <finalization candidates="57" enqueued="0" />
  <object-monitors candidates="2" cleared="0"  />
</gc-op>
<gc-end id="2832" type="scavenge" contextid="2828" durationms="81.373" usertimems="319.348" systemtimems="0.021" stalltimems="3.494" timestamp="2022-02-08T18:54:35.221" activeThreads="4">
  <mem-info id="2833" free="127562888" total="1073741824" percent="11">
    <mem type="nursery" free="107409424" total="268435456" percent="40">
      <mem type="allocate" free="107409424" total="183762944" percent="58" />
      <mem type="survivor" free="0" total="84672512" percent="0" />
    </mem>
    <mem type="tenure" free="20153464" total="805306368" percent="2" macro-fragmented="0">
      <mem type="soa" free="12099704" total="797252608" percent="1" />
      <mem type="loa" free="8053760" total="8053760" percent="100" />
    </mem>
    <remembered-set count="103" />
  </mem-info>
</gc-end>
<cycle-end id="2834" type="scavenge" contextid="2828" timestamp="2022-02-08T18:54:35.221" />
<allocation-satisfied id="2835" threadId="0000000000016F00" bytesRequested="112" />
<af-end id="2836" timestamp="2022-02-08T18:54:35.221" threadId="0000000000017908" success="true" from="nursery"/>
<exclusive-end id="2837" timestamp="2022-02-08T18:54:35.221" durationms="81.680" />

<concurrent-end id="2838" type="global mark" contextid="2823" timestamp="2022-02-08T18:54:35.347">
<gc-op id="2839" type="trace" timems="335.195" contextid="2823" timestamp="2022-02-08T18:54:35.347">
  <trace bytesTraced="74436724" workStackOverflowCount="0" />
  <card-cleaning reason="card cleaning threshold reached" bytesTraced="904" cardsCleaned="2" />
</gc-op>
</concurrent-end>

<exclusive-start id="2840" timestamp="2022-02-08T18:54:35.347" intervalms="207.414">
  <response-info timems="0.016" idlems="0.016" threads="0" lastid="0000000000016F00" lastname="main" />
</exclusive-start>
<concurrent-global-final id="2841" timestamp="2022-02-08T18:54:35.347" contextid="2823" intervalms="3721.947" >
  <concurrent-trace-info reason="card cleaning threshold reached" tracedByMutators="58229780" tracedByHelpers="16207848" cardsCleaned="2" workStackOverflowCount="0" />
</concurrent-global-final>
<gc-start id="2842" type="global" contextid="2823" timestamp="2022-02-08T18:54:35.347">
  <mem-info id="2843" free="120124440" total="1073741824" percent="11">
    <mem type="nursery" free="99970976" total="268435456" percent="37">
      <mem type="allocate" free="99970976" total="183762944" percent="54" />
      <mem type="survivor" free="0" total="84672512" percent="0" />
    </mem>
    <mem type="tenure" free="20153464" total="805306368" percent="2">
      <mem type="soa" free="12099704" total="797252608" percent="1" />
      <mem type="loa" free="8053760" total="8053760" percent="100" />
    </mem>
    <remembered-set count="103" />
  </mem-info>
</gc-start>
<allocation-stats totalBytes="7434640" >
  <allocated-bytes non-tlh="112" tlh="7434528" />
  <largest-consumer threadName="main" threadId="0000000000016F00" bytes="7434640" />
</allocation-stats>
<gc-op id="2844" type="rs-scan" timems="0.589" contextid="2823" timestamp="2022-02-08T18:54:35.348">
  <scan objectsFound="0" bytesTraced="3836" workStackOverflowCount="0" />
</gc-op>
<gc-op id="2845" type="card-cleaning" timems="149.825" contextid="2823" timestamp="2022-02-08T18:54:35.498">
  <card-cleaning cardsCleaned="10" bytesTraced="71014508" workStackOverflowCount="0" />
</gc-op>
<gc-op id="2846" type="mark" timems="75.676" contextid="2823" timestamp="2022-02-08T18:54:35.573">
  <trace-info objectcount="2391407" scancount="1795083" scanbytes="38362792" />
  <finalization candidates="428" enqueued="57" />
  <ownableSynchronizers candidates="1" cleared="0" />
  <references type="soft" candidates="894" cleared="0" enqueued="0" dynamicThreshold="12" maxThreshold="32" />
  <references type="weak" candidates="1701" cleared="0" enqueued="0" />
  <references type="phantom" candidates="52" cleared="2" enqueued="2" />
  <stringconstants candidates="6470" cleared="0"  />
  <object-monitors candidates="2" cleared="0"  />
</gc-op>
<gc-op id="2847" type="sweep" timems="4.914" contextid="2823" timestamp="2022-02-08T18:54:35.579" />
<gc-end id="2848" type="global" contextid="2823" durationms="231.400" usertimems="287.089" systemtimems="1.234" stalltimems="183.854" timestamp="2022-02-08T18:54:35.579" activeThreads="4">
  <mem-info id="2849" free="363175224" total="1073741824" percent="33">
    <mem type="nursery" free="100172904" total="268435456" percent="37">
      <mem type="allocate" free="100172904" total="183762944" percent="54" />
      <mem type="survivor" free="0" total="84672512" percent="0" />
    </mem>
    <mem type="tenure" free="263002320" total="805306368" percent="32" micro-fragmented="367106" macro-fragmented="0">
      <mem type="soa" free="254948560" total="797252608" percent="31" />
      <mem type="loa" free="8053760" total="8053760" percent="100" />
    </mem>
    <pending-finalizers system="57" default="0" reference="2" classloader="0" />
    <remembered-set count="103" />
  </mem-info>
</gc-end>
<cycle-end id="2850" type="global" contextid="2823" timestamp="2022-02-08T18:54:35.579" />
<exclusive-end id="2851" timestamp="2022-02-08T18:54:35.579" durationms="231.594" />

<exclusive-start id="2852" timestamp="2022-02-08T18:54:36.193" intervalms="845.650">
  <response-info timems="0.018" idlems="0.018" threads="0" lastid="0000000000016F00" lastname="main" />
</exclusive-start>
<af-start id="2853" threadId="0000000000017908" totalBytesRequested="24" timestamp="2022-02-08T18:54:36.193" intervalms="1053.065" type="nursery" />
<cycle-start id="2854" type="scavenge" contextid="0" timestamp="2022-02-08T18:54:36.193" intervalms="1053.064" />
<gc-start id="2855" type="scavenge" contextid="2854" timestamp="2022-02-08T18:54:36.193">
  <mem-info id="2856" free="263002320" total="1073741824" percent="24">
    <mem type="nursery" free="0" total="268435456" percent="0">
      <mem type="allocate" free="0" total="183762944" percent="0" />
      <mem type="survivor" free="0" total="84672512" percent="0" />
    </mem>
    <mem type="tenure" free="263002320" total="805306368" percent="32">
      <mem type="soa" free="254948560" total="797252608" percent="31" />
      <mem type="loa" free="8053760" total="8053760" percent="100" />
    </mem>
    <remembered-set count="106" />
  </mem-info>
</gc-start>
<allocation-stats totalBytes="100127816" >
  <allocated-bytes non-tlh="0" tlh="100127816" />
  <largest-consumer threadName="main" threadId="0000000000016F00" bytes="100123720" />
</allocation-stats>
<gc-op id="2857" type="scavenge" timems="89.394" contextid="2854" timestamp="2022-02-08T18:54:36.282">
  <scavenger-info tenureage="1" tenuremask="7ffe" tiltratio="68" />
  <memory-copied type="nursery" objects="1349468" bytes="76376944" bytesdiscarded="101264" />
  <memory-copied type="tenure" objects="1380236" bytes="76242520" bytesdiscarded="46096" />
  <ownableSynchronizers candidates="2" cleared="2" />
  <object-monitors candidates="2" cleared="0"  />
</gc-op>
<gc-end id="2858" type="scavenge" contextid="2854" durationms="89.746" usertimems="351.921" systemtimems="0.000" stalltimems="2.556" timestamp="2022-02-08T18:54:36.283" activeThreads="4">
  <mem-info id="2859" free="294111504" total="1073741824" percent="27">
    <mem type="nursery" free="107677952" total="268435456" percent="40">
      <mem type="allocate" free="107677952" total="184156160" percent="58" />
      <mem type="survivor" free="0" total="84279296" percent="0" />
    </mem>
    <mem type="tenure" free="186433552" total="805306368" percent="23" macro-fragmented="0">
      <mem type="soa" free="178379792" total="797252608" percent="22" />
      <mem type="loa" free="8053760" total="8053760" percent="100" />
    </mem>
    <remembered-set count="105" />
  </mem-info>
</gc-end>
<cycle-end id="2860" type="scavenge" contextid="2854" timestamp="2022-02-08T18:54:36.283" />
<allocation-satisfied id="2861" threadId="0000000000016F00" bytesRequested="24" />
<af-end id="2862" timestamp="2022-02-08T18:54:36.283" threadId="0000000000017908" success="true" from="nursery"/>
<exclusive-end id="2863" timestamp="2022-02-08T18:54:36.283" durationms="90.028" />

<exclusive-start id="2864" timestamp="2022-02-08T18:54:37.225" intervalms="1032.476">
  <response-info timems="0.021" idlems="0.021" threads="0" lastid="0000000000016F00" lastname="main" />
</exclusive-start>
<af-start id="2865" threadId="0000000000017908" totalBytesRequested="224" timestamp="2022-02-08T18:54:37.225" intervalms="1032.478" type="nursery" />
<cycle-start id="2866" type="scavenge" contextid="0" timestamp="2022-02-08T18:54:37.225" intervalms="1032.479" />
<gc-start id="2867" type="scavenge" contextid="2866" timestamp="2022-02-08T18:54:37.225">
  <mem-info id="2868" free="186433552" total="1073741824" percent="17">
    <mem type="nursery" free="0" total="268435456" percent="0">
      <mem type="allocate" free="0" total="184156160" percent="0" />
      <mem type="survivor" free="0" total="84279296" percent="0" />
    </mem>
    <mem type="tenure" free="186433552" total="805306368" percent="23">
      <mem type="soa" free="178379792" total="797252608" percent="22" />
      <mem type="loa" free="8053760" total="8053760" percent="100" />
    </mem>
    <remembered-set count="136" />
  </mem-info>
</gc-start>
<allocation-stats totalBytes="107630888" >
  <allocated-bytes non-tlh="1590592" tlh="106040296" />
  <largest-consumer threadName="main" threadId="0000000000016F00" bytes="107630888" />
</allocation-stats>
<gc-op id="2869" type="scavenge" timems="87.273" contextid="2866" timestamp="2022-02-08T18:54:37.313">
  <scavenger-info tenureage="1" tenuremask="7ffe" tiltratio="68" />
  <memory-copied type="nursery" objects="1448830" bytes="75721336" bytesdiscarded="150336" />
  <memory-copied type="tenure" objects="1349468" bytes="76376944" bytesdiscarded="39520" />
  <finalization candidates="109" enqueued="53" />
  <references type="soft" candidates="14" cleared="0" enqueued="0" dynamicThreshold="10" maxThreshold="32" />
  <references type="weak" candidates="1" cleared="0" enqueued="0" />
  <references type="phantom" candidates="94" cleared="7" enqueued="7" />
  <object-monitors candidates="2" cleared="0"  />
</gc-op>
<gc-end id="2870" type="scavenge" contextid="2866" durationms="87.682" usertimems="342.104" systemtimems="0.000" stalltimems="3.291" timestamp="2022-02-08T18:54:37.313" activeThreads="4">
  <mem-info id="2871" free="218895736" total="1073741824" percent="20">
    <mem type="nursery" free="108677576" total="268435456" percent="40">
      <mem type="allocate" free="108677576" total="184549376" percent="58" />
      <mem type="survivor" free="0" total="83886080" percent="0" />
    </mem>
    <mem type="tenure" free="110218160" total="805306368" percent="13" macro-fragmented="0">
      <mem type="soa" free="102164400" total="797252608" percent="12" />
      <mem type="loa" free="8053760" total="8053760" percent="100" />
    </mem>
    <pending-finalizers system="52" default="1" reference="7" classloader="0" />
    <remembered-set count="131" />
  </mem-info>
</gc-end>
<cycle-end id="2872" type="scavenge" contextid="2866" timestamp="2022-02-08T18:54:37.313" />
<allocation-satisfied id="2873" threadId="0000000000016F00" bytesRequested="224" />
<af-end id="2874" timestamp="2022-02-08T18:54:37.313" threadId="0000000000017908" success="true" from="nursery"/>
<exclusive-end id="2875" timestamp="2022-02-08T18:54:37.313" durationms="87.964" />

<concurrent-kickoff id="2876" timestamp="2022-02-08T18:54:38.052">
  <kickoff reason="threshold reached" targetBytes="74440464" thresholdFreeBytes="5747761"  remainingFree="5642376" tenureFreeBytes="110218160" nurseryFreeBytes="5642376" />
</concurrent-kickoff>
<exclusive-start id="2877" timestamp="2022-02-08T18:54:38.055" intervalms="830.190">
  <response-info timems="0.020" idlems="0.020" threads="0" lastid="0000000000016F00" lastname="main" />
</exclusive-start>
<cycle-start id="2878" type="global" contextid="0" timestamp="2022-02-08T18:54:38.055" intervalms="3043.588" />
<concurrent-start id="2879" type="global mark" contextid="2878" timestamp="2022-02-08T18:54:38.055">
</concurrent-start>
<exclusive-end id="2880" timestamp="2022-02-08T18:54:38.055" durationms="0.029" />

<exclusive-start id="2881" timestamp="2022-02-08T18:54:38.119" intervalms="64.000">
  <response-info timems="0.043" idlems="0.043" threads="0" lastid="0000000000016F00" lastname="main" />
</exclusive-start>
<af-start id="2882" threadId="0000000000017908" totalBytesRequested="24" timestamp="2022-02-08T18:54:38.119" intervalms="894.210" type="nursery" />
<cycle-start id="2883" type="scavenge" contextid="0" timestamp="2022-02-08T18:54:38.120" intervalms="894.222" />
<gc-start id="2884" type="scavenge" contextid="2883" timestamp="2022-02-08T18:54:38.120">
  <mem-info id="2885" free="110218160" total="1073741824" percent="10">
    <mem type="nursery" free="0" total="268435456" percent="0">
      <mem type="allocate" free="0" total="184549376" percent="0" />
      <mem type="survivor" free="0" total="83886080" percent="0" />
    </mem>
    <mem type="tenure" free="110218160" total="805306368" percent="13">
      <mem type="soa" free="102164400" total="797252608" percent="12" />
      <mem type="loa" free="8053760" total="8053760" percent="100" />
    </mem>
    <remembered-set count="132" />
  </mem-info>
</gc-start>
<allocation-stats totalBytes="108628520" >
  <allocated-bytes non-tlh="1347904" tlh="107280616" />
  <largest-consumer threadName="main" threadId="0000000000016F00" bytes="108620328" />
</allocation-stats>
<gc-op id="2886" type="scavenge" timems="100.132" contextid="2883" timestamp="2022-02-08T18:54:38.220">
  <scavenger-info tenureage="1" tenuremask="7ffe" tiltratio="68" />
  <memory-copied type="nursery" objects="1383186" bytes="77773064" bytesdiscarded="125784" />
  <memory-copied type="tenure" objects="1448110" bytes="74778048" bytesdiscarded="37848" />
  <finalization candidates="57" enqueued="0" />
  <references type="phantom" candidates="1" cleared="0" enqueued="0" />
  <object-monitors candidates="2" cleared="0"  />
</gc-op>
<gc-end id="2887" type="scavenge" contextid="2883" durationms="100.424" usertimems="395.014" systemtimems="0.000" stalltimems="3.280" timestamp="2022-02-08T18:54:38.220" activeThreads="4">
  <mem-info id="2888" free="139859616" total="1073741824" percent="13">
    <mem type="nursery" free="104749984" total="268435456" percent="39">
      <mem type="allocate" free="104749984" total="182648832" percent="57" />
      <mem type="survivor" free="0" total="85786624" percent="0" />
    </mem>
    <mem type="tenure" free="35109632" total="805306368" percent="4" macro-fragmented="0">
      <mem type="soa" free="27055872" total="797252608" percent="3" />
      <mem type="loa" free="8053760" total="8053760" percent="100" />
    </mem>
    <remembered-set count="102" />
  </mem-info>
</gc-end>
<cycle-end id="2889" type="scavenge" contextid="2883" timestamp="2022-02-08T18:54:38.220" />
<allocation-satisfied id="2890" threadId="0000000000016F00" bytesRequested="24" />
<af-end id="2891" timestamp="2022-02-08T18:54:38.220" threadId="0000000000017908" success="true" from="nursery"/>
<exclusive-end id="2892" timestamp="2022-02-08T18:54:38.220" durationms="100.813" />

<concurrent-end id="2893" type="global mark" contextid="2878" timestamp="2022-02-08T18:54:38.445">
<gc-op id="2894" type="trace" timems="389.746" contextid="2878" timestamp="2022-02-08T18:54:38.445">
  <trace bytesTraced="74436932" workStackOverflowCount="0" />
  <card-cleaning reason="card cleaning threshold reached" bytesTraced="904" cardsCleaned="2" />
</gc-op>
</concurrent-end>

<exclusive-start id="2895" timestamp="2022-02-08T18:54:38.445" intervalms="325.822">
  <response-info timems="0.022" idlems="0.022" threads="0" lastid="0000000000016F00" lastname="main" />
</exclusive-start>
<concurrent-global-final id="2896" timestamp="2022-02-08T18:54:38.445" contextid="2878" intervalms="3098.136" >
  <concurrent-trace-info reason="card cleaning threshold reached" tracedByMutators="48209268" tracedByHelpers="26228568" cardsCleaned="2" workStackOverflowCount="0" />
</concurrent-global-final>
<gc-start id="2897" type="global" contextid="2878" timestamp="2022-02-08T18:54:38.445">
  <mem-info id="2898" free="126129800" total="1073741824" percent="11">
    <mem type="nursery" free="91020168" total="268435456" percent="33">
      <mem type="allocate" free="91020168" total="182648832" percent="49" />
      <mem type="survivor" free="0" total="85786624" percent="0" />
    </mem>
    <mem type="tenure" free="35109632" total="805306368" percent="4">
      <mem type="soa" free="27055872" total="797252608" percent="3" />
      <mem type="loa" free="8053760" total="8053760" percent="100" />
    </mem>
    <remembered-set count="102" />
  </mem-info>
</gc-start>
<allocation-stats totalBytes="13724616" >
  <allocated-bytes non-tlh="24" tlh="13724592" />
  <largest-consumer threadName="main" threadId="0000000000016F00" bytes="13724616" />
</allocation-stats>
<gc-op id="2899" type="rs-scan" timems="0.772" contextid="2878" timestamp="2022-02-08T18:54:38.446">
  <scan objectsFound="29" bytesTraced="5268" workStackOverflowCount="0" />
</gc-op>
<gc-op id="2900" type="card-cleaning" timems="164.484" contextid="2878" timestamp="2022-02-08T18:54:38.611">
  <card-cleaning cardsCleaned="9" bytesTraced="71013076" workStackOverflowCount="0" />
</gc-op>
<gc-op id="2901" type="mark" timems="69.185" contextid="2878" timestamp="2022-02-08T18:54:38.680">
  <trace-info objectcount="2226243" scancount="1671210" scanbytes="35720168" />
  <finalization candidates="428" enqueued="57" />
  <ownableSynchronizers candidates="1" cleared="0" />
  <references type="soft" candidates="894" cleared="0" enqueued="0" dynamicThreshold="10" maxThreshold="32" />
  <references type="weak" candidates="1701" cleared="0" enqueued="0" />
  <references type="phantom" candidates="52" cleared="2" enqueued="2" />
  <stringconstants candidates="6470" cleared="0"  />
  <object-monitors candidates="2" cleared="0"  />
</gc-op>
<gc-op id="2902" type="sweep" timems="6.694" contextid="2878" timestamp="2022-02-08T18:54:38.687" />
<gc-end id="2903" type="global" contextid="2878" durationms="241.333" usertimems="295.333" systemtimems="0.059" stalltimems="173.646" timestamp="2022-02-08T18:54:38.687" activeThreads="4">
  <mem-info id="2904" free="369457680" total="1073741824" percent="34">
    <mem type="nursery" free="91238240" total="268435456" percent="33">
      <mem type="allocate" free="91238240" total="182648832" percent="49" />
      <mem type="survivor" free="0" total="85786624" percent="0" />
    </mem>
    <mem type="tenure" free="278219440" total="805306368" percent="34" micro-fragmented="363250" macro-fragmented="2362138">
      <mem type="soa" free="270165680" total="797252608" percent="33" />
      <mem type="loa" free="8053760" total="8053760" percent="100" />
    </mem>
    <pending-finalizers system="57" default="0" reference="2" classloader="0" />
    <remembered-set count="102" />
  </mem-info>
</gc-end>
<cycle-end id="2905" type="global" contextid="2878" timestamp="2022-02-08T18:54:38.687" />
<exclusive-end id="2906" timestamp="2022-02-08T18:54:38.687" durationms="241.663" />

<exclusive-start id="2907" timestamp="2022-02-08T18:54:39.270" intervalms="825.212">
  <response-info timems="0.018" idlems="0.018" threads="0" lastid="0000000000016F00" lastname="main" />
</exclusive-start>
<af-start id="2908" threadId="0000000000017908" totalBytesRequested="104" timestamp="2022-02-08T18:54:39.270" intervalms="1151.013" type="nursery" />
<cycle-start id="2909" type="scavenge" contextid="0" timestamp="2022-02-08T18:54:39.271" intervalms="1151.001" />
<gc-start id="2910" type="scavenge" contextid="2909" timestamp="2022-02-08T18:54:39.271">
  <mem-info id="2911" free="278219440" total="1073741824" percent="25">
    <mem type="nursery" free="0" total="268435456" percent="0">
      <mem type="allocate" free="0" total="182648832" percent="0" />
      <mem type="survivor" free="0" total="85786624" percent="0" />
    </mem>
    <mem type="tenure" free="278219440" total="805306368" percent="34">
      <mem type="soa" free="270165680" total="797252608" percent="33" />
      <mem type="loa" free="8053760" total="8053760" percent="100" />
    </mem>
    <remembered-set count="105" />
  </mem-info>
</gc-start>
<allocation-stats totalBytes="91197600" >
  <allocated-bytes non-tlh="0" tlh="91197600" />
  <largest-consumer threadName="main" threadId="0000000000016F00" bytes="91193504" />
</allocation-stats>
<gc-op id="2912" type="scavenge" timems="94.214" contextid="2909" timestamp="2022-02-08T18:54:39.365">
  <scavenger-info tenureage="1" tenuremask="7ffe" tiltratio="68" />
  <memory-copied type="nursery" objects="1314537" bytes="74503048" bytesdiscarded="165848" />
  <memory-copied type="tenure" objects="1383186" bytes="77773064" bytesdiscarded="44712" />
  <finalization candidates="1" enqueued="0" />
  <ownableSynchronizers candidates="2" cleared="2" />
  <object-monitors candidates="2" cleared="0"  />
</gc-op>
<gc-end id="2913" type="scavenge" contextid="2909" durationms="94.427" usertimems="369.701" systemtimems="0.303" stalltimems="3.628" timestamp="2022-02-08T18:54:39.365" activeThreads="4">
  <mem-info id="2914" free="308453408" total="1073741824" percent="28">
    <mem type="nursery" free="108307616" total="268435456" percent="40">
      <mem type="allocate" free="108307616" total="182976512" percent="59" />
      <mem type="survivor" free="0" total="85458944" percent="0" />
    </mem>
    <mem type="tenure" free="200145792" total="805306368" percent="24" macro-fragmented="1500163">
      <mem type="soa" free="192092032" total="797252608" percent="24" />
      <mem type="loa" free="8053760" total="8053760" percent="100" />
    </mem>
    <remembered-set count="104" />
  </mem-info>
</gc-end>
<cycle-end id="2915" type="scavenge" contextid="2909" timestamp="2022-02-08T18:54:39.365" />
<allocation-satisfied id="2916" threadId="0000000000016F00" bytesRequested="104" />
<af-end id="2917" timestamp="2022-02-08T18:54:39.365" threadId="0000000000017908" success="true" from="nursery"/>
<exclusive-end id="2918" timestamp="2022-02-08T18:54:39.365" durationms="94.714" />

<exclusive-start id="2919" timestamp="2022-02-08T18:54:40.270" intervalms="999.926">
  <response-info timems="0.021" idlems="0.021" threads="0" lastid="0000000000016F00" lastname="main" />
</exclusive-start>
<af-start id="2920" threadId="0000000000017908" totalBytesRequested="232" timestamp="2022-02-08T18:54:40.271" intervalms="1000.209" type="nursery" />
<cycle-start id="2921" type="scavenge" contextid="0" timestamp="2022-02-08T18:54:40.271" intervalms="1000.277" />
<gc-start id="2922" type="scavenge" contextid="2921" timestamp="2022-02-08T18:54:40.271">
  <mem-info id="2923" free="200145792" total="1073741824" percent="18">
    <mem type="nursery" free="0" total="268435456" percent="0">
      <mem type="allocate" free="0" total="182976512" percent="0" />
      <mem type="survivor" free="0" total="85458944" percent="0" />
    </mem>
    <mem type="tenure" free="200145792" total="805306368" percent="24">
      <mem type="soa" free="192092032" total="797252608" percent="24" />
      <mem type="loa" free="8053760" total="8053760" percent="100" />
    </mem>
    <remembered-set count="135" />
  </mem-info>
</gc-start>
<allocation-stats totalBytes="108258632" >
  <allocated-bytes non-tlh="1661248" tlh="106597384" />
  <largest-consumer threadName="main" threadId="0000000000016F00" bytes="108258632" />
</allocation-stats>
<gc-op id="2924" type="scavenge" timems="94.631" contextid="2921" timestamp="2022-02-08T18:54:40.366">
  <scavenger-info tenureage="1" tenuremask="7ffe" tiltratio="68" />
  <memory-copied type="nursery" objects="1489668" bytes="76244648" bytesdiscarded="59744" />
  <memory-copied type="tenure" objects="1314537" bytes="74503048" bytesdiscarded="43408" />
  <finalization candidates="109" enqueued="53" />
  <references type="soft" candidates="14" cleared="0" enqueued="0" dynamicThreshold="11" maxThreshold="32" />
  <references type="weak" candidates="1" cleared="0" enqueued="0" />
  <references type="phantom" candidates="94" cleared="7" enqueued="7" />
  <object-monitors candidates="2" cleared="0"  />
</gc-op>
<gc-end id="2925" type="scavenge" contextid="2921" durationms="94.854" usertimems="371.186" systemtimems="0.526" stalltimems="4.191" timestamp="2022-02-08T18:54:40.366" activeThreads="4">
  <mem-info id="2926" free="232400744" total="1073741824" percent="21">
    <mem type="nursery" free="106934136" total="268435456" percent="39">
      <mem type="allocate" free="106934136" total="183238656" percent="58" />
      <mem type="survivor" free="0" total="85196800" percent="0" />
    </mem>
    <mem type="tenure" free="125466608" total="805306368" percent="15" macro-fragmented="0">
      <mem type="soa" free="117412848" total="797252608" percent="14" />
      <mem type="loa" free="8053760" total="8053760" percent="100" />
    </mem>
    <pending-finalizers system="52" default="1" reference="7" classloader="0" />
    <remembered-set count="132" />
  </mem-info>
</gc-end>
<cycle-end id="2927" type="scavenge" contextid="2921" timestamp="2022-02-08T18:54:40.366" />
<allocation-satisfied id="2928" threadId="0000000000016F00" bytesRequested="232" />
<af-end id="2929" timestamp="2022-02-08T18:54:40.366" threadId="0000000000017908" success="true" from="nursery"/>
<exclusive-end id="2930" timestamp="2022-02-08T18:54:40.366" durationms="95.516" />

<concurrent-kickoff id="2931" timestamp="2022-02-08T18:54:41.053">
  <kickoff reason="threshold reached" targetBytes="74439936" thresholdFreeBytes="5745171"  remainingFree="5615480" tenureFreeBytes="125466608" nurseryFreeBytes="5615480" />
</concurrent-kickoff>
<exclusive-start id="2932" timestamp="2022-02-08T18:54:41.057" intervalms="786.303">
  <response-info timems="0.020" idlems="0.020" threads="0" lastid="0000000000016F00" lastname="main" />
</exclusive-start>
<cycle-start id="2933" type="global" contextid="0" timestamp="2022-02-08T18:54:41.057" intervalms="3001.264" />
<concurrent-start id="2934" type="global mark" contextid="2933" timestamp="2022-02-08T18:54:41.057">
</concurrent-start>
<exclusive-end id="2935" timestamp="2022-02-08T18:54:41.057" durationms="0.038" />

<exclusive-start id="2936" timestamp="2022-02-08T18:54:41.180" intervalms="123.549">
  <response-info timems="0.051" idlems="0.051" threads="0" lastid="0000000000016F00" lastname="main" />
</exclusive-start>
<af-start id="2937" threadId="0000000000017908" totalBytesRequested="24" timestamp="2022-02-08T18:54:41.180" intervalms="909.568" type="nursery" />
<cycle-start id="2938" type="scavenge" contextid="0" timestamp="2022-02-08T18:54:41.180" intervalms="909.500" />
<gc-start id="2939" type="scavenge" contextid="2938" timestamp="2022-02-08T18:54:41.180">
  <mem-info id="2940" free="125466608" total="1073741824" percent="11">
    <mem type="nursery" free="0" total="268435456" percent="0">
      <mem type="allocate" free="0" total="183238656" percent="0" />
      <mem type="survivor" free="0" total="85196800" percent="0" />
    </mem>
    <mem type="tenure" free="125466608" total="805306368" percent="15">
      <mem type="soa" free="117412848" total="797252608" percent="14" />
      <mem type="loa" free="8053760" total="8053760" percent="100" />
    </mem>
    <remembered-set count="133" />
  </mem-info>
</gc-start>
<allocation-stats totalBytes="106884296" >
  <allocated-bytes non-tlh="1347912" tlh="105536384" />
  <largest-consumer threadName="main" threadId="0000000000016F00" bytes="106876104" />
</allocation-stats>
<gc-op id="2941" type="scavenge" timems="99.702" contextid="2938" timestamp="2022-02-08T18:54:41.280">
  <scavenger-info tenureage="1" tenuremask="7ffe" tiltratio="68" />
  <memory-copied type="nursery" objects="1338291" bytes="76489480" bytesdiscarded="143112" />
  <memory-copied type="tenure" objects="1488948" bytes="75301352" bytesdiscarded="36000" />
  <finalization candidates="57" enqueued="0" />
  <references type="phantom" candidates="1" cleared="0" enqueued="0" />
  <object-monitors candidates="2" cleared="0"  />
</gc-op>
<gc-end id="2942" type="scavenge" contextid="2938" durationms="99.907" usertimems="393.346" systemtimems="1.424" stalltimems="3.185" timestamp="2022-02-08T18:54:41.280" activeThreads="4">
  <mem-info id="2943" free="157325992" total="1073741824" percent="14">
    <mem type="nursery" free="107064816" total="268435456" percent="39">
      <mem type="allocate" free="107064816" total="183697408" percent="58" />
      <mem type="survivor" free="0" total="84738048" percent="0" />
    </mem>
    <mem type="tenure" free="50261176" total="805306368" percent="6" macro-fragmented="19260884">
      <mem type="soa" free="42207416" total="797252608" percent="5" />
      <mem type="loa" free="8053760" total="8053760" percent="100" />
    </mem>
    <remembered-set count="102" />
  </mem-info>
</gc-end>
<cycle-end id="2944" type="scavenge" contextid="2938" timestamp="2022-02-08T18:54:41.280" />
<allocation-satisfied id="2945" threadId="0000000000016F00" bytesRequested="24" />
<af-end id="2946" timestamp="2022-02-08T18:54:41.280" threadId="0000000000017908" success="true" from="nursery"/>
<exclusive-end id="2947" timestamp="2022-02-08T18:54:41.280" durationms="100.180" />

<concurrent-end id="2948" type="global mark" contextid="2933" timestamp="2022-02-08T18:54:41.398">
<gc-op id="2949" type="trace" timems="341.398" contextid="2933" timestamp="2022-02-08T18:54:41.398">
  <trace bytesTraced="74437076" workStackOverflowCount="0" />
  <card-cleaning reason="card cleaning threshold reached" bytesTraced="904" cardsCleaned="2" />
</gc-op>
</concurrent-end>

<exclusive-start id="2950" timestamp="2022-02-08T18:54:41.398" intervalms="217.927">
  <response-info timems="0.017" idlems="0.017" threads="0" lastid="0000000000016F00" lastname="main" />
</exclusive-start>
<concurrent-global-final id="2951" timestamp="2022-02-08T18:54:41.398" contextid="2933" intervalms="2952.919" >
  <concurrent-trace-info reason="card cleaning threshold reached" tracedByMutators="57828104" tracedByHelpers="16609876" cardsCleaned="2" workStackOverflowCount="0" />
</concurrent-global-final>
<gc-start id="2952" type="global" contextid="2933" timestamp="2022-02-08T18:54:41.398">
  <mem-info id="2953" free="149756560" total="1073741824" percent="13">
    <mem type="nursery" free="99495384" total="268435456" percent="37">
      <mem type="allocate" free="99495384" total="183697408" percent="54" />
      <mem type="survivor" free="0" total="84738048" percent="0" />
    </mem>
    <mem type="tenure" free="50261176" total="805306368" percent="6">
      <mem type="soa" free="42207416" total="797252608" percent="5" />
      <mem type="loa" free="8053760" total="8053760" percent="100" />
    </mem>
    <remembered-set count="102" />
  </mem-info>
</gc-start>
<allocation-stats totalBytes="7566016" >
  <allocated-bytes non-tlh="24" tlh="7565992" />
  <largest-consumer threadName="main" threadId="0000000000016F00" bytes="7566016" />
</allocation-stats>
<gc-op id="2954" type="rs-scan" timems="0.534" contextid="2933" timestamp="2022-02-08T18:54:41.399">
  <scan objectsFound="29" bytesTraced="5268" workStackOverflowCount="0" />
</gc-op>
<gc-op id="2955" type="card-cleaning" timems="151.455" contextid="2933" timestamp="2022-02-08T18:54:41.550">
  <card-cleaning cardsCleaned="9" bytesTraced="71013140" workStackOverflowCount="0" />
</gc-op>
<gc-op id="2956" type="mark" timems="49.640" contextid="2933" timestamp="2022-02-08T18:54:41.600">
  <trace-info objectcount="1850387" scancount="1389318" scanbytes="29706472" />
  <finalization candidates="428" enqueued="57" />
  <ownableSynchronizers candidates="1" cleared="0" />
  <references type="soft" candidates="894" cleared="0" enqueued="0" dynamicThreshold="11" maxThreshold="32" />
  <references type="weak" candidates="1701" cleared="0" enqueued="0" />
  <references type="phantom" candidates="52" cleared="2" enqueued="2" />
  <stringconstants candidates="6470" cleared="0"  />
  <object-monitors candidates="2" cleared="0"  />
</gc-op>
<gc-op id="2957" type="sweep" timems="5.524" contextid="2933" timestamp="2022-02-08T18:54:41.606" />
<gc-end id="2958" type="global" contextid="2933" durationms="207.411" usertimems="224.953" systemtimems="0.000" stalltimems="148.475" timestamp="2022-02-08T18:54:41.606" activeThreads="4">
  <mem-info id="2959" free="392986832" total="1073741824" percent="36">
    <mem type="nursery" free="99731760" total="268435456" percent="37">
      <mem type="allocate" free="99731760" total="183697408" percent="54" />
      <mem type="survivor" free="0" total="84738048" percent="0" />
    </mem>
    <mem type="tenure" free="293255072" total="805306368" percent="36" micro-fragmented="397654" macro-fragmented="0">
      <mem type="soa" free="285201312" total="797252608" percent="35" />
      <mem type="loa" free="8053760" total="8053760" percent="100" />
    </mem>
    <pending-finalizers system="57" default="0" reference="2" classloader="0" />
    <remembered-set count="102" />
  </mem-info>
</gc-end>
<cycle-end id="2960" type="global" contextid="2933" timestamp="2022-02-08T18:54:41.606" />
<exclusive-end id="2961" timestamp="2022-02-08T18:54:41.606" durationms="207.657" />

<exclusive-start id="2962" timestamp="2022-02-08T18:54:42.249" intervalms="850.402">
  <response-info timems="0.018" idlems="0.018" threads="0" lastid="0000000000016F00" lastname="main" />
</exclusive-start>
<af-start id="2963" threadId="0000000000017908" totalBytesRequested="200" timestamp="2022-02-08T18:54:42.249" intervalms="1068.329" type="nursery" />
<cycle-start id="2964" type="scavenge" contextid="0" timestamp="2022-02-08T18:54:42.249" intervalms="1068.328" />
<gc-start id="2965" type="scavenge" contextid="2964" timestamp="2022-02-08T18:54:42.249">
  <mem-info id="2966" free="293255072" total="1073741824" percent="27">
    <mem type="nursery" free="0" total="268435456" percent="0">
      <mem type="allocate" free="0" total="183697408" percent="0" />
      <mem type="survivor" free="0" total="84738048" percent="0" />
    </mem>
    <mem type="tenure" free="293255072" total="805306368" percent="36">
      <mem type="soa" free="285201312" total="797252608" percent="35" />
      <mem type="loa" free="8053760" total="8053760" percent="100" />
    </mem>
    <remembered-set count="105" />
  </mem-info>
</gc-start>
<allocation-stats totalBytes="99686960" >
  <allocated-bytes non-tlh="0" tlh="99686960" />
  <largest-consumer threadName="main" threadId="0000000000016F00" bytes="99682864" />
</allocation-stats>
<gc-op id="2967" type="scavenge" timems="92.693" contextid="2964" timestamp="2022-02-08T18:54:42.341">
  <scavenger-info tenureage="1" tenuremask="7ffe" tiltratio="68" />
  <memory-copied type="nursery" objects="1353833" bytes="76188104" bytesdiscarded="249136" />
  <memory-copied type="tenure" objects="1338291" bytes="76489480" bytesdiscarded="49208" />
  <finalization candidates="1" enqueued="0" />
  <ownableSynchronizers candidates="2" cleared="2" />
  <object-monitors candidates="2" cleared="0"  />
</gc-op>
<gc-end id="2968" type="scavenge" contextid="2964" durationms="92.863" usertimems="366.295" systemtimems="0.000" stalltimems="3.301" timestamp="2022-02-08T18:54:42.342" activeThreads="4">
  <mem-info id="2969" free="324295528" total="1073741824" percent="30">
    <mem type="nursery" free="107653384" total="268435456" percent="40">
      <mem type="allocate" free="107653384" total="184090624" percent="58" />
      <mem type="survivor" free="0" total="84344832" percent="0" />
    </mem>
    <mem type="tenure" free="216642144" total="805306368" percent="26" macro-fragmented="348889">
      <mem type="soa" free="208588384" total="797252608" percent="26" />
      <mem type="loa" free="8053760" total="8053760" percent="100" />
    </mem>
    <remembered-set count="104" />
  </mem-info>
</gc-end>
<cycle-end id="2970" type="scavenge" contextid="2964" timestamp="2022-02-08T18:54:42.342" />
<allocation-satisfied id="2971" threadId="0000000000016F00" bytesRequested="200" />
<af-end id="2972" timestamp="2022-02-08T18:54:42.342" threadId="0000000000017908" success="true" from="nursery"/>
<exclusive-end id="2973" timestamp="2022-02-08T18:54:42.342" durationms="93.188" />

<exclusive-start id="2974" timestamp="2022-02-08T18:54:43.237" intervalms="988.090">
  <response-info timems="0.023" idlems="0.023" threads="0" lastid="0000000000016F00" lastname="main" />
</exclusive-start>
<af-start id="2975" threadId="0000000000017908" totalBytesRequested="24" timestamp="2022-02-08T18:54:43.237" intervalms="988.092" type="nursery" />
<cycle-start id="2976" type="scavenge" contextid="0" timestamp="2022-02-08T18:54:43.237" intervalms="988.094" />
<gc-start id="2977" type="scavenge" contextid="2976" timestamp="2022-02-08T18:54:43.237">
  <mem-info id="2978" free="216642144" total="1073741824" percent="20">
    <mem type="nursery" free="0" total="268435456" percent="0">
      <mem type="allocate" free="0" total="184090624" percent="0" />
      <mem type="survivor" free="0" total="84344832" percent="0" />
    </mem>
    <mem type="tenure" free="216642144" total="805306368" percent="26">
      <mem type="soa" free="208588384" total="797252608" percent="26" />
      <mem type="loa" free="8053760" total="8053760" percent="100" />
    </mem>
    <remembered-set count="135" />
  </mem-info>
</gc-start>
<allocation-stats totalBytes="107608288" >
  <allocated-bytes non-tlh="1018616" tlh="106589672" />
  <largest-consumer threadName="main" threadId="0000000000016F00" bytes="107608288" />
</allocation-stats>
<gc-op id="2979" type="scavenge" timems="98.118" contextid="2976" timestamp="2022-02-08T18:54:43.335">
  <scavenger-info tenureage="1" tenuremask="7ffe" tiltratio="68" />
  <memory-copied type="nursery" objects="1486348" bytes="75793640" bytesdiscarded="153896" />
  <memory-copied type="tenure" objects="1353832" bytes="76187992" bytesdiscarded="34880" />
  <finalization candidates="108" enqueued="53" />
  <references type="soft" candidates="14" cleared="0" enqueued="0" dynamicThreshold="11" maxThreshold="32" />
  <references type="weak" candidates="1" cleared="0" enqueued="0" />
  <references type="phantom" candidates="93" cleared="7" enqueued="7" />
  <object-monitors candidates="2" cleared="0"  />
</gc-op>
<gc-end id="2980" type="scavenge" contextid="2976" durationms="98.395" usertimems="364.212" systemtimems="3.525" stalltimems="8.701" timestamp="2022-02-08T18:54:43.335" activeThreads="4">
  <mem-info id="2981" free="248927496" total="1073741824" percent="23">
    <mem type="nursery" free="108601712" total="268435456" percent="40">
      <mem type="allocate" free="108601712" total="184549376" percent="58" />
      <mem type="survivor" free="0" total="83886080" percent="0" />
    </mem>
    <mem type="tenure" free="140325784" total="805306368" percent="17" macro-fragmented="0">
      <mem type="soa" free="132272024" total="797252608" percent="16" />
      <mem type="loa" free="8053760" total="8053760" percent="100" />
    </mem>
    <pending-finalizers system="52" default="1" reference="7" classloader="0" />
    <remembered-set count="132" />
  </mem-info>
</gc-end>
<cycle-end id="2982" type="scavenge" contextid="2976" timestamp="2022-02-08T18:54:43.335" />
<allocation-satisfied id="2983" threadId="0000000000016F00" bytesRequested="24" />
<af-end id="2984" timestamp="2022-02-08T18:54:43.335" threadId="0000000000017908" success="true" from="nursery"/>
<exclusive-end id="2985" timestamp="2022-02-08T18:54:43.335" durationms="98.838" />

<concurrent-kickoff id="2986" timestamp="2022-02-08T18:54:44.045">
  <kickoff reason="threshold reached" targetBytes="74439548" thresholdFreeBytes="5748597"  remainingFree="5746944" tenureFreeBytes="140325784" nurseryFreeBytes="5746944" />
</concurrent-kickoff>
<exclusive-start id="2987" timestamp="2022-02-08T18:54:44.048" intervalms="811.684">
  <response-info timems="0.034" idlems="0.034" threads="0" lastid="0000000000016F00" lastname="main" />
</exclusive-start>
<cycle-start id="2988" type="global" contextid="0" timestamp="2022-02-08T18:54:44.048" intervalms="2991.667" />
<concurrent-start id="2989" type="global mark" contextid="2988" timestamp="2022-02-08T18:54:44.048">
</concurrent-start>
<exclusive-end id="2990" timestamp="2022-02-08T18:54:44.048" durationms="0.045" />

<exclusive-start id="2991" timestamp="2022-02-08T18:54:44.165" intervalms="117.130">
  <response-info timems="0.037" idlems="0.037" threads="0" lastid="0000000000016F00" lastname="main" />
</exclusive-start>
<af-start id="2992" threadId="0000000000017908" totalBytesRequested="240" timestamp="2022-02-08T18:54:44.166" intervalms="928.812" type="nursery" />
<cycle-start id="2993" type="scavenge" contextid="0" timestamp="2022-02-08T18:54:44.166" intervalms="928.811" />
<gc-start id="2994" type="scavenge" contextid="2993" timestamp="2022-02-08T18:54:44.166">
  <mem-info id="2995" free="140325784" total="1073741824" percent="13">
    <mem type="nursery" free="0" total="268435456" percent="0">
      <mem type="allocate" free="0" total="184549376" percent="0" />
      <mem type="survivor" free="0" total="83886080" percent="0" />
    </mem>
    <mem type="tenure" free="140325784" total="805306368" percent="17">
      <mem type="soa" free="132272024" total="797252608" percent="16" />
      <mem type="loa" free="8053760" total="8053760" percent="100" />
    </mem>
    <remembered-set count="133" />
  </mem-info>
</gc-start>
<allocation-stats totalBytes="108547744" >
  <allocated-bytes non-tlh="1822832" tlh="106724912" />
  <largest-consumer threadName="main" threadId="0000000000016F00" bytes="108539552" />
</allocation-stats>
<gc-op id="2996" type="scavenge" timems="96.041" contextid="2993" timestamp="2022-02-08T18:54:44.262">
  <scavenger-info tenureage="1" tenuremask="7ffe" tiltratio="68" />
  <memory-copied type="nursery" objects="1354733" bytes="77360272" bytesdiscarded="183760" />
  <memory-copied type="tenure" objects="1485629" bytes="75155880" bytesdiscarded="35424" />
  <finalization candidates="57" enqueued="0" />
  <references type="phantom" candidates="2" cleared="0" enqueued="0" />
  <object-monitors candidates="2" cleared="0"  />
</gc-op>
<gc-end id="2997" type="scavenge" contextid="2993" durationms="96.221" usertimems="367.106" systemtimems="4.564" stalltimems="3.993" timestamp="2022-02-08T18:54:44.262" activeThreads="4">
  <mem-info id="2998" free="171055600" total="1073741824" percent="15">
    <mem type="nursery" free="105891232" total="268435456" percent="39">
      <mem type="allocate" free="105891232" total="183435264" percent="57" />
      <mem type="survivor" free="0" total="85000192" percent="0" />
    </mem>
    <mem type="tenure" free="65164368" total="805306368" percent="8" macro-fragmented="32636497">
      <mem type="soa" free="57110608" total="797252608" percent="7" />
      <mem type="loa" free="8053760" total="8053760" percent="100" />
    </mem>
    <remembered-set count="102" />
  </mem-info>
</gc-end>
<cycle-end id="2999" type="scavenge" contextid="2993" timestamp="2022-02-08T18:54:44.262" />
<allocation-satisfied id="3000" threadId="0000000000016F00" bytesRequested="240" />
<af-end id="3001" timestamp="2022-02-08T18:54:44.262" threadId="0000000000017908" success="true" from="nursery"/>
<exclusive-end id="3002" timestamp="2022-02-08T18:54:44.262" durationms="96.580" />

<concurrent-end id="3003" type="global mark" contextid="2988" timestamp="2022-02-08T18:54:44.394">
<gc-op id="3004" type="trace" timems="345.823" contextid="2988" timestamp="2022-02-08T18:54:44.394">
  <trace bytesTraced="74437300" workStackOverflowCount="0" />
  <card-cleaning reason="card cleaning threshold reached" bytesTraced="904" cardsCleaned="2" />
</gc-op>
</concurrent-end>

<exclusive-start id="3005" timestamp="2022-02-08T18:54:44.394" intervalms="228.781">
  <response-info timems="0.019" idlems="0.019" threads="0" lastid="0000000000016F00" lastname="main" />
</exclusive-start>
<concurrent-global-final id="3006" timestamp="2022-02-08T18:54:44.394" contextid="2988" intervalms="2996.086" >
  <concurrent-trace-info reason="card cleaning threshold reached" tracedByMutators="57734652" tracedByHelpers="16703552" cardsCleaned="2" workStackOverflowCount="0" />
</concurrent-global-final>
<gc-start id="3007" type="global" contextid="2988" timestamp="2022-02-08T18:54:44.394">
  <mem-info id="3008" free="162437376" total="1073741824" percent="15">
    <mem type="nursery" free="97273008" total="268435456" percent="36">
      <mem type="allocate" free="97273008" total="183435264" percent="53" />
      <mem type="survivor" free="0" total="85000192" percent="0" />
    </mem>
    <mem type="tenure" free="65164368" total="805306368" percent="8">
      <mem type="soa" free="57110608" total="797252608" percent="7" />
      <mem type="loa" free="8053760" total="8053760" percent="100" />
    </mem>
    <remembered-set count="102" />
  </mem-info>
</gc-start>
<allocation-stats totalBytes="8613744" >
  <allocated-bytes non-tlh="240" tlh="8613504" />
  <largest-consumer threadName="main" threadId="0000000000016F00" bytes="8613744" />
</allocation-stats>
<gc-op id="3009" type="rs-scan" timems="0.553" contextid="2988" timestamp="2022-02-08T18:54:44.395">
  <scan objectsFound="29" bytesTraced="5268" workStackOverflowCount="0" />
</gc-op>
<gc-op id="3010" type="card-cleaning" timems="161.312" contextid="2988" timestamp="2022-02-08T18:54:44.556">
  <card-cleaning cardsCleaned="9" bytesTraced="71013124" workStackOverflowCount="0" />
</gc-op>
<gc-op id="3011" type="mark" timems="43.003" contextid="2988" timestamp="2022-02-08T18:54:44.599">
  <trace-info objectcount="1623239" scancount="1218957" scanbytes="26072104" />
  <finalization candidates="428" enqueued="57" />
  <ownableSynchronizers candidates="1" cleared="0" />
  <references type="soft" candidates="894" cleared="0" enqueued="0" dynamicThreshold="11" maxThreshold="32" />
  <references type="weak" candidates="1701" cleared="0" enqueued="0" />
  <references type="phantom" candidates="52" cleared="2" enqueued="2" />
  <stringconstants candidates="6470" cleared="0"  />
  <object-monitors candidates="2" cleared="0"  />
</gc-op>
<gc-op id="3012" type="sweep" timems="5.370" contextid="2988" timestamp="2022-02-08T18:54:44.605" />
<gc-end id="3013" type="global" contextid="2988" durationms="210.509" usertimems="226.452" systemtimems="1.236" stalltimems="128.492" timestamp="2022-02-08T18:54:44.605" activeThreads="4">
  <mem-info id="3014" free="405583472" total="1073741824" percent="37">
    <mem type="nursery" free="97548704" total="268435456" percent="36">
      <mem type="allocate" free="97548704" total="183435264" percent="53" />
      <mem type="survivor" free="0" total="85000192" percent="0" />
    </mem>
    <mem type="tenure" free="308034768" total="805306368" percent="38" micro-fragmented="244688" macro-fragmented="0">
      <mem type="soa" free="299981008" total="797252608" percent="37" />
      <mem type="loa" free="8053760" total="8053760" percent="100" />
    </mem>
    <pending-finalizers system="57" default="0" reference="2" classloader="0" />
    <remembered-set count="102" />
  </mem-info>
</gc-end>
<cycle-end id="3015" type="global" contextid="2988" timestamp="2022-02-08T18:54:44.605" />
<exclusive-end id="3016" timestamp="2022-02-08T18:54:44.605" durationms="210.710" />

<exclusive-start id="3017" timestamp="2022-02-08T18:54:45.247" intervalms="852.762">
  <response-info timems="0.019" idlems="0.019" threads="0" lastid="0000000000016F00" lastname="main" />
</exclusive-start>
<af-start id="3018" threadId="0000000000017908" totalBytesRequested="24" timestamp="2022-02-08T18:54:45.247" intervalms="1081.545" type="nursery" />
<cycle-start id="3019" type="scavenge" contextid="0" timestamp="2022-02-08T18:54:45.247" intervalms="1081.545" />
<gc-start id="3020" type="scavenge" contextid="3019" timestamp="2022-02-08T18:54:45.247">
  <mem-info id="3021" free="308034768" total="1073741824" percent="28">
    <mem type="nursery" free="0" total="268435456" percent="0">
      <mem type="allocate" free="0" total="183435264" percent="0" />
      <mem type="survivor" free="0" total="85000192" percent="0" />
    </mem>
    <mem type="tenure" free="308034768" total="805306368" percent="38">
      <mem type="soa" free="299981008" total="797252608" percent="37" />
      <mem type="loa" free="8053760" total="8053760" percent="100" />
    </mem>
    <remembered-set count="105" />
  </mem-info>
</gc-start>
<allocation-stats totalBytes="97505168" >
  <allocated-bytes non-tlh="0" tlh="97505168" />
  <largest-consumer threadName="main" threadId="0000000000016F00" bytes="97501072" />
</allocation-stats>
<gc-op id="3022" type="scavenge" timems="91.660" contextid="3019" timestamp="2022-02-08T18:54:45.339">
  <scavenger-info tenureage="1" tenuremask="7ffe" tiltratio="68" />
  <memory-copied type="nursery" objects="1338964" bytes="75391992" bytesdiscarded="199712" />
  <memory-copied type="tenure" objects="1354732" bytes="77360144" bytesdiscarded="44592" />
  <finalization candidates="2" enqueued="0" />
  <ownableSynchronizers candidates="2" cleared="2" />
  <object-monitors candidates="2" cleared="0"  />
</gc-op>
<gc-end id="3023" type="scavenge" contextid="3019" durationms="91.874" usertimems="358.419" systemtimems="0.000" stalltimems="2.947" timestamp="2022-02-08T18:54:45.339" activeThreads="4">
  <mem-info id="3024" free="338613192" total="1073741824" percent="31">
    <mem type="nursery" free="108105704" total="268435456" percent="40">
      <mem type="allocate" free="108105704" total="183697408" percent="58" />
      <mem type="survivor" free="0" total="84738048" percent="0" />
    </mem>
    <mem type="tenure" free="230507488" total="805306368" percent="28" macro-fragmented="0">
      <mem type="soa" free="222453728" total="797252608" percent="27" />
      <mem type="loa" free="8053760" total="8053760" percent="100" />
    </mem>
    <remembered-set count="105" />
  </mem-info>
</gc-end>
<cycle-end id="3025" type="scavenge" contextid="3019" timestamp="2022-02-08T18:54:45.339" />
<allocation-satisfied id="3026" threadId="0000000000016F00" bytesRequested="24" />
<af-end id="3027" timestamp="2022-02-08T18:54:45.339" threadId="0000000000017908" success="true" from="nursery"/>
<exclusive-end id="3028" timestamp="2022-02-08T18:54:45.339" durationms="92.356" />

<exclusive-start id="3029" timestamp="2022-02-08T18:54:46.059" intervalms="811.547">
  <response-info timems="0.017" idlems="0.017" threads="0" lastid="0000000000016F00" lastname="main" />
</exclusive-start>
<af-start id="3030" threadId="0000000000017908" totalBytesRequested="96" timestamp="2022-02-08T18:54:46.059" intervalms="811.555" type="nursery" />
<cycle-start id="3031" type="scavenge" contextid="0" timestamp="2022-02-08T18:54:46.059" intervalms="811.554" />
<gc-start id="3032" type="scavenge" contextid="3031" timestamp="2022-02-08T18:54:46.059">
  <mem-info id="3033" free="230507488" total="1073741824" percent="21">
    <mem type="nursery" free="0" total="268435456" percent="0">
      <mem type="allocate" free="0" total="183697408" percent="0" />
      <mem type="survivor" free="0" total="84738048" percent="0" />
    </mem>
    <mem type="tenure" free="230507488" total="805306368" percent="28">
      <mem type="soa" free="222453728" total="797252608" percent="27" />
      <mem type="loa" free="8053760" total="8053760" percent="100" />
    </mem>
    <remembered-set count="119" />
  </mem-info>
</gc-start>
<allocation-stats totalBytes="108059096" >
  <allocated-bytes non-tlh="453728" tlh="107605368" />
  <largest-consumer threadName="main" threadId="0000000000016F00" bytes="108059096" />
</allocation-stats>
<gc-op id="3034" type="scavenge" timems="94.515" contextid="3031" timestamp="2022-02-08T18:54:46.153">
  <scavenger-info tenureage="1" tenuremask="7ffe" tiltratio="68" />
  <memory-copied type="nursery" objects="1360701" bytes="76948280" bytesdiscarded="61744" />
  <memory-copied type="tenure" objects="1338964" bytes="75391992" bytesdiscarded="41840" />
  <finalization candidates="30" enqueued="18" />
  <references type="phantom" candidates="30" cleared="0" enqueued="0" />
  <object-monitors candidates="2" cleared="0"  />
</gc-op>
<gc-end id="3035" type="scavenge" contextid="3031" durationms="94.732" usertimems="371.623" systemtimems="0.595" stalltimems="5.065" timestamp="2022-02-08T18:54:46.153" activeThreads="4">
  <mem-info id="3036" free="261534352" total="1073741824" percent="24">
    <mem type="nursery" free="106621848" total="268435456" percent="39">
      <mem type="allocate" free="106621848" total="183631872" percent="58" />
      <mem type="survivor" free="0" total="84803584" percent="0" />
    </mem>
    <mem type="tenure" free="154912504" total="805306368" percent="19" macro-fragmented="0">
      <mem type="soa" free="146858744" total="797252608" percent="18" />
      <mem type="loa" free="8053760" total="8053760" percent="100" />
    </mem>
    <pending-finalizers system="18" default="0" reference="0" classloader="0" />
    <remembered-set count="118" />
  </mem-info>
</gc-end>
<cycle-end id="3037" type="scavenge" contextid="3031" timestamp="2022-02-08T18:54:46.154" />
<allocation-satisfied id="3038" threadId="0000000000016F00" bytesRequested="96" />
<af-end id="3039" timestamp="2022-02-08T18:54:46.154" threadId="0000000000017908" success="true" from="nursery"/>
<exclusive-end id="3040" timestamp="2022-02-08T18:54:46.154" durationms="95.007" />

<concurrent-kickoff id="3041" timestamp="2022-02-08T18:54:46.960">
  <kickoff reason="threshold reached" targetBytes="74439281" thresholdFreeBytes="5751677"  remainingFree="5630872" tenureFreeBytes="154912504" nurseryFreeBytes="5630872" />
</concurrent-kickoff>
<exclusive-start id="3042" timestamp="2022-02-08T18:54:46.963" intervalms="904.522">
  <response-info timems="0.021" idlems="0.021" threads="0" lastid="0000000000016F00" lastname="main" />
</exclusive-start>
<cycle-start id="3043" type="global" contextid="0" timestamp="2022-02-08T18:54:46.963" intervalms="2914.725" />
<concurrent-start id="3044" type="global mark" contextid="3043" timestamp="2022-02-08T18:54:46.963">
</concurrent-start>
<exclusive-end id="3045" timestamp="2022-02-08T18:54:46.963" durationms="0.027" />

<exclusive-start id="3046" timestamp="2022-02-08T18:54:47.090" intervalms="127.190">
  <response-info timems="0.036" idlems="0.036" threads="0" lastid="0000000000016F00" lastname="main" />
</exclusive-start>
<af-start id="3047" threadId="0000000000017908" totalBytesRequested="184" timestamp="2022-02-08T18:54:47.090" intervalms="1031.703" type="nursery" />
<cycle-start id="3048" type="scavenge" contextid="0" timestamp="2022-02-08T18:54:47.090" intervalms="1031.713" />
<gc-start id="3049" type="scavenge" contextid="3048" timestamp="2022-02-08T18:54:47.090">
  <mem-info id="3050" free="154912504" total="1073741824" percent="14">
    <mem type="nursery" free="0" total="268435456" percent="0">
      <mem type="allocate" free="0" total="183631872" percent="0" />
      <mem type="survivor" free="0" total="84803584" percent="0" />
    </mem>
    <mem type="tenure" free="154912504" total="805306368" percent="19">
      <mem type="soa" free="146858744" total="797252608" percent="18" />
      <mem type="loa" free="8053760" total="8053760" percent="100" />
    </mem>
    <remembered-set count="135" />
  </mem-info>
</gc-start>
<allocation-stats totalBytes="106572200" >
  <allocated-bytes non-tlh="2484640" tlh="104087560" />
  <largest-consumer threadName="main" threadId="0000000000016F00" bytes="106568104" />
</allocation-stats>
<gc-op id="3051" type="scavenge" timems="95.706" contextid="3048" timestamp="2022-02-08T18:54:47.186">
  <scavenger-info tenureage="1" tenuremask="7ffe" tiltratio="68" />
  <memory-copied type="nursery" objects="1417555" bytes="75252648" bytesdiscarded="243328" />
  <memory-copied type="tenure" objects="1360402" bytes="76335536" bytesdiscarded="38528" />
  <finalization candidates="92" enqueued="35" />
  <references type="soft" candidates="14" cleared="0" enqueued="0" dynamicThreshold="12" maxThreshold="32" />
  <references type="weak" candidates="1" cleared="0" enqueued="0" />
  <references type="phantom" candidates="77" cleared="7" enqueued="7" />
  <object-monitors candidates="2" cleared="0"  />
</gc-op>
<gc-end id="3052" type="scavenge" contextid="3048" durationms="95.941" usertimems="371.108" systemtimems="4.559" stalltimems="3.901" timestamp="2022-02-08T18:54:47.186" activeThreads="4">
  <mem-info id="3053" free="186979808" total="1073741824" percent="17">
    <mem type="nursery" free="108463448" total="268435456" percent="40">
      <mem type="allocate" free="108463448" total="183959552" percent="58" />
      <mem type="survivor" free="0" total="84475904" percent="0" />
    </mem>
    <mem type="tenure" free="78516360" total="805306368" percent="9" macro-fragmented="39939376">
      <mem type="soa" free="70462600" total="797252608" percent="8" />
      <mem type="loa" free="8053760" total="8053760" percent="100" />
    </mem>
    <pending-finalizers system="34" default="1" reference="7" classloader="0" />
    <remembered-set count="121" />
  </mem-info>
</gc-end>
<cycle-end id="3054" type="scavenge" contextid="3048" timestamp="2022-02-08T18:54:47.186" />
<allocation-satisfied id="3055" threadId="0000000000016F00" bytesRequested="184" />
<af-end id="3056" timestamp="2022-02-08T18:54:47.186" threadId="0000000000017908" success="true" from="nursery"/>
<exclusive-end id="3057" timestamp="2022-02-08T18:54:47.187" durationms="96.241" />

<concurrent-end id="3058" type="global mark" contextid="3043" timestamp="2022-02-08T18:54:47.304">
<gc-op id="3059" type="trace" timems="340.993" contextid="3043" timestamp="2022-02-08T18:54:47.304">
  <trace bytesTraced="74437588" workStackOverflowCount="0" />
  <card-cleaning reason="card cleaning threshold reached" bytesTraced="904" cardsCleaned="2" />
</gc-op>
</concurrent-end>

<exclusive-start id="3060" timestamp="2022-02-08T18:54:47.304" intervalms="213.888">
  <response-info timems="0.020" idlems="0.020" threads="0" lastid="0000000000016F00" lastname="main" />
</exclusive-start>
<concurrent-global-final id="3061" timestamp="2022-02-08T18:54:47.304" contextid="3043" intervalms="2909.909" >
  <concurrent-trace-info reason="card cleaning threshold reached" tracedByMutators="57512980" tracedByHelpers="16925512" cardsCleaned="2" workStackOverflowCount="0" />
</concurrent-global-final>
<gc-start id="3062" type="global" contextid="3043" timestamp="2022-02-08T18:54:47.304">
  <mem-info id="3063" free="179402024" total="1073741824" percent="16">
    <mem type="nursery" free="100885664" total="268435456" percent="37">
      <mem type="allocate" free="100885664" total="183959552" percent="54" />
      <mem type="survivor" free="0" total="84475904" percent="0" />
    </mem>
    <mem type="tenure" free="78516360" total="805306368" percent="9">
      <mem type="soa" free="70462600" total="797252608" percent="8" />
      <mem type="loa" free="8053760" total="8053760" percent="100" />
    </mem>
    <remembered-set count="122" />
  </mem-info>
</gc-start>
<allocation-stats totalBytes="7574280" >
  <allocated-bytes non-tlh="184" tlh="7574096" />
  <largest-consumer threadName="main" threadId="0000000000016F00" bytes="7566088" />
</allocation-stats>
<gc-op id="3064" type="rs-scan" timems="130.801" contextid="3043" timestamp="2022-02-08T18:54:47.435">
  <scan objectsFound="3324743" bytesTraced="71015584" workStackOverflowCount="0" />
</gc-op>
<gc-op id="3065" type="card-cleaning" timems="0.279" contextid="3043" timestamp="2022-02-08T18:54:47.435">
  <card-cleaning cardsCleaned="4" bytesTraced="1788" workStackOverflowCount="0" />
</gc-op>
<gc-op id="3066" type="mark" timems="33.933" contextid="3043" timestamp="2022-02-08T18:54:47.469">
  <trace-info objectcount="1296253" scancount="973716" scanbytes="20840328" />
  <finalization candidates="428" enqueued="57" />
  <ownableSynchronizers candidates="1" cleared="0" />
  <references type="soft" candidates="894" cleared="0" enqueued="0" dynamicThreshold="12" maxThreshold="32" />
  <references type="weak" candidates="1701" cleared="0" enqueued="0" />
  <references type="phantom" candidates="52" cleared="2" enqueued="2" />
  <stringconstants candidates="6470" cleared="0"  />
  <object-monitors candidates="2" cleared="0"  />
</gc-op>
<gc-op id="3067" type="sweep" timems="4.817" contextid="3043" timestamp="2022-02-08T18:54:47.474" />
<gc-end id="3068" type="global" contextid="3043" durationms="170.056" usertimems="181.807" systemtimems="4.040" stalltimems="100.685" timestamp="2022-02-08T18:54:47.474" activeThreads="4">
  <mem-info id="3069" free="423095440" total="1073741824" percent="39">
    <mem type="nursery" free="101541784" total="268435456" percent="37">
      <mem type="allocate" free="101541784" total="183959552" percent="55" />
      <mem type="survivor" free="0" total="84475904" percent="0" />
    </mem>
    <mem type="tenure" free="321553656" total="805306368" percent="39" micro-fragmented="343903" macro-fragmented="0">
      <mem type="soa" free="313499896" total="797252608" percent="39" />
      <mem type="loa" free="8053760" total="8053760" percent="100" />
    </mem>
    <pending-finalizers system="57" default="0" reference="2" classloader="0" />
    <remembered-set count="109" />
  </mem-info>
</gc-end>
<cycle-end id="3070" type="global" contextid="3043" timestamp="2022-02-08T18:54:47.474" />
<exclusive-end id="3071" timestamp="2022-02-08T18:54:47.474" durationms="170.283" />

<exclusive-start id="3072" timestamp="2022-02-08T18:54:48.183" intervalms="878.466">
  <response-info timems="0.020" idlems="0.020" threads="0" lastid="0000000000016F00" lastname="main" />
</exclusive-start>
<af-start id="3073" threadId="0000000000017908" totalBytesRequested="184" timestamp="2022-02-08T18:54:48.183" intervalms="1092.355" type="nursery" />
<cycle-start id="3074" type="scavenge" contextid="0" timestamp="2022-02-08T18:54:48.183" intervalms="1092.346" />
<gc-start id="3075" type="scavenge" contextid="3074" timestamp="2022-02-08T18:54:48.183">
  <mem-info id="3076" free="321553656" total="1073741824" percent="29">
    <mem type="nursery" free="0" total="268435456" percent="0">
      <mem type="allocate" free="0" total="183959552" percent="0" />
      <mem type="survivor" free="0" total="84475904" percent="0" />
    </mem>
    <mem type="tenure" free="321553656" total="805306368" percent="39">
      <mem type="soa" free="313499896" total="797252608" percent="39" />
      <mem type="loa" free="8053760" total="8053760" percent="100" />
    </mem>
    <remembered-set count="110" />
  </mem-info>
</gc-start>
<allocation-stats totalBytes="101493728" >
  <allocated-bytes non-tlh="0" tlh="101493728" />
  <largest-consumer threadName="main" threadId="0000000000016F00" bytes="101489632" />
</allocation-stats>
<gc-op id="3077" type="scavenge" timems="114.077" contextid="3074" timestamp="2022-02-08T18:54:48.297">
  <scavenger-info tenureage="1" tenuremask="7ffe" tiltratio="68" />
  <memory-copied type="nursery" objects="1406519" bytes="77590072" bytesdiscarded="274568" />
  <memory-copied type="tenure" objects="1417073" bytes="74940800" bytesdiscarded="43952" />
  <finalization candidates="45" enqueued="0" />
  <ownableSynchronizers candidates="2" cleared="2" />
  <object-monitors candidates="2" cleared="0"  />
</gc-op>
<gc-end id="3078" type="scavenge" contextid="3074" durationms="114.280" usertimems="420.285" systemtimems="3.034" stalltimems="32.139" timestamp="2022-02-08T18:54:48.297" activeThreads="4">
  <mem-info id="3079" free="351016560" total="1073741824" percent="32">
    <mem type="nursery" free="104587584" total="268435456" percent="38">
      <mem type="allocate" free="104587584" total="182452224" percent="57" />
      <mem type="survivor" free="0" total="85983232" percent="0" />
    </mem>
    <mem type="tenure" free="246428976" total="805306368" percent="30" macro-fragmented="0">
      <mem type="soa" free="238375216" total="797252608" percent="29" />
      <mem type="loa" free="8053760" total="8053760" percent="100" />
    </mem>
    <remembered-set count="104" />
  </mem-info>
</gc-end>
<cycle-end id="3080" type="scavenge" contextid="3074" timestamp="2022-02-08T18:54:48.297" />
<allocation-satisfied id="3081" threadId="0000000000016F00" bytesRequested="184" />
<af-end id="3082" timestamp="2022-02-08T18:54:48.297" threadId="0000000000017908" success="true" from="nursery"/>
<exclusive-end id="3083" timestamp="2022-02-08T18:54:48.297" durationms="114.526" />

<exclusive-start id="3084" timestamp="2022-02-08T18:54:48.952" intervalms="769.680">
  <response-info timems="0.019" idlems="0.019" threads="0" lastid="0000000000016F00" lastname="main" />
</exclusive-start>
<af-start id="3085" threadId="0000000000017908" totalBytesRequested="24" timestamp="2022-02-08T18:54:48.952" intervalms="769.678" type="nursery" />
<cycle-start id="3086" type="scavenge" contextid="0" timestamp="2022-02-08T18:54:48.952" intervalms="769.678" />
<gc-start id="3087" type="scavenge" contextid="3086" timestamp="2022-02-08T18:54:48.952">
  <mem-info id="3088" free="246428976" total="1073741824" percent="22">
    <mem type="nursery" free="0" total="268435456" percent="0">
      <mem type="allocate" free="0" total="182452224" percent="0" />
      <mem type="survivor" free="0" total="85983232" percent="0" />
    </mem>
    <mem type="tenure" free="246428976" total="805306368" percent="30">
      <mem type="soa" free="238375216" total="797252608" percent="29" />
      <mem type="loa" free="8053760" total="8053760" percent="100" />
    </mem>
    <remembered-set count="104" />
  </mem-info>
</gc-start>
<allocation-stats totalBytes="104539600" >
  <allocated-bytes non-tlh="184" tlh="104539416" />
  <largest-consumer threadName="main" threadId="0000000000016F00" bytes="104539600" />
</allocation-stats>
<gc-op id="3089" type="scavenge" timems="91.782" contextid="3086" timestamp="2022-02-08T18:54:49.044">
  <scavenger-info tenureage="1" tenuremask="7ffe" tiltratio="67" />
  <memory-copied type="nursery" objects="1305461" bytes="74328392" bytesdiscarded="212920" />
  <memory-copied type="tenure" objects="1406518" bytes="77589968" bytesdiscarded="42696" />
  <object-monitors candidates="2" cleared="0"  />
</gc-op>
<gc-end id="3090" type="scavenge" contextid="3086" durationms="91.968" usertimems="310.678" systemtimems="0.000" stalltimems="11.509" timestamp="2022-02-08T18:54:49.044" activeThreads="4">
  <mem-info id="3091" free="277240792" total="1073741824" percent="25">
    <mem type="nursery" free="108369664" total="268435456" percent="40">
      <mem type="allocate" free="108369664" total="182910976" percent="59" />
      <mem type="survivor" free="0" total="85524480" percent="0" />
    </mem>
    <mem type="tenure" free="168871128" total="805306368" percent="20" macro-fragmented="69015248">
      <mem type="soa" free="160817368" total="797252608" percent="20" />
      <mem type="loa" free="8053760" total="8053760" percent="100" />
    </mem>
    <remembered-set count="104" />
  </mem-info>
</gc-end>
<cycle-end id="3092" type="scavenge" contextid="3086" timestamp="2022-02-08T18:54:49.045" />
<allocation-satisfied id="3093" threadId="0000000000016F00" bytesRequested="24" />
<af-end id="3094" timestamp="2022-02-08T18:54:49.045" threadId="0000000000017908" success="true" from="nursery"/>
<exclusive-end id="3095" timestamp="2022-02-08T18:54:49.045" durationms="92.282" />

<exclusive-start id="3096" timestamp="2022-02-08T18:54:49.935" intervalms="982.612">
  <response-info timems="0.017" idlems="0.017" threads="0" lastid="0000000000016F00" lastname="main" />
</exclusive-start>
<af-start id="3097" threadId="0000000000017908" totalBytesRequested="24" timestamp="2022-02-08T18:54:49.935" intervalms="982.613" type="nursery" />
<cycle-start id="3098" type="scavenge" contextid="0" timestamp="2022-02-08T18:54:49.935" intervalms="982.612" />
<gc-start id="3099" type="scavenge" contextid="3098" timestamp="2022-02-08T18:54:49.935">
  <mem-info id="3100" free="168871128" total="1073741824" percent="15">
    <mem type="nursery" free="0" total="268435456" percent="0">
      <mem type="allocate" free="0" total="182910976" percent="0" />
      <mem type="survivor" free="0" total="85524480" percent="0" />
    </mem>
    <mem type="tenure" free="168871128" total="805306368" percent="20">
      <mem type="soa" free="160817368" total="797252608" percent="20" />
      <mem type="loa" free="8053760" total="8053760" percent="100" />
    </mem>
    <remembered-set count="134" />
  </mem-info>
</gc-start>
<allocation-stats totalBytes="108321504" >
  <allocated-bytes non-tlh="2938272" tlh="105383232" />
  <largest-consumer threadName="main" threadId="0000000000016F00" bytes="108321504" />
</allocation-stats>
<gc-op id="3101" type="scavenge" timems="83.246" contextid="3098" timestamp="2022-02-08T18:54:50.018">
  <scavenger-info tenureage="1" tenuremask="7ffe" tiltratio="68" />
  <memory-copied type="nursery" objects="1460140" bytes="76183096" bytesdiscarded="158576" />
  <memory-copied type="tenure" objects="1305461" bytes="74328392" bytesdiscarded="39752" />
  <finalization candidates="110" enqueued="53" />
  <references type="soft" candidates="14" cleared="0" enqueued="0" dynamicThreshold="12" maxThreshold="32" />
  <references type="weak" candidates="1" cleared="0" enqueued="0" />
  <references type="phantom" candidates="95" cleared="7" enqueued="7" />
  <object-monitors candidates="2" cleared="0"  />
</gc-op>
<gc-end id="3102" type="scavenge" contextid="3098" durationms="83.416" usertimems="317.360" systemtimems="0.329" stalltimems="3.762" timestamp="2022-02-08T18:54:50.018" activeThreads="4">
  <mem-info id="3103" free="201079048" total="1073741824" percent="18">
    <mem type="nursery" free="106765784" total="268435456" percent="39">
      <mem type="allocate" free="106765784" total="183107584" percent="58" />
      <mem type="survivor" free="0" total="85327872" percent="0" />
    </mem>
    <mem type="tenure" free="94313264" total="805306368" percent="11" macro-fragmented="82818304">
      <mem type="soa" free="86259504" total="797252608" percent="10" />
      <mem type="loa" free="8053760" total="8053760" percent="100" />
    </mem>
    <pending-finalizers system="52" default="1" reference="7" classloader="0" />
    <remembered-set count="128" />
  </mem-info>
</gc-end>
<cycle-end id="3104" type="scavenge" contextid="3098" timestamp="2022-02-08T18:54:50.019" />
<allocation-satisfied id="3105" threadId="0000000000016F00" bytesRequested="24" />
<af-end id="3106" timestamp="2022-02-08T18:54:50.019" threadId="0000000000017908" success="true" from="nursery"/>
<exclusive-end id="3107" timestamp="2022-02-08T18:54:50.019" durationms="83.707" />

<concurrent-kickoff id="3108" timestamp="2022-02-08T18:54:50.709">
  <kickoff reason="threshold reached" targetBytes="74439125" thresholdFreeBytes="5750507"  remainingFree="5643736" tenureFreeBytes="94313264" nurseryFreeBytes="5643736" />
</concurrent-kickoff>
<exclusive-start id="3109" timestamp="2022-02-08T18:54:50.713" intervalms="778.580">
  <response-info timems="0.021" idlems="0.021" threads="0" lastid="0000000000016F00" lastname="main" />
</exclusive-start>
<cycle-start id="3110" type="global" contextid="0" timestamp="2022-02-08T18:54:50.714" intervalms="3750.417" />
<concurrent-start id="3111" type="global mark" contextid="3110" timestamp="2022-02-08T18:54:50.714">
</concurrent-start>
<exclusive-end id="3112" timestamp="2022-02-08T18:54:50.714" durationms="0.032" />

<exclusive-start id="3113" timestamp="2022-02-08T18:54:50.830" intervalms="116.813">
  <response-info timems="0.021" idlems="0.021" threads="0" lastid="0000000000016F00" lastname="main" />
</exclusive-start>
<af-start id="3114" threadId="0000000000017908" totalBytesRequested="104" timestamp="2022-02-08T18:54:50.830" intervalms="895.393" type="nursery" />
<cycle-start id="3115" type="scavenge" contextid="0" timestamp="2022-02-08T18:54:50.830" intervalms="895.393" />
<gc-start id="3116" type="scavenge" contextid="3115" timestamp="2022-02-08T18:54:50.830">
  <mem-info id="3117" free="94313264" total="1073741824" percent="8">
    <mem type="nursery" free="0" total="268435456" percent="0">
      <mem type="allocate" free="0" total="183107584" percent="0" />
      <mem type="survivor" free="0" total="85327872" percent="0" />
    </mem>
    <mem type="tenure" free="94313264" total="805306368" percent="11">
      <mem type="soa" free="86259504" total="797252608" percent="10" />
      <mem type="loa" free="8053760" total="8053760" percent="100" />
    </mem>
    <remembered-set count="129" />
  </mem-info>
</gc-start>
<allocation-stats totalBytes="106714960" >
  <allocated-bytes non-tlh="24" tlh="106714936" />
  <largest-consumer threadName="main" threadId="0000000000016F00" bytes="106706768" />
</allocation-stats>
<gc-op id="3118" type="scavenge" timems="102.004" contextid="3115" timestamp="2022-02-08T18:54:50.932">
  <scavenger-info tenureage="1" tenuremask="7ffe" tiltratio="68" />
  <memory-copied type="nursery" objects="1368166" bytes="75995200" bytesdiscarded="179696" />
  <memory-copied type="tenure" objects="1459429" bytes="75715240" bytesdiscarded="37752" />
  <finalization candidates="57" enqueued="0" />
  <object-monitors candidates="2" cleared="0"  />
</gc-op>
<gc-end id="3119" type="scavenge" contextid="3115" durationms="102.309" usertimems="404.035" systemtimems="0.000" stalltimems="2.543" timestamp="2022-02-08T18:54:50.933" activeThreads="4">
  <mem-info id="3120" free="126315152" total="1073741824" percent="11">
    <mem type="nursery" free="107588048" total="268435456" percent="40">
      <mem type="allocate" free="107588048" total="183762944" percent="58" />
      <mem type="survivor" free="0" total="84672512" percent="0" />
    </mem>
    <mem type="tenure" free="18727104" total="805306368" percent="2" macro-fragmented="0">
      <mem type="soa" free="10673344" total="797252608" percent="1" />
      <mem type="loa" free="8053760" total="8053760" percent="100" />
    </mem>
    <remembered-set count="102" />
  </mem-info>
</gc-end>
<cycle-end id="3121" type="scavenge" contextid="3115" timestamp="2022-02-08T18:54:50.933" />
<allocation-satisfied id="3122" threadId="0000000000016F00" bytesRequested="104" />
<af-end id="3123" timestamp="2022-02-08T18:54:50.933" threadId="0000000000017908" success="true" from="nursery"/>
<exclusive-end id="3124" timestamp="2022-02-08T18:54:50.933" durationms="102.630" />

<concurrent-end id="3125" type="global mark" contextid="3110" timestamp="2022-02-08T18:54:51.082">
<gc-op id="3126" type="trace" timems="368.314" contextid="3110" timestamp="2022-02-08T18:54:51.082">
  <trace bytesTraced="74437700" workStackOverflowCount="0" />
  <card-cleaning reason="card cleaning threshold reached" bytesTraced="904" cardsCleaned="2" />
</gc-op>
</concurrent-end>

<exclusive-start id="3127" timestamp="2022-02-08T18:54:51.082" intervalms="251.596">
  <response-info timems="0.028" idlems="0.028" threads="0" lastid="0000000000016F00" lastname="main" />
</exclusive-start>
<concurrent-global-final id="3128" timestamp="2022-02-08T18:54:51.082" contextid="3110" intervalms="3777.768" >
  <concurrent-trace-info reason="card cleaning threshold reached" tracedByMutators="56859444" tracedByHelpers="17579160" cardsCleaned="2" workStackOverflowCount="0" />
</concurrent-global-final>
<gc-start id="3129" type="global" contextid="3110" timestamp="2022-02-08T18:54:51.082">
  <mem-info id="3130" free="118352424" total="1073741824" percent="11">
    <mem type="nursery" free="99625320" total="268435456" percent="37">
      <mem type="allocate" free="99625320" total="183762944" percent="54" />
      <mem type="survivor" free="0" total="84672512" percent="0" />
    </mem>
    <mem type="tenure" free="18727104" total="805306368" percent="2">
      <mem type="soa" free="10673344" total="797252608" percent="1" />
      <mem type="loa" free="8053760" total="8053760" percent="100" />
    </mem>
    <remembered-set count="102" />
  </mem-info>
</gc-start>
<allocation-stats totalBytes="7959008" >
  <allocated-bytes non-tlh="104" tlh="7958904" />
  <largest-consumer threadName="main" threadId="0000000000016F00" bytes="7959008" />
</allocation-stats>
<gc-op id="3131" type="rs-scan" timems="0.780" contextid="3110" timestamp="2022-02-08T18:54:51.083">
  <scan objectsFound="0" bytesTraced="3836" workStackOverflowCount="0" />
</gc-op>
<gc-op id="3132" type="card-cleaning" timems="154.184" contextid="3110" timestamp="2022-02-08T18:54:51.237">
  <card-cleaning cardsCleaned="10" bytesTraced="71014572" workStackOverflowCount="0" />
</gc-op>
<gc-op id="3133" type="mark" timems="68.048" contextid="3110" timestamp="2022-02-08T18:54:51.305">
  <trace-info objectcount="2415714" scancount="1813313" scanbytes="38751720" />
  <finalization candidates="428" enqueued="57" />
  <ownableSynchronizers candidates="1" cleared="0" />
  <references type="soft" candidates="894" cleared="0" enqueued="0" dynamicThreshold="12" maxThreshold="32" />
  <references type="weak" candidates="1701" cleared="0" enqueued="0" />
  <references type="phantom" candidates="52" cleared="2" enqueued="2" />
  <stringconstants candidates="6470" cleared="0"  />
  <object-monitors candidates="2" cleared="0"  />
</gc-op>
<gc-op id="3134" type="sweep" timems="4.991" contextid="3110" timestamp="2022-02-08T18:54:51.310" />
<gc-end id="3135" type="global" contextid="3110" durationms="228.235" usertimems="244.521" systemtimems="0.000" stalltimems="202.902" timestamp="2022-02-08T18:54:51.310" activeThreads="4">
  <mem-info id="3136" free="361441408" total="1073741824" percent="33">
    <mem type="nursery" free="99900432" total="268435456" percent="37">
      <mem type="allocate" free="99900432" total="183762944" percent="54" />
      <mem type="survivor" free="0" total="84672512" percent="0" />
    </mem>
    <mem type="tenure" free="261540976" total="805306368" percent="32" micro-fragmented="379626" macro-fragmented="0">
      <mem type="soa" free="253487216" total="797252608" percent="31" />
      <mem type="loa" free="8053760" total="8053760" percent="100" />
    </mem>
    <pending-finalizers system="57" default="0" reference="2" classloader="0" />
    <remembered-set count="102" />
  </mem-info>
</gc-end>
<cycle-end id="3137" type="global" contextid="3110" timestamp="2022-02-08T18:54:51.310" />
<exclusive-end id="3138" timestamp="2022-02-08T18:54:51.310" durationms="228.460" />

<exclusive-start id="3139" timestamp="2022-02-08T18:54:51.917" intervalms="835.528">
  <response-info timems="0.019" idlems="0.019" threads="0" lastid="0000000000016F00" lastname="main" />
</exclusive-start>
<af-start id="3140" threadId="0000000000017908" totalBytesRequested="96" timestamp="2022-02-08T18:54:51.917" intervalms="1087.125" type="nursery" />
<cycle-start id="3141" type="scavenge" contextid="0" timestamp="2022-02-08T18:54:51.917" intervalms="1087.125" />
<gc-start id="3142" type="scavenge" contextid="3141" timestamp="2022-02-08T18:54:51.918">
  <mem-info id="3143" free="261540976" total="1073741824" percent="24">
    <mem type="nursery" free="0" total="268435456" percent="0">
      <mem type="allocate" free="0" total="183762944" percent="0" />
      <mem type="survivor" free="0" total="84672512" percent="0" />
    </mem>
    <mem type="tenure" free="261540976" total="805306368" percent="32">
      <mem type="soa" free="253487216" total="797252608" percent="31" />
      <mem type="loa" free="8053760" total="8053760" percent="100" />
    </mem>
    <remembered-set count="105" />
  </mem-info>
</gc-start>
<allocation-stats totalBytes="99856240" >
  <allocated-bytes non-tlh="0" tlh="99856240" />
  <largest-consumer threadName="main" threadId="0000000000016F00" bytes="99852144" />
</allocation-stats>
<gc-op id="3144" type="scavenge" timems="81.673" contextid="3141" timestamp="2022-02-08T18:54:51.999">
  <scavenger-info tenureage="1" tenuremask="7ffe" tiltratio="68" />
  <memory-copied type="nursery" objects="1358214" bytes="76578288" bytesdiscarded="122152" />
  <memory-copied type="tenure" objects="1368166" bytes="75995200" bytesdiscarded="44048" />
  <ownableSynchronizers candidates="2" cleared="2" />
  <object-monitors candidates="2" cleared="0"  />
</gc-op>
<gc-end id="3145" type="scavenge" contextid="3141" durationms="81.867" usertimems="323.839" systemtimems="0.000" stalltimems="1.801" timestamp="2022-02-08T18:54:51.999" activeThreads="4">
  <mem-info id="3146" free="293362184" total="1073741824" percent="27">
    <mem type="nursery" free="108111080" total="268435456" percent="40">
      <mem type="allocate" free="108111080" total="184811520" percent="58" />
      <mem type="survivor" free="0" total="83623936" percent="0" />
    </mem>
    <mem type="tenure" free="185251104" total="805306368" percent="23" macro-fragmented="0">
      <mem type="soa" free="177197344" total="797252608" percent="22" />
      <mem type="loa" free="8053760" total="8053760" percent="100" />
    </mem>
    <remembered-set count="105" />
  </mem-info>
</gc-end>
<cycle-end id="3147" type="scavenge" contextid="3141" timestamp="2022-02-08T18:54:52.000" />
<allocation-satisfied id="3148" threadId="0000000000016F00" bytesRequested="96" />
<af-end id="3149" timestamp="2022-02-08T18:54:52.000" threadId="0000000000017908" success="true" from="nursery"/>
<exclusive-end id="3150" timestamp="2022-02-08T18:54:52.000" durationms="82.115" />

<exclusive-start id="3151" timestamp="2022-02-08T18:54:52.883" intervalms="966.015">
  <response-info timems="0.019" idlems="0.019" threads="0" lastid="0000000000016F00" lastname="main" />
</exclusive-start>
<af-start id="3152" threadId="0000000000017908" totalBytesRequested="1347680" timestamp="2022-02-08T18:54:52.883" intervalms="966.011" type="nursery" />
<cycle-start id="3153" type="scavenge" contextid="0" timestamp="2022-02-08T18:54:52.884" intervalms="966.011" />
<gc-start id="3154" type="scavenge" contextid="3153" timestamp="2022-02-08T18:54:52.884">
  <mem-info id="3155" free="186538504" total="1073741824" percent="17">
    <mem type="nursery" free="1287400" total="268435456" percent="0">
      <mem type="allocate" free="1287400" total="184811520" percent="0" />
      <mem type="survivor" free="0" total="83623936" percent="0" />
    </mem>
    <mem type="tenure" free="185251104" total="805306368" percent="23">
      <mem type="soa" free="177197344" total="797252608" percent="22" />
      <mem type="loa" free="8053760" total="8053760" percent="100" />
    </mem>
    <remembered-set count="136" />
  </mem-info>
</gc-start>
<allocation-stats totalBytes="106774024" >
  <allocated-bytes non-tlh="1661240" tlh="105112784" />
  <largest-consumer threadName="main" threadId="0000000000016F00" bytes="106774024" />
</allocation-stats>
<gc-op id="3156" type="scavenge" timems="82.564" contextid="3153" timestamp="2022-02-08T18:54:52.966">
  <scavenger-info tenureage="1" tenuremask="7ffe" tiltratio="68" />
  <memory-copied type="nursery" objects="1434115" bytes="74558304" bytesdiscarded="125616" />
  <memory-copied type="tenure" objects="1358214" bytes="76578288" bytesdiscarded="42552" />
  <finalization candidates="110" enqueued="53" />
  <references type="soft" candidates="14" cleared="0" enqueued="0" dynamicThreshold="10" maxThreshold="32" />
  <references type="weak" candidates="1" cleared="0" enqueued="0" />
  <references type="phantom" candidates="95" cleared="7" enqueued="7" />
  <object-monitors candidates="2" cleared="0"  />
</gc-op>
<gc-end id="3157" type="scavenge" contextid="3153" durationms="82.823" usertimems="325.555" systemtimems="0.356" stalltimems="3.571" timestamp="2022-02-08T18:54:52.966" activeThreads="4">
  <mem-info id="3158" free="218924232" total="1073741824" percent="20">
    <mem type="nursery" free="110324080" total="268435456" percent="41">
      <mem type="allocate" free="110324080" total="185008128" percent="59" />
      <mem type="survivor" free="0" total="83427328" percent="0" />
    </mem>
    <mem type="tenure" free="108600152" total="805306368" percent="13" macro-fragmented="0">
      <mem type="soa" free="100546392" total="797252608" percent="12" />
      <mem type="loa" free="8053760" total="8053760" percent="100" />
    </mem>
    <pending-finalizers system="52" default="1" reference="7" classloader="0" />
    <remembered-set count="132" />
  </mem-info>
</gc-end>
<cycle-end id="3159" type="scavenge" contextid="3153" timestamp="2022-02-08T18:54:52.967" />
<allocation-satisfied id="3160" threadId="0000000000016F00" bytesRequested="1347680" />
<af-end id="3161" timestamp="2022-02-08T18:54:52.967" threadId="0000000000017908" success="true" from="nursery"/>
<exclusive-end id="3162" timestamp="2022-02-08T18:54:52.967" durationms="83.275" />

<concurrent-kickoff id="3163" timestamp="2022-02-08T18:54:53.699">
  <kickoff reason="threshold reached" targetBytes="74439019" thresholdFreeBytes="5749602"  remainingFree="5716240" tenureFreeBytes="108600152" nurseryFreeBytes="5716240" />
</concurrent-kickoff>
<exclusive-start id="3164" timestamp="2022-02-08T18:54:53.702" intervalms="818.411">
  <response-info timems="0.018" idlems="0.018" threads="0" lastid="0000000000016F00" lastname="main" />
</exclusive-start>
<cycle-start id="3165" type="global" contextid="0" timestamp="2022-02-08T18:54:53.702" intervalms="2988.362" />
<concurrent-start id="3166" type="global mark" contextid="3165" timestamp="2022-02-08T18:54:53.702">
</concurrent-start>
<exclusive-end id="3167" timestamp="2022-02-08T18:54:53.702" durationms="0.027" />

<exclusive-start id="3168" timestamp="2022-02-08T18:54:53.804" intervalms="102.481">
  <response-info timems="0.033" idlems="0.033" threads="0" lastid="0000000000016F00" lastname="main" />
</exclusive-start>
<af-start id="3169" threadId="0000000000017908" totalBytesRequested="208" timestamp="2022-02-08T18:54:53.804" intervalms="920.894" type="nursery" />
<cycle-start id="3170" type="scavenge" contextid="0" timestamp="2022-02-08T18:54:53.804" intervalms="920.894" />
<gc-start id="3171" type="scavenge" contextid="3170" timestamp="2022-02-08T18:54:53.804">
  <mem-info id="3172" free="108600152" total="1073741824" percent="10">
    <mem type="nursery" free="0" total="268435456" percent="0">
      <mem type="allocate" free="0" total="185008128" percent="0" />
      <mem type="survivor" free="0" total="83427328" percent="0" />
    </mem>
    <mem type="tenure" free="108600152" total="805306368" percent="13">
      <mem type="soa" free="100546392" total="797252608" percent="12" />
      <mem type="loa" free="8053760" total="8053760" percent="100" />
    </mem>
    <remembered-set count="133" />
  </mem-info>
</gc-start>
<allocation-stats totalBytes="110272504" >
  <allocated-bytes non-tlh="1347680" tlh="108924824" />
  <largest-consumer threadName="main" threadId="0000000000016F00" bytes="110264312" />
</allocation-stats>
<gc-op id="3173" type="scavenge" timems="96.508" contextid="3170" timestamp="2022-02-08T18:54:53.901">
  <scavenger-info tenureage="1" tenuremask="7ffe" tiltratio="68" />
  <memory-copied type="nursery" objects="1401430" bytes="78937952" bytesdiscarded="190480" />
  <memory-copied type="tenure" objects="1433404" bytes="74090448" bytesdiscarded="39864" />
  <finalization candidates="57" enqueued="0" />
  <object-monitors candidates="2" cleared="0"  />
</gc-op>
<gc-end id="3174" type="scavenge" contextid="3170" durationms="96.693" usertimems="382.532" systemtimems="0.000" stalltimems="2.677" timestamp="2022-02-08T18:54:53.901" activeThreads="4">
  <mem-info id="3175" free="135182208" total="1073741824" percent="12">
    <mem type="nursery" free="100571280" total="268435456" percent="37">
      <mem type="allocate" free="100571280" total="179699712" percent="55" />
      <mem type="survivor" free="0" total="88735744" percent="0" />
    </mem>
    <mem type="tenure" free="34610928" total="805306368" percent="4" macro-fragmented="0">
      <mem type="soa" free="26557168" total="797252608" percent="3" />
      <mem type="loa" free="8053760" total="8053760" percent="100" />
    </mem>
    <remembered-set count="99" />
  </mem-info>
</gc-end>
<cycle-end id="3176" type="scavenge" contextid="3170" timestamp="2022-02-08T18:54:53.901" />
<allocation-satisfied id="3177" threadId="0000000000016F00" bytesRequested="208" />
<af-end id="3178" timestamp="2022-02-08T18:54:53.901" threadId="0000000000017908" success="true" from="nursery"/>
<exclusive-end id="3179" timestamp="2022-02-08T18:54:53.901" durationms="97.030" />

<concurrent-end id="3180" type="global mark" contextid="3165" timestamp="2022-02-08T18:54:54.056">
<gc-op id="3181" type="trace" timems="354.484" contextid="3165" timestamp="2022-02-08T18:54:54.056">
  <trace bytesTraced="74437972" workStackOverflowCount="0" />
  <card-cleaning reason="card cleaning threshold reached" bytesTraced="904" cardsCleaned="2" />
</gc-op>
</concurrent-end>

<exclusive-start id="3182" timestamp="2022-02-08T18:54:54.056" intervalms="252.100">
  <response-info timems="0.045" idlems="0.045" threads="0" lastid="0000000000016F00" lastname="main" />
</exclusive-start>
<concurrent-global-final id="3183" timestamp="2022-02-08T18:54:54.056" contextid="3165" intervalms="2974.528" >
  <concurrent-trace-info reason="card cleaning threshold reached" tracedByMutators="55167848" tracedByHelpers="19271028" cardsCleaned="2" workStackOverflowCount="0" />
</concurrent-global-final>
<gc-start id="3184" type="global" contextid="3165" timestamp="2022-02-08T18:54:54.057">
  <mem-info id="3185" free="125646512" total="1073741824" percent="11">
    <mem type="nursery" free="91035584" total="268435456" percent="33">
      <mem type="allocate" free="91035584" total="179699712" percent="50" />
      <mem type="survivor" free="0" total="88735744" percent="0" />
    </mem>
    <mem type="tenure" free="34610928" total="805306368" percent="4">
      <mem type="soa" free="26557168" total="797252608" percent="3" />
      <mem type="loa" free="8053760" total="8053760" percent="100" />
    </mem>
    <remembered-set count="99" />
  </mem-info>
</gc-start>
<allocation-stats totalBytes="9531800" >
  <allocated-bytes non-tlh="208" tlh="9531592" />
  <largest-consumer threadName="main" threadId="0000000000016F00" bytes="9531800" />
</allocation-stats>
<gc-op id="3186" type="rs-scan" timems="0.614" contextid="3165" timestamp="2022-02-08T18:54:54.057">
  <scan objectsFound="0" bytesTraced="3836" workStackOverflowCount="0" />
</gc-op>
<gc-op id="3187" type="card-cleaning" timems="150.960" contextid="3165" timestamp="2022-02-08T18:54:54.208">
  <card-cleaning cardsCleaned="11" bytesTraced="71014620" workStackOverflowCount="0" />
</gc-op>
<gc-op id="3188" type="mark" timems="61.881" contextid="3165" timestamp="2022-02-08T18:54:54.270">
  <trace-info objectcount="2201898" scancount="1652951" scanbytes="35330664" />
  <finalization candidates="428" enqueued="57" />
  <ownableSynchronizers candidates="1" cleared="0" />
  <references type="soft" candidates="894" cleared="0" enqueued="0" dynamicThreshold="10" maxThreshold="32" />
  <references type="weak" candidates="1701" cleared="0" enqueued="0" />
  <references type="phantom" candidates="52" cleared="2" enqueued="2" />
  <stringconstants candidates="6470" cleared="0"  />
  <object-monitors candidates="2" cleared="0"  />
</gc-op>
<gc-op id="3189" type="sweep" timems="5.202" contextid="3165" timestamp="2022-02-08T18:54:54.275" />
<gc-end id="3190" type="global" contextid="3165" durationms="218.877" usertimems="230.478" systemtimems="4.070" stalltimems="184.941" timestamp="2022-02-08T18:54:54.275" activeThreads="4">
  <mem-info id="3191" free="368810560" total="1073741824" percent="34">
    <mem type="nursery" free="91313736" total="268435456" percent="34">
      <mem type="allocate" free="91313736" total="179699712" percent="50" />
      <mem type="survivor" free="0" total="88735744" percent="0" />
    </mem>
    <mem type="tenure" free="277496824" total="805306368" percent="34" micro-fragmented="340288" macro-fragmented="0">
      <mem type="soa" free="269443064" total="797252608" percent="33" />
      <mem type="loa" free="8053760" total="8053760" percent="100" />
    </mem>
    <pending-finalizers system="57" default="0" reference="2" classloader="0" />
    <remembered-set count="99" />
  </mem-info>
</gc-end>
<cycle-end id="3192" type="global" contextid="3165" timestamp="2022-02-08T18:54:54.276" />
<exclusive-end id="3193" timestamp="2022-02-08T18:54:54.276" durationms="219.088" />

<exclusive-start id="3194" timestamp="2022-02-08T18:54:54.879" intervalms="822.615">
  <response-info timems="0.019" idlems="0.019" threads="0" lastid="0000000000016F00" lastname="main" />
</exclusive-start>
<af-start id="3195" threadId="0000000000017908" totalBytesRequested="184" timestamp="2022-02-08T18:54:54.879" intervalms="1074.715" type="nursery" />
<cycle-start id="3196" type="scavenge" contextid="0" timestamp="2022-02-08T18:54:54.879" intervalms="1074.716" />
<gc-start id="3197" type="scavenge" contextid="3196" timestamp="2022-02-08T18:54:54.879">
  <mem-info id="3198" free="277496824" total="1073741824" percent="25">
    <mem type="nursery" free="0" total="268435456" percent="0">
      <mem type="allocate" free="0" total="179699712" percent="0" />
      <mem type="survivor" free="0" total="88735744" percent="0" />
    </mem>
    <mem type="tenure" free="277496824" total="805306368" percent="34">
      <mem type="soa" free="269443064" total="797252608" percent="33" />
      <mem type="loa" free="8053760" total="8053760" percent="100" />
    </mem>
    <remembered-set count="102" />
  </mem-info>
</gc-start>
<allocation-stats totalBytes="91271472" >
  <allocated-bytes non-tlh="0" tlh="91271472" />
  <largest-consumer threadName="main" threadId="0000000000016F00" bytes="91267376" />
</allocation-stats>
<gc-op id="3199" type="scavenge" timems="91.797" contextid="3196" timestamp="2022-02-08T18:54:54.971">
  <scavenger-info tenureage="1" tenuremask="7ffe" tiltratio="66" />
  <memory-copied type="nursery" objects="1267711" bytes="71591192" bytesdiscarded="152224" />
  <memory-copied type="tenure" objects="1401429" bytes="78937840" bytesdiscarded="45136" />
  <ownableSynchronizers candidates="2" cleared="2" />
  <object-monitors candidates="2" cleared="0"  />
</gc-op>
<gc-end id="3200" type="scavenge" contextid="3196" durationms="91.966" usertimems="362.934" systemtimems="0.000" stalltimems="3.299" timestamp="2022-02-08T18:54:54.971" activeThreads="4">
  <mem-info id="3201" free="306920448" total="1073741824" percent="28">
    <mem type="nursery" free="108677192" total="268435456" percent="40">
      <mem type="allocate" free="108677192" total="180420608" percent="60" />
      <mem type="survivor" free="0" total="88014848" percent="0" />
    </mem>
    <mem type="tenure" free="198243256" total="805306368" percent="24" macro-fragmented="0">
      <mem type="soa" free="190189496" total="797252608" percent="23" />
      <mem type="loa" free="8053760" total="8053760" percent="100" />
    </mem>
    <remembered-set count="105" />
  </mem-info>
</gc-end>
<cycle-end id="3202" type="scavenge" contextid="3196" timestamp="2022-02-08T18:54:54.971" />
<allocation-satisfied id="3203" threadId="0000000000016F00" bytesRequested="184" />
<af-end id="3204" timestamp="2022-02-08T18:54:54.971" threadId="0000000000017908" success="true" from="nursery"/>
<exclusive-end id="3205" timestamp="2022-02-08T18:54:54.971" durationms="92.213" />

<exclusive-start id="3206" timestamp="2022-02-08T18:54:55.868" intervalms="989.000">
  <response-info timems="0.019" idlems="0.019" threads="0" lastid="0000000000016F00" lastname="main" />
</exclusive-start>
<af-start id="3207" threadId="0000000000017908" totalBytesRequested="192" timestamp="2022-02-08T18:54:55.868" intervalms="989.207" type="nursery" />
<cycle-start id="3208" type="scavenge" contextid="0" timestamp="2022-02-08T18:54:55.868" intervalms="989.276" />
<gc-start id="3209" type="scavenge" contextid="3208" timestamp="2022-02-08T18:54:55.868">
  <mem-info id="3210" free="198243256" total="1073741824" percent="18">
    <mem type="nursery" free="0" total="268435456" percent="0">
      <mem type="allocate" free="0" total="180420608" percent="0" />
      <mem type="survivor" free="0" total="88014848" percent="0" />
    </mem>
    <mem type="tenure" free="198243256" total="805306368" percent="24">
      <mem type="soa" free="190189496" total="797252608" percent="23" />
      <mem type="loa" free="8053760" total="8053760" percent="100" />
    </mem>
    <remembered-set count="136" />
  </mem-info>
</gc-start>
<allocation-stats totalBytes="108631016" >
  <allocated-bytes non-tlh="1661328" tlh="106969688" />
  <largest-consumer threadName="main" threadId="0000000000016F00" bytes="108631016" />
</allocation-stats>
<gc-op id="3211" type="scavenge" timems="97.110" contextid="3208" timestamp="2022-02-08T18:54:55.966">
  <scavenger-info tenureage="1" tenuremask="7ffe" tiltratio="67" />
  <memory-copied type="nursery" objects="1492372" bytes="76499880" bytesdiscarded="59680" />
  <memory-copied type="tenure" objects="1267710" bytes="71591088" bytesdiscarded="36440" />
  <finalization candidates="109" enqueued="53" />
  <references type="soft" candidates="14" cleared="0" enqueued="0" dynamicThreshold="11" maxThreshold="32" />
  <references type="weak" candidates="1" cleared="0" enqueued="0" />
  <references type="phantom" candidates="94" cleared="7" enqueued="7" />
  <object-monitors candidates="2" cleared="0"  />
</gc-op>
<gc-end id="3212" type="scavenge" contextid="3208" durationms="97.318" usertimems="383.210" systemtimems="0.000" stalltimems="4.486" timestamp="2022-02-08T18:54:55.966" activeThreads="4">
  <mem-info id="3213" free="230532912" total="1073741824" percent="21">
    <mem type="nursery" free="103860920" total="268435456" percent="38">
      <mem type="allocate" free="103860920" total="180420608" percent="57" />
      <mem type="survivor" free="0" total="88014848" percent="0" />
    </mem>
    <mem type="tenure" free="126671992" total="805306368" percent="15" macro-fragmented="602881">
      <mem type="soa" free="118618232" total="797252608" percent="14" />
      <mem type="loa" free="8053760" total="8053760" percent="100" />
    </mem>
    <pending-finalizers system="52" default="1" reference="7" classloader="0" />
    <remembered-set count="132" />
  </mem-info>
</gc-end>
<cycle-end id="3214" type="scavenge" contextid="3208" timestamp="2022-02-08T18:54:55.966" />
<allocation-satisfied id="3215" threadId="0000000000016F00" bytesRequested="192" />
<af-end id="3216" timestamp="2022-02-08T18:54:55.966" threadId="0000000000017908" success="true" from="nursery"/>
<exclusive-end id="3217" timestamp="2022-02-08T18:54:55.966" durationms="97.915" />

<concurrent-kickoff id="3218" timestamp="2022-02-08T18:54:56.649">
  <kickoff reason="threshold reached" targetBytes="74438993" thresholdFreeBytes="5749046"  remainingFree="5687992" tenureFreeBytes="126671992" nurseryFreeBytes="5687992" />
</concurrent-kickoff>
<exclusive-start id="3219" timestamp="2022-02-08T18:54:56.652" intervalms="784.205">
  <response-info timems="0.025" idlems="0.025" threads="0" lastid="0000000000016F00" lastname="main" />
</exclusive-start>
<cycle-start id="3220" type="global" contextid="0" timestamp="2022-02-08T18:54:56.652" intervalms="2950.426" />
<concurrent-start id="3221" type="global mark" contextid="3220" timestamp="2022-02-08T18:54:56.652">
</concurrent-start>
<exclusive-end id="3222" timestamp="2022-02-08T18:54:56.652" durationms="0.063" />

<exclusive-start id="3223" timestamp="2022-02-08T18:54:56.769" intervalms="117.096">
  <response-info timems="0.037" idlems="0.037" threads="0" lastid="0000000000016F00" lastname="main" />
</exclusive-start>
<af-start id="3224" threadId="0000000000017908" totalBytesRequested="184" timestamp="2022-02-08T18:54:56.769" intervalms="901.095" type="nursery" />
<cycle-start id="3225" type="scavenge" contextid="0" timestamp="2022-02-08T18:54:56.769" intervalms="901.025" />
<gc-start id="3226" type="scavenge" contextid="3225" timestamp="2022-02-08T18:54:56.769">
  <mem-info id="3227" free="126671992" total="1073741824" percent="11">
    <mem type="nursery" free="0" total="268435456" percent="0">
      <mem type="allocate" free="0" total="180420608" percent="0" />
      <mem type="survivor" free="0" total="88014848" percent="0" />
    </mem>
    <mem type="tenure" free="126671992" total="805306368" percent="15">
      <mem type="soa" free="118618232" total="797252608" percent="14" />
      <mem type="loa" free="8053760" total="8053760" percent="100" />
    </mem>
    <remembered-set count="133" />
  </mem-info>
</gc-start>
<allocation-stats totalBytes="103811544" >
  <allocated-bytes non-tlh="1347872" tlh="102463672" />
  <largest-consumer threadName="main" threadId="0000000000016F00" bytes="103803352" />
</allocation-stats>
<gc-op id="3228" type="scavenge" timems="95.834" contextid="3225" timestamp="2022-02-08T18:54:56.865">
  <scavenger-info tenureage="1" tenuremask="7ffe" tiltratio="67" />
  <memory-copied type="nursery" objects="1301834" bytes="74316880" bytesdiscarded="109120" />
  <memory-copied type="tenure" objects="1491652" bytes="75556608" bytesdiscarded="34608" />
  <finalization candidates="57" enqueued="0" />
  <references type="phantom" candidates="1" cleared="0" enqueued="0" />
  <object-monitors candidates="2" cleared="0"  />
</gc-op>
<gc-end id="3229" type="scavenge" contextid="3225" durationms="96.021" usertimems="378.625" systemtimems="0.432" stalltimems="3.137" timestamp="2022-02-08T18:54:56.865" activeThreads="4">
  <mem-info id="3230" free="158144096" total="1073741824" percent="14">
    <mem type="nursery" free="107043184" total="268435456" percent="39">
      <mem type="allocate" free="107043184" total="181469184" percent="58" />
      <mem type="survivor" free="0" total="86966272" percent="0" />
    </mem>
    <mem type="tenure" free="51100912" total="805306368" percent="6" macro-fragmented="23113062">
      <mem type="soa" free="43047152" total="797252608" percent="5" />
      <mem type="loa" free="8053760" total="8053760" percent="100" />
    </mem>
    <remembered-set count="102" />
  </mem-info>
</gc-end>
<cycle-end id="3231" type="scavenge" contextid="3225" timestamp="2022-02-08T18:54:56.866" />
<allocation-satisfied id="3232" threadId="0000000000016F00" bytesRequested="184" />
<af-end id="3233" timestamp="2022-02-08T18:54:56.866" threadId="0000000000017908" success="true" from="nursery"/>
<exclusive-end id="3234" timestamp="2022-02-08T18:54:56.866" durationms="96.357" />

<concurrent-end id="3235" type="global mark" contextid="3220" timestamp="2022-02-08T18:54:56.997">
<gc-op id="3236" type="trace" timems="344.293" contextid="3220" timestamp="2022-02-08T18:54:56.997">
  <trace bytesTraced="74438180" workStackOverflowCount="0" />
  <card-cleaning reason="card cleaning threshold reached" bytesTraced="904" cardsCleaned="2" />
</gc-op>
</concurrent-end>

<exclusive-start id="3237" timestamp="2022-02-08T18:54:56.997" intervalms="227.302">
  <response-info timems="0.019" idlems="0.019" threads="0" lastid="0000000000016F00" lastname="main" />
</exclusive-start>
<concurrent-global-final id="3238" timestamp="2022-02-08T18:54:56.997" contextid="3220" intervalms="2940.206" >
  <concurrent-trace-info reason="card cleaning threshold reached" tracedByMutators="57716724" tracedByHelpers="16722360" cardsCleaned="2" workStackOverflowCount="0" />
</concurrent-global-final>
<gc-start id="3239" type="global" contextid="3220" timestamp="2022-02-08T18:54:56.997">
  <mem-info id="3240" free="149394856" total="1073741824" percent="13">
    <mem type="nursery" free="98293944" total="268435456" percent="36">
      <mem type="allocate" free="98293944" total="181469184" percent="54" />
      <mem type="survivor" free="0" total="86966272" percent="0" />
    </mem>
    <mem type="tenure" free="51100912" total="805306368" percent="6">
      <mem type="soa" free="43047152" total="797252608" percent="5" />
      <mem type="loa" free="8053760" total="8053760" percent="100" />
    </mem>
    <remembered-set count="102" />
  </mem-info>
</gc-start>
<allocation-stats totalBytes="8745088" >
  <allocated-bytes non-tlh="184" tlh="8744904" />
  <largest-consumer threadName="main" threadId="0000000000016F00" bytes="8745088" />
</allocation-stats>
<gc-op id="3241" type="rs-scan" timems="0.530" contextid="3220" timestamp="2022-02-08T18:54:56.997">
  <scan objectsFound="29" bytesTraced="5268" workStackOverflowCount="0" />
</gc-op>
<gc-op id="3242" type="card-cleaning" timems="148.427" contextid="3220" timestamp="2022-02-08T18:54:57.146">
  <card-cleaning cardsCleaned="9" bytesTraced="71013076" workStackOverflowCount="0" />
</gc-op>
<gc-op id="3243" type="mark" timems="48.973" contextid="3220" timestamp="2022-02-08T18:54:57.195">
  <trace-info objectcount="1813918" scancount="1361966" scanbytes="29122984" />
  <finalization candidates="428" enqueued="57" />
  <ownableSynchronizers candidates="1" cleared="0" />
  <references type="soft" candidates="894" cleared="0" enqueued="0" dynamicThreshold="11" maxThreshold="32" />
  <references type="weak" candidates="1701" cleared="0" enqueued="0" />
  <references type="phantom" candidates="52" cleared="2" enqueued="2" />
  <stringconstants candidates="6470" cleared="0"  />
  <object-monitors candidates="2" cleared="0"  />
</gc-op>
<gc-op id="3244" type="sweep" timems="4.963" contextid="3220" timestamp="2022-02-08T18:54:57.200" />
<gc-end id="3245" type="global" contextid="3220" durationms="203.129" usertimems="219.802" systemtimems="0.000" stalltimems="145.860" timestamp="2022-02-08T18:54:57.200" activeThreads="4">
  <mem-info id="3246" free="392526152" total="1073741824" percent="36">
    <mem type="nursery" free="98494904" total="268435456" percent="36">
      <mem type="allocate" free="98494904" total="181469184" percent="54" />
      <mem type="survivor" free="0" total="86966272" percent="0" />
    </mem>
    <mem type="tenure" free="294031248" total="805306368" percent="36" micro-fragmented="337729" macro-fragmented="0">
      <mem type="soa" free="285977488" total="797252608" percent="35" />
      <mem type="loa" free="8053760" total="8053760" percent="100" />
    </mem>
    <pending-finalizers system="57" default="0" reference="2" classloader="0" />
    <remembered-set count="102" />
  </mem-info>
</gc-end>
<cycle-end id="3247" type="global" contextid="3220" timestamp="2022-02-08T18:54:57.200" />
<exclusive-end id="3248" timestamp="2022-02-08T18:54:57.200" durationms="203.329" />

<exclusive-start id="3249" timestamp="2022-02-08T18:54:57.841" intervalms="844.830">
  <response-info timems="0.020" idlems="0.020" threads="0" lastid="0000000000016F00" lastname="main" />
</exclusive-start>
<af-start id="3250" threadId="0000000000017908" totalBytesRequested="176" timestamp="2022-02-08T18:54:57.842" intervalms="1072.132" type="nursery" />
<cycle-start id="3251" type="scavenge" contextid="0" timestamp="2022-02-08T18:54:57.842" intervalms="1072.134" />
<gc-start id="3252" type="scavenge" contextid="3251" timestamp="2022-02-08T18:54:57.842">
  <mem-info id="3253" free="294031248" total="1073741824" percent="27">
    <mem type="nursery" free="0" total="268435456" percent="0">
      <mem type="allocate" free="0" total="181469184" percent="0" />
      <mem type="survivor" free="0" total="86966272" percent="0" />
    </mem>
    <mem type="tenure" free="294031248" total="805306368" percent="36">
      <mem type="soa" free="285977488" total="797252608" percent="35" />
      <mem type="loa" free="8053760" total="8053760" percent="100" />
    </mem>
    <remembered-set count="105" />
  </mem-info>
</gc-start>
<allocation-stats totalBytes="98447320" >
  <allocated-bytes non-tlh="0" tlh="98447320" />
  <largest-consumer threadName="main" threadId="0000000000016F00" bytes="98443224" />
</allocation-stats>
<gc-op id="3254" type="scavenge" timems="91.100" contextid="3251" timestamp="2022-02-08T18:54:57.933">
  <scavenger-info tenureage="1" tenuremask="7ffe" tiltratio="67" />
  <memory-copied type="nursery" objects="1353311" bytes="76146408" bytesdiscarded="277864" />
  <memory-copied type="tenure" objects="1301833" bytes="74316776" bytesdiscarded="46368" />
  <finalization candidates="1" enqueued="0" />
  <ownableSynchronizers candidates="2" cleared="2" />
  <object-monitors candidates="2" cleared="0"  />
</gc-op>
<gc-end id="3255" type="scavenge" contextid="3251" durationms="91.363" usertimems="356.672" systemtimems="4.209" stalltimems="2.455" timestamp="2022-02-08T18:54:57.933" activeThreads="4">
  <mem-info id="3256" free="325108744" total="1073741824" percent="30">
    <mem type="nursery" free="105634736" total="268435456" percent="39">
      <mem type="allocate" free="105634736" total="182059008" percent="58" />
      <mem type="survivor" free="0" total="86376448" percent="0" />
    </mem>
    <mem type="tenure" free="219474008" total="805306368" percent="27" macro-fragmented="0">
      <mem type="soa" free="211420248" total="797252608" percent="26" />
      <mem type="loa" free="8053760" total="8053760" percent="100" />
    </mem>
    <remembered-set count="105" />
  </mem-info>
</gc-end>
<cycle-end id="3257" type="scavenge" contextid="3251" timestamp="2022-02-08T18:54:57.933" />
<allocation-satisfied id="3258" threadId="0000000000016F00" bytesRequested="176" />
<af-end id="3259" timestamp="2022-02-08T18:54:57.933" threadId="0000000000017908" success="true" from="nursery"/>
<exclusive-end id="3260" timestamp="2022-02-08T18:54:57.933" durationms="91.619" />

<exclusive-start id="3261" timestamp="2022-02-08T18:54:58.745" intervalms="903.389">
  <response-info timems="0.019" idlems="0.019" threads="0" lastid="0000000000016F00" lastname="main" />
</exclusive-start>
<af-start id="3262" threadId="0000000000017908" totalBytesRequested="40" timestamp="2022-02-08T18:54:58.745" intervalms="903.390" type="nursery" />
<cycle-start id="3263" type="scavenge" contextid="0" timestamp="2022-02-08T18:54:58.745" intervalms="903.388" />
<gc-start id="3264" type="scavenge" contextid="3263" timestamp="2022-02-08T18:54:58.745">
  <mem-info id="3265" free="219474008" total="1073741824" percent="20">
    <mem type="nursery" free="0" total="268435456" percent="0">
      <mem type="allocate" free="0" total="182059008" percent="0" />
      <mem type="survivor" free="0" total="86376448" percent="0" />
    </mem>
    <mem type="tenure" free="219474008" total="805306368" percent="27">
      <mem type="soa" free="211420248" total="797252608" percent="26" />
      <mem type="loa" free="8053760" total="8053760" percent="100" />
    </mem>
    <remembered-set count="136" />
  </mem-info>
</gc-start>
<allocation-stats totalBytes="105587288" >
  <allocated-bytes non-tlh="848880" tlh="104738408" />
  <largest-consumer threadName="main" threadId="0000000000016F00" bytes="105587288" />
</allocation-stats>
<gc-op id="3266" type="scavenge" timems="97.160" contextid="3263" timestamp="2022-02-08T18:54:58.842">
  <scavenger-info tenureage="1" tenuremask="7ffe" tiltratio="67" />
  <memory-copied type="nursery" objects="1419618" bytes="74484872" bytesdiscarded="130648" />
  <memory-copied type="tenure" objects="1353310" bytes="76146312" bytesdiscarded="37008" />
  <finalization candidates="70" enqueued="37" />
  <references type="soft" candidates="14" cleared="0" enqueued="0" dynamicThreshold="11" maxThreshold="32" />
  <references type="weak" candidates="1" cleared="0" enqueued="0" />
  <references type="phantom" candidates="55" cleared="7" enqueued="7" />
  <object-monitors candidates="2" cleared="0"  />
</gc-op>
<gc-end id="3267" type="scavenge" contextid="3263" durationms="97.355" usertimems="372.979" systemtimems="0.000" stalltimems="3.526" timestamp="2022-02-08T18:54:58.842" activeThreads="4">
  <mem-info id="3268" free="251609400" total="1073741824" percent="23">
    <mem type="nursery" free="108229792" total="268435456" percent="40">
      <mem type="allocate" free="108229792" total="182845440" percent="59" />
      <mem type="survivor" free="0" total="85590016" percent="0" />
    </mem>
    <mem type="tenure" free="143379608" total="805306368" percent="17" macro-fragmented="27735676">
      <mem type="soa" free="135325848" total="797252608" percent="16" />
      <mem type="loa" free="8053760" total="8053760" percent="100" />
    </mem>
    <pending-finalizers system="36" default="1" reference="7" classloader="0" />
    <remembered-set count="132" />
  </mem-info>
</gc-end>
<cycle-end id="3269" type="scavenge" contextid="3263" timestamp="2022-02-08T18:54:58.842" />
<allocation-satisfied id="3270" threadId="0000000000016F00" bytesRequested="40" />
<af-end id="3271" timestamp="2022-02-08T18:54:58.843" threadId="0000000000017908" success="true" from="nursery"/>
<exclusive-end id="3272" timestamp="2022-02-08T18:54:58.843" durationms="97.652" />

<concurrent-kickoff id="3273" timestamp="2022-02-08T18:54:59.580">
  <kickoff reason="threshold reached" targetBytes="74439013" thresholdFreeBytes="5755305"  remainingFree="5698096" tenureFreeBytes="143379608" nurseryFreeBytes="5698096" />
</concurrent-kickoff>
<exclusive-start id="3274" timestamp="2022-02-08T18:54:59.583" intervalms="838.254">
  <response-info timems="0.021" idlems="0.021" threads="0" lastid="0000000000016F00" lastname="main" />
</exclusive-start>
<cycle-start id="3275" type="global" contextid="0" timestamp="2022-02-08T18:54:59.583" intervalms="2930.847" />
<concurrent-start id="3276" type="global mark" contextid="3275" timestamp="2022-02-08T18:54:59.583">
</concurrent-start>
<exclusive-end id="3277" timestamp="2022-02-08T18:54:59.583" durationms="0.028" />

<exclusive-start id="3278" timestamp="2022-02-08T18:54:59.742" intervalms="158.411">
  <response-info timems="0.036" idlems="0.036" threads="0" lastid="0000000000016F00" lastname="main" />
</exclusive-start>
<af-start id="3279" threadId="0000000000017908" totalBytesRequested="16" timestamp="2022-02-08T18:54:59.742" intervalms="996.664" type="nursery" />
<cycle-start id="3280" type="scavenge" contextid="0" timestamp="2022-02-08T18:54:59.742" intervalms="996.664" />
<gc-start id="3281" type="scavenge" contextid="3280" timestamp="2022-02-08T18:54:59.742">
  <mem-info id="3282" free="143379608" total="1073741824" percent="13">
    <mem type="nursery" free="0" total="268435456" percent="0">
      <mem type="allocate" free="0" total="182845440" percent="0" />
      <mem type="survivor" free="0" total="85590016" percent="0" />
    </mem>
    <mem type="tenure" free="143379608" total="805306368" percent="17">
      <mem type="soa" free="135325848" total="797252608" percent="16" />
      <mem type="loa" free="8053760" total="8053760" percent="100" />
    </mem>
    <remembered-set count="133" />
  </mem-info>
</gc-start>
<allocation-stats totalBytes="108179272" >
  <allocated-bytes non-tlh="2089584" tlh="106089688" />
  <largest-consumer threadName="main" threadId="0000000000016F00" bytes="108171080" />
</allocation-stats>
<gc-op id="3283" type="scavenge" timems="91.914" contextid="3280" timestamp="2022-02-08T18:54:59.834">
  <scavenger-info tenureage="1" tenuremask="7ffe" tiltratio="68" />
  <memory-copied type="nursery" objects="1378177" bytes="76875248" bytesdiscarded="161232" />
  <memory-copied type="tenure" objects="1419087" bytes="74026688" bytesdiscarded="41936" />
  <finalization candidates="73" enqueued="16" />
  <references type="phantom" candidates="40" cleared="0" enqueued="0" />
  <object-monitors candidates="2" cleared="0"  />
</gc-op>
<gc-end id="3284" type="scavenge" contextid="3280" durationms="92.098" usertimems="363.593" systemtimems="0.000" stalltimems="3.040" timestamp="2022-02-08T18:54:59.834" activeThreads="4">
  <mem-info id="3285" free="174963088" total="1073741824" percent="16">
    <mem type="nursery" free="105743424" total="268435456" percent="39">
      <mem type="allocate" free="105743424" total="182779904" percent="57" />
      <mem type="survivor" free="0" total="85655552" percent="0" />
    </mem>
    <mem type="tenure" free="69219664" total="805306368" percent="8" macro-fragmented="33282812">
      <mem type="soa" free="61165904" total="797252608" percent="7" />
      <mem type="loa" free="8053760" total="8053760" percent="100" />
    </mem>
    <pending-finalizers system="16" default="0" reference="0" classloader="0" />
    <remembered-set count="106" />
  </mem-info>
</gc-end>
<cycle-end id="3286" type="scavenge" contextid="3280" timestamp="2022-02-08T18:54:59.834" />
<allocation-satisfied id="3287" threadId="0000000000016F00" bytesRequested="16" />
<af-end id="3288" timestamp="2022-02-08T18:54:59.834" threadId="0000000000017908" success="true" from="nursery"/>
<exclusive-end id="3289" timestamp="2022-02-08T18:54:59.834" durationms="92.404" />

<concurrent-end id="3290" type="global mark" contextid="3275" timestamp="2022-02-08T18:54:59.953">
<gc-op id="3291" type="trace" timems="370.222" contextid="3275" timestamp="2022-02-08T18:54:59.953">
  <trace bytesTraced="74438452" workStackOverflowCount="0" />
  <card-cleaning reason="card cleaning threshold reached" bytesTraced="904" cardsCleaned="2" />
</gc-op>
</concurrent-end>

<exclusive-start id="3292" timestamp="2022-02-08T18:54:59.953" intervalms="211.884">
  <response-info timems="0.021" idlems="0.021" threads="0" lastid="0000000000016F00" lastname="main" />
</exclusive-start>
<concurrent-global-final id="3293" timestamp="2022-02-08T18:54:59.953" contextid="3275" intervalms="2956.780" >
  <concurrent-trace-info reason="card cleaning threshold reached" tracedByMutators="47791036" tracedByHelpers="26648320" cardsCleaned="2" workStackOverflowCount="0" />
</concurrent-global-final>
<gc-start id="3294" type="global" contextid="3275" timestamp="2022-02-08T18:54:59.954">
  <mem-info id="3295" free="165423488" total="1073741824" percent="15">
    <mem type="nursery" free="96203824" total="268435456" percent="35">
      <mem type="allocate" free="96203824" total="182779904" percent="52" />
      <mem type="survivor" free="0" total="85655552" percent="0" />
    </mem>
    <mem type="tenure" free="69219664" total="805306368" percent="8">
      <mem type="soa" free="61165904" total="797252608" percent="7" />
      <mem type="loa" free="8053760" total="8053760" percent="100" />
    </mem>
    <remembered-set count="106" />
  </mem-info>
</gc-start>
<allocation-stats totalBytes="9534768" >
  <allocated-bytes non-tlh="16" tlh="9534752" />
  <largest-consumer threadName="main" threadId="0000000000016F00" bytes="9530672" />
</allocation-stats>
<gc-op id="3296" type="rs-scan" timems="0.543" contextid="3275" timestamp="2022-02-08T18:54:59.954">
  <scan objectsFound="29" bytesTraced="5332" workStackOverflowCount="0" />
</gc-op>
<gc-op id="3297" type="card-cleaning" timems="151.377" contextid="3275" timestamp="2022-02-08T18:55:00.106">
  <card-cleaning cardsCleaned="9" bytesTraced="71013076" workStackOverflowCount="0" />
</gc-op>
<gc-op id="3298" type="mark" timems="41.114" contextid="3275" timestamp="2022-02-08T18:55:00.147">
  <trace-info objectcount="1555390" scancount="1168069" scanbytes="24986536" />
  <finalization candidates="428" enqueued="57" />
  <ownableSynchronizers candidates="1" cleared="0" />
  <references type="soft" candidates="894" cleared="0" enqueued="0" dynamicThreshold="11" maxThreshold="32" />
  <references type="weak" candidates="1701" cleared="0" enqueued="0" />
  <references type="phantom" candidates="52" cleared="2" enqueued="2" />
  <stringconstants candidates="6470" cleared="0"  />
  <object-monitors candidates="2" cleared="0"  />
</gc-op>
<gc-op id="3299" type="sweep" timems="5.020" contextid="3275" timestamp="2022-02-08T18:55:00.152" />
<gc-end id="3300" type="global" contextid="3275" durationms="198.340" usertimems="214.206" systemtimems="0.616" stalltimems="122.642" timestamp="2022-02-08T18:55:00.152" activeThreads="4">
  <mem-info id="3301" free="408748448" total="1073741824" percent="38">
    <mem type="nursery" free="96600520" total="268435456" percent="35">
      <mem type="allocate" free="96600520" total="182779904" percent="52" />
      <mem type="survivor" free="0" total="85655552" percent="0" />
    </mem>
    <mem type="tenure" free="312147928" total="805306368" percent="38" micro-fragmented="375098" macro-fragmented="0">
      <mem type="soa" free="304094168" total="797252608" percent="38" />
      <mem type="loa" free="8053760" total="8053760" percent="100" />
    </mem>
    <pending-finalizers system="57" default="0" reference="2" classloader="0" />
    <remembered-set count="106" />
  </mem-info>
</gc-end>
<cycle-end id="3302" type="global" contextid="3275" timestamp="2022-02-08T18:55:00.152" />
<exclusive-end id="3303" timestamp="2022-02-08T18:55:00.152" durationms="198.579" />

<exclusive-start id="3304" timestamp="2022-02-08T18:55:00.794" intervalms="840.707">
  <response-info timems="0.019" idlems="0.019" threads="0" lastid="0000000000016F00" lastname="main" />
</exclusive-start>
<af-start id="3305" threadId="0000000000017908" totalBytesRequested="104" timestamp="2022-02-08T18:55:00.794" intervalms="1052.590" type="nursery" />
<cycle-start id="3306" type="scavenge" contextid="0" timestamp="2022-02-08T18:55:00.794" intervalms="1052.591" />
<gc-start id="3307" type="scavenge" contextid="3306" timestamp="2022-02-08T18:55:00.794">
  <mem-info id="3308" free="312147928" total="1073741824" percent="29">
    <mem type="nursery" free="0" total="268435456" percent="0">
      <mem type="allocate" free="0" total="182779904" percent="0" />
      <mem type="survivor" free="0" total="85655552" percent="0" />
    </mem>
    <mem type="tenure" free="312147928" total="805306368" percent="38">
      <mem type="soa" free="304094168" total="797252608" percent="38" />
      <mem type="loa" free="8053760" total="8053760" percent="100" />
    </mem>
    <remembered-set count="109" />
  </mem-info>
</gc-start>
<allocation-stats totalBytes="96555952" >
  <allocated-bytes non-tlh="0" tlh="96555952" />
  <largest-consumer threadName="main" threadId="0000000000016F00" bytes="96551856" />
</allocation-stats>
<gc-op id="3309" type="scavenge" timems="91.332" contextid="3306" timestamp="2022-02-08T18:55:00.886">
  <scavenger-info tenureage="1" tenuremask="7ffe" tiltratio="68" />
  <memory-copied type="nursery" objects="1347707" bytes="75404288" bytesdiscarded="353088" />
  <memory-copied type="tenure" objects="1377985" bytes="76737648" bytesdiscarded="45848" />
  <finalization candidates="24" enqueued="0" />
  <ownableSynchronizers candidates="2" cleared="2" />
  <object-monitors candidates="2" cleared="0"  />
</gc-op>
<gc-end id="3310" type="scavenge" contextid="3306" durationms="92.390" usertimems="362.217" systemtimems="0.394" stalltimems="1.769" timestamp="2022-02-08T18:55:00.887" activeThreads="4">
  <mem-info id="3311" free="342830656" total="1073741824" percent="31">
    <mem type="nursery" free="107546816" total="268435456" percent="40">
      <mem type="allocate" free="107546816" total="183304192" percent="58" />
      <mem type="survivor" free="0" total="85131264" percent="0" />
    </mem>
    <mem type="tenure" free="235283840" total="805306368" percent="29" macro-fragmented="0">
      <mem type="soa" free="227230080" total="797252608" percent="28" />
      <mem type="loa" free="8053760" total="8053760" percent="100" />
    </mem>
    <remembered-set count="104" />
  </mem-info>
</gc-end>
<cycle-end id="3312" type="scavenge" contextid="3306" timestamp="2022-02-08T18:55:00.887" />
<allocation-satisfied id="3313" threadId="0000000000016F00" bytesRequested="104" />
<af-end id="3314" timestamp="2022-02-08T18:55:00.887" threadId="0000000000017908" success="true" from="nursery"/>
<exclusive-end id="3315" timestamp="2022-02-08T18:55:00.887" durationms="92.685" />

<exclusive-start id="3316" timestamp="2022-02-08T18:55:01.563" intervalms="768.722">
  <response-info timems="0.020" idlems="0.020" threads="0" lastid="0000000000016F00" lastname="main" />
</exclusive-start>
<af-start id="3317" threadId="0000000000017908" totalBytesRequested="184" timestamp="2022-02-08T18:55:01.563" intervalms="768.723" type="nursery" />
<cycle-start id="3318" type="scavenge" contextid="0" timestamp="2022-02-08T18:55:01.563" intervalms="768.732" />
<gc-start id="3319" type="scavenge" contextid="3318" timestamp="2022-02-08T18:55:01.563">
  <mem-info id="3320" free="235283840" total="1073741824" percent="21">
    <mem type="nursery" free="0" total="268435456" percent="0">
      <mem type="allocate" free="0" total="183304192" percent="0" />
      <mem type="survivor" free="0" total="85131264" percent="0" />
    </mem>
    <mem type="tenure" free="235283840" total="805306368" percent="29">
      <mem type="soa" free="227230080" total="797252608" percent="28" />
      <mem type="loa" free="8053760" total="8053760" percent="100" />
    </mem>
    <remembered-set count="104" />
  </mem-info>
</gc-start>
<allocation-stats totalBytes="107496792" >
  <allocated-bytes non-tlh="104" tlh="107496688" />
  <largest-consumer threadName="main" threadId="0000000000016F00" bytes="107496792" />
</allocation-stats>
<gc-op id="3321" type="scavenge" timems="90.482" contextid="3318" timestamp="2022-02-08T18:55:01.653">
  <scavenger-info tenureage="1" tenuremask="7ffe" tiltratio="68" />
  <memory-copied type="nursery" objects="1333981" bytes="76404912" bytesdiscarded="195408" />
  <memory-copied type="tenure" objects="1347707" bytes="75404288" bytesdiscarded="40320" />
  <object-monitors candidates="2" cleared="0"  />
</gc-op>
<gc-end id="3322" type="scavenge" contextid="3318" durationms="90.784" usertimems="355.428" systemtimems="0.000" stalltimems="5.375" timestamp="2022-02-08T18:55:01.654" activeThreads="4">
  <mem-info id="3323" free="266632448" total="1073741824" percent="24">
    <mem type="nursery" free="107031552" total="268435456" percent="39">
      <mem type="allocate" free="107031552" total="183631872" percent="58" />
      <mem type="survivor" free="0" total="84803584" percent="0" />
    </mem>
    <mem type="tenure" free="159600896" total="805306368" percent="19" macro-fragmented="0">
      <mem type="soa" free="151547136" total="797252608" percent="19" />
      <mem type="loa" free="8053760" total="8053760" percent="100" />
    </mem>
    <remembered-set count="105" />
  </mem-info>
</gc-end>
<cycle-end id="3324" type="scavenge" contextid="3318" timestamp="2022-02-08T18:55:01.654" />
<allocation-satisfied id="3325" threadId="0000000000016F00" bytesRequested="184" />
<af-end id="3326" timestamp="2022-02-08T18:55:01.654" threadId="0000000000017908" success="true" from="nursery"/>
<exclusive-end id="3327" timestamp="2022-02-08T18:55:01.654" durationms="91.164" />

<concurrent-kickoff id="3328" timestamp="2022-02-08T18:55:02.512">
  <kickoff reason="threshold reached" targetBytes="74439084" thresholdFreeBytes="5753598"  remainingFree="5647360" tenureFreeBytes="159600896" nurseryFreeBytes="5647360" />
</concurrent-kickoff>
<exclusive-start id="3329" timestamp="2022-02-08T18:55:02.515" intervalms="951.979">
  <response-info timems="0.022" idlems="0.022" threads="0" lastid="0000000000016F00" lastname="main" />
</exclusive-start>
<cycle-start id="3330" type="global" contextid="0" timestamp="2022-02-08T18:55:02.515" intervalms="2931.704" />
<concurrent-start id="3331" type="global mark" contextid="3330" timestamp="2022-02-08T18:55:02.515">
</concurrent-start>
<exclusive-end id="3332" timestamp="2022-02-08T18:55:02.515" durationms="0.029" />

<exclusive-start id="3333" timestamp="2022-02-08T18:55:02.642" intervalms="127.220">
  <response-info timems="0.018" idlems="0.018" threads="0" lastid="0000000000016F00" lastname="main" />
</exclusive-start>
<af-start id="3334" threadId="0000000000017908" totalBytesRequested="208" timestamp="2022-02-08T18:55:02.642" intervalms="1079.197" type="nursery" />
<cycle-start id="3335" type="scavenge" contextid="0" timestamp="2022-02-08T18:55:02.642" intervalms="1079.249" />
<gc-start id="3336" type="scavenge" contextid="3335" timestamp="2022-02-08T18:55:02.642">
  <mem-info id="3337" free="159600896" total="1073741824" percent="14">
    <mem type="nursery" free="0" total="268435456" percent="0">
      <mem type="allocate" free="0" total="183631872" percent="0" />
      <mem type="survivor" free="0" total="84803584" percent="0" />
    </mem>
    <mem type="tenure" free="159600896" total="805306368" percent="19">
      <mem type="soa" free="151547136" total="797252608" percent="19" />
      <mem type="loa" free="8053760" total="8053760" percent="100" />
    </mem>
    <remembered-set count="136" />
  </mem-info>
</gc-start>
<allocation-stats totalBytes="106986104" >
  <allocated-bytes non-tlh="2841632" tlh="104144472" />
  <largest-consumer threadName="main" threadId="0000000000016F00" bytes="106986104" />
</allocation-stats>
<gc-op id="3338" type="scavenge" timems="92.706" contextid="3335" timestamp="2022-02-08T18:55:02.735">
  <scavenger-info tenureage="1" tenuremask="7ffe" tiltratio="68" />
  <memory-copied type="nursery" objects="1443589" bytes="75236776" bytesdiscarded="85544" />
  <memory-copied type="tenure" objects="1333980" bytes="76404808" bytesdiscarded="39104" />
  <finalization candidates="110" enqueued="53" />
  <references type="soft" candidates="14" cleared="0" enqueued="0" dynamicThreshold="12" maxThreshold="32" />
  <references type="weak" candidates="1" cleared="0" enqueued="0" />
  <references type="phantom" candidates="95" cleared="7" enqueued="7" />
  <object-monitors candidates="2" cleared="0"  />
</gc-op>
<gc-end id="3339" type="scavenge" contextid="3335" durationms="92.907" usertimems="367.251" systemtimems="0.000" stalltimems="2.671" timestamp="2022-02-08T18:55:02.735" activeThreads="4">
  <mem-info id="3340" free="192057256" total="1073741824" percent="17">
    <mem type="nursery" free="108768176" total="268435456" percent="40">
      <mem type="allocate" free="108768176" total="184090624" percent="59" />
      <mem type="survivor" free="0" total="84344832" percent="0" />
    </mem>
    <mem type="tenure" free="83289080" total="805306368" percent="10" macro-fragmented="39939376">
      <mem type="soa" free="75235320" total="797252608" percent="9" />
      <mem type="loa" free="8053760" total="8053760" percent="100" />
    </mem>
    <pending-finalizers system="52" default="1" reference="7" classloader="0" />
    <remembered-set count="130" />
  </mem-info>
</gc-end>
<cycle-end id="3341" type="scavenge" contextid="3335" timestamp="2022-02-08T18:55:02.735" />
<allocation-satisfied id="3342" threadId="0000000000016F00" bytesRequested="208" />
<af-end id="3343" timestamp="2022-02-08T18:55:02.735" threadId="0000000000017908" success="true" from="nursery"/>
<exclusive-end id="3344" timestamp="2022-02-08T18:55:02.735" durationms="93.231" />

<concurrent-end id="3345" type="global mark" contextid="3330" timestamp="2022-02-08T18:55:02.849">
<gc-op id="3346" type="trace" timems="334.138" contextid="3330" timestamp="2022-02-08T18:55:02.849">
  <trace bytesTraced="74438580" workStackOverflowCount="0" />
  <card-cleaning reason="card cleaning threshold reached" bytesTraced="904" cardsCleaned="2" />
</gc-op>
</concurrent-end>

<exclusive-start id="3347" timestamp="2022-02-08T18:55:02.849" intervalms="207.002">
  <response-info timems="0.019" idlems="0.019" threads="0" lastid="0000000000016F00" lastname="main" />
</exclusive-start>
<concurrent-global-final id="3348" timestamp="2022-02-08T18:55:02.849" contextid="3330" intervalms="2895.616" >
  <concurrent-trace-info reason="card cleaning threshold reached" tracedByMutators="58158476" tracedByHelpers="16281008" cardsCleaned="2" workStackOverflowCount="0" />
</concurrent-global-final>
<gc-start id="3349" type="global" contextid="3330" timestamp="2022-02-08T18:55:02.849">
  <mem-info id="3350" free="184217304" total="1073741824" percent="17">
    <mem type="nursery" free="100928224" total="268435456" percent="37">
      <mem type="allocate" free="100928224" total="184090624" percent="54" />
      <mem type="survivor" free="0" total="84344832" percent="0" />
    </mem>
    <mem type="tenure" free="83289080" total="805306368" percent="10">
      <mem type="soa" free="75235320" total="797252608" percent="9" />
      <mem type="loa" free="8053760" total="8053760" percent="100" />
    </mem>
    <remembered-set count="131" />
  </mem-info>
</gc-start>
<allocation-stats totalBytes="7835800" >
  <allocated-bytes non-tlh="208" tlh="7835592" />
  <largest-consumer threadName="main" threadId="0000000000016F00" bytes="7827608" />
</allocation-stats>
<gc-op id="3351" type="rs-scan" timems="135.455" contextid="3330" timestamp="2022-02-08T18:55:02.985">
  <scan objectsFound="3324743" bytesTraced="71015584" workStackOverflowCount="0" />
</gc-op>
<gc-op id="3352" type="card-cleaning" timems="0.331" contextid="3330" timestamp="2022-02-08T18:55:02.985">
  <card-cleaning cardsCleaned="4" bytesTraced="1836" workStackOverflowCount="0" />
</gc-op>
<gc-op id="3353" type="mark" timems="30.577" contextid="3330" timestamp="2022-02-08T18:55:03.016">
  <trace-info objectcount="1217233" scancount="914451" scanbytes="19576008" />
  <finalization candidates="428" enqueued="57" />
  <ownableSynchronizers candidates="1" cleared="0" />
  <references type="soft" candidates="894" cleared="0" enqueued="0" dynamicThreshold="12" maxThreshold="32" />
  <references type="weak" candidates="1701" cleared="0" enqueued="0" />
  <references type="phantom" candidates="52" cleared="2" enqueued="2" />
  <stringconstants candidates="6470" cleared="0"  />
  <object-monitors candidates="2" cleared="0"  />
</gc-op>
<gc-op id="3354" type="sweep" timems="4.808" contextid="3330" timestamp="2022-02-08T18:55:03.020" />
<gc-end id="3355" type="global" contextid="3330" durationms="171.426" usertimems="183.222" systemtimems="4.255" stalltimems="90.799" timestamp="2022-02-08T18:55:03.021" activeThreads="4">
  <mem-info id="3356" free="427794496" total="1073741824" percent="39">
    <mem type="nursery" free="101581768" total="268435456" percent="37">
      <mem type="allocate" free="101581768" total="184090624" percent="55" />
      <mem type="survivor" free="0" total="84344832" percent="0" />
    </mem>
    <mem type="tenure" free="326212728" total="805306368" percent="40" micro-fragmented="334487" macro-fragmented="0">
      <mem type="soa" free="318158968" total="797252608" percent="39" />
      <mem type="loa" free="8053760" total="8053760" percent="100" />
    </mem>
    <pending-finalizers system="57" default="0" reference="2" classloader="0" />
    <remembered-set count="113" />
  </mem-info>
</gc-end>
<cycle-end id="3357" type="global" contextid="3330" timestamp="2022-02-08T18:55:03.021" />
<exclusive-end id="3358" timestamp="2022-02-08T18:55:03.021" durationms="171.638" />

<exclusive-start id="3359" timestamp="2022-02-08T18:55:03.726" intervalms="877.317">
  <response-info timems="0.021" idlems="0.021" threads="0" lastid="0000000000016F00" lastname="main" />
</exclusive-start>
<af-start id="3360" threadId="0000000000017908" totalBytesRequested="200" timestamp="2022-02-08T18:55:03.726" intervalms="1084.321" type="nursery" />
<cycle-start id="3361" type="scavenge" contextid="0" timestamp="2022-02-08T18:55:03.726" intervalms="1084.260" />
<gc-start id="3362" type="scavenge" contextid="3361" timestamp="2022-02-08T18:55:03.726">
  <mem-info id="3363" free="326212728" total="1073741824" percent="30">
    <mem type="nursery" free="0" total="268435456" percent="0">
      <mem type="allocate" free="0" total="184090624" percent="0" />
      <mem type="survivor" free="0" total="84344832" percent="0" />
    </mem>
    <mem type="tenure" free="326212728" total="805306368" percent="40">
      <mem type="soa" free="318158968" total="797252608" percent="39" />
      <mem type="loa" free="8053760" total="8053760" percent="100" />
    </mem>
    <remembered-set count="114" />
  </mem-info>
</gc-start>
<allocation-stats totalBytes="101534312" >
  <allocated-bytes non-tlh="0" tlh="101534312" />
  <largest-consumer threadName="main" threadId="0000000000016F00" bytes="101530216" />
</allocation-stats>
<gc-op id="3364" type="scavenge" timems="98.613" contextid="3361" timestamp="2022-02-08T18:55:03.825">
  <scavenger-info tenureage="1" tenuremask="7ffe" tiltratio="68" />
  <memory-copied type="nursery" objects="1412035" bytes="77816696" bytesdiscarded="335600" />
  <memory-copied type="tenure" objects="1442873" bytes="74768728" bytesdiscarded="40848" />
  <finalization candidates="57" enqueued="0" />
  <ownableSynchronizers candidates="2" cleared="2" />
  <object-monitors candidates="2" cleared="0"  />
</gc-op>
<gc-end id="3365" type="scavenge" contextid="3361" durationms="98.810" usertimems="391.063" systemtimems="0.490" stalltimems="1.879" timestamp="2022-02-08T18:55:03.825" activeThreads="4">
  <mem-info id="3366" free="355139248" total="1073741824" percent="33">
    <mem type="nursery" free="103906712" total="268435456" percent="38">
      <mem type="allocate" free="103906712" total="182059008" percent="57" />
      <mem type="survivor" free="0" total="86376448" percent="0" />
    </mem>
    <mem type="tenure" free="251232536" total="805306368" percent="31" macro-fragmented="0">
      <mem type="soa" free="243178776" total="797252608" percent="30" />
      <mem type="loa" free="8053760" total="8053760" percent="100" />
    </mem>
    <remembered-set count="104" />
  </mem-info>
</gc-end>
<cycle-end id="3367" type="scavenge" contextid="3361" timestamp="2022-02-08T18:55:03.825" />
<allocation-satisfied id="3368" threadId="0000000000016F00" bytesRequested="200" />
<af-end id="3369" timestamp="2022-02-08T18:55:03.825" threadId="0000000000017908" success="true" from="nursery"/>
<exclusive-end id="3370" timestamp="2022-02-08T18:55:03.825" durationms="99.057" />

<exclusive-start id="3371" timestamp="2022-02-08T18:55:04.472" intervalms="745.769">
  <response-info timems="0.021" idlems="0.021" threads="0" lastid="0000000000016F00" lastname="main" />
</exclusive-start>
<af-start id="3372" threadId="0000000000017908" totalBytesRequested="200" timestamp="2022-02-08T18:55:04.472" intervalms="745.770" type="nursery" />
<cycle-start id="3373" type="scavenge" contextid="0" timestamp="2022-02-08T18:55:04.472" intervalms="745.770" />
<gc-start id="3374" type="scavenge" contextid="3373" timestamp="2022-02-08T18:55:04.472">
  <mem-info id="3375" free="251232536" total="1073741824" percent="23">
    <mem type="nursery" free="0" total="268435456" percent="0">
      <mem type="allocate" free="0" total="182059008" percent="0" />
      <mem type="survivor" free="0" total="86376448" percent="0" />
    </mem>
    <mem type="tenure" free="251232536" total="805306368" percent="31">
      <mem type="soa" free="243178776" total="797252608" percent="30" />
      <mem type="loa" free="8053760" total="8053760" percent="100" />
    </mem>
    <remembered-set count="104" />
  </mem-info>
</gc-start>
<allocation-stats totalBytes="103859408" >
  <allocated-bytes non-tlh="200" tlh="103859208" />
  <largest-consumer threadName="main" threadId="0000000000016F00" bytes="103859408" />
</allocation-stats>
<gc-op id="3376" type="scavenge" timems="95.670" contextid="3373" timestamp="2022-02-08T18:55:04.568">
  <scavenger-info tenureage="1" tenuremask="7ffe" tiltratio="67" />
  <memory-copied type="nursery" objects="1298817" bytes="73846544" bytesdiscarded="351472" />
  <memory-copied type="tenure" objects="1412034" bytes="77816584" bytesdiscarded="44328" />
  <object-monitors candidates="2" cleared="0"  />
</gc-op>
<gc-end id="3377" type="scavenge" contextid="3373" durationms="95.900" usertimems="377.550" systemtimems="2.096" stalltimems="2.004" timestamp="2022-02-08T18:55:04.568" activeThreads="4">
  <mem-info id="3378" free="281673032" total="1073741824" percent="26">
    <mem type="nursery" free="108319744" total="268435456" percent="40">
      <mem type="allocate" free="108319744" total="182517760" percent="59" />
      <mem type="survivor" free="0" total="85917696" percent="0" />
    </mem>
    <mem type="tenure" free="173353288" total="805306368" percent="21" macro-fragmented="47927252">
      <mem type="soa" free="165299528" total="797252608" percent="20" />
      <mem type="loa" free="8053760" total="8053760" percent="100" />
    </mem>
    <remembered-set count="104" />
  </mem-info>
</gc-end>
<cycle-end id="3379" type="scavenge" contextid="3373" timestamp="2022-02-08T18:55:04.568" />
<allocation-satisfied id="3380" threadId="0000000000016F00" bytesRequested="200" />
<af-end id="3381" timestamp="2022-02-08T18:55:04.568" threadId="0000000000017908" success="true" from="nursery"/>
<exclusive-end id="3382" timestamp="2022-02-08T18:55:04.568" durationms="96.196" />

<exclusive-start id="3383" timestamp="2022-02-08T18:55:05.446" intervalms="974.139">
  <response-info timems="0.018" idlems="0.018" threads="0" lastid="0000000000016F00" lastname="main" />
</exclusive-start>
<af-start id="3384" threadId="0000000000017908" totalBytesRequested="232" timestamp="2022-02-08T18:55:05.446" intervalms="974.138" type="nursery" />
<cycle-start id="3385" type="scavenge" contextid="0" timestamp="2022-02-08T18:55:05.446" intervalms="974.137" />
<gc-start id="3386" type="scavenge" contextid="3385" timestamp="2022-02-08T18:55:05.446">
  <mem-info id="3387" free="173353288" total="1073741824" percent="16">
    <mem type="nursery" free="0" total="268435456" percent="0">
      <mem type="allocate" free="0" total="182517760" percent="0" />
      <mem type="survivor" free="0" total="85917696" percent="0" />
    </mem>
    <mem type="tenure" free="173353288" total="805306368" percent="21">
      <mem type="soa" free="165299528" total="797252608" percent="20" />
      <mem type="loa" free="8053760" total="8053760" percent="100" />
    </mem>
    <remembered-set count="134" />
  </mem-info>
</gc-start>
<allocation-stats totalBytes="108272120" >
  <allocated-bytes non-tlh="2841648" tlh="105430472" />
  <largest-consumer threadName="main" threadId="0000000000016F00" bytes="108272120" />
</allocation-stats>
<gc-op id="3388" type="scavenge" timems="91.488" contextid="3385" timestamp="2022-02-08T18:55:05.538">
  <scavenger-info tenureage="1" tenuremask="7ffe" tiltratio="67" />
  <memory-copied type="nursery" objects="1442240" bytes="76083392" bytesdiscarded="151488" />
  <memory-copied type="tenure" objects="1298816" bytes="73846432" bytesdiscarded="40208" />
  <finalization candidates="110" enqueued="53" />
  <references type="soft" candidates="14" cleared="0" enqueued="0" dynamicThreshold="12" maxThreshold="32" />
  <references type="weak" candidates="1" cleared="0" enqueued="0" />
  <references type="phantom" candidates="95" cleared="7" enqueued="7" />
  <object-monitors candidates="2" cleared="0"  />
</gc-op>
<gc-end id="3389" type="scavenge" contextid="3385" durationms="91.788" usertimems="361.529" systemtimems="0.301" stalltimems="3.376" timestamp="2022-02-08T18:55:05.538" activeThreads="4">
  <mem-info id="3390" free="205863304" total="1073741824" percent="19">
    <mem type="nursery" free="106544896" total="268435456" percent="39">
      <mem type="allocate" free="106544896" total="182779904" percent="58" />
      <mem type="survivor" free="0" total="85655552" percent="0" />
    </mem>
    <mem type="tenure" free="99318408" total="805306368" percent="12" macro-fragmented="0">
      <mem type="soa" free="91264648" total="797252608" percent="11" />
      <mem type="loa" free="8053760" total="8053760" percent="100" />
    </mem>
    <pending-finalizers system="52" default="1" reference="7" classloader="0" />
    <remembered-set count="129" />
  </mem-info>
</gc-end>
<cycle-end id="3391" type="scavenge" contextid="3385" timestamp="2022-02-08T18:55:05.538" />
<allocation-satisfied id="3392" threadId="0000000000016F00" bytesRequested="232" />
<af-end id="3393" timestamp="2022-02-08T18:55:05.538" threadId="0000000000017908" success="true" from="nursery"/>
<exclusive-end id="3394" timestamp="2022-02-08T18:55:05.538" durationms="92.151" />

<concurrent-kickoff id="3395" timestamp="2022-02-08T18:55:06.237">
  <kickoff reason="threshold reached" targetBytes="74439169" thresholdFreeBytes="5752102"  remainingFree="5750528" tenureFreeBytes="99318408" nurseryFreeBytes="5750528" />
</concurrent-kickoff>
<exclusive-start id="3396" timestamp="2022-02-08T18:55:06.241" intervalms="794.890">
  <response-info timems="0.019" idlems="0.019" threads="0" lastid="0000000000016F00" lastname="main" />
</exclusive-start>
<cycle-start id="3397" type="global" contextid="0" timestamp="2022-02-08T18:55:06.241" intervalms="3726.342" />
<concurrent-start id="3398" type="global mark" contextid="3397" timestamp="2022-02-08T18:55:06.241">
</concurrent-start>
<exclusive-end id="3399" timestamp="2022-02-08T18:55:06.241" durationms="0.035" />

<exclusive-start id="3400" timestamp="2022-02-08T18:55:06.375" intervalms="134.157">
  <response-info timems="0.029" idlems="0.029" threads="0" lastid="0000000000016F00" lastname="main" />
</exclusive-start>
<af-start id="3401" threadId="0000000000017908" totalBytesRequested="112" timestamp="2022-02-08T18:55:06.375" intervalms="929.060" type="nursery" />
<cycle-start id="3402" type="scavenge" contextid="0" timestamp="2022-02-08T18:55:06.375" intervalms="929.061" />
<gc-start id="3403" type="scavenge" contextid="3402" timestamp="2022-02-08T18:55:06.375">
  <mem-info id="3404" free="99318408" total="1073741824" percent="9">
    <mem type="nursery" free="0" total="268435456" percent="0">
      <mem type="allocate" free="0" total="182779904" percent="0" />
      <mem type="survivor" free="0" total="85655552" percent="0" />
    </mem>
    <mem type="tenure" free="99318408" total="805306368" percent="12">
      <mem type="soa" free="91264648" total="797252608" percent="11" />
      <mem type="loa" free="8053760" total="8053760" percent="100" />
    </mem>
    <remembered-set count="130" />
  </mem-info>
</gc-start>
<allocation-stats totalBytes="106494728" >
  <allocated-bytes non-tlh="232" tlh="106494496" />
  <largest-consumer threadName="main" threadId="0000000000016F00" bytes="106486536" />
</allocation-stats>
<gc-op id="3405" type="scavenge" timems="98.352" contextid="3402" timestamp="2022-02-08T18:55:06.474">
  <scavenger-info tenureage="1" tenuremask="7ffe" tiltratio="68" />
  <memory-copied type="nursery" objects="1380148" bytes="75896672" bytesdiscarded="288160" />
  <memory-copied type="tenure" objects="1441528" bytes="75615408" bytesdiscarded="37184" />
  <finalization candidates="57" enqueued="0" />
  <object-monitors candidates="2" cleared="0"  />
</gc-op>
<gc-end id="3406" type="scavenge" contextid="3402" durationms="98.482" usertimems="383.885" systemtimems="5.272" stalltimems="2.641" timestamp="2022-02-08T18:55:06.474" activeThreads="4">
  <mem-info id="3407" free="131053080" total="1073741824" percent="12">
    <mem type="nursery" free="107315968" total="268435456" percent="39">
      <mem type="allocate" free="107315968" total="183500800" percent="58" />
      <mem type="survivor" free="0" total="84934656" percent="0" />
    </mem>
    <mem type="tenure" free="23737112" total="805306368" percent="2" macro-fragmented="18886860">
      <mem type="soa" free="15683352" total="797252608" percent="1" />
      <mem type="loa" free="8053760" total="8053760" percent="100" />
    </mem>
    <remembered-set count="103" />
  </mem-info>
</gc-end>
<cycle-end id="3408" type="scavenge" contextid="3402" timestamp="2022-02-08T18:55:06.474" />
<allocation-satisfied id="3409" threadId="0000000000016F00" bytesRequested="112" />
<af-end id="3410" timestamp="2022-02-08T18:55:06.474" threadId="0000000000017908" success="true" from="nursery"/>
<exclusive-end id="3411" timestamp="2022-02-08T18:55:06.474" durationms="98.791" />

<concurrent-end id="3412" type="global mark" contextid="3397" timestamp="2022-02-08T18:55:06.583">
<gc-op id="3413" type="trace" timems="341.816" contextid="3397" timestamp="2022-02-08T18:55:06.583">
  <trace bytesTraced="74438804" workStackOverflowCount="0" />
  <card-cleaning reason="card cleaning threshold reached" bytesTraced="904" cardsCleaned="2" />
</gc-op>
</concurrent-end>

<exclusive-start id="3414" timestamp="2022-02-08T18:55:06.583" intervalms="207.734">
  <response-info timems="0.018" idlems="0.018" threads="0" lastid="0000000000016F00" lastname="main" />
</exclusive-start>
<concurrent-global-final id="3415" timestamp="2022-02-08T18:55:06.583" contextid="3397" intervalms="3734.007" >
  <concurrent-trace-info reason="card cleaning threshold reached" tracedByMutators="54724160" tracedByHelpers="19715548" cardsCleaned="2" workStackOverflowCount="0" />
</concurrent-global-final>
<gc-start id="3416" type="global" contextid="3397" timestamp="2022-02-08T18:55:06.583">
  <mem-info id="3417" free="123614632" total="1073741824" percent="11">
    <mem type="nursery" free="99877520" total="268435456" percent="37">
      <mem type="allocate" free="99877520" total="183500800" percent="54" />
      <mem type="survivor" free="0" total="84934656" percent="0" />
    </mem>
    <mem type="tenure" free="23737112" total="805306368" percent="2">
      <mem type="soa" free="15683352" total="797252608" percent="1" />
      <mem type="loa" free="8053760" total="8053760" percent="100" />
    </mem>
    <remembered-set count="103" />
  </mem-info>
</gc-start>
<allocation-stats totalBytes="7435224" >
  <allocated-bytes non-tlh="112" tlh="7435112" />
  <largest-consumer threadName="main" threadId="0000000000016F00" bytes="7435224" />
</allocation-stats>
<gc-op id="3418" type="rs-scan" timems="0.499" contextid="3397" timestamp="2022-02-08T18:55:06.584">
  <scan objectsFound="0" bytesTraced="3836" workStackOverflowCount="0" />
</gc-op>
<gc-op id="3419" type="card-cleaning" timems="150.005" contextid="3397" timestamp="2022-02-08T18:55:06.734">
  <card-cleaning cardsCleaned="10" bytesTraced="71014508" workStackOverflowCount="0" />
</gc-op>
<gc-op id="3420" type="mark" timems="62.991" contextid="3397" timestamp="2022-02-08T18:55:06.797">
  <trace-info objectcount="2312372" scancount="1735806" scanbytes="37098264" />
  <finalization candidates="428" enqueued="57" />
  <ownableSynchronizers candidates="1" cleared="0" />
  <references type="soft" candidates="894" cleared="0" enqueued="0" dynamicThreshold="12" maxThreshold="32" />
  <references type="weak" candidates="1701" cleared="0" enqueued="0" />
  <references type="phantom" candidates="52" cleared="2" enqueued="2" />
  <stringconstants candidates="6470" cleared="0"  />
  <object-monitors candidates="2" cleared="0"  />
</gc-op>
<gc-op id="3421" type="sweep" timems="5.339" contextid="3397" timestamp="2022-02-08T18:55:06.802" />
<gc-end id="3422" type="global" contextid="3397" durationms="219.062" usertimems="233.602" systemtimems="2.088" stalltimems="188.500" timestamp="2022-02-08T18:55:06.802" activeThreads="4">
  <mem-info id="3423" free="366984904" total="1073741824" percent="34">
    <mem type="nursery" free="100258888" total="268435456" percent="37">
      <mem type="allocate" free="100258888" total="183500800" percent="54" />
      <mem type="survivor" free="0" total="84934656" percent="0" />
    </mem>
    <mem type="tenure" free="266726016" total="805306368" percent="33" micro-fragmented="357713" macro-fragmented="0">
      <mem type="soa" free="258672256" total="797252608" percent="32" />
      <mem type="loa" free="8053760" total="8053760" percent="100" />
    </mem>
    <pending-finalizers system="57" default="0" reference="2" classloader="0" />
    <remembered-set count="103" />
  </mem-info>
</gc-end>
<cycle-end id="3424" type="global" contextid="3397" timestamp="2022-02-08T18:55:06.802" />
<exclusive-end id="3425" timestamp="2022-02-08T18:55:06.802" durationms="219.267" />

<exclusive-start id="3426" timestamp="2022-02-08T18:55:07.414" intervalms="830.583">
  <response-info timems="0.021" idlems="0.021" threads="0" lastid="0000000000016F00" lastname="main" />
</exclusive-start>
<af-start id="3427" threadId="0000000000017908" totalBytesRequested="64" timestamp="2022-02-08T18:55:07.414" intervalms="1038.316" type="nursery" />
<cycle-start id="3428" type="scavenge" contextid="0" timestamp="2022-02-08T18:55:07.414" intervalms="1038.315" />
<gc-start id="3429" type="scavenge" contextid="3428" timestamp="2022-02-08T18:55:07.414">
  <mem-info id="3430" free="266726016" total="1073741824" percent="24">
    <mem type="nursery" free="0" total="268435456" percent="0">
      <mem type="allocate" free="0" total="183500800" percent="0" />
      <mem type="survivor" free="0" total="84934656" percent="0" />
    </mem>
    <mem type="tenure" free="266726016" total="805306368" percent="33">
      <mem type="soa" free="258672256" total="797252608" percent="32" />
      <mem type="loa" free="8053760" total="8053760" percent="100" />
    </mem>
    <remembered-set count="106" />
  </mem-info>
</gc-start>
<allocation-stats totalBytes="100213184" >
  <allocated-bytes non-tlh="0" tlh="100213184" />
  <largest-consumer threadName="main" threadId="0000000000016F00" bytes="100209088" />
</allocation-stats>
<gc-op id="3431" type="scavenge" timems="93.414" contextid="3428" timestamp="2022-02-08T18:55:07.507">
  <scavenger-info tenureage="1" tenuremask="7ffe" tiltratio="68" />
  <memory-copied type="nursery" objects="1343695" bytes="76411632" bytesdiscarded="202912" />
  <memory-copied type="tenure" objects="1380148" bytes="75896672" bytesdiscarded="47224" />
  <ownableSynchronizers candidates="2" cleared="2" />
  <object-monitors candidates="2" cleared="0"  />
</gc-op>
<gc-end id="3432" type="scavenge" contextid="3428" durationms="93.632" usertimems="369.556" systemtimems="0.000" stalltimems="3.007" timestamp="2022-02-08T18:55:07.507" activeThreads="4">
  <mem-info id="3433" free="297596048" total="1073741824" percent="27">
    <mem type="nursery" free="107213936" total="268435456" percent="39">
      <mem type="allocate" free="107213936" total="183828480" percent="58" />
      <mem type="survivor" free="0" total="84606976" percent="0" />
    </mem>
    <mem type="tenure" free="190382112" total="805306368" percent="23" macro-fragmented="0">
      <mem type="soa" free="182328352" total="797252608" percent="22" />
      <mem type="loa" free="8053760" total="8053760" percent="100" />
    </mem>
    <remembered-set count="105" />
  </mem-info>
</gc-end>
<cycle-end id="3434" type="scavenge" contextid="3428" timestamp="2022-02-08T18:55:07.508" />
<allocation-satisfied id="3435" threadId="0000000000016F00" bytesRequested="64" />
<af-end id="3436" timestamp="2022-02-08T18:55:07.508" threadId="0000000000017908" success="true" from="nursery"/>
<exclusive-end id="3437" timestamp="2022-02-08T18:55:07.508" durationms="93.933" />

<exclusive-start id="3438" timestamp="2022-02-08T18:55:08.399" intervalms="985.080">
  <response-info timems="0.020" idlems="0.020" threads="0" lastid="0000000000016F00" lastname="main" />
</exclusive-start>
<af-start id="3439" threadId="0000000000017908" totalBytesRequested="24" timestamp="2022-02-08T18:55:08.399" intervalms="985.068" type="nursery" />
<cycle-start id="3440" type="scavenge" contextid="0" timestamp="2022-02-08T18:55:08.399" intervalms="985.069" />
<gc-start id="3441" type="scavenge" contextid="3440" timestamp="2022-02-08T18:55:08.399">
  <mem-info id="3442" free="190382112" total="1073741824" percent="17">
    <mem type="nursery" free="0" total="268435456" percent="0">
      <mem type="allocate" free="0" total="183828480" percent="0" />
      <mem type="survivor" free="0" total="84606976" percent="0" />
    </mem>
    <mem type="tenure" free="190382112" total="805306368" percent="23">
      <mem type="soa" free="182328352" total="797252608" percent="22" />
      <mem type="loa" free="8053760" total="8053760" percent="100" />
    </mem>
    <remembered-set count="136" />
  </mem-info>
</gc-start>
<allocation-stats totalBytes="107163992" >
  <allocated-bytes non-tlh="1661208" tlh="105502784" />
  <largest-consumer threadName="main" threadId="0000000000016F00" bytes="107163992" />
</allocation-stats>
<gc-op id="3443" type="scavenge" timems="107.852" contextid="3440" timestamp="2022-02-08T18:55:08.507">
  <scavenger-info tenureage="1" tenuremask="7ffe" tiltratio="68" />
  <memory-copied type="nursery" objects="1458396" bytes="75434280" bytesdiscarded="129776" />
  <memory-copied type="tenure" objects="1343694" bytes="76411592" bytesdiscarded="40288" />
  <finalization candidates="109" enqueued="53" />
  <references type="soft" candidates="14" cleared="0" enqueued="0" dynamicThreshold="10" maxThreshold="32" />
  <references type="weak" candidates="1" cleared="0" enqueued="0" />
  <references type="phantom" candidates="94" cleared="7" enqueued="7" />
  <object-monitors candidates="2" cleared="0"  />
</gc-op>
<gc-end id="3444" type="scavenge" contextid="3440" durationms="108.043" usertimems="425.309" systemtimems="0.783" stalltimems="4.018" timestamp="2022-02-08T18:55:08.507" activeThreads="4">
  <mem-info id="3445" free="222910224" total="1073741824" percent="20">
    <mem type="nursery" free="108657512" total="268435456" percent="40">
      <mem type="allocate" free="108657512" total="184221696" percent="58" />
      <mem type="survivor" free="0" total="84213760" percent="0" />
    </mem>
    <mem type="tenure" free="114252712" total="805306368" percent="14" macro-fragmented="0">
      <mem type="soa" free="106198952" total="797252608" percent="13" />
      <mem type="loa" free="8053760" total="8053760" percent="100" />
    </mem>
    <pending-finalizers system="52" default="1" reference="7" classloader="0" />
    <remembered-set count="132" />
  </mem-info>
</gc-end>
<cycle-end id="3446" type="scavenge" contextid="3440" timestamp="2022-02-08T18:55:08.507" />
<allocation-satisfied id="3447" threadId="0000000000016F00" bytesRequested="24" />
<af-end id="3448" timestamp="2022-02-08T18:55:08.507" threadId="0000000000017908" success="true" from="nursery"/>
<exclusive-end id="3449" timestamp="2022-02-08T18:55:08.507" durationms="108.291" />

<concurrent-kickoff id="3450" timestamp="2022-02-08T18:55:09.198">
  <kickoff reason="threshold reached" targetBytes="74439280" thresholdFreeBytes="5751118"  remainingFree="5622512" tenureFreeBytes="114252712" nurseryFreeBytes="5622512" />
</concurrent-kickoff>
<exclusive-start id="3451" timestamp="2022-02-08T18:55:09.201" intervalms="802.456">
  <response-info timems="0.019" idlems="0.019" threads="0" lastid="0000000000016F00" lastname="main" />
</exclusive-start>
<cycle-start id="3452" type="global" contextid="0" timestamp="2022-02-08T18:55:09.201" intervalms="2960.004" />
<concurrent-start id="3453" type="global mark" contextid="3452" timestamp="2022-02-08T18:55:09.201">
</concurrent-start>
<exclusive-end id="3454" timestamp="2022-02-08T18:55:09.201" durationms="0.029" />

<exclusive-start id="3455" timestamp="2022-02-08T18:55:09.334" intervalms="132.437">
  <response-info timems="0.017" idlems="0.017" threads="0" lastid="0000000000016F00" lastname="main" />
</exclusive-start>
<af-start id="3456" threadId="0000000000017908" totalBytesRequested="480" timestamp="2022-02-08T18:55:09.334" intervalms="934.892" type="nursery" />
<cycle-start id="3457" type="scavenge" contextid="0" timestamp="2022-02-08T18:55:09.334" intervalms="934.892" />
<gc-start id="3458" type="scavenge" contextid="3457" timestamp="2022-02-08T18:55:09.334">
  <mem-info id="3459" free="114252712" total="1073741824" percent="10">
    <mem type="nursery" free="0" total="268435456" percent="0">
      <mem type="allocate" free="0" total="184221696" percent="0" />
      <mem type="survivor" free="0" total="84213760" percent="0" />
    </mem>
    <mem type="tenure" free="114252712" total="805306368" percent="14">
      <mem type="soa" free="106198952" total="797252608" percent="13" />
      <mem type="loa" free="8053760" total="8053760" percent="100" />
    </mem>
    <remembered-set count="133" />
  </mem-info>
</gc-start>
<allocation-stats totalBytes="108606272" >
  <allocated-bytes non-tlh="1347704" tlh="107258568" />
  <largest-consumer threadName="main" threadId="0000000000016F00" bytes="108598080" />
</allocation-stats>
<gc-op id="3460" type="scavenge" timems="102.992" contextid="3457" timestamp="2022-02-08T18:55:09.437">
  <scavenger-info tenureage="1" tenuremask="7ffe" tiltratio="68" />
  <memory-copied type="nursery" objects="1381065" bytes="77763552" bytesdiscarded="187744" />
  <memory-copied type="tenure" objects="1457677" bytes="74491112" bytesdiscarded="39184" />
  <finalization candidates="57" enqueued="0" />
  <references type="phantom" candidates="1" cleared="0" enqueued="0" />
  <object-monitors candidates="2" cleared="0"  />
</gc-op>
<gc-end id="3461" type="scavenge" contextid="3457" durationms="103.200" usertimems="393.929" systemtimems="0.320" stalltimems="2.748" timestamp="2022-02-08T18:55:09.437" activeThreads="4">
  <mem-info id="3462" free="143931560" total="1073741824" percent="13">
    <mem type="nursery" free="104435392" total="268435456" percent="38">
      <mem type="allocate" free="104435392" total="182386688" percent="57" />
      <mem type="survivor" free="0" total="86048768" percent="0" />
    </mem>
    <mem type="tenure" free="39496168" total="805306368" percent="4" macro-fragmented="0">
      <mem type="soa" free="31442408" total="797252608" percent="3" />
      <mem type="loa" free="8053760" total="8053760" percent="100" />
    </mem>
    <remembered-set count="101" />
  </mem-info>
</gc-end>
<cycle-end id="3463" type="scavenge" contextid="3457" timestamp="2022-02-08T18:55:09.437" />
<allocation-satisfied id="3464" threadId="0000000000016F00" bytesRequested="480" />
<af-end id="3465" timestamp="2022-02-08T18:55:09.437" threadId="0000000000017908" success="true" from="nursery"/>
<exclusive-end id="3466" timestamp="2022-02-08T18:55:09.437" durationms="103.480" />

<concurrent-end id="3467" type="global mark" contextid="3452" timestamp="2022-02-08T18:55:09.552">
<gc-op id="3468" type="trace" timems="350.674" contextid="3452" timestamp="2022-02-08T18:55:09.552">
  <trace bytesTraced="74439012" workStackOverflowCount="0" />
  <card-cleaning reason="card cleaning threshold reached" bytesTraced="904" cardsCleaned="2" />
</gc-op>
</concurrent-end>

<exclusive-start id="3469" timestamp="2022-02-08T18:55:09.552" intervalms="218.307">
  <response-info timems="0.017" idlems="0.017" threads="0" lastid="0000000000016F00" lastname="main" />
</exclusive-start>
<concurrent-global-final id="3470" timestamp="2022-02-08T18:55:09.552" contextid="3452" intervalms="2968.861" >
  <concurrent-trace-info reason="card cleaning threshold reached" tracedByMutators="56305432" tracedByHelpers="18134484" cardsCleaned="2" workStackOverflowCount="0" />
</concurrent-global-final>
<gc-start id="3471" type="global" contextid="3452" timestamp="2022-02-08T18:55:09.552">
  <mem-info id="3472" free="136361672" total="1073741824" percent="12">
    <mem type="nursery" free="96865504" total="268435456" percent="36">
      <mem type="allocate" free="96865504" total="182386688" percent="53" />
      <mem type="survivor" free="0" total="86048768" percent="0" />
    </mem>
    <mem type="tenure" free="39496168" total="805306368" percent="4">
      <mem type="soa" free="31442408" total="797252608" percent="3" />
      <mem type="loa" free="8053760" total="8053760" percent="100" />
    </mem>
    <remembered-set count="101" />
  </mem-info>
</gc-start>
<allocation-stats totalBytes="7566536" >
  <allocated-bytes non-tlh="480" tlh="7566056" />
  <largest-consumer threadName="main" threadId="0000000000016F00" bytes="7566536" />
</allocation-stats>
<gc-op id="3473" type="rs-scan" timems="0.521" contextid="3452" timestamp="2022-02-08T18:55:09.553">
  <scan objectsFound="29" bytesTraced="5268" workStackOverflowCount="0" />
</gc-op>
<gc-op id="3474" type="card-cleaning" timems="159.357" contextid="3452" timestamp="2022-02-08T18:55:09.712">
  <card-cleaning cardsCleaned="9" bytesTraced="71013076" workStackOverflowCount="0" />
</gc-op>
<gc-op id="3475" type="mark" timems="55.733" contextid="3452" timestamp="2022-02-08T18:55:09.768">
  <trace-info objectcount="2059707" scancount="1546308" scanbytes="33055592" />
  <finalization candidates="428" enqueued="57" />
  <ownableSynchronizers candidates="1" cleared="0" />
  <references type="soft" candidates="894" cleared="0" enqueued="0" dynamicThreshold="10" maxThreshold="32" />
  <references type="weak" candidates="1701" cleared="0" enqueued="0" />
  <references type="phantom" candidates="52" cleared="2" enqueued="2" />
  <stringconstants candidates="6470" cleared="0"  />
  <object-monitors candidates="2" cleared="0"  />
</gc-op>
<gc-op id="3476" type="sweep" timems="5.582" contextid="3452" timestamp="2022-02-08T18:55:09.773" />
<gc-end id="3477" type="global" contextid="3452" durationms="221.429" usertimems="237.175" systemtimems="0.438" stalltimems="166.957" timestamp="2022-02-08T18:55:09.773" activeThreads="4">
  <mem-info id="3478" free="379695672" total="1073741824" percent="35">
    <mem type="nursery" free="97146368" total="268435456" percent="36">
      <mem type="allocate" free="97146368" total="182386688" percent="53" />
      <mem type="survivor" free="0" total="86048768" percent="0" />
    </mem>
    <mem type="tenure" free="282549304" total="805306368" percent="35" micro-fragmented="341654" macro-fragmented="0">
      <mem type="soa" free="274495544" total="797252608" percent="34" />
      <mem type="loa" free="8053760" total="8053760" percent="100" />
    </mem>
    <pending-finalizers system="57" default="0" reference="2" classloader="0" />
    <remembered-set count="101" />
  </mem-info>
</gc-end>
<cycle-end id="3479" type="global" contextid="3452" timestamp="2022-02-08T18:55:09.774" />
<exclusive-end id="3480" timestamp="2022-02-08T18:55:09.774" durationms="221.664" />

<exclusive-start id="3481" timestamp="2022-02-08T18:55:10.394" intervalms="842.213">
  <response-info timems="0.020" idlems="0.020" threads="0" lastid="0000000000016F00" lastname="main" />
</exclusive-start>
<af-start id="3482" threadId="0000000000017908" totalBytesRequested="184" timestamp="2022-02-08T18:55:10.394" intervalms="1060.522" type="nursery" />
<cycle-start id="3483" type="scavenge" contextid="0" timestamp="2022-02-08T18:55:10.394" intervalms="1060.522" />
<gc-start id="3484" type="scavenge" contextid="3483" timestamp="2022-02-08T18:55:10.394">
  <mem-info id="3485" free="282549304" total="1073741824" percent="26">
    <mem type="nursery" free="0" total="268435456" percent="0">
      <mem type="allocate" free="0" total="182386688" percent="0" />
      <mem type="survivor" free="0" total="86048768" percent="0" />
    </mem>
    <mem type="tenure" free="282549304" total="805306368" percent="35">
      <mem type="soa" free="274495544" total="797252608" percent="34" />
      <mem type="loa" free="8053760" total="8053760" percent="100" />
    </mem>
    <remembered-set count="104" />
  </mem-info>
</gc-start>
<allocation-stats totalBytes="97100712" >
  <allocated-bytes non-tlh="0" tlh="97100712" />
  <largest-consumer threadName="main" threadId="0000000000016F00" bytes="97096616" />
</allocation-stats>
<gc-op id="3486" type="scavenge" timems="91.280" contextid="3483" timestamp="2022-02-08T18:55:10.486">
  <scavenger-info tenureage="1" tenuremask="7ffe" tiltratio="67" />
  <memory-copied type="nursery" objects="1310515" bytes="74317664" bytesdiscarded="388392" />
  <memory-copied type="tenure" objects="1381064" bytes="77763304" bytesdiscarded="42328" />
  <finalization candidates="1" enqueued="0" />
  <ownableSynchronizers candidates="2" cleared="2" />
  <object-monitors candidates="2" cleared="0"  />
</gc-op>
<gc-end id="3487" type="scavenge" contextid="3483" durationms="91.517" usertimems="361.044" systemtimems="0.845" stalltimems="1.824" timestamp="2022-02-08T18:55:10.486" activeThreads="4">
  <mem-info id="3488" free="312682448" total="1073741824" percent="29">
    <mem type="nursery" free="108073848" total="268435456" percent="40">
      <mem type="allocate" free="108073848" total="182779904" percent="59" />
      <mem type="survivor" free="0" total="85655552" percent="0" />
    </mem>
    <mem type="tenure" free="204608600" total="805306368" percent="25" macro-fragmented="0">
      <mem type="soa" free="196554840" total="797252608" percent="24" />
      <mem type="loa" free="8053760" total="8053760" percent="100" />
    </mem>
    <remembered-set count="105" />
  </mem-info>
</gc-end>
<cycle-end id="3489" type="scavenge" contextid="3483" timestamp="2022-02-08T18:55:10.486" />
<allocation-satisfied id="3490" threadId="0000000000016F00" bytesRequested="184" />
<af-end id="3491" timestamp="2022-02-08T18:55:10.486" threadId="0000000000017908" success="true" from="nursery"/>
<exclusive-end id="3492" timestamp="2022-02-08T18:55:10.486" durationms="91.884" />

<exclusive-start id="3493" timestamp="2022-02-08T18:55:11.376" intervalms="981.402">
  <response-info timems="0.017" idlems="0.017" threads="0" lastid="0000000000016F00" lastname="main" />
</exclusive-start>
<af-start id="3494" threadId="0000000000017908" totalBytesRequested="184" timestamp="2022-02-08T18:55:11.376" intervalms="981.770" type="nursery" />
<cycle-start id="3495" type="scavenge" contextid="0" timestamp="2022-02-08T18:55:11.376" intervalms="981.910" />
<gc-start id="3496" type="scavenge" contextid="3495" timestamp="2022-02-08T18:55:11.376">
  <mem-info id="3497" free="204608600" total="1073741824" percent="19">
    <mem type="nursery" free="0" total="268435456" percent="0">
      <mem type="allocate" free="0" total="182779904" percent="0" />
      <mem type="survivor" free="0" total="85655552" percent="0" />
    </mem>
    <mem type="tenure" free="204608600" total="805306368" percent="25">
      <mem type="soa" free="196554840" total="797252608" percent="24" />
      <mem type="loa" free="8053760" total="8053760" percent="100" />
    </mem>
    <remembered-set count="136" />
  </mem-info>
</gc-start>
<allocation-stats totalBytes="108028784" >
  <allocated-bytes non-tlh="1590752" tlh="106438032" />
  <largest-consumer threadName="main" threadId="0000000000016F00" bytes="108028784" />
</allocation-stats>
<gc-op id="3498" type="scavenge" timems="94.547" contextid="3495" timestamp="2022-02-08T18:55:11.471">
  <scavenger-info tenureage="1" tenuremask="7ffe" tiltratio="68" />
  <memory-copied type="nursery" objects="1489976" bytes="76081760" bytesdiscarded="123256" />
  <memory-copied type="tenure" objects="1310514" bytes="74317560" bytesdiscarded="43976" />
  <finalization candidates="109" enqueued="53" />
  <references type="soft" candidates="14" cleared="0" enqueued="0" dynamicThreshold="11" maxThreshold="32" />
  <references type="weak" candidates="1" cleared="0" enqueued="0" />
  <references type="phantom" candidates="94" cleared="7" enqueued="7" />
  <object-monitors candidates="2" cleared="0"  />
</gc-op>
<gc-end id="3499" type="scavenge" contextid="3495" durationms="94.750" usertimems="374.558" systemtimems="0.000" stalltimems="2.824" timestamp="2022-02-08T18:55:11.471" activeThreads="4">
  <mem-info id="3500" free="237170920" total="1073741824" percent="22">
    <mem type="nursery" free="106902440" total="268435456" percent="39">
      <mem type="allocate" free="106902440" total="183107584" percent="58" />
      <mem type="survivor" free="0" total="85327872" percent="0" />
    </mem>
    <mem type="tenure" free="130268480" total="805306368" percent="16" macro-fragmented="0">
      <mem type="soa" free="122214720" total="797252608" percent="15" />
      <mem type="loa" free="8053760" total="8053760" percent="100" />
    </mem>
    <pending-finalizers system="52" default="1" reference="7" classloader="0" />
    <remembered-set count="132" />
  </mem-info>
</gc-end>
<cycle-end id="3501" type="scavenge" contextid="3495" timestamp="2022-02-08T18:55:11.471" />
<allocation-satisfied id="3502" threadId="0000000000016F00" bytesRequested="184" />
<af-end id="3503" timestamp="2022-02-08T18:55:11.471" threadId="0000000000017908" success="true" from="nursery"/>
<exclusive-end id="3504" timestamp="2022-02-08T18:55:11.471" durationms="95.543" />

<concurrent-kickoff id="3505" timestamp="2022-02-08T18:55:12.157">
  <kickoff reason="threshold reached" targetBytes="74439412" thresholdFreeBytes="5763399"  remainingFree="5649320" tenureFreeBytes="130268480" nurseryFreeBytes="5649320" />
</concurrent-kickoff>
<exclusive-start id="3506" timestamp="2022-02-08T18:55:12.160" intervalms="784.682">
  <response-info timems="0.059" idlems="0.059" threads="0" lastid="0000000000016F00" lastname="main" />
</exclusive-start>
<cycle-start id="3507" type="global" contextid="0" timestamp="2022-02-08T18:55:12.160" intervalms="2959.042" />
<concurrent-start id="3508" type="global mark" contextid="3507" timestamp="2022-02-08T18:55:12.160">
</concurrent-start>
<exclusive-end id="3509" timestamp="2022-02-08T18:55:12.160" durationms="0.030" />

<exclusive-start id="3510" timestamp="2022-02-08T18:55:12.288" intervalms="127.584">
  <response-info timems="0.019" idlems="0.019" threads="0" lastid="0000000000016F00" lastname="main" />
</exclusive-start>
<af-start id="3511" threadId="0000000000017908" totalBytesRequested="184" timestamp="2022-02-08T18:55:12.288" intervalms="911.963" type="nursery" />
<cycle-start id="3512" type="scavenge" contextid="0" timestamp="2022-02-08T18:55:12.288" intervalms="911.871" />
<gc-start id="3513" type="scavenge" contextid="3512" timestamp="2022-02-08T18:55:12.288">
  <mem-info id="3514" free="130268480" total="1073741824" percent="12">
    <mem type="nursery" free="0" total="268435456" percent="0">
      <mem type="allocate" free="0" total="183107584" percent="0" />
      <mem type="survivor" free="0" total="85327872" percent="0" />
    </mem>
    <mem type="tenure" free="130268480" total="805306368" percent="16">
      <mem type="soa" free="122214720" total="797252608" percent="15" />
      <mem type="loa" free="8053760" total="8053760" percent="100" />
    </mem>
    <remembered-set count="133" />
  </mem-info>
</gc-start>
<allocation-stats totalBytes="106854832" >
  <allocated-bytes non-tlh="1347864" tlh="105506968" />
  <largest-consumer threadName="main" threadId="0000000000016F00" bytes="106846640" />
</allocation-stats>
<gc-op id="3515" type="scavenge" timems="98.636" contextid="3512" timestamp="2022-02-08T18:55:12.387">
  <scavenger-info tenureage="1" tenuremask="7ffe" tiltratio="68" />
  <memory-copied type="nursery" objects="1333002" bytes="76465216" bytesdiscarded="400824" />
  <memory-copied type="tenure" objects="1489256" bytes="75138488" bytesdiscarded="38344" />
  <finalization candidates="57" enqueued="0" />
  <references type="phantom" candidates="1" cleared="0" enqueued="0" />
  <object-monitors candidates="2" cleared="0"  />
</gc-op>
<gc-end id="3516" type="scavenge" contextid="3512" durationms="98.843" usertimems="390.506" systemtimems="0.000" stalltimems="2.873" timestamp="2022-02-08T18:55:12.387" activeThreads="4">
  <mem-info id="3517" free="161750216" total="1073741824" percent="15">
    <mem type="nursery" free="106700296" total="268435456" percent="39">
      <mem type="allocate" free="106700296" total="183566336" percent="58" />
      <mem type="survivor" free="0" total="84869120" percent="0" />
    </mem>
    <mem type="tenure" free="55049920" total="805306368" percent="6" macro-fragmented="19260884">
      <mem type="soa" free="46996160" total="797252608" percent="5" />
      <mem type="loa" free="8053760" total="8053760" percent="100" />
    </mem>
    <remembered-set count="102" />
  </mem-info>
</gc-end>
<cycle-end id="3518" type="scavenge" contextid="3512" timestamp="2022-02-08T18:55:12.387" />
<allocation-satisfied id="3519" threadId="0000000000016F00" bytesRequested="184" />
<af-end id="3520" timestamp="2022-02-08T18:55:12.387" threadId="0000000000017908" success="true" from="nursery"/>
<exclusive-end id="3521" timestamp="2022-02-08T18:55:12.387" durationms="99.294" />

<concurrent-end id="3522" type="global mark" contextid="3507" timestamp="2022-02-08T18:55:12.517">
<gc-op id="3523" type="trace" timems="357.090" contextid="3507" timestamp="2022-02-08T18:55:12.517">
  <trace bytesTraced="74439220" workStackOverflowCount="0" />
  <card-cleaning reason="card cleaning threshold reached" bytesTraced="904" cardsCleaned="2" />
</gc-op>
</concurrent-end>

<exclusive-start id="3524" timestamp="2022-02-08T18:55:12.517" intervalms="229.580">
  <response-info timems="0.021" idlems="0.021" threads="0" lastid="0000000000016F00" lastname="main" />
</exclusive-start>
<concurrent-global-final id="3525" timestamp="2022-02-08T18:55:12.517" contextid="3507" intervalms="2965.463" >
  <concurrent-trace-info reason="card cleaning threshold reached" tracedByMutators="59541976" tracedByHelpers="14898148" cardsCleaned="2" workStackOverflowCount="0" />
</concurrent-global-final>
<gc-start id="3526" type="global" contextid="3507" timestamp="2022-02-08T18:55:12.517">
  <mem-info id="3527" free="154180624" total="1073741824" percent="14">
    <mem type="nursery" free="99130704" total="268435456" percent="36">
      <mem type="allocate" free="99130704" total="183566336" percent="54" />
      <mem type="survivor" free="0" total="84869120" percent="0" />
    </mem>
    <mem type="tenure" free="55049920" total="805306368" percent="6">
      <mem type="soa" free="46996160" total="797252608" percent="5" />
      <mem type="loa" free="8053760" total="8053760" percent="100" />
    </mem>
    <remembered-set count="102" />
  </mem-info>
</gc-start>
<allocation-stats totalBytes="7566600" >
  <allocated-bytes non-tlh="184" tlh="7566416" />
  <largest-consumer threadName="main" threadId="0000000000016F00" bytes="7566600" />
</allocation-stats>
<gc-op id="3528" type="rs-scan" timems="0.503" contextid="3507" timestamp="2022-02-08T18:55:12.518">
  <scan objectsFound="29" bytesTraced="5268" workStackOverflowCount="0" />
</gc-op>
<gc-op id="3529" type="card-cleaning" timems="161.184" contextid="3507" timestamp="2022-02-08T18:55:12.679">
  <card-cleaning cardsCleaned="9" bytesTraced="71013076" workStackOverflowCount="0" />
</gc-op>
<gc-op id="3530" type="mark" timems="47.463" contextid="3507" timestamp="2022-02-08T18:55:12.727">
  <trace-info objectcount="1765250" scancount="1325465" scanbytes="28344296" />
  <finalization candidates="428" enqueued="57" />
  <ownableSynchronizers candidates="1" cleared="0" />
  <references type="soft" candidates="894" cleared="0" enqueued="0" dynamicThreshold="11" maxThreshold="32" />
  <references type="weak" candidates="1701" cleared="0" enqueued="0" />
  <references type="phantom" candidates="52" cleared="2" enqueued="2" />
  <stringconstants candidates="6470" cleared="0"  />
  <object-monitors candidates="2" cleared="0"  />
</gc-op>
<gc-op id="3531" type="sweep" timems="5.318" contextid="3507" timestamp="2022-02-08T18:55:12.732" />
<gc-end id="3532" type="global" contextid="3507" durationms="214.753" usertimems="227.576" systemtimems="4.251" stalltimems="141.773" timestamp="2022-02-08T18:55:12.732" activeThreads="4">
  <mem-info id="3533" free="397569448" total="1073741824" percent="37">
    <mem type="nursery" free="99625224" total="268435456" percent="37">
      <mem type="allocate" free="99625224" total="183566336" percent="54" />
      <mem type="survivor" free="0" total="84869120" percent="0" />
    </mem>
    <mem type="tenure" free="297944224" total="805306368" percent="36" micro-fragmented="343882" macro-fragmented="868149">
      <mem type="soa" free="289890464" total="797252608" percent="36" />
      <mem type="loa" free="8053760" total="8053760" percent="100" />
    </mem>
    <pending-finalizers system="57" default="0" reference="2" classloader="0" />
    <remembered-set count="102" />
  </mem-info>
</gc-end>
<cycle-end id="3534" type="global" contextid="3507" timestamp="2022-02-08T18:55:12.732" />
<exclusive-end id="3535" timestamp="2022-02-08T18:55:12.732" durationms="215.003" />

<exclusive-start id="3536" timestamp="2022-02-08T18:55:13.378" intervalms="860.297">
  <response-info timems="0.018" idlems="0.018" threads="0" lastid="0000000000016F00" lastname="main" />
</exclusive-start>
<af-start id="3537" threadId="0000000000017908" totalBytesRequested="128" timestamp="2022-02-08T18:55:13.378" intervalms="1089.810" type="nursery" />
<cycle-start id="3538" type="scavenge" contextid="0" timestamp="2022-02-08T18:55:13.378" intervalms="1089.762" />
<gc-start id="3539" type="scavenge" contextid="3538" timestamp="2022-02-08T18:55:13.378">
  <mem-info id="3540" free="297944224" total="1073741824" percent="27">
    <mem type="nursery" free="0" total="268435456" percent="0">
      <mem type="allocate" free="0" total="183566336" percent="0" />
      <mem type="survivor" free="0" total="84869120" percent="0" />
    </mem>
    <mem type="tenure" free="297944224" total="805306368" percent="36">
      <mem type="soa" free="289890464" total="797252608" percent="36" />
      <mem type="loa" free="8053760" total="8053760" percent="100" />
    </mem>
    <remembered-set count="105" />
  </mem-info>
</gc-start>
<allocation-stats totalBytes="99581056" >
  <allocated-bytes non-tlh="0" tlh="99581056" />
  <largest-consumer threadName="main" threadId="0000000000016F00" bytes="99576960" />
</allocation-stats>
<gc-op id="3541" type="scavenge" timems="92.454" contextid="3538" timestamp="2022-02-08T18:55:13.470">
  <scavenger-info tenureage="1" tenuremask="7ffe" tiltratio="68" />
  <memory-copied type="nursery" objects="1349822" bytes="76105720" bytesdiscarded="159288" />
  <memory-copied type="tenure" objects="1333001" bytes="76465112" bytesdiscarded="44952" />
  <finalization candidates="1" enqueued="0" />
  <ownableSynchronizers candidates="2" cleared="2" />
  <object-monitors candidates="2" cleared="0"  />
</gc-op>
<gc-end id="3542" type="scavenge" contextid="3538" durationms="92.623" usertimems="365.217" systemtimems="0.000" stalltimems="3.454" timestamp="2022-02-08T18:55:13.470" activeThreads="4">
  <mem-info id="3543" free="329124624" total="1073741824" percent="30">
    <mem type="nursery" free="107760080" total="268435456" percent="40">
      <mem type="allocate" free="107760080" total="184025088" percent="58" />
      <mem type="survivor" free="0" total="84410368" percent="0" />
    </mem>
    <mem type="tenure" free="221364544" total="805306368" percent="27" macro-fragmented="0">
      <mem type="soa" free="213310784" total="797252608" percent="26" />
      <mem type="loa" free="8053760" total="8053760" percent="100" />
    </mem>
    <remembered-set count="105" />
  </mem-info>
</gc-end>
<cycle-end id="3544" type="scavenge" contextid="3538" timestamp="2022-02-08T18:55:13.471" />
<allocation-satisfied id="3545" threadId="0000000000016F00" bytesRequested="128" />
<af-end id="3546" timestamp="2022-02-08T18:55:13.471" threadId="0000000000017908" success="true" from="nursery"/>
<exclusive-end id="3547" timestamp="2022-02-08T18:55:13.471" durationms="92.870" />

<exclusive-start id="3548" timestamp="2022-02-08T18:55:14.280" intervalms="901.891">
  <response-info timems="0.049" idlems="0.049" threads="0" lastid="0000000000016F00" lastname="main" />
</exclusive-start>
<af-start id="3549" threadId="0000000000017908" totalBytesRequested="24" timestamp="2022-02-08T18:55:14.280" intervalms="901.902" type="nursery" />
<cycle-start id="3550" type="scavenge" contextid="0" timestamp="2022-02-08T18:55:14.280" intervalms="901.906" />
<gc-start id="3551" type="scavenge" contextid="3550" timestamp="2022-02-08T18:55:14.280">
  <mem-info id="3552" free="221364544" total="1073741824" percent="20">
    <mem type="nursery" free="0" total="268435456" percent="0">
      <mem type="allocate" free="0" total="184025088" percent="0" />
      <mem type="survivor" free="0" total="84410368" percent="0" />
    </mem>
    <mem type="tenure" free="221364544" total="805306368" percent="27">
      <mem type="soa" free="213310784" total="797252608" percent="26" />
      <mem type="loa" free="8053760" total="8053760" percent="100" />
    </mem>
    <remembered-set count="136" />
  </mem-info>
</gc-start>
<allocation-stats totalBytes="107712192" >
  <allocated-bytes non-tlh="848832" tlh="106863360" />
  <largest-consumer threadName="main" threadId="0000000000016F00" bytes="107712192" />
</allocation-stats>
<gc-op id="3553" type="scavenge" timems="96.245" contextid="3550" timestamp="2022-02-08T18:55:14.376">
  <scavenger-info tenureage="1" tenuremask="7ffe" tiltratio="68" />
  <memory-copied type="nursery" objects="1442402" bytes="75979728" bytesdiscarded="134872" />
  <memory-copied type="tenure" objects="1349822" bytes="76105720" bytesdiscarded="42568" />
  <finalization candidates="70" enqueued="37" />
  <references type="soft" candidates="14" cleared="0" enqueued="0" dynamicThreshold="11" maxThreshold="32" />
  <references type="weak" candidates="1" cleared="0" enqueued="0" />
  <references type="phantom" candidates="55" cleared="7" enqueued="7" />
  <object-monitors candidates="2" cleared="0"  />
</gc-op>
<gc-end id="3554" type="scavenge" contextid="3550" durationms="96.438" usertimems="371.269" systemtimems="0.000" stalltimems="2.189" timestamp="2022-02-08T18:55:14.376" activeThreads="4">
  <mem-info id="3555" free="253414256" total="1073741824" percent="23">
    <mem type="nursery" free="108303576" total="268435456" percent="40">
      <mem type="allocate" free="108303576" total="184418304" percent="58" />
      <mem type="survivor" free="0" total="84017152" percent="0" />
    </mem>
    <mem type="tenure" free="145110680" total="805306368" percent="18" macro-fragmented="0">
      <mem type="soa" free="137056920" total="797252608" percent="17" />
      <mem type="loa" free="8053760" total="8053760" percent="100" />
    </mem>
    <pending-finalizers system="36" default="1" reference="7" classloader="0" />
    <remembered-set count="132" />
  </mem-info>
</gc-end>
<cycle-end id="3556" type="scavenge" contextid="3550" timestamp="2022-02-08T18:55:14.376" />
<allocation-satisfied id="3557" threadId="0000000000016F00" bytesRequested="24" />
<af-end id="3558" timestamp="2022-02-08T18:55:14.376" threadId="0000000000017908" success="true" from="nursery"/>
<exclusive-end id="3559" timestamp="2022-02-08T18:55:14.376" durationms="96.758" />

<concurrent-kickoff id="3560" timestamp="2022-02-08T18:55:15.136">
  <kickoff reason="threshold reached" targetBytes="74439551" thresholdFreeBytes="5759966"  remainingFree="5672312" tenureFreeBytes="145110680" nurseryFreeBytes="5672312" />
</concurrent-kickoff>
<exclusive-start id="3561" timestamp="2022-02-08T18:55:15.139" intervalms="859.367">
  <response-info timems="0.022" idlems="0.022" threads="0" lastid="0000000000016F00" lastname="main" />
</exclusive-start>
<cycle-start id="3562" type="global" contextid="0" timestamp="2022-02-08T18:55:15.139" intervalms="2978.720" />
<concurrent-start id="3563" type="global mark" contextid="3562" timestamp="2022-02-08T18:55:15.139">
</concurrent-start>
<exclusive-end id="3564" timestamp="2022-02-08T18:55:15.139" durationms="0.033" />

<exclusive-start id="3565" timestamp="2022-02-08T18:55:15.305" intervalms="166.430">
  <response-info timems="0.018" idlems="0.018" threads="0" lastid="0000000000016F00" lastname="main" />
</exclusive-start>
<af-start id="3566" threadId="0000000000017908" totalBytesRequested="24" timestamp="2022-02-08T18:55:15.305" intervalms="1025.844" type="nursery" />
<cycle-start id="3567" type="scavenge" contextid="0" timestamp="2022-02-08T18:55:15.306" intervalms="1025.858" />
<gc-start id="3568" type="scavenge" contextid="3567" timestamp="2022-02-08T18:55:15.306">
  <mem-info id="3569" free="145110680" total="1073741824" percent="13">
    <mem type="nursery" free="0" total="268435456" percent="0">
      <mem type="allocate" free="0" total="184418304" percent="0" />
      <mem type="survivor" free="0" total="84017152" percent="0" />
    </mem>
    <mem type="tenure" free="145110680" total="805306368" percent="18">
      <mem type="soa" free="137056920" total="797252608" percent="17" />
      <mem type="loa" free="8053760" total="8053760" percent="100" />
    </mem>
    <remembered-set count="133" />
  </mem-info>
</gc-start>
<allocation-stats totalBytes="108252208" >
  <allocated-bytes non-tlh="1992544" tlh="106259664" />
  <largest-consumer threadName="main" threadId="0000000000016F00" bytes="108244016" />
</allocation-stats>
<gc-op id="3570" type="scavenge" timems="94.519" contextid="3567" timestamp="2022-02-08T18:55:15.400">
  <scavenger-info tenureage="1" tenuremask="7ffe" tiltratio="68" />
  <memory-copied type="nursery" objects="1376338" bytes="76918904" bytesdiscarded="275944" />
  <memory-copied type="tenure" objects="1441871" bytes="75521544" bytesdiscarded="40784" />
  <finalization candidates="73" enqueued="16" />
  <references type="phantom" candidates="40" cleared="0" enqueued="0" />
  <object-monitors candidates="2" cleared="0"  />
</gc-op>
<gc-end id="3571" type="scavenge" contextid="3567" durationms="94.726" usertimems="372.441" systemtimems="0.000" stalltimems="4.613" timestamp="2022-02-08T18:55:15.400" activeThreads="4">
  <mem-info id="3572" free="176690680" total="1073741824" percent="16">
    <mem type="nursery" free="107157920" total="268435456" percent="39">
      <mem type="allocate" free="107157920" total="184352768" percent="58" />
      <mem type="survivor" free="0" total="84082688" percent="0" />
    </mem>
    <mem type="tenure" free="69532760" total="805306368" percent="8" macro-fragmented="23113062">
      <mem type="soa" free="61479000" total="797252608" percent="7" />
      <mem type="loa" free="8053760" total="8053760" percent="100" />
    </mem>
    <pending-finalizers system="16" default="0" reference="0" classloader="0" />
    <remembered-set count="106" />
  </mem-info>
</gc-end>
<cycle-end id="3573" type="scavenge" contextid="3567" timestamp="2022-02-08T18:55:15.400" />
<allocation-satisfied id="3574" threadId="0000000000016F00" bytesRequested="24" />
<af-end id="3575" timestamp="2022-02-08T18:55:15.400" threadId="0000000000017908" success="true" from="nursery"/>
<exclusive-end id="3576" timestamp="2022-02-08T18:55:15.400" durationms="95.071" />

<concurrent-end id="3577" type="global mark" contextid="3562" timestamp="2022-02-08T18:55:15.527">
<gc-op id="3578" type="trace" timems="387.925" contextid="3562" timestamp="2022-02-08T18:55:15.527">
  <trace bytesTraced="74439492" workStackOverflowCount="0" />
  <card-cleaning reason="card cleaning threshold reached" bytesTraced="904" cardsCleaned="2" />
</gc-op>
</concurrent-end>

<exclusive-start id="3579" timestamp="2022-02-08T18:55:15.527" intervalms="221.579">
  <response-info timems="0.028" idlems="0.028" threads="0" lastid="0000000000016F00" lastname="main" />
</exclusive-start>
<concurrent-global-final id="3580" timestamp="2022-02-08T18:55:15.527" contextid="3562" intervalms="3009.565" >
  <concurrent-trace-info reason="card cleaning threshold reached" tracedByMutators="48344236" tracedByHelpers="26096160" cardsCleaned="2" workStackOverflowCount="0" />
</concurrent-global-final>
<gc-start id="3581" type="global" contextid="3562" timestamp="2022-02-08T18:55:15.527">
  <mem-info id="3582" free="168068576" total="1073741824" percent="15">
    <mem type="nursery" free="98535816" total="268435456" percent="36">
      <mem type="allocate" free="98535816" total="184352768" percent="53" />
      <mem type="survivor" free="0" total="84082688" percent="0" />
    </mem>
    <mem type="tenure" free="69532760" total="805306368" percent="8">
      <mem type="soa" free="61479000" total="797252608" percent="7" />
      <mem type="loa" free="8053760" total="8053760" percent="100" />
    </mem>
    <remembered-set count="106" />
  </mem-info>
</gc-start>
<allocation-stats totalBytes="8618696" >
  <allocated-bytes non-tlh="24" tlh="8618672" />
  <largest-consumer threadName="main" threadId="0000000000016F00" bytes="8614600" />
</allocation-stats>
<gc-op id="3583" type="rs-scan" timems="0.554" contextid="3562" timestamp="2022-02-08T18:55:15.528">
  <scan objectsFound="29" bytesTraced="5332" workStackOverflowCount="0" />
</gc-op>
<gc-op id="3584" type="card-cleaning" timems="148.977" contextid="3562" timestamp="2022-02-08T18:55:15.677">
  <card-cleaning cardsCleaned="9" bytesTraced="71013076" workStackOverflowCount="0" />
</gc-op>
<gc-op id="3585" type="mark" timems="40.086" contextid="3562" timestamp="2022-02-08T18:55:15.717">
  <trace-info objectcount="1539597" scancount="1156224" scanbytes="24733864" />
  <finalization candidates="428" enqueued="57" />
  <ownableSynchronizers candidates="1" cleared="0" />
  <references type="soft" candidates="894" cleared="0" enqueued="0" dynamicThreshold="11" maxThreshold="32" />
  <references type="weak" candidates="1701" cleared="0" enqueued="0" />
  <references type="phantom" candidates="52" cleared="2" enqueued="2" />
  <stringconstants candidates="6470" cleared="0"  />
  <object-monitors candidates="2" cleared="0"  />
</gc-op>
<gc-op id="3586" type="sweep" timems="4.947" contextid="3562" timestamp="2022-02-08T18:55:15.722" />
<gc-end id="3587" type="global" contextid="3562" durationms="194.767" usertimems="209.313" systemtimems="0.501" stalltimems="119.333" timestamp="2022-02-08T18:55:15.722" activeThreads="4">
  <mem-info id="3588" free="411510360" total="1073741824" percent="38">
    <mem type="nursery" free="99046736" total="268435456" percent="36">
      <mem type="allocate" free="99046736" total="184352768" percent="53" />
      <mem type="survivor" free="0" total="84082688" percent="0" />
    </mem>
    <mem type="tenure" free="312463624" total="805306368" percent="38" micro-fragmented="295209" macro-fragmented="0">
      <mem type="soa" free="304409864" total="797252608" percent="38" />
      <mem type="loa" free="8053760" total="8053760" percent="100" />
    </mem>
    <pending-finalizers system="57" default="0" reference="2" classloader="0" />
    <remembered-set count="106" />
  </mem-info>
</gc-end>
<cycle-end id="3589" type="global" contextid="3562" timestamp="2022-02-08T18:55:15.722" />
<exclusive-end id="3590" timestamp="2022-02-08T18:55:15.722" durationms="195.086" />

<exclusive-start id="3591" timestamp="2022-02-08T18:55:16.420" intervalms="893.260">
  <response-info timems="0.021" idlems="0.021" threads="0" lastid="0000000000016F00" lastname="main" />
</exclusive-start>
<af-start id="3592" threadId="0000000000017908" totalBytesRequested="184" timestamp="2022-02-08T18:55:16.421" intervalms="1115.155" type="nursery" />
<cycle-start id="3593" type="scavenge" contextid="0" timestamp="2022-02-08T18:55:16.421" intervalms="1115.145" />
<gc-start id="3594" type="scavenge" contextid="3593" timestamp="2022-02-08T18:55:16.421">
  <mem-info id="3595" free="312463624" total="1073741824" percent="29">
    <mem type="nursery" free="0" total="268435456" percent="0">
      <mem type="allocate" free="0" total="184352768" percent="0" />
      <mem type="survivor" free="0" total="84082688" percent="0" />
    </mem>
    <mem type="tenure" free="312463624" total="805306368" percent="38">
      <mem type="soa" free="304409864" total="797252608" percent="38" />
      <mem type="loa" free="8053760" total="8053760" percent="100" />
    </mem>
    <remembered-set count="109" />
  </mem-info>
</gc-start>
<allocation-stats totalBytes="98999824" >
  <allocated-bytes non-tlh="0" tlh="98999824" />
  <largest-consumer threadName="main" threadId="0000000000016F00" bytes="98995728" />
</allocation-stats>
<gc-op id="3596" type="scavenge" timems="98.710" contextid="3593" timestamp="2022-02-08T18:55:16.519">
  <scavenger-info tenureage="1" tenuremask="7ffe" tiltratio="68" />
  <memory-copied type="nursery" objects="1375703" bytes="76521848" bytesdiscarded="252936" />
  <memory-copied type="tenure" objects="1376146" bytes="76781304" bytesdiscarded="43208" />
  <finalization candidates="24" enqueued="0" />
  <ownableSynchronizers candidates="2" cleared="2" />
  <object-monitors candidates="2" cleared="0"  />
</gc-op>
<gc-end id="3597" type="scavenge" contextid="3593" durationms="98.904" usertimems="391.601" systemtimems="0.000" stalltimems="2.059" timestamp="2022-02-08T18:55:16.520" activeThreads="4">
  <mem-info id="3598" free="343234920" total="1073741824" percent="31">
    <mem type="nursery" free="107774592" total="268435456" percent="40">
      <mem type="allocate" free="107774592" total="184549376" percent="58" />
      <mem type="survivor" free="0" total="83886080" percent="0" />
    </mem>
    <mem type="tenure" free="235460328" total="805306368" percent="29" macro-fragmented="0">
      <mem type="soa" free="227406568" total="797252608" percent="28" />
      <mem type="loa" free="8053760" total="8053760" percent="100" />
    </mem>
    <remembered-set count="105" />
  </mem-info>
</gc-end>
<cycle-end id="3599" type="scavenge" contextid="3593" timestamp="2022-02-08T18:55:16.520" />
<allocation-satisfied id="3600" threadId="0000000000016F00" bytesRequested="184" />
<af-end id="3601" timestamp="2022-02-08T18:55:16.520" threadId="0000000000017908" success="true" from="nursery"/>
<exclusive-end id="3602" timestamp="2022-02-08T18:55:16.520" durationms="99.575" />

<exclusive-start id="3603" timestamp="2022-02-08T18:55:17.180" intervalms="759.700">
  <response-info timems="0.029" idlems="0.029" threads="0" lastid="0000000000016F00" lastname="main" />
</exclusive-start>
<af-start id="3604" threadId="0000000000017908" totalBytesRequested="24" timestamp="2022-02-08T18:55:17.180" intervalms="759.327" type="nursery" />
<cycle-start id="3605" type="scavenge" contextid="0" timestamp="2022-02-08T18:55:17.180" intervalms="759.319" />
<gc-start id="3606" type="scavenge" contextid="3605" timestamp="2022-02-08T18:55:17.180">
  <mem-info id="3607" free="235460328" total="1073741824" percent="21">
    <mem type="nursery" free="0" total="268435456" percent="0">
      <mem type="allocate" free="0" total="184549376" percent="0" />
      <mem type="survivor" free="0" total="83886080" percent="0" />
    </mem>
    <mem type="tenure" free="235460328" total="805306368" percent="29">
      <mem type="soa" free="227406568" total="797252608" percent="28" />
      <mem type="loa" free="8053760" total="8053760" percent="100" />
    </mem>
    <remembered-set count="105" />
  </mem-info>
</gc-start>
<allocation-stats totalBytes="107724520" >
  <allocated-bytes non-tlh="184" tlh="107724336" />
  <largest-consumer threadName="main" threadId="0000000000016F00" bytes="107724520" />
</allocation-stats>
<gc-op id="3608" type="scavenge" timems="94.875" contextid="3605" timestamp="2022-02-08T18:55:17.275">
  <scavenger-info tenureage="1" tenuremask="7ffe" tiltratio="68" />
  <memory-copied type="nursery" objects="1336462" bytes="76566840" bytesdiscarded="230336" />
  <memory-copied type="tenure" objects="1375702" bytes="76521744" bytesdiscarded="46304" />
  <object-monitors candidates="2" cleared="0"  />
</gc-op>
<gc-end id="3609" type="scavenge" contextid="3605" durationms="95.065" usertimems="376.547" systemtimems="0.000" stalltimems="1.820" timestamp="2022-02-08T18:55:17.275" activeThreads="4">
  <mem-info id="3610" free="266824232" total="1073741824" percent="24">
    <mem type="nursery" free="107948808" total="268435456" percent="40">
      <mem type="allocate" free="107948808" total="184745984" percent="58" />
      <mem type="survivor" free="0" total="83689472" percent="0" />
    </mem>
    <mem type="tenure" free="158875424" total="805306368" percent="19" macro-fragmented="0">
      <mem type="soa" free="150821664" total="797252608" percent="18" />
      <mem type="loa" free="8053760" total="8053760" percent="100" />
    </mem>
    <remembered-set count="105" />
  </mem-info>
</gc-end>
<cycle-end id="3611" type="scavenge" contextid="3605" timestamp="2022-02-08T18:55:17.275" />
<allocation-satisfied id="3612" threadId="0000000000016F00" bytesRequested="24" />
<af-end id="3613" timestamp="2022-02-08T18:55:17.275" threadId="0000000000017908" success="true" from="nursery"/>
<exclusive-end id="3614" timestamp="2022-02-08T18:55:17.275" durationms="95.325" />

<concurrent-kickoff id="3615" timestamp="2022-02-08T18:55:18.154">
  <kickoff reason="threshold reached" targetBytes="74439716" thresholdFreeBytes="5757258"  remainingFree="5647112" tenureFreeBytes="158875424" nurseryFreeBytes="5647112" />
</concurrent-kickoff>
<exclusive-start id="3616" timestamp="2022-02-08T18:55:18.157" intervalms="977.285">
  <response-info timems="0.021" idlems="0.021" threads="0" lastid="0000000000016F00" lastname="main" />
</exclusive-start>
<cycle-start id="3617" type="global" contextid="0" timestamp="2022-02-08T18:55:18.157" intervalms="3018.253" />
<concurrent-start id="3618" type="global mark" contextid="3617" timestamp="2022-02-08T18:55:18.157">
</concurrent-start>
<exclusive-end id="3619" timestamp="2022-02-08T18:55:18.157" durationms="0.030" />

<exclusive-start id="3620" timestamp="2022-02-08T18:55:18.282" intervalms="125.143">
  <response-info timems="0.021" idlems="0.021" threads="0" lastid="0000000000016F00" lastname="main" />
</exclusive-start>
<af-start id="3621" threadId="0000000000017908" totalBytesRequested="184" timestamp="2022-02-08T18:55:18.282" intervalms="1102.427" type="nursery" />
<cycle-start id="3622" type="scavenge" contextid="0" timestamp="2022-02-08T18:55:18.282" intervalms="1102.428" />
<gc-start id="3623" type="scavenge" contextid="3622" timestamp="2022-02-08T18:55:18.282">
  <mem-info id="3624" free="158875424" total="1073741824" percent="14">
    <mem type="nursery" free="0" total="268435456" percent="0">
      <mem type="allocate" free="0" total="184745984" percent="0" />
      <mem type="survivor" free="0" total="83689472" percent="0" />
    </mem>
    <mem type="tenure" free="158875424" total="805306368" percent="19">
      <mem type="soa" free="150821664" total="797252608" percent="18" />
      <mem type="loa" free="8053760" total="8053760" percent="100" />
    </mem>
    <remembered-set count="136" />
  </mem-info>
</gc-start>
<allocation-stats totalBytes="107901112" >
  <allocated-bytes non-tlh="3008848" tlh="104892264" />
  <largest-consumer threadName="main" threadId="0000000000016F00" bytes="107901112" />
</allocation-stats>
<gc-op id="3625" type="scavenge" timems="82.103" contextid="3622" timestamp="2022-02-08T18:55:18.365">
  <scavenger-info tenureage="1" tenuremask="7ffe" tiltratio="68" />
  <memory-copied type="nursery" objects="1457143" bytes="75896344" bytesdiscarded="274040" />
  <memory-copied type="tenure" objects="1336462" bytes="76566840" bytesdiscarded="40880" />
  <finalization candidates="110" enqueued="53" />
  <references type="soft" candidates="14" cleared="0" enqueued="0" dynamicThreshold="12" maxThreshold="32" />
  <references type="weak" candidates="1" cleared="0" enqueued="0" />
  <references type="phantom" candidates="95" cleared="7" enqueued="7" />
  <object-monitors candidates="2" cleared="0"  />
</gc-op>
<gc-end id="3626" type="scavenge" contextid="3622" durationms="82.310" usertimems="324.511" systemtimems="0.217" stalltimems="2.920" timestamp="2022-02-08T18:55:18.365" activeThreads="4">
  <mem-info id="3627" free="190936688" total="1073741824" percent="17">
    <mem type="nursery" free="108772080" total="268435456" percent="40">
      <mem type="allocate" free="108772080" total="184942592" percent="58" />
      <mem type="survivor" free="0" total="83492864" percent="0" />
    </mem>
    <mem type="tenure" free="82164608" total="805306368" percent="10" macro-fragmented="47927252">
      <mem type="soa" free="74110848" total="797252608" percent="9" />
      <mem type="loa" free="8053760" total="8053760" percent="100" />
    </mem>
    <pending-finalizers system="52" default="1" reference="7" classloader="0" />
    <remembered-set count="129" />
  </mem-info>
</gc-end>
<cycle-end id="3628" type="scavenge" contextid="3622" timestamp="2022-02-08T18:55:18.365" />
<allocation-satisfied id="3629" threadId="0000000000016F00" bytesRequested="184" />
<af-end id="3630" timestamp="2022-02-08T18:55:18.365" threadId="0000000000017908" success="true" from="nursery"/>
<exclusive-end id="3631" timestamp="2022-02-08T18:55:18.365" durationms="82.642" />

<concurrent-end id="3632" type="global mark" contextid="3617" timestamp="2022-02-08T18:55:18.497">
<gc-op id="3633" type="trace" timems="339.884" contextid="3617" timestamp="2022-02-08T18:55:18.497">
  <trace bytesTraced="74439732" workStackOverflowCount="0" />
  <card-cleaning reason="card cleaning threshold reached" bytesTraced="904" cardsCleaned="2" />
</gc-op>
</concurrent-end>

<exclusive-start id="3634" timestamp="2022-02-08T18:55:18.497" intervalms="214.813">
  <response-info timems="0.019" idlems="0.019" threads="0" lastid="0000000000016F00" lastname="main" />
</exclusive-start>
<concurrent-global-final id="3635" timestamp="2022-02-08T18:55:18.497" contextid="3617" intervalms="2970.200" >
  <concurrent-trace-info reason="card cleaning threshold reached" tracedByMutators="56107828" tracedByHelpers="18332808" cardsCleaned="2" workStackOverflowCount="0" />
</concurrent-global-final>
<gc-start id="3636" type="global" contextid="3617" timestamp="2022-02-08T18:55:18.497">
  <mem-info id="3637" free="182703544" total="1073741824" percent="17">
    <mem type="nursery" free="100538936" total="268435456" percent="37">
      <mem type="allocate" free="100538936" total="184942592" percent="54" />
      <mem type="survivor" free="0" total="83492864" percent="0" />
    </mem>
    <mem type="tenure" free="82164608" total="805306368" percent="10">
      <mem type="soa" free="74110848" total="797252608" percent="9" />
      <mem type="loa" free="8053760" total="8053760" percent="100" />
    </mem>
    <remembered-set count="130" />
  </mem-info>
</gc-start>
<allocation-stats totalBytes="8229112" >
  <allocated-bytes non-tlh="184" tlh="8228928" />
  <largest-consumer threadName="main" threadId="0000000000016F00" bytes="8220920" />
</allocation-stats>
<gc-op id="3638" type="rs-scan" timems="134.415" contextid="3617" timestamp="2022-02-08T18:55:18.632">
  <scan objectsFound="3324743" bytesTraced="71015584" workStackOverflowCount="0" />
</gc-op>
<gc-op id="3639" type="card-cleaning" timems="0.274" contextid="3617" timestamp="2022-02-08T18:55:18.632">
  <card-cleaning cardsCleaned="4" bytesTraced="1724" workStackOverflowCount="0" />
</gc-op>
<gc-op id="3640" type="mark" timems="42.957" contextid="3617" timestamp="2022-02-08T18:55:18.675">
  <trace-info objectcount="1249937" scancount="938978" scanbytes="20099296" />
  <finalization candidates="428" enqueued="57" />
  <ownableSynchronizers candidates="1" cleared="0" />
  <references type="soft" candidates="894" cleared="0" enqueued="0" dynamicThreshold="12" maxThreshold="32" />
  <references type="weak" candidates="1701" cleared="0" enqueued="0" />
  <references type="phantom" candidates="52" cleared="2" enqueued="2" />
  <stringconstants candidates="6470" cleared="0"  />
  <object-monitors candidates="2" cleared="0"  />
</gc-op>
<gc-op id="3641" type="sweep" timems="4.637" contextid="3617" timestamp="2022-02-08T18:55:18.680" />
<gc-end id="3642" type="global" contextid="3617" durationms="182.514" usertimems="238.480" systemtimems="0.000" stalltimems="87.155" timestamp="2022-02-08T18:55:18.680" activeThreads="4">
  <mem-info id="3643" free="426588304" total="1073741824" percent="39">
    <mem type="nursery" free="101386272" total="268435456" percent="37">
      <mem type="allocate" free="101386272" total="184942592" percent="54" />
      <mem type="survivor" free="0" total="83492864" percent="0" />
    </mem>
    <mem type="tenure" free="325202032" total="805306368" percent="40" micro-fragmented="333481" macro-fragmented="0">
      <mem type="soa" free="317148272" total="797252608" percent="39" />
      <mem type="loa" free="8053760" total="8053760" percent="100" />
    </mem>
    <pending-finalizers system="57" default="0" reference="2" classloader="0" />
    <remembered-set count="112" />
  </mem-info>
</gc-end>
<cycle-end id="3644" type="global" contextid="3617" timestamp="2022-02-08T18:55:18.680" />
<exclusive-end id="3645" timestamp="2022-02-08T18:55:18.680" durationms="182.744" />

<exclusive-start id="3646" timestamp="2022-02-08T18:55:19.433" intervalms="935.464">
  <response-info timems="0.020" idlems="0.020" threads="0" lastid="0000000000016F00" lastname="main" />
</exclusive-start>
<af-start id="3647" threadId="0000000000017908" totalBytesRequested="104" timestamp="2022-02-08T18:55:19.433" intervalms="1150.278" type="nursery" />
<cycle-start id="3648" type="scavenge" contextid="0" timestamp="2022-02-08T18:55:19.433" intervalms="1150.277" />
<gc-start id="3649" type="scavenge" contextid="3648" timestamp="2022-02-08T18:55:19.433">
  <mem-info id="3650" free="325202032" total="1073741824" percent="30">
    <mem type="nursery" free="0" total="268435456" percent="0">
      <mem type="allocate" free="0" total="184942592" percent="0" />
      <mem type="survivor" free="0" total="83492864" percent="0" />
    </mem>
    <mem type="tenure" free="325202032" total="805306368" percent="40">
      <mem type="soa" free="317148272" total="797252608" percent="39" />
      <mem type="loa" free="8053760" total="8053760" percent="100" />
    </mem>
    <remembered-set count="113" />
  </mem-info>
</gc-start>
<allocation-stats totalBytes="101337128" >
  <allocated-bytes non-tlh="0" tlh="101337128" />
  <largest-consumer threadName="main" threadId="0000000000016F00" bytes="101333032" />
</allocation-stats>
<gc-op id="3651" type="scavenge" timems="91.435" contextid="3648" timestamp="2022-02-08T18:55:19.524">
  <scavenger-info tenureage="1" tenuremask="7ffe" tiltratio="68" />
  <memory-copied type="nursery" objects="1412878" bytes="77947472" bytesdiscarded="239224" />
  <memory-copied type="tenure" objects="1456427" bytes="75428304" bytesdiscarded="44008" />
  <finalization candidates="57" enqueued="0" />
  <ownableSynchronizers candidates="2" cleared="2" />
  <object-monitors candidates="2" cleared="0"  />
</gc-op>
<gc-end id="3652" type="scavenge" contextid="3648" durationms="91.672" usertimems="362.765" systemtimems="0.000" stalltimems="1.260" timestamp="2022-02-08T18:55:19.524" activeThreads="4">
  <mem-info id="3653" free="353870568" total="1073741824" percent="32">
    <mem type="nursery" free="104396600" total="268435456" percent="38">
      <mem type="allocate" free="104396600" total="182583296" percent="57" />
      <mem type="survivor" free="0" total="85852160" percent="0" />
    </mem>
    <mem type="tenure" free="249473968" total="805306368" percent="30" macro-fragmented="0">
      <mem type="soa" free="241420208" total="797252608" percent="30" />
      <mem type="loa" free="8053760" total="8053760" percent="100" />
    </mem>
    <remembered-set count="104" />
  </mem-info>
</gc-end>
<cycle-end id="3654" type="scavenge" contextid="3648" timestamp="2022-02-08T18:55:19.525" />
<allocation-satisfied id="3655" threadId="0000000000016F00" bytesRequested="104" />
<af-end id="3656" timestamp="2022-02-08T18:55:19.525" threadId="0000000000017908" success="true" from="nursery"/>
<exclusive-end id="3657" timestamp="2022-02-08T18:55:19.525" durationms="91.989" />

<exclusive-start id="3658" timestamp="2022-02-08T18:55:20.162" intervalms="729.106">
  <response-info timems="0.023" idlems="0.023" threads="0" lastid="0000000000016F00" lastname="main" />
</exclusive-start>
<af-start id="3659" threadId="0000000000017908" totalBytesRequested="184" timestamp="2022-02-08T18:55:20.162" intervalms="729.122" type="nursery" />
<cycle-start id="3660" type="scavenge" contextid="0" timestamp="2022-02-08T18:55:20.162" intervalms="729.168" />
<gc-start id="3661" type="scavenge" contextid="3660" timestamp="2022-02-08T18:55:20.162">
  <mem-info id="3662" free="249473968" total="1073741824" percent="23">
    <mem type="nursery" free="0" total="268435456" percent="0">
      <mem type="allocate" free="0" total="182583296" percent="0" />
      <mem type="survivor" free="0" total="85852160" percent="0" />
    </mem>
    <mem type="tenure" free="249473968" total="805306368" percent="30">
      <mem type="soa" free="241420208" total="797252608" percent="30" />
      <mem type="loa" free="8053760" total="8053760" percent="100" />
    </mem>
    <remembered-set count="104" />
  </mem-info>
</gc-start>
<allocation-stats totalBytes="104349592" >
  <allocated-bytes non-tlh="104" tlh="104349488" />
  <largest-consumer threadName="main" threadId="0000000000016F00" bytes="104349592" />
</allocation-stats>
<gc-op id="3663" type="scavenge" timems="84.181" contextid="3660" timestamp="2022-02-08T18:55:20.246">
  <scavenger-info tenureage="1" tenuremask="7ffe" tiltratio="68" />
  <memory-copied type="nursery" objects="1303737" bytes="74191432" bytesdiscarded="222680" />
  <memory-copied type="tenure" objects="1412878" bytes="77947472" bytesdiscarded="43296" />
  <object-monitors candidates="2" cleared="0"  />
</gc-op>
<gc-end id="3664" type="scavenge" contextid="3660" durationms="84.461" usertimems="332.978" systemtimems="0.000" stalltimems="2.429" timestamp="2022-02-08T18:55:20.246" activeThreads="4">
  <mem-info id="3665" free="280166648" total="1073741824" percent="26">
    <mem type="nursery" free="108496864" total="268435456" percent="40">
      <mem type="allocate" free="108496864" total="182910976" percent="59" />
      <mem type="survivor" free="0" total="85524480" percent="0" />
    </mem>
    <mem type="tenure" free="171669784" total="805306368" percent="21" macro-fragmented="69015248">
      <mem type="soa" free="163616024" total="797252608" percent="20" />
      <mem type="loa" free="8053760" total="8053760" percent="100" />
    </mem>
    <remembered-set count="104" />
  </mem-info>
</gc-end>
<cycle-end id="3666" type="scavenge" contextid="3660" timestamp="2022-02-08T18:55:20.247" />
<allocation-satisfied id="3667" threadId="0000000000016F00" bytesRequested="184" />
<af-end id="3668" timestamp="2022-02-08T18:55:20.247" threadId="0000000000017908" success="true" from="nursery"/>
<exclusive-end id="3669" timestamp="2022-02-08T18:55:20.247" durationms="84.910" />

<exclusive-start id="3670" timestamp="2022-02-08T18:55:21.186" intervalms="1024.283">
  <response-info timems="0.019" idlems="0.019" threads="0" lastid="0000000000016F00" lastname="main" />
</exclusive-start>
<af-start id="3671" threadId="0000000000017908" totalBytesRequested="184" timestamp="2022-02-08T18:55:21.186" intervalms="1024.268" type="nursery" />
<cycle-start id="3672" type="scavenge" contextid="0" timestamp="2022-02-08T18:55:21.186" intervalms="1024.222" />
<gc-start id="3673" type="scavenge" contextid="3672" timestamp="2022-02-08T18:55:21.186">
  <mem-info id="3674" free="171669784" total="1073741824" percent="15">
    <mem type="nursery" free="0" total="268435456" percent="0">
      <mem type="allocate" free="0" total="182910976" percent="0" />
      <mem type="survivor" free="0" total="85524480" percent="0" />
    </mem>
    <mem type="tenure" free="171669784" total="805306368" percent="21">
      <mem type="soa" free="163616024" total="797252608" percent="20" />
      <mem type="loa" free="8053760" total="8053760" percent="100" />
    </mem>
    <remembered-set count="134" />
  </mem-info>
</gc-start>
<allocation-stats totalBytes="108447344" >
  <allocated-bytes non-tlh="2938432" tlh="105508912" />
  <largest-consumer threadName="main" threadId="0000000000016F00" bytes="108447344" />
</allocation-stats>
<gc-op id="3675" type="scavenge" timems="87.096" contextid="3672" timestamp="2022-02-08T18:55:21.273">
  <scavenger-info tenureage="1" tenuremask="7ffe" tiltratio="68" />
  <memory-copied type="nursery" objects="1446764" bytes="76216656" bytesdiscarded="116392" />
  <memory-copied type="tenure" objects="1303736" bytes="74191328" bytesdiscarded="40800" />
  <finalization candidates="110" enqueued="53" />
  <references type="soft" candidates="14" cleared="0" enqueued="0" dynamicThreshold="12" maxThreshold="32" />
  <references type="weak" candidates="1" cleared="0" enqueued="0" />
  <references type="phantom" candidates="95" cleared="7" enqueued="7" />
  <object-monitors candidates="2" cleared="0"  />
</gc-op>
<gc-end id="3676" type="scavenge" contextid="3672" durationms="87.289" usertimems="344.427" systemtimems="0.796" stalltimems="2.060" timestamp="2022-02-08T18:55:21.273" activeThreads="4">
  <mem-info id="3677" free="204079432" total="1073741824" percent="19">
    <mem type="nursery" free="106774408" total="268435456" percent="39">
      <mem type="allocate" free="106774408" total="183107584" percent="58" />
      <mem type="survivor" free="0" total="85327872" percent="0" />
    </mem>
    <mem type="tenure" free="97305024" total="805306368" percent="12" macro-fragmented="82818304">
      <mem type="soa" free="89251264" total="797252608" percent="11" />
      <mem type="loa" free="8053760" total="8053760" percent="100" />
    </mem>
    <pending-finalizers system="52" default="1" reference="7" classloader="0" />
    <remembered-set count="129" />
  </mem-info>
</gc-end>
<cycle-end id="3678" type="scavenge" contextid="3672" timestamp="2022-02-08T18:55:21.274" />
<allocation-satisfied id="3679" threadId="0000000000016F00" bytesRequested="184" />
<af-end id="3680" timestamp="2022-02-08T18:55:21.274" threadId="0000000000017908" success="true" from="nursery"/>
<exclusive-end id="3681" timestamp="2022-02-08T18:55:21.274" durationms="87.746" />

<concurrent-kickoff id="3682" timestamp="2022-02-08T18:55:21.962">
  <kickoff reason="threshold reached" targetBytes="74439898" thresholdFreeBytes="5782220"  remainingFree="5652360" tenureFreeBytes="97305024" nurseryFreeBytes="5652360" />
</concurrent-kickoff>
<exclusive-start id="3683" timestamp="2022-02-08T18:55:21.966" intervalms="779.594">
  <response-info timems="0.017" idlems="0.017" threads="0" lastid="0000000000016F00" lastname="main" />
</exclusive-start>
<cycle-start id="3684" type="global" contextid="0" timestamp="2022-02-08T18:55:21.966" intervalms="3808.401" />
<concurrent-start id="3685" type="global mark" contextid="3684" timestamp="2022-02-08T18:55:21.966">
</concurrent-start>
<exclusive-end id="3686" timestamp="2022-02-08T18:55:21.966" durationms="0.055" />

<exclusive-start id="3687" timestamp="2022-02-08T18:55:22.100" intervalms="134.806">
  <response-info timems="0.027" idlems="0.027" threads="0" lastid="0000000000016F00" lastname="main" />
</exclusive-start>
<af-start id="3688" threadId="0000000000017908" totalBytesRequested="184" timestamp="2022-02-08T18:55:22.100" intervalms="914.437" type="nursery" />
<cycle-start id="3689" type="scavenge" contextid="0" timestamp="2022-02-08T18:55:22.101" intervalms="914.449" />
<gc-start id="3690" type="scavenge" contextid="3689" timestamp="2022-02-08T18:55:22.101">
  <mem-info id="3691" free="97305024" total="1073741824" percent="9">
    <mem type="nursery" free="0" total="268435456" percent="0">
      <mem type="allocate" free="0" total="183107584" percent="0" />
      <mem type="survivor" free="0" total="85327872" percent="0" />
    </mem>
    <mem type="tenure" free="97305024" total="805306368" percent="12">
      <mem type="soa" free="89251264" total="797252608" percent="11" />
      <mem type="loa" free="8053760" total="8053760" percent="100" />
    </mem>
    <remembered-set count="130" />
  </mem-info>
</gc-start>
<allocation-stats totalBytes="106723960" >
  <allocated-bytes non-tlh="184" tlh="106723776" />
  <largest-consumer threadName="main" threadId="0000000000016F00" bytes="106715768" />
</allocation-stats>
<gc-op id="3692" type="scavenge" timems="76.450" contextid="3689" timestamp="2022-02-08T18:55:22.177">
  <scavenger-info tenureage="1" tenuremask="7ffe" tiltratio="68" />
  <memory-copied type="nursery" objects="1384781" bytes="76067232" bytesdiscarded="261360" />
  <memory-copied type="tenure" objects="1446052" bytes="75748696" bytesdiscarded="39408" />
  <finalization candidates="57" enqueued="0" />
  <object-monitors candidates="2" cleared="0"  />
</gc-op>
<gc-end id="3693" type="scavenge" contextid="3689" durationms="76.691" usertimems="302.028" systemtimems="0.000" stalltimems="2.940" timestamp="2022-02-08T18:55:22.177" activeThreads="4">
  <mem-info id="3694" free="128849360" total="1073741824" percent="12">
    <mem type="nursery" free="107368816" total="268435456" percent="39">
      <mem type="allocate" free="107368816" total="183697408" percent="58" />
      <mem type="survivor" free="0" total="84738048" percent="0" />
    </mem>
    <mem type="tenure" free="21480544" total="805306368" percent="2" macro-fragmented="0">
      <mem type="soa" free="13426784" total="797252608" percent="1" />
      <mem type="loa" free="8053760" total="8053760" percent="100" />
    </mem>
    <remembered-set count="103" />
  </mem-info>
</gc-end>
<cycle-end id="3695" type="scavenge" contextid="3689" timestamp="2022-02-08T18:55:22.177" />
<allocation-satisfied id="3696" threadId="0000000000016F00" bytesRequested="184" />
<af-end id="3697" timestamp="2022-02-08T18:55:22.177" threadId="0000000000017908" success="true" from="nursery"/>
<exclusive-end id="3698" timestamp="2022-02-08T18:55:22.177" durationms="77.014" />

<concurrent-end id="3699" type="global mark" contextid="3684" timestamp="2022-02-08T18:55:22.296">
<gc-op id="3700" type="trace" timems="330.154" contextid="3684" timestamp="2022-02-08T18:55:22.296">
  <trace bytesTraced="74439780" workStackOverflowCount="0" />
  <card-cleaning reason="card cleaning threshold reached" bytesTraced="904" cardsCleaned="2" />
</gc-op>
</concurrent-end>

<exclusive-start id="3701" timestamp="2022-02-08T18:55:22.296" intervalms="195.417">
  <response-info timems="0.018" idlems="0.018" threads="0" lastid="0000000000016F00" lastname="main" />
</exclusive-start>
<concurrent-global-final id="3702" timestamp="2022-02-08T18:55:22.296" contextid="3684" intervalms="3798.670" >
  <concurrent-trace-info reason="card cleaning threshold reached" tracedByMutators="58141188" tracedByHelpers="16299496" cardsCleaned="2" workStackOverflowCount="0" />
</concurrent-global-final>
<gc-start id="3703" type="global" contextid="3684" timestamp="2022-02-08T18:55:22.296">
  <mem-info id="3704" free="121541912" total="1073741824" percent="11">
    <mem type="nursery" free="100061368" total="268435456" percent="37">
      <mem type="allocate" free="100061368" total="183697408" percent="54" />
      <mem type="survivor" free="0" total="84738048" percent="0" />
    </mem>
    <mem type="tenure" free="21480544" total="805306368" percent="2">
      <mem type="soa" free="13426784" total="797252608" percent="1" />
      <mem type="loa" free="8053760" total="8053760" percent="100" />
    </mem>
    <remembered-set count="103" />
  </mem-info>
</gc-start>
<allocation-stats totalBytes="7303480" >
  <allocated-bytes non-tlh="184" tlh="7303296" />
  <largest-consumer threadName="main" threadId="0000000000016F00" bytes="7303480" />
</allocation-stats>
<gc-op id="3705" type="rs-scan" timems="0.651" contextid="3684" timestamp="2022-02-08T18:55:22.297">
  <scan objectsFound="0" bytesTraced="3836" workStackOverflowCount="0" />
</gc-op>
<gc-op id="3706" type="card-cleaning" timems="147.549" contextid="3684" timestamp="2022-02-08T18:55:22.444">
  <card-cleaning cardsCleaned="10" bytesTraced="71014572" workStackOverflowCount="0" />
</gc-op>
<gc-op id="3707" type="mark" timems="65.942" contextid="3684" timestamp="2022-02-08T18:55:22.510">
  <trace-info objectcount="2355602" scancount="1768229" scanbytes="37789928" />
  <finalization candidates="428" enqueued="57" />
  <ownableSynchronizers candidates="1" cleared="0" />
  <references type="soft" candidates="894" cleared="0" enqueued="0" dynamicThreshold="12" maxThreshold="32" />
  <references type="weak" candidates="1701" cleared="0" enqueued="0" />
  <references type="phantom" candidates="52" cleared="2" enqueued="2" />
  <stringconstants candidates="6470" cleared="0"  />
  <object-monitors candidates="2" cleared="0"  />
</gc-op>
<gc-op id="3708" type="sweep" timems="5.121" contextid="3684" timestamp="2022-02-08T18:55:22.515" />
<gc-end id="3709" type="global" contextid="3684" durationms="219.496" usertimems="234.495" systemtimems="0.654" stalltimems="197.758" timestamp="2022-02-08T18:55:22.515" activeThreads="4">
  <mem-info id="3710" free="364868216" total="1073741824" percent="33">
    <mem type="nursery" free="100415344" total="268435456" percent="37">
      <mem type="allocate" free="100415344" total="183697408" percent="54" />
      <mem type="survivor" free="0" total="84738048" percent="0" />
    </mem>
    <mem type="tenure" free="264452872" total="805306368" percent="32" micro-fragmented="338540" macro-fragmented="0">
      <mem type="soa" free="256399112" total="797252608" percent="32" />
      <mem type="loa" free="8053760" total="8053760" percent="100" />
    </mem>
    <pending-finalizers system="57" default="0" reference="2" classloader="0" />
    <remembered-set count="103" />
  </mem-info>
</gc-end>
<cycle-end id="3711" type="global" contextid="3684" timestamp="2022-02-08T18:55:22.516" />
<exclusive-end id="3712" timestamp="2022-02-08T18:55:22.516" durationms="219.702" />

<exclusive-start id="3713" timestamp="2022-02-08T18:55:23.120" intervalms="824.010">
  <response-info timems="0.017" idlems="0.017" threads="0" lastid="0000000000016F00" lastname="main" />
</exclusive-start>
<af-start id="3714" threadId="0000000000017908" totalBytesRequested="184" timestamp="2022-02-08T18:55:23.120" intervalms="1019.388" type="nursery" />
<cycle-start id="3715" type="scavenge" contextid="0" timestamp="2022-02-08T18:55:23.120" intervalms="1019.375" />
<gc-start id="3716" type="scavenge" contextid="3715" timestamp="2022-02-08T18:55:23.120">
  <mem-info id="3717" free="264452872" total="1073741824" percent="24">
    <mem type="nursery" free="0" total="268435456" percent="0">
      <mem type="allocate" free="0" total="183697408" percent="0" />
      <mem type="survivor" free="0" total="84738048" percent="0" />
    </mem>
    <mem type="tenure" free="264452872" total="805306368" percent="32">
      <mem type="soa" free="256399112" total="797252608" percent="32" />
      <mem type="loa" free="8053760" total="8053760" percent="100" />
    </mem>
    <remembered-set count="106" />
  </mem-info>
</gc-start>
<allocation-stats totalBytes="100369336" >
  <allocated-bytes non-tlh="0" tlh="100369336" />
  <largest-consumer threadName="main" threadId="0000000000016F00" bytes="100365240" />
</allocation-stats>
<gc-op id="3718" type="scavenge" timems="78.245" contextid="3715" timestamp="2022-02-08T18:55:23.198">
  <scavenger-info tenureage="1" tenuremask="7ffe" tiltratio="68" />
  <memory-copied type="nursery" objects="1347019" bytes="76438808" bytesdiscarded="216328" />
  <memory-copied type="tenure" objects="1384780" bytes="76067128" bytesdiscarded="45728" />
  <ownableSynchronizers candidates="2" cleared="2" />
  <object-monitors candidates="2" cleared="0"  />
</gc-op>
<gc-end id="3719" type="scavenge" contextid="3715" durationms="78.440" usertimems="307.766" systemtimems="0.000" stalltimems="2.287" timestamp="2022-02-08T18:55:23.198" activeThreads="4">
  <mem-info id="3720" free="295595696" total="1073741824" percent="27">
    <mem type="nursery" free="107369952" total="268435456" percent="39">
      <mem type="allocate" free="107369952" total="184025088" percent="58" />
      <mem type="survivor" free="0" total="84410368" percent="0" />
    </mem>
    <mem type="tenure" free="188225744" total="805306368" percent="23" macro-fragmented="0">
      <mem type="soa" free="180171984" total="797252608" percent="22" />
      <mem type="loa" free="8053760" total="8053760" percent="100" />
    </mem>
    <remembered-set count="105" />
  </mem-info>
</gc-end>
<cycle-end id="3721" type="scavenge" contextid="3715" timestamp="2022-02-08T18:55:23.199" />
<allocation-satisfied id="3722" threadId="0000000000016F00" bytesRequested="184" />
<af-end id="3723" timestamp="2022-02-08T18:55:23.199" threadId="0000000000017908" success="true" from="nursery"/>
<exclusive-end id="3724" timestamp="2022-02-08T18:55:23.199" durationms="78.734" />

<exclusive-start id="3725" timestamp="2022-02-08T18:55:24.060" intervalms="940.498">
  <response-info timems="0.033" idlems="0.033" threads="0" lastid="0000000000016F00" lastname="main" />
</exclusive-start>
<af-start id="3726" threadId="0000000000017908" totalBytesRequested="104" timestamp="2022-02-08T18:55:24.060" intervalms="940.498" type="nursery" />
<cycle-start id="3727" type="scavenge" contextid="0" timestamp="2022-02-08T18:55:24.060" intervalms="940.499" />
<gc-start id="3728" type="scavenge" contextid="3727" timestamp="2022-02-08T18:55:24.060">
  <mem-info id="3729" free="188225744" total="1073741824" percent="17">
    <mem type="nursery" free="0" total="268435456" percent="0">
      <mem type="allocate" free="0" total="184025088" percent="0" />
      <mem type="survivor" free="0" total="84410368" percent="0" />
    </mem>
    <mem type="tenure" free="188225744" total="805306368" percent="23">
      <mem type="soa" free="180171984" total="797252608" percent="22" />
      <mem type="loa" free="8053760" total="8053760" percent="100" />
    </mem>
    <remembered-set count="136" />
  </mem-info>
</gc-start>
<allocation-stats totalBytes="107320624" >
  <allocated-bytes non-tlh="1590752" tlh="105729872" />
  <largest-consumer threadName="main" threadId="0000000000016F00" bytes="107320624" />
</allocation-stats>
<gc-op id="3730" type="scavenge" timems="79.554" contextid="3727" timestamp="2022-02-08T18:55:24.140">
  <scavenger-info tenureage="1" tenuremask="7ffe" tiltratio="68" />
  <memory-copied type="nursery" objects="1451791" bytes="75522872" bytesdiscarded="145424" />
  <memory-copied type="tenure" objects="1347018" bytes="76438704" bytesdiscarded="40752" />
  <finalization candidates="109" enqueued="53" />
  <references type="soft" candidates="14" cleared="0" enqueued="0" dynamicThreshold="10" maxThreshold="32" />
  <references type="weak" candidates="1" cleared="0" enqueued="0" />
  <references type="phantom" candidates="94" cleared="7" enqueued="7" />
  <object-monitors candidates="2" cleared="0"  />
</gc-op>
<gc-end id="3731" type="scavenge" contextid="3727" durationms="79.738" usertimems="314.005" systemtimems="0.000" stalltimems="3.262" timestamp="2022-02-08T18:55:24.140" activeThreads="4">
  <mem-info id="3732" free="220363824" total="1073741824" percent="20">
    <mem type="nursery" free="108749880" total="268435456" percent="40">
      <mem type="allocate" free="108749880" total="184418304" percent="58" />
      <mem type="survivor" free="0" total="84017152" percent="0" />
    </mem>
    <mem type="tenure" free="111613944" total="805306368" percent="13" macro-fragmented="0">
      <mem type="soa" free="103560184" total="797252608" percent="12" />
      <mem type="loa" free="8053760" total="8053760" percent="100" />
    </mem>
    <pending-finalizers system="52" default="1" reference="7" classloader="0" />
    <remembered-set count="132" />
  </mem-info>
</gc-end>
<cycle-end id="3733" type="scavenge" contextid="3727" timestamp="2022-02-08T18:55:24.140" />
<allocation-satisfied id="3734" threadId="0000000000016F00" bytesRequested="104" />
<af-end id="3735" timestamp="2022-02-08T18:55:24.140" threadId="0000000000017908" success="true" from="nursery"/>
<exclusive-end id="3736" timestamp="2022-02-08T18:55:24.141" durationms="80.210" />

<concurrent-kickoff id="3737" timestamp="2022-02-08T18:55:24.828">
  <kickoff reason="threshold reached" targetBytes="74440053" thresholdFreeBytes="5775039"  remainingFree="5714800" tenureFreeBytes="111613944" nurseryFreeBytes="5714800" />
</concurrent-kickoff>
<exclusive-start id="3738" timestamp="2022-02-08T18:55:24.833" intervalms="772.687">
  <response-info timems="0.018" idlems="0.018" threads="0" lastid="0000000000016F00" lastname="main" />
</exclusive-start>
<cycle-start id="3739" type="global" contextid="0" timestamp="2022-02-08T18:55:24.833" intervalms="2867.419" />
<concurrent-start id="3740" type="global mark" contextid="3739" timestamp="2022-02-08T18:55:24.833">
</concurrent-start>
<exclusive-end id="3741" timestamp="2022-02-08T18:55:24.833" durationms="0.028" />

<exclusive-start id="3742" timestamp="2022-02-08T18:55:24.956" intervalms="122.493">
  <response-info timems="0.017" idlems="0.017" threads="0" lastid="0000000000016F00" lastname="main" />
</exclusive-start>
<af-start id="3743" threadId="0000000000017908" totalBytesRequested="232" timestamp="2022-02-08T18:55:24.956" intervalms="895.192" type="nursery" />
<cycle-start id="3744" type="scavenge" contextid="0" timestamp="2022-02-08T18:55:24.956" intervalms="895.191" />
<gc-start id="3745" type="scavenge" contextid="3744" timestamp="2022-02-08T18:55:24.956">
  <mem-info id="3746" free="111613944" total="1073741824" percent="10">
    <mem type="nursery" free="0" total="268435456" percent="0">
      <mem type="allocate" free="0" total="184418304" percent="0" />
      <mem type="survivor" free="0" total="84017152" percent="0" />
    </mem>
    <mem type="tenure" free="111613944" total="805306368" percent="13">
      <mem type="soa" free="103560184" total="797252608" percent="12" />
      <mem type="loa" free="8053760" total="8053760" percent="100" />
    </mem>
    <remembered-set count="133" />
  </mem-info>
</gc-start>
<allocation-stats totalBytes="108699536" >
  <allocated-bytes non-tlh="1347784" tlh="107351752" />
  <largest-consumer threadName="main" threadId="0000000000016F00" bytes="108691344" />
</allocation-stats>
<gc-op id="3747" type="scavenge" timems="76.182" contextid="3744" timestamp="2022-02-08T18:55:25.032">
  <scavenger-info tenureage="1" tenuremask="7ffe" tiltratio="68" />
  <memory-copied type="nursery" objects="1382126" bytes="77822352" bytesdiscarded="216632" />
  <memory-copied type="tenure" objects="1451072" bytes="74579704" bytesdiscarded="42264" />
  <finalization candidates="57" enqueued="0" />
  <references type="phantom" candidates="1" cleared="0" enqueued="0" />
  <object-monitors candidates="2" cleared="0"  />
</gc-op>
<gc-end id="3748" type="scavenge" contextid="3744" durationms="76.495" usertimems="300.805" systemtimems="0.000" stalltimems="3.721" timestamp="2022-02-08T18:55:25.032" activeThreads="4">
  <mem-info id="3749" free="141530360" total="1073741824" percent="13">
    <mem type="nursery" free="104347704" total="268435456" percent="38">
      <mem type="allocate" free="104347704" total="182386688" percent="57" />
      <mem type="survivor" free="0" total="86048768" percent="0" />
    </mem>
    <mem type="tenure" free="37182656" total="805306368" percent="4" macro-fragmented="0">
      <mem type="soa" free="29128896" total="797252608" percent="3" />
      <mem type="loa" free="8053760" total="8053760" percent="100" />
    </mem>
    <remembered-set count="102" />
  </mem-info>
</gc-end>
<cycle-end id="3750" type="scavenge" contextid="3744" timestamp="2022-02-08T18:55:25.032" />
<allocation-satisfied id="3751" threadId="0000000000016F00" bytesRequested="232" />
<af-end id="3752" timestamp="2022-02-08T18:55:25.032" threadId="0000000000017908" success="true" from="nursery"/>
<exclusive-end id="3753" timestamp="2022-02-08T18:55:25.032" durationms="76.826" />

<concurrent-end id="3754" type="global mark" contextid="3739" timestamp="2022-02-08T18:55:25.158">
<gc-op id="3755" type="trace" timems="325.324" contextid="3739" timestamp="2022-02-08T18:55:25.158">
  <trace bytesTraced="74440052" workStackOverflowCount="0" />
  <card-cleaning reason="card cleaning threshold reached" bytesTraced="904" cardsCleaned="2" />
</gc-op>
</concurrent-end>

<exclusive-start id="3756" timestamp="2022-02-08T18:55:25.158" intervalms="202.898">
  <response-info timems="0.018" idlems="0.018" threads="0" lastid="0000000000016F00" lastname="main" />
</exclusive-start>
<concurrent-global-final id="3757" timestamp="2022-02-08T18:55:25.158" contextid="3739" intervalms="2862.583" >
  <concurrent-trace-info reason="card cleaning threshold reached" tracedByMutators="58578364" tracedByHelpers="15862592" cardsCleaned="2" workStackOverflowCount="0" />
</concurrent-global-final>
<gc-start id="3758" type="global" contextid="3739" timestamp="2022-02-08T18:55:25.158">
  <mem-info id="3759" free="133305360" total="1073741824" percent="12">
    <mem type="nursery" free="96122704" total="268435456" percent="35">
      <mem type="allocate" free="96122704" total="182386688" percent="52" />
      <mem type="survivor" free="0" total="86048768" percent="0" />
    </mem>
    <mem type="tenure" free="37182656" total="805306368" percent="4">
      <mem type="soa" free="29128896" total="797252608" percent="3" />
      <mem type="loa" free="8053760" total="8053760" percent="100" />
    </mem>
    <remembered-set count="102" />
  </mem-info>
</gc-start>
<allocation-stats totalBytes="8220872" >
  <allocated-bytes non-tlh="232" tlh="8220640" />
  <largest-consumer threadName="main" threadId="0000000000016F00" bytes="8220872" />
</allocation-stats>
<gc-op id="3760" type="rs-scan" timems="0.550" contextid="3739" timestamp="2022-02-08T18:55:25.159">
  <scan objectsFound="29" bytesTraced="5268" workStackOverflowCount="0" />
</gc-op>
<gc-op id="3761" type="card-cleaning" timems="156.483" contextid="3739" timestamp="2022-02-08T18:55:25.316">
  <card-cleaning cardsCleaned="9" bytesTraced="71013076" workStackOverflowCount="0" />
</gc-op>
<gc-op id="3762" type="mark" timems="68.041" contextid="3739" timestamp="2022-02-08T18:55:25.384">
  <trace-info objectcount="2113762" scancount="1586849" scanbytes="33920488" />
  <finalization candidates="428" enqueued="57" />
  <ownableSynchronizers candidates="1" cleared="0" />
  <references type="soft" candidates="894" cleared="0" enqueued="0" dynamicThreshold="10" maxThreshold="32" />
  <references type="weak" candidates="1701" cleared="0" enqueued="0" />
  <references type="phantom" candidates="52" cleared="2" enqueued="2" />
  <stringconstants candidates="6470" cleared="0"  />
  <object-monitors candidates="2" cleared="0"  />
</gc-op>
<gc-op id="3763" type="sweep" timems="4.924" contextid="3739" timestamp="2022-02-08T18:55:25.389" />
<gc-end id="3764" type="global" contextid="3739" durationms="230.215" usertimems="245.112" systemtimems="0.433" stalltimems="203.701" timestamp="2022-02-08T18:55:25.389" activeThreads="4">
  <mem-info id="3765" free="376414088" total="1073741824" percent="35">
    <mem type="nursery" free="96430896" total="268435456" percent="35">
      <mem type="allocate" free="96430896" total="182386688" percent="52" />
      <mem type="survivor" free="0" total="86048768" percent="0" />
    </mem>
    <mem type="tenure" free="279983192" total="805306368" percent="34" micro-fragmented="379732" macro-fragmented="0">
      <mem type="soa" free="271929432" total="797252608" percent="34" />
      <mem type="loa" free="8053760" total="8053760" percent="100" />
    </mem>
    <pending-finalizers system="57" default="0" reference="2" classloader="0" />
    <remembered-set count="102" />
  </mem-info>
</gc-end>
<cycle-end id="3766" type="global" contextid="3739" timestamp="2022-02-08T18:55:25.389" />
<exclusive-end id="3767" timestamp="2022-02-08T18:55:25.389" durationms="230.553" />

<exclusive-start id="3768" timestamp="2022-02-08T18:55:25.999" intervalms="840.516">
  <response-info timems="0.018" idlems="0.018" threads="0" lastid="0000000000016F00" lastname="main" />
</exclusive-start>
<af-start id="3769" threadId="0000000000017908" totalBytesRequested="104" timestamp="2022-02-08T18:55:25.999" intervalms="1043.403" type="nursery" />
<cycle-start id="3770" type="scavenge" contextid="0" timestamp="2022-02-08T18:55:25.999" intervalms="1043.403" />
<gc-start id="3771" type="scavenge" contextid="3770" timestamp="2022-02-08T18:55:25.999">
  <mem-info id="3772" free="279983192" total="1073741824" percent="26">
    <mem type="nursery" free="0" total="268435456" percent="0">
      <mem type="allocate" free="0" total="182386688" percent="0" />
      <mem type="survivor" free="0" total="86048768" percent="0" />
    </mem>
    <mem type="tenure" free="279983192" total="805306368" percent="34">
      <mem type="soa" free="271929432" total="797252608" percent="34" />
      <mem type="loa" free="8053760" total="8053760" percent="100" />
    </mem>
    <remembered-set count="105" />
  </mem-info>
</gc-start>
<allocation-stats totalBytes="96385832" >
  <allocated-bytes non-tlh="0" tlh="96385832" />
  <largest-consumer threadName="main" threadId="0000000000016F00" bytes="96381736" />
</allocation-stats>
<gc-op id="3773" type="scavenge" timems="76.940" contextid="3770" timestamp="2022-02-08T18:55:26.076">
  <scavenger-info tenureage="1" tenuremask="7ffe" tiltratio="67" />
  <memory-copied type="nursery" objects="1313426" bytes="74288192" bytesdiscarded="178000" />
  <memory-copied type="tenure" objects="1382125" bytes="77822224" bytesdiscarded="44504" />
  <finalization candidates="1" enqueued="0" />
  <ownableSynchronizers candidates="2" cleared="2" />
  <object-monitors candidates="2" cleared="0"  />
</gc-op>
<gc-end id="3774" type="scavenge" contextid="3770" durationms="77.133" usertimems="303.051" systemtimems="0.000" stalltimems="3.900" timestamp="2022-02-08T18:55:26.076" activeThreads="4">
  <mem-info id="3775" free="310203656" total="1073741824" percent="28">
    <mem type="nursery" free="108313712" total="268435456" percent="40">
      <mem type="allocate" free="108313712" total="182779904" percent="59" />
      <mem type="survivor" free="0" total="85655552" percent="0" />
    </mem>
    <mem type="tenure" free="201889944" total="805306368" percent="25" macro-fragmented="0">
      <mem type="soa" free="193836184" total="797252608" percent="24" />
      <mem type="loa" free="8053760" total="8053760" percent="100" />
    </mem>
    <remembered-set count="105" />
  </mem-info>
</gc-end>
<cycle-end id="3776" type="scavenge" contextid="3770" timestamp="2022-02-08T18:55:26.076" />
<allocation-satisfied id="3777" threadId="0000000000016F00" bytesRequested="104" />
<af-end id="3778" timestamp="2022-02-08T18:55:26.076" threadId="0000000000017908" success="true" from="nursery"/>
<exclusive-end id="3779" timestamp="2022-02-08T18:55:26.076" durationms="77.377" />

<exclusive-start id="3780" timestamp="2022-02-08T18:55:26.968" intervalms="969.373">
  <response-info timems="0.017" idlems="0.017" threads="0" lastid="0000000000016F00" lastname="main" />
</exclusive-start>
<af-start id="3781" threadId="0000000000017908" totalBytesRequested="24" timestamp="2022-02-08T18:55:26.968" intervalms="969.393" type="nursery" />
<cycle-start id="3782" type="scavenge" contextid="0" timestamp="2022-02-08T18:55:26.968" intervalms="969.406" />
<gc-start id="3783" type="scavenge" contextid="3782" timestamp="2022-02-08T18:55:26.968">
  <mem-info id="3784" free="201889944" total="1073741824" percent="18">
    <mem type="nursery" free="0" total="268435456" percent="0">
      <mem type="allocate" free="0" total="182779904" percent="0" />
      <mem type="survivor" free="0" total="85655552" percent="0" />
    </mem>
    <mem type="tenure" free="201889944" total="805306368" percent="25">
      <mem type="soa" free="193836184" total="797252608" percent="24" />
      <mem type="loa" free="8053760" total="8053760" percent="100" />
    </mem>
    <remembered-set count="136" />
  </mem-info>
</gc-start>
<allocation-stats totalBytes="108267536" >
  <allocated-bytes non-tlh="1661248" tlh="106606288" />
  <largest-consumer threadName="main" threadId="0000000000016F00" bytes="108267536" />
</allocation-stats>
<gc-op id="3785" type="scavenge" timems="77.528" contextid="3782" timestamp="2022-02-08T18:55:27.046">
  <scavenger-info tenureage="1" tenuremask="7ffe" tiltratio="68" />
  <memory-copied type="nursery" objects="1488921" bytes="76241960" bytesdiscarded="88048" />
  <memory-copied type="tenure" objects="1313426" bytes="74288192" bytesdiscarded="38256" />
  <finalization candidates="109" enqueued="53" />
  <references type="soft" candidates="14" cleared="0" enqueued="0" dynamicThreshold="11" maxThreshold="32" />
  <references type="weak" candidates="1" cleared="0" enqueued="0" />
  <references type="phantom" candidates="94" cleared="7" enqueued="7" />
  <object-monitors candidates="2" cleared="0"  />
</gc-op>
<gc-end id="3786" type="scavenge" contextid="3782" durationms="77.698" usertimems="301.107" systemtimems="0.355" stalltimems="3.029" timestamp="2022-02-08T18:55:27.046" activeThreads="4">
  <mem-info id="3787" free="234168744" total="1073741824" percent="21">
    <mem type="nursery" free="106711912" total="268435456" percent="39">
      <mem type="allocate" free="106711912" total="183042048" percent="58" />
      <mem type="survivor" free="0" total="85393408" percent="0" />
    </mem>
    <mem type="tenure" free="127456832" total="805306368" percent="15" macro-fragmented="0">
      <mem type="soa" free="119403072" total="797252608" percent="14" />
      <mem type="loa" free="8053760" total="8053760" percent="100" />
    </mem>
    <pending-finalizers system="52" default="1" reference="7" classloader="0" />
    <remembered-set count="132" />
  </mem-info>
</gc-end>
<cycle-end id="3788" type="scavenge" contextid="3782" timestamp="2022-02-08T18:55:27.046" />
<allocation-satisfied id="3789" threadId="0000000000016F00" bytesRequested="24" />
<af-end id="3790" timestamp="2022-02-08T18:55:27.046" threadId="0000000000017908" success="true" from="nursery"/>
<exclusive-end id="3791" timestamp="2022-02-08T18:55:27.046" durationms="77.986" />

<concurrent-kickoff id="3792" timestamp="2022-02-08T18:55:27.711">
  <kickoff reason="threshold reached" targetBytes="74440233" thresholdFreeBytes="5772837"  remainingFree="5655400" tenureFreeBytes="127456832" nurseryFreeBytes="5655400" />
</concurrent-kickoff>
<exclusive-start id="3793" timestamp="2022-02-08T18:55:27.714" intervalms="745.702">
  <response-info timems="0.018" idlems="0.018" threads="0" lastid="0000000000016F00" lastname="main" />
</exclusive-start>
<cycle-start id="3794" type="global" contextid="0" timestamp="2022-02-08T18:55:27.714" intervalms="2880.983" />
<concurrent-start id="3795" type="global mark" contextid="3794" timestamp="2022-02-08T18:55:27.714">
</concurrent-start>
<exclusive-end id="3796" timestamp="2022-02-08T18:55:27.714" durationms="0.029" />

<exclusive-start id="3797" timestamp="2022-02-08T18:55:27.778" intervalms="63.653">
  <response-info timems="0.035" idlems="0.035" threads="0" lastid="0000000000016F00" lastname="main" />
</exclusive-start>
<af-start id="3798" threadId="0000000000017908" totalBytesRequested="24" timestamp="2022-02-08T18:55:27.778" intervalms="809.347" type="nursery" />
<cycle-start id="3799" type="scavenge" contextid="0" timestamp="2022-02-08T18:55:27.778" intervalms="809.343" />
<gc-start id="3800" type="scavenge" contextid="3799" timestamp="2022-02-08T18:55:27.778">
  <mem-info id="3801" free="127456832" total="1073741824" percent="11">
    <mem type="nursery" free="0" total="268435456" percent="0">
      <mem type="allocate" free="0" total="183042048" percent="0" />
      <mem type="survivor" free="0" total="85393408" percent="0" />
    </mem>
    <mem type="tenure" free="127456832" total="805306368" percent="15">
      <mem type="soa" free="119403072" total="797252608" percent="14" />
      <mem type="loa" free="8053760" total="8053760" percent="100" />
    </mem>
    <remembered-set count="133" />
  </mem-info>
</gc-start>
<allocation-stats totalBytes="106660896" >
  <allocated-bytes non-tlh="1347704" tlh="105313192" />
  <largest-consumer threadName="main" threadId="0000000000016F00" bytes="106652704" />
</allocation-stats>
<gc-op id="3802" type="scavenge" timems="86.253" contextid="3799" timestamp="2022-02-08T18:55:27.864">
  <scavenger-info tenureage="1" tenuremask="7ffe" tiltratio="68" />
  <memory-copied type="nursery" objects="1333461" bytes="76331448" bytesdiscarded="281248" />
  <memory-copied type="tenure" objects="1488202" bytes="75298792" bytesdiscarded="36256" />
  <finalization candidates="57" enqueued="0" />
  <references type="phantom" candidates="1" cleared="0" enqueued="0" />
  <object-monitors candidates="2" cleared="0"  />
</gc-op>
<gc-end id="3803" type="scavenge" contextid="3799" durationms="86.469" usertimems="341.692" systemtimems="0.388" stalltimems="2.009" timestamp="2022-02-08T18:55:27.864" activeThreads="4">
  <mem-info id="3804" free="159225408" total="1073741824" percent="14">
    <mem type="nursery" free="106953640" total="268435456" percent="39">
      <mem type="allocate" free="106953640" total="183566336" percent="58" />
      <mem type="survivor" free="0" total="84869120" percent="0" />
    </mem>
    <mem type="tenure" free="52271768" total="805306368" percent="6" macro-fragmented="0">
      <mem type="soa" free="44218008" total="797252608" percent="5" />
      <mem type="loa" free="8053760" total="8053760" percent="100" />
    </mem>
    <remembered-set count="101" />
  </mem-info>
</gc-end>
<cycle-end id="3805" type="scavenge" contextid="3799" timestamp="2022-02-08T18:55:27.864" />
<allocation-satisfied id="3806" threadId="0000000000016F00" bytesRequested="24" />
<af-end id="3807" timestamp="2022-02-08T18:55:27.864" threadId="0000000000017908" success="true" from="nursery"/>
<exclusive-end id="3808" timestamp="2022-02-08T18:55:27.864" durationms="86.748" />

<concurrent-end id="3809" type="global mark" contextid="3794" timestamp="2022-02-08T18:55:28.069">
<gc-op id="3810" type="trace" timems="355.057" contextid="3794" timestamp="2022-02-08T18:55:28.069">
  <trace bytesTraced="74440212" workStackOverflowCount="0" />
  <card-cleaning reason="card cleaning threshold reached" bytesTraced="904" cardsCleaned="2" />
</gc-op>
</concurrent-end>

<exclusive-start id="3811" timestamp="2022-02-08T18:55:28.069" intervalms="291.472">
  <response-info timems="0.018" idlems="0.018" threads="0" lastid="0000000000016F00" lastname="main" />
</exclusive-start>
<concurrent-global-final id="3812" timestamp="2022-02-08T18:55:28.069" contextid="3794" intervalms="2910.718" >
  <concurrent-trace-info reason="card cleaning threshold reached" tracedByMutators="50065072" tracedByHelpers="24376044" cardsCleaned="2" workStackOverflowCount="0" />
</concurrent-global-final>
<gc-start id="3813" type="global" contextid="3794" timestamp="2022-02-08T18:55:28.069">
  <mem-info id="3814" free="144709160" total="1073741824" percent="13">
    <mem type="nursery" free="92437392" total="268435456" percent="34">
      <mem type="allocate" free="92437392" total="183566336" percent="50" />
      <mem type="survivor" free="0" total="84869120" percent="0" />
    </mem>
    <mem type="tenure" free="52271768" total="805306368" percent="6">
      <mem type="soa" free="44218008" total="797252608" percent="5" />
      <mem type="loa" free="8053760" total="8053760" percent="100" />
    </mem>
    <remembered-set count="101" />
  </mem-info>
</gc-start>
<allocation-stats totalBytes="14509552" >
  <allocated-bytes non-tlh="24" tlh="14509528" />
  <largest-consumer threadName="main" threadId="0000000000016F00" bytes="14509552" />
</allocation-stats>
<gc-op id="3815" type="rs-scan" timems="0.585" contextid="3794" timestamp="2022-02-08T18:55:28.070">
  <scan objectsFound="29" bytesTraced="5268" workStackOverflowCount="0" />
</gc-op>
<gc-op id="3816" type="card-cleaning" timems="150.233" contextid="3794" timestamp="2022-02-08T18:55:28.220">
  <card-cleaning cardsCleaned="9" bytesTraced="71013124" workStackOverflowCount="0" />
</gc-op>
<gc-op id="3817" type="mark" timems="51.345" contextid="3794" timestamp="2022-02-08T18:55:28.271">
  <trace-info objectcount="1895955" scancount="1423494" scanbytes="30435560" />
  <finalization candidates="428" enqueued="57" />
  <ownableSynchronizers candidates="1" cleared="0" />
  <references type="soft" candidates="894" cleared="0" enqueued="0" dynamicThreshold="11" maxThreshold="32" />
  <references type="weak" candidates="1701" cleared="0" enqueued="0" />
  <references type="phantom" candidates="52" cleared="2" enqueued="2" />
  <stringconstants candidates="6470" cleared="0"  />
  <object-monitors candidates="2" cleared="0"  />
</gc-op>
<gc-op id="3818" type="sweep" timems="4.793" contextid="3794" timestamp="2022-02-08T18:55:28.276" />
<gc-end id="3819" type="global" contextid="3794" durationms="207.163" usertimems="218.590" systemtimems="3.518" stalltimems="153.294" timestamp="2022-02-08T18:55:28.276" activeThreads="4">
  <mem-info id="3820" free="388007824" total="1073741824" percent="36">
    <mem type="nursery" free="92810512" total="268435456" percent="34">
      <mem type="allocate" free="92810512" total="183566336" percent="50" />
      <mem type="survivor" free="0" total="84869120" percent="0" />
    </mem>
    <mem type="tenure" free="295197312" total="805306368" percent="36" micro-fragmented="318561" macro-fragmented="0">
      <mem type="soa" free="287143552" total="797252608" percent="36" />
      <mem type="loa" free="8053760" total="8053760" percent="100" />
    </mem>
    <pending-finalizers system="57" default="0" reference="2" classloader="0" />
    <remembered-set count="101" />
  </mem-info>
</gc-end>
<cycle-end id="3821" type="global" contextid="3794" timestamp="2022-02-08T18:55:28.276" />
<exclusive-end id="3822" timestamp="2022-02-08T18:55:28.276" durationms="207.354" />

<exclusive-start id="3823" timestamp="2022-02-08T18:55:28.863" intervalms="793.418">
  <response-info timems="0.018" idlems="0.018" threads="0" lastid="0000000000016F00" lastname="main" />
</exclusive-start>
<af-start id="3824" threadId="0000000000017908" totalBytesRequested="24" timestamp="2022-02-08T18:55:28.863" intervalms="1084.878" type="nursery" />
<cycle-start id="3825" type="scavenge" contextid="0" timestamp="2022-02-08T18:55:28.863" intervalms="1084.870" />
<gc-start id="3826" type="scavenge" contextid="3825" timestamp="2022-02-08T18:55:28.863">
  <mem-info id="3827" free="295197312" total="1073741824" percent="27">
    <mem type="nursery" free="0" total="268435456" percent="0">
      <mem type="allocate" free="0" total="183566336" percent="0" />
      <mem type="survivor" free="0" total="84869120" percent="0" />
    </mem>
    <mem type="tenure" free="295197312" total="805306368" percent="36">
      <mem type="soa" free="287143552" total="797252608" percent="36" />
      <mem type="loa" free="8053760" total="8053760" percent="100" />
    </mem>
    <remembered-set count="104" />
  </mem-info>
</gc-start>
<allocation-stats totalBytes="92767760" >
  <allocated-bytes non-tlh="0" tlh="92767760" />
  <largest-consumer threadName="main" threadId="0000000000016F00" bytes="92763664" />
</allocation-stats>
<gc-op id="3828" type="scavenge" timems="74.277" contextid="3825" timestamp="2022-02-08T18:55:28.937">
  <scavenger-info tenureage="1" tenuremask="7ffe" tiltratio="68" />
  <memory-copied type="nursery" objects="1356298" bytes="76212976" bytesdiscarded="330112" />
  <memory-copied type="tenure" objects="1333461" bytes="76331448" bytesdiscarded="45432" />
  <finalization candidates="1" enqueued="0" />
  <ownableSynchronizers candidates="2" cleared="2" />
  <object-monitors candidates="2" cleared="0"  />
</gc-op>
<gc-end id="3829" type="scavenge" contextid="3825" durationms="74.503" usertimems="289.965" systemtimems="0.000" stalltimems="2.405" timestamp="2022-02-08T18:55:28.937" activeThreads="4">
  <mem-info id="3830" free="326265064" total="1073741824" percent="30">
    <mem type="nursery" free="107547536" total="268435456" percent="40">
      <mem type="allocate" free="107547536" total="184090624" percent="58" />
      <mem type="survivor" free="0" total="84344832" percent="0" />
    </mem>
    <mem type="tenure" free="218717528" total="805306368" percent="27" macro-fragmented="0">
      <mem type="soa" free="210663768" total="797252608" percent="26" />
      <mem type="loa" free="8053760" total="8053760" percent="100" />
    </mem>
    <remembered-set count="104" />
  </mem-info>
</gc-end>
<cycle-end id="3831" type="scavenge" contextid="3825" timestamp="2022-02-08T18:55:28.937" />
<allocation-satisfied id="3832" threadId="0000000000016F00" bytesRequested="24" />
<af-end id="3833" timestamp="2022-02-08T18:55:28.937" threadId="0000000000017908" success="true" from="nursery"/>
<exclusive-end id="3834" timestamp="2022-02-08T18:55:28.937" durationms="74.784" />

<exclusive-start id="3835" timestamp="2022-02-08T18:55:29.752" intervalms="889.715">
  <response-info timems="0.018" idlems="0.018" threads="0" lastid="0000000000016F00" lastname="main" />
</exclusive-start>
<af-start id="3836" threadId="0000000000017908" totalBytesRequested="112" timestamp="2022-02-08T18:55:29.752" intervalms="889.711" type="nursery" />
<cycle-start id="3837" type="scavenge" contextid="0" timestamp="2022-02-08T18:55:29.752" intervalms="889.711" />
<gc-start id="3838" type="scavenge" contextid="3837" timestamp="2022-02-08T18:55:29.752">
  <mem-info id="3839" free="218717528" total="1073741824" percent="20">
    <mem type="nursery" free="0" total="268435456" percent="0">
      <mem type="allocate" free="0" total="184090624" percent="0" />
      <mem type="survivor" free="0" total="84344832" percent="0" />
    </mem>
    <mem type="tenure" free="218717528" total="805306368" percent="27">
      <mem type="soa" free="210663768" total="797252608" percent="26" />
      <mem type="loa" free="8053760" total="8053760" percent="100" />
    </mem>
    <remembered-set count="135" />
  </mem-info>
</gc-start>
<allocation-stats totalBytes="107499688" >
  <allocated-bytes non-tlh="945752" tlh="106553936" />
  <largest-consumer threadName="main" threadId="0000000000016F00" bytes="107499688" />
</allocation-stats>
<gc-op id="3840" type="scavenge" timems="81.869" contextid="3837" timestamp="2022-02-08T18:55:29.834">
  <scavenger-info tenureage="1" tenuremask="7ffe" tiltratio="68" />
  <memory-copied type="nursery" objects="1466793" bytes="75731792" bytesdiscarded="274272" />
  <memory-copied type="tenure" objects="1356298" bytes="76212976" bytesdiscarded="43824" />
  <finalization candidates="105" enqueued="53" />
  <references type="soft" candidates="14" cleared="0" enqueued="0" dynamicThreshold="11" maxThreshold="32" />
  <references type="weak" candidates="1" cleared="0" enqueued="0" />
  <references type="phantom" candidates="90" cleared="7" enqueued="7" />
  <object-monitors candidates="2" cleared="0"  />
</gc-op>
<gc-end id="3841" type="scavenge" contextid="3837" durationms="82.068" usertimems="308.910" systemtimems="0.318" stalltimems="6.297" timestamp="2022-02-08T18:55:29.834" activeThreads="4">
  <mem-info id="3842" free="250877088" total="1073741824" percent="23">
    <mem type="nursery" free="108477648" total="268435456" percent="40">
      <mem type="allocate" free="108477648" total="184483840" percent="58" />
      <mem type="survivor" free="0" total="83951616" percent="0" />
    </mem>
    <mem type="tenure" free="142399440" total="805306368" percent="17" macro-fragmented="0">
      <mem type="soa" free="134345680" total="797252608" percent="16" />
      <mem type="loa" free="8053760" total="8053760" percent="100" />
    </mem>
    <pending-finalizers system="52" default="1" reference="7" classloader="0" />
    <remembered-set count="131" />
  </mem-info>
</gc-end>
<cycle-end id="3843" type="scavenge" contextid="3837" timestamp="2022-02-08T18:55:29.835" />
<allocation-satisfied id="3844" threadId="0000000000016F00" bytesRequested="112" />
<af-end id="3845" timestamp="2022-02-08T18:55:29.835" threadId="0000000000017908" success="true" from="nursery"/>
<exclusive-end id="3846" timestamp="2022-02-08T18:55:29.835" durationms="82.323" />

<concurrent-kickoff id="3847" timestamp="2022-02-08T18:55:30.496">
  <kickoff reason="threshold reached" targetBytes="74440408" thresholdFreeBytes="5771848"  remainingFree="5751144" tenureFreeBytes="142399440" nurseryFreeBytes="5751144" />
</concurrent-kickoff>
<exclusive-start id="3848" timestamp="2022-02-08T18:55:30.499" intervalms="746.820">
  <response-info timems="0.018" idlems="0.018" threads="0" lastid="0000000000016F00" lastname="main" />
</exclusive-start>
<cycle-start id="3849" type="global" contextid="0" timestamp="2022-02-08T18:55:30.499" intervalms="2785.077" />
<concurrent-start id="3850" type="global mark" contextid="3849" timestamp="2022-02-08T18:55:30.499">
</concurrent-start>
<exclusive-end id="3851" timestamp="2022-02-08T18:55:30.499" durationms="0.028" />

<exclusive-start id="3852" timestamp="2022-02-08T18:55:30.606" intervalms="106.801">
  <response-info timems="0.017" idlems="0.017" threads="0" lastid="0000000000016F00" lastname="main" />
</exclusive-start>
<af-start id="3853" threadId="0000000000017908" totalBytesRequested="136" timestamp="2022-02-08T18:55:30.606" intervalms="853.623" type="nursery" />
<cycle-start id="3854" type="scavenge" contextid="0" timestamp="2022-02-08T18:55:30.606" intervalms="853.621" />
<gc-start id="3855" type="scavenge" contextid="3854" timestamp="2022-02-08T18:55:30.606">
  <mem-info id="3856" free="142399440" total="1073741824" percent="13">
    <mem type="nursery" free="0" total="268435456" percent="0">
      <mem type="allocate" free="0" total="184483840" percent="0" />
      <mem type="survivor" free="0" total="83951616" percent="0" />
    </mem>
    <mem type="tenure" free="142399440" total="805306368" percent="17">
      <mem type="soa" free="134345680" total="797252608" percent="16" />
      <mem type="loa" free="8053760" total="8053760" percent="100" />
    </mem>
    <remembered-set count="132" />
  </mem-info>
</gc-start>
<allocation-stats totalBytes="108424888" >
  <allocated-bytes non-tlh="2063208" tlh="106361680" />
  <largest-consumer threadName="main" threadId="0000000000016F00" bytes="108416696" />
</allocation-stats>
<gc-op id="3857" type="scavenge" timems="84.023" contextid="3854" timestamp="2022-02-08T18:55:30.690">
  <scavenger-info tenureage="1" tenuremask="7ffe" tiltratio="68" />
  <memory-copied type="nursery" objects="1368712" bytes="77136568" bytesdiscarded="316112" />
  <memory-copied type="tenure" objects="1466072" bytes="75202848" bytesdiscarded="39848" />
  <finalization candidates="57" enqueued="0" />
  <references type="phantom" candidates="5" cleared="0" enqueued="0" />
  <object-monitors candidates="2" cleared="0"  />
</gc-op>
<gc-end id="3858" type="scavenge" contextid="3854" durationms="84.205" usertimems="324.195" systemtimems="8.262" stalltimems="2.549" timestamp="2022-02-08T18:55:30.690" activeThreads="4">
  <mem-info id="3859" free="173488024" total="1073741824" percent="16">
    <mem type="nursery" free="106310264" total="268435456" percent="39">
      <mem type="allocate" free="106310264" total="183762944" percent="57" />
      <mem type="survivor" free="0" total="84672512" percent="0" />
    </mem>
    <mem type="tenure" free="67177760" total="805306368" percent="8" macro-fragmented="35311620">
      <mem type="soa" free="59124000" total="797252608" percent="7" />
      <mem type="loa" free="8053760" total="8053760" percent="100" />
    </mem>
    <remembered-set count="102" />
  </mem-info>
</gc-end>
<cycle-end id="3860" type="scavenge" contextid="3854" timestamp="2022-02-08T18:55:30.690" />
<allocation-satisfied id="3861" threadId="0000000000016F00" bytesRequested="136" />
<af-end id="3862" timestamp="2022-02-08T18:55:30.690" threadId="0000000000017908" success="true" from="nursery"/>
<exclusive-end id="3863" timestamp="2022-02-08T18:55:30.690" durationms="84.524" />

<concurrent-end id="3864" type="global mark" contextid="3849" timestamp="2022-02-08T18:55:30.898">
<gc-op id="3865" type="trace" timems="398.436" contextid="3849" timestamp="2022-02-08T18:55:30.898">
  <trace bytesTraced="74440468" workStackOverflowCount="0" />
  <card-cleaning reason="card cleaning threshold reached" bytesTraced="904" cardsCleaned="2" />
</gc-op>
</concurrent-end>

<exclusive-start id="3866" timestamp="2022-02-08T18:55:30.898" intervalms="291.705">
  <response-info timems="0.018" idlems="0.018" threads="0" lastid="0000000000016F00" lastname="main" />
</exclusive-start>
<concurrent-global-final id="3867" timestamp="2022-02-08T18:55:30.898" contextid="3849" intervalms="2828.478" >
  <concurrent-trace-info reason="card cleaning threshold reached" tracedByMutators="52255292" tracedByHelpers="22186080" cardsCleaned="2" workStackOverflowCount="0" />
</concurrent-global-final>
<gc-start id="3868" type="global" contextid="3849" timestamp="2022-02-08T18:55:30.898">
  <mem-info id="3869" free="158840592" total="1073741824" percent="14">
    <mem type="nursery" free="91662832" total="268435456" percent="34">
      <mem type="allocate" free="91662832" total="183762944" percent="49" />
      <mem type="survivor" free="0" total="84672512" percent="0" />
    </mem>
    <mem type="tenure" free="67177760" total="805306368" percent="8">
      <mem type="soa" free="59124000" total="797252608" percent="7" />
      <mem type="loa" free="8053760" total="8053760" percent="100" />
    </mem>
    <remembered-set count="102" />
  </mem-info>
</gc-start>
<allocation-stats totalBytes="14639920" >
  <allocated-bytes non-tlh="136" tlh="14639784" />
  <largest-consumer threadName="main" threadId="0000000000016F00" bytes="14639920" />
</allocation-stats>
<gc-op id="3870" type="rs-scan" timems="0.556" contextid="3849" timestamp="2022-02-08T18:55:30.898">
  <scan objectsFound="29" bytesTraced="5268" workStackOverflowCount="0" />
</gc-op>
<gc-op id="3871" type="card-cleaning" timems="146.039" contextid="3849" timestamp="2022-02-08T18:55:31.044">
  <card-cleaning cardsCleaned="9" bytesTraced="71013076" workStackOverflowCount="0" />
</gc-op>
<gc-op id="3872" type="mark" timems="42.653" contextid="3849" timestamp="2022-02-08T18:55:31.087">
  <trace-info objectcount="1653611" scancount="1241736" scanbytes="26558056" />
  <finalization candidates="428" enqueued="57" />
  <ownableSynchronizers candidates="1" cleared="0" />
  <references type="soft" candidates="894" cleared="0" enqueued="0" dynamicThreshold="11" maxThreshold="32" />
  <references type="weak" candidates="1701" cleared="0" enqueued="0" />
  <references type="phantom" candidates="52" cleared="2" enqueued="2" />
  <stringconstants candidates="6470" cleared="0"  />
  <object-monitors candidates="2" cleared="0"  />
</gc-op>
<gc-op id="3873" type="sweep" timems="4.718" contextid="3849" timestamp="2022-02-08T18:55:31.092" />
<gc-end id="3874" type="global" contextid="3849" durationms="194.160" usertimems="208.652" systemtimems="0.418" stalltimems="127.313" timestamp="2022-02-08T18:55:31.092" activeThreads="4">
  <mem-info id="3875" free="402118888" total="1073741824" percent="37">
    <mem type="nursery" free="92068560" total="268435456" percent="34">
      <mem type="allocate" free="92068560" total="183762944" percent="50" />
      <mem type="survivor" free="0" total="84672512" percent="0" />
    </mem>
    <mem type="tenure" free="310050328" total="805306368" percent="38" micro-fragmented="355610" macro-fragmented="0">
      <mem type="soa" free="301996568" total="797252608" percent="37" />
      <mem type="loa" free="8053760" total="8053760" percent="100" />
    </mem>
    <pending-finalizers system="57" default="0" reference="2" classloader="0" />
    <remembered-set count="102" />
  </mem-info>
</gc-end>
<cycle-end id="3876" type="global" contextid="3849" timestamp="2022-02-08T18:55:31.092" />
<exclusive-end id="3877" timestamp="2022-02-08T18:55:31.092" durationms="194.383" />

<exclusive-start id="3878" timestamp="2022-02-08T18:55:31.671" intervalms="773.558">
  <response-info timems="0.018" idlems="0.018" threads="0" lastid="0000000000016F00" lastname="main" />
</exclusive-start>
<af-start id="3879" threadId="0000000000017908" totalBytesRequested="24" timestamp="2022-02-08T18:55:31.671" intervalms="1065.277" type="nursery" />
<cycle-start id="3880" type="scavenge" contextid="0" timestamp="2022-02-08T18:55:31.671" intervalms="1065.277" />
<gc-start id="3881" type="scavenge" contextid="3880" timestamp="2022-02-08T18:55:31.671">
  <mem-info id="3882" free="310050328" total="1073741824" percent="28">
    <mem type="nursery" free="0" total="268435456" percent="0">
      <mem type="allocate" free="0" total="183762944" percent="0" />
      <mem type="survivor" free="0" total="84672512" percent="0" />
    </mem>
    <mem type="tenure" free="310050328" total="805306368" percent="38">
      <mem type="soa" free="301996568" total="797252608" percent="37" />
      <mem type="loa" free="8053760" total="8053760" percent="100" />
    </mem>
    <remembered-set count="105" />
  </mem-info>
</gc-start>
<allocation-stats totalBytes="92026248" >
  <allocated-bytes non-tlh="0" tlh="92026248" />
  <largest-consumer threadName="main" threadId="0000000000016F00" bytes="92022152" />
</allocation-stats>
<gc-op id="3883" type="scavenge" timems="73.692" contextid="3880" timestamp="2022-02-08T18:55:31.745">
  <scavenger-info tenureage="1" tenuremask="7ffe" tiltratio="68" />
  <memory-copied type="nursery" objects="1344027" bytes="75775152" bytesdiscarded="241488" />
  <memory-copied type="tenure" objects="1368711" bytes="77136488" bytesdiscarded="44872" />
  <finalization candidates="5" enqueued="0" />
  <ownableSynchronizers candidates="2" cleared="2" />
  <object-monitors candidates="2" cleared="0"  />
</gc-op>
<gc-end id="3884" type="scavenge" contextid="3880" durationms="73.899" usertimems="291.385" systemtimems="0.112" stalltimems="2.278" timestamp="2022-02-08T18:55:31.745" activeThreads="4">
  <mem-info id="3885" free="340700664" total="1073741824" percent="31">
    <mem type="nursery" free="108008448" total="268435456" percent="40">
      <mem type="allocate" free="108008448" total="184025088" percent="58" />
      <mem type="survivor" free="0" total="84410368" percent="0" />
    </mem>
    <mem type="tenure" free="232692216" total="805306368" percent="28" macro-fragmented="0">
      <mem type="soa" free="224638456" total="797252608" percent="28" />
      <mem type="loa" free="8053760" total="8053760" percent="100" />
    </mem>
    <remembered-set count="105" />
  </mem-info>
</gc-end>
<cycle-end id="3886" type="scavenge" contextid="3880" timestamp="2022-02-08T18:55:31.745" />
<allocation-satisfied id="3887" threadId="0000000000016F00" bytesRequested="24" />
<af-end id="3888" timestamp="2022-02-08T18:55:31.745" threadId="0000000000017908" success="true" from="nursery"/>
<exclusive-end id="3889" timestamp="2022-02-08T18:55:31.745" durationms="74.150" />

<exclusive-start id="3890" timestamp="2022-02-08T18:55:32.431" intervalms="760.088">
  <response-info timems="0.020" idlems="0.020" threads="0" lastid="0000000000016F00" lastname="main" />
</exclusive-start>
<af-start id="3891" threadId="0000000000017908" totalBytesRequested="240" timestamp="2022-02-08T18:55:32.431" intervalms="760.278" type="nursery" />
<cycle-start id="3892" type="scavenge" contextid="0" timestamp="2022-02-08T18:55:32.432" intervalms="760.340" />
<gc-start id="3893" type="scavenge" contextid="3892" timestamp="2022-02-08T18:55:32.432">
  <mem-info id="3894" free="232692216" total="1073741824" percent="21">
    <mem type="nursery" free="0" total="268435456" percent="0">
      <mem type="allocate" free="0" total="184025088" percent="0" />
      <mem type="survivor" free="0" total="84410368" percent="0" />
    </mem>
    <mem type="tenure" free="232692216" total="805306368" percent="28">
      <mem type="soa" free="224638456" total="797252608" percent="28" />
      <mem type="loa" free="8053760" total="8053760" percent="100" />
    </mem>
    <remembered-set count="119" />
  </mem-info>
</gc-start>
<allocation-stats totalBytes="107956000" >
  <allocated-bytes non-tlh="453728" tlh="107502272" />
  <largest-consumer threadName="main" threadId="0000000000016F00" bytes="107956000" />
</allocation-stats>
<gc-op id="3895" type="scavenge" timems="81.257" contextid="3892" timestamp="2022-02-08T18:55:32.513">
  <scavenger-info tenureage="1" tenuremask="7ffe" tiltratio="68" />
  <memory-copied type="nursery" objects="1356097" bytes="76860352" bytesdiscarded="118032" />
  <memory-copied type="tenure" objects="1344027" bytes="75775152" bytesdiscarded="39096" />
  <finalization candidates="30" enqueued="18" />
  <references type="phantom" candidates="30" cleared="0" enqueued="0" />
  <object-monitors candidates="2" cleared="0"  />
</gc-op>
<gc-end id="3896" type="scavenge" contextid="3892" durationms="81.566" usertimems="319.198" systemtimems="0.000" stalltimems="5.035" timestamp="2022-02-08T18:55:32.513" activeThreads="4">
  <mem-info id="3897" free="264149496" total="1073741824" percent="24">
    <mem type="nursery" free="107177776" total="268435456" percent="39">
      <mem type="allocate" free="107177776" total="184156160" percent="58" />
      <mem type="survivor" free="0" total="84279296" percent="0" />
    </mem>
    <mem type="tenure" free="156971720" total="805306368" percent="19" macro-fragmented="39939376">
      <mem type="soa" free="148917960" total="797252608" percent="18" />
      <mem type="loa" free="8053760" total="8053760" percent="100" />
    </mem>
    <pending-finalizers system="18" default="0" reference="0" classloader="0" />
    <remembered-set count="118" />
  </mem-info>
</gc-end>
<cycle-end id="3898" type="scavenge" contextid="3892" timestamp="2022-02-08T18:55:32.513" />
<allocation-satisfied id="3899" threadId="0000000000016F00" bytesRequested="240" />
<af-end id="3900" timestamp="2022-02-08T18:55:32.513" threadId="0000000000017908" success="true" from="nursery"/>
<exclusive-end id="3901" timestamp="2022-02-08T18:55:32.513" durationms="82.146" />

<concurrent-kickoff id="3902" timestamp="2022-02-08T18:55:33.340">
  <kickoff reason="threshold reached" targetBytes="74440599" thresholdFreeBytes="5761595"  remainingFree="5728048" tenureFreeBytes="156971720" nurseryFreeBytes="5728048" />
</concurrent-kickoff>
<exclusive-start id="3903" timestamp="2022-02-08T18:55:33.343" intervalms="912.028">
  <response-info timems="0.025" idlems="0.025" threads="0" lastid="0000000000016F00" lastname="main" />
</exclusive-start>
<cycle-start id="3904" type="global" contextid="0" timestamp="2022-02-08T18:55:33.343" intervalms="2844.179" />
<concurrent-start id="3905" type="global mark" contextid="3904" timestamp="2022-02-08T18:55:33.343">
</concurrent-start>
<exclusive-end id="3906" timestamp="2022-02-08T18:55:33.343" durationms="0.027" />

<exclusive-start id="3907" timestamp="2022-02-08T18:55:33.471" intervalms="127.569">
  <response-info timems="0.018" idlems="0.018" threads="0" lastid="0000000000016F00" lastname="main" />
</exclusive-start>
<af-start id="3908" threadId="0000000000017908" totalBytesRequested="184" timestamp="2022-02-08T18:55:33.471" intervalms="1039.394" type="nursery" />
<cycle-start id="3909" type="scavenge" contextid="0" timestamp="2022-02-08T18:55:33.471" intervalms="1039.333" />
<gc-start id="3910" type="scavenge" contextid="3909" timestamp="2022-02-08T18:55:33.471">
  <mem-info id="3911" free="156971720" total="1073741824" percent="14">
    <mem type="nursery" free="0" total="268435456" percent="0">
      <mem type="allocate" free="0" total="184156160" percent="0" />
      <mem type="survivor" free="0" total="84279296" percent="0" />
    </mem>
    <mem type="tenure" free="156971720" total="805306368" percent="19">
      <mem type="soa" free="148917960" total="797252608" percent="18" />
      <mem type="loa" free="8053760" total="8053760" percent="100" />
    </mem>
    <remembered-set count="135" />
  </mem-info>
</gc-start>
<allocation-stats totalBytes="107130320" >
  <allocated-bytes non-tlh="2484784" tlh="104645536" />
  <largest-consumer threadName="main" threadId="0000000000016F00" bytes="107126224" />
</allocation-stats>
<gc-op id="3912" type="scavenge" timems="77.549" contextid="3909" timestamp="2022-02-08T18:55:33.549">
  <scavenger-info tenureage="1" tenuremask="7ffe" tiltratio="68" />
  <memory-copied type="nursery" objects="1429361" bytes="75670096" bytesdiscarded="78416" />
  <memory-copied type="tenure" objects="1355797" bytes="76247480" bytesdiscarded="40304" />
  <finalization candidates="92" enqueued="35" />
  <references type="soft" candidates="14" cleared="0" enqueued="0" dynamicThreshold="12" maxThreshold="32" />
  <references type="weak" candidates="1" cleared="0" enqueued="0" />
  <references type="phantom" candidates="77" cleared="7" enqueued="7" />
  <object-monitors candidates="2" cleared="0"  />
</gc-op>
<gc-end id="3913" type="scavenge" contextid="3909" durationms="77.720" usertimems="305.893" systemtimems="0.000" stalltimems="3.471" timestamp="2022-02-08T18:55:33.549" activeThreads="4">
  <mem-info id="3914" free="189268056" total="1073741824" percent="17">
    <mem type="nursery" free="108669664" total="268435456" percent="40">
      <mem type="allocate" free="108669664" total="184418304" percent="58" />
      <mem type="survivor" free="0" total="84017152" percent="0" />
    </mem>
    <mem type="tenure" free="80598392" total="805306368" percent="10" macro-fragmented="57512708">
      <mem type="soa" free="72544632" total="797252608" percent="9" />
      <mem type="loa" free="8053760" total="8053760" percent="100" />
    </mem>
    <pending-finalizers system="34" default="1" reference="7" classloader="0" />
    <remembered-set count="121" />
  </mem-info>
</gc-end>
<cycle-end id="3915" type="scavenge" contextid="3909" timestamp="2022-02-08T18:55:33.549" />
<allocation-satisfied id="3916" threadId="0000000000016F00" bytesRequested="184" />
<af-end id="3917" timestamp="2022-02-08T18:55:33.549" threadId="0000000000017908" success="true" from="nursery"/>
<exclusive-end id="3918" timestamp="2022-02-08T18:55:33.549" durationms="78.021" />

<concurrent-end id="3919" type="global mark" contextid="3904" timestamp="2022-02-08T18:55:33.675">
<gc-op id="3920" type="trace" timems="332.155" contextid="3904" timestamp="2022-02-08T18:55:33.675">
  <trace bytesTraced="74440708" workStackOverflowCount="0" />
  <card-cleaning reason="card cleaning threshold reached" bytesTraced="904" cardsCleaned="2" />
</gc-op>
</concurrent-end>

<exclusive-start id="3921" timestamp="2022-02-08T18:55:33.675" intervalms="204.655">
  <response-info timems="0.018" idlems="0.018" threads="0" lastid="0000000000016F00" lastname="main" />
</exclusive-start>
<concurrent-global-final id="3922" timestamp="2022-02-08T18:55:33.676" contextid="3904" intervalms="2777.878" >
  <concurrent-trace-info reason="card cleaning threshold reached" tracedByMutators="58756976" tracedByHelpers="15684636" cardsCleaned="2" workStackOverflowCount="0" />
</concurrent-global-final>
<gc-start id="3923" type="global" contextid="3904" timestamp="2022-02-08T18:55:33.676">
  <mem-info id="3924" free="181297056" total="1073741824" percent="16">
    <mem type="nursery" free="100698664" total="268435456" percent="37">
      <mem type="allocate" free="100698664" total="184418304" percent="54" />
      <mem type="survivor" free="0" total="84017152" percent="0" />
    </mem>
    <mem type="tenure" free="80598392" total="805306368" percent="10">
      <mem type="soa" free="72544632" total="797252608" percent="9" />
      <mem type="loa" free="8053760" total="8053760" percent="100" />
    </mem>
    <remembered-set count="122" />
  </mem-info>
</gc-start>
<allocation-stats totalBytes="7967600" >
  <allocated-bytes non-tlh="184" tlh="7967416" />
  <largest-consumer threadName="main" threadId="0000000000016F00" bytes="7959408" />
</allocation-stats>
<gc-op id="3925" type="rs-scan" timems="137.550" contextid="3904" timestamp="2022-02-08T18:55:33.813">
  <scan objectsFound="3324744" bytesTraced="71015600" workStackOverflowCount="0" />
</gc-op>
<gc-op id="3926" type="card-cleaning" timems="0.310" contextid="3904" timestamp="2022-02-08T18:55:33.813">
  <card-cleaning cardsCleaned="4" bytesTraced="1772" workStackOverflowCount="0" />
</gc-op>
<gc-op id="3927" type="mark" timems="35.561" contextid="3904" timestamp="2022-02-08T18:55:33.849">
  <trace-info objectcount="1272224" scancount="955694" scanbytes="20455880" />
  <finalization candidates="428" enqueued="57" />
  <ownableSynchronizers candidates="1" cleared="0" />
  <references type="soft" candidates="894" cleared="0" enqueued="0" dynamicThreshold="12" maxThreshold="32" />
  <references type="weak" candidates="1701" cleared="0" enqueued="0" />
  <references type="phantom" candidates="52" cleared="2" enqueued="2" />
  <stringconstants candidates="6470" cleared="0"  />
  <object-monitors candidates="2" cleared="0"  />
</gc-op>
<gc-op id="3928" type="sweep" timems="4.693" contextid="3904" timestamp="2022-02-08T18:55:33.854" />
<gc-end id="3929" type="global" contextid="3904" durationms="178.335" usertimems="188.298" systemtimems="4.430" stalltimems="106.150" timestamp="2022-02-08T18:55:33.854" activeThreads="4">
  <mem-info id="3930" free="424692568" total="1073741824" percent="39">
    <mem type="nursery" free="101190064" total="268435456" percent="37">
      <mem type="allocate" free="101190064" total="184418304" percent="54" />
      <mem type="survivor" free="0" total="84017152" percent="0" />
    </mem>
    <mem type="tenure" free="323502504" total="805306368" percent="40" micro-fragmented="268771" macro-fragmented="0">
      <mem type="soa" free="315448744" total="797252608" percent="39" />
      <mem type="loa" free="8053760" total="8053760" percent="100" />
    </mem>
    <pending-finalizers system="57" default="0" reference="2" classloader="0" />
    <remembered-set count="109" />
  </mem-info>
</gc-end>
<cycle-end id="3931" type="global" contextid="3904" timestamp="2022-02-08T18:55:33.854" />
<exclusive-end id="3932" timestamp="2022-02-08T18:55:33.854" durationms="178.567" />

<exclusive-start id="3933" timestamp="2022-02-08T18:55:34.613" intervalms="937.082">
  <response-info timems="0.023" idlems="0.023" threads="0" lastid="0000000000016F00" lastname="main" />
</exclusive-start>
<af-start id="3934" threadId="0000000000017908" totalBytesRequested="192" timestamp="2022-02-08T18:55:34.613" intervalms="1141.738" type="nursery" />
<cycle-start id="3935" type="scavenge" contextid="0" timestamp="2022-02-08T18:55:34.613" intervalms="1141.739" />
<gc-start id="3936" type="scavenge" contextid="3935" timestamp="2022-02-08T18:55:34.613">
  <mem-info id="3937" free="323502504" total="1073741824" percent="30">
    <mem type="nursery" free="0" total="268435456" percent="0">
      <mem type="allocate" free="0" total="184418304" percent="0" />
      <mem type="survivor" free="0" total="84017152" percent="0" />
    </mem>
    <mem type="tenure" free="323502504" total="805306368" percent="40">
      <mem type="soa" free="315448744" total="797252608" percent="39" />
      <mem type="loa" free="8053760" total="8053760" percent="100" />
    </mem>
    <remembered-set count="110" />
  </mem-info>
</gc-start>
<allocation-stats totalBytes="101140264" >
  <allocated-bytes non-tlh="0" tlh="101140264" />
  <largest-consumer threadName="main" threadId="0000000000016F00" bytes="101136168" />
</allocation-stats>
<gc-op id="3938" type="scavenge" timems="93.159" contextid="3935" timestamp="2022-02-08T18:55:34.706">
  <scavenger-info tenureage="1" tenuremask="7ffe" tiltratio="68" />
  <memory-copied type="nursery" objects="1406975" bytes="77618864" bytesdiscarded="143376" />
  <memory-copied type="tenure" objects="1428879" bytes="75358248" bytesdiscarded="44312" />
  <finalization candidates="45" enqueued="0" />
  <ownableSynchronizers candidates="2" cleared="2" />
  <object-monitors candidates="2" cleared="0"  />
</gc-op>
<gc-end id="3939" type="scavenge" contextid="3935" durationms="93.461" usertimems="365.336" systemtimems="3.128" stalltimems="3.309" timestamp="2022-02-08T18:55:34.706" activeThreads="4">
  <mem-info id="3940" free="352903056" total="1073741824" percent="32">
    <mem type="nursery" free="105083200" total="268435456" percent="39">
      <mem type="allocate" free="105083200" total="182845440" percent="57" />
      <mem type="survivor" free="0" total="85590016" percent="0" />
    </mem>
    <mem type="tenure" free="247819856" total="805306368" percent="30" macro-fragmented="0">
      <mem type="soa" free="239766096" total="797252608" percent="30" />
      <mem type="loa" free="8053760" total="8053760" percent="100" />
    </mem>
    <remembered-set count="104" />
  </mem-info>
</gc-end>
<cycle-end id="3941" type="scavenge" contextid="3935" timestamp="2022-02-08T18:55:34.706" />
<allocation-satisfied id="3942" threadId="0000000000016F00" bytesRequested="192" />
<af-end id="3943" timestamp="2022-02-08T18:55:34.706" threadId="0000000000017908" success="true" from="nursery"/>
<exclusive-end id="3944" timestamp="2022-02-08T18:55:34.706" durationms="93.790" />

<exclusive-start id="3945" timestamp="2022-02-08T18:55:35.343" intervalms="730.668">
  <response-info timems="0.018" idlems="0.018" threads="0" lastid="0000000000016F00" lastname="main" />
</exclusive-start>
<af-start id="3946" threadId="0000000000017908" totalBytesRequested="24" timestamp="2022-02-08T18:55:35.343" intervalms="730.667" type="nursery" />
<cycle-start id="3947" type="scavenge" contextid="0" timestamp="2022-02-08T18:55:35.343" intervalms="730.666" />
<gc-start id="3948" type="scavenge" contextid="3947" timestamp="2022-02-08T18:55:35.343">
  <mem-info id="3949" free="247819856" total="1073741824" percent="23">
    <mem type="nursery" free="0" total="268435456" percent="0">
      <mem type="allocate" free="0" total="182845440" percent="0" />
      <mem type="survivor" free="0" total="85590016" percent="0" />
    </mem>
    <mem type="tenure" free="247819856" total="805306368" percent="30">
      <mem type="soa" free="239766096" total="797252608" percent="30" />
      <mem type="loa" free="8053760" total="8053760" percent="100" />
    </mem>
    <remembered-set count="104" />
  </mem-info>
</gc-start>
<allocation-stats totalBytes="105036072" >
  <allocated-bytes non-tlh="192" tlh="105035880" />
  <largest-consumer threadName="main" threadId="0000000000016F00" bytes="105036072" />
</allocation-stats>
<gc-op id="3950" type="scavenge" timems="86.294" contextid="3947" timestamp="2022-02-08T18:55:35.430">
  <scavenger-info tenureage="1" tenuremask="7ffe" tiltratio="68" />
  <memory-copied type="nursery" objects="1311181" bytes="74677600" bytesdiscarded="174488" />
  <memory-copied type="tenure" objects="1406974" bytes="77618760" bytesdiscarded="39752" />
  <object-monitors candidates="2" cleared="0"  />
</gc-op>
<gc-end id="3951" type="scavenge" contextid="3947" durationms="86.486" usertimems="340.501" systemtimems="0.216" stalltimems="3.106" timestamp="2022-02-08T18:55:35.430" activeThreads="4">
  <mem-info id="3952" free="278581800" total="1073741824" percent="25">
    <mem type="nursery" free="108321032" total="268435456" percent="40">
      <mem type="allocate" free="108321032" total="183173120" percent="59" />
      <mem type="survivor" free="0" total="85262336" percent="0" />
    </mem>
    <mem type="tenure" free="170260768" total="805306368" percent="21" macro-fragmented="69015248">
      <mem type="soa" free="162207008" total="797252608" percent="20" />
      <mem type="loa" free="8053760" total="8053760" percent="100" />
    </mem>
    <remembered-set count="104" />
  </mem-info>
</gc-end>
<cycle-end id="3953" type="scavenge" contextid="3947" timestamp="2022-02-08T18:55:35.430" />
<allocation-satisfied id="3954" threadId="0000000000016F00" bytesRequested="24" />
<af-end id="3955" timestamp="2022-02-08T18:55:35.430" threadId="0000000000017908" success="true" from="nursery"/>
<exclusive-end id="3956" timestamp="2022-02-08T18:55:35.430" durationms="86.771" />

<exclusive-start id="3957" timestamp="2022-02-08T18:55:36.318" intervalms="975.271">
  <response-info timems="0.019" idlems="0.019" threads="0" lastid="0000000000016F00" lastname="main" />
</exclusive-start>
<af-start id="3958" threadId="0000000000017908" totalBytesRequested="192" timestamp="2022-02-08T18:55:36.319" intervalms="975.272" type="nursery" />
<cycle-start id="3959" type="scavenge" contextid="0" timestamp="2022-02-08T18:55:36.319" intervalms="975.272" />
<gc-start id="3960" type="scavenge" contextid="3959" timestamp="2022-02-08T18:55:36.319">
  <mem-info id="3961" free="170260768" total="1073741824" percent="15">
    <mem type="nursery" free="0" total="268435456" percent="0">
      <mem type="allocate" free="0" total="183173120" percent="0" />
      <mem type="survivor" free="0" total="85262336" percent="0" />
    </mem>
    <mem type="tenure" free="170260768" total="805306368" percent="21">
      <mem type="soa" free="162207008" total="797252608" percent="20" />
      <mem type="loa" free="8053760" total="8053760" percent="100" />
    </mem>
    <remembered-set count="134" />
  </mem-info>
</gc-start>
<allocation-stats totalBytes="108272872" >
  <allocated-bytes non-tlh="3008848" tlh="105264024" />
  <largest-consumer threadName="main" threadId="0000000000016F00" bytes="108272872" />
</allocation-stats>
<gc-op id="3962" type="scavenge" timems="86.460" contextid="3959" timestamp="2022-02-08T18:55:36.405">
  <scavenger-info tenureage="1" tenuremask="7ffe" tiltratio="68" />
  <memory-copied type="nursery" objects="1453371" bytes="76129160" bytesdiscarded="183976" />
  <memory-copied type="tenure" objects="1311181" bytes="74677600" bytesdiscarded="41320" />
  <finalization candidates="110" enqueued="53" />
  <references type="soft" candidates="14" cleared="0" enqueued="0" dynamicThreshold="12" maxThreshold="32" />
  <references type="weak" candidates="1" cleared="0" enqueued="0" />
  <references type="phantom" candidates="95" cleared="7" enqueued="7" />
  <object-monitors candidates="2" cleared="0"  />
</gc-op>
<gc-end id="3963" type="scavenge" contextid="3959" durationms="86.649" usertimems="340.286" systemtimems="0.184" stalltimems="4.851" timestamp="2022-02-08T18:55:36.405" activeThreads="4">
  <mem-info id="3964" free="202817912" total="1073741824" percent="18">
    <mem type="nursery" free="107187536" total="268435456" percent="39">
      <mem type="allocate" free="107187536" total="183500800" percent="58" />
      <mem type="survivor" free="0" total="84934656" percent="0" />
    </mem>
    <mem type="tenure" free="95630376" total="805306368" percent="11" macro-fragmented="69015248">
      <mem type="soa" free="87576616" total="797252608" percent="10" />
      <mem type="loa" free="8053760" total="8053760" percent="100" />
    </mem>
    <pending-finalizers system="52" default="1" reference="7" classloader="0" />
    <remembered-set count="128" />
  </mem-info>
</gc-end>
<cycle-end id="3965" type="scavenge" contextid="3959" timestamp="2022-02-08T18:55:36.405" />
<allocation-satisfied id="3966" threadId="0000000000016F00" bytesRequested="192" />
<af-end id="3967" timestamp="2022-02-08T18:55:36.405" threadId="0000000000017908" success="true" from="nursery"/>
<exclusive-end id="3968" timestamp="2022-02-08T18:55:36.405" durationms="86.896" />

<concurrent-kickoff id="3969" timestamp="2022-02-08T18:55:37.107">
  <kickoff reason="threshold reached" targetBytes="74440805" thresholdFreeBytes="5758729"  remainingFree="5672272" tenureFreeBytes="95630376" nurseryFreeBytes="5672272" />
</concurrent-kickoff>
<exclusive-start id="3970" timestamp="2022-02-08T18:55:37.112" intervalms="793.283">
  <response-info timems="0.018" idlems="0.018" threads="0" lastid="0000000000016F00" lastname="main" />
</exclusive-start>
<cycle-start id="3971" type="global" contextid="0" timestamp="2022-02-08T18:55:37.112" intervalms="3768.529" />
<concurrent-start id="3972" type="global mark" contextid="3971" timestamp="2022-02-08T18:55:37.112">
</concurrent-start>
<exclusive-end id="3973" timestamp="2022-02-08T18:55:37.112" durationms="0.036" />

<exclusive-start id="3974" timestamp="2022-02-08T18:55:37.242" intervalms="130.286">
  <response-info timems="0.018" idlems="0.018" threads="0" lastid="0000000000016F00" lastname="main" />
</exclusive-start>
<af-start id="3975" threadId="0000000000017908" totalBytesRequested="112" timestamp="2022-02-08T18:55:37.242" intervalms="923.568" type="nursery" />
<cycle-start id="3976" type="scavenge" contextid="0" timestamp="2022-02-08T18:55:37.242" intervalms="923.568" />
<gc-start id="3977" type="scavenge" contextid="3976" timestamp="2022-02-08T18:55:37.242">
  <mem-info id="3978" free="95630376" total="1073741824" percent="8">
    <mem type="nursery" free="0" total="268435456" percent="0">
      <mem type="allocate" free="0" total="183500800" percent="0" />
      <mem type="survivor" free="0" total="84934656" percent="0" />
    </mem>
    <mem type="tenure" free="95630376" total="805306368" percent="11">
      <mem type="soa" free="87576616" total="797252608" percent="10" />
      <mem type="loa" free="8053760" total="8053760" percent="100" />
    </mem>
    <remembered-set count="129" />
  </mem-info>
</gc-start>
<allocation-stats totalBytes="107137800" >
  <allocated-bytes non-tlh="192" tlh="107137608" />
  <largest-consumer threadName="main" threadId="0000000000016F00" bytes="107129608" />
</allocation-stats>
<gc-op id="3979" type="scavenge" timems="81.460" contextid="3976" timestamp="2022-02-08T18:55:37.324">
  <scavenger-info tenureage="1" tenuremask="7ffe" tiltratio="68" />
  <memory-copied type="nursery" objects="1381476" bytes="76323920" bytesdiscarded="265648" />
  <memory-copied type="tenure" objects="1452659" bytes="75661200" bytesdiscarded="36960" />
  <finalization candidates="57" enqueued="0" />
  <object-monitors candidates="2" cleared="0"  />
</gc-op>
<gc-end id="3980" type="scavenge" contextid="3976" durationms="81.596" usertimems="321.663" systemtimems="0.000" stalltimems="3.232" timestamp="2022-02-08T18:55:37.324" activeThreads="4">
  <mem-info id="3981" free="127173056" total="1073741824" percent="11">
    <mem type="nursery" free="107369984" total="268435456" percent="39">
      <mem type="allocate" free="107369984" total="183959552" percent="58" />
      <mem type="survivor" free="0" total="84475904" percent="0" />
    </mem>
    <mem type="tenure" free="19803072" total="805306368" percent="2" macro-fragmented="14257083">
      <mem type="soa" free="11749312" total="797252608" percent="1" />
      <mem type="loa" free="8053760" total="8053760" percent="100" />
    </mem>
    <remembered-set count="103" />
  </mem-info>
</gc-end>
<cycle-end id="3982" type="scavenge" contextid="3976" timestamp="2022-02-08T18:55:37.324" />
<allocation-satisfied id="3983" threadId="0000000000016F00" bytesRequested="112" />
<af-end id="3984" timestamp="2022-02-08T18:55:37.324" threadId="0000000000017908" success="true" from="nursery"/>
<exclusive-end id="3985" timestamp="2022-02-08T18:55:37.324" durationms="81.863" />

<concurrent-end id="3986" type="global mark" contextid="3971" timestamp="2022-02-08T18:55:37.441">
<gc-op id="3987" type="trace" timems="328.855" contextid="3971" timestamp="2022-02-08T18:55:37.441">
  <trace bytesTraced="74440884" workStackOverflowCount="0" />
  <card-cleaning reason="card cleaning threshold reached" bytesTraced="904" cardsCleaned="2" />
</gc-op>
</concurrent-end>

<exclusive-start id="3988" timestamp="2022-02-08T18:55:37.441" intervalms="198.984">
  <response-info timems="0.098" idlems="0.098" threads="0" lastid="0000000000016F00" lastname="main" />
</exclusive-start>
<concurrent-global-final id="3989" timestamp="2022-02-08T18:55:37.441" contextid="3971" intervalms="3765.705" >
  <concurrent-trace-info reason="card cleaning threshold reached" tracedByMutators="57286636" tracedByHelpers="17155152" cardsCleaned="2" workStackOverflowCount="0" />
</concurrent-global-final>
<gc-start id="3990" type="global" contextid="3971" timestamp="2022-02-08T18:55:37.441">
  <mem-info id="3991" free="119865680" total="1073741824" percent="11">
    <mem type="nursery" free="100062608" total="268435456" percent="37">
      <mem type="allocate" free="100062608" total="183959552" percent="54" />
      <mem type="survivor" free="0" total="84475904" percent="0" />
    </mem>
    <mem type="tenure" free="19803072" total="805306368" percent="2">
      <mem type="soa" free="11749312" total="797252608" percent="1" />
      <mem type="loa" free="8053760" total="8053760" percent="100" />
    </mem>
    <remembered-set count="103" />
  </mem-info>
</gc-start>
<allocation-stats totalBytes="7304016" >
  <allocated-bytes non-tlh="112" tlh="7303904" />
  <largest-consumer threadName="main" threadId="0000000000016F00" bytes="7304016" />
</allocation-stats>
<gc-op id="3992" type="rs-scan" timems="0.646" contextid="3971" timestamp="2022-02-08T18:55:37.442">
  <scan objectsFound="0" bytesTraced="3836" workStackOverflowCount="0" />
</gc-op>
<gc-op id="3993" type="card-cleaning" timems="146.454" contextid="3971" timestamp="2022-02-08T18:55:37.588">
  <card-cleaning cardsCleaned="10" bytesTraced="71014508" workStackOverflowCount="0" />
</gc-op>
<gc-op id="3994" type="mark" timems="73.601" contextid="3971" timestamp="2022-02-08T18:55:37.662">
  <trace-info objectcount="2390626" scancount="1794497" scanbytes="38350312" />
  <finalization candidates="428" enqueued="57" />
  <ownableSynchronizers candidates="1" cleared="0" />
  <references type="soft" candidates="894" cleared="0" enqueued="0" dynamicThreshold="12" maxThreshold="32" />
  <references type="weak" candidates="1701" cleared="0" enqueued="0" />
  <references type="phantom" candidates="52" cleared="2" enqueued="2" />
  <stringconstants candidates="6470" cleared="0"  />
  <object-monitors candidates="2" cleared="0"  />
</gc-op>
<gc-op id="3995" type="sweep" timems="5.890" contextid="3971" timestamp="2022-02-08T18:55:37.668" />
<gc-end id="3996" type="global" contextid="3971" durationms="226.795" usertimems="285.906" systemtimems="0.000" stalltimems="183.113" timestamp="2022-02-08T18:55:37.668" activeThreads="4">
  <mem-info id="3997" free="363180496" total="1073741824" percent="33">
    <mem type="nursery" free="100423840" total="268435456" percent="37">
      <mem type="allocate" free="100423840" total="183959552" percent="54" />
      <mem type="survivor" free="0" total="84475904" percent="0" />
    </mem>
    <mem type="tenure" free="262756656" total="805306368" percent="32" micro-fragmented="332446" macro-fragmented="0">
      <mem type="soa" free="254702896" total="797252608" percent="31" />
      <mem type="loa" free="8053760" total="8053760" percent="100" />
    </mem>
    <pending-finalizers system="57" default="0" reference="2" classloader="0" />
    <remembered-set count="103" />
  </mem-info>
</gc-end>
<cycle-end id="3998" type="global" contextid="3971" timestamp="2022-02-08T18:55:37.668" />
<exclusive-end id="3999" timestamp="2022-02-08T18:55:37.668" durationms="227.159" />

<exclusive-start id="4000" timestamp="2022-02-08T18:55:38.275" intervalms="834.020">
  <response-info timems="0.018" idlems="0.018" threads="0" lastid="0000000000016F00" lastname="main" />
</exclusive-start>
<af-start id="4001" threadId="0000000000017908" totalBytesRequested="40" timestamp="2022-02-08T18:55:38.275" intervalms="1033.003" type="nursery" />
<cycle-start id="4002" type="scavenge" contextid="0" timestamp="2022-02-08T18:55:38.275" intervalms="1033.003" />
<gc-start id="4003" type="scavenge" contextid="4002" timestamp="2022-02-08T18:55:38.275">
  <mem-info id="4004" free="262756656" total="1073741824" percent="24">
    <mem type="nursery" free="0" total="268435456" percent="0">
      <mem type="allocate" free="0" total="183959552" percent="0" />
      <mem type="survivor" free="0" total="84475904" percent="0" />
    </mem>
    <mem type="tenure" free="262756656" total="805306368" percent="32">
      <mem type="soa" free="254702896" total="797252608" percent="31" />
      <mem type="loa" free="8053760" total="8053760" percent="100" />
    </mem>
    <remembered-set count="106" />
  </mem-info>
</gc-start>
<allocation-stats totalBytes="100377400" >
  <allocated-bytes non-tlh="0" tlh="100377400" />
  <largest-consumer threadName="main" threadId="0000000000016F00" bytes="100373304" />
</allocation-stats>
<gc-op id="4005" type="scavenge" timems="78.921" contextid="4002" timestamp="2022-02-08T18:55:38.354">
  <scavenger-info tenureage="1" tenuremask="7ffe" tiltratio="68" />
  <memory-copied type="nursery" objects="1351418" bytes="76463328" bytesdiscarded="179664" />
  <memory-copied type="tenure" objects="1381476" bytes="76323920" bytesdiscarded="44160" />
  <ownableSynchronizers candidates="2" cleared="2" />
  <object-monitors candidates="2" cleared="0"  />
</gc-op>
<gc-end id="4006" type="scavenge" contextid="4002" durationms="79.143" usertimems="311.441" systemtimems="0.702" stalltimems="2.491" timestamp="2022-02-08T18:55:38.354" activeThreads="4">
  <mem-info id="4007" free="293848432" total="1073741824" percent="27">
    <mem type="nursery" free="107644240" total="268435456" percent="40">
      <mem type="allocate" free="107644240" total="184287232" percent="58" />
      <mem type="survivor" free="0" total="84148224" percent="0" />
    </mem>
    <mem type="tenure" free="186204192" total="805306368" percent="23" macro-fragmented="0">
      <mem type="soa" free="178150432" total="797252608" percent="22" />
      <mem type="loa" free="8053760" total="8053760" percent="100" />
    </mem>
    <remembered-set count="105" />
  </mem-info>
</gc-end>
<cycle-end id="4008" type="scavenge" contextid="4002" timestamp="2022-02-08T18:55:38.354" />
<allocation-satisfied id="4009" threadId="0000000000016F00" bytesRequested="40" />
<af-end id="4010" timestamp="2022-02-08T18:55:38.354" threadId="0000000000017908" success="true" from="nursery"/>
<exclusive-end id="4011" timestamp="2022-02-08T18:55:38.354" durationms="79.423" />

<exclusive-start id="4012" timestamp="2022-02-08T18:55:39.221" intervalms="945.858">
  <response-info timems="0.019" idlems="0.019" threads="0" lastid="0000000000016F00" lastname="main" />
</exclusive-start>
<af-start id="4013" threadId="0000000000017908" totalBytesRequested="24" timestamp="2022-02-08T18:55:39.221" intervalms="945.859" type="nursery" />
<cycle-start id="4014" type="scavenge" contextid="0" timestamp="2022-02-08T18:55:39.221" intervalms="945.860" />
<gc-start id="4015" type="scavenge" contextid="4014" timestamp="2022-02-08T18:55:39.221">
  <mem-info id="4016" free="186204192" total="1073741824" percent="17">
    <mem type="nursery" free="0" total="268435456" percent="0">
      <mem type="allocate" free="0" total="184287232" percent="0" />
      <mem type="survivor" free="0" total="84148224" percent="0" />
    </mem>
    <mem type="tenure" free="186204192" total="805306368" percent="23">
      <mem type="soa" free="178150432" total="797252608" percent="22" />
      <mem type="loa" free="8053760" total="8053760" percent="100" />
    </mem>
    <remembered-set count="136" />
  </mem-info>
</gc-start>
<allocation-stats totalBytes="107596336" >
  <allocated-bytes non-tlh="1661184" tlh="105935152" />
  <largest-consumer threadName="main" threadId="0000000000016F00" bytes="107596336" />
</allocation-stats>
<gc-op id="4017" type="scavenge" timems="80.005" contextid="4014" timestamp="2022-02-08T18:55:39.301">
  <scavenger-info tenureage="1" tenuremask="7ffe" tiltratio="68" />
  <memory-copied type="nursery" objects="1447737" bytes="75694768" bytesdiscarded="120168" />
  <memory-copied type="tenure" objects="1351418" bytes="76463328" bytesdiscarded="37960" />
  <finalization candidates="109" enqueued="53" />
  <references type="soft" candidates="14" cleared="0" enqueued="0" dynamicThreshold="10" maxThreshold="32" />
  <references type="weak" candidates="1" cleared="0" enqueued="0" />
  <references type="phantom" candidates="94" cleared="7" enqueued="7" />
  <object-monitors candidates="2" cleared="0"  />
</gc-op>
<gc-end id="4018" type="scavenge" contextid="4014" durationms="80.171" usertimems="315.617" systemtimems="0.000" stalltimems="3.638" timestamp="2022-02-08T18:55:39.301" activeThreads="4">
  <mem-info id="4019" free="218510264" total="1073741824" percent="20">
    <mem type="nursery" free="108799848" total="268435456" percent="40">
      <mem type="allocate" free="108799848" total="184614912" percent="58" />
      <mem type="survivor" free="0" total="83820544" percent="0" />
    </mem>
    <mem type="tenure" free="109710416" total="805306368" percent="13" macro-fragmented="0">
      <mem type="soa" free="101656656" total="797252608" percent="12" />
      <mem type="loa" free="8053760" total="8053760" percent="100" />
    </mem>
    <pending-finalizers system="52" default="1" reference="7" classloader="0" />
    <remembered-set count="132" />
  </mem-info>
</gc-end>
<cycle-end id="4020" type="scavenge" contextid="4014" timestamp="2022-02-08T18:55:39.301" />
<allocation-satisfied id="4021" threadId="0000000000016F00" bytesRequested="24" />
<af-end id="4022" timestamp="2022-02-08T18:55:39.301" threadId="0000000000017908" success="true" from="nursery"/>
<exclusive-end id="4023" timestamp="2022-02-08T18:55:39.301" durationms="80.491" />

<concurrent-kickoff id="4024" timestamp="2022-02-08T18:55:39.989">
  <kickoff reason="threshold reached" targetBytes="74441003" thresholdFreeBytes="5756304"  remainingFree="5633776" tenureFreeBytes="109710416" nurseryFreeBytes="5633776" />
</concurrent-kickoff>
<exclusive-start id="4025" timestamp="2022-02-08T18:55:39.993" intervalms="771.632">
  <response-info timems="0.020" idlems="0.020" threads="0" lastid="0000000000016F00" lastname="main" />
</exclusive-start>
<cycle-start id="4026" type="global" contextid="0" timestamp="2022-02-08T18:55:39.993" intervalms="2880.783" />
<concurrent-start id="4027" type="global mark" contextid="4026" timestamp="2022-02-08T18:55:39.993">
</concurrent-start>
<exclusive-end id="4028" timestamp="2022-02-08T18:55:39.993" durationms="0.032" />

<exclusive-start id="4029" timestamp="2022-02-08T18:55:40.109" intervalms="116.023">
  <response-info timems="0.030" idlems="0.030" threads="0" lastid="0000000000016F00" lastname="main" />
</exclusive-start>
<af-start id="4030" threadId="0000000000017908" totalBytesRequested="112" timestamp="2022-02-08T18:55:40.109" intervalms="887.654" type="nursery" />
<cycle-start id="4031" type="scavenge" contextid="0" timestamp="2022-02-08T18:55:40.109" intervalms="887.653" />
<gc-start id="4032" type="scavenge" contextid="4031" timestamp="2022-02-08T18:55:40.109">
  <mem-info id="4033" free="109710416" total="1073741824" percent="10">
    <mem type="nursery" free="0" total="268435456" percent="0">
      <mem type="allocate" free="0" total="184614912" percent="0" />
      <mem type="survivor" free="0" total="83820544" percent="0" />
    </mem>
    <mem type="tenure" free="109710416" total="805306368" percent="13">
      <mem type="soa" free="101656656" total="797252608" percent="12" />
      <mem type="loa" free="8053760" total="8053760" percent="100" />
    </mem>
    <remembered-set count="133" />
  </mem-info>
</gc-start>
<allocation-stats totalBytes="108751800" >
  <allocated-bytes non-tlh="1347704" tlh="107404096" />
  <largest-consumer threadName="main" threadId="0000000000016F00" bytes="108743608" />
</allocation-stats>
<gc-op id="4034" type="scavenge" timems="77.899" contextid="4031" timestamp="2022-02-08T18:55:40.187">
  <scavenger-info tenureage="1" tenuremask="7ffe" tiltratio="68" />
  <memory-copied type="nursery" objects="1384751" bytes="77860968" bytesdiscarded="341352" />
  <memory-copied type="tenure" objects="1447018" bytes="74751600" bytesdiscarded="39880" />
  <finalization candidates="57" enqueued="0" />
  <references type="phantom" candidates="1" cleared="0" enqueued="0" />
  <object-monitors candidates="2" cleared="0"  />
</gc-op>
<gc-end id="4035" type="scavenge" contextid="4031" durationms="78.085" usertimems="307.649" systemtimems="0.000" stalltimems="2.950" timestamp="2022-02-08T18:55:40.187" activeThreads="4">
  <mem-info id="4036" free="139222752" total="1073741824" percent="12">
    <mem type="nursery" free="104315440" total="268435456" percent="38">
      <mem type="allocate" free="104315440" total="182517760" percent="57" />
      <mem type="survivor" free="0" total="85917696" percent="0" />
    </mem>
    <mem type="tenure" free="34907312" total="805306368" percent="4" macro-fragmented="20434963">
      <mem type="soa" free="26853552" total="797252608" percent="3" />
      <mem type="loa" free="8053760" total="8053760" percent="100" />
    </mem>
    <remembered-set count="101" />
  </mem-info>
</gc-end>
<cycle-end id="4037" type="scavenge" contextid="4031" timestamp="2022-02-08T18:55:40.187" />
<allocation-satisfied id="4038" threadId="0000000000016F00" bytesRequested="112" />
<af-end id="4039" timestamp="2022-02-08T18:55:40.187" threadId="0000000000017908" success="true" from="nursery"/>
<exclusive-end id="4040" timestamp="2022-02-08T18:55:40.187" durationms="78.361" />

<concurrent-end id="4041" type="global mark" contextid="4026" timestamp="2022-02-08T18:55:40.330">
<gc-op id="4042" type="trace" timems="337.327" contextid="4026" timestamp="2022-02-08T18:55:40.330">
  <trace bytesTraced="74441092" workStackOverflowCount="0" />
  <card-cleaning reason="card cleaning threshold reached" bytesTraced="904" cardsCleaned="2" />
</gc-op>
</concurrent-end>

<exclusive-start id="4043" timestamp="2022-02-08T18:55:40.330" intervalms="221.376">
  <response-info timems="0.019" idlems="0.019" threads="0" lastid="0000000000016F00" lastname="main" />
</exclusive-start>
<concurrent-global-final id="4044" timestamp="2022-02-08T18:55:40.330" contextid="4026" intervalms="2888.789" >
  <concurrent-trace-info reason="card cleaning threshold reached" tracedByMutators="56106828" tracedByHelpers="18335168" cardsCleaned="2" workStackOverflowCount="0" />
</concurrent-global-final>
<gc-start id="4045" type="global" contextid="4026" timestamp="2022-02-08T18:55:40.330">
  <mem-info id="4046" free="131128944" total="1073741824" percent="12">
    <mem type="nursery" free="96221632" total="268435456" percent="35">
      <mem type="allocate" free="96221632" total="182517760" percent="52" />
      <mem type="survivor" free="0" total="85917696" percent="0" />
    </mem>
    <mem type="tenure" free="34907312" total="805306368" percent="4">
      <mem type="soa" free="26853552" total="797252608" percent="3" />
      <mem type="loa" free="8053760" total="8053760" percent="100" />
    </mem>
    <remembered-set count="101" />
  </mem-info>
</gc-start>
<allocation-stats totalBytes="8090088" >
  <allocated-bytes non-tlh="112" tlh="8089976" />
  <largest-consumer threadName="main" threadId="0000000000016F00" bytes="8090088" />
</allocation-stats>
<gc-op id="4047" type="rs-scan" timems="0.595" contextid="4026" timestamp="2022-02-08T18:55:40.331">
  <scan objectsFound="29" bytesTraced="5268" workStackOverflowCount="0" />
</gc-op>
<gc-op id="4048" type="card-cleaning" timems="147.119" contextid="4026" timestamp="2022-02-08T18:55:40.478">
  <card-cleaning cardsCleaned="9" bytesTraced="71013076" workStackOverflowCount="0" />
</gc-op>
<gc-op id="4049" type="mark" timems="65.852" contextid="4026" timestamp="2022-02-08T18:55:40.544">
  <trace-info objectcount="2152287" scancount="1615743" scanbytes="34536872" />
  <finalization candidates="428" enqueued="57" />
  <ownableSynchronizers candidates="1" cleared="0" />
  <references type="soft" candidates="894" cleared="0" enqueued="0" dynamicThreshold="10" maxThreshold="32" />
  <references type="weak" candidates="1701" cleared="0" enqueued="0" />
  <references type="phantom" candidates="52" cleared="2" enqueued="2" />
  <stringconstants candidates="6470" cleared="0"  />
  <object-monitors candidates="2" cleared="0"  />
</gc-op>
<gc-op id="4050" type="sweep" timems="5.101" contextid="4026" timestamp="2022-02-08T18:55:40.549" />
<gc-end id="4051" type="global" contextid="4026" durationms="218.865" usertimems="272.228" systemtimems="0.878" stalltimems="158.666" timestamp="2022-02-08T18:55:40.549" activeThreads="4">
  <mem-info id="4052" free="374490856" total="1073741824" percent="34">
    <mem type="nursery" free="96652528" total="268435456" percent="36">
      <mem type="allocate" free="96652528" total="182517760" percent="52" />
      <mem type="survivor" free="0" total="85917696" percent="0" />
    </mem>
    <mem type="tenure" free="277838328" total="805306368" percent="34" micro-fragmented="345925" macro-fragmented="0">
      <mem type="soa" free="269784568" total="797252608" percent="33" />
      <mem type="loa" free="8053760" total="8053760" percent="100" />
    </mem>
    <pending-finalizers system="57" default="0" reference="2" classloader="0" />
    <remembered-set count="101" />
  </mem-info>
</gc-end>
<cycle-end id="4053" type="global" contextid="4026" timestamp="2022-02-08T18:55:40.549" />
<exclusive-end id="4054" timestamp="2022-02-08T18:55:40.549" durationms="219.079" />

<exclusive-start id="4055" timestamp="2022-02-08T18:55:41.137" intervalms="807.427">
  <response-info timems="0.018" idlems="0.018" threads="0" lastid="0000000000016F00" lastname="main" />
</exclusive-start>
<af-start id="4056" threadId="0000000000017908" totalBytesRequested="112" timestamp="2022-02-08T18:55:41.137" intervalms="1028.804" type="nursery" />
<cycle-start id="4057" type="scavenge" contextid="0" timestamp="2022-02-08T18:55:41.137" intervalms="1028.804" />
<gc-start id="4058" type="scavenge" contextid="4057" timestamp="2022-02-08T18:55:41.137">
  <mem-info id="4059" free="277838328" total="1073741824" percent="25">
    <mem type="nursery" free="0" total="268435456" percent="0">
      <mem type="allocate" free="0" total="182517760" percent="0" />
      <mem type="survivor" free="0" total="85917696" percent="0" />
    </mem>
    <mem type="tenure" free="277838328" total="805306368" percent="34">
      <mem type="soa" free="269784568" total="797252608" percent="33" />
      <mem type="loa" free="8053760" total="8053760" percent="100" />
    </mem>
    <remembered-set count="104" />
  </mem-info>
</gc-start>
<allocation-stats totalBytes="96609896" >
  <allocated-bytes non-tlh="0" tlh="96609896" />
  <largest-consumer threadName="main" threadId="0000000000016F00" bytes="96605800" />
</allocation-stats>
<gc-op id="4060" type="scavenge" timems="73.752" contextid="4057" timestamp="2022-02-08T18:55:41.211">
  <scavenger-info tenureage="1" tenuremask="7ffe" tiltratio="67" />
  <memory-copied type="nursery" objects="1311958" bytes="74345488" bytesdiscarded="169288" />
  <memory-copied type="tenure" objects="1384751" bytes="77860968" bytesdiscarded="45328" />
  <finalization candidates="1" enqueued="0" />
  <ownableSynchronizers candidates="2" cleared="2" />
  <object-monitors candidates="2" cleared="0"  />
</gc-op>
<gc-end id="4061" type="scavenge" contextid="4057" durationms="73.920" usertimems="290.664" systemtimems="0.000" stalltimems="3.472" timestamp="2022-02-08T18:55:41.211" activeThreads="4">
  <mem-info id="4062" free="307923992" total="1073741824" percent="28">
    <mem type="nursery" free="108330664" total="268435456" percent="40">
      <mem type="allocate" free="108330664" total="182845440" percent="59" />
      <mem type="survivor" free="0" total="85590016" percent="0" />
    </mem>
    <mem type="tenure" free="199593328" total="805306368" percent="24" macro-fragmented="201903">
      <mem type="soa" free="191539568" total="797252608" percent="24" />
      <mem type="loa" free="8053760" total="8053760" percent="100" />
    </mem>
    <remembered-set count="105" />
  </mem-info>
</gc-end>
<cycle-end id="4063" type="scavenge" contextid="4057" timestamp="2022-02-08T18:55:41.212" />
<allocation-satisfied id="4064" threadId="0000000000016F00" bytesRequested="112" />
<af-end id="4065" timestamp="2022-02-08T18:55:41.212" threadId="0000000000017908" success="true" from="nursery"/>
<exclusive-end id="4066" timestamp="2022-02-08T18:55:41.212" durationms="74.222" />

<exclusive-start id="4067" timestamp="2022-02-08T18:55:42.075" intervalms="937.274">
  <response-info timems="0.017" idlems="0.017" threads="0" lastid="0000000000016F00" lastname="main" />
</exclusive-start>
<af-start id="4068" threadId="0000000000017908" totalBytesRequested="160" timestamp="2022-02-08T18:55:42.075" intervalms="937.276" type="nursery" />
<cycle-start id="4069" type="scavenge" contextid="0" timestamp="2022-02-08T18:55:42.075" intervalms="937.276" />
<gc-start id="4070" type="scavenge" contextid="4069" timestamp="2022-02-08T18:55:42.075">
  <mem-info id="4071" free="199593328" total="1073741824" percent="18">
    <mem type="nursery" free="0" total="268435456" percent="0">
      <mem type="allocate" free="0" total="182845440" percent="0" />
      <mem type="survivor" free="0" total="85590016" percent="0" />
    </mem>
    <mem type="tenure" free="199593328" total="805306368" percent="24">
      <mem type="soa" free="191539568" total="797252608" percent="24" />
      <mem type="loa" free="8053760" total="8053760" percent="100" />
    </mem>
    <remembered-set count="136" />
  </mem-info>
</gc-start>
<allocation-stats totalBytes="108283336" >
  <allocated-bytes non-tlh="1493880" tlh="106789456" />
  <largest-consumer threadName="main" threadId="0000000000016F00" bytes="108283336" />
</allocation-stats>
<gc-op id="4072" type="scavenge" timems="78.902" contextid="4069" timestamp="2022-02-08T18:55:42.154">
  <scavenger-info tenureage="1" tenuremask="7ffe" tiltratio="68" />
  <memory-copied type="nursery" objects="1490100" bytes="76263312" bytesdiscarded="56968" />
  <memory-copied type="tenure" objects="1311958" bytes="74345488" bytesdiscarded="45584" />
  <finalization candidates="109" enqueued="53" />
  <references type="soft" candidates="14" cleared="0" enqueued="0" dynamicThreshold="11" maxThreshold="32" />
  <references type="weak" candidates="1" cleared="0" enqueued="0" />
  <references type="phantom" candidates="94" cleared="7" enqueued="7" />
  <object-monitors candidates="2" cleared="0"  />
</gc-op>
<gc-end id="4073" type="scavenge" contextid="4069" durationms="79.123" usertimems="311.410" systemtimems="0.093" stalltimems="3.504" timestamp="2022-02-08T18:55:42.154" activeThreads="4">
  <mem-info id="4074" free="232172144" total="1073741824" percent="21">
    <mem type="nursery" free="106787176" total="268435456" percent="39">
      <mem type="allocate" free="106787176" total="183107584" percent="58" />
      <mem type="survivor" free="0" total="85327872" percent="0" />
    </mem>
    <mem type="tenure" free="125384968" total="805306368" percent="15" macro-fragmented="0">
      <mem type="soa" free="117331208" total="797252608" percent="14" />
      <mem type="loa" free="8053760" total="8053760" percent="100" />
    </mem>
    <pending-finalizers system="52" default="1" reference="7" classloader="0" />
    <remembered-set count="132" />
  </mem-info>
</gc-end>
<cycle-end id="4075" type="scavenge" contextid="4069" timestamp="2022-02-08T18:55:42.154" />
<allocation-satisfied id="4076" threadId="0000000000016F00" bytesRequested="160" />
<af-end id="4077" timestamp="2022-02-08T18:55:42.154" threadId="0000000000017908" success="true" from="nursery"/>
<exclusive-end id="4078" timestamp="2022-02-08T18:55:42.154" durationms="79.378" />

<concurrent-kickoff id="4079" timestamp="2022-02-08T18:55:42.827">
  <kickoff reason="threshold reached" targetBytes="74441205" thresholdFreeBytes="5774768"  remainingFree="5730664" tenureFreeBytes="125384968" nurseryFreeBytes="5730664" />
</concurrent-kickoff>
<exclusive-start id="4080" timestamp="2022-02-08T18:55:42.830" intervalms="755.391">
  <response-info timems="0.019" idlems="0.019" threads="0" lastid="0000000000016F00" lastname="main" />
</exclusive-start>
<cycle-start id="4081" type="global" contextid="0" timestamp="2022-02-08T18:55:42.830" intervalms="2837.486" />
<concurrent-start id="4082" type="global mark" contextid="4081" timestamp="2022-02-08T18:55:42.830">
</concurrent-start>
<exclusive-end id="4083" timestamp="2022-02-08T18:55:42.830" durationms="0.027" />

<exclusive-start id="4084" timestamp="2022-02-08T18:55:42.950" intervalms="120.278">
  <response-info timems="0.035" idlems="0.035" threads="0" lastid="0000000000016F00" lastname="main" />
</exclusive-start>
<af-start id="4085" threadId="0000000000017908" totalBytesRequested="184" timestamp="2022-02-08T18:55:42.950" intervalms="875.679" type="nursery" />
<cycle-start id="4086" type="scavenge" contextid="0" timestamp="2022-02-08T18:55:42.950" intervalms="875.678" />
<gc-start id="4087" type="scavenge" contextid="4086" timestamp="2022-02-08T18:55:42.950">
  <mem-info id="4088" free="125384968" total="1073741824" percent="11">
    <mem type="nursery" free="0" total="268435456" percent="0">
      <mem type="allocate" free="0" total="183107584" percent="0" />
      <mem type="survivor" free="0" total="85327872" percent="0" />
    </mem>
    <mem type="tenure" free="125384968" total="805306368" percent="15">
      <mem type="soa" free="117331208" total="797252608" percent="14" />
      <mem type="loa" free="8053760" total="8053760" percent="100" />
    </mem>
    <remembered-set count="133" />
  </mem-info>
</gc-start>
<allocation-stats totalBytes="106736264" >
  <allocated-bytes non-tlh="1347840" tlh="105388424" />
  <largest-consumer threadName="main" threadId="0000000000016F00" bytes="106728072" />
</allocation-stats>
<gc-op id="4089" type="scavenge" timems="77.245" contextid="4086" timestamp="2022-02-08T18:55:43.028">
  <scavenger-info tenureage="1" tenuremask="7ffe" tiltratio="68" />
  <memory-copied type="nursery" objects="1336298" bytes="76383632" bytesdiscarded="221136" />
  <memory-copied type="tenure" objects="1489380" bytes="75320056" bytesdiscarded="37568" />
  <finalization candidates="57" enqueued="0" />
  <references type="phantom" candidates="1" cleared="0" enqueued="0" />
  <object-monitors candidates="2" cleared="0"  />
</gc-op>
<gc-end id="4090" type="scavenge" contextid="4086" durationms="77.435" usertimems="305.171" systemtimems="0.000" stalltimems="3.359" timestamp="2022-02-08T18:55:43.028" activeThreads="4">
  <mem-info id="4091" free="157048360" total="1073741824" percent="14">
    <mem type="nursery" free="107027104" total="268435456" percent="39">
      <mem type="allocate" free="107027104" total="183631872" percent="58" />
      <mem type="survivor" free="0" total="84803584" percent="0" />
    </mem>
    <mem type="tenure" free="50021256" total="805306368" percent="6" macro-fragmented="27735676">
      <mem type="soa" free="41967496" total="797252608" percent="5" />
      <mem type="loa" free="8053760" total="8053760" percent="100" />
    </mem>
    <remembered-set count="102" />
  </mem-info>
</gc-end>
<cycle-end id="4092" type="scavenge" contextid="4086" timestamp="2022-02-08T18:55:43.028" />
<allocation-satisfied id="4093" threadId="0000000000016F00" bytesRequested="184" />
<af-end id="4094" timestamp="2022-02-08T18:55:43.028" threadId="0000000000017908" success="true" from="nursery"/>
<exclusive-end id="4095" timestamp="2022-02-08T18:55:43.028" durationms="77.780" />

<concurrent-end id="4096" type="global mark" contextid="4081" timestamp="2022-02-08T18:55:43.149">
<gc-op id="4097" type="trace" timems="319.175" contextid="4081" timestamp="2022-02-08T18:55:43.149">
  <trace bytesTraced="74441300" workStackOverflowCount="0" />
  <card-cleaning reason="card cleaning threshold reached" bytesTraced="904" cardsCleaned="2" />
</gc-op>
</concurrent-end>

<exclusive-start id="4098" timestamp="2022-02-08T18:55:43.149" intervalms="198.969">
  <response-info timems="0.022" idlems="0.022" threads="0" lastid="0000000000016F00" lastname="main" />
</exclusive-start>
<concurrent-global-final id="4099" timestamp="2022-02-08T18:55:43.149" contextid="4081" intervalms="2819.330" >
  <concurrent-trace-info reason="card cleaning threshold reached" tracedByMutators="58406240" tracedByHelpers="16035964" cardsCleaned="2" workStackOverflowCount="0" />
</concurrent-global-final>
<gc-start id="4100" type="global" contextid="4081" timestamp="2022-02-08T18:55:43.149">
  <mem-info id="4101" free="149478768" total="1073741824" percent="13">
    <mem type="nursery" free="99457512" total="268435456" percent="37">
      <mem type="allocate" free="99457512" total="183631872" percent="54" />
      <mem type="survivor" free="0" total="84803584" percent="0" />
    </mem>
    <mem type="tenure" free="50021256" total="805306368" percent="6">
      <mem type="soa" free="41967496" total="797252608" percent="5" />
      <mem type="loa" free="8053760" total="8053760" percent="100" />
    </mem>
    <remembered-set count="102" />
  </mem-info>
</gc-start>
<allocation-stats totalBytes="7566656" >
  <allocated-bytes non-tlh="184" tlh="7566472" />
  <largest-consumer threadName="main" threadId="0000000000016F00" bytes="7566656" />
</allocation-stats>
<gc-op id="4102" type="rs-scan" timems="0.569" contextid="4081" timestamp="2022-02-08T18:55:43.150">
  <scan objectsFound="29" bytesTraced="5268" workStackOverflowCount="0" />
</gc-op>
<gc-op id="4103" type="card-cleaning" timems="148.592" contextid="4081" timestamp="2022-02-08T18:55:43.299">
  <card-cleaning cardsCleaned="9" bytesTraced="71013076" workStackOverflowCount="0" />
</gc-op>
<gc-op id="4104" type="mark" timems="49.874" contextid="4081" timestamp="2022-02-08T18:55:43.349">
  <trace-info objectcount="1849503" scancount="1388655" scanbytes="29692328" />
  <finalization candidates="428" enqueued="57" />
  <ownableSynchronizers candidates="1" cleared="0" />
  <references type="soft" candidates="894" cleared="0" enqueued="0" dynamicThreshold="11" maxThreshold="32" />
  <references type="weak" candidates="1701" cleared="0" enqueued="0" />
  <references type="phantom" candidates="52" cleared="2" enqueued="2" />
  <stringconstants candidates="6470" cleared="0"  />
  <object-monitors candidates="2" cleared="0"  />
</gc-op>
<gc-op id="4105" type="sweep" timems="4.817" contextid="4081" timestamp="2022-02-08T18:55:43.353" />
<gc-end id="4106" type="global" contextid="4081" durationms="204.076" usertimems="219.426" systemtimems="0.000" stalltimems="149.073" timestamp="2022-02-08T18:55:43.353" activeThreads="4">
  <mem-info id="4107" free="392693320" total="1073741824" percent="36">
    <mem type="nursery" free="99773152" total="268435456" percent="37">
      <mem type="allocate" free="99773152" total="183631872" percent="54" />
      <mem type="survivor" free="0" total="84803584" percent="0" />
    </mem>
    <mem type="tenure" free="292920168" total="805306368" percent="36" micro-fragmented="365311" macro-fragmented="0">
      <mem type="soa" free="284866408" total="797252608" percent="35" />
      <mem type="loa" free="8053760" total="8053760" percent="100" />
    </mem>
    <pending-finalizers system="57" default="0" reference="2" classloader="0" />
    <remembered-set count="102" />
  </mem-info>
</gc-end>
<cycle-end id="4108" type="global" contextid="4081" timestamp="2022-02-08T18:55:43.354" />
<exclusive-end id="4109" timestamp="2022-02-08T18:55:43.354" durationms="204.348" />

<exclusive-start id="4110" timestamp="2022-02-08T18:55:43.995" intervalms="845.273">
  <response-info timems="0.018" idlems="0.018" threads="0" lastid="0000000000016F00" lastname="main" />
</exclusive-start>
<af-start id="4111" threadId="0000000000017908" totalBytesRequested="24" timestamp="2022-02-08T18:55:43.995" intervalms="1044.230" type="nursery" />
<cycle-start id="4112" type="scavenge" contextid="0" timestamp="2022-02-08T18:55:43.995" intervalms="1044.232" />
<gc-start id="4113" type="scavenge" contextid="4112" timestamp="2022-02-08T18:55:43.995">
  <mem-info id="4114" free="292920168" total="1073741824" percent="27">
    <mem type="nursery" free="0" total="268435456" percent="0">
      <mem type="allocate" free="0" total="183631872" percent="0" />
      <mem type="survivor" free="0" total="84803584" percent="0" />
    </mem>
    <mem type="tenure" free="292920168" total="805306368" percent="36">
      <mem type="soa" free="284866408" total="797252608" percent="35" />
      <mem type="loa" free="8053760" total="8053760" percent="100" />
    </mem>
    <remembered-set count="105" />
  </mem-info>
</gc-start>
<allocation-stats totalBytes="99728608" >
  <allocated-bytes non-tlh="0" tlh="99728608" />
  <largest-consumer threadName="main" threadId="0000000000016F00" bytes="99724512" />
</allocation-stats>
<gc-op id="4115" type="scavenge" timems="81.946" contextid="4112" timestamp="2022-02-08T18:55:44.077">
  <scavenger-info tenureage="1" tenuremask="7ffe" tiltratio="68" />
  <memory-copied type="nursery" objects="1354527" bytes="76218824" bytesdiscarded="232208" />
  <memory-copied type="tenure" objects="1336297" bytes="76383528" bytesdiscarded="45896" />
  <finalization candidates="1" enqueued="0" />
  <ownableSynchronizers candidates="2" cleared="2" />
  <object-monitors candidates="2" cleared="0"  />
</gc-op>
<gc-end id="4116" type="scavenge" contextid="4112" durationms="82.133" usertimems="323.834" systemtimems="0.144" stalltimems="2.901" timestamp="2022-02-08T18:55:44.077" activeThreads="4">
  <mem-info id="4117" free="324091528" total="1073741824" percent="30">
    <mem type="nursery" free="107639592" total="268435456" percent="40">
      <mem type="allocate" free="107639592" total="184090624" percent="58" />
      <mem type="survivor" free="0" total="84344832" percent="0" />
    </mem>
    <mem type="tenure" free="216451936" total="805306368" percent="26" macro-fragmented="0">
      <mem type="soa" free="208398176" total="797252608" percent="26" />
      <mem type="loa" free="8053760" total="8053760" percent="100" />
    </mem>
    <remembered-set count="105" />
  </mem-info>
</gc-end>
<cycle-end id="4118" type="scavenge" contextid="4112" timestamp="2022-02-08T18:55:44.077" />
<allocation-satisfied id="4119" threadId="0000000000016F00" bytesRequested="24" />
<af-end id="4120" timestamp="2022-02-08T18:55:44.077" threadId="0000000000017908" success="true" from="nursery"/>
<exclusive-end id="4121" timestamp="2022-02-08T18:55:44.077" durationms="82.386" />

<exclusive-start id="4122" timestamp="2022-02-08T18:55:44.922" intervalms="927.837">
  <response-info timems="0.023" idlems="0.023" threads="0" lastid="0000000000016F00" lastname="main" />
</exclusive-start>
<af-start id="4123" threadId="0000000000017908" totalBytesRequested="24" timestamp="2022-02-08T18:55:44.922" intervalms="927.846" type="nursery" />
<cycle-start id="4124" type="scavenge" contextid="0" timestamp="2022-02-08T18:55:44.922" intervalms="927.848" />
<gc-start id="4125" type="scavenge" contextid="4124" timestamp="2022-02-08T18:55:44.923">
  <mem-info id="4126" free="216451936" total="1073741824" percent="20">
    <mem type="nursery" free="0" total="268435456" percent="0">
      <mem type="allocate" free="0" total="184090624" percent="0" />
      <mem type="survivor" free="0" total="84344832" percent="0" />
    </mem>
    <mem type="tenure" free="216451936" total="805306368" percent="26">
      <mem type="soa" free="208398176" total="797252608" percent="26" />
      <mem type="loa" free="8053760" total="8053760" percent="100" />
    </mem>
    <remembered-set count="136" />
  </mem-info>
</gc-start>
<allocation-stats totalBytes="107594312" >
  <allocated-bytes non-tlh="1018664" tlh="106575648" />
  <largest-consumer threadName="main" threadId="0000000000016F00" bytes="107594312" />
</allocation-stats>
<gc-op id="4127" type="scavenge" timems="77.930" contextid="4124" timestamp="2022-02-08T18:55:45.001">
  <scavenger-info tenureage="1" tenuremask="7ffe" tiltratio="68" />
  <memory-copied type="nursery" objects="1486139" bytes="75784120" bytesdiscarded="141544" />
  <memory-copied type="tenure" objects="1354527" bytes="76218824" bytesdiscarded="40136" />
  <finalization candidates="108" enqueued="53" />
  <references type="soft" candidates="14" cleared="0" enqueued="0" dynamicThreshold="11" maxThreshold="32" />
  <references type="weak" candidates="1" cleared="0" enqueued="0" />
  <references type="phantom" candidates="93" cleared="7" enqueued="7" />
  <object-monitors candidates="2" cleared="0"  />
</gc-op>
<gc-end id="4128" type="scavenge" contextid="4124" durationms="78.256" usertimems="305.029" systemtimems="0.000" stalltimems="3.223" timestamp="2022-02-08T18:55:45.001" activeThreads="4">
  <mem-info id="4129" free="248660624" total="1073741824" percent="23">
    <mem type="nursery" free="108558048" total="268435456" percent="40">
      <mem type="allocate" free="108558048" total="184483840" percent="58" />
      <mem type="survivor" free="0" total="83951616" percent="0" />
    </mem>
    <mem type="tenure" free="140102576" total="805306368" percent="17" macro-fragmented="39939376">
      <mem type="soa" free="132048816" total="797252608" percent="16" />
      <mem type="loa" free="8053760" total="8053760" percent="100" />
    </mem>
    <pending-finalizers system="52" default="1" reference="7" classloader="0" />
    <remembered-set count="131" />
  </mem-info>
</gc-end>
<cycle-end id="4130" type="scavenge" contextid="4124" timestamp="2022-02-08T18:55:45.001" />
<allocation-satisfied id="4131" threadId="0000000000016F00" bytesRequested="24" />
<af-end id="4132" timestamp="2022-02-08T18:55:45.001" threadId="0000000000017908" success="true" from="nursery"/>
<exclusive-end id="4133" timestamp="2022-02-08T18:55:45.001" durationms="78.570" />

<concurrent-kickoff id="4134" timestamp="2022-02-08T18:55:45.714">
  <kickoff reason="threshold reached" targetBytes="74441403" thresholdFreeBytes="5769286"  remainingFree="5703280" tenureFreeBytes="140102576" nurseryFreeBytes="5703280" />
</concurrent-kickoff>
<exclusive-start id="4135" timestamp="2022-02-08T18:55:45.717" intervalms="794.474">
  <response-info timems="0.018" idlems="0.018" threads="0" lastid="0000000000016F00" lastname="main" />
</exclusive-start>
<cycle-start id="4136" type="global" contextid="0" timestamp="2022-02-08T18:55:45.717" intervalms="2886.831" />
<concurrent-start id="4137" type="global mark" contextid="4136" timestamp="2022-02-08T18:55:45.717">
</concurrent-start>
<exclusive-end id="4138" timestamp="2022-02-08T18:55:45.717" durationms="0.026" />

<exclusive-start id="4139" timestamp="2022-02-08T18:55:45.849" intervalms="132.113">
  <response-info timems="0.017" idlems="0.017" threads="0" lastid="0000000000016F00" lastname="main" />
</exclusive-start>
<af-start id="4140" threadId="0000000000017908" totalBytesRequested="16" timestamp="2022-02-08T18:55:45.849" intervalms="926.579" type="nursery" />
<cycle-start id="4141" type="scavenge" contextid="0" timestamp="2022-02-08T18:55:45.849" intervalms="926.576" />
<gc-start id="4142" type="scavenge" contextid="4141" timestamp="2022-02-08T18:55:45.849">
  <mem-info id="4143" free="140102576" total="1073741824" percent="13">
    <mem type="nursery" free="0" total="268435456" percent="0">
      <mem type="allocate" free="0" total="184483840" percent="0" />
      <mem type="survivor" free="0" total="83951616" percent="0" />
    </mem>
    <mem type="tenure" free="140102576" total="805306368" percent="17">
      <mem type="soa" free="132048816" total="797252608" percent="16" />
      <mem type="loa" free="8053760" total="8053760" percent="100" />
    </mem>
    <remembered-set count="132" />
  </mem-info>
</gc-start>
<allocation-stats totalBytes="108505480" >
  <allocated-bytes non-tlh="1822832" tlh="106682648" />
  <largest-consumer threadName="main" threadId="0000000000016F00" bytes="108497288" />
</allocation-stats>
<gc-op id="4144" type="scavenge" timems="84.356" contextid="4141" timestamp="2022-02-08T18:55:45.933">
  <scavenger-info tenureage="1" tenuremask="7ffe" tiltratio="68" />
  <memory-copied type="nursery" objects="1354415" bytes="77330680" bytesdiscarded="252616" />
  <memory-copied type="tenure" objects="1485420" bytes="75146360" bytesdiscarded="39704" />
  <finalization candidates="57" enqueued="0" />
  <references type="phantom" candidates="2" cleared="0" enqueued="0" />
  <object-monitors candidates="2" cleared="0"  />
</gc-op>
<gc-end id="4145" type="scavenge" contextid="4141" durationms="84.577" usertimems="332.361" systemtimems="0.000" stalltimems="4.140" timestamp="2022-02-08T18:55:45.934" activeThreads="4">
  <mem-info id="4146" free="170751920" total="1073741824" percent="15">
    <mem type="nursery" free="105917504" total="268435456" percent="39">
      <mem type="allocate" free="105917504" total="183500800" percent="57" />
      <mem type="survivor" free="0" total="84934656" percent="0" />
    </mem>
    <mem type="tenure" free="64834416" total="805306368" percent="8" macro-fragmented="47927252">
      <mem type="soa" free="56780656" total="797252608" percent="7" />
      <mem type="loa" free="8053760" total="8053760" percent="100" />
    </mem>
    <remembered-set count="102" />
  </mem-info>
</gc-end>
<cycle-end id="4147" type="scavenge" contextid="4141" timestamp="2022-02-08T18:55:45.934" />
<allocation-satisfied id="4148" threadId="0000000000016F00" bytesRequested="16" />
<af-end id="4149" timestamp="2022-02-08T18:55:45.934" threadId="0000000000017908" success="true" from="nursery"/>
<exclusive-end id="4150" timestamp="2022-02-08T18:55:45.934" durationms="84.894" />

<concurrent-end id="4151" type="global mark" contextid="4136" timestamp="2022-02-08T18:55:46.056">
<gc-op id="4152" type="trace" timems="338.857" contextid="4136" timestamp="2022-02-08T18:55:46.056">
  <trace bytesTraced="74441508" workStackOverflowCount="0" />
  <card-cleaning reason="card cleaning threshold reached" bytesTraced="904" cardsCleaned="2" />
</gc-op>
</concurrent-end>

<exclusive-start id="4153" timestamp="2022-02-08T18:55:46.056" intervalms="206.810">
  <response-info timems="0.018" idlems="0.018" threads="0" lastid="0000000000016F00" lastname="main" />
</exclusive-start>
<concurrent-global-final id="4154" timestamp="2022-02-08T18:55:46.056" contextid="4136" intervalms="2906.506" >
  <concurrent-trace-info reason="card cleaning threshold reached" tracedByMutators="58074484" tracedByHelpers="16367928" cardsCleaned="2" workStackOverflowCount="0" />
</concurrent-global-final>
<gc-start id="4155" type="global" contextid="4136" timestamp="2022-02-08T18:55:46.056">
  <mem-info id="4156" free="162527136" total="1073741824" percent="15">
    <mem type="nursery" free="97692720" total="268435456" percent="36">
      <mem type="allocate" free="97692720" total="183500800" percent="53" />
      <mem type="survivor" free="0" total="84934656" percent="0" />
    </mem>
    <mem type="tenure" free="64834416" total="805306368" percent="8">
      <mem type="soa" free="56780656" total="797252608" percent="7" />
      <mem type="loa" free="8053760" total="8053760" percent="100" />
    </mem>
    <remembered-set count="102" />
  </mem-info>
</gc-start>
<allocation-stats totalBytes="8220928" >
  <allocated-bytes non-tlh="16" tlh="8220912" />
  <largest-consumer threadName="main" threadId="0000000000016F00" bytes="8220928" />
</allocation-stats>
<gc-op id="4157" type="rs-scan" timems="0.541" contextid="4136" timestamp="2022-02-08T18:55:46.056">
  <scan objectsFound="29" bytesTraced="5268" workStackOverflowCount="0" />
</gc-op>
<gc-op id="4158" type="card-cleaning" timems="152.599" contextid="4136" timestamp="2022-02-08T18:55:46.209">
  <card-cleaning cardsCleaned="9" bytesTraced="71013076" workStackOverflowCount="0" />
</gc-op>
<gc-op id="4159" type="mark" timems="43.732" contextid="4136" timestamp="2022-02-08T18:55:46.253">
  <trace-info objectcount="1617197" scancount="1214425" scanbytes="25975464" />
  <finalization candidates="428" enqueued="57" />
  <ownableSynchronizers candidates="1" cleared="0" />
  <references type="soft" candidates="894" cleared="0" enqueued="0" dynamicThreshold="11" maxThreshold="32" />
  <references type="weak" candidates="1701" cleared="0" enqueued="0" />
  <references type="phantom" candidates="52" cleared="2" enqueued="2" />
  <stringconstants candidates="6470" cleared="0"  />
  <object-monitors candidates="2" cleared="0"  />
</gc-op>
<gc-op id="4160" type="sweep" timems="5.048" contextid="4136" timestamp="2022-02-08T18:55:46.258" />
<gc-end id="4161" type="global" contextid="4136" durationms="202.125" usertimems="216.376" systemtimems="0.000" stalltimems="130.845" timestamp="2022-02-08T18:55:46.258" activeThreads="4">
  <mem-info id="4162" free="405822680" total="1073741824" percent="37">
    <mem type="nursery" free="98037032" total="268435456" percent="36">
      <mem type="allocate" free="98037032" total="183500800" percent="53" />
      <mem type="survivor" free="0" total="84934656" percent="0" />
    </mem>
    <mem type="tenure" free="307785648" total="805306368" percent="38" micro-fragmented="340484" macro-fragmented="2592282">
      <mem type="soa" free="299731888" total="797252608" percent="37" />
      <mem type="loa" free="8053760" total="8053760" percent="100" />
    </mem>
    <pending-finalizers system="57" default="0" reference="2" classloader="0" />
    <remembered-set count="102" />
  </mem-info>
</gc-end>
<cycle-end id="4163" type="global" contextid="4136" timestamp="2022-02-08T18:55:46.258" />
<exclusive-end id="4164" timestamp="2022-02-08T18:55:46.258" durationms="202.329" />

<exclusive-start id="4165" timestamp="2022-02-08T18:55:46.877" intervalms="821.467">
  <response-info timems="0.018" idlems="0.018" threads="0" lastid="0000000000016F00" lastname="main" />
</exclusive-start>
<af-start id="4166" threadId="0000000000017908" totalBytesRequested="104" timestamp="2022-02-08T18:55:46.877" intervalms="1028.276" type="nursery" />
<cycle-start id="4167" type="scavenge" contextid="0" timestamp="2022-02-08T18:55:46.877" intervalms="1028.276" />
<gc-start id="4168" type="scavenge" contextid="4167" timestamp="2022-02-08T18:55:46.877">
  <mem-info id="4169" free="307785648" total="1073741824" percent="28">
    <mem type="nursery" free="0" total="268435456" percent="0">
      <mem type="allocate" free="0" total="183500800" percent="0" />
      <mem type="survivor" free="0" total="84934656" percent="0" />
    </mem>
    <mem type="tenure" free="307785648" total="805306368" percent="38">
      <mem type="soa" free="299731888" total="797252608" percent="37" />
      <mem type="loa" free="8053760" total="8053760" percent="100" />
    </mem>
    <remembered-set count="105" />
  </mem-info>
</gc-start>
<allocation-stats totalBytes="97992280" >
  <allocated-bytes non-tlh="0" tlh="97992280" />
  <largest-consumer threadName="main" threadId="0000000000016F00" bytes="97988184" />
</allocation-stats>
<gc-op id="4170" type="scavenge" timems="78.459" contextid="4167" timestamp="2022-02-08T18:55:46.956">
  <scavenger-info tenureage="1" tenuremask="7ffe" tiltratio="68" />
  <memory-copied type="nursery" objects="1339911" bytes="75458280" bytesdiscarded="275360" />
  <memory-copied type="tenure" objects="1354415" bytes="77330680" bytesdiscarded="46056" />
  <finalization candidates="2" enqueued="0" />
  <ownableSynchronizers candidates="2" cleared="2" />
  <object-monitors candidates="2" cleared="0"  />
</gc-op>
<gc-end id="4171" type="scavenge" contextid="4167" durationms="78.624" usertimems="308.778" systemtimems="0.000" stalltimems="3.551" timestamp="2022-02-08T18:55:46.956" activeThreads="4">
  <mem-info id="4172" free="338241496" total="1073741824" percent="31">
    <mem type="nursery" free="108029304" total="268435456" percent="40">
      <mem type="allocate" free="108029304" total="183762944" percent="58" />
      <mem type="survivor" free="0" total="84672512" percent="0" />
    </mem>
    <mem type="tenure" free="230212192" total="805306368" percent="28" macro-fragmented="0">
      <mem type="soa" free="222158432" total="797252608" percent="27" />
      <mem type="loa" free="8053760" total="8053760" percent="100" />
    </mem>
    <remembered-set count="104" />
  </mem-info>
</gc-end>
<cycle-end id="4173" type="scavenge" contextid="4167" timestamp="2022-02-08T18:55:46.956" />
<allocation-satisfied id="4174" threadId="0000000000016F00" bytesRequested="104" />
<af-end id="4175" timestamp="2022-02-08T18:55:46.956" threadId="0000000000017908" success="true" from="nursery"/>
<exclusive-end id="4176" timestamp="2022-02-08T18:55:46.956" durationms="78.873" />

<exclusive-start id="4177" timestamp="2022-02-08T18:55:47.692" intervalms="815.022">
  <response-info timems="0.023" idlems="0.023" threads="0" lastid="0000000000016F00" lastname="main" />
</exclusive-start>
<af-start id="4178" threadId="0000000000017908" totalBytesRequested="216" timestamp="2022-02-08T18:55:47.692" intervalms="815.039" type="nursery" />
<cycle-start id="4179" type="scavenge" contextid="0" timestamp="2022-02-08T18:55:47.692" intervalms="815.054" />
<gc-start id="4180" type="scavenge" contextid="4179" timestamp="2022-02-08T18:55:47.692">
  <mem-info id="4181" free="230212192" total="1073741824" percent="21">
    <mem type="nursery" free="0" total="268435456" percent="0">
      <mem type="allocate" free="0" total="183762944" percent="0" />
      <mem type="survivor" free="0" total="84672512" percent="0" />
    </mem>
    <mem type="tenure" free="230212192" total="805306368" percent="28">
      <mem type="soa" free="222158432" total="797252608" percent="27" />
      <mem type="loa" free="8053760" total="8053760" percent="100" />
    </mem>
    <remembered-set count="118" />
  </mem-info>
</gc-start>
<allocation-stats totalBytes="107979696" >
  <allocated-bytes non-tlh="453808" tlh="107525888" />
  <largest-consumer threadName="main" threadId="0000000000016F00" bytes="107979696" />
</allocation-stats>
<gc-op id="4182" type="scavenge" timems="109.174" contextid="4179" timestamp="2022-02-08T18:55:47.802">
  <scavenger-info tenureage="1" tenuremask="7ffe" tiltratio="68" />
  <memory-copied type="nursery" objects="1359800" bytes="76892008" bytesdiscarded="263872" />
  <memory-copied type="tenure" objects="1339911" bytes="75458280" bytesdiscarded="45264" />
  <finalization candidates="30" enqueued="18" />
  <references type="phantom" candidates="30" cleared="0" enqueued="0" />
  <object-monitors candidates="2" cleared="0"  />
</gc-op>
<gc-end id="4183" type="scavenge" contextid="4179" durationms="109.430" usertimems="428.737" systemtimems="4.790" stalltimems="1.505" timestamp="2022-02-08T18:55:47.802" activeThreads="4">
  <mem-info id="4184" free="261412568" total="1073741824" percent="24">
    <mem type="nursery" free="106672600" total="268435456" percent="39">
      <mem type="allocate" free="106672600" total="183828480" percent="58" />
      <mem type="survivor" free="0" total="84606976" percent="0" />
    </mem>
    <mem type="tenure" free="154739968" total="805306368" percent="19" macro-fragmented="0">
      <mem type="soa" free="146686208" total="797252608" percent="18" />
      <mem type="loa" free="8053760" total="8053760" percent="100" />
    </mem>
    <pending-finalizers system="18" default="0" reference="0" classloader="0" />
    <remembered-set count="119" />
  </mem-info>
</gc-end>
<cycle-end id="4185" type="scavenge" contextid="4179" timestamp="2022-02-08T18:55:47.802" />
<allocation-satisfied id="4186" threadId="0000000000016F00" bytesRequested="216" />
<af-end id="4187" timestamp="2022-02-08T18:55:47.802" threadId="0000000000017908" success="true" from="nursery"/>
<exclusive-end id="4188" timestamp="2022-02-08T18:55:47.802" durationms="109.715" />

<concurrent-kickoff id="4189" timestamp="2022-02-08T18:55:48.628">
  <kickoff reason="threshold reached" targetBytes="74441609" thresholdFreeBytes="5768251"  remainingFree="5681624" tenureFreeBytes="154739968" nurseryFreeBytes="5681624" />
</concurrent-kickoff>
<exclusive-start id="4190" timestamp="2022-02-08T18:55:48.631" intervalms="938.585">
  <response-info timems="0.020" idlems="0.020" threads="0" lastid="0000000000016F00" lastname="main" />
</exclusive-start>
<cycle-start id="4191" type="global" contextid="0" timestamp="2022-02-08T18:55:48.631" intervalms="2913.999" />
<concurrent-start id="4192" type="global mark" contextid="4191" timestamp="2022-02-08T18:55:48.631">
</concurrent-start>
<exclusive-end id="4193" timestamp="2022-02-08T18:55:48.631" durationms="0.027" />

<exclusive-start id="4194" timestamp="2022-02-08T18:55:48.720" intervalms="88.753">
  <response-info timems="0.016" idlems="0.016" threads="0" lastid="0000000000016F00" lastname="main" />
</exclusive-start>
<af-start id="4195" threadId="0000000000017908" totalBytesRequested="200" timestamp="2022-02-08T18:55:48.720" intervalms="1027.321" type="nursery" />
<cycle-start id="4196" type="scavenge" contextid="0" timestamp="2022-02-08T18:55:48.720" intervalms="1027.307" />
<gc-start id="4197" type="scavenge" contextid="4196" timestamp="2022-02-08T18:55:48.720">
  <mem-info id="4198" free="154739968" total="1073741824" percent="14">
    <mem type="nursery" free="0" total="268435456" percent="0">
      <mem type="allocate" free="0" total="183828480" percent="0" />
      <mem type="survivor" free="0" total="84606976" percent="0" />
    </mem>
    <mem type="tenure" free="154739968" total="805306368" percent="19">
      <mem type="soa" free="146686208" total="797252608" percent="18" />
      <mem type="loa" free="8053760" total="8053760" percent="100" />
    </mem>
    <remembered-set count="136" />
  </mem-info>
</gc-start>
<allocation-stats totalBytes="106623152" >
  <allocated-bytes non-tlh="2555336" tlh="104067816" />
  <largest-consumer threadName="main" threadId="0000000000016F00" bytes="106619056" />
</allocation-stats>
<gc-op id="4199" type="scavenge" timems="76.136" contextid="4196" timestamp="2022-02-08T18:55:48.796">
  <scavenger-info tenureage="1" tenuremask="7ffe" tiltratio="68" />
  <memory-copied type="nursery" objects="1418151" bytes="75289632" bytesdiscarded="110672" />
  <memory-copied type="tenure" objects="1359500" bytes="76279144" bytesdiscarded="42072" />
  <finalization candidates="92" enqueued="35" />
  <references type="soft" candidates="14" cleared="0" enqueued="0" dynamicThreshold="12" maxThreshold="32" />
  <references type="weak" candidates="1" cleared="0" enqueued="0" />
  <references type="phantom" candidates="77" cleared="7" enqueued="7" />
  <object-monitors candidates="2" cleared="0"  />
</gc-op>
<gc-end id="4200" type="scavenge" contextid="4196" durationms="76.364" usertimems="300.201" systemtimems="0.000" stalltimems="3.680" timestamp="2022-02-08T18:55:48.796" activeThreads="4">
  <mem-info id="4201" free="187113224" total="1073741824" percent="17">
    <mem type="nursery" free="108690192" total="268435456" percent="40">
      <mem type="allocate" free="108690192" total="184090624" percent="59" />
      <mem type="survivor" free="0" total="84344832" percent="0" />
    </mem>
    <mem type="tenure" free="78423032" total="805306368" percent="9" macro-fragmented="33282812">
      <mem type="soa" free="70369272" total="797252608" percent="8" />
      <mem type="loa" free="8053760" total="8053760" percent="100" />
    </mem>
    <pending-finalizers system="34" default="1" reference="7" classloader="0" />
    <remembered-set count="121" />
  </mem-info>
</gc-end>
<cycle-end id="4202" type="scavenge" contextid="4196" timestamp="2022-02-08T18:55:48.796" />
<allocation-satisfied id="4203" threadId="0000000000016F00" bytesRequested="200" />
<af-end id="4204" timestamp="2022-02-08T18:55:48.796" threadId="0000000000017908" success="true" from="nursery"/>
<exclusive-end id="4205" timestamp="2022-02-08T18:55:48.796" durationms="76.639" />

<concurrent-end id="4206" type="global mark" contextid="4191" timestamp="2022-02-08T18:55:48.957">
<gc-op id="4207" type="trace" timems="325.923" contextid="4191" timestamp="2022-02-08T18:55:48.957">
  <trace bytesTraced="74441684" workStackOverflowCount="0" />
  <card-cleaning reason="card cleaning threshold reached" bytesTraced="904" cardsCleaned="2" />
</gc-op>
</concurrent-end>

<exclusive-start id="4208" timestamp="2022-02-08T18:55:48.957" intervalms="237.238">
  <response-info timems="0.017" idlems="0.017" threads="0" lastid="0000000000016F00" lastname="main" />
</exclusive-start>
<concurrent-global-final id="4209" timestamp="2022-02-08T18:55:48.957" contextid="4191" intervalms="2901.065" >
  <concurrent-trace-info reason="card cleaning threshold reached" tracedByMutators="57243312" tracedByHelpers="17199276" cardsCleaned="2" workStackOverflowCount="0" />
</concurrent-global-final>
<gc-start id="4210" type="global" contextid="4191" timestamp="2022-02-08T18:55:48.957">
  <mem-info id="4211" free="177176128" total="1073741824" percent="16">
    <mem type="nursery" free="98753096" total="268435456" percent="36">
      <mem type="allocate" free="98753096" total="184090624" percent="53" />
      <mem type="survivor" free="0" total="84344832" percent="0" />
    </mem>
    <mem type="tenure" free="78423032" total="805306368" percent="9">
      <mem type="soa" free="70369272" total="797252608" percent="8" />
      <mem type="loa" free="8053760" total="8053760" percent="100" />
    </mem>
    <remembered-set count="122" />
  </mem-info>
</gc-start>
<allocation-stats totalBytes="9931504" >
  <allocated-bytes non-tlh="200" tlh="9931304" />
  <largest-consumer threadName="main" threadId="0000000000016F00" bytes="9923312" />
</allocation-stats>
<gc-op id="4212" type="rs-scan" timems="126.962" contextid="4191" timestamp="2022-02-08T18:55:49.084">
  <scan objectsFound="3324744" bytesTraced="71015600" workStackOverflowCount="0" />
</gc-op>
<gc-op id="4213" type="card-cleaning" timems="0.273" contextid="4191" timestamp="2022-02-08T18:55:49.084">
  <card-cleaning cardsCleaned="4" bytesTraced="1836" workStackOverflowCount="0" />
</gc-op>
<gc-op id="4214" type="mark" timems="40.099" contextid="4191" timestamp="2022-02-08T18:55:49.124">
  <trace-info objectcount="1319453" scancount="991116" scanbytes="21211528" />
  <finalization candidates="428" enqueued="57" />
  <ownableSynchronizers candidates="1" cleared="0" />
  <references type="soft" candidates="894" cleared="0" enqueued="0" dynamicThreshold="12" maxThreshold="32" />
  <references type="weak" candidates="1701" cleared="0" enqueued="0" />
  <references type="phantom" candidates="52" cleared="2" enqueued="2" />
  <stringconstants candidates="6470" cleared="0"  />
  <object-monitors candidates="2" cleared="0"  />
</gc-op>
<gc-op id="4215" type="sweep" timems="4.755" contextid="4191" timestamp="2022-02-08T18:55:49.129" />
<gc-end id="4216" type="global" contextid="4191" durationms="172.327" usertimems="186.997" systemtimems="0.000" stalltimems="119.986" timestamp="2022-02-08T18:55:49.129" activeThreads="4">
  <mem-info id="4217" free="420600224" total="1073741824" percent="39">
    <mem type="nursery" free="99279048" total="268435456" percent="36">
      <mem type="allocate" free="99279048" total="184090624" percent="53" />
      <mem type="survivor" free="0" total="84344832" percent="0" />
    </mem>
    <mem type="tenure" free="321321176" total="805306368" percent="39" micro-fragmented="324398" macro-fragmented="0">
      <mem type="soa" free="313267416" total="797252608" percent="39" />
      <mem type="loa" free="8053760" total="8053760" percent="100" />
    </mem>
    <pending-finalizers system="57" default="0" reference="2" classloader="0" />
    <remembered-set count="109" />
  </mem-info>
</gc-end>
<cycle-end id="4218" type="global" contextid="4191" timestamp="2022-02-08T18:55:49.129" />
<exclusive-end id="4219" timestamp="2022-02-08T18:55:49.129" durationms="172.601" />

<exclusive-start id="4220" timestamp="2022-02-08T18:55:49.796" intervalms="838.725">
  <response-info timems="0.019" idlems="0.019" threads="0" lastid="0000000000016F00" lastname="main" />
</exclusive-start>
<af-start id="4221" threadId="0000000000017908" totalBytesRequested="112" timestamp="2022-02-08T18:55:49.796" intervalms="1075.976" type="nursery" />
<cycle-start id="4222" type="scavenge" contextid="0" timestamp="2022-02-08T18:55:49.796" intervalms="1075.976" />
<gc-start id="4223" type="scavenge" contextid="4222" timestamp="2022-02-08T18:55:49.796">
  <mem-info id="4224" free="321321176" total="1073741824" percent="29">
    <mem type="nursery" free="0" total="268435456" percent="0">
      <mem type="allocate" free="0" total="184090624" percent="0" />
      <mem type="survivor" free="0" total="84344832" percent="0" />
    </mem>
    <mem type="tenure" free="321321176" total="805306368" percent="39">
      <mem type="soa" free="313267416" total="797252608" percent="39" />
      <mem type="loa" free="8053760" total="8053760" percent="100" />
    </mem>
    <remembered-set count="110" />
  </mem-info>
</gc-start>
<allocation-stats totalBytes="99233904" >
  <allocated-bytes non-tlh="0" tlh="99233904" />
  <largest-consumer threadName="main" threadId="0000000000016F00" bytes="99229808" />
</allocation-stats>
<gc-op id="4225" type="scavenge" timems="76.348" contextid="4222" timestamp="2022-02-08T18:55:49.872">
  <scavenger-info tenureage="1" tenuremask="7ffe" tiltratio="68" />
  <memory-copied type="nursery" objects="1407810" bytes="77659544" bytesdiscarded="120184" />
  <memory-copied type="tenure" objects="1417669" bytes="74977776" bytesdiscarded="40912" />
  <finalization candidates="45" enqueued="0" />
  <ownableSynchronizers candidates="2" cleared="2" />
  <object-monitors candidates="2" cleared="0"  />
</gc-op>
<gc-end id="4226" type="scavenge" contextid="4222" durationms="76.581" usertimems="302.043" systemtimems="0.000" stalltimems="2.819" timestamp="2022-02-08T18:55:49.872" activeThreads="4">
  <mem-info id="4227" free="350693488" total="1073741824" percent="32">
    <mem type="nursery" free="104606960" total="268435456" percent="38">
      <mem type="allocate" free="104606960" total="182386688" percent="57" />
      <mem type="survivor" free="0" total="86048768" percent="0" />
    </mem>
    <mem type="tenure" free="246086528" total="805306368" percent="30" macro-fragmented="0">
      <mem type="soa" free="238032768" total="797252608" percent="29" />
      <mem type="loa" free="8053760" total="8053760" percent="100" />
    </mem>
    <remembered-set count="104" />
  </mem-info>
</gc-end>
<cycle-end id="4228" type="scavenge" contextid="4222" timestamp="2022-02-08T18:55:49.872" />
<allocation-satisfied id="4229" threadId="0000000000016F00" bytesRequested="112" />
<af-end id="4230" timestamp="2022-02-08T18:55:49.872" threadId="0000000000017908" success="true" from="nursery"/>
<exclusive-end id="4231" timestamp="2022-02-08T18:55:49.872" durationms="76.875" />

<exclusive-start id="4232" timestamp="2022-02-08T18:55:50.526" intervalms="730.058">
  <response-info timems="0.018" idlems="0.018" threads="0" lastid="0000000000016F00" lastname="main" />
</exclusive-start>
<af-start id="4233" threadId="0000000000017908" totalBytesRequested="184" timestamp="2022-02-08T18:55:50.526" intervalms="730.044" type="nursery" />
<cycle-start id="4234" type="scavenge" contextid="0" timestamp="2022-02-08T18:55:50.526" intervalms="730.044" />
<gc-start id="4235" type="scavenge" contextid="4234" timestamp="2022-02-08T18:55:50.526">
  <mem-info id="4236" free="246086528" total="1073741824" percent="22">
    <mem type="nursery" free="0" total="268435456" percent="0">
      <mem type="allocate" free="0" total="182386688" percent="0" />
      <mem type="survivor" free="0" total="86048768" percent="0" />
    </mem>
    <mem type="tenure" free="246086528" total="805306368" percent="30">
      <mem type="soa" free="238032768" total="797252608" percent="29" />
      <mem type="loa" free="8053760" total="8053760" percent="100" />
    </mem>
    <remembered-set count="104" />
  </mem-info>
</gc-start>
<allocation-stats totalBytes="104557000" >
  <allocated-bytes non-tlh="112" tlh="104556888" />
  <largest-consumer threadName="main" threadId="0000000000016F00" bytes="104557000" />
</allocation-stats>
<gc-op id="4237" type="scavenge" timems="73.648" contextid="4234" timestamp="2022-02-08T18:55:50.599">
  <scavenger-info tenureage="1" tenuremask="7ffe" tiltratio="67" />
  <memory-copied type="nursery" objects="1305685" bytes="74340872" bytesdiscarded="105608" />
  <memory-copied type="tenure" objects="1407810" bytes="77659544" bytesdiscarded="43920" />
  <object-monitors candidates="2" cleared="0"  />
</gc-op>
<gc-end id="4238" type="scavenge" contextid="4234" durationms="73.886" usertimems="290.861" systemtimems="0.048" stalltimems="3.012" timestamp="2022-02-08T18:55:50.600" activeThreads="4">
  <mem-info id="4239" free="276684464" total="1073741824" percent="25">
    <mem type="nursery" free="108398960" total="268435456" percent="40">
      <mem type="allocate" free="108398960" total="182845440" percent="59" />
      <mem type="survivor" free="0" total="85590016" percent="0" />
    </mem>
    <mem type="tenure" free="168285504" total="805306368" percent="20" macro-fragmented="0">
      <mem type="soa" free="160231744" total="797252608" percent="20" />
      <mem type="loa" free="8053760" total="8053760" percent="100" />
    </mem>
    <remembered-set count="104" />
  </mem-info>
</gc-end>
<cycle-end id="4240" type="scavenge" contextid="4234" timestamp="2022-02-08T18:55:50.600" />
<allocation-satisfied id="4241" threadId="0000000000016F00" bytesRequested="184" />
<af-end id="4242" timestamp="2022-02-08T18:55:50.600" threadId="0000000000017908" success="true" from="nursery"/>
<exclusive-end id="4243" timestamp="2022-02-08T18:55:50.600" durationms="74.167" />

<exclusive-start id="4244" timestamp="2022-02-08T18:55:51.467" intervalms="941.250">
  <response-info timems="0.018" idlems="0.018" threads="0" lastid="0000000000016F00" lastname="main" />
</exclusive-start>
<af-start id="4245" threadId="0000000000017908" totalBytesRequested="128" timestamp="2022-02-08T18:55:51.467" intervalms="941.252" type="nursery" />
<cycle-start id="4246" type="scavenge" contextid="0" timestamp="2022-02-08T18:55:51.467" intervalms="941.251" />
<gc-start id="4247" type="scavenge" contextid="4246" timestamp="2022-02-08T18:55:51.467">
  <mem-info id="4248" free="168285504" total="1073741824" percent="15">
    <mem type="nursery" free="0" total="268435456" percent="0">
      <mem type="allocate" free="0" total="182845440" percent="0" />
      <mem type="survivor" free="0" total="85590016" percent="0" />
    </mem>
    <mem type="tenure" free="168285504" total="805306368" percent="20">
      <mem type="soa" free="160231744" total="797252608" percent="20" />
      <mem type="loa" free="8053760" total="8053760" percent="100" />
    </mem>
    <remembered-set count="134" />
  </mem-info>
</gc-start>
<allocation-stats totalBytes="108353016" >
  <allocated-bytes non-tlh="2938432" tlh="105414584" />
  <largest-consumer threadName="main" threadId="0000000000016F00" bytes="108353016" />
</allocation-stats>
<gc-op id="4249" type="scavenge" timems="76.296" contextid="4246" timestamp="2022-02-08T18:55:51.543">
  <scavenger-info tenureage="1" tenuremask="7ffe" tiltratio="68" />
  <memory-copied type="nursery" objects="1460583" bytes="76206304" bytesdiscarded="235448" />
  <memory-copied type="tenure" objects="1305684" bytes="74340768" bytesdiscarded="41504" />
  <finalization candidates="110" enqueued="53" />
  <references type="soft" candidates="14" cleared="0" enqueued="0" dynamicThreshold="12" maxThreshold="32" />
  <references type="weak" candidates="1" cleared="0" enqueued="0" />
  <references type="phantom" candidates="95" cleared="7" enqueued="7" />
  <object-monitors candidates="2" cleared="0"  />
</gc-op>
<gc-end id="4250" type="scavenge" contextid="4246" durationms="76.487" usertimems="301.674" systemtimems="0.000" stalltimems="2.741" timestamp="2022-02-08T18:55:51.543" activeThreads="4">
  <mem-info id="4251" free="200613208" total="1073741824" percent="18">
    <mem type="nursery" free="106665704" total="268435456" percent="39">
      <mem type="allocate" free="106665704" total="183107584" percent="58" />
      <mem type="survivor" free="0" total="85327872" percent="0" />
    </mem>
    <mem type="tenure" free="93947504" total="805306368" percent="11" macro-fragmented="82818304">
      <mem type="soa" free="85893744" total="797252608" percent="10" />
      <mem type="loa" free="8053760" total="8053760" percent="100" />
    </mem>
    <pending-finalizers system="52" default="1" reference="7" classloader="0" />
    <remembered-set count="129" />
  </mem-info>
</gc-end>
<cycle-end id="4252" type="scavenge" contextid="4246" timestamp="2022-02-08T18:55:51.544" />
<allocation-satisfied id="4253" threadId="0000000000016F00" bytesRequested="128" />
<af-end id="4254" timestamp="2022-02-08T18:55:51.544" threadId="0000000000017908" success="true" from="nursery"/>
<exclusive-end id="4255" timestamp="2022-02-08T18:55:51.544" durationms="76.732" />

<concurrent-kickoff id="4256" timestamp="2022-02-08T18:55:52.220">
  <kickoff reason="threshold reached" targetBytes="74441803" thresholdFreeBytes="5764015"  remainingFree="5740264" tenureFreeBytes="93947504" nurseryFreeBytes="5740264" />
</concurrent-kickoff>
<exclusive-start id="4257" timestamp="2022-02-08T18:55:52.224" intervalms="756.616">
  <response-info timems="0.018" idlems="0.018" threads="0" lastid="0000000000016F00" lastname="main" />
</exclusive-start>
<cycle-start id="4258" type="global" contextid="0" timestamp="2022-02-08T18:55:52.224" intervalms="3592.640" />
<concurrent-start id="4259" type="global mark" contextid="4258" timestamp="2022-02-08T18:55:52.224">
</concurrent-start>
<exclusive-end id="4260" timestamp="2022-02-08T18:55:52.224" durationms="0.028" />

<exclusive-start id="4261" timestamp="2022-02-08T18:55:52.349" intervalms="125.081">
  <response-info timems="0.027" idlems="0.027" threads="0" lastid="0000000000016F00" lastname="main" />
</exclusive-start>
<af-start id="4262" threadId="0000000000017908" totalBytesRequested="24" timestamp="2022-02-08T18:55:52.349" intervalms="881.696" type="nursery" />
<cycle-start id="4263" type="scavenge" contextid="0" timestamp="2022-02-08T18:55:52.349" intervalms="881.708" />
<gc-start id="4264" type="scavenge" contextid="4263" timestamp="2022-02-08T18:55:52.349">
  <mem-info id="4265" free="93947504" total="1073741824" percent="8">
    <mem type="nursery" free="0" total="268435456" percent="0">
      <mem type="allocate" free="0" total="183107584" percent="0" />
      <mem type="survivor" free="0" total="85327872" percent="0" />
    </mem>
    <mem type="tenure" free="93947504" total="805306368" percent="11">
      <mem type="soa" free="85893744" total="797252608" percent="10" />
      <mem type="loa" free="8053760" total="8053760" percent="100" />
    </mem>
    <remembered-set count="130" />
  </mem-info>
</gc-start>
<allocation-stats totalBytes="106615952" >
  <allocated-bytes non-tlh="128" tlh="106615824" />
  <largest-consumer threadName="main" threadId="0000000000016F00" bytes="106607760" />
</allocation-stats>
<gc-op id="4266" type="scavenge" timems="79.610" contextid="4263" timestamp="2022-02-08T18:55:52.428">
  <scavenger-info tenureage="1" tenuremask="7ffe" tiltratio="68" />
  <memory-copied type="nursery" objects="1366741" bytes="75924008" bytesdiscarded="261888" />
  <memory-copied type="tenure" objects="1459872" bytes="75738448" bytesdiscarded="35888" />
  <finalization candidates="57" enqueued="0" />
  <object-monitors candidates="2" cleared="0"  />
</gc-op>
<gc-end id="4267" type="scavenge" contextid="4263" durationms="79.795" usertimems="314.976" systemtimems="0.000" stalltimems="2.962" timestamp="2022-02-08T18:55:52.429" activeThreads="4">
  <mem-info id="4268" free="125798648" total="1073741824" percent="11">
    <mem type="nursery" free="107511512" total="268435456" percent="40">
      <mem type="allocate" free="107511512" total="183697408" percent="58" />
      <mem type="survivor" free="0" total="84738048" percent="0" />
    </mem>
    <mem type="tenure" free="18287136" total="805306368" percent="2" macro-fragmented="0">
      <mem type="soa" free="10233376" total="797252608" percent="1" />
      <mem type="loa" free="8053760" total="8053760" percent="100" />
    </mem>
    <remembered-set count="103" />
  </mem-info>
</gc-end>
<cycle-end id="4269" type="scavenge" contextid="4263" timestamp="2022-02-08T18:55:52.429" />
<allocation-satisfied id="4270" threadId="0000000000016F00" bytesRequested="24" />
<af-end id="4271" timestamp="2022-02-08T18:55:52.429" threadId="0000000000017908" success="true" from="nursery"/>
<exclusive-end id="4272" timestamp="2022-02-08T18:55:52.429" durationms="80.071" />

<concurrent-end id="4273" type="global mark" contextid="4258" timestamp="2022-02-08T18:55:52.557">
<gc-op id="4274" type="trace" timems="333.433" contextid="4258" timestamp="2022-02-08T18:55:52.557">
  <trace bytesTraced="74441924" workStackOverflowCount="0" />
  <card-cleaning reason="card cleaning threshold reached" bytesTraced="904" cardsCleaned="2" />
</gc-op>
</concurrent-end>

<exclusive-start id="4275" timestamp="2022-02-08T18:55:52.557" intervalms="208.418">
  <response-info timems="0.016" idlems="0.016" threads="0" lastid="0000000000016F00" lastname="main" />
</exclusive-start>
<concurrent-global-final id="4276" timestamp="2022-02-08T18:55:52.557" contextid="4258" intervalms="3600.148" >
  <concurrent-trace-info reason="card cleaning threshold reached" tracedByMutators="56815584" tracedByHelpers="17627244" cardsCleaned="2" workStackOverflowCount="0" />
</concurrent-global-final>
<gc-start id="4277" type="global" contextid="4258" timestamp="2022-02-08T18:55:52.557">
  <mem-info id="4278" free="118360288" total="1073741824" percent="11">
    <mem type="nursery" free="100073152" total="268435456" percent="37">
      <mem type="allocate" free="100073152" total="183697408" percent="54" />
      <mem type="survivor" free="0" total="84738048" percent="0" />
    </mem>
    <mem type="tenure" free="18287136" total="805306368" percent="2">
      <mem type="soa" free="10233376" total="797252608" percent="1" />
      <mem type="loa" free="8053760" total="8053760" percent="100" />
    </mem>
    <remembered-set count="103" />
  </mem-info>
</gc-start>
<allocation-stats totalBytes="7435408" >
  <allocated-bytes non-tlh="24" tlh="7435384" />
  <largest-consumer threadName="main" threadId="0000000000016F00" bytes="7435408" />
</allocation-stats>
<gc-op id="4279" type="rs-scan" timems="0.568" contextid="4258" timestamp="2022-02-08T18:55:52.558">
  <scan objectsFound="0" bytesTraced="3836" workStackOverflowCount="0" />
</gc-op>
<gc-op id="4280" type="card-cleaning" timems="152.998" contextid="4258" timestamp="2022-02-08T18:55:52.711">
  <card-cleaning cardsCleaned="10" bytesTraced="71014508" workStackOverflowCount="0" />
</gc-op>
<gc-op id="4281" type="mark" timems="66.072" contextid="4258" timestamp="2022-02-08T18:55:52.777">
  <trace-info objectcount="2409983" scancount="1809014" scanbytes="38660032" />
  <finalization candidates="428" enqueued="57" />
  <ownableSynchronizers candidates="1" cleared="0" />
  <references type="soft" candidates="894" cleared="0" enqueued="0" dynamicThreshold="12" maxThreshold="32" />
  <references type="weak" candidates="1701" cleared="0" enqueued="0" />
  <references type="phantom" candidates="52" cleared="2" enqueued="2" />
  <stringconstants candidates="6470" cleared="0"  />
  <object-monitors candidates="2" cleared="0"  />
</gc-op>
<gc-op id="4282" type="sweep" timems="4.977" contextid="4258" timestamp="2022-02-08T18:55:52.782" />
<gc-end id="4283" type="global" contextid="4258" durationms="224.858" usertimems="234.904" systemtimems="5.777" stalltimems="197.821" timestamp="2022-02-08T18:55:52.782" activeThreads="4">
  <mem-info id="4284" free="361604256" total="1073741824" percent="33">
    <mem type="nursery" free="100426968" total="268435456" percent="37">
      <mem type="allocate" free="100426968" total="183697408" percent="54" />
      <mem type="survivor" free="0" total="84738048" percent="0" />
    </mem>
    <mem type="tenure" free="261177288" total="805306368" percent="32" micro-fragmented="285498" macro-fragmented="0">
      <mem type="soa" free="253123528" total="797252608" percent="31" />
      <mem type="loa" free="8053760" total="8053760" percent="100" />
    </mem>
    <pending-finalizers system="57" default="0" reference="2" classloader="0" />
    <remembered-set count="103" />
  </mem-info>
</gc-end>
<cycle-end id="4285" type="global" contextid="4258" timestamp="2022-02-08T18:55:52.782" />
<exclusive-end id="4286" timestamp="2022-02-08T18:55:52.782" durationms="225.093" />

<exclusive-start id="4287" timestamp="2022-02-08T18:55:53.383" intervalms="825.658">
  <response-info timems="0.019" idlems="0.019" threads="0" lastid="0000000000016F00" lastname="main" />
</exclusive-start>
<af-start id="4288" threadId="0000000000017908" totalBytesRequested="184" timestamp="2022-02-08T18:55:53.383" intervalms="1034.076" type="nursery" />
<cycle-start id="4289" type="scavenge" contextid="0" timestamp="2022-02-08T18:55:53.383" intervalms="1034.064" />
<gc-start id="4290" type="scavenge" contextid="4289" timestamp="2022-02-08T18:55:53.383">
  <mem-info id="4291" free="261177288" total="1073741824" percent="24">
    <mem type="nursery" free="0" total="268435456" percent="0">
      <mem type="allocate" free="0" total="183697408" percent="0" />
      <mem type="survivor" free="0" total="84738048" percent="0" />
    </mem>
    <mem type="tenure" free="261177288" total="805306368" percent="32">
      <mem type="soa" free="253123528" total="797252608" percent="31" />
      <mem type="loa" free="8053760" total="8053760" percent="100" />
    </mem>
    <remembered-set count="106" />
  </mem-info>
</gc-start>
<allocation-stats totalBytes="100382264" >
  <allocated-bytes non-tlh="0" tlh="100382264" />
  <largest-consumer threadName="main" threadId="0000000000016F00" bytes="100378168" />
</allocation-stats>
<gc-op id="4292" type="scavenge" timems="75.368" contextid="4289" timestamp="2022-02-08T18:55:53.458">
  <scavenger-info tenureage="1" tenuremask="7ffe" tiltratio="68" />
  <memory-copied type="nursery" objects="1358250" bytes="76580056" bytesdiscarded="129520" />
  <memory-copied type="tenure" objects="1366741" bytes="75924008" bytesdiscarded="43296" />
  <ownableSynchronizers candidates="2" cleared="2" />
  <object-monitors candidates="2" cleared="0"  />
</gc-op>
<gc-end id="4293" type="scavenge" contextid="4289" durationms="75.558" usertimems="298.278" systemtimems="0.000" stalltimems="2.197" timestamp="2022-02-08T18:55:53.458" activeThreads="4">
  <mem-info id="4294" free="292885344" total="1073741824" percent="27">
    <mem type="nursery" free="108036408" total="268435456" percent="40">
      <mem type="allocate" free="108036408" total="184745984" percent="58" />
      <mem type="survivor" free="0" total="83689472" percent="0" />
    </mem>
    <mem type="tenure" free="184848936" total="805306368" percent="22" macro-fragmented="418667">
      <mem type="soa" free="176795176" total="797252608" percent="22" />
      <mem type="loa" free="8053760" total="8053760" percent="100" />
    </mem>
    <remembered-set count="104" />
  </mem-info>
</gc-end>
<cycle-end id="4295" type="scavenge" contextid="4289" timestamp="2022-02-08T18:55:53.459" />
<allocation-satisfied id="4296" threadId="0000000000016F00" bytesRequested="184" />
<af-end id="4297" timestamp="2022-02-08T18:55:53.459" threadId="0000000000017908" success="true" from="nursery"/>
<exclusive-end id="4298" timestamp="2022-02-08T18:55:53.459" durationms="75.913" />

<exclusive-start id="4299" timestamp="2022-02-08T18:55:54.311" intervalms="928.106">
  <response-info timems="0.019" idlems="0.019" threads="0" lastid="0000000000016F00" lastname="main" />
</exclusive-start>
<af-start id="4300" threadId="0000000000017908" totalBytesRequested="1347680" timestamp="2022-02-08T18:55:54.311" intervalms="928.507" type="nursery" />
<cycle-start id="4301" type="scavenge" contextid="0" timestamp="2022-02-08T18:55:54.311" intervalms="928.710" />
<gc-start id="4302" type="scavenge" contextid="4301" timestamp="2022-02-08T18:55:54.312">
  <mem-info id="4303" free="186061664" total="1073741824" percent="17">
    <mem type="nursery" free="1212728" total="268435456" percent="0">
      <mem type="allocate" free="1212728" total="184745984" percent="0" />
      <mem type="survivor" free="0" total="83689472" percent="0" />
    </mem>
    <mem type="tenure" free="184848936" total="805306368" percent="22">
      <mem type="soa" free="176795176" total="797252608" percent="22" />
      <mem type="loa" free="8053760" total="8053760" percent="100" />
    </mem>
    <remembered-set count="135" />
  </mem-info>
</gc-start>
<allocation-stats totalBytes="106774320" >
  <allocated-bytes non-tlh="1661328" tlh="105112992" />
  <largest-consumer threadName="main" threadId="0000000000016F00" bytes="106774320" />
</allocation-stats>
<gc-op id="4304" type="scavenge" timems="81.069" contextid="4301" timestamp="2022-02-08T18:55:54.393">
  <scavenger-info tenureage="1" tenuremask="7ffe" tiltratio="68" />
  <memory-copied type="nursery" objects="1433819" bytes="74540000" bytesdiscarded="184048" />
  <memory-copied type="tenure" objects="1358249" bytes="76579952" bytesdiscarded="41720" />
  <finalization candidates="110" enqueued="53" />
  <references type="soft" candidates="14" cleared="0" enqueued="0" dynamicThreshold="10" maxThreshold="32" />
  <references type="weak" candidates="1" cleared="0" enqueued="0" />
  <references type="phantom" candidates="95" cleared="7" enqueued="7" />
  <object-monitors candidates="2" cleared="0"  />
</gc-op>
<gc-end id="4305" type="scavenge" contextid="4301" durationms="81.258" usertimems="319.381" systemtimems="1.314" stalltimems="2.874" timestamp="2022-02-08T18:55:54.393" activeThreads="4">
  <mem-info id="4306" free="218649368" total="1073741824" percent="20">
    <mem type="nursery" free="110218416" total="268435456" percent="41">
      <mem type="allocate" free="110218416" total="184942592" percent="59" />
      <mem type="survivor" free="0" total="83492864" percent="0" />
    </mem>
    <mem type="tenure" free="108430952" total="805306368" percent="13" macro-fragmented="0">
      <mem type="soa" free="100377192" total="797252608" percent="12" />
      <mem type="loa" free="8053760" total="8053760" percent="100" />
    </mem>
    <pending-finalizers system="52" default="1" reference="7" classloader="0" />
    <remembered-set count="132" />
  </mem-info>
</gc-end>
<cycle-end id="4307" type="scavenge" contextid="4301" timestamp="2022-02-08T18:55:54.393" />
<allocation-satisfied id="4308" threadId="0000000000016F00" bytesRequested="1347680" />
<af-end id="4309" timestamp="2022-02-08T18:55:54.393" threadId="0000000000017908" success="true" from="nursery"/>
<exclusive-end id="4310" timestamp="2022-02-08T18:55:54.393" durationms="82.253" />

<concurrent-kickoff id="4311" timestamp="2022-02-08T18:55:55.083">
  <kickoff reason="threshold reached" targetBytes="74442005" thresholdFreeBytes="5760715"  remainingFree="5741648" tenureFreeBytes="108430952" nurseryFreeBytes="5741648" />
</concurrent-kickoff>
<exclusive-start id="4312" timestamp="2022-02-08T18:55:55.086" intervalms="775.443">
  <response-info timems="0.019" idlems="0.019" threads="0" lastid="0000000000016F00" lastname="main" />
</exclusive-start>
<cycle-start id="4313" type="global" contextid="0" timestamp="2022-02-08T18:55:55.086" intervalms="2862.703" />
<concurrent-start id="4314" type="global mark" contextid="4313" timestamp="2022-02-08T18:55:55.086">
</concurrent-start>
<exclusive-end id="4315" timestamp="2022-02-08T18:55:55.086" durationms="0.025" />

<exclusive-start id="4316" timestamp="2022-02-08T18:55:55.211" intervalms="124.431">
  <response-info timems="0.028" idlems="0.028" threads="0" lastid="0000000000016F00" lastname="main" />
</exclusive-start>
<af-start id="4317" threadId="0000000000017908" totalBytesRequested="184" timestamp="2022-02-08T18:55:55.211" intervalms="899.483" type="nursery" />
<cycle-start id="4318" type="scavenge" contextid="0" timestamp="2022-02-08T18:55:55.211" intervalms="899.279" />
<gc-start id="4319" type="scavenge" contextid="4318" timestamp="2022-02-08T18:55:55.211">
  <mem-info id="4320" free="108430952" total="1073741824" percent="10">
    <mem type="nursery" free="0" total="268435456" percent="0">
      <mem type="allocate" free="0" total="184942592" percent="0" />
      <mem type="survivor" free="0" total="83492864" percent="0" />
    </mem>
    <mem type="tenure" free="108430952" total="805306368" percent="13">
      <mem type="soa" free="100377192" total="797252608" percent="12" />
      <mem type="loa" free="8053760" total="8053760" percent="100" />
    </mem>
    <remembered-set count="133" />
  </mem-info>
</gc-start>
<allocation-stats totalBytes="110166872" >
  <allocated-bytes non-tlh="1347680" tlh="108819192" />
  <largest-consumer threadName="main" threadId="0000000000016F00" bytes="110158680" />
</allocation-stats>
<gc-op id="4321" type="scavenge" timems="83.007" contextid="4318" timestamp="2022-02-08T18:55:55.294">
  <scavenger-info tenureage="1" tenuremask="7ffe" tiltratio="68" />
  <memory-copied type="nursery" objects="1400226" bytes="78863384" bytesdiscarded="241240" />
  <memory-copied type="tenure" objects="1433108" bytes="74072144" bytesdiscarded="38976" />
  <finalization candidates="57" enqueued="0" />
  <object-monitors candidates="2" cleared="0"  />
</gc-op>
<gc-end id="4322" type="scavenge" contextid="4318" durationms="83.229" usertimems="327.675" systemtimems="0.133" stalltimems="2.485" timestamp="2022-02-08T18:55:55.294" activeThreads="4">
  <mem-info id="4323" free="135094144" total="1073741824" percent="12">
    <mem type="nursery" free="100726160" total="268435456" percent="37">
      <mem type="allocate" free="100726160" total="179830784" percent="56" />
      <mem type="survivor" free="0" total="88604672" percent="0" />
    </mem>
    <mem type="tenure" free="34367984" total="805306368" percent="4" macro-fragmented="0">
      <mem type="soa" free="26314224" total="797252608" percent="3" />
      <mem type="loa" free="8053760" total="8053760" percent="100" />
    </mem>
    <remembered-set count="99" />
  </mem-info>
</gc-end>
<cycle-end id="4324" type="scavenge" contextid="4318" timestamp="2022-02-08T18:55:55.294" />
<allocation-satisfied id="4325" threadId="0000000000016F00" bytesRequested="184" />
<af-end id="4326" timestamp="2022-02-08T18:55:55.294" threadId="0000000000017908" success="true" from="nursery"/>
<exclusive-end id="4327" timestamp="2022-02-08T18:55:55.294" durationms="83.519" />

<concurrent-end id="4328" type="global mark" contextid="4313" timestamp="2022-02-08T18:55:55.432">
<gc-op id="4329" type="trace" timems="345.490" contextid="4313" timestamp="2022-02-08T18:55:55.432">
  <trace bytesTraced="74442132" workStackOverflowCount="0" />
  <card-cleaning reason="card cleaning threshold reached" bytesTraced="904" cardsCleaned="2" />
</gc-op>
</concurrent-end>

<exclusive-start id="4330" timestamp="2022-02-08T18:55:55.432" intervalms="221.128">
  <response-info timems="0.021" idlems="0.021" threads="0" lastid="0000000000016F00" lastname="main" />
</exclusive-start>
<concurrent-global-final id="4331" timestamp="2022-02-08T18:55:55.432" contextid="4313" intervalms="2874.767" >
  <concurrent-trace-info reason="card cleaning threshold reached" tracedByMutators="58868200" tracedByHelpers="15574836" cardsCleaned="2" workStackOverflowCount="0" />
</concurrent-global-final>
<gc-start id="4332" type="global" contextid="4313" timestamp="2022-02-08T18:55:55.432">
  <mem-info id="4333" free="125820616" total="1073741824" percent="11">
    <mem type="nursery" free="91452632" total="268435456" percent="34">
      <mem type="allocate" free="91452632" total="179830784" percent="50" />
      <mem type="survivor" free="0" total="88604672" percent="0" />
    </mem>
    <mem type="tenure" free="34367984" total="805306368" percent="4">
      <mem type="soa" free="26314224" total="797252608" percent="3" />
      <mem type="loa" free="8053760" total="8053760" percent="100" />
    </mem>
    <remembered-set count="99" />
  </mem-info>
</gc-start>
<allocation-stats totalBytes="9269288" >
  <allocated-bytes non-tlh="184" tlh="9269104" />
  <largest-consumer threadName="main" threadId="0000000000016F00" bytes="9269288" />
</allocation-stats>
<gc-op id="4334" type="rs-scan" timems="0.581" contextid="4313" timestamp="2022-02-08T18:55:55.432">
  <scan objectsFound="0" bytesTraced="3836" workStackOverflowCount="0" />
</gc-op>
<gc-op id="4335" type="card-cleaning" timems="158.342" contextid="4313" timestamp="2022-02-08T18:55:55.591">
  <card-cleaning cardsCleaned="11" bytesTraced="71014620" workStackOverflowCount="0" />
</gc-op>
<gc-op id="4336" type="mark" timems="59.160" contextid="4313" timestamp="2022-02-08T18:55:55.650">
  <trace-info objectcount="2197135" scancount="1649379" scanbytes="35254440" />
  <finalization candidates="428" enqueued="57" />
  <ownableSynchronizers candidates="1" cleared="0" />
  <references type="soft" candidates="894" cleared="0" enqueued="0" dynamicThreshold="10" maxThreshold="32" />
  <references type="weak" candidates="1701" cleared="0" enqueued="0" />
  <references type="phantom" candidates="52" cleared="2" enqueued="2" />
  <stringconstants candidates="6470" cleared="0"  />
  <object-monitors candidates="2" cleared="0"  />
</gc-op>
<gc-op id="4337" type="sweep" timems="5.017" contextid="4313" timestamp="2022-02-08T18:55:55.655" />
<gc-end id="4338" type="global" contextid="4313" durationms="223.418" usertimems="238.811" systemtimems="0.117" stalltimems="177.341" timestamp="2022-02-08T18:55:55.655" activeThreads="4">
  <mem-info id="4339" free="369008576" total="1073741824" percent="34">
    <mem type="nursery" free="91784248" total="268435456" percent="34">
      <mem type="allocate" free="91784248" total="179830784" percent="51" />
      <mem type="survivor" free="0" total="88604672" percent="0" />
    </mem>
    <mem type="tenure" free="277224328" total="805306368" percent="34" micro-fragmented="410854" macro-fragmented="0">
      <mem type="soa" free="269170568" total="797252608" percent="33" />
      <mem type="loa" free="8053760" total="8053760" percent="100" />
    </mem>
    <pending-finalizers system="57" default="0" reference="2" classloader="0" />
    <remembered-set count="99" />
  </mem-info>
</gc-end>
<cycle-end id="4340" type="global" contextid="4313" timestamp="2022-02-08T18:55:55.655" />
<exclusive-end id="4341" timestamp="2022-02-08T18:55:55.655" durationms="223.658" />

<exclusive-start id="4342" timestamp="2022-02-08T18:55:56.297" intervalms="864.845">
  <response-info timems="0.034" idlems="0.034" threads="0" lastid="0000000000016F00" lastname="main" />
</exclusive-start>
<af-start id="4343" threadId="0000000000017908" totalBytesRequested="24" timestamp="2022-02-08T18:55:56.297" intervalms="1085.967" type="nursery" />
<cycle-start id="4344" type="scavenge" contextid="0" timestamp="2022-02-08T18:55:56.297" intervalms="1085.970" />
<gc-start id="4345" type="scavenge" contextid="4344" timestamp="2022-02-08T18:55:56.297">
  <mem-info id="4346" free="277224328" total="1073741824" percent="25">
    <mem type="nursery" free="0" total="268435456" percent="0">
      <mem type="allocate" free="0" total="179830784" percent="0" />
      <mem type="survivor" free="0" total="88604672" percent="0" />
    </mem>
    <mem type="tenure" free="277224328" total="805306368" percent="34">
      <mem type="soa" free="269170568" total="797252608" percent="33" />
      <mem type="loa" free="8053760" total="8053760" percent="100" />
    </mem>
    <remembered-set count="102" />
  </mem-info>
</gc-start>
<allocation-stats totalBytes="91742744" >
  <allocated-bytes non-tlh="0" tlh="91742744" />
  <largest-consumer threadName="main" threadId="0000000000016F00" bytes="91738648" />
</allocation-stats>
<gc-op id="4347" type="scavenge" timems="85.301" contextid="4344" timestamp="2022-02-08T18:55:56.382">
  <scavenger-info tenureage="1" tenuremask="7ffe" tiltratio="66" />
  <memory-copied type="nursery" objects="1270035" bytes="71738424" bytesdiscarded="137184" />
  <memory-copied type="tenure" objects="1400225" bytes="78863280" bytesdiscarded="43608" />
  <ownableSynchronizers candidates="2" cleared="2" />
  <object-monitors candidates="2" cleared="0"  />
</gc-op>
<gc-end id="4348" type="scavenge" contextid="4344" durationms="85.481" usertimems="337.419" systemtimems="0.000" stalltimems="3.070" timestamp="2022-02-08T18:55:56.382" activeThreads="4">
  <mem-info id="4349" free="306723984" total="1073741824" percent="28">
    <mem type="nursery" free="108610536" total="268435456" percent="40">
      <mem type="allocate" free="108610536" total="180486144" percent="60" />
      <mem type="survivor" free="0" total="87949312" percent="0" />
    </mem>
    <mem type="tenure" free="198113448" total="805306368" percent="24" macro-fragmented="0">
      <mem type="soa" free="190059688" total="797252608" percent="23" />
      <mem type="loa" free="8053760" total="8053760" percent="100" />
    </mem>
    <remembered-set count="105" />
  </mem-info>
</gc-end>
<cycle-end id="4350" type="scavenge" contextid="4344" timestamp="2022-02-08T18:55:56.382" />
<allocation-satisfied id="4351" threadId="0000000000016F00" bytesRequested="24" />
<af-end id="4352" timestamp="2022-02-08T18:55:56.382" threadId="0000000000017908" success="true" from="nursery"/>
<exclusive-end id="4353" timestamp="2022-02-08T18:55:56.382" durationms="85.776" />

<exclusive-start id="4354" timestamp="2022-02-08T18:55:57.284" intervalms="987.059">
  <response-info timems="0.028" idlems="0.028" threads="0" lastid="0000000000016F00" lastname="main" />
</exclusive-start>
<af-start id="4355" threadId="0000000000017908" totalBytesRequested="104" timestamp="2022-02-08T18:55:57.284" intervalms="987.059" type="nursery" />
<cycle-start id="4356" type="scavenge" contextid="0" timestamp="2022-02-08T18:55:57.284" intervalms="987.075" />
<gc-start id="4357" type="scavenge" contextid="4356" timestamp="2022-02-08T18:55:57.284">
  <mem-info id="4358" free="198113448" total="1073741824" percent="18">
    <mem type="nursery" free="0" total="268435456" percent="0">
      <mem type="allocate" free="0" total="180486144" percent="0" />
      <mem type="survivor" free="0" total="87949312" percent="0" />
    </mem>
    <mem type="tenure" free="198113448" total="805306368" percent="24">
      <mem type="soa" free="190059688" total="797252608" percent="23" />
      <mem type="loa" free="8053760" total="8053760" percent="100" />
    </mem>
    <remembered-set count="136" />
  </mem-info>
</gc-start>
<allocation-stats totalBytes="108565928" >
  <allocated-bytes non-tlh="1661168" tlh="106904760" />
  <largest-consumer threadName="main" threadId="0000000000016F00" bytes="108565928" />
</allocation-stats>
<gc-op id="4359" type="scavenge" timems="80.427" contextid="4356" timestamp="2022-02-08T18:55:57.364">
  <scavenger-info tenureage="1" tenuremask="7ffe" tiltratio="67" />
  <memory-copied type="nursery" objects="1491690" bytes="76454808" bytesdiscarded="83632" />
  <memory-copied type="tenure" objects="1270035" bytes="71738424" bytesdiscarded="34664" />
  <finalization candidates="109" enqueued="53" />
  <references type="soft" candidates="14" cleared="0" enqueued="0" dynamicThreshold="11" maxThreshold="32" />
  <references type="weak" candidates="1" cleared="0" enqueued="0" />
  <references type="phantom" candidates="94" cleared="7" enqueued="7" />
  <object-monitors candidates="2" cleared="0"  />
</gc-op>
<gc-end id="4360" type="scavenge" contextid="4356" durationms="80.598" usertimems="317.694" systemtimems="0.000" stalltimems="3.052" timestamp="2022-02-08T18:55:57.364" activeThreads="4">
  <mem-info id="4361" free="230303824" total="1073741824" percent="21">
    <mem type="nursery" free="104013112" total="268435456" percent="38">
      <mem type="allocate" free="104013112" total="180551680" percent="57" />
      <mem type="survivor" free="0" total="87883776" percent="0" />
    </mem>
    <mem type="tenure" free="126290712" total="805306368" percent="15" macro-fragmented="0">
      <mem type="soa" free="118236952" total="797252608" percent="14" />
      <mem type="loa" free="8053760" total="8053760" percent="100" />
    </mem>
    <pending-finalizers system="52" default="1" reference="7" classloader="0" />
    <remembered-set count="131" />
  </mem-info>
</gc-end>
<cycle-end id="4362" type="scavenge" contextid="4356" timestamp="2022-02-08T18:55:57.365" />
<allocation-satisfied id="4363" threadId="0000000000016F00" bytesRequested="104" />
<af-end id="4364" timestamp="2022-02-08T18:55:57.365" threadId="0000000000017908" success="true" from="nursery"/>
<exclusive-end id="4365" timestamp="2022-02-08T18:55:57.365" durationms="80.878" />

<concurrent-kickoff id="4366" timestamp="2022-02-08T18:55:58.026">
  <kickoff reason="threshold reached" targetBytes="74442214" thresholdFreeBytes="5758084"  remainingFree="5643576" tenureFreeBytes="126290712" nurseryFreeBytes="5643576" />
</concurrent-kickoff>
<exclusive-start id="4367" timestamp="2022-02-08T18:55:58.029" intervalms="745.333">
  <response-info timems="0.021" idlems="0.021" threads="0" lastid="0000000000016F00" lastname="main" />
</exclusive-start>
<cycle-start id="4368" type="global" contextid="0" timestamp="2022-02-08T18:55:58.029" intervalms="2942.798" />
<concurrent-start id="4369" type="global mark" contextid="4368" timestamp="2022-02-08T18:55:58.029">
</concurrent-start>
<exclusive-end id="4370" timestamp="2022-02-08T18:55:58.029" durationms="0.027" />

<exclusive-start id="4371" timestamp="2022-02-08T18:55:58.154" intervalms="125.409">
  <response-info timems="0.036" idlems="0.036" threads="0" lastid="0000000000016F00" lastname="main" />
</exclusive-start>
<af-start id="4372" threadId="0000000000017908" totalBytesRequested="200" timestamp="2022-02-08T18:55:58.154" intervalms="870.749" type="nursery" />
<cycle-start id="4373" type="scavenge" contextid="0" timestamp="2022-02-08T18:55:58.155" intervalms="870.733" />
<gc-start id="4374" type="scavenge" contextid="4373" timestamp="2022-02-08T18:55:58.155">
  <mem-info id="4375" free="126290712" total="1073741824" percent="11">
    <mem type="nursery" free="0" total="268435456" percent="0">
      <mem type="allocate" free="0" total="180551680" percent="0" />
      <mem type="survivor" free="0" total="87883776" percent="0" />
    </mem>
    <mem type="tenure" free="126290712" total="805306368" percent="15">
      <mem type="soa" free="118236952" total="797252608" percent="14" />
      <mem type="loa" free="8053760" total="8053760" percent="100" />
    </mem>
    <remembered-set count="132" />
  </mem-info>
</gc-start>
<allocation-stats totalBytes="103965488" >
  <allocated-bytes non-tlh="1347784" tlh="102617704" />
  <largest-consumer threadName="main" threadId="0000000000016F00" bytes="103957296" />
</allocation-stats>
<gc-op id="4376" type="scavenge" timems="77.653" contextid="4373" timestamp="2022-02-08T18:55:58.232">
  <scavenger-info tenureage="1" tenuremask="7ffe" tiltratio="67" />
  <memory-copied type="nursery" objects="1303674" bytes="74425552" bytesdiscarded="185168" />
  <memory-copied type="tenure" objects="1490971" bytes="75511640" bytesdiscarded="40312" />
  <finalization candidates="57" enqueued="0" />
  <references type="phantom" candidates="1" cleared="0" enqueued="0" />
  <object-monitors candidates="2" cleared="0"  />
</gc-op>
<gc-end id="4377" type="scavenge" contextid="4373" durationms="77.874" usertimems="302.987" systemtimems="0.059" stalltimems="4.687" timestamp="2022-02-08T18:55:58.232" activeThreads="4">
  <mem-info id="4378" free="157729768" total="1073741824" percent="14">
    <mem type="nursery" free="106989536" total="268435456" percent="39">
      <mem type="allocate" free="106989536" total="181600256" percent="58" />
      <mem type="survivor" free="0" total="86835200" percent="0" />
    </mem>
    <mem type="tenure" free="50740232" total="805306368" percent="6" macro-fragmented="418667">
      <mem type="soa" free="42686472" total="797252608" percent="5" />
      <mem type="loa" free="8053760" total="8053760" percent="100" />
    </mem>
    <remembered-set count="102" />
  </mem-info>
</gc-end>
<cycle-end id="4379" type="scavenge" contextid="4373" timestamp="2022-02-08T18:55:58.233" />
<allocation-satisfied id="4380" threadId="0000000000016F00" bytesRequested="200" />
<af-end id="4381" timestamp="2022-02-08T18:55:58.233" threadId="0000000000017908" success="true" from="nursery"/>
<exclusive-end id="4382" timestamp="2022-02-08T18:55:58.233" durationms="78.228" />

<concurrent-end id="4383" type="global mark" contextid="4368" timestamp="2022-02-08T18:55:58.354">
<gc-op id="4384" type="trace" timems="325.367" contextid="4368" timestamp="2022-02-08T18:55:58.354">
  <trace bytesTraced="74442340" workStackOverflowCount="0" />
  <card-cleaning reason="card cleaning threshold reached" bytesTraced="904" cardsCleaned="2" />
</gc-op>
</concurrent-end>

<exclusive-start id="4385" timestamp="2022-02-08T18:55:58.354" intervalms="200.028">
  <response-info timems="0.020" idlems="0.020" threads="0" lastid="0000000000016F00" lastname="main" />
</exclusive-start>
<concurrent-global-final id="4386" timestamp="2022-02-08T18:55:58.354" contextid="4368" intervalms="2922.674" >
  <concurrent-trace-info reason="card cleaning threshold reached" tracedByMutators="57834520" tracedByHelpers="16608724" cardsCleaned="2" workStackOverflowCount="0" />
</concurrent-global-final>
<gc-start id="4387" type="global" contextid="4368" timestamp="2022-02-08T18:55:58.355">
  <mem-info id="4388" free="150684448" total="1073741824" percent="14">
    <mem type="nursery" free="99944216" total="268435456" percent="37">
      <mem type="allocate" free="99944216" total="181600256" percent="55" />
      <mem type="survivor" free="0" total="86835200" percent="0" />
    </mem>
    <mem type="tenure" free="50740232" total="805306368" percent="6">
      <mem type="soa" free="42686472" total="797252608" percent="5" />
      <mem type="loa" free="8053760" total="8053760" percent="100" />
    </mem>
    <remembered-set count="102" />
  </mem-info>
</gc-start>
<allocation-stats totalBytes="7041632" >
  <allocated-bytes non-tlh="200" tlh="7041432" />
  <largest-consumer threadName="main" threadId="0000000000016F00" bytes="7041632" />
</allocation-stats>
<gc-op id="4389" type="rs-scan" timems="0.592" contextid="4368" timestamp="2022-02-08T18:55:58.355">
  <scan objectsFound="29" bytesTraced="5268" workStackOverflowCount="0" />
</gc-op>
<gc-op id="4390" type="card-cleaning" timems="149.930" contextid="4368" timestamp="2022-02-08T18:55:58.505">
  <card-cleaning cardsCleaned="9" bytesTraced="71013076" workStackOverflowCount="0" />
</gc-op>
<gc-op id="4391" type="mark" timems="48.513" contextid="4368" timestamp="2022-02-08T18:55:58.554">
  <trace-info objectcount="1793830" scancount="1346900" scanbytes="28801576" />
  <finalization candidates="428" enqueued="57" />
  <ownableSynchronizers candidates="1" cleared="0" />
  <references type="soft" candidates="894" cleared="0" enqueued="0" dynamicThreshold="11" maxThreshold="32" />
  <references type="weak" candidates="1701" cleared="0" enqueued="0" />
  <references type="phantom" candidates="52" cleared="2" enqueued="2" />
  <stringconstants candidates="6470" cleared="0"  />
  <object-monitors candidates="2" cleared="0"  />
</gc-op>
<gc-op id="4392" type="sweep" timems="5.321" contextid="4368" timestamp="2022-02-08T18:55:58.559" />
<gc-end id="4393" type="global" contextid="4368" durationms="204.567" usertimems="221.123" systemtimems="0.000" stalltimems="144.853" timestamp="2022-02-08T18:55:58.559" activeThreads="4">
  <mem-info id="4394" free="393945568" total="1073741824" percent="36">
    <mem type="nursery" free="100224232" total="268435456" percent="37">
      <mem type="allocate" free="100224232" total="181600256" percent="55" />
      <mem type="survivor" free="0" total="86835200" percent="0" />
    </mem>
    <mem type="tenure" free="293721336" total="805306368" percent="36" micro-fragmented="306001" macro-fragmented="0">
      <mem type="soa" free="285667576" total="797252608" percent="35" />
      <mem type="loa" free="8053760" total="8053760" percent="100" />
    </mem>
    <pending-finalizers system="57" default="0" reference="2" classloader="0" />
    <remembered-set count="102" />
  </mem-info>
</gc-end>
<cycle-end id="4395" type="global" contextid="4368" timestamp="2022-02-08T18:55:58.559" />
<exclusive-end id="4396" timestamp="2022-02-08T18:55:58.559" durationms="204.765" />

<exclusive-start id="4397" timestamp="2022-02-08T18:55:59.200" intervalms="845.208">
  <response-info timems="0.018" idlems="0.018" threads="0" lastid="0000000000016F00" lastname="main" />
</exclusive-start>
<af-start id="4398" threadId="0000000000017908" totalBytesRequested="56" timestamp="2022-02-08T18:55:59.200" intervalms="1045.224" type="nursery" />
<cycle-start id="4399" type="scavenge" contextid="0" timestamp="2022-02-08T18:55:59.200" intervalms="1045.223" />
<gc-start id="4400" type="scavenge" contextid="4399" timestamp="2022-02-08T18:55:59.200">
  <mem-info id="4401" free="293721336" total="1073741824" percent="27">
    <mem type="nursery" free="0" total="268435456" percent="0">
      <mem type="allocate" free="0" total="181600256" percent="0" />
      <mem type="survivor" free="0" total="86835200" percent="0" />
    </mem>
    <mem type="tenure" free="293721336" total="805306368" percent="36">
      <mem type="soa" free="285667576" total="797252608" percent="35" />
      <mem type="loa" free="8053760" total="8053760" percent="100" />
    </mem>
    <remembered-set count="105" />
  </mem-info>
</gc-start>
<allocation-stats totalBytes="100176552" >
  <allocated-bytes non-tlh="0" tlh="100176552" />
  <largest-consumer threadName="main" threadId="0000000000016F00" bytes="100172456" />
</allocation-stats>
<gc-op id="4402" type="scavenge" timems="77.233" contextid="4399" timestamp="2022-02-08T18:55:59.277">
  <scavenger-info tenureage="1" tenuremask="7ffe" tiltratio="67" />
  <memory-copied type="nursery" objects="1354506" bytes="76167768" bytesdiscarded="192888" />
  <memory-copied type="tenure" objects="1303673" bytes="74425440" bytesdiscarded="46896" />
  <finalization candidates="1" enqueued="0" />
  <ownableSynchronizers candidates="2" cleared="2" />
  <object-monitors candidates="2" cleared="0"  />
</gc-op>
<gc-end id="4403" type="scavenge" contextid="4399" durationms="77.444" usertimems="301.492" systemtimems="0.000" stalltimems="2.906" timestamp="2022-02-08T18:55:59.277" activeThreads="4">
  <mem-info id="4404" free="324914232" total="1073741824" percent="30">
    <mem type="nursery" free="105763888" total="268435456" percent="39">
      <mem type="allocate" free="105763888" total="182124544" percent="58" />
      <mem type="survivor" free="0" total="86310912" percent="0" />
    </mem>
    <mem type="tenure" free="219150344" total="805306368" percent="27" macro-fragmented="1250136">
      <mem type="soa" free="211096584" total="797252608" percent="26" />
      <mem type="loa" free="8053760" total="8053760" percent="100" />
    </mem>
    <remembered-set count="105" />
  </mem-info>
</gc-end>
<cycle-end id="4405" type="scavenge" contextid="4399" timestamp="2022-02-08T18:55:59.277" />
<allocation-satisfied id="4406" threadId="0000000000016F00" bytesRequested="56" />
<af-end id="4407" timestamp="2022-02-08T18:55:59.277" threadId="0000000000017908" success="true" from="nursery"/>
<exclusive-end id="4408" timestamp="2022-02-08T18:55:59.277" durationms="77.687" />

<exclusive-start id="4409" timestamp="2022-02-08T18:56:00.071" intervalms="871.233">
  <response-info timems="0.018" idlems="0.018" threads="0" lastid="0000000000016F00" lastname="main" />
</exclusive-start>
<af-start id="4410" threadId="0000000000017908" totalBytesRequested="72" timestamp="2022-02-08T18:56:00.071" intervalms="871.472" type="nursery" />
<cycle-start id="4411" type="scavenge" contextid="0" timestamp="2022-02-08T18:56:00.071" intervalms="871.533" />
<gc-start id="4412" type="scavenge" contextid="4411" timestamp="2022-02-08T18:56:00.071">
  <mem-info id="4413" free="219150344" total="1073741824" percent="20">
    <mem type="nursery" free="0" total="268435456" percent="0">
      <mem type="allocate" free="0" total="182124544" percent="0" />
      <mem type="survivor" free="0" total="86310912" percent="0" />
    </mem>
    <mem type="tenure" free="219150344" total="805306368" percent="27">
      <mem type="soa" free="211096584" total="797252608" percent="26" />
      <mem type="loa" free="8053760" total="8053760" percent="100" />
    </mem>
    <remembered-set count="136" />
  </mem-info>
</gc-start>
<allocation-stats totalBytes="105716400" >
  <allocated-bytes non-tlh="751960" tlh="104964440" />
  <largest-consumer threadName="main" threadId="0000000000016F00" bytes="105716400" />
</allocation-stats>
<gc-op id="4414" type="scavenge" timems="79.361" contextid="4411" timestamp="2022-02-08T18:56:00.151">
  <scavenger-info tenureage="1" tenuremask="7ffe" tiltratio="67" />
  <memory-copied type="nursery" objects="1425091" bytes="74592256" bytesdiscarded="63552" />
  <memory-copied type="tenure" objects="1354506" bytes="76167768" bytesdiscarded="43592" />
  <finalization candidates="70" enqueued="37" />
  <references type="soft" candidates="14" cleared="0" enqueued="0" dynamicThreshold="11" maxThreshold="32" />
  <references type="weak" candidates="1" cleared="0" enqueued="0" />
  <references type="phantom" candidates="55" cleared="7" enqueued="7" />
  <object-monitors candidates="2" cleared="0"  />
</gc-op>
<gc-end id="4415" type="scavenge" contextid="4411" durationms="79.686" usertimems="304.242" systemtimems="0.000" stalltimems="3.000" timestamp="2022-02-08T18:56:00.151" activeThreads="4">
  <mem-info id="4416" free="251230120" total="1073741824" percent="23">
    <mem type="nursery" free="108255040" total="268435456" percent="40">
      <mem type="allocate" free="108255040" total="182910976" percent="59" />
      <mem type="survivor" free="0" total="85524480" percent="0" />
    </mem>
    <mem type="tenure" free="142975080" total="805306368" percent="17" macro-fragmented="0">
      <mem type="soa" free="134921320" total="797252608" percent="16" />
      <mem type="loa" free="8053760" total="8053760" percent="100" />
    </mem>
    <pending-finalizers system="36" default="1" reference="7" classloader="0" />
    <remembered-set count="132" />
  </mem-info>
</gc-end>
<cycle-end id="4417" type="scavenge" contextid="4411" timestamp="2022-02-08T18:56:00.151" />
<allocation-satisfied id="4418" threadId="0000000000016F00" bytesRequested="72" />
<af-end id="4419" timestamp="2022-02-08T18:56:00.151" threadId="0000000000017908" success="true" from="nursery"/>
<exclusive-end id="4420" timestamp="2022-02-08T18:56:00.151" durationms="80.370" />

<concurrent-kickoff id="4421" timestamp="2022-02-08T18:56:00.850">
  <kickoff reason="threshold reached" targetBytes="74442420" thresholdFreeBytes="5762466"  remainingFree="5697792" tenureFreeBytes="142975080" nurseryFreeBytes="5697792" />
</concurrent-kickoff>
<exclusive-start id="4422" timestamp="2022-02-08T18:56:00.853" intervalms="782.160">
  <response-info timems="0.020" idlems="0.020" threads="0" lastid="0000000000016F00" lastname="main" />
</exclusive-start>
<cycle-start id="4423" type="global" contextid="0" timestamp="2022-02-08T18:56:00.853" intervalms="2824.038" />
<concurrent-start id="4424" type="global mark" contextid="4423" timestamp="2022-02-08T18:56:00.853">
</concurrent-start>
<exclusive-end id="4425" timestamp="2022-02-08T18:56:00.853" durationms="0.027" />

<exclusive-start id="4426" timestamp="2022-02-08T18:56:01.013" intervalms="160.327">
  <response-info timems="0.034" idlems="0.034" threads="0" lastid="0000000000016F00" lastname="main" />
</exclusive-start>
<af-start id="4427" threadId="0000000000017908" totalBytesRequested="32" timestamp="2022-02-08T18:56:01.013" intervalms="942.251" type="nursery" />
<cycle-start id="4428" type="scavenge" contextid="0" timestamp="2022-02-08T18:56:01.013" intervalms="942.190" />
<gc-start id="4429" type="scavenge" contextid="4428" timestamp="2022-02-08T18:56:01.013">
  <mem-info id="4430" free="142975080" total="1073741824" percent="13">
    <mem type="nursery" free="0" total="268435456" percent="0">
      <mem type="allocate" free="0" total="182910976" percent="0" />
      <mem type="survivor" free="0" total="85524480" percent="0" />
    </mem>
    <mem type="tenure" free="142975080" total="805306368" percent="17">
      <mem type="soa" free="134921320" total="797252608" percent="16" />
      <mem type="loa" free="8053760" total="8053760" percent="100" />
    </mem>
    <remembered-set count="133" />
  </mem-info>
</gc-start>
<allocation-stats totalBytes="108204272" >
  <allocated-bytes non-tlh="2160192" tlh="106044080" />
  <largest-consumer threadName="main" threadId="0000000000016F00" bytes="108196080" />
</allocation-stats>
<gc-op id="4431" type="scavenge" timems="81.629" contextid="4428" timestamp="2022-02-08T18:56:01.095">
  <scavenger-info tenureage="1" tenuremask="7ffe" tiltratio="68" />
  <memory-copied type="nursery" objects="1382151" bytes="76905136" bytesdiscarded="211880" />
  <memory-copied type="tenure" objects="1424559" bytes="74134024" bytesdiscarded="40896" />
  <finalization candidates="73" enqueued="16" />
  <references type="phantom" candidates="40" cleared="0" enqueued="0" />
  <object-monitors candidates="2" cleared="0"  />
</gc-op>
<gc-end id="4432" type="scavenge" contextid="4428" durationms="81.898" usertimems="319.323" systemtimems="3.519" stalltimems="2.275" timestamp="2022-02-08T18:56:01.095" activeThreads="4">
  <mem-info id="4433" free="174419936" total="1073741824" percent="16">
    <mem type="nursery" free="105728424" total="268435456" percent="39">
      <mem type="allocate" free="105728424" total="182845440" percent="57" />
      <mem type="survivor" free="0" total="85590016" percent="0" />
    </mem>
    <mem type="tenure" free="68691512" total="805306368" percent="8" macro-fragmented="602881">
      <mem type="soa" free="60637752" total="797252608" percent="7" />
      <mem type="loa" free="8053760" total="8053760" percent="100" />
    </mem>
    <pending-finalizers system="16" default="0" reference="0" classloader="0" />
    <remembered-set count="106" />
  </mem-info>
</gc-end>
<cycle-end id="4434" type="scavenge" contextid="4428" timestamp="2022-02-08T18:56:01.096" />
<allocation-satisfied id="4435" threadId="0000000000016F00" bytesRequested="32" />
<af-end id="4436" timestamp="2022-02-08T18:56:01.096" threadId="0000000000017908" success="true" from="nursery"/>
<exclusive-end id="4437" timestamp="2022-02-08T18:56:01.096" durationms="82.221" />

<concurrent-end id="4438" type="global mark" contextid="4423" timestamp="2022-02-08T18:56:01.210">
<gc-op id="4439" type="trace" timems="357.125" contextid="4423" timestamp="2022-02-08T18:56:01.210">
  <trace bytesTraced="74442612" workStackOverflowCount="0" />
  <card-cleaning reason="card cleaning threshold reached" bytesTraced="904" cardsCleaned="2" />
</gc-op>
</concurrent-end>

<exclusive-start id="4440" timestamp="2022-02-08T18:56:01.210" intervalms="196.864">
  <response-info timems="0.018" idlems="0.018" threads="0" lastid="0000000000016F00" lastname="main" />
</exclusive-start>
<concurrent-global-final id="4441" timestamp="2022-02-08T18:56:01.210" contextid="4423" intervalms="2855.790" >
  <concurrent-trace-info reason="card cleaning threshold reached" tracedByMutators="47378816" tracedByHelpers="27064700" cardsCleaned="2" workStackOverflowCount="0" />
</concurrent-global-final>
<gc-start id="4442" type="global" contextid="4423" timestamp="2022-02-08T18:56:01.210">
  <mem-info id="4443" free="164618176" total="1073741824" percent="15">
    <mem type="nursery" free="95926664" total="268435456" percent="35">
      <mem type="allocate" free="95926664" total="182845440" percent="52" />
      <mem type="survivor" free="0" total="85590016" percent="0" />
    </mem>
    <mem type="tenure" free="68691512" total="805306368" percent="8">
      <mem type="soa" free="60637752" total="797252608" percent="7" />
      <mem type="loa" free="8053760" total="8053760" percent="100" />
    </mem>
    <remembered-set count="106" />
  </mem-info>
</gc-start>
<allocation-stats totalBytes="9797272" >
  <allocated-bytes non-tlh="32" tlh="9797240" />
  <largest-consumer threadName="main" threadId="0000000000016F00" bytes="9793176" />
</allocation-stats>
<gc-op id="4444" type="rs-scan" timems="0.551" contextid="4423" timestamp="2022-02-08T18:56:01.211">
  <scan objectsFound="29" bytesTraced="5332" workStackOverflowCount="0" />
</gc-op>
<gc-op id="4445" type="card-cleaning" timems="151.217" contextid="4423" timestamp="2022-02-08T18:56:01.362">
  <card-cleaning cardsCleaned="9" bytesTraced="71013076" workStackOverflowCount="0" />
</gc-op>
<gc-op id="4446" type="mark" timems="50.711" contextid="4423" timestamp="2022-02-08T18:56:01.413">
  <trace-info objectcount="1562406" scancount="1173331" scanbytes="25098792" />
  <finalization candidates="428" enqueued="57" />
  <ownableSynchronizers candidates="1" cleared="0" />
  <references type="soft" candidates="894" cleared="0" enqueued="0" dynamicThreshold="11" maxThreshold="32" />
  <references type="weak" candidates="1701" cleared="0" enqueued="0" />
  <references type="phantom" candidates="52" cleared="2" enqueued="2" />
  <stringconstants candidates="6470" cleared="0"  />
  <object-monitors candidates="2" cleared="0"  />
</gc-op>
<gc-op id="4447" type="sweep" timems="4.719" contextid="4423" timestamp="2022-02-08T18:56:01.418" />
<gc-end id="4448" type="global" contextid="4423" durationms="207.397" usertimems="268.218" systemtimems="0.297" stalltimems="105.012" timestamp="2022-02-08T18:56:01.418" activeThreads="4">
  <mem-info id="4449" free="407971256" total="1073741824" percent="37">
    <mem type="nursery" free="96373176" total="268435456" percent="35">
      <mem type="allocate" free="96373176" total="182845440" percent="52" />
      <mem type="survivor" free="0" total="85590016" percent="0" />
    </mem>
    <mem type="tenure" free="311598080" total="805306368" percent="38" micro-fragmented="346769" macro-fragmented="0">
      <mem type="soa" free="303544320" total="797252608" percent="38" />
      <mem type="loa" free="8053760" total="8053760" percent="100" />
    </mem>
    <pending-finalizers system="57" default="0" reference="2" classloader="0" />
    <remembered-set count="106" />
  </mem-info>
</gc-end>
<cycle-end id="4450" type="global" contextid="4423" timestamp="2022-02-08T18:56:01.418" />
<exclusive-end id="4451" timestamp="2022-02-08T18:56:01.418" durationms="207.632" />

<exclusive-start id="4452" timestamp="2022-02-08T18:56:02.028" intervalms="817.418">
  <response-info timems="0.021" idlems="0.021" threads="0" lastid="0000000000016F00" lastname="main" />
</exclusive-start>
<af-start id="4453" threadId="0000000000017908" totalBytesRequested="200" timestamp="2022-02-08T18:56:02.028" intervalms="1014.280" type="nursery" />
<cycle-start id="4454" type="scavenge" contextid="0" timestamp="2022-02-08T18:56:02.028" intervalms="1014.281" />
<gc-start id="4455" type="scavenge" contextid="4454" timestamp="2022-02-08T18:56:02.028">
  <mem-info id="4456" free="311598080" total="1073741824" percent="29">
    <mem type="nursery" free="0" total="268435456" percent="0">
      <mem type="allocate" free="0" total="182845440" percent="0" />
      <mem type="survivor" free="0" total="85590016" percent="0" />
    </mem>
    <mem type="tenure" free="311598080" total="805306368" percent="38">
      <mem type="soa" free="303544320" total="797252608" percent="38" />
      <mem type="loa" free="8053760" total="8053760" percent="100" />
    </mem>
    <remembered-set count="109" />
  </mem-info>
</gc-start>
<allocation-stats totalBytes="96326944" >
  <allocated-bytes non-tlh="0" tlh="96326944" />
  <largest-consumer threadName="main" threadId="0000000000016F00" bytes="96322848" />
</allocation-stats>
<gc-op id="4457" type="scavenge" timems="83.455" contextid="4454" timestamp="2022-02-08T18:56:02.111">
  <scavenger-info tenureage="1" tenuremask="7ffe" tiltratio="68" />
  <memory-copied type="nursery" objects="1339255" bytes="75396080" bytesdiscarded="277264" />
  <memory-copied type="tenure" objects="1381958" bytes="76767512" bytesdiscarded="45704" />
  <finalization candidates="24" enqueued="0" />
  <ownableSynchronizers candidates="2" cleared="2" />
  <object-monitors candidates="2" cleared="0"  />
</gc-op>
<gc-end id="4458" type="scavenge" contextid="4454" durationms="83.687" usertimems="330.543" systemtimems="0.000" stalltimems="2.378" timestamp="2022-02-08T18:56:02.111" activeThreads="4">
  <mem-info id="4459" free="342287736" total="1073741824" percent="31">
    <mem type="nursery" free="107696384" total="268435456" percent="40">
      <mem type="allocate" free="107696384" total="183369728" percent="58" />
      <mem type="survivor" free="0" total="85065728" percent="0" />
    </mem>
    <mem type="tenure" free="234591352" total="805306368" percent="29" macro-fragmented="0">
      <mem type="soa" free="226537592" total="797252608" percent="28" />
      <mem type="loa" free="8053760" total="8053760" percent="100" />
    </mem>
    <remembered-set count="105" />
  </mem-info>
</gc-end>
<cycle-end id="4460" type="scavenge" contextid="4454" timestamp="2022-02-08T18:56:02.112" />
<allocation-satisfied id="4461" threadId="0000000000016F00" bytesRequested="200" />
<af-end id="4462" timestamp="2022-02-08T18:56:02.112" threadId="0000000000017908" success="true" from="nursery"/>
<exclusive-end id="4463" timestamp="2022-02-08T18:56:02.112" durationms="83.971" />

<exclusive-start id="4464" timestamp="2022-02-08T18:56:02.779" intervalms="751.833">
  <response-info timems="0.017" idlems="0.017" threads="0" lastid="0000000000016F00" lastname="main" />
</exclusive-start>
<af-start id="4465" threadId="0000000000017908" totalBytesRequested="24" timestamp="2022-02-08T18:56:02.780" intervalms="751.834" type="nursery" />
<cycle-start id="4466" type="scavenge" contextid="0" timestamp="2022-02-08T18:56:02.780" intervalms="751.832" />
<gc-start id="4467" type="scavenge" contextid="4466" timestamp="2022-02-08T18:56:02.780">
  <mem-info id="4468" free="234591352" total="1073741824" percent="21">
    <mem type="nursery" free="0" total="268435456" percent="0">
      <mem type="allocate" free="0" total="183369728" percent="0" />
      <mem type="survivor" free="0" total="85065728" percent="0" />
    </mem>
    <mem type="tenure" free="234591352" total="805306368" percent="29">
      <mem type="soa" free="226537592" total="797252608" percent="28" />
      <mem type="loa" free="8053760" total="8053760" percent="100" />
    </mem>
    <remembered-set count="105" />
  </mem-info>
</gc-start>
<allocation-stats totalBytes="107646128" >
  <allocated-bytes non-tlh="200" tlh="107645928" />
  <largest-consumer threadName="main" threadId="0000000000016F00" bytes="107646128" />
</allocation-stats>
<gc-op id="4469" type="scavenge" timems="77.591" contextid="4466" timestamp="2022-02-08T18:56:02.857">
  <scavenger-info tenureage="1" tenuremask="7ffe" tiltratio="68" />
  <memory-copied type="nursery" objects="1336053" bytes="76512424" bytesdiscarded="269336" />
  <memory-copied type="tenure" objects="1339254" bytes="75395968" bytesdiscarded="41056" />
  <object-monitors candidates="2" cleared="0"  />
</gc-op>
<gc-end id="4470" type="scavenge" contextid="4466" durationms="77.824" usertimems="306.757" systemtimems="0.026" stalltimems="2.711" timestamp="2022-02-08T18:56:02.857" activeThreads="4">
  <mem-info id="4471" free="266635544" total="1073741824" percent="24">
    <mem type="nursery" free="107571008" total="268435456" percent="40">
      <mem type="allocate" free="107571008" total="184352768" percent="58" />
      <mem type="survivor" free="0" total="84082688" percent="0" />
    </mem>
    <mem type="tenure" free="159064536" total="805306368" percent="19" macro-fragmented="0">
      <mem type="soa" free="151010776" total="797252608" percent="18" />
      <mem type="loa" free="8053760" total="8053760" percent="100" />
    </mem>
    <remembered-set count="105" />
  </mem-info>
</gc-end>
<cycle-end id="4472" type="scavenge" contextid="4466" timestamp="2022-02-08T18:56:02.858" />
<allocation-satisfied id="4473" threadId="0000000000016F00" bytesRequested="24" />
<af-end id="4474" timestamp="2022-02-08T18:56:02.858" threadId="0000000000017908" success="true" from="nursery"/>
<exclusive-end id="4475" timestamp="2022-02-08T18:56:02.858" durationms="78.073" />

<concurrent-kickoff id="4476" timestamp="2022-02-08T18:56:03.694">
  <kickoff reason="threshold reached" targetBytes="74442637" thresholdFreeBytes="5786449"  remainingFree="5662528" tenureFreeBytes="159064536" nurseryFreeBytes="5662528" />
</concurrent-kickoff>
<exclusive-start id="4477" timestamp="2022-02-08T18:56:03.697" intervalms="917.417">
  <response-info timems="0.019" idlems="0.019" threads="0" lastid="0000000000016F00" lastname="main" />
</exclusive-start>
<cycle-start id="4478" type="global" contextid="0" timestamp="2022-02-08T18:56:03.697" intervalms="2843.859" />
<concurrent-start id="4479" type="global mark" contextid="4478" timestamp="2022-02-08T18:56:03.697">
</concurrent-start>
<exclusive-end id="4480" timestamp="2022-02-08T18:56:03.697" durationms="0.026" />

<exclusive-start id="4481" timestamp="2022-02-08T18:56:03.833" intervalms="136.466">
  <response-info timems="0.038" idlems="0.038" threads="0" lastid="0000000000016F00" lastname="main" />
</exclusive-start>
<af-start id="4482" threadId="0000000000017908" totalBytesRequested="104" timestamp="2022-02-08T18:56:03.833" intervalms="1053.882" type="nursery" />
<cycle-start id="4483" type="scavenge" contextid="0" timestamp="2022-02-08T18:56:03.833" intervalms="1053.900" />
<gc-start id="4484" type="scavenge" contextid="4483" timestamp="2022-02-08T18:56:03.834">
  <mem-info id="4485" free="159064536" total="1073741824" percent="14">
    <mem type="nursery" free="0" total="268435456" percent="0">
      <mem type="allocate" free="0" total="184352768" percent="0" />
      <mem type="survivor" free="0" total="84082688" percent="0" />
    </mem>
    <mem type="tenure" free="159064536" total="805306368" percent="19">
      <mem type="soa" free="151010776" total="797252608" percent="18" />
      <mem type="loa" free="8053760" total="8053760" percent="100" />
    </mem>
    <remembered-set count="136" />
  </mem-info>
</gc-start>
<allocation-stats totalBytes="107526096" >
  <allocated-bytes non-tlh="2938272" tlh="104587824" />
  <largest-consumer threadName="main" threadId="0000000000016F00" bytes="107526096" />
</allocation-stats>
<gc-op id="4486" type="scavenge" timems="80.436" contextid="4483" timestamp="2022-02-08T18:56:03.914">
  <scavenger-info tenureage="1" tenuremask="7ffe" tiltratio="68" />
  <memory-copied type="nursery" objects="1451491" bytes="75626168" bytesdiscarded="166256" />
  <memory-copied type="tenure" objects="1336053" bytes="76512424" bytesdiscarded="41128" />
  <finalization candidates="110" enqueued="53" />
  <references type="soft" candidates="14" cleared="0" enqueued="0" dynamicThreshold="12" maxThreshold="32" />
  <references type="weak" candidates="1" cleared="0" enqueued="0" />
  <references type="phantom" candidates="95" cleared="7" enqueued="7" />
  <object-monitors candidates="2" cleared="0"  />
</gc-op>
<gc-end id="4487" type="scavenge" contextid="4483" durationms="80.628" usertimems="312.787" systemtimems="4.969" stalltimems="3.486" timestamp="2022-02-08T18:56:03.914" activeThreads="4">
  <mem-info id="4488" free="191357192" total="1073741824" percent="17">
    <mem type="nursery" free="108822360" total="268435456" percent="40">
      <mem type="allocate" free="108822360" total="184614912" percent="58" />
      <mem type="survivor" free="0" total="83820544" percent="0" />
    </mem>
    <mem type="tenure" free="82534832" total="805306368" percent="10" macro-fragmented="57512708">
      <mem type="soa" free="74481072" total="797252608" percent="9" />
      <mem type="loa" free="8053760" total="8053760" percent="100" />
    </mem>
    <pending-finalizers system="52" default="1" reference="7" classloader="0" />
    <remembered-set count="129" />
  </mem-info>
</gc-end>
<cycle-end id="4489" type="scavenge" contextid="4483" timestamp="2022-02-08T18:56:03.914" />
<allocation-satisfied id="4490" threadId="0000000000016F00" bytesRequested="104" />
<af-end id="4491" timestamp="2022-02-08T18:56:03.914" threadId="0000000000017908" success="true" from="nursery"/>
<exclusive-end id="4492" timestamp="2022-02-08T18:56:03.914" durationms="80.914" />

<concurrent-end id="4493" type="global mark" contextid="4478" timestamp="2022-02-08T18:56:04.030">
<gc-op id="4494" type="trace" timems="333.263" contextid="4478" timestamp="2022-02-08T18:56:04.030">
  <trace bytesTraced="74442804" workStackOverflowCount="0" />
  <card-cleaning reason="card cleaning threshold reached" bytesTraced="904" cardsCleaned="2" />
</gc-op>
</concurrent-end>

<exclusive-start id="4495" timestamp="2022-02-08T18:56:04.030" intervalms="196.869">
  <response-info timems="0.022" idlems="0.022" threads="0" lastid="0000000000016F00" lastname="main" />
</exclusive-start>
<concurrent-global-final id="4496" timestamp="2022-02-08T18:56:04.030" contextid="4478" intervalms="2820.006" >
  <concurrent-trace-info reason="card cleaning threshold reached" tracedByMutators="58507184" tracedByHelpers="15936524" cardsCleaned="2" workStackOverflowCount="0" />
</concurrent-global-final>
<gc-start id="4497" type="global" contextid="4478" timestamp="2022-02-08T18:56:04.030">
  <mem-info id="4498" free="183910560" total="1073741824" percent="17">
    <mem type="nursery" free="101375728" total="268435456" percent="37">
      <mem type="allocate" free="101375728" total="184614912" percent="54" />
      <mem type="survivor" free="0" total="83820544" percent="0" />
    </mem>
    <mem type="tenure" free="82534832" total="805306368" percent="10">
      <mem type="soa" free="74481072" total="797252608" percent="9" />
      <mem type="loa" free="8053760" total="8053760" percent="100" />
    </mem>
    <remembered-set count="130" />
  </mem-info>
</gc-start>
<allocation-stats totalBytes="7443016" >
  <allocated-bytes non-tlh="104" tlh="7442912" />
  <largest-consumer threadName="main" threadId="0000000000016F00" bytes="7434824" />
</allocation-stats>
<gc-op id="4499" type="rs-scan" timems="131.245" contextid="4478" timestamp="2022-02-08T18:56:04.162">
  <scan objectsFound="3324743" bytesTraced="71015584" workStackOverflowCount="0" />
</gc-op>
<gc-op id="4500" type="card-cleaning" timems="0.265" contextid="4478" timestamp="2022-02-08T18:56:04.162">
  <card-cleaning cardsCleaned="4" bytesTraced="1772" workStackOverflowCount="0" />
</gc-op>
<gc-op id="4501" type="mark" timems="40.310" contextid="4478" timestamp="2022-02-08T18:56:04.202">
  <trace-info objectcount="1227893" scancount="922446" scanbytes="19746568" />
  <finalization candidates="428" enqueued="57" />
  <ownableSynchronizers candidates="1" cleared="0" />
  <references type="soft" candidates="894" cleared="0" enqueued="0" dynamicThreshold="12" maxThreshold="32" />
  <references type="weak" candidates="1701" cleared="0" enqueued="0" />
  <references type="phantom" candidates="52" cleared="2" enqueued="2" />
  <stringconstants candidates="6470" cleared="0"  />
  <object-monitors candidates="2" cleared="0"  />
</gc-op>
<gc-op id="4502" type="sweep" timems="4.652" contextid="4478" timestamp="2022-02-08T18:56:04.207" />
<gc-end id="4503" type="global" contextid="4478" durationms="176.683" usertimems="227.477" systemtimems="0.235" stalltimems="84.497" timestamp="2022-02-08T18:56:04.207" activeThreads="4">
  <mem-info id="4504" free="427651960" total="1073741824" percent="39">
    <mem type="nursery" free="102113472" total="268435456" percent="38">
      <mem type="allocate" free="102113472" total="184614912" percent="55" />
      <mem type="survivor" free="0" total="83820544" percent="0" />
    </mem>
    <mem type="tenure" free="325538488" total="805306368" percent="40" micro-fragmented="291095" macro-fragmented="1800196">
      <mem type="soa" free="317484728" total="797252608" percent="39" />
      <mem type="loa" free="8053760" total="8053760" percent="100" />
    </mem>
    <pending-finalizers system="57" default="0" reference="2" classloader="0" />
    <remembered-set count="112" />
  </mem-info>
</gc-end>
<cycle-end id="4505" type="global" contextid="4478" timestamp="2022-02-08T18:56:04.207" />
<exclusive-end id="4506" timestamp="2022-02-08T18:56:04.207" durationms="176.883" />

<exclusive-start id="4507" timestamp="2022-02-08T18:56:04.907" intervalms="876.299">
  <response-info timems="0.019" idlems="0.019" threads="0" lastid="0000000000016F00" lastname="main" />
</exclusive-start>
<af-start id="4508" threadId="0000000000017908" totalBytesRequested="184" timestamp="2022-02-08T18:56:04.907" intervalms="1073.169" type="nursery" />
<cycle-start id="4509" type="scavenge" contextid="0" timestamp="2022-02-08T18:56:04.907" intervalms="1073.151" />
<gc-start id="4510" type="scavenge" contextid="4509" timestamp="2022-02-08T18:56:04.907">
  <mem-info id="4511" free="325538488" total="1073741824" percent="30">
    <mem type="nursery" free="0" total="268435456" percent="0">
      <mem type="allocate" free="0" total="184614912" percent="0" />
      <mem type="survivor" free="0" total="83820544" percent="0" />
    </mem>
    <mem type="tenure" free="325538488" total="805306368" percent="40">
      <mem type="soa" free="317484728" total="797252608" percent="39" />
      <mem type="loa" free="8053760" total="8053760" percent="100" />
    </mem>
    <remembered-set count="113" />
  </mem-info>
</gc-start>
<allocation-stats totalBytes="102064776" >
  <allocated-bytes non-tlh="0" tlh="102064776" />
  <largest-consumer threadName="main" threadId="0000000000016F00" bytes="102054664" />
</allocation-stats>
<gc-op id="4512" type="scavenge" timems="83.113" contextid="4509" timestamp="2022-02-08T18:56:04.990">
  <scavenger-info tenureage="1" tenuremask="7ffe" tiltratio="68" />
  <memory-copied type="nursery" objects="1413095" bytes="77907488" bytesdiscarded="161080" />
  <memory-copied type="tenure" objects="1450776" bytes="75158232" bytesdiscarded="43400" />
  <finalization candidates="57" enqueued="0" />
  <ownableSynchronizers candidates="2" cleared="2" />
  <object-monitors candidates="2" cleared="0"  />
</gc-op>
<gc-end id="4513" type="scavenge" contextid="4509" durationms="83.323" usertimems="324.278" systemtimems="0.840" stalltimems="2.899" timestamp="2022-02-08T18:56:04.990" activeThreads="4">
  <mem-info id="4514" free="354307608" total="1073741824" percent="32">
    <mem type="nursery" free="104318120" total="268435456" percent="38">
      <mem type="allocate" free="104318120" total="182386688" percent="57" />
      <mem type="survivor" free="0" total="86048768" percent="0" />
    </mem>
    <mem type="tenure" free="249989488" total="805306368" percent="31" macro-fragmented="0">
      <mem type="soa" free="241935728" total="797252608" percent="30" />
      <mem type="loa" free="8053760" total="8053760" percent="100" />
    </mem>
    <remembered-set count="104" />
  </mem-info>
</gc-end>
<cycle-end id="4515" type="scavenge" contextid="4509" timestamp="2022-02-08T18:56:04.990" />
<allocation-satisfied id="4516" threadId="0000000000016F00" bytesRequested="184" />
<af-end id="4517" timestamp="2022-02-08T18:56:04.990" threadId="0000000000017908" success="true" from="nursery"/>
<exclusive-end id="4518" timestamp="2022-02-08T18:56:04.990" durationms="83.649" />

<exclusive-start id="4519" timestamp="2022-02-08T18:56:05.635" intervalms="727.997">
  <response-info timems="0.029" idlems="0.029" threads="0" lastid="0000000000016F00" lastname="main" />
</exclusive-start>
<af-start id="4520" threadId="0000000000017908" totalBytesRequested="88" timestamp="2022-02-08T18:56:05.635" intervalms="728.000" type="nursery" />
<cycle-start id="4521" type="scavenge" contextid="0" timestamp="2022-02-08T18:56:05.635" intervalms="728.001" />
<gc-start id="4522" type="scavenge" contextid="4521" timestamp="2022-02-08T18:56:05.635">
  <mem-info id="4523" free="249989488" total="1073741824" percent="23">
    <mem type="nursery" free="0" total="268435456" percent="0">
      <mem type="allocate" free="0" total="182386688" percent="0" />
      <mem type="survivor" free="0" total="86048768" percent="0" />
    </mem>
    <mem type="tenure" free="249989488" total="805306368" percent="31">
      <mem type="soa" free="241935728" total="797252608" percent="30" />
      <mem type="loa" free="8053760" total="8053760" percent="100" />
    </mem>
    <remembered-set count="104" />
  </mem-info>
</gc-start>
<allocation-stats totalBytes="104272936" >
  <allocated-bytes non-tlh="184" tlh="104272752" />
  <largest-consumer threadName="main" threadId="0000000000016F00" bytes="104272936" />
</allocation-stats>
<gc-op id="4524" type="scavenge" timems="74.469" contextid="4521" timestamp="2022-02-08T18:56:05.709">
  <scavenger-info tenureage="1" tenuremask="7ffe" tiltratio="67" />
  <memory-copied type="nursery" objects="1303337" bytes="74138400" bytesdiscarded="147840" />
  <memory-copied type="tenure" objects="1413094" bytes="77907384" bytesdiscarded="43432" />
  <object-monitors candidates="2" cleared="0"  />
</gc-op>
<gc-end id="4525" type="scavenge" contextid="4521" durationms="74.750" usertimems="293.270" systemtimems="0.422" stalltimems="3.520" timestamp="2022-02-08T18:56:05.709" activeThreads="4">
  <mem-info id="4526" free="280517256" total="1073741824" percent="26">
    <mem type="nursery" free="108428128" total="268435456" percent="40">
      <mem type="allocate" free="108428128" total="182714368" percent="59" />
      <mem type="survivor" free="0" total="85721088" percent="0" />
    </mem>
    <mem type="tenure" free="172089128" total="805306368" percent="21" macro-fragmented="0">
      <mem type="soa" free="164035368" total="797252608" percent="20" />
      <mem type="loa" free="8053760" total="8053760" percent="100" />
    </mem>
    <remembered-set count="104" />
  </mem-info>
</gc-end>
<cycle-end id="4527" type="scavenge" contextid="4521" timestamp="2022-02-08T18:56:05.710" />
<allocation-satisfied id="4528" threadId="0000000000016F00" bytesRequested="88" />
<af-end id="4529" timestamp="2022-02-08T18:56:05.710" threadId="0000000000017908" success="true" from="nursery"/>
<exclusive-end id="4530" timestamp="2022-02-08T18:56:05.710" durationms="75.042" />

<exclusive-start id="4531" timestamp="2022-02-08T18:56:06.638" intervalms="1003.851">
  <response-info timems="0.018" idlems="0.018" threads="0" lastid="0000000000016F00" lastname="main" />
</exclusive-start>
<af-start id="4532" threadId="0000000000017908" totalBytesRequested="112" timestamp="2022-02-08T18:56:06.638" intervalms="1003.848" type="nursery" />
<cycle-start id="4533" type="scavenge" contextid="0" timestamp="2022-02-08T18:56:06.638" intervalms="1003.858" />
<gc-start id="4534" type="scavenge" contextid="4533" timestamp="2022-02-08T18:56:06.639">
  <mem-info id="4535" free="172089128" total="1073741824" percent="16">
    <mem type="nursery" free="0" total="268435456" percent="0">
      <mem type="allocate" free="0" total="182714368" percent="0" />
      <mem type="survivor" free="0" total="85721088" percent="0" />
    </mem>
    <mem type="tenure" free="172089128" total="805306368" percent="21">
      <mem type="soa" free="164035368" total="797252608" percent="20" />
      <mem type="loa" free="8053760" total="8053760" percent="100" />
    </mem>
    <remembered-set count="134" />
  </mem-info>
</gc-start>
<allocation-stats totalBytes="108378760" >
  <allocated-bytes non-tlh="3008912" tlh="105369848" />
  <largest-consumer threadName="main" threadId="0000000000016F00" bytes="108378760" />
</allocation-stats>
<gc-op id="4536" type="scavenge" timems="75.330" contextid="4533" timestamp="2022-02-08T18:56:06.714">
  <scavenger-info tenureage="1" tenuremask="7ffe" tiltratio="68" />
  <memory-copied type="nursery" objects="1444243" bytes="76160632" bytesdiscarded="45944" />
  <memory-copied type="tenure" objects="1303336" bytes="74138344" bytesdiscarded="39760" />
  <finalization candidates="110" enqueued="53" />
  <references type="soft" candidates="14" cleared="0" enqueued="0" dynamicThreshold="12" maxThreshold="32" />
  <references type="weak" candidates="1" cleared="0" enqueued="0" />
  <references type="phantom" candidates="95" cleared="7" enqueued="7" />
  <object-monitors candidates="2" cleared="0"  />
</gc-op>
<gc-end id="4537" type="scavenge" contextid="4533" durationms="75.546" usertimems="297.778" systemtimems="0.000" stalltimems="2.917" timestamp="2022-02-08T18:56:06.714" activeThreads="4">
  <mem-info id="4538" free="204777792" total="1073741824" percent="19">
    <mem type="nursery" free="106769808" total="268435456" percent="39">
      <mem type="allocate" free="106769808" total="182976512" percent="58" />
      <mem type="survivor" free="0" total="85458944" percent="0" />
    </mem>
    <mem type="tenure" free="98007984" total="805306368" percent="12" macro-fragmented="39939376">
      <mem type="soa" free="89954224" total="797252608" percent="11" />
      <mem type="loa" free="8053760" total="8053760" percent="100" />
    </mem>
    <pending-finalizers system="52" default="1" reference="7" classloader="0" />
    <remembered-set count="129" />
  </mem-info>
</gc-end>
<cycle-end id="4539" type="scavenge" contextid="4533" timestamp="2022-02-08T18:56:06.714" />
<allocation-satisfied id="4540" threadId="0000000000016F00" bytesRequested="112" />
<af-end id="4541" timestamp="2022-02-08T18:56:06.714" threadId="0000000000017908" success="true" from="nursery"/>
<exclusive-end id="4542" timestamp="2022-02-08T18:56:06.714" durationms="75.810" />

<concurrent-kickoff id="4543" timestamp="2022-02-08T18:56:07.402">
  <kickoff reason="threshold reached" targetBytes="74442849" thresholdFreeBytes="5778524"  remainingFree="5713296" tenureFreeBytes="98007984" nurseryFreeBytes="5713296" />
</concurrent-kickoff>
<exclusive-start id="4544" timestamp="2022-02-08T18:56:07.405" intervalms="766.214">
  <response-info timems="0.019" idlems="0.019" threads="0" lastid="0000000000016F00" lastname="main" />
</exclusive-start>
<cycle-start id="4545" type="global" contextid="0" timestamp="2022-02-08T18:56:07.405" intervalms="3707.697" />
<concurrent-start id="4546" type="global mark" contextid="4545" timestamp="2022-02-08T18:56:07.405">
</concurrent-start>
<exclusive-end id="4547" timestamp="2022-02-08T18:56:07.405" durationms="0.028" />

<exclusive-start id="4548" timestamp="2022-02-08T18:56:07.535" intervalms="130.152">
  <response-info timems="0.029" idlems="0.029" threads="0" lastid="0000000000016F00" lastname="main" />
</exclusive-start>
<af-start id="4549" threadId="0000000000017908" totalBytesRequested="168" timestamp="2022-02-08T18:56:07.535" intervalms="896.365" type="nursery" />
<cycle-start id="4550" type="scavenge" contextid="0" timestamp="2022-02-08T18:56:07.535" intervalms="896.364" />
<gc-start id="4551" type="scavenge" contextid="4550" timestamp="2022-02-08T18:56:07.535">
  <mem-info id="4552" free="98007984" total="1073741824" percent="9">
    <mem type="nursery" free="0" total="268435456" percent="0">
      <mem type="allocate" free="0" total="182976512" percent="0" />
      <mem type="survivor" free="0" total="85458944" percent="0" />
    </mem>
    <mem type="tenure" free="98007984" total="805306368" percent="12">
      <mem type="soa" free="89954224" total="797252608" percent="11" />
      <mem type="loa" free="8053760" total="8053760" percent="100" />
    </mem>
    <remembered-set count="130" />
  </mem-info>
</gc-start>
<allocation-stats totalBytes="106719680" >
  <allocated-bytes non-tlh="112" tlh="106719568" />
  <largest-consumer threadName="main" threadId="0000000000016F00" bytes="106711488" />
</allocation-stats>
<gc-op id="4553" type="scavenge" timems="80.063" contextid="4550" timestamp="2022-02-08T18:56:07.615">
  <scavenger-info tenureage="1" tenuremask="7ffe" tiltratio="68" />
  <memory-copied type="nursery" objects="1385221" bytes="76066208" bytesdiscarded="315920" />
  <memory-copied type="tenure" objects="1443532" bytes="75692776" bytesdiscarded="37584" />
  <finalization candidates="57" enqueued="0" />
  <object-monitors candidates="2" cleared="0"  />
</gc-op>
<gc-end id="4554" type="scavenge" contextid="4550" durationms="80.188" usertimems="315.849" systemtimems="0.000" stalltimems="3.379" timestamp="2022-02-08T18:56:07.615" activeThreads="4">
  <mem-info id="4555" free="129516552" total="1073741824" percent="12">
    <mem type="nursery" free="107249744" total="268435456" percent="39">
      <mem type="allocate" free="107249744" total="183631872" percent="58" />
      <mem type="survivor" free="0" total="84803584" percent="0" />
    </mem>
    <mem type="tenure" free="22266808" total="805306368" percent="2" macro-fragmented="17855077">
      <mem type="soa" free="14213048" total="797252608" percent="1" />
      <mem type="loa" free="8053760" total="8053760" percent="100" />
    </mem>
    <remembered-set count="103" />
  </mem-info>
</gc-end>
<cycle-end id="4556" type="scavenge" contextid="4550" timestamp="2022-02-08T18:56:07.615" />
<allocation-satisfied id="4557" threadId="0000000000016F00" bytesRequested="168" />
<af-end id="4558" timestamp="2022-02-08T18:56:07.615" threadId="0000000000017908" success="true" from="nursery"/>
<exclusive-end id="4559" timestamp="2022-02-08T18:56:07.615" durationms="80.548" />

<concurrent-end id="4560" type="global mark" contextid="4545" timestamp="2022-02-08T18:56:07.740">
<gc-op id="4561" type="trace" timems="334.960" contextid="4545" timestamp="2022-02-08T18:56:07.740">
  <trace bytesTraced="74442964" workStackOverflowCount="0" />
  <card-cleaning reason="card cleaning threshold reached" bytesTraced="904" cardsCleaned="2" />
</gc-op>
</concurrent-end>

<exclusive-start id="4562" timestamp="2022-02-08T18:56:07.740" intervalms="204.877">
  <response-info timems="0.017" idlems="0.017" threads="0" lastid="0000000000016F00" lastname="main" />
</exclusive-start>
<concurrent-global-final id="4563" timestamp="2022-02-08T18:56:07.740" contextid="4545" intervalms="3709.388" >
  <concurrent-trace-info reason="card cleaning threshold reached" tracedByMutators="57574744" tracedByHelpers="16869124" cardsCleaned="2" workStackOverflowCount="0" />
</concurrent-global-final>
<gc-start id="4564" type="global" contextid="4545" timestamp="2022-02-08T18:56:07.740">
  <mem-info id="4565" free="121815904" total="1073741824" percent="11">
    <mem type="nursery" free="99549096" total="268435456" percent="37">
      <mem type="allocate" free="99549096" total="183631872" percent="54" />
      <mem type="survivor" free="0" total="84803584" percent="0" />
    </mem>
    <mem type="tenure" free="22266808" total="805306368" percent="2">
      <mem type="soa" free="14213048" total="797252608" percent="1" />
      <mem type="loa" free="8053760" total="8053760" percent="100" />
    </mem>
    <remembered-set count="103" />
  </mem-info>
</gc-start>
<allocation-stats totalBytes="7697736" >
  <allocated-bytes non-tlh="168" tlh="7697568" />
  <largest-consumer threadName="main" threadId="0000000000016F00" bytes="7697736" />
</allocation-stats>
<gc-op id="4566" type="rs-scan" timems="0.529" contextid="4545" timestamp="2022-02-08T18:56:07.740">
  <scan objectsFound="0" bytesTraced="3836" workStackOverflowCount="0" />
</gc-op>
<gc-op id="4567" type="card-cleaning" timems="148.630" contextid="4545" timestamp="2022-02-08T18:56:07.889">
  <card-cleaning cardsCleaned="10" bytesTraced="71014508" workStackOverflowCount="0" />
</gc-op>
<gc-op id="4568" type="mark" timems="63.416" contextid="4545" timestamp="2022-02-08T18:56:07.952">
  <trace-info objectcount="2343247" scancount="1758963" scanbytes="37592232" />
  <finalization candidates="428" enqueued="57" />
  <ownableSynchronizers candidates="1" cleared="0" />
  <references type="soft" candidates="894" cleared="0" enqueued="0" dynamicThreshold="12" maxThreshold="32" />
  <references type="weak" candidates="1701" cleared="0" enqueued="0" />
  <references type="phantom" candidates="52" cleared="2" enqueued="2" />
  <stringconstants candidates="6470" cleared="0"  />
  <object-monitors candidates="2" cleared="0"  />
</gc-op>
<gc-op id="4569" type="sweep" timems="4.767" contextid="4545" timestamp="2022-02-08T18:56:07.957" />
<gc-end id="4570" type="global" contextid="4545" durationms="217.553" usertimems="232.875" systemtimems="0.441" stalltimems="188.946" timestamp="2022-02-08T18:56:07.957" activeThreads="4">
  <mem-info id="4571" free="365165920" total="1073741824" percent="34">
    <mem type="nursery" free="99959216" total="268435456" percent="37">
      <mem type="allocate" free="99959216" total="183631872" percent="54" />
      <mem type="survivor" free="0" total="84803584" percent="0" />
    </mem>
    <mem type="tenure" free="265206704" total="805306368" percent="32" micro-fragmented="417538" macro-fragmented="0">
      <mem type="soa" free="257152944" total="797252608" percent="32" />
      <mem type="loa" free="8053760" total="8053760" percent="100" />
    </mem>
    <pending-finalizers system="57" default="0" reference="2" classloader="0" />
    <remembered-set count="103" />
  </mem-info>
</gc-end>
<cycle-end id="4572" type="global" contextid="4545" timestamp="2022-02-08T18:56:07.957" />
<exclusive-end id="4573" timestamp="2022-02-08T18:56:07.957" durationms="217.751" />

<exclusive-start id="4574" timestamp="2022-02-08T18:56:08.579" intervalms="839.789">
  <response-info timems="0.019" idlems="0.019" threads="0" lastid="0000000000016F00" lastname="main" />
</exclusive-start>
<af-start id="4575" threadId="0000000000017908" totalBytesRequested="104" timestamp="2022-02-08T18:56:08.579" intervalms="1044.692" type="nursery" />
<cycle-start id="4576" type="scavenge" contextid="0" timestamp="2022-02-08T18:56:08.580" intervalms="1044.704" />
<gc-start id="4577" type="scavenge" contextid="4576" timestamp="2022-02-08T18:56:08.580">
  <mem-info id="4578" free="265206704" total="1073741824" percent="24">
    <mem type="nursery" free="0" total="268435456" percent="0">
      <mem type="allocate" free="0" total="183631872" percent="0" />
      <mem type="survivor" free="0" total="84803584" percent="0" />
    </mem>
    <mem type="tenure" free="265206704" total="805306368" percent="32">
      <mem type="soa" free="257152944" total="797252608" percent="32" />
      <mem type="loa" free="8053760" total="8053760" percent="100" />
    </mem>
    <remembered-set count="106" />
  </mem-info>
</gc-start>
<allocation-stats totalBytes="99915424" >
  <allocated-bytes non-tlh="0" tlh="99915424" />
  <largest-consumer threadName="main" threadId="0000000000016F00" bytes="99911328" />
</allocation-stats>
<gc-op id="4579" type="scavenge" timems="77.761" contextid="4576" timestamp="2022-02-08T18:56:08.657">
  <scavenger-info tenureage="1" tenuremask="7ffe" tiltratio="68" />
  <memory-copied type="nursery" objects="1343710" bytes="76387168" bytesdiscarded="129128" />
  <memory-copied type="tenure" objects="1385220" bytes="76066112" bytesdiscarded="45072" />
  <ownableSynchronizers candidates="2" cleared="2" />
  <object-monitors candidates="2" cleared="0"  />
</gc-op>
<gc-end id="4580" type="scavenge" contextid="4576" durationms="78.027" usertimems="305.738" systemtimems="0.000" stalltimems="4.447" timestamp="2022-02-08T18:56:08.658" activeThreads="4">
  <mem-info id="4581" free="296270848" total="1073741824" percent="27">
    <mem type="nursery" free="107508792" total="268435456" percent="40">
      <mem type="allocate" free="107508792" total="184025088" percent="58" />
      <mem type="survivor" free="0" total="84410368" percent="0" />
    </mem>
    <mem type="tenure" free="188762056" total="805306368" percent="23" macro-fragmented="0">
      <mem type="soa" free="180708296" total="797252608" percent="22" />
      <mem type="loa" free="8053760" total="8053760" percent="100" />
    </mem>
    <remembered-set count="105" />
  </mem-info>
</gc-end>
<cycle-end id="4582" type="scavenge" contextid="4576" timestamp="2022-02-08T18:56:08.658" />
<allocation-satisfied id="4583" threadId="0000000000016F00" bytesRequested="104" />
<af-end id="4584" timestamp="2022-02-08T18:56:08.658" threadId="0000000000017908" success="true" from="nursery"/>
<exclusive-end id="4585" timestamp="2022-02-08T18:56:08.658" durationms="78.378" />

<exclusive-start id="4586" timestamp="2022-02-08T18:56:09.529" intervalms="949.558">
  <response-info timems="0.019" idlems="0.019" threads="0" lastid="0000000000016F00" lastname="main" />
</exclusive-start>
<af-start id="4587" threadId="0000000000017908" totalBytesRequested="192" timestamp="2022-02-08T18:56:09.529" intervalms="949.532" type="nursery" />
<cycle-start id="4588" type="scavenge" contextid="0" timestamp="2022-02-08T18:56:09.529" intervalms="949.511" />
<gc-start id="4589" type="scavenge" contextid="4588" timestamp="2022-02-08T18:56:09.529">
  <mem-info id="4590" free="188762056" total="1073741824" percent="17">
    <mem type="nursery" free="0" total="268435456" percent="0">
      <mem type="allocate" free="0" total="184025088" percent="0" />
      <mem type="survivor" free="0" total="84410368" percent="0" />
    </mem>
    <mem type="tenure" free="188762056" total="805306368" percent="23">
      <mem type="soa" free="180708296" total="797252608" percent="22" />
      <mem type="loa" free="8053760" total="8053760" percent="100" />
    </mem>
    <remembered-set count="136" />
  </mem-info>
</gc-start>
<allocation-stats totalBytes="107461904" >
  <allocated-bytes non-tlh="1661248" tlh="105800656" />
  <largest-consumer threadName="main" threadId="0000000000016F00" bytes="107461904" />
</allocation-stats>
<gc-op id="4591" type="scavenge" timems="77.114" contextid="4588" timestamp="2022-02-08T18:56:09.606">
  <scavenger-info tenureage="1" tenuremask="7ffe" tiltratio="68" />
  <memory-copied type="nursery" objects="1456860" bytes="75633080" bytesdiscarded="48416" />
  <memory-copied type="tenure" objects="1343710" bytes="76387168" bytesdiscarded="43760" />
  <finalization candidates="109" enqueued="53" />
  <references type="soft" candidates="14" cleared="0" enqueued="0" dynamicThreshold="10" maxThreshold="32" />
  <references type="weak" candidates="1" cleared="0" enqueued="0" />
  <references type="phantom" candidates="94" cleared="7" enqueued="7" />
  <object-monitors candidates="2" cleared="0"  />
</gc-op>
<gc-end id="4592" type="scavenge" contextid="4588" durationms="77.344" usertimems="304.272" systemtimems="0.000" stalltimems="3.486" timestamp="2022-02-08T18:56:09.606" activeThreads="4">
  <mem-info id="4593" free="220985816" total="1073741824" percent="20">
    <mem type="nursery" free="108736680" total="268435456" percent="40">
      <mem type="allocate" free="108736680" total="184418304" percent="58" />
      <mem type="survivor" free="0" total="84017152" percent="0" />
    </mem>
    <mem type="tenure" free="112249136" total="805306368" percent="13" macro-fragmented="0">
      <mem type="soa" free="104195376" total="797252608" percent="13" />
      <mem type="loa" free="8053760" total="8053760" percent="100" />
    </mem>
    <pending-finalizers system="52" default="1" reference="7" classloader="0" />
    <remembered-set count="132" />
  </mem-info>
</gc-end>
<cycle-end id="4594" type="scavenge" contextid="4588" timestamp="2022-02-08T18:56:09.607" />
<allocation-satisfied id="4595" threadId="0000000000016F00" bytesRequested="192" />
<af-end id="4596" timestamp="2022-02-08T18:56:09.607" threadId="0000000000017908" success="true" from="nursery"/>
<exclusive-end id="4597" timestamp="2022-02-08T18:56:09.607" durationms="77.598" />

<concurrent-kickoff id="4598" timestamp="2022-02-08T18:56:10.289">
  <kickoff reason="threshold reached" targetBytes="74443051" thresholdFreeBytes="5779087"  remainingFree="5701512" tenureFreeBytes="112249136" nurseryFreeBytes="5701512" />
</concurrent-kickoff>
<exclusive-start id="4599" timestamp="2022-02-08T18:56:10.293" intervalms="763.611">
  <response-info timems="0.019" idlems="0.019" threads="0" lastid="0000000000016F00" lastname="main" />
</exclusive-start>
<cycle-start id="4600" type="global" contextid="0" timestamp="2022-02-08T18:56:10.293" intervalms="2887.988" />
<concurrent-start id="4601" type="global mark" contextid="4600" timestamp="2022-02-08T18:56:10.293">
</concurrent-start>
<exclusive-end id="4602" timestamp="2022-02-08T18:56:10.293" durationms="0.029" />

<exclusive-start id="4603" timestamp="2022-02-08T18:56:10.434" intervalms="141.704">
  <response-info timems="0.018" idlems="0.018" threads="0" lastid="0000000000016F00" lastname="main" />
</exclusive-start>
<af-start id="4604" threadId="0000000000017908" totalBytesRequested="112" timestamp="2022-02-08T18:56:10.434" intervalms="905.315" type="nursery" />
<cycle-start id="4605" type="scavenge" contextid="0" timestamp="2022-02-08T18:56:10.434" intervalms="905.315" />
<gc-start id="4606" type="scavenge" contextid="4605" timestamp="2022-02-08T18:56:10.434">
  <mem-info id="4607" free="112249136" total="1073741824" percent="10">
    <mem type="nursery" free="0" total="268435456" percent="0">
      <mem type="allocate" free="0" total="184418304" percent="0" />
      <mem type="survivor" free="0" total="84017152" percent="0" />
    </mem>
    <mem type="tenure" free="112249136" total="805306368" percent="13">
      <mem type="soa" free="104195376" total="797252608" percent="13" />
      <mem type="loa" free="8053760" total="8053760" percent="100" />
    </mem>
    <remembered-set count="133" />
  </mem-info>
</gc-start>
<allocation-stats totalBytes="108684872" >
  <allocated-bytes non-tlh="1347872" tlh="107337000" />
  <largest-consumer threadName="main" threadId="0000000000016F00" bytes="108676680" />
</allocation-stats>
<gc-op id="4608" type="scavenge" timems="79.155" contextid="4605" timestamp="2022-02-08T18:56:10.514">
  <scavenger-info tenureage="1" tenuremask="7ffe" tiltratio="68" />
  <memory-copied type="nursery" objects="1383681" bytes="77821056" bytesdiscarded="300944" />
  <memory-copied type="tenure" objects="1456140" bytes="74689808" bytesdiscarded="41072" />
  <finalization candidates="57" enqueued="0" />
  <references type="phantom" candidates="1" cleared="0" enqueued="0" />
  <object-monitors candidates="2" cleared="0"  />
</gc-op>
<gc-end id="4609" type="scavenge" contextid="4605" durationms="79.390" usertimems="311.854" systemtimems="0.796" stalltimems="2.770" timestamp="2022-02-08T18:56:10.514" activeThreads="4">
  <mem-info id="4610" free="142220072" total="1073741824" percent="13">
    <mem type="nursery" free="104330224" total="268435456" percent="38">
      <mem type="allocate" free="104330224" total="182452224" percent="57" />
      <mem type="survivor" free="0" total="85983232" percent="0" />
    </mem>
    <mem type="tenure" free="37889848" total="805306368" percent="4" macro-fragmented="0">
      <mem type="soa" free="29836088" total="797252608" percent="3" />
      <mem type="loa" free="8053760" total="8053760" percent="100" />
    </mem>
    <remembered-set count="102" />
  </mem-info>
</gc-end>
<cycle-end id="4611" type="scavenge" contextid="4605" timestamp="2022-02-08T18:56:10.514" />
<allocation-satisfied id="4612" threadId="0000000000016F00" bytesRequested="112" />
<af-end id="4613" timestamp="2022-02-08T18:56:10.514" threadId="0000000000017908" success="true" from="nursery"/>
<exclusive-end id="4614" timestamp="2022-02-08T18:56:10.514" durationms="79.704" />

<concurrent-end id="4615" type="global mark" contextid="4600" timestamp="2022-02-08T18:56:10.663">
<gc-op id="4616" type="trace" timems="370.514" contextid="4600" timestamp="2022-02-08T18:56:10.663">
  <trace bytesTraced="74443172" workStackOverflowCount="0" />
  <card-cleaning reason="card cleaning threshold reached" bytesTraced="904" cardsCleaned="2" />
</gc-op>
</concurrent-end>

<exclusive-start id="4617" timestamp="2022-02-08T18:56:10.663" intervalms="228.913">
  <response-info timems="0.042" idlems="0.042" threads="0" lastid="0000000000016F00" lastname="main" />
</exclusive-start>
<concurrent-global-final id="4618" timestamp="2022-02-08T18:56:10.663" contextid="4600" intervalms="2923.594" >
  <concurrent-trace-info reason="card cleaning threshold reached" tracedByMutators="57459076" tracedByHelpers="16985000" cardsCleaned="2" workStackOverflowCount="0" />
</concurrent-global-final>
<gc-start id="4619" type="global" contextid="4600" timestamp="2022-02-08T18:56:10.663">
  <mem-info id="4620" free="133864120" total="1073741824" percent="12">
    <mem type="nursery" free="95974272" total="268435456" percent="35">
      <mem type="allocate" free="95974272" total="182452224" percent="52" />
      <mem type="survivor" free="0" total="85983232" percent="0" />
    </mem>
    <mem type="tenure" free="37889848" total="805306368" percent="4">
      <mem type="soa" free="29836088" total="797252608" percent="3" />
      <mem type="loa" free="8053760" total="8053760" percent="100" />
    </mem>
    <remembered-set count="102" />
  </mem-info>
</gc-start>
<allocation-stats totalBytes="8351264" >
  <allocated-bytes non-tlh="112" tlh="8351152" />
  <largest-consumer threadName="main" threadId="0000000000016F00" bytes="8351264" />
</allocation-stats>
<gc-op id="4621" type="rs-scan" timems="0.641" contextid="4600" timestamp="2022-02-08T18:56:10.664">
  <scan objectsFound="29" bytesTraced="5268" workStackOverflowCount="0" />
</gc-op>
<gc-op id="4622" type="card-cleaning" timems="142.089" contextid="4600" timestamp="2022-02-08T18:56:10.806">
  <card-cleaning cardsCleaned="9" bytesTraced="71013076" workStackOverflowCount="0" />
</gc-op>
<gc-op id="4623" type="mark" timems="56.818" contextid="4600" timestamp="2022-02-08T18:56:10.863">
  <trace-info objectcount="2098166" scancount="1575152" scanbytes="33670952" />
  <finalization candidates="428" enqueued="57" />
  <ownableSynchronizers candidates="1" cleared="0" />
  <references type="soft" candidates="894" cleared="0" enqueued="0" dynamicThreshold="10" maxThreshold="32" />
  <references type="weak" candidates="1701" cleared="0" enqueued="0" />
  <references type="phantom" candidates="52" cleared="2" enqueued="2" />
  <stringconstants candidates="6470" cleared="0"  />
  <object-monitors candidates="2" cleared="0"  />
</gc-op>
<gc-op id="4624" type="sweep" timems="5.103" contextid="4600" timestamp="2022-02-08T18:56:10.868" />
<gc-end id="4625" type="global" contextid="4600" durationms="204.885" usertimems="220.932" systemtimems="0.466" stalltimems="169.582" timestamp="2022-02-08T18:56:10.868" activeThreads="4">
  <mem-info id="4626" free="377040368" total="1073741824" percent="35">
    <mem type="nursery" free="96365760" total="268435456" percent="35">
      <mem type="allocate" free="96365760" total="182452224" percent="52" />
      <mem type="survivor" free="0" total="85983232" percent="0" />
    </mem>
    <mem type="tenure" free="280674608" total="805306368" percent="34" micro-fragmented="337542" macro-fragmented="0">
      <mem type="soa" free="272620848" total="797252608" percent="34" />
      <mem type="loa" free="8053760" total="8053760" percent="100" />
    </mem>
    <pending-finalizers system="57" default="0" reference="2" classloader="0" />
    <remembered-set count="102" />
  </mem-info>
</gc-end>
<cycle-end id="4627" type="global" contextid="4600" timestamp="2022-02-08T18:56:10.868" />
<exclusive-end id="4628" timestamp="2022-02-08T18:56:10.868" durationms="205.163" />

<exclusive-start id="4629" timestamp="2022-02-08T18:56:11.476" intervalms="813.258">
  <response-info timems="0.020" idlems="0.020" threads="0" lastid="0000000000016F00" lastname="main" />
</exclusive-start>
<af-start id="4630" threadId="0000000000017908" totalBytesRequested="112" timestamp="2022-02-08T18:56:11.477" intervalms="1042.173" type="nursery" />
<cycle-start id="4631" type="scavenge" contextid="0" timestamp="2022-02-08T18:56:11.477" intervalms="1042.173" />
<gc-start id="4632" type="scavenge" contextid="4631" timestamp="2022-02-08T18:56:11.477">
  <mem-info id="4633" free="280674608" total="1073741824" percent="26">
    <mem type="nursery" free="0" total="268435456" percent="0">
      <mem type="allocate" free="0" total="182452224" percent="0" />
      <mem type="survivor" free="0" total="85983232" percent="0" />
    </mem>
    <mem type="tenure" free="280674608" total="805306368" percent="34">
      <mem type="soa" free="272620848" total="797252608" percent="34" />
      <mem type="loa" free="8053760" total="8053760" percent="100" />
    </mem>
    <remembered-set count="105" />
  </mem-info>
</gc-start>
<allocation-stats totalBytes="96323128" >
  <allocated-bytes non-tlh="0" tlh="96323128" />
  <largest-consumer threadName="main" threadId="0000000000016F00" bytes="96319032" />
</allocation-stats>
<gc-op id="4634" type="scavenge" timems="77.876" contextid="4631" timestamp="2022-02-08T18:56:11.554">
  <scavenger-info tenureage="1" tenuremask="7ffe" tiltratio="67" />
  <memory-copied type="nursery" objects="1312682" bytes="74329576" bytesdiscarded="251048" />
  <memory-copied type="tenure" objects="1383681" bytes="77821056" bytesdiscarded="44240" />
  <finalization candidates="1" enqueued="0" />
  <ownableSynchronizers candidates="2" cleared="2" />
  <object-monitors candidates="2" cleared="0"  />
</gc-op>
<gc-end id="4635" type="scavenge" contextid="4631" durationms="78.032" usertimems="301.719" systemtimems="2.689" stalltimems="6.402" timestamp="2022-02-08T18:56:11.555" activeThreads="4">
  <mem-info id="4636" free="310845152" total="1073741824" percent="28">
    <mem type="nursery" free="108264816" total="268435456" percent="40">
      <mem type="allocate" free="108264816" total="182845440" percent="59" />
      <mem type="survivor" free="0" total="85590016" percent="0" />
    </mem>
    <mem type="tenure" free="202580336" total="805306368" percent="25" macro-fragmented="0">
      <mem type="soa" free="194526576" total="797252608" percent="24" />
      <mem type="loa" free="8053760" total="8053760" percent="100" />
    </mem>
    <remembered-set count="105" />
  </mem-info>
</gc-end>
<cycle-end id="4637" type="scavenge" contextid="4631" timestamp="2022-02-08T18:56:11.555" />
<allocation-satisfied id="4638" threadId="0000000000016F00" bytesRequested="112" />
<af-end id="4639" timestamp="2022-02-08T18:56:11.555" threadId="0000000000017908" success="true" from="nursery"/>
<exclusive-end id="4640" timestamp="2022-02-08T18:56:11.555" durationms="78.280" />

<exclusive-start id="4641" timestamp="2022-02-08T18:56:12.421" intervalms="944.138">
  <response-info timems="0.017" idlems="0.017" threads="0" lastid="0000000000016F00" lastname="main" />
</exclusive-start>
<af-start id="4642" threadId="0000000000017908" totalBytesRequested="136" timestamp="2022-02-08T18:56:12.421" intervalms="944.137" type="nursery" />
<cycle-start id="4643" type="scavenge" contextid="0" timestamp="2022-02-08T18:56:12.421" intervalms="944.137" />
<gc-start id="4644" type="scavenge" contextid="4643" timestamp="2022-02-08T18:56:12.421">
  <mem-info id="4645" free="202580336" total="1073741824" percent="18">
    <mem type="nursery" free="0" total="268435456" percent="0">
      <mem type="allocate" free="0" total="182845440" percent="0" />
      <mem type="survivor" free="0" total="85590016" percent="0" />
    </mem>
    <mem type="tenure" free="202580336" total="805306368" percent="25">
      <mem type="soa" free="194526576" total="797252608" percent="24" />
      <mem type="loa" free="8053760" total="8053760" percent="100" />
    </mem>
    <remembered-set count="136" />
  </mem-info>
</gc-start>
<allocation-stats totalBytes="108218440" >
  <allocated-bytes non-tlh="1590680" tlh="106627760" />
  <largest-consumer threadName="main" threadId="0000000000016F00" bytes="108218440" />
</allocation-stats>
<gc-op id="4646" type="scavenge" timems="78.852" contextid="4643" timestamp="2022-02-08T18:56:12.500">
  <scavenger-info tenureage="1" tenuremask="7ffe" tiltratio="68" />
  <memory-copied type="nursery" objects="1487815" bytes="76204800" bytesdiscarded="177104" />
  <memory-copied type="tenure" objects="1312682" bytes="74329576" bytesdiscarded="45152" />
  <finalization candidates="109" enqueued="53" />
  <references type="soft" candidates="14" cleared="0" enqueued="0" dynamicThreshold="11" maxThreshold="32" />
  <references type="weak" candidates="1" cleared="0" enqueued="0" />
  <references type="phantom" candidates="94" cleared="7" enqueued="7" />
  <object-monitors candidates="2" cleared="0"  />
</gc-op>
<gc-end id="4647" type="scavenge" contextid="4643" durationms="79.040" usertimems="312.573" systemtimems="0.000" stalltimems="1.783" timestamp="2022-02-08T18:56:12.500" activeThreads="4">
  <mem-info id="4648" free="235012240" total="1073741824" percent="21">
    <mem type="nursery" free="106725552" total="268435456" percent="39">
      <mem type="allocate" free="106725552" total="183107584" percent="58" />
      <mem type="survivor" free="0" total="85327872" percent="0" />
    </mem>
    <mem type="tenure" free="128286688" total="805306368" percent="15" macro-fragmented="0">
      <mem type="soa" free="120232928" total="797252608" percent="15" />
      <mem type="loa" free="8053760" total="8053760" percent="100" />
    </mem>
    <pending-finalizers system="52" default="1" reference="7" classloader="0" />
    <remembered-set count="132" />
  </mem-info>
</gc-end>
<cycle-end id="4649" type="scavenge" contextid="4643" timestamp="2022-02-08T18:56:12.500" />
<allocation-satisfied id="4650" threadId="0000000000016F00" bytesRequested="136" />
<af-end id="4651" timestamp="2022-02-08T18:56:12.500" threadId="0000000000017908" success="true" from="nursery"/>
<exclusive-end id="4652" timestamp="2022-02-08T18:56:12.500" durationms="79.291" />

<concurrent-kickoff id="4653" timestamp="2022-02-08T18:56:13.201">
  <kickoff reason="threshold reached" targetBytes="74443257" thresholdFreeBytes="5779520"  remainingFree="5669040" tenureFreeBytes="128286688" nurseryFreeBytes="5669040" />
</concurrent-kickoff>
<exclusive-start id="4654" timestamp="2022-02-08T18:56:13.204" intervalms="783.453">
  <response-info timems="0.019" idlems="0.019" threads="0" lastid="0000000000016F00" lastname="main" />
</exclusive-start>
<cycle-start id="4655" type="global" contextid="0" timestamp="2022-02-08T18:56:13.204" intervalms="2911.466" />
<concurrent-start id="4656" type="global mark" contextid="4655" timestamp="2022-02-08T18:56:13.204">
</concurrent-start>
<exclusive-end id="4657" timestamp="2022-02-08T18:56:13.204" durationms="0.029" />

<exclusive-start id="4658" timestamp="2022-02-08T18:56:13.330" intervalms="125.627">
  <response-info timems="0.017" idlems="0.017" threads="0" lastid="0000000000016F00" lastname="main" />
</exclusive-start>
<af-start id="4659" threadId="0000000000017908" totalBytesRequested="16" timestamp="2022-02-08T18:56:13.330" intervalms="909.079" type="nursery" />
<cycle-start id="4660" type="scavenge" contextid="0" timestamp="2022-02-08T18:56:13.330" intervalms="909.078" />
<gc-start id="4661" type="scavenge" contextid="4660" timestamp="2022-02-08T18:56:13.330">
  <mem-info id="4662" free="128286688" total="1073741824" percent="11">
    <mem type="nursery" free="0" total="268435456" percent="0">
      <mem type="allocate" free="0" total="183107584" percent="0" />
      <mem type="survivor" free="0" total="85327872" percent="0" />
    </mem>
    <mem type="tenure" free="128286688" total="805306368" percent="15">
      <mem type="soa" free="120232928" total="797252608" percent="15" />
      <mem type="loa" free="8053760" total="8053760" percent="100" />
    </mem>
    <remembered-set count="133" />
  </mem-info>
</gc-start>
<allocation-stats totalBytes="106675384" >
  <allocated-bytes non-tlh="1347816" tlh="105327568" />
  <largest-consumer threadName="main" threadId="0000000000016F00" bytes="106667192" />
</allocation-stats>
<gc-op id="4663" type="scavenge" timems="77.808" contextid="4660" timestamp="2022-02-08T18:56:13.408">
  <scavenger-info tenureage="1" tenuremask="7ffe" tiltratio="68" />
  <memory-copied type="nursery" objects="1334468" bytes="76346488" bytesdiscarded="263656" />
  <memory-copied type="tenure" objects="1487096" bytes="75261632" bytesdiscarded="40456" />
  <finalization candidates="57" enqueued="0" />
  <references type="phantom" candidates="1" cleared="0" enqueued="0" />
  <object-monitors candidates="2" cleared="0"  />
</gc-op>
<gc-end id="4664" type="scavenge" contextid="4660" durationms="78.105" usertimems="306.323" systemtimems="0.000" stalltimems="4.566" timestamp="2022-02-08T18:56:13.408" activeThreads="4">
  <mem-info id="4665" free="160067552" total="1073741824" percent="14">
    <mem type="nursery" free="107021728" total="268435456" percent="39">
      <mem type="allocate" free="107021728" total="183631872" percent="58" />
      <mem type="survivor" free="0" total="84803584" percent="0" />
    </mem>
    <mem type="tenure" free="53045824" total="805306368" percent="6" macro-fragmented="0">
      <mem type="soa" free="44992064" total="797252608" percent="5" />
      <mem type="loa" free="8053760" total="8053760" percent="100" />
    </mem>
    <remembered-set count="102" />
  </mem-info>
</gc-end>
<cycle-end id="4666" type="scavenge" contextid="4660" timestamp="2022-02-08T18:56:13.408" />
<allocation-satisfied id="4667" threadId="0000000000016F00" bytesRequested="16" />
<af-end id="4668" timestamp="2022-02-08T18:56:13.408" threadId="0000000000017908" success="true" from="nursery"/>
<exclusive-end id="4669" timestamp="2022-02-08T18:56:13.408" durationms="78.452" />

<concurrent-end id="4670" type="global mark" contextid="4655" timestamp="2022-02-08T18:56:13.529">
<gc-op id="4671" type="trace" timems="324.995" contextid="4655" timestamp="2022-02-08T18:56:13.529">
  <trace bytesTraced="74443380" workStackOverflowCount="0" />
  <card-cleaning reason="card cleaning threshold reached" bytesTraced="904" cardsCleaned="2" />
</gc-op>
</concurrent-end>

<exclusive-start id="4672" timestamp="2022-02-08T18:56:13.529" intervalms="199.437">
  <response-info timems="0.018" idlems="0.018" threads="0" lastid="0000000000016F00" lastname="main" />
</exclusive-start>
<concurrent-global-final id="4673" timestamp="2022-02-08T18:56:13.529" contextid="4655" intervalms="2865.894" >
  <concurrent-trace-info reason="card cleaning threshold reached" tracedByMutators="59330464" tracedByHelpers="15113820" cardsCleaned="2" workStackOverflowCount="0" />
</concurrent-global-final>
<gc-start id="4674" type="global" contextid="4655" timestamp="2022-02-08T18:56:13.529">
  <mem-info id="4675" free="151842768" total="1073741824" percent="14">
    <mem type="nursery" free="98796944" total="268435456" percent="36">
      <mem type="allocate" free="98796944" total="183631872" percent="53" />
      <mem type="survivor" free="0" total="84803584" percent="0" />
    </mem>
    <mem type="tenure" free="53045824" total="805306368" percent="6">
      <mem type="soa" free="44992064" total="797252608" percent="5" />
      <mem type="loa" free="8053760" total="8053760" percent="100" />
    </mem>
    <remembered-set count="102" />
  </mem-info>
</gc-start>
<allocation-stats totalBytes="8220920" >
  <allocated-bytes non-tlh="16" tlh="8220904" />
  <largest-consumer threadName="main" threadId="0000000000016F00" bytes="8220920" />
</allocation-stats>
<gc-op id="4676" type="rs-scan" timems="0.546" contextid="4655" timestamp="2022-02-08T18:56:13.530">
  <scan objectsFound="29" bytesTraced="5268" workStackOverflowCount="0" />
</gc-op>
<gc-op id="4677" type="card-cleaning" timems="152.259" contextid="4655" timestamp="2022-02-08T18:56:13.682">
  <card-cleaning cardsCleaned="9" bytesTraced="71013076" workStackOverflowCount="0" />
</gc-op>
<gc-op id="4678" type="mark" timems="47.732" contextid="4655" timestamp="2022-02-08T18:56:13.730">
  <trace-info objectcount="1803555" scancount="1354194" scanbytes="28957160" />
  <finalization candidates="428" enqueued="57" />
  <ownableSynchronizers candidates="1" cleared="0" />
  <references type="soft" candidates="894" cleared="0" enqueued="0" dynamicThreshold="11" maxThreshold="32" />
  <references type="weak" candidates="1701" cleared="0" enqueued="0" />
  <references type="phantom" candidates="52" cleared="2" enqueued="2" />
  <stringconstants candidates="6470" cleared="0"  />
  <object-monitors candidates="2" cleared="0"  />
</gc-op>
<gc-op id="4679" type="sweep" timems="4.711" contextid="4655" timestamp="2022-02-08T18:56:13.735" />
<gc-end id="4680" type="global" contextid="4655" durationms="205.494" usertimems="220.633" systemtimems="0.000" stalltimems="142.683" timestamp="2022-02-08T18:56:13.735" activeThreads="4">
  <mem-info id="4681" free="395030952" total="1073741824" percent="36">
    <mem type="nursery" free="99153056" total="268435456" percent="36">
      <mem type="allocate" free="99153056" total="183631872" percent="53" />
      <mem type="survivor" free="0" total="84803584" percent="0" />
    </mem>
    <mem type="tenure" free="295877896" total="805306368" percent="36" micro-fragmented="360820" macro-fragmented="0">
      <mem type="soa" free="287824136" total="797252608" percent="36" />
      <mem type="loa" free="8053760" total="8053760" percent="100" />
    </mem>
    <pending-finalizers system="57" default="0" reference="2" classloader="0" />
    <remembered-set count="102" />
  </mem-info>
</gc-end>
<cycle-end id="4682" type="global" contextid="4655" timestamp="2022-02-08T18:56:13.735" />
<exclusive-end id="4683" timestamp="2022-02-08T18:56:13.735" durationms="205.687" />

<exclusive-start id="4684" timestamp="2022-02-08T18:56:14.371" intervalms="842.192">
  <response-info timems="0.019" idlems="0.019" threads="0" lastid="0000000000016F00" lastname="main" />
</exclusive-start>
<af-start id="4685" threadId="0000000000017908" totalBytesRequested="56" timestamp="2022-02-08T18:56:14.371" intervalms="1041.630" type="nursery" />
<cycle-start id="4686" type="scavenge" contextid="0" timestamp="2022-02-08T18:56:14.371" intervalms="1041.630" />
<gc-start id="4687" type="scavenge" contextid="4686" timestamp="2022-02-08T18:56:14.371">
  <mem-info id="4688" free="295877896" total="1073741824" percent="27">
    <mem type="nursery" free="0" total="268435456" percent="0">
      <mem type="allocate" free="0" total="183631872" percent="0" />
      <mem type="survivor" free="0" total="84803584" percent="0" />
    </mem>
    <mem type="tenure" free="295877896" total="805306368" percent="36">
      <mem type="soa" free="287824136" total="797252608" percent="36" />
      <mem type="loa" free="8053760" total="8053760" percent="100" />
    </mem>
    <remembered-set count="105" />
  </mem-info>
</gc-start>
<allocation-stats totalBytes="99106928" >
  <allocated-bytes non-tlh="0" tlh="99106928" />
  <largest-consumer threadName="main" threadId="0000000000016F00" bytes="99102832" />
</allocation-stats>
<gc-op id="4689" type="scavenge" timems="87.467" contextid="4686" timestamp="2022-02-08T18:56:14.459">
  <scavenger-info tenureage="1" tenuremask="7ffe" tiltratio="68" />
  <memory-copied type="nursery" objects="1354375" bytes="76240280" bytesdiscarded="345528" />
  <memory-copied type="tenure" objects="1334468" bytes="76346488" bytesdiscarded="47128" />
  <finalization candidates="1" enqueued="0" />
  <ownableSynchronizers candidates="2" cleared="2" />
  <object-monitors candidates="2" cleared="0"  />
</gc-op>
<gc-end id="4690" type="scavenge" contextid="4686" durationms="87.710" usertimems="344.310" systemtimems="0.823" stalltimems="3.706" timestamp="2022-02-08T18:56:14.459" activeThreads="4">
  <mem-info id="4691" free="326913536" total="1073741824" percent="30">
    <mem type="nursery" free="107504816" total="268435456" percent="40">
      <mem type="allocate" free="107504816" total="184090624" percent="58" />
      <mem type="survivor" free="0" total="84344832" percent="0" />
    </mem>
    <mem type="tenure" free="219408720" total="805306368" percent="27" macro-fragmented="0">
      <mem type="soa" free="211354960" total="797252608" percent="26" />
      <mem type="loa" free="8053760" total="8053760" percent="100" />
    </mem>
    <remembered-set count="104" />
  </mem-info>
</gc-end>
<cycle-end id="4692" type="scavenge" contextid="4686" timestamp="2022-02-08T18:56:14.459" />
<allocation-satisfied id="4693" threadId="0000000000016F00" bytesRequested="56" />
<af-end id="4694" timestamp="2022-02-08T18:56:14.459" threadId="0000000000017908" success="true" from="nursery"/>
<exclusive-end id="4695" timestamp="2022-02-08T18:56:14.459" durationms="88.079" />

<exclusive-start id="4696" timestamp="2022-02-08T18:56:15.285" intervalms="913.488">
  <response-info timems="0.021" idlems="0.021" threads="0" lastid="0000000000016F00" lastname="main" />
</exclusive-start>
<af-start id="4697" threadId="0000000000017908" totalBytesRequested="32" timestamp="2022-02-08T18:56:15.285" intervalms="913.489" type="nursery" />
<cycle-start id="4698" type="scavenge" contextid="0" timestamp="2022-02-08T18:56:15.285" intervalms="913.490" />
<gc-start id="4699" type="scavenge" contextid="4698" timestamp="2022-02-08T18:56:15.285">
  <mem-info id="4700" free="219408720" total="1073741824" percent="20">
    <mem type="nursery" free="0" total="268435456" percent="0">
      <mem type="allocate" free="0" total="184090624" percent="0" />
      <mem type="survivor" free="0" total="84344832" percent="0" />
    </mem>
    <mem type="tenure" free="219408720" total="805306368" percent="27">
      <mem type="soa" free="211354960" total="797252608" percent="26" />
      <mem type="loa" free="8053760" total="8053760" percent="100" />
    </mem>
    <remembered-set count="135" />
  </mem-info>
</gc-start>
<allocation-stats totalBytes="107457448" >
  <allocated-bytes non-tlh="848760" tlh="106608688" />
  <largest-consumer threadName="main" threadId="0000000000016F00" bytes="107457448" />
</allocation-stats>
<gc-op id="4701" type="scavenge" timems="89.787" contextid="4698" timestamp="2022-02-08T18:56:15.375">
  <scavenger-info tenureage="1" tenuremask="7ffe" tiltratio="68" />
  <memory-copied type="nursery" objects="1459682" bytes="75789728" bytesdiscarded="122696" />
  <memory-copied type="tenure" objects="1354375" bytes="76240280" bytesdiscarded="42168" />
  <finalization candidates="92" enqueued="51" />
  <references type="soft" candidates="14" cleared="0" enqueued="0" dynamicThreshold="11" maxThreshold="32" />
  <references type="weak" candidates="1" cleared="0" enqueued="0" />
  <references type="phantom" candidates="77" cleared="7" enqueued="7" />
  <object-monitors candidates="2" cleared="0"  />
</gc-op>
<gc-end id="4702" type="scavenge" contextid="4698" durationms="90.026" usertimems="332.249" systemtimems="0.219" stalltimems="7.698" timestamp="2022-02-08T18:56:15.375" activeThreads="4">
  <mem-info id="4703" free="251437608" total="1073741824" percent="23">
    <mem type="nursery" free="108571288" total="268435456" percent="40">
      <mem type="allocate" free="108571288" total="184483840" percent="58" />
      <mem type="survivor" free="0" total="83951616" percent="0" />
    </mem>
    <mem type="tenure" free="142866320" total="805306368" percent="17" macro-fragmented="39939376">
      <mem type="soa" free="134812560" total="797252608" percent="16" />
      <mem type="loa" free="8053760" total="8053760" percent="100" />
    </mem>
    <pending-finalizers system="50" default="1" reference="7" classloader="0" />
    <remembered-set count="132" />
  </mem-info>
</gc-end>
<cycle-end id="4704" type="scavenge" contextid="4698" timestamp="2022-02-08T18:56:15.375" />
<allocation-satisfied id="4705" threadId="0000000000016F00" bytesRequested="32" />
<af-end id="4706" timestamp="2022-02-08T18:56:15.375" threadId="0000000000017908" success="true" from="nursery"/>
<exclusive-end id="4707" timestamp="2022-02-08T18:56:15.375" durationms="90.323" />

<concurrent-kickoff id="4708" timestamp="2022-02-08T18:56:16.051">
  <kickoff reason="threshold reached" targetBytes="74443461" thresholdFreeBytes="5773002"  remainingFree="5672544" tenureFreeBytes="142866320" nurseryFreeBytes="5672544" />
</concurrent-kickoff>
<exclusive-start id="4709" timestamp="2022-02-08T18:56:16.054" intervalms="769.335">
  <response-info timems="0.020" idlems="0.020" threads="0" lastid="0000000000016F00" lastname="main" />
</exclusive-start>
<cycle-start id="4710" type="global" contextid="0" timestamp="2022-02-08T18:56:16.054" intervalms="2850.090" />
<concurrent-start id="4711" type="global mark" contextid="4710" timestamp="2022-02-08T18:56:16.054">
</concurrent-start>
<exclusive-end id="4712" timestamp="2022-02-08T18:56:16.054" durationms="0.041" />

<exclusive-start id="4713" timestamp="2022-02-08T18:56:16.217" intervalms="162.581">
  <response-info timems="0.018" idlems="0.018" threads="0" lastid="0000000000016F00" lastname="main" />
</exclusive-start>
<af-start id="4714" threadId="0000000000017908" totalBytesRequested="208" timestamp="2022-02-08T18:56:16.217" intervalms="931.913" type="nursery" />
<cycle-start id="4715" type="scavenge" contextid="0" timestamp="2022-02-08T18:56:16.217" intervalms="931.913" />
<gc-start id="4716" type="scavenge" contextid="4715" timestamp="2022-02-08T18:56:16.217">
  <mem-info id="4717" free="142866320" total="1073741824" percent="13">
    <mem type="nursery" free="0" total="268435456" percent="0">
      <mem type="allocate" free="0" total="184483840" percent="0" />
      <mem type="survivor" free="0" total="83951616" percent="0" />
    </mem>
    <mem type="tenure" free="142866320" total="805306368" percent="17">
      <mem type="soa" free="134812560" total="797252608" percent="16" />
      <mem type="loa" free="8053760" total="8053760" percent="100" />
    </mem>
    <remembered-set count="133" />
  </mem-info>
</gc-start>
<allocation-stats totalBytes="108517912" >
  <allocated-bytes non-tlh="2051128" tlh="106466784" />
  <largest-consumer threadName="main" threadId="0000000000016F00" bytes="108509720" />
</allocation-stats>
<gc-op id="4718" type="scavenge" timems="81.284" contextid="4715" timestamp="2022-02-08T18:56:16.298">
  <scavenger-info tenureage="1" tenuremask="7ffe" tiltratio="68" />
  <memory-copied type="nursery" objects="1378599" bytes="77159240" bytesdiscarded="163648" />
  <memory-copied type="tenure" objects="1458983" bytes="75239496" bytesdiscarded="38240" />
  <finalization candidates="59" enqueued="2" />
  <references type="phantom" candidates="18" cleared="0" enqueued="0" />
  <object-monitors candidates="2" cleared="0"  />
</gc-op>
<gc-end id="4719" type="scavenge" contextid="4715" durationms="81.706" usertimems="315.358" systemtimems="0.105" stalltimems="5.229" timestamp="2022-02-08T18:56:16.299" activeThreads="4">
  <mem-info id="4720" free="174163432" total="1073741824" percent="16">
    <mem type="nursery" free="106440056" total="268435456" percent="39">
      <mem type="allocate" free="106440056" total="183762944" percent="57" />
      <mem type="survivor" free="0" total="84672512" percent="0" />
    </mem>
    <mem type="tenure" free="67723376" total="805306368" percent="8" macro-fragmented="47927252">
      <mem type="soa" free="59669616" total="797252608" percent="7" />
      <mem type="loa" free="8053760" total="8053760" percent="100" />
    </mem>
    <pending-finalizers system="2" default="0" reference="0" classloader="0" />
    <remembered-set count="108" />
  </mem-info>
</gc-end>
<cycle-end id="4721" type="scavenge" contextid="4715" timestamp="2022-02-08T18:56:16.299" />
<allocation-satisfied id="4722" threadId="0000000000016F00" bytesRequested="208" />
<af-end id="4723" timestamp="2022-02-08T18:56:16.299" threadId="0000000000017908" success="true" from="nursery"/>
<exclusive-end id="4724" timestamp="2022-02-08T18:56:16.299" durationms="82.273" />

<concurrent-end id="4725" type="global mark" contextid="4710" timestamp="2022-02-08T18:56:16.419">
<gc-op id="4726" type="trace" timems="365.311" contextid="4710" timestamp="2022-02-08T18:56:16.419">
  <trace bytesTraced="74443588" workStackOverflowCount="0" />
  <card-cleaning reason="card cleaning threshold reached" bytesTraced="904" cardsCleaned="2" />
</gc-op>
</concurrent-end>

<exclusive-start id="4727" timestamp="2022-02-08T18:56:16.420" intervalms="202.811">
  <response-info timems="0.018" idlems="0.018" threads="0" lastid="0000000000016F00" lastname="main" />
</exclusive-start>
<concurrent-global-final id="4728" timestamp="2022-02-08T18:56:16.420" contextid="4710" intervalms="2890.408" >
  <concurrent-trace-info reason="card cleaning threshold reached" tracedByMutators="53182724" tracedByHelpers="21261768" cardsCleaned="2" workStackOverflowCount="0" />
</concurrent-global-final>
<gc-start id="4729" type="global" contextid="4710" timestamp="2022-02-08T18:56:16.420">
  <mem-info id="4730" free="166196504" total="1073741824" percent="15">
    <mem type="nursery" free="98473128" total="268435456" percent="36">
      <mem type="allocate" free="98473128" total="183762944" percent="53" />
      <mem type="survivor" free="0" total="84672512" percent="0" />
    </mem>
    <mem type="tenure" free="67723376" total="805306368" percent="8">
      <mem type="soa" free="59669616" total="797252608" percent="7" />
      <mem type="loa" free="8053760" total="8053760" percent="100" />
    </mem>
    <remembered-set count="108" />
  </mem-info>
</gc-start>
<allocation-stats totalBytes="7963304" >
  <allocated-bytes non-tlh="208" tlh="7963096" />
  <largest-consumer threadName="main" threadId="0000000000016F00" bytes="7959208" />
</allocation-stats>
<gc-op id="4731" type="rs-scan" timems="1.031" contextid="4710" timestamp="2022-02-08T18:56:16.421">
  <scan objectsFound="29" bytesTraced="5332" workStackOverflowCount="0" />
</gc-op>
<gc-op id="4732" type="card-cleaning" timems="146.748" contextid="4710" timestamp="2022-02-08T18:56:16.567">
  <card-cleaning cardsCleaned="10" bytesTraced="71013188" workStackOverflowCount="0" />
</gc-op>
<gc-op id="4733" type="mark" timems="41.620" contextid="4710" timestamp="2022-02-08T18:56:16.609">
  <trace-info objectcount="1561163" scancount="1172399" scanbytes="25078888" />
  <finalization candidates="428" enqueued="57" />
  <ownableSynchronizers candidates="1" cleared="0" />
  <references type="soft" candidates="894" cleared="0" enqueued="0" dynamicThreshold="11" maxThreshold="32" />
  <references type="weak" candidates="1701" cleared="0" enqueued="0" />
  <references type="phantom" candidates="52" cleared="2" enqueued="2" />
  <stringconstants candidates="6470" cleared="0"  />
  <object-monitors candidates="2" cleared="0"  />
</gc-op>
<gc-op id="4734" type="sweep" timems="6.457" contextid="4710" timestamp="2022-02-08T18:56:16.616" />
<gc-end id="4735" type="global" contextid="4710" durationms="196.069" usertimems="211.225" systemtimems="0.000" stalltimems="130.068" timestamp="2022-02-08T18:56:16.616" activeThreads="4">
  <mem-info id="4736" free="409409360" total="1073741824" percent="38">
    <mem type="nursery" free="98748048" total="268435456" percent="36">
      <mem type="allocate" free="98748048" total="183762944" percent="53" />
      <mem type="survivor" free="0" total="84672512" percent="0" />
    </mem>
    <mem type="tenure" free="310661312" total="805306368" percent="38" micro-fragmented="314721" macro-fragmented="290741">
      <mem type="soa" free="302607552" total="797252608" percent="37" />
      <mem type="loa" free="8053760" total="8053760" percent="100" />
    </mem>
    <pending-finalizers system="57" default="0" reference="2" classloader="0" />
    <remembered-set count="108" />
  </mem-info>
</gc-end>
<cycle-end id="4737" type="global" contextid="4710" timestamp="2022-02-08T18:56:16.616" />
<exclusive-end id="4738" timestamp="2022-02-08T18:56:16.616" durationms="196.301" />

<exclusive-start id="4739" timestamp="2022-02-08T18:56:17.238" intervalms="818.367">
  <response-info timems="0.018" idlems="0.018" threads="0" lastid="0000000000016F00" lastname="main" />
</exclusive-start>
<af-start id="4740" threadId="0000000000017908" totalBytesRequested="24" timestamp="2022-02-08T18:56:17.238" intervalms="1021.189" type="nursery" />
<cycle-start id="4741" type="scavenge" contextid="0" timestamp="2022-02-08T18:56:17.238" intervalms="1021.188" />
<gc-start id="4742" type="scavenge" contextid="4741" timestamp="2022-02-08T18:56:17.238">
  <mem-info id="4743" free="310661312" total="1073741824" percent="28">
    <mem type="nursery" free="0" total="268435456" percent="0">
      <mem type="allocate" free="0" total="183762944" percent="0" />
      <mem type="survivor" free="0" total="84672512" percent="0" />
    </mem>
    <mem type="tenure" free="310661312" total="805306368" percent="38">
      <mem type="soa" free="302607552" total="797252608" percent="37" />
      <mem type="loa" free="8053760" total="8053760" percent="100" />
    </mem>
    <remembered-set count="111" />
  </mem-info>
</gc-start>
<allocation-stats totalBytes="98700664" >
  <allocated-bytes non-tlh="0" tlh="98700664" />
  <largest-consumer threadName="main" threadId="0000000000016F00" bytes="98696568" />
</allocation-stats>
<gc-op id="4744" type="scavenge" timems="80.349" contextid="4741" timestamp="2022-02-08T18:56:17.318">
  <scavenger-info tenureage="1" tenuremask="7ffe" tiltratio="68" />
  <memory-copied type="nursery" objects="1343348" bytes="75768424" bytesdiscarded="178336" />
  <memory-copied type="tenure" objects="1378574" bytes="77141928" bytesdiscarded="45720" />
  <finalization candidates="16" enqueued="0" />
  <ownableSynchronizers candidates="2" cleared="2" />
  <object-monitors candidates="2" cleared="0"  />
</gc-op>
<gc-end id="4745" type="scavenge" contextid="4741" durationms="80.709" usertimems="313.671" systemtimems="0.000" stalltimems="3.722" timestamp="2022-02-08T18:56:17.319" activeThreads="4">
  <mem-info id="4746" free="341466680" total="1073741824" percent="31">
    <mem type="nursery" free="108078328" total="268435456" percent="40">
      <mem type="allocate" free="108078328" total="184025088" percent="58" />
      <mem type="survivor" free="0" total="84410368" percent="0" />
    </mem>
    <mem type="tenure" free="233388352" total="805306368" percent="28" macro-fragmented="0">
      <mem type="soa" free="225334592" total="797252608" percent="28" />
      <mem type="loa" free="8053760" total="8053760" percent="100" />
    </mem>
    <remembered-set count="105" />
  </mem-info>
</gc-end>
<cycle-end id="4747" type="scavenge" contextid="4741" timestamp="2022-02-08T18:56:17.319" />
<allocation-satisfied id="4748" threadId="0000000000016F00" bytesRequested="24" />
<af-end id="4749" timestamp="2022-02-08T18:56:17.319" threadId="0000000000017908" success="true" from="nursery"/>
<exclusive-end id="4750" timestamp="2022-02-08T18:56:17.319" durationms="81.025" />

<exclusive-start id="4751" timestamp="2022-02-08T18:56:18.011" intervalms="772.676">
  <response-info timems="0.040" idlems="0.040" threads="0" lastid="0000000000016F00" lastname="main" />
</exclusive-start>
<af-start id="4752" threadId="0000000000017908" totalBytesRequested="24" timestamp="2022-02-08T18:56:18.011" intervalms="772.712" type="nursery" />
<cycle-start id="4753" type="scavenge" contextid="0" timestamp="2022-02-08T18:56:18.011" intervalms="772.732" />
<gc-start id="4754" type="scavenge" contextid="4753" timestamp="2022-02-08T18:56:18.011">
  <mem-info id="4755" free="233388352" total="1073741824" percent="21">
    <mem type="nursery" free="0" total="268435456" percent="0">
      <mem type="allocate" free="0" total="184025088" percent="0" />
      <mem type="survivor" free="0" total="84410368" percent="0" />
    </mem>
    <mem type="tenure" free="233388352" total="805306368" percent="28">
      <mem type="soa" free="225334592" total="797252608" percent="28" />
      <mem type="loa" free="8053760" total="8053760" percent="100" />
    </mem>
    <remembered-set count="119" />
  </mem-info>
</gc-start>
<allocation-stats totalBytes="108028240" >
  <allocated-bytes non-tlh="24" tlh="108028216" />
  <largest-consumer threadName="main" threadId="0000000000016F00" bytes="108028240" />
</allocation-stats>
<gc-op id="4756" type="scavenge" timems="79.507" contextid="4753" timestamp="2022-02-08T18:56:18.090">
  <scavenger-info tenureage="1" tenuremask="7ffe" tiltratio="68" />
  <memory-copied type="nursery" objects="1358351" bytes="76803664" bytesdiscarded="189480" />
  <memory-copied type="tenure" objects="1343348" bytes="75768424" bytesdiscarded="47448" />
  <finalization candidates="21" enqueued="12" />
  <references type="phantom" candidates="21" cleared="0" enqueued="0" />
  <object-monitors candidates="2" cleared="0"  />
</gc-op>
<gc-end id="4757" type="scavenge" contextid="4753" durationms="79.799" usertimems="292.691" systemtimems="4.372" stalltimems="6.599" timestamp="2022-02-08T18:56:18.091" activeThreads="4">
  <mem-info id="4758" free="264707816" total="1073741824" percent="24">
    <mem type="nursery" free="107294088" total="268435456" percent="39">
      <mem type="allocate" free="107294088" total="184287232" percent="58" />
      <mem type="survivor" free="0" total="84148224" percent="0" />
    </mem>
    <mem type="tenure" free="157413728" total="805306368" percent="19" macro-fragmented="868149">
      <mem type="soa" free="149359968" total="797252608" percent="18" />
      <mem type="loa" free="8053760" total="8053760" percent="100" />
    </mem>
    <pending-finalizers system="12" default="0" reference="0" classloader="0" />
    <remembered-set count="118" />
  </mem-info>
</gc-end>
<cycle-end id="4759" type="scavenge" contextid="4753" timestamp="2022-02-08T18:56:18.091" />
<allocation-satisfied id="4760" threadId="0000000000016F00" bytesRequested="24" />
<af-end id="4761" timestamp="2022-02-08T18:56:18.091" threadId="0000000000017908" success="true" from="nursery"/>
<exclusive-end id="4762" timestamp="2022-02-08T18:56:18.091" durationms="80.154" />

<concurrent-kickoff id="4763" timestamp="2022-02-08T18:56:18.916">
  <kickoff reason="threshold reached" targetBytes="74443667" thresholdFreeBytes="5794677"  remainingFree="5713288" tenureFreeBytes="157413728" nurseryFreeBytes="5713288" />
</concurrent-kickoff>
<exclusive-start id="4764" timestamp="2022-02-08T18:56:18.919" intervalms="908.714">
  <response-info timems="0.022" idlems="0.022" threads="0" lastid="0000000000016F00" lastname="main" />
</exclusive-start>
<cycle-start id="4765" type="global" contextid="0" timestamp="2022-02-08T18:56:18.919" intervalms="2865.138" />
<concurrent-start id="4766" type="global mark" contextid="4765" timestamp="2022-02-08T18:56:18.919">
</concurrent-start>
<exclusive-end id="4767" timestamp="2022-02-08T18:56:18.919" durationms="0.029" />

<exclusive-start id="4768" timestamp="2022-02-08T18:56:19.038" intervalms="118.401">
  <response-info timems="0.034" idlems="0.034" threads="0" lastid="0000000000016F00" lastname="main" />
</exclusive-start>
<af-start id="4769" threadId="0000000000017908" totalBytesRequested="184" timestamp="2022-02-08T18:56:19.038" intervalms="1027.069" type="nursery" />
<cycle-start id="4770" type="scavenge" contextid="0" timestamp="2022-02-08T18:56:19.038" intervalms="1027.048" />
<gc-start id="4771" type="scavenge" contextid="4770" timestamp="2022-02-08T18:56:19.038">
  <mem-info id="4772" free="157413728" total="1073741824" percent="14">
    <mem type="nursery" free="0" total="268435456" percent="0">
      <mem type="allocate" free="0" total="184287232" percent="0" />
      <mem type="survivor" free="0" total="84148224" percent="0" />
    </mem>
    <mem type="tenure" free="157413728" total="805306368" percent="19">
      <mem type="soa" free="149359968" total="797252608" percent="18" />
      <mem type="loa" free="8053760" total="8053760" percent="100" />
    </mem>
    <remembered-set count="135" />
  </mem-info>
</gc-start>
<allocation-stats totalBytes="107245904" >
  <allocated-bytes non-tlh="2841472" tlh="104404432" />
  <largest-consumer threadName="main" threadId="0000000000016F00" bytes="107241808" />
</allocation-stats>
<gc-op id="4773" type="scavenge" timems="77.362" contextid="4770" timestamp="2022-02-08T18:56:19.115">
  <scavenger-info tenureage="1" tenuremask="7ffe" tiltratio="68" />
  <memory-copied type="nursery" objects="1429281" bytes="75410720" bytesdiscarded="47576" />
  <memory-copied type="tenure" objects="1358142" bytes="76692008" bytesdiscarded="39784" />
  <finalization candidates="98" enqueued="41" />
  <references type="soft" candidates="14" cleared="0" enqueued="0" dynamicThreshold="12" maxThreshold="32" />
  <references type="weak" candidates="1" cleared="0" enqueued="0" />
  <references type="phantom" candidates="83" cleared="7" enqueued="7" />
  <object-monitors candidates="2" cleared="0"  />
</gc-op>
<gc-end id="4774" type="scavenge" contextid="4770" durationms="77.594" usertimems="301.502" systemtimems="0.451" stalltimems="3.899" timestamp="2022-02-08T18:56:19.115" activeThreads="4">
  <mem-info id="4775" free="189572400" total="1073741824" percent="17">
    <mem type="nursery" free="109025416" total="268435456" percent="40">
      <mem type="allocate" free="109025416" total="184483840" percent="59" />
      <mem type="survivor" free="0" total="83951616" percent="0" />
    </mem>
    <mem type="tenure" free="80546984" total="805306368" percent="10" macro-fragmented="57512708">
      <mem type="soa" free="72493224" total="797252608" percent="9" />
      <mem type="loa" free="8053760" total="8053760" percent="100" />
    </mem>
    <pending-finalizers system="40" default="1" reference="7" classloader="0" />
    <remembered-set count="121" />
  </mem-info>
</gc-end>
<cycle-end id="4776" type="scavenge" contextid="4770" timestamp="2022-02-08T18:56:19.116" />
<allocation-satisfied id="4777" threadId="0000000000016F00" bytesRequested="184" />
<af-end id="4778" timestamp="2022-02-08T18:56:19.116" threadId="0000000000017908" success="true" from="nursery"/>
<exclusive-end id="4779" timestamp="2022-02-08T18:56:19.116" durationms="77.918" />

<concurrent-end id="4780" type="global mark" contextid="4765" timestamp="2022-02-08T18:56:19.248">
<gc-op id="4781" type="trace" timems="328.666" contextid="4765" timestamp="2022-02-08T18:56:19.248">
  <trace bytesTraced="74443892" workStackOverflowCount="0" />
  <card-cleaning reason="card cleaning threshold reached" bytesTraced="904" cardsCleaned="2" />
</gc-op>
</concurrent-end>

<exclusive-start id="4782" timestamp="2022-02-08T18:56:19.248" intervalms="210.344">
  <response-info timems="0.027" idlems="0.027" threads="0" lastid="0000000000016F00" lastname="main" />
</exclusive-start>
<concurrent-global-final id="4783" timestamp="2022-02-08T18:56:19.248" contextid="4765" intervalms="2828.503" >
  <concurrent-trace-info reason="card cleaning threshold reached" tracedByMutators="55927252" tracedByHelpers="18517544" cardsCleaned="2" workStackOverflowCount="0" />
</concurrent-global-final>
<gc-start id="4784" type="global" contextid="4765" timestamp="2022-02-08T18:56:19.248">
  <mem-info id="4785" free="182518904" total="1073741824" percent="16">
    <mem type="nursery" free="101971920" total="268435456" percent="37">
      <mem type="allocate" free="101971920" total="184483840" percent="55" />
      <mem type="survivor" free="0" total="83951616" percent="0" />
    </mem>
    <mem type="tenure" free="80546984" total="805306368" percent="10">
      <mem type="soa" free="72493224" total="797252608" percent="9" />
      <mem type="loa" free="8053760" total="8053760" percent="100" />
    </mem>
    <remembered-set count="122" />
  </mem-info>
</gc-start>
<allocation-stats totalBytes="7049728" >
  <allocated-bytes non-tlh="184" tlh="7049544" />
  <largest-consumer threadName="main" threadId="0000000000016F00" bytes="7041536" />
</allocation-stats>
<gc-op id="4786" type="rs-scan" timems="129.533" contextid="4765" timestamp="2022-02-08T18:56:19.378">
  <scan objectsFound="3324749" bytesTraced="71015820" workStackOverflowCount="0" />
</gc-op>
<gc-op id="4787" type="card-cleaning" timems="0.338" contextid="4765" timestamp="2022-02-08T18:56:19.378">
  <card-cleaning cardsCleaned="3" bytesTraced="1112" workStackOverflowCount="0" />
</gc-op>
<gc-op id="4788" type="mark" timems="37.212" contextid="4765" timestamp="2022-02-08T18:56:19.415">
  <trace-info objectcount="1250352" scancount="939290" scanbytes="20105928" />
  <finalization candidates="428" enqueued="57" />
  <ownableSynchronizers candidates="1" cleared="0" />
  <references type="soft" candidates="894" cleared="0" enqueued="0" dynamicThreshold="12" maxThreshold="32" />
  <references type="weak" candidates="1701" cleared="0" enqueued="0" />
  <references type="phantom" candidates="52" cleared="2" enqueued="2" />
  <stringconstants candidates="6470" cleared="0"  />
  <object-monitors candidates="2" cleared="0"  />
</gc-op>
<gc-op id="4789" type="sweep" timems="4.653" contextid="4765" timestamp="2022-02-08T18:56:19.420" />
<gc-end id="4790" type="global" contextid="4765" durationms="171.978" usertimems="182.738" systemtimems="4.216" stalltimems="111.363" timestamp="2022-02-08T18:56:19.420" activeThreads="4">
  <mem-info id="4791" free="426158768" total="1073741824" percent="39">
    <mem type="nursery" free="102488392" total="268435456" percent="38">
      <mem type="allocate" free="102488392" total="184483840" percent="55" />
      <mem type="survivor" free="0" total="83951616" percent="0" />
    </mem>
    <mem type="tenure" free="323670376" total="805306368" percent="40" micro-fragmented="329079" macro-fragmented="0">
      <mem type="soa" free="315616616" total="797252608" percent="39" />
      <mem type="loa" free="8053760" total="8053760" percent="100" />
    </mem>
    <pending-finalizers system="57" default="0" reference="2" classloader="0" />
    <remembered-set count="109" />
  </mem-info>
</gc-end>
<cycle-end id="4792" type="global" contextid="4765" timestamp="2022-02-08T18:56:19.420" />
<exclusive-end id="4793" timestamp="2022-02-08T18:56:19.420" durationms="172.175" />

<exclusive-start id="4794" timestamp="2022-02-08T18:56:20.113" intervalms="864.862">
  <response-info timems="0.019" idlems="0.019" threads="0" lastid="0000000000016F00" lastname="main" />
</exclusive-start>
<af-start id="4795" threadId="0000000000017908" totalBytesRequested="64" timestamp="2022-02-08T18:56:20.113" intervalms="1075.221" type="nursery" />
<cycle-start id="4796" type="scavenge" contextid="0" timestamp="2022-02-08T18:56:20.113" intervalms="1075.222" />
<gc-start id="4797" type="scavenge" contextid="4796" timestamp="2022-02-08T18:56:20.113">
  <mem-info id="4798" free="323670376" total="1073741824" percent="30">
    <mem type="nursery" free="0" total="268435456" percent="0">
      <mem type="allocate" free="0" total="184483840" percent="0" />
      <mem type="survivor" free="0" total="83951616" percent="0" />
    </mem>
    <mem type="tenure" free="323670376" total="805306368" percent="40">
      <mem type="soa" free="315616616" total="797252608" percent="39" />
      <mem type="loa" free="8053760" total="8053760" percent="100" />
    </mem>
    <remembered-set count="110" />
  </mem-info>
</gc-start>
<allocation-stats totalBytes="102440064" >
  <allocated-bytes non-tlh="0" tlh="102440064" />
  <largest-consumer threadName="main" threadId="0000000000016F00" bytes="102435968" />
</allocation-stats>
<gc-op id="4799" type="scavenge" timems="79.705" contextid="4796" timestamp="2022-02-08T18:56:20.193">
  <scavenger-info tenureage="1" tenuremask="7ffe" tiltratio="68" />
  <memory-copied type="nursery" objects="1411359" bytes="77889648" bytesdiscarded="279752" />
  <memory-copied type="tenure" objects="1428721" bytes="75046800" bytesdiscarded="44800" />
  <finalization candidates="48" enqueued="0" />
  <ownableSynchronizers candidates="2" cleared="2" />
  <object-monitors candidates="2" cleared="0"  />
</gc-op>
<gc-end id="4800" type="scavenge" contextid="4796" durationms="79.960" usertimems="314.844" systemtimems="0.028" stalltimems="3.138" timestamp="2022-02-08T18:56:20.193" activeThreads="4">
  <mem-info id="4801" free="352437344" total="1073741824" percent="32">
    <mem type="nursery" free="104020680" total="268435456" percent="38">
      <mem type="allocate" free="104020680" total="182190080" percent="57" />
      <mem type="survivor" free="0" total="86245376" percent="0" />
    </mem>
    <mem type="tenure" free="248416664" total="805306368" percent="30" macro-fragmented="0">
      <mem type="soa" free="240362904" total="797252608" percent="30" />
      <mem type="loa" free="8053760" total="8053760" percent="100" />
    </mem>
    <remembered-set count="104" />
  </mem-info>
</gc-end>
<cycle-end id="4802" type="scavenge" contextid="4796" timestamp="2022-02-08T18:56:20.193" />
<allocation-satisfied id="4803" threadId="0000000000016F00" bytesRequested="64" />
<af-end id="4804" timestamp="2022-02-08T18:56:20.193" threadId="0000000000017908" success="true" from="nursery"/>
<exclusive-end id="4805" timestamp="2022-02-08T18:56:20.193" durationms="80.367" />

<exclusive-start id="4806" timestamp="2022-02-08T18:56:20.819" intervalms="706.214">
  <response-info timems="0.022" idlems="0.022" threads="0" lastid="0000000000016F00" lastname="main" />
</exclusive-start>
<af-start id="4807" threadId="0000000000017908" totalBytesRequested="184" timestamp="2022-02-08T18:56:20.819" intervalms="706.199" type="nursery" />
<cycle-start id="4808" type="scavenge" contextid="0" timestamp="2022-02-08T18:56:20.819" intervalms="706.200" />
<gc-start id="4809" type="scavenge" contextid="4808" timestamp="2022-02-08T18:56:20.819">
  <mem-info id="4810" free="248416664" total="1073741824" percent="23">
    <mem type="nursery" free="0" total="268435456" percent="0">
      <mem type="allocate" free="0" total="182190080" percent="0" />
      <mem type="survivor" free="0" total="86245376" percent="0" />
    </mem>
    <mem type="tenure" free="248416664" total="805306368" percent="30">
      <mem type="soa" free="240362904" total="797252608" percent="30" />
      <mem type="loa" free="8053760" total="8053760" percent="100" />
    </mem>
    <remembered-set count="104" />
  </mem-info>
</gc-start>
<allocation-stats totalBytes="103973432" >
  <allocated-bytes non-tlh="64" tlh="103973368" />
  <largest-consumer threadName="main" threadId="0000000000016F00" bytes="103973432" />
</allocation-stats>
<gc-op id="4811" type="scavenge" timems="77.514" contextid="4808" timestamp="2022-02-08T18:56:20.897">
  <scavenger-info tenureage="1" tenuremask="7ffe" tiltratio="67" />
  <memory-copied type="nursery" objects="1298869" bytes="73924264" bytesdiscarded="119792" />
  <memory-copied type="tenure" objects="1411358" bytes="77889608" bytesdiscarded="44744" />
  <object-monitors candidates="2" cleared="0"  />
</gc-op>
<gc-end id="4812" type="scavenge" contextid="4808" durationms="77.764" usertimems="306.333" systemtimems="0.000" stalltimems="2.752" timestamp="2022-02-08T18:56:20.897" activeThreads="4">
  <mem-info id="4813" free="278801312" total="1073741824" percent="25">
    <mem type="nursery" free="108539240" total="268435456" percent="40">
      <mem type="allocate" free="108539240" total="182583296" percent="59" />
      <mem type="survivor" free="0" total="85852160" percent="0" />
    </mem>
    <mem type="tenure" free="170262072" total="805306368" percent="21" macro-fragmented="0">
      <mem type="soa" free="162208312" total="797252608" percent="20" />
      <mem type="loa" free="8053760" total="8053760" percent="100" />
    </mem>
    <remembered-set count="104" />
  </mem-info>
</gc-end>
<cycle-end id="4814" type="scavenge" contextid="4808" timestamp="2022-02-08T18:56:20.897" />
<allocation-satisfied id="4815" threadId="0000000000016F00" bytesRequested="184" />
<af-end id="4816" timestamp="2022-02-08T18:56:20.897" threadId="0000000000017908" success="true" from="nursery"/>
<exclusive-end id="4817" timestamp="2022-02-08T18:56:20.897" durationms="78.010" />

<exclusive-start id="4818" timestamp="2022-02-08T18:56:21.791" intervalms="972.000">
  <response-info timems="0.017" idlems="0.017" threads="0" lastid="0000000000016F00" lastname="main" />
</exclusive-start>
<af-start id="4819" threadId="0000000000017908" totalBytesRequested="56" timestamp="2022-02-08T18:56:21.791" intervalms="972.003" type="nursery" />
<cycle-start id="4820" type="scavenge" contextid="0" timestamp="2022-02-08T18:56:21.791" intervalms="972.012" />
<gc-start id="4821" type="scavenge" contextid="4820" timestamp="2022-02-08T18:56:21.791">
  <mem-info id="4822" free="170262072" total="1073741824" percent="15">
    <mem type="nursery" free="0" total="268435456" percent="0">
      <mem type="allocate" free="0" total="182583296" percent="0" />
      <mem type="survivor" free="0" total="85852160" percent="0" />
    </mem>
    <mem type="tenure" free="170262072" total="805306368" percent="21">
      <mem type="soa" free="162208312" total="797252608" percent="20" />
      <mem type="loa" free="8053760" total="8053760" percent="100" />
    </mem>
    <remembered-set count="134" />
  </mem-info>
</gc-start>
<allocation-stats totalBytes="108491736" >
  <allocated-bytes non-tlh="2938432" tlh="105553304" />
  <largest-consumer threadName="main" threadId="0000000000016F00" bytes="108491736" />
</allocation-stats>
<gc-op id="4823" type="scavenge" timems="75.879" contextid="4820" timestamp="2022-02-08T18:56:21.867">
  <scavenger-info tenureage="1" tenuremask="7ffe" tiltratio="68" />
  <memory-copied type="nursery" objects="1450043" bytes="76259000" bytesdiscarded="115192" />
  <memory-copied type="tenure" objects="1298868" bytes="73924160" bytesdiscarded="40096" />
  <finalization candidates="110" enqueued="53" />
  <references type="soft" candidates="14" cleared="0" enqueued="0" dynamicThreshold="12" maxThreshold="32" />
  <references type="weak" candidates="1" cleared="0" enqueued="0" />
  <references type="phantom" candidates="95" cleared="7" enqueued="7" />
  <object-monitors candidates="2" cleared="0"  />
</gc-op>
<gc-end id="4824" type="scavenge" contextid="4820" durationms="76.070" usertimems="297.870" systemtimems="0.000" stalltimems="5.030" timestamp="2022-02-08T18:56:21.867" activeThreads="4">
  <mem-info id="4825" free="202844848" total="1073741824" percent="18">
    <mem type="nursery" free="106405584" total="268435456" percent="39">
      <mem type="allocate" free="106405584" total="182779904" percent="58" />
      <mem type="survivor" free="0" total="85655552" percent="0" />
    </mem>
    <mem type="tenure" free="96439264" total="805306368" percent="11" macro-fragmented="69015248">
      <mem type="soa" free="88385504" total="797252608" percent="11" />
      <mem type="loa" free="8053760" total="8053760" percent="100" />
    </mem>
    <pending-finalizers system="52" default="1" reference="7" classloader="0" />
    <remembered-set count="129" />
  </mem-info>
</gc-end>
<cycle-end id="4826" type="scavenge" contextid="4820" timestamp="2022-02-08T18:56:21.867" />
<allocation-satisfied id="4827" threadId="0000000000016F00" bytesRequested="56" />
<af-end id="4828" timestamp="2022-02-08T18:56:21.867" threadId="0000000000017908" success="true" from="nursery"/>
<exclusive-end id="4829" timestamp="2022-02-08T18:56:21.867" durationms="76.326" />

<concurrent-kickoff id="4830" timestamp="2022-02-08T18:56:22.549">
  <kickoff reason="threshold reached" targetBytes="74443892" thresholdFreeBytes="5785262"  remainingFree="5676752" tenureFreeBytes="96439264" nurseryFreeBytes="5676752" />
</concurrent-kickoff>
<exclusive-start id="4831" timestamp="2022-02-08T18:56:22.552" intervalms="761.004">
  <response-info timems="0.020" idlems="0.020" threads="0" lastid="0000000000016F00" lastname="main" />
</exclusive-start>
<cycle-start id="4832" type="global" contextid="0" timestamp="2022-02-08T18:56:22.552" intervalms="3632.824" />
<concurrent-start id="4833" type="global mark" contextid="4832" timestamp="2022-02-08T18:56:22.552">
</concurrent-start>
<exclusive-end id="4834" timestamp="2022-02-08T18:56:22.552" durationms="0.028" />

<exclusive-start id="4835" timestamp="2022-02-08T18:56:22.699" intervalms="146.973">
  <response-info timems="0.030" idlems="0.030" threads="0" lastid="0000000000016F00" lastname="main" />
</exclusive-start>
<af-start id="4836" threadId="0000000000017908" totalBytesRequested="112" timestamp="2022-02-08T18:56:22.699" intervalms="907.986" type="nursery" />
<cycle-start id="4837" type="scavenge" contextid="0" timestamp="2022-02-08T18:56:22.699" intervalms="907.985" />
<gc-start id="4838" type="scavenge" contextid="4837" timestamp="2022-02-08T18:56:22.699">
  <mem-info id="4839" free="96439264" total="1073741824" percent="8">
    <mem type="nursery" free="0" total="268435456" percent="0">
      <mem type="allocate" free="0" total="182779904" percent="0" />
      <mem type="survivor" free="0" total="85655552" percent="0" />
    </mem>
    <mem type="tenure" free="96439264" total="805306368" percent="11">
      <mem type="soa" free="88385504" total="797252608" percent="11" />
      <mem type="loa" free="8053760" total="8053760" percent="100" />
    </mem>
    <remembered-set count="130" />
  </mem-info>
</gc-start>
<allocation-stats totalBytes="106358184" >
  <allocated-bytes non-tlh="56" tlh="106358128" />
  <largest-consumer threadName="main" threadId="0000000000016F00" bytes="106349992" />
</allocation-stats>
<gc-op id="4840" type="scavenge" timems="81.676" contextid="4837" timestamp="2022-02-08T18:56:22.781">
  <scavenger-info tenureage="1" tenuremask="7ffe" tiltratio="68" />
  <memory-copied type="nursery" objects="1378276" bytes="75798728" bytesdiscarded="181816" />
  <memory-copied type="tenure" objects="1449332" bytes="75791144" bytesdiscarded="38688" />
  <finalization candidates="57" enqueued="0" />
  <object-monitors candidates="2" cleared="0"  />
</gc-op>
<gc-end id="4841" type="scavenge" contextid="4837" durationms="81.832" usertimems="322.589" systemtimems="0.000" stalltimems="3.260" timestamp="2022-02-08T18:56:22.781" activeThreads="4">
  <mem-info id="4842" free="128232424" total="1073741824" percent="11">
    <mem type="nursery" free="107454720" total="268435456" percent="40">
      <mem type="allocate" free="107454720" total="183435264" percent="58" />
      <mem type="survivor" free="0" total="85000192" percent="0" />
    </mem>
    <mem type="tenure" free="20777704" total="805306368" percent="2" macro-fragmented="18886860">
      <mem type="soa" free="12723944" total="797252608" percent="1" />
      <mem type="loa" free="8053760" total="8053760" percent="100" />
    </mem>
    <remembered-set count="103" />
  </mem-info>
</gc-end>
<cycle-end id="4843" type="scavenge" contextid="4837" timestamp="2022-02-08T18:56:22.781" />
<allocation-satisfied id="4844" threadId="0000000000016F00" bytesRequested="112" />
<af-end id="4845" timestamp="2022-02-08T18:56:22.781" threadId="0000000000017908" success="true" from="nursery"/>
<exclusive-end id="4846" timestamp="2022-02-08T18:56:22.781" durationms="82.124" />

<concurrent-end id="4847" type="global mark" contextid="4832" timestamp="2022-02-08T18:56:22.897">
<gc-op id="4848" type="trace" timems="344.663" contextid="4832" timestamp="2022-02-08T18:56:22.897">
  <trace bytesTraced="74444004" workStackOverflowCount="0" />
  <card-cleaning reason="card cleaning threshold reached" bytesTraced="904" cardsCleaned="2" />
</gc-op>
</concurrent-end>

<exclusive-start id="4849" timestamp="2022-02-08T18:56:22.897" intervalms="197.780">
  <response-info timems="0.021" idlems="0.021" threads="0" lastid="0000000000016F00" lastname="main" />
</exclusive-start>
<concurrent-global-final id="4850" timestamp="2022-02-08T18:56:22.897" contextid="4832" intervalms="3648.833" >
  <concurrent-trace-info reason="card cleaning threshold reached" tracedByMutators="56580692" tracedByHelpers="17864216" cardsCleaned="2" workStackOverflowCount="0" />
</concurrent-global-final>
<gc-start id="4851" type="global" contextid="4832" timestamp="2022-02-08T18:56:22.897">
  <mem-info id="4852" free="120925048" total="1073741824" percent="11">
    <mem type="nursery" free="100147344" total="268435456" percent="37">
      <mem type="allocate" free="100147344" total="183435264" percent="54" />
      <mem type="survivor" free="0" total="85000192" percent="0" />
    </mem>
    <mem type="tenure" free="20777704" total="805306368" percent="2">
      <mem type="soa" free="12723944" total="797252608" percent="1" />
      <mem type="loa" free="8053760" total="8053760" percent="100" />
    </mem>
    <remembered-set count="103" />
  </mem-info>
</gc-start>
<allocation-stats totalBytes="7304216" >
  <allocated-bytes non-tlh="112" tlh="7304104" />
  <largest-consumer threadName="main" threadId="0000000000016F00" bytes="7304216" />
</allocation-stats>
<gc-op id="4853" type="rs-scan" timems="0.623" contextid="4832" timestamp="2022-02-08T18:56:22.898">
  <scan objectsFound="0" bytesTraced="3836" workStackOverflowCount="0" />
</gc-op>
<gc-op id="4854" type="card-cleaning" timems="146.333" contextid="4832" timestamp="2022-02-08T18:56:23.044">
  <card-cleaning cardsCleaned="10" bytesTraced="71014508" workStackOverflowCount="0" />
</gc-op>
<gc-op id="4855" type="mark" timems="72.777" contextid="4832" timestamp="2022-02-08T18:56:23.117">
  <trace-info objectcount="2361107" scancount="1772358" scanbytes="37877992" />
  <finalization candidates="428" enqueued="57" />
  <ownableSynchronizers candidates="1" cleared="0" />
  <references type="soft" candidates="894" cleared="0" enqueued="0" dynamicThreshold="12" maxThreshold="32" />
  <references type="weak" candidates="1701" cleared="0" enqueued="0" />
  <references type="phantom" candidates="52" cleared="2" enqueued="2" />
  <stringconstants candidates="6470" cleared="0"  />
  <object-monitors candidates="2" cleared="0"  />
</gc-op>
<gc-op id="4856" type="sweep" timems="4.979" contextid="4832" timestamp="2022-02-08T18:56:23.122" />
<gc-end id="4857" type="global" contextid="4832" durationms="224.937" usertimems="240.154" systemtimems="0.000" stalltimems="217.669" timestamp="2022-02-08T18:56:23.122" activeThreads="4">
  <mem-info id="4858" free="364007496" total="1073741824" percent="33">
    <mem type="nursery" free="100424608" total="268435456" percent="37">
      <mem type="allocate" free="100424608" total="183435264" percent="54" />
      <mem type="survivor" free="0" total="85000192" percent="0" />
    </mem>
    <mem type="tenure" free="263582888" total="805306368" percent="32" micro-fragmented="376470" macro-fragmented="0">
      <mem type="soa" free="255529128" total="797252608" percent="32" />
      <mem type="loa" free="8053760" total="8053760" percent="100" />
    </mem>
    <pending-finalizers system="57" default="0" reference="2" classloader="0" />
    <remembered-set count="103" />
  </mem-info>
</gc-end>
<cycle-end id="4859" type="global" contextid="4832" timestamp="2022-02-08T18:56:23.122" />
<exclusive-end id="4860" timestamp="2022-02-08T18:56:23.122" durationms="225.139" />

<exclusive-start id="4861" timestamp="2022-02-08T18:56:23.720" intervalms="823.224">
  <response-info timems="0.018" idlems="0.018" threads="0" lastid="0000000000016F00" lastname="main" />
</exclusive-start>
<af-start id="4862" threadId="0000000000017908" totalBytesRequested="104" timestamp="2022-02-08T18:56:23.720" intervalms="1020.994" type="nursery" />
<cycle-start id="4863" type="scavenge" contextid="0" timestamp="2022-02-08T18:56:23.720" intervalms="1020.987" />
<gc-start id="4864" type="scavenge" contextid="4863" timestamp="2022-02-08T18:56:23.720">
  <mem-info id="4865" free="263582888" total="1073741824" percent="24">
    <mem type="nursery" free="0" total="268435456" percent="0">
      <mem type="allocate" free="0" total="183435264" percent="0" />
      <mem type="survivor" free="0" total="85000192" percent="0" />
    </mem>
    <mem type="tenure" free="263582888" total="805306368" percent="32">
      <mem type="soa" free="255529128" total="797252608" percent="32" />
      <mem type="loa" free="8053760" total="8053760" percent="100" />
    </mem>
    <remembered-set count="106" />
  </mem-info>
</gc-start>
<allocation-stats totalBytes="100381976" >
  <allocated-bytes non-tlh="0" tlh="100381976" />
  <largest-consumer threadName="main" threadId="0000000000016F00" bytes="100377880" />
</allocation-stats>
<gc-op id="4866" type="scavenge" timems="75.584" contextid="4863" timestamp="2022-02-08T18:56:23.796">
  <scavenger-info tenureage="1" tenuremask="7ffe" tiltratio="68" />
  <memory-copied type="nursery" objects="1347646" bytes="76450928" bytesdiscarded="87184" />
  <memory-copied type="tenure" objects="1378276" bytes="75798728" bytesdiscarded="44928" />
  <ownableSynchronizers candidates="2" cleared="2" />
  <object-monitors candidates="2" cleared="0"  />
</gc-op>
<gc-end id="4867" type="scavenge" contextid="4863" durationms="75.777" usertimems="297.751" systemtimems="0.000" stalltimems="3.047" timestamp="2022-02-08T18:56:23.796" activeThreads="4">
  <mem-info id="4868" free="294802208" total="1073741824" percent="27">
    <mem type="nursery" free="107224832" total="268435456" percent="39">
      <mem type="allocate" free="107224832" total="183762944" percent="58" />
      <mem type="survivor" free="0" total="84672512" percent="0" />
    </mem>
    <mem type="tenure" free="187577376" total="805306368" percent="23" macro-fragmented="348889">
      <mem type="soa" free="179523616" total="797252608" percent="22" />
      <mem type="loa" free="8053760" total="8053760" percent="100" />
    </mem>
    <remembered-set count="105" />
  </mem-info>
</gc-end>
<cycle-end id="4869" type="scavenge" contextid="4863" timestamp="2022-02-08T18:56:23.796" />
<allocation-satisfied id="4870" threadId="0000000000016F00" bytesRequested="104" />
<af-end id="4871" timestamp="2022-02-08T18:56:23.796" threadId="0000000000017908" success="true" from="nursery"/>
<exclusive-end id="4872" timestamp="2022-02-08T18:56:23.796" durationms="76.027" />

<exclusive-start id="4873" timestamp="2022-02-08T18:56:24.672" intervalms="952.130">
  <response-info timems="0.019" idlems="0.019" threads="0" lastid="0000000000016F00" lastname="main" />
</exclusive-start>
<af-start id="4874" threadId="0000000000017908" totalBytesRequested="112" timestamp="2022-02-08T18:56:24.672" intervalms="952.130" type="nursery" />
<cycle-start id="4875" type="scavenge" contextid="0" timestamp="2022-02-08T18:56:24.672" intervalms="952.129" />
<gc-start id="4876" type="scavenge" contextid="4875" timestamp="2022-02-08T18:56:24.672">
  <mem-info id="4877" free="187577376" total="1073741824" percent="17">
    <mem type="nursery" free="0" total="268435456" percent="0">
      <mem type="allocate" free="0" total="183762944" percent="0" />
      <mem type="survivor" free="0" total="84672512" percent="0" />
    </mem>
    <mem type="tenure" free="187577376" total="805306368" percent="23">
      <mem type="soa" free="179523616" total="797252608" percent="22" />
      <mem type="loa" free="8053760" total="8053760" percent="100" />
    </mem>
    <remembered-set count="136" />
  </mem-info>
</gc-start>
<allocation-stats totalBytes="107176968" >
  <allocated-bytes non-tlh="1493648" tlh="105683320" />
  <largest-consumer threadName="main" threadId="0000000000016F00" bytes="107176968" />
</allocation-stats>
<gc-op id="4878" type="scavenge" timems="77.612" contextid="4875" timestamp="2022-02-08T18:56:24.750">
  <scavenger-info tenureage="1" tenuremask="7ffe" tiltratio="68" />
  <memory-copied type="nursery" objects="1448763" bytes="75415896" bytesdiscarded="152752" />
  <memory-copied type="tenure" objects="1347646" bytes="76450928" bytesdiscarded="45248" />
  <finalization candidates="109" enqueued="53" />
  <references type="soft" candidates="14" cleared="0" enqueued="0" dynamicThreshold="10" maxThreshold="32" />
  <references type="weak" candidates="1" cleared="0" enqueued="0" />
  <references type="phantom" candidates="94" cleared="7" enqueued="7" />
  <object-monitors candidates="2" cleared="0"  />
</gc-op>
<gc-end id="4879" type="scavenge" contextid="4875" durationms="77.821" usertimems="306.675" systemtimems="0.000" stalltimems="3.392" timestamp="2022-02-08T18:56:24.750" activeThreads="4">
  <mem-info id="4880" free="219698960" total="1073741824" percent="20">
    <mem type="nursery" free="108652920" total="268435456" percent="40">
      <mem type="allocate" free="108652920" total="184221696" percent="58" />
      <mem type="survivor" free="0" total="84213760" percent="0" />
    </mem>
    <mem type="tenure" free="111046040" total="805306368" percent="13" macro-fragmented="0">
      <mem type="soa" free="102992280" total="797252608" percent="12" />
      <mem type="loa" free="8053760" total="8053760" percent="100" />
    </mem>
    <pending-finalizers system="52" default="1" reference="7" classloader="0" />
    <remembered-set count="132" />
  </mem-info>
</gc-end>
<cycle-end id="4881" type="scavenge" contextid="4875" timestamp="2022-02-08T18:56:24.750" />
<allocation-satisfied id="4882" threadId="0000000000016F00" bytesRequested="112" />
<af-end id="4883" timestamp="2022-02-08T18:56:24.750" threadId="0000000000017908" success="true" from="nursery"/>
<exclusive-end id="4884" timestamp="2022-02-08T18:56:24.750" durationms="78.078" />

<concurrent-kickoff id="4885" timestamp="2022-02-08T18:56:25.446">
  <kickoff reason="threshold reached" targetBytes="74444098" thresholdFreeBytes="5777638"  remainingFree="5748904" tenureFreeBytes="111046040" nurseryFreeBytes="5748904" />
</concurrent-kickoff>
<exclusive-start id="4886" timestamp="2022-02-08T18:56:25.450" intervalms="777.644">
  <response-info timems="0.020" idlems="0.020" threads="0" lastid="0000000000016F00" lastname="main" />
</exclusive-start>
<cycle-start id="4887" type="global" contextid="0" timestamp="2022-02-08T18:56:25.450" intervalms="2897.752" />
<concurrent-start id="4888" type="global mark" contextid="4887" timestamp="2022-02-08T18:56:25.450">
</concurrent-start>
<exclusive-end id="4889" timestamp="2022-02-08T18:56:25.450" durationms="0.029" />

<exclusive-start id="4890" timestamp="2022-02-08T18:56:25.591" intervalms="140.638">
  <response-info timems="0.018" idlems="0.018" threads="0" lastid="0000000000016F00" lastname="main" />
</exclusive-start>
<af-start id="4891" threadId="0000000000017908" totalBytesRequested="24" timestamp="2022-02-08T18:56:25.591" intervalms="918.280" type="nursery" />
<cycle-start id="4892" type="scavenge" contextid="0" timestamp="2022-02-08T18:56:25.591" intervalms="918.280" />
<gc-start id="4893" type="scavenge" contextid="4892" timestamp="2022-02-08T18:56:25.591">
  <mem-info id="4894" free="111046040" total="1073741824" percent="10">
    <mem type="nursery" free="0" total="268435456" percent="0">
      <mem type="allocate" free="0" total="184221696" percent="0" />
      <mem type="survivor" free="0" total="84213760" percent="0" />
    </mem>
    <mem type="tenure" free="111046040" total="805306368" percent="13">
      <mem type="soa" free="102992280" total="797252608" percent="12" />
      <mem type="loa" free="8053760" total="8053760" percent="100" />
    </mem>
    <remembered-set count="133" />
  </mem-info>
</gc-start>
<allocation-stats totalBytes="108600952" >
  <allocated-bytes non-tlh="1347792" tlh="107253160" />
  <largest-consumer threadName="main" threadId="0000000000016F00" bytes="108592760" />
</allocation-stats>
<gc-op id="4895" type="scavenge" timems="78.747" contextid="4892" timestamp="2022-02-08T18:56:25.669">
  <scavenger-info tenureage="1" tenuremask="7ffe" tiltratio="68" />
  <memory-copied type="nursery" objects="1381034" bytes="77752608" bytesdiscarded="209072" />
  <memory-copied type="tenure" objects="1448044" bytes="74472728" bytesdiscarded="43552" />
  <finalization candidates="57" enqueued="0" />
  <references type="phantom" candidates="1" cleared="0" enqueued="0" />
  <object-monitors candidates="2" cleared="0"  />
</gc-op>
<gc-end id="4896" type="scavenge" contextid="4892" durationms="78.966" usertimems="309.438" systemtimems="0.434" stalltimems="4.343" timestamp="2022-02-08T18:56:25.670" activeThreads="4">
  <mem-info id="4897" free="141012560" total="1073741824" percent="13">
    <mem type="nursery" free="104425008" total="268435456" percent="38">
      <mem type="allocate" free="104425008" total="182386688" percent="57" />
      <mem type="survivor" free="0" total="86048768" percent="0" />
    </mem>
    <mem type="tenure" free="36587552" total="805306368" percent="4" macro-fragmented="0">
      <mem type="soa" free="28533792" total="797252608" percent="3" />
      <mem type="loa" free="8053760" total="8053760" percent="100" />
    </mem>
    <remembered-set count="102" />
  </mem-info>
</gc-end>
<cycle-end id="4898" type="scavenge" contextid="4892" timestamp="2022-02-08T18:56:25.670" />
<allocation-satisfied id="4899" threadId="0000000000016F00" bytesRequested="24" />
<af-end id="4900" timestamp="2022-02-08T18:56:25.670" threadId="0000000000017908" success="true" from="nursery"/>
<exclusive-end id="4901" timestamp="2022-02-08T18:56:25.670" durationms="79.353" />

<concurrent-end id="4902" type="global mark" contextid="4887" timestamp="2022-02-08T18:56:25.790">
<gc-op id="4903" type="trace" timems="340.297" contextid="4887" timestamp="2022-02-08T18:56:25.790">
  <trace bytesTraced="74444212" workStackOverflowCount="0" />
  <card-cleaning reason="card cleaning threshold reached" bytesTraced="904" cardsCleaned="2" />
</gc-op>
</concurrent-end>

<exclusive-start id="4904" timestamp="2022-02-08T18:56:25.790" intervalms="199.729">
  <response-info timems="0.020" idlems="0.020" threads="0" lastid="0000000000016F00" lastname="main" />
</exclusive-start>
<concurrent-global-final id="4905" timestamp="2022-02-08T18:56:25.790" contextid="4887" intervalms="2893.364" >
  <concurrent-trace-info reason="card cleaning threshold reached" tracedByMutators="58898820" tracedByHelpers="15546296" cardsCleaned="2" workStackOverflowCount="0" />
</concurrent-global-final>
<gc-start id="4906" type="global" contextid="4887" timestamp="2022-02-08T18:56:25.790">
  <mem-info id="4907" free="133443128" total="1073741824" percent="12">
    <mem type="nursery" free="96855576" total="268435456" percent="36">
      <mem type="allocate" free="96855576" total="182386688" percent="53" />
      <mem type="survivor" free="0" total="86048768" percent="0" />
    </mem>
    <mem type="tenure" free="36587552" total="805306368" percent="4">
      <mem type="soa" free="28533792" total="797252608" percent="3" />
      <mem type="loa" free="8053760" total="8053760" percent="100" />
    </mem>
    <remembered-set count="102" />
  </mem-info>
</gc-start>
<allocation-stats totalBytes="7566264" >
  <allocated-bytes non-tlh="24" tlh="7566240" />
  <largest-consumer threadName="main" threadId="0000000000016F00" bytes="7566264" />
</allocation-stats>
<gc-op id="4908" type="rs-scan" timems="0.574" contextid="4887" timestamp="2022-02-08T18:56:25.791">
  <scan objectsFound="29" bytesTraced="5268" workStackOverflowCount="0" />
</gc-op>
<gc-op id="4909" type="card-cleaning" timems="147.894" contextid="4887" timestamp="2022-02-08T18:56:25.939">
  <card-cleaning cardsCleaned="9" bytesTraced="71013076" workStackOverflowCount="0" />
</gc-op>
<gc-op id="4910" type="mark" timems="65.647" contextid="4887" timestamp="2022-02-08T18:56:26.005">
  <trace-info objectcount="2108159" scancount="1582646" scanbytes="33830848" />
  <finalization candidates="428" enqueued="57" />
  <ownableSynchronizers candidates="1" cleared="0" />
  <references type="soft" candidates="894" cleared="0" enqueued="0" dynamicThreshold="10" maxThreshold="32" />
  <references type="weak" candidates="1701" cleared="0" enqueued="0" />
  <references type="phantom" candidates="52" cleared="2" enqueued="2" />
  <stringconstants candidates="6470" cleared="0"  />
  <object-monitors candidates="2" cleared="0"  />
</gc-op>
<gc-op id="4911" type="sweep" timems="4.921" contextid="4887" timestamp="2022-02-08T18:56:26.009" />
<gc-end id="4912" type="global" contextid="4887" durationms="219.236" usertimems="265.780" systemtimems="8.610" stalltimems="156.760" timestamp="2022-02-08T18:56:26.010" activeThreads="4">
  <mem-info id="4913" free="376639120" total="1073741824" percent="35">
    <mem type="nursery" free="97156536" total="268435456" percent="36">
      <mem type="allocate" free="97156536" total="182386688" percent="53" />
      <mem type="survivor" free="0" total="86048768" percent="0" />
    </mem>
    <mem type="tenure" free="279482584" total="805306368" percent="34" micro-fragmented="401732" macro-fragmented="0">
      <mem type="soa" free="271428824" total="797252608" percent="34" />
      <mem type="loa" free="8053760" total="8053760" percent="100" />
    </mem>
    <pending-finalizers system="57" default="0" reference="2" classloader="0" />
    <remembered-set count="102" />
  </mem-info>
</gc-end>
<cycle-end id="4914" type="global" contextid="4887" timestamp="2022-02-08T18:56:26.010" />
<exclusive-end id="4915" timestamp="2022-02-08T18:56:26.010" durationms="219.503" />

<exclusive-start id="4916" timestamp="2022-02-08T18:56:26.623" intervalms="833.214">
  <response-info timems="0.019" idlems="0.019" threads="0" lastid="0000000000016F00" lastname="main" />
</exclusive-start>
<af-start id="4917" threadId="0000000000017908" totalBytesRequested="224" timestamp="2022-02-08T18:56:26.624" intervalms="1032.968" type="nursery" />
<cycle-start id="4918" type="scavenge" contextid="0" timestamp="2022-02-08T18:56:26.624" intervalms="1032.971" />
<gc-start id="4919" type="scavenge" contextid="4918" timestamp="2022-02-08T18:56:26.624">
  <mem-info id="4920" free="279482584" total="1073741824" percent="26">
    <mem type="nursery" free="0" total="268435456" percent="0">
      <mem type="allocate" free="0" total="182386688" percent="0" />
      <mem type="survivor" free="0" total="86048768" percent="0" />
    </mem>
    <mem type="tenure" free="279482584" total="805306368" percent="34">
      <mem type="soa" free="271428824" total="797252608" percent="34" />
      <mem type="loa" free="8053760" total="8053760" percent="100" />
    </mem>
    <remembered-set count="105" />
  </mem-info>
</gc-start>
<allocation-stats totalBytes="97115440" >
  <allocated-bytes non-tlh="0" tlh="97115440" />
  <largest-consumer threadName="main" threadId="0000000000016F00" bytes="97111344" />
</allocation-stats>
<gc-op id="4921" type="scavenge" timems="81.808" contextid="4918" timestamp="2022-02-08T18:56:26.705">
  <scavenger-info tenureage="1" tenuremask="7ffe" tiltratio="67" />
  <memory-copied type="nursery" objects="1314762" bytes="74342968" bytesdiscarded="131456" />
  <memory-copied type="tenure" objects="1381034" bytes="77752608" bytesdiscarded="46728" />
  <finalization candidates="1" enqueued="0" />
  <ownableSynchronizers candidates="2" cleared="2" />
  <object-monitors candidates="2" cleared="0"  />
</gc-op>
<gc-end id="4922" type="scavenge" contextid="4918" durationms="82.032" usertimems="323.686" systemtimems="0.759" stalltimems="2.099" timestamp="2022-02-08T18:56:26.706" activeThreads="4">
  <mem-info id="4923" free="309780376" total="1073741824" percent="28">
    <mem type="nursery" free="108305480" total="268435456" percent="40">
      <mem type="allocate" free="108305480" total="182779904" percent="59" />
      <mem type="survivor" free="0" total="85655552" percent="0" />
    </mem>
    <mem type="tenure" free="201474896" total="805306368" percent="25" macro-fragmented="0">
      <mem type="soa" free="193421136" total="797252608" percent="24" />
      <mem type="loa" free="8053760" total="8053760" percent="100" />
    </mem>
    <remembered-set count="104" />
  </mem-info>
</gc-end>
<cycle-end id="4924" type="scavenge" contextid="4918" timestamp="2022-02-08T18:56:26.706" />
<allocation-satisfied id="4925" threadId="0000000000016F00" bytesRequested="224" />
<af-end id="4926" timestamp="2022-02-08T18:56:26.706" threadId="0000000000017908" success="true" from="nursery"/>
<exclusive-end id="4927" timestamp="2022-02-08T18:56:26.706" durationms="82.404" />

<exclusive-start id="4928" timestamp="2022-02-08T18:56:27.589" intervalms="965.460">
  <response-info timems="0.020" idlems="0.020" threads="0" lastid="0000000000016F00" lastname="main" />
</exclusive-start>
<af-start id="4929" threadId="0000000000017908" totalBytesRequested="120" timestamp="2022-02-08T18:56:27.589" intervalms="965.438" type="nursery" />
<cycle-start id="4930" type="scavenge" contextid="0" timestamp="2022-02-08T18:56:27.589" intervalms="965.435" />
<gc-start id="4931" type="scavenge" contextid="4930" timestamp="2022-02-08T18:56:27.589">
  <mem-info id="4932" free="201474896" total="1073741824" percent="18">
    <mem type="nursery" free="0" total="268435456" percent="0">
      <mem type="allocate" free="0" total="182779904" percent="0" />
      <mem type="survivor" free="0" total="85655552" percent="0" />
    </mem>
    <mem type="tenure" free="201474896" total="805306368" percent="25">
      <mem type="soa" free="193421136" total="797252608" percent="24" />
      <mem type="loa" free="8053760" total="8053760" percent="100" />
    </mem>
    <remembered-set count="136" />
  </mem-info>
</gc-start>
<allocation-stats totalBytes="108262232" >
  <allocated-bytes non-tlh="1661368" tlh="106600864" />
  <largest-consumer threadName="main" threadId="0000000000016F00" bytes="108262232" />
</allocation-stats>
<gc-op id="4933" type="scavenge" timems="92.511" contextid="4930" timestamp="2022-02-08T18:56:27.682">
  <scavenger-info tenureage="1" tenuremask="7ffe" tiltratio="68" />
  <memory-copied type="nursery" objects="1488292" bytes="76239840" bytesdiscarded="176616" />
  <memory-copied type="tenure" objects="1314761" bytes="74342848" bytesdiscarded="42288" />
  <finalization candidates="109" enqueued="53" />
  <references type="soft" candidates="14" cleared="0" enqueued="0" dynamicThreshold="11" maxThreshold="32" />
  <references type="weak" candidates="1" cleared="0" enqueued="0" />
  <references type="phantom" candidates="94" cleared="7" enqueued="7" />
  <object-monitors candidates="2" cleared="0"  />
</gc-op>
<gc-end id="4934" type="scavenge" contextid="4930" durationms="92.743" usertimems="355.144" systemtimems="4.059" stalltimems="3.762" timestamp="2022-02-08T18:56:27.682" activeThreads="4">
  <mem-info id="4935" free="233824904" total="1073741824" percent="21">
    <mem type="nursery" free="106625464" total="268435456" percent="39">
      <mem type="allocate" free="106625464" total="183042048" percent="58" />
      <mem type="survivor" free="0" total="85393408" percent="0" />
    </mem>
    <mem type="tenure" free="127199440" total="805306368" percent="15" macro-fragmented="0">
      <mem type="soa" free="119145680" total="797252608" percent="14" />
      <mem type="loa" free="8053760" total="8053760" percent="100" />
    </mem>
    <pending-finalizers system="52" default="1" reference="7" classloader="0" />
    <remembered-set count="133" />
  </mem-info>
</gc-end>
<cycle-end id="4936" type="scavenge" contextid="4930" timestamp="2022-02-08T18:56:27.682" />
<allocation-satisfied id="4937" threadId="0000000000016F00" bytesRequested="120" />
<af-end id="4938" timestamp="2022-02-08T18:56:27.682" threadId="0000000000017908" success="true" from="nursery"/>
<exclusive-end id="4939" timestamp="2022-02-08T18:56:27.682" durationms="93.032" />

<concurrent-kickoff id="4940" timestamp="2022-02-08T18:56:28.395">
  <kickoff reason="threshold reached" targetBytes="74444298" thresholdFreeBytes="5771690"  remainingFree="5700024" tenureFreeBytes="127199440" nurseryFreeBytes="5700024" />
</concurrent-kickoff>
<exclusive-start id="4941" timestamp="2022-02-08T18:56:28.398" intervalms="808.608">
  <response-info timems="0.020" idlems="0.020" threads="0" lastid="0000000000016F00" lastname="main" />
</exclusive-start>
<cycle-start id="4942" type="global" contextid="0" timestamp="2022-02-08T18:56:28.398" intervalms="2947.648" />
<concurrent-start id="4943" type="global mark" contextid="4942" timestamp="2022-02-08T18:56:28.398">
</concurrent-start>
<exclusive-end id="4944" timestamp="2022-02-08T18:56:28.398" durationms="0.028" />

<exclusive-start id="4945" timestamp="2022-02-08T18:56:28.519" intervalms="121.496">
  <response-info timems="0.019" idlems="0.019" threads="0" lastid="0000000000016F00" lastname="main" />
</exclusive-start>
<af-start id="4946" threadId="0000000000017908" totalBytesRequested="184" timestamp="2022-02-08T18:56:28.519" intervalms="930.116" type="nursery" />
<cycle-start id="4947" type="scavenge" contextid="0" timestamp="2022-02-08T18:56:28.519" intervalms="930.116" />
<gc-start id="4948" type="scavenge" contextid="4947" timestamp="2022-02-08T18:56:28.519">
  <mem-info id="4949" free="127199440" total="1073741824" percent="11">
    <mem type="nursery" free="0" total="268435456" percent="0">
      <mem type="allocate" free="0" total="183042048" percent="0" />
      <mem type="survivor" free="0" total="85393408" percent="0" />
    </mem>
    <mem type="tenure" free="127199440" total="805306368" percent="15">
      <mem type="soa" free="119145680" total="797252608" percent="14" />
      <mem type="loa" free="8053760" total="8053760" percent="100" />
    </mem>
    <remembered-set count="134" />
  </mem-info>
</gc-start>
<allocation-stats totalBytes="106570904" >
  <allocated-bytes non-tlh="1347800" tlh="105223104" />
  <largest-consumer threadName="main" threadId="0000000000016F00" bytes="106562712" />
</allocation-stats>
<gc-op id="4950" type="scavenge" timems="84.504" contextid="4947" timestamp="2022-02-08T18:56:28.604">
  <scavenger-info tenureage="1" tenuremask="7ffe" tiltratio="68" />
  <memory-copied type="nursery" objects="1332514" bytes="76267968" bytesdiscarded="251720" />
  <memory-copied type="tenure" objects="1487573" bytes="75296672" bytesdiscarded="36152" />
  <finalization candidates="57" enqueued="0" />
  <references type="phantom" candidates="1" cleared="0" enqueued="0" />
  <object-monitors candidates="2" cleared="0"  />
</gc-op>
<gc-end id="4951" type="scavenge" contextid="4947" durationms="84.846" usertimems="335.587" systemtimems="0.000" stalltimems="1.474" timestamp="2022-02-08T18:56:28.604" activeThreads="4">
  <mem-info id="4952" free="158896160" total="1073741824" percent="14">
    <mem type="nursery" free="107112184" total="268435456" percent="39">
      <mem type="allocate" free="107112184" total="183631872" percent="58" />
      <mem type="survivor" free="0" total="84803584" percent="0" />
    </mem>
    <mem type="tenure" free="51783976" total="805306368" percent="6" macro-fragmented="0">
      <mem type="soa" free="43730216" total="797252608" percent="5" />
      <mem type="loa" free="8053760" total="8053760" percent="100" />
    </mem>
    <remembered-set count="102" />
  </mem-info>
</gc-end>
<cycle-end id="4953" type="scavenge" contextid="4947" timestamp="2022-02-08T18:56:28.604" />
<allocation-satisfied id="4954" threadId="0000000000016F00" bytesRequested="184" />
<af-end id="4955" timestamp="2022-02-08T18:56:28.604" threadId="0000000000017908" success="true" from="nursery"/>
<exclusive-end id="4956" timestamp="2022-02-08T18:56:28.604" durationms="85.199" />

<concurrent-end id="4957" type="global mark" contextid="4942" timestamp="2022-02-08T18:56:28.735">
<gc-op id="4958" type="trace" timems="337.398" contextid="4942" timestamp="2022-02-08T18:56:28.735">
  <trace bytesTraced="74407352" workStackOverflowCount="0" />
  <card-cleaning reason="card cleaning threshold reached" bytesTraced="904" cardsCleaned="2" />
</gc-op>
</concurrent-end>

<exclusive-start id="4959" timestamp="2022-02-08T18:56:28.735" intervalms="215.975">
  <response-info timems="0.020" idlems="0.020" threads="0" lastid="0000000000016F00" lastname="main" />
</exclusive-start>
<concurrent-global-final id="4960" timestamp="2022-02-08T18:56:28.735" contextid="4942" intervalms="2944.752" >
  <concurrent-trace-info reason="card cleaning threshold reached" tracedByMutators="59495148" tracedByHelpers="14913108" cardsCleaned="2" workStackOverflowCount="0" />
</concurrent-global-final>
<gc-start id="4961" type="global" contextid="4942" timestamp="2022-02-08T18:56:28.735">
  <mem-info id="4962" free="150540136" total="1073741824" percent="14">
    <mem type="nursery" free="98756160" total="268435456" percent="36">
      <mem type="allocate" free="98756160" total="183631872" percent="53" />
      <mem type="survivor" free="0" total="84803584" percent="0" />
    </mem>
    <mem type="tenure" free="51783976" total="805306368" percent="6">
      <mem type="soa" free="43730216" total="797252608" percent="5" />
      <mem type="loa" free="8053760" total="8053760" percent="100" />
    </mem>
    <remembered-set count="102" />
  </mem-info>
</gc-start>
<allocation-stats totalBytes="8351184" >
  <allocated-bytes non-tlh="184" tlh="8351000" />
  <largest-consumer threadName="main" threadId="0000000000016F00" bytes="8351184" />
</allocation-stats>
<gc-op id="4963" type="rs-scan" timems="0.510" contextid="4942" timestamp="2022-02-08T18:56:28.736">
  <scan objectsFound="29" bytesTraced="5220" workStackOverflowCount="0" />
</gc-op>
<gc-op id="4964" type="card-cleaning" timems="150.001" contextid="4942" timestamp="2022-02-08T18:56:28.886">
  <card-cleaning cardsCleaned="9" bytesTraced="71046932" workStackOverflowCount="0" />
</gc-op>
<gc-op id="4965" type="mark" timems="53.307" contextid="4942" timestamp="2022-02-08T18:56:28.939">
  <trace-info objectcount="1823927" scancount="1369473" scanbytes="29283112" />
  <finalization candidates="428" enqueued="57" />
  <ownableSynchronizers candidates="1" cleared="0" />
  <references type="soft" candidates="894" cleared="0" enqueued="0" dynamicThreshold="11" maxThreshold="32" />
  <references type="weak" candidates="1701" cleared="0" enqueued="0" />
  <references type="phantom" candidates="52" cleared="2" enqueued="2" />
  <stringconstants candidates="6470" cleared="0"  />
  <object-monitors candidates="2" cleared="0"  />
</gc-op>
<gc-op id="4966" type="sweep" timems="4.960" contextid="4942" timestamp="2022-02-08T18:56:28.944" />
<gc-end id="4967" type="global" contextid="4942" durationms="208.993" usertimems="224.259" systemtimems="0.361" stalltimems="159.723" timestamp="2022-02-08T18:56:28.944" activeThreads="4">
  <mem-info id="4968" free="393814776" total="1073741824" percent="36">
    <mem type="nursery" free="99099352" total="268435456" percent="36">
      <mem type="allocate" free="99099352" total="183631872" percent="53" />
      <mem type="survivor" free="0" total="84803584" percent="0" />
    </mem>
    <mem type="tenure" free="294715424" total="805306368" percent="36" micro-fragmented="362851" macro-fragmented="0">
      <mem type="soa" free="286661664" total="797252608" percent="35" />
      <mem type="loa" free="8053760" total="8053760" percent="100" />
    </mem>
    <pending-finalizers system="57" default="0" reference="2" classloader="0" />
    <remembered-set count="102" />
  </mem-info>
</gc-end>
<cycle-end id="4969" type="global" contextid="4942" timestamp="2022-02-08T18:56:28.944" />
<exclusive-end id="4970" timestamp="2022-02-08T18:56:28.944" durationms="209.204" />

<exclusive-start id="4971" timestamp="2022-02-08T18:56:29.580" intervalms="844.742">
  <response-info timems="0.022" idlems="0.022" threads="0" lastid="0000000000016F00" lastname="main" />
</exclusive-start>
<af-start id="4972" threadId="0000000000017908" totalBytesRequested="16" timestamp="2022-02-08T18:56:29.580" intervalms="1060.703" type="nursery" />
<cycle-start id="4973" type="scavenge" contextid="0" timestamp="2022-02-08T18:56:29.580" intervalms="1060.703" />
<gc-start id="4974" type="scavenge" contextid="4973" timestamp="2022-02-08T18:56:29.580">
  <mem-info id="4975" free="294715424" total="1073741824" percent="27">
    <mem type="nursery" free="0" total="268435456" percent="0">
      <mem type="allocate" free="0" total="183631872" percent="0" />
      <mem type="survivor" free="0" total="84803584" percent="0" />
    </mem>
    <mem type="tenure" free="294715424" total="805306368" percent="36">
      <mem type="soa" free="286661664" total="797252608" percent="35" />
      <mem type="loa" free="8053760" total="8053760" percent="100" />
    </mem>
    <remembered-set count="105" />
  </mem-info>
</gc-start>
<allocation-stats totalBytes="99052832" >
  <allocated-bytes non-tlh="0" tlh="99052832" />
  <largest-consumer threadName="main" threadId="0000000000016F00" bytes="99048736" />
</allocation-stats>
<gc-op id="4976" type="scavenge" timems="74.989" contextid="4973" timestamp="2022-02-08T18:56:29.655">
  <scavenger-info tenureage="1" tenuremask="7ffe" tiltratio="68" />
  <memory-copied type="nursery" objects="1358273" bytes="76304552" bytesdiscarded="124664" />
  <memory-copied type="tenure" objects="1332513" bytes="76267864" bytesdiscarded="47472" />
  <finalization candidates="1" enqueued="0" />
  <ownableSynchronizers candidates="2" cleared="2" />
  <object-monitors candidates="2" cleared="0"  />
</gc-op>
<gc-end id="4977" type="scavenge" contextid="4973" durationms="75.195" usertimems="293.575" systemtimems="0.000" stalltimems="5.393" timestamp="2022-02-08T18:56:29.655" activeThreads="4">
  <mem-info id="4978" free="325827312" total="1073741824" percent="30">
    <mem type="nursery" free="107661408" total="268435456" percent="40">
      <mem type="allocate" free="107661408" total="184090624" percent="58" />
      <mem type="survivor" free="0" total="84344832" percent="0" />
    </mem>
    <mem type="tenure" free="218165904" total="805306368" percent="27" macro-fragmented="0">
      <mem type="soa" free="210112144" total="797252608" percent="26" />
      <mem type="loa" free="8053760" total="8053760" percent="100" />
    </mem>
    <remembered-set count="105" />
  </mem-info>
</gc-end>
<cycle-end id="4979" type="scavenge" contextid="4973" timestamp="2022-02-08T18:56:29.655" />
<allocation-satisfied id="4980" threadId="0000000000016F00" bytesRequested="16" />
<af-end id="4981" timestamp="2022-02-08T18:56:29.655" threadId="0000000000017908" success="true" from="nursery"/>
<exclusive-end id="4982" timestamp="2022-02-08T18:56:29.655" durationms="75.453" />

<exclusive-start id="4983" timestamp="2022-02-08T18:56:30.536" intervalms="956.029">
  <response-info timems="0.018" idlems="0.018" threads="0" lastid="0000000000016F00" lastname="main" />
</exclusive-start>
<af-start id="4984" threadId="0000000000017908" totalBytesRequested="25792" timestamp="2022-02-08T18:56:30.536" intervalms="956.027" type="nursery" />
<cycle-start id="4985" type="scavenge" contextid="0" timestamp="2022-02-08T18:56:30.536" intervalms="956.027" />
<gc-start id="4986" type="scavenge" contextid="4985" timestamp="2022-02-08T18:56:30.536">
  <mem-info id="4987" free="218165904" total="1073741824" percent="20">
    <mem type="nursery" free="0" total="268435456" percent="0">
      <mem type="allocate" free="0" total="184090624" percent="0" />
      <mem type="survivor" free="0" total="84344832" percent="0" />
    </mem>
    <mem type="tenure" free="218165904" total="805306368" percent="27">
      <mem type="soa" free="210112144" total="797252608" percent="26" />
      <mem type="loa" free="8053760" total="8053760" percent="100" />
    </mem>
    <remembered-set count="136" />
  </mem-info>
</gc-start>
<allocation-stats totalBytes="107598968" >
  <allocated-bytes non-tlh="848944" tlh="106750024" />
  <largest-consumer threadName="main" threadId="0000000000016F00" bytes="107598968" />
</allocation-stats>
<gc-op id="4988" type="scavenge" timems="90.887" contextid="4985" timestamp="2022-02-08T18:56:30.627">
  <scavenger-info tenureage="1" tenuremask="7ffe" tiltratio="68" />
  <memory-copied type="nursery" objects="1470948" bytes="75750040" bytesdiscarded="240880" />
  <memory-copied type="tenure" objects="1358273" bytes="76304552" bytesdiscarded="40928" />
  <finalization candidates="106" enqueued="53" />
  <references type="soft" candidates="14" cleared="0" enqueued="0" dynamicThreshold="11" maxThreshold="32" />
  <references type="weak" candidates="1" cleared="0" enqueued="0" />
  <references type="phantom" candidates="91" cleared="7" enqueued="7" />
  <object-monitors candidates="2" cleared="0"  />
</gc-op>
<gc-end id="4989" type="scavenge" contextid="4985" durationms="91.191" usertimems="343.933" systemtimems="2.971" stalltimems="3.736" timestamp="2022-02-08T18:56:30.627" activeThreads="4">
  <mem-info id="4990" free="250338824" total="1073741824" percent="23">
    <mem type="nursery" free="108492792" total="268435456" percent="40">
      <mem type="allocate" free="108492792" total="184483840" percent="58" />
      <mem type="survivor" free="0" total="83951616" percent="0" />
    </mem>
    <mem type="tenure" free="141846032" total="805306368" percent="17" macro-fragmented="0">
      <mem type="soa" free="133792272" total="797252608" percent="16" />
      <mem type="loa" free="8053760" total="8053760" percent="100" />
    </mem>
    <pending-finalizers system="52" default="1" reference="7" classloader="0" />
    <remembered-set count="131" />
  </mem-info>
</gc-end>
<cycle-end id="4991" type="scavenge" contextid="4985" timestamp="2022-02-08T18:56:30.627" />
<allocation-satisfied id="4992" threadId="0000000000016F00" bytesRequested="25792" />
<af-end id="4993" timestamp="2022-02-08T18:56:30.627" threadId="0000000000017908" success="true" from="nursery"/>
<exclusive-end id="4994" timestamp="2022-02-08T18:56:30.627" durationms="91.610" />

<concurrent-kickoff id="4995" timestamp="2022-02-08T18:56:31.288">
  <kickoff reason="threshold reached" targetBytes="74437089" thresholdFreeBytes="5765856"  remainingFree="5724224" tenureFreeBytes="141846032" nurseryFreeBytes="5724224" />
</concurrent-kickoff>
<exclusive-start id="4996" timestamp="2022-02-08T18:56:31.292" intervalms="756.728">
  <response-info timems="0.019" idlems="0.019" threads="0" lastid="0000000000016F00" lastname="main" />
</exclusive-start>
<cycle-start id="4997" type="global" contextid="0" timestamp="2022-02-08T18:56:31.293" intervalms="2894.970" />
<concurrent-start id="4998" type="global mark" contextid="4997" timestamp="2022-02-08T18:56:31.293">
</concurrent-start>
<exclusive-end id="4999" timestamp="2022-02-08T18:56:31.293" durationms="0.028" />

<exclusive-start id="5000" timestamp="2022-02-08T18:56:31.400" intervalms="107.574">
  <response-info timems="0.085" idlems="0.053" threads="1" lastid="00000000001C3D00" lastname="Concurrent Mark Helper" />
</exclusive-start>
<af-start id="5001" threadId="0000000000017908" totalBytesRequested="16" timestamp="2022-02-08T18:56:31.400" intervalms="864.317" type="nursery" />
<cycle-start id="5002" type="scavenge" contextid="0" timestamp="2022-02-08T18:56:31.400" intervalms="864.316" />
<gc-start id="5003" type="scavenge" contextid="5002" timestamp="2022-02-08T18:56:31.400">
  <mem-info id="5004" free="141846032" total="1073741824" percent="13">
    <mem type="nursery" free="0" total="268435456" percent="0">
      <mem type="allocate" free="0" total="184483840" percent="0" />
      <mem type="survivor" free="0" total="83951616" percent="0" />
    </mem>
    <mem type="tenure" free="141846032" total="805306368" percent="17">
      <mem type="soa" free="133792272" total="797252608" percent="16" />
      <mem type="loa" free="8053760" total="8053760" percent="100" />
    </mem>
    <remembered-set count="132" />
  </mem-info>
</gc-start>
<allocation-stats totalBytes="108442520" >
  <allocated-bytes non-tlh="2088888" tlh="106353632" />
  <largest-consumer threadName="main" threadId="0000000000016F00" bytes="108434328" />
</allocation-stats>
<gc-op id="5005" type="scavenge" timems="77.628" contextid="5002" timestamp="2022-02-08T18:56:31.478">
  <scavenger-info tenureage="1" tenuremask="7ffe" tiltratio="68" />
  <memory-copied type="nursery" objects="1365467" bytes="77140792" bytesdiscarded="231976" />
  <memory-copied type="tenure" objects="1470230" bytes="75279816" bytesdiscarded="39096" />
  <finalization candidates="57" enqueued="0" />
  <references type="phantom" candidates="4" cleared="0" enqueued="0" />
  <object-monitors candidates="2" cleared="0"  />
</gc-op>
<gc-end id="5006" type="scavenge" contextid="5002" durationms="77.825" usertimems="306.909" systemtimems="0.049" stalltimems="2.909" timestamp="2022-02-08T18:56:31.478" activeThreads="4">
  <mem-info id="5007" free="172925200" total="1073741824" percent="16">
    <mem type="nursery" free="106390176" total="268435456" percent="39">
      <mem type="allocate" free="106390176" total="183762944" percent="57" />
      <mem type="survivor" free="0" total="84672512" percent="0" />
    </mem>
    <mem type="tenure" free="66535024" total="805306368" percent="8" macro-fragmented="27735676">
      <mem type="soa" free="58481264" total="797252608" percent="7" />
      <mem type="loa" free="8053760" total="8053760" percent="100" />
    </mem>
    <remembered-set count="101" />
  </mem-info>
</gc-end>
<cycle-end id="5008" type="scavenge" contextid="5002" timestamp="2022-02-08T18:56:31.478" />
<allocation-satisfied id="5009" threadId="0000000000016F00" bytesRequested="16" />
<af-end id="5010" timestamp="2022-02-08T18:56:31.478" threadId="0000000000017908" success="true" from="nursery"/>
<exclusive-end id="5011" timestamp="2022-02-08T18:56:31.478" durationms="78.149" />

<concurrent-end id="5012" type="global mark" contextid="4997" timestamp="2022-02-08T18:56:31.686">
<gc-op id="5013" type="trace" timems="393.916" contextid="4997" timestamp="2022-02-08T18:56:31.686">
  <trace bytesTraced="74448264" workStackOverflowCount="0" />
  <card-cleaning reason="card cleaning threshold reached" bytesTraced="904" cardsCleaned="2" />
</gc-op>
</concurrent-end>

<exclusive-start id="5014" timestamp="2022-02-08T18:56:31.686" intervalms="286.409">
  <response-info timems="0.018" idlems="0.018" threads="0" lastid="0000000000016F00" lastname="main" />
</exclusive-start>
<concurrent-global-final id="5015" timestamp="2022-02-08T18:56:31.686" contextid="4997" intervalms="2951.483" >
  <concurrent-trace-info reason="card cleaning threshold reached" tracedByMutators="49918424" tracedByHelpers="24530744" cardsCleaned="2" workStackOverflowCount="0" />
</concurrent-global-final>
<gc-start id="5016" type="global" contextid="4997" timestamp="2022-02-08T18:56:31.687">
  <mem-info id="5017" free="157360384" total="1073741824" percent="14">
    <mem type="nursery" free="90825360" total="268435456" percent="33">
      <mem type="allocate" free="90825360" total="183762944" percent="49" />
      <mem type="survivor" free="0" total="84672512" percent="0" />
    </mem>
    <mem type="tenure" free="66535024" total="805306368" percent="8">
      <mem type="soa" free="58481264" total="797252608" percent="7" />
      <mem type="loa" free="8053760" total="8053760" percent="100" />
    </mem>
    <remembered-set count="101" />
  </mem-info>
</gc-start>
<allocation-stats totalBytes="15556960" >
  <allocated-bytes non-tlh="16" tlh="15556944" />
  <largest-consumer threadName="main" threadId="0000000000016F00" bytes="15556960" />
</allocation-stats>
<gc-op id="5018" type="rs-scan" timems="0.626" contextid="4997" timestamp="2022-02-08T18:56:31.687">
  <scan objectsFound="29" bytesTraced="5268" workStackOverflowCount="0" />
</gc-op>
<gc-op id="5019" type="card-cleaning" timems="159.853" contextid="4997" timestamp="2022-02-08T18:56:31.847">
  <card-cleaning cardsCleaned="9" bytesTraced="71016840" workStackOverflowCount="0" />
</gc-op>
<gc-op id="5020" type="mark" timems="51.270" contextid="4997" timestamp="2022-02-08T18:56:31.898">
  <trace-info objectcount="1670161" scancount="1254148" scanbytes="26822888" />
  <finalization candidates="428" enqueued="57" />
  <ownableSynchronizers candidates="1" cleared="0" />
  <references type="soft" candidates="894" cleared="0" enqueued="0" dynamicThreshold="11" maxThreshold="32" />
  <references type="weak" candidates="1701" cleared="0" enqueued="0" />
  <references type="phantom" candidates="52" cleared="2" enqueued="2" />
  <stringconstants candidates="6470" cleared="0"  />
  <object-monitors candidates="2" cleared="0"  />
</gc-op>
<gc-op id="5021" type="sweep" timems="4.958" contextid="4997" timestamp="2022-02-08T18:56:31.903" />
<gc-end id="5022" type="global" contextid="4997" durationms="216.905" usertimems="231.934" systemtimems="0.000" stalltimems="153.506" timestamp="2022-02-08T18:56:31.903" activeThreads="4">
  <mem-info id="5023" free="400624200" total="1073741824" percent="37">
    <mem type="nursery" free="91150184" total="268435456" percent="33">
      <mem type="allocate" free="91150184" total="183762944" percent="49" />
      <mem type="survivor" free="0" total="84672512" percent="0" />
    </mem>
    <mem type="tenure" free="309474016" total="805306368" percent="38" micro-fragmented="288344" macro-fragmented="0">
      <mem type="soa" free="301420256" total="797252608" percent="37" />
      <mem type="loa" free="8053760" total="8053760" percent="100" />
    </mem>
    <pending-finalizers system="57" default="0" reference="2" classloader="0" />
    <remembered-set count="101" />
  </mem-info>
</gc-end>
<cycle-end id="5024" type="global" contextid="4997" timestamp="2022-02-08T18:56:31.904" />
<exclusive-end id="5025" timestamp="2022-02-08T18:56:31.904" durationms="217.137" />

<exclusive-start id="5026" timestamp="2022-02-08T18:56:32.487" intervalms="800.153">
  <response-info timems="0.017" idlems="0.017" threads="0" lastid="0000000000016F00" lastname="main" />
</exclusive-start>
<af-start id="5027" threadId="0000000000017908" totalBytesRequested="184" timestamp="2022-02-08T18:56:32.487" intervalms="1086.556" type="nursery" />
<cycle-start id="5028" type="scavenge" contextid="0" timestamp="2022-02-08T18:56:32.487" intervalms="1086.557" />
<gc-start id="5029" type="scavenge" contextid="5028" timestamp="2022-02-08T18:56:32.487">
  <mem-info id="5030" free="309474016" total="1073741824" percent="28">
    <mem type="nursery" free="0" total="268435456" percent="0">
      <mem type="allocate" free="0" total="183762944" percent="0" />
      <mem type="survivor" free="0" total="84672512" percent="0" />
    </mem>
    <mem type="tenure" free="309474016" total="805306368" percent="38">
      <mem type="soa" free="301420256" total="797252608" percent="37" />
      <mem type="loa" free="8053760" total="8053760" percent="100" />
    </mem>
    <remembered-set count="104" />
  </mem-info>
</gc-start>
<allocation-stats totalBytes="91108168" >
  <allocated-bytes non-tlh="0" tlh="91108168" />
  <largest-consumer threadName="main" threadId="0000000000016F00" bytes="91104072" />
</allocation-stats>
<gc-op id="5031" type="scavenge" timems="75.258" contextid="5028" timestamp="2022-02-08T18:56:32.562">
  <scavenger-info tenureage="1" tenuremask="7ffe" tiltratio="68" />
  <memory-copied type="nursery" objects="1343960" bytes="75774264" bytesdiscarded="134120" />
  <memory-copied type="tenure" objects="1365467" bytes="77140792" bytesdiscarded="47768" />
  <finalization candidates="4" enqueued="0" />
  <ownableSynchronizers candidates="2" cleared="2" />
  <object-monitors candidates="2" cleared="0"  />
</gc-op>
<gc-end id="5032" type="scavenge" contextid="5028" durationms="75.489" usertimems="292.783" systemtimems="4.385" stalltimems="2.846" timestamp="2022-02-08T18:56:32.562" activeThreads="4">
  <mem-info id="5033" free="340289840" total="1073741824" percent="31">
    <mem type="nursery" free="108116704" total="268435456" percent="40">
      <mem type="allocate" free="108116704" total="184025088" percent="58" />
      <mem type="survivor" free="0" total="84410368" percent="0" />
    </mem>
    <mem type="tenure" free="232173136" total="805306368" percent="28" macro-fragmented="0">
      <mem type="soa" free="224119376" total="797252608" percent="28" />
      <mem type="loa" free="8053760" total="8053760" percent="100" />
    </mem>
    <remembered-set count="104" />
  </mem-info>
</gc-end>
<cycle-end id="5034" type="scavenge" contextid="5028" timestamp="2022-02-08T18:56:32.562" />
<allocation-satisfied id="5035" threadId="0000000000016F00" bytesRequested="184" />
<af-end id="5036" timestamp="2022-02-08T18:56:32.562" threadId="0000000000017908" success="true" from="nursery"/>
<exclusive-end id="5037" timestamp="2022-02-08T18:56:32.562" durationms="75.741" />

<exclusive-start id="5038" timestamp="2022-02-08T18:56:33.256" intervalms="769.467">
  <response-info timems="0.019" idlems="0.019" threads="0" lastid="0000000000016F00" lastname="main" />
</exclusive-start>
<af-start id="5039" threadId="0000000000017908" totalBytesRequested="112" timestamp="2022-02-08T18:56:33.256" intervalms="769.463" type="nursery" />
<cycle-start id="5040" type="scavenge" contextid="0" timestamp="2022-02-08T18:56:33.256" intervalms="769.463" />
<gc-start id="5041" type="scavenge" contextid="5040" timestamp="2022-02-08T18:56:33.256">
  <mem-info id="5042" free="232173136" total="1073741824" percent="21">
    <mem type="nursery" free="0" total="268435456" percent="0">
      <mem type="allocate" free="0" total="184025088" percent="0" />
      <mem type="survivor" free="0" total="84410368" percent="0" />
    </mem>
    <mem type="tenure" free="232173136" total="805306368" percent="28">
      <mem type="soa" free="224119376" total="797252608" percent="28" />
      <mem type="loa" free="8053760" total="8053760" percent="100" />
    </mem>
    <remembered-set count="118" />
  </mem-info>
</gc-start>
<allocation-stats totalBytes="108067344" >
  <allocated-bytes non-tlh="453888" tlh="107613456" />
  <largest-consumer threadName="main" threadId="0000000000016F00" bytes="108067344" />
</allocation-stats>
<gc-op id="5043" type="scavenge" timems="77.711" contextid="5040" timestamp="2022-02-08T18:56:33.334">
  <scavenger-info tenureage="1" tenuremask="7ffe" tiltratio="68" />
  <memory-copied type="nursery" objects="1361772" bytes="76954624" bytesdiscarded="172248" />
  <memory-copied type="tenure" objects="1343959" bytes="75774160" bytesdiscarded="45696" />
  <finalization candidates="30" enqueued="18" />
  <references type="phantom" candidates="30" cleared="0" enqueued="0" />
  <object-monitors candidates="2" cleared="0"  />
</gc-op>
<gc-end id="5044" type="scavenge" contextid="5040" durationms="77.940" usertimems="306.522" systemtimems="0.000" stalltimems="3.282" timestamp="2022-02-08T18:56:33.334" activeThreads="4">
  <mem-info id="5045" free="263290088" total="1073741824" percent="24">
    <mem type="nursery" free="106898216" total="268435456" percent="39">
      <mem type="allocate" free="106898216" total="184025088" percent="58" />
      <mem type="survivor" free="0" total="84410368" percent="0" />
    </mem>
    <mem type="tenure" free="156391872" total="805306368" percent="19" macro-fragmented="27735676">
      <mem type="soa" free="148338112" total="797252608" percent="18" />
      <mem type="loa" free="8053760" total="8053760" percent="100" />
    </mem>
    <pending-finalizers system="18" default="0" reference="0" classloader="0" />
    <remembered-set count="119" />
  </mem-info>
</gc-end>
<cycle-end id="5046" type="scavenge" contextid="5040" timestamp="2022-02-08T18:56:33.334" />
<allocation-satisfied id="5047" threadId="0000000000016F00" bytesRequested="112" />
<af-end id="5048" timestamp="2022-02-08T18:56:33.334" threadId="0000000000017908" success="true" from="nursery"/>
<exclusive-end id="5049" timestamp="2022-02-08T18:56:33.334" durationms="78.231" />

<concurrent-kickoff id="5050" timestamp="2022-02-08T18:56:34.187">
  <kickoff reason="threshold reached" targetBytes="74439509" thresholdFreeBytes="5757394"  remainingFree="5710632" tenureFreeBytes="156391872" nurseryFreeBytes="5710632" />
</concurrent-kickoff>
<exclusive-start id="5051" timestamp="2022-02-08T18:56:34.190" intervalms="934.122">
  <response-info timems="0.023" idlems="0.023" threads="0" lastid="0000000000016F00" lastname="main" />
</exclusive-start>
<cycle-start id="5052" type="global" contextid="0" timestamp="2022-02-08T18:56:34.190" intervalms="2897.725" />
<concurrent-start id="5053" type="global mark" contextid="5052" timestamp="2022-02-08T18:56:34.190">
</concurrent-start>
<exclusive-end id="5054" timestamp="2022-02-08T18:56:34.190" durationms="0.028" />

<exclusive-start id="5055" timestamp="2022-02-08T18:56:34.293" intervalms="102.640">
  <response-info timems="0.018" idlems="0.018" threads="0" lastid="0000000000016F00" lastname="main" />
</exclusive-start>
<af-start id="5056" threadId="0000000000017908" totalBytesRequested="112" timestamp="2022-02-08T18:56:34.293" intervalms="1036.759" type="nursery" />
<cycle-start id="5057" type="scavenge" contextid="0" timestamp="2022-02-08T18:56:34.293" intervalms="1036.757" />
<gc-start id="5058" type="scavenge" contextid="5057" timestamp="2022-02-08T18:56:34.293">
  <mem-info id="5059" free="156391872" total="1073741824" percent="14">
    <mem type="nursery" free="0" total="268435456" percent="0">
      <mem type="allocate" free="0" total="184025088" percent="0" />
      <mem type="survivor" free="0" total="84410368" percent="0" />
    </mem>
    <mem type="tenure" free="156391872" total="805306368" percent="19">
      <mem type="soa" free="148338112" total="797252608" percent="18" />
      <mem type="loa" free="8053760" total="8053760" percent="100" />
    </mem>
    <remembered-set count="136" />
  </mem-info>
</gc-start>
<allocation-stats totalBytes="106849296" >
  <allocated-bytes non-tlh="2484656" tlh="104364640" />
  <largest-consumer threadName="main" threadId="0000000000016F00" bytes="106845200" />
</allocation-stats>
<gc-op id="5060" type="scavenge" timems="91.555" contextid="5057" timestamp="2022-02-08T18:56:34.385">
  <scavenger-info tenureage="1" tenuremask="7ffe" tiltratio="68" />
  <memory-copied type="nursery" objects="1422058" bytes="75456912" bytesdiscarded="46552" />
  <memory-copied type="tenure" objects="1361472" bytes="76341816" bytesdiscarded="40960" />
  <finalization candidates="92" enqueued="35" />
  <references type="soft" candidates="14" cleared="0" enqueued="0" dynamicThreshold="12" maxThreshold="32" />
  <references type="weak" candidates="1" cleared="0" enqueued="0" />
  <references type="phantom" candidates="77" cleared="7" enqueued="7" />
  <object-monitors candidates="2" cleared="0"  />
</gc-op>
<gc-end id="5061" type="scavenge" contextid="5057" durationms="91.723" usertimems="344.516" systemtimems="4.279" stalltimems="12.687" timestamp="2022-02-08T18:56:34.385" activeThreads="4">
  <mem-info id="5062" free="188666768" total="1073741824" percent="17">
    <mem type="nursery" free="108783640" total="268435456" percent="40">
      <mem type="allocate" free="108783640" total="184287232" percent="59" />
      <mem type="survivor" free="0" total="84148224" percent="0" />
    </mem>
    <mem type="tenure" free="79883128" total="805306368" percent="9" macro-fragmented="47927252">
      <mem type="soa" free="71829368" total="797252608" percent="9" />
      <mem type="loa" free="8053760" total="8053760" percent="100" />
    </mem>
    <pending-finalizers system="34" default="1" reference="7" classloader="0" />
    <remembered-set count="121" />
  </mem-info>
</gc-end>
<cycle-end id="5063" type="scavenge" contextid="5057" timestamp="2022-02-08T18:56:34.385" />
<allocation-satisfied id="5064" threadId="0000000000016F00" bytesRequested="112" />
<af-end id="5065" timestamp="2022-02-08T18:56:34.385" threadId="0000000000017908" success="true" from="nursery"/>
<exclusive-end id="5066" timestamp="2022-02-08T18:56:34.385" durationms="91.990" />

<concurrent-end id="5067" type="global mark" contextid="5052" timestamp="2022-02-08T18:56:34.536">
<gc-op id="5068" type="trace" timems="345.805" contextid="5052" timestamp="2022-02-08T18:56:34.536">
  <trace bytesTraced="74448632" workStackOverflowCount="0" />
  <card-cleaning reason="card cleaning threshold reached" bytesTraced="904" cardsCleaned="2" />
</gc-op>
</concurrent-end>

<exclusive-start id="5069" timestamp="2022-02-08T18:56:34.536" intervalms="243.238">
  <response-info timems="0.018" idlems="0.018" threads="0" lastid="0000000000016F00" lastname="main" />
</exclusive-start>
<concurrent-global-final id="5070" timestamp="2022-02-08T18:56:34.536" contextid="5052" intervalms="2849.619" >
  <concurrent-trace-info reason="card cleaning threshold reached" tracedByMutators="56767112" tracedByHelpers="17682424" cardsCleaned="2" workStackOverflowCount="0" />
</concurrent-global-final>
<gc-start id="5071" type="global" contextid="5052" timestamp="2022-02-08T18:56:34.536">
  <mem-info id="5072" free="179516192" total="1073741824" percent="16">
    <mem type="nursery" free="99633064" total="268435456" percent="37">
      <mem type="allocate" free="99633064" total="184287232" percent="54" />
      <mem type="survivor" free="0" total="84148224" percent="0" />
    </mem>
    <mem type="tenure" free="79883128" total="805306368" percent="9">
      <mem type="soa" free="71829368" total="797252608" percent="9" />
      <mem type="loa" free="8053760" total="8053760" percent="100" />
    </mem>
    <remembered-set count="122" />
  </mem-info>
</gc-start>
<allocation-stats totalBytes="9147032" >
  <allocated-bytes non-tlh="112" tlh="9146920" />
  <largest-consumer threadName="main" threadId="0000000000016F00" bytes="9138840" />
</allocation-stats>
<gc-op id="5073" type="rs-scan" timems="135.277" contextid="5052" timestamp="2022-02-08T18:56:34.671">
  <scan objectsFound="3324749" bytesTraced="71019520" workStackOverflowCount="0" />
</gc-op>
<gc-op id="5074" type="card-cleaning" timems="0.258" contextid="5052" timestamp="2022-02-08T18:56:34.672">
  <card-cleaning cardsCleaned="3" bytesTraced="1112" workStackOverflowCount="0" />
</gc-op>
<gc-op id="5075" type="mark" timems="32.887" contextid="5052" timestamp="2022-02-08T18:56:34.705">
  <trace-info objectcount="1289936" scancount="968978" scanbytes="20739272" />
  <finalization candidates="428" enqueued="57" />
  <ownableSynchronizers candidates="1" cleared="0" />
  <references type="soft" candidates="894" cleared="0" enqueued="0" dynamicThreshold="12" maxThreshold="32" />
  <references type="weak" candidates="1701" cleared="0" enqueued="0" />
  <references type="phantom" candidates="52" cleared="2" enqueued="2" />
  <stringconstants candidates="6470" cleared="0"  />
  <object-monitors candidates="2" cleared="0"  />
</gc-op>
<gc-op id="5076" type="sweep" timems="4.726" contextid="5052" timestamp="2022-02-08T18:56:34.709" />
<gc-end id="5077" type="global" contextid="5052" durationms="173.352" usertimems="187.885" systemtimems="0.349" stalltimems="97.943" timestamp="2022-02-08T18:56:34.710" activeThreads="4">
  <mem-info id="5078" free="422917016" total="1073741824" percent="39">
    <mem type="nursery" free="100097296" total="268435456" percent="37">
      <mem type="allocate" free="100097296" total="184287232" percent="54" />
      <mem type="survivor" free="0" total="84148224" percent="0" />
    </mem>
    <mem type="tenure" free="322819720" total="805306368" percent="40" micro-fragmented="322058" macro-fragmented="0">
      <mem type="soa" free="314765960" total="797252608" percent="39" />
      <mem type="loa" free="8053760" total="8053760" percent="100" />
    </mem>
    <pending-finalizers system="57" default="0" reference="2" classloader="0" />
    <remembered-set count="109" />
  </mem-info>
</gc-end>
<cycle-end id="5079" type="global" contextid="5052" timestamp="2022-02-08T18:56:34.710" />
<exclusive-end id="5080" timestamp="2022-02-08T18:56:34.710" durationms="173.611" />

<exclusive-start id="5081" timestamp="2022-02-08T18:56:35.417" intervalms="880.555">
  <response-info timems="0.019" idlems="0.019" threads="0" lastid="0000000000016F00" lastname="main" />
</exclusive-start>
<af-start id="5082" threadId="0000000000017908" totalBytesRequested="88" timestamp="2022-02-08T18:56:35.417" intervalms="1123.792" type="nursery" />
<cycle-start id="5083" type="scavenge" contextid="0" timestamp="2022-02-08T18:56:35.417" intervalms="1123.794" />
<gc-start id="5084" type="scavenge" contextid="5083" timestamp="2022-02-08T18:56:35.417">
  <mem-info id="5085" free="322819720" total="1073741824" percent="30">
    <mem type="nursery" free="0" total="268435456" percent="0">
      <mem type="allocate" free="0" total="184287232" percent="0" />
      <mem type="survivor" free="0" total="84148224" percent="0" />
    </mem>
    <mem type="tenure" free="322819720" total="805306368" percent="40">
      <mem type="soa" free="314765960" total="797252608" percent="39" />
      <mem type="loa" free="8053760" total="8053760" percent="100" />
    </mem>
    <remembered-set count="110" />
  </mem-info>
</gc-start>
<allocation-stats totalBytes="100050880" >
  <allocated-bytes non-tlh="0" tlh="100050880" />
  <largest-consumer threadName="main" threadId="0000000000016F00" bytes="100046784" />
</allocation-stats>
<gc-op id="5086" type="scavenge" timems="90.841" contextid="5083" timestamp="2022-02-08T18:56:35.508">
  <scavenger-info tenureage="1" tenuremask="7ffe" tiltratio="68" />
  <memory-copied type="nursery" objects="1407991" bytes="77682720" bytesdiscarded="214520" />
  <memory-copied type="tenure" objects="1421577" bytes="75145168" bytesdiscarded="41760" />
  <finalization candidates="45" enqueued="0" />
  <ownableSynchronizers candidates="2" cleared="2" />
  <object-monitors candidates="2" cleared="0"  />
</gc-op>
<gc-end id="5087" type="scavenge" contextid="5083" durationms="91.051" usertimems="354.911" systemtimems="0.000" stalltimems="2.841" timestamp="2022-02-08T18:56:35.508" activeThreads="4">
  <mem-info id="5088" free="352205848" total="1073741824" percent="32">
    <mem type="nursery" free="104620520" total="268435456" percent="38">
      <mem type="allocate" free="104620520" total="182517760" percent="57" />
      <mem type="survivor" free="0" total="85917696" percent="0" />
    </mem>
    <mem type="tenure" free="247585328" total="805306368" percent="30" macro-fragmented="0">
      <mem type="soa" free="239531568" total="797252608" percent="30" />
      <mem type="loa" free="8053760" total="8053760" percent="100" />
    </mem>
    <remembered-set count="104" />
  </mem-info>
</gc-end>
<cycle-end id="5089" type="scavenge" contextid="5083" timestamp="2022-02-08T18:56:35.508" />
<allocation-satisfied id="5090" threadId="0000000000016F00" bytesRequested="88" />
<af-end id="5091" timestamp="2022-02-08T18:56:35.508" threadId="0000000000017908" success="true" from="nursery"/>
<exclusive-end id="5092" timestamp="2022-02-08T18:56:35.508" durationms="91.308" />

<exclusive-start id="5093" timestamp="2022-02-08T18:56:36.141" intervalms="724.059">
  <response-info timems="0.019" idlems="0.019" threads="0" lastid="0000000000016F00" lastname="main" />
</exclusive-start>
<af-start id="5094" threadId="0000000000017908" totalBytesRequested="184" timestamp="2022-02-08T18:56:36.141" intervalms="724.062" type="nursery" />
<cycle-start id="5095" type="scavenge" contextid="0" timestamp="2022-02-08T18:56:36.141" intervalms="724.061" />
<gc-start id="5096" type="scavenge" contextid="5095" timestamp="2022-02-08T18:56:36.141">
  <mem-info id="5097" free="247585328" total="1073741824" percent="23">
    <mem type="nursery" free="0" total="268435456" percent="0">
      <mem type="allocate" free="0" total="182517760" percent="0" />
      <mem type="survivor" free="0" total="85917696" percent="0" />
    </mem>
    <mem type="tenure" free="247585328" total="805306368" percent="30">
      <mem type="soa" free="239531568" total="797252608" percent="30" />
      <mem type="loa" free="8053760" total="8053760" percent="100" />
    </mem>
    <remembered-set count="104" />
  </mem-info>
</gc-start>
<allocation-stats totalBytes="104574056" >
  <allocated-bytes non-tlh="88" tlh="104573968" />
  <largest-consumer threadName="main" threadId="0000000000016F00" bytes="104574056" />
</allocation-stats>
<gc-op id="5098" type="scavenge" timems="84.494" contextid="5095" timestamp="2022-02-08T18:56:36.225">
  <scavenger-info tenureage="1" tenuremask="7ffe" tiltratio="67" />
  <memory-copied type="nursery" objects="1305577" bytes="74349264" bytesdiscarded="261624" />
  <memory-copied type="tenure" objects="1407990" bytes="77682664" bytesdiscarded="45184" />
  <object-monitors candidates="2" cleared="0"  />
</gc-op>
<gc-end id="5099" type="scavenge" contextid="5095" durationms="84.810" usertimems="333.679" systemtimems="0.000" stalltimems="2.542" timestamp="2022-02-08T18:56:36.226" activeThreads="4">
  <mem-info id="5100" free="277996424" total="1073741824" percent="25">
    <mem type="nursery" free="108300088" total="268435456" percent="40">
      <mem type="allocate" free="108300088" total="182910976" percent="59" />
      <mem type="survivor" free="0" total="85524480" percent="0" />
    </mem>
    <mem type="tenure" free="169696336" total="805306368" percent="21" macro-fragmented="723458">
      <mem type="soa" free="161642576" total="797252608" percent="20" />
      <mem type="loa" free="8053760" total="8053760" percent="100" />
    </mem>
    <remembered-set count="104" />
  </mem-info>
</gc-end>
<cycle-end id="5101" type="scavenge" contextid="5095" timestamp="2022-02-08T18:56:36.226" />
<allocation-satisfied id="5102" threadId="0000000000016F00" bytesRequested="184" />
<af-end id="5103" timestamp="2022-02-08T18:56:36.226" threadId="0000000000017908" success="true" from="nursery"/>
<exclusive-end id="5104" timestamp="2022-02-08T18:56:36.226" durationms="85.103" />

<exclusive-start id="5105" timestamp="2022-02-08T18:56:37.144" intervalms="1003.473">
  <response-info timems="0.034" idlems="0.034" threads="0" lastid="0000000000016F00" lastname="main" />
</exclusive-start>
<af-start id="5106" threadId="0000000000017908" totalBytesRequested="240" timestamp="2022-02-08T18:56:37.144" intervalms="1003.487" type="nursery" />
<cycle-start id="5107" type="scavenge" contextid="0" timestamp="2022-02-08T18:56:37.144" intervalms="1003.488" />
<gc-start id="5108" type="scavenge" contextid="5107" timestamp="2022-02-08T18:56:37.144">
  <mem-info id="5109" free="169696336" total="1073741824" percent="15">
    <mem type="nursery" free="0" total="268435456" percent="0">
      <mem type="allocate" free="0" total="182910976" percent="0" />
      <mem type="survivor" free="0" total="85524480" percent="0" />
    </mem>
    <mem type="tenure" free="169696336" total="805306368" percent="21">
      <mem type="soa" free="161642576" total="797252608" percent="20" />
      <mem type="loa" free="8053760" total="8053760" percent="100" />
    </mem>
    <remembered-set count="134" />
  </mem-info>
</gc-start>
<allocation-stats totalBytes="108254296" >
  <allocated-bytes non-tlh="2841632" tlh="105412664" />
  <largest-consumer threadName="main" threadId="0000000000016F00" bytes="108254296" />
</allocation-stats>
<gc-op id="5110" type="scavenge" timems="89.624" contextid="5107" timestamp="2022-02-08T18:56:37.234">
  <scavenger-info tenureage="1" tenuremask="7ffe" tiltratio="68" />
  <memory-copied type="nursery" objects="1453296" bytes="76116304" bytesdiscarded="121376" />
  <memory-copied type="tenure" objects="1305576" bytes="74349160" bytesdiscarded="39024" />
  <finalization candidates="110" enqueued="53" />
  <references type="soft" candidates="14" cleared="0" enqueued="0" dynamicThreshold="12" maxThreshold="32" />
  <references type="weak" candidates="1" cleared="0" enqueued="0" />
  <references type="phantom" candidates="95" cleared="7" enqueued="7" />
  <object-monitors candidates="2" cleared="0"  />
</gc-op>
<gc-end id="5111" type="scavenge" contextid="5107" durationms="89.781" usertimems="354.405" systemtimems="0.000" stalltimems="3.317" timestamp="2022-02-08T18:56:37.234" activeThreads="4">
  <mem-info id="5112" free="202215584" total="1073741824" percent="18">
    <mem type="nursery" free="106935312" total="268435456" percent="39">
      <mem type="allocate" free="106935312" total="183173120" percent="58" />
      <mem type="survivor" free="0" total="85262336" percent="0" />
    </mem>
    <mem type="tenure" free="95280272" total="805306368" percent="11" macro-fragmented="57512708">
      <mem type="soa" free="87226512" total="797252608" percent="10" />
      <mem type="loa" free="8053760" total="8053760" percent="100" />
    </mem>
    <pending-finalizers system="52" default="1" reference="7" classloader="0" />
    <remembered-set count="129" />
  </mem-info>
</gc-end>
<cycle-end id="5113" type="scavenge" contextid="5107" timestamp="2022-02-08T18:56:37.234" />
<allocation-satisfied id="5114" threadId="0000000000016F00" bytesRequested="240" />
<af-end id="5115" timestamp="2022-02-08T18:56:37.234" threadId="0000000000017908" success="true" from="nursery"/>
<exclusive-end id="5116" timestamp="2022-02-08T18:56:37.234" durationms="90.066" />

<concurrent-kickoff id="5117" timestamp="2022-02-08T18:56:37.948">
  <kickoff reason="threshold reached" targetBytes="74441511" thresholdFreeBytes="5755561"  remainingFree="5747728" tenureFreeBytes="95280272" nurseryFreeBytes="5747728" />
</concurrent-kickoff>
<exclusive-start id="5118" timestamp="2022-02-08T18:56:37.952" intervalms="808.276">
  <response-info timems="0.022" idlems="0.022" threads="0" lastid="0000000000016F00" lastname="main" />
</exclusive-start>
<cycle-start id="5119" type="global" contextid="0" timestamp="2022-02-08T18:56:37.952" intervalms="3762.243" />
<concurrent-start id="5120" type="global mark" contextid="5119" timestamp="2022-02-08T18:56:37.952">
</concurrent-start>
<exclusive-end id="5121" timestamp="2022-02-08T18:56:37.952" durationms="0.031" />

<exclusive-start id="5122" timestamp="2022-02-08T18:56:38.086" intervalms="133.581">
  <response-info timems="0.037" idlems="0.037" threads="0" lastid="0000000000016F00" lastname="main" />
</exclusive-start>
<af-start id="5123" threadId="0000000000017908" totalBytesRequested="104" timestamp="2022-02-08T18:56:38.086" intervalms="941.841" type="nursery" />
<cycle-start id="5124" type="scavenge" contextid="0" timestamp="2022-02-08T18:56:38.086" intervalms="941.841" />
<gc-start id="5125" type="scavenge" contextid="5124" timestamp="2022-02-08T18:56:38.086">
  <mem-info id="5126" free="95280272" total="1073741824" percent="8">
    <mem type="nursery" free="0" total="268435456" percent="0">
      <mem type="allocate" free="0" total="183173120" percent="0" />
      <mem type="survivor" free="0" total="85262336" percent="0" />
    </mem>
    <mem type="tenure" free="95280272" total="805306368" percent="11">
      <mem type="soa" free="87226512" total="797252608" percent="10" />
      <mem type="loa" free="8053760" total="8053760" percent="100" />
    </mem>
    <remembered-set count="130" />
  </mem-info>
</gc-start>
<allocation-stats totalBytes="106886064" >
  <allocated-bytes non-tlh="240" tlh="106885824" />
  <largest-consumer threadName="main" threadId="0000000000016F00" bytes="106877872" />
</allocation-stats>
<gc-op id="5127" type="scavenge" timems="95.965" contextid="5124" timestamp="2022-02-08T18:56:38.182">
  <scavenger-info tenureage="1" tenuremask="7ffe" tiltratio="68" />
  <memory-copied type="nursery" objects="1378652" bytes="76146576" bytesdiscarded="146128" />
  <memory-copied type="tenure" objects="1452584" bytes="75648320" bytesdiscarded="37552" />
  <finalization candidates="57" enqueued="0" />
  <object-monitors candidates="2" cleared="0"  />
</gc-op>
<gc-end id="5128" type="scavenge" contextid="5124" durationms="96.173" usertimems="370.458" systemtimems="3.935" stalltimems="3.202" timestamp="2022-02-08T18:56:38.182" activeThreads="4">
  <mem-info id="5129" free="127174688" total="1073741824" percent="11">
    <mem type="nursery" free="107470240" total="268435456" percent="40">
      <mem type="allocate" free="107470240" total="183762944" percent="58" />
      <mem type="survivor" free="0" total="84672512" percent="0" />
    </mem>
    <mem type="tenure" free="19704448" total="805306368" percent="2" macro-fragmented="0">
      <mem type="soa" free="11650688" total="797252608" percent="1" />
      <mem type="loa" free="8053760" total="8053760" percent="100" />
    </mem>
    <remembered-set count="103" />
  </mem-info>
</gc-end>
<cycle-end id="5130" type="scavenge" contextid="5124" timestamp="2022-02-08T18:56:38.182" />
<allocation-satisfied id="5131" threadId="0000000000016F00" bytesRequested="104" />
<af-end id="5132" timestamp="2022-02-08T18:56:38.182" threadId="0000000000017908" success="true" from="nursery"/>
<exclusive-end id="5133" timestamp="2022-02-08T18:56:38.182" durationms="96.450" />

<concurrent-end id="5134" type="global mark" contextid="5119" timestamp="2022-02-08T18:56:38.301">
<gc-op id="5135" type="trace" timems="348.438" contextid="5119" timestamp="2022-02-08T18:56:38.301">
  <trace bytesTraced="74448744" workStackOverflowCount="0" />
  <card-cleaning reason="card cleaning threshold reached" bytesTraced="904" cardsCleaned="2" />
</gc-op>
</concurrent-end>

<exclusive-start id="5136" timestamp="2022-02-08T18:56:38.301" intervalms="214.932">
  <response-info timems="0.022" idlems="0.022" threads="0" lastid="0000000000016F00" lastname="main" />
</exclusive-start>
<concurrent-global-final id="5137" timestamp="2022-02-08T18:56:38.301" contextid="5119" intervalms="3764.876" >
  <concurrent-trace-info reason="card cleaning threshold reached" tracedByMutators="57709828" tracedByHelpers="16739820" cardsCleaned="2" workStackOverflowCount="0" />
</concurrent-global-final>
<gc-start id="5138" type="global" contextid="5119" timestamp="2022-02-08T18:56:38.301">
  <mem-info id="5139" free="119867320" total="1073741824" percent="11">
    <mem type="nursery" free="100162872" total="268435456" percent="37">
      <mem type="allocate" free="100162872" total="183762944" percent="54" />
      <mem type="survivor" free="0" total="84672512" percent="0" />
    </mem>
    <mem type="tenure" free="19704448" total="805306368" percent="2">
      <mem type="soa" free="11650688" total="797252608" percent="1" />
      <mem type="loa" free="8053760" total="8053760" percent="100" />
    </mem>
    <remembered-set count="103" />
  </mem-info>
</gc-start>
<allocation-stats totalBytes="7304224" >
  <allocated-bytes non-tlh="104" tlh="7304120" />
  <largest-consumer threadName="main" threadId="0000000000016F00" bytes="7304224" />
</allocation-stats>
<gc-op id="5140" type="rs-scan" timems="0.516" contextid="5119" timestamp="2022-02-08T18:56:38.302">
  <scan objectsFound="0" bytesTraced="3836" workStackOverflowCount="0" />
</gc-op>
<gc-op id="5141" type="card-cleaning" timems="158.147" contextid="5119" timestamp="2022-02-08T18:56:38.460">
  <card-cleaning cardsCleaned="10" bytesTraced="71018208" workStackOverflowCount="0" />
</gc-op>
<gc-op id="5142" type="mark" timems="65.304" contextid="5119" timestamp="2022-02-08T18:56:38.525">
  <trace-info objectcount="2384939" scancount="1790232" scanbytes="38259304" />
  <finalization candidates="428" enqueued="57" />
  <ownableSynchronizers candidates="1" cleared="0" />
  <references type="soft" candidates="894" cleared="0" enqueued="0" dynamicThreshold="12" maxThreshold="32" />
  <references type="weak" candidates="1701" cleared="0" enqueued="0" />
  <references type="phantom" candidates="52" cleared="2" enqueued="2" />
  <stringconstants candidates="6470" cleared="0"  />
  <object-monitors candidates="2" cleared="0"  />
</gc-op>
<gc-op id="5143" type="sweep" timems="5.305" contextid="5119" timestamp="2022-02-08T18:56:38.530" />
<gc-end id="5144" type="global" contextid="5119" durationms="229.482" usertimems="247.081" systemtimems="0.000" stalltimems="194.825" timestamp="2022-02-08T18:56:38.531" activeThreads="4">
  <mem-info id="5145" free="362979656" total="1073741824" percent="33">
    <mem type="nursery" free="100402344" total="268435456" percent="37">
      <mem type="allocate" free="100402344" total="183762944" percent="54" />
      <mem type="survivor" free="0" total="84672512" percent="0" />
    </mem>
    <mem type="tenure" free="262577312" total="805306368" percent="32" micro-fragmented="326133" macro-fragmented="0">
      <mem type="soa" free="254523552" total="797252608" percent="31" />
      <mem type="loa" free="8053760" total="8053760" percent="100" />
    </mem>
    <pending-finalizers system="57" default="0" reference="2" classloader="0" />
    <remembered-set count="103" />
  </mem-info>
</gc-end>
<cycle-end id="5146" type="global" contextid="5119" timestamp="2022-02-08T18:56:38.531" />
<exclusive-end id="5147" timestamp="2022-02-08T18:56:38.531" durationms="229.751" />

<exclusive-start id="5148" timestamp="2022-02-08T18:56:39.152" intervalms="851.102">
  <response-info timems="0.020" idlems="0.020" threads="0" lastid="0000000000016F00" lastname="main" />
</exclusive-start>
<af-start id="5149" threadId="0000000000017908" totalBytesRequested="184" timestamp="2022-02-08T18:56:39.152" intervalms="1066.036" type="nursery" />
<cycle-start id="5150" type="scavenge" contextid="0" timestamp="2022-02-08T18:56:39.152" intervalms="1066.050" />
<gc-start id="5151" type="scavenge" contextid="5150" timestamp="2022-02-08T18:56:39.152">
  <mem-info id="5152" free="262577312" total="1073741824" percent="24">
    <mem type="nursery" free="0" total="268435456" percent="0">
      <mem type="allocate" free="0" total="183762944" percent="0" />
      <mem type="survivor" free="0" total="84672512" percent="0" />
    </mem>
    <mem type="tenure" free="262577312" total="805306368" percent="32">
      <mem type="soa" free="254523552" total="797252608" percent="31" />
      <mem type="loa" free="8053760" total="8053760" percent="100" />
    </mem>
    <remembered-set count="106" />
  </mem-info>
</gc-start>
<allocation-stats totalBytes="100354712" >
  <allocated-bytes non-tlh="0" tlh="100354712" />
  <largest-consumer threadName="main" threadId="0000000000016F00" bytes="100350616" />
</allocation-stats>
<gc-op id="5153" type="scavenge" timems="91.263" contextid="5150" timestamp="2022-02-08T18:56:39.244">
  <scavenger-info tenureage="1" tenuremask="7ffe" tiltratio="68" />
  <memory-copied type="nursery" objects="1349903" bytes="76442632" bytesdiscarded="88304" />
  <memory-copied type="tenure" objects="1378652" bytes="76146576" bytesdiscarded="44584" />
  <ownableSynchronizers candidates="2" cleared="2" />
  <object-monitors candidates="2" cleared="0"  />
</gc-op>
<gc-end id="5154" type="scavenge" contextid="5150" durationms="91.439" usertimems="358.999" systemtimems="0.000" stalltimems="4.829" timestamp="2022-02-08T18:56:39.244" activeThreads="4">
  <mem-info id="5155" free="293622584" total="1073741824" percent="27">
    <mem type="nursery" free="107625224" total="268435456" percent="40">
      <mem type="allocate" free="107625224" total="184156160" percent="58" />
      <mem type="survivor" free="0" total="84279296" percent="0" />
    </mem>
    <mem type="tenure" free="185997360" total="805306368" percent="23" macro-fragmented="0">
      <mem type="soa" free="177943600" total="797252608" percent="22" />
      <mem type="loa" free="8053760" total="8053760" percent="100" />
    </mem>
    <remembered-set count="105" />
  </mem-info>
</gc-end>
<cycle-end id="5156" type="scavenge" contextid="5150" timestamp="2022-02-08T18:56:39.244" />
<allocation-satisfied id="5157" threadId="0000000000016F00" bytesRequested="184" />
<af-end id="5158" timestamp="2022-02-08T18:56:39.244" threadId="0000000000017908" success="true" from="nursery"/>
<exclusive-end id="5159" timestamp="2022-02-08T18:56:39.244" durationms="91.726" />

<exclusive-start id="5160" timestamp="2022-02-08T18:56:40.141" intervalms="989.421">
  <response-info timems="0.019" idlems="0.019" threads="0" lastid="0000000000016F00" lastname="main" />
</exclusive-start>
<af-start id="5161" threadId="0000000000017908" totalBytesRequested="200" timestamp="2022-02-08T18:56:40.142" intervalms="989.423" type="nursery" />
<cycle-start id="5162" type="scavenge" contextid="0" timestamp="2022-02-08T18:56:40.142" intervalms="989.409" />
<gc-start id="5163" type="scavenge" contextid="5162" timestamp="2022-02-08T18:56:40.142">
  <mem-info id="5164" free="185997360" total="1073741824" percent="17">
    <mem type="nursery" free="0" total="268435456" percent="0">
      <mem type="allocate" free="0" total="184156160" percent="0" />
      <mem type="survivor" free="0" total="84279296" percent="0" />
    </mem>
    <mem type="tenure" free="185997360" total="805306368" percent="23">
      <mem type="soa" free="177943600" total="797252608" percent="22" />
      <mem type="loa" free="8053760" total="8053760" percent="100" />
    </mem>
    <remembered-set count="136" />
  </mem-info>
</gc-start>
<allocation-stats totalBytes="107575768" >
  <allocated-bytes non-tlh="1661328" tlh="105914440" />
  <largest-consumer threadName="main" threadId="0000000000016F00" bytes="107575768" />
</allocation-stats>
<gc-op id="5165" type="scavenge" timems="93.967" contextid="5162" timestamp="2022-02-08T18:56:40.236">
  <scavenger-info tenureage="1" tenuremask="7ffe" tiltratio="68" />
  <memory-copied type="nursery" objects="1449024" bytes="75685896" bytesdiscarded="160800" />
  <memory-copied type="tenure" objects="1349902" bytes="76442528" bytesdiscarded="43392" />
  <finalization candidates="109" enqueued="53" />
  <references type="soft" candidates="14" cleared="0" enqueued="0" dynamicThreshold="10" maxThreshold="32" />
  <references type="weak" candidates="1" cleared="0" enqueued="0" />
  <references type="phantom" candidates="94" cleared="7" enqueued="7" />
  <object-monitors candidates="2" cleared="0"  />
</gc-op>
<gc-end id="5166" type="scavenge" contextid="5162" durationms="94.126" usertimems="368.431" systemtimems="0.000" stalltimems="5.125" timestamp="2022-02-08T18:56:40.236" activeThreads="4">
  <mem-info id="5167" free="218286192" total="1073741824" percent="20">
    <mem type="nursery" free="108637016" total="268435456" percent="40">
      <mem type="allocate" free="108637016" total="184483840" percent="58" />
      <mem type="survivor" free="0" total="83951616" percent="0" />
    </mem>
    <mem type="tenure" free="109649176" total="805306368" percent="13" macro-fragmented="0">
      <mem type="soa" free="101595416" total="797252608" percent="12" />
      <mem type="loa" free="8053760" total="8053760" percent="100" />
    </mem>
    <pending-finalizers system="52" default="1" reference="7" classloader="0" />
    <remembered-set count="132" />
  </mem-info>
</gc-end>
<cycle-end id="5168" type="scavenge" contextid="5162" timestamp="2022-02-08T18:56:40.236" />
<allocation-satisfied id="5169" threadId="0000000000016F00" bytesRequested="200" />
<af-end id="5170" timestamp="2022-02-08T18:56:40.236" threadId="0000000000017908" success="true" from="nursery"/>
<exclusive-end id="5171" timestamp="2022-02-08T18:56:40.236" durationms="94.410" />

<concurrent-kickoff id="5172" timestamp="2022-02-08T18:56:40.947">
  <kickoff reason="threshold reached" targetBytes="74443140" thresholdFreeBytes="5754158"  remainingFree="5732912" tenureFreeBytes="109649176" nurseryFreeBytes="5732912" />
</concurrent-kickoff>
<exclusive-start id="5173" timestamp="2022-02-08T18:56:40.951" intervalms="809.301">
  <response-info timems="0.019" idlems="0.019" threads="0" lastid="0000000000016F00" lastname="main" />
</exclusive-start>
<cycle-start id="5174" type="global" contextid="0" timestamp="2022-02-08T18:56:40.951" intervalms="2998.333" />
<concurrent-start id="5175" type="global mark" contextid="5174" timestamp="2022-02-08T18:56:40.951">
</concurrent-start>
<exclusive-end id="5176" timestamp="2022-02-08T18:56:40.951" durationms="0.027" />

<exclusive-start id="5177" timestamp="2022-02-08T18:56:41.078" intervalms="127.657">
  <response-info timems="0.040" idlems="0.040" threads="0" lastid="0000000000016F00" lastname="main" />
</exclusive-start>
<af-start id="5178" threadId="0000000000017908" totalBytesRequested="120" timestamp="2022-02-08T18:56:41.079" intervalms="937.347" type="nursery" />
<cycle-start id="5179" type="scavenge" contextid="0" timestamp="2022-02-08T18:56:41.079" intervalms="937.492" />
<gc-start id="5180" type="scavenge" contextid="5179" timestamp="2022-02-08T18:56:41.079">
  <mem-info id="5181" free="109649176" total="1073741824" percent="10">
    <mem type="nursery" free="0" total="268435456" percent="0">
      <mem type="allocate" free="0" total="184483840" percent="0" />
      <mem type="survivor" free="0" total="83951616" percent="0" />
    </mem>
    <mem type="tenure" free="109649176" total="805306368" percent="13">
      <mem type="soa" free="101595416" total="797252608" percent="12" />
      <mem type="loa" free="8053760" total="8053760" percent="100" />
    </mem>
    <remembered-set count="133" />
  </mem-info>
</gc-start>
<allocation-stats totalBytes="108585304" >
  <allocated-bytes non-tlh="1347880" tlh="107237424" />
  <largest-consumer threadName="main" threadId="0000000000016F00" bytes="108577112" />
</allocation-stats>
<gc-op id="5182" type="scavenge" timems="94.109" contextid="5179" timestamp="2022-02-08T18:56:41.173">
  <scavenger-info tenureage="1" tenuremask="7ffe" tiltratio="68" />
  <memory-copied type="nursery" objects="1382025" bytes="77740200" bytesdiscarded="229376" />
  <memory-copied type="tenure" objects="1448304" bytes="74742616" bytesdiscarded="43048" />
  <finalization candidates="57" enqueued="0" />
  <references type="phantom" candidates="1" cleared="0" enqueued="0" />
  <object-monitors candidates="2" cleared="0"  />
</gc-op>
<gc-end id="5183" type="scavenge" contextid="5179" durationms="94.247" usertimems="372.685" systemtimems="0.243" stalltimems="2.590" timestamp="2022-02-08T18:56:41.173" activeThreads="4">
  <mem-info id="5184" free="139594912" total="1073741824" percent="13">
    <mem type="nursery" free="104679256" total="268435456" percent="38">
      <mem type="allocate" free="104679256" total="182648832" percent="57" />
      <mem type="survivor" free="0" total="85786624" percent="0" />
    </mem>
    <mem type="tenure" free="34915656" total="805306368" percent="4" macro-fragmented="24769651">
      <mem type="soa" free="26861896" total="797252608" percent="3" />
      <mem type="loa" free="8053760" total="8053760" percent="100" />
    </mem>
    <remembered-set count="102" />
  </mem-info>
</gc-end>
<cycle-end id="5185" type="scavenge" contextid="5179" timestamp="2022-02-08T18:56:41.173" />
<allocation-satisfied id="5186" threadId="0000000000016F00" bytesRequested="120" />
<af-end id="5187" timestamp="2022-02-08T18:56:41.174" threadId="0000000000017908" success="true" from="nursery"/>
<exclusive-end id="5188" timestamp="2022-02-08T18:56:41.174" durationms="95.077" />

<concurrent-end id="5189" type="global mark" contextid="5174" timestamp="2022-02-08T18:56:41.295">
<gc-op id="5190" type="trace" timems="344.553" contextid="5174" timestamp="2022-02-08T18:56:41.295">
  <trace bytesTraced="74448952" workStackOverflowCount="0" />
  <card-cleaning reason="card cleaning threshold reached" bytesTraced="904" cardsCleaned="2" />
</gc-op>
</concurrent-end>

<exclusive-start id="5191" timestamp="2022-02-08T18:56:41.295" intervalms="216.965">
  <response-info timems="0.020" idlems="0.020" threads="0" lastid="0000000000016F00" lastname="main" />
</exclusive-start>
<concurrent-global-final id="5192" timestamp="2022-02-08T18:56:41.295" contextid="5174" intervalms="2994.446" >
  <concurrent-trace-info reason="card cleaning threshold reached" tracedByMutators="57552436" tracedByHelpers="16897420" cardsCleaned="2" workStackOverflowCount="0" />
</concurrent-global-final>
<gc-start id="5193" type="global" contextid="5174" timestamp="2022-02-08T18:56:41.295">
  <mem-info id="5194" free="131894312" total="1073741824" percent="12">
    <mem type="nursery" free="96978656" total="268435456" percent="36">
      <mem type="allocate" free="96978656" total="182648832" percent="53" />
      <mem type="survivor" free="0" total="85786624" percent="0" />
    </mem>
    <mem type="tenure" free="34915656" total="805306368" percent="4">
      <mem type="soa" free="26861896" total="797252608" percent="3" />
      <mem type="loa" free="8053760" total="8053760" percent="100" />
    </mem>
    <remembered-set count="102" />
  </mem-info>
</gc-start>
<allocation-stats totalBytes="7696904" >
  <allocated-bytes non-tlh="120" tlh="7696784" />
  <largest-consumer threadName="main" threadId="0000000000016F00" bytes="7696904" />
</allocation-stats>
<gc-op id="5195" type="rs-scan" timems="0.652" contextid="5174" timestamp="2022-02-08T18:56:41.296">
  <scan objectsFound="29" bytesTraced="5268" workStackOverflowCount="0" />
</gc-op>
<gc-op id="5196" type="card-cleaning" timems="149.493" contextid="5174" timestamp="2022-02-08T18:56:41.446">
  <card-cleaning cardsCleaned="9" bytesTraced="71016776" workStackOverflowCount="0" />
</gc-op>
<gc-op id="5197" type="mark" timems="60.965" contextid="5174" timestamp="2022-02-08T18:56:41.507">
  <trace-info objectcount="2140167" scancount="1606652" scanbytes="34342976" />
  <finalization candidates="428" enqueued="57" />
  <ownableSynchronizers candidates="1" cleared="0" />
  <references type="soft" candidates="894" cleared="0" enqueued="0" dynamicThreshold="10" maxThreshold="32" />
  <references type="weak" candidates="1701" cleared="0" enqueued="0" />
  <references type="phantom" candidates="52" cleared="2" enqueued="2" />
  <stringconstants candidates="6470" cleared="0"  />
  <object-monitors candidates="2" cleared="0"  />
</gc-op>
<gc-op id="5198" type="sweep" timems="5.746" contextid="5174" timestamp="2022-02-08T18:56:41.512" />
<gc-end id="5199" type="global" contextid="5174" durationms="217.064" usertimems="232.996" systemtimems="1.077" stalltimems="183.024" timestamp="2022-02-08T18:56:41.513" activeThreads="4">
  <mem-info id="5200" free="375153288" total="1073741824" percent="34">
    <mem type="nursery" free="97302008" total="268435456" percent="36">
      <mem type="allocate" free="97302008" total="182648832" percent="53" />
      <mem type="survivor" free="0" total="85786624" percent="0" />
    </mem>
    <mem type="tenure" free="277851280" total="805306368" percent="34" micro-fragmented="337281" macro-fragmented="0">
      <mem type="soa" free="269797520" total="797252608" percent="33" />
      <mem type="loa" free="8053760" total="8053760" percent="100" />
    </mem>
    <pending-finalizers system="57" default="0" reference="2" classloader="0" />
    <remembered-set count="102" />
  </mem-info>
</gc-end>
<cycle-end id="5201" type="global" contextid="5174" timestamp="2022-02-08T18:56:41.513" />
<exclusive-end id="5202" timestamp="2022-02-08T18:56:41.513" durationms="217.301" />

<exclusive-start id="5203" timestamp="2022-02-08T18:56:42.125" intervalms="830.085">
  <response-info timems="0.018" idlems="0.018" threads="0" lastid="0000000000016F00" lastname="main" />
</exclusive-start>
<af-start id="5204" threadId="0000000000017908" totalBytesRequested="24" timestamp="2022-02-08T18:56:42.126" intervalms="1046.658" type="nursery" />
<cycle-start id="5205" type="scavenge" contextid="0" timestamp="2022-02-08T18:56:42.126" intervalms="1046.513" />
<gc-start id="5206" type="scavenge" contextid="5205" timestamp="2022-02-08T18:56:42.126">
  <mem-info id="5207" free="277851280" total="1073741824" percent="25">
    <mem type="nursery" free="0" total="268435456" percent="0">
      <mem type="allocate" free="0" total="182648832" percent="0" />
      <mem type="survivor" free="0" total="85786624" percent="0" />
    </mem>
    <mem type="tenure" free="277851280" total="805306368" percent="34">
      <mem type="soa" free="269797520" total="797252608" percent="33" />
      <mem type="loa" free="8053760" total="8053760" percent="100" />
    </mem>
    <remembered-set count="105" />
  </mem-info>
</gc-start>
<allocation-stats totalBytes="97254456" >
  <allocated-bytes non-tlh="0" tlh="97254456" />
  <largest-consumer threadName="main" threadId="0000000000016F00" bytes="97250360" />
</allocation-stats>
<gc-op id="5208" type="scavenge" timems="90.891" contextid="5205" timestamp="2022-02-08T18:56:42.217">
  <scavenger-info tenureage="1" tenuremask="7ffe" tiltratio="68" />
  <memory-copied type="nursery" objects="1315431" bytes="74525688" bytesdiscarded="123192" />
  <memory-copied type="tenure" objects="1382025" bytes="77740200" bytesdiscarded="49032" />
  <finalization candidates="1" enqueued="0" />
  <ownableSynchronizers candidates="2" cleared="2" />
  <object-monitors candidates="2" cleared="0"  />
</gc-op>
<gc-end id="5209" type="scavenge" contextid="5205" durationms="91.038" usertimems="357.451" systemtimems="0.380" stalltimems="4.817" timestamp="2022-02-08T18:56:42.217" activeThreads="4">
  <mem-info id="5210" free="308075368" total="1073741824" percent="28">
    <mem type="nursery" free="108393168" total="268435456" percent="40">
      <mem type="allocate" free="108393168" total="183042048" percent="59" />
      <mem type="survivor" free="0" total="85393408" percent="0" />
    </mem>
    <mem type="tenure" free="199682200" total="805306368" percent="24" macro-fragmented="0">
      <mem type="soa" free="191628440" total="797252608" percent="24" />
      <mem type="loa" free="8053760" total="8053760" percent="100" />
    </mem>
    <remembered-set count="105" />
  </mem-info>
</gc-end>
<cycle-end id="5211" type="scavenge" contextid="5205" timestamp="2022-02-08T18:56:42.217" />
<allocation-satisfied id="5212" threadId="0000000000016F00" bytesRequested="24" />
<af-end id="5213" timestamp="2022-02-08T18:56:42.217" threadId="0000000000017908" success="true" from="nursery"/>
<exclusive-end id="5214" timestamp="2022-02-08T18:56:42.217" durationms="91.320" />

<exclusive-start id="5215" timestamp="2022-02-08T18:56:43.100" intervalms="974.481">
  <response-info timems="0.019" idlems="0.019" threads="0" lastid="0000000000016F00" lastname="main" />
</exclusive-start>
<af-start id="5216" threadId="0000000000017908" totalBytesRequested="192" timestamp="2022-02-08T18:56:43.100" intervalms="974.480" type="nursery" />
<cycle-start id="5217" type="scavenge" contextid="0" timestamp="2022-02-08T18:56:43.100" intervalms="974.480" />
<gc-start id="5218" type="scavenge" contextid="5217" timestamp="2022-02-08T18:56:43.100">
  <mem-info id="5219" free="199682200" total="1073741824" percent="18">
    <mem type="nursery" free="0" total="268435456" percent="0">
      <mem type="allocate" free="0" total="183042048" percent="0" />
      <mem type="survivor" free="0" total="85393408" percent="0" />
    </mem>
    <mem type="tenure" free="199682200" total="805306368" percent="24">
      <mem type="soa" free="191628440" total="797252608" percent="24" />
      <mem type="loa" free="8053760" total="8053760" percent="100" />
    </mem>
    <remembered-set count="136" />
  </mem-info>
</gc-start>
<allocation-stats totalBytes="108347816" >
  <allocated-bytes non-tlh="1590592" tlh="106757224" />
  <largest-consumer threadName="main" threadId="0000000000016F00" bytes="108347816" />
</allocation-stats>
<gc-op id="5220" type="scavenge" timems="93.267" contextid="5217" timestamp="2022-02-08T18:56:43.193">
  <scavenger-info tenureage="1" tenuremask="7ffe" tiltratio="68" />
  <memory-copied type="nursery" objects="1489271" bytes="76303104" bytesdiscarded="187960" />
  <memory-copied type="tenure" objects="1315431" bytes="74525688" bytesdiscarded="47648" />
  <finalization candidates="109" enqueued="53" />
  <references type="soft" candidates="14" cleared="0" enqueued="0" dynamicThreshold="11" maxThreshold="32" />
  <references type="weak" candidates="1" cleared="0" enqueued="0" />
  <references type="phantom" candidates="94" cleared="7" enqueued="7" />
  <object-monitors candidates="2" cleared="0"  />
</gc-op>
<gc-end id="5221" type="scavenge" contextid="5217" durationms="93.458" usertimems="367.803" systemtimems="0.115" stalltimems="3.264" timestamp="2022-02-08T18:56:43.194" activeThreads="4">
  <mem-info id="5222" free="231942016" total="1073741824" percent="21">
    <mem type="nursery" free="106747464" total="268435456" percent="39">
      <mem type="allocate" free="106747464" total="183238656" percent="58" />
      <mem type="survivor" free="0" total="85196800" percent="0" />
    </mem>
    <mem type="tenure" free="125194552" total="805306368" percent="15" macro-fragmented="1041780">
      <mem type="soa" free="117140792" total="797252608" percent="14" />
      <mem type="loa" free="8053760" total="8053760" percent="100" />
    </mem>
    <pending-finalizers system="52" default="1" reference="7" classloader="0" />
    <remembered-set count="131" />
  </mem-info>
</gc-end>
<cycle-end id="5223" type="scavenge" contextid="5217" timestamp="2022-02-08T18:56:43.194" />
<allocation-satisfied id="5224" threadId="0000000000016F00" bytesRequested="192" />
<af-end id="5225" timestamp="2022-02-08T18:56:43.194" threadId="0000000000017908" success="true" from="nursery"/>
<exclusive-end id="5226" timestamp="2022-02-08T18:56:43.194" durationms="93.718" />

<concurrent-kickoff id="5227" timestamp="2022-02-08T18:56:43.885">
  <kickoff reason="threshold reached" targetBytes="74444486" thresholdFreeBytes="5753013"  remainingFree="5625416" tenureFreeBytes="125194552" nurseryFreeBytes="5625416" />
</concurrent-kickoff>
<exclusive-start id="5228" timestamp="2022-02-08T18:56:43.888" intervalms="787.815">
  <response-info timems="0.018" idlems="0.018" threads="0" lastid="0000000000016F00" lastname="main" />
</exclusive-start>
<cycle-start id="5229" type="global" contextid="0" timestamp="2022-02-08T18:56:43.888" intervalms="2937.005" />
<concurrent-start id="5230" type="global mark" contextid="5229" timestamp="2022-02-08T18:56:43.888">
</concurrent-start>
<exclusive-end id="5231" timestamp="2022-02-08T18:56:43.888" durationms="0.028" />

<exclusive-start id="5232" timestamp="2022-02-08T18:56:44.014" intervalms="125.978">
  <response-info timems="0.035" idlems="0.035" threads="0" lastid="0000000000016F00" lastname="main" />
</exclusive-start>
<af-start id="5233" threadId="0000000000017908" totalBytesRequested="184" timestamp="2022-02-08T18:56:44.014" intervalms="913.793" type="nursery" />
<cycle-start id="5234" type="scavenge" contextid="0" timestamp="2022-02-08T18:56:44.014" intervalms="913.793" />
<gc-start id="5235" type="scavenge" contextid="5234" timestamp="2022-02-08T18:56:44.014">
  <mem-info id="5236" free="125194552" total="1073741824" percent="11">
    <mem type="nursery" free="0" total="268435456" percent="0">
      <mem type="allocate" free="0" total="183238656" percent="0" />
      <mem type="survivor" free="0" total="85196800" percent="0" />
    </mem>
    <mem type="tenure" free="125194552" total="805306368" percent="15">
      <mem type="soa" free="117140792" total="797252608" percent="14" />
      <mem type="loa" free="8053760" total="8053760" percent="100" />
    </mem>
    <remembered-set count="132" />
  </mem-info>
</gc-start>
<allocation-stats totalBytes="106698024" >
  <allocated-bytes non-tlh="1347872" tlh="105350152" />
  <largest-consumer threadName="main" threadId="0000000000016F00" bytes="106689832" />
</allocation-stats>
<gc-op id="5237" type="scavenge" timems="91.252" contextid="5234" timestamp="2022-02-08T18:56:44.105">
  <scavenger-info tenureage="1" tenuremask="7ffe" tiltratio="68" />
  <memory-copied type="nursery" objects="1337026" bytes="76360880" bytesdiscarded="357008" />
  <memory-copied type="tenure" objects="1488551" bytes="75359832" bytesdiscarded="39392" />
  <finalization candidates="57" enqueued="0" />
  <references type="phantom" candidates="1" cleared="0" enqueued="0" />
  <object-monitors candidates="2" cleared="0"  />
</gc-op>
<gc-end id="5238" type="scavenge" contextid="5234" durationms="91.533" usertimems="359.602" systemtimems="0.709" stalltimems="3.841" timestamp="2022-02-08T18:56:44.105" activeThreads="4">
  <mem-info id="5239" free="157034160" total="1073741824" percent="14">
    <mem type="nursery" free="107045056" total="268435456" percent="39">
      <mem type="allocate" free="107045056" total="183762944" percent="58" />
      <mem type="survivor" free="0" total="84672512" percent="0" />
    </mem>
    <mem type="tenure" free="49989104" total="805306368" percent="6" macro-fragmented="0">
      <mem type="soa" free="41935344" total="797252608" percent="5" />
      <mem type="loa" free="8053760" total="8053760" percent="100" />
    </mem>
    <remembered-set count="102" />
  </mem-info>
</gc-end>
<cycle-end id="5240" type="scavenge" contextid="5234" timestamp="2022-02-08T18:56:44.106" />
<allocation-satisfied id="5241" threadId="0000000000016F00" bytesRequested="184" />
<af-end id="5242" timestamp="2022-02-08T18:56:44.106" threadId="0000000000017908" success="true" from="nursery"/>
<exclusive-end id="5243" timestamp="2022-02-08T18:56:44.106" durationms="91.853" />

<concurrent-end id="5244" type="global mark" contextid="5229" timestamp="2022-02-08T18:56:44.226">
<gc-op id="5245" type="trace" timems="338.109" contextid="5229" timestamp="2022-02-08T18:56:44.226">
  <trace bytesTraced="74449160" workStackOverflowCount="0" />
  <card-cleaning reason="card cleaning threshold reached" bytesTraced="904" cardsCleaned="2" />
</gc-op>
</concurrent-end>

<exclusive-start id="5246" timestamp="2022-02-08T18:56:44.226" intervalms="212.203">
  <response-info timems="0.019" idlems="0.019" threads="0" lastid="0000000000016F00" lastname="main" />
</exclusive-start>
<concurrent-global-final id="5247" timestamp="2022-02-08T18:56:44.226" contextid="5229" intervalms="2930.561" >
  <concurrent-trace-info reason="card cleaning threshold reached" tracedByMutators="58874436" tracedByHelpers="15575628" cardsCleaned="2" workStackOverflowCount="0" />
</concurrent-global-final>
<gc-start id="5248" type="global" contextid="5229" timestamp="2022-02-08T18:56:44.226">
  <mem-info id="5249" free="149202424" total="1073741824" percent="13">
    <mem type="nursery" free="99213320" total="268435456" percent="36">
      <mem type="allocate" free="99213320" total="183762944" percent="53" />
      <mem type="survivor" free="0" total="84672512" percent="0" />
    </mem>
    <mem type="tenure" free="49989104" total="805306368" percent="6">
      <mem type="soa" free="41935344" total="797252608" percent="5" />
      <mem type="loa" free="8053760" total="8053760" percent="100" />
    </mem>
    <remembered-set count="102" />
  </mem-info>
</gc-start>
<allocation-stats totalBytes="7828312" >
  <allocated-bytes non-tlh="184" tlh="7828128" />
  <largest-consumer threadName="main" threadId="0000000000016F00" bytes="7828312" />
</allocation-stats>
<gc-op id="5250" type="rs-scan" timems="0.527" contextid="5229" timestamp="2022-02-08T18:56:44.227">
  <scan objectsFound="29" bytesTraced="5268" workStackOverflowCount="0" />
</gc-op>
<gc-op id="5251" type="card-cleaning" timems="149.214" contextid="5229" timestamp="2022-02-08T18:56:44.376">
  <card-cleaning cardsCleaned="9" bytesTraced="71016776" workStackOverflowCount="0" />
</gc-op>
<gc-op id="5252" type="mark" timems="58.150" contextid="5229" timestamp="2022-02-08T18:56:44.434">
  <trace-info objectcount="1848842" scancount="1388159" scanbytes="29681768" />
  <finalization candidates="428" enqueued="57" />
  <ownableSynchronizers candidates="1" cleared="0" />
  <references type="soft" candidates="894" cleared="0" enqueued="0" dynamicThreshold="11" maxThreshold="32" />
  <references type="weak" candidates="1701" cleared="0" enqueued="0" />
  <references type="phantom" candidates="52" cleared="2" enqueued="2" />
  <stringconstants candidates="6470" cleared="0"  />
  <object-monitors candidates="2" cleared="0"  />
</gc-op>
<gc-op id="5253" type="sweep" timems="5.493" contextid="5229" timestamp="2022-02-08T18:56:44.440" />
<gc-end id="5254" type="global" contextid="5229" durationms="213.672" usertimems="231.584" systemtimems="0.000" stalltimems="173.540" timestamp="2022-02-08T18:56:44.440" activeThreads="4">
  <mem-info id="5255" free="392497456" total="1073741824" percent="36">
    <mem type="nursery" free="99663864" total="268435456" percent="37">
      <mem type="allocate" free="99663864" total="183762944" percent="54" />
      <mem type="survivor" free="0" total="84672512" percent="0" />
    </mem>
    <mem type="tenure" free="292833592" total="805306368" percent="36" micro-fragmented="381132" macro-fragmented="0">
      <mem type="soa" free="284779832" total="797252608" percent="35" />
      <mem type="loa" free="8053760" total="8053760" percent="100" />
    </mem>
    <pending-finalizers system="57" default="0" reference="2" classloader="0" />
    <remembered-set count="102" />
  </mem-info>
</gc-end>
<cycle-end id="5256" type="global" contextid="5229" timestamp="2022-02-08T18:56:44.440" />
<exclusive-end id="5257" timestamp="2022-02-08T18:56:44.440" durationms="213.932" />

<exclusive-start id="5258" timestamp="2022-02-08T18:56:45.085" intervalms="858.843">
  <response-info timems="0.017" idlems="0.017" threads="0" lastid="0000000000016F00" lastname="main" />
</exclusive-start>
<af-start id="5259" threadId="0000000000017908" totalBytesRequested="184" timestamp="2022-02-08T18:56:45.085" intervalms="1071.046" type="nursery" />
<cycle-start id="5260" type="scavenge" contextid="0" timestamp="2022-02-08T18:56:45.085" intervalms="1071.057" />
<gc-start id="5261" type="scavenge" contextid="5260" timestamp="2022-02-08T18:56:45.085">
  <mem-info id="5262" free="292833592" total="1073741824" percent="27">
    <mem type="nursery" free="0" total="268435456" percent="0">
      <mem type="allocate" free="0" total="183762944" percent="0" />
      <mem type="survivor" free="0" total="84672512" percent="0" />
    </mem>
    <mem type="tenure" free="292833592" total="805306368" percent="36">
      <mem type="soa" free="284779832" total="797252608" percent="35" />
      <mem type="loa" free="8053760" total="8053760" percent="100" />
    </mem>
    <remembered-set count="105" />
  </mem-info>
</gc-start>
<allocation-stats totalBytes="99619432" >
  <allocated-bytes non-tlh="0" tlh="99619432" />
  <largest-consumer threadName="main" threadId="0000000000016F00" bytes="99615336" />
</allocation-stats>
<gc-op id="5263" type="scavenge" timems="81.148" contextid="5260" timestamp="2022-02-08T18:56:45.166">
  <scavenger-info tenureage="1" tenuremask="7ffe" tiltratio="68" />
  <memory-copied type="nursery" objects="1356531" bytes="76327696" bytesdiscarded="329624" />
  <memory-copied type="tenure" objects="1337025" bytes="76360776" bytesdiscarded="47584" />
  <finalization candidates="1" enqueued="0" />
  <ownableSynchronizers candidates="2" cleared="2" />
  <object-monitors candidates="2" cleared="0"  />
</gc-op>
<gc-end id="5264" type="scavenge" contextid="5260" durationms="81.352" usertimems="317.455" systemtimems="0.000" stalltimems="2.839" timestamp="2022-02-08T18:56:45.166" activeThreads="4">
  <mem-info id="5265" free="323894360" total="1073741824" percent="30">
    <mem type="nursery" free="107564376" total="268435456" percent="40">
      <mem type="allocate" free="107564376" total="184221696" percent="58" />
      <mem type="survivor" free="0" total="84213760" percent="0" />
    </mem>
    <mem type="tenure" free="216329984" total="805306368" percent="26" macro-fragmented="0">
      <mem type="soa" free="208276224" total="797252608" percent="26" />
      <mem type="loa" free="8053760" total="8053760" percent="100" />
    </mem>
    <remembered-set count="105" />
  </mem-info>
</gc-end>
<cycle-end id="5266" type="scavenge" contextid="5260" timestamp="2022-02-08T18:56:45.166" />
<allocation-satisfied id="5267" threadId="0000000000016F00" bytesRequested="184" />
<af-end id="5268" timestamp="2022-02-08T18:56:45.166" threadId="0000000000017908" success="true" from="nursery"/>
<exclusive-end id="5269" timestamp="2022-02-08T18:56:45.166" durationms="81.624" />

<exclusive-start id="5270" timestamp="2022-02-08T18:56:46.021" intervalms="936.572">
  <response-info timems="0.018" idlems="0.018" threads="0" lastid="0000000000016F00" lastname="main" />
</exclusive-start>
<af-start id="5271" threadId="0000000000017908" totalBytesRequested="24" timestamp="2022-02-08T18:56:46.021" intervalms="936.573" type="nursery" />
<cycle-start id="5272" type="scavenge" contextid="0" timestamp="2022-02-08T18:56:46.021" intervalms="936.561" />
<gc-start id="5273" type="scavenge" contextid="5272" timestamp="2022-02-08T18:56:46.021">
  <mem-info id="5274" free="216329984" total="1073741824" percent="20">
    <mem type="nursery" free="0" total="268435456" percent="0">
      <mem type="allocate" free="0" total="184221696" percent="0" />
      <mem type="survivor" free="0" total="84213760" percent="0" />
    </mem>
    <mem type="tenure" free="216329984" total="805306368" percent="26">
      <mem type="soa" free="208276224" total="797252608" percent="26" />
      <mem type="loa" free="8053760" total="8053760" percent="100" />
    </mem>
    <remembered-set count="136" />
  </mem-info>
</gc-start>
<allocation-stats totalBytes="107515504" >
  <allocated-bytes non-tlh="1018600" tlh="106496904" />
  <largest-consumer threadName="main" threadId="0000000000016F00" bytes="107515504" />
</allocation-stats>
<gc-op id="5275" type="scavenge" timems="102.264" contextid="5272" timestamp="2022-02-08T18:56:46.124">
  <scavenger-info tenureage="1" tenuremask="7ffe" tiltratio="68" />
  <memory-copied type="nursery" objects="1485028" bytes="75727744" bytesdiscarded="49056" />
  <memory-copied type="tenure" objects="1356530" bytes="76327592" bytesdiscarded="41920" />
  <finalization candidates="108" enqueued="53" />
  <references type="soft" candidates="14" cleared="0" enqueued="0" dynamicThreshold="11" maxThreshold="32" />
  <references type="weak" candidates="1" cleared="0" enqueued="0" />
  <references type="phantom" candidates="93" cleared="7" enqueued="7" />
  <object-monitors candidates="2" cleared="0"  />
</gc-op>
<gc-end id="5276" type="scavenge" contextid="5272" durationms="102.879" usertimems="384.844" systemtimems="3.072" stalltimems="3.863" timestamp="2022-02-08T18:56:46.124" activeThreads="4">
  <mem-info id="5277" free="248659160" total="1073741824" percent="23">
    <mem type="nursery" free="108772448" total="268435456" percent="40">
      <mem type="allocate" free="108772448" total="184549376" percent="58" />
      <mem type="survivor" free="0" total="83886080" percent="0" />
    </mem>
    <mem type="tenure" free="139886712" total="805306368" percent="17" macro-fragmented="47927252">
      <mem type="soa" free="131832952" total="797252608" percent="16" />
      <mem type="loa" free="8053760" total="8053760" percent="100" />
    </mem>
    <pending-finalizers system="52" default="1" reference="7" classloader="0" />
    <remembered-set count="132" />
  </mem-info>
</gc-end>
<cycle-end id="5278" type="scavenge" contextid="5272" timestamp="2022-02-08T18:56:46.125" />
<allocation-satisfied id="5279" threadId="0000000000016F00" bytesRequested="24" />
<af-end id="5280" timestamp="2022-02-08T18:56:46.125" threadId="0000000000017908" success="true" from="nursery"/>
<exclusive-end id="5281" timestamp="2022-02-08T18:56:46.125" durationms="103.182" />

<concurrent-kickoff id="5282" timestamp="2022-02-08T18:56:46.898">
  <kickoff reason="threshold reached" targetBytes="74445598" thresholdFreeBytes="5751897"  remainingFree="5655536" tenureFreeBytes="139886712" nurseryFreeBytes="5655536" />
</concurrent-kickoff>
<exclusive-start id="5283" timestamp="2022-02-08T18:56:46.901" intervalms="879.857">
  <response-info timems="0.049" idlems="0.049" threads="0" lastid="0000000000016F00" lastname="main" />
</exclusive-start>
<cycle-start id="5284" type="global" contextid="0" timestamp="2022-02-08T18:56:46.901" intervalms="3013.465" />
<concurrent-start id="5285" type="global mark" contextid="5284" timestamp="2022-02-08T18:56:46.901">
</concurrent-start>
<exclusive-end id="5286" timestamp="2022-02-08T18:56:46.901" durationms="0.056" />

<exclusive-start id="5287" timestamp="2022-02-08T18:56:47.020" intervalms="118.537">
  <response-info timems="0.018" idlems="0.018" threads="0" lastid="0000000000016F00" lastname="main" />
</exclusive-start>
<af-start id="5288" threadId="0000000000017908" totalBytesRequested="128" timestamp="2022-02-08T18:56:47.020" intervalms="998.391" type="nursery" />
<cycle-start id="5289" type="scavenge" contextid="0" timestamp="2022-02-08T18:56:47.020" intervalms="998.392" />
<gc-start id="5290" type="scavenge" contextid="5289" timestamp="2022-02-08T18:56:47.020">
  <mem-info id="5291" free="139886712" total="1073741824" percent="13">
    <mem type="nursery" free="0" total="268435456" percent="0">
      <mem type="allocate" free="0" total="184549376" percent="0" />
      <mem type="survivor" free="0" total="83886080" percent="0" />
    </mem>
    <mem type="tenure" free="139886712" total="805306368" percent="17">
      <mem type="soa" free="131832952" total="797252608" percent="16" />
      <mem type="loa" free="8053760" total="8053760" percent="100" />
    </mem>
    <remembered-set count="133" />
  </mem-info>
</gc-start>
<allocation-stats totalBytes="108721480" >
  <allocated-bytes non-tlh="1822832" tlh="106898648" />
  <largest-consumer threadName="main" threadId="0000000000016F00" bytes="108713288" />
</allocation-stats>
<gc-op id="5292" type="scavenge" timems="94.774" contextid="5289" timestamp="2022-02-08T18:56:47.115">
  <scavenger-info tenureage="1" tenuremask="7ffe" tiltratio="68" />
  <memory-copied type="nursery" objects="1357040" bytes="77483816" bytesdiscarded="259200" />
  <memory-copied type="tenure" objects="1484309" bytes="75089984" bytesdiscarded="39400" />
  <finalization candidates="57" enqueued="0" />
  <references type="phantom" candidates="2" cleared="0" enqueued="0" />
  <object-monitors candidates="2" cleared="0"  />
</gc-op>
<gc-end id="5293" type="scavenge" contextid="5289" durationms="94.946" usertimems="375.296" systemtimems="0.000" stalltimems="3.140" timestamp="2022-02-08T18:56:47.115" activeThreads="4">
  <mem-info id="5294" free="170169304" total="1073741824" percent="15">
    <mem type="nursery" free="105430104" total="268435456" percent="39">
      <mem type="allocate" free="105430104" total="183173120" percent="57" />
      <mem type="survivor" free="0" total="85262336" percent="0" />
    </mem>
    <mem type="tenure" free="64739200" total="805306368" percent="8" macro-fragmented="27735676">
      <mem type="soa" free="56685440" total="797252608" percent="7" />
      <mem type="loa" free="8053760" total="8053760" percent="100" />
    </mem>
    <remembered-set count="102" />
  </mem-info>
</gc-end>
<cycle-end id="5295" type="scavenge" contextid="5289" timestamp="2022-02-08T18:56:47.115" />
<allocation-satisfied id="5296" threadId="0000000000016F00" bytesRequested="128" />
<af-end id="5297" timestamp="2022-02-08T18:56:47.115" threadId="0000000000017908" success="true" from="nursery"/>
<exclusive-end id="5298" timestamp="2022-02-08T18:56:47.115" durationms="95.206" />

<concurrent-end id="5299" type="global mark" contextid="5284" timestamp="2022-02-08T18:56:47.256">
<gc-op id="5300" type="trace" timems="355.179" contextid="5284" timestamp="2022-02-08T18:56:47.256">
  <trace bytesTraced="74449368" workStackOverflowCount="0" />
  <card-cleaning reason="card cleaning threshold reached" bytesTraced="904" cardsCleaned="2" />
</gc-op>
</concurrent-end>

<exclusive-start id="5301" timestamp="2022-02-08T18:56:47.257" intervalms="236.751">
  <response-info timems="0.021" idlems="0.021" threads="0" lastid="0000000000016F00" lastname="main" />
</exclusive-start>
<concurrent-global-final id="5302" timestamp="2022-02-08T18:56:47.257" contextid="5284" intervalms="3030.560" >
  <concurrent-trace-info reason="card cleaning threshold reached" tracedByMutators="58586568" tracedByHelpers="15863704" cardsCleaned="2" workStackOverflowCount="0" />
</concurrent-global-final>
<gc-start id="5303" type="global" contextid="5284" timestamp="2022-02-08T18:56:47.257">
  <mem-info id="5304" free="161682264" total="1073741824" percent="15">
    <mem type="nursery" free="96943064" total="268435456" percent="36">
      <mem type="allocate" free="96943064" total="183173120" percent="52" />
      <mem type="survivor" free="0" total="85262336" percent="0" />
    </mem>
    <mem type="tenure" free="64739200" total="805306368" percent="8">
      <mem type="soa" free="56685440" total="797252608" percent="7" />
      <mem type="loa" free="8053760" total="8053760" percent="100" />
    </mem>
    <remembered-set count="102" />
  </mem-info>
</gc-start>
<allocation-stats totalBytes="8481968" >
  <allocated-bytes non-tlh="128" tlh="8481840" />
  <largest-consumer threadName="main" threadId="0000000000016F00" bytes="8481968" />
</allocation-stats>
<gc-op id="5305" type="rs-scan" timems="0.541" contextid="5284" timestamp="2022-02-08T18:56:47.257">
  <scan objectsFound="29" bytesTraced="5268" workStackOverflowCount="0" />
</gc-op>
<gc-op id="5306" type="card-cleaning" timems="169.157" contextid="5284" timestamp="2022-02-08T18:56:47.426">
  <card-cleaning cardsCleaned="9" bytesTraced="71016776" workStackOverflowCount="0" />
</gc-op>
<gc-op id="5307" type="mark" timems="44.437" contextid="5284" timestamp="2022-02-08T18:56:47.471">
  <trace-info objectcount="1620247" scancount="1216713" scanbytes="26024232" />
  <finalization candidates="428" enqueued="57" />
  <ownableSynchronizers candidates="1" cleared="0" />
  <references type="soft" candidates="894" cleared="0" enqueued="0" dynamicThreshold="11" maxThreshold="32" />
  <references type="weak" candidates="1701" cleared="0" enqueued="0" />
  <references type="phantom" candidates="52" cleared="2" enqueued="2" />
  <stringconstants candidates="6470" cleared="0"  />
  <object-monitors candidates="2" cleared="0"  />
</gc-op>
<gc-op id="5308" type="sweep" timems="6.083" contextid="5284" timestamp="2022-02-08T18:56:47.477" />
<gc-end id="5309" type="global" contextid="5284" durationms="220.474" usertimems="234.007" systemtimems="0.000" stalltimems="136.446" timestamp="2022-02-08T18:56:47.477" activeThreads="4">
  <mem-info id="5310" free="404966264" total="1073741824" percent="37">
    <mem type="nursery" free="97293216" total="268435456" percent="36">
      <mem type="allocate" free="97293216" total="183173120" percent="53" />
      <mem type="survivor" free="0" total="85262336" percent="0" />
    </mem>
    <mem type="tenure" free="307673048" total="805306368" percent="38" micro-fragmented="284180" macro-fragmented="0">
      <mem type="soa" free="299619288" total="797252608" percent="37" />
      <mem type="loa" free="8053760" total="8053760" percent="100" />
    </mem>
    <pending-finalizers system="57" default="0" reference="2" classloader="0" />
    <remembered-set count="102" />
  </mem-info>
</gc-end>
<cycle-end id="5311" type="global" contextid="5284" timestamp="2022-02-08T18:56:47.477" />
<exclusive-end id="5312" timestamp="2022-02-08T18:56:47.477" durationms="220.754" />

<exclusive-start id="5313" timestamp="2022-02-08T18:56:48.138" intervalms="881.523">
  <response-info timems="0.021" idlems="0.021" threads="0" lastid="0000000000016F00" lastname="main" />
</exclusive-start>
<af-start id="5314" threadId="0000000000017908" totalBytesRequested="24" timestamp="2022-02-08T18:56:48.138" intervalms="1118.286" type="nursery" />
<cycle-start id="5315" type="scavenge" contextid="0" timestamp="2022-02-08T18:56:48.138" intervalms="1118.289" />
<gc-start id="5316" type="scavenge" contextid="5315" timestamp="2022-02-08T18:56:48.138">
  <mem-info id="5317" free="307673048" total="1073741824" percent="28">
    <mem type="nursery" free="0" total="268435456" percent="0">
      <mem type="allocate" free="0" total="183173120" percent="0" />
      <mem type="survivor" free="0" total="85262336" percent="0" />
    </mem>
    <mem type="tenure" free="307673048" total="805306368" percent="38">
      <mem type="soa" free="299619288" total="797252608" percent="37" />
      <mem type="loa" free="8053760" total="8053760" percent="100" />
    </mem>
    <remembered-set count="105" />
  </mem-info>
</gc-start>
<allocation-stats totalBytes="97251672" >
  <allocated-bytes non-tlh="0" tlh="97251672" />
  <largest-consumer threadName="main" threadId="0000000000016F00" bytes="97247576" />
</allocation-stats>
<gc-op id="5318" type="scavenge" timems="100.903" contextid="5315" timestamp="2022-02-08T18:56:48.239">
  <scavenger-info tenureage="1" tenuremask="7ffe" tiltratio="68" />
  <memory-copied type="nursery" objects="1334387" bytes="75118640" bytesdiscarded="144032" />
  <memory-copied type="tenure" objects="1357040" bytes="77483816" bytesdiscarded="47840" />
  <finalization candidates="2" enqueued="0" />
  <ownableSynchronizers candidates="2" cleared="2" />
  <object-monitors candidates="2" cleared="0"  />
</gc-op>
<gc-end id="5319" type="scavenge" contextid="5315" durationms="101.082" usertimems="389.975" systemtimems="0.000" stalltimems="7.813" timestamp="2022-02-08T18:56:48.239" activeThreads="4">
  <mem-info id="5320" free="338089680" total="1073741824" percent="31">
    <mem type="nursery" free="108238128" total="268435456" percent="40">
      <mem type="allocate" free="108238128" total="183500800" percent="58" />
      <mem type="survivor" free="0" total="84934656" percent="0" />
    </mem>
    <mem type="tenure" free="229851552" total="805306368" percent="28" macro-fragmented="0">
      <mem type="soa" free="221797792" total="797252608" percent="27" />
      <mem type="loa" free="8053760" total="8053760" percent="100" />
    </mem>
    <remembered-set count="105" />
  </mem-info>
</gc-end>
<cycle-end id="5321" type="scavenge" contextid="5315" timestamp="2022-02-08T18:56:48.239" />
<allocation-satisfied id="5322" threadId="0000000000016F00" bytesRequested="24" />
<af-end id="5323" timestamp="2022-02-08T18:56:48.239" threadId="0000000000017908" success="true" from="nursery"/>
<exclusive-end id="5324" timestamp="2022-02-08T18:56:48.239" durationms="101.375" />

<exclusive-start id="5325" timestamp="2022-02-08T18:56:49.096" intervalms="957.851">
  <response-info timems="0.040" idlems="0.040" threads="0" lastid="0000000000016F00" lastname="main" />
</exclusive-start>
<af-start id="5326" threadId="0000000000017908" totalBytesRequested="32" timestamp="2022-02-08T18:56:49.096" intervalms="957.885" type="nursery" />
<cycle-start id="5327" type="scavenge" contextid="0" timestamp="2022-02-08T18:56:49.096" intervalms="957.928" />
<gc-start id="5328" type="scavenge" contextid="5327" timestamp="2022-02-08T18:56:49.096">
  <mem-info id="5329" free="229851552" total="1073741824" percent="21">
    <mem type="nursery" free="0" total="268435456" percent="0">
      <mem type="allocate" free="0" total="183500800" percent="0" />
      <mem type="survivor" free="0" total="84934656" percent="0" />
    </mem>
    <mem type="tenure" free="229851552" total="805306368" percent="28">
      <mem type="soa" free="221797792" total="797252608" percent="27" />
      <mem type="loa" free="8053760" total="8053760" percent="100" />
    </mem>
    <remembered-set count="119" />
  </mem-info>
</gc-start>
<allocation-stats totalBytes="108186416" >
  <allocated-bytes non-tlh="453728" tlh="107732688" />
  <largest-consumer threadName="main" threadId="0000000000016F00" bytes="108186416" />
</allocation-stats>
<gc-op id="5330" type="scavenge" timems="113.534" contextid="5327" timestamp="2022-02-08T18:56:49.210">
  <scavenger-info tenureage="1" tenuremask="7ffe" tiltratio="68" />
  <memory-copied type="nursery" objects="1362155" bytes="77038304" bytesdiscarded="324632" />
  <memory-copied type="tenure" objects="1334387" bytes="75118640" bytesdiscarded="46648" />
  <finalization candidates="30" enqueued="18" />
  <references type="phantom" candidates="30" cleared="0" enqueued="0" />
  <object-monitors candidates="2" cleared="0"  />
</gc-op>
<gc-end id="5331" type="scavenge" contextid="5327" durationms="113.832" usertimems="444.195" systemtimems="3.510" stalltimems="2.912" timestamp="2022-02-08T18:56:49.210" activeThreads="4">
  <mem-info id="5332" free="260488632" total="1073741824" percent="24">
    <mem type="nursery" free="105810184" total="268435456" percent="39">
      <mem type="allocate" free="105810184" total="183173120" percent="57" />
      <mem type="survivor" free="0" total="85262336" percent="0" />
    </mem>
    <mem type="tenure" free="154678448" total="805306368" percent="19" macro-fragmented="0">
      <mem type="soa" free="146624688" total="797252608" percent="18" />
      <mem type="loa" free="8053760" total="8053760" percent="100" />
    </mem>
    <pending-finalizers system="18" default="0" reference="0" classloader="0" />
    <remembered-set count="118" />
  </mem-info>
</gc-end>
<cycle-end id="5333" type="scavenge" contextid="5327" timestamp="2022-02-08T18:56:49.210" />
<allocation-satisfied id="5334" threadId="0000000000016F00" bytesRequested="32" />
<af-end id="5335" timestamp="2022-02-08T18:56:49.210" threadId="0000000000017908" success="true" from="nursery"/>
<exclusive-end id="5336" timestamp="2022-02-08T18:56:49.210" durationms="114.251" />

<concurrent-kickoff id="5337" timestamp="2022-02-08T18:56:50.095">
  <kickoff reason="threshold reached" targetBytes="74446532" thresholdFreeBytes="5751048"  remainingFree="5736712" tenureFreeBytes="154678448" nurseryFreeBytes="5736712" />
</concurrent-kickoff>
<exclusive-start id="5338" timestamp="2022-02-08T18:56:50.098" intervalms="1002.360">
  <response-info timems="0.023" idlems="0.023" threads="0" lastid="0000000000016F00" lastname="main" />
</exclusive-start>
<cycle-start id="5339" type="global" contextid="0" timestamp="2022-02-08T18:56:50.098" intervalms="3197.019" />
<concurrent-start id="5340" type="global mark" contextid="5339" timestamp="2022-02-08T18:56:50.098">
</concurrent-start>
<exclusive-end id="5341" timestamp="2022-02-08T18:56:50.098" durationms="0.040" />

<exclusive-start id="5342" timestamp="2022-02-08T18:56:50.228" intervalms="129.497">
  <response-info timems="0.026" idlems="0.026" threads="0" lastid="0000000000016F00" lastname="main" />
</exclusive-start>
<af-start id="5343" threadId="0000000000017908" totalBytesRequested="192" timestamp="2022-02-08T18:56:50.228" intervalms="1131.812" type="nursery" />
<cycle-start id="5344" type="scavenge" contextid="0" timestamp="2022-02-08T18:56:50.228" intervalms="1131.906" />
<gc-start id="5345" type="scavenge" contextid="5344" timestamp="2022-02-08T18:56:50.228">
  <mem-info id="5346" free="154678448" total="1073741824" percent="14">
    <mem type="nursery" free="0" total="268435456" percent="0">
      <mem type="allocate" free="0" total="183173120" percent="0" />
      <mem type="survivor" free="0" total="85262336" percent="0" />
    </mem>
    <mem type="tenure" free="154678448" total="805306368" percent="19">
      <mem type="soa" free="146624688" total="797252608" percent="18" />
      <mem type="loa" free="8053760" total="8053760" percent="100" />
    </mem>
    <remembered-set count="135" />
  </mem-info>
</gc-start>
<allocation-stats totalBytes="105763632" >
  <allocated-bytes non-tlh="2484576" tlh="103279056" />
  <largest-consumer threadName="main" threadId="0000000000016F00" bytes="105759536" />
</allocation-stats>
<gc-op id="5347" type="scavenge" timems="104.809" contextid="5344" timestamp="2022-02-08T18:56:50.333">
  <scavenger-info tenureage="1" tenuremask="7ffe" tiltratio="68" />
  <memory-copied type="nursery" objects="1407011" bytes="74677088" bytesdiscarded="46280" />
  <memory-copied type="tenure" objects="1361855" bytes="76425536" bytesdiscarded="39648" />
  <finalization candidates="92" enqueued="35" />
  <references type="soft" candidates="14" cleared="0" enqueued="0" dynamicThreshold="12" maxThreshold="32" />
  <references type="weak" candidates="1" cleared="0" enqueued="0" />
  <references type="phantom" candidates="77" cleared="7" enqueued="7" />
  <object-monitors candidates="2" cleared="0"  />
</gc-op>
<gc-end id="5348" type="scavenge" contextid="5344" durationms="105.003" usertimems="412.366" systemtimems="1.370" stalltimems="3.710" timestamp="2022-02-08T18:56:50.333" activeThreads="4">
  <mem-info id="5349" free="187043704" total="1073741824" percent="17">
    <mem type="nursery" free="108842840" total="268435456" percent="40">
      <mem type="allocate" free="108842840" total="183566336" percent="59" />
      <mem type="survivor" free="0" total="84869120" percent="0" />
    </mem>
    <mem type="tenure" free="78200864" total="805306368" percent="9" macro-fragmented="39939376">
      <mem type="soa" free="70147104" total="797252608" percent="8" />
      <mem type="loa" free="8053760" total="8053760" percent="100" />
    </mem>
    <pending-finalizers system="34" default="1" reference="7" classloader="0" />
    <remembered-set count="121" />
  </mem-info>
</gc-end>
<cycle-end id="5350" type="scavenge" contextid="5344" timestamp="2022-02-08T18:56:50.333" />
<allocation-satisfied id="5351" threadId="0000000000016F00" bytesRequested="192" />
<af-end id="5352" timestamp="2022-02-08T18:56:50.333" threadId="0000000000017908" success="true" from="nursery"/>
<exclusive-end id="5353" timestamp="2022-02-08T18:56:50.333" durationms="105.543" />

<concurrent-end id="5354" type="global mark" contextid="5339" timestamp="2022-02-08T18:56:50.488">
<gc-op id="5355" type="trace" timems="389.401" contextid="5339" timestamp="2022-02-08T18:56:50.488">
  <trace bytesTraced="74449624" workStackOverflowCount="0" />
  <card-cleaning reason="card cleaning threshold reached" bytesTraced="904" cardsCleaned="2" />
</gc-op>
</concurrent-end>

<exclusive-start id="5356" timestamp="2022-02-08T18:56:50.488" intervalms="259.990">
  <response-info timems="0.022" idlems="0.022" threads="0" lastid="0000000000016F00" lastname="main" />
</exclusive-start>
<concurrent-global-final id="5357" timestamp="2022-02-08T18:56:50.488" contextid="5339" intervalms="3231.223" >
  <concurrent-trace-info reason="card cleaning threshold reached" tracedByMutators="58415216" tracedByHelpers="16035312" cardsCleaned="2" workStackOverflowCount="0" />
</concurrent-global-final>
<gc-start id="5358" type="global" contextid="5339" timestamp="2022-02-08T18:56:50.488">
  <mem-info id="5359" free="179596984" total="1073741824" percent="16">
    <mem type="nursery" free="101396120" total="268435456" percent="37">
      <mem type="allocate" free="101396120" total="183566336" percent="55" />
      <mem type="survivor" free="0" total="84869120" percent="0" />
    </mem>
    <mem type="tenure" free="78200864" total="805306368" percent="9">
      <mem type="soa" free="70147104" total="797252608" percent="8" />
      <mem type="loa" free="8053760" total="8053760" percent="100" />
    </mem>
    <remembered-set count="122" />
  </mem-info>
</gc-start>
<allocation-stats totalBytes="7443648" >
  <allocated-bytes non-tlh="192" tlh="7443456" />
  <largest-consumer threadName="main" threadId="0000000000016F00" bytes="7435456" />
</allocation-stats>
<gc-op id="5360" type="rs-scan" timems="144.499" contextid="5339" timestamp="2022-02-08T18:56:50.632">
  <scan objectsFound="3324751" bytesTraced="71019568" workStackOverflowCount="0" />
</gc-op>
<gc-op id="5361" type="card-cleaning" timems="0.260" contextid="5339" timestamp="2022-02-08T18:56:50.633">
  <card-cleaning cardsCleaned="3" bytesTraced="1232" workStackOverflowCount="0" />
</gc-op>
<gc-op id="5362" type="mark" timems="47.949" contextid="5339" timestamp="2022-02-08T18:56:50.681">
  <trace-info objectcount="1282904" scancount="963704" scanbytes="20626760" />
  <finalization candidates="428" enqueued="57" />
  <ownableSynchronizers candidates="1" cleared="0" />
  <references type="soft" candidates="894" cleared="0" enqueued="0" dynamicThreshold="12" maxThreshold="32" />
  <references type="weak" candidates="1701" cleared="0" enqueued="0" />
  <references type="phantom" candidates="52" cleared="2" enqueued="2" />
  <stringconstants candidates="6470" cleared="0"  />
  <object-monitors candidates="2" cleared="0"  />
</gc-op>
<gc-op id="5363" type="sweep" timems="5.022" contextid="5339" timestamp="2022-02-08T18:56:50.686" />
<gc-end id="5364" type="global" contextid="5339" durationms="197.948" usertimems="251.716" systemtimems="3.674" stalltimems="98.606" timestamp="2022-02-08T18:56:50.686" activeThreads="4">
  <mem-info id="5365" free="423117008" total="1073741824" percent="39">
    <mem type="nursery" free="101861992" total="268435456" percent="37">
      <mem type="allocate" free="101861992" total="183566336" percent="55" />
      <mem type="survivor" free="0" total="84869120" percent="0" />
    </mem>
    <mem type="tenure" free="321255016" total="805306368" percent="39" micro-fragmented="263378" macro-fragmented="2592282">
      <mem type="soa" free="313201256" total="797252608" percent="39" />
      <mem type="loa" free="8053760" total="8053760" percent="100" />
    </mem>
    <pending-finalizers system="57" default="0" reference="2" classloader="0" />
    <remembered-set count="109" />
  </mem-info>
</gc-end>
<cycle-end id="5366" type="global" contextid="5339" timestamp="2022-02-08T18:56:50.686" />
<exclusive-end id="5367" timestamp="2022-02-08T18:56:50.686" durationms="198.178" />

<exclusive-start id="5368" timestamp="2022-02-08T18:56:51.417" intervalms="929.436">
  <response-info timems="0.018" idlems="0.018" threads="0" lastid="0000000000016F00" lastname="main" />
</exclusive-start>
<af-start id="5369" threadId="0000000000017908" totalBytesRequested="24" timestamp="2022-02-08T18:56:51.417" intervalms="1189.430" type="nursery" />
<cycle-start id="5370" type="scavenge" contextid="0" timestamp="2022-02-08T18:56:51.417" intervalms="1189.290" />
<gc-start id="5371" type="scavenge" contextid="5370" timestamp="2022-02-08T18:56:51.417">
  <mem-info id="5372" free="321255016" total="1073741824" percent="29">
    <mem type="nursery" free="0" total="268435456" percent="0">
      <mem type="allocate" free="0" total="183566336" percent="0" />
      <mem type="survivor" free="0" total="84869120" percent="0" />
    </mem>
    <mem type="tenure" free="321255016" total="805306368" percent="39">
      <mem type="soa" free="313201256" total="797252608" percent="39" />
      <mem type="loa" free="8053760" total="8053760" percent="100" />
    </mem>
    <remembered-set count="110" />
  </mem-info>
</gc-start>
<allocation-stats totalBytes="101811888" >
  <allocated-bytes non-tlh="0" tlh="101811888" />
  <largest-consumer threadName="main" threadId="0000000000016F00" bytes="101807792" />
</allocation-stats>
<gc-op id="5373" type="scavenge" timems="93.874" contextid="5370" timestamp="2022-02-08T18:56:51.511">
  <scavenger-info tenureage="1" tenuremask="7ffe" tiltratio="68" />
  <memory-copied type="nursery" objects="1409187" bytes="77724608" bytesdiscarded="167488" />
  <memory-copied type="tenure" objects="1406529" bytes="74365240" bytesdiscarded="39728" />
  <finalization candidates="45" enqueued="0" />
  <ownableSynchronizers candidates="2" cleared="2" />
  <object-monitors candidates="2" cleared="0"  />
</gc-op>
<gc-end id="5374" type="scavenge" contextid="5370" durationms="94.163" usertimems="365.967" systemtimems="0.000" stalltimems="4.460" timestamp="2022-02-08T18:56:51.511" activeThreads="4">
  <mem-info id="5375" free="350433552" total="1073741824" percent="32">
    <mem type="nursery" free="103773696" total="268435456" percent="38">
      <mem type="allocate" free="103773696" total="181665792" percent="57" />
      <mem type="survivor" free="0" total="86769664" percent="0" />
    </mem>
    <mem type="tenure" free="246659856" total="805306368" percent="30" macro-fragmented="0">
      <mem type="soa" free="238606096" total="797252608" percent="29" />
      <mem type="loa" free="8053760" total="8053760" percent="100" />
    </mem>
    <remembered-set count="104" />
  </mem-info>
</gc-end>
<cycle-end id="5376" type="scavenge" contextid="5370" timestamp="2022-02-08T18:56:51.512" />
<allocation-satisfied id="5377" threadId="0000000000016F00" bytesRequested="24" />
<af-end id="5378" timestamp="2022-02-08T18:56:51.512" threadId="0000000000017908" success="true" from="nursery"/>
<exclusive-end id="5379" timestamp="2022-02-08T18:56:51.512" durationms="94.567" />

<exclusive-start id="5380" timestamp="2022-02-08T18:56:52.129" intervalms="711.959">
  <response-info timems="0.019" idlems="0.019" threads="0" lastid="0000000000016F00" lastname="main" />
</exclusive-start>
<af-start id="5381" threadId="0000000000017908" totalBytesRequested="104" timestamp="2022-02-08T18:56:52.129" intervalms="711.979" type="nursery" />
<cycle-start id="5382" type="scavenge" contextid="0" timestamp="2022-02-08T18:56:52.129" intervalms="711.996" />
<gc-start id="5383" type="scavenge" contextid="5382" timestamp="2022-02-08T18:56:52.129">
  <mem-info id="5384" free="246659856" total="1073741824" percent="22">
    <mem type="nursery" free="0" total="268435456" percent="0">
      <mem type="allocate" free="0" total="181665792" percent="0" />
      <mem type="survivor" free="0" total="86769664" percent="0" />
    </mem>
    <mem type="tenure" free="246659856" total="805306368" percent="30">
      <mem type="soa" free="238606096" total="797252608" percent="29" />
      <mem type="loa" free="8053760" total="8053760" percent="100" />
    </mem>
    <remembered-set count="104" />
  </mem-info>
</gc-start>
<allocation-stats totalBytes="103725672" >
  <allocated-bytes non-tlh="24" tlh="103725648" />
  <largest-consumer threadName="main" threadId="0000000000016F00" bytes="103725672" />
</allocation-stats>
<gc-op id="5385" type="scavenge" timems="73.419" contextid="5382" timestamp="2022-02-08T18:56:52.203">
  <scavenger-info tenureage="1" tenuremask="7ffe" tiltratio="67" />
  <memory-copied type="nursery" objects="1295307" bytes="73747800" bytesdiscarded="140384" />
  <memory-copied type="tenure" objects="1409187" bytes="77724608" bytesdiscarded="44040" />
  <object-monitors candidates="2" cleared="0"  />
</gc-op>
<gc-end id="5386" type="scavenge" contextid="5382" durationms="73.615" usertimems="290.550" systemtimems="0.000" stalltimems="2.412" timestamp="2022-02-08T18:56:52.203" activeThreads="4">
  <mem-info id="5387" free="277120200" total="1073741824" percent="25">
    <mem type="nursery" free="108301896" total="268435456" percent="40">
      <mem type="allocate" free="108301896" total="182190080" percent="59" />
      <mem type="survivor" free="0" total="86245376" percent="0" />
    </mem>
    <mem type="tenure" free="168818304" total="805306368" percent="20" macro-fragmented="57512708">
      <mem type="soa" free="160764544" total="797252608" percent="20" />
      <mem type="loa" free="8053760" total="8053760" percent="100" />
    </mem>
    <remembered-set count="103" />
  </mem-info>
</gc-end>
<cycle-end id="5388" type="scavenge" contextid="5382" timestamp="2022-02-08T18:56:52.203" />
<allocation-satisfied id="5389" threadId="0000000000016F00" bytesRequested="104" />
<af-end id="5390" timestamp="2022-02-08T18:56:52.203" threadId="0000000000017908" success="true" from="nursery"/>
<exclusive-end id="5391" timestamp="2022-02-08T18:56:52.203" durationms="73.946" />

<exclusive-start id="5392" timestamp="2022-02-08T18:56:53.083" intervalms="953.409">
  <response-info timems="0.019" idlems="0.019" threads="0" lastid="0000000000016F00" lastname="main" />
</exclusive-start>
<af-start id="5393" threadId="0000000000017908" totalBytesRequested="24" timestamp="2022-02-08T18:56:53.083" intervalms="953.387" type="nursery" />
<cycle-start id="5394" type="scavenge" contextid="0" timestamp="2022-02-08T18:56:53.083" intervalms="953.369" />
<gc-start id="5395" type="scavenge" contextid="5394" timestamp="2022-02-08T18:56:53.083">
  <mem-info id="5396" free="168818304" total="1073741824" percent="15">
    <mem type="nursery" free="0" total="268435456" percent="0">
      <mem type="allocate" free="0" total="182190080" percent="0" />
      <mem type="survivor" free="0" total="86245376" percent="0" />
    </mem>
    <mem type="tenure" free="168818304" total="805306368" percent="20">
      <mem type="soa" free="160764544" total="797252608" percent="20" />
      <mem type="loa" free="8053760" total="8053760" percent="100" />
    </mem>
    <remembered-set count="133" />
  </mem-info>
</gc-start>
<allocation-stats totalBytes="108255320" >
  <allocated-bytes non-tlh="3008928" tlh="105246392" />
  <largest-consumer threadName="main" threadId="0000000000016F00" bytes="108255320" />
</allocation-stats>
<gc-op id="5397" type="scavenge" timems="79.473" contextid="5394" timestamp="2022-02-08T18:56:53.162">
  <scavenger-info tenureage="1" tenuremask="7ffe" tiltratio="67" />
  <memory-copied type="nursery" objects="1453189" bytes="76116880" bytesdiscarded="260496" />
  <memory-copied type="tenure" objects="1295307" bytes="73747800" bytesdiscarded="39200" />
  <finalization candidates="110" enqueued="53" />
  <references type="soft" candidates="14" cleared="0" enqueued="0" dynamicThreshold="12" maxThreshold="32" />
  <references type="weak" candidates="1" cleared="0" enqueued="0" />
  <references type="phantom" candidates="95" cleared="7" enqueued="7" />
  <object-monitors candidates="2" cleared="0"  />
</gc-op>
<gc-end id="5398" type="scavenge" contextid="5394" durationms="79.670" usertimems="309.363" systemtimems="3.858" stalltimems="3.718" timestamp="2022-02-08T18:56:53.162" activeThreads="4">
  <mem-info id="5399" free="201255040" total="1073741824" percent="18">
    <mem type="nursery" free="106140256" total="268435456" percent="39">
      <mem type="allocate" free="106140256" total="182517760" percent="58" />
      <mem type="survivor" free="0" total="85917696" percent="0" />
    </mem>
    <mem type="tenure" free="95114784" total="805306368" percent="11" macro-fragmented="39939376">
      <mem type="soa" free="87061024" total="797252608" percent="10" />
      <mem type="loa" free="8053760" total="8053760" percent="100" />
    </mem>
    <pending-finalizers system="52" default="1" reference="7" classloader="0" />
    <remembered-set count="129" />
  </mem-info>
</gc-end>
<cycle-end id="5400" type="scavenge" contextid="5394" timestamp="2022-02-08T18:56:53.163" />
<allocation-satisfied id="5401" threadId="0000000000016F00" bytesRequested="24" />
<af-end id="5402" timestamp="2022-02-08T18:56:53.163" threadId="0000000000017908" success="true" from="nursery"/>
<exclusive-end id="5403" timestamp="2022-02-08T18:56:53.163" durationms="80.080" />

<concurrent-kickoff id="5404" timestamp="2022-02-08T18:56:53.863">
  <kickoff reason="threshold reached" targetBytes="74447326" thresholdFreeBytes="5750551"  remainingFree="5673568" tenureFreeBytes="95114784" nurseryFreeBytes="5673568" />
</concurrent-kickoff>
<exclusive-start id="5405" timestamp="2022-02-08T18:56:53.865" intervalms="782.927">
  <response-info timems="0.019" idlems="0.019" threads="0" lastid="0000000000016F00" lastname="main" />
</exclusive-start>
<cycle-start id="5406" type="global" contextid="0" timestamp="2022-02-08T18:56:53.865" intervalms="3767.208" />
<concurrent-start id="5407" type="global mark" contextid="5406" timestamp="2022-02-08T18:56:53.866">
</concurrent-start>
<exclusive-end id="5408" timestamp="2022-02-08T18:56:53.866" durationms="0.027" />

<exclusive-start id="5409" timestamp="2022-02-08T18:56:53.989" intervalms="123.401">
  <response-info timems="0.017" idlems="0.017" threads="0" lastid="0000000000016F00" lastname="main" />
</exclusive-start>
<af-start id="5410" threadId="0000000000017908" totalBytesRequested="24" timestamp="2022-02-08T18:56:53.989" intervalms="906.337" type="nursery" />
<cycle-start id="5411" type="scavenge" contextid="0" timestamp="2022-02-08T18:56:53.989" intervalms="906.338" />
<gc-start id="5412" type="scavenge" contextid="5411" timestamp="2022-02-08T18:56:53.989">
  <mem-info id="5413" free="95114784" total="1073741824" percent="8">
    <mem type="nursery" free="0" total="268435456" percent="0">
      <mem type="allocate" free="0" total="182517760" percent="0" />
      <mem type="survivor" free="0" total="85917696" percent="0" />
    </mem>
    <mem type="tenure" free="95114784" total="805306368" percent="11">
      <mem type="soa" free="87061024" total="797252608" percent="10" />
      <mem type="loa" free="8053760" total="8053760" percent="100" />
    </mem>
    <remembered-set count="130" />
  </mem-info>
</gc-start>
<allocation-stats totalBytes="106091416" >
  <allocated-bytes non-tlh="24" tlh="106091392" />
  <largest-consumer threadName="main" threadId="0000000000016F00" bytes="106083224" />
</allocation-stats>
<gc-op id="5414" type="scavenge" timems="79.502" contextid="5411" timestamp="2022-02-08T18:56:54.069">
  <scavenger-info tenureage="1" tenuremask="7ffe" tiltratio="67" />
  <memory-copied type="nursery" objects="1369699" bytes="75584768" bytesdiscarded="113200" />
  <memory-copied type="tenure" objects="1452478" bytes="75649024" bytesdiscarded="36352" />
  <finalization candidates="57" enqueued="0" />
  <object-monitors candidates="2" cleared="0"  />
</gc-op>
<gc-end id="5415" type="scavenge" contextid="5411" durationms="79.787" usertimems="309.351" systemtimems="0.433" stalltimems="3.598" timestamp="2022-02-08T18:56:54.069" activeThreads="4">
  <mem-info id="5416" free="126843984" total="1073741824" percent="11">
    <mem type="nursery" free="107540688" total="268435456" percent="40">
      <mem type="allocate" free="107540688" total="183238656" percent="58" />
      <mem type="survivor" free="0" total="85196800" percent="0" />
    </mem>
    <mem type="tenure" free="19303296" total="805306368" percent="2" macro-fragmented="0">
      <mem type="soa" free="11249536" total="797252608" percent="1" />
      <mem type="loa" free="8053760" total="8053760" percent="100" />
    </mem>
    <remembered-set count="102" />
  </mem-info>
</gc-end>
<cycle-end id="5417" type="scavenge" contextid="5411" timestamp="2022-02-08T18:56:54.069" />
<allocation-satisfied id="5418" threadId="0000000000016F00" bytesRequested="24" />
<af-end id="5419" timestamp="2022-02-08T18:56:54.069" threadId="0000000000017908" success="true" from="nursery"/>
<exclusive-end id="5420" timestamp="2022-02-08T18:56:54.069" durationms="80.075" />

<concurrent-end id="5421" type="global mark" contextid="5406" timestamp="2022-02-08T18:56:54.206">
<gc-op id="5422" type="trace" timems="340.751" contextid="5406" timestamp="2022-02-08T18:56:54.206">
  <trace bytesTraced="74449784" workStackOverflowCount="0" />
  <card-cleaning reason="card cleaning threshold reached" bytesTraced="904" cardsCleaned="2" />
</gc-op>
</concurrent-end>

<exclusive-start id="5423" timestamp="2022-02-08T18:56:54.206" intervalms="217.418">
  <response-info timems="0.018" idlems="0.018" threads="0" lastid="0000000000016F00" lastname="main" />
</exclusive-start>
<concurrent-global-final id="5424" timestamp="2022-02-08T18:56:54.206" contextid="5406" intervalms="3718.550" >
  <concurrent-trace-info reason="card cleaning threshold reached" tracedByMutators="57205544" tracedByHelpers="17245144" cardsCleaned="2" workStackOverflowCount="0" />
</concurrent-global-final>
<gc-start id="5425" type="global" contextid="5406" timestamp="2022-02-08T18:56:54.206">
  <mem-info id="5426" free="118488120" total="1073741824" percent="11">
    <mem type="nursery" free="99184824" total="268435456" percent="36">
      <mem type="allocate" free="99184824" total="183238656" percent="54" />
      <mem type="survivor" free="0" total="85196800" percent="0" />
    </mem>
    <mem type="tenure" free="19303296" total="805306368" percent="2">
      <mem type="soa" free="11249536" total="797252608" percent="1" />
      <mem type="loa" free="8053760" total="8053760" percent="100" />
    </mem>
    <remembered-set count="102" />
  </mem-info>
</gc-start>
<allocation-stats totalBytes="8352056" >
  <allocated-bytes non-tlh="24" tlh="8352032" />
  <largest-consumer threadName="main" threadId="0000000000016F00" bytes="8352056" />
</allocation-stats>
<gc-op id="5427" type="rs-scan" timems="0.515" contextid="5406" timestamp="2022-02-08T18:56:54.207">
  <scan objectsFound="0" bytesTraced="3836" workStackOverflowCount="0" />
</gc-op>
<gc-op id="5428" type="card-cleaning" timems="146.389" contextid="5406" timestamp="2022-02-08T18:56:54.353">
  <card-cleaning cardsCleaned="10" bytesTraced="71018208" workStackOverflowCount="0" />
</gc-op>
<gc-op id="5429" type="mark" timems="71.169" contextid="5406" timestamp="2022-02-08T18:56:54.425">
  <trace-info objectcount="2391629" scancount="1795249" scanbytes="38366376" />
  <finalization candidates="428" enqueued="57" />
  <ownableSynchronizers candidates="1" cleared="0" />
  <references type="soft" candidates="894" cleared="0" enqueued="0" dynamicThreshold="12" maxThreshold="32" />
  <references type="weak" candidates="1701" cleared="0" enqueued="0" />
  <references type="phantom" candidates="52" cleared="2" enqueued="2" />
  <stringconstants candidates="6470" cleared="0"  />
  <object-monitors candidates="2" cleared="0"  />
</gc-op>
<gc-op id="5430" type="sweep" timems="5.818" contextid="5406" timestamp="2022-02-08T18:56:54.430" />
<gc-end id="5431" type="global" contextid="5406" durationms="224.111" usertimems="251.211" systemtimems="0.000" stalltimems="212.684" timestamp="2022-02-08T18:56:54.430" activeThreads="4">
  <mem-info id="5432" free="361740792" total="1073741824" percent="33">
    <mem type="nursery" free="99390832" total="268435456" percent="37">
      <mem type="allocate" free="99390832" total="183238656" percent="54" />
      <mem type="survivor" free="0" total="85196800" percent="0" />
    </mem>
    <mem type="tenure" free="262349960" total="805306368" percent="32" micro-fragmented="300573" macro-fragmented="0">
      <mem type="soa" free="254296200" total="797252608" percent="31" />
      <mem type="loa" free="8053760" total="8053760" percent="100" />
    </mem>
    <pending-finalizers system="57" default="0" reference="2" classloader="0" />
    <remembered-set count="102" />
  </mem-info>
</gc-end>
<cycle-end id="5433" type="global" contextid="5406" timestamp="2022-02-08T18:56:54.431" />
<exclusive-end id="5434" timestamp="2022-02-08T18:56:54.431" durationms="224.313" />

<exclusive-start id="5435" timestamp="2022-02-08T18:56:55.043" intervalms="836.858">
  <response-info timems="0.018" idlems="0.018" threads="0" lastid="0000000000016F00" lastname="main" />
</exclusive-start>
<af-start id="5436" threadId="0000000000017908" totalBytesRequested="184" timestamp="2022-02-08T18:56:55.043" intervalms="1054.266" type="nursery" />
<cycle-start id="5437" type="scavenge" contextid="0" timestamp="2022-02-08T18:56:55.043" intervalms="1054.266" />
<gc-start id="5438" type="scavenge" contextid="5437" timestamp="2022-02-08T18:56:55.043">
  <mem-info id="5439" free="262349960" total="1073741824" percent="24">
    <mem type="nursery" free="0" total="268435456" percent="0">
      <mem type="allocate" free="0" total="183238656" percent="0" />
      <mem type="survivor" free="0" total="85196800" percent="0" />
    </mem>
    <mem type="tenure" free="262349960" total="805306368" percent="32">
      <mem type="soa" free="254296200" total="797252608" percent="31" />
      <mem type="loa" free="8053760" total="8053760" percent="100" />
    </mem>
    <remembered-set count="105" />
  </mem-info>
</gc-start>
<allocation-stats totalBytes="99347304" >
  <allocated-bytes non-tlh="0" tlh="99347304" />
  <largest-consumer threadName="main" threadId="0000000000016F00" bytes="99343208" />
</allocation-stats>
<gc-op id="5440" type="scavenge" timems="74.012" contextid="5437" timestamp="2022-02-08T18:56:55.117">
  <scavenger-info tenureage="1" tenuremask="7ffe" tiltratio="68" />
  <memory-copied type="nursery" objects="1349362" bytes="76467256" bytesdiscarded="175632" />
  <memory-copied type="tenure" objects="1369699" bytes="75584768" bytesdiscarded="47072" />
  <ownableSynchronizers candidates="2" cleared="2" />
  <object-monitors candidates="2" cleared="0"  />
</gc-op>
<gc-end id="5441" type="scavenge" contextid="5437" durationms="74.209" usertimems="291.717" systemtimems="0.819" stalltimems="2.310" timestamp="2022-02-08T18:56:55.117" activeThreads="4">
  <mem-info id="5442" free="294312352" total="1073741824" percent="27">
    <mem type="nursery" free="107906488" total="268435456" percent="40">
      <mem type="allocate" free="107906488" total="184549376" percent="58" />
      <mem type="survivor" free="0" total="83886080" percent="0" />
    </mem>
    <mem type="tenure" free="186405864" total="805306368" percent="23" macro-fragmented="0">
      <mem type="soa" free="178352104" total="797252608" percent="22" />
      <mem type="loa" free="8053760" total="8053760" percent="100" />
    </mem>
    <remembered-set count="104" />
  </mem-info>
</gc-end>
<cycle-end id="5443" type="scavenge" contextid="5437" timestamp="2022-02-08T18:56:55.118" />
<allocation-satisfied id="5444" threadId="0000000000016F00" bytesRequested="184" />
<af-end id="5445" timestamp="2022-02-08T18:56:55.118" threadId="0000000000017908" success="true" from="nursery"/>
<exclusive-end id="5446" timestamp="2022-02-08T18:56:55.118" durationms="74.459" />

<exclusive-start id="5447" timestamp="2022-02-08T18:56:55.991" intervalms="947.900">
  <response-info timems="0.017" idlems="0.017" threads="0" lastid="0000000000016F00" lastname="main" />
</exclusive-start>
<af-start id="5448" threadId="0000000000017908" totalBytesRequested="232" timestamp="2022-02-08T18:56:55.991" intervalms="947.899" type="nursery" />
<cycle-start id="5449" type="scavenge" contextid="0" timestamp="2022-02-08T18:56:55.991" intervalms="947.899" />
<gc-start id="5450" type="scavenge" contextid="5449" timestamp="2022-02-08T18:56:55.991">
  <mem-info id="5451" free="186405864" total="1073741824" percent="17">
    <mem type="nursery" free="0" total="268435456" percent="0">
      <mem type="allocate" free="0" total="184549376" percent="0" />
      <mem type="survivor" free="0" total="83886080" percent="0" />
    </mem>
    <mem type="tenure" free="186405864" total="805306368" percent="23">
      <mem type="soa" free="178352104" total="797252608" percent="22" />
      <mem type="loa" free="8053760" total="8053760" percent="100" />
    </mem>
    <remembered-set count="135" />
  </mem-info>
</gc-start>
<allocation-stats totalBytes="107859792" >
  <allocated-bytes non-tlh="1661328" tlh="106198464" />
  <largest-consumer threadName="main" threadId="0000000000016F00" bytes="107859792" />
</allocation-stats>
<gc-op id="5452" type="scavenge" timems="76.371" contextid="5449" timestamp="2022-02-08T18:56:56.068">
  <scavenger-info tenureage="1" tenuremask="7ffe" tiltratio="68" />
  <memory-copied type="nursery" objects="1453584" bytes="75891096" bytesdiscarded="303360" />
  <memory-copied type="tenure" objects="1349361" bytes="76467152" bytesdiscarded="44264" />
  <finalization candidates="109" enqueued="53" />
  <references type="soft" candidates="14" cleared="0" enqueued="0" dynamicThreshold="10" maxThreshold="32" />
  <references type="weak" candidates="1" cleared="0" enqueued="0" />
  <references type="phantom" candidates="94" cleared="7" enqueued="7" />
  <object-monitors candidates="2" cleared="0"  />
</gc-op>
<gc-end id="5453" type="scavenge" contextid="5449" durationms="76.557" usertimems="299.080" systemtimems="0.000" stalltimems="2.877" timestamp="2022-02-08T18:56:56.068" activeThreads="4">
  <mem-info id="5454" free="218560384" total="1073741824" percent="20">
    <mem type="nursery" free="108616936" total="268435456" percent="40">
      <mem type="allocate" free="108616936" total="184811520" percent="58" />
      <mem type="survivor" free="0" total="83623936" percent="0" />
    </mem>
    <mem type="tenure" free="109943448" total="805306368" percent="13" macro-fragmented="0">
      <mem type="soa" free="101889688" total="797252608" percent="12" />
      <mem type="loa" free="8053760" total="8053760" percent="100" />
    </mem>
    <pending-finalizers system="52" default="1" reference="7" classloader="0" />
    <remembered-set count="132" />
  </mem-info>
</gc-end>
<cycle-end id="5455" type="scavenge" contextid="5449" timestamp="2022-02-08T18:56:56.068" />
<allocation-satisfied id="5456" threadId="0000000000016F00" bytesRequested="232" />
<af-end id="5457" timestamp="2022-02-08T18:56:56.068" threadId="0000000000017908" success="true" from="nursery"/>
<exclusive-end id="5458" timestamp="2022-02-08T18:56:56.068" durationms="76.810" />

<concurrent-kickoff id="5459" timestamp="2022-02-08T18:56:56.750">
  <kickoff reason="threshold reached" targetBytes="74447997" thresholdFreeBytes="5750073"  remainingFree="5712800" tenureFreeBytes="109943448" nurseryFreeBytes="5712800" />
</concurrent-kickoff>
<exclusive-start id="5460" timestamp="2022-02-08T18:56:56.755" intervalms="764.395">
  <response-info timems="0.018" idlems="0.018" threads="0" lastid="0000000000016F00" lastname="main" />
</exclusive-start>
<cycle-start id="5461" type="global" contextid="0" timestamp="2022-02-08T18:56:56.755" intervalms="2889.972" />
<concurrent-start id="5462" type="global mark" contextid="5461" timestamp="2022-02-08T18:56:56.755">
</concurrent-start>
<exclusive-end id="5463" timestamp="2022-02-08T18:56:56.755" durationms="0.027" />

<exclusive-start id="5464" timestamp="2022-02-08T18:56:56.881" intervalms="125.894">
  <response-info timems="0.036" idlems="0.036" threads="0" lastid="0000000000016F00" lastname="main" />
</exclusive-start>
<af-start id="5465" threadId="0000000000017908" totalBytesRequested="104" timestamp="2022-02-08T18:56:56.881" intervalms="890.301" type="nursery" />
<cycle-start id="5466" type="scavenge" contextid="0" timestamp="2022-02-08T18:56:56.881" intervalms="890.299" />
<gc-start id="5467" type="scavenge" contextid="5466" timestamp="2022-02-08T18:56:56.881">
  <mem-info id="5468" free="109943448" total="1073741824" percent="10">
    <mem type="nursery" free="0" total="268435456" percent="0">
      <mem type="allocate" free="0" total="184811520" percent="0" />
      <mem type="survivor" free="0" total="83623936" percent="0" />
    </mem>
    <mem type="tenure" free="109943448" total="805306368" percent="13">
      <mem type="soa" free="101889688" total="797252608" percent="12" />
      <mem type="loa" free="8053760" total="8053760" percent="100" />
    </mem>
    <remembered-set count="133" />
  </mem-info>
</gc-start>
<allocation-stats totalBytes="108565968" >
  <allocated-bytes non-tlh="1347912" tlh="107218056" />
  <largest-consumer threadName="main" threadId="0000000000016F00" bytes="108557776" />
</allocation-stats>
<gc-op id="5469" type="scavenge" timems="78.267" contextid="5466" timestamp="2022-02-08T18:56:56.960">
  <scavenger-info tenureage="1" tenuremask="7ffe" tiltratio="68" />
  <memory-copied type="nursery" objects="1381737" bytes="77726712" bytesdiscarded="283720" />
  <memory-copied type="tenure" objects="1452864" bytes="74947800" bytesdiscarded="38768" />
  <finalization candidates="57" enqueued="0" />
  <references type="phantom" candidates="1" cleared="0" enqueued="0" />
  <object-monitors candidates="2" cleared="0"  />
</gc-op>
<gc-end id="5470" type="scavenge" contextid="5466" durationms="78.450" usertimems="305.057" systemtimems="0.000" stalltimems="4.028" timestamp="2022-02-08T18:56:56.960" activeThreads="4">
  <mem-info id="5471" free="139920584" total="1073741824" percent="13">
    <mem type="nursery" free="104900544" total="268435456" percent="39">
      <mem type="allocate" free="104900544" total="182910976" percent="57" />
      <mem type="survivor" free="0" total="85524480" percent="0" />
    </mem>
    <mem type="tenure" free="35020040" total="805306368" percent="4" macro-fragmented="0">
      <mem type="soa" free="26966280" total="797252608" percent="3" />
      <mem type="loa" free="8053760" total="8053760" percent="100" />
    </mem>
    <remembered-set count="102" />
  </mem-info>
</gc-end>
<cycle-end id="5472" type="scavenge" contextid="5466" timestamp="2022-02-08T18:56:56.960" />
<allocation-satisfied id="5473" threadId="0000000000016F00" bytesRequested="104" />
<af-end id="5474" timestamp="2022-02-08T18:56:56.960" threadId="0000000000017908" success="true" from="nursery"/>
<exclusive-end id="5475" timestamp="2022-02-08T18:56:56.960" durationms="78.763" />

<concurrent-end id="5476" type="global mark" contextid="5461" timestamp="2022-02-08T18:56:57.082">
<gc-op id="5477" type="trace" timems="326.313" contextid="5461" timestamp="2022-02-08T18:56:57.082">
  <trace bytesTraced="74449928" workStackOverflowCount="0" />
  <card-cleaning reason="card cleaning threshold reached" bytesTraced="904" cardsCleaned="2" />
</gc-op>
</concurrent-end>

<exclusive-start id="5478" timestamp="2022-02-08T18:56:57.082" intervalms="200.485">
  <response-info timems="0.017" idlems="0.017" threads="0" lastid="0000000000016F00" lastname="main" />
</exclusive-start>
<concurrent-global-final id="5479" timestamp="2022-02-08T18:56:57.082" contextid="5461" intervalms="2875.530" >
  <concurrent-trace-info reason="card cleaning threshold reached" tracedByMutators="56538256" tracedByHelpers="17912576" cardsCleaned="2" workStackOverflowCount="0" />
</concurrent-global-final>
<gc-start id="5480" type="global" contextid="5461" timestamp="2022-02-08T18:56:57.082">
  <mem-info id="5481" free="132088928" total="1073741824" percent="12">
    <mem type="nursery" free="97068888" total="268435456" percent="36">
      <mem type="allocate" free="97068888" total="182910976" percent="53" />
      <mem type="survivor" free="0" total="85524480" percent="0" />
    </mem>
    <mem type="tenure" free="35020040" total="805306368" percent="4">
      <mem type="soa" free="26966280" total="797252608" percent="3" />
      <mem type="loa" free="8053760" total="8053760" percent="100" />
    </mem>
    <remembered-set count="102" />
  </mem-info>
</gc-start>
<allocation-stats totalBytes="7827496" >
  <allocated-bytes non-tlh="104" tlh="7827392" />
  <largest-consumer threadName="main" threadId="0000000000016F00" bytes="7827496" />
</allocation-stats>
<gc-op id="5482" type="rs-scan" timems="0.641" contextid="5461" timestamp="2022-02-08T18:56:57.083">
  <scan objectsFound="29" bytesTraced="5268" workStackOverflowCount="0" />
</gc-op>
<gc-op id="5483" type="card-cleaning" timems="166.738" contextid="5461" timestamp="2022-02-08T18:56:57.249">
  <card-cleaning cardsCleaned="9" bytesTraced="71016840" workStackOverflowCount="0" />
</gc-op>
<gc-op id="5484" type="mark" timems="66.384" contextid="5461" timestamp="2022-02-08T18:56:57.316">
  <trace-info objectcount="2138182" scancount="1605164" scanbytes="34311208" />
  <finalization candidates="428" enqueued="57" />
  <ownableSynchronizers candidates="1" cleared="0" />
  <references type="soft" candidates="894" cleared="0" enqueued="0" dynamicThreshold="10" maxThreshold="32" />
  <references type="weak" candidates="1701" cleared="0" enqueued="0" />
  <references type="phantom" candidates="52" cleared="2" enqueued="2" />
  <stringconstants candidates="6470" cleared="0"  />
  <object-monitors candidates="2" cleared="0"  />
</gc-op>
<gc-op id="5485" type="sweep" timems="4.957" contextid="5461" timestamp="2022-02-08T18:56:57.321" />
<gc-end id="5486" type="global" contextid="5461" durationms="238.918" usertimems="295.694" systemtimems="0.000" stalltimems="157.558" timestamp="2022-02-08T18:56:57.321" activeThreads="4">
  <mem-info id="5487" free="375408464" total="1073741824" percent="34">
    <mem type="nursery" free="97445416" total="268435456" percent="36">
      <mem type="allocate" free="97445416" total="182910976" percent="53" />
      <mem type="survivor" free="0" total="85524480" percent="0" />
    </mem>
    <mem type="tenure" free="277963048" total="805306368" percent="34" micro-fragmented="346699" macro-fragmented="0">
      <mem type="soa" free="269909288" total="797252608" percent="33" />
      <mem type="loa" free="8053760" total="8053760" percent="100" />
    </mem>
    <pending-finalizers system="57" default="0" reference="2" classloader="0" />
    <remembered-set count="102" />
  </mem-info>
</gc-end>
<cycle-end id="5488" type="global" contextid="5461" timestamp="2022-02-08T18:56:57.321" />
<exclusive-end id="5489" timestamp="2022-02-08T18:56:57.321" durationms="239.124" />

<exclusive-start id="5490" timestamp="2022-02-08T18:56:57.959" intervalms="877.446">
  <response-info timems="0.019" idlems="0.019" threads="0" lastid="0000000000016F00" lastname="main" />
</exclusive-start>
<af-start id="5491" threadId="0000000000017908" totalBytesRequested="112" timestamp="2022-02-08T18:56:57.959" intervalms="1077.919" type="nursery" />
<cycle-start id="5492" type="scavenge" contextid="0" timestamp="2022-02-08T18:56:57.959" intervalms="1077.921" />
<gc-start id="5493" type="scavenge" contextid="5492" timestamp="2022-02-08T18:56:57.959">
  <mem-info id="5494" free="277963048" total="1073741824" percent="25">
    <mem type="nursery" free="0" total="268435456" percent="0">
      <mem type="allocate" free="0" total="182910976" percent="0" />
      <mem type="survivor" free="0" total="85524480" percent="0" />
    </mem>
    <mem type="tenure" free="277963048" total="805306368" percent="34">
      <mem type="soa" free="269909288" total="797252608" percent="33" />
      <mem type="loa" free="8053760" total="8053760" percent="100" />
    </mem>
    <remembered-set count="105" />
  </mem-info>
</gc-start>
<allocation-stats totalBytes="97398096" >
  <allocated-bytes non-tlh="0" tlh="97398096" />
  <largest-consumer threadName="main" threadId="0000000000016F00" bytes="97394000" />
</allocation-stats>
<gc-op id="5495" type="scavenge" timems="73.854" contextid="5492" timestamp="2022-02-08T18:56:58.033">
  <scavenger-info tenureage="1" tenuremask="7ffe" tiltratio="68" />
  <memory-copied type="nursery" objects="1318350" bytes="74718832" bytesdiscarded="306608" />
  <memory-copied type="tenure" objects="1381737" bytes="77726712" bytesdiscarded="48920" />
  <finalization candidates="1" enqueued="0" />
  <ownableSynchronizers candidates="2" cleared="2" />
  <object-monitors candidates="2" cleared="0"  />
</gc-op>
<gc-end id="5496" type="scavenge" contextid="5492" durationms="74.131" usertimems="291.439" systemtimems="0.172" stalltimems="3.003" timestamp="2022-02-08T18:56:58.034" activeThreads="4">
  <mem-info id="5497" free="308025600" total="1073741824" percent="28">
    <mem type="nursery" free="108213216" total="268435456" percent="40">
      <mem type="allocate" free="108213216" total="183238656" percent="59" />
      <mem type="survivor" free="0" total="85196800" percent="0" />
    </mem>
    <mem type="tenure" free="199812384" total="805306368" percent="24" macro-fragmented="0">
      <mem type="soa" free="191758624" total="797252608" percent="24" />
      <mem type="loa" free="8053760" total="8053760" percent="100" />
    </mem>
    <remembered-set count="105" />
  </mem-info>
</gc-end>
<cycle-end id="5498" type="scavenge" contextid="5492" timestamp="2022-02-08T18:56:58.034" />
<allocation-satisfied id="5499" threadId="0000000000016F00" bytesRequested="112" />
<af-end id="5500" timestamp="2022-02-08T18:56:58.034" threadId="0000000000017908" success="true" from="nursery"/>
<exclusive-end id="5501" timestamp="2022-02-08T18:56:58.034" durationms="74.472" />

<exclusive-start id="5502" timestamp="2022-02-08T18:56:58.921" intervalms="961.874">
  <response-info timems="0.017" idlems="0.017" threads="0" lastid="0000000000016F00" lastname="main" />
</exclusive-start>
<af-start id="5503" threadId="0000000000017908" totalBytesRequested="16" timestamp="2022-02-08T18:56:58.921" intervalms="961.933" type="nursery" />
<cycle-start id="5504" type="scavenge" contextid="0" timestamp="2022-02-08T18:56:58.921" intervalms="961.951" />
<gc-start id="5505" type="scavenge" contextid="5504" timestamp="2022-02-08T18:56:58.921">
  <mem-info id="5506" free="199812384" total="1073741824" percent="18">
    <mem type="nursery" free="0" total="268435456" percent="0">
      <mem type="allocate" free="0" total="183238656" percent="0" />
      <mem type="survivor" free="0" total="85196800" percent="0" />
    </mem>
    <mem type="tenure" free="199812384" total="805306368" percent="24">
      <mem type="soa" free="191758624" total="797252608" percent="24" />
      <mem type="loa" free="8053760" total="8053760" percent="100" />
    </mem>
    <remembered-set count="136" />
  </mem-info>
</gc-start>
<allocation-stats totalBytes="108167704" >
  <allocated-bytes non-tlh="1661256" tlh="106506448" />
  <largest-consumer threadName="main" threadId="0000000000016F00" bytes="108167704" />
</allocation-stats>
<gc-op id="5507" type="scavenge" timems="80.134" contextid="5504" timestamp="2022-02-08T18:56:59.002">
  <scavenger-info tenureage="1" tenuremask="7ffe" tiltratio="68" />
  <memory-copied type="nursery" objects="1487390" bytes="76176200" bytesdiscarded="73776" />
  <memory-copied type="tenure" objects="1318350" bytes="74718832" bytesdiscarded="43144" />
  <finalization candidates="109" enqueued="53" />
  <references type="soft" candidates="14" cleared="0" enqueued="0" dynamicThreshold="11" maxThreshold="32" />
  <references type="weak" candidates="1" cleared="0" enqueued="0" />
  <references type="phantom" candidates="94" cleared="7" enqueued="7" />
  <object-monitors candidates="2" cleared="0"  />
</gc-op>
<gc-end id="5508" type="scavenge" contextid="5504" durationms="80.333" usertimems="305.485" systemtimems="0.000" stalltimems="2.458" timestamp="2022-02-08T18:56:59.002" activeThreads="4">
  <mem-info id="5509" free="232325328" total="1073741824" percent="21">
    <mem type="nursery" free="107250696" total="268435456" percent="39">
      <mem type="allocate" free="107250696" total="183500800" percent="58" />
      <mem type="survivor" free="0" total="84934656" percent="0" />
    </mem>
    <mem type="tenure" free="125074632" total="805306368" percent="15" macro-fragmented="0">
      <mem type="soa" free="117020872" total="797252608" percent="14" />
      <mem type="loa" free="8053760" total="8053760" percent="100" />
    </mem>
    <pending-finalizers system="52" default="1" reference="7" classloader="0" />
    <remembered-set count="132" />
  </mem-info>
</gc-end>
<cycle-end id="5510" type="scavenge" contextid="5504" timestamp="2022-02-08T18:56:59.002" />
<allocation-satisfied id="5511" threadId="0000000000016F00" bytesRequested="16" />
<af-end id="5512" timestamp="2022-02-08T18:56:59.002" threadId="0000000000017908" success="true" from="nursery"/>
<exclusive-end id="5513" timestamp="2022-02-08T18:56:59.002" durationms="80.708" />

<concurrent-kickoff id="5514" timestamp="2022-02-08T18:56:59.703">
  <kickoff reason="threshold reached" targetBytes="74448564" thresholdFreeBytes="5763291"  remainingFree="5669896" tenureFreeBytes="125074632" nurseryFreeBytes="5669896" />
</concurrent-kickoff>
<exclusive-start id="5515" timestamp="2022-02-08T18:56:59.706" intervalms="784.750">
  <response-info timems="0.018" idlems="0.018" threads="0" lastid="0000000000016F00" lastname="main" />
</exclusive-start>
<cycle-start id="5516" type="global" contextid="0" timestamp="2022-02-08T18:56:59.706" intervalms="2950.451" />
<concurrent-start id="5517" type="global mark" contextid="5516" timestamp="2022-02-08T18:56:59.706">
</concurrent-start>
<exclusive-end id="5518" timestamp="2022-02-08T18:56:59.706" durationms="0.042" />

<exclusive-start id="5519" timestamp="2022-02-08T18:56:59.824" intervalms="118.505">
  <response-info timems="0.017" idlems="0.017" threads="0" lastid="0000000000016F00" lastname="main" />
</exclusive-start>
<af-start id="5520" threadId="0000000000017908" totalBytesRequested="184" timestamp="2022-02-08T18:56:59.824" intervalms="903.196" type="nursery" />
<cycle-start id="5521" type="scavenge" contextid="0" timestamp="2022-02-08T18:56:59.824" intervalms="903.177" />
<gc-start id="5522" type="scavenge" contextid="5521" timestamp="2022-02-08T18:56:59.825">
  <mem-info id="5523" free="125074632" total="1073741824" percent="11">
    <mem type="nursery" free="0" total="268435456" percent="0">
      <mem type="allocate" free="0" total="183500800" percent="0" />
      <mem type="survivor" free="0" total="84934656" percent="0" />
    </mem>
    <mem type="tenure" free="125074632" total="805306368" percent="15">
      <mem type="soa" free="117020872" total="797252608" percent="14" />
      <mem type="loa" free="8053760" total="8053760" percent="100" />
    </mem>
    <remembered-set count="133" />
  </mem-info>
</gc-start>
<allocation-stats totalBytes="107202664" >
  <allocated-bytes non-tlh="1347696" tlh="105854968" />
  <largest-consumer threadName="main" threadId="0000000000016F00" bytes="107194472" />
</allocation-stats>
<gc-op id="5524" type="scavenge" timems="97.159" contextid="5521" timestamp="2022-02-08T18:56:59.922">
  <scavenger-info tenureage="1" tenuremask="7ffe" tiltratio="68" />
  <memory-copied type="nursery" objects="1342815" bytes="76717952" bytesdiscarded="261632" />
  <memory-copied type="tenure" objects="1486671" bytes="75233032" bytesdiscarded="35896" />
  <finalization candidates="57" enqueued="0" />
  <references type="phantom" candidates="1" cleared="0" enqueued="0" />
  <object-monitors candidates="2" cleared="0"  />
</gc-op>
<gc-end id="5525" type="scavenge" contextid="5521" durationms="97.404" usertimems="380.162" systemtimems="5.426" stalltimems="2.146" timestamp="2022-02-08T18:56:59.922" activeThreads="4">
  <mem-info id="5526" free="156928944" total="1073741824" percent="14">
    <mem type="nursery" free="106848896" total="268435456" percent="39">
      <mem type="allocate" free="106848896" total="183828480" percent="58" />
      <mem type="survivor" free="0" total="84606976" percent="0" />
    </mem>
    <mem type="tenure" free="50080048" total="805306368" percent="6" macro-fragmented="0">
      <mem type="soa" free="42026288" total="797252608" percent="5" />
      <mem type="loa" free="8053760" total="8053760" percent="100" />
    </mem>
    <remembered-set count="101" />
  </mem-info>
</gc-end>
<cycle-end id="5527" type="scavenge" contextid="5521" timestamp="2022-02-08T18:56:59.922" />
<allocation-satisfied id="5528" threadId="0000000000016F00" bytesRequested="184" />
<af-end id="5529" timestamp="2022-02-08T18:56:59.922" threadId="0000000000017908" success="true" from="nursery"/>
<exclusive-end id="5530" timestamp="2022-02-08T18:56:59.922" durationms="97.721" />

<concurrent-end id="5531" type="global mark" contextid="5516" timestamp="2022-02-08T18:57:00.053">
<gc-op id="5532" type="trace" timems="346.872" contextid="5516" timestamp="2022-02-08T18:57:00.053">
  <trace bytesTraced="74450136" workStackOverflowCount="0" />
  <card-cleaning reason="card cleaning threshold reached" bytesTraced="904" cardsCleaned="2" />
</gc-op>
</concurrent-end>

<exclusive-start id="5533" timestamp="2022-02-08T18:57:00.053" intervalms="228.461">
  <response-info timems="0.018" idlems="0.018" threads="0" lastid="0000000000016F00" lastname="main" />
</exclusive-start>
<concurrent-global-final id="5534" timestamp="2022-02-08T18:57:00.053" contextid="5516" intervalms="2971.037" >
  <concurrent-trace-info reason="card cleaning threshold reached" tracedByMutators="57755484" tracedByHelpers="16695556" cardsCleaned="2" workStackOverflowCount="0" />
</concurrent-global-final>
<gc-start id="5535" type="global" contextid="5516" timestamp="2022-02-08T18:57:00.053">
  <mem-info id="5536" free="148703992" total="1073741824" percent="13">
    <mem type="nursery" free="98623944" total="268435456" percent="36">
      <mem type="allocate" free="98623944" total="183828480" percent="53" />
      <mem type="survivor" free="0" total="84606976" percent="0" />
    </mem>
    <mem type="tenure" free="50080048" total="805306368" percent="6">
      <mem type="soa" free="42026288" total="797252608" percent="5" />
      <mem type="loa" free="8053760" total="8053760" percent="100" />
    </mem>
    <remembered-set count="101" />
  </mem-info>
</gc-start>
<allocation-stats totalBytes="8221408" >
  <allocated-bytes non-tlh="184" tlh="8221224" />
  <largest-consumer threadName="main" threadId="0000000000016F00" bytes="8221408" />
</allocation-stats>
<gc-op id="5537" type="rs-scan" timems="0.529" contextid="5516" timestamp="2022-02-08T18:57:00.053">
  <scan objectsFound="29" bytesTraced="5268" workStackOverflowCount="0" />
</gc-op>
<gc-op id="5538" type="card-cleaning" timems="161.268" contextid="5516" timestamp="2022-02-08T18:57:00.215">
  <card-cleaning cardsCleaned="9" bytesTraced="71016840" workStackOverflowCount="0" />
</gc-op>
<gc-op id="5539" type="mark" timems="51.231" contextid="5516" timestamp="2022-02-08T18:57:00.266">
  <trace-info objectcount="1857426" scancount="1394597" scanbytes="29819112" />
  <finalization candidates="428" enqueued="57" />
  <ownableSynchronizers candidates="1" cleared="0" />
  <references type="soft" candidates="894" cleared="0" enqueued="0" dynamicThreshold="11" maxThreshold="32" />
  <references type="weak" candidates="1701" cleared="0" enqueued="0" />
  <references type="phantom" candidates="52" cleared="2" enqueued="2" />
  <stringconstants candidates="6470" cleared="0"  />
  <object-monitors candidates="2" cleared="0"  />
</gc-op>
<gc-op id="5540" type="sweep" timems="5.274" contextid="5516" timestamp="2022-02-08T18:57:00.271" />
<gc-end id="5541" type="global" contextid="5516" durationms="218.552" usertimems="231.163" systemtimems="4.842" stalltimems="152.483" timestamp="2022-02-08T18:57:00.271" activeThreads="4">
  <mem-info id="5542" free="391876872" total="1073741824" percent="36">
    <mem type="nursery" free="98977904" total="268435456" percent="36">
      <mem type="allocate" free="98977904" total="183828480" percent="53" />
      <mem type="survivor" free="0" total="84606976" percent="0" />
    </mem>
    <mem type="tenure" free="292898968" total="805306368" percent="36" micro-fragmented="315326" macro-fragmented="0">
      <mem type="soa" free="284845208" total="797252608" percent="35" />
      <mem type="loa" free="8053760" total="8053760" percent="100" />
    </mem>
    <pending-finalizers system="57" default="0" reference="2" classloader="0" />
    <remembered-set count="101" />
  </mem-info>
</gc-end>
<cycle-end id="5543" type="global" contextid="5516" timestamp="2022-02-08T18:57:00.272" />
<exclusive-end id="5544" timestamp="2022-02-08T18:57:00.272" durationms="218.781" />

<exclusive-start id="5545" timestamp="2022-02-08T18:57:00.903" intervalms="850.043">
  <response-info timems="0.018" idlems="0.018" threads="0" lastid="0000000000016F00" lastname="main" />
</exclusive-start>
<af-start id="5546" threadId="0000000000017908" totalBytesRequested="184" timestamp="2022-02-08T18:57:00.903" intervalms="1078.505" type="nursery" />
<cycle-start id="5547" type="scavenge" contextid="0" timestamp="2022-02-08T18:57:00.903" intervalms="1078.506" />
<gc-start id="5548" type="scavenge" contextid="5547" timestamp="2022-02-08T18:57:00.903">
  <mem-info id="5549" free="292898968" total="1073741824" percent="27">
    <mem type="nursery" free="0" total="268435456" percent="0">
      <mem type="allocate" free="0" total="183828480" percent="0" />
      <mem type="survivor" free="0" total="84606976" percent="0" />
    </mem>
    <mem type="tenure" free="292898968" total="805306368" percent="36">
      <mem type="soa" free="284845208" total="797252608" percent="35" />
      <mem type="loa" free="8053760" total="8053760" percent="100" />
    </mem>
    <remembered-set count="104" />
  </mem-info>
</gc-start>
<allocation-stats totalBytes="98931632" >
  <allocated-bytes non-tlh="0" tlh="98931632" />
  <largest-consumer threadName="main" threadId="0000000000016F00" bytes="98927536" />
</allocation-stats>
<gc-op id="5550" type="scavenge" timems="86.920" contextid="5547" timestamp="2022-02-08T18:57:00.990">
  <scavenger-info tenureage="1" tenuremask="7ffe" tiltratio="68" />
  <memory-copied type="nursery" objects="1352951" bytes="76118472" bytesdiscarded="395072" />
  <memory-copied type="tenure" objects="1342814" bytes="76717848" bytesdiscarded="48408" />
  <finalization candidates="1" enqueued="0" />
  <ownableSynchronizers candidates="2" cleared="2" />
  <object-monitors candidates="2" cleared="0"  />
</gc-op>
<gc-end id="5551" type="scavenge" contextid="5547" durationms="87.080" usertimems="339.652" systemtimems="4.175" stalltimems="3.091" timestamp="2022-02-08T18:57:00.990" activeThreads="4">
  <mem-info id="5552" free="323705400" total="1073741824" percent="30">
    <mem type="nursery" free="107642616" total="268435456" percent="40">
      <mem type="allocate" free="107642616" total="184156160" percent="58" />
      <mem type="survivor" free="0" total="84279296" percent="0" />
    </mem>
    <mem type="tenure" free="216062784" total="805306368" percent="26" macro-fragmented="0">
      <mem type="soa" free="208009024" total="797252608" percent="26" />
      <mem type="loa" free="8053760" total="8053760" percent="100" />
    </mem>
    <remembered-set count="105" />
  </mem-info>
</gc-end>
<cycle-end id="5553" type="scavenge" contextid="5547" timestamp="2022-02-08T18:57:00.990" />
<allocation-satisfied id="5554" threadId="0000000000016F00" bytesRequested="184" />
<af-end id="5555" timestamp="2022-02-08T18:57:00.990" threadId="0000000000017908" success="true" from="nursery"/>
<exclusive-end id="5556" timestamp="2022-02-08T18:57:00.990" durationms="87.338" />

<exclusive-start id="5557" timestamp="2022-02-08T18:57:01.868" intervalms="965.514">
  <response-info timems="0.022" idlems="0.022" threads="0" lastid="0000000000016F00" lastname="main" />
</exclusive-start>
<af-start id="5558" threadId="0000000000017908" totalBytesRequested="232" timestamp="2022-02-08T18:57:01.868" intervalms="965.523" type="nursery" />
<cycle-start id="5559" type="scavenge" contextid="0" timestamp="2022-02-08T18:57:01.869" intervalms="965.759" />
<gc-start id="5560" type="scavenge" contextid="5559" timestamp="2022-02-08T18:57:01.869">
  <mem-info id="5561" free="216062784" total="1073741824" percent="20">
    <mem type="nursery" free="0" total="268435456" percent="0">
      <mem type="allocate" free="0" total="184156160" percent="0" />
      <mem type="survivor" free="0" total="84279296" percent="0" />
    </mem>
    <mem type="tenure" free="216062784" total="805306368" percent="26">
      <mem type="soa" free="208009024" total="797252608" percent="26" />
      <mem type="loa" free="8053760" total="8053760" percent="100" />
    </mem>
    <remembered-set count="136" />
  </mem-info>
</gc-start>
<allocation-stats totalBytes="107595208" >
  <allocated-bytes non-tlh="1018824" tlh="106576384" />
  <largest-consumer threadName="main" threadId="0000000000016F00" bytes="107595208" />
</allocation-stats>
<gc-op id="5562" type="scavenge" timems="106.694" contextid="5559" timestamp="2022-02-08T18:57:01.976">
  <scavenger-info tenureage="1" tenuremask="7ffe" tiltratio="68" />
  <memory-copied type="nursery" objects="1486035" bytes="75784520" bytesdiscarded="61176" />
  <memory-copied type="tenure" objects="1352950" bytes="76118368" bytesdiscarded="45968" />
  <finalization candidates="108" enqueued="53" />
  <references type="soft" candidates="14" cleared="0" enqueued="0" dynamicThreshold="11" maxThreshold="32" />
  <references type="weak" candidates="1" cleared="0" enqueued="0" />
  <references type="phantom" candidates="93" cleared="7" enqueued="7" />
  <object-monitors candidates="2" cleared="0"  />
</gc-op>
<gc-end id="5563" type="scavenge" contextid="5559" durationms="106.931" usertimems="413.680" systemtimems="0.000" stalltimems="7.865" timestamp="2022-02-08T18:57:01.976" activeThreads="4">
  <mem-info id="5564" free="248362456" total="1073741824" percent="23">
    <mem type="nursery" free="108703552" total="268435456" percent="40">
      <mem type="allocate" free="108703552" total="184549376" percent="58" />
      <mem type="survivor" free="0" total="83886080" percent="0" />
    </mem>
    <mem type="tenure" free="139658904" total="805306368" percent="17" macro-fragmented="0">
      <mem type="soa" free="131605144" total="797252608" percent="16" />
      <mem type="loa" free="8053760" total="8053760" percent="100" />
    </mem>
    <pending-finalizers system="52" default="1" reference="7" classloader="0" />
    <remembered-set count="132" />
  </mem-info>
</gc-end>
<cycle-end id="5565" type="scavenge" contextid="5559" timestamp="2022-02-08T18:57:01.976" />
<allocation-satisfied id="5566" threadId="0000000000016F00" bytesRequested="232" />
<af-end id="5567" timestamp="2022-02-08T18:57:01.976" threadId="0000000000017908" success="true" from="nursery"/>
<exclusive-end id="5568" timestamp="2022-02-08T18:57:01.976" durationms="107.523" />

<concurrent-kickoff id="5569" timestamp="2022-02-08T18:57:02.685">
  <kickoff reason="threshold reached" targetBytes="74449059" thresholdFreeBytes="5780750"  remainingFree="5717504" tenureFreeBytes="139658904" nurseryFreeBytes="5717504" />
</concurrent-kickoff>
<exclusive-start id="5570" timestamp="2022-02-08T18:57:02.688" intervalms="819.719">
  <response-info timems="0.019" idlems="0.019" threads="0" lastid="0000000000016F00" lastname="main" />
</exclusive-start>
<cycle-start id="5571" type="global" contextid="0" timestamp="2022-02-08T18:57:02.688" intervalms="2982.242" />
<concurrent-start id="5572" type="global mark" contextid="5571" timestamp="2022-02-08T18:57:02.688">
</concurrent-start>
<exclusive-end id="5573" timestamp="2022-02-08T18:57:02.688" durationms="0.029" />

<exclusive-start id="5574" timestamp="2022-02-08T18:57:02.812" intervalms="124.068">
  <response-info timems="0.057" idlems="0.057" threads="0" lastid="0000000000016F00" lastname="main" />
</exclusive-start>
<af-start id="5575" threadId="0000000000017908" totalBytesRequested="24" timestamp="2022-02-08T18:57:02.812" intervalms="943.779" type="nursery" />
<cycle-start id="5576" type="scavenge" contextid="0" timestamp="2022-02-08T18:57:02.812" intervalms="943.544" />
<gc-start id="5577" type="scavenge" contextid="5576" timestamp="2022-02-08T18:57:02.812">
  <mem-info id="5578" free="139658904" total="1073741824" percent="13">
    <mem type="nursery" free="0" total="268435456" percent="0">
      <mem type="allocate" free="0" total="184549376" percent="0" />
      <mem type="survivor" free="0" total="83886080" percent="0" />
    </mem>
    <mem type="tenure" free="139658904" total="805306368" percent="17">
      <mem type="soa" free="131605144" total="797252608" percent="16" />
      <mem type="loa" free="8053760" total="8053760" percent="100" />
    </mem>
    <remembered-set count="133" />
  </mem-info>
</gc-start>
<allocation-stats totalBytes="108649880" >
  <allocated-bytes non-tlh="1823040" tlh="106826840" />
  <largest-consumer threadName="main" threadId="0000000000016F00" bytes="108641688" />
</allocation-stats>
<gc-op id="5579" type="scavenge" timems="91.407" contextid="5576" timestamp="2022-02-08T18:57:02.904">
  <scavenger-info tenureage="1" tenuremask="7ffe" tiltratio="68" />
  <memory-copied type="nursery" objects="1356103" bytes="77432920" bytesdiscarded="149512" />
  <memory-copied type="tenure" objects="1485315" bytes="75146632" bytesdiscarded="39320" />
  <finalization candidates="57" enqueued="0" />
  <references type="phantom" candidates="2" cleared="0" enqueued="0" />
  <object-monitors candidates="2" cleared="0"  />
</gc-op>
<gc-end id="5580" type="scavenge" contextid="5576" durationms="91.622" usertimems="361.827" systemtimems="0.000" stalltimems="3.036" timestamp="2022-02-08T18:57:02.904" activeThreads="4">
  <mem-info id="5581" free="170368544" total="1073741824" percent="15">
    <mem type="nursery" free="105721760" total="268435456" percent="39">
      <mem type="allocate" free="105721760" total="183304192" percent="57" />
      <mem type="survivor" free="0" total="85131264" percent="0" />
    </mem>
    <mem type="tenure" free="64646784" total="805306368" percent="8" macro-fragmented="16050736">
      <mem type="soa" free="56593024" total="797252608" percent="7" />
      <mem type="loa" free="8053760" total="8053760" percent="100" />
    </mem>
    <remembered-set count="103" />
  </mem-info>
</gc-end>
<cycle-end id="5582" type="scavenge" contextid="5576" timestamp="2022-02-08T18:57:02.904" />
<allocation-satisfied id="5583" threadId="0000000000016F00" bytesRequested="24" />
<af-end id="5584" timestamp="2022-02-08T18:57:02.904" threadId="0000000000017908" success="true" from="nursery"/>
<exclusive-end id="5585" timestamp="2022-02-08T18:57:02.904" durationms="91.885" />

<concurrent-end id="5586" type="global mark" contextid="5571" timestamp="2022-02-08T18:57:03.042">
<gc-op id="5587" type="trace" timems="353.402" contextid="5571" timestamp="2022-02-08T18:57:03.042">
  <trace bytesTraced="74450408" workStackOverflowCount="0" />
  <card-cleaning reason="card cleaning threshold reached" bytesTraced="904" cardsCleaned="2" />
</gc-op>
</concurrent-end>

<exclusive-start id="5588" timestamp="2022-02-08T18:57:03.042" intervalms="229.413">
  <response-info timems="0.020" idlems="0.020" threads="0" lastid="0000000000016F00" lastname="main" />
</exclusive-start>
<concurrent-global-final id="5589" timestamp="2022-02-08T18:57:03.042" contextid="5571" intervalms="2988.778" >
  <concurrent-trace-info reason="card cleaning threshold reached" tracedByMutators="58094724" tracedByHelpers="16356588" cardsCleaned="2" workStackOverflowCount="0" />
</concurrent-global-final>
<gc-start id="5590" type="global" contextid="5571" timestamp="2022-02-08T18:57:03.042">
  <mem-info id="5591" free="162012680" total="1073741824" percent="15">
    <mem type="nursery" free="97365896" total="268435456" percent="36">
      <mem type="allocate" free="97365896" total="183304192" percent="53" />
      <mem type="survivor" free="0" total="85131264" percent="0" />
    </mem>
    <mem type="tenure" free="64646784" total="805306368" percent="8">
      <mem type="soa" free="56593024" total="797252608" percent="7" />
      <mem type="loa" free="8053760" total="8053760" percent="100" />
    </mem>
    <remembered-set count="103" />
  </mem-info>
</gc-start>
<allocation-stats totalBytes="8351816" >
  <allocated-bytes non-tlh="24" tlh="8351792" />
  <largest-consumer threadName="main" threadId="0000000000016F00" bytes="8351816" />
</allocation-stats>
<gc-op id="5592" type="rs-scan" timems="0.627" contextid="5571" timestamp="2022-02-08T18:57:03.042">
  <scan objectsFound="29" bytesTraced="5268" workStackOverflowCount="0" />
</gc-op>
<gc-op id="5593" type="card-cleaning" timems="158.757" contextid="5571" timestamp="2022-02-08T18:57:03.201">
  <card-cleaning cardsCleaned="9" bytesTraced="71016776" workStackOverflowCount="0" />
</gc-op>
<gc-op id="5594" type="mark" timems="43.795" contextid="5571" timestamp="2022-02-08T18:57:03.245">
  <trace-info objectcount="1619103" scancount="1215855" scanbytes="26005928" />
  <finalization candidates="428" enqueued="57" />
  <ownableSynchronizers candidates="1" cleared="0" />
  <references type="soft" candidates="894" cleared="0" enqueued="0" dynamicThreshold="11" maxThreshold="32" />
  <references type="weak" candidates="1701" cleared="0" enqueued="0" />
  <references type="phantom" candidates="52" cleared="2" enqueued="2" />
  <stringconstants candidates="6470" cleared="0"  />
  <object-monitors candidates="2" cleared="0"  />
</gc-op>
<gc-op id="5595" type="sweep" timems="5.314" contextid="5571" timestamp="2022-02-08T18:57:03.250" />
<gc-end id="5596" type="global" contextid="5571" durationms="208.780" usertimems="225.202" systemtimems="0.000" stalltimems="130.952" timestamp="2022-02-08T18:57:03.250" activeThreads="4">
  <mem-info id="5597" free="405135776" total="1073741824" percent="37">
    <mem type="nursery" free="97607832" total="268435456" percent="36">
      <mem type="allocate" free="97607832" total="183304192" percent="53" />
      <mem type="survivor" free="0" total="85131264" percent="0" />
    </mem>
    <mem type="tenure" free="307527944" total="805306368" percent="38" micro-fragmented="334871" macro-fragmented="0">
      <mem type="soa" free="299474184" total="797252608" percent="37" />
      <mem type="loa" free="8053760" total="8053760" percent="100" />
    </mem>
    <pending-finalizers system="57" default="0" reference="2" classloader="0" />
    <remembered-set count="103" />
  </mem-info>
</gc-end>
<cycle-end id="5598" type="global" contextid="5571" timestamp="2022-02-08T18:57:03.251" />
<exclusive-end id="5599" timestamp="2022-02-08T18:57:03.251" durationms="208.999" />

<exclusive-start id="5600" timestamp="2022-02-08T18:57:03.877" intervalms="835.586">
  <response-info timems="0.017" idlems="0.017" threads="0" lastid="0000000000016F00" lastname="main" />
</exclusive-start>
<af-start id="5601" threadId="0000000000017908" totalBytesRequested="200" timestamp="2022-02-08T18:57:03.877" intervalms="1064.997" type="nursery" />
<cycle-start id="5602" type="scavenge" contextid="0" timestamp="2022-02-08T18:57:03.877" intervalms="1065.005" />
<gc-start id="5603" type="scavenge" contextid="5602" timestamp="2022-02-08T18:57:03.877">
  <mem-info id="5604" free="307527944" total="1073741824" percent="28">
    <mem type="nursery" free="0" total="268435456" percent="0">
      <mem type="allocate" free="0" total="183304192" percent="0" />
      <mem type="survivor" free="0" total="85131264" percent="0" />
    </mem>
    <mem type="tenure" free="307527944" total="805306368" percent="38">
      <mem type="soa" free="299474184" total="797252608" percent="37" />
      <mem type="loa" free="8053760" total="8053760" percent="100" />
    </mem>
    <remembered-set count="106" />
  </mem-info>
</gc-start>
<allocation-stats totalBytes="97563088" >
  <allocated-bytes non-tlh="0" tlh="97563088" />
  <largest-consumer threadName="main" threadId="0000000000016F00" bytes="97558992" />
</allocation-stats>
<gc-op id="5605" type="scavenge" timems="90.039" contextid="5602" timestamp="2022-02-08T18:57:03.967">
  <scavenger-info tenureage="1" tenuremask="7ffe" tiltratio="68" />
  <memory-copied type="nursery" objects="1336614" bytes="75247768" bytesdiscarded="282728" />
  <memory-copied type="tenure" objects="1356103" bytes="77432920" bytesdiscarded="49976" />
  <finalization candidates="2" enqueued="0" />
  <ownableSynchronizers candidates="2" cleared="2" />
  <object-monitors candidates="2" cleared="0"  />
</gc-op>
<gc-end id="5606" type="scavenge" contextid="5602" durationms="90.238" usertimems="356.049" systemtimems="0.000" stalltimems="3.175" timestamp="2022-02-08T18:57:03.968" activeThreads="4">
  <mem-info id="5607" free="338068128" total="1073741824" percent="31">
    <mem type="nursery" free="108101376" total="268435456" percent="40">
      <mem type="allocate" free="108101376" total="183631872" percent="58" />
      <mem type="survivor" free="0" total="84803584" percent="0" />
    </mem>
    <mem type="tenure" free="229966752" total="805306368" percent="28" macro-fragmented="0">
      <mem type="soa" free="221912992" total="797252608" percent="27" />
      <mem type="loa" free="8053760" total="8053760" percent="100" />
    </mem>
    <remembered-set count="104" />
  </mem-info>
</gc-end>
<cycle-end id="5608" type="scavenge" contextid="5602" timestamp="2022-02-08T18:57:03.968" />
<allocation-satisfied id="5609" threadId="0000000000016F00" bytesRequested="200" />
<af-end id="5610" timestamp="2022-02-08T18:57:03.968" threadId="0000000000017908" success="true" from="nursery"/>
<exclusive-end id="5611" timestamp="2022-02-08T18:57:03.968" durationms="90.496" />

<exclusive-start id="5612" timestamp="2022-02-08T18:57:04.709" intervalms="831.318">
  <response-info timems="0.019" idlems="0.019" threads="0" lastid="0000000000016F00" lastname="main" />
</exclusive-start>
<af-start id="5613" threadId="0000000000017908" totalBytesRequested="128" timestamp="2022-02-08T18:57:04.709" intervalms="831.319" type="nursery" />
<cycle-start id="5614" type="scavenge" contextid="0" timestamp="2022-02-08T18:57:04.709" intervalms="831.312" />
<gc-start id="5615" type="scavenge" contextid="5614" timestamp="2022-02-08T18:57:04.709">
  <mem-info id="5616" free="229966752" total="1073741824" percent="21">
    <mem type="nursery" free="0" total="268435456" percent="0">
      <mem type="allocate" free="0" total="183631872" percent="0" />
      <mem type="survivor" free="0" total="84803584" percent="0" />
    </mem>
    <mem type="tenure" free="229966752" total="805306368" percent="28">
      <mem type="soa" free="221912992" total="797252608" percent="27" />
      <mem type="loa" free="8053760" total="8053760" percent="100" />
    </mem>
    <remembered-set count="118" />
  </mem-info>
</gc-start>
<allocation-stats totalBytes="108055072" >
  <allocated-bytes non-tlh="453904" tlh="107601168" />
  <largest-consumer threadName="main" threadId="0000000000016F00" bytes="108055072" />
</allocation-stats>
<gc-op id="5617" type="scavenge" timems="90.095" contextid="5614" timestamp="2022-02-08T18:57:04.799">
  <scavenger-info tenureage="1" tenuremask="7ffe" tiltratio="68" />
  <memory-copied type="nursery" objects="1360724" bytes="76945496" bytesdiscarded="60656" />
  <memory-copied type="tenure" objects="1336613" bytes="75247656" bytesdiscarded="43592" />
  <finalization candidates="30" enqueued="18" />
  <references type="phantom" candidates="30" cleared="0" enqueued="0" />
  <object-monitors candidates="2" cleared="0"  />
</gc-op>
<gc-end id="5618" type="scavenge" contextid="5614" durationms="90.413" usertimems="357.136" systemtimems="0.000" stalltimems="2.374" timestamp="2022-02-08T18:57:04.799" activeThreads="4">
  <mem-info id="5619" free="260929432" total="1073741824" percent="24">
    <mem type="nursery" free="106494648" total="268435456" percent="39">
      <mem type="allocate" free="106494648" total="183500800" percent="58" />
      <mem type="survivor" free="0" total="84934656" percent="0" />
    </mem>
    <mem type="tenure" free="154434784" total="805306368" percent="19" macro-fragmented="0">
      <mem type="soa" free="146381024" total="797252608" percent="18" />
      <mem type="loa" free="8053760" total="8053760" percent="100" />
    </mem>
    <pending-finalizers system="18" default="0" reference="0" classloader="0" />
    <remembered-set count="119" />
  </mem-info>
</gc-end>
<cycle-end id="5620" type="scavenge" contextid="5614" timestamp="2022-02-08T18:57:04.799" />
<allocation-satisfied id="5621" threadId="0000000000016F00" bytesRequested="128" />
<af-end id="5622" timestamp="2022-02-08T18:57:04.799" threadId="0000000000017908" success="true" from="nursery"/>
<exclusive-end id="5623" timestamp="2022-02-08T18:57:04.799" durationms="90.760" />

<concurrent-kickoff id="5624" timestamp="2022-02-08T18:57:05.612">
  <kickoff reason="threshold reached" targetBytes="74449508" thresholdFreeBytes="5774304"  remainingFree="5700280" tenureFreeBytes="154434784" nurseryFreeBytes="5700280" />
</concurrent-kickoff>
<exclusive-start id="5625" timestamp="2022-02-08T18:57:05.615" intervalms="906.720">
  <response-info timems="0.019" idlems="0.019" threads="0" lastid="0000000000016F00" lastname="main" />
</exclusive-start>
<cycle-start id="5626" type="global" contextid="0" timestamp="2022-02-08T18:57:05.615" intervalms="2927.104" />
<concurrent-start id="5627" type="global mark" contextid="5626" timestamp="2022-02-08T18:57:05.615">
</concurrent-start>
<exclusive-end id="5628" timestamp="2022-02-08T18:57:05.615" durationms="0.029" />

<exclusive-start id="5629" timestamp="2022-02-08T18:57:05.728" intervalms="112.391">
  <response-info timems="0.017" idlems="0.017" threads="0" lastid="0000000000016F00" lastname="main" />
</exclusive-start>
<af-start id="5630" threadId="0000000000017908" totalBytesRequested="104" timestamp="2022-02-08T18:57:05.728" intervalms="1019.109" type="nursery" />
<cycle-start id="5631" type="scavenge" contextid="0" timestamp="2022-02-08T18:57:05.728" intervalms="1019.106" />
<gc-start id="5632" type="scavenge" contextid="5631" timestamp="2022-02-08T18:57:05.728">
  <mem-info id="5633" free="154434784" total="1073741824" percent="14">
    <mem type="nursery" free="0" total="268435456" percent="0">
      <mem type="allocate" free="0" total="183500800" percent="0" />
      <mem type="survivor" free="0" total="84934656" percent="0" />
    </mem>
    <mem type="tenure" free="154434784" total="805306368" percent="19">
      <mem type="soa" free="146381024" total="797252608" percent="18" />
      <mem type="loa" free="8053760" total="8053760" percent="100" />
    </mem>
    <remembered-set count="136" />
  </mem-info>
</gc-start>
<allocation-stats totalBytes="106449368" >
  <allocated-bytes non-tlh="2484672" tlh="103964696" />
  <largest-consumer threadName="main" threadId="0000000000016F00" bytes="106445272" />
</allocation-stats>
<gc-op id="5634" type="scavenge" timems="90.512" contextid="5631" timestamp="2022-02-08T18:57:05.818">
  <scavenger-info tenureage="1" tenuremask="7ffe" tiltratio="68" />
  <memory-copied type="nursery" objects="1415590" bytes="75164952" bytesdiscarded="185112" />
  <memory-copied type="tenure" objects="1360424" bytes="76332680" bytesdiscarded="40352" />
  <finalization candidates="92" enqueued="35" />
  <references type="soft" candidates="14" cleared="0" enqueued="0" dynamicThreshold="12" maxThreshold="32" />
  <references type="weak" candidates="1" cleared="0" enqueued="0" />
  <references type="phantom" candidates="77" cleared="7" enqueued="7" />
  <object-monitors candidates="2" cleared="0"  />
</gc-op>
<gc-end id="5635" type="scavenge" contextid="5631" durationms="90.786" usertimems="356.220" systemtimems="0.000" stalltimems="3.626" timestamp="2022-02-08T18:57:05.819" activeThreads="4">
  <mem-info id="5636" free="186557664" total="1073741824" percent="17">
    <mem type="nursery" free="108478288" total="268435456" percent="40">
      <mem type="allocate" free="108478288" total="183828480" percent="59" />
      <mem type="survivor" free="0" total="84606976" percent="0" />
    </mem>
    <mem type="tenure" free="78079376" total="805306368" percent="9" macro-fragmented="0">
      <mem type="soa" free="70025616" total="797252608" percent="8" />
      <mem type="loa" free="8053760" total="8053760" percent="100" />
    </mem>
    <pending-finalizers system="34" default="1" reference="7" classloader="0" />
    <remembered-set count="121" />
  </mem-info>
</gc-end>
<cycle-end id="5637" type="scavenge" contextid="5631" timestamp="2022-02-08T18:57:05.819" />
<allocation-satisfied id="5638" threadId="0000000000016F00" bytesRequested="104" />
<af-end id="5639" timestamp="2022-02-08T18:57:05.819" threadId="0000000000017908" success="true" from="nursery"/>
<exclusive-end id="5640" timestamp="2022-02-08T18:57:05.819" durationms="91.067" />

<concurrent-end id="5641" type="global mark" contextid="5626" timestamp="2022-02-08T18:57:05.954">
<gc-op id="5642" type="trace" timems="339.111" contextid="5626" timestamp="2022-02-08T18:57:05.954">
  <trace bytesTraced="74450648" workStackOverflowCount="0" />
  <card-cleaning reason="card cleaning threshold reached" bytesTraced="904" cardsCleaned="2" />
</gc-op>
</concurrent-end>

<exclusive-start id="5643" timestamp="2022-02-08T18:57:05.954" intervalms="226.817">
  <response-info timems="0.018" idlems="0.018" threads="0" lastid="0000000000016F00" lastname="main" />
</exclusive-start>
<concurrent-global-final id="5644" timestamp="2022-02-08T18:57:05.955" contextid="5626" intervalms="2912.823" >
  <concurrent-trace-info reason="card cleaning threshold reached" tracedByMutators="59264300" tracedByHelpers="15187252" cardsCleaned="2" workStackOverflowCount="0" />
</concurrent-global-final>
<gc-start id="5645" type="global" contextid="5626" timestamp="2022-02-08T18:57:05.955">
  <mem-info id="5646" free="178062456" total="1073741824" percent="16">
    <mem type="nursery" free="99983080" total="268435456" percent="37">
      <mem type="allocate" free="99983080" total="183828480" percent="54" />
      <mem type="survivor" free="0" total="84606976" percent="0" />
    </mem>
    <mem type="tenure" free="78079376" total="805306368" percent="9">
      <mem type="soa" free="70025616" total="797252608" percent="8" />
      <mem type="loa" free="8053760" total="8053760" percent="100" />
    </mem>
    <remembered-set count="122" />
  </mem-info>
</gc-start>
<allocation-stats totalBytes="8490688" >
  <allocated-bytes non-tlh="104" tlh="8490584" />
  <largest-consumer threadName="main" threadId="0000000000016F00" bytes="8482496" />
</allocation-stats>
<gc-op id="5647" type="rs-scan" timems="134.711" contextid="5626" timestamp="2022-02-08T18:57:06.089">
  <scan objectsFound="3324744" bytesTraced="71019300" workStackOverflowCount="0" />
</gc-op>
<gc-op id="5648" type="card-cleaning" timems="0.410" contextid="5626" timestamp="2022-02-08T18:57:06.090">
  <card-cleaning cardsCleaned="4" bytesTraced="1772" workStackOverflowCount="0" />
</gc-op>
<gc-op id="5649" type="mark" timems="41.312" contextid="5626" timestamp="2022-02-08T18:57:06.131">
  <trace-info objectcount="1301473" scancount="977631" scanbytes="20923848" />
  <finalization candidates="428" enqueued="57" />
  <ownableSynchronizers candidates="1" cleared="0" />
  <references type="soft" candidates="894" cleared="0" enqueued="0" dynamicThreshold="12" maxThreshold="32" />
  <references type="weak" candidates="1701" cleared="0" enqueued="0" />
  <references type="phantom" candidates="52" cleared="2" enqueued="2" />
  <stringconstants candidates="6470" cleared="0"  />
  <object-monitors candidates="2" cleared="0"  />
</gc-op>
<gc-op id="5650" type="sweep" timems="4.908" contextid="5626" timestamp="2022-02-08T18:57:06.136" />
<gc-end id="5651" type="global" contextid="5626" durationms="181.547" usertimems="235.395" systemtimems="0.847" stalltimems="84.347" timestamp="2022-02-08T18:57:06.136" activeThreads="4">
  <mem-info id="5652" free="421705448" total="1073741824" percent="39">
    <mem type="nursery" free="100586944" total="268435456" percent="37">
      <mem type="allocate" free="100586944" total="183828480" percent="54" />
      <mem type="survivor" free="0" total="84606976" percent="0" />
    </mem>
    <mem type="tenure" free="321118504" total="805306368" percent="39" micro-fragmented="350799" macro-fragmented="0">
      <mem type="soa" free="313064744" total="797252608" percent="39" />
      <mem type="loa" free="8053760" total="8053760" percent="100" />
    </mem>
    <pending-finalizers system="57" default="0" reference="2" classloader="0" />
    <remembered-set count="109" />
  </mem-info>
</gc-end>
<cycle-end id="5653" type="global" contextid="5626" timestamp="2022-02-08T18:57:06.136" />
<exclusive-end id="5654" timestamp="2022-02-08T18:57:06.136" durationms="181.786" />

<exclusive-start id="5655" timestamp="2022-02-08T18:57:06.819" intervalms="864.960">
  <response-info timems="0.030" idlems="0.030" threads="0" lastid="0000000000016F00" lastname="main" />
</exclusive-start>
<af-start id="5656" threadId="0000000000017908" totalBytesRequested="112" timestamp="2022-02-08T18:57:06.819" intervalms="1091.778" type="nursery" />
<cycle-start id="5657" type="scavenge" contextid="0" timestamp="2022-02-08T18:57:06.819" intervalms="1091.778" />
<gc-start id="5658" type="scavenge" contextid="5657" timestamp="2022-02-08T18:57:06.820">
  <mem-info id="5659" free="321118504" total="1073741824" percent="29">
    <mem type="nursery" free="0" total="268435456" percent="0">
      <mem type="allocate" free="0" total="183828480" percent="0" />
      <mem type="survivor" free="0" total="84606976" percent="0" />
    </mem>
    <mem type="tenure" free="321118504" total="805306368" percent="39">
      <mem type="soa" free="313064744" total="797252608" percent="39" />
      <mem type="loa" free="8053760" total="8053760" percent="100" />
    </mem>
    <remembered-set count="110" />
  </mem-info>
</gc-start>
<allocation-stats totalBytes="100539512" >
  <allocated-bytes non-tlh="0" tlh="100539512" />
  <largest-consumer threadName="main" threadId="0000000000016F00" bytes="100535416" />
</allocation-stats>
<gc-op id="5660" type="scavenge" timems="90.678" contextid="5657" timestamp="2022-02-08T18:57:06.910">
  <scavenger-info tenureage="1" tenuremask="7ffe" tiltratio="68" />
  <memory-copied type="nursery" objects="1406190" bytes="77563584" bytesdiscarded="290560" />
  <memory-copied type="tenure" objects="1415109" bytes="74853208" bytesdiscarded="44120" />
  <finalization candidates="45" enqueued="0" />
  <ownableSynchronizers candidates="2" cleared="2" />
  <object-monitors candidates="2" cleared="0"  />
</gc-op>
<gc-end id="5661" type="scavenge" contextid="5657" durationms="90.912" usertimems="358.096" systemtimems="0.000" stalltimems="3.033" timestamp="2022-02-08T18:57:06.910" activeThreads="4">
  <mem-info id="5662" free="350570224" total="1073741824" percent="32">
    <mem type="nursery" free="104532544" total="268435456" percent="38">
      <mem type="allocate" free="104532544" total="182386688" percent="57" />
      <mem type="survivor" free="0" total="86048768" percent="0" />
    </mem>
    <mem type="tenure" free="246037680" total="805306368" percent="30" macro-fragmented="0">
      <mem type="soa" free="237983920" total="797252608" percent="29" />
      <mem type="loa" free="8053760" total="8053760" percent="100" />
    </mem>
    <remembered-set count="104" />
  </mem-info>
</gc-end>
<cycle-end id="5663" type="scavenge" contextid="5657" timestamp="2022-02-08T18:57:06.911" />
<allocation-satisfied id="5664" threadId="0000000000016F00" bytesRequested="112" />
<af-end id="5665" timestamp="2022-02-08T18:57:06.911" threadId="0000000000017908" success="true" from="nursery"/>
<exclusive-end id="5666" timestamp="2022-02-08T18:57:06.911" durationms="91.330" />

<exclusive-start id="5667" timestamp="2022-02-08T18:57:07.543" intervalms="723.467">
  <response-info timems="0.028" idlems="0.028" threads="0" lastid="0000000000016F00" lastname="main" />
</exclusive-start>
<af-start id="5668" threadId="0000000000017908" totalBytesRequested="208" timestamp="2022-02-08T18:57:07.543" intervalms="723.466" type="nursery" />
<cycle-start id="5669" type="scavenge" contextid="0" timestamp="2022-02-08T18:57:07.543" intervalms="723.466" />
<gc-start id="5670" type="scavenge" contextid="5669" timestamp="2022-02-08T18:57:07.543">
  <mem-info id="5671" free="246037680" total="1073741824" percent="22">
    <mem type="nursery" free="0" total="268435456" percent="0">
      <mem type="allocate" free="0" total="182386688" percent="0" />
      <mem type="survivor" free="0" total="86048768" percent="0" />
    </mem>
    <mem type="tenure" free="246037680" total="805306368" percent="30">
      <mem type="soa" free="237983920" total="797252608" percent="29" />
      <mem type="loa" free="8053760" total="8053760" percent="100" />
    </mem>
    <remembered-set count="104" />
  </mem-info>
</gc-start>
<allocation-stats totalBytes="104482184" >
  <allocated-bytes non-tlh="112" tlh="104482072" />
  <largest-consumer threadName="main" threadId="0000000000016F00" bytes="104482184" />
</allocation-stats>
<gc-op id="5672" type="scavenge" timems="89.629" contextid="5669" timestamp="2022-02-08T18:57:07.633">
  <scavenger-info tenureage="1" tenuremask="7ffe" tiltratio="67" />
  <memory-copied type="nursery" objects="1304649" bytes="74286416" bytesdiscarded="89776" />
  <memory-copied type="tenure" objects="1406190" bytes="77563584" bytesdiscarded="45680" />
  <object-monitors candidates="2" cleared="0"  />
</gc-op>
<gc-end id="5673" type="scavenge" contextid="5669" durationms="89.942" usertimems="352.513" systemtimems="0.269" stalltimems="4.460" timestamp="2022-02-08T18:57:07.633" activeThreads="4">
  <mem-info id="5674" free="276981688" total="1073741824" percent="25">
    <mem type="nursery" free="108469248" total="268435456" percent="40">
      <mem type="allocate" free="108469248" total="182845440" percent="59" />
      <mem type="survivor" free="0" total="85590016" percent="0" />
    </mem>
    <mem type="tenure" free="168512440" total="805306368" percent="20" macro-fragmented="0">
      <mem type="soa" free="160458680" total="797252608" percent="20" />
      <mem type="loa" free="8053760" total="8053760" percent="100" />
    </mem>
    <remembered-set count="104" />
  </mem-info>
</gc-end>
<cycle-end id="5675" type="scavenge" contextid="5669" timestamp="2022-02-08T18:57:07.633" />
<allocation-satisfied id="5676" threadId="0000000000016F00" bytesRequested="208" />
<af-end id="5677" timestamp="2022-02-08T18:57:07.633" threadId="0000000000017908" success="true" from="nursery"/>
<exclusive-end id="5678" timestamp="2022-02-08T18:57:07.633" durationms="90.252" />

<exclusive-start id="5679" timestamp="2022-02-08T18:57:08.556" intervalms="1012.884">
  <response-info timems="0.017" idlems="0.017" threads="0" lastid="0000000000016F00" lastname="main" />
</exclusive-start>
<af-start id="5680" threadId="0000000000017908" totalBytesRequested="128" timestamp="2022-02-08T18:57:08.556" intervalms="1012.887" type="nursery" />
<cycle-start id="5681" type="scavenge" contextid="0" timestamp="2022-02-08T18:57:08.556" intervalms="1012.887" />
<gc-start id="5682" type="scavenge" contextid="5681" timestamp="2022-02-08T18:57:08.556">
  <mem-info id="5683" free="168512440" total="1073741824" percent="15">
    <mem type="nursery" free="0" total="268435456" percent="0">
      <mem type="allocate" free="0" total="182845440" percent="0" />
      <mem type="survivor" free="0" total="85590016" percent="0" />
    </mem>
    <mem type="tenure" free="168512440" total="805306368" percent="20">
      <mem type="soa" free="160458680" total="797252608" percent="20" />
      <mem type="loa" free="8053760" total="8053760" percent="100" />
    </mem>
    <remembered-set count="134" />
  </mem-info>
</gc-start>
<allocation-stats totalBytes="108418448" >
  <allocated-bytes non-tlh="3009032" tlh="105409416" />
  <largest-consumer threadName="main" threadId="0000000000016F00" bytes="108418448" />
</allocation-stats>
<gc-op id="5684" type="scavenge" timems="90.135" contextid="5681" timestamp="2022-02-08T18:57:08.646">
  <scavenger-info tenureage="1" tenuremask="7ffe" tiltratio="68" />
  <memory-copied type="nursery" objects="1459551" bytes="76247240" bytesdiscarded="92728" />
  <memory-copied type="tenure" objects="1304648" bytes="74286304" bytesdiscarded="38536" />
  <finalization candidates="110" enqueued="53" />
  <references type="soft" candidates="14" cleared="0" enqueued="0" dynamicThreshold="12" maxThreshold="32" />
  <references type="weak" candidates="1" cleared="0" enqueued="0" />
  <references type="phantom" candidates="95" cleared="7" enqueued="7" />
  <object-monitors candidates="2" cleared="0"  />
</gc-op>
<gc-end id="5685" type="scavenge" contextid="5681" durationms="90.356" usertimems="357.389" systemtimems="0.000" stalltimems="2.221" timestamp="2022-02-08T18:57:08.646" activeThreads="4">
  <mem-info id="5686" free="200744400" total="1073741824" percent="18">
    <mem type="nursery" free="106701952" total="268435456" percent="39">
      <mem type="allocate" free="106701952" total="183042048" percent="58" />
      <mem type="survivor" free="0" total="85393408" percent="0" />
    </mem>
    <mem type="tenure" free="94042448" total="805306368" percent="11" macro-fragmented="69015248">
      <mem type="soa" free="85988688" total="797252608" percent="10" />
      <mem type="loa" free="8053760" total="8053760" percent="100" />
    </mem>
    <pending-finalizers system="52" default="1" reference="7" classloader="0" />
    <remembered-set count="129" />
  </mem-info>
</gc-end>
<cycle-end id="5687" type="scavenge" contextid="5681" timestamp="2022-02-08T18:57:08.646" />
<allocation-satisfied id="5688" threadId="0000000000016F00" bytesRequested="128" />
<af-end id="5689" timestamp="2022-02-08T18:57:08.646" threadId="0000000000017908" success="true" from="nursery"/>
<exclusive-end id="5690" timestamp="2022-02-08T18:57:08.646" durationms="90.662" />

<concurrent-kickoff id="5691" timestamp="2022-02-08T18:57:09.346">
  <kickoff reason="threshold reached" targetBytes="74449920" thresholdFreeBytes="5769131"  remainingFree="5710976" tenureFreeBytes="94042448" nurseryFreeBytes="5710976" />
</concurrent-kickoff>
<exclusive-start id="5692" timestamp="2022-02-08T18:57:09.349" intervalms="793.475">
  <response-info timems="0.018" idlems="0.018" threads="0" lastid="0000000000016F00" lastname="main" />
</exclusive-start>
<cycle-start id="5693" type="global" contextid="0" timestamp="2022-02-08T18:57:09.349" intervalms="3733.992" />
<concurrent-start id="5694" type="global mark" contextid="5693" timestamp="2022-02-08T18:57:09.349">
</concurrent-start>
<exclusive-end id="5695" timestamp="2022-02-08T18:57:09.349" durationms="0.027" />

<exclusive-start id="5696" timestamp="2022-02-08T18:57:09.473" intervalms="123.727">
  <response-info timems="0.018" idlems="0.018" threads="0" lastid="0000000000016F00" lastname="main" />
</exclusive-start>
<af-start id="5697" threadId="0000000000017908" totalBytesRequested="64" timestamp="2022-02-08T18:57:09.473" intervalms="917.200" type="nursery" />
<cycle-start id="5698" type="scavenge" contextid="0" timestamp="2022-02-08T18:57:09.473" intervalms="917.199" />
<gc-start id="5699" type="scavenge" contextid="5698" timestamp="2022-02-08T18:57:09.473">
  <mem-info id="5700" free="94042448" total="1073741824" percent="8">
    <mem type="nursery" free="0" total="268435456" percent="0">
      <mem type="allocate" free="0" total="183042048" percent="0" />
      <mem type="survivor" free="0" total="85393408" percent="0" />
    </mem>
    <mem type="tenure" free="94042448" total="805306368" percent="11">
      <mem type="soa" free="85988688" total="797252608" percent="10" />
      <mem type="loa" free="8053760" total="8053760" percent="100" />
    </mem>
    <remembered-set count="130" />
  </mem-info>
</gc-start>
<allocation-stats totalBytes="106652760" >
  <allocated-bytes non-tlh="128" tlh="106652632" />
  <largest-consumer threadName="main" threadId="0000000000016F00" bytes="106644568" />
</allocation-stats>
<gc-op id="5701" type="scavenge" timems="95.632" contextid="5698" timestamp="2022-02-08T18:57:09.569">
  <scavenger-info tenureage="1" tenuremask="7ffe" tiltratio="68" />
  <memory-copied type="nursery" objects="1369785" bytes="75959392" bytesdiscarded="200096" />
  <memory-copied type="tenure" objects="1458840" bytes="75779384" bytesdiscarded="36568" />
  <finalization candidates="57" enqueued="0" />
  <object-monitors candidates="2" cleared="0"  />
</gc-op>
<gc-end id="5702" type="scavenge" contextid="5698" durationms="95.756" usertimems="377.446" systemtimems="0.991" stalltimems="2.435" timestamp="2022-02-08T18:57:09.569" activeThreads="4">
  <mem-info id="5703" free="125830856" total="1073741824" percent="11">
    <mem type="nursery" free="107537920" total="268435456" percent="40">
      <mem type="allocate" free="107537920" total="183697408" percent="58" />
      <mem type="survivor" free="0" total="84738048" percent="0" />
    </mem>
    <mem type="tenure" free="18292936" total="805306368" percent="2" macro-fragmented="17029135">
      <mem type="soa" free="10239176" total="797252608" percent="1" />
      <mem type="loa" free="8053760" total="8053760" percent="100" />
    </mem>
    <remembered-set count="103" />
  </mem-info>
</gc-end>
<cycle-end id="5704" type="scavenge" contextid="5698" timestamp="2022-02-08T18:57:09.569" />
<allocation-satisfied id="5705" threadId="0000000000016F00" bytesRequested="64" />
<af-end id="5706" timestamp="2022-02-08T18:57:09.569" threadId="0000000000017908" success="true" from="nursery"/>
<exclusive-end id="5707" timestamp="2022-02-08T18:57:09.569" durationms="96.010" />

<concurrent-end id="5708" type="global mark" contextid="5693" timestamp="2022-02-08T18:57:09.696">
<gc-op id="5709" type="trace" timems="346.935" contextid="5693" timestamp="2022-02-08T18:57:09.696">
  <trace bytesTraced="74450760" workStackOverflowCount="0" />
  <card-cleaning reason="card cleaning threshold reached" bytesTraced="904" cardsCleaned="2" />
</gc-op>
</concurrent-end>

<exclusive-start id="5710" timestamp="2022-02-08T18:57:09.696" intervalms="223.278">
  <response-info timems="0.018" idlems="0.018" threads="0" lastid="0000000000016F00" lastname="main" />
</exclusive-start>
<concurrent-global-final id="5711" timestamp="2022-02-08T18:57:09.696" contextid="5693" intervalms="3741.779" >
  <concurrent-trace-info reason="card cleaning threshold reached" tracedByMutators="56043800" tracedByHelpers="18407864" cardsCleaned="2" workStackOverflowCount="0" />
</concurrent-global-final>
<gc-start id="5712" type="global" contextid="5693" timestamp="2022-02-08T18:57:09.696">
  <mem-info id="5713" free="118916744" total="1073741824" percent="11">
    <mem type="nursery" free="100623808" total="268435456" percent="37">
      <mem type="allocate" free="100623808" total="183697408" percent="54" />
      <mem type="survivor" free="0" total="84738048" percent="0" />
    </mem>
    <mem type="tenure" free="18292936" total="805306368" percent="2">
      <mem type="soa" free="10239176" total="797252608" percent="1" />
      <mem type="loa" free="8053760" total="8053760" percent="100" />
    </mem>
    <remembered-set count="103" />
  </mem-info>
</gc-start>
<allocation-stats totalBytes="6910744" >
  <allocated-bytes non-tlh="64" tlh="6910680" />
  <largest-consumer threadName="main" threadId="0000000000016F00" bytes="6910744" />
</allocation-stats>
<gc-op id="5714" type="rs-scan" timems="1.059" contextid="5693" timestamp="2022-02-08T18:57:09.697">
  <scan objectsFound="0" bytesTraced="3836" workStackOverflowCount="0" />
</gc-op>
<gc-op id="5715" type="card-cleaning" timems="145.519" contextid="5693" timestamp="2022-02-08T18:57:09.843">
  <card-cleaning cardsCleaned="10" bytesTraced="71018272" workStackOverflowCount="0" />
</gc-op>
<gc-op id="5716" type="mark" timems="66.916" contextid="5693" timestamp="2022-02-08T18:57:09.910">
  <trace-info objectcount="2398482" scancount="1800389" scanbytes="38476008" />
  <finalization candidates="428" enqueued="57" />
  <ownableSynchronizers candidates="1" cleared="0" />
  <references type="soft" candidates="894" cleared="0" enqueued="0" dynamicThreshold="12" maxThreshold="32" />
  <references type="weak" candidates="1701" cleared="0" enqueued="0" />
  <references type="phantom" candidates="52" cleared="2" enqueued="2" />
  <stringconstants candidates="6470" cleared="0"  />
  <object-monitors candidates="2" cleared="0"  />
</gc-op>
<gc-op id="5717" type="sweep" timems="6.638" contextid="5693" timestamp="2022-02-08T18:57:09.917" />
<gc-end id="5718" type="global" contextid="5693" durationms="220.327" usertimems="236.300" systemtimems="0.984" stalltimems="200.297" timestamp="2022-02-08T18:57:09.917" activeThreads="4">
  <mem-info id="5719" free="362123000" total="1073741824" percent="33">
    <mem type="nursery" free="100915880" total="268435456" percent="37">
      <mem type="allocate" free="100915880" total="183697408" percent="54" />
      <mem type="survivor" free="0" total="84738048" percent="0" />
    </mem>
    <mem type="tenure" free="261207120" total="805306368" percent="32" micro-fragmented="339577" macro-fragmented="0">
      <mem type="soa" free="253153360" total="797252608" percent="31" />
      <mem type="loa" free="8053760" total="8053760" percent="100" />
    </mem>
    <pending-finalizers system="57" default="0" reference="2" classloader="0" />
    <remembered-set count="103" />
  </mem-info>
</gc-end>
<cycle-end id="5720" type="global" contextid="5693" timestamp="2022-02-08T18:57:09.917" />
<exclusive-end id="5721" timestamp="2022-02-08T18:57:09.917" durationms="220.552" />

<exclusive-start id="5722" timestamp="2022-02-08T18:57:10.541" intervalms="844.386">
  <response-info timems="0.017" idlems="0.017" threads="0" lastid="0000000000016F00" lastname="main" />
</exclusive-start>
<af-start id="5723" threadId="0000000000017908" totalBytesRequested="112" timestamp="2022-02-08T18:57:10.541" intervalms="1067.664" type="nursery" />
<cycle-start id="5724" type="scavenge" contextid="0" timestamp="2022-02-08T18:57:10.541" intervalms="1067.666" />
<gc-start id="5725" type="scavenge" contextid="5724" timestamp="2022-02-08T18:57:10.541">
  <mem-info id="5726" free="261207120" total="1073741824" percent="24">
    <mem type="nursery" free="0" total="268435456" percent="0">
      <mem type="allocate" free="0" total="183697408" percent="0" />
      <mem type="survivor" free="0" total="84738048" percent="0" />
    </mem>
    <mem type="tenure" free="261207120" total="805306368" percent="32">
      <mem type="soa" free="253153360" total="797252608" percent="31" />
      <mem type="loa" free="8053760" total="8053760" percent="100" />
    </mem>
    <remembered-set count="106" />
  </mem-info>
</gc-start>
<allocation-stats totalBytes="100866984" >
  <allocated-bytes non-tlh="0" tlh="100866984" />
  <largest-consumer threadName="main" threadId="0000000000016F00" bytes="100862888" />
</allocation-stats>
<gc-op id="5727" type="scavenge" timems="90.229" contextid="5724" timestamp="2022-02-08T18:57:10.631">
  <scavenger-info tenureage="1" tenuremask="7ffe" tiltratio="68" />
  <memory-copied type="nursery" objects="1356546" bytes="76546344" bytesdiscarded="164904" />
  <memory-copied type="tenure" objects="1369784" bytes="75959352" bytesdiscarded="46912" />
  <ownableSynchronizers candidates="2" cleared="2" />
  <object-monitors candidates="2" cleared="0"  />
</gc-op>
<gc-end id="5728" type="scavenge" contextid="5724" durationms="90.403" usertimems="356.240" systemtimems="0.000" stalltimems="2.115" timestamp="2022-02-08T18:57:10.631" activeThreads="4">
  <mem-info id="5729" free="293185176" total="1073741824" percent="27">
    <mem type="nursery" free="108100272" total="268435456" percent="40">
      <mem type="allocate" free="108100272" total="184811520" percent="58" />
      <mem type="survivor" free="0" total="83623936" percent="0" />
    </mem>
    <mem type="tenure" free="185084904" total="805306368" percent="22" macro-fragmented="0">
      <mem type="soa" free="177031144" total="797252608" percent="22" />
      <mem type="loa" free="8053760" total="8053760" percent="100" />
    </mem>
    <remembered-set count="105" />
  </mem-info>
</gc-end>
<cycle-end id="5730" type="scavenge" contextid="5724" timestamp="2022-02-08T18:57:10.631" />
<allocation-satisfied id="5731" threadId="0000000000016F00" bytesRequested="112" />
<af-end id="5732" timestamp="2022-02-08T18:57:10.631" threadId="0000000000017908" success="true" from="nursery"/>
<exclusive-end id="5733" timestamp="2022-02-08T18:57:10.631" durationms="90.688" />

</verbosegc>

