<?xml version="1.0" ?>

<verbosegc xmlns="http://www.ibm.com/j9/verbosegc" version="a784f9a9d54_CMPRSS">

<initialized id="1" timestamp="2022-02-08T17:20:58.230">
  <attribute name="gcPolicy" value="-Xgcpolicy:gencon" />
  <attribute name="maxHeapSize" value="0x40000000" />
  <attribute name="initialHeapSize" value="0x40000000" />
  <attribute name="compressedRefs" value="true" />
  <attribute name="compressedRefsDisplacement" value="0x0" />
  <attribute name="compressedRefsShift" value="0x0" />
  <attribute name="pageSize" value="0x1000" />
  <attribute name="pageType" value="not used" />
  <attribute name="requestedPageSize" value="0x1000" />
  <attribute name="requestedPageType" value="not used" />
  <attribute name="gcthreads" value="4" />
  <attribute name="gcthreads Concurrent Mark" value="1" />
  <attribute name="packetListSplit" value="1" />
  <attribute name="cacheListSplit" value="1" />
  <attribute name="splitFreeListSplitAmount" value="1" />
  <attribute name="numaNodes" value="0" />
  <system>
    <attribute name="physicalMemory" value="10477432832" />
    <attribute name="numCPUs" value="4" />
    <attribute name="architecture" value="amd64" />
    <attribute name="os" value="Linux" />
    <attribute name="osVersion" value="4.15.0-167-generic" />
  </system>
  <vmargs>
    <vmarg name="-Xoptionsfile=/home/keithc/space/openj9/jdk11/build/normal/images/jdk/lib/options.default" />
    <vmarg name="-Xlockword:mode=default,noLockword=java/lang/String,noLockword=java/util/MapEntry,noLockword=java/util/HashMap$Entry,noLockword..." />
    <vmarg name="-Xjcl:jclse29" />
    <vmarg name="-Dcom.ibm.oti.vm.bootstrap.library.path=/home/keithc/space/openj9/jdk11/build/normal/images/jdk/lib/default:/home/keithc/space/..." />
    <vmarg name="-Dsun.boot.library.path=/home/keithc/space/openj9/jdk11/build/normal/images/jdk/lib/default:/home/keithc/space/openj9/jdk11/bui..." />
    <vmarg name="-Djava.library.path=/home/keithc/space/openj9/jdk11/build/normal/images/jdk/lib/default:/home/keithc/space/openj9/jdk11/build/n..." />
    <vmarg name="-Djava.home=/home/keithc/space/openj9/jdk11/build/normal/images/jdk" />
    <vmarg name="-Duser.dir=/home/keithc/space/openj9/issue-14193" />
    <vmarg name="-agentlib:jdwp=transport=dt_socket,suspend=y,address=localhost:46433" />
    <vmarg name="-Xgcpolicy:gencon" />
    <vmarg name="-Xverbosegclog" />
    <vmarg name="-Xdump:none" />
    <vmarg name="-Xdump:java:events=abort" />
    <vmarg name="-Xms1024M" />
    <vmarg name="-Xmx1024M" />
    <vmarg name="--add-exports=openj9.dtfj/com.ibm.dtfj.image.j9=test.ras" />
    <vmarg name="-javaagent:/home/keithc/eclipse/2021-12/eclipse/configuration/org.eclipse.osgi/180/0/.cp/lib/javaagent-shaded.jar" />
    <vmarg name="-Dfile.encoding=UTF-8" />
    <vmarg name="--module-path=/home/keithc/space/openj9/issue-14193/bin" />
    <vmarg name="-Djdk.module.main=test.ras" />
    <vmarg name="-Dsun.java.command=test.ras/test.TestRAS data/core.testSystemDumpNullFile.1643155017633.dmp" />
    <vmarg name="-Dsun.java.launcher=SUN_STANDARD" />
    <vmarg name="-Dsun.java.launcher.pid=5702" />
  </vmargs>
</initialized>

<exclusive-start id="2" timestamp="2022-02-08T17:21:00.372" intervalms="2141.675">
  <response-info timems="0.016" idlems="0.016" threads="0" lastid="0000000000016F00" lastname="main" />
</exclusive-start>
<af-start id="3" threadId="0000000000017908" totalBytesRequested="16" timestamp="2022-02-08T17:21:00.372" intervalms="2141.727" type="nursery" />
<cycle-start id="4" type="scavenge" contextid="0" timestamp="2022-02-08T17:21:00.372" intervalms="2141.754" />
<gc-start id="5" type="scavenge" contextid="4" timestamp="2022-02-08T17:21:00.372">
  <mem-info id="6" free="804593584" total="1073741824" percent="74">
    <mem type="nursery" free="0" total="268435456" percent="0">
      <mem type="allocate" free="0" total="134217728" percent="0" />
      <mem type="survivor" free="0" total="134217728" percent="0" />
    </mem>
    <mem type="tenure" free="804593584" total="805306368" percent="99">
      <mem type="soa" free="764327856" total="765040640" percent="99" />
      <mem type="loa" free="40265728" total="40265728" percent="100" />
    </mem>
    <remembered-set count="8719" />
  </mem-info>
</gc-start>
<allocation-stats totalBytes="134864312" >
  <allocated-bytes non-tlh="3155944" tlh="131708368" />
  <largest-consumer threadName="main" threadId="0000000000016F00" bytes="134746808" />
</allocation-stats>
<gc-op id="7" type="scavenge" timems="84.138" contextid="4" timestamp="2022-02-08T17:21:00.456">
  <scavenger-info tenureage="1" tenuremask="fffe" tiltratio="50" />
  <memory-copied type="nursery" objects="1617819" bytes="88185840" bytesdiscarded="161032" />
  <finalization candidates="223" enqueued="19" />
  <ownableSynchronizers candidates="3" cleared="2" />
  <references type="soft" candidates="275" cleared="0" enqueued="0" dynamicThreshold="32" maxThreshold="32" />
  <references type="weak" candidates="2517" cleared="875" enqueued="628" />
  <references type="phantom" candidates="113" cleared="41" enqueued="41" />
  <object-monitors candidates="3" cleared="1"  />
</gc-op>
<gc-end id="8" type="scavenge" contextid="4" durationms="84.267" usertimems="211.345" systemtimems="0.331" stalltimems="22.088" timestamp="2022-02-08T17:21:00.456" activeThreads="4">
  <mem-info id="9" free="850461400" total="1073741824" percent="79">
    <mem type="nursery" free="45867816" total="268435456" percent="17">
      <mem type="allocate" free="45867816" total="134217728" percent="34" />
      <mem type="survivor" free="0" total="134217728" percent="0" />
    </mem>
    <mem type="tenure" free="804593584" total="805306368" percent="99">
      <mem type="soa" free="764327856" total="765040640" percent="99" />
      <mem type="loa" free="40265728" total="40265728" percent="100" />
    </mem>
    <pending-finalizers system="18" default="1" reference="669" classloader="0" />
    <remembered-set count="8719" />
  </mem-info>
</gc-end>
<cycle-end id="10" type="scavenge" contextid="4" timestamp="2022-02-08T17:21:00.456" />
<allocation-satisfied id="11" threadId="0000000000016F00" bytesRequested="16" />
<af-end id="12" timestamp="2022-02-08T17:21:00.456" threadId="0000000000017908" success="true" from="nursery"/>
<exclusive-end id="13" timestamp="2022-02-08T17:21:00.456" durationms="84.527" />

<exclusive-start id="14" timestamp="2022-02-08T17:21:00.749" intervalms="377.741">
  <response-info timems="0.022" idlems="0.022" threads="0" lastid="0000000000016F00" lastname="main" />
</exclusive-start>
<af-start id="15" threadId="0000000000017908" totalBytesRequested="192" timestamp="2022-02-08T17:21:00.749" intervalms="377.734" type="nursery" />
<cycle-start id="16" type="scavenge" contextid="0" timestamp="2022-02-08T17:21:00.749" intervalms="377.730" />
<gc-start id="17" type="scavenge" contextid="16" timestamp="2022-02-08T17:21:00.749">
  <mem-info id="18" free="804593480" total="1073741824" percent="74">
    <mem type="nursery" free="0" total="268435456" percent="0">
      <mem type="allocate" free="0" total="134217728" percent="0" />
      <mem type="survivor" free="0" total="134217728" percent="0" />
    </mem>
    <mem type="tenure" free="804593480" total="805306368" percent="99">
      <mem type="soa" free="764327752" total="765040640" percent="99" />
      <mem type="loa" free="40265728" total="40265728" percent="100" />
    </mem>
    <remembered-set count="8720" />
  </mem-info>
</gc-start>
<allocation-stats totalBytes="45845272" >
  <allocated-bytes non-tlh="120" tlh="45845152" />
  <largest-consumer threadName="main" threadId="0000000000016F00" bytes="45780392" />
</allocation-stats>
<gc-op id="19" type="scavenge" timems="68.210" contextid="16" timestamp="2022-02-08T17:21:00.818">
  <scavenger-info tenureage="1" tenuremask="7ffe" tiltratio="50" />
  <memory-copied type="nursery" objects="571052" bytes="32605488" bytesdiscarded="178232" />
  <memory-copied type="tenure" objects="1616374" bytes="87966576" bytesdiscarded="42096" />
  <finalization candidates="204" enqueued="0" />
  <ownableSynchronizers candidates="1" cleared="0" />
  <object-monitors candidates="24" cleared="22"  />
</gc-op>
<gc-end id="20" type="scavenge" contextid="16" durationms="68.342" usertimems="258.148" systemtimems="6.491" stalltimems="1.728" timestamp="2022-02-08T17:21:00.818" activeThreads="4">
  <mem-info id="21" free="817741232" total="1073741824" percent="76">
    <mem type="nursery" free="101434000" total="268435456" percent="37">
      <mem type="allocate" free="101434000" total="134217728" percent="75" />
      <mem type="survivor" free="0" total="134217728" percent="0" />
    </mem>
    <mem type="tenure" free="716307232" total="805306368" percent="88">
      <mem type="soa" free="676041504" total="765040640" percent="88" />
      <mem type="loa" free="40265728" total="40265728" percent="100" />
    </mem>
    <remembered-set count="8913" />
  </mem-info>
</gc-end>
<cycle-end id="22" type="scavenge" contextid="16" timestamp="2022-02-08T17:21:00.818" />
<allocation-satisfied id="23" threadId="0000000000016F00" bytesRequested="192" />
<af-end id="24" timestamp="2022-02-08T17:21:00.818" threadId="0000000000017908" success="true" from="nursery"/>
<exclusive-end id="25" timestamp="2022-02-08T17:21:00.818" durationms="68.620" />

<exclusive-start id="26" timestamp="2022-02-08T17:21:01.488" intervalms="738.664">
  <response-info timems="0.051" idlems="0.051" threads="0" lastid="0000000000016F00" lastname="main" />
</exclusive-start>
<af-start id="27" threadId="0000000000017908" totalBytesRequested="208" timestamp="2022-02-08T17:21:01.488" intervalms="738.666" type="nursery" />
<cycle-start id="28" type="scavenge" contextid="0" timestamp="2022-02-08T17:21:01.488" intervalms="738.666" />
<gc-start id="29" type="scavenge" contextid="28" timestamp="2022-02-08T17:21:01.488">
  <mem-info id="30" free="716307232" total="1073741824" percent="66">
    <mem type="nursery" free="0" total="268435456" percent="0">
      <mem type="allocate" free="0" total="134217728" percent="0" />
      <mem type="survivor" free="0" total="134217728" percent="0" />
    </mem>
    <mem type="tenure" free="716307232" total="805306368" percent="88">
      <mem type="soa" free="676041504" total="765040640" percent="88" />
      <mem type="loa" free="40265728" total="40265728" percent="100" />
    </mem>
    <remembered-set count="8913" />
  </mem-info>
</gc-start>
<allocation-stats totalBytes="101387536" >
  <allocated-bytes non-tlh="192" tlh="101387344" />
  <largest-consumer threadName="main" threadId="0000000000016F00" bytes="101387536" />
</allocation-stats>
<gc-op id="31" type="scavenge" timems="62.942" contextid="28" timestamp="2022-02-08T17:21:01.551">
  <scavenger-info tenureage="1" tenuremask="7ffe" tiltratio="50" />
  <memory-copied type="nursery" objects="1262141" bytes="72045720" bytesdiscarded="147816" />
  <memory-copied type="tenure" objects="571051" bytes="32605384" bytesdiscarded="18160" />
  <object-monitors candidates="2" cleared="0"  />
</gc-op>
<gc-end id="32" type="scavenge" contextid="28" durationms="63.055" usertimems="241.755" systemtimems="3.074" stalltimems="3.414" timestamp="2022-02-08T17:21:01.551" activeThreads="4">
  <mem-info id="33" free="745760888" total="1073741824" percent="69">
    <mem type="nursery" free="62024192" total="268435456" percent="23">
      <mem type="allocate" free="62024192" total="134217728" percent="46" />
      <mem type="survivor" free="0" total="134217728" percent="0" />
    </mem>
    <mem type="tenure" free="683736696" total="805306368" percent="84">
      <mem type="soa" free="643470968" total="765040640" percent="84" />
      <mem type="loa" free="40265728" total="40265728" percent="100" />
    </mem>
    <remembered-set count="104" />
  </mem-info>
</gc-end>
<cycle-end id="34" type="scavenge" contextid="28" timestamp="2022-02-08T17:21:01.551" />
<allocation-satisfied id="35" threadId="0000000000016F00" bytesRequested="208" />
<af-end id="36" timestamp="2022-02-08T17:21:01.551" threadId="0000000000017908" success="true" from="nursery"/>
<exclusive-end id="37" timestamp="2022-02-08T17:21:01.551" durationms="63.311" />

<exclusive-start id="38" timestamp="2022-02-08T17:21:02.003" intervalms="515.072">
  <response-info timems="0.048" idlems="0.048" threads="0" lastid="0000000000016F00" lastname="main" />
</exclusive-start>
<af-start id="39" threadId="0000000000017908" totalBytesRequested="368" timestamp="2022-02-08T17:21:02.003" intervalms="515.082" type="nursery" />
<cycle-start id="40" type="scavenge" contextid="0" timestamp="2022-02-08T17:21:02.003" intervalms="515.081" />
<gc-start id="41" type="scavenge" contextid="40" timestamp="2022-02-08T17:21:02.003">
  <mem-info id="42" free="683736696" total="1073741824" percent="63">
    <mem type="nursery" free="0" total="268435456" percent="0">
      <mem type="allocate" free="0" total="134217728" percent="0" />
      <mem type="survivor" free="0" total="134217728" percent="0" />
    </mem>
    <mem type="tenure" free="683736696" total="805306368" percent="84">
      <mem type="soa" free="643470968" total="765040640" percent="84" />
      <mem type="loa" free="40265728" total="40265728" percent="100" />
    </mem>
    <remembered-set count="118" />
  </mem-info>
</gc-start>
<allocation-stats totalBytes="61997544" >
  <allocated-bytes non-tlh="453912" tlh="61543632" />
  <largest-consumer threadName="main" threadId="0000000000016F00" bytes="61997544" />
</allocation-stats>
<gc-op id="43" type="scavenge" timems="63.294" contextid="40" timestamp="2022-02-08T17:21:02.066">
  <scavenger-info tenureage="1" tenuremask="7ffe" tiltratio="50" />
  <memory-copied type="nursery" objects="808008" bytes="44285120" bytesdiscarded="52168" />
  <memory-copied type="tenure" objects="1262140" bytes="72045608" bytesdiscarded="35864" />
  <finalization candidates="30" enqueued="18" />
  <references type="phantom" candidates="30" cleared="0" enqueued="0" />
  <object-monitors candidates="2" cleared="0"  />
</gc-op>
<gc-end id="44" type="scavenge" contextid="40" durationms="63.393" usertimems="230.014" systemtimems="2.044" stalltimems="4.555" timestamp="2022-02-08T17:21:02.067" activeThreads="4">
  <mem-info id="45" free="701644624" total="1073741824" percent="65">
    <mem type="nursery" free="89880440" total="268435456" percent="33">
      <mem type="allocate" free="89880440" total="134217728" percent="66" />
      <mem type="survivor" free="0" total="134217728" percent="0" />
    </mem>
    <mem type="tenure" free="611764184" total="805306368" percent="75">
      <mem type="soa" free="571498456" total="765040640" percent="74" />
      <mem type="loa" free="40265728" total="40265728" percent="100" />
    </mem>
    <pending-finalizers system="18" default="0" reference="0" classloader="0" />
    <remembered-set count="117" />
  </mem-info>
</gc-end>
<cycle-end id="46" type="scavenge" contextid="40" timestamp="2022-02-08T17:21:02.067" />
<allocation-satisfied id="47" threadId="0000000000016F00" bytesRequested="368" />
<af-end id="48" timestamp="2022-02-08T17:21:02.067" threadId="0000000000017908" success="true" from="nursery"/>
<exclusive-end id="49" timestamp="2022-02-08T17:21:02.067" durationms="63.687" />

<exclusive-start id="50" timestamp="2022-02-08T17:21:03.667" intervalms="1663.877">
  <response-info timems="0.067" idlems="0.067" threads="0" lastid="0000000000016F00" lastname="main" />
</exclusive-start>
<af-start id="51" threadId="0000000000017908" totalBytesRequested="72" timestamp="2022-02-08T17:21:03.667" intervalms="1663.870" type="nursery" />
<cycle-start id="52" type="scavenge" contextid="0" timestamp="2022-02-08T17:21:03.667" intervalms="1663.871" />
<gc-start id="53" type="scavenge" contextid="52" timestamp="2022-02-08T17:21:03.667">
  <mem-info id="54" free="611717320" total="1073741824" percent="56">
    <mem type="nursery" free="0" total="268435456" percent="0">
      <mem type="allocate" free="0" total="134217728" percent="0" />
      <mem type="survivor" free="0" total="134217728" percent="0" />
    </mem>
    <mem type="tenure" free="611717320" total="805306368" percent="75">
      <mem type="soa" free="571451592" total="765040640" percent="74" />
      <mem type="loa" free="40265728" total="40265728" percent="100" />
    </mem>
    <remembered-set count="790" />
  </mem-info>
</gc-start>
<allocation-stats totalBytes="89901672" >
  <allocated-bytes non-tlh="1488448" tlh="88413224" />
  <largest-consumer threadName="main" threadId="0000000000016F00" bytes="89897576" />
</allocation-stats>
<gc-op id="55" type="scavenge" timems="51.212" contextid="52" timestamp="2022-02-08T17:21:03.718">
  <scavenger-info tenureage="1" tenuremask="7ffe" tiltratio="50" />
  <memory-copied type="nursery" objects="585463" bytes="23083928" bytesdiscarded="81312" />
  <memory-copied type="tenure" objects="807708" bytes="43672184" bytesdiscarded="23128" />
  <finalization candidates="145" enqueued="36" />
  <references type="soft" candidates="775" cleared="0" enqueued="0" dynamicThreshold="32" maxThreshold="32" />
  <references type="weak" candidates="273" cleared="121" enqueued="115" />
  <references type="phantom" candidates="76" cleared="7" enqueued="7" />
  <object-monitors candidates="2" cleared="0"  />
</gc-op>
<gc-end id="56" type="scavenge" contextid="52" durationms="51.325" usertimems="199.664" systemtimems="0.000" stalltimems="5.609" timestamp="2022-02-08T17:21:03.718" activeThreads="4">
  <mem-info id="57" free="678888888" total="1073741824" percent="63">
    <mem type="nursery" free="111052312" total="268435456" percent="41">
      <mem type="allocate" free="111052312" total="134217728" percent="82" />
      <mem type="survivor" free="0" total="134217728" percent="0" />
    </mem>
    <mem type="tenure" free="567836576" total="805306368" percent="70">
      <mem type="soa" free="527570848" total="765040640" percent="68" />
      <mem type="loa" free="40265728" total="40265728" percent="100" />
    </mem>
    <pending-finalizers system="34" default="2" reference="122" classloader="0" />
    <remembered-set count="778" />
  </mem-info>
</gc-end>
<cycle-end id="58" type="scavenge" contextid="52" timestamp="2022-02-08T17:21:03.719" />
<allocation-satisfied id="59" threadId="0000000000016F00" bytesRequested="72" />
<af-end id="60" timestamp="2022-02-08T17:21:03.719" threadId="0000000000017908" success="true" from="nursery"/>
<exclusive-end id="61" timestamp="2022-02-08T17:21:03.719" durationms="51.597" />

<exclusive-start id="62" timestamp="2022-02-08T17:21:04.491" intervalms="823.623">
  <response-info timems="0.020" idlems="0.020" threads="0" lastid="0000000000016F00" lastname="main" />
</exclusive-start>
<af-start id="63" threadId="0000000000017908" totalBytesRequested="184" timestamp="2022-02-08T17:21:04.491" intervalms="823.619" type="nursery" />
<cycle-start id="64" type="scavenge" contextid="0" timestamp="2022-02-08T17:21:04.491" intervalms="823.618" />
<gc-start id="65" type="scavenge" contextid="64" timestamp="2022-02-08T17:21:04.491">
  <mem-info id="66" free="567836576" total="1073741824" percent="52">
    <mem type="nursery" free="0" total="268435456" percent="0">
      <mem type="allocate" free="0" total="134217728" percent="0" />
      <mem type="survivor" free="0" total="134217728" percent="0" />
    </mem>
    <mem type="tenure" free="567836576" total="805306368" percent="70">
      <mem type="soa" free="527570848" total="765040640" percent="68" />
      <mem type="loa" free="40265728" total="40265728" percent="100" />
    </mem>
    <remembered-set count="782" />
  </mem-info>
</gc-start>
<allocation-stats totalBytes="110999944" >
  <allocated-bytes non-tlh="1347752" tlh="109652192" />
  <largest-consumer threadName="main" threadId="0000000000016F00" bytes="110991752" />
</allocation-stats>
<gc-op id="67" type="scavenge" timems="72.592" contextid="64" timestamp="2022-02-08T17:21:04.563">
  <scavenger-info tenureage="1" tenuremask="7ffe" tiltratio="50" />
  <memory-copied type="nursery" objects="1383588" bytes="79417512" bytesdiscarded="130232" />
  <memory-copied type="tenure" objects="584531" bytes="22271152" bytesdiscarded="9040" />
  <finalization candidates="98" enqueued="0" />
  <references type="phantom" candidates="1" cleared="0" enqueued="0" />
  <object-monitors candidates="2" cleared="0"  />
</gc-op>
<gc-end id="68" type="scavenge" contextid="64" durationms="72.690" usertimems="212.562" systemtimems="3.571" stalltimems="6.113" timestamp="2022-02-08T17:21:04.563" activeThreads="4">
  <mem-info id="69" free="600156880" total="1073741824" percent="55">
    <mem type="nursery" free="54669984" total="268435456" percent="20">
      <mem type="allocate" free="54669984" total="134217728" percent="40" />
      <mem type="survivor" free="0" total="134217728" percent="0" />
    </mem>
    <mem type="tenure" free="545486896" total="805306368" percent="67">
      <mem type="soa" free="505221168" total="765040640" percent="66" />
      <mem type="loa" free="40265728" total="40265728" percent="100" />
    </mem>
    <remembered-set count="702" />
  </mem-info>
</gc-end>
<cycle-end id="70" type="scavenge" contextid="64" timestamp="2022-02-08T17:21:04.563" />
<allocation-satisfied id="71" threadId="0000000000016F00" bytesRequested="184" />
<af-end id="72" timestamp="2022-02-08T17:21:04.564" threadId="0000000000017908" success="true" from="nursery"/>
<exclusive-end id="73" timestamp="2022-02-08T17:21:04.564" durationms="72.994" />

<exclusive-start id="74" timestamp="2022-02-08T17:21:04.917" intervalms="426.808">
  <response-info timems="0.017" idlems="0.017" threads="0" lastid="0000000000016F00" lastname="main" />
</exclusive-start>
<af-start id="75" threadId="0000000000017908" totalBytesRequested="208" timestamp="2022-02-08T17:21:04.917" intervalms="426.805" type="nursery" />
<cycle-start id="76" type="scavenge" contextid="0" timestamp="2022-02-08T17:21:04.917" intervalms="426.804" />
<gc-start id="77" type="scavenge" contextid="76" timestamp="2022-02-08T17:21:04.917">
  <mem-info id="78" free="545486896" total="1073741824" percent="50">
    <mem type="nursery" free="0" total="268435456" percent="0">
      <mem type="allocate" free="0" total="134217728" percent="0" />
      <mem type="survivor" free="0" total="134217728" percent="0" />
    </mem>
    <mem type="tenure" free="545486896" total="805306368" percent="67">
      <mem type="soa" free="505221168" total="765040640" percent="66" />
      <mem type="loa" free="40265728" total="40265728" percent="100" />
    </mem>
    <remembered-set count="702" />
  </mem-info>
</gc-start>
<allocation-stats totalBytes="54642464" >
  <allocated-bytes non-tlh="184" tlh="54642280" />
  <largest-consumer threadName="main" threadId="0000000000016F00" bytes="54642464" />
</allocation-stats>
<gc-op id="79" type="scavenge" timems="69.554" contextid="76" timestamp="2022-02-08T17:21:04.987">
  <scavenger-info tenureage="1" tenuremask="7ffe" tiltratio="50" />
  <memory-copied type="nursery" objects="689745" bytes="38878000" bytesdiscarded="243152" />
  <memory-copied type="tenure" objects="1383587" bytes="79417408" bytesdiscarded="43424" />
  <finalization candidates="1" enqueued="0" />
  <object-monitors candidates="2" cleared="0"  />
</gc-op>
<gc-end id="80" type="scavenge" contextid="76" durationms="69.696" usertimems="224.632" systemtimems="0.000" stalltimems="13.484" timestamp="2022-02-08T17:21:04.987" activeThreads="4">
  <mem-info id="81" free="561316792" total="1073741824" percent="52">
    <mem type="nursery" free="95096576" total="268435456" percent="35">
      <mem type="allocate" free="95096576" total="134217728" percent="70" />
      <mem type="survivor" free="0" total="134217728" percent="0" />
    </mem>
    <mem type="tenure" free="466220216" total="805306368" percent="57">
      <mem type="soa" free="425954488" total="765040640" percent="55" />
      <mem type="loa" free="40265728" total="40265728" percent="100" />
    </mem>
    <remembered-set count="104" />
  </mem-info>
</gc-end>
<cycle-end id="82" type="scavenge" contextid="76" timestamp="2022-02-08T17:21:04.987" />
<allocation-satisfied id="83" threadId="0000000000016F00" bytesRequested="208" />
<af-end id="84" timestamp="2022-02-08T17:21:04.987" threadId="0000000000017908" success="true" from="nursery"/>
<exclusive-end id="85" timestamp="2022-02-08T17:21:04.987" durationms="69.980" />

<exclusive-start id="86" timestamp="2022-02-08T17:21:05.569" intervalms="651.683">
  <response-info timems="0.017" idlems="0.017" threads="0" lastid="0000000000016F00" lastname="main" />
</exclusive-start>
<af-start id="87" threadId="0000000000017908" totalBytesRequested="200" timestamp="2022-02-08T17:21:05.569" intervalms="651.695" type="nursery" />
<cycle-start id="88" type="scavenge" contextid="0" timestamp="2022-02-08T17:21:05.569" intervalms="651.695" />
<gc-start id="89" type="scavenge" contextid="88" timestamp="2022-02-08T17:21:05.569">
  <mem-info id="90" free="466220216" total="1073741824" percent="43">
    <mem type="nursery" free="0" total="268435456" percent="0">
      <mem type="allocate" free="0" total="134217728" percent="0" />
      <mem type="survivor" free="0" total="134217728" percent="0" />
    </mem>
    <mem type="tenure" free="466220216" total="805306368" percent="57">
      <mem type="soa" free="425954488" total="765040640" percent="55" />
      <mem type="loa" free="40265728" total="40265728" percent="100" />
    </mem>
    <remembered-set count="104" />
  </mem-info>
</gc-start>
<allocation-stats totalBytes="95051128" >
  <allocated-bytes non-tlh="208" tlh="95050920" />
  <largest-consumer threadName="main" threadId="0000000000016F00" bytes="95051128" />
</allocation-stats>
<gc-op id="91" type="scavenge" timems="55.708" contextid="88" timestamp="2022-02-08T17:21:05.625">
  <scavenger-info tenureage="1" tenuremask="7ffe" tiltratio="50" />
  <memory-copied type="nursery" objects="1179621" bytes="67522840" bytesdiscarded="149336" />
  <memory-copied type="tenure" objects="689744" bytes="38877888" bytesdiscarded="20440" />
  <object-monitors candidates="2" cleared="0"  />
</gc-op>
<gc-end id="92" type="scavenge" contextid="88" durationms="55.835" usertimems="210.931" systemtimems="4.394" stalltimems="5.525" timestamp="2022-02-08T17:21:05.625" activeThreads="4">
  <mem-info id="93" free="498806696" total="1073741824" percent="46">
    <mem type="nursery" free="71460752" total="268435456" percent="26">
      <mem type="allocate" free="71460752" total="139132928" percent="51" />
      <mem type="survivor" free="0" total="129302528" percent="0" />
    </mem>
    <mem type="tenure" free="427345944" total="805306368" percent="53">
      <mem type="soa" free="387080216" total="765040640" percent="50" />
      <mem type="loa" free="40265728" total="40265728" percent="100" />
    </mem>
    <remembered-set count="104" />
  </mem-info>
</gc-end>
<cycle-end id="94" type="scavenge" contextid="88" timestamp="2022-02-08T17:21:05.625" />
<allocation-satisfied id="95" threadId="0000000000016F00" bytesRequested="200" />
<af-end id="96" timestamp="2022-02-08T17:21:05.625" threadId="0000000000017908" success="true" from="nursery"/>
<exclusive-end id="97" timestamp="2022-02-08T17:21:05.625" durationms="56.094" />

<exclusive-start id="98" timestamp="2022-02-08T17:21:06.259" intervalms="689.578">
  <response-info timems="0.056" idlems="0.056" threads="0" lastid="0000000000016F00" lastname="main" />
</exclusive-start>
<af-start id="99" threadId="0000000000017908" totalBytesRequested="104" timestamp="2022-02-08T17:21:06.259" intervalms="689.587" type="nursery" />
<cycle-start id="100" type="scavenge" contextid="0" timestamp="2022-02-08T17:21:06.259" intervalms="689.590" />
<gc-start id="101" type="scavenge" contextid="100" timestamp="2022-02-08T17:21:06.259">
  <mem-info id="102" free="427345944" total="1073741824" percent="39">
    <mem type="nursery" free="0" total="268435456" percent="0">
      <mem type="allocate" free="0" total="139132928" percent="0" />
      <mem type="survivor" free="0" total="129302528" percent="0" />
    </mem>
    <mem type="tenure" free="427345944" total="805306368" percent="53">
      <mem type="soa" free="387080216" total="765040640" percent="50" />
      <mem type="loa" free="40265728" total="40265728" percent="100" />
    </mem>
    <remembered-set count="135" />
  </mem-info>
</gc-start>
<allocation-stats totalBytes="71432648" >
  <allocated-bytes non-tlh="848904" tlh="70583744" />
  <largest-consumer threadName="main" threadId="0000000000016F00" bytes="71432648" />
</allocation-stats>
<gc-op id="103" type="scavenge" timems="64.130" contextid="100" timestamp="2022-02-08T17:21:06.323">
  <scavenger-info tenureage="1" tenuremask="7ffe" tiltratio="51" />
  <memory-copied type="nursery" objects="1013046" bytes="50149328" bytesdiscarded="169616" />
  <memory-copied type="tenure" objects="1179620" bytes="67522728" bytesdiscarded="35080" />
  <finalization candidates="83" enqueued="45" />
  <references type="soft" candidates="14" cleared="0" enqueued="0" dynamicThreshold="32" maxThreshold="32" />
  <references type="weak" candidates="1" cleared="0" enqueued="0" />
  <references type="phantom" candidates="68" cleared="7" enqueued="7" />
  <object-monitors candidates="2" cleared="0"  />
</gc-op>
<gc-end id="104" type="scavenge" contextid="100" durationms="64.276" usertimems="241.982" systemtimems="3.189" stalltimems="1.967" timestamp="2022-02-08T17:21:06.323" activeThreads="4">
  <mem-info id="105" free="459675168" total="1073741824" percent="42">
    <mem type="nursery" free="100086048" total="268435456" percent="37">
      <mem type="allocate" free="100086048" total="150405120" percent="66" />
      <mem type="survivor" free="0" total="118030336" percent="0" />
    </mem>
    <mem type="tenure" free="359589120" total="805306368" percent="44">
      <mem type="soa" free="319323392" total="765040640" percent="41" />
      <mem type="loa" free="40265728" total="40265728" percent="100" />
    </mem>
    <pending-finalizers system="44" default="1" reference="7" classloader="0" />
    <remembered-set count="131" />
  </mem-info>
</gc-end>
<cycle-end id="106" type="scavenge" contextid="100" timestamp="2022-02-08T17:21:06.323" />
<allocation-satisfied id="107" threadId="0000000000016F00" bytesRequested="104" />
<af-end id="108" timestamp="2022-02-08T17:21:06.323" threadId="0000000000017908" success="true" from="nursery"/>
<exclusive-end id="109" timestamp="2022-02-08T17:21:06.323" durationms="64.665" />

<exclusive-start id="110" timestamp="2022-02-08T17:21:07.020" intervalms="761.854">
  <response-info timems="0.019" idlems="0.019" threads="0" lastid="0000000000016F00" lastname="main" />
</exclusive-start>
<af-start id="111" threadId="0000000000017908" totalBytesRequested="112" timestamp="2022-02-08T17:21:07.021" intervalms="761.837" type="nursery" />
<cycle-start id="112" type="scavenge" contextid="0" timestamp="2022-02-08T17:21:07.021" intervalms="761.834" />
<gc-start id="113" type="scavenge" contextid="112" timestamp="2022-02-08T17:21:07.021">
  <mem-info id="114" free="359589120" total="1073741824" percent="33">
    <mem type="nursery" free="0" total="268435456" percent="0">
      <mem type="allocate" free="0" total="150405120" percent="0" />
      <mem type="survivor" free="0" total="118030336" percent="0" />
    </mem>
    <mem type="tenure" free="359589120" total="805306368" percent="44">
      <mem type="soa" free="319323392" total="765040640" percent="41" />
      <mem type="loa" free="40265728" total="40265728" percent="100" />
    </mem>
    <remembered-set count="132" />
  </mem-info>
</gc-start>
<allocation-stats totalBytes="100038488" >
  <allocated-bytes non-tlh="2160224" tlh="97878264" />
  <largest-consumer threadName="main" threadId="0000000000016F00" bytes="100030296" />
</allocation-stats>
<gc-op id="115" type="scavenge" timems="61.440" contextid="112" timestamp="2022-02-08T17:21:07.082">
  <scavenger-info tenureage="1" tenuremask="7ffe" tiltratio="56" />
  <memory-copied type="nursery" objects="1239900" bytes="70961512" bytesdiscarded="213416" />
  <memory-copied type="tenure" objects="1012417" bytes="49747624" bytesdiscarded="23688" />
  <finalization candidates="65" enqueued="8" />
  <references type="phantom" candidates="27" cleared="0" enqueued="0" />
  <object-monitors candidates="2" cleared="0"  />
</gc-op>
<gc-end id="116" type="scavenge" contextid="112" durationms="61.719" usertimems="233.900" systemtimems="7.272" stalltimems="3.835" timestamp="2022-02-08T17:21:07.082" activeThreads="4">
  <mem-info id="117" free="404282192" total="1073741824" percent="37">
    <mem type="nursery" free="94303472" total="268435456" percent="35">
      <mem type="allocate" free="94303472" total="165478400" percent="56" />
      <mem type="survivor" free="0" total="102957056" percent="0" />
    </mem>
    <mem type="tenure" free="309978720" total="805306368" percent="38" macro-fragmented="247294192">
      <mem type="soa" free="269712992" total="765040640" percent="35" />
      <mem type="loa" free="40265728" total="40265728" percent="100" />
    </mem>
    <pending-finalizers system="8" default="0" reference="0" classloader="0" />
    <remembered-set count="103" />
  </mem-info>
</gc-end>
<cycle-end id="118" type="scavenge" contextid="112" timestamp="2022-02-08T17:21:07.083" />
<allocation-satisfied id="119" threadId="0000000000016F00" bytesRequested="112" />
<af-end id="120" timestamp="2022-02-08T17:21:07.083" threadId="0000000000017908" success="true" from="nursery"/>
<exclusive-end id="121" timestamp="2022-02-08T17:21:07.083" durationms="62.091" />

<exclusive-start id="122" timestamp="2022-02-08T17:21:07.735" intervalms="714.136">
  <response-info timems="0.019" idlems="0.019" threads="0" lastid="0000000000016F00" lastname="main" />
</exclusive-start>
<af-start id="123" threadId="0000000000017908" totalBytesRequested="200" timestamp="2022-02-08T17:21:07.735" intervalms="714.135" type="nursery" />
<cycle-start id="124" type="scavenge" contextid="0" timestamp="2022-02-08T17:21:07.735" intervalms="714.136" />
<gc-start id="125" type="scavenge" contextid="124" timestamp="2022-02-08T17:21:07.735">
  <mem-info id="126" free="309978720" total="1073741824" percent="28">
    <mem type="nursery" free="0" total="268435456" percent="0">
      <mem type="allocate" free="0" total="165478400" percent="0" />
      <mem type="survivor" free="0" total="102957056" percent="0" />
    </mem>
    <mem type="tenure" free="309978720" total="805306368" percent="38">
      <mem type="soa" free="269712992" total="765040640" percent="35" />
      <mem type="loa" free="40265728" total="40265728" percent="100" />
    </mem>
    <remembered-set count="103" />
  </mem-info>
</gc-start>
<allocation-stats totalBytes="94260600" >
  <allocated-bytes non-tlh="112" tlh="94260488" />
  <largest-consumer threadName="main" threadId="0000000000016F00" bytes="94256504" />
</allocation-stats>
<gc-op id="127" type="scavenge" timems="69.055" contextid="124" timestamp="2022-02-08T17:21:07.804">
  <scavenger-info tenureage="1" tenuremask="7ffe" tiltratio="61" />
  <memory-copied type="nursery" objects="1229577" bytes="67192232" bytesdiscarded="256040" />
  <memory-copied type="tenure" objects="1239804" bytes="70892712" bytesdiscarded="36296" />
  <finalization candidates="19" enqueued="0" />
  <object-monitors candidates="2" cleared="0"  />
</gc-op>
<gc-end id="128" type="scavenge" contextid="124" durationms="69.327" usertimems="254.837" systemtimems="16.039" stalltimems="3.145" timestamp="2022-02-08T17:21:07.804" activeThreads="4">
  <mem-info id="129" free="342281184" total="1073741824" percent="31">
    <mem type="nursery" free="103338544" total="268435456" percent="38">
      <mem type="allocate" free="103338544" total="170786816" percent="60" />
      <mem type="survivor" free="0" total="97648640" percent="0" />
    </mem>
    <mem type="tenure" free="238942640" total="805306368" percent="29" macro-fragmented="0">
      <mem type="soa" free="198676912" total="765040640" percent="25" />
      <mem type="loa" free="40265728" total="40265728" percent="100" />
    </mem>
    <remembered-set count="102" />
  </mem-info>
</gc-end>
<cycle-end id="130" type="scavenge" contextid="124" timestamp="2022-02-08T17:21:07.804" />
<allocation-satisfied id="131" threadId="0000000000016F00" bytesRequested="200" />
<af-end id="132" timestamp="2022-02-08T17:21:07.804" threadId="0000000000017908" success="true" from="nursery"/>
<exclusive-end id="133" timestamp="2022-02-08T17:21:07.804" durationms="69.581" />

<exclusive-start id="134" timestamp="2022-02-08T17:21:08.433" intervalms="698.586">
  <response-info timems="0.017" idlems="0.017" threads="0" lastid="0000000000016F00" lastname="main" />
</exclusive-start>
<af-start id="135" threadId="0000000000017908" totalBytesRequested="16" timestamp="2022-02-08T17:21:08.433" intervalms="698.614" type="nursery" />
<cycle-start id="136" type="scavenge" contextid="0" timestamp="2022-02-08T17:21:08.433" intervalms="698.811" />
<gc-start id="137" type="scavenge" contextid="136" timestamp="2022-02-08T17:21:08.434">
  <mem-info id="138" free="238942640" total="1073741824" percent="22">
    <mem type="nursery" free="0" total="268435456" percent="0">
      <mem type="allocate" free="0" total="170786816" percent="0" />
      <mem type="survivor" free="0" total="97648640" percent="0" />
    </mem>
    <mem type="tenure" free="238942640" total="805306368" percent="29">
      <mem type="soa" free="198676912" total="765040640" percent="25" />
      <mem type="loa" free="40265728" total="40265728" percent="100" />
    </mem>
    <remembered-set count="102" />
  </mem-info>
</gc-start>
<allocation-stats totalBytes="103292160" >
  <allocated-bytes non-tlh="200" tlh="103291960" />
  <largest-consumer threadName="main" threadId="0000000000016F00" bytes="103292160" />
</allocation-stats>
<gc-op id="139" type="scavenge" timems="71.716" contextid="136" timestamp="2022-02-08T17:21:08.505">
  <scavenger-info tenureage="1" tenuremask="7ffe" tiltratio="63" />
  <memory-copied type="nursery" objects="1292471" bytes="73445224" bytesdiscarded="215808" />
  <memory-copied type="tenure" objects="1229576" bytes="67192120" bytesdiscarded="33920" />
  <object-monitors candidates="2" cleared="0"  />
</gc-op>
<gc-end id="140" type="scavenge" contextid="136" durationms="72.022" usertimems="277.239" systemtimems="4.634" stalltimems="2.097" timestamp="2022-02-08T17:21:08.506" activeThreads="4">
  <mem-info id="141" free="278212568" total="1073741824" percent="25">
    <mem type="nursery" free="106366360" total="268435456" percent="39">
      <mem type="allocate" free="106366360" total="180027392" percent="59" />
      <mem type="survivor" free="0" total="88408064" percent="0" />
    </mem>
    <mem type="tenure" free="171846208" total="805306368" percent="21" macro-fragmented="0">
      <mem type="soa" free="131580480" total="765040640" percent="17" />
      <mem type="loa" free="40265728" total="40265728" percent="100" />
    </mem>
    <remembered-set count="102" />
  </mem-info>
</gc-end>
<cycle-end id="142" type="scavenge" contextid="136" timestamp="2022-02-08T17:21:08.506" />
<allocation-satisfied id="143" threadId="0000000000016F00" bytesRequested="16" />
<af-end id="144" timestamp="2022-02-08T17:21:08.506" threadId="0000000000017908" success="true" from="nursery"/>
<exclusive-end id="145" timestamp="2022-02-08T17:21:08.506" durationms="72.609" />

<concurrent-kickoff id="146" timestamp="2022-02-08T17:21:09.187">
  <kickoff reason="threshold reached" targetBytes="239014924" thresholdFreeBytes="33024922"  remainingFree="32946816" tenureFreeBytes="171846208" nurseryFreeBytes="32946816" />
</concurrent-kickoff>
<exclusive-start id="147" timestamp="2022-02-08T17:21:09.191" intervalms="757.670">
  <response-info timems="0.018" idlems="0.018" threads="0" lastid="0000000000016F00" lastname="main" />
</exclusive-start>
<cycle-start id="148" type="global" contextid="0" timestamp="2022-02-08T17:21:09.191" intervalms="10961.026" />
<concurrent-start id="149" type="global mark" contextid="148" timestamp="2022-02-08T17:21:09.191">
</concurrent-start>
<exclusive-end id="150" timestamp="2022-02-08T17:21:09.191" durationms="0.078" />

<concurrent-end id="151" type="global mark" contextid="148" timestamp="2022-02-08T17:21:09.517">
<gc-op id="152" type="trace" timems="326.387" contextid="148" timestamp="2022-02-08T17:21:09.517">
  <trace bytesTraced="74510140" workStackOverflowCount="0" />
  <card-cleaning reason="card cleaning threshold reached" bytesTraced="1000" cardsCleaned="2" />
</gc-op>
</concurrent-end>

<exclusive-start id="153" timestamp="2022-02-08T17:21:09.517" intervalms="326.503">
  <response-info timems="0.019" idlems="0.019" threads="0" lastid="0000000000016F00" lastname="main" />
</exclusive-start>
<concurrent-global-final id="154" timestamp="2022-02-08T17:21:09.517" contextid="148" intervalms="11287.511" >
  <concurrent-trace-info reason="card cleaning threshold reached" tracedByMutators="63481688" tracedByHelpers="11029452" cardsCleaned="2" workStackOverflowCount="0" />
</concurrent-global-final>
<gc-start id="155" type="global" contextid="148" timestamp="2022-02-08T17:21:09.517">
  <mem-info id="156" free="179019640" total="1073741824" percent="16">
    <mem type="nursery" free="7173432" total="268435456" percent="2">
      <mem type="allocate" free="7173432" total="180027392" percent="3" />
      <mem type="survivor" free="0" total="88408064" percent="0" />
    </mem>
    <mem type="tenure" free="171846208" total="805306368" percent="21">
      <mem type="soa" free="131580480" total="765040640" percent="17" />
      <mem type="loa" free="40265728" total="40265728" percent="100" />
    </mem>
    <remembered-set count="133" />
  </mem-info>
</gc-start>
<allocation-stats totalBytes="99149696" >
  <allocated-bytes non-tlh="2841464" tlh="96308232" />
  <largest-consumer threadName="main" threadId="0000000000016F00" bytes="99149696" />
</allocation-stats>
<gc-op id="157" type="rs-scan" timems="125.579" contextid="148" timestamp="2022-02-08T17:21:09.643">
  <scan objectsFound="3324845" bytesTraced="71015300" workStackOverflowCount="0" />
</gc-op>
<gc-op id="158" type="card-cleaning" timems="0.270" contextid="148" timestamp="2022-02-08T17:21:09.643">
  <card-cleaning cardsCleaned="2" bytesTraced="696" workStackOverflowCount="0" />
</gc-op>
<gc-op id="159" type="mark" timems="27.436" contextid="148" timestamp="2022-02-08T17:21:09.671">
  <trace-info objectcount="719216" scancount="541022" scanbytes="11616528" />
  <finalization candidates="481" enqueued="110" />
  <ownableSynchronizers candidates="1" cleared="0" />
  <references type="soft" candidates="1063" cleared="0" enqueued="0" dynamicThreshold="32" maxThreshold="32" />
  <references type="weak" candidates="1793" cleared="92" enqueued="46" />
  <references type="phantom" candidates="119" cleared="11" enqueued="11" />
  <stringconstants candidates="6463" cleared="1"  />
  <object-monitors candidates="2" cleared="0"  />
</gc-op>
<gc-op id="160" type="classunload" timems="0.005" contextid="148" timestamp="2022-02-08T17:21:09.671">
  <classunload-info classloadercandidates="6" classloadersunloaded="0" classesunloaded="0" anonymousclassesunloaded="0" quiescems="0.000" setupms="0.004" scanms="0.001" postms="0.000" />
</gc-op>
<gc-op id="161" type="sweep" timems="15.311" contextid="148" timestamp="2022-02-08T17:21:09.686" />
<gc-end id="162" type="global" contextid="148" durationms="168.805" usertimems="185.370" systemtimems="0.808" stalltimems="111.566" timestamp="2022-02-08T17:21:09.686" activeThreads="4">
  <mem-info id="163" free="427466240" total="1073741824" percent="39">
    <mem type="nursery" free="10503040" total="268435456" percent="3">
      <mem type="allocate" free="10503040" total="180027392" percent="5" />
      <mem type="survivor" free="0" total="88408064" percent="0" />
    </mem>
    <mem type="tenure" free="416963200" total="805306368" percent="51" micro-fragmented="180615" macro-fragmented="0">
      <mem type="soa" free="376697472" total="765040640" percent="49" />
      <mem type="loa" free="40265728" total="40265728" percent="100" />
    </mem>
    <pending-finalizers system="109" default="1" reference="57" classloader="0" />
    <remembered-set count="112" />
  </mem-info>
</gc-end>
<cycle-end id="164" type="global" contextid="148" timestamp="2022-02-08T17:21:09.686" />
<exclusive-end id="165" timestamp="2022-02-08T17:21:09.686" durationms="169.008" />

<exclusive-start id="166" timestamp="2022-02-08T17:21:09.755" intervalms="237.621">
  <response-info timems="0.019" idlems="0.019" threads="0" lastid="0000000000016F00" lastname="main" />
</exclusive-start>
<af-start id="167" threadId="0000000000017908" totalBytesRequested="200" timestamp="2022-02-08T17:21:09.755" intervalms="1321.790" type="nursery" />
<cycle-start id="168" type="scavenge" contextid="0" timestamp="2022-02-08T17:21:09.755" intervalms="1321.607" />
<gc-start id="169" type="scavenge" contextid="168" timestamp="2022-02-08T17:21:09.755">
  <mem-info id="170" free="416963152" total="1073741824" percent="38">
    <mem type="nursery" free="0" total="268435456" percent="0">
      <mem type="allocate" free="0" total="180027392" percent="0" />
      <mem type="survivor" free="0" total="88408064" percent="0" />
    </mem>
    <mem type="tenure" free="416963152" total="805306368" percent="51">
      <mem type="soa" free="376697424" total="765040640" percent="49" />
      <mem type="loa" free="40265728" total="40265728" percent="100" />
    </mem>
    <remembered-set count="165" />
  </mem-info>
</gc-start>
<allocation-stats totalBytes="10488080" >
  <allocated-bytes non-tlh="48" tlh="10488032" />
  <largest-consumer threadName="main" threadId="0000000000016F00" bytes="10477032" />
</allocation-stats>
<gc-op id="171" type="scavenge" timems="74.162" contextid="168" timestamp="2022-02-08T17:21:09.829">
  <scavenger-info tenureage="1" tenuremask="7ffe" tiltratio="67" />
  <memory-copied type="nursery" objects="1456599" bytes="76485376" bytesdiscarded="269672" />
  <memory-copied type="tenure" objects="1292471" bytes="73445224" bytesdiscarded="38416" />
  <finalization candidates="57" enqueued="0" />
  <ownableSynchronizers candidates="2" cleared="2" />
  <references type="soft" candidates="14" cleared="0" enqueued="0" dynamicThreshold="16" maxThreshold="32" />
  <references type="weak" candidates="1" cleared="0" enqueued="0" />
  <references type="phantom" candidates="31" cleared="1" enqueued="1" />
  <object-monitors candidates="2" cleared="0"  />
</gc-op>
<gc-end id="172" type="scavenge" contextid="168" durationms="74.371" usertimems="291.975" systemtimems="0.000" stalltimems="2.355" timestamp="2022-02-08T17:21:09.830" activeThreads="4">
  <mem-info id="173" free="448551576" total="1073741824" percent="41">
    <mem type="nursery" free="105238360" total="268435456" percent="39">
      <mem type="allocate" free="105238360" total="181993472" percent="57" />
      <mem type="survivor" free="0" total="86441984" percent="0" />
    </mem>
    <mem type="tenure" free="343313216" total="805306368" percent="42" macro-fragmented="0">
      <mem type="soa" free="303047488" total="765040640" percent="39" />
      <mem type="loa" free="40265728" total="40265728" percent="100" />
    </mem>
    <pending-finalizers system="0" default="0" reference="1" classloader="0" />
    <remembered-set count="162" />
  </mem-info>
</gc-end>
<cycle-end id="174" type="scavenge" contextid="168" timestamp="2022-02-08T17:21:09.830" />
<allocation-satisfied id="175" threadId="0000000000016F00" bytesRequested="200" />
<af-end id="176" timestamp="2022-02-08T17:21:09.830" threadId="0000000000017908" success="true" from="nursery"/>
<exclusive-end id="177" timestamp="2022-02-08T17:21:09.830" durationms="74.701" />

<exclusive-start id="178" timestamp="2022-02-08T17:21:10.541" intervalms="786.213">
  <response-info timems="0.020" idlems="0.020" threads="0" lastid="0000000000016F00" lastname="main" />
</exclusive-start>
<af-start id="179" threadId="0000000000017908" totalBytesRequested="200" timestamp="2022-02-08T17:21:10.541" intervalms="786.188" type="nursery" />
<cycle-start id="180" type="scavenge" contextid="0" timestamp="2022-02-08T17:21:10.541" intervalms="786.173" />
<gc-start id="181" type="scavenge" contextid="180" timestamp="2022-02-08T17:21:10.541">
  <mem-info id="182" free="343313216" total="1073741824" percent="31">
    <mem type="nursery" free="0" total="268435456" percent="0">
      <mem type="allocate" free="0" total="181993472" percent="0" />
      <mem type="survivor" free="0" total="86441984" percent="0" />
    </mem>
    <mem type="tenure" free="343313216" total="805306368" percent="42">
      <mem type="soa" free="303047488" total="765040640" percent="39" />
      <mem type="loa" free="40265728" total="40265728" percent="100" />
    </mem>
    <remembered-set count="163" />
  </mem-info>
</gc-start>
<allocation-stats totalBytes="105191056" >
  <allocated-bytes non-tlh="200" tlh="105190856" />
  <largest-consumer threadName="main" threadId="0000000000016F00" bytes="105191056" />
</allocation-stats>
<gc-op id="183" type="scavenge" timems="76.387" contextid="180" timestamp="2022-02-08T17:21:10.618">
  <scavenger-info tenureage="1" tenuremask="7ffe" tiltratio="67" />
  <memory-copied type="nursery" objects="1361417" bytes="74967480" bytesdiscarded="356424" />
  <memory-copied type="tenure" objects="1456595" bytes="76485208" bytesdiscarded="38064" />
  <finalization candidates="57" enqueued="0" />
  <object-monitors candidates="2" cleared="0"  />
</gc-op>
<gc-end id="184" type="scavenge" contextid="180" durationms="76.695" usertimems="295.590" systemtimems="4.392" stalltimems="3.648" timestamp="2022-02-08T17:21:10.618" activeThreads="4">
  <mem-info id="185" free="374252088" total="1073741824" percent="34">
    <mem type="nursery" free="107456000" total="268435456" percent="40">
      <mem type="allocate" free="107456000" total="182779904" percent="58" />
      <mem type="survivor" free="0" total="85655552" percent="0" />
    </mem>
    <mem type="tenure" free="266796088" total="805306368" percent="33" macro-fragmented="1250136">
      <mem type="soa" free="226530360" total="765040640" percent="29" />
      <mem type="loa" free="40265728" total="40265728" percent="100" />
    </mem>
    <remembered-set count="153" />
  </mem-info>
</gc-end>
<cycle-end id="186" type="scavenge" contextid="180" timestamp="2022-02-08T17:21:10.618" />
<allocation-satisfied id="187" threadId="0000000000016F00" bytesRequested="200" />
<af-end id="188" timestamp="2022-02-08T17:21:10.618" threadId="0000000000017908" success="true" from="nursery"/>
<exclusive-end id="189" timestamp="2022-02-08T17:21:10.618" durationms="76.973" />

<exclusive-start id="190" timestamp="2022-02-08T17:21:11.269" intervalms="728.239">
  <response-info timems="0.021" idlems="0.021" threads="0" lastid="0000000000016F00" lastname="main" />
</exclusive-start>
<af-start id="191" threadId="0000000000017908" totalBytesRequested="40" timestamp="2022-02-08T17:21:11.269" intervalms="728.240" type="nursery" />
<cycle-start id="192" type="scavenge" contextid="0" timestamp="2022-02-08T17:21:11.270" intervalms="728.242" />
<gc-start id="193" type="scavenge" contextid="192" timestamp="2022-02-08T17:21:11.270">
  <mem-info id="194" free="266796088" total="1073741824" percent="24">
    <mem type="nursery" free="0" total="268435456" percent="0">
      <mem type="allocate" free="0" total="182779904" percent="0" />
      <mem type="survivor" free="0" total="85655552" percent="0" />
    </mem>
    <mem type="tenure" free="266796088" total="805306368" percent="33">
      <mem type="soa" free="226530360" total="765040640" percent="29" />
      <mem type="loa" free="40265728" total="40265728" percent="100" />
    </mem>
    <remembered-set count="153" />
  </mem-info>
</gc-start>
<allocation-stats totalBytes="107407112" >
  <allocated-bytes non-tlh="200" tlh="107406912" />
  <largest-consumer threadName="main" threadId="0000000000016F00" bytes="107407112" />
</allocation-stats>
<gc-op id="195" type="scavenge" timems="78.620" contextid="192" timestamp="2022-02-08T17:21:11.348">
  <scavenger-info tenureage="1" tenuremask="7ffe" tiltratio="68" />
  <memory-copied type="nursery" objects="1343336" bytes="76338744" bytesdiscarded="216736" />
  <memory-copied type="tenure" objects="1361416" bytes="74967368" bytesdiscarded="38800" />
  <object-monitors candidates="2" cleared="0"  />
</gc-op>
<gc-end id="196" type="scavenge" contextid="192" durationms="78.976" usertimems="311.797" systemtimems="0.330" stalltimems="1.482" timestamp="2022-02-08T17:21:11.349" activeThreads="4">
  <mem-info id="197" free="299395368" total="1073741824" percent="27">
    <mem type="nursery" free="107600680" total="268435456" percent="40">
      <mem type="allocate" free="107600680" total="184156160" percent="58" />
      <mem type="survivor" free="0" total="84279296" percent="0" />
    </mem>
    <mem type="tenure" free="191794688" total="805306368" percent="23" macro-fragmented="0">
      <mem type="soa" free="151528960" total="765040640" percent="19" />
      <mem type="loa" free="40265728" total="40265728" percent="100" />
    </mem>
    <remembered-set count="102" />
  </mem-info>
</gc-end>
<cycle-end id="198" type="scavenge" contextid="192" timestamp="2022-02-08T17:21:11.349" />
<allocation-satisfied id="199" threadId="0000000000016F00" bytesRequested="40" />
<af-end id="200" timestamp="2022-02-08T17:21:11.349" threadId="0000000000017908" success="true" from="nursery"/>
<exclusive-end id="201" timestamp="2022-02-08T17:21:11.349" durationms="79.322" />

<concurrent-kickoff id="202" timestamp="2022-02-08T17:21:12.102">
  <kickoff reason="threshold reached" targetBytes="204761355" thresholdFreeBytes="27415974"  remainingFree="27329064" tenureFreeBytes="191794688" nurseryFreeBytes="27329064" />
</concurrent-kickoff>
<exclusive-start id="203" timestamp="2022-02-08T17:21:12.106" intervalms="836.532">
  <response-info timems="0.048" idlems="0.048" threads="0" lastid="0000000000016F00" lastname="main" />
</exclusive-start>
<cycle-start id="204" type="global" contextid="0" timestamp="2022-02-08T17:21:12.106" intervalms="2915.067" />
<concurrent-start id="205" type="global mark" contextid="204" timestamp="2022-02-08T17:21:12.106">
</concurrent-start>
<exclusive-end id="206" timestamp="2022-02-08T17:21:12.106" durationms="0.031" />

<concurrent-end id="207" type="global mark" contextid="204" timestamp="2022-02-08T17:21:12.423">
<gc-op id="208" type="trace" timems="317.158" contextid="204" timestamp="2022-02-08T17:21:12.423">
  <trace bytesTraced="74510764" workStackOverflowCount="0" />
  <card-cleaning reason="card cleaning threshold reached" bytesTraced="1000" cardsCleaned="2" />
</gc-op>
</concurrent-end>

<exclusive-start id="209" timestamp="2022-02-08T17:21:12.423" intervalms="317.229">
  <response-info timems="0.017" idlems="0.017" threads="0" lastid="0000000000016F00" lastname="main" />
</exclusive-start>
<concurrent-global-final id="210" timestamp="2022-02-08T17:21:12.423" contextid="204" intervalms="2905.826" >
  <concurrent-trace-info reason="card cleaning threshold reached" tracedByMutators="53498784" tracedByHelpers="21012980" cardsCleaned="2" workStackOverflowCount="0" />
</concurrent-global-final>
<gc-start id="211" type="global" contextid="204" timestamp="2022-02-08T17:21:12.423">
  <mem-info id="212" free="193171496" total="1073741824" percent="17">
    <mem type="nursery" free="1376808" total="268435456" percent="0">
      <mem type="allocate" free="1376808" total="184156160" percent="0" />
      <mem type="survivor" free="0" total="84279296" percent="0" />
    </mem>
    <mem type="tenure" free="191794688" total="805306368" percent="23">
      <mem type="soa" free="151528960" total="765040640" percent="19" />
      <mem type="loa" free="40265728" total="40265728" percent="100" />
    </mem>
    <remembered-set count="132" />
  </mem-info>
</gc-start>
<allocation-stats totalBytes="106179064" >
  <allocated-bytes non-tlh="1661184" tlh="104517880" />
  <largest-consumer threadName="main" threadId="0000000000016F00" bytes="106179064" />
</allocation-stats>
<gc-op id="213" type="rs-scan" timems="140.642" contextid="204" timestamp="2022-02-08T17:21:12.564">
  <scan objectsFound="3324841" bytesTraced="71015204" workStackOverflowCount="0" />
</gc-op>
<gc-op id="214" type="card-cleaning" timems="0.322" contextid="204" timestamp="2022-02-08T17:21:12.564">
  <card-cleaning cardsCleaned="1" bytesTraced="512" workStackOverflowCount="0" />
</gc-op>
<gc-op id="215" type="mark" timems="18.084" contextid="204" timestamp="2022-02-08T17:21:12.582">
  <trace-info objectcount="572648" scancount="431092" scanbytes="9270920" />
  <finalization candidates="480" enqueued="110" />
  <ownableSynchronizers candidates="1" cleared="0" />
  <references type="soft" candidates="1063" cleared="0" enqueued="0" dynamicThreshold="16" maxThreshold="32" />
  <references type="weak" candidates="1701" cleared="0" enqueued="0" />
  <references type="phantom" candidates="115" cleared="8" enqueued="8" />
  <stringconstants candidates="6463" cleared="0"  />
  <object-monitors candidates="2" cleared="0"  />
</gc-op>
<gc-op id="216" type="sweep" timems="4.701" contextid="204" timestamp="2022-02-08T17:21:12.587" />
<gc-end id="217" type="global" contextid="204" durationms="163.961" usertimems="178.501" systemtimems="0.000" stalltimems="53.859" timestamp="2022-02-08T17:21:12.587" activeThreads="4">
  <mem-info id="218" free="438905152" total="1073741824" percent="40">
    <mem type="nursery" free="4224288" total="268435456" percent="1">
      <mem type="allocate" free="4224288" total="184156160" percent="2" />
      <mem type="survivor" free="0" total="84279296" percent="0" />
    </mem>
    <mem type="tenure" free="434680864" total="805306368" percent="53" micro-fragmented="202869" macro-fragmented="0">
      <mem type="soa" free="394415136" total="765040640" percent="51" />
      <mem type="loa" free="40265728" total="40265728" percent="100" />
    </mem>
    <pending-finalizers system="109" default="1" reference="8" classloader="0" />
    <remembered-set count="111" />
  </mem-info>
</gc-end>
<cycle-end id="219" type="global" contextid="204" timestamp="2022-02-08T17:21:12.587" />
<exclusive-end id="220" timestamp="2022-02-08T17:21:12.587" durationms="164.235" />

<exclusive-start id="221" timestamp="2022-02-08T17:21:12.612" intervalms="188.869">
  <response-info timems="0.018" idlems="0.018" threads="0" lastid="0000000000016F00" lastname="main" />
</exclusive-start>
<af-start id="222" threadId="0000000000017908" totalBytesRequested="176" timestamp="2022-02-08T17:21:12.612" intervalms="1342.636" type="nursery" />
<cycle-start id="223" type="scavenge" contextid="0" timestamp="2022-02-08T17:21:12.612" intervalms="1342.635" />
<gc-start id="224" type="scavenge" contextid="223" timestamp="2022-02-08T17:21:12.612">
  <mem-info id="225" free="434680864" total="1073741824" percent="40">
    <mem type="nursery" free="0" total="268435456" percent="0">
      <mem type="allocate" free="0" total="184156160" percent="0" />
      <mem type="survivor" free="0" total="84279296" percent="0" />
    </mem>
    <mem type="tenure" free="434680864" total="805306368" percent="53">
      <mem type="soa" free="394415136" total="765040640" percent="51" />
      <mem type="loa" free="40265728" total="40265728" percent="100" />
    </mem>
    <remembered-set count="113" />
  </mem-info>
</gc-start>
<allocation-stats totalBytes="4212936" >
  <allocated-bytes non-tlh="0" tlh="4212936" />
  <largest-consumer threadName="main" threadId="0000000000016F00" bytes="4205672" />
</allocation-stats>
<gc-op id="226" type="scavenge" timems="76.789" contextid="223" timestamp="2022-02-08T17:21:12.689">
  <scavenger-info tenureage="1" tenuremask="7ffe" tiltratio="68" />
  <memory-copied type="nursery" objects="1494499" bytes="77161776" bytesdiscarded="169928" />
  <memory-copied type="tenure" objects="1343336" bytes="76338744" bytesdiscarded="38456" />
  <finalization candidates="56" enqueued="0" />
  <ownableSynchronizers candidates="2" cleared="2" />
  <references type="soft" candidates="14" cleared="0" enqueued="0" dynamicThreshold="17" maxThreshold="32" />
  <references type="weak" candidates="1" cleared="0" enqueued="0" />
  <references type="phantom" candidates="30" cleared="1" enqueued="1" />
  <object-monitors candidates="2" cleared="0"  />
</gc-op>
<gc-end id="227" type="scavenge" contextid="223" durationms="77.074" usertimems="301.972" systemtimems="0.000" stalltimems="3.253" timestamp="2022-02-08T17:21:12.689" activeThreads="4">
  <mem-info id="228" free="464905096" total="1073741824" percent="43">
    <mem type="nursery" free="106824392" total="268435456" percent="39">
      <mem type="allocate" free="106824392" total="184156160" percent="58" />
      <mem type="survivor" free="0" total="84279296" percent="0" />
    </mem>
    <mem type="tenure" free="358080704" total="805306368" percent="44" macro-fragmented="57512708">
      <mem type="soa" free="317814976" total="765040640" percent="41" />
      <mem type="loa" free="40265728" total="40265728" percent="100" />
    </mem>
    <pending-finalizers system="0" default="0" reference="1" classloader="0" />
    <remembered-set count="111" />
  </mem-info>
</gc-end>
<cycle-end id="229" type="scavenge" contextid="223" timestamp="2022-02-08T17:21:12.689" />
<allocation-satisfied id="230" threadId="0000000000016F00" bytesRequested="176" />
<af-end id="231" timestamp="2022-02-08T17:21:12.689" threadId="0000000000017908" success="true" from="nursery"/>
<exclusive-end id="232" timestamp="2022-02-08T17:21:12.689" durationms="77.386" />

<exclusive-start id="233" timestamp="2022-02-08T17:21:13.400" intervalms="787.619">
  <response-info timems="0.020" idlems="0.020" threads="0" lastid="0000000000016F00" lastname="main" />
</exclusive-start>
<af-start id="234" threadId="0000000000017908" totalBytesRequested="208" timestamp="2022-02-08T17:21:13.400" intervalms="787.613" type="nursery" />
<cycle-start id="235" type="scavenge" contextid="0" timestamp="2022-02-08T17:21:13.400" intervalms="787.656" />
<gc-start id="236" type="scavenge" contextid="235" timestamp="2022-02-08T17:21:13.400">
  <mem-info id="237" free="358080704" total="1073741824" percent="33">
    <mem type="nursery" free="0" total="268435456" percent="0">
      <mem type="allocate" free="0" total="184156160" percent="0" />
      <mem type="survivor" free="0" total="84279296" percent="0" />
    </mem>
    <mem type="tenure" free="358080704" total="805306368" percent="44">
      <mem type="soa" free="317814976" total="765040640" percent="41" />
      <mem type="loa" free="40265728" total="40265728" percent="100" />
    </mem>
    <remembered-set count="112" />
  </mem-info>
</gc-start>
<allocation-stats totalBytes="106774216" >
  <allocated-bytes non-tlh="1347856" tlh="105426360" />
  <largest-consumer threadName="main" threadId="0000000000016F00" bytes="106774216" />
</allocation-stats>
<gc-op id="238" type="scavenge" timems="81.581" contextid="235" timestamp="2022-02-08T17:21:13.481">
  <scavenger-info tenureage="1" tenuremask="7ffe" tiltratio="68" />
  <memory-copied type="nursery" objects="1361934" bytes="76474864" bytesdiscarded="245112" />
  <memory-copied type="tenure" objects="1494487" bytes="76686312" bytesdiscarded="38552" />
  <finalization candidates="57" enqueued="0" />
  <references type="phantom" candidates="1" cleared="0" enqueued="0" />
  <object-monitors candidates="2" cleared="0"  />
</gc-op>
<gc-end id="239" type="scavenge" contextid="235" durationms="81.812" usertimems="320.744" systemtimems="0.000" stalltimems="3.563" timestamp="2022-02-08T17:21:13.482" activeThreads="4">
  <mem-info id="240" free="389101216" total="1073741824" percent="36">
    <mem type="nursery" free="107632792" total="268435456" percent="40">
      <mem type="allocate" free="107632792" total="184352768" percent="58" />
      <mem type="survivor" free="0" total="84082688" percent="0" />
    </mem>
    <mem type="tenure" free="281468424" total="805306368" percent="34" macro-fragmented="171732064">
      <mem type="soa" free="241202696" total="765040640" percent="31" />
      <mem type="loa" free="40265728" total="40265728" percent="100" />
    </mem>
    <remembered-set count="102" />
  </mem-info>
</gc-end>
<cycle-end id="241" type="scavenge" contextid="235" timestamp="2022-02-08T17:21:13.482" />
<allocation-satisfied id="242" threadId="0000000000016F00" bytesRequested="208" />
<af-end id="243" timestamp="2022-02-08T17:21:13.482" threadId="0000000000017908" success="true" from="nursery"/>
<exclusive-end id="244" timestamp="2022-02-08T17:21:13.482" durationms="82.278" />

<exclusive-start id="245" timestamp="2022-02-08T17:21:14.141" intervalms="741.382">
  <response-info timems="0.018" idlems="0.018" threads="0" lastid="0000000000016F00" lastname="main" />
</exclusive-start>
<af-start id="246" threadId="0000000000017908" totalBytesRequested="184" timestamp="2022-02-08T17:21:14.141" intervalms="741.380" type="nursery" />
<cycle-start id="247" type="scavenge" contextid="0" timestamp="2022-02-08T17:21:14.141" intervalms="741.336" />
<gc-start id="248" type="scavenge" contextid="247" timestamp="2022-02-08T17:21:14.141">
  <mem-info id="249" free="281468424" total="1073741824" percent="26">
    <mem type="nursery" free="0" total="268435456" percent="0">
      <mem type="allocate" free="0" total="184352768" percent="0" />
      <mem type="survivor" free="0" total="84082688" percent="0" />
    </mem>
    <mem type="tenure" free="281468424" total="805306368" percent="34">
      <mem type="soa" free="241202696" total="765040640" percent="31" />
      <mem type="loa" free="40265728" total="40265728" percent="100" />
    </mem>
    <remembered-set count="102" />
  </mem-info>
</gc-start>
<allocation-stats totalBytes="107583832" >
  <allocated-bytes non-tlh="208" tlh="107583624" />
  <largest-consumer threadName="main" threadId="0000000000016F00" bytes="107583832" />
</allocation-stats>
<gc-op id="250" type="scavenge" timems="73.755" contextid="247" timestamp="2022-02-08T17:21:14.215">
  <scavenger-info tenureage="1" tenuremask="7ffe" tiltratio="68" />
  <memory-copied type="nursery" objects="1348217" bytes="76486160" bytesdiscarded="121200" />
  <memory-copied type="tenure" objects="1361933" bytes="76474752" bytesdiscarded="40736" />
  <finalization candidates="1" enqueued="0" />
  <object-monitors candidates="2" cleared="0"  />
</gc-op>
<gc-end id="251" type="scavenge" contextid="247" durationms="73.906" usertimems="292.297" systemtimems="0.000" stalltimems="2.027" timestamp="2022-02-08T17:21:14.215" activeThreads="4">
  <mem-info id="252" free="312900872" total="1073741824" percent="29">
    <mem type="nursery" free="108007552" total="268435456" percent="40">
      <mem type="allocate" free="108007552" total="184614912" percent="58" />
      <mem type="survivor" free="0" total="83820544" percent="0" />
    </mem>
    <mem type="tenure" free="204893320" total="805306368" percent="25" macro-fragmented="183049424">
      <mem type="soa" free="164627592" total="765040640" percent="21" />
      <mem type="loa" free="40265728" total="40265728" percent="100" />
    </mem>
    <remembered-set count="102" />
  </mem-info>
</gc-end>
<cycle-end id="253" type="scavenge" contextid="247" timestamp="2022-02-08T17:21:14.215" />
<allocation-satisfied id="254" threadId="0000000000016F00" bytesRequested="184" />
<af-end id="255" timestamp="2022-02-08T17:21:14.215" threadId="0000000000017908" success="true" from="nursery"/>
<exclusive-end id="256" timestamp="2022-02-08T17:21:14.215" durationms="74.174" />

<concurrent-kickoff id="257" timestamp="2022-02-08T17:21:14.912">
  <kickoff reason="threshold reached" targetBytes="177764471" thresholdFreeBytes="22979978"  remainingFree="22911912" tenureFreeBytes="204893320" nurseryFreeBytes="22911912" />
</concurrent-kickoff>
<exclusive-start id="258" timestamp="2022-02-08T17:21:14.919" intervalms="777.726">
  <response-info timems="0.019" idlems="0.019" threads="0" lastid="0000000000016F00" lastname="main" />
</exclusive-start>
<cycle-start id="259" type="global" contextid="0" timestamp="2022-02-08T17:21:14.919" intervalms="2812.821" />
<concurrent-start id="260" type="global mark" contextid="259" timestamp="2022-02-08T17:21:14.919">
</concurrent-start>
<exclusive-end id="261" timestamp="2022-02-08T17:21:14.919" durationms="0.026" />

<concurrent-end id="262" type="global mark" contextid="259" timestamp="2022-02-08T17:21:15.257">
<gc-op id="263" type="trace" timems="337.740" contextid="259" timestamp="2022-02-08T17:21:15.257">
  <trace bytesTraced="74510908" workStackOverflowCount="0" />
  <card-cleaning reason="card cleaning threshold reached" bytesTraced="1184" cardsCleaned="3" />
</gc-op>
</concurrent-end>

<exclusive-start id="264" timestamp="2022-02-08T17:21:15.257" intervalms="337.808">
  <response-info timems="0.016" idlems="0.016" threads="0" lastid="0000000000016F00" lastname="main" />
</exclusive-start>
<concurrent-global-final id="265" timestamp="2022-02-08T17:21:15.257" contextid="259" intervalms="2833.402" >
  <concurrent-trace-info reason="card cleaning threshold reached" tracedByMutators="56442000" tracedByHelpers="18070092" cardsCleaned="3" workStackOverflowCount="0" />
</concurrent-global-final>
<gc-start id="266" type="global" contextid="259" timestamp="2022-02-08T17:21:15.257">
  <mem-info id="267" free="205159688" total="1073741824" percent="19">
    <mem type="nursery" free="266368" total="268435456" percent="0">
      <mem type="allocate" free="266368" total="184614912" percent="0" />
      <mem type="survivor" free="0" total="83820544" percent="0" />
    </mem>
    <mem type="tenure" free="204893320" total="805306368" percent="25">
      <mem type="soa" free="164627592" total="765040640" percent="21" />
      <mem type="loa" free="40265728" total="40265728" percent="100" />
    </mem>
    <remembered-set count="133" />
  </mem-info>
</gc-start>
<allocation-stats totalBytes="107694784" >
  <allocated-bytes non-tlh="1493952" tlh="106200832" />
  <largest-consumer threadName="main" threadId="0000000000016F00" bytes="107694784" />
</allocation-stats>
<gc-op id="268" type="rs-scan" timems="131.346" contextid="259" timestamp="2022-02-08T17:21:15.388">
  <scan objectsFound="3324844" bytesTraced="71015292" workStackOverflowCount="0" />
</gc-op>
<gc-op id="269" type="card-cleaning" timems="0.270" contextid="259" timestamp="2022-02-08T17:21:15.388">
  <card-cleaning cardsCleaned="1" bytesTraced="512" workStackOverflowCount="0" />
</gc-op>
<gc-op id="270" type="mark" timems="11.298" contextid="259" timestamp="2022-02-08T17:21:15.400">
  <trace-info objectcount="378620" scancount="285571" scanbytes="6166472" />
  <finalization candidates="480" enqueued="110" />
  <ownableSynchronizers candidates="1" cleared="0" />
  <references type="soft" candidates="1063" cleared="0" enqueued="0" dynamicThreshold="17" maxThreshold="32" />
  <references type="weak" candidates="1701" cleared="0" enqueued="0" />
  <references type="phantom" candidates="115" cleared="8" enqueued="8" />
  <stringconstants candidates="6463" cleared="0"  />
  <object-monitors candidates="2" cleared="0"  />
</gc-op>
<gc-op id="271" type="sweep" timems="4.603" contextid="259" timestamp="2022-02-08T17:21:15.404" />
<gc-end id="272" type="global" contextid="259" durationms="147.707" usertimems="170.710" systemtimems="0.000" stalltimems="24.651" timestamp="2022-02-08T17:21:15.404" activeThreads="4">
  <mem-info id="273" free="450806480" total="1073741824" percent="41">
    <mem type="nursery" free="3014064" total="268435456" percent="1">
      <mem type="allocate" free="3014064" total="184614912" percent="1" />
      <mem type="survivor" free="0" total="83820544" percent="0" />
    </mem>
    <mem type="tenure" free="447792416" total="805306368" percent="55" micro-fragmented="188302" macro-fragmented="0">
      <mem type="soa" free="407526688" total="765040640" percent="53" />
      <mem type="loa" free="40265728" total="40265728" percent="100" />
    </mem>
    <pending-finalizers system="109" default="1" reference="8" classloader="0" />
    <remembered-set count="112" />
  </mem-info>
</gc-end>
<cycle-end id="274" type="global" contextid="259" timestamp="2022-02-08T17:21:15.405" />
<exclusive-end id="275" timestamp="2022-02-08T17:21:15.405" durationms="147.941" />

<exclusive-start id="276" timestamp="2022-02-08T17:21:15.421" intervalms="164.382">
  <response-info timems="0.018" idlems="0.018" threads="0" lastid="0000000000016F00" lastname="main" />
</exclusive-start>
<af-start id="277" threadId="0000000000017908" totalBytesRequested="192" timestamp="2022-02-08T17:21:15.421" intervalms="1279.908" type="nursery" />
<cycle-start id="278" type="scavenge" contextid="0" timestamp="2022-02-08T17:21:15.421" intervalms="1279.906" />
<gc-start id="279" type="scavenge" contextid="278" timestamp="2022-02-08T17:21:15.421">
  <mem-info id="280" free="447792416" total="1073741824" percent="41">
    <mem type="nursery" free="0" total="268435456" percent="0">
      <mem type="allocate" free="0" total="184614912" percent="0" />
      <mem type="survivor" free="0" total="83820544" percent="0" />
    </mem>
    <mem type="tenure" free="447792416" total="805306368" percent="55">
      <mem type="soa" free="407526688" total="765040640" percent="53" />
      <mem type="loa" free="40265728" total="40265728" percent="100" />
    </mem>
    <remembered-set count="114" />
  </mem-info>
</gc-start>
<allocation-stats totalBytes="3004080" >
  <allocated-bytes non-tlh="0" tlh="3004080" />
  <largest-consumer threadName="main" threadId="0000000000016F00" bytes="2990824" />
</allocation-stats>
<gc-op id="281" type="scavenge" timems="81.565" contextid="278" timestamp="2022-02-08T17:21:15.503">
  <scavenger-info tenureage="1" tenuremask="7ffe" tiltratio="68" />
  <memory-copied type="nursery" objects="1512752" bytes="77390424" bytesdiscarded="111488" />
  <memory-copied type="tenure" objects="1348216" bytes="76486056" bytesdiscarded="40472" />
  <finalization candidates="56" enqueued="0" />
  <ownableSynchronizers candidates="2" cleared="2" />
  <references type="soft" candidates="14" cleared="0" enqueued="0" dynamicThreshold="17" maxThreshold="32" />
  <references type="weak" candidates="1" cleared="0" enqueued="0" />
  <references type="phantom" candidates="30" cleared="1" enqueued="1" />
  <object-monitors candidates="2" cleared="0"  />
</gc-op>
<gc-end id="282" type="scavenge" contextid="278" durationms="81.825" usertimems="320.253" systemtimems="0.000" stalltimems="4.026" timestamp="2022-02-08T17:21:15.503" activeThreads="4">
  <mem-info id="283" free="477529992" total="1073741824" percent="44">
    <mem type="nursery" free="106523112" total="268435456" percent="39">
      <mem type="allocate" free="106523112" total="184025088" percent="57" />
      <mem type="survivor" free="0" total="84410368" percent="0" />
    </mem>
    <mem type="tenure" free="371006880" total="805306368" percent="46" macro-fragmented="0">
      <mem type="soa" free="330741152" total="765040640" percent="43" />
      <mem type="loa" free="40265728" total="40265728" percent="100" />
    </mem>
    <pending-finalizers system="0" default="0" reference="1" classloader="0" />
    <remembered-set count="112" />
  </mem-info>
</gc-end>
<cycle-end id="284" type="scavenge" contextid="278" timestamp="2022-02-08T17:21:15.503" />
<allocation-satisfied id="285" threadId="0000000000016F00" bytesRequested="192" />
<af-end id="286" timestamp="2022-02-08T17:21:15.503" threadId="0000000000017908" success="true" from="nursery"/>
<exclusive-end id="287" timestamp="2022-02-08T17:21:15.503" durationms="82.088" />

<exclusive-start id="288" timestamp="2022-02-08T17:21:16.201" intervalms="780.084">
  <response-info timems="0.017" idlems="0.017" threads="0" lastid="0000000000016F00" lastname="main" />
</exclusive-start>
<af-start id="289" threadId="0000000000017908" totalBytesRequested="184" timestamp="2022-02-08T17:21:16.201" intervalms="780.093" type="nursery" />
<cycle-start id="290" type="scavenge" contextid="0" timestamp="2022-02-08T17:21:16.201" intervalms="780.095" />
<gc-start id="291" type="scavenge" contextid="290" timestamp="2022-02-08T17:21:16.201">
  <mem-info id="292" free="371006880" total="1073741824" percent="34">
    <mem type="nursery" free="0" total="268435456" percent="0">
      <mem type="allocate" free="0" total="184025088" percent="0" />
      <mem type="survivor" free="0" total="84410368" percent="0" />
    </mem>
    <mem type="tenure" free="371006880" total="805306368" percent="46">
      <mem type="soa" free="330741152" total="765040640" percent="43" />
      <mem type="loa" free="40265728" total="40265728" percent="100" />
    </mem>
    <remembered-set count="113" />
  </mem-info>
</gc-start>
<allocation-stats totalBytes="106469408" >
  <allocated-bytes non-tlh="1347872" tlh="105121536" />
  <largest-consumer threadName="main" threadId="0000000000016F00" bytes="106469408" />
</allocation-stats>
<gc-op id="293" type="scavenge" timems="84.890" contextid="290" timestamp="2022-02-08T17:21:16.286">
  <scavenger-info tenureage="1" tenuremask="7ffe" tiltratio="68" />
  <memory-copied type="nursery" objects="1333606" bytes="76202496" bytesdiscarded="303968" />
  <memory-copied type="tenure" objects="1512740" bytes="76914952" bytesdiscarded="36208" />
  <finalization candidates="57" enqueued="0" />
  <references type="phantom" candidates="1" cleared="0" enqueued="0" />
  <object-monitors candidates="2" cleared="0"  />
</gc-op>
<gc-end id="294" type="scavenge" contextid="290" durationms="85.235" usertimems="333.070" systemtimems="0.000" stalltimems="4.426" timestamp="2022-02-08T17:21:16.286" activeThreads="4">
  <mem-info id="295" free="401910760" total="1073741824" percent="37">
    <mem type="nursery" free="107649696" total="268435456" percent="40">
      <mem type="allocate" free="107649696" total="184156160" percent="58" />
      <mem type="survivor" free="0" total="84279296" percent="0" />
    </mem>
    <mem type="tenure" free="294261064" total="805306368" percent="36" macro-fragmented="0">
      <mem type="soa" free="253995336" total="765040640" percent="33" />
      <mem type="loa" free="40265728" total="40265728" percent="100" />
    </mem>
    <remembered-set count="102" />
  </mem-info>
</gc-end>
<cycle-end id="296" type="scavenge" contextid="290" timestamp="2022-02-08T17:21:16.287" />
<allocation-satisfied id="297" threadId="0000000000016F00" bytesRequested="184" />
<af-end id="298" timestamp="2022-02-08T17:21:16.287" threadId="0000000000017908" success="true" from="nursery"/>
<exclusive-end id="299" timestamp="2022-02-08T17:21:16.287" durationms="85.510" />

<exclusive-start id="300" timestamp="2022-02-08T17:21:17.008" intervalms="806.500">
  <response-info timems="0.054" idlems="0.054" threads="0" lastid="0000000000016F00" lastname="main" />
</exclusive-start>
<af-start id="301" threadId="0000000000017908" totalBytesRequested="16" timestamp="2022-02-08T17:21:17.008" intervalms="806.501" type="nursery" />
<cycle-start id="302" type="scavenge" contextid="0" timestamp="2022-02-08T17:21:17.008" intervalms="806.501" />
<gc-start id="303" type="scavenge" contextid="302" timestamp="2022-02-08T17:21:17.008">
  <mem-info id="304" free="294261064" total="1073741824" percent="27">
    <mem type="nursery" free="0" total="268435456" percent="0">
      <mem type="allocate" free="0" total="184156160" percent="0" />
      <mem type="survivor" free="0" total="84279296" percent="0" />
    </mem>
    <mem type="tenure" free="294261064" total="805306368" percent="36">
      <mem type="soa" free="253995336" total="765040640" percent="33" />
      <mem type="loa" free="40265728" total="40265728" percent="100" />
    </mem>
    <remembered-set count="102" />
  </mem-info>
</gc-start>
<allocation-stats totalBytes="107600488" >
  <allocated-bytes non-tlh="184" tlh="107600304" />
  <largest-consumer threadName="main" threadId="0000000000016F00" bytes="107600488" />
</allocation-stats>
<gc-op id="305" type="scavenge" timems="75.232" contextid="302" timestamp="2022-02-08T17:21:17.083">
  <scavenger-info tenureage="1" tenuremask="7ffe" tiltratio="68" />
  <memory-copied type="nursery" objects="1360391" bytes="76533176" bytesdiscarded="358216" />
  <memory-copied type="tenure" objects="1333605" bytes="76202392" bytesdiscarded="42920" />
  <finalization candidates="1" enqueued="0" />
  <object-monitors candidates="2" cleared="0"  />
</gc-op>
<gc-end id="306" type="scavenge" contextid="302" durationms="75.473" usertimems="291.336" systemtimems="0.000" stalltimems="3.570" timestamp="2022-02-08T17:21:17.083" activeThreads="4">
  <mem-info id="307" free="325409168" total="1073741824" percent="30">
    <mem type="nursery" free="107526912" total="268435456" percent="40">
      <mem type="allocate" free="107526912" total="184418304" percent="58" />
      <mem type="survivor" free="0" total="84017152" percent="0" />
    </mem>
    <mem type="tenure" free="217882256" total="805306368" percent="27" macro-fragmented="0">
      <mem type="soa" free="177616528" total="765040640" percent="23" />
      <mem type="loa" free="40265728" total="40265728" percent="100" />
    </mem>
    <remembered-set count="102" />
  </mem-info>
</gc-end>
<cycle-end id="308" type="scavenge" contextid="302" timestamp="2022-02-08T17:21:17.083" />
<allocation-satisfied id="309" threadId="0000000000016F00" bytesRequested="16" />
<af-end id="310" timestamp="2022-02-08T17:21:17.083" threadId="0000000000017908" success="true" from="nursery"/>
<exclusive-end id="311" timestamp="2022-02-08T17:21:17.083" durationms="75.728" />

<concurrent-kickoff id="312" timestamp="2022-02-08T17:21:17.674">
  <kickoff reason="threshold reached" targetBytes="156451140" thresholdFreeBytes="19467002"  remainingFree="19418792" tenureFreeBytes="217882256" nurseryFreeBytes="19418792" />
</concurrent-kickoff>
<exclusive-start id="313" timestamp="2022-02-08T17:21:17.678" intervalms="670.722">
  <response-info timems="0.019" idlems="0.019" threads="0" lastid="0000000000016F00" lastname="main" />
</exclusive-start>
<cycle-start id="314" type="global" contextid="0" timestamp="2022-02-08T17:21:17.678" intervalms="2759.497" />
<concurrent-start id="315" type="global mark" contextid="314" timestamp="2022-02-08T17:21:17.678">
</concurrent-start>
<exclusive-end id="316" timestamp="2022-02-08T17:21:17.678" durationms="0.028" />

<concurrent-end id="317" type="global mark" contextid="314" timestamp="2022-02-08T17:21:18.139">
<gc-op id="318" type="trace" timems="461.146" contextid="314" timestamp="2022-02-08T17:21:18.139">
  <trace bytesTraced="156410200" workStackOverflowCount="0" />
  <card-cleaning reason="card cleaning threshold reached" bytesTraced="21856" cardsCleaned="47" />
</gc-op>
</concurrent-end>

<exclusive-start id="319" timestamp="2022-02-08T17:21:18.140" intervalms="461.211">
  <response-info timems="0.016" idlems="0.016" threads="0" lastid="0000000000016F00" lastname="main" />
</exclusive-start>
<concurrent-global-final id="320" timestamp="2022-02-08T17:21:18.140" contextid="314" intervalms="2882.899" >
  <concurrent-trace-info reason="card cleaning threshold reached" tracedByMutators="69709824" tracedByHelpers="86722232" cardsCleaned="47" workStackOverflowCount="0" />
</concurrent-global-final>
<gc-start id="321" type="global" contextid="314" timestamp="2022-02-08T17:21:18.140">
  <mem-info id="322" free="218781584" total="1073741824" percent="20">
    <mem type="nursery" free="899328" total="268435456" percent="0">
      <mem type="allocate" free="899328" total="184418304" percent="0" />
      <mem type="survivor" free="0" total="84017152" percent="0" />
    </mem>
    <mem type="tenure" free="217882256" total="805306368" percent="27">
      <mem type="soa" free="177616528" total="765040640" percent="23" />
      <mem type="loa" free="40265728" total="40265728" percent="100" />
    </mem>
    <remembered-set count="133" />
  </mem-info>
</gc-start>
<allocation-stats totalBytes="106580744" >
  <allocated-bytes non-tlh="1016320" tlh="105564424" />
  <largest-consumer threadName="main" threadId="0000000000016F00" bytes="106580744" />
</allocation-stats>
<gc-op id="323" type="rs-scan" timems="121.316" contextid="314" timestamp="2022-02-08T17:21:18.261">
  <scan objectsFound="2817213" bytesTraced="60129096" workStackOverflowCount="0" />
</gc-op>
<gc-op id="324" type="card-cleaning" timems="0.288" contextid="314" timestamp="2022-02-08T17:21:18.261">
  <card-cleaning cardsCleaned="4" bytesTraced="2636" workStackOverflowCount="0" />
</gc-op>
<gc-op id="325" type="mark" timems="4.560" contextid="314" timestamp="2022-02-08T17:21:18.266">
  <trace-info objectcount="142923" scancount="108731" scanbytes="2385952" />
  <finalization candidates="478" enqueued="53" />
  <ownableSynchronizers candidates="1" cleared="0" />
  <references type="soft" candidates="1077" cleared="0" enqueued="0" dynamicThreshold="17" maxThreshold="32" />
  <references type="weak" candidates="1702" cleared="0" enqueued="0" />
  <references type="phantom" candidates="142" cleared="7" enqueued="7" />
  <stringconstants candidates="6463" cleared="0"  />
  <object-monitors candidates="2" cleared="0"  />
</gc-op>
<gc-op id="326" type="sweep" timems="5.943" contextid="314" timestamp="2022-02-08T17:21:18.272" />
<gc-end id="327" type="global" contextid="314" durationms="132.296" usertimems="145.094" systemtimems="2.743" stalltimems="13.542" timestamp="2022-02-08T17:21:18.272" activeThreads="4">
  <mem-info id="328" free="223540440" total="1073741824" percent="20">
    <mem type="nursery" free="3637040" total="268435456" percent="1">
      <mem type="allocate" free="3637040" total="184418304" percent="1" />
      <mem type="survivor" free="0" total="84017152" percent="0" />
    </mem>
    <mem type="tenure" free="219903400" total="805306368" percent="27" micro-fragmented="355637" macro-fragmented="0">
      <mem type="soa" free="179637672" total="765040640" percent="23" />
      <mem type="loa" free="40265728" total="40265728" percent="100" />
    </mem>
    <pending-finalizers system="52" default="1" reference="7" classloader="0" />
    <remembered-set count="128" />
  </mem-info>
</gc-end>
<cycle-end id="329" type="global" contextid="314" timestamp="2022-02-08T17:21:18.272" />
<exclusive-end id="330" timestamp="2022-02-08T17:21:18.272" durationms="132.519" />

<concurrent-kickoff id="331" timestamp="2022-02-08T17:21:18.272">
  <kickoff reason="threshold reached" targetBytes="155985386" thresholdFreeBytes="18611244"  remainingFree="3597568" tenureFreeBytes="219903400" nurseryFreeBytes="3597568" />
</concurrent-kickoff>
<exclusive-start id="332" timestamp="2022-02-08T17:21:18.277" intervalms="137.843">
  <response-info timems="0.018" idlems="0.018" threads="0" lastid="0000000000016F00" lastname="main" />
</exclusive-start>
<cycle-start id="333" type="global" contextid="0" timestamp="2022-02-08T17:21:18.277" intervalms="599.052" />
<concurrent-start id="334" type="global mark" contextid="333" timestamp="2022-02-08T17:21:18.277">
</concurrent-start>
<exclusive-end id="335" timestamp="2022-02-08T17:21:18.277" durationms="0.025" />

<exclusive-start id="336" timestamp="2022-02-08T17:21:18.425" intervalms="148.017">
  <response-info timems="0.070" idlems="0.070" threads="0" lastid="0000000000016F00" lastname="main" />
</exclusive-start>
<af-start id="337" threadId="0000000000017908" totalBytesRequested="200" timestamp="2022-02-08T17:21:18.425" intervalms="1417.792" type="nursery" />
<cycle-start id="338" type="scavenge" contextid="0" timestamp="2022-02-08T17:21:18.425" intervalms="1417.793" />
<gc-start id="339" type="scavenge" contextid="338" timestamp="2022-02-08T17:21:18.425">
  <mem-info id="340" free="219903400" total="1073741824" percent="20">
    <mem type="nursery" free="0" total="268435456" percent="0">
      <mem type="allocate" free="0" total="184418304" percent="0" />
      <mem type="survivor" free="0" total="84017152" percent="0" />
    </mem>
    <mem type="tenure" free="219903400" total="805306368" percent="27">
      <mem type="soa" free="179637672" total="765040640" percent="23" />
      <mem type="loa" free="40265728" total="40265728" percent="100" />
    </mem>
    <remembered-set count="129" />
  </mem-info>
</gc-start>
<allocation-stats totalBytes="3626400" >
  <allocated-bytes non-tlh="169712" tlh="3456688" />
  <largest-consumer threadName="main" threadId="0000000000016F00" bytes="3618208" />
</allocation-stats>
<gc-op id="341" type="scavenge" timems="79.553" contextid="338" timestamp="2022-02-08T17:21:18.505">
  <scavenger-info tenureage="1" tenuremask="7ffe" tiltratio="68" />
  <memory-copied type="nursery" objects="1518936" bytes="77085416" bytesdiscarded="130792" />
  <memory-copied type="tenure" objects="1360391" bytes="76533176" bytesdiscarded="39440" />
  <finalization candidates="55" enqueued="0" />
  <ownableSynchronizers candidates="2" cleared="2" />
  <references type="soft" candidates="14" cleared="0" enqueued="0" dynamicThreshold="8" maxThreshold="32" />
  <references type="weak" candidates="1" cleared="0" enqueued="0" />
  <references type="phantom" candidates="29" cleared="1" enqueued="1" />
  <object-monitors candidates="2" cleared="0"  />
</gc-op>
<gc-end id="342" type="scavenge" contextid="338" durationms="79.710" usertimems="305.158" systemtimems="8.193" stalltimems="4.170" timestamp="2022-02-08T17:21:18.505" activeThreads="4">
  <mem-info id="343" free="250401392" total="1073741824" percent="23">
    <mem type="nursery" free="107333104" total="268435456" percent="39">
      <mem type="allocate" free="107333104" total="184549376" percent="58" />
      <mem type="survivor" free="0" total="83886080" percent="0" />
    </mem>
    <mem type="tenure" free="143068288" total="805306368" percent="17" macro-fragmented="139321344">
      <mem type="soa" free="102802560" total="765040640" percent="13" />
      <mem type="loa" free="40265728" total="40265728" percent="100" />
    </mem>
    <pending-finalizers system="0" default="0" reference="1" classloader="0" />
    <remembered-set count="123" />
  </mem-info>
</gc-end>
<cycle-end id="344" type="scavenge" contextid="338" timestamp="2022-02-08T17:21:18.506" />
<allocation-satisfied id="345" threadId="0000000000016F00" bytesRequested="200" />
<af-end id="346" timestamp="2022-02-08T17:21:18.506" threadId="0000000000017908" success="true" from="nursery"/>
<exclusive-end id="347" timestamp="2022-02-08T17:21:18.506" durationms="80.362" />

<concurrent-end id="348" type="global mark" contextid="333" timestamp="2022-02-08T17:21:18.599">
<gc-op id="349" type="trace" timems="321.790" contextid="333" timestamp="2022-02-08T17:21:18.599">
  <trace bytesTraced="74505080" workStackOverflowCount="0" />
  <card-cleaning reason="card cleaning threshold reached" bytesTraced="1000" cardsCleaned="2" />
</gc-op>
</concurrent-end>

<exclusive-start id="350" timestamp="2022-02-08T17:21:18.599" intervalms="173.837">
  <response-info timems="0.017" idlems="0.017" threads="0" lastid="0000000000016F00" lastname="main" />
</exclusive-start>
<concurrent-global-final id="351" timestamp="2022-02-08T17:21:18.599" contextid="333" intervalms="459.697" >
  <concurrent-trace-info reason="card cleaning threshold reached" tracedByMutators="58831232" tracedByHelpers="15674848" cardsCleaned="2" workStackOverflowCount="0" />
</concurrent-global-final>
<gc-start id="352" type="global" contextid="333" timestamp="2022-02-08T17:21:18.599">
  <mem-info id="353" free="244453808" total="1073741824" percent="22">
    <mem type="nursery" free="101385520" total="268435456" percent="37">
      <mem type="allocate" free="101385520" total="184549376" percent="54" />
      <mem type="survivor" free="0" total="83886080" percent="0" />
    </mem>
    <mem type="tenure" free="143068288" total="805306368" percent="17">
      <mem type="soa" free="102802560" total="765040640" percent="13" />
      <mem type="loa" free="40265728" total="40265728" percent="100" />
    </mem>
    <remembered-set count="124" />
  </mem-info>
</gc-start>
<allocation-stats totalBytes="5944560" >
  <allocated-bytes non-tlh="475328" tlh="5469232" />
  <largest-consumer threadName="main" threadId="0000000000016F00" bytes="5944560" />
</allocation-stats>
<gc-op id="354" type="rs-scan" timems="137.729" contextid="333" timestamp="2022-02-08T17:21:18.737">
  <scan objectsFound="3324745" bytesTraced="71011468" workStackOverflowCount="0" />
</gc-op>
<gc-op id="355" type="card-cleaning" timems="0.522" contextid="333" timestamp="2022-02-08T17:21:18.738">
  <card-cleaning cardsCleaned="3" bytesTraced="1224" workStackOverflowCount="0" />
</gc-op>
<gc-op id="356" type="mark" timems="7.786" contextid="333" timestamp="2022-02-08T17:21:18.745">
  <trace-info objectcount="261620" scancount="197748" scanbytes="4289004" />
  <finalization candidates="427" enqueued="57" />
  <ownableSynchronizers candidates="1" cleared="0" />
  <references type="soft" candidates="1063" cleared="0" enqueued="0" dynamicThreshold="8" maxThreshold="32" />
  <references type="weak" candidates="1701" cleared="0" enqueued="0" />
  <references type="phantom" candidates="50" cleared="1" enqueued="1" />
  <stringconstants candidates="6463" cleared="0"  />
  <object-monitors candidates="2" cleared="0"  />
</gc-op>
<gc-op id="357" type="sweep" timems="4.400" contextid="333" timestamp="2022-02-08T17:21:18.750" />
<gc-end id="358" type="global" contextid="333" durationms="150.656" usertimems="156.616" systemtimems="6.648" stalltimems="23.562" timestamp="2022-02-08T17:21:18.750" activeThreads="4">
  <mem-info id="359" free="486014600" total="1073741824" percent="45">
    <mem type="nursery" free="101790456" total="268435456" percent="37">
      <mem type="allocate" free="101790456" total="184549376" percent="55" />
      <mem type="survivor" free="0" total="83886080" percent="0" />
    </mem>
    <mem type="tenure" free="384224144" total="805306368" percent="47" micro-fragmented="200324" macro-fragmented="0">
      <mem type="soa" free="343958416" total="765040640" percent="44" />
      <mem type="loa" free="40265728" total="40265728" percent="100" />
    </mem>
    <pending-finalizers system="57" default="0" reference="1" classloader="0" />
    <remembered-set count="111" />
  </mem-info>
</gc-end>
<cycle-end id="360" type="global" contextid="333" timestamp="2022-02-08T17:21:18.750" />
<exclusive-end id="361" timestamp="2022-02-08T17:21:18.750" durationms="150.857" />

<exclusive-start id="362" timestamp="2022-02-08T17:21:19.443" intervalms="843.898">
  <response-info timems="0.019" idlems="0.019" threads="0" lastid="0000000000016F00" lastname="main" />
</exclusive-start>
<af-start id="363" threadId="0000000000017908" totalBytesRequested="64" timestamp="2022-02-08T17:21:19.443" intervalms="1017.736" type="nursery" />
<cycle-start id="364" type="scavenge" contextid="0" timestamp="2022-02-08T17:21:19.443" intervalms="1017.736" />
<gc-start id="365" type="scavenge" contextid="364" timestamp="2022-02-08T17:21:19.443">
  <mem-info id="366" free="384224144" total="1073741824" percent="35">
    <mem type="nursery" free="0" total="268435456" percent="0">
      <mem type="allocate" free="0" total="184549376" percent="0" />
      <mem type="survivor" free="0" total="83886080" percent="0" />
    </mem>
    <mem type="tenure" free="384224144" total="805306368" percent="47">
      <mem type="soa" free="343958416" total="765040640" percent="44" />
      <mem type="loa" free="40265728" total="40265728" percent="100" />
    </mem>
    <remembered-set count="112" />
  </mem-info>
</gc-start>
<allocation-stats totalBytes="101740128" >
  <allocated-bytes non-tlh="1347680" tlh="100392448" />
  <largest-consumer threadName="main" threadId="0000000000016F00" bytes="101731536" />
</allocation-stats>
<gc-op id="367" type="scavenge" timems="87.075" contextid="364" timestamp="2022-02-08T17:21:19.530">
  <scavenger-info tenureage="1" tenuremask="7ffe" tiltratio="68" />
  <memory-copied type="nursery" objects="1340455" bytes="76645536" bytesdiscarded="224968" />
  <memory-copied type="tenure" objects="1518924" bytes="76915344" bytesdiscarded="36696" />
  <finalization candidates="57" enqueued="0" />
  <ownableSynchronizers candidates="2" cleared="2" />
  <references type="phantom" candidates="2" cleared="0" enqueued="0" />
  <object-monitors candidates="2" cleared="0"  />
</gc-op>
<gc-end id="368" type="scavenge" contextid="364" durationms="87.515" usertimems="317.360" systemtimems="1.188" stalltimems="29.181" timestamp="2022-02-08T17:21:19.531" activeThreads="4">
  <mem-info id="369" free="414901472" total="1073741824" percent="38">
    <mem type="nursery" free="107809944" total="268435456" percent="40">
      <mem type="allocate" free="107809944" total="184680448" percent="58" />
      <mem type="survivor" free="0" total="83755008" percent="0" />
    </mem>
    <mem type="tenure" free="307091528" total="805306368" percent="38" macro-fragmented="0">
      <mem type="soa" free="266825800" total="765040640" percent="34" />
      <mem type="loa" free="40265728" total="40265728" percent="100" />
    </mem>
    <remembered-set count="103" />
  </mem-info>
</gc-end>
<cycle-end id="370" type="scavenge" contextid="364" timestamp="2022-02-08T17:21:19.531" />
<allocation-satisfied id="371" threadId="0000000000016F00" bytesRequested="64" />
<af-end id="372" timestamp="2022-02-08T17:21:19.531" threadId="0000000000017908" success="true" from="nursery"/>
<exclusive-end id="373" timestamp="2022-02-08T17:21:19.531" durationms="87.847" />

<exclusive-start id="374" timestamp="2022-02-08T17:21:20.218" intervalms="774.635">
  <response-info timems="0.030" idlems="0.030" threads="0" lastid="0000000000016F00" lastname="main" />
</exclusive-start>
<af-start id="375" threadId="0000000000017908" totalBytesRequested="184" timestamp="2022-02-08T17:21:20.218" intervalms="774.682" type="nursery" />
<cycle-start id="376" type="scavenge" contextid="0" timestamp="2022-02-08T17:21:20.218" intervalms="774.712" />
<gc-start id="377" type="scavenge" contextid="376" timestamp="2022-02-08T17:21:20.218">
  <mem-info id="378" free="307091528" total="1073741824" percent="28">
    <mem type="nursery" free="0" total="268435456" percent="0">
      <mem type="allocate" free="0" total="184680448" percent="0" />
      <mem type="survivor" free="0" total="83755008" percent="0" />
    </mem>
    <mem type="tenure" free="307091528" total="805306368" percent="38">
      <mem type="soa" free="266825800" total="765040640" percent="34" />
      <mem type="loa" free="40265728" total="40265728" percent="100" />
    </mem>
    <remembered-set count="103" />
  </mem-info>
</gc-start>
<allocation-stats totalBytes="107758424" >
  <allocated-bytes non-tlh="64" tlh="107758360" />
  <largest-consumer threadName="main" threadId="0000000000016F00" bytes="107758424" />
</allocation-stats>
<gc-op id="379" type="scavenge" timems="99.297" contextid="376" timestamp="2022-02-08T17:21:20.317">
  <scavenger-info tenureage="1" tenuremask="7ffe" tiltratio="68" />
  <memory-copied type="nursery" objects="1357449" bytes="76639912" bytesdiscarded="98048" />
  <memory-copied type="tenure" objects="1340454" bytes="76645496" bytesdiscarded="41368" />
  <finalization candidates="2" enqueued="0" />
  <object-monitors candidates="2" cleared="0"  />
</gc-op>
<gc-end id="380" type="scavenge" contextid="376" durationms="99.758" usertimems="387.505" systemtimems="0.000" stalltimems="4.492" timestamp="2022-02-08T17:21:20.318" activeThreads="4">
  <mem-info id="381" free="338473728" total="1073741824" percent="31">
    <mem type="nursery" free="108139096" total="268435456" percent="40">
      <mem type="allocate" free="108139096" total="184877056" percent="58" />
      <mem type="survivor" free="0" total="83558400" percent="0" />
    </mem>
    <mem type="tenure" free="230334632" total="805306368" percent="28" macro-fragmented="0">
      <mem type="soa" free="190068904" total="765040640" percent="24" />
      <mem type="loa" free="40265728" total="40265728" percent="100" />
    </mem>
    <remembered-set count="103" />
  </mem-info>
</gc-end>
<cycle-end id="382" type="scavenge" contextid="376" timestamp="2022-02-08T17:21:20.318" />
<allocation-satisfied id="383" threadId="0000000000016F00" bytesRequested="184" />
<af-end id="384" timestamp="2022-02-08T17:21:20.318" threadId="0000000000017908" success="true" from="nursery"/>
<exclusive-end id="385" timestamp="2022-02-08T17:21:20.318" durationms="100.138" />

<exclusive-start id="386" timestamp="2022-02-08T17:21:21.059" intervalms="841.643">
  <response-info timems="0.016" idlems="0.016" threads="0" lastid="0000000000016F00" lastname="main" />
</exclusive-start>
<af-start id="387" threadId="0000000000017908" totalBytesRequested="200" timestamp="2022-02-08T17:21:21.059" intervalms="841.592" type="nursery" />
<cycle-start id="388" type="scavenge" contextid="0" timestamp="2022-02-08T17:21:21.059" intervalms="841.562" />
<gc-start id="389" type="scavenge" contextid="388" timestamp="2022-02-08T17:21:21.059">
  <mem-info id="390" free="230334632" total="1073741824" percent="21">
    <mem type="nursery" free="0" total="268435456" percent="0">
      <mem type="allocate" free="0" total="184877056" percent="0" />
      <mem type="survivor" free="0" total="83558400" percent="0" />
    </mem>
    <mem type="tenure" free="230334632" total="805306368" percent="28">
      <mem type="soa" free="190068904" total="765040640" percent="24" />
      <mem type="loa" free="40265728" total="40265728" percent="100" />
    </mem>
    <remembered-set count="117" />
  </mem-info>
</gc-start>
<allocation-stats totalBytes="108089984" >
  <allocated-bytes non-tlh="453888" tlh="107636096" />
  <largest-consumer threadName="main" threadId="0000000000016F00" bytes="108089984" />
</allocation-stats>
<gc-op id="391" type="scavenge" timems="74.400" contextid="388" timestamp="2022-02-08T17:21:21.134">
  <scavenger-info tenureage="1" tenuremask="7ffe" tiltratio="68" />
  <memory-copied type="nursery" objects="1371695" bytes="76537000" bytesdiscarded="135304" />
  <memory-copied type="tenure" objects="1357448" bytes="76639808" bytesdiscarded="39472" />
  <finalization candidates="35" enqueued="18" />
  <references type="phantom" candidates="35" cleared="0" enqueued="0" />
  <object-monitors candidates="2" cleared="0"  />
</gc-op>
<gc-end id="392" type="scavenge" contextid="388" durationms="74.763" usertimems="288.817" systemtimems="3.521" stalltimems="4.732" timestamp="2022-02-08T17:21:21.134" activeThreads="4">
  <mem-info id="393" free="262141960" total="1073741824" percent="24">
    <mem type="nursery" free="108335824" total="268435456" percent="40">
      <mem type="allocate" free="108335824" total="185008128" percent="58" />
      <mem type="survivor" free="0" total="83427328" percent="0" />
    </mem>
    <mem type="tenure" free="153806136" total="805306368" percent="19" macro-fragmented="96750924">
      <mem type="soa" free="113540408" total="765040640" percent="14" />
      <mem type="loa" free="40265728" total="40265728" percent="100" />
    </mem>
    <pending-finalizers system="18" default="0" reference="0" classloader="0" />
    <remembered-set count="116" />
  </mem-info>
</gc-end>
<cycle-end id="394" type="scavenge" contextid="388" timestamp="2022-02-08T17:21:21.134" />
<allocation-satisfied id="395" threadId="0000000000016F00" bytesRequested="200" />
<af-end id="396" timestamp="2022-02-08T17:21:21.134" threadId="0000000000017908" success="true" from="nursery"/>
<exclusive-end id="397" timestamp="2022-02-08T17:21:21.134" durationms="74.996" />

<concurrent-kickoff id="398" timestamp="2022-02-08T17:21:21.900">
  <kickoff reason="threshold reached" targetBytes="139364085" thresholdFreeBytes="15987055"  remainingFree="15896040" tenureFreeBytes="153806136" nurseryFreeBytes="15896040" />
</concurrent-kickoff>
<exclusive-start id="399" timestamp="2022-02-08T17:21:21.903" intervalms="843.125">
  <response-info timems="0.020" idlems="0.020" threads="0" lastid="0000000000016F00" lastname="main" />
</exclusive-start>
<cycle-start id="400" type="global" contextid="0" timestamp="2022-02-08T17:21:21.903" intervalms="3625.156" />
<concurrent-start id="401" type="global mark" contextid="400" timestamp="2022-02-08T17:21:21.903">
</concurrent-start>
<exclusive-end id="402" timestamp="2022-02-08T17:21:21.903" durationms="0.028" />

<exclusive-start id="403" timestamp="2022-02-08T17:21:22.175" intervalms="272.467">
  <response-info timems="0.037" idlems="0.037" threads="0" lastid="0000000000016F00" lastname="main" />
</exclusive-start>
<af-start id="404" threadId="0000000000017908" totalBytesRequested="24" timestamp="2022-02-08T17:21:22.175" intervalms="1115.609" type="nursery" />
<cycle-start id="405" type="scavenge" contextid="0" timestamp="2022-02-08T17:21:22.175" intervalms="1115.608" />
<gc-start id="406" type="scavenge" contextid="405" timestamp="2022-02-08T17:21:22.175">
  <mem-info id="407" free="153806136" total="1073741824" percent="14">
    <mem type="nursery" free="0" total="268435456" percent="0">
      <mem type="allocate" free="0" total="185008128" percent="0" />
      <mem type="survivor" free="0" total="83427328" percent="0" />
    </mem>
    <mem type="tenure" free="153806136" total="805306368" percent="19">
      <mem type="soa" free="113540408" total="765040640" percent="14" />
      <mem type="loa" free="40265728" total="40265728" percent="100" />
    </mem>
    <remembered-set count="133" />
  </mem-info>
</gc-start>
<allocation-stats totalBytes="108285488" >
  <allocated-bytes non-tlh="2290920" tlh="105994568" />
  <largest-consumer threadName="main" threadId="0000000000016F00" bytes="108281392" />
</allocation-stats>
<gc-op id="408" type="scavenge" timems="76.286" contextid="405" timestamp="2022-02-08T17:21:22.251">
  <scavenger-info tenureage="1" tenuremask="7ffe" tiltratio="68" />
  <memory-copied type="nursery" objects="1429522" bytes="76551752" bytesdiscarded="279200" />
  <memory-copied type="tenure" objects="1371367" bytes="76279000" bytesdiscarded="37064" />
  <finalization candidates="92" enqueued="35" />
  <references type="soft" candidates="14" cleared="0" enqueued="0" dynamicThreshold="15" maxThreshold="32" />
  <references type="weak" candidates="1" cleared="0" enqueued="0" />
  <references type="phantom" candidates="77" cleared="7" enqueued="7" />
  <object-monitors candidates="2" cleared="0"  />
</gc-op>
<gc-end id="409" type="scavenge" contextid="405" durationms="76.627" usertimems="301.548" systemtimems="0.000" stalltimems="2.749" timestamp="2022-02-08T17:21:22.252" activeThreads="4">
  <mem-info id="410" free="185545416" total="1073741824" percent="17">
    <mem type="nursery" free="108308120" total="268435456" percent="40">
      <mem type="allocate" free="108308120" total="185139200" percent="58" />
      <mem type="survivor" free="0" total="83296256" percent="0" />
    </mem>
    <mem type="tenure" free="77237296" total="805306368" percent="9" macro-fragmented="73222188">
      <mem type="soa" free="36971568" total="765040640" percent="4" />
      <mem type="loa" free="40265728" total="40265728" percent="100" />
    </mem>
    <pending-finalizers system="34" default="1" reference="7" classloader="0" />
    <remembered-set count="121" />
  </mem-info>
</gc-end>
<cycle-end id="411" type="scavenge" contextid="405" timestamp="2022-02-08T17:21:22.252" />
<allocation-satisfied id="412" threadId="0000000000016F00" bytesRequested="24" />
<af-end id="413" timestamp="2022-02-08T17:21:22.252" threadId="0000000000017908" success="true" from="nursery"/>
<exclusive-end id="414" timestamp="2022-02-08T17:21:22.252" durationms="76.943" />

<concurrent-end id="415" type="global mark" contextid="400" timestamp="2022-02-08T17:21:22.254">
<gc-op id="416" type="trace" timems="350.983" contextid="400" timestamp="2022-02-08T17:21:22.254">
  <trace bytesTraced="74507040" workStackOverflowCount="0" />
  <card-cleaning reason="card cleaning threshold reached" bytesTraced="1000" cardsCleaned="2" />
</gc-op>
</concurrent-end>

<exclusive-start id="417" timestamp="2022-02-08T17:21:22.254" intervalms="78.608">
  <response-info timems="0.057" idlems="0.057" threads="0" lastid="0000000000016F00" lastname="main" />
</exclusive-start>
<concurrent-global-final id="418" timestamp="2022-02-08T17:21:22.254" contextid="400" intervalms="3654.368" >
  <concurrent-trace-info reason="card cleaning threshold reached" tracedByMutators="60587052" tracedByHelpers="13920988" cardsCleaned="2" workStackOverflowCount="0" />
</concurrent-global-final>
<gc-start id="419" type="global" contextid="400" timestamp="2022-02-08T17:21:22.254">
  <mem-info id="420" free="185250480" total="1073741824" percent="17">
    <mem type="nursery" free="108013184" total="268435456" percent="40">
      <mem type="allocate" free="108013184" total="185139200" percent="58" />
      <mem type="survivor" free="0" total="83296256" percent="0" />
    </mem>
    <mem type="tenure" free="77237296" total="805306368" percent="9">
      <mem type="soa" free="36971568" total="765040640" percent="4" />
      <mem type="loa" free="40265728" total="40265728" percent="100" />
    </mem>
    <remembered-set count="122" />
  </mem-info>
</gc-start>
<allocation-stats totalBytes="294880" >
  <allocated-bytes non-tlh="24" tlh="294856" />
  <largest-consumer threadName="main" threadId="0000000000016F00" bytes="286688" />
</allocation-stats>
<gc-op id="421" type="rs-scan" timems="127.276" contextid="400" timestamp="2022-02-08T17:21:22.381">
  <scan objectsFound="3324810" bytesTraced="71014164" workStackOverflowCount="0" />
</gc-op>
<gc-op id="422" type="card-cleaning" timems="0.268" contextid="400" timestamp="2022-02-08T17:21:22.381">
  <card-cleaning cardsCleaned="4" bytesTraced="2024" workStackOverflowCount="0" />
</gc-op>
<gc-op id="423" type="mark" timems="35.975" contextid="400" timestamp="2022-02-08T17:21:22.417">
  <trace-info objectcount="1262561" scancount="948446" scanbytes="20301280" />
  <finalization candidates="428" enqueued="57" />
  <ownableSynchronizers candidates="1" cleared="0" />
  <references type="soft" candidates="1063" cleared="0" enqueued="0" dynamicThreshold="15" maxThreshold="32" />
  <references type="weak" candidates="1701" cleared="0" enqueued="0" />
  <references type="phantom" candidates="52" cleared="2" enqueued="2" />
  <stringconstants candidates="6463" cleared="0"  />
  <object-monitors candidates="2" cleared="0"  />
</gc-op>
<gc-op id="424" type="sweep" timems="4.641" contextid="400" timestamp="2022-02-08T17:21:22.422" />
<gc-end id="425" type="global" contextid="400" durationms="168.657" usertimems="180.866" systemtimems="2.635" stalltimems="107.386" timestamp="2022-02-08T17:21:22.422" activeThreads="4">
  <mem-info id="426" free="428973592" total="1073741824" percent="39">
    <mem type="nursery" free="108648760" total="268435456" percent="40">
      <mem type="allocate" free="108648760" total="185139200" percent="58" />
      <mem type="survivor" free="0" total="83296256" percent="0" />
    </mem>
    <mem type="tenure" free="320324832" total="805306368" percent="39" micro-fragmented="246486" macro-fragmented="0">
      <mem type="soa" free="280059104" total="765040640" percent="36" />
      <mem type="loa" free="40265728" total="40265728" percent="100" />
    </mem>
    <pending-finalizers system="57" default="0" reference="2" classloader="0" />
    <remembered-set count="109" />
  </mem-info>
</gc-end>
<cycle-end id="427" type="global" contextid="400" timestamp="2022-02-08T17:21:22.422" />
<exclusive-end id="428" timestamp="2022-02-08T17:21:22.422" durationms="168.860" />

<exclusive-start id="429" timestamp="2022-02-08T17:21:23.149" intervalms="895.141">
  <response-info timems="0.018" idlems="0.018" threads="0" lastid="0000000000016F00" lastname="main" />
</exclusive-start>
<af-start id="430" threadId="0000000000017908" totalBytesRequested="208" timestamp="2022-02-08T17:21:23.149" intervalms="973.738" type="nursery" />
<cycle-start id="431" type="scavenge" contextid="0" timestamp="2022-02-08T17:21:23.149" intervalms="973.757" />
<gc-start id="432" type="scavenge" contextid="431" timestamp="2022-02-08T17:21:23.149">
  <mem-info id="433" free="320324832" total="1073741824" percent="29">
    <mem type="nursery" free="0" total="268435456" percent="0">
      <mem type="allocate" free="0" total="185139200" percent="0" />
      <mem type="survivor" free="0" total="83296256" percent="0" />
    </mem>
    <mem type="tenure" free="320324832" total="805306368" percent="39">
      <mem type="soa" free="280059104" total="765040640" percent="36" />
      <mem type="loa" free="40265728" total="40265728" percent="100" />
    </mem>
    <remembered-set count="110" />
  </mem-info>
</gc-start>
<allocation-stats totalBytes="108597128" >
  <allocated-bytes non-tlh="0" tlh="108597128" />
  <largest-consumer threadName="main" threadId="0000000000016F00" bytes="108588952" />
</allocation-stats>
<gc-op id="434" type="scavenge" timems="83.506" contextid="431" timestamp="2022-02-08T17:21:23.232">
  <scavenger-info tenureage="1" tenuremask="7ffe" tiltratio="68" />
  <memory-copied type="nursery" objects="1405254" bytes="77501944" bytesdiscarded="184672" />
  <memory-copied type="tenure" objects="1429041" bytes="76240008" bytesdiscarded="39904" />
  <finalization candidates="40" enqueued="0" />
  <ownableSynchronizers candidates="2" cleared="2" />
  <object-monitors candidates="2" cleared="0"  />
</gc-op>
<gc-end id="435" type="scavenge" contextid="431" durationms="83.865" usertimems="326.038" systemtimems="0.000" stalltimems="3.280" timestamp="2022-02-08T17:21:23.233" activeThreads="4">
  <mem-info id="436" free="349983976" total="1073741824" percent="32">
    <mem type="nursery" free="106272936" total="268435456" percent="39">
      <mem type="allocate" free="106272936" total="183959552" percent="57" />
      <mem type="survivor" free="0" total="84475904" percent="0" />
    </mem>
    <mem type="tenure" free="243711040" total="805306368" percent="30" macro-fragmented="0">
      <mem type="soa" free="203445312" total="765040640" percent="26" />
      <mem type="loa" free="40265728" total="40265728" percent="100" />
    </mem>
    <remembered-set count="102" />
  </mem-info>
</gc-end>
<cycle-end id="437" type="scavenge" contextid="431" timestamp="2022-02-08T17:21:23.233" />
<allocation-satisfied id="438" threadId="0000000000016F00" bytesRequested="208" />
<af-end id="439" timestamp="2022-02-08T17:21:23.233" threadId="0000000000017908" success="true" from="nursery"/>
<exclusive-end id="440" timestamp="2022-02-08T17:21:23.233" durationms="84.141" />

<exclusive-start id="441" timestamp="2022-02-08T17:21:23.871" intervalms="722.338">
  <response-info timems="0.018" idlems="0.018" threads="0" lastid="0000000000016F00" lastname="main" />
</exclusive-start>
<af-start id="442" threadId="0000000000017908" totalBytesRequested="120" timestamp="2022-02-08T17:21:23.871" intervalms="722.378" type="nursery" />
<cycle-start id="443" type="scavenge" contextid="0" timestamp="2022-02-08T17:21:23.871" intervalms="722.363" />
<gc-start id="444" type="scavenge" contextid="443" timestamp="2022-02-08T17:21:23.871">
  <mem-info id="445" free="243711040" total="1073741824" percent="22">
    <mem type="nursery" free="0" total="268435456" percent="0">
      <mem type="allocate" free="0" total="183959552" percent="0" />
      <mem type="survivor" free="0" total="84475904" percent="0" />
    </mem>
    <mem type="tenure" free="243711040" total="805306368" percent="30">
      <mem type="soa" free="203445312" total="765040640" percent="26" />
      <mem type="loa" free="40265728" total="40265728" percent="100" />
    </mem>
    <remembered-set count="102" />
  </mem-info>
</gc-start>
<allocation-stats totalBytes="106224512" >
  <allocated-bytes non-tlh="208" tlh="106224304" />
  <largest-consumer threadName="main" threadId="0000000000016F00" bytes="106224512" />
</allocation-stats>
<gc-op id="446" type="scavenge" timems="74.051" contextid="443" timestamp="2022-02-08T17:21:23.946">
  <scavenger-info tenureage="1" tenuremask="7ffe" tiltratio="68" />
  <memory-copied type="nursery" objects="1329020" bytes="75534672" bytesdiscarded="159408" />
  <memory-copied type="tenure" objects="1405254" bytes="77501944" bytesdiscarded="43192" />
  <object-monitors candidates="2" cleared="0"  />
</gc-op>
<gc-end id="447" type="scavenge" contextid="443" durationms="74.458" usertimems="293.157" systemtimems="0.133" stalltimems="2.262" timestamp="2022-02-08T17:21:23.946" activeThreads="4">
  <mem-info id="448" free="274553168" total="1073741824" percent="25">
    <mem type="nursery" free="108396544" total="268435456" percent="40">
      <mem type="allocate" free="108396544" total="184090624" percent="58" />
      <mem type="survivor" free="0" total="84344832" percent="0" />
    </mem>
    <mem type="tenure" free="166156624" total="805306368" percent="20" macro-fragmented="0">
      <mem type="soa" free="125890896" total="765040640" percent="16" />
      <mem type="loa" free="40265728" total="40265728" percent="100" />
    </mem>
    <remembered-set count="103" />
  </mem-info>
</gc-end>
<cycle-end id="449" type="scavenge" contextid="443" timestamp="2022-02-08T17:21:23.946" />
<allocation-satisfied id="450" threadId="0000000000016F00" bytesRequested="120" />
<af-end id="451" timestamp="2022-02-08T17:21:23.946" threadId="0000000000017908" success="true" from="nursery"/>
<exclusive-end id="452" timestamp="2022-02-08T17:21:23.946" durationms="75.000" />

<concurrent-kickoff id="453" timestamp="2022-02-08T17:21:24.760">
  <kickoff reason="threshold reached" targetBytes="126165068" thresholdFreeBytes="13927084"  remainingFree="13837344" tenureFreeBytes="166156624" nurseryFreeBytes="13837344" />
</concurrent-kickoff>
<exclusive-start id="454" timestamp="2022-02-08T17:21:24.763" intervalms="892.195">
  <response-info timems="0.020" idlems="0.020" threads="0" lastid="0000000000016F00" lastname="main" />
</exclusive-start>
<cycle-start id="455" type="global" contextid="0" timestamp="2022-02-08T17:21:24.763" intervalms="2860.750" />
<concurrent-start id="456" type="global mark" contextid="455" timestamp="2022-02-08T17:21:24.763">
</concurrent-start>
<exclusive-end id="457" timestamp="2022-02-08T17:21:24.763" durationms="0.037" />

<exclusive-start id="458" timestamp="2022-02-08T17:21:25.034" intervalms="270.900">
  <response-info timems="0.037" idlems="0.037" threads="0" lastid="0000000000016F00" lastname="main" />
</exclusive-start>
<af-start id="459" threadId="0000000000017908" totalBytesRequested="104" timestamp="2022-02-08T17:21:25.034" intervalms="1163.064" type="nursery" />
<cycle-start id="460" type="scavenge" contextid="0" timestamp="2022-02-08T17:21:25.034" intervalms="1163.061" />
<gc-start id="461" type="scavenge" contextid="460" timestamp="2022-02-08T17:21:25.034">
  <mem-info id="462" free="166156624" total="1073741824" percent="15">
    <mem type="nursery" free="0" total="268435456" percent="0">
      <mem type="allocate" free="0" total="184090624" percent="0" />
      <mem type="survivor" free="0" total="84344832" percent="0" />
    </mem>
    <mem type="tenure" free="166156624" total="805306368" percent="20">
      <mem type="soa" free="125890896" total="765040640" percent="16" />
      <mem type="loa" free="40265728" total="40265728" percent="100" />
    </mem>
    <remembered-set count="134" />
  </mem-info>
</gc-start>
<allocation-stats totalBytes="108350048" >
  <allocated-bytes non-tlh="2841568" tlh="105508480" />
  <largest-consumer threadName="main" threadId="0000000000016F00" bytes="108350048" />
</allocation-stats>
<gc-op id="463" type="scavenge" timems="75.840" contextid="460" timestamp="2022-02-08T17:21:25.110">
  <scavenger-info tenureage="1" tenuremask="7ffe" tiltratio="68" />
  <memory-copied type="nursery" objects="1459505" bytes="76202040" bytesdiscarded="67992" />
  <memory-copied type="tenure" objects="1329020" bytes="75534672" bytesdiscarded="36448" />
  <finalization candidates="110" enqueued="53" />
  <references type="soft" candidates="14" cleared="0" enqueued="0" dynamicThreshold="12" maxThreshold="32" />
  <references type="weak" candidates="1" cleared="0" enqueued="0" />
  <references type="phantom" candidates="95" cleared="7" enqueued="7" />
  <object-monitors candidates="2" cleared="0"  />
</gc-op>
<gc-end id="464" type="scavenge" contextid="460" durationms="76.249" usertimems="295.744" systemtimems="0.498" stalltimems="3.399" timestamp="2022-02-08T17:21:25.111" activeThreads="4">
  <mem-info id="465" free="198844616" total="1073741824" percent="18">
    <mem type="nursery" free="108082608" total="268435456" percent="40">
      <mem type="allocate" free="108082608" total="184352768" percent="58" />
      <mem type="survivor" free="0" total="84082688" percent="0" />
    </mem>
    <mem type="tenure" free="90762008" total="805306368" percent="11" macro-fragmented="0">
      <mem type="soa" free="50496280" total="765040640" percent="6" />
      <mem type="loa" free="40265728" total="40265728" percent="100" />
    </mem>
    <pending-finalizers system="52" default="1" reference="7" classloader="0" />
    <remembered-set count="129" />
  </mem-info>
</gc-end>
<cycle-end id="466" type="scavenge" contextid="460" timestamp="2022-02-08T17:21:25.111" />
<allocation-satisfied id="467" threadId="0000000000016F00" bytesRequested="104" />
<af-end id="468" timestamp="2022-02-08T17:21:25.111" threadId="0000000000017908" success="true" from="nursery"/>
<exclusive-end id="469" timestamp="2022-02-08T17:21:25.111" durationms="76.536" />

<concurrent-end id="470" type="global mark" contextid="455" timestamp="2022-02-08T17:21:25.116">
<gc-op id="471" type="trace" timems="352.518" contextid="455" timestamp="2022-02-08T17:21:25.116">
  <trace bytesTraced="74513304" workStackOverflowCount="0" />
  <card-cleaning reason="card cleaning threshold reached" bytesTraced="1000" cardsCleaned="2" />
</gc-op>
</concurrent-end>

<exclusive-start id="472" timestamp="2022-02-08T17:21:25.116" intervalms="81.671">
  <response-info timems="0.014" idlems="0.014" threads="0" lastid="0000000000016F00" lastname="main" />
</exclusive-start>
<concurrent-global-final id="473" timestamp="2022-02-08T17:21:25.116" contextid="455" intervalms="2862.244" >
  <concurrent-trace-info reason="card cleaning threshold reached" tracedByMutators="62697664" tracedByHelpers="11816640" cardsCleaned="2" workStackOverflowCount="0" />
</concurrent-global-final>
<gc-start id="474" type="global" contextid="455" timestamp="2022-02-08T17:21:25.116">
  <mem-info id="475" free="198291552" total="1073741824" percent="18">
    <mem type="nursery" free="107529544" total="268435456" percent="40">
      <mem type="allocate" free="107529544" total="184352768" percent="58" />
      <mem type="survivor" free="0" total="84082688" percent="0" />
    </mem>
    <mem type="tenure" free="90762008" total="805306368" percent="11">
      <mem type="soa" free="50496280" total="765040640" percent="6" />
      <mem type="loa" free="40265728" total="40265728" percent="100" />
    </mem>
    <remembered-set count="130" />
  </mem-info>
</gc-start>
<allocation-stats totalBytes="552768" >
  <allocated-bytes non-tlh="104" tlh="552664" />
  <largest-consumer threadName="main" threadId="0000000000016F00" bytes="544576" />
</allocation-stats>
<gc-op id="476" type="rs-scan" timems="136.258" contextid="455" timestamp="2022-02-08T17:21:25.252">
  <scan objectsFound="3324743" bytesTraced="71013084" workStackOverflowCount="0" />
</gc-op>
<gc-op id="477" type="card-cleaning" timems="11.116" contextid="455" timestamp="2022-02-08T17:21:25.263">
  <card-cleaning cardsCleaned="4" bytesTraced="1976" workStackOverflowCount="0" />
</gc-op>
<gc-op id="478" type="mark" timems="29.801" contextid="455" timestamp="2022-02-08T17:21:25.293">
  <trace-info objectcount="1027626" scancount="772245" scanbytes="16542328" />
  <finalization candidates="428" enqueued="57" />
  <ownableSynchronizers candidates="1" cleared="0" />
  <references type="soft" candidates="1063" cleared="0" enqueued="0" dynamicThreshold="12" maxThreshold="32" />
  <references type="weak" candidates="1701" cleared="0" enqueued="0" />
  <references type="phantom" candidates="52" cleared="2" enqueued="2" />
  <stringconstants candidates="6463" cleared="0"  />
  <object-monitors candidates="2" cleared="0"  />
</gc-op>
<gc-op id="479" type="sweep" timems="4.705" contextid="455" timestamp="2022-02-08T17:21:25.298" />
<gc-end id="480" type="global" contextid="455" durationms="182.307" usertimems="185.280" systemtimems="0.367" stalltimems="89.820" timestamp="2022-02-08T17:21:25.298" activeThreads="4">
  <mem-info id="481" free="441777448" total="1073741824" percent="41">
    <mem type="nursery" free="108120640" total="268435456" percent="40">
      <mem type="allocate" free="108120640" total="184352768" percent="58" />
      <mem type="survivor" free="0" total="84082688" percent="0" />
    </mem>
    <mem type="tenure" free="333656808" total="805306368" percent="41" micro-fragmented="260295" macro-fragmented="0">
      <mem type="soa" free="293391080" total="765040640" percent="38" />
      <mem type="loa" free="40265728" total="40265728" percent="100" />
    </mem>
    <pending-finalizers system="57" default="0" reference="2" classloader="0" />
    <remembered-set count="112" />
  </mem-info>
</gc-end>
<cycle-end id="482" type="global" contextid="455" timestamp="2022-02-08T17:21:25.298" />
<exclusive-end id="483" timestamp="2022-02-08T17:21:25.298" durationms="182.540" />

<exclusive-start id="484" timestamp="2022-02-08T17:21:26.013" intervalms="896.995">
  <response-info timems="0.018" idlems="0.018" threads="0" lastid="0000000000016F00" lastname="main" />
</exclusive-start>
<af-start id="485" threadId="0000000000017908" totalBytesRequested="216" timestamp="2022-02-08T17:21:26.013" intervalms="978.654" type="nursery" />
<cycle-start id="486" type="scavenge" contextid="0" timestamp="2022-02-08T17:21:26.013" intervalms="978.653" />
<gc-start id="487" type="scavenge" contextid="486" timestamp="2022-02-08T17:21:26.013">
  <mem-info id="488" free="333656808" total="1073741824" percent="31">
    <mem type="nursery" free="0" total="268435456" percent="0">
      <mem type="allocate" free="0" total="184352768" percent="0" />
      <mem type="survivor" free="0" total="84082688" percent="0" />
    </mem>
    <mem type="tenure" free="333656808" total="805306368" percent="41">
      <mem type="soa" free="293391080" total="765040640" percent="38" />
      <mem type="loa" free="40265728" total="40265728" percent="100" />
    </mem>
    <remembered-set count="113" />
  </mem-info>
</gc-start>
<allocation-stats totalBytes="108070632" >
  <allocated-bytes non-tlh="0" tlh="108070632" />
  <largest-consumer threadName="main" threadId="0000000000016F00" bytes="108058376" />
</allocation-stats>
<gc-op id="489" type="scavenge" timems="76.759" contextid="486" timestamp="2022-02-08T17:21:26.090">
  <scavenger-info tenureage="1" tenuremask="7ffe" tiltratio="68" />
  <memory-copied type="nursery" objects="1392841" bytes="77281136" bytesdiscarded="186152" />
  <memory-copied type="tenure" objects="1458789" bytes="75734040" bytesdiscarded="40440" />
  <finalization candidates="57" enqueued="0" />
  <ownableSynchronizers candidates="2" cleared="2" />
  <object-monitors candidates="2" cleared="0"  />
</gc-op>
<gc-end id="490" type="scavenge" contextid="486" durationms="77.205" usertimems="302.954" systemtimems="0.939" stalltimems="2.366" timestamp="2022-02-08T17:21:26.090" activeThreads="4">
  <mem-info id="491" free="364093904" total="1073741824" percent="33">
    <mem type="nursery" free="106426728" total="268435456" percent="39">
      <mem type="allocate" free="106426728" total="183894016" percent="57" />
      <mem type="survivor" free="0" total="84541440" percent="0" />
    </mem>
    <mem type="tenure" free="257667176" total="805306368" percent="31" macro-fragmented="0">
      <mem type="soa" free="217401448" total="765040640" percent="28" />
      <mem type="loa" free="40265728" total="40265728" percent="100" />
    </mem>
    <remembered-set count="103" />
  </mem-info>
</gc-end>
<cycle-end id="492" type="scavenge" contextid="486" timestamp="2022-02-08T17:21:26.090" />
<allocation-satisfied id="493" threadId="0000000000016F00" bytesRequested="216" />
<af-end id="494" timestamp="2022-02-08T17:21:26.090" threadId="0000000000017908" success="true" from="nursery"/>
<exclusive-end id="495" timestamp="2022-02-08T17:21:26.090" durationms="77.505" />

<exclusive-start id="496" timestamp="2022-02-08T17:21:26.741" intervalms="728.277">
  <response-info timems="0.024" idlems="0.024" threads="0" lastid="0000000000016F00" lastname="main" />
</exclusive-start>
<af-start id="497" threadId="0000000000017908" totalBytesRequested="112" timestamp="2022-02-08T17:21:26.741" intervalms="728.281" type="nursery" />
<cycle-start id="498" type="scavenge" contextid="0" timestamp="2022-02-08T17:21:26.741" intervalms="728.284" />
<gc-start id="499" type="scavenge" contextid="498" timestamp="2022-02-08T17:21:26.741">
  <mem-info id="500" free="257667176" total="1073741824" percent="23">
    <mem type="nursery" free="0" total="268435456" percent="0">
      <mem type="allocate" free="0" total="183894016" percent="0" />
      <mem type="survivor" free="0" total="84541440" percent="0" />
    </mem>
    <mem type="tenure" free="257667176" total="805306368" percent="31">
      <mem type="soa" free="217401448" total="765040640" percent="28" />
      <mem type="loa" free="40265728" total="40265728" percent="100" />
    </mem>
    <remembered-set count="103" />
  </mem-info>
</gc-start>
<allocation-stats totalBytes="106378104" >
  <allocated-bytes non-tlh="216" tlh="106377888" />
  <largest-consumer threadName="main" threadId="0000000000016F00" bytes="106378104" />
</allocation-stats>
<gc-op id="501" type="scavenge" timems="80.828" contextid="498" timestamp="2022-02-08T17:21:26.822">
  <scavenger-info tenureage="1" tenuremask="7ffe" tiltratio="68" />
  <memory-copied type="nursery" objects="1343392" bytes="75668256" bytesdiscarded="113768" />
  <memory-copied type="tenure" objects="1392840" bytes="77281016" bytesdiscarded="39192" />
  <object-monitors candidates="2" cleared="0"  />
</gc-op>
<gc-end id="502" type="scavenge" contextid="498" durationms="81.425" usertimems="319.953" systemtimems="0.000" stalltimems="2.624" timestamp="2022-02-08T17:21:26.823" activeThreads="4">
  <mem-info id="503" free="288597640" total="1073741824" percent="26">
    <mem type="nursery" free="108308600" total="268435456" percent="40">
      <mem type="allocate" free="108308600" total="184090624" percent="58" />
      <mem type="survivor" free="0" total="84344832" percent="0" />
    </mem>
    <mem type="tenure" free="180289040" total="805306368" percent="22" macro-fragmented="0">
      <mem type="soa" free="140023312" total="765040640" percent="18" />
      <mem type="loa" free="40265728" total="40265728" percent="100" />
    </mem>
    <remembered-set count="103" />
  </mem-info>
</gc-end>
<cycle-end id="504" type="scavenge" contextid="498" timestamp="2022-02-08T17:21:26.823" />
<allocation-satisfied id="505" threadId="0000000000016F00" bytesRequested="112" />
<af-end id="506" timestamp="2022-02-08T17:21:26.823" threadId="0000000000017908" success="true" from="nursery"/>
<exclusive-end id="507" timestamp="2022-02-08T17:21:26.823" durationms="81.851" />

<concurrent-kickoff id="508" timestamp="2022-02-08T17:21:27.652">
  <kickoff reason="threshold reached" targetBytes="115675446" thresholdFreeBytes="12287903"  remainingFree="12213504" tenureFreeBytes="180289040" nurseryFreeBytes="12213504" />
</concurrent-kickoff>
<exclusive-start id="509" timestamp="2022-02-08T17:21:27.655" intervalms="914.058">
  <response-info timems="0.018" idlems="0.018" threads="0" lastid="0000000000016F00" lastname="main" />
</exclusive-start>
<cycle-start id="510" type="global" contextid="0" timestamp="2022-02-08T17:21:27.655" intervalms="2891.899" />
<concurrent-start id="511" type="global mark" contextid="510" timestamp="2022-02-08T17:21:27.655">
</concurrent-start>
<exclusive-end id="512" timestamp="2022-02-08T17:21:27.655" durationms="0.025" />

<exclusive-start id="513" timestamp="2022-02-08T17:21:27.882" intervalms="227.032">
  <response-info timems="0.061" idlems="0.061" threads="0" lastid="0000000000016F00" lastname="main" />
</exclusive-start>
<af-start id="514" threadId="0000000000017908" totalBytesRequested="24" timestamp="2022-02-08T17:21:27.882" intervalms="1141.101" type="nursery" />
<cycle-start id="515" type="scavenge" contextid="0" timestamp="2022-02-08T17:21:27.882" intervalms="1141.100" />
<gc-start id="516" type="scavenge" contextid="515" timestamp="2022-02-08T17:21:27.882">
  <mem-info id="517" free="180289040" total="1073741824" percent="16">
    <mem type="nursery" free="0" total="268435456" percent="0">
      <mem type="allocate" free="0" total="184090624" percent="0" />
      <mem type="survivor" free="0" total="84344832" percent="0" />
    </mem>
    <mem type="tenure" free="180289040" total="805306368" percent="22">
      <mem type="soa" free="140023312" total="765040640" percent="18" />
      <mem type="loa" free="40265728" total="40265728" percent="100" />
    </mem>
    <remembered-set count="133" />
  </mem-info>
</gc-start>
<allocation-stats totalBytes="108262400" >
  <allocated-bytes non-tlh="2841560" tlh="105420840" />
  <largest-consumer threadName="main" threadId="0000000000016F00" bytes="108262400" />
</allocation-stats>
<gc-op id="518" type="scavenge" timems="85.444" contextid="515" timestamp="2022-02-08T17:21:27.968">
  <scavenger-info tenureage="1" tenuremask="7ffe" tiltratio="68" />
  <memory-copied type="nursery" objects="1433647" bytes="76052536" bytesdiscarded="46032" />
  <memory-copied type="tenure" objects="1343392" bytes="75668256" bytesdiscarded="40752" />
  <finalization candidates="110" enqueued="53" />
  <references type="soft" candidates="14" cleared="0" enqueued="0" dynamicThreshold="13" maxThreshold="32" />
  <references type="weak" candidates="1" cleared="0" enqueued="0" />
  <references type="phantom" candidates="95" cleared="7" enqueued="7" />
  <object-monitors candidates="2" cleared="0"  />
</gc-op>
<gc-end id="519" type="scavenge" contextid="515" durationms="85.781" usertimems="334.360" systemtimems="0.000" stalltimems="4.616" timestamp="2022-02-08T17:21:27.968" activeThreads="4">
  <mem-info id="520" free="212904992" total="1073741824" percent="19">
    <mem type="nursery" free="108385144" total="268435456" percent="40">
      <mem type="allocate" free="108385144" total="184483840" percent="58" />
      <mem type="survivor" free="0" total="83951616" percent="0" />
    </mem>
    <mem type="tenure" free="104519848" total="805306368" percent="12" macro-fragmented="90795520">
      <mem type="soa" free="64254120" total="765040640" percent="8" />
      <mem type="loa" free="40265728" total="40265728" percent="100" />
    </mem>
    <pending-finalizers system="52" default="1" reference="7" classloader="0" />
    <remembered-set count="128" />
  </mem-info>
</gc-end>
<cycle-end id="521" type="scavenge" contextid="515" timestamp="2022-02-08T17:21:27.968" />
<allocation-satisfied id="522" threadId="0000000000016F00" bytesRequested="24" />
<af-end id="523" timestamp="2022-02-08T17:21:27.968" threadId="0000000000017908" success="true" from="nursery"/>
<exclusive-end id="524" timestamp="2022-02-08T17:21:27.968" durationms="86.106" />

<concurrent-end id="525" type="global mark" contextid="510" timestamp="2022-02-08T17:21:27.996">
<gc-op id="526" type="trace" timems="341.187" contextid="510" timestamp="2022-02-08T17:21:27.996">
  <trace bytesTraced="74513512" workStackOverflowCount="0" />
  <card-cleaning reason="card cleaning threshold reached" bytesTraced="1184" cardsCleaned="3" />
</gc-op>
</concurrent-end>

<exclusive-start id="527" timestamp="2022-02-08T17:21:27.996" intervalms="114.223">
  <response-info timems="0.021" idlems="0.021" threads="0" lastid="0000000000016F00" lastname="main" />
</exclusive-start>
<concurrent-global-final id="528" timestamp="2022-02-08T17:21:27.996" contextid="510" intervalms="2880.594" >
  <concurrent-trace-info reason="card cleaning threshold reached" tracedByMutators="59981896" tracedByHelpers="14532800" cardsCleaned="3" workStackOverflowCount="0" />
</concurrent-global-final>
<gc-start id="529" type="global" contextid="510" timestamp="2022-02-08T17:21:27.996">
  <mem-info id="530" free="210832392" total="1073741824" percent="19">
    <mem type="nursery" free="106312544" total="268435456" percent="39">
      <mem type="allocate" free="106312544" total="184483840" percent="57" />
      <mem type="survivor" free="0" total="83951616" percent="0" />
    </mem>
    <mem type="tenure" free="104519848" total="805306368" percent="12">
      <mem type="soa" free="64254120" total="765040640" percent="8" />
      <mem type="loa" free="40265728" total="40265728" percent="100" />
    </mem>
    <remembered-set count="129" />
  </mem-info>
</gc-start>
<allocation-stats totalBytes="2071688" >
  <allocated-bytes non-tlh="24" tlh="2071664" />
  <largest-consumer threadName="main" threadId="0000000000016F00" bytes="2063496" />
</allocation-stats>
<gc-op id="531" type="rs-scan" timems="131.321" contextid="510" timestamp="2022-02-08T17:21:28.128">
  <scan objectsFound="3324743" bytesTraced="71013060" workStackOverflowCount="0" />
</gc-op>
<gc-op id="532" type="card-cleaning" timems="0.305" contextid="510" timestamp="2022-02-08T17:21:28.128">
  <card-cleaning cardsCleaned="4" bytesTraced="1976" workStackOverflowCount="0" />
</gc-op>
<gc-op id="533" type="mark" timems="24.693" contextid="510" timestamp="2022-02-08T17:21:28.153">
  <trace-info objectcount="787636" scancount="592253" scanbytes="12702472" />
  <finalization candidates="428" enqueued="57" />
  <ownableSynchronizers candidates="1" cleared="0" />
  <references type="soft" candidates="1063" cleared="0" enqueued="0" dynamicThreshold="13" maxThreshold="32" />
  <references type="weak" candidates="1701" cleared="0" enqueued="0" />
  <references type="phantom" candidates="52" cleared="2" enqueued="2" />
  <stringconstants candidates="6463" cleared="0"  />
  <object-monitors candidates="2" cleared="0"  />
</gc-op>
<gc-op id="534" type="sweep" timems="4.468" contextid="510" timestamp="2022-02-08T17:21:28.158" />
<gc-end id="535" type="global" contextid="510" durationms="161.162" usertimems="174.906" systemtimems="0.056" stalltimems="74.062" timestamp="2022-02-08T17:21:28.158" activeThreads="4">
  <mem-info id="536" free="454506816" total="1073741824" percent="42">
    <mem type="nursery" free="106928072" total="268435456" percent="39">
      <mem type="allocate" free="106928072" total="184483840" percent="57" />
      <mem type="survivor" free="0" total="83951616" percent="0" />
    </mem>
    <mem type="tenure" free="347578744" total="805306368" percent="43" micro-fragmented="225449" macro-fragmented="0">
      <mem type="soa" free="307313016" total="765040640" percent="40" />
      <mem type="loa" free="40265728" total="40265728" percent="100" />
    </mem>
    <pending-finalizers system="57" default="0" reference="2" classloader="0" />
    <remembered-set count="111" />
  </mem-info>
</gc-end>
<cycle-end id="537" type="global" contextid="510" timestamp="2022-02-08T17:21:28.158" />
<exclusive-end id="538" timestamp="2022-02-08T17:21:28.158" durationms="161.397" />

<exclusive-start id="539" timestamp="2022-02-08T17:21:28.897" intervalms="900.924">
  <response-info timems="0.021" idlems="0.021" threads="0" lastid="0000000000016F00" lastname="main" />
</exclusive-start>
<af-start id="540" threadId="0000000000017908" totalBytesRequested="216" timestamp="2022-02-08T17:21:28.897" intervalms="1015.141" type="nursery" />
<cycle-start id="541" type="scavenge" contextid="0" timestamp="2022-02-08T17:21:28.897" intervalms="1015.141" />
<gc-start id="542" type="scavenge" contextid="541" timestamp="2022-02-08T17:21:28.897">
  <mem-info id="543" free="347578744" total="1073741824" percent="32">
    <mem type="nursery" free="0" total="268435456" percent="0">
      <mem type="allocate" free="0" total="184483840" percent="0" />
      <mem type="survivor" free="0" total="83951616" percent="0" />
    </mem>
    <mem type="tenure" free="347578744" total="805306368" percent="43">
      <mem type="soa" free="307313016" total="765040640" percent="40" />
      <mem type="loa" free="40265728" total="40265728" percent="100" />
    </mem>
    <remembered-set count="112" />
  </mem-info>
</gc-start>
<allocation-stats totalBytes="106876440" >
  <allocated-bytes non-tlh="0" tlh="106876440" />
  <largest-consumer threadName="main" threadId="0000000000016F00" bytes="106872320" />
</allocation-stats>
<gc-op id="544" type="scavenge" timems="97.483" contextid="541" timestamp="2022-02-08T17:21:28.995">
  <scavenger-info tenureage="1" tenuremask="7ffe" tiltratio="68" />
  <memory-copied type="nursery" objects="1404921" bytes="77530720" bytesdiscarded="287304" />
  <memory-copied type="tenure" objects="1432932" bytes="75584600" bytesdiscarded="42600" />
  <finalization candidates="57" enqueued="0" />
  <ownableSynchronizers candidates="2" cleared="2" />
  <object-monitors candidates="2" cleared="0"  />
</gc-op>
<gc-end id="545" type="scavenge" contextid="541" durationms="97.730" usertimems="355.512" systemtimems="9.051" stalltimems="16.234" timestamp="2022-02-08T17:21:28.995" activeThreads="4">
  <mem-info id="546" free="377383640" total="1073741824" percent="35">
    <mem type="nursery" free="105551704" total="268435456" percent="39">
      <mem type="allocate" free="105551704" total="183369728" percent="57" />
      <mem type="survivor" free="0" total="85065728" percent="0" />
    </mem>
    <mem type="tenure" free="271831936" total="805306368" percent="33" macro-fragmented="0">
      <mem type="soa" free="231566208" total="765040640" percent="30" />
      <mem type="loa" free="40265728" total="40265728" percent="100" />
    </mem>
    <remembered-set count="103" />
  </mem-info>
</gc-end>
<cycle-end id="547" type="scavenge" contextid="541" timestamp="2022-02-08T17:21:28.995" />
<allocation-satisfied id="548" threadId="0000000000016F00" bytesRequested="216" />
<af-end id="549" timestamp="2022-02-08T17:21:28.995" threadId="0000000000017908" success="true" from="nursery"/>
<exclusive-end id="550" timestamp="2022-02-08T17:21:28.995" durationms="98.033" />

<exclusive-start id="551" timestamp="2022-02-08T17:21:29.656" intervalms="758.516">
  <response-info timems="0.017" idlems="0.017" threads="0" lastid="0000000000016F00" lastname="main" />
</exclusive-start>
<af-start id="552" threadId="0000000000017908" totalBytesRequested="16" timestamp="2022-02-08T17:21:29.656" intervalms="758.507" type="nursery" />
<cycle-start id="553" type="scavenge" contextid="0" timestamp="2022-02-08T17:21:29.656" intervalms="758.543" />
<gc-start id="554" type="scavenge" contextid="553" timestamp="2022-02-08T17:21:29.656">
  <mem-info id="555" free="271831936" total="1073741824" percent="25">
    <mem type="nursery" free="0" total="268435456" percent="0">
      <mem type="allocate" free="0" total="183369728" percent="0" />
      <mem type="survivor" free="0" total="85065728" percent="0" />
    </mem>
    <mem type="tenure" free="271831936" total="805306368" percent="33">
      <mem type="soa" free="231566208" total="765040640" percent="30" />
      <mem type="loa" free="40265728" total="40265728" percent="100" />
    </mem>
    <remembered-set count="103" />
  </mem-info>
</gc-start>
<allocation-stats totalBytes="105500296" >
  <allocated-bytes non-tlh="216" tlh="105500080" />
  <largest-consumer threadName="main" threadId="0000000000016F00" bytes="105500296" />
</allocation-stats>
<gc-op id="556" type="scavenge" timems="76.558" contextid="553" timestamp="2022-02-08T17:21:29.733">
  <scavenger-info tenureage="1" tenuremask="7ffe" tiltratio="68" />
  <memory-copied type="nursery" objects="1315759" bytes="74973456" bytesdiscarded="144248" />
  <memory-copied type="tenure" objects="1404920" bytes="77530600" bytesdiscarded="43728" />
  <object-monitors candidates="2" cleared="0"  />
</gc-op>
<gc-end id="557" type="scavenge" contextid="553" durationms="76.792" usertimems="301.867" systemtimems="0.000" stalltimems="3.919" timestamp="2022-02-08T17:21:29.733" activeThreads="4">
  <mem-info id="558" free="302637488" total="1073741824" percent="28">
    <mem type="nursery" free="108514168" total="268435456" percent="40">
      <mem type="allocate" free="108514168" total="183631872" percent="59" />
      <mem type="survivor" free="0" total="84803584" percent="0" />
    </mem>
    <mem type="tenure" free="194123320" total="805306368" percent="24" macro-fragmented="0">
      <mem type="soa" free="153857592" total="765040640" percent="20" />
      <mem type="loa" free="40265728" total="40265728" percent="100" />
    </mem>
    <remembered-set count="103" />
  </mem-info>
</gc-end>
<cycle-end id="559" type="scavenge" contextid="553" timestamp="2022-02-08T17:21:29.733" />
<allocation-satisfied id="560" threadId="0000000000016F00" bytesRequested="16" />
<af-end id="561" timestamp="2022-02-08T17:21:29.733" threadId="0000000000017908" success="true" from="nursery"/>
<exclusive-end id="562" timestamp="2022-02-08T17:21:29.733" durationms="77.083" />

<concurrent-kickoff id="563" timestamp="2022-02-08T17:21:30.560">
  <kickoff reason="threshold reached" targetBytes="107331691" thresholdFreeBytes="10990677"  remainingFree="10977376" tenureFreeBytes="194123320" nurseryFreeBytes="10977376" />
</concurrent-kickoff>
<exclusive-start id="564" timestamp="2022-02-08T17:21:30.563" intervalms="906.999">
  <response-info timems="0.029" idlems="0.029" threads="0" lastid="0000000000016F00" lastname="main" />
</exclusive-start>
<cycle-start id="565" type="global" contextid="0" timestamp="2022-02-08T17:21:30.563" intervalms="2907.696" />
<concurrent-start id="566" type="global mark" contextid="565" timestamp="2022-02-08T17:21:30.563">
</concurrent-start>
<exclusive-end id="567" timestamp="2022-02-08T17:21:30.563" durationms="0.028" />

<exclusive-start id="568" timestamp="2022-02-08T17:21:30.808" intervalms="245.226">
  <response-info timems="0.018" idlems="0.018" threads="0" lastid="0000000000016F00" lastname="main" />
</exclusive-start>
<af-start id="569" threadId="0000000000017908" totalBytesRequested="240" timestamp="2022-02-08T17:21:30.808" intervalms="1152.225" type="nursery" />
<percolate-collect id="570" from="nursery" to="global" reason="concurrent mark exhausted" timestamp="2022-02-08T17:21:30.808"/>
<concurrent-end id="571" type="global mark" contextid="565" timestamp="2022-02-08T17:21:30.808">
<gc-op id="572" type="trace" timems="245.186" contextid="565" timestamp="2022-02-08T17:21:30.808">
  <trace bytesTraced="74513656" workStackOverflowCount="0" />
  <card-cleaning reason="card cleaning threshold reached" bytesTraced="1000" cardsCleaned="2" />
</gc-op>
</concurrent-end>

<gc-start id="573" type="global" contextid="565" timestamp="2022-02-08T17:21:30.808">
  <mem-info id="574" free="194123320" total="1073741824" percent="18">
    <mem type="nursery" free="0" total="268435456" percent="0">
      <mem type="allocate" free="0" total="183631872" percent="0" />
      <mem type="survivor" free="0" total="84803584" percent="0" />
    </mem>
    <mem type="tenure" free="194123320" total="805306368" percent="24">
      <mem type="soa" free="153857592" total="765040640" percent="20" />
      <mem type="loa" free="40265728" total="40265728" percent="100" />
    </mem>
    <remembered-set count="134" />
  </mem-info>
</gc-start>
<allocation-stats totalBytes="108469920" >
  <allocated-bytes non-tlh="1493784" tlh="106976136" />
  <largest-consumer threadName="main" threadId="0000000000016F00" bytes="108469920" />
</allocation-stats>
<concurrent-halted id="575" timestamp="2022-02-08T17:21:30.808">
  <halted state="Complete" status="exhausted" />
  <traced bytesTarget="107331691" bytesTotal="74514656" bytesByMutator="63488028" bytesByHelper="11026628" percent="69" />
  <cards cleaned="2" thresholdBytes="4329661" />
</concurrent-halted>
<gc-op id="576" type="rs-scan" timems="128.576" contextid="565" timestamp="2022-02-08T17:21:30.937">
  <scan objectsFound="3324841" bytesTraced="71016872" workStackOverflowCount="0" />
</gc-op>
<gc-op id="577" type="card-cleaning" timems="0.691" contextid="565" timestamp="2022-02-08T17:21:30.938">
  <card-cleaning cardsCleaned="1" bytesTraced="512" workStackOverflowCount="0" />
</gc-op>
<gc-op id="578" type="mark" timems="18.135" contextid="565" timestamp="2022-02-08T17:21:30.956">
  <trace-info objectcount="537947" scancount="405066" scanbytes="8715720" />
  <finalization candidates="480" enqueued="110" />
  <ownableSynchronizers candidates="1" cleared="0" />
  <references type="soft" candidates="1063" cleared="0" enqueued="0" dynamicThreshold="13" maxThreshold="32" />
  <references type="weak" candidates="1701" cleared="0" enqueued="0" />
  <references type="phantom" candidates="115" cleared="8" enqueued="8" />
  <stringconstants candidates="6463" cleared="0"  />
  <object-monitors candidates="2" cleared="0"  />
</gc-op>
<gc-op id="579" type="sweep" timems="4.689" contextid="565" timestamp="2022-02-08T17:21:30.960" />
<gc-end id="580" type="global" contextid="565" durationms="152.285" usertimems="168.059" systemtimems="0.238" stalltimems="53.697" timestamp="2022-02-08T17:21:30.960" activeThreads="4">
  <mem-info id="581" free="439758080" total="1073741824" percent="40">
    <mem type="nursery" free="2643360" total="268435456" percent="0">
      <mem type="allocate" free="2643360" total="183631872" percent="1" />
      <mem type="survivor" free="0" total="84803584" percent="0" />
    </mem>
    <mem type="tenure" free="437114720" total="805306368" percent="54" micro-fragmented="181899" macro-fragmented="206078480">
      <mem type="soa" free="396848992" total="765040640" percent="51" />
      <mem type="loa" free="40265728" total="40265728" percent="100" />
    </mem>
    <pending-finalizers system="109" default="1" reference="8" classloader="0" />
    <remembered-set count="112" />
  </mem-info>
</gc-end>
<cycle-end id="582" type="global" contextid="565" timestamp="2022-02-08T17:21:30.961" />
<allocation-satisfied id="583" threadId="0000000000016F00" bytesRequested="240" />
<af-end id="584" timestamp="2022-02-08T17:21:30.961" threadId="0000000000017908" success="true" from="nursery"/>
<exclusive-end id="585" timestamp="2022-02-08T17:21:30.961" durationms="152.532" />

<exclusive-start id="586" timestamp="2022-02-08T17:21:30.978" intervalms="170.293">
  <response-info timems="0.016" idlems="0.016" threads="0" lastid="0000000000016F00" lastname="main" />
</exclusive-start>
<af-start id="587" threadId="0000000000017908" totalBytesRequested="192" timestamp="2022-02-08T17:21:30.978" intervalms="170.287" type="nursery" />
<cycle-start id="588" type="scavenge" contextid="0" timestamp="2022-02-08T17:21:30.978" intervalms="1322.482" />
<gc-start id="589" type="scavenge" contextid="588" timestamp="2022-02-08T17:21:30.978">
  <mem-info id="590" free="437114720" total="1073741824" percent="40">
    <mem type="nursery" free="0" total="268435456" percent="0">
      <mem type="allocate" free="0" total="183631872" percent="0" />
      <mem type="survivor" free="0" total="84803584" percent="0" />
    </mem>
    <mem type="tenure" free="437114720" total="805306368" percent="54">
      <mem type="soa" free="396848992" total="765040640" percent="51" />
      <mem type="loa" free="40265728" total="40265728" percent="100" />
    </mem>
    <remembered-set count="114" />
  </mem-info>
</gc-start>
<allocation-stats totalBytes="2632624" >
  <allocated-bytes non-tlh="240" tlh="2632384" />
  <largest-consumer threadName="main" threadId="0000000000016F00" bytes="2618216" />
</allocation-stats>
<gc-op id="591" type="scavenge" timems="76.410" contextid="588" timestamp="2022-02-08T17:21:31.055">
  <scavenger-info tenureage="1" tenuremask="7ffe" tiltratio="68" />
  <memory-copied type="nursery" objects="1517809" bytes="77791896" bytesdiscarded="142112" />
  <memory-copied type="tenure" objects="1315759" bytes="74973456" bytesdiscarded="38520" />
  <finalization candidates="56" enqueued="0" />
  <ownableSynchronizers candidates="2" cleared="2" />
  <references type="soft" candidates="14" cleared="0" enqueued="0" dynamicThreshold="17" maxThreshold="32" />
  <references type="weak" candidates="1" cleared="0" enqueued="0" />
  <references type="phantom" candidates="30" cleared="1" enqueued="1" />
  <object-monitors candidates="2" cleared="0"  />
</gc-op>
<gc-end id="592" type="scavenge" contextid="588" durationms="76.591" usertimems="302.752" systemtimems="0.000" stalltimems="2.078" timestamp="2022-02-08T17:21:31.055" activeThreads="4">
  <mem-info id="593" free="465726720" total="1073741824" percent="43">
    <mem type="nursery" free="103862792" total="268435456" percent="38">
      <mem type="allocate" free="103862792" total="181796864" percent="57" />
      <mem type="survivor" free="0" total="86638592" percent="0" />
    </mem>
    <mem type="tenure" free="361863928" total="805306368" percent="44" macro-fragmented="143110048">
      <mem type="soa" free="321598200" total="765040640" percent="42" />
      <mem type="loa" free="40265728" total="40265728" percent="100" />
    </mem>
    <pending-finalizers system="0" default="0" reference="1" classloader="0" />
    <remembered-set count="111" />
  </mem-info>
</gc-end>
<cycle-end id="594" type="scavenge" contextid="588" timestamp="2022-02-08T17:21:31.055" />
<allocation-satisfied id="595" threadId="0000000000016F00" bytesRequested="192" />
<af-end id="596" timestamp="2022-02-08T17:21:31.055" threadId="0000000000017908" success="true" from="nursery"/>
<exclusive-end id="597" timestamp="2022-02-08T17:21:31.055" durationms="76.852" />

<exclusive-start id="598" timestamp="2022-02-08T17:21:31.742" intervalms="763.648">
  <response-info timems="0.026" idlems="0.026" threads="0" lastid="0000000000016F00" lastname="main" />
</exclusive-start>
<af-start id="599" threadId="0000000000017908" totalBytesRequested="200" timestamp="2022-02-08T17:21:31.742" intervalms="763.678" type="nursery" />
<cycle-start id="600" type="scavenge" contextid="0" timestamp="2022-02-08T17:21:31.742" intervalms="763.687" />
<gc-start id="601" type="scavenge" contextid="600" timestamp="2022-02-08T17:21:31.742">
  <mem-info id="602" free="361863928" total="1073741824" percent="33">
    <mem type="nursery" free="0" total="268435456" percent="0">
      <mem type="allocate" free="0" total="181796864" percent="0" />
      <mem type="survivor" free="0" total="86638592" percent="0" />
    </mem>
    <mem type="tenure" free="361863928" total="805306368" percent="44">
      <mem type="soa" free="321598200" total="765040640" percent="42" />
      <mem type="loa" free="40265728" total="40265728" percent="100" />
    </mem>
    <remembered-set count="112" />
  </mem-info>
</gc-start>
<allocation-stats totalBytes="103812184" >
  <allocated-bytes non-tlh="1347872" tlh="102464312" />
  <largest-consumer threadName="main" threadId="0000000000016F00" bytes="103812184" />
</allocation-stats>
<gc-op id="603" type="scavenge" timems="90.117" contextid="600" timestamp="2022-02-08T17:21:31.832">
  <scavenger-info tenureage="1" tenuremask="7ffe" tiltratio="67" />
  <memory-copied type="nursery" objects="1308782" bytes="74323344" bytesdiscarded="144936" />
  <memory-copied type="tenure" objects="1517797" bytes="77316424" bytesdiscarded="39192" />
  <finalization candidates="57" enqueued="0" />
  <references type="phantom" candidates="1" cleared="0" enqueued="0" />
  <object-monitors candidates="2" cleared="0"  />
</gc-op>
<gc-end id="604" type="scavenge" contextid="600" durationms="90.319" usertimems="356.071" systemtimems="0.000" stalltimems="3.414" timestamp="2022-02-08T17:21:31.832" activeThreads="4">
  <mem-info id="605" free="392431008" total="1073741824" percent="36">
    <mem type="nursery" free="107852872" total="268435456" percent="40">
      <mem type="allocate" free="107852872" total="182321152" percent="59" />
      <mem type="survivor" free="0" total="86114304" percent="0" />
    </mem>
    <mem type="tenure" free="284578136" total="805306368" percent="35" macro-fragmented="69015248">
      <mem type="soa" free="244312408" total="765040640" percent="31" />
      <mem type="loa" free="40265728" total="40265728" percent="100" />
    </mem>
    <remembered-set count="102" />
  </mem-info>
</gc-end>
<cycle-end id="606" type="scavenge" contextid="600" timestamp="2022-02-08T17:21:31.833" />
<allocation-satisfied id="607" threadId="0000000000016F00" bytesRequested="200" />
<af-end id="608" timestamp="2022-02-08T17:21:31.833" threadId="0000000000017908" success="true" from="nursery"/>
<exclusive-end id="609" timestamp="2022-02-08T17:21:31.833" durationms="90.610" />

<exclusive-start id="610" timestamp="2022-02-08T17:21:32.522" intervalms="779.617">
  <response-info timems="0.018" idlems="0.018" threads="0" lastid="0000000000016F00" lastname="main" />
</exclusive-start>
<af-start id="611" threadId="0000000000017908" totalBytesRequested="184" timestamp="2022-02-08T17:21:32.522" intervalms="779.605" type="nursery" />
<cycle-start id="612" type="scavenge" contextid="0" timestamp="2022-02-08T17:21:32.522" intervalms="779.589" />
<gc-start id="613" type="scavenge" contextid="612" timestamp="2022-02-08T17:21:32.522">
  <mem-info id="614" free="284578136" total="1073741824" percent="26">
    <mem type="nursery" free="0" total="268435456" percent="0">
      <mem type="allocate" free="0" total="182321152" percent="0" />
      <mem type="survivor" free="0" total="86114304" percent="0" />
    </mem>
    <mem type="tenure" free="284578136" total="805306368" percent="35">
      <mem type="soa" free="244312408" total="765040640" percent="31" />
      <mem type="loa" free="40265728" total="40265728" percent="100" />
    </mem>
    <remembered-set count="102" />
  </mem-info>
</gc-start>
<allocation-stats totalBytes="107803064" >
  <allocated-bytes non-tlh="200" tlh="107802864" />
  <largest-consumer threadName="main" threadId="0000000000016F00" bytes="107803064" />
</allocation-stats>
<gc-op id="615" type="scavenge" timems="77.867" contextid="612" timestamp="2022-02-08T17:21:32.600">
  <scavenger-info tenureage="1" tenuremask="7ffe" tiltratio="67" />
  <memory-copied type="nursery" objects="1360121" bytes="76669952" bytesdiscarded="211512" />
  <memory-copied type="tenure" objects="1308781" bytes="74323232" bytesdiscarded="37104" />
  <finalization candidates="1" enqueued="0" />
  <object-monitors candidates="2" cleared="0"  />
</gc-op>
<gc-end id="616" type="scavenge" contextid="612" durationms="78.091" usertimems="308.408" systemtimems="0.017" stalltimems="2.458" timestamp="2022-02-08T17:21:32.600" activeThreads="4">
  <mem-info id="617" free="315819336" total="1073741824" percent="29">
    <mem type="nursery" free="105570760" total="268435456" percent="39">
      <mem type="allocate" free="105570760" total="182452224" percent="57" />
      <mem type="survivor" free="0" total="85983232" percent="0" />
    </mem>
    <mem type="tenure" free="210248576" total="805306368" percent="26" macro-fragmented="99381968">
      <mem type="soa" free="169982848" total="765040640" percent="22" />
      <mem type="loa" free="40265728" total="40265728" percent="100" />
    </mem>
    <remembered-set count="102" />
  </mem-info>
</gc-end>
<cycle-end id="618" type="scavenge" contextid="612" timestamp="2022-02-08T17:21:32.600" />
<allocation-satisfied id="619" threadId="0000000000016F00" bytesRequested="184" />
<af-end id="620" timestamp="2022-02-08T17:21:32.600" threadId="0000000000017908" success="true" from="nursery"/>
<exclusive-end id="621" timestamp="2022-02-08T17:21:32.600" durationms="78.351" />

<exclusive-start id="622" timestamp="2022-02-08T17:21:33.461" intervalms="939.152">
  <response-info timems="0.016" idlems="0.016" threads="0" lastid="0000000000016F00" lastname="main" />
</exclusive-start>
<af-start id="623" threadId="0000000000017908" totalBytesRequested="16" timestamp="2022-02-08T17:21:33.461" intervalms="939.143" type="nursery" />
<cycle-start id="624" type="scavenge" contextid="0" timestamp="2022-02-08T17:21:33.461" intervalms="939.142" />
<gc-start id="625" type="scavenge" contextid="624" timestamp="2022-02-08T17:21:33.461">
  <mem-info id="626" free="210248576" total="1073741824" percent="19">
    <mem type="nursery" free="0" total="268435456" percent="0">
      <mem type="allocate" free="0" total="182452224" percent="0" />
      <mem type="survivor" free="0" total="85983232" percent="0" />
    </mem>
    <mem type="tenure" free="210248576" total="805306368" percent="26">
      <mem type="soa" free="169982848" total="765040640" percent="22" />
      <mem type="loa" free="40265728" total="40265728" percent="100" />
    </mem>
    <remembered-set count="133" />
  </mem-info>
</gc-start>
<allocation-stats totalBytes="105527264" >
  <allocated-bytes non-tlh="1493952" tlh="104033312" />
  <largest-consumer threadName="main" threadId="0000000000016F00" bytes="105527264" />
</allocation-stats>
<gc-op id="627" type="scavenge" timems="78.808" contextid="624" timestamp="2022-02-08T17:21:33.540">
  <scavenger-info tenureage="1" tenuremask="7ffe" tiltratio="67" />
  <memory-copied type="nursery" objects="1464206" bytes="74312976" bytesdiscarded="150840" />
  <memory-copied type="tenure" objects="1360120" bytes="76669848" bytesdiscarded="39264" />
  <finalization candidates="109" enqueued="53" />
  <references type="soft" candidates="14" cleared="0" enqueued="0" dynamicThreshold="17" maxThreshold="32" />
  <references type="weak" candidates="1" cleared="0" enqueued="0" />
  <references type="phantom" candidates="94" cleared="7" enqueued="7" />
  <object-monitors candidates="2" cleared="0"  />
</gc-op>
<gc-end id="628" type="scavenge" contextid="624" durationms="78.945" usertimems="307.915" systemtimems="0.000" stalltimems="2.418" timestamp="2022-02-08T17:21:33.540" activeThreads="4">
  <mem-info id="629" free="242062040" total="1073741824" percent="22">
    <mem type="nursery" free="108643640" total="268435456" percent="40">
      <mem type="allocate" free="108643640" total="183107584" percent="59" />
      <mem type="survivor" free="0" total="85327872" percent="0" />
    </mem>
    <mem type="tenure" free="133418400" total="805306368" percent="16" macro-fragmented="122757680">
      <mem type="soa" free="93152672" total="765040640" percent="12" />
      <mem type="loa" free="40265728" total="40265728" percent="100" />
    </mem>
    <pending-finalizers system="52" default="1" reference="7" classloader="0" />
    <remembered-set count="129" />
  </mem-info>
</gc-end>
<cycle-end id="630" type="scavenge" contextid="624" timestamp="2022-02-08T17:21:33.540" />
<allocation-satisfied id="631" threadId="0000000000016F00" bytesRequested="16" />
<af-end id="632" timestamp="2022-02-08T17:21:33.540" threadId="0000000000017908" success="true" from="nursery"/>
<exclusive-end id="633" timestamp="2022-02-08T17:21:33.540" durationms="79.202" />

<concurrent-kickoff id="634" timestamp="2022-02-08T17:21:34.194">
  <kickoff reason="threshold reached" targetBytes="100690136" thresholdFreeBytes="9949307"  remainingFree="9946424" tenureFreeBytes="133418400" nurseryFreeBytes="9946424" />
</concurrent-kickoff>
<exclusive-start id="635" timestamp="2022-02-08T17:21:34.197" intervalms="736.336">
  <response-info timems="0.019" idlems="0.019" threads="0" lastid="0000000000016F00" lastname="main" />
</exclusive-start>
<cycle-start id="636" type="global" contextid="0" timestamp="2022-02-08T17:21:34.197" intervalms="3634.272" />
<concurrent-start id="637" type="global mark" contextid="636" timestamp="2022-02-08T17:21:34.197">
</concurrent-start>
<exclusive-end id="638" timestamp="2022-02-08T17:21:34.197" durationms="0.028" />

<exclusive-start id="639" timestamp="2022-02-08T17:21:34.415" intervalms="217.469">
  <response-info timems="0.016" idlems="0.016" threads="0" lastid="0000000000016F00" lastname="main" />
</exclusive-start>
<af-start id="640" threadId="0000000000017908" totalBytesRequested="400" timestamp="2022-02-08T17:21:34.415" intervalms="953.802" type="nursery" />
<cycle-start id="641" type="scavenge" contextid="0" timestamp="2022-02-08T17:21:34.415" intervalms="953.802" />
<gc-start id="642" type="scavenge" contextid="641" timestamp="2022-02-08T17:21:34.415">
  <mem-info id="643" free="133418400" total="1073741824" percent="12">
    <mem type="nursery" free="0" total="268435456" percent="0">
      <mem type="allocate" free="0" total="183107584" percent="0" />
      <mem type="survivor" free="0" total="85327872" percent="0" />
    </mem>
    <mem type="tenure" free="133418400" total="805306368" percent="16">
      <mem type="soa" free="93152672" total="765040640" percent="12" />
      <mem type="loa" free="40265728" total="40265728" percent="100" />
    </mem>
    <remembered-set count="130" />
  </mem-info>
</gc-start>
<allocation-stats totalBytes="108592632" >
  <allocated-bytes non-tlh="1347696" tlh="107244936" />
  <largest-consumer threadName="main" threadId="0000000000016F00" bytes="108584440" />
</allocation-stats>
<gc-op id="644" type="scavenge" timems="77.580" contextid="641" timestamp="2022-02-08T17:21:34.492">
  <scavenger-info tenureage="1" tenuremask="7ffe" tiltratio="68" />
  <memory-copied type="nursery" objects="1351675" bytes="77696128" bytesdiscarded="176736" />
  <memory-copied type="tenure" objects="1463487" bytes="73369808" bytesdiscarded="36976" />
  <finalization candidates="57" enqueued="0" />
  <references type="phantom" candidates="1" cleared="0" enqueued="0" />
  <object-monitors candidates="2" cleared="0"  />
</gc-op>
<gc-end id="645" type="scavenge" contextid="641" durationms="77.804" usertimems="299.440" systemtimems="0.485" stalltimems="3.613" timestamp="2022-02-08T17:21:34.492" activeThreads="4">
  <mem-info id="646" free="163541264" total="1073741824" percent="15">
    <mem type="nursery" free="103399712" total="268435456" percent="38">
      <mem type="allocate" free="103399712" total="181272576" percent="57" />
      <mem type="survivor" free="0" total="87162880" percent="0" />
    </mem>
    <mem type="tenure" free="60141552" total="805306368" percent="7" macro-fragmented="16050736">
      <mem type="soa" free="19875824" total="765040640" percent="2" />
      <mem type="loa" free="40265728" total="40265728" percent="100" />
    </mem>
    <remembered-set count="100" />
  </mem-info>
</gc-end>
<cycle-end id="647" type="scavenge" contextid="641" timestamp="2022-02-08T17:21:34.493" />
<allocation-satisfied id="648" threadId="0000000000016F00" bytesRequested="400" />
<af-end id="649" timestamp="2022-02-08T17:21:34.493" threadId="0000000000017908" success="true" from="nursery"/>
<exclusive-end id="650" timestamp="2022-02-08T17:21:34.493" durationms="78.069" />

<concurrent-end id="651" type="global mark" contextid="636" timestamp="2022-02-08T17:21:34.520">
<gc-op id="652" type="trace" timems="322.849" contextid="636" timestamp="2022-02-08T17:21:34.520">
  <trace bytesTraced="74513864" workStackOverflowCount="0" />
  <card-cleaning reason="card cleaning threshold reached" bytesTraced="1000" cardsCleaned="2" />
</gc-op>
</concurrent-end>

<exclusive-start id="653" timestamp="2022-02-08T17:21:34.520" intervalms="105.445">
  <response-info timems="0.016" idlems="0.016" threads="0" lastid="0000000000016F00" lastname="main" />
</exclusive-start>
<concurrent-global-final id="654" timestamp="2022-02-08T17:21:34.520" contextid="636" intervalms="6523.619" >
  <concurrent-trace-info reason="card cleaning threshold reached" tracedByMutators="61454232" tracedByHelpers="13060632" cardsCleaned="2" workStackOverflowCount="0" />
</concurrent-global-final>
<gc-start id="655" type="global" contextid="636" timestamp="2022-02-08T17:21:34.520">
  <mem-info id="656" free="161345408" total="1073741824" percent="15">
    <mem type="nursery" free="101203856" total="268435456" percent="37">
      <mem type="allocate" free="101203856" total="181272576" percent="55" />
      <mem type="survivor" free="0" total="87162880" percent="0" />
    </mem>
    <mem type="tenure" free="60141552" total="805306368" percent="7">
      <mem type="soa" free="19875824" total="765040640" percent="2" />
      <mem type="loa" free="40265728" total="40265728" percent="100" />
    </mem>
    <remembered-set count="100" />
  </mem-info>
</gc-start>
<allocation-stats totalBytes="2194712" >
  <allocated-bytes non-tlh="400" tlh="2194312" />
  <largest-consumer threadName="main" threadId="0000000000016F00" bytes="2194712" />
</allocation-stats>
<gc-op id="657" type="rs-scan" timems="0.560" contextid="636" timestamp="2022-02-08T17:21:34.521">
  <scan objectsFound="29" bytesTraced="5268" workStackOverflowCount="0" />
</gc-op>
<gc-op id="658" type="card-cleaning" timems="144.649" contextid="636" timestamp="2022-02-08T17:21:34.665">
  <card-cleaning cardsCleaned="9" bytesTraced="71010888" workStackOverflowCount="0" />
</gc-op>
<gc-op id="659" type="mark" timems="51.480" contextid="636" timestamp="2022-02-08T17:21:34.717">
  <trace-info objectcount="1645088" scancount="1235343" scanbytes="26421704" />
  <finalization candidates="428" enqueued="57" />
  <ownableSynchronizers candidates="1" cleared="0" />
  <references type="soft" candidates="1063" cleared="0" enqueued="0" dynamicThreshold="17" maxThreshold="32" />
  <references type="weak" candidates="1701" cleared="0" enqueued="0" />
  <references type="phantom" candidates="52" cleared="2" enqueued="2" />
  <stringconstants candidates="6463" cleared="0"  />
  <object-monitors candidates="2" cleared="0"  />
</gc-op>
<gc-op id="660" type="sweep" timems="4.812" contextid="636" timestamp="2022-02-08T17:21:34.722" />
<gc-end id="661" type="global" contextid="636" durationms="201.709" usertimems="256.955" systemtimems="0.000" stalltimems="113.700" timestamp="2022-02-08T17:21:34.722" activeThreads="4">
  <mem-info id="662" free="404471920" total="1073741824" percent="37">
    <mem type="nursery" free="101469192" total="268435456" percent="37">
      <mem type="allocate" free="101469192" total="181272576" percent="55" />
      <mem type="survivor" free="0" total="87162880" percent="0" />
    </mem>
    <mem type="tenure" free="303002728" total="805306368" percent="37" micro-fragmented="277018" macro-fragmented="0">
      <mem type="soa" free="262737000" total="765040640" percent="34" />
      <mem type="loa" free="40265728" total="40265728" percent="100" />
    </mem>
    <pending-finalizers system="57" default="0" reference="2" classloader="0" />
    <remembered-set count="100" />
  </mem-info>
</gc-end>
<cycle-end id="663" type="global" contextid="636" timestamp="2022-02-08T17:21:34.722" />
<exclusive-end id="664" timestamp="2022-02-08T17:21:34.722" durationms="201.892" />

<exclusive-start id="665" timestamp="2022-02-08T17:21:35.381" intervalms="860.782">
  <response-info timems="0.017" idlems="0.017" threads="0" lastid="0000000000016F00" lastname="main" />
</exclusive-start>
<af-start id="666" threadId="0000000000017908" totalBytesRequested="184" timestamp="2022-02-08T17:21:35.381" intervalms="966.230" type="nursery" />
<cycle-start id="667" type="scavenge" contextid="0" timestamp="2022-02-08T17:21:35.381" intervalms="966.240" />
<gc-start id="668" type="scavenge" contextid="667" timestamp="2022-02-08T17:21:35.381">
  <mem-info id="669" free="303002728" total="1073741824" percent="28">
    <mem type="nursery" free="0" total="268435456" percent="0">
      <mem type="allocate" free="0" total="181272576" percent="0" />
      <mem type="survivor" free="0" total="87162880" percent="0" />
    </mem>
    <mem type="tenure" free="303002728" total="805306368" percent="37">
      <mem type="soa" free="262737000" total="765040640" percent="34" />
      <mem type="loa" free="40265728" total="40265728" percent="100" />
    </mem>
    <remembered-set count="103" />
  </mem-info>
</gc-start>
<allocation-stats totalBytes="101423576" >
  <allocated-bytes non-tlh="0" tlh="101423576" />
  <largest-consumer threadName="main" threadId="0000000000016F00" bytes="101419480" />
</allocation-stats>
<gc-op id="670" type="scavenge" timems="85.429" contextid="667" timestamp="2022-02-08T17:21:35.466">
  <scavenger-info tenureage="1" tenuremask="7ffe" tiltratio="67" />
  <memory-copied type="nursery" objects="1308403" bytes="73612512" bytesdiscarded="214776" />
  <memory-copied type="tenure" objects="1351674" bytes="77695920" bytesdiscarded="41008" />
  <finalization candidates="1" enqueued="0" />
  <ownableSynchronizers candidates="2" cleared="2" />
  <object-monitors candidates="2" cleared="0"  />
</gc-op>
<gc-end id="671" type="scavenge" contextid="667" durationms="85.623" usertimems="332.848" systemtimems="0.000" stalltimems="3.482" timestamp="2022-02-08T17:21:35.467" activeThreads="4">
  <mem-info id="672" free="333126952" total="1073741824" percent="31">
    <mem type="nursery" free="108100648" total="268435456" percent="40">
      <mem type="allocate" free="108100648" total="181927936" percent="59" />
      <mem type="survivor" free="0" total="86507520" percent="0" />
    </mem>
    <mem type="tenure" free="225026304" total="805306368" percent="27" macro-fragmented="0">
      <mem type="soa" free="184760576" total="765040640" percent="24" />
      <mem type="loa" free="40265728" total="40265728" percent="100" />
    </mem>
    <remembered-set count="104" />
  </mem-info>
</gc-end>
<cycle-end id="673" type="scavenge" contextid="667" timestamp="2022-02-08T17:21:35.467" />
<allocation-satisfied id="674" threadId="0000000000016F00" bytesRequested="184" />
<af-end id="675" timestamp="2022-02-08T17:21:35.467" threadId="0000000000017908" success="true" from="nursery"/>
<exclusive-end id="676" timestamp="2022-02-08T17:21:35.467" durationms="85.873" />

<exclusive-start id="677" timestamp="2022-02-08T17:21:36.202" intervalms="821.579">
  <response-info timems="0.030" idlems="0.030" threads="0" lastid="0000000000016F00" lastname="main" />
</exclusive-start>
<af-start id="678" threadId="0000000000017908" totalBytesRequested="208" timestamp="2022-02-08T17:21:36.202" intervalms="821.577" type="nursery" />
<cycle-start id="679" type="scavenge" contextid="0" timestamp="2022-02-08T17:21:36.202" intervalms="821.567" />
<gc-start id="680" type="scavenge" contextid="679" timestamp="2022-02-08T17:21:36.203">
  <mem-info id="681" free="225026304" total="1073741824" percent="20">
    <mem type="nursery" free="0" total="268435456" percent="0">
      <mem type="allocate" free="0" total="181927936" percent="0" />
      <mem type="survivor" free="0" total="86507520" percent="0" />
    </mem>
    <mem type="tenure" free="225026304" total="805306368" percent="27">
      <mem type="soa" free="184760576" total="765040640" percent="24" />
      <mem type="loa" free="40265728" total="40265728" percent="100" />
    </mem>
    <remembered-set count="118" />
  </mem-info>
</gc-start>
<allocation-stats totalBytes="108049856" >
  <allocated-bytes non-tlh="550688" tlh="107499168" />
  <largest-consumer threadName="main" threadId="0000000000016F00" bytes="108049856" />
</allocation-stats>
<gc-op id="682" type="scavenge" timems="76.238" contextid="679" timestamp="2022-02-08T17:21:36.279">
  <scavenger-info tenureage="1" tenuremask="7ffe" tiltratio="67" />
  <memory-copied type="nursery" objects="1379663" bytes="76547744" bytesdiscarded="224816" />
  <memory-copied type="tenure" objects="1308402" bytes="73612408" bytesdiscarded="36520" />
  <finalization candidates="35" enqueued="18" />
  <references type="phantom" candidates="35" cleared="0" enqueued="0" />
  <object-monitors candidates="2" cleared="0"  />
</gc-op>
<gc-end id="683" type="scavenge" contextid="679" durationms="76.433" usertimems="300.248" systemtimems="0.022" stalltimems="3.624" timestamp="2022-02-08T17:21:36.279" activeThreads="4">
  <mem-info id="684" free="256639384" total="1073741824" percent="23">
    <mem type="nursery" free="105286448" total="268435456" percent="39">
      <mem type="allocate" free="105286448" total="182059008" percent="57" />
      <mem type="survivor" free="0" total="86376448" percent="0" />
    </mem>
    <mem type="tenure" free="151352936" total="805306368" percent="18" macro-fragmented="0">
      <mem type="soa" free="111087208" total="765040640" percent="14" />
      <mem type="loa" free="40265728" total="40265728" percent="100" />
    </mem>
    <pending-finalizers system="18" default="0" reference="0" classloader="0" />
    <remembered-set count="119" />
  </mem-info>
</gc-end>
<cycle-end id="685" type="scavenge" contextid="679" timestamp="2022-02-08T17:21:36.279" />
<allocation-satisfied id="686" threadId="0000000000016F00" bytesRequested="208" />
<af-end id="687" timestamp="2022-02-08T17:21:36.279" threadId="0000000000017908" success="true" from="nursery"/>
<exclusive-end id="688" timestamp="2022-02-08T17:21:36.279" durationms="76.676" />

<concurrent-kickoff id="689" timestamp="2022-02-08T17:21:37.055">
  <kickoff reason="threshold reached" targetBytes="95400380" thresholdFreeBytes="9125147"  remainingFree="9009040" tenureFreeBytes="151352936" nurseryFreeBytes="9009040" />
</concurrent-kickoff>
<exclusive-start id="690" timestamp="2022-02-08T17:21:37.058" intervalms="855.698">
  <response-info timems="0.019" idlems="0.019" threads="0" lastid="0000000000016F00" lastname="main" />
</exclusive-start>
<cycle-start id="691" type="global" contextid="0" timestamp="2022-02-08T17:21:37.058" intervalms="2860.973" />
<concurrent-start id="692" type="global mark" contextid="691" timestamp="2022-02-08T17:21:37.058">
</concurrent-start>
<exclusive-end id="693" timestamp="2022-02-08T17:21:37.058" durationms="0.029" />

<exclusive-start id="694" timestamp="2022-02-08T17:21:37.264" intervalms="206.387">
  <response-info timems="0.017" idlems="0.017" threads="0" lastid="0000000000016F00" lastname="main" />
</exclusive-start>
<af-start id="695" threadId="0000000000017908" totalBytesRequested="184" timestamp="2022-02-08T17:21:37.265" intervalms="1062.086" type="nursery" />
<cycle-start id="696" type="scavenge" contextid="0" timestamp="2022-02-08T17:21:37.265" intervalms="1062.087" />
<gc-start id="697" type="scavenge" contextid="696" timestamp="2022-02-08T17:21:37.265">
  <mem-info id="698" free="151352936" total="1073741824" percent="14">
    <mem type="nursery" free="0" total="268435456" percent="0">
      <mem type="allocate" free="0" total="182059008" percent="0" />
      <mem type="survivor" free="0" total="86376448" percent="0" />
    </mem>
    <mem type="tenure" free="151352936" total="805306368" percent="18">
      <mem type="soa" free="111087208" total="765040640" percent="14" />
      <mem type="loa" free="40265728" total="40265728" percent="100" />
    </mem>
    <remembered-set count="136" />
  </mem-info>
</gc-start>
<allocation-stats totalBytes="105239960" >
  <allocated-bytes non-tlh="2458528" tlh="102781432" />
  <largest-consumer threadName="main" threadId="0000000000016F00" bytes="105235864" />
</allocation-stats>
<gc-op id="699" type="scavenge" timems="74.739" contextid="696" timestamp="2022-02-08T17:21:37.339">
  <scavenger-info tenureage="1" tenuremask="7ffe" tiltratio="67" />
  <memory-copied type="nursery" objects="1383560" bytes="74349328" bytesdiscarded="92912" />
  <memory-copied type="tenure" objects="1379335" bytes="76289744" bytesdiscarded="36872" />
  <finalization candidates="92" enqueued="35" />
  <references type="soft" candidates="14" cleared="0" enqueued="0" dynamicThreshold="12" maxThreshold="32" />
  <references type="weak" candidates="1" cleared="0" enqueued="0" />
  <references type="phantom" candidates="77" cleared="7" enqueued="7" />
  <object-monitors candidates="2" cleared="0"  />
</gc-op>
<gc-end id="700" type="scavenge" contextid="696" durationms="74.989" usertimems="294.212" systemtimems="0.000" stalltimems="4.449" timestamp="2022-02-08T17:21:37.340" activeThreads="4">
  <mem-info id="701" free="183389672" total="1073741824" percent="17">
    <mem type="nursery" free="108337536" total="268435456" percent="40">
      <mem type="allocate" free="108337536" total="182779904" percent="59" />
      <mem type="survivor" free="0" total="85655552" percent="0" />
    </mem>
    <mem type="tenure" free="75052136" total="805306368" percent="9" macro-fragmented="168253">
      <mem type="soa" free="34786408" total="765040640" percent="4" />
      <mem type="loa" free="40265728" total="40265728" percent="100" />
    </mem>
    <pending-finalizers system="34" default="1" reference="7" classloader="0" />
    <remembered-set count="122" />
  </mem-info>
</gc-end>
<cycle-end id="702" type="scavenge" contextid="696" timestamp="2022-02-08T17:21:37.340" />
<allocation-satisfied id="703" threadId="0000000000016F00" bytesRequested="184" />
<af-end id="704" timestamp="2022-02-08T17:21:37.340" threadId="0000000000017908" success="true" from="nursery"/>
<exclusive-end id="705" timestamp="2022-02-08T17:21:37.340" durationms="75.264" />

<concurrent-end id="706" type="global mark" contextid="691" timestamp="2022-02-08T17:21:37.376">
<gc-op id="707" type="trace" timems="318.298" contextid="691" timestamp="2022-02-08T17:21:37.376">
  <trace bytesTraced="74514040" workStackOverflowCount="0" />
  <card-cleaning reason="card cleaning threshold reached" bytesTraced="1000" cardsCleaned="2" />
</gc-op>
</concurrent-end>

<exclusive-start id="708" timestamp="2022-02-08T17:21:37.376" intervalms="111.972">
  <response-info timems="0.016" idlems="0.016" threads="0" lastid="0000000000016F00" lastname="main" />
</exclusive-start>
<concurrent-global-final id="709" timestamp="2022-02-08T17:21:37.376" contextid="691" intervalms="2856.421" >
  <concurrent-trace-info reason="card cleaning threshold reached" tracedByMutators="61544092" tracedByHelpers="12970948" cardsCleaned="2" workStackOverflowCount="0" />
</concurrent-global-final>
<gc-start id="710" type="global" contextid="691" timestamp="2022-02-08T17:21:37.377">
  <mem-info id="711" free="180530480" total="1073741824" percent="16">
    <mem type="nursery" free="105478344" total="268435456" percent="39">
      <mem type="allocate" free="105478344" total="182779904" percent="57" />
      <mem type="survivor" free="0" total="85655552" percent="0" />
    </mem>
    <mem type="tenure" free="75052136" total="805306368" percent="9">
      <mem type="soa" free="34786408" total="765040640" percent="4" />
      <mem type="loa" free="40265728" total="40265728" percent="100" />
    </mem>
    <remembered-set count="123" />
  </mem-info>
</gc-start>
<allocation-stats totalBytes="2857840" >
  <allocated-bytes non-tlh="184" tlh="2857656" />
  <largest-consumer threadName="main" threadId="0000000000016F00" bytes="2849648" />
</allocation-stats>
<gc-op id="712" type="rs-scan" timems="138.751" contextid="691" timestamp="2022-02-08T17:21:37.515">
  <scan objectsFound="3324744" bytesTraced="71013132" workStackOverflowCount="0" />
</gc-op>
<gc-op id="713" type="card-cleaning" timems="0.281" contextid="691" timestamp="2022-02-08T17:21:37.516">
  <card-cleaning cardsCleaned="4" bytesTraced="2088" workStackOverflowCount="0" />
</gc-op>
<gc-op id="714" type="mark" timems="35.818" contextid="691" timestamp="2022-02-08T17:21:37.551">
  <trace-info objectcount="1293521" scancount="971667" scanbytes="20796616" />
  <finalization candidates="428" enqueued="57" />
  <ownableSynchronizers candidates="1" cleared="0" />
  <references type="soft" candidates="1063" cleared="0" enqueued="0" dynamicThreshold="12" maxThreshold="32" />
  <references type="weak" candidates="1701" cleared="0" enqueued="0" />
  <references type="phantom" candidates="52" cleared="2" enqueued="2" />
  <stringconstants candidates="6463" cleared="0"  />
  <object-monitors candidates="2" cleared="0"  />
</gc-op>
<gc-op id="715" type="sweep" timems="4.779" contextid="691" timestamp="2022-02-08T17:21:37.556" />
<gc-end id="716" type="global" contextid="691" durationms="179.864" usertimems="194.688" systemtimems="0.007" stalltimems="107.166" timestamp="2022-02-08T17:21:37.556" activeThreads="4">
  <mem-info id="717" free="423999920" total="1073741824" percent="39">
    <mem type="nursery" free="105983208" total="268435456" percent="39">
      <mem type="allocate" free="105983208" total="182779904" percent="57" />
      <mem type="survivor" free="0" total="85655552" percent="0" />
    </mem>
    <mem type="tenure" free="318016712" total="805306368" percent="39" micro-fragmented="283648" macro-fragmented="1500163">
      <mem type="soa" free="277750984" total="765040640" percent="36" />
      <mem type="loa" free="40265728" total="40265728" percent="100" />
    </mem>
    <pending-finalizers system="57" default="0" reference="2" classloader="0" />
    <remembered-set count="110" />
  </mem-info>
</gc-end>
<cycle-end id="718" type="global" contextid="691" timestamp="2022-02-08T17:21:37.557" />
<exclusive-end id="719" timestamp="2022-02-08T17:21:37.557" durationms="180.141" />

<exclusive-start id="720" timestamp="2022-02-08T17:21:38.275" intervalms="898.083">
  <response-info timems="0.017" idlems="0.017" threads="0" lastid="0000000000016F00" lastname="main" />
</exclusive-start>
<af-start id="721" threadId="0000000000017908" totalBytesRequested="88" timestamp="2022-02-08T17:21:38.275" intervalms="1010.054" type="nursery" />
<cycle-start id="722" type="scavenge" contextid="0" timestamp="2022-02-08T17:21:38.275" intervalms="1010.053" />
<gc-start id="723" type="scavenge" contextid="722" timestamp="2022-02-08T17:21:38.275">
  <mem-info id="724" free="318016712" total="1073741824" percent="29">
    <mem type="nursery" free="0" total="268435456" percent="0">
      <mem type="allocate" free="0" total="182779904" percent="0" />
      <mem type="survivor" free="0" total="85655552" percent="0" />
    </mem>
    <mem type="tenure" free="318016712" total="805306368" percent="39">
      <mem type="soa" free="277750984" total="765040640" percent="36" />
      <mem type="loa" free="40265728" total="40265728" percent="100" />
    </mem>
    <remembered-set count="111" />
  </mem-info>
</gc-start>
<allocation-stats totalBytes="105933992" >
  <allocated-bytes non-tlh="0" tlh="105933992" />
  <largest-consumer threadName="main" threadId="0000000000016F00" bytes="105929896" />
</allocation-stats>
<gc-op id="725" type="scavenge" timems="82.750" contextid="722" timestamp="2022-02-08T17:21:38.357">
  <scavenger-info tenureage="1" tenuremask="7ffe" tiltratio="68" />
  <memory-copied type="nursery" objects="1402923" bytes="77394560" bytesdiscarded="349312" />
  <memory-copied type="tenure" objects="1383078" bytes="74037480" bytesdiscarded="35936" />
  <finalization candidates="40" enqueued="0" />
  <ownableSynchronizers candidates="2" cleared="2" />
  <object-monitors candidates="2" cleared="0"  />
</gc-op>
<gc-end id="726" type="scavenge" contextid="722" durationms="83.055" usertimems="320.464" systemtimems="0.027" stalltimems="4.648" timestamp="2022-02-08T17:21:38.358" activeThreads="4">
  <mem-info id="727" free="347895192" total="1073741824" percent="32">
    <mem type="nursery" free="104052992" total="268435456" percent="38">
      <mem type="allocate" free="104052992" total="181796864" percent="57" />
      <mem type="survivor" free="0" total="86638592" percent="0" />
    </mem>
    <mem type="tenure" free="243842200" total="805306368" percent="30" macro-fragmented="0">
      <mem type="soa" free="203576472" total="765040640" percent="26" />
      <mem type="loa" free="40265728" total="40265728" percent="100" />
    </mem>
    <remembered-set count="104" />
  </mem-info>
</gc-end>
<cycle-end id="728" type="scavenge" contextid="722" timestamp="2022-02-08T17:21:38.358" />
<allocation-satisfied id="729" threadId="0000000000016F00" bytesRequested="88" />
<af-end id="730" timestamp="2022-02-08T17:21:38.358" threadId="0000000000017908" success="true" from="nursery"/>
<exclusive-end id="731" timestamp="2022-02-08T17:21:38.358" durationms="83.409" />

<exclusive-start id="732" timestamp="2022-02-08T17:21:39.012" intervalms="737.908">
  <response-info timems="0.019" idlems="0.019" threads="0" lastid="0000000000016F00" lastname="main" />
</exclusive-start>
<af-start id="733" threadId="0000000000017908" totalBytesRequested="24" timestamp="2022-02-08T17:21:39.012" intervalms="737.908" type="nursery" />
<cycle-start id="734" type="scavenge" contextid="0" timestamp="2022-02-08T17:21:39.013" intervalms="737.908" />
<gc-start id="735" type="scavenge" contextid="734" timestamp="2022-02-08T17:21:39.013">
  <mem-info id="736" free="243842200" total="1073741824" percent="22">
    <mem type="nursery" free="0" total="268435456" percent="0">
      <mem type="allocate" free="0" total="181796864" percent="0" />
      <mem type="survivor" free="0" total="86638592" percent="0" />
    </mem>
    <mem type="tenure" free="243842200" total="805306368" percent="30">
      <mem type="soa" free="203576472" total="765040640" percent="26" />
      <mem type="loa" free="40265728" total="40265728" percent="100" />
    </mem>
    <remembered-set count="104" />
  </mem-info>
</gc-start>
<allocation-stats totalBytes="104003592" >
  <allocated-bytes non-tlh="88" tlh="104003504" />
  <largest-consumer threadName="main" threadId="0000000000016F00" bytes="104003592" />
</allocation-stats>
<gc-op id="737" type="scavenge" timems="72.971" contextid="734" timestamp="2022-02-08T17:21:39.086">
  <scavenger-info tenureage="1" tenuremask="7ffe" tiltratio="67" />
  <memory-copied type="nursery" objects="1301985" bytes="73958168" bytesdiscarded="171024" />
  <memory-copied type="tenure" objects="1402922" bytes="77394504" bytesdiscarded="37280" />
  <object-monitors candidates="2" cleared="0"  />
</gc-op>
<gc-end id="738" type="scavenge" contextid="734" durationms="73.193" usertimems="289.347" systemtimems="0.000" stalltimems="1.548" timestamp="2022-02-08T17:21:39.086" activeThreads="4">
  <mem-info id="739" free="274613104" total="1073741824" percent="25">
    <mem type="nursery" free="108257496" total="268435456" percent="40">
      <mem type="allocate" free="108257496" total="182386688" percent="59" />
      <mem type="survivor" free="0" total="86048768" percent="0" />
    </mem>
    <mem type="tenure" free="166355608" total="805306368" percent="20" macro-fragmented="0">
      <mem type="soa" free="126089880" total="765040640" percent="16" />
      <mem type="loa" free="40265728" total="40265728" percent="100" />
    </mem>
    <remembered-set count="104" />
  </mem-info>
</gc-end>
<cycle-end id="740" type="scavenge" contextid="734" timestamp="2022-02-08T17:21:39.086" />
<allocation-satisfied id="741" threadId="0000000000016F00" bytesRequested="24" />
<af-end id="742" timestamp="2022-02-08T17:21:39.086" threadId="0000000000017908" success="true" from="nursery"/>
<exclusive-end id="743" timestamp="2022-02-08T17:21:39.086" durationms="73.468" />

<concurrent-kickoff id="744" timestamp="2022-02-08T17:21:39.937">
  <kickoff reason="threshold reached" targetBytes="91185019" thresholdFreeBytes="8472861"  remainingFree="8446168" tenureFreeBytes="166355608" nurseryFreeBytes="8446168" />
</concurrent-kickoff>
<exclusive-start id="745" timestamp="2022-02-08T17:21:39.941" intervalms="928.624">
  <response-info timems="0.019" idlems="0.019" threads="0" lastid="0000000000016F00" lastname="main" />
</exclusive-start>
<cycle-start id="746" type="global" contextid="0" timestamp="2022-02-08T17:21:39.941" intervalms="2882.975" />
<concurrent-start id="747" type="global mark" contextid="746" timestamp="2022-02-08T17:21:39.941">
</concurrent-start>
<exclusive-end id="748" timestamp="2022-02-08T17:21:39.941" durationms="0.040" />

<exclusive-start id="749" timestamp="2022-02-08T17:21:40.151" intervalms="210.424">
  <response-info timems="0.019" idlems="0.019" threads="0" lastid="0000000000016F00" lastname="main" />
</exclusive-start>
<af-start id="750" threadId="0000000000017908" totalBytesRequested="208" timestamp="2022-02-08T17:21:40.152" intervalms="1139.048" type="nursery" />
<cycle-start id="751" type="scavenge" contextid="0" timestamp="2022-02-08T17:21:40.152" intervalms="1139.050" />
<gc-start id="752" type="scavenge" contextid="751" timestamp="2022-02-08T17:21:40.152">
  <mem-info id="753" free="166355608" total="1073741824" percent="15">
    <mem type="nursery" free="0" total="268435456" percent="0">
      <mem type="allocate" free="0" total="182386688" percent="0" />
      <mem type="survivor" free="0" total="86048768" percent="0" />
    </mem>
    <mem type="tenure" free="166355608" total="805306368" percent="20">
      <mem type="soa" free="126089880" total="765040640" percent="16" />
      <mem type="loa" free="40265728" total="40265728" percent="100" />
    </mem>
    <remembered-set count="135" />
  </mem-info>
</gc-start>
<allocation-stats totalBytes="108210928" >
  <allocated-bytes non-tlh="2938272" tlh="105272656" />
  <largest-consumer threadName="main" threadId="0000000000016F00" bytes="108210928" />
</allocation-stats>
<gc-op id="754" type="scavenge" timems="82.429" contextid="751" timestamp="2022-02-08T17:21:40.234">
  <scavenger-info tenureage="1" tenuremask="7ffe" tiltratio="67" />
  <memory-copied type="nursery" objects="1459048" bytes="76108176" bytesdiscarded="168328" />
  <memory-copied type="tenure" objects="1301985" bytes="73958168" bytesdiscarded="39144" />
  <finalization candidates="110" enqueued="53" />
  <references type="soft" candidates="14" cleared="0" enqueued="0" dynamicThreshold="12" maxThreshold="32" />
  <references type="weak" candidates="1" cleared="0" enqueued="0" />
  <references type="phantom" candidates="95" cleared="7" enqueued="7" />
  <object-monitors candidates="2" cleared="0"  />
</gc-op>
<gc-end id="755" type="scavenge" contextid="751" durationms="82.794" usertimems="304.739" systemtimems="0.102" stalltimems="18.838" timestamp="2022-02-08T17:21:40.234" activeThreads="4">
  <mem-info id="756" free="198827280" total="1073741824" percent="18">
    <mem type="nursery" free="106437736" total="268435456" percent="39">
      <mem type="allocate" free="106437736" total="182714368" percent="58" />
      <mem type="survivor" free="0" total="85721088" percent="0" />
    </mem>
    <mem type="tenure" free="92389544" total="805306368" percent="11" macro-fragmented="41040">
      <mem type="soa" free="52123816" total="765040640" percent="6" />
      <mem type="loa" free="40265728" total="40265728" percent="100" />
    </mem>
    <pending-finalizers system="52" default="1" reference="7" classloader="0" />
    <remembered-set count="129" />
  </mem-info>
</gc-end>
<cycle-end id="757" type="scavenge" contextid="751" timestamp="2022-02-08T17:21:40.235" />
<allocation-satisfied id="758" threadId="0000000000016F00" bytesRequested="208" />
<af-end id="759" timestamp="2022-02-08T17:21:40.235" threadId="0000000000017908" success="true" from="nursery"/>
<exclusive-end id="760" timestamp="2022-02-08T17:21:40.235" durationms="83.110" />

<concurrent-end id="761" type="global mark" contextid="746" timestamp="2022-02-08T17:21:40.284">
<gc-op id="762" type="trace" timems="343.216" contextid="746" timestamp="2022-02-08T17:21:40.284">
  <trace bytesTraced="74514376" workStackOverflowCount="0" />
  <card-cleaning reason="card cleaning threshold reached" bytesTraced="1000" cardsCleaned="2" />
</gc-op>
</concurrent-end>

<exclusive-start id="763" timestamp="2022-02-08T17:21:40.284" intervalms="132.858">
  <response-info timems="0.016" idlems="0.016" threads="0" lastid="0000000000016F00" lastname="main" />
</exclusive-start>
<concurrent-global-final id="764" timestamp="2022-02-08T17:21:40.284" contextid="746" intervalms="2907.899" >
  <concurrent-trace-info reason="card cleaning threshold reached" tracedByMutators="60051004" tracedByHelpers="14464372" cardsCleaned="2" workStackOverflowCount="0" />
</concurrent-global-final>
<gc-start id="765" type="global" contextid="746" timestamp="2022-02-08T17:21:40.284">
  <mem-info id="766" free="195443776" total="1073741824" percent="18">
    <mem type="nursery" free="103054232" total="268435456" percent="38">
      <mem type="allocate" free="103054232" total="182714368" percent="56" />
      <mem type="survivor" free="0" total="85721088" percent="0" />
    </mem>
    <mem type="tenure" free="92389544" total="805306368" percent="11">
      <mem type="soa" free="52123816" total="765040640" percent="6" />
      <mem type="loa" free="40265728" total="40265728" percent="100" />
    </mem>
    <remembered-set count="130" />
  </mem-info>
</gc-start>
<allocation-stats totalBytes="3382152" >
  <allocated-bytes non-tlh="208" tlh="3381944" />
  <largest-consumer threadName="main" threadId="0000000000016F00" bytes="3373960" />
</allocation-stats>
<gc-op id="767" type="rs-scan" timems="125.853" contextid="746" timestamp="2022-02-08T17:21:40.410">
  <scan objectsFound="3324743" bytesTraced="71013116" workStackOverflowCount="0" />
</gc-op>
<gc-op id="768" type="card-cleaning" timems="0.246" contextid="746" timestamp="2022-02-08T17:21:40.411">
  <card-cleaning cardsCleaned="4" bytesTraced="1976" workStackOverflowCount="0" />
</gc-op>
<gc-op id="769" type="mark" timems="28.342" contextid="746" timestamp="2022-02-08T17:21:40.439">
  <trace-info objectcount="1031349" scancount="775038" scanbytes="16601864" />
  <finalization candidates="428" enqueued="57" />
  <ownableSynchronizers candidates="1" cleared="0" />
  <references type="soft" candidates="1063" cleared="0" enqueued="0" dynamicThreshold="12" maxThreshold="32" />
  <references type="weak" candidates="1701" cleared="0" enqueued="0" />
  <references type="phantom" candidates="52" cleared="2" enqueued="2" />
  <stringconstants candidates="6463" cleared="0"  />
  <object-monitors candidates="2" cleared="0"  />
</gc-op>
<gc-op id="770" type="sweep" timems="6.108" contextid="746" timestamp="2022-02-08T17:21:40.445" />
<gc-end id="771" type="global" contextid="746" durationms="160.737" usertimems="174.129" systemtimems="0.558" stalltimems="90.613" timestamp="2022-02-08T17:21:40.445" activeThreads="4">
  <mem-info id="772" free="439024640" total="1073741824" percent="40">
    <mem type="nursery" free="103792224" total="268435456" percent="38">
      <mem type="allocate" free="103792224" total="182714368" percent="56" />
      <mem type="survivor" free="0" total="85721088" percent="0" />
    </mem>
    <mem type="tenure" free="335232416" total="805306368" percent="41" micro-fragmented="240041" macro-fragmented="0">
      <mem type="soa" free="294966688" total="765040640" percent="38" />
      <mem type="loa" free="40265728" total="40265728" percent="100" />
    </mem>
    <pending-finalizers system="57" default="0" reference="2" classloader="0" />
    <remembered-set count="112" />
  </mem-info>
</gc-end>
<cycle-end id="773" type="global" contextid="746" timestamp="2022-02-08T17:21:40.445" />
<exclusive-end id="774" timestamp="2022-02-08T17:21:40.445" durationms="160.964" />

<exclusive-start id="775" timestamp="2022-02-08T17:21:41.138" intervalms="853.976">
  <response-info timems="0.017" idlems="0.017" threads="0" lastid="0000000000016F00" lastname="main" />
</exclusive-start>
<af-start id="776" threadId="0000000000017908" totalBytesRequested="200" timestamp="2022-02-08T17:21:41.138" intervalms="986.833" type="nursery" />
<cycle-start id="777" type="scavenge" contextid="0" timestamp="2022-02-08T17:21:41.138" intervalms="986.831" />
<gc-start id="778" type="scavenge" contextid="777" timestamp="2022-02-08T17:21:41.138">
  <mem-info id="779" free="335232416" total="1073741824" percent="31">
    <mem type="nursery" free="0" total="268435456" percent="0">
      <mem type="allocate" free="0" total="182714368" percent="0" />
      <mem type="survivor" free="0" total="85721088" percent="0" />
    </mem>
    <mem type="tenure" free="335232416" total="805306368" percent="41">
      <mem type="soa" free="294966688" total="765040640" percent="38" />
      <mem type="loa" free="40265728" total="40265728" percent="100" />
    </mem>
    <remembered-set count="113" />
  </mem-info>
</gc-start>
<allocation-stats totalBytes="103745440" >
  <allocated-bytes non-tlh="0" tlh="103745440" />
  <largest-consumer threadName="main" threadId="0000000000016F00" bytes="103741344" />
</allocation-stats>
<gc-op id="780" type="scavenge" timems="89.111" contextid="777" timestamp="2022-02-08T17:21:41.228">
  <scavenger-info tenureage="1" tenuremask="7ffe" tiltratio="68" />
  <memory-copied type="nursery" objects="1374367" bytes="76199024" bytesdiscarded="298360" />
  <memory-copied type="tenure" objects="1458332" bytes="75640128" bytesdiscarded="37472" />
  <finalization candidates="57" enqueued="0" />
  <ownableSynchronizers candidates="2" cleared="2" />
  <object-monitors candidates="2" cleared="0"  />
</gc-op>
<gc-end id="781" type="scavenge" contextid="777" durationms="89.326" usertimems="302.467" systemtimems="0.000" stalltimems="2.168" timestamp="2022-02-08T17:21:41.228" activeThreads="4">
  <mem-info id="782" free="366336776" total="1073741824" percent="34">
    <mem type="nursery" free="106872344" total="268435456" percent="39">
      <mem type="allocate" free="106872344" total="183369728" percent="58" />
      <mem type="survivor" free="0" total="85065728" percent="0" />
    </mem>
    <mem type="tenure" free="259464432" total="805306368" percent="32" macro-fragmented="1250136">
      <mem type="soa" free="219198704" total="765040640" percent="28" />
      <mem type="loa" free="40265728" total="40265728" percent="100" />
    </mem>
    <remembered-set count="104" />
  </mem-info>
</gc-end>
<cycle-end id="783" type="scavenge" contextid="777" timestamp="2022-02-08T17:21:41.228" />
<allocation-satisfied id="784" threadId="0000000000016F00" bytesRequested="200" />
<af-end id="785" timestamp="2022-02-08T17:21:41.228" threadId="0000000000017908" success="true" from="nursery"/>
<exclusive-end id="786" timestamp="2022-02-08T17:21:41.228" durationms="89.618" />

<exclusive-start id="787" timestamp="2022-02-08T17:21:41.867" intervalms="729.026">
  <response-info timems="0.018" idlems="0.018" threads="0" lastid="0000000000016F00" lastname="main" />
</exclusive-start>
<af-start id="788" threadId="0000000000017908" totalBytesRequested="104" timestamp="2022-02-08T17:21:41.867" intervalms="729.026" type="nursery" />
<cycle-start id="789" type="scavenge" contextid="0" timestamp="2022-02-08T17:21:41.867" intervalms="729.026" />
<gc-start id="790" type="scavenge" contextid="789" timestamp="2022-02-08T17:21:41.867">
  <mem-info id="791" free="259464432" total="1073741824" percent="24">
    <mem type="nursery" free="0" total="268435456" percent="0">
      <mem type="allocate" free="0" total="183369728" percent="0" />
      <mem type="survivor" free="0" total="85065728" percent="0" />
    </mem>
    <mem type="tenure" free="259464432" total="805306368" percent="32">
      <mem type="soa" free="219198704" total="765040640" percent="28" />
      <mem type="loa" free="40265728" total="40265728" percent="100" />
    </mem>
    <remembered-set count="104" />
  </mem-info>
</gc-start>
<allocation-stats totalBytes="106824584" >
  <allocated-bytes non-tlh="200" tlh="106824384" />
  <largest-consumer threadName="main" threadId="0000000000016F00" bytes="106824584" />
</allocation-stats>
<gc-op id="792" type="scavenge" timems="73.621" contextid="789" timestamp="2022-02-08T17:21:41.941">
  <scavenger-info tenureage="1" tenuremask="7ffe" tiltratio="68" />
  <memory-copied type="nursery" objects="1347632" bytes="75976200" bytesdiscarded="189520" />
  <memory-copied type="tenure" objects="1374366" bytes="76198912" bytesdiscarded="39800" />
  <object-monitors candidates="2" cleared="0"  />
</gc-op>
<gc-end id="793" type="scavenge" contextid="789" durationms="73.837" usertimems="291.334" systemtimems="0.000" stalltimems="2.528" timestamp="2022-02-08T17:21:41.941" activeThreads="4">
  <mem-info id="794" free="290806824" total="1073741824" percent="27">
    <mem type="nursery" free="107728296" total="268435456" percent="40">
      <mem type="allocate" free="107728296" total="183894016" percent="58" />
      <mem type="survivor" free="0" total="84541440" percent="0" />
    </mem>
    <mem type="tenure" free="183078528" total="805306368" percent="22" macro-fragmented="0">
      <mem type="soa" free="142812800" total="765040640" percent="18" />
      <mem type="loa" free="40265728" total="40265728" percent="100" />
    </mem>
    <remembered-set count="104" />
  </mem-info>
</gc-end>
<cycle-end id="795" type="scavenge" contextid="789" timestamp="2022-02-08T17:21:41.941" />
<allocation-satisfied id="796" threadId="0000000000016F00" bytesRequested="104" />
<af-end id="797" timestamp="2022-02-08T17:21:41.941" threadId="0000000000017908" success="true" from="nursery"/>
<exclusive-end id="798" timestamp="2022-02-08T17:21:41.941" durationms="74.093" />

<concurrent-kickoff id="799" timestamp="2022-02-08T17:21:42.786">
  <kickoff reason="threshold reached" targetBytes="87824287" thresholdFreeBytes="7939070"  remainingFree="7832120" tenureFreeBytes="183078528" nurseryFreeBytes="7832120" />
</concurrent-kickoff>
<exclusive-start id="800" timestamp="2022-02-08T17:21:42.789" intervalms="921.726">
  <response-info timems="0.018" idlems="0.018" threads="0" lastid="0000000000016F00" lastname="main" />
</exclusive-start>
<cycle-start id="801" type="global" contextid="0" timestamp="2022-02-08T17:21:42.789" intervalms="2848.007" />
<concurrent-start id="802" type="global mark" contextid="801" timestamp="2022-02-08T17:21:42.789">
</concurrent-start>
<exclusive-end id="803" timestamp="2022-02-08T17:21:42.789" durationms="0.025" />

<exclusive-start id="804" timestamp="2022-02-08T17:21:42.990" intervalms="201.198">
  <response-info timems="0.015" idlems="0.015" threads="0" lastid="0000000000016F00" lastname="main" />
</exclusive-start>
<af-start id="805" threadId="0000000000017908" totalBytesRequested="184" timestamp="2022-02-08T17:21:42.990" intervalms="1122.925" type="nursery" />
<cycle-start id="806" type="scavenge" contextid="0" timestamp="2022-02-08T17:21:42.990" intervalms="1122.924" />
<gc-start id="807" type="scavenge" contextid="806" timestamp="2022-02-08T17:21:42.990">
  <mem-info id="808" free="183078528" total="1073741824" percent="17">
    <mem type="nursery" free="0" total="268435456" percent="0">
      <mem type="allocate" free="0" total="183894016" percent="0" />
      <mem type="survivor" free="0" total="84541440" percent="0" />
    </mem>
    <mem type="tenure" free="183078528" total="805306368" percent="22">
      <mem type="soa" free="142812800" total="765040640" percent="18" />
      <mem type="loa" free="40265728" total="40265728" percent="100" />
    </mem>
    <remembered-set count="134" />
  </mem-info>
</gc-start>
<allocation-stats totalBytes="107681880" >
  <allocated-bytes non-tlh="2841552" tlh="104840328" />
  <largest-consumer threadName="main" threadId="0000000000016F00" bytes="107681880" />
</allocation-stats>
<gc-op id="809" type="scavenge" timems="80.415" contextid="806" timestamp="2022-02-08T17:21:43.071">
  <scavenger-info tenureage="1" tenuremask="7ffe" tiltratio="68" />
  <memory-copied type="nursery" objects="1425812" bytes="75638960" bytesdiscarded="125816" />
  <memory-copied type="tenure" objects="1347632" bytes="75976200" bytesdiscarded="36408" />
  <finalization candidates="110" enqueued="53" />
  <references type="soft" candidates="14" cleared="0" enqueued="0" dynamicThreshold="13" maxThreshold="32" />
  <references type="weak" candidates="1" cleared="0" enqueued="0" />
  <references type="phantom" candidates="95" cleared="7" enqueued="7" />
  <object-monitors candidates="2" cleared="0"  />
</gc-op>
<gc-end id="810" type="scavenge" contextid="806" durationms="80.583" usertimems="298.334" systemtimems="0.000" stalltimems="3.549" timestamp="2022-02-08T17:21:43.071" activeThreads="4">
  <mem-info id="811" free="215710000" total="1073741824" percent="20">
    <mem type="nursery" free="108653400" total="268435456" percent="40">
      <mem type="allocate" free="108653400" total="184418304" percent="58" />
      <mem type="survivor" free="0" total="84017152" percent="0" />
    </mem>
    <mem type="tenure" free="107056600" total="805306368" percent="13" macro-fragmented="87866628">
      <mem type="soa" free="66790872" total="765040640" percent="8" />
      <mem type="loa" free="40265728" total="40265728" percent="100" />
    </mem>
    <pending-finalizers system="52" default="1" reference="7" classloader="0" />
    <remembered-set count="129" />
  </mem-info>
</gc-end>
<cycle-end id="812" type="scavenge" contextid="806" timestamp="2022-02-08T17:21:43.071" />
<allocation-satisfied id="813" threadId="0000000000016F00" bytesRequested="184" />
<af-end id="814" timestamp="2022-02-08T17:21:43.071" threadId="0000000000017908" success="true" from="nursery"/>
<exclusive-end id="815" timestamp="2022-02-08T17:21:43.071" durationms="80.857" />

<concurrent-end id="816" type="global mark" contextid="801" timestamp="2022-02-08T17:21:43.099">
<gc-op id="817" type="trace" timems="309.517" contextid="801" timestamp="2022-02-08T17:21:43.099">
  <trace bytesTraced="74514520" workStackOverflowCount="0" />
  <card-cleaning reason="card cleaning threshold reached" bytesTraced="1184" cardsCleaned="3" />
</gc-op>
</concurrent-end>

<exclusive-start id="818" timestamp="2022-02-08T17:21:43.099" intervalms="108.374">
  <response-info timems="0.016" idlems="0.016" threads="0" lastid="0000000000016F00" lastname="main" />
</exclusive-start>
<concurrent-global-final id="819" timestamp="2022-02-08T17:21:43.099" contextid="801" intervalms="2814.294" >
  <concurrent-trace-info reason="card cleaning threshold reached" tracedByMutators="64848868" tracedByHelpers="9666836" cardsCleaned="3" workStackOverflowCount="0" />
</concurrent-global-final>
<gc-start id="820" type="global" contextid="801" timestamp="2022-02-08T17:21:43.099">
  <mem-info id="821" free="213506168" total="1073741824" percent="19">
    <mem type="nursery" free="106449568" total="268435456" percent="39">
      <mem type="allocate" free="106449568" total="184418304" percent="57" />
      <mem type="survivor" free="0" total="84017152" percent="0" />
    </mem>
    <mem type="tenure" free="107056600" total="805306368" percent="13">
      <mem type="soa" free="66790872" total="765040640" percent="8" />
      <mem type="loa" free="40265728" total="40265728" percent="100" />
    </mem>
    <remembered-set count="130" />
  </mem-info>
</gc-start>
<allocation-stats totalBytes="2202520" >
  <allocated-bytes non-tlh="184" tlh="2202336" />
  <largest-consumer threadName="main" threadId="0000000000016F00" bytes="2194328" />
</allocation-stats>
<gc-op id="822" type="rs-scan" timems="127.240" contextid="801" timestamp="2022-02-08T17:21:43.226">
  <scan objectsFound="3324743" bytesTraced="71013092" workStackOverflowCount="0" />
</gc-op>
<gc-op id="823" type="card-cleaning" timems="0.266" contextid="801" timestamp="2022-02-08T17:21:43.226">
  <card-cleaning cardsCleaned="4" bytesTraced="2040" workStackOverflowCount="0" />
</gc-op>
<gc-op id="824" type="mark" timems="21.017" contextid="801" timestamp="2022-02-08T17:21:43.247">
  <trace-info objectcount="733258" scancount="551469" scanbytes="11832440" />
  <finalization candidates="428" enqueued="57" />
  <ownableSynchronizers candidates="1" cleared="0" />
  <references type="soft" candidates="1063" cleared="0" enqueued="0" dynamicThreshold="13" maxThreshold="32" />
  <references type="weak" candidates="1701" cleared="0" enqueued="0" />
  <references type="phantom" candidates="52" cleared="2" enqueued="2" />
  <stringconstants candidates="6463" cleared="0"  />
  <object-monitors candidates="2" cleared="0"  />
</gc-op>
<gc-op id="825" type="sweep" timems="4.632" contextid="801" timestamp="2022-02-08T17:21:43.252" />
<gc-end id="826" type="global" contextid="801" durationms="153.350" usertimems="167.473" systemtimems="0.194" stalltimems="63.101" timestamp="2022-02-08T17:21:43.252" activeThreads="4">
  <mem-info id="827" free="457171568" total="1073741824" percent="42">
    <mem type="nursery" free="107143872" total="268435456" percent="39">
      <mem type="allocate" free="107143872" total="184418304" percent="58" />
      <mem type="survivor" free="0" total="84017152" percent="0" />
    </mem>
    <mem type="tenure" free="350027696" total="805306368" percent="43" micro-fragmented="268227" macro-fragmented="0">
      <mem type="soa" free="309761968" total="765040640" percent="40" />
      <mem type="loa" free="40265728" total="40265728" percent="100" />
    </mem>
    <pending-finalizers system="57" default="0" reference="2" classloader="0" />
    <remembered-set count="112" />
  </mem-info>
</gc-end>
<cycle-end id="828" type="global" contextid="801" timestamp="2022-02-08T17:21:43.252" />
<exclusive-end id="829" timestamp="2022-02-08T17:21:43.252" durationms="153.567" />

<exclusive-start id="830" timestamp="2022-02-08T17:21:43.984" intervalms="885.042">
  <response-info timems="0.017" idlems="0.017" threads="0" lastid="0000000000016F00" lastname="main" />
</exclusive-start>
<af-start id="831" threadId="0000000000017908" totalBytesRequested="112" timestamp="2022-02-08T17:21:43.984" intervalms="993.416" type="nursery" />
<cycle-start id="832" type="scavenge" contextid="0" timestamp="2022-02-08T17:21:43.984" intervalms="993.417" />
<gc-start id="833" type="scavenge" contextid="832" timestamp="2022-02-08T17:21:43.984">
  <mem-info id="834" free="350027696" total="1073741824" percent="32">
    <mem type="nursery" free="0" total="268435456" percent="0">
      <mem type="allocate" free="0" total="184418304" percent="0" />
      <mem type="survivor" free="0" total="84017152" percent="0" />
    </mem>
    <mem type="tenure" free="350027696" total="805306368" percent="43">
      <mem type="soa" free="309761968" total="765040640" percent="40" />
      <mem type="loa" free="40265728" total="40265728" percent="100" />
    </mem>
    <remembered-set count="113" />
  </mem-info>
</gc-start>
<allocation-stats totalBytes="107092464" >
  <allocated-bytes non-tlh="0" tlh="107092464" />
  <largest-consumer threadName="main" threadId="0000000000016F00" bytes="107088368" />
</allocation-stats>
<gc-op id="835" type="scavenge" timems="76.310" contextid="832" timestamp="2022-02-08T17:21:44.060">
  <scavenger-info tenureage="1" tenuremask="7ffe" tiltratio="68" />
  <memory-copied type="nursery" objects="1404894" bytes="77761592" bytesdiscarded="320200" />
  <memory-copied type="tenure" objects="1425096" bytes="75170920" bytesdiscarded="40744" />
  <finalization candidates="57" enqueued="0" />
  <ownableSynchronizers candidates="2" cleared="2" />
  <object-monitors candidates="2" cleared="0"  />
</gc-op>
<gc-end id="836" type="scavenge" contextid="832" durationms="76.454" usertimems="301.340" systemtimems="0.000" stalltimems="2.909" timestamp="2022-02-08T17:21:44.060" activeThreads="4">
  <mem-info id="837" free="379148208" total="1073741824" percent="35">
    <mem type="nursery" free="104501504" total="268435456" percent="38">
      <mem type="allocate" free="104501504" total="182583296" percent="57" />
      <mem type="survivor" free="0" total="85852160" percent="0" />
    </mem>
    <mem type="tenure" free="274646704" total="805306368" percent="34" macro-fragmented="242016048">
      <mem type="soa" free="234380976" total="765040640" percent="30" />
      <mem type="loa" free="40265728" total="40265728" percent="100" />
    </mem>
    <remembered-set count="104" />
  </mem-info>
</gc-end>
<cycle-end id="838" type="scavenge" contextid="832" timestamp="2022-02-08T17:21:44.060" />
<allocation-satisfied id="839" threadId="0000000000016F00" bytesRequested="112" />
<af-end id="840" timestamp="2022-02-08T17:21:44.060" threadId="0000000000017908" success="true" from="nursery"/>
<exclusive-end id="841" timestamp="2022-02-08T17:21:44.060" durationms="76.688" />

<exclusive-start id="842" timestamp="2022-02-08T17:21:44.704" intervalms="719.843">
  <response-info timems="0.016" idlems="0.016" threads="0" lastid="0000000000016F00" lastname="main" />
</exclusive-start>
<af-start id="843" threadId="0000000000017908" totalBytesRequested="112" timestamp="2022-02-08T17:21:44.704" intervalms="719.853" type="nursery" />
<cycle-start id="844" type="scavenge" contextid="0" timestamp="2022-02-08T17:21:44.704" intervalms="719.852" />
<gc-start id="845" type="scavenge" contextid="844" timestamp="2022-02-08T17:21:44.704">
  <mem-info id="846" free="274646704" total="1073741824" percent="25">
    <mem type="nursery" free="0" total="268435456" percent="0">
      <mem type="allocate" free="0" total="182583296" percent="0" />
      <mem type="survivor" free="0" total="85852160" percent="0" />
    </mem>
    <mem type="tenure" free="274646704" total="805306368" percent="34">
      <mem type="soa" free="234380976" total="765040640" percent="30" />
      <mem type="loa" free="40265728" total="40265728" percent="100" />
    </mem>
    <remembered-set count="104" />
  </mem-info>
</gc-start>
<allocation-stats totalBytes="104454736" >
  <allocated-bytes non-tlh="112" tlh="104454624" />
  <largest-consumer threadName="main" threadId="0000000000016F00" bytes="104454736" />
</allocation-stats>
<gc-op id="847" type="scavenge" timems="89.802" contextid="844" timestamp="2022-02-08T17:21:44.793">
  <scavenger-info tenureage="1" tenuremask="7ffe" tiltratio="68" />
  <memory-copied type="nursery" objects="1302428" bytes="74234168" bytesdiscarded="131416" />
  <memory-copied type="tenure" objects="1404894" bytes="77761592" bytesdiscarded="38776" />
  <object-monitors candidates="2" cleared="0"  />
</gc-op>
<gc-end id="848" type="scavenge" contextid="844" durationms="90.118" usertimems="354.312" systemtimems="0.000" stalltimems="3.790" timestamp="2022-02-08T17:21:44.794" activeThreads="4">
  <mem-info id="849" free="305374592" total="1073741824" percent="28">
    <mem type="nursery" free="108610928" total="268435456" percent="40">
      <mem type="allocate" free="108610928" total="182976512" percent="59" />
      <mem type="survivor" free="0" total="85458944" percent="0" />
    </mem>
    <mem type="tenure" free="196763664" total="805306368" percent="24" macro-fragmented="0">
      <mem type="soa" free="156497936" total="765040640" percent="20" />
      <mem type="loa" free="40265728" total="40265728" percent="100" />
    </mem>
    <remembered-set count="104" />
  </mem-info>
</gc-end>
<cycle-end id="850" type="scavenge" contextid="844" timestamp="2022-02-08T17:21:44.794" />
<allocation-satisfied id="851" threadId="0000000000016F00" bytesRequested="112" />
<af-end id="852" timestamp="2022-02-08T17:21:44.794" threadId="0000000000017908" success="true" from="nursery"/>
<exclusive-end id="853" timestamp="2022-02-08T17:21:44.794" durationms="90.439" />

<concurrent-kickoff id="854" timestamp="2022-02-08T17:21:45.644">
  <kickoff reason="threshold reached" targetBytes="85143825" thresholdFreeBytes="7783197"  remainingFree="7685488" tenureFreeBytes="196762704" nurseryFreeBytes="7685488" />
</concurrent-kickoff>
<exclusive-start id="855" timestamp="2022-02-08T17:21:45.647" intervalms="943.471">
  <response-info timems="0.019" idlems="0.019" threads="0" lastid="0000000000016F00" lastname="main" />
</exclusive-start>
<cycle-start id="856" type="global" contextid="0" timestamp="2022-02-08T17:21:45.647" intervalms="2857.929" />
<concurrent-start id="857" type="global mark" contextid="856" timestamp="2022-02-08T17:21:45.647">
</concurrent-start>
<exclusive-end id="858" timestamp="2022-02-08T17:21:45.647" durationms="0.027" />

<exclusive-start id="859" timestamp="2022-02-08T17:21:45.811" intervalms="164.158">
  <response-info timems="0.019" idlems="0.019" threads="0" lastid="0000000000016F00" lastname="main" />
</exclusive-start>
<af-start id="860" threadId="0000000000017908" totalBytesRequested="208" timestamp="2022-02-08T17:21:45.811" intervalms="1107.620" type="nursery" />
<cycle-start id="861" type="scavenge" contextid="0" timestamp="2022-02-08T17:21:45.811" intervalms="1107.621" />
<gc-start id="862" type="scavenge" contextid="861" timestamp="2022-02-08T17:21:45.811">
  <mem-info id="863" free="196762704" total="1073741824" percent="18">
    <mem type="nursery" free="0" total="268435456" percent="0">
      <mem type="allocate" free="0" total="182976512" percent="0" />
      <mem type="survivor" free="0" total="85458944" percent="0" />
    </mem>
    <mem type="tenure" free="196762704" total="805306368" percent="24">
      <mem type="soa" free="156496976" total="765040640" percent="20" />
      <mem type="loa" free="40265728" total="40265728" percent="100" />
    </mem>
    <remembered-set count="148" />
  </mem-info>
</gc-start>
<allocation-stats totalBytes="108565152" >
  <allocated-bytes non-tlh="1494616" tlh="107070536" />
  <largest-consumer threadName="main" threadId="0000000000016F00" bytes="108565152" />
</allocation-stats>
<gc-op id="864" type="scavenge" timems="75.255" contextid="861" timestamp="2022-02-08T17:21:45.887">
  <scavenger-info tenureage="1" tenuremask="7ffe" tiltratio="68" />
  <memory-copied type="nursery" objects="1495928" bytes="76452704" bytesdiscarded="126432" />
  <memory-copied type="tenure" objects="1302428" bytes="74234168" bytesdiscarded="36408" />
  <finalization candidates="109" enqueued="53" />
  <references type="soft" candidates="14" cleared="0" enqueued="0" dynamicThreshold="13" maxThreshold="32" />
  <references type="weak" candidates="1" cleared="0" enqueued="0" />
  <references type="phantom" candidates="94" cleared="7" enqueued="7" />
  <object-monitors candidates="2" cleared="0"  />
</gc-op>
<gc-end id="865" type="scavenge" contextid="861" durationms="75.409" usertimems="297.033" systemtimems="0.000" stalltimems="3.581" timestamp="2022-02-08T17:21:45.887" activeThreads="4">
  <mem-info id="866" free="228994440" total="1073741824" percent="21">
    <mem type="nursery" free="106462688" total="268435456" percent="39">
      <mem type="allocate" free="106462688" total="183042048" percent="58" />
      <mem type="survivor" free="0" total="85393408" percent="0" />
    </mem>
    <mem type="tenure" free="122531752" total="805306368" percent="15" macro-fragmented="108954624">
      <mem type="soa" free="82266024" total="765040640" percent="10" />
      <mem type="loa" free="40265728" total="40265728" percent="100" />
    </mem>
    <pending-finalizers system="52" default="1" reference="7" classloader="0" />
    <remembered-set count="143" />
  </mem-info>
</gc-end>
<cycle-end id="867" type="scavenge" contextid="861" timestamp="2022-02-08T17:21:45.887" />
<allocation-satisfied id="868" threadId="0000000000016F00" bytesRequested="208" />
<af-end id="869" timestamp="2022-02-08T17:21:45.887" threadId="0000000000017908" success="true" from="nursery"/>
<exclusive-end id="870" timestamp="2022-02-08T17:21:45.887" durationms="75.748" />

<concurrent-end id="871" type="global mark" contextid="856" timestamp="2022-02-08T17:21:45.975">
<gc-op id="872" type="trace" timems="327.626" contextid="856" timestamp="2022-02-08T17:21:45.975">
  <trace bytesTraced="74452080" workStackOverflowCount="0" />
  <card-cleaning reason="card cleaning threshold reached" bytesTraced="1000" cardsCleaned="2" />
</gc-op>
</concurrent-end>

<exclusive-start id="873" timestamp="2022-02-08T17:21:45.975" intervalms="163.533">
  <response-info timems="0.017" idlems="0.017" threads="0" lastid="0000000000016F00" lastname="main" />
</exclusive-start>
<concurrent-global-final id="874" timestamp="2022-02-08T17:21:45.975" contextid="856" intervalms="2876.053" >
  <concurrent-trace-info reason="card cleaning threshold reached" tracedByMutators="58039376" tracedByHelpers="16413704" cardsCleaned="2" workStackOverflowCount="0" />
</concurrent-global-final>
<gc-start id="875" type="global" contextid="856" timestamp="2022-02-08T17:21:45.975">
  <mem-info id="876" free="222989496" total="1073741824" percent="20">
    <mem type="nursery" free="100457744" total="268435456" percent="37">
      <mem type="allocate" free="100457744" total="183042048" percent="54" />
      <mem type="survivor" free="0" total="85393408" percent="0" />
    </mem>
    <mem type="tenure" free="122531752" total="805306368" percent="15">
      <mem type="soa" free="82266024" total="765040640" percent="10" />
      <mem type="loa" free="40265728" total="40265728" percent="100" />
    </mem>
    <remembered-set count="144" />
  </mem-info>
</gc-start>
<allocation-stats totalBytes="6002048" >
  <allocated-bytes non-tlh="208" tlh="6001840" />
  <largest-consumer threadName="main" threadId="0000000000016F00" bytes="5993856" />
</allocation-stats>
<gc-op id="877" type="rs-scan" timems="123.592" contextid="856" timestamp="2022-02-08T17:21:46.098">
  <scan objectsFound="3324784" bytesTraced="71015056" workStackOverflowCount="0" />
</gc-op>
<gc-op id="878" type="card-cleaning" timems="0.252" contextid="856" timestamp="2022-02-08T17:21:46.099">
  <card-cleaning cardsCleaned="3" bytesTraced="1348" workStackOverflowCount="0" />
</gc-op>
<gc-op id="879" type="mark" timems="17.690" contextid="856" timestamp="2022-02-08T17:21:46.116">
  <trace-info objectcount="550836" scancount="414650" scanbytes="8913388" />
  <finalization candidates="427" enqueued="57" />
  <ownableSynchronizers candidates="1" cleared="0" />
  <references type="soft" candidates="1063" cleared="169" enqueued="162" dynamicThreshold="13" maxThreshold="32" />
  <references type="weak" candidates="1701" cleared="0" enqueued="0" />
  <references type="phantom" candidates="51" cleared="2" enqueued="2" />
  <stringconstants candidates="6467" cleared="2"  />
  <object-monitors candidates="2" cleared="0"  />
</gc-op>
<gc-op id="880" type="sweep" timems="4.258" contextid="856" timestamp="2022-02-08T17:21:46.121" />
<gc-end id="881" type="global" contextid="856" durationms="146.028" usertimems="159.743" systemtimems="0.260" stalltimems="52.405" timestamp="2022-02-08T17:21:46.121" activeThreads="4">
  <mem-info id="882" free="466684528" total="1073741824" percent="43">
    <mem type="nursery" free="101152288" total="268435456" percent="37">
      <mem type="allocate" free="101152288" total="183042048" percent="55" />
      <mem type="survivor" free="0" total="85393408" percent="0" />
    </mem>
    <mem type="tenure" free="365532240" total="805306368" percent="45" micro-fragmented="296455" macro-fragmented="0">
      <mem type="soa" free="325266512" total="765040640" percent="42" />
      <mem type="loa" free="40265728" total="40265728" percent="100" />
    </mem>
    <pending-finalizers system="57" default="0" reference="164" classloader="0" />
    <remembered-set count="126" />
  </mem-info>
</gc-end>
<cycle-end id="883" type="global" contextid="856" timestamp="2022-02-08T17:21:46.121" />
<exclusive-end id="884" timestamp="2022-02-08T17:21:46.121" durationms="146.246" />

<exclusive-start id="885" timestamp="2022-02-08T17:21:46.782" intervalms="807.032">
  <response-info timems="0.019" idlems="0.019" threads="0" lastid="0000000000016F00" lastname="main" />
</exclusive-start>
<af-start id="886" threadId="0000000000017908" totalBytesRequested="104" timestamp="2022-02-08T17:21:46.782" intervalms="970.563" type="nursery" />
<cycle-start id="887" type="scavenge" contextid="0" timestamp="2022-02-08T17:21:46.782" intervalms="970.563" />
<gc-start id="888" type="scavenge" contextid="887" timestamp="2022-02-08T17:21:46.782">
  <mem-info id="889" free="365532240" total="1073741824" percent="34">
    <mem type="nursery" free="0" total="268435456" percent="0">
      <mem type="allocate" free="0" total="183042048" percent="0" />
      <mem type="survivor" free="0" total="85393408" percent="0" />
    </mem>
    <mem type="tenure" free="365532240" total="805306368" percent="45">
      <mem type="soa" free="325266512" total="765040640" percent="42" />
      <mem type="loa" free="40265728" total="40265728" percent="100" />
    </mem>
    <remembered-set count="292" />
  </mem-info>
</gc-start>
<allocation-stats totalBytes="101109376" >
  <allocated-bytes non-tlh="1347680" tlh="99761696" />
  <largest-consumer threadName="main" threadId="0000000000016F00" bytes="101097104" />
</allocation-stats>
<gc-op id="890" type="scavenge" timems="79.403" contextid="887" timestamp="2022-02-08T17:21:46.861">
  <scavenger-info tenureage="1" tenuremask="7ffe" tiltratio="68" />
  <memory-copied type="nursery" objects="1345950" bytes="76565984" bytesdiscarded="274648" />
  <memory-copied type="tenure" objects="1495204" bytes="75509344" bytesdiscarded="40792" />
  <finalization candidates="57" enqueued="0" />
  <ownableSynchronizers candidates="2" cleared="2" />
  <references type="phantom" candidates="1" cleared="0" enqueued="0" />
  <object-monitors candidates="2" cleared="0"  />
</gc-op>
<gc-end id="891" type="scavenge" contextid="887" durationms="79.624" usertimems="313.940" systemtimems="0.306" stalltimems="2.833" timestamp="2022-02-08T17:21:46.861" activeThreads="4">
  <mem-info id="892" free="396613944" total="1073741824" percent="36">
    <mem type="nursery" free="106725704" total="268435456" percent="39">
      <mem type="allocate" free="106725704" total="183566336" percent="58" />
      <mem type="survivor" free="0" total="84869120" percent="0" />
    </mem>
    <mem type="tenure" free="289888240" total="805306368" percent="35" macro-fragmented="0">
      <mem type="soa" free="249622512" total="765040640" percent="32" />
      <mem type="loa" free="40265728" total="40265728" percent="100" />
    </mem>
    <remembered-set count="277" />
  </mem-info>
</gc-end>
<cycle-end id="893" type="scavenge" contextid="887" timestamp="2022-02-08T17:21:46.862" />
<allocation-satisfied id="894" threadId="0000000000016F00" bytesRequested="104" />
<af-end id="895" timestamp="2022-02-08T17:21:46.862" threadId="0000000000017908" success="true" from="nursery"/>
<exclusive-end id="896" timestamp="2022-02-08T17:21:46.862" durationms="79.862" />

<exclusive-start id="897" timestamp="2022-02-08T17:21:47.538" intervalms="755.997">
  <response-info timems="0.017" idlems="0.017" threads="0" lastid="0000000000016F00" lastname="main" />
</exclusive-start>
<af-start id="898" threadId="0000000000017908" totalBytesRequested="112" timestamp="2022-02-08T17:21:47.538" intervalms="755.998" type="nursery" />
<cycle-start id="899" type="scavenge" contextid="0" timestamp="2022-02-08T17:21:47.538" intervalms="755.997" />
<gc-start id="900" type="scavenge" contextid="899" timestamp="2022-02-08T17:21:47.538">
  <mem-info id="901" free="289888240" total="1073741824" percent="26">
    <mem type="nursery" free="0" total="268435456" percent="0">
      <mem type="allocate" free="0" total="183566336" percent="0" />
      <mem type="survivor" free="0" total="84869120" percent="0" />
    </mem>
    <mem type="tenure" free="289888240" total="805306368" percent="35">
      <mem type="soa" free="249622512" total="765040640" percent="32" />
      <mem type="loa" free="40265728" total="40265728" percent="100" />
    </mem>
    <remembered-set count="277" />
  </mem-info>
</gc-start>
<allocation-stats totalBytes="106674880" >
  <allocated-bytes non-tlh="104" tlh="106674776" />
  <largest-consumer threadName="main" threadId="0000000000016F00" bytes="106674880" />
</allocation-stats>
<gc-op id="902" type="scavenge" timems="77.717" contextid="899" timestamp="2022-02-08T17:21:47.616">
  <scavenger-info tenureage="1" tenuremask="7ffe" tiltratio="68" />
  <memory-copied type="nursery" objects="1346200" bytes="75867480" bytesdiscarded="144936" />
  <memory-copied type="tenure" objects="1345950" bytes="76565984" bytesdiscarded="39160" />
  <finalization candidates="1" enqueued="0" />
  <object-monitors candidates="2" cleared="0"  />
</gc-op>
<gc-end id="903" type="scavenge" contextid="899" durationms="77.930" usertimems="299.569" systemtimems="4.626" stalltimems="2.142" timestamp="2022-02-08T17:21:47.616" activeThreads="4">
  <mem-info id="904" free="321204520" total="1073741824" percent="29">
    <mem type="nursery" free="107947136" total="268435456" percent="40">
      <mem type="allocate" free="107947136" total="183959552" percent="58" />
      <mem type="survivor" free="0" total="84475904" percent="0" />
    </mem>
    <mem type="tenure" free="213257384" total="805306368" percent="26" macro-fragmented="0">
      <mem type="soa" free="172991656" total="765040640" percent="22" />
      <mem type="loa" free="40265728" total="40265728" percent="100" />
    </mem>
    <remembered-set count="266" />
  </mem-info>
</gc-end>
<cycle-end id="905" type="scavenge" contextid="899" timestamp="2022-02-08T17:21:47.616" />
<allocation-satisfied id="906" threadId="0000000000016F00" bytesRequested="112" />
<af-end id="907" timestamp="2022-02-08T17:21:47.616" threadId="0000000000017908" success="true" from="nursery"/>
<exclusive-end id="908" timestamp="2022-02-08T17:21:47.616" durationms="78.176" />

<exclusive-start id="909" timestamp="2022-02-08T17:21:48.504" intervalms="965.930">
  <response-info timems="0.017" idlems="0.017" threads="0" lastid="0000000000016F00" lastname="main" />
</exclusive-start>
<af-start id="910" threadId="0000000000017908" totalBytesRequested="24" timestamp="2022-02-08T17:21:48.504" intervalms="965.928" type="nursery" />
<cycle-start id="911" type="scavenge" contextid="0" timestamp="2022-02-08T17:21:48.504" intervalms="965.928" />
<gc-start id="912" type="scavenge" contextid="911" timestamp="2022-02-08T17:21:48.504">
  <mem-info id="913" free="213256496" total="1073741824" percent="19">
    <mem type="nursery" free="0" total="268435456" percent="0">
      <mem type="allocate" free="0" total="183959552" percent="0" />
      <mem type="survivor" free="0" total="84475904" percent="0" />
    </mem>
    <mem type="tenure" free="213256496" total="805306368" percent="26">
      <mem type="soa" free="172990768" total="765040640" percent="22" />
      <mem type="loa" free="40265728" total="40265728" percent="100" />
    </mem>
    <remembered-set count="309" />
  </mem-info>
</gc-start>
<allocation-stats totalBytes="107902144" >
  <allocated-bytes non-tlh="1494768" tlh="106407376" />
  <largest-consumer threadName="main" threadId="0000000000016F00" bytes="107902144" />
</allocation-stats>
<gc-op id="914" type="scavenge" timems="78.966" contextid="911" timestamp="2022-02-08T17:21:48.583">
  <scavenger-info tenureage="1" tenuremask="7ffe" tiltratio="68" />
  <memory-copied type="nursery" objects="1489174" bytes="75967584" bytesdiscarded="81120" />
  <memory-copied type="tenure" objects="1346200" bytes="75867480" bytesdiscarded="41264" />
  <finalization candidates="109" enqueued="53" />
  <references type="soft" candidates="14" cleared="0" enqueued="0" dynamicThreshold="14" maxThreshold="32" />
  <references type="weak" candidates="2" cleared="1" enqueued="1" />
  <references type="phantom" candidates="94" cleared="7" enqueued="7" />
  <object-monitors candidates="2" cleared="0"  />
</gc-op>
<gc-end id="915" type="scavenge" contextid="911" durationms="79.227" usertimems="312.898" systemtimems="0.000" stalltimems="2.423" timestamp="2022-02-08T17:21:48.583" activeThreads="4">
  <mem-info id="916" free="245580536" total="1073741824" percent="22">
    <mem type="nursery" free="108369424" total="268435456" percent="40">
      <mem type="allocate" free="108369424" total="184418304" percent="58" />
      <mem type="survivor" free="0" total="84017152" percent="0" />
    </mem>
    <mem type="tenure" free="137211112" total="805306368" percent="17" macro-fragmented="0">
      <mem type="soa" free="96945384" total="765040640" percent="12" />
      <mem type="loa" free="40265728" total="40265728" percent="100" />
    </mem>
    <pending-finalizers system="52" default="1" reference="8" classloader="0" />
    <remembered-set count="142" />
  </mem-info>
</gc-end>
<cycle-end id="917" type="scavenge" contextid="911" timestamp="2022-02-08T17:21:48.583" />
<allocation-satisfied id="918" threadId="0000000000016F00" bytesRequested="24" />
<af-end id="919" timestamp="2022-02-08T17:21:48.583" threadId="0000000000017908" success="true" from="nursery"/>
<exclusive-end id="920" timestamp="2022-02-08T17:21:48.583" durationms="79.466" />

<concurrent-kickoff id="921" timestamp="2022-02-08T17:21:49.270">
  <kickoff reason="threshold reached" targetBytes="82992534" thresholdFreeBytes="7384435"  remainingFree="7378448" tenureFreeBytes="137211112" nurseryFreeBytes="7378448" />
</concurrent-kickoff>
<exclusive-start id="922" timestamp="2022-02-08T17:21:49.272" intervalms="768.728">
  <response-info timems="0.031" idlems="0.031" threads="0" lastid="0000000000016F00" lastname="main" />
</exclusive-start>
<cycle-start id="923" type="global" contextid="0" timestamp="2022-02-08T17:21:49.272" intervalms="3625.387" />
<concurrent-start id="924" type="global mark" contextid="923" timestamp="2022-02-08T17:21:49.272">
</concurrent-start>
<exclusive-end id="925" timestamp="2022-02-08T17:21:49.272" durationms="0.036" />

<exclusive-start id="926" timestamp="2022-02-08T17:21:49.416" intervalms="143.124">
  <response-info timems="0.020" idlems="0.020" threads="0" lastid="0000000000016F00" lastname="main" />
</exclusive-start>
<af-start id="927" threadId="0000000000017908" totalBytesRequested="112" timestamp="2022-02-08T17:21:49.416" intervalms="911.852" type="nursery" />
<cycle-start id="928" type="scavenge" contextid="0" timestamp="2022-02-08T17:21:49.416" intervalms="911.854" />
<gc-start id="929" type="scavenge" contextid="928" timestamp="2022-02-08T17:21:49.416">
  <mem-info id="930" free="137211112" total="1073741824" percent="12">
    <mem type="nursery" free="0" total="268435456" percent="0">
      <mem type="allocate" free="0" total="184418304" percent="0" />
      <mem type="survivor" free="0" total="84017152" percent="0" />
    </mem>
    <mem type="tenure" free="137211112" total="805306368" percent="17">
      <mem type="soa" free="96945384" total="765040640" percent="12" />
      <mem type="loa" free="40265728" total="40265728" percent="100" />
    </mem>
    <remembered-set count="143" />
  </mem-info>
</gc-start>
<allocation-stats totalBytes="108317736" >
  <allocated-bytes non-tlh="1347704" tlh="106970032" />
  <largest-consumer threadName="main" threadId="0000000000016F00" bytes="108309544" />
</allocation-stats>
<gc-op id="931" type="scavenge" timems="80.044" contextid="928" timestamp="2022-02-08T17:21:49.496">
  <scavenger-info tenureage="1" tenuremask="7ffe" tiltratio="68" />
  <memory-copied type="nursery" objects="1350620" bytes="77509104" bytesdiscarded="281800" />
  <memory-copied type="tenure" objects="1488451" bytes="75024248" bytesdiscarded="33408" />
  <finalization candidates="57" enqueued="0" />
  <references type="phantom" candidates="1" cleared="0" enqueued="0" />
  <object-monitors candidates="2" cleared="0"  />
</gc-op>
<gc-end id="932" type="scavenge" contextid="928" durationms="80.260" usertimems="315.351" systemtimems="0.000" stalltimems="3.742" timestamp="2022-02-08T17:21:49.496" activeThreads="4">
  <mem-info id="933" free="167730976" total="1073741824" percent="15">
    <mem type="nursery" free="105513288" total="268435456" percent="39">
      <mem type="allocate" free="105513288" total="183304192" percent="57" />
      <mem type="survivor" free="0" total="85131264" percent="0" />
    </mem>
    <mem type="tenure" free="62217688" total="805306368" percent="7" macro-fragmented="33282812">
      <mem type="soa" free="21951960" total="765040640" percent="2" />
      <mem type="loa" free="40265728" total="40265728" percent="100" />
    </mem>
    <remembered-set count="110" />
  </mem-info>
</gc-end>
<cycle-end id="934" type="scavenge" contextid="928" timestamp="2022-02-08T17:21:49.496" />
<allocation-satisfied id="935" threadId="0000000000016F00" bytesRequested="112" />
<af-end id="936" timestamp="2022-02-08T17:21:49.496" threadId="0000000000017908" success="true" from="nursery"/>
<exclusive-end id="937" timestamp="2022-02-08T17:21:49.496" durationms="80.609" />

<concurrent-end id="938" type="global mark" contextid="923" timestamp="2022-02-08T17:21:49.613">
<gc-op id="939" type="trace" timems="340.645" contextid="923" timestamp="2022-02-08T17:21:49.613">
  <trace bytesTraced="74426800" workStackOverflowCount="0" />
  <card-cleaning reason="card cleaning threshold reached" bytesTraced="1000" cardsCleaned="2" />
</gc-op>
</concurrent-end>

<exclusive-start id="940" timestamp="2022-02-08T17:21:49.613" intervalms="197.595">
  <response-info timems="0.018" idlems="0.018" threads="0" lastid="0000000000016F00" lastname="main" />
</exclusive-start>
<concurrent-global-final id="941" timestamp="2022-02-08T17:21:49.613" contextid="923" intervalms="3638.406" >
  <concurrent-trace-info reason="card cleaning threshold reached" tracedByMutators="57088528" tracedByHelpers="17339272" cardsCleaned="2" workStackOverflowCount="0" />
</concurrent-global-final>
<gc-start id="942" type="global" contextid="923" timestamp="2022-02-08T17:21:49.613">
  <mem-info id="943" free="160292528" total="1073741824" percent="14">
    <mem type="nursery" free="98074840" total="268435456" percent="36">
      <mem type="allocate" free="98074840" total="183304192" percent="53" />
      <mem type="survivor" free="0" total="85131264" percent="0" />
    </mem>
    <mem type="tenure" free="62217688" total="805306368" percent="7">
      <mem type="soa" free="21951960" total="765040640" percent="2" />
      <mem type="loa" free="40265728" total="40265728" percent="100" />
    </mem>
    <remembered-set count="110" />
  </mem-info>
</gc-start>
<allocation-stats totalBytes="7435592" >
  <allocated-bytes non-tlh="112" tlh="7435480" />
  <largest-consumer threadName="main" threadId="0000000000016F00" bytes="7435592" />
</allocation-stats>
<heap-resize id="944" type="loa contract" space="tenure" amount="8052736" count="1" timems="0.000" reason="contract underutilized loa" timestamp="2022-02-08T17:21:49.613" />
<gc-op id="945" type="rs-scan" timems="0.655" contextid="923" timestamp="2022-02-08T17:21:49.614">
  <scan objectsFound="45" bytesTraced="6180" workStackOverflowCount="0" />
</gc-op>
<gc-op id="946" type="card-cleaning" timems="147.351" contextid="923" timestamp="2022-02-08T17:21:49.761">
  <card-cleaning cardsCleaned="11" bytesTraced="71012804" workStackOverflowCount="0" />
</gc-op>
<gc-op id="947" type="mark" timems="48.472" contextid="923" timestamp="2022-02-08T17:21:49.810">
  <trace-info objectcount="1668708" scancount="1253058" scanbytes="26799640" />
  <finalization candidates="428" enqueued="57" />
  <ownableSynchronizers candidates="1" cleared="0" />
  <references type="soft" candidates="894" cleared="0" enqueued="0" dynamicThreshold="14" maxThreshold="32" />
  <references type="weak" candidates="1701" cleared="0" enqueued="0" />
  <references type="phantom" candidates="52" cleared="2" enqueued="2" />
  <stringconstants candidates="6471" cleared="1"  />
  <object-monitors candidates="2" cleared="0"  />
</gc-op>
<gc-op id="948" type="classunload" timems="0.293" contextid="923" timestamp="2022-02-08T17:21:49.810">
  <classunload-info classloadercandidates="12" classloadersunloaded="1" classesunloaded="1" anonymousclassesunloaded="0" quiescems="0.000" setupms="0.283" scanms="0.008" postms="0.002" />
</gc-op>
<gc-op id="949" type="sweep" timems="5.139" contextid="923" timestamp="2022-02-08T17:21:49.815" />
<gc-end id="950" type="global" contextid="923" durationms="202.160" usertimems="217.633" systemtimems="0.000" stalltimems="145.440" timestamp="2022-02-08T17:21:49.815" activeThreads="4">
  <mem-info id="951" free="403588640" total="1073741824" percent="37">
    <mem type="nursery" free="98449264" total="268435456" percent="36">
      <mem type="allocate" free="98449264" total="183304192" percent="53" />
      <mem type="survivor" free="0" total="85131264" percent="0" />
    </mem>
    <mem type="tenure" free="305139376" total="805306368" percent="37" micro-fragmented="272072" macro-fragmented="0">
      <mem type="soa" free="272926384" total="773093376" percent="35" />
      <mem type="loa" free="32212992" total="32212992" percent="100" />
    </mem>
    <pending-finalizers system="57" default="0" reference="2" classloader="0" />
    <remembered-set count="110" />
  </mem-info>
</gc-end>
<cycle-end id="952" type="global" contextid="923" timestamp="2022-02-08T17:21:49.815" />
<exclusive-end id="953" timestamp="2022-02-08T17:21:49.815" durationms="202.366" />

<exclusive-start id="954" timestamp="2022-02-08T17:21:50.455" intervalms="842.307">
  <response-info timems="0.017" idlems="0.017" threads="0" lastid="0000000000016F00" lastname="main" />
</exclusive-start>
<af-start id="955" threadId="0000000000017908" totalBytesRequested="184" timestamp="2022-02-08T17:21:50.456" intervalms="1040.134" type="nursery" />
<cycle-start id="956" type="scavenge" contextid="0" timestamp="2022-02-08T17:21:50.456" intervalms="1040.305" />
<gc-start id="957" type="scavenge" contextid="956" timestamp="2022-02-08T17:21:50.456">
  <mem-info id="958" free="305139376" total="1073741824" percent="28">
    <mem type="nursery" free="0" total="268435456" percent="0">
      <mem type="allocate" free="0" total="183304192" percent="0" />
      <mem type="survivor" free="0" total="85131264" percent="0" />
    </mem>
    <mem type="tenure" free="305139376" total="805306368" percent="37">
      <mem type="soa" free="272926384" total="773093376" percent="35" />
      <mem type="loa" free="32212992" total="32212992" percent="100" />
    </mem>
    <remembered-set count="113" />
  </mem-info>
</gc-start>
<allocation-stats totalBytes="98406264" >
  <allocated-bytes non-tlh="0" tlh="98406264" />
  <largest-consumer threadName="main" threadId="0000000000016F00" bytes="98402168" />
</allocation-stats>
<gc-op id="959" type="scavenge" timems="73.996" contextid="956" timestamp="2022-02-08T17:21:50.530">
  <scavenger-info tenureage="1" tenuremask="7ffe" tiltratio="68" />
  <memory-copied type="nursery" objects="1335271" bytes="75192224" bytesdiscarded="136288" />
  <memory-copied type="tenure" objects="1350620" bytes="77509104" bytesdiscarded="45760" />
  <finalization candidates="1" enqueued="0" />
  <ownableSynchronizers candidates="2" cleared="2" />
  <object-monitors candidates="2" cleared="0"  />
</gc-op>
<gc-end id="960" type="scavenge" contextid="956" durationms="74.231" usertimems="287.266" systemtimems="3.428" stalltimems="4.632" timestamp="2022-02-08T17:21:50.530" activeThreads="4">
  <mem-info id="961" free="335640600" total="1073741824" percent="31">
    <mem type="nursery" free="108237824" total="268435456" percent="40">
      <mem type="allocate" free="108237824" total="183566336" percent="58" />
      <mem type="survivor" free="0" total="84869120" percent="0" />
    </mem>
    <mem type="tenure" free="227402776" total="805306368" percent="28" macro-fragmented="0">
      <mem type="soa" free="195189784" total="773093376" percent="25" />
      <mem type="loa" free="32212992" total="32212992" percent="100" />
    </mem>
    <remembered-set count="105" />
  </mem-info>
</gc-end>
<cycle-end id="962" type="scavenge" contextid="956" timestamp="2022-02-08T17:21:50.530" />
<allocation-satisfied id="963" threadId="0000000000016F00" bytesRequested="184" />
<af-end id="964" timestamp="2022-02-08T17:21:50.530" threadId="0000000000017908" success="true" from="nursery"/>
<exclusive-end id="965" timestamp="2022-02-08T17:21:50.530" durationms="74.930" />

<exclusive-start id="966" timestamp="2022-02-08T17:21:51.263" intervalms="807.753">
  <response-info timems="0.020" idlems="0.020" threads="0" lastid="0000000000016F00" lastname="main" />
</exclusive-start>
<af-start id="967" threadId="0000000000017908" totalBytesRequested="208" timestamp="2022-02-08T17:21:51.263" intervalms="807.523" type="nursery" />
<cycle-start id="968" type="scavenge" contextid="0" timestamp="2022-02-08T17:21:51.263" intervalms="807.353" />
<gc-start id="969" type="scavenge" contextid="968" timestamp="2022-02-08T17:21:51.263">
  <mem-info id="970" free="227402776" total="1073741824" percent="21">
    <mem type="nursery" free="0" total="268435456" percent="0">
      <mem type="allocate" free="0" total="183566336" percent="0" />
      <mem type="survivor" free="0" total="84869120" percent="0" />
    </mem>
    <mem type="tenure" free="227402776" total="805306368" percent="28">
      <mem type="soa" free="195189784" total="773093376" percent="25" />
      <mem type="loa" free="32212992" total="32212992" percent="100" />
    </mem>
    <remembered-set count="119" />
  </mem-info>
</gc-start>
<allocation-stats totalBytes="108189752" >
  <allocated-bytes non-tlh="550688" tlh="107639064" />
  <largest-consumer threadName="main" threadId="0000000000016F00" bytes="108189752" />
</allocation-stats>
<gc-op id="971" type="scavenge" timems="73.971" contextid="968" timestamp="2022-02-08T17:21:51.337">
  <scavenger-info tenureage="1" tenuremask="7ffe" tiltratio="68" />
  <memory-copied type="nursery" objects="1382631" bytes="76647056" bytesdiscarded="304424" />
  <memory-copied type="tenure" objects="1335270" bytes="75192120" bytesdiscarded="38896" />
  <finalization candidates="35" enqueued="18" />
  <references type="phantom" candidates="35" cleared="0" enqueued="0" />
  <object-monitors candidates="2" cleared="0"  />
</gc-op>
<gc-end id="972" type="scavenge" contextid="968" durationms="74.280" usertimems="290.148" systemtimems="0.000" stalltimems="4.946" timestamp="2022-02-08T17:21:51.338" activeThreads="4">
  <mem-info id="973" free="258893576" total="1073741824" percent="24">
    <mem type="nursery" free="106745928" total="268435456" percent="39">
      <mem type="allocate" free="106745928" total="183697408" percent="58" />
      <mem type="survivor" free="0" total="84738048" percent="0" />
    </mem>
    <mem type="tenure" free="152147648" total="805306368" percent="18" macro-fragmented="0">
      <mem type="soa" free="119934656" total="773093376" percent="15" />
      <mem type="loa" free="32212992" total="32212992" percent="100" />
    </mem>
    <pending-finalizers system="18" default="0" reference="0" classloader="0" />
    <remembered-set count="119" />
  </mem-info>
</gc-end>
<cycle-end id="974" type="scavenge" contextid="968" timestamp="2022-02-08T17:21:51.338" />
<allocation-satisfied id="975" threadId="0000000000016F00" bytesRequested="208" />
<af-end id="976" timestamp="2022-02-08T17:21:51.338" threadId="0000000000017908" success="true" from="nursery"/>
<exclusive-end id="977" timestamp="2022-02-08T17:21:51.338" durationms="74.589" />

<concurrent-kickoff id="978" timestamp="2022-02-08T17:21:52.125">
  <kickoff reason="threshold reached" targetBytes="81270387" thresholdFreeBytes="7059804"  remainingFree="6929576" tenureFreeBytes="152147648" nurseryFreeBytes="6929576" />
</concurrent-kickoff>
<exclusive-start id="979" timestamp="2022-02-08T17:21:52.128" intervalms="864.832">
  <response-info timems="0.020" idlems="0.020" threads="0" lastid="0000000000016F00" lastname="main" />
</exclusive-start>
<cycle-start id="980" type="global" contextid="0" timestamp="2022-02-08T17:21:52.128" intervalms="2855.603" />
<concurrent-start id="981" type="global mark" contextid="980" timestamp="2022-02-08T17:21:52.128">
</concurrent-start>
<exclusive-end id="982" timestamp="2022-02-08T17:21:52.128" durationms="0.028" />

<exclusive-start id="983" timestamp="2022-02-08T17:21:52.280" intervalms="151.862">
  <response-info timems="0.017" idlems="0.017" threads="0" lastid="0000000000016F00" lastname="main" />
</exclusive-start>
<af-start id="984" threadId="0000000000017908" totalBytesRequested="232" timestamp="2022-02-08T17:21:52.280" intervalms="1016.694" type="nursery" />
<cycle-start id="985" type="scavenge" contextid="0" timestamp="2022-02-08T17:21:52.280" intervalms="1016.692" />
<gc-start id="986" type="scavenge" contextid="985" timestamp="2022-02-08T17:21:52.280">
  <mem-info id="987" free="152147648" total="1073741824" percent="14">
    <mem type="nursery" free="0" total="268435456" percent="0">
      <mem type="allocate" free="0" total="183697408" percent="0" />
      <mem type="survivor" free="0" total="84738048" percent="0" />
    </mem>
    <mem type="tenure" free="152147648" total="805306368" percent="18">
      <mem type="soa" free="119934656" total="773093376" percent="15" />
      <mem type="loa" free="32212992" total="32212992" percent="100" />
    </mem>
    <remembered-set count="136" />
  </mem-info>
</gc-start>
<allocation-stats totalBytes="106694304" >
  <allocated-bytes non-tlh="2458528" tlh="104235776" />
  <largest-consumer threadName="main" threadId="0000000000016F00" bytes="106690208" />
</allocation-stats>
<gc-op id="988" type="scavenge" timems="88.627" contextid="985" timestamp="2022-02-08T17:21:52.369">
  <scavenger-info tenureage="1" tenuremask="7ffe" tiltratio="68" />
  <memory-copied type="nursery" objects="1399564" bytes="75378736" bytesdiscarded="197784" />
  <memory-copied type="tenure" objects="1382303" bytes="76389056" bytesdiscarded="37520" />
  <finalization candidates="92" enqueued="35" />
  <references type="soft" candidates="14" cleared="0" enqueued="0" dynamicThreshold="12" maxThreshold="32" />
  <references type="weak" candidates="1" cleared="0" enqueued="0" />
  <references type="phantom" candidates="77" cleared="7" enqueued="7" />
  <object-monitors candidates="2" cleared="0"  />
</gc-op>
<gc-end id="989" type="scavenge" contextid="985" durationms="88.874" usertimems="350.380" systemtimems="0.000" stalltimems="3.523" timestamp="2022-02-08T17:21:52.369" activeThreads="4">
  <mem-info id="990" free="184213128" total="1073741824" percent="17">
    <mem type="nursery" free="108513976" total="268435456" percent="40">
      <mem type="allocate" free="108513976" total="184090624" percent="58" />
      <mem type="survivor" free="0" total="84344832" percent="0" />
    </mem>
    <mem type="tenure" free="75699152" total="805306368" percent="9" macro-fragmented="502401">
      <mem type="soa" free="43486160" total="773093376" percent="5" />
      <mem type="loa" free="32212992" total="32212992" percent="100" />
    </mem>
    <pending-finalizers system="34" default="1" reference="7" classloader="0" />
    <remembered-set count="122" />
  </mem-info>
</gc-end>
<cycle-end id="991" type="scavenge" contextid="985" timestamp="2022-02-08T17:21:52.369" />
<allocation-satisfied id="992" threadId="0000000000016F00" bytesRequested="232" />
<af-end id="993" timestamp="2022-02-08T17:21:52.369" threadId="0000000000017908" success="true" from="nursery"/>
<exclusive-end id="994" timestamp="2022-02-08T17:21:52.369" durationms="89.150" />

<concurrent-end id="995" type="global mark" contextid="980" timestamp="2022-02-08T17:21:52.477">
<gc-op id="996" type="trace" timems="349.190" contextid="980" timestamp="2022-02-08T17:21:52.477">
  <trace bytesTraced="74427592" workStackOverflowCount="0" />
  <card-cleaning reason="card cleaning threshold reached" bytesTraced="1000" cardsCleaned="2" />
</gc-op>
</concurrent-end>

<exclusive-start id="997" timestamp="2022-02-08T17:21:52.477" intervalms="197.441">
  <response-info timems="0.037" idlems="0.037" threads="0" lastid="0000000000016F00" lastname="main" />
</exclusive-start>
<concurrent-global-final id="998" timestamp="2022-02-08T17:21:52.477" contextid="980" intervalms="2864.200" >
  <concurrent-trace-info reason="card cleaning threshold reached" tracedByMutators="59087536" tracedByHelpers="15341056" cardsCleaned="2" workStackOverflowCount="0" />
</concurrent-global-final>
<gc-start id="999" type="global" contextid="980" timestamp="2022-02-08T17:21:52.477">
  <mem-info id="1000" free="177946016" total="1073741824" percent="16">
    <mem type="nursery" free="102246864" total="268435456" percent="38">
      <mem type="allocate" free="102246864" total="184090624" percent="55" />
      <mem type="survivor" free="0" total="84344832" percent="0" />
    </mem>
    <mem type="tenure" free="75699152" total="805306368" percent="9">
      <mem type="soa" free="43486160" total="773093376" percent="5" />
      <mem type="loa" free="32212992" total="32212992" percent="100" />
    </mem>
    <remembered-set count="123" />
  </mem-info>
</gc-start>
<allocation-stats totalBytes="6263472" >
  <allocated-bytes non-tlh="232" tlh="6263240" />
  <largest-consumer threadName="main" threadId="0000000000016F00" bytes="6255280" />
</allocation-stats>
<heap-resize id="1001" type="loa contract" space="tenure" amount="8053760" count="1" timems="0.000" reason="contract underutilized loa" timestamp="2022-02-08T17:21:52.477" />
<gc-op id="1002" type="rs-scan" timems="126.378" contextid="980" timestamp="2022-02-08T17:21:52.604">
  <scan objectsFound="3324744" bytesTraced="71013132" workStackOverflowCount="0" />
</gc-op>
<gc-op id="1003" type="card-cleaning" timems="0.279" contextid="980" timestamp="2022-02-08T17:21:52.604">
  <card-cleaning cardsCleaned="4" bytesTraced="1968" workStackOverflowCount="0" />
</gc-op>
<gc-op id="1004" type="mark" timems="34.060" contextid="980" timestamp="2022-02-08T17:21:52.638">
  <trace-info objectcount="1332556" scancount="1000943" scanbytes="21421192" />
  <finalization candidates="428" enqueued="57" />
  <ownableSynchronizers candidates="1" cleared="0" />
  <references type="soft" candidates="894" cleared="0" enqueued="0" dynamicThreshold="12" maxThreshold="32" />
  <references type="weak" candidates="1701" cleared="0" enqueued="0" />
  <references type="phantom" candidates="52" cleared="2" enqueued="2" />
  <stringconstants candidates="6470" cleared="0"  />
  <object-monitors candidates="2" cleared="0"  />
</gc-op>
<gc-op id="1005" type="sweep" timems="4.952" contextid="980" timestamp="2022-02-08T17:21:52.643" />
<gc-end id="1006" type="global" contextid="980" durationms="165.883" usertimems="180.395" systemtimems="0.343" stalltimems="102.602" timestamp="2022-02-08T17:21:52.643" activeThreads="4">
  <mem-info id="1007" free="421509944" total="1073741824" percent="39">
    <mem type="nursery" free="102855784" total="268435456" percent="38">
      <mem type="allocate" free="102855784" total="184090624" percent="55" />
      <mem type="survivor" free="0" total="84344832" percent="0" />
    </mem>
    <mem type="tenure" free="318654160" total="805306368" percent="39" micro-fragmented="322603" macro-fragmented="0">
      <mem type="soa" free="294494928" total="781147136" percent="37" />
      <mem type="loa" free="24159232" total="24159232" percent="100" />
    </mem>
    <pending-finalizers system="57" default="0" reference="2" classloader="0" />
    <remembered-set count="110" />
  </mem-info>
</gc-end>
<cycle-end id="1008" type="global" contextid="980" timestamp="2022-02-08T17:21:52.643" />
<exclusive-end id="1009" timestamp="2022-02-08T17:21:52.643" durationms="166.087" />

<exclusive-start id="1010" timestamp="2022-02-08T17:21:53.339" intervalms="861.200">
  <response-info timems="0.016" idlems="0.016" threads="0" lastid="0000000000016F00" lastname="main" />
</exclusive-start>
<af-start id="1011" threadId="0000000000017908" totalBytesRequested="104" timestamp="2022-02-08T17:21:53.339" intervalms="1058.639" type="nursery" />
<cycle-start id="1012" type="scavenge" contextid="0" timestamp="2022-02-08T17:21:53.339" intervalms="1058.639" />
<gc-start id="1013" type="scavenge" contextid="1012" timestamp="2022-02-08T17:21:53.339">
  <mem-info id="1014" free="318654160" total="1073741824" percent="29">
    <mem type="nursery" free="0" total="268435456" percent="0">
      <mem type="allocate" free="0" total="184090624" percent="0" />
      <mem type="survivor" free="0" total="84344832" percent="0" />
    </mem>
    <mem type="tenure" free="318654160" total="805306368" percent="39">
      <mem type="soa" free="294494928" total="781147136" percent="37" />
      <mem type="loa" free="24159232" total="24159232" percent="100" />
    </mem>
    <remembered-set count="111" />
  </mem-info>
</gc-start>
<allocation-stats totalBytes="102810144" >
  <allocated-bytes non-tlh="0" tlh="102810144" />
  <largest-consumer threadName="main" threadId="0000000000016F00" bytes="102806048" />
</allocation-stats>
<gc-op id="1015" type="scavenge" timems="75.939" contextid="1012" timestamp="2022-02-08T17:21:53.415">
  <scavenger-info tenureage="1" tenuremask="7ffe" tiltratio="68" />
  <memory-copied type="nursery" objects="1409590" bytes="77606808" bytesdiscarded="212328" />
  <memory-copied type="tenure" objects="1399082" bytes="75066864" bytesdiscarded="37128" />
  <finalization candidates="40" enqueued="0" />
  <ownableSynchronizers candidates="2" cleared="2" />
  <object-monitors candidates="2" cleared="0"  />
</gc-op>
<gc-end id="1016" type="scavenge" contextid="1012" durationms="76.173" usertimems="300.957" systemtimems="0.000" stalltimems="2.049" timestamp="2022-02-08T17:21:53.415" activeThreads="4">
  <mem-info id="1017" free="348175792" total="1073741824" percent="32">
    <mem type="nursery" free="104764160" total="268435456" percent="39">
      <mem type="allocate" free="104764160" total="182583296" percent="57" />
      <mem type="survivor" free="0" total="85852160" percent="0" />
    </mem>
    <mem type="tenure" free="243411632" total="805306368" percent="30" macro-fragmented="0">
      <mem type="soa" free="219252400" total="781147136" percent="28" />
      <mem type="loa" free="24159232" total="24159232" percent="100" />
    </mem>
    <remembered-set count="104" />
  </mem-info>
</gc-end>
<cycle-end id="1018" type="scavenge" contextid="1012" timestamp="2022-02-08T17:21:53.415" />
<allocation-satisfied id="1019" threadId="0000000000016F00" bytesRequested="104" />
<af-end id="1020" timestamp="2022-02-08T17:21:53.415" threadId="0000000000017908" success="true" from="nursery"/>
<exclusive-end id="1021" timestamp="2022-02-08T17:21:53.415" durationms="76.424" />

<exclusive-start id="1022" timestamp="2022-02-08T17:21:54.051" intervalms="712.969">
  <response-info timems="0.017" idlems="0.017" threads="0" lastid="0000000000016F00" lastname="main" />
</exclusive-start>
<af-start id="1023" threadId="0000000000017908" totalBytesRequested="216" timestamp="2022-02-08T17:21:54.052" intervalms="712.970" type="nursery" />
<cycle-start id="1024" type="scavenge" contextid="0" timestamp="2022-02-08T17:21:54.052" intervalms="712.969" />
<gc-start id="1025" type="scavenge" contextid="1024" timestamp="2022-02-08T17:21:54.052">
  <mem-info id="1026" free="243411632" total="1073741824" percent="22">
    <mem type="nursery" free="0" total="268435456" percent="0">
      <mem type="allocate" free="0" total="182583296" percent="0" />
      <mem type="survivor" free="0" total="85852160" percent="0" />
    </mem>
    <mem type="tenure" free="243411632" total="805306368" percent="30">
      <mem type="soa" free="219252400" total="781147136" percent="28" />
      <mem type="loa" free="24159232" total="24159232" percent="100" />
    </mem>
    <remembered-set count="104" />
  </mem-info>
</gc-start>
<allocation-stats totalBytes="104716104" >
  <allocated-bytes non-tlh="104" tlh="104716000" />
  <largest-consumer threadName="main" threadId="0000000000016F00" bytes="104716104" />
</allocation-stats>
<gc-op id="1027" type="scavenge" timems="73.165" contextid="1024" timestamp="2022-02-08T17:21:54.125">
  <scavenger-info tenureage="1" tenuremask="7ffe" tiltratio="68" />
  <memory-copied type="nursery" objects="1307785" bytes="74452392" bytesdiscarded="69088" />
  <memory-copied type="tenure" objects="1409590" bytes="77606808" bytesdiscarded="38680" />
  <object-monitors candidates="2" cleared="0"  />
</gc-op>
<gc-end id="1028" type="scavenge" contextid="1024" durationms="73.431" usertimems="289.432" systemtimems="0.000" stalltimems="2.483" timestamp="2022-02-08T17:21:54.125" activeThreads="4">
  <mem-info id="1029" free="273965896" total="1073741824" percent="25">
    <mem type="nursery" free="108455032" total="268435456" percent="40">
      <mem type="allocate" free="108455032" total="182976512" percent="59" />
      <mem type="survivor" free="0" total="85458944" percent="0" />
    </mem>
    <mem type="tenure" free="165510864" total="805306368" percent="20" macro-fragmented="0">
      <mem type="soa" free="141351632" total="781147136" percent="18" />
      <mem type="loa" free="24159232" total="24159232" percent="100" />
    </mem>
    <remembered-set count="104" />
  </mem-info>
</gc-end>
<cycle-end id="1030" type="scavenge" contextid="1024" timestamp="2022-02-08T17:21:54.125" />
<allocation-satisfied id="1031" threadId="0000000000016F00" bytesRequested="216" />
<af-end id="1032" timestamp="2022-02-08T17:21:54.125" threadId="0000000000017908" success="true" from="nursery"/>
<exclusive-end id="1033" timestamp="2022-02-08T17:21:54.125" durationms="73.670" />

<concurrent-kickoff id="1034" timestamp="2022-02-08T17:21:54.986">
  <kickoff reason="threshold reached" targetBytes="79895586" thresholdFreeBytes="6802190"  remainingFree="6743160" tenureFreeBytes="165510864" nurseryFreeBytes="6743160" />
</concurrent-kickoff>
<exclusive-start id="1035" timestamp="2022-02-08T17:21:54.990" intervalms="938.366">
  <response-info timems="0.019" idlems="0.019" threads="0" lastid="0000000000016F00" lastname="main" />
</exclusive-start>
<cycle-start id="1036" type="global" contextid="0" timestamp="2022-02-08T17:21:54.990" intervalms="2861.846" />
<concurrent-start id="1037" type="global mark" contextid="1036" timestamp="2022-02-08T17:21:54.990">
</concurrent-start>
<exclusive-end id="1038" timestamp="2022-02-08T17:21:54.990" durationms="0.036" />

<exclusive-start id="1039" timestamp="2022-02-08T17:21:55.168" intervalms="178.312">
  <response-info timems="0.040" idlems="0.040" threads="0" lastid="0000000000016F00" lastname="main" />
</exclusive-start>
<af-start id="1040" threadId="0000000000017908" totalBytesRequested="16" timestamp="2022-02-08T17:21:55.168" intervalms="1116.677" type="nursery" />
<cycle-start id="1041" type="scavenge" contextid="0" timestamp="2022-02-08T17:21:55.168" intervalms="1116.679" />
<gc-start id="1042" type="scavenge" contextid="1041" timestamp="2022-02-08T17:21:55.168">
  <mem-info id="1043" free="165510864" total="1073741824" percent="15">
    <mem type="nursery" free="0" total="268435456" percent="0">
      <mem type="allocate" free="0" total="182976512" percent="0" />
      <mem type="survivor" free="0" total="85458944" percent="0" />
    </mem>
    <mem type="tenure" free="165510864" total="805306368" percent="20">
      <mem type="soa" free="141351632" total="781147136" percent="18" />
      <mem type="loa" free="24159232" total="24159232" percent="100" />
    </mem>
    <remembered-set count="135" />
  </mem-info>
</gc-start>
<allocation-stats totalBytes="108406536" >
  <allocated-bytes non-tlh="3009040" tlh="105397496" />
  <largest-consumer threadName="main" threadId="0000000000016F00" bytes="108406536" />
</allocation-stats>
<gc-op id="1044" type="scavenge" timems="79.286" contextid="1041" timestamp="2022-02-08T17:21:55.248">
  <scavenger-info tenureage="1" tenuremask="7ffe" tiltratio="68" />
  <memory-copied type="nursery" objects="1460415" bytes="76244472" bytesdiscarded="215608" />
  <memory-copied type="tenure" objects="1307784" bytes="74452272" bytesdiscarded="39744" />
  <finalization candidates="110" enqueued="53" />
  <references type="soft" candidates="14" cleared="0" enqueued="0" dynamicThreshold="12" maxThreshold="32" />
  <references type="weak" candidates="1" cleared="0" enqueued="0" />
  <references type="phantom" candidates="95" cleared="7" enqueued="7" />
  <object-monitors candidates="2" cleared="0"  />
</gc-op>
<gc-end id="1045" type="scavenge" contextid="1041" durationms="79.458" usertimems="313.521" systemtimems="0.000" stalltimems="2.737" timestamp="2022-02-08T17:21:55.248" activeThreads="4">
  <mem-info id="1046" free="197915016" total="1073741824" percent="18">
    <mem type="nursery" free="106712912" total="268435456" percent="39">
      <mem type="allocate" free="106712912" total="183173120" percent="58" />
      <mem type="survivor" free="0" total="85262336" percent="0" />
    </mem>
    <mem type="tenure" free="91202104" total="805306368" percent="11" macro-fragmented="80625770">
      <mem type="soa" free="67042872" total="781147136" percent="8" />
      <mem type="loa" free="24159232" total="24159232" percent="100" />
    </mem>
    <pending-finalizers system="52" default="1" reference="7" classloader="0" />
    <remembered-set count="130" />
  </mem-info>
</gc-end>
<cycle-end id="1047" type="scavenge" contextid="1041" timestamp="2022-02-08T17:21:55.248" />
<allocation-satisfied id="1048" threadId="0000000000016F00" bytesRequested="16" />
<af-end id="1049" timestamp="2022-02-08T17:21:55.248" threadId="0000000000017908" success="true" from="nursery"/>
<exclusive-end id="1050" timestamp="2022-02-08T17:21:55.248" durationms="79.768" />

<concurrent-end id="1051" type="global mark" contextid="1036" timestamp="2022-02-08T17:21:55.347">
<gc-op id="1052" type="trace" timems="356.798" contextid="1036" timestamp="2022-02-08T17:21:55.347">
  <trace bytesTraced="74427848" workStackOverflowCount="0" />
  <card-cleaning reason="card cleaning threshold reached" bytesTraced="1000" cardsCleaned="2" />
</gc-op>
</concurrent-end>

<exclusive-start id="1053" timestamp="2022-02-08T17:21:55.347" intervalms="178.561">
  <response-info timems="0.016" idlems="0.016" threads="0" lastid="0000000000016F00" lastname="main" />
</exclusive-start>
<concurrent-global-final id="1054" timestamp="2022-02-08T17:21:55.347" contextid="1036" intervalms="2869.412" >
  <concurrent-trace-info reason="card cleaning threshold reached" tracedByMutators="59130760" tracedByHelpers="15298088" cardsCleaned="2" workStackOverflowCount="0" />
</concurrent-global-final>
<gc-start id="1055" type="global" contextid="1036" timestamp="2022-02-08T17:21:55.347">
  <mem-info id="1056" free="191385976" total="1073741824" percent="17">
    <mem type="nursery" free="100183872" total="268435456" percent="37">
      <mem type="allocate" free="100183872" total="183173120" percent="54" />
      <mem type="survivor" free="0" total="85262336" percent="0" />
    </mem>
    <mem type="tenure" free="91202104" total="805306368" percent="11">
      <mem type="soa" free="67042872" total="781147136" percent="8" />
      <mem type="loa" free="24159232" total="24159232" percent="100" />
    </mem>
    <remembered-set count="131" />
  </mem-info>
</gc-start>
<allocation-stats totalBytes="6524552" >
  <allocated-bytes non-tlh="16" tlh="6524536" />
  <largest-consumer threadName="main" threadId="0000000000016F00" bytes="6516360" />
</allocation-stats>
<heap-resize id="1057" type="loa contract" space="tenure" amount="8052736" count="1" timems="0.000" reason="contract underutilized loa" timestamp="2022-02-08T17:21:55.347" />
<gc-op id="1058" type="rs-scan" timems="123.171" contextid="1036" timestamp="2022-02-08T17:21:55.470">
  <scan objectsFound="3324743" bytesTraced="71013116" workStackOverflowCount="0" />
</gc-op>
<gc-op id="1059" type="card-cleaning" timems="0.381" contextid="1036" timestamp="2022-02-08T17:21:55.471">
  <card-cleaning cardsCleaned="4" bytesTraced="1984" workStackOverflowCount="0" />
</gc-op>
<gc-op id="1060" type="mark" timems="27.640" contextid="1036" timestamp="2022-02-08T17:21:55.498">
  <trace-info objectcount="1089909" scancount="818958" scanbytes="17538824" />
  <finalization candidates="428" enqueued="57" />
  <ownableSynchronizers candidates="1" cleared="0" />
  <references type="soft" candidates="894" cleared="0" enqueued="0" dynamicThreshold="12" maxThreshold="32" />
  <references type="weak" candidates="1701" cleared="0" enqueued="0" />
  <references type="phantom" candidates="52" cleared="2" enqueued="2" />
  <stringconstants candidates="6470" cleared="0"  />
  <object-monitors candidates="2" cleared="0"  />
</gc-op>
<gc-op id="1061" type="sweep" timems="4.646" contextid="1036" timestamp="2022-02-08T17:21:55.503" />
<gc-end id="1062" type="global" contextid="1036" durationms="156.298" usertimems="170.932" systemtimems="0.137" stalltimems="82.589" timestamp="2022-02-08T17:21:55.503" activeThreads="4">
  <mem-info id="1063" free="435113552" total="1073741824" percent="40">
    <mem type="nursery" free="100967144" total="268435456" percent="37">
      <mem type="allocate" free="100967144" total="183173120" percent="55" />
      <mem type="survivor" free="0" total="85262336" percent="0" />
    </mem>
    <mem type="tenure" free="334146408" total="805306368" percent="41" micro-fragmented="345857" macro-fragmented="0">
      <mem type="soa" free="318039912" total="789199872" percent="40" />
      <mem type="loa" free="16106496" total="16106496" percent="100" />
    </mem>
    <pending-finalizers system="57" default="0" reference="2" classloader="0" />
    <remembered-set count="113" />
  </mem-info>
</gc-end>
<cycle-end id="1064" type="global" contextid="1036" timestamp="2022-02-08T17:21:55.503" />
<exclusive-end id="1065" timestamp="2022-02-08T17:21:55.503" durationms="156.498" />

<exclusive-start id="1066" timestamp="2022-02-08T17:21:56.211" intervalms="864.588">
  <response-info timems="0.017" idlems="0.017" threads="0" lastid="0000000000016F00" lastname="main" />
</exclusive-start>
<af-start id="1067" threadId="0000000000017908" totalBytesRequested="104" timestamp="2022-02-08T17:21:56.211" intervalms="1043.153" type="nursery" />
<cycle-start id="1068" type="scavenge" contextid="0" timestamp="2022-02-08T17:21:56.211" intervalms="1043.153" />
<gc-start id="1069" type="scavenge" contextid="1068" timestamp="2022-02-08T17:21:56.211">
  <mem-info id="1070" free="334146408" total="1073741824" percent="31">
    <mem type="nursery" free="0" total="268435456" percent="0">
      <mem type="allocate" free="0" total="183173120" percent="0" />
      <mem type="survivor" free="0" total="85262336" percent="0" />
    </mem>
    <mem type="tenure" free="334146408" total="805306368" percent="41">
      <mem type="soa" free="318039912" total="789199872" percent="40" />
      <mem type="loa" free="16106496" total="16106496" percent="100" />
    </mem>
    <remembered-set count="114" />
  </mem-info>
</gc-start>
<allocation-stats totalBytes="100921176" >
  <allocated-bytes non-tlh="0" tlh="100921176" />
  <largest-consumer threadName="main" threadId="0000000000016F00" bytes="100917080" />
</allocation-stats>
<gc-op id="1071" type="scavenge" timems="100.460" contextid="1068" timestamp="2022-02-08T17:21:56.312">
  <scavenger-info tenureage="1" tenuremask="7ffe" tiltratio="68" />
  <memory-copied type="nursery" objects="1380259" bytes="76429768" bytesdiscarded="142904" />
  <memory-copied type="tenure" objects="1459700" bytes="75776536" bytesdiscarded="42864" />
  <finalization candidates="57" enqueued="0" />
  <ownableSynchronizers candidates="2" cleared="2" />
  <object-monitors candidates="2" cleared="0"  />
</gc-op>
<gc-end id="1072" type="scavenge" contextid="1068" durationms="100.674" usertimems="391.530" systemtimems="2.234" stalltimems="3.115" timestamp="2022-02-08T17:21:56.312" activeThreads="4">
  <mem-info id="1073" free="365348880" total="1073741824" percent="34">
    <mem type="nursery" free="107124736" total="268435456" percent="39">
      <mem type="allocate" free="107124736" total="183697408" percent="58" />
      <mem type="survivor" free="0" total="84738048" percent="0" />
    </mem>
    <mem type="tenure" free="258224144" total="805306368" percent="32" macro-fragmented="0">
      <mem type="soa" free="242117648" total="789199872" percent="30" />
      <mem type="loa" free="16106496" total="16106496" percent="100" />
    </mem>
    <remembered-set count="103" />
  </mem-info>
</gc-end>
<cycle-end id="1074" type="scavenge" contextid="1068" timestamp="2022-02-08T17:21:56.312" />
<allocation-satisfied id="1075" threadId="0000000000016F00" bytesRequested="104" />
<af-end id="1076" timestamp="2022-02-08T17:21:56.312" threadId="0000000000017908" success="true" from="nursery"/>
<exclusive-end id="1077" timestamp="2022-02-08T17:21:56.312" durationms="100.973" />

<exclusive-start id="1078" timestamp="2022-02-08T17:21:56.985" intervalms="773.404">
  <response-info timems="0.017" idlems="0.017" threads="0" lastid="0000000000016F00" lastname="main" />
</exclusive-start>
<af-start id="1079" threadId="0000000000017908" totalBytesRequested="184" timestamp="2022-02-08T17:21:56.985" intervalms="773.404" type="nursery" />
<cycle-start id="1080" type="scavenge" contextid="0" timestamp="2022-02-08T17:21:56.985" intervalms="773.422" />
<gc-start id="1081" type="scavenge" contextid="1080" timestamp="2022-02-08T17:21:56.985">
  <mem-info id="1082" free="258224144" total="1073741824" percent="24">
    <mem type="nursery" free="0" total="268435456" percent="0">
      <mem type="allocate" free="0" total="183697408" percent="0" />
      <mem type="survivor" free="0" total="84738048" percent="0" />
    </mem>
    <mem type="tenure" free="258224144" total="805306368" percent="32">
      <mem type="soa" free="242117648" total="789199872" percent="30" />
      <mem type="loa" free="16106496" total="16106496" percent="100" />
    </mem>
    <remembered-set count="103" />
  </mem-info>
</gc-start>
<allocation-stats totalBytes="107075776" >
  <allocated-bytes non-tlh="104" tlh="107075672" />
  <largest-consumer threadName="main" threadId="0000000000016F00" bytes="107075776" />
</allocation-stats>
<gc-op id="1083" type="scavenge" timems="83.804" contextid="1080" timestamp="2022-02-08T17:21:57.069">
  <scavenger-info tenureage="1" tenuremask="7ffe" tiltratio="68" />
  <memory-copied type="nursery" objects="1351093" bytes="76159880" bytesdiscarded="200824" />
  <memory-copied type="tenure" objects="1380259" bytes="76429768" bytesdiscarded="39704" />
  <object-monitors candidates="2" cleared="0"  />
</gc-op>
<gc-end id="1084" type="scavenge" contextid="1080" durationms="84.195" usertimems="327.446" systemtimems="0.000" stalltimems="2.680" timestamp="2022-02-08T17:21:57.069" activeThreads="4">
  <mem-info id="1085" free="289338784" total="1073741824" percent="26">
    <mem type="nursery" free="107729920" total="268435456" percent="40">
      <mem type="allocate" free="107729920" total="184090624" percent="58" />
      <mem type="survivor" free="0" total="84344832" percent="0" />
    </mem>
    <mem type="tenure" free="181608864" total="805306368" percent="22" macro-fragmented="0">
      <mem type="soa" free="165502368" total="789199872" percent="20" />
      <mem type="loa" free="16106496" total="16106496" percent="100" />
    </mem>
    <remembered-set count="104" />
  </mem-info>
</gc-end>
<cycle-end id="1086" type="scavenge" contextid="1080" timestamp="2022-02-08T17:21:57.069" />
<allocation-satisfied id="1087" threadId="0000000000016F00" bytesRequested="184" />
<af-end id="1088" timestamp="2022-02-08T17:21:57.069" threadId="0000000000017908" success="true" from="nursery"/>
<exclusive-end id="1089" timestamp="2022-02-08T17:21:57.069" durationms="84.532" />

<exclusive-start id="1090" timestamp="2022-02-08T17:21:57.993" intervalms="1008.317">
  <response-info timems="0.023" idlems="0.023" threads="0" lastid="0000000000016F00" lastname="main" />
</exclusive-start>
<af-start id="1091" threadId="0000000000017908" totalBytesRequested="112" timestamp="2022-02-08T17:21:57.993" intervalms="1008.316" type="nursery" />
<cycle-start id="1092" type="scavenge" contextid="0" timestamp="2022-02-08T17:21:57.993" intervalms="1008.298" />
<gc-start id="1093" type="scavenge" contextid="1092" timestamp="2022-02-08T17:21:57.993">
  <mem-info id="1094" free="181608864" total="1073741824" percent="16">
    <mem type="nursery" free="0" total="268435456" percent="0">
      <mem type="allocate" free="0" total="184090624" percent="0" />
      <mem type="survivor" free="0" total="84344832" percent="0" />
    </mem>
    <mem type="tenure" free="181608864" total="805306368" percent="22">
      <mem type="soa" free="165502368" total="789199872" percent="20" />
      <mem type="loa" free="16106496" total="16106496" percent="100" />
    </mem>
    <remembered-set count="134" />
  </mem-info>
</gc-start>
<allocation-stats totalBytes="107682840" >
  <allocated-bytes non-tlh="2938432" tlh="104744408" />
  <largest-consumer threadName="main" threadId="0000000000016F00" bytes="107682840" />
</allocation-stats>
<gc-op id="1095" type="scavenge" timems="88.157" contextid="1092" timestamp="2022-02-08T17:21:58.081">
  <scavenger-info tenureage="1" tenuremask="7ffe" tiltratio="68" />
  <memory-copied type="nursery" objects="1423599" bytes="75629784" bytesdiscarded="147528" />
  <memory-copied type="tenure" objects="1351092" bytes="76159776" bytesdiscarded="37680" />
  <finalization candidates="110" enqueued="53" />
  <references type="soft" candidates="14" cleared="0" enqueued="0" dynamicThreshold="13" maxThreshold="32" />
  <references type="weak" candidates="1" cleared="0" enqueued="0" />
  <references type="phantom" candidates="95" cleared="7" enqueued="7" />
  <object-monitors candidates="2" cleared="0"  />
</gc-op>
<gc-end id="1096" type="scavenge" contextid="1092" durationms="88.376" usertimems="349.373" systemtimems="0.000" stalltimems="2.160" timestamp="2022-02-08T17:21:58.082" activeThreads="4">
  <mem-info id="1097" free="214339736" total="1073741824" percent="19">
    <mem type="nursery" free="108771936" total="268435456" percent="40">
      <mem type="allocate" free="108771936" total="184549376" percent="58" />
      <mem type="survivor" free="0" total="83886080" percent="0" />
    </mem>
    <mem type="tenure" free="105567800" total="805306368" percent="13" macro-fragmented="69015248">
      <mem type="soa" free="89461304" total="789199872" percent="11" />
      <mem type="loa" free="16106496" total="16106496" percent="100" />
    </mem>
    <pending-finalizers system="52" default="1" reference="7" classloader="0" />
    <remembered-set count="129" />
  </mem-info>
</gc-end>
<cycle-end id="1098" type="scavenge" contextid="1092" timestamp="2022-02-08T17:21:58.082" />
<allocation-satisfied id="1099" threadId="0000000000016F00" bytesRequested="112" />
<af-end id="1100" timestamp="2022-02-08T17:21:58.082" threadId="0000000000017908" success="true" from="nursery"/>
<exclusive-end id="1101" timestamp="2022-02-08T17:21:58.082" durationms="88.645" />

<concurrent-kickoff id="1102" timestamp="2022-02-08T17:21:58.800">
  <kickoff reason="threshold reached" targetBytes="78797728" thresholdFreeBytes="6594564"  remainingFree="6470240" tenureFreeBytes="105567800" nurseryFreeBytes="6470240" />
</concurrent-kickoff>
<exclusive-start id="1103" timestamp="2022-02-08T17:21:58.804" intervalms="810.480">
  <response-info timems="0.018" idlems="0.018" threads="0" lastid="0000000000016F00" lastname="main" />
</exclusive-start>
<cycle-start id="1104" type="global" contextid="0" timestamp="2022-02-08T17:21:58.804" intervalms="3813.653" />
<concurrent-start id="1105" type="global mark" contextid="1104" timestamp="2022-02-08T17:21:58.804">
</concurrent-start>
<exclusive-end id="1106" timestamp="2022-02-08T17:21:58.804" durationms="0.027" />

<exclusive-start id="1107" timestamp="2022-02-08T17:21:58.950" intervalms="146.005">
  <response-info timems="0.017" idlems="0.017" threads="0" lastid="0000000000016F00" lastname="main" />
</exclusive-start>
<af-start id="1108" threadId="0000000000017908" totalBytesRequested="88" timestamp="2022-02-08T17:21:58.950" intervalms="956.482" type="nursery" />
<cycle-start id="1109" type="scavenge" contextid="0" timestamp="2022-02-08T17:21:58.950" intervalms="956.481" />
<gc-start id="1110" type="scavenge" contextid="1109" timestamp="2022-02-08T17:21:58.950">
  <mem-info id="1111" free="105567800" total="1073741824" percent="9">
    <mem type="nursery" free="0" total="268435456" percent="0">
      <mem type="allocate" free="0" total="184549376" percent="0" />
      <mem type="survivor" free="0" total="83886080" percent="0" />
    </mem>
    <mem type="tenure" free="105567800" total="805306368" percent="13">
      <mem type="soa" free="89461304" total="789199872" percent="11" />
      <mem type="loa" free="16106496" total="16106496" percent="100" />
    </mem>
    <remembered-set count="130" />
  </mem-info>
</gc-start>
<allocation-stats totalBytes="108721944" >
  <allocated-bytes non-tlh="112" tlh="108721832" />
  <largest-consumer threadName="main" threadId="0000000000016F00" bytes="108713752" />
</allocation-stats>
<gc-op id="1112" type="scavenge" timems="76.841" contextid="1109" timestamp="2022-02-08T17:21:59.026">
  <scavenger-info tenureage="1" tenuremask="7ffe" tiltratio="68" />
  <memory-copied type="nursery" objects="1404149" bytes="77468320" bytesdiscarded="388512" />
  <memory-copied type="tenure" objects="1422888" bytes="75161928" bytesdiscarded="36952" />
  <finalization candidates="57" enqueued="0" />
  <object-monitors candidates="2" cleared="0"  />
</gc-op>
<gc-end id="1113" type="scavenge" contextid="1109" durationms="76.996" usertimems="301.432" systemtimems="3.104" stalltimems="1.947" timestamp="2022-02-08T17:21:59.027" activeThreads="4">
  <mem-info id="1114" free="135586224" total="1073741824" percent="12">
    <mem type="nursery" free="105250752" total="268435456" percent="39">
      <mem type="allocate" free="105250752" total="183107584" percent="57" />
      <mem type="survivor" free="0" total="85327872" percent="0" />
    </mem>
    <mem type="tenure" free="30335472" total="805306368" percent="3" macro-fragmented="29426349">
      <mem type="soa" free="14228976" total="789199872" percent="1" />
      <mem type="loa" free="16106496" total="16106496" percent="100" />
    </mem>
    <remembered-set count="103" />
  </mem-info>
</gc-end>
<cycle-end id="1115" type="scavenge" contextid="1109" timestamp="2022-02-08T17:21:59.027" />
<allocation-satisfied id="1116" threadId="0000000000016F00" bytesRequested="88" />
<af-end id="1117" timestamp="2022-02-08T17:21:59.027" threadId="0000000000017908" success="true" from="nursery"/>
<exclusive-end id="1118" timestamp="2022-02-08T17:21:59.027" durationms="77.266" />

<concurrent-end id="1119" type="global mark" contextid="1104" timestamp="2022-02-08T17:21:59.130">
<gc-op id="1120" type="trace" timems="326.752" contextid="1104" timestamp="2022-02-08T17:21:59.130">
  <trace bytesTraced="74428024" workStackOverflowCount="0" />
  <card-cleaning reason="card cleaning threshold reached" bytesTraced="1000" cardsCleaned="2" />
</gc-op>
</concurrent-end>

<exclusive-start id="1121" timestamp="2022-02-08T17:21:59.130" intervalms="180.812">
  <response-info timems="0.018" idlems="0.018" threads="0" lastid="0000000000016F00" lastname="main" />
</exclusive-start>
<concurrent-global-final id="1122" timestamp="2022-02-08T17:21:59.130" contextid="1104" intervalms="3783.597" >
  <concurrent-trace-info reason="card cleaning threshold reached" tracedByMutators="58652488" tracedByHelpers="15776536" cardsCleaned="2" workStackOverflowCount="0" />
</concurrent-global-final>
<gc-start id="1123" type="global" contextid="1104" timestamp="2022-02-08T17:21:59.130">
  <mem-info id="1124" free="129196376" total="1073741824" percent="12">
    <mem type="nursery" free="98860904" total="268435456" percent="36">
      <mem type="allocate" free="98860904" total="183107584" percent="53" />
      <mem type="survivor" free="0" total="85327872" percent="0" />
    </mem>
    <mem type="tenure" free="30335472" total="805306368" percent="3">
      <mem type="soa" free="14228976" total="789199872" percent="1" />
      <mem type="loa" free="16106496" total="16106496" percent="100" />
    </mem>
    <remembered-set count="103" />
  </mem-info>
</gc-start>
<allocation-stats totalBytes="6386768" >
  <allocated-bytes non-tlh="88" tlh="6386680" />
  <largest-consumer threadName="main" threadId="0000000000016F00" bytes="6386768" />
</allocation-stats>
<heap-resize id="1125" type="loa contract" space="tenure" amount="8052736" count="1" timems="0.000" reason="contract underutilized loa" timestamp="2022-02-08T17:21:59.130" />
<gc-op id="1126" type="rs-scan" timems="0.576" contextid="1104" timestamp="2022-02-08T17:21:59.131">
  <scan objectsFound="0" bytesTraced="3836" workStackOverflowCount="0" />
</gc-op>
<gc-op id="1127" type="card-cleaning" timems="151.335" contextid="1104" timestamp="2022-02-08T17:21:59.282">
  <card-cleaning cardsCleaned="10" bytesTraced="71012224" workStackOverflowCount="0" />
</gc-op>
<gc-op id="1128" type="mark" timems="59.470" contextid="1104" timestamp="2022-02-08T17:21:59.342">
  <trace-info objectcount="2224835" scancount="1670154" scanbytes="35697640" />
  <finalization candidates="428" enqueued="57" />
  <ownableSynchronizers candidates="1" cleared="0" />
  <references type="soft" candidates="894" cleared="0" enqueued="0" dynamicThreshold="13" maxThreshold="32" />
  <references type="weak" candidates="1701" cleared="0" enqueued="0" />
  <references type="phantom" candidates="52" cleared="2" enqueued="2" />
  <stringconstants candidates="6470" cleared="0"  />
  <object-monitors candidates="2" cleared="0"  />
</gc-op>
<gc-op id="1129" type="sweep" timems="4.988" contextid="1104" timestamp="2022-02-08T17:21:59.347" />
<gc-end id="1130" type="global" contextid="1104" durationms="216.605" usertimems="230.784" systemtimems="0.594" stalltimems="178.180" timestamp="2022-02-08T17:21:59.347" activeThreads="4">
  <mem-info id="1131" free="372532288" total="1073741824" percent="34">
    <mem type="nursery" free="99341152" total="268435456" percent="37">
      <mem type="allocate" free="99341152" total="183107584" percent="54" />
      <mem type="survivor" free="0" total="85327872" percent="0" />
    </mem>
    <mem type="tenure" free="273191136" total="805306368" percent="33" micro-fragmented="274707" macro-fragmented="1250136">
      <mem type="soa" free="265137376" total="797252608" percent="33" />
      <mem type="loa" free="8053760" total="8053760" percent="100" />
    </mem>
    <pending-finalizers system="57" default="0" reference="2" classloader="0" />
    <remembered-set count="103" />
  </mem-info>
</gc-end>
<cycle-end id="1132" type="global" contextid="1104" timestamp="2022-02-08T17:21:59.347" />
<exclusive-end id="1133" timestamp="2022-02-08T17:21:59.347" durationms="216.836" />

<exclusive-start id="1134" timestamp="2022-02-08T17:21:59.976" intervalms="845.662">
  <response-info timems="0.028" idlems="0.028" threads="0" lastid="0000000000016F00" lastname="main" />
</exclusive-start>
<af-start id="1135" threadId="0000000000017908" totalBytesRequested="24" timestamp="2022-02-08T17:21:59.976" intervalms="1026.484" type="nursery" />
<cycle-start id="1136" type="scavenge" contextid="0" timestamp="2022-02-08T17:21:59.976" intervalms="1026.494" />
<gc-start id="1137" type="scavenge" contextid="1136" timestamp="2022-02-08T17:21:59.976">
  <mem-info id="1138" free="273191136" total="1073741824" percent="25">
    <mem type="nursery" free="0" total="268435456" percent="0">
      <mem type="allocate" free="0" total="183107584" percent="0" />
      <mem type="survivor" free="0" total="85327872" percent="0" />
    </mem>
    <mem type="tenure" free="273191136" total="805306368" percent="33">
      <mem type="soa" free="265137376" total="797252608" percent="33" />
      <mem type="loa" free="8053760" total="8053760" percent="100" />
    </mem>
    <remembered-set count="106" />
  </mem-info>
</gc-start>
<allocation-stats totalBytes="99295568" >
  <allocated-bytes non-tlh="0" tlh="99295568" />
  <largest-consumer threadName="main" threadId="0000000000016F00" bytes="99291472" />
</allocation-stats>
<gc-op id="1139" type="scavenge" timems="87.565" contextid="1136" timestamp="2022-02-08T17:22:00.064">
  <scavenger-info tenureage="1" tenuremask="7ffe" tiltratio="68" />
  <memory-copied type="nursery" objects="1314199" bytes="75002176" bytesdiscarded="101448" />
  <memory-copied type="tenure" objects="1404148" bytes="77468264" bytesdiscarded="38992" />
  <ownableSynchronizers candidates="2" cleared="2" />
  <object-monitors candidates="2" cleared="0"  />
</gc-op>
<gc-end id="1140" type="scavenge" contextid="1136" durationms="87.761" usertimems="342.021" systemtimems="0.000" stalltimems="3.284" timestamp="2022-02-08T17:22:00.064" activeThreads="4">
  <mem-info id="1141" free="303735496" total="1073741824" percent="28">
    <mem type="nursery" free="108331640" total="268435456" percent="40">
      <mem type="allocate" free="108331640" total="183435264" percent="59" />
      <mem type="survivor" free="0" total="85000192" percent="0" />
    </mem>
    <mem type="tenure" free="195403856" total="805306368" percent="24" macro-fragmented="0">
      <mem type="soa" free="187350096" total="797252608" percent="23" />
      <mem type="loa" free="8053760" total="8053760" percent="100" />
    </mem>
    <remembered-set count="105" />
  </mem-info>
</gc-end>
<cycle-end id="1142" type="scavenge" contextid="1136" timestamp="2022-02-08T17:22:00.064" />
<allocation-satisfied id="1143" threadId="0000000000016F00" bytesRequested="24" />
<af-end id="1144" timestamp="2022-02-08T17:22:00.064" threadId="0000000000017908" success="true" from="nursery"/>
<exclusive-end id="1145" timestamp="2022-02-08T17:22:00.064" durationms="88.029" />

<exclusive-start id="1146" timestamp="2022-02-08T17:22:00.978" intervalms="1002.288">
  <response-info timems="0.059" idlems="0.059" threads="0" lastid="0000000000016F00" lastname="main" />
</exclusive-start>
<af-start id="1147" threadId="0000000000017908" totalBytesRequested="104" timestamp="2022-02-08T17:22:00.979" intervalms="1002.520" type="nursery" />
<cycle-start id="1148" type="scavenge" contextid="0" timestamp="2022-02-08T17:22:00.979" intervalms="1002.599" />
<gc-start id="1149" type="scavenge" contextid="1148" timestamp="2022-02-08T17:22:00.979">
  <mem-info id="1150" free="195403856" total="1073741824" percent="18">
    <mem type="nursery" free="0" total="268435456" percent="0">
      <mem type="allocate" free="0" total="183435264" percent="0" />
      <mem type="survivor" free="0" total="85000192" percent="0" />
    </mem>
    <mem type="tenure" free="195403856" total="805306368" percent="24">
      <mem type="soa" free="187350096" total="797252608" percent="23" />
      <mem type="loa" free="8053760" total="8053760" percent="100" />
    </mem>
    <remembered-set count="136" />
  </mem-info>
</gc-start>
<allocation-stats totalBytes="108285104" >
  <allocated-bytes non-tlh="1661168" tlh="106623936" />
  <largest-consumer threadName="main" threadId="0000000000016F00" bytes="108285104" />
</allocation-stats>
<gc-op id="1151" type="scavenge" timems="87.786" contextid="1148" timestamp="2022-02-08T17:22:01.067">
  <scavenger-info tenureage="1" tenuremask="7ffe" tiltratio="68" />
  <memory-copied type="nursery" objects="1489958" bytes="76277504" bytesdiscarded="106264" />
  <memory-copied type="tenure" objects="1314199" bytes="75002176" bytesdiscarded="40208" />
  <finalization candidates="109" enqueued="53" />
  <references type="soft" candidates="14" cleared="0" enqueued="0" dynamicThreshold="10" maxThreshold="32" />
  <references type="weak" candidates="1" cleared="0" enqueued="0" />
  <references type="phantom" candidates="94" cleared="7" enqueued="7" />
  <object-monitors candidates="2" cleared="0"  />
</gc-op>
<gc-end id="1152" type="scavenge" contextid="1148" durationms="88.114" usertimems="346.965" systemtimems="0.391" stalltimems="3.278" timestamp="2022-02-08T17:22:01.067" activeThreads="4">
  <mem-info id="1153" free="227649456" total="1073741824" percent="21">
    <mem type="nursery" free="107313512" total="268435456" percent="39">
      <mem type="allocate" free="107313512" total="183697408" percent="58" />
      <mem type="survivor" free="0" total="84738048" percent="0" />
    </mem>
    <mem type="tenure" free="120335944" total="805306368" percent="14" macro-fragmented="0">
      <mem type="soa" free="112282184" total="797252608" percent="14" />
      <mem type="loa" free="8053760" total="8053760" percent="100" />
    </mem>
    <pending-finalizers system="52" default="1" reference="7" classloader="0" />
    <remembered-set count="131" />
  </mem-info>
</gc-end>
<cycle-end id="1154" type="scavenge" contextid="1148" timestamp="2022-02-08T17:22:01.067" />
<allocation-satisfied id="1155" threadId="0000000000016F00" bytesRequested="104" />
<af-end id="1156" timestamp="2022-02-08T17:22:01.067" threadId="0000000000017908" success="true" from="nursery"/>
<exclusive-end id="1157" timestamp="2022-02-08T17:22:01.067" durationms="88.821" />

<concurrent-kickoff id="1158" timestamp="2022-02-08T17:22:01.765">
  <kickoff reason="threshold reached" targetBytes="77920831" thresholdFreeBytes="6426347"  remainingFree="6375584" tenureFreeBytes="120335944" nurseryFreeBytes="6375584" />
</concurrent-kickoff>
<exclusive-start id="1159" timestamp="2022-02-08T17:22:01.768" intervalms="789.773">
  <response-info timems="0.020" idlems="0.020" threads="0" lastid="0000000000016F00" lastname="main" />
</exclusive-start>
<cycle-start id="1160" type="global" contextid="0" timestamp="2022-02-08T17:22:01.768" intervalms="2964.540" />
<concurrent-start id="1161" type="global mark" contextid="1160" timestamp="2022-02-08T17:22:01.768">
</concurrent-start>
<exclusive-end id="1162" timestamp="2022-02-08T17:22:01.768" durationms="0.026" />

<exclusive-start id="1163" timestamp="2022-02-08T17:22:01.910" intervalms="142.179">
  <response-info timems="0.041" idlems="0.041" threads="0" lastid="0000000000016F00" lastname="main" />
</exclusive-start>
<af-start id="1164" threadId="0000000000017908" totalBytesRequested="208" timestamp="2022-02-08T17:22:01.910" intervalms="931.712" type="nursery" />
<cycle-start id="1165" type="scavenge" contextid="0" timestamp="2022-02-08T17:22:01.910" intervalms="931.624" />
<gc-start id="1166" type="scavenge" contextid="1165" timestamp="2022-02-08T17:22:01.910">
  <mem-info id="1167" free="120335944" total="1073741824" percent="11">
    <mem type="nursery" free="0" total="268435456" percent="0">
      <mem type="allocate" free="0" total="183697408" percent="0" />
      <mem type="survivor" free="0" total="84738048" percent="0" />
    </mem>
    <mem type="tenure" free="120335944" total="805306368" percent="14">
      <mem type="soa" free="112282184" total="797252608" percent="14" />
      <mem type="loa" free="8053760" total="8053760" percent="100" />
    </mem>
    <remembered-set count="132" />
  </mem-info>
</gc-start>
<allocation-stats totalBytes="107260960" >
  <allocated-bytes non-tlh="1347784" tlh="105913176" />
  <largest-consumer threadName="main" threadId="0000000000016F00" bytes="107252768" />
</allocation-stats>
<gc-op id="1168" type="scavenge" timems="84.499" contextid="1165" timestamp="2022-02-08T17:22:01.995">
  <scavenger-info tenureage="1" tenuremask="7ffe" tiltratio="68" />
  <memory-copied type="nursery" objects="1349518" bytes="76771192" bytesdiscarded="179400" />
  <memory-copied type="tenure" objects="1489239" bytes="75334336" bytesdiscarded="39040" />
  <finalization candidates="57" enqueued="0" />
  <references type="phantom" candidates="1" cleared="0" enqueued="0" />
  <object-monitors candidates="2" cleared="0"  />
</gc-op>
<gc-end id="1169" type="scavenge" contextid="1165" durationms="84.747" usertimems="332.778" systemtimems="0.688" stalltimems="3.950" timestamp="2022-02-08T17:22:01.995" activeThreads="4">
  <mem-info id="1170" free="152833384" total="1073741824" percent="14">
    <mem type="nursery" free="107729856" total="268435456" percent="40">
      <mem type="allocate" free="107729856" total="184680448" percent="58" />
      <mem type="survivor" free="0" total="83755008" percent="0" />
    </mem>
    <mem type="tenure" free="45103528" total="805306368" percent="5" macro-fragmented="0">
      <mem type="soa" free="37049768" total="797252608" percent="4" />
      <mem type="loa" free="8053760" total="8053760" percent="100" />
    </mem>
    <remembered-set count="102" />
  </mem-info>
</gc-end>
<cycle-end id="1171" type="scavenge" contextid="1165" timestamp="2022-02-08T17:22:01.995" />
<allocation-satisfied id="1172" threadId="0000000000016F00" bytesRequested="208" />
<af-end id="1173" timestamp="2022-02-08T17:22:01.995" threadId="0000000000017908" success="true" from="nursery"/>
<exclusive-end id="1174" timestamp="2022-02-08T17:22:01.995" durationms="85.025" />

<concurrent-end id="1175" type="global mark" contextid="1160" timestamp="2022-02-08T17:22:02.110">
<gc-op id="1176" type="trace" timems="341.970" contextid="1160" timestamp="2022-02-08T17:22:02.110">
  <trace bytesTraced="74428232" workStackOverflowCount="0" />
  <card-cleaning reason="card cleaning threshold reached" bytesTraced="1000" cardsCleaned="2" />
</gc-op>
</concurrent-end>

<exclusive-start id="1177" timestamp="2022-02-08T17:22:02.110" intervalms="199.864">
  <response-info timems="0.021" idlems="0.021" threads="0" lastid="0000000000016F00" lastname="main" />
</exclusive-start>
<concurrent-global-final id="1178" timestamp="2022-02-08T17:22:02.110" contextid="1160" intervalms="2979.787" >
  <concurrent-trace-info reason="card cleaning threshold reached" tracedByMutators="57751600" tracedByHelpers="16677632" cardsCleaned="2" workStackOverflowCount="0" />
</concurrent-global-final>
<gc-start id="1179" type="global" contextid="1160" timestamp="2022-02-08T17:22:02.110">
  <mem-info id="1180" free="146181272" total="1073741824" percent="13">
    <mem type="nursery" free="101077744" total="268435456" percent="37">
      <mem type="allocate" free="101077744" total="184680448" percent="54" />
      <mem type="survivor" free="0" total="83755008" percent="0" />
    </mem>
    <mem type="tenure" free="45103528" total="805306368" percent="5">
      <mem type="soa" free="37049768" total="797252608" percent="4" />
      <mem type="loa" free="8053760" total="8053760" percent="100" />
    </mem>
    <remembered-set count="102" />
  </mem-info>
</gc-start>
<allocation-stats totalBytes="6647688" >
  <allocated-bytes non-tlh="208" tlh="6647480" />
  <largest-consumer threadName="main" threadId="0000000000016F00" bytes="6647688" />
</allocation-stats>
<gc-op id="1181" type="rs-scan" timems="0.602" contextid="1160" timestamp="2022-02-08T17:22:02.111">
  <scan objectsFound="29" bytesTraced="5268" workStackOverflowCount="0" />
</gc-op>
<gc-op id="1182" type="card-cleaning" timems="154.398" contextid="1160" timestamp="2022-02-08T17:22:02.265">
  <card-cleaning cardsCleaned="9" bytesTraced="71010776" workStackOverflowCount="0" />
</gc-op>
<gc-op id="1183" type="mark" timems="52.220" contextid="1160" timestamp="2022-02-08T17:22:02.318">
  <trace-info objectcount="1947362" scancount="1462049" scanbytes="31258088" />
  <finalization candidates="428" enqueued="57" />
  <ownableSynchronizers candidates="1" cleared="0" />
  <references type="soft" candidates="894" cleared="0" enqueued="0" dynamicThreshold="10" maxThreshold="32" />
  <references type="weak" candidates="1701" cleared="0" enqueued="0" />
  <references type="phantom" candidates="52" cleared="2" enqueued="2" />
  <stringconstants candidates="6470" cleared="0"  />
  <object-monitors candidates="2" cleared="0"  />
</gc-op>
<gc-op id="1184" type="sweep" timems="5.193" contextid="1160" timestamp="2022-02-08T17:22:02.323" />
<gc-end id="1185" type="global" contextid="1160" durationms="212.661" usertimems="228.956" systemtimems="0.000" stalltimems="155.915" timestamp="2022-02-08T17:22:02.323" activeThreads="4">
  <mem-info id="1186" free="389349352" total="1073741824" percent="36">
    <mem type="nursery" free="101350248" total="268435456" percent="37">
      <mem type="allocate" free="101350248" total="184680448" percent="54" />
      <mem type="survivor" free="0" total="83755008" percent="0" />
    </mem>
    <mem type="tenure" free="287999104" total="805306368" percent="35" micro-fragmented="290565" macro-fragmented="0">
      <mem type="soa" free="279945344" total="797252608" percent="35" />
      <mem type="loa" free="8053760" total="8053760" percent="100" />
    </mem>
    <pending-finalizers system="57" default="0" reference="2" classloader="0" />
    <remembered-set count="102" />
  </mem-info>
</gc-end>
<cycle-end id="1187" type="global" contextid="1160" timestamp="2022-02-08T17:22:02.323" />
<exclusive-end id="1188" timestamp="2022-02-08T17:22:02.323" durationms="212.946" />

<exclusive-start id="1189" timestamp="2022-02-08T17:22:02.972" intervalms="861.767">
  <response-info timems="0.019" idlems="0.019" threads="0" lastid="0000000000016F00" lastname="main" />
</exclusive-start>
<af-start id="1190" threadId="0000000000017908" totalBytesRequested="200" timestamp="2022-02-08T17:22:02.972" intervalms="1061.632" type="nursery" />
<cycle-start id="1191" type="scavenge" contextid="0" timestamp="2022-02-08T17:22:02.972" intervalms="1061.632" />
<gc-start id="1192" type="scavenge" contextid="1191" timestamp="2022-02-08T17:22:02.972">
  <mem-info id="1193" free="287999104" total="1073741824" percent="26">
    <mem type="nursery" free="0" total="268435456" percent="0">
      <mem type="allocate" free="0" total="184680448" percent="0" />
      <mem type="survivor" free="0" total="83755008" percent="0" />
    </mem>
    <mem type="tenure" free="287999104" total="805306368" percent="35">
      <mem type="soa" free="279945344" total="797252608" percent="35" />
      <mem type="loa" free="8053760" total="8053760" percent="100" />
    </mem>
    <remembered-set count="105" />
  </mem-info>
</gc-start>
<allocation-stats totalBytes="101302776" >
  <allocated-bytes non-tlh="0" tlh="101302776" />
  <largest-consumer threadName="main" threadId="0000000000016F00" bytes="101298680" />
</allocation-stats>
<gc-op id="1194" type="scavenge" timems="93.197" contextid="1191" timestamp="2022-02-08T17:22:03.065">
  <scavenger-info tenureage="1" tenuremask="7ffe" tiltratio="68" />
  <memory-copied type="nursery" objects="1360831" bytes="76680280" bytesdiscarded="261800" />
  <memory-copied type="tenure" objects="1349517" bytes="76771080" bytesdiscarded="45072" />
  <finalization candidates="1" enqueued="0" />
  <ownableSynchronizers candidates="2" cleared="2" />
  <object-monitors candidates="2" cleared="0"  />
</gc-op>
<gc-end id="1195" type="scavenge" contextid="1191" durationms="93.482" usertimems="363.595" systemtimems="5.104" stalltimems="3.301" timestamp="2022-02-08T17:22:03.065" activeThreads="4">
  <mem-info id="1196" free="318884104" total="1073741824" percent="29">
    <mem type="nursery" free="107934976" total="268435456" percent="40">
      <mem type="allocate" free="107934976" total="184877056" percent="58" />
      <mem type="survivor" free="0" total="83558400" percent="0" />
    </mem>
    <mem type="tenure" free="210949128" total="805306368" percent="26" macro-fragmented="0">
      <mem type="soa" free="202895368" total="797252608" percent="25" />
      <mem type="loa" free="8053760" total="8053760" percent="100" />
    </mem>
    <remembered-set count="105" />
  </mem-info>
</gc-end>
<cycle-end id="1197" type="scavenge" contextid="1191" timestamp="2022-02-08T17:22:03.066" />
<allocation-satisfied id="1198" threadId="0000000000016F00" bytesRequested="200" />
<af-end id="1199" timestamp="2022-02-08T17:22:03.066" threadId="0000000000017908" success="true" from="nursery"/>
<exclusive-end id="1200" timestamp="2022-02-08T17:22:03.066" durationms="93.788" />

<exclusive-start id="1201" timestamp="2022-02-08T17:22:03.953" intervalms="981.512">
  <response-info timems="0.017" idlems="0.017" threads="0" lastid="0000000000016F00" lastname="main" />
</exclusive-start>
<af-start id="1202" threadId="0000000000017908" totalBytesRequested="24" timestamp="2022-02-08T17:22:03.953" intervalms="981.511" type="nursery" />
<cycle-start id="1203" type="scavenge" contextid="0" timestamp="2022-02-08T17:22:03.953" intervalms="981.510" />
<gc-start id="1204" type="scavenge" contextid="1203" timestamp="2022-02-08T17:22:03.953">
  <mem-info id="1205" free="210949128" total="1073741824" percent="19">
    <mem type="nursery" free="0" total="268435456" percent="0">
      <mem type="allocate" free="0" total="184877056" percent="0" />
      <mem type="survivor" free="0" total="83558400" percent="0" />
    </mem>
    <mem type="tenure" free="210949128" total="805306368" percent="26">
      <mem type="soa" free="202895368" total="797252608" percent="25" />
      <mem type="loa" free="8053760" total="8053760" percent="100" />
    </mem>
    <remembered-set count="136" />
  </mem-info>
</gc-start>
<allocation-stats totalBytes="107889776" >
  <allocated-bytes non-tlh="1661344" tlh="106228432" />
  <largest-consumer threadName="main" threadId="0000000000016F00" bytes="107889776" />
</allocation-stats>
<gc-op id="1206" type="scavenge" timems="76.706" contextid="1203" timestamp="2022-02-08T17:22:04.030">
  <scavenger-info tenureage="1" tenuremask="7ffe" tiltratio="68" />
  <memory-copied type="nursery" objects="1492312" bytes="75989776" bytesdiscarded="200928" />
  <memory-copied type="tenure" objects="1360830" bytes="76680168" bytesdiscarded="38520" />
  <finalization candidates="109" enqueued="53" />
  <references type="soft" candidates="14" cleared="0" enqueued="0" dynamicThreshold="11" maxThreshold="32" />
  <references type="weak" candidates="1" cleared="0" enqueued="0" />
  <references type="phantom" candidates="94" cleared="7" enqueued="7" />
  <object-monitors candidates="2" cleared="0"  />
</gc-op>
<gc-end id="1207" type="scavenge" contextid="1203" durationms="76.916" usertimems="299.242" systemtimems="4.571" stalltimems="2.141" timestamp="2022-02-08T17:22:04.030" activeThreads="4">
  <mem-info id="1208" free="243120480" total="1073741824" percent="22">
    <mem type="nursery" free="108817296" total="268435456" percent="40">
      <mem type="allocate" free="108817296" total="185008128" percent="58" />
      <mem type="survivor" free="0" total="83427328" percent="0" />
    </mem>
    <mem type="tenure" free="134303184" total="805306368" percent="16" macro-fragmented="0">
      <mem type="soa" free="126249424" total="797252608" percent="15" />
      <mem type="loa" free="8053760" total="8053760" percent="100" />
    </mem>
    <pending-finalizers system="52" default="1" reference="7" classloader="0" />
    <remembered-set count="132" />
  </mem-info>
</gc-end>
<cycle-end id="1209" type="scavenge" contextid="1203" timestamp="2022-02-08T17:22:04.031" />
<allocation-satisfied id="1210" threadId="0000000000016F00" bytesRequested="24" />
<af-end id="1211" timestamp="2022-02-08T17:22:04.031" threadId="0000000000017908" success="true" from="nursery"/>
<exclusive-end id="1212" timestamp="2022-02-08T17:22:04.031" durationms="77.205" />

<concurrent-kickoff id="1213" timestamp="2022-02-08T17:22:04.740">
  <kickoff reason="threshold reached" targetBytes="77220304" thresholdFreeBytes="6290622"  remainingFree="6187920" tenureFreeBytes="134303184" nurseryFreeBytes="6187920" />
</concurrent-kickoff>
<exclusive-start id="1214" timestamp="2022-02-08T17:22:04.743" intervalms="789.934">
  <response-info timems="0.022" idlems="0.022" threads="0" lastid="0000000000016F00" lastname="main" />
</exclusive-start>
<cycle-start id="1215" type="global" contextid="0" timestamp="2022-02-08T17:22:04.743" intervalms="2975.259" />
<concurrent-start id="1216" type="global mark" contextid="1215" timestamp="2022-02-08T17:22:04.743">
</concurrent-start>
<exclusive-end id="1217" timestamp="2022-02-08T17:22:04.743" durationms="0.031" />

<exclusive-start id="1218" timestamp="2022-02-08T17:22:04.875" intervalms="131.829">
  <response-info timems="0.020" idlems="0.020" threads="0" lastid="0000000000016F00" lastname="main" />
</exclusive-start>
<af-start id="1219" threadId="0000000000017908" totalBytesRequested="112" timestamp="2022-02-08T17:22:04.875" intervalms="921.807" type="nursery" />
<cycle-start id="1220" type="scavenge" contextid="0" timestamp="2022-02-08T17:22:04.875" intervalms="921.824" />
<gc-start id="1221" type="scavenge" contextid="1220" timestamp="2022-02-08T17:22:04.875">
  <mem-info id="1222" free="134303184" total="1073741824" percent="12">
    <mem type="nursery" free="0" total="268435456" percent="0">
      <mem type="allocate" free="0" total="185008128" percent="0" />
      <mem type="survivor" free="0" total="83427328" percent="0" />
    </mem>
    <mem type="tenure" free="134303184" total="805306368" percent="16">
      <mem type="soa" free="126249424" total="797252608" percent="15" />
      <mem type="loa" free="8053760" total="8053760" percent="100" />
    </mem>
    <remembered-set count="133" />
  </mem-info>
</gc-start>
<allocation-stats totalBytes="108766320" >
  <allocated-bytes non-tlh="1347704" tlh="107418616" />
  <largest-consumer threadName="main" threadId="0000000000016F00" bytes="108758128" />
</allocation-stats>
<gc-op id="1223" type="scavenge" timems="89.914" contextid="1220" timestamp="2022-02-08T17:22:04.965">
  <scavenger-info tenureage="1" tenuremask="7ffe" tiltratio="68" />
  <memory-copied type="nursery" objects="1352789" bytes="77815312" bytesdiscarded="306256" />
  <memory-copied type="tenure" objects="1491592" bytes="75046584" bytesdiscarded="36408" />
  <finalization candidates="57" enqueued="0" />
  <references type="phantom" candidates="1" cleared="0" enqueued="0" />
  <object-monitors candidates="2" cleared="0"  />
</gc-op>
<gc-end id="1224" type="scavenge" contextid="1220" durationms="90.182" usertimems="355.402" systemtimems="0.000" stalltimems="3.497" timestamp="2022-02-08T17:22:04.966" activeThreads="4">
  <mem-info id="1225" free="164002728" total="1073741824" percent="15">
    <mem type="nursery" free="104789408" total="268435456" percent="39">
      <mem type="allocate" free="104789408" total="182910976" percent="57" />
      <mem type="survivor" free="0" total="85524480" percent="0" />
    </mem>
    <mem type="tenure" free="59213320" total="805306368" percent="7" macro-fragmented="0">
      <mem type="soa" free="51159560" total="797252608" percent="6" />
      <mem type="loa" free="8053760" total="8053760" percent="100" />
    </mem>
    <remembered-set count="102" />
  </mem-info>
</gc-end>
<cycle-end id="1226" type="scavenge" contextid="1220" timestamp="2022-02-08T17:22:04.966" />
<allocation-satisfied id="1227" threadId="0000000000016F00" bytesRequested="112" />
<af-end id="1228" timestamp="2022-02-08T17:22:04.966" threadId="0000000000017908" success="true" from="nursery"/>
<exclusive-end id="1229" timestamp="2022-02-08T17:22:04.966" durationms="90.651" />

<concurrent-end id="1230" type="global mark" contextid="1215" timestamp="2022-02-08T17:22:05.092">
<gc-op id="1231" type="trace" timems="348.887" contextid="1215" timestamp="2022-02-08T17:22:05.092">
  <trace bytesTraced="74428440" workStackOverflowCount="0" />
  <card-cleaning reason="card cleaning threshold reached" bytesTraced="1000" cardsCleaned="2" />
</gc-op>
</concurrent-end>

<exclusive-start id="1232" timestamp="2022-02-08T17:22:05.092" intervalms="217.127">
  <response-info timems="0.016" idlems="0.016" threads="0" lastid="0000000000016F00" lastname="main" />
</exclusive-start>
<concurrent-global-final id="1233" timestamp="2022-02-08T17:22:05.092" contextid="1215" intervalms="2982.149" >
  <concurrent-trace-info reason="card cleaning threshold reached" tracedByMutators="57303404" tracedByHelpers="17126036" cardsCleaned="2" workStackOverflowCount="0" />
</concurrent-global-final>
<gc-start id="1234" type="global" contextid="1215" timestamp="2022-02-08T17:22:05.092">
  <mem-info id="1235" free="155384632" total="1073741824" percent="14">
    <mem type="nursery" free="96171312" total="268435456" percent="35">
      <mem type="allocate" free="96171312" total="182910976" percent="52" />
      <mem type="survivor" free="0" total="85524480" percent="0" />
    </mem>
    <mem type="tenure" free="59213320" total="805306368" percent="7">
      <mem type="soa" free="51159560" total="797252608" percent="6" />
      <mem type="loa" free="8053760" total="8053760" percent="100" />
    </mem>
    <remembered-set count="102" />
  </mem-info>
</gc-start>
<allocation-stats totalBytes="8613792" >
  <allocated-bytes non-tlh="112" tlh="8613680" />
  <largest-consumer threadName="main" threadId="0000000000016F00" bytes="8613792" />
</allocation-stats>
<gc-op id="1236" type="rs-scan" timems="1.074" contextid="1215" timestamp="2022-02-08T17:22:05.093">
  <scan objectsFound="29" bytesTraced="5268" workStackOverflowCount="0" />
</gc-op>
<gc-op id="1237" type="card-cleaning" timems="147.345" contextid="1215" timestamp="2022-02-08T17:22:05.241">
  <card-cleaning cardsCleaned="9" bytesTraced="71010776" workStackOverflowCount="0" />
</gc-op>
<gc-op id="1238" type="mark" timems="47.233" contextid="1215" timestamp="2022-02-08T17:22:05.288">
  <trace-info objectcount="1738711" scancount="1305561" scanbytes="27919656" />
  <finalization candidates="428" enqueued="57" />
  <ownableSynchronizers candidates="1" cleared="0" />
  <references type="soft" candidates="894" cleared="0" enqueued="0" dynamicThreshold="11" maxThreshold="32" />
  <references type="weak" candidates="1701" cleared="0" enqueued="0" />
  <references type="phantom" candidates="52" cleared="2" enqueued="2" />
  <stringconstants candidates="6470" cleared="0"  />
  <object-monitors candidates="2" cleared="0"  />
</gc-op>
<gc-op id="1239" type="sweep" timems="6.441" contextid="1215" timestamp="2022-02-08T17:22:05.295" />
<gc-end id="1240" type="global" contextid="1215" durationms="202.352" usertimems="217.711" systemtimems="0.000" stalltimems="142.601" timestamp="2022-02-08T17:22:05.295" activeThreads="4">
  <mem-info id="1241" free="398681904" total="1073741824" percent="37">
    <mem type="nursery" free="96570352" total="268435456" percent="35">
      <mem type="allocate" free="96570352" total="182910976" percent="52" />
      <mem type="survivor" free="0" total="85524480" percent="0" />
    </mem>
    <mem type="tenure" free="302111552" total="805306368" percent="37" micro-fragmented="288674" macro-fragmented="0">
      <mem type="soa" free="294057792" total="797252608" percent="36" />
      <mem type="loa" free="8053760" total="8053760" percent="100" />
    </mem>
    <pending-finalizers system="57" default="0" reference="2" classloader="0" />
    <remembered-set count="102" />
  </mem-info>
</gc-end>
<cycle-end id="1242" type="global" contextid="1215" timestamp="2022-02-08T17:22:05.295" />
<exclusive-end id="1243" timestamp="2022-02-08T17:22:05.295" durationms="202.591" />

<exclusive-start id="1244" timestamp="2022-02-08T17:22:05.938" intervalms="845.812">
  <response-info timems="0.020" idlems="0.020" threads="0" lastid="0000000000016F00" lastname="main" />
</exclusive-start>
<af-start id="1245" threadId="0000000000017908" totalBytesRequested="104" timestamp="2022-02-08T17:22:05.938" intervalms="1062.894" type="nursery" />
<cycle-start id="1246" type="scavenge" contextid="0" timestamp="2022-02-08T17:22:05.938" intervalms="1062.878" />
<gc-start id="1247" type="scavenge" contextid="1246" timestamp="2022-02-08T17:22:05.938">
  <mem-info id="1248" free="302111552" total="1073741824" percent="28">
    <mem type="nursery" free="0" total="268435456" percent="0">
      <mem type="allocate" free="0" total="182910976" percent="0" />
      <mem type="survivor" free="0" total="85524480" percent="0" />
    </mem>
    <mem type="tenure" free="302111552" total="805306368" percent="37">
      <mem type="soa" free="294057792" total="797252608" percent="36" />
      <mem type="loa" free="8053760" total="8053760" percent="100" />
    </mem>
    <remembered-set count="105" />
  </mem-info>
</gc-start>
<allocation-stats totalBytes="96525040" >
  <allocated-bytes non-tlh="0" tlh="96525040" />
  <largest-consumer threadName="main" threadId="0000000000016F00" bytes="96520944" />
</allocation-stats>
<gc-op id="1249" type="scavenge" timems="107.513" contextid="1246" timestamp="2022-02-08T17:22:06.046">
  <scavenger-info tenureage="1" tenuremask="7ffe" tiltratio="68" />
  <memory-copied type="nursery" objects="1325450" bytes="74684728" bytesdiscarded="284200" />
  <memory-copied type="tenure" objects="1352789" bytes="77815312" bytesdiscarded="43568" />
  <finalization candidates="1" enqueued="0" />
  <ownableSynchronizers candidates="2" cleared="2" />
  <object-monitors candidates="2" cleared="0"  />
</gc-op>
<gc-end id="1250" type="scavenge" contextid="1246" durationms="107.696" usertimems="369.038" systemtimems="4.103" stalltimems="2.183" timestamp="2022-02-08T17:22:06.046" activeThreads="4">
  <mem-info id="1251" free="332338840" total="1073741824" percent="30">
    <mem type="nursery" free="108204192" total="268435456" percent="40">
      <mem type="allocate" free="108204192" total="183173120" percent="59" />
      <mem type="survivor" free="0" total="85262336" percent="0" />
    </mem>
    <mem type="tenure" free="224134648" total="805306368" percent="27" macro-fragmented="1347680">
      <mem type="soa" free="216080888" total="797252608" percent="27" />
      <mem type="loa" free="8053760" total="8053760" percent="100" />
    </mem>
    <remembered-set count="105" />
  </mem-info>
</gc-end>
<cycle-end id="1252" type="scavenge" contextid="1246" timestamp="2022-02-08T17:22:06.046" />
<allocation-satisfied id="1253" threadId="0000000000016F00" bytesRequested="104" />
<af-end id="1254" timestamp="2022-02-08T17:22:06.046" threadId="0000000000017908" success="true" from="nursery"/>
<exclusive-end id="1255" timestamp="2022-02-08T17:22:06.046" durationms="107.940" />

<exclusive-start id="1256" timestamp="2022-02-08T17:22:06.834" intervalms="895.575">
  <response-info timems="0.016" idlems="0.016" threads="0" lastid="0000000000016F00" lastname="main" />
</exclusive-start>
<af-start id="1257" threadId="0000000000017908" totalBytesRequested="24" timestamp="2022-02-08T17:22:06.834" intervalms="895.594" type="nursery" />
<cycle-start id="1258" type="scavenge" contextid="0" timestamp="2022-02-08T17:22:06.834" intervalms="895.593" />
<gc-start id="1259" type="scavenge" contextid="1258" timestamp="2022-02-08T17:22:06.834">
  <mem-info id="1260" free="224134648" total="1073741824" percent="20">
    <mem type="nursery" free="0" total="268435456" percent="0">
      <mem type="allocate" free="0" total="183173120" percent="0" />
      <mem type="survivor" free="0" total="85262336" percent="0" />
    </mem>
    <mem type="tenure" free="224134648" total="805306368" percent="27">
      <mem type="soa" free="216080888" total="797252608" percent="27" />
      <mem type="loa" free="8053760" total="8053760" percent="100" />
    </mem>
    <remembered-set count="122" />
  </mem-info>
</gc-start>
<allocation-stats totalBytes="108153072" >
  <allocated-bytes non-tlh="550608" tlh="107602464" />
  <largest-consumer threadName="main" threadId="0000000000016F00" bytes="108153072" />
</allocation-stats>
<gc-op id="1261" type="scavenge" timems="93.626" contextid="1258" timestamp="2022-02-08T17:22:06.927">
  <scavenger-info tenureage="1" tenuremask="7ffe" tiltratio="68" />
  <memory-copied type="nursery" objects="1396954" bytes="76461720" bytesdiscarded="288616" />
  <memory-copied type="tenure" objects="1325450" bytes="74684728" bytesdiscarded="38184" />
  <finalization candidates="56" enqueued="29" />
  <references type="phantom" candidates="56" cleared="0" enqueued="0" />
  <object-monitors candidates="2" cleared="0"  />
</gc-op>
<gc-end id="1262" type="scavenge" contextid="1258" durationms="93.812" usertimems="370.159" systemtimems="0.000" stalltimems="3.475" timestamp="2022-02-08T17:22:06.928" activeThreads="4">
  <mem-info id="1263" free="256057840" total="1073741824" percent="23">
    <mem type="nursery" free="106619392" total="268435456" percent="39">
      <mem type="allocate" free="106619392" total="183369728" percent="58" />
      <mem type="survivor" free="0" total="85065728" percent="0" />
    </mem>
    <mem type="tenure" free="149438448" total="805306368" percent="18" macro-fragmented="39939376">
      <mem type="soa" free="141384688" total="797252608" percent="17" />
      <mem type="loa" free="8053760" total="8053760" percent="100" />
    </mem>
    <pending-finalizers system="29" default="0" reference="0" classloader="0" />
    <remembered-set count="121" />
  </mem-info>
</gc-end>
<cycle-end id="1264" type="scavenge" contextid="1258" timestamp="2022-02-08T17:22:06.928" />
<allocation-satisfied id="1265" threadId="0000000000016F00" bytesRequested="24" />
<af-end id="1266" timestamp="2022-02-08T17:22:06.928" threadId="0000000000017908" success="true" from="nursery"/>
<exclusive-end id="1267" timestamp="2022-02-08T17:22:06.928" durationms="94.074" />

<concurrent-kickoff id="1268" timestamp="2022-02-08T17:22:07.742">
  <kickoff reason="threshold reached" targetBytes="76660582" thresholdFreeBytes="6181879"  remainingFree="6053320" tenureFreeBytes="149438448" nurseryFreeBytes="6053320" />
</concurrent-kickoff>
<exclusive-start id="1269" timestamp="2022-02-08T17:22:07.745" intervalms="911.810">
  <response-info timems="0.021" idlems="0.021" threads="0" lastid="0000000000016F00" lastname="main" />
</exclusive-start>
<cycle-start id="1270" type="global" contextid="0" timestamp="2022-02-08T17:22:07.745" intervalms="3002.150" />
<concurrent-start id="1271" type="global mark" contextid="1270" timestamp="2022-02-08T17:22:07.745">
</concurrent-start>
<exclusive-end id="1272" timestamp="2022-02-08T17:22:07.745" durationms="0.027" />

<exclusive-start id="1273" timestamp="2022-02-08T17:22:07.879" intervalms="133.680">
  <response-info timems="0.020" idlems="0.020" threads="0" lastid="0000000000016F00" lastname="main" />
</exclusive-start>
<af-start id="1274" threadId="0000000000017908" totalBytesRequested="128" timestamp="2022-02-08T17:22:07.879" intervalms="1045.487" type="nursery" />
<cycle-start id="1275" type="scavenge" contextid="0" timestamp="2022-02-08T17:22:07.879" intervalms="1045.488" />
<gc-start id="1276" type="scavenge" contextid="1275" timestamp="2022-02-08T17:22:07.879">
  <mem-info id="1277" free="149438448" total="1073741824" percent="13">
    <mem type="nursery" free="0" total="268435456" percent="0">
      <mem type="allocate" free="0" total="183369728" percent="0" />
      <mem type="survivor" free="0" total="85065728" percent="0" />
    </mem>
    <mem type="tenure" free="149438448" total="805306368" percent="18">
      <mem type="soa" free="141384688" total="797252608" percent="17" />
      <mem type="loa" free="8053760" total="8053760" percent="100" />
    </mem>
    <remembered-set count="135" />
  </mem-info>
</gc-start>
<allocation-stats totalBytes="106570496" >
  <allocated-bytes non-tlh="2290744" tlh="104279752" />
  <largest-consumer threadName="main" threadId="0000000000016F00" bytes="106566400" />
</allocation-stats>
<gc-op id="1278" type="scavenge" timems="93.335" contextid="1275" timestamp="2022-02-08T17:22:07.973">
  <scavenger-info tenureage="1" tenuremask="7ffe" tiltratio="68" />
  <memory-copied type="nursery" objects="1382295" bytes="75350552" bytesdiscarded="109720" />
  <memory-copied type="tenure" objects="1396429" bytes="76202688" bytesdiscarded="40584" />
  <finalization candidates="81" enqueued="24" />
  <references type="soft" candidates="14" cleared="0" enqueued="0" dynamicThreshold="12" maxThreshold="32" />
  <references type="weak" candidates="1" cleared="0" enqueued="0" />
  <references type="phantom" candidates="65" cleared="7" enqueued="7" />
  <object-monitors candidates="2" cleared="0"  />
</gc-op>
<gc-end id="1279" type="scavenge" contextid="1275" durationms="93.515" usertimems="356.167" systemtimems="0.000" stalltimems="2.735" timestamp="2022-02-08T17:22:07.973" activeThreads="4">
  <mem-info id="1280" free="181348608" total="1073741824" percent="16">
    <mem type="nursery" free="108368080" total="268435456" percent="40">
      <mem type="allocate" free="108368080" total="183828480" percent="58" />
      <mem type="survivor" free="0" total="84606976" percent="0" />
    </mem>
    <mem type="tenure" free="72980528" total="805306368" percent="9" macro-fragmented="57512708">
      <mem type="soa" free="64926768" total="797252608" percent="8" />
      <mem type="loa" free="8053760" total="8053760" percent="100" />
    </mem>
    <pending-finalizers system="23" default="1" reference="7" classloader="0" />
    <remembered-set count="114" />
  </mem-info>
</gc-end>
<cycle-end id="1281" type="scavenge" contextid="1275" timestamp="2022-02-08T17:22:07.973" />
<allocation-satisfied id="1282" threadId="0000000000016F00" bytesRequested="128" />
<af-end id="1283" timestamp="2022-02-08T17:22:07.973" threadId="0000000000017908" success="true" from="nursery"/>
<exclusive-end id="1284" timestamp="2022-02-08T17:22:07.973" durationms="93.793" />

<concurrent-end id="1285" type="global mark" contextid="1270" timestamp="2022-02-08T17:22:08.107">
<gc-op id="1286" type="trace" timems="361.694" contextid="1270" timestamp="2022-02-08T17:22:08.107">
  <trace bytesTraced="74428680" workStackOverflowCount="0" />
  <card-cleaning reason="card cleaning threshold reached" bytesTraced="1000" cardsCleaned="2" />
</gc-op>
</concurrent-end>

<exclusive-start id="1287" timestamp="2022-02-08T17:22:08.107" intervalms="228.080">
  <response-info timems="0.017" idlems="0.017" threads="0" lastid="0000000000016F00" lastname="main" />
</exclusive-start>
<concurrent-global-final id="1288" timestamp="2022-02-08T17:22:08.107" contextid="1270" intervalms="3014.958" >
  <concurrent-trace-info reason="card cleaning threshold reached" tracedByMutators="56862636" tracedByHelpers="17567044" cardsCleaned="2" workStackOverflowCount="0" />
</concurrent-global-final>
<gc-start id="1289" type="global" contextid="1270" timestamp="2022-02-08T17:22:08.107">
  <mem-info id="1290" free="174688384" total="1073741824" percent="16">
    <mem type="nursery" free="101707856" total="268435456" percent="37">
      <mem type="allocate" free="101707856" total="183828480" percent="55" />
      <mem type="survivor" free="0" total="84606976" percent="0" />
    </mem>
    <mem type="tenure" free="72980528" total="805306368" percent="9">
      <mem type="soa" free="64926768" total="797252608" percent="8" />
      <mem type="loa" free="8053760" total="8053760" percent="100" />
    </mem>
    <remembered-set count="116" />
  </mem-info>
</gc-start>
<allocation-stats totalBytes="6657088" >
  <allocated-bytes non-tlh="128" tlh="6656960" />
  <largest-consumer threadName="main" threadId="0000000000016F00" bytes="6648896" />
</allocation-stats>
<gc-op id="1291" type="rs-scan" timems="127.083" contextid="1270" timestamp="2022-02-08T17:22:08.234">
  <scan objectsFound="3324744" bytesTraced="71013132" workStackOverflowCount="0" />
</gc-op>
<gc-op id="1292" type="card-cleaning" timems="0.291" contextid="1270" timestamp="2022-02-08T17:22:08.235">
  <card-cleaning cardsCleaned="5" bytesTraced="2412" workStackOverflowCount="0" />
</gc-op>
<gc-op id="1293" type="mark" timems="47.179" contextid="1270" timestamp="2022-02-08T17:22:08.282">
  <trace-info objectcount="1414805" scancount="1062629" scanbytes="22737184" />
  <finalization candidates="428" enqueued="57" />
  <ownableSynchronizers candidates="1" cleared="0" />
  <references type="soft" candidates="894" cleared="0" enqueued="0" dynamicThreshold="12" maxThreshold="32" />
  <references type="weak" candidates="1701" cleared="0" enqueued="0" />
  <references type="phantom" candidates="52" cleared="2" enqueued="2" />
  <stringconstants candidates="6470" cleared="0"  />
  <object-monitors candidates="2" cleared="0"  />
</gc-op>
<gc-op id="1294" type="sweep" timems="4.946" contextid="1270" timestamp="2022-02-08T17:22:08.287" />
<gc-end id="1295" type="global" contextid="1270" durationms="179.715" usertimems="193.594" systemtimems="1.660" stalltimems="140.649" timestamp="2022-02-08T17:22:08.287" activeThreads="4">
  <mem-info id="1296" free="418152048" total="1073741824" percent="38">
    <mem type="nursery" free="102126408" total="268435456" percent="38">
      <mem type="allocate" free="102126408" total="183828480" percent="55" />
      <mem type="survivor" free="0" total="84606976" percent="0" />
    </mem>
    <mem type="tenure" free="316025640" total="805306368" percent="39" micro-fragmented="325702" macro-fragmented="0">
      <mem type="soa" free="307971880" total="797252608" percent="38" />
      <mem type="loa" free="8053760" total="8053760" percent="100" />
    </mem>
    <pending-finalizers system="57" default="0" reference="2" classloader="0" />
    <remembered-set count="102" />
  </mem-info>
</gc-end>
<cycle-end id="1297" type="global" contextid="1270" timestamp="2022-02-08T17:22:08.287" />
<exclusive-end id="1298" timestamp="2022-02-08T17:22:08.287" durationms="179.912" />

<exclusive-start id="1299" timestamp="2022-02-08T17:22:08.960" intervalms="852.635">
  <response-info timems="0.018" idlems="0.018" threads="0" lastid="0000000000016F00" lastname="main" />
</exclusive-start>
<af-start id="1300" threadId="0000000000017908" totalBytesRequested="208" timestamp="2022-02-08T17:22:08.960" intervalms="1080.701" type="nursery" />
<cycle-start id="1301" type="scavenge" contextid="0" timestamp="2022-02-08T17:22:08.960" intervalms="1080.701" />
<gc-start id="1302" type="scavenge" contextid="1301" timestamp="2022-02-08T17:22:08.960">
  <mem-info id="1303" free="316025640" total="1073741824" percent="29">
    <mem type="nursery" free="0" total="268435456" percent="0">
      <mem type="allocate" free="0" total="183828480" percent="0" />
      <mem type="survivor" free="0" total="84606976" percent="0" />
    </mem>
    <mem type="tenure" free="316025640" total="805306368" percent="39">
      <mem type="soa" free="307971880" total="797252608" percent="38" />
      <mem type="loa" free="8053760" total="8053760" percent="100" />
    </mem>
    <remembered-set count="103" />
  </mem-info>
</gc-start>
<allocation-stats totalBytes="102080144" >
  <allocated-bytes non-tlh="0" tlh="102080144" />
  <largest-consumer threadName="main" threadId="0000000000016F00" bytes="102076048" />
</allocation-stats>
<gc-op id="1304" type="scavenge" timems="75.296" contextid="1301" timestamp="2022-02-08T17:22:09.035">
  <scavenger-info tenureage="1" tenuremask="7ffe" tiltratio="68" />
  <memory-copied type="nursery" objects="1414271" bytes="77402536" bytesdiscarded="93280" />
  <memory-copied type="tenure" objects="1381970" bytes="75142928" bytesdiscarded="40944" />
  <finalization candidates="31" enqueued="0" />
  <ownableSynchronizers candidates="2" cleared="2" />
  <object-monitors candidates="2" cleared="0"  />
</gc-op>
<gc-end id="1305" type="scavenge" contextid="1301" durationms="75.463" usertimems="298.879" systemtimems="0.000" stalltimems="1.341" timestamp="2022-02-08T17:22:09.035" activeThreads="4">
  <mem-info id="1306" free="345899280" total="1073741824" percent="32">
    <mem type="nursery" free="105349624" total="268435456" percent="39">
      <mem type="allocate" free="105349624" total="182845440" percent="57" />
      <mem type="survivor" free="0" total="85590016" percent="0" />
    </mem>
    <mem type="tenure" free="240549656" total="805306368" percent="29" macro-fragmented="0">
      <mem type="soa" free="232495896" total="797252608" percent="29" />
      <mem type="loa" free="8053760" total="8053760" percent="100" />
    </mem>
    <remembered-set count="104" />
  </mem-info>
</gc-end>
<cycle-end id="1307" type="scavenge" contextid="1301" timestamp="2022-02-08T17:22:09.036" />
<allocation-satisfied id="1308" threadId="0000000000016F00" bytesRequested="208" />
<af-end id="1309" timestamp="2022-02-08T17:22:09.036" threadId="0000000000017908" success="true" from="nursery"/>
<exclusive-end id="1310" timestamp="2022-02-08T17:22:09.036" durationms="75.807" />

<exclusive-start id="1311" timestamp="2022-02-08T17:22:09.663" intervalms="703.647">
  <response-info timems="0.018" idlems="0.018" threads="0" lastid="0000000000016F00" lastname="main" />
</exclusive-start>
<af-start id="1312" threadId="0000000000017908" totalBytesRequested="200" timestamp="2022-02-08T17:22:09.664" intervalms="703.645" type="nursery" />
<cycle-start id="1313" type="scavenge" contextid="0" timestamp="2022-02-08T17:22:09.664" intervalms="703.644" />
<gc-start id="1314" type="scavenge" contextid="1313" timestamp="2022-02-08T17:22:09.664">
  <mem-info id="1315" free="240549656" total="1073741824" percent="22">
    <mem type="nursery" free="0" total="268435456" percent="0">
      <mem type="allocate" free="0" total="182845440" percent="0" />
      <mem type="survivor" free="0" total="85590016" percent="0" />
    </mem>
    <mem type="tenure" free="240549656" total="805306368" percent="29">
      <mem type="soa" free="232495896" total="797252608" percent="29" />
      <mem type="loa" free="8053760" total="8053760" percent="100" />
    </mem>
    <remembered-set count="104" />
  </mem-info>
</gc-start>
<allocation-stats totalBytes="105301512" >
  <allocated-bytes non-tlh="208" tlh="105301304" />
  <largest-consumer threadName="main" threadId="0000000000016F00" bytes="105301512" />
</allocation-stats>
<gc-op id="1316" type="scavenge" timems="82.664" contextid="1313" timestamp="2022-02-08T17:22:09.746">
  <scavenger-info tenureage="1" tenuremask="7ffe" tiltratio="68" />
  <memory-copied type="nursery" objects="1307785" bytes="74846664" bytesdiscarded="212552" />
  <memory-copied type="tenure" objects="1414270" bytes="77402424" bytesdiscarded="44232" />
  <object-monitors candidates="2" cleared="0"  />
</gc-op>
<gc-end id="1317" type="scavenge" contextid="1313" durationms="82.852" usertimems="325.617" systemtimems="0.209" stalltimems="3.977" timestamp="2022-02-08T17:22:09.746" activeThreads="4">
  <mem-info id="1318" free="271344240" total="1073741824" percent="25">
    <mem type="nursery" free="108179440" total="268435456" percent="40">
      <mem type="allocate" free="108179440" total="183238656" percent="59" />
      <mem type="survivor" free="0" total="85196800" percent="0" />
    </mem>
    <mem type="tenure" free="163164800" total="805306368" percent="20" macro-fragmented="0">
      <mem type="soa" free="155111040" total="797252608" percent="19" />
      <mem type="loa" free="8053760" total="8053760" percent="100" />
    </mem>
    <remembered-set count="104" />
  </mem-info>
</gc-end>
<cycle-end id="1319" type="scavenge" contextid="1313" timestamp="2022-02-08T17:22:09.747" />
<allocation-satisfied id="1320" threadId="0000000000016F00" bytesRequested="200" />
<af-end id="1321" timestamp="2022-02-08T17:22:09.747" threadId="0000000000017908" success="true" from="nursery"/>
<exclusive-end id="1322" timestamp="2022-02-08T17:22:09.747" durationms="83.096" />

<concurrent-kickoff id="1323" timestamp="2022-02-08T17:22:10.592">
  <kickoff reason="threshold reached" targetBytes="76213321" thresholdFreeBytes="6094765"  remainingFree="6074352" tenureFreeBytes="163164800" nurseryFreeBytes="6074352" />
</concurrent-kickoff>
<exclusive-start id="1324" timestamp="2022-02-08T17:22:10.595" intervalms="931.194">
  <response-info timems="0.019" idlems="0.019" threads="0" lastid="0000000000016F00" lastname="main" />
</exclusive-start>
<cycle-start id="1325" type="global" contextid="0" timestamp="2022-02-08T17:22:10.595" intervalms="2849.237" />
<concurrent-start id="1326" type="global mark" contextid="1325" timestamp="2022-02-08T17:22:10.595">
</concurrent-start>
<exclusive-end id="1327" timestamp="2022-02-08T17:22:10.595" durationms="0.027" />

<exclusive-start id="1328" timestamp="2022-02-08T17:22:10.728" intervalms="133.362">
  <response-info timems="0.017" idlems="0.017" threads="0" lastid="0000000000016F00" lastname="main" />
</exclusive-start>
<af-start id="1329" threadId="0000000000017908" totalBytesRequested="24" timestamp="2022-02-08T17:22:10.728" intervalms="1064.556" type="nursery" />
<cycle-start id="1330" type="scavenge" contextid="0" timestamp="2022-02-08T17:22:10.728" intervalms="1064.557" />
<gc-start id="1331" type="scavenge" contextid="1330" timestamp="2022-02-08T17:22:10.728">
  <mem-info id="1332" free="163164800" total="1073741824" percent="15">
    <mem type="nursery" free="0" total="268435456" percent="0">
      <mem type="allocate" free="0" total="183238656" percent="0" />
      <mem type="survivor" free="0" total="85196800" percent="0" />
    </mem>
    <mem type="tenure" free="163164800" total="805306368" percent="20">
      <mem type="soa" free="155111040" total="797252608" percent="19" />
      <mem type="loa" free="8053760" total="8053760" percent="100" />
    </mem>
    <remembered-set count="135" />
  </mem-info>
</gc-start>
<allocation-stats totalBytes="108134448" >
  <allocated-bytes non-tlh="2938448" tlh="105196000" />
  <largest-consumer threadName="main" threadId="0000000000016F00" bytes="108134448" />
</allocation-stats>
<gc-op id="1333" type="scavenge" timems="81.412" contextid="1330" timestamp="2022-02-08T17:22:10.810">
  <scavenger-info tenureage="1" tenuremask="7ffe" tiltratio="68" />
  <memory-copied type="nursery" objects="1456430" bytes="76046168" bytesdiscarded="276904" />
  <memory-copied type="tenure" objects="1307784" bytes="74846552" bytesdiscarded="38976" />
  <finalization candidates="110" enqueued="53" />
  <references type="soft" candidates="14" cleared="0" enqueued="0" dynamicThreshold="12" maxThreshold="32" />
  <references type="weak" candidates="1" cleared="0" enqueued="0" />
  <references type="phantom" candidates="95" cleared="7" enqueued="7" />
  <object-monitors candidates="2" cleared="0"  />
</gc-op>
<gc-end id="1334" type="scavenge" contextid="1330" durationms="81.730" usertimems="320.393" systemtimems="0.000" stalltimems="4.498" timestamp="2022-02-08T17:22:10.810" activeThreads="4">
  <mem-info id="1335" free="195594088" total="1073741824" percent="18">
    <mem type="nursery" free="107243136" total="268435456" percent="39">
      <mem type="allocate" free="107243136" total="183566336" percent="58" />
      <mem type="survivor" free="0" total="84869120" percent="0" />
    </mem>
    <mem type="tenure" free="88350952" total="805306368" percent="10" macro-fragmented="418667">
      <mem type="soa" free="80297192" total="797252608" percent="10" />
      <mem type="loa" free="8053760" total="8053760" percent="100" />
    </mem>
    <pending-finalizers system="52" default="1" reference="7" classloader="0" />
    <remembered-set count="130" />
  </mem-info>
</gc-end>
<cycle-end id="1336" type="scavenge" contextid="1330" timestamp="2022-02-08T17:22:10.810" />
<allocation-satisfied id="1337" threadId="0000000000016F00" bytesRequested="24" />
<af-end id="1338" timestamp="2022-02-08T17:22:10.810" threadId="0000000000017908" success="true" from="nursery"/>
<exclusive-end id="1339" timestamp="2022-02-08T17:22:10.810" durationms="82.044" />

<concurrent-end id="1340" type="global mark" contextid="1325" timestamp="2022-02-08T17:22:10.933">
<gc-op id="1341" type="trace" timems="338.086" contextid="1325" timestamp="2022-02-08T17:22:10.933">
  <trace bytesTraced="74428952" workStackOverflowCount="0" />
  <card-cleaning reason="card cleaning threshold reached" bytesTraced="1000" cardsCleaned="2" />
</gc-op>
</concurrent-end>

<exclusive-start id="1342" timestamp="2022-02-08T17:22:10.933" intervalms="204.873">
  <response-info timems="0.063" idlems="0.063" threads="0" lastid="0000000000016F00" lastname="main" />
</exclusive-start>
<concurrent-global-final id="1343" timestamp="2022-02-08T17:22:10.933" contextid="1325" intervalms="2825.711" >
  <concurrent-trace-info reason="card cleaning threshold reached" tracedByMutators="58711108" tracedByHelpers="15718844" cardsCleaned="2" workStackOverflowCount="0" />
</concurrent-global-final>
<gc-start id="1344" type="global" contextid="1325" timestamp="2022-02-08T17:22:10.933">
  <mem-info id="1345" free="188016464" total="1073741824" percent="17">
    <mem type="nursery" free="99665512" total="268435456" percent="37">
      <mem type="allocate" free="99665512" total="183566336" percent="54" />
      <mem type="survivor" free="0" total="84869120" percent="0" />
    </mem>
    <mem type="tenure" free="88350952" total="805306368" percent="10">
      <mem type="soa" free="80297192" total="797252608" percent="10" />
      <mem type="loa" free="8053760" total="8053760" percent="100" />
    </mem>
    <remembered-set count="131" />
  </mem-info>
</gc-start>
<allocation-stats totalBytes="7574008" >
  <allocated-bytes non-tlh="24" tlh="7573984" />
  <largest-consumer threadName="main" threadId="0000000000016F00" bytes="7565816" />
</allocation-stats>
<gc-op id="1346" type="rs-scan" timems="126.132" contextid="1325" timestamp="2022-02-08T17:22:11.059">
  <scan objectsFound="3324749" bytesTraced="71013352" workStackOverflowCount="0" />
</gc-op>
<gc-op id="1347" type="card-cleaning" timems="0.252" contextid="1325" timestamp="2022-02-08T17:22:11.059">
  <card-cleaning cardsCleaned="3" bytesTraced="1348" workStackOverflowCount="0" />
</gc-op>
<gc-op id="1348" type="mark" timems="28.468" contextid="1325" timestamp="2022-02-08T17:22:11.088">
  <trace-info objectcount="1148196" scancount="862673" scanbytes="18471432" />
  <finalization candidates="428" enqueued="57" />
  <ownableSynchronizers candidates="1" cleared="0" />
  <references type="soft" candidates="894" cleared="0" enqueued="0" dynamicThreshold="12" maxThreshold="32" />
  <references type="weak" candidates="1701" cleared="0" enqueued="0" />
  <references type="phantom" candidates="52" cleared="2" enqueued="2" />
  <stringconstants candidates="6470" cleared="0"  />
  <object-monitors candidates="2" cleared="0"  />
</gc-op>
<gc-op id="1349" type="sweep" timems="4.541" contextid="1325" timestamp="2022-02-08T17:22:11.093" />
<gc-end id="1350" type="global" contextid="1325" durationms="159.606" usertimems="173.923" systemtimems="0.000" stalltimems="84.848" timestamp="2022-02-08T17:22:11.093" activeThreads="4">
  <mem-info id="1351" free="431752160" total="1073741824" percent="40">
    <mem type="nursery" free="100509264" total="268435456" percent="37">
      <mem type="allocate" free="100509264" total="183566336" percent="54" />
      <mem type="survivor" free="0" total="84869120" percent="0" />
    </mem>
    <mem type="tenure" free="331242896" total="805306368" percent="41" micro-fragmented="268758" macro-fragmented="82818304">
      <mem type="soa" free="323189136" total="797252608" percent="40" />
      <mem type="loa" free="8053760" total="8053760" percent="100" />
    </mem>
    <pending-finalizers system="57" default="0" reference="2" classloader="0" />
    <remembered-set count="113" />
  </mem-info>
</gc-end>
<cycle-end id="1352" type="global" contextid="1325" timestamp="2022-02-08T17:22:11.093" />
<exclusive-end id="1353" timestamp="2022-02-08T17:22:11.093" durationms="159.831" />

<exclusive-start id="1354" timestamp="2022-02-08T17:22:11.768" intervalms="834.908">
  <response-info timems="0.017" idlems="0.017" threads="0" lastid="0000000000016F00" lastname="main" />
</exclusive-start>
<af-start id="1355" threadId="0000000000017908" totalBytesRequested="208" timestamp="2022-02-08T17:22:11.768" intervalms="1039.782" type="nursery" />
<cycle-start id="1356" type="scavenge" contextid="0" timestamp="2022-02-08T17:22:11.768" intervalms="1039.818" />
<gc-start id="1357" type="scavenge" contextid="1356" timestamp="2022-02-08T17:22:11.768">
  <mem-info id="1358" free="331242896" total="1073741824" percent="30">
    <mem type="nursery" free="0" total="268435456" percent="0">
      <mem type="allocate" free="0" total="183566336" percent="0" />
      <mem type="survivor" free="0" total="84869120" percent="0" />
    </mem>
    <mem type="tenure" free="331242896" total="805306368" percent="41">
      <mem type="soa" free="323189136" total="797252608" percent="40" />
      <mem type="loa" free="8053760" total="8053760" percent="100" />
    </mem>
    <remembered-set count="114" />
  </mem-info>
</gc-start>
<allocation-stats totalBytes="100462176" >
  <allocated-bytes non-tlh="0" tlh="100462176" />
  <largest-consumer threadName="main" threadId="0000000000016F00" bytes="100458080" />
</allocation-stats>
<gc-op id="1359" type="scavenge" timems="79.983" contextid="1356" timestamp="2022-02-08T17:22:11.848">
  <scavenger-info tenureage="1" tenuremask="7ffe" tiltratio="68" />
  <memory-copied type="nursery" objects="1387137" bytes="76845096" bytesdiscarded="228008" />
  <memory-copied type="tenure" objects="1455715" bytes="75578232" bytesdiscarded="45568" />
  <finalization candidates="57" enqueued="0" />
  <ownableSynchronizers candidates="2" cleared="2" />
  <object-monitors candidates="2" cleared="0"  />
</gc-op>
<gc-end id="1360" type="scavenge" contextid="1356" durationms="80.239" usertimems="316.965" systemtimems="0.000" stalltimems="2.031" timestamp="2022-02-08T17:22:11.848" activeThreads="4">
  <mem-info id="1361" free="362715080" total="1073741824" percent="33">
    <mem type="nursery" free="107279664" total="268435456" percent="39">
      <mem type="allocate" free="107279664" total="184352768" percent="58" />
      <mem type="survivor" free="0" total="84082688" percent="0" />
    </mem>
    <mem type="tenure" free="255435416" total="805306368" percent="31" macro-fragmented="0">
      <mem type="soa" free="247381656" total="797252608" percent="31" />
      <mem type="loa" free="8053760" total="8053760" percent="100" />
    </mem>
    <remembered-set count="103" />
  </mem-info>
</gc-end>
<cycle-end id="1362" type="scavenge" contextid="1356" timestamp="2022-02-08T17:22:11.848" />
<allocation-satisfied id="1363" threadId="0000000000016F00" bytesRequested="208" />
<af-end id="1364" timestamp="2022-02-08T17:22:11.848" threadId="0000000000017908" success="true" from="nursery"/>
<exclusive-end id="1365" timestamp="2022-02-08T17:22:11.848" durationms="80.521" />

<exclusive-start id="1366" timestamp="2022-02-08T17:22:12.498" intervalms="730.573">
  <response-info timems="0.018" idlems="0.018" threads="0" lastid="0000000000016F00" lastname="main" />
</exclusive-start>
<af-start id="1367" threadId="0000000000017908" totalBytesRequested="184" timestamp="2022-02-08T17:22:12.498" intervalms="730.573" type="nursery" />
<cycle-start id="1368" type="scavenge" contextid="0" timestamp="2022-02-08T17:22:12.498" intervalms="730.536" />
<gc-start id="1369" type="scavenge" contextid="1368" timestamp="2022-02-08T17:22:12.499">
  <mem-info id="1370" free="255435416" total="1073741824" percent="23">
    <mem type="nursery" free="0" total="268435456" percent="0">
      <mem type="allocate" free="0" total="184352768" percent="0" />
      <mem type="survivor" free="0" total="84082688" percent="0" />
    </mem>
    <mem type="tenure" free="255435416" total="805306368" percent="31">
      <mem type="soa" free="247381656" total="797252608" percent="31" />
      <mem type="loa" free="8053760" total="8053760" percent="100" />
    </mem>
    <remembered-set count="103" />
  </mem-info>
</gc-start>
<allocation-stats totalBytes="107233520" >
  <allocated-bytes non-tlh="208" tlh="107233312" />
  <largest-consumer threadName="main" threadId="0000000000016F00" bytes="107233520" />
</allocation-stats>
<gc-op id="1371" type="scavenge" timems="75.084" contextid="1368" timestamp="2022-02-08T17:22:12.574">
  <scavenger-info tenureage="1" tenuremask="7ffe" tiltratio="68" />
  <memory-copied type="nursery" objects="1353421" bytes="76281456" bytesdiscarded="159120" />
  <memory-copied type="tenure" objects="1387136" bytes="76844984" bytesdiscarded="41032" />
  <object-monitors candidates="2" cleared="0"  />
</gc-op>
<gc-end id="1372" type="scavenge" contextid="1368" durationms="75.298" usertimems="294.488" systemtimems="0.000" stalltimems="4.620" timestamp="2022-02-08T17:22:12.574" activeThreads="4">
  <mem-info id="1373" free="286652272" total="1073741824" percent="26">
    <mem type="nursery" free="108108800" total="268435456" percent="40">
      <mem type="allocate" free="108108800" total="184549376" percent="58" />
      <mem type="survivor" free="0" total="83886080" percent="0" />
    </mem>
    <mem type="tenure" free="178543472" total="805306368" percent="22" macro-fragmented="82818304">
      <mem type="soa" free="170489712" total="797252608" percent="21" />
      <mem type="loa" free="8053760" total="8053760" percent="100" />
    </mem>
    <remembered-set count="104" />
  </mem-info>
</gc-end>
<cycle-end id="1374" type="scavenge" contextid="1368" timestamp="2022-02-08T17:22:12.574" />
<allocation-satisfied id="1375" threadId="0000000000016F00" bytesRequested="184" />
<af-end id="1376" timestamp="2022-02-08T17:22:12.574" threadId="0000000000017908" success="true" from="nursery"/>
<exclusive-end id="1377" timestamp="2022-02-08T17:22:12.574" durationms="75.540" />

<exclusive-start id="1378" timestamp="2022-02-08T17:22:13.433" intervalms="935.006">
  <response-info timems="0.018" idlems="0.018" threads="0" lastid="0000000000016F00" lastname="main" />
</exclusive-start>
<af-start id="1379" threadId="0000000000017908" totalBytesRequested="24" timestamp="2022-02-08T17:22:13.433" intervalms="935.025" type="nursery" />
<cycle-start id="1380" type="scavenge" contextid="0" timestamp="2022-02-08T17:22:13.433" intervalms="935.028" />
<gc-start id="1381" type="scavenge" contextid="1380" timestamp="2022-02-08T17:22:13.434">
  <mem-info id="1382" free="178543472" total="1073741824" percent="16">
    <mem type="nursery" free="0" total="268435456" percent="0">
      <mem type="allocate" free="0" total="184549376" percent="0" />
      <mem type="survivor" free="0" total="83886080" percent="0" />
    </mem>
    <mem type="tenure" free="178543472" total="805306368" percent="22">
      <mem type="soa" free="170489712" total="797252608" percent="21" />
      <mem type="loa" free="8053760" total="8053760" percent="100" />
    </mem>
    <remembered-set count="134" />
  </mem-info>
</gc-start>
<allocation-stats totalBytes="108062760" >
  <allocated-bytes non-tlh="2938432" tlh="105124328" />
  <largest-consumer threadName="main" threadId="0000000000016F00" bytes="108062760" />
</allocation-stats>
<gc-op id="1383" type="scavenge" timems="78.382" contextid="1380" timestamp="2022-02-08T17:22:13.512">
  <scavenger-info tenureage="1" tenuremask="7ffe" tiltratio="68" />
  <memory-copied type="nursery" objects="1436996" bytes="75926760" bytesdiscarded="80872" />
  <memory-copied type="tenure" objects="1353420" bytes="76281352" bytesdiscarded="39992" />
  <finalization candidates="110" enqueued="53" />
  <references type="soft" candidates="14" cleared="0" enqueued="0" dynamicThreshold="13" maxThreshold="32" />
  <references type="weak" candidates="1" cleared="0" enqueued="0" />
  <references type="phantom" candidates="95" cleared="7" enqueued="7" />
  <object-monitors candidates="2" cleared="0"  />
</gc-op>
<gc-end id="1384" type="scavenge" contextid="1380" durationms="78.559" usertimems="302.380" systemtimems="0.393" stalltimems="2.247" timestamp="2022-02-08T17:22:13.512" activeThreads="4">
  <mem-info id="1385" free="210993584" total="1073741824" percent="19">
    <mem type="nursery" free="108869296" total="268435456" percent="40">
      <mem type="allocate" free="108869296" total="184877056" percent="58" />
      <mem type="survivor" free="0" total="83558400" percent="0" />
    </mem>
    <mem type="tenure" free="102124288" total="805306368" percent="12" macro-fragmented="57512708">
      <mem type="soa" free="94070528" total="797252608" percent="11" />
      <mem type="loa" free="8053760" total="8053760" percent="100" />
    </mem>
    <pending-finalizers system="52" default="1" reference="7" classloader="0" />
    <remembered-set count="129" />
  </mem-info>
</gc-end>
<cycle-end id="1386" type="scavenge" contextid="1380" timestamp="2022-02-08T17:22:13.513" />
<allocation-satisfied id="1387" threadId="0000000000016F00" bytesRequested="24" />
<af-end id="1388" timestamp="2022-02-08T17:22:13.513" threadId="0000000000017908" success="true" from="nursery"/>
<exclusive-end id="1389" timestamp="2022-02-08T17:22:13.513" durationms="79.130" />

<concurrent-kickoff id="1390" timestamp="2022-02-08T17:22:14.201">
  <kickoff reason="threshold reached" targetBytes="75855892" thresholdFreeBytes="6025423"  remainingFree="5912240" tenureFreeBytes="102124288" nurseryFreeBytes="5912240" />
</concurrent-kickoff>
<exclusive-start id="1391" timestamp="2022-02-08T17:22:14.204" intervalms="770.684">
  <response-info timems="0.019" idlems="0.019" threads="0" lastid="0000000000016F00" lastname="main" />
</exclusive-start>
<cycle-start id="1392" type="global" contextid="0" timestamp="2022-02-08T17:22:14.204" intervalms="3609.405" />
<concurrent-start id="1393" type="global mark" contextid="1392" timestamp="2022-02-08T17:22:14.204">
</concurrent-start>
<exclusive-end id="1394" timestamp="2022-02-08T17:22:14.204" durationms="0.027" />

<exclusive-start id="1395" timestamp="2022-02-08T17:22:14.294" intervalms="89.763">
  <response-info timems="0.017" idlems="0.017" threads="0" lastid="0000000000016F00" lastname="main" />
</exclusive-start>
<af-start id="1396" threadId="0000000000017908" totalBytesRequested="24" timestamp="2022-02-08T17:22:14.294" intervalms="860.427" type="nursery" />
<cycle-start id="1397" type="scavenge" contextid="0" timestamp="2022-02-08T17:22:14.294" intervalms="860.424" />
<gc-start id="1398" type="scavenge" contextid="1397" timestamp="2022-02-08T17:22:14.294">
  <mem-info id="1399" free="102124288" total="1073741824" percent="9">
    <mem type="nursery" free="0" total="268435456" percent="0">
      <mem type="allocate" free="0" total="184877056" percent="0" />
      <mem type="survivor" free="0" total="83558400" percent="0" />
    </mem>
    <mem type="tenure" free="102124288" total="805306368" percent="12">
      <mem type="soa" free="94070528" total="797252608" percent="11" />
      <mem type="loa" free="8053760" total="8053760" percent="100" />
    </mem>
    <remembered-set count="130" />
  </mem-info>
</gc-start>
<allocation-stats totalBytes="108816600" >
  <allocated-bytes non-tlh="24" tlh="108816576" />
  <largest-consumer threadName="main" threadId="0000000000016F00" bytes="108808408" />
</allocation-stats>
<gc-op id="1400" type="scavenge" timems="80.178" contextid="1397" timestamp="2022-02-08T17:22:14.374">
  <scavenger-info tenureage="1" tenuremask="7ffe" tiltratio="68" />
  <memory-copied type="nursery" objects="1403184" bytes="77528056" bytesdiscarded="182368" />
  <memory-copied type="tenure" objects="1436285" bytes="75458904" bytesdiscarded="37648" />
  <finalization candidates="57" enqueued="0" />
  <object-monitors candidates="2" cleared="0"  />
</gc-op>
<gc-end id="1401" type="scavenge" contextid="1397" durationms="80.297" usertimems="308.963" systemtimems="0.173" stalltimems="3.723" timestamp="2022-02-08T17:22:14.374" activeThreads="4">
  <mem-info id="1402" free="132211968" total="1073741824" percent="12">
    <mem type="nursery" free="105593768" total="268435456" percent="39">
      <mem type="allocate" free="105593768" total="183304192" percent="57" />
      <mem type="survivor" free="0" total="85131264" percent="0" />
    </mem>
    <mem type="tenure" free="26618200" total="805306368" percent="3" macro-fragmented="23791252">
      <mem type="soa" free="18564440" total="797252608" percent="2" />
      <mem type="loa" free="8053760" total="8053760" percent="100" />
    </mem>
    <remembered-set count="102" />
  </mem-info>
</gc-end>
<cycle-end id="1403" type="scavenge" contextid="1397" timestamp="2022-02-08T17:22:14.374" />
<allocation-satisfied id="1404" threadId="0000000000016F00" bytesRequested="24" />
<af-end id="1405" timestamp="2022-02-08T17:22:14.375" threadId="0000000000017908" success="true" from="nursery"/>
<exclusive-end id="1406" timestamp="2022-02-08T17:22:14.375" durationms="80.798" />

<concurrent-end id="1407" type="global mark" contextid="1392" timestamp="2022-02-08T17:22:14.563">
<gc-op id="1408" type="trace" timems="358.693" contextid="1392" timestamp="2022-02-08T17:22:14.563">
  <trace bytesTraced="74429064" workStackOverflowCount="0" />
  <card-cleaning reason="card cleaning threshold reached" bytesTraced="1000" cardsCleaned="2" />
</gc-op>
</concurrent-end>

<exclusive-start id="1409" timestamp="2022-02-08T17:22:14.563" intervalms="268.998">
  <response-info timems="0.017" idlems="0.017" threads="0" lastid="0000000000016F00" lastname="main" />
</exclusive-start>
<concurrent-global-final id="1410" timestamp="2022-02-08T17:22:14.563" contextid="1392" intervalms="3629.931" >
  <concurrent-trace-info reason="card cleaning threshold reached" tracedByMutators="50377380" tracedByHelpers="24052684" cardsCleaned="2" workStackOverflowCount="0" />
</concurrent-global-final>
<gc-start id="1411" type="global" contextid="1392" timestamp="2022-02-08T17:22:14.563">
  <mem-info id="1412" free="120972520" total="1073741824" percent="11">
    <mem type="nursery" free="94354320" total="268435456" percent="35">
      <mem type="allocate" free="94354320" total="183304192" percent="51" />
      <mem type="survivor" free="0" total="85131264" percent="0" />
    </mem>
    <mem type="tenure" free="26618200" total="805306368" percent="3">
      <mem type="soa" free="18564440" total="797252608" percent="2" />
      <mem type="loa" free="8053760" total="8053760" percent="100" />
    </mem>
    <remembered-set count="102" />
  </mem-info>
</gc-start>
<allocation-stats totalBytes="11233768" >
  <allocated-bytes non-tlh="24" tlh="11233744" />
  <largest-consumer threadName="main" threadId="0000000000016F00" bytes="11233768" />
</allocation-stats>
<gc-op id="1413" type="rs-scan" timems="0.985" contextid="1392" timestamp="2022-02-08T17:22:14.564">
  <scan objectsFound="0" bytesTraced="3836" workStackOverflowCount="0" />
</gc-op>
<gc-op id="1414" type="card-cleaning" timems="146.916" contextid="1392" timestamp="2022-02-08T17:22:14.711">
  <card-cleaning cardsCleaned="10" bytesTraced="71012224" workStackOverflowCount="0" />
</gc-op>
<gc-op id="1415" type="mark" timems="90.175" contextid="1392" timestamp="2022-02-08T17:22:14.801">
  <trace-info objectcount="2348859" scancount="1763172" scanbytes="37682024" />
  <finalization candidates="428" enqueued="57" />
  <ownableSynchronizers candidates="1" cleared="0" />
  <references type="soft" candidates="894" cleared="0" enqueued="0" dynamicThreshold="13" maxThreshold="32" />
  <references type="weak" candidates="1701" cleared="0" enqueued="0" />
  <references type="phantom" candidates="52" cleared="2" enqueued="2" />
  <stringconstants candidates="6470" cleared="0"  />
  <object-monitors candidates="2" cleared="0"  />
</gc-op>
<gc-op id="1416" type="sweep" timems="5.011" contextid="1392" timestamp="2022-02-08T17:22:14.806" />
<gc-end id="1417" type="global" contextid="1392" durationms="243.267" usertimems="259.766" systemtimems="0.094" stalltimems="269.018" timestamp="2022-02-08T17:22:14.806" activeThreads="4">
  <mem-info id="1418" free="364276128" total="1073741824" percent="33">
    <mem type="nursery" free="94627088" total="268435456" percent="35">
      <mem type="allocate" free="94627088" total="183304192" percent="51" />
      <mem type="survivor" free="0" total="85131264" percent="0" />
    </mem>
    <mem type="tenure" free="269649040" total="805306368" percent="33" micro-fragmented="327113" macro-fragmented="0">
      <mem type="soa" free="261595280" total="797252608" percent="32" />
      <mem type="loa" free="8053760" total="8053760" percent="100" />
    </mem>
    <pending-finalizers system="57" default="0" reference="2" classloader="0" />
    <remembered-set count="102" />
  </mem-info>
</gc-end>
<cycle-end id="1419" type="global" contextid="1392" timestamp="2022-02-08T17:22:14.806" />
<exclusive-end id="1420" timestamp="2022-02-08T17:22:14.806" durationms="243.466" />

<exclusive-start id="1421" timestamp="2022-02-08T17:22:15.380" intervalms="817.124">
  <response-info timems="0.018" idlems="0.018" threads="0" lastid="0000000000016F00" lastname="main" />
</exclusive-start>
<af-start id="1422" threadId="0000000000017908" totalBytesRequested="24" timestamp="2022-02-08T17:22:15.380" intervalms="1086.122" type="nursery" />
<cycle-start id="1423" type="scavenge" contextid="0" timestamp="2022-02-08T17:22:15.380" intervalms="1086.122" />
<gc-start id="1424" type="scavenge" contextid="1423" timestamp="2022-02-08T17:22:15.380">
  <mem-info id="1425" free="269649040" total="1073741824" percent="25">
    <mem type="nursery" free="0" total="268435456" percent="0">
      <mem type="allocate" free="0" total="183304192" percent="0" />
      <mem type="survivor" free="0" total="85131264" percent="0" />
    </mem>
    <mem type="tenure" free="269649040" total="805306368" percent="33">
      <mem type="soa" free="261595280" total="797252608" percent="32" />
      <mem type="loa" free="8053760" total="8053760" percent="100" />
    </mem>
    <remembered-set count="105" />
  </mem-info>
</gc-start>
<allocation-stats totalBytes="94584408" >
  <allocated-bytes non-tlh="0" tlh="94584408" />
  <largest-consumer threadName="main" threadId="0000000000016F00" bytes="94580312" />
</allocation-stats>
<gc-op id="1426" type="scavenge" timems="75.718" contextid="1423" timestamp="2022-02-08T17:22:15.456">
  <scavenger-info tenureage="1" tenuremask="7ffe" tiltratio="68" />
  <memory-copied type="nursery" objects="1320119" bytes="75106608" bytesdiscarded="90296" />
  <memory-copied type="tenure" objects="1403184" bytes="77528056" bytesdiscarded="44144" />
  <ownableSynchronizers candidates="2" cleared="2" />
  <object-monitors candidates="2" cleared="0"  />
</gc-op>
<gc-end id="1427" type="scavenge" contextid="1423" durationms="75.956" usertimems="298.899" systemtimems="0.000" stalltimems="3.036" timestamp="2022-02-08T17:22:15.456" activeThreads="4">
  <mem-info id="1428" free="300150184" total="1073741824" percent="27">
    <mem type="nursery" free="108369432" total="268435456" percent="40">
      <mem type="allocate" free="108369432" total="183566336" percent="59" />
      <mem type="survivor" free="0" total="84869120" percent="0" />
    </mem>
    <mem type="tenure" free="191780752" total="805306368" percent="23" macro-fragmented="0">
      <mem type="soa" free="183726992" total="797252608" percent="23" />
      <mem type="loa" free="8053760" total="8053760" percent="100" />
    </mem>
    <remembered-set count="104" />
  </mem-info>
</gc-end>
<cycle-end id="1429" type="scavenge" contextid="1423" timestamp="2022-02-08T17:22:15.456" />
<allocation-satisfied id="1430" threadId="0000000000016F00" bytesRequested="24" />
<af-end id="1431" timestamp="2022-02-08T17:22:15.456" threadId="0000000000017908" success="true" from="nursery"/>
<exclusive-end id="1432" timestamp="2022-02-08T17:22:15.456" durationms="76.200" />

<exclusive-start id="1433" timestamp="2022-02-08T17:22:16.331" intervalms="950.550">
  <response-info timems="0.018" idlems="0.018" threads="0" lastid="0000000000016F00" lastname="main" />
</exclusive-start>
<af-start id="1434" threadId="0000000000017908" totalBytesRequested="200" timestamp="2022-02-08T17:22:16.331" intervalms="950.552" type="nursery" />
<cycle-start id="1435" type="scavenge" contextid="0" timestamp="2022-02-08T17:22:16.331" intervalms="950.553" />
<gc-start id="1436" type="scavenge" contextid="1435" timestamp="2022-02-08T17:22:16.331">
  <mem-info id="1437" free="191780752" total="1073741824" percent="17">
    <mem type="nursery" free="0" total="268435456" percent="0">
      <mem type="allocate" free="0" total="183566336" percent="0" />
      <mem type="survivor" free="0" total="84869120" percent="0" />
    </mem>
    <mem type="tenure" free="191780752" total="805306368" percent="23">
      <mem type="soa" free="183726992" total="797252608" percent="23" />
      <mem type="loa" free="8053760" total="8053760" percent="100" />
    </mem>
    <remembered-set count="135" />
  </mem-info>
</gc-start>
<allocation-stats totalBytes="108323216" >
  <allocated-bytes non-tlh="1590592" tlh="106732624" />
  <largest-consumer threadName="main" threadId="0000000000016F00" bytes="108323216" />
</allocation-stats>
<gc-op id="1438" type="scavenge" timems="76.236" contextid="1435" timestamp="2022-02-08T17:22:16.407">
  <scavenger-info tenureage="1" tenuremask="7ffe" tiltratio="68" />
  <memory-copied type="nursery" objects="1479318" bytes="76279576" bytesdiscarded="117808" />
  <memory-copied type="tenure" objects="1320119" bytes="75106608" bytesdiscarded="39568" />
  <finalization candidates="109" enqueued="53" />
  <references type="soft" candidates="14" cleared="0" enqueued="0" dynamicThreshold="10" maxThreshold="32" />
  <references type="weak" candidates="1" cleared="0" enqueued="0" />
  <references type="phantom" candidates="94" cleared="7" enqueued="7" />
  <object-monitors candidates="2" cleared="0"  />
</gc-op>
<gc-end id="1439" type="scavenge" contextid="1435" durationms="76.403" usertimems="299.161" systemtimems="0.000" stalltimems="2.757" timestamp="2022-02-08T17:22:16.407" activeThreads="4">
  <mem-info id="1440" free="224205896" total="1073741824" percent="20">
    <mem type="nursery" free="107430968" total="268435456" percent="40">
      <mem type="allocate" free="107430968" total="183828480" percent="58" />
      <mem type="survivor" free="0" total="84606976" percent="0" />
    </mem>
    <mem type="tenure" free="116774928" total="805306368" percent="14" macro-fragmented="0">
      <mem type="soa" free="108721168" total="797252608" percent="13" />
      <mem type="loa" free="8053760" total="8053760" percent="100" />
    </mem>
    <pending-finalizers system="52" default="1" reference="7" classloader="0" />
    <remembered-set count="131" />
  </mem-info>
</gc-end>
<cycle-end id="1441" type="scavenge" contextid="1435" timestamp="2022-02-08T17:22:16.407" />
<allocation-satisfied id="1442" threadId="0000000000016F00" bytesRequested="200" />
<af-end id="1443" timestamp="2022-02-08T17:22:16.407" threadId="0000000000017908" success="true" from="nursery"/>
<exclusive-end id="1444" timestamp="2022-02-08T17:22:16.407" durationms="76.704" />

<concurrent-kickoff id="1445" timestamp="2022-02-08T17:22:17.067">
  <kickoff reason="threshold reached" targetBytes="75570201" thresholdFreeBytes="5966904"  remainingFree="5837584" tenureFreeBytes="116774928" nurseryFreeBytes="5837584" />
</concurrent-kickoff>
<exclusive-start id="1446" timestamp="2022-02-08T17:22:17.070" intervalms="739.422">
  <response-info timems="0.016" idlems="0.016" threads="0" lastid="0000000000016F00" lastname="main" />
</exclusive-start>
<cycle-start id="1447" type="global" contextid="0" timestamp="2022-02-08T17:22:17.070" intervalms="2865.858" />
<concurrent-start id="1448" type="global mark" contextid="1447" timestamp="2022-02-08T17:22:17.070">
</concurrent-start>
<exclusive-end id="1449" timestamp="2022-02-08T17:22:17.070" durationms="0.028" />

<exclusive-start id="1450" timestamp="2022-02-08T17:22:17.203" intervalms="133.454">
  <response-info timems="0.016" idlems="0.016" threads="0" lastid="0000000000016F00" lastname="main" />
</exclusive-start>
<af-start id="1451" threadId="0000000000017908" totalBytesRequested="128" timestamp="2022-02-08T17:22:17.203" intervalms="872.877" type="nursery" />
<cycle-start id="1452" type="scavenge" contextid="0" timestamp="2022-02-08T17:22:17.204" intervalms="872.904" />
<gc-start id="1453" type="scavenge" contextid="1452" timestamp="2022-02-08T17:22:17.204">
  <mem-info id="1454" free="116774928" total="1073741824" percent="10">
    <mem type="nursery" free="0" total="268435456" percent="0">
      <mem type="allocate" free="0" total="183828480" percent="0" />
      <mem type="survivor" free="0" total="84606976" percent="0" />
    </mem>
    <mem type="tenure" free="116774928" total="805306368" percent="14">
      <mem type="soa" free="108721168" total="797252608" percent="13" />
      <mem type="loa" free="8053760" total="8053760" percent="100" />
    </mem>
    <remembered-set count="132" />
  </mem-info>
</gc-start>
<allocation-stats totalBytes="107379768" >
  <allocated-bytes non-tlh="1347880" tlh="106031888" />
  <largest-consumer threadName="main" threadId="0000000000016F00" bytes="107371576" />
</allocation-stats>
<gc-op id="1455" type="scavenge" timems="90.670" contextid="1452" timestamp="2022-02-08T17:22:17.294">
  <scavenger-info tenureage="1" tenuremask="7ffe" tiltratio="68" />
  <memory-copied type="nursery" objects="1357173" bytes="76864224" bytesdiscarded="176176" />
  <memory-copied type="tenure" objects="1478598" bytes="75336296" bytesdiscarded="38024" />
  <finalization candidates="57" enqueued="0" />
  <references type="phantom" candidates="1" cleared="0" enqueued="0" />
  <object-monitors candidates="2" cleared="0"  />
</gc-op>
<gc-end id="1456" type="scavenge" contextid="1452" durationms="91.089" usertimems="357.454" systemtimems="0.000" stalltimems="3.366" timestamp="2022-02-08T17:22:17.295" activeThreads="4">
  <mem-info id="1457" free="148972120" total="1073741824" percent="13">
    <mem type="nursery" free="107508976" total="268435456" percent="40">
      <mem type="allocate" free="107508976" total="184549376" percent="58" />
      <mem type="survivor" free="0" total="83886080" percent="0" />
    </mem>
    <mem type="tenure" free="41463144" total="805306368" percent="5" macro-fragmented="0">
      <mem type="soa" free="33409384" total="797252608" percent="4" />
      <mem type="loa" free="8053760" total="8053760" percent="100" />
    </mem>
    <remembered-set count="102" />
  </mem-info>
</gc-end>
<cycle-end id="1458" type="scavenge" contextid="1452" timestamp="2022-02-08T17:22:17.295" />
<allocation-satisfied id="1459" threadId="0000000000016F00" bytesRequested="128" />
<af-end id="1460" timestamp="2022-02-08T17:22:17.295" threadId="0000000000017908" success="true" from="nursery"/>
<exclusive-end id="1461" timestamp="2022-02-08T17:22:17.295" durationms="91.621" />

<concurrent-end id="1462" type="global mark" contextid="1447" timestamp="2022-02-08T17:22:17.409">
<gc-op id="1463" type="trace" timems="339.179" contextid="1447" timestamp="2022-02-08T17:22:17.409">
  <trace bytesTraced="74429272" workStackOverflowCount="0" />
  <card-cleaning reason="card cleaning threshold reached" bytesTraced="1000" cardsCleaned="2" />
</gc-op>
</concurrent-end>

<exclusive-start id="1464" timestamp="2022-02-08T17:22:17.409" intervalms="205.794">
  <response-info timems="0.018" idlems="0.018" threads="0" lastid="0000000000016F00" lastname="main" />
</exclusive-start>
<concurrent-global-final id="1465" timestamp="2022-02-08T17:22:17.409" contextid="1447" intervalms="2846.344" >
  <concurrent-trace-info reason="card cleaning threshold reached" tracedByMutators="55155188" tracedByHelpers="19275084" cardsCleaned="2" workStackOverflowCount="0" />
</concurrent-global-final>
<gc-start id="1466" type="global" contextid="1447" timestamp="2022-02-08T17:22:17.409">
  <mem-info id="1467" free="141664728" total="1073741824" percent="13">
    <mem type="nursery" free="100201584" total="268435456" percent="37">
      <mem type="allocate" free="100201584" total="184549376" percent="54" />
      <mem type="survivor" free="0" total="83886080" percent="0" />
    </mem>
    <mem type="tenure" free="41463144" total="805306368" percent="5">
      <mem type="soa" free="33409384" total="797252608" percent="4" />
      <mem type="loa" free="8053760" total="8053760" percent="100" />
    </mem>
    <remembered-set count="102" />
  </mem-info>
</gc-start>
<allocation-stats totalBytes="7303632" >
  <allocated-bytes non-tlh="128" tlh="7303504" />
  <largest-consumer threadName="main" threadId="0000000000016F00" bytes="7303632" />
</allocation-stats>
<gc-op id="1468" type="rs-scan" timems="1.113" contextid="1447" timestamp="2022-02-08T17:22:17.410">
  <scan objectsFound="29" bytesTraced="5268" workStackOverflowCount="0" />
</gc-op>
<gc-op id="1469" type="card-cleaning" timems="148.009" contextid="1447" timestamp="2022-02-08T17:22:17.558">
  <card-cleaning cardsCleaned="9" bytesTraced="71010776" workStackOverflowCount="0" />
</gc-op>
<gc-op id="1470" type="mark" timems="54.155" contextid="1447" timestamp="2022-02-08T17:22:17.613">
  <trace-info objectcount="2020771" scancount="1517106" scanbytes="32432616" />
  <finalization candidates="428" enqueued="57" />
  <ownableSynchronizers candidates="1" cleared="0" />
  <references type="soft" candidates="894" cleared="0" enqueued="0" dynamicThreshold="10" maxThreshold="32" />
  <references type="weak" candidates="1701" cleared="0" enqueued="0" />
  <references type="phantom" candidates="52" cleared="2" enqueued="2" />
  <stringconstants candidates="6470" cleared="0"  />
  <object-monitors candidates="2" cleared="0"  />
</gc-op>
<gc-op id="1471" type="sweep" timems="5.086" contextid="1447" timestamp="2022-02-08T17:22:17.618" />
<gc-end id="1472" type="global" contextid="1447" durationms="208.596" usertimems="224.836" systemtimems="0.000" stalltimems="162.293" timestamp="2022-02-08T17:22:17.618" activeThreads="4">
  <mem-info id="1473" free="384767344" total="1073741824" percent="35">
    <mem type="nursery" free="100470144" total="268435456" percent="37">
      <mem type="allocate" free="100470144" total="184549376" percent="54" />
      <mem type="survivor" free="0" total="83886080" percent="0" />
    </mem>
    <mem type="tenure" free="284297200" total="805306368" percent="35" micro-fragmented="336919" macro-fragmented="0">
      <mem type="soa" free="276243440" total="797252608" percent="34" />
      <mem type="loa" free="8053760" total="8053760" percent="100" />
    </mem>
    <pending-finalizers system="57" default="0" reference="2" classloader="0" />
    <remembered-set count="102" />
  </mem-info>
</gc-end>
<cycle-end id="1474" type="global" contextid="1447" timestamp="2022-02-08T17:22:17.618" />
<exclusive-end id="1475" timestamp="2022-02-08T17:22:17.618" durationms="208.789" />

<exclusive-start id="1476" timestamp="2022-02-08T17:22:18.243" intervalms="833.354">
  <response-info timems="0.019" idlems="0.019" threads="0" lastid="0000000000016F00" lastname="main" />
</exclusive-start>
<af-start id="1477" threadId="0000000000017908" totalBytesRequested="104" timestamp="2022-02-08T17:22:18.243" intervalms="1039.178" type="nursery" />
<cycle-start id="1478" type="scavenge" contextid="0" timestamp="2022-02-08T17:22:18.243" intervalms="1039.168" />
<gc-start id="1479" type="scavenge" contextid="1478" timestamp="2022-02-08T17:22:18.243">
  <mem-info id="1480" free="284297200" total="1073741824" percent="26">
    <mem type="nursery" free="0" total="268435456" percent="0">
      <mem type="allocate" free="0" total="184549376" percent="0" />
      <mem type="survivor" free="0" total="83886080" percent="0" />
    </mem>
    <mem type="tenure" free="284297200" total="805306368" percent="35">
      <mem type="soa" free="276243440" total="797252608" percent="34" />
      <mem type="loa" free="8053760" total="8053760" percent="100" />
    </mem>
    <remembered-set count="105" />
  </mem-info>
</gc-start>
<allocation-stats totalBytes="100421432" >
  <allocated-bytes non-tlh="0" tlh="100421432" />
  <largest-consumer threadName="main" threadId="0000000000016F00" bytes="100417336" />
</allocation-stats>
<gc-op id="1481" type="scavenge" timems="74.768" contextid="1478" timestamp="2022-02-08T17:22:18.318">
  <scavenger-info tenureage="1" tenuremask="7ffe" tiltratio="68" />
  <memory-copied type="nursery" objects="1354666" bytes="76511672" bytesdiscarded="201544" />
  <memory-copied type="tenure" objects="1357173" bytes="76864224" bytesdiscarded="40976" />
  <finalization candidates="1" enqueued="0" />
  <ownableSynchronizers candidates="2" cleared="2" />
  <object-monitors candidates="2" cleared="0"  />
</gc-op>
<gc-end id="1482" type="scavenge" contextid="1478" durationms="75.001" usertimems="292.621" systemtimems="0.190" stalltimems="3.417" timestamp="2022-02-08T17:22:18.318" activeThreads="4">
  <mem-info id="1483" free="315105200" total="1073741824" percent="29">
    <mem type="nursery" free="108032768" total="268435456" percent="40">
      <mem type="allocate" free="108032768" total="184745984" percent="58" />
      <mem type="survivor" free="0" total="83689472" percent="0" />
    </mem>
    <mem type="tenure" free="207072432" total="805306368" percent="25" macro-fragmented="0">
      <mem type="soa" free="199018672" total="797252608" percent="24" />
      <mem type="loa" free="8053760" total="8053760" percent="100" />
    </mem>
    <remembered-set count="105" />
  </mem-info>
</gc-end>
<cycle-end id="1484" type="scavenge" contextid="1478" timestamp="2022-02-08T17:22:18.318" />
<allocation-satisfied id="1485" threadId="0000000000016F00" bytesRequested="104" />
<af-end id="1486" timestamp="2022-02-08T17:22:18.318" threadId="0000000000017908" success="true" from="nursery"/>
<exclusive-end id="1487" timestamp="2022-02-08T17:22:18.318" durationms="75.349" />

<exclusive-start id="1488" timestamp="2022-02-08T17:22:19.200" intervalms="957.330">
  <response-info timems="0.019" idlems="0.019" threads="0" lastid="0000000000016F00" lastname="main" />
</exclusive-start>
<af-start id="1489" threadId="0000000000017908" totalBytesRequested="104" timestamp="2022-02-08T17:22:19.200" intervalms="957.330" type="nursery" />
<cycle-start id="1490" type="scavenge" contextid="0" timestamp="2022-02-08T17:22:19.200" intervalms="957.620" />
<gc-start id="1491" type="scavenge" contextid="1490" timestamp="2022-02-08T17:22:19.200">
  <mem-info id="1492" free="207072432" total="1073741824" percent="19">
    <mem type="nursery" free="0" total="268435456" percent="0">
      <mem type="allocate" free="0" total="184745984" percent="0" />
      <mem type="survivor" free="0" total="83689472" percent="0" />
    </mem>
    <mem type="tenure" free="207072432" total="805306368" percent="25">
      <mem type="soa" free="199018672" total="797252608" percent="24" />
      <mem type="loa" free="8053760" total="8053760" percent="100" />
    </mem>
    <remembered-set count="136" />
  </mem-info>
</gc-start>
<allocation-stats totalBytes="107984848" >
  <allocated-bytes non-tlh="1661248" tlh="106323600" />
  <largest-consumer threadName="main" threadId="0000000000016F00" bytes="107984848" />
</allocation-stats>
<gc-op id="1493" type="scavenge" timems="77.476" contextid="1490" timestamp="2022-02-08T17:22:19.278">
  <scavenger-info tenureage="1" tenuremask="7ffe" tiltratio="68" />
  <memory-copied type="nursery" objects="1489427" bytes="76049824" bytesdiscarded="110280" />
  <memory-copied type="tenure" objects="1354666" bytes="76511672" bytesdiscarded="42984" />
  <finalization candidates="109" enqueued="53" />
  <references type="soft" candidates="14" cleared="0" enqueued="0" dynamicThreshold="11" maxThreshold="32" />
  <references type="weak" candidates="1" cleared="0" enqueued="0" />
  <references type="phantom" candidates="94" cleared="7" enqueued="7" />
  <object-monitors candidates="2" cleared="0"  />
</gc-op>
<gc-end id="1494" type="scavenge" contextid="1490" durationms="77.719" usertimems="304.380" systemtimems="0.000" stalltimems="4.230" timestamp="2022-02-08T17:22:19.278" activeThreads="4">
  <mem-info id="1495" free="239520808" total="1073741824" percent="22">
    <mem type="nursery" free="108782360" total="268435456" percent="40">
      <mem type="allocate" free="108782360" total="184942592" percent="58" />
      <mem type="survivor" free="0" total="83492864" percent="0" />
    </mem>
    <mem type="tenure" free="130738448" total="805306368" percent="16" macro-fragmented="0">
      <mem type="soa" free="122684688" total="797252608" percent="15" />
      <mem type="loa" free="8053760" total="8053760" percent="100" />
    </mem>
    <pending-finalizers system="52" default="1" reference="7" classloader="0" />
    <remembered-set count="132" />
  </mem-info>
</gc-end>
<cycle-end id="1496" type="scavenge" contextid="1490" timestamp="2022-02-08T17:22:19.278" />
<allocation-satisfied id="1497" threadId="0000000000016F00" bytesRequested="104" />
<af-end id="1498" timestamp="2022-02-08T17:22:19.278" threadId="0000000000017908" success="true" from="nursery"/>
<exclusive-end id="1499" timestamp="2022-02-08T17:22:19.278" durationms="78.361" />

<concurrent-kickoff id="1500" timestamp="2022-02-08T17:22:19.971">
  <kickoff reason="threshold reached" targetBytes="75341847" thresholdFreeBytes="5922728"  remainingFree="5825304" tenureFreeBytes="130738448" nurseryFreeBytes="5825304" />
</concurrent-kickoff>
<exclusive-start id="1501" timestamp="2022-02-08T17:22:19.974" intervalms="773.848">
  <response-info timems="0.017" idlems="0.017" threads="0" lastid="0000000000016F00" lastname="main" />
</exclusive-start>
<cycle-start id="1502" type="global" contextid="0" timestamp="2022-02-08T17:22:19.974" intervalms="2903.780" />
<concurrent-start id="1503" type="global mark" contextid="1502" timestamp="2022-02-08T17:22:19.974">
</concurrent-start>
<exclusive-end id="1504" timestamp="2022-02-08T17:22:19.974" durationms="0.028" />

<exclusive-start id="1505" timestamp="2022-02-08T17:22:20.098" intervalms="124.184">
  <response-info timems="0.033" idlems="0.033" threads="0" lastid="0000000000016F00" lastname="main" />
</exclusive-start>
<af-start id="1506" threadId="0000000000017908" totalBytesRequested="40" timestamp="2022-02-08T17:22:20.098" intervalms="897.999" type="nursery" />
<cycle-start id="1507" type="scavenge" contextid="0" timestamp="2022-02-08T17:22:20.098" intervalms="897.692" />
<gc-start id="1508" type="scavenge" contextid="1507" timestamp="2022-02-08T17:22:20.098">
  <mem-info id="1509" free="130738448" total="1073741824" percent="12">
    <mem type="nursery" free="0" total="268435456" percent="0">
      <mem type="allocate" free="0" total="184942592" percent="0" />
      <mem type="survivor" free="0" total="83492864" percent="0" />
    </mem>
    <mem type="tenure" free="130738448" total="805306368" percent="16">
      <mem type="soa" free="122684688" total="797252608" percent="15" />
      <mem type="loa" free="8053760" total="8053760" percent="100" />
    </mem>
    <remembered-set count="133" />
  </mem-info>
</gc-start>
<allocation-stats totalBytes="108730272" >
  <allocated-bytes non-tlh="1347784" tlh="107382488" />
  <largest-consumer threadName="main" threadId="0000000000016F00" bytes="108722080" />
</allocation-stats>
<gc-op id="1510" type="scavenge" timems="77.639" contextid="1507" timestamp="2022-02-08T17:22:20.176">
  <scavenger-info tenureage="1" tenuremask="7ffe" tiltratio="68" />
  <memory-copied type="nursery" objects="1356537" bytes="77799032" bytesdiscarded="293696" />
  <memory-copied type="tenure" objects="1488708" bytes="75106656" bytesdiscarded="35744" />
  <finalization candidates="57" enqueued="0" />
  <references type="phantom" candidates="1" cleared="0" enqueued="0" />
  <object-monitors candidates="2" cleared="0"  />
</gc-op>
<gc-end id="1511" type="scavenge" contextid="1507" durationms="77.819" usertimems="305.500" systemtimems="0.000" stalltimems="3.692" timestamp="2022-02-08T17:22:20.176" activeThreads="4">
  <mem-info id="1512" free="160492824" total="1073741824" percent="14">
    <mem type="nursery" free="104883784" total="268435456" percent="39">
      <mem type="allocate" free="104883784" total="182976512" percent="57" />
      <mem type="survivor" free="0" total="85458944" percent="0" />
    </mem>
    <mem type="tenure" free="55609040" total="805306368" percent="6" macro-fragmented="27735676">
      <mem type="soa" free="47555280" total="797252608" percent="5" />
      <mem type="loa" free="8053760" total="8053760" percent="100" />
    </mem>
    <remembered-set count="102" />
  </mem-info>
</gc-end>
<cycle-end id="1513" type="scavenge" contextid="1507" timestamp="2022-02-08T17:22:20.176" />
<allocation-satisfied id="1514" threadId="0000000000016F00" bytesRequested="40" />
<af-end id="1515" timestamp="2022-02-08T17:22:20.176" threadId="0000000000017908" success="true" from="nursery"/>
<exclusive-end id="1516" timestamp="2022-02-08T17:22:20.176" durationms="78.260" />

<concurrent-end id="1517" type="global mark" contextid="1502" timestamp="2022-02-08T17:22:20.286">
<gc-op id="1518" type="trace" timems="312.013" contextid="1502" timestamp="2022-02-08T17:22:20.286">
  <trace bytesTraced="74429480" workStackOverflowCount="0" />
  <card-cleaning reason="card cleaning threshold reached" bytesTraced="1000" cardsCleaned="2" />
</gc-op>
</concurrent-end>

<exclusive-start id="1519" timestamp="2022-02-08T17:22:20.286" intervalms="187.906">
  <response-info timems="0.017" idlems="0.017" threads="0" lastid="0000000000016F00" lastname="main" />
</exclusive-start>
<concurrent-global-final id="1520" timestamp="2022-02-08T17:22:20.286" contextid="1502" intervalms="2876.622" >
  <concurrent-trace-info reason="card cleaning threshold reached" tracedByMutators="55767148" tracedByHelpers="18663332" cardsCleaned="2" workStackOverflowCount="0" />
</concurrent-global-final>
<gc-start id="1521" type="global" contextid="1502" timestamp="2022-02-08T17:22:20.286">
  <mem-info id="1522" free="152530160" total="1073741824" percent="14">
    <mem type="nursery" free="96921120" total="268435456" percent="36">
      <mem type="allocate" free="96921120" total="182976512" percent="52" />
      <mem type="survivor" free="0" total="85458944" percent="0" />
    </mem>
    <mem type="tenure" free="55609040" total="805306368" percent="6">
      <mem type="soa" free="47555280" total="797252608" percent="5" />
      <mem type="loa" free="8053760" total="8053760" percent="100" />
    </mem>
    <remembered-set count="102" />
  </mem-info>
</gc-start>
<allocation-stats totalBytes="7958280" >
  <allocated-bytes non-tlh="40" tlh="7958240" />
  <largest-consumer threadName="main" threadId="0000000000016F00" bytes="7958280" />
</allocation-stats>
<gc-op id="1523" type="rs-scan" timems="1.029" contextid="1502" timestamp="2022-02-08T17:22:20.287">
  <scan objectsFound="29" bytesTraced="5268" workStackOverflowCount="0" />
</gc-op>
<gc-op id="1524" type="card-cleaning" timems="157.227" contextid="1502" timestamp="2022-02-08T17:22:20.444">
  <card-cleaning cardsCleaned="9" bytesTraced="71010776" workStackOverflowCount="0" />
</gc-op>
<gc-op id="1525" type="mark" timems="55.733" contextid="1502" timestamp="2022-02-08T17:22:20.500">
  <trace-info objectcount="1794112" scancount="1347111" scanbytes="28806104" />
  <finalization candidates="428" enqueued="57" />
  <ownableSynchronizers candidates="1" cleared="0" />
  <references type="soft" candidates="894" cleared="0" enqueued="0" dynamicThreshold="11" maxThreshold="32" />
  <references type="weak" candidates="1701" cleared="0" enqueued="0" />
  <references type="phantom" candidates="52" cleared="2" enqueued="2" />
  <stringconstants candidates="6470" cleared="0"  />
  <object-monitors candidates="2" cleared="0"  />
</gc-op>
<gc-op id="1526" type="sweep" timems="6.113" contextid="1502" timestamp="2022-02-08T17:22:20.506" />
<gc-end id="1527" type="global" contextid="1502" durationms="220.286" usertimems="235.525" systemtimems="0.000" stalltimems="171.499" timestamp="2022-02-08T17:22:20.506" activeThreads="4">
  <mem-info id="1528" free="395734128" total="1073741824" percent="36">
    <mem type="nursery" free="97306312" total="268435456" percent="36">
      <mem type="allocate" free="97306312" total="182976512" percent="53" />
      <mem type="survivor" free="0" total="85458944" percent="0" />
    </mem>
    <mem type="tenure" free="298427816" total="805306368" percent="37" micro-fragmented="334996" macro-fragmented="0">
      <mem type="soa" free="290374056" total="797252608" percent="36" />
      <mem type="loa" free="8053760" total="8053760" percent="100" />
    </mem>
    <pending-finalizers system="57" default="0" reference="2" classloader="0" />
    <remembered-set count="102" />
  </mem-info>
</gc-end>
<cycle-end id="1529" type="global" contextid="1502" timestamp="2022-02-08T17:22:20.506" />
<exclusive-end id="1530" timestamp="2022-02-08T17:22:20.506" durationms="220.527" />

<exclusive-start id="1531" timestamp="2022-02-08T17:22:21.133" intervalms="847.519">
  <response-info timems="0.017" idlems="0.017" threads="0" lastid="0000000000016F00" lastname="main" />
</exclusive-start>
<af-start id="1532" threadId="0000000000017908" totalBytesRequested="232" timestamp="2022-02-08T17:22:21.133" intervalms="1035.436" type="nursery" />
<cycle-start id="1533" type="scavenge" contextid="0" timestamp="2022-02-08T17:22:21.133" intervalms="1035.436" />
<gc-start id="1534" type="scavenge" contextid="1533" timestamp="2022-02-08T17:22:21.133">
  <mem-info id="1535" free="298427816" total="1073741824" percent="27">
    <mem type="nursery" free="0" total="268435456" percent="0">
      <mem type="allocate" free="0" total="182976512" percent="0" />
      <mem type="survivor" free="0" total="85458944" percent="0" />
    </mem>
    <mem type="tenure" free="298427816" total="805306368" percent="37">
      <mem type="soa" free="290374056" total="797252608" percent="36" />
      <mem type="loa" free="8053760" total="8053760" percent="100" />
    </mem>
    <remembered-set count="105" />
  </mem-info>
</gc-start>
<allocation-stats totalBytes="97260968" >
  <allocated-bytes non-tlh="0" tlh="97260968" />
  <largest-consumer threadName="main" threadId="0000000000016F00" bytes="97256872" />
</allocation-stats>
<gc-op id="1536" type="scavenge" timems="74.858" contextid="1533" timestamp="2022-02-08T17:22:21.208">
  <scavenger-info tenureage="1" tenuremask="7ffe" tiltratio="68" />
  <memory-copied type="nursery" objects="1325555" bytes="74733840" bytesdiscarded="178440" />
  <memory-copied type="tenure" objects="1356537" bytes="77799032" bytesdiscarded="44832" />
  <finalization candidates="1" enqueued="0" />
  <ownableSynchronizers candidates="2" cleared="2" />
  <object-monitors candidates="2" cleared="0"  />
</gc-op>
<gc-end id="1537" type="scavenge" contextid="1533" durationms="75.080" usertimems="288.047" systemtimems="4.161" stalltimems="3.534" timestamp="2022-02-08T17:22:21.209" activeThreads="4">
  <mem-info id="1538" free="328721648" total="1073741824" percent="30">
    <mem type="nursery" free="108326376" total="268435456" percent="40">
      <mem type="allocate" free="108326376" total="183238656" percent="59" />
      <mem type="survivor" free="0" total="85196800" percent="0" />
    </mem>
    <mem type="tenure" free="220395272" total="805306368" percent="27" macro-fragmented="0">
      <mem type="soa" free="212341512" total="797252608" percent="26" />
      <mem type="loa" free="8053760" total="8053760" percent="100" />
    </mem>
    <remembered-set count="105" />
  </mem-info>
</gc-end>
<cycle-end id="1539" type="scavenge" contextid="1533" timestamp="2022-02-08T17:22:21.209" />
<allocation-satisfied id="1540" threadId="0000000000016F00" bytesRequested="232" />
<af-end id="1541" timestamp="2022-02-08T17:22:21.209" threadId="0000000000017908" success="true" from="nursery"/>
<exclusive-end id="1542" timestamp="2022-02-08T17:22:21.209" durationms="75.331" />

<exclusive-start id="1543" timestamp="2022-02-08T17:22:22.015" intervalms="881.999">
  <response-info timems="0.016" idlems="0.016" threads="0" lastid="0000000000016F00" lastname="main" />
</exclusive-start>
<af-start id="1544" threadId="0000000000017908" totalBytesRequested="24" timestamp="2022-02-08T17:22:22.015" intervalms="881.990" type="nursery" />
<cycle-start id="1545" type="scavenge" contextid="0" timestamp="2022-02-08T17:22:22.015" intervalms="881.990" />
<gc-start id="1546" type="scavenge" contextid="1545" timestamp="2022-02-08T17:22:22.015">
  <mem-info id="1547" free="220395272" total="1073741824" percent="20">
    <mem type="nursery" free="0" total="268435456" percent="0">
      <mem type="allocate" free="0" total="183238656" percent="0" />
      <mem type="survivor" free="0" total="85196800" percent="0" />
    </mem>
    <mem type="tenure" free="220395272" total="805306368" percent="27">
      <mem type="soa" free="212341512" total="797252608" percent="26" />
      <mem type="loa" free="8053760" total="8053760" percent="100" />
    </mem>
    <remembered-set count="136" />
  </mem-info>
</gc-start>
<allocation-stats totalBytes="108281296" >
  <allocated-bytes non-tlh="752136" tlh="107529160" />
  <largest-consumer threadName="main" threadId="0000000000016F00" bytes="108281296" />
</allocation-stats>
<gc-op id="1548" type="scavenge" timems="97.715" contextid="1545" timestamp="2022-02-08T17:22:22.113">
  <scavenger-info tenureage="1" tenuremask="7ffe" tiltratio="68" />
  <memory-copied type="nursery" objects="1456635" bytes="76410800" bytesdiscarded="153360" />
  <memory-copied type="tenure" objects="1325554" bytes="74733712" bytesdiscarded="38808" />
  <finalization candidates="70" enqueued="37" />
  <references type="soft" candidates="14" cleared="0" enqueued="0" dynamicThreshold="11" maxThreshold="32" />
  <references type="weak" candidates="1" cleared="0" enqueued="0" />
  <references type="phantom" candidates="55" cleared="7" enqueued="7" />
  <object-monitors candidates="2" cleared="0"  />
</gc-op>
<gc-end id="1549" type="scavenge" contextid="1545" durationms="98.010" usertimems="362.919" systemtimems="3.864" stalltimems="8.267" timestamp="2022-02-08T17:22:22.113" activeThreads="4">
  <mem-info id="1550" free="252418640" total="1073741824" percent="23">
    <mem type="nursery" free="106870976" total="268435456" percent="39">
      <mem type="allocate" free="106870976" total="183435264" percent="58" />
      <mem type="survivor" free="0" total="85000192" percent="0" />
    </mem>
    <mem type="tenure" free="145547664" total="805306368" percent="18" macro-fragmented="0">
      <mem type="soa" free="137493904" total="797252608" percent="17" />
      <mem type="loa" free="8053760" total="8053760" percent="100" />
    </mem>
    <pending-finalizers system="36" default="1" reference="7" classloader="0" />
    <remembered-set count="132" />
  </mem-info>
</gc-end>
<cycle-end id="1551" type="scavenge" contextid="1545" timestamp="2022-02-08T17:22:22.114" />
<allocation-satisfied id="1552" threadId="0000000000016F00" bytesRequested="24" />
<af-end id="1553" timestamp="2022-02-08T17:22:22.114" threadId="0000000000017908" success="true" from="nursery"/>
<exclusive-end id="1554" timestamp="2022-02-08T17:22:22.114" durationms="98.331" />

<concurrent-kickoff id="1555" timestamp="2022-02-08T17:22:22.803">
  <kickoff reason="threshold reached" targetBytes="75159314" thresholdFreeBytes="5887387"  remainingFree="5801568" tenureFreeBytes="145547664" nurseryFreeBytes="5801568" />
</concurrent-kickoff>
<exclusive-start id="1556" timestamp="2022-02-08T17:22:22.806" intervalms="790.646">
  <response-info timems="0.020" idlems="0.020" threads="0" lastid="0000000000016F00" lastname="main" />
</exclusive-start>
<cycle-start id="1557" type="global" contextid="0" timestamp="2022-02-08T17:22:22.806" intervalms="2832.256" />
<concurrent-start id="1558" type="global mark" contextid="1557" timestamp="2022-02-08T17:22:22.806">
</concurrent-start>
<exclusive-end id="1559" timestamp="2022-02-08T17:22:22.806" durationms="0.031" />

<exclusive-start id="1560" timestamp="2022-02-08T17:22:22.940" intervalms="133.538">
  <response-info timems="0.016" idlems="0.016" threads="0" lastid="0000000000016F00" lastname="main" />
</exclusive-start>
<af-start id="1561" threadId="0000000000017908" totalBytesRequested="24" timestamp="2022-02-08T17:22:22.940" intervalms="924.205" type="nursery" />
<cycle-start id="1562" type="scavenge" contextid="0" timestamp="2022-02-08T17:22:22.940" intervalms="924.219" />
<gc-start id="1563" type="scavenge" contextid="1562" timestamp="2022-02-08T17:22:22.940">
  <mem-info id="1564" free="145547664" total="1073741824" percent="13">
    <mem type="nursery" free="0" total="268435456" percent="0">
      <mem type="allocate" free="0" total="183435264" percent="0" />
      <mem type="survivor" free="0" total="85000192" percent="0" />
    </mem>
    <mem type="tenure" free="145547664" total="805306368" percent="18">
      <mem type="soa" free="137493904" total="797252608" percent="17" />
      <mem type="loa" free="8053760" total="8053760" percent="100" />
    </mem>
    <remembered-set count="133" />
  </mem-info>
</gc-start>
<allocation-stats totalBytes="106819712" >
  <allocated-bytes non-tlh="2089568" tlh="104730144" />
  <largest-consumer threadName="main" threadId="0000000000016F00" bytes="106811520" />
</allocation-stats>
<gc-op id="1565" type="scavenge" timems="75.394" contextid="1562" timestamp="2022-02-08T17:22:23.015">
  <scavenger-info tenureage="1" tenuremask="7ffe" tiltratio="68" />
  <memory-copied type="nursery" objects="1331359" bytes="75802376" bytesdiscarded="170736" />
  <memory-copied type="tenure" objects="1456104" bytes="75952616" bytesdiscarded="39936" />
  <finalization candidates="73" enqueued="16" />
  <references type="phantom" candidates="40" cleared="0" enqueued="0" />
  <object-monitors candidates="2" cleared="0"  />
</gc-op>
<gc-end id="1566" type="scavenge" contextid="1562" durationms="75.591" usertimems="295.170" systemtimems="0.000" stalltimems="4.437" timestamp="2022-02-08T17:22:23.015" activeThreads="4">
  <mem-info id="1567" free="177516392" total="1073741824" percent="16">
    <mem type="nursery" free="107920904" total="268435456" percent="40">
      <mem type="allocate" free="107920904" total="183894016" percent="58" />
      <mem type="survivor" free="0" total="84541440" percent="0" />
    </mem>
    <mem type="tenure" free="69595488" total="805306368" percent="8" macro-fragmented="33282812">
      <mem type="soa" free="61541728" total="797252608" percent="7" />
      <mem type="loa" free="8053760" total="8053760" percent="100" />
    </mem>
    <pending-finalizers system="16" default="0" reference="0" classloader="0" />
    <remembered-set count="105" />
  </mem-info>
</gc-end>
<cycle-end id="1568" type="scavenge" contextid="1562" timestamp="2022-02-08T17:22:23.015" />
<allocation-satisfied id="1569" threadId="0000000000016F00" bytesRequested="24" />
<af-end id="1570" timestamp="2022-02-08T17:22:23.016" threadId="0000000000017908" success="true" from="nursery"/>
<exclusive-end id="1571" timestamp="2022-02-08T17:22:23.016" durationms="76.070" />

<concurrent-end id="1572" type="global mark" contextid="1557" timestamp="2022-02-08T17:22:23.144">
<gc-op id="1573" type="trace" timems="338.048" contextid="1557" timestamp="2022-02-08T17:22:23.144">
  <trace bytesTraced="74429752" workStackOverflowCount="0" />
  <card-cleaning reason="card cleaning threshold reached" bytesTraced="1000" cardsCleaned="2" />
</gc-op>
</concurrent-end>

<exclusive-start id="1574" timestamp="2022-02-08T17:22:23.144" intervalms="204.582">
  <response-info timems="0.018" idlems="0.018" threads="0" lastid="0000000000016F00" lastname="main" />
</exclusive-start>
<concurrent-global-final id="1575" timestamp="2022-02-08T17:22:23.144" contextid="1557" intervalms="2858.284" >
  <concurrent-trace-info reason="card cleaning threshold reached" tracedByMutators="48925236" tracedByHelpers="25505516" cardsCleaned="2" workStackOverflowCount="0" />
</concurrent-global-final>
<gc-start id="1576" type="global" contextid="1557" timestamp="2022-02-08T17:22:23.144">
  <mem-info id="1577" free="170598224" total="1073741824" percent="15">
    <mem type="nursery" free="101002736" total="268435456" percent="37">
      <mem type="allocate" free="101002736" total="183894016" percent="54" />
      <mem type="survivor" free="0" total="84541440" percent="0" />
    </mem>
    <mem type="tenure" free="69595488" total="805306368" percent="8">
      <mem type="soa" free="61541728" total="797252608" percent="7" />
      <mem type="loa" free="8053760" total="8053760" percent="100" />
    </mem>
    <remembered-set count="105" />
  </mem-info>
</gc-start>
<allocation-stats totalBytes="6915984" >
  <allocated-bytes non-tlh="24" tlh="6915960" />
  <largest-consumer threadName="main" threadId="0000000000016F00" bytes="6911888" />
</allocation-stats>
<gc-op id="1578" type="rs-scan" timems="0.997" contextid="1557" timestamp="2022-02-08T17:22:23.145">
  <scan objectsFound="29" bytesTraced="5332" workStackOverflowCount="0" />
</gc-op>
<gc-op id="1579" type="card-cleaning" timems="143.082" contextid="1557" timestamp="2022-02-08T17:22:23.288">
  <card-cleaning cardsCleaned="9" bytesTraced="71010776" workStackOverflowCount="0" />
</gc-op>
<gc-op id="1580" type="mark" timems="39.134" contextid="1557" timestamp="2022-02-08T17:22:23.327">
  <trace-info objectcount="1504826" scancount="1130146" scanbytes="24177512" />
  <finalization candidates="428" enqueued="57" />
  <ownableSynchronizers candidates="1" cleared="0" />
  <references type="soft" candidates="894" cleared="0" enqueued="0" dynamicThreshold="11" maxThreshold="32" />
  <references type="weak" candidates="1701" cleared="0" enqueued="0" />
  <references type="phantom" candidates="52" cleared="2" enqueued="2" />
  <stringconstants candidates="6470" cleared="0"  />
  <object-monitors candidates="2" cleared="0"  />
</gc-op>
<gc-op id="1581" type="sweep" timems="5.100" contextid="1557" timestamp="2022-02-08T17:22:23.333" />
<gc-end id="1582" type="global" contextid="1557" durationms="188.509" usertimems="203.935" systemtimems="0.000" stalltimems="118.114" timestamp="2022-02-08T17:22:23.333" activeThreads="4">
  <mem-info id="1583" free="413958248" total="1073741824" percent="38">
    <mem type="nursery" free="101407168" total="268435456" percent="37">
      <mem type="allocate" free="101407168" total="183894016" percent="55" />
      <mem type="survivor" free="0" total="84541440" percent="0" />
    </mem>
    <mem type="tenure" free="312551080" total="805306368" percent="38" micro-fragmented="358641" macro-fragmented="0">
      <mem type="soa" free="304497320" total="797252608" percent="38" />
      <mem type="loa" free="8053760" total="8053760" percent="100" />
    </mem>
    <pending-finalizers system="57" default="0" reference="2" classloader="0" />
    <remembered-set count="105" />
  </mem-info>
</gc-end>
<cycle-end id="1584" type="global" contextid="1557" timestamp="2022-02-08T17:22:23.333" />
<exclusive-end id="1585" timestamp="2022-02-08T17:22:23.333" durationms="188.701" />

<exclusive-start id="1586" timestamp="2022-02-08T17:22:23.968" intervalms="823.654">
  <response-info timems="0.019" idlems="0.019" threads="0" lastid="0000000000016F00" lastname="main" />
</exclusive-start>
<af-start id="1587" threadId="0000000000017908" totalBytesRequested="24" timestamp="2022-02-08T17:22:23.968" intervalms="1028.223" type="nursery" />
<cycle-start id="1588" type="scavenge" contextid="0" timestamp="2022-02-08T17:22:23.968" intervalms="1028.211" />
<gc-start id="1589" type="scavenge" contextid="1588" timestamp="2022-02-08T17:22:23.968">
  <mem-info id="1590" free="312551080" total="1073741824" percent="29">
    <mem type="nursery" free="0" total="268435456" percent="0">
      <mem type="allocate" free="0" total="183894016" percent="0" />
      <mem type="survivor" free="0" total="84541440" percent="0" />
    </mem>
    <mem type="tenure" free="312551080" total="805306368" percent="38">
      <mem type="soa" free="304497320" total="797252608" percent="38" />
      <mem type="loa" free="8053760" total="8053760" percent="100" />
    </mem>
    <remembered-set count="108" />
  </mem-info>
</gc-start>
<allocation-stats totalBytes="101362456" >
  <allocated-bytes non-tlh="0" tlh="101362456" />
  <largest-consumer threadName="main" threadId="0000000000016F00" bytes="101358360" />
</allocation-stats>
<gc-op id="1591" type="scavenge" timems="74.847" contextid="1588" timestamp="2022-02-08T17:22:24.043">
  <scavenger-info tenureage="1" tenuremask="7ffe" tiltratio="68" />
  <memory-copied type="nursery" objects="1403754" bytes="77061520" bytesdiscarded="117872" />
  <memory-copied type="tenure" objects="1331167" bytes="75664776" bytesdiscarded="41840" />
  <finalization candidates="24" enqueued="0" />
  <ownableSynchronizers candidates="2" cleared="2" />
  <object-monitors candidates="2" cleared="0"  />
</gc-op>
<gc-end id="1592" type="scavenge" contextid="1588" durationms="75.083" usertimems="296.908" systemtimems="0.000" stalltimems="1.782" timestamp="2022-02-08T17:22:24.043" activeThreads="4">
  <mem-info id="1593" free="343328504" total="1073741824" percent="31">
    <mem type="nursery" free="106649088" total="268435456" percent="39">
      <mem type="allocate" free="106649088" total="183828480" percent="58" />
      <mem type="survivor" free="0" total="84606976" percent="0" />
    </mem>
    <mem type="tenure" free="236679416" total="805306368" percent="29" macro-fragmented="0">
      <mem type="soa" free="228625656" total="797252608" percent="28" />
      <mem type="loa" free="8053760" total="8053760" percent="100" />
    </mem>
    <remembered-set count="104" />
  </mem-info>
</gc-end>
<cycle-end id="1594" type="scavenge" contextid="1588" timestamp="2022-02-08T17:22:24.043" />
<allocation-satisfied id="1595" threadId="0000000000016F00" bytesRequested="24" />
<af-end id="1596" timestamp="2022-02-08T17:22:24.043" threadId="0000000000017908" success="true" from="nursery"/>
<exclusive-end id="1597" timestamp="2022-02-08T17:22:24.043" durationms="75.401" />

<exclusive-start id="1598" timestamp="2022-02-08T17:22:24.693" intervalms="725.455">
  <response-info timems="0.018" idlems="0.018" threads="0" lastid="0000000000016F00" lastname="main" />
</exclusive-start>
<af-start id="1599" threadId="0000000000017908" totalBytesRequested="224" timestamp="2022-02-08T17:22:24.693" intervalms="725.449" type="nursery" />
<cycle-start id="1600" type="scavenge" contextid="0" timestamp="2022-02-08T17:22:24.693" intervalms="725.447" />
<gc-start id="1601" type="scavenge" contextid="1600" timestamp="2022-02-08T17:22:24.693">
  <mem-info id="1602" free="236679416" total="1073741824" percent="22">
    <mem type="nursery" free="0" total="268435456" percent="0">
      <mem type="allocate" free="0" total="183828480" percent="0" />
      <mem type="survivor" free="0" total="84606976" percent="0" />
    </mem>
    <mem type="tenure" free="236679416" total="805306368" percent="29">
      <mem type="soa" free="228625656" total="797252608" percent="28" />
      <mem type="loa" free="8053760" total="8053760" percent="100" />
    </mem>
    <remembered-set count="104" />
  </mem-info>
</gc-start>
<allocation-stats totalBytes="106599728" >
  <allocated-bytes non-tlh="24" tlh="106599704" />
  <largest-consumer threadName="main" threadId="0000000000016F00" bytes="106599728" />
</allocation-stats>
<gc-op id="1603" type="scavenge" timems="75.767" contextid="1600" timestamp="2022-02-08T17:22:24.769">
  <scavenger-info tenureage="1" tenuremask="7ffe" tiltratio="68" />
  <memory-copied type="nursery" objects="1323707" bytes="75770736" bytesdiscarded="160008" />
  <memory-copied type="tenure" objects="1403754" bytes="77061520" bytesdiscarded="37136" />
  <object-monitors candidates="2" cleared="0"  />
</gc-op>
<gc-end id="1604" type="scavenge" contextid="1600" durationms="75.986" usertimems="292.824" systemtimems="3.676" stalltimems="1.961" timestamp="2022-02-08T17:22:24.769" activeThreads="4">
  <mem-info id="1605" free="267730608" total="1073741824" percent="24">
    <mem type="nursery" free="108159880" total="268435456" percent="40">
      <mem type="allocate" free="108159880" total="184090624" percent="58" />
      <mem type="survivor" free="0" total="84344832" percent="0" />
    </mem>
    <mem type="tenure" free="159570728" total="805306368" percent="19" macro-fragmented="0">
      <mem type="soa" free="151516968" total="797252608" percent="19" />
      <mem type="loa" free="8053760" total="8053760" percent="100" />
    </mem>
    <remembered-set count="104" />
  </mem-info>
</gc-end>
<cycle-end id="1606" type="scavenge" contextid="1600" timestamp="2022-02-08T17:22:24.770" />
<allocation-satisfied id="1607" threadId="0000000000016F00" bytesRequested="224" />
<af-end id="1608" timestamp="2022-02-08T17:22:24.770" threadId="0000000000017908" success="true" from="nursery"/>
<exclusive-end id="1609" timestamp="2022-02-08T17:22:24.770" durationms="76.359" />

<concurrent-kickoff id="1610" timestamp="2022-02-08T17:22:25.610">
  <kickoff reason="threshold reached" targetBytes="75013420" thresholdFreeBytes="5855647"  remainingFree="5792648" tenureFreeBytes="159570728" nurseryFreeBytes="5792648" />
</concurrent-kickoff>
<exclusive-start id="1611" timestamp="2022-02-08T17:22:25.613" intervalms="919.306">
  <response-info timems="0.018" idlems="0.018" threads="0" lastid="0000000000016F00" lastname="main" />
</exclusive-start>
<cycle-start id="1612" type="global" contextid="0" timestamp="2022-02-08T17:22:25.613" intervalms="2806.541" />
<concurrent-start id="1613" type="global mark" contextid="1612" timestamp="2022-02-08T17:22:25.613">
</concurrent-start>
<exclusive-end id="1614" timestamp="2022-02-08T17:22:25.613" durationms="0.036" />

<exclusive-start id="1615" timestamp="2022-02-08T17:22:25.737" intervalms="124.669">
  <response-info timems="0.038" idlems="0.038" threads="0" lastid="0000000000016F00" lastname="main" />
</exclusive-start>
<af-start id="1616" threadId="0000000000017908" totalBytesRequested="64" timestamp="2022-02-08T17:22:25.737" intervalms="1043.983" type="nursery" />
<cycle-start id="1617" type="scavenge" contextid="0" timestamp="2022-02-08T17:22:25.737" intervalms="1043.982" />
<gc-start id="1618" type="scavenge" contextid="1617" timestamp="2022-02-08T17:22:25.737">
  <mem-info id="1619" free="159570728" total="1073741824" percent="14">
    <mem type="nursery" free="0" total="268435456" percent="0">
      <mem type="allocate" free="0" total="184090624" percent="0" />
      <mem type="survivor" free="0" total="84344832" percent="0" />
    </mem>
    <mem type="tenure" free="159570728" total="805306368" percent="19">
      <mem type="soa" free="151516968" total="797252608" percent="19" />
      <mem type="loa" free="8053760" total="8053760" percent="100" />
    </mem>
    <remembered-set count="135" />
  </mem-info>
</gc-start>
<allocation-stats totalBytes="108113016" >
  <allocated-bytes non-tlh="3009048" tlh="105103968" />
  <largest-consumer threadName="main" threadId="0000000000016F00" bytes="108113016" />
</allocation-stats>
<gc-op id="1620" type="scavenge" timems="75.743" contextid="1617" timestamp="2022-02-08T17:22:25.813">
  <scavenger-info tenureage="1" tenuremask="7ffe" tiltratio="68" />
  <memory-copied type="nursery" objects="1458313" bytes="76041312" bytesdiscarded="205344" />
  <memory-copied type="tenure" objects="1323706" bytes="75770616" bytesdiscarded="41128" />
  <finalization candidates="110" enqueued="53" />
  <references type="soft" candidates="14" cleared="0" enqueued="0" dynamicThreshold="12" maxThreshold="32" />
  <references type="weak" candidates="1" cleared="0" enqueued="0" />
  <references type="phantom" candidates="95" cleared="7" enqueued="7" />
  <object-monitors candidates="2" cleared="0"  />
</gc-op>
<gc-end id="1621" type="scavenge" contextid="1617" durationms="75.968" usertimems="293.801" systemtimems="0.000" stalltimems="4.371" timestamp="2022-02-08T17:22:25.813" activeThreads="4">
  <mem-info id="1622" free="191877888" total="1073741824" percent="17">
    <mem type="nursery" free="108237056" total="268435456" percent="40">
      <mem type="allocate" free="108237056" total="184483840" percent="58" />
      <mem type="survivor" free="0" total="83951616" percent="0" />
    </mem>
    <mem type="tenure" free="83640832" total="805306368" percent="10" macro-fragmented="0">
      <mem type="soa" free="75587072" total="797252608" percent="9" />
      <mem type="loa" free="8053760" total="8053760" percent="100" />
    </mem>
    <pending-finalizers system="52" default="1" reference="7" classloader="0" />
    <remembered-set count="130" />
  </mem-info>
</gc-end>
<cycle-end id="1623" type="scavenge" contextid="1617" timestamp="2022-02-08T17:22:25.813" />
<allocation-satisfied id="1624" threadId="0000000000016F00" bytesRequested="64" />
<af-end id="1625" timestamp="2022-02-08T17:22:25.813" threadId="0000000000017908" success="true" from="nursery"/>
<exclusive-end id="1626" timestamp="2022-02-08T17:22:25.813" durationms="76.280" />

<concurrent-end id="1627" type="global mark" contextid="1612" timestamp="2022-02-08T17:22:25.925">
<gc-op id="1628" type="trace" timems="312.759" contextid="1612" timestamp="2022-02-08T17:22:25.925">
  <trace bytesTraced="74429944" workStackOverflowCount="0" />
  <card-cleaning reason="card cleaning threshold reached" bytesTraced="1000" cardsCleaned="2" />
</gc-op>
</concurrent-end>

<exclusive-start id="1629" timestamp="2022-02-08T17:22:25.925" intervalms="188.183">
  <response-info timems="0.032" idlems="0.032" threads="0" lastid="0000000000016F00" lastname="main" />
</exclusive-start>
<concurrent-global-final id="1630" timestamp="2022-02-08T17:22:25.925" contextid="1612" intervalms="2781.277" >
  <concurrent-trace-info reason="card cleaning threshold reached" tracedByMutators="55997180" tracedByHelpers="18433764" cardsCleaned="2" workStackOverflowCount="0" />
</concurrent-global-final>
<gc-start id="1631" type="global" contextid="1612" timestamp="2022-02-08T17:22:25.925">
  <mem-info id="1632" free="183907008" total="1073741824" percent="17">
    <mem type="nursery" free="100266176" total="268435456" percent="37">
      <mem type="allocate" free="100266176" total="184483840" percent="54" />
      <mem type="survivor" free="0" total="83951616" percent="0" />
    </mem>
    <mem type="tenure" free="83640832" total="805306368" percent="10">
      <mem type="soa" free="75587072" total="797252608" percent="9" />
      <mem type="loa" free="8053760" total="8053760" percent="100" />
    </mem>
    <remembered-set count="131" />
  </mem-info>
</gc-start>
<allocation-stats totalBytes="7966528" >
  <allocated-bytes non-tlh="64" tlh="7966464" />
  <largest-consumer threadName="main" threadId="0000000000016F00" bytes="7958336" />
</allocation-stats>
<gc-op id="1633" type="rs-scan" timems="125.812" contextid="1612" timestamp="2022-02-08T17:22:26.051">
  <scan objectsFound="3324743" bytesTraced="71013116" workStackOverflowCount="0" />
</gc-op>
<gc-op id="1634" type="card-cleaning" timems="0.277" contextid="1612" timestamp="2022-02-08T17:22:26.052">
  <card-cleaning cardsCleaned="4" bytesTraced="1920" workStackOverflowCount="0" />
</gc-op>
<gc-op id="1635" type="mark" timems="31.259" contextid="1612" timestamp="2022-02-08T17:22:26.083">
  <trace-info objectcount="1234417" scancount="927339" scanbytes="19850952" />
  <finalization candidates="428" enqueued="57" />
  <ownableSynchronizers candidates="1" cleared="0" />
  <references type="soft" candidates="894" cleared="0" enqueued="0" dynamicThreshold="12" maxThreshold="32" />
  <references type="weak" candidates="1701" cleared="0" enqueued="0" />
  <references type="phantom" candidates="52" cleared="2" enqueued="2" />
  <stringconstants candidates="6470" cleared="0"  />
  <object-monitors candidates="2" cleared="0"  />
</gc-op>
<gc-op id="1636" type="sweep" timems="4.773" contextid="1612" timestamp="2022-02-08T17:22:26.088" />
<gc-end id="1637" type="global" contextid="1612" durationms="162.318" usertimems="177.217" systemtimems="0.000" stalltimems="93.885" timestamp="2022-02-08T17:22:26.088" activeThreads="4">
  <mem-info id="1638" free="427708968" total="1073741824" percent="39">
    <mem type="nursery" free="101042072" total="268435456" percent="37">
      <mem type="allocate" free="101042072" total="184483840" percent="54" />
      <mem type="survivor" free="0" total="83951616" percent="0" />
    </mem>
    <mem type="tenure" free="326666896" total="805306368" percent="40" micro-fragmented="318007" macro-fragmented="0">
      <mem type="soa" free="318613136" total="797252608" percent="39" />
      <mem type="loa" free="8053760" total="8053760" percent="100" />
    </mem>
    <pending-finalizers system="57" default="0" reference="2" classloader="0" />
    <remembered-set count="113" />
  </mem-info>
</gc-end>
<cycle-end id="1639" type="global" contextid="1612" timestamp="2022-02-08T17:22:26.088" />
<exclusive-end id="1640" timestamp="2022-02-08T17:22:26.088" durationms="162.521" />

<exclusive-start id="1641" timestamp="2022-02-08T17:22:26.773" intervalms="847.968">
  <response-info timems="0.019" idlems="0.019" threads="0" lastid="0000000000016F00" lastname="main" />
</exclusive-start>
<af-start id="1642" threadId="0000000000017908" totalBytesRequested="184" timestamp="2022-02-08T17:22:26.773" intervalms="1036.140" type="nursery" />
<cycle-start id="1643" type="scavenge" contextid="0" timestamp="2022-02-08T17:22:26.773" intervalms="1036.174" />
<gc-start id="1644" type="scavenge" contextid="1643" timestamp="2022-02-08T17:22:26.773">
  <mem-info id="1645" free="326666896" total="1073741824" percent="30">
    <mem type="nursery" free="0" total="268435456" percent="0">
      <mem type="allocate" free="0" total="184483840" percent="0" />
      <mem type="survivor" free="0" total="83951616" percent="0" />
    </mem>
    <mem type="tenure" free="326666896" total="805306368" percent="40">
      <mem type="soa" free="318613136" total="797252608" percent="39" />
      <mem type="loa" free="8053760" total="8053760" percent="100" />
    </mem>
    <remembered-set count="114" />
  </mem-info>
</gc-start>
<allocation-stats totalBytes="100993416" >
  <allocated-bytes non-tlh="0" tlh="100993416" />
  <largest-consumer threadName="main" threadId="0000000000016F00" bytes="100984168" />
</allocation-stats>
<gc-op id="1646" type="scavenge" timems="77.144" contextid="1643" timestamp="2022-02-08T17:22:26.851">
  <scavenger-info tenureage="1" tenuremask="7ffe" tiltratio="68" />
  <memory-copied type="nursery" objects="1406819" bytes="77520544" bytesdiscarded="238128" />
  <memory-copied type="tenure" objects="1457597" bytes="75573336" bytesdiscarded="42808" />
  <finalization candidates="57" enqueued="0" />
  <ownableSynchronizers candidates="2" cleared="2" />
  <object-monitors candidates="2" cleared="0"  />
</gc-op>
<gc-end id="1647" type="scavenge" contextid="1643" durationms="77.365" usertimems="305.655" systemtimems="0.000" stalltimems="1.676" timestamp="2022-02-08T17:22:26.851" activeThreads="4">
  <mem-info id="1648" free="356530712" total="1073741824" percent="33">
    <mem type="nursery" free="105611056" total="268435456" percent="39">
      <mem type="allocate" free="105611056" total="183369728" percent="57" />
      <mem type="survivor" free="0" total="85065728" percent="0" />
    </mem>
    <mem type="tenure" free="250919656" total="805306368" percent="31" macro-fragmented="0">
      <mem type="soa" free="242865896" total="797252608" percent="30" />
      <mem type="loa" free="8053760" total="8053760" percent="100" />
    </mem>
    <remembered-set count="104" />
  </mem-info>
</gc-end>
<cycle-end id="1649" type="scavenge" contextid="1643" timestamp="2022-02-08T17:22:26.851" />
<allocation-satisfied id="1650" threadId="0000000000016F00" bytesRequested="184" />
<af-end id="1651" timestamp="2022-02-08T17:22:26.851" threadId="0000000000017908" success="true" from="nursery"/>
<exclusive-end id="1652" timestamp="2022-02-08T17:22:26.851" durationms="77.692" />

<exclusive-start id="1653" timestamp="2022-02-08T17:22:27.514" intervalms="740.689">
  <response-info timems="0.018" idlems="0.018" threads="0" lastid="0000000000016F00" lastname="main" />
</exclusive-start>
<af-start id="1654" threadId="0000000000017908" totalBytesRequested="200" timestamp="2022-02-08T17:22:27.514" intervalms="740.689" type="nursery" />
<cycle-start id="1655" type="scavenge" contextid="0" timestamp="2022-02-08T17:22:27.514" intervalms="740.656" />
<gc-start id="1656" type="scavenge" contextid="1655" timestamp="2022-02-08T17:22:27.514">
  <mem-info id="1657" free="250919656" total="1073741824" percent="23">
    <mem type="nursery" free="0" total="268435456" percent="0">
      <mem type="allocate" free="0" total="183369728" percent="0" />
      <mem type="survivor" free="0" total="85065728" percent="0" />
    </mem>
    <mem type="tenure" free="250919656" total="805306368" percent="31">
      <mem type="soa" free="242865896" total="797252608" percent="30" />
      <mem type="loa" free="8053760" total="8053760" percent="100" />
    </mem>
    <remembered-set count="104" />
  </mem-info>
</gc-start>
<allocation-stats totalBytes="105562408" >
  <allocated-bytes non-tlh="184" tlh="105562224" />
  <largest-consumer threadName="main" threadId="0000000000016F00" bytes="105562408" />
</allocation-stats>
<gc-op id="1658" type="scavenge" timems="74.537" contextid="1655" timestamp="2022-02-08T17:22:27.589">
  <scavenger-info tenureage="1" tenuremask="7ffe" tiltratio="68" />
  <memory-copied type="nursery" objects="1318509" bytes="75051664" bytesdiscarded="182576" />
  <memory-copied type="tenure" objects="1406818" bytes="77520440" bytesdiscarded="43616" />
  <object-monitors candidates="2" cleared="0"  />
</gc-op>
<gc-end id="1659" type="scavenge" contextid="1655" durationms="74.821" usertimems="294.244" systemtimems="0.461" stalltimems="2.733" timestamp="2022-02-08T17:22:27.589" activeThreads="4">
  <mem-info id="1660" free="281583016" total="1073741824" percent="26">
    <mem type="nursery" free="108397632" total="268435456" percent="40">
      <mem type="allocate" free="108397632" total="183631872" percent="59" />
      <mem type="survivor" free="0" total="84803584" percent="0" />
    </mem>
    <mem type="tenure" free="173185384" total="805306368" percent="21" macro-fragmented="0">
      <mem type="soa" free="165131624" total="797252608" percent="20" />
      <mem type="loa" free="8053760" total="8053760" percent="100" />
    </mem>
    <remembered-set count="104" />
  </mem-info>
</gc-end>
<cycle-end id="1661" type="scavenge" contextid="1655" timestamp="2022-02-08T17:22:27.589" />
<allocation-satisfied id="1662" threadId="0000000000016F00" bytesRequested="200" />
<af-end id="1663" timestamp="2022-02-08T17:22:27.589" threadId="0000000000017908" success="true" from="nursery"/>
<exclusive-end id="1664" timestamp="2022-02-08T17:22:27.589" durationms="75.064" />

<exclusive-start id="1665" timestamp="2022-02-08T17:22:28.485" intervalms="971.007">
  <response-info timems="0.018" idlems="0.018" threads="0" lastid="0000000000016F00" lastname="main" />
</exclusive-start>
<af-start id="1666" threadId="0000000000017908" totalBytesRequested="64" timestamp="2022-02-08T17:22:28.485" intervalms="971.008" type="nursery" />
<cycle-start id="1667" type="scavenge" contextid="0" timestamp="2022-02-08T17:22:28.485" intervalms="971.007" />
<gc-start id="1668" type="scavenge" contextid="1667" timestamp="2022-02-08T17:22:28.485">
  <mem-info id="1669" free="173185384" total="1073741824" percent="16">
    <mem type="nursery" free="0" total="268435456" percent="0">
      <mem type="allocate" free="0" total="183631872" percent="0" />
      <mem type="survivor" free="0" total="84803584" percent="0" />
    </mem>
    <mem type="tenure" free="173185384" total="805306368" percent="21">
      <mem type="soa" free="165131624" total="797252608" percent="20" />
      <mem type="loa" free="8053760" total="8053760" percent="100" />
    </mem>
    <remembered-set count="134" />
  </mem-info>
</gc-start>
<allocation-stats totalBytes="108350688" >
  <allocated-bytes non-tlh="2841648" tlh="105509040" />
  <largest-consumer threadName="main" threadId="0000000000016F00" bytes="108350688" />
</allocation-stats>
<gc-op id="1670" type="scavenge" timems="76.278" contextid="1667" timestamp="2022-02-08T17:22:28.561">
  <scavenger-info tenureage="1" tenuremask="7ffe" tiltratio="68" />
  <memory-copied type="nursery" objects="1445127" bytes="76144656" bytesdiscarded="124320" />
  <memory-copied type="tenure" objects="1318508" bytes="75051552" bytesdiscarded="36272" />
  <finalization candidates="110" enqueued="53" />
  <references type="soft" candidates="14" cleared="0" enqueued="0" dynamicThreshold="12" maxThreshold="32" />
  <references type="weak" candidates="1" cleared="0" enqueued="0" />
  <references type="phantom" candidates="95" cleared="7" enqueued="7" />
  <object-monitors candidates="2" cleared="0"  />
</gc-op>
<gc-end id="1671" type="scavenge" contextid="1667" durationms="76.497" usertimems="293.426" systemtimems="3.759" stalltimems="3.342" timestamp="2022-02-08T17:22:28.562" activeThreads="4">
  <mem-info id="1672" free="205716224" total="1073741824" percent="19">
    <mem type="nursery" free="107624912" total="268435456" percent="40">
      <mem type="allocate" free="107624912" total="183894016" percent="58" />
      <mem type="survivor" free="0" total="84541440" percent="0" />
    </mem>
    <mem type="tenure" free="98091312" total="805306368" percent="12" macro-fragmented="69015248">
      <mem type="soa" free="90037552" total="797252608" percent="11" />
      <mem type="loa" free="8053760" total="8053760" percent="100" />
    </mem>
    <pending-finalizers system="52" default="1" reference="7" classloader="0" />
    <remembered-set count="129" />
  </mem-info>
</gc-end>
<cycle-end id="1673" type="scavenge" contextid="1667" timestamp="2022-02-08T17:22:28.562" />
<allocation-satisfied id="1674" threadId="0000000000016F00" bytesRequested="64" />
<af-end id="1675" timestamp="2022-02-08T17:22:28.562" threadId="0000000000017908" success="true" from="nursery"/>
<exclusive-end id="1676" timestamp="2022-02-08T17:22:28.562" durationms="76.794" />

<concurrent-kickoff id="1677" timestamp="2022-02-08T17:22:29.255">
  <kickoff reason="threshold reached" targetBytes="74896796" thresholdFreeBytes="5834012"  remainingFree="5781968" tenureFreeBytes="98091312" nurseryFreeBytes="5781968" />
</concurrent-kickoff>
<exclusive-start id="1678" timestamp="2022-02-08T17:22:29.258" intervalms="773.269">
  <response-info timems="0.018" idlems="0.018" threads="0" lastid="0000000000016F00" lastname="main" />
</exclusive-start>
<cycle-start id="1679" type="global" contextid="0" timestamp="2022-02-08T17:22:29.258" intervalms="3645.777" />
<concurrent-start id="1680" type="global mark" contextid="1679" timestamp="2022-02-08T17:22:29.258">
</concurrent-start>
<exclusive-end id="1681" timestamp="2022-02-08T17:22:29.258" durationms="0.028" />

<exclusive-start id="1682" timestamp="2022-02-08T17:22:29.393" intervalms="134.855">
  <response-info timems="0.038" idlems="0.038" threads="0" lastid="0000000000016F00" lastname="main" />
</exclusive-start>
<af-start id="1683" threadId="0000000000017908" totalBytesRequested="184" timestamp="2022-02-08T17:22:29.393" intervalms="908.133" type="nursery" />
<cycle-start id="1684" type="scavenge" contextid="0" timestamp="2022-02-08T17:22:29.393" intervalms="908.133" />
<gc-start id="1685" type="scavenge" contextid="1684" timestamp="2022-02-08T17:22:29.393">
  <mem-info id="1686" free="98091312" total="1073741824" percent="9">
    <mem type="nursery" free="0" total="268435456" percent="0">
      <mem type="allocate" free="0" total="183894016" percent="0" />
      <mem type="survivor" free="0" total="84541440" percent="0" />
    </mem>
    <mem type="tenure" free="98091312" total="805306368" percent="12">
      <mem type="soa" free="90037552" total="797252608" percent="11" />
      <mem type="loa" free="8053760" total="8053760" percent="100" />
    </mem>
    <remembered-set count="130" />
  </mem-info>
</gc-start>
<allocation-stats totalBytes="107575032" >
  <allocated-bytes non-tlh="64" tlh="107574968" />
  <largest-consumer threadName="main" threadId="0000000000016F00" bytes="107566840" />
</allocation-stats>
<gc-op id="1687" type="scavenge" timems="76.446" contextid="1684" timestamp="2022-02-08T17:22:29.470">
  <scavenger-info tenureage="1" tenuremask="7ffe" tiltratio="68" />
  <memory-copied type="nursery" objects="1394893" bytes="76670992" bytesdiscarded="103736" />
  <memory-copied type="tenure" objects="1444416" bytes="75676800" bytesdiscarded="37384" />
  <finalization candidates="57" enqueued="0" />
  <object-monitors candidates="2" cleared="0"  />
</gc-op>
<gc-end id="1688" type="scavenge" contextid="1684" durationms="76.696" usertimems="302.304" systemtimems="0.000" stalltimems="2.609" timestamp="2022-02-08T17:22:29.470" activeThreads="4">
  <mem-info id="1689" free="129928872" total="1073741824" percent="12">
    <mem type="nursery" free="107381432" total="268435456" percent="40">
      <mem type="allocate" free="107381432" total="184156160" percent="58" />
      <mem type="survivor" free="0" total="84279296" percent="0" />
    </mem>
    <mem type="tenure" free="22547440" total="805306368" percent="2" macro-fragmented="11146344">
      <mem type="soa" free="14493680" total="797252608" percent="1" />
      <mem type="loa" free="8053760" total="8053760" percent="100" />
    </mem>
    <remembered-set count="103" />
  </mem-info>
</gc-end>
<cycle-end id="1690" type="scavenge" contextid="1684" timestamp="2022-02-08T17:22:29.470" />
<allocation-satisfied id="1691" threadId="0000000000016F00" bytesRequested="184" />
<af-end id="1692" timestamp="2022-02-08T17:22:29.470" threadId="0000000000017908" success="true" from="nursery"/>
<exclusive-end id="1693" timestamp="2022-02-08T17:22:29.470" durationms="77.031" />

<concurrent-end id="1694" type="global mark" contextid="1679" timestamp="2022-02-08T17:22:29.588">
<gc-op id="1695" type="trace" timems="329.579" contextid="1679" timestamp="2022-02-08T17:22:29.588">
  <trace bytesTraced="74430104" workStackOverflowCount="0" />
  <card-cleaning reason="card cleaning threshold reached" bytesTraced="1000" cardsCleaned="2" />
</gc-op>
</concurrent-end>

<exclusive-start id="1696" timestamp="2022-02-08T17:22:29.588" intervalms="194.792">
  <response-info timems="0.017" idlems="0.017" threads="0" lastid="0000000000016F00" lastname="main" />
</exclusive-start>
<concurrent-global-final id="1697" timestamp="2022-02-08T17:22:29.588" contextid="1679" intervalms="3662.619" >
  <concurrent-trace-info reason="card cleaning threshold reached" tracedByMutators="57022184" tracedByHelpers="17408920" cardsCleaned="2" workStackOverflowCount="0" />
</concurrent-global-final>
<gc-start id="1698" type="global" contextid="1679" timestamp="2022-02-08T17:22:29.588">
  <mem-info id="1699" free="122883568" total="1073741824" percent="11">
    <mem type="nursery" free="100336128" total="268435456" percent="37">
      <mem type="allocate" free="100336128" total="184156160" percent="54" />
      <mem type="survivor" free="0" total="84279296" percent="0" />
    </mem>
    <mem type="tenure" free="22547440" total="805306368" percent="2">
      <mem type="soa" free="14493680" total="797252608" percent="1" />
      <mem type="loa" free="8053760" total="8053760" percent="100" />
    </mem>
    <remembered-set count="103" />
  </mem-info>
</gc-start>
<allocation-stats totalBytes="7041680" >
  <allocated-bytes non-tlh="184" tlh="7041496" />
  <largest-consumer threadName="main" threadId="0000000000016F00" bytes="7041680" />
</allocation-stats>
<gc-op id="1700" type="rs-scan" timems="0.611" contextid="1679" timestamp="2022-02-08T17:22:29.589">
  <scan objectsFound="0" bytesTraced="3836" workStackOverflowCount="0" />
</gc-op>
<gc-op id="1701" type="card-cleaning" timems="149.495" contextid="1679" timestamp="2022-02-08T17:22:29.738">
  <card-cleaning cardsCleaned="10" bytesTraced="71012224" workStackOverflowCount="0" />
</gc-op>
<gc-op id="1702" type="mark" timems="63.466" contextid="1679" timestamp="2022-02-08T17:22:29.802">
  <trace-info objectcount="2354716" scancount="1767564" scanbytes="37775768" />
  <finalization candidates="428" enqueued="57" />
  <ownableSynchronizers candidates="1" cleared="0" />
  <references type="soft" candidates="894" cleared="0" enqueued="0" dynamicThreshold="12" maxThreshold="32" />
  <references type="weak" candidates="1701" cleared="0" enqueued="0" />
  <references type="phantom" candidates="52" cleared="2" enqueued="2" />
  <stringconstants candidates="6470" cleared="0"  />
  <object-monitors candidates="2" cleared="0"  />
</gc-op>
<gc-op id="1703" type="sweep" timems="5.049" contextid="1679" timestamp="2022-02-08T17:22:29.807" />
<gc-end id="1704" type="global" contextid="1679" durationms="218.815" usertimems="234.747" systemtimems="0.000" stalltimems="189.589" timestamp="2022-02-08T17:22:29.807" activeThreads="4">
  <mem-info id="1705" free="365942120" total="1073741824" percent="34">
    <mem type="nursery" free="100532040" total="268435456" percent="37">
      <mem type="allocate" free="100532040" total="184156160" percent="54" />
      <mem type="survivor" free="0" total="84279296" percent="0" />
    </mem>
    <mem type="tenure" free="265410080" total="805306368" percent="32" micro-fragmented="280589" macro-fragmented="0">
      <mem type="soa" free="257356320" total="797252608" percent="32" />
      <mem type="loa" free="8053760" total="8053760" percent="100" />
    </mem>
    <pending-finalizers system="57" default="0" reference="2" classloader="0" />
    <remembered-set count="103" />
  </mem-info>
</gc-end>
<cycle-end id="1706" type="global" contextid="1679" timestamp="2022-02-08T17:22:29.807" />
<exclusive-end id="1707" timestamp="2022-02-08T17:22:29.807" durationms="219.095" />

<exclusive-start id="1708" timestamp="2022-02-08T17:22:30.487" intervalms="899.514">
  <response-info timems="0.017" idlems="0.017" threads="0" lastid="0000000000016F00" lastname="main" />
</exclusive-start>
<af-start id="1709" threadId="0000000000017908" totalBytesRequested="40" timestamp="2022-02-08T17:22:30.488" intervalms="1094.304" type="nursery" />
<cycle-start id="1710" type="scavenge" contextid="0" timestamp="2022-02-08T17:22:30.488" intervalms="1094.329" />
<gc-start id="1711" type="scavenge" contextid="1710" timestamp="2022-02-08T17:22:30.488">
  <mem-info id="1712" free="265410080" total="1073741824" percent="24">
    <mem type="nursery" free="0" total="268435456" percent="0">
      <mem type="allocate" free="0" total="184156160" percent="0" />
      <mem type="survivor" free="0" total="84279296" percent="0" />
    </mem>
    <mem type="tenure" free="265410080" total="805306368" percent="32">
      <mem type="soa" free="257356320" total="797252608" percent="32" />
      <mem type="loa" free="8053760" total="8053760" percent="100" />
    </mem>
    <remembered-set count="106" />
  </mem-info>
</gc-start>
<allocation-stats totalBytes="100487080" >
  <allocated-bytes non-tlh="0" tlh="100487080" />
  <largest-consumer threadName="main" threadId="0000000000016F00" bytes="100482984" />
</allocation-stats>
<gc-op id="1713" type="scavenge" timems="84.598" contextid="1710" timestamp="2022-02-08T17:22:30.572">
  <scavenger-info tenureage="1" tenuremask="7ffe" tiltratio="68" />
  <memory-copied type="nursery" objects="1345430" bytes="76337248" bytesdiscarded="291488" />
  <memory-copied type="tenure" objects="1394892" bytes="76670888" bytesdiscarded="45256" />
  <ownableSynchronizers candidates="2" cleared="2" />
  <object-monitors candidates="2" cleared="0"  />
</gc-op>
<gc-end id="1714" type="scavenge" contextid="1710" durationms="84.785" usertimems="323.470" systemtimems="0.000" stalltimems="1.786" timestamp="2022-02-08T17:22:30.572" activeThreads="4">
  <mem-info id="1715" free="296221992" total="1073741824" percent="27">
    <mem type="nursery" free="107789568" total="268435456" percent="40">
      <mem type="allocate" free="107789568" total="184418304" percent="58" />
      <mem type="survivor" free="0" total="84017152" percent="0" />
    </mem>
    <mem type="tenure" free="188432424" total="805306368" percent="23" macro-fragmented="0">
      <mem type="soa" free="180378664" total="797252608" percent="22" />
      <mem type="loa" free="8053760" total="8053760" percent="100" />
    </mem>
    <remembered-set count="105" />
  </mem-info>
</gc-end>
<cycle-end id="1716" type="scavenge" contextid="1710" timestamp="2022-02-08T17:22:30.573" />
<allocation-satisfied id="1717" threadId="0000000000016F00" bytesRequested="40" />
<af-end id="1718" timestamp="2022-02-08T17:22:30.573" threadId="0000000000017908" success="true" from="nursery"/>
<exclusive-end id="1719" timestamp="2022-02-08T17:22:30.573" durationms="85.084" />

<exclusive-start id="1720" timestamp="2022-02-08T17:22:31.453" intervalms="965.995">
  <response-info timems="0.019" idlems="0.019" threads="0" lastid="0000000000016F00" lastname="main" />
</exclusive-start>
<af-start id="1721" threadId="0000000000017908" totalBytesRequested="24" timestamp="2022-02-08T17:22:31.454" intervalms="965.987" type="nursery" />
<cycle-start id="1722" type="scavenge" contextid="0" timestamp="2022-02-08T17:22:31.454" intervalms="965.963" />
<gc-start id="1723" type="scavenge" contextid="1722" timestamp="2022-02-08T17:22:31.454">
  <mem-info id="1724" free="188432424" total="1073741824" percent="17">
    <mem type="nursery" free="0" total="268435456" percent="0">
      <mem type="allocate" free="0" total="184418304" percent="0" />
      <mem type="survivor" free="0" total="84017152" percent="0" />
    </mem>
    <mem type="tenure" free="188432424" total="805306368" percent="23">
      <mem type="soa" free="180378664" total="797252608" percent="22" />
      <mem type="loa" free="8053760" total="8053760" percent="100" />
    </mem>
    <remembered-set count="136" />
  </mem-info>
</gc-start>
<allocation-stats totalBytes="107741936" >
  <allocated-bytes non-tlh="1493808" tlh="106248128" />
  <largest-consumer threadName="main" threadId="0000000000016F00" bytes="107741936" />
</allocation-stats>
<gc-op id="1725" type="scavenge" timems="82.516" contextid="1722" timestamp="2022-02-08T17:22:31.536">
  <scavenger-info tenureage="1" tenuremask="7ffe" tiltratio="68" />
  <memory-copied type="nursery" objects="1456244" bytes="75819112" bytesdiscarded="247368" />
  <memory-copied type="tenure" objects="1345430" bytes="76337248" bytesdiscarded="40272" />
  <finalization candidates="109" enqueued="53" />
  <references type="soft" candidates="14" cleared="0" enqueued="0" dynamicThreshold="10" maxThreshold="32" />
  <references type="weak" candidates="1" cleared="0" enqueued="0" />
  <references type="phantom" candidates="94" cleared="7" enqueued="7" />
  <object-monitors candidates="2" cleared="0"  />
</gc-op>
<gc-end id="1726" type="scavenge" contextid="1722" durationms="82.748" usertimems="310.437" systemtimems="3.889" stalltimems="3.530" timestamp="2022-02-08T17:22:31.536" activeThreads="4">
  <mem-info id="1727" free="220783456" total="1073741824" percent="20">
    <mem type="nursery" free="108679376" total="268435456" percent="40">
      <mem type="allocate" free="108679376" total="184745984" percent="58" />
      <mem type="survivor" free="0" total="83689472" percent="0" />
    </mem>
    <mem type="tenure" free="112104080" total="805306368" percent="13" macro-fragmented="0">
      <mem type="soa" free="104050320" total="797252608" percent="13" />
      <mem type="loa" free="8053760" total="8053760" percent="100" />
    </mem>
    <pending-finalizers system="52" default="1" reference="7" classloader="0" />
    <remembered-set count="132" />
  </mem-info>
</gc-end>
<cycle-end id="1728" type="scavenge" contextid="1722" timestamp="2022-02-08T17:22:31.536" />
<allocation-satisfied id="1729" threadId="0000000000016F00" bytesRequested="24" />
<af-end id="1730" timestamp="2022-02-08T17:22:31.536" threadId="0000000000017908" success="true" from="nursery"/>
<exclusive-end id="1731" timestamp="2022-02-08T17:22:31.536" durationms="82.996" />

<concurrent-kickoff id="1732" timestamp="2022-02-08T17:22:32.323">
  <kickoff reason="threshold reached" targetBytes="74803569" thresholdFreeBytes="5816394"  remainingFree="5775448" tenureFreeBytes="112104080" nurseryFreeBytes="5775448" />
</concurrent-kickoff>
<exclusive-start id="1733" timestamp="2022-02-08T17:22:32.327" intervalms="874.022">
  <response-info timems="0.037" idlems="0.037" threads="0" lastid="0000000000016F00" lastname="main" />
</exclusive-start>
<cycle-start id="1734" type="global" contextid="0" timestamp="2022-02-08T17:22:32.328" intervalms="3069.203" />
<concurrent-start id="1735" type="global mark" contextid="1734" timestamp="2022-02-08T17:22:32.328">
</concurrent-start>
<exclusive-end id="1736" timestamp="2022-02-08T17:22:32.328" durationms="0.056" />

<exclusive-start id="1737" timestamp="2022-02-08T17:22:32.463" intervalms="135.735">
  <response-info timems="0.020" idlems="0.020" threads="0" lastid="0000000000016F00" lastname="main" />
</exclusive-start>
<af-start id="1738" threadId="0000000000017908" totalBytesRequested="200" timestamp="2022-02-08T17:22:32.463" intervalms="1009.757" type="nursery" />
<cycle-start id="1739" type="scavenge" contextid="0" timestamp="2022-02-08T17:22:32.463" intervalms="1009.758" />
<gc-start id="1740" type="scavenge" contextid="1739" timestamp="2022-02-08T17:22:32.463">
  <mem-info id="1741" free="112104080" total="1073741824" percent="10">
    <mem type="nursery" free="0" total="268435456" percent="0">
      <mem type="allocate" free="0" total="184745984" percent="0" />
      <mem type="survivor" free="0" total="83689472" percent="0" />
    </mem>
    <mem type="tenure" free="112104080" total="805306368" percent="13">
      <mem type="soa" free="104050320" total="797252608" percent="13" />
      <mem type="loa" free="8053760" total="8053760" percent="100" />
    </mem>
    <remembered-set count="133" />
  </mem-info>
</gc-start>
<allocation-stats totalBytes="108630192" >
  <allocated-bytes non-tlh="1347704" tlh="107282488" />
  <largest-consumer threadName="main" threadId="0000000000016F00" bytes="108622000" />
</allocation-stats>
<gc-op id="1742" type="scavenge" timems="100.307" contextid="1739" timestamp="2022-02-08T17:22:32.564">
  <scavenger-info tenureage="1" tenuremask="7ffe" tiltratio="68" />
  <memory-copied type="nursery" objects="1381241" bytes="77772392" bytesdiscarded="181752" />
  <memory-copied type="tenure" objects="1455525" bytes="74875944" bytesdiscarded="40800" />
  <finalization candidates="57" enqueued="0" />
  <references type="phantom" candidates="1" cleared="0" enqueued="0" />
  <object-monitors candidates="2" cleared="0"  />
</gc-op>
<gc-end id="1743" type="scavenge" contextid="1739" durationms="100.586" usertimems="395.490" systemtimems="0.000" stalltimems="3.107" timestamp="2022-02-08T17:22:32.564" activeThreads="4">
  <mem-info id="1744" free="142177936" total="1073741824" percent="13">
    <mem type="nursery" free="104825760" total="268435456" percent="39">
      <mem type="allocate" free="104825760" total="182779904" percent="57" />
      <mem type="survivor" free="0" total="85655552" percent="0" />
    </mem>
    <mem type="tenure" free="37352176" total="805306368" percent="4" macro-fragmented="0">
      <mem type="soa" free="29298416" total="797252608" percent="3" />
      <mem type="loa" free="8053760" total="8053760" percent="100" />
    </mem>
    <remembered-set count="101" />
  </mem-info>
</gc-end>
<cycle-end id="1745" type="scavenge" contextid="1739" timestamp="2022-02-08T17:22:32.564" />
<allocation-satisfied id="1746" threadId="0000000000016F00" bytesRequested="200" />
<af-end id="1747" timestamp="2022-02-08T17:22:32.564" threadId="0000000000017908" success="true" from="nursery"/>
<exclusive-end id="1748" timestamp="2022-02-08T17:22:32.564" durationms="100.863" />

<concurrent-end id="1749" type="global mark" contextid="1734" timestamp="2022-02-08T17:22:32.707">
<gc-op id="1750" type="trace" timems="379.145" contextid="1734" timestamp="2022-02-08T17:22:32.707">
  <trace bytesTraced="74430312" workStackOverflowCount="0" />
  <card-cleaning reason="card cleaning threshold reached" bytesTraced="1000" cardsCleaned="2" />
</gc-op>
</concurrent-end>

<exclusive-start id="1751" timestamp="2022-02-08T17:22:32.707" intervalms="243.532">
  <response-info timems="0.032" idlems="0.032" threads="0" lastid="0000000000016F00" lastname="main" />
</exclusive-start>
<concurrent-global-final id="1752" timestamp="2022-02-08T17:22:32.707" contextid="1734" intervalms="3118.760" >
  <concurrent-trace-info reason="card cleaning threshold reached" tracedByMutators="57338096" tracedByHelpers="17093216" cardsCleaned="2" workStackOverflowCount="0" />
</concurrent-global-final>
<gc-start id="1753" type="global" contextid="1734" timestamp="2022-02-08T17:22:32.707">
  <mem-info id="1754" free="133559752" total="1073741824" percent="12">
    <mem type="nursery" free="96207576" total="268435456" percent="35">
      <mem type="allocate" free="96207576" total="182779904" percent="52" />
      <mem type="survivor" free="0" total="85655552" percent="0" />
    </mem>
    <mem type="tenure" free="37352176" total="805306368" percent="4">
      <mem type="soa" free="29298416" total="797252608" percent="3" />
      <mem type="loa" free="8053760" total="8053760" percent="100" />
    </mem>
    <remembered-set count="101" />
  </mem-info>
</gc-start>
<allocation-stats totalBytes="8614328" >
  <allocated-bytes non-tlh="200" tlh="8614128" />
  <largest-consumer threadName="main" threadId="0000000000016F00" bytes="8614328" />
</allocation-stats>
<gc-op id="1755" type="rs-scan" timems="0.801" contextid="1734" timestamp="2022-02-08T17:22:32.708">
  <scan objectsFound="29" bytesTraced="5268" workStackOverflowCount="0" />
</gc-op>
<gc-op id="1756" type="card-cleaning" timems="173.339" contextid="1734" timestamp="2022-02-08T17:22:32.881">
  <card-cleaning cardsCleaned="9" bytesTraced="71010776" workStackOverflowCount="0" />
</gc-op>
<gc-op id="1757" type="mark" timems="72.763" contextid="1734" timestamp="2022-02-08T17:22:32.954">
  <trace-info objectcount="2124294" scancount="1594748" scanbytes="34089000" />
  <finalization candidates="428" enqueued="57" />
  <ownableSynchronizers candidates="1" cleared="0" />
  <references type="soft" candidates="894" cleared="0" enqueued="0" dynamicThreshold="10" maxThreshold="32" />
  <references type="weak" candidates="1701" cleared="0" enqueued="0" />
  <references type="phantom" candidates="52" cleared="2" enqueued="2" />
  <stringconstants candidates="6470" cleared="0"  />
  <object-monitors candidates="2" cleared="0"  />
</gc-op>
<gc-op id="1758" type="sweep" timems="6.947" contextid="1734" timestamp="2022-02-08T17:22:32.961" />
<gc-end id="1759" type="global" contextid="1734" durationms="254.084" usertimems="262.603" systemtimems="0.000" stalltimems="221.273" timestamp="2022-02-08T17:22:32.961" activeThreads="4">
  <mem-info id="1760" free="376621360" total="1073741824" percent="35">
    <mem type="nursery" free="96482176" total="268435456" percent="35">
      <mem type="allocate" free="96482176" total="182779904" percent="52" />
      <mem type="survivor" free="0" total="85655552" percent="0" />
    </mem>
    <mem type="tenure" free="280139184" total="805306368" percent="34" micro-fragmented="356889" macro-fragmented="0">
      <mem type="soa" free="272085424" total="797252608" percent="34" />
      <mem type="loa" free="8053760" total="8053760" percent="100" />
    </mem>
    <pending-finalizers system="57" default="0" reference="2" classloader="0" />
    <remembered-set count="101" />
  </mem-info>
</gc-end>
<cycle-end id="1761" type="global" contextid="1734" timestamp="2022-02-08T17:22:32.961" />
<exclusive-end id="1762" timestamp="2022-02-08T17:22:32.961" durationms="254.327" />

<exclusive-start id="1763" timestamp="2022-02-08T17:22:33.593" intervalms="886.556">
  <response-info timems="0.021" idlems="0.021" threads="0" lastid="0000000000016F00" lastname="main" />
</exclusive-start>
<af-start id="1764" threadId="0000000000017908" totalBytesRequested="208" timestamp="2022-02-08T17:22:33.593" intervalms="1130.137" type="nursery" />
<cycle-start id="1765" type="scavenge" contextid="0" timestamp="2022-02-08T17:22:33.593" intervalms="1130.140" />
<gc-start id="1766" type="scavenge" contextid="1765" timestamp="2022-02-08T17:22:33.593">
  <mem-info id="1767" free="280139184" total="1073741824" percent="26">
    <mem type="nursery" free="0" total="268435456" percent="0">
      <mem type="allocate" free="0" total="182779904" percent="0" />
      <mem type="survivor" free="0" total="85655552" percent="0" />
    </mem>
    <mem type="tenure" free="280139184" total="805306368" percent="34">
      <mem type="soa" free="272085424" total="797252608" percent="34" />
      <mem type="loa" free="8053760" total="8053760" percent="100" />
    </mem>
    <remembered-set count="104" />
  </mem-info>
</gc-start>
<allocation-stats totalBytes="96438912" >
  <allocated-bytes non-tlh="0" tlh="96438912" />
  <largest-consumer threadName="main" threadId="0000000000016F00" bytes="96434816" />
</allocation-stats>
<gc-op id="1768" type="scavenge" timems="106.594" contextid="1765" timestamp="2022-02-08T17:22:33.700">
  <scavenger-info tenureage="1" tenuremask="7ffe" tiltratio="68" />
  <memory-copied type="nursery" objects="1318787" bytes="74605272" bytesdiscarded="207536" />
  <memory-copied type="tenure" objects="1381240" bytes="77772280" bytesdiscarded="46704" />
  <finalization candidates="1" enqueued="0" />
  <ownableSynchronizers candidates="2" cleared="2" />
  <object-monitors candidates="2" cleared="0"  />
</gc-op>
<gc-end id="1769" type="scavenge" contextid="1765" durationms="106.802" usertimems="347.345" systemtimems="3.989" stalltimems="30.974" timestamp="2022-02-08T17:22:33.700" activeThreads="4">
  <mem-info id="1770" free="310308184" total="1073741824" percent="28">
    <mem type="nursery" free="108294776" total="268435456" percent="40">
      <mem type="allocate" free="108294776" total="183107584" percent="59" />
      <mem type="survivor" free="0" total="85327872" percent="0" />
    </mem>
    <mem type="tenure" free="202013408" total="805306368" percent="25" macro-fragmented="0">
      <mem type="soa" free="193959648" total="797252608" percent="24" />
      <mem type="loa" free="8053760" total="8053760" percent="100" />
    </mem>
    <remembered-set count="105" />
  </mem-info>
</gc-end>
<cycle-end id="1771" type="scavenge" contextid="1765" timestamp="2022-02-08T17:22:33.700" />
<allocation-satisfied id="1772" threadId="0000000000016F00" bytesRequested="208" />
<af-end id="1773" timestamp="2022-02-08T17:22:33.701" threadId="0000000000017908" success="true" from="nursery"/>
<exclusive-end id="1774" timestamp="2022-02-08T17:22:33.701" durationms="107.205" />

<exclusive-start id="1775" timestamp="2022-02-08T17:22:34.675" intervalms="1081.602">
  <response-info timems="0.019" idlems="0.019" threads="0" lastid="0000000000016F00" lastname="main" />
</exclusive-start>
<af-start id="1776" threadId="0000000000017908" totalBytesRequested="240" timestamp="2022-02-08T17:22:34.675" intervalms="1081.554" type="nursery" />
<cycle-start id="1777" type="scavenge" contextid="0" timestamp="2022-02-08T17:22:34.675" intervalms="1081.550" />
<gc-start id="1778" type="scavenge" contextid="1777" timestamp="2022-02-08T17:22:34.675">
  <mem-info id="1779" free="202013408" total="1073741824" percent="18">
    <mem type="nursery" free="0" total="268435456" percent="0">
      <mem type="allocate" free="0" total="183107584" percent="0" />
      <mem type="survivor" free="0" total="85327872" percent="0" />
    </mem>
    <mem type="tenure" free="202013408" total="805306368" percent="25">
      <mem type="soa" free="193959648" total="797252608" percent="24" />
      <mem type="loa" free="8053760" total="8053760" percent="100" />
    </mem>
    <remembered-set count="136" />
  </mem-info>
</gc-start>
<allocation-stats totalBytes="108249032" >
  <allocated-bytes non-tlh="1493976" tlh="106755056" />
  <largest-consumer threadName="main" threadId="0000000000016F00" bytes="108249032" />
</allocation-stats>
<gc-op id="1780" type="scavenge" timems="95.390" contextid="1777" timestamp="2022-02-08T17:22:34.770">
  <scavenger-info tenureage="1" tenuremask="7ffe" tiltratio="68" />
  <memory-copied type="nursery" objects="1488352" bytes="76228184" bytesdiscarded="124992" />
  <memory-copied type="tenure" objects="1318786" bytes="74605160" bytesdiscarded="38208" />
  <finalization candidates="109" enqueued="53" />
  <references type="soft" candidates="14" cleared="0" enqueued="0" dynamicThreshold="11" maxThreshold="32" />
  <references type="weak" candidates="1" cleared="0" enqueued="0" />
  <references type="phantom" candidates="94" cleared="7" enqueued="7" />
  <object-monitors candidates="2" cleared="0"  />
</gc-op>
<gc-end id="1781" type="scavenge" contextid="1777" durationms="95.656" usertimems="366.405" systemtimems="4.431" stalltimems="2.609" timestamp="2022-02-08T17:22:34.771" activeThreads="4">
  <mem-info id="1782" free="234486456" total="1073741824" percent="21">
    <mem type="nursery" free="107016424" total="268435456" percent="39">
      <mem type="allocate" free="107016424" total="183369728" percent="58" />
      <mem type="survivor" free="0" total="85065728" percent="0" />
    </mem>
    <mem type="tenure" free="127470032" total="805306368" percent="15" macro-fragmented="0">
      <mem type="soa" free="119416272" total="797252608" percent="14" />
      <mem type="loa" free="8053760" total="8053760" percent="100" />
    </mem>
    <pending-finalizers system="52" default="1" reference="7" classloader="0" />
    <remembered-set count="132" />
  </mem-info>
</gc-end>
<cycle-end id="1783" type="scavenge" contextid="1777" timestamp="2022-02-08T17:22:34.771" />
<allocation-satisfied id="1784" threadId="0000000000016F00" bytesRequested="240" />
<af-end id="1785" timestamp="2022-02-08T17:22:34.771" threadId="0000000000017908" success="true" from="nursery"/>
<exclusive-end id="1786" timestamp="2022-02-08T17:22:34.771" durationms="95.906" />

<concurrent-kickoff id="1787" timestamp="2022-02-08T17:22:35.475">
  <kickoff reason="threshold reached" targetBytes="74729056" thresholdFreeBytes="5802297"  remainingFree="5697768" tenureFreeBytes="127470032" nurseryFreeBytes="5697768" />
</concurrent-kickoff>
<exclusive-start id="1788" timestamp="2022-02-08T17:22:35.478" intervalms="803.482">
  <response-info timems="0.019" idlems="0.019" threads="0" lastid="0000000000016F00" lastname="main" />
</exclusive-start>
<cycle-start id="1789" type="global" contextid="0" timestamp="2022-02-08T17:22:35.478" intervalms="3150.885" />
<concurrent-start id="1790" type="global mark" contextid="1789" timestamp="2022-02-08T17:22:35.478">
</concurrent-start>
<exclusive-end id="1791" timestamp="2022-02-08T17:22:35.478" durationms="0.031" />

<exclusive-start id="1792" timestamp="2022-02-08T17:22:35.554" intervalms="75.112">
  <response-info timems="0.016" idlems="0.016" threads="0" lastid="0000000000016F00" lastname="main" />
</exclusive-start>
<af-start id="1793" threadId="0000000000017908" totalBytesRequested="376" timestamp="2022-02-08T17:22:35.554" intervalms="878.639" type="nursery" />
<cycle-start id="1794" type="scavenge" contextid="0" timestamp="2022-02-08T17:22:35.554" intervalms="878.656" />
<gc-start id="1795" type="scavenge" contextid="1794" timestamp="2022-02-08T17:22:35.554">
  <mem-info id="1796" free="127470032" total="1073741824" percent="11">
    <mem type="nursery" free="0" total="268435456" percent="0">
      <mem type="allocate" free="0" total="183369728" percent="0" />
      <mem type="survivor" free="0" total="85065728" percent="0" />
    </mem>
    <mem type="tenure" free="127470032" total="805306368" percent="15">
      <mem type="soa" free="119416272" total="797252608" percent="14" />
      <mem type="loa" free="8053760" total="8053760" percent="100" />
    </mem>
    <remembered-set count="133" />
  </mem-info>
</gc-start>
<allocation-stats totalBytes="106965864" >
  <allocated-bytes non-tlh="1347920" tlh="105617944" />
  <largest-consumer threadName="main" threadId="0000000000016F00" bytes="106957672" />
</allocation-stats>
<gc-op id="1797" type="scavenge" timems="97.480" contextid="1794" timestamp="2022-02-08T17:22:35.651">
  <scavenger-info tenureage="1" tenuremask="7ffe" tiltratio="68" />
  <memory-copied type="nursery" objects="1337106" bytes="76544640" bytesdiscarded="249824" />
  <memory-copied type="tenure" objects="1487632" bytes="75284888" bytesdiscarded="39576" />
  <finalization candidates="57" enqueued="0" />
  <references type="phantom" candidates="1" cleared="0" enqueued="0" />
  <object-monitors candidates="2" cleared="0"  />
</gc-op>
<gc-end id="1798" type="scavenge" contextid="1794" durationms="97.759" usertimems="383.779" systemtimems="0.563" stalltimems="4.266" timestamp="2022-02-08T17:22:35.651" activeThreads="4">
  <mem-info id="1799" free="159229008" total="1073741824" percent="14">
    <mem type="nursery" free="106968480" total="268435456" percent="39">
      <mem type="allocate" free="106968480" total="183762944" percent="58" />
      <mem type="survivor" free="0" total="84672512" percent="0" />
    </mem>
    <mem type="tenure" free="52260528" total="805306368" percent="6" macro-fragmented="0">
      <mem type="soa" free="44206768" total="797252608" percent="5" />
      <mem type="loa" free="8053760" total="8053760" percent="100" />
    </mem>
    <remembered-set count="102" />
  </mem-info>
</gc-end>
<cycle-end id="1800" type="scavenge" contextid="1794" timestamp="2022-02-08T17:22:35.652" />
<allocation-satisfied id="1801" threadId="0000000000016F00" bytesRequested="376" />
<af-end id="1802" timestamp="2022-02-08T17:22:35.652" threadId="0000000000017908" success="true" from="nursery"/>
<exclusive-end id="1803" timestamp="2022-02-08T17:22:35.652" durationms="98.130" />

<concurrent-end id="1804" type="global mark" contextid="1789" timestamp="2022-02-08T17:22:35.881">
<gc-op id="1805" type="trace" timems="402.091" contextid="1789" timestamp="2022-02-08T17:22:35.881">
  <trace bytesTraced="74430520" workStackOverflowCount="0" />
  <card-cleaning reason="card cleaning threshold reached" bytesTraced="1000" cardsCleaned="2" />
</gc-op>
</concurrent-end>

<exclusive-start id="1806" timestamp="2022-02-08T17:22:35.881" intervalms="327.060">
  <response-info timems="0.017" idlems="0.017" threads="0" lastid="0000000000016F00" lastname="main" />
</exclusive-start>
<concurrent-global-final id="1807" timestamp="2022-02-08T17:22:35.881" contextid="1789" intervalms="3173.801" >
  <concurrent-trace-info reason="card cleaning threshold reached" tracedByMutators="54731456" tracedByHelpers="19700064" cardsCleaned="2" workStackOverflowCount="0" />
</concurrent-global-final>
<gc-start id="1808" type="global" contextid="1789" timestamp="2022-02-08T17:22:35.881">
  <mem-info id="1809" free="148382424" total="1073741824" percent="13">
    <mem type="nursery" free="96121896" total="268435456" percent="35">
      <mem type="allocate" free="96121896" total="183762944" percent="52" />
      <mem type="survivor" free="0" total="84672512" percent="0" />
    </mem>
    <mem type="tenure" free="52260528" total="805306368" percent="6">
      <mem type="soa" free="44206768" total="797252608" percent="5" />
      <mem type="loa" free="8053760" total="8053760" percent="100" />
    </mem>
    <remembered-set count="102" />
  </mem-info>
</gc-start>
<allocation-stats totalBytes="10841128" >
  <allocated-bytes non-tlh="376" tlh="10840752" />
  <largest-consumer threadName="main" threadId="0000000000016F00" bytes="10841128" />
</allocation-stats>
<gc-op id="1810" type="rs-scan" timems="0.491" contextid="1789" timestamp="2022-02-08T17:22:35.881">
  <scan objectsFound="29" bytesTraced="5268" workStackOverflowCount="0" />
</gc-op>
<gc-op id="1811" type="card-cleaning" timems="147.908" contextid="1789" timestamp="2022-02-08T17:22:36.029">
  <card-cleaning cardsCleaned="9" bytesTraced="71010776" workStackOverflowCount="0" />
</gc-op>
<gc-op id="1812" type="mark" timems="51.471" contextid="1789" timestamp="2022-02-08T17:22:36.081">
  <trace-info objectcount="1864026" scancount="1399547" scanbytes="29924712" />
  <finalization candidates="428" enqueued="57" />
  <ownableSynchronizers candidates="1" cleared="0" />
  <references type="soft" candidates="894" cleared="0" enqueued="0" dynamicThreshold="11" maxThreshold="32" />
  <references type="weak" candidates="1701" cleared="0" enqueued="0" />
  <references type="phantom" candidates="52" cleared="2" enqueued="2" />
  <stringconstants candidates="6470" cleared="0"  />
  <object-monitors candidates="2" cleared="0"  />
</gc-op>
<gc-op id="1813" type="sweep" timems="5.595" contextid="1789" timestamp="2022-02-08T17:22:36.086" />
<gc-end id="1814" type="global" contextid="1789" durationms="205.712" usertimems="223.703" systemtimems="0.000" stalltimems="153.352" timestamp="2022-02-08T17:22:36.086" activeThreads="4">
  <mem-info id="1815" free="391553736" total="1073741824" percent="36">
    <mem type="nursery" free="96463064" total="268435456" percent="35">
      <mem type="allocate" free="96463064" total="183762944" percent="52" />
      <mem type="survivor" free="0" total="84672512" percent="0" />
    </mem>
    <mem type="tenure" free="295090672" total="805306368" percent="36" micro-fragmented="290541" macro-fragmented="2160235">
      <mem type="soa" free="287036912" total="797252608" percent="36" />
      <mem type="loa" free="8053760" total="8053760" percent="100" />
    </mem>
    <pending-finalizers system="57" default="0" reference="2" classloader="0" />
    <remembered-set count="102" />
  </mem-info>
</gc-end>
<cycle-end id="1816" type="global" contextid="1789" timestamp="2022-02-08T17:22:36.087" />
<exclusive-end id="1817" timestamp="2022-02-08T17:22:36.087" durationms="205.981" />

<exclusive-start id="1818" timestamp="2022-02-08T17:22:36.745" intervalms="864.887">
  <response-info timems="0.018" idlems="0.018" threads="0" lastid="0000000000016F00" lastname="main" />
</exclusive-start>
<af-start id="1819" threadId="0000000000017908" totalBytesRequested="176" timestamp="2022-02-08T17:22:36.745" intervalms="1191.903" type="nursery" />
<cycle-start id="1820" type="scavenge" contextid="0" timestamp="2022-02-08T17:22:36.746" intervalms="1191.929" />
<gc-start id="1821" type="scavenge" contextid="1820" timestamp="2022-02-08T17:22:36.746">
  <mem-info id="1822" free="295090672" total="1073741824" percent="27">
    <mem type="nursery" free="0" total="268435456" percent="0">
      <mem type="allocate" free="0" total="183762944" percent="0" />
      <mem type="survivor" free="0" total="84672512" percent="0" />
    </mem>
    <mem type="tenure" free="295090672" total="805306368" percent="36">
      <mem type="soa" free="287036912" total="797252608" percent="36" />
      <mem type="loa" free="8053760" total="8053760" percent="100" />
    </mem>
    <remembered-set count="105" />
  </mem-info>
</gc-start>
<allocation-stats totalBytes="96419672" >
  <allocated-bytes non-tlh="0" tlh="96419672" />
  <largest-consumer threadName="main" threadId="0000000000016F00" bytes="96415576" />
</allocation-stats>
<gc-op id="1823" type="scavenge" timems="89.470" contextid="1820" timestamp="2022-02-08T17:22:36.835">
  <scavenger-info tenureage="1" tenuremask="7ffe" tiltratio="68" />
  <memory-copied type="nursery" objects="1356547" bytes="76204104" bytesdiscarded="196680" />
  <memory-copied type="tenure" objects="1337105" bytes="76544440" bytesdiscarded="44648" />
  <finalization candidates="1" enqueued="0" />
  <ownableSynchronizers candidates="2" cleared="2" />
  <object-monitors candidates="2" cleared="0"  />
</gc-op>
<gc-end id="1824" type="scavenge" contextid="1820" durationms="89.741" usertimems="355.461" systemtimems="0.000" stalltimems="1.358" timestamp="2022-02-08T17:22:36.835" activeThreads="4">
  <mem-info id="1825" free="326127000" total="1073741824" percent="30">
    <mem type="nursery" free="107755376" total="268435456" percent="40">
      <mem type="allocate" free="107755376" total="184156160" percent="58" />
      <mem type="survivor" free="0" total="84279296" percent="0" />
    </mem>
    <mem type="tenure" free="218371624" total="805306368" percent="27" macro-fragmented="0">
      <mem type="soa" free="210317864" total="797252608" percent="26" />
      <mem type="loa" free="8053760" total="8053760" percent="100" />
    </mem>
    <remembered-set count="105" />
  </mem-info>
</gc-end>
<cycle-end id="1826" type="scavenge" contextid="1820" timestamp="2022-02-08T17:22:36.836" />
<allocation-satisfied id="1827" threadId="0000000000016F00" bytesRequested="176" />
<af-end id="1828" timestamp="2022-02-08T17:22:36.836" threadId="0000000000017908" success="true" from="nursery"/>
<exclusive-end id="1829" timestamp="2022-02-08T17:22:36.836" durationms="90.088" />

<exclusive-start id="1830" timestamp="2022-02-08T17:22:37.738" intervalms="993.038">
  <response-info timems="0.029" idlems="0.029" threads="0" lastid="0000000000016F00" lastname="main" />
</exclusive-start>
<af-start id="1831" threadId="0000000000017908" totalBytesRequested="256" timestamp="2022-02-08T17:22:37.739" intervalms="993.039" type="nursery" />
<cycle-start id="1832" type="scavenge" contextid="0" timestamp="2022-02-08T17:22:37.739" intervalms="992.997" />
<gc-start id="1833" type="scavenge" contextid="1832" timestamp="2022-02-08T17:22:37.739">
  <mem-info id="1834" free="218371624" total="1073741824" percent="20">
    <mem type="nursery" free="0" total="268435456" percent="0">
      <mem type="allocate" free="0" total="184156160" percent="0" />
      <mem type="survivor" free="0" total="84279296" percent="0" />
    </mem>
    <mem type="tenure" free="218371624" total="805306368" percent="27">
      <mem type="soa" free="210317864" total="797252608" percent="26" />
      <mem type="loa" free="8053760" total="8053760" percent="100" />
    </mem>
    <remembered-set count="136" />
  </mem-info>
</gc-start>
<allocation-stats totalBytes="107708344" >
  <allocated-bytes non-tlh="848880" tlh="106859464" />
  <largest-consumer threadName="main" threadId="0000000000016F00" bytes="107708344" />
</allocation-stats>
<gc-op id="1835" type="scavenge" timems="83.926" contextid="1832" timestamp="2022-02-08T17:22:37.823">
  <scavenger-info tenureage="1" tenuremask="7ffe" tiltratio="68" />
  <memory-copied type="nursery" objects="1480354" bytes="75857776" bytesdiscarded="85360" />
  <memory-copied type="tenure" objects="1356546" bytes="76204008" bytesdiscarded="37352" />
  <finalization candidates="107" enqueued="53" />
  <references type="soft" candidates="14" cleared="0" enqueued="0" dynamicThreshold="11" maxThreshold="32" />
  <references type="weak" candidates="1" cleared="0" enqueued="0" />
  <references type="phantom" candidates="92" cleared="7" enqueued="7" />
  <object-monitors candidates="2" cleared="0"  />
</gc-op>
<gc-end id="1836" type="scavenge" contextid="1832" durationms="84.171" usertimems="332.948" systemtimems="0.000" stalltimems="1.714" timestamp="2022-02-08T17:22:37.823" activeThreads="4">
  <mem-info id="1837" free="250670456" total="1073741824" percent="23">
    <mem type="nursery" free="108606112" total="268435456" percent="40">
      <mem type="allocate" free="108606112" total="184549376" percent="58" />
      <mem type="survivor" free="0" total="83886080" percent="0" />
    </mem>
    <mem type="tenure" free="142064344" total="805306368" percent="17" macro-fragmented="0">
      <mem type="soa" free="134010584" total="797252608" percent="16" />
      <mem type="loa" free="8053760" total="8053760" percent="100" />
    </mem>
    <pending-finalizers system="52" default="1" reference="7" classloader="0" />
    <remembered-set count="132" />
  </mem-info>
</gc-end>
<cycle-end id="1838" type="scavenge" contextid="1832" timestamp="2022-02-08T17:22:37.823" />
<allocation-satisfied id="1839" threadId="0000000000016F00" bytesRequested="256" />
<af-end id="1840" timestamp="2022-02-08T17:22:37.823" threadId="0000000000017908" success="true" from="nursery"/>
<exclusive-end id="1841" timestamp="2022-02-08T17:22:37.823" durationms="84.529" />

<concurrent-kickoff id="1842" timestamp="2022-02-08T17:22:38.563">
  <kickoff reason="threshold reached" targetBytes="74669501" thresholdFreeBytes="5790894"  remainingFree="5712472" tenureFreeBytes="142064344" nurseryFreeBytes="5712472" />
</concurrent-kickoff>
<exclusive-start id="1843" timestamp="2022-02-08T17:22:38.571" intervalms="832.147">
  <response-info timems="0.017" idlems="0.017" threads="0" lastid="0000000000016F00" lastname="main" />
</exclusive-start>
<cycle-start id="1844" type="global" contextid="0" timestamp="2022-02-08T17:22:38.571" intervalms="3092.241" />
<concurrent-start id="1845" type="global mark" contextid="1844" timestamp="2022-02-08T17:22:38.571">
</concurrent-start>
<exclusive-end id="1846" timestamp="2022-02-08T17:22:38.571" durationms="0.029" />

<exclusive-start id="1847" timestamp="2022-02-08T17:22:38.660" intervalms="89.716">
  <response-info timems="0.016" idlems="0.016" threads="0" lastid="0000000000016F00" lastname="main" />
</exclusive-start>
<af-start id="1848" threadId="0000000000017908" totalBytesRequested="64" timestamp="2022-02-08T17:22:38.660" intervalms="921.859" type="nursery" />
<cycle-start id="1849" type="scavenge" contextid="0" timestamp="2022-02-08T17:22:38.660" intervalms="921.858" />
<gc-start id="1850" type="scavenge" contextid="1849" timestamp="2022-02-08T17:22:38.660">
  <mem-info id="1851" free="142064344" total="1073741824" percent="13">
    <mem type="nursery" free="0" total="268435456" percent="0">
      <mem type="allocate" free="0" total="184549376" percent="0" />
      <mem type="survivor" free="0" total="83886080" percent="0" />
    </mem>
    <mem type="tenure" free="142064344" total="805306368" percent="17">
      <mem type="soa" free="134010584" total="797252608" percent="16" />
      <mem type="loa" free="8053760" total="8053760" percent="100" />
    </mem>
    <remembered-set count="133" />
  </mem-info>
</gc-start>
<allocation-stats totalBytes="108553720" >
  <allocated-bytes non-tlh="1992776" tlh="106560944" />
  <largest-consumer threadName="main" threadId="0000000000016F00" bytes="108545528" />
</allocation-stats>
<gc-op id="1852" type="scavenge" timems="87.588" contextid="1849" timestamp="2022-02-08T17:22:38.748">
  <scavenger-info tenureage="1" tenuremask="7ffe" tiltratio="68" />
  <memory-copied type="nursery" objects="1358873" bytes="77260576" bytesdiscarded="153040" />
  <memory-copied type="tenure" objects="1479633" bytes="75316800" bytesdiscarded="38152" />
  <finalization candidates="57" enqueued="0" />
  <references type="phantom" candidates="3" cleared="0" enqueued="0" />
  <object-monitors candidates="2" cleared="0"  />
</gc-op>
<gc-end id="1853" type="scavenge" contextid="1849" durationms="87.915" usertimems="336.192" systemtimems="0.000" stalltimems="5.161" timestamp="2022-02-08T17:22:38.748" activeThreads="4">
  <mem-info id="1854" free="172943448" total="1073741824" percent="16">
    <mem type="nursery" free="106283792" total="268435456" percent="39">
      <mem type="allocate" free="106283792" total="183697408" percent="57" />
      <mem type="survivor" free="0" total="84738048" percent="0" />
    </mem>
    <mem type="tenure" free="66659656" total="805306368" percent="8" macro-fragmented="418667">
      <mem type="soa" free="58605896" total="797252608" percent="7" />
      <mem type="loa" free="8053760" total="8053760" percent="100" />
    </mem>
    <remembered-set count="102" />
  </mem-info>
</gc-end>
<cycle-end id="1855" type="scavenge" contextid="1849" timestamp="2022-02-08T17:22:38.749" />
<allocation-satisfied id="1856" threadId="0000000000016F00" bytesRequested="64" />
<af-end id="1857" timestamp="2022-02-08T17:22:38.749" threadId="0000000000017908" success="true" from="nursery"/>
<exclusive-end id="1858" timestamp="2022-02-08T17:22:38.749" durationms="88.230" />

<concurrent-end id="1859" type="global mark" contextid="1844" timestamp="2022-02-08T17:22:38.961">
<gc-op id="1860" type="trace" timems="390.394" contextid="1844" timestamp="2022-02-08T17:22:38.961">
  <trace bytesTraced="74430728" workStackOverflowCount="0" />
  <card-cleaning reason="card cleaning threshold reached" bytesTraced="1000" cardsCleaned="2" />
</gc-op>
</concurrent-end>

<exclusive-start id="1861" timestamp="2022-02-08T17:22:38.961" intervalms="300.787">
  <response-info timems="0.048" idlems="0.048" threads="0" lastid="0000000000016F00" lastname="main" />
</exclusive-start>
<concurrent-global-final id="1862" timestamp="2022-02-08T17:22:38.961" contextid="1844" intervalms="3080.575" >
  <concurrent-trace-info reason="card cleaning threshold reached" tracedByMutators="49657408" tracedByHelpers="24774320" cardsCleaned="2" workStackOverflowCount="0" />
</concurrent-global-final>
<gc-start id="1863" type="global" contextid="1844" timestamp="2022-02-08T17:22:38.961">
  <mem-info id="1864" free="157902872" total="1073741824" percent="14">
    <mem type="nursery" free="91243216" total="268435456" percent="33">
      <mem type="allocate" free="91243216" total="183697408" percent="49" />
      <mem type="survivor" free="0" total="84738048" percent="0" />
    </mem>
    <mem type="tenure" free="66659656" total="805306368" percent="8">
      <mem type="soa" free="58605896" total="797252608" percent="7" />
      <mem type="loa" free="8053760" total="8053760" percent="100" />
    </mem>
    <remembered-set count="102" />
  </mem-info>
</gc-start>
<allocation-stats totalBytes="15033472" >
  <allocated-bytes non-tlh="64" tlh="15033408" />
  <largest-consumer threadName="main" threadId="0000000000016F00" bytes="15033472" />
</allocation-stats>
<gc-op id="1865" type="rs-scan" timems="0.604" contextid="1844" timestamp="2022-02-08T17:22:38.962">
  <scan objectsFound="29" bytesTraced="5268" workStackOverflowCount="0" />
</gc-op>
<gc-op id="1866" type="card-cleaning" timems="145.271" contextid="1844" timestamp="2022-02-08T17:22:39.107">
  <card-cleaning cardsCleaned="9" bytesTraced="71010776" workStackOverflowCount="0" />
</gc-op>
<gc-op id="1867" type="mark" timems="44.334" contextid="1844" timestamp="2022-02-08T17:22:39.152">
  <trace-info objectcount="1676455" scancount="1258869" scanbytes="26923560" />
  <finalization candidates="428" enqueued="57" />
  <ownableSynchronizers candidates="1" cleared="0" />
  <references type="soft" candidates="894" cleared="0" enqueued="0" dynamicThreshold="11" maxThreshold="32" />
  <references type="weak" candidates="1701" cleared="0" enqueued="0" />
  <references type="phantom" candidates="52" cleared="2" enqueued="2" />
  <stringconstants candidates="6470" cleared="0"  />
  <object-monitors candidates="2" cleared="0"  />
</gc-op>
<gc-op id="1868" type="sweep" timems="4.889" contextid="1844" timestamp="2022-02-08T17:22:39.156" />
<gc-end id="1869" type="global" contextid="1844" durationms="195.339" usertimems="210.528" systemtimems="0.000" stalltimems="132.696" timestamp="2022-02-08T17:22:39.157" activeThreads="4">
  <mem-info id="1870" free="401126360" total="1073741824" percent="37">
    <mem type="nursery" free="91485632" total="268435456" percent="34">
      <mem type="allocate" free="91485632" total="183697408" percent="49" />
      <mem type="survivor" free="0" total="84738048" percent="0" />
    </mem>
    <mem type="tenure" free="309640728" total="805306368" percent="38" micro-fragmented="312493" macro-fragmented="0">
      <mem type="soa" free="301586968" total="797252608" percent="37" />
      <mem type="loa" free="8053760" total="8053760" percent="100" />
    </mem>
    <pending-finalizers system="57" default="0" reference="2" classloader="0" />
    <remembered-set count="102" />
  </mem-info>
</gc-end>
<cycle-end id="1871" type="global" contextid="1844" timestamp="2022-02-08T17:22:39.157" />
<exclusive-end id="1872" timestamp="2022-02-08T17:22:39.157" durationms="195.540" />

<exclusive-start id="1873" timestamp="2022-02-08T17:22:39.788" intervalms="827.292">
  <response-info timems="0.017" idlems="0.017" threads="0" lastid="0000000000016F00" lastname="main" />
</exclusive-start>
<af-start id="1874" threadId="0000000000017908" totalBytesRequested="224" timestamp="2022-02-08T17:22:39.788" intervalms="1128.079" type="nursery" />
<cycle-start id="1875" type="scavenge" contextid="0" timestamp="2022-02-08T17:22:39.788" intervalms="1128.079" />
<gc-start id="1876" type="scavenge" contextid="1875" timestamp="2022-02-08T17:22:39.789">
  <mem-info id="1877" free="309640728" total="1073741824" percent="28">
    <mem type="nursery" free="0" total="268435456" percent="0">
      <mem type="allocate" free="0" total="183697408" percent="0" />
      <mem type="survivor" free="0" total="84738048" percent="0" />
    </mem>
    <mem type="tenure" free="309640728" total="805306368" percent="38">
      <mem type="soa" free="301586968" total="797252608" percent="37" />
      <mem type="loa" free="8053760" total="8053760" percent="100" />
    </mem>
    <remembered-set count="105" />
  </mem-info>
</gc-start>
<allocation-stats totalBytes="91443968" >
  <allocated-bytes non-tlh="0" tlh="91443968" />
  <largest-consumer threadName="main" threadId="0000000000016F00" bytes="91439872" />
</allocation-stats>
<gc-op id="1878" type="scavenge" timems="74.674" contextid="1875" timestamp="2022-02-08T17:22:39.863">
  <scavenger-info tenureage="1" tenuremask="7ffe" tiltratio="68" />
  <memory-copied type="nursery" objects="1343299" bytes="75647912" bytesdiscarded="194936" />
  <memory-copied type="tenure" objects="1358872" bytes="77260536" bytesdiscarded="41712" />
  <finalization candidates="3" enqueued="0" />
  <ownableSynchronizers candidates="2" cleared="2" />
  <object-monitors candidates="2" cleared="0"  />
</gc-op>
<gc-end id="1879" type="scavenge" contextid="1875" durationms="74.885" usertimems="291.002" systemtimems="0.000" stalltimems="2.811" timestamp="2022-02-08T17:22:39.863" activeThreads="4">
  <mem-info id="1880" free="340131248" total="1073741824" percent="31">
    <mem type="nursery" free="108051168" total="268435456" percent="40">
      <mem type="allocate" free="108051168" total="183894016" percent="58" />
      <mem type="survivor" free="0" total="84541440" percent="0" />
    </mem>
    <mem type="tenure" free="232080080" total="805306368" percent="28" macro-fragmented="0">
      <mem type="soa" free="224026320" total="797252608" percent="28" />
      <mem type="loa" free="8053760" total="8053760" percent="100" />
    </mem>
    <remembered-set count="105" />
  </mem-info>
</gc-end>
<cycle-end id="1881" type="scavenge" contextid="1875" timestamp="2022-02-08T17:22:39.864" />
<allocation-satisfied id="1882" threadId="0000000000016F00" bytesRequested="224" />
<af-end id="1883" timestamp="2022-02-08T17:22:39.864" threadId="0000000000017908" success="true" from="nursery"/>
<exclusive-end id="1884" timestamp="2022-02-08T17:22:39.864" durationms="75.139" />

<exclusive-start id="1885" timestamp="2022-02-08T17:22:40.547" intervalms="758.798">
  <response-info timems="0.017" idlems="0.017" threads="0" lastid="0000000000016F00" lastname="main" />
</exclusive-start>
<af-start id="1886" threadId="0000000000017908" totalBytesRequested="136" timestamp="2022-02-08T17:22:40.547" intervalms="758.815" type="nursery" />
<cycle-start id="1887" type="scavenge" contextid="0" timestamp="2022-02-08T17:22:40.547" intervalms="758.819" />
<gc-start id="1888" type="scavenge" contextid="1887" timestamp="2022-02-08T17:22:40.547">
  <mem-info id="1889" free="232080080" total="1073741824" percent="21">
    <mem type="nursery" free="0" total="268435456" percent="0">
      <mem type="allocate" free="0" total="183894016" percent="0" />
      <mem type="survivor" free="0" total="84541440" percent="0" />
    </mem>
    <mem type="tenure" free="232080080" total="805306368" percent="28">
      <mem type="soa" free="224026320" total="797252608" percent="28" />
      <mem type="loa" free="8053760" total="8053760" percent="100" />
    </mem>
    <remembered-set count="119" />
  </mem-info>
</gc-start>
<allocation-stats totalBytes="108001616" >
  <allocated-bytes non-tlh="453928" tlh="107547688" />
  <largest-consumer threadName="main" threadId="0000000000016F00" bytes="108001616" />
</allocation-stats>
<gc-op id="1890" type="scavenge" timems="73.711" contextid="1887" timestamp="2022-02-08T17:22:40.621">
  <scavenger-info tenureage="1" tenuremask="7ffe" tiltratio="68" />
  <memory-copied type="nursery" objects="1359955" bytes="76905120" bytesdiscarded="71816" />
  <memory-copied type="tenure" objects="1343298" bytes="75647792" bytesdiscarded="37112" />
  <finalization candidates="30" enqueued="18" />
  <references type="phantom" candidates="30" cleared="0" enqueued="0" />
  <object-monitors candidates="2" cleared="0"  />
</gc-op>
<gc-end id="1891" type="scavenge" contextid="1887" durationms="73.953" usertimems="290.709" systemtimems="0.545" stalltimems="3.028" timestamp="2022-02-08T17:22:40.621" activeThreads="4">
  <mem-info id="1892" free="263464376" total="1073741824" percent="24">
    <mem type="nursery" free="106982616" total="268435456" percent="39">
      <mem type="allocate" free="106982616" total="183959552" percent="58" />
      <mem type="survivor" free="0" total="84475904" percent="0" />
    </mem>
    <mem type="tenure" free="156481760" total="805306368" percent="19" macro-fragmented="0">
      <mem type="soa" free="148428000" total="797252608" percent="18" />
      <mem type="loa" free="8053760" total="8053760" percent="100" />
    </mem>
    <pending-finalizers system="18" default="0" reference="0" classloader="0" />
    <remembered-set count="119" />
  </mem-info>
</gc-end>
<cycle-end id="1893" type="scavenge" contextid="1887" timestamp="2022-02-08T17:22:40.621" />
<allocation-satisfied id="1894" threadId="0000000000016F00" bytesRequested="136" />
<af-end id="1895" timestamp="2022-02-08T17:22:40.621" threadId="0000000000017908" success="true" from="nursery"/>
<exclusive-end id="1896" timestamp="2022-02-08T17:22:40.621" durationms="74.218" />

<concurrent-kickoff id="1897" timestamp="2022-02-08T17:22:41.440">
  <kickoff reason="threshold reached" targetBytes="74621912" thresholdFreeBytes="5778190"  remainingFree="5729496" tenureFreeBytes="156481760" nurseryFreeBytes="5729496" />
</concurrent-kickoff>
<exclusive-start id="1898" timestamp="2022-02-08T17:22:41.443" intervalms="895.867">
  <response-info timems="0.031" idlems="0.031" threads="0" lastid="0000000000016F00" lastname="main" />
</exclusive-start>
<cycle-start id="1899" type="global" contextid="0" timestamp="2022-02-08T17:22:41.443" intervalms="2872.458" />
<concurrent-start id="1900" type="global mark" contextid="1899" timestamp="2022-02-08T17:22:41.443">
</concurrent-start>
<exclusive-end id="1901" timestamp="2022-02-08T17:22:41.443" durationms="0.034" />

<exclusive-start id="1902" timestamp="2022-02-08T17:22:41.505" intervalms="62.139">
  <response-info timems="0.029" idlems="0.029" threads="0" lastid="0000000000016F00" lastname="main" />
</exclusive-start>
<af-start id="1903" threadId="0000000000017908" totalBytesRequested="24" timestamp="2022-02-08T17:22:41.505" intervalms="957.990" type="nursery" />
<cycle-start id="1904" type="scavenge" contextid="0" timestamp="2022-02-08T17:22:41.505" intervalms="957.985" />
<gc-start id="1905" type="scavenge" contextid="1904" timestamp="2022-02-08T17:22:41.505">
  <mem-info id="1906" free="156481760" total="1073741824" percent="14">
    <mem type="nursery" free="0" total="268435456" percent="0">
      <mem type="allocate" free="0" total="183959552" percent="0" />
      <mem type="survivor" free="0" total="84475904" percent="0" />
    </mem>
    <mem type="tenure" free="156481760" total="805306368" percent="19">
      <mem type="soa" free="148428000" total="797252608" percent="18" />
      <mem type="loa" free="8053760" total="8053760" percent="100" />
    </mem>
    <remembered-set count="136" />
  </mem-info>
</gc-start>
<allocation-stats totalBytes="106936360" >
  <allocated-bytes non-tlh="2484680" tlh="104451680" />
  <largest-consumer threadName="main" threadId="0000000000016F00" bytes="106932264" />
</allocation-stats>
<gc-op id="1907" type="scavenge" timems="80.112" contextid="1904" timestamp="2022-02-08T17:22:41.585">
  <scavenger-info tenureage="1" tenuremask="7ffe" tiltratio="68" />
  <memory-copied type="nursery" objects="1422559" bytes="75515032" bytesdiscarded="121160" />
  <memory-copied type="tenure" objects="1359656" bytes="76292376" bytesdiscarded="37008" />
  <finalization candidates="92" enqueued="35" />
  <references type="soft" candidates="14" cleared="0" enqueued="0" dynamicThreshold="12" maxThreshold="32" />
  <references type="weak" candidates="1" cleared="0" enqueued="0" />
  <references type="phantom" candidates="77" cleared="7" enqueued="7" />
  <object-monitors candidates="2" cleared="0"  />
</gc-op>
<gc-end id="1908" type="scavenge" contextid="1904" durationms="80.419" usertimems="317.742" systemtimems="0.000" stalltimems="2.269" timestamp="2022-02-08T17:22:41.586" activeThreads="4">
  <mem-info id="1909" free="188656952" total="1073741824" percent="17">
    <mem type="nursery" free="108585376" total="268435456" percent="40">
      <mem type="allocate" free="108585376" total="184221696" percent="58" />
      <mem type="survivor" free="0" total="84213760" percent="0" />
    </mem>
    <mem type="tenure" free="80071576" total="805306368" percent="9" macro-fragmented="348889">
      <mem type="soa" free="72017816" total="797252608" percent="9" />
      <mem type="loa" free="8053760" total="8053760" percent="100" />
    </mem>
    <pending-finalizers system="34" default="1" reference="7" classloader="0" />
    <remembered-set count="121" />
  </mem-info>
</gc-end>
<cycle-end id="1910" type="scavenge" contextid="1904" timestamp="2022-02-08T17:22:41.586" />
<allocation-satisfied id="1911" threadId="0000000000016F00" bytesRequested="24" />
<af-end id="1912" timestamp="2022-02-08T17:22:41.586" threadId="0000000000017908" success="true" from="nursery"/>
<exclusive-end id="1913" timestamp="2022-02-08T17:22:41.586" durationms="80.785" />

<concurrent-end id="1914" type="global mark" contextid="1899" timestamp="2022-02-08T17:22:41.793">
<gc-op id="1915" type="trace" timems="349.415" contextid="1899" timestamp="2022-02-08T17:22:41.793">
  <trace bytesTraced="74430968" workStackOverflowCount="0" />
  <card-cleaning reason="card cleaning threshold reached" bytesTraced="1000" cardsCleaned="2" />
</gc-op>
</concurrent-end>

<exclusive-start id="1916" timestamp="2022-02-08T17:22:41.793" intervalms="287.350">
  <response-info timems="0.017" idlems="0.017" threads="0" lastid="0000000000016F00" lastname="main" />
</exclusive-start>
<concurrent-global-final id="1917" timestamp="2022-02-08T17:22:41.793" contextid="1899" intervalms="2831.455" >
  <concurrent-trace-info reason="card cleaning threshold reached" tracedByMutators="52098944" tracedByHelpers="22333024" cardsCleaned="2" workStackOverflowCount="0" />
</concurrent-global-final>
<gc-start id="1918" type="global" contextid="1899" timestamp="2022-02-08T17:22:41.793">
  <mem-info id="1919" free="173870368" total="1073741824" percent="16">
    <mem type="nursery" free="93798792" total="268435456" percent="34">
      <mem type="allocate" free="93798792" total="184221696" percent="50" />
      <mem type="survivor" free="0" total="84213760" percent="0" />
    </mem>
    <mem type="tenure" free="80071576" total="805306368" percent="9">
      <mem type="soa" free="72017816" total="797252608" percent="9" />
      <mem type="loa" free="8053760" total="8053760" percent="100" />
    </mem>
    <remembered-set count="122" />
  </mem-info>
</gc-start>
<allocation-stats totalBytes="14779096" >
  <allocated-bytes non-tlh="24" tlh="14779072" />
  <largest-consumer threadName="main" threadId="0000000000016F00" bytes="14770904" />
</allocation-stats>
<gc-op id="1920" type="rs-scan" timems="125.836" contextid="1899" timestamp="2022-02-08T17:22:41.919">
  <scan objectsFound="3324752" bytesTraced="71013416" workStackOverflowCount="0" />
</gc-op>
<gc-op id="1921" type="card-cleaning" timems="0.714" contextid="1899" timestamp="2022-02-08T17:22:41.919">
  <card-cleaning cardsCleaned="3" bytesTraced="1348" workStackOverflowCount="0" />
</gc-op>
<gc-op id="1922" type="mark" timems="43.124" contextid="1899" timestamp="2022-02-08T17:22:41.962">
  <trace-info objectcount="1354773" scancount="1017606" scanbytes="21776648" />
  <finalization candidates="428" enqueued="57" />
  <ownableSynchronizers candidates="1" cleared="0" />
  <references type="soft" candidates="894" cleared="0" enqueued="0" dynamicThreshold="12" maxThreshold="32" />
  <references type="weak" candidates="1701" cleared="0" enqueued="0" />
  <references type="phantom" candidates="52" cleared="2" enqueued="2" />
  <stringconstants candidates="6470" cleared="0"  />
  <object-monitors candidates="2" cleared="0"  />
</gc-op>
<gc-op id="1923" type="sweep" timems="6.639" contextid="1899" timestamp="2022-02-08T17:22:41.969" />
<gc-end id="1924" type="global" contextid="1899" durationms="176.544" usertimems="194.368" systemtimems="0.040" stalltimems="129.417" timestamp="2022-02-08T17:22:41.969" activeThreads="4">
  <mem-info id="1925" free="417388408" total="1073741824" percent="38">
    <mem type="nursery" free="94334072" total="268435456" percent="35">
      <mem type="allocate" free="94334072" total="184221696" percent="51" />
      <mem type="survivor" free="0" total="84213760" percent="0" />
    </mem>
    <mem type="tenure" free="323054336" total="805306368" percent="40" micro-fragmented="303369" macro-fragmented="0">
      <mem type="soa" free="315000576" total="797252608" percent="39" />
      <mem type="loa" free="8053760" total="8053760" percent="100" />
    </mem>
    <pending-finalizers system="57" default="0" reference="2" classloader="0" />
    <remembered-set count="109" />
  </mem-info>
</gc-end>
<cycle-end id="1926" type="global" contextid="1899" timestamp="2022-02-08T17:22:41.969" />
<exclusive-end id="1927" timestamp="2022-02-08T17:22:41.969" durationms="176.781" />

<exclusive-start id="1928" timestamp="2022-02-08T17:22:42.675" intervalms="882.051">
  <response-info timems="0.023" idlems="0.023" threads="0" lastid="0000000000016F00" lastname="main" />
</exclusive-start>
<af-start id="1929" threadId="0000000000017908" totalBytesRequested="64" timestamp="2022-02-08T17:22:42.675" intervalms="1169.442" type="nursery" />
<cycle-start id="1930" type="scavenge" contextid="0" timestamp="2022-02-08T17:22:42.675" intervalms="1169.447" />
<gc-start id="1931" type="scavenge" contextid="1930" timestamp="2022-02-08T17:22:42.675">
  <mem-info id="1932" free="323054336" total="1073741824" percent="30">
    <mem type="nursery" free="0" total="268435456" percent="0">
      <mem type="allocate" free="0" total="184221696" percent="0" />
      <mem type="survivor" free="0" total="84213760" percent="0" />
    </mem>
    <mem type="tenure" free="323054336" total="805306368" percent="40">
      <mem type="soa" free="315000576" total="797252608" percent="39" />
      <mem type="loa" free="8053760" total="8053760" percent="100" />
    </mem>
    <remembered-set count="110" />
  </mem-info>
</gc-start>
<allocation-stats totalBytes="94292168" >
  <allocated-bytes non-tlh="0" tlh="94292168" />
  <largest-consumer threadName="main" threadId="0000000000016F00" bytes="94288072" />
</allocation-stats>
<gc-op id="1933" type="scavenge" timems="89.278" contextid="1930" timestamp="2022-02-08T17:22:42.764">
  <scavenger-info tenureage="1" tenuremask="7ffe" tiltratio="68" />
  <memory-copied type="nursery" objects="1406962" bytes="77594016" bytesdiscarded="331104" />
  <memory-copied type="tenure" objects="1422078" bytes="75203288" bytesdiscarded="38816" />
  <finalization candidates="45" enqueued="0" />
  <ownableSynchronizers candidates="2" cleared="2" />
  <object-monitors candidates="2" cleared="0"  />
</gc-op>
<gc-end id="1934" type="scavenge" contextid="1930" durationms="89.505" usertimems="351.098" systemtimems="0.000" stalltimems="2.861" timestamp="2022-02-08T17:22:42.764" activeThreads="4">
  <mem-info id="1935" free="352485304" total="1073741824" percent="32">
    <mem type="nursery" free="104789248" total="268435456" percent="39">
      <mem type="allocate" free="104789248" total="182714368" percent="57" />
      <mem type="survivor" free="0" total="85721088" percent="0" />
    </mem>
    <mem type="tenure" free="247696056" total="805306368" percent="30" macro-fragmented="0">
      <mem type="soa" free="239642296" total="797252608" percent="30" />
      <mem type="loa" free="8053760" total="8053760" percent="100" />
    </mem>
    <remembered-set count="103" />
  </mem-info>
</gc-end>
<cycle-end id="1936" type="scavenge" contextid="1930" timestamp="2022-02-08T17:22:42.764" />
<allocation-satisfied id="1937" threadId="0000000000016F00" bytesRequested="64" />
<af-end id="1938" timestamp="2022-02-08T17:22:42.764" threadId="0000000000017908" success="true" from="nursery"/>
<exclusive-end id="1939" timestamp="2022-02-08T17:22:42.764" durationms="89.834" />

<exclusive-start id="1940" timestamp="2022-02-08T17:22:43.450" intervalms="775.648">
  <response-info timems="0.017" idlems="0.017" threads="0" lastid="0000000000016F00" lastname="main" />
</exclusive-start>
<af-start id="1941" threadId="0000000000017908" totalBytesRequested="184" timestamp="2022-02-08T17:22:43.450" intervalms="775.607" type="nursery" />
<cycle-start id="1942" type="scavenge" contextid="0" timestamp="2022-02-08T17:22:43.450" intervalms="775.603" />
<gc-start id="1943" type="scavenge" contextid="1942" timestamp="2022-02-08T17:22:43.450">
  <mem-info id="1944" free="247696056" total="1073741824" percent="23">
    <mem type="nursery" free="0" total="268435456" percent="0">
      <mem type="allocate" free="0" total="182714368" percent="0" />
      <mem type="survivor" free="0" total="85721088" percent="0" />
    </mem>
    <mem type="tenure" free="247696056" total="805306368" percent="30">
      <mem type="soa" free="239642296" total="797252608" percent="30" />
      <mem type="loa" free="8053760" total="8053760" percent="100" />
    </mem>
    <remembered-set count="103" />
  </mem-info>
</gc-start>
<allocation-stats totalBytes="104742656" >
  <allocated-bytes non-tlh="64" tlh="104742592" />
  <largest-consumer threadName="main" threadId="0000000000016F00" bytes="104742656" />
</allocation-stats>
<gc-op id="1945" type="scavenge" timems="76.668" contextid="1942" timestamp="2022-02-08T17:22:43.527">
  <scavenger-info tenureage="1" tenuremask="7ffe" tiltratio="68" />
  <memory-copied type="nursery" objects="1307541" bytes="74469488" bytesdiscarded="179344" />
  <memory-copied type="tenure" objects="1406961" bytes="77593976" bytesdiscarded="41288" />
  <object-monitors candidates="2" cleared="0"  />
</gc-op>
<gc-end id="1946" type="scavenge" contextid="1942" durationms="76.946" usertimems="302.720" systemtimems="0.000" stalltimems="3.057" timestamp="2022-02-08T17:22:43.527" activeThreads="4">
  <mem-info id="1947" free="278322672" total="1073741824" percent="25">
    <mem type="nursery" free="108458752" total="268435456" percent="40">
      <mem type="allocate" free="108458752" total="183107584" percent="59" />
      <mem type="survivor" free="0" total="85327872" percent="0" />
    </mem>
    <mem type="tenure" free="169863920" total="805306368" percent="21" macro-fragmented="0">
      <mem type="soa" free="161810160" total="797252608" percent="20" />
      <mem type="loa" free="8053760" total="8053760" percent="100" />
    </mem>
    <remembered-set count="104" />
  </mem-info>
</gc-end>
<cycle-end id="1948" type="scavenge" contextid="1942" timestamp="2022-02-08T17:22:43.527" />
<allocation-satisfied id="1949" threadId="0000000000016F00" bytesRequested="184" />
<af-end id="1950" timestamp="2022-02-08T17:22:43.527" threadId="0000000000017908" success="true" from="nursery"/>
<exclusive-end id="1951" timestamp="2022-02-08T17:22:43.527" durationms="77.189" />

<exclusive-start id="1952" timestamp="2022-02-08T17:22:44.427" intervalms="976.929">
  <response-info timems="0.018" idlems="0.018" threads="0" lastid="0000000000016F00" lastname="main" />
</exclusive-start>
<af-start id="1953" threadId="0000000000017908" totalBytesRequested="24" timestamp="2022-02-08T17:22:44.427" intervalms="976.932" type="nursery" />
<cycle-start id="1954" type="scavenge" contextid="0" timestamp="2022-02-08T17:22:44.427" intervalms="976.931" />
<gc-start id="1955" type="scavenge" contextid="1954" timestamp="2022-02-08T17:22:44.427">
  <mem-info id="1956" free="169863920" total="1073741824" percent="15">
    <mem type="nursery" free="0" total="268435456" percent="0">
      <mem type="allocate" free="0" total="183107584" percent="0" />
      <mem type="survivor" free="0" total="85327872" percent="0" />
    </mem>
    <mem type="tenure" free="169863920" total="805306368" percent="21">
      <mem type="soa" free="161810160" total="797252608" percent="20" />
      <mem type="loa" free="8053760" total="8053760" percent="100" />
    </mem>
    <remembered-set count="134" />
  </mem-info>
</gc-start>
<allocation-stats totalBytes="108409432" >
  <allocated-bytes non-tlh="3009008" tlh="105400424" />
  <largest-consumer threadName="main" threadId="0000000000016F00" bytes="108409432" />
</allocation-stats>
<gc-op id="1957" type="scavenge" timems="77.214" contextid="1954" timestamp="2022-02-08T17:22:44.505">
  <scavenger-info tenureage="1" tenuremask="7ffe" tiltratio="68" />
  <memory-copied type="nursery" objects="1458365" bytes="76237264" bytesdiscarded="115152" />
  <memory-copied type="tenure" objects="1307540" bytes="74469384" bytesdiscarded="38056" />
  <finalization candidates="110" enqueued="53" />
  <references type="soft" candidates="14" cleared="0" enqueued="0" dynamicThreshold="12" maxThreshold="32" />
  <references type="weak" candidates="1" cleared="0" enqueued="0" />
  <references type="phantom" candidates="95" cleared="7" enqueued="7" />
  <object-monitors candidates="2" cleared="0"  />
</gc-op>
<gc-end id="1958" type="scavenge" contextid="1954" durationms="77.459" usertimems="294.911" systemtimems="0.000" stalltimems="3.431" timestamp="2022-02-08T17:22:44.505" activeThreads="4">
  <mem-info id="1959" free="202353280" total="1073741824" percent="18">
    <mem type="nursery" free="106951648" total="268435456" percent="39">
      <mem type="allocate" free="106951648" total="183304192" percent="58" />
      <mem type="survivor" free="0" total="85131264" percent="0" />
    </mem>
    <mem type="tenure" free="95401632" total="805306368" percent="11" macro-fragmented="27735676">
      <mem type="soa" free="87347872" total="797252608" percent="10" />
      <mem type="loa" free="8053760" total="8053760" percent="100" />
    </mem>
    <pending-finalizers system="52" default="1" reference="7" classloader="0" />
    <remembered-set count="129" />
  </mem-info>
</gc-end>
<cycle-end id="1960" type="scavenge" contextid="1954" timestamp="2022-02-08T17:22:44.505" />
<allocation-satisfied id="1961" threadId="0000000000016F00" bytesRequested="24" />
<af-end id="1962" timestamp="2022-02-08T17:22:44.505" threadId="0000000000017908" success="true" from="nursery"/>
<exclusive-end id="1963" timestamp="2022-02-08T17:22:44.505" durationms="77.720" />

<concurrent-kickoff id="1964" timestamp="2022-02-08T17:22:45.186">
  <kickoff reason="threshold reached" targetBytes="74583897" thresholdFreeBytes="5767570"  remainingFree="5698528" tenureFreeBytes="95401632" nurseryFreeBytes="5698528" />
</concurrent-kickoff>
<exclusive-start id="1965" timestamp="2022-02-08T17:22:45.189" intervalms="761.585">
  <response-info timems="0.019" idlems="0.019" threads="0" lastid="0000000000016F00" lastname="main" />
</exclusive-start>
<cycle-start id="1966" type="global" contextid="0" timestamp="2022-02-08T17:22:45.189" intervalms="3745.703" />
<concurrent-start id="1967" type="global mark" contextid="1966" timestamp="2022-02-08T17:22:45.189">
</concurrent-start>
<exclusive-end id="1968" timestamp="2022-02-08T17:22:45.189" durationms="0.027" />

<exclusive-start id="1969" timestamp="2022-02-08T17:22:45.309" intervalms="119.708">
  <response-info timems="0.029" idlems="0.029" threads="0" lastid="0000000000016F00" lastname="main" />
</exclusive-start>
<af-start id="1970" threadId="0000000000017908" totalBytesRequested="184" timestamp="2022-02-08T17:22:45.309" intervalms="881.302" type="nursery" />
<cycle-start id="1971" type="scavenge" contextid="0" timestamp="2022-02-08T17:22:45.309" intervalms="881.302" />
<gc-start id="1972" type="scavenge" contextid="1971" timestamp="2022-02-08T17:22:45.309">
  <mem-info id="1973" free="95401632" total="1073741824" percent="8">
    <mem type="nursery" free="0" total="268435456" percent="0">
      <mem type="allocate" free="0" total="183304192" percent="0" />
      <mem type="survivor" free="0" total="85131264" percent="0" />
    </mem>
    <mem type="tenure" free="95401632" total="805306368" percent="11">
      <mem type="soa" free="87347872" total="797252608" percent="10" />
      <mem type="loa" free="8053760" total="8053760" percent="100" />
    </mem>
    <remembered-set count="130" />
  </mem-info>
</gc-start>
<allocation-stats totalBytes="106900920" >
  <allocated-bytes non-tlh="24" tlh="106900896" />
  <largest-consumer threadName="main" threadId="0000000000016F00" bytes="106892728" />
</allocation-stats>
<gc-op id="1974" type="scavenge" timems="80.931" contextid="1971" timestamp="2022-02-08T17:22:45.390">
  <scavenger-info tenureage="1" tenuremask="7ffe" tiltratio="68" />
  <memory-copied type="nursery" objects="1374563" bytes="76141408" bytesdiscarded="254200" />
  <memory-copied type="tenure" objects="1457654" bytes="75769408" bytesdiscarded="33512" />
  <finalization candidates="57" enqueued="0" />
  <object-monitors candidates="2" cleared="0"  />
</gc-op>
<gc-end id="1975" type="scavenge" contextid="1971" durationms="81.062" usertimems="320.349" systemtimems="0.000" stalltimems="2.200" timestamp="2022-02-08T17:22:45.390" activeThreads="4">
  <mem-info id="1976" free="127025328" total="1073741824" percent="11">
    <mem type="nursery" free="107498408" total="268435456" percent="40">
      <mem type="allocate" free="107498408" total="183894016" percent="58" />
      <mem type="survivor" free="0" total="84541440" percent="0" />
    </mem>
    <mem type="tenure" free="19526920" total="805306368" percent="2" macro-fragmented="15625808">
      <mem type="soa" free="11473160" total="797252608" percent="1" />
      <mem type="loa" free="8053760" total="8053760" percent="100" />
    </mem>
    <remembered-set count="102" />
  </mem-info>
</gc-end>
<cycle-end id="1977" type="scavenge" contextid="1971" timestamp="2022-02-08T17:22:45.390" />
<allocation-satisfied id="1978" threadId="0000000000016F00" bytesRequested="184" />
<af-end id="1979" timestamp="2022-02-08T17:22:45.390" threadId="0000000000017908" success="true" from="nursery"/>
<exclusive-end id="1980" timestamp="2022-02-08T17:22:45.390" durationms="81.370" />

<concurrent-end id="1981" type="global mark" contextid="1966" timestamp="2022-02-08T17:22:45.519">
<gc-op id="1982" type="trace" timems="330.303" contextid="1966" timestamp="2022-02-08T17:22:45.519">
  <trace bytesTraced="74431144" workStackOverflowCount="0" />
  <card-cleaning reason="card cleaning threshold reached" bytesTraced="1000" cardsCleaned="2" />
</gc-op>
</concurrent-end>

<exclusive-start id="1983" timestamp="2022-02-08T17:22:45.519" intervalms="210.660">
  <response-info timems="0.017" idlems="0.017" threads="0" lastid="0000000000016F00" lastname="main" />
</exclusive-start>
<concurrent-global-final id="1984" timestamp="2022-02-08T17:22:45.519" contextid="1966" intervalms="3726.572" >
  <concurrent-trace-info reason="card cleaning threshold reached" tracedByMutators="58065432" tracedByHelpers="16366712" cardsCleaned="2" workStackOverflowCount="0" />
</concurrent-global-final>
<gc-start id="1985" type="global" contextid="1966" timestamp="2022-02-08T17:22:45.519">
  <mem-info id="1986" free="118800376" total="1073741824" percent="11">
    <mem type="nursery" free="99273456" total="268435456" percent="36">
      <mem type="allocate" free="99273456" total="183894016" percent="53" />
      <mem type="survivor" free="0" total="84541440" percent="0" />
    </mem>
    <mem type="tenure" free="19526920" total="805306368" percent="2">
      <mem type="soa" free="11473160" total="797252608" percent="1" />
      <mem type="loa" free="8053760" total="8053760" percent="100" />
    </mem>
    <remembered-set count="102" />
  </mem-info>
</gc-start>
<allocation-stats totalBytes="8222008" >
  <allocated-bytes non-tlh="184" tlh="8221824" />
  <largest-consumer threadName="main" threadId="0000000000016F00" bytes="8222008" />
</allocation-stats>
<gc-op id="1987" type="rs-scan" timems="0.527" contextid="1966" timestamp="2022-02-08T17:22:45.520">
  <scan objectsFound="0" bytesTraced="3836" workStackOverflowCount="0" />
</gc-op>
<gc-op id="1988" type="card-cleaning" timems="147.027" contextid="1966" timestamp="2022-02-08T17:22:45.667">
  <card-cleaning cardsCleaned="10" bytesTraced="71012224" workStackOverflowCount="0" />
</gc-op>
<gc-op id="1989" type="mark" timems="70.875" contextid="1966" timestamp="2022-02-08T17:22:45.738">
  <trace-info objectcount="2408735" scancount="1808078" scanbytes="38640064" />
  <finalization candidates="428" enqueued="57" />
  <ownableSynchronizers candidates="1" cleared="0" />
  <references type="soft" candidates="894" cleared="0" enqueued="0" dynamicThreshold="12" maxThreshold="32" />
  <references type="weak" candidates="1701" cleared="0" enqueued="0" />
  <references type="phantom" candidates="52" cleared="2" enqueued="2" />
  <stringconstants candidates="6470" cleared="0"  />
  <object-monitors candidates="2" cleared="0"  />
</gc-op>
<gc-op id="1990" type="sweep" timems="5.367" contextid="1966" timestamp="2022-02-08T17:22:45.743" />
<gc-end id="1991" type="global" contextid="1966" durationms="224.000" usertimems="240.327" systemtimems="0.000" stalltimems="211.648" timestamp="2022-02-08T17:22:45.743" activeThreads="4">
  <mem-info id="1992" free="362213264" total="1073741824" percent="33">
    <mem type="nursery" free="99619656" total="268435456" percent="37">
      <mem type="allocate" free="99619656" total="183894016" percent="54" />
      <mem type="survivor" free="0" total="84541440" percent="0" />
    </mem>
    <mem type="tenure" free="262593608" total="805306368" percent="32" micro-fragmented="358191" macro-fragmented="0">
      <mem type="soa" free="254539848" total="797252608" percent="31" />
      <mem type="loa" free="8053760" total="8053760" percent="100" />
    </mem>
    <pending-finalizers system="57" default="0" reference="2" classloader="0" />
    <remembered-set count="102" />
  </mem-info>
</gc-end>
<cycle-end id="1993" type="global" contextid="1966" timestamp="2022-02-08T17:22:45.743" />
<exclusive-end id="1994" timestamp="2022-02-08T17:22:45.743" durationms="224.228" />

<exclusive-start id="1995" timestamp="2022-02-08T17:22:46.336" intervalms="816.376">
  <response-info timems="0.017" idlems="0.017" threads="0" lastid="0000000000016F00" lastname="main" />
</exclusive-start>
<af-start id="1996" threadId="0000000000017908" totalBytesRequested="64" timestamp="2022-02-08T17:22:46.336" intervalms="1027.034" type="nursery" />
<cycle-start id="1997" type="scavenge" contextid="0" timestamp="2022-02-08T17:22:46.336" intervalms="1027.035" />
<gc-start id="1998" type="scavenge" contextid="1997" timestamp="2022-02-08T17:22:46.336">
  <mem-info id="1999" free="262593608" total="1073741824" percent="24">
    <mem type="nursery" free="0" total="268435456" percent="0">
      <mem type="allocate" free="0" total="183894016" percent="0" />
      <mem type="survivor" free="0" total="84541440" percent="0" />
    </mem>
    <mem type="tenure" free="262593608" total="805306368" percent="32">
      <mem type="soa" free="254539848" total="797252608" percent="31" />
      <mem type="loa" free="8053760" total="8053760" percent="100" />
    </mem>
    <remembered-set count="105" />
  </mem-info>
</gc-start>
<allocation-stats totalBytes="99577128" >
  <allocated-bytes non-tlh="0" tlh="99577128" />
  <largest-consumer threadName="main" threadId="0000000000016F00" bytes="99573032" />
</allocation-stats>
<gc-op id="2000" type="scavenge" timems="74.156" contextid="1997" timestamp="2022-02-08T17:22:46.410">
  <scavenger-info tenureage="1" tenuremask="7ffe" tiltratio="68" />
  <memory-copied type="nursery" objects="1355519" bytes="76557016" bytesdiscarded="252816" />
  <memory-copied type="tenure" objects="1374562" bytes="76141304" bytesdiscarded="42488" />
  <ownableSynchronizers candidates="2" cleared="2" />
  <object-monitors candidates="2" cleared="0"  />
</gc-op>
<gc-end id="2001" type="scavenge" contextid="1997" durationms="74.342" usertimems="293.493" systemtimems="0.353" stalltimems="1.689" timestamp="2022-02-08T17:22:46.410" activeThreads="4">
  <mem-info id="2002" free="293605464" total="1073741824" percent="27">
    <mem type="nursery" free="107346328" total="268435456" percent="39">
      <mem type="allocate" free="107346328" total="184156160" percent="58" />
      <mem type="survivor" free="0" total="84279296" percent="0" />
    </mem>
    <mem type="tenure" free="186259136" total="805306368" percent="23" macro-fragmented="0">
      <mem type="soa" free="178205376" total="797252608" percent="22" />
      <mem type="loa" free="8053760" total="8053760" percent="100" />
    </mem>
    <remembered-set count="105" />
  </mem-info>
</gc-end>
<cycle-end id="2003" type="scavenge" contextid="1997" timestamp="2022-02-08T17:22:46.410" />
<allocation-satisfied id="2004" threadId="0000000000016F00" bytesRequested="64" />
<af-end id="2005" timestamp="2022-02-08T17:22:46.410" threadId="0000000000017908" success="true" from="nursery"/>
<exclusive-end id="2006" timestamp="2022-02-08T17:22:46.410" durationms="74.595" />

<exclusive-start id="2007" timestamp="2022-02-08T17:22:47.271" intervalms="935.355">
  <response-info timems="0.019" idlems="0.019" threads="0" lastid="0000000000016F00" lastname="main" />
</exclusive-start>
<af-start id="2008" threadId="0000000000017908" totalBytesRequested="176" timestamp="2022-02-08T17:22:47.271" intervalms="935.350" type="nursery" />
<cycle-start id="2009" type="scavenge" contextid="0" timestamp="2022-02-08T17:22:47.271" intervalms="935.351" />
<gc-start id="2010" type="scavenge" contextid="2009" timestamp="2022-02-08T17:22:47.271">
  <mem-info id="2011" free="186259136" total="1073741824" percent="17">
    <mem type="nursery" free="0" total="268435456" percent="0">
      <mem type="allocate" free="0" total="184156160" percent="0" />
      <mem type="survivor" free="0" total="84279296" percent="0" />
    </mem>
    <mem type="tenure" free="186259136" total="805306368" percent="23">
      <mem type="soa" free="178205376" total="797252608" percent="22" />
      <mem type="loa" free="8053760" total="8053760" percent="100" />
    </mem>
    <remembered-set count="136" />
  </mem-info>
</gc-start>
<allocation-stats totalBytes="107297224" >
  <allocated-bytes non-tlh="1661208" tlh="105636016" />
  <largest-consumer threadName="main" threadId="0000000000016F00" bytes="107297224" />
</allocation-stats>
<gc-op id="2012" type="scavenge" timems="75.717" contextid="2009" timestamp="2022-02-08T17:22:47.347">
  <scavenger-info tenureage="1" tenuremask="7ffe" tiltratio="68" />
  <memory-copied type="nursery" objects="1442436" bytes="75475592" bytesdiscarded="95456" />
  <memory-copied type="tenure" objects="1355518" bytes="76556976" bytesdiscarded="37632" />
  <finalization candidates="109" enqueued="53" />
  <references type="soft" candidates="14" cleared="0" enqueued="0" dynamicThreshold="10" maxThreshold="32" />
  <references type="weak" candidates="1" cleared="0" enqueued="0" />
  <references type="phantom" candidates="94" cleared="7" enqueued="7" />
  <object-monitors candidates="2" cleared="0"  />
</gc-op>
<gc-end id="2013" type="scavenge" contextid="2009" durationms="75.919" usertimems="297.473" systemtimems="0.345" stalltimems="4.265" timestamp="2022-02-08T17:22:47.347" activeThreads="4">
  <mem-info id="2014" free="218563072" total="1073741824" percent="20">
    <mem type="nursery" free="108912664" total="268435456" percent="40">
      <mem type="allocate" free="108912664" total="184483840" percent="59" />
      <mem type="survivor" free="0" total="83951616" percent="0" />
    </mem>
    <mem type="tenure" free="109650408" total="805306368" percent="13" macro-fragmented="0">
      <mem type="soa" free="101596648" total="797252608" percent="12" />
      <mem type="loa" free="8053760" total="8053760" percent="100" />
    </mem>
    <pending-finalizers system="52" default="1" reference="7" classloader="0" />
    <remembered-set count="132" />
  </mem-info>
</gc-end>
<cycle-end id="2015" type="scavenge" contextid="2009" timestamp="2022-02-08T17:22:47.347" />
<allocation-satisfied id="2016" threadId="0000000000016F00" bytesRequested="176" />
<af-end id="2017" timestamp="2022-02-08T17:22:47.347" threadId="0000000000017908" success="true" from="nursery"/>
<exclusive-end id="2018" timestamp="2022-02-08T17:22:47.347" durationms="76.167" />

<concurrent-kickoff id="2019" timestamp="2022-02-08T17:22:48.036">
  <kickoff reason="threshold reached" targetBytes="74553528" thresholdFreeBytes="5763163"  remainingFree="5746440" tenureFreeBytes="109650408" nurseryFreeBytes="5746440" />
</concurrent-kickoff>
<exclusive-start id="2020" timestamp="2022-02-08T17:22:48.040" intervalms="768.796">
  <response-info timems="0.018" idlems="0.018" threads="0" lastid="0000000000016F00" lastname="main" />
</exclusive-start>
<cycle-start id="2021" type="global" contextid="0" timestamp="2022-02-08T17:22:48.040" intervalms="2850.896" />
<concurrent-start id="2022" type="global mark" contextid="2021" timestamp="2022-02-08T17:22:48.040">
</concurrent-start>
<exclusive-end id="2023" timestamp="2022-02-08T17:22:48.040" durationms="0.028" />

<exclusive-start id="2024" timestamp="2022-02-08T17:22:48.163" intervalms="123.147">
  <response-info timems="0.029" idlems="0.029" threads="0" lastid="0000000000016F00" lastname="main" />
</exclusive-start>
<af-start id="2025" threadId="0000000000017908" totalBytesRequested="200" timestamp="2022-02-08T17:22:48.163" intervalms="891.948" type="nursery" />
<cycle-start id="2026" type="scavenge" contextid="0" timestamp="2022-02-08T17:22:48.163" intervalms="891.946" />
<gc-start id="2027" type="scavenge" contextid="2026" timestamp="2022-02-08T17:22:48.163">
  <mem-info id="2028" free="109650408" total="1073741824" percent="10">
    <mem type="nursery" free="0" total="268435456" percent="0">
      <mem type="allocate" free="0" total="184483840" percent="0" />
      <mem type="survivor" free="0" total="83951616" percent="0" />
    </mem>
    <mem type="tenure" free="109650408" total="805306368" percent="13">
      <mem type="soa" free="101596648" total="797252608" percent="12" />
      <mem type="loa" free="8053760" total="8053760" percent="100" />
    </mem>
    <remembered-set count="133" />
  </mem-info>
</gc-start>
<allocation-stats totalBytes="108863280" >
  <allocated-bytes non-tlh="1347856" tlh="107515424" />
  <largest-consumer threadName="main" threadId="0000000000016F00" bytes="108855088" />
</allocation-stats>
<gc-op id="2029" type="scavenge" timems="81.069" contextid="2026" timestamp="2022-02-08T17:22:48.244">
  <scavenger-info tenureage="1" tenuremask="7ffe" tiltratio="68" />
  <memory-copied type="nursery" objects="1385626" bytes="77937808" bytesdiscarded="165176" />
  <memory-copied type="tenure" objects="1441716" bytes="74532328" bytesdiscarded="43904" />
  <finalization candidates="57" enqueued="0" />
  <references type="phantom" candidates="1" cleared="0" enqueued="0" />
  <object-monitors candidates="2" cleared="0"  />
</gc-op>
<gc-end id="2030" type="scavenge" contextid="2026" durationms="81.324" usertimems="318.609" systemtimems="0.000" stalltimems="5.253" timestamp="2022-02-08T17:22:48.244" activeThreads="4">
  <mem-info id="2031" free="139144744" total="1073741824" percent="12">
    <mem type="nursery" free="104021560" total="268435456" percent="38">
      <mem type="allocate" free="104021560" total="182124544" percent="57" />
      <mem type="survivor" free="0" total="86310912" percent="0" />
    </mem>
    <mem type="tenure" free="35123184" total="805306368" percent="4" macro-fragmented="0">
      <mem type="soa" free="27069424" total="797252608" percent="3" />
      <mem type="loa" free="8053760" total="8053760" percent="100" />
    </mem>
    <remembered-set count="102" />
  </mem-info>
</gc-end>
<cycle-end id="2032" type="scavenge" contextid="2026" timestamp="2022-02-08T17:22:48.244" />
<allocation-satisfied id="2033" threadId="0000000000016F00" bytesRequested="200" />
<af-end id="2034" timestamp="2022-02-08T17:22:48.244" threadId="0000000000017908" success="true" from="nursery"/>
<exclusive-end id="2035" timestamp="2022-02-08T17:22:48.244" durationms="81.624" />

<concurrent-end id="2036" type="global mark" contextid="2021" timestamp="2022-02-08T17:22:48.361">
<gc-op id="2037" type="trace" timems="321.076" contextid="2021" timestamp="2022-02-08T17:22:48.361">
  <trace bytesTraced="74431352" workStackOverflowCount="0" />
  <card-cleaning reason="card cleaning threshold reached" bytesTraced="1000" cardsCleaned="2" />
</gc-op>
</concurrent-end>

<exclusive-start id="2038" timestamp="2022-02-08T17:22:48.361" intervalms="197.998">
  <response-info timems="0.017" idlems="0.017" threads="0" lastid="0000000000016F00" lastname="main" />
</exclusive-start>
<concurrent-global-final id="2039" timestamp="2022-02-08T17:22:48.361" contextid="2021" intervalms="2841.672" >
  <concurrent-trace-info reason="card cleaning threshold reached" tracedByMutators="57167636" tracedByHelpers="17264716" cardsCleaned="2" workStackOverflowCount="0" />
</concurrent-global-final>
<gc-start id="2040" type="global" contextid="2021" timestamp="2022-02-08T17:22:48.361">
  <mem-info id="2041" free="131575136" total="1073741824" percent="12">
    <mem type="nursery" free="96451952" total="268435456" percent="35">
      <mem type="allocate" free="96451952" total="182124544" percent="52" />
      <mem type="survivor" free="0" total="86310912" percent="0" />
    </mem>
    <mem type="tenure" free="35123184" total="805306368" percent="4">
      <mem type="soa" free="27069424" total="797252608" percent="3" />
      <mem type="loa" free="8053760" total="8053760" percent="100" />
    </mem>
    <remembered-set count="102" />
  </mem-info>
</gc-start>
<allocation-stats totalBytes="7564968" >
  <allocated-bytes non-tlh="200" tlh="7564768" />
  <largest-consumer threadName="main" threadId="0000000000016F00" bytes="7564968" />
</allocation-stats>
<gc-op id="2042" type="rs-scan" timems="0.528" contextid="2021" timestamp="2022-02-08T17:22:48.361">
  <scan objectsFound="29" bytesTraced="5268" workStackOverflowCount="0" />
</gc-op>
<gc-op id="2043" type="card-cleaning" timems="150.816" contextid="2021" timestamp="2022-02-08T17:22:48.512">
  <card-cleaning cardsCleaned="9" bytesTraced="71010776" workStackOverflowCount="0" />
</gc-op>
<gc-op id="2044" type="mark" timems="57.134" contextid="2021" timestamp="2022-02-08T17:22:48.569">
  <trace-info objectcount="2153215" scancount="1616439" scanbytes="34551720" />
  <finalization candidates="428" enqueued="57" />
  <ownableSynchronizers candidates="1" cleared="0" />
  <references type="soft" candidates="894" cleared="0" enqueued="0" dynamicThreshold="10" maxThreshold="32" />
  <references type="weak" candidates="1701" cleared="0" enqueued="0" />
  <references type="phantom" candidates="52" cleared="2" enqueued="2" />
  <stringconstants candidates="6470" cleared="0"  />
  <object-monitors candidates="2" cleared="0"  />
</gc-op>
<gc-op id="2045" type="sweep" timems="5.088" contextid="2021" timestamp="2022-02-08T17:22:48.575" />
<gc-end id="2046" type="global" contextid="2021" durationms="213.820" usertimems="224.451" systemtimems="4.355" stalltimems="172.038" timestamp="2022-02-08T17:22:48.575" activeThreads="4">
  <mem-info id="2047" free="374678608" total="1073741824" percent="34">
    <mem type="nursery" free="96709480" total="268435456" percent="36">
      <mem type="allocate" free="96709480" total="182124544" percent="53" />
      <mem type="survivor" free="0" total="86310912" percent="0" />
    </mem>
    <mem type="tenure" free="277969128" total="805306368" percent="34" micro-fragmented="344461" macro-fragmented="0">
      <mem type="soa" free="269915368" total="797252608" percent="33" />
      <mem type="loa" free="8053760" total="8053760" percent="100" />
    </mem>
    <pending-finalizers system="57" default="0" reference="2" classloader="0" />
    <remembered-set count="102" />
  </mem-info>
</gc-end>
<cycle-end id="2048" type="global" contextid="2021" timestamp="2022-02-08T17:22:48.575" />
<exclusive-end id="2049" timestamp="2022-02-08T17:22:48.575" durationms="214.015" />

<exclusive-start id="2050" timestamp="2022-02-08T17:22:49.162" intervalms="801.654">
  <response-info timems="0.018" idlems="0.018" threads="0" lastid="0000000000016F00" lastname="main" />
</exclusive-start>
<af-start id="2051" threadId="0000000000017908" totalBytesRequested="24" timestamp="2022-02-08T17:22:49.163" intervalms="999.642" type="nursery" />
<cycle-start id="2052" type="scavenge" contextid="0" timestamp="2022-02-08T17:22:49.163" intervalms="999.641" />
<gc-start id="2053" type="scavenge" contextid="2052" timestamp="2022-02-08T17:22:49.163">
  <mem-info id="2054" free="277969128" total="1073741824" percent="25">
    <mem type="nursery" free="0" total="268435456" percent="0">
      <mem type="allocate" free="0" total="182124544" percent="0" />
      <mem type="survivor" free="0" total="86310912" percent="0" />
    </mem>
    <mem type="tenure" free="277969128" total="805306368" percent="34">
      <mem type="soa" free="269915368" total="797252608" percent="33" />
      <mem type="loa" free="8053760" total="8053760" percent="100" />
    </mem>
    <remembered-set count="105" />
  </mem-info>
</gc-start>
<allocation-stats totalBytes="96662792" >
  <allocated-bytes non-tlh="0" tlh="96662792" />
  <largest-consumer threadName="main" threadId="0000000000016F00" bytes="96658696" />
</allocation-stats>
<gc-op id="2055" type="scavenge" timems="74.294" contextid="2052" timestamp="2022-02-08T17:22:49.237">
  <scavenger-info tenureage="1" tenuremask="7ffe" tiltratio="67" />
  <memory-copied type="nursery" objects="1306371" bytes="74011104" bytesdiscarded="114984" />
  <memory-copied type="tenure" objects="1385625" bytes="77937696" bytesdiscarded="42208" />
  <finalization candidates="1" enqueued="0" />
  <ownableSynchronizers candidates="2" cleared="2" />
  <object-monitors candidates="2" cleared="0"  />
</gc-op>
<gc-end id="2056" type="scavenge" contextid="2052" durationms="74.480" usertimems="291.725" systemtimems="0.087" stalltimems="4.982" timestamp="2022-02-08T17:22:49.237" activeThreads="4">
  <mem-info id="2057" free="308258472" total="1073741824" percent="28">
    <mem type="nursery" free="108457208" total="268435456" percent="40">
      <mem type="allocate" free="108457208" total="182583296" percent="59" />
      <mem type="survivor" free="0" total="85852160" percent="0" />
    </mem>
    <mem type="tenure" free="199801264" total="805306368" percent="24" macro-fragmented="0">
      <mem type="soa" free="191747504" total="797252608" percent="24" />
      <mem type="loa" free="8053760" total="8053760" percent="100" />
    </mem>
    <remembered-set count="105" />
  </mem-info>
</gc-end>
<cycle-end id="2058" type="scavenge" contextid="2052" timestamp="2022-02-08T17:22:49.237" />
<allocation-satisfied id="2059" threadId="0000000000016F00" bytesRequested="24" />
<af-end id="2060" timestamp="2022-02-08T17:22:49.237" threadId="0000000000017908" success="true" from="nursery"/>
<exclusive-end id="2061" timestamp="2022-02-08T17:22:49.237" durationms="74.795" />

<exclusive-start id="2062" timestamp="2022-02-08T17:22:50.102" intervalms="939.222">
  <response-info timems="0.018" idlems="0.018" threads="0" lastid="0000000000016F00" lastname="main" />
</exclusive-start>
<af-start id="2063" threadId="0000000000017908" totalBytesRequested="120" timestamp="2022-02-08T17:22:50.102" intervalms="939.221" type="nursery" />
<cycle-start id="2064" type="scavenge" contextid="0" timestamp="2022-02-08T17:22:50.102" intervalms="939.224" />
<gc-start id="2065" type="scavenge" contextid="2064" timestamp="2022-02-08T17:22:50.102">
  <mem-info id="2066" free="199801264" total="1073741824" percent="18">
    <mem type="nursery" free="0" total="268435456" percent="0">
      <mem type="allocate" free="0" total="182583296" percent="0" />
      <mem type="survivor" free="0" total="85852160" percent="0" />
    </mem>
    <mem type="tenure" free="199801264" total="805306368" percent="24">
      <mem type="soa" free="191747504" total="797252608" percent="24" />
      <mem type="loa" free="8053760" total="8053760" percent="100" />
    </mem>
    <remembered-set count="136" />
  </mem-info>
</gc-start>
<allocation-stats totalBytes="108411408" >
  <allocated-bytes non-tlh="1493792" tlh="106917616" />
  <largest-consumer threadName="main" threadId="0000000000016F00" bytes="108411408" />
</allocation-stats>
<gc-op id="2067" type="scavenge" timems="75.654" contextid="2064" timestamp="2022-02-08T17:22:50.177">
  <scavenger-info tenureage="1" tenuremask="7ffe" tiltratio="68" />
  <memory-copied type="nursery" objects="1491766" bytes="76354440" bytesdiscarded="157408" />
  <memory-copied type="tenure" objects="1306371" bytes="74011104" bytesdiscarded="39760" />
  <finalization candidates="109" enqueued="53" />
  <references type="soft" candidates="14" cleared="0" enqueued="0" dynamicThreshold="11" maxThreshold="32" />
  <references type="weak" candidates="1" cleared="0" enqueued="0" />
  <references type="phantom" candidates="94" cleared="7" enqueued="7" />
  <object-monitors candidates="2" cleared="0"  />
</gc-op>
<gc-end id="2068" type="scavenge" contextid="2064" durationms="75.913" usertimems="294.869" systemtimems="4.618" stalltimems="2.389" timestamp="2022-02-08T17:22:50.178" activeThreads="4">
  <mem-info id="2069" free="231951400" total="1073741824" percent="21">
    <mem type="nursery" free="106202392" total="268435456" percent="39">
      <mem type="allocate" free="106202392" total="182714368" percent="58" />
      <mem type="survivor" free="0" total="85721088" percent="0" />
    </mem>
    <mem type="tenure" free="125749008" total="805306368" percent="15" macro-fragmented="0">
      <mem type="soa" free="117695248" total="797252608" percent="14" />
      <mem type="loa" free="8053760" total="8053760" percent="100" />
    </mem>
    <pending-finalizers system="52" default="1" reference="7" classloader="0" />
    <remembered-set count="131" />
  </mem-info>
</gc-end>
<cycle-end id="2070" type="scavenge" contextid="2064" timestamp="2022-02-08T17:22:50.178" />
<allocation-satisfied id="2071" threadId="0000000000016F00" bytesRequested="120" />
<af-end id="2072" timestamp="2022-02-08T17:22:50.178" threadId="0000000000017908" success="true" from="nursery"/>
<exclusive-end id="2073" timestamp="2022-02-08T17:22:50.178" durationms="76.195" />

<concurrent-kickoff id="2074" timestamp="2022-02-08T17:22:50.848">
  <kickoff reason="threshold reached" targetBytes="74529280" thresholdFreeBytes="5759704"  remainingFree="5670168" tenureFreeBytes="125749008" nurseryFreeBytes="5670168" />
</concurrent-kickoff>
<exclusive-start id="2075" timestamp="2022-02-08T17:22:50.851" intervalms="749.220">
  <response-info timems="0.017" idlems="0.017" threads="0" lastid="0000000000016F00" lastname="main" />
</exclusive-start>
<cycle-start id="2076" type="global" contextid="0" timestamp="2022-02-08T17:22:50.851" intervalms="2811.240" />
<concurrent-start id="2077" type="global mark" contextid="2076" timestamp="2022-02-08T17:22:50.851">
</concurrent-start>
<exclusive-end id="2078" timestamp="2022-02-08T17:22:50.851" durationms="0.028" />

<exclusive-start id="2079" timestamp="2022-02-08T17:22:50.973" intervalms="122.496">
  <response-info timems="0.016" idlems="0.016" threads="0" lastid="0000000000016F00" lastname="main" />
</exclusive-start>
<af-start id="2080" threadId="0000000000017908" totalBytesRequested="200" timestamp="2022-02-08T17:22:50.973" intervalms="871.716" type="nursery" />
<cycle-start id="2081" type="scavenge" contextid="0" timestamp="2022-02-08T17:22:50.973" intervalms="871.714" />
<gc-start id="2082" type="scavenge" contextid="2081" timestamp="2022-02-08T17:22:50.974">
  <mem-info id="2083" free="125749008" total="1073741824" percent="11">
    <mem type="nursery" free="0" total="268435456" percent="0">
      <mem type="allocate" free="0" total="182714368" percent="0" />
      <mem type="survivor" free="0" total="85721088" percent="0" />
    </mem>
    <mem type="tenure" free="125749008" total="805306368" percent="15">
      <mem type="soa" free="117695248" total="797252608" percent="14" />
      <mem type="loa" free="8053760" total="8053760" percent="100" />
    </mem>
    <remembered-set count="132" />
  </mem-info>
</gc-start>
<allocation-stats totalBytes="106152544" >
  <allocated-bytes non-tlh="1347800" tlh="104804744" />
  <largest-consumer threadName="main" threadId="0000000000016F00" bytes="106144352" />
</allocation-stats>
<gc-op id="2084" type="scavenge" timems="75.503" contextid="2081" timestamp="2022-02-08T17:22:51.049">
  <scavenger-info tenureage="1" tenuremask="7ffe" tiltratio="68" />
  <memory-copied type="nursery" objects="1329322" bytes="75969176" bytesdiscarded="241120" />
  <memory-copied type="tenure" objects="1491047" bytes="75411272" bytesdiscarded="36824" />
  <finalization candidates="57" enqueued="0" />
  <references type="phantom" candidates="1" cleared="0" enqueued="0" />
  <object-monitors candidates="2" cleared="0"  />
</gc-op>
<gc-end id="2085" type="scavenge" contextid="2081" durationms="75.760" usertimems="297.528" systemtimems="0.984" stalltimems="2.961" timestamp="2022-02-08T17:22:51.049" activeThreads="4">
  <mem-info id="2086" free="157561392" total="1073741824" percent="14">
    <mem type="nursery" free="107159432" total="268435456" percent="39">
      <mem type="allocate" free="107159432" total="183369728" percent="58" />
      <mem type="survivor" free="0" total="85065728" percent="0" />
    </mem>
    <mem type="tenure" free="50401960" total="805306368" percent="6" macro-fragmented="0">
      <mem type="soa" free="42348200" total="797252608" percent="5" />
      <mem type="loa" free="8053760" total="8053760" percent="100" />
    </mem>
    <remembered-set count="102" />
  </mem-info>
</gc-end>
<cycle-end id="2087" type="scavenge" contextid="2081" timestamp="2022-02-08T17:22:51.049" />
<allocation-satisfied id="2088" threadId="0000000000016F00" bytesRequested="200" />
<af-end id="2089" timestamp="2022-02-08T17:22:51.049" threadId="0000000000017908" success="true" from="nursery"/>
<exclusive-end id="2090" timestamp="2022-02-08T17:22:51.049" durationms="76.032" />

<concurrent-end id="2091" type="global mark" contextid="2076" timestamp="2022-02-08T17:22:51.163">
<gc-op id="2092" type="trace" timems="311.625" contextid="2076" timestamp="2022-02-08T17:22:51.163">
  <trace bytesTraced="74431560" workStackOverflowCount="0" />
  <card-cleaning reason="card cleaning threshold reached" bytesTraced="1000" cardsCleaned="2" />
</gc-op>
</concurrent-end>

<exclusive-start id="2093" timestamp="2022-02-08T17:22:51.163" intervalms="189.202">
  <response-info timems="0.016" idlems="0.016" threads="0" lastid="0000000000016F00" lastname="main" />
</exclusive-start>
<concurrent-global-final id="2094" timestamp="2022-02-08T17:22:51.163" contextid="2076" intervalms="2801.793" >
  <concurrent-trace-info reason="card cleaning threshold reached" tracedByMutators="58554960" tracedByHelpers="15877600" cardsCleaned="2" workStackOverflowCount="0" />
</concurrent-global-final>
<gc-start id="2095" type="global" contextid="2076" timestamp="2022-02-08T17:22:51.163">
  <mem-info id="2096" free="150122856" total="1073741824" percent="13">
    <mem type="nursery" free="99720896" total="268435456" percent="37">
      <mem type="allocate" free="99720896" total="183369728" percent="54" />
      <mem type="survivor" free="0" total="85065728" percent="0" />
    </mem>
    <mem type="tenure" free="50401960" total="805306368" percent="6">
      <mem type="soa" free="42348200" total="797252608" percent="5" />
      <mem type="loa" free="8053760" total="8053760" percent="100" />
    </mem>
    <remembered-set count="102" />
  </mem-info>
</gc-start>
<allocation-stats totalBytes="7435328" >
  <allocated-bytes non-tlh="200" tlh="7435128" />
  <largest-consumer threadName="main" threadId="0000000000016F00" bytes="7435328" />
</allocation-stats>
<gc-op id="2097" type="rs-scan" timems="0.555" contextid="2076" timestamp="2022-02-08T17:22:51.163">
  <scan objectsFound="29" bytesTraced="5268" workStackOverflowCount="0" />
</gc-op>
<gc-op id="2098" type="card-cleaning" timems="145.884" contextid="2076" timestamp="2022-02-08T17:22:51.309">
  <card-cleaning cardsCleaned="9" bytesTraced="71010776" workStackOverflowCount="0" />
</gc-op>
<gc-op id="2099" type="mark" timems="58.702" contextid="2076" timestamp="2022-02-08T17:22:51.368">
  <trace-info objectcount="1844067" scancount="1384578" scanbytes="29605352" />
  <finalization candidates="428" enqueued="57" />
  <ownableSynchronizers candidates="1" cleared="0" />
  <references type="soft" candidates="894" cleared="0" enqueued="0" dynamicThreshold="11" maxThreshold="32" />
  <references type="weak" candidates="1701" cleared="0" enqueued="0" />
  <references type="phantom" candidates="52" cleared="2" enqueued="2" />
  <stringconstants candidates="6470" cleared="0"  />
  <object-monitors candidates="2" cleared="0"  />
</gc-op>
<gc-op id="2100" type="sweep" timems="4.893" contextid="2076" timestamp="2022-02-08T17:22:51.373" />
<gc-end id="2101" type="global" contextid="2076" durationms="210.231" usertimems="225.201" systemtimems="0.000" stalltimems="175.228" timestamp="2022-02-08T17:22:51.373" activeThreads="4">
  <mem-info id="2102" free="393277600" total="1073741824" percent="36">
    <mem type="nursery" free="100055008" total="268435456" percent="37">
      <mem type="allocate" free="100055008" total="183369728" percent="54" />
      <mem type="survivor" free="0" total="85065728" percent="0" />
    </mem>
    <mem type="tenure" free="293222592" total="805306368" percent="36" micro-fragmented="294110" macro-fragmented="0">
      <mem type="soa" free="285168832" total="797252608" percent="35" />
      <mem type="loa" free="8053760" total="8053760" percent="100" />
    </mem>
    <pending-finalizers system="57" default="0" reference="2" classloader="0" />
    <remembered-set count="102" />
  </mem-info>
</gc-end>
<cycle-end id="2103" type="global" contextid="2076" timestamp="2022-02-08T17:22:51.373" />
<exclusive-end id="2104" timestamp="2022-02-08T17:22:51.373" durationms="210.423" />

<exclusive-start id="2105" timestamp="2022-02-08T17:22:52.031" intervalms="868.329">
  <response-info timems="0.019" idlems="0.019" threads="0" lastid="0000000000016F00" lastname="main" />
</exclusive-start>
<af-start id="2106" threadId="0000000000017908" totalBytesRequested="184" timestamp="2022-02-08T17:22:52.031" intervalms="1057.533" type="nursery" />
<cycle-start id="2107" type="scavenge" contextid="0" timestamp="2022-02-08T17:22:52.031" intervalms="1057.534" />
<gc-start id="2108" type="scavenge" contextid="2107" timestamp="2022-02-08T17:22:52.031">
  <mem-info id="2109" free="293222592" total="1073741824" percent="27">
    <mem type="nursery" free="0" total="268435456" percent="0">
      <mem type="allocate" free="0" total="183369728" percent="0" />
      <mem type="survivor" free="0" total="85065728" percent="0" />
    </mem>
    <mem type="tenure" free="293222592" total="805306368" percent="36">
      <mem type="soa" free="285168832" total="797252608" percent="35" />
      <mem type="loa" free="8053760" total="8053760" percent="100" />
    </mem>
    <remembered-set count="105" />
  </mem-info>
</gc-start>
<allocation-stats totalBytes="100008024" >
  <allocated-bytes non-tlh="0" tlh="100008024" />
  <largest-consumer threadName="main" threadId="0000000000016F00" bytes="100003928" />
</allocation-stats>
<gc-op id="2110" type="scavenge" timems="82.297" contextid="2107" timestamp="2022-02-08T17:22:52.113">
  <scavenger-info tenureage="1" tenuremask="7ffe" tiltratio="68" />
  <memory-copied type="nursery" objects="1356483" bytes="76324672" bytesdiscarded="73760" />
  <memory-copied type="tenure" objects="1329321" bytes="75969064" bytesdiscarded="44624" />
  <finalization candidates="1" enqueued="0" />
  <ownableSynchronizers candidates="2" cleared="2" />
  <object-monitors candidates="2" cleared="0"  />
</gc-op>
<gc-end id="2111" type="scavenge" contextid="2107" durationms="82.500" usertimems="324.375" systemtimems="1.995" stalltimems="1.786" timestamp="2022-02-08T17:22:52.114" activeThreads="4">
  <mem-info id="2112" free="324593528" total="1073741824" percent="30">
    <mem type="nursery" free="107430048" total="268435456" percent="40">
      <mem type="allocate" free="107430048" total="183828480" percent="58" />
      <mem type="survivor" free="0" total="84606976" percent="0" />
    </mem>
    <mem type="tenure" free="217163480" total="805306368" percent="26" macro-fragmented="0">
      <mem type="soa" free="209109720" total="797252608" percent="26" />
      <mem type="loa" free="8053760" total="8053760" percent="100" />
    </mem>
    <remembered-set count="105" />
  </mem-info>
</gc-end>
<cycle-end id="2113" type="scavenge" contextid="2107" timestamp="2022-02-08T17:22:52.114" />
<allocation-satisfied id="2114" threadId="0000000000016F00" bytesRequested="184" />
<af-end id="2115" timestamp="2022-02-08T17:22:52.114" threadId="0000000000017908" success="true" from="nursery"/>
<exclusive-end id="2116" timestamp="2022-02-08T17:22:52.114" durationms="82.792" />

<exclusive-start id="2117" timestamp="2022-02-08T17:22:52.962" intervalms="930.820">
  <response-info timems="0.018" idlems="0.018" threads="0" lastid="0000000000016F00" lastname="main" />
</exclusive-start>
<af-start id="2118" threadId="0000000000017908" totalBytesRequested="144" timestamp="2022-02-08T17:22:52.962" intervalms="930.820" type="nursery" />
<cycle-start id="2119" type="scavenge" contextid="0" timestamp="2022-02-08T17:22:52.962" intervalms="930.820" />
<gc-start id="2120" type="scavenge" contextid="2119" timestamp="2022-02-08T17:22:52.962">
  <mem-info id="2121" free="217163480" total="1073741824" percent="20">
    <mem type="nursery" free="0" total="268435456" percent="0">
      <mem type="allocate" free="0" total="183828480" percent="0" />
      <mem type="survivor" free="0" total="84606976" percent="0" />
    </mem>
    <mem type="tenure" free="217163480" total="805306368" percent="26">
      <mem type="soa" free="209109720" total="797252608" percent="26" />
      <mem type="loa" free="8053760" total="8053760" percent="100" />
    </mem>
    <remembered-set count="136" />
  </mem-info>
</gc-start>
<allocation-stats totalBytes="107381744" >
  <allocated-bytes non-tlh="1018600" tlh="106363144" />
  <largest-consumer threadName="main" threadId="0000000000016F00" bytes="107381744" />
</allocation-stats>
<gc-op id="2122" type="scavenge" timems="85.468" contextid="2119" timestamp="2022-02-08T17:22:53.047">
  <scavenger-info tenureage="1" tenuremask="7ffe" tiltratio="68" />
  <memory-copied type="nursery" objects="1483518" bytes="75632520" bytesdiscarded="161224" />
  <memory-copied type="tenure" objects="1356482" bytes="76324568" bytesdiscarded="40480" />
  <finalization candidates="108" enqueued="53" />
  <references type="soft" candidates="14" cleared="0" enqueued="0" dynamicThreshold="11" maxThreshold="32" />
  <references type="weak" candidates="1" cleared="0" enqueued="0" />
  <references type="phantom" candidates="93" cleared="7" enqueued="7" />
  <object-monitors candidates="2" cleared="0"  />
</gc-op>
<gc-end id="2123" type="scavenge" contextid="2119" durationms="85.728" usertimems="327.378" systemtimems="0.000" stalltimems="3.157" timestamp="2022-02-08T17:22:53.048" activeThreads="4">
  <mem-info id="2124" free="249004664" total="1073741824" percent="23">
    <mem type="nursery" free="108427824" total="268435456" percent="40">
      <mem type="allocate" free="108427824" total="184221696" percent="58" />
      <mem type="survivor" free="0" total="84213760" percent="0" />
    </mem>
    <mem type="tenure" free="140576840" total="805306368" percent="17" macro-fragmented="723458">
      <mem type="soa" free="132523080" total="797252608" percent="16" />
      <mem type="loa" free="8053760" total="8053760" percent="100" />
    </mem>
    <pending-finalizers system="52" default="1" reference="7" classloader="0" />
    <remembered-set count="132" />
  </mem-info>
</gc-end>
<cycle-end id="2125" type="scavenge" contextid="2119" timestamp="2022-02-08T17:22:53.048" />
<allocation-satisfied id="2126" threadId="0000000000016F00" bytesRequested="144" />
<af-end id="2127" timestamp="2022-02-08T17:22:53.048" threadId="0000000000017908" success="true" from="nursery"/>
<exclusive-end id="2128" timestamp="2022-02-08T17:22:53.048" durationms="86.024" />

<concurrent-kickoff id="2129" timestamp="2022-02-08T17:22:53.743">
  <kickoff reason="threshold reached" targetBytes="74509928" thresholdFreeBytes="5756782"  remainingFree="5704008" tenureFreeBytes="140576840" nurseryFreeBytes="5704008" />
</concurrent-kickoff>
<exclusive-start id="2130" timestamp="2022-02-08T17:22:53.751" intervalms="789.305">
  <response-info timems="0.019" idlems="0.019" threads="0" lastid="0000000000016F00" lastname="main" />
</exclusive-start>
<cycle-start id="2131" type="global" contextid="0" timestamp="2022-02-08T17:22:53.751" intervalms="2900.158" />
<concurrent-start id="2132" type="global mark" contextid="2131" timestamp="2022-02-08T17:22:53.751">
</concurrent-start>
<exclusive-end id="2133" timestamp="2022-02-08T17:22:53.751" durationms="0.034" />

<exclusive-start id="2134" timestamp="2022-02-08T17:22:53.872" intervalms="120.713">
  <response-info timems="0.017" idlems="0.017" threads="0" lastid="0000000000016F00" lastname="main" />
</exclusive-start>
<af-start id="2135" threadId="0000000000017908" totalBytesRequested="24" timestamp="2022-02-08T17:22:53.872" intervalms="910.025" type="nursery" />
<cycle-start id="2136" type="scavenge" contextid="0" timestamp="2022-02-08T17:22:53.872" intervalms="910.028" />
<gc-start id="2137" type="scavenge" contextid="2136" timestamp="2022-02-08T17:22:53.872">
  <mem-info id="2138" free="140576840" total="1073741824" percent="13">
    <mem type="nursery" free="0" total="268435456" percent="0">
      <mem type="allocate" free="0" total="184221696" percent="0" />
      <mem type="survivor" free="0" total="84213760" percent="0" />
    </mem>
    <mem type="tenure" free="140576840" total="805306368" percent="17">
      <mem type="soa" free="132523080" total="797252608" percent="16" />
      <mem type="loa" free="8053760" total="8053760" percent="100" />
    </mem>
    <remembered-set count="133" />
  </mem-info>
</gc-start>
<allocation-stats totalBytes="108379152" >
  <allocated-bytes non-tlh="1822952" tlh="106556200" />
  <largest-consumer threadName="main" threadId="0000000000016F00" bytes="108370960" />
</allocation-stats>
<gc-op id="2139" type="scavenge" timems="75.721" contextid="2136" timestamp="2022-02-08T17:22:53.948">
  <scavenger-info tenureage="1" tenuremask="7ffe" tiltratio="68" />
  <memory-copied type="nursery" objects="1352179" bytes="77238352" bytesdiscarded="205160" />
  <memory-copied type="tenure" objects="1482799" bytes="74994760" bytesdiscarded="40200" />
  <finalization candidates="57" enqueued="0" />
  <references type="phantom" candidates="2" cleared="0" enqueued="0" />
  <object-monitors candidates="2" cleared="0"  />
</gc-op>
<gc-end id="2140" type="scavenge" contextid="2136" durationms="75.920" usertimems="299.692" systemtimems="0.000" stalltimems="2.713" timestamp="2022-02-08T17:22:53.948" activeThreads="4">
  <mem-info id="2141" free="171639376" total="1073741824" percent="15">
    <mem type="nursery" free="105991752" total="268435456" percent="39">
      <mem type="allocate" free="105991752" total="183435264" percent="57" />
      <mem type="survivor" free="0" total="85000192" percent="0" />
    </mem>
    <mem type="tenure" free="65647624" total="805306368" percent="8" macro-fragmented="57512708">
      <mem type="soa" free="57593864" total="797252608" percent="7" />
      <mem type="loa" free="8053760" total="8053760" percent="100" />
    </mem>
    <remembered-set count="103" />
  </mem-info>
</gc-end>
<cycle-end id="2142" type="scavenge" contextid="2136" timestamp="2022-02-08T17:22:53.948" />
<allocation-satisfied id="2143" threadId="0000000000016F00" bytesRequested="24" />
<af-end id="2144" timestamp="2022-02-08T17:22:53.948" threadId="0000000000017908" success="true" from="nursery"/>
<exclusive-end id="2145" timestamp="2022-02-08T17:22:53.948" durationms="76.263" />

<concurrent-end id="2146" type="global mark" contextid="2131" timestamp="2022-02-08T17:22:54.069">
<gc-op id="2147" type="trace" timems="318.208" contextid="2131" timestamp="2022-02-08T17:22:54.069">
  <trace bytesTraced="74431704" workStackOverflowCount="0" />
  <card-cleaning reason="card cleaning threshold reached" bytesTraced="1000" cardsCleaned="2" />
</gc-op>
</concurrent-end>

<exclusive-start id="2148" timestamp="2022-02-08T17:22:54.069" intervalms="197.566">
  <response-info timems="0.016" idlems="0.016" threads="0" lastid="0000000000016F00" lastname="main" />
</exclusive-start>
<concurrent-global-final id="2149" timestamp="2022-02-08T17:22:54.069" contextid="2131" intervalms="2906.733" >
  <concurrent-trace-info reason="card cleaning threshold reached" tracedByMutators="57221396" tracedByHelpers="17211308" cardsCleaned="2" workStackOverflowCount="0" />
</concurrent-global-final>
<gc-start id="2150" type="global" contextid="2131" timestamp="2022-02-08T17:22:54.069">
  <mem-info id="2151" free="163152440" total="1073741824" percent="15">
    <mem type="nursery" free="97504816" total="268435456" percent="36">
      <mem type="allocate" free="97504816" total="183435264" percent="53" />
      <mem type="survivor" free="0" total="85000192" percent="0" />
    </mem>
    <mem type="tenure" free="65647624" total="805306368" percent="8">
      <mem type="soa" free="57593864" total="797252608" percent="7" />
      <mem type="loa" free="8053760" total="8053760" percent="100" />
    </mem>
    <remembered-set count="103" />
  </mem-info>
</gc-start>
<allocation-stats totalBytes="8483008" >
  <allocated-bytes non-tlh="24" tlh="8482984" />
  <largest-consumer threadName="main" threadId="0000000000016F00" bytes="8483008" />
</allocation-stats>
<gc-op id="2152" type="rs-scan" timems="0.549" contextid="2131" timestamp="2022-02-08T17:22:54.070">
  <scan objectsFound="29" bytesTraced="5268" workStackOverflowCount="0" />
</gc-op>
<gc-op id="2153" type="card-cleaning" timems="145.232" contextid="2131" timestamp="2022-02-08T17:22:54.215">
  <card-cleaning cardsCleaned="9" bytesTraced="71010840" workStackOverflowCount="0" />
</gc-op>
<gc-op id="2154" type="mark" timems="42.796" contextid="2131" timestamp="2022-02-08T17:22:54.258">
  <trace-info objectcount="1614472" scancount="1212381" scanbytes="25931864" />
  <finalization candidates="428" enqueued="57" />
  <ownableSynchronizers candidates="1" cleared="0" />
  <references type="soft" candidates="894" cleared="0" enqueued="0" dynamicThreshold="11" maxThreshold="32" />
  <references type="weak" candidates="1701" cleared="0" enqueued="0" />
  <references type="phantom" candidates="52" cleared="2" enqueued="2" />
  <stringconstants candidates="6470" cleared="0"  />
  <object-monitors candidates="2" cleared="0"  />
</gc-op>
<gc-op id="2155" type="sweep" timems="6.007" contextid="2131" timestamp="2022-02-08T17:22:54.264" />
<gc-end id="2156" type="global" contextid="2131" durationms="194.825" usertimems="207.766" systemtimems="0.233" stalltimems="131.152" timestamp="2022-02-08T17:22:54.264" activeThreads="4">
  <mem-info id="2157" free="406346312" total="1073741824" percent="37">
    <mem type="nursery" free="97801176" total="268435456" percent="36">
      <mem type="allocate" free="97801176" total="183435264" percent="53" />
      <mem type="survivor" free="0" total="85000192" percent="0" />
    </mem>
    <mem type="tenure" free="308545136" total="805306368" percent="38" micro-fragmented="355873" macro-fragmented="0">
      <mem type="soa" free="300491376" total="797252608" percent="37" />
      <mem type="loa" free="8053760" total="8053760" percent="100" />
    </mem>
    <pending-finalizers system="57" default="0" reference="2" classloader="0" />
    <remembered-set count="103" />
  </mem-info>
</gc-end>
<cycle-end id="2158" type="global" contextid="2131" timestamp="2022-02-08T17:22:54.264" />
<exclusive-end id="2159" timestamp="2022-02-08T17:22:54.264" durationms="195.092" />

<exclusive-start id="2160" timestamp="2022-02-08T17:22:54.888" intervalms="818.374">
  <response-info timems="0.017" idlems="0.017" threads="0" lastid="0000000000016F00" lastname="main" />
</exclusive-start>
<af-start id="2161" threadId="0000000000017908" totalBytesRequested="184" timestamp="2022-02-08T17:22:54.888" intervalms="1015.930" type="nursery" />
<cycle-start id="2162" type="scavenge" contextid="0" timestamp="2022-02-08T17:22:54.888" intervalms="1015.926" />
<gc-start id="2163" type="scavenge" contextid="2162" timestamp="2022-02-08T17:22:54.888">
  <mem-info id="2164" free="308545136" total="1073741824" percent="28">
    <mem type="nursery" free="0" total="268435456" percent="0">
      <mem type="allocate" free="0" total="183435264" percent="0" />
      <mem type="survivor" free="0" total="85000192" percent="0" />
    </mem>
    <mem type="tenure" free="308545136" total="805306368" percent="38">
      <mem type="soa" free="300491376" total="797252608" percent="37" />
      <mem type="loa" free="8053760" total="8053760" percent="100" />
    </mem>
    <remembered-set count="106" />
  </mem-info>
</gc-start>
<allocation-stats totalBytes="97754664" >
  <allocated-bytes non-tlh="0" tlh="97754664" />
  <largest-consumer threadName="main" threadId="0000000000016F00" bytes="97750568" />
</allocation-stats>
<gc-op id="2165" type="scavenge" timems="94.684" contextid="2162" timestamp="2022-02-08T17:22:54.983">
  <scavenger-info tenureage="1" tenuremask="7ffe" tiltratio="68" />
  <memory-copied type="nursery" objects="1341082" bytes="75478456" bytesdiscarded="277120" />
  <memory-copied type="tenure" objects="1352179" bytes="77238352" bytesdiscarded="41856" />
  <finalization candidates="2" enqueued="0" />
  <ownableSynchronizers candidates="2" cleared="2" />
  <object-monitors candidates="2" cleared="0"  />
</gc-op>
<gc-end id="2166" type="scavenge" contextid="2162" durationms="94.860" usertimems="316.698" systemtimems="0.000" stalltimems="1.355" timestamp="2022-02-08T17:22:54.983" activeThreads="4">
  <mem-info id="2167" free="339039592" total="1073741824" percent="31">
    <mem type="nursery" free="108007368" total="268435456" percent="40">
      <mem type="allocate" free="108007368" total="183762944" percent="58" />
      <mem type="survivor" free="0" total="84672512" percent="0" />
    </mem>
    <mem type="tenure" free="231032224" total="805306368" percent="28" macro-fragmented="0">
      <mem type="soa" free="222978464" total="797252608" percent="27" />
      <mem type="loa" free="8053760" total="8053760" percent="100" />
    </mem>
    <remembered-set count="104" />
  </mem-info>
</gc-end>
<cycle-end id="2168" type="scavenge" contextid="2162" timestamp="2022-02-08T17:22:54.983" />
<allocation-satisfied id="2169" threadId="0000000000016F00" bytesRequested="184" />
<af-end id="2170" timestamp="2022-02-08T17:22:54.983" threadId="0000000000017908" success="true" from="nursery"/>
<exclusive-end id="2171" timestamp="2022-02-08T17:22:54.983" durationms="95.172" />

<exclusive-start id="2172" timestamp="2022-02-08T17:22:55.668" intervalms="780.425">
  <response-info timems="0.016" idlems="0.016" threads="0" lastid="0000000000016F00" lastname="main" />
</exclusive-start>
<af-start id="2173" threadId="0000000000017908" totalBytesRequested="24" timestamp="2022-02-08T17:22:55.668" intervalms="780.422" type="nursery" />
<cycle-start id="2174" type="scavenge" contextid="0" timestamp="2022-02-08T17:22:55.668" intervalms="780.422" />
<gc-start id="2175" type="scavenge" contextid="2174" timestamp="2022-02-08T17:22:55.668">
  <mem-info id="2176" free="231032224" total="1073741824" percent="21">
    <mem type="nursery" free="0" total="268435456" percent="0">
      <mem type="allocate" free="0" total="183762944" percent="0" />
      <mem type="survivor" free="0" total="84672512" percent="0" />
    </mem>
    <mem type="tenure" free="231032224" total="805306368" percent="28">
      <mem type="soa" free="222978464" total="797252608" percent="27" />
      <mem type="loa" free="8053760" total="8053760" percent="100" />
    </mem>
    <remembered-set count="118" />
  </mem-info>
</gc-start>
<allocation-stats totalBytes="107956920" >
  <allocated-bytes non-tlh="453888" tlh="107503032" />
  <largest-consumer threadName="main" threadId="0000000000016F00" bytes="107956920" />
</allocation-stats>
<gc-op id="2177" type="scavenge" timems="72.832" contextid="2174" timestamp="2022-02-08T17:22:55.741">
  <scavenger-info tenureage="1" tenuremask="7ffe" tiltratio="68" />
  <memory-copied type="nursery" objects="1358780" bytes="76872976" bytesdiscarded="119088" />
  <memory-copied type="tenure" objects="1341081" bytes="75478352" bytesdiscarded="40576" />
  <finalization candidates="30" enqueued="18" />
  <references type="phantom" candidates="30" cleared="0" enqueued="0" />
  <object-monitors candidates="2" cleared="0"  />
</gc-op>
<gc-end id="2178" type="scavenge" contextid="2174" durationms="73.075" usertimems="288.265" systemtimems="0.000" stalltimems="2.522" timestamp="2022-02-08T17:22:55.741" activeThreads="4">
  <mem-info id="2179" free="262475112" total="1073741824" percent="24">
    <mem type="nursery" free="106836416" total="268435456" percent="39">
      <mem type="allocate" free="106836416" total="183828480" percent="58" />
      <mem type="survivor" free="0" total="84606976" percent="0" />
    </mem>
    <mem type="tenure" free="155638696" total="805306368" percent="19" macro-fragmented="39939376">
      <mem type="soa" free="147584936" total="797252608" percent="18" />
      <mem type="loa" free="8053760" total="8053760" percent="100" />
    </mem>
    <pending-finalizers system="18" default="0" reference="0" classloader="0" />
    <remembered-set count="119" />
  </mem-info>
</gc-end>
<cycle-end id="2180" type="scavenge" contextid="2174" timestamp="2022-02-08T17:22:55.741" />
<allocation-satisfied id="2181" threadId="0000000000016F00" bytesRequested="24" />
<af-end id="2182" timestamp="2022-02-08T17:22:55.741" threadId="0000000000017908" success="true" from="nursery"/>
<exclusive-end id="2183" timestamp="2022-02-08T17:22:55.741" durationms="73.312" />

<concurrent-kickoff id="2184" timestamp="2022-02-08T17:22:56.545">
  <kickoff reason="threshold reached" targetBytes="74494474" thresholdFreeBytes="5754556"  remainingFree="5714368" tenureFreeBytes="155638696" nurseryFreeBytes="5714368" />
</concurrent-kickoff>
<exclusive-start id="2185" timestamp="2022-02-08T17:22:56.548" intervalms="879.832">
  <response-info timems="0.018" idlems="0.018" threads="0" lastid="0000000000016F00" lastname="main" />
</exclusive-start>
<cycle-start id="2186" type="global" contextid="0" timestamp="2022-02-08T17:22:56.548" intervalms="2796.904" />
<concurrent-start id="2187" type="global mark" contextid="2186" timestamp="2022-02-08T17:22:56.548">
</concurrent-start>
<exclusive-end id="2188" timestamp="2022-02-08T17:22:56.548" durationms="0.035" />

<exclusive-start id="2189" timestamp="2022-02-08T17:22:56.662" intervalms="114.186">
  <response-info timems="0.031" idlems="0.031" threads="0" lastid="0000000000016F00" lastname="main" />
</exclusive-start>
<af-start id="2190" threadId="0000000000017908" totalBytesRequested="128" timestamp="2022-02-08T17:22:56.662" intervalms="994.022" type="nursery" />
<cycle-start id="2191" type="scavenge" contextid="0" timestamp="2022-02-08T17:22:56.662" intervalms="994.022" />
<gc-start id="2192" type="scavenge" contextid="2191" timestamp="2022-02-08T17:22:56.662">
  <mem-info id="2193" free="155638696" total="1073741824" percent="14">
    <mem type="nursery" free="0" total="268435456" percent="0">
      <mem type="allocate" free="0" total="183828480" percent="0" />
      <mem type="survivor" free="0" total="84606976" percent="0" />
    </mem>
    <mem type="tenure" free="155638696" total="805306368" percent="19">
      <mem type="soa" free="147584936" total="797252608" percent="18" />
      <mem type="loa" free="8053760" total="8053760" percent="100" />
    </mem>
    <remembered-set count="137" />
  </mem-info>
</gc-start>
<allocation-stats totalBytes="106788104" >
  <allocated-bytes non-tlh="2387768" tlh="104400336" />
  <largest-consumer threadName="main" threadId="0000000000016F00" bytes="106784008" />
</allocation-stats>
<gc-op id="2194" type="scavenge" timems="76.893" contextid="2191" timestamp="2022-02-08T17:22:56.739">
  <scavenger-info tenureage="1" tenuremask="7ffe" tiltratio="68" />
  <memory-copied type="nursery" objects="1420294" bytes="75409808" bytesdiscarded="180424" />
  <memory-copied type="tenure" objects="1358481" bytes="76260232" bytesdiscarded="41808" />
  <finalization candidates="92" enqueued="35" />
  <references type="soft" candidates="14" cleared="0" enqueued="0" dynamicThreshold="12" maxThreshold="32" />
  <references type="weak" candidates="1" cleared="0" enqueued="0" />
  <references type="phantom" candidates="77" cleared="7" enqueued="7" />
  <object-monitors candidates="2" cleared="0"  />
</gc-op>
<gc-end id="2195" type="scavenge" contextid="2191" durationms="77.164" usertimems="297.902" systemtimems="5.711" stalltimems="3.516" timestamp="2022-02-08T17:22:56.739" activeThreads="4">
  <mem-info id="2196" free="187819112" total="1073741824" percent="17">
    <mem type="nursery" free="108565800" total="268435456" percent="40">
      <mem type="allocate" free="108565800" total="184156160" percent="58" />
      <mem type="survivor" free="0" total="84279296" percent="0" />
    </mem>
    <mem type="tenure" free="79253312" total="805306368" percent="9" macro-fragmented="0">
      <mem type="soa" free="71199552" total="797252608" percent="8" />
      <mem type="loa" free="8053760" total="8053760" percent="100" />
    </mem>
    <pending-finalizers system="34" default="1" reference="7" classloader="0" />
    <remembered-set count="121" />
  </mem-info>
</gc-end>
<cycle-end id="2197" type="scavenge" contextid="2191" timestamp="2022-02-08T17:22:56.740" />
<allocation-satisfied id="2198" threadId="0000000000016F00" bytesRequested="128" />
<af-end id="2199" timestamp="2022-02-08T17:22:56.740" threadId="0000000000017908" success="true" from="nursery"/>
<exclusive-end id="2200" timestamp="2022-02-08T17:22:56.740" durationms="77.431" />

<concurrent-end id="2201" type="global mark" contextid="2186" timestamp="2022-02-08T17:22:56.872">
<gc-op id="2202" type="trace" timems="324.099" contextid="2186" timestamp="2022-02-08T17:22:56.872">
  <trace bytesTraced="74407520" workStackOverflowCount="0" />
  <card-cleaning reason="card cleaning threshold reached" bytesTraced="1000" cardsCleaned="2" />
</gc-op>
</concurrent-end>

<exclusive-start id="2203" timestamp="2022-02-08T17:22:56.872" intervalms="209.977">
  <response-info timems="0.016" idlems="0.016" threads="0" lastid="0000000000016F00" lastname="main" />
</exclusive-start>
<concurrent-global-final id="2204" timestamp="2022-02-08T17:22:56.872" contextid="2186" intervalms="2802.794" >
  <concurrent-trace-info reason="card cleaning threshold reached" tracedByMutators="57595452" tracedByHelpers="16813068" cardsCleaned="2" workStackOverflowCount="0" />
</concurrent-global-final>
<gc-start id="2205" type="global" contextid="2186" timestamp="2022-02-08T17:22:56.872">
  <mem-info id="2206" free="179323880" total="1073741824" percent="16">
    <mem type="nursery" free="100070568" total="268435456" percent="37">
      <mem type="allocate" free="100070568" total="184156160" percent="54" />
      <mem type="survivor" free="0" total="84279296" percent="0" />
    </mem>
    <mem type="tenure" free="79253312" total="805306368" percent="9">
      <mem type="soa" free="71199552" total="797252608" percent="8" />
      <mem type="loa" free="8053760" total="8053760" percent="100" />
    </mem>
    <remembered-set count="122" />
  </mem-info>
</gc-start>
<allocation-stats totalBytes="8490968" >
  <allocated-bytes non-tlh="128" tlh="8490840" />
  <largest-consumer threadName="main" threadId="0000000000016F00" bytes="8482776" />
</allocation-stats>
<gc-op id="2207" type="rs-scan" timems="135.706" contextid="2186" timestamp="2022-02-08T17:22:57.008">
  <scan objectsFound="3325969" bytesTraced="71035208" workStackOverflowCount="0" />
</gc-op>
<gc-op id="2208" type="card-cleaning" timems="0.257" contextid="2186" timestamp="2022-02-08T17:22:57.008">
  <card-cleaning cardsCleaned="4" bytesTraced="1920" workStackOverflowCount="0" />
</gc-op>
<gc-op id="2209" type="mark" timems="32.707" contextid="2186" timestamp="2022-02-08T17:22:57.041">
  <trace-info objectcount="1301725" scancount="977820" scanbytes="20927880" />
  <finalization candidates="428" enqueued="57" />
  <ownableSynchronizers candidates="1" cleared="0" />
  <references type="soft" candidates="894" cleared="0" enqueued="0" dynamicThreshold="12" maxThreshold="32" />
  <references type="weak" candidates="1701" cleared="0" enqueued="0" />
  <references type="phantom" candidates="52" cleared="2" enqueued="2" />
  <stringconstants candidates="6470" cleared="0"  />
  <object-monitors candidates="2" cleared="0"  />
</gc-op>
<gc-op id="2210" type="sweep" timems="4.579" contextid="2186" timestamp="2022-02-08T17:22:57.046" />
<gc-end id="2211" type="global" contextid="2186" durationms="173.474" usertimems="191.898" systemtimems="4.946" stalltimems="97.340" timestamp="2022-02-08T17:22:57.046" activeThreads="4">
  <mem-info id="2212" free="422847808" total="1073741824" percent="39">
    <mem type="nursery" free="100667184" total="268435456" percent="37">
      <mem type="allocate" free="100667184" total="184156160" percent="54" />
      <mem type="survivor" free="0" total="84279296" percent="0" />
    </mem>
    <mem type="tenure" free="322180624" total="805306368" percent="40" micro-fragmented="306438" macro-fragmented="0">
      <mem type="soa" free="314126864" total="797252608" percent="39" />
      <mem type="loa" free="8053760" total="8053760" percent="100" />
    </mem>
    <pending-finalizers system="57" default="0" reference="2" classloader="0" />
    <remembered-set count="108" />
  </mem-info>
</gc-end>
<cycle-end id="2213" type="global" contextid="2186" timestamp="2022-02-08T17:22:57.046" />
<exclusive-end id="2214" timestamp="2022-02-08T17:22:57.046" durationms="173.704" />

<exclusive-start id="2215" timestamp="2022-02-08T17:22:57.730" intervalms="857.913">
  <response-info timems="0.017" idlems="0.017" threads="0" lastid="0000000000016F00" lastname="main" />
</exclusive-start>
<af-start id="2216" threadId="0000000000017908" totalBytesRequested="184" timestamp="2022-02-08T17:22:57.730" intervalms="1067.890" type="nursery" />
<cycle-start id="2217" type="scavenge" contextid="0" timestamp="2022-02-08T17:22:57.730" intervalms="1067.892" />
<gc-start id="2218" type="scavenge" contextid="2217" timestamp="2022-02-08T17:22:57.730">
  <mem-info id="2219" free="322180624" total="1073741824" percent="30">
    <mem type="nursery" free="0" total="268435456" percent="0">
      <mem type="allocate" free="0" total="184156160" percent="0" />
      <mem type="survivor" free="0" total="84279296" percent="0" />
    </mem>
    <mem type="tenure" free="322180624" total="805306368" percent="40">
      <mem type="soa" free="314126864" total="797252608" percent="39" />
      <mem type="loa" free="8053760" total="8053760" percent="100" />
    </mem>
    <remembered-set count="109" />
  </mem-info>
</gc-start>
<allocation-stats totalBytes="100620496" >
  <allocated-bytes non-tlh="0" tlh="100620496" />
  <largest-consumer threadName="main" threadId="0000000000016F00" bytes="100610704" />
</allocation-stats>
<gc-op id="2220" type="scavenge" timems="76.430" contextid="2217" timestamp="2022-02-08T17:22:57.807">
  <scavenger-info tenureage="1" tenuremask="7ffe" tiltratio="68" />
  <memory-copied type="nursery" objects="1407119" bytes="77617256" bytesdiscarded="204952" />
  <memory-copied type="tenure" objects="1419813" bytes="75098064" bytesdiscarded="41880" />
  <finalization candidates="45" enqueued="0" />
  <ownableSynchronizers candidates="2" cleared="2" />
  <object-monitors candidates="2" cleared="0"  />
</gc-op>
<gc-end id="2221" type="scavenge" contextid="2217" durationms="76.635" usertimems="302.288" systemtimems="0.000" stalltimems="2.523" timestamp="2022-02-08T17:22:57.807" activeThreads="4">
  <mem-info id="2222" free="351723704" total="1073741824" percent="32">
    <mem type="nursery" free="104761088" total="268435456" percent="39">
      <mem type="allocate" free="104761088" total="182583296" percent="57" />
      <mem type="survivor" free="0" total="85852160" percent="0" />
    </mem>
    <mem type="tenure" free="246962616" total="805306368" percent="30" macro-fragmented="0">
      <mem type="soa" free="238908856" total="797252608" percent="29" />
      <mem type="loa" free="8053760" total="8053760" percent="100" />
    </mem>
    <remembered-set count="104" />
  </mem-info>
</gc-end>
<cycle-end id="2223" type="scavenge" contextid="2217" timestamp="2022-02-08T17:22:57.807" />
<allocation-satisfied id="2224" threadId="0000000000016F00" bytesRequested="184" />
<af-end id="2225" timestamp="2022-02-08T17:22:57.807" threadId="0000000000017908" success="true" from="nursery"/>
<exclusive-end id="2226" timestamp="2022-02-08T17:22:57.807" durationms="76.915" />

<exclusive-start id="2227" timestamp="2022-02-08T17:22:58.447" intervalms="717.264">
  <response-info timems="0.030" idlems="0.030" threads="0" lastid="0000000000016F00" lastname="main" />
</exclusive-start>
<af-start id="2228" threadId="0000000000017908" totalBytesRequested="104" timestamp="2022-02-08T17:22:58.447" intervalms="717.267" type="nursery" />
<cycle-start id="2229" type="scavenge" contextid="0" timestamp="2022-02-08T17:22:58.447" intervalms="717.266" />
<gc-start id="2230" type="scavenge" contextid="2229" timestamp="2022-02-08T17:22:58.447">
  <mem-info id="2231" free="246962616" total="1073741824" percent="23">
    <mem type="nursery" free="0" total="268435456" percent="0">
      <mem type="allocate" free="0" total="182583296" percent="0" />
      <mem type="survivor" free="0" total="85852160" percent="0" />
    </mem>
    <mem type="tenure" free="246962616" total="805306368" percent="30">
      <mem type="soa" free="238908856" total="797252608" percent="29" />
      <mem type="loa" free="8053760" total="8053760" percent="100" />
    </mem>
    <remembered-set count="104" />
  </mem-info>
</gc-start>
<allocation-stats totalBytes="104713424" >
  <allocated-bytes non-tlh="184" tlh="104713240" />
  <largest-consumer threadName="main" threadId="0000000000016F00" bytes="104713424" />
</allocation-stats>
<gc-op id="2232" type="scavenge" timems="78.714" contextid="2229" timestamp="2022-02-08T17:22:58.526">
  <scavenger-info tenureage="1" tenuremask="7ffe" tiltratio="68" />
  <memory-copied type="nursery" objects="1307452" bytes="74450960" bytesdiscarded="203520" />
  <memory-copied type="tenure" objects="1407118" bytes="77617152" bytesdiscarded="41192" />
  <object-monitors candidates="2" cleared="0"  />
</gc-op>
<gc-end id="2233" type="scavenge" contextid="2229" durationms="78.962" usertimems="311.306" systemtimems="0.000" stalltimems="2.602" timestamp="2022-02-08T17:22:58.526" activeThreads="4">
  <mem-info id="2234" free="277321184" total="1073741824" percent="25">
    <mem type="nursery" free="108322032" total="268435456" percent="40">
      <mem type="allocate" free="108322032" total="182976512" percent="59" />
      <mem type="survivor" free="0" total="85458944" percent="0" />
    </mem>
    <mem type="tenure" free="168999152" total="805306368" percent="20" macro-fragmented="0">
      <mem type="soa" free="160945392" total="797252608" percent="20" />
      <mem type="loa" free="8053760" total="8053760" percent="100" />
    </mem>
    <remembered-set count="104" />
  </mem-info>
</gc-end>
<cycle-end id="2235" type="scavenge" contextid="2229" timestamp="2022-02-08T17:22:58.527" />
<allocation-satisfied id="2236" threadId="0000000000016F00" bytesRequested="104" />
<af-end id="2237" timestamp="2022-02-08T17:22:58.527" threadId="0000000000017908" success="true" from="nursery"/>
<exclusive-end id="2238" timestamp="2022-02-08T17:22:58.527" durationms="79.333" />

<exclusive-start id="2239" timestamp="2022-02-08T17:22:59.411" intervalms="964.140">
  <response-info timems="0.019" idlems="0.019" threads="0" lastid="0000000000016F00" lastname="main" />
</exclusive-start>
<af-start id="2240" threadId="0000000000017908" totalBytesRequested="216" timestamp="2022-02-08T17:22:59.412" intervalms="964.155" type="nursery" />
<cycle-start id="2241" type="scavenge" contextid="0" timestamp="2022-02-08T17:22:59.412" intervalms="964.168" />
<gc-start id="2242" type="scavenge" contextid="2241" timestamp="2022-02-08T17:22:59.412">
  <mem-info id="2243" free="168999152" total="1073741824" percent="15">
    <mem type="nursery" free="0" total="268435456" percent="0">
      <mem type="allocate" free="0" total="182976512" percent="0" />
      <mem type="survivor" free="0" total="85458944" percent="0" />
    </mem>
    <mem type="tenure" free="168999152" total="805306368" percent="20">
      <mem type="soa" free="160945392" total="797252608" percent="20" />
      <mem type="loa" free="8053760" total="8053760" percent="100" />
    </mem>
    <remembered-set count="134" />
  </mem-info>
</gc-start>
<allocation-stats totalBytes="108273216" >
  <allocated-bytes non-tlh="2938352" tlh="105334864" />
  <largest-consumer threadName="main" threadId="0000000000016F00" bytes="108273216" />
</allocation-stats>
<gc-op id="2244" type="scavenge" timems="76.746" contextid="2241" timestamp="2022-02-08T17:22:59.488">
  <scavenger-info tenureage="1" tenuremask="7ffe" tiltratio="68" />
  <memory-copied type="nursery" objects="1458512" bytes="76145616" bytesdiscarded="87408" />
  <memory-copied type="tenure" objects="1307452" bytes="74450960" bytesdiscarded="40424" />
  <finalization candidates="110" enqueued="53" />
  <references type="soft" candidates="14" cleared="0" enqueued="0" dynamicThreshold="12" maxThreshold="32" />
  <references type="weak" candidates="1" cleared="0" enqueued="0" />
  <references type="phantom" candidates="95" cleared="7" enqueued="7" />
  <object-monitors candidates="2" cleared="0"  />
</gc-op>
<gc-end id="2245" type="scavenge" contextid="2241" durationms="76.965" usertimems="301.016" systemtimems="0.000" stalltimems="4.724" timestamp="2022-02-08T17:22:59.489" activeThreads="4">
  <mem-info id="2246" free="201596968" total="1073741824" percent="18">
    <mem type="nursery" free="107005504" total="268435456" percent="39">
      <mem type="allocate" free="107005504" total="183238656" percent="58" />
      <mem type="survivor" free="0" total="85196800" percent="0" />
    </mem>
    <mem type="tenure" free="94591464" total="805306368" percent="11" macro-fragmented="47927252">
      <mem type="soa" free="86537704" total="797252608" percent="10" />
      <mem type="loa" free="8053760" total="8053760" percent="100" />
    </mem>
    <pending-finalizers system="52" default="1" reference="7" classloader="0" />
    <remembered-set count="129" />
  </mem-info>
</gc-end>
<cycle-end id="2247" type="scavenge" contextid="2241" timestamp="2022-02-08T17:22:59.489" />
<allocation-satisfied id="2248" threadId="0000000000016F00" bytesRequested="216" />
<af-end id="2249" timestamp="2022-02-08T17:22:59.489" threadId="0000000000017908" success="true" from="nursery"/>
<exclusive-end id="2250" timestamp="2022-02-08T17:22:59.489" durationms="77.249" />

<concurrent-kickoff id="2251" timestamp="2022-02-08T17:23:00.170">
  <kickoff reason="threshold reached" targetBytes="74477279" thresholdFreeBytes="5752126"  remainingFree="5686848" tenureFreeBytes="94591464" nurseryFreeBytes="5686848" />
</concurrent-kickoff>
<exclusive-start id="2252" timestamp="2022-02-08T17:23:00.174" intervalms="762.756">
  <response-info timems="0.018" idlems="0.018" threads="0" lastid="0000000000016F00" lastname="main" />
</exclusive-start>
<cycle-start id="2253" type="global" contextid="0" timestamp="2022-02-08T17:23:00.174" intervalms="3626.236" />
<concurrent-start id="2254" type="global mark" contextid="2253" timestamp="2022-02-08T17:23:00.174">
</concurrent-start>
<exclusive-end id="2255" timestamp="2022-02-08T17:23:00.174" durationms="0.027" />

<exclusive-start id="2256" timestamp="2022-02-08T17:23:00.291" intervalms="117.202">
  <response-info timems="0.026" idlems="0.026" threads="0" lastid="0000000000016F00" lastname="main" />
</exclusive-start>
<af-start id="2257" threadId="0000000000017908" totalBytesRequested="200" timestamp="2022-02-08T17:23:00.291" intervalms="879.942" type="nursery" />
<cycle-start id="2258" type="scavenge" contextid="0" timestamp="2022-02-08T17:23:00.291" intervalms="879.929" />
<gc-start id="2259" type="scavenge" contextid="2258" timestamp="2022-02-08T17:23:00.292">
  <mem-info id="2260" free="94591464" total="1073741824" percent="8">
    <mem type="nursery" free="0" total="268435456" percent="0">
      <mem type="allocate" free="0" total="183238656" percent="0" />
      <mem type="survivor" free="0" total="85196800" percent="0" />
    </mem>
    <mem type="tenure" free="94591464" total="805306368" percent="11">
      <mem type="soa" free="86537704" total="797252608" percent="10" />
      <mem type="loa" free="8053760" total="8053760" percent="100" />
    </mem>
    <remembered-set count="130" />
  </mem-info>
</gc-start>
<allocation-stats totalBytes="106955584" >
  <allocated-bytes non-tlh="216" tlh="106955368" />
  <largest-consumer threadName="main" threadId="0000000000016F00" bytes="106947392" />
</allocation-stats>
<gc-op id="2261" type="scavenge" timems="76.124" contextid="2258" timestamp="2022-02-08T17:23:00.368">
  <scavenger-info tenureage="1" tenuremask="7ffe" tiltratio="68" />
  <memory-copied type="nursery" objects="1372213" bytes="76169848" bytesdiscarded="282112" />
  <memory-copied type="tenure" objects="1457800" bytes="75677640" bytesdiscarded="37288" />
  <finalization candidates="57" enqueued="0" />
  <object-monitors candidates="2" cleared="0"  />
</gc-op>
<gc-end id="2262" type="scavenge" contextid="2258" durationms="76.280" usertimems="301.108" systemtimems="0.000" stalltimems="2.394" timestamp="2022-02-08T17:23:00.368" activeThreads="4">
  <mem-info id="2263" free="126375592" total="1073741824" percent="11">
    <mem type="nursery" free="107376520" total="268435456" percent="40">
      <mem type="allocate" free="107376520" total="183828480" percent="58" />
      <mem type="survivor" free="0" total="84606976" percent="0" />
    </mem>
    <mem type="tenure" free="18999072" total="805306368" percent="2" macro-fragmented="13768083">
      <mem type="soa" free="10945312" total="797252608" percent="1" />
      <mem type="loa" free="8053760" total="8053760" percent="100" />
    </mem>
    <remembered-set count="103" />
  </mem-info>
</gc-end>
<cycle-end id="2264" type="scavenge" contextid="2258" timestamp="2022-02-08T17:23:00.368" />
<allocation-satisfied id="2265" threadId="0000000000016F00" bytesRequested="200" />
<af-end id="2266" timestamp="2022-02-08T17:23:00.368" threadId="0000000000017908" success="true" from="nursery"/>
<exclusive-end id="2267" timestamp="2022-02-08T17:23:00.368" durationms="76.622" />

<concurrent-end id="2268" type="global mark" contextid="2253" timestamp="2022-02-08T17:23:00.499">
<gc-op id="2269" type="trace" timems="324.384" contextid="2253" timestamp="2022-02-08T17:23:00.499">
  <trace bytesTraced="74434620" workStackOverflowCount="0" />
  <card-cleaning reason="card cleaning threshold reached" bytesTraced="1000" cardsCleaned="2" />
</gc-op>
</concurrent-end>

<exclusive-start id="2270" timestamp="2022-02-08T17:23:00.499" intervalms="207.294">
  <response-info timems="0.017" idlems="0.017" threads="0" lastid="0000000000016F00" lastname="main" />
</exclusive-start>
<concurrent-global-final id="2271" timestamp="2022-02-08T17:23:00.499" contextid="2253" intervalms="3626.570" >
  <concurrent-trace-info reason="card cleaning threshold reached" tracedByMutators="55980840" tracedByHelpers="18454780" cardsCleaned="2" workStackOverflowCount="0" />
</concurrent-global-final>
<gc-start id="2272" type="global" contextid="2253" timestamp="2022-02-08T17:23:00.499">
  <mem-info id="2273" free="117495264" total="1073741824" percent="10">
    <mem type="nursery" free="98496192" total="268435456" percent="36">
      <mem type="allocate" free="98496192" total="183828480" percent="53" />
      <mem type="survivor" free="0" total="84606976" percent="0" />
    </mem>
    <mem type="tenure" free="18999072" total="805306368" percent="2">
      <mem type="soa" free="10945312" total="797252608" percent="1" />
      <mem type="loa" free="8053760" total="8053760" percent="100" />
    </mem>
    <remembered-set count="103" />
  </mem-info>
</gc-start>
<allocation-stats totalBytes="8875880" >
  <allocated-bytes non-tlh="200" tlh="8875680" />
  <largest-consumer threadName="main" threadId="0000000000016F00" bytes="8875880" />
</allocation-stats>
<gc-op id="2274" type="rs-scan" timems="0.617" contextid="2253" timestamp="2022-02-08T17:23:00.499">
  <scan objectsFound="0" bytesTraced="3868" workStackOverflowCount="0" />
</gc-op>
<gc-op id="2275" type="card-cleaning" timems="146.878" contextid="2253" timestamp="2022-02-08T17:23:00.646">
  <card-cleaning cardsCleaned="10" bytesTraced="71014756" workStackOverflowCount="0" />
</gc-op>
<gc-op id="2276" type="mark" timems="72.635" contextid="2253" timestamp="2022-02-08T17:23:00.719">
  <trace-info objectcount="2426548" scancount="1821438" scanbytes="38925064" />
  <finalization candidates="428" enqueued="57" />
  <ownableSynchronizers candidates="1" cleared="0" />
  <references type="soft" candidates="894" cleared="0" enqueued="0" dynamicThreshold="12" maxThreshold="32" />
  <references type="weak" candidates="1701" cleared="0" enqueued="0" />
  <references type="phantom" candidates="52" cleared="2" enqueued="2" />
  <stringconstants candidates="6470" cleared="0"  />
  <object-monitors candidates="2" cleared="0"  />
</gc-op>
<gc-op id="2277" type="sweep" timems="5.066" contextid="2253" timestamp="2022-02-08T17:23:00.724" />
<gc-end id="2278" type="global" contextid="2253" durationms="225.400" usertimems="240.358" systemtimems="0.270" stalltimems="217.564" timestamp="2022-02-08T17:23:00.724" activeThreads="4">
  <mem-info id="2279" free="360777648" total="1073741824" percent="33">
    <mem type="nursery" free="98870032" total="268435456" percent="36">
      <mem type="allocate" free="98870032" total="183828480" percent="53" />
      <mem type="survivor" free="0" total="84606976" percent="0" />
    </mem>
    <mem type="tenure" free="261907616" total="805306368" percent="32" micro-fragmented="326162" macro-fragmented="2160235">
      <mem type="soa" free="253853856" total="797252608" percent="31" />
      <mem type="loa" free="8053760" total="8053760" percent="100" />
    </mem>
    <pending-finalizers system="57" default="0" reference="2" classloader="0" />
    <remembered-set count="103" />
  </mem-info>
</gc-end>
<cycle-end id="2280" type="global" contextid="2253" timestamp="2022-02-08T17:23:00.724" />
<exclusive-end id="2281" timestamp="2022-02-08T17:23:00.724" durationms="225.629" />

<exclusive-start id="2282" timestamp="2022-02-08T17:23:01.312" intervalms="813.387">
  <response-info timems="0.017" idlems="0.017" threads="0" lastid="0000000000016F00" lastname="main" />
</exclusive-start>
<af-start id="2283" threadId="0000000000017908" totalBytesRequested="184" timestamp="2022-02-08T17:23:01.312" intervalms="1020.689" type="nursery" />
<cycle-start id="2284" type="scavenge" contextid="0" timestamp="2022-02-08T17:23:01.312" intervalms="1020.688" />
<gc-start id="2285" type="scavenge" contextid="2284" timestamp="2022-02-08T17:23:01.312">
  <mem-info id="2286" free="261907616" total="1073741824" percent="24">
    <mem type="nursery" free="0" total="268435456" percent="0">
      <mem type="allocate" free="0" total="183828480" percent="0" />
      <mem type="survivor" free="0" total="84606976" percent="0" />
    </mem>
    <mem type="tenure" free="261907616" total="805306368" percent="32">
      <mem type="soa" free="253853856" total="797252608" percent="31" />
      <mem type="loa" free="8053760" total="8053760" percent="100" />
    </mem>
    <remembered-set count="106" />
  </mem-info>
</gc-start>
<allocation-stats totalBytes="98827536" >
  <allocated-bytes non-tlh="0" tlh="98827536" />
  <largest-consumer threadName="main" threadId="0000000000016F00" bytes="98823440" />
</allocation-stats>
<gc-op id="2287" type="scavenge" timems="73.918" contextid="2284" timestamp="2022-02-08T17:23:01.386">
  <scavenger-info tenureage="1" tenuremask="7ffe" tiltratio="68" />
  <memory-copied type="nursery" objects="1356819" bytes="76498800" bytesdiscarded="130464" />
  <memory-copied type="tenure" objects="1372212" bytes="76169736" bytesdiscarded="45232" />
  <ownableSynchronizers candidates="2" cleared="2" />
  <object-monitors candidates="2" cleared="0"  />
</gc-op>
<gc-end id="2288" type="scavenge" contextid="2284" durationms="74.083" usertimems="292.234" systemtimems="0.000" stalltimems="2.643" timestamp="2022-02-08T17:23:01.386" activeThreads="4">
  <mem-info id="2289" free="292974920" total="1073741824" percent="27">
    <mem type="nursery" free="107526896" total="268435456" percent="40">
      <mem type="allocate" free="107526896" total="184156160" percent="58" />
      <mem type="survivor" free="0" total="84279296" percent="0" />
    </mem>
    <mem type="tenure" free="185448024" total="805306368" percent="23" macro-fragmented="0">
      <mem type="soa" free="177394264" total="797252608" percent="22" />
      <mem type="loa" free="8053760" total="8053760" percent="100" />
    </mem>
    <remembered-set count="105" />
  </mem-info>
</gc-end>
<cycle-end id="2290" type="scavenge" contextid="2284" timestamp="2022-02-08T17:23:01.386" />
<allocation-satisfied id="2291" threadId="0000000000016F00" bytesRequested="184" />
<af-end id="2292" timestamp="2022-02-08T17:23:01.386" threadId="0000000000017908" success="true" from="nursery"/>
<exclusive-end id="2293" timestamp="2022-02-08T17:23:01.386" durationms="74.388" />

<exclusive-start id="2294" timestamp="2022-02-08T17:23:02.245" intervalms="933.056">
  <response-info timems="0.018" idlems="0.018" threads="0" lastid="0000000000016F00" lastname="main" />
</exclusive-start>
<af-start id="2295" threadId="0000000000017908" totalBytesRequested="1347680" timestamp="2022-02-08T17:23:02.245" intervalms="933.052" type="nursery" />
<cycle-start id="2296" type="scavenge" contextid="0" timestamp="2022-02-08T17:23:02.245" intervalms="933.054" />
<gc-start id="2297" type="scavenge" contextid="2296" timestamp="2022-02-08T17:23:02.245">
  <mem-info id="2298" free="186085704" total="1073741824" percent="17">
    <mem type="nursery" free="637680" total="268435456" percent="0">
      <mem type="allocate" free="637680" total="184156160" percent="0" />
      <mem type="survivor" free="0" total="84279296" percent="0" />
    </mem>
    <mem type="tenure" free="185448024" total="805306368" percent="23">
      <mem type="soa" free="177394264" total="797252608" percent="22" />
      <mem type="loa" free="8053760" total="8053760" percent="100" />
    </mem>
    <remembered-set count="136" />
  </mem-info>
</gc-start>
<allocation-stats totalBytes="106841928" >
  <allocated-bytes non-tlh="1493952" tlh="105347976" />
  <largest-consumer threadName="main" threadId="0000000000016F00" bytes="106841928" />
</allocation-stats>
<gc-op id="2299" type="scavenge" timems="80.020" contextid="2296" timestamp="2022-02-08T17:23:02.325">
  <scavenger-info tenureage="1" tenuremask="7ffe" tiltratio="68" />
  <memory-copied type="nursery" objects="1435207" bytes="74618664" bytesdiscarded="152240" />
  <memory-copied type="tenure" objects="1356818" bytes="76498696" bytesdiscarded="38632" />
  <finalization candidates="110" enqueued="53" />
  <references type="soft" candidates="14" cleared="0" enqueued="0" dynamicThreshold="10" maxThreshold="32" />
  <references type="weak" candidates="1" cleared="0" enqueued="0" />
  <references type="phantom" candidates="95" cleared="7" enqueued="7" />
  <object-monitors candidates="2" cleared="0"  />
</gc-op>
<gc-end id="2300" type="scavenge" contextid="2296" durationms="80.222" usertimems="312.889" systemtimems="4.280" stalltimems="1.951" timestamp="2022-02-08T17:23:02.326" activeThreads="4">
  <mem-info id="2301" free="218551688" total="1073741824" percent="20">
    <mem type="nursery" free="109712808" total="268435456" percent="40">
      <mem type="allocate" free="109712808" total="184483840" percent="59" />
      <mem type="survivor" free="0" total="83951616" percent="0" />
    </mem>
    <mem type="tenure" free="108838880" total="805306368" percent="13" macro-fragmented="0">
      <mem type="soa" free="100785120" total="797252608" percent="12" />
      <mem type="loa" free="8053760" total="8053760" percent="100" />
    </mem>
    <pending-finalizers system="52" default="1" reference="7" classloader="0" />
    <remembered-set count="132" />
  </mem-info>
</gc-end>
<cycle-end id="2302" type="scavenge" contextid="2296" timestamp="2022-02-08T17:23:02.326" />
<allocation-satisfied id="2303" threadId="0000000000016F00" bytesRequested="1347680" />
<af-end id="2304" timestamp="2022-02-08T17:23:02.326" threadId="0000000000017908" success="true" from="nursery"/>
<exclusive-end id="2305" timestamp="2022-02-08T17:23:02.326" durationms="80.577" />

<concurrent-kickoff id="2306" timestamp="2022-02-08T17:23:03.028">
  <kickoff reason="threshold reached" targetBytes="74468943" thresholdFreeBytes="5750888"  remainingFree="5629256" tenureFreeBytes="108838880" nurseryFreeBytes="5629256" />
</concurrent-kickoff>
<exclusive-start id="2307" timestamp="2022-02-08T17:23:03.031" intervalms="785.654">
  <response-info timems="0.018" idlems="0.018" threads="0" lastid="0000000000016F00" lastname="main" />
</exclusive-start>
<cycle-start id="2308" type="global" contextid="0" timestamp="2022-02-08T17:23:03.031" intervalms="2856.591" />
<concurrent-start id="2309" type="global mark" contextid="2308" timestamp="2022-02-08T17:23:03.031">
</concurrent-start>
<exclusive-end id="2310" timestamp="2022-02-08T17:23:03.031" durationms="0.025" />

<exclusive-start id="2311" timestamp="2022-02-08T17:23:03.155" intervalms="124.507">
  <response-info timems="0.018" idlems="0.018" threads="0" lastid="0000000000016F00" lastname="main" />
</exclusive-start>
<af-start id="2312" threadId="0000000000017908" totalBytesRequested="208" timestamp="2022-02-08T17:23:03.155" intervalms="910.191" type="nursery" />
<cycle-start id="2313" type="scavenge" contextid="0" timestamp="2022-02-08T17:23:03.155" intervalms="910.205" />
<gc-start id="2314" type="scavenge" contextid="2313" timestamp="2022-02-08T17:23:03.155">
  <mem-info id="2315" free="108838880" total="1073741824" percent="10">
    <mem type="nursery" free="0" total="268435456" percent="0">
      <mem type="allocate" free="0" total="184483840" percent="0" />
      <mem type="survivor" free="0" total="83951616" percent="0" />
    </mem>
    <mem type="tenure" free="108838880" total="805306368" percent="13">
      <mem type="soa" free="100785120" total="797252608" percent="12" />
      <mem type="loa" free="8053760" total="8053760" percent="100" />
    </mem>
    <remembered-set count="133" />
  </mem-info>
</gc-start>
<allocation-stats totalBytes="109661544" >
  <allocated-bytes non-tlh="1347680" tlh="108313864" />
  <largest-consumer threadName="main" threadId="0000000000016F00" bytes="109653352" />
</allocation-stats>
<gc-op id="2316" type="scavenge" timems="82.196" contextid="2313" timestamp="2022-02-08T17:23:03.238">
  <scavenger-info tenureage="1" tenuremask="7ffe" tiltratio="68" />
  <memory-copied type="nursery" objects="1393710" bytes="78503552" bytesdiscarded="291552" />
  <memory-copied type="tenure" objects="1434496" bytes="74150808" bytesdiscarded="39592" />
  <finalization candidates="57" enqueued="0" />
  <object-monitors candidates="2" cleared="0"  />
</gc-op>
<gc-end id="2317" type="scavenge" contextid="2313" durationms="82.420" usertimems="325.320" systemtimems="0.284" stalltimems="2.374" timestamp="2022-02-08T17:23:03.238" activeThreads="4">
  <mem-info id="2318" free="136451240" total="1073741824" percent="12">
    <mem type="nursery" free="101625504" total="268435456" percent="37">
      <mem type="allocate" free="101625504" total="180420608" percent="56" />
      <mem type="survivor" free="0" total="88014848" percent="0" />
    </mem>
    <mem type="tenure" free="34825736" total="805306368" percent="4" macro-fragmented="0">
      <mem type="soa" free="26771976" total="797252608" percent="3" />
      <mem type="loa" free="8053760" total="8053760" percent="100" />
    </mem>
    <remembered-set count="99" />
  </mem-info>
</gc-end>
<cycle-end id="2319" type="scavenge" contextid="2313" timestamp="2022-02-08T17:23:03.238" />
<allocation-satisfied id="2320" threadId="0000000000016F00" bytesRequested="208" />
<af-end id="2321" timestamp="2022-02-08T17:23:03.238" threadId="0000000000017908" success="true" from="nursery"/>
<exclusive-end id="2322" timestamp="2022-02-08T17:23:03.238" durationms="82.744" />

<concurrent-end id="2323" type="global mark" contextid="2308" timestamp="2022-02-08T17:23:03.361">
<gc-op id="2324" type="trace" timems="330.571" contextid="2308" timestamp="2022-02-08T17:23:03.361">
  <trace bytesTraced="74434812" workStackOverflowCount="0" />
  <card-cleaning reason="card cleaning threshold reached" bytesTraced="1000" cardsCleaned="2" />
</gc-op>
</concurrent-end>

<exclusive-start id="2325" timestamp="2022-02-08T17:23:03.361" intervalms="206.130">
  <response-info timems="0.018" idlems="0.018" threads="0" lastid="0000000000016F00" lastname="main" />
</exclusive-start>
<concurrent-global-final id="2326" timestamp="2022-02-08T17:23:03.361" contextid="2308" intervalms="2862.736" >
  <concurrent-trace-info reason="card cleaning threshold reached" tracedByMutators="56455452" tracedByHelpers="17980360" cardsCleaned="2" workStackOverflowCount="0" />
</concurrent-global-final>
<gc-start id="2327" type="global" contextid="2308" timestamp="2022-02-08T17:23:03.362">
  <mem-info id="2328" free="129143768" total="1073741824" percent="12">
    <mem type="nursery" free="94318032" total="268435456" percent="35">
      <mem type="allocate" free="94318032" total="180420608" percent="52" />
      <mem type="survivor" free="0" total="88014848" percent="0" />
    </mem>
    <mem type="tenure" free="34825736" total="805306368" percent="4">
      <mem type="soa" free="26771976" total="797252608" percent="3" />
      <mem type="loa" free="8053760" total="8053760" percent="100" />
    </mem>
    <remembered-set count="99" />
  </mem-info>
</gc-start>
<allocation-stats totalBytes="7303256" >
  <allocated-bytes non-tlh="208" tlh="7303048" />
  <largest-consumer threadName="main" threadId="0000000000016F00" bytes="7303256" />
</allocation-stats>
<gc-op id="2329" type="rs-scan" timems="0.565" contextid="2308" timestamp="2022-02-08T17:23:03.362">
  <scan objectsFound="0" bytesTraced="3836" workStackOverflowCount="0" />
</gc-op>
<gc-op id="2330" type="card-cleaning" timems="148.291" contextid="2308" timestamp="2022-02-08T17:23:03.510">
  <card-cleaning cardsCleaned="11" bytesTraced="71014820" workStackOverflowCount="0" />
</gc-op>
<gc-op id="2331" type="mark" timems="57.819" contextid="2308" timestamp="2022-02-08T17:23:03.568">
  <trace-info objectcount="2164831" scancount="1625150" scanbytes="34737600" />
  <finalization candidates="428" enqueued="57" />
  <ownableSynchronizers candidates="1" cleared="0" />
  <references type="soft" candidates="894" cleared="0" enqueued="0" dynamicThreshold="10" maxThreshold="32" />
  <references type="weak" candidates="1701" cleared="0" enqueued="0" />
  <references type="phantom" candidates="52" cleared="2" enqueued="2" />
  <stringconstants candidates="6470" cleared="0"  />
  <object-monitors candidates="2" cleared="0"  />
</gc-op>
<gc-op id="2332" type="sweep" timems="5.285" contextid="2308" timestamp="2022-02-08T17:23:03.574" />
<gc-end id="2333" type="global" contextid="2308" durationms="212.165" usertimems="228.435" systemtimems="0.000" stalltimems="173.231" timestamp="2022-02-08T17:23:03.574" activeThreads="4">
  <mem-info id="2334" free="372409136" total="1073741824" percent="34">
    <mem type="nursery" free="94701872" total="268435456" percent="35">
      <mem type="allocate" free="94701872" total="180420608" percent="52" />
      <mem type="survivor" free="0" total="88014848" percent="0" />
    </mem>
    <mem type="tenure" free="277707264" total="805306368" percent="34" micro-fragmented="326129" macro-fragmented="0">
      <mem type="soa" free="269653504" total="797252608" percent="33" />
      <mem type="loa" free="8053760" total="8053760" percent="100" />
    </mem>
    <pending-finalizers system="57" default="0" reference="2" classloader="0" />
    <remembered-set count="99" />
  </mem-info>
</gc-end>
<cycle-end id="2335" type="global" contextid="2308" timestamp="2022-02-08T17:23:03.574" />
<exclusive-end id="2336" timestamp="2022-02-08T17:23:03.574" durationms="212.390" />

<exclusive-start id="2337" timestamp="2022-02-08T17:23:04.150" intervalms="788.164">
  <response-info timems="0.018" idlems="0.018" threads="0" lastid="0000000000016F00" lastname="main" />
</exclusive-start>
<af-start id="2338" threadId="0000000000017908" totalBytesRequested="24" timestamp="2022-02-08T17:23:04.150" intervalms="994.269" type="nursery" />
<cycle-start id="2339" type="scavenge" contextid="0" timestamp="2022-02-08T17:23:04.150" intervalms="994.254" />
<gc-start id="2340" type="scavenge" contextid="2339" timestamp="2022-02-08T17:23:04.150">
  <mem-info id="2341" free="277707264" total="1073741824" percent="25">
    <mem type="nursery" free="0" total="268435456" percent="0">
      <mem type="allocate" free="0" total="180420608" percent="0" />
      <mem type="survivor" free="0" total="88014848" percent="0" />
    </mem>
    <mem type="tenure" free="277707264" total="805306368" percent="34">
      <mem type="soa" free="269653504" total="797252608" percent="33" />
      <mem type="loa" free="8053760" total="8053760" percent="100" />
    </mem>
    <remembered-set count="102" />
  </mem-info>
</gc-start>
<allocation-stats totalBytes="94657216" >
  <allocated-bytes non-tlh="0" tlh="94657216" />
  <largest-consumer threadName="main" threadId="0000000000016F00" bytes="94653120" />
</allocation-stats>
<gc-op id="2342" type="scavenge" timems="72.334" contextid="2339" timestamp="2022-02-08T17:23:04.222">
  <scavenger-info tenureage="1" tenuremask="7ffe" tiltratio="67" />
  <memory-copied type="nursery" objects="1281352" bytes="72410208" bytesdiscarded="247424" />
  <memory-copied type="tenure" objects="1393709" bytes="78503440" bytesdiscarded="42624" />
  <ownableSynchronizers candidates="2" cleared="2" />
  <object-monitors candidates="2" cleared="0"  />
</gc-op>
<gc-end id="2343" type="scavenge" contextid="2339" durationms="72.526" usertimems="280.948" systemtimems="4.346" stalltimems="3.032" timestamp="2022-02-08T17:23:04.222" activeThreads="4">
  <mem-info id="2344" free="307381632" total="1073741824" percent="28">
    <mem type="nursery" free="108418336" total="268435456" percent="40">
      <mem type="allocate" free="108418336" total="181075968" percent="59" />
      <mem type="survivor" free="0" total="87359488" percent="0" />
    </mem>
    <mem type="tenure" free="198963296" total="805306368" percent="24" macro-fragmented="0">
      <mem type="soa" free="190909536" total="797252608" percent="23" />
      <mem type="loa" free="8053760" total="8053760" percent="100" />
    </mem>
    <remembered-set count="105" />
  </mem-info>
</gc-end>
<cycle-end id="2345" type="scavenge" contextid="2339" timestamp="2022-02-08T17:23:04.222" />
<allocation-satisfied id="2346" threadId="0000000000016F00" bytesRequested="24" />
<af-end id="2347" timestamp="2022-02-08T17:23:04.222" threadId="0000000000017908" success="true" from="nursery"/>
<exclusive-end id="2348" timestamp="2022-02-08T17:23:04.222" durationms="72.858" />

<exclusive-start id="2349" timestamp="2022-02-08T17:23:05.088" intervalms="938.140">
  <response-info timems="0.016" idlems="0.016" threads="0" lastid="0000000000016F00" lastname="main" />
</exclusive-start>
<af-start id="2350" threadId="0000000000017908" totalBytesRequested="128" timestamp="2022-02-08T17:23:05.088" intervalms="938.131" type="nursery" />
<cycle-start id="2351" type="scavenge" contextid="0" timestamp="2022-02-08T17:23:05.088" intervalms="938.131" />
<gc-start id="2352" type="scavenge" contextid="2351" timestamp="2022-02-08T17:23:05.088">
  <mem-info id="2353" free="198963296" total="1073741824" percent="18">
    <mem type="nursery" free="0" total="268435456" percent="0">
      <mem type="allocate" free="0" total="181075968" percent="0" />
      <mem type="survivor" free="0" total="87359488" percent="0" />
    </mem>
    <mem type="tenure" free="198963296" total="805306368" percent="24">
      <mem type="soa" free="190909536" total="797252608" percent="23" />
      <mem type="loa" free="8053760" total="8053760" percent="100" />
    </mem>
    <remembered-set count="136" />
  </mem-info>
</gc-start>
<allocation-stats totalBytes="108372288" >
  <allocated-bytes non-tlh="1493792" tlh="106878496" />
  <largest-consumer threadName="main" threadId="0000000000016F00" bytes="108372288" />
</allocation-stats>
<gc-op id="2354" type="scavenge" timems="74.949" contextid="2351" timestamp="2022-02-08T17:23:05.163">
  <scavenger-info tenureage="1" tenuremask="7ffe" tiltratio="67" />
  <memory-copied type="nursery" objects="1489617" bytes="76318832" bytesdiscarded="93960" />
  <memory-copied type="tenure" objects="1281352" bytes="72410208" bytesdiscarded="34616" />
  <finalization candidates="109" enqueued="53" />
  <references type="soft" candidates="14" cleared="0" enqueued="0" dynamicThreshold="11" maxThreshold="32" />
  <references type="weak" candidates="1" cleared="0" enqueued="0" />
  <references type="phantom" candidates="94" cleared="7" enqueued="7" />
  <object-monitors candidates="2" cleared="0"  />
</gc-op>
<gc-end id="2355" type="scavenge" contextid="2351" durationms="75.146" usertimems="295.194" systemtimems="0.000" stalltimems="4.199" timestamp="2022-02-08T17:23:05.163" activeThreads="4">
  <mem-info id="2356" free="231255384" total="1073741824" percent="21">
    <mem type="nursery" free="104794120" total="268435456" percent="39">
      <mem type="allocate" free="104794120" total="181207040" percent="57" />
      <mem type="survivor" free="0" total="87228416" percent="0" />
    </mem>
    <mem type="tenure" free="126461264" total="805306368" percent="15" macro-fragmented="0">
      <mem type="soa" free="118407504" total="797252608" percent="14" />
      <mem type="loa" free="8053760" total="8053760" percent="100" />
    </mem>
    <pending-finalizers system="52" default="1" reference="7" classloader="0" />
    <remembered-set count="131" />
  </mem-info>
</gc-end>
<cycle-end id="2357" type="scavenge" contextid="2351" timestamp="2022-02-08T17:23:05.163" />
<allocation-satisfied id="2358" threadId="0000000000016F00" bytesRequested="128" />
<af-end id="2359" timestamp="2022-02-08T17:23:05.163" threadId="0000000000017908" success="true" from="nursery"/>
<exclusive-end id="2360" timestamp="2022-02-08T17:23:05.163" durationms="75.421" />

<concurrent-kickoff id="2361" timestamp="2022-02-08T17:23:05.841">
  <kickoff reason="threshold reached" targetBytes="74462312" thresholdFreeBytes="5753094"  remainingFree="5703688" tenureFreeBytes="126461264" nurseryFreeBytes="5703688" />
</concurrent-kickoff>
<exclusive-start id="2362" timestamp="2022-02-08T17:23:05.844" intervalms="756.099">
  <response-info timems="0.028" idlems="0.028" threads="0" lastid="0000000000016F00" lastname="main" />
</exclusive-start>
<cycle-start id="2363" type="global" contextid="0" timestamp="2022-02-08T17:23:05.844" intervalms="2813.050" />
<concurrent-start id="2364" type="global mark" contextid="2363" timestamp="2022-02-08T17:23:05.844">
</concurrent-start>
<exclusive-end id="2365" timestamp="2022-02-08T17:23:05.844" durationms="0.036" />

<exclusive-start id="2366" timestamp="2022-02-08T17:23:05.957" intervalms="113.191">
  <response-info timems="0.029" idlems="0.029" threads="0" lastid="0000000000016F00" lastname="main" />
</exclusive-start>
<af-start id="2367" threadId="0000000000017908" totalBytesRequested="184" timestamp="2022-02-08T17:23:05.957" intervalms="869.287" type="nursery" />
<cycle-start id="2368" type="scavenge" contextid="0" timestamp="2022-02-08T17:23:05.957" intervalms="869.287" />
<gc-start id="2369" type="scavenge" contextid="2368" timestamp="2022-02-08T17:23:05.957">
  <mem-info id="2370" free="126461264" total="1073741824" percent="11">
    <mem type="nursery" free="0" total="268435456" percent="0">
      <mem type="allocate" free="0" total="181207040" percent="0" />
      <mem type="survivor" free="0" total="87228416" percent="0" />
    </mem>
    <mem type="tenure" free="126461264" total="805306368" percent="15">
      <mem type="soa" free="118407504" total="797252608" percent="14" />
      <mem type="loa" free="8053760" total="8053760" percent="100" />
    </mem>
    <remembered-set count="132" />
  </mem-info>
</gc-start>
<allocation-stats totalBytes="104743624" >
  <allocated-bytes non-tlh="1347808" tlh="103395816" />
  <largest-consumer threadName="main" threadId="0000000000016F00" bytes="104735432" />
</allocation-stats>
<gc-op id="2371" type="scavenge" timems="79.779" contextid="2368" timestamp="2022-02-08T17:23:06.037">
  <scavenger-info tenureage="1" tenuremask="7ffe" tiltratio="67" />
  <memory-copied type="nursery" objects="1312782" bytes="74975120" bytesdiscarded="195792" />
  <memory-copied type="tenure" objects="1488898" bytes="75375664" bytesdiscarded="35872" />
  <finalization candidates="57" enqueued="0" />
  <references type="phantom" candidates="1" cleared="0" enqueued="0" />
  <object-monitors candidates="2" cleared="0"  />
</gc-op>
<gc-end id="2372" type="scavenge" contextid="2368" durationms="80.046" usertimems="311.052" systemtimems="4.002" stalltimems="2.743" timestamp="2022-02-08T17:23:06.037" activeThreads="4">
  <mem-info id="2373" free="158195144" total="1073741824" percent="14">
    <mem type="nursery" free="107019168" total="268435456" percent="39">
      <mem type="allocate" free="107019168" total="182190080" percent="58" />
      <mem type="survivor" free="0" total="86245376" percent="0" />
    </mem>
    <mem type="tenure" free="51175976" total="805306368" percent="6" macro-fragmented="19260884">
      <mem type="soa" free="43122216" total="797252608" percent="5" />
      <mem type="loa" free="8053760" total="8053760" percent="100" />
    </mem>
    <remembered-set count="102" />
  </mem-info>
</gc-end>
<cycle-end id="2374" type="scavenge" contextid="2368" timestamp="2022-02-08T17:23:06.037" />
<allocation-satisfied id="2375" threadId="0000000000016F00" bytesRequested="184" />
<af-end id="2376" timestamp="2022-02-08T17:23:06.037" threadId="0000000000017908" success="true" from="nursery"/>
<exclusive-end id="2377" timestamp="2022-02-08T17:23:06.037" durationms="80.355" />

<concurrent-end id="2378" type="global mark" contextid="2363" timestamp="2022-02-08T17:23:06.159">
<gc-op id="2379" type="trace" timems="315.238" contextid="2363" timestamp="2022-02-08T17:23:06.159">
  <trace bytesTraced="74435068" workStackOverflowCount="0" />
  <card-cleaning reason="card cleaning threshold reached" bytesTraced="1000" cardsCleaned="2" />
</gc-op>
</concurrent-end>

<exclusive-start id="2380" timestamp="2022-02-08T17:23:06.159" intervalms="202.119">
  <response-info timems="0.016" idlems="0.016" threads="0" lastid="0000000000016F00" lastname="main" />
</exclusive-start>
<concurrent-global-final id="2381" timestamp="2022-02-08T17:23:06.159" contextid="2363" intervalms="2797.718" >
  <concurrent-trace-info reason="card cleaning threshold reached" tracedByMutators="55781688" tracedByHelpers="18654380" cardsCleaned="2" workStackOverflowCount="0" />
</concurrent-global-final>
<gc-start id="2382" type="global" contextid="2363" timestamp="2022-02-08T17:23:06.159">
  <mem-info id="2383" free="149839120" total="1073741824" percent="13">
    <mem type="nursery" free="98663144" total="268435456" percent="36">
      <mem type="allocate" free="98663144" total="182190080" percent="54" />
      <mem type="survivor" free="0" total="86245376" percent="0" />
    </mem>
    <mem type="tenure" free="51175976" total="805306368" percent="6">
      <mem type="soa" free="43122216" total="797252608" percent="5" />
      <mem type="loa" free="8053760" total="8053760" percent="100" />
    </mem>
    <remembered-set count="102" />
  </mem-info>
</gc-start>
<allocation-stats totalBytes="8352392" >
  <allocated-bytes non-tlh="184" tlh="8352208" />
  <largest-consumer threadName="main" threadId="0000000000016F00" bytes="8352392" />
</allocation-stats>
<gc-op id="2384" type="rs-scan" timems="0.542" contextid="2363" timestamp="2022-02-08T17:23:06.160">
  <scan objectsFound="29" bytesTraced="5268" workStackOverflowCount="0" />
</gc-op>
<gc-op id="2385" type="card-cleaning" timems="151.094" contextid="2363" timestamp="2022-02-08T17:23:06.311">
  <card-cleaning cardsCleaned="9" bytesTraced="71013244" workStackOverflowCount="0" />
</gc-op>
<gc-op id="2386" type="mark" timems="56.325" contextid="2363" timestamp="2022-02-08T17:23:06.367">
  <trace-info objectcount="1824291" scancount="1369746" scanbytes="29288936" />
  <finalization candidates="428" enqueued="57" />
  <ownableSynchronizers candidates="1" cleared="0" />
  <references type="soft" candidates="894" cleared="0" enqueued="0" dynamicThreshold="11" maxThreshold="32" />
  <references type="weak" candidates="1701" cleared="0" enqueued="0" />
  <references type="phantom" candidates="52" cleared="2" enqueued="2" />
  <stringconstants candidates="6470" cleared="0"  />
  <object-monitors candidates="2" cleared="0"  />
</gc-op>
<gc-op id="2387" type="sweep" timems="4.862" contextid="2363" timestamp="2022-02-08T17:23:06.372" />
<gc-end id="2388" type="global" contextid="2363" durationms="213.033" usertimems="228.228" systemtimems="0.275" stalltimems="168.693" timestamp="2022-02-08T17:23:06.372" activeThreads="4">
  <mem-info id="2389" free="392991248" total="1073741824" percent="36">
    <mem type="nursery" free="98954512" total="268435456" percent="36">
      <mem type="allocate" free="98954512" total="182190080" percent="54" />
      <mem type="survivor" free="0" total="86245376" percent="0" />
    </mem>
    <mem type="tenure" free="294036736" total="805306368" percent="36" micro-fragmented="282639" macro-fragmented="0">
      <mem type="soa" free="285982976" total="797252608" percent="35" />
      <mem type="loa" free="8053760" total="8053760" percent="100" />
    </mem>
    <pending-finalizers system="57" default="0" reference="2" classloader="0" />
    <remembered-set count="102" />
  </mem-info>
</gc-end>
<cycle-end id="2390" type="global" contextid="2363" timestamp="2022-02-08T17:23:06.372" />
<exclusive-end id="2391" timestamp="2022-02-08T17:23:06.372" durationms="213.233" />

<exclusive-start id="2392" timestamp="2022-02-08T17:23:07.004" intervalms="845.248">
  <response-info timems="0.024" idlems="0.024" threads="0" lastid="0000000000016F00" lastname="main" />
</exclusive-start>
<af-start id="2393" threadId="0000000000017908" totalBytesRequested="200" timestamp="2022-02-08T17:23:07.004" intervalms="1047.383" type="nursery" />
<cycle-start id="2394" type="scavenge" contextid="0" timestamp="2022-02-08T17:23:07.005" intervalms="1047.387" />
<gc-start id="2395" type="scavenge" contextid="2394" timestamp="2022-02-08T17:23:07.005">
  <mem-info id="2396" free="294036736" total="1073741824" percent="27">
    <mem type="nursery" free="0" total="268435456" percent="0">
      <mem type="allocate" free="0" total="182190080" percent="0" />
      <mem type="survivor" free="0" total="86245376" percent="0" />
    </mem>
    <mem type="tenure" free="294036736" total="805306368" percent="36">
      <mem type="soa" free="285982976" total="797252608" percent="35" />
      <mem type="loa" free="8053760" total="8053760" percent="100" />
    </mem>
    <remembered-set count="105" />
  </mem-info>
</gc-start>
<allocation-stats totalBytes="98906944" >
  <allocated-bytes non-tlh="0" tlh="98906944" />
  <largest-consumer threadName="main" threadId="0000000000016F00" bytes="98902848" />
</allocation-stats>
<gc-op id="2397" type="scavenge" timems="72.321" contextid="2394" timestamp="2022-02-08T17:23:07.077">
  <scavenger-info tenureage="1" tenuremask="7ffe" tiltratio="67" />
  <memory-copied type="nursery" objects="1356363" bytes="76201440" bytesdiscarded="164520" />
  <memory-copied type="tenure" objects="1312781" bytes="74975016" bytesdiscarded="44616" />
  <finalization candidates="1" enqueued="0" />
  <ownableSynchronizers candidates="2" cleared="2" />
  <object-monitors candidates="2" cleared="0"  />
</gc-op>
<gc-end id="2398" type="scavenge" contextid="2394" durationms="72.550" usertimems="285.264" systemtimems="0.000" stalltimems="2.734" timestamp="2022-02-08T17:23:07.077" activeThreads="4">
  <mem-info id="2399" free="325239136" total="1073741824" percent="30">
    <mem type="nursery" free="106348408" total="268435456" percent="39">
      <mem type="allocate" free="106348408" total="182714368" percent="58" />
      <mem type="survivor" free="0" total="85721088" percent="0" />
    </mem>
    <mem type="tenure" free="218890728" total="805306368" percent="27" macro-fragmented="0">
      <mem type="soa" free="210836968" total="797252608" percent="26" />
      <mem type="loa" free="8053760" total="8053760" percent="100" />
    </mem>
    <remembered-set count="105" />
  </mem-info>
</gc-end>
<cycle-end id="2400" type="scavenge" contextid="2394" timestamp="2022-02-08T17:23:07.077" />
<allocation-satisfied id="2401" threadId="0000000000016F00" bytesRequested="200" />
<af-end id="2402" timestamp="2022-02-08T17:23:07.077" threadId="0000000000017908" success="true" from="nursery"/>
<exclusive-end id="2403" timestamp="2022-02-08T17:23:07.077" durationms="72.861" />

<exclusive-start id="2404" timestamp="2022-02-08T17:23:07.889" intervalms="884.376">
  <response-info timems="0.017" idlems="0.017" threads="0" lastid="0000000000016F00" lastname="main" />
</exclusive-start>
<af-start id="2405" threadId="0000000000017908" totalBytesRequested="24" timestamp="2022-02-08T17:23:07.889" intervalms="884.365" type="nursery" />
<cycle-start id="2406" type="scavenge" contextid="0" timestamp="2022-02-08T17:23:07.889" intervalms="884.363" />
<gc-start id="2407" type="scavenge" contextid="2406" timestamp="2022-02-08T17:23:07.889">
  <mem-info id="2408" free="218890728" total="1073741824" percent="20">
    <mem type="nursery" free="0" total="268435456" percent="0">
      <mem type="allocate" free="0" total="182714368" percent="0" />
      <mem type="survivor" free="0" total="85721088" percent="0" />
    </mem>
    <mem type="tenure" free="218890728" total="805306368" percent="27">
      <mem type="soa" free="210836968" total="797252608" percent="26" />
      <mem type="loa" free="8053760" total="8053760" percent="100" />
    </mem>
    <remembered-set count="136" />
  </mem-info>
</gc-start>
<allocation-stats totalBytes="106305528" >
  <allocated-bytes non-tlh="945928" tlh="105359600" />
  <largest-consumer threadName="main" threadId="0000000000016F00" bytes="106305528" />
</allocation-stats>
<gc-op id="2409" type="scavenge" timems="80.707" contextid="2406" timestamp="2022-02-08T17:23:07.970">
  <scavenger-info tenureage="1" tenuremask="7ffe" tiltratio="68" />
  <memory-copied type="nursery" objects="1447551" bytes="74980592" bytesdiscarded="235344" />
  <memory-copied type="tenure" objects="1356362" bytes="76201328" bytesdiscarded="34768" />
  <finalization candidates="92" enqueued="51" />
  <references type="soft" candidates="14" cleared="0" enqueued="0" dynamicThreshold="11" maxThreshold="32" />
  <references type="weak" candidates="1" cleared="0" enqueued="0" />
  <references type="phantom" candidates="77" cleared="7" enqueued="7" />
  <object-monitors candidates="2" cleared="0"  />
</gc-op>
<gc-end id="2410" type="scavenge" contextid="2406" durationms="80.907" usertimems="305.208" systemtimems="0.000" stalltimems="5.603" timestamp="2022-02-08T17:23:07.970" activeThreads="4">
  <mem-info id="2411" free="250806488" total="1073741824" percent="23">
    <mem type="nursery" free="108153664" total="268435456" percent="40">
      <mem type="allocate" free="108153664" total="183369728" percent="58" />
      <mem type="survivor" free="0" total="85065728" percent="0" />
    </mem>
    <mem type="tenure" free="142652824" total="805306368" percent="17" macro-fragmented="0">
      <mem type="soa" free="134599064" total="797252608" percent="16" />
      <mem type="loa" free="8053760" total="8053760" percent="100" />
    </mem>
    <pending-finalizers system="50" default="1" reference="7" classloader="0" />
    <remembered-set count="132" />
  </mem-info>
</gc-end>
<cycle-end id="2412" type="scavenge" contextid="2406" timestamp="2022-02-08T17:23:07.970" />
<allocation-satisfied id="2413" threadId="0000000000016F00" bytesRequested="24" />
<af-end id="2414" timestamp="2022-02-08T17:23:07.970" threadId="0000000000017908" success="true" from="nursery"/>
<exclusive-end id="2415" timestamp="2022-02-08T17:23:07.970" durationms="81.438" />

<concurrent-kickoff id="2416" timestamp="2022-02-08T17:23:08.647">
  <kickoff reason="threshold reached" targetBytes="74457060" thresholdFreeBytes="5768947"  remainingFree="5641184" tenureFreeBytes="142652824" nurseryFreeBytes="5641184" />
</concurrent-kickoff>
<exclusive-start id="2417" timestamp="2022-02-08T17:23:08.650" intervalms="761.431">
  <response-info timems="0.021" idlems="0.021" threads="0" lastid="0000000000016F00" lastname="main" />
</exclusive-start>
<cycle-start id="2418" type="global" contextid="0" timestamp="2022-02-08T17:23:08.650" intervalms="2806.359" />
<concurrent-start id="2419" type="global mark" contextid="2418" timestamp="2022-02-08T17:23:08.650">
</concurrent-start>
<exclusive-end id="2420" timestamp="2022-02-08T17:23:08.650" durationms="0.028" />

<exclusive-start id="2421" timestamp="2022-02-08T17:23:08.822" intervalms="171.544">
  <response-info timems="0.036" idlems="0.036" threads="0" lastid="0000000000016F00" lastname="main" />
</exclusive-start>
<af-start id="2422" threadId="0000000000017908" totalBytesRequested="200" timestamp="2022-02-08T17:23:08.822" intervalms="932.983" type="nursery" />
<cycle-start id="2423" type="scavenge" contextid="0" timestamp="2022-02-08T17:23:08.822" intervalms="933.008" />
<gc-start id="2424" type="scavenge" contextid="2423" timestamp="2022-02-08T17:23:08.822">
  <mem-info id="2425" free="142652824" total="1073741824" percent="13">
    <mem type="nursery" free="0" total="268435456" percent="0">
      <mem type="allocate" free="0" total="183369728" percent="0" />
      <mem type="survivor" free="0" total="85065728" percent="0" />
    </mem>
    <mem type="tenure" free="142652824" total="805306368" percent="17">
      <mem type="soa" free="134599064" total="797252608" percent="16" />
      <mem type="loa" free="8053760" total="8053760" percent="100" />
    </mem>
    <remembered-set count="133" />
  </mem-info>
</gc-start>
<allocation-stats totalBytes="108105248" >
  <allocated-bytes non-tlh="1992544" tlh="106112704" />
  <largest-consumer threadName="main" threadId="0000000000016F00" bytes="108097056" />
</allocation-stats>
<gc-op id="2426" type="scavenge" timems="76.712" contextid="2423" timestamp="2022-02-08T17:23:08.899">
  <scavenger-info tenureage="1" tenuremask="7ffe" tiltratio="68" />
  <memory-copied type="nursery" objects="1370062" bytes="76853200" bytesdiscarded="162544" />
  <memory-copied type="tenure" objects="1446852" bytes="74430360" bytesdiscarded="39632" />
  <finalization candidates="59" enqueued="2" />
  <references type="phantom" candidates="18" cleared="0" enqueued="0" />
  <object-monitors candidates="2" cleared="0"  />
</gc-op>
<gc-end id="2427" type="scavenge" contextid="2423" durationms="76.874" usertimems="299.220" systemtimems="0.004" stalltimems="4.164" timestamp="2022-02-08T17:23:08.899" activeThreads="4">
  <mem-info id="2428" free="174442896" total="1073741824" percent="16">
    <mem type="nursery" free="106353984" total="268435456" percent="39">
      <mem type="allocate" free="106353984" total="183369728" percent="57" />
      <mem type="survivor" free="0" total="85065728" percent="0" />
    </mem>
    <mem type="tenure" free="68088912" total="805306368" percent="8" macro-fragmented="57512708">
      <mem type="soa" free="60035152" total="797252608" percent="7" />
      <mem type="loa" free="8053760" total="8053760" percent="100" />
    </mem>
    <pending-finalizers system="2" default="0" reference="0" classloader="0" />
    <remembered-set count="107" />
  </mem-info>
</gc-end>
<cycle-end id="2429" type="scavenge" contextid="2423" timestamp="2022-02-08T17:23:08.899" />
<allocation-satisfied id="2430" threadId="0000000000016F00" bytesRequested="200" />
<af-end id="2431" timestamp="2022-02-08T17:23:08.899" threadId="0000000000017908" success="true" from="nursery"/>
<exclusive-end id="2432" timestamp="2022-02-08T17:23:08.899" durationms="77.238" />

<concurrent-end id="2433" type="global mark" contextid="2418" timestamp="2022-02-08T17:23:09.009">
<gc-op id="2434" type="trace" timems="358.679" contextid="2418" timestamp="2022-02-08T17:23:09.009">
  <trace bytesTraced="74435340" workStackOverflowCount="0" />
  <card-cleaning reason="card cleaning threshold reached" bytesTraced="1000" cardsCleaned="2" />
</gc-op>
</concurrent-end>

<exclusive-start id="2435" timestamp="2022-02-08T17:23:09.009" intervalms="187.205">
  <response-info timems="0.018" idlems="0.018" threads="0" lastid="0000000000016F00" lastname="main" />
</exclusive-start>
<concurrent-global-final id="2436" timestamp="2022-02-08T17:23:09.009" contextid="2418" intervalms="2849.798" >
  <concurrent-trace-info reason="card cleaning threshold reached" tracedByMutators="52697508" tracedByHelpers="21738832" cardsCleaned="2" workStackOverflowCount="0" />
</concurrent-global-final>
<gc-start id="2437" type="global" contextid="2418" timestamp="2022-02-08T17:23:09.009">
  <mem-info id="2438" free="166869192" total="1073741824" percent="15">
    <mem type="nursery" free="98780280" total="268435456" percent="36">
      <mem type="allocate" free="98780280" total="183369728" percent="53" />
      <mem type="survivor" free="0" total="85065728" percent="0" />
    </mem>
    <mem type="tenure" free="68088912" total="805306368" percent="8">
      <mem type="soa" free="60035152" total="797252608" percent="7" />
      <mem type="loa" free="8053760" total="8053760" percent="100" />
    </mem>
    <remembered-set count="107" />
  </mem-info>
</gc-start>
<allocation-stats totalBytes="7569384" >
  <allocated-bytes non-tlh="200" tlh="7569184" />
  <largest-consumer threadName="main" threadId="0000000000016F00" bytes="7565288" />
</allocation-stats>
<gc-op id="2439" type="rs-scan" timems="0.593" contextid="2418" timestamp="2022-02-08T17:23:09.010">
  <scan objectsFound="29" bytesTraced="5332" workStackOverflowCount="0" />
</gc-op>
<gc-op id="2440" type="card-cleaning" timems="162.367" contextid="2418" timestamp="2022-02-08T17:23:09.172">
  <card-cleaning cardsCleaned="10" bytesTraced="71013292" workStackOverflowCount="0" />
</gc-op>
<gc-op id="2441" type="mark" timems="39.682" contextid="2418" timestamp="2022-02-08T17:23:09.212">
  <trace-info objectcount="1554871" scancount="1167680" scanbytes="24978216" />
  <finalization candidates="428" enqueued="57" />
  <ownableSynchronizers candidates="1" cleared="0" />
  <references type="soft" candidates="894" cleared="0" enqueued="0" dynamicThreshold="11" maxThreshold="32" />
  <references type="weak" candidates="1701" cleared="0" enqueued="0" />
  <references type="phantom" candidates="52" cleared="2" enqueued="2" />
  <stringconstants candidates="6470" cleared="0"  />
  <object-monitors candidates="2" cleared="0"  />
</gc-op>
<gc-op id="2442" type="sweep" timems="4.705" contextid="2418" timestamp="2022-02-08T17:23:09.217" />
<gc-end id="2443" type="global" contextid="2418" durationms="207.553" usertimems="222.506" systemtimems="0.014" stalltimems="118.601" timestamp="2022-02-08T17:23:09.217" activeThreads="4">
  <mem-info id="2444" free="410087672" total="1073741824" percent="38">
    <mem type="nursery" free="99052696" total="268435456" percent="36">
      <mem type="allocate" free="99052696" total="183369728" percent="54" />
      <mem type="survivor" free="0" total="85065728" percent="0" />
    </mem>
    <mem type="tenure" free="311034976" total="805306368" percent="38" micro-fragmented="318513" macro-fragmented="0">
      <mem type="soa" free="302981216" total="797252608" percent="38" />
      <mem type="loa" free="8053760" total="8053760" percent="100" />
    </mem>
    <pending-finalizers system="57" default="0" reference="2" classloader="0" />
    <remembered-set count="107" />
  </mem-info>
</gc-end>
<cycle-end id="2445" type="global" contextid="2418" timestamp="2022-02-08T17:23:09.217" />
<exclusive-end id="2446" timestamp="2022-02-08T17:23:09.217" durationms="207.780" />

<exclusive-start id="2447" timestamp="2022-02-08T17:23:09.837" intervalms="828.264">
  <response-info timems="0.016" idlems="0.016" threads="0" lastid="0000000000016F00" lastname="main" />
</exclusive-start>
<af-start id="2448" threadId="0000000000017908" totalBytesRequested="112" timestamp="2022-02-08T17:23:09.837" intervalms="1015.458" type="nursery" />
<cycle-start id="2449" type="scavenge" contextid="0" timestamp="2022-02-08T17:23:09.837" intervalms="1015.431" />
<gc-start id="2450" type="scavenge" contextid="2449" timestamp="2022-02-08T17:23:09.837">
  <mem-info id="2451" free="311034976" total="1073741824" percent="28">
    <mem type="nursery" free="0" total="268435456" percent="0">
      <mem type="allocate" free="0" total="183369728" percent="0" />
      <mem type="survivor" free="0" total="85065728" percent="0" />
    </mem>
    <mem type="tenure" free="311034976" total="805306368" percent="38">
      <mem type="soa" free="302981216" total="797252608" percent="38" />
      <mem type="loa" free="8053760" total="8053760" percent="100" />
    </mem>
    <remembered-set count="110" />
  </mem-info>
</gc-start>
<allocation-stats totalBytes="99008664" >
  <allocated-bytes non-tlh="0" tlh="99008664" />
  <largest-consumer threadName="main" threadId="0000000000016F00" bytes="99004568" />
</allocation-stats>
<gc-op id="2452" type="scavenge" timems="75.100" contextid="2449" timestamp="2022-02-08T17:23:09.912">
  <scavenger-info tenureage="1" tenuremask="7ffe" tiltratio="68" />
  <memory-copied type="nursery" objects="1341310" bytes="75704536" bytesdiscarded="374328" />
  <memory-copied type="tenure" objects="1370037" bytes="76835888" bytesdiscarded="45584" />
  <finalization candidates="16" enqueued="0" />
  <ownableSynchronizers candidates="2" cleared="2" />
  <object-monitors candidates="2" cleared="0"  />
</gc-op>
<gc-end id="2453" type="scavenge" contextid="2449" durationms="75.317" usertimems="295.409" systemtimems="0.000" stalltimems="2.707" timestamp="2022-02-08T17:23:09.913" activeThreads="4">
  <mem-info id="2454" free="341735152" total="1073741824" percent="31">
    <mem type="nursery" free="107684080" total="268435456" percent="40">
      <mem type="allocate" free="107684080" total="183762944" percent="58" />
      <mem type="survivor" free="0" total="84672512" percent="0" />
    </mem>
    <mem type="tenure" free="234051072" total="805306368" percent="29" macro-fragmented="0">
      <mem type="soa" free="225997312" total="797252608" percent="28" />
      <mem type="loa" free="8053760" total="8053760" percent="100" />
    </mem>
    <remembered-set count="105" />
  </mem-info>
</gc-end>
<cycle-end id="2455" type="scavenge" contextid="2449" timestamp="2022-02-08T17:23:09.913" />
<allocation-satisfied id="2456" threadId="0000000000016F00" bytesRequested="112" />
<af-end id="2457" timestamp="2022-02-08T17:23:09.913" threadId="0000000000017908" success="true" from="nursery"/>
<exclusive-end id="2458" timestamp="2022-02-08T17:23:09.913" durationms="75.569" />

<exclusive-start id="2459" timestamp="2022-02-08T17:23:10.580" intervalms="742.848">
  <response-info timems="0.017" idlems="0.017" threads="0" lastid="0000000000016F00" lastname="main" />
</exclusive-start>
<af-start id="2460" threadId="0000000000017908" totalBytesRequested="32" timestamp="2022-02-08T17:23:10.580" intervalms="742.843" type="nursery" />
<cycle-start id="2461" type="scavenge" contextid="0" timestamp="2022-02-08T17:23:10.580" intervalms="742.842" />
<gc-start id="2462" type="scavenge" contextid="2461" timestamp="2022-02-08T17:23:10.580">
  <mem-info id="2463" free="234051072" total="1073741824" percent="21">
    <mem type="nursery" free="0" total="268435456" percent="0">
      <mem type="allocate" free="0" total="183762944" percent="0" />
      <mem type="survivor" free="0" total="84672512" percent="0" />
    </mem>
    <mem type="tenure" free="234051072" total="805306368" percent="29">
      <mem type="soa" free="225997312" total="797252608" percent="28" />
      <mem type="loa" free="8053760" total="8053760" percent="100" />
    </mem>
    <remembered-set count="116" />
  </mem-info>
</gc-start>
<allocation-stats totalBytes="107634648" >
  <allocated-bytes non-tlh="112" tlh="107634536" />
  <largest-consumer threadName="main" threadId="0000000000016F00" bytes="107634648" />
</allocation-stats>
<gc-op id="2464" type="scavenge" timems="79.578" contextid="2461" timestamp="2022-02-08T17:23:10.660">
  <scavenger-info tenureage="1" tenuremask="7ffe" tiltratio="68" />
  <memory-copied type="nursery" objects="1346935" bytes="76512016" bytesdiscarded="144760" />
  <memory-copied type="tenure" objects="1341310" bytes="75704536" bytesdiscarded="40112" />
  <finalization candidates="12" enqueued="6" />
  <references type="phantom" candidates="12" cleared="0" enqueued="0" />
  <object-monitors candidates="2" cleared="0"  />
</gc-op>
<gc-end id="2465" type="scavenge" contextid="2461" durationms="79.815" usertimems="310.291" systemtimems="0.000" stalltimems="7.542" timestamp="2022-02-08T17:23:10.660" activeThreads="4">
  <mem-info id="2466" free="266260776" total="1073741824" percent="24">
    <mem type="nursery" free="108023672" total="268435456" percent="40">
      <mem type="allocate" free="108023672" total="184680448" percent="58" />
      <mem type="survivor" free="0" total="83755008" percent="0" />
    </mem>
    <mem type="tenure" free="158237104" total="805306368" percent="19" macro-fragmented="1250136">
      <mem type="soa" free="150183344" total="797252608" percent="18" />
      <mem type="loa" free="8053760" total="8053760" percent="100" />
    </mem>
    <pending-finalizers system="6" default="0" reference="0" classloader="0" />
    <remembered-set count="116" />
  </mem-info>
</gc-end>
<cycle-end id="2467" type="scavenge" contextid="2461" timestamp="2022-02-08T17:23:10.660" />
<allocation-satisfied id="2468" threadId="0000000000016F00" bytesRequested="32" />
<af-end id="2469" timestamp="2022-02-08T17:23:10.660" threadId="0000000000017908" success="true" from="nursery"/>
<exclusive-end id="2470" timestamp="2022-02-08T17:23:10.660" durationms="80.052" />

<concurrent-kickoff id="2471" timestamp="2022-02-08T17:23:11.488">
  <kickoff reason="threshold reached" targetBytes="74452913" thresholdFreeBytes="5794561"  remainingFree="5787512" tenureFreeBytes="158237104" nurseryFreeBytes="5787512" />
</concurrent-kickoff>
<exclusive-start id="2472" timestamp="2022-02-08T17:23:11.491" intervalms="910.843">
  <response-info timems="0.017" idlems="0.017" threads="0" lastid="0000000000016F00" lastname="main" />
</exclusive-start>
<cycle-start id="2473" type="global" contextid="0" timestamp="2022-02-08T17:23:11.491" intervalms="2840.703" />
<concurrent-start id="2474" type="global mark" contextid="2473" timestamp="2022-02-08T17:23:11.491">
</concurrent-start>
<exclusive-end id="2475" timestamp="2022-02-08T17:23:11.491" durationms="0.028" />

<exclusive-start id="2476" timestamp="2022-02-08T17:23:11.618" intervalms="126.697">
  <response-info timems="0.036" idlems="0.036" threads="0" lastid="0000000000016F00" lastname="main" />
</exclusive-start>
<af-start id="2477" threadId="0000000000017908" totalBytesRequested="24" timestamp="2022-02-08T17:23:11.618" intervalms="1037.556" type="nursery" />
<cycle-start id="2478" type="scavenge" contextid="0" timestamp="2022-02-08T17:23:11.618" intervalms="1037.557" />
<gc-start id="2479" type="scavenge" contextid="2478" timestamp="2022-02-08T17:23:11.618">
  <mem-info id="2480" free="158237104" total="1073741824" percent="14">
    <mem type="nursery" free="0" total="268435456" percent="0">
      <mem type="allocate" free="0" total="184680448" percent="0" />
      <mem type="survivor" free="0" total="83755008" percent="0" />
    </mem>
    <mem type="tenure" free="158237104" total="805306368" percent="19">
      <mem type="soa" free="150183344" total="797252608" percent="18" />
      <mem type="loa" free="8053760" total="8053760" percent="100" />
    </mem>
    <remembered-set count="136" />
  </mem-info>
</gc-start>
<allocation-stats totalBytes="107974096" >
  <allocated-bytes non-tlh="3008856" tlh="104965240" />
  <largest-consumer threadName="main" threadId="0000000000016F00" bytes="107970000" />
</allocation-stats>
<gc-op id="2481" type="scavenge" timems="75.177" contextid="2478" timestamp="2022-02-08T17:23:11.693">
  <scavenger-info tenureage="1" tenuremask="7ffe" tiltratio="68" />
  <memory-copied type="nursery" objects="1445468" bytes="75943896" bytesdiscarded="49464" />
  <memory-copied type="tenure" objects="1346816" bytes="76449480" bytesdiscarded="40240" />
  <finalization candidates="104" enqueued="47" />
  <references type="soft" candidates="14" cleared="0" enqueued="0" dynamicThreshold="12" maxThreshold="32" />
  <references type="weak" candidates="1" cleared="0" enqueued="0" />
  <references type="phantom" candidates="89" cleared="7" enqueued="7" />
  <object-monitors candidates="2" cleared="0"  />
</gc-op>
<gc-end id="2482" type="scavenge" contextid="2478" durationms="75.342" usertimems="293.514" systemtimems="0.000" stalltimems="3.448" timestamp="2022-02-08T17:23:11.693" activeThreads="4">
  <mem-info id="2483" free="190575768" total="1073741824" percent="17">
    <mem type="nursery" free="108883568" total="268435456" percent="40">
      <mem type="allocate" free="108883568" total="184877056" percent="58" />
      <mem type="survivor" free="0" total="83558400" percent="0" />
    </mem>
    <mem type="tenure" free="81692200" total="805306368" percent="10" macro-fragmented="57512708">
      <mem type="soa" free="73638440" total="797252608" percent="9" />
      <mem type="loa" free="8053760" total="8053760" percent="100" />
    </mem>
    <pending-finalizers system="46" default="1" reference="7" classloader="0" />
    <remembered-set count="120" />
  </mem-info>
</gc-end>
<cycle-end id="2484" type="scavenge" contextid="2478" timestamp="2022-02-08T17:23:11.693" />
<allocation-satisfied id="2485" threadId="0000000000016F00" bytesRequested="24" />
<af-end id="2486" timestamp="2022-02-08T17:23:11.693" threadId="0000000000017908" success="true" from="nursery"/>
<exclusive-end id="2487" timestamp="2022-02-08T17:23:11.693" durationms="75.837" />

<concurrent-end id="2488" type="global mark" contextid="2473" timestamp="2022-02-08T17:23:11.805">
<gc-op id="2489" type="trace" timems="314.448" contextid="2473" timestamp="2022-02-08T17:23:11.805">
  <trace bytesTraced="74435580" workStackOverflowCount="0" />
  <card-cleaning reason="card cleaning threshold reached" bytesTraced="1000" cardsCleaned="2" />
</gc-op>
</concurrent-end>

<exclusive-start id="2490" timestamp="2022-02-08T17:23:11.805" intervalms="187.818">
  <response-info timems="0.017" idlems="0.017" threads="0" lastid="0000000000016F00" lastname="main" />
</exclusive-start>
<concurrent-global-final id="2491" timestamp="2022-02-08T17:23:11.806" contextid="2473" intervalms="2796.525" >
  <concurrent-trace-info reason="card cleaning threshold reached" tracedByMutators="56926560" tracedByHelpers="17510020" cardsCleaned="2" workStackOverflowCount="0" />
</concurrent-global-final>
<gc-start id="2492" type="global" contextid="2473" timestamp="2022-02-08T17:23:11.806">
  <mem-info id="2493" free="183260288" total="1073741824" percent="17">
    <mem type="nursery" free="101568088" total="268435456" percent="37">
      <mem type="allocate" free="101568088" total="184877056" percent="54" />
      <mem type="survivor" free="0" total="83558400" percent="0" />
    </mem>
    <mem type="tenure" free="81692200" total="805306368" percent="10">
      <mem type="soa" free="73638440" total="797252608" percent="9" />
      <mem type="loa" free="8053760" total="8053760" percent="100" />
    </mem>
    <remembered-set count="121" />
  </mem-info>
</gc-start>
<allocation-stats totalBytes="7311720" >
  <allocated-bytes non-tlh="24" tlh="7311696" />
  <largest-consumer threadName="main" threadId="0000000000016F00" bytes="7303528" />
</allocation-stats>
<gc-op id="2494" type="rs-scan" timems="126.443" contextid="2473" timestamp="2022-02-08T17:23:11.932">
  <scan objectsFound="3324749" bytesTraced="71015820" workStackOverflowCount="0" />
</gc-op>
<gc-op id="2495" type="card-cleaning" timems="0.363" contextid="2473" timestamp="2022-02-08T17:23:11.932">
  <card-cleaning cardsCleaned="3" bytesTraced="1348" workStackOverflowCount="0" />
</gc-op>
<gc-op id="2496" type="mark" timems="31.259" contextid="2473" timestamp="2022-02-08T17:23:11.964">
  <trace-info objectcount="1254053" scancount="942066" scanbytes="20165128" />
  <finalization candidates="428" enqueued="57" />
  <ownableSynchronizers candidates="1" cleared="0" />
  <references type="soft" candidates="894" cleared="0" enqueued="0" dynamicThreshold="12" maxThreshold="32" />
  <references type="weak" candidates="1701" cleared="0" enqueued="0" />
  <references type="phantom" candidates="52" cleared="2" enqueued="2" />
  <stringconstants candidates="6470" cleared="0"  />
  <object-monitors candidates="2" cleared="0"  />
</gc-op>
<gc-op id="2497" type="sweep" timems="4.555" contextid="2473" timestamp="2022-02-08T17:23:11.968" />
<gc-end id="2498" type="global" contextid="2473" durationms="162.814" usertimems="178.787" systemtimems="0.136" stalltimems="92.891" timestamp="2022-02-08T17:23:11.968" activeThreads="4">
  <mem-info id="2499" free="426793984" total="1073741824" percent="39">
    <mem type="nursery" free="102139856" total="268435456" percent="38">
      <mem type="allocate" free="102139856" total="184877056" percent="55" />
      <mem type="survivor" free="0" total="83558400" percent="0" />
    </mem>
    <mem type="tenure" free="324654128" total="805306368" percent="40" micro-fragmented="343639" macro-fragmented="0">
      <mem type="soa" free="316600368" total="797252608" percent="39" />
      <mem type="loa" free="8053760" total="8053760" percent="100" />
    </mem>
    <pending-finalizers system="57" default="0" reference="2" classloader="0" />
    <remembered-set count="108" />
  </mem-info>
</gc-end>
<cycle-end id="2500" type="global" contextid="2473" timestamp="2022-02-08T17:23:11.969" />
<exclusive-end id="2501" timestamp="2022-02-08T17:23:11.969" durationms="163.149" />

<exclusive-start id="2502" timestamp="2022-02-08T17:23:12.662" intervalms="856.600">
  <response-info timems="0.020" idlems="0.020" threads="0" lastid="0000000000016F00" lastname="main" />
</exclusive-start>
<af-start id="2503" threadId="0000000000017908" totalBytesRequested="40" timestamp="2022-02-08T17:23:12.662" intervalms="1044.409" type="nursery" />
<cycle-start id="2504" type="scavenge" contextid="0" timestamp="2022-02-08T17:23:12.662" intervalms="1044.409" />
<gc-start id="2505" type="scavenge" contextid="2504" timestamp="2022-02-08T17:23:12.662">
  <mem-info id="2506" free="324654128" total="1073741824" percent="30">
    <mem type="nursery" free="0" total="268435456" percent="0">
      <mem type="allocate" free="0" total="184877056" percent="0" />
      <mem type="survivor" free="0" total="83558400" percent="0" />
    </mem>
    <mem type="tenure" free="324654128" total="805306368" percent="40">
      <mem type="soa" free="316600368" total="797252608" percent="39" />
      <mem type="loa" free="8053760" total="8053760" percent="100" />
    </mem>
    <remembered-set count="109" />
  </mem-info>
</gc-start>
<allocation-stats totalBytes="102091368" >
  <allocated-bytes non-tlh="0" tlh="102091368" />
  <largest-consumer threadName="main" threadId="0000000000016F00" bytes="102087272" />
</allocation-stats>
<gc-op id="2507" type="scavenge" timems="88.001" contextid="2504" timestamp="2022-02-08T17:23:12.750">
  <scavenger-info tenureage="1" tenuremask="7ffe" tiltratio="68" />
  <memory-copied type="nursery" objects="1410416" bytes="77828584" bytesdiscarded="180600" />
  <memory-copied type="tenure" objects="1444831" bytes="75528024" bytesdiscarded="43888" />
  <finalization candidates="51" enqueued="0" />
  <ownableSynchronizers candidates="2" cleared="2" />
  <object-monitors candidates="2" cleared="0"  />
</gc-op>
<gc-end id="2508" type="scavenge" contextid="2504" durationms="88.233" usertimems="343.789" systemtimems="4.683" stalltimems="2.611" timestamp="2022-02-08T17:23:12.750" activeThreads="4">
  <mem-info id="2509" free="353717768" total="1073741824" percent="32">
    <mem type="nursery" free="104836256" total="268435456" percent="39">
      <mem type="allocate" free="104836256" total="182845440" percent="57" />
      <mem type="survivor" free="0" total="85590016" percent="0" />
    </mem>
    <mem type="tenure" free="248881512" total="805306368" percent="30" macro-fragmented="0">
      <mem type="soa" free="240827752" total="797252608" percent="30" />
      <mem type="loa" free="8053760" total="8053760" percent="100" />
    </mem>
    <remembered-set count="103" />
  </mem-info>
</gc-end>
<cycle-end id="2510" type="scavenge" contextid="2504" timestamp="2022-02-08T17:23:12.751" />
<allocation-satisfied id="2511" threadId="0000000000016F00" bytesRequested="40" />
<af-end id="2512" timestamp="2022-02-08T17:23:12.751" threadId="0000000000017908" success="true" from="nursery"/>
<exclusive-end id="2513" timestamp="2022-02-08T17:23:12.751" durationms="88.515" />

<exclusive-start id="2514" timestamp="2022-02-08T17:23:13.371" intervalms="708.982">
  <response-info timems="0.018" idlems="0.018" threads="0" lastid="0000000000016F00" lastname="main" />
</exclusive-start>
<af-start id="2515" threadId="0000000000017908" totalBytesRequested="112" timestamp="2022-02-08T17:23:13.371" intervalms="709.265" type="nursery" />
<cycle-start id="2516" type="scavenge" contextid="0" timestamp="2022-02-08T17:23:13.372" intervalms="709.398" />
<gc-start id="2517" type="scavenge" contextid="2516" timestamp="2022-02-08T17:23:13.372">
  <mem-info id="2518" free="248881512" total="1073741824" percent="23">
    <mem type="nursery" free="0" total="268435456" percent="0">
      <mem type="allocate" free="0" total="182845440" percent="0" />
      <mem type="survivor" free="0" total="85590016" percent="0" />
    </mem>
    <mem type="tenure" free="248881512" total="805306368" percent="30">
      <mem type="soa" free="240827752" total="797252608" percent="30" />
      <mem type="loa" free="8053760" total="8053760" percent="100" />
    </mem>
    <remembered-set count="103" />
  </mem-info>
</gc-start>
<allocation-stats totalBytes="104788536" >
  <allocated-bytes non-tlh="40" tlh="104788496" />
  <largest-consumer threadName="main" threadId="0000000000016F00" bytes="104788536" />
</allocation-stats>
<gc-op id="2519" type="scavenge" timems="73.292" contextid="2516" timestamp="2022-02-08T17:23:13.445">
  <scavenger-info tenureage="1" tenuremask="7ffe" tiltratio="68" />
  <memory-copied type="nursery" objects="1309040" bytes="74504176" bytesdiscarded="143144" />
  <memory-copied type="tenure" objects="1410416" bytes="77828584" bytesdiscarded="43416" />
  <object-monitors candidates="2" cleared="0"  />
</gc-op>
<gc-end id="2520" type="scavenge" contextid="2516" durationms="73.506" usertimems="290.427" systemtimems="0.000" stalltimems="1.928" timestamp="2022-02-08T17:23:13.445" activeThreads="4">
  <mem-info id="2521" free="279373504" total="1073741824" percent="26">
    <mem type="nursery" free="108460264" total="268435456" percent="40">
      <mem type="allocate" free="108460264" total="183107584" percent="59" />
      <mem type="survivor" free="0" total="85327872" percent="0" />
    </mem>
    <mem type="tenure" free="170913240" total="805306368" percent="21" macro-fragmented="57512708">
      <mem type="soa" free="162859480" total="797252608" percent="20" />
      <mem type="loa" free="8053760" total="8053760" percent="100" />
    </mem>
    <remembered-set count="104" />
  </mem-info>
</gc-end>
<cycle-end id="2522" type="scavenge" contextid="2516" timestamp="2022-02-08T17:23:13.445" />
<allocation-satisfied id="2523" threadId="0000000000016F00" bytesRequested="112" />
<af-end id="2524" timestamp="2022-02-08T17:23:13.445" threadId="0000000000017908" success="true" from="nursery"/>
<exclusive-end id="2525" timestamp="2022-02-08T17:23:13.445" durationms="74.176" />

<exclusive-start id="2526" timestamp="2022-02-08T17:23:14.316" intervalms="944.623">
  <response-info timems="0.018" idlems="0.018" threads="0" lastid="0000000000016F00" lastname="main" />
</exclusive-start>
<af-start id="2527" threadId="0000000000017908" totalBytesRequested="104" timestamp="2022-02-08T17:23:14.316" intervalms="944.339" type="nursery" />
<cycle-start id="2528" type="scavenge" contextid="0" timestamp="2022-02-08T17:23:14.316" intervalms="944.205" />
<gc-start id="2529" type="scavenge" contextid="2528" timestamp="2022-02-08T17:23:14.316">
  <mem-info id="2530" free="170913240" total="1073741824" percent="15">
    <mem type="nursery" free="0" total="268435456" percent="0">
      <mem type="allocate" free="0" total="183107584" percent="0" />
      <mem type="survivor" free="0" total="85327872" percent="0" />
    </mem>
    <mem type="tenure" free="170913240" total="805306368" percent="21">
      <mem type="soa" free="162859480" total="797252608" percent="20" />
      <mem type="loa" free="8053760" total="8053760" percent="100" />
    </mem>
    <remembered-set count="134" />
  </mem-info>
</gc-start>
<allocation-stats totalBytes="108413008" >
  <allocated-bytes non-tlh="2938360" tlh="105474648" />
  <largest-consumer threadName="main" threadId="0000000000016F00" bytes="108413008" />
</allocation-stats>
<gc-op id="2531" type="scavenge" timems="76.602" contextid="2528" timestamp="2022-02-08T17:23:14.392">
  <scavenger-info tenureage="1" tenuremask="7ffe" tiltratio="68" />
  <memory-copied type="nursery" objects="1451379" bytes="76210704" bytesdiscarded="109416" />
  <memory-copied type="tenure" objects="1309040" bytes="74504176" bytesdiscarded="40616" />
  <finalization candidates="110" enqueued="53" />
  <references type="soft" candidates="14" cleared="0" enqueued="0" dynamicThreshold="12" maxThreshold="32" />
  <references type="weak" candidates="1" cleared="0" enqueued="0" />
  <references type="phantom" candidates="95" cleared="7" enqueued="7" />
  <object-monitors candidates="2" cleared="0"  />
</gc-op>
<gc-end id="2532" type="scavenge" contextid="2528" durationms="76.779" usertimems="296.493" systemtimems="0.000" stalltimems="3.465" timestamp="2022-02-08T17:23:14.393" activeThreads="4">
  <mem-info id="2533" free="203605584" total="1073741824" percent="18">
    <mem type="nursery" free="107049480" total="268435456" percent="39">
      <mem type="allocate" free="107049480" total="183369728" percent="58" />
      <mem type="survivor" free="0" total="85065728" percent="0" />
    </mem>
    <mem type="tenure" free="96556104" total="805306368" percent="11" macro-fragmented="82818304">
      <mem type="soa" free="88502344" total="797252608" percent="11" />
      <mem type="loa" free="8053760" total="8053760" percent="100" />
    </mem>
    <pending-finalizers system="52" default="1" reference="7" classloader="0" />
    <remembered-set count="129" />
  </mem-info>
</gc-end>
<cycle-end id="2534" type="scavenge" contextid="2528" timestamp="2022-02-08T17:23:14.393" />
<allocation-satisfied id="2535" threadId="0000000000016F00" bytesRequested="104" />
<af-end id="2536" timestamp="2022-02-08T17:23:14.393" threadId="0000000000017908" success="true" from="nursery"/>
<exclusive-end id="2537" timestamp="2022-02-08T17:23:14.393" durationms="77.034" />

<concurrent-kickoff id="2538" timestamp="2022-02-08T17:23:15.079">
  <kickoff reason="threshold reached" targetBytes="74449645" thresholdFreeBytes="5785003"  remainingFree="5730824" tenureFreeBytes="96556104" nurseryFreeBytes="5730824" />
</concurrent-kickoff>
<exclusive-start id="2539" timestamp="2022-02-08T17:23:15.082" intervalms="766.646">
  <response-info timems="0.018" idlems="0.018" threads="0" lastid="0000000000016F00" lastname="main" />
</exclusive-start>
<cycle-start id="2540" type="global" contextid="0" timestamp="2022-02-08T17:23:15.082" intervalms="3591.367" />
<concurrent-start id="2541" type="global mark" contextid="2540" timestamp="2022-02-08T17:23:15.082">
</concurrent-start>
<exclusive-end id="2542" timestamp="2022-02-08T17:23:15.082" durationms="0.028" />

<exclusive-start id="2543" timestamp="2022-02-08T17:23:15.204" intervalms="121.425">
  <response-info timems="0.017" idlems="0.017" threads="0" lastid="0000000000016F00" lastname="main" />
</exclusive-start>
<af-start id="2544" threadId="0000000000017908" totalBytesRequested="112" timestamp="2022-02-08T17:23:15.204" intervalms="888.068" type="nursery" />
<cycle-start id="2545" type="scavenge" contextid="0" timestamp="2022-02-08T17:23:15.204" intervalms="888.068" />
<gc-start id="2546" type="scavenge" contextid="2545" timestamp="2022-02-08T17:23:15.204">
  <mem-info id="2547" free="96556104" total="1073741824" percent="8">
    <mem type="nursery" free="0" total="268435456" percent="0">
      <mem type="allocate" free="0" total="183369728" percent="0" />
      <mem type="survivor" free="0" total="85065728" percent="0" />
    </mem>
    <mem type="tenure" free="96556104" total="805306368" percent="11">
      <mem type="soa" free="88502344" total="797252608" percent="11" />
      <mem type="loa" free="8053760" total="8053760" percent="100" />
    </mem>
    <remembered-set count="130" />
  </mem-info>
</gc-start>
<allocation-stats totalBytes="107000312" >
  <allocated-bytes non-tlh="104" tlh="107000208" />
  <largest-consumer threadName="main" threadId="0000000000016F00" bytes="106992120" />
</allocation-stats>
<gc-op id="2548" type="scavenge" timems="81.429" contextid="2545" timestamp="2022-02-08T17:23:15.285">
  <scavenger-info tenureage="1" tenuremask="7ffe" tiltratio="68" />
  <memory-copied type="nursery" objects="1383856" bytes="76245320" bytesdiscarded="460616" />
  <memory-copied type="tenure" objects="1450668" bytes="75742848" bytesdiscarded="36488" />
  <finalization candidates="57" enqueued="0" />
  <object-monitors candidates="2" cleared="0"  />
</gc-op>
<gc-end id="2549" type="scavenge" contextid="2545" durationms="81.615" usertimems="323.186" systemtimems="0.000" stalltimems="1.816" timestamp="2022-02-08T17:23:15.285" activeThreads="4">
  <mem-info id="2550" free="127905256" total="1073741824" percent="11">
    <mem type="nursery" free="107188080" total="268435456" percent="39">
      <mem type="allocate" free="107188080" total="183894016" percent="58" />
      <mem type="survivor" free="0" total="84541440" percent="0" />
    </mem>
    <mem type="tenure" free="20717176" total="805306368" percent="2" macro-fragmented="12219980">
      <mem type="soa" free="12663416" total="797252608" percent="1" />
      <mem type="loa" free="8053760" total="8053760" percent="100" />
    </mem>
    <remembered-set count="103" />
  </mem-info>
</gc-end>
<cycle-end id="2551" type="scavenge" contextid="2545" timestamp="2022-02-08T17:23:15.286" />
<allocation-satisfied id="2552" threadId="0000000000016F00" bytesRequested="112" />
<af-end id="2553" timestamp="2022-02-08T17:23:15.286" threadId="0000000000017908" success="true" from="nursery"/>
<exclusive-end id="2554" timestamp="2022-02-08T17:23:15.286" durationms="81.879" />

<concurrent-end id="2555" type="global mark" contextid="2540" timestamp="2022-02-08T17:23:15.412">
<gc-op id="2556" type="trace" timems="329.985" contextid="2540" timestamp="2022-02-08T17:23:15.412">
  <trace bytesTraced="74435692" workStackOverflowCount="0" />
  <card-cleaning reason="card cleaning threshold reached" bytesTraced="1000" cardsCleaned="2" />
</gc-op>
</concurrent-end>

<exclusive-start id="2557" timestamp="2022-02-08T17:23:15.412" intervalms="208.635">
  <response-info timems="0.016" idlems="0.016" threads="0" lastid="0000000000016F00" lastname="main" />
</exclusive-start>
<concurrent-global-final id="2558" timestamp="2022-02-08T17:23:15.412" contextid="2540" intervalms="3606.855" >
  <concurrent-trace-info reason="card cleaning threshold reached" tracedByMutators="56098464" tracedByHelpers="18338228" cardsCleaned="2" workStackOverflowCount="0" />
</concurrent-global-final>
<gc-start id="2559" type="global" contextid="2540" timestamp="2022-02-08T17:23:15.412">
  <mem-info id="2560" free="119942520" total="1073741824" percent="11">
    <mem type="nursery" free="99225344" total="268435456" percent="36">
      <mem type="allocate" free="99225344" total="183894016" percent="53" />
      <mem type="survivor" free="0" total="84541440" percent="0" />
    </mem>
    <mem type="tenure" free="20717176" total="805306368" percent="2">
      <mem type="soa" free="12663416" total="797252608" percent="1" />
      <mem type="loa" free="8053760" total="8053760" percent="100" />
    </mem>
    <remembered-set count="103" />
  </mem-info>
</gc-start>
<allocation-stats totalBytes="7959488" >
  <allocated-bytes non-tlh="112" tlh="7959376" />
  <largest-consumer threadName="main" threadId="0000000000016F00" bytes="7959488" />
</allocation-stats>
<gc-op id="2561" type="rs-scan" timems="0.508" contextid="2540" timestamp="2022-02-08T17:23:15.413">
  <scan objectsFound="0" bytesTraced="3836" workStackOverflowCount="0" />
</gc-op>
<gc-op id="2562" type="card-cleaning" timems="175.835" contextid="2540" timestamp="2022-02-08T17:23:15.589">
  <card-cleaning cardsCleaned="10" bytesTraced="71014692" workStackOverflowCount="0" />
</gc-op>
<gc-op id="2563" type="mark" timems="74.738" contextid="2540" timestamp="2022-02-08T17:23:15.664">
  <trace-info objectcount="2387763" scancount="1792349" scanbytes="38304512" />
  <finalization candidates="428" enqueued="57" />
  <ownableSynchronizers candidates="1" cleared="0" />
  <references type="soft" candidates="894" cleared="0" enqueued="0" dynamicThreshold="12" maxThreshold="32" />
  <references type="weak" candidates="1701" cleared="0" enqueued="0" />
  <references type="phantom" candidates="52" cleared="2" enqueued="2" />
  <stringconstants candidates="6470" cleared="0"  />
  <object-monitors candidates="2" cleared="0"  />
</gc-op>
<gc-op id="2564" type="sweep" timems="5.081" contextid="2540" timestamp="2022-02-08T17:23:15.669" />
<gc-end id="2565" type="global" contextid="2540" durationms="256.342" usertimems="269.767" systemtimems="1.699" stalltimems="223.807" timestamp="2022-02-08T17:23:15.669" activeThreads="4">
  <mem-info id="2566" free="363400240" total="1073741824" percent="33">
    <mem type="nursery" free="99779736" total="268435456" percent="37">
      <mem type="allocate" free="99779736" total="183894016" percent="54" />
      <mem type="survivor" free="0" total="84541440" percent="0" />
    </mem>
    <mem type="tenure" free="263620504" total="805306368" percent="32" micro-fragmented="344841" macro-fragmented="0">
      <mem type="soa" free="255566744" total="797252608" percent="32" />
      <mem type="loa" free="8053760" total="8053760" percent="100" />
    </mem>
    <pending-finalizers system="57" default="0" reference="2" classloader="0" />
    <remembered-set count="103" />
  </mem-info>
</gc-end>
<cycle-end id="2567" type="global" contextid="2540" timestamp="2022-02-08T17:23:15.669" />
<exclusive-end id="2568" timestamp="2022-02-08T17:23:15.669" durationms="256.561" />

<exclusive-start id="2569" timestamp="2022-02-08T17:23:16.304" intervalms="891.944">
  <response-info timems="0.018" idlems="0.018" threads="0" lastid="0000000000016F00" lastname="main" />
</exclusive-start>
<af-start id="2570" threadId="0000000000017908" totalBytesRequested="184" timestamp="2022-02-08T17:23:16.304" intervalms="1100.581" type="nursery" />
<cycle-start id="2571" type="scavenge" contextid="0" timestamp="2022-02-08T17:23:16.304" intervalms="1100.590" />
<gc-start id="2572" type="scavenge" contextid="2571" timestamp="2022-02-08T17:23:16.304">
  <mem-info id="2573" free="263620504" total="1073741824" percent="24">
    <mem type="nursery" free="0" total="268435456" percent="0">
      <mem type="allocate" free="0" total="183894016" percent="0" />
      <mem type="survivor" free="0" total="84541440" percent="0" />
    </mem>
    <mem type="tenure" free="263620504" total="805306368" percent="32">
      <mem type="soa" free="255566744" total="797252608" percent="32" />
      <mem type="loa" free="8053760" total="8053760" percent="100" />
    </mem>
    <remembered-set count="106" />
  </mem-info>
</gc-start>
<allocation-stats totalBytes="99732848" >
  <allocated-bytes non-tlh="0" tlh="99732848" />
  <largest-consumer threadName="main" threadId="0000000000016F00" bytes="99728752" />
</allocation-stats>
<gc-op id="2574" type="scavenge" timems="77.606" contextid="2571" timestamp="2022-02-08T17:23:16.382">
  <scavenger-info tenureage="1" tenuremask="7ffe" tiltratio="68" />
  <memory-copied type="nursery" objects="1349651" bytes="76463872" bytesdiscarded="233320" />
  <memory-copied type="tenure" objects="1383856" bytes="76245320" bytesdiscarded="43496" />
  <ownableSynchronizers candidates="2" cleared="2" />
  <object-monitors candidates="2" cleared="0"  />
</gc-op>
<gc-end id="2575" type="scavenge" contextid="2571" durationms="77.778" usertimems="297.876" systemtimems="0.000" stalltimems="2.804" timestamp="2022-02-08T17:23:16.382" activeThreads="4">
  <mem-info id="2576" free="294621368" total="1073741824" percent="27">
    <mem type="nursery" free="107524504" total="268435456" percent="40">
      <mem type="allocate" free="107524504" total="184221696" percent="58" />
      <mem type="survivor" free="0" total="84213760" percent="0" />
    </mem>
    <mem type="tenure" free="187096864" total="805306368" percent="23" macro-fragmented="0">
      <mem type="soa" free="179043104" total="797252608" percent="22" />
      <mem type="loa" free="8053760" total="8053760" percent="100" />
    </mem>
    <remembered-set count="105" />
  </mem-info>
</gc-end>
<cycle-end id="2577" type="scavenge" contextid="2571" timestamp="2022-02-08T17:23:16.382" />
<allocation-satisfied id="2578" threadId="0000000000016F00" bytesRequested="184" />
<af-end id="2579" timestamp="2022-02-08T17:23:16.382" threadId="0000000000017908" success="true" from="nursery"/>
<exclusive-end id="2580" timestamp="2022-02-08T17:23:16.382" durationms="78.037" />

<exclusive-start id="2581" timestamp="2022-02-08T17:23:17.266" intervalms="961.719">
  <response-info timems="0.016" idlems="0.016" threads="0" lastid="0000000000016F00" lastname="main" />
</exclusive-start>
<af-start id="2582" threadId="0000000000017908" totalBytesRequested="176" timestamp="2022-02-08T17:23:17.266" intervalms="961.721" type="nursery" />
<cycle-start id="2583" type="scavenge" contextid="0" timestamp="2022-02-08T17:23:17.266" intervalms="961.713" />
<gc-start id="2584" type="scavenge" contextid="2583" timestamp="2022-02-08T17:23:17.266">
  <mem-info id="2585" free="187096864" total="1073741824" percent="17">
    <mem type="nursery" free="0" total="268435456" percent="0">
      <mem type="allocate" free="0" total="184221696" percent="0" />
      <mem type="survivor" free="0" total="84213760" percent="0" />
    </mem>
    <mem type="tenure" free="187096864" total="805306368" percent="23">
      <mem type="soa" free="179043104" total="797252608" percent="22" />
      <mem type="loa" free="8053760" total="8053760" percent="100" />
    </mem>
    <remembered-set count="136" />
  </mem-info>
</gc-start>
<allocation-stats totalBytes="107479784" >
  <allocated-bytes non-tlh="1590752" tlh="105889032" />
  <largest-consumer threadName="main" threadId="0000000000016F00" bytes="107479784" />
</allocation-stats>
<gc-op id="2586" type="scavenge" timems="75.152" contextid="2583" timestamp="2022-02-08T17:23:17.341">
  <scavenger-info tenureage="1" tenuremask="7ffe" tiltratio="68" />
  <memory-copied type="nursery" objects="1449284" bytes="75621480" bytesdiscarded="307840" />
  <memory-copied type="tenure" objects="1349650" bytes="76463768" bytesdiscarded="39184" />
  <finalization candidates="109" enqueued="53" />
  <references type="soft" candidates="14" cleared="0" enqueued="0" dynamicThreshold="10" maxThreshold="32" />
  <references type="weak" candidates="1" cleared="0" enqueued="0" />
  <references type="phantom" candidates="94" cleared="7" enqueued="7" />
  <object-monitors candidates="2" cleared="0"  />
</gc-op>
<gc-end id="2587" type="scavenge" contextid="2583" durationms="75.354" usertimems="295.715" systemtimems="0.707" stalltimems="3.575" timestamp="2022-02-08T17:23:17.341" activeThreads="4">
  <mem-info id="2588" free="219339256" total="1073741824" percent="20">
    <mem type="nursery" free="108619928" total="268435456" percent="40">
      <mem type="allocate" free="108619928" total="184549376" percent="58" />
      <mem type="survivor" free="0" total="83886080" percent="0" />
    </mem>
    <mem type="tenure" free="110719328" total="805306368" percent="13" macro-fragmented="0">
      <mem type="soa" free="102665568" total="797252608" percent="12" />
      <mem type="loa" free="8053760" total="8053760" percent="100" />
    </mem>
    <pending-finalizers system="52" default="1" reference="7" classloader="0" />
    <remembered-set count="132" />
  </mem-info>
</gc-end>
<cycle-end id="2589" type="scavenge" contextid="2583" timestamp="2022-02-08T17:23:17.342" />
<allocation-satisfied id="2590" threadId="0000000000016F00" bytesRequested="176" />
<af-end id="2591" timestamp="2022-02-08T17:23:17.342" threadId="0000000000017908" success="true" from="nursery"/>
<exclusive-end id="2592" timestamp="2022-02-08T17:23:17.342" durationms="75.671" />

<concurrent-kickoff id="2593" timestamp="2022-02-08T17:23:18.023">
  <kickoff reason="threshold reached" targetBytes="74447050" thresholdFreeBytes="5777283"  remainingFree="5715848" tenureFreeBytes="110719328" nurseryFreeBytes="5715848" />
</concurrent-kickoff>
<exclusive-start id="2594" timestamp="2022-02-08T17:23:18.026" intervalms="759.926">
  <response-info timems="0.018" idlems="0.018" threads="0" lastid="0000000000016F00" lastname="main" />
</exclusive-start>
<cycle-start id="2595" type="global" contextid="0" timestamp="2022-02-08T17:23:18.026" intervalms="2943.648" />
<concurrent-start id="2596" type="global mark" contextid="2595" timestamp="2022-02-08T17:23:18.026">
</concurrent-start>
<exclusive-end id="2597" timestamp="2022-02-08T17:23:18.026" durationms="0.027" />

<exclusive-start id="2598" timestamp="2022-02-08T17:23:18.150" intervalms="123.866">
  <response-info timems="0.029" idlems="0.029" threads="0" lastid="0000000000016F00" lastname="main" />
</exclusive-start>
<af-start id="2599" threadId="0000000000017908" totalBytesRequested="112" timestamp="2022-02-08T17:23:18.150" intervalms="883.789" type="nursery" />
<cycle-start id="2600" type="scavenge" contextid="0" timestamp="2022-02-08T17:23:18.150" intervalms="883.789" />
<gc-start id="2601" type="scavenge" contextid="2600" timestamp="2022-02-08T17:23:18.150">
  <mem-info id="2602" free="110719328" total="1073741824" percent="10">
    <mem type="nursery" free="0" total="268435456" percent="0">
      <mem type="allocate" free="0" total="184549376" percent="0" />
      <mem type="survivor" free="0" total="83886080" percent="0" />
    </mem>
    <mem type="tenure" free="110719328" total="805306368" percent="13">
      <mem type="soa" free="102665568" total="797252608" percent="12" />
      <mem type="loa" free="8053760" total="8053760" percent="100" />
    </mem>
    <remembered-set count="133" />
  </mem-info>
</gc-start>
<allocation-stats totalBytes="108568872" >
  <allocated-bytes non-tlh="1347856" tlh="107221016" />
  <largest-consumer threadName="main" threadId="0000000000016F00" bytes="108560680" />
</allocation-stats>
<gc-op id="2603" type="scavenge" timems="76.585" contextid="2600" timestamp="2022-02-08T17:23:18.227">
  <scavenger-info tenureage="1" tenuremask="7ffe" tiltratio="68" />
  <memory-copied type="nursery" objects="1381569" bytes="77728552" bytesdiscarded="214032" />
  <memory-copied type="tenure" objects="1448564" bytes="74678216" bytesdiscarded="38352" />
  <finalization candidates="57" enqueued="0" />
  <references type="phantom" candidates="1" cleared="0" enqueued="0" />
  <object-monitors candidates="2" cleared="0"  />
</gc-op>
<gc-end id="2604" type="scavenge" contextid="2600" durationms="76.801" usertimems="300.353" systemtimems="0.803" stalltimems="4.372" timestamp="2022-02-08T17:23:18.227" activeThreads="4">
  <mem-info id="2605" free="140556704" total="1073741824" percent="13">
    <mem type="nursery" free="104706248" total="268435456" percent="39">
      <mem type="allocate" free="104706248" total="182648832" percent="57" />
      <mem type="survivor" free="0" total="85786624" percent="0" />
    </mem>
    <mem type="tenure" free="35850456" total="805306368" percent="4" macro-fragmented="0">
      <mem type="soa" free="27796696" total="797252608" percent="3" />
      <mem type="loa" free="8053760" total="8053760" percent="100" />
    </mem>
    <remembered-set count="102" />
  </mem-info>
</gc-end>
<cycle-end id="2606" type="scavenge" contextid="2600" timestamp="2022-02-08T17:23:18.227" />
<allocation-satisfied id="2607" threadId="0000000000016F00" bytesRequested="112" />
<af-end id="2608" timestamp="2022-02-08T17:23:18.227" threadId="0000000000017908" success="true" from="nursery"/>
<exclusive-end id="2609" timestamp="2022-02-08T17:23:18.227" durationms="77.066" />

<concurrent-end id="2610" type="global mark" contextid="2595" timestamp="2022-02-08T17:23:18.350">
<gc-op id="2611" type="trace" timems="323.655" contextid="2595" timestamp="2022-02-08T17:23:18.350">
  <trace bytesTraced="74435900" workStackOverflowCount="0" />
  <card-cleaning reason="card cleaning threshold reached" bytesTraced="1000" cardsCleaned="2" />
</gc-op>
</concurrent-end>

<exclusive-start id="2612" timestamp="2022-02-08T17:23:18.350" intervalms="199.856">
  <response-info timems="0.018" idlems="0.018" threads="0" lastid="0000000000016F00" lastname="main" />
</exclusive-start>
<concurrent-global-final id="2613" timestamp="2022-02-08T17:23:18.350" contextid="2595" intervalms="2937.310" >
  <concurrent-trace-info reason="card cleaning threshold reached" tracedByMutators="56562828" tracedByHelpers="17874072" cardsCleaned="2" workStackOverflowCount="0" />
</concurrent-global-final>
<gc-start id="2614" type="global" contextid="2595" timestamp="2022-02-08T17:23:18.350">
  <mem-info id="2615" free="132069680" total="1073741824" percent="12">
    <mem type="nursery" free="96219224" total="268435456" percent="35">
      <mem type="allocate" free="96219224" total="182648832" percent="52" />
      <mem type="survivor" free="0" total="85786624" percent="0" />
    </mem>
    <mem type="tenure" free="35850456" total="805306368" percent="4">
      <mem type="soa" free="27796696" total="797252608" percent="3" />
      <mem type="loa" free="8053760" total="8053760" percent="100" />
    </mem>
    <remembered-set count="102" />
  </mem-info>
</gc-start>
<allocation-stats totalBytes="8483352" >
  <allocated-bytes non-tlh="112" tlh="8483240" />
  <largest-consumer threadName="main" threadId="0000000000016F00" bytes="8483352" />
</allocation-stats>
<gc-op id="2616" type="rs-scan" timems="0.616" contextid="2595" timestamp="2022-02-08T17:23:18.350">
  <scan objectsFound="29" bytesTraced="5268" workStackOverflowCount="0" />
</gc-op>
<gc-op id="2617" type="card-cleaning" timems="146.782" contextid="2595" timestamp="2022-02-08T17:23:18.497">
  <card-cleaning cardsCleaned="9" bytesTraced="71013244" workStackOverflowCount="0" />
</gc-op>
<gc-op id="2618" type="mark" timems="57.941" contextid="2595" timestamp="2022-02-08T17:23:18.555">
  <trace-info objectcount="2143491" scancount="1609146" scanbytes="34396136" />
  <finalization candidates="428" enqueued="57" />
  <ownableSynchronizers candidates="1" cleared="0" />
  <references type="soft" candidates="894" cleared="0" enqueued="0" dynamicThreshold="10" maxThreshold="32" />
  <references type="weak" candidates="1701" cleared="0" enqueued="0" />
  <references type="phantom" candidates="52" cleared="2" enqueued="2" />
  <stringconstants candidates="6470" cleared="0"  />
  <object-monitors candidates="2" cleared="0"  />
</gc-op>
<gc-op id="2619" type="sweep" timems="5.187" contextid="2595" timestamp="2022-02-08T17:23:18.560" />
<gc-end id="2620" type="global" contextid="2595" durationms="210.763" usertimems="231.587" systemtimems="3.588" stalltimems="173.698" timestamp="2022-02-08T17:23:18.560" activeThreads="4">
  <mem-info id="2621" free="375380944" total="1073741824" percent="34">
    <mem type="nursery" free="96525328" total="268435456" percent="35">
      <mem type="allocate" free="96525328" total="182648832" percent="52" />
      <mem type="survivor" free="0" total="85786624" percent="0" />
    </mem>
    <mem type="tenure" free="278855616" total="805306368" percent="34" micro-fragmented="406997" macro-fragmented="0">
      <mem type="soa" free="270801856" total="797252608" percent="33" />
      <mem type="loa" free="8053760" total="8053760" percent="100" />
    </mem>
    <pending-finalizers system="57" default="0" reference="2" classloader="0" />
    <remembered-set count="102" />
  </mem-info>
</gc-end>
<cycle-end id="2622" type="global" contextid="2595" timestamp="2022-02-08T17:23:18.561" />
<exclusive-end id="2623" timestamp="2022-02-08T17:23:18.561" durationms="210.958" />

<exclusive-start id="2624" timestamp="2022-02-08T17:23:19.149" intervalms="798.916">
  <response-info timems="0.019" idlems="0.019" threads="0" lastid="0000000000016F00" lastname="main" />
</exclusive-start>
<af-start id="2625" threadId="0000000000017908" totalBytesRequested="112" timestamp="2022-02-08T17:23:19.149" intervalms="998.775" type="nursery" />
<cycle-start id="2626" type="scavenge" contextid="0" timestamp="2022-02-08T17:23:19.149" intervalms="998.776" />
<gc-start id="2627" type="scavenge" contextid="2626" timestamp="2022-02-08T17:23:19.149">
  <mem-info id="2628" free="278855616" total="1073741824" percent="25">
    <mem type="nursery" free="0" total="268435456" percent="0">
      <mem type="allocate" free="0" total="182648832" percent="0" />
      <mem type="survivor" free="0" total="85786624" percent="0" />
    </mem>
    <mem type="tenure" free="278855616" total="805306368" percent="34">
      <mem type="soa" free="270801856" total="797252608" percent="33" />
      <mem type="loa" free="8053760" total="8053760" percent="100" />
    </mem>
    <remembered-set count="105" />
  </mem-info>
</gc-start>
<allocation-stats totalBytes="96481936" >
  <allocated-bytes non-tlh="0" tlh="96481936" />
  <largest-consumer threadName="main" threadId="0000000000016F00" bytes="96477840" />
</allocation-stats>
<gc-op id="2629" type="scavenge" timems="74.000" contextid="2626" timestamp="2022-02-08T17:23:19.223">
  <scavenger-info tenureage="1" tenuremask="7ffe" tiltratio="68" />
  <memory-copied type="nursery" objects="1315510" bytes="74535320" bytesdiscarded="107712" />
  <memory-copied type="tenure" objects="1381569" bytes="77728552" bytesdiscarded="44304" />
  <finalization candidates="1" enqueued="0" />
  <ownableSynchronizers candidates="2" cleared="2" />
  <object-monitors candidates="2" cleared="0"  />
</gc-op>
<gc-end id="2630" type="scavenge" contextid="2626" durationms="74.207" usertimems="291.838" systemtimems="0.000" stalltimems="3.458" timestamp="2022-02-08T17:23:19.223" activeThreads="4">
  <mem-info id="2631" free="309093920" total="1073741824" percent="28">
    <mem type="nursery" free="108399016" total="268435456" percent="40">
      <mem type="allocate" free="108399016" total="183042048" percent="59" />
      <mem type="survivor" free="0" total="85393408" percent="0" />
    </mem>
    <mem type="tenure" free="200694904" total="805306368" percent="24" macro-fragmented="0">
      <mem type="soa" free="192641144" total="797252608" percent="24" />
      <mem type="loa" free="8053760" total="8053760" percent="100" />
    </mem>
    <remembered-set count="105" />
  </mem-info>
</gc-end>
<cycle-end id="2632" type="scavenge" contextid="2626" timestamp="2022-02-08T17:23:19.223" />
<allocation-satisfied id="2633" threadId="0000000000016F00" bytesRequested="112" />
<af-end id="2634" timestamp="2022-02-08T17:23:19.223" threadId="0000000000017908" success="true" from="nursery"/>
<exclusive-end id="2635" timestamp="2022-02-08T17:23:19.223" durationms="74.463" />

<exclusive-start id="2636" timestamp="2022-02-08T17:23:20.091" intervalms="942.228">
  <response-info timems="0.017" idlems="0.017" threads="0" lastid="0000000000016F00" lastname="main" />
</exclusive-start>
<af-start id="2637" threadId="0000000000017908" totalBytesRequested="192" timestamp="2022-02-08T17:23:20.091" intervalms="942.227" type="nursery" />
<cycle-start id="2638" type="scavenge" contextid="0" timestamp="2022-02-08T17:23:20.091" intervalms="942.226" />
<gc-start id="2639" type="scavenge" contextid="2638" timestamp="2022-02-08T17:23:20.091">
  <mem-info id="2640" free="200694904" total="1073741824" percent="18">
    <mem type="nursery" free="0" total="268435456" percent="0">
      <mem type="allocate" free="0" total="183042048" percent="0" />
      <mem type="survivor" free="0" total="85393408" percent="0" />
    </mem>
    <mem type="tenure" free="200694904" total="805306368" percent="24">
      <mem type="soa" free="192641144" total="797252608" percent="24" />
      <mem type="loa" free="8053760" total="8053760" percent="100" />
    </mem>
    <remembered-set count="136" />
  </mem-info>
</gc-start>
<allocation-stats totalBytes="108351968" >
  <allocated-bytes non-tlh="1590680" tlh="106761288" />
  <largest-consumer threadName="main" threadId="0000000000016F00" bytes="108351968" />
</allocation-stats>
<gc-op id="2641" type="scavenge" timems="80.635" contextid="2638" timestamp="2022-02-08T17:23:20.172">
  <scavenger-info tenureage="1" tenuremask="7ffe" tiltratio="68" />
  <memory-copied type="nursery" objects="1489448" bytes="76305072" bytesdiscarded="192144" />
  <memory-copied type="tenure" objects="1315510" bytes="74535320" bytesdiscarded="43272" />
  <finalization candidates="109" enqueued="53" />
  <references type="soft" candidates="14" cleared="0" enqueued="0" dynamicThreshold="11" maxThreshold="32" />
  <references type="weak" candidates="1" cleared="0" enqueued="0" />
  <references type="phantom" candidates="94" cleared="7" enqueued="7" />
  <object-monitors candidates="2" cleared="0"  />
</gc-op>
<gc-end id="2642" type="scavenge" contextid="2638" durationms="80.859" usertimems="319.129" systemtimems="0.000" stalltimems="2.761" timestamp="2022-02-08T17:23:20.172" activeThreads="4">
  <mem-info id="2643" free="232949624" total="1073741824" percent="21">
    <mem type="nursery" free="106741312" total="268435456" percent="39">
      <mem type="allocate" free="106741312" total="183238656" percent="58" />
      <mem type="survivor" free="0" total="85196800" percent="0" />
    </mem>
    <mem type="tenure" free="126208312" total="805306368" percent="15" macro-fragmented="0">
      <mem type="soa" free="118154552" total="797252608" percent="14" />
      <mem type="loa" free="8053760" total="8053760" percent="100" />
    </mem>
    <pending-finalizers system="52" default="1" reference="7" classloader="0" />
    <remembered-set count="132" />
  </mem-info>
</gc-end>
<cycle-end id="2644" type="scavenge" contextid="2638" timestamp="2022-02-08T17:23:20.172" />
<allocation-satisfied id="2645" threadId="0000000000016F00" bytesRequested="192" />
<af-end id="2646" timestamp="2022-02-08T17:23:20.172" threadId="0000000000017908" success="true" from="nursery"/>
<exclusive-end id="2647" timestamp="2022-02-08T17:23:20.172" durationms="81.104" />

<concurrent-kickoff id="2648" timestamp="2022-02-08T17:23:20.851">
  <kickoff reason="threshold reached" targetBytes="74445017" thresholdFreeBytes="5771090"  remainingFree="5750336" tenureFreeBytes="126208312" nurseryFreeBytes="5750336" />
</concurrent-kickoff>
<exclusive-start id="2649" timestamp="2022-02-08T17:23:20.854" intervalms="763.205">
  <response-info timems="0.016" idlems="0.016" threads="0" lastid="0000000000016F00" lastname="main" />
</exclusive-start>
<cycle-start id="2650" type="global" contextid="0" timestamp="2022-02-08T17:23:20.854" intervalms="2828.079" />
<concurrent-start id="2651" type="global mark" contextid="2650" timestamp="2022-02-08T17:23:20.854">
</concurrent-start>
<exclusive-end id="2652" timestamp="2022-02-08T17:23:20.854" durationms="0.036" />

<exclusive-start id="2653" timestamp="2022-02-08T17:23:20.980" intervalms="126.322">
  <response-info timems="0.018" idlems="0.018" threads="0" lastid="0000000000016F00" lastname="main" />
</exclusive-start>
<af-start id="2654" threadId="0000000000017908" totalBytesRequested="184" timestamp="2022-02-08T17:23:20.980" intervalms="889.536" type="nursery" />
<cycle-start id="2655" type="scavenge" contextid="0" timestamp="2022-02-08T17:23:20.980" intervalms="889.535" />
<gc-start id="2656" type="scavenge" contextid="2655" timestamp="2022-02-08T17:23:20.980">
  <mem-info id="2657" free="126208312" total="1073741824" percent="11">
    <mem type="nursery" free="0" total="268435456" percent="0">
      <mem type="allocate" free="0" total="183238656" percent="0" />
      <mem type="survivor" free="0" total="85196800" percent="0" />
    </mem>
    <mem type="tenure" free="126208312" total="805306368" percent="15">
      <mem type="soa" free="118154552" total="797252608" percent="14" />
      <mem type="loa" free="8053760" total="8053760" percent="100" />
    </mem>
    <remembered-set count="133" />
  </mem-info>
</gc-start>
<allocation-stats totalBytes="106688864" >
  <allocated-bytes non-tlh="1347872" tlh="105340992" />
  <largest-consumer threadName="main" threadId="0000000000016F00" bytes="106680672" />
</allocation-stats>
<gc-op id="2658" type="scavenge" timems="76.419" contextid="2655" timestamp="2022-02-08T17:23:21.057">
  <scavenger-info tenureage="1" tenuremask="7ffe" tiltratio="68" />
  <memory-copied type="nursery" objects="1336198" bytes="76352720" bytesdiscarded="303616" />
  <memory-copied type="tenure" objects="1488728" bytes="75361800" bytesdiscarded="36024" />
  <finalization candidates="57" enqueued="0" />
  <references type="phantom" candidates="1" cleared="0" enqueued="0" />
  <object-monitors candidates="2" cleared="0"  />
</gc-op>
<gc-end id="2659" type="scavenge" contextid="2655" durationms="76.621" usertimems="302.144" systemtimems="0.000" stalltimems="2.974" timestamp="2022-02-08T17:23:21.057" activeThreads="4">
  <mem-info id="2660" free="158066208" total="1073741824" percent="14">
    <mem type="nursery" free="107106608" total="268435456" percent="39">
      <mem type="allocate" free="107106608" total="183762944" percent="58" />
      <mem type="survivor" free="0" total="84672512" percent="0" />
    </mem>
    <mem type="tenure" free="50959600" total="805306368" percent="6" macro-fragmented="0">
      <mem type="soa" free="42905840" total="797252608" percent="5" />
      <mem type="loa" free="8053760" total="8053760" percent="100" />
    </mem>
    <remembered-set count="102" />
  </mem-info>
</gc-end>
<cycle-end id="2661" type="scavenge" contextid="2655" timestamp="2022-02-08T17:23:21.057" />
<allocation-satisfied id="2662" threadId="0000000000016F00" bytesRequested="184" />
<af-end id="2663" timestamp="2022-02-08T17:23:21.057" threadId="0000000000017908" success="true" from="nursery"/>
<exclusive-end id="2664" timestamp="2022-02-08T17:23:21.057" durationms="76.901" />

<concurrent-end id="2665" type="global mark" contextid="2650" timestamp="2022-02-08T17:23:21.176">
<gc-op id="2666" type="trace" timems="321.608" contextid="2650" timestamp="2022-02-08T17:23:21.176">
  <trace bytesTraced="74436044" workStackOverflowCount="0" />
  <card-cleaning reason="card cleaning threshold reached" bytesTraced="1000" cardsCleaned="2" />
</gc-op>
</concurrent-end>

<exclusive-start id="2667" timestamp="2022-02-08T17:23:21.176" intervalms="195.360">
  <response-info timems="0.017" idlems="0.017" threads="0" lastid="0000000000016F00" lastname="main" />
</exclusive-start>
<concurrent-global-final id="2668" timestamp="2022-02-08T17:23:21.176" contextid="2650" intervalms="2826.040" >
  <concurrent-trace-info reason="card cleaning threshold reached" tracedByMutators="58635028" tracedByHelpers="15802016" cardsCleaned="2" workStackOverflowCount="0" />
</concurrent-global-final>
<gc-start id="2669" type="global" contextid="2650" timestamp="2022-02-08T17:23:21.176">
  <mem-info id="2670" free="149710184" total="1073741824" percent="13">
    <mem type="nursery" free="98750584" total="268435456" percent="36">
      <mem type="allocate" free="98750584" total="183762944" percent="53" />
      <mem type="survivor" free="0" total="84672512" percent="0" />
    </mem>
    <mem type="tenure" free="50959600" total="805306368" percent="6">
      <mem type="soa" free="42905840" total="797252608" percent="5" />
      <mem type="loa" free="8053760" total="8053760" percent="100" />
    </mem>
    <remembered-set count="102" />
  </mem-info>
</gc-start>
<allocation-stats totalBytes="8352528" >
  <allocated-bytes non-tlh="184" tlh="8352344" />
  <largest-consumer threadName="main" threadId="0000000000016F00" bytes="8352528" />
</allocation-stats>
<gc-op id="2671" type="rs-scan" timems="0.504" contextid="2650" timestamp="2022-02-08T17:23:21.176">
  <scan objectsFound="29" bytesTraced="5268" workStackOverflowCount="0" />
</gc-op>
<gc-op id="2672" type="card-cleaning" timems="146.240" contextid="2650" timestamp="2022-02-08T17:23:21.323">
  <card-cleaning cardsCleaned="9" bytesTraced="71013308" workStackOverflowCount="0" />
</gc-op>
<gc-op id="2673" type="mark" timems="58.818" contextid="2650" timestamp="2022-02-08T17:23:21.381">
  <trace-info objectcount="1848849" scancount="1388164" scanbytes="29681896" />
  <finalization candidates="428" enqueued="57" />
  <ownableSynchronizers candidates="1" cleared="0" />
  <references type="soft" candidates="894" cleared="0" enqueued="0" dynamicThreshold="11" maxThreshold="32" />
  <references type="weak" candidates="1701" cleared="0" enqueued="0" />
  <references type="phantom" candidates="52" cleared="2" enqueued="2" />
  <stringconstants candidates="6470" cleared="0"  />
  <object-monitors candidates="2" cleared="0"  />
</gc-op>
<gc-op id="2674" type="sweep" timems="4.682" contextid="2650" timestamp="2022-02-08T17:23:21.386" />
<gc-end id="2675" type="global" contextid="2650" durationms="210.437" usertimems="221.478" systemtimems="3.909" stalltimems="175.586" timestamp="2022-02-08T17:23:21.386" activeThreads="4">
  <mem-info id="2676" free="392988344" total="1073741824" percent="36">
    <mem type="nursery" free="99148848" total="268435456" percent="36">
      <mem type="allocate" free="99148848" total="183762944" percent="53" />
      <mem type="survivor" free="0" total="84672512" percent="0" />
    </mem>
    <mem type="tenure" free="293839496" total="805306368" percent="36" micro-fragmented="313106" macro-fragmented="0">
      <mem type="soa" free="285785736" total="797252608" percent="35" />
      <mem type="loa" free="8053760" total="8053760" percent="100" />
    </mem>
    <pending-finalizers system="57" default="0" reference="2" classloader="0" />
    <remembered-set count="102" />
  </mem-info>
</gc-end>
<cycle-end id="2677" type="global" contextid="2650" timestamp="2022-02-08T17:23:21.386" />
<exclusive-end id="2678" timestamp="2022-02-08T17:23:21.386" durationms="210.670" />

<exclusive-start id="2679" timestamp="2022-02-08T17:23:22.009" intervalms="833.650">
  <response-info timems="0.017" idlems="0.017" threads="0" lastid="0000000000016F00" lastname="main" />
</exclusive-start>
<af-start id="2680" threadId="0000000000017908" totalBytesRequested="208" timestamp="2022-02-08T17:23:22.009" intervalms="1029.010" type="nursery" />
<cycle-start id="2681" type="scavenge" contextid="0" timestamp="2022-02-08T17:23:22.009" intervalms="1029.014" />
<gc-start id="2682" type="scavenge" contextid="2681" timestamp="2022-02-08T17:23:22.009">
  <mem-info id="2683" free="293839496" total="1073741824" percent="27">
    <mem type="nursery" free="0" total="268435456" percent="0">
      <mem type="allocate" free="0" total="183762944" percent="0" />
      <mem type="survivor" free="0" total="84672512" percent="0" />
    </mem>
    <mem type="tenure" free="293839496" total="805306368" percent="36">
      <mem type="soa" free="285785736" total="797252608" percent="35" />
      <mem type="loa" free="8053760" total="8053760" percent="100" />
    </mem>
    <remembered-set count="105" />
  </mem-info>
</gc-start>
<allocation-stats totalBytes="99100520" >
  <allocated-bytes non-tlh="0" tlh="99100520" />
  <largest-consumer threadName="main" threadId="0000000000016F00" bytes="99096424" />
</allocation-stats>
<gc-op id="2684" type="scavenge" timems="72.925" contextid="2681" timestamp="2022-02-08T17:23:22.082">
  <scavenger-info tenureage="1" tenuremask="7ffe" tiltratio="68" />
  <memory-copied type="nursery" objects="1356999" bytes="76332936" bytesdiscarded="134560" />
  <memory-copied type="tenure" objects="1336197" bytes="76352616" bytesdiscarded="45832" />
  <finalization candidates="1" enqueued="0" />
  <ownableSynchronizers candidates="2" cleared="2" />
  <object-monitors candidates="2" cleared="0"  />
</gc-op>
<gc-end id="2685" type="scavenge" contextid="2681" durationms="73.182" usertimems="284.820" systemtimems="3.702" stalltimems="2.394" timestamp="2022-02-08T17:23:22.083" activeThreads="4">
  <mem-info id="2686" free="324940664" total="1073741824" percent="30">
    <mem type="nursery" free="107754200" total="268435456" percent="40">
      <mem type="allocate" free="107754200" total="184221696" percent="58" />
      <mem type="survivor" free="0" total="84213760" percent="0" />
    </mem>
    <mem type="tenure" free="217186464" total="805306368" percent="26" macro-fragmented="201903">
      <mem type="soa" free="209132704" total="797252608" percent="26" />
      <mem type="loa" free="8053760" total="8053760" percent="100" />
    </mem>
    <remembered-set count="105" />
  </mem-info>
</gc-end>
<cycle-end id="2687" type="scavenge" contextid="2681" timestamp="2022-02-08T17:23:22.083" />
<allocation-satisfied id="2688" threadId="0000000000016F00" bytesRequested="208" />
<af-end id="2689" timestamp="2022-02-08T17:23:22.083" threadId="0000000000017908" success="true" from="nursery"/>
<exclusive-end id="2690" timestamp="2022-02-08T17:23:22.083" durationms="73.478" />

<exclusive-start id="2691" timestamp="2022-02-08T17:23:22.938" intervalms="928.814">
  <response-info timems="0.016" idlems="0.016" threads="0" lastid="0000000000016F00" lastname="main" />
</exclusive-start>
<af-start id="2692" threadId="0000000000017908" totalBytesRequested="128" timestamp="2022-02-08T17:23:22.938" intervalms="928.802" type="nursery" />
<cycle-start id="2693" type="scavenge" contextid="0" timestamp="2022-02-08T17:23:22.938" intervalms="928.798" />
<gc-start id="2694" type="scavenge" contextid="2693" timestamp="2022-02-08T17:23:22.938">
  <mem-info id="2695" free="217186464" total="1073741824" percent="20">
    <mem type="nursery" free="0" total="268435456" percent="0">
      <mem type="allocate" free="0" total="184221696" percent="0" />
      <mem type="survivor" free="0" total="84213760" percent="0" />
    </mem>
    <mem type="tenure" free="217186464" total="805306368" percent="26">
      <mem type="soa" free="209132704" total="797252608" percent="26" />
      <mem type="loa" free="8053760" total="8053760" percent="100" />
    </mem>
    <remembered-set count="136" />
  </mem-info>
</gc-start>
<allocation-stats totalBytes="107708792" >
  <allocated-bytes non-tlh="1018624" tlh="106690168" />
  <largest-consumer threadName="main" threadId="0000000000016F00" bytes="107708792" />
</allocation-stats>
<gc-op id="2696" type="scavenge" timems="80.340" contextid="2693" timestamp="2022-02-08T17:23:23.019">
  <scavenger-info tenureage="1" tenuremask="7ffe" tiltratio="68" />
  <memory-copied type="nursery" objects="1487038" bytes="75862840" bytesdiscarded="104712" />
  <memory-copied type="tenure" objects="1356998" bytes="76332824" bytesdiscarded="41872" />
  <finalization candidates="108" enqueued="53" />
  <references type="soft" candidates="14" cleared="0" enqueued="0" dynamicThreshold="11" maxThreshold="32" />
  <references type="weak" candidates="1" cleared="0" enqueued="0" />
  <references type="phantom" candidates="93" cleared="7" enqueued="7" />
  <object-monitors candidates="2" cleared="0"  />
</gc-op>
<gc-end id="2697" type="scavenge" contextid="2693" durationms="80.507" usertimems="313.026" systemtimems="0.275" stalltimems="2.400" timestamp="2022-02-08T17:23:23.019" activeThreads="4">
  <mem-info id="2698" free="249452200" total="1073741824" percent="23">
    <mem type="nursery" free="108581696" total="268435456" percent="40">
      <mem type="allocate" free="108581696" total="184549376" percent="58" />
      <mem type="survivor" free="0" total="83886080" percent="0" />
    </mem>
    <mem type="tenure" free="140870504" total="805306368" percent="17" macro-fragmented="66565624">
      <mem type="soa" free="132816744" total="797252608" percent="16" />
      <mem type="loa" free="8053760" total="8053760" percent="100" />
    </mem>
    <pending-finalizers system="52" default="1" reference="7" classloader="0" />
    <remembered-set count="132" />
  </mem-info>
</gc-end>
<cycle-end id="2699" type="scavenge" contextid="2693" timestamp="2022-02-08T17:23:23.019" />
<allocation-satisfied id="2700" threadId="0000000000016F00" bytesRequested="128" />
<af-end id="2701" timestamp="2022-02-08T17:23:23.019" threadId="0000000000017908" success="true" from="nursery"/>
<exclusive-end id="2702" timestamp="2022-02-08T17:23:23.019" durationms="80.790" />

<concurrent-kickoff id="2703" timestamp="2022-02-08T17:23:23.707">
  <kickoff reason="threshold reached" targetBytes="74443425" thresholdFreeBytes="5766183"  remainingFree="5726824" tenureFreeBytes="140870504" nurseryFreeBytes="5726824" />
</concurrent-kickoff>
<exclusive-start id="2704" timestamp="2022-02-08T17:23:23.715" intervalms="777.294">
  <response-info timems="0.018" idlems="0.018" threads="0" lastid="0000000000016F00" lastname="main" />
</exclusive-start>
<cycle-start id="2705" type="global" contextid="0" timestamp="2022-02-08T17:23:23.715" intervalms="2861.439" />
<concurrent-start id="2706" type="global mark" contextid="2705" timestamp="2022-02-08T17:23:23.715">
</concurrent-start>
<exclusive-end id="2707" timestamp="2022-02-08T17:23:23.715" durationms="0.037" />

<exclusive-start id="2708" timestamp="2022-02-08T17:23:23.780" intervalms="64.251">
  <response-info timems="1.667" idlems="1.667" threads="0" lastid="0000000000016F00" lastname="main" />
</exclusive-start>
<af-start id="2709" threadId="0000000000017908" totalBytesRequested="104" timestamp="2022-02-08T17:23:23.780" intervalms="841.546" type="nursery" />
<cycle-start id="2710" type="scavenge" contextid="0" timestamp="2022-02-08T17:23:23.780" intervalms="841.547" />
<gc-start id="2711" type="scavenge" contextid="2710" timestamp="2022-02-08T17:23:23.780">
  <mem-info id="2712" free="140870504" total="1073741824" percent="13">
    <mem type="nursery" free="0" total="268435456" percent="0">
      <mem type="allocate" free="0" total="184549376" percent="0" />
      <mem type="survivor" free="0" total="83886080" percent="0" />
    </mem>
    <mem type="tenure" free="140870504" total="805306368" percent="17">
      <mem type="soa" free="132816744" total="797252608" percent="16" />
      <mem type="loa" free="8053760" total="8053760" percent="100" />
    </mem>
    <remembered-set count="133" />
  </mem-info>
</gc-start>
<allocation-stats totalBytes="108529888" >
  <allocated-bytes non-tlh="1822936" tlh="106706952" />
  <largest-consumer threadName="main" threadId="0000000000016F00" bytes="108521696" />
</allocation-stats>
<gc-op id="2713" type="scavenge" timems="76.748" contextid="2710" timestamp="2022-02-08T17:23:23.857">
  <scavenger-info tenureage="1" tenuremask="7ffe" tiltratio="68" />
  <memory-copied type="nursery" objects="1353998" bytes="77345040" bytesdiscarded="175528" />
  <memory-copied type="tenure" objects="1486319" bytes="75225080" bytesdiscarded="34272" />
  <finalization candidates="57" enqueued="0" />
  <references type="phantom" candidates="2" cleared="0" enqueued="0" />
  <object-monitors candidates="2" cleared="0"  />
</gc-op>
<gc-end id="2714" type="scavenge" contextid="2710" durationms="77.056" usertimems="302.094" systemtimems="0.000" stalltimems="4.330" timestamp="2022-02-08T17:23:23.857" activeThreads="4">
  <mem-info id="2715" free="171643568" total="1073741824" percent="15">
    <mem type="nursery" free="105980232" total="268435456" percent="39">
      <mem type="allocate" free="105980232" total="183500800" percent="57" />
      <mem type="survivor" free="0" total="84934656" percent="0" />
    </mem>
    <mem type="tenure" free="65663336" total="805306368" percent="8" macro-fragmented="348889">
      <mem type="soa" free="57609576" total="797252608" percent="7" />
      <mem type="loa" free="8053760" total="8053760" percent="100" />
    </mem>
    <remembered-set count="103" />
  </mem-info>
</gc-end>
<cycle-end id="2716" type="scavenge" contextid="2710" timestamp="2022-02-08T17:23:23.857" />
<allocation-satisfied id="2717" threadId="0000000000016F00" bytesRequested="104" />
<af-end id="2718" timestamp="2022-02-08T17:23:23.857" threadId="0000000000017908" success="true" from="nursery"/>
<exclusive-end id="2719" timestamp="2022-02-08T17:23:23.857" durationms="77.370" />

<concurrent-end id="2720" type="global mark" contextid="2705" timestamp="2022-02-08T17:23:24.074">
<gc-op id="2721" type="trace" timems="358.641" contextid="2705" timestamp="2022-02-08T17:23:24.074">
  <trace bytesTraced="74436316" workStackOverflowCount="0" />
  <card-cleaning reason="card cleaning threshold reached" bytesTraced="1000" cardsCleaned="2" />
</gc-op>
</concurrent-end>

<exclusive-start id="2722" timestamp="2022-02-08T17:23:24.074" intervalms="294.467">
  <response-info timems="0.017" idlems="0.017" threads="0" lastid="0000000000016F00" lastname="main" />
</exclusive-start>
<concurrent-global-final id="2723" timestamp="2022-02-08T17:23:24.074" contextid="2705" intervalms="2898.468" >
  <concurrent-trace-info reason="card cleaning threshold reached" tracedByMutators="55819020" tracedByHelpers="18618296" cardsCleaned="2" workStackOverflowCount="0" />
</concurrent-global-final>
<gc-start id="2724" type="global" contextid="2705" timestamp="2022-02-08T17:23:24.074">
  <mem-info id="2725" free="159224392" total="1073741824" percent="14">
    <mem type="nursery" free="93561056" total="268435456" percent="34">
      <mem type="allocate" free="93561056" total="183500800" percent="50" />
      <mem type="survivor" free="0" total="84934656" percent="0" />
    </mem>
    <mem type="tenure" free="65663336" total="805306368" percent="8">
      <mem type="soa" free="57609576" total="797252608" percent="7" />
      <mem type="loa" free="8053760" total="8053760" percent="100" />
    </mem>
    <remembered-set count="103" />
  </mem-info>
</gc-start>
<allocation-stats totalBytes="12413288" >
  <allocated-bytes non-tlh="104" tlh="12413184" />
  <largest-consumer threadName="main" threadId="0000000000016F00" bytes="12413288" />
</allocation-stats>
<gc-op id="2726" type="rs-scan" timems="0.524" contextid="2705" timestamp="2022-02-08T17:23:24.075">
  <scan objectsFound="29" bytesTraced="5268" workStackOverflowCount="0" />
</gc-op>
<gc-op id="2727" type="card-cleaning" timems="145.084" contextid="2705" timestamp="2022-02-08T17:23:24.220">
  <card-cleaning cardsCleaned="9" bytesTraced="71013244" workStackOverflowCount="0" />
</gc-op>
<gc-op id="2728" type="mark" timems="52.634" contextid="2705" timestamp="2022-02-08T17:23:24.273">
  <trace-info objectcount="1661194" scancount="1247423" scanbytes="26679400" />
  <finalization candidates="428" enqueued="57" />
  <ownableSynchronizers candidates="1" cleared="0" />
  <references type="soft" candidates="894" cleared="0" enqueued="0" dynamicThreshold="11" maxThreshold="32" />
  <references type="weak" candidates="1701" cleared="0" enqueued="0" />
  <references type="phantom" candidates="52" cleared="2" enqueued="2" />
  <stringconstants candidates="6470" cleared="0"  />
  <object-monitors candidates="2" cleared="0"  />
</gc-op>
<gc-op id="2729" type="sweep" timems="4.784" contextid="2705" timestamp="2022-02-08T17:23:24.277" />
<gc-end id="2730" type="global" contextid="2705" durationms="203.236" usertimems="259.466" systemtimems="4.787" stalltimems="110.876" timestamp="2022-02-08T17:23:24.277" activeThreads="4">
  <mem-info id="2731" free="402368744" total="1073741824" percent="37">
    <mem type="nursery" free="93827088" total="268435456" percent="34">
      <mem type="allocate" free="93827088" total="183500800" percent="51" />
      <mem type="survivor" free="0" total="84934656" percent="0" />
    </mem>
    <mem type="tenure" free="308541656" total="805306368" percent="38" micro-fragmented="316210" macro-fragmented="0">
      <mem type="soa" free="300487896" total="797252608" percent="37" />
      <mem type="loa" free="8053760" total="8053760" percent="100" />
    </mem>
    <pending-finalizers system="57" default="0" reference="2" classloader="0" />
    <remembered-set count="103" />
  </mem-info>
</gc-end>
<cycle-end id="2732" type="global" contextid="2705" timestamp="2022-02-08T17:23:24.278" />
<exclusive-end id="2733" timestamp="2022-02-08T17:23:24.278" durationms="203.485" />

<exclusive-start id="2734" timestamp="2022-02-08T17:23:24.883" intervalms="808.536">
  <response-info timems="0.018" idlems="0.018" threads="0" lastid="0000000000016F00" lastname="main" />
</exclusive-start>
<af-start id="2735" threadId="0000000000017908" totalBytesRequested="24" timestamp="2022-02-08T17:23:24.883" intervalms="1103.002" type="nursery" />
<cycle-start id="2736" type="scavenge" contextid="0" timestamp="2022-02-08T17:23:24.883" intervalms="1103.002" />
<gc-start id="2737" type="scavenge" contextid="2736" timestamp="2022-02-08T17:23:24.883">
  <mem-info id="2738" free="308541656" total="1073741824" percent="28">
    <mem type="nursery" free="0" total="268435456" percent="0">
      <mem type="allocate" free="0" total="183500800" percent="0" />
      <mem type="survivor" free="0" total="84934656" percent="0" />
    </mem>
    <mem type="tenure" free="308541656" total="805306368" percent="38">
      <mem type="soa" free="300487896" total="797252608" percent="37" />
      <mem type="loa" free="8053760" total="8053760" percent="100" />
    </mem>
    <remembered-set count="106" />
  </mem-info>
</gc-start>
<allocation-stats totalBytes="93786120" >
  <allocated-bytes non-tlh="0" tlh="93786120" />
  <largest-consumer threadName="main" threadId="0000000000016F00" bytes="93782024" />
</allocation-stats>
<gc-op id="2739" type="scavenge" timems="81.670" contextid="2736" timestamp="2022-02-08T17:23:24.965">
  <scavenger-info tenureage="1" tenuremask="7ffe" tiltratio="68" />
  <memory-copied type="nursery" objects="1340460" bytes="75450792" bytesdiscarded="130464" />
  <memory-copied type="tenure" objects="1353998" bytes="77345040" bytesdiscarded="40648" />
  <finalization candidates="2" enqueued="0" />
  <ownableSynchronizers candidates="2" cleared="2" />
  <object-monitors candidates="2" cleared="0"  />
</gc-op>
<gc-end id="2740" type="scavenge" contextid="2736" durationms="81.856" usertimems="299.334" systemtimems="1.284" stalltimems="25.740" timestamp="2022-02-08T17:23:24.965" activeThreads="4">
  <mem-info id="2741" free="339087744" total="1073741824" percent="31">
    <mem type="nursery" free="108181688" total="268435456" percent="40">
      <mem type="allocate" free="108181688" total="183762944" percent="58" />
      <mem type="survivor" free="0" total="84672512" percent="0" />
    </mem>
    <mem type="tenure" free="230906056" total="805306368" percent="28" macro-fragmented="0">
      <mem type="soa" free="222852296" total="797252608" percent="27" />
      <mem type="loa" free="8053760" total="8053760" percent="100" />
    </mem>
    <remembered-set count="105" />
  </mem-info>
</gc-end>
<cycle-end id="2742" type="scavenge" contextid="2736" timestamp="2022-02-08T17:23:24.965" />
<allocation-satisfied id="2743" threadId="0000000000016F00" bytesRequested="24" />
<af-end id="2744" timestamp="2022-02-08T17:23:24.965" threadId="0000000000017908" success="true" from="nursery"/>
<exclusive-end id="2745" timestamp="2022-02-08T17:23:24.965" durationms="82.111" />

<exclusive-start id="2746" timestamp="2022-02-08T17:23:25.653" intervalms="770.243">
  <response-info timems="0.018" idlems="0.018" threads="0" lastid="0000000000016F00" lastname="main" />
</exclusive-start>
<af-start id="2747" threadId="0000000000017908" totalBytesRequested="24" timestamp="2022-02-08T17:23:25.653" intervalms="770.242" type="nursery" />
<cycle-start id="2748" type="scavenge" contextid="0" timestamp="2022-02-08T17:23:25.653" intervalms="770.242" />
<gc-start id="2749" type="scavenge" contextid="2748" timestamp="2022-02-08T17:23:25.653">
  <mem-info id="2750" free="230906056" total="1073741824" percent="21">
    <mem type="nursery" free="0" total="268435456" percent="0">
      <mem type="allocate" free="0" total="183762944" percent="0" />
      <mem type="survivor" free="0" total="84672512" percent="0" />
    </mem>
    <mem type="tenure" free="230906056" total="805306368" percent="28">
      <mem type="soa" free="222852296" total="797252608" percent="27" />
      <mem type="loa" free="8053760" total="8053760" percent="100" />
    </mem>
    <remembered-set count="119" />
  </mem-info>
</gc-start>
<allocation-stats totalBytes="108131304" >
  <allocated-bytes non-tlh="453728" tlh="107677576" />
  <largest-consumer threadName="main" threadId="0000000000016F00" bytes="108131304" />
</allocation-stats>
<gc-op id="2751" type="scavenge" timems="90.968" contextid="2748" timestamp="2022-02-08T17:23:25.744">
  <scavenger-info tenureage="1" tenuremask="7ffe" tiltratio="68" />
  <memory-copied type="nursery" objects="1361671" bytes="76999672" bytesdiscarded="104736" />
  <memory-copied type="tenure" objects="1340460" bytes="75450792" bytesdiscarded="40880" />
  <finalization candidates="30" enqueued="18" />
  <references type="phantom" candidates="30" cleared="0" enqueued="0" />
  <object-monitors candidates="2" cleared="0"  />
</gc-op>
<gc-end id="2752" type="scavenge" contextid="2748" durationms="91.237" usertimems="307.399" systemtimems="0.000" stalltimems="12.221" timestamp="2022-02-08T17:23:25.744" activeThreads="4">
  <mem-info id="2753" free="261838456" total="1073741824" percent="24">
    <mem type="nursery" free="106527464" total="268435456" percent="39">
      <mem type="allocate" free="106527464" total="183631872" percent="58" />
      <mem type="survivor" free="0" total="84803584" percent="0" />
    </mem>
    <mem type="tenure" free="155310992" total="805306368" percent="19" macro-fragmented="0">
      <mem type="soa" free="147257232" total="797252608" percent="18" />
      <mem type="loa" free="8053760" total="8053760" percent="100" />
    </mem>
    <pending-finalizers system="18" default="0" reference="0" classloader="0" />
    <remembered-set count="118" />
  </mem-info>
</gc-end>
<cycle-end id="2754" type="scavenge" contextid="2748" timestamp="2022-02-08T17:23:25.744" />
<allocation-satisfied id="2755" threadId="0000000000016F00" bytesRequested="24" />
<af-end id="2756" timestamp="2022-02-08T17:23:25.744" threadId="0000000000017908" success="true" from="nursery"/>
<exclusive-end id="2757" timestamp="2022-02-08T17:23:25.744" durationms="91.481" />

<concurrent-kickoff id="2758" timestamp="2022-02-08T17:23:26.556">
  <kickoff reason="threshold reached" targetBytes="74442200" thresholdFreeBytes="5762231"  remainingFree="5733096" tenureFreeBytes="155310992" nurseryFreeBytes="5733096" />
</concurrent-kickoff>
<exclusive-start id="2759" timestamp="2022-02-08T17:23:26.559" intervalms="906.369">
  <response-info timems="0.018" idlems="0.018" threads="0" lastid="0000000000016F00" lastname="main" />
</exclusive-start>
<cycle-start id="2760" type="global" contextid="0" timestamp="2022-02-08T17:23:26.559" intervalms="2843.860" />
<concurrent-start id="2761" type="global mark" contextid="2760" timestamp="2022-02-08T17:23:26.559">
</concurrent-start>
<exclusive-end id="2762" timestamp="2022-02-08T17:23:26.559" durationms="0.029" />

<exclusive-start id="2763" timestamp="2022-02-08T17:23:26.680" intervalms="121.032">
  <response-info timems="0.017" idlems="0.017" threads="0" lastid="0000000000016F00" lastname="main" />
</exclusive-start>
<af-start id="2764" threadId="0000000000017908" totalBytesRequested="192" timestamp="2022-02-08T17:23:26.680" intervalms="1027.424" type="nursery" />
<cycle-start id="2765" type="scavenge" contextid="0" timestamp="2022-02-08T17:23:26.680" intervalms="1027.424" />
<gc-start id="2766" type="scavenge" contextid="2765" timestamp="2022-02-08T17:23:26.680">
  <mem-info id="2767" free="155310992" total="1073741824" percent="14">
    <mem type="nursery" free="0" total="268435456" percent="0">
      <mem type="allocate" free="0" total="183631872" percent="0" />
      <mem type="survivor" free="0" total="84803584" percent="0" />
    </mem>
    <mem type="tenure" free="155310992" total="805306368" percent="19">
      <mem type="soa" free="147257232" total="797252608" percent="18" />
      <mem type="loa" free="8053760" total="8053760" percent="100" />
    </mem>
    <remembered-set count="135" />
  </mem-info>
</gc-start>
<allocation-stats totalBytes="106482000" >
  <allocated-bytes non-tlh="2555144" tlh="103926856" />
  <largest-consumer threadName="main" threadId="0000000000016F00" bytes="106477904" />
</allocation-stats>
<gc-op id="2768" type="scavenge" timems="75.717" contextid="2765" timestamp="2022-02-08T17:23:26.756">
  <scavenger-info tenureage="1" tenuremask="7ffe" tiltratio="68" />
  <memory-copied type="nursery" objects="1415805" bytes="75186968" bytesdiscarded="170872" />
  <memory-copied type="tenure" objects="1361372" bytes="76386928" bytesdiscarded="37816" />
  <finalization candidates="92" enqueued="35" />
  <references type="soft" candidates="14" cleared="0" enqueued="0" dynamicThreshold="12" maxThreshold="32" />
  <references type="weak" candidates="1" cleared="0" enqueued="0" />
  <references type="phantom" candidates="77" cleared="7" enqueued="7" />
  <object-monitors candidates="2" cleared="0"  />
</gc-op>
<gc-end id="2769" type="scavenge" contextid="2765" durationms="75.900" usertimems="293.106" systemtimems="0.000" stalltimems="4.544" timestamp="2022-02-08T17:23:26.756" activeThreads="4">
  <mem-info id="2770" free="187458872" total="1073741824" percent="17">
    <mem type="nursery" free="108601584" total="268435456" percent="40">
      <mem type="allocate" free="108601584" total="183959552" percent="59" />
      <mem type="survivor" free="0" total="84475904" percent="0" />
    </mem>
    <mem type="tenure" free="78857288" total="805306368" percent="9" macro-fragmented="57512708">
      <mem type="soa" free="70803528" total="797252608" percent="8" />
      <mem type="loa" free="8053760" total="8053760" percent="100" />
    </mem>
    <pending-finalizers system="34" default="1" reference="7" classloader="0" />
    <remembered-set count="120" />
  </mem-info>
</gc-end>
<cycle-end id="2771" type="scavenge" contextid="2765" timestamp="2022-02-08T17:23:26.757" />
<allocation-satisfied id="2772" threadId="0000000000016F00" bytesRequested="192" />
<af-end id="2773" timestamp="2022-02-08T17:23:26.757" threadId="0000000000017908" success="true" from="nursery"/>
<exclusive-end id="2774" timestamp="2022-02-08T17:23:26.757" durationms="76.186" />

<concurrent-end id="2775" type="global mark" contextid="2760" timestamp="2022-02-08T17:23:26.875">
<gc-op id="2776" type="trace" timems="315.890" contextid="2760" timestamp="2022-02-08T17:23:26.875">
  <trace bytesTraced="74436620" workStackOverflowCount="0" />
  <card-cleaning reason="card cleaning threshold reached" bytesTraced="1000" cardsCleaned="2" />
</gc-op>
</concurrent-end>

<exclusive-start id="2777" timestamp="2022-02-08T17:23:26.875" intervalms="194.927">
  <response-info timems="0.017" idlems="0.017" threads="0" lastid="0000000000016F00" lastname="main" />
</exclusive-start>
<concurrent-global-final id="2778" timestamp="2022-02-08T17:23:26.875" contextid="2760" intervalms="2801.105" >
  <concurrent-trace-info reason="card cleaning threshold reached" tracedByMutators="58076552" tracedByHelpers="16361068" cardsCleaned="2" workStackOverflowCount="0" />
</concurrent-global-final>
<gc-start id="2779" type="global" contextid="2760" timestamp="2022-02-08T17:23:26.875">
  <mem-info id="2780" free="179750008" total="1073741824" percent="16">
    <mem type="nursery" free="100892720" total="268435456" percent="37">
      <mem type="allocate" free="100892720" total="183959552" percent="54" />
      <mem type="survivor" free="0" total="84475904" percent="0" />
    </mem>
    <mem type="tenure" free="78857288" total="805306368" percent="9">
      <mem type="soa" free="70803528" total="797252608" percent="8" />
      <mem type="loa" free="8053760" total="8053760" percent="100" />
    </mem>
    <remembered-set count="121" />
  </mem-info>
</gc-start>
<allocation-stats totalBytes="7705048" >
  <allocated-bytes non-tlh="192" tlh="7704856" />
  <largest-consumer threadName="main" threadId="0000000000016F00" bytes="7696856" />
</allocation-stats>
<gc-op id="2781" type="rs-scan" timems="125.466" contextid="2760" timestamp="2022-02-08T17:23:27.001">
  <scan objectsFound="3324749" bytesTraced="71015820" workStackOverflowCount="0" />
</gc-op>
<gc-op id="2782" type="card-cleaning" timems="0.252" contextid="2760" timestamp="2022-02-08T17:23:27.001">
  <card-cleaning cardsCleaned="3" bytesTraced="1348" workStackOverflowCount="0" />
</gc-op>
<gc-op id="2783" type="mark" timems="34.005" contextid="2760" timestamp="2022-02-08T17:23:27.035">
  <trace-info objectcount="1291776" scancount="970358" scanbytes="20768712" />
  <finalization candidates="428" enqueued="57" />
  <ownableSynchronizers candidates="1" cleared="0" />
  <references type="soft" candidates="894" cleared="0" enqueued="0" dynamicThreshold="12" maxThreshold="32" />
  <references type="weak" candidates="1701" cleared="0" enqueued="0" />
  <references type="phantom" candidates="52" cleared="2" enqueued="2" />
  <stringconstants candidates="6470" cleared="0"  />
  <object-monitors candidates="2" cleared="0"  />
</gc-op>
<gc-op id="2784" type="sweep" timems="6.288" contextid="2760" timestamp="2022-02-08T17:23:27.042" />
<gc-end id="2785" type="global" contextid="2760" durationms="166.389" usertimems="180.709" systemtimems="0.000" stalltimems="107.147" timestamp="2022-02-08T17:23:27.042" activeThreads="4">
  <mem-info id="2786" free="423449096" total="1073741824" percent="39">
    <mem type="nursery" free="101476864" total="268435456" percent="37">
      <mem type="allocate" free="101476864" total="183959552" percent="55" />
      <mem type="survivor" free="0" total="84475904" percent="0" />
    </mem>
    <mem type="tenure" free="321972232" total="805306368" percent="39" micro-fragmented="279319" macro-fragmented="0">
      <mem type="soa" free="313918472" total="797252608" percent="39" />
      <mem type="loa" free="8053760" total="8053760" percent="100" />
    </mem>
    <pending-finalizers system="57" default="0" reference="2" classloader="0" />
    <remembered-set count="108" />
  </mem-info>
</gc-end>
<cycle-end id="2787" type="global" contextid="2760" timestamp="2022-02-08T17:23:27.042" />
<exclusive-end id="2788" timestamp="2022-02-08T17:23:27.042" durationms="166.594" />

<exclusive-start id="2789" timestamp="2022-02-08T17:23:27.721" intervalms="845.276">
  <response-info timems="0.018" idlems="0.018" threads="0" lastid="0000000000016F00" lastname="main" />
</exclusive-start>
<af-start id="2790" threadId="0000000000017908" totalBytesRequested="104" timestamp="2022-02-08T17:23:27.721" intervalms="1040.184" type="nursery" />
<cycle-start id="2791" type="scavenge" contextid="0" timestamp="2022-02-08T17:23:27.721" intervalms="1040.183" />
<gc-start id="2792" type="scavenge" contextid="2791" timestamp="2022-02-08T17:23:27.721">
  <mem-info id="2793" free="321972232" total="1073741824" percent="29">
    <mem type="nursery" free="0" total="268435456" percent="0">
      <mem type="allocate" free="0" total="183959552" percent="0" />
      <mem type="survivor" free="0" total="84475904" percent="0" />
    </mem>
    <mem type="tenure" free="321972232" total="805306368" percent="39">
      <mem type="soa" free="313918472" total="797252608" percent="39" />
      <mem type="loa" free="8053760" total="8053760" percent="100" />
    </mem>
    <remembered-set count="109" />
  </mem-info>
</gc-start>
<allocation-stats totalBytes="101431176" >
  <allocated-bytes non-tlh="0" tlh="101431176" />
  <largest-consumer threadName="main" threadId="0000000000016F00" bytes="101427080" />
</allocation-stats>
<gc-op id="2794" type="scavenge" timems="77.819" contextid="2791" timestamp="2022-02-08T17:23:27.799">
  <scavenger-info tenureage="1" tenuremask="7ffe" tiltratio="68" />
  <memory-copied type="nursery" objects="1407702" bytes="77639896" bytesdiscarded="147304" />
  <memory-copied type="tenure" objects="1415323" bytes="74875120" bytesdiscarded="41400" />
  <finalization candidates="45" enqueued="0" />
  <ownableSynchronizers candidates="2" cleared="2" />
  <object-monitors candidates="2" cleared="0"  />
</gc-op>
<gc-end id="2795" type="scavenge" contextid="2791" durationms="78.041" usertimems="302.389" systemtimems="0.512" stalltimems="3.631" timestamp="2022-02-08T17:23:27.799" activeThreads="4">
  <mem-info id="2796" free="351402176" total="1073741824" percent="32">
    <mem type="nursery" free="104533952" total="268435456" percent="38">
      <mem type="allocate" free="104533952" total="182321152" percent="57" />
      <mem type="survivor" free="0" total="86114304" percent="0" />
    </mem>
    <mem type="tenure" free="246868224" total="805306368" percent="30" macro-fragmented="1800196">
      <mem type="soa" free="238814464" total="797252608" percent="29" />
      <mem type="loa" free="8053760" total="8053760" percent="100" />
    </mem>
    <remembered-set count="104" />
  </mem-info>
</gc-end>
<cycle-end id="2797" type="scavenge" contextid="2791" timestamp="2022-02-08T17:23:27.799" />
<allocation-satisfied id="2798" threadId="0000000000016F00" bytesRequested="104" />
<af-end id="2799" timestamp="2022-02-08T17:23:27.799" threadId="0000000000017908" success="true" from="nursery"/>
<exclusive-end id="2800" timestamp="2022-02-08T17:23:27.799" durationms="78.284" />

<exclusive-start id="2801" timestamp="2022-02-08T17:23:28.426" intervalms="705.126">
  <response-info timems="0.016" idlems="0.016" threads="0" lastid="0000000000016F00" lastname="main" />
</exclusive-start>
<af-start id="2802" threadId="0000000000017908" totalBytesRequested="120" timestamp="2022-02-08T17:23:28.426" intervalms="705.124" type="nursery" />
<cycle-start id="2803" type="scavenge" contextid="0" timestamp="2022-02-08T17:23:28.426" intervalms="705.124" />
<gc-start id="2804" type="scavenge" contextid="2803" timestamp="2022-02-08T17:23:28.426">
  <mem-info id="2805" free="246868224" total="1073741824" percent="22">
    <mem type="nursery" free="0" total="268435456" percent="0">
      <mem type="allocate" free="0" total="182321152" percent="0" />
      <mem type="survivor" free="0" total="86114304" percent="0" />
    </mem>
    <mem type="tenure" free="246868224" total="805306368" percent="30">
      <mem type="soa" free="238814464" total="797252608" percent="29" />
      <mem type="loa" free="8053760" total="8053760" percent="100" />
    </mem>
    <remembered-set count="104" />
  </mem-info>
</gc-start>
<allocation-stats totalBytes="104487472" >
  <allocated-bytes non-tlh="104" tlh="104487368" />
  <largest-consumer threadName="main" threadId="0000000000016F00" bytes="104487472" />
</allocation-stats>
<gc-op id="2806" type="scavenge" timems="74.179" contextid="2803" timestamp="2022-02-08T17:23:28.500">
  <scavenger-info tenureage="1" tenuremask="7ffe" tiltratio="67" />
  <memory-copied type="nursery" objects="1304804" bytes="74290296" bytesdiscarded="317408" />
  <memory-copied type="tenure" objects="1407702" bytes="77639896" bytesdiscarded="42464" />
  <object-monitors candidates="2" cleared="0"  />
</gc-op>
<gc-end id="2807" type="scavenge" contextid="2803" durationms="74.417" usertimems="293.747" systemtimems="0.426" stalltimems="1.887" timestamp="2022-02-08T17:23:28.500" activeThreads="4">
  <mem-info id="2808" free="277376816" total="1073741824" percent="25">
    <mem type="nursery" free="108172200" total="268435456" percent="40">
      <mem type="allocate" free="108172200" total="182779904" percent="59" />
      <mem type="survivor" free="0" total="85655552" percent="0" />
    </mem>
    <mem type="tenure" free="169204616" total="805306368" percent="21" macro-fragmented="27735676">
      <mem type="soa" free="161150856" total="797252608" percent="20" />
      <mem type="loa" free="8053760" total="8053760" percent="100" />
    </mem>
    <remembered-set count="104" />
  </mem-info>
</gc-end>
<cycle-end id="2809" type="scavenge" contextid="2803" timestamp="2022-02-08T17:23:28.500" />
<allocation-satisfied id="2810" threadId="0000000000016F00" bytesRequested="120" />
<af-end id="2811" timestamp="2022-02-08T17:23:28.500" threadId="0000000000017908" success="true" from="nursery"/>
<exclusive-end id="2812" timestamp="2022-02-08T17:23:28.500" durationms="74.699" />

<exclusive-start id="2813" timestamp="2022-02-08T17:23:29.409" intervalms="983.566">
  <response-info timems="0.020" idlems="0.020" threads="0" lastid="0000000000016F00" lastname="main" />
</exclusive-start>
<af-start id="2814" threadId="0000000000017908" totalBytesRequested="80" timestamp="2022-02-08T17:23:29.409" intervalms="983.569" type="nursery" />
<cycle-start id="2815" type="scavenge" contextid="0" timestamp="2022-02-08T17:23:29.409" intervalms="983.571" />
<gc-start id="2816" type="scavenge" contextid="2815" timestamp="2022-02-08T17:23:29.409">
  <mem-info id="2817" free="169204616" total="1073741824" percent="15">
    <mem type="nursery" free="0" total="268435456" percent="0">
      <mem type="allocate" free="0" total="182779904" percent="0" />
      <mem type="survivor" free="0" total="85655552" percent="0" />
    </mem>
    <mem type="tenure" free="169204616" total="805306368" percent="21">
      <mem type="soa" free="161150856" total="797252608" percent="20" />
      <mem type="loa" free="8053760" total="8053760" percent="100" />
    </mem>
    <remembered-set count="134" />
  </mem-info>
</gc-start>
<allocation-stats totalBytes="108126208" >
  <allocated-bytes non-tlh="2938368" tlh="105187840" />
  <largest-consumer threadName="main" threadId="0000000000016F00" bytes="108126208" />
</allocation-stats>
<gc-op id="2818" type="scavenge" timems="76.521" contextid="2815" timestamp="2022-02-08T17:23:29.486">
  <scavenger-info tenureage="1" tenuremask="7ffe" tiltratio="68" />
  <memory-copied type="nursery" objects="1455184" bytes="76036024" bytesdiscarded="143296" />
  <memory-copied type="tenure" objects="1304804" bytes="74290296" bytesdiscarded="40272" />
  <finalization candidates="110" enqueued="53" />
  <references type="soft" candidates="14" cleared="0" enqueued="0" dynamicThreshold="12" maxThreshold="32" />
  <references type="weak" candidates="1" cleared="0" enqueued="0" />
  <references type="phantom" candidates="95" cleared="7" enqueued="7" />
  <object-monitors candidates="2" cleared="0"  />
</gc-op>
<gc-end id="2819" type="scavenge" contextid="2815" durationms="76.730" usertimems="297.736" systemtimems="0.000" stalltimems="4.821" timestamp="2022-02-08T17:23:29.486" activeThreads="4">
  <mem-info id="2820" free="201672696" total="1073741824" percent="18">
    <mem type="nursery" free="106928136" total="268435456" percent="39">
      <mem type="allocate" free="106928136" total="183107584" percent="58" />
      <mem type="survivor" free="0" total="85327872" percent="0" />
    </mem>
    <mem type="tenure" free="94744560" total="805306368" percent="11" macro-fragmented="47927252">
      <mem type="soa" free="86690800" total="797252608" percent="10" />
      <mem type="loa" free="8053760" total="8053760" percent="100" />
    </mem>
    <pending-finalizers system="52" default="1" reference="7" classloader="0" />
    <remembered-set count="129" />
  </mem-info>
</gc-end>
<cycle-end id="2821" type="scavenge" contextid="2815" timestamp="2022-02-08T17:23:29.486" />
<allocation-satisfied id="2822" threadId="0000000000016F00" bytesRequested="80" />
<af-end id="2823" timestamp="2022-02-08T17:23:29.486" threadId="0000000000017908" success="true" from="nursery"/>
<exclusive-end id="2824" timestamp="2022-02-08T17:23:29.486" durationms="77.049" />

<concurrent-kickoff id="2825" timestamp="2022-02-08T17:23:30.179">
  <kickoff reason="threshold reached" targetBytes="74441281" thresholdFreeBytes="5759091"  remainingFree="5675016" tenureFreeBytes="94744560" nurseryFreeBytes="5675016" />
</concurrent-kickoff>
<exclusive-start id="2826" timestamp="2022-02-08T17:23:30.182" intervalms="772.987">
  <response-info timems="0.018" idlems="0.018" threads="0" lastid="0000000000016F00" lastname="main" />
</exclusive-start>
<cycle-start id="2827" type="global" contextid="0" timestamp="2022-02-08T17:23:30.182" intervalms="3622.913" />
<concurrent-start id="2828" type="global mark" contextid="2827" timestamp="2022-02-08T17:23:30.182">
</concurrent-start>
<exclusive-end id="2829" timestamp="2022-02-08T17:23:30.182" durationms="0.028" />

<exclusive-start id="2830" timestamp="2022-02-08T17:23:30.309" intervalms="127.142">
  <response-info timems="0.017" idlems="0.017" threads="0" lastid="0000000000016F00" lastname="main" />
</exclusive-start>
<af-start id="2831" threadId="0000000000017908" totalBytesRequested="24" timestamp="2022-02-08T17:23:30.309" intervalms="900.126" type="nursery" />
<cycle-start id="2832" type="scavenge" contextid="0" timestamp="2022-02-08T17:23:30.309" intervalms="900.124" />
<gc-start id="2833" type="scavenge" contextid="2832" timestamp="2022-02-08T17:23:30.309">
  <mem-info id="2834" free="94744560" total="1073741824" percent="8">
    <mem type="nursery" free="0" total="268435456" percent="0">
      <mem type="allocate" free="0" total="183107584" percent="0" />
      <mem type="survivor" free="0" total="85327872" percent="0" />
    </mem>
    <mem type="tenure" free="94744560" total="805306368" percent="11">
      <mem type="soa" free="86690800" total="797252608" percent="10" />
      <mem type="loa" free="8053760" total="8053760" percent="100" />
    </mem>
    <remembered-set count="130" />
  </mem-info>
</gc-start>
<allocation-stats totalBytes="106877104" >
  <allocated-bytes non-tlh="80" tlh="106877024" />
  <largest-consumer threadName="main" threadId="0000000000016F00" bytes="106868912" />
</allocation-stats>
<gc-op id="2835" type="scavenge" timems="76.977" contextid="2832" timestamp="2022-02-08T17:23:30.386">
  <scavenger-info tenureage="1" tenuremask="7ffe" tiltratio="68" />
  <memory-copied type="nursery" objects="1373321" bytes="76121520" bytesdiscarded="325632" />
  <memory-copied type="tenure" objects="1454472" bytes="75568120" bytesdiscarded="36176" />
  <finalization candidates="57" enqueued="0" />
  <object-monitors candidates="2" cleared="0"  />
</gc-op>
<gc-end id="2836" type="scavenge" contextid="2832" durationms="77.170" usertimems="299.429" systemtimems="4.097" stalltimems="3.505" timestamp="2022-02-08T17:23:30.387" activeThreads="4">
  <mem-info id="2837" free="126579600" total="1073741824" percent="11">
    <mem type="nursery" free="107250256" total="268435456" percent="39">
      <mem type="allocate" free="107250256" total="183697408" percent="58" />
      <mem type="survivor" free="0" total="84738048" percent="0" />
    </mem>
    <mem type="tenure" free="19329344" total="805306368" percent="2" macro-fragmented="14257083">
      <mem type="soa" free="11275584" total="797252608" percent="1" />
      <mem type="loa" free="8053760" total="8053760" percent="100" />
    </mem>
    <remembered-set count="103" />
  </mem-info>
</gc-end>
<cycle-end id="2838" type="scavenge" contextid="2832" timestamp="2022-02-08T17:23:30.387" />
<allocation-satisfied id="2839" threadId="0000000000016F00" bytesRequested="24" />
<af-end id="2840" timestamp="2022-02-08T17:23:30.387" threadId="0000000000017908" success="true" from="nursery"/>
<exclusive-end id="2841" timestamp="2022-02-08T17:23:30.387" durationms="77.488" />

<concurrent-end id="2842" type="global mark" contextid="2827" timestamp="2022-02-08T17:23:30.519">
<gc-op id="2843" type="trace" timems="336.409" contextid="2827" timestamp="2022-02-08T17:23:30.519">
  <trace bytesTraced="74436732" workStackOverflowCount="0" />
  <card-cleaning reason="card cleaning threshold reached" bytesTraced="1000" cardsCleaned="2" />
</gc-op>
</concurrent-end>

<exclusive-start id="2844" timestamp="2022-02-08T17:23:30.519" intervalms="209.345">
  <response-info timems="0.017" idlems="0.017" threads="0" lastid="0000000000016F00" lastname="main" />
</exclusive-start>
<concurrent-global-final id="2845" timestamp="2022-02-08T17:23:30.519" contextid="2827" intervalms="3643.444" >
  <concurrent-trace-info reason="card cleaning threshold reached" tracedByMutators="58907304" tracedByHelpers="15530428" cardsCleaned="2" workStackOverflowCount="0" />
</concurrent-global-final>
<gc-start id="2846" type="global" contextid="2827" timestamp="2022-02-08T17:23:30.519">
  <mem-info id="2847" free="119534456" total="1073741824" percent="11">
    <mem type="nursery" free="100205112" total="268435456" percent="37">
      <mem type="allocate" free="100205112" total="183697408" percent="54" />
      <mem type="survivor" free="0" total="84738048" percent="0" />
    </mem>
    <mem type="tenure" free="19329344" total="805306368" percent="2">
      <mem type="soa" free="11275584" total="797252608" percent="1" />
      <mem type="loa" free="8053760" total="8053760" percent="100" />
    </mem>
    <remembered-set count="103" />
  </mem-info>
</gc-start>
<allocation-stats totalBytes="7040712" >
  <allocated-bytes non-tlh="24" tlh="7040688" />
  <largest-consumer threadName="main" threadId="0000000000016F00" bytes="7040712" />
</allocation-stats>
<gc-op id="2848" type="rs-scan" timems="1.038" contextid="2827" timestamp="2022-02-08T17:23:30.520">
  <scan objectsFound="0" bytesTraced="3836" workStackOverflowCount="0" />
</gc-op>
<gc-op id="2849" type="card-cleaning" timems="142.974" contextid="2827" timestamp="2022-02-08T17:23:30.663">
  <card-cleaning cardsCleaned="10" bytesTraced="71014692" workStackOverflowCount="0" />
</gc-op>
<gc-op id="2850" type="mark" timems="65.339" contextid="2827" timestamp="2022-02-08T17:23:30.728">
  <trace-info objectcount="2398450" scancount="1800365" scanbytes="38475496" />
  <finalization candidates="428" enqueued="57" />
  <ownableSynchronizers candidates="1" cleared="0" />
  <references type="soft" candidates="894" cleared="0" enqueued="0" dynamicThreshold="12" maxThreshold="32" />
  <references type="weak" candidates="1701" cleared="0" enqueued="0" />
  <references type="phantom" candidates="52" cleared="2" enqueued="2" />
  <stringconstants candidates="6470" cleared="0"  />
  <object-monitors candidates="2" cleared="0"  />
</gc-op>
<gc-op id="2851" type="sweep" timems="5.030" contextid="2827" timestamp="2022-02-08T17:23:30.733" />
<gc-end id="2852" type="global" contextid="2827" durationms="214.630" usertimems="230.807" systemtimems="0.691" stalltimems="195.656" timestamp="2022-02-08T17:23:30.733" activeThreads="4">
  <mem-info id="2853" free="362791624" total="1073741824" percent="33">
    <mem type="nursery" free="100623248" total="268435456" percent="37">
      <mem type="allocate" free="100623248" total="183697408" percent="54" />
      <mem type="survivor" free="0" total="84738048" percent="0" />
    </mem>
    <mem type="tenure" free="262168376" total="805306368" percent="32" micro-fragmented="321106" macro-fragmented="0">
      <mem type="soa" free="254114616" total="797252608" percent="31" />
      <mem type="loa" free="8053760" total="8053760" percent="100" />
    </mem>
    <pending-finalizers system="57" default="0" reference="2" classloader="0" />
    <remembered-set count="103" />
  </mem-info>
</gc-end>
<cycle-end id="2854" type="global" contextid="2827" timestamp="2022-02-08T17:23:30.734" />
<exclusive-end id="2855" timestamp="2022-02-08T17:23:30.734" durationms="214.888" />

<exclusive-start id="2856" timestamp="2022-02-08T17:23:31.330" intervalms="811.387">
  <response-info timems="0.016" idlems="0.016" threads="0" lastid="0000000000016F00" lastname="main" />
</exclusive-start>
<af-start id="2857" threadId="0000000000017908" totalBytesRequested="184" timestamp="2022-02-08T17:23:31.330" intervalms="1020.734" type="nursery" />
<cycle-start id="2858" type="scavenge" contextid="0" timestamp="2022-02-08T17:23:31.330" intervalms="1020.743" />
<gc-start id="2859" type="scavenge" contextid="2858" timestamp="2022-02-08T17:23:31.330">
  <mem-info id="2860" free="262168376" total="1073741824" percent="24">
    <mem type="nursery" free="0" total="268435456" percent="0">
      <mem type="allocate" free="0" total="183697408" percent="0" />
      <mem type="survivor" free="0" total="84738048" percent="0" />
    </mem>
    <mem type="tenure" free="262168376" total="805306368" percent="32">
      <mem type="soa" free="254114616" total="797252608" percent="31" />
      <mem type="loa" free="8053760" total="8053760" percent="100" />
    </mem>
    <remembered-set count="106" />
  </mem-info>
</gc-start>
<allocation-stats totalBytes="100574264" >
  <allocated-bytes non-tlh="0" tlh="100574264" />
  <largest-consumer threadName="main" threadId="0000000000016F00" bytes="100570168" />
</allocation-stats>
<gc-op id="2861" type="scavenge" timems="75.178" contextid="2858" timestamp="2022-02-08T17:23:31.405">
  <scavenger-info tenureage="1" tenuremask="7ffe" tiltratio="68" />
  <memory-copied type="nursery" objects="1353794" bytes="76428104" bytesdiscarded="173832" />
  <memory-copied type="tenure" objects="1373321" bytes="76121520" bytesdiscarded="44624" />
  <ownableSynchronizers candidates="2" cleared="2" />
  <object-monitors candidates="2" cleared="0"  />
</gc-op>
<gc-end id="2862" type="scavenge" contextid="2858" durationms="75.375" usertimems="294.256" systemtimems="0.000" stalltimems="2.477" timestamp="2022-02-08T17:23:31.406" activeThreads="4">
  <mem-info id="2863" free="293220000" total="1073741824" percent="27">
    <mem type="nursery" free="107423152" total="268435456" percent="40">
      <mem type="allocate" free="107423152" total="184025088" percent="58" />
      <mem type="survivor" free="0" total="84410368" percent="0" />
    </mem>
    <mem type="tenure" free="185796848" total="805306368" percent="23" macro-fragmented="0">
      <mem type="soa" free="177743088" total="797252608" percent="22" />
      <mem type="loa" free="8053760" total="8053760" percent="100" />
    </mem>
    <remembered-set count="104" />
  </mem-info>
</gc-end>
<cycle-end id="2864" type="scavenge" contextid="2858" timestamp="2022-02-08T17:23:31.406" />
<allocation-satisfied id="2865" threadId="0000000000016F00" bytesRequested="184" />
<af-end id="2866" timestamp="2022-02-08T17:23:31.406" threadId="0000000000017908" success="true" from="nursery"/>
<exclusive-end id="2867" timestamp="2022-02-08T17:23:31.406" durationms="75.674" />

<exclusive-start id="2868" timestamp="2022-02-08T17:23:32.285" intervalms="954.862">
  <response-info timems="0.043" idlems="0.043" threads="0" lastid="0000000000016F00" lastname="main" />
</exclusive-start>
<af-start id="2869" threadId="0000000000017908" totalBytesRequested="168" timestamp="2022-02-08T17:23:32.285" intervalms="954.861" type="nursery" />
<cycle-start id="2870" type="scavenge" contextid="0" timestamp="2022-02-08T17:23:32.285" intervalms="954.865" />
<gc-start id="2871" type="scavenge" contextid="2870" timestamp="2022-02-08T17:23:32.285">
  <mem-info id="2872" free="185796848" total="1073741824" percent="17">
    <mem type="nursery" free="0" total="268435456" percent="0">
      <mem type="allocate" free="0" total="184025088" percent="0" />
      <mem type="survivor" free="0" total="84410368" percent="0" />
    </mem>
    <mem type="tenure" free="185796848" total="805306368" percent="23">
      <mem type="soa" free="177743088" total="797252608" percent="22" />
      <mem type="loa" free="8053760" total="8053760" percent="100" />
    </mem>
    <remembered-set count="135" />
  </mem-info>
</gc-start>
<allocation-stats totalBytes="107376352" >
  <allocated-bytes non-tlh="1661328" tlh="105715024" />
  <largest-consumer threadName="main" threadId="0000000000016F00" bytes="107376352" />
</allocation-stats>
<gc-op id="2873" type="scavenge" timems="76.532" contextid="2870" timestamp="2022-02-08T17:23:32.362">
  <scavenger-info tenureage="1" tenuremask="7ffe" tiltratio="68" />
  <memory-copied type="nursery" objects="1443000" bytes="75530568" bytesdiscarded="227584" />
  <memory-copied type="tenure" objects="1353793" bytes="76428000" bytesdiscarded="36104" />
  <finalization candidates="109" enqueued="53" />
  <references type="soft" candidates="14" cleared="0" enqueued="0" dynamicThreshold="10" maxThreshold="32" />
  <references type="weak" candidates="1" cleared="0" enqueued="0" />
  <references type="phantom" candidates="94" cleared="7" enqueued="7" />
  <object-monitors candidates="2" cleared="0"  />
</gc-op>
<gc-end id="2874" type="scavenge" contextid="2870" durationms="76.749" usertimems="298.795" systemtimems="0.000" stalltimems="4.024" timestamp="2022-02-08T17:23:32.362" activeThreads="4">
  <mem-info id="2875" free="217854240" total="1073741824" percent="20">
    <mem type="nursery" free="108660024" total="268435456" percent="40">
      <mem type="allocate" free="108660024" total="184418304" percent="58" />
      <mem type="survivor" free="0" total="84017152" percent="0" />
    </mem>
    <mem type="tenure" free="109194216" total="805306368" percent="13" macro-fragmented="0">
      <mem type="soa" free="101140456" total="797252608" percent="12" />
      <mem type="loa" free="8053760" total="8053760" percent="100" />
    </mem>
    <pending-finalizers system="52" default="1" reference="7" classloader="0" />
    <remembered-set count="132" />
  </mem-info>
</gc-end>
<cycle-end id="2876" type="scavenge" contextid="2870" timestamp="2022-02-08T17:23:32.362" />
<allocation-satisfied id="2877" threadId="0000000000016F00" bytesRequested="168" />
<af-end id="2878" timestamp="2022-02-08T17:23:32.362" threadId="0000000000017908" success="true" from="nursery"/>
<exclusive-end id="2879" timestamp="2022-02-08T17:23:32.362" durationms="77.009" />

<concurrent-kickoff id="2880" timestamp="2022-02-08T17:23:33.054">
  <kickoff reason="threshold reached" targetBytes="74440569" thresholdFreeBytes="5756762"  remainingFree="5755952" tenureFreeBytes="109194216" nurseryFreeBytes="5755952" />
</concurrent-kickoff>
<exclusive-start id="2881" timestamp="2022-02-08T17:23:33.058" intervalms="772.827">
  <response-info timems="0.018" idlems="0.018" threads="0" lastid="0000000000016F00" lastname="main" />
</exclusive-start>
<cycle-start id="2882" type="global" contextid="0" timestamp="2022-02-08T17:23:33.058" intervalms="2875.562" />
<concurrent-start id="2883" type="global mark" contextid="2882" timestamp="2022-02-08T17:23:33.058">
</concurrent-start>
<exclusive-end id="2884" timestamp="2022-02-08T17:23:33.058" durationms="0.027" />

<exclusive-start id="2885" timestamp="2022-02-08T17:23:33.181" intervalms="123.389">
  <response-info timems="0.027" idlems="0.027" threads="0" lastid="0000000000016F00" lastname="main" />
</exclusive-start>
<af-start id="2886" threadId="0000000000017908" totalBytesRequested="200" timestamp="2022-02-08T17:23:33.181" intervalms="896.227" type="nursery" />
<cycle-start id="2887" type="scavenge" contextid="0" timestamp="2022-02-08T17:23:33.181" intervalms="896.214" />
<gc-start id="2888" type="scavenge" contextid="2887" timestamp="2022-02-08T17:23:33.181">
  <mem-info id="2889" free="109194216" total="1073741824" percent="10">
    <mem type="nursery" free="0" total="268435456" percent="0">
      <mem type="allocate" free="0" total="184418304" percent="0" />
      <mem type="survivor" free="0" total="84017152" percent="0" />
    </mem>
    <mem type="tenure" free="109194216" total="805306368" percent="13">
      <mem type="soa" free="101140456" total="797252608" percent="12" />
      <mem type="loa" free="8053760" total="8053760" percent="100" />
    </mem>
    <remembered-set count="133" />
  </mem-info>
</gc-start>
<allocation-stats totalBytes="108608984" >
  <allocated-bytes non-tlh="1347848" tlh="107261136" />
  <largest-consumer threadName="main" threadId="0000000000016F00" bytes="108600792" />
</allocation-stats>
<gc-op id="2890" type="scavenge" timems="81.260" contextid="2887" timestamp="2022-02-08T17:23:33.263">
  <scavenger-info tenureage="1" tenuremask="7ffe" tiltratio="68" />
  <memory-copied type="nursery" objects="1382730" bytes="77757672" bytesdiscarded="93024" />
  <memory-copied type="tenure" objects="1442280" bytes="74587304" bytesdiscarded="38064" />
  <finalization candidates="57" enqueued="0" />
  <references type="phantom" candidates="1" cleared="0" enqueued="0" />
  <object-monitors candidates="2" cleared="0"  />
</gc-op>
<gc-end id="2891" type="scavenge" contextid="2887" durationms="81.473" usertimems="316.521" systemtimems="0.000" stalltimems="3.937" timestamp="2022-02-08T17:23:33.263" activeThreads="4">
  <mem-info id="2892" free="139250560" total="1073741824" percent="12">
    <mem type="nursery" free="104667064" total="268435456" percent="38">
      <mem type="allocate" free="104667064" total="182517760" percent="57" />
      <mem type="survivor" free="0" total="85917696" percent="0" />
    </mem>
    <mem type="tenure" free="34583496" total="805306368" percent="4" macro-fragmented="0">
      <mem type="soa" free="26529736" total="797252608" percent="3" />
      <mem type="loa" free="8053760" total="8053760" percent="100" />
    </mem>
    <remembered-set count="102" />
  </mem-info>
</gc-end>
<cycle-end id="2893" type="scavenge" contextid="2887" timestamp="2022-02-08T17:23:33.263" />
<allocation-satisfied id="2894" threadId="0000000000016F00" bytesRequested="200" />
<af-end id="2895" timestamp="2022-02-08T17:23:33.263" threadId="0000000000017908" success="true" from="nursery"/>
<exclusive-end id="2896" timestamp="2022-02-08T17:23:33.263" durationms="81.779" />

<concurrent-end id="2897" type="global mark" contextid="2882" timestamp="2022-02-08T17:23:33.382">
<gc-op id="2898" type="trace" timems="324.594" contextid="2882" timestamp="2022-02-08T17:23:33.382">
  <trace bytesTraced="74436876" workStackOverflowCount="0" />
  <card-cleaning reason="card cleaning threshold reached" bytesTraced="1000" cardsCleaned="2" />
</gc-op>
</concurrent-end>

<exclusive-start id="2899" timestamp="2022-02-08T17:23:33.382" intervalms="201.269">
  <response-info timems="0.017" idlems="0.017" threads="0" lastid="0000000000016F00" lastname="main" />
</exclusive-start>
<concurrent-global-final id="2900" timestamp="2022-02-08T17:23:33.382" contextid="2882" intervalms="2863.733" >
  <concurrent-trace-info reason="card cleaning threshold reached" tracedByMutators="58364744" tracedByHelpers="16073132" cardsCleaned="2" workStackOverflowCount="0" />
</concurrent-global-final>
<gc-start id="2901" type="global" contextid="2882" timestamp="2022-02-08T17:23:33.383">
  <mem-info id="2902" free="131943096" total="1073741824" percent="12">
    <mem type="nursery" free="97359600" total="268435456" percent="36">
      <mem type="allocate" free="97359600" total="182517760" percent="53" />
      <mem type="survivor" free="0" total="85917696" percent="0" />
    </mem>
    <mem type="tenure" free="34583496" total="805306368" percent="4">
      <mem type="soa" free="26529736" total="797252608" percent="3" />
      <mem type="loa" free="8053760" total="8053760" percent="100" />
    </mem>
    <remembered-set count="102" />
  </mem-info>
</gc-start>
<allocation-stats totalBytes="7304376" >
  <allocated-bytes non-tlh="200" tlh="7304176" />
  <largest-consumer threadName="main" threadId="0000000000016F00" bytes="7304376" />
</allocation-stats>
<gc-op id="2903" type="rs-scan" timems="0.608" contextid="2882" timestamp="2022-02-08T17:23:33.383">
  <scan objectsFound="29" bytesTraced="5268" workStackOverflowCount="0" />
</gc-op>
<gc-op id="2904" type="card-cleaning" timems="146.768" contextid="2882" timestamp="2022-02-08T17:23:33.530">
  <card-cleaning cardsCleaned="9" bytesTraced="71013308" workStackOverflowCount="0" />
</gc-op>
<gc-op id="2905" type="mark" timems="57.206" contextid="2882" timestamp="2022-02-08T17:23:33.587">
  <trace-info objectcount="2149090" scancount="1613345" scanbytes="34485736" />
  <finalization candidates="428" enqueued="57" />
  <ownableSynchronizers candidates="1" cleared="0" />
  <references type="soft" candidates="894" cleared="0" enqueued="0" dynamicThreshold="10" maxThreshold="32" />
  <references type="weak" candidates="1701" cleared="0" enqueued="0" />
  <references type="phantom" candidates="52" cleared="2" enqueued="2" />
  <stringconstants candidates="6470" cleared="0"  />
  <object-monitors candidates="2" cleared="0"  />
</gc-op>
<gc-op id="2906" type="sweep" timems="4.987" contextid="2882" timestamp="2022-02-08T17:23:33.592" />
<gc-end id="2907" type="global" contextid="2882" durationms="209.791" usertimems="224.791" systemtimems="0.384" stalltimems="171.449" timestamp="2022-02-08T17:23:33.592" activeThreads="4">
  <mem-info id="2908" free="375190448" total="1073741824" percent="34">
    <mem type="nursery" free="97543784" total="268435456" percent="36">
      <mem type="allocate" free="97543784" total="182517760" percent="53" />
      <mem type="survivor" free="0" total="85917696" percent="0" />
    </mem>
    <mem type="tenure" free="277646664" total="805306368" percent="34" micro-fragmented="318197" macro-fragmented="0">
      <mem type="soa" free="269592904" total="797252608" percent="33" />
      <mem type="loa" free="8053760" total="8053760" percent="100" />
    </mem>
    <pending-finalizers system="57" default="0" reference="2" classloader="0" />
    <remembered-set count="102" />
  </mem-info>
</gc-end>
<cycle-end id="2909" type="global" contextid="2882" timestamp="2022-02-08T17:23:33.592" />
<exclusive-end id="2910" timestamp="2022-02-08T17:23:33.592" durationms="210.012" />

<exclusive-start id="2911" timestamp="2022-02-08T17:23:34.187" intervalms="804.616">
  <response-info timems="0.017" idlems="0.017" threads="0" lastid="0000000000016F00" lastname="main" />
</exclusive-start>
<af-start id="2912" threadId="0000000000017908" totalBytesRequested="112" timestamp="2022-02-08T17:23:34.187" intervalms="1005.873" type="nursery" />
<cycle-start id="2913" type="scavenge" contextid="0" timestamp="2022-02-08T17:23:34.187" intervalms="1005.874" />
<gc-start id="2914" type="scavenge" contextid="2913" timestamp="2022-02-08T17:23:34.187">
  <mem-info id="2915" free="277646664" total="1073741824" percent="25">
    <mem type="nursery" free="0" total="268435456" percent="0">
      <mem type="allocate" free="0" total="182517760" percent="0" />
      <mem type="survivor" free="0" total="85917696" percent="0" />
    </mem>
    <mem type="tenure" free="277646664" total="805306368" percent="34">
      <mem type="soa" free="269592904" total="797252608" percent="33" />
      <mem type="loa" free="8053760" total="8053760" percent="100" />
    </mem>
    <remembered-set count="105" />
  </mem-info>
</gc-start>
<allocation-stats totalBytes="97500456" >
  <allocated-bytes non-tlh="0" tlh="97500456" />
  <largest-consumer threadName="main" threadId="0000000000016F00" bytes="97496360" />
</allocation-stats>
<gc-op id="2916" type="scavenge" timems="80.269" contextid="2913" timestamp="2022-02-08T17:23:34.267">
  <scavenger-info tenureage="1" tenuremask="7ffe" tiltratio="67" />
  <memory-copied type="nursery" objects="1312726" bytes="74418032" bytesdiscarded="157504" />
  <memory-copied type="tenure" objects="1382729" bytes="77757560" bytesdiscarded="45440" />
  <finalization candidates="1" enqueued="0" />
  <ownableSynchronizers candidates="2" cleared="2" />
  <object-monitors candidates="2" cleared="0"  />
</gc-op>
<gc-end id="2917" type="scavenge" contextid="2913" durationms="80.472" usertimems="315.222" systemtimems="0.617" stalltimems="4.415" timestamp="2022-02-08T17:23:34.268" activeThreads="4">
  <mem-info id="2918" free="307902744" total="1073741824" percent="28">
    <mem type="nursery" free="108335440" total="268435456" percent="40">
      <mem type="allocate" free="108335440" total="182910976" percent="59" />
      <mem type="survivor" free="0" total="85524480" percent="0" />
    </mem>
    <mem type="tenure" free="199567304" total="805306368" percent="24" macro-fragmented="0">
      <mem type="soa" free="191513544" total="797252608" percent="24" />
      <mem type="loa" free="8053760" total="8053760" percent="100" />
    </mem>
    <remembered-set count="105" />
  </mem-info>
</gc-end>
<cycle-end id="2919" type="scavenge" contextid="2913" timestamp="2022-02-08T17:23:34.268" />
<allocation-satisfied id="2920" threadId="0000000000016F00" bytesRequested="112" />
<af-end id="2921" timestamp="2022-02-08T17:23:34.268" threadId="0000000000017908" success="true" from="nursery"/>
<exclusive-end id="2922" timestamp="2022-02-08T17:23:34.268" durationms="80.828" />

<exclusive-start id="2923" timestamp="2022-02-08T17:23:35.141" intervalms="953.912">
  <response-info timems="0.019" idlems="0.019" threads="0" lastid="0000000000016F00" lastname="main" />
</exclusive-start>
<af-start id="2924" threadId="0000000000017908" totalBytesRequested="192" timestamp="2022-02-08T17:23:35.141" intervalms="953.918" type="nursery" />
<cycle-start id="2925" type="scavenge" contextid="0" timestamp="2022-02-08T17:23:35.141" intervalms="953.918" />
<gc-start id="2926" type="scavenge" contextid="2925" timestamp="2022-02-08T17:23:35.141">
  <mem-info id="2927" free="199567304" total="1073741824" percent="18">
    <mem type="nursery" free="0" total="268435456" percent="0">
      <mem type="allocate" free="0" total="182910976" percent="0" />
      <mem type="survivor" free="0" total="85524480" percent="0" />
    </mem>
    <mem type="tenure" free="199567304" total="805306368" percent="24">
      <mem type="soa" free="191513544" total="797252608" percent="24" />
      <mem type="loa" free="8053760" total="8053760" percent="100" />
    </mem>
    <remembered-set count="136" />
  </mem-info>
</gc-start>
<allocation-stats totalBytes="108288696" >
  <allocated-bytes non-tlh="1493656" tlh="106795040" />
  <largest-consumer threadName="main" threadId="0000000000016F00" bytes="108288696" />
</allocation-stats>
<gc-op id="2928" type="scavenge" timems="79.858" contextid="2925" timestamp="2022-02-08T17:23:35.221">
  <scavenger-info tenureage="1" tenuremask="7ffe" tiltratio="68" />
  <memory-copied type="nursery" objects="1491084" bytes="76271096" bytesdiscarded="178640" />
  <memory-copied type="tenure" objects="1312726" bytes="74418032" bytesdiscarded="41464" />
  <finalization candidates="109" enqueued="53" />
  <references type="soft" candidates="14" cleared="0" enqueued="0" dynamicThreshold="11" maxThreshold="32" />
  <references type="weak" candidates="1" cleared="0" enqueued="0" />
  <references type="phantom" candidates="94" cleared="7" enqueued="7" />
  <object-monitors candidates="2" cleared="0"  />
</gc-op>
<gc-end id="2929" type="scavenge" contextid="2925" durationms="80.038" usertimems="304.844" systemtimems="3.685" stalltimems="2.906" timestamp="2022-02-08T17:23:35.221" activeThreads="4">
  <mem-info id="2930" free="231916648" total="1073741824" percent="21">
    <mem type="nursery" free="106657720" total="268435456" percent="39">
      <mem type="allocate" free="106657720" total="183107584" percent="58" />
      <mem type="survivor" free="0" total="85327872" percent="0" />
    </mem>
    <mem type="tenure" free="125258928" total="805306368" percent="15" macro-fragmented="0">
      <mem type="soa" free="117205168" total="797252608" percent="14" />
      <mem type="loa" free="8053760" total="8053760" percent="100" />
    </mem>
    <pending-finalizers system="52" default="1" reference="7" classloader="0" />
    <remembered-set count="132" />
  </mem-info>
</gc-end>
<cycle-end id="2931" type="scavenge" contextid="2925" timestamp="2022-02-08T17:23:35.221" />
<allocation-satisfied id="2932" threadId="0000000000016F00" bytesRequested="192" />
<af-end id="2933" timestamp="2022-02-08T17:23:35.221" threadId="0000000000017908" success="true" from="nursery"/>
<exclusive-end id="2934" timestamp="2022-02-08T17:23:35.221" durationms="80.297" />

<concurrent-kickoff id="2935" timestamp="2022-02-08T17:23:35.895">
  <kickoff reason="threshold reached" targetBytes="74440032" thresholdFreeBytes="5754753"  remainingFree="5666744" tenureFreeBytes="125258928" nurseryFreeBytes="5666744" />
</concurrent-kickoff>
<exclusive-start id="2936" timestamp="2022-02-08T17:23:35.898" intervalms="757.289">
  <response-info timems="0.016" idlems="0.016" threads="0" lastid="0000000000016F00" lastname="main" />
</exclusive-start>
<cycle-start id="2937" type="global" contextid="0" timestamp="2022-02-08T17:23:35.898" intervalms="2840.484" />
<concurrent-start id="2938" type="global mark" contextid="2937" timestamp="2022-02-08T17:23:35.898">
</concurrent-start>
<exclusive-end id="2939" timestamp="2022-02-08T17:23:35.898" durationms="0.036" />

<exclusive-start id="2940" timestamp="2022-02-08T17:23:36.020" intervalms="121.504">
  <response-info timems="0.049" idlems="0.049" threads="0" lastid="0000000000016F00" lastname="main" />
</exclusive-start>
<af-start id="2941" threadId="0000000000017908" totalBytesRequested="24" timestamp="2022-02-08T17:23:36.020" intervalms="878.787" type="nursery" />
<cycle-start id="2942" type="scavenge" contextid="0" timestamp="2022-02-08T17:23:36.020" intervalms="878.788" />
<gc-start id="2943" type="scavenge" contextid="2942" timestamp="2022-02-08T17:23:36.020">
  <mem-info id="2944" free="125258928" total="1073741824" percent="11">
    <mem type="nursery" free="0" total="268435456" percent="0">
      <mem type="allocate" free="0" total="183107584" percent="0" />
      <mem type="survivor" free="0" total="85327872" percent="0" />
    </mem>
    <mem type="tenure" free="125258928" total="805306368" percent="15">
      <mem type="soa" free="117205168" total="797252608" percent="14" />
      <mem type="loa" free="8053760" total="8053760" percent="100" />
    </mem>
    <remembered-set count="133" />
  </mem-info>
</gc-start>
<allocation-stats totalBytes="106607304" >
  <allocated-bytes non-tlh="1347872" tlh="105259432" />
  <largest-consumer threadName="main" threadId="0000000000016F00" bytes="106599112" />
</allocation-stats>
<gc-op id="2945" type="scavenge" timems="78.622" contextid="2942" timestamp="2022-02-08T17:23:36.099">
  <scavenger-info tenureage="1" tenuremask="7ffe" tiltratio="68" />
  <memory-copied type="nursery" objects="1335054" bytes="76292624" bytesdiscarded="227480" />
  <memory-copied type="tenure" objects="1490364" bytes="75327824" bytesdiscarded="38280" />
  <finalization candidates="57" enqueued="0" />
  <references type="phantom" candidates="1" cleared="0" enqueued="0" />
  <object-monitors candidates="2" cleared="0"  />
</gc-op>
<gc-end id="2946" type="scavenge" contextid="2942" durationms="78.877" usertimems="297.683" systemtimems="3.829" stalltimems="4.537" timestamp="2022-02-08T17:23:36.099" activeThreads="4">
  <mem-info id="2947" free="156959392" total="1073741824" percent="14">
    <mem type="nursery" free="107177304" total="268435456" percent="39">
      <mem type="allocate" free="107177304" total="183697408" percent="58" />
      <mem type="survivor" free="0" total="84738048" percent="0" />
    </mem>
    <mem type="tenure" free="49782088" total="805306368" percent="6" macro-fragmented="27735676">
      <mem type="soa" free="41728328" total="797252608" percent="5" />
      <mem type="loa" free="8053760" total="8053760" percent="100" />
    </mem>
    <remembered-set count="102" />
  </mem-info>
</gc-end>
<cycle-end id="2948" type="scavenge" contextid="2942" timestamp="2022-02-08T17:23:36.099" />
<allocation-satisfied id="2949" threadId="0000000000016F00" bytesRequested="24" />
<af-end id="2950" timestamp="2022-02-08T17:23:36.099" threadId="0000000000017908" success="true" from="nursery"/>
<exclusive-end id="2951" timestamp="2022-02-08T17:23:36.099" durationms="79.201" />

<concurrent-end id="2952" type="global mark" contextid="2937" timestamp="2022-02-08T17:23:36.217">
<gc-op id="2953" type="trace" timems="319.062" contextid="2937" timestamp="2022-02-08T17:23:36.217">
  <trace bytesTraced="74437148" workStackOverflowCount="0" />
  <card-cleaning reason="card cleaning threshold reached" bytesTraced="1000" cardsCleaned="2" />
</gc-op>
</concurrent-end>

<exclusive-start id="2954" timestamp="2022-02-08T17:23:36.217" intervalms="197.633">
  <response-info timems="0.017" idlems="0.017" threads="0" lastid="0000000000016F00" lastname="main" />
</exclusive-start>
<concurrent-global-final id="2955" timestamp="2022-02-08T17:23:36.217" contextid="2937" intervalms="2834.955" >
  <concurrent-trace-info reason="card cleaning threshold reached" tracedByMutators="59531312" tracedByHelpers="14906836" cardsCleaned="2" workStackOverflowCount="0" />
</concurrent-global-final>
<gc-start id="2956" type="global" contextid="2937" timestamp="2022-02-08T17:23:36.217">
  <mem-info id="2957" free="149521032" total="1073741824" percent="13">
    <mem type="nursery" free="99738944" total="268435456" percent="37">
      <mem type="allocate" free="99738944" total="183697408" percent="54" />
      <mem type="survivor" free="0" total="84738048" percent="0" />
    </mem>
    <mem type="tenure" free="49782088" total="805306368" percent="6">
      <mem type="soa" free="41728328" total="797252608" percent="5" />
      <mem type="loa" free="8053760" total="8053760" percent="100" />
    </mem>
    <remembered-set count="102" />
  </mem-info>
</gc-start>
<allocation-stats totalBytes="7435392" >
  <allocated-bytes non-tlh="24" tlh="7435368" />
  <largest-consumer threadName="main" threadId="0000000000016F00" bytes="7435392" />
</allocation-stats>
<gc-op id="2958" type="rs-scan" timems="0.557" contextid="2937" timestamp="2022-02-08T17:23:36.218">
  <scan objectsFound="29" bytesTraced="5268" workStackOverflowCount="0" />
</gc-op>
<gc-op id="2959" type="card-cleaning" timems="157.733" contextid="2937" timestamp="2022-02-08T17:23:36.376">
  <card-cleaning cardsCleaned="9" bytesTraced="71013244" workStackOverflowCount="0" />
</gc-op>
<gc-op id="2960" type="mark" timems="66.655" contextid="2937" timestamp="2022-02-08T17:23:36.443">
  <trace-info objectcount="1853944" scancount="1391985" scanbytes="29763416" />
  <finalization candidates="428" enqueued="57" />
  <ownableSynchronizers candidates="1" cleared="0" />
  <references type="soft" candidates="894" cleared="0" enqueued="0" dynamicThreshold="11" maxThreshold="32" />
  <references type="weak" candidates="1701" cleared="0" enqueued="0" />
  <references type="phantom" candidates="52" cleared="2" enqueued="2" />
  <stringconstants candidates="6470" cleared="0"  />
  <object-monitors candidates="2" cleared="0"  />
</gc-op>
<gc-op id="2961" type="sweep" timems="4.756" contextid="2937" timestamp="2022-02-08T17:23:36.447" />
<gc-end id="2962" type="global" contextid="2937" durationms="229.920" usertimems="282.224" systemtimems="8.603" stalltimems="152.808" timestamp="2022-02-08T17:23:36.447" activeThreads="4">
  <mem-info id="2963" free="392814032" total="1073741824" percent="36">
    <mem type="nursery" free="100059608" total="268435456" percent="37">
      <mem type="allocate" free="100059608" total="183697408" percent="54" />
      <mem type="survivor" free="0" total="84738048" percent="0" />
    </mem>
    <mem type="tenure" free="292754424" total="805306368" percent="36" micro-fragmented="280329" macro-fragmented="0">
      <mem type="soa" free="284700664" total="797252608" percent="35" />
      <mem type="loa" free="8053760" total="8053760" percent="100" />
    </mem>
    <pending-finalizers system="57" default="0" reference="2" classloader="0" />
    <remembered-set count="102" />
  </mem-info>
</gc-end>
<cycle-end id="2964" type="global" contextid="2937" timestamp="2022-02-08T17:23:36.448" />
<exclusive-end id="2965" timestamp="2022-02-08T17:23:36.448" durationms="230.134" />

<exclusive-start id="2966" timestamp="2022-02-08T17:23:37.072" intervalms="854.279">
  <response-info timems="0.018" idlems="0.018" threads="0" lastid="0000000000016F00" lastname="main" />
</exclusive-start>
<af-start id="2967" threadId="0000000000017908" totalBytesRequested="64" timestamp="2022-02-08T17:23:37.072" intervalms="1051.911" type="nursery" />
<cycle-start id="2968" type="scavenge" contextid="0" timestamp="2022-02-08T17:23:37.072" intervalms="1051.910" />
<gc-start id="2969" type="scavenge" contextid="2968" timestamp="2022-02-08T17:23:37.072">
  <mem-info id="2970" free="292754424" total="1073741824" percent="27">
    <mem type="nursery" free="0" total="268435456" percent="0">
      <mem type="allocate" free="0" total="183697408" percent="0" />
      <mem type="survivor" free="0" total="84738048" percent="0" />
    </mem>
    <mem type="tenure" free="292754424" total="805306368" percent="36">
      <mem type="soa" free="284700664" total="797252608" percent="35" />
      <mem type="loa" free="8053760" total="8053760" percent="100" />
    </mem>
    <remembered-set count="105" />
  </mem-info>
</gc-start>
<allocation-stats totalBytes="100011408" >
  <allocated-bytes non-tlh="0" tlh="100011408" />
  <largest-consumer threadName="main" threadId="0000000000016F00" bytes="100007312" />
</allocation-stats>
<gc-op id="2971" type="scavenge" timems="83.255" contextid="2968" timestamp="2022-02-08T17:23:37.155">
  <scavenger-info tenureage="1" tenuremask="7ffe" tiltratio="68" />
  <memory-copied type="nursery" objects="1355362" bytes="76322336" bytesdiscarded="189416" />
  <memory-copied type="tenure" objects="1335054" bytes="76292624" bytesdiscarded="45456" />
  <finalization candidates="1" enqueued="0" />
  <ownableSynchronizers candidates="2" cleared="2" />
  <object-monitors candidates="2" cleared="0"  />
</gc-op>
<gc-end id="2972" type="scavenge" contextid="2968" durationms="83.495" usertimems="322.497" systemtimems="2.671" stalltimems="2.512" timestamp="2022-02-08T17:23:37.155" activeThreads="4">
  <mem-info id="2973" free="323840424" total="1073741824" percent="30">
    <mem type="nursery" free="107644408" total="268435456" percent="40">
      <mem type="allocate" free="107644408" total="184156160" percent="58" />
      <mem type="survivor" free="0" total="84279296" percent="0" />
    </mem>
    <mem type="tenure" free="216196016" total="805306368" percent="26" macro-fragmented="0">
      <mem type="soa" free="208142256" total="797252608" percent="26" />
      <mem type="loa" free="8053760" total="8053760" percent="100" />
    </mem>
    <remembered-set count="104" />
  </mem-info>
</gc-end>
<cycle-end id="2974" type="scavenge" contextid="2968" timestamp="2022-02-08T17:23:37.155" />
<allocation-satisfied id="2975" threadId="0000000000016F00" bytesRequested="64" />
<af-end id="2976" timestamp="2022-02-08T17:23:37.155" threadId="0000000000017908" success="true" from="nursery"/>
<exclusive-end id="2977" timestamp="2022-02-08T17:23:37.155" durationms="83.738" />

<exclusive-start id="2978" timestamp="2022-02-08T17:23:38.008" intervalms="936.524">
  <response-info timems="0.017" idlems="0.017" threads="0" lastid="0000000000016F00" lastname="main" />
</exclusive-start>
<af-start id="2979" threadId="0000000000017908" totalBytesRequested="192" timestamp="2022-02-08T17:23:38.008" intervalms="936.523" type="nursery" />
<cycle-start id="2980" type="scavenge" contextid="0" timestamp="2022-02-08T17:23:38.008" intervalms="936.522" />
<gc-start id="2981" type="scavenge" contextid="2980" timestamp="2022-02-08T17:23:38.008">
  <mem-info id="2982" free="216196016" total="1073741824" percent="20">
    <mem type="nursery" free="0" total="268435456" percent="0">
      <mem type="allocate" free="0" total="184156160" percent="0" />
      <mem type="survivor" free="0" total="84279296" percent="0" />
    </mem>
    <mem type="tenure" free="216196016" total="805306368" percent="26">
      <mem type="soa" free="208142256" total="797252608" percent="26" />
      <mem type="loa" free="8053760" total="8053760" percent="100" />
    </mem>
    <remembered-set count="135" />
  </mem-info>
</gc-start>
<allocation-stats totalBytes="107597688" >
  <allocated-bytes non-tlh="1018704" tlh="106578984" />
  <largest-consumer threadName="main" threadId="0000000000016F00" bytes="107597688" />
</allocation-stats>
<gc-op id="2983" type="scavenge" timems="81.623" contextid="2980" timestamp="2022-02-08T17:23:38.090">
  <scavenger-info tenureage="1" tenuremask="7ffe" tiltratio="68" />
  <memory-copied type="nursery" objects="1487847" bytes="75792336" bytesdiscarded="127480" />
  <memory-copied type="tenure" objects="1355361" bytes="76322296" bytesdiscarded="42744" />
  <finalization candidates="108" enqueued="53" />
  <references type="soft" candidates="14" cleared="0" enqueued="0" dynamicThreshold="11" maxThreshold="32" />
  <references type="weak" candidates="1" cleared="0" enqueued="0" />
  <references type="phantom" candidates="93" cleared="7" enqueued="7" />
  <object-monitors candidates="2" cleared="0"  />
</gc-op>
<gc-end id="2984" type="scavenge" contextid="2980" durationms="82.010" usertimems="302.996" systemtimems="4.028" stalltimems="9.069" timestamp="2022-02-08T17:23:38.090" activeThreads="4">
  <mem-info id="2985" free="248389624" total="1073741824" percent="23">
    <mem type="nursery" free="108563896" total="268435456" percent="40">
      <mem type="allocate" free="108563896" total="184483840" percent="58" />
      <mem type="survivor" free="0" total="83951616" percent="0" />
    </mem>
    <mem type="tenure" free="139825728" total="805306368" percent="17" macro-fragmented="47927252">
      <mem type="soa" free="131771968" total="797252608" percent="16" />
      <mem type="loa" free="8053760" total="8053760" percent="100" />
    </mem>
    <pending-finalizers system="52" default="1" reference="7" classloader="0" />
    <remembered-set count="132" />
  </mem-info>
</gc-end>
<cycle-end id="2986" type="scavenge" contextid="2980" timestamp="2022-02-08T17:23:38.090" />
<allocation-satisfied id="2987" threadId="0000000000016F00" bytesRequested="192" />
<af-end id="2988" timestamp="2022-02-08T17:23:38.090" threadId="0000000000017908" success="true" from="nursery"/>
<exclusive-end id="2989" timestamp="2022-02-08T17:23:38.090" durationms="82.285" />

<concurrent-kickoff id="2990" timestamp="2022-02-08T17:23:38.789">
  <kickoff reason="threshold reached" targetBytes="74439652" thresholdFreeBytes="5752975"  remainingFree="5708960" tenureFreeBytes="139825728" nurseryFreeBytes="5708960" />
</concurrent-kickoff>
<exclusive-start id="2991" timestamp="2022-02-08T17:23:38.791" intervalms="783.193">
  <response-info timems="0.020" idlems="0.020" threads="0" lastid="0000000000016F00" lastname="main" />
</exclusive-start>
<cycle-start id="2992" type="global" contextid="0" timestamp="2022-02-08T17:23:38.791" intervalms="2893.124" />
<concurrent-start id="2993" type="global mark" contextid="2992" timestamp="2022-02-08T17:23:38.791">
</concurrent-start>
<exclusive-end id="2994" timestamp="2022-02-08T17:23:38.791" durationms="0.027" />

<exclusive-start id="2995" timestamp="2022-02-08T17:23:38.907" intervalms="115.414">
  <response-info timems="0.034" idlems="0.034" threads="0" lastid="0000000000016F00" lastname="main" />
</exclusive-start>
<af-start id="2996" threadId="0000000000017908" totalBytesRequested="24" timestamp="2022-02-08T17:23:38.907" intervalms="898.621" type="nursery" />
<cycle-start id="2997" type="scavenge" contextid="0" timestamp="2022-02-08T17:23:38.907" intervalms="898.622" />
<gc-start id="2998" type="scavenge" contextid="2997" timestamp="2022-02-08T17:23:38.907">
  <mem-info id="2999" free="139825728" total="1073741824" percent="13">
    <mem type="nursery" free="0" total="268435456" percent="0">
      <mem type="allocate" free="0" total="184483840" percent="0" />
      <mem type="survivor" free="0" total="83951616" percent="0" />
    </mem>
    <mem type="tenure" free="139825728" total="805306368" percent="17">
      <mem type="soa" free="131771968" total="797252608" percent="16" />
      <mem type="loa" free="8053760" total="8053760" percent="100" />
    </mem>
    <remembered-set count="133" />
  </mem-info>
</gc-start>
<allocation-stats totalBytes="108509968" >
  <allocated-bytes non-tlh="1823000" tlh="106686968" />
  <largest-consumer threadName="main" threadId="0000000000016F00" bytes="108501776" />
</allocation-stats>
<gc-op id="3000" type="scavenge" timems="84.041" contextid="2997" timestamp="2022-02-08T17:23:38.991">
  <scavenger-info tenureage="1" tenuremask="7ffe" tiltratio="68" />
  <memory-copied type="nursery" objects="1354520" bytes="77334568" bytesdiscarded="287800" />
  <memory-copied type="tenure" objects="1487127" bytes="75154472" bytesdiscarded="43224" />
  <finalization candidates="57" enqueued="0" />
  <references type="phantom" candidates="2" cleared="0" enqueued="0" />
  <object-monitors candidates="2" cleared="0"  />
</gc-op>
<gc-end id="3001" type="scavenge" contextid="2997" durationms="84.415" usertimems="329.439" systemtimems="0.327" stalltimems="3.988" timestamp="2022-02-08T17:23:38.991" activeThreads="4">
  <mem-info id="3002" free="170363248" total="1073741824" percent="15">
    <mem type="nursery" free="105878432" total="268435456" percent="39">
      <mem type="allocate" free="105878432" total="183500800" percent="57" />
      <mem type="survivor" free="0" total="84934656" percent="0" />
    </mem>
    <mem type="tenure" free="64484816" total="805306368" percent="8" macro-fragmented="33282812">
      <mem type="soa" free="56431056" total="797252608" percent="7" />
      <mem type="loa" free="8053760" total="8053760" percent="100" />
    </mem>
    <remembered-set count="103" />
  </mem-info>
</gc-end>
<cycle-end id="3003" type="scavenge" contextid="2997" timestamp="2022-02-08T17:23:38.992" />
<allocation-satisfied id="3004" threadId="0000000000016F00" bytesRequested="24" />
<af-end id="3005" timestamp="2022-02-08T17:23:38.992" threadId="0000000000017908" success="true" from="nursery"/>
<exclusive-end id="3006" timestamp="2022-02-08T17:23:38.992" durationms="85.087" />

<concurrent-end id="3007" type="global mark" contextid="2992" timestamp="2022-02-08T17:23:39.124">
<gc-op id="3008" type="trace" timems="332.821" contextid="2992" timestamp="2022-02-08T17:23:39.124">
  <trace bytesTraced="74437356" workStackOverflowCount="0" />
  <card-cleaning reason="card cleaning threshold reached" bytesTraced="1000" cardsCleaned="2" />
</gc-op>
</concurrent-end>

<exclusive-start id="3009" timestamp="2022-02-08T17:23:39.124" intervalms="217.473">
  <response-info timems="0.016" idlems="0.016" threads="0" lastid="0000000000016F00" lastname="main" />
</exclusive-start>
<concurrent-global-final id="3010" timestamp="2022-02-08T17:23:39.124" contextid="2992" intervalms="2906.883" >
  <concurrent-trace-info reason="card cleaning threshold reached" tracedByMutators="57324344" tracedByHelpers="17114012" cardsCleaned="2" workStackOverflowCount="0" />
</concurrent-global-final>
<gc-start id="3011" type="global" contextid="2992" timestamp="2022-02-08T17:23:39.124">
  <mem-info id="3012" free="162138456" total="1073741824" percent="15">
    <mem type="nursery" free="97653640" total="268435456" percent="36">
      <mem type="allocate" free="97653640" total="183500800" percent="53" />
      <mem type="survivor" free="0" total="84934656" percent="0" />
    </mem>
    <mem type="tenure" free="64484816" total="805306368" percent="8">
      <mem type="soa" free="56431056" total="797252608" percent="7" />
      <mem type="loa" free="8053760" total="8053760" percent="100" />
    </mem>
    <remembered-set count="103" />
  </mem-info>
</gc-start>
<allocation-stats totalBytes="8220360" >
  <allocated-bytes non-tlh="24" tlh="8220336" />
  <largest-consumer threadName="main" threadId="0000000000016F00" bytes="8220360" />
</allocation-stats>
<gc-op id="3013" type="rs-scan" timems="0.997" contextid="2992" timestamp="2022-02-08T17:23:39.125">
  <scan objectsFound="29" bytesTraced="5268" workStackOverflowCount="0" />
</gc-op>
<gc-op id="3014" type="card-cleaning" timems="168.850" contextid="2992" timestamp="2022-02-08T17:23:39.294">
  <card-cleaning cardsCleaned="9" bytesTraced="71013244" workStackOverflowCount="0" />
</gc-op>
<gc-op id="3015" type="mark" timems="51.343" contextid="2992" timestamp="2022-02-08T17:23:39.346">
  <trace-info objectcount="1625287" scancount="1220493" scanbytes="26104872" />
  <finalization candidates="428" enqueued="57" />
  <ownableSynchronizers candidates="1" cleared="0" />
  <references type="soft" candidates="894" cleared="0" enqueued="0" dynamicThreshold="11" maxThreshold="32" />
  <references type="weak" candidates="1701" cleared="0" enqueued="0" />
  <references type="phantom" candidates="52" cleared="2" enqueued="2" />
  <stringconstants candidates="6470" cleared="0"  />
  <object-monitors candidates="2" cleared="0"  />
</gc-op>
<gc-op id="3016" type="sweep" timems="5.214" contextid="2992" timestamp="2022-02-08T17:23:39.351" />
<gc-end id="3017" type="global" contextid="2992" durationms="226.605" usertimems="278.559" systemtimems="3.378" stalltimems="114.865" timestamp="2022-02-08T17:23:39.351" activeThreads="4">
  <mem-info id="3018" free="405621912" total="1073741824" percent="37">
    <mem type="nursery" free="98034072" total="268435456" percent="36">
      <mem type="allocate" free="98034072" total="183500800" percent="53" />
      <mem type="survivor" free="0" total="84934656" percent="0" />
    </mem>
    <mem type="tenure" free="307587840" total="805306368" percent="38" micro-fragmented="353888" macro-fragmented="0">
      <mem type="soa" free="299534080" total="797252608" percent="37" />
      <mem type="loa" free="8053760" total="8053760" percent="100" />
    </mem>
    <pending-finalizers system="57" default="0" reference="2" classloader="0" />
    <remembered-set count="103" />
  </mem-info>
</gc-end>
<cycle-end id="3019" type="global" contextid="2992" timestamp="2022-02-08T17:23:39.351" />
<exclusive-end id="3020" timestamp="2022-02-08T17:23:39.351" durationms="226.879" />

<exclusive-start id="3021" timestamp="2022-02-08T17:23:39.967" intervalms="842.928">
  <response-info timems="0.018" idlems="0.018" threads="0" lastid="0000000000016F00" lastname="main" />
</exclusive-start>
<af-start id="3022" threadId="0000000000017908" totalBytesRequested="176" timestamp="2022-02-08T17:23:39.967" intervalms="1060.390" type="nursery" />
<cycle-start id="3023" type="scavenge" contextid="0" timestamp="2022-02-08T17:23:39.967" intervalms="1060.390" />
<gc-start id="3024" type="scavenge" contextid="3023" timestamp="2022-02-08T17:23:39.967">
  <mem-info id="3025" free="307587840" total="1073741824" percent="28">
    <mem type="nursery" free="0" total="268435456" percent="0">
      <mem type="allocate" free="0" total="183500800" percent="0" />
      <mem type="survivor" free="0" total="84934656" percent="0" />
    </mem>
    <mem type="tenure" free="307587840" total="805306368" percent="38">
      <mem type="soa" free="299534080" total="797252608" percent="37" />
      <mem type="loa" free="8053760" total="8053760" percent="100" />
    </mem>
    <remembered-set count="106" />
  </mem-info>
</gc-start>
<allocation-stats totalBytes="97986232" >
  <allocated-bytes non-tlh="0" tlh="97986232" />
  <largest-consumer threadName="main" threadId="0000000000016F00" bytes="97982136" />
</allocation-stats>
<gc-op id="3026" type="scavenge" timems="75.545" contextid="3023" timestamp="2022-02-08T17:23:40.043">
  <scavenger-info tenureage="1" tenuremask="7ffe" tiltratio="68" />
  <memory-copied type="nursery" objects="1338373" bytes="75448088" bytesdiscarded="242992" />
  <memory-copied type="tenure" objects="1354520" bytes="77334568" bytesdiscarded="46960" />
  <finalization candidates="2" enqueued="0" />
  <ownableSynchronizers candidates="2" cleared="2" />
  <object-monitors candidates="2" cleared="0"  />
</gc-op>
<gc-end id="3027" type="scavenge" contextid="3023" durationms="75.972" usertimems="295.614" systemtimems="0.000" stalltimems="1.990" timestamp="2022-02-08T17:23:40.043" activeThreads="4">
  <mem-info id="3028" free="338076760" total="1073741824" percent="31">
    <mem type="nursery" free="108071864" total="268435456" percent="40">
      <mem type="allocate" free="108071864" total="183762944" percent="58" />
      <mem type="survivor" free="0" total="84672512" percent="0" />
    </mem>
    <mem type="tenure" free="230004896" total="805306368" percent="28" macro-fragmented="0">
      <mem type="soa" free="221951136" total="797252608" percent="27" />
      <mem type="loa" free="8053760" total="8053760" percent="100" />
    </mem>
    <remembered-set count="104" />
  </mem-info>
</gc-end>
<cycle-end id="3029" type="scavenge" contextid="3023" timestamp="2022-02-08T17:23:40.043" />
<allocation-satisfied id="3030" threadId="0000000000016F00" bytesRequested="176" />
<af-end id="3031" timestamp="2022-02-08T17:23:40.043" threadId="0000000000017908" success="true" from="nursery"/>
<exclusive-end id="3032" timestamp="2022-02-08T17:23:40.043" durationms="76.249" />

<exclusive-start id="3033" timestamp="2022-02-08T17:23:40.734" intervalms="767.276">
  <response-info timems="0.017" idlems="0.017" threads="0" lastid="0000000000016F00" lastname="main" />
</exclusive-start>
<af-start id="3034" threadId="0000000000017908" totalBytesRequested="360" timestamp="2022-02-08T17:23:40.735" intervalms="767.273" type="nursery" />
<cycle-start id="3035" type="scavenge" contextid="0" timestamp="2022-02-08T17:23:40.735" intervalms="767.272" />
<gc-start id="3036" type="scavenge" contextid="3035" timestamp="2022-02-08T17:23:40.735">
  <mem-info id="3037" free="230004896" total="1073741824" percent="21">
    <mem type="nursery" free="0" total="268435456" percent="0">
      <mem type="allocate" free="0" total="183762944" percent="0" />
      <mem type="survivor" free="0" total="84672512" percent="0" />
    </mem>
    <mem type="tenure" free="230004896" total="805306368" percent="28">
      <mem type="soa" free="221951136" total="797252608" percent="27" />
      <mem type="loa" free="8053760" total="8053760" percent="100" />
    </mem>
    <remembered-set count="118" />
  </mem-info>
</gc-start>
<allocation-stats totalBytes="108020680" >
  <allocated-bytes non-tlh="453880" tlh="107566800" />
  <largest-consumer threadName="main" threadId="0000000000016F00" bytes="108020680" />
</allocation-stats>
<gc-op id="3038" type="scavenge" timems="73.001" contextid="3035" timestamp="2022-02-08T17:23:40.808">
  <scavenger-info tenureage="1" tenuremask="7ffe" tiltratio="68" />
  <memory-copied type="nursery" objects="1359740" bytes="76919920" bytesdiscarded="188824" />
  <memory-copied type="tenure" objects="1338372" bytes="75447992" bytesdiscarded="40480" />
  <finalization candidates="30" enqueued="18" />
  <references type="phantom" candidates="30" cleared="0" enqueued="0" />
  <object-monitors candidates="2" cleared="0"  />
</gc-op>
<gc-end id="3039" type="scavenge" contextid="3035" durationms="73.367" usertimems="289.672" systemtimems="0.000" stalltimems="1.870" timestamp="2022-02-08T17:23:40.808" activeThreads="4">
  <mem-info id="3040" free="261227304" total="1073741824" percent="24">
    <mem type="nursery" free="106654200" total="268435456" percent="39">
      <mem type="allocate" free="106654200" total="183762944" percent="58" />
      <mem type="survivor" free="0" total="84672512" percent="0" />
    </mem>
    <mem type="tenure" free="154573104" total="805306368" percent="19" macro-fragmented="0">
      <mem type="soa" free="146519344" total="797252608" percent="18" />
      <mem type="loa" free="8053760" total="8053760" percent="100" />
    </mem>
    <pending-finalizers system="18" default="0" reference="0" classloader="0" />
    <remembered-set count="119" />
  </mem-info>
</gc-end>
<cycle-end id="3041" type="scavenge" contextid="3035" timestamp="2022-02-08T17:23:40.808" />
<allocation-satisfied id="3042" threadId="0000000000016F00" bytesRequested="360" />
<af-end id="3043" timestamp="2022-02-08T17:23:40.808" threadId="0000000000017908" success="true" from="nursery"/>
<exclusive-end id="3044" timestamp="2022-02-08T17:23:40.808" durationms="73.640" />

<concurrent-kickoff id="3045" timestamp="2022-02-08T17:23:41.614">
  <kickoff reason="threshold reached" targetBytes="74439391" thresholdFreeBytes="5751671"  remainingFree="5728760" tenureFreeBytes="154573104" nurseryFreeBytes="5728760" />
</concurrent-kickoff>
<exclusive-start id="3046" timestamp="2022-02-08T17:23:41.617" intervalms="882.560">
  <response-info timems="0.019" idlems="0.019" threads="0" lastid="0000000000016F00" lastname="main" />
</exclusive-start>
<cycle-start id="3047" type="global" contextid="0" timestamp="2022-02-08T17:23:41.617" intervalms="2825.651" />
<concurrent-start id="3048" type="global mark" contextid="3047" timestamp="2022-02-08T17:23:41.617">
</concurrent-start>
<exclusive-end id="3049" timestamp="2022-02-08T17:23:41.617" durationms="0.026" />

<exclusive-start id="3050" timestamp="2022-02-08T17:23:41.736" intervalms="119.123">
  <response-info timems="0.029" idlems="0.029" threads="0" lastid="0000000000016F00" lastname="main" />
</exclusive-start>
<af-start id="3051" threadId="0000000000017908" totalBytesRequested="104" timestamp="2022-02-08T17:23:41.736" intervalms="1001.705" type="nursery" />
<cycle-start id="3052" type="scavenge" contextid="0" timestamp="2022-02-08T17:23:41.736" intervalms="1001.705" />
<gc-start id="3053" type="scavenge" contextid="3052" timestamp="2022-02-08T17:23:41.736">
  <mem-info id="3054" free="154573104" total="1073741824" percent="14">
    <mem type="nursery" free="0" total="268435456" percent="0">
      <mem type="allocate" free="0" total="183762944" percent="0" />
      <mem type="survivor" free="0" total="84672512" percent="0" />
    </mem>
    <mem type="tenure" free="154573104" total="805306368" percent="19">
      <mem type="soa" free="146519344" total="797252608" percent="18" />
      <mem type="loa" free="8053760" total="8053760" percent="100" />
    </mem>
    <remembered-set count="136" />
  </mem-info>
</gc-start>
<allocation-stats totalBytes="106606080" >
  <allocated-bytes non-tlh="2484904" tlh="104121176" />
  <largest-consumer threadName="main" threadId="0000000000016F00" bytes="106601984" />
</allocation-stats>
<gc-op id="3055" type="scavenge" timems="77.819" contextid="3052" timestamp="2022-02-08T17:23:41.814">
  <scavenger-info tenureage="1" tenuremask="7ffe" tiltratio="68" />
  <memory-copied type="nursery" objects="1419654" bytes="75282008" bytesdiscarded="101936" />
  <memory-copied type="tenure" objects="1359440" bytes="76306984" bytesdiscarded="39568" />
  <finalization candidates="92" enqueued="35" />
  <references type="soft" candidates="14" cleared="0" enqueued="0" dynamicThreshold="12" maxThreshold="32" />
  <references type="weak" candidates="1" cleared="0" enqueued="0" />
  <references type="phantom" candidates="77" cleared="7" enqueued="7" />
  <object-monitors candidates="2" cleared="0"  />
</gc-op>
<gc-end id="3056" type="scavenge" contextid="3052" durationms="78.272" usertimems="302.714" systemtimems="0.580" stalltimems="2.885" timestamp="2022-02-08T17:23:41.815" activeThreads="4">
  <mem-info id="3057" free="186923496" total="1073741824" percent="17">
    <mem type="nursery" free="108706552" total="268435456" percent="40">
      <mem type="allocate" free="108706552" total="184090624" percent="59" />
      <mem type="survivor" free="0" total="84344832" percent="0" />
    </mem>
    <mem type="tenure" free="78216944" total="805306368" percent="9" macro-fragmented="418667">
      <mem type="soa" free="70163184" total="797252608" percent="8" />
      <mem type="loa" free="8053760" total="8053760" percent="100" />
    </mem>
    <pending-finalizers system="34" default="1" reference="7" classloader="0" />
    <remembered-set count="121" />
  </mem-info>
</gc-end>
<cycle-end id="3058" type="scavenge" contextid="3052" timestamp="2022-02-08T17:23:41.815" />
<allocation-satisfied id="3059" threadId="0000000000016F00" bytesRequested="104" />
<af-end id="3060" timestamp="2022-02-08T17:23:41.815" threadId="0000000000017908" success="true" from="nursery"/>
<exclusive-end id="3061" timestamp="2022-02-08T17:23:41.815" durationms="78.804" />

<concurrent-end id="3062" type="global mark" contextid="3047" timestamp="2022-02-08T17:23:41.952">
<gc-op id="3063" type="trace" timems="334.751" contextid="3047" timestamp="2022-02-08T17:23:41.952">
  <trace bytesTraced="74437596" workStackOverflowCount="0" />
  <card-cleaning reason="card cleaning threshold reached" bytesTraced="1000" cardsCleaned="2" />
</gc-op>
</concurrent-end>

<exclusive-start id="3064" timestamp="2022-02-08T17:23:41.952" intervalms="215.693">
  <response-info timems="0.015" idlems="0.015" threads="0" lastid="0000000000016F00" lastname="main" />
</exclusive-start>
<concurrent-global-final id="3065" timestamp="2022-02-08T17:23:41.952" contextid="3047" intervalms="2827.579" >
  <concurrent-trace-info reason="card cleaning threshold reached" tracedByMutators="57965960" tracedByHelpers="16472636" cardsCleaned="2" workStackOverflowCount="0" />
</concurrent-global-final>
<gc-start id="3066" type="global" contextid="3047" timestamp="2022-02-08T17:23:41.952">
  <mem-info id="3067" free="178690432" total="1073741824" percent="16">
    <mem type="nursery" free="100473488" total="268435456" percent="37">
      <mem type="allocate" free="100473488" total="184090624" percent="54" />
      <mem type="survivor" free="0" total="84344832" percent="0" />
    </mem>
    <mem type="tenure" free="78216944" total="805306368" percent="9">
      <mem type="soa" free="70163184" total="797252608" percent="8" />
      <mem type="loa" free="8053760" total="8053760" percent="100" />
    </mem>
    <remembered-set count="122" />
  </mem-info>
</gc-start>
<allocation-stats totalBytes="8229520" >
  <allocated-bytes non-tlh="104" tlh="8229416" />
  <largest-consumer threadName="main" threadId="0000000000016F00" bytes="8221328" />
</allocation-stats>
<gc-op id="3068" type="rs-scan" timems="124.509" contextid="3047" timestamp="2022-02-08T17:23:42.076">
  <scan objectsFound="3324744" bytesTraced="71015600" workStackOverflowCount="0" />
</gc-op>
<gc-op id="3069" type="card-cleaning" timems="0.279" contextid="3047" timestamp="2022-02-08T17:23:42.077">
  <card-cleaning cardsCleaned="4" bytesTraced="1968" workStackOverflowCount="0" />
</gc-op>
<gc-op id="3070" type="mark" timems="33.521" contextid="3047" timestamp="2022-02-08T17:23:42.110">
  <trace-info objectcount="1309325" scancount="983520" scanbytes="21049480" />
  <finalization candidates="428" enqueued="57" />
  <ownableSynchronizers candidates="1" cleared="0" />
  <references type="soft" candidates="894" cleared="0" enqueued="0" dynamicThreshold="12" maxThreshold="32" />
  <references type="weak" candidates="1701" cleared="0" enqueued="0" />
  <references type="phantom" candidates="52" cleared="2" enqueued="2" />
  <stringconstants candidates="6470" cleared="0"  />
  <object-monitors candidates="2" cleared="0"  />
</gc-op>
<gc-op id="3071" type="sweep" timems="4.791" contextid="3047" timestamp="2022-02-08T17:23:42.115" />
<gc-end id="3072" type="global" contextid="3047" durationms="163.509" usertimems="178.218" systemtimems="0.068" stalltimems="100.093" timestamp="2022-02-08T17:23:42.115" activeThreads="4">
  <mem-info id="3073" free="422104248" total="1073741824" percent="39">
    <mem type="nursery" free="100989464" total="268435456" percent="37">
      <mem type="allocate" free="100989464" total="184090624" percent="54" />
      <mem type="survivor" free="0" total="84344832" percent="0" />
    </mem>
    <mem type="tenure" free="321114784" total="805306368" percent="39" micro-fragmented="262401" macro-fragmented="0">
      <mem type="soa" free="313061024" total="797252608" percent="39" />
      <mem type="loa" free="8053760" total="8053760" percent="100" />
    </mem>
    <pending-finalizers system="57" default="0" reference="2" classloader="0" />
    <remembered-set count="109" />
  </mem-info>
</gc-end>
<cycle-end id="3074" type="global" contextid="3047" timestamp="2022-02-08T17:23:42.116" />
<exclusive-end id="3075" timestamp="2022-02-08T17:23:42.116" durationms="163.747" />

<exclusive-start id="3076" timestamp="2022-02-08T17:23:42.803" intervalms="851.427">
  <response-info timems="0.018" idlems="0.018" threads="0" lastid="0000000000016F00" lastname="main" />
</exclusive-start>
<af-start id="3077" threadId="0000000000017908" totalBytesRequested="200" timestamp="2022-02-08T17:23:42.803" intervalms="1067.101" type="nursery" />
<cycle-start id="3078" type="scavenge" contextid="0" timestamp="2022-02-08T17:23:42.803" intervalms="1067.102" />
<gc-start id="3079" type="scavenge" contextid="3078" timestamp="2022-02-08T17:23:42.803">
  <mem-info id="3080" free="321114784" total="1073741824" percent="29">
    <mem type="nursery" free="0" total="268435456" percent="0">
      <mem type="allocate" free="0" total="184090624" percent="0" />
      <mem type="survivor" free="0" total="84344832" percent="0" />
    </mem>
    <mem type="tenure" free="321114784" total="805306368" percent="39">
      <mem type="soa" free="313061024" total="797252608" percent="39" />
      <mem type="loa" free="8053760" total="8053760" percent="100" />
    </mem>
    <remembered-set count="110" />
  </mem-info>
</gc-start>
<allocation-stats totalBytes="100943168" >
  <allocated-bytes non-tlh="0" tlh="100943168" />
  <largest-consumer threadName="main" threadId="0000000000016F00" bytes="100939072" />
</allocation-stats>
<gc-op id="3081" type="scavenge" timems="88.188" contextid="3078" timestamp="2022-02-08T17:23:42.892">
  <scavenger-info tenureage="1" tenuremask="7ffe" tiltratio="68" />
  <memory-copied type="nursery" objects="1407423" bytes="77662864" bytesdiscarded="195064" />
  <memory-copied type="tenure" objects="1419173" bytes="74970264" bytesdiscarded="41640" />
  <finalization candidates="45" enqueued="0" />
  <ownableSynchronizers candidates="2" cleared="2" />
  <object-monitors candidates="2" cleared="0"  />
</gc-op>
<gc-end id="3082" type="scavenge" contextid="3078" durationms="88.435" usertimems="343.348" systemtimems="0.000" stalltimems="3.849" timestamp="2022-02-08T17:23:42.892" activeThreads="4">
  <mem-info id="3083" free="350240432" total="1073741824" percent="32">
    <mem type="nursery" free="104528760" total="268435456" percent="38">
      <mem type="allocate" free="104528760" total="182386688" percent="57" />
      <mem type="survivor" free="0" total="86048768" percent="0" />
    </mem>
    <mem type="tenure" free="245711672" total="805306368" percent="30" macro-fragmented="0">
      <mem type="soa" free="237657912" total="797252608" percent="29" />
      <mem type="loa" free="8053760" total="8053760" percent="100" />
    </mem>
    <remembered-set count="104" />
  </mem-info>
</gc-end>
<cycle-end id="3084" type="scavenge" contextid="3078" timestamp="2022-02-08T17:23:42.892" />
<allocation-satisfied id="3085" threadId="0000000000016F00" bytesRequested="200" />
<af-end id="3086" timestamp="2022-02-08T17:23:42.892" threadId="0000000000017908" success="true" from="nursery"/>
<exclusive-end id="3087" timestamp="2022-02-08T17:23:42.892" durationms="88.713" />

<exclusive-start id="3088" timestamp="2022-02-08T17:23:43.534" intervalms="730.587">
  <response-info timems="0.036" idlems="0.036" threads="0" lastid="0000000000016F00" lastname="main" />
</exclusive-start>
<af-start id="3089" threadId="0000000000017908" totalBytesRequested="160" timestamp="2022-02-08T17:23:43.534" intervalms="730.606" type="nursery" />
<cycle-start id="3090" type="scavenge" contextid="0" timestamp="2022-02-08T17:23:43.534" intervalms="730.610" />
<gc-start id="3091" type="scavenge" contextid="3090" timestamp="2022-02-08T17:23:43.534">
  <mem-info id="3092" free="245711672" total="1073741824" percent="22">
    <mem type="nursery" free="0" total="268435456" percent="0">
      <mem type="allocate" free="0" total="182386688" percent="0" />
      <mem type="survivor" free="0" total="86048768" percent="0" />
    </mem>
    <mem type="tenure" free="245711672" total="805306368" percent="30">
      <mem type="soa" free="237657912" total="797252608" percent="29" />
      <mem type="loa" free="8053760" total="8053760" percent="100" />
    </mem>
    <remembered-set count="104" />
  </mem-info>
</gc-start>
<allocation-stats totalBytes="104480296" >
  <allocated-bytes non-tlh="200" tlh="104480096" />
  <largest-consumer threadName="main" threadId="0000000000016F00" bytes="104480296" />
</allocation-stats>
<gc-op id="3093" type="scavenge" timems="86.836" contextid="3090" timestamp="2022-02-08T17:23:43.621">
  <scavenger-info tenureage="1" tenuremask="7ffe" tiltratio="67" />
  <memory-copied type="nursery" objects="1305585" bytes="74290112" bytesdiscarded="142912" />
  <memory-copied type="tenure" objects="1407422" bytes="77662752" bytesdiscarded="41608" />
  <object-monitors candidates="2" cleared="0"  />
</gc-op>
<gc-end id="3094" type="scavenge" contextid="3090" durationms="87.114" usertimems="339.072" systemtimems="0.000" stalltimems="4.393" timestamp="2022-02-08T17:23:43.621" activeThreads="4">
  <mem-info id="3095" free="276538832" total="1073741824" percent="25">
    <mem type="nursery" free="108346880" total="268435456" percent="40">
      <mem type="allocate" free="108346880" total="182779904" percent="59" />
      <mem type="survivor" free="0" total="85655552" percent="0" />
    </mem>
    <mem type="tenure" free="168191952" total="805306368" percent="20" macro-fragmented="1500163">
      <mem type="soa" free="160138192" total="797252608" percent="20" />
      <mem type="loa" free="8053760" total="8053760" percent="100" />
    </mem>
    <remembered-set count="104" />
  </mem-info>
</gc-end>
<cycle-end id="3096" type="scavenge" contextid="3090" timestamp="2022-02-08T17:23:43.621" />
<allocation-satisfied id="3097" threadId="0000000000016F00" bytesRequested="160" />
<af-end id="3098" timestamp="2022-02-08T17:23:43.621" threadId="0000000000017908" success="true" from="nursery"/>
<exclusive-end id="3099" timestamp="2022-02-08T17:23:43.621" durationms="87.466" />

<exclusive-start id="3100" timestamp="2022-02-08T17:23:44.554" intervalms="1019.682">
  <response-info timems="0.018" idlems="0.018" threads="0" lastid="0000000000016F00" lastname="main" />
</exclusive-start>
<af-start id="3101" threadId="0000000000017908" totalBytesRequested="240" timestamp="2022-02-08T17:23:44.554" intervalms="1019.687" type="nursery" />
<cycle-start id="3102" type="scavenge" contextid="0" timestamp="2022-02-08T17:23:44.554" intervalms="1019.684" />
<gc-start id="3103" type="scavenge" contextid="3102" timestamp="2022-02-08T17:23:44.554">
  <mem-info id="3104" free="168191952" total="1073741824" percent="15">
    <mem type="nursery" free="0" total="268435456" percent="0">
      <mem type="allocate" free="0" total="182779904" percent="0" />
      <mem type="survivor" free="0" total="85655552" percent="0" />
    </mem>
    <mem type="tenure" free="168191952" total="805306368" percent="20">
      <mem type="soa" free="160138192" total="797252608" percent="20" />
      <mem type="loa" free="8053760" total="8053760" percent="100" />
    </mem>
    <remembered-set count="134" />
  </mem-info>
</gc-start>
<allocation-stats totalBytes="108297208" >
  <allocated-bytes non-tlh="3008984" tlh="105288224" />
  <largest-consumer threadName="main" threadId="0000000000016F00" bytes="108297208" />
</allocation-stats>
<gc-op id="3105" type="scavenge" timems="76.332" contextid="3102" timestamp="2022-02-08T17:23:44.630">
  <scavenger-info tenureage="1" tenuremask="7ffe" tiltratio="68" />
  <memory-copied type="nursery" objects="1457884" bytes="76158472" bytesdiscarded="116560" />
  <memory-copied type="tenure" objects="1305584" bytes="74290024" bytesdiscarded="40568" />
  <finalization candidates="110" enqueued="53" />
  <references type="soft" candidates="14" cleared="0" enqueued="0" dynamicThreshold="12" maxThreshold="32" />
  <references type="weak" candidates="1" cleared="0" enqueued="0" />
  <references type="phantom" candidates="95" cleared="7" enqueued="7" />
  <object-monitors candidates="2" cleared="0"  />
</gc-op>
<gc-end id="3106" type="scavenge" contextid="3102" durationms="76.550" usertimems="292.593" systemtimems="4.927" stalltimems="3.386" timestamp="2022-02-08T17:23:44.630" activeThreads="4">
  <mem-info id="3107" free="200634472" total="1073741824" percent="18">
    <mem type="nursery" free="106766888" total="268435456" percent="39">
      <mem type="allocate" free="106766888" total="183042048" percent="58" />
      <mem type="survivor" free="0" total="85393408" percent="0" />
    </mem>
    <mem type="tenure" free="93867584" total="805306368" percent="11" macro-fragmented="47927252">
      <mem type="soa" free="85813824" total="797252608" percent="10" />
      <mem type="loa" free="8053760" total="8053760" percent="100" />
    </mem>
    <pending-finalizers system="52" default="1" reference="7" classloader="0" />
    <remembered-set count="129" />
  </mem-info>
</gc-end>
<cycle-end id="3108" type="scavenge" contextid="3102" timestamp="2022-02-08T17:23:44.630" />
<allocation-satisfied id="3109" threadId="0000000000016F00" bytesRequested="240" />
<af-end id="3110" timestamp="2022-02-08T17:23:44.630" threadId="0000000000017908" success="true" from="nursery"/>
<exclusive-end id="3111" timestamp="2022-02-08T17:23:44.630" durationms="76.868" />

<concurrent-kickoff id="3112" timestamp="2022-02-08T17:23:45.307">
  <kickoff reason="threshold reached" targetBytes="74439227" thresholdFreeBytes="5750663"  remainingFree="5710376" tenureFreeBytes="93867584" nurseryFreeBytes="5710376" />
</concurrent-kickoff>
<exclusive-start id="3113" timestamp="2022-02-08T17:23:45.310" intervalms="756.914">
  <response-info timems="0.020" idlems="0.020" threads="0" lastid="0000000000016F00" lastname="main" />
</exclusive-start>
<cycle-start id="3114" type="global" contextid="0" timestamp="2022-02-08T17:23:45.311" intervalms="3693.428" />
<concurrent-start id="3115" type="global mark" contextid="3114" timestamp="2022-02-08T17:23:45.311">
</concurrent-start>
<exclusive-end id="3116" timestamp="2022-02-08T17:23:45.311" durationms="0.029" />

<exclusive-start id="3117" timestamp="2022-02-08T17:23:45.431" intervalms="120.830">
  <response-info timems="0.019" idlems="0.019" threads="0" lastid="0000000000016F00" lastname="main" />
</exclusive-start>
<af-start id="3118" threadId="0000000000017908" totalBytesRequested="112" timestamp="2022-02-08T17:23:45.431" intervalms="877.720" type="nursery" />
<cycle-start id="3119" type="scavenge" contextid="0" timestamp="2022-02-08T17:23:45.431" intervalms="877.720" />
<gc-start id="3120" type="scavenge" contextid="3119" timestamp="2022-02-08T17:23:45.431">
  <mem-info id="3121" free="93867584" total="1073741824" percent="8">
    <mem type="nursery" free="0" total="268435456" percent="0">
      <mem type="allocate" free="0" total="183042048" percent="0" />
      <mem type="survivor" free="0" total="85393408" percent="0" />
    </mem>
    <mem type="tenure" free="93867584" total="805306368" percent="11">
      <mem type="soa" free="85813824" total="797252608" percent="10" />
      <mem type="loa" free="8053760" total="8053760" percent="100" />
    </mem>
    <remembered-set count="130" />
  </mem-info>
</gc-start>
<allocation-stats totalBytes="106716176" >
  <allocated-bytes non-tlh="240" tlh="106715936" />
  <largest-consumer threadName="main" threadId="0000000000016F00" bytes="106707984" />
</allocation-stats>
<gc-op id="3122" type="scavenge" timems="85.291" contextid="3119" timestamp="2022-02-08T17:23:45.517">
  <scavenger-info tenureage="1" tenuremask="7ffe" tiltratio="68" />
  <memory-copied type="nursery" objects="1368136" bytes="75994824" bytesdiscarded="285376" />
  <memory-copied type="tenure" objects="1457172" bytes="75690488" bytesdiscarded="36088" />
  <finalization candidates="57" enqueued="0" />
  <object-monitors candidates="2" cleared="0"  />
</gc-op>
<gc-end id="3123" type="scavenge" contextid="3119" durationms="85.454" usertimems="338.378" systemtimems="0.000" stalltimems="1.807" timestamp="2022-02-08T17:23:45.517" activeThreads="4">
  <mem-info id="3124" free="125705808" total="1073741824" percent="11">
    <mem type="nursery" free="107417208" total="268435456" percent="40">
      <mem type="allocate" free="107417208" total="183697408" percent="58" />
      <mem type="survivor" free="0" total="84738048" percent="0" />
    </mem>
    <mem type="tenure" free="18288600" total="805306368" percent="2" macro-fragmented="17029135">
      <mem type="soa" free="10234840" total="797252608" percent="1" />
      <mem type="loa" free="8053760" total="8053760" percent="100" />
    </mem>
    <remembered-set count="103" />
  </mem-info>
</gc-end>
<cycle-end id="3125" type="scavenge" contextid="3119" timestamp="2022-02-08T17:23:45.517" />
<allocation-satisfied id="3126" threadId="0000000000016F00" bytesRequested="112" />
<af-end id="3127" timestamp="2022-02-08T17:23:45.517" threadId="0000000000017908" success="true" from="nursery"/>
<exclusive-end id="3128" timestamp="2022-02-08T17:23:45.517" durationms="85.749" />

<concurrent-end id="3129" type="global mark" contextid="3114" timestamp="2022-02-08T17:23:45.651">
<gc-op id="3130" type="trace" timems="340.838" contextid="3114" timestamp="2022-02-08T17:23:45.651">
  <trace bytesTraced="74437772" workStackOverflowCount="0" />
  <card-cleaning reason="card cleaning threshold reached" bytesTraced="1000" cardsCleaned="2" />
</gc-op>
</concurrent-end>

<exclusive-start id="3131" timestamp="2022-02-08T17:23:45.651" intervalms="220.088">
  <response-info timems="0.018" idlems="0.018" threads="0" lastid="0000000000016F00" lastname="main" />
</exclusive-start>
<concurrent-global-final id="3132" timestamp="2022-02-08T17:23:45.651" contextid="3114" intervalms="3699.530" >
  <concurrent-trace-info reason="card cleaning threshold reached" tracedByMutators="59004148" tracedByHelpers="15434624" cardsCleaned="2" workStackOverflowCount="0" />
</concurrent-global-final>
<gc-start id="3133" type="global" contextid="3114" timestamp="2022-02-08T17:23:45.651">
  <mem-info id="3134" free="117874144" total="1073741824" percent="10">
    <mem type="nursery" free="99585544" total="268435456" percent="37">
      <mem type="allocate" free="99585544" total="183697408" percent="54" />
      <mem type="survivor" free="0" total="84738048" percent="0" />
    </mem>
    <mem type="tenure" free="18288600" total="805306368" percent="2">
      <mem type="soa" free="10234840" total="797252608" percent="1" />
      <mem type="loa" free="8053760" total="8053760" percent="100" />
    </mem>
    <remembered-set count="103" />
  </mem-info>
</gc-start>
<allocation-stats totalBytes="7828848" >
  <allocated-bytes non-tlh="112" tlh="7828736" />
  <largest-consumer threadName="main" threadId="0000000000016F00" bytes="7828848" />
</allocation-stats>
<gc-op id="3135" type="rs-scan" timems="0.578" contextid="3114" timestamp="2022-02-08T17:23:45.652">
  <scan objectsFound="0" bytesTraced="3836" workStackOverflowCount="0" />
</gc-op>
<gc-op id="3136" type="card-cleaning" timems="164.574" contextid="3114" timestamp="2022-02-08T17:23:45.817">
  <card-cleaning cardsCleaned="10" bytesTraced="71014692" workStackOverflowCount="0" />
</gc-op>
<gc-op id="3137" type="mark" timems="70.148" contextid="3114" timestamp="2022-02-08T17:23:45.887">
  <trace-info objectcount="2421971" scancount="1818006" scanbytes="38851816" />
  <finalization candidates="428" enqueued="57" />
  <ownableSynchronizers candidates="1" cleared="0" />
  <references type="soft" candidates="894" cleared="0" enqueued="0" dynamicThreshold="12" maxThreshold="32" />
  <references type="weak" candidates="1701" cleared="0" enqueued="0" />
  <references type="phantom" candidates="52" cleared="2" enqueued="2" />
  <stringconstants candidates="6470" cleared="0"  />
  <object-monitors candidates="2" cleared="0"  />
</gc-op>
<gc-op id="3138" type="sweep" timems="5.032" contextid="3114" timestamp="2022-02-08T17:23:45.892" />
<gc-end id="3139" type="global" contextid="3114" durationms="240.534" usertimems="254.263" systemtimems="0.581" stalltimems="210.172" timestamp="2022-02-08T17:23:45.892" activeThreads="4">
  <mem-info id="3140" free="361034080" total="1073741824" percent="33">
    <mem type="nursery" free="99962000" total="268435456" percent="37">
      <mem type="allocate" free="99962000" total="183697408" percent="54" />
      <mem type="survivor" free="0" total="84738048" percent="0" />
    </mem>
    <mem type="tenure" free="261072080" total="805306368" percent="32" micro-fragmented="355833" macro-fragmented="0">
      <mem type="soa" free="253018320" total="797252608" percent="31" />
      <mem type="loa" free="8053760" total="8053760" percent="100" />
    </mem>
    <pending-finalizers system="57" default="0" reference="2" classloader="0" />
    <remembered-set count="103" />
  </mem-info>
</gc-end>
<cycle-end id="3141" type="global" contextid="3114" timestamp="2022-02-08T17:23:45.892" />
<exclusive-end id="3142" timestamp="2022-02-08T17:23:45.892" durationms="240.768" />

<exclusive-start id="3143" timestamp="2022-02-08T17:23:46.500" intervalms="848.543">
  <response-info timems="0.017" idlems="0.017" threads="0" lastid="0000000000016F00" lastname="main" />
</exclusive-start>
<af-start id="3144" threadId="0000000000017908" totalBytesRequested="184" timestamp="2022-02-08T17:23:46.500" intervalms="1068.633" type="nursery" />
<cycle-start id="3145" type="scavenge" contextid="0" timestamp="2022-02-08T17:23:46.500" intervalms="1068.632" />
<gc-start id="3146" type="scavenge" contextid="3145" timestamp="2022-02-08T17:23:46.500">
  <mem-info id="3147" free="261072080" total="1073741824" percent="24">
    <mem type="nursery" free="0" total="268435456" percent="0">
      <mem type="allocate" free="0" total="183697408" percent="0" />
      <mem type="survivor" free="0" total="84738048" percent="0" />
    </mem>
    <mem type="tenure" free="261072080" total="805306368" percent="32">
      <mem type="soa" free="253018320" total="797252608" percent="31" />
      <mem type="loa" free="8053760" total="8053760" percent="100" />
    </mem>
    <remembered-set count="106" />
  </mem-info>
</gc-start>
<allocation-stats totalBytes="99918232" >
  <allocated-bytes non-tlh="0" tlh="99918232" />
  <largest-consumer threadName="main" threadId="0000000000016F00" bytes="99914136" />
</allocation-stats>
<gc-op id="3148" type="scavenge" timems="74.661" contextid="3145" timestamp="2022-02-08T17:23:46.575">
  <scavenger-info tenureage="1" tenuremask="7ffe" tiltratio="68" />
  <memory-copied type="nursery" objects="1359307" bytes="76538288" bytesdiscarded="303288" />
  <memory-copied type="tenure" objects="1368136" bytes="75994824" bytesdiscarded="44392" />
  <ownableSynchronizers candidates="2" cleared="2" />
  <object-monitors candidates="2" cleared="0"  />
</gc-op>
<gc-end id="3149" type="scavenge" contextid="3145" durationms="74.862" usertimems="296.706" systemtimems="0.000" stalltimems="1.158" timestamp="2022-02-08T17:23:46.575" activeThreads="4">
  <mem-info id="3150" free="292059776" total="1073741824" percent="27">
    <mem type="nursery" free="107117976" total="268435456" percent="39">
      <mem type="allocate" free="107117976" total="183959552" percent="58" />
      <mem type="survivor" free="0" total="84475904" percent="0" />
    </mem>
    <mem type="tenure" free="184941800" total="805306368" percent="22" macro-fragmented="0">
      <mem type="soa" free="176888040" total="797252608" percent="22" />
      <mem type="loa" free="8053760" total="8053760" percent="100" />
    </mem>
    <remembered-set count="105" />
  </mem-info>
</gc-end>
<cycle-end id="3151" type="scavenge" contextid="3145" timestamp="2022-02-08T17:23:46.575" />
<allocation-satisfied id="3152" threadId="0000000000016F00" bytesRequested="184" />
<af-end id="3153" timestamp="2022-02-08T17:23:46.575" threadId="0000000000017908" success="true" from="nursery"/>
<exclusive-end id="3154" timestamp="2022-02-08T17:23:46.575" durationms="75.118" />

<exclusive-start id="3155" timestamp="2022-02-08T17:23:47.433" intervalms="933.288">
  <response-info timems="0.018" idlems="0.018" threads="0" lastid="0000000000016F00" lastname="main" />
</exclusive-start>
<af-start id="3156" threadId="0000000000017908" totalBytesRequested="1347680" timestamp="2022-02-08T17:23:47.433" intervalms="933.283" type="nursery" />
<cycle-start id="3157" type="scavenge" contextid="0" timestamp="2022-02-08T17:23:47.433" intervalms="933.283" />
<gc-start id="3158" type="scavenge" contextid="3157" timestamp="2022-02-08T17:23:47.433">
  <mem-info id="3159" free="185891456" total="1073741824" percent="17">
    <mem type="nursery" free="949656" total="268435456" percent="0">
      <mem type="allocate" free="949656" total="183959552" percent="0" />
      <mem type="survivor" free="0" total="84475904" percent="0" />
    </mem>
    <mem type="tenure" free="184941800" total="805306368" percent="22">
      <mem type="soa" free="176888040" total="797252608" percent="22" />
      <mem type="loa" free="8053760" total="8053760" percent="100" />
    </mem>
    <remembered-set count="136" />
  </mem-info>
</gc-start>
<allocation-stats totalBytes="106120792" >
  <allocated-bytes non-tlh="1590752" tlh="104530040" />
  <largest-consumer threadName="main" threadId="0000000000016F00" bytes="106120792" />
</allocation-stats>
<gc-op id="3160" type="scavenge" timems="75.799" contextid="3157" timestamp="2022-02-08T17:23:47.509">
  <scavenger-info tenureage="1" tenuremask="7ffe" tiltratio="68" />
  <memory-copied type="nursery" objects="1425447" bytes="74121224" bytesdiscarded="151640" />
  <memory-copied type="tenure" objects="1359306" bytes="76538184" bytesdiscarded="38600" />
  <finalization candidates="110" enqueued="53" />
  <references type="soft" candidates="14" cleared="0" enqueued="0" dynamicThreshold="10" maxThreshold="32" />
  <references type="weak" candidates="1" cleared="0" enqueued="0" />
  <references type="phantom" candidates="95" cleared="7" enqueued="7" />
  <object-monitors candidates="2" cleared="0"  />
</gc-op>
<gc-end id="3161" type="scavenge" contextid="3157" durationms="75.970" usertimems="289.870" systemtimems="4.509" stalltimems="7.674" timestamp="2022-02-08T17:23:47.509" activeThreads="4">
  <mem-info id="3162" free="218084704" total="1073741824" percent="20">
    <mem type="nursery" free="110079776" total="268435456" percent="41">
      <mem type="allocate" free="110079776" total="184352768" percent="59" />
      <mem type="survivor" free="0" total="84082688" percent="0" />
    </mem>
    <mem type="tenure" free="108004928" total="805306368" percent="13" macro-fragmented="0">
      <mem type="soa" free="99951168" total="797252608" percent="12" />
      <mem type="loa" free="8053760" total="8053760" percent="100" />
    </mem>
    <pending-finalizers system="52" default="1" reference="7" classloader="0" />
    <remembered-set count="132" />
  </mem-info>
</gc-end>
<cycle-end id="3163" type="scavenge" contextid="3157" timestamp="2022-02-08T17:23:47.509" />
<allocation-satisfied id="3164" threadId="0000000000016F00" bytesRequested="1347680" />
<af-end id="3165" timestamp="2022-02-08T17:23:47.510" threadId="0000000000017908" success="true" from="nursery"/>
<exclusive-end id="3166" timestamp="2022-02-08T17:23:47.510" durationms="76.409" />

<concurrent-kickoff id="3167" timestamp="2022-02-08T17:23:48.207">
  <kickoff reason="threshold reached" targetBytes="74439137" thresholdFreeBytes="5746453"  remainingFree="5734080" tenureFreeBytes="108004928" nurseryFreeBytes="5734080" />
</concurrent-kickoff>
<exclusive-start id="3168" timestamp="2022-02-08T17:23:48.210" intervalms="776.638">
  <response-info timems="0.019" idlems="0.019" threads="0" lastid="0000000000016F00" lastname="main" />
</exclusive-start>
<cycle-start id="3169" type="global" contextid="0" timestamp="2022-02-08T17:23:48.210" intervalms="2899.386" />
<concurrent-start id="3170" type="global mark" contextid="3169" timestamp="2022-02-08T17:23:48.210">
</concurrent-start>
<exclusive-end id="3171" timestamp="2022-02-08T17:23:48.210" durationms="0.028" />

<exclusive-start id="3172" timestamp="2022-02-08T17:23:48.333" intervalms="123.139">
  <response-info timems="0.060" idlems="0.060" threads="0" lastid="0000000000016F00" lastname="main" />
</exclusive-start>
<af-start id="3173" threadId="0000000000017908" totalBytesRequested="104" timestamp="2022-02-08T17:23:48.333" intervalms="899.791" type="nursery" />
<cycle-start id="3174" type="scavenge" contextid="0" timestamp="2022-02-08T17:23:48.333" intervalms="899.790" />
<gc-start id="3175" type="scavenge" contextid="3174" timestamp="2022-02-08T17:23:48.333">
  <mem-info id="3176" free="108004928" total="1073741824" percent="10">
    <mem type="nursery" free="0" total="268435456" percent="0">
      <mem type="allocate" free="0" total="184352768" percent="0" />
      <mem type="survivor" free="0" total="84082688" percent="0" />
    </mem>
    <mem type="tenure" free="108004928" total="805306368" percent="13">
      <mem type="soa" free="99951168" total="797252608" percent="12" />
      <mem type="loa" free="8053760" total="8053760" percent="100" />
    </mem>
    <remembered-set count="133" />
  </mem-info>
</gc-start>
<allocation-stats totalBytes="110028488" >
  <allocated-bytes non-tlh="1347680" tlh="108680808" />
  <largest-consumer threadName="main" threadId="0000000000016F00" bytes="110020296" />
</allocation-stats>
<gc-op id="3177" type="scavenge" timems="76.554" contextid="3174" timestamp="2022-02-08T17:23:48.410">
  <scavenger-info tenureage="1" tenuremask="7ffe" tiltratio="68" />
  <memory-copied type="nursery" objects="1398337" bytes="78764248" bytesdiscarded="310408" />
  <memory-copied type="tenure" objects="1424736" bytes="73653368" bytesdiscarded="38656" />
  <finalization candidates="57" enqueued="0" />
  <object-monitors candidates="2" cleared="0"  />
</gc-op>
<gc-end id="3178" type="scavenge" contextid="3174" durationms="76.776" usertimems="302.194" systemtimems="0.501" stalltimems="2.667" timestamp="2022-02-08T17:23:48.410" activeThreads="4">
  <mem-info id="3179" free="135066864" total="1073741824" percent="12">
    <mem type="nursery" free="100428448" total="268435456" percent="37">
      <mem type="allocate" free="100428448" total="179503104" percent="55" />
      <mem type="survivor" free="0" total="88932352" percent="0" />
    </mem>
    <mem type="tenure" free="34638416" total="805306368" percent="4" macro-fragmented="0">
      <mem type="soa" free="26584656" total="797252608" percent="3" />
      <mem type="loa" free="8053760" total="8053760" percent="100" />
    </mem>
    <remembered-set count="99" />
  </mem-info>
</gc-end>
<cycle-end id="3180" type="scavenge" contextid="3174" timestamp="2022-02-08T17:23:48.410" />
<allocation-satisfied id="3181" threadId="0000000000016F00" bytesRequested="104" />
<af-end id="3182" timestamp="2022-02-08T17:23:48.410" threadId="0000000000017908" success="true" from="nursery"/>
<exclusive-end id="3183" timestamp="2022-02-08T17:23:48.410" durationms="77.074" />

<concurrent-end id="3184" type="global mark" contextid="3169" timestamp="2022-02-08T17:23:48.539">
<gc-op id="3185" type="trace" timems="329.294" contextid="3169" timestamp="2022-02-08T17:23:48.539">
  <trace bytesTraced="74437980" workStackOverflowCount="0" />
  <card-cleaning reason="card cleaning threshold reached" bytesTraced="1000" cardsCleaned="2" />
</gc-op>
</concurrent-end>

<exclusive-start id="3186" timestamp="2022-02-08T17:23:48.539" intervalms="206.222">
  <response-info timems="0.017" idlems="0.017" threads="0" lastid="0000000000016F00" lastname="main" />
</exclusive-start>
<concurrent-global-final id="3187" timestamp="2022-02-08T17:23:48.539" contextid="3169" intervalms="2887.829" >
  <concurrent-trace-info reason="card cleaning threshold reached" tracedByMutators="57599624" tracedByHelpers="16839356" cardsCleaned="2" workStackOverflowCount="0" />
</concurrent-global-final>
<gc-start id="3188" type="global" contextid="3169" timestamp="2022-02-08T17:23:48.539">
  <mem-info id="3189" free="127628424" total="1073741824" percent="11">
    <mem type="nursery" free="92990008" total="268435456" percent="34">
      <mem type="allocate" free="92990008" total="179503104" percent="51" />
      <mem type="survivor" free="0" total="88932352" percent="0" />
    </mem>
    <mem type="tenure" free="34638416" total="805306368" percent="4">
      <mem type="soa" free="26584656" total="797252608" percent="3" />
      <mem type="loa" free="8053760" total="8053760" percent="100" />
    </mem>
    <remembered-set count="99" />
  </mem-info>
</gc-start>
<allocation-stats totalBytes="7435408" >
  <allocated-bytes non-tlh="104" tlh="7435304" />
  <largest-consumer threadName="main" threadId="0000000000016F00" bytes="7435408" />
</allocation-stats>
<gc-op id="3190" type="rs-scan" timems="0.533" contextid="3169" timestamp="2022-02-08T17:23:48.540">
  <scan objectsFound="0" bytesTraced="3836" workStackOverflowCount="0" />
</gc-op>
<gc-op id="3191" type="card-cleaning" timems="143.507" contextid="3169" timestamp="2022-02-08T17:23:48.683">
  <card-cleaning cardsCleaned="11" bytesTraced="71014820" workStackOverflowCount="0" />
</gc-op>
<gc-op id="3192" type="mark" timems="57.544" contextid="3169" timestamp="2022-02-08T17:23:48.741">
  <trace-info objectcount="2171191" scancount="1629921" scanbytes="34839336" />
  <finalization candidates="428" enqueued="57" />
  <ownableSynchronizers candidates="1" cleared="0" />
  <references type="soft" candidates="894" cleared="0" enqueued="0" dynamicThreshold="10" maxThreshold="32" />
  <references type="weak" candidates="1701" cleared="0" enqueued="0" />
  <references type="phantom" candidates="52" cleared="2" enqueued="2" />
  <stringconstants candidates="6470" cleared="0"  />
  <object-monitors candidates="2" cleared="0"  />
</gc-op>
<gc-op id="3193" type="sweep" timems="4.879" contextid="3169" timestamp="2022-02-08T17:23:48.746" />
<gc-end id="3194" type="global" contextid="3169" durationms="206.718" usertimems="222.205" systemtimems="0.000" stalltimems="172.072" timestamp="2022-02-08T17:23:48.746" activeThreads="4">
  <mem-info id="3195" free="370895040" total="1073741824" percent="34">
    <mem type="nursery" free="93392536" total="268435456" percent="34">
      <mem type="allocate" free="93392536" total="179503104" percent="52" />
      <mem type="survivor" free="0" total="88932352" percent="0" />
    </mem>
    <mem type="tenure" free="277502504" total="805306368" percent="34" micro-fragmented="361732" macro-fragmented="0">
      <mem type="soa" free="269448744" total="797252608" percent="33" />
      <mem type="loa" free="8053760" total="8053760" percent="100" />
    </mem>
    <pending-finalizers system="57" default="0" reference="2" classloader="0" />
    <remembered-set count="99" />
  </mem-info>
</gc-end>
<cycle-end id="3196" type="global" contextid="3169" timestamp="2022-02-08T17:23:48.746" />
<exclusive-end id="3197" timestamp="2022-02-08T17:23:48.746" durationms="206.980" />

<exclusive-start id="3198" timestamp="2022-02-08T17:23:49.326" intervalms="786.909">
  <response-info timems="0.018" idlems="0.018" threads="0" lastid="0000000000016F00" lastname="main" />
</exclusive-start>
<af-start id="3199" threadId="0000000000017908" totalBytesRequested="200" timestamp="2022-02-08T17:23:49.326" intervalms="993.119" type="nursery" />
<cycle-start id="3200" type="scavenge" contextid="0" timestamp="2022-02-08T17:23:49.326" intervalms="993.120" />
<gc-start id="3201" type="scavenge" contextid="3200" timestamp="2022-02-08T17:23:49.326">
  <mem-info id="3202" free="277502504" total="1073741824" percent="25">
    <mem type="nursery" free="0" total="268435456" percent="0">
      <mem type="allocate" free="0" total="179503104" percent="0" />
      <mem type="survivor" free="0" total="88932352" percent="0" />
    </mem>
    <mem type="tenure" free="277502504" total="805306368" percent="34">
      <mem type="soa" free="269448744" total="797252608" percent="33" />
      <mem type="loa" free="8053760" total="8053760" percent="100" />
    </mem>
    <remembered-set count="102" />
  </mem-info>
</gc-start>
<allocation-stats totalBytes="93348912" >
  <allocated-bytes non-tlh="0" tlh="93348912" />
  <largest-consumer threadName="main" threadId="0000000000016F00" bytes="93344816" />
</allocation-stats>
<gc-op id="3203" type="scavenge" timems="75.023" contextid="3200" timestamp="2022-02-08T17:23:49.401">
  <scavenger-info tenureage="1" tenuremask="7ffe" tiltratio="66" />
  <memory-copied type="nursery" objects="1267975" bytes="71579568" bytesdiscarded="285288" />
  <memory-copied type="tenure" objects="1398337" bytes="78764248" bytesdiscarded="44640" />
  <ownableSynchronizers candidates="2" cleared="2" />
  <object-monitors candidates="2" cleared="0"  />
</gc-op>
<gc-end id="3204" type="scavenge" contextid="3200" durationms="75.223" usertimems="295.768" systemtimems="0.762" stalltimems="2.599" timestamp="2022-02-08T17:23:49.401" activeThreads="4">
  <mem-info id="3205" free="306850600" total="1073741824" percent="28">
    <mem type="nursery" free="108424680" total="268435456" percent="40">
      <mem type="allocate" free="108424680" total="180289536" percent="60" />
      <mem type="survivor" free="0" total="88145920" percent="0" />
    </mem>
    <mem type="tenure" free="198425920" total="805306368" percent="24" macro-fragmented="0">
      <mem type="soa" free="190372160" total="797252608" percent="23" />
      <mem type="loa" free="8053760" total="8053760" percent="100" />
    </mem>
    <remembered-set count="105" />
  </mem-info>
</gc-end>
<cycle-end id="3206" type="scavenge" contextid="3200" timestamp="2022-02-08T17:23:49.402" />
<allocation-satisfied id="3207" threadId="0000000000016F00" bytesRequested="200" />
<af-end id="3208" timestamp="2022-02-08T17:23:49.402" threadId="0000000000017908" success="true" from="nursery"/>
<exclusive-end id="3209" timestamp="2022-02-08T17:23:49.402" durationms="75.474" />

<exclusive-start id="3210" timestamp="2022-02-08T17:23:50.286" intervalms="960.335">
  <response-info timems="0.020" idlems="0.020" threads="0" lastid="0000000000016F00" lastname="main" />
</exclusive-start>
<af-start id="3211" threadId="0000000000017908" totalBytesRequested="192" timestamp="2022-02-08T17:23:50.287" intervalms="960.339" type="nursery" />
<cycle-start id="3212" type="scavenge" contextid="0" timestamp="2022-02-08T17:23:50.287" intervalms="960.340" />
<gc-start id="3213" type="scavenge" contextid="3212" timestamp="2022-02-08T17:23:50.287">
  <mem-info id="3214" free="198425920" total="1073741824" percent="18">
    <mem type="nursery" free="0" total="268435456" percent="0">
      <mem type="allocate" free="0" total="180289536" percent="0" />
      <mem type="survivor" free="0" total="88145920" percent="0" />
    </mem>
    <mem type="tenure" free="198425920" total="805306368" percent="24">
      <mem type="soa" free="190372160" total="797252608" percent="23" />
      <mem type="loa" free="8053760" total="8053760" percent="100" />
    </mem>
    <remembered-set count="136" />
  </mem-info>
</gc-start>
<allocation-stats totalBytes="108379480" >
  <allocated-bytes non-tlh="1661344" tlh="106718136" />
  <largest-consumer threadName="main" threadId="0000000000016F00" bytes="108379480" />
</allocation-stats>
<gc-op id="3215" type="scavenge" timems="75.689" contextid="3212" timestamp="2022-02-08T17:23:50.362">
  <scavenger-info tenureage="1" tenuremask="7ffe" tiltratio="67" />
  <memory-copied type="nursery" objects="1489852" bytes="76322512" bytesdiscarded="101000" />
  <memory-copied type="tenure" objects="1267974" bytes="71579456" bytesdiscarded="38624" />
  <finalization candidates="109" enqueued="53" />
  <references type="soft" candidates="14" cleared="0" enqueued="0" dynamicThreshold="11" maxThreshold="32" />
  <references type="weak" candidates="1" cleared="0" enqueued="0" />
  <references type="phantom" candidates="94" cleared="7" enqueued="7" />
  <object-monitors candidates="2" cleared="0"  />
</gc-op>
<gc-end id="3216" type="scavenge" contextid="3212" durationms="75.886" usertimems="298.573" systemtimems="0.573" stalltimems="2.833" timestamp="2022-02-08T17:23:50.362" activeThreads="4">
  <mem-info id="3217" free="230793376" total="1073741824" percent="21">
    <mem type="nursery" free="103996968" total="268435456" percent="38">
      <mem type="allocate" free="103996968" total="180420608" percent="57" />
      <mem type="survivor" free="0" total="88014848" percent="0" />
    </mem>
    <mem type="tenure" free="126796408" total="805306368" percent="15" macro-fragmented="0">
      <mem type="soa" free="118742648" total="797252608" percent="14" />
      <mem type="loa" free="8053760" total="8053760" percent="100" />
    </mem>
    <pending-finalizers system="52" default="1" reference="7" classloader="0" />
    <remembered-set count="132" />
  </mem-info>
</gc-end>
<cycle-end id="3218" type="scavenge" contextid="3212" timestamp="2022-02-08T17:23:50.363" />
<allocation-satisfied id="3219" threadId="0000000000016F00" bytesRequested="192" />
<af-end id="3220" timestamp="2022-02-08T17:23:50.363" threadId="0000000000017908" success="true" from="nursery"/>
<exclusive-end id="3221" timestamp="2022-02-08T17:23:50.363" durationms="76.171" />

<concurrent-kickoff id="3222" timestamp="2022-02-08T17:23:51.037">
  <kickoff reason="threshold reached" targetBytes="74439107" thresholdFreeBytes="5746509"  remainingFree="5692968" tenureFreeBytes="126796408" nurseryFreeBytes="5692968" />
</concurrent-kickoff>
<exclusive-start id="3223" timestamp="2022-02-08T17:23:51.040" intervalms="753.046">
  <response-info timems="0.018" idlems="0.018" threads="0" lastid="0000000000016F00" lastname="main" />
</exclusive-start>
<cycle-start id="3224" type="global" contextid="0" timestamp="2022-02-08T17:23:51.040" intervalms="2829.651" />
<concurrent-start id="3225" type="global mark" contextid="3224" timestamp="2022-02-08T17:23:51.040">
</concurrent-start>
<exclusive-end id="3226" timestamp="2022-02-08T17:23:51.040" durationms="0.037" />

<exclusive-start id="3227" timestamp="2022-02-08T17:23:51.157" intervalms="117.935">
  <response-info timems="0.018" idlems="0.018" threads="0" lastid="0000000000016F00" lastname="main" />
</exclusive-start>
<af-start id="3228" threadId="0000000000017908" totalBytesRequested="80" timestamp="2022-02-08T17:23:51.158" intervalms="870.976" type="nursery" />
<cycle-start id="3229" type="scavenge" contextid="0" timestamp="2022-02-08T17:23:51.158" intervalms="870.975" />
<gc-start id="3230" type="scavenge" contextid="3229" timestamp="2022-02-08T17:23:51.158">
  <mem-info id="3231" free="126796408" total="1073741824" percent="11">
    <mem type="nursery" free="0" total="268435456" percent="0">
      <mem type="allocate" free="0" total="180420608" percent="0" />
      <mem type="survivor" free="0" total="88014848" percent="0" />
    </mem>
    <mem type="tenure" free="126796408" total="805306368" percent="15">
      <mem type="soa" free="118742648" total="797252608" percent="14" />
      <mem type="loa" free="8053760" total="8053760" percent="100" />
    </mem>
    <remembered-set count="133" />
  </mem-info>
</gc-start>
<allocation-stats totalBytes="103948136" >
  <allocated-bytes non-tlh="1347872" tlh="102600264" />
  <largest-consumer threadName="main" threadId="0000000000016F00" bytes="103939944" />
</allocation-stats>
<gc-op id="3232" type="scavenge" timems="80.285" contextid="3229" timestamp="2022-02-08T17:23:51.238">
  <scavenger-info tenureage="1" tenuremask="7ffe" tiltratio="67" />
  <memory-copied type="nursery" objects="1302950" bytes="74412624" bytesdiscarded="303800" />
  <memory-copied type="tenure" objects="1489132" bytes="75379240" bytesdiscarded="37264" />
  <finalization candidates="57" enqueued="0" />
  <references type="phantom" candidates="1" cleared="0" enqueued="0" />
  <object-monitors candidates="2" cleared="0"  />
</gc-op>
<gc-end id="3233" type="scavenge" contextid="3229" durationms="80.499" usertimems="315.835" systemtimems="0.743" stalltimems="3.418" timestamp="2022-02-08T17:23:51.238" activeThreads="4">
  <mem-info id="3234" free="158358752" total="1073741824" percent="14">
    <mem type="nursery" free="106818296" total="268435456" percent="39">
      <mem type="allocate" free="106818296" total="181534720" percent="58" />
      <mem type="survivor" free="0" total="86900736" percent="0" />
    </mem>
    <mem type="tenure" free="51540456" total="805306368" percent="6" macro-fragmented="23113062">
      <mem type="soa" free="43486696" total="797252608" percent="5" />
      <mem type="loa" free="8053760" total="8053760" percent="100" />
    </mem>
    <remembered-set count="102" />
  </mem-info>
</gc-end>
<cycle-end id="3235" type="scavenge" contextid="3229" timestamp="2022-02-08T17:23:51.238" />
<allocation-satisfied id="3236" threadId="0000000000016F00" bytesRequested="80" />
<af-end id="3237" timestamp="2022-02-08T17:23:51.238" threadId="0000000000017908" success="true" from="nursery"/>
<exclusive-end id="3238" timestamp="2022-02-08T17:23:51.238" durationms="80.768" />

<concurrent-end id="3239" type="global mark" contextid="3224" timestamp="2022-02-08T17:23:51.363">
<gc-op id="3240" type="trace" timems="323.718" contextid="3224" timestamp="2022-02-08T17:23:51.363">
  <trace bytesTraced="74438188" workStackOverflowCount="0" />
  <card-cleaning reason="card cleaning threshold reached" bytesTraced="1000" cardsCleaned="2" />
</gc-op>
</concurrent-end>

<exclusive-start id="3241" timestamp="2022-02-08T17:23:51.363" intervalms="205.857">
  <response-info timems="0.016" idlems="0.016" threads="0" lastid="0000000000016F00" lastname="main" />
</exclusive-start>
<concurrent-global-final id="3242" timestamp="2022-02-08T17:23:51.363" contextid="3224" intervalms="2824.082" >
  <concurrent-trace-info reason="card cleaning threshold reached" tracedByMutators="58920236" tracedByHelpers="15518952" cardsCleaned="2" workStackOverflowCount="0" />
</concurrent-global-final>
<gc-start id="3243" type="global" contextid="3224" timestamp="2022-02-08T17:23:51.363">
  <mem-info id="3244" free="150133904" total="1073741824" percent="13">
    <mem type="nursery" free="98593448" total="268435456" percent="36">
      <mem type="allocate" free="98593448" total="181534720" percent="54" />
      <mem type="survivor" free="0" total="86900736" percent="0" />
    </mem>
    <mem type="tenure" free="51540456" total="805306368" percent="6">
      <mem type="soa" free="43486696" total="797252608" percent="5" />
      <mem type="loa" free="8053760" total="8053760" percent="100" />
    </mem>
    <remembered-set count="102" />
  </mem-info>
</gc-start>
<allocation-stats totalBytes="8220776" >
  <allocated-bytes non-tlh="80" tlh="8220696" />
  <largest-consumer threadName="main" threadId="0000000000016F00" bytes="8220776" />
</allocation-stats>
<gc-op id="3245" type="rs-scan" timems="0.693" contextid="3224" timestamp="2022-02-08T17:23:51.364">
  <scan objectsFound="29" bytesTraced="5268" workStackOverflowCount="0" />
</gc-op>
<gc-op id="3246" type="card-cleaning" timems="157.708" contextid="3224" timestamp="2022-02-08T17:23:51.522">
  <card-cleaning cardsCleaned="9" bytesTraced="71013244" workStackOverflowCount="0" />
</gc-op>
<gc-op id="3247" type="mark" timems="48.742" contextid="3224" timestamp="2022-02-08T17:23:51.571">
  <trace-info objectcount="1801747" scancount="1352838" scanbytes="28928232" />
  <finalization candidates="428" enqueued="57" />
  <ownableSynchronizers candidates="1" cleared="0" />
  <references type="soft" candidates="894" cleared="0" enqueued="0" dynamicThreshold="11" maxThreshold="32" />
  <references type="weak" candidates="1701" cleared="0" enqueued="0" />
  <references type="phantom" candidates="52" cleared="2" enqueued="2" />
  <stringconstants candidates="6470" cleared="0"  />
  <object-monitors candidates="2" cleared="0"  />
</gc-op>
<gc-op id="3248" type="sweep" timems="4.853" contextid="3224" timestamp="2022-02-08T17:23:51.576" />
<gc-end id="3249" type="global" contextid="3224" durationms="212.193" usertimems="227.113" systemtimems="0.140" stalltimems="146.160" timestamp="2022-02-08T17:23:51.576" activeThreads="4">
  <mem-info id="3250" free="393384248" total="1073741824" percent="36">
    <mem type="nursery" free="98990592" total="268435456" percent="36">
      <mem type="allocate" free="98990592" total="181534720" percent="54" />
      <mem type="survivor" free="0" total="86900736" percent="0" />
    </mem>
    <mem type="tenure" free="294393656" total="805306368" percent="36" micro-fragmented="263897" macro-fragmented="0">
      <mem type="soa" free="286339896" total="797252608" percent="35" />
      <mem type="loa" free="8053760" total="8053760" percent="100" />
    </mem>
    <pending-finalizers system="57" default="0" reference="2" classloader="0" />
    <remembered-set count="102" />
  </mem-info>
</gc-end>
<cycle-end id="3251" type="global" contextid="3224" timestamp="2022-02-08T17:23:51.576" />
<exclusive-end id="3252" timestamp="2022-02-08T17:23:51.576" durationms="212.396" />

<exclusive-start id="3253" timestamp="2022-02-08T17:23:52.205" intervalms="841.567">
  <response-info timems="0.018" idlems="0.018" threads="0" lastid="0000000000016F00" lastname="main" />
</exclusive-start>
<af-start id="3254" threadId="0000000000017908" totalBytesRequested="88" timestamp="2022-02-08T17:23:52.205" intervalms="1047.426" type="nursery" />
<cycle-start id="3255" type="scavenge" contextid="0" timestamp="2022-02-08T17:23:52.205" intervalms="1047.425" />
<gc-start id="3256" type="scavenge" contextid="3255" timestamp="2022-02-08T17:23:52.205">
  <mem-info id="3257" free="294393656" total="1073741824" percent="27">
    <mem type="nursery" free="0" total="268435456" percent="0">
      <mem type="allocate" free="0" total="181534720" percent="0" />
      <mem type="survivor" free="0" total="86900736" percent="0" />
    </mem>
    <mem type="tenure" free="294393656" total="805306368" percent="36">
      <mem type="soa" free="286339896" total="797252608" percent="35" />
      <mem type="loa" free="8053760" total="8053760" percent="100" />
    </mem>
    <remembered-set count="105" />
  </mem-info>
</gc-start>
<allocation-stats totalBytes="98944888" >
  <allocated-bytes non-tlh="0" tlh="98944888" />
  <largest-consumer threadName="main" threadId="0000000000016F00" bytes="98940792" />
</allocation-stats>
<gc-op id="3258" type="scavenge" timems="76.659" contextid="3255" timestamp="2022-02-08T17:23:52.282">
  <scavenger-info tenureage="1" tenuremask="7ffe" tiltratio="67" />
  <memory-copied type="nursery" objects="1351983" bytes="76124248" bytesdiscarded="375208" />
  <memory-copied type="tenure" objects="1302949" bytes="74412576" bytesdiscarded="43064" />
  <finalization candidates="1" enqueued="0" />
  <ownableSynchronizers candidates="2" cleared="2" />
  <object-monitors candidates="2" cleared="0"  />
</gc-op>
<gc-end id="3259" type="scavenge" contextid="3255" durationms="76.940" usertimems="297.028" systemtimems="0.000" stalltimems="4.441" timestamp="2022-02-08T17:23:52.282" activeThreads="4">
  <mem-info id="3260" free="325402968" total="1073741824" percent="30">
    <mem type="nursery" free="105559552" total="268435456" percent="39">
      <mem type="allocate" free="105559552" total="182059008" percent="57" />
      <mem type="survivor" free="0" total="86376448" percent="0" />
    </mem>
    <mem type="tenure" free="219843416" total="805306368" percent="27" macro-fragmented="0">
      <mem type="soa" free="211789656" total="797252608" percent="26" />
      <mem type="loa" free="8053760" total="8053760" percent="100" />
    </mem>
    <remembered-set count="105" />
  </mem-info>
</gc-end>
<cycle-end id="3261" type="scavenge" contextid="3255" timestamp="2022-02-08T17:23:52.282" />
<allocation-satisfied id="3262" threadId="0000000000016F00" bytesRequested="88" />
<af-end id="3263" timestamp="2022-02-08T17:23:52.282" threadId="0000000000017908" success="true" from="nursery"/>
<exclusive-end id="3264" timestamp="2022-02-08T17:23:52.282" durationms="77.282" />

<exclusive-start id="3265" timestamp="2022-02-08T17:23:53.107" intervalms="902.429">
  <response-info timems="0.019" idlems="0.019" threads="0" lastid="0000000000016F00" lastname="main" />
</exclusive-start>
<af-start id="3266" threadId="0000000000017908" totalBytesRequested="24" timestamp="2022-02-08T17:23:53.107" intervalms="902.430" type="nursery" />
<cycle-start id="3267" type="scavenge" contextid="0" timestamp="2022-02-08T17:23:53.107" intervalms="902.430" />
<gc-start id="3268" type="scavenge" contextid="3267" timestamp="2022-02-08T17:23:53.107">
  <mem-info id="3269" free="219843416" total="1073741824" percent="20">
    <mem type="nursery" free="0" total="268435456" percent="0">
      <mem type="allocate" free="0" total="182059008" percent="0" />
      <mem type="survivor" free="0" total="86376448" percent="0" />
    </mem>
    <mem type="tenure" free="219843416" total="805306368" percent="27">
      <mem type="soa" free="211789656" total="797252608" percent="26" />
      <mem type="loa" free="8053760" total="8053760" percent="100" />
    </mem>
    <remembered-set count="136" />
  </mem-info>
</gc-start>
<allocation-stats totalBytes="105513960" >
  <allocated-bytes non-tlh="848792" tlh="104665168" />
  <largest-consumer threadName="main" threadId="0000000000016F00" bytes="105513960" />
</allocation-stats>
<gc-op id="3270" type="scavenge" timems="79.510" contextid="3267" timestamp="2022-02-08T17:23:53.187">
  <scavenger-info tenureage="1" tenuremask="7ffe" tiltratio="67" />
  <memory-copied type="nursery" objects="1412827" bytes="74409872" bytesdiscarded="135296" />
  <memory-copied type="tenure" objects="1351982" bytes="76124192" bytesdiscarded="40256" />
  <finalization candidates="70" enqueued="37" />
  <references type="soft" candidates="14" cleared="0" enqueued="0" dynamicThreshold="11" maxThreshold="32" />
  <references type="weak" candidates="1" cleared="0" enqueued="0" />
  <references type="phantom" candidates="55" cleared="7" enqueued="7" />
  <object-monitors candidates="2" cleared="0"  />
</gc-op>
<gc-end id="3271" type="scavenge" contextid="3267" durationms="79.743" usertimems="311.790" systemtimems="0.000" stalltimems="3.994" timestamp="2022-02-08T17:23:53.187" activeThreads="4">
  <mem-info id="3272" free="251881600" total="1073741824" percent="23">
    <mem type="nursery" free="108365680" total="268435456" percent="40">
      <mem type="allocate" free="108365680" total="182910976" percent="59" />
      <mem type="survivor" free="0" total="85524480" percent="0" />
    </mem>
    <mem type="tenure" free="143515920" total="805306368" percent="17" macro-fragmented="0">
      <mem type="soa" free="135462160" total="797252608" percent="16" />
      <mem type="loa" free="8053760" total="8053760" percent="100" />
    </mem>
    <pending-finalizers system="36" default="1" reference="7" classloader="0" />
    <remembered-set count="132" />
  </mem-info>
</gc-end>
<cycle-end id="3273" type="scavenge" contextid="3267" timestamp="2022-02-08T17:23:53.187" />
<allocation-satisfied id="3274" threadId="0000000000016F00" bytesRequested="24" />
<af-end id="3275" timestamp="2022-02-08T17:23:53.187" threadId="0000000000017908" success="true" from="nursery"/>
<exclusive-end id="3276" timestamp="2022-02-08T17:23:53.187" durationms="80.149" />

<concurrent-kickoff id="3277" timestamp="2022-02-08T17:23:53.901">
  <kickoff reason="threshold reached" targetBytes="74439123" thresholdFreeBytes="5746503"  remainingFree="5633296" tenureFreeBytes="143515920" nurseryFreeBytes="5633296" />
</concurrent-kickoff>
<exclusive-start id="3278" timestamp="2022-02-08T17:23:53.904" intervalms="796.254">
  <response-info timems="0.038" idlems="0.038" threads="0" lastid="0000000000016F00" lastname="main" />
</exclusive-start>
<cycle-start id="3279" type="global" contextid="0" timestamp="2022-02-08T17:23:53.904" intervalms="2864.043" />
<concurrent-start id="3280" type="global mark" contextid="3279" timestamp="2022-02-08T17:23:53.904">
</concurrent-start>
<exclusive-end id="3281" timestamp="2022-02-08T17:23:53.904" durationms="0.044" />

<exclusive-start id="3282" timestamp="2022-02-08T17:23:54.061" intervalms="157.472">
  <response-info timems="0.061" idlems="0.061" threads="0" lastid="0000000000016F00" lastname="main" />
</exclusive-start>
<af-start id="3283" threadId="0000000000017908" totalBytesRequested="16" timestamp="2022-02-08T17:23:54.061" intervalms="953.753" type="nursery" />
<cycle-start id="3284" type="scavenge" contextid="0" timestamp="2022-02-08T17:23:54.061" intervalms="953.754" />
<gc-start id="3285" type="scavenge" contextid="3284" timestamp="2022-02-08T17:23:54.061">
  <mem-info id="3286" free="143515920" total="1073741824" percent="13">
    <mem type="nursery" free="0" total="268435456" percent="0">
      <mem type="allocate" free="0" total="182910976" percent="0" />
      <mem type="survivor" free="0" total="85524480" percent="0" />
    </mem>
    <mem type="tenure" free="143515920" total="805306368" percent="17">
      <mem type="soa" free="135462160" total="797252608" percent="16" />
      <mem type="loa" free="8053760" total="8053760" percent="100" />
    </mem>
    <remembered-set count="133" />
  </mem-info>
</gc-start>
<allocation-stats totalBytes="108316176" >
  <allocated-bytes non-tlh="2089568" tlh="106226608" />
  <largest-consumer threadName="main" threadId="0000000000016F00" bytes="108307984" />
</allocation-stats>
<gc-op id="3287" type="scavenge" timems="77.138" contextid="3284" timestamp="2022-02-08T17:23:54.138">
  <scavenger-info tenureage="1" tenuremask="7ffe" tiltratio="68" />
  <memory-copied type="nursery" objects="1378728" bytes="76969912" bytesdiscarded="121584" />
  <memory-copied type="tenure" objects="1412296" bytes="73951688" bytesdiscarded="39504" />
  <finalization candidates="73" enqueued="16" />
  <references type="phantom" candidates="40" cleared="0" enqueued="0" />
  <object-monitors candidates="2" cleared="0"  />
</gc-op>
<gc-end id="3288" type="scavenge" contextid="3284" durationms="77.409" usertimems="305.230" systemtimems="0.000" stalltimems="2.309" timestamp="2022-02-08T17:23:54.139" activeThreads="4">
  <mem-info id="3289" free="175091600" total="1073741824" percent="16">
    <mem type="nursery" free="105491800" total="268435456" percent="39">
      <mem type="allocate" free="105491800" total="182583296" percent="57" />
      <mem type="survivor" free="0" total="85852160" percent="0" />
    </mem>
    <mem type="tenure" free="69599800" total="805306368" percent="8" macro-fragmented="19260884">
      <mem type="soa" free="61546040" total="797252608" percent="7" />
      <mem type="loa" free="8053760" total="8053760" percent="100" />
    </mem>
    <pending-finalizers system="16" default="0" reference="0" classloader="0" />
    <remembered-set count="105" />
  </mem-info>
</gc-end>
<cycle-end id="3290" type="scavenge" contextid="3284" timestamp="2022-02-08T17:23:54.139" />
<allocation-satisfied id="3291" threadId="0000000000016F00" bytesRequested="16" />
<af-end id="3292" timestamp="2022-02-08T17:23:54.139" threadId="0000000000017908" success="true" from="nursery"/>
<exclusive-end id="3293" timestamp="2022-02-08T17:23:54.139" durationms="77.743" />

<concurrent-end id="3294" type="global mark" contextid="3279" timestamp="2022-02-08T17:23:54.255">
<gc-op id="3295" type="trace" timems="351.624" contextid="3279" timestamp="2022-02-08T17:23:54.255">
  <trace bytesTraced="74438460" workStackOverflowCount="0" />
  <card-cleaning reason="card cleaning threshold reached" bytesTraced="1000" cardsCleaned="2" />
</gc-op>
</concurrent-end>

<exclusive-start id="3296" timestamp="2022-02-08T17:23:54.255" intervalms="194.240">
  <response-info timems="0.020" idlems="0.020" threads="0" lastid="0000000000016F00" lastname="main" />
</exclusive-start>
<concurrent-global-final id="3297" timestamp="2022-02-08T17:23:54.255" contextid="3279" intervalms="2891.964" >
  <concurrent-trace-info reason="card cleaning threshold reached" tracedByMutators="48802488" tracedByHelpers="25636972" cardsCleaned="2" workStackOverflowCount="0" />
</concurrent-global-final>
<gc-start id="3298" type="global" contextid="3279" timestamp="2022-02-08T17:23:54.255">
  <mem-info id="3299" free="166469504" total="1073741824" percent="15">
    <mem type="nursery" free="96869704" total="268435456" percent="36">
      <mem type="allocate" free="96869704" total="182583296" percent="53" />
      <mem type="survivor" free="0" total="85852160" percent="0" />
    </mem>
    <mem type="tenure" free="69599800" total="805306368" percent="8">
      <mem type="soa" free="61546040" total="797252608" percent="7" />
      <mem type="loa" free="8053760" total="8053760" percent="100" />
    </mem>
    <remembered-set count="105" />
  </mem-info>
</gc-start>
<allocation-stats totalBytes="8617888" >
  <allocated-bytes non-tlh="16" tlh="8617872" />
  <largest-consumer threadName="main" threadId="0000000000016F00" bytes="8613792" />
</allocation-stats>
<gc-op id="3300" type="rs-scan" timems="0.569" contextid="3279" timestamp="2022-02-08T17:23:54.256">
  <scan objectsFound="29" bytesTraced="5332" workStackOverflowCount="0" />
</gc-op>
<gc-op id="3301" type="card-cleaning" timems="149.411" contextid="3279" timestamp="2022-02-08T17:23:54.405">
  <card-cleaning cardsCleaned="9" bytesTraced="71013244" workStackOverflowCount="0" />
</gc-op>
<gc-op id="3302" type="mark" timems="57.935" contextid="3279" timestamp="2022-02-08T17:23:54.463">
  <trace-info objectcount="1540779" scancount="1157111" scanbytes="24752744" />
  <finalization candidates="428" enqueued="57" />
  <ownableSynchronizers candidates="1" cleared="0" />
  <references type="soft" candidates="894" cleared="0" enqueued="0" dynamicThreshold="11" maxThreshold="32" />
  <references type="weak" candidates="1701" cleared="0" enqueued="0" />
  <references type="phantom" candidates="52" cleared="2" enqueued="2" />
  <stringconstants candidates="6470" cleared="0"  />
  <object-monitors candidates="2" cleared="0"  />
</gc-op>
<gc-op id="3303" type="sweep" timems="4.733" contextid="3279" timestamp="2022-02-08T17:23:54.468" />
<gc-end id="3304" type="global" contextid="3279" durationms="212.844" usertimems="275.743" systemtimems="1.418" stalltimems="123.883" timestamp="2022-02-08T17:23:54.468" activeThreads="4">
  <mem-info id="3305" free="409740112" total="1073741824" percent="38">
    <mem type="nursery" free="97225584" total="268435456" percent="36">
      <mem type="allocate" free="97225584" total="182583296" percent="53" />
      <mem type="survivor" free="0" total="85852160" percent="0" />
    </mem>
    <mem type="tenure" free="312514528" total="805306368" percent="38" micro-fragmented="291116" macro-fragmented="0">
      <mem type="soa" free="304460768" total="797252608" percent="38" />
      <mem type="loa" free="8053760" total="8053760" percent="100" />
    </mem>
    <pending-finalizers system="57" default="0" reference="2" classloader="0" />
    <remembered-set count="105" />
  </mem-info>
</gc-end>
<cycle-end id="3306" type="global" contextid="3279" timestamp="2022-02-08T17:23:54.468" />
<exclusive-end id="3307" timestamp="2022-02-08T17:23:54.468" durationms="213.077" />

<exclusive-start id="3308" timestamp="2022-02-08T17:23:55.082" intervalms="827.160">
  <response-info timems="0.019" idlems="0.019" threads="0" lastid="0000000000016F00" lastname="main" />
</exclusive-start>
<af-start id="3309" threadId="0000000000017908" totalBytesRequested="184" timestamp="2022-02-08T17:23:55.082" intervalms="1021.371" type="nursery" />
<cycle-start id="3310" type="scavenge" contextid="0" timestamp="2022-02-08T17:23:55.083" intervalms="1021.371" />
<gc-start id="3311" type="scavenge" contextid="3310" timestamp="2022-02-08T17:23:55.083">
  <mem-info id="3312" free="312514528" total="1073741824" percent="29">
    <mem type="nursery" free="0" total="268435456" percent="0">
      <mem type="allocate" free="0" total="182583296" percent="0" />
      <mem type="survivor" free="0" total="85852160" percent="0" />
    </mem>
    <mem type="tenure" free="312514528" total="805306368" percent="38">
      <mem type="soa" free="304460768" total="797252608" percent="38" />
      <mem type="loa" free="8053760" total="8053760" percent="100" />
    </mem>
    <remembered-set count="108" />
  </mem-info>
</gc-start>
<allocation-stats totalBytes="97177040" >
  <allocated-bytes non-tlh="0" tlh="97177040" />
  <largest-consumer threadName="main" threadId="0000000000016F00" bytes="97172944" />
</allocation-stats>
<gc-op id="3313" type="scavenge" timems="83.159" contextid="3310" timestamp="2022-02-08T17:23:55.166">
  <scavenger-info tenureage="1" tenuremask="7ffe" tiltratio="68" />
  <memory-copied type="nursery" objects="1351668" bytes="75221448" bytesdiscarded="218640" />
  <memory-copied type="tenure" objects="1378536" bytes="76832312" bytesdiscarded="44040" />
  <finalization candidates="24" enqueued="0" />
  <ownableSynchronizers candidates="2" cleared="2" />
  <object-monitors candidates="2" cleared="0"  />
</gc-op>
<gc-end id="3314" type="scavenge" contextid="3310" durationms="83.427" usertimems="328.097" systemtimems="0.149" stalltimems="3.607" timestamp="2022-02-08T17:23:55.166" activeThreads="4">
  <mem-info id="3315" free="343073928" total="1073741824" percent="31">
    <mem type="nursery" free="107667496" total="268435456" percent="40">
      <mem type="allocate" free="107667496" total="183107584" percent="58" />
      <mem type="survivor" free="0" total="85327872" percent="0" />
    </mem>
    <mem type="tenure" free="235406432" total="805306368" percent="29" macro-fragmented="0">
      <mem type="soa" free="227352672" total="797252608" percent="28" />
      <mem type="loa" free="8053760" total="8053760" percent="100" />
    </mem>
    <remembered-set count="104" />
  </mem-info>
</gc-end>
<cycle-end id="3316" type="scavenge" contextid="3310" timestamp="2022-02-08T17:23:55.166" />
<allocation-satisfied id="3317" threadId="0000000000016F00" bytesRequested="184" />
<af-end id="3318" timestamp="2022-02-08T17:23:55.166" threadId="0000000000017908" success="true" from="nursery"/>
<exclusive-end id="3319" timestamp="2022-02-08T17:23:55.166" durationms="83.715" />

<exclusive-start id="3320" timestamp="2022-02-08T17:23:55.835" intervalms="752.102">
  <response-info timems="0.017" idlems="0.017" threads="0" lastid="0000000000016F00" lastname="main" />
</exclusive-start>
<af-start id="3321" threadId="0000000000017908" totalBytesRequested="184" timestamp="2022-02-08T17:23:55.835" intervalms="752.134" type="nursery" />
<cycle-start id="3322" type="scavenge" contextid="0" timestamp="2022-02-08T17:23:55.835" intervalms="752.140" />
<gc-start id="3323" type="scavenge" contextid="3322" timestamp="2022-02-08T17:23:55.835">
  <mem-info id="3324" free="235406432" total="1073741824" percent="21">
    <mem type="nursery" free="0" total="268435456" percent="0">
      <mem type="allocate" free="0" total="183107584" percent="0" />
      <mem type="survivor" free="0" total="85327872" percent="0" />
    </mem>
    <mem type="tenure" free="235406432" total="805306368" percent="29">
      <mem type="soa" free="227352672" total="797252608" percent="28" />
      <mem type="loa" free="8053760" total="8053760" percent="100" />
    </mem>
    <remembered-set count="104" />
  </mem-info>
</gc-start>
<allocation-stats totalBytes="107618600" >
  <allocated-bytes non-tlh="184" tlh="107618416" />
  <largest-consumer threadName="main" threadId="0000000000016F00" bytes="107618600" />
</allocation-stats>
<gc-op id="3325" type="scavenge" timems="78.044" contextid="3322" timestamp="2022-02-08T17:23:55.913">
  <scavenger-info tenureage="1" tenuremask="7ffe" tiltratio="68" />
  <memory-copied type="nursery" objects="1335705" bytes="76492064" bytesdiscarded="166688" />
  <memory-copied type="tenure" objects="1351667" bytes="75221344" bytesdiscarded="43680" />
  <object-monitors candidates="2" cleared="0"  />
</gc-op>
<gc-end id="3326" type="scavenge" contextid="3322" durationms="78.280" usertimems="308.280" systemtimems="0.207" stalltimems="2.489" timestamp="2022-02-08T17:23:55.913" activeThreads="4">
  <mem-info id="3327" free="267628648" total="1073741824" percent="24">
    <mem type="nursery" free="107497408" total="268435456" percent="40">
      <mem type="allocate" free="107497408" total="184156160" percent="58" />
      <mem type="survivor" free="0" total="84279296" percent="0" />
    </mem>
    <mem type="tenure" free="160131240" total="805306368" percent="19" macro-fragmented="1250136">
      <mem type="soa" free="152077480" total="797252608" percent="19" />
      <mem type="loa" free="8053760" total="8053760" percent="100" />
    </mem>
    <remembered-set count="105" />
  </mem-info>
</gc-end>
<cycle-end id="3328" type="scavenge" contextid="3322" timestamp="2022-02-08T17:23:55.913" />
<allocation-satisfied id="3329" threadId="0000000000016F00" bytesRequested="184" />
<af-end id="3330" timestamp="2022-02-08T17:23:55.913" threadId="0000000000017908" success="true" from="nursery"/>
<exclusive-end id="3331" timestamp="2022-02-08T17:23:55.913" durationms="78.560" />

<concurrent-kickoff id="3332" timestamp="2022-02-08T17:23:56.770">
  <kickoff reason="threshold reached" targetBytes="74439185" thresholdFreeBytes="5746366"  remainingFree="5654464" tenureFreeBytes="160131240" nurseryFreeBytes="5654464" />
</concurrent-kickoff>
<exclusive-start id="3333" timestamp="2022-02-08T17:23:56.773" intervalms="938.281">
  <response-info timems="0.022" idlems="0.022" threads="0" lastid="0000000000016F00" lastname="main" />
</exclusive-start>
<cycle-start id="3334" type="global" contextid="0" timestamp="2022-02-08T17:23:56.773" intervalms="2869.252" />
<concurrent-start id="3335" type="global mark" contextid="3334" timestamp="2022-02-08T17:23:56.773">
</concurrent-start>
<exclusive-end id="3336" timestamp="2022-02-08T17:23:56.773" durationms="0.026" />

<exclusive-start id="3337" timestamp="2022-02-08T17:23:56.891" intervalms="118.146">
  <response-info timems="0.017" idlems="0.017" threads="0" lastid="0000000000016F00" lastname="main" />
</exclusive-start>
<af-start id="3338" threadId="0000000000017908" totalBytesRequested="184" timestamp="2022-02-08T17:23:56.891" intervalms="1056.395" type="nursery" />
<cycle-start id="3339" type="scavenge" contextid="0" timestamp="2022-02-08T17:23:56.891" intervalms="1056.388" />
<gc-start id="3340" type="scavenge" contextid="3339" timestamp="2022-02-08T17:23:56.891">
  <mem-info id="3341" free="160131240" total="1073741824" percent="14">
    <mem type="nursery" free="0" total="268435456" percent="0">
      <mem type="allocate" free="0" total="184156160" percent="0" />
      <mem type="survivor" free="0" total="84279296" percent="0" />
    </mem>
    <mem type="tenure" free="160131240" total="805306368" percent="19">
      <mem type="soa" free="152077480" total="797252608" percent="19" />
      <mem type="loa" free="8053760" total="8053760" percent="100" />
    </mem>
    <remembered-set count="136" />
  </mem-info>
</gc-start>
<allocation-stats totalBytes="107449928" >
  <allocated-bytes non-tlh="2841632" tlh="104608296" />
  <largest-consumer threadName="main" threadId="0000000000016F00" bytes="107449928" />
</allocation-stats>
<gc-op id="3342" type="scavenge" timems="86.985" contextid="3339" timestamp="2022-02-08T17:23:56.978">
  <scavenger-info tenureage="1" tenuremask="7ffe" tiltratio="68" />
  <memory-copied type="nursery" objects="1449129" bytes="75565600" bytesdiscarded="162416" />
  <memory-copied type="tenure" objects="1335704" bytes="76491960" bytesdiscarded="43880" />
  <finalization candidates="110" enqueued="53" />
  <references type="soft" candidates="14" cleared="0" enqueued="0" dynamicThreshold="12" maxThreshold="32" />
  <references type="weak" candidates="1" cleared="0" enqueued="0" />
  <references type="phantom" candidates="95" cleared="7" enqueued="7" />
  <object-monitors candidates="2" cleared="0"  />
</gc-op>
<gc-end id="3343" type="scavenge" contextid="3339" durationms="87.244" usertimems="342.051" systemtimems="0.435" stalltimems="4.456" timestamp="2022-02-08T17:23:56.978" activeThreads="4">
  <mem-info id="3344" free="192467736" total="1073741824" percent="17">
    <mem type="nursery" free="108755696" total="268435456" percent="40">
      <mem type="allocate" free="108755696" total="184483840" percent="58" />
      <mem type="survivor" free="0" total="83951616" percent="0" />
    </mem>
    <mem type="tenure" free="83712040" total="805306368" percent="10" macro-fragmented="0">
      <mem type="soa" free="75658280" total="797252608" percent="9" />
      <mem type="loa" free="8053760" total="8053760" percent="100" />
    </mem>
    <pending-finalizers system="52" default="1" reference="7" classloader="0" />
    <remembered-set count="130" />
  </mem-info>
</gc-end>
<cycle-end id="3345" type="scavenge" contextid="3339" timestamp="2022-02-08T17:23:56.978" />
<allocation-satisfied id="3346" threadId="0000000000016F00" bytesRequested="184" />
<af-end id="3347" timestamp="2022-02-08T17:23:56.978" threadId="0000000000017908" success="true" from="nursery"/>
<exclusive-end id="3348" timestamp="2022-02-08T17:23:56.978" durationms="87.526" />

<concurrent-end id="3349" type="global mark" contextid="3334" timestamp="2022-02-08T17:23:57.114">
<gc-op id="3350" type="trace" timems="341.031" contextid="3334" timestamp="2022-02-08T17:23:57.114">
  <trace bytesTraced="74438636" workStackOverflowCount="0" />
  <card-cleaning reason="card cleaning threshold reached" bytesTraced="1000" cardsCleaned="2" />
</gc-op>
</concurrent-end>

<exclusive-start id="3351" timestamp="2022-02-08T17:23:57.114" intervalms="222.951">
  <response-info timems="0.018" idlems="0.018" threads="0" lastid="0000000000016F00" lastname="main" />
</exclusive-start>
<concurrent-global-final id="3352" timestamp="2022-02-08T17:23:57.114" contextid="3334" intervalms="2858.637" >
  <concurrent-trace-info reason="card cleaning threshold reached" tracedByMutators="56894300" tracedByHelpers="17545336" cardsCleaned="2" workStackOverflowCount="0" />
</concurrent-global-final>
<gc-start id="3353" type="global" contextid="3334" timestamp="2022-02-08T17:23:57.114">
  <mem-info id="3354" free="183710304" total="1073741824" percent="17">
    <mem type="nursery" free="99998264" total="268435456" percent="37">
      <mem type="allocate" free="99998264" total="184483840" percent="54" />
      <mem type="survivor" free="0" total="83951616" percent="0" />
    </mem>
    <mem type="tenure" free="83712040" total="805306368" percent="10">
      <mem type="soa" free="75658280" total="797252608" percent="9" />
      <mem type="loa" free="8053760" total="8053760" percent="100" />
    </mem>
    <remembered-set count="131" />
  </mem-info>
</gc-start>
<allocation-stats totalBytes="8753584" >
  <allocated-bytes non-tlh="184" tlh="8753400" />
  <largest-consumer threadName="main" threadId="0000000000016F00" bytes="8745392" />
</allocation-stats>
<gc-op id="3355" type="rs-scan" timems="127.772" contextid="3334" timestamp="2022-02-08T17:23:57.242">
  <scan objectsFound="3324744" bytesTraced="71015600" workStackOverflowCount="0" />
</gc-op>
<gc-op id="3356" type="card-cleaning" timems="0.287" contextid="3334" timestamp="2022-02-08T17:23:57.242">
  <card-cleaning cardsCleaned="4" bytesTraced="1968" workStackOverflowCount="0" />
</gc-op>
<gc-op id="3357" type="mark" timems="32.663" contextid="3334" timestamp="2022-02-08T17:23:57.275">
  <trace-info objectcount="1229832" scancount="923900" scanbytes="19777608" />
  <finalization candidates="428" enqueued="57" />
  <ownableSynchronizers candidates="1" cleared="0" />
  <references type="soft" candidates="894" cleared="0" enqueued="0" dynamicThreshold="12" maxThreshold="32" />
  <references type="weak" candidates="1701" cleared="0" enqueued="0" />
  <references type="phantom" candidates="52" cleared="2" enqueued="2" />
  <stringconstants candidates="6470" cleared="0"  />
  <object-monitors candidates="2" cleared="0"  />
</gc-op>
<gc-op id="3358" type="sweep" timems="4.497" contextid="3334" timestamp="2022-02-08T17:23:57.279" />
<gc-end id="3359" type="global" contextid="3334" durationms="165.441" usertimems="179.567" systemtimems="0.287" stalltimems="97.408" timestamp="2022-02-08T17:23:57.279" activeThreads="4">
  <mem-info id="3360" free="427303744" total="1073741824" percent="39">
    <mem type="nursery" free="100731440" total="268435456" percent="37">
      <mem type="allocate" free="100731440" total="184483840" percent="54" />
      <mem type="survivor" free="0" total="83951616" percent="0" />
    </mem>
    <mem type="tenure" free="326572304" total="805306368" percent="40" micro-fragmented="268187" macro-fragmented="0">
      <mem type="soa" free="318518544" total="797252608" percent="39" />
      <mem type="loa" free="8053760" total="8053760" percent="100" />
    </mem>
    <pending-finalizers system="57" default="0" reference="2" classloader="0" />
    <remembered-set count="113" />
  </mem-info>
</gc-end>
<cycle-end id="3361" type="global" contextid="3334" timestamp="2022-02-08T17:23:57.280" />
<exclusive-end id="3362" timestamp="2022-02-08T17:23:57.280" durationms="165.634" />

<exclusive-start id="3363" timestamp="2022-02-08T17:23:57.961" intervalms="846.740">
  <response-info timems="0.023" idlems="0.023" threads="0" lastid="0000000000016F00" lastname="main" />
</exclusive-start>
<af-start id="3364" threadId="0000000000017908" totalBytesRequested="240" timestamp="2022-02-08T17:23:57.961" intervalms="1069.693" type="nursery" />
<cycle-start id="3365" type="scavenge" contextid="0" timestamp="2022-02-08T17:23:57.961" intervalms="1069.697" />
<gc-start id="3366" type="scavenge" contextid="3365" timestamp="2022-02-08T17:23:57.961">
  <mem-info id="3367" free="326572304" total="1073741824" percent="30">
    <mem type="nursery" free="0" total="268435456" percent="0">
      <mem type="allocate" free="0" total="184483840" percent="0" />
      <mem type="survivor" free="0" total="83951616" percent="0" />
    </mem>
    <mem type="tenure" free="326572304" total="805306368" percent="40">
      <mem type="soa" free="318518544" total="797252608" percent="39" />
      <mem type="loa" free="8053760" total="8053760" percent="100" />
    </mem>
    <remembered-set count="114" />
  </mem-info>
</gc-start>
<allocation-stats totalBytes="100684888" >
  <allocated-bytes non-tlh="0" tlh="100684888" />
  <largest-consumer threadName="main" threadId="0000000000016F00" bytes="100680792" />
</allocation-stats>
<gc-op id="3368" type="scavenge" timems="79.945" contextid="3365" timestamp="2022-02-08T17:23:58.041">
  <scavenger-info tenureage="1" tenuremask="7ffe" tiltratio="68" />
  <memory-copied type="nursery" objects="1412931" bytes="77865392" bytesdiscarded="165880" />
  <memory-copied type="tenure" objects="1448413" bytes="75097560" bytesdiscarded="45248" />
  <finalization candidates="57" enqueued="0" />
  <ownableSynchronizers candidates="2" cleared="2" />
  <object-monitors candidates="2" cleared="0"  />
</gc-op>
<gc-end id="3369" type="scavenge" contextid="3365" durationms="80.219" usertimems="317.020" systemtimems="0.000" stalltimems="2.056" timestamp="2022-02-08T17:23:58.041" activeThreads="4">
  <mem-info id="3370" free="355373232" total="1073741824" percent="33">
    <mem type="nursery" free="104355416" total="268435456" percent="38">
      <mem type="allocate" free="104355416" total="182386688" percent="57" />
      <mem type="survivor" free="0" total="86048768" percent="0" />
    </mem>
    <mem type="tenure" free="251017816" total="805306368" percent="31" macro-fragmented="0">
      <mem type="soa" free="242964056" total="797252608" percent="30" />
      <mem type="loa" free="8053760" total="8053760" percent="100" />
    </mem>
    <remembered-set count="104" />
  </mem-info>
</gc-end>
<cycle-end id="3371" type="scavenge" contextid="3365" timestamp="2022-02-08T17:23:58.041" />
<allocation-satisfied id="3372" threadId="0000000000016F00" bytesRequested="240" />
<af-end id="3373" timestamp="2022-02-08T17:23:58.041" threadId="0000000000017908" success="true" from="nursery"/>
<exclusive-end id="3374" timestamp="2022-02-08T17:23:58.041" durationms="80.505" />

<exclusive-start id="3375" timestamp="2022-02-08T17:23:58.662" intervalms="701.522">
  <response-info timems="0.018" idlems="0.018" threads="0" lastid="0000000000016F00" lastname="main" />
</exclusive-start>
<af-start id="3376" threadId="0000000000017908" totalBytesRequested="1232" timestamp="2022-02-08T17:23:58.662" intervalms="701.521" type="nursery" />
<cycle-start id="3377" type="scavenge" contextid="0" timestamp="2022-02-08T17:23:58.662" intervalms="701.517" />
<gc-start id="3378" type="scavenge" contextid="3377" timestamp="2022-02-08T17:23:58.662">
  <mem-info id="3379" free="251017816" total="1073741824" percent="23">
    <mem type="nursery" free="0" total="268435456" percent="0">
      <mem type="allocate" free="0" total="182386688" percent="0" />
      <mem type="survivor" free="0" total="86048768" percent="0" />
    </mem>
    <mem type="tenure" free="251017816" total="805306368" percent="31">
      <mem type="soa" free="242964056" total="797252608" percent="30" />
      <mem type="loa" free="8053760" total="8053760" percent="100" />
    </mem>
    <remembered-set count="104" />
  </mem-info>
</gc-start>
<allocation-stats totalBytes="104305760" >
  <allocated-bytes non-tlh="240" tlh="104305520" />
  <largest-consumer threadName="main" threadId="0000000000016F00" bytes="104305760" />
</allocation-stats>
<gc-op id="3380" type="scavenge" timems="78.262" contextid="3377" timestamp="2022-02-08T17:23:58.741">
  <scavenger-info tenureage="1" tenuremask="7ffe" tiltratio="67" />
  <memory-copied type="nursery" objects="1304865" bytes="74165552" bytesdiscarded="128320" />
  <memory-copied type="tenure" objects="1412930" bytes="77865264" bytesdiscarded="45144" />
  <object-monitors candidates="2" cleared="0"  />
</gc-op>
<gc-end id="3381" type="scavenge" contextid="3377" durationms="78.502" usertimems="307.659" systemtimems="0.734" stalltimems="3.582" timestamp="2022-02-08T17:23:58.741" activeThreads="4">
  <mem-info id="3382" free="281725568" total="1073741824" percent="26">
    <mem type="nursery" free="108420496" total="268435456" percent="40">
      <mem type="allocate" free="108420496" total="182714368" percent="59" />
      <mem type="survivor" free="0" total="85721088" percent="0" />
    </mem>
    <mem type="tenure" free="173305072" total="805306368" percent="21" macro-fragmented="0">
      <mem type="soa" free="165251312" total="797252608" percent="20" />
      <mem type="loa" free="8053760" total="8053760" percent="100" />
    </mem>
    <remembered-set count="104" />
  </mem-info>
</gc-end>
<cycle-end id="3383" type="scavenge" contextid="3377" timestamp="2022-02-08T17:23:58.741" />
<allocation-satisfied id="3384" threadId="0000000000016F00" bytesRequested="1232" />
<af-end id="3385" timestamp="2022-02-08T17:23:58.741" threadId="0000000000017908" success="true" from="nursery"/>
<exclusive-end id="3386" timestamp="2022-02-08T17:23:58.741" durationms="78.782" />

<exclusive-start id="3387" timestamp="2022-02-08T17:23:59.624" intervalms="962.220">
  <response-info timems="0.033" idlems="0.033" threads="0" lastid="0000000000016F00" lastname="main" />
</exclusive-start>
<af-start id="3388" threadId="0000000000017908" totalBytesRequested="224" timestamp="2022-02-08T17:23:59.624" intervalms="962.244" type="nursery" />
<cycle-start id="3389" type="scavenge" contextid="0" timestamp="2022-02-08T17:23:59.625" intervalms="962.255" />
<gc-start id="3390" type="scavenge" contextid="3389" timestamp="2022-02-08T17:23:59.625">
  <mem-info id="3391" free="173305072" total="1073741824" percent="16">
    <mem type="nursery" free="0" total="268435456" percent="0">
      <mem type="allocate" free="0" total="182714368" percent="0" />
      <mem type="survivor" free="0" total="85721088" percent="0" />
    </mem>
    <mem type="tenure" free="173305072" total="805306368" percent="21">
      <mem type="soa" free="165251312" total="797252608" percent="20" />
      <mem type="loa" free="8053760" total="8053760" percent="100" />
    </mem>
    <remembered-set count="134" />
  </mem-info>
</gc-start>
<allocation-stats totalBytes="108370992" >
  <allocated-bytes non-tlh="3010056" tlh="105360936" />
  <largest-consumer threadName="main" threadId="0000000000016F00" bytes="108370992" />
</allocation-stats>
<gc-op id="3392" type="scavenge" timems="80.520" contextid="3389" timestamp="2022-02-08T17:23:59.705">
  <scavenger-info tenureage="1" tenuremask="7ffe" tiltratio="68" />
  <memory-copied type="nursery" objects="1443880" bytes="76155592" bytesdiscarded="174872" />
  <memory-copied type="tenure" objects="1304864" bytes="74164928" bytesdiscarded="40600" />
  <finalization candidates="110" enqueued="53" />
  <references type="soft" candidates="14" cleared="0" enqueued="0" dynamicThreshold="12" maxThreshold="32" />
  <references type="weak" candidates="1" cleared="0" enqueued="0" />
  <references type="phantom" candidates="95" cleared="7" enqueued="7" />
  <object-monitors candidates="2" cleared="0"  />
</gc-op>
<gc-end id="3393" type="scavenge" contextid="3389" durationms="80.696" usertimems="318.092" systemtimems="0.000" stalltimems="3.161" timestamp="2022-02-08T17:23:59.705" activeThreads="4">
  <mem-info id="3394" free="205699576" total="1073741824" percent="19">
    <mem type="nursery" free="106645920" total="268435456" percent="39">
      <mem type="allocate" free="106645920" total="182976512" percent="58" />
      <mem type="survivor" free="0" total="85458944" percent="0" />
    </mem>
    <mem type="tenure" free="99053656" total="805306368" percent="12" macro-fragmented="47927252">
      <mem type="soa" free="90999896" total="797252608" percent="11" />
      <mem type="loa" free="8053760" total="8053760" percent="100" />
    </mem>
    <pending-finalizers system="52" default="1" reference="7" classloader="0" />
    <remembered-set count="129" />
  </mem-info>
</gc-end>
<cycle-end id="3395" type="scavenge" contextid="3389" timestamp="2022-02-08T17:23:59.705" />
<allocation-satisfied id="3396" threadId="0000000000016F00" bytesRequested="224" />
<af-end id="3397" timestamp="2022-02-08T17:23:59.705" threadId="0000000000017908" success="true" from="nursery"/>
<exclusive-end id="3398" timestamp="2022-02-08T17:23:59.705" durationms="81.000" />

<concurrent-kickoff id="3399" timestamp="2022-02-08T17:24:00.399">
  <kickoff reason="threshold reached" targetBytes="74439272" thresholdFreeBytes="5746290"  remainingFree="5720480" tenureFreeBytes="99053656" nurseryFreeBytes="5720480" />
</concurrent-kickoff>
<exclusive-start id="3400" timestamp="2022-02-08T17:24:00.401" intervalms="777.098">
  <response-info timems="0.019" idlems="0.019" threads="0" lastid="0000000000016F00" lastname="main" />
</exclusive-start>
<cycle-start id="3401" type="global" contextid="0" timestamp="2022-02-08T17:24:00.402" intervalms="3628.678" />
<concurrent-start id="3402" type="global mark" contextid="3401" timestamp="2022-02-08T17:24:00.402">
</concurrent-start>
<exclusive-end id="3403" timestamp="2022-02-08T17:24:00.402" durationms="0.027" />

<exclusive-start id="3404" timestamp="2022-02-08T17:24:00.542" intervalms="140.318">
  <response-info timems="0.034" idlems="0.034" threads="0" lastid="0000000000016F00" lastname="main" />
</exclusive-start>
<af-start id="3405" threadId="0000000000017908" totalBytesRequested="24" timestamp="2022-02-08T17:24:00.542" intervalms="917.402" type="nursery" />
<cycle-start id="3406" type="scavenge" contextid="0" timestamp="2022-02-08T17:24:00.542" intervalms="917.392" />
<gc-start id="3407" type="scavenge" contextid="3406" timestamp="2022-02-08T17:24:00.542">
  <mem-info id="3408" free="99053656" total="1073741824" percent="9">
    <mem type="nursery" free="0" total="268435456" percent="0">
      <mem type="allocate" free="0" total="182976512" percent="0" />
      <mem type="survivor" free="0" total="85458944" percent="0" />
    </mem>
    <mem type="tenure" free="99053656" total="805306368" percent="12">
      <mem type="soa" free="90999896" total="797252608" percent="11" />
      <mem type="loa" free="8053760" total="8053760" percent="100" />
    </mem>
    <remembered-set count="130" />
  </mem-info>
</gc-start>
<allocation-stats totalBytes="106594016" >
  <allocated-bytes non-tlh="224" tlh="106593792" />
  <largest-consumer threadName="main" threadId="0000000000016F00" bytes="106585824" />
</allocation-stats>
<gc-op id="3409" type="scavenge" timems="94.866" contextid="3406" timestamp="2022-02-08T17:24:00.637">
  <scavenger-info tenureage="1" tenuremask="7ffe" tiltratio="68" />
  <memory-copied type="nursery" objects="1383025" bytes="75973752" bytesdiscarded="218320" />
  <memory-copied type="tenure" objects="1443168" bytes="75687616" bytesdiscarded="37048" />
  <finalization candidates="57" enqueued="0" />
  <object-monitors candidates="2" cleared="0"  />
</gc-op>
<gc-end id="3410" type="scavenge" contextid="3406" durationms="94.985" usertimems="374.607" systemtimems="1.100" stalltimems="2.582" timestamp="2022-02-08T17:24:00.637" activeThreads="4">
  <mem-info id="3411" free="130915160" total="1073741824" percent="12">
    <mem type="nursery" free="107439800" total="268435456" percent="40">
      <mem type="allocate" free="107439800" total="183631872" percent="58" />
      <mem type="survivor" free="0" total="84803584" percent="0" />
    </mem>
    <mem type="tenure" free="23475360" total="805306368" percent="2" macro-fragmented="21116129">
      <mem type="soa" free="15421600" total="797252608" percent="1" />
      <mem type="loa" free="8053760" total="8053760" percent="100" />
    </mem>
    <remembered-set count="103" />
  </mem-info>
</gc-end>
<cycle-end id="3412" type="scavenge" contextid="3406" timestamp="2022-02-08T17:24:00.637" />
<allocation-satisfied id="3413" threadId="0000000000016F00" bytesRequested="24" />
<af-end id="3414" timestamp="2022-02-08T17:24:00.637" threadId="0000000000017908" success="true" from="nursery"/>
<exclusive-end id="3415" timestamp="2022-02-08T17:24:00.637" durationms="95.253" />

<concurrent-end id="3416" type="global mark" contextid="3401" timestamp="2022-02-08T17:24:00.759">
<gc-op id="3417" type="trace" timems="357.411" contextid="3401" timestamp="2022-02-08T17:24:00.759">
  <trace bytesTraced="74438844" workStackOverflowCount="0" />
  <card-cleaning reason="card cleaning threshold reached" bytesTraced="1000" cardsCleaned="2" />
</gc-op>
</concurrent-end>

<exclusive-start id="3418" timestamp="2022-02-08T17:24:00.759" intervalms="217.164">
  <response-info timems="0.020" idlems="0.020" threads="0" lastid="0000000000016F00" lastname="main" />
</exclusive-start>
<concurrent-global-final id="3419" timestamp="2022-02-08T17:24:00.759" contextid="3401" intervalms="3645.075" >
  <concurrent-trace-info reason="card cleaning threshold reached" tracedByMutators="56378864" tracedByHelpers="18060980" cardsCleaned="2" workStackOverflowCount="0" />
</concurrent-global-final>
<gc-start id="3420" type="global" contextid="3401" timestamp="2022-02-08T17:24:00.759">
  <mem-info id="3421" free="122690368" total="1073741824" percent="11">
    <mem type="nursery" free="99215008" total="268435456" percent="36">
      <mem type="allocate" free="99215008" total="183631872" percent="54" />
      <mem type="survivor" free="0" total="84803584" percent="0" />
    </mem>
    <mem type="tenure" free="23475360" total="805306368" percent="2">
      <mem type="soa" free="15421600" total="797252608" percent="1" />
      <mem type="loa" free="8053760" total="8053760" percent="100" />
    </mem>
    <remembered-set count="103" />
  </mem-info>
</gc-start>
<allocation-stats totalBytes="8221256" >
  <allocated-bytes non-tlh="24" tlh="8221232" />
  <largest-consumer threadName="main" threadId="0000000000016F00" bytes="8221256" />
</allocation-stats>
<gc-op id="3422" type="rs-scan" timems="0.557" contextid="3401" timestamp="2022-02-08T17:24:00.760">
  <scan objectsFound="0" bytesTraced="3868" workStackOverflowCount="0" />
</gc-op>
<gc-op id="3423" type="card-cleaning" timems="149.475" contextid="3401" timestamp="2022-02-08T17:24:00.909">
  <card-cleaning cardsCleaned="10" bytesTraced="71014692" workStackOverflowCount="0" />
</gc-op>
<gc-op id="3424" type="mark" timems="63.997" contextid="3401" timestamp="2022-02-08T17:24:00.973">
  <trace-info objectcount="2329509" scancount="1748659" scanbytes="37372424" />
  <finalization candidates="428" enqueued="57" />
  <ownableSynchronizers candidates="1" cleared="0" />
  <references type="soft" candidates="894" cleared="0" enqueued="0" dynamicThreshold="12" maxThreshold="32" />
  <references type="weak" candidates="1701" cleared="0" enqueued="0" />
  <references type="phantom" candidates="52" cleared="2" enqueued="2" />
  <stringconstants candidates="6470" cleared="0"  />
  <object-monitors candidates="2" cleared="0"  />
</gc-op>
<gc-op id="3425" type="sweep" timems="5.694" contextid="3401" timestamp="2022-02-08T17:24:00.979" />
<gc-end id="3426" type="global" contextid="3401" durationms="219.944" usertimems="237.924" systemtimems="0.000" stalltimems="191.122" timestamp="2022-02-08T17:24:00.979" activeThreads="4">
  <mem-info id="3427" free="365859032" total="1073741824" percent="34">
    <mem type="nursery" free="99530344" total="268435456" percent="37">
      <mem type="allocate" free="99530344" total="183631872" percent="54" />
      <mem type="survivor" free="0" total="84803584" percent="0" />
    </mem>
    <mem type="tenure" free="266328688" total="805306368" percent="33" micro-fragmented="304241" macro-fragmented="0">
      <mem type="soa" free="258274928" total="797252608" percent="32" />
      <mem type="loa" free="8053760" total="8053760" percent="100" />
    </mem>
    <pending-finalizers system="57" default="0" reference="2" classloader="0" />
    <remembered-set count="103" />
  </mem-info>
</gc-end>
<cycle-end id="3428" type="global" contextid="3401" timestamp="2022-02-08T17:24:00.979" />
<exclusive-end id="3429" timestamp="2022-02-08T17:24:00.979" durationms="220.191" />

<exclusive-start id="3430" timestamp="2022-02-08T17:24:01.577" intervalms="818.244">
  <response-info timems="0.022" idlems="0.022" threads="0" lastid="0000000000016F00" lastname="main" />
</exclusive-start>
<af-start id="3431" threadId="0000000000017908" totalBytesRequested="16" timestamp="2022-02-08T17:24:01.577" intervalms="1035.428" type="nursery" />
<cycle-start id="3432" type="scavenge" contextid="0" timestamp="2022-02-08T17:24:01.577" intervalms="1035.433" />
<gc-start id="3433" type="scavenge" contextid="3432" timestamp="2022-02-08T17:24:01.577">
  <mem-info id="3434" free="266328688" total="1073741824" percent="24">
    <mem type="nursery" free="0" total="268435456" percent="0">
      <mem type="allocate" free="0" total="183631872" percent="0" />
      <mem type="survivor" free="0" total="84803584" percent="0" />
    </mem>
    <mem type="tenure" free="266328688" total="805306368" percent="33">
      <mem type="soa" free="258274928" total="797252608" percent="32" />
      <mem type="loa" free="8053760" total="8053760" percent="100" />
    </mem>
    <remembered-set count="106" />
  </mem-info>
</gc-start>
<allocation-stats totalBytes="99484720" >
  <allocated-bytes non-tlh="0" tlh="99484720" />
  <largest-consumer threadName="main" threadId="0000000000016F00" bytes="99480624" />
</allocation-stats>
<gc-op id="3435" type="scavenge" timems="77.932" contextid="3432" timestamp="2022-02-08T17:24:01.655">
  <scavenger-info tenureage="1" tenuremask="7ffe" tiltratio="68" />
  <memory-copied type="nursery" objects="1342820" bytes="76446312" bytesdiscarded="251824" />
  <memory-copied type="tenure" objects="1383025" bytes="75973752" bytesdiscarded="41296" />
  <ownableSynchronizers candidates="2" cleared="2" />
  <object-monitors candidates="2" cleared="0"  />
</gc-op>
<gc-end id="3436" type="scavenge" contextid="3432" durationms="78.193" usertimems="308.091" systemtimems="0.000" stalltimems="2.778" timestamp="2022-02-08T17:24:01.656" activeThreads="4">
  <mem-info id="3437" free="297271912" total="1073741824" percent="27">
    <mem type="nursery" free="107261416" total="268435456" percent="39">
      <mem type="allocate" free="107261416" total="183959552" percent="58" />
      <mem type="survivor" free="0" total="84475904" percent="0" />
    </mem>
    <mem type="tenure" free="190010496" total="805306368" percent="23" macro-fragmented="0">
      <mem type="soa" free="181956736" total="797252608" percent="22" />
      <mem type="loa" free="8053760" total="8053760" percent="100" />
    </mem>
    <remembered-set count="104" />
  </mem-info>
</gc-end>
<cycle-end id="3438" type="scavenge" contextid="3432" timestamp="2022-02-08T17:24:01.656" />
<allocation-satisfied id="3439" threadId="0000000000016F00" bytesRequested="16" />
<af-end id="3440" timestamp="2022-02-08T17:24:01.656" threadId="0000000000017908" success="true" from="nursery"/>
<exclusive-end id="3441" timestamp="2022-02-08T17:24:01.656" durationms="78.510" />

<exclusive-start id="3442" timestamp="2022-02-08T17:24:02.580" intervalms="1003.158">
  <response-info timems="0.024" idlems="0.024" threads="0" lastid="0000000000016F00" lastname="main" />
</exclusive-start>
<af-start id="3443" threadId="0000000000017908" totalBytesRequested="240" timestamp="2022-02-08T17:24:02.580" intervalms="1003.131" type="nursery" />
<cycle-start id="3444" type="scavenge" contextid="0" timestamp="2022-02-08T17:24:02.580" intervalms="1003.127" />
<gc-start id="3445" type="scavenge" contextid="3444" timestamp="2022-02-08T17:24:02.580">
  <mem-info id="3446" free="190010496" total="1073741824" percent="17">
    <mem type="nursery" free="0" total="268435456" percent="0">
      <mem type="allocate" free="0" total="183959552" percent="0" />
      <mem type="survivor" free="0" total="84475904" percent="0" />
    </mem>
    <mem type="tenure" free="190010496" total="805306368" percent="23">
      <mem type="soa" free="181956736" total="797252608" percent="22" />
      <mem type="loa" free="8053760" total="8053760" percent="100" />
    </mem>
    <remembered-set count="135" />
  </mem-info>
</gc-start>
<allocation-stats totalBytes="107216272" >
  <allocated-bytes non-tlh="1590584" tlh="105625688" />
  <largest-consumer threadName="main" threadId="0000000000016F00" bytes="107216272" />
</allocation-stats>
<gc-op id="3447" type="scavenge" timems="97.315" contextid="3444" timestamp="2022-02-08T17:24:02.678">
  <scavenger-info tenureage="1" tenuremask="7ffe" tiltratio="68" />
  <memory-copied type="nursery" objects="1457397" bytes="75466920" bytesdiscarded="61168" />
  <memory-copied type="tenure" objects="1342820" bytes="76446312" bytesdiscarded="35712" />
  <finalization candidates="109" enqueued="53" />
  <references type="soft" candidates="14" cleared="0" enqueued="0" dynamicThreshold="10" maxThreshold="32" />
  <references type="weak" candidates="1" cleared="0" enqueued="0" />
  <references type="phantom" candidates="94" cleared="7" enqueued="7" />
  <object-monitors candidates="2" cleared="0"  />
</gc-op>
<gc-end id="3448" type="scavenge" contextid="3444" durationms="97.506" usertimems="381.138" systemtimems="0.232" stalltimems="2.917" timestamp="2022-02-08T17:24:02.678" activeThreads="4">
  <mem-info id="3449" free="222433960" total="1073741824" percent="20">
    <mem type="nursery" free="108824552" total="268435456" percent="40">
      <mem type="allocate" free="108824552" total="184352768" percent="59" />
      <mem type="survivor" free="0" total="84082688" percent="0" />
    </mem>
    <mem type="tenure" free="113609408" total="805306368" percent="14" macro-fragmented="0">
      <mem type="soa" free="105555648" total="797252608" percent="13" />
      <mem type="loa" free="8053760" total="8053760" percent="100" />
    </mem>
    <pending-finalizers system="52" default="1" reference="7" classloader="0" />
    <remembered-set count="131" />
  </mem-info>
</gc-end>
<cycle-end id="3450" type="scavenge" contextid="3444" timestamp="2022-02-08T17:24:02.678" />
<allocation-satisfied id="3451" threadId="0000000000016F00" bytesRequested="240" />
<af-end id="3452" timestamp="2022-02-08T17:24:02.678" threadId="0000000000017908" success="true" from="nursery"/>
<exclusive-end id="3453" timestamp="2022-02-08T17:24:02.678" durationms="97.759" />

<concurrent-kickoff id="3454" timestamp="2022-02-08T17:24:03.366">
  <kickoff reason="threshold reached" targetBytes="74439386" thresholdFreeBytes="5746373"  remainingFree="5658264" tenureFreeBytes="113609408" nurseryFreeBytes="5658264" />
</concurrent-kickoff>
<exclusive-start id="3455" timestamp="2022-02-08T17:24:03.369" intervalms="788.353">
  <response-info timems="0.018" idlems="0.018" threads="0" lastid="0000000000016F00" lastname="main" />
</exclusive-start>
<cycle-start id="3456" type="global" contextid="0" timestamp="2022-02-08T17:24:03.369" intervalms="2967.236" />
<concurrent-start id="3457" type="global mark" contextid="3456" timestamp="2022-02-08T17:24:03.369">
</concurrent-start>
<exclusive-end id="3458" timestamp="2022-02-08T17:24:03.369" durationms="0.026" />

<exclusive-start id="3459" timestamp="2022-02-08T17:24:03.503" intervalms="134.283">
  <response-info timems="0.036" idlems="0.036" threads="0" lastid="0000000000016F00" lastname="main" />
</exclusive-start>
<af-start id="3460" threadId="0000000000017908" totalBytesRequested="192" timestamp="2022-02-08T17:24:03.503" intervalms="922.644" type="nursery" />
<cycle-start id="3461" type="scavenge" contextid="0" timestamp="2022-02-08T17:24:03.503" intervalms="922.642" />
<gc-start id="3462" type="scavenge" contextid="3461" timestamp="2022-02-08T17:24:03.503">
  <mem-info id="3463" free="113609408" total="1073741824" percent="10">
    <mem type="nursery" free="0" total="268435456" percent="0">
      <mem type="allocate" free="0" total="184352768" percent="0" />
      <mem type="survivor" free="0" total="84082688" percent="0" />
    </mem>
    <mem type="tenure" free="113609408" total="805306368" percent="14">
      <mem type="soa" free="105555648" total="797252608" percent="13" />
      <mem type="loa" free="8053760" total="8053760" percent="100" />
    </mem>
    <remembered-set count="132" />
  </mem-info>
</gc-start>
<allocation-stats totalBytes="108771064" >
  <allocated-bytes non-tlh="1347920" tlh="107423144" />
  <largest-consumer threadName="main" threadId="0000000000016F00" bytes="108762872" />
</allocation-stats>
<gc-op id="3464" type="scavenge" timems="76.540" contextid="3461" timestamp="2022-02-08T17:24:03.580">
  <scavenger-info tenureage="1" tenuremask="7ffe" tiltratio="68" />
  <memory-copied type="nursery" objects="1384362" bytes="77884000" bytesdiscarded="308312" />
  <memory-copied type="tenure" objects="1456677" bytes="74523624" bytesdiscarded="41656" />
  <finalization candidates="57" enqueued="0" />
  <references type="phantom" candidates="1" cleared="0" enqueued="0" />
  <object-monitors candidates="2" cleared="0"  />
</gc-op>
<gc-end id="3465" type="scavenge" contextid="3461" durationms="76.766" usertimems="303.149" systemtimems="0.000" stalltimems="2.313" timestamp="2022-02-08T17:24:03.580" activeThreads="4">
  <mem-info id="3466" free="143158296" total="1073741824" percent="13">
    <mem type="nursery" free="103997768" total="268435456" percent="38">
      <mem type="allocate" free="103997768" total="182190080" percent="57" />
      <mem type="survivor" free="0" total="86245376" percent="0" />
    </mem>
    <mem type="tenure" free="39160528" total="805306368" percent="4" macro-fragmented="0">
      <mem type="soa" free="31106768" total="797252608" percent="3" />
      <mem type="loa" free="8053760" total="8053760" percent="100" />
    </mem>
    <remembered-set count="102" />
  </mem-info>
</gc-end>
<cycle-end id="3467" type="scavenge" contextid="3461" timestamp="2022-02-08T17:24:03.580" />
<allocation-satisfied id="3468" threadId="0000000000016F00" bytesRequested="192" />
<af-end id="3469" timestamp="2022-02-08T17:24:03.580" threadId="0000000000017908" success="true" from="nursery"/>
<exclusive-end id="3470" timestamp="2022-02-08T17:24:03.580" durationms="77.046" />

<concurrent-end id="3471" type="global mark" contextid="3456" timestamp="2022-02-08T17:24:03.695">
<gc-op id="3472" type="trace" timems="325.954" contextid="3456" timestamp="2022-02-08T17:24:03.695">
  <trace bytesTraced="74438956" workStackOverflowCount="0" />
  <card-cleaning reason="card cleaning threshold reached" bytesTraced="1000" cardsCleaned="2" />
</gc-op>
</concurrent-end>

<exclusive-start id="3473" timestamp="2022-02-08T17:24:03.695" intervalms="191.736">
  <response-info timems="0.017" idlems="0.017" threads="0" lastid="0000000000016F00" lastname="main" />
</exclusive-start>
<concurrent-global-final id="3474" timestamp="2022-02-08T17:24:03.695" contextid="3456" intervalms="2935.763" >
  <concurrent-trace-info reason="card cleaning threshold reached" tracedByMutators="57910124" tracedByHelpers="16529832" cardsCleaned="2" workStackOverflowCount="0" />
</concurrent-global-final>
<gc-start id="3475" type="global" contextid="3456" timestamp="2022-02-08T17:24:03.695">
  <mem-info id="3476" free="135457624" total="1073741824" percent="12">
    <mem type="nursery" free="96297096" total="268435456" percent="35">
      <mem type="allocate" free="96297096" total="182190080" percent="52" />
      <mem type="survivor" free="0" total="86245376" percent="0" />
    </mem>
    <mem type="tenure" free="39160528" total="805306368" percent="4">
      <mem type="soa" free="31106768" total="797252608" percent="3" />
      <mem type="loa" free="8053760" total="8053760" percent="100" />
    </mem>
    <remembered-set count="102" />
  </mem-info>
</gc-start>
<allocation-stats totalBytes="7696872" >
  <allocated-bytes non-tlh="192" tlh="7696680" />
  <largest-consumer threadName="main" threadId="0000000000016F00" bytes="7696872" />
</allocation-stats>
<gc-op id="3477" type="rs-scan" timems="0.562" contextid="3456" timestamp="2022-02-08T17:24:03.695">
  <scan objectsFound="29" bytesTraced="5268" workStackOverflowCount="0" />
</gc-op>
<gc-op id="3478" type="card-cleaning" timems="146.905" contextid="3456" timestamp="2022-02-08T17:24:03.842">
  <card-cleaning cardsCleaned="9" bytesTraced="71013308" workStackOverflowCount="0" />
</gc-op>
<gc-op id="3479" type="mark" timems="62.775" contextid="3456" timestamp="2022-02-08T17:24:03.905">
  <trace-info objectcount="2072079" scancount="1555587" scanbytes="33253544" />
  <finalization candidates="428" enqueued="57" />
  <ownableSynchronizers candidates="1" cleared="0" />
  <references type="soft" candidates="894" cleared="0" enqueued="0" dynamicThreshold="10" maxThreshold="32" />
  <references type="weak" candidates="1701" cleared="0" enqueued="0" />
  <references type="phantom" candidates="52" cleared="2" enqueued="2" />
  <stringconstants candidates="6470" cleared="0"  />
  <object-monitors candidates="2" cleared="0"  />
</gc-op>
<gc-op id="3480" type="sweep" timems="4.840" contextid="3456" timestamp="2022-02-08T17:24:03.910" />
<gc-end id="3481" type="global" contextid="3456" durationms="215.320" usertimems="266.673" systemtimems="0.000" stalltimems="151.874" timestamp="2022-02-08T17:24:03.910" activeThreads="4">
  <mem-info id="3482" free="378707720" total="1073741824" percent="35">
    <mem type="nursery" free="96696568" total="268435456" percent="36">
      <mem type="allocate" free="96696568" total="182190080" percent="53" />
      <mem type="survivor" free="0" total="86245376" percent="0" />
    </mem>
    <mem type="tenure" free="282011152" total="805306368" percent="35" micro-fragmented="235228" macro-fragmented="0">
      <mem type="soa" free="273957392" total="797252608" percent="34" />
      <mem type="loa" free="8053760" total="8053760" percent="100" />
    </mem>
    <pending-finalizers system="57" default="0" reference="2" classloader="0" />
    <remembered-set count="102" />
  </mem-info>
</gc-end>
<cycle-end id="3483" type="global" contextid="3456" timestamp="2022-02-08T17:24:03.910" />
<exclusive-end id="3484" timestamp="2022-02-08T17:24:03.910" durationms="215.583" />

<exclusive-start id="3485" timestamp="2022-02-08T17:24:04.508" intervalms="812.848">
  <response-info timems="0.017" idlems="0.017" threads="0" lastid="0000000000016F00" lastname="main" />
</exclusive-start>
<af-start id="3486" threadId="0000000000017908" totalBytesRequested="104" timestamp="2022-02-08T17:24:04.508" intervalms="1004.571" type="nursery" />
<cycle-start id="3487" type="scavenge" contextid="0" timestamp="2022-02-08T17:24:04.508" intervalms="1004.571" />
<gc-start id="3488" type="scavenge" contextid="3487" timestamp="2022-02-08T17:24:04.508">
  <mem-info id="3489" free="282011152" total="1073741824" percent="26">
    <mem type="nursery" free="0" total="268435456" percent="0">
      <mem type="allocate" free="0" total="182190080" percent="0" />
      <mem type="survivor" free="0" total="86245376" percent="0" />
    </mem>
    <mem type="tenure" free="282011152" total="805306368" percent="35">
      <mem type="soa" free="273957392" total="797252608" percent="34" />
      <mem type="loa" free="8053760" total="8053760" percent="100" />
    </mem>
    <remembered-set count="105" />
  </mem-info>
</gc-start>
<allocation-stats totalBytes="96651712" >
  <allocated-bytes non-tlh="0" tlh="96651712" />
  <largest-consumer threadName="main" threadId="0000000000016F00" bytes="96647616" />
</allocation-stats>
<gc-op id="3490" type="scavenge" timems="73.546" contextid="3487" timestamp="2022-02-08T17:24:04.581">
  <scavenger-info tenureage="1" tenuremask="7ffe" tiltratio="67" />
  <memory-copied type="nursery" objects="1305350" bytes="74087096" bytesdiscarded="188088" />
  <memory-copied type="tenure" objects="1384361" bytes="77883896" bytesdiscarded="46848" />
  <finalization candidates="1" enqueued="0" />
  <ownableSynchronizers candidates="2" cleared="2" />
  <object-monitors candidates="2" cleared="0"  />
</gc-op>
<gc-end id="3491" type="scavenge" contextid="3487" durationms="73.772" usertimems="290.911" systemtimems="0.026" stalltimems="2.706" timestamp="2022-02-08T17:24:04.581" activeThreads="4">
  <mem-info id="3492" free="312210712" total="1073741824" percent="29">
    <mem type="nursery" free="108373648" total="268435456" percent="40">
      <mem type="allocate" free="108373648" total="182648832" percent="59" />
      <mem type="survivor" free="0" total="85786624" percent="0" />
    </mem>
    <mem type="tenure" free="203837064" total="805306368" percent="25" macro-fragmented="0">
      <mem type="soa" free="195783304" total="797252608" percent="24" />
      <mem type="loa" free="8053760" total="8053760" percent="100" />
    </mem>
    <remembered-set count="105" />
  </mem-info>
</gc-end>
<cycle-end id="3493" type="scavenge" contextid="3487" timestamp="2022-02-08T17:24:04.582" />
<allocation-satisfied id="3494" threadId="0000000000016F00" bytesRequested="104" />
<af-end id="3495" timestamp="2022-02-08T17:24:04.582" threadId="0000000000017908" success="true" from="nursery"/>
<exclusive-end id="3496" timestamp="2022-02-08T17:24:04.582" durationms="74.068" />

<exclusive-start id="3497" timestamp="2022-02-08T17:24:05.453" intervalms="945.327">
  <response-info timems="0.016" idlems="0.016" threads="0" lastid="0000000000016F00" lastname="main" />
</exclusive-start>
<af-start id="3498" threadId="0000000000017908" totalBytesRequested="216" timestamp="2022-02-08T17:24:05.453" intervalms="945.330" type="nursery" />
<cycle-start id="3499" type="scavenge" contextid="0" timestamp="2022-02-08T17:24:05.453" intervalms="945.330" />
<gc-start id="3500" type="scavenge" contextid="3499" timestamp="2022-02-08T17:24:05.453">
  <mem-info id="3501" free="203837064" total="1073741824" percent="18">
    <mem type="nursery" free="0" total="268435456" percent="0">
      <mem type="allocate" free="0" total="182648832" percent="0" />
      <mem type="survivor" free="0" total="85786624" percent="0" />
    </mem>
    <mem type="tenure" free="203837064" total="805306368" percent="25">
      <mem type="soa" free="195783304" total="797252608" percent="24" />
      <mem type="loa" free="8053760" total="8053760" percent="100" />
    </mem>
    <remembered-set count="136" />
  </mem-info>
</gc-start>
<allocation-stats totalBytes="108328272" >
  <allocated-bytes non-tlh="1590672" tlh="106737600" />
  <largest-consumer threadName="main" threadId="0000000000016F00" bytes="108328272" />
</allocation-stats>
<gc-op id="3502" type="scavenge" timems="75.445" contextid="3499" timestamp="2022-02-08T17:24:05.529">
  <scavenger-info tenureage="1" tenuremask="7ffe" tiltratio="68" />
  <memory-copied type="nursery" objects="1493316" bytes="76293760" bytesdiscarded="93544" />
  <memory-copied type="tenure" objects="1305350" bytes="74087096" bytesdiscarded="39704" />
  <finalization candidates="109" enqueued="53" />
  <references type="soft" candidates="14" cleared="0" enqueued="0" dynamicThreshold="11" maxThreshold="32" />
  <references type="weak" candidates="1" cleared="0" enqueued="0" />
  <references type="phantom" candidates="94" cleared="7" enqueued="7" />
  <object-monitors candidates="2" cleared="0"  />
</gc-op>
<gc-end id="3503" type="scavenge" contextid="3499" durationms="75.612" usertimems="298.392" systemtimems="0.000" stalltimems="2.520" timestamp="2022-02-08T17:24:05.529" activeThreads="4">
  <mem-info id="3504" free="236269920" total="1073741824" percent="22">
    <mem type="nursery" free="106458008" total="268435456" percent="39">
      <mem type="allocate" free="106458008" total="182845440" percent="58" />
      <mem type="survivor" free="0" total="85590016" percent="0" />
    </mem>
    <mem type="tenure" free="129811912" total="805306368" percent="16" macro-fragmented="0">
      <mem type="soa" free="121758152" total="797252608" percent="15" />
      <mem type="loa" free="8053760" total="8053760" percent="100" />
    </mem>
    <pending-finalizers system="52" default="1" reference="7" classloader="0" />
    <remembered-set count="132" />
  </mem-info>
</gc-end>
<cycle-end id="3505" type="scavenge" contextid="3499" timestamp="2022-02-08T17:24:05.529" />
<allocation-satisfied id="3506" threadId="0000000000016F00" bytesRequested="216" />
<af-end id="3507" timestamp="2022-02-08T17:24:05.529" threadId="0000000000017908" success="true" from="nursery"/>
<exclusive-end id="3508" timestamp="2022-02-08T17:24:05.529" durationms="75.884" />

<concurrent-kickoff id="3509" timestamp="2022-02-08T17:24:06.194">
  <kickoff reason="threshold reached" targetBytes="74439498" thresholdFreeBytes="5746305"  remainingFree="5729176" tenureFreeBytes="129811912" nurseryFreeBytes="5729176" />
</concurrent-kickoff>
<exclusive-start id="3510" timestamp="2022-02-08T17:24:06.198" intervalms="744.844">
  <response-info timems="0.018" idlems="0.018" threads="0" lastid="0000000000016F00" lastname="main" />
</exclusive-start>
<cycle-start id="3511" type="global" contextid="0" timestamp="2022-02-08T17:24:06.198" intervalms="2829.042" />
<concurrent-start id="3512" type="global mark" contextid="3511" timestamp="2022-02-08T17:24:06.198">
</concurrent-start>
<exclusive-end id="3513" timestamp="2022-02-08T17:24:06.198" durationms="0.029" />

<exclusive-start id="3514" timestamp="2022-02-08T17:24:06.319" intervalms="121.111">
  <response-info timems="0.038" idlems="0.038" threads="0" lastid="0000000000016F00" lastname="main" />
</exclusive-start>
<af-start id="3515" threadId="0000000000017908" totalBytesRequested="104" timestamp="2022-02-08T17:24:06.319" intervalms="865.965" type="nursery" />
<cycle-start id="3516" type="scavenge" contextid="0" timestamp="2022-02-08T17:24:06.319" intervalms="865.966" />
<gc-start id="3517" type="scavenge" contextid="3516" timestamp="2022-02-08T17:24:06.319">
  <mem-info id="3518" free="129811912" total="1073741824" percent="12">
    <mem type="nursery" free="0" total="268435456" percent="0">
      <mem type="allocate" free="0" total="182845440" percent="0" />
      <mem type="survivor" free="0" total="85590016" percent="0" />
    </mem>
    <mem type="tenure" free="129811912" total="805306368" percent="16">
      <mem type="soa" free="121758152" total="797252608" percent="15" />
      <mem type="loa" free="8053760" total="8053760" percent="100" />
    </mem>
    <remembered-set count="133" />
  </mem-info>
</gc-start>
<allocation-stats totalBytes="106407856" >
  <allocated-bytes non-tlh="1347896" tlh="105059960" />
  <largest-consumer threadName="main" threadId="0000000000016F00" bytes="106399664" />
</allocation-stats>
<gc-op id="3519" type="scavenge" timems="76.613" contextid="3516" timestamp="2022-02-08T17:24:06.396">
  <scavenger-info tenureage="1" tenuremask="7ffe" tiltratio="68" />
  <memory-copied type="nursery" objects="1328529" bytes="76150048" bytesdiscarded="334144" />
  <memory-copied type="tenure" objects="1492596" bytes="75350472" bytesdiscarded="38504" />
  <finalization candidates="57" enqueued="0" />
  <references type="phantom" candidates="1" cleared="0" enqueued="0" />
  <object-monitors candidates="2" cleared="0"  />
</gc-op>
<gc-end id="3520" type="scavenge" contextid="3516" durationms="76.871" usertimems="302.612" systemtimems="0.000" stalltimems="2.643" timestamp="2022-02-08T17:24:06.396" activeThreads="4">
  <mem-info id="3521" free="161386984" total="1073741824" percent="15">
    <mem type="nursery" free="106951072" total="268435456" percent="39">
      <mem type="allocate" free="106951072" total="183435264" percent="58" />
      <mem type="survivor" free="0" total="85000192" percent="0" />
    </mem>
    <mem type="tenure" free="54435912" total="805306368" percent="6" macro-fragmented="0">
      <mem type="soa" free="46382152" total="797252608" percent="5" />
      <mem type="loa" free="8053760" total="8053760" percent="100" />
    </mem>
    <remembered-set count="102" />
  </mem-info>
</gc-end>
<cycle-end id="3522" type="scavenge" contextid="3516" timestamp="2022-02-08T17:24:06.396" />
<allocation-satisfied id="3523" threadId="0000000000016F00" bytesRequested="104" />
<af-end id="3524" timestamp="2022-02-08T17:24:06.396" threadId="0000000000017908" success="true" from="nursery"/>
<exclusive-end id="3525" timestamp="2022-02-08T17:24:06.396" durationms="77.152" />

<concurrent-end id="3526" type="global mark" contextid="3511" timestamp="2022-02-08T17:24:06.529">
<gc-op id="3527" type="trace" timems="331.580" contextid="3511" timestamp="2022-02-08T17:24:06.529">
  <trace bytesTraced="74439228" workStackOverflowCount="0" />
  <card-cleaning reason="card cleaning threshold reached" bytesTraced="1000" cardsCleaned="2" />
</gc-op>
</concurrent-end>

<exclusive-start id="3528" timestamp="2022-02-08T17:24:06.529" intervalms="210.536">
  <response-info timems="0.016" idlems="0.016" threads="0" lastid="0000000000016F00" lastname="main" />
</exclusive-start>
<concurrent-global-final id="3529" timestamp="2022-02-08T17:24:06.529" contextid="3511" intervalms="2834.664" >
  <concurrent-trace-info reason="card cleaning threshold reached" tracedByMutators="59690580" tracedByHelpers="14749648" cardsCleaned="2" workStackOverflowCount="0" />
</concurrent-global-final>
<gc-start id="3530" type="global" contextid="3511" timestamp="2022-02-08T17:24:06.530">
  <mem-info id="3531" free="153162112" total="1073741824" percent="14">
    <mem type="nursery" free="98726200" total="268435456" percent="36">
      <mem type="allocate" free="98726200" total="183435264" percent="53" />
      <mem type="survivor" free="0" total="85000192" percent="0" />
    </mem>
    <mem type="tenure" free="54435912" total="805306368" percent="6">
      <mem type="soa" free="46382152" total="797252608" percent="5" />
      <mem type="loa" free="8053760" total="8053760" percent="100" />
    </mem>
    <remembered-set count="102" />
  </mem-info>
</gc-start>
<allocation-stats totalBytes="8220656" >
  <allocated-bytes non-tlh="104" tlh="8220552" />
  <largest-consumer threadName="main" threadId="0000000000016F00" bytes="8220656" />
</allocation-stats>
<gc-op id="3532" type="rs-scan" timems="0.572" contextid="3511" timestamp="2022-02-08T17:24:06.530">
  <scan objectsFound="29" bytesTraced="5268" workStackOverflowCount="0" />
</gc-op>
<gc-op id="3533" type="card-cleaning" timems="145.192" contextid="3511" timestamp="2022-02-08T17:24:06.675">
  <card-cleaning cardsCleaned="9" bytesTraced="71013244" workStackOverflowCount="0" />
</gc-op>
<gc-op id="3534" type="mark" timems="54.733" contextid="3511" timestamp="2022-02-08T17:24:06.730">
  <trace-info objectcount="1779014" scancount="1335788" scanbytes="28564520" />
  <finalization candidates="428" enqueued="57" />
  <ownableSynchronizers candidates="1" cleared="0" />
  <references type="soft" candidates="894" cleared="0" enqueued="0" dynamicThreshold="11" maxThreshold="32" />
  <references type="weak" candidates="1701" cleared="0" enqueued="0" />
  <references type="phantom" candidates="52" cleared="2" enqueued="2" />
  <stringconstants candidates="6470" cleared="0"  />
  <object-monitors candidates="2" cleared="0"  />
</gc-op>
<gc-op id="3535" type="sweep" timems="4.859" contextid="3511" timestamp="2022-02-08T17:24:06.735" />
<gc-end id="3536" type="global" contextid="3511" durationms="205.575" usertimems="220.319" systemtimems="0.000" stalltimems="163.917" timestamp="2022-02-08T17:24:06.735" activeThreads="4">
  <mem-info id="3537" free="396449856" total="1073741824" percent="36">
    <mem type="nursery" free="99156256" total="268435456" percent="36">
      <mem type="allocate" free="99156256" total="183435264" percent="54" />
      <mem type="survivor" free="0" total="85000192" percent="0" />
    </mem>
    <mem type="tenure" free="297293600" total="805306368" percent="36" micro-fragmented="322818" macro-fragmented="0">
      <mem type="soa" free="289239840" total="797252608" percent="36" />
      <mem type="loa" free="8053760" total="8053760" percent="100" />
    </mem>
    <pending-finalizers system="57" default="0" reference="2" classloader="0" />
    <remembered-set count="102" />
  </mem-info>
</gc-end>
<cycle-end id="3538" type="global" contextid="3511" timestamp="2022-02-08T17:24:06.735" />
<exclusive-end id="3539" timestamp="2022-02-08T17:24:06.735" durationms="205.819" />

<exclusive-start id="3540" timestamp="2022-02-08T17:24:07.373" intervalms="843.967">
  <response-info timems="0.018" idlems="0.018" threads="0" lastid="0000000000016F00" lastname="main" />
</exclusive-start>
<af-start id="3541" threadId="0000000000017908" totalBytesRequested="56" timestamp="2022-02-08T17:24:07.373" intervalms="1054.492" type="nursery" />
<cycle-start id="3542" type="scavenge" contextid="0" timestamp="2022-02-08T17:24:07.373" intervalms="1054.491" />
<gc-start id="3543" type="scavenge" contextid="3542" timestamp="2022-02-08T17:24:07.373">
  <mem-info id="3544" free="297293600" total="1073741824" percent="27">
    <mem type="nursery" free="0" total="268435456" percent="0">
      <mem type="allocate" free="0" total="183435264" percent="0" />
      <mem type="survivor" free="0" total="85000192" percent="0" />
    </mem>
    <mem type="tenure" free="297293600" total="805306368" percent="36">
      <mem type="soa" free="289239840" total="797252608" percent="36" />
      <mem type="loa" free="8053760" total="8053760" percent="100" />
    </mem>
    <remembered-set count="105" />
  </mem-info>
</gc-start>
<allocation-stats totalBytes="99109056" >
  <allocated-bytes non-tlh="0" tlh="99109056" />
  <largest-consumer threadName="main" threadId="0000000000016F00" bytes="99104408" />
</allocation-stats>
<gc-op id="3545" type="scavenge" timems="76.539" contextid="3542" timestamp="2022-02-08T17:24:07.450">
  <scavenger-info tenureage="1" tenuremask="7ffe" tiltratio="68" />
  <memory-copied type="nursery" objects="1354418" bytes="76242048" bytesdiscarded="432088" />
  <memory-copied type="tenure" objects="1328529" bytes="76150048" bytesdiscarded="43496" />
  <finalization candidates="1" enqueued="0" />
  <ownableSynchronizers candidates="2" cleared="2" />
  <object-monitors candidates="2" cleared="0"  />
</gc-op>
<gc-end id="3546" type="scavenge" contextid="3542" durationms="76.746" usertimems="301.219" systemtimems="0.371" stalltimems="3.661" timestamp="2022-02-08T17:24:07.450" activeThreads="4">
  <mem-info id="3547" free="328256152" total="1073741824" percent="30">
    <mem type="nursery" free="107285416" total="268435456" percent="39">
      <mem type="allocate" free="107285416" total="183959552" percent="58" />
      <mem type="survivor" free="0" total="84475904" percent="0" />
    </mem>
    <mem type="tenure" free="220970736" total="805306368" percent="27" macro-fragmented="0">
      <mem type="soa" free="212916976" total="797252608" percent="26" />
      <mem type="loa" free="8053760" total="8053760" percent="100" />
    </mem>
    <remembered-set count="105" />
  </mem-info>
</gc-end>
<cycle-end id="3548" type="scavenge" contextid="3542" timestamp="2022-02-08T17:24:07.450" />
<allocation-satisfied id="3549" threadId="0000000000016F00" bytesRequested="56" />
<af-end id="3550" timestamp="2022-02-08T17:24:07.450" threadId="0000000000017908" success="true" from="nursery"/>
<exclusive-end id="3551" timestamp="2022-02-08T17:24:07.450" durationms="76.987" />

<exclusive-start id="3552" timestamp="2022-02-08T17:24:08.262" intervalms="888.453">
  <response-info timems="0.052" idlems="0.052" threads="0" lastid="0000000000016F00" lastname="main" />
</exclusive-start>
<af-start id="3553" threadId="0000000000017908" totalBytesRequested="48" timestamp="2022-02-08T17:24:08.262" intervalms="888.456" type="nursery" />
<cycle-start id="3554" type="scavenge" contextid="0" timestamp="2022-02-08T17:24:08.262" intervalms="888.457" />
<gc-start id="3555" type="scavenge" contextid="3554" timestamp="2022-02-08T17:24:08.262">
  <mem-info id="3556" free="220970736" total="1073741824" percent="20">
    <mem type="nursery" free="0" total="268435456" percent="0">
      <mem type="allocate" free="0" total="183959552" percent="0" />
      <mem type="survivor" free="0" total="84475904" percent="0" />
    </mem>
    <mem type="tenure" free="220970736" total="805306368" percent="27">
      <mem type="soa" free="212916976" total="797252608" percent="26" />
      <mem type="loa" free="8053760" total="8053760" percent="100" />
    </mem>
    <remembered-set count="136" />
  </mem-info>
</gc-start>
<allocation-stats totalBytes="107238496" >
  <allocated-bytes non-tlh="848760" tlh="106389736" />
  <largest-consumer threadName="main" threadId="0000000000016F00" bytes="107238496" />
</allocation-stats>
<gc-op id="3557" type="scavenge" timems="89.621" contextid="3554" timestamp="2022-02-08T17:24:08.352">
  <scavenger-info tenureage="1" tenuremask="7ffe" tiltratio="68" />
  <memory-copied type="nursery" objects="1436538" bytes="75643688" bytesdiscarded="121144" />
  <memory-copied type="tenure" objects="1354418" bytes="76242048" bytesdiscarded="37936" />
  <finalization candidates="70" enqueued="37" />
  <references type="soft" candidates="14" cleared="0" enqueued="0" dynamicThreshold="11" maxThreshold="32" />
  <references type="weak" candidates="1" cleared="0" enqueued="0" />
  <references type="phantom" candidates="55" cleared="7" enqueued="7" />
  <object-monitors candidates="2" cleared="0"  />
</gc-op>
<gc-end id="3558" type="scavenge" contextid="3554" durationms="89.837" usertimems="329.003" systemtimems="0.000" stalltimems="7.092" timestamp="2022-02-08T17:24:08.352" activeThreads="4">
  <mem-info id="3559" free="253190080" total="1073741824" percent="23">
    <mem type="nursery" free="108587808" total="268435456" percent="40">
      <mem type="allocate" free="108587808" total="184352768" percent="58" />
      <mem type="survivor" free="0" total="84082688" percent="0" />
    </mem>
    <mem type="tenure" free="144602272" total="805306368" percent="17" macro-fragmented="0">
      <mem type="soa" free="136548512" total="797252608" percent="17" />
      <mem type="loa" free="8053760" total="8053760" percent="100" />
    </mem>
    <pending-finalizers system="36" default="1" reference="7" classloader="0" />
    <remembered-set count="132" />
  </mem-info>
</gc-end>
<cycle-end id="3560" type="scavenge" contextid="3554" timestamp="2022-02-08T17:24:08.352" />
<allocation-satisfied id="3561" threadId="0000000000016F00" bytesRequested="48" />
<af-end id="3562" timestamp="2022-02-08T17:24:08.352" threadId="0000000000017908" success="true" from="nursery"/>
<exclusive-end id="3563" timestamp="2022-02-08T17:24:08.352" durationms="90.137" />

<concurrent-kickoff id="3564" timestamp="2022-02-08T17:24:09.079">
  <kickoff reason="threshold reached" targetBytes="74439642" thresholdFreeBytes="5746415"  remainingFree="5707944" tenureFreeBytes="144602272" nurseryFreeBytes="5707944" />
</concurrent-kickoff>
<exclusive-start id="3565" timestamp="2022-02-08T17:24:09.081" intervalms="819.645">
  <response-info timems="0.020" idlems="0.020" threads="0" lastid="0000000000016F00" lastname="main" />
</exclusive-start>
<cycle-start id="3566" type="global" contextid="0" timestamp="2022-02-08T17:24:09.082" intervalms="2883.770" />
<concurrent-start id="3567" type="global mark" contextid="3566" timestamp="2022-02-08T17:24:09.082">
</concurrent-start>
<exclusive-end id="3568" timestamp="2022-02-08T17:24:09.082" durationms="0.116" />

<exclusive-start id="3569" timestamp="2022-02-08T17:24:09.237" intervalms="155.572">
  <response-info timems="0.034" idlems="0.034" threads="0" lastid="0000000000016F00" lastname="main" />
</exclusive-start>
<af-start id="3570" threadId="0000000000017908" totalBytesRequested="16" timestamp="2022-02-08T17:24:09.237" intervalms="975.225" type="nursery" />
<cycle-start id="3571" type="scavenge" contextid="0" timestamp="2022-02-08T17:24:09.237" intervalms="975.225" />
<gc-start id="3572" type="scavenge" contextid="3571" timestamp="2022-02-08T17:24:09.237">
  <mem-info id="3573" free="144602272" total="1073741824" percent="13">
    <mem type="nursery" free="0" total="268435456" percent="0">
      <mem type="allocate" free="0" total="184352768" percent="0" />
      <mem type="survivor" free="0" total="84082688" percent="0" />
    </mem>
    <mem type="tenure" free="144602272" total="805306368" percent="17">
      <mem type="soa" free="136548512" total="797252608" percent="17" />
      <mem type="loa" free="8053760" total="8053760" percent="100" />
    </mem>
    <remembered-set count="133" />
  </mem-info>
</gc-start>
<allocation-stats totalBytes="108536408" >
  <allocated-bytes non-tlh="2089592" tlh="106446816" />
  <largest-consumer threadName="main" threadId="0000000000016F00" bytes="108528216" />
</allocation-stats>
<gc-op id="3574" type="scavenge" timems="83.064" contextid="3571" timestamp="2022-02-08T17:24:09.320">
  <scavenger-info tenureage="1" tenuremask="7ffe" tiltratio="68" />
  <memory-copied type="nursery" objects="1387521" bytes="77147608" bytesdiscarded="214208" />
  <memory-copied type="tenure" objects="1436007" bytes="75185504" bytesdiscarded="40656" />
  <finalization candidates="73" enqueued="16" />
  <references type="phantom" candidates="40" cleared="0" enqueued="0" />
  <object-monitors candidates="2" cleared="0"  />
</gc-op>
<gc-end id="3575" type="scavenge" contextid="3571" durationms="83.283" usertimems="315.226" systemtimems="4.703" stalltimems="4.365" timestamp="2022-02-08T17:24:09.320" activeThreads="4">
  <mem-info id="3576" free="175450632" total="1073741824" percent="16">
    <mem type="nursery" free="106270056" total="268435456" percent="39">
      <mem type="allocate" free="106270056" total="183631872" percent="57" />
      <mem type="survivor" free="0" total="84803584" percent="0" />
    </mem>
    <mem type="tenure" free="69180576" total="805306368" percent="8" macro-fragmented="39939376">
      <mem type="soa" free="61126816" total="797252608" percent="7" />
      <mem type="loa" free="8053760" total="8053760" percent="100" />
    </mem>
    <pending-finalizers system="16" default="0" reference="0" classloader="0" />
    <remembered-set count="106" />
  </mem-info>
</gc-end>
<cycle-end id="3577" type="scavenge" contextid="3571" timestamp="2022-02-08T17:24:09.321" />
<allocation-satisfied id="3578" threadId="0000000000016F00" bytesRequested="16" />
<af-end id="3579" timestamp="2022-02-08T17:24:09.321" threadId="0000000000017908" success="true" from="nursery"/>
<exclusive-end id="3580" timestamp="2022-02-08T17:24:09.321" durationms="83.588" />

<concurrent-end id="3581" type="global mark" contextid="3566" timestamp="2022-02-08T17:24:09.442">
<gc-op id="3582" type="trace" timems="360.296" contextid="3566" timestamp="2022-02-08T17:24:09.442">
  <trace bytesTraced="74439500" workStackOverflowCount="0" />
  <card-cleaning reason="card cleaning threshold reached" bytesTraced="1000" cardsCleaned="2" />
</gc-op>
</concurrent-end>

<exclusive-start id="3583" timestamp="2022-02-08T17:24:09.442" intervalms="204.866">
  <response-info timems="0.017" idlems="0.017" threads="0" lastid="0000000000016F00" lastname="main" />
</exclusive-start>
<concurrent-global-final id="3584" timestamp="2022-02-08T17:24:09.442" contextid="3566" intervalms="2912.504" >
  <concurrent-trace-info reason="card cleaning threshold reached" tracedByMutators="48357284" tracedByHelpers="26083216" cardsCleaned="2" workStackOverflowCount="0" />
</concurrent-global-final>
<gc-start id="3585" type="global" contextid="3566" timestamp="2022-02-08T17:24:09.442">
  <mem-info id="3586" free="165386744" total="1073741824" percent="15">
    <mem type="nursery" free="96206168" total="268435456" percent="35">
      <mem type="allocate" free="96206168" total="183631872" percent="52" />
      <mem type="survivor" free="0" total="84803584" percent="0" />
    </mem>
    <mem type="tenure" free="69180576" total="805306368" percent="8">
      <mem type="soa" free="61126816" total="797252608" percent="7" />
      <mem type="loa" free="8053760" total="8053760" percent="100" />
    </mem>
    <remembered-set count="106" />
  </mem-info>
</gc-start>
<allocation-stats totalBytes="10059136" >
  <allocated-bytes non-tlh="16" tlh="10059120" />
  <largest-consumer threadName="main" threadId="0000000000016F00" bytes="10055040" />
</allocation-stats>
<gc-op id="3587" type="rs-scan" timems="0.695" contextid="3566" timestamp="2022-02-08T17:24:09.443">
  <scan objectsFound="29" bytesTraced="5332" workStackOverflowCount="0" />
</gc-op>
<gc-op id="3588" type="card-cleaning" timems="149.900" contextid="3566" timestamp="2022-02-08T17:24:09.593">
  <card-cleaning cardsCleaned="9" bytesTraced="71013244" workStackOverflowCount="0" />
</gc-op>
<gc-op id="3589" type="mark" timems="47.956" contextid="3566" timestamp="2022-02-08T17:24:09.641">
  <trace-info objectcount="1561495" scancount="1172648" scanbytes="25084200" />
  <finalization candidates="428" enqueued="57" />
  <ownableSynchronizers candidates="1" cleared="0" />
  <references type="soft" candidates="894" cleared="0" enqueued="0" dynamicThreshold="11" maxThreshold="32" />
  <references type="weak" candidates="1701" cleared="0" enqueued="0" />
  <references type="phantom" candidates="52" cleared="2" enqueued="2" />
  <stringconstants candidates="6470" cleared="0"  />
  <object-monitors candidates="2" cleared="0"  />
</gc-op>
<gc-op id="3590" type="sweep" timems="4.789" contextid="3566" timestamp="2022-02-08T17:24:09.645" />
<gc-end id="3591" type="global" contextid="3566" durationms="203.536" usertimems="217.525" systemtimems="0.541" stalltimems="142.891" timestamp="2022-02-08T17:24:09.646" activeThreads="4">
  <mem-info id="3592" free="408980872" total="1073741824" percent="38">
    <mem type="nursery" free="96652968" total="268435456" percent="36">
      <mem type="allocate" free="96652968" total="183631872" percent="52" />
      <mem type="survivor" free="0" total="84803584" percent="0" />
    </mem>
    <mem type="tenure" free="312327904" total="805306368" percent="38" micro-fragmented="307236" macro-fragmented="0">
      <mem type="soa" free="304274144" total="797252608" percent="38" />
      <mem type="loa" free="8053760" total="8053760" percent="100" />
    </mem>
    <pending-finalizers system="57" default="0" reference="2" classloader="0" />
    <remembered-set count="106" />
  </mem-info>
</gc-end>
<cycle-end id="3593" type="global" contextid="3566" timestamp="2022-02-08T17:24:09.646" />
<exclusive-end id="3594" timestamp="2022-02-08T17:24:09.646" durationms="203.841" />

<exclusive-start id="3595" timestamp="2022-02-08T17:24:10.252" intervalms="809.636">
  <response-info timems="0.016" idlems="0.016" threads="0" lastid="0000000000016F00" lastname="main" />
</exclusive-start>
<af-start id="3596" threadId="0000000000017908" totalBytesRequested="120" timestamp="2022-02-08T17:24:10.252" intervalms="1014.492" type="nursery" />
<cycle-start id="3597" type="scavenge" contextid="0" timestamp="2022-02-08T17:24:10.252" intervalms="1014.491" />
<gc-start id="3598" type="scavenge" contextid="3597" timestamp="2022-02-08T17:24:10.252">
  <mem-info id="3599" free="312327904" total="1073741824" percent="29">
    <mem type="nursery" free="0" total="268435456" percent="0">
      <mem type="allocate" free="0" total="183631872" percent="0" />
      <mem type="survivor" free="0" total="84803584" percent="0" />
    </mem>
    <mem type="tenure" free="312327904" total="805306368" percent="38">
      <mem type="soa" free="304274144" total="797252608" percent="38" />
      <mem type="loa" free="8053760" total="8053760" percent="100" />
    </mem>
    <remembered-set count="109" />
  </mem-info>
</gc-start>
<allocation-stats totalBytes="96608720" >
  <allocated-bytes non-tlh="0" tlh="96608720" />
  <largest-consumer threadName="main" threadId="0000000000016F00" bytes="96604624" />
</allocation-stats>
<gc-op id="3600" type="scavenge" timems="75.258" contextid="3597" timestamp="2022-02-08T17:24:10.327">
  <scavenger-info tenureage="1" tenuremask="7ffe" tiltratio="68" />
  <memory-copied type="nursery" objects="1353395" bytes="75808704" bytesdiscarded="142800" />
  <memory-copied type="tenure" objects="1387329" bytes="77010008" bytesdiscarded="46336" />
  <finalization candidates="24" enqueued="0" />
  <ownableSynchronizers candidates="2" cleared="2" />
  <object-monitors candidates="2" cleared="0"  />
</gc-op>
<gc-end id="3601" type="scavenge" contextid="3597" durationms="75.468" usertimems="295.533" systemtimems="0.000" stalltimems="2.890" timestamp="2022-02-08T17:24:10.327" activeThreads="4">
  <mem-info id="3602" free="343067488" total="1073741824" percent="31">
    <mem type="nursery" free="108008048" total="268435456" percent="40">
      <mem type="allocate" free="108008048" total="183959552" percent="58" />
      <mem type="survivor" free="0" total="84475904" percent="0" />
    </mem>
    <mem type="tenure" free="235059440" total="805306368" percent="29" macro-fragmented="0">
      <mem type="soa" free="227005680" total="797252608" percent="28" />
      <mem type="loa" free="8053760" total="8053760" percent="100" />
    </mem>
    <remembered-set count="104" />
  </mem-info>
</gc-end>
<cycle-end id="3603" type="scavenge" contextid="3597" timestamp="2022-02-08T17:24:10.327" />
<allocation-satisfied id="3604" threadId="0000000000016F00" bytesRequested="120" />
<af-end id="3605" timestamp="2022-02-08T17:24:10.327" threadId="0000000000017908" success="true" from="nursery"/>
<exclusive-end id="3606" timestamp="2022-02-08T17:24:10.327" durationms="75.747" />

<exclusive-start id="3607" timestamp="2022-02-08T17:24:10.986" intervalms="733.995">
  <response-info timems="0.016" idlems="0.016" threads="0" lastid="0000000000016F00" lastname="main" />
</exclusive-start>
<af-start id="3608" threadId="0000000000017908" totalBytesRequested="192" timestamp="2022-02-08T17:24:10.986" intervalms="733.997" type="nursery" />
<cycle-start id="3609" type="scavenge" contextid="0" timestamp="2022-02-08T17:24:10.986" intervalms="734.030" />
<gc-start id="3610" type="scavenge" contextid="3609" timestamp="2022-02-08T17:24:10.986">
  <mem-info id="3611" free="235059440" total="1073741824" percent="21">
    <mem type="nursery" free="0" total="268435456" percent="0">
      <mem type="allocate" free="0" total="183959552" percent="0" />
      <mem type="survivor" free="0" total="84475904" percent="0" />
    </mem>
    <mem type="tenure" free="235059440" total="805306368" percent="29">
      <mem type="soa" free="227005680" total="797252608" percent="28" />
      <mem type="loa" free="8053760" total="8053760" percent="100" />
    </mem>
    <remembered-set count="104" />
  </mem-info>
</gc-start>
<allocation-stats totalBytes="107956664" >
  <allocated-bytes non-tlh="120" tlh="107956544" />
  <largest-consumer threadName="main" threadId="0000000000016F00" bytes="107956664" />
</allocation-stats>
<gc-op id="3612" type="scavenge" timems="74.925" contextid="3609" timestamp="2022-02-08T17:24:11.061">
  <scavenger-info tenureage="1" tenuremask="7ffe" tiltratio="68" />
  <memory-copied type="nursery" objects="1339345" bytes="76731648" bytesdiscarded="128840" />
  <memory-copied type="tenure" objects="1353395" bytes="75808704" bytesdiscarded="39472" />
  <object-monitors candidates="2" cleared="0"  />
</gc-op>
<gc-end id="3613" type="scavenge" contextid="3609" durationms="75.168" usertimems="290.679" systemtimems="0.617" stalltimems="2.977" timestamp="2022-02-08T17:24:11.061" activeThreads="4">
  <mem-info id="3614" free="266457104" total="1073741824" percent="24">
    <mem type="nursery" free="107164600" total="268435456" percent="39">
      <mem type="allocate" free="107164600" total="184025088" percent="58" />
      <mem type="survivor" free="0" total="84410368" percent="0" />
    </mem>
    <mem type="tenure" free="159292504" total="805306368" percent="19" macro-fragmented="1250136">
      <mem type="soa" free="151238744" total="797252608" percent="18" />
      <mem type="loa" free="8053760" total="8053760" percent="100" />
    </mem>
    <remembered-set count="105" />
  </mem-info>
</gc-end>
<cycle-end id="3615" type="scavenge" contextid="3609" timestamp="2022-02-08T17:24:11.061" />
<allocation-satisfied id="3616" threadId="0000000000016F00" bytesRequested="192" />
<af-end id="3617" timestamp="2022-02-08T17:24:11.061" threadId="0000000000017908" success="true" from="nursery"/>
<exclusive-end id="3618" timestamp="2022-02-08T17:24:11.061" durationms="75.449" />

<concurrent-kickoff id="3619" timestamp="2022-02-08T17:24:11.893">
  <kickoff reason="threshold reached" targetBytes="74439817" thresholdFreeBytes="5746481"  remainingFree="5649336" tenureFreeBytes="159292504" nurseryFreeBytes="5649336" />
</concurrent-kickoff>
<exclusive-start id="3620" timestamp="2022-02-08T17:24:11.896" intervalms="910.421">
  <response-info timems="0.018" idlems="0.018" threads="0" lastid="0000000000016F00" lastname="main" />
</exclusive-start>
<cycle-start id="3621" type="global" contextid="0" timestamp="2022-02-08T17:24:11.896" intervalms="2814.429" />
<concurrent-start id="3622" type="global mark" contextid="3621" timestamp="2022-02-08T17:24:11.896">
</concurrent-start>
<exclusive-end id="3623" timestamp="2022-02-08T17:24:11.896" durationms="0.027" />

<exclusive-start id="3624" timestamp="2022-02-08T17:24:12.021" intervalms="124.589">
  <response-info timems="0.033" idlems="0.033" threads="0" lastid="0000000000016F00" lastname="main" />
</exclusive-start>
<af-start id="3625" threadId="0000000000017908" totalBytesRequested="184" timestamp="2022-02-08T17:24:12.021" intervalms="1035.018" type="nursery" />
<cycle-start id="3626" type="scavenge" contextid="0" timestamp="2022-02-08T17:24:12.021" intervalms="1034.986" />
<gc-start id="3627" type="scavenge" contextid="3626" timestamp="2022-02-08T17:24:12.021">
  <mem-info id="3628" free="159292504" total="1073741824" percent="14">
    <mem type="nursery" free="0" total="268435456" percent="0">
      <mem type="allocate" free="0" total="184025088" percent="0" />
      <mem type="survivor" free="0" total="84410368" percent="0" />
    </mem>
    <mem type="tenure" free="159292504" total="805306368" percent="19">
      <mem type="soa" free="151238744" total="797252608" percent="18" />
      <mem type="loa" free="8053760" total="8053760" percent="100" />
    </mem>
    <remembered-set count="136" />
  </mem-info>
</gc-start>
<allocation-stats totalBytes="107116208" >
  <allocated-bytes non-tlh="2938440" tlh="104177768" />
  <largest-consumer threadName="main" threadId="0000000000016F00" bytes="107116208" />
</allocation-stats>
<gc-op id="3629" type="scavenge" timems="78.182" contextid="3626" timestamp="2022-02-08T17:24:12.099">
  <scavenger-info tenureage="1" tenuremask="7ffe" tiltratio="68" />
  <memory-copied type="nursery" objects="1447081" bytes="75336240" bytesdiscarded="122544" />
  <memory-copied type="tenure" objects="1339344" bytes="76731544" bytesdiscarded="43976" />
  <finalization candidates="110" enqueued="53" />
  <references type="soft" candidates="14" cleared="0" enqueued="0" dynamicThreshold="12" maxThreshold="32" />
  <references type="weak" candidates="1" cleared="0" enqueued="0" />
  <references type="phantom" candidates="95" cleared="7" enqueued="7" />
  <object-monitors candidates="2" cleared="0"  />
</gc-op>
<gc-end id="3630" type="scavenge" contextid="3626" durationms="78.383" usertimems="309.614" systemtimems="0.000" stalltimems="2.524" timestamp="2022-02-08T17:24:12.099" activeThreads="4">
  <mem-info id="3631" free="191398240" total="1073741824" percent="17">
    <mem type="nursery" free="108893856" total="268435456" percent="40">
      <mem type="allocate" free="108893856" total="184352768" percent="59" />
      <mem type="survivor" free="0" total="84082688" percent="0" />
    </mem>
    <mem type="tenure" free="82504384" total="805306368" percent="10" macro-fragmented="47927252">
      <mem type="soa" free="74450624" total="797252608" percent="9" />
      <mem type="loa" free="8053760" total="8053760" percent="100" />
    </mem>
    <pending-finalizers system="52" default="1" reference="7" classloader="0" />
    <remembered-set count="130" />
  </mem-info>
</gc-end>
<cycle-end id="3632" type="scavenge" contextid="3626" timestamp="2022-02-08T17:24:12.099" />
<allocation-satisfied id="3633" threadId="0000000000016F00" bytesRequested="184" />
<af-end id="3634" timestamp="2022-02-08T17:24:12.099" threadId="0000000000017908" success="true" from="nursery"/>
<exclusive-end id="3635" timestamp="2022-02-08T17:24:12.099" durationms="78.671" />

<concurrent-end id="3636" type="global mark" contextid="3621" timestamp="2022-02-08T17:24:12.212">
<gc-op id="3637" type="trace" timems="316.246" contextid="3621" timestamp="2022-02-08T17:24:12.212">
  <trace bytesTraced="74439740" workStackOverflowCount="0" />
  <card-cleaning reason="card cleaning threshold reached" bytesTraced="1000" cardsCleaned="2" />
</gc-op>
</concurrent-end>

<exclusive-start id="3638" timestamp="2022-02-08T17:24:12.212" intervalms="191.722">
  <response-info timems="0.018" idlems="0.018" threads="0" lastid="0000000000016F00" lastname="main" />
</exclusive-start>
<concurrent-global-final id="3639" timestamp="2022-02-08T17:24:12.212" contextid="3621" intervalms="2770.363" >
  <concurrent-trace-info reason="card cleaning threshold reached" tracedByMutators="57102964" tracedByHelpers="17337776" cardsCleaned="2" workStackOverflowCount="0" />
</concurrent-global-final>
<gc-start id="3640" type="global" contextid="3621" timestamp="2022-02-08T17:24:12.212">
  <mem-info id="3641" free="183558312" total="1073741824" percent="17">
    <mem type="nursery" free="101053928" total="268435456" percent="37">
      <mem type="allocate" free="101053928" total="184352768" percent="54" />
      <mem type="survivor" free="0" total="84082688" percent="0" />
    </mem>
    <mem type="tenure" free="82504384" total="805306368" percent="10">
      <mem type="soa" free="74450624" total="797252608" percent="9" />
      <mem type="loa" free="8053760" total="8053760" percent="100" />
    </mem>
    <remembered-set count="131" />
  </mem-info>
</gc-start>
<allocation-stats totalBytes="7836472" >
  <allocated-bytes non-tlh="184" tlh="7836288" />
  <largest-consumer threadName="main" threadId="0000000000016F00" bytes="7828280" />
</allocation-stats>
<gc-op id="3642" type="rs-scan" timems="126.168" contextid="3621" timestamp="2022-02-08T17:24:12.339">
  <scan objectsFound="3324743" bytesTraced="71015584" workStackOverflowCount="0" />
</gc-op>
<gc-op id="3643" type="card-cleaning" timems="0.308" contextid="3621" timestamp="2022-02-08T17:24:12.339">
  <card-cleaning cardsCleaned="4" bytesTraced="1920" workStackOverflowCount="0" />
</gc-op>
<gc-op id="3644" type="mark" timems="31.641" contextid="3621" timestamp="2022-02-08T17:24:12.371">
  <trace-info objectcount="1234301" scancount="927252" scanbytes="19849096" />
  <finalization candidates="428" enqueued="57" />
  <ownableSynchronizers candidates="1" cleared="0" />
  <references type="soft" candidates="894" cleared="0" enqueued="0" dynamicThreshold="12" maxThreshold="32" />
  <references type="weak" candidates="1701" cleared="0" enqueued="0" />
  <references type="phantom" candidates="52" cleared="2" enqueued="2" />
  <stringconstants candidates="6470" cleared="0"  />
  <object-monitors candidates="2" cleared="0"  />
</gc-op>
<gc-op id="3645" type="sweep" timems="4.543" contextid="3621" timestamp="2022-02-08T17:24:12.375" />
<gc-end id="3646" type="global" contextid="3621" durationms="162.887" usertimems="173.588" systemtimems="4.034" stalltimems="94.369" timestamp="2022-02-08T17:24:12.375" activeThreads="4">
  <mem-info id="3647" free="427138320" total="1073741824" percent="39">
    <mem type="nursery" free="101750104" total="268435456" percent="37">
      <mem type="allocate" free="101750104" total="184352768" percent="55" />
      <mem type="survivor" free="0" total="84082688" percent="0" />
    </mem>
    <mem type="tenure" free="325388216" total="805306368" percent="40" micro-fragmented="300677" macro-fragmented="2160235">
      <mem type="soa" free="317334456" total="797252608" percent="39" />
      <mem type="loa" free="8053760" total="8053760" percent="100" />
    </mem>
    <pending-finalizers system="57" default="0" reference="2" classloader="0" />
    <remembered-set count="113" />
  </mem-info>
</gc-end>
<cycle-end id="3648" type="global" contextid="3621" timestamp="2022-02-08T17:24:12.375" />
<exclusive-end id="3649" timestamp="2022-02-08T17:24:12.375" durationms="163.107" />

<exclusive-start id="3650" timestamp="2022-02-08T17:24:13.072" intervalms="859.899">
  <response-info timems="0.018" idlems="0.018" threads="0" lastid="0000000000016F00" lastname="main" />
</exclusive-start>
<af-start id="3651" threadId="0000000000017908" totalBytesRequested="208" timestamp="2022-02-08T17:24:13.072" intervalms="1051.609" type="nursery" />
<cycle-start id="3652" type="scavenge" contextid="0" timestamp="2022-02-08T17:24:13.072" intervalms="1051.609" />
<gc-start id="3653" type="scavenge" contextid="3652" timestamp="2022-02-08T17:24:13.072">
  <mem-info id="3654" free="325388216" total="1073741824" percent="30">
    <mem type="nursery" free="0" total="268435456" percent="0">
      <mem type="allocate" free="0" total="184352768" percent="0" />
      <mem type="survivor" free="0" total="84082688" percent="0" />
    </mem>
    <mem type="tenure" free="325388216" total="805306368" percent="40">
      <mem type="soa" free="317334456" total="797252608" percent="39" />
      <mem type="loa" free="8053760" total="8053760" percent="100" />
    </mem>
    <remembered-set count="114" />
  </mem-info>
</gc-start>
<allocation-stats totalBytes="101702624" >
  <allocated-bytes non-tlh="0" tlh="101702624" />
  <largest-consumer threadName="main" threadId="0000000000016F00" bytes="101698528" />
</allocation-stats>
<gc-op id="3655" type="scavenge" timems="78.197" contextid="3652" timestamp="2022-02-08T17:24:13.151">
  <scavenger-info tenureage="1" tenuremask="7ffe" tiltratio="68" />
  <memory-copied type="nursery" objects="1413711" bytes="77934728" bytesdiscarded="253712" />
  <memory-copied type="tenure" objects="1446365" bytes="74868200" bytesdiscarded="47096" />
  <finalization candidates="57" enqueued="0" />
  <ownableSynchronizers candidates="2" cleared="2" />
  <object-monitors candidates="2" cleared="0"  />
</gc-op>
<gc-end id="3656" type="scavenge" contextid="3652" durationms="78.416" usertimems="307.179" systemtimems="0.000" stalltimems="5.289" timestamp="2022-02-08T17:24:13.151" activeThreads="4">
  <mem-info id="3657" free="354083792" total="1073741824" percent="32">
    <mem type="nursery" free="103805032" total="268435456" percent="38">
      <mem type="allocate" free="103805032" total="181993472" percent="57" />
      <mem type="survivor" free="0" total="86441984" percent="0" />
    </mem>
    <mem type="tenure" free="250278760" total="805306368" percent="31" macro-fragmented="0">
      <mem type="soa" free="242225000" total="797252608" percent="30" />
      <mem type="loa" free="8053760" total="8053760" percent="100" />
    </mem>
    <remembered-set count="104" />
  </mem-info>
</gc-end>
<cycle-end id="3658" type="scavenge" contextid="3652" timestamp="2022-02-08T17:24:13.151" />
<allocation-satisfied id="3659" threadId="0000000000016F00" bytesRequested="208" />
<af-end id="3660" timestamp="2022-02-08T17:24:13.151" threadId="0000000000017908" success="true" from="nursery"/>
<exclusive-end id="3661" timestamp="2022-02-08T17:24:13.151" durationms="78.655" />

<exclusive-start id="3662" timestamp="2022-02-08T17:24:13.786" intervalms="713.516">
  <response-info timems="0.023" idlems="0.023" threads="0" lastid="0000000000016F00" lastname="main" />
</exclusive-start>
<af-start id="3663" threadId="0000000000017908" totalBytesRequested="184" timestamp="2022-02-08T17:24:13.786" intervalms="713.518" type="nursery" />
<cycle-start id="3664" type="scavenge" contextid="0" timestamp="2022-02-08T17:24:13.786" intervalms="713.518" />
<gc-start id="3665" type="scavenge" contextid="3664" timestamp="2022-02-08T17:24:13.786">
  <mem-info id="3666" free="250278760" total="1073741824" percent="23">
    <mem type="nursery" free="0" total="268435456" percent="0">
      <mem type="allocate" free="0" total="181993472" percent="0" />
      <mem type="survivor" free="0" total="86441984" percent="0" />
    </mem>
    <mem type="tenure" free="250278760" total="805306368" percent="31">
      <mem type="soa" free="242225000" total="797252608" percent="30" />
      <mem type="loa" free="8053760" total="8053760" percent="100" />
    </mem>
    <remembered-set count="104" />
  </mem-info>
</gc-start>
<allocation-stats totalBytes="103757072" >
  <allocated-bytes non-tlh="208" tlh="103756864" />
  <largest-consumer threadName="main" threadId="0000000000016F00" bytes="103757072" />
</allocation-stats>
<gc-op id="3667" type="scavenge" timems="83.544" contextid="3664" timestamp="2022-02-08T17:24:13.869">
  <scavenger-info tenureage="1" tenuremask="7ffe" tiltratio="67" />
  <memory-copied type="nursery" objects="1297093" bytes="73771640" bytesdiscarded="165544" />
  <memory-copied type="tenure" objects="1413710" bytes="77934616" bytesdiscarded="37272" />
  <object-monitors candidates="2" cleared="0"  />
</gc-op>
<gc-end id="3668" type="scavenge" contextid="3664" durationms="83.751" usertimems="329.381" systemtimems="0.361" stalltimems="3.455" timestamp="2022-02-08T17:24:13.870" activeThreads="4">
  <mem-info id="3669" free="280672248" total="1073741824" percent="26">
    <mem type="nursery" free="108515040" total="268435456" percent="40">
      <mem type="allocate" free="108515040" total="182452224" percent="59" />
      <mem type="survivor" free="0" total="85983232" percent="0" />
    </mem>
    <mem type="tenure" free="172157208" total="805306368" percent="21" macro-fragmented="39939376">
      <mem type="soa" free="164103448" total="797252608" percent="20" />
      <mem type="loa" free="8053760" total="8053760" percent="100" />
    </mem>
    <remembered-set count="104" />
  </mem-info>
</gc-end>
<cycle-end id="3670" type="scavenge" contextid="3664" timestamp="2022-02-08T17:24:13.870" />
<allocation-satisfied id="3671" threadId="0000000000016F00" bytesRequested="184" />
<af-end id="3672" timestamp="2022-02-08T17:24:13.870" threadId="0000000000017908" success="true" from="nursery"/>
<exclusive-end id="3673" timestamp="2022-02-08T17:24:13.870" durationms="84.075" />

<exclusive-start id="3674" timestamp="2022-02-08T17:24:14.779" intervalms="993.774">
  <response-info timems="0.019" idlems="0.019" threads="0" lastid="0000000000016F00" lastname="main" />
</exclusive-start>
<af-start id="3675" threadId="0000000000017908" totalBytesRequested="208" timestamp="2022-02-08T17:24:14.780" intervalms="993.776" type="nursery" />
<cycle-start id="3676" type="scavenge" contextid="0" timestamp="2022-02-08T17:24:14.780" intervalms="993.775" />
<gc-start id="3677" type="scavenge" contextid="3676" timestamp="2022-02-08T17:24:14.780">
  <mem-info id="3678" free="172157208" total="1073741824" percent="16">
    <mem type="nursery" free="0" total="268435456" percent="0">
      <mem type="allocate" free="0" total="182452224" percent="0" />
      <mem type="survivor" free="0" total="85983232" percent="0" />
    </mem>
    <mem type="tenure" free="172157208" total="805306368" percent="21">
      <mem type="soa" free="164103448" total="797252608" percent="20" />
      <mem type="loa" free="8053760" total="8053760" percent="100" />
    </mem>
    <remembered-set count="134" />
  </mem-info>
</gc-start>
<allocation-stats totalBytes="108469312" >
  <allocated-bytes non-tlh="3009008" tlh="105460304" />
  <largest-consumer threadName="main" threadId="0000000000016F00" bytes="108469312" />
</allocation-stats>
<gc-op id="3679" type="scavenge" timems="98.999" contextid="3676" timestamp="2022-02-08T17:24:14.879">
  <scavenger-info tenureage="1" tenuremask="7ffe" tiltratio="67" />
  <memory-copied type="nursery" objects="1444932" bytes="76223648" bytesdiscarded="64672" />
  <memory-copied type="tenure" objects="1297092" bytes="73771536" bytesdiscarded="42520" />
  <finalization candidates="110" enqueued="53" />
  <references type="soft" candidates="14" cleared="0" enqueued="0" dynamicThreshold="12" maxThreshold="32" />
  <references type="weak" candidates="1" cleared="0" enqueued="0" />
  <references type="phantom" candidates="95" cleared="7" enqueued="7" />
  <object-monitors candidates="2" cleared="0"  />
</gc-op>
<gc-end id="3680" type="scavenge" contextid="3676" durationms="99.394" usertimems="390.829" systemtimems="0.499" stalltimems="3.459" timestamp="2022-02-08T17:24:14.879" activeThreads="4">
  <mem-info id="3681" free="204841120" total="1073741824" percent="19">
    <mem type="nursery" free="106360384" total="268435456" percent="39">
      <mem type="allocate" free="106360384" total="182648832" percent="58" />
      <mem type="survivor" free="0" total="85786624" percent="0" />
    </mem>
    <mem type="tenure" free="98480736" total="805306368" percent="12" macro-fragmented="33282812">
      <mem type="soa" free="90426976" total="797252608" percent="11" />
      <mem type="loa" free="8053760" total="8053760" percent="100" />
    </mem>
    <pending-finalizers system="52" default="1" reference="7" classloader="0" />
    <remembered-set count="129" />
  </mem-info>
</gc-end>
<cycle-end id="3682" type="scavenge" contextid="3676" timestamp="2022-02-08T17:24:14.879" />
<allocation-satisfied id="3683" threadId="0000000000016F00" bytesRequested="208" />
<af-end id="3684" timestamp="2022-02-08T17:24:14.879" threadId="0000000000017908" success="true" from="nursery"/>
<exclusive-end id="3685" timestamp="2022-02-08T17:24:14.879" durationms="99.725" />

<concurrent-kickoff id="3686" timestamp="2022-02-08T17:24:15.641">
  <kickoff reason="threshold reached" targetBytes="74440005" thresholdFreeBytes="5746405"  remainingFree="5631552" tenureFreeBytes="98480736" nurseryFreeBytes="5631552" />
</concurrent-kickoff>
<exclusive-start id="3687" timestamp="2022-02-08T17:24:15.644" intervalms="864.977">
  <response-info timems="0.018" idlems="0.018" threads="0" lastid="0000000000016F00" lastname="main" />
</exclusive-start>
<cycle-start id="3688" type="global" contextid="0" timestamp="2022-02-08T17:24:15.644" intervalms="3748.486" />
<concurrent-start id="3689" type="global mark" contextid="3688" timestamp="2022-02-08T17:24:15.644">
</concurrent-start>
<exclusive-end id="3690" timestamp="2022-02-08T17:24:15.644" durationms="0.036" />

<exclusive-start id="3691" timestamp="2022-02-08T17:24:15.778" intervalms="133.963">
  <response-info timems="0.027" idlems="0.027" threads="0" lastid="0000000000016F00" lastname="main" />
</exclusive-start>
<af-start id="3692" threadId="0000000000017908" totalBytesRequested="208" timestamp="2022-02-08T17:24:15.778" intervalms="998.949" type="nursery" />
<cycle-start id="3693" type="scavenge" contextid="0" timestamp="2022-02-08T17:24:15.779" intervalms="998.977" />
<gc-start id="3694" type="scavenge" contextid="3693" timestamp="2022-02-08T17:24:15.779">
  <mem-info id="3695" free="98480736" total="1073741824" percent="9">
    <mem type="nursery" free="0" total="268435456" percent="0">
      <mem type="allocate" free="0" total="182648832" percent="0" />
      <mem type="survivor" free="0" total="85786624" percent="0" />
    </mem>
    <mem type="tenure" free="98480736" total="805306368" percent="12">
      <mem type="soa" free="90426976" total="797252608" percent="11" />
      <mem type="loa" free="8053760" total="8053760" percent="100" />
    </mem>
    <remembered-set count="130" />
  </mem-info>
</gc-start>
<allocation-stats totalBytes="106307696" >
  <allocated-bytes non-tlh="208" tlh="106307488" />
  <largest-consumer threadName="main" threadId="0000000000016F00" bytes="106299504" />
</allocation-stats>
<gc-op id="3696" type="scavenge" timems="85.670" contextid="3693" timestamp="2022-02-08T17:24:15.864">
  <scavenger-info tenureage="1" tenuremask="7ffe" tiltratio="68" />
  <memory-copied type="nursery" objects="1379833" bytes="75772616" bytesdiscarded="219448" />
  <memory-copied type="tenure" objects="1444220" bytes="75755680" bytesdiscarded="36464" />
  <finalization candidates="57" enqueued="0" />
  <object-monitors candidates="2" cleared="0"  />
</gc-op>
<gc-end id="3697" type="scavenge" contextid="3693" durationms="85.874" usertimems="337.907" systemtimems="0.000" stalltimems="3.938" timestamp="2022-02-08T17:24:15.864" activeThreads="4">
  <mem-info id="3698" free="130041992" total="1073741824" percent="12">
    <mem type="nursery" free="107377664" total="268435456" percent="40">
      <mem type="allocate" free="107377664" total="183369728" percent="58" />
      <mem type="survivor" free="0" total="85065728" percent="0" />
    </mem>
    <mem type="tenure" free="22664328" total="805306368" percent="2" macro-fragmented="13768083">
      <mem type="soa" free="14610568" total="797252608" percent="1" />
      <mem type="loa" free="8053760" total="8053760" percent="100" />
    </mem>
    <remembered-set count="103" />
  </mem-info>
</gc-end>
<cycle-end id="3699" type="scavenge" contextid="3693" timestamp="2022-02-08T17:24:15.865" />
<allocation-satisfied id="3700" threadId="0000000000016F00" bytesRequested="208" />
<af-end id="3701" timestamp="2022-02-08T17:24:15.865" threadId="0000000000017908" success="true" from="nursery"/>
<exclusive-end id="3702" timestamp="2022-02-08T17:24:15.865" durationms="86.243" />

<concurrent-end id="3703" type="global mark" contextid="3688" timestamp="2022-02-08T17:24:15.980">
<gc-op id="3704" type="trace" timems="335.508" contextid="3688" timestamp="2022-02-08T17:24:15.980">
  <trace bytesTraced="74439852" workStackOverflowCount="0" />
  <card-cleaning reason="card cleaning threshold reached" bytesTraced="1000" cardsCleaned="2" />
</gc-op>
</concurrent-end>

<exclusive-start id="3705" timestamp="2022-02-08T17:24:15.980" intervalms="201.622">
  <response-info timems="0.017" idlems="0.017" threads="0" lastid="0000000000016F00" lastname="main" />
</exclusive-start>
<concurrent-global-final id="3706" timestamp="2022-02-08T17:24:15.980" contextid="3688" intervalms="3767.751" >
  <concurrent-trace-info reason="card cleaning threshold reached" tracedByMutators="56765416" tracedByHelpers="17675436" cardsCleaned="2" workStackOverflowCount="0" />
</concurrent-global-final>
<gc-start id="3707" type="global" contextid="3688" timestamp="2022-02-08T17:24:15.980">
  <mem-info id="3708" free="122472376" total="1073741824" percent="11">
    <mem type="nursery" free="99808048" total="268435456" percent="37">
      <mem type="allocate" free="99808048" total="183369728" percent="54" />
      <mem type="survivor" free="0" total="85065728" percent="0" />
    </mem>
    <mem type="tenure" free="22664328" total="805306368" percent="2">
      <mem type="soa" free="14610568" total="797252608" percent="1" />
      <mem type="loa" free="8053760" total="8053760" percent="100" />
    </mem>
    <remembered-set count="103" />
  </mem-info>
</gc-start>
<allocation-stats totalBytes="7565264" >
  <allocated-bytes non-tlh="208" tlh="7565056" />
  <largest-consumer threadName="main" threadId="0000000000016F00" bytes="7565264" />
</allocation-stats>
<gc-op id="3709" type="rs-scan" timems="0.502" contextid="3688" timestamp="2022-02-08T17:24:15.981">
  <scan objectsFound="0" bytesTraced="3836" workStackOverflowCount="0" />
</gc-op>
<gc-op id="3710" type="card-cleaning" timems="145.386" contextid="3688" timestamp="2022-02-08T17:24:16.126">
  <card-cleaning cardsCleaned="10" bytesTraced="71014692" workStackOverflowCount="0" />
</gc-op>
<gc-op id="3711" type="mark" timems="72.515" contextid="3688" timestamp="2022-02-08T17:24:16.199">
  <trace-info objectcount="2328450" scancount="1747865" scanbytes="37355496" />
  <finalization candidates="428" enqueued="57" />
  <ownableSynchronizers candidates="1" cleared="0" />
  <references type="soft" candidates="894" cleared="0" enqueued="0" dynamicThreshold="12" maxThreshold="32" />
  <references type="weak" candidates="1701" cleared="0" enqueued="0" />
  <references type="phantom" candidates="52" cleared="2" enqueued="2" />
  <stringconstants candidates="6470" cleared="0"  />
  <object-monitors candidates="2" cleared="0"  />
</gc-op>
<gc-op id="3712" type="sweep" timems="5.190" contextid="3688" timestamp="2022-02-08T17:24:16.204" />
<gc-end id="3713" type="global" contextid="3688" durationms="223.813" usertimems="281.588" systemtimems="1.082" stalltimems="174.397" timestamp="2022-02-08T17:24:16.204" activeThreads="4">
  <mem-info id="3714" free="365743424" total="1073741824" percent="34">
    <mem type="nursery" free="100120304" total="268435456" percent="37">
      <mem type="allocate" free="100120304" total="183369728" percent="54" />
      <mem type="survivor" free="0" total="85065728" percent="0" />
    </mem>
    <mem type="tenure" free="265623120" total="805306368" percent="32" micro-fragmented="298856" macro-fragmented="0">
      <mem type="soa" free="257569360" total="797252608" percent="32" />
      <mem type="loa" free="8053760" total="8053760" percent="100" />
    </mem>
    <pending-finalizers system="57" default="0" reference="2" classloader="0" />
    <remembered-set count="103" />
  </mem-info>
</gc-end>
<cycle-end id="3715" type="global" contextid="3688" timestamp="2022-02-08T17:24:16.204" />
<exclusive-end id="3716" timestamp="2022-02-08T17:24:16.204" durationms="224.060" />

<exclusive-start id="3717" timestamp="2022-02-08T17:24:16.857" intervalms="876.734">
  <response-info timems="0.019" idlems="0.019" threads="0" lastid="0000000000016F00" lastname="main" />
</exclusive-start>
<af-start id="3718" threadId="0000000000017908" totalBytesRequested="184" timestamp="2022-02-08T17:24:16.857" intervalms="1078.375" type="nursery" />
<cycle-start id="3719" type="scavenge" contextid="0" timestamp="2022-02-08T17:24:16.857" intervalms="1078.352" />
<gc-start id="3720" type="scavenge" contextid="3719" timestamp="2022-02-08T17:24:16.857">
  <mem-info id="3721" free="265623120" total="1073741824" percent="24">
    <mem type="nursery" free="0" total="268435456" percent="0">
      <mem type="allocate" free="0" total="183369728" percent="0" />
      <mem type="survivor" free="0" total="85065728" percent="0" />
    </mem>
    <mem type="tenure" free="265623120" total="805306368" percent="32">
      <mem type="soa" free="257569360" total="797252608" percent="32" />
      <mem type="loa" free="8053760" total="8053760" percent="100" />
    </mem>
    <remembered-set count="106" />
  </mem-info>
</gc-start>
<allocation-stats totalBytes="100074400" >
  <allocated-bytes non-tlh="0" tlh="100074400" />
  <largest-consumer threadName="main" threadId="0000000000016F00" bytes="100070304" />
</allocation-stats>
<gc-op id="3722" type="scavenge" timems="96.424" contextid="3719" timestamp="2022-02-08T17:24:16.953">
  <scavenger-info tenureage="1" tenuremask="7ffe" tiltratio="68" />
  <memory-copied type="nursery" objects="1343671" bytes="76404672" bytesdiscarded="240960" />
  <memory-copied type="tenure" objects="1379832" bytes="75772504" bytesdiscarded="44904" />
  <ownableSynchronizers candidates="2" cleared="2" />
  <object-monitors candidates="2" cleared="0"  />
</gc-op>
<gc-end id="3723" type="scavenge" contextid="3719" durationms="96.684" usertimems="369.091" systemtimems="0.000" stalltimems="8.842" timestamp="2022-02-08T17:24:16.954" activeThreads="4">
  <mem-info id="3724" free="296672208" total="1073741824" percent="27">
    <mem type="nursery" free="107051776" total="268435456" percent="39">
      <mem type="allocate" free="107051776" total="183697408" percent="58" />
      <mem type="survivor" free="0" total="84738048" percent="0" />
    </mem>
    <mem type="tenure" free="189620432" total="805306368" percent="23" macro-fragmented="0">
      <mem type="soa" free="181566672" total="797252608" percent="22" />
      <mem type="loa" free="8053760" total="8053760" percent="100" />
    </mem>
    <remembered-set count="105" />
  </mem-info>
</gc-end>
<cycle-end id="3725" type="scavenge" contextid="3719" timestamp="2022-02-08T17:24:16.954" />
<allocation-satisfied id="3726" threadId="0000000000016F00" bytesRequested="184" />
<af-end id="3727" timestamp="2022-02-08T17:24:16.954" threadId="0000000000017908" success="true" from="nursery"/>
<exclusive-end id="3728" timestamp="2022-02-08T17:24:16.954" durationms="97.174" />

<exclusive-start id="3729" timestamp="2022-02-08T17:24:18.184" intervalms="1327.209">
  <response-info timems="0.093" idlems="0.093" threads="0" lastid="0000000000016F00" lastname="main" />
</exclusive-start>
<af-start id="3730" threadId="0000000000017908" totalBytesRequested="96" timestamp="2022-02-08T17:24:18.184" intervalms="1327.206" type="nursery" />
<cycle-start id="3731" type="scavenge" contextid="0" timestamp="2022-02-08T17:24:18.184" intervalms="1327.216" />
<gc-start id="3732" type="scavenge" contextid="3731" timestamp="2022-02-08T17:24:18.184">
  <mem-info id="3733" free="189620432" total="1073741824" percent="17">
    <mem type="nursery" free="0" total="268435456" percent="0">
      <mem type="allocate" free="0" total="183697408" percent="0" />
      <mem type="survivor" free="0" total="84738048" percent="0" />
    </mem>
    <mem type="tenure" free="189620432" total="805306368" percent="23">
      <mem type="soa" free="181566672" total="797252608" percent="22" />
      <mem type="loa" free="8053760" total="8053760" percent="100" />
    </mem>
    <remembered-set count="136" />
  </mem-info>
</gc-start>
<allocation-stats totalBytes="107008008" >
  <allocated-bytes non-tlh="1590752" tlh="105417256" />
  <largest-consumer threadName="main" threadId="0000000000016F00" bytes="107008008" />
</allocation-stats>
<gc-op id="3734" type="scavenge" timems="126.324" contextid="3731" timestamp="2022-02-08T17:24:18.311">
  <scavenger-info tenureage="1" tenuremask="7ffe" tiltratio="68" />
  <memory-copied type="nursery" objects="1453171" bytes="75314312" bytesdiscarded="87672" />
  <memory-copied type="tenure" objects="1343670" bytes="76404568" bytesdiscarded="40160" />
  <finalization candidates="109" enqueued="53" />
  <references type="soft" candidates="14" cleared="0" enqueued="0" dynamicThreshold="10" maxThreshold="32" />
  <references type="weak" candidates="1" cleared="0" enqueued="0" />
  <references type="phantom" candidates="94" cleared="7" enqueued="7" />
  <object-monitors candidates="2" cleared="0"  />
</gc-op>
<gc-end id="3735" type="scavenge" contextid="3731" durationms="126.575" usertimems="494.854" systemtimems="0.000" stalltimems="3.743" timestamp="2022-02-08T17:24:18.311" activeThreads="4">
  <mem-info id="3736" free="221742216" total="1073741824" percent="20">
    <mem type="nursery" free="108754048" total="268435456" percent="40">
      <mem type="allocate" free="108754048" total="184156160" percent="59" />
      <mem type="survivor" free="0" total="84279296" percent="0" />
    </mem>
    <mem type="tenure" free="112988168" total="805306368" percent="14" macro-fragmented="0">
      <mem type="soa" free="104934408" total="797252608" percent="13" />
      <mem type="loa" free="8053760" total="8053760" percent="100" />
    </mem>
    <pending-finalizers system="52" default="1" reference="7" classloader="0" />
    <remembered-set count="132" />
  </mem-info>
</gc-end>
<cycle-end id="3737" type="scavenge" contextid="3731" timestamp="2022-02-08T17:24:18.311" />
<allocation-satisfied id="3738" threadId="0000000000016F00" bytesRequested="96" />
<af-end id="3739" timestamp="2022-02-08T17:24:18.311" threadId="0000000000017908" success="true" from="nursery"/>
<exclusive-end id="3740" timestamp="2022-02-08T17:24:18.311" durationms="127.082" />

<concurrent-kickoff id="3741" timestamp="2022-02-08T17:24:19.296">
  <kickoff reason="threshold reached" targetBytes="74440177" thresholdFreeBytes="5756311"  remainingFree="5718976" tenureFreeBytes="112988168" nurseryFreeBytes="5718976" />
</concurrent-kickoff>
<exclusive-start id="3742" timestamp="2022-02-08T17:24:19.300" intervalms="1115.858">
  <response-info timems="0.035" idlems="0.035" threads="0" lastid="0000000000016F00" lastname="main" />
</exclusive-start>
<cycle-start id="3743" type="global" contextid="0" timestamp="2022-02-08T17:24:19.300" intervalms="3655.395" />
<concurrent-start id="3744" type="global mark" contextid="3743" timestamp="2022-02-08T17:24:19.300">
</concurrent-start>
<exclusive-end id="3745" timestamp="2022-02-08T17:24:19.300" durationms="0.053" />

<exclusive-start id="3746" timestamp="2022-02-08T17:24:19.468" intervalms="168.653">
  <response-info timems="0.047" idlems="0.047" threads="0" lastid="0000000000016F00" lastname="main" />
</exclusive-start>
<af-start id="3747" threadId="0000000000017908" totalBytesRequested="112" timestamp="2022-02-08T17:24:19.469" intervalms="1284.488" type="nursery" />
<cycle-start id="3748" type="scavenge" contextid="0" timestamp="2022-02-08T17:24:19.469" intervalms="1284.476" />
<gc-start id="3749" type="scavenge" contextid="3748" timestamp="2022-02-08T17:24:19.469">
  <mem-info id="3750" free="112988168" total="1073741824" percent="10">
    <mem type="nursery" free="0" total="268435456" percent="0">
      <mem type="allocate" free="0" total="184156160" percent="0" />
      <mem type="survivor" free="0" total="84279296" percent="0" />
    </mem>
    <mem type="tenure" free="112988168" total="805306368" percent="14">
      <mem type="soa" free="104934408" total="797252608" percent="13" />
      <mem type="loa" free="8053760" total="8053760" percent="100" />
    </mem>
    <remembered-set count="133" />
  </mem-info>
</gc-start>
<allocation-stats totalBytes="108702640" >
  <allocated-bytes non-tlh="1347776" tlh="107354864" />
  <largest-consumer threadName="main" threadId="0000000000016F00" bytes="108694448" />
</allocation-stats>
<gc-op id="3751" type="scavenge" timems="109.625" contextid="3748" timestamp="2022-02-08T17:24:19.578">
  <scavenger-info tenureage="1" tenuremask="7ffe" tiltratio="68" />
  <memory-copied type="nursery" objects="1383777" bytes="77835592" bytesdiscarded="233968" />
  <memory-copied type="tenure" objects="1452452" bytes="74371144" bytesdiscarded="39736" />
  <finalization candidates="57" enqueued="0" />
  <references type="phantom" candidates="1" cleared="0" enqueued="0" />
  <object-monitors candidates="2" cleared="0"  />
</gc-op>
<gc-end id="3752" type="scavenge" contextid="3748" durationms="109.836" usertimems="428.098" systemtimems="0.000" stalltimems="2.361" timestamp="2022-02-08T17:24:19.578" activeThreads="4">
  <mem-info id="3753" free="142948720" total="1073741824" percent="13">
    <mem type="nursery" free="104054984" total="268435456" percent="38">
      <mem type="allocate" free="104054984" total="182124544" percent="57" />
      <mem type="survivor" free="0" total="86310912" percent="0" />
    </mem>
    <mem type="tenure" free="38893736" total="805306368" percent="4" macro-fragmented="0">
      <mem type="soa" free="30839976" total="797252608" percent="3" />
      <mem type="loa" free="8053760" total="8053760" percent="100" />
    </mem>
    <remembered-set count="102" />
  </mem-info>
</gc-end>
<cycle-end id="3754" type="scavenge" contextid="3748" timestamp="2022-02-08T17:24:19.579" />
<allocation-satisfied id="3755" threadId="0000000000016F00" bytesRequested="112" />
<af-end id="3756" timestamp="2022-02-08T17:24:19.579" threadId="0000000000017908" success="true" from="nursery"/>
<exclusive-end id="3757" timestamp="2022-02-08T17:24:19.579" durationms="110.186" />

<concurrent-end id="3758" type="global mark" contextid="3743" timestamp="2022-02-08T17:24:19.725">
<gc-op id="3759" type="trace" timems="424.868" contextid="3743" timestamp="2022-02-08T17:24:19.725">
  <trace bytesTraced="74440060" workStackOverflowCount="0" />
  <card-cleaning reason="card cleaning threshold reached" bytesTraced="1000" cardsCleaned="2" />
</gc-op>
</concurrent-end>

<exclusive-start id="3760" timestamp="2022-02-08T17:24:19.725" intervalms="256.333">
  <response-info timems="0.028" idlems="0.028" threads="0" lastid="0000000000016F00" lastname="main" />
</exclusive-start>
<concurrent-global-final id="3761" timestamp="2022-02-08T17:24:19.725" contextid="3743" intervalms="3744.796" >
  <concurrent-trace-info reason="card cleaning threshold reached" tracedByMutators="56474568" tracedByHelpers="17966492" cardsCleaned="2" workStackOverflowCount="0" />
</concurrent-global-final>
<gc-start id="3762" type="global" contextid="3743" timestamp="2022-02-08T17:24:19.725">
  <mem-info id="3763" free="134199552" total="1073741824" percent="12">
    <mem type="nursery" free="95305816" total="268435456" percent="35">
      <mem type="allocate" free="95305816" total="182124544" percent="52" />
      <mem type="survivor" free="0" total="86310912" percent="0" />
    </mem>
    <mem type="tenure" free="38893736" total="805306368" percent="4">
      <mem type="soa" free="30839976" total="797252608" percent="3" />
      <mem type="loa" free="8053760" total="8053760" percent="100" />
    </mem>
    <remembered-set count="102" />
  </mem-info>
</gc-start>
<allocation-stats totalBytes="8744776" >
  <allocated-bytes non-tlh="112" tlh="8744664" />
  <largest-consumer threadName="main" threadId="0000000000016F00" bytes="8744776" />
</allocation-stats>
<gc-op id="3764" type="rs-scan" timems="0.696" contextid="3743" timestamp="2022-02-08T17:24:19.726">
  <scan objectsFound="29" bytesTraced="5268" workStackOverflowCount="0" />
</gc-op>
<gc-op id="3765" type="card-cleaning" timems="179.057" contextid="3743" timestamp="2022-02-08T17:24:19.905">
  <card-cleaning cardsCleaned="9" bytesTraced="71013244" workStackOverflowCount="0" />
</gc-op>
<gc-op id="3766" type="mark" timems="71.276" contextid="3743" timestamp="2022-02-08T17:24:19.976">
  <trace-info objectcount="2089189" scancount="1568419" scanbytes="33527336" />
  <finalization candidates="428" enqueued="57" />
  <ownableSynchronizers candidates="1" cleared="0" />
  <references type="soft" candidates="894" cleared="0" enqueued="0" dynamicThreshold="10" maxThreshold="32" />
  <references type="weak" candidates="1701" cleared="0" enqueued="0" />
  <references type="phantom" candidates="52" cleared="2" enqueued="2" />
  <stringconstants candidates="6470" cleared="0"  />
  <object-monitors candidates="2" cleared="0"  />
</gc-op>
<gc-op id="3767" type="sweep" timems="7.101" contextid="3743" timestamp="2022-02-08T17:24:19.983" />
<gc-end id="3768" type="global" contextid="3743" durationms="258.431" usertimems="319.198" systemtimems="4.722" stalltimems="166.338" timestamp="2022-02-08T17:24:19.983" activeThreads="4">
  <mem-info id="3769" free="377329528" total="1073741824" percent="35">
    <mem type="nursery" free="95631088" total="268435456" percent="35">
      <mem type="allocate" free="95631088" total="182124544" percent="52" />
      <mem type="survivor" free="0" total="86310912" percent="0" />
    </mem>
    <mem type="tenure" free="281698440" total="805306368" percent="34" micro-fragmented="293904" macro-fragmented="502401">
      <mem type="soa" free="273644680" total="797252608" percent="34" />
      <mem type="loa" free="8053760" total="8053760" percent="100" />
    </mem>
    <pending-finalizers system="57" default="0" reference="2" classloader="0" />
    <remembered-set count="102" />
  </mem-info>
</gc-end>
<cycle-end id="3770" type="global" contextid="3743" timestamp="2022-02-08T17:24:19.984" />
<exclusive-end id="3771" timestamp="2022-02-08T17:24:19.984" durationms="258.772" />

<exclusive-start id="3772" timestamp="2022-02-08T17:24:20.733" intervalms="1007.951">
  <response-info timems="0.025" idlems="0.025" threads="0" lastid="0000000000016F00" lastname="main" />
</exclusive-start>
<af-start id="3773" threadId="0000000000017908" totalBytesRequested="192" timestamp="2022-02-08T17:24:20.733" intervalms="1264.284" type="nursery" />
<cycle-start id="3774" type="scavenge" contextid="0" timestamp="2022-02-08T17:24:20.733" intervalms="1264.285" />
<gc-start id="3775" type="scavenge" contextid="3774" timestamp="2022-02-08T17:24:20.733">
  <mem-info id="3776" free="281698440" total="1073741824" percent="26">
    <mem type="nursery" free="0" total="268435456" percent="0">
      <mem type="allocate" free="0" total="182124544" percent="0" />
      <mem type="survivor" free="0" total="86310912" percent="0" />
    </mem>
    <mem type="tenure" free="281698440" total="805306368" percent="34">
      <mem type="soa" free="273644680" total="797252608" percent="34" />
      <mem type="loa" free="8053760" total="8053760" percent="100" />
    </mem>
    <remembered-set count="105" />
  </mem-info>
</gc-start>
<allocation-stats totalBytes="95587072" >
  <allocated-bytes non-tlh="0" tlh="95587072" />
  <largest-consumer threadName="main" threadId="0000000000016F00" bytes="95582976" />
</allocation-stats>
<gc-op id="3777" type="scavenge" timems="138.931" contextid="3774" timestamp="2022-02-08T17:24:20.872">
  <scavenger-info tenureage="1" tenuremask="7ffe" tiltratio="67" />
  <memory-copied type="nursery" objects="1305351" bytes="74075632" bytesdiscarded="143472" />
  <memory-copied type="tenure" objects="1383777" bytes="77835592" bytesdiscarded="43440" />
  <finalization candidates="1" enqueued="0" />
  <ownableSynchronizers candidates="2" cleared="2" />
  <object-monitors candidates="2" cleared="0"  />
</gc-op>
<gc-end id="3778" type="scavenge" contextid="3774" durationms="139.161" usertimems="533.905" systemtimems="1.353" stalltimems="17.291" timestamp="2022-02-08T17:24:20.872" activeThreads="4">
  <mem-info id="3779" free="311870672" total="1073741824" percent="29">
    <mem type="nursery" free="108364192" total="268435456" percent="40">
      <mem type="allocate" free="108364192" total="182583296" percent="59" />
      <mem type="survivor" free="0" total="85852160" percent="0" />
    </mem>
    <mem type="tenure" free="203506480" total="805306368" percent="25" macro-fragmented="0">
      <mem type="soa" free="195452720" total="797252608" percent="24" />
      <mem type="loa" free="8053760" total="8053760" percent="100" />
    </mem>
    <remembered-set count="105" />
  </mem-info>
</gc-end>
<cycle-end id="3780" type="scavenge" contextid="3774" timestamp="2022-02-08T17:24:20.872" />
<allocation-satisfied id="3781" threadId="0000000000016F00" bytesRequested="192" />
<af-end id="3782" timestamp="2022-02-08T17:24:20.872" threadId="0000000000017908" success="true" from="nursery"/>
<exclusive-end id="3783" timestamp="2022-02-08T17:24:20.872" durationms="139.511" />

<exclusive-start id="3784" timestamp="2022-02-08T17:24:21.991" intervalms="1257.818">
  <response-info timems="0.024" idlems="0.024" threads="0" lastid="0000000000016F00" lastname="main" />
</exclusive-start>
<af-start id="3785" threadId="0000000000017908" totalBytesRequested="192" timestamp="2022-02-08T17:24:21.991" intervalms="1257.842" type="nursery" />
<cycle-start id="3786" type="scavenge" contextid="0" timestamp="2022-02-08T17:24:21.991" intervalms="1258.133" />
<gc-start id="3787" type="scavenge" contextid="3786" timestamp="2022-02-08T17:24:21.991">
  <mem-info id="3788" free="203506480" total="1073741824" percent="18">
    <mem type="nursery" free="0" total="268435456" percent="0">
      <mem type="allocate" free="0" total="182583296" percent="0" />
      <mem type="survivor" free="0" total="85852160" percent="0" />
    </mem>
    <mem type="tenure" free="203506480" total="805306368" percent="25">
      <mem type="soa" free="195452720" total="797252608" percent="24" />
      <mem type="loa" free="8053760" total="8053760" percent="100" />
    </mem>
    <remembered-set count="136" />
  </mem-info>
</gc-start>
<allocation-stats totalBytes="108316832" >
  <allocated-bytes non-tlh="1493960" tlh="106822872" />
  <largest-consumer threadName="main" threadId="0000000000016F00" bytes="108316832" />
</allocation-stats>
<gc-op id="3789" type="scavenge" timems="132.044" contextid="3786" timestamp="2022-02-08T17:24:22.123">
  <scavenger-info tenureage="1" tenuremask="7ffe" tiltratio="68" />
  <memory-copied type="nursery" objects="1492848" bytes="76284816" bytesdiscarded="69304" />
  <memory-copied type="tenure" objects="1305350" bytes="74075528" bytesdiscarded="41824" />
  <finalization candidates="109" enqueued="53" />
  <references type="soft" candidates="14" cleared="0" enqueued="0" dynamicThreshold="11" maxThreshold="32" />
  <references type="weak" candidates="1" cleared="0" enqueued="0" />
  <references type="phantom" candidates="94" cleared="7" enqueued="7" />
  <object-monitors candidates="2" cleared="0"  />
</gc-op>
<gc-end id="3790" type="scavenge" contextid="3786" durationms="132.253" usertimems="518.769" systemtimems="0.258" stalltimems="5.546" timestamp="2022-02-08T17:24:22.123" activeThreads="4">
  <mem-info id="3791" free="235964888" total="1073741824" percent="21">
    <mem type="nursery" free="106425656" total="268435456" percent="39">
      <mem type="allocate" free="106425656" total="182779904" percent="58" />
      <mem type="survivor" free="0" total="85655552" percent="0" />
    </mem>
    <mem type="tenure" free="129539232" total="805306368" percent="16" macro-fragmented="0">
      <mem type="soa" free="121485472" total="797252608" percent="15" />
      <mem type="loa" free="8053760" total="8053760" percent="100" />
    </mem>
    <pending-finalizers system="52" default="1" reference="7" classloader="0" />
    <remembered-set count="132" />
  </mem-info>
</gc-end>
<cycle-end id="3792" type="scavenge" contextid="3786" timestamp="2022-02-08T17:24:22.123" />
<allocation-satisfied id="3793" threadId="0000000000016F00" bytesRequested="192" />
<af-end id="3794" timestamp="2022-02-08T17:24:22.123" threadId="0000000000017908" success="true" from="nursery"/>
<exclusive-end id="3795" timestamp="2022-02-08T17:24:22.123" durationms="132.884" />

<concurrent-kickoff id="3796" timestamp="2022-02-08T17:24:22.907">
  <kickoff reason="threshold reached" targetBytes="74440350" thresholdFreeBytes="5754428"  remainingFree="5696824" tenureFreeBytes="129539232" nurseryFreeBytes="5696824" />
</concurrent-kickoff>
<exclusive-start id="3797" timestamp="2022-02-08T17:24:22.911" intervalms="920.004">
  <response-info timems="0.051" idlems="0.051" threads="0" lastid="0000000000016F00" lastname="main" />
</exclusive-start>
<cycle-start id="3798" type="global" contextid="0" timestamp="2022-02-08T17:24:22.911" intervalms="3610.754" />
<concurrent-start id="3799" type="global mark" contextid="3798" timestamp="2022-02-08T17:24:22.911">
</concurrent-start>
<exclusive-end id="3800" timestamp="2022-02-08T17:24:22.911" durationms="0.045" />

<exclusive-start id="3801" timestamp="2022-02-08T17:24:23.083" intervalms="172.553">
  <response-info timems="0.018" idlems="0.018" threads="0" lastid="0000000000016F00" lastname="main" />
</exclusive-start>
<af-start id="3802" threadId="0000000000017908" totalBytesRequested="200" timestamp="2022-02-08T17:24:23.083" intervalms="1092.550" type="nursery" />
<cycle-start id="3803" type="scavenge" contextid="0" timestamp="2022-02-08T17:24:23.083" intervalms="1092.256" />
<gc-start id="3804" type="scavenge" contextid="3803" timestamp="2022-02-08T17:24:23.083">
  <mem-info id="3805" free="129539232" total="1073741824" percent="12">
    <mem type="nursery" free="0" total="268435456" percent="0">
      <mem type="allocate" free="0" total="182779904" percent="0" />
      <mem type="survivor" free="0" total="85655552" percent="0" />
    </mem>
    <mem type="tenure" free="129539232" total="805306368" percent="16">
      <mem type="soa" free="121485472" total="797252608" percent="15" />
      <mem type="loa" free="8053760" total="8053760" percent="100" />
    </mem>
    <remembered-set count="133" />
  </mem-info>
</gc-start>
<allocation-stats totalBytes="106375712" >
  <allocated-bytes non-tlh="1347872" tlh="105027840" />
  <largest-consumer threadName="main" threadId="0000000000016F00" bytes="106367520" />
</allocation-stats>
<gc-op id="3806" type="scavenge" timems="87.619" contextid="3803" timestamp="2022-02-08T17:24:23.171">
  <scavenger-info tenureage="1" tenuremask="7ffe" tiltratio="68" />
  <memory-copied type="nursery" objects="1329594" bytes="76132208" bytesdiscarded="201032" />
  <memory-copied type="tenure" objects="1492128" bytes="75341544" bytesdiscarded="38120" />
  <finalization candidates="57" enqueued="0" />
  <references type="phantom" candidates="1" cleared="0" enqueued="0" />
  <object-monitors candidates="2" cleared="0"  />
</gc-op>
<gc-end id="3807" type="scavenge" contextid="3803" durationms="87.825" usertimems="346.048" systemtimems="0.000" stalltimems="3.539" timestamp="2022-02-08T17:24:23.171" activeThreads="4">
  <mem-info id="3808" free="161325288" total="1073741824" percent="15">
    <mem type="nursery" free="107102024" total="268435456" percent="39">
      <mem type="allocate" free="107102024" total="183435264" percent="58" />
      <mem type="survivor" free="0" total="85000192" percent="0" />
    </mem>
    <mem type="tenure" free="54223264" total="805306368" percent="6" macro-fragmented="0">
      <mem type="soa" free="46169504" total="797252608" percent="5" />
      <mem type="loa" free="8053760" total="8053760" percent="100" />
    </mem>
    <remembered-set count="102" />
  </mem-info>
</gc-end>
<cycle-end id="3809" type="scavenge" contextid="3803" timestamp="2022-02-08T17:24:23.171" />
<allocation-satisfied id="3810" threadId="0000000000016F00" bytesRequested="200" />
<af-end id="3811" timestamp="2022-02-08T17:24:23.171" threadId="0000000000017908" success="true" from="nursery"/>
<exclusive-end id="3812" timestamp="2022-02-08T17:24:23.171" durationms="88.182" />

<concurrent-end id="3813" type="global mark" contextid="3798" timestamp="2022-02-08T17:24:23.311">
<gc-op id="3814" type="trace" timems="400.665" contextid="3798" timestamp="2022-02-08T17:24:23.311">
  <trace bytesTraced="74440268" workStackOverflowCount="0" />
  <card-cleaning reason="card cleaning threshold reached" bytesTraced="1000" cardsCleaned="2" />
</gc-op>
</concurrent-end>

<exclusive-start id="3815" timestamp="2022-02-08T17:24:23.311" intervalms="228.198">
  <response-info timems="0.019" idlems="0.019" threads="0" lastid="0000000000016F00" lastname="main" />
</exclusive-start>
<concurrent-global-final id="3816" timestamp="2022-02-08T17:24:23.311" contextid="3798" intervalms="3586.515" >
  <concurrent-trace-info reason="card cleaning threshold reached" tracedByMutators="58315396" tracedByHelpers="16125872" cardsCleaned="2" workStackOverflowCount="0" />
</concurrent-global-final>
<gc-start id="3817" type="global" contextid="3798" timestamp="2022-02-08T17:24:23.311">
  <mem-info id="3818" free="153100320" total="1073741824" percent="14">
    <mem type="nursery" free="98877056" total="268435456" percent="36">
      <mem type="allocate" free="98877056" total="183435264" percent="53" />
      <mem type="survivor" free="0" total="85000192" percent="0" />
    </mem>
    <mem type="tenure" free="54223264" total="805306368" percent="6">
      <mem type="soa" free="46169504" total="797252608" percent="5" />
      <mem type="loa" free="8053760" total="8053760" percent="100" />
    </mem>
    <remembered-set count="102" />
  </mem-info>
</gc-start>
<allocation-stats totalBytes="8221288" >
  <allocated-bytes non-tlh="200" tlh="8221088" />
  <largest-consumer threadName="main" threadId="0000000000016F00" bytes="8221288" />
</allocation-stats>
<gc-op id="3819" type="rs-scan" timems="2.661" contextid="3798" timestamp="2022-02-08T17:24:23.314">
  <scan objectsFound="29" bytesTraced="5268" workStackOverflowCount="0" />
</gc-op>
<gc-op id="3820" type="card-cleaning" timems="161.374" contextid="3798" timestamp="2022-02-08T17:24:23.475">
  <card-cleaning cardsCleaned="9" bytesTraced="71013244" workStackOverflowCount="0" />
</gc-op>
<gc-op id="3821" type="mark" timems="47.214" contextid="3798" timestamp="2022-02-08T17:24:23.523">
  <trace-info objectcount="1781891" scancount="1337945" scanbytes="28610560" />
  <finalization candidates="428" enqueued="57" />
  <ownableSynchronizers candidates="1" cleared="0" />
  <references type="soft" candidates="894" cleared="0" enqueued="0" dynamicThreshold="11" maxThreshold="32" />
  <references type="weak" candidates="1701" cleared="0" enqueued="0" />
  <references type="phantom" candidates="52" cleared="2" enqueued="2" />
  <stringconstants candidates="6470" cleared="0"  />
  <object-monitors candidates="2" cleared="0"  />
</gc-op>
<gc-op id="3822" type="sweep" timems="4.765" contextid="3798" timestamp="2022-02-08T17:24:23.528" />
<gc-end id="3823" type="global" contextid="3798" durationms="216.224" usertimems="226.151" systemtimems="4.644" stalltimems="141.001" timestamp="2022-02-08T17:24:23.528" activeThreads="4">
  <mem-info id="3824" free="396232616" total="1073741824" percent="36">
    <mem type="nursery" free="99171512" total="268435456" percent="36">
      <mem type="allocate" free="99171512" total="183435264" percent="54" />
      <mem type="survivor" free="0" total="85000192" percent="0" />
    </mem>
    <mem type="tenure" free="297061104" total="805306368" percent="36" micro-fragmented="274841" macro-fragmented="0">
      <mem type="soa" free="289007344" total="797252608" percent="36" />
      <mem type="loa" free="8053760" total="8053760" percent="100" />
    </mem>
    <pending-finalizers system="57" default="0" reference="2" classloader="0" />
    <remembered-set count="102" />
  </mem-info>
</gc-end>
<cycle-end id="3825" type="global" contextid="3798" timestamp="2022-02-08T17:24:23.528" />
<exclusive-end id="3826" timestamp="2022-02-08T17:24:23.528" durationms="216.420" />

<exclusive-start id="3827" timestamp="2022-02-08T17:24:24.200" intervalms="888.787">
  <response-info timems="0.029" idlems="0.029" threads="0" lastid="0000000000016F00" lastname="main" />
</exclusive-start>
<af-start id="3828" threadId="0000000000017908" totalBytesRequested="104" timestamp="2022-02-08T17:24:24.200" intervalms="1116.966" type="nursery" />
<cycle-start id="3829" type="scavenge" contextid="0" timestamp="2022-02-08T17:24:24.200" intervalms="1116.968" />
<gc-start id="3830" type="scavenge" contextid="3829" timestamp="2022-02-08T17:24:24.200">
  <mem-info id="3831" free="297061104" total="1073741824" percent="27">
    <mem type="nursery" free="0" total="268435456" percent="0">
      <mem type="allocate" free="0" total="183435264" percent="0" />
      <mem type="survivor" free="0" total="85000192" percent="0" />
    </mem>
    <mem type="tenure" free="297061104" total="805306368" percent="36">
      <mem type="soa" free="289007344" total="797252608" percent="36" />
      <mem type="loa" free="8053760" total="8053760" percent="100" />
    </mem>
    <remembered-set count="105" />
  </mem-info>
</gc-start>
<allocation-stats totalBytes="99124400" >
  <allocated-bytes non-tlh="0" tlh="99124400" />
  <largest-consumer threadName="main" threadId="0000000000016F00" bytes="99120304" />
</allocation-stats>
<gc-op id="3832" type="scavenge" timems="98.895" contextid="3829" timestamp="2022-02-08T17:24:24.299">
  <scavenger-info tenureage="1" tenuremask="7ffe" tiltratio="68" />
  <memory-copied type="nursery" objects="1353762" bytes="76250648" bytesdiscarded="204912" />
  <memory-copied type="tenure" objects="1329593" bytes="76132096" bytesdiscarded="43520" />
  <finalization candidates="1" enqueued="0" />
  <ownableSynchronizers candidates="2" cleared="2" />
  <object-monitors candidates="2" cleared="0"  />
</gc-op>
<gc-end id="3833" type="scavenge" contextid="3829" durationms="99.086" usertimems="391.715" systemtimems="0.000" stalltimems="1.898" timestamp="2022-02-08T17:24:24.299" activeThreads="4">
  <mem-info id="3834" free="328232488" total="1073741824" percent="30">
    <mem type="nursery" free="107438456" total="268435456" percent="40">
      <mem type="allocate" free="107438456" total="183894016" percent="58" />
      <mem type="survivor" free="0" total="84541440" percent="0" />
    </mem>
    <mem type="tenure" free="220794032" total="805306368" percent="27" macro-fragmented="0">
      <mem type="soa" free="212740272" total="797252608" percent="26" />
      <mem type="loa" free="8053760" total="8053760" percent="100" />
    </mem>
    <remembered-set count="105" />
  </mem-info>
</gc-end>
<cycle-end id="3835" type="scavenge" contextid="3829" timestamp="2022-02-08T17:24:24.299" />
<allocation-satisfied id="3836" threadId="0000000000016F00" bytesRequested="104" />
<af-end id="3837" timestamp="2022-02-08T17:24:24.300" threadId="0000000000017908" success="true" from="nursery"/>
<exclusive-end id="3838" timestamp="2022-02-08T17:24:24.300" durationms="99.392" />

<exclusive-start id="3839" timestamp="2022-02-08T17:24:25.164" intervalms="963.460">
  <response-info timems="0.018" idlems="0.018" threads="0" lastid="0000000000016F00" lastname="main" />
</exclusive-start>
<af-start id="3840" threadId="0000000000017908" totalBytesRequested="24" timestamp="2022-02-08T17:24:25.164" intervalms="963.458" type="nursery" />
<cycle-start id="3841" type="scavenge" contextid="0" timestamp="2022-02-08T17:24:25.164" intervalms="963.455" />
<gc-start id="3842" type="scavenge" contextid="3841" timestamp="2022-02-08T17:24:25.164">
  <mem-info id="3843" free="220794032" total="1073741824" percent="20">
    <mem type="nursery" free="0" total="268435456" percent="0">
      <mem type="allocate" free="0" total="183894016" percent="0" />
      <mem type="survivor" free="0" total="84541440" percent="0" />
    </mem>
    <mem type="tenure" free="220794032" total="805306368" percent="27">
      <mem type="soa" free="212740272" total="797252608" percent="26" />
      <mem type="loa" free="8053760" total="8053760" percent="100" />
    </mem>
    <remembered-set count="136" />
  </mem-info>
</gc-start>
<allocation-stats totalBytes="107393280" >
  <allocated-bytes non-tlh="752008" tlh="106641272" />
  <largest-consumer threadName="main" threadId="0000000000016F00" bytes="107393280" />
</allocation-stats>
<gc-op id="3844" type="scavenge" timems="85.384" contextid="3841" timestamp="2022-02-08T17:24:25.249">
  <scavenger-info tenureage="1" tenuremask="7ffe" tiltratio="68" />
  <memory-copied type="nursery" objects="1443280" bytes="75772024" bytesdiscarded="82352" />
  <memory-copied type="tenure" objects="1353762" bytes="76250648" bytesdiscarded="39672" />
  <finalization candidates="70" enqueued="37" />
  <references type="soft" candidates="14" cleared="0" enqueued="0" dynamicThreshold="11" maxThreshold="32" />
  <references type="weak" candidates="1" cleared="0" enqueued="0" />
  <references type="phantom" candidates="55" cleared="7" enqueued="7" />
  <object-monitors candidates="2" cleared="0"  />
</gc-op>
<gc-end id="3845" type="scavenge" contextid="3841" durationms="85.602" usertimems="325.901" systemtimems="0.406" stalltimems="4.269" timestamp="2022-02-08T17:24:25.249" activeThreads="4">
  <mem-info id="3846" free="252784544" total="1073741824" percent="23">
    <mem type="nursery" free="108498264" total="268435456" percent="40">
      <mem type="allocate" free="108498264" total="184352768" percent="58" />
      <mem type="survivor" free="0" total="84082688" percent="0" />
    </mem>
    <mem type="tenure" free="144286280" total="805306368" percent="17" macro-fragmented="39939376">
      <mem type="soa" free="136232520" total="797252608" percent="17" />
      <mem type="loa" free="8053760" total="8053760" percent="100" />
    </mem>
    <pending-finalizers system="36" default="1" reference="7" classloader="0" />
    <remembered-set count="132" />
  </mem-info>
</gc-end>
<cycle-end id="3847" type="scavenge" contextid="3841" timestamp="2022-02-08T17:24:25.249" />
<allocation-satisfied id="3848" threadId="0000000000016F00" bytesRequested="24" />
<af-end id="3849" timestamp="2022-02-08T17:24:25.250" threadId="0000000000017908" success="true" from="nursery"/>
<exclusive-end id="3850" timestamp="2022-02-08T17:24:25.250" durationms="85.934" />

<concurrent-kickoff id="3851" timestamp="2022-02-08T17:24:26.028">
  <kickoff reason="threshold reached" targetBytes="74440530" thresholdFreeBytes="5752893"  remainingFree="5633864" tenureFreeBytes="144286280" nurseryFreeBytes="5633864" />
</concurrent-kickoff>
<exclusive-start id="3852" timestamp="2022-02-08T17:24:26.031" intervalms="867.486">
  <response-info timems="0.036" idlems="0.036" threads="0" lastid="0000000000016F00" lastname="main" />
</exclusive-start>
<cycle-start id="3853" type="global" contextid="0" timestamp="2022-02-08T17:24:26.031" intervalms="3120.495" />
<concurrent-start id="3854" type="global mark" contextid="3853" timestamp="2022-02-08T17:24:26.031">
</concurrent-start>
<exclusive-end id="3855" timestamp="2022-02-08T17:24:26.031" durationms="0.066" />

<exclusive-start id="3856" timestamp="2022-02-08T17:24:26.204" intervalms="172.884">
  <response-info timems="0.037" idlems="0.037" threads="0" lastid="0000000000016F00" lastname="main" />
</exclusive-start>
<af-start id="3857" threadId="0000000000017908" totalBytesRequested="24" timestamp="2022-02-08T17:24:26.204" intervalms="1040.371" type="nursery" />
<cycle-start id="3858" type="scavenge" contextid="0" timestamp="2022-02-08T17:24:26.204" intervalms="1040.372" />
<gc-start id="3859" type="scavenge" contextid="3858" timestamp="2022-02-08T17:24:26.204">
  <mem-info id="3860" free="144286280" total="1073741824" percent="13">
    <mem type="nursery" free="0" total="268435456" percent="0">
      <mem type="allocate" free="0" total="184352768" percent="0" />
      <mem type="survivor" free="0" total="84082688" percent="0" />
    </mem>
    <mem type="tenure" free="144286280" total="805306368" percent="17">
      <mem type="soa" free="136232520" total="797252608" percent="17" />
      <mem type="loa" free="8053760" total="8053760" percent="100" />
    </mem>
    <remembered-set count="133" />
  </mem-info>
</gc-start>
<allocation-stats totalBytes="108447760" >
  <allocated-bytes non-tlh="2160144" tlh="106287616" />
  <largest-consumer threadName="main" threadId="0000000000016F00" bytes="108439568" />
</allocation-stats>
<gc-op id="3861" type="scavenge" timems="80.775" contextid="3858" timestamp="2022-02-08T17:24:26.285">
  <scavenger-info tenureage="1" tenuremask="7ffe" tiltratio="68" />
  <memory-copied type="nursery" objects="1387869" bytes="77088520" bytesdiscarded="158336" />
  <memory-copied type="tenure" objects="1442749" bytes="75313840" bytesdiscarded="40136" />
  <finalization candidates="73" enqueued="16" />
  <references type="phantom" candidates="40" cleared="0" enqueued="0" />
  <object-monitors candidates="2" cleared="0"  />
</gc-op>
<gc-end id="3862" type="scavenge" contextid="3858" durationms="80.986" usertimems="317.572" systemtimems="0.000" stalltimems="4.172" timestamp="2022-02-08T17:24:26.285" activeThreads="4">
  <mem-info id="3863" free="175715016" total="1073741824" percent="16">
    <mem type="nursery" free="106581624" total="268435456" percent="39">
      <mem type="allocate" free="106581624" total="183828480" percent="57" />
      <mem type="survivor" free="0" total="84606976" percent="0" />
    </mem>
    <mem type="tenure" free="69133392" total="805306368" percent="8" macro-fragmented="57512708">
      <mem type="soa" free="61079632" total="797252608" percent="7" />
      <mem type="loa" free="8053760" total="8053760" percent="100" />
    </mem>
    <pending-finalizers system="16" default="0" reference="0" classloader="0" />
    <remembered-set count="105" />
  </mem-info>
</gc-end>
<cycle-end id="3864" type="scavenge" contextid="3858" timestamp="2022-02-08T17:24:26.285" />
<allocation-satisfied id="3865" threadId="0000000000016F00" bytesRequested="24" />
<af-end id="3866" timestamp="2022-02-08T17:24:26.285" threadId="0000000000017908" success="true" from="nursery"/>
<exclusive-end id="3867" timestamp="2022-02-08T17:24:26.285" durationms="81.335" />

<concurrent-end id="3868" type="global mark" contextid="3853" timestamp="2022-02-08T17:24:26.393">
<gc-op id="3869" type="trace" timems="362.211" contextid="3853" timestamp="2022-02-08T17:24:26.393">
  <trace bytesTraced="74440540" workStackOverflowCount="0" />
  <card-cleaning reason="card cleaning threshold reached" bytesTraced="1000" cardsCleaned="2" />
</gc-op>
</concurrent-end>

<exclusive-start id="3870" timestamp="2022-02-08T17:24:26.393" intervalms="189.418">
  <response-info timems="0.017" idlems="0.017" threads="0" lastid="0000000000016F00" lastname="main" />
</exclusive-start>
<concurrent-global-final id="3871" timestamp="2022-02-08T17:24:26.393" contextid="3853" intervalms="3082.036" >
  <concurrent-trace-info reason="card cleaning threshold reached" tracedByMutators="48332276" tracedByHelpers="26109264" cardsCleaned="2" workStackOverflowCount="0" />
</concurrent-global-final>
<gc-start id="3872" type="global" contextid="3853" timestamp="2022-02-08T17:24:26.393">
  <mem-info id="3873" free="167092912" total="1073741824" percent="15">
    <mem type="nursery" free="97959520" total="268435456" percent="36">
      <mem type="allocate" free="97959520" total="183828480" percent="53" />
      <mem type="survivor" free="0" total="84606976" percent="0" />
    </mem>
    <mem type="tenure" free="69133392" total="805306368" percent="8">
      <mem type="soa" free="61079632" total="797252608" percent="7" />
      <mem type="loa" free="8053760" total="8053760" percent="100" />
    </mem>
    <remembered-set count="105" />
  </mem-info>
</gc-start>
<allocation-stats totalBytes="8617792" >
  <allocated-bytes non-tlh="24" tlh="8617768" />
  <largest-consumer threadName="main" threadId="0000000000016F00" bytes="8613696" />
</allocation-stats>
<gc-op id="3874" type="rs-scan" timems="0.577" contextid="3853" timestamp="2022-02-08T17:24:26.394">
  <scan objectsFound="29" bytesTraced="5332" workStackOverflowCount="0" />
</gc-op>
<gc-op id="3875" type="card-cleaning" timems="155.786" contextid="3853" timestamp="2022-02-08T17:24:26.550">
  <card-cleaning cardsCleaned="9" bytesTraced="71013244" workStackOverflowCount="0" />
</gc-op>
<gc-op id="3876" type="mark" timems="42.654" contextid="3853" timestamp="2022-02-08T17:24:26.593">
  <trace-info objectcount="1548674" scancount="1163032" scanbytes="24879080" />
  <finalization candidates="428" enqueued="57" />
  <ownableSynchronizers candidates="1" cleared="0" />
  <references type="soft" candidates="894" cleared="0" enqueued="0" dynamicThreshold="11" maxThreshold="32" />
  <references type="weak" candidates="1701" cleared="0" enqueued="0" />
  <references type="phantom" candidates="52" cleared="2" enqueued="2" />
  <stringconstants candidates="6470" cleared="0"  />
  <object-monitors candidates="2" cleared="0"  />
</gc-op>
<gc-op id="3877" type="sweep" timems="4.918" contextid="3853" timestamp="2022-02-08T17:24:26.598" />
<gc-end id="3878" type="global" contextid="3853" durationms="204.191" usertimems="214.757" systemtimems="4.129" stalltimems="127.891" timestamp="2022-02-08T17:24:26.598" activeThreads="4">
  <mem-info id="3879" free="410323168" total="1073741824" percent="38">
    <mem type="nursery" free="98347984" total="268435456" percent="36">
      <mem type="allocate" free="98347984" total="183828480" percent="53" />
      <mem type="survivor" free="0" total="84606976" percent="0" />
    </mem>
    <mem type="tenure" free="311975184" total="805306368" percent="38" micro-fragmented="297245" macro-fragmented="0">
      <mem type="soa" free="303921424" total="797252608" percent="38" />
      <mem type="loa" free="8053760" total="8053760" percent="100" />
    </mem>
    <pending-finalizers system="57" default="0" reference="2" classloader="0" />
    <remembered-set count="105" />
  </mem-info>
</gc-end>
<cycle-end id="3880" type="global" contextid="3853" timestamp="2022-02-08T17:24:26.598" />
<exclusive-end id="3881" timestamp="2022-02-08T17:24:26.598" durationms="204.423" />

<exclusive-start id="3882" timestamp="2022-02-08T17:24:27.230" intervalms="836.496">
  <response-info timems="0.018" idlems="0.018" threads="0" lastid="0000000000016F00" lastname="main" />
</exclusive-start>
<af-start id="3883" threadId="0000000000017908" totalBytesRequested="104" timestamp="2022-02-08T17:24:27.230" intervalms="1025.918" type="nursery" />
<cycle-start id="3884" type="scavenge" contextid="0" timestamp="2022-02-08T17:24:27.230" intervalms="1025.933" />
<gc-start id="3885" type="scavenge" contextid="3884" timestamp="2022-02-08T17:24:27.230">
  <mem-info id="3886" free="311975184" total="1073741824" percent="29">
    <mem type="nursery" free="0" total="268435456" percent="0">
      <mem type="allocate" free="0" total="183828480" percent="0" />
      <mem type="survivor" free="0" total="84606976" percent="0" />
    </mem>
    <mem type="tenure" free="311975184" total="805306368" percent="38">
      <mem type="soa" free="303921424" total="797252608" percent="38" />
      <mem type="loa" free="8053760" total="8053760" percent="100" />
    </mem>
    <remembered-set count="108" />
  </mem-info>
</gc-start>
<allocation-stats totalBytes="98303488" >
  <allocated-bytes non-tlh="0" tlh="98303488" />
  <largest-consumer threadName="main" threadId="0000000000016F00" bytes="98299392" />
</allocation-stats>
<gc-op id="3887" type="scavenge" timems="83.143" contextid="3884" timestamp="2022-02-08T17:24:27.313">
  <scavenger-info tenureage="1" tenuremask="7ffe" tiltratio="68" />
  <memory-copied type="nursery" objects="1350501" bytes="75967496" bytesdiscarded="313568" />
  <memory-copied type="tenure" objects="1387677" bytes="76950920" bytesdiscarded="45760" />
  <finalization candidates="24" enqueued="0" />
  <ownableSynchronizers candidates="2" cleared="2" />
  <object-monitors candidates="2" cleared="0"  />
</gc-op>
<gc-end id="3888" type="scavenge" contextid="3884" durationms="83.383" usertimems="324.608" systemtimems="0.204" stalltimems="1.512" timestamp="2022-02-08T17:24:27.314" activeThreads="4">
  <mem-info id="3889" free="342578944" total="1073741824" percent="31">
    <mem type="nursery" free="107809560" total="268435456" percent="40">
      <mem type="allocate" free="107809560" total="184090624" percent="58" />
      <mem type="survivor" free="0" total="84344832" percent="0" />
    </mem>
    <mem type="tenure" free="234769384" total="805306368" percent="29" macro-fragmented="0">
      <mem type="soa" free="226715624" total="797252608" percent="28" />
      <mem type="loa" free="8053760" total="8053760" percent="100" />
    </mem>
    <remembered-set count="104" />
  </mem-info>
</gc-end>
<cycle-end id="3890" type="scavenge" contextid="3884" timestamp="2022-02-08T17:24:27.314" />
<allocation-satisfied id="3891" threadId="0000000000016F00" bytesRequested="104" />
<af-end id="3892" timestamp="2022-02-08T17:24:27.314" threadId="0000000000017908" success="true" from="nursery"/>
<exclusive-end id="3893" timestamp="2022-02-08T17:24:27.314" durationms="84.030" />

<exclusive-start id="3894" timestamp="2022-02-08T17:24:28.007" intervalms="777.244">
  <response-info timems="0.018" idlems="0.018" threads="0" lastid="0000000000016F00" lastname="main" />
</exclusive-start>
<af-start id="3895" threadId="0000000000017908" totalBytesRequested="24" timestamp="2022-02-08T17:24:28.007" intervalms="777.252" type="nursery" />
<cycle-start id="3896" type="scavenge" contextid="0" timestamp="2022-02-08T17:24:28.007" intervalms="777.239" />
<gc-start id="3897" type="scavenge" contextid="3896" timestamp="2022-02-08T17:24:28.007">
  <mem-info id="3898" free="234769384" total="1073741824" percent="21">
    <mem type="nursery" free="0" total="268435456" percent="0">
      <mem type="allocate" free="0" total="184090624" percent="0" />
      <mem type="survivor" free="0" total="84344832" percent="0" />
    </mem>
    <mem type="tenure" free="234769384" total="805306368" percent="29">
      <mem type="soa" free="226715624" total="797252608" percent="28" />
      <mem type="loa" free="8053760" total="8053760" percent="100" />
    </mem>
    <remembered-set count="104" />
  </mem-info>
</gc-start>
<allocation-stats totalBytes="107760488" >
  <allocated-bytes non-tlh="104" tlh="107760384" />
  <largest-consumer threadName="main" threadId="0000000000016F00" bytes="107760488" />
</allocation-stats>
<gc-op id="3899" type="scavenge" timems="81.697" contextid="3896" timestamp="2022-02-08T17:24:28.089">
  <scavenger-info tenureage="1" tenuremask="7ffe" tiltratio="68" />
  <memory-copied type="nursery" objects="1337854" bytes="76595576" bytesdiscarded="171400" />
  <memory-copied type="tenure" objects="1350501" bytes="75967496" bytesdiscarded="43232" />
  <object-monitors candidates="2" cleared="0"  />
</gc-op>
<gc-end id="3900" type="scavenge" contextid="3896" durationms="81.889" usertimems="311.764" systemtimems="0.091" stalltimems="3.593" timestamp="2022-02-08T17:24:28.089" activeThreads="4">
  <mem-info id="3901" free="266211960" total="1073741824" percent="24">
    <mem type="nursery" free="107520256" total="268435456" percent="40">
      <mem type="allocate" free="107520256" total="184287232" percent="58" />
      <mem type="survivor" free="0" total="84148224" percent="0" />
    </mem>
    <mem type="tenure" free="158691704" total="805306368" percent="19" macro-fragmented="0">
      <mem type="soa" free="150637944" total="797252608" percent="18" />
      <mem type="loa" free="8053760" total="8053760" percent="100" />
    </mem>
    <remembered-set count="105" />
  </mem-info>
</gc-end>
<cycle-end id="3902" type="scavenge" contextid="3896" timestamp="2022-02-08T17:24:28.089" />
<allocation-satisfied id="3903" threadId="0000000000016F00" bytesRequested="24" />
<af-end id="3904" timestamp="2022-02-08T17:24:28.089" threadId="0000000000017908" success="true" from="nursery"/>
<exclusive-end id="3905" timestamp="2022-02-08T17:24:28.089" durationms="82.212" />

<concurrent-kickoff id="3906" timestamp="2022-02-08T17:24:28.964">
  <kickoff reason="threshold reached" targetBytes="74440735" thresholdFreeBytes="5774866"  remainingFree="5742848" tenureFreeBytes="158691704" nurseryFreeBytes="5742848" />
</concurrent-kickoff>
<exclusive-start id="3907" timestamp="2022-02-08T17:24:28.968" intervalms="960.518">
  <response-info timems="0.024" idlems="0.024" threads="0" lastid="0000000000016F00" lastname="main" />
</exclusive-start>
<cycle-start id="3908" type="global" contextid="0" timestamp="2022-02-08T17:24:28.968" intervalms="2936.544" />
<concurrent-start id="3909" type="global mark" contextid="3908" timestamp="2022-02-08T17:24:28.968">
</concurrent-start>
<exclusive-end id="3910" timestamp="2022-02-08T17:24:28.968" durationms="0.036" />

<exclusive-start id="3911" timestamp="2022-02-08T17:24:29.094" intervalms="126.747">
  <response-info timems="0.019" idlems="0.019" threads="0" lastid="0000000000016F00" lastname="main" />
</exclusive-start>
<af-start id="3912" threadId="0000000000017908" totalBytesRequested="104" timestamp="2022-02-08T17:24:29.094" intervalms="1087.251" type="nursery" />
<cycle-start id="3913" type="scavenge" contextid="0" timestamp="2022-02-08T17:24:29.094" intervalms="1087.259" />
<gc-start id="3914" type="scavenge" contextid="3913" timestamp="2022-02-08T17:24:29.095">
  <mem-info id="3915" free="158691704" total="1073741824" percent="14">
    <mem type="nursery" free="0" total="268435456" percent="0">
      <mem type="allocate" free="0" total="184287232" percent="0" />
      <mem type="survivor" free="0" total="84148224" percent="0" />
    </mem>
    <mem type="tenure" free="158691704" total="805306368" percent="19">
      <mem type="soa" free="150637944" total="797252608" percent="18" />
      <mem type="loa" free="8053760" total="8053760" percent="100" />
    </mem>
    <remembered-set count="136" />
  </mem-info>
</gc-start>
<allocation-stats totalBytes="107473864" >
  <allocated-bytes non-tlh="2938272" tlh="104535592" />
  <largest-consumer threadName="main" threadId="0000000000016F00" bytes="107473864" />
</allocation-stats>
<gc-op id="3916" type="scavenge" timems="78.809" contextid="3913" timestamp="2022-02-08T17:24:29.173">
  <scavenger-info tenureage="1" tenuremask="7ffe" tiltratio="68" />
  <memory-copied type="nursery" objects="1450366" bytes="75586624" bytesdiscarded="172400" />
  <memory-copied type="tenure" objects="1337854" bytes="76595576" bytesdiscarded="41912" />
  <finalization candidates="110" enqueued="53" />
  <references type="soft" candidates="14" cleared="0" enqueued="0" dynamicThreshold="12" maxThreshold="32" />
  <references type="weak" candidates="1" cleared="0" enqueued="0" />
  <references type="phantom" candidates="95" cleared="7" enqueued="7" />
  <object-monitors candidates="2" cleared="0"  />
</gc-op>
<gc-end id="3917" type="scavenge" contextid="3913" durationms="79.017" usertimems="307.376" systemtimems="0.656" stalltimems="3.314" timestamp="2022-02-08T17:24:29.174" activeThreads="4">
  <mem-info id="3918" free="190884152" total="1073741824" percent="17">
    <mem type="nursery" free="108790224" total="268435456" percent="40">
      <mem type="allocate" free="108790224" total="184549376" percent="58" />
      <mem type="survivor" free="0" total="83886080" percent="0" />
    </mem>
    <mem type="tenure" free="82093928" total="805306368" percent="10" macro-fragmented="39939376">
      <mem type="soa" free="74040168" total="797252608" percent="9" />
      <mem type="loa" free="8053760" total="8053760" percent="100" />
    </mem>
    <pending-finalizers system="52" default="1" reference="7" classloader="0" />
    <remembered-set count="129" />
  </mem-info>
</gc-end>
<cycle-end id="3919" type="scavenge" contextid="3913" timestamp="2022-02-08T17:24:29.174" />
<allocation-satisfied id="3920" threadId="0000000000016F00" bytesRequested="104" />
<af-end id="3921" timestamp="2022-02-08T17:24:29.174" threadId="0000000000017908" success="true" from="nursery"/>
<exclusive-end id="3922" timestamp="2022-02-08T17:24:29.174" durationms="79.652" />

<concurrent-end id="3923" type="global mark" contextid="3908" timestamp="2022-02-08T17:24:29.322">
<gc-op id="3924" type="trace" timems="354.542" contextid="3908" timestamp="2022-02-08T17:24:29.322">
  <trace bytesTraced="74440780" workStackOverflowCount="0" />
  <card-cleaning reason="card cleaning threshold reached" bytesTraced="1000" cardsCleaned="2" />
</gc-op>
</concurrent-end>

<exclusive-start id="3925" timestamp="2022-02-08T17:24:29.322" intervalms="227.880">
  <response-info timems="0.022" idlems="0.022" threads="0" lastid="0000000000016F00" lastname="main" />
</exclusive-start>
<concurrent-global-final id="3926" timestamp="2022-02-08T17:24:29.322" contextid="3908" intervalms="2928.889" >
  <concurrent-trace-info reason="card cleaning threshold reached" tracedByMutators="56556060" tracedByHelpers="17885720" cardsCleaned="2" workStackOverflowCount="0" />
</concurrent-global-final>
<gc-start id="3927" type="global" contextid="3908" timestamp="2022-02-08T17:24:29.322">
  <mem-info id="3928" free="182257872" total="1073741824" percent="16">
    <mem type="nursery" free="100163944" total="268435456" percent="37">
      <mem type="allocate" free="100163944" total="184549376" percent="54" />
      <mem type="survivor" free="0" total="83886080" percent="0" />
    </mem>
    <mem type="tenure" free="82093928" total="805306368" percent="10">
      <mem type="soa" free="74040168" total="797252608" percent="9" />
      <mem type="loa" free="8053760" total="8053760" percent="100" />
    </mem>
    <remembered-set count="130" />
  </mem-info>
</gc-start>
<allocation-stats totalBytes="8623288" >
  <allocated-bytes non-tlh="104" tlh="8623184" />
  <largest-consumer threadName="main" threadId="0000000000016F00" bytes="8615096" />
</allocation-stats>
<gc-op id="3929" type="rs-scan" timems="149.623" contextid="3908" timestamp="2022-02-08T17:24:29.472">
  <scan objectsFound="3324743" bytesTraced="71015584" workStackOverflowCount="0" />
</gc-op>
<gc-op id="3930" type="card-cleaning" timems="0.934" contextid="3908" timestamp="2022-02-08T17:24:29.473">
  <card-cleaning cardsCleaned="4" bytesTraced="1920" workStackOverflowCount="0" />
</gc-op>
<gc-op id="3931" type="mark" timems="33.828" contextid="3908" timestamp="2022-02-08T17:24:29.507">
  <trace-info objectcount="1250561" scancount="939447" scanbytes="20109256" />
  <finalization candidates="428" enqueued="57" />
  <ownableSynchronizers candidates="1" cleared="0" />
  <references type="soft" candidates="894" cleared="0" enqueued="0" dynamicThreshold="12" maxThreshold="32" />
  <references type="weak" candidates="1701" cleared="0" enqueued="0" />
  <references type="phantom" candidates="52" cleared="2" enqueued="2" />
  <stringconstants candidates="6470" cleared="0"  />
  <object-monitors candidates="2" cleared="0"  />
</gc-op>
<gc-op id="3932" type="sweep" timems="5.397" contextid="3908" timestamp="2022-02-08T17:24:29.512" />
<gc-end id="3933" type="global" contextid="3908" durationms="190.002" usertimems="203.197" systemtimems="6.075" stalltimems="98.962" timestamp="2022-02-08T17:24:29.512" activeThreads="4">
  <mem-info id="3934" free="425972336" total="1073741824" percent="39">
    <mem type="nursery" free="100907088" total="268435456" percent="37">
      <mem type="allocate" free="100907088" total="184549376" percent="54" />
      <mem type="survivor" free="0" total="83886080" percent="0" />
    </mem>
    <mem type="tenure" free="325065248" total="805306368" percent="40" micro-fragmented="272882" macro-fragmented="0">
      <mem type="soa" free="317011488" total="797252608" percent="39" />
      <mem type="loa" free="8053760" total="8053760" percent="100" />
    </mem>
    <pending-finalizers system="57" default="0" reference="2" classloader="0" />
    <remembered-set count="112" />
  </mem-info>
</gc-end>
<cycle-end id="3935" type="global" contextid="3908" timestamp="2022-02-08T17:24:29.512" />
<exclusive-end id="3936" timestamp="2022-02-08T17:24:29.513" durationms="190.239" />

<exclusive-start id="3937" timestamp="2022-02-08T17:24:30.238" intervalms="915.363">
  <response-info timems="0.019" idlems="0.019" threads="0" lastid="0000000000016F00" lastname="main" />
</exclusive-start>
<af-start id="3938" threadId="0000000000017908" totalBytesRequested="16" timestamp="2022-02-08T17:24:30.238" intervalms="1143.243" type="nursery" />
<cycle-start id="3939" type="scavenge" contextid="0" timestamp="2022-02-08T17:24:30.238" intervalms="1143.232" />
<gc-start id="3940" type="scavenge" contextid="3939" timestamp="2022-02-08T17:24:30.238">
  <mem-info id="3941" free="325065248" total="1073741824" percent="30">
    <mem type="nursery" free="0" total="268435456" percent="0">
      <mem type="allocate" free="0" total="184549376" percent="0" />
      <mem type="survivor" free="0" total="83886080" percent="0" />
    </mem>
    <mem type="tenure" free="325065248" total="805306368" percent="40">
      <mem type="soa" free="317011488" total="797252608" percent="39" />
      <mem type="loa" free="8053760" total="8053760" percent="100" />
    </mem>
    <remembered-set count="113" />
  </mem-info>
</gc-start>
<allocation-stats totalBytes="100862616" >
  <allocated-bytes non-tlh="0" tlh="100862616" />
  <largest-consumer threadName="main" threadId="0000000000016F00" bytes="100858520" />
</allocation-stats>
<gc-op id="3942" type="scavenge" timems="94.924" contextid="3939" timestamp="2022-02-08T17:24:30.333">
  <scavenger-info tenureage="1" tenuremask="7ffe" tiltratio="68" />
  <memory-copied type="nursery" objects="1412673" bytes="77894088" bytesdiscarded="163136" />
  <memory-copied type="tenure" objects="1449651" bytes="75118688" bytesdiscarded="46704" />
  <finalization candidates="57" enqueued="0" />
  <ownableSynchronizers candidates="2" cleared="2" />
  <object-monitors candidates="2" cleared="0"  />
</gc-op>
<gc-end id="3943" type="scavenge" contextid="3939" durationms="95.149" usertimems="375.235" systemtimems="0.514" stalltimems="2.783" timestamp="2022-02-08T17:24:30.333" activeThreads="4">
  <mem-info id="3944" free="354038048" total="1073741824" percent="32">
    <mem type="nursery" free="104263928" total="268435456" percent="38">
      <mem type="allocate" free="104263928" total="182321152" percent="57" />
      <mem type="survivor" free="0" total="86114304" percent="0" />
    </mem>
    <mem type="tenure" free="249774120" total="805306368" percent="31" macro-fragmented="0">
      <mem type="soa" free="241720360" total="797252608" percent="30" />
      <mem type="loa" free="8053760" total="8053760" percent="100" />
    </mem>
    <remembered-set count="104" />
  </mem-info>
</gc-end>
<cycle-end id="3945" type="scavenge" contextid="3939" timestamp="2022-02-08T17:24:30.333" />
<allocation-satisfied id="3946" threadId="0000000000016F00" bytesRequested="16" />
<af-end id="3947" timestamp="2022-02-08T17:24:30.333" threadId="0000000000017908" success="true" from="nursery"/>
<exclusive-end id="3948" timestamp="2022-02-08T17:24:30.333" durationms="95.432" />

<exclusive-start id="3949" timestamp="2022-02-08T17:24:30.971" intervalms="733.630">
  <response-info timems="0.019" idlems="0.019" threads="0" lastid="0000000000016F00" lastname="main" />
</exclusive-start>
<af-start id="3950" threadId="0000000000017908" totalBytesRequested="184" timestamp="2022-02-08T17:24:30.971" intervalms="733.634" type="nursery" />
<cycle-start id="3951" type="scavenge" contextid="0" timestamp="2022-02-08T17:24:30.971" intervalms="733.635" />
<gc-start id="3952" type="scavenge" contextid="3951" timestamp="2022-02-08T17:24:30.971">
  <mem-info id="3953" free="249774120" total="1073741824" percent="23">
    <mem type="nursery" free="0" total="268435456" percent="0">
      <mem type="allocate" free="0" total="182321152" percent="0" />
      <mem type="survivor" free="0" total="86114304" percent="0" />
    </mem>
    <mem type="tenure" free="249774120" total="805306368" percent="31">
      <mem type="soa" free="241720360" total="797252608" percent="30" />
      <mem type="loa" free="8053760" total="8053760" percent="100" />
    </mem>
    <remembered-set count="104" />
  </mem-info>
</gc-start>
<allocation-stats totalBytes="104218680" >
  <allocated-bytes non-tlh="16" tlh="104218664" />
  <largest-consumer threadName="main" threadId="0000000000016F00" bytes="104218680" />
</allocation-stats>
<gc-op id="3954" type="scavenge" timems="95.756" contextid="3951" timestamp="2022-02-08T17:24:31.067">
  <scavenger-info tenureage="1" tenuremask="7ffe" tiltratio="67" />
  <memory-copied type="nursery" objects="1302474" bytes="74099496" bytesdiscarded="178088" />
  <memory-copied type="tenure" objects="1412673" bytes="77894088" bytesdiscarded="43808" />
  <object-monitors candidates="2" cleared="0"  />
</gc-op>
<gc-end id="3955" type="scavenge" contextid="3951" durationms="95.992" usertimems="380.147" systemtimems="0.026" stalltimems="1.431" timestamp="2022-02-08T17:24:31.067" activeThreads="4">
  <mem-info id="3956" free="280144776" total="1073741824" percent="26">
    <mem type="nursery" free="108436784" total="268435456" percent="40">
      <mem type="allocate" free="108436784" total="182714368" percent="59" />
      <mem type="survivor" free="0" total="85721088" percent="0" />
    </mem>
    <mem type="tenure" free="171707992" total="805306368" percent="21" macro-fragmented="723458">
      <mem type="soa" free="163654232" total="797252608" percent="20" />
      <mem type="loa" free="8053760" total="8053760" percent="100" />
    </mem>
    <remembered-set count="103" />
  </mem-info>
</gc-end>
<cycle-end id="3957" type="scavenge" contextid="3951" timestamp="2022-02-08T17:24:31.067" />
<allocation-satisfied id="3958" threadId="0000000000016F00" bytesRequested="184" />
<af-end id="3959" timestamp="2022-02-08T17:24:31.068" threadId="0000000000017908" success="true" from="nursery"/>
<exclusive-end id="3960" timestamp="2022-02-08T17:24:31.068" durationms="96.256" />

<exclusive-start id="3961" timestamp="2022-02-08T17:24:31.953" intervalms="982.164">
  <response-info timems="0.017" idlems="0.017" threads="0" lastid="0000000000016F00" lastname="main" />
</exclusive-start>
<af-start id="3962" threadId="0000000000017908" totalBytesRequested="104" timestamp="2022-02-08T17:24:31.953" intervalms="982.161" type="nursery" />
<cycle-start id="3963" type="scavenge" contextid="0" timestamp="2022-02-08T17:24:31.953" intervalms="982.161" />
<gc-start id="3964" type="scavenge" contextid="3963" timestamp="2022-02-08T17:24:31.954">
  <mem-info id="3965" free="171707992" total="1073741824" percent="15">
    <mem type="nursery" free="0" total="268435456" percent="0">
      <mem type="allocate" free="0" total="182714368" percent="0" />
      <mem type="survivor" free="0" total="85721088" percent="0" />
    </mem>
    <mem type="tenure" free="171707992" total="805306368" percent="21">
      <mem type="soa" free="163654232" total="797252608" percent="20" />
      <mem type="loa" free="8053760" total="8053760" percent="100" />
    </mem>
    <remembered-set count="133" />
  </mem-info>
</gc-start>
<allocation-stats totalBytes="108387440" >
  <allocated-bytes non-tlh="2938432" tlh="105449008" />
  <largest-consumer threadName="main" threadId="0000000000016F00" bytes="108387440" />
</allocation-stats>
<gc-op id="3966" type="scavenge" timems="80.797" contextid="3963" timestamp="2022-02-08T17:24:32.034">
  <scavenger-info tenureage="1" tenuremask="7ffe" tiltratio="68" />
  <memory-copied type="nursery" objects="1445735" bytes="76171464" bytesdiscarded="174624" />
  <memory-copied type="tenure" objects="1302473" bytes="74099392" bytesdiscarded="41328" />
  <finalization candidates="110" enqueued="53" />
  <references type="soft" candidates="14" cleared="0" enqueued="0" dynamicThreshold="12" maxThreshold="32" />
  <references type="weak" candidates="1" cleared="0" enqueued="0" />
  <references type="phantom" candidates="95" cleared="7" enqueued="7" />
  <object-monitors candidates="2" cleared="0"  />
</gc-op>
<gc-end id="3967" type="scavenge" contextid="3963" durationms="80.992" usertimems="313.520" systemtimems="3.770" stalltimems="3.826" timestamp="2022-02-08T17:24:32.035" activeThreads="4">
  <mem-info id="3968" free="204095080" total="1073741824" percent="19">
    <mem type="nursery" free="106630296" total="268435456" percent="39">
      <mem type="allocate" free="106630296" total="182976512" percent="58" />
      <mem type="survivor" free="0" total="85458944" percent="0" />
    </mem>
    <mem type="tenure" free="97464784" total="805306368" percent="12" macro-fragmented="47927252">
      <mem type="soa" free="89411024" total="797252608" percent="11" />
      <mem type="loa" free="8053760" total="8053760" percent="100" />
    </mem>
    <pending-finalizers system="52" default="1" reference="7" classloader="0" />
    <remembered-set count="129" />
  </mem-info>
</gc-end>
<cycle-end id="3969" type="scavenge" contextid="3963" timestamp="2022-02-08T17:24:32.035" />
<allocation-satisfied id="3970" threadId="0000000000016F00" bytesRequested="104" />
<af-end id="3971" timestamp="2022-02-08T17:24:32.035" threadId="0000000000017908" success="true" from="nursery"/>
<exclusive-end id="3972" timestamp="2022-02-08T17:24:32.035" durationms="81.257" />

<concurrent-kickoff id="3973" timestamp="2022-02-08T17:24:32.726">
  <kickoff reason="threshold reached" targetBytes="74440947" thresholdFreeBytes="5769296"  remainingFree="5704856" tenureFreeBytes="97464784" nurseryFreeBytes="5704856" />
</concurrent-kickoff>
<exclusive-start id="3974" timestamp="2022-02-08T17:24:32.729" intervalms="775.293">
  <response-info timems="0.020" idlems="0.020" threads="0" lastid="0000000000016F00" lastname="main" />
</exclusive-start>
<cycle-start id="3975" type="global" contextid="0" timestamp="2022-02-08T17:24:32.729" intervalms="3761.068" />
<concurrent-start id="3976" type="global mark" contextid="3975" timestamp="2022-02-08T17:24:32.729">
</concurrent-start>
<exclusive-end id="3977" timestamp="2022-02-08T17:24:32.729" durationms="0.035" />

<exclusive-start id="3978" timestamp="2022-02-08T17:24:32.855" intervalms="126.039">
  <response-info timems="0.019" idlems="0.019" threads="0" lastid="0000000000016F00" lastname="main" />
</exclusive-start>
<af-start id="3979" threadId="0000000000017908" totalBytesRequested="104" timestamp="2022-02-08T17:24:32.855" intervalms="901.330" type="nursery" />
<cycle-start id="3980" type="scavenge" contextid="0" timestamp="2022-02-08T17:24:32.855" intervalms="901.331" />
<gc-start id="3981" type="scavenge" contextid="3980" timestamp="2022-02-08T17:24:32.855">
  <mem-info id="3982" free="97464784" total="1073741824" percent="9">
    <mem type="nursery" free="0" total="268435456" percent="0">
      <mem type="allocate" free="0" total="182976512" percent="0" />
      <mem type="survivor" free="0" total="85458944" percent="0" />
    </mem>
    <mem type="tenure" free="97464784" total="805306368" percent="12">
      <mem type="soa" free="89411024" total="797252608" percent="11" />
      <mem type="loa" free="8053760" total="8053760" percent="100" />
    </mem>
    <remembered-set count="130" />
  </mem-info>
</gc-start>
<allocation-stats totalBytes="106581032" >
  <allocated-bytes non-tlh="104" tlh="106580928" />
  <largest-consumer threadName="main" threadId="0000000000016F00" bytes="106572840" />
</allocation-stats>
<gc-op id="3983" type="scavenge" timems="87.724" contextid="3980" timestamp="2022-02-08T17:24:32.943">
  <scavenger-info tenureage="1" tenuremask="7ffe" tiltratio="68" />
  <memory-copied type="nursery" objects="1382496" bytes="75965456" bytesdiscarded="155216" />
  <memory-copied type="tenure" objects="1445024" bytes="75703608" bytesdiscarded="36760" />
  <finalization candidates="57" enqueued="0" />
  <object-monitors candidates="2" cleared="0"  />
</gc-op>
<gc-end id="3984" type="scavenge" contextid="3980" durationms="87.930" usertimems="344.836" systemtimems="0.000" stalltimems="3.610" timestamp="2022-02-08T17:24:32.943" activeThreads="4">
  <mem-info id="3985" free="129182088" total="1073741824" percent="12">
    <mem type="nursery" free="107445664" total="268435456" percent="40">
      <mem type="allocate" free="107445664" total="183566336" percent="58" />
      <mem type="survivor" free="0" total="84869120" percent="0" />
    </mem>
    <mem type="tenure" free="21736424" total="805306368" percent="2" macro-fragmented="0">
      <mem type="soa" free="13682664" total="797252608" percent="1" />
      <mem type="loa" free="8053760" total="8053760" percent="100" />
    </mem>
    <remembered-set count="103" />
  </mem-info>
</gc-end>
<cycle-end id="3986" type="scavenge" contextid="3980" timestamp="2022-02-08T17:24:32.943" />
<allocation-satisfied id="3987" threadId="0000000000016F00" bytesRequested="104" />
<af-end id="3988" timestamp="2022-02-08T17:24:32.943" threadId="0000000000017908" success="true" from="nursery"/>
<exclusive-end id="3989" timestamp="2022-02-08T17:24:32.943" durationms="88.443" />

<concurrent-end id="3990" type="global mark" contextid="3975" timestamp="2022-02-08T17:24:33.084">
<gc-op id="3991" type="trace" timems="354.903" contextid="3975" timestamp="2022-02-08T17:24:33.084">
  <trace bytesTraced="74440892" workStackOverflowCount="0" />
  <card-cleaning reason="card cleaning threshold reached" bytesTraced="1000" cardsCleaned="2" />
</gc-op>
</concurrent-end>

<exclusive-start id="3992" timestamp="2022-02-08T17:24:33.084" intervalms="228.933">
  <response-info timems="0.019" idlems="0.019" threads="0" lastid="0000000000016F00" lastname="main" />
</exclusive-start>
<concurrent-global-final id="3993" timestamp="2022-02-08T17:24:33.084" contextid="3975" intervalms="3761.428" >
  <concurrent-trace-info reason="card cleaning threshold reached" tracedByMutators="55311932" tracedByHelpers="19129960" cardsCleaned="2" workStackOverflowCount="0" />
</concurrent-global-final>
<gc-start id="3994" type="global" contextid="3975" timestamp="2022-02-08T17:24:33.084">
  <mem-info id="3995" free="120301856" total="1073741824" percent="11">
    <mem type="nursery" free="98565432" total="268435456" percent="36">
      <mem type="allocate" free="98565432" total="183566336" percent="53" />
      <mem type="survivor" free="0" total="84869120" percent="0" />
    </mem>
    <mem type="tenure" free="21736424" total="805306368" percent="2">
      <mem type="soa" free="13682664" total="797252608" percent="1" />
      <mem type="loa" free="8053760" total="8053760" percent="100" />
    </mem>
    <remembered-set count="103" />
  </mem-info>
</gc-start>
<allocation-stats totalBytes="8876672" >
  <allocated-bytes non-tlh="104" tlh="8876568" />
  <largest-consumer threadName="main" threadId="0000000000016F00" bytes="8876672" />
</allocation-stats>
<gc-op id="3996" type="rs-scan" timems="1.067" contextid="3975" timestamp="2022-02-08T17:24:33.085">
  <scan objectsFound="0" bytesTraced="3836" workStackOverflowCount="0" />
</gc-op>
<gc-op id="3997" type="card-cleaning" timems="149.061" contextid="3975" timestamp="2022-02-08T17:24:33.234">
  <card-cleaning cardsCleaned="10" bytesTraced="71014692" workStackOverflowCount="0" />
</gc-op>
<gc-op id="3998" type="mark" timems="66.369" contextid="3975" timestamp="2022-02-08T17:24:33.300">
  <trace-info objectcount="2367343" scancount="1777035" scanbytes="37977768" />
  <finalization candidates="428" enqueued="57" />
  <ownableSynchronizers candidates="1" cleared="0" />
  <references type="soft" candidates="894" cleared="0" enqueued="0" dynamicThreshold="12" maxThreshold="32" />
  <references type="weak" candidates="1701" cleared="0" enqueued="0" />
  <references type="phantom" candidates="52" cleared="2" enqueued="2" />
  <stringconstants candidates="6470" cleared="0"  />
  <object-monitors candidates="2" cleared="0"  />
</gc-op>
<gc-op id="3999" type="sweep" timems="5.409" contextid="3975" timestamp="2022-02-08T17:24:33.306" />
<gc-end id="4000" type="global" contextid="3975" durationms="222.162" usertimems="240.074" systemtimems="0.000" stalltimems="197.765" timestamp="2022-02-08T17:24:33.306" activeThreads="4">
  <mem-info id="4001" free="363621864" total="1073741824" percent="33">
    <mem type="nursery" free="98813688" total="268435456" percent="36">
      <mem type="allocate" free="98813688" total="183566336" percent="53" />
      <mem type="survivor" free="0" total="84869120" percent="0" />
    </mem>
    <mem type="tenure" free="264808176" total="805306368" percent="32" micro-fragmented="358912" macro-fragmented="0">
      <mem type="soa" free="256754416" total="797252608" percent="32" />
      <mem type="loa" free="8053760" total="8053760" percent="100" />
    </mem>
    <pending-finalizers system="57" default="0" reference="2" classloader="0" />
    <remembered-set count="103" />
  </mem-info>
</gc-end>
<cycle-end id="4002" type="global" contextid="3975" timestamp="2022-02-08T17:24:33.306" />
<exclusive-end id="4003" timestamp="2022-02-08T17:24:33.306" durationms="222.370" />

<exclusive-start id="4004" timestamp="2022-02-08T17:24:33.906" intervalms="822.023">
  <response-info timems="0.021" idlems="0.021" threads="0" lastid="0000000000016F00" lastname="main" />
</exclusive-start>
<af-start id="4005" threadId="0000000000017908" totalBytesRequested="24" timestamp="2022-02-08T17:24:33.906" intervalms="1050.957" type="nursery" />
<cycle-start id="4006" type="scavenge" contextid="0" timestamp="2022-02-08T17:24:33.906" intervalms="1050.957" />
<gc-start id="4007" type="scavenge" contextid="4006" timestamp="2022-02-08T17:24:33.906">
  <mem-info id="4008" free="264808176" total="1073741824" percent="24">
    <mem type="nursery" free="0" total="268435456" percent="0">
      <mem type="allocate" free="0" total="183566336" percent="0" />
      <mem type="survivor" free="0" total="84869120" percent="0" />
    </mem>
    <mem type="tenure" free="264808176" total="805306368" percent="32">
      <mem type="soa" free="256754416" total="797252608" percent="32" />
      <mem type="loa" free="8053760" total="8053760" percent="100" />
    </mem>
    <remembered-set count="106" />
  </mem-info>
</gc-start>
<allocation-stats totalBytes="98766776" >
  <allocated-bytes non-tlh="0" tlh="98766776" />
  <largest-consumer threadName="main" threadId="0000000000016F00" bytes="98762680" />
</allocation-stats>
<gc-op id="4009" type="scavenge" timems="77.269" contextid="4006" timestamp="2022-02-08T17:24:33.983">
  <scavenger-info tenureage="1" tenuremask="7ffe" tiltratio="68" />
  <memory-copied type="nursery" objects="1344944" bytes="76410384" bytesdiscarded="279504" />
  <memory-copied type="tenure" objects="1382496" bytes="75965456" bytesdiscarded="45584" />
  <ownableSynchronizers candidates="2" cleared="2" />
  <object-monitors candidates="2" cleared="0"  />
</gc-op>
<gc-end id="4010" type="scavenge" contextid="4006" durationms="77.500" usertimems="304.787" systemtimems="0.000" stalltimems="3.502" timestamp="2022-02-08T17:24:33.983" activeThreads="4">
  <mem-info id="4011" free="295911312" total="1073741824" percent="27">
    <mem type="nursery" free="107269664" total="268435456" percent="39">
      <mem type="allocate" free="107269664" total="183959552" percent="58" />
      <mem type="survivor" free="0" total="84475904" percent="0" />
    </mem>
    <mem type="tenure" free="188641648" total="805306368" percent="23" macro-fragmented="1250136">
      <mem type="soa" free="180587888" total="797252608" percent="22" />
      <mem type="loa" free="8053760" total="8053760" percent="100" />
    </mem>
    <remembered-set count="105" />
  </mem-info>
</gc-end>
<cycle-end id="4012" type="scavenge" contextid="4006" timestamp="2022-02-08T17:24:33.983" />
<allocation-satisfied id="4013" threadId="0000000000016F00" bytesRequested="24" />
<af-end id="4014" timestamp="2022-02-08T17:24:33.983" threadId="0000000000017908" success="true" from="nursery"/>
<exclusive-end id="4015" timestamp="2022-02-08T17:24:33.983" durationms="77.751" />

<exclusive-start id="4016" timestamp="2022-02-08T17:24:34.864" intervalms="958.265">
  <response-info timems="0.019" idlems="0.019" threads="0" lastid="0000000000016F00" lastname="main" />
</exclusive-start>
<af-start id="4017" threadId="0000000000017908" totalBytesRequested="112" timestamp="2022-02-08T17:24:34.864" intervalms="958.266" type="nursery" />
<cycle-start id="4018" type="scavenge" contextid="0" timestamp="2022-02-08T17:24:34.864" intervalms="958.265" />
<gc-start id="4019" type="scavenge" contextid="4018" timestamp="2022-02-08T17:24:34.864">
  <mem-info id="4020" free="188641648" total="1073741824" percent="17">
    <mem type="nursery" free="0" total="268435456" percent="0">
      <mem type="allocate" free="0" total="183959552" percent="0" />
      <mem type="survivor" free="0" total="84475904" percent="0" />
    </mem>
    <mem type="tenure" free="188641648" total="805306368" percent="23">
      <mem type="soa" free="180587888" total="797252608" percent="22" />
      <mem type="loa" free="8053760" total="8053760" percent="100" />
    </mem>
    <remembered-set count="136" />
  </mem-info>
</gc-start>
<allocation-stats totalBytes="107224856" >
  <allocated-bytes non-tlh="1590592" tlh="105634264" />
  <largest-consumer threadName="main" threadId="0000000000016F00" bytes="107224856" />
</allocation-stats>
<gc-op id="4021" type="scavenge" timems="77.607" contextid="4018" timestamp="2022-02-08T17:24:34.942">
  <scavenger-info tenureage="1" tenuremask="7ffe" tiltratio="68" />
  <memory-copied type="nursery" objects="1452265" bytes="75458992" bytesdiscarded="222568" />
  <memory-copied type="tenure" objects="1344944" bytes="76410384" bytesdiscarded="40288" />
  <finalization candidates="109" enqueued="53" />
  <references type="soft" candidates="14" cleared="0" enqueued="0" dynamicThreshold="10" maxThreshold="32" />
  <references type="weak" candidates="1" cleared="0" enqueued="0" />
  <references type="phantom" candidates="94" cleared="7" enqueued="7" />
  <object-monitors candidates="2" cleared="0"  />
</gc-op>
<gc-end id="4022" type="scavenge" contextid="4018" durationms="77.793" usertimems="301.625" systemtimems="0.000" stalltimems="5.549" timestamp="2022-02-08T17:24:34.942" activeThreads="4">
  <mem-info id="4023" free="220915320" total="1073741824" percent="20">
    <mem type="nursery" free="108671080" total="268435456" percent="40">
      <mem type="allocate" free="108671080" total="184352768" percent="58" />
      <mem type="survivor" free="0" total="84082688" percent="0" />
    </mem>
    <mem type="tenure" free="112244240" total="805306368" percent="13" macro-fragmented="0">
      <mem type="soa" free="104190480" total="797252608" percent="13" />
      <mem type="loa" free="8053760" total="8053760" percent="100" />
    </mem>
    <pending-finalizers system="52" default="1" reference="7" classloader="0" />
    <remembered-set count="131" />
  </mem-info>
</gc-end>
<cycle-end id="4024" type="scavenge" contextid="4018" timestamp="2022-02-08T17:24:34.942" />
<allocation-satisfied id="4025" threadId="0000000000016F00" bytesRequested="112" />
<af-end id="4026" timestamp="2022-02-08T17:24:34.942" threadId="0000000000017908" success="true" from="nursery"/>
<exclusive-end id="4027" timestamp="2022-02-08T17:24:34.942" durationms="78.060" />

<concurrent-kickoff id="4028" timestamp="2022-02-08T17:24:35.641">
  <kickoff reason="threshold reached" targetBytes="74441134" thresholdFreeBytes="5775279"  remainingFree="5767064" tenureFreeBytes="112244240" nurseryFreeBytes="5767064" />
</concurrent-kickoff>
<exclusive-start id="4029" timestamp="2022-02-08T17:24:35.644" intervalms="780.178">
  <response-info timems="0.019" idlems="0.019" threads="0" lastid="0000000000016F00" lastname="main" />
</exclusive-start>
<cycle-start id="4030" type="global" contextid="0" timestamp="2022-02-08T17:24:35.644" intervalms="2915.441" />
<concurrent-start id="4031" type="global mark" contextid="4030" timestamp="2022-02-08T17:24:35.644">
</concurrent-start>
<exclusive-end id="4032" timestamp="2022-02-08T17:24:35.644" durationms="0.029" />

<exclusive-start id="4033" timestamp="2022-02-08T17:24:35.715" intervalms="70.838">
  <response-info timems="0.032" idlems="0.032" threads="0" lastid="0000000000016F00" lastname="main" />
</exclusive-start>
<af-start id="4034" threadId="0000000000017908" totalBytesRequested="120" timestamp="2022-02-08T17:24:35.715" intervalms="851.065" type="nursery" />
<cycle-start id="4035" type="scavenge" contextid="0" timestamp="2022-02-08T17:24:35.715" intervalms="851.067" />
<gc-start id="4036" type="scavenge" contextid="4035" timestamp="2022-02-08T17:24:35.715">
  <mem-info id="4037" free="112244240" total="1073741824" percent="10">
    <mem type="nursery" free="0" total="268435456" percent="0">
      <mem type="allocate" free="0" total="184352768" percent="0" />
      <mem type="survivor" free="0" total="84082688" percent="0" />
    </mem>
    <mem type="tenure" free="112244240" total="805306368" percent="13">
      <mem type="soa" free="104190480" total="797252608" percent="13" />
      <mem type="loa" free="8053760" total="8053760" percent="100" />
    </mem>
    <remembered-set count="132" />
  </mem-info>
</gc-start>
<allocation-stats totalBytes="108622504" >
  <allocated-bytes non-tlh="1347792" tlh="107274712" />
  <largest-consumer threadName="main" threadId="0000000000016F00" bytes="108614312" />
</allocation-stats>
<gc-op id="4038" type="scavenge" timems="97.998" contextid="4035" timestamp="2022-02-08T17:24:35.813">
  <scavenger-info tenureage="1" tenuremask="7ffe" tiltratio="68" />
  <memory-copied type="nursery" objects="1383053" bytes="77776048" bytesdiscarded="258344" />
  <memory-copied type="tenure" objects="1451546" bytes="74515824" bytesdiscarded="39288" />
  <finalization candidates="57" enqueued="0" />
  <references type="phantom" candidates="1" cleared="0" enqueued="0" />
  <object-monitors candidates="2" cleared="0"  />
</gc-op>
<gc-end id="4039" type="scavenge" contextid="4035" durationms="98.342" usertimems="357.252" systemtimems="3.357" stalltimems="25.695" timestamp="2022-02-08T17:24:35.814" activeThreads="4">
  <mem-info id="4040" free="141955776" total="1073741824" percent="13">
    <mem type="nursery" free="104352296" total="268435456" percent="38">
      <mem type="allocate" free="104352296" total="182386688" percent="57" />
      <mem type="survivor" free="0" total="86048768" percent="0" />
    </mem>
    <mem type="tenure" free="37603480" total="805306368" percent="4" macro-fragmented="0">
      <mem type="soa" free="29549720" total="797252608" percent="3" />
      <mem type="loa" free="8053760" total="8053760" percent="100" />
    </mem>
    <remembered-set count="102" />
  </mem-info>
</gc-end>
<cycle-end id="4041" type="scavenge" contextid="4035" timestamp="2022-02-08T17:24:35.814" />
<allocation-satisfied id="4042" threadId="0000000000016F00" bytesRequested="120" />
<af-end id="4043" timestamp="2022-02-08T17:24:35.814" threadId="0000000000017908" success="true" from="nursery"/>
<exclusive-end id="4044" timestamp="2022-02-08T17:24:35.814" durationms="98.981" />

<concurrent-end id="4045" type="global mark" contextid="4030" timestamp="2022-02-08T17:24:36.048">
<gc-op id="4046" type="trace" timems="403.342" contextid="4030" timestamp="2022-02-08T17:24:36.048">
  <trace bytesTraced="74441036" workStackOverflowCount="0" />
  <card-cleaning reason="card cleaning threshold reached" bytesTraced="1000" cardsCleaned="2" />
</gc-op>
</concurrent-end>

<exclusive-start id="4047" timestamp="2022-02-08T17:24:36.048" intervalms="332.574">
  <response-info timems="0.017" idlems="0.017" threads="0" lastid="0000000000016F00" lastname="main" />
</exclusive-start>
<concurrent-global-final id="4048" timestamp="2022-02-08T17:24:36.048" contextid="4030" intervalms="2963.879" >
  <concurrent-trace-info reason="card cleaning threshold reached" tracedByMutators="49172824" tracedByHelpers="25269212" cardsCleaned="2" workStackOverflowCount="0" />
</concurrent-global-final>
<gc-start id="4049" type="global" contextid="4030" timestamp="2022-02-08T17:24:36.048">
  <mem-info id="4050" free="126259784" total="1073741824" percent="11">
    <mem type="nursery" free="88656304" total="268435456" percent="33">
      <mem type="allocate" free="88656304" total="182386688" percent="48" />
      <mem type="survivor" free="0" total="86048768" percent="0" />
    </mem>
    <mem type="tenure" free="37603480" total="805306368" percent="4">
      <mem type="soa" free="29549720" total="797252608" percent="3" />
      <mem type="loa" free="8053760" total="8053760" percent="100" />
    </mem>
    <remembered-set count="102" />
  </mem-info>
</gc-start>
<allocation-stats totalBytes="15689176" >
  <allocated-bytes non-tlh="120" tlh="15689056" />
  <largest-consumer threadName="main" threadId="0000000000016F00" bytes="15689176" />
</allocation-stats>
<gc-op id="4051" type="rs-scan" timems="0.966" contextid="4030" timestamp="2022-02-08T17:24:36.049">
  <scan objectsFound="29" bytesTraced="5268" workStackOverflowCount="0" />
</gc-op>
<gc-op id="4052" type="card-cleaning" timems="159.184" contextid="4030" timestamp="2022-02-08T17:24:36.208">
  <card-cleaning cardsCleaned="9" bytesTraced="71013308" workStackOverflowCount="0" />
</gc-op>
<gc-op id="4053" type="mark" timems="59.323" contextid="4030" timestamp="2022-02-08T17:24:36.267">
  <trace-info objectcount="2200847" scancount="1652163" scanbytes="35313832" />
  <finalization candidates="428" enqueued="57" />
  <ownableSynchronizers candidates="1" cleared="0" />
  <references type="soft" candidates="894" cleared="0" enqueued="0" dynamicThreshold="10" maxThreshold="32" />
  <references type="weak" candidates="1701" cleared="0" enqueued="0" />
  <references type="phantom" candidates="52" cleared="2" enqueued="2" />
  <stringconstants candidates="6470" cleared="0"  />
  <object-monitors candidates="2" cleared="0"  />
</gc-op>
<gc-op id="4054" type="sweep" timems="6.340" contextid="4030" timestamp="2022-02-08T17:24:36.274" />
<gc-end id="4055" type="global" contextid="4030" durationms="226.198" usertimems="235.478" systemtimems="5.443" stalltimems="179.285" timestamp="2022-02-08T17:24:36.274" activeThreads="4">
  <mem-info id="4056" free="369555944" total="1073741824" percent="34">
    <mem type="nursery" free="89008384" total="268435456" percent="33">
      <mem type="allocate" free="89008384" total="182386688" percent="48" />
      <mem type="survivor" free="0" total="86048768" percent="0" />
    </mem>
    <mem type="tenure" free="280547560" total="805306368" percent="34" micro-fragmented="303735" macro-fragmented="0">
      <mem type="soa" free="272493800" total="797252608" percent="34" />
      <mem type="loa" free="8053760" total="8053760" percent="100" />
    </mem>
    <pending-finalizers system="57" default="0" reference="2" classloader="0" />
    <remembered-set count="102" />
  </mem-info>
</gc-end>
<cycle-end id="4057" type="global" contextid="4030" timestamp="2022-02-08T17:24:36.274" />
<exclusive-end id="4058" timestamp="2022-02-08T17:24:36.274" durationms="226.453" />

<exclusive-start id="4059" timestamp="2022-02-08T17:24:36.836" intervalms="788.111">
  <response-info timems="0.018" idlems="0.018" threads="0" lastid="0000000000016F00" lastname="main" />
</exclusive-start>
<af-start id="4060" threadId="0000000000017908" totalBytesRequested="112" timestamp="2022-02-08T17:24:36.836" intervalms="1120.634" type="nursery" />
<cycle-start id="4061" type="scavenge" contextid="0" timestamp="2022-02-08T17:24:36.836" intervalms="1120.632" />
<gc-start id="4062" type="scavenge" contextid="4061" timestamp="2022-02-08T17:24:36.836">
  <mem-info id="4063" free="280547560" total="1073741824" percent="26">
    <mem type="nursery" free="0" total="268435456" percent="0">
      <mem type="allocate" free="0" total="182386688" percent="0" />
      <mem type="survivor" free="0" total="86048768" percent="0" />
    </mem>
    <mem type="tenure" free="280547560" total="805306368" percent="34">
      <mem type="soa" free="272493800" total="797252608" percent="34" />
      <mem type="loa" free="8053760" total="8053760" percent="100" />
    </mem>
    <remembered-set count="105" />
  </mem-info>
</gc-start>
<allocation-stats totalBytes="88968672" >
  <allocated-bytes non-tlh="0" tlh="88968672" />
  <largest-consumer threadName="main" threadId="0000000000016F00" bytes="88959584" />
</allocation-stats>
<gc-op id="4064" type="scavenge" timems="78.850" contextid="4061" timestamp="2022-02-08T17:24:36.915">
  <scavenger-info tenureage="1" tenuremask="7ffe" tiltratio="67" />
  <memory-copied type="nursery" objects="1313038" bytes="74316632" bytesdiscarded="205232" />
  <memory-copied type="tenure" objects="1383053" bytes="77776048" bytesdiscarded="44392" />
  <finalization candidates="1" enqueued="0" />
  <ownableSynchronizers candidates="2" cleared="2" />
  <object-monitors candidates="2" cleared="0"  />
</gc-op>
<gc-end id="4065" type="scavenge" contextid="4061" durationms="79.070" usertimems="300.738" systemtimems="0.000" stalltimems="5.012" timestamp="2022-02-08T17:24:36.915" activeThreads="4">
  <mem-info id="4066" free="310786936" total="1073741824" percent="28">
    <mem type="nursery" free="108258040" total="268435456" percent="40">
      <mem type="allocate" free="108258040" total="182779904" percent="59" />
      <mem type="survivor" free="0" total="85655552" percent="0" />
    </mem>
    <mem type="tenure" free="202528896" total="805306368" percent="25" macro-fragmented="0">
      <mem type="soa" free="194475136" total="797252608" percent="24" />
      <mem type="loa" free="8053760" total="8053760" percent="100" />
    </mem>
    <remembered-set count="105" />
  </mem-info>
</gc-end>
<cycle-end id="4067" type="scavenge" contextid="4061" timestamp="2022-02-08T17:24:36.915" />
<allocation-satisfied id="4068" threadId="0000000000016F00" bytesRequested="112" />
<af-end id="4069" timestamp="2022-02-08T17:24:36.915" threadId="0000000000017908" success="true" from="nursery"/>
<exclusive-end id="4070" timestamp="2022-02-08T17:24:36.915" durationms="79.462" />

<exclusive-start id="4071" timestamp="2022-02-08T17:24:37.822" intervalms="985.997">
  <response-info timems="0.017" idlems="0.017" threads="0" lastid="0000000000016F00" lastname="main" />
</exclusive-start>
<af-start id="4072" threadId="0000000000017908" totalBytesRequested="120" timestamp="2022-02-08T17:24:37.822" intervalms="986.234" type="nursery" />
<cycle-start id="4073" type="scavenge" contextid="0" timestamp="2022-02-08T17:24:37.822" intervalms="986.303" />
<gc-start id="4074" type="scavenge" contextid="4073" timestamp="2022-02-08T17:24:37.822">
  <mem-info id="4075" free="202528896" total="1073741824" percent="18">
    <mem type="nursery" free="0" total="268435456" percent="0">
      <mem type="allocate" free="0" total="182779904" percent="0" />
      <mem type="survivor" free="0" total="85655552" percent="0" />
    </mem>
    <mem type="tenure" free="202528896" total="805306368" percent="25">
      <mem type="soa" free="194475136" total="797252608" percent="24" />
      <mem type="loa" free="8053760" total="8053760" percent="100" />
    </mem>
    <remembered-set count="136" />
  </mem-info>
</gc-start>
<allocation-stats totalBytes="108208704" >
  <allocated-bytes non-tlh="1661256" tlh="106547448" />
  <largest-consumer threadName="main" threadId="0000000000016F00" bytes="108208704" />
</allocation-stats>
<gc-op id="4076" type="scavenge" timems="92.342" contextid="4073" timestamp="2022-02-08T17:24:37.915">
  <scavenger-info tenureage="1" tenuremask="7ffe" tiltratio="68" />
  <memory-copied type="nursery" objects="1487671" bytes="76197568" bytesdiscarded="226696" />
  <memory-copied type="tenure" objects="1313038" bytes="74316632" bytesdiscarded="39640" />
  <finalization candidates="109" enqueued="53" />
  <references type="soft" candidates="14" cleared="0" enqueued="0" dynamicThreshold="11" maxThreshold="32" />
  <references type="weak" candidates="1" cleared="0" enqueued="0" />
  <references type="phantom" candidates="94" cleared="7" enqueued="7" />
  <object-monitors candidates="2" cleared="0"  />
</gc-op>
<gc-end id="4077" type="scavenge" contextid="4073" durationms="92.606" usertimems="361.139" systemtimems="0.211" stalltimems="6.351" timestamp="2022-02-08T17:24:37.915" activeThreads="4">
  <mem-info id="4078" free="234689624" total="1073741824" percent="21">
    <mem type="nursery" free="106617656" total="268435456" percent="39">
      <mem type="allocate" free="106617656" total="183042048" percent="58" />
      <mem type="survivor" free="0" total="85393408" percent="0" />
    </mem>
    <mem type="tenure" free="128071968" total="805306368" percent="15" macro-fragmented="0">
      <mem type="soa" free="120018208" total="797252608" percent="15" />
      <mem type="loa" free="8053760" total="8053760" percent="100" />
    </mem>
    <pending-finalizers system="52" default="1" reference="7" classloader="0" />
    <remembered-set count="132" />
  </mem-info>
</gc-end>
<cycle-end id="4079" type="scavenge" contextid="4073" timestamp="2022-02-08T17:24:37.915" />
<allocation-satisfied id="4080" threadId="0000000000016F00" bytesRequested="120" />
<af-end id="4081" timestamp="2022-02-08T17:24:37.915" threadId="0000000000017908" success="true" from="nursery"/>
<exclusive-end id="4082" timestamp="2022-02-08T17:24:37.915" durationms="93.217" />

<concurrent-kickoff id="4083" timestamp="2022-02-08T17:24:38.618">
  <kickoff reason="threshold reached" targetBytes="74441314" thresholdFreeBytes="5763048"  remainingFree="5692216" tenureFreeBytes="128071968" nurseryFreeBytes="5692216" />
</concurrent-kickoff>
<exclusive-start id="4084" timestamp="2022-02-08T17:24:38.621" intervalms="799.067">
  <response-info timems="0.033" idlems="0.033" threads="0" lastid="0000000000016F00" lastname="main" />
</exclusive-start>
<cycle-start id="4085" type="global" contextid="0" timestamp="2022-02-08T17:24:38.621" intervalms="2976.584" />
<concurrent-start id="4086" type="global mark" contextid="4085" timestamp="2022-02-08T17:24:38.621">
</concurrent-start>
<exclusive-end id="4087" timestamp="2022-02-08T17:24:38.621" durationms="0.026" />

<exclusive-start id="4088" timestamp="2022-02-08T17:24:38.738" intervalms="117.283">
  <response-info timems="0.017" idlems="0.017" threads="0" lastid="0000000000016F00" lastname="main" />
</exclusive-start>
<af-start id="4089" threadId="0000000000017908" totalBytesRequested="184" timestamp="2022-02-08T17:24:38.738" intervalms="916.113" type="nursery" />
<cycle-start id="4090" type="scavenge" contextid="0" timestamp="2022-02-08T17:24:38.738" intervalms="916.054" />
<gc-start id="4091" type="scavenge" contextid="4090" timestamp="2022-02-08T17:24:38.738">
  <mem-info id="4092" free="128071968" total="1073741824" percent="11">
    <mem type="nursery" free="0" total="268435456" percent="0">
      <mem type="allocate" free="0" total="183042048" percent="0" />
      <mem type="survivor" free="0" total="85393408" percent="0" />
    </mem>
    <mem type="tenure" free="128071968" total="805306368" percent="15">
      <mem type="soa" free="120018208" total="797252608" percent="15" />
      <mem type="loa" free="8053760" total="8053760" percent="100" />
    </mem>
    <remembered-set count="133" />
  </mem-info>
</gc-start>
<allocation-stats totalBytes="106567520" >
  <allocated-bytes non-tlh="1347800" tlh="105219720" />
  <largest-consumer threadName="main" threadId="0000000000016F00" bytes="106559328" />
</allocation-stats>
<gc-op id="4093" type="scavenge" timems="96.015" contextid="4090" timestamp="2022-02-08T17:24:38.834">
  <scavenger-info tenureage="1" tenuremask="7ffe" tiltratio="68" />
  <memory-copied type="nursery" objects="1332810" bytes="76268296" bytesdiscarded="210520" />
  <memory-copied type="tenure" objects="1486952" bytes="75254400" bytesdiscarded="37680" />
  <finalization candidates="57" enqueued="0" />
  <references type="phantom" candidates="1" cleared="0" enqueued="0" />
  <object-monitors candidates="2" cleared="0"  />
</gc-op>
<gc-end id="4094" type="scavenge" contextid="4090" durationms="96.202" usertimems="378.862" systemtimems="1.073" stalltimems="2.854" timestamp="2022-02-08T17:24:38.834" activeThreads="4">
  <mem-info id="4095" free="160032528" total="1073741824" percent="14">
    <mem type="nursery" free="107153056" total="268435456" percent="39">
      <mem type="allocate" free="107153056" total="183631872" percent="58" />
      <mem type="survivor" free="0" total="84803584" percent="0" />
    </mem>
    <mem type="tenure" free="52879472" total="805306368" percent="6" macro-fragmented="0">
      <mem type="soa" free="44825712" total="797252608" percent="5" />
      <mem type="loa" free="8053760" total="8053760" percent="100" />
    </mem>
    <remembered-set count="102" />
  </mem-info>
</gc-end>
<cycle-end id="4096" type="scavenge" contextid="4090" timestamp="2022-02-08T17:24:38.834" />
<allocation-satisfied id="4097" threadId="0000000000016F00" bytesRequested="184" />
<af-end id="4098" timestamp="2022-02-08T17:24:38.835" threadId="0000000000017908" success="true" from="nursery"/>
<exclusive-end id="4099" timestamp="2022-02-08T17:24:38.835" durationms="96.529" />

<concurrent-end id="4100" type="global mark" contextid="4085" timestamp="2022-02-08T17:24:38.968">
<gc-op id="4101" type="trace" timems="347.025" contextid="4085" timestamp="2022-02-08T17:24:38.968">
  <trace bytesTraced="74441308" workStackOverflowCount="0" />
  <card-cleaning reason="card cleaning threshold reached" bytesTraced="1000" cardsCleaned="2" />
</gc-op>
</concurrent-end>

<exclusive-start id="4102" timestamp="2022-02-08T17:24:38.968" intervalms="229.808">
  <response-info timems="0.019" idlems="0.019" threads="0" lastid="0000000000016F00" lastname="main" />
</exclusive-start>
<concurrent-global-final id="4103" timestamp="2022-02-08T17:24:38.968" contextid="4085" intervalms="2920.255" >
  <concurrent-trace-info reason="card cleaning threshold reached" tracedByMutators="57754844" tracedByHelpers="16687464" cardsCleaned="2" workStackOverflowCount="0" />
</concurrent-global-final>
<gc-start id="4104" type="global" contextid="4085" timestamp="2022-02-08T17:24:38.968">
  <mem-info id="4105" free="151283288" total="1073741824" percent="14">
    <mem type="nursery" free="98403816" total="268435456" percent="36">
      <mem type="allocate" free="98403816" total="183631872" percent="53" />
      <mem type="survivor" free="0" total="84803584" percent="0" />
    </mem>
    <mem type="tenure" free="52879472" total="805306368" percent="6">
      <mem type="soa" free="44825712" total="797252608" percent="5" />
      <mem type="loa" free="8053760" total="8053760" percent="100" />
    </mem>
    <remembered-set count="102" />
  </mem-info>
</gc-start>
<allocation-stats totalBytes="8745680" >
  <allocated-bytes non-tlh="184" tlh="8745496" />
  <largest-consumer threadName="main" threadId="0000000000016F00" bytes="8745680" />
</allocation-stats>
<gc-op id="4106" type="rs-scan" timems="0.539" contextid="4085" timestamp="2022-02-08T17:24:38.968">
  <scan objectsFound="29" bytesTraced="5268" workStackOverflowCount="0" />
</gc-op>
<gc-op id="4107" type="card-cleaning" timems="147.406" contextid="4085" timestamp="2022-02-08T17:24:39.116">
  <card-cleaning cardsCleaned="9" bytesTraced="71013244" workStackOverflowCount="0" />
</gc-op>
<gc-op id="4108" type="mark" timems="57.645" contextid="4085" timestamp="2022-02-08T17:24:39.174">
  <trace-info objectcount="1813118" scancount="1361366" scanbytes="29110184" />
  <finalization candidates="428" enqueued="57" />
  <ownableSynchronizers candidates="1" cleared="0" />
  <references type="soft" candidates="894" cleared="0" enqueued="0" dynamicThreshold="11" maxThreshold="32" />
  <references type="weak" candidates="1701" cleared="0" enqueued="0" />
  <references type="phantom" candidates="52" cleared="2" enqueued="2" />
  <stringconstants candidates="6470" cleared="0"  />
  <object-monitors candidates="2" cleared="0"  />
</gc-op>
<gc-op id="4109" type="sweep" timems="4.978" contextid="4085" timestamp="2022-02-08T17:24:39.179" />
<gc-end id="4110" type="global" contextid="4085" durationms="210.779" usertimems="267.387" systemtimems="0.091" stalltimems="131.616" timestamp="2022-02-08T17:24:39.179" activeThreads="4">
  <mem-info id="4111" free="394526472" total="1073741824" percent="36">
    <mem type="nursery" free="98707016" total="268435456" percent="36">
      <mem type="allocate" free="98707016" total="183631872" percent="53" />
      <mem type="survivor" free="0" total="84803584" percent="0" />
    </mem>
    <mem type="tenure" free="295819456" total="805306368" percent="36" micro-fragmented="298522" macro-fragmented="0">
      <mem type="soa" free="287765696" total="797252608" percent="36" />
      <mem type="loa" free="8053760" total="8053760" percent="100" />
    </mem>
    <pending-finalizers system="57" default="0" reference="2" classloader="0" />
    <remembered-set count="102" />
  </mem-info>
</gc-end>
<cycle-end id="4112" type="global" contextid="4085" timestamp="2022-02-08T17:24:39.179" />
<exclusive-end id="4113" timestamp="2022-02-08T17:24:39.179" durationms="211.053" />

<exclusive-start id="4114" timestamp="2022-02-08T17:24:39.833" intervalms="864.737">
  <response-info timems="0.037" idlems="0.037" threads="0" lastid="0000000000016F00" lastname="main" />
</exclusive-start>
<af-start id="4115" threadId="0000000000017908" totalBytesRequested="88" timestamp="2022-02-08T17:24:39.833" intervalms="1094.564" type="nursery" />
<cycle-start id="4116" type="scavenge" contextid="0" timestamp="2022-02-08T17:24:39.833" intervalms="1094.594" />
<gc-start id="4117" type="scavenge" contextid="4116" timestamp="2022-02-08T17:24:39.833">
  <mem-info id="4118" free="295819456" total="1073741824" percent="27">
    <mem type="nursery" free="0" total="268435456" percent="0">
      <mem type="allocate" free="0" total="183631872" percent="0" />
      <mem type="survivor" free="0" total="84803584" percent="0" />
    </mem>
    <mem type="tenure" free="295819456" total="805306368" percent="36">
      <mem type="soa" free="287765696" total="797252608" percent="36" />
      <mem type="loa" free="8053760" total="8053760" percent="100" />
    </mem>
    <remembered-set count="105" />
  </mem-info>
</gc-start>
<allocation-stats totalBytes="98659392" >
  <allocated-bytes non-tlh="0" tlh="98659392" />
  <largest-consumer threadName="main" threadId="0000000000016F00" bytes="98655296" />
</allocation-stats>
<gc-op id="4119" type="scavenge" timems="91.524" contextid="4116" timestamp="2022-02-08T17:24:39.924">
  <scavenger-info tenureage="1" tenuremask="7ffe" tiltratio="68" />
  <memory-copied type="nursery" objects="1356299" bytes="76298552" bytesdiscarded="128584" />
  <memory-copied type="tenure" objects="1332809" bytes="76268192" bytesdiscarded="46656" />
  <finalization candidates="1" enqueued="0" />
  <ownableSynchronizers candidates="2" cleared="2" />
  <object-monitors candidates="2" cleared="0"  />
</gc-op>
<gc-end id="4120" type="scavenge" contextid="4116" durationms="91.717" usertimems="357.684" systemtimems="0.298" stalltimems="3.174" timestamp="2022-02-08T17:24:39.924" activeThreads="4">
  <mem-info id="4121" free="326940024" total="1073741824" percent="30">
    <mem type="nursery" free="107663488" total="268435456" percent="40">
      <mem type="allocate" free="107663488" total="184090624" percent="58" />
      <mem type="survivor" free="0" total="84344832" percent="0" />
    </mem>
    <mem type="tenure" free="219276536" total="805306368" percent="27" macro-fragmented="0">
      <mem type="soa" free="211222776" total="797252608" percent="26" />
      <mem type="loa" free="8053760" total="8053760" percent="100" />
    </mem>
    <remembered-set count="105" />
  </mem-info>
</gc-end>
<cycle-end id="4122" type="scavenge" contextid="4116" timestamp="2022-02-08T17:24:39.925" />
<allocation-satisfied id="4123" threadId="0000000000016F00" bytesRequested="88" />
<af-end id="4124" timestamp="2022-02-08T17:24:39.925" threadId="0000000000017908" success="true" from="nursery"/>
<exclusive-end id="4125" timestamp="2022-02-08T17:24:39.925" durationms="92.068" />

<exclusive-start id="4126" timestamp="2022-02-08T17:24:40.748" intervalms="915.074">
  <response-info timems="0.021" idlems="0.021" threads="0" lastid="0000000000016F00" lastname="main" />
</exclusive-start>
<af-start id="4127" threadId="0000000000017908" totalBytesRequested="56" timestamp="2022-02-08T17:24:40.748" intervalms="915.053" type="nursery" />
<cycle-start id="4128" type="scavenge" contextid="0" timestamp="2022-02-08T17:24:40.748" intervalms="915.013" />
<gc-start id="4129" type="scavenge" contextid="4128" timestamp="2022-02-08T17:24:40.748">
  <mem-info id="4130" free="219276536" total="1073741824" percent="20">
    <mem type="nursery" free="0" total="268435456" percent="0">
      <mem type="allocate" free="0" total="184090624" percent="0" />
      <mem type="survivor" free="0" total="84344832" percent="0" />
    </mem>
    <mem type="tenure" free="219276536" total="805306368" percent="27">
      <mem type="soa" free="211222776" total="797252608" percent="26" />
      <mem type="loa" free="8053760" total="8053760" percent="100" />
    </mem>
    <remembered-set count="136" />
  </mem-info>
</gc-start>
<allocation-stats totalBytes="107618960" >
  <allocated-bytes non-tlh="848792" tlh="106770168" />
  <largest-consumer threadName="main" threadId="0000000000016F00" bytes="107618960" />
</allocation-stats>
<gc-op id="4131" type="scavenge" timems="82.416" contextid="4128" timestamp="2022-02-08T17:24:40.830">
  <scavenger-info tenureage="1" tenuremask="7ffe" tiltratio="68" />
  <memory-copied type="nursery" objects="1466292" bytes="75829552" bytesdiscarded="96784" />
  <memory-copied type="tenure" objects="1356298" bytes="76298496" bytesdiscarded="38312" />
  <finalization candidates="95" enqueued="53" />
  <references type="soft" candidates="14" cleared="0" enqueued="0" dynamicThreshold="11" maxThreshold="32" />
  <references type="weak" candidates="1" cleared="0" enqueued="0" />
  <references type="phantom" candidates="80" cleared="7" enqueued="7" />
  <object-monitors candidates="2" cleared="0"  />
</gc-op>
<gc-end id="4132" type="scavenge" contextid="4128" durationms="82.582" usertimems="317.539" systemtimems="0.000" stalltimems="1.876" timestamp="2022-02-08T17:24:40.830" activeThreads="4">
  <mem-info id="4133" free="251561856" total="1073741824" percent="23">
    <mem type="nursery" free="108557376" total="268435456" percent="40">
      <mem type="allocate" free="108557376" total="184483840" percent="58" />
      <mem type="survivor" free="0" total="83951616" percent="0" />
    </mem>
    <mem type="tenure" free="143004480" total="805306368" percent="17" macro-fragmented="57512708">
      <mem type="soa" free="134950720" total="797252608" percent="16" />
      <mem type="loa" free="8053760" total="8053760" percent="100" />
    </mem>
    <pending-finalizers system="52" default="1" reference="7" classloader="0" />
    <remembered-set count="132" />
  </mem-info>
</gc-end>
<cycle-end id="4134" type="scavenge" contextid="4128" timestamp="2022-02-08T17:24:40.830" />
<allocation-satisfied id="4135" threadId="0000000000016F00" bytesRequested="56" />
<af-end id="4136" timestamp="2022-02-08T17:24:40.830" threadId="0000000000017908" success="true" from="nursery"/>
<exclusive-end id="4137" timestamp="2022-02-08T17:24:40.830" durationms="82.837" />

<concurrent-kickoff id="4138" timestamp="2022-02-08T17:24:41.542">
  <kickoff reason="threshold reached" targetBytes="74441517" thresholdFreeBytes="5759819"  remainingFree="5696704" tenureFreeBytes="143004480" nurseryFreeBytes="5696704" />
</concurrent-kickoff>
<exclusive-start id="4139" timestamp="2022-02-08T17:24:41.545" intervalms="796.934">
  <response-info timems="0.020" idlems="0.020" threads="0" lastid="0000000000016F00" lastname="main" />
</exclusive-start>
<cycle-start id="4140" type="global" contextid="0" timestamp="2022-02-08T17:24:41.545" intervalms="2923.837" />
<concurrent-start id="4141" type="global mark" contextid="4140" timestamp="2022-02-08T17:24:41.545">
</concurrent-start>
<exclusive-end id="4142" timestamp="2022-02-08T17:24:41.545" durationms="0.027" />

<exclusive-start id="4143" timestamp="2022-02-08T17:24:41.728" intervalms="183.407">
  <response-info timems="0.017" idlems="0.017" threads="0" lastid="0000000000016F00" lastname="main" />
</exclusive-start>
<af-start id="4144" threadId="0000000000017908" totalBytesRequested="184" timestamp="2022-02-08T17:24:41.728" intervalms="980.342" type="nursery" />
<cycle-start id="4145" type="scavenge" contextid="0" timestamp="2022-02-08T17:24:41.728" intervalms="980.342" />
<gc-start id="4146" type="scavenge" contextid="4145" timestamp="2022-02-08T17:24:41.728">
  <mem-info id="4147" free="143004480" total="1073741824" percent="13">
    <mem type="nursery" free="0" total="268435456" percent="0">
      <mem type="allocate" free="0" total="184483840" percent="0" />
      <mem type="survivor" free="0" total="83951616" percent="0" />
    </mem>
    <mem type="tenure" free="143004480" total="805306368" percent="17">
      <mem type="soa" free="134950720" total="797252608" percent="16" />
      <mem type="loa" free="8053760" total="8053760" percent="100" />
    </mem>
    <remembered-set count="133" />
  </mem-info>
</gc-start>
<allocation-stats totalBytes="108504688" >
  <allocated-bytes non-tlh="1992576" tlh="106512112" />
  <largest-consumer threadName="main" threadId="0000000000016F00" bytes="108496496" />
</allocation-stats>
<gc-op id="4148" type="scavenge" timems="95.120" contextid="4145" timestamp="2022-02-08T17:24:41.823">
  <scavenger-info tenureage="1" tenuremask="7ffe" tiltratio="68" />
  <memory-copied type="nursery" objects="1372502" bytes="77132104" bytesdiscarded="123648" />
  <memory-copied type="tenure" objects="1465568" bytes="75350104" bytesdiscarded="41824" />
  <finalization candidates="57" enqueued="0" />
  <references type="phantom" candidates="15" cleared="0" enqueued="0" />
  <object-monitors candidates="2" cleared="0"  />
</gc-op>
<gc-end id="4149" type="scavenge" contextid="4145" durationms="95.288" usertimems="377.352" systemtimems="0.000" stalltimems="2.747" timestamp="2022-02-08T17:24:41.823" activeThreads="4">
  <mem-info id="4150" free="174198432" total="1073741824" percent="16">
    <mem type="nursery" free="106572728" total="268435456" percent="39">
      <mem type="allocate" free="106572728" total="183828480" percent="57" />
      <mem type="survivor" free="0" total="84606976" percent="0" />
    </mem>
    <mem type="tenure" free="67625704" total="805306368" percent="8" macro-fragmented="57512708">
      <mem type="soa" free="59571944" total="797252608" percent="7" />
      <mem type="loa" free="8053760" total="8053760" percent="100" />
    </mem>
    <remembered-set count="108" />
  </mem-info>
</gc-end>
<cycle-end id="4151" type="scavenge" contextid="4145" timestamp="2022-02-08T17:24:41.824" />
<allocation-satisfied id="4152" threadId="0000000000016F00" bytesRequested="184" />
<af-end id="4153" timestamp="2022-02-08T17:24:41.824" threadId="0000000000017908" success="true" from="nursery"/>
<exclusive-end id="4154" timestamp="2022-02-08T17:24:41.824" durationms="95.574" />

<concurrent-end id="4155" type="global mark" contextid="4140" timestamp="2022-02-08T17:24:41.956">
<gc-op id="4156" type="trace" timems="411.694" contextid="4140" timestamp="2022-02-08T17:24:41.956">
  <trace bytesTraced="74441516" workStackOverflowCount="0" />
  <card-cleaning reason="card cleaning threshold reached" bytesTraced="1000" cardsCleaned="2" />
</gc-op>
</concurrent-end>

<exclusive-start id="4157" timestamp="2022-02-08T17:24:41.956" intervalms="228.358">
  <response-info timems="0.020" idlems="0.020" threads="0" lastid="0000000000016F00" lastname="main" />
</exclusive-start>
<concurrent-global-final id="4158" timestamp="2022-02-08T17:24:41.956" contextid="4140" intervalms="2988.523" >
  <concurrent-trace-info reason="card cleaning threshold reached" tracedByMutators="56887640" tracedByHelpers="17554876" cardsCleaned="2" workStackOverflowCount="0" />
</concurrent-global-final>
<gc-start id="4159" type="global" contextid="4140" timestamp="2022-02-08T17:24:41.956">
  <mem-info id="4160" free="165711336" total="1073741824" percent="15">
    <mem type="nursery" free="98085632" total="268435456" percent="36">
      <mem type="allocate" free="98085632" total="183828480" percent="53" />
      <mem type="survivor" free="0" total="84606976" percent="0" />
    </mem>
    <mem type="tenure" free="67625704" total="805306368" percent="8">
      <mem type="soa" free="59571944" total="797252608" percent="7" />
      <mem type="loa" free="8053760" total="8053760" percent="100" />
    </mem>
    <remembered-set count="108" />
  </mem-info>
</gc-start>
<allocation-stats totalBytes="8482912" >
  <allocated-bytes non-tlh="184" tlh="8482728" />
  <largest-consumer threadName="main" threadId="0000000000016F00" bytes="8482912" />
</allocation-stats>
<gc-op id="4161" type="rs-scan" timems="0.521" contextid="4140" timestamp="2022-02-08T17:24:41.957">
  <scan objectsFound="29" bytesTraced="5268" workStackOverflowCount="0" />
</gc-op>
<gc-op id="4162" type="card-cleaning" timems="161.304" contextid="4140" timestamp="2022-02-08T17:24:42.118">
  <card-cleaning cardsCleaned="9" bytesTraced="71013244" workStackOverflowCount="0" />
</gc-op>
<gc-op id="4163" type="mark" timems="40.688" contextid="4140" timestamp="2022-02-08T17:24:42.159">
  <trace-info objectcount="1571367" scancount="1180053" scanbytes="25242152" />
  <finalization candidates="428" enqueued="57" />
  <ownableSynchronizers candidates="1" cleared="0" />
  <references type="soft" candidates="894" cleared="0" enqueued="0" dynamicThreshold="11" maxThreshold="32" />
  <references type="weak" candidates="1701" cleared="0" enqueued="0" />
  <references type="phantom" candidates="52" cleared="2" enqueued="2" />
  <stringconstants candidates="6470" cleared="0"  />
  <object-monitors candidates="2" cleared="0"  />
</gc-op>
<gc-op id="4164" type="sweep" timems="5.203" contextid="4140" timestamp="2022-02-08T17:24:42.164" />
<gc-end id="4165" type="global" contextid="4140" durationms="207.937" usertimems="224.295" systemtimems="0.299" stalltimems="121.718" timestamp="2022-02-08T17:24:42.164" activeThreads="4">
  <mem-info id="4166" free="408805952" total="1073741824" percent="38">
    <mem type="nursery" free="98301072" total="268435456" percent="36">
      <mem type="allocate" free="98301072" total="183828480" percent="53" />
      <mem type="survivor" free="0" total="84606976" percent="0" />
    </mem>
    <mem type="tenure" free="310504880" total="805306368" percent="38" micro-fragmented="255391" macro-fragmented="0">
      <mem type="soa" free="302451120" total="797252608" percent="37" />
      <mem type="loa" free="8053760" total="8053760" percent="100" />
    </mem>
    <pending-finalizers system="57" default="0" reference="2" classloader="0" />
    <remembered-set count="108" />
  </mem-info>
</gc-end>
<cycle-end id="4167" type="global" contextid="4140" timestamp="2022-02-08T17:24:42.165" />
<exclusive-end id="4168" timestamp="2022-02-08T17:24:42.165" durationms="208.188" />

<exclusive-start id="4169" timestamp="2022-02-08T17:24:42.817" intervalms="860.912">
  <response-info timems="0.018" idlems="0.018" threads="0" lastid="0000000000016F00" lastname="main" />
</exclusive-start>
<af-start id="4170" threadId="0000000000017908" totalBytesRequested="104" timestamp="2022-02-08T17:24:42.817" intervalms="1089.273" type="nursery" />
<cycle-start id="4171" type="scavenge" contextid="0" timestamp="2022-02-08T17:24:42.817" intervalms="1089.273" />
<gc-start id="4172" type="scavenge" contextid="4171" timestamp="2022-02-08T17:24:42.817">
  <mem-info id="4173" free="310504880" total="1073741824" percent="28">
    <mem type="nursery" free="0" total="268435456" percent="0">
      <mem type="allocate" free="0" total="183828480" percent="0" />
      <mem type="survivor" free="0" total="84606976" percent="0" />
    </mem>
    <mem type="tenure" free="310504880" total="805306368" percent="38">
      <mem type="soa" free="302451120" total="797252608" percent="37" />
      <mem type="loa" free="8053760" total="8053760" percent="100" />
    </mem>
    <remembered-set count="111" />
  </mem-info>
</gc-start>
<allocation-stats totalBytes="98253384" >
  <allocated-bytes non-tlh="0" tlh="98253384" />
  <largest-consumer threadName="main" threadId="0000000000016F00" bytes="98249288" />
</allocation-stats>
<gc-op id="4174" type="scavenge" timems="75.771" contextid="4171" timestamp="2022-02-08T17:24:42.893">
  <scavenger-info tenureage="1" tenuremask="7ffe" tiltratio="68" />
  <memory-copied type="nursery" objects="1345590" bytes="75826992" bytesdiscarded="92880" />
  <memory-copied type="tenure" objects="1372501" bytes="77132000" bytesdiscarded="51368" />
  <finalization candidates="15" enqueued="0" />
  <ownableSynchronizers candidates="2" cleared="2" />
  <object-monitors candidates="2" cleared="0"  />
</gc-op>
<gc-end id="4175" type="scavenge" contextid="4171" durationms="75.952" usertimems="295.213" systemtimems="0.015" stalltimems="2.729" timestamp="2022-02-08T17:24:42.893" activeThreads="4">
  <mem-info id="4176" free="341149048" total="1073741824" percent="31">
    <mem type="nursery" free="108170752" total="268435456" percent="40">
      <mem type="allocate" free="108170752" total="184090624" percent="58" />
      <mem type="survivor" free="0" total="84344832" percent="0" />
    </mem>
    <mem type="tenure" free="232978296" total="805306368" percent="28" macro-fragmented="868149">
      <mem type="soa" free="224924536" total="797252608" percent="28" />
      <mem type="loa" free="8053760" total="8053760" percent="100" />
    </mem>
    <remembered-set count="105" />
  </mem-info>
</gc-end>
<cycle-end id="4177" type="scavenge" contextid="4171" timestamp="2022-02-08T17:24:42.894" />
<allocation-satisfied id="4178" threadId="0000000000016F00" bytesRequested="104" />
<af-end id="4179" timestamp="2022-02-08T17:24:42.894" threadId="0000000000017908" success="true" from="nursery"/>
<exclusive-end id="4180" timestamp="2022-02-08T17:24:42.894" durationms="76.474" />

<exclusive-start id="4181" timestamp="2022-02-08T17:24:43.573" intervalms="755.562">
  <response-info timems="0.017" idlems="0.017" threads="0" lastid="0000000000016F00" lastname="main" />
</exclusive-start>
<af-start id="4182" threadId="0000000000017908" totalBytesRequested="453704" timestamp="2022-02-08T17:24:43.573" intervalms="755.558" type="nursery" />
<cycle-start id="4183" type="scavenge" contextid="0" timestamp="2022-02-08T17:24:43.573" intervalms="755.557" />
<gc-start id="4184" type="scavenge" contextid="4183" timestamp="2022-02-08T17:24:43.573">
  <mem-info id="4185" free="233047312" total="1073741824" percent="21">
    <mem type="nursery" free="69016" total="268435456" percent="0">
      <mem type="allocate" free="69016" total="184090624" percent="0" />
      <mem type="survivor" free="0" total="84344832" percent="0" />
    </mem>
    <mem type="tenure" free="232978296" total="805306368" percent="28">
      <mem type="soa" free="224924536" total="797252608" percent="28" />
      <mem type="loa" free="8053760" total="8053760" percent="100" />
    </mem>
    <remembered-set count="119" />
  </mem-info>
</gc-start>
<allocation-stats totalBytes="108050824" >
  <allocated-bytes non-tlh="104" tlh="108050720" />
  <largest-consumer threadName="main" threadId="0000000000016F00" bytes="108050824" />
</allocation-stats>
<gc-op id="4186" type="scavenge" timems="80.331" contextid="4183" timestamp="2022-02-08T17:24:43.653">
  <scavenger-info tenureage="1" tenuremask="7ffe" tiltratio="68" />
  <memory-copied type="nursery" objects="1360875" bytes="76774816" bytesdiscarded="172304" />
  <memory-copied type="tenure" objects="1345590" bytes="75826992" bytesdiscarded="35792" />
  <finalization candidates="30" enqueued="18" />
  <references type="phantom" candidates="30" cleared="0" enqueued="0" />
  <object-monitors candidates="2" cleared="0"  />
</gc-op>
<gc-end id="4187" type="scavenge" contextid="4183" durationms="80.553" usertimems="312.089" systemtimems="0.745" stalltimems="6.929" timestamp="2022-02-08T17:24:43.653" activeThreads="4">
  <mem-info id="4188" free="264772408" total="1073741824" percent="24">
    <mem type="nursery" free="107471184" total="268435456" percent="40">
      <mem type="allocate" free="107471184" total="184418304" percent="58" />
      <mem type="survivor" free="0" total="84017152" percent="0" />
    </mem>
    <mem type="tenure" free="157301224" total="805306368" percent="19" macro-fragmented="0">
      <mem type="soa" free="149247464" total="797252608" percent="18" />
      <mem type="loa" free="8053760" total="8053760" percent="100" />
    </mem>
    <pending-finalizers system="18" default="0" reference="0" classloader="0" />
    <remembered-set count="119" />
  </mem-info>
</gc-end>
<cycle-end id="4189" type="scavenge" contextid="4183" timestamp="2022-02-08T17:24:43.654" />
<allocation-satisfied id="4190" threadId="0000000000016F00" bytesRequested="453704" />
<af-end id="4191" timestamp="2022-02-08T17:24:43.654" threadId="0000000000017908" success="true" from="nursery"/>
<exclusive-end id="4192" timestamp="2022-02-08T17:24:43.654" durationms="80.879" />

<concurrent-kickoff id="4193" timestamp="2022-02-08T17:24:44.522">
  <kickoff reason="threshold reached" targetBytes="74441713" thresholdFreeBytes="5780882"  remainingFree="5693776" tenureFreeBytes="157301224" nurseryFreeBytes="5693776" />
</concurrent-kickoff>
<exclusive-start id="4194" timestamp="2022-02-08T17:24:44.525" intervalms="952.516">
  <response-info timems="0.023" idlems="0.023" threads="0" lastid="0000000000016F00" lastname="main" />
</exclusive-start>
<cycle-start id="4195" type="global" contextid="0" timestamp="2022-02-08T17:24:44.525" intervalms="2980.758" />
<concurrent-start id="4196" type="global mark" contextid="4195" timestamp="2022-02-08T17:24:44.525">
</concurrent-start>
<exclusive-end id="4197" timestamp="2022-02-08T17:24:44.525" durationms="0.031" />

<exclusive-start id="4198" timestamp="2022-02-08T17:24:44.647" intervalms="121.493">
  <response-info timems="0.026" idlems="0.026" threads="0" lastid="0000000000016F00" lastname="main" />
</exclusive-start>
<af-start id="4199" threadId="0000000000017908" totalBytesRequested="112" timestamp="2022-02-08T17:24:44.647" intervalms="1074.013" type="nursery" />
<cycle-start id="4200" type="scavenge" contextid="0" timestamp="2022-02-08T17:24:44.647" intervalms="1074.014" />
<gc-start id="4201" type="scavenge" contextid="4200" timestamp="2022-02-08T17:24:44.647">
  <mem-info id="4202" free="157301224" total="1073741824" percent="14">
    <mem type="nursery" free="0" total="268435456" percent="0">
      <mem type="allocate" free="0" total="184418304" percent="0" />
      <mem type="survivor" free="0" total="84017152" percent="0" />
    </mem>
    <mem type="tenure" free="157301224" total="805306368" percent="19">
      <mem type="soa" free="149247464" total="797252608" percent="18" />
      <mem type="loa" free="8053760" total="8053760" percent="100" />
    </mem>
    <remembered-set count="136" />
  </mem-info>
</gc-start>
<allocation-stats totalBytes="107423736" >
  <allocated-bytes non-tlh="2938248" tlh="104485488" />
  <largest-consumer threadName="main" threadId="0000000000016F00" bytes="107419640" />
</allocation-stats>
<gc-op id="4203" type="scavenge" timems="84.881" contextid="4200" timestamp="2022-02-08T17:24:44.732">
  <scavenger-info tenureage="1" tenuremask="7ffe" tiltratio="68" />
  <memory-copied type="nursery" objects="1428341" bytes="75559224" bytesdiscarded="107160" />
  <memory-copied type="tenure" objects="1360577" bytes="76615776" bytesdiscarded="37312" />
  <finalization candidates="92" enqueued="35" />
  <references type="soft" candidates="14" cleared="0" enqueued="0" dynamicThreshold="12" maxThreshold="32" />
  <references type="weak" candidates="1" cleared="0" enqueued="0" />
  <references type="phantom" candidates="77" cleared="7" enqueued="7" />
  <object-monitors candidates="2" cleared="0"  />
</gc-op>
<gc-end id="4204" type="scavenge" contextid="4200" durationms="85.112" usertimems="333.409" systemtimems="0.000" stalltimems="2.948" timestamp="2022-02-08T17:24:44.732" activeThreads="4">
  <mem-info id="4205" free="189573296" total="1073741824" percent="17">
    <mem type="nursery" free="108948400" total="268435456" percent="40">
      <mem type="allocate" free="108948400" total="184614912" percent="59" />
      <mem type="survivor" free="0" total="83820544" percent="0" />
    </mem>
    <mem type="tenure" free="80624896" total="805306368" percent="10" macro-fragmented="33282812">
      <mem type="soa" free="72571136" total="797252608" percent="9" />
      <mem type="loa" free="8053760" total="8053760" percent="100" />
    </mem>
    <pending-finalizers system="34" default="1" reference="7" classloader="0" />
    <remembered-set count="119" />
  </mem-info>
</gc-end>
<cycle-end id="4206" type="scavenge" contextid="4200" timestamp="2022-02-08T17:24:44.732" />
<allocation-satisfied id="4207" threadId="0000000000016F00" bytesRequested="112" />
<af-end id="4208" timestamp="2022-02-08T17:24:44.732" threadId="0000000000017908" success="true" from="nursery"/>
<exclusive-end id="4209" timestamp="2022-02-08T17:24:44.732" durationms="85.492" />

<concurrent-end id="4210" type="global mark" contextid="4195" timestamp="2022-02-08T17:24:44.868">
<gc-op id="4211" type="trace" timems="342.152" contextid="4195" timestamp="2022-02-08T17:24:44.868">
  <trace bytesTraced="74441820" workStackOverflowCount="0" />
  <card-cleaning reason="card cleaning threshold reached" bytesTraced="1000" cardsCleaned="2" />
</gc-op>
</concurrent-end>

<exclusive-start id="4212" timestamp="2022-02-08T17:24:44.868" intervalms="220.729">
  <response-info timems="0.017" idlems="0.017" threads="0" lastid="0000000000016F00" lastname="main" />
</exclusive-start>
<concurrent-global-final id="4213" timestamp="2022-02-08T17:24:44.868" contextid="4195" intervalms="2911.198" >
  <concurrent-trace-info reason="card cleaning threshold reached" tracedByMutators="59285784" tracedByHelpers="15157036" cardsCleaned="2" workStackOverflowCount="0" />
</concurrent-global-final>
<gc-start id="4214" type="global" contextid="4195" timestamp="2022-02-08T17:24:44.868">
  <mem-info id="4215" free="181078080" total="1073741824" percent="16">
    <mem type="nursery" free="100453184" total="268435456" percent="37">
      <mem type="allocate" free="100453184" total="184614912" percent="54" />
      <mem type="survivor" free="0" total="83820544" percent="0" />
    </mem>
    <mem type="tenure" free="80624896" total="805306368" percent="10">
      <mem type="soa" free="72571136" total="797252608" percent="9" />
      <mem type="loa" free="8053760" total="8053760" percent="100" />
    </mem>
    <remembered-set count="120" />
  </mem-info>
</gc-start>
<allocation-stats totalBytes="8490192" >
  <allocated-bytes non-tlh="112" tlh="8490080" />
  <largest-consumer threadName="main" threadId="0000000000016F00" bytes="8482000" />
</allocation-stats>
<gc-op id="4216" type="rs-scan" timems="130.079" contextid="4195" timestamp="2022-02-08T17:24:44.998">
  <scan objectsFound="3324749" bytesTraced="71015820" workStackOverflowCount="0" />
</gc-op>
<gc-op id="4217" type="card-cleaning" timems="0.278" contextid="4195" timestamp="2022-02-08T17:24:44.998">
  <card-cleaning cardsCleaned="3" bytesTraced="1348" workStackOverflowCount="0" />
</gc-op>
<gc-op id="4218" type="mark" timems="32.553" contextid="4195" timestamp="2022-02-08T17:24:45.031">
  <trace-info objectcount="1274537" scancount="957429" scanbytes="20492872" />
  <finalization candidates="428" enqueued="57" />
  <ownableSynchronizers candidates="1" cleared="0" />
  <references type="soft" candidates="894" cleared="0" enqueued="0" dynamicThreshold="12" maxThreshold="32" />
  <references type="weak" candidates="1701" cleared="0" enqueued="0" />
  <references type="phantom" candidates="52" cleared="2" enqueued="2" />
  <stringconstants candidates="6470" cleared="0"  />
  <object-monitors candidates="2" cleared="0"  />
</gc-op>
<gc-op id="4219" type="sweep" timems="4.850" contextid="4195" timestamp="2022-02-08T17:24:45.036" />
<gc-end id="4220" type="global" contextid="4195" durationms="168.004" usertimems="179.403" systemtimems="4.276" stalltimems="96.818" timestamp="2022-02-08T17:24:45.036" activeThreads="4">
  <mem-info id="4221" free="424520496" total="1073741824" percent="39">
    <mem type="nursery" free="100975408" total="268435456" percent="37">
      <mem type="allocate" free="100975408" total="184614912" percent="54" />
      <mem type="survivor" free="0" total="83820544" percent="0" />
    </mem>
    <mem type="tenure" free="323545088" total="805306368" percent="40" micro-fragmented="252411" macro-fragmented="0">
      <mem type="soa" free="315491328" total="797252608" percent="39" />
      <mem type="loa" free="8053760" total="8053760" percent="100" />
    </mem>
    <pending-finalizers system="57" default="0" reference="2" classloader="0" />
    <remembered-set count="107" />
  </mem-info>
</gc-end>
<cycle-end id="4222" type="global" contextid="4195" timestamp="2022-02-08T17:24:45.036" />
<exclusive-end id="4223" timestamp="2022-02-08T17:24:45.036" durationms="168.324" />

<exclusive-start id="4224" timestamp="2022-02-08T17:24:45.740" intervalms="872.521">
  <response-info timems="0.019" idlems="0.019" threads="0" lastid="0000000000016F00" lastname="main" />
</exclusive-start>
<af-start id="4225" threadId="0000000000017908" totalBytesRequested="104" timestamp="2022-02-08T17:24:45.740" intervalms="1093.250" type="nursery" />
<cycle-start id="4226" type="scavenge" contextid="0" timestamp="2022-02-08T17:24:45.740" intervalms="1093.251" />
<gc-start id="4227" type="scavenge" contextid="4226" timestamp="2022-02-08T17:24:45.740">
  <mem-info id="4228" free="323545088" total="1073741824" percent="30">
    <mem type="nursery" free="0" total="268435456" percent="0">
      <mem type="allocate" free="0" total="184614912" percent="0" />
      <mem type="survivor" free="0" total="83820544" percent="0" />
    </mem>
    <mem type="tenure" free="323545088" total="805306368" percent="40">
      <mem type="soa" free="315491328" total="797252608" percent="39" />
      <mem type="loa" free="8053760" total="8053760" percent="100" />
    </mem>
    <remembered-set count="108" />
  </mem-info>
</gc-start>
<allocation-stats totalBytes="100926136" >
  <allocated-bytes non-tlh="0" tlh="100926136" />
  <largest-consumer threadName="main" threadId="0000000000016F00" bytes="100922040" />
</allocation-stats>
<gc-op id="4229" type="scavenge" timems="92.933" contextid="4226" timestamp="2022-02-08T17:24:45.833">
  <scavenger-info tenureage="1" tenuremask="7ffe" tiltratio="68" />
  <memory-copied type="nursery" objects="1410794" bytes="77838016" bytesdiscarded="271736" />
  <memory-copied type="tenure" objects="1427860" bytes="75247480" bytesdiscarded="41336" />
  <finalization candidates="45" enqueued="0" />
  <ownableSynchronizers candidates="2" cleared="2" />
  <object-monitors candidates="2" cleared="0"  />
</gc-op>
<gc-end id="4230" type="scavenge" contextid="4226" durationms="93.135" usertimems="368.253" systemtimems="0.675" stalltimems="2.142" timestamp="2022-02-08T17:24:45.833" activeThreads="4">
  <mem-info id="4231" free="352517648" total="1073741824" percent="32">
    <mem type="nursery" free="104342472" total="268435456" percent="38">
      <mem type="allocate" free="104342472" total="182452224" percent="57" />
      <mem type="survivor" free="0" total="85983232" percent="0" />
    </mem>
    <mem type="tenure" free="248175176" total="805306368" percent="30" macro-fragmented="0">
      <mem type="soa" free="240121416" total="797252608" percent="30" />
      <mem type="loa" free="8053760" total="8053760" percent="100" />
    </mem>
    <remembered-set count="104" />
  </mem-info>
</gc-end>
<cycle-end id="4232" type="scavenge" contextid="4226" timestamp="2022-02-08T17:24:45.833" />
<allocation-satisfied id="4233" threadId="0000000000016F00" bytesRequested="104" />
<af-end id="4234" timestamp="2022-02-08T17:24:45.833" threadId="0000000000017908" success="true" from="nursery"/>
<exclusive-end id="4235" timestamp="2022-02-08T17:24:45.833" durationms="93.398" />

<exclusive-start id="4236" timestamp="2022-02-08T17:24:46.470" intervalms="729.903">
  <response-info timems="0.018" idlems="0.018" threads="0" lastid="0000000000016F00" lastname="main" />
</exclusive-start>
<af-start id="4237" threadId="0000000000017908" totalBytesRequested="200" timestamp="2022-02-08T17:24:46.470" intervalms="729.901" type="nursery" />
<cycle-start id="4238" type="scavenge" contextid="0" timestamp="2022-02-08T17:24:46.470" intervalms="729.900" />
<gc-start id="4239" type="scavenge" contextid="4238" timestamp="2022-02-08T17:24:46.470">
  <mem-info id="4240" free="248175176" total="1073741824" percent="23">
    <mem type="nursery" free="0" total="268435456" percent="0">
      <mem type="allocate" free="0" total="182452224" percent="0" />
      <mem type="survivor" free="0" total="85983232" percent="0" />
    </mem>
    <mem type="tenure" free="248175176" total="805306368" percent="30">
      <mem type="soa" free="240121416" total="797252608" percent="30" />
      <mem type="loa" free="8053760" total="8053760" percent="100" />
    </mem>
    <remembered-set count="104" />
  </mem-info>
</gc-start>
<allocation-stats totalBytes="104294912" >
  <allocated-bytes non-tlh="104" tlh="104294808" />
  <largest-consumer threadName="main" threadId="0000000000016F00" bytes="104294912" />
</allocation-stats>
<gc-op id="4241" type="scavenge" timems="77.362" contextid="4238" timestamp="2022-02-08T17:24:46.547">
  <scavenger-info tenureage="1" tenuremask="7ffe" tiltratio="67" />
  <memory-copied type="nursery" objects="1302365" bytes="74152072" bytesdiscarded="239952" />
  <memory-copied type="tenure" objects="1410794" bytes="77838016" bytesdiscarded="40056" />
  <object-monitors candidates="2" cleared="0"  />
</gc-op>
<gc-end id="4242" type="scavenge" contextid="4238" durationms="77.558" usertimems="305.960" systemtimems="0.424" stalltimems="2.118" timestamp="2022-02-08T17:24:46.548" activeThreads="4">
  <mem-info id="4243" free="278468048" total="1073741824" percent="25">
    <mem type="nursery" free="108387880" total="268435456" percent="40">
      <mem type="allocate" free="108387880" total="182779904" percent="59" />
      <mem type="survivor" free="0" total="85655552" percent="0" />
    </mem>
    <mem type="tenure" free="170080168" total="805306368" percent="21" macro-fragmented="69015248">
      <mem type="soa" free="162026408" total="797252608" percent="20" />
      <mem type="loa" free="8053760" total="8053760" percent="100" />
    </mem>
    <remembered-set count="104" />
  </mem-info>
</gc-end>
<cycle-end id="4244" type="scavenge" contextid="4238" timestamp="2022-02-08T17:24:46.548" />
<allocation-satisfied id="4245" threadId="0000000000016F00" bytesRequested="200" />
<af-end id="4246" timestamp="2022-02-08T17:24:46.548" threadId="0000000000017908" success="true" from="nursery"/>
<exclusive-end id="4247" timestamp="2022-02-08T17:24:46.548" durationms="77.875" />

<exclusive-start id="4248" timestamp="2022-02-08T17:24:47.424" intervalms="954.150">
  <response-info timems="0.045" idlems="0.045" threads="0" lastid="0000000000016F00" lastname="main" />
</exclusive-start>
<af-start id="4249" threadId="0000000000017908" totalBytesRequested="240" timestamp="2022-02-08T17:24:47.424" intervalms="954.154" type="nursery" />
<cycle-start id="4250" type="scavenge" contextid="0" timestamp="2022-02-08T17:24:47.424" intervalms="954.154" />
<gc-start id="4251" type="scavenge" contextid="4250" timestamp="2022-02-08T17:24:47.424">
  <mem-info id="4252" free="170080168" total="1073741824" percent="15">
    <mem type="nursery" free="0" total="268435456" percent="0">
      <mem type="allocate" free="0" total="182779904" percent="0" />
      <mem type="survivor" free="0" total="85655552" percent="0" />
    </mem>
    <mem type="tenure" free="170080168" total="805306368" percent="21">
      <mem type="soa" free="162026408" total="797252608" percent="20" />
      <mem type="loa" free="8053760" total="8053760" percent="100" />
    </mem>
    <remembered-set count="134" />
  </mem-info>
</gc-start>
<allocation-stats totalBytes="108341824" >
  <allocated-bytes non-tlh="2938448" tlh="105403376" />
  <largest-consumer threadName="main" threadId="0000000000016F00" bytes="108341824" />
</allocation-stats>
<gc-op id="4253" type="scavenge" timems="78.837" contextid="4250" timestamp="2022-02-08T17:24:47.503">
  <scavenger-info tenureage="1" tenuremask="7ffe" tiltratio="68" />
  <memory-copied type="nursery" objects="1450620" bytes="76160560" bytesdiscarded="120752" />
  <memory-copied type="tenure" objects="1302364" bytes="74151960" bytesdiscarded="41848" />
  <finalization candidates="110" enqueued="53" />
  <references type="soft" candidates="14" cleared="0" enqueued="0" dynamicThreshold="12" maxThreshold="32" />
  <references type="weak" candidates="1" cleared="0" enqueued="0" />
  <references type="phantom" candidates="95" cleared="7" enqueued="7" />
  <object-monitors candidates="2" cleared="0"  />
</gc-op>
<gc-end id="4254" type="scavenge" contextid="4250" durationms="79.008" usertimems="306.617" systemtimems="0.000" stalltimems="3.490" timestamp="2022-02-08T17:24:47.503" activeThreads="4">
  <mem-info id="4255" free="202584384" total="1073741824" percent="18">
    <mem type="nursery" free="106760608" total="268435456" percent="39">
      <mem type="allocate" free="106760608" total="183042048" percent="58" />
      <mem type="survivor" free="0" total="85393408" percent="0" />
    </mem>
    <mem type="tenure" free="95823776" total="805306368" percent="11" macro-fragmented="69015248">
      <mem type="soa" free="87770016" total="797252608" percent="11" />
      <mem type="loa" free="8053760" total="8053760" percent="100" />
    </mem>
    <pending-finalizers system="52" default="1" reference="7" classloader="0" />
    <remembered-set count="129" />
  </mem-info>
</gc-end>
<cycle-end id="4256" type="scavenge" contextid="4250" timestamp="2022-02-08T17:24:47.503" />
<allocation-satisfied id="4257" threadId="0000000000016F00" bytesRequested="240" />
<af-end id="4258" timestamp="2022-02-08T17:24:47.503" threadId="0000000000017908" success="true" from="nursery"/>
<exclusive-end id="4259" timestamp="2022-02-08T17:24:47.503" durationms="79.291" />

<concurrent-kickoff id="4260" timestamp="2022-02-08T17:24:48.191">
  <kickoff reason="threshold reached" targetBytes="74441936" thresholdFreeBytes="5774098"  remainingFree="5704096" tenureFreeBytes="95823776" nurseryFreeBytes="5704096" />
</concurrent-kickoff>
<exclusive-start id="4261" timestamp="2022-02-08T17:24:48.196" intervalms="771.486">
  <response-info timems="0.017" idlems="0.017" threads="0" lastid="0000000000016F00" lastname="main" />
</exclusive-start>
<cycle-start id="4262" type="global" contextid="0" timestamp="2022-02-08T17:24:48.196" intervalms="3670.280" />
<concurrent-start id="4263" type="global mark" contextid="4262" timestamp="2022-02-08T17:24:48.196">
</concurrent-start>
<exclusive-end id="4264" timestamp="2022-02-08T17:24:48.196" durationms="0.033" />

<exclusive-start id="4265" timestamp="2022-02-08T17:24:48.323" intervalms="127.355">
  <response-info timems="0.018" idlems="0.018" threads="0" lastid="0000000000016F00" lastname="main" />
</exclusive-start>
<af-start id="4266" threadId="0000000000017908" totalBytesRequested="184" timestamp="2022-02-08T17:24:48.323" intervalms="898.850" type="nursery" />
<cycle-start id="4267" type="scavenge" contextid="0" timestamp="2022-02-08T17:24:48.323" intervalms="898.850" />
<gc-start id="4268" type="scavenge" contextid="4267" timestamp="2022-02-08T17:24:48.323">
  <mem-info id="4269" free="95823776" total="1073741824" percent="8">
    <mem type="nursery" free="0" total="268435456" percent="0">
      <mem type="allocate" free="0" total="183042048" percent="0" />
      <mem type="survivor" free="0" total="85393408" percent="0" />
    </mem>
    <mem type="tenure" free="95823776" total="805306368" percent="11">
      <mem type="soa" free="87770016" total="797252608" percent="11" />
      <mem type="loa" free="8053760" total="8053760" percent="100" />
    </mem>
    <remembered-set count="130" />
  </mem-info>
</gc-start>
<allocation-stats totalBytes="106710984" >
  <allocated-bytes non-tlh="240" tlh="106710744" />
  <largest-consumer threadName="main" threadId="0000000000016F00" bytes="106702792" />
</allocation-stats>
<gc-op id="4270" type="scavenge" timems="101.094" contextid="4267" timestamp="2022-02-08T17:24:48.424">
  <scavenger-info tenureage="1" tenuremask="7ffe" tiltratio="68" />
  <memory-copied type="nursery" objects="1380677" bytes="76041520" bytesdiscarded="408272" />
  <memory-copied type="tenure" objects="1449908" bytes="75692576" bytesdiscarded="40304" />
  <finalization candidates="57" enqueued="0" />
  <object-monitors candidates="2" cleared="0"  />
</gc-op>
<gc-end id="4271" type="scavenge" contextid="4267" durationms="101.290" usertimems="379.755" systemtimems="0.583" stalltimems="12.913" timestamp="2022-02-08T17:24:48.424" activeThreads="4">
  <mem-info id="4272" free="127567584" total="1073741824" percent="11">
    <mem type="nursery" free="107182080" total="268435456" percent="39">
      <mem type="allocate" free="107182080" total="183631872" percent="58" />
      <mem type="survivor" free="0" total="84803584" percent="0" />
    </mem>
    <mem type="tenure" free="20385504" total="805306368" percent="2" macro-fragmented="0">
      <mem type="soa" free="12331744" total="797252608" percent="1" />
      <mem type="loa" free="8053760" total="8053760" percent="100" />
    </mem>
    <remembered-set count="103" />
  </mem-info>
</gc-end>
<cycle-end id="4273" type="scavenge" contextid="4267" timestamp="2022-02-08T17:24:48.424" />
<allocation-satisfied id="4274" threadId="0000000000016F00" bytesRequested="184" />
<af-end id="4275" timestamp="2022-02-08T17:24:48.425" threadId="0000000000017908" success="true" from="nursery"/>
<exclusive-end id="4276" timestamp="2022-02-08T17:24:48.425" durationms="101.560" />

<concurrent-end id="4277" type="global mark" contextid="4262" timestamp="2022-02-08T17:24:48.547">
<gc-op id="4278" type="trace" timems="351.641" contextid="4262" timestamp="2022-02-08T17:24:48.547">
  <trace bytesTraced="74441932" workStackOverflowCount="0" />
  <card-cleaning reason="card cleaning threshold reached" bytesTraced="1000" cardsCleaned="2" />
</gc-op>
</concurrent-end>

<exclusive-start id="4279" timestamp="2022-02-08T17:24:48.547" intervalms="224.352">
  <response-info timems="0.016" idlems="0.016" threads="0" lastid="0000000000016F00" lastname="main" />
</exclusive-start>
<concurrent-global-final id="4280" timestamp="2022-02-08T17:24:48.547" contextid="4262" intervalms="3679.767" >
  <concurrent-trace-info reason="card cleaning threshold reached" tracedByMutators="57309552" tracedByHelpers="17133380" cardsCleaned="2" workStackOverflowCount="0" />
</concurrent-global-final>
<gc-start id="4281" type="global" contextid="4262" timestamp="2022-02-08T17:24:48.547">
  <mem-info id="4282" free="119866920" total="1073741824" percent="11">
    <mem type="nursery" free="99481416" total="268435456" percent="37">
      <mem type="allocate" free="99481416" total="183631872" percent="54" />
      <mem type="survivor" free="0" total="84803584" percent="0" />
    </mem>
    <mem type="tenure" free="20385504" total="805306368" percent="2">
      <mem type="soa" free="12331744" total="797252608" percent="1" />
      <mem type="loa" free="8053760" total="8053760" percent="100" />
    </mem>
    <remembered-set count="103" />
  </mem-info>
</gc-start>
<allocation-stats totalBytes="7697032" >
  <allocated-bytes non-tlh="184" tlh="7696848" />
  <largest-consumer threadName="main" threadId="0000000000016F00" bytes="7697032" />
</allocation-stats>
<gc-op id="4283" type="rs-scan" timems="0.583" contextid="4262" timestamp="2022-02-08T17:24:48.548">
  <scan objectsFound="0" bytesTraced="3836" workStackOverflowCount="0" />
</gc-op>
<gc-op id="4284" type="card-cleaning" timems="151.378" contextid="4262" timestamp="2022-02-08T17:24:48.699">
  <card-cleaning cardsCleaned="10" bytesTraced="71014692" workStackOverflowCount="0" />
</gc-op>
<gc-op id="4285" type="mark" timems="66.395" contextid="4262" timestamp="2022-02-08T17:24:48.766">
  <trace-info objectcount="2381139" scancount="1787382" scanbytes="38198504" />
  <finalization candidates="428" enqueued="57" />
  <ownableSynchronizers candidates="1" cleared="0" />
  <references type="soft" candidates="894" cleared="0" enqueued="0" dynamicThreshold="12" maxThreshold="32" />
  <references type="weak" candidates="1701" cleared="0" enqueued="0" />
  <references type="phantom" candidates="52" cleared="2" enqueued="2" />
  <stringconstants candidates="6470" cleared="0"  />
  <object-monitors candidates="2" cleared="0"  />
</gc-op>
<gc-op id="4286" type="sweep" timems="5.296" contextid="4262" timestamp="2022-02-08T17:24:48.771" />
<gc-end id="4287" type="global" contextid="4262" durationms="223.874" usertimems="240.086" systemtimems="0.860" stalltimems="198.110" timestamp="2022-02-08T17:24:48.771" activeThreads="4">
  <mem-info id="4288" free="363164712" total="1073741824" percent="33">
    <mem type="nursery" free="99983592" total="268435456" percent="37">
      <mem type="allocate" free="99983592" total="183631872" percent="54" />
      <mem type="survivor" free="0" total="84803584" percent="0" />
    </mem>
    <mem type="tenure" free="263181120" total="805306368" percent="32" micro-fragmented="372555" macro-fragmented="0">
      <mem type="soa" free="255127360" total="797252608" percent="32" />
      <mem type="loa" free="8053760" total="8053760" percent="100" />
    </mem>
    <pending-finalizers system="57" default="0" reference="2" classloader="0" />
    <remembered-set count="103" />
  </mem-info>
</gc-end>
<cycle-end id="4289" type="global" contextid="4262" timestamp="2022-02-08T17:24:48.771" />
<exclusive-end id="4290" timestamp="2022-02-08T17:24:48.771" durationms="224.071" />

<exclusive-start id="4291" timestamp="2022-02-08T17:24:49.384" intervalms="836.399">
  <response-info timems="0.050" idlems="0.050" threads="0" lastid="0000000000016F00" lastname="main" />
</exclusive-start>
<af-start id="4292" threadId="0000000000017908" totalBytesRequested="16" timestamp="2022-02-08T17:24:49.384" intervalms="1060.769" type="nursery" />
<cycle-start id="4293" type="scavenge" contextid="0" timestamp="2022-02-08T17:24:49.384" intervalms="1060.783" />
<gc-start id="4294" type="scavenge" contextid="4293" timestamp="2022-02-08T17:24:49.384">
  <mem-info id="4295" free="263181120" total="1073741824" percent="24">
    <mem type="nursery" free="0" total="268435456" percent="0">
      <mem type="allocate" free="0" total="183631872" percent="0" />
      <mem type="survivor" free="0" total="84803584" percent="0" />
    </mem>
    <mem type="tenure" free="263181120" total="805306368" percent="32">
      <mem type="soa" free="255127360" total="797252608" percent="32" />
      <mem type="loa" free="8053760" total="8053760" percent="100" />
    </mem>
    <remembered-set count="106" />
  </mem-info>
</gc-start>
<allocation-stats totalBytes="99935752" >
  <allocated-bytes non-tlh="0" tlh="99935752" />
  <largest-consumer threadName="main" threadId="0000000000016F00" bytes="99931656" />
</allocation-stats>
<gc-op id="4296" type="scavenge" timems="96.143" contextid="4293" timestamp="2022-02-08T17:24:49.480">
  <scavenger-info tenureage="1" tenuremask="7ffe" tiltratio="68" />
  <memory-copied type="nursery" objects="1348061" bytes="76418032" bytesdiscarded="302864" />
  <memory-copied type="tenure" objects="1380676" bytes="76041416" bytesdiscarded="50456" />
  <ownableSynchronizers candidates="2" cleared="2" />
  <object-monitors candidates="2" cleared="0"  />
</gc-op>
<gc-end id="4297" type="scavenge" contextid="4293" durationms="96.327" usertimems="380.565" systemtimems="0.000" stalltimems="1.425" timestamp="2022-02-08T17:24:49.480" activeThreads="4">
  <mem-info id="4298" free="294233000" total="1073741824" percent="27">
    <mem type="nursery" free="107304192" total="268435456" percent="39">
      <mem type="allocate" free="107304192" total="184025088" percent="58" />
      <mem type="survivor" free="0" total="84410368" percent="0" />
    </mem>
    <mem type="tenure" free="186928808" total="805306368" percent="23" macro-fragmented="0">
      <mem type="soa" free="178875048" total="797252608" percent="22" />
      <mem type="loa" free="8053760" total="8053760" percent="100" />
    </mem>
    <remembered-set count="105" />
  </mem-info>
</gc-end>
<cycle-end id="4299" type="scavenge" contextid="4293" timestamp="2022-02-08T17:24:49.480" />
<allocation-satisfied id="4300" threadId="0000000000016F00" bytesRequested="16" />
<af-end id="4301" timestamp="2022-02-08T17:24:49.480" threadId="0000000000017908" success="true" from="nursery"/>
<exclusive-end id="4302" timestamp="2022-02-08T17:24:49.480" durationms="96.635" />

<exclusive-start id="4303" timestamp="2022-02-08T17:24:50.359" intervalms="975.188">
  <response-info timems="0.020" idlems="0.020" threads="0" lastid="0000000000016F00" lastname="main" />
</exclusive-start>
<af-start id="4304" threadId="0000000000017908" totalBytesRequested="24" timestamp="2022-02-08T17:24:50.359" intervalms="975.161" type="nursery" />
<cycle-start id="4305" type="scavenge" contextid="0" timestamp="2022-02-08T17:24:50.359" intervalms="975.147" />
<gc-start id="4306" type="scavenge" contextid="4305" timestamp="2022-02-08T17:24:50.359">
  <mem-info id="4307" free="186928808" total="1073741824" percent="17">
    <mem type="nursery" free="0" total="268435456" percent="0">
      <mem type="allocate" free="0" total="184025088" percent="0" />
      <mem type="survivor" free="0" total="84410368" percent="0" />
    </mem>
    <mem type="tenure" free="186928808" total="805306368" percent="23">
      <mem type="soa" free="178875048" total="797252608" percent="22" />
      <mem type="loa" free="8053760" total="8053760" percent="100" />
    </mem>
    <remembered-set count="136" />
  </mem-info>
</gc-start>
<allocation-stats totalBytes="107256952" >
  <allocated-bytes non-tlh="1493784" tlh="105763168" />
  <largest-consumer threadName="main" threadId="0000000000016F00" bytes="107256952" />
</allocation-stats>
<gc-op id="4308" type="scavenge" timems="85.160" contextid="4305" timestamp="2022-02-08T17:24:50.444">
  <scavenger-info tenureage="1" tenuremask="7ffe" tiltratio="68" />
  <memory-copied type="nursery" objects="1447710" bytes="75466600" bytesdiscarded="123888" />
  <memory-copied type="tenure" objects="1348061" bytes="76418032" bytesdiscarded="40960" />
  <finalization candidates="109" enqueued="53" />
  <references type="soft" candidates="14" cleared="0" enqueued="0" dynamicThreshold="10" maxThreshold="32" />
  <references type="weak" candidates="1" cleared="0" enqueued="0" />
  <references type="phantom" candidates="94" cleared="7" enqueued="7" />
  <object-monitors candidates="2" cleared="0"  />
</gc-op>
<gc-end id="4309" type="scavenge" contextid="4305" durationms="85.360" usertimems="332.862" systemtimems="2.074" stalltimems="3.179" timestamp="2022-02-08T17:24:50.444" activeThreads="4">
  <mem-info id="4310" free="219157384" total="1073741824" percent="20">
    <mem type="nursery" free="108827688" total="268435456" percent="40">
      <mem type="allocate" free="108827688" total="184418304" percent="59" />
      <mem type="survivor" free="0" total="84017152" percent="0" />
    </mem>
    <mem type="tenure" free="110329696" total="805306368" percent="13" macro-fragmented="0">
      <mem type="soa" free="102275936" total="797252608" percent="12" />
      <mem type="loa" free="8053760" total="8053760" percent="100" />
    </mem>
    <pending-finalizers system="52" default="1" reference="7" classloader="0" />
    <remembered-set count="131" />
  </mem-info>
</gc-end>
<cycle-end id="4311" type="scavenge" contextid="4305" timestamp="2022-02-08T17:24:50.445" />
<allocation-satisfied id="4312" threadId="0000000000016F00" bytesRequested="24" />
<af-end id="4313" timestamp="2022-02-08T17:24:50.445" threadId="0000000000017908" success="true" from="nursery"/>
<exclusive-end id="4314" timestamp="2022-02-08T17:24:50.445" durationms="85.658" />

<concurrent-kickoff id="4315" timestamp="2022-02-08T17:24:51.136">
  <kickoff reason="threshold reached" targetBytes="74442136" thresholdFreeBytes="5768694"  remainingFree="5661616" tenureFreeBytes="110329696" nurseryFreeBytes="5661616" />
</concurrent-kickoff>
<exclusive-start id="4316" timestamp="2022-02-08T17:24:51.140" intervalms="780.628">
  <response-info timems="0.020" idlems="0.020" threads="0" lastid="0000000000016F00" lastname="main" />
</exclusive-start>
<cycle-start id="4317" type="global" contextid="0" timestamp="2022-02-08T17:24:51.140" intervalms="2943.923" />
<concurrent-start id="4318" type="global mark" contextid="4317" timestamp="2022-02-08T17:24:51.140">
</concurrent-start>
<exclusive-end id="4319" timestamp="2022-02-08T17:24:51.140" durationms="0.029" />

<exclusive-start id="4320" timestamp="2022-02-08T17:24:51.269" intervalms="129.386">
  <response-info timems="0.038" idlems="0.038" threads="0" lastid="0000000000016F00" lastname="main" />
</exclusive-start>
<af-start id="4321" threadId="0000000000017908" totalBytesRequested="24" timestamp="2022-02-08T17:24:51.269" intervalms="910.021" type="nursery" />
<cycle-start id="4322" type="scavenge" contextid="0" timestamp="2022-02-08T17:24:51.269" intervalms="910.021" />
<gc-start id="4323" type="scavenge" contextid="4322" timestamp="2022-02-08T17:24:51.269">
  <mem-info id="4324" free="110329696" total="1073741824" percent="10">
    <mem type="nursery" free="0" total="268435456" percent="0">
      <mem type="allocate" free="0" total="184418304" percent="0" />
      <mem type="survivor" free="0" total="84017152" percent="0" />
    </mem>
    <mem type="tenure" free="110329696" total="805306368" percent="13">
      <mem type="soa" free="102275936" total="797252608" percent="12" />
      <mem type="loa" free="8053760" total="8053760" percent="100" />
    </mem>
    <remembered-set count="132" />
  </mem-info>
</gc-start>
<allocation-stats totalBytes="108776480" >
  <allocated-bytes non-tlh="1347704" tlh="107428776" />
  <largest-consumer threadName="main" threadId="0000000000016F00" bytes="108768288" />
</allocation-stats>
<gc-op id="4325" type="scavenge" timems="90.625" contextid="4322" timestamp="2022-02-08T17:24:51.360">
  <scavenger-info tenureage="1" tenuremask="7ffe" tiltratio="68" />
  <memory-copied type="nursery" objects="1383681" bytes="77875400" bytesdiscarded="274584" />
  <memory-copied type="tenure" objects="1446991" bytes="74523432" bytesdiscarded="38472" />
  <finalization candidates="57" enqueued="0" />
  <references type="phantom" candidates="1" cleared="0" enqueued="0" />
  <object-monitors candidates="2" cleared="0"  />
</gc-op>
<gc-end id="4326" type="scavenge" contextid="4322" durationms="90.858" usertimems="357.664" systemtimems="0.000" stalltimems="3.988" timestamp="2022-02-08T17:24:51.360" activeThreads="4">
  <mem-info id="4327" free="140062608" total="1073741824" percent="13">
    <mem type="nursery" free="104105632" total="268435456" percent="38">
      <mem type="allocate" free="104105632" total="182255616" percent="57" />
      <mem type="survivor" free="0" total="86179840" percent="0" />
    </mem>
    <mem type="tenure" free="35956976" total="805306368" percent="4" macro-fragmented="0">
      <mem type="soa" free="27903216" total="797252608" percent="3" />
      <mem type="loa" free="8053760" total="8053760" percent="100" />
    </mem>
    <remembered-set count="101" />
  </mem-info>
</gc-end>
<cycle-end id="4328" type="scavenge" contextid="4322" timestamp="2022-02-08T17:24:51.360" />
<allocation-satisfied id="4329" threadId="0000000000016F00" bytesRequested="24" />
<af-end id="4330" timestamp="2022-02-08T17:24:51.360" threadId="0000000000017908" success="true" from="nursery"/>
<exclusive-end id="4331" timestamp="2022-02-08T17:24:51.360" durationms="91.128" />

<concurrent-end id="4332" type="global mark" contextid="4317" timestamp="2022-02-08T17:24:51.492">
<gc-op id="4333" type="trace" timems="352.053" contextid="4317" timestamp="2022-02-08T17:24:51.492">
  <trace bytesTraced="74442076" workStackOverflowCount="0" />
  <card-cleaning reason="card cleaning threshold reached" bytesTraced="1000" cardsCleaned="2" />
</gc-op>
</concurrent-end>

<exclusive-start id="4334" timestamp="2022-02-08T17:24:51.492" intervalms="222.739">
  <response-info timems="0.019" idlems="0.019" threads="0" lastid="0000000000016F00" lastname="main" />
</exclusive-start>
<concurrent-global-final id="4335" timestamp="2022-02-08T17:24:51.492" contextid="4317" intervalms="2944.340" >
  <concurrent-trace-info reason="card cleaning threshold reached" tracedByMutators="58277024" tracedByHelpers="16166052" cardsCleaned="2" workStackOverflowCount="0" />
</concurrent-global-final>
<gc-start id="4336" type="global" contextid="4317" timestamp="2022-02-08T17:24:51.492">
  <mem-info id="4337" free="132362104" total="1073741824" percent="12">
    <mem type="nursery" free="96405128" total="268435456" percent="35">
      <mem type="allocate" free="96405128" total="182255616" percent="52" />
      <mem type="survivor" free="0" total="86179840" percent="0" />
    </mem>
    <mem type="tenure" free="35956976" total="805306368" percent="4">
      <mem type="soa" free="27903216" total="797252608" percent="3" />
      <mem type="loa" free="8053760" total="8053760" percent="100" />
    </mem>
    <remembered-set count="101" />
  </mem-info>
</gc-start>
<allocation-stats totalBytes="7695784" >
  <allocated-bytes non-tlh="24" tlh="7695760" />
  <largest-consumer threadName="main" threadId="0000000000016F00" bytes="7695784" />
</allocation-stats>
<gc-op id="4338" type="rs-scan" timems="0.540" contextid="4317" timestamp="2022-02-08T17:24:51.492">
  <scan objectsFound="29" bytesTraced="5268" workStackOverflowCount="0" />
</gc-op>
<gc-op id="4339" type="card-cleaning" timems="153.691" contextid="4317" timestamp="2022-02-08T17:24:51.646">
  <card-cleaning cardsCleaned="9" bytesTraced="71013308" workStackOverflowCount="0" />
</gc-op>
<gc-op id="4340" type="mark" timems="65.187" contextid="4317" timestamp="2022-02-08T17:24:51.711">
  <trace-info objectcount="2127355" scancount="1597044" scanbytes="34137960" />
  <finalization candidates="428" enqueued="57" />
  <ownableSynchronizers candidates="1" cleared="0" />
  <references type="soft" candidates="894" cleared="0" enqueued="0" dynamicThreshold="10" maxThreshold="32" />
  <references type="weak" candidates="1701" cleared="0" enqueued="0" />
  <references type="phantom" candidates="52" cleared="2" enqueued="2" />
  <stringconstants candidates="6470" cleared="0"  />
  <object-monitors candidates="2" cleared="0"  />
</gc-op>
<gc-op id="4341" type="sweep" timems="5.407" contextid="4317" timestamp="2022-02-08T17:24:51.717" />
<gc-end id="4342" type="global" contextid="4317" durationms="225.047" usertimems="241.977" systemtimems="0.531" stalltimems="194.679" timestamp="2022-02-08T17:24:51.717" activeThreads="4">
  <mem-info id="4343" free="375577888" total="1073741824" percent="34">
    <mem type="nursery" free="96771352" total="268435456" percent="36">
      <mem type="allocate" free="96771352" total="182255616" percent="53" />
      <mem type="survivor" free="0" total="86179840" percent="0" />
    </mem>
    <mem type="tenure" free="278806536" total="805306368" percent="34" micro-fragmented="360374" macro-fragmented="0">
      <mem type="soa" free="270752776" total="797252608" percent="33" />
      <mem type="loa" free="8053760" total="8053760" percent="100" />
    </mem>
    <pending-finalizers system="57" default="0" reference="2" classloader="0" />
    <remembered-set count="101" />
  </mem-info>
</gc-end>
<cycle-end id="4344" type="global" contextid="4317" timestamp="2022-02-08T17:24:51.717" />
<exclusive-end id="4345" timestamp="2022-02-08T17:24:51.717" durationms="225.374" />

<exclusive-start id="4346" timestamp="2022-02-08T17:24:52.346" intervalms="854.666">
  <response-info timems="0.018" idlems="0.018" threads="0" lastid="0000000000016F00" lastname="main" />
</exclusive-start>
<af-start id="4347" threadId="0000000000017908" totalBytesRequested="112" timestamp="2022-02-08T17:24:52.346" intervalms="1077.397" type="nursery" />
<cycle-start id="4348" type="scavenge" contextid="0" timestamp="2022-02-08T17:24:52.346" intervalms="1077.396" />
<gc-start id="4349" type="scavenge" contextid="4348" timestamp="2022-02-08T17:24:52.346">
  <mem-info id="4350" free="278806536" total="1073741824" percent="25">
    <mem type="nursery" free="0" total="268435456" percent="0">
      <mem type="allocate" free="0" total="182255616" percent="0" />
      <mem type="survivor" free="0" total="86179840" percent="0" />
    </mem>
    <mem type="tenure" free="278806536" total="805306368" percent="34">
      <mem type="soa" free="270752776" total="797252608" percent="33" />
      <mem type="loa" free="8053760" total="8053760" percent="100" />
    </mem>
    <remembered-set count="104" />
  </mem-info>
</gc-start>
<allocation-stats totalBytes="96729560" >
  <allocated-bytes non-tlh="0" tlh="96729560" />
  <largest-consumer threadName="main" threadId="0000000000016F00" bytes="96725464" />
</allocation-stats>
<gc-op id="4351" type="scavenge" timems="78.369" contextid="4348" timestamp="2022-02-08T17:24:52.425">
  <scavenger-info tenureage="1" tenuremask="7ffe" tiltratio="67" />
  <memory-copied type="nursery" objects="1309996" bytes="74156064" bytesdiscarded="140632" />
  <memory-copied type="tenure" objects="1383681" bytes="77875400" bytesdiscarded="44040" />
  <finalization candidates="1" enqueued="0" />
  <ownableSynchronizers candidates="2" cleared="2" />
  <object-monitors candidates="2" cleared="0"  />
</gc-op>
<gc-end id="4352" type="scavenge" contextid="4348" durationms="78.562" usertimems="308.257" systemtimems="0.157" stalltimems="4.092" timestamp="2022-02-08T17:24:52.425" activeThreads="4">
  <mem-info id="4353" free="308912880" total="1073741824" percent="28">
    <mem type="nursery" free="108352136" total="268435456" percent="40">
      <mem type="allocate" free="108352136" total="182648832" percent="59" />
      <mem type="survivor" free="0" total="85786624" percent="0" />
    </mem>
    <mem type="tenure" free="200560744" total="805306368" percent="24" macro-fragmented="0">
      <mem type="soa" free="192506984" total="797252608" percent="24" />
      <mem type="loa" free="8053760" total="8053760" percent="100" />
    </mem>
    <remembered-set count="104" />
  </mem-info>
</gc-end>
<cycle-end id="4354" type="scavenge" contextid="4348" timestamp="2022-02-08T17:24:52.425" />
<allocation-satisfied id="4355" threadId="0000000000016F00" bytesRequested="112" />
<af-end id="4356" timestamp="2022-02-08T17:24:52.425" threadId="0000000000017908" success="true" from="nursery"/>
<exclusive-end id="4357" timestamp="2022-02-08T17:24:52.425" durationms="78.844" />

<exclusive-start id="4358" timestamp="2022-02-08T17:24:53.313" intervalms="966.979">
  <response-info timems="0.019" idlems="0.019" threads="0" lastid="0000000000016F00" lastname="main" />
</exclusive-start>
<af-start id="4359" threadId="0000000000017908" totalBytesRequested="200" timestamp="2022-02-08T17:24:53.314" intervalms="967.247" type="nursery" />
<cycle-start id="4360" type="scavenge" contextid="0" timestamp="2022-02-08T17:24:53.314" intervalms="967.313" />
<gc-start id="4361" type="scavenge" contextid="4360" timestamp="2022-02-08T17:24:53.314">
  <mem-info id="4362" free="200560744" total="1073741824" percent="18">
    <mem type="nursery" free="0" total="268435456" percent="0">
      <mem type="allocate" free="0" total="182648832" percent="0" />
      <mem type="survivor" free="0" total="85786624" percent="0" />
    </mem>
    <mem type="tenure" free="200560744" total="805306368" percent="24">
      <mem type="soa" free="192506984" total="797252608" percent="24" />
      <mem type="loa" free="8053760" total="8053760" percent="100" />
    </mem>
    <remembered-set count="135" />
  </mem-info>
</gc-start>
<allocation-stats totalBytes="108304144" >
  <allocated-bytes non-tlh="1493656" tlh="106810488" />
  <largest-consumer threadName="main" threadId="0000000000016F00" bytes="108304144" />
</allocation-stats>
<gc-op id="4363" type="scavenge" timems="85.549" contextid="4360" timestamp="2022-02-08T17:24:53.399">
  <scavenger-info tenureage="1" tenuremask="7ffe" tiltratio="68" />
  <memory-copied type="nursery" objects="1489024" bytes="76269408" bytesdiscarded="49336" />
  <memory-copied type="tenure" objects="1309996" bytes="74156064" bytesdiscarded="40912" />
  <finalization candidates="109" enqueued="53" />
  <references type="soft" candidates="14" cleared="0" enqueued="0" dynamicThreshold="11" maxThreshold="32" />
  <references type="weak" candidates="1" cleared="0" enqueued="0" />
  <references type="phantom" candidates="94" cleared="7" enqueued="7" />
  <object-monitors candidates="2" cleared="0"  />
</gc-op>
<gc-end id="4364" type="scavenge" contextid="4360" durationms="85.776" usertimems="334.801" systemtimems="0.000" stalltimems="3.335" timestamp="2022-02-08T17:24:53.400" activeThreads="4">
  <mem-info id="4365" free="232971376" total="1073741824" percent="21">
    <mem type="nursery" free="106526568" total="268435456" percent="39">
      <mem type="allocate" free="106526568" total="182845440" percent="58" />
      <mem type="survivor" free="0" total="85590016" percent="0" />
    </mem>
    <mem type="tenure" free="126444808" total="805306368" percent="15" macro-fragmented="0">
      <mem type="soa" free="118391048" total="797252608" percent="14" />
      <mem type="loa" free="8053760" total="8053760" percent="100" />
    </mem>
    <pending-finalizers system="52" default="1" reference="7" classloader="0" />
    <remembered-set count="132" />
  </mem-info>
</gc-end>
<cycle-end id="4366" type="scavenge" contextid="4360" timestamp="2022-02-08T17:24:53.400" />
<allocation-satisfied id="4367" threadId="0000000000016F00" bytesRequested="200" />
<af-end id="4368" timestamp="2022-02-08T17:24:53.400" threadId="0000000000017908" success="true" from="nursery"/>
<exclusive-end id="4369" timestamp="2022-02-08T17:24:53.400" durationms="86.426" />

<concurrent-kickoff id="4370" timestamp="2022-02-08T17:24:54.077">
  <kickoff reason="threshold reached" targetBytes="74442322" thresholdFreeBytes="5764259"  remainingFree="5666664" tenureFreeBytes="126444808" nurseryFreeBytes="5666664" />
</concurrent-kickoff>
<exclusive-start id="4371" timestamp="2022-02-08T17:24:54.080" intervalms="766.570">
  <response-info timems="0.017" idlems="0.017" threads="0" lastid="0000000000016F00" lastname="main" />
</exclusive-start>
<cycle-start id="4372" type="global" contextid="0" timestamp="2022-02-08T17:24:54.080" intervalms="2940.339" />
<concurrent-start id="4373" type="global mark" contextid="4372" timestamp="2022-02-08T17:24:54.080">
</concurrent-start>
<exclusive-end id="4374" timestamp="2022-02-08T17:24:54.080" durationms="0.027" />

<exclusive-start id="4375" timestamp="2022-02-08T17:24:54.197" intervalms="116.659">
  <response-info timems="0.016" idlems="0.016" threads="0" lastid="0000000000016F00" lastname="main" />
</exclusive-start>
<af-start id="4376" threadId="0000000000017908" totalBytesRequested="184" timestamp="2022-02-08T17:24:54.197" intervalms="882.970" type="nursery" />
<cycle-start id="4377" type="scavenge" contextid="0" timestamp="2022-02-08T17:24:54.197" intervalms="882.904" />
<gc-start id="4378" type="scavenge" contextid="4377" timestamp="2022-02-08T17:24:54.197">
  <mem-info id="4379" free="126444808" total="1073741824" percent="11">
    <mem type="nursery" free="0" total="268435456" percent="0">
      <mem type="allocate" free="0" total="182845440" percent="0" />
      <mem type="survivor" free="0" total="85590016" percent="0" />
    </mem>
    <mem type="tenure" free="126444808" total="805306368" percent="15">
      <mem type="soa" free="118391048" total="797252608" percent="14" />
      <mem type="loa" free="8053760" total="8053760" percent="100" />
    </mem>
    <remembered-set count="133" />
  </mem-info>
</gc-start>
<allocation-stats totalBytes="106473912" >
  <allocated-bytes non-tlh="1347880" tlh="105126032" />
  <largest-consumer threadName="main" threadId="0000000000016F00" bytes="106465720" />
</allocation-stats>
<gc-op id="4380" type="scavenge" timems="89.908" contextid="4377" timestamp="2022-02-08T17:24:54.287">
  <scavenger-info tenureage="1" tenuremask="7ffe" tiltratio="68" />
  <memory-copied type="nursery" objects="1331938" bytes="76196352" bytesdiscarded="171024" />
  <memory-copied type="tenure" objects="1488304" bytes="75326128" bytesdiscarded="39072" />
  <finalization candidates="57" enqueued="0" />
  <references type="phantom" candidates="1" cleared="0" enqueued="0" />
  <object-monitors candidates="2" cleared="0"  />
</gc-op>
<gc-end id="4381" type="scavenge" contextid="4377" durationms="90.211" usertimems="355.210" systemtimems="0.000" stalltimems="3.481" timestamp="2022-02-08T17:24:54.287" activeThreads="4">
  <mem-info id="4382" free="158288408" total="1073741824" percent="14">
    <mem type="nursery" free="107133424" total="268435456" percent="39">
      <mem type="allocate" free="107133424" total="183500800" percent="58" />
      <mem type="survivor" free="0" total="84934656" percent="0" />
    </mem>
    <mem type="tenure" free="51154984" total="805306368" percent="6" macro-fragmented="0">
      <mem type="soa" free="43101224" total="797252608" percent="5" />
      <mem type="loa" free="8053760" total="8053760" percent="100" />
    </mem>
    <remembered-set count="102" />
  </mem-info>
</gc-end>
<cycle-end id="4383" type="scavenge" contextid="4377" timestamp="2022-02-08T17:24:54.287" />
<allocation-satisfied id="4384" threadId="0000000000016F00" bytesRequested="184" />
<af-end id="4385" timestamp="2022-02-08T17:24:54.287" threadId="0000000000017908" success="true" from="nursery"/>
<exclusive-end id="4386" timestamp="2022-02-08T17:24:54.287" durationms="90.493" />

<concurrent-end id="4387" type="global mark" contextid="4372" timestamp="2022-02-08T17:24:54.419">
<gc-op id="4388" type="trace" timems="338.736" contextid="4372" timestamp="2022-02-08T17:24:54.419">
  <trace bytesTraced="74442236" workStackOverflowCount="0" />
  <card-cleaning reason="card cleaning threshold reached" bytesTraced="1000" cardsCleaned="2" />
</gc-op>
</concurrent-end>

<exclusive-start id="4389" timestamp="2022-02-08T17:24:54.420" intervalms="223.689">
  <response-info timems="1.562" idlems="1.562" threads="0" lastid="0000000000016F00" lastname="main" />
</exclusive-start>
<concurrent-global-final id="4390" timestamp="2022-02-08T17:24:54.420" contextid="4372" intervalms="2928.568" >
  <concurrent-trace-info reason="card cleaning threshold reached" tracedByMutators="59475380" tracedByHelpers="14967856" cardsCleaned="2" workStackOverflowCount="0" />
</concurrent-global-final>
<gc-start id="4391" type="global" contextid="4372" timestamp="2022-02-08T17:24:54.420">
  <mem-info id="4392" free="149932384" total="1073741824" percent="13">
    <mem type="nursery" free="98777400" total="268435456" percent="36">
      <mem type="allocate" free="98777400" total="183500800" percent="53" />
      <mem type="survivor" free="0" total="84934656" percent="0" />
    </mem>
    <mem type="tenure" free="51154984" total="805306368" percent="6">
      <mem type="soa" free="43101224" total="797252608" percent="5" />
      <mem type="loa" free="8053760" total="8053760" percent="100" />
    </mem>
    <remembered-set count="102" />
  </mem-info>
</gc-start>
<allocation-stats totalBytes="8352984" >
  <allocated-bytes non-tlh="184" tlh="8352800" />
  <largest-consumer threadName="main" threadId="0000000000016F00" bytes="8352984" />
</allocation-stats>
<gc-op id="4393" type="rs-scan" timems="0.502" contextid="4372" timestamp="2022-02-08T17:24:54.421">
  <scan objectsFound="29" bytesTraced="5268" workStackOverflowCount="0" />
</gc-op>
<gc-op id="4394" type="card-cleaning" timems="146.016" contextid="4372" timestamp="2022-02-08T17:24:54.567">
  <card-cleaning cardsCleaned="9" bytesTraced="71013308" workStackOverflowCount="0" />
</gc-op>
<gc-op id="4395" type="mark" timems="48.328" contextid="4372" timestamp="2022-02-08T17:24:54.615">
  <trace-info objectcount="1835298" scancount="1378001" scanbytes="29465064" />
  <finalization candidates="428" enqueued="57" />
  <ownableSynchronizers candidates="1" cleared="0" />
  <references type="soft" candidates="894" cleared="0" enqueued="0" dynamicThreshold="11" maxThreshold="32" />
  <references type="weak" candidates="1701" cleared="0" enqueued="0" />
  <references type="phantom" candidates="52" cleared="2" enqueued="2" />
  <stringconstants candidates="6470" cleared="0"  />
  <object-monitors candidates="2" cleared="0"  />
</gc-op>
<gc-op id="4396" type="sweep" timems="4.754" contextid="4372" timestamp="2022-02-08T17:24:54.620" />
<gc-end id="4397" type="global" contextid="4372" durationms="199.832" usertimems="214.804" systemtimems="0.086" stalltimems="144.409" timestamp="2022-02-08T17:24:54.620" activeThreads="4">
  <mem-info id="4398" free="393111752" total="1073741824" percent="36">
    <mem type="nursery" free="99039856" total="268435456" percent="36">
      <mem type="allocate" free="99039856" total="183500800" percent="53" />
      <mem type="survivor" free="0" total="84934656" percent="0" />
    </mem>
    <mem type="tenure" free="294071896" total="805306368" percent="36" micro-fragmented="311432" macro-fragmented="0">
      <mem type="soa" free="286018136" total="797252608" percent="35" />
      <mem type="loa" free="8053760" total="8053760" percent="100" />
    </mem>
    <pending-finalizers system="57" default="0" reference="2" classloader="0" />
    <remembered-set count="102" />
  </mem-info>
</gc-end>
<cycle-end id="4399" type="global" contextid="4372" timestamp="2022-02-08T17:24:54.620" />
<exclusive-end id="4400" timestamp="2022-02-08T17:24:54.620" durationms="200.082" />

<exclusive-start id="4401" timestamp="2022-02-08T17:24:55.247" intervalms="826.350">
  <response-info timems="0.018" idlems="0.018" threads="0" lastid="0000000000016F00" lastname="main" />
</exclusive-start>
<af-start id="4402" threadId="0000000000017908" totalBytesRequested="104" timestamp="2022-02-08T17:24:55.247" intervalms="1050.028" type="nursery" />
<cycle-start id="4403" type="scavenge" contextid="0" timestamp="2022-02-08T17:24:55.247" intervalms="1050.028" />
<gc-start id="4404" type="scavenge" contextid="4403" timestamp="2022-02-08T17:24:55.247">
  <mem-info id="4405" free="294071896" total="1073741824" percent="27">
    <mem type="nursery" free="0" total="268435456" percent="0">
      <mem type="allocate" free="0" total="183500800" percent="0" />
      <mem type="survivor" free="0" total="84934656" percent="0" />
    </mem>
    <mem type="tenure" free="294071896" total="805306368" percent="36">
      <mem type="soa" free="286018136" total="797252608" percent="35" />
      <mem type="loa" free="8053760" total="8053760" percent="100" />
    </mem>
    <remembered-set count="105" />
  </mem-info>
</gc-start>
<allocation-stats totalBytes="98993112" >
  <allocated-bytes non-tlh="0" tlh="98993112" />
  <largest-consumer threadName="main" threadId="0000000000016F00" bytes="98988352" />
</allocation-stats>
<gc-op id="4406" type="scavenge" timems="77.084" contextid="4403" timestamp="2022-02-08T17:24:55.324">
  <scavenger-info tenureage="1" tenuremask="7ffe" tiltratio="68" />
  <memory-copied type="nursery" objects="1357338" bytes="76263216" bytesdiscarded="179360" />
  <memory-copied type="tenure" objects="1331937" bytes="76196248" bytesdiscarded="47560" />
  <finalization candidates="1" enqueued="0" />
  <ownableSynchronizers candidates="2" cleared="2" />
  <object-monitors candidates="2" cleared="0"  />
</gc-op>
<gc-end id="4407" type="scavenge" contextid="4403" durationms="77.291" usertimems="304.660" systemtimems="0.000" stalltimems="2.854" timestamp="2022-02-08T17:24:55.324" activeThreads="4">
  <mem-info id="4408" free="325327920" total="1073741824" percent="30">
    <mem type="nursery" free="107582512" total="268435456" percent="40">
      <mem type="allocate" free="107582512" total="184025088" percent="58" />
      <mem type="survivor" free="0" total="84410368" percent="0" />
    </mem>
    <mem type="tenure" free="217745408" total="805306368" percent="27" macro-fragmented="0">
      <mem type="soa" free="209691648" total="797252608" percent="26" />
      <mem type="loa" free="8053760" total="8053760" percent="100" />
    </mem>
    <remembered-set count="105" />
  </mem-info>
</gc-end>
<cycle-end id="4409" type="scavenge" contextid="4403" timestamp="2022-02-08T17:24:55.324" />
<allocation-satisfied id="4410" threadId="0000000000016F00" bytesRequested="104" />
<af-end id="4411" timestamp="2022-02-08T17:24:55.324" threadId="0000000000017908" success="true" from="nursery"/>
<exclusive-end id="4412" timestamp="2022-02-08T17:24:55.324" durationms="77.532" />

<exclusive-start id="4413" timestamp="2022-02-08T17:24:56.170" intervalms="923.486">
  <response-info timems="0.029" idlems="0.029" threads="0" lastid="0000000000016F00" lastname="main" />
</exclusive-start>
<af-start id="4414" threadId="0000000000017908" totalBytesRequested="136" timestamp="2022-02-08T17:24:56.170" intervalms="923.485" type="nursery" />
<cycle-start id="4415" type="scavenge" contextid="0" timestamp="2022-02-08T17:24:56.170" intervalms="923.485" />
<gc-start id="4416" type="scavenge" contextid="4415" timestamp="2022-02-08T17:24:56.170">
  <mem-info id="4417" free="217745408" total="1073741824" percent="20">
    <mem type="nursery" free="0" total="268435456" percent="0">
      <mem type="allocate" free="0" total="184025088" percent="0" />
      <mem type="survivor" free="0" total="84410368" percent="0" />
    </mem>
    <mem type="tenure" free="217745408" total="805306368" percent="27">
      <mem type="soa" free="209691648" total="797252608" percent="26" />
      <mem type="loa" free="8053760" total="8053760" percent="100" />
    </mem>
    <remembered-set count="136" />
  </mem-info>
</gc-start>
<allocation-stats totalBytes="107537320" >
  <allocated-bytes non-tlh="945832" tlh="106591488" />
  <largest-consumer threadName="main" threadId="0000000000016F00" bytes="107537320" />
</allocation-stats>
<gc-op id="4418" type="scavenge" timems="82.255" contextid="4415" timestamp="2022-02-08T17:24:56.252">
  <scavenger-info tenureage="1" tenuremask="7ffe" tiltratio="68" />
  <memory-copied type="nursery" objects="1478230" bytes="75736264" bytesdiscarded="132760" />
  <memory-copied type="tenure" objects="1357338" bytes="76263216" bytesdiscarded="40456" />
  <finalization candidates="107" enqueued="53" />
  <references type="soft" candidates="14" cleared="0" enqueued="0" dynamicThreshold="11" maxThreshold="32" />
  <references type="weak" candidates="1" cleared="0" enqueued="0" />
  <references type="phantom" candidates="92" cleared="7" enqueued="7" />
  <object-monitors candidates="2" cleared="0"  />
</gc-op>
<gc-end id="4419" type="scavenge" contextid="4415" durationms="82.517" usertimems="301.095" systemtimems="7.767" stalltimems="2.474" timestamp="2022-02-08T17:24:56.253" activeThreads="4">
  <mem-info id="4420" free="249853208" total="1073741824" percent="23">
    <mem type="nursery" free="108549152" total="268435456" percent="40">
      <mem type="allocate" free="108549152" total="184418304" percent="58" />
      <mem type="survivor" free="0" total="84017152" percent="0" />
    </mem>
    <mem type="tenure" free="141304056" total="805306368" percent="17" macro-fragmented="0">
      <mem type="soa" free="133250296" total="797252608" percent="16" />
      <mem type="loa" free="8053760" total="8053760" percent="100" />
    </mem>
    <pending-finalizers system="52" default="1" reference="7" classloader="0" />
    <remembered-set count="132" />
  </mem-info>
</gc-end>
<cycle-end id="4421" type="scavenge" contextid="4415" timestamp="2022-02-08T17:24:56.253" />
<allocation-satisfied id="4422" threadId="0000000000016F00" bytesRequested="136" />
<af-end id="4423" timestamp="2022-02-08T17:24:56.253" threadId="0000000000017908" success="true" from="nursery"/>
<exclusive-end id="4424" timestamp="2022-02-08T17:24:56.253" durationms="82.772" />

<concurrent-kickoff id="4425" timestamp="2022-02-08T17:24:56.930">
  <kickoff reason="threshold reached" targetBytes="74442506" thresholdFreeBytes="5760721"  remainingFree="5655632" tenureFreeBytes="141304056" nurseryFreeBytes="5655632" />
</concurrent-kickoff>
<exclusive-start id="4426" timestamp="2022-02-08T17:24:56.939" intervalms="768.784">
  <response-info timems="0.020" idlems="0.020" threads="0" lastid="0000000000016F00" lastname="main" />
</exclusive-start>
<cycle-start id="4427" type="global" contextid="0" timestamp="2022-02-08T17:24:56.939" intervalms="2858.975" />
<concurrent-start id="4428" type="global mark" contextid="4427" timestamp="2022-02-08T17:24:56.939">
</concurrent-start>
<exclusive-end id="4429" timestamp="2022-02-08T17:24:56.939" durationms="0.036" />

<exclusive-start id="4430" timestamp="2022-02-08T17:24:57.026" intervalms="86.792">
  <response-info timems="0.027" idlems="0.027" threads="0" lastid="0000000000016F00" lastname="main" />
</exclusive-start>
<af-start id="4431" threadId="0000000000017908" totalBytesRequested="240" timestamp="2022-02-08T17:24:57.026" intervalms="855.587" type="nursery" />
<cycle-start id="4432" type="scavenge" contextid="0" timestamp="2022-02-08T17:24:57.026" intervalms="855.587" />
<gc-start id="4433" type="scavenge" contextid="4432" timestamp="2022-02-08T17:24:57.026">
  <mem-info id="4434" free="141304056" total="1073741824" percent="13">
    <mem type="nursery" free="0" total="268435456" percent="0">
      <mem type="allocate" free="0" total="184418304" percent="0" />
      <mem type="survivor" free="0" total="84017152" percent="0" />
    </mem>
    <mem type="tenure" free="141304056" total="805306368" percent="17">
      <mem type="soa" free="133250296" total="797252608" percent="16" />
      <mem type="loa" free="8053760" total="8053760" percent="100" />
    </mem>
    <remembered-set count="133" />
  </mem-info>
</gc-start>
<allocation-stats totalBytes="108497144" >
  <allocated-bytes non-tlh="1992656" tlh="106504488" />
  <largest-consumer threadName="main" threadId="0000000000016F00" bytes="108488952" />
</allocation-stats>
<gc-op id="4435" type="scavenge" timems="77.252" contextid="4432" timestamp="2022-02-08T17:24:57.103">
  <scavenger-info tenureage="1" tenuremask="7ffe" tiltratio="68" />
  <memory-copied type="nursery" objects="1358389" bytes="77221048" bytesdiscarded="101376" />
  <memory-copied type="tenure" objects="1477509" bytes="75195344" bytesdiscarded="38056" />
  <finalization candidates="57" enqueued="0" />
  <references type="phantom" candidates="3" cleared="0" enqueued="0" />
  <object-monitors candidates="2" cleared="0"  />
</gc-op>
<gc-end id="4436" type="scavenge" contextid="4432" durationms="77.457" usertimems="304.777" systemtimems="0.000" stalltimems="3.356" timestamp="2022-02-08T17:24:57.103" activeThreads="4">
  <mem-info id="4437" free="172454696" total="1073741824" percent="16">
    <mem type="nursery" free="106309448" total="268435456" percent="39">
      <mem type="allocate" free="106309448" total="183631872" percent="57" />
      <mem type="survivor" free="0" total="84803584" percent="0" />
    </mem>
    <mem type="tenure" free="66145248" total="805306368" percent="8" macro-fragmented="57512708">
      <mem type="soa" free="58091488" total="797252608" percent="7" />
      <mem type="loa" free="8053760" total="8053760" percent="100" />
    </mem>
    <remembered-set count="102" />
  </mem-info>
</gc-end>
<cycle-end id="4438" type="scavenge" contextid="4432" timestamp="2022-02-08T17:24:57.103" />
<allocation-satisfied id="4439" threadId="0000000000016F00" bytesRequested="240" />
<af-end id="4440" timestamp="2022-02-08T17:24:57.103" threadId="0000000000017908" success="true" from="nursery"/>
<exclusive-end id="4441" timestamp="2022-02-08T17:24:57.103" durationms="77.787" />

<concurrent-end id="4442" type="global mark" contextid="4427" timestamp="2022-02-08T17:24:57.315">
<gc-op id="4443" type="trace" timems="376.315" contextid="4427" timestamp="2022-02-08T17:24:57.315">
  <trace bytesTraced="74442444" workStackOverflowCount="0" />
  <card-cleaning reason="card cleaning threshold reached" bytesTraced="1000" cardsCleaned="2" />
</gc-op>
</concurrent-end>

<exclusive-start id="4444" timestamp="2022-02-08T17:24:57.315" intervalms="289.599">
  <response-info timems="0.016" idlems="0.016" threads="0" lastid="0000000000016F00" lastname="main" />
</exclusive-start>
<concurrent-global-final id="4445" timestamp="2022-02-08T17:24:57.315" contextid="4427" intervalms="2895.005" >
  <concurrent-trace-info reason="card cleaning threshold reached" tracedByMutators="50242456" tracedByHelpers="24200988" cardsCleaned="2" workStackOverflowCount="0" />
</concurrent-global-final>
<gc-start id="4446" type="global" contextid="4427" timestamp="2022-02-08T17:24:57.315">
  <mem-info id="4447" free="156496440" total="1073741824" percent="14">
    <mem type="nursery" free="90351192" total="268435456" percent="33">
      <mem type="allocate" free="90351192" total="183631872" percent="49" />
      <mem type="survivor" free="0" total="84803584" percent="0" />
    </mem>
    <mem type="tenure" free="66145248" total="805306368" percent="8">
      <mem type="soa" free="58091488" total="797252608" percent="7" />
      <mem type="loa" free="8053760" total="8053760" percent="100" />
    </mem>
    <remembered-set count="102" />
  </mem-info>
</gc-start>
<allocation-stats totalBytes="15950416" >
  <allocated-bytes non-tlh="240" tlh="15950176" />
  <largest-consumer threadName="main" threadId="0000000000016F00" bytes="15950416" />
</allocation-stats>
<gc-op id="4448" type="rs-scan" timems="0.611" contextid="4427" timestamp="2022-02-08T17:24:57.316">
  <scan objectsFound="29" bytesTraced="5268" workStackOverflowCount="0" />
</gc-op>
<gc-op id="4449" type="card-cleaning" timems="154.781" contextid="4427" timestamp="2022-02-08T17:24:57.471">
  <card-cleaning cardsCleaned="9" bytesTraced="71013308" workStackOverflowCount="0" />
</gc-op>
<gc-op id="4450" type="mark" timems="53.647" contextid="4427" timestamp="2022-02-08T17:24:57.524">
  <trace-info objectcount="1687691" scancount="1267296" scanbytes="27103336" />
  <finalization candidates="428" enqueued="57" />
  <ownableSynchronizers candidates="1" cleared="0" />
  <references type="soft" candidates="894" cleared="0" enqueued="0" dynamicThreshold="11" maxThreshold="32" />
  <references type="weak" candidates="1701" cleared="0" enqueued="0" />
  <references type="phantom" candidates="52" cleared="2" enqueued="2" />
  <stringconstants candidates="6470" cleared="0"  />
  <object-monitors candidates="2" cleared="0"  />
</gc-op>
<gc-op id="4451" type="sweep" timems="5.071" contextid="4427" timestamp="2022-02-08T17:24:57.530" />
<gc-end id="4452" type="global" contextid="4427" durationms="214.362" usertimems="264.585" systemtimems="3.707" stalltimems="121.652" timestamp="2022-02-08T17:24:57.530" activeThreads="4">
  <mem-info id="4453" free="399566296" total="1073741824" percent="37">
    <mem type="nursery" free="90543280" total="268435456" percent="33">
      <mem type="allocate" free="90543280" total="183631872" percent="49" />
      <mem type="survivor" free="0" total="84803584" percent="0" />
    </mem>
    <mem type="tenure" free="309023016" total="805306368" percent="38" micro-fragmented="286534" macro-fragmented="0">
      <mem type="soa" free="300969256" total="797252608" percent="37" />
      <mem type="loa" free="8053760" total="8053760" percent="100" />
    </mem>
    <pending-finalizers system="57" default="0" reference="2" classloader="0" />
    <remembered-set count="102" />
  </mem-info>
</gc-end>
<cycle-end id="4454" type="global" contextid="4427" timestamp="2022-02-08T17:24:57.530" />
<exclusive-end id="4455" timestamp="2022-02-08T17:24:57.530" durationms="214.607" />

<exclusive-start id="4456" timestamp="2022-02-08T17:24:58.129" intervalms="813.815">
  <response-info timems="0.018" idlems="0.018" threads="0" lastid="0000000000016F00" lastname="main" />
</exclusive-start>
<af-start id="4457" threadId="0000000000017908" totalBytesRequested="208" timestamp="2022-02-08T17:24:58.129" intervalms="1103.404" type="nursery" />
<cycle-start id="4458" type="scavenge" contextid="0" timestamp="2022-02-08T17:24:58.129" intervalms="1103.404" />
<gc-start id="4459" type="scavenge" contextid="4458" timestamp="2022-02-08T17:24:58.129">
  <mem-info id="4460" free="309023016" total="1073741824" percent="28">
    <mem type="nursery" free="0" total="268435456" percent="0">
      <mem type="allocate" free="0" total="183631872" percent="0" />
      <mem type="survivor" free="0" total="84803584" percent="0" />
    </mem>
    <mem type="tenure" free="309023016" total="805306368" percent="38">
      <mem type="soa" free="300969256" total="797252608" percent="37" />
      <mem type="loa" free="8053760" total="8053760" percent="100" />
    </mem>
    <remembered-set count="105" />
  </mem-info>
</gc-start>
<allocation-stats totalBytes="90501368" >
  <allocated-bytes non-tlh="0" tlh="90501368" />
  <largest-consumer threadName="main" threadId="0000000000016F00" bytes="90497272" />
</allocation-stats>
<gc-op id="4461" type="scavenge" timems="77.850" contextid="4458" timestamp="2022-02-08T17:24:58.207">
  <scavenger-info tenureage="1" tenuremask="7ffe" tiltratio="68" />
  <memory-copied type="nursery" objects="1342899" bytes="75629488" bytesdiscarded="176040" />
  <memory-copied type="tenure" objects="1358388" bytes="77220920" bytesdiscarded="47480" />
  <finalization candidates="3" enqueued="0" />
  <ownableSynchronizers candidates="2" cleared="2" />
  <object-monitors candidates="2" cleared="0"  />
</gc-op>
<gc-end id="4462" type="scavenge" contextid="4458" durationms="78.059" usertimems="309.177" systemtimems="0.000" stalltimems="1.408" timestamp="2022-02-08T17:24:58.207" activeThreads="4">
  <mem-info id="4463" free="339659952" total="1073741824" percent="31">
    <mem type="nursery" free="108088488" total="268435456" percent="40">
      <mem type="allocate" free="108088488" total="183894016" percent="58" />
      <mem type="survivor" free="0" total="84541440" percent="0" />
    </mem>
    <mem type="tenure" free="231571464" total="805306368" percent="28" macro-fragmented="0">
      <mem type="soa" free="223517704" total="797252608" percent="28" />
      <mem type="loa" free="8053760" total="8053760" percent="100" />
    </mem>
    <remembered-set count="105" />
  </mem-info>
</gc-end>
<cycle-end id="4464" type="scavenge" contextid="4458" timestamp="2022-02-08T17:24:58.207" />
<allocation-satisfied id="4465" threadId="0000000000016F00" bytesRequested="208" />
<af-end id="4466" timestamp="2022-02-08T17:24:58.207" threadId="0000000000017908" success="true" from="nursery"/>
<exclusive-end id="4467" timestamp="2022-02-08T17:24:58.207" durationms="78.318" />

<exclusive-start id="4468" timestamp="2022-02-08T17:24:58.896" intervalms="766.778">
  <response-info timems="0.020" idlems="0.020" threads="0" lastid="0000000000016F00" lastname="main" />
</exclusive-start>
<af-start id="4469" threadId="0000000000017908" totalBytesRequested="136" timestamp="2022-02-08T17:24:58.896" intervalms="766.976" type="nursery" />
<cycle-start id="4470" type="scavenge" contextid="0" timestamp="2022-02-08T17:24:58.896" intervalms="767.037" />
<gc-start id="4471" type="scavenge" contextid="4470" timestamp="2022-02-08T17:24:58.896">
  <mem-info id="4472" free="231571464" total="1073741824" percent="21">
    <mem type="nursery" free="0" total="268435456" percent="0">
      <mem type="allocate" free="0" total="183894016" percent="0" />
      <mem type="survivor" free="0" total="84541440" percent="0" />
    </mem>
    <mem type="tenure" free="231571464" total="805306368" percent="28">
      <mem type="soa" free="223517704" total="797252608" percent="28" />
      <mem type="loa" free="8053760" total="8053760" percent="100" />
    </mem>
    <remembered-set count="119" />
  </mem-info>
</gc-start>
<allocation-stats totalBytes="108038064" >
  <allocated-bytes non-tlh="453912" tlh="107584152" />
  <largest-consumer threadName="main" threadId="0000000000016F00" bytes="108038064" />
</allocation-stats>
<gc-op id="4473" type="scavenge" timems="104.640" contextid="4470" timestamp="2022-02-08T17:24:59.001">
  <scavenger-info tenureage="1" tenuremask="7ffe" tiltratio="68" />
  <memory-copied type="nursery" objects="1360591" bytes="76931632" bytesdiscarded="280224" />
  <memory-copied type="tenure" objects="1342898" bytes="75629376" bytesdiscarded="43576" />
  <finalization candidates="30" enqueued="18" />
  <references type="phantom" candidates="30" cleared="0" enqueued="0" />
  <object-monitors candidates="2" cleared="0"  />
</gc-op>
<gc-end id="4474" type="scavenge" contextid="4470" durationms="104.957" usertimems="406.083" systemtimems="2.157" stalltimems="8.897" timestamp="2022-02-08T17:24:59.001" activeThreads="4">
  <mem-info id="4475" free="262580128" total="1073741824" percent="24">
    <mem type="nursery" free="106682160" total="268435456" percent="39">
      <mem type="allocate" free="106682160" total="183894016" percent="58" />
      <mem type="survivor" free="0" total="84541440" percent="0" />
    </mem>
    <mem type="tenure" free="155897968" total="805306368" percent="19" macro-fragmented="0">
      <mem type="soa" free="147844208" total="797252608" percent="18" />
      <mem type="loa" free="8053760" total="8053760" percent="100" />
    </mem>
    <pending-finalizers system="18" default="0" reference="0" classloader="0" />
    <remembered-set count="119" />
  </mem-info>
</gc-end>
<cycle-end id="4476" type="scavenge" contextid="4470" timestamp="2022-02-08T17:24:59.001" />
<allocation-satisfied id="4477" threadId="0000000000016F00" bytesRequested="136" />
<af-end id="4478" timestamp="2022-02-08T17:24:59.001" threadId="0000000000017908" success="true" from="nursery"/>
<exclusive-end id="4479" timestamp="2022-02-08T17:24:59.001" durationms="105.556" />

<concurrent-kickoff id="4480" timestamp="2022-02-08T17:24:59.829">
  <kickoff reason="threshold reached" targetBytes="74442692" thresholdFreeBytes="5756819"  remainingFree="5756720" tenureFreeBytes="155897968" nurseryFreeBytes="5756720" />
</concurrent-kickoff>
<exclusive-start id="4481" timestamp="2022-02-08T17:24:59.833" intervalms="936.701">
  <response-info timems="0.018" idlems="0.018" threads="0" lastid="0000000000016F00" lastname="main" />
</exclusive-start>
<cycle-start id="4482" type="global" contextid="0" timestamp="2022-02-08T17:24:59.833" intervalms="2893.679" />
<concurrent-start id="4483" type="global mark" contextid="4482" timestamp="2022-02-08T17:24:59.833">
</concurrent-start>
<exclusive-end id="4484" timestamp="2022-02-08T17:24:59.833" durationms="0.029" />

<exclusive-start id="4485" timestamp="2022-02-08T17:24:59.893" intervalms="60.561">
  <response-info timems="0.038" idlems="0.038" threads="0" lastid="0000000000016F00" lastname="main" />
</exclusive-start>
<af-start id="4486" threadId="0000000000017908" totalBytesRequested="24" timestamp="2022-02-08T17:24:59.893" intervalms="997.065" type="nursery" />
<cycle-start id="4487" type="scavenge" contextid="0" timestamp="2022-02-08T17:24:59.893" intervalms="997.005" />
<gc-start id="4488" type="scavenge" contextid="4487" timestamp="2022-02-08T17:24:59.893">
  <mem-info id="4489" free="155897968" total="1073741824" percent="14">
    <mem type="nursery" free="0" total="268435456" percent="0">
      <mem type="allocate" free="0" total="183894016" percent="0" />
      <mem type="survivor" free="0" total="84541440" percent="0" />
    </mem>
    <mem type="tenure" free="155897968" total="805306368" percent="19">
      <mem type="soa" free="147844208" total="797252608" percent="18" />
      <mem type="loa" free="8053760" total="8053760" percent="100" />
    </mem>
    <remembered-set count="136" />
  </mem-info>
</gc-start>
<allocation-stats totalBytes="106633056" >
  <allocated-bytes non-tlh="2387656" tlh="104245400" />
  <largest-consumer threadName="main" threadId="0000000000016F00" bytes="106628960" />
</allocation-stats>
<gc-op id="4490" type="scavenge" timems="96.667" contextid="4487" timestamp="2022-02-08T17:24:59.990">
  <scavenger-info tenureage="1" tenuremask="7ffe" tiltratio="68" />
  <memory-copied type="nursery" objects="1418748" bytes="75299160" bytesdiscarded="127928" />
  <memory-copied type="tenure" objects="1360292" bytes="76318888" bytesdiscarded="42608" />
  <finalization candidates="92" enqueued="35" />
  <references type="soft" candidates="14" cleared="0" enqueued="0" dynamicThreshold="12" maxThreshold="32" />
  <references type="weak" candidates="1" cleared="0" enqueued="0" />
  <references type="phantom" candidates="77" cleared="7" enqueued="7" />
  <object-monitors candidates="2" cleared="0"  />
</gc-op>
<gc-end id="4491" type="scavenge" contextid="4487" durationms="96.972" usertimems="374.476" systemtimems="3.201" stalltimems="4.112" timestamp="2022-02-08T17:24:59.990" activeThreads="4">
  <mem-info id="4492" free="188099256" total="1073741824" percent="17">
    <mem type="nursery" free="108728944" total="268435456" percent="40">
      <mem type="allocate" free="108728944" total="184156160" percent="59" />
      <mem type="survivor" free="0" total="84279296" percent="0" />
    </mem>
    <mem type="tenure" free="79370312" total="805306368" percent="9" macro-fragmented="0">
      <mem type="soa" free="71316552" total="797252608" percent="8" />
      <mem type="loa" free="8053760" total="8053760" percent="100" />
    </mem>
    <pending-finalizers system="34" default="1" reference="7" classloader="0" />
    <remembered-set count="121" />
  </mem-info>
</gc-end>
<cycle-end id="4493" type="scavenge" contextid="4487" timestamp="2022-02-08T17:24:59.990" />
<allocation-satisfied id="4494" threadId="0000000000016F00" bytesRequested="24" />
<af-end id="4495" timestamp="2022-02-08T17:24:59.991" threadId="0000000000017908" success="true" from="nursery"/>
<exclusive-end id="4496" timestamp="2022-02-08T17:24:59.991" durationms="97.499" />

<concurrent-end id="4497" type="global mark" contextid="4482" timestamp="2022-02-08T17:25:00.206">
<gc-op id="4498" type="trace" timems="373.269" contextid="4482" timestamp="2022-02-08T17:25:00.206">
  <trace bytesTraced="74442860" workStackOverflowCount="0" />
  <card-cleaning reason="card cleaning threshold reached" bytesTraced="1000" cardsCleaned="2" />
</gc-op>
</concurrent-end>

<exclusive-start id="4499" timestamp="2022-02-08T17:25:00.206" intervalms="312.777">
  <response-info timems="0.017" idlems="0.017" threads="0" lastid="0000000000016F00" lastname="main" />
</exclusive-start>
<concurrent-global-final id="4500" timestamp="2022-02-08T17:25:00.206" contextid="4482" intervalms="2890.634" >
  <concurrent-trace-info reason="card cleaning threshold reached" tracedByMutators="50552988" tracedByHelpers="23890872" cardsCleaned="2" workStackOverflowCount="0" />
</concurrent-global-final>
<gc-start id="4501" type="global" contextid="4482" timestamp="2022-02-08T17:25:00.206">
  <mem-info id="4502" free="172919456" total="1073741824" percent="16">
    <mem type="nursery" free="93549144" total="268435456" percent="34">
      <mem type="allocate" free="93549144" total="184156160" percent="50" />
      <mem type="survivor" free="0" total="84279296" percent="0" />
    </mem>
    <mem type="tenure" free="79370312" total="805306368" percent="9">
      <mem type="soa" free="71316552" total="797252608" percent="8" />
      <mem type="loa" free="8053760" total="8053760" percent="100" />
    </mem>
    <remembered-set count="122" />
  </mem-info>
</gc-start>
<allocation-stats totalBytes="15171600" >
  <allocated-bytes non-tlh="24" tlh="15171576" />
  <largest-consumer threadName="main" threadId="0000000000016F00" bytes="15163408" />
</allocation-stats>
<gc-op id="4503" type="rs-scan" timems="126.293" contextid="4482" timestamp="2022-02-08T17:25:00.332">
  <scan objectsFound="3324749" bytesTraced="71015820" workStackOverflowCount="0" />
</gc-op>
<gc-op id="4504" type="card-cleaning" timems="0.273" contextid="4482" timestamp="2022-02-08T17:25:00.333">
  <card-cleaning cardsCleaned="3" bytesTraced="1348" workStackOverflowCount="0" />
</gc-op>
<gc-op id="4505" type="mark" timems="35.181" contextid="4482" timestamp="2022-02-08T17:25:00.368">
  <trace-info objectcount="1355100" scancount="1017851" scanbytes="21781896" />
  <finalization candidates="428" enqueued="57" />
  <ownableSynchronizers candidates="1" cleared="0" />
  <references type="soft" candidates="894" cleared="0" enqueued="0" dynamicThreshold="12" maxThreshold="32" />
  <references type="weak" candidates="1701" cleared="0" enqueued="0" />
  <references type="phantom" candidates="52" cleared="2" enqueued="2" />
  <stringconstants candidates="6470" cleared="0"  />
  <object-monitors candidates="2" cleared="0"  />
</gc-op>
<gc-op id="4506" type="sweep" timems="6.366" contextid="4482" timestamp="2022-02-08T17:25:00.374" />
<gc-end id="4507" type="global" contextid="4482" durationms="168.306" usertimems="183.123" systemtimems="0.000" stalltimems="105.785" timestamp="2022-02-08T17:25:00.374" activeThreads="4">
  <mem-info id="4508" free="416550056" total="1073741824" percent="38">
    <mem type="nursery" free="94089272" total="268435456" percent="35">
      <mem type="allocate" free="94089272" total="184156160" percent="51" />
      <mem type="survivor" free="0" total="84279296" percent="0" />
    </mem>
    <mem type="tenure" free="322460784" total="805306368" percent="40" micro-fragmented="304694" macro-fragmented="1250136">
      <mem type="soa" free="314407024" total="797252608" percent="39" />
      <mem type="loa" free="8053760" total="8053760" percent="100" />
    </mem>
    <pending-finalizers system="57" default="0" reference="2" classloader="0" />
    <remembered-set count="109" />
  </mem-info>
</gc-end>
<cycle-end id="4509" type="global" contextid="4482" timestamp="2022-02-08T17:25:00.374" />
<exclusive-end id="4510" timestamp="2022-02-08T17:25:00.374" durationms="168.553" />

<exclusive-start id="4511" timestamp="2022-02-08T17:25:01.042" intervalms="836.153">
  <response-info timems="0.017" idlems="0.017" threads="0" lastid="0000000000016F00" lastname="main" />
</exclusive-start>
<af-start id="4512" threadId="0000000000017908" totalBytesRequested="104" timestamp="2022-02-08T17:25:01.042" intervalms="1148.928" type="nursery" />
<cycle-start id="4513" type="scavenge" contextid="0" timestamp="2022-02-08T17:25:01.042" intervalms="1148.929" />
<gc-start id="4514" type="scavenge" contextid="4513" timestamp="2022-02-08T17:25:01.042">
  <mem-info id="4515" free="322460784" total="1073741824" percent="30">
    <mem type="nursery" free="0" total="268435456" percent="0">
      <mem type="allocate" free="0" total="184156160" percent="0" />
      <mem type="survivor" free="0" total="84279296" percent="0" />
    </mem>
    <mem type="tenure" free="322460784" total="805306368" percent="40">
      <mem type="soa" free="314407024" total="797252608" percent="39" />
      <mem type="loa" free="8053760" total="8053760" percent="100" />
    </mem>
    <remembered-set count="110" />
  </mem-info>
</gc-start>
<allocation-stats totalBytes="94046464" >
  <allocated-bytes non-tlh="0" tlh="94046464" />
  <largest-consumer threadName="main" threadId="0000000000016F00" bytes="94042368" />
</allocation-stats>
<gc-op id="4516" type="scavenge" timems="82.573" contextid="4513" timestamp="2022-02-08T17:25:01.125">
  <scavenger-info tenureage="1" tenuremask="7ffe" tiltratio="68" />
  <memory-copied type="nursery" objects="1408820" bytes="77698760" bytesdiscarded="405304" />
  <memory-copied type="tenure" objects="1418267" bytes="74987416" bytesdiscarded="48928" />
  <finalization candidates="45" enqueued="0" />
  <ownableSynchronizers candidates="2" cleared="2" />
  <object-monitors candidates="2" cleared="0"  />
</gc-op>
<gc-end id="4517" type="scavenge" contextid="4513" durationms="82.801" usertimems="319.611" systemtimems="0.666" stalltimems="1.966" timestamp="2022-02-08T17:25:01.125" activeThreads="4">
  <mem-info id="4518" free="351592704" total="1073741824" percent="32">
    <mem type="nursery" free="104282624" total="268435456" percent="38">
      <mem type="allocate" free="104282624" total="182386688" percent="57" />
      <mem type="survivor" free="0" total="86048768" percent="0" />
    </mem>
    <mem type="tenure" free="247310080" total="805306368" percent="30" macro-fragmented="0">
      <mem type="soa" free="239256320" total="797252608" percent="30" />
      <mem type="loa" free="8053760" total="8053760" percent="100" />
    </mem>
    <remembered-set count="103" />
  </mem-info>
</gc-end>
<cycle-end id="4519" type="scavenge" contextid="4513" timestamp="2022-02-08T17:25:01.125" />
<allocation-satisfied id="4520" threadId="0000000000016F00" bytesRequested="104" />
<af-end id="4521" timestamp="2022-02-08T17:25:01.125" threadId="0000000000017908" success="true" from="nursery"/>
<exclusive-end id="4522" timestamp="2022-02-08T17:25:01.125" durationms="83.059" />

<exclusive-start id="4523" timestamp="2022-02-08T17:25:01.758" intervalms="716.256">
  <response-info timems="0.018" idlems="0.018" threads="0" lastid="0000000000016F00" lastname="main" />
</exclusive-start>
<af-start id="4524" threadId="0000000000017908" totalBytesRequested="24" timestamp="2022-02-08T17:25:01.758" intervalms="716.259" type="nursery" />
<cycle-start id="4525" type="scavenge" contextid="0" timestamp="2022-02-08T17:25:01.758" intervalms="716.258" />
<gc-start id="4526" type="scavenge" contextid="4525" timestamp="2022-02-08T17:25:01.758">
  <mem-info id="4527" free="247310080" total="1073741824" percent="23">
    <mem type="nursery" free="0" total="268435456" percent="0">
      <mem type="allocate" free="0" total="182386688" percent="0" />
      <mem type="survivor" free="0" total="86048768" percent="0" />
    </mem>
    <mem type="tenure" free="247310080" total="805306368" percent="30">
      <mem type="soa" free="239256320" total="797252608" percent="30" />
      <mem type="loa" free="8053760" total="8053760" percent="100" />
    </mem>
    <remembered-set count="103" />
  </mem-info>
</gc-start>
<allocation-stats totalBytes="104235576" >
  <allocated-bytes non-tlh="104" tlh="104235472" />
  <largest-consumer threadName="main" threadId="0000000000016F00" bytes="104235576" />
</allocation-stats>
<gc-op id="4528" type="scavenge" timems="79.144" contextid="4525" timestamp="2022-02-08T17:25:01.838">
  <scavenger-info tenureage="1" tenuremask="7ffe" tiltratio="67" />
  <memory-copied type="nursery" objects="1301398" bytes="74109040" bytesdiscarded="284816" />
  <memory-copied type="tenure" objects="1408820" bytes="77698760" bytesdiscarded="41184" />
  <object-monitors candidates="2" cleared="0"  />
</gc-op>
<gc-end id="4529" type="scavenge" contextid="4525" durationms="79.364" usertimems="311.803" systemtimems="1.952" stalltimems="1.892" timestamp="2022-02-08T17:25:01.838" activeThreads="4">
  <mem-info id="4530" free="277906312" total="1073741824" percent="25">
    <mem type="nursery" free="108386048" total="268435456" percent="40">
      <mem type="allocate" free="108386048" total="182779904" percent="59" />
      <mem type="survivor" free="0" total="85655552" percent="0" />
    </mem>
    <mem type="tenure" free="169520264" total="805306368" percent="21" macro-fragmented="0">
      <mem type="soa" free="161466504" total="797252608" percent="20" />
      <mem type="loa" free="8053760" total="8053760" percent="100" />
    </mem>
    <remembered-set count="104" />
  </mem-info>
</gc-end>
<cycle-end id="4531" type="scavenge" contextid="4525" timestamp="2022-02-08T17:25:01.838" />
<allocation-satisfied id="4532" threadId="0000000000016F00" bytesRequested="24" />
<af-end id="4533" timestamp="2022-02-08T17:25:01.838" threadId="0000000000017908" success="true" from="nursery"/>
<exclusive-end id="4534" timestamp="2022-02-08T17:25:01.838" durationms="79.648" />

<exclusive-start id="4535" timestamp="2022-02-08T17:25:02.750" intervalms="992.191">
  <response-info timems="0.018" idlems="0.018" threads="0" lastid="0000000000016F00" lastname="main" />
</exclusive-start>
<af-start id="4536" threadId="0000000000017908" totalBytesRequested="128" timestamp="2022-02-08T17:25:02.751" intervalms="992.199" type="nursery" />
<cycle-start id="4537" type="scavenge" contextid="0" timestamp="2022-02-08T17:25:02.751" intervalms="992.199" />
<gc-start id="4538" type="scavenge" contextid="4537" timestamp="2022-02-08T17:25:02.751">
  <mem-info id="4539" free="169520264" total="1073741824" percent="15">
    <mem type="nursery" free="0" total="268435456" percent="0">
      <mem type="allocate" free="0" total="182779904" percent="0" />
      <mem type="survivor" free="0" total="85655552" percent="0" />
    </mem>
    <mem type="tenure" free="169520264" total="805306368" percent="21">
      <mem type="soa" free="161466504" total="797252608" percent="20" />
      <mem type="loa" free="8053760" total="8053760" percent="100" />
    </mem>
    <remembered-set count="134" />
  </mem-info>
</gc-start>
<allocation-stats totalBytes="108337488" >
  <allocated-bytes non-tlh="2938272" tlh="105399216" />
  <largest-consumer threadName="main" threadId="0000000000016F00" bytes="108337488" />
</allocation-stats>
<gc-op id="4540" type="scavenge" timems="88.922" contextid="4537" timestamp="2022-02-08T17:25:02.840">
  <scavenger-info tenureage="1" tenuremask="7ffe" tiltratio="68" />
  <memory-copied type="nursery" objects="1454081" bytes="76174272" bytesdiscarded="227016" />
  <memory-copied type="tenure" objects="1301398" bytes="74109040" bytesdiscarded="42696" />
  <finalization candidates="110" enqueued="53" />
  <references type="soft" candidates="14" cleared="0" enqueued="0" dynamicThreshold="12" maxThreshold="32" />
  <references type="weak" candidates="1" cleared="0" enqueued="0" />
  <references type="phantom" candidates="95" cleared="7" enqueued="7" />
  <object-monitors candidates="2" cleared="0"  />
</gc-op>
<gc-end id="4541" type="scavenge" contextid="4537" durationms="89.090" usertimems="351.087" systemtimems="0.000" stalltimems="3.364" timestamp="2022-02-08T17:25:02.840" activeThreads="4">
  <mem-info id="4542" free="201946112" total="1073741824" percent="18">
    <mem type="nursery" free="106575096" total="268435456" percent="39">
      <mem type="allocate" free="106575096" total="182976512" percent="58" />
      <mem type="survivor" free="0" total="85458944" percent="0" />
    </mem>
    <mem type="tenure" free="95371016" total="805306368" percent="11" macro-fragmented="82818304">
      <mem type="soa" free="87317256" total="797252608" percent="10" />
      <mem type="loa" free="8053760" total="8053760" percent="100" />
    </mem>
    <pending-finalizers system="52" default="1" reference="7" classloader="0" />
    <remembered-set count="128" />
  </mem-info>
</gc-end>
<cycle-end id="4543" type="scavenge" contextid="4537" timestamp="2022-02-08T17:25:02.840" />
<allocation-satisfied id="4544" threadId="0000000000016F00" bytesRequested="128" />
<af-end id="4545" timestamp="2022-02-08T17:25:02.840" threadId="0000000000017908" success="true" from="nursery"/>
<exclusive-end id="4546" timestamp="2022-02-08T17:25:02.840" durationms="89.582" />

<concurrent-kickoff id="4547" timestamp="2022-02-08T17:25:03.538">
  <kickoff reason="threshold reached" targetBytes="74442922" thresholdFreeBytes="5748611"  remainingFree="5715192" tenureFreeBytes="95371016" nurseryFreeBytes="5715192" />
</concurrent-kickoff>
<exclusive-start id="4548" timestamp="2022-02-08T17:25:03.542" intervalms="791.504">
  <response-info timems="0.018" idlems="0.018" threads="0" lastid="0000000000016F00" lastname="main" />
</exclusive-start>
<cycle-start id="4549" type="global" contextid="0" timestamp="2022-02-08T17:25:03.542" intervalms="3709.441" />
<concurrent-start id="4550" type="global mark" contextid="4549" timestamp="2022-02-08T17:25:03.542">
</concurrent-start>
<exclusive-end id="4551" timestamp="2022-02-08T17:25:03.542" durationms="0.028" />

<exclusive-start id="4552" timestamp="2022-02-08T17:25:03.612" intervalms="69.551">
  <response-info timems="0.033" idlems="0.033" threads="0" lastid="0000000000016F00" lastname="main" />
</exclusive-start>
<af-start id="4553" threadId="0000000000017908" totalBytesRequested="104" timestamp="2022-02-08T17:25:03.612" intervalms="861.052" type="nursery" />
<cycle-start id="4554" type="scavenge" contextid="0" timestamp="2022-02-08T17:25:03.612" intervalms="861.052" />
<gc-start id="4555" type="scavenge" contextid="4554" timestamp="2022-02-08T17:25:03.612">
  <mem-info id="4556" free="95371016" total="1073741824" percent="8">
    <mem type="nursery" free="0" total="268435456" percent="0">
      <mem type="allocate" free="0" total="182976512" percent="0" />
      <mem type="survivor" free="0" total="85458944" percent="0" />
    </mem>
    <mem type="tenure" free="95371016" total="805306368" percent="11">
      <mem type="soa" free="87317256" total="797252608" percent="10" />
      <mem type="loa" free="8053760" total="8053760" percent="100" />
    </mem>
    <remembered-set count="129" />
  </mem-info>
</gc-start>
<allocation-stats totalBytes="106523888" >
  <allocated-bytes non-tlh="128" tlh="106523760" />
  <largest-consumer threadName="main" threadId="0000000000016F00" bytes="106515696" />
</allocation-stats>
<gc-op id="4557" type="scavenge" timems="85.642" contextid="4554" timestamp="2022-02-08T17:25:03.697">
  <scavenger-info tenureage="1" tenuremask="7ffe" tiltratio="68" />
  <memory-copied type="nursery" objects="1374720" bytes="75890512" bytesdiscarded="125568" />
  <memory-copied type="tenure" objects="1453370" bytes="75706416" bytesdiscarded="37992" />
  <finalization candidates="57" enqueued="0" />
  <object-monitors candidates="2" cleared="0"  />
</gc-op>
<gc-end id="4558" type="scavenge" contextid="4554" durationms="85.876" usertimems="337.453" systemtimems="0.300" stalltimems="3.037" timestamp="2022-02-08T17:25:03.698" activeThreads="4">
  <mem-info id="4559" free="127187408" total="1073741824" percent="11">
    <mem type="nursery" free="107615792" total="268435456" percent="40">
      <mem type="allocate" free="107615792" total="183631872" percent="58" />
      <mem type="survivor" free="0" total="84803584" percent="0" />
    </mem>
    <mem type="tenure" free="19571616" total="805306368" percent="2" macro-fragmented="0">
      <mem type="soa" free="11517856" total="797252608" percent="1" />
      <mem type="loa" free="8053760" total="8053760" percent="100" />
    </mem>
    <remembered-set count="103" />
  </mem-info>
</gc-end>
<cycle-end id="4560" type="scavenge" contextid="4554" timestamp="2022-02-08T17:25:03.698" />
<allocation-satisfied id="4561" threadId="0000000000016F00" bytesRequested="104" />
<af-end id="4562" timestamp="2022-02-08T17:25:03.698" threadId="0000000000017908" success="true" from="nursery"/>
<exclusive-end id="4563" timestamp="2022-02-08T17:25:03.698" durationms="86.420" />

<concurrent-end id="4564" type="global mark" contextid="4549" timestamp="2022-02-08T17:25:03.912">
<gc-op id="4565" type="trace" timems="370.175" contextid="4549" timestamp="2022-02-08T17:25:03.912">
  <trace bytesTraced="74442972" workStackOverflowCount="0" />
  <card-cleaning reason="card cleaning threshold reached" bytesTraced="1000" cardsCleaned="2" />
</gc-op>
</concurrent-end>

<exclusive-start id="4566" timestamp="2022-02-08T17:25:03.912" intervalms="300.712">
  <response-info timems="0.017" idlems="0.017" threads="0" lastid="0000000000016F00" lastname="main" />
</exclusive-start>
<concurrent-global-final id="4567" timestamp="2022-02-08T17:25:03.912" contextid="4549" intervalms="3706.370" >
  <concurrent-trace-info reason="card cleaning threshold reached" tracedByMutators="47742280" tracedByHelpers="26701692" cardsCleaned="2" workStackOverflowCount="0" />
</concurrent-global-final>
<gc-start id="4568" type="global" contextid="4549" timestamp="2022-02-08T17:25:03.912">
  <mem-info id="4569" free="111229288" total="1073741824" percent="10">
    <mem type="nursery" free="91657672" total="268435456" percent="34">
      <mem type="allocate" free="91657672" total="183631872" percent="49" />
      <mem type="survivor" free="0" total="84803584" percent="0" />
    </mem>
    <mem type="tenure" free="19571616" total="805306368" percent="2">
      <mem type="soa" free="11517856" total="797252608" percent="1" />
      <mem type="loa" free="8053760" total="8053760" percent="100" />
    </mem>
    <remembered-set count="103" />
  </mem-info>
</gc-start>
<allocation-stats totalBytes="15951376" >
  <allocated-bytes non-tlh="104" tlh="15951272" />
  <largest-consumer threadName="main" threadId="0000000000016F00" bytes="15951376" />
</allocation-stats>
<gc-op id="4570" type="rs-scan" timems="1.115" contextid="4549" timestamp="2022-02-08T17:25:03.913">
  <scan objectsFound="0" bytesTraced="3836" workStackOverflowCount="0" />
</gc-op>
<gc-op id="4571" type="card-cleaning" timems="149.723" contextid="4549" timestamp="2022-02-08T17:25:04.063">
  <card-cleaning cardsCleaned="10" bytesTraced="71014692" workStackOverflowCount="0" />
</gc-op>
<gc-op id="4572" type="mark" timems="67.769" contextid="4549" timestamp="2022-02-08T17:25:04.131">
  <trace-info objectcount="2492351" scancount="1870791" scanbytes="39977896" />
  <finalization candidates="428" enqueued="57" />
  <ownableSynchronizers candidates="1" cleared="0" />
  <references type="soft" candidates="894" cleared="0" enqueued="0" dynamicThreshold="12" maxThreshold="32" />
  <references type="weak" candidates="1701" cleared="0" enqueued="0" />
  <references type="phantom" candidates="52" cleared="2" enqueued="2" />
  <stringconstants candidates="6470" cleared="0"  />
  <object-monitors candidates="2" cleared="0"  />
</gc-op>
<gc-op id="4573" type="sweep" timems="6.689" contextid="4549" timestamp="2022-02-08T17:25:04.138" />
<gc-end id="4574" type="global" contextid="4549" durationms="225.730" usertimems="241.447" systemtimems="0.000" stalltimems="204.414" timestamp="2022-02-08T17:25:04.138" activeThreads="4">
  <mem-info id="4575" free="354398768" total="1073741824" percent="33">
    <mem type="nursery" free="91874608" total="268435456" percent="34">
      <mem type="allocate" free="91874608" total="183631872" percent="50" />
      <mem type="survivor" free="0" total="84803584" percent="0" />
    </mem>
    <mem type="tenure" free="262524160" total="805306368" percent="32" micro-fragmented="324331" macro-fragmented="0">
      <mem type="soa" free="254470400" total="797252608" percent="31" />
      <mem type="loa" free="8053760" total="8053760" percent="100" />
    </mem>
    <pending-finalizers system="57" default="0" reference="2" classloader="0" />
    <remembered-set count="103" />
  </mem-info>
</gc-end>
<cycle-end id="4576" type="global" contextid="4549" timestamp="2022-02-08T17:25:04.138" />
<exclusive-end id="4577" timestamp="2022-02-08T17:25:04.138" durationms="225.964" />

<exclusive-start id="4578" timestamp="2022-02-08T17:25:04.690" intervalms="777.732">
  <response-info timems="0.020" idlems="0.020" threads="0" lastid="0000000000016F00" lastname="main" />
</exclusive-start>
<af-start id="4579" threadId="0000000000017908" totalBytesRequested="184" timestamp="2022-02-08T17:25:04.690" intervalms="1078.438" type="nursery" />
<cycle-start id="4580" type="scavenge" contextid="0" timestamp="2022-02-08T17:25:04.690" intervalms="1078.438" />
<gc-start id="4581" type="scavenge" contextid="4580" timestamp="2022-02-08T17:25:04.690">
  <mem-info id="4582" free="262524160" total="1073741824" percent="24">
    <mem type="nursery" free="0" total="268435456" percent="0">
      <mem type="allocate" free="0" total="183631872" percent="0" />
      <mem type="survivor" free="0" total="84803584" percent="0" />
    </mem>
    <mem type="tenure" free="262524160" total="805306368" percent="32">
      <mem type="soa" free="254470400" total="797252608" percent="31" />
      <mem type="loa" free="8053760" total="8053760" percent="100" />
    </mem>
    <remembered-set count="106" />
  </mem-info>
</gc-start>
<allocation-stats totalBytes="91833696" >
  <allocated-bytes non-tlh="0" tlh="91833696" />
  <largest-consumer threadName="main" threadId="0000000000016F00" bytes="91829600" />
</allocation-stats>
<gc-op id="4583" type="scavenge" timems="79.662" contextid="4580" timestamp="2022-02-08T17:25:04.770">
  <scavenger-info tenureage="1" tenuremask="7ffe" tiltratio="68" />
  <memory-copied type="nursery" objects="1351323" bytes="76531728" bytesdiscarded="248600" />
  <memory-copied type="tenure" objects="1374720" bytes="75890512" bytesdiscarded="45624" />
  <ownableSynchronizers candidates="2" cleared="2" />
  <object-monitors candidates="2" cleared="0"  />
</gc-op>
<gc-end id="4584" type="scavenge" contextid="4580" durationms="79.866" usertimems="310.968" systemtimems="1.201" stalltimems="2.261" timestamp="2022-02-08T17:25:04.770" activeThreads="4">
  <mem-info id="4585" free="294408320" total="1073741824" percent="27">
    <mem type="nursery" free="107965656" total="268435456" percent="40">
      <mem type="allocate" free="107965656" total="184745984" percent="58" />
      <mem type="survivor" free="0" total="83689472" percent="0" />
    </mem>
    <mem type="tenure" free="186442664" total="805306368" percent="23" macro-fragmented="0">
      <mem type="soa" free="178388904" total="797252608" percent="22" />
      <mem type="loa" free="8053760" total="8053760" percent="100" />
    </mem>
    <remembered-set count="105" />
  </mem-info>
</gc-end>
<cycle-end id="4586" type="scavenge" contextid="4580" timestamp="2022-02-08T17:25:04.770" />
<allocation-satisfied id="4587" threadId="0000000000016F00" bytesRequested="184" />
<af-end id="4588" timestamp="2022-02-08T17:25:04.770" threadId="0000000000017908" success="true" from="nursery"/>
<exclusive-end id="4589" timestamp="2022-02-08T17:25:04.770" durationms="80.113" />

<exclusive-start id="4590" timestamp="2022-02-08T17:25:05.658" intervalms="968.368">
  <response-info timems="0.022" idlems="0.022" threads="0" lastid="0000000000016F00" lastname="main" />
</exclusive-start>
<af-start id="4591" threadId="0000000000017908" totalBytesRequested="24" timestamp="2022-02-08T17:25:05.658" intervalms="968.368" type="nursery" />
<cycle-start id="4592" type="scavenge" contextid="0" timestamp="2022-02-08T17:25:05.658" intervalms="968.368" />
<gc-start id="4593" type="scavenge" contextid="4592" timestamp="2022-02-08T17:25:05.658">
  <mem-info id="4594" free="186442664" total="1073741824" percent="17">
    <mem type="nursery" free="0" total="268435456" percent="0">
      <mem type="allocate" free="0" total="184745984" percent="0" />
      <mem type="survivor" free="0" total="83689472" percent="0" />
    </mem>
    <mem type="tenure" free="186442664" total="805306368" percent="23">
      <mem type="soa" free="178388904" total="797252608" percent="22" />
      <mem type="loa" free="8053760" total="8053760" percent="100" />
    </mem>
    <remembered-set count="136" />
  </mem-info>
</gc-start>
<allocation-stats totalBytes="107916320" >
  <allocated-bytes non-tlh="1661328" tlh="106254992" />
  <largest-consumer threadName="main" threadId="0000000000016F00" bytes="107916320" />
</allocation-stats>
<gc-op id="4595" type="scavenge" timems="77.764" contextid="4592" timestamp="2022-02-08T17:25:05.736">
  <scavenger-info tenureage="1" tenuremask="7ffe" tiltratio="68" />
  <memory-copied type="nursery" objects="1452529" bytes="75924952" bytesdiscarded="108288" />
  <memory-copied type="tenure" objects="1351322" bytes="76531624" bytesdiscarded="39760" />
  <finalization candidates="109" enqueued="53" />
  <references type="soft" candidates="14" cleared="0" enqueued="0" dynamicThreshold="10" maxThreshold="32" />
  <references type="weak" candidates="1" cleared="0" enqueued="0" />
  <references type="phantom" candidates="94" cleared="7" enqueued="7" />
  <object-monitors candidates="2" cleared="0"  />
</gc-op>
<gc-end id="4596" type="scavenge" contextid="4592" durationms="77.955" usertimems="304.097" systemtimems="0.765" stalltimems="2.871" timestamp="2022-02-08T17:25:05.736" activeThreads="4">
  <mem-info id="4597" free="218731184" total="1073741824" percent="20">
    <mem type="nursery" free="108909224" total="268435456" percent="40">
      <mem type="allocate" free="108909224" total="184942592" percent="58" />
      <mem type="survivor" free="0" total="83492864" percent="0" />
    </mem>
    <mem type="tenure" free="109821960" total="805306368" percent="13" macro-fragmented="0">
      <mem type="soa" free="101768200" total="797252608" percent="12" />
      <mem type="loa" free="8053760" total="8053760" percent="100" />
    </mem>
    <pending-finalizers system="52" default="1" reference="7" classloader="0" />
    <remembered-set count="132" />
  </mem-info>
</gc-end>
<cycle-end id="4598" type="scavenge" contextid="4592" timestamp="2022-02-08T17:25:05.737" />
<allocation-satisfied id="4599" threadId="0000000000016F00" bytesRequested="24" />
<af-end id="4600" timestamp="2022-02-08T17:25:05.737" threadId="0000000000017908" success="true" from="nursery"/>
<exclusive-end id="4601" timestamp="2022-02-08T17:25:05.737" durationms="78.211" />

<concurrent-kickoff id="4602" timestamp="2022-02-08T17:25:06.445">
  <kickoff reason="threshold reached" targetBytes="74443132" thresholdFreeBytes="5741612"  remainingFree="5612080" tenureFreeBytes="109821960" nurseryFreeBytes="5612080" />
</concurrent-kickoff>
<exclusive-start id="4603" timestamp="2022-02-08T17:25:06.448" intervalms="789.650">
  <response-info timems="0.044" idlems="0.044" threads="0" lastid="0000000000016F00" lastname="main" />
</exclusive-start>
<cycle-start id="4604" type="global" contextid="0" timestamp="2022-02-08T17:25:06.448" intervalms="2906.015" />
<concurrent-start id="4605" type="global mark" contextid="4604" timestamp="2022-02-08T17:25:06.448">
</concurrent-start>
<exclusive-end id="4606" timestamp="2022-02-08T17:25:06.448" durationms="0.044" />

<exclusive-start id="4607" timestamp="2022-02-08T17:25:06.513" intervalms="64.525">
  <response-info timems="0.040" idlems="0.040" threads="0" lastid="0000000000016F00" lastname="main" />
</exclusive-start>
<af-start id="4608" threadId="0000000000017908" totalBytesRequested="208" timestamp="2022-02-08T17:25:06.513" intervalms="854.174" type="nursery" />
<cycle-start id="4609" type="scavenge" contextid="0" timestamp="2022-02-08T17:25:06.513" intervalms="854.175" />
<gc-start id="4610" type="scavenge" contextid="4609" timestamp="2022-02-08T17:25:06.513">
  <mem-info id="4611" free="109821960" total="1073741824" percent="10">
    <mem type="nursery" free="0" total="268435456" percent="0">
      <mem type="allocate" free="0" total="184942592" percent="0" />
      <mem type="survivor" free="0" total="83492864" percent="0" />
    </mem>
    <mem type="tenure" free="109821960" total="805306368" percent="13">
      <mem type="soa" free="101768200" total="797252608" percent="12" />
      <mem type="loa" free="8053760" total="8053760" percent="100" />
    </mem>
    <remembered-set count="133" />
  </mem-info>
</gc-start>
<allocation-stats totalBytes="108856432" >
  <allocated-bytes non-tlh="1347704" tlh="107508728" />
  <largest-consumer threadName="main" threadId="0000000000016F00" bytes="108848240" />
</allocation-stats>
<gc-op id="4612" type="scavenge" timems="93.167" contextid="4609" timestamp="2022-02-08T17:25:06.606">
  <scavenger-info tenureage="1" tenuremask="7ffe" tiltratio="68" />
  <memory-copied type="nursery" objects="1385852" bytes="77934576" bytesdiscarded="325392" />
  <memory-copied type="tenure" objects="1451810" bytes="74981784" bytesdiscarded="43776" />
  <finalization candidates="57" enqueued="0" />
  <references type="phantom" candidates="1" cleared="0" enqueued="0" />
  <object-monitors candidates="2" cleared="0"  />
</gc-op>
<gc-end id="4613" type="scavenge" contextid="4609" durationms="93.360" usertimems="364.466" systemtimems="0.101" stalltimems="3.457" timestamp="2022-02-08T17:25:06.606" activeThreads="4">
  <mem-info id="4614" free="139275976" total="1073741824" percent="12">
    <mem type="nursery" free="104388864" total="268435456" percent="38">
      <mem type="allocate" free="104388864" total="182648832" percent="57" />
      <mem type="survivor" free="0" total="85786624" percent="0" />
    </mem>
    <mem type="tenure" free="34887112" total="805306368" percent="4" macro-fragmented="0">
      <mem type="soa" free="26833352" total="797252608" percent="3" />
      <mem type="loa" free="8053760" total="8053760" percent="100" />
    </mem>
    <remembered-set count="101" />
  </mem-info>
</gc-end>
<cycle-end id="4615" type="scavenge" contextid="4609" timestamp="2022-02-08T17:25:06.606" />
<allocation-satisfied id="4616" threadId="0000000000016F00" bytesRequested="208" />
<af-end id="4617" timestamp="2022-02-08T17:25:06.606" threadId="0000000000017908" success="true" from="nursery"/>
<exclusive-end id="4618" timestamp="2022-02-08T17:25:06.606" durationms="93.892" />

<concurrent-end id="4619" type="global mark" contextid="4604" timestamp="2022-02-08T17:25:06.833">
<gc-op id="4620" type="trace" timems="385.411" contextid="4604" timestamp="2022-02-08T17:25:06.833">
  <trace bytesTraced="74443180" workStackOverflowCount="0" />
  <card-cleaning reason="card cleaning threshold reached" bytesTraced="1000" cardsCleaned="2" />
</gc-op>
</concurrent-end>

<exclusive-start id="4621" timestamp="2022-02-08T17:25:06.834" intervalms="321.007">
  <response-info timems="0.042" idlems="0.042" threads="0" lastid="0000000000016F00" lastname="main" />
</exclusive-start>
<concurrent-global-final id="4622" timestamp="2022-02-08T17:25:06.834" contextid="4604" intervalms="2921.314" >
  <concurrent-trace-info reason="card cleaning threshold reached" tracedByMutators="46502688" tracedByHelpers="27941492" cardsCleaned="2" workStackOverflowCount="0" />
</concurrent-global-final>
<gc-start id="4623" type="global" contextid="4604" timestamp="2022-02-08T17:25:06.834">
  <mem-info id="4624" free="125414904" total="1073741824" percent="11">
    <mem type="nursery" free="90527792" total="268435456" percent="33">
      <mem type="allocate" free="90527792" total="182648832" percent="49" />
      <mem type="survivor" free="0" total="85786624" percent="0" />
    </mem>
    <mem type="tenure" free="34887112" total="805306368" percent="4">
      <mem type="soa" free="26833352" total="797252608" percent="3" />
      <mem type="loa" free="8053760" total="8053760" percent="100" />
    </mem>
    <remembered-set count="101" />
  </mem-info>
</gc-start>
<allocation-stats totalBytes="13853536" >
  <allocated-bytes non-tlh="208" tlh="13853328" />
  <largest-consumer threadName="main" threadId="0000000000016F00" bytes="13853536" />
</allocation-stats>
<gc-op id="4625" type="rs-scan" timems="1.114" contextid="4604" timestamp="2022-02-08T17:25:06.835">
  <scan objectsFound="29" bytesTraced="5268" workStackOverflowCount="0" />
</gc-op>
<gc-op id="4626" type="card-cleaning" timems="156.017" contextid="4604" timestamp="2022-02-08T17:25:06.991">
  <card-cleaning cardsCleaned="9" bytesTraced="71013244" workStackOverflowCount="0" />
</gc-op>
<gc-op id="4627" type="mark" timems="71.585" contextid="4604" timestamp="2022-02-08T17:25:07.062">
  <trace-info objectcount="2233755" scancount="1676844" scanbytes="35840360" />
  <finalization candidates="428" enqueued="57" />
  <ownableSynchronizers candidates="1" cleared="0" />
  <references type="soft" candidates="894" cleared="0" enqueued="0" dynamicThreshold="10" maxThreshold="32" />
  <references type="weak" candidates="1701" cleared="0" enqueued="0" />
  <references type="phantom" candidates="52" cleared="2" enqueued="2" />
  <stringconstants candidates="6470" cleared="0"  />
  <object-monitors candidates="2" cleared="0"  />
</gc-op>
<gc-op id="4628" type="sweep" timems="6.314" contextid="4604" timestamp="2022-02-08T17:25:07.069" />
<gc-end id="4629" type="global" contextid="4604" durationms="235.269" usertimems="294.421" systemtimems="1.141" stalltimems="164.859" timestamp="2022-02-08T17:25:07.069" activeThreads="4">
  <mem-info id="4630" free="368689424" total="1073741824" percent="34">
    <mem type="nursery" free="90945776" total="268435456" percent="33">
      <mem type="allocate" free="90945776" total="182648832" percent="49" />
      <mem type="survivor" free="0" total="85786624" percent="0" />
    </mem>
    <mem type="tenure" free="277743648" total="805306368" percent="34" micro-fragmented="300332" macro-fragmented="0">
      <mem type="soa" free="269689888" total="797252608" percent="33" />
      <mem type="loa" free="8053760" total="8053760" percent="100" />
    </mem>
    <pending-finalizers system="57" default="0" reference="2" classloader="0" />
    <remembered-set count="101" />
  </mem-info>
</gc-end>
<cycle-end id="4631" type="global" contextid="4604" timestamp="2022-02-08T17:25:07.069" />
<exclusive-end id="4632" timestamp="2022-02-08T17:25:07.069" durationms="235.540" />

<exclusive-start id="4633" timestamp="2022-02-08T17:25:07.625" intervalms="791.285">
  <response-info timems="0.017" idlems="0.017" threads="0" lastid="0000000000016F00" lastname="main" />
</exclusive-start>
<af-start id="4634" threadId="0000000000017908" totalBytesRequested="208" timestamp="2022-02-08T17:25:07.625" intervalms="1112.292" type="nursery" />
<cycle-start id="4635" type="scavenge" contextid="0" timestamp="2022-02-08T17:25:07.625" intervalms="1112.291" />
<gc-start id="4636" type="scavenge" contextid="4635" timestamp="2022-02-08T17:25:07.625">
  <mem-info id="4637" free="277743648" total="1073741824" percent="25">
    <mem type="nursery" free="0" total="268435456" percent="0">
      <mem type="allocate" free="0" total="182648832" percent="0" />
      <mem type="survivor" free="0" total="85786624" percent="0" />
    </mem>
    <mem type="tenure" free="277743648" total="805306368" percent="34">
      <mem type="soa" free="269689888" total="797252608" percent="33" />
      <mem type="loa" free="8053760" total="8053760" percent="100" />
    </mem>
    <remembered-set count="104" />
  </mem-info>
</gc-start>
<allocation-stats totalBytes="90907296" >
  <allocated-bytes non-tlh="0" tlh="90907296" />
  <largest-consumer threadName="main" threadId="0000000000016F00" bytes="90903200" />
</allocation-stats>
<gc-op id="4638" type="scavenge" timems="75.318" contextid="4635" timestamp="2022-02-08T17:25:07.700">
  <scavenger-info tenureage="1" tenuremask="7ffe" tiltratio="68" />
  <memory-copied type="nursery" objects="1312611" bytes="74388488" bytesdiscarded="154760" />
  <memory-copied type="tenure" objects="1385851" bytes="77934464" bytesdiscarded="46016" />
  <finalization candidates="1" enqueued="0" />
  <ownableSynchronizers candidates="2" cleared="2" />
  <object-monitors candidates="2" cleared="0"  />
</gc-op>
<gc-end id="4639" type="scavenge" contextid="4635" durationms="75.551" usertimems="296.468" systemtimems="0.000" stalltimems="4.008" timestamp="2022-02-08T17:25:07.700" activeThreads="4">
  <mem-info id="4640" free="307923760" total="1073741824" percent="28">
    <mem type="nursery" free="108433264" total="268435456" percent="40">
      <mem type="allocate" free="108433264" total="182976512" percent="59" />
      <mem type="survivor" free="0" total="85458944" percent="0" />
    </mem>
    <mem type="tenure" free="199490496" total="805306368" percent="24" macro-fragmented="602881">
      <mem type="soa" free="191436736" total="797252608" percent="24" />
      <mem type="loa" free="8053760" total="8053760" percent="100" />
    </mem>
    <remembered-set count="105" />
  </mem-info>
</gc-end>
<cycle-end id="4641" type="scavenge" contextid="4635" timestamp="2022-02-08T17:25:07.701" />
<allocation-satisfied id="4642" threadId="0000000000016F00" bytesRequested="208" />
<af-end id="4643" timestamp="2022-02-08T17:25:07.701" threadId="0000000000017908" success="true" from="nursery"/>
<exclusive-end id="4644" timestamp="2022-02-08T17:25:07.701" durationms="75.857" />

<exclusive-start id="4645" timestamp="2022-02-08T17:25:08.583" intervalms="957.993">
  <response-info timems="0.017" idlems="0.017" threads="0" lastid="0000000000016F00" lastname="main" />
</exclusive-start>
<af-start id="4646" threadId="0000000000017908" totalBytesRequested="232" timestamp="2022-02-08T17:25:08.583" intervalms="957.995" type="nursery" />
<cycle-start id="4647" type="scavenge" contextid="0" timestamp="2022-02-08T17:25:08.583" intervalms="957.995" />
<gc-start id="4648" type="scavenge" contextid="4647" timestamp="2022-02-08T17:25:08.583">
  <mem-info id="4649" free="199490496" total="1073741824" percent="18">
    <mem type="nursery" free="0" total="268435456" percent="0">
      <mem type="allocate" free="0" total="182976512" percent="0" />
      <mem type="survivor" free="0" total="85458944" percent="0" />
    </mem>
    <mem type="tenure" free="199490496" total="805306368" percent="24">
      <mem type="soa" free="191436736" total="797252608" percent="24" />
      <mem type="loa" free="8053760" total="8053760" percent="100" />
    </mem>
    <remembered-set count="136" />
  </mem-info>
</gc-start>
<allocation-stats totalBytes="108387432" >
  <allocated-bytes non-tlh="1661352" tlh="106726080" />
  <largest-consumer threadName="main" threadId="0000000000016F00" bytes="108387432" />
</allocation-stats>
<gc-op id="4650" type="scavenge" timems="80.413" contextid="4647" timestamp="2022-02-08T17:25:08.663">
  <scavenger-info tenureage="1" tenuremask="7ffe" tiltratio="68" />
  <memory-copied type="nursery" objects="1491460" bytes="76337472" bytesdiscarded="198040" />
  <memory-copied type="tenure" objects="1312610" bytes="74388376" bytesdiscarded="38288" />
  <finalization candidates="109" enqueued="53" />
  <references type="soft" candidates="14" cleared="0" enqueued="0" dynamicThreshold="11" maxThreshold="32" />
  <references type="weak" candidates="1" cleared="0" enqueued="0" />
  <references type="phantom" candidates="94" cleared="7" enqueued="7" />
  <object-monitors candidates="2" cleared="0"  />
</gc-op>
<gc-end id="4651" type="scavenge" contextid="4647" durationms="80.634" usertimems="314.031" systemtimems="0.000" stalltimems="5.220" timestamp="2022-02-08T17:25:08.664" activeThreads="4">
  <mem-info id="4652" free="231627912" total="1073741824" percent="21">
    <mem type="nursery" free="106571944" total="268435456" percent="39">
      <mem type="allocate" free="106571944" total="183107584" percent="58" />
      <mem type="survivor" free="0" total="85327872" percent="0" />
    </mem>
    <mem type="tenure" free="125055968" total="805306368" percent="15" macro-fragmented="0">
      <mem type="soa" free="117002208" total="797252608" percent="14" />
      <mem type="loa" free="8053760" total="8053760" percent="100" />
    </mem>
    <pending-finalizers system="52" default="1" reference="7" classloader="0" />
    <remembered-set count="132" />
  </mem-info>
</gc-end>
<cycle-end id="4653" type="scavenge" contextid="4647" timestamp="2022-02-08T17:25:08.664" />
<allocation-satisfied id="4654" threadId="0000000000016F00" bytesRequested="232" />
<af-end id="4655" timestamp="2022-02-08T17:25:08.664" threadId="0000000000017908" success="true" from="nursery"/>
<exclusive-end id="4656" timestamp="2022-02-08T17:25:08.664" durationms="80.895" />

<concurrent-kickoff id="4657" timestamp="2022-02-08T17:25:09.334">
  <kickoff reason="threshold reached" targetBytes="74443340" thresholdFreeBytes="5741939"  remainingFree="5646504" tenureFreeBytes="125055968" nurseryFreeBytes="5646504" />
</concurrent-kickoff>
<exclusive-start id="4658" timestamp="2022-02-08T17:25:09.338" intervalms="755.123">
  <response-info timems="0.019" idlems="0.019" threads="0" lastid="0000000000016F00" lastname="main" />
</exclusive-start>
<cycle-start id="4659" type="global" contextid="0" timestamp="2022-02-08T17:25:09.338" intervalms="2889.931" />
<concurrent-start id="4660" type="global mark" contextid="4659" timestamp="2022-02-08T17:25:09.338">
</concurrent-start>
<exclusive-end id="4661" timestamp="2022-02-08T17:25:09.338" durationms="0.028" />

<exclusive-start id="4662" timestamp="2022-02-08T17:25:09.473" intervalms="135.571">
  <response-info timems="0.044" idlems="0.044" threads="0" lastid="0000000000016F00" lastname="main" />
</exclusive-start>
<af-start id="4663" threadId="0000000000017908" totalBytesRequested="184" timestamp="2022-02-08T17:25:09.474" intervalms="890.693" type="nursery" />
<cycle-start id="4664" type="scavenge" contextid="0" timestamp="2022-02-08T17:25:09.474" intervalms="890.693" />
<gc-start id="4665" type="scavenge" contextid="4664" timestamp="2022-02-08T17:25:09.474">
  <mem-info id="4666" free="125055968" total="1073741824" percent="11">
    <mem type="nursery" free="0" total="268435456" percent="0">
      <mem type="allocate" free="0" total="183107584" percent="0" />
      <mem type="survivor" free="0" total="85327872" percent="0" />
    </mem>
    <mem type="tenure" free="125055968" total="805306368" percent="15">
      <mem type="soa" free="117002208" total="797252608" percent="14" />
      <mem type="loa" free="8053760" total="8053760" percent="100" />
    </mem>
    <remembered-set count="133" />
  </mem-info>
</gc-start>
<allocation-stats totalBytes="106525256" >
  <allocated-bytes non-tlh="1347912" tlh="105177344" />
  <largest-consumer threadName="main" threadId="0000000000016F00" bytes="106517064" />
</allocation-stats>
<gc-op id="4667" type="scavenge" timems="90.999" contextid="4664" timestamp="2022-02-08T17:25:09.565">
  <scavenger-info tenureage="1" tenuremask="7ffe" tiltratio="68" />
  <memory-copied type="nursery" objects="1333754" bytes="76233576" bytesdiscarded="221296" />
  <memory-copied type="tenure" objects="1490740" bytes="75394176" bytesdiscarded="39904" />
  <finalization candidates="57" enqueued="0" />
  <references type="phantom" candidates="1" cleared="0" enqueued="0" />
  <object-monitors candidates="2" cleared="0"  />
</gc-op>
<gc-end id="4668" type="scavenge" contextid="4664" durationms="91.250" usertimems="356.192" systemtimems="0.076" stalltimems="3.933" timestamp="2022-02-08T17:25:09.565" activeThreads="4">
  <mem-info id="4669" free="157036648" total="1073741824" percent="14">
    <mem type="nursery" free="107242536" total="268435456" percent="39">
      <mem type="allocate" free="107242536" total="183697408" percent="58" />
      <mem type="survivor" free="0" total="84738048" percent="0" />
    </mem>
    <mem type="tenure" free="49794112" total="805306368" percent="6" macro-fragmented="418667">
      <mem type="soa" free="41740352" total="797252608" percent="5" />
      <mem type="loa" free="8053760" total="8053760" percent="100" />
    </mem>
    <remembered-set count="102" />
  </mem-info>
</gc-end>
<cycle-end id="4670" type="scavenge" contextid="4664" timestamp="2022-02-08T17:25:09.565" />
<allocation-satisfied id="4671" threadId="0000000000016F00" bytesRequested="184" />
<af-end id="4672" timestamp="2022-02-08T17:25:09.565" threadId="0000000000017908" success="true" from="nursery"/>
<exclusive-end id="4673" timestamp="2022-02-08T17:25:09.565" durationms="91.726" />

<concurrent-end id="4674" type="global mark" contextid="4659" timestamp="2022-02-08T17:25:09.686">
<gc-op id="4675" type="trace" timems="347.871" contextid="4659" timestamp="2022-02-08T17:25:09.686">
  <trace bytesTraced="74443388" workStackOverflowCount="0" />
  <card-cleaning reason="card cleaning threshold reached" bytesTraced="1000" cardsCleaned="2" />
</gc-op>
</concurrent-end>

<exclusive-start id="4676" timestamp="2022-02-08T17:25:09.686" intervalms="212.371">
  <response-info timems="0.020" idlems="0.020" threads="0" lastid="0000000000016F00" lastname="main" />
</exclusive-start>
<concurrent-global-final id="4677" timestamp="2022-02-08T17:25:09.686" contextid="4659" intervalms="2852.307" >
  <concurrent-trace-info reason="card cleaning threshold reached" tracedByMutators="59050864" tracedByHelpers="15393524" cardsCleaned="2" workStackOverflowCount="0" />
</concurrent-global-final>
<gc-start id="4678" type="global" contextid="4659" timestamp="2022-02-08T17:25:09.686">
  <mem-info id="4679" free="149467056" total="1073741824" percent="13">
    <mem type="nursery" free="99672944" total="268435456" percent="37">
      <mem type="allocate" free="99672944" total="183697408" percent="54" />
      <mem type="survivor" free="0" total="84738048" percent="0" />
    </mem>
    <mem type="tenure" free="49794112" total="805306368" percent="6">
      <mem type="soa" free="41740352" total="797252608" percent="5" />
      <mem type="loa" free="8053760" total="8053760" percent="100" />
    </mem>
    <remembered-set count="102" />
  </mem-info>
</gc-start>
<allocation-stats totalBytes="7566808" >
  <allocated-bytes non-tlh="184" tlh="7566624" />
  <largest-consumer threadName="main" threadId="0000000000016F00" bytes="7566808" />
</allocation-stats>
<gc-op id="4680" type="rs-scan" timems="1.116" contextid="4659" timestamp="2022-02-08T17:25:09.687">
  <scan objectsFound="29" bytesTraced="5268" workStackOverflowCount="0" />
</gc-op>
<gc-op id="4681" type="card-cleaning" timems="156.967" contextid="4659" timestamp="2022-02-08T17:25:09.844">
  <card-cleaning cardsCleaned="9" bytesTraced="71013244" workStackOverflowCount="0" />
</gc-op>
<gc-op id="4682" type="mark" timems="61.627" contextid="4659" timestamp="2022-02-08T17:25:09.906">
  <trace-info objectcount="1849390" scancount="1388570" scanbytes="29690536" />
  <finalization candidates="428" enqueued="57" />
  <ownableSynchronizers candidates="1" cleared="0" />
  <references type="soft" candidates="894" cleared="0" enqueued="0" dynamicThreshold="11" maxThreshold="32" />
  <references type="weak" candidates="1701" cleared="0" enqueued="0" />
  <references type="phantom" candidates="52" cleared="2" enqueued="2" />
  <stringconstants candidates="6470" cleared="0"  />
  <object-monitors candidates="2" cleared="0"  />
</gc-op>
<gc-op id="4683" type="sweep" timems="6.745" contextid="4659" timestamp="2022-02-08T17:25:09.913" />
<gc-end id="4684" type="global" contextid="4659" durationms="226.990" usertimems="283.255" systemtimems="3.469" stalltimems="140.620" timestamp="2022-02-08T17:25:09.913" activeThreads="4">
  <mem-info id="4685" free="392632696" total="1073741824" percent="36">
    <mem type="nursery" free="99985184" total="268435456" percent="37">
      <mem type="allocate" free="99985184" total="183697408" percent="54" />
      <mem type="survivor" free="0" total="84738048" percent="0" />
    </mem>
    <mem type="tenure" free="292647512" total="805306368" percent="36" micro-fragmented="259259" macro-fragmented="0">
      <mem type="soa" free="284593752" total="797252608" percent="35" />
      <mem type="loa" free="8053760" total="8053760" percent="100" />
    </mem>
    <pending-finalizers system="57" default="0" reference="2" classloader="0" />
    <remembered-set count="102" />
  </mem-info>
</gc-end>
<cycle-end id="4686" type="global" contextid="4659" timestamp="2022-02-08T17:25:09.913" />
<exclusive-end id="4687" timestamp="2022-02-08T17:25:09.913" durationms="227.216" />

<exclusive-start id="4688" timestamp="2022-02-08T17:25:10.551" intervalms="865.328">
  <response-info timems="0.020" idlems="0.020" threads="0" lastid="0000000000016F00" lastname="main" />
</exclusive-start>
<af-start id="4689" threadId="0000000000017908" totalBytesRequested="184" timestamp="2022-02-08T17:25:10.551" intervalms="1077.698" type="nursery" />
<cycle-start id="4690" type="scavenge" contextid="0" timestamp="2022-02-08T17:25:10.551" intervalms="1077.700" />
<gc-start id="4691" type="scavenge" contextid="4690" timestamp="2022-02-08T17:25:10.551">
  <mem-info id="4692" free="292647512" total="1073741824" percent="27">
    <mem type="nursery" free="0" total="268435456" percent="0">
      <mem type="allocate" free="0" total="183697408" percent="0" />
      <mem type="survivor" free="0" total="84738048" percent="0" />
    </mem>
    <mem type="tenure" free="292647512" total="805306368" percent="36">
      <mem type="soa" free="284593752" total="797252608" percent="35" />
      <mem type="loa" free="8053760" total="8053760" percent="100" />
    </mem>
    <remembered-set count="105" />
  </mem-info>
</gc-start>
<allocation-stats totalBytes="99937552" >
  <allocated-bytes non-tlh="0" tlh="99937552" />
  <largest-consumer threadName="main" threadId="0000000000016F00" bytes="99933456" />
</allocation-stats>
<gc-op id="4693" type="scavenge" timems="87.980" contextid="4690" timestamp="2022-02-08T17:25:10.640">
  <scavenger-info tenureage="1" tenuremask="7ffe" tiltratio="68" />
  <memory-copied type="nursery" objects="1356851" bytes="76366544" bytesdiscarded="127160" />
  <memory-copied type="tenure" objects="1333753" bytes="76233472" bytesdiscarded="44360" />
  <finalization candidates="1" enqueued="0" />
  <ownableSynchronizers candidates="2" cleared="2" />
  <object-monitors candidates="2" cleared="0"  />
</gc-op>
<gc-end id="4694" type="scavenge" contextid="4690" durationms="88.207" usertimems="345.923" systemtimems="0.000" stalltimems="4.103" timestamp="2022-02-08T17:25:10.640" activeThreads="4">
  <mem-info id="4695" free="323700344" total="1073741824" percent="30">
    <mem type="nursery" free="107596920" total="268435456" percent="40">
      <mem type="allocate" free="107596920" total="184090624" percent="58" />
      <mem type="survivor" free="0" total="84344832" percent="0" />
    </mem>
    <mem type="tenure" free="216103424" total="805306368" percent="26" macro-fragmented="1800196">
      <mem type="soa" free="208049664" total="797252608" percent="26" />
      <mem type="loa" free="8053760" total="8053760" percent="100" />
    </mem>
    <remembered-set count="105" />
  </mem-info>
</gc-end>
<cycle-end id="4696" type="scavenge" contextid="4690" timestamp="2022-02-08T17:25:10.640" />
<allocation-satisfied id="4697" threadId="0000000000016F00" bytesRequested="184" />
<af-end id="4698" timestamp="2022-02-08T17:25:10.640" threadId="0000000000017908" success="true" from="nursery"/>
<exclusive-end id="4699" timestamp="2022-02-08T17:25:10.640" durationms="88.650" />

<exclusive-start id="4700" timestamp="2022-02-08T17:25:11.492" intervalms="941.047">
  <response-info timems="0.019" idlems="0.019" threads="0" lastid="0000000000016F00" lastname="main" />
</exclusive-start>
<af-start id="4701" threadId="0000000000017908" totalBytesRequested="232" timestamp="2022-02-08T17:25:11.492" intervalms="941.048" type="nursery" />
<cycle-start id="4702" type="scavenge" contextid="0" timestamp="2022-02-08T17:25:11.492" intervalms="941.047" />
<gc-start id="4703" type="scavenge" contextid="4702" timestamp="2022-02-08T17:25:11.492">
  <mem-info id="4704" free="216103424" total="1073741824" percent="20">
    <mem type="nursery" free="0" total="268435456" percent="0">
      <mem type="allocate" free="0" total="184090624" percent="0" />
      <mem type="survivor" free="0" total="84344832" percent="0" />
    </mem>
    <mem type="tenure" free="216103424" total="805306368" percent="26">
      <mem type="soa" free="208049664" total="797252608" percent="26" />
      <mem type="loa" free="8053760" total="8053760" percent="100" />
    </mem>
    <remembered-set count="136" />
  </mem-info>
</gc-start>
<allocation-stats totalBytes="107552016" >
  <allocated-bytes non-tlh="1115624" tlh="106436392" />
  <largest-consumer threadName="main" threadId="0000000000016F00" bytes="107552016" />
</allocation-stats>
<gc-op id="4705" type="scavenge" timems="92.731" contextid="4702" timestamp="2022-02-08T17:25:11.585">
  <scavenger-info tenureage="1" tenuremask="7ffe" tiltratio="68" />
  <memory-copied type="nursery" objects="1485815" bytes="75754200" bytesdiscarded="120968" />
  <memory-copied type="tenure" objects="1356850" bytes="76366440" bytesdiscarded="41288" />
  <finalization candidates="108" enqueued="53" />
  <references type="soft" candidates="14" cleared="0" enqueued="0" dynamicThreshold="11" maxThreshold="32" />
  <references type="weak" candidates="1" cleared="0" enqueued="0" />
  <references type="phantom" candidates="93" cleared="7" enqueued="7" />
  <object-monitors candidates="2" cleared="0"  />
</gc-op>
<gc-end id="4706" type="scavenge" contextid="4702" durationms="92.929" usertimems="349.983" systemtimems="0.370" stalltimems="5.749" timestamp="2022-02-08T17:25:11.585" activeThreads="4">
  <mem-info id="4707" free="248388792" total="1073741824" percent="23">
    <mem type="nursery" free="108608544" total="268435456" percent="40">
      <mem type="allocate" free="108608544" total="184483840" percent="58" />
      <mem type="survivor" free="0" total="83951616" percent="0" />
    </mem>
    <mem type="tenure" free="139780248" total="805306368" percent="17" macro-fragmented="0">
      <mem type="soa" free="131726488" total="797252608" percent="16" />
      <mem type="loa" free="8053760" total="8053760" percent="100" />
    </mem>
    <pending-finalizers system="52" default="1" reference="7" classloader="0" />
    <remembered-set count="132" />
  </mem-info>
</gc-end>
<cycle-end id="4708" type="scavenge" contextid="4702" timestamp="2022-02-08T17:25:11.585" />
<allocation-satisfied id="4709" threadId="0000000000016F00" bytesRequested="232" />
<af-end id="4710" timestamp="2022-02-08T17:25:11.585" threadId="0000000000017908" success="true" from="nursery"/>
<exclusive-end id="4711" timestamp="2022-02-08T17:25:11.585" durationms="93.229" />

<concurrent-kickoff id="4712" timestamp="2022-02-08T17:25:12.289">
  <kickoff reason="threshold reached" targetBytes="74443554" thresholdFreeBytes="5742868"  remainingFree="5622496" tenureFreeBytes="139780248" nurseryFreeBytes="5622496" />
</concurrent-kickoff>
<exclusive-start id="4713" timestamp="2022-02-08T17:25:12.293" intervalms="800.590">
  <response-info timems="0.023" idlems="0.023" threads="0" lastid="0000000000016F00" lastname="main" />
</exclusive-start>
<cycle-start id="4714" type="global" contextid="0" timestamp="2022-02-08T17:25:12.293" intervalms="2954.914" />
<concurrent-start id="4715" type="global mark" contextid="4714" timestamp="2022-02-08T17:25:12.293">
</concurrent-start>
<exclusive-end id="4716" timestamp="2022-02-08T17:25:12.293" durationms="0.037" />

<exclusive-start id="4717" timestamp="2022-02-08T17:25:12.409" intervalms="116.039">
  <response-info timems="0.018" idlems="0.018" threads="0" lastid="0000000000016F00" lastname="main" />
</exclusive-start>
<af-start id="4718" threadId="0000000000017908" totalBytesRequested="104" timestamp="2022-02-08T17:25:12.409" intervalms="916.641" type="nursery" />
<cycle-start id="4719" type="scavenge" contextid="0" timestamp="2022-02-08T17:25:12.409" intervalms="916.639" />
<gc-start id="4720" type="scavenge" contextid="4719" timestamp="2022-02-08T17:25:12.409">
  <mem-info id="4721" free="139780248" total="1073741824" percent="13">
    <mem type="nursery" free="0" total="268435456" percent="0">
      <mem type="allocate" free="0" total="184483840" percent="0" />
      <mem type="survivor" free="0" total="83951616" percent="0" />
    </mem>
    <mem type="tenure" free="139780248" total="805306368" percent="17">
      <mem type="soa" free="131726488" total="797252608" percent="16" />
      <mem type="loa" free="8053760" total="8053760" percent="100" />
    </mem>
    <remembered-set count="133" />
  </mem-info>
</gc-start>
<allocation-stats totalBytes="108557992" >
  <allocated-bytes non-tlh="1823040" tlh="106734952" />
  <largest-consumer threadName="main" threadId="0000000000016F00" bytes="108549800" />
</allocation-stats>
<gc-op id="4722" type="scavenge" timems="87.028" contextid="4719" timestamp="2022-02-08T17:25:12.496">
  <scavenger-info tenureage="1" tenuremask="7ffe" tiltratio="68" />
  <memory-copied type="nursery" objects="1355090" bytes="77368552" bytesdiscarded="165688" />
  <memory-copied type="tenure" objects="1485095" bytes="75116312" bytesdiscarded="42960" />
  <finalization candidates="57" enqueued="0" />
  <references type="phantom" candidates="2" cleared="0" enqueued="0" />
  <object-monitors candidates="2" cleared="0"  />
</gc-op>
<gc-end id="4723" type="scavenge" contextid="4719" durationms="87.482" usertimems="331.837" systemtimems="0.687" stalltimems="3.904" timestamp="2022-02-08T17:25:12.496" activeThreads="4">
  <mem-info id="4724" free="170360448" total="1073741824" percent="15">
    <mem type="nursery" free="105835488" total="268435456" percent="39">
      <mem type="allocate" free="105835488" total="183369728" percent="57" />
      <mem type="survivor" free="0" total="85065728" percent="0" />
    </mem>
    <mem type="tenure" free="64524960" total="805306368" percent="8" macro-fragmented="33282812">
      <mem type="soa" free="56471200" total="797252608" percent="7" />
      <mem type="loa" free="8053760" total="8053760" percent="100" />
    </mem>
    <remembered-set count="103" />
  </mem-info>
</gc-end>
<cycle-end id="4725" type="scavenge" contextid="4719" timestamp="2022-02-08T17:25:12.497" />
<allocation-satisfied id="4726" threadId="0000000000016F00" bytesRequested="104" />
<af-end id="4727" timestamp="2022-02-08T17:25:12.497" threadId="0000000000017908" success="true" from="nursery"/>
<exclusive-end id="4728" timestamp="2022-02-08T17:25:12.497" durationms="87.812" />

<concurrent-end id="4729" type="global mark" contextid="4714" timestamp="2022-02-08T17:25:12.633">
<gc-op id="4730" type="trace" timems="340.293" contextid="4714" timestamp="2022-02-08T17:25:12.633">
  <trace bytesTraced="74443596" workStackOverflowCount="0" />
  <card-cleaning reason="card cleaning threshold reached" bytesTraced="1000" cardsCleaned="2" />
</gc-op>
</concurrent-end>

<exclusive-start id="4731" timestamp="2022-02-08T17:25:12.633" intervalms="224.336">
  <response-info timems="0.020" idlems="0.020" threads="0" lastid="0000000000016F00" lastname="main" />
</exclusive-start>
<concurrent-global-final id="4732" timestamp="2022-02-08T17:25:12.633" contextid="4714" intervalms="2947.340" >
  <concurrent-trace-info reason="card cleaning threshold reached" tracedByMutators="58138080" tracedByHelpers="16306516" cardsCleaned="2" workStackOverflowCount="0" />
</concurrent-global-final>
<gc-start id="4733" type="global" contextid="4714" timestamp="2022-02-08T17:25:12.633">
  <mem-info id="4734" free="161349144" total="1073741824" percent="15">
    <mem type="nursery" free="96824184" total="268435456" percent="36">
      <mem type="allocate" free="96824184" total="183369728" percent="52" />
      <mem type="survivor" free="0" total="85065728" percent="0" />
    </mem>
    <mem type="tenure" free="64524960" total="805306368" percent="8">
      <mem type="soa" free="56471200" total="797252608" percent="7" />
      <mem type="loa" free="8053760" total="8053760" percent="100" />
    </mem>
    <remembered-set count="103" />
  </mem-info>
</gc-start>
<allocation-stats totalBytes="9005992" >
  <allocated-bytes non-tlh="104" tlh="9005888" />
  <largest-consumer threadName="main" threadId="0000000000016F00" bytes="9005992" />
</allocation-stats>
<gc-op id="4735" type="rs-scan" timems="0.546" contextid="4714" timestamp="2022-02-08T17:25:12.634">
  <scan objectsFound="29" bytesTraced="5268" workStackOverflowCount="0" />
</gc-op>
<gc-op id="4736" type="card-cleaning" timems="147.384" contextid="4714" timestamp="2022-02-08T17:25:12.781">
  <card-cleaning cardsCleaned="9" bytesTraced="71013244" workStackOverflowCount="0" />
</gc-op>
<gc-op id="4737" type="mark" timems="50.043" contextid="4714" timestamp="2022-02-08T17:25:12.831">
  <trace-info objectcount="1629119" scancount="1223367" scanbytes="26166184" />
  <finalization candidates="428" enqueued="57" />
  <ownableSynchronizers candidates="1" cleared="0" />
  <references type="soft" candidates="894" cleared="0" enqueued="0" dynamicThreshold="11" maxThreshold="32" />
  <references type="weak" candidates="1701" cleared="0" enqueued="0" />
  <references type="phantom" candidates="52" cleared="2" enqueued="2" />
  <stringconstants candidates="6470" cleared="0"  />
  <object-monitors candidates="2" cleared="0"  />
</gc-op>
<gc-op id="4738" type="sweep" timems="4.841" contextid="4714" timestamp="2022-02-08T17:25:12.836" />
<gc-end id="4739" type="global" contextid="4714" durationms="203.234" usertimems="218.035" systemtimems="0.000" stalltimems="150.160" timestamp="2022-02-08T17:25:12.836" activeThreads="4">
  <mem-info id="4740" free="404612736" total="1073741824" percent="37">
    <mem type="nursery" free="97080120" total="268435456" percent="36">
      <mem type="allocate" free="97080120" total="183369728" percent="52" />
      <mem type="survivor" free="0" total="85065728" percent="0" />
    </mem>
    <mem type="tenure" free="307532616" total="805306368" percent="38" micro-fragmented="286964" macro-fragmented="0">
      <mem type="soa" free="299478856" total="797252608" percent="37" />
      <mem type="loa" free="8053760" total="8053760" percent="100" />
    </mem>
    <pending-finalizers system="57" default="0" reference="2" classloader="0" />
    <remembered-set count="103" />
  </mem-info>
</gc-end>
<cycle-end id="4741" type="global" contextid="4714" timestamp="2022-02-08T17:25:12.837" />
<exclusive-end id="4742" timestamp="2022-02-08T17:25:12.837" durationms="203.479" />

<exclusive-start id="4743" timestamp="2022-02-08T17:25:13.459" intervalms="825.387">
  <response-info timems="0.020" idlems="0.020" threads="0" lastid="0000000000016F00" lastname="main" />
</exclusive-start>
<af-start id="4744" threadId="0000000000017908" totalBytesRequested="184" timestamp="2022-02-08T17:25:13.459" intervalms="1049.710" type="nursery" />
<cycle-start id="4745" type="scavenge" contextid="0" timestamp="2022-02-08T17:25:13.459" intervalms="1049.711" />
<gc-start id="4746" type="scavenge" contextid="4745" timestamp="2022-02-08T17:25:13.459">
  <mem-info id="4747" free="307532616" total="1073741824" percent="28">
    <mem type="nursery" free="0" total="268435456" percent="0">
      <mem type="allocate" free="0" total="183369728" percent="0" />
      <mem type="survivor" free="0" total="85065728" percent="0" />
    </mem>
    <mem type="tenure" free="307532616" total="805306368" percent="38">
      <mem type="soa" free="299478856" total="797252608" percent="37" />
      <mem type="loa" free="8053760" total="8053760" percent="100" />
    </mem>
    <remembered-set count="106" />
  </mem-info>
</gc-start>
<allocation-stats totalBytes="97035536" >
  <allocated-bytes non-tlh="0" tlh="97035536" />
  <largest-consumer threadName="main" threadId="0000000000016F00" bytes="97031440" />
</allocation-stats>
<gc-op id="4748" type="scavenge" timems="91.316" contextid="4745" timestamp="2022-02-08T17:25:13.550">
  <scavenger-info tenureage="1" tenuremask="7ffe" tiltratio="68" />
  <memory-copied type="nursery" objects="1337771" bytes="75336008" bytesdiscarded="350400" />
  <memory-copied type="tenure" objects="1355090" bytes="77368552" bytesdiscarded="47704" />
  <finalization candidates="2" enqueued="0" />
  <ownableSynchronizers candidates="2" cleared="2" />
  <object-monitors candidates="2" cleared="0"  />
</gc-op>
<gc-end id="4749" type="scavenge" contextid="4745" durationms="91.795" usertimems="360.907" systemtimems="0.000" stalltimems="3.748" timestamp="2022-02-08T17:25:13.550" activeThreads="4">
  <mem-info id="4750" free="338004760" total="1073741824" percent="31">
    <mem type="nursery" free="108011000" total="268435456" percent="40">
      <mem type="allocate" free="108011000" total="183697408" percent="58" />
      <mem type="survivor" free="0" total="84738048" percent="0" />
    </mem>
    <mem type="tenure" free="229993760" total="805306368" percent="28" macro-fragmented="0">
      <mem type="soa" free="221940000" total="797252608" percent="27" />
      <mem type="loa" free="8053760" total="8053760" percent="100" />
    </mem>
    <remembered-set count="105" />
  </mem-info>
</gc-end>
<cycle-end id="4751" type="scavenge" contextid="4745" timestamp="2022-02-08T17:25:13.551" />
<allocation-satisfied id="4752" threadId="0000000000016F00" bytesRequested="184" />
<af-end id="4753" timestamp="2022-02-08T17:25:13.551" threadId="0000000000017908" success="true" from="nursery"/>
<exclusive-end id="4754" timestamp="2022-02-08T17:25:13.551" durationms="92.051" />

<exclusive-start id="4755" timestamp="2022-02-08T17:25:14.256" intervalms="797.906">
  <response-info timems="0.021" idlems="0.021" threads="0" lastid="0000000000016F00" lastname="main" />
</exclusive-start>
<af-start id="4756" threadId="0000000000017908" totalBytesRequested="152" timestamp="2022-02-08T17:25:14.257" intervalms="797.908" type="nursery" />
<cycle-start id="4757" type="scavenge" contextid="0" timestamp="2022-02-08T17:25:14.257" intervalms="797.909" />
<gc-start id="4758" type="scavenge" contextid="4757" timestamp="2022-02-08T17:25:14.257">
  <mem-info id="4759" free="229993760" total="1073741824" percent="21">
    <mem type="nursery" free="0" total="268435456" percent="0">
      <mem type="allocate" free="0" total="183697408" percent="0" />
      <mem type="survivor" free="0" total="84738048" percent="0" />
    </mem>
    <mem type="tenure" free="229993760" total="805306368" percent="28">
      <mem type="soa" free="221940000" total="797252608" percent="27" />
      <mem type="loa" free="8053760" total="8053760" percent="100" />
    </mem>
    <remembered-set count="119" />
  </mem-info>
</gc-start>
<allocation-stats totalBytes="107962416" >
  <allocated-bytes non-tlh="453888" tlh="107508528" />
  <largest-consumer threadName="main" threadId="0000000000016F00" bytes="107962416" />
</allocation-stats>
<gc-op id="4760" type="scavenge" timems="82.919" contextid="4757" timestamp="2022-02-08T17:25:14.340">
  <scavenger-info tenureage="1" tenuremask="7ffe" tiltratio="68" />
  <memory-copied type="nursery" objects="1359584" bytes="76879664" bytesdiscarded="160416" />
  <memory-copied type="tenure" objects="1337770" bytes="75335904" bytesdiscarded="41624" />
  <finalization candidates="30" enqueued="18" />
  <references type="phantom" candidates="30" cleared="0" enqueued="0" />
  <object-monitors candidates="2" cleared="0"  />
</gc-op>
<gc-end id="4761" type="scavenge" contextid="4757" durationms="83.704" usertimems="325.630" systemtimems="0.000" stalltimems="5.308" timestamp="2022-02-08T17:25:14.340" activeThreads="4">
  <mem-info id="4762" free="261234024" total="1073741824" percent="24">
    <mem type="nursery" free="106657328" total="268435456" percent="39">
      <mem type="allocate" free="106657328" total="183697408" percent="58" />
      <mem type="survivor" free="0" total="84738048" percent="0" />
    </mem>
    <mem type="tenure" free="154576696" total="805306368" percent="19" macro-fragmented="0">
      <mem type="soa" free="146522936" total="797252608" percent="18" />
      <mem type="loa" free="8053760" total="8053760" percent="100" />
    </mem>
    <pending-finalizers system="18" default="0" reference="0" classloader="0" />
    <remembered-set count="119" />
  </mem-info>
</gc-end>
<cycle-end id="4763" type="scavenge" contextid="4757" timestamp="2022-02-08T17:25:14.340" />
<allocation-satisfied id="4764" threadId="0000000000016F00" bytesRequested="152" />
<af-end id="4765" timestamp="2022-02-08T17:25:14.340" threadId="0000000000017908" success="true" from="nursery"/>
<exclusive-end id="4766" timestamp="2022-02-08T17:25:14.340" durationms="83.988" />

<concurrent-kickoff id="4767" timestamp="2022-02-08T17:25:15.156">
  <kickoff reason="threshold reached" targetBytes="74443757" thresholdFreeBytes="5746911"  remainingFree="5731888" tenureFreeBytes="154576696" nurseryFreeBytes="5731888" />
</concurrent-kickoff>
<exclusive-start id="4768" timestamp="2022-02-08T17:25:15.159" intervalms="902.600">
  <response-info timems="0.039" idlems="0.039" threads="0" lastid="0000000000016F00" lastname="main" />
</exclusive-start>
<cycle-start id="4769" type="global" contextid="0" timestamp="2022-02-08T17:25:15.159" intervalms="2866.290" />
<concurrent-start id="4770" type="global mark" contextid="4769" timestamp="2022-02-08T17:25:15.159">
</concurrent-start>
<exclusive-end id="4771" timestamp="2022-02-08T17:25:15.159" durationms="0.057" />

<exclusive-start id="4772" timestamp="2022-02-08T17:25:15.285" intervalms="126.352">
  <response-info timems="0.049" idlems="0.049" threads="0" lastid="0000000000016F00" lastname="main" />
</exclusive-start>
<af-start id="4773" threadId="0000000000017908" totalBytesRequested="104" timestamp="2022-02-08T17:25:15.285" intervalms="1028.950" type="nursery" />
<cycle-start id="4774" type="scavenge" contextid="0" timestamp="2022-02-08T17:25:15.286" intervalms="1028.949" />
<gc-start id="4775" type="scavenge" contextid="4774" timestamp="2022-02-08T17:25:15.286">
  <mem-info id="4776" free="154576696" total="1073741824" percent="14">
    <mem type="nursery" free="0" total="268435456" percent="0">
      <mem type="allocate" free="0" total="183697408" percent="0" />
      <mem type="survivor" free="0" total="84738048" percent="0" />
    </mem>
    <mem type="tenure" free="154576696" total="805306368" percent="19">
      <mem type="soa" free="146522936" total="797252608" percent="18" />
      <mem type="loa" free="8053760" total="8053760" percent="100" />
    </mem>
    <remembered-set count="136" />
  </mem-info>
</gc-start>
<allocation-stats totalBytes="106611592" >
  <allocated-bytes non-tlh="2387896" tlh="104223696" />
  <largest-consumer threadName="main" threadId="0000000000016F00" bytes="106607496" />
</allocation-stats>
<gc-op id="4777" type="scavenge" timems="75.616" contextid="4774" timestamp="2022-02-08T17:25:15.361">
  <scavenger-info tenureage="1" tenuremask="7ffe" tiltratio="68" />
  <memory-copied type="nursery" objects="1418038" bytes="75280824" bytesdiscarded="50856" />
  <memory-copied type="tenure" objects="1359284" bytes="76266832" bytesdiscarded="39504" />
  <finalization candidates="92" enqueued="35" />
  <references type="soft" candidates="14" cleared="0" enqueued="0" dynamicThreshold="12" maxThreshold="32" />
  <references type="weak" candidates="1" cleared="0" enqueued="0" />
  <references type="phantom" candidates="77" cleared="7" enqueued="7" />
  <object-monitors candidates="2" cleared="0"  />
</gc-op>
<gc-end id="4778" type="scavenge" contextid="4774" durationms="76.095" usertimems="298.558" systemtimems="0.550" stalltimems="2.916" timestamp="2022-02-08T17:25:15.362" activeThreads="4">
  <mem-info id="4779" free="187017808" total="1073741824" percent="17">
    <mem type="nursery" free="108693280" total="268435456" percent="40">
      <mem type="allocate" free="108693280" total="184025088" percent="59" />
      <mem type="survivor" free="0" total="84410368" percent="0" />
    </mem>
    <mem type="tenure" free="78324528" total="805306368" percent="9" macro-fragmented="0">
      <mem type="soa" free="70270768" total="797252608" percent="8" />
      <mem type="loa" free="8053760" total="8053760" percent="100" />
    </mem>
    <pending-finalizers system="34" default="1" reference="7" classloader="0" />
    <remembered-set count="121" />
  </mem-info>
</gc-end>
<cycle-end id="4780" type="scavenge" contextid="4774" timestamp="2022-02-08T17:25:15.362" />
<allocation-satisfied id="4781" threadId="0000000000016F00" bytesRequested="104" />
<af-end id="4782" timestamp="2022-02-08T17:25:15.362" threadId="0000000000017908" success="true" from="nursery"/>
<exclusive-end id="4783" timestamp="2022-02-08T17:25:15.362" durationms="76.393" />

<concurrent-end id="4784" type="global mark" contextid="4769" timestamp="2022-02-08T17:25:15.486">
<gc-op id="4785" type="trace" timems="326.709" contextid="4769" timestamp="2022-02-08T17:25:15.486">
  <trace bytesTraced="74443788" workStackOverflowCount="0" />
  <card-cleaning reason="card cleaning threshold reached" bytesTraced="1000" cardsCleaned="2" />
</gc-op>
</concurrent-end>

<exclusive-start id="4786" timestamp="2022-02-08T17:25:15.486" intervalms="200.456">
  <response-info timems="0.019" idlems="0.019" threads="0" lastid="0000000000016F00" lastname="main" />
</exclusive-start>
<concurrent-global-final id="4787" timestamp="2022-02-08T17:25:15.486" contextid="4769" intervalms="2852.701" >
  <concurrent-trace-info reason="card cleaning threshold reached" tracedByMutators="58711804" tracedByHelpers="15732984" cardsCleaned="2" workStackOverflowCount="0" />
</concurrent-global-final>
<gc-start id="4788" type="global" contextid="4769" timestamp="2022-02-08T17:25:15.486">
  <mem-info id="4789" free="179046888" total="1073741824" percent="16">
    <mem type="nursery" free="100722360" total="268435456" percent="37">
      <mem type="allocate" free="100722360" total="184025088" percent="54" />
      <mem type="survivor" free="0" total="84410368" percent="0" />
    </mem>
    <mem type="tenure" free="78324528" total="805306368" percent="9">
      <mem type="soa" free="70270768" total="797252608" percent="8" />
      <mem type="loa" free="8053760" total="8053760" percent="100" />
    </mem>
    <remembered-set count="122" />
  </mem-info>
</gc-start>
<allocation-stats totalBytes="7967472" >
  <allocated-bytes non-tlh="104" tlh="7967368" />
  <largest-consumer threadName="main" threadId="0000000000016F00" bytes="7959280" />
</allocation-stats>
<gc-op id="4790" type="rs-scan" timems="136.386" contextid="4769" timestamp="2022-02-08T17:25:15.622">
  <scan objectsFound="3324744" bytesTraced="71015600" workStackOverflowCount="0" />
</gc-op>
<gc-op id="4791" type="card-cleaning" timems="0.376" contextid="4769" timestamp="2022-02-08T17:25:15.623">
  <card-cleaning cardsCleaned="4" bytesTraced="1968" workStackOverflowCount="0" />
</gc-op>
<gc-op id="4792" type="mark" timems="44.156" contextid="4769" timestamp="2022-02-08T17:25:15.667">
  <trace-info objectcount="1299957" scancount="976494" scanbytes="20899592" />
  <finalization candidates="428" enqueued="57" />
  <ownableSynchronizers candidates="1" cleared="0" />
  <references type="soft" candidates="894" cleared="0" enqueued="0" dynamicThreshold="12" maxThreshold="32" />
  <references type="weak" candidates="1701" cleared="0" enqueued="0" />
  <references type="phantom" candidates="52" cleared="2" enqueued="2" />
  <stringconstants candidates="6470" cleared="0"  />
  <object-monitors candidates="2" cleared="0"  />
</gc-op>
<gc-op id="4793" type="sweep" timems="4.578" contextid="4769" timestamp="2022-02-08T17:25:15.672" />
<gc-end id="4794" type="global" contextid="4769" durationms="185.894" usertimems="241.699" systemtimems="0.503" stalltimems="89.848" timestamp="2022-02-08T17:25:15.672" activeThreads="4">
  <mem-info id="4795" free="422364200" total="1073741824" percent="39">
    <mem type="nursery" free="101189640" total="268435456" percent="37">
      <mem type="allocate" free="101189640" total="184025088" percent="54" />
      <mem type="survivor" free="0" total="84410368" percent="0" />
    </mem>
    <mem type="tenure" free="321174560" total="805306368" percent="39" micro-fragmented="280797" macro-fragmented="0">
      <mem type="soa" free="313120800" total="797252608" percent="39" />
      <mem type="loa" free="8053760" total="8053760" percent="100" />
    </mem>
    <pending-finalizers system="57" default="0" reference="2" classloader="0" />
    <remembered-set count="109" />
  </mem-info>
</gc-end>
<cycle-end id="4796" type="global" contextid="4769" timestamp="2022-02-08T17:25:15.672" />
<exclusive-end id="4797" timestamp="2022-02-08T17:25:15.672" durationms="186.121" />

<exclusive-start id="4798" timestamp="2022-02-08T17:25:16.361" intervalms="875.249">
  <response-info timems="0.018" idlems="0.018" threads="0" lastid="0000000000016F00" lastname="main" />
</exclusive-start>
<af-start id="4799" threadId="0000000000017908" totalBytesRequested="184" timestamp="2022-02-08T17:25:16.361" intervalms="1075.706" type="nursery" />
<cycle-start id="4800" type="scavenge" contextid="0" timestamp="2022-02-08T17:25:16.361" intervalms="1075.706" />
<gc-start id="4801" type="scavenge" contextid="4800" timestamp="2022-02-08T17:25:16.361">
  <mem-info id="4802" free="321174560" total="1073741824" percent="29">
    <mem type="nursery" free="0" total="268435456" percent="0">
      <mem type="allocate" free="0" total="184025088" percent="0" />
      <mem type="survivor" free="0" total="84410368" percent="0" />
    </mem>
    <mem type="tenure" free="321174560" total="805306368" percent="39">
      <mem type="soa" free="313120800" total="797252608" percent="39" />
      <mem type="loa" free="8053760" total="8053760" percent="100" />
    </mem>
    <remembered-set count="110" />
  </mem-info>
</gc-start>
<allocation-stats totalBytes="101145600" >
  <allocated-bytes non-tlh="0" tlh="101145600" />
  <largest-consumer threadName="main" threadId="0000000000016F00" bytes="101141504" />
</allocation-stats>
<gc-op id="4803" type="scavenge" timems="91.569" contextid="4800" timestamp="2022-02-08T17:25:16.453">
  <scavenger-info tenureage="1" tenuremask="7ffe" tiltratio="68" />
  <memory-copied type="nursery" objects="1407095" bytes="77622040" bytesdiscarded="177896" />
  <memory-copied type="tenure" objects="1417557" bytes="74969080" bytesdiscarded="42568" />
  <finalization candidates="45" enqueued="0" />
  <ownableSynchronizers candidates="2" cleared="2" />
  <object-monitors candidates="2" cleared="0"  />
</gc-op>
<gc-end id="4804" type="scavenge" contextid="4800" durationms="91.945" usertimems="351.329" systemtimems="1.828" stalltimems="11.496" timestamp="2022-02-08T17:25:16.453" activeThreads="4">
  <mem-info id="4805" free="350658944" total="1073741824" percent="32">
    <mem type="nursery" free="104652288" total="268435456" percent="38">
      <mem type="allocate" free="104652288" total="182452224" percent="57" />
      <mem type="survivor" free="0" total="85983232" percent="0" />
    </mem>
    <mem type="tenure" free="246006656" total="805306368" percent="30" macro-fragmented="0">
      <mem type="soa" free="237952896" total="797252608" percent="29" />
      <mem type="loa" free="8053760" total="8053760" percent="100" />
    </mem>
    <remembered-set count="104" />
  </mem-info>
</gc-end>
<cycle-end id="4806" type="scavenge" contextid="4800" timestamp="2022-02-08T17:25:16.453" />
<allocation-satisfied id="4807" threadId="0000000000016F00" bytesRequested="184" />
<af-end id="4808" timestamp="2022-02-08T17:25:16.453" threadId="0000000000017908" success="true" from="nursery"/>
<exclusive-end id="4809" timestamp="2022-02-08T17:25:16.453" durationms="92.238" />

<exclusive-start id="4810" timestamp="2022-02-08T17:25:17.078" intervalms="717.253">
  <response-info timems="0.018" idlems="0.018" threads="0" lastid="0000000000016F00" lastname="main" />
</exclusive-start>
<af-start id="4811" threadId="0000000000017908" totalBytesRequested="176" timestamp="2022-02-08T17:25:17.078" intervalms="717.252" type="nursery" />
<cycle-start id="4812" type="scavenge" contextid="0" timestamp="2022-02-08T17:25:17.078" intervalms="717.250" />
<gc-start id="4813" type="scavenge" contextid="4812" timestamp="2022-02-08T17:25:17.079">
  <mem-info id="4814" free="246006656" total="1073741824" percent="22">
    <mem type="nursery" free="0" total="268435456" percent="0">
      <mem type="allocate" free="0" total="182452224" percent="0" />
      <mem type="survivor" free="0" total="85983232" percent="0" />
    </mem>
    <mem type="tenure" free="246006656" total="805306368" percent="30">
      <mem type="soa" free="237952896" total="797252608" percent="29" />
      <mem type="loa" free="8053760" total="8053760" percent="100" />
    </mem>
    <remembered-set count="104" />
  </mem-info>
</gc-start>
<allocation-stats totalBytes="104603296" >
  <allocated-bytes non-tlh="184" tlh="104603112" />
  <largest-consumer threadName="main" threadId="0000000000016F00" bytes="104603296" />
</allocation-stats>
<gc-op id="4815" type="scavenge" timems="91.246" contextid="4812" timestamp="2022-02-08T17:25:17.170">
  <scavenger-info tenureage="1" tenuremask="7ffe" tiltratio="67" />
  <memory-copied type="nursery" objects="1306333" bytes="74374120" bytesdiscarded="165632" />
  <memory-copied type="tenure" objects="1407094" bytes="77621936" bytesdiscarded="42664" />
  <object-monitors candidates="2" cleared="0"  />
</gc-op>
<gc-end id="4816" type="scavenge" contextid="4812" durationms="91.638" usertimems="355.844" systemtimems="4.076" stalltimems="3.999" timestamp="2022-02-08T17:25:17.170" activeThreads="4">
  <mem-info id="4817" free="276537984" total="1073741824" percent="25">
    <mem type="nursery" free="108305688" total="268435456" percent="40">
      <mem type="allocate" free="108305688" total="182845440" percent="59" />
      <mem type="survivor" free="0" total="85590016" percent="0" />
    </mem>
    <mem type="tenure" free="168232296" total="805306368" percent="20" macro-fragmented="39939376">
      <mem type="soa" free="160178536" total="797252608" percent="20" />
      <mem type="loa" free="8053760" total="8053760" percent="100" />
    </mem>
    <remembered-set count="104" />
  </mem-info>
</gc-end>
<cycle-end id="4818" type="scavenge" contextid="4812" timestamp="2022-02-08T17:25:17.170" />
<allocation-satisfied id="4819" threadId="0000000000016F00" bytesRequested="176" />
<af-end id="4820" timestamp="2022-02-08T17:25:17.170" threadId="0000000000017908" success="true" from="nursery"/>
<exclusive-end id="4821" timestamp="2022-02-08T17:25:17.170" durationms="91.881" />

<exclusive-start id="4822" timestamp="2022-02-08T17:25:18.059" intervalms="980.925">
  <response-info timems="0.017" idlems="0.017" threads="0" lastid="0000000000016F00" lastname="main" />
</exclusive-start>
<af-start id="4823" threadId="0000000000017908" totalBytesRequested="16" timestamp="2022-02-08T17:25:18.059" intervalms="980.935" type="nursery" />
<cycle-start id="4824" type="scavenge" contextid="0" timestamp="2022-02-08T17:25:18.059" intervalms="980.938" />
<gc-start id="4825" type="scavenge" contextid="4824" timestamp="2022-02-08T17:25:18.059">
  <mem-info id="4826" free="168232296" total="1073741824" percent="15">
    <mem type="nursery" free="0" total="268435456" percent="0">
      <mem type="allocate" free="0" total="182845440" percent="0" />
      <mem type="survivor" free="0" total="85590016" percent="0" />
    </mem>
    <mem type="tenure" free="168232296" total="805306368" percent="20">
      <mem type="soa" free="160178536" total="797252608" percent="20" />
      <mem type="loa" free="8053760" total="8053760" percent="100" />
    </mem>
    <remembered-set count="134" />
  </mem-info>
</gc-start>
<allocation-stats totalBytes="108256984" >
  <allocated-bytes non-tlh="2938424" tlh="105318560" />
  <largest-consumer threadName="main" threadId="0000000000016F00" bytes="108256984" />
</allocation-stats>
<gc-op id="4827" type="scavenge" timems="75.204" contextid="4824" timestamp="2022-02-08T17:25:18.135">
  <scavenger-info tenureage="1" tenuremask="7ffe" tiltratio="68" />
  <memory-copied type="nursery" objects="1459490" bytes="76137704" bytesdiscarded="167992" />
  <memory-copied type="tenure" objects="1306332" bytes="74374024" bytesdiscarded="42696" />
  <finalization candidates="110" enqueued="53" />
  <references type="soft" candidates="14" cleared="0" enqueued="0" dynamicThreshold="12" maxThreshold="32" />
  <references type="weak" candidates="1" cleared="0" enqueued="0" />
  <references type="phantom" candidates="95" cleared="7" enqueued="7" />
  <object-monitors candidates="2" cleared="0"  />
</gc-op>
<gc-end id="4828" type="scavenge" contextid="4824" durationms="75.594" usertimems="296.853" systemtimems="0.000" stalltimems="3.673" timestamp="2022-02-08T17:25:18.135" activeThreads="4">
  <mem-info id="4829" free="200792432" total="1073741824" percent="18">
    <mem type="nursery" free="106867296" total="268435456" percent="39">
      <mem type="allocate" free="106867296" total="183173120" percent="58" />
      <mem type="survivor" free="0" total="85262336" percent="0" />
    </mem>
    <mem type="tenure" free="93925136" total="805306368" percent="11" macro-fragmented="57512708">
      <mem type="soa" free="85871376" total="797252608" percent="10" />
      <mem type="loa" free="8053760" total="8053760" percent="100" />
    </mem>
    <pending-finalizers system="52" default="1" reference="7" classloader="0" />
    <remembered-set count="129" />
  </mem-info>
</gc-end>
<cycle-end id="4830" type="scavenge" contextid="4824" timestamp="2022-02-08T17:25:18.135" />
<allocation-satisfied id="4831" threadId="0000000000016F00" bytesRequested="16" />
<af-end id="4832" timestamp="2022-02-08T17:25:18.135" threadId="0000000000017908" success="true" from="nursery"/>
<exclusive-end id="4833" timestamp="2022-02-08T17:25:18.135" durationms="75.847" />

<concurrent-kickoff id="4834" timestamp="2022-02-08T17:25:18.822">
  <kickoff reason="threshold reached" targetBytes="74443965" thresholdFreeBytes="5747026"  remainingFree="5745248" tenureFreeBytes="93925136" nurseryFreeBytes="5745248" />
</concurrent-kickoff>
<exclusive-start id="4835" timestamp="2022-02-08T17:25:18.826" intervalms="766.656">
  <response-info timems="0.022" idlems="0.022" threads="0" lastid="0000000000016F00" lastname="main" />
</exclusive-start>
<cycle-start id="4836" type="global" contextid="0" timestamp="2022-02-08T17:25:18.826" intervalms="3666.860" />
<concurrent-start id="4837" type="global mark" contextid="4836" timestamp="2022-02-08T17:25:18.826">
</concurrent-start>
<exclusive-end id="4838" timestamp="2022-02-08T17:25:18.826" durationms="0.026" />

<exclusive-start id="4839" timestamp="2022-02-08T17:25:18.951" intervalms="124.737">
  <response-info timems="0.031" idlems="0.031" threads="0" lastid="0000000000016F00" lastname="main" />
</exclusive-start>
<af-start id="4840" threadId="0000000000017908" totalBytesRequested="104" timestamp="2022-02-08T17:25:18.951" intervalms="891.395" type="nursery" />
<cycle-start id="4841" type="scavenge" contextid="0" timestamp="2022-02-08T17:25:18.951" intervalms="891.395" />
<gc-start id="4842" type="scavenge" contextid="4841" timestamp="2022-02-08T17:25:18.951">
  <mem-info id="4843" free="93925136" total="1073741824" percent="8">
    <mem type="nursery" free="0" total="268435456" percent="0">
      <mem type="allocate" free="0" total="183173120" percent="0" />
      <mem type="survivor" free="0" total="85262336" percent="0" />
    </mem>
    <mem type="tenure" free="93925136" total="805306368" percent="11">
      <mem type="soa" free="85871376" total="797252608" percent="10" />
      <mem type="loa" free="8053760" total="8053760" percent="100" />
    </mem>
    <remembered-set count="130" />
  </mem-info>
</gc-start>
<allocation-stats totalBytes="106815376" >
  <allocated-bytes non-tlh="16" tlh="106815360" />
  <largest-consumer threadName="main" threadId="0000000000016F00" bytes="106807184" />
</allocation-stats>
<gc-op id="4844" type="scavenge" timems="78.338" contextid="4841" timestamp="2022-02-08T17:25:19.029">
  <scavenger-info tenureage="1" tenuremask="7ffe" tiltratio="68" />
  <memory-copied type="nursery" objects="1368969" bytes="76065032" bytesdiscarded="275704" />
  <memory-copied type="tenure" objects="1458779" bytes="75669848" bytesdiscarded="36328" />
  <finalization candidates="57" enqueued="0" />
  <object-monitors candidates="2" cleared="0"  />
</gc-op>
<gc-end id="4845" type="scavenge" contextid="4841" durationms="78.842" usertimems="310.331" systemtimems="0.000" stalltimems="2.537" timestamp="2022-02-08T17:25:19.030" activeThreads="4">
  <mem-info id="4846" free="125629888" total="1073741824" percent="11">
    <mem type="nursery" free="107422208" total="268435456" percent="40">
      <mem type="allocate" free="107422208" total="183762944" percent="58" />
      <mem type="survivor" free="0" total="84672512" percent="0" />
    </mem>
    <mem type="tenure" free="18207680" total="805306368" percent="2" macro-fragmented="0">
      <mem type="soa" free="10153920" total="797252608" percent="1" />
      <mem type="loa" free="8053760" total="8053760" percent="100" />
    </mem>
    <remembered-set count="102" />
  </mem-info>
</gc-end>
<cycle-end id="4847" type="scavenge" contextid="4841" timestamp="2022-02-08T17:25:19.030" />
<allocation-satisfied id="4848" threadId="0000000000016F00" bytesRequested="104" />
<af-end id="4849" timestamp="2022-02-08T17:25:19.030" threadId="0000000000017908" success="true" from="nursery"/>
<exclusive-end id="4850" timestamp="2022-02-08T17:25:19.030" durationms="79.170" />

<concurrent-end id="4851" type="global mark" contextid="4836" timestamp="2022-02-08T17:25:19.152">
<gc-op id="4852" type="trace" timems="326.265" contextid="4836" timestamp="2022-02-08T17:25:19.152">
  <trace bytesTraced="74443948" workStackOverflowCount="0" />
  <card-cleaning reason="card cleaning threshold reached" bytesTraced="1000" cardsCleaned="2" />
</gc-op>
</concurrent-end>

<exclusive-start id="4853" timestamp="2022-02-08T17:25:19.152" intervalms="201.593">
  <response-info timems="0.018" idlems="0.018" threads="0" lastid="0000000000016F00" lastname="main" />
</exclusive-start>
<concurrent-global-final id="4854" timestamp="2022-02-08T17:25:19.152" contextid="4836" intervalms="3666.413" >
  <concurrent-trace-info reason="card cleaning threshold reached" tracedByMutators="58108672" tracedByHelpers="16336276" cardsCleaned="2" workStackOverflowCount="0" />
</concurrent-global-final>
<gc-start id="4855" type="global" contextid="4836" timestamp="2022-02-08T17:25:19.152">
  <mem-info id="4856" free="118060376" total="1073741824" percent="10">
    <mem type="nursery" free="99852696" total="268435456" percent="37">
      <mem type="allocate" free="99852696" total="183762944" percent="54" />
      <mem type="survivor" free="0" total="84672512" percent="0" />
    </mem>
    <mem type="tenure" free="18207680" total="805306368" percent="2">
      <mem type="soa" free="10153920" total="797252608" percent="1" />
      <mem type="loa" free="8053760" total="8053760" percent="100" />
    </mem>
    <remembered-set count="102" />
  </mem-info>
</gc-start>
<allocation-stats totalBytes="7566264" >
  <allocated-bytes non-tlh="104" tlh="7566160" />
  <largest-consumer threadName="main" threadId="0000000000016F00" bytes="7566264" />
</allocation-stats>
<gc-op id="4857" type="rs-scan" timems="0.537" contextid="4836" timestamp="2022-02-08T17:25:19.153">
  <scan objectsFound="0" bytesTraced="3836" workStackOverflowCount="0" />
</gc-op>
<gc-op id="4858" type="card-cleaning" timems="145.867" contextid="4836" timestamp="2022-02-08T17:25:19.299">
  <card-cleaning cardsCleaned="10" bytesTraced="71014756" workStackOverflowCount="0" />
</gc-op>
<gc-op id="4859" type="mark" timems="65.146" contextid="4836" timestamp="2022-02-08T17:25:19.364">
  <trace-info objectcount="2412787" scancount="1811118" scanbytes="38704872" />
  <finalization candidates="428" enqueued="57" />
  <ownableSynchronizers candidates="1" cleared="0" />
  <references type="soft" candidates="894" cleared="0" enqueued="0" dynamicThreshold="12" maxThreshold="32" />
  <references type="weak" candidates="1701" cleared="0" enqueued="0" />
  <references type="phantom" candidates="52" cleared="2" enqueued="2" />
  <stringconstants candidates="6470" cleared="0"  />
  <object-monitors candidates="2" cleared="0"  />
</gc-op>
<gc-op id="4860" type="sweep" timems="5.034" contextid="4836" timestamp="2022-02-08T17:25:19.370" />
<gc-end id="4861" type="global" contextid="4836" durationms="217.442" usertimems="232.337" systemtimems="0.306" stalltimems="195.021" timestamp="2022-02-08T17:25:19.370" activeThreads="4">
  <mem-info id="4862" free="361326864" total="1073741824" percent="33">
    <mem type="nursery" free="100220448" total="268435456" percent="37">
      <mem type="allocate" free="100220448" total="183762944" percent="54" />
      <mem type="survivor" free="0" total="84672512" percent="0" />
    </mem>
    <mem type="tenure" free="261106416" total="805306368" percent="32" micro-fragmented="309261" macro-fragmented="0">
      <mem type="soa" free="253052656" total="797252608" percent="31" />
      <mem type="loa" free="8053760" total="8053760" percent="100" />
    </mem>
    <pending-finalizers system="57" default="0" reference="2" classloader="0" />
    <remembered-set count="102" />
  </mem-info>
</gc-end>
<cycle-end id="4863" type="global" contextid="4836" timestamp="2022-02-08T17:25:19.370" />
<exclusive-end id="4864" timestamp="2022-02-08T17:25:19.370" durationms="217.635" />

<exclusive-start id="4865" timestamp="2022-02-08T17:25:19.963" intervalms="811.154">
  <response-info timems="0.019" idlems="0.019" threads="0" lastid="0000000000016F00" lastname="main" />
</exclusive-start>
<af-start id="4866" threadId="0000000000017908" totalBytesRequested="184" timestamp="2022-02-08T17:25:19.964" intervalms="1012.736" type="nursery" />
<cycle-start id="4867" type="scavenge" contextid="0" timestamp="2022-02-08T17:25:19.964" intervalms="1012.735" />
<gc-start id="4868" type="scavenge" contextid="4867" timestamp="2022-02-08T17:25:19.964">
  <mem-info id="4869" free="261106416" total="1073741824" percent="24">
    <mem type="nursery" free="0" total="268435456" percent="0">
      <mem type="allocate" free="0" total="183762944" percent="0" />
      <mem type="survivor" free="0" total="84672512" percent="0" />
    </mem>
    <mem type="tenure" free="261106416" total="805306368" percent="32">
      <mem type="soa" free="253052656" total="797252608" percent="31" />
      <mem type="loa" free="8053760" total="8053760" percent="100" />
    </mem>
    <remembered-set count="105" />
  </mem-info>
</gc-start>
<allocation-stats totalBytes="100174216" >
  <allocated-bytes non-tlh="0" tlh="100174216" />
  <largest-consumer threadName="main" threadId="0000000000016F00" bytes="100170120" />
</allocation-stats>
<gc-op id="4870" type="scavenge" timems="84.714" contextid="4867" timestamp="2022-02-08T17:25:20.048">
  <scavenger-info tenureage="1" tenuremask="7ffe" tiltratio="68" />
  <memory-copied type="nursery" objects="1357435" bytes="76525784" bytesdiscarded="74728" />
  <memory-copied type="tenure" objects="1368969" bytes="76065032" bytesdiscarded="47240" />
  <ownableSynchronizers candidates="2" cleared="2" />
  <object-monitors candidates="2" cleared="0"  />
</gc-op>
<gc-end id="4871" type="scavenge" contextid="4867" durationms="85.132" usertimems="334.334" systemtimems="1.077" stalltimems="2.577" timestamp="2022-02-08T17:25:20.049" activeThreads="4">
  <mem-info id="4872" free="292037152" total="1073741824" percent="27">
    <mem type="nursery" free="107424576" total="268435456" percent="40">
      <mem type="allocate" free="107424576" total="184025088" percent="58" />
      <mem type="survivor" free="0" total="84410368" percent="0" />
    </mem>
    <mem type="tenure" free="184612576" total="805306368" percent="22" macro-fragmented="0">
      <mem type="soa" free="176558816" total="797252608" percent="22" />
      <mem type="loa" free="8053760" total="8053760" percent="100" />
    </mem>
    <remembered-set count="105" />
  </mem-info>
</gc-end>
<cycle-end id="4873" type="scavenge" contextid="4867" timestamp="2022-02-08T17:25:20.049" />
<allocation-satisfied id="4874" threadId="0000000000016F00" bytesRequested="184" />
<af-end id="4875" timestamp="2022-02-08T17:25:20.049" threadId="0000000000017908" success="true" from="nursery"/>
<exclusive-end id="4876" timestamp="2022-02-08T17:25:20.049" durationms="85.426" />

<exclusive-start id="4877" timestamp="2022-02-08T17:25:20.921" intervalms="957.876">
  <response-info timems="0.018" idlems="0.018" threads="0" lastid="0000000000016F00" lastname="main" />
</exclusive-start>
<af-start id="4878" threadId="0000000000017908" totalBytesRequested="1347680" timestamp="2022-02-08T17:25:20.921" intervalms="957.886" type="nursery" />
<cycle-start id="4879" type="scavenge" contextid="0" timestamp="2022-02-08T17:25:20.921" intervalms="957.889" />
<gc-start id="4880" type="scavenge" contextid="4879" timestamp="2022-02-08T17:25:20.922">
  <mem-info id="4881" free="185344544" total="1073741824" percent="17">
    <mem type="nursery" free="731968" total="268435456" percent="0">
      <mem type="allocate" free="731968" total="184025088" percent="0" />
      <mem type="survivor" free="0" total="84410368" percent="0" />
    </mem>
    <mem type="tenure" free="184612576" total="805306368" percent="22">
      <mem type="soa" free="176558816" total="797252608" percent="22" />
      <mem type="loa" free="8053760" total="8053760" percent="100" />
    </mem>
    <remembered-set count="136" />
  </mem-info>
</gc-start>
<allocation-stats totalBytes="106643656" >
  <allocated-bytes non-tlh="1493952" tlh="105149704" />
  <largest-consumer threadName="main" threadId="0000000000016F00" bytes="106643656" />
</allocation-stats>
<gc-op id="4882" type="scavenge" timems="87.566" contextid="4879" timestamp="2022-02-08T17:25:21.009">
  <scavenger-info tenureage="1" tenuremask="7ffe" tiltratio="68" />
  <memory-copied type="nursery" objects="1433491" bytes="74521360" bytesdiscarded="222336" />
  <memory-copied type="tenure" objects="1357434" bytes="76525680" bytesdiscarded="37688" />
  <finalization candidates="110" enqueued="53" />
  <references type="soft" candidates="14" cleared="0" enqueued="0" dynamicThreshold="10" maxThreshold="32" />
  <references type="weak" candidates="1" cleared="0" enqueued="0" />
  <references type="phantom" candidates="95" cleared="7" enqueued="7" />
  <object-monitors candidates="2" cleared="0"  />
</gc-op>
<gc-end id="4883" type="scavenge" contextid="4879" durationms="88.175" usertimems="345.641" systemtimems="0.000" stalltimems="3.643" timestamp="2022-02-08T17:25:21.010" activeThreads="4">
  <mem-info id="4884" free="217957024" total="1073741824" percent="20">
    <mem type="nursery" free="109674480" total="268435456" percent="40">
      <mem type="allocate" free="109674480" total="184418304" percent="59" />
      <mem type="survivor" free="0" total="84017152" percent="0" />
    </mem>
    <mem type="tenure" free="108282544" total="805306368" percent="13" macro-fragmented="0">
      <mem type="soa" free="100228784" total="797252608" percent="12" />
      <mem type="loa" free="8053760" total="8053760" percent="100" />
    </mem>
    <pending-finalizers system="52" default="1" reference="7" classloader="0" />
    <remembered-set count="132" />
  </mem-info>
</gc-end>
<cycle-end id="4885" type="scavenge" contextid="4879" timestamp="2022-02-08T17:25:21.010" />
<allocation-satisfied id="4886" threadId="0000000000016F00" bytesRequested="1347680" />
<af-end id="4887" timestamp="2022-02-08T17:25:21.010" threadId="0000000000017908" success="true" from="nursery"/>
<exclusive-end id="4888" timestamp="2022-02-08T17:25:21.010" durationms="88.594" />

<concurrent-kickoff id="4889" timestamp="2022-02-08T17:25:21.715">
  <kickoff reason="threshold reached" targetBytes="74444158" thresholdFreeBytes="5747143"  remainingFree="5722000" tenureFreeBytes="108282544" nurseryFreeBytes="5722000" />
</concurrent-kickoff>
<exclusive-start id="4890" timestamp="2022-02-08T17:25:21.717" intervalms="796.015">
  <response-info timems="0.018" idlems="0.018" threads="0" lastid="0000000000016F00" lastname="main" />
</exclusive-start>
<cycle-start id="4891" type="global" contextid="0" timestamp="2022-02-08T17:25:21.717" intervalms="2891.376" />
<concurrent-start id="4892" type="global mark" contextid="4891" timestamp="2022-02-08T17:25:21.717">
</concurrent-start>
<exclusive-end id="4893" timestamp="2022-02-08T17:25:21.717" durationms="0.027" />

<exclusive-start id="4894" timestamp="2022-02-08T17:25:21.811" intervalms="93.450">
  <response-info timems="4.566" idlems="2.289" threads="1" lastid="00000000001C3D00" lastname="Concurrent Mark Helper" />
</exclusive-start>
<af-start id="4895" threadId="0000000000017908" totalBytesRequested="128" timestamp="2022-02-08T17:25:21.811" intervalms="889.469" type="nursery" />
<cycle-start id="4896" type="scavenge" contextid="0" timestamp="2022-02-08T17:25:21.811" intervalms="889.467" />
<gc-start id="4897" type="scavenge" contextid="4896" timestamp="2022-02-08T17:25:21.811">
  <mem-info id="4898" free="108282544" total="1073741824" percent="10">
    <mem type="nursery" free="0" total="268435456" percent="0">
      <mem type="allocate" free="0" total="184418304" percent="0" />
      <mem type="survivor" free="0" total="84017152" percent="0" />
    </mem>
    <mem type="tenure" free="108282544" total="805306368" percent="13">
      <mem type="soa" free="100228784" total="797252608" percent="12" />
      <mem type="loa" free="8053760" total="8053760" percent="100" />
    </mem>
    <remembered-set count="133" />
  </mem-info>
</gc-start>
<allocation-stats totalBytes="109623304" >
  <allocated-bytes non-tlh="1347680" tlh="108275624" />
  <largest-consumer threadName="main" threadId="0000000000016F00" bytes="109615112" />
</allocation-stats>
<gc-op id="4899" type="scavenge" timems="97.199" contextid="4896" timestamp="2022-02-08T17:25:21.908">
  <scavenger-info tenureage="1" tenuremask="7ffe" tiltratio="68" />
  <memory-copied type="nursery" objects="1393285" bytes="78476400" bytesdiscarded="241632" />
  <memory-copied type="tenure" objects="1432780" bytes="74053504" bytesdiscarded="39928" />
  <finalization candidates="57" enqueued="0" />
  <object-monitors candidates="2" cleared="0"  />
</gc-op>
<gc-end id="4900" type="scavenge" contextid="4896" durationms="97.572" usertimems="383.057" systemtimems="0.491" stalltimems="2.777" timestamp="2022-02-08T17:25:21.908" activeThreads="4">
  <mem-info id="4901" free="135752024" total="1073741824" percent="12">
    <mem type="nursery" free="101637040" total="268435456" percent="37">
      <mem type="allocate" free="101637040" total="180355072" percent="56" />
      <mem type="survivor" free="0" total="88080384" percent="0" />
    </mem>
    <mem type="tenure" free="34114984" total="805306368" percent="4" macro-fragmented="0">
      <mem type="soa" free="26061224" total="797252608" percent="3" />
      <mem type="loa" free="8053760" total="8053760" percent="100" />
    </mem>
    <remembered-set count="99" />
  </mem-info>
</gc-end>
<cycle-end id="4902" type="scavenge" contextid="4896" timestamp="2022-02-08T17:25:21.909" />
<allocation-satisfied id="4903" threadId="0000000000016F00" bytesRequested="128" />
<af-end id="4904" timestamp="2022-02-08T17:25:21.909" threadId="0000000000017908" success="true" from="nursery"/>
<exclusive-end id="4905" timestamp="2022-02-08T17:25:21.909" durationms="97.894" />

<concurrent-end id="4906" type="global mark" contextid="4891" timestamp="2022-02-08T17:25:22.093">
<gc-op id="4907" type="trace" timems="375.502" contextid="4891" timestamp="2022-02-08T17:25:22.093">
  <trace bytesTraced="74444220" workStackOverflowCount="0" />
  <card-cleaning reason="card cleaning threshold reached" bytesTraced="1000" cardsCleaned="2" />
</gc-op>
</concurrent-end>

<exclusive-start id="4908" timestamp="2022-02-08T17:25:22.093" intervalms="282.121">
  <response-info timems="0.019" idlems="0.019" threads="0" lastid="0000000000016F00" lastname="main" />
</exclusive-start>
<concurrent-global-final id="4909" timestamp="2022-02-08T17:25:22.093" contextid="4891" intervalms="2940.617" >
  <concurrent-trace-info reason="card cleaning threshold reached" tracedByMutators="55794856" tracedByHelpers="18650364" cardsCleaned="2" workStackOverflowCount="0" />
</concurrent-global-final>
<gc-start id="4910" type="global" contextid="4891" timestamp="2022-02-08T17:25:22.093">
  <mem-info id="4911" free="125167832" total="1073741824" percent="11">
    <mem type="nursery" free="91052848" total="268435456" percent="33">
      <mem type="allocate" free="91052848" total="180355072" percent="50" />
      <mem type="survivor" free="0" total="88080384" percent="0" />
    </mem>
    <mem type="tenure" free="34114984" total="805306368" percent="4">
      <mem type="soa" free="26061224" total="797252608" percent="3" />
      <mem type="loa" free="8053760" total="8053760" percent="100" />
    </mem>
    <remembered-set count="99" />
  </mem-info>
</gc-start>
<allocation-stats totalBytes="10579336" >
  <allocated-bytes non-tlh="128" tlh="10579208" />
  <largest-consumer threadName="main" threadId="0000000000016F00" bytes="10579336" />
</allocation-stats>
<gc-op id="4912" type="rs-scan" timems="0.519" contextid="4891" timestamp="2022-02-08T17:25:22.094">
  <scan objectsFound="0" bytesTraced="3836" workStackOverflowCount="0" />
</gc-op>
<gc-op id="4913" type="card-cleaning" timems="149.715" contextid="4891" timestamp="2022-02-08T17:25:22.243">
  <card-cleaning cardsCleaned="11" bytesTraced="71014820" workStackOverflowCount="0" />
</gc-op>
<gc-op id="4914" type="mark" timems="58.703" contextid="4891" timestamp="2022-02-08T17:25:22.302">
  <trace-info objectcount="2207742" scancount="1657334" scanbytes="35424168" />
  <finalization candidates="428" enqueued="57" />
  <ownableSynchronizers candidates="1" cleared="0" />
  <references type="soft" candidates="894" cleared="0" enqueued="0" dynamicThreshold="10" maxThreshold="32" />
  <references type="weak" candidates="1701" cleared="0" enqueued="0" />
  <references type="phantom" candidates="52" cleared="2" enqueued="2" />
  <stringconstants candidates="6470" cleared="0"  />
  <object-monitors candidates="2" cleared="0"  />
</gc-op>
<gc-op id="4915" type="sweep" timems="4.918" contextid="4891" timestamp="2022-02-08T17:25:22.307" />
<gc-end id="4916" type="global" contextid="4891" durationms="214.239" usertimems="228.864" systemtimems="1.015" stalltimems="175.583" timestamp="2022-02-08T17:25:22.307" activeThreads="4">
  <mem-info id="4917" free="368471640" total="1073741824" percent="34">
    <mem type="nursery" free="91386648" total="268435456" percent="34">
      <mem type="allocate" free="91386648" total="180355072" percent="50" />
      <mem type="survivor" free="0" total="88080384" percent="0" />
    </mem>
    <mem type="tenure" free="277084992" total="805306368" percent="34" micro-fragmented="262609" macro-fragmented="0">
      <mem type="soa" free="269031232" total="797252608" percent="33" />
      <mem type="loa" free="8053760" total="8053760" percent="100" />
    </mem>
    <pending-finalizers system="57" default="0" reference="2" classloader="0" />
    <remembered-set count="99" />
  </mem-info>
</gc-end>
<cycle-end id="4918" type="global" contextid="4891" timestamp="2022-02-08T17:25:22.307" />
<exclusive-end id="4919" timestamp="2022-02-08T17:25:22.307" durationms="214.438" />

<exclusive-start id="4920" timestamp="2022-02-08T17:25:22.862" intervalms="769.462">
  <response-info timems="0.018" idlems="0.018" threads="0" lastid="0000000000016F00" lastname="main" />
</exclusive-start>
<af-start id="4921" threadId="0000000000017908" totalBytesRequested="200" timestamp="2022-02-08T17:25:22.862" intervalms="1051.569" type="nursery" />
<cycle-start id="4922" type="scavenge" contextid="0" timestamp="2022-02-08T17:25:22.862" intervalms="1051.567" />
<gc-start id="4923" type="scavenge" contextid="4922" timestamp="2022-02-08T17:25:22.863">
  <mem-info id="4924" free="277084992" total="1073741824" percent="25">
    <mem type="nursery" free="0" total="268435456" percent="0">
      <mem type="allocate" free="0" total="180355072" percent="0" />
      <mem type="survivor" free="0" total="88080384" percent="0" />
    </mem>
    <mem type="tenure" free="277084992" total="805306368" percent="34">
      <mem type="soa" free="269031232" total="797252608" percent="33" />
      <mem type="loa" free="8053760" total="8053760" percent="100" />
    </mem>
    <remembered-set count="102" />
  </mem-info>
</gc-start>
<allocation-stats totalBytes="91342504" >
  <allocated-bytes non-tlh="0" tlh="91342504" />
  <largest-consumer threadName="main" threadId="0000000000016F00" bytes="91338408" />
</allocation-stats>
<gc-op id="4925" type="scavenge" timems="73.541" contextid="4922" timestamp="2022-02-08T17:25:22.936">
  <scavenger-info tenureage="1" tenuremask="7ffe" tiltratio="67" />
  <memory-copied type="nursery" objects="1280951" bytes="72383248" bytesdiscarded="188176" />
  <memory-copied type="tenure" objects="1393285" bytes="78476400" bytesdiscarded="46768" />
  <ownableSynchronizers candidates="2" cleared="2" />
  <object-monitors candidates="2" cleared="0"  />
</gc-op>
<gc-end id="4926" type="scavenge" contextid="4922" durationms="73.936" usertimems="290.112" systemtimems="0.000" stalltimems="3.364" timestamp="2022-02-08T17:25:22.936" activeThreads="4">
  <mem-info id="4927" free="306604752" total="1073741824" percent="28">
    <mem type="nursery" free="108439008" total="268435456" percent="40">
      <mem type="allocate" free="108439008" total="181010432" percent="59" />
      <mem type="survivor" free="0" total="87425024" percent="0" />
    </mem>
    <mem type="tenure" free="198165744" total="805306368" percent="24" macro-fragmented="0">
      <mem type="soa" free="190111984" total="797252608" percent="23" />
      <mem type="loa" free="8053760" total="8053760" percent="100" />
    </mem>
    <remembered-set count="105" />
  </mem-info>
</gc-end>
<cycle-end id="4928" type="scavenge" contextid="4922" timestamp="2022-02-08T17:25:22.937" />
<allocation-satisfied id="4929" threadId="0000000000016F00" bytesRequested="200" />
<af-end id="4930" timestamp="2022-02-08T17:25:22.937" threadId="0000000000017908" success="true" from="nursery"/>
<exclusive-end id="4931" timestamp="2022-02-08T17:25:22.937" durationms="74.220" />

<exclusive-start id="4932" timestamp="2022-02-08T17:25:23.824" intervalms="961.911">
  <response-info timems="0.017" idlems="0.017" threads="0" lastid="0000000000016F00" lastname="main" />
</exclusive-start>
<af-start id="4933" threadId="0000000000017908" totalBytesRequested="192" timestamp="2022-02-08T17:25:23.824" intervalms="961.911" type="nursery" />
<cycle-start id="4934" type="scavenge" contextid="0" timestamp="2022-02-08T17:25:23.824" intervalms="961.912" />
<gc-start id="4935" type="scavenge" contextid="4934" timestamp="2022-02-08T17:25:23.824">
  <mem-info id="4936" free="198165744" total="1073741824" percent="18">
    <mem type="nursery" free="0" total="268435456" percent="0">
      <mem type="allocate" free="0" total="181010432" percent="0" />
      <mem type="survivor" free="0" total="87425024" percent="0" />
    </mem>
    <mem type="tenure" free="198165744" total="805306368" percent="24">
      <mem type="soa" free="190111984" total="797252608" percent="23" />
      <mem type="loa" free="8053760" total="8053760" percent="100" />
    </mem>
    <remembered-set count="137" />
  </mem-info>
</gc-start>
<allocation-stats totalBytes="108390304" >
  <allocated-bytes non-tlh="1590768" tlh="106799536" />
  <largest-consumer threadName="main" threadId="0000000000016F00" bytes="108390304" />
</allocation-stats>
<gc-op id="4937" type="scavenge" timems="75.608" contextid="4934" timestamp="2022-02-08T17:25:23.900">
  <scavenger-info tenureage="1" tenuremask="7ffe" tiltratio="67" />
  <memory-copied type="nursery" objects="1489705" bytes="76334856" bytesdiscarded="149200" />
  <memory-copied type="tenure" objects="1280950" bytes="72383136" bytesdiscarded="39480" />
  <finalization candidates="109" enqueued="53" />
  <references type="soft" candidates="14" cleared="0" enqueued="0" dynamicThreshold="11" maxThreshold="32" />
  <references type="weak" candidates="1" cleared="0" enqueued="0" />
  <references type="phantom" candidates="94" cleared="7" enqueued="7" />
  <object-monitors candidates="2" cleared="0"  />
</gc-op>
<gc-end id="4938" type="scavenge" contextid="4934" durationms="76.014" usertimems="296.370" systemtimems="3.005" stalltimems="2.461" timestamp="2022-02-08T17:25:23.900" activeThreads="4">
  <mem-info id="4939" free="230695752" total="1073741824" percent="21">
    <mem type="nursery" free="104657320" total="268435456" percent="38">
      <mem type="allocate" free="104657320" total="181141504" percent="57" />
      <mem type="survivor" free="0" total="87293952" percent="0" />
    </mem>
    <mem type="tenure" free="126038432" total="805306368" percent="15" macro-fragmented="0">
      <mem type="soa" free="117984672" total="797252608" percent="14" />
      <mem type="loa" free="8053760" total="8053760" percent="100" />
    </mem>
    <pending-finalizers system="52" default="1" reference="7" classloader="0" />
    <remembered-set count="133" />
  </mem-info>
</gc-end>
<cycle-end id="4940" type="scavenge" contextid="4934" timestamp="2022-02-08T17:25:23.901" />
<allocation-satisfied id="4941" threadId="0000000000016F00" bytesRequested="192" />
<af-end id="4942" timestamp="2022-02-08T17:25:23.901" threadId="0000000000017908" success="true" from="nursery"/>
<exclusive-end id="4943" timestamp="2022-02-08T17:25:23.901" durationms="76.291" />

<concurrent-kickoff id="4944" timestamp="2022-02-08T17:25:24.566">
  <kickoff reason="threshold reached" targetBytes="74444369" thresholdFreeBytes="5750607"  remainingFree="5697960" tenureFreeBytes="126038432" nurseryFreeBytes="5697960" />
</concurrent-kickoff>
<exclusive-start id="4945" timestamp="2022-02-08T17:25:24.569" intervalms="744.533">
  <response-info timems="0.018" idlems="0.018" threads="0" lastid="0000000000016F00" lastname="main" />
</exclusive-start>
<cycle-start id="4946" type="global" contextid="0" timestamp="2022-02-08T17:25:24.569" intervalms="2851.476" />
<concurrent-start id="4947" type="global mark" contextid="4946" timestamp="2022-02-08T17:25:24.569">
</concurrent-start>
<exclusive-end id="4948" timestamp="2022-02-08T17:25:24.569" durationms="0.026" />

<exclusive-start id="4949" timestamp="2022-02-08T17:25:24.691" intervalms="122.261">
  <response-info timems="0.042" idlems="0.042" threads="0" lastid="0000000000016F00" lastname="main" />
</exclusive-start>
<af-start id="4950" threadId="0000000000017908" totalBytesRequested="24" timestamp="2022-02-08T17:25:24.691" intervalms="866.823" type="nursery" />
<cycle-start id="4951" type="scavenge" contextid="0" timestamp="2022-02-08T17:25:24.691" intervalms="866.837" />
<gc-start id="4952" type="scavenge" contextid="4951" timestamp="2022-02-08T17:25:24.691">
  <mem-info id="4953" free="126038432" total="1073741824" percent="11">
    <mem type="nursery" free="0" total="268435456" percent="0">
      <mem type="allocate" free="0" total="181141504" percent="0" />
      <mem type="survivor" free="0" total="87293952" percent="0" />
    </mem>
    <mem type="tenure" free="126038432" total="805306368" percent="15">
      <mem type="soa" free="117984672" total="797252608" percent="14" />
      <mem type="loa" free="8053760" total="8053760" percent="100" />
    </mem>
    <remembered-set count="134" />
  </mem-info>
</gc-start>
<allocation-stats totalBytes="104605040" >
  <allocated-bytes non-tlh="1347872" tlh="103257168" />
  <largest-consumer threadName="main" threadId="0000000000016F00" bytes="104596848" />
</allocation-stats>
<gc-op id="4954" type="scavenge" timems="96.713" contextid="4951" timestamp="2022-02-08T17:25:24.788">
  <scavenger-info tenureage="1" tenuremask="7ffe" tiltratio="67" />
  <memory-copied type="nursery" objects="1311186" bytes="74877504" bytesdiscarded="225096" />
  <memory-copied type="tenure" objects="1488985" bytes="75391584" bytesdiscarded="40768" />
  <finalization candidates="57" enqueued="0" />
  <references type="phantom" candidates="1" cleared="0" enqueued="0" />
  <object-monitors candidates="2" cleared="0"  />
</gc-op>
<gc-end id="4955" type="scavenge" contextid="4951" durationms="97.134" usertimems="382.736" systemtimems="0.440" stalltimems="2.804" timestamp="2022-02-08T17:25:24.788" activeThreads="4">
  <mem-info id="4956" free="157606144" total="1073741824" percent="14">
    <mem type="nursery" free="107021944" total="268435456" percent="39">
      <mem type="allocate" free="107021944" total="182124544" percent="58" />
      <mem type="survivor" free="0" total="86310912" percent="0" />
    </mem>
    <mem type="tenure" free="50584200" total="805306368" percent="6" macro-fragmented="0">
      <mem type="soa" free="42530440" total="797252608" percent="5" />
      <mem type="loa" free="8053760" total="8053760" percent="100" />
    </mem>
    <remembered-set count="102" />
  </mem-info>
</gc-end>
<cycle-end id="4957" type="scavenge" contextid="4951" timestamp="2022-02-08T17:25:24.789" />
<allocation-satisfied id="4958" threadId="0000000000016F00" bytesRequested="24" />
<af-end id="4959" timestamp="2022-02-08T17:25:24.789" threadId="0000000000017908" success="true" from="nursery"/>
<exclusive-end id="4960" timestamp="2022-02-08T17:25:24.789" durationms="97.560" />

<concurrent-end id="4961" type="global mark" contextid="4946" timestamp="2022-02-08T17:25:24.942">
<gc-op id="4962" type="trace" timems="373.029" contextid="4946" timestamp="2022-02-08T17:25:24.942">
  <trace bytesTraced="74407360" workStackOverflowCount="0" />
  <card-cleaning reason="card cleaning threshold reached" bytesTraced="1000" cardsCleaned="2" />
</gc-op>
</concurrent-end>

<exclusive-start id="4963" timestamp="2022-02-08T17:25:24.942" intervalms="250.844">
  <response-info timems="0.022" idlems="0.022" threads="0" lastid="0000000000016F00" lastname="main" />
</exclusive-start>
<concurrent-global-final id="4964" timestamp="2022-02-08T17:25:24.942" contextid="4946" intervalms="2849.017" >
  <concurrent-trace-info reason="card cleaning threshold reached" tracedByMutators="58584508" tracedByHelpers="15823852" cardsCleaned="2" workStackOverflowCount="0" />
</concurrent-global-final>
<gc-start id="4965" type="global" contextid="4946" timestamp="2022-02-08T17:25:24.942">
  <mem-info id="4966" free="149774568" total="1073741824" percent="13">
    <mem type="nursery" free="99190368" total="268435456" percent="36">
      <mem type="allocate" free="99190368" total="182124544" percent="54" />
      <mem type="survivor" free="0" total="86310912" percent="0" />
    </mem>
    <mem type="tenure" free="50584200" total="805306368" percent="6">
      <mem type="soa" free="42530440" total="797252608" percent="5" />
      <mem type="loa" free="8053760" total="8053760" percent="100" />
    </mem>
    <remembered-set count="102" />
  </mem-info>
</gc-start>
<allocation-stats totalBytes="7827864" >
  <allocated-bytes non-tlh="24" tlh="7827840" />
  <largest-consumer threadName="main" threadId="0000000000016F00" bytes="7827864" />
</allocation-stats>
<gc-op id="4967" type="rs-scan" timems="0.524" contextid="4946" timestamp="2022-02-08T17:25:24.943">
  <scan objectsFound="29" bytesTraced="5220" workStackOverflowCount="0" />
</gc-op>
<gc-op id="4968" type="card-cleaning" timems="160.523" contextid="4946" timestamp="2022-02-08T17:25:25.103">
  <card-cleaning cardsCleaned="9" bytesTraced="71046812" workStackOverflowCount="0" />
</gc-op>
<gc-op id="4969" type="mark" timems="47.990" contextid="4946" timestamp="2022-02-08T17:25:25.151">
  <trace-info objectcount="1815239" scancount="1362957" scanbytes="29144104" />
  <finalization candidates="428" enqueued="57" />
  <ownableSynchronizers candidates="1" cleared="0" />
  <references type="soft" candidates="894" cleared="0" enqueued="0" dynamicThreshold="11" maxThreshold="32" />
  <references type="weak" candidates="1701" cleared="0" enqueued="0" />
  <references type="phantom" candidates="52" cleared="2" enqueued="2" />
  <stringconstants candidates="6470" cleared="0"  />
  <object-monitors candidates="2" cleared="0"  />
</gc-op>
<gc-op id="4970" type="sweep" timems="4.740" contextid="4946" timestamp="2022-02-08T17:25:25.156" />
<gc-end id="4971" type="global" contextid="4946" durationms="214.168" usertimems="229.247" systemtimems="0.451" stalltimems="142.985" timestamp="2022-02-08T17:25:25.156" activeThreads="4">
  <mem-info id="4972" free="392959464" total="1073741824" percent="36">
    <mem type="nursery" free="99508480" total="268435456" percent="37">
      <mem type="allocate" free="99508480" total="182124544" percent="54" />
      <mem type="survivor" free="0" total="86310912" percent="0" />
    </mem>
    <mem type="tenure" free="293450984" total="805306368" percent="36" micro-fragmented="300873" macro-fragmented="0">
      <mem type="soa" free="285397224" total="797252608" percent="35" />
      <mem type="loa" free="8053760" total="8053760" percent="100" />
    </mem>
    <pending-finalizers system="57" default="0" reference="2" classloader="0" />
    <remembered-set count="102" />
  </mem-info>
</gc-end>
<cycle-end id="4973" type="global" contextid="4946" timestamp="2022-02-08T17:25:25.156" />
<exclusive-end id="4974" timestamp="2022-02-08T17:25:25.156" durationms="214.378" />

<exclusive-start id="4975" timestamp="2022-02-08T17:25:25.867" intervalms="925.501">
  <response-info timems="0.019" idlems="0.019" threads="0" lastid="0000000000016F00" lastname="main" />
</exclusive-start>
<af-start id="4976" threadId="0000000000017908" totalBytesRequested="24" timestamp="2022-02-08T17:25:25.867" intervalms="1176.315" type="nursery" />
<cycle-start id="4977" type="scavenge" contextid="0" timestamp="2022-02-08T17:25:25.868" intervalms="1176.302" />
<gc-start id="4978" type="scavenge" contextid="4977" timestamp="2022-02-08T17:25:25.868">
  <mem-info id="4979" free="293450984" total="1073741824" percent="27">
    <mem type="nursery" free="0" total="268435456" percent="0">
      <mem type="allocate" free="0" total="182124544" percent="0" />
      <mem type="survivor" free="0" total="86310912" percent="0" />
    </mem>
    <mem type="tenure" free="293450984" total="805306368" percent="36">
      <mem type="soa" free="285397224" total="797252608" percent="35" />
      <mem type="loa" free="8053760" total="8053760" percent="100" />
    </mem>
    <remembered-set count="105" />
  </mem-info>
</gc-start>
<allocation-stats totalBytes="99462320" >
  <allocated-bytes non-tlh="0" tlh="99462320" />
  <largest-consumer threadName="main" threadId="0000000000016F00" bytes="99458224" />
</allocation-stats>
<gc-op id="4980" type="scavenge" timems="90.296" contextid="4977" timestamp="2022-02-08T17:25:25.958">
  <scavenger-info tenureage="1" tenuremask="7ffe" tiltratio="67" />
  <memory-copied type="nursery" objects="1356471" bytes="76222160" bytesdiscarded="249632" />
  <memory-copied type="tenure" objects="1311186" bytes="74877504" bytesdiscarded="50112" />
  <finalization candidates="1" enqueued="0" />
  <ownableSynchronizers candidates="2" cleared="2" />
  <object-monitors candidates="2" cleared="0"  />
</gc-op>
<gc-end id="4981" type="scavenge" contextid="4977" durationms="90.664" usertimems="356.394" systemtimems="1.357" stalltimems="2.573" timestamp="2022-02-08T17:25:25.958" activeThreads="4">
  <mem-info id="4982" free="324428776" total="1073741824" percent="30">
    <mem type="nursery" free="106177040" total="268435456" percent="39">
      <mem type="allocate" free="106177040" total="182648832" percent="58" />
      <mem type="survivor" free="0" total="85786624" percent="0" />
    </mem>
    <mem type="tenure" free="218251736" total="805306368" percent="27" macro-fragmented="1041780">
      <mem type="soa" free="210197976" total="797252608" percent="26" />
      <mem type="loa" free="8053760" total="8053760" percent="100" />
    </mem>
    <remembered-set count="104" />
  </mem-info>
</gc-end>
<cycle-end id="4983" type="scavenge" contextid="4977" timestamp="2022-02-08T17:25:25.958" />
<allocation-satisfied id="4984" threadId="0000000000016F00" bytesRequested="24" />
<af-end id="4985" timestamp="2022-02-08T17:25:25.958" threadId="0000000000017908" success="true" from="nursery"/>
<exclusive-end id="4986" timestamp="2022-02-08T17:25:25.958" durationms="90.905" />

<exclusive-start id="4987" timestamp="2022-02-08T17:25:26.785" intervalms="917.942">
  <response-info timems="0.016" idlems="0.016" threads="0" lastid="0000000000016F00" lastname="main" />
</exclusive-start>
<af-start id="4988" threadId="0000000000017908" totalBytesRequested="64" timestamp="2022-02-08T17:25:26.785" intervalms="917.937" type="nursery" />
<cycle-start id="4989" type="scavenge" contextid="0" timestamp="2022-02-08T17:25:26.785" intervalms="917.935" />
<gc-start id="4990" type="scavenge" contextid="4989" timestamp="2022-02-08T17:25:26.785">
  <mem-info id="4991" free="218251736" total="1073741824" percent="20">
    <mem type="nursery" free="0" total="268435456" percent="0">
      <mem type="allocate" free="0" total="182648832" percent="0" />
      <mem type="survivor" free="0" total="85786624" percent="0" />
    </mem>
    <mem type="tenure" free="218251736" total="805306368" percent="27">
      <mem type="soa" free="210197976" total="797252608" percent="26" />
      <mem type="loa" free="8053760" total="8053760" percent="100" />
    </mem>
    <remembered-set count="135" />
  </mem-info>
</gc-start>
<allocation-stats totalBytes="106131680" >
  <allocated-bytes non-tlh="848728" tlh="105282952" />
  <largest-consumer threadName="main" threadId="0000000000016F00" bytes="106131680" />
</allocation-stats>
<gc-op id="4992" type="scavenge" timems="89.063" contextid="4989" timestamp="2022-02-08T17:25:26.875">
  <scavenger-info tenureage="1" tenuremask="7ffe" tiltratio="68" />
  <memory-copied type="nursery" objects="1440373" bytes="74837856" bytesdiscarded="228936" />
  <memory-copied type="tenure" objects="1356471" bytes="76222160" bytesdiscarded="38032" />
  <finalization candidates="92" enqueued="51" />
  <references type="soft" candidates="14" cleared="0" enqueued="0" dynamicThreshold="11" maxThreshold="32" />
  <references type="weak" candidates="1" cleared="0" enqueued="0" />
  <references type="phantom" candidates="77" cleared="7" enqueued="7" />
  <object-monitors candidates="2" cleared="0"  />
</gc-op>
<gc-end id="4993" type="scavenge" contextid="4989" durationms="89.440" usertimems="319.840" systemtimems="1.326" stalltimems="24.384" timestamp="2022-02-08T17:25:26.875" activeThreads="4">
  <mem-info id="4994" free="250257320" total="1073741824" percent="23">
    <mem type="nursery" free="108237272" total="268435456" percent="40">
      <mem type="allocate" free="108237272" total="183304192" percent="59" />
      <mem type="survivor" free="0" total="85131264" percent="0" />
    </mem>
    <mem type="tenure" free="142020048" total="805306368" percent="17" macro-fragmented="290741">
      <mem type="soa" free="133966288" total="797252608" percent="16" />
      <mem type="loa" free="8053760" total="8053760" percent="100" />
    </mem>
    <pending-finalizers system="50" default="1" reference="7" classloader="0" />
    <remembered-set count="131" />
  </mem-info>
</gc-end>
<cycle-end id="4995" type="scavenge" contextid="4989" timestamp="2022-02-08T17:25:26.875" />
<allocation-satisfied id="4996" threadId="0000000000016F00" bytesRequested="64" />
<af-end id="4997" timestamp="2022-02-08T17:25:26.875" threadId="0000000000017908" success="true" from="nursery"/>
<exclusive-end id="4998" timestamp="2022-02-08T17:25:26.875" durationms="89.687" />

<concurrent-kickoff id="4999" timestamp="2022-02-08T17:25:27.558">
  <kickoff reason="threshold reached" targetBytes="74437164" thresholdFreeBytes="5748941"  remainingFree="5653888" tenureFreeBytes="142020048" nurseryFreeBytes="5653888" />
</concurrent-kickoff>
<exclusive-start id="5000" timestamp="2022-02-08T17:25:27.561" intervalms="775.307">
  <response-info timems="0.017" idlems="0.017" threads="0" lastid="0000000000016F00" lastname="main" />
</exclusive-start>
<cycle-start id="5001" type="global" contextid="0" timestamp="2022-02-08T17:25:27.561" intervalms="2991.856" />
<concurrent-start id="5002" type="global mark" contextid="5001" timestamp="2022-02-08T17:25:27.561">
</concurrent-start>
<exclusive-end id="5003" timestamp="2022-02-08T17:25:27.561" durationms="0.026" />

<exclusive-start id="5004" timestamp="2022-02-08T17:25:27.668" intervalms="106.843">
  <response-info timems="0.019" idlems="0.019" threads="0" lastid="0000000000016F00" lastname="main" />
</exclusive-start>
<af-start id="5005" threadId="0000000000017908" totalBytesRequested="208" timestamp="2022-02-08T17:25:27.668" intervalms="882.166" type="nursery" />
<cycle-start id="5006" type="scavenge" contextid="0" timestamp="2022-02-08T17:25:27.668" intervalms="882.167" />
<gc-start id="5007" type="scavenge" contextid="5006" timestamp="2022-02-08T17:25:27.668">
  <mem-info id="5008" free="142020048" total="1073741824" percent="13">
    <mem type="nursery" free="0" total="268435456" percent="0">
      <mem type="allocate" free="0" total="183304192" percent="0" />
      <mem type="survivor" free="0" total="85131264" percent="0" />
    </mem>
    <mem type="tenure" free="142020048" total="805306368" percent="17">
      <mem type="soa" free="133966288" total="797252608" percent="16" />
      <mem type="loa" free="8053760" total="8053760" percent="100" />
    </mem>
    <remembered-set count="132" />
  </mem-info>
</gc-start>
<allocation-stats totalBytes="108185040" >
  <allocated-bytes non-tlh="2051160" tlh="106133880" />
  <largest-consumer threadName="main" threadId="0000000000016F00" bytes="108176848" />
</allocation-stats>
<gc-op id="5009" type="scavenge" timems="83.367" contextid="5006" timestamp="2022-02-08T17:25:27.751">
  <scavenger-info tenureage="1" tenuremask="7ffe" tiltratio="68" />
  <memory-copied type="nursery" objects="1376399" bytes="76930280" bytesdiscarded="151448" />
  <memory-copied type="tenure" objects="1439673" bytes="74287584" bytesdiscarded="40792" />
  <finalization candidates="59" enqueued="2" />
  <references type="phantom" candidates="18" cleared="0" enqueued="0" />
  <object-monitors candidates="2" cleared="0"  />
</gc-op>
<gc-end id="5010" type="scavenge" contextid="5006" durationms="83.814" usertimems="326.245" systemtimems="0.000" stalltimems="4.916" timestamp="2022-02-08T17:25:27.751" activeThreads="4">
  <mem-info id="5011" free="173806880" total="1073741824" percent="16">
    <mem type="nursery" free="106025856" total="268435456" percent="39">
      <mem type="allocate" free="106025856" total="183107584" percent="57" />
      <mem type="survivor" free="0" total="85327872" percent="0" />
    </mem>
    <mem type="tenure" free="67781024" total="805306368" percent="8" macro-fragmented="0">
      <mem type="soa" free="59727264" total="797252608" percent="7" />
      <mem type="loa" free="8053760" total="8053760" percent="100" />
    </mem>
    <pending-finalizers system="2" default="0" reference="0" classloader="0" />
    <remembered-set count="108" />
  </mem-info>
</gc-end>
<cycle-end id="5012" type="scavenge" contextid="5006" timestamp="2022-02-08T17:25:27.752" />
<allocation-satisfied id="5013" threadId="0000000000016F00" bytesRequested="208" />
<af-end id="5014" timestamp="2022-02-08T17:25:27.752" threadId="0000000000017908" success="true" from="nursery"/>
<exclusive-end id="5015" timestamp="2022-02-08T17:25:27.752" durationms="84.153" />

<concurrent-end id="5016" type="global mark" contextid="5001" timestamp="2022-02-08T17:25:27.972">
<gc-op id="5017" type="trace" timems="410.873" contextid="5001" timestamp="2022-02-08T17:25:27.972">
  <trace bytesTraced="74448400" workStackOverflowCount="0" />
  <card-cleaning reason="card cleaning threshold reached" bytesTraced="1000" cardsCleaned="2" />
</gc-op>
</concurrent-end>

<exclusive-start id="5018" timestamp="2022-02-08T17:25:27.972" intervalms="304.097">
  <response-info timems="0.018" idlems="0.018" threads="0" lastid="0000000000016F00" lastname="main" />
</exclusive-start>
<concurrent-global-final id="5019" timestamp="2022-02-08T17:25:27.972" contextid="5001" intervalms="3029.683" >
  <concurrent-trace-info reason="card cleaning threshold reached" tracedByMutators="51001136" tracedByHelpers="23448264" cardsCleaned="2" workStackOverflowCount="0" />
</concurrent-global-final>
<gc-start id="5020" type="global" contextid="5001" timestamp="2022-02-08T17:25:27.972">
  <mem-info id="5021" free="157320272" total="1073741824" percent="14">
    <mem type="nursery" free="89539248" total="268435456" percent="33">
      <mem type="allocate" free="89539248" total="183107584" percent="48" />
      <mem type="survivor" free="0" total="85327872" percent="0" />
    </mem>
    <mem type="tenure" free="67781024" total="805306368" percent="8">
      <mem type="soa" free="59727264" total="797252608" percent="7" />
      <mem type="loa" free="8053760" total="8053760" percent="100" />
    </mem>
    <remembered-set count="108" />
  </mem-info>
</gc-start>
<allocation-stats totalBytes="16479248" >
  <allocated-bytes non-tlh="208" tlh="16479040" />
  <largest-consumer threadName="main" threadId="0000000000016F00" bytes="16475152" />
</allocation-stats>
<gc-op id="5022" type="rs-scan" timems="0.547" contextid="5001" timestamp="2022-02-08T17:25:27.972">
  <scan objectsFound="29" bytesTraced="5332" workStackOverflowCount="0" />
</gc-op>
<gc-op id="5023" type="card-cleaning" timems="145.825" contextid="5001" timestamp="2022-02-08T17:25:28.118">
  <card-cleaning cardsCleaned="10" bytesTraced="71017088" workStackOverflowCount="0" />
</gc-op>
<gc-op id="5024" type="mark" timems="43.718" contextid="5001" timestamp="2022-02-08T17:25:28.162">
  <trace-info objectcount="1656611" scancount="1243985" scanbytes="26606056" />
  <finalization candidates="428" enqueued="57" />
  <ownableSynchronizers candidates="1" cleared="0" />
  <references type="soft" candidates="894" cleared="0" enqueued="0" dynamicThreshold="11" maxThreshold="32" />
  <references type="weak" candidates="1701" cleared="0" enqueued="0" />
  <references type="phantom" candidates="52" cleared="2" enqueued="2" />
  <stringconstants candidates="6470" cleared="0"  />
  <object-monitors candidates="2" cleared="0"  />
</gc-op>
<gc-op id="5025" type="sweep" timems="4.749" contextid="5001" timestamp="2022-02-08T17:25:28.167" />
<gc-end id="5026" type="global" contextid="5001" durationms="195.247" usertimems="205.631" systemtimems="4.587" stalltimems="130.435" timestamp="2022-02-08T17:25:28.167" activeThreads="4">
  <mem-info id="5027" free="400479168" total="1073741824" percent="37">
    <mem type="nursery" free="89804376" total="268435456" percent="33">
      <mem type="allocate" free="89804376" total="183107584" percent="49" />
      <mem type="survivor" free="0" total="85327872" percent="0" />
    </mem>
    <mem type="tenure" free="310674792" total="805306368" percent="38" micro-fragmented="367667" macro-fragmented="0">
      <mem type="soa" free="302621032" total="797252608" percent="37" />
      <mem type="loa" free="8053760" total="8053760" percent="100" />
    </mem>
    <pending-finalizers system="57" default="0" reference="2" classloader="0" />
    <remembered-set count="108" />
  </mem-info>
</gc-end>
<cycle-end id="5028" type="global" contextid="5001" timestamp="2022-02-08T17:25:28.167" />
<exclusive-end id="5029" timestamp="2022-02-08T17:25:28.167" durationms="195.444" />

<exclusive-start id="5030" timestamp="2022-02-08T17:25:28.746" intervalms="774.139">
  <response-info timems="0.019" idlems="0.019" threads="0" lastid="0000000000016F00" lastname="main" />
</exclusive-start>
<af-start id="5031" threadId="0000000000017908" totalBytesRequested="24" timestamp="2022-02-08T17:25:28.746" intervalms="1078.225" type="nursery" />
<cycle-start id="5032" type="scavenge" contextid="0" timestamp="2022-02-08T17:25:28.746" intervalms="1078.225" />
<gc-start id="5033" type="scavenge" contextid="5032" timestamp="2022-02-08T17:25:28.746">
  <mem-info id="5034" free="310674792" total="1073741824" percent="28">
    <mem type="nursery" free="0" total="268435456" percent="0">
      <mem type="allocate" free="0" total="183107584" percent="0" />
      <mem type="survivor" free="0" total="85327872" percent="0" />
    </mem>
    <mem type="tenure" free="310674792" total="805306368" percent="38">
      <mem type="soa" free="302621032" total="797252608" percent="37" />
      <mem type="loa" free="8053760" total="8053760" percent="100" />
    </mem>
    <remembered-set count="111" />
  </mem-info>
</gc-start>
<allocation-stats totalBytes="89762872" >
  <allocated-bytes non-tlh="0" tlh="89762872" />
  <largest-consumer threadName="main" threadId="0000000000016F00" bytes="89758776" />
</allocation-stats>
<gc-op id="5035" type="scavenge" timems="94.145" contextid="5032" timestamp="2022-02-08T17:25:28.840">
  <scavenger-info tenureage="1" tenuremask="7ffe" tiltratio="68" />
  <memory-copied type="nursery" objects="1337024" bytes="75465720" bytesdiscarded="219360" />
  <memory-copied type="tenure" objects="1376374" bytes="76912968" bytesdiscarded="44360" />
  <finalization candidates="16" enqueued="0" />
  <ownableSynchronizers candidates="2" cleared="2" />
  <object-monitors candidates="2" cleared="0"  />
</gc-op>
<gc-end id="5036" type="scavenge" contextid="5032" durationms="94.564" usertimems="369.208" systemtimems="0.000" stalltimems="2.836" timestamp="2022-02-08T17:25:28.840" activeThreads="4">
  <mem-info id="5037" free="341437264" total="1073741824" percent="31">
    <mem type="nursery" free="107881256" total="268435456" percent="40">
      <mem type="allocate" free="107881256" total="183566336" percent="58" />
      <mem type="survivor" free="0" total="84869120" percent="0" />
    </mem>
    <mem type="tenure" free="233556008" total="805306368" percent="29" macro-fragmented="0">
      <mem type="soa" free="225502248" total="797252608" percent="28" />
      <mem type="loa" free="8053760" total="8053760" percent="100" />
    </mem>
    <remembered-set count="105" />
  </mem-info>
</gc-end>
<cycle-end id="5038" type="scavenge" contextid="5032" timestamp="2022-02-08T17:25:28.841" />
<allocation-satisfied id="5039" threadId="0000000000016F00" bytesRequested="24" />
<af-end id="5040" timestamp="2022-02-08T17:25:28.841" threadId="0000000000017908" success="true" from="nursery"/>
<exclusive-end id="5041" timestamp="2022-02-08T17:25:28.841" durationms="94.849" />

<exclusive-start id="5042" timestamp="2022-02-08T17:25:29.521" intervalms="774.893">
  <response-info timems="0.017" idlems="0.017" threads="0" lastid="0000000000016F00" lastname="main" />
</exclusive-start>
<af-start id="5043" threadId="0000000000017908" totalBytesRequested="24" timestamp="2022-02-08T17:25:29.521" intervalms="774.892" type="nursery" />
<cycle-start id="5044" type="scavenge" contextid="0" timestamp="2022-02-08T17:25:29.521" intervalms="774.892" />
<gc-start id="5045" type="scavenge" contextid="5044" timestamp="2022-02-08T17:25:29.521">
  <mem-info id="5046" free="233556008" total="1073741824" percent="21">
    <mem type="nursery" free="0" total="268435456" percent="0">
      <mem type="allocate" free="0" total="183566336" percent="0" />
      <mem type="survivor" free="0" total="84869120" percent="0" />
    </mem>
    <mem type="tenure" free="233556008" total="805306368" percent="29">
      <mem type="soa" free="225502248" total="797252608" percent="28" />
      <mem type="loa" free="8053760" total="8053760" percent="100" />
    </mem>
    <remembered-set count="113" />
  </mem-info>
</gc-start>
<allocation-stats totalBytes="107831688" >
  <allocated-bytes non-tlh="24" tlh="107831664" />
  <largest-consumer threadName="main" threadId="0000000000016F00" bytes="107831688" />
</allocation-stats>
<gc-op id="5047" type="scavenge" timems="85.286" contextid="5044" timestamp="2022-02-08T17:25:29.606">
  <scavenger-info tenureage="1" tenuremask="7ffe" tiltratio="68" />
  <memory-copied type="nursery" objects="1346190" bytes="76663144" bytesdiscarded="346512" />
  <memory-copied type="tenure" objects="1337024" bytes="75465720" bytesdiscarded="46288" />
  <finalization candidates="2" enqueued="0" />
  <references type="phantom" candidates="2" cleared="0" enqueued="0" />
  <object-monitors candidates="2" cleared="0"  />
</gc-op>
<gc-end id="5048" type="scavenge" contextid="5044" durationms="86.073" usertimems="335.058" systemtimems="0.000" stalltimems="5.683" timestamp="2022-02-08T17:25:29.607" activeThreads="4">
  <mem-info id="5049" free="265297968" total="1073741824" percent="24">
    <mem type="nursery" free="107146504" total="268435456" percent="39">
      <mem type="allocate" free="107146504" total="184156160" percent="58" />
      <mem type="survivor" free="0" total="84279296" percent="0" />
    </mem>
    <mem type="tenure" free="158151464" total="805306368" percent="19" macro-fragmented="0">
      <mem type="soa" free="150097704" total="797252608" percent="18" />
      <mem type="loa" free="8053760" total="8053760" percent="100" />
    </mem>
    <remembered-set count="112" />
  </mem-info>
</gc-end>
<cycle-end id="5050" type="scavenge" contextid="5044" timestamp="2022-02-08T17:25:29.607" />
<allocation-satisfied id="5051" threadId="0000000000016F00" bytesRequested="24" />
<af-end id="5052" timestamp="2022-02-08T17:25:29.607" threadId="0000000000017908" success="true" from="nursery"/>
<exclusive-end id="5053" timestamp="2022-02-08T17:25:29.607" durationms="86.364" />

<concurrent-kickoff id="5054" timestamp="2022-02-08T17:25:30.447">
  <kickoff reason="threshold reached" targetBytes="74439613" thresholdFreeBytes="5746403"  remainingFree="5631240" tenureFreeBytes="158151464" nurseryFreeBytes="5631240" />
</concurrent-kickoff>
<exclusive-start id="5055" timestamp="2022-02-08T17:25:30.450" intervalms="929.026">
  <response-info timems="0.021" idlems="0.021" threads="0" lastid="0000000000016F00" lastname="main" />
</exclusive-start>
<cycle-start id="5056" type="global" contextid="0" timestamp="2022-02-08T17:25:30.450" intervalms="2888.999" />
<concurrent-start id="5057" type="global mark" contextid="5056" timestamp="2022-02-08T17:25:30.450">
</concurrent-start>
<exclusive-end id="5058" timestamp="2022-02-08T17:25:30.450" durationms="0.027" />

<exclusive-start id="5059" timestamp="2022-02-08T17:25:30.565" intervalms="114.851">
  <response-info timems="0.018" idlems="0.018" threads="0" lastid="0000000000016F00" lastname="main" />
</exclusive-start>
<af-start id="5060" threadId="0000000000017908" totalBytesRequested="16" timestamp="2022-02-08T17:25:30.565" intervalms="1043.879" type="nursery" />
<cycle-start id="5061" type="scavenge" contextid="0" timestamp="2022-02-08T17:25:30.565" intervalms="1043.879" />
<gc-start id="5062" type="scavenge" contextid="5061" timestamp="2022-02-08T17:25:30.565">
  <mem-info id="5063" free="158151464" total="1073741824" percent="14">
    <mem type="nursery" free="0" total="268435456" percent="0">
      <mem type="allocate" free="0" total="184156160" percent="0" />
      <mem type="survivor" free="0" total="84279296" percent="0" />
    </mem>
    <mem type="tenure" free="158151464" total="805306368" percent="19">
      <mem type="soa" free="150097704" total="797252608" percent="18" />
      <mem type="loa" free="8053760" total="8053760" percent="100" />
    </mem>
    <remembered-set count="135" />
  </mem-info>
</gc-start>
<allocation-stats totalBytes="107097920" >
  <allocated-bytes non-tlh="2841472" tlh="104256448" />
  <largest-consumer threadName="main" threadId="0000000000016F00" bytes="107097920" />
</allocation-stats>
<gc-op id="5064" type="scavenge" timems="83.007" contextid="5061" timestamp="2022-02-08T17:25:30.648">
  <scavenger-info tenureage="1" tenuremask="7ffe" tiltratio="68" />
  <memory-copied type="nursery" objects="1437515" bytes="75324864" bytesdiscarded="174144" />
  <memory-copied type="tenure" objects="1346170" bytes="76638928" bytesdiscarded="40112" />
  <finalization candidates="110" enqueued="53" />
  <references type="soft" candidates="14" cleared="0" enqueued="0" dynamicThreshold="12" maxThreshold="32" />
  <references type="weak" candidates="1" cleared="0" enqueued="0" />
  <references type="phantom" candidates="95" cleared="7" enqueued="7" />
  <object-monitors candidates="2" cleared="0"  />
</gc-op>
<gc-end id="5065" type="scavenge" contextid="5061" durationms="83.447" usertimems="329.699" systemtimems="0.000" stalltimems="1.790" timestamp="2022-02-08T17:25:30.648" activeThreads="4">
  <mem-info id="5066" free="190341168" total="1073741824" percent="17">
    <mem type="nursery" free="108919168" total="268435456" percent="40">
      <mem type="allocate" free="108919168" total="184418304" percent="59" />
      <mem type="survivor" free="0" total="84017152" percent="0" />
    </mem>
    <mem type="tenure" free="81422000" total="805306368" percent="10" macro-fragmented="16050736">
      <mem type="soa" free="73368240" total="797252608" percent="9" />
      <mem type="loa" free="8053760" total="8053760" percent="100" />
    </mem>
    <pending-finalizers system="52" default="1" reference="7" classloader="0" />
    <remembered-set count="121" />
  </mem-info>
</gc-end>
<cycle-end id="5067" type="scavenge" contextid="5061" timestamp="2022-02-08T17:25:30.648" />
<allocation-satisfied id="5068" threadId="0000000000016F00" bytesRequested="16" />
<af-end id="5069" timestamp="2022-02-08T17:25:30.648" threadId="0000000000017908" success="true" from="nursery"/>
<exclusive-end id="5070" timestamp="2022-02-08T17:25:30.648" durationms="83.746" />

<concurrent-end id="5071" type="global mark" contextid="5056" timestamp="2022-02-08T17:25:30.783">
<gc-op id="5072" type="trace" timems="332.949" contextid="5056" timestamp="2022-02-08T17:25:30.783">
  <trace bytesTraced="74448576" workStackOverflowCount="0" />
  <card-cleaning reason="card cleaning threshold reached" bytesTraced="1000" cardsCleaned="2" />
</gc-op>
</concurrent-end>

<exclusive-start id="5073" timestamp="2022-02-08T17:25:30.783" intervalms="218.167">
  <response-info timems="0.018" idlems="0.018" threads="0" lastid="0000000000016F00" lastname="main" />
</exclusive-start>
<concurrent-global-final id="5074" timestamp="2022-02-08T17:25:30.783" contextid="5056" intervalms="2811.077" >
  <concurrent-trace-info reason="card cleaning threshold reached" tracedByMutators="58355964" tracedByHelpers="16093612" cardsCleaned="2" workStackOverflowCount="0" />
</concurrent-global-final>
<gc-start id="5075" type="global" contextid="5056" timestamp="2022-02-08T17:25:30.783">
  <mem-info id="5076" free="181583904" total="1073741824" percent="16">
    <mem type="nursery" free="100161904" total="268435456" percent="37">
      <mem type="allocate" free="100161904" total="184418304" percent="54" />
      <mem type="survivor" free="0" total="84017152" percent="0" />
    </mem>
    <mem type="tenure" free="81422000" total="805306368" percent="10">
      <mem type="soa" free="73368240" total="797252608" percent="9" />
      <mem type="loa" free="8053760" total="8053760" percent="100" />
    </mem>
    <remembered-set count="122" />
  </mem-info>
</gc-start>
<allocation-stats totalBytes="8752768" >
  <allocated-bytes non-tlh="16" tlh="8752752" />
  <largest-consumer threadName="main" threadId="0000000000016F00" bytes="8744576" />
</allocation-stats>
<gc-op id="5077" type="rs-scan" timems="127.546" contextid="5056" timestamp="2022-02-08T17:25:30.910">
  <scan objectsFound="3324744" bytesTraced="71019300" workStackOverflowCount="0" />
</gc-op>
<gc-op id="5078" type="card-cleaning" timems="0.272" contextid="5056" timestamp="2022-02-08T17:25:30.911">
  <card-cleaning cardsCleaned="4" bytesTraced="1968" workStackOverflowCount="0" />
</gc-op>
<gc-op id="5079" type="mark" timems="33.542" contextid="5056" timestamp="2022-02-08T17:25:30.944">
  <trace-info objectcount="1255781" scancount="943362" scanbytes="20192776" />
  <finalization candidates="428" enqueued="57" />
  <ownableSynchronizers candidates="1" cleared="0" />
  <references type="soft" candidates="894" cleared="0" enqueued="0" dynamicThreshold="12" maxThreshold="32" />
  <references type="weak" candidates="1701" cleared="0" enqueued="0" />
  <references type="phantom" candidates="52" cleared="2" enqueued="2" />
  <stringconstants candidates="6470" cleared="0"  />
  <object-monitors candidates="2" cleared="0"  />
</gc-op>
<gc-op id="5080" type="sweep" timems="4.665" contextid="5056" timestamp="2022-02-08T17:25:30.949" />
<gc-end id="5081" type="global" contextid="5056" durationms="166.515" usertimems="180.766" systemtimems="0.449" stalltimems="100.003" timestamp="2022-02-08T17:25:30.949" activeThreads="4">
  <mem-info id="5082" free="425171736" total="1073741824" percent="39">
    <mem type="nursery" free="100906056" total="268435456" percent="37">
      <mem type="allocate" free="100906056" total="184418304" percent="54" />
      <mem type="survivor" free="0" total="84017152" percent="0" />
    </mem>
    <mem type="tenure" free="324265680" total="805306368" percent="40" micro-fragmented="254671" macro-fragmented="0">
      <mem type="soa" free="316211920" total="797252608" percent="39" />
      <mem type="loa" free="8053760" total="8053760" percent="100" />
    </mem>
    <pending-finalizers system="57" default="0" reference="2" classloader="0" />
    <remembered-set count="108" />
  </mem-info>
</gc-end>
<cycle-end id="5083" type="global" contextid="5056" timestamp="2022-02-08T17:25:30.949" />
<exclusive-end id="5084" timestamp="2022-02-08T17:25:30.950" durationms="166.799" />

<exclusive-start id="5085" timestamp="2022-02-08T17:25:31.663" intervalms="880.772">
  <response-info timems="0.018" idlems="0.018" threads="0" lastid="0000000000016F00" lastname="main" />
</exclusive-start>
<af-start id="5086" threadId="0000000000017908" totalBytesRequested="200" timestamp="2022-02-08T17:25:31.664" intervalms="1098.939" type="nursery" />
<cycle-start id="5087" type="scavenge" contextid="0" timestamp="2022-02-08T17:25:31.664" intervalms="1098.938" />
<gc-start id="5088" type="scavenge" contextid="5087" timestamp="2022-02-08T17:25:31.664">
  <mem-info id="5089" free="324265680" total="1073741824" percent="30">
    <mem type="nursery" free="0" total="268435456" percent="0">
      <mem type="allocate" free="0" total="184418304" percent="0" />
      <mem type="survivor" free="0" total="84017152" percent="0" />
    </mem>
    <mem type="tenure" free="324265680" total="805306368" percent="40">
      <mem type="soa" free="316211920" total="797252608" percent="39" />
      <mem type="loa" free="8053760" total="8053760" percent="100" />
    </mem>
    <remembered-set count="109" />
  </mem-info>
</gc-start>
<allocation-stats totalBytes="100857472" >
  <allocated-bytes non-tlh="0" tlh="100857472" />
  <largest-consumer threadName="main" threadId="0000000000016F00" bytes="100847616" />
</allocation-stats>
<gc-op id="5090" type="scavenge" timems="80.824" contextid="5087" timestamp="2022-02-08T17:25:31.744">
  <scavenger-info tenureage="1" tenuremask="7ffe" tiltratio="68" />
  <memory-copied type="nursery" objects="1413236" bytes="77974152" bytesdiscarded="251256" />
  <memory-copied type="tenure" objects="1436800" bytes="74856928" bytesdiscarded="44632" />
  <finalization candidates="55" enqueued="0" />
  <ownableSynchronizers candidates="2" cleared="2" />
  <object-monitors candidates="2" cleared="0"  />
</gc-op>
<gc-end id="5091" type="scavenge" contextid="5087" durationms="81.232" usertimems="318.733" systemtimems="0.000" stalltimems="3.927" timestamp="2022-02-08T17:25:31.745" activeThreads="4">
  <mem-info id="5092" free="352884424" total="1073741824" percent="32">
    <mem type="nursery" free="103702528" total="268435456" percent="38">
      <mem type="allocate" free="103702528" total="181927936" percent="57" />
      <mem type="survivor" free="0" total="86507520" percent="0" />
    </mem>
    <mem type="tenure" free="249181896" total="805306368" percent="30" macro-fragmented="0">
      <mem type="soa" free="241128136" total="797252608" percent="30" />
      <mem type="loa" free="8053760" total="8053760" percent="100" />
    </mem>
    <remembered-set count="103" />
  </mem-info>
</gc-end>
<cycle-end id="5093" type="scavenge" contextid="5087" timestamp="2022-02-08T17:25:31.745" />
<allocation-satisfied id="5094" threadId="0000000000016F00" bytesRequested="200" />
<af-end id="5095" timestamp="2022-02-08T17:25:31.745" threadId="0000000000017908" success="true" from="nursery"/>
<exclusive-end id="5096" timestamp="2022-02-08T17:25:31.745" durationms="81.541" />

<exclusive-start id="5097" timestamp="2022-02-08T17:25:32.365" intervalms="701.169">
  <response-info timems="0.017" idlems="0.017" threads="0" lastid="0000000000016F00" lastname="main" />
</exclusive-start>
<af-start id="5098" threadId="0000000000017908" totalBytesRequested="24" timestamp="2022-02-08T17:25:32.365" intervalms="701.171" type="nursery" />
<cycle-start id="5099" type="scavenge" contextid="0" timestamp="2022-02-08T17:25:32.365" intervalms="701.173" />
<gc-start id="5100" type="scavenge" contextid="5099" timestamp="2022-02-08T17:25:32.365">
  <mem-info id="5101" free="249181896" total="1073741824" percent="23">
    <mem type="nursery" free="0" total="268435456" percent="0">
      <mem type="allocate" free="0" total="181927936" percent="0" />
      <mem type="survivor" free="0" total="86507520" percent="0" />
    </mem>
    <mem type="tenure" free="249181896" total="805306368" percent="30">
      <mem type="soa" free="241128136" total="797252608" percent="30" />
      <mem type="loa" free="8053760" total="8053760" percent="100" />
    </mem>
    <remembered-set count="103" />
  </mem-info>
</gc-start>
<allocation-stats totalBytes="103656224" >
  <allocated-bytes non-tlh="200" tlh="103656024" />
  <largest-consumer threadName="main" threadId="0000000000016F00" bytes="103656224" />
</allocation-stats>
<gc-op id="5102" type="scavenge" timems="104.156" contextid="5099" timestamp="2022-02-08T17:25:32.469">
  <scavenger-info tenureage="1" tenuremask="7ffe" tiltratio="67" />
  <memory-copied type="nursery" objects="1296069" bytes="73702608" bytesdiscarded="117040" />
  <memory-copied type="tenure" objects="1413235" bytes="77974040" bytesdiscarded="44840" />
  <object-monitors candidates="2" cleared="0"  />
</gc-op>
<gc-end id="5103" type="scavenge" contextid="5099" durationms="104.570" usertimems="411.538" systemtimems="1.129" stalltimems="2.613" timestamp="2022-02-08T17:25:32.469" activeThreads="4">
  <mem-info id="5104" free="279684872" total="1073741824" percent="26">
    <mem type="nursery" free="108567040" total="268435456" percent="40">
      <mem type="allocate" free="108567040" total="182386688" percent="59" />
      <mem type="survivor" free="0" total="86048768" percent="0" />
    </mem>
    <mem type="tenure" free="171117832" total="805306368" percent="21" macro-fragmented="0">
      <mem type="soa" free="163064072" total="797252608" percent="20" />
      <mem type="loa" free="8053760" total="8053760" percent="100" />
    </mem>
    <remembered-set count="104" />
  </mem-info>
</gc-end>
<cycle-end id="5105" type="scavenge" contextid="5099" timestamp="2022-02-08T17:25:32.469" />
<allocation-satisfied id="5106" threadId="0000000000016F00" bytesRequested="24" />
<af-end id="5107" timestamp="2022-02-08T17:25:32.469" threadId="0000000000017908" success="true" from="nursery"/>
<exclusive-end id="5108" timestamp="2022-02-08T17:25:32.469" durationms="104.827" />

<exclusive-start id="5109" timestamp="2022-02-08T17:25:33.384" intervalms="1019.080">
  <response-info timems="0.019" idlems="0.019" threads="0" lastid="0000000000016F00" lastname="main" />
</exclusive-start>
<af-start id="5110" threadId="0000000000017908" totalBytesRequested="208" timestamp="2022-02-08T17:25:33.384" intervalms="1019.079" type="nursery" />
<cycle-start id="5111" type="scavenge" contextid="0" timestamp="2022-02-08T17:25:33.384" intervalms="1019.089" />
<gc-start id="5112" type="scavenge" contextid="5111" timestamp="2022-02-08T17:25:33.384">
  <mem-info id="5113" free="171117832" total="1073741824" percent="15">
    <mem type="nursery" free="0" total="268435456" percent="0">
      <mem type="allocate" free="0" total="182386688" percent="0" />
      <mem type="survivor" free="0" total="86048768" percent="0" />
    </mem>
    <mem type="tenure" free="171117832" total="805306368" percent="21">
      <mem type="soa" free="163064072" total="797252608" percent="20" />
      <mem type="loa" free="8053760" total="8053760" percent="100" />
    </mem>
    <remembered-set count="134" />
  </mem-info>
</gc-start>
<allocation-stats totalBytes="108517704" >
  <allocated-bytes non-tlh="2938272" tlh="105579432" />
  <largest-consumer threadName="main" threadId="0000000000016F00" bytes="108517704" />
</allocation-stats>
<gc-op id="5114" type="scavenge" timems="80.599" contextid="5111" timestamp="2022-02-08T17:25:33.464">
  <scavenger-info tenureage="1" tenuremask="7ffe" tiltratio="67" />
  <memory-copied type="nursery" objects="1447303" bytes="76263848" bytesdiscarded="105960" />
  <memory-copied type="tenure" objects="1296069" bytes="73702608" bytesdiscarded="42928" />
  <finalization candidates="110" enqueued="53" />
  <references type="soft" candidates="14" cleared="0" enqueued="0" dynamicThreshold="12" maxThreshold="32" />
  <references type="weak" candidates="1" cleared="0" enqueued="0" />
  <references type="phantom" candidates="95" cleared="7" enqueued="7" />
  <object-monitors candidates="2" cleared="0"  />
</gc-op>
<gc-end id="5115" type="scavenge" contextid="5111" durationms="80.973" usertimems="319.007" systemtimems="0.000" stalltimems="2.993" timestamp="2022-02-08T17:25:33.465" activeThreads="4">
  <mem-info id="5116" free="203585240" total="1073741824" percent="18">
    <mem type="nursery" free="106213360" total="268435456" percent="39">
      <mem type="allocate" free="106213360" total="182583296" percent="58" />
      <mem type="survivor" free="0" total="85852160" percent="0" />
    </mem>
    <mem type="tenure" free="97371880" total="805306368" percent="12" macro-fragmented="82818304">
      <mem type="soa" free="89318120" total="797252608" percent="11" />
      <mem type="loa" free="8053760" total="8053760" percent="100" />
    </mem>
    <pending-finalizers system="52" default="1" reference="7" classloader="0" />
    <remembered-set count="128" />
  </mem-info>
</gc-end>
<cycle-end id="5117" type="scavenge" contextid="5111" timestamp="2022-02-08T17:25:33.465" />
<allocation-satisfied id="5118" threadId="0000000000016F00" bytesRequested="208" />
<af-end id="5119" timestamp="2022-02-08T17:25:33.465" threadId="0000000000017908" success="true" from="nursery"/>
<exclusive-end id="5120" timestamp="2022-02-08T17:25:33.465" durationms="81.273" />

<concurrent-kickoff id="5121" timestamp="2022-02-08T17:25:34.142">
  <kickoff reason="threshold reached" targetBytes="74441602" thresholdFreeBytes="5746555"  remainingFree="5615600" tenureFreeBytes="97371880" nurseryFreeBytes="5615600" />
</concurrent-kickoff>
<exclusive-start id="5122" timestamp="2022-02-08T17:25:34.145" intervalms="761.256">
  <response-info timems="0.019" idlems="0.019" threads="0" lastid="0000000000016F00" lastname="main" />
</exclusive-start>
<cycle-start id="5123" type="global" contextid="0" timestamp="2022-02-08T17:25:34.145" intervalms="3695.294" />
<concurrent-start id="5124" type="global mark" contextid="5123" timestamp="2022-02-08T17:25:34.145">
</concurrent-start>
<exclusive-end id="5125" timestamp="2022-02-08T17:25:34.145" durationms="0.026" />

<exclusive-start id="5126" timestamp="2022-02-08T17:25:34.277" intervalms="132.335">
  <response-info timems="0.029" idlems="0.029" threads="0" lastid="0000000000016F00" lastname="main" />
</exclusive-start>
<af-start id="5127" threadId="0000000000017908" totalBytesRequested="104" timestamp="2022-02-08T17:25:34.277" intervalms="893.588" type="nursery" />
<cycle-start id="5128" type="scavenge" contextid="0" timestamp="2022-02-08T17:25:34.277" intervalms="893.585" />
<gc-start id="5129" type="scavenge" contextid="5128" timestamp="2022-02-08T17:25:34.277">
  <mem-info id="5130" free="97371880" total="1073741824" percent="9">
    <mem type="nursery" free="0" total="268435456" percent="0">
      <mem type="allocate" free="0" total="182583296" percent="0" />
      <mem type="survivor" free="0" total="85852160" percent="0" />
    </mem>
    <mem type="tenure" free="97371880" total="805306368" percent="12">
      <mem type="soa" free="89318120" total="797252608" percent="11" />
      <mem type="loa" free="8053760" total="8053760" percent="100" />
    </mem>
    <remembered-set count="129" />
  </mem-info>
</gc-start>
<allocation-stats totalBytes="106164888" >
  <allocated-bytes non-tlh="208" tlh="106164680" />
  <largest-consumer threadName="main" threadId="0000000000016F00" bytes="106156696" />
</allocation-stats>
<gc-op id="5131" type="scavenge" timems="79.193" contextid="5128" timestamp="2022-02-08T17:25:34.357">
  <scavenger-info tenureage="1" tenuremask="7ffe" tiltratio="68" />
  <memory-copied type="nursery" objects="1377704" bytes="75669968" bytesdiscarded="217232" />
  <memory-copied type="tenure" objects="1446591" bytes="75795880" bytesdiscarded="37456" />
  <finalization candidates="57" enqueued="0" />
  <object-monitors candidates="2" cleared="0"  />
</gc-op>
<gc-end id="5132" type="scavenge" contextid="5128" durationms="79.602" usertimems="312.679" systemtimems="0.849" stalltimems="2.449" timestamp="2022-02-08T17:25:34.357" activeThreads="4">
  <mem-info id="5133" free="129040112" total="1073741824" percent="12">
    <mem type="nursery" free="107351456" total="268435456" percent="39">
      <mem type="allocate" free="107351456" total="183238656" percent="58" />
      <mem type="survivor" free="0" total="85196800" percent="0" />
    </mem>
    <mem type="tenure" free="21688656" total="805306368" percent="2" macro-fragmented="0">
      <mem type="soa" free="13634896" total="797252608" percent="1" />
      <mem type="loa" free="8053760" total="8053760" percent="100" />
    </mem>
    <remembered-set count="103" />
  </mem-info>
</gc-end>
<cycle-end id="5134" type="scavenge" contextid="5128" timestamp="2022-02-08T17:25:34.357" />
<allocation-satisfied id="5135" threadId="0000000000016F00" bytesRequested="104" />
<af-end id="5136" timestamp="2022-02-08T17:25:34.357" threadId="0000000000017908" success="true" from="nursery"/>
<exclusive-end id="5137" timestamp="2022-02-08T17:25:34.357" durationms="79.880" />

<concurrent-end id="5138" type="global mark" contextid="5123" timestamp="2022-02-08T17:25:34.483">
<gc-op id="5139" type="trace" timems="338.247" contextid="5123" timestamp="2022-02-08T17:25:34.483">
  <trace bytesTraced="74448752" workStackOverflowCount="0" />
  <card-cleaning reason="card cleaning threshold reached" bytesTraced="1000" cardsCleaned="2" />
</gc-op>
</concurrent-end>

<exclusive-start id="5140" timestamp="2022-02-08T17:25:34.483" intervalms="205.979">
  <response-info timems="0.017" idlems="0.017" threads="0" lastid="0000000000016F00" lastname="main" />
</exclusive-start>
<concurrent-global-final id="5141" timestamp="2022-02-08T17:25:34.483" contextid="5123" intervalms="3700.590" >
  <concurrent-trace-info reason="card cleaning threshold reached" tracedByMutators="57238608" tracedByHelpers="17211144" cardsCleaned="2" workStackOverflowCount="0" />
</concurrent-global-final>
<gc-start id="5142" type="global" contextid="5123" timestamp="2022-02-08T17:25:34.483">
  <mem-info id="5143" free="120684168" total="1073741824" percent="11">
    <mem type="nursery" free="98995512" total="268435456" percent="36">
      <mem type="allocate" free="98995512" total="183238656" percent="54" />
      <mem type="survivor" free="0" total="85196800" percent="0" />
    </mem>
    <mem type="tenure" free="21688656" total="805306368" percent="2">
      <mem type="soa" free="13634896" total="797252608" percent="1" />
      <mem type="loa" free="8053760" total="8053760" percent="100" />
    </mem>
    <remembered-set count="103" />
  </mem-info>
</gc-start>
<allocation-stats totalBytes="8352632" >
  <allocated-bytes non-tlh="104" tlh="8352528" />
  <largest-consumer threadName="main" threadId="0000000000016F00" bytes="8352632" />
</allocation-stats>
<gc-op id="5144" type="rs-scan" timems="0.528" contextid="5123" timestamp="2022-02-08T17:25:34.484">
  <scan objectsFound="0" bytesTraced="3836" workStackOverflowCount="0" />
</gc-op>
<gc-op id="5145" type="card-cleaning" timems="145.829" contextid="5123" timestamp="2022-02-08T17:25:34.630">
  <card-cleaning cardsCleaned="10" bytesTraced="71018392" workStackOverflowCount="0" />
</gc-op>
<gc-op id="5146" type="mark" timems="67.484" contextid="5123" timestamp="2022-02-08T17:25:34.698">
  <trace-info objectcount="2354623" scancount="1767495" scanbytes="37774248" />
  <finalization candidates="428" enqueued="57" />
  <ownableSynchronizers candidates="1" cleared="0" />
  <references type="soft" candidates="894" cleared="0" enqueued="0" dynamicThreshold="12" maxThreshold="32" />
  <references type="weak" candidates="1701" cleared="0" enqueued="0" />
  <references type="phantom" candidates="52" cleared="2" enqueued="2" />
  <stringconstants candidates="6470" cleared="0"  />
  <object-monitors candidates="2" cleared="0"  />
</gc-op>
<gc-op id="5147" type="sweep" timems="5.217" contextid="5123" timestamp="2022-02-08T17:25:34.703" />
<gc-end id="5148" type="global" contextid="5123" durationms="219.695" usertimems="235.076" systemtimems="0.722" stalltimems="201.944" timestamp="2022-02-08T17:25:34.703" activeThreads="4">
  <mem-info id="5149" free="363804664" total="1073741824" percent="33">
    <mem type="nursery" free="99305560" total="268435456" percent="36">
      <mem type="allocate" free="99305560" total="183238656" percent="54" />
      <mem type="survivor" free="0" total="85196800" percent="0" />
    </mem>
    <mem type="tenure" free="264499104" total="805306368" percent="32" micro-fragmented="365399" macro-fragmented="0">
      <mem type="soa" free="256445344" total="797252608" percent="32" />
      <mem type="loa" free="8053760" total="8053760" percent="100" />
    </mem>
    <pending-finalizers system="57" default="0" reference="2" classloader="0" />
    <remembered-set count="103" />
  </mem-info>
</gc-end>
<cycle-end id="5150" type="global" contextid="5123" timestamp="2022-02-08T17:25:34.703" />
<exclusive-end id="5151" timestamp="2022-02-08T17:25:34.703" durationms="219.895" />

<exclusive-start id="5152" timestamp="2022-02-08T17:25:35.308" intervalms="824.888">
  <response-info timems="0.019" idlems="0.019" threads="0" lastid="0000000000016F00" lastname="main" />
</exclusive-start>
<af-start id="5153" threadId="0000000000017908" totalBytesRequested="16" timestamp="2022-02-08T17:25:35.308" intervalms="1030.869" type="nursery" />
<cycle-start id="5154" type="scavenge" contextid="0" timestamp="2022-02-08T17:25:35.308" intervalms="1030.862" />
<gc-start id="5155" type="scavenge" contextid="5154" timestamp="2022-02-08T17:25:35.308">
  <mem-info id="5156" free="264499104" total="1073741824" percent="24">
    <mem type="nursery" free="0" total="268435456" percent="0">
      <mem type="allocate" free="0" total="183238656" percent="0" />
      <mem type="survivor" free="0" total="85196800" percent="0" />
    </mem>
    <mem type="tenure" free="264499104" total="805306368" percent="32">
      <mem type="soa" free="256445344" total="797252608" percent="32" />
      <mem type="loa" free="8053760" total="8053760" percent="100" />
    </mem>
    <remembered-set count="106" />
  </mem-info>
</gc-start>
<allocation-stats totalBytes="99258816" >
  <allocated-bytes non-tlh="0" tlh="99258816" />
  <largest-consumer threadName="main" threadId="0000000000016F00" bytes="99254720" />
</allocation-stats>
<gc-op id="5157" type="scavenge" timems="79.543" contextid="5154" timestamp="2022-02-08T17:25:35.388">
  <scavenger-info tenureage="1" tenuremask="7ffe" tiltratio="68" />
  <memory-copied type="nursery" objects="1343465" bytes="76384736" bytesdiscarded="107296" />
  <memory-copied type="tenure" objects="1377704" bytes="75669968" bytesdiscarded="44720" />
  <ownableSynchronizers candidates="2" cleared="2" />
  <object-monitors candidates="2" cleared="0"  />
</gc-op>
<gc-end id="5158" type="scavenge" contextid="5154" durationms="79.933" usertimems="314.481" systemtimems="0.000" stalltimems="2.765" timestamp="2022-02-08T17:25:35.388" activeThreads="4">
  <mem-info id="5159" free="295640760" total="1073741824" percent="27">
    <mem type="nursery" free="107139840" total="268435456" percent="39">
      <mem type="allocate" free="107139840" total="183631872" percent="58" />
      <mem type="survivor" free="0" total="84803584" percent="0" />
    </mem>
    <mem type="tenure" free="188500920" total="805306368" percent="23" macro-fragmented="0">
      <mem type="soa" free="180447160" total="797252608" percent="22" />
      <mem type="loa" free="8053760" total="8053760" percent="100" />
    </mem>
    <remembered-set count="105" />
  </mem-info>
</gc-end>
<cycle-end id="5160" type="scavenge" contextid="5154" timestamp="2022-02-08T17:25:35.388" />
<allocation-satisfied id="5161" threadId="0000000000016F00" bytesRequested="16" />
<af-end id="5162" timestamp="2022-02-08T17:25:35.388" threadId="0000000000017908" success="true" from="nursery"/>
<exclusive-end id="5163" timestamp="2022-02-08T17:25:35.388" durationms="80.221" />

<exclusive-start id="5164" timestamp="2022-02-08T17:25:36.247" intervalms="938.855">
  <response-info timems="0.018" idlems="0.018" threads="0" lastid="0000000000016F00" lastname="main" />
</exclusive-start>
<af-start id="5165" threadId="0000000000017908" totalBytesRequested="104" timestamp="2022-02-08T17:25:36.247" intervalms="938.854" type="nursery" />
<cycle-start id="5166" type="scavenge" contextid="0" timestamp="2022-02-08T17:25:36.247" intervalms="938.851" />
<gc-start id="5167" type="scavenge" contextid="5166" timestamp="2022-02-08T17:25:36.247">
  <mem-info id="5168" free="188500920" total="1073741824" percent="17">
    <mem type="nursery" free="0" total="268435456" percent="0">
      <mem type="allocate" free="0" total="183631872" percent="0" />
      <mem type="survivor" free="0" total="84803584" percent="0" />
    </mem>
    <mem type="tenure" free="188500920" total="805306368" percent="23">
      <mem type="soa" free="180447160" total="797252608" percent="22" />
      <mem type="loa" free="8053760" total="8053760" percent="100" />
    </mem>
    <remembered-set count="136" />
  </mem-info>
</gc-start>
<allocation-stats totalBytes="107090608" >
  <allocated-bytes non-tlh="1590584" tlh="105500024" />
  <largest-consumer threadName="main" threadId="0000000000016F00" bytes="107090608" />
</allocation-stats>
<gc-op id="5169" type="scavenge" timems="76.849" contextid="5166" timestamp="2022-02-08T17:25:36.324">
  <scavenger-info tenureage="1" tenuremask="7ffe" tiltratio="68" />
  <memory-copied type="nursery" objects="1452232" bytes="75368144" bytesdiscarded="124104" />
  <memory-copied type="tenure" objects="1343465" bytes="76384736" bytesdiscarded="40648" />
  <finalization candidates="109" enqueued="53" />
  <references type="soft" candidates="14" cleared="0" enqueued="0" dynamicThreshold="10" maxThreshold="32" />
  <references type="weak" candidates="1" cleared="0" enqueued="0" />
  <references type="phantom" candidates="94" cleared="7" enqueued="7" />
  <object-monitors candidates="2" cleared="0"  />
</gc-op>
<gc-end id="5170" type="scavenge" contextid="5166" durationms="77.216" usertimems="304.349" systemtimems="0.000" stalltimems="2.332" timestamp="2022-02-08T17:25:36.324" activeThreads="4">
  <mem-info id="5171" free="220691504" total="1073741824" percent="20">
    <mem type="nursery" free="108598248" total="268435456" percent="40">
      <mem type="allocate" free="108598248" total="184090624" percent="58" />
      <mem type="survivor" free="0" total="84344832" percent="0" />
    </mem>
    <mem type="tenure" free="112093256" total="805306368" percent="13" macro-fragmented="0">
      <mem type="soa" free="104039496" total="797252608" percent="13" />
      <mem type="loa" free="8053760" total="8053760" percent="100" />
    </mem>
    <pending-finalizers system="52" default="1" reference="7" classloader="0" />
    <remembered-set count="131" />
  </mem-info>
</gc-end>
<cycle-end id="5172" type="scavenge" contextid="5166" timestamp="2022-02-08T17:25:36.325" />
<allocation-satisfied id="5173" threadId="0000000000016F00" bytesRequested="104" />
<af-end id="5174" timestamp="2022-02-08T17:25:36.325" threadId="0000000000017908" success="true" from="nursery"/>
<exclusive-end id="5175" timestamp="2022-02-08T17:25:36.325" durationms="77.543" />

<concurrent-kickoff id="5176" timestamp="2022-02-08T17:25:37.051">
  <kickoff reason="threshold reached" targetBytes="74443230" thresholdFreeBytes="5753306"  remainingFree="5694240" tenureFreeBytes="112093256" nurseryFreeBytes="5694240" />
</concurrent-kickoff>
<exclusive-start id="5177" timestamp="2022-02-08T17:25:37.054" intervalms="806.752">
  <response-info timems="0.019" idlems="0.019" threads="0" lastid="0000000000016F00" lastname="main" />
</exclusive-start>
<cycle-start id="5178" type="global" contextid="0" timestamp="2022-02-08T17:25:37.054" intervalms="2908.808" />
<concurrent-start id="5179" type="global mark" contextid="5178" timestamp="2022-02-08T17:25:37.054">
</concurrent-start>
<exclusive-end id="5180" timestamp="2022-02-08T17:25:37.054" durationms="0.026" />

<exclusive-start id="5181" timestamp="2022-02-08T17:25:37.181" intervalms="127.310">
  <response-info timems="0.028" idlems="0.028" threads="0" lastid="0000000000016F00" lastname="main" />
</exclusive-start>
<af-start id="5182" threadId="0000000000017908" totalBytesRequested="224" timestamp="2022-02-08T17:25:37.181" intervalms="934.062" type="nursery" />
<cycle-start id="5183" type="scavenge" contextid="0" timestamp="2022-02-08T17:25:37.181" intervalms="934.064" />
<gc-start id="5184" type="scavenge" contextid="5183" timestamp="2022-02-08T17:25:37.181">
  <mem-info id="5185" free="112093256" total="1073741824" percent="10">
    <mem type="nursery" free="0" total="268435456" percent="0">
      <mem type="allocate" free="0" total="184090624" percent="0" />
      <mem type="survivor" free="0" total="84344832" percent="0" />
    </mem>
    <mem type="tenure" free="112093256" total="805306368" percent="13">
      <mem type="soa" free="104039496" total="797252608" percent="13" />
      <mem type="loa" free="8053760" total="8053760" percent="100" />
    </mem>
    <remembered-set count="132" />
  </mem-info>
</gc-start>
<allocation-stats totalBytes="108545656" >
  <allocated-bytes non-tlh="1347784" tlh="107197872" />
  <largest-consumer threadName="main" threadId="0000000000016F00" bytes="108537464" />
</allocation-stats>
<gc-op id="5186" type="scavenge" timems="80.591" contextid="5183" timestamp="2022-02-08T17:25:37.262">
  <scavenger-info tenureage="1" tenuremask="7ffe" tiltratio="68" />
  <memory-copied type="nursery" objects="1382174" bytes="77723144" bytesdiscarded="275544" />
  <memory-copied type="tenure" objects="1451513" bytes="74424976" bytesdiscarded="43400" />
  <finalization candidates="57" enqueued="0" />
  <references type="phantom" candidates="1" cleared="0" enqueued="0" />
  <object-monitors candidates="2" cleared="0"  />
</gc-op>
<gc-end id="5187" type="scavenge" contextid="5183" durationms="80.954" usertimems="316.431" systemtimems="2.979" stalltimems="2.052" timestamp="2022-02-08T17:25:37.262" activeThreads="4">
  <mem-info id="5188" free="142055256" total="1073741824" percent="13">
    <mem type="nursery" free="104322464" total="268435456" percent="38">
      <mem type="allocate" free="104322464" total="182321152" percent="57" />
      <mem type="survivor" free="0" total="86114304" percent="0" />
    </mem>
    <mem type="tenure" free="37732792" total="805306368" percent="4" macro-fragmented="22292688">
      <mem type="soa" free="29679032" total="797252608" percent="3" />
      <mem type="loa" free="8053760" total="8053760" percent="100" />
    </mem>
    <remembered-set count="102" />
  </mem-info>
</gc-end>
<cycle-end id="5189" type="scavenge" contextid="5183" timestamp="2022-02-08T17:25:37.262" />
<allocation-satisfied id="5190" threadId="0000000000016F00" bytesRequested="224" />
<af-end id="5191" timestamp="2022-02-08T17:25:37.262" threadId="0000000000017908" success="true" from="nursery"/>
<exclusive-end id="5192" timestamp="2022-02-08T17:25:37.262" durationms="81.275" />

<concurrent-end id="5193" type="global mark" contextid="5178" timestamp="2022-02-08T17:25:37.388">
<gc-op id="5194" type="trace" timems="333.975" contextid="5178" timestamp="2022-02-08T17:25:37.388">
  <trace bytesTraced="74448896" workStackOverflowCount="0" />
  <card-cleaning reason="card cleaning threshold reached" bytesTraced="1000" cardsCleaned="2" />
</gc-op>
</concurrent-end>

<exclusive-start id="5195" timestamp="2022-02-08T17:25:37.388" intervalms="206.729">
  <response-info timems="0.016" idlems="0.016" threads="0" lastid="0000000000016F00" lastname="main" />
</exclusive-start>
<concurrent-global-final id="5196" timestamp="2022-02-08T17:25:37.388" contextid="5178" intervalms="2904.533" >
  <concurrent-trace-info reason="card cleaning threshold reached" tracedByMutators="58974012" tracedByHelpers="15475884" cardsCleaned="2" workStackOverflowCount="0" />
</concurrent-global-final>
<gc-start id="5197" type="global" contextid="5178" timestamp="2022-02-08T17:25:37.388">
  <mem-info id="5198" free="133961336" total="1073741824" percent="12">
    <mem type="nursery" free="96228544" total="268435456" percent="35">
      <mem type="allocate" free="96228544" total="182321152" percent="52" />
      <mem type="survivor" free="0" total="86114304" percent="0" />
    </mem>
    <mem type="tenure" free="37732792" total="805306368" percent="4">
      <mem type="soa" free="29679032" total="797252608" percent="3" />
      <mem type="loa" free="8053760" total="8053760" percent="100" />
    </mem>
    <remembered-set count="102" />
  </mem-info>
</gc-start>
<allocation-stats totalBytes="8089544" >
  <allocated-bytes non-tlh="224" tlh="8089320" />
  <largest-consumer threadName="main" threadId="0000000000016F00" bytes="8089544" />
</allocation-stats>
<gc-op id="5199" type="rs-scan" timems="0.514" contextid="5178" timestamp="2022-02-08T17:25:37.388">
  <scan objectsFound="29" bytesTraced="5268" workStackOverflowCount="0" />
</gc-op>
<gc-op id="5200" type="card-cleaning" timems="148.361" contextid="5178" timestamp="2022-02-08T17:25:37.537">
  <card-cleaning cardsCleaned="9" bytesTraced="71017008" workStackOverflowCount="0" />
</gc-op>
<gc-op id="5201" type="mark" timems="55.396" contextid="5178" timestamp="2022-02-08T17:25:37.592">
  <trace-info objectcount="2091414" scancount="1570088" scanbytes="33562920" />
  <finalization candidates="428" enqueued="57" />
  <ownableSynchronizers candidates="1" cleared="0" />
  <references type="soft" candidates="894" cleared="0" enqueued="0" dynamicThreshold="10" maxThreshold="32" />
  <references type="weak" candidates="1701" cleared="0" enqueued="0" />
  <references type="phantom" candidates="52" cleared="2" enqueued="2" />
  <stringconstants candidates="6470" cleared="0"  />
  <object-monitors candidates="2" cleared="0"  />
</gc-op>
<gc-op id="5202" type="sweep" timems="4.985" contextid="5178" timestamp="2022-02-08T17:25:37.597" />
<gc-end id="5203" type="global" contextid="5178" durationms="209.653" usertimems="223.907" systemtimems="0.246" stalltimems="166.084" timestamp="2022-02-08T17:25:37.598" activeThreads="4">
  <mem-info id="5204" free="377239152" total="1073741824" percent="35">
    <mem type="nursery" free="96596864" total="268435456" percent="35">
      <mem type="allocate" free="96596864" total="182321152" percent="52" />
      <mem type="survivor" free="0" total="86114304" percent="0" />
    </mem>
    <mem type="tenure" free="280642288" total="805306368" percent="34" micro-fragmented="292057" macro-fragmented="0">
      <mem type="soa" free="272588528" total="797252608" percent="34" />
      <mem type="loa" free="8053760" total="8053760" percent="100" />
    </mem>
    <pending-finalizers system="57" default="0" reference="2" classloader="0" />
    <remembered-set count="102" />
  </mem-info>
</gc-end>
<cycle-end id="5205" type="global" contextid="5178" timestamp="2022-02-08T17:25:37.598" />
<exclusive-end id="5206" timestamp="2022-02-08T17:25:37.598" durationms="209.913" />

<exclusive-start id="5207" timestamp="2022-02-08T17:25:38.191" intervalms="803.082">
  <response-info timems="0.018" idlems="0.018" threads="0" lastid="0000000000016F00" lastname="main" />
</exclusive-start>
<af-start id="5208" threadId="0000000000017908" totalBytesRequested="200" timestamp="2022-02-08T17:25:38.191" intervalms="1009.811" type="nursery" />
<cycle-start id="5209" type="scavenge" contextid="0" timestamp="2022-02-08T17:25:38.191" intervalms="1009.811" />
<gc-start id="5210" type="scavenge" contextid="5209" timestamp="2022-02-08T17:25:38.191">
  <mem-info id="5211" free="280642288" total="1073741824" percent="26">
    <mem type="nursery" free="0" total="268435456" percent="0">
      <mem type="allocate" free="0" total="182321152" percent="0" />
      <mem type="survivor" free="0" total="86114304" percent="0" />
    </mem>
    <mem type="tenure" free="280642288" total="805306368" percent="34">
      <mem type="soa" free="272588528" total="797252608" percent="34" />
      <mem type="loa" free="8053760" total="8053760" percent="100" />
    </mem>
    <remembered-set count="105" />
  </mem-info>
</gc-start>
<allocation-stats totalBytes="96552680" >
  <allocated-bytes non-tlh="0" tlh="96552680" />
  <largest-consumer threadName="main" threadId="0000000000016F00" bytes="96548584" />
</allocation-stats>
<gc-op id="5212" type="scavenge" timems="82.574" contextid="5209" timestamp="2022-02-08T17:25:38.274">
  <scavenger-info tenureage="1" tenuremask="7ffe" tiltratio="67" />
  <memory-copied type="nursery" objects="1311419" bytes="74304096" bytesdiscarded="317448" />
  <memory-copied type="tenure" objects="1382173" bytes="77723024" bytesdiscarded="49816" />
  <finalization candidates="1" enqueued="0" />
  <ownableSynchronizers candidates="2" cleared="2" />
  <object-monitors candidates="2" cleared="0"  />
</gc-op>
<gc-end id="5213" type="scavenge" contextid="5209" durationms="83.008" usertimems="323.404" systemtimems="4.051" stalltimems="2.004" timestamp="2022-02-08T17:25:38.274" activeThreads="4">
  <mem-info id="5214" free="310907744" total="1073741824" percent="28">
    <mem type="nursery" free="108158360" total="268435456" percent="40">
      <mem type="allocate" free="108158360" total="182779904" percent="59" />
      <mem type="survivor" free="0" total="85655552" percent="0" />
    </mem>
    <mem type="tenure" free="202749384" total="805306368" percent="25" macro-fragmented="0">
      <mem type="soa" free="194695624" total="797252608" percent="24" />
      <mem type="loa" free="8053760" total="8053760" percent="100" />
    </mem>
    <remembered-set count="105" />
  </mem-info>
</gc-end>
<cycle-end id="5215" type="scavenge" contextid="5209" timestamp="2022-02-08T17:25:38.274" />
<allocation-satisfied id="5216" threadId="0000000000016F00" bytesRequested="200" />
<af-end id="5217" timestamp="2022-02-08T17:25:38.274" threadId="0000000000017908" success="true" from="nursery"/>
<exclusive-end id="5218" timestamp="2022-02-08T17:25:38.274" durationms="83.299" />

<exclusive-start id="5219" timestamp="2022-02-08T17:25:39.162" intervalms="971.172">
  <response-info timems="0.017" idlems="0.017" threads="0" lastid="0000000000016F00" lastname="main" />
</exclusive-start>
<af-start id="5220" threadId="0000000000017908" totalBytesRequested="240" timestamp="2022-02-08T17:25:39.162" intervalms="971.174" type="nursery" />
<cycle-start id="5221" type="scavenge" contextid="0" timestamp="2022-02-08T17:25:39.162" intervalms="971.174" />
<gc-start id="5222" type="scavenge" contextid="5221" timestamp="2022-02-08T17:25:39.162">
  <mem-info id="5223" free="202749384" total="1073741824" percent="18">
    <mem type="nursery" free="0" total="268435456" percent="0">
      <mem type="allocate" free="0" total="182779904" percent="0" />
      <mem type="survivor" free="0" total="85655552" percent="0" />
    </mem>
    <mem type="tenure" free="202749384" total="805306368" percent="25">
      <mem type="soa" free="194695624" total="797252608" percent="24" />
      <mem type="loa" free="8053760" total="8053760" percent="100" />
    </mem>
    <remembered-set count="136" />
  </mem-info>
</gc-start>
<allocation-stats totalBytes="108110104" >
  <allocated-bytes non-tlh="1493968" tlh="106616136" />
  <largest-consumer threadName="main" threadId="0000000000016F00" bytes="108110104" />
</allocation-stats>
<gc-op id="5224" type="scavenge" timems="94.043" contextid="5221" timestamp="2022-02-08T17:25:39.256">
  <scavenger-info tenureage="1" tenuremask="7ffe" tiltratio="68" />
  <memory-copied type="nursery" objects="1487288" bytes="76129336" bytesdiscarded="163968" />
  <memory-copied type="tenure" objects="1311418" bytes="74303984" bytesdiscarded="40632" />
  <finalization candidates="109" enqueued="53" />
  <references type="soft" candidates="14" cleared="0" enqueued="0" dynamicThreshold="11" maxThreshold="32" />
  <references type="weak" candidates="1" cleared="0" enqueued="0" />
  <references type="phantom" candidates="94" cleared="7" enqueued="7" />
  <object-monitors candidates="2" cleared="0"  />
</gc-op>
<gc-end id="5225" type="scavenge" contextid="5221" durationms="94.470" usertimems="372.450" systemtimems="0.093" stalltimems="2.617" timestamp="2022-02-08T17:25:39.257" activeThreads="4">
  <mem-info id="5226" free="235069688" total="1073741824" percent="21">
    <mem type="nursery" free="106748616" total="268435456" percent="39">
      <mem type="allocate" free="106748616" total="183042048" percent="58" />
      <mem type="survivor" free="0" total="85393408" percent="0" />
    </mem>
    <mem type="tenure" free="128321072" total="805306368" percent="15" macro-fragmented="0">
      <mem type="soa" free="120267312" total="797252608" percent="15" />
      <mem type="loa" free="8053760" total="8053760" percent="100" />
    </mem>
    <pending-finalizers system="52" default="1" reference="7" classloader="0" />
    <remembered-set count="132" />
  </mem-info>
</gc-end>
<cycle-end id="5227" type="scavenge" contextid="5221" timestamp="2022-02-08T17:25:39.257" />
<allocation-satisfied id="5228" threadId="0000000000016F00" bytesRequested="240" />
<af-end id="5229" timestamp="2022-02-08T17:25:39.257" threadId="0000000000017908" success="true" from="nursery"/>
<exclusive-end id="5230" timestamp="2022-02-08T17:25:39.257" durationms="94.724" />

<concurrent-kickoff id="5231" timestamp="2022-02-08T17:25:39.923">
  <kickoff reason="threshold reached" targetBytes="74444563" thresholdFreeBytes="5752236"  remainingFree="5692104" tenureFreeBytes="128321072" nurseryFreeBytes="5692104" />
</concurrent-kickoff>
<exclusive-start id="5232" timestamp="2022-02-08T17:25:39.926" intervalms="764.224">
  <response-info timems="0.046" idlems="0.046" threads="0" lastid="0000000000016F00" lastname="main" />
</exclusive-start>
<cycle-start id="5233" type="global" contextid="0" timestamp="2022-02-08T17:25:39.926" intervalms="2872.518" />
<concurrent-start id="5234" type="global mark" contextid="5233" timestamp="2022-02-08T17:25:39.926">
</concurrent-start>
<exclusive-end id="5235" timestamp="2022-02-08T17:25:39.926" durationms="0.027" />

<exclusive-start id="5236" timestamp="2022-02-08T17:25:40.044" intervalms="117.401">
  <response-info timems="0.036" idlems="0.036" threads="0" lastid="0000000000016F00" lastname="main" />
</exclusive-start>
<af-start id="5237" threadId="0000000000017908" totalBytesRequested="104" timestamp="2022-02-08T17:25:40.044" intervalms="881.635" type="nursery" />
<cycle-start id="5238" type="scavenge" contextid="0" timestamp="2022-02-08T17:25:40.044" intervalms="881.633" />
<gc-start id="5239" type="scavenge" contextid="5238" timestamp="2022-02-08T17:25:40.044">
  <mem-info id="5240" free="128321072" total="1073741824" percent="11">
    <mem type="nursery" free="0" total="268435456" percent="0">
      <mem type="allocate" free="0" total="183042048" percent="0" />
      <mem type="survivor" free="0" total="85393408" percent="0" />
    </mem>
    <mem type="tenure" free="128321072" total="805306368" percent="15">
      <mem type="soa" free="120267312" total="797252608" percent="15" />
      <mem type="loa" free="8053760" total="8053760" percent="100" />
    </mem>
    <remembered-set count="133" />
  </mem-info>
</gc-start>
<allocation-stats totalBytes="106696648" >
  <allocated-bytes non-tlh="1347920" tlh="105348728" />
  <largest-consumer threadName="main" threadId="0000000000016F00" bytes="106688456" />
</allocation-stats>
<gc-op id="5241" type="scavenge" timems="77.156" contextid="5238" timestamp="2022-02-08T17:25:40.121">
  <scavenger-info tenureage="1" tenuremask="7ffe" tiltratio="68" />
  <memory-copied type="nursery" objects="1333905" bytes="76359376" bytesdiscarded="256944" />
  <memory-copied type="tenure" objects="1486568" bytes="75186040" bytesdiscarded="35880" />
  <finalization candidates="57" enqueued="0" />
  <references type="phantom" candidates="1" cleared="0" enqueued="0" />
  <object-monitors candidates="2" cleared="0"  />
</gc-op>
<gc-end id="5242" type="scavenge" contextid="5238" durationms="77.549" usertimems="304.057" systemtimems="0.140" stalltimems="3.678" timestamp="2022-02-08T17:25:40.121" activeThreads="4">
  <mem-info id="5243" free="160141528" total="1073741824" percent="14">
    <mem type="nursery" free="106950016" total="268435456" percent="39">
      <mem type="allocate" free="106950016" total="183566336" percent="58" />
      <mem type="survivor" free="0" total="84869120" percent="0" />
    </mem>
    <mem type="tenure" free="53191512" total="805306368" percent="6" macro-fragmented="418667">
      <mem type="soa" free="45137752" total="797252608" percent="5" />
      <mem type="loa" free="8053760" total="8053760" percent="100" />
    </mem>
    <remembered-set count="102" />
  </mem-info>
</gc-end>
<cycle-end id="5244" type="scavenge" contextid="5238" timestamp="2022-02-08T17:25:40.122" />
<allocation-satisfied id="5245" threadId="0000000000016F00" bytesRequested="104" />
<af-end id="5246" timestamp="2022-02-08T17:25:40.122" threadId="0000000000017908" success="true" from="nursery"/>
<exclusive-end id="5247" timestamp="2022-02-08T17:25:40.122" durationms="77.914" />

<concurrent-end id="5248" type="global mark" contextid="5233" timestamp="2022-02-08T17:25:40.249">
<gc-op id="5249" type="trace" timems="322.514" contextid="5233" timestamp="2022-02-08T17:25:40.249">
  <trace bytesTraced="74449168" workStackOverflowCount="0" />
  <card-cleaning reason="card cleaning threshold reached" bytesTraced="1000" cardsCleaned="2" />
</gc-op>
</concurrent-end>

<exclusive-start id="5250" timestamp="2022-02-08T17:25:40.249" intervalms="205.179">
  <response-info timems="0.017" idlems="0.017" threads="0" lastid="0000000000016F00" lastname="main" />
</exclusive-start>
<concurrent-global-final id="5251" timestamp="2022-02-08T17:25:40.249" contextid="5233" intervalms="2861.058" >
  <concurrent-trace-info reason="card cleaning threshold reached" tracedByMutators="59311660" tracedByHelpers="15138508" cardsCleaned="2" workStackOverflowCount="0" />
</concurrent-global-final>
<gc-start id="5252" type="global" contextid="5233" timestamp="2022-02-08T17:25:40.249">
  <mem-info id="5253" free="151654512" total="1073741824" percent="14">
    <mem type="nursery" free="98463000" total="268435456" percent="36">
      <mem type="allocate" free="98463000" total="183566336" percent="53" />
      <mem type="survivor" free="0" total="84869120" percent="0" />
    </mem>
    <mem type="tenure" free="53191512" total="805306368" percent="6">
      <mem type="soa" free="45137752" total="797252608" percent="5" />
      <mem type="loa" free="8053760" total="8053760" percent="100" />
    </mem>
    <remembered-set count="102" />
  </mem-info>
</gc-start>
<allocation-stats totalBytes="8482816" >
  <allocated-bytes non-tlh="104" tlh="8482712" />
  <largest-consumer threadName="main" threadId="0000000000016F00" bytes="8482816" />
</allocation-stats>
<gc-op id="5254" type="rs-scan" timems="0.675" contextid="5233" timestamp="2022-02-08T17:25:40.250">
  <scan objectsFound="29" bytesTraced="5268" workStackOverflowCount="0" />
</gc-op>
<gc-op id="5255" type="card-cleaning" timems="144.813" contextid="5233" timestamp="2022-02-08T17:25:40.395">
  <card-cleaning cardsCleaned="9" bytesTraced="71016944" workStackOverflowCount="0" />
</gc-op>
<gc-op id="5256" type="mark" timems="57.293" contextid="5233" timestamp="2022-02-08T17:25:40.452">
  <trace-info objectcount="1801531" scancount="1352676" scanbytes="28924776" />
  <finalization candidates="428" enqueued="57" />
  <ownableSynchronizers candidates="1" cleared="0" />
  <references type="soft" candidates="894" cleared="0" enqueued="0" dynamicThreshold="11" maxThreshold="32" />
  <references type="weak" candidates="1701" cleared="0" enqueued="0" />
  <references type="phantom" candidates="52" cleared="2" enqueued="2" />
  <stringconstants candidates="6470" cleared="0"  />
  <object-monitors candidates="2" cleared="0"  />
</gc-op>
<gc-op id="5257" type="sweep" timems="4.864" contextid="5233" timestamp="2022-02-08T17:25:40.457" />
<gc-end id="5258" type="global" contextid="5233" durationms="208.053" usertimems="260.072" systemtimems="4.253" stalltimems="128.238" timestamp="2022-02-08T17:25:40.457" activeThreads="4">
  <mem-info id="5259" free="394856608" total="1073741824" percent="36">
    <mem type="nursery" free="98812584" total="268435456" percent="36">
      <mem type="allocate" free="98812584" total="183566336" percent="53" />
      <mem type="survivor" free="0" total="84869120" percent="0" />
    </mem>
    <mem type="tenure" free="296044024" total="805306368" percent="36" micro-fragmented="308728" macro-fragmented="0">
      <mem type="soa" free="287990264" total="797252608" percent="36" />
      <mem type="loa" free="8053760" total="8053760" percent="100" />
    </mem>
    <pending-finalizers system="57" default="0" reference="2" classloader="0" />
    <remembered-set count="102" />
  </mem-info>
</gc-end>
<cycle-end id="5260" type="global" contextid="5233" timestamp="2022-02-08T17:25:40.457" />
<exclusive-end id="5261" timestamp="2022-02-08T17:25:40.457" durationms="208.248" />

<exclusive-start id="5262" timestamp="2022-02-08T17:25:41.078" intervalms="828.786">
  <response-info timems="0.019" idlems="0.019" threads="0" lastid="0000000000016F00" lastname="main" />
</exclusive-start>
<af-start id="5263" threadId="0000000000017908" totalBytesRequested="200" timestamp="2022-02-08T17:25:41.078" intervalms="1033.953" type="nursery" />
<cycle-start id="5264" type="scavenge" contextid="0" timestamp="2022-02-08T17:25:41.078" intervalms="1033.956" />
<gc-start id="5265" type="scavenge" contextid="5264" timestamp="2022-02-08T17:25:41.078">
  <mem-info id="5266" free="296044024" total="1073741824" percent="27">
    <mem type="nursery" free="0" total="268435456" percent="0">
      <mem type="allocate" free="0" total="183566336" percent="0" />
      <mem type="survivor" free="0" total="84869120" percent="0" />
    </mem>
    <mem type="tenure" free="296044024" total="805306368" percent="36">
      <mem type="soa" free="287990264" total="797252608" percent="36" />
      <mem type="loa" free="8053760" total="8053760" percent="100" />
    </mem>
    <remembered-set count="105" />
  </mem-info>
</gc-start>
<allocation-stats totalBytes="98765496" >
  <allocated-bytes non-tlh="0" tlh="98765496" />
  <largest-consumer threadName="main" threadId="0000000000016F00" bytes="98761400" />
</allocation-stats>
<gc-op id="5267" type="scavenge" timems="80.804" contextid="5264" timestamp="2022-02-08T17:25:41.159">
  <scavenger-info tenureage="1" tenuremask="7ffe" tiltratio="68" />
  <memory-copied type="nursery" objects="1353675" bytes="76185536" bytesdiscarded="318976" />
  <memory-copied type="tenure" objects="1333905" bytes="76359376" bytesdiscarded="48832" />
  <finalization candidates="1" enqueued="0" />
  <ownableSynchronizers candidates="2" cleared="2" />
  <object-monitors candidates="2" cleared="0"  />
</gc-op>
<gc-end id="5268" type="scavenge" contextid="5264" durationms="81.203" usertimems="312.348" systemtimems="2.970" stalltimems="2.428" timestamp="2022-02-08T17:25:41.159" activeThreads="4">
  <mem-info id="5269" free="326915992" total="1073741824" percent="30">
    <mem type="nursery" free="107520576" total="268435456" percent="40">
      <mem type="allocate" free="107520576" total="184025088" percent="58" />
      <mem type="survivor" free="0" total="84410368" percent="0" />
    </mem>
    <mem type="tenure" free="219395416" total="805306368" percent="27" macro-fragmented="0">
      <mem type="soa" free="211341656" total="797252608" percent="26" />
      <mem type="loa" free="8053760" total="8053760" percent="100" />
    </mem>
    <remembered-set count="105" />
  </mem-info>
</gc-end>
<cycle-end id="5270" type="scavenge" contextid="5264" timestamp="2022-02-08T17:25:41.159" />
<allocation-satisfied id="5271" threadId="0000000000016F00" bytesRequested="200" />
<af-end id="5272" timestamp="2022-02-08T17:25:41.159" threadId="0000000000017908" success="true" from="nursery"/>
<exclusive-end id="5273" timestamp="2022-02-08T17:25:41.159" durationms="81.492" />

<exclusive-start id="5274" timestamp="2022-02-08T17:25:41.974" intervalms="896.135">
  <response-info timems="0.021" idlems="0.021" threads="0" lastid="0000000000016F00" lastname="main" />
</exclusive-start>
<af-start id="5275" threadId="0000000000017908" totalBytesRequested="24" timestamp="2022-02-08T17:25:41.974" intervalms="896.135" type="nursery" />
<cycle-start id="5276" type="scavenge" contextid="0" timestamp="2022-02-08T17:25:41.974" intervalms="896.134" />
<gc-start id="5277" type="scavenge" contextid="5276" timestamp="2022-02-08T17:25:41.974">
  <mem-info id="5278" free="219395416" total="1073741824" percent="20">
    <mem type="nursery" free="0" total="268435456" percent="0">
      <mem type="allocate" free="0" total="184025088" percent="0" />
      <mem type="survivor" free="0" total="84410368" percent="0" />
    </mem>
    <mem type="tenure" free="219395416" total="805306368" percent="27">
      <mem type="soa" free="211341656" total="797252608" percent="26" />
      <mem type="loa" free="8053760" total="8053760" percent="100" />
    </mem>
    <remembered-set count="136" />
  </mem-info>
</gc-start>
<allocation-stats totalBytes="107472280" >
  <allocated-bytes non-tlh="945928" tlh="106526352" />
  <largest-consumer threadName="main" threadId="0000000000016F00" bytes="107472280" />
</allocation-stats>
<gc-op id="5279" type="scavenge" timems="78.428" contextid="5276" timestamp="2022-02-08T17:25:42.052">
  <scavenger-info tenureage="1" tenuremask="7ffe" tiltratio="68" />
  <memory-copied type="nursery" objects="1452668" bytes="75767744" bytesdiscarded="130560" />
  <memory-copied type="tenure" objects="1353674" bytes="76185424" bytesdiscarded="37528" />
  <finalization candidates="92" enqueued="51" />
  <references type="soft" candidates="14" cleared="0" enqueued="0" dynamicThreshold="11" maxThreshold="32" />
  <references type="weak" candidates="1" cleared="0" enqueued="0" />
  <references type="phantom" candidates="77" cleared="7" enqueued="7" />
  <object-monitors candidates="2" cleared="0"  />
</gc-op>
<gc-end id="5280" type="scavenge" contextid="5276" durationms="78.835" usertimems="301.393" systemtimems="0.353" stalltimems="3.329" timestamp="2022-02-08T17:25:42.053" activeThreads="4">
  <mem-info id="5281" free="251931504" total="1073741824" percent="23">
    <mem type="nursery" free="108585408" total="268435456" percent="40">
      <mem type="allocate" free="108585408" total="184483840" percent="58" />
      <mem type="survivor" free="0" total="83951616" percent="0" />
    </mem>
    <mem type="tenure" free="143346096" total="805306368" percent="17" macro-fragmented="0">
      <mem type="soa" free="135292336" total="797252608" percent="16" />
      <mem type="loa" free="8053760" total="8053760" percent="100" />
    </mem>
    <pending-finalizers system="50" default="1" reference="7" classloader="0" />
    <remembered-set count="132" />
  </mem-info>
</gc-end>
<cycle-end id="5282" type="scavenge" contextid="5276" timestamp="2022-02-08T17:25:42.053" />
<allocation-satisfied id="5283" threadId="0000000000016F00" bytesRequested="24" />
<af-end id="5284" timestamp="2022-02-08T17:25:42.053" threadId="0000000000017908" success="true" from="nursery"/>
<exclusive-end id="5285" timestamp="2022-02-08T17:25:42.053" durationms="79.084" />

<concurrent-kickoff id="5286" timestamp="2022-02-08T17:25:42.737">
  <kickoff reason="threshold reached" targetBytes="74445682" thresholdFreeBytes="5751385"  remainingFree="5744304" tenureFreeBytes="143346096" nurseryFreeBytes="5744304" />
</concurrent-kickoff>
<exclusive-start id="5287" timestamp="2022-02-08T17:25:42.740" intervalms="766.130">
  <response-info timems="0.019" idlems="0.019" threads="0" lastid="0000000000016F00" lastname="main" />
</exclusive-start>
<cycle-start id="5288" type="global" contextid="0" timestamp="2022-02-08T17:25:42.740" intervalms="2813.632" />
<concurrent-start id="5289" type="global mark" contextid="5288" timestamp="2022-02-08T17:25:42.740">
</concurrent-start>
<exclusive-end id="5290" timestamp="2022-02-08T17:25:42.740" durationms="0.029" />

<exclusive-start id="5291" timestamp="2022-02-08T17:25:42.910" intervalms="169.679">
  <response-info timems="0.036" idlems="0.036" threads="0" lastid="0000000000016F00" lastname="main" />
</exclusive-start>
<af-start id="5292" threadId="0000000000017908" totalBytesRequested="184" timestamp="2022-02-08T17:25:42.910" intervalms="935.808" type="nursery" />
<cycle-start id="5293" type="scavenge" contextid="0" timestamp="2022-02-08T17:25:42.910" intervalms="935.807" />
<gc-start id="5294" type="scavenge" contextid="5293" timestamp="2022-02-08T17:25:42.910">
  <mem-info id="5295" free="143346096" total="1073741824" percent="13">
    <mem type="nursery" free="0" total="268435456" percent="0">
      <mem type="allocate" free="0" total="184483840" percent="0" />
      <mem type="survivor" free="0" total="83951616" percent="0" />
    </mem>
    <mem type="tenure" free="143346096" total="805306368" percent="17">
      <mem type="soa" free="135292336" total="797252608" percent="16" />
      <mem type="loa" free="8053760" total="8053760" percent="100" />
    </mem>
    <remembered-set count="133" />
  </mem-info>
</gc-start>
<allocation-stats totalBytes="108535144" >
  <allocated-bytes non-tlh="2063120" tlh="106472024" />
  <largest-consumer threadName="main" threadId="0000000000016F00" bytes="108526952" />
</allocation-stats>
<gc-op id="5296" type="scavenge" timems="76.370" contextid="5293" timestamp="2022-02-08T17:25:42.986">
  <scavenger-info tenureage="1" tenuremask="7ffe" tiltratio="68" />
  <memory-copied type="nursery" objects="1386625" bytes="77205456" bytesdiscarded="192656" />
  <memory-copied type="tenure" objects="1451969" bytes="75217512" bytesdiscarded="40864" />
  <finalization candidates="59" enqueued="2" />
  <references type="phantom" candidates="18" cleared="0" enqueued="0" />
  <object-monitors candidates="2" cleared="0"  />
</gc-op>
<gc-end id="5297" type="scavenge" contextid="5293" durationms="76.764" usertimems="300.846" systemtimems="0.891" stalltimems="3.094" timestamp="2022-02-08T17:25:42.986" activeThreads="4">
  <mem-info id="5298" free="174165488" total="1073741824" percent="16">
    <mem type="nursery" free="106299296" total="268435456" percent="39">
      <mem type="allocate" free="106299296" total="183697408" percent="57" />
      <mem type="survivor" free="0" total="84738048" percent="0" />
    </mem>
    <mem type="tenure" free="67866192" total="805306368" percent="8" macro-fragmented="11146344">
      <mem type="soa" free="59812432" total="797252608" percent="7" />
      <mem type="loa" free="8053760" total="8053760" percent="100" />
    </mem>
    <pending-finalizers system="2" default="0" reference="0" classloader="0" />
    <remembered-set count="108" />
  </mem-info>
</gc-end>
<cycle-end id="5299" type="scavenge" contextid="5293" timestamp="2022-02-08T17:25:42.987" />
<allocation-satisfied id="5300" threadId="0000000000016F00" bytesRequested="184" />
<af-end id="5301" timestamp="2022-02-08T17:25:42.987" threadId="0000000000017908" success="true" from="nursery"/>
<exclusive-end id="5302" timestamp="2022-02-08T17:25:42.987" durationms="77.042" />

<concurrent-end id="5303" type="global mark" contextid="5288" timestamp="2022-02-08T17:25:43.099">
<gc-op id="5304" type="trace" timems="358.818" contextid="5288" timestamp="2022-02-08T17:25:43.099">
  <trace bytesTraced="74449440" workStackOverflowCount="0" />
  <card-cleaning reason="card cleaning threshold reached" bytesTraced="1000" cardsCleaned="2" />
</gc-op>
</concurrent-end>

<exclusive-start id="5305" timestamp="2022-02-08T17:25:43.099" intervalms="189.209">
  <response-info timems="0.018" idlems="0.018" threads="0" lastid="0000000000016F00" lastname="main" />
</exclusive-start>
<concurrent-global-final id="5306" timestamp="2022-02-08T17:25:43.099" contextid="5288" intervalms="2849.939" >
  <concurrent-trace-info reason="card cleaning threshold reached" tracedByMutators="53551372" tracedByHelpers="20899068" cardsCleaned="2" workStackOverflowCount="0" />
</concurrent-global-final>
<gc-start id="5307" type="global" contextid="5288" timestamp="2022-02-08T17:25:43.099">
  <mem-info id="5308" free="165936440" total="1073741824" percent="15">
    <mem type="nursery" free="98070248" total="268435456" percent="36">
      <mem type="allocate" free="98070248" total="183697408" percent="53" />
      <mem type="survivor" free="0" total="84738048" percent="0" />
    </mem>
    <mem type="tenure" free="67866192" total="805306368" percent="8">
      <mem type="soa" free="59812432" total="797252608" percent="7" />
      <mem type="loa" free="8053760" total="8053760" percent="100" />
    </mem>
    <remembered-set count="108" />
  </mem-info>
</gc-start>
<allocation-stats totalBytes="8224824" >
  <allocated-bytes non-tlh="184" tlh="8224640" />
  <largest-consumer threadName="main" threadId="0000000000016F00" bytes="8220728" />
</allocation-stats>
<gc-op id="5309" type="rs-scan" timems="0.549" contextid="5288" timestamp="2022-02-08T17:25:43.099">
  <scan objectsFound="29" bytesTraced="5332" workStackOverflowCount="0" />
</gc-op>
<gc-op id="5310" type="card-cleaning" timems="152.693" contextid="5288" timestamp="2022-02-08T17:25:43.252">
  <card-cleaning cardsCleaned="10" bytesTraced="71017120" workStackOverflowCount="0" />
</gc-op>
<gc-op id="5311" type="mark" timems="49.396" contextid="5288" timestamp="2022-02-08T17:25:43.302">
  <trace-info objectcount="1559087" scancount="1170842" scanbytes="25045672" />
  <finalization candidates="428" enqueued="57" />
  <ownableSynchronizers candidates="1" cleared="0" />
  <references type="soft" candidates="894" cleared="0" enqueued="0" dynamicThreshold="11" maxThreshold="32" />
  <references type="weak" candidates="1701" cleared="0" enqueued="0" />
  <references type="phantom" candidates="52" cleared="2" enqueued="2" />
  <stringconstants candidates="6470" cleared="0"  />
  <object-monitors candidates="2" cleared="0"  />
</gc-op>
<gc-op id="5312" type="sweep" timems="4.958" contextid="5288" timestamp="2022-02-08T17:25:43.307" />
<gc-end id="5313" type="global" contextid="5288" durationms="207.987" usertimems="261.577" systemtimems="0.000" stalltimems="108.581" timestamp="2022-02-08T17:25:43.307" activeThreads="4">
  <mem-info id="5314" free="409264456" total="1073741824" percent="38">
    <mem type="nursery" free="98374352" total="268435456" percent="36">
      <mem type="allocate" free="98374352" total="183697408" percent="53" />
      <mem type="survivor" free="0" total="84738048" percent="0" />
    </mem>
    <mem type="tenure" free="310890104" total="805306368" percent="38" micro-fragmented="275445" macro-fragmented="0">
      <mem type="soa" free="302836344" total="797252608" percent="37" />
      <mem type="loa" free="8053760" total="8053760" percent="100" />
    </mem>
    <pending-finalizers system="57" default="0" reference="2" classloader="0" />
    <remembered-set count="108" />
  </mem-info>
</gc-end>
<cycle-end id="5315" type="global" contextid="5288" timestamp="2022-02-08T17:25:43.307" />
<exclusive-end id="5316" timestamp="2022-02-08T17:25:43.307" durationms="208.183" />

<exclusive-start id="5317" timestamp="2022-02-08T17:25:43.925" intervalms="826.083">
  <response-info timems="0.018" idlems="0.018" threads="0" lastid="0000000000016F00" lastname="main" />
</exclusive-start>
<af-start id="5318" threadId="0000000000017908" totalBytesRequested="208" timestamp="2022-02-08T17:25:43.925" intervalms="1015.293" type="nursery" />
<cycle-start id="5319" type="scavenge" contextid="0" timestamp="2022-02-08T17:25:43.925" intervalms="1015.293" />
<gc-start id="5320" type="scavenge" contextid="5319" timestamp="2022-02-08T17:25:43.925">
  <mem-info id="5321" free="310890104" total="1073741824" percent="28">
    <mem type="nursery" free="0" total="268435456" percent="0">
      <mem type="allocate" free="0" total="183697408" percent="0" />
      <mem type="survivor" free="0" total="84738048" percent="0" />
    </mem>
    <mem type="tenure" free="310890104" total="805306368" percent="38">
      <mem type="soa" free="302836344" total="797252608" percent="37" />
      <mem type="loa" free="8053760" total="8053760" percent="100" />
    </mem>
    <remembered-set count="111" />
  </mem-info>
</gc-start>
<allocation-stats totalBytes="98328752" >
  <allocated-bytes non-tlh="0" tlh="98328752" />
  <largest-consumer threadName="main" threadId="0000000000016F00" bytes="98324656" />
</allocation-stats>
<gc-op id="5322" type="scavenge" timems="75.507" contextid="5319" timestamp="2022-02-08T17:25:44.001">
  <scavenger-info tenureage="1" tenuremask="7ffe" tiltratio="68" />
  <memory-copied type="nursery" objects="1340735" bytes="75686176" bytesdiscarded="363024" />
  <memory-copied type="tenure" objects="1386600" bytes="77188152" bytesdiscarded="48280" />
  <finalization candidates="16" enqueued="0" />
  <ownableSynchronizers candidates="2" cleared="2" />
  <object-monitors candidates="2" cleared="0"  />
</gc-op>
<gc-end id="5323" type="scavenge" contextid="5319" durationms="75.911" usertimems="298.690" systemtimems="0.000" stalltimems="2.522" timestamp="2022-02-08T17:25:44.001" activeThreads="4">
  <mem-info id="5324" free="341474448" total="1073741824" percent="31">
    <mem type="nursery" free="107910352" total="268435456" percent="40">
      <mem type="allocate" free="107910352" total="183959552" percent="58" />
      <mem type="survivor" free="0" total="84475904" percent="0" />
    </mem>
    <mem type="tenure" free="233564096" total="805306368" percent="29" macro-fragmented="0">
      <mem type="soa" free="225510336" total="797252608" percent="28" />
      <mem type="loa" free="8053760" total="8053760" percent="100" />
    </mem>
    <remembered-set count="105" />
  </mem-info>
</gc-end>
<cycle-end id="5325" type="scavenge" contextid="5319" timestamp="2022-02-08T17:25:44.001" />
<allocation-satisfied id="5326" threadId="0000000000016F00" bytesRequested="208" />
<af-end id="5327" timestamp="2022-02-08T17:25:44.001" threadId="0000000000017908" success="true" from="nursery"/>
<exclusive-end id="5328" timestamp="2022-02-08T17:25:44.001" durationms="76.188" />

<exclusive-start id="5329" timestamp="2022-02-08T17:25:44.686" intervalms="761.548">
  <response-info timems="0.016" idlems="0.016" threads="0" lastid="0000000000016F00" lastname="main" />
</exclusive-start>
<af-start id="5330" threadId="0000000000017908" totalBytesRequested="32" timestamp="2022-02-08T17:25:44.687" intervalms="761.545" type="nursery" />
<cycle-start id="5331" type="scavenge" contextid="0" timestamp="2022-02-08T17:25:44.687" intervalms="761.544" />
<gc-start id="5332" type="scavenge" contextid="5331" timestamp="2022-02-08T17:25:44.687">
  <mem-info id="5333" free="233564096" total="1073741824" percent="21">
    <mem type="nursery" free="0" total="268435456" percent="0">
      <mem type="allocate" free="0" total="183959552" percent="0" />
      <mem type="survivor" free="0" total="84475904" percent="0" />
    </mem>
    <mem type="tenure" free="233564096" total="805306368" percent="29">
      <mem type="soa" free="225510336" total="797252608" percent="28" />
      <mem type="loa" free="8053760" total="8053760" percent="100" />
    </mem>
    <remembered-set count="115" />
  </mem-info>
</gc-start>
<allocation-stats totalBytes="107862416" >
  <allocated-bytes non-tlh="208" tlh="107862208" />
  <largest-consumer threadName="main" threadId="0000000000016F00" bytes="107862416" />
</allocation-stats>
<gc-op id="5334" type="scavenge" timems="90.036" contextid="5331" timestamp="2022-02-08T17:25:44.777">
  <scavenger-info tenureage="1" tenuremask="7ffe" tiltratio="68" />
  <memory-copied type="nursery" objects="1349500" bytes="76674224" bytesdiscarded="122640" />
  <memory-copied type="tenure" objects="1340734" bytes="75686064" bytesdiscarded="41696" />
  <finalization candidates="9" enqueued="4" />
  <references type="phantom" candidates="9" cleared="0" enqueued="0" />
  <object-monitors candidates="2" cleared="0"  />
</gc-op>
<gc-end id="5335" type="scavenge" contextid="5331" durationms="90.413" usertimems="355.264" systemtimems="0.000" stalltimems="4.334" timestamp="2022-02-08T17:25:44.777" activeThreads="4">
  <mem-info id="5336" free="264991288" total="1073741824" percent="24">
    <mem type="nursery" free="107228224" total="268435456" percent="39">
      <mem type="allocate" free="107228224" total="184025088" percent="58" />
      <mem type="survivor" free="0" total="84410368" percent="0" />
    </mem>
    <mem type="tenure" free="157763064" total="805306368" percent="19" macro-fragmented="0">
      <mem type="soa" free="149709304" total="797252608" percent="18" />
      <mem type="loa" free="8053760" total="8053760" percent="100" />
    </mem>
    <pending-finalizers system="4" default="0" reference="0" classloader="0" />
    <remembered-set count="115" />
  </mem-info>
</gc-end>
<cycle-end id="5337" type="scavenge" contextid="5331" timestamp="2022-02-08T17:25:44.777" />
<allocation-satisfied id="5338" threadId="0000000000016F00" bytesRequested="32" />
<af-end id="5339" timestamp="2022-02-08T17:25:44.777" threadId="0000000000017908" success="true" from="nursery"/>
<exclusive-end id="5340" timestamp="2022-02-08T17:25:44.777" durationms="90.688" />

<concurrent-kickoff id="5341" timestamp="2022-02-08T17:25:45.617">
  <kickoff reason="threshold reached" targetBytes="74446635" thresholdFreeBytes="5778051"  remainingFree="5712960" tenureFreeBytes="157763064" nurseryFreeBytes="5712960" />
</concurrent-kickoff>
<exclusive-start id="5342" timestamp="2022-02-08T17:25:45.620" intervalms="933.394">
  <response-info timems="0.020" idlems="0.020" threads="0" lastid="0000000000016F00" lastname="main" />
</exclusive-start>
<cycle-start id="5343" type="global" contextid="0" timestamp="2022-02-08T17:25:45.620" intervalms="2879.914" />
<concurrent-start id="5344" type="global mark" contextid="5343" timestamp="2022-02-08T17:25:45.620">
</concurrent-start>
<exclusive-end id="5345" timestamp="2022-02-08T17:25:45.620" durationms="0.028" />

<exclusive-start id="5346" timestamp="2022-02-08T17:25:45.734" intervalms="113.739">
  <response-info timems="0.046" idlems="0.024" threads="1" lastid="00000000001C3D00" lastname="Concurrent Mark Helper" />
</exclusive-start>
<af-start id="5347" threadId="0000000000017908" totalBytesRequested="208" timestamp="2022-02-08T17:25:45.734" intervalms="1047.138" type="nursery" />
<cycle-start id="5348" type="scavenge" contextid="0" timestamp="2022-02-08T17:25:45.734" intervalms="1047.141" />
<gc-start id="5349" type="scavenge" contextid="5348" timestamp="2022-02-08T17:25:45.734">
  <mem-info id="5350" free="157763064" total="1073741824" percent="14">
    <mem type="nursery" free="0" total="268435456" percent="0">
      <mem type="allocate" free="0" total="184025088" percent="0" />
      <mem type="survivor" free="0" total="84410368" percent="0" />
    </mem>
    <mem type="tenure" free="157763064" total="805306368" percent="19">
      <mem type="soa" free="149709304" total="797252608" percent="18" />
      <mem type="loa" free="8053760" total="8053760" percent="100" />
    </mem>
    <remembered-set count="136" />
  </mem-info>
</gc-start>
<allocation-stats totalBytes="107181520" >
  <allocated-bytes non-tlh="2938280" tlh="104243240" />
  <largest-consumer threadName="main" threadId="0000000000016F00" bytes="107177424" />
</allocation-stats>
<gc-op id="5351" type="scavenge" timems="89.020" contextid="5348" timestamp="2022-02-08T17:25:45.823">
  <scavenger-info tenureage="1" tenuremask="7ffe" tiltratio="68" />
  <memory-copied type="nursery" objects="1435702" bytes="75376888" bytesdiscarded="174344" />
  <memory-copied type="tenure" objects="1349411" bytes="76631568" bytesdiscarded="40768" />
  <finalization candidates="106" enqueued="49" />
  <references type="soft" candidates="14" cleared="0" enqueued="0" dynamicThreshold="12" maxThreshold="32" />
  <references type="weak" candidates="1" cleared="0" enqueued="0" />
  <references type="phantom" candidates="91" cleared="7" enqueued="7" />
  <object-monitors candidates="2" cleared="0"  />
</gc-op>
<gc-end id="5352" type="scavenge" contextid="5348" durationms="89.440" usertimems="348.788" systemtimems="0.812" stalltimems="3.780" timestamp="2022-02-08T17:25:45.823" activeThreads="4">
  <mem-info id="5353" free="189853184" total="1073741824" percent="17">
    <mem type="nursery" free="108801408" total="268435456" percent="40">
      <mem type="allocate" free="108801408" total="184352768" percent="59" />
      <mem type="survivor" free="0" total="84082688" percent="0" />
    </mem>
    <mem type="tenure" free="81051776" total="805306368" percent="10" macro-fragmented="47927252">
      <mem type="soa" free="72998016" total="797252608" percent="9" />
      <mem type="loa" free="8053760" total="8053760" percent="100" />
    </mem>
    <pending-finalizers system="48" default="1" reference="7" classloader="0" />
    <remembered-set count="123" />
  </mem-info>
</gc-end>
<cycle-end id="5354" type="scavenge" contextid="5348" timestamp="2022-02-08T17:25:45.823" />
<allocation-satisfied id="5355" threadId="0000000000016F00" bytesRequested="208" />
<af-end id="5356" timestamp="2022-02-08T17:25:45.823" threadId="0000000000017908" success="true" from="nursery"/>
<exclusive-end id="5357" timestamp="2022-02-08T17:25:45.823" durationms="89.777" />

<concurrent-end id="5358" type="global mark" contextid="5343" timestamp="2022-02-08T17:25:45.959">
<gc-op id="5359" type="trace" timems="339.241" contextid="5343" timestamp="2022-02-08T17:25:45.959">
  <trace bytesTraced="74449616" workStackOverflowCount="0" />
  <card-cleaning reason="card cleaning threshold reached" bytesTraced="1000" cardsCleaned="2" />
</gc-op>
</concurrent-end>

<exclusive-start id="5360" timestamp="2022-02-08T17:25:45.959" intervalms="225.570">
  <response-info timems="0.018" idlems="0.018" threads="0" lastid="0000000000016F00" lastname="main" />
</exclusive-start>
<concurrent-global-final id="5361" timestamp="2022-02-08T17:25:45.959" contextid="5343" intervalms="2860.335" >
  <concurrent-trace-info reason="card cleaning threshold reached" tracedByMutators="59060908" tracedByHelpers="15389708" cardsCleaned="2" workStackOverflowCount="0" />
</concurrent-global-final>
<gc-start id="5362" type="global" contextid="5343" timestamp="2022-02-08T17:25:45.959">
  <mem-info id="5363" free="181226800" total="1073741824" percent="16">
    <mem type="nursery" free="100175024" total="268435456" percent="37">
      <mem type="allocate" free="100175024" total="184352768" percent="54" />
      <mem type="survivor" free="0" total="84082688" percent="0" />
    </mem>
    <mem type="tenure" free="81051776" total="805306368" percent="10">
      <mem type="soa" free="72998016" total="797252608" percent="9" />
      <mem type="loa" free="8053760" total="8053760" percent="100" />
    </mem>
    <remembered-set count="124" />
  </mem-info>
</gc-start>
<allocation-stats totalBytes="8623168" >
  <allocated-bytes non-tlh="208" tlh="8622960" />
  <largest-consumer threadName="main" threadId="0000000000016F00" bytes="8614976" />
</allocation-stats>
<gc-op id="5364" type="rs-scan" timems="127.943" contextid="5343" timestamp="2022-02-08T17:25:46.087">
  <scan objectsFound="3324743" bytesTraced="71019284" workStackOverflowCount="0" />
</gc-op>
<gc-op id="5365" type="card-cleaning" timems="0.257" contextid="5343" timestamp="2022-02-08T17:25:46.087">
  <card-cleaning cardsCleaned="4" bytesTraced="1984" workStackOverflowCount="0" />
</gc-op>
<gc-op id="5366" type="mark" timems="35.130" contextid="5343" timestamp="2022-02-08T17:25:46.123">
  <trace-info objectcount="1258869" scancount="945678" scanbytes="20242184" />
  <finalization candidates="428" enqueued="57" />
  <ownableSynchronizers candidates="1" cleared="0" />
  <references type="soft" candidates="894" cleared="0" enqueued="0" dynamicThreshold="12" maxThreshold="32" />
  <references type="weak" candidates="1701" cleared="0" enqueued="0" />
  <references type="phantom" candidates="52" cleared="2" enqueued="2" />
  <stringconstants candidates="6470" cleared="0"  />
  <object-monitors candidates="2" cleared="0"  />
</gc-op>
<gc-op id="5367" type="sweep" timems="4.408" contextid="5343" timestamp="2022-02-08T17:25:46.127" />
<gc-end id="5368" type="global" contextid="5343" durationms="168.161" usertimems="182.552" systemtimems="0.105" stalltimems="104.640" timestamp="2022-02-08T17:25:46.127" activeThreads="4">
  <mem-info id="5369" free="424882384" total="1073741824" percent="39">
    <mem type="nursery" free="100886928" total="268435456" percent="37">
      <mem type="allocate" free="100886928" total="184352768" percent="54" />
      <mem type="survivor" free="0" total="84082688" percent="0" />
    </mem>
    <mem type="tenure" free="323995456" total="805306368" percent="40" micro-fragmented="343799" macro-fragmented="1800196">
      <mem type="soa" free="315941696" total="797252608" percent="39" />
      <mem type="loa" free="8053760" total="8053760" percent="100" />
    </mem>
    <pending-finalizers system="57" default="0" reference="2" classloader="0" />
    <remembered-set count="110" />
  </mem-info>
</gc-end>
<cycle-end id="5370" type="global" contextid="5343" timestamp="2022-02-08T17:25:46.128" />
<exclusive-end id="5371" timestamp="2022-02-08T17:25:46.128" durationms="168.390" />

<exclusive-start id="5372" timestamp="2022-02-08T17:25:46.810" intervalms="850.837">
  <response-info timems="0.018" idlems="0.018" threads="0" lastid="0000000000016F00" lastname="main" />
</exclusive-start>
<af-start id="5373" threadId="0000000000017908" totalBytesRequested="200" timestamp="2022-02-08T17:25:46.810" intervalms="1076.405" type="nursery" />
<cycle-start id="5374" type="scavenge" contextid="0" timestamp="2022-02-08T17:25:46.810" intervalms="1076.404" />
<gc-start id="5375" type="scavenge" contextid="5374" timestamp="2022-02-08T17:25:46.810">
  <mem-info id="5376" free="323995456" total="1073741824" percent="30">
    <mem type="nursery" free="0" total="268435456" percent="0">
      <mem type="allocate" free="0" total="184352768" percent="0" />
      <mem type="survivor" free="0" total="84082688" percent="0" />
    </mem>
    <mem type="tenure" free="323995456" total="805306368" percent="40">
      <mem type="soa" free="315941696" total="797252608" percent="39" />
      <mem type="loa" free="8053760" total="8053760" percent="100" />
    </mem>
    <remembered-set count="111" />
  </mem-info>
</gc-start>
<allocation-stats totalBytes="100839088" >
  <allocated-bytes non-tlh="0" tlh="100839088" />
  <largest-consumer threadName="main" threadId="0000000000016F00" bytes="100829648" />
</allocation-stats>
<gc-op id="5377" type="scavenge" timems="83.829" contextid="5374" timestamp="2022-02-08T17:25:46.894">
  <scavenger-info tenureage="1" tenuremask="7ffe" tiltratio="68" />
  <memory-copied type="nursery" objects="1411207" bytes="77868008" bytesdiscarded="188848" />
  <memory-copied type="tenure" objects="1435038" bytes="74943544" bytesdiscarded="45384" />
  <finalization candidates="52" enqueued="0" />
  <ownableSynchronizers candidates="2" cleared="2" />
  <object-monitors candidates="2" cleared="0"  />
</gc-op>
<gc-end id="5378" type="scavenge" contextid="5374" durationms="84.222" usertimems="331.668" systemtimems="0.661" stalltimems="2.229" timestamp="2022-02-08T17:25:46.894" activeThreads="4">
  <mem-info id="5379" free="352937504" total="1073741824" percent="32">
    <mem type="nursery" free="104133224" total="268435456" percent="38">
      <mem type="allocate" free="104133224" total="182190080" percent="57" />
      <mem type="survivor" free="0" total="86245376" percent="0" />
    </mem>
    <mem type="tenure" free="248804280" total="805306368" percent="30" macro-fragmented="0">
      <mem type="soa" free="240750520" total="797252608" percent="30" />
      <mem type="loa" free="8053760" total="8053760" percent="100" />
    </mem>
    <remembered-set count="104" />
  </mem-info>
</gc-end>
<cycle-end id="5380" type="scavenge" contextid="5374" timestamp="2022-02-08T17:25:46.894" />
<allocation-satisfied id="5381" threadId="0000000000016F00" bytesRequested="200" />
<af-end id="5382" timestamp="2022-02-08T17:25:46.894" threadId="0000000000017908" success="true" from="nursery"/>
<exclusive-end id="5383" timestamp="2022-02-08T17:25:46.894" durationms="84.475" />

<exclusive-start id="5384" timestamp="2022-02-08T17:25:47.511" intervalms="700.862">
  <response-info timems="0.018" idlems="0.018" threads="0" lastid="0000000000016F00" lastname="main" />
</exclusive-start>
<af-start id="5385" threadId="0000000000017908" totalBytesRequested="24" timestamp="2022-02-08T17:25:47.511" intervalms="700.862" type="nursery" />
<cycle-start id="5386" type="scavenge" contextid="0" timestamp="2022-02-08T17:25:47.511" intervalms="700.861" />
<gc-start id="5387" type="scavenge" contextid="5386" timestamp="2022-02-08T17:25:47.511">
  <mem-info id="5388" free="248804280" total="1073741824" percent="23">
    <mem type="nursery" free="0" total="268435456" percent="0">
      <mem type="allocate" free="0" total="182190080" percent="0" />
      <mem type="survivor" free="0" total="86245376" percent="0" />
    </mem>
    <mem type="tenure" free="248804280" total="805306368" percent="30">
      <mem type="soa" free="240750520" total="797252608" percent="30" />
      <mem type="loa" free="8053760" total="8053760" percent="100" />
    </mem>
    <remembered-set count="104" />
  </mem-info>
</gc-start>
<allocation-stats totalBytes="104085608" >
  <allocated-bytes non-tlh="200" tlh="104085408" />
  <largest-consumer threadName="main" threadId="0000000000016F00" bytes="104085608" />
</allocation-stats>
<gc-op id="5389" type="scavenge" timems="76.451" contextid="5386" timestamp="2022-02-08T17:25:47.587">
  <scavenger-info tenureage="1" tenuremask="7ffe" tiltratio="67" />
  <memory-copied type="nursery" objects="1300686" bytes="74005312" bytesdiscarded="85184" />
  <memory-copied type="tenure" objects="1411206" bytes="77867896" bytesdiscarded="40848" />
  <object-monitors candidates="2" cleared="0"  />
</gc-op>
<gc-end id="5390" type="scavenge" contextid="5386" durationms="76.867" usertimems="301.743" systemtimems="0.000" stalltimems="2.817" timestamp="2022-02-08T17:25:47.588" activeThreads="4">
  <mem-info id="5391" free="279327936" total="1073741824" percent="26">
    <mem type="nursery" free="108492800" total="268435456" percent="40">
      <mem type="allocate" free="108492800" total="182583296" percent="59" />
      <mem type="survivor" free="0" total="85852160" percent="0" />
    </mem>
    <mem type="tenure" free="170835136" total="805306368" percent="21" macro-fragmented="69015248">
      <mem type="soa" free="162781376" total="797252608" percent="20" />
      <mem type="loa" free="8053760" total="8053760" percent="100" />
    </mem>
    <remembered-set count="104" />
  </mem-info>
</gc-end>
<cycle-end id="5392" type="scavenge" contextid="5386" timestamp="2022-02-08T17:25:47.588" />
<allocation-satisfied id="5393" threadId="0000000000016F00" bytesRequested="24" />
<af-end id="5394" timestamp="2022-02-08T17:25:47.588" threadId="0000000000017908" success="true" from="nursery"/>
<exclusive-end id="5395" timestamp="2022-02-08T17:25:47.588" durationms="77.147" />

<exclusive-start id="5396" timestamp="2022-02-08T17:25:48.463" intervalms="952.242">
  <response-info timems="0.020" idlems="0.020" threads="0" lastid="0000000000016F00" lastname="main" />
</exclusive-start>
<af-start id="5397" threadId="0000000000017908" totalBytesRequested="128" timestamp="2022-02-08T17:25:48.463" intervalms="952.244" type="nursery" />
<cycle-start id="5398" type="scavenge" contextid="0" timestamp="2022-02-08T17:25:48.463" intervalms="952.254" />
<gc-start id="5399" type="scavenge" contextid="5398" timestamp="2022-02-08T17:25:48.463">
  <mem-info id="5400" free="170835136" total="1073741824" percent="15">
    <mem type="nursery" free="0" total="268435456" percent="0">
      <mem type="allocate" free="0" total="182583296" percent="0" />
      <mem type="survivor" free="0" total="85852160" percent="0" />
    </mem>
    <mem type="tenure" free="170835136" total="805306368" percent="21">
      <mem type="soa" free="162781376" total="797252608" percent="20" />
      <mem type="loa" free="8053760" total="8053760" percent="100" />
    </mem>
    <remembered-set count="134" />
  </mem-info>
</gc-start>
<allocation-stats totalBytes="108444648" >
  <allocated-bytes non-tlh="3008848" tlh="105435800" />
  <largest-consumer threadName="main" threadId="0000000000016F00" bytes="108444648" />
</allocation-stats>
<gc-op id="5401" type="scavenge" timems="79.200" contextid="5398" timestamp="2022-02-08T17:25:48.542">
  <scavenger-info tenureage="1" tenuremask="7ffe" tiltratio="68" />
  <memory-copied type="nursery" objects="1446737" bytes="76214080" bytesdiscarded="110104" />
  <memory-copied type="tenure" objects="1300686" bytes="74005312" bytesdiscarded="41472" />
  <finalization candidates="110" enqueued="53" />
  <references type="soft" candidates="14" cleared="0" enqueued="0" dynamicThreshold="12" maxThreshold="32" />
  <references type="weak" candidates="1" cleared="0" enqueued="0" />
  <references type="phantom" candidates="95" cleared="7" enqueued="7" />
  <object-monitors candidates="2" cleared="0"  />
</gc-op>
<gc-end id="5402" type="scavenge" contextid="5398" durationms="79.595" usertimems="311.474" systemtimems="1.286" stalltimems="3.613" timestamp="2022-02-08T17:25:48.543" activeThreads="4">
  <mem-info id="5403" free="203450336" total="1073741824" percent="18">
    <mem type="nursery" free="106521128" total="268435456" percent="39">
      <mem type="allocate" free="106521128" total="182845440" percent="58" />
      <mem type="survivor" free="0" total="85590016" percent="0" />
    </mem>
    <mem type="tenure" free="96929208" total="805306368" percent="12" macro-fragmented="69015248">
      <mem type="soa" free="88875448" total="797252608" percent="11" />
      <mem type="loa" free="8053760" total="8053760" percent="100" />
    </mem>
    <pending-finalizers system="52" default="1" reference="7" classloader="0" />
    <remembered-set count="128" />
  </mem-info>
</gc-end>
<cycle-end id="5404" type="scavenge" contextid="5398" timestamp="2022-02-08T17:25:48.543" />
<allocation-satisfied id="5405" threadId="0000000000016F00" bytesRequested="128" />
<af-end id="5406" timestamp="2022-02-08T17:25:48.543" threadId="0000000000017908" success="true" from="nursery"/>
<exclusive-end id="5407" timestamp="2022-02-08T17:25:48.543" durationms="79.922" />

<concurrent-kickoff id="5408" timestamp="2022-02-08T17:25:49.282">
  <kickoff reason="threshold reached" targetBytes="74447426" thresholdFreeBytes="5772076"  remainingFree="5726760" tenureFreeBytes="96929208" nurseryFreeBytes="5726760" />
</concurrent-kickoff>
<exclusive-start id="5409" timestamp="2022-02-08T17:25:49.286" intervalms="823.057">
  <response-info timems="0.023" idlems="0.023" threads="0" lastid="0000000000016F00" lastname="main" />
</exclusive-start>
<cycle-start id="5410" type="global" contextid="0" timestamp="2022-02-08T17:25:49.286" intervalms="3666.315" />
<concurrent-start id="5411" type="global mark" contextid="5410" timestamp="2022-02-08T17:25:49.286">
</concurrent-start>
<exclusive-end id="5412" timestamp="2022-02-08T17:25:49.286" durationms="0.040" />

<exclusive-start id="5413" timestamp="2022-02-08T17:25:49.422" intervalms="136.144">
  <response-info timems="0.038" idlems="0.038" threads="0" lastid="0000000000016F00" lastname="main" />
</exclusive-start>
<af-start id="5414" threadId="0000000000017908" totalBytesRequested="200" timestamp="2022-02-08T17:25:49.422" intervalms="959.199" type="nursery" />
<cycle-start id="5415" type="scavenge" contextid="0" timestamp="2022-02-08T17:25:49.422" intervalms="959.199" />
<gc-start id="5416" type="scavenge" contextid="5415" timestamp="2022-02-08T17:25:49.422">
  <mem-info id="5417" free="96929208" total="1073741824" percent="9">
    <mem type="nursery" free="0" total="268435456" percent="0">
      <mem type="allocate" free="0" total="182845440" percent="0" />
      <mem type="survivor" free="0" total="85590016" percent="0" />
    </mem>
    <mem type="tenure" free="96929208" total="805306368" percent="12">
      <mem type="soa" free="88875448" total="797252608" percent="11" />
      <mem type="loa" free="8053760" total="8053760" percent="100" />
    </mem>
    <remembered-set count="129" />
  </mem-info>
</gc-start>
<allocation-stats totalBytes="106470984" >
  <allocated-bytes non-tlh="128" tlh="106470856" />
  <largest-consumer threadName="main" threadId="0000000000016F00" bytes="106462792" />
</allocation-stats>
<gc-op id="5418" type="scavenge" timems="91.182" contextid="5415" timestamp="2022-02-08T17:25:49.514">
  <scavenger-info tenureage="1" tenuremask="7ffe" tiltratio="68" />
  <memory-copied type="nursery" objects="1381977" bytes="75888976" bytesdiscarded="86192" />
  <memory-copied type="tenure" objects="1446026" bytes="75746224" bytesdiscarded="39848" />
  <finalization candidates="57" enqueued="0" />
  <object-monitors candidates="2" cleared="0"  />
</gc-op>
<gc-end id="5419" type="scavenge" contextid="5415" durationms="91.511" usertimems="360.606" systemtimems="0.760" stalltimems="2.424" timestamp="2022-02-08T17:25:49.514" activeThreads="4">
  <mem-info id="5420" free="128663552" total="1073741824" percent="11">
    <mem type="nursery" free="107525632" total="268435456" percent="40">
      <mem type="allocate" free="107525632" total="183500800" percent="58" />
      <mem type="survivor" free="0" total="84934656" percent="0" />
    </mem>
    <mem type="tenure" free="21137920" total="805306368" percent="2" macro-fragmented="18886860">
      <mem type="soa" free="13084160" total="797252608" percent="1" />
      <mem type="loa" free="8053760" total="8053760" percent="100" />
    </mem>
    <remembered-set count="103" />
  </mem-info>
</gc-end>
<cycle-end id="5421" type="scavenge" contextid="5415" timestamp="2022-02-08T17:25:49.514" />
<allocation-satisfied id="5422" threadId="0000000000016F00" bytesRequested="200" />
<af-end id="5423" timestamp="2022-02-08T17:25:49.514" threadId="0000000000017908" success="true" from="nursery"/>
<exclusive-end id="5424" timestamp="2022-02-08T17:25:49.514" durationms="91.819" />

<concurrent-end id="5425" type="global mark" contextid="5410" timestamp="2022-02-08T17:25:49.654">
<gc-op id="5426" type="trace" timems="368.027" contextid="5410" timestamp="2022-02-08T17:25:49.654">
  <trace bytesTraced="74449792" workStackOverflowCount="0" />
  <card-cleaning reason="card cleaning threshold reached" bytesTraced="1000" cardsCleaned="2" />
</gc-op>
</concurrent-end>

<exclusive-start id="5427" timestamp="2022-02-08T17:25:49.654" intervalms="231.972">
  <response-info timems="0.028" idlems="0.028" threads="0" lastid="0000000000016F00" lastname="main" />
</exclusive-start>
<concurrent-global-final id="5428" timestamp="2022-02-08T17:25:49.654" contextid="5410" intervalms="3695.115" >
  <concurrent-trace-info reason="card cleaning threshold reached" tracedByMutators="58694956" tracedByHelpers="15755836" cardsCleaned="2" workStackOverflowCount="0" />
</concurrent-global-final>
<gc-start id="5429" type="global" contextid="5410" timestamp="2022-02-08T17:25:49.654">
  <mem-info id="5430" free="118603576" total="1073741824" percent="11">
    <mem type="nursery" free="97465656" total="268435456" percent="36">
      <mem type="allocate" free="97465656" total="183500800" percent="53" />
      <mem type="survivor" free="0" total="84934656" percent="0" />
    </mem>
    <mem type="tenure" free="21137920" total="805306368" percent="2">
      <mem type="soa" free="13084160" total="797252608" percent="1" />
      <mem type="loa" free="8053760" total="8053760" percent="100" />
    </mem>
    <remembered-set count="103" />
  </mem-info>
</gc-start>
<allocation-stats totalBytes="10055216" >
  <allocated-bytes non-tlh="200" tlh="10055016" />
  <largest-consumer threadName="main" threadId="0000000000016F00" bytes="10055216" />
</allocation-stats>
<gc-op id="5431" type="rs-scan" timems="0.536" contextid="5410" timestamp="2022-02-08T17:25:49.655">
  <scan objectsFound="0" bytesTraced="3836" workStackOverflowCount="0" />
</gc-op>
<gc-op id="5432" type="card-cleaning" timems="150.518" contextid="5410" timestamp="2022-02-08T17:25:49.805">
  <card-cleaning cardsCleaned="10" bytesTraced="71018392" workStackOverflowCount="0" />
</gc-op>
<gc-op id="5433" type="mark" timems="72.844" contextid="5410" timestamp="2022-02-08T17:25:49.878">
  <trace-info objectcount="2389300" scancount="1793502" scanbytes="38329112" />
  <finalization candidates="428" enqueued="57" />
  <ownableSynchronizers candidates="1" cleared="0" />
  <references type="soft" candidates="894" cleared="0" enqueued="0" dynamicThreshold="12" maxThreshold="32" />
  <references type="weak" candidates="1701" cleared="0" enqueued="0" />
  <references type="phantom" candidates="52" cleared="2" enqueued="2" />
  <stringconstants candidates="6470" cleared="0"  />
  <object-monitors candidates="2" cleared="0"  />
</gc-op>
<gc-op id="5434" type="sweep" timems="5.101" contextid="5410" timestamp="2022-02-08T17:25:49.884" />
<gc-end id="5435" type="global" contextid="5410" durationms="229.391" usertimems="245.145" systemtimems="0.000" stalltimems="218.000" timestamp="2022-02-08T17:25:49.884" activeThreads="4">
  <mem-info id="5436" free="361642928" total="1073741824" percent="33">
    <mem type="nursery" free="97644824" total="268435456" percent="36">
      <mem type="allocate" free="97644824" total="183500800" percent="53" />
      <mem type="survivor" free="0" total="84934656" percent="0" />
    </mem>
    <mem type="tenure" free="263998104" total="805306368" percent="32" micro-fragmented="298189" macro-fragmented="0">
      <mem type="soa" free="255944344" total="797252608" percent="32" />
      <mem type="loa" free="8053760" total="8053760" percent="100" />
    </mem>
    <pending-finalizers system="57" default="0" reference="2" classloader="0" />
    <remembered-set count="103" />
  </mem-info>
</gc-end>
<cycle-end id="5437" type="global" contextid="5410" timestamp="2022-02-08T17:25:49.884" />
<exclusive-end id="5438" timestamp="2022-02-08T17:25:49.884" durationms="229.623" />

<exclusive-start id="5439" timestamp="2022-02-08T17:25:50.471" intervalms="816.592">
  <response-info timems="0.018" idlems="0.018" threads="0" lastid="0000000000016F00" lastname="main" />
</exclusive-start>
<af-start id="5440" threadId="0000000000017908" totalBytesRequested="104" timestamp="2022-02-08T17:25:50.471" intervalms="1048.581" type="nursery" />
<cycle-start id="5441" type="scavenge" contextid="0" timestamp="2022-02-08T17:25:50.471" intervalms="1048.586" />
<gc-start id="5442" type="scavenge" contextid="5441" timestamp="2022-02-08T17:25:50.471">
  <mem-info id="5443" free="263998104" total="1073741824" percent="24">
    <mem type="nursery" free="0" total="268435456" percent="0">
      <mem type="allocate" free="0" total="183500800" percent="0" />
      <mem type="survivor" free="0" total="84934656" percent="0" />
    </mem>
    <mem type="tenure" free="263998104" total="805306368" percent="32">
      <mem type="soa" free="255944344" total="797252608" percent="32" />
      <mem type="loa" free="8053760" total="8053760" percent="100" />
    </mem>
    <remembered-set count="106" />
  </mem-info>
</gc-start>
<allocation-stats totalBytes="97601392" >
  <allocated-bytes non-tlh="0" tlh="97601392" />
  <largest-consumer threadName="main" threadId="0000000000016F00" bytes="97597296" />
</allocation-stats>
<gc-op id="5444" type="scavenge" timems="85.731" contextid="5441" timestamp="2022-02-08T17:25:50.557">
  <scavenger-info tenureage="1" tenuremask="7ffe" tiltratio="68" />
  <memory-copied type="nursery" objects="1346138" bytes="76424112" bytesdiscarded="102552" />
  <memory-copied type="tenure" objects="1381976" bytes="75888864" bytesdiscarded="44640" />
  <ownableSynchronizers candidates="2" cleared="2" />
  <object-monitors candidates="2" cleared="0"  />
</gc-op>
<gc-end id="5445" type="scavenge" contextid="5441" durationms="86.080" usertimems="339.833" systemtimems="0.670" stalltimems="1.759" timestamp="2022-02-08T17:25:50.557" activeThreads="4">
  <mem-info id="5446" free="295182680" total="1073741824" percent="27">
    <mem type="nursery" free="107301816" total="268435456" percent="39">
      <mem type="allocate" free="107301816" total="183828480" percent="58" />
      <mem type="survivor" free="0" total="84606976" percent="0" />
    </mem>
    <mem type="tenure" free="187880864" total="805306368" percent="23" macro-fragmented="0">
      <mem type="soa" free="179827104" total="797252608" percent="22" />
      <mem type="loa" free="8053760" total="8053760" percent="100" />
    </mem>
    <remembered-set count="105" />
  </mem-info>
</gc-end>
<cycle-end id="5447" type="scavenge" contextid="5441" timestamp="2022-02-08T17:25:50.557" />
<allocation-satisfied id="5448" threadId="0000000000016F00" bytesRequested="104" />
<af-end id="5449" timestamp="2022-02-08T17:25:50.557" threadId="0000000000017908" success="true" from="nursery"/>
<exclusive-end id="5450" timestamp="2022-02-08T17:25:50.557" durationms="86.373" />

<exclusive-start id="5451" timestamp="2022-02-08T17:25:51.433" intervalms="961.761">
  <response-info timems="0.018" idlems="0.018" threads="0" lastid="0000000000016F00" lastname="main" />
</exclusive-start>
<af-start id="5452" threadId="0000000000017908" totalBytesRequested="104" timestamp="2022-02-08T17:25:51.433" intervalms="961.747" type="nursery" />
<cycle-start id="5453" type="scavenge" contextid="0" timestamp="2022-02-08T17:25:51.433" intervalms="961.732" />
<gc-start id="5454" type="scavenge" contextid="5453" timestamp="2022-02-08T17:25:51.433">
  <mem-info id="5455" free="187880864" total="1073741824" percent="17">
    <mem type="nursery" free="0" total="268435456" percent="0">
      <mem type="allocate" free="0" total="183828480" percent="0" />
      <mem type="survivor" free="0" total="84606976" percent="0" />
    </mem>
    <mem type="tenure" free="187880864" total="805306368" percent="23">
      <mem type="soa" free="179827104" total="797252608" percent="22" />
      <mem type="loa" free="8053760" total="8053760" percent="100" />
    </mem>
    <remembered-set count="136" />
  </mem-info>
</gc-start>
<allocation-stats totalBytes="107251784" >
  <allocated-bytes non-tlh="1661248" tlh="105590536" />
  <largest-consumer threadName="main" threadId="0000000000016F00" bytes="107251784" />
</allocation-stats>
<gc-op id="5456" type="scavenge" timems="79.550" contextid="5453" timestamp="2022-02-08T17:25:51.512">
  <scavenger-info tenureage="1" tenuremask="7ffe" tiltratio="68" />
  <memory-copied type="nursery" objects="1451111" bytes="75473584" bytesdiscarded="153048" />
  <memory-copied type="tenure" objects="1346138" bytes="76424112" bytesdiscarded="42304" />
  <finalization candidates="109" enqueued="53" />
  <references type="soft" candidates="14" cleared="0" enqueued="0" dynamicThreshold="10" maxThreshold="32" />
  <references type="weak" candidates="1" cleared="0" enqueued="0" />
  <references type="phantom" candidates="94" cleared="7" enqueued="7" />
  <object-monitors candidates="2" cleared="0"  />
</gc-op>
<gc-end id="5457" type="scavenge" contextid="5453" durationms="79.909" usertimems="314.804" systemtimems="0.000" stalltimems="2.974" timestamp="2022-02-08T17:25:51.513" activeThreads="4">
  <mem-info id="5458" free="220001968" total="1073741824" percent="20">
    <mem type="nursery" free="108594936" total="268435456" percent="40">
      <mem type="allocate" free="108594936" total="184221696" percent="58" />
      <mem type="survivor" free="0" total="84213760" percent="0" />
    </mem>
    <mem type="tenure" free="111407032" total="805306368" percent="13" macro-fragmented="0">
      <mem type="soa" free="103353272" total="797252608" percent="12" />
      <mem type="loa" free="8053760" total="8053760" percent="100" />
    </mem>
    <pending-finalizers system="52" default="1" reference="7" classloader="0" />
    <remembered-set count="132" />
  </mem-info>
</gc-end>
<cycle-end id="5459" type="scavenge" contextid="5453" timestamp="2022-02-08T17:25:51.513" />
<allocation-satisfied id="5460" threadId="0000000000016F00" bytesRequested="104" />
<af-end id="5461" timestamp="2022-02-08T17:25:51.513" threadId="0000000000017908" success="true" from="nursery"/>
<exclusive-end id="5462" timestamp="2022-02-08T17:25:51.513" durationms="80.161" />

<concurrent-kickoff id="5463" timestamp="2022-02-08T17:25:52.240">
  <kickoff reason="threshold reached" targetBytes="74448102" thresholdFreeBytes="5767319"  remainingFree="5690928" tenureFreeBytes="111407032" nurseryFreeBytes="5690928" />
</concurrent-kickoff>
<exclusive-start id="5464" timestamp="2022-02-08T17:25:52.247" intervalms="814.381">
  <response-info timems="0.026" idlems="0.026" threads="0" lastid="0000000000016F00" lastname="main" />
</exclusive-start>
<cycle-start id="5465" type="global" contextid="0" timestamp="2022-02-08T17:25:52.247" intervalms="2960.891" />
<concurrent-start id="5466" type="global mark" contextid="5465" timestamp="2022-02-08T17:25:52.247">
</concurrent-start>
<exclusive-end id="5467" timestamp="2022-02-08T17:25:52.247" durationms="0.086" />

<exclusive-start id="5468" timestamp="2022-02-08T17:25:52.426" intervalms="178.782">
  <response-info timems="0.025" idlems="0.025" threads="0" lastid="0000000000016F00" lastname="main" />
</exclusive-start>
<af-start id="5469" threadId="0000000000017908" totalBytesRequested="184" timestamp="2022-02-08T17:25:52.426" intervalms="993.213" type="nursery" />
<cycle-start id="5470" type="scavenge" contextid="0" timestamp="2022-02-08T17:25:52.426" intervalms="993.230" />
<gc-start id="5471" type="scavenge" contextid="5470" timestamp="2022-02-08T17:25:52.426">
  <mem-info id="5472" free="111407032" total="1073741824" percent="10">
    <mem type="nursery" free="0" total="268435456" percent="0">
      <mem type="allocate" free="0" total="184221696" percent="0" />
      <mem type="survivor" free="0" total="84213760" percent="0" />
    </mem>
    <mem type="tenure" free="111407032" total="805306368" percent="13">
      <mem type="soa" free="103353272" total="797252608" percent="12" />
      <mem type="loa" free="8053760" total="8053760" percent="100" />
    </mem>
    <remembered-set count="133" />
  </mem-info>
</gc-start>
<allocation-stats totalBytes="108545032" >
  <allocated-bytes non-tlh="1347784" tlh="107197248" />
  <largest-consumer threadName="main" threadId="0000000000016F00" bytes="108536840" />
</allocation-stats>
<gc-op id="5473" type="scavenge" timems="108.768" contextid="5470" timestamp="2022-02-08T17:25:52.535">
  <scavenger-info tenureage="1" tenuremask="7ffe" tiltratio="68" />
  <memory-copied type="nursery" objects="1381234" bytes="77716936" bytesdiscarded="133056" />
  <memory-copied type="tenure" objects="1450392" bytes="74530416" bytesdiscarded="39784" />
  <finalization candidates="57" enqueued="0" />
  <references type="phantom" candidates="1" cleared="0" enqueued="0" />
  <object-monitors candidates="2" cleared="0"  />
</gc-op>
<gc-end id="5474" type="scavenge" contextid="5470" durationms="108.977" usertimems="419.153" systemtimems="2.917" stalltimems="5.015" timestamp="2022-02-08T17:25:52.535" activeThreads="4">
  <mem-info id="5475" free="141435552" total="1073741824" percent="13">
    <mem type="nursery" free="104602232" total="268435456" percent="38">
      <mem type="allocate" free="104602232" total="182452224" percent="57" />
      <mem type="survivor" free="0" total="85983232" percent="0" />
    </mem>
    <mem type="tenure" free="36833320" total="805306368" percent="4" macro-fragmented="0">
      <mem type="soa" free="28779560" total="797252608" percent="3" />
      <mem type="loa" free="8053760" total="8053760" percent="100" />
    </mem>
    <remembered-set count="102" />
  </mem-info>
</gc-end>
<cycle-end id="5476" type="scavenge" contextid="5470" timestamp="2022-02-08T17:25:52.535" />
<allocation-satisfied id="5477" threadId="0000000000016F00" bytesRequested="184" />
<af-end id="5478" timestamp="2022-02-08T17:25:52.535" threadId="0000000000017908" success="true" from="nursery"/>
<exclusive-end id="5479" timestamp="2022-02-08T17:25:52.535" durationms="109.395" />

<concurrent-end id="5480" type="global mark" contextid="5465" timestamp="2022-02-08T17:25:52.679">
<gc-op id="5481" type="trace" timems="432.031" contextid="5465" timestamp="2022-02-08T17:25:52.679">
  <trace bytesTraced="74449936" workStackOverflowCount="0" />
  <card-cleaning reason="card cleaning threshold reached" bytesTraced="1000" cardsCleaned="2" />
</gc-op>
</concurrent-end>

<exclusive-start id="5482" timestamp="2022-02-08T17:25:52.679" intervalms="253.378">
  <response-info timems="0.021" idlems="0.021" threads="0" lastid="0000000000016F00" lastname="main" />
</exclusive-start>
<concurrent-global-final id="5483" timestamp="2022-02-08T17:25:52.679" contextid="5465" intervalms="3024.947" >
  <concurrent-trace-info reason="card cleaning threshold reached" tracedByMutators="58349528" tracedByHelpers="16101408" cardsCleaned="2" workStackOverflowCount="0" />
</concurrent-global-final>
<gc-start id="5484" type="global" contextid="5465" timestamp="2022-02-08T17:25:52.679">
  <mem-info id="5485" free="133341672" total="1073741824" percent="12">
    <mem type="nursery" free="96508352" total="268435456" percent="35">
      <mem type="allocate" free="96508352" total="182452224" percent="52" />
      <mem type="survivor" free="0" total="85983232" percent="0" />
    </mem>
    <mem type="tenure" free="36833320" total="805306368" percent="4">
      <mem type="soa" free="28779560" total="797252608" percent="3" />
      <mem type="loa" free="8053760" total="8053760" percent="100" />
    </mem>
    <remembered-set count="102" />
  </mem-info>
</gc-start>
<allocation-stats totalBytes="8089096" >
  <allocated-bytes non-tlh="184" tlh="8088912" />
  <largest-consumer threadName="main" threadId="0000000000016F00" bytes="8089096" />
</allocation-stats>
<gc-op id="5486" type="rs-scan" timems="0.674" contextid="5465" timestamp="2022-02-08T17:25:52.680">
  <scan objectsFound="29" bytesTraced="5268" workStackOverflowCount="0" />
</gc-op>
<gc-op id="5487" type="card-cleaning" timems="156.794" contextid="5465" timestamp="2022-02-08T17:25:52.837">
  <card-cleaning cardsCleaned="9" bytesTraced="71017008" workStackOverflowCount="0" />
</gc-op>
<gc-op id="5488" type="mark" timems="55.766" contextid="5465" timestamp="2022-02-08T17:25:52.893">
  <trace-info objectcount="2105790" scancount="1580870" scanbytes="33792936" />
  <finalization candidates="428" enqueued="57" />
  <ownableSynchronizers candidates="1" cleared="0" />
  <references type="soft" candidates="894" cleared="0" enqueued="0" dynamicThreshold="10" maxThreshold="32" />
  <references type="weak" candidates="1701" cleared="0" enqueued="0" />
  <references type="phantom" candidates="52" cleared="2" enqueued="2" />
  <stringconstants candidates="6470" cleared="0"  />
  <object-monitors candidates="2" cleared="0"  />
</gc-op>
<gc-op id="5489" type="sweep" timems="5.015" contextid="5465" timestamp="2022-02-08T17:25:52.898" />
<gc-end id="5490" type="global" contextid="5465" durationms="218.439" usertimems="229.782" systemtimems="3.948" stalltimems="167.235" timestamp="2022-02-08T17:25:52.898" activeThreads="4">
  <mem-info id="5491" free="376512792" total="1073741824" percent="35">
    <mem type="nursery" free="96732400" total="268435456" percent="36">
      <mem type="allocate" free="96732400" total="182452224" percent="53" />
      <mem type="survivor" free="0" total="85983232" percent="0" />
    </mem>
    <mem type="tenure" free="279780392" total="805306368" percent="34" micro-fragmented="282635" macro-fragmented="0">
      <mem type="soa" free="271726632" total="797252608" percent="34" />
      <mem type="loa" free="8053760" total="8053760" percent="100" />
    </mem>
    <pending-finalizers system="57" default="0" reference="2" classloader="0" />
    <remembered-set count="102" />
  </mem-info>
</gc-end>
<cycle-end id="5492" type="global" contextid="5465" timestamp="2022-02-08T17:25:52.898" />
<exclusive-end id="5493" timestamp="2022-02-08T17:25:52.898" durationms="218.740" />

<exclusive-start id="5494" timestamp="2022-02-08T17:25:53.513" intervalms="834.324">
  <response-info timems="0.019" idlems="0.019" threads="0" lastid="0000000000016F00" lastname="main" />
</exclusive-start>
<af-start id="5495" threadId="0000000000017908" totalBytesRequested="200" timestamp="2022-02-08T17:25:53.514" intervalms="1087.651" type="nursery" />
<cycle-start id="5496" type="scavenge" contextid="0" timestamp="2022-02-08T17:25:53.514" intervalms="1087.661" />
<gc-start id="5497" type="scavenge" contextid="5496" timestamp="2022-02-08T17:25:53.514">
  <mem-info id="5498" free="279780392" total="1073741824" percent="26">
    <mem type="nursery" free="0" total="268435456" percent="0">
      <mem type="allocate" free="0" total="182452224" percent="0" />
      <mem type="survivor" free="0" total="85983232" percent="0" />
    </mem>
    <mem type="tenure" free="279780392" total="805306368" percent="34">
      <mem type="soa" free="271726632" total="797252608" percent="34" />
      <mem type="loa" free="8053760" total="8053760" percent="100" />
    </mem>
    <remembered-set count="105" />
  </mem-info>
</gc-start>
<allocation-stats totalBytes="96687880" >
  <allocated-bytes non-tlh="0" tlh="96687880" />
  <largest-consumer threadName="main" threadId="0000000000016F00" bytes="96683784" />
</allocation-stats>
<gc-op id="5499" type="scavenge" timems="75.803" contextid="5496" timestamp="2022-02-08T17:25:53.589">
  <scavenger-info tenureage="1" tenuremask="7ffe" tiltratio="67" />
  <memory-copied type="nursery" objects="1314763" bytes="74406256" bytesdiscarded="156760" />
  <memory-copied type="tenure" objects="1381233" bytes="77716832" bytesdiscarded="46176" />
  <finalization candidates="1" enqueued="0" />
  <ownableSynchronizers candidates="2" cleared="2" />
  <object-monitors candidates="2" cleared="0"  />
</gc-op>
<gc-end id="5500" type="scavenge" contextid="5496" durationms="76.003" usertimems="298.099" systemtimems="0.465" stalltimems="3.638" timestamp="2022-02-08T17:25:53.590" activeThreads="4">
  <mem-info id="5501" free="310090688" total="1073741824" percent="28">
    <mem type="nursery" free="108347960" total="268435456" percent="40">
      <mem type="allocate" free="108347960" total="182910976" percent="59" />
      <mem type="survivor" free="0" total="85524480" percent="0" />
    </mem>
    <mem type="tenure" free="201742728" total="805306368" percent="25" macro-fragmented="0">
      <mem type="soa" free="193688968" total="797252608" percent="24" />
      <mem type="loa" free="8053760" total="8053760" percent="100" />
    </mem>
    <remembered-set count="105" />
  </mem-info>
</gc-end>
<cycle-end id="5502" type="scavenge" contextid="5496" timestamp="2022-02-08T17:25:53.590" />
<allocation-satisfied id="5503" threadId="0000000000016F00" bytesRequested="200" />
<af-end id="5504" timestamp="2022-02-08T17:25:53.590" threadId="0000000000017908" success="true" from="nursery"/>
<exclusive-end id="5505" timestamp="2022-02-08T17:25:53.590" durationms="76.315" />

<exclusive-start id="5506" timestamp="2022-02-08T17:25:54.468" intervalms="954.379">
  <response-info timems="0.030" idlems="0.030" threads="0" lastid="0000000000016F00" lastname="main" />
</exclusive-start>
<af-start id="5507" threadId="0000000000017908" totalBytesRequested="216" timestamp="2022-02-08T17:25:54.468" intervalms="954.378" type="nursery" />
<cycle-start id="5508" type="scavenge" contextid="0" timestamp="2022-02-08T17:25:54.468" intervalms="954.351" />
<gc-start id="5509" type="scavenge" contextid="5508" timestamp="2022-02-08T17:25:54.468">
  <mem-info id="5510" free="201742728" total="1073741824" percent="18">
    <mem type="nursery" free="0" total="268435456" percent="0">
      <mem type="allocate" free="0" total="182910976" percent="0" />
      <mem type="survivor" free="0" total="85524480" percent="0" />
    </mem>
    <mem type="tenure" free="201742728" total="805306368" percent="25">
      <mem type="soa" free="193688968" total="797252608" percent="24" />
      <mem type="loa" free="8053760" total="8053760" percent="100" />
    </mem>
    <remembered-set count="136" />
  </mem-info>
</gc-start>
<allocation-stats totalBytes="108302168" >
  <allocated-bytes non-tlh="1590768" tlh="106711400" />
  <largest-consumer threadName="main" threadId="0000000000016F00" bytes="108302168" />
</allocation-stats>
<gc-op id="5511" type="scavenge" timems="79.373" contextid="5508" timestamp="2022-02-08T17:25:54.547">
  <scavenger-info tenureage="1" tenuremask="7ffe" tiltratio="68" />
  <memory-copied type="nursery" objects="1489668" bytes="76267080" bytesdiscarded="128616" />
  <memory-copied type="tenure" objects="1314762" bytes="74406144" bytesdiscarded="40624" />
  <finalization candidates="109" enqueued="53" />
  <references type="soft" candidates="14" cleared="0" enqueued="0" dynamicThreshold="11" maxThreshold="32" />
  <references type="weak" candidates="1" cleared="0" enqueued="0" />
  <references type="phantom" candidates="94" cleared="7" enqueued="7" />
  <object-monitors candidates="2" cleared="0"  />
</gc-op>
<gc-end id="5512" type="scavenge" contextid="5508" durationms="79.593" usertimems="311.966" systemtimems="0.000" stalltimems="3.609" timestamp="2022-02-08T17:25:54.548" activeThreads="4">
  <mem-info id="5513" free="233921232" total="1073741824" percent="21">
    <mem type="nursery" free="106711760" total="268435456" percent="39">
      <mem type="allocate" free="106711760" total="183107584" percent="58" />
      <mem type="survivor" free="0" total="85327872" percent="0" />
    </mem>
    <mem type="tenure" free="127209472" total="805306368" percent="15" macro-fragmented="0">
      <mem type="soa" free="119155712" total="797252608" percent="14" />
      <mem type="loa" free="8053760" total="8053760" percent="100" />
    </mem>
    <pending-finalizers system="52" default="1" reference="7" classloader="0" />
    <remembered-set count="132" />
  </mem-info>
</gc-end>
<cycle-end id="5514" type="scavenge" contextid="5508" timestamp="2022-02-08T17:25:54.548" />
<allocation-satisfied id="5515" threadId="0000000000016F00" bytesRequested="216" />
<af-end id="5516" timestamp="2022-02-08T17:25:54.548" threadId="0000000000017908" success="true" from="nursery"/>
<exclusive-end id="5517" timestamp="2022-02-08T17:25:54.548" durationms="79.840" />

<concurrent-kickoff id="5518" timestamp="2022-02-08T17:25:55.243">
  <kickoff reason="threshold reached" targetBytes="74448672" thresholdFreeBytes="5763473"  remainingFree="5720784" tenureFreeBytes="127209472" nurseryFreeBytes="5720784" />
</concurrent-kickoff>
<exclusive-start id="5519" timestamp="2022-02-08T17:25:55.246" intervalms="777.882">
  <response-info timems="0.021" idlems="0.021" threads="0" lastid="0000000000016F00" lastname="main" />
</exclusive-start>
<cycle-start id="5520" type="global" contextid="0" timestamp="2022-02-08T17:25:55.246" intervalms="2998.695" />
<concurrent-start id="5521" type="global mark" contextid="5520" timestamp="2022-02-08T17:25:55.246">
</concurrent-start>
<exclusive-end id="5522" timestamp="2022-02-08T17:25:55.246" durationms="0.029" />

<exclusive-start id="5523" timestamp="2022-02-08T17:25:55.368" intervalms="122.717">
  <response-info timems="0.029" idlems="0.029" threads="0" lastid="0000000000016F00" lastname="main" />
</exclusive-start>
<af-start id="5524" threadId="0000000000017908" totalBytesRequested="24" timestamp="2022-02-08T17:25:55.369" intervalms="900.598" type="nursery" />
<cycle-start id="5525" type="scavenge" contextid="0" timestamp="2022-02-08T17:25:55.369" intervalms="900.598" />
<gc-start id="5526" type="scavenge" contextid="5525" timestamp="2022-02-08T17:25:55.369">
  <mem-info id="5527" free="127209472" total="1073741824" percent="11">
    <mem type="nursery" free="0" total="268435456" percent="0">
      <mem type="allocate" free="0" total="183107584" percent="0" />
      <mem type="survivor" free="0" total="85327872" percent="0" />
    </mem>
    <mem type="tenure" free="127209472" total="805306368" percent="15">
      <mem type="soa" free="119155712" total="797252608" percent="14" />
      <mem type="loa" free="8053760" total="8053760" percent="100" />
    </mem>
    <remembered-set count="133" />
  </mem-info>
</gc-start>
<allocation-stats totalBytes="106663048" >
  <allocated-bytes non-tlh="1347896" tlh="105315152" />
  <largest-consumer threadName="main" threadId="0000000000016F00" bytes="106654856" />
</allocation-stats>
<gc-op id="5528" type="scavenge" timems="76.131" contextid="5525" timestamp="2022-02-08T17:25:55.445">
  <scavenger-info tenureage="1" tenuremask="7ffe" tiltratio="68" />
  <memory-copied type="nursery" objects="1332979" bytes="76331328" bytesdiscarded="411224" />
  <memory-copied type="tenure" objects="1488948" bytes="75323792" bytesdiscarded="38392" />
  <finalization candidates="57" enqueued="0" />
  <references type="phantom" candidates="1" cleared="0" enqueued="0" />
  <object-monitors candidates="2" cleared="0"  />
</gc-op>
<gc-end id="5529" type="scavenge" contextid="5525" durationms="76.439" usertimems="300.795" systemtimems="0.000" stalltimems="3.202" timestamp="2022-02-08T17:25:55.445" activeThreads="4">
  <mem-info id="5530" free="159019752" total="1073741824" percent="14">
    <mem type="nursery" free="106954856" total="268435456" percent="39">
      <mem type="allocate" free="106954856" total="183697408" percent="58" />
      <mem type="survivor" free="0" total="84738048" percent="0" />
    </mem>
    <mem type="tenure" free="52064896" total="805306368" percent="6" macro-fragmented="0">
      <mem type="soa" free="44011136" total="797252608" percent="5" />
      <mem type="loa" free="8053760" total="8053760" percent="100" />
    </mem>
    <remembered-set count="102" />
  </mem-info>
</gc-end>
<cycle-end id="5531" type="scavenge" contextid="5525" timestamp="2022-02-08T17:25:55.445" />
<allocation-satisfied id="5532" threadId="0000000000016F00" bytesRequested="24" />
<af-end id="5533" timestamp="2022-02-08T17:25:55.445" threadId="0000000000017908" success="true" from="nursery"/>
<exclusive-end id="5534" timestamp="2022-02-08T17:25:55.445" durationms="76.712" />

<concurrent-end id="5535" type="global mark" contextid="5520" timestamp="2022-02-08T17:25:55.584">
<gc-op id="5536" type="trace" timems="337.881" contextid="5520" timestamp="2022-02-08T17:25:55.584">
  <trace bytesTraced="74450208" workStackOverflowCount="0" />
  <card-cleaning reason="card cleaning threshold reached" bytesTraced="1000" cardsCleaned="2" />
</gc-op>
</concurrent-end>

<exclusive-start id="5537" timestamp="2022-02-08T17:25:55.584" intervalms="215.232">
  <response-info timems="0.018" idlems="0.018" threads="0" lastid="0000000000016F00" lastname="main" />
</exclusive-start>
<concurrent-global-final id="5538" timestamp="2022-02-08T17:25:55.584" contextid="5520" intervalms="2904.480" >
  <concurrent-trace-info reason="card cleaning threshold reached" tracedByMutators="60017380" tracedByHelpers="14433828" cardsCleaned="2" workStackOverflowCount="0" />
</concurrent-global-final>
<gc-start id="5539" type="global" contextid="5520" timestamp="2022-02-08T17:25:55.584">
  <mem-info id="5540" free="150532816" total="1073741824" percent="14">
    <mem type="nursery" free="98467920" total="268435456" percent="36">
      <mem type="allocate" free="98467920" total="183697408" percent="53" />
      <mem type="survivor" free="0" total="84738048" percent="0" />
    </mem>
    <mem type="tenure" free="52064896" total="805306368" percent="6">
      <mem type="soa" free="44011136" total="797252608" percent="5" />
      <mem type="loa" free="8053760" total="8053760" percent="100" />
    </mem>
    <remembered-set count="102" />
  </mem-info>
</gc-start>
<allocation-stats totalBytes="8483648" >
  <allocated-bytes non-tlh="24" tlh="8483624" />
  <largest-consumer threadName="main" threadId="0000000000016F00" bytes="8483648" />
</allocation-stats>
<gc-op id="5541" type="rs-scan" timems="0.543" contextid="5520" timestamp="2022-02-08T17:25:55.584">
  <scan objectsFound="29" bytesTraced="5268" workStackOverflowCount="0" />
</gc-op>
<gc-op id="5542" type="card-cleaning" timems="148.564" contextid="5520" timestamp="2022-02-08T17:25:55.733">
  <card-cleaning cardsCleaned="9" bytesTraced="71016944" workStackOverflowCount="0" />
</gc-op>
<gc-op id="5543" type="mark" timems="58.239" contextid="5520" timestamp="2022-02-08T17:25:55.791">
  <trace-info objectcount="1820727" scancount="1367072" scanbytes="29231936" />
  <finalization candidates="428" enqueued="57" />
  <ownableSynchronizers candidates="1" cleared="0" />
  <references type="soft" candidates="894" cleared="0" enqueued="0" dynamicThreshold="11" maxThreshold="32" />
  <references type="weak" candidates="1701" cleared="0" enqueued="0" />
  <references type="phantom" candidates="52" cleared="2" enqueued="2" />
  <stringconstants candidates="6470" cleared="0"  />
  <object-monitors candidates="2" cleared="0"  />
</gc-op>
<gc-op id="5544" type="sweep" timems="4.861" contextid="5520" timestamp="2022-02-08T17:25:55.796" />
<gc-end id="5545" type="global" contextid="5520" durationms="212.433" usertimems="266.104" systemtimems="0.514" stalltimems="134.728" timestamp="2022-02-08T17:25:55.796" activeThreads="4">
  <mem-info id="5546" free="393917264" total="1073741824" percent="36">
    <mem type="nursery" free="98971576" total="268435456" percent="36">
      <mem type="allocate" free="98971576" total="183697408" percent="53" />
      <mem type="survivor" free="0" total="84738048" percent="0" />
    </mem>
    <mem type="tenure" free="294945688" total="805306368" percent="36" micro-fragmented="310784" macro-fragmented="0">
      <mem type="soa" free="286891928" total="797252608" percent="35" />
      <mem type="loa" free="8053760" total="8053760" percent="100" />
    </mem>
    <pending-finalizers system="57" default="0" reference="2" classloader="0" />
    <remembered-set count="102" />
  </mem-info>
</gc-end>
<cycle-end id="5547" type="global" contextid="5520" timestamp="2022-02-08T17:25:55.796" />
<exclusive-end id="5548" timestamp="2022-02-08T17:25:55.796" durationms="212.627" />

<exclusive-start id="5549" timestamp="2022-02-08T17:25:56.429" intervalms="845.243">
  <response-info timems="0.019" idlems="0.019" threads="0" lastid="0000000000016F00" lastname="main" />
</exclusive-start>
<af-start id="5550" threadId="0000000000017908" totalBytesRequested="104" timestamp="2022-02-08T17:25:56.429" intervalms="1060.476" type="nursery" />
<cycle-start id="5551" type="scavenge" contextid="0" timestamp="2022-02-08T17:25:56.429" intervalms="1060.478" />
<gc-start id="5552" type="scavenge" contextid="5551" timestamp="2022-02-08T17:25:56.429">
  <mem-info id="5553" free="294945688" total="1073741824" percent="27">
    <mem type="nursery" free="0" total="268435456" percent="0">
      <mem type="allocate" free="0" total="183697408" percent="0" />
      <mem type="survivor" free="0" total="84738048" percent="0" />
    </mem>
    <mem type="tenure" free="294945688" total="805306368" percent="36">
      <mem type="soa" free="286891928" total="797252608" percent="35" />
      <mem type="loa" free="8053760" total="8053760" percent="100" />
    </mem>
    <remembered-set count="105" />
  </mem-info>
</gc-start>
<allocation-stats totalBytes="98924952" >
  <allocated-bytes non-tlh="0" tlh="98924952" />
  <largest-consumer threadName="main" threadId="0000000000016F00" bytes="98920856" />
</allocation-stats>
<gc-op id="5554" type="scavenge" timems="78.560" contextid="5551" timestamp="2022-02-08T17:25:56.508">
  <scavenger-info tenureage="1" tenuremask="7ffe" tiltratio="68" />
  <memory-copied type="nursery" objects="1358224" bytes="76307344" bytesdiscarded="137232" />
  <memory-copied type="tenure" objects="1332979" bytes="76331328" bytesdiscarded="48200" />
  <finalization candidates="1" enqueued="0" />
  <ownableSynchronizers candidates="2" cleared="2" />
  <object-monitors candidates="2" cleared="0"  />
</gc-op>
<gc-end id="5555" type="scavenge" contextid="5551" durationms="78.901" usertimems="306.463" systemtimems="0.000" stalltimems="2.530" timestamp="2022-02-08T17:25:56.508" activeThreads="4">
  <mem-info id="5556" free="326221784" total="1073741824" percent="30">
    <mem type="nursery" free="107711584" total="268435456" percent="40">
      <mem type="allocate" free="107711584" total="184156160" percent="58" />
      <mem type="survivor" free="0" total="84279296" percent="0" />
    </mem>
    <mem type="tenure" free="218510200" total="805306368" percent="27" macro-fragmented="0">
      <mem type="soa" free="210456440" total="797252608" percent="26" />
      <mem type="loa" free="8053760" total="8053760" percent="100" />
    </mem>
    <remembered-set count="104" />
  </mem-info>
</gc-end>
<cycle-end id="5557" type="scavenge" contextid="5551" timestamp="2022-02-08T17:25:56.508" />
<allocation-satisfied id="5558" threadId="0000000000016F00" bytesRequested="104" />
<af-end id="5559" timestamp="2022-02-08T17:25:56.508" threadId="0000000000017908" success="true" from="nursery"/>
<exclusive-end id="5560" timestamp="2022-02-08T17:25:56.508" durationms="79.400" />

<exclusive-start id="5561" timestamp="2022-02-08T17:25:57.342" intervalms="913.468">
  <response-info timems="0.019" idlems="0.019" threads="0" lastid="0000000000016F00" lastname="main" />
</exclusive-start>
<af-start id="5562" threadId="0000000000017908" totalBytesRequested="208" timestamp="2022-02-08T17:25:57.342" intervalms="913.466" type="nursery" />
<cycle-start id="5563" type="scavenge" contextid="0" timestamp="2022-02-08T17:25:57.342" intervalms="913.465" />
<gc-start id="5564" type="scavenge" contextid="5563" timestamp="2022-02-08T17:25:57.343">
  <mem-info id="5565" free="218510200" total="1073741824" percent="20">
    <mem type="nursery" free="0" total="268435456" percent="0">
      <mem type="allocate" free="0" total="184156160" percent="0" />
      <mem type="survivor" free="0" total="84279296" percent="0" />
    </mem>
    <mem type="tenure" free="218510200" total="805306368" percent="27">
      <mem type="soa" free="210456440" total="797252608" percent="26" />
      <mem type="loa" free="8053760" total="8053760" percent="100" />
    </mem>
    <remembered-set count="135" />
  </mem-info>
</gc-start>
<allocation-stats totalBytes="107665504" >
  <allocated-bytes non-tlh="945832" tlh="106719672" />
  <largest-consumer threadName="main" threadId="0000000000016F00" bytes="107665504" />
</allocation-stats>
<gc-op id="5566" type="scavenge" timems="97.592" contextid="5563" timestamp="2022-02-08T17:25:57.440">
  <scavenger-info tenureage="1" tenuremask="7ffe" tiltratio="68" />
  <memory-copied type="nursery" objects="1468748" bytes="75848952" bytesdiscarded="125528" />
  <memory-copied type="tenure" objects="1358224" bytes="76307344" bytesdiscarded="41080" />
  <finalization candidates="105" enqueued="53" />
  <references type="soft" candidates="14" cleared="0" enqueued="0" dynamicThreshold="11" maxThreshold="32" />
  <references type="weak" candidates="1" cleared="0" enqueued="0" />
  <references type="phantom" candidates="90" cleared="7" enqueued="7" />
  <object-monitors candidates="2" cleared="0"  />
</gc-op>
<gc-end id="5567" type="scavenge" contextid="5563" durationms="97.824" usertimems="376.342" systemtimems="0.066" stalltimems="2.730" timestamp="2022-02-08T17:25:57.440" activeThreads="4">
  <mem-info id="5568" free="250599672" total="1073741824" percent="23">
    <mem type="nursery" free="108509232" total="268435456" percent="40">
      <mem type="allocate" free="108509232" total="184483840" percent="58" />
      <mem type="survivor" free="0" total="83951616" percent="0" />
    </mem>
    <mem type="tenure" free="142090440" total="805306368" percent="17" macro-fragmented="0">
      <mem type="soa" free="134036680" total="797252608" percent="16" />
      <mem type="loa" free="8053760" total="8053760" percent="100" />
    </mem>
    <pending-finalizers system="52" default="1" reference="7" classloader="0" />
    <remembered-set count="132" />
  </mem-info>
</gc-end>
<cycle-end id="5569" type="scavenge" contextid="5563" timestamp="2022-02-08T17:25:57.440" />
<allocation-satisfied id="5570" threadId="0000000000016F00" bytesRequested="208" />
<af-end id="5571" timestamp="2022-02-08T17:25:57.441" threadId="0000000000017908" success="true" from="nursery"/>
<exclusive-end id="5572" timestamp="2022-02-08T17:25:57.441" durationms="98.122" />

<concurrent-kickoff id="5573" timestamp="2022-02-08T17:25:58.115">
  <kickoff reason="threshold reached" targetBytes="74449179" thresholdFreeBytes="5763835"  remainingFree="5705752" tenureFreeBytes="142090440" nurseryFreeBytes="5705752" />
</concurrent-kickoff>
<exclusive-start id="5574" timestamp="2022-02-08T17:25:58.118" intervalms="775.685">
  <response-info timems="0.019" idlems="0.019" threads="0" lastid="0000000000016F00" lastname="main" />
</exclusive-start>
<cycle-start id="5575" type="global" contextid="0" timestamp="2022-02-08T17:25:58.118" intervalms="2872.345" />
<concurrent-start id="5576" type="global mark" contextid="5575" timestamp="2022-02-08T17:25:58.118">
</concurrent-start>
<exclusive-end id="5577" timestamp="2022-02-08T17:25:58.118" durationms="0.029" />

<exclusive-start id="5578" timestamp="2022-02-08T17:25:58.227" intervalms="108.913">
  <response-info timems="0.017" idlems="0.017" threads="0" lastid="0000000000016F00" lastname="main" />
</exclusive-start>
<af-start id="5579" threadId="0000000000017908" totalBytesRequested="16" timestamp="2022-02-08T17:25:58.227" intervalms="884.598" type="nursery" />
<cycle-start id="5580" type="scavenge" contextid="0" timestamp="2022-02-08T17:25:58.227" intervalms="884.598" />
<gc-start id="5581" type="scavenge" contextid="5580" timestamp="2022-02-08T17:25:58.227">
  <mem-info id="5582" free="142090440" total="1073741824" percent="13">
    <mem type="nursery" free="0" total="268435456" percent="0">
      <mem type="allocate" free="0" total="184483840" percent="0" />
      <mem type="survivor" free="0" total="83951616" percent="0" />
    </mem>
    <mem type="tenure" free="142090440" total="805306368" percent="17">
      <mem type="soa" free="134036680" total="797252608" percent="16" />
      <mem type="loa" free="8053760" total="8053760" percent="100" />
    </mem>
    <remembered-set count="133" />
  </mem-info>
</gc-start>
<allocation-stats totalBytes="108456488" >
  <allocated-bytes non-tlh="1992728" tlh="106463760" />
  <largest-consumer threadName="main" threadId="0000000000016F00" bytes="108448296" />
</allocation-stats>
<gc-op id="5583" type="scavenge" timems="78.366" contextid="5580" timestamp="2022-02-08T17:25:58.306">
  <scavenger-info tenureage="1" tenuremask="7ffe" tiltratio="68" />
  <memory-copied type="nursery" objects="1369170" bytes="77158960" bytesdiscarded="322864" />
  <memory-copied type="tenure" objects="1468026" bytes="75319896" bytesdiscarded="40288" />
  <finalization candidates="57" enqueued="0" />
  <references type="phantom" candidates="5" cleared="0" enqueued="0" />
  <object-monitors candidates="2" cleared="0"  />
</gc-op>
<gc-end id="5584" type="scavenge" contextid="5580" durationms="78.544" usertimems="304.800" systemtimems="3.676" stalltimems="3.989" timestamp="2022-02-08T17:25:58.306" activeThreads="4">
  <mem-info id="5585" free="173162984" total="1073741824" percent="16">
    <mem type="nursery" free="106346656" total="268435456" percent="39">
      <mem type="allocate" free="106346656" total="183828480" percent="57" />
      <mem type="survivor" free="0" total="84606976" percent="0" />
    </mem>
    <mem type="tenure" free="66816328" total="805306368" percent="8" macro-fragmented="57512708">
      <mem type="soa" free="58762568" total="797252608" percent="7" />
      <mem type="loa" free="8053760" total="8053760" percent="100" />
    </mem>
    <remembered-set count="102" />
  </mem-info>
</gc-end>
<cycle-end id="5586" type="scavenge" contextid="5580" timestamp="2022-02-08T17:25:58.306" />
<allocation-satisfied id="5587" threadId="0000000000016F00" bytesRequested="16" />
<af-end id="5588" timestamp="2022-02-08T17:25:58.306" threadId="0000000000017908" success="true" from="nursery"/>
<exclusive-end id="5589" timestamp="2022-02-08T17:25:58.306" durationms="78.890" />

<concurrent-end id="5590" type="global mark" contextid="5575" timestamp="2022-02-08T17:25:58.517">
<gc-op id="5591" type="trace" timems="398.965" contextid="5575" timestamp="2022-02-08T17:25:58.517">
  <trace bytesTraced="74450416" workStackOverflowCount="0" />
  <card-cleaning reason="card cleaning threshold reached" bytesTraced="1000" cardsCleaned="2" />
</gc-op>
</concurrent-end>

<exclusive-start id="5592" timestamp="2022-02-08T17:25:58.517" intervalms="290.122">
  <response-info timems="0.018" idlems="0.018" threads="0" lastid="0000000000016F00" lastname="main" />
</exclusive-start>
<concurrent-global-final id="5593" timestamp="2022-02-08T17:25:58.517" contextid="5575" intervalms="2933.432" >
  <concurrent-trace-info reason="card cleaning threshold reached" tracedByMutators="50958452" tracedByHelpers="23492964" cardsCleaned="2" workStackOverflowCount="0" />
</concurrent-global-final>
<gc-start id="5594" type="global" contextid="5575" timestamp="2022-02-08T17:25:58.517">
  <mem-info id="5595" free="158122456" total="1073741824" percent="14">
    <mem type="nursery" free="91306128" total="268435456" percent="34">
      <mem type="allocate" free="91306128" total="183828480" percent="49" />
      <mem type="survivor" free="0" total="84606976" percent="0" />
    </mem>
    <mem type="tenure" free="66816328" total="805306368" percent="8">
      <mem type="soa" free="58762568" total="797252608" percent="7" />
      <mem type="loa" free="8053760" total="8053760" percent="100" />
    </mem>
    <remembered-set count="102" />
  </mem-info>
</gc-start>
<allocation-stats totalBytes="15033144" >
  <allocated-bytes non-tlh="16" tlh="15033128" />
  <largest-consumer threadName="main" threadId="0000000000016F00" bytes="15033144" />
</allocation-stats>
<gc-op id="5596" type="rs-scan" timems="0.601" contextid="5575" timestamp="2022-02-08T17:25:58.518">
  <scan objectsFound="29" bytesTraced="5268" workStackOverflowCount="0" />
</gc-op>
<gc-op id="5597" type="card-cleaning" timems="150.250" contextid="5575" timestamp="2022-02-08T17:25:58.668">
  <card-cleaning cardsCleaned="9" bytesTraced="71016944" workStackOverflowCount="0" />
</gc-op>
<gc-op id="5598" type="mark" timems="52.408" contextid="5575" timestamp="2022-02-08T17:25:58.721">
  <trace-info objectcount="1659931" scancount="1246476" scanbytes="26659176" />
  <finalization candidates="428" enqueued="57" />
  <ownableSynchronizers candidates="1" cleared="0" />
  <references type="soft" candidates="894" cleared="0" enqueued="0" dynamicThreshold="11" maxThreshold="32" />
  <references type="weak" candidates="1701" cleared="0" enqueued="0" />
  <references type="phantom" candidates="52" cleared="2" enqueued="2" />
  <stringconstants candidates="6470" cleared="0"  />
  <object-monitors candidates="2" cleared="0"  />
</gc-op>
<gc-op id="5599" type="sweep" timems="4.907" contextid="5575" timestamp="2022-02-08T17:25:58.726" />
<gc-end id="5600" type="global" contextid="5575" durationms="208.407" usertimems="255.799" systemtimems="6.401" stalltimems="118.199" timestamp="2022-02-08T17:25:58.726" activeThreads="4">
  <mem-info id="5601" free="401311280" total="1073741824" percent="37">
    <mem type="nursery" free="91719608" total="268435456" percent="34">
      <mem type="allocate" free="91719608" total="183828480" percent="49" />
      <mem type="survivor" free="0" total="84606976" percent="0" />
    </mem>
    <mem type="tenure" free="309591672" total="805306368" percent="38" micro-fragmented="338171" macro-fragmented="0">
      <mem type="soa" free="301537912" total="797252608" percent="37" />
      <mem type="loa" free="8053760" total="8053760" percent="100" />
    </mem>
    <pending-finalizers system="57" default="0" reference="2" classloader="0" />
    <remembered-set count="102" />
  </mem-info>
</gc-end>
<cycle-end id="5602" type="global" contextid="5575" timestamp="2022-02-08T17:25:58.726" />
<exclusive-end id="5603" timestamp="2022-02-08T17:25:58.726" durationms="208.682" />

<exclusive-start id="5604" timestamp="2022-02-08T17:25:59.317" intervalms="799.716">
  <response-info timems="0.018" idlems="0.018" threads="0" lastid="0000000000016F00" lastname="main" />
</exclusive-start>
<af-start id="5605" threadId="0000000000017908" totalBytesRequested="184" timestamp="2022-02-08T17:25:59.317" intervalms="1089.848" type="nursery" />
<cycle-start id="5606" type="scavenge" contextid="0" timestamp="2022-02-08T17:25:59.317" intervalms="1089.848" />
<gc-start id="5607" type="scavenge" contextid="5606" timestamp="2022-02-08T17:25:59.317">
  <mem-info id="5608" free="309591672" total="1073741824" percent="28">
    <mem type="nursery" free="0" total="268435456" percent="0">
      <mem type="allocate" free="0" total="183828480" percent="0" />
      <mem type="survivor" free="0" total="84606976" percent="0" />
    </mem>
    <mem type="tenure" free="309591672" total="805306368" percent="38">
      <mem type="soa" free="301537912" total="797252608" percent="37" />
      <mem type="loa" free="8053760" total="8053760" percent="100" />
    </mem>
    <remembered-set count="105" />
  </mem-info>
</gc-start>
<allocation-stats totalBytes="91677712" >
  <allocated-bytes non-tlh="0" tlh="91677712" />
  <largest-consumer threadName="main" threadId="0000000000016F00" bytes="91673616" />
</allocation-stats>
<gc-op id="5609" type="scavenge" timems="74.750" contextid="5606" timestamp="2022-02-08T17:25:59.392">
  <scavenger-info tenureage="1" tenuremask="7ffe" tiltratio="68" />
  <memory-copied type="nursery" objects="1344264" bytes="75805920" bytesdiscarded="233504" />
  <memory-copied type="tenure" objects="1369170" bytes="77158960" bytesdiscarded="48280" />
  <finalization candidates="5" enqueued="0" />
  <ownableSynchronizers candidates="2" cleared="2" />
  <object-monitors candidates="2" cleared="0"  />
</gc-op>
<gc-end id="5610" type="scavenge" contextid="5606" durationms="75.023" usertimems="296.426" systemtimems="0.000" stalltimems="1.574" timestamp="2022-02-08T17:25:59.392" activeThreads="4">
  <mem-info id="5611" free="340240576" total="1073741824" percent="31">
    <mem type="nursery" free="108051200" total="268435456" percent="40">
      <mem type="allocate" free="108051200" total="184090624" percent="58" />
      <mem type="survivor" free="0" total="84344832" percent="0" />
    </mem>
    <mem type="tenure" free="232189376" total="805306368" percent="28" macro-fragmented="0">
      <mem type="soa" free="224135616" total="797252608" percent="28" />
      <mem type="loa" free="8053760" total="8053760" percent="100" />
    </mem>
    <remembered-set count="104" />
  </mem-info>
</gc-end>
<cycle-end id="5612" type="scavenge" contextid="5606" timestamp="2022-02-08T17:25:59.392" />
<allocation-satisfied id="5613" threadId="0000000000016F00" bytesRequested="184" />
<af-end id="5614" timestamp="2022-02-08T17:25:59.392" threadId="0000000000017908" success="true" from="nursery"/>
<exclusive-end id="5615" timestamp="2022-02-08T17:25:59.392" durationms="75.352" />

<exclusive-start id="5616" timestamp="2022-02-08T17:26:00.076" intervalms="759.140">
  <response-info timems="0.017" idlems="0.017" threads="0" lastid="0000000000016F00" lastname="main" />
</exclusive-start>
<af-start id="5617" threadId="0000000000017908" totalBytesRequested="96" timestamp="2022-02-08T17:26:00.076" intervalms="759.127" type="nursery" />
<cycle-start id="5618" type="scavenge" contextid="0" timestamp="2022-02-08T17:26:00.076" intervalms="759.127" />
<gc-start id="5619" type="scavenge" contextid="5618" timestamp="2022-02-08T17:26:00.076">
  <mem-info id="5620" free="232189376" total="1073741824" percent="21">
    <mem type="nursery" free="0" total="268435456" percent="0">
      <mem type="allocate" free="0" total="184090624" percent="0" />
      <mem type="survivor" free="0" total="84344832" percent="0" />
    </mem>
    <mem type="tenure" free="232189376" total="805306368" percent="28">
      <mem type="soa" free="224135616" total="797252608" percent="28" />
      <mem type="loa" free="8053760" total="8053760" percent="100" />
    </mem>
    <remembered-set count="118" />
  </mem-info>
</gc-start>
<allocation-stats totalBytes="107999448" >
  <allocated-bytes non-tlh="453888" tlh="107545560" />
  <largest-consumer threadName="main" threadId="0000000000016F00" bytes="107999448" />
</allocation-stats>
<gc-op id="5621" type="scavenge" timems="77.967" contextid="5618" timestamp="2022-02-08T17:26:00.154">
  <scavenger-info tenureage="1" tenuremask="7ffe" tiltratio="68" />
  <memory-copied type="nursery" objects="1357021" bytes="76892720" bytesdiscarded="263656" />
  <memory-copied type="tenure" objects="1344263" bytes="75805816" bytesdiscarded="45840" />
  <finalization candidates="30" enqueued="18" />
  <references type="phantom" candidates="30" cleared="0" enqueued="0" />
  <object-monitors candidates="2" cleared="0"  />
</gc-op>
<gc-end id="5622" type="scavenge" contextid="5618" durationms="78.252" usertimems="306.455" systemtimems="1.132" stalltimems="3.655" timestamp="2022-02-08T17:26:00.154" activeThreads="4">
  <mem-info id="5623" free="263439992" total="1073741824" percent="24">
    <mem type="nursery" free="106999784" total="268435456" percent="39">
      <mem type="allocate" free="106999784" total="184156160" percent="58" />
      <mem type="survivor" free="0" total="84279296" percent="0" />
    </mem>
    <mem type="tenure" free="156440208" total="805306368" percent="19" macro-fragmented="0">
      <mem type="soa" free="148386448" total="797252608" percent="18" />
      <mem type="loa" free="8053760" total="8053760" percent="100" />
    </mem>
    <pending-finalizers system="18" default="0" reference="0" classloader="0" />
    <remembered-set count="119" />
  </mem-info>
</gc-end>
<cycle-end id="5624" type="scavenge" contextid="5618" timestamp="2022-02-08T17:26:00.154" />
<allocation-satisfied id="5625" threadId="0000000000016F00" bytesRequested="96" />
<af-end id="5626" timestamp="2022-02-08T17:26:00.154" threadId="0000000000017908" success="true" from="nursery"/>
<exclusive-end id="5627" timestamp="2022-02-08T17:26:00.154" durationms="78.493" />

<concurrent-kickoff id="5628" timestamp="2022-02-08T17:26:00.982">
  <kickoff reason="threshold reached" targetBytes="74449625" thresholdFreeBytes="5756348"  remainingFree="5746664" tenureFreeBytes="156440208" nurseryFreeBytes="5746664" />
</concurrent-kickoff>
<exclusive-start id="5629" timestamp="2022-02-08T17:26:00.985" intervalms="909.034">
  <response-info timems="0.020" idlems="0.020" threads="0" lastid="0000000000016F00" lastname="main" />
</exclusive-start>
<cycle-start id="5630" type="global" contextid="0" timestamp="2022-02-08T17:26:00.985" intervalms="2866.925" />
<concurrent-start id="5631" type="global mark" contextid="5630" timestamp="2022-02-08T17:26:00.985">
</concurrent-start>
<exclusive-end id="5632" timestamp="2022-02-08T17:26:00.985" durationms="0.027" />

<exclusive-start id="5633" timestamp="2022-02-08T17:26:01.108" intervalms="123.306">
  <response-info timems="0.017" idlems="0.017" threads="0" lastid="0000000000016F00" lastname="main" />
</exclusive-start>
<af-start id="5634" threadId="0000000000017908" totalBytesRequested="24" timestamp="2022-02-08T17:26:01.108" intervalms="1032.355" type="nursery" />
<cycle-start id="5635" type="scavenge" contextid="0" timestamp="2022-02-08T17:26:01.108" intervalms="1032.357" />
<gc-start id="5636" type="scavenge" contextid="5635" timestamp="2022-02-08T17:26:01.108">
  <mem-info id="5637" free="156440208" total="1073741824" percent="14">
    <mem type="nursery" free="0" total="268435456" percent="0">
      <mem type="allocate" free="0" total="184156160" percent="0" />
      <mem type="survivor" free="0" total="84279296" percent="0" />
    </mem>
    <mem type="tenure" free="156440208" total="805306368" percent="19">
      <mem type="soa" free="148386448" total="797252608" percent="18" />
      <mem type="loa" free="8053760" total="8053760" percent="100" />
    </mem>
    <remembered-set count="136" />
  </mem-info>
</gc-start>
<allocation-stats totalBytes="106954072" >
  <allocated-bytes non-tlh="2555216" tlh="104398856" />
  <largest-consumer threadName="main" threadId="0000000000016F00" bytes="106949976" />
</allocation-stats>
<gc-op id="5638" type="scavenge" timems="80.306" contextid="5635" timestamp="2022-02-08T17:26:01.189">
  <scavenger-info tenureage="1" tenuremask="7ffe" tiltratio="68" />
  <memory-copied type="nursery" objects="1426969" bytes="75543152" bytesdiscarded="199000" />
  <memory-copied type="tenure" objects="1356722" bytes="76279976" bytesdiscarded="39208" />
  <finalization candidates="92" enqueued="35" />
  <references type="soft" candidates="14" cleared="0" enqueued="0" dynamicThreshold="12" maxThreshold="32" />
  <references type="weak" candidates="1" cleared="0" enqueued="0" />
  <references type="phantom" candidates="77" cleared="7" enqueued="7" />
  <object-monitors candidates="2" cleared="0"  />
</gc-op>
<gc-end id="5639" type="scavenge" contextid="5635" durationms="80.509" usertimems="317.131" systemtimems="0.000" stalltimems="3.163" timestamp="2022-02-08T17:26:01.189" activeThreads="4">
  <mem-info id="5640" free="188797768" total="1073741824" percent="17">
    <mem type="nursery" free="108676024" total="268435456" percent="40">
      <mem type="allocate" free="108676024" total="184418304" percent="58" />
      <mem type="survivor" free="0" total="84017152" percent="0" />
    </mem>
    <mem type="tenure" free="80121744" total="805306368" percent="9" macro-fragmented="33282812">
      <mem type="soa" free="72067984" total="797252608" percent="9" />
      <mem type="loa" free="8053760" total="8053760" percent="100" />
    </mem>
    <pending-finalizers system="34" default="1" reference="7" classloader="0" />
    <remembered-set count="121" />
  </mem-info>
</gc-end>
<cycle-end id="5641" type="scavenge" contextid="5635" timestamp="2022-02-08T17:26:01.189" />
<allocation-satisfied id="5642" threadId="0000000000016F00" bytesRequested="24" />
<af-end id="5643" timestamp="2022-02-08T17:26:01.189" threadId="0000000000017908" success="true" from="nursery"/>
<exclusive-end id="5644" timestamp="2022-02-08T17:26:01.189" durationms="80.808" />

<concurrent-end id="5645" type="global mark" contextid="5630" timestamp="2022-02-08T17:26:01.307">
<gc-op id="5646" type="trace" timems="322.423" contextid="5630" timestamp="2022-02-08T17:26:01.307">
  <trace bytesTraced="74450720" workStackOverflowCount="0" />
  <card-cleaning reason="card cleaning threshold reached" bytesTraced="1000" cardsCleaned="2" />
</gc-op>
</concurrent-end>

<exclusive-start id="5647" timestamp="2022-02-08T17:26:01.308" intervalms="199.193">
  <response-info timems="0.017" idlems="0.017" threads="0" lastid="0000000000016F00" lastname="main" />
</exclusive-start>
<concurrent-global-final id="5648" timestamp="2022-02-08T17:26:01.308" contextid="5630" intervalms="2790.390" >
  <concurrent-trace-info reason="card cleaning threshold reached" tracedByMutators="57979100" tracedByHelpers="16472620" cardsCleaned="2" workStackOverflowCount="0" />
</concurrent-global-final>
<gc-start id="5649" type="global" contextid="5630" timestamp="2022-02-08T17:26:01.308">
  <mem-info id="5650" free="181220144" total="1073741824" percent="16">
    <mem type="nursery" free="101098400" total="268435456" percent="37">
      <mem type="allocate" free="101098400" total="184418304" percent="54" />
      <mem type="survivor" free="0" total="84017152" percent="0" />
    </mem>
    <mem type="tenure" free="80121744" total="805306368" percent="9">
      <mem type="soa" free="72067984" total="797252608" percent="9" />
      <mem type="loa" free="8053760" total="8053760" percent="100" />
    </mem>
    <remembered-set count="122" />
  </mem-info>
</gc-start>
<allocation-stats totalBytes="7573616" >
  <allocated-bytes non-tlh="24" tlh="7573592" />
  <largest-consumer threadName="main" threadId="0000000000016F00" bytes="7565424" />
</allocation-stats>
<gc-op id="5651" type="rs-scan" timems="145.828" contextid="5630" timestamp="2022-02-08T17:26:01.453">
  <scan objectsFound="3324749" bytesTraced="71019520" workStackOverflowCount="0" />
</gc-op>
<gc-op id="5652" type="card-cleaning" timems="0.285" contextid="5630" timestamp="2022-02-08T17:26:01.454">
  <card-cleaning cardsCleaned="3" bytesTraced="1348" workStackOverflowCount="0" />
</gc-op>
<gc-op id="5653" type="mark" timems="31.634" contextid="5630" timestamp="2022-02-08T17:26:01.485">
  <trace-info objectcount="1266565" scancount="951450" scanbytes="20365320" />
  <finalization candidates="428" enqueued="57" />
  <ownableSynchronizers candidates="1" cleared="0" />
  <references type="soft" candidates="894" cleared="0" enqueued="0" dynamicThreshold="12" maxThreshold="32" />
  <references type="weak" candidates="1701" cleared="0" enqueued="0" />
  <references type="phantom" candidates="52" cleared="2" enqueued="2" />
  <stringconstants candidates="6470" cleared="0"  />
  <object-monitors candidates="2" cleared="0"  />
</gc-op>
<gc-op id="5654" type="sweep" timems="4.670" contextid="5630" timestamp="2022-02-08T17:26:01.490" />
<gc-end id="5655" type="global" contextid="5630" durationms="182.618" usertimems="192.287" systemtimems="4.399" stalltimems="94.502" timestamp="2022-02-08T17:26:01.490" activeThreads="4">
  <mem-info id="5656" free="424669000" total="1073741824" percent="39">
    <mem type="nursery" free="101711424" total="268435456" percent="37">
      <mem type="allocate" free="101711424" total="184418304" percent="55" />
      <mem type="survivor" free="0" total="84017152" percent="0" />
    </mem>
    <mem type="tenure" free="322957576" total="805306368" percent="40" micro-fragmented="297475" macro-fragmented="0">
      <mem type="soa" free="314903816" total="797252608" percent="39" />
      <mem type="loa" free="8053760" total="8053760" percent="100" />
    </mem>
    <pending-finalizers system="57" default="0" reference="2" classloader="0" />
    <remembered-set count="109" />
  </mem-info>
</gc-end>
<cycle-end id="5657" type="global" contextid="5630" timestamp="2022-02-08T17:26:01.490" />
<exclusive-end id="5658" timestamp="2022-02-08T17:26:01.490" durationms="182.848" />

<exclusive-start id="5659" timestamp="2022-02-08T17:26:02.178" intervalms="870.393">
  <response-info timems="0.019" idlems="0.019" threads="0" lastid="0000000000016F00" lastname="main" />
</exclusive-start>
<af-start id="5660" threadId="0000000000017908" totalBytesRequested="112" timestamp="2022-02-08T17:26:02.178" intervalms="1069.596" type="nursery" />
<cycle-start id="5661" type="scavenge" contextid="0" timestamp="2022-02-08T17:26:02.178" intervalms="1069.596" />
<gc-start id="5662" type="scavenge" contextid="5661" timestamp="2022-02-08T17:26:02.178">
  <mem-info id="5663" free="322957576" total="1073741824" percent="30">
    <mem type="nursery" free="0" total="268435456" percent="0">
      <mem type="allocate" free="0" total="184418304" percent="0" />
      <mem type="survivor" free="0" total="84017152" percent="0" />
    </mem>
    <mem type="tenure" free="322957576" total="805306368" percent="40">
      <mem type="soa" free="314903816" total="797252608" percent="39" />
      <mem type="loa" free="8053760" total="8053760" percent="100" />
    </mem>
    <remembered-set count="110" />
  </mem-info>
</gc-start>
<allocation-stats totalBytes="101665960" >
  <allocated-bytes non-tlh="0" tlh="101665960" />
  <largest-consumer threadName="main" threadId="0000000000016F00" bytes="101661864" />
</allocation-stats>
<gc-op id="5664" type="scavenge" timems="101.885" contextid="5661" timestamp="2022-02-08T17:26:02.280">
  <scavenger-info tenureage="1" tenuremask="7ffe" tiltratio="68" />
  <memory-copied type="nursery" objects="1408457" bytes="77711960" bytesdiscarded="87856" />
  <memory-copied type="tenure" objects="1426488" bytes="75231408" bytesdiscarded="48560" />
  <finalization candidates="45" enqueued="0" />
  <ownableSynchronizers candidates="2" cleared="2" />
  <object-monitors candidates="2" cleared="0"  />
</gc-op>
<gc-end id="5665" type="scavenge" contextid="5661" durationms="102.090" usertimems="399.675" systemtimems="4.275" stalltimems="2.311" timestamp="2022-02-08T17:26:02.280" activeThreads="4">
  <mem-info id="5666" free="352168704" total="1073741824" percent="32">
    <mem type="nursery" free="104783480" total="268435456" percent="39">
      <mem type="allocate" free="104783480" total="182583296" percent="57" />
      <mem type="survivor" free="0" total="85852160" percent="0" />
    </mem>
    <mem type="tenure" free="247385224" total="805306368" percent="30" macro-fragmented="0">
      <mem type="soa" free="239331464" total="797252608" percent="30" />
      <mem type="loa" free="8053760" total="8053760" percent="100" />
    </mem>
    <remembered-set count="103" />
  </mem-info>
</gc-end>
<cycle-end id="5667" type="scavenge" contextid="5661" timestamp="2022-02-08T17:26:02.281" />
<allocation-satisfied id="5668" threadId="0000000000016F00" bytesRequested="112" />
<af-end id="5669" timestamp="2022-02-08T17:26:02.281" threadId="0000000000017908" success="true" from="nursery"/>
<exclusive-end id="5670" timestamp="2022-02-08T17:26:02.281" durationms="102.681" />

<exclusive-start id="5671" timestamp="2022-02-08T17:26:02.926" intervalms="748.150">
  <response-info timems="0.018" idlems="0.018" threads="0" lastid="0000000000016F00" lastname="main" />
</exclusive-start>
<af-start id="5672" threadId="0000000000017908" totalBytesRequested="184" timestamp="2022-02-08T17:26:02.926" intervalms="748.130" type="nursery" />
<cycle-start id="5673" type="scavenge" contextid="0" timestamp="2022-02-08T17:26:02.926" intervalms="748.127" />
<gc-start id="5674" type="scavenge" contextid="5673" timestamp="2022-02-08T17:26:02.926">
  <mem-info id="5675" free="247385224" total="1073741824" percent="23">
    <mem type="nursery" free="0" total="268435456" percent="0">
      <mem type="allocate" free="0" total="182583296" percent="0" />
      <mem type="survivor" free="0" total="85852160" percent="0" />
    </mem>
    <mem type="tenure" free="247385224" total="805306368" percent="30">
      <mem type="soa" free="239331464" total="797252608" percent="30" />
      <mem type="loa" free="8053760" total="8053760" percent="100" />
    </mem>
    <remembered-set count="103" />
  </mem-info>
</gc-start>
<allocation-stats totalBytes="104732544" >
  <allocated-bytes non-tlh="112" tlh="104732432" />
  <largest-consumer threadName="main" threadId="0000000000016F00" bytes="104732544" />
</allocation-stats>
<gc-op id="5676" type="scavenge" timems="93.736" contextid="5673" timestamp="2022-02-08T17:26:03.020">
  <scavenger-info tenureage="1" tenuremask="7ffe" tiltratio="68" />
  <memory-copied type="nursery" objects="1307549" bytes="74462048" bytesdiscarded="186336" />
  <memory-copied type="tenure" objects="1408457" bytes="77711960" bytesdiscarded="41472" />
  <object-monitors candidates="2" cleared="0"  />
</gc-op>
<gc-end id="5677" type="scavenge" contextid="5673" durationms="93.968" usertimems="371.251" systemtimems="1.149" stalltimems="1.450" timestamp="2022-02-08T17:26:03.020" activeThreads="4">
  <mem-info id="5678" free="278154928" total="1073741824" percent="25">
    <mem type="nursery" free="108328128" total="268435456" percent="40">
      <mem type="allocate" free="108328128" total="182976512" percent="59" />
      <mem type="survivor" free="0" total="85458944" percent="0" />
    </mem>
    <mem type="tenure" free="169826800" total="805306368" percent="21" macro-fragmented="0">
      <mem type="soa" free="161773040" total="797252608" percent="20" />
      <mem type="loa" free="8053760" total="8053760" percent="100" />
    </mem>
    <remembered-set count="104" />
  </mem-info>
</gc-end>
<cycle-end id="5679" type="scavenge" contextid="5673" timestamp="2022-02-08T17:26:03.020" />
<allocation-satisfied id="5680" threadId="0000000000016F00" bytesRequested="184" />
<af-end id="5681" timestamp="2022-02-08T17:26:03.020" threadId="0000000000017908" success="true" from="nursery"/>
<exclusive-end id="5682" timestamp="2022-02-08T17:26:03.020" durationms="94.257" />

<exclusive-start id="5683" timestamp="2022-02-08T17:26:03.931" intervalms="1004.880">
  <response-info timems="0.017" idlems="0.017" threads="0" lastid="0000000000016F00" lastname="main" />
</exclusive-start>
<af-start id="5684" threadId="0000000000017908" totalBytesRequested="24" timestamp="2022-02-08T17:26:03.931" intervalms="1004.881" type="nursery" />
<cycle-start id="5685" type="scavenge" contextid="0" timestamp="2022-02-08T17:26:03.931" intervalms="1004.891" />
<gc-start id="5686" type="scavenge" contextid="5685" timestamp="2022-02-08T17:26:03.931">
  <mem-info id="5687" free="169826800" total="1073741824" percent="15">
    <mem type="nursery" free="0" total="268435456" percent="0">
      <mem type="allocate" free="0" total="182976512" percent="0" />
      <mem type="survivor" free="0" total="85458944" percent="0" />
    </mem>
    <mem type="tenure" free="169826800" total="805306368" percent="21">
      <mem type="soa" free="161773040" total="797252608" percent="20" />
      <mem type="loa" free="8053760" total="8053760" percent="100" />
    </mem>
    <remembered-set count="134" />
  </mem-info>
</gc-start>
<allocation-stats totalBytes="108281208" >
  <allocated-bytes non-tlh="2938432" tlh="105342776" />
  <largest-consumer threadName="main" threadId="0000000000016F00" bytes="108281208" />
</allocation-stats>
<gc-op id="5688" type="scavenge" timems="92.978" contextid="5685" timestamp="2022-02-08T17:26:04.024">
  <scavenger-info tenureage="1" tenuremask="7ffe" tiltratio="68" />
  <memory-copied type="nursery" objects="1453692" bytes="76135008" bytesdiscarded="239088" />
  <memory-copied type="tenure" objects="1307548" bytes="74461944" bytesdiscarded="38432" />
  <finalization candidates="110" enqueued="53" />
  <references type="soft" candidates="14" cleared="0" enqueued="0" dynamicThreshold="12" maxThreshold="32" />
  <references type="weak" candidates="1" cleared="0" enqueued="0" />
  <references type="phantom" candidates="95" cleared="7" enqueued="7" />
  <object-monitors candidates="2" cleared="0"  />
</gc-op>
<gc-end id="5689" type="scavenge" contextid="5685" durationms="93.132" usertimems="367.541" systemtimems="1.199" stalltimems="2.048" timestamp="2022-02-08T17:26:04.024" activeThreads="4">
  <mem-info id="5690" free="202065144" total="1073741824" percent="18">
    <mem type="nursery" free="106864432" total="268435456" percent="39">
      <mem type="allocate" free="106864432" total="183238656" percent="58" />
      <mem type="survivor" free="0" total="85196800" percent="0" />
    </mem>
    <mem type="tenure" free="95200712" total="805306368" percent="11" macro-fragmented="69015248">
      <mem type="soa" free="87146952" total="797252608" percent="10" />
      <mem type="loa" free="8053760" total="8053760" percent="100" />
    </mem>
    <pending-finalizers system="52" default="1" reference="7" classloader="0" />
    <remembered-set count="129" />
  </mem-info>
</gc-end>
<cycle-end id="5691" type="scavenge" contextid="5685" timestamp="2022-02-08T17:26:04.024" />
<allocation-satisfied id="5692" threadId="0000000000016F00" bytesRequested="24" />
<af-end id="5693" timestamp="2022-02-08T17:26:04.024" threadId="0000000000017908" success="true" from="nursery"/>
<exclusive-end id="5694" timestamp="2022-02-08T17:26:04.024" durationms="93.396" />

<concurrent-kickoff id="5695" timestamp="2022-02-08T17:26:04.716">
  <kickoff reason="threshold reached" targetBytes="74450042" thresholdFreeBytes="5754791"  remainingFree="5676848" tenureFreeBytes="95200712" nurseryFreeBytes="5676848" />
</concurrent-kickoff>
<exclusive-start id="5696" timestamp="2022-02-08T17:26:04.721" intervalms="789.920">
  <response-info timems="0.021" idlems="0.021" threads="0" lastid="0000000000016F00" lastname="main" />
</exclusive-start>
<cycle-start id="5697" type="global" contextid="0" timestamp="2022-02-08T17:26:04.721" intervalms="3735.850" />
<concurrent-start id="5698" type="global mark" contextid="5697" timestamp="2022-02-08T17:26:04.721">
</concurrent-start>
<exclusive-end id="5699" timestamp="2022-02-08T17:26:04.721" durationms="0.039" />

<exclusive-start id="5700" timestamp="2022-02-08T17:26:04.851" intervalms="130.245">
  <response-info timems="0.015" idlems="0.015" threads="0" lastid="0000000000016F00" lastname="main" />
</exclusive-start>
<af-start id="5701" threadId="0000000000017908" totalBytesRequested="208" timestamp="2022-02-08T17:26:04.851" intervalms="920.161" type="nursery" />
<cycle-start id="5702" type="scavenge" contextid="0" timestamp="2022-02-08T17:26:04.851" intervalms="920.160" />
<gc-start id="5703" type="scavenge" contextid="5702" timestamp="2022-02-08T17:26:04.851">
  <mem-info id="5704" free="95200712" total="1073741824" percent="8">
    <mem type="nursery" free="0" total="268435456" percent="0">
      <mem type="allocate" free="0" total="183238656" percent="0" />
      <mem type="survivor" free="0" total="85196800" percent="0" />
    </mem>
    <mem type="tenure" free="95200712" total="805306368" percent="11">
      <mem type="soa" free="87146952" total="797252608" percent="10" />
      <mem type="loa" free="8053760" total="8053760" percent="100" />
    </mem>
    <remembered-set count="130" />
  </mem-info>
</gc-start>
<allocation-stats totalBytes="106817312" >
  <allocated-bytes non-tlh="24" tlh="106817288" />
  <largest-consumer threadName="main" threadId="0000000000016F00" bytes="106809120" />
</allocation-stats>
<gc-op id="5705" type="scavenge" timems="86.471" contextid="5702" timestamp="2022-02-08T17:26:04.938">
  <scavenger-info tenureage="1" tenuremask="7ffe" tiltratio="68" />
  <memory-copied type="nursery" objects="1377976" bytes="76098320" bytesdiscarded="136432" />
  <memory-copied type="tenure" objects="1452981" bytes="75667152" bytesdiscarded="39208" />
  <finalization candidates="57" enqueued="0" />
  <object-monitors candidates="2" cleared="0"  />
</gc-op>
<gc-end id="5706" type="scavenge" contextid="5702" durationms="86.715" usertimems="339.024" systemtimems="3.963" stalltimems="1.855" timestamp="2022-02-08T17:26:04.938" activeThreads="4">
  <mem-info id="5707" free="127190928" total="1073741824" percent="11">
    <mem type="nursery" free="107593728" total="268435456" percent="40">
      <mem type="allocate" free="107593728" total="183828480" percent="58" />
      <mem type="survivor" free="0" total="84606976" percent="0" />
    </mem>
    <mem type="tenure" free="19597200" total="805306368" percent="2" macro-fragmented="0">
      <mem type="soa" free="11543440" total="797252608" percent="1" />
      <mem type="loa" free="8053760" total="8053760" percent="100" />
    </mem>
    <remembered-set count="102" />
  </mem-info>
</gc-end>
<cycle-end id="5708" type="scavenge" contextid="5702" timestamp="2022-02-08T17:26:04.938" />
<allocation-satisfied id="5709" threadId="0000000000016F00" bytesRequested="208" />
<af-end id="5710" timestamp="2022-02-08T17:26:04.938" threadId="0000000000017908" success="true" from="nursery"/>
<exclusive-end id="5711" timestamp="2022-02-08T17:26:04.938" durationms="86.981" />

<concurrent-end id="5712" type="global mark" contextid="5697" timestamp="2022-02-08T17:26:05.063">
<gc-op id="5713" type="trace" timems="342.125" contextid="5697" timestamp="2022-02-08T17:26:05.063">
  <trace bytesTraced="74450832" workStackOverflowCount="0" />
  <card-cleaning reason="card cleaning threshold reached" bytesTraced="1000" cardsCleaned="2" />
</gc-op>
</concurrent-end>

<exclusive-start id="5714" timestamp="2022-02-08T17:26:05.063" intervalms="211.959">
  <response-info timems="0.018" idlems="0.018" threads="0" lastid="0000000000016F00" lastname="main" />
</exclusive-start>
<concurrent-global-final id="5715" timestamp="2022-02-08T17:26:05.063" contextid="5697" intervalms="3755.546" >
  <concurrent-trace-info reason="card cleaning threshold reached" tracedByMutators="58224476" tracedByHelpers="16227356" cardsCleaned="2" workStackOverflowCount="0" />
</concurrent-global-final>
<gc-start id="5716" type="global" contextid="5697" timestamp="2022-02-08T17:26:05.063">
  <mem-info id="5717" free="119490240" total="1073741824" percent="11">
    <mem type="nursery" free="99893040" total="268435456" percent="37">
      <mem type="allocate" free="99893040" total="183828480" percent="54" />
      <mem type="survivor" free="0" total="84606976" percent="0" />
    </mem>
    <mem type="tenure" free="19597200" total="805306368" percent="2">
      <mem type="soa" free="11543440" total="797252608" percent="1" />
      <mem type="loa" free="8053760" total="8053760" percent="100" />
    </mem>
    <remembered-set count="102" />
  </mem-info>
</gc-start>
<allocation-stats totalBytes="7696136" >
  <allocated-bytes non-tlh="208" tlh="7695928" />
  <largest-consumer threadName="main" threadId="0000000000016F00" bytes="7696136" />
</allocation-stats>
<gc-op id="5718" type="rs-scan" timems="0.578" contextid="5697" timestamp="2022-02-08T17:26:05.064">
  <scan objectsFound="0" bytesTraced="3836" workStackOverflowCount="0" />
</gc-op>
<gc-op id="5719" type="card-cleaning" timems="146.806" contextid="5697" timestamp="2022-02-08T17:26:05.211">
  <card-cleaning cardsCleaned="10" bytesTraced="71018392" workStackOverflowCount="0" />
</gc-op>
<gc-op id="5720" type="mark" timems="64.049" contextid="5697" timestamp="2022-02-08T17:26:05.275">
  <trace-info objectcount="2389550" scancount="1793690" scanbytes="38333096" />
  <finalization candidates="428" enqueued="57" />
  <ownableSynchronizers candidates="1" cleared="0" />
  <references type="soft" candidates="894" cleared="0" enqueued="0" dynamicThreshold="12" maxThreshold="32" />
  <references type="weak" candidates="1701" cleared="0" enqueued="0" />
  <references type="phantom" candidates="52" cleared="2" enqueued="2" />
  <stringconstants candidates="6470" cleared="0"  />
  <object-monitors candidates="2" cleared="0"  />
</gc-op>
<gc-op id="5721" type="sweep" timems="4.975" contextid="5697" timestamp="2022-02-08T17:26:05.280" />
<gc-end id="5722" type="global" contextid="5697" durationms="216.602" usertimems="231.776" systemtimems="0.211" stalltimems="191.892" timestamp="2022-02-08T17:26:05.280" activeThreads="4">
  <mem-info id="5723" free="362572936" total="1073741824" percent="33">
    <mem type="nursery" free="100120912" total="268435456" percent="37">
      <mem type="allocate" free="100120912" total="183828480" percent="54" />
      <mem type="survivor" free="0" total="84606976" percent="0" />
    </mem>
    <mem type="tenure" free="262452024" total="805306368" percent="32" micro-fragmented="302317" macro-fragmented="0">
      <mem type="soa" free="254398264" total="797252608" percent="31" />
      <mem type="loa" free="8053760" total="8053760" percent="100" />
    </mem>
    <pending-finalizers system="57" default="0" reference="2" classloader="0" />
    <remembered-set count="102" />
  </mem-info>
</gc-end>
<cycle-end id="5724" type="global" contextid="5697" timestamp="2022-02-08T17:26:05.280" />
<exclusive-end id="5725" timestamp="2022-02-08T17:26:05.280" durationms="216.804" />

<exclusive-start id="5726" timestamp="2022-02-08T17:26:05.889" intervalms="825.865">
  <response-info timems="0.018" idlems="0.018" threads="0" lastid="0000000000016F00" lastname="main" />
</exclusive-start>
<af-start id="5727" threadId="0000000000017908" totalBytesRequested="16" timestamp="2022-02-08T17:26:05.889" intervalms="1037.826" type="nursery" />
<cycle-start id="5728" type="scavenge" contextid="0" timestamp="2022-02-08T17:26:05.889" intervalms="1037.818" />
<gc-start id="5729" type="scavenge" contextid="5728" timestamp="2022-02-08T17:26:05.889">
  <mem-info id="5730" free="262452024" total="1073741824" percent="24">
    <mem type="nursery" free="0" total="268435456" percent="0">
      <mem type="allocate" free="0" total="183828480" percent="0" />
      <mem type="survivor" free="0" total="84606976" percent="0" />
    </mem>
    <mem type="tenure" free="262452024" total="805306368" percent="32">
      <mem type="soa" free="254398264" total="797252608" percent="31" />
      <mem type="loa" free="8053760" total="8053760" percent="100" />
    </mem>
    <remembered-set count="105" />
  </mem-info>
</gc-start>
<allocation-stats totalBytes="100075312" >
  <allocated-bytes non-tlh="0" tlh="100075312" />
  <largest-consumer threadName="main" threadId="0000000000016F00" bytes="100071216" />
</allocation-stats>
<gc-op id="5731" type="scavenge" timems="87.130" contextid="5728" timestamp="2022-02-08T17:26:05.976">
  <scavenger-info tenureage="1" tenuremask="7ffe" tiltratio="68" />
  <memory-copied type="nursery" objects="1351157" bytes="76522112" bytesdiscarded="275776" />
  <memory-copied type="tenure" objects="1377975" bytes="76098208" bytesdiscarded="45280" />
  <ownableSynchronizers candidates="2" cleared="2" />
  <object-monitors candidates="2" cleared="0"  />
</gc-op>
<gc-end id="5732" type="scavenge" contextid="5728" durationms="87.306" usertimems="345.523" systemtimems="0.000" stalltimems="2.126" timestamp="2022-02-08T17:26:05.976" activeThreads="4">
  <mem-info id="5733" free="293468096" total="1073741824" percent="27">
    <mem type="nursery" free="107358272" total="268435456" percent="39">
      <mem type="allocate" free="107358272" total="184156160" percent="58" />
      <mem type="survivor" free="0" total="84279296" percent="0" />
    </mem>
    <mem type="tenure" free="186109824" total="805306368" percent="23" macro-fragmented="0">
      <mem type="soa" free="178056064" total="797252608" percent="22" />
      <mem type="loa" free="8053760" total="8053760" percent="100" />
    </mem>
    <remembered-set count="105" />
  </mem-info>
</gc-end>
<cycle-end id="5734" type="scavenge" contextid="5728" timestamp="2022-02-08T17:26:05.976" />
<allocation-satisfied id="5735" threadId="0000000000016F00" bytesRequested="16" />
<af-end id="5736" timestamp="2022-02-08T17:26:05.976" threadId="0000000000017908" success="true" from="nursery"/>
<exclusive-end id="5737" timestamp="2022-02-08T17:26:05.976" durationms="87.555" />

</verbosegc>

