<?xml version="1.0" ?>

<verbosegc xmlns="http://www.ibm.com/j9/verbosegc" version="a784f9a9d54_CMPRSS">

<initialized id="1" timestamp="2022-02-08T16:45:23.405">
  <attribute name="gcPolicy" value="-Xgcpolicy:gencon" />
  <attribute name="maxHeapSize" value="0x40000000" />
  <attribute name="initialHeapSize" value="0x40000000" />
  <attribute name="compressedRefs" value="true" />
  <attribute name="compressedRefsDisplacement" value="0x0" />
  <attribute name="compressedRefsShift" value="0x0" />
  <attribute name="pageSize" value="0x1000" />
  <attribute name="pageType" value="not used" />
  <attribute name="requestedPageSize" value="0x1000" />
  <attribute name="requestedPageType" value="not used" />
  <attribute name="gcthreads" value="4" />
  <attribute name="gcthreads Concurrent Mark" value="1" />
  <attribute name="packetListSplit" value="1" />
  <attribute name="cacheListSplit" value="1" />
  <attribute name="splitFreeListSplitAmount" value="1" />
  <attribute name="numaNodes" value="0" />
  <system>
    <attribute name="physicalMemory" value="10477432832" />
    <attribute name="numCPUs" value="4" />
    <attribute name="architecture" value="amd64" />
    <attribute name="os" value="Linux" />
    <attribute name="osVersion" value="4.15.0-167-generic" />
  </system>
  <vmargs>
    <vmarg name="-Xoptionsfile=/home/keithc/space/openj9/jdk11/build/normal/images/jdk/lib/options.default" />
    <vmarg name="-Xlockword:mode=default,noLockword=java/lang/String,noLockword=java/util/MapEntry,noLockword=java/util/HashMap$Entry,noLockword..." />
    <vmarg name="-Xjcl:jclse29" />
    <vmarg name="-Dcom.ibm.oti.vm.bootstrap.library.path=/home/keithc/space/openj9/jdk11/build/normal/images/jdk/lib/default:/home/keithc/space/..." />
    <vmarg name="-Dsun.boot.library.path=/home/keithc/space/openj9/jdk11/build/normal/images/jdk/lib/default:/home/keithc/space/openj9/jdk11/bui..." />
    <vmarg name="-Djava.library.path=/home/keithc/space/openj9/jdk11/build/normal/images/jdk/lib/default:/home/keithc/space/openj9/jdk11/build/n..." />
    <vmarg name="-Djava.home=/home/keithc/space/openj9/jdk11/build/normal/images/jdk" />
    <vmarg name="-Duser.dir=/home/keithc/space/openj9/issue-14193" />
    <vmarg name="-agentlib:jdwp=transport=dt_socket,suspend=y,address=localhost:35891" />
    <vmarg name="-Xgcpolicy:gencon" />
    <vmarg name="-Xverbosegclog" />
    <vmarg name="-Xdump:none" />
    <vmarg name="-Xdump:java:events=abort" />
    <vmarg name="-Xms1024M" />
    <vmarg name="-Xmx1024M" />
    <vmarg name="--add-exports=openj9.dtfj/com.ibm.dtfj.image.j9=test.ras" />
    <vmarg name="-javaagent:/home/keithc/eclipse/2021-12/eclipse/configuration/org.eclipse.osgi/180/0/.cp/lib/javaagent-shaded.jar" />
    <vmarg name="-Dfile.encoding=UTF-8" />
    <vmarg name="--module-path=/home/keithc/space/openj9/issue-14193/bin" />
    <vmarg name="-Djdk.module.main=test.ras" />
    <vmarg name="-Dsun.java.command=test.ras/test.TestRAS data/core.testSystemDumpNullFile.1643155017633.dmp" />
    <vmarg name="-Dsun.java.launcher=SUN_STANDARD" />
    <vmarg name="-Dsun.java.launcher.pid=5557" />
  </vmargs>
</initialized>

<exclusive-start id="2" timestamp="2022-02-08T16:45:25.638" intervalms="2233.016">
  <response-info timems="0.022" idlems="0.022" threads="0" lastid="0000000000016F00" lastname="main" />
</exclusive-start>
<af-start id="3" threadId="0000000000017908" totalBytesRequested="104" timestamp="2022-02-08T16:45:25.638" intervalms="2233.071" type="nursery" />
<cycle-start id="4" type="scavenge" contextid="0" timestamp="2022-02-08T16:45:25.638" intervalms="2233.102" />
<gc-start id="5" type="scavenge" contextid="4" timestamp="2022-02-08T16:45:25.638">
  <mem-info id="6" free="804593584" total="1073741824" percent="74">
    <mem type="nursery" free="0" total="268435456" percent="0">
      <mem type="allocate" free="0" total="134217728" percent="0" />
      <mem type="survivor" free="0" total="134217728" percent="0" />
    </mem>
    <mem type="tenure" free="804593584" total="805306368" percent="99">
      <mem type="soa" free="764327856" total="765040640" percent="99" />
      <mem type="loa" free="40265728" total="40265728" percent="100" />
    </mem>
    <remembered-set count="8719" />
  </mem-info>
</gc-start>
<allocation-stats totalBytes="134867864" >
  <allocated-bytes non-tlh="3155944" tlh="131711920" />
  <largest-consumer threadName="main" threadId="0000000000016F00" bytes="134750384" />
</allocation-stats>
<gc-op id="7" type="scavenge" timems="88.139" contextid="4" timestamp="2022-02-08T16:45:25.727">
  <scavenger-info tenureage="1" tenuremask="fffe" tiltratio="50" />
  <memory-copied type="nursery" objects="1617888" bytes="88190216" bytesdiscarded="151496" />
  <finalization candidates="223" enqueued="19" />
  <ownableSynchronizers candidates="3" cleared="2" />
  <references type="soft" candidates="275" cleared="0" enqueued="0" dynamicThreshold="32" maxThreshold="32" />
  <references type="weak" candidates="2517" cleared="875" enqueued="628" />
  <references type="phantom" candidates="113" cleared="41" enqueued="41" />
  <object-monitors candidates="3" cleared="1"  />
</gc-op>
<gc-end id="8" type="scavenge" contextid="4" durationms="88.240" usertimems="209.711" systemtimems="0.000" stalltimems="3.647" timestamp="2022-02-08T16:45:25.727" activeThreads="4">
  <mem-info id="9" free="850466560" total="1073741824" percent="79">
    <mem type="nursery" free="45872976" total="268435456" percent="17">
      <mem type="allocate" free="45872976" total="134217728" percent="34" />
      <mem type="survivor" free="0" total="134217728" percent="0" />
    </mem>
    <mem type="tenure" free="804593584" total="805306368" percent="99">
      <mem type="soa" free="764327856" total="765040640" percent="99" />
      <mem type="loa" free="40265728" total="40265728" percent="100" />
    </mem>
    <pending-finalizers system="18" default="1" reference="669" classloader="0" />
    <remembered-set count="8719" />
  </mem-info>
</gc-end>
<cycle-end id="10" type="scavenge" contextid="4" timestamp="2022-02-08T16:45:25.727" />
<allocation-satisfied id="11" threadId="0000000000016F00" bytesRequested="104" />
<af-end id="12" timestamp="2022-02-08T16:45:25.727" threadId="0000000000017908" success="true" from="nursery"/>
<exclusive-end id="13" timestamp="2022-02-08T16:45:25.727" durationms="88.545" />

<exclusive-start id="14" timestamp="2022-02-08T16:45:26.045" intervalms="406.587">
  <response-info timems="0.020" idlems="0.020" threads="0" lastid="0000000000016F00" lastname="main" />
</exclusive-start>
<af-start id="15" threadId="0000000000017908" totalBytesRequested="16" timestamp="2022-02-08T16:45:26.045" intervalms="406.578" type="nursery" />
<cycle-start id="16" type="scavenge" contextid="0" timestamp="2022-02-08T16:45:26.045" intervalms="406.569" />
<gc-start id="17" type="scavenge" contextid="16" timestamp="2022-02-08T16:45:26.045">
  <mem-info id="18" free="804593480" total="1073741824" percent="74">
    <mem type="nursery" free="0" total="268435456" percent="0">
      <mem type="allocate" free="0" total="134217728" percent="0" />
      <mem type="survivor" free="0" total="134217728" percent="0" />
    </mem>
    <mem type="tenure" free="804593480" total="805306368" percent="99">
      <mem type="soa" free="764327752" total="765040640" percent="99" />
      <mem type="loa" free="40265728" total="40265728" percent="100" />
    </mem>
    <remembered-set count="8720" />
  </mem-info>
</gc-start>
<allocation-stats totalBytes="45848992" >
  <allocated-bytes non-tlh="208" tlh="45848784" />
  <largest-consumer threadName="main" threadId="0000000000016F00" bytes="45784112" />
</allocation-stats>
<gc-op id="19" type="scavenge" timems="89.220" contextid="16" timestamp="2022-02-08T16:45:26.134">
  <scavenger-info tenureage="1" tenuremask="7ffe" tiltratio="50" />
  <memory-copied type="nursery" objects="571093" bytes="32608112" bytesdiscarded="170888" />
  <memory-copied type="tenure" objects="1616443" bytes="87970952" bytesdiscarded="46256" />
  <finalization candidates="204" enqueued="0" />
  <ownableSynchronizers candidates="1" cleared="0" />
  <object-monitors candidates="2" cleared="0"  />
</gc-op>
<gc-end id="20" type="scavenge" contextid="16" durationms="89.336" usertimems="262.952" systemtimems="6.031" stalltimems="2.002" timestamp="2022-02-08T16:45:26.134" activeThreads="4">
  <mem-info id="21" free="817910704" total="1073741824" percent="76">
    <mem type="nursery" free="101438720" total="268435456" percent="37">
      <mem type="allocate" free="101438720" total="134217728" percent="75" />
      <mem type="survivor" free="0" total="134217728" percent="0" />
    </mem>
    <mem type="tenure" free="716471984" total="805306368" percent="88">
      <mem type="soa" free="676206256" total="765040640" percent="88" />
      <mem type="loa" free="40265728" total="40265728" percent="100" />
    </mem>
    <remembered-set count="8913" />
  </mem-info>
</gc-end>
<cycle-end id="22" type="scavenge" contextid="16" timestamp="2022-02-08T16:45:26.134" />
<allocation-satisfied id="23" threadId="0000000000016F00" bytesRequested="16" />
<af-end id="24" timestamp="2022-02-08T16:45:26.134" threadId="0000000000017908" success="true" from="nursery"/>
<exclusive-end id="25" timestamp="2022-02-08T16:45:26.134" durationms="89.704" />

<exclusive-start id="26" timestamp="2022-02-08T16:45:26.805" intervalms="759.885">
  <response-info timems="0.027" idlems="0.027" threads="0" lastid="0000000000016F00" lastname="main" />
</exclusive-start>
<af-start id="27" threadId="0000000000017908" totalBytesRequested="200" timestamp="2022-02-08T16:45:26.805" intervalms="759.901" type="nursery" />
<cycle-start id="28" type="scavenge" contextid="0" timestamp="2022-02-08T16:45:26.805" intervalms="759.903" />
<gc-start id="29" type="scavenge" contextid="28" timestamp="2022-02-08T16:45:26.805">
  <mem-info id="30" free="716471984" total="1073741824" percent="66">
    <mem type="nursery" free="0" total="268435456" percent="0">
      <mem type="allocate" free="0" total="134217728" percent="0" />
      <mem type="survivor" free="0" total="134217728" percent="0" />
    </mem>
    <mem type="tenure" free="716471984" total="805306368" percent="88">
      <mem type="soa" free="676206256" total="765040640" percent="88" />
      <mem type="loa" free="40265728" total="40265728" percent="100" />
    </mem>
    <remembered-set count="8913" />
  </mem-info>
</gc-start>
<allocation-stats totalBytes="101390088" >
  <allocated-bytes non-tlh="16" tlh="101390072" />
  <largest-consumer threadName="main" threadId="0000000000016F00" bytes="101390088" />
</allocation-stats>
<gc-op id="31" type="scavenge" timems="62.497" contextid="28" timestamp="2022-02-08T16:45:26.867">
  <scavenger-info tenureage="1" tenuremask="7ffe" tiltratio="50" />
  <memory-copied type="nursery" objects="1262162" bytes="72047416" bytesdiscarded="242120" />
  <memory-copied type="tenure" objects="571093" bytes="32608112" bytesdiscarded="17456" />
  <object-monitors candidates="2" cleared="0"  />
</gc-op>
<gc-end id="32" type="scavenge" contextid="28" durationms="62.609" usertimems="246.858" systemtimems="0.000" stalltimems="2.285" timestamp="2022-02-08T16:45:26.867" activeThreads="4">
  <mem-info id="33" free="745715632" total="1073741824" percent="69">
    <mem type="nursery" free="61928192" total="268435456" percent="23">
      <mem type="allocate" free="61928192" total="134217728" percent="46" />
      <mem type="survivor" free="0" total="134217728" percent="0" />
    </mem>
    <mem type="tenure" free="683787440" total="805306368" percent="84">
      <mem type="soa" free="643521712" total="765040640" percent="84" />
      <mem type="loa" free="40265728" total="40265728" percent="100" />
    </mem>
    <remembered-set count="101" />
  </mem-info>
</gc-end>
<cycle-end id="34" type="scavenge" contextid="28" timestamp="2022-02-08T16:45:26.868" />
<allocation-satisfied id="35" threadId="0000000000016F00" bytesRequested="200" />
<af-end id="36" timestamp="2022-02-08T16:45:26.868" threadId="0000000000017908" success="true" from="nursery"/>
<exclusive-end id="37" timestamp="2022-02-08T16:45:26.868" durationms="62.913" />

<exclusive-start id="38" timestamp="2022-02-08T16:45:27.346" intervalms="541.210">
  <response-info timems="0.077" idlems="0.048" threads="1" lastid="000000000001E800" lastname="JIT Compilation Thread-001" />
</exclusive-start>
<af-start id="39" threadId="0000000000017908" totalBytesRequested="416" timestamp="2022-02-08T16:45:27.346" intervalms="541.204" type="nursery" />
<cycle-start id="40" type="scavenge" contextid="0" timestamp="2022-02-08T16:45:27.346" intervalms="541.202" />
<gc-start id="41" type="scavenge" contextid="40" timestamp="2022-02-08T16:45:27.346">
  <mem-info id="42" free="683787440" total="1073741824" percent="63">
    <mem type="nursery" free="0" total="268435456" percent="0">
      <mem type="allocate" free="0" total="134217728" percent="0" />
      <mem type="survivor" free="0" total="134217728" percent="0" />
    </mem>
    <mem type="tenure" free="683787440" total="805306368" percent="84">
      <mem type="soa" free="643521712" total="765040640" percent="84" />
      <mem type="loa" free="40265728" total="40265728" percent="100" />
    </mem>
    <remembered-set count="115" />
  </mem-info>
</gc-start>
<allocation-stats totalBytes="61899664" >
  <allocated-bytes non-tlh="453904" tlh="61445760" />
  <largest-consumer threadName="main" threadId="0000000000016F00" bytes="61899664" />
</allocation-stats>
<gc-op id="43" type="scavenge" timems="68.295" contextid="40" timestamp="2022-02-08T16:45:27.414">
  <scavenger-info tenureage="1" tenuremask="7ffe" tiltratio="50" />
  <memory-copied type="nursery" objects="807108" bytes="44216632" bytesdiscarded="168208" />
  <memory-copied type="tenure" objects="1262161" bytes="72047304" bytesdiscarded="35712" />
  <finalization candidates="30" enqueued="18" />
  <references type="phantom" candidates="30" cleared="0" enqueued="0" />
  <object-monitors candidates="2" cleared="0"  />
</gc-op>
<gc-end id="44" type="scavenge" contextid="40" durationms="68.390" usertimems="269.825" systemtimems="0.000" stalltimems="2.437" timestamp="2022-02-08T16:45:27.414" activeThreads="4">
  <mem-info id="45" free="701584048" total="1073741824" percent="65">
    <mem type="nursery" free="89832888" total="268435456" percent="33">
      <mem type="allocate" free="89832888" total="134217728" percent="66" />
      <mem type="survivor" free="0" total="134217728" percent="0" />
    </mem>
    <mem type="tenure" free="611751160" total="805306368" percent="75">
      <mem type="soa" free="571485432" total="765040640" percent="74" />
      <mem type="loa" free="40265728" total="40265728" percent="100" />
    </mem>
    <pending-finalizers system="18" default="0" reference="0" classloader="0" />
    <remembered-set count="115" />
  </mem-info>
</gc-end>
<cycle-end id="46" type="scavenge" contextid="40" timestamp="2022-02-08T16:45:27.415" />
<allocation-satisfied id="47" threadId="0000000000016F00" bytesRequested="416" />
<af-end id="48" timestamp="2022-02-08T16:45:27.415" threadId="0000000000017908" success="true" from="nursery"/>
<exclusive-end id="49" timestamp="2022-02-08T16:45:27.415" durationms="68.673" />

<exclusive-start id="50" timestamp="2022-02-08T16:45:29.219" intervalms="1872.682">
  <response-info timems="0.064" idlems="0.064" threads="0" lastid="0000000000016F00" lastname="main" />
</exclusive-start>
<af-start id="51" threadId="0000000000017908" totalBytesRequested="104" timestamp="2022-02-08T16:45:29.219" intervalms="1872.675" type="nursery" />
<cycle-start id="52" type="scavenge" contextid="0" timestamp="2022-02-08T16:45:29.219" intervalms="1872.677" />
<gc-start id="53" type="scavenge" contextid="52" timestamp="2022-02-08T16:45:29.219">
  <mem-info id="54" free="611704296" total="1073741824" percent="56">
    <mem type="nursery" free="0" total="268435456" percent="0">
      <mem type="allocate" free="0" total="134217728" percent="0" />
      <mem type="survivor" free="0" total="134217728" percent="0" />
    </mem>
    <mem type="tenure" free="611704296" total="805306368" percent="75">
      <mem type="soa" free="571438568" total="765040640" percent="74" />
      <mem type="loa" free="40265728" total="40265728" percent="100" />
    </mem>
    <remembered-set count="786" />
  </mem-info>
</gc-start>
<allocation-stats totalBytes="89851048" >
  <allocated-bytes non-tlh="1338816" tlh="88512232" />
  <largest-consumer threadName="main" threadId="0000000000016F00" bytes="89846952" />
</allocation-stats>
<gc-op id="55" type="scavenge" timems="51.137" contextid="52" timestamp="2022-02-08T16:45:29.270">
  <scavenger-info tenureage="1" tenuremask="7ffe" tiltratio="50" />
  <memory-copied type="nursery" objects="584461" bytes="23046400" bytesdiscarded="176504" />
  <memory-copied type="tenure" objects="806808" bytes="43603672" bytesdiscarded="21344" />
  <finalization candidates="145" enqueued="36" />
  <references type="soft" candidates="775" cleared="0" enqueued="0" dynamicThreshold="32" maxThreshold="32" />
  <references type="weak" candidates="273" cleared="121" enqueued="115" />
  <references type="phantom" candidates="76" cleared="7" enqueued="7" />
  <object-monitors candidates="2" cleared="0"  />
</gc-op>
<gc-end id="56" type="scavenge" contextid="52" durationms="51.251" usertimems="187.464" systemtimems="0.000" stalltimems="27.168" timestamp="2022-02-08T16:45:29.270" activeThreads="4">
  <mem-info id="57" free="678799608" total="1073741824" percent="63">
    <mem type="nursery" free="110994648" total="268435456" percent="41">
      <mem type="allocate" free="110994648" total="134217728" percent="82" />
      <mem type="survivor" free="0" total="134217728" percent="0" />
    </mem>
    <mem type="tenure" free="567804960" total="805306368" percent="70">
      <mem type="soa" free="527539232" total="765040640" percent="68" />
      <mem type="loa" free="40265728" total="40265728" percent="100" />
    </mem>
    <pending-finalizers system="34" default="2" reference="122" classloader="0" />
    <remembered-set count="774" />
  </mem-info>
</gc-end>
<cycle-end id="58" type="scavenge" contextid="52" timestamp="2022-02-08T16:45:29.270" />
<allocation-satisfied id="59" threadId="0000000000016F00" bytesRequested="104" />
<af-end id="60" timestamp="2022-02-08T16:45:29.270" threadId="0000000000017908" success="true" from="nursery"/>
<exclusive-end id="61" timestamp="2022-02-08T16:45:29.270" durationms="51.567" />

<exclusive-start id="62" timestamp="2022-02-08T16:45:30.099" intervalms="880.251">
  <response-info timems="0.021" idlems="0.021" threads="0" lastid="0000000000016F00" lastname="main" />
</exclusive-start>
<af-start id="63" threadId="0000000000017908" totalBytesRequested="104" timestamp="2022-02-08T16:45:30.099" intervalms="880.249" type="nursery" />
<cycle-start id="64" type="scavenge" contextid="0" timestamp="2022-02-08T16:45:30.099" intervalms="880.260" />
<gc-start id="65" type="scavenge" contextid="64" timestamp="2022-02-08T16:45:30.099">
  <mem-info id="66" free="567804960" total="1073741824" percent="52">
    <mem type="nursery" free="0" total="268435456" percent="0">
      <mem type="allocate" free="0" total="134217728" percent="0" />
      <mem type="survivor" free="0" total="134217728" percent="0" />
    </mem>
    <mem type="tenure" free="567804960" total="805306368" percent="70">
      <mem type="soa" free="527539232" total="765040640" percent="68" />
      <mem type="loa" free="40265728" total="40265728" percent="100" />
    </mem>
    <remembered-set count="778" />
  </mem-info>
</gc-start>
<allocation-stats totalBytes="110941744" >
  <allocated-bytes non-tlh="1347784" tlh="109593960" />
  <largest-consumer threadName="main" threadId="0000000000016F00" bytes="110933552" />
</allocation-stats>
<gc-op id="67" type="scavenge" timems="63.242" contextid="64" timestamp="2022-02-08T16:45:30.162">
  <scavenger-info tenureage="1" tenuremask="7ffe" tiltratio="50" />
  <memory-copied type="nursery" objects="1382499" bytes="79374872" bytesdiscarded="215168" />
  <memory-copied type="tenure" objects="583529" bytes="22233624" bytesdiscarded="7952" />
  <finalization candidates="98" enqueued="0" />
  <references type="phantom" candidates="1" cleared="0" enqueued="0" />
  <object-monitors candidates="2" cleared="0"  />
</gc-op>
<gc-end id="68" type="scavenge" contextid="64" durationms="63.355" usertimems="241.426" systemtimems="4.473" stalltimems="4.094" timestamp="2022-02-08T16:45:30.162" activeThreads="4">
  <mem-info id="69" free="600319272" total="1073741824" percent="55">
    <mem type="nursery" free="54627688" total="268435456" percent="20">
      <mem type="allocate" free="54627688" total="134217728" percent="40" />
      <mem type="survivor" free="0" total="134217728" percent="0" />
    </mem>
    <mem type="tenure" free="545691584" total="805306368" percent="67">
      <mem type="soa" free="505425856" total="765040640" percent="66" />
      <mem type="loa" free="40265728" total="40265728" percent="100" />
    </mem>
    <remembered-set count="700" />
  </mem-info>
</gc-end>
<cycle-end id="70" type="scavenge" contextid="64" timestamp="2022-02-08T16:45:30.163" />
<allocation-satisfied id="71" threadId="0000000000016F00" bytesRequested="104" />
<af-end id="72" timestamp="2022-02-08T16:45:30.163" threadId="0000000000017908" success="true" from="nursery"/>
<exclusive-end id="73" timestamp="2022-02-08T16:45:30.163" durationms="63.768" />

<exclusive-start id="74" timestamp="2022-02-08T16:45:30.536" intervalms="437.065">
  <response-info timems="0.021" idlems="0.021" threads="0" lastid="0000000000016F00" lastname="main" />
</exclusive-start>
<af-start id="75" threadId="0000000000017908" totalBytesRequested="112" timestamp="2022-02-08T16:45:30.536" intervalms="437.063" type="nursery" />
<cycle-start id="76" type="scavenge" contextid="0" timestamp="2022-02-08T16:45:30.536" intervalms="437.049" />
<gc-start id="77" type="scavenge" contextid="76" timestamp="2022-02-08T16:45:30.536">
  <mem-info id="78" free="545691584" total="1073741824" percent="50">
    <mem type="nursery" free="0" total="268435456" percent="0">
      <mem type="allocate" free="0" total="134217728" percent="0" />
      <mem type="survivor" free="0" total="134217728" percent="0" />
    </mem>
    <mem type="tenure" free="545691584" total="805306368" percent="67">
      <mem type="soa" free="505425856" total="765040640" percent="66" />
      <mem type="loa" free="40265728" total="40265728" percent="100" />
    </mem>
    <remembered-set count="700" />
  </mem-info>
</gc-start>
<allocation-stats totalBytes="54601424" >
  <allocated-bytes non-tlh="104" tlh="54601320" />
  <largest-consumer threadName="main" threadId="0000000000016F00" bytes="54601424" />
</allocation-stats>
<gc-op id="79" type="scavenge" timems="67.772" contextid="76" timestamp="2022-02-08T16:45:30.604">
  <scavenger-info tenureage="1" tenuremask="7ffe" tiltratio="50" />
  <memory-copied type="nursery" objects="690044" bytes="38851760" bytesdiscarded="288912" />
  <memory-copied type="tenure" objects="1382499" bytes="79374872" bytesdiscarded="38840" />
  <finalization candidates="1" enqueued="0" />
  <object-monitors candidates="2" cleared="0"  />
</gc-op>
<gc-end id="80" type="scavenge" contextid="76" durationms="67.872" usertimems="263.672" systemtimems="2.930" stalltimems="3.513" timestamp="2022-02-08T16:45:30.604" activeThreads="4">
  <mem-info id="81" free="561349920" total="1073741824" percent="52">
    <mem type="nursery" free="95077056" total="268435456" percent="35">
      <mem type="allocate" free="95077056" total="134217728" percent="70" />
      <mem type="survivor" free="0" total="134217728" percent="0" />
    </mem>
    <mem type="tenure" free="466272864" total="805306368" percent="57">
      <mem type="soa" free="426007136" total="765040640" percent="55" />
      <mem type="loa" free="40265728" total="40265728" percent="100" />
    </mem>
    <remembered-set count="102" />
  </mem-info>
</gc-end>
<cycle-end id="82" type="scavenge" contextid="76" timestamp="2022-02-08T16:45:30.604" />
<allocation-satisfied id="83" threadId="0000000000016F00" bytesRequested="112" />
<af-end id="84" timestamp="2022-02-08T16:45:30.604" threadId="0000000000017908" success="true" from="nursery"/>
<exclusive-end id="85" timestamp="2022-02-08T16:45:30.604" durationms="68.163" />

<exclusive-start id="86" timestamp="2022-02-08T16:45:31.212" intervalms="675.971">
  <response-info timems="0.025" idlems="0.025" threads="0" lastid="0000000000016F00" lastname="main" />
</exclusive-start>
<af-start id="87" threadId="0000000000017908" totalBytesRequested="88" timestamp="2022-02-08T16:45:31.212" intervalms="675.982" type="nursery" />
<cycle-start id="88" type="scavenge" contextid="0" timestamp="2022-02-08T16:45:31.212" intervalms="675.985" />
<gc-start id="89" type="scavenge" contextid="88" timestamp="2022-02-08T16:45:31.212">
  <mem-info id="90" free="466272864" total="1073741824" percent="43">
    <mem type="nursery" free="0" total="268435456" percent="0">
      <mem type="allocate" free="0" total="134217728" percent="0" />
      <mem type="survivor" free="0" total="134217728" percent="0" />
    </mem>
    <mem type="tenure" free="466272864" total="805306368" percent="57">
      <mem type="soa" free="426007136" total="765040640" percent="55" />
      <mem type="loa" free="40265728" total="40265728" percent="100" />
    </mem>
    <remembered-set count="102" />
  </mem-info>
</gc-start>
<allocation-stats totalBytes="95033944" >
  <allocated-bytes non-tlh="112" tlh="95033832" />
  <largest-consumer threadName="main" threadId="0000000000016F00" bytes="95033944" />
</allocation-stats>
<gc-op id="91" type="scavenge" timems="61.087" contextid="88" timestamp="2022-02-08T16:45:31.273">
  <scavenger-info tenureage="1" tenuremask="7ffe" tiltratio="50" />
  <memory-copied type="nursery" objects="1178441" bytes="67507608" bytesdiscarded="87600" />
  <memory-copied type="tenure" objects="690044" bytes="38851760" bytesdiscarded="18728" />
  <object-monitors candidates="2" cleared="0"  />
</gc-op>
<gc-end id="92" type="scavenge" contextid="88" durationms="61.185" usertimems="238.657" systemtimems="0.564" stalltimems="4.389" timestamp="2022-02-08T16:45:31.273" activeThreads="4">
  <mem-info id="93" free="498937496" total="1073741824" percent="46">
    <mem type="nursery" free="71537720" total="268435456" percent="26">
      <mem type="allocate" free="71537720" total="139132928" percent="51" />
      <mem type="survivor" free="0" total="129302528" percent="0" />
    </mem>
    <mem type="tenure" free="427399776" total="805306368" percent="53">
      <mem type="soa" free="387134048" total="765040640" percent="50" />
      <mem type="loa" free="40265728" total="40265728" percent="100" />
    </mem>
    <remembered-set count="102" />
  </mem-info>
</gc-end>
<cycle-end id="94" type="scavenge" contextid="88" timestamp="2022-02-08T16:45:31.273" />
<allocation-satisfied id="95" threadId="0000000000016F00" bytesRequested="88" />
<af-end id="96" timestamp="2022-02-08T16:45:31.273" threadId="0000000000017908" success="true" from="nursery"/>
<exclusive-end id="97" timestamp="2022-02-08T16:45:31.273" durationms="61.565" />

<exclusive-start id="98" timestamp="2022-02-08T16:45:31.950" intervalms="738.025">
  <response-info timems="0.022" idlems="0.022" threads="0" lastid="0000000000016F00" lastname="main" />
</exclusive-start>
<af-start id="99" threadId="0000000000017908" totalBytesRequested="8208" timestamp="2022-02-08T16:45:31.950" intervalms="738.012" type="nursery" />
<cycle-start id="100" type="scavenge" contextid="0" timestamp="2022-02-08T16:45:31.950" intervalms="738.010" />
<gc-start id="101" type="scavenge" contextid="100" timestamp="2022-02-08T16:45:31.950">
  <mem-info id="102" free="427399776" total="1073741824" percent="39">
    <mem type="nursery" free="0" total="268435456" percent="0">
      <mem type="allocate" free="0" total="139132928" percent="0" />
      <mem type="survivor" free="0" total="129302528" percent="0" />
    </mem>
    <mem type="tenure" free="427399776" total="805306368" percent="53">
      <mem type="soa" free="387134048" total="765040640" percent="50" />
      <mem type="loa" free="40265728" total="40265728" percent="100" />
    </mem>
    <remembered-set count="133" />
  </mem-info>
</gc-start>
<allocation-stats totalBytes="71507736" >
  <allocated-bytes non-tlh="848792" tlh="70658944" />
  <largest-consumer threadName="main" threadId="0000000000016F00" bytes="71507736" />
</allocation-stats>
<gc-op id="103" type="scavenge" timems="71.937" contextid="100" timestamp="2022-02-08T16:45:32.022">
  <scavenger-info tenureage="1" tenuremask="7ffe" tiltratio="51" />
  <memory-copied type="nursery" objects="1014369" bytes="50200608" bytesdiscarded="111712" />
  <memory-copied type="tenure" objects="1178440" bytes="67507552" bytesdiscarded="35992" />
  <finalization candidates="75" enqueued="40" />
  <references type="soft" candidates="14" cleared="0" enqueued="0" dynamicThreshold="32" maxThreshold="32" />
  <references type="weak" candidates="1" cleared="0" enqueued="0" />
  <references type="phantom" candidates="61" cleared="7" enqueued="7" />
  <object-monitors candidates="2" cleared="0"  />
</gc-op>
<gc-end id="104" type="scavenge" contextid="100" durationms="72.102" usertimems="250.981" systemtimems="16.066" stalltimems="7.875" timestamp="2022-02-08T16:45:32.022" activeThreads="4">
  <mem-info id="105" free="459988744" total="1073741824" percent="42">
    <mem type="nursery" free="100092672" total="268435456" percent="37">
      <mem type="allocate" free="100092672" total="150405120" percent="66" />
      <mem type="survivor" free="0" total="118030336" percent="0" />
    </mem>
    <mem type="tenure" free="359896072" total="805306368" percent="44">
      <mem type="soa" free="319630344" total="765040640" percent="41" />
      <mem type="loa" free="40265728" total="40265728" percent="100" />
    </mem>
    <pending-finalizers system="39" default="1" reference="7" classloader="0" />
    <remembered-set count="129" />
  </mem-info>
</gc-end>
<cycle-end id="106" type="scavenge" contextid="100" timestamp="2022-02-08T16:45:32.022" />
<allocation-satisfied id="107" threadId="0000000000016F00" bytesRequested="8208" />
<af-end id="108" timestamp="2022-02-08T16:45:32.022" threadId="0000000000017908" success="true" from="nursery"/>
<exclusive-end id="109" timestamp="2022-02-08T16:45:32.022" durationms="72.406" />

<exclusive-start id="110" timestamp="2022-02-08T16:45:32.746" intervalms="796.252">
  <response-info timems="0.020" idlems="0.020" threads="0" lastid="0000000000016F00" lastname="main" />
</exclusive-start>
<af-start id="111" threadId="0000000000017908" totalBytesRequested="232" timestamp="2022-02-08T16:45:32.746" intervalms="796.255" type="nursery" />
<cycle-start id="112" type="scavenge" contextid="0" timestamp="2022-02-08T16:45:32.746" intervalms="796.255" />
<gc-start id="113" type="scavenge" contextid="112" timestamp="2022-02-08T16:45:32.746">
  <mem-info id="114" free="359896072" total="1073741824" percent="33">
    <mem type="nursery" free="0" total="268435456" percent="0">
      <mem type="allocate" free="0" total="150405120" percent="0" />
      <mem type="survivor" free="0" total="118030336" percent="0" />
    </mem>
    <mem type="tenure" free="359896072" total="805306368" percent="44">
      <mem type="soa" free="319630344" total="765040640" percent="41" />
      <mem type="loa" free="40265728" total="40265728" percent="100" />
    </mem>
    <remembered-set count="130" />
  </mem-info>
</gc-start>
<allocation-stats totalBytes="100044696" >
  <allocated-bytes non-tlh="2168328" tlh="97876368" />
  <largest-consumer threadName="main" threadId="0000000000016F00" bytes="100036504" />
</allocation-stats>
<gc-op id="115" type="scavenge" timems="65.287" contextid="112" timestamp="2022-02-08T16:45:32.812">
  <scavenger-info tenureage="1" tenuremask="7ffe" tiltratio="56" />
  <memory-copied type="nursery" objects="1240637" bytes="70971408" bytesdiscarded="134408" />
  <memory-copied type="tenure" objects="1013801" bytes="49841856" bytesdiscarded="22432" />
  <finalization candidates="70" enqueued="13" />
  <references type="phantom" candidates="34" cleared="0" enqueued="0" />
  <object-monitors candidates="2" cleared="0"  />
</gc-op>
<gc-end id="116" type="scavenge" contextid="112" durationms="65.579" usertimems="257.427" systemtimems="0.000" stalltimems="3.065" timestamp="2022-02-08T16:45:32.812" activeThreads="4">
  <mem-info id="117" free="404503376" total="1073741824" percent="37">
    <mem type="nursery" free="94438120" total="268435456" percent="35">
      <mem type="allocate" free="94438120" total="165543936" percent="57" />
      <mem type="survivor" free="0" total="102891520" percent="0" />
    </mem>
    <mem type="tenure" free="310065256" total="805306368" percent="38" macro-fragmented="0">
      <mem type="soa" free="269799528" total="765040640" percent="35" />
      <mem type="loa" free="40265728" total="40265728" percent="100" />
    </mem>
    <pending-finalizers system="13" default="0" reference="0" classloader="0" />
    <remembered-set count="104" />
  </mem-info>
</gc-end>
<cycle-end id="118" type="scavenge" contextid="112" timestamp="2022-02-08T16:45:32.812" />
<allocation-satisfied id="119" threadId="0000000000016F00" bytesRequested="232" />
<af-end id="120" timestamp="2022-02-08T16:45:32.812" threadId="0000000000017908" success="true" from="nursery"/>
<exclusive-end id="121" timestamp="2022-02-08T16:45:32.812" durationms="65.912" />

<exclusive-start id="122" timestamp="2022-02-08T16:45:33.498" intervalms="751.753">
  <response-info timems="0.020" idlems="0.020" threads="0" lastid="0000000000016F00" lastname="main" />
</exclusive-start>
<af-start id="123" threadId="0000000000017908" totalBytesRequested="144" timestamp="2022-02-08T16:45:33.498" intervalms="751.755" type="nursery" />
<cycle-start id="124" type="scavenge" contextid="0" timestamp="2022-02-08T16:45:33.498" intervalms="751.755" />
<gc-start id="125" type="scavenge" contextid="124" timestamp="2022-02-08T16:45:33.498">
  <mem-info id="126" free="310065256" total="1073741824" percent="28">
    <mem type="nursery" free="0" total="268435456" percent="0">
      <mem type="allocate" free="0" total="165543936" percent="0" />
      <mem type="survivor" free="0" total="102891520" percent="0" />
    </mem>
    <mem type="tenure" free="310065256" total="805306368" percent="38">
      <mem type="soa" free="269799528" total="765040640" percent="35" />
      <mem type="loa" free="40265728" total="40265728" percent="100" />
    </mem>
    <remembered-set count="105" />
  </mem-info>
</gc-start>
<allocation-stats totalBytes="94393544" >
  <allocated-bytes non-tlh="232" tlh="94393312" />
  <largest-consumer threadName="main" threadId="0000000000016F00" bytes="94389448" />
</allocation-stats>
<gc-op id="127" type="scavenge" timems="92.169" contextid="124" timestamp="2022-02-08T16:45:33.590">
  <scavenger-info tenureage="1" tenuremask="7ffe" tiltratio="61" />
  <memory-copied type="nursery" objects="1230781" bytes="67285104" bytesdiscarded="225408" />
  <memory-copied type="tenure" objects="1240492" bytes="70868080" bytesdiscarded="38784" />
  <finalization candidates="22" enqueued="0" />
  <object-monitors candidates="2" cleared="0"  />
</gc-op>
<gc-end id="128" type="scavenge" contextid="124" durationms="92.379" usertimems="359.401" systemtimems="1.919" stalltimems="2.849" timestamp="2022-02-08T16:45:33.590" activeThreads="4">
  <mem-info id="129" free="342365360" total="1073741824" percent="31">
    <mem type="nursery" free="103276304" total="268435456" percent="38">
      <mem type="allocate" free="103276304" total="170786816" percent="60" />
      <mem type="survivor" free="0" total="97648640" percent="0" />
    </mem>
    <mem type="tenure" free="239089056" total="805306368" percent="29" macro-fragmented="171732064">
      <mem type="soa" free="198823328" total="765040640" percent="25" />
      <mem type="loa" free="40265728" total="40265728" percent="100" />
    </mem>
    <remembered-set count="102" />
  </mem-info>
</gc-end>
<cycle-end id="130" type="scavenge" contextid="124" timestamp="2022-02-08T16:45:33.591" />
<allocation-satisfied id="131" threadId="0000000000016F00" bytesRequested="144" />
<af-end id="132" timestamp="2022-02-08T16:45:33.591" threadId="0000000000017908" success="true" from="nursery"/>
<exclusive-end id="133" timestamp="2022-02-08T16:45:33.591" durationms="92.641" />

<exclusive-start id="134" timestamp="2022-02-08T16:45:34.244" intervalms="745.685">
  <response-info timems="0.020" idlems="0.020" threads="0" lastid="0000000000016F00" lastname="main" />
</exclusive-start>
<af-start id="135" threadId="0000000000017908" totalBytesRequested="208" timestamp="2022-02-08T16:45:34.244" intervalms="745.693" type="nursery" />
<cycle-start id="136" type="scavenge" contextid="0" timestamp="2022-02-08T16:45:34.244" intervalms="745.694" />
<gc-start id="137" type="scavenge" contextid="136" timestamp="2022-02-08T16:45:34.244">
  <mem-info id="138" free="239089056" total="1073741824" percent="22">
    <mem type="nursery" free="0" total="268435456" percent="0">
      <mem type="allocate" free="0" total="170786816" percent="0" />
      <mem type="survivor" free="0" total="97648640" percent="0" />
    </mem>
    <mem type="tenure" free="239089056" total="805306368" percent="29">
      <mem type="soa" free="198823328" total="765040640" percent="25" />
      <mem type="loa" free="40265728" total="40265728" percent="100" />
    </mem>
    <remembered-set count="102" />
  </mem-info>
</gc-start>
<allocation-stats totalBytes="103230400" >
  <allocated-bytes non-tlh="144" tlh="103230256" />
  <largest-consumer threadName="main" threadId="0000000000016F00" bytes="103230400" />
</allocation-stats>
<gc-op id="139" type="scavenge" timems="76.475" contextid="136" timestamp="2022-02-08T16:45:34.320">
  <scavenger-info tenureage="1" tenuremask="7ffe" tiltratio="63" />
  <memory-copied type="nursery" objects="1291897" bytes="73401904" bytesdiscarded="205648" />
  <memory-copied type="tenure" objects="1230780" bytes="67285024" bytesdiscarded="33608" />
  <object-monitors candidates="2" cleared="0"  />
</gc-op>
<gc-end id="140" type="scavenge" contextid="136" durationms="76.782" usertimems="298.109" systemtimems="0.000" stalltimems="4.326" timestamp="2022-02-08T16:45:34.320" activeThreads="4">
  <mem-info id="141" free="278464984" total="1073741824" percent="25">
    <mem type="nursery" free="106550912" total="268435456" percent="39">
      <mem type="allocate" free="106550912" total="180158464" percent="59" />
      <mem type="survivor" free="0" total="88276992" percent="0" />
    </mem>
    <mem type="tenure" free="171914072" total="805306368" percent="21" macro-fragmented="0">
      <mem type="soa" free="131648344" total="765040640" percent="17" />
      <mem type="loa" free="40265728" total="40265728" percent="100" />
    </mem>
    <remembered-set count="102" />
  </mem-info>
</gc-end>
<cycle-end id="142" type="scavenge" contextid="136" timestamp="2022-02-08T16:45:34.321" />
<allocation-satisfied id="143" threadId="0000000000016F00" bytesRequested="208" />
<af-end id="144" timestamp="2022-02-08T16:45:34.321" threadId="0000000000017908" success="true" from="nursery"/>
<exclusive-end id="145" timestamp="2022-02-08T16:45:34.321" durationms="77.192" />

<concurrent-kickoff id="146" timestamp="2022-02-08T16:45:35.051">
  <kickoff reason="threshold reached" targetBytes="239014924" thresholdFreeBytes="33024922"  remainingFree="32903304" tenureFreeBytes="171914072" nurseryFreeBytes="32903304" />
</concurrent-kickoff>
<exclusive-start id="147" timestamp="2022-02-08T16:45:35.056" intervalms="811.963">
  <response-info timems="0.045" idlems="0.045" threads="0" lastid="0000000000016F00" lastname="main" />
</exclusive-start>
<cycle-start id="148" type="global" contextid="0" timestamp="2022-02-08T16:45:35.056" intervalms="11650.374" />
<concurrent-start id="149" type="global mark" contextid="148" timestamp="2022-02-08T16:45:35.056">
</concurrent-start>
<exclusive-end id="150" timestamp="2022-02-08T16:45:35.056" durationms="0.060" />

<concurrent-end id="151" type="global mark" contextid="148" timestamp="2022-02-08T16:45:35.285">
<gc-op id="152" type="trace" timems="229.407" contextid="148" timestamp="2022-02-08T16:45:35.285">
  <trace bytesTraced="74510120" workStackOverflowCount="0" />
  <card-cleaning reason="card cleaning threshold reached" bytesTraced="188" cardsCleaned="1" />
</gc-op>
</concurrent-end>

<exclusive-start id="153" timestamp="2022-02-08T16:45:35.285" intervalms="229.514">
  <response-info timems="0.023" idlems="0.023" threads="0" lastid="0000000000016F00" lastname="main" />
</exclusive-start>
<concurrent-global-final id="154" timestamp="2022-02-08T16:45:35.285" contextid="148" intervalms="11879.898" >
  <concurrent-trace-info reason="card cleaning threshold reached" tracedByMutators="19393984" tracedByHelpers="55116324" cardsCleaned="1" workStackOverflowCount="0" />
</concurrent-global-final>
<gc-start id="155" type="global" contextid="148" timestamp="2022-02-08T16:45:35.285">
  <mem-info id="156" free="179272056" total="1073741824" percent="16">
    <mem type="nursery" free="7357984" total="268435456" percent="2">
      <mem type="allocate" free="7357984" total="180158464" percent="4" />
      <mem type="survivor" free="0" total="88276992" percent="0" />
    </mem>
    <mem type="tenure" free="171914072" total="805306368" percent="21">
      <mem type="soa" free="131648344" total="765040640" percent="17" />
      <mem type="loa" free="40265728" total="40265728" percent="100" />
    </mem>
    <remembered-set count="133" />
  </mem-info>
</gc-start>
<allocation-stats totalBytes="99152200" >
  <allocated-bytes non-tlh="2938456" tlh="96213744" />
  <largest-consumer threadName="main" threadId="0000000000016F00" bytes="99152200" />
</allocation-stats>
<gc-op id="157" type="rs-scan" timems="133.411" contextid="148" timestamp="2022-02-08T16:45:35.419">
  <scan objectsFound="3324848" bytesTraced="71015516" workStackOverflowCount="0" />
</gc-op>
<gc-op id="158" type="card-cleaning" timems="0.340" contextid="148" timestamp="2022-02-08T16:45:35.419">
  <card-cleaning cardsCleaned="2" bytesTraced="4860" workStackOverflowCount="0" />
</gc-op>
<gc-op id="159" type="mark" timems="25.033" contextid="148" timestamp="2022-02-08T16:45:35.444">
  <trace-info objectcount="718128" scancount="540206" scanbytes="11599120" />
  <finalization candidates="481" enqueued="110" />
  <ownableSynchronizers candidates="1" cleared="0" />
  <references type="soft" candidates="1063" cleared="0" enqueued="0" dynamicThreshold="32" maxThreshold="32" />
  <references type="weak" candidates="1793" cleared="92" enqueued="46" />
  <references type="phantom" candidates="119" cleared="11" enqueued="11" />
  <stringconstants candidates="6463" cleared="1"  />
  <object-monitors candidates="2" cleared="0"  />
</gc-op>
<gc-op id="160" type="classunload" timems="0.004" contextid="148" timestamp="2022-02-08T16:45:35.444">
  <classunload-info classloadercandidates="6" classloadersunloaded="0" classesunloaded="0" anonymousclassesunloaded="0" quiescems="0.000" setupms="0.003" scanms="0.001" postms="0.000" />
</gc-op>
<gc-op id="161" type="sweep" timems="4.873" contextid="148" timestamp="2022-02-08T16:45:35.449" />
<gc-end id="162" type="global" contextid="148" durationms="163.844" usertimems="177.426" systemtimems="0.000" stalltimems="74.792" timestamp="2022-02-08T16:45:35.449" activeThreads="4">
  <mem-info id="163" free="427655744" total="1073741824" percent="39">
    <mem type="nursery" free="10675880" total="268435456" percent="3">
      <mem type="allocate" free="10675880" total="180158464" percent="5" />
      <mem type="survivor" free="0" total="88276992" percent="0" />
    </mem>
    <mem type="tenure" free="416979864" total="805306368" percent="51" micro-fragmented="219082" macro-fragmented="0">
      <mem type="soa" free="376714136" total="765040640" percent="49" />
      <mem type="loa" free="40265728" total="40265728" percent="100" />
    </mem>
    <pending-finalizers system="109" default="1" reference="57" classloader="0" />
    <remembered-set count="112" />
  </mem-info>
</gc-end>
<cycle-end id="164" type="global" contextid="148" timestamp="2022-02-08T16:45:35.449" />
<exclusive-end id="165" timestamp="2022-02-08T16:45:35.449" durationms="164.076" />

<exclusive-start id="166" timestamp="2022-02-08T16:45:35.523" intervalms="238.319">
  <response-info timems="0.055" idlems="0.055" threads="0" lastid="0000000000016F00" lastname="main" />
</exclusive-start>
<af-start id="167" threadId="0000000000017908" totalBytesRequested="16" timestamp="2022-02-08T16:45:35.523" intervalms="1279.794" type="nursery" />
<cycle-start id="168" type="scavenge" contextid="0" timestamp="2022-02-08T16:45:35.523" intervalms="1279.801" />
<gc-start id="169" type="scavenge" contextid="168" timestamp="2022-02-08T16:45:35.524">
  <mem-info id="170" free="416979816" total="1073741824" percent="38">
    <mem type="nursery" free="0" total="268435456" percent="0">
      <mem type="allocate" free="0" total="180158464" percent="0" />
      <mem type="survivor" free="0" total="88276992" percent="0" />
    </mem>
    <mem type="tenure" free="416979816" total="805306368" percent="51">
      <mem type="soa" free="376714088" total="765040640" percent="49" />
      <mem type="loa" free="40265728" total="40265728" percent="100" />
    </mem>
    <remembered-set count="165" />
  </mem-info>
</gc-start>
<allocation-stats totalBytes="10661528" >
  <allocated-bytes non-tlh="48" tlh="10661480" />
  <largest-consumer threadName="main" threadId="0000000000016F00" bytes="10644560" />
</allocation-stats>
<gc-op id="171" type="scavenge" timems="77.624" contextid="168" timestamp="2022-02-08T16:45:35.601">
  <scavenger-info tenureage="1" tenuremask="7ffe" tiltratio="67" />
  <memory-copied type="nursery" objects="1458372" bytes="76605096" bytesdiscarded="242152" />
  <memory-copied type="tenure" objects="1291896" bytes="73401792" bytesdiscarded="36904" />
  <finalization candidates="57" enqueued="0" />
  <ownableSynchronizers candidates="2" cleared="2" />
  <references type="soft" candidates="14" cleared="0" enqueued="0" dynamicThreshold="16" maxThreshold="32" />
  <references type="weak" candidates="1" cleared="0" enqueued="0" />
  <references type="phantom" candidates="31" cleared="1" enqueued="1" />
  <object-monitors candidates="2" cleared="0"  />
</gc-op>
<gc-end id="172" type="scavenge" contextid="168" durationms="77.807" usertimems="305.980" systemtimems="0.000" stalltimems="3.574" timestamp="2022-02-08T16:45:35.601" activeThreads="4">
  <mem-info id="173" free="448341744" total="1073741824" percent="41">
    <mem type="nursery" free="104949552" total="268435456" percent="39">
      <mem type="allocate" free="104949552" total="181796864" percent="57" />
      <mem type="survivor" free="0" total="86638592" percent="0" />
    </mem>
    <mem type="tenure" free="343392192" total="805306368" percent="42" macro-fragmented="147309220">
      <mem type="soa" free="303126464" total="765040640" percent="39" />
      <mem type="loa" free="40265728" total="40265728" percent="100" />
    </mem>
    <pending-finalizers system="0" default="0" reference="1" classloader="0" />
    <remembered-set count="163" />
  </mem-info>
</gc-end>
<cycle-end id="174" type="scavenge" contextid="168" timestamp="2022-02-08T16:45:35.602" />
<allocation-satisfied id="175" threadId="0000000000016F00" bytesRequested="16" />
<af-end id="176" timestamp="2022-02-08T16:45:35.602" threadId="0000000000017908" success="true" from="nursery"/>
<exclusive-end id="177" timestamp="2022-02-08T16:45:35.602" durationms="78.177" />

<exclusive-start id="178" timestamp="2022-02-08T16:45:36.356" intervalms="832.238">
  <response-info timems="0.032" idlems="0.032" threads="0" lastid="0000000000016F00" lastname="main" />
</exclusive-start>
<af-start id="179" threadId="0000000000017908" totalBytesRequested="160" timestamp="2022-02-08T16:45:36.356" intervalms="832.241" type="nursery" />
<cycle-start id="180" type="scavenge" contextid="0" timestamp="2022-02-08T16:45:36.356" intervalms="832.236" />
<gc-start id="181" type="scavenge" contextid="180" timestamp="2022-02-08T16:45:36.356">
  <mem-info id="182" free="343392192" total="1073741824" percent="31">
    <mem type="nursery" free="0" total="268435456" percent="0">
      <mem type="allocate" free="0" total="181796864" percent="0" />
      <mem type="survivor" free="0" total="86638592" percent="0" />
    </mem>
    <mem type="tenure" free="343392192" total="805306368" percent="42">
      <mem type="soa" free="303126464" total="765040640" percent="39" />
      <mem type="loa" free="40265728" total="40265728" percent="100" />
    </mem>
    <remembered-set count="164" />
  </mem-info>
</gc-start>
<allocation-stats totalBytes="104901344" >
  <allocated-bytes non-tlh="16" tlh="104901328" />
  <largest-consumer threadName="main" threadId="0000000000016F00" bytes="104901344" />
</allocation-stats>
<gc-op id="183" type="scavenge" timems="95.740" contextid="180" timestamp="2022-02-08T16:45:36.452">
  <scavenger-info tenureage="1" tenuremask="7ffe" tiltratio="67" />
  <memory-copied type="nursery" objects="1357962" bytes="74762216" bytesdiscarded="216896" />
  <memory-copied type="tenure" objects="1458369" bytes="76605040" bytesdiscarded="37512" />
  <finalization candidates="57" enqueued="0" />
  <object-monitors candidates="2" cleared="0"  />
</gc-op>
<gc-end id="184" type="scavenge" contextid="180" durationms="95.991" usertimems="372.112" systemtimems="0.669" stalltimems="3.705" timestamp="2022-02-08T16:45:36.452" activeThreads="4">
  <mem-info id="185" free="374220776" total="1073741824" percent="34">
    <mem type="nursery" free="107604184" total="268435456" percent="40">
      <mem type="allocate" free="107604184" total="182583296" percent="58" />
      <mem type="survivor" free="0" total="85852160" percent="0" />
    </mem>
    <mem type="tenure" free="266616592" total="805306368" percent="33" macro-fragmented="1800196">
      <mem type="soa" free="226350864" total="765040640" percent="29" />
      <mem type="loa" free="40265728" total="40265728" percent="100" />
    </mem>
    <remembered-set count="152" />
  </mem-info>
</gc-end>
<cycle-end id="186" type="scavenge" contextid="180" timestamp="2022-02-08T16:45:36.452" />
<allocation-satisfied id="187" threadId="0000000000016F00" bytesRequested="160" />
<af-end id="188" timestamp="2022-02-08T16:45:36.452" threadId="0000000000017908" success="true" from="nursery"/>
<exclusive-end id="189" timestamp="2022-02-08T16:45:36.452" durationms="96.256" />

<exclusive-start id="190" timestamp="2022-02-08T16:45:37.169" intervalms="813.461">
  <response-info timems="0.021" idlems="0.021" threads="0" lastid="0000000000016F00" lastname="main" />
</exclusive-start>
<af-start id="191" threadId="0000000000017908" totalBytesRequested="24" timestamp="2022-02-08T16:45:37.169" intervalms="813.449" type="nursery" />
<cycle-start id="192" type="scavenge" contextid="0" timestamp="2022-02-08T16:45:37.169" intervalms="813.447" />
<gc-start id="193" type="scavenge" contextid="192" timestamp="2022-02-08T16:45:37.169">
  <mem-info id="194" free="266616592" total="1073741824" percent="24">
    <mem type="nursery" free="0" total="268435456" percent="0">
      <mem type="allocate" free="0" total="182583296" percent="0" />
      <mem type="survivor" free="0" total="85852160" percent="0" />
    </mem>
    <mem type="tenure" free="266616592" total="805306368" percent="33">
      <mem type="soa" free="226350864" total="765040640" percent="29" />
      <mem type="loa" free="40265728" total="40265728" percent="100" />
    </mem>
    <remembered-set count="152" />
  </mem-info>
</gc-start>
<allocation-stats totalBytes="107554064" >
  <allocated-bytes non-tlh="160" tlh="107553904" />
  <largest-consumer threadName="main" threadId="0000000000016F00" bytes="107554064" />
</allocation-stats>
<gc-op id="195" type="scavenge" timems="76.759" contextid="192" timestamp="2022-02-08T16:45:37.246">
  <scavenger-info tenureage="1" tenuremask="7ffe" tiltratio="68" />
  <memory-copied type="nursery" objects="1345082" bytes="76442768" bytesdiscarded="147568" />
  <memory-copied type="tenure" objects="1357961" bytes="74762128" bytesdiscarded="38624" />
  <object-monitors candidates="2" cleared="0"  />
</gc-op>
<gc-end id="196" type="scavenge" contextid="192" durationms="76.955" usertimems="303.441" systemtimems="0.000" stalltimems="2.210" timestamp="2022-02-08T16:45:37.246" activeThreads="4">
  <mem-info id="197" free="299136488" total="1073741824" percent="27">
    <mem type="nursery" free="107172608" total="268435456" percent="39">
      <mem type="allocate" free="107172608" total="183762944" percent="58" />
      <mem type="survivor" free="0" total="84672512" percent="0" />
    </mem>
    <mem type="tenure" free="191963880" total="805306368" percent="23" macro-fragmented="99381968">
      <mem type="soa" free="151698152" total="765040640" percent="19" />
      <mem type="loa" free="40265728" total="40265728" percent="100" />
    </mem>
    <remembered-set count="102" />
  </mem-info>
</gc-end>
<cycle-end id="198" type="scavenge" contextid="192" timestamp="2022-02-08T16:45:37.246" />
<allocation-satisfied id="199" threadId="0000000000016F00" bytesRequested="24" />
<af-end id="200" timestamp="2022-02-08T16:45:37.246" threadId="0000000000017908" success="true" from="nursery"/>
<exclusive-end id="201" timestamp="2022-02-08T16:45:37.246" durationms="77.314" />

<concurrent-kickoff id="202" timestamp="2022-02-08T16:45:38.003">
  <kickoff reason="threshold reached" targetBytes="204761110" thresholdFreeBytes="27981398"  remainingFree="27854816" tenureFreeBytes="191963880" nurseryFreeBytes="27854816" />
</concurrent-kickoff>
<exclusive-start id="203" timestamp="2022-02-08T16:45:38.008" intervalms="838.435">
  <response-info timems="0.028" idlems="0.028" threads="0" lastid="0000000000016F00" lastname="main" />
</exclusive-start>
<cycle-start id="204" type="global" contextid="0" timestamp="2022-02-08T16:45:38.008" intervalms="2951.961" />
<concurrent-start id="205" type="global mark" contextid="204" timestamp="2022-02-08T16:45:38.008">
</concurrent-start>
<exclusive-end id="206" timestamp="2022-02-08T16:45:38.008" durationms="0.038" />

<concurrent-end id="207" type="global mark" contextid="204" timestamp="2022-02-08T16:45:38.228">
<gc-op id="208" type="trace" timems="220.189" contextid="204" timestamp="2022-02-08T16:45:38.228">
  <trace bytesTraced="74512856" workStackOverflowCount="0" />
  <card-cleaning reason="card cleaning threshold reached" bytesTraced="2536" cardsCleaned="2" />
</gc-op>
</concurrent-end>

<exclusive-start id="209" timestamp="2022-02-08T16:45:38.228" intervalms="220.268">
  <response-info timems="0.017" idlems="0.017" threads="0" lastid="0000000000016F00" lastname="main" />
</exclusive-start>
<concurrent-global-final id="210" timestamp="2022-02-08T16:45:38.228" contextid="204" intervalms="2942.715" >
  <concurrent-trace-info reason="card cleaning threshold reached" tracedByMutators="26028348" tracedByHelpers="48487044" cardsCleaned="2" workStackOverflowCount="0" />
</concurrent-global-final>
<gc-start id="211" type="global" contextid="204" timestamp="2022-02-08T16:45:38.228">
  <mem-info id="212" free="198716104" total="1073741824" percent="18">
    <mem type="nursery" free="6752224" total="268435456" percent="2">
      <mem type="allocate" free="6752224" total="183762944" percent="3" />
      <mem type="survivor" free="0" total="84672512" percent="0" />
    </mem>
    <mem type="tenure" free="191963880" total="805306368" percent="23">
      <mem type="soa" free="151698152" total="765040640" percent="19" />
      <mem type="loa" free="40265728" total="40265728" percent="100" />
    </mem>
    <remembered-set count="132" />
  </mem-info>
</gc-start>
<allocation-stats totalBytes="100376584" >
  <allocated-bytes non-tlh="1493792" tlh="98882792" />
  <largest-consumer threadName="main" threadId="0000000000016F00" bytes="100376584" />
</allocation-stats>
<gc-op id="213" type="rs-scan" timems="147.939" contextid="204" timestamp="2022-02-08T16:45:38.376">
  <scan objectsFound="3324841" bytesTraced="71015356" workStackOverflowCount="0" />
</gc-op>
<gc-op id="214" type="card-cleaning" timems="0.695" contextid="204" timestamp="2022-02-08T16:45:38.377">
  <card-cleaning cardsCleaned="1" bytesTraced="4396" workStackOverflowCount="0" />
</gc-op>
<gc-op id="215" type="mark" timems="16.732" contextid="204" timestamp="2022-02-08T16:45:38.393">
  <trace-info objectcount="503978" scancount="379589" scanbytes="8172232" />
  <finalization candidates="480" enqueued="110" />
  <ownableSynchronizers candidates="1" cleared="0" />
  <references type="soft" candidates="1063" cleared="0" enqueued="0" dynamicThreshold="16" maxThreshold="32" />
  <references type="weak" candidates="1701" cleared="0" enqueued="0" />
  <references type="phantom" candidates="115" cleared="8" enqueued="8" />
  <stringconstants candidates="6463" cleared="0"  />
  <object-monitors candidates="2" cleared="0"  />
</gc-op>
<gc-op id="216" type="sweep" timems="6.061" contextid="204" timestamp="2022-02-08T16:45:38.399" />
<gc-end id="217" type="global" contextid="204" durationms="171.630" usertimems="186.972" systemtimems="0.976" stalltimems="49.950" timestamp="2022-02-08T16:45:38.399" activeThreads="4">
  <mem-info id="218" free="444357936" total="1073741824" percent="41">
    <mem type="nursery" free="9530680" total="268435456" percent="3">
      <mem type="allocate" free="9530680" total="183762944" percent="5" />
      <mem type="survivor" free="0" total="84672512" percent="0" />
    </mem>
    <mem type="tenure" free="434827256" total="805306368" percent="53" micro-fragmented="158619" macro-fragmented="0">
      <mem type="soa" free="394561528" total="765040640" percent="51" />
      <mem type="loa" free="40265728" total="40265728" percent="100" />
    </mem>
    <pending-finalizers system="109" default="1" reference="8" classloader="0" />
    <remembered-set count="111" />
  </mem-info>
</gc-end>
<cycle-end id="219" type="global" contextid="204" timestamp="2022-02-08T16:45:38.400" />
<exclusive-end id="220" timestamp="2022-02-08T16:45:38.400" durationms="171.855" />

<exclusive-start id="221" timestamp="2022-02-08T16:45:38.463" intervalms="234.963">
  <response-info timems="0.021" idlems="0.021" threads="0" lastid="0000000000016F00" lastname="main" />
</exclusive-start>
<af-start id="222" threadId="0000000000017908" totalBytesRequested="192" timestamp="2022-02-08T16:45:38.463" intervalms="1293.667" type="nursery" />
<cycle-start id="223" type="scavenge" contextid="0" timestamp="2022-02-08T16:45:38.463" intervalms="1293.666" />
<gc-start id="224" type="scavenge" contextid="223" timestamp="2022-02-08T16:45:38.463">
  <mem-info id="225" free="434827256" total="1073741824" percent="40">
    <mem type="nursery" free="0" total="268435456" percent="0">
      <mem type="allocate" free="0" total="183762944" percent="0" />
      <mem type="survivor" free="0" total="84672512" percent="0" />
    </mem>
    <mem type="tenure" free="434827256" total="805306368" percent="53">
      <mem type="soa" free="394561528" total="765040640" percent="51" />
      <mem type="loa" free="40265728" total="40265728" percent="100" />
    </mem>
    <remembered-set count="113" />
  </mem-info>
</gc-start>
<allocation-stats totalBytes="9517728" >
  <allocated-bytes non-tlh="0" tlh="9517728" />
  <largest-consumer threadName="main" threadId="0000000000016F00" bytes="9505080" />
</allocation-stats>
<gc-op id="226" type="scavenge" timems="83.974" contextid="223" timestamp="2022-02-08T16:45:38.547">
  <scavenger-info tenureage="1" tenuremask="7ffe" tiltratio="68" />
  <memory-copied type="nursery" objects="1489341" bytes="76806480" bytesdiscarded="211544" />
  <memory-copied type="tenure" objects="1345082" bytes="76442768" bytesdiscarded="38936" />
  <finalization candidates="56" enqueued="0" />
  <ownableSynchronizers candidates="2" cleared="2" />
  <references type="soft" candidates="14" cleared="0" enqueued="0" dynamicThreshold="17" maxThreshold="32" />
  <references type="weak" candidates="1" cleared="0" enqueued="0" />
  <references type="phantom" candidates="30" cleared="1" enqueued="1" />
  <object-monitors candidates="2" cleared="0"  />
</gc-op>
<gc-end id="227" type="scavenge" contextid="223" durationms="84.186" usertimems="320.390" systemtimems="3.428" stalltimems="3.726" timestamp="2022-02-08T16:45:38.547" activeThreads="4">
  <mem-info id="228" free="465765984" total="1073741824" percent="43">
    <mem type="nursery" free="107793432" total="268435456" percent="40">
      <mem type="allocate" free="107793432" total="184811520" percent="58" />
      <mem type="survivor" free="0" total="83623936" percent="0" />
    </mem>
    <mem type="tenure" free="357972552" total="805306368" percent="44" macro-fragmented="0">
      <mem type="soa" free="317706824" total="765040640" percent="41" />
      <mem type="loa" free="40265728" total="40265728" percent="100" />
    </mem>
    <pending-finalizers system="0" default="0" reference="1" classloader="0" />
    <remembered-set count="110" />
  </mem-info>
</gc-end>
<cycle-end id="229" type="scavenge" contextid="223" timestamp="2022-02-08T16:45:38.547" />
<allocation-satisfied id="230" threadId="0000000000016F00" bytesRequested="192" />
<af-end id="231" timestamp="2022-02-08T16:45:38.547" threadId="0000000000017908" success="true" from="nursery"/>
<exclusive-end id="232" timestamp="2022-02-08T16:45:38.547" durationms="84.443" />

<exclusive-start id="233" timestamp="2022-02-08T16:45:39.310" intervalms="846.956">
  <response-info timems="0.025" idlems="0.025" threads="0" lastid="0000000000016F00" lastname="main" />
</exclusive-start>
<af-start id="234" threadId="0000000000017908" totalBytesRequested="208" timestamp="2022-02-08T16:45:39.310" intervalms="846.959" type="nursery" />
<cycle-start id="235" type="scavenge" contextid="0" timestamp="2022-02-08T16:45:39.310" intervalms="846.959" />
<gc-start id="236" type="scavenge" contextid="235" timestamp="2022-02-08T16:45:39.310">
  <mem-info id="237" free="357972552" total="1073741824" percent="33">
    <mem type="nursery" free="0" total="268435456" percent="0">
      <mem type="allocate" free="0" total="184811520" percent="0" />
      <mem type="survivor" free="0" total="83623936" percent="0" />
    </mem>
    <mem type="tenure" free="357972552" total="805306368" percent="44">
      <mem type="soa" free="317706824" total="765040640" percent="41" />
      <mem type="loa" free="40265728" total="40265728" percent="100" />
    </mem>
    <remembered-set count="111" />
  </mem-info>
</gc-start>
<allocation-stats totalBytes="107742552" >
  <allocated-bytes non-tlh="1347872" tlh="106394680" />
  <largest-consumer threadName="main" threadId="0000000000016F00" bytes="107742552" />
</allocation-stats>
<gc-op id="238" type="scavenge" timems="95.952" contextid="235" timestamp="2022-02-08T16:45:39.406">
  <scavenger-info tenureage="1" tenuremask="7ffe" tiltratio="68" />
  <memory-copied type="nursery" objects="1372598" bytes="77160080" bytesdiscarded="175056" />
  <memory-copied type="tenure" objects="1489329" bytes="76331008" bytesdiscarded="38680" />
  <finalization candidates="57" enqueued="0" />
  <references type="phantom" candidates="1" cleared="0" enqueued="0" />
  <object-monitors candidates="2" cleared="0"  />
</gc-op>
<gc-end id="239" type="scavenge" contextid="235" durationms="96.230" usertimems="376.493" systemtimems="0.000" stalltimems="3.942" timestamp="2022-02-08T16:45:39.406" activeThreads="4">
  <mem-info id="240" free="389115920" total="1073741824" percent="36">
    <mem type="nursery" free="107345312" total="268435456" percent="39">
      <mem type="allocate" free="107345312" total="184680448" percent="58" />
      <mem type="survivor" free="0" total="83755008" percent="0" />
    </mem>
    <mem type="tenure" free="281770608" total="805306368" percent="34" macro-fragmented="99381968">
      <mem type="soa" free="241504880" total="765040640" percent="31" />
      <mem type="loa" free="40265728" total="40265728" percent="100" />
    </mem>
    <remembered-set count="102" />
  </mem-info>
</gc-end>
<cycle-end id="241" type="scavenge" contextid="235" timestamp="2022-02-08T16:45:39.406" />
<allocation-satisfied id="242" threadId="0000000000016F00" bytesRequested="208" />
<af-end id="243" timestamp="2022-02-08T16:45:39.406" threadId="0000000000017908" success="true" from="nursery"/>
<exclusive-end id="244" timestamp="2022-02-08T16:45:39.406" durationms="96.563" />

<exclusive-start id="245" timestamp="2022-02-08T16:45:40.112" intervalms="802.296">
  <response-info timems="0.021" idlems="0.021" threads="0" lastid="0000000000016F00" lastname="main" />
</exclusive-start>
<af-start id="246" threadId="0000000000017908" totalBytesRequested="104" timestamp="2022-02-08T16:45:40.112" intervalms="802.292" type="nursery" />
<cycle-start id="247" type="scavenge" contextid="0" timestamp="2022-02-08T16:45:40.112" intervalms="802.292" />
<gc-start id="248" type="scavenge" contextid="247" timestamp="2022-02-08T16:45:40.112">
  <mem-info id="249" free="281770608" total="1073741824" percent="26">
    <mem type="nursery" free="0" total="268435456" percent="0">
      <mem type="allocate" free="0" total="184680448" percent="0" />
      <mem type="survivor" free="0" total="83755008" percent="0" />
    </mem>
    <mem type="tenure" free="281770608" total="805306368" percent="34">
      <mem type="soa" free="241504880" total="765040640" percent="31" />
      <mem type="loa" free="40265728" total="40265728" percent="100" />
    </mem>
    <remembered-set count="102" />
  </mem-info>
</gc-start>
<allocation-stats totalBytes="107297192" >
  <allocated-bytes non-tlh="208" tlh="107296984" />
  <largest-consumer threadName="main" threadId="0000000000016F00" bytes="107297192" />
</allocation-stats>
<gc-op id="250" type="scavenge" timems="80.385" contextid="247" timestamp="2022-02-08T16:45:40.193">
  <scavenger-info tenureage="1" tenuremask="7ffe" tiltratio="68" />
  <memory-copied type="nursery" objects="1345100" bytes="76283744" bytesdiscarded="188544" />
  <memory-copied type="tenure" objects="1372597" bytes="77159968" bytesdiscarded="37504" />
  <finalization candidates="1" enqueued="0" />
  <object-monitors candidates="2" cleared="0"  />
</gc-op>
<gc-end id="251" type="scavenge" contextid="247" durationms="80.573" usertimems="315.565" systemtimems="0.000" stalltimems="3.982" timestamp="2022-02-08T16:45:40.193" activeThreads="4">
  <mem-info id="252" free="313060320" total="1073741824" percent="29">
    <mem type="nursery" free="108339232" total="268435456" percent="40">
      <mem type="allocate" free="108339232" total="184811520" percent="58" />
      <mem type="survivor" free="0" total="83623936" percent="0" />
    </mem>
    <mem type="tenure" free="204721088" total="805306368" percent="25" macro-fragmented="99381968">
      <mem type="soa" free="164455360" total="765040640" percent="21" />
      <mem type="loa" free="40265728" total="40265728" percent="100" />
    </mem>
    <remembered-set count="102" />
  </mem-info>
</gc-end>
<cycle-end id="253" type="scavenge" contextid="247" timestamp="2022-02-08T16:45:40.193" />
<allocation-satisfied id="254" threadId="0000000000016F00" bytesRequested="104" />
<af-end id="255" timestamp="2022-02-08T16:45:40.193" threadId="0000000000017908" success="true" from="nursery"/>
<exclusive-end id="256" timestamp="2022-02-08T16:45:40.193" durationms="80.827" />

<concurrent-kickoff id="257" timestamp="2022-02-08T16:45:40.921">
  <kickoff reason="threshold reached" targetBytes="177765171" thresholdFreeBytes="23909230"  remainingFree="23864984" tenureFreeBytes="204721088" nurseryFreeBytes="23864984" />
</concurrent-kickoff>
<exclusive-start id="258" timestamp="2022-02-08T16:45:40.925" intervalms="813.357">
  <response-info timems="0.020" idlems="0.020" threads="0" lastid="0000000000016F00" lastname="main" />
</exclusive-start>
<cycle-start id="259" type="global" contextid="0" timestamp="2022-02-08T16:45:40.925" intervalms="2917.840" />
<concurrent-start id="260" type="global mark" contextid="259" timestamp="2022-02-08T16:45:40.925">
</concurrent-start>
<exclusive-end id="261" timestamp="2022-02-08T16:45:40.925" durationms="0.038" />

<concurrent-end id="262" type="global mark" contextid="259" timestamp="2022-02-08T16:45:41.166">
<gc-op id="263" type="trace" timems="240.947" contextid="259" timestamp="2022-02-08T16:45:41.166">
  <trace bytesTraced="74510968" workStackOverflowCount="0" />
  <card-cleaning reason="card cleaning threshold reached" bytesTraced="652" cardsCleaned="2" />
</gc-op>
</concurrent-end>

<exclusive-start id="264" timestamp="2022-02-08T16:45:41.166" intervalms="241.029">
  <response-info timems="0.019" idlems="0.019" threads="0" lastid="0000000000016F00" lastname="main" />
</exclusive-start>
<concurrent-global-final id="265" timestamp="2022-02-08T16:45:41.166" contextid="259" intervalms="2938.600" >
  <concurrent-trace-info reason="card cleaning threshold reached" tracedByMutators="17565188" tracedByHelpers="56946432" cardsCleaned="2" workStackOverflowCount="0" />
</concurrent-global-final>
<gc-start id="266" type="global" contextid="259" timestamp="2022-02-08T16:45:41.166">
  <mem-info id="267" free="208989152" total="1073741824" percent="19">
    <mem type="nursery" free="4268064" total="268435456" percent="1">
      <mem type="allocate" free="4268064" total="184811520" percent="2" />
      <mem type="survivor" free="0" total="83623936" percent="0" />
    </mem>
    <mem type="tenure" free="204721088" total="805306368" percent="25">
      <mem type="soa" free="164455360" total="765040640" percent="21" />
      <mem type="loa" free="40265728" total="40265728" percent="100" />
    </mem>
    <remembered-set count="133" />
  </mem-info>
</gc-start>
<allocation-stats totalBytes="104025752" >
  <allocated-bytes non-tlh="1493872" tlh="102531880" />
  <largest-consumer threadName="main" threadId="0000000000016F00" bytes="104025752" />
</allocation-stats>
<gc-op id="268" type="rs-scan" timems="139.981" contextid="259" timestamp="2022-02-08T16:45:41.306">
  <scan objectsFound="3324843" bytesTraced="71015428" workStackOverflowCount="0" />
</gc-op>
<gc-op id="269" type="card-cleaning" timems="0.920" contextid="259" timestamp="2022-02-08T16:45:41.307">
  <card-cleaning cardsCleaned="1" bytesTraced="4396" workStackOverflowCount="0" />
</gc-op>
<gc-op id="270" type="mark" timems="10.095" contextid="259" timestamp="2022-02-08T16:45:41.318">
  <trace-info objectcount="337972" scancount="255085" scanbytes="5516104" />
  <finalization candidates="480" enqueued="110" />
  <ownableSynchronizers candidates="1" cleared="0" />
  <references type="soft" candidates="1063" cleared="0" enqueued="0" dynamicThreshold="17" maxThreshold="32" />
  <references type="weak" candidates="1701" cleared="0" enqueued="0" />
  <references type="phantom" candidates="115" cleared="8" enqueued="8" />
  <stringconstants candidates="6463" cleared="0"  />
  <object-monitors candidates="2" cleared="0"  />
</gc-op>
<gc-op id="271" type="sweep" timems="4.750" contextid="259" timestamp="2022-02-08T16:45:41.322" />
<gc-end id="272" type="global" contextid="259" durationms="155.991" usertimems="171.238" systemtimems="1.120" stalltimems="29.226" timestamp="2022-02-08T16:45:41.322" activeThreads="4">
  <mem-info id="273" free="454597608" total="1073741824" percent="42">
    <mem type="nursery" free="7088192" total="268435456" percent="2">
      <mem type="allocate" free="7088192" total="184811520" percent="3" />
      <mem type="survivor" free="0" total="83623936" percent="0" />
    </mem>
    <mem type="tenure" free="447509416" total="805306368" percent="55" micro-fragmented="149249" macro-fragmented="0">
      <mem type="soa" free="407243688" total="765040640" percent="53" />
      <mem type="loa" free="40265728" total="40265728" percent="100" />
    </mem>
    <pending-finalizers system="109" default="1" reference="8" classloader="0" />
    <remembered-set count="112" />
  </mem-info>
</gc-end>
<cycle-end id="274" type="global" contextid="259" timestamp="2022-02-08T16:45:41.323" />
<exclusive-end id="275" timestamp="2022-02-08T16:45:41.323" durationms="156.375" />

<exclusive-start id="276" timestamp="2022-02-08T16:45:41.367" intervalms="200.621">
  <response-info timems="0.020" idlems="0.020" threads="0" lastid="0000000000016F00" lastname="main" />
</exclusive-start>
<af-start id="277" threadId="0000000000017908" totalBytesRequested="24" timestamp="2022-02-08T16:45:41.367" intervalms="1255.007" type="nursery" />
<cycle-start id="278" type="scavenge" contextid="0" timestamp="2022-02-08T16:45:41.367" intervalms="1255.007" />
<gc-start id="279" type="scavenge" contextid="278" timestamp="2022-02-08T16:45:41.367">
  <mem-info id="280" free="447509416" total="1073741824" percent="41">
    <mem type="nursery" free="0" total="268435456" percent="0">
      <mem type="allocate" free="0" total="184811520" percent="0" />
      <mem type="survivor" free="0" total="83623936" percent="0" />
    </mem>
    <mem type="tenure" free="447509416" total="805306368" percent="55">
      <mem type="soa" free="407243688" total="765040640" percent="53" />
      <mem type="loa" free="40265728" total="40265728" percent="100" />
    </mem>
    <remembered-set count="114" />
  </mem-info>
</gc-start>
<allocation-stats totalBytes="7074760" >
  <allocated-bytes non-tlh="0" tlh="7074760" />
  <largest-consumer threadName="main" threadId="0000000000016F00" bytes="7060360" />
</allocation-stats>
<gc-op id="281" type="scavenge" timems="98.000" contextid="278" timestamp="2022-02-08T16:45:41.465">
  <scavenger-info tenureage="1" tenuremask="7ffe" tiltratio="68" />
  <memory-copied type="nursery" objects="1516893" bytes="77672432" bytesdiscarded="199912" />
  <memory-copied type="tenure" objects="1345100" bytes="76283744" bytesdiscarded="39616" />
  <finalization candidates="56" enqueued="0" />
  <ownableSynchronizers candidates="2" cleared="2" />
  <references type="soft" candidates="14" cleared="0" enqueued="0" dynamicThreshold="17" maxThreshold="32" />
  <references type="weak" candidates="1" cleared="0" enqueued="0" />
  <references type="phantom" candidates="30" cleared="1" enqueued="1" />
  <object-monitors candidates="2" cleared="0"  />
</gc-op>
<gc-end id="282" type="scavenge" contextid="278" durationms="98.229" usertimems="385.633" systemtimems="0.957" stalltimems="3.900" timestamp="2022-02-08T16:45:41.465" activeThreads="4">
  <mem-info id="283" free="476533808" total="1073741824" percent="44">
    <mem type="nursery" free="105497320" total="268435456" percent="39">
      <mem type="allocate" free="105497320" total="183369728" percent="57" />
      <mem type="survivor" free="0" total="85065728" percent="0" />
    </mem>
    <mem type="tenure" free="371036488" total="805306368" percent="46" macro-fragmented="0">
      <mem type="soa" free="330770760" total="765040640" percent="43" />
      <mem type="loa" free="40265728" total="40265728" percent="100" />
    </mem>
    <pending-finalizers system="0" default="0" reference="1" classloader="0" />
    <remembered-set count="112" />
  </mem-info>
</gc-end>
<cycle-end id="284" type="scavenge" contextid="278" timestamp="2022-02-08T16:45:41.465" />
<allocation-satisfied id="285" threadId="0000000000016F00" bytesRequested="24" />
<af-end id="286" timestamp="2022-02-08T16:45:41.465" threadId="0000000000017908" success="true" from="nursery"/>
<exclusive-end id="287" timestamp="2022-02-08T16:45:41.465" durationms="98.477" />

<exclusive-start id="288" timestamp="2022-02-08T16:45:42.203" intervalms="835.836">
  <response-info timems="0.020" idlems="0.020" threads="0" lastid="0000000000016F00" lastname="main" />
</exclusive-start>
<af-start id="289" threadId="0000000000017908" totalBytesRequested="64" timestamp="2022-02-08T16:45:42.203" intervalms="835.838" type="nursery" />
<cycle-start id="290" type="scavenge" contextid="0" timestamp="2022-02-08T16:45:42.203" intervalms="835.838" />
<gc-start id="291" type="scavenge" contextid="290" timestamp="2022-02-08T16:45:42.203">
  <mem-info id="292" free="371036488" total="1073741824" percent="34">
    <mem type="nursery" free="0" total="268435456" percent="0">
      <mem type="allocate" free="0" total="183369728" percent="0" />
      <mem type="survivor" free="0" total="85065728" percent="0" />
    </mem>
    <mem type="tenure" free="371036488" total="805306368" percent="46">
      <mem type="soa" free="330770760" total="765040640" percent="43" />
      <mem type="loa" free="40265728" total="40265728" percent="100" />
    </mem>
    <remembered-set count="113" />
  </mem-info>
</gc-start>
<allocation-stats totalBytes="105446648" >
  <allocated-bytes non-tlh="1347704" tlh="104098944" />
  <largest-consumer threadName="main" threadId="0000000000016F00" bytes="105446648" />
</allocation-stats>
<gc-op id="293" type="scavenge" timems="83.657" contextid="290" timestamp="2022-02-08T16:45:42.287">
  <scavenger-info tenureage="1" tenuremask="7ffe" tiltratio="68" />
  <memory-copied type="nursery" objects="1321444" bytes="75476944" bytesdiscarded="143048" />
  <memory-copied type="tenure" objects="1516882" bytes="77197064" bytesdiscarded="36560" />
  <finalization candidates="57" enqueued="0" />
  <references type="phantom" candidates="1" cleared="0" enqueued="0" />
  <object-monitors candidates="2" cleared="0"  />
</gc-op>
<gc-end id="294" type="scavenge" contextid="290" durationms="83.890" usertimems="329.874" systemtimems="0.086" stalltimems="3.903" timestamp="2022-02-08T16:45:42.287" activeThreads="4">
  <mem-info id="295" free="401668448" total="1073741824" percent="37">
    <mem type="nursery" free="107946344" total="268435456" percent="40">
      <mem type="allocate" free="107946344" total="183566336" percent="58" />
      <mem type="survivor" free="0" total="84869120" percent="0" />
    </mem>
    <mem type="tenure" free="293722104" total="805306368" percent="36" macro-fragmented="99381968">
      <mem type="soa" free="253456376" total="765040640" percent="33" />
      <mem type="loa" free="40265728" total="40265728" percent="100" />
    </mem>
    <remembered-set count="101" />
  </mem-info>
</gc-end>
<cycle-end id="296" type="scavenge" contextid="290" timestamp="2022-02-08T16:45:42.287" />
<allocation-satisfied id="297" threadId="0000000000016F00" bytesRequested="64" />
<af-end id="298" timestamp="2022-02-08T16:45:42.287" threadId="0000000000017908" success="true" from="nursery"/>
<exclusive-end id="299" timestamp="2022-02-08T16:45:42.287" durationms="84.142" />

<exclusive-start id="300" timestamp="2022-02-08T16:45:43.010" intervalms="807.005">
  <response-info timems="0.022" idlems="0.022" threads="0" lastid="0000000000016F00" lastname="main" />
</exclusive-start>
<af-start id="301" threadId="0000000000017908" totalBytesRequested="200" timestamp="2022-02-08T16:45:43.010" intervalms="807.005" type="nursery" />
<cycle-start id="302" type="scavenge" contextid="0" timestamp="2022-02-08T16:45:43.010" intervalms="807.006" />
<gc-start id="303" type="scavenge" contextid="302" timestamp="2022-02-08T16:45:43.010">
  <mem-info id="304" free="293722104" total="1073741824" percent="27">
    <mem type="nursery" free="0" total="268435456" percent="0">
      <mem type="allocate" free="0" total="183566336" percent="0" />
      <mem type="survivor" free="0" total="84869120" percent="0" />
    </mem>
    <mem type="tenure" free="293722104" total="805306368" percent="36">
      <mem type="soa" free="253456376" total="765040640" percent="33" />
      <mem type="loa" free="40265728" total="40265728" percent="100" />
    </mem>
    <remembered-set count="101" />
  </mem-info>
</gc-start>
<allocation-stats totalBytes="107896688" >
  <allocated-bytes non-tlh="64" tlh="107896624" />
  <largest-consumer threadName="main" threadId="0000000000016F00" bytes="107896688" />
</allocation-stats>
<gc-op id="305" type="scavenge" timems="90.922" contextid="302" timestamp="2022-02-08T16:45:43.101">
  <scavenger-info tenureage="1" tenuremask="7ffe" tiltratio="68" />
  <memory-copied type="nursery" objects="1364577" bytes="76745696" bytesdiscarded="161288" />
  <memory-copied type="tenure" objects="1321443" bytes="75476904" bytesdiscarded="37328" />
  <finalization candidates="1" enqueued="0" />
  <object-monitors candidates="2" cleared="0"  />
</gc-op>
<gc-end id="306" type="scavenge" contextid="302" durationms="91.173" usertimems="351.618" systemtimems="0.288" stalltimems="3.397" timestamp="2022-02-08T16:45:43.101" activeThreads="4">
  <mem-info id="307" free="324921896" total="1073741824" percent="30">
    <mem type="nursery" free="106790424" total="268435456" percent="39">
      <mem type="allocate" free="106790424" total="183697408" percent="58" />
      <mem type="survivor" free="0" total="84738048" percent="0" />
    </mem>
    <mem type="tenure" free="218131472" total="805306368" percent="27" macro-fragmented="0">
      <mem type="soa" free="177865744" total="765040640" percent="23" />
      <mem type="loa" free="40265728" total="40265728" percent="100" />
    </mem>
    <remembered-set count="102" />
  </mem-info>
</gc-end>
<cycle-end id="308" type="scavenge" contextid="302" timestamp="2022-02-08T16:45:43.101" />
<allocation-satisfied id="309" threadId="0000000000016F00" bytesRequested="200" />
<af-end id="310" timestamp="2022-02-08T16:45:43.101" threadId="0000000000017908" success="true" from="nursery"/>
<exclusive-end id="311" timestamp="2022-02-08T16:45:43.101" durationms="91.470" />

<concurrent-kickoff id="312" timestamp="2022-02-08T16:45:43.684">
  <kickoff reason="threshold reached" targetBytes="156451514" thresholdFreeBytes="20853302"  remainingFree="20779272" tenureFreeBytes="218131472" nurseryFreeBytes="20779272" />
</concurrent-kickoff>
<exclusive-start id="313" timestamp="2022-02-08T16:45:43.688" intervalms="677.784">
  <response-info timems="0.019" idlems="0.019" threads="0" lastid="0000000000016F00" lastname="main" />
</exclusive-start>
<cycle-start id="314" type="global" contextid="0" timestamp="2022-02-08T16:45:43.688" intervalms="2762.266" />
<concurrent-start id="315" type="global mark" contextid="314" timestamp="2022-02-08T16:45:43.688">
</concurrent-start>
<exclusive-end id="316" timestamp="2022-02-08T16:45:43.688" durationms="0.026" />

<concurrent-end id="317" type="global mark" contextid="314" timestamp="2022-02-08T16:45:44.168">
<gc-op id="318" type="trace" timems="480.363" contextid="314" timestamp="2022-02-08T16:45:44.168">
  <trace bytesTraced="156411048" workStackOverflowCount="0" />
  <card-cleaning reason="card cleaning threshold reached" bytesTraced="8640" cardsCleaned="12" />
</gc-op>
</concurrent-end>

<exclusive-start id="319" timestamp="2022-02-08T16:45:44.168" intervalms="480.431">
  <response-info timems="0.018" idlems="0.018" threads="0" lastid="0000000000016F00" lastname="main" />
</exclusive-start>
<concurrent-global-final id="320" timestamp="2022-02-08T16:45:44.168" contextid="314" intervalms="3001.677" >
  <concurrent-trace-info reason="card cleaning threshold reached" tracedByMutators="68335748" tracedByHelpers="88083940" cardsCleaned="12" workStackOverflowCount="0" />
</concurrent-global-final>
<gc-start id="321" type="global" contextid="314" timestamp="2022-02-08T16:45:44.168">
  <mem-info id="322" free="219282208" total="1073741824" percent="20">
    <mem type="nursery" free="1150736" total="268435456" percent="0">
      <mem type="allocate" free="1150736" total="183697408" percent="0" />
      <mem type="survivor" free="0" total="84738048" percent="0" />
    </mem>
    <mem type="tenure" free="218131472" total="805306368" percent="27">
      <mem type="soa" free="177865744" total="765040640" percent="23" />
      <mem type="loa" free="40265728" total="40265728" percent="100" />
    </mem>
    <remembered-set count="133" />
  </mem-info>
</gc-start>
<allocation-stats totalBytes="105594816" >
  <allocated-bytes non-tlh="945928" tlh="104648888" />
  <largest-consumer threadName="main" threadId="0000000000016F00" bytes="105594816" />
</allocation-stats>
<gc-op id="323" type="rs-scan" timems="1.035" contextid="314" timestamp="2022-02-08T16:45:44.169">
  <scan objectsFound="436" bytesTraced="19476" workStackOverflowCount="0" />
</gc-op>
<gc-op id="324" type="card-cleaning" timems="126.561" contextid="314" timestamp="2022-02-08T16:45:44.296">
  <card-cleaning cardsCleaned="41" bytesTraced="60127928" workStackOverflowCount="0" />
</gc-op>
<gc-op id="325" type="mark" timems="3.700" contextid="314" timestamp="2022-02-08T16:45:44.300">
  <trace-info objectcount="118519" scancount="90418" scanbytes="1994452" />
  <finalization candidates="476" enqueued="53" />
  <ownableSynchronizers candidates="1" cleared="0" />
  <references type="soft" candidates="1077" cleared="0" enqueued="0" dynamicThreshold="17" maxThreshold="32" />
  <references type="weak" candidates="1702" cleared="0" enqueued="0" />
  <references type="phantom" candidates="140" cleared="7" enqueued="7" />
  <stringconstants candidates="6463" cleared="0"  />
  <object-monitors candidates="2" cleared="0"  />
</gc-op>
<gc-op id="326" type="sweep" timems="7.938" contextid="314" timestamp="2022-02-08T16:45:44.307" />
<gc-end id="327" type="global" contextid="314" durationms="139.442" usertimems="165.446" systemtimems="0.000" stalltimems="17.768" timestamp="2022-02-08T16:45:44.308" activeThreads="4">
  <mem-info id="328" free="223855920" total="1073741824" percent="20">
    <mem type="nursery" free="3584776" total="268435456" percent="1">
      <mem type="allocate" free="3584776" total="183697408" percent="1" />
      <mem type="survivor" free="0" total="84738048" percent="0" />
    </mem>
    <mem type="tenure" free="220271144" total="805306368" percent="27" micro-fragmented="199344" macro-fragmented="119258368">
      <mem type="soa" free="180005416" total="765040640" percent="23" />
      <mem type="loa" free="40265728" total="40265728" percent="100" />
    </mem>
    <pending-finalizers system="52" default="1" reference="7" classloader="0" />
    <remembered-set count="128" />
  </mem-info>
</gc-end>
<cycle-end id="329" type="global" contextid="314" timestamp="2022-02-08T16:45:44.308" />
<exclusive-end id="330" timestamp="2022-02-08T16:45:44.308" durationms="139.677" />

<concurrent-kickoff id="331" timestamp="2022-02-08T16:45:44.308">
  <kickoff reason="threshold reached" targetBytes="155981887" thresholdFreeBytes="19666628"  remainingFree="3548624" tenureFreeBytes="220271144" nurseryFreeBytes="3548624" />
</concurrent-kickoff>
<exclusive-start id="332" timestamp="2022-02-08T16:45:44.315" intervalms="146.572">
  <response-info timems="0.018" idlems="0.018" threads="0" lastid="0000000000016F00" lastname="main" />
</exclusive-start>
<cycle-start id="333" type="global" contextid="0" timestamp="2022-02-08T16:45:44.315" intervalms="627.008" />
<concurrent-start id="334" type="global mark" contextid="333" timestamp="2022-02-08T16:45:44.315">
</concurrent-start>
<exclusive-end id="335" timestamp="2022-02-08T16:45:44.315" durationms="0.032" />

<exclusive-start id="336" timestamp="2022-02-08T16:45:44.455" intervalms="140.433">
  <response-info timems="0.022" idlems="0.022" threads="0" lastid="0000000000016F00" lastname="main" />
</exclusive-start>
<af-start id="337" threadId="0000000000017908" totalBytesRequested="192" timestamp="2022-02-08T16:45:44.455" intervalms="1445.237" type="nursery" />
<cycle-start id="338" type="scavenge" contextid="0" timestamp="2022-02-08T16:45:44.455" intervalms="1445.237" />
<gc-start id="339" type="scavenge" contextid="338" timestamp="2022-02-08T16:45:44.455">
  <mem-info id="340" free="220271144" total="1073741824" percent="20">
    <mem type="nursery" free="0" total="268435456" percent="0">
      <mem type="allocate" free="0" total="183697408" percent="0" />
      <mem type="survivor" free="0" total="84738048" percent="0" />
    </mem>
    <mem type="tenure" free="220271144" total="805306368" percent="27">
      <mem type="soa" free="180005416" total="765040640" percent="23" />
      <mem type="loa" free="40265728" total="40265728" percent="100" />
    </mem>
    <remembered-set count="129" />
  </mem-info>
</gc-start>
<allocation-stats totalBytes="3575872" >
  <allocated-bytes non-tlh="266080" tlh="3309792" />
  <largest-consumer threadName="main" threadId="0000000000016F00" bytes="3567680" />
</allocation-stats>
<gc-op id="341" type="scavenge" timems="83.049" contextid="338" timestamp="2022-02-08T16:45:44.538">
  <scavenger-info tenureage="1" tenuremask="7ffe" tiltratio="68" />
  <memory-copied type="nursery" objects="1503151" bytes="76336488" bytesdiscarded="145112" />
  <memory-copied type="tenure" objects="1364576" bytes="76745584" bytesdiscarded="38736" />
  <finalization candidates="55" enqueued="0" />
  <ownableSynchronizers candidates="2" cleared="2" />
  <references type="soft" candidates="14" cleared="0" enqueued="0" dynamicThreshold="8" maxThreshold="32" />
  <references type="weak" candidates="1" cleared="0" enqueued="0" />
  <references type="phantom" candidates="29" cleared="1" enqueued="1" />
  <object-monitors candidates="2" cleared="0"  />
</gc-op>
<gc-end id="342" type="scavenge" contextid="338" durationms="83.270" usertimems="317.523" systemtimems="4.180" stalltimems="5.689" timestamp="2022-02-08T16:45:44.538" activeThreads="4">
  <mem-info id="343" free="250827048" total="1073741824" percent="23">
    <mem type="nursery" free="107608960" total="268435456" percent="40">
      <mem type="allocate" free="107608960" total="184090624" percent="58" />
      <mem type="survivor" free="0" total="84344832" percent="0" />
    </mem>
    <mem type="tenure" free="143218088" total="805306368" percent="17" macro-fragmented="139321344">
      <mem type="soa" free="102952360" total="765040640" percent="13" />
      <mem type="loa" free="40265728" total="40265728" percent="100" />
    </mem>
    <pending-finalizers system="0" default="0" reference="1" classloader="0" />
    <remembered-set count="124" />
  </mem-info>
</gc-end>
<cycle-end id="344" type="scavenge" contextid="338" timestamp="2022-02-08T16:45:44.539" />
<allocation-satisfied id="345" threadId="0000000000016F00" bytesRequested="192" />
<af-end id="346" timestamp="2022-02-08T16:45:44.539" threadId="0000000000017908" success="true" from="nursery"/>
<exclusive-end id="347" timestamp="2022-02-08T16:45:44.539" durationms="83.670" />

<concurrent-end id="348" type="global mark" contextid="333" timestamp="2022-02-08T16:45:44.648">
<gc-op id="349" type="trace" timems="332.991" contextid="333" timestamp="2022-02-08T16:45:44.648">
  <trace bytesTraced="74507124" workStackOverflowCount="0" />
  <card-cleaning reason="card cleaning threshold reached" bytesTraced="3000" cardsCleaned="3" />
</gc-op>
</concurrent-end>

<exclusive-start id="350" timestamp="2022-02-08T16:45:44.648" intervalms="192.632">
  <response-info timems="0.019" idlems="0.019" threads="0" lastid="0000000000016F00" lastname="main" />
</exclusive-start>
<concurrent-global-final id="351" timestamp="2022-02-08T16:45:44.648" contextid="333" intervalms="479.636" >
  <concurrent-trace-info reason="card cleaning threshold reached" tracedByMutators="54569036" tracedByHelpers="19941088" cardsCleaned="3" workStackOverflowCount="0" />
</concurrent-global-final>
<gc-start id="352" type="global" contextid="333" timestamp="2022-02-08T16:45:44.648">
  <mem-info id="353" free="244355184" total="1073741824" percent="22">
    <mem type="nursery" free="101137096" total="268435456" percent="37">
      <mem type="allocate" free="101137096" total="184090624" percent="54" />
      <mem type="survivor" free="0" total="84344832" percent="0" />
    </mem>
    <mem type="tenure" free="143218088" total="805306368" percent="17">
      <mem type="soa" free="102952360" total="765040640" percent="13" />
      <mem type="loa" free="40265728" total="40265728" percent="100" />
    </mem>
    <remembered-set count="125" />
  </mem-info>
</gc-start>
<allocation-stats totalBytes="6468880" >
  <allocated-bytes non-tlh="475320" tlh="5993560" />
  <largest-consumer threadName="main" threadId="0000000000016F00" bytes="6468880" />
</allocation-stats>
<gc-op id="354" type="rs-scan" timems="138.989" contextid="333" timestamp="2022-02-08T16:45:44.787">
  <scan objectsFound="3324742" bytesTraced="71011448" workStackOverflowCount="0" />
</gc-op>
<gc-op id="355" type="card-cleaning" timems="0.273" contextid="333" timestamp="2022-02-08T16:45:44.787">
  <card-cleaning cardsCleaned="4" bytesTraced="5984" workStackOverflowCount="0" />
</gc-op>
<gc-op id="356" type="mark" timems="7.604" contextid="333" timestamp="2022-02-08T16:45:44.795">
  <trace-info objectcount="252289" scancount="190750" scanbytes="4139692" />
  <finalization candidates="427" enqueued="57" />
  <ownableSynchronizers candidates="1" cleared="0" />
  <references type="soft" candidates="1063" cleared="0" enqueued="0" dynamicThreshold="8" maxThreshold="32" />
  <references type="weak" candidates="1701" cleared="0" enqueued="0" />
  <references type="phantom" candidates="50" cleared="1" enqueued="1" />
  <stringconstants candidates="6463" cleared="0"  />
  <object-monitors candidates="2" cleared="0"  />
</gc-op>
<gc-op id="357" type="sweep" timems="4.413" contextid="333" timestamp="2022-02-08T16:45:44.799" />
<gc-end id="358" type="global" contextid="333" durationms="151.505" usertimems="164.335" systemtimems="0.000" stalltimems="22.571" timestamp="2022-02-08T16:45:44.799" activeThreads="4">
  <mem-info id="359" free="485937712" total="1073741824" percent="45">
    <mem type="nursery" free="101558112" total="268435456" percent="37">
      <mem type="allocate" free="101558112" total="184090624" percent="55" />
      <mem type="survivor" free="0" total="84344832" percent="0" />
    </mem>
    <mem type="tenure" free="384379600" total="805306368" percent="47" micro-fragmented="147081" macro-fragmented="0">
      <mem type="soa" free="344113872" total="765040640" percent="44" />
      <mem type="loa" free="40265728" total="40265728" percent="100" />
    </mem>
    <pending-finalizers system="57" default="0" reference="1" classloader="0" />
    <remembered-set count="112" />
  </mem-info>
</gc-end>
<cycle-end id="360" type="global" contextid="333" timestamp="2022-02-08T16:45:44.799" />
<exclusive-end id="361" timestamp="2022-02-08T16:45:44.799" durationms="151.707" />

<exclusive-start id="362" timestamp="2022-02-08T16:45:45.530" intervalms="882.068">
  <response-info timems="0.020" idlems="0.020" threads="0" lastid="0000000000016F00" lastname="main" />
</exclusive-start>
<af-start id="363" threadId="0000000000017908" totalBytesRequested="24" timestamp="2022-02-08T16:45:45.530" intervalms="1074.681" type="nursery" />
<cycle-start id="364" type="scavenge" contextid="0" timestamp="2022-02-08T16:45:45.530" intervalms="1074.681" />
<gc-start id="365" type="scavenge" contextid="364" timestamp="2022-02-08T16:45:45.530">
  <mem-info id="366" free="384379600" total="1073741824" percent="35">
    <mem type="nursery" free="0" total="268435456" percent="0">
      <mem type="allocate" free="0" total="184090624" percent="0" />
      <mem type="survivor" free="0" total="84344832" percent="0" />
    </mem>
    <mem type="tenure" free="384379600" total="805306368" percent="47">
      <mem type="soa" free="344113872" total="765040640" percent="44" />
      <mem type="loa" free="40265728" total="40265728" percent="100" />
    </mem>
    <remembered-set count="113" />
  </mem-info>
</gc-start>
<allocation-stats totalBytes="101509904" >
  <allocated-bytes non-tlh="1347680" tlh="100162224" />
  <largest-consumer threadName="main" threadId="0000000000016F00" bytes="101497632" />
</allocation-stats>
<gc-op id="367" type="scavenge" timems="85.666" contextid="364" timestamp="2022-02-08T16:45:45.616">
  <scavenger-info tenureage="1" tenuremask="7ffe" tiltratio="68" />
  <memory-copied type="nursery" objects="1345275" bytes="76856688" bytesdiscarded="103664" />
  <memory-copied type="tenure" objects="1503139" bytes="76166424" bytesdiscarded="37920" />
  <finalization candidates="57" enqueued="0" />
  <ownableSynchronizers candidates="2" cleared="2" />
  <references type="phantom" candidates="2" cleared="0" enqueued="0" />
  <object-monitors candidates="2" cleared="0"  />
</gc-op>
<gc-end id="368" type="scavenge" contextid="364" durationms="85.894" usertimems="335.413" systemtimems="0.000" stalltimems="3.878" timestamp="2022-02-08T16:45:45.616" activeThreads="4">
  <mem-info id="369" free="415241016" total="1073741824" percent="38">
    <mem type="nursery" free="107261344" total="268435456" percent="39">
      <mem type="allocate" free="107261344" total="184221696" percent="58" />
      <mem type="survivor" free="0" total="84213760" percent="0" />
    </mem>
    <mem type="tenure" free="307979672" total="805306368" percent="38" macro-fragmented="0">
      <mem type="soa" free="267713944" total="765040640" percent="34" />
      <mem type="loa" free="40265728" total="40265728" percent="100" />
    </mem>
    <remembered-set count="103" />
  </mem-info>
</gc-end>
<cycle-end id="370" type="scavenge" contextid="364" timestamp="2022-02-08T16:45:45.616" />
<allocation-satisfied id="371" threadId="0000000000016F00" bytesRequested="24" />
<af-end id="372" timestamp="2022-02-08T16:45:45.616" threadId="0000000000017908" success="true" from="nursery"/>
<exclusive-end id="373" timestamp="2022-02-08T16:45:45.616" durationms="86.175" />

<exclusive-start id="374" timestamp="2022-02-08T16:45:46.343" intervalms="813.704">
  <response-info timems="0.022" idlems="0.022" threads="0" lastid="0000000000016F00" lastname="main" />
</exclusive-start>
<af-start id="375" threadId="0000000000017908" totalBytesRequested="184" timestamp="2022-02-08T16:45:46.344" intervalms="813.716" type="nursery" />
<cycle-start id="376" type="scavenge" contextid="0" timestamp="2022-02-08T16:45:46.344" intervalms="813.730" />
<gc-start id="377" type="scavenge" contextid="376" timestamp="2022-02-08T16:45:46.344">
  <mem-info id="378" free="307979672" total="1073741824" percent="28">
    <mem type="nursery" free="0" total="268435456" percent="0">
      <mem type="allocate" free="0" total="184221696" percent="0" />
      <mem type="survivor" free="0" total="84213760" percent="0" />
    </mem>
    <mem type="tenure" free="307979672" total="805306368" percent="38">
      <mem type="soa" free="267713944" total="765040640" percent="34" />
      <mem type="loa" free="40265728" total="40265728" percent="100" />
    </mem>
    <remembered-set count="103" />
  </mem-info>
</gc-start>
<allocation-stats totalBytes="107210704" >
  <allocated-bytes non-tlh="24" tlh="107210680" />
  <largest-consumer threadName="main" threadId="0000000000016F00" bytes="107210704" />
</allocation-stats>
<gc-op id="379" type="scavenge" timems="86.665" contextid="376" timestamp="2022-02-08T16:45:46.430">
  <scavenger-info tenureage="1" tenuremask="7ffe" tiltratio="68" />
  <memory-copied type="nursery" objects="1353160" bytes="76260672" bytesdiscarded="139968" />
  <memory-copied type="tenure" objects="1345275" bytes="76856688" bytesdiscarded="39824" />
  <finalization candidates="2" enqueued="0" />
  <object-monitors candidates="2" cleared="0"  />
</gc-op>
<gc-end id="380" type="scavenge" contextid="376" durationms="86.866" usertimems="341.077" systemtimems="0.000" stalltimems="3.364" timestamp="2022-02-08T16:45:46.430" activeThreads="4">
  <mem-info id="381" free="339137960" total="1073741824" percent="31">
    <mem type="nursery" free="108083200" total="268435456" percent="40">
      <mem type="allocate" free="108083200" total="184483840" percent="58" />
      <mem type="survivor" free="0" total="83951616" percent="0" />
    </mem>
    <mem type="tenure" free="231054760" total="805306368" percent="28" macro-fragmented="0">
      <mem type="soa" free="190789032" total="765040640" percent="24" />
      <mem type="loa" free="40265728" total="40265728" percent="100" />
    </mem>
    <remembered-set count="102" />
  </mem-info>
</gc-end>
<cycle-end id="382" type="scavenge" contextid="376" timestamp="2022-02-08T16:45:46.431" />
<allocation-satisfied id="383" threadId="0000000000016F00" bytesRequested="184" />
<af-end id="384" timestamp="2022-02-08T16:45:46.431" threadId="0000000000017908" success="true" from="nursery"/>
<exclusive-end id="385" timestamp="2022-02-08T16:45:46.431" durationms="87.175" />

<exclusive-start id="386" timestamp="2022-02-08T16:45:47.166" intervalms="822.135">
  <response-info timems="0.025" idlems="0.025" threads="0" lastid="0000000000016F00" lastname="main" />
</exclusive-start>
<af-start id="387" threadId="0000000000017908" totalBytesRequested="440" timestamp="2022-02-08T16:45:47.166" intervalms="822.146" type="nursery" />
<cycle-start id="388" type="scavenge" contextid="0" timestamp="2022-02-08T16:45:47.166" intervalms="822.135" />
<gc-start id="389" type="scavenge" contextid="388" timestamp="2022-02-08T16:45:47.166">
  <mem-info id="390" free="231054760" total="1073741824" percent="21">
    <mem type="nursery" free="0" total="268435456" percent="0">
      <mem type="allocate" free="0" total="184483840" percent="0" />
      <mem type="survivor" free="0" total="83951616" percent="0" />
    </mem>
    <mem type="tenure" free="231054760" total="805306368" percent="28">
      <mem type="soa" free="190789032" total="765040640" percent="24" />
      <mem type="loa" free="40265728" total="40265728" percent="100" />
    </mem>
    <remembered-set count="116" />
  </mem-info>
</gc-start>
<allocation-stats totalBytes="108032232" >
  <allocated-bytes non-tlh="453888" tlh="107578344" />
  <largest-consumer threadName="main" threadId="0000000000016F00" bytes="108032232" />
</allocation-stats>
<gc-op id="391" type="scavenge" timems="82.854" contextid="388" timestamp="2022-02-08T16:45:47.249">
  <scavenger-info tenureage="1" tenuremask="7ffe" tiltratio="68" />
  <memory-copied type="nursery" objects="1359908" bytes="76928984" bytesdiscarded="112168" />
  <memory-copied type="tenure" objects="1353159" bytes="76260568" bytesdiscarded="38576" />
  <finalization candidates="30" enqueued="18" />
  <references type="phantom" candidates="30" cleared="0" enqueued="0" />
  <object-monitors candidates="2" cleared="0"  />
</gc-op>
<gc-end id="392" type="scavenge" contextid="388" durationms="83.305" usertimems="324.229" systemtimems="0.486" stalltimems="4.606" timestamp="2022-02-08T16:45:47.249" activeThreads="4">
  <mem-info id="393" free="262219096" total="1073741824" percent="24">
    <mem type="nursery" free="107508224" total="268435456" percent="40">
      <mem type="allocate" free="107508224" total="184549376" percent="58" />
      <mem type="survivor" free="0" total="83886080" percent="0" />
    </mem>
    <mem type="tenure" free="154710872" total="805306368" percent="19" macro-fragmented="47927252">
      <mem type="soa" free="114445144" total="765040640" percent="14" />
      <mem type="loa" free="40265728" total="40265728" percent="100" />
    </mem>
    <pending-finalizers system="18" default="0" reference="0" classloader="0" />
    <remembered-set count="116" />
  </mem-info>
</gc-end>
<cycle-end id="394" type="scavenge" contextid="388" timestamp="2022-02-08T16:45:47.249" />
<allocation-satisfied id="395" threadId="0000000000016F00" bytesRequested="440" />
<af-end id="396" timestamp="2022-02-08T16:45:47.249" threadId="0000000000017908" success="true" from="nursery"/>
<exclusive-end id="397" timestamp="2022-02-08T16:45:47.249" durationms="83.684" />

<concurrent-kickoff id="398" timestamp="2022-02-08T16:45:48.047">
  <kickoff reason="threshold reached" targetBytes="139362686" thresholdFreeBytes="16880988"  remainingFree="16785704" tenureFreeBytes="154710872" nurseryFreeBytes="16785704" />
</concurrent-kickoff>
<exclusive-start id="399" timestamp="2022-02-08T16:45:48.050" intervalms="883.974">
  <response-info timems="0.024" idlems="0.024" threads="0" lastid="0000000000016F00" lastname="main" />
</exclusive-start>
<cycle-start id="400" type="global" contextid="0" timestamp="2022-02-08T16:45:48.050" intervalms="3734.942" />
<concurrent-start id="401" type="global mark" contextid="400" timestamp="2022-02-08T16:45:48.050">
</concurrent-start>
<exclusive-end id="402" timestamp="2022-02-08T16:45:48.050" durationms="0.028" />

<concurrent-end id="403" type="global mark" contextid="400" timestamp="2022-02-08T16:45:48.272">
<gc-op id="404" type="trace" timems="222.065" contextid="400" timestamp="2022-02-08T16:45:48.272">
  <trace bytesTraced="74506908" workStackOverflowCount="0" />
  <card-cleaning reason="card cleaning threshold reached" bytesTraced="188" cardsCleaned="1" />
</gc-op>
</concurrent-end>

<exclusive-start id="405" timestamp="2022-02-08T16:45:48.272" intervalms="222.134">
  <response-info timems="0.017" idlems="0.017" threads="0" lastid="0000000000016F00" lastname="main" />
</exclusive-start>
<concurrent-global-final id="406" timestamp="2022-02-08T16:45:48.272" contextid="400" intervalms="3624.016" >
  <concurrent-trace-info reason="card cleaning threshold reached" tracedByMutators="42292532" tracedByHelpers="32214564" cardsCleaned="1" workStackOverflowCount="0" />
</concurrent-global-final>
<gc-start id="407" type="global" contextid="400" timestamp="2022-02-08T16:45:48.272">
  <mem-info id="408" free="155899008" total="1073741824" percent="14">
    <mem type="nursery" free="1188136" total="268435456" percent="0">
      <mem type="allocate" free="1188136" total="184549376" percent="0" />
      <mem type="survivor" free="0" total="83886080" percent="0" />
    </mem>
    <mem type="tenure" free="154710872" total="805306368" percent="19">
      <mem type="soa" free="114445144" total="765040640" percent="14" />
      <mem type="loa" free="40265728" total="40265728" percent="100" />
    </mem>
    <remembered-set count="133" />
  </mem-info>
</gc-start>
<allocation-stats totalBytes="106273808" >
  <allocated-bytes non-tlh="2388184" tlh="103885624" />
  <largest-consumer threadName="main" threadId="0000000000016F00" bytes="106269712" />
</allocation-stats>
<gc-op id="409" type="rs-scan" timems="134.069" contextid="400" timestamp="2022-02-08T16:45:48.406">
  <scan objectsFound="3324898" bytesTraced="71017448" workStackOverflowCount="0" />
</gc-op>
<gc-op id="410" type="card-cleaning" timems="0.840" contextid="400" timestamp="2022-02-08T16:45:48.407">
  <card-cleaning cardsCleaned="1" bytesTraced="4396" workStackOverflowCount="0" />
</gc-op>
<gc-op id="411" type="mark" timems="49.882" contextid="400" timestamp="2022-02-08T16:45:48.457">
  <trace-info objectcount="1215928" scancount="913530" scanbytes="19561016" />
  <finalization candidates="463" enqueued="92" />
  <ownableSynchronizers candidates="1" cleared="0" />
  <references type="soft" candidates="1063" cleared="0" enqueued="0" dynamicThreshold="15" maxThreshold="32" />
  <references type="weak" candidates="1701" cleared="0" enqueued="0" />
  <references type="phantom" candidates="98" cleared="8" enqueued="8" />
  <stringconstants candidates="6463" cleared="0"  />
  <object-monitors candidates="2" cleared="0"  />
</gc-op>
<gc-op id="412" type="sweep" timems="7.351" contextid="400" timestamp="2022-02-08T16:45:48.464" />
<gc-end id="413" type="global" contextid="400" durationms="192.448" usertimems="211.810" systemtimems="0.000" stalltimems="149.963" timestamp="2022-02-08T16:45:48.464" activeThreads="4">
  <mem-info id="414" free="402047856" total="1073741824" percent="37">
    <mem type="nursery" free="4340440" total="268435456" percent="1">
      <mem type="allocate" free="4340440" total="184549376" percent="2" />
      <mem type="survivor" free="0" total="83886080" percent="0" />
    </mem>
    <mem type="tenure" free="397707416" total="805306368" percent="49" micro-fragmented="124072" macro-fragmented="119258368">
      <mem type="soa" free="357441688" total="765040640" percent="46" />
      <mem type="loa" free="40265728" total="40265728" percent="100" />
    </mem>
    <pending-finalizers system="91" default="1" reference="8" classloader="0" />
    <remembered-set count="112" />
  </mem-info>
</gc-end>
<cycle-end id="415" type="global" contextid="400" timestamp="2022-02-08T16:45:48.464" />
<exclusive-end id="416" timestamp="2022-02-08T16:45:48.464" durationms="192.680" />

<exclusive-start id="417" timestamp="2022-02-08T16:45:48.491" intervalms="219.641">
  <response-info timems="0.024" idlems="0.024" threads="0" lastid="0000000000016F00" lastname="main" />
</exclusive-start>
<af-start id="418" threadId="0000000000017908" totalBytesRequested="104" timestamp="2022-02-08T16:45:48.491" intervalms="1325.725" type="nursery" />
<cycle-start id="419" type="scavenge" contextid="0" timestamp="2022-02-08T16:45:48.491" intervalms="1325.723" />
<gc-start id="420" type="scavenge" contextid="419" timestamp="2022-02-08T16:45:48.491">
  <mem-info id="421" free="397707416" total="1073741824" percent="37">
    <mem type="nursery" free="0" total="268435456" percent="0">
      <mem type="allocate" free="0" total="184549376" percent="0" />
      <mem type="survivor" free="0" total="83886080" percent="0" />
    </mem>
    <mem type="tenure" free="397707416" total="805306368" percent="49">
      <mem type="soa" free="357441688" total="765040640" percent="46" />
      <mem type="loa" free="40265728" total="40265728" percent="100" />
    </mem>
    <remembered-set count="114" />
  </mem-info>
</gc-start>
<allocation-stats totalBytes="4330096" >
  <allocated-bytes non-tlh="0" tlh="4330096" />
  <largest-consumer threadName="main" threadId="0000000000016F00" bytes="4313720" />
</allocation-stats>
<gc-op id="422" type="scavenge" timems="86.528" contextid="419" timestamp="2022-02-08T16:45:48.578">
  <scavenger-info tenureage="1" tenuremask="7ffe" tiltratio="68" />
  <memory-copied type="nursery" objects="1464965" bytes="77697128" bytesdiscarded="230864" />
  <memory-copied type="tenure" objects="1359608" bytes="76316008" bytesdiscarded="37640" />
  <finalization candidates="57" enqueued="0" />
  <ownableSynchronizers candidates="2" cleared="2" />
  <references type="soft" candidates="14" cleared="0" enqueued="0" dynamicThreshold="15" maxThreshold="32" />
  <references type="weak" candidates="1" cleared="0" enqueued="0" />
  <references type="phantom" candidates="31" cleared="1" enqueued="1" />
  <object-monitors candidates="2" cleared="0"  />
</gc-op>
<gc-end id="423" type="scavenge" contextid="419" durationms="86.933" usertimems="315.624" systemtimems="0.419" stalltimems="4.233" timestamp="2022-02-08T16:45:48.578" activeThreads="4">
  <mem-info id="424" free="427020680" total="1073741824" percent="39">
    <mem type="nursery" free="105900424" total="268435456" percent="39">
      <mem type="allocate" free="105900424" total="183828480" percent="57" />
      <mem type="survivor" free="0" total="84606976" percent="0" />
    </mem>
    <mem type="tenure" free="321120256" total="805306368" percent="39" macro-fragmented="0">
      <mem type="soa" free="280854528" total="765040640" percent="36" />
      <mem type="loa" free="40265728" total="40265728" percent="100" />
    </mem>
    <pending-finalizers system="0" default="0" reference="1" classloader="0" />
    <remembered-set count="108" />
  </mem-info>
</gc-end>
<cycle-end id="425" type="scavenge" contextid="419" timestamp="2022-02-08T16:45:48.578" />
<allocation-satisfied id="426" threadId="0000000000016F00" bytesRequested="104" />
<af-end id="427" timestamp="2022-02-08T16:45:48.579" threadId="0000000000017908" success="true" from="nursery"/>
<exclusive-end id="428" timestamp="2022-02-08T16:45:48.579" durationms="87.183" />

<exclusive-start id="429" timestamp="2022-02-08T16:45:49.325" intervalms="833.291">
  <response-info timems="0.066" idlems="0.066" threads="0" lastid="0000000000016F00" lastname="main" />
</exclusive-start>
<af-start id="430" threadId="0000000000017908" totalBytesRequested="104" timestamp="2022-02-08T16:45:49.325" intervalms="833.295" type="nursery" />
<cycle-start id="431" type="scavenge" contextid="0" timestamp="2022-02-08T16:45:49.325" intervalms="833.294" />
<gc-start id="432" type="scavenge" contextid="431" timestamp="2022-02-08T16:45:49.325">
  <mem-info id="433" free="321120256" total="1073741824" percent="29">
    <mem type="nursery" free="0" total="268435456" percent="0">
      <mem type="allocate" free="0" total="183828480" percent="0" />
      <mem type="survivor" free="0" total="84606976" percent="0" />
    </mem>
    <mem type="tenure" free="321120256" total="805306368" percent="39">
      <mem type="soa" free="280854528" total="765040640" percent="36" />
      <mem type="loa" free="40265728" total="40265728" percent="100" />
    </mem>
    <remembered-set count="109" />
  </mem-info>
</gc-start>
<allocation-stats totalBytes="105849856" >
  <allocated-bytes non-tlh="104" tlh="105849752" />
  <largest-consumer threadName="main" threadId="0000000000016F00" bytes="105849856" />
</allocation-stats>
<gc-op id="434" type="scavenge" timems="87.237" contextid="431" timestamp="2022-02-08T16:45:49.412">
  <scavenger-info tenureage="1" tenuremask="7ffe" tiltratio="68" />
  <memory-copied type="nursery" objects="1370500" bytes="75415760" bytesdiscarded="155368" />
  <memory-copied type="tenure" objects="1464962" bytes="77697072" bytesdiscarded="38416" />
  <finalization candidates="45" enqueued="0" />
  <object-monitors candidates="2" cleared="0"  />
</gc-op>
<gc-end id="435" type="scavenge" contextid="431" durationms="87.627" usertimems="334.834" systemtimems="2.705" stalltimems="4.105" timestamp="2022-02-08T16:45:49.412" activeThreads="4">
  <mem-info id="436" free="351895536" total="1073741824" percent="32">
    <mem type="nursery" free="108388424" total="268435456" percent="40">
      <mem type="allocate" free="108388424" total="183959552" percent="58" />
      <mem type="survivor" free="0" total="84475904" percent="0" />
    </mem>
    <mem type="tenure" free="243507112" total="805306368" percent="30" macro-fragmented="171732064">
      <mem type="soa" free="203241384" total="765040640" percent="26" />
      <mem type="loa" free="40265728" total="40265728" percent="100" />
    </mem>
    <remembered-set count="103" />
  </mem-info>
</gc-end>
<cycle-end id="437" type="scavenge" contextid="431" timestamp="2022-02-08T16:45:49.413" />
<allocation-satisfied id="438" threadId="0000000000016F00" bytesRequested="104" />
<af-end id="439" timestamp="2022-02-08T16:45:49.413" threadId="0000000000017908" success="true" from="nursery"/>
<exclusive-end id="440" timestamp="2022-02-08T16:45:49.413" durationms="87.920" />

<exclusive-start id="441" timestamp="2022-02-08T16:45:50.102" intervalms="777.635">
  <response-info timems="0.020" idlems="0.020" threads="0" lastid="0000000000016F00" lastname="main" />
</exclusive-start>
<af-start id="442" threadId="0000000000017908" totalBytesRequested="184" timestamp="2022-02-08T16:45:50.103" intervalms="777.880" type="nursery" />
<cycle-start id="443" type="scavenge" contextid="0" timestamp="2022-02-08T16:45:50.103" intervalms="777.941" />
<gc-start id="444" type="scavenge" contextid="443" timestamp="2022-02-08T16:45:50.103">
  <mem-info id="445" free="243507112" total="1073741824" percent="22">
    <mem type="nursery" free="0" total="268435456" percent="0">
      <mem type="allocate" free="0" total="183959552" percent="0" />
      <mem type="survivor" free="0" total="84475904" percent="0" />
    </mem>
    <mem type="tenure" free="243507112" total="805306368" percent="30">
      <mem type="soa" free="203241384" total="765040640" percent="26" />
      <mem type="loa" free="40265728" total="40265728" percent="100" />
    </mem>
    <remembered-set count="103" />
  </mem-info>
</gc-start>
<allocation-stats totalBytes="108335560" >
  <allocated-bytes non-tlh="104" tlh="108335456" />
  <largest-consumer threadName="main" threadId="0000000000016F00" bytes="108335560" />
</allocation-stats>
<gc-op id="446" type="scavenge" timems="82.664" contextid="443" timestamp="2022-02-08T16:45:50.185">
  <scavenger-info tenureage="1" tenuremask="7ffe" tiltratio="68" />
  <memory-copied type="nursery" objects="1353177" bytes="77026168" bytesdiscarded="158352" />
  <memory-copied type="tenure" objects="1370500" bytes="75415760" bytesdiscarded="36736" />
  <object-monitors candidates="2" cleared="0"  />
</gc-op>
<gc-end id="447" type="scavenge" contextid="443" durationms="83.116" usertimems="325.681" systemtimems="0.169" stalltimems="1.338" timestamp="2022-02-08T16:45:50.186" activeThreads="4">
  <mem-info id="448" free="274662016" total="1073741824" percent="25">
    <mem type="nursery" free="106709496" total="268435456" percent="39">
      <mem type="allocate" free="106709496" total="183894016" percent="58" />
      <mem type="survivor" free="0" total="84541440" percent="0" />
    </mem>
    <mem type="tenure" free="167952520" total="805306368" percent="20" macro-fragmented="99381968">
      <mem type="soa" free="127686792" total="765040640" percent="16" />
      <mem type="loa" free="40265728" total="40265728" percent="100" />
    </mem>
    <remembered-set count="102" />
  </mem-info>
</gc-end>
<cycle-end id="449" type="scavenge" contextid="443" timestamp="2022-02-08T16:45:50.186" />
<allocation-satisfied id="450" threadId="0000000000016F00" bytesRequested="184" />
<af-end id="451" timestamp="2022-02-08T16:45:50.186" threadId="0000000000017908" success="true" from="nursery"/>
<exclusive-end id="452" timestamp="2022-02-08T16:45:50.186" durationms="83.810" />

<concurrent-kickoff id="453" timestamp="2022-02-08T16:45:51.012">
  <kickoff reason="threshold reached" targetBytes="126163899" thresholdFreeBytes="14913458"  remainingFree="14902744" tenureFreeBytes="167952520" nurseryFreeBytes="14902744" />
</concurrent-kickoff>
<exclusive-start id="454" timestamp="2022-02-08T16:45:51.015" intervalms="912.276">
  <response-info timems="0.026" idlems="0.026" threads="0" lastid="0000000000016F00" lastname="main" />
</exclusive-start>
<cycle-start id="455" type="global" contextid="0" timestamp="2022-02-08T16:45:51.015" intervalms="2964.976" />
<concurrent-start id="456" type="global mark" contextid="455" timestamp="2022-02-08T16:45:51.015">
</concurrent-start>
<exclusive-end id="457" timestamp="2022-02-08T16:45:51.015" durationms="0.035" />

<concurrent-end id="458" type="global mark" contextid="455" timestamp="2022-02-08T16:45:51.256">
<gc-op id="459" type="trace" timems="241.200" contextid="455" timestamp="2022-02-08T16:45:51.256">
  <trace bytesTraced="74513284" workStackOverflowCount="0" />
  <card-cleaning reason="card cleaning threshold reached" bytesTraced="188" cardsCleaned="1" />
</gc-op>
</concurrent-end>

<exclusive-start id="460" timestamp="2022-02-08T16:45:51.256" intervalms="241.274">
  <response-info timems="0.023" idlems="0.023" threads="0" lastid="0000000000016F00" lastname="main" />
</exclusive-start>
<concurrent-global-final id="461" timestamp="2022-02-08T16:45:51.256" contextid="455" intervalms="2984.225" >
  <concurrent-trace-info reason="card cleaning threshold reached" tracedByMutators="41438036" tracedByHelpers="33075436" cardsCleaned="1" workStackOverflowCount="0" />
</concurrent-global-final>
<gc-start id="462" type="global" contextid="455" timestamp="2022-02-08T16:45:51.256">
  <mem-info id="463" free="170001024" total="1073741824" percent="15">
    <mem type="nursery" free="2048504" total="268435456" percent="0">
      <mem type="allocate" free="2048504" total="183894016" percent="1" />
      <mem type="survivor" free="0" total="84541440" percent="0" />
    </mem>
    <mem type="tenure" free="167952520" total="805306368" percent="20">
      <mem type="soa" free="127686792" total="765040640" percent="16" />
      <mem type="loa" free="40265728" total="40265728" percent="100" />
    </mem>
    <remembered-set count="133" />
  </mem-info>
</gc-start>
<allocation-stats totalBytes="104617776" >
  <allocated-bytes non-tlh="2841632" tlh="101776144" />
  <largest-consumer threadName="main" threadId="0000000000016F00" bytes="104617776" />
</allocation-stats>
<gc-op id="464" type="rs-scan" timems="132.868" contextid="455" timestamp="2022-02-08T16:45:51.389">
  <scan objectsFound="3324842" bytesTraced="71017072" workStackOverflowCount="0" />
</gc-op>
<gc-op id="465" type="card-cleaning" timems="0.389" contextid="455" timestamp="2022-02-08T16:45:51.389">
  <card-cleaning cardsCleaned="1" bytesTraced="4396" workStackOverflowCount="0" />
</gc-op>
<gc-op id="466" type="mark" timems="28.742" contextid="455" timestamp="2022-02-08T16:45:51.418">
  <trace-info objectcount="972759" scancount="731180" scanbytes="15673208" />
  <finalization candidates="481" enqueued="110" />
  <ownableSynchronizers candidates="1" cleared="0" />
  <references type="soft" candidates="1063" cleared="0" enqueued="0" dynamicThreshold="15" maxThreshold="32" />
  <references type="weak" candidates="1701" cleared="0" enqueued="0" />
  <references type="phantom" candidates="116" cleared="8" enqueued="8" />
  <stringconstants candidates="6463" cleared="0"  />
  <object-monitors candidates="2" cleared="0"  />
</gc-op>
<gc-op id="467" type="sweep" timems="4.871" contextid="455" timestamp="2022-02-08T16:45:51.423" />
<gc-end id="468" type="global" contextid="455" durationms="167.373" usertimems="184.061" systemtimems="0.000" stalltimems="85.717" timestamp="2022-02-08T16:45:51.423" activeThreads="4">
  <mem-info id="469" free="416207072" total="1073741824" percent="38">
    <mem type="nursery" free="5320976" total="268435456" percent="1">
      <mem type="allocate" free="5320976" total="183894016" percent="2" />
      <mem type="survivor" free="0" total="84541440" percent="0" />
    </mem>
    <mem type="tenure" free="410886096" total="805306368" percent="51" micro-fragmented="181175" macro-fragmented="0">
      <mem type="soa" free="370620368" total="765040640" percent="48" />
      <mem type="loa" free="40265728" total="40265728" percent="100" />
    </mem>
    <pending-finalizers system="109" default="1" reference="8" classloader="0" />
    <remembered-set count="112" />
  </mem-info>
</gc-end>
<cycle-end id="470" type="global" contextid="455" timestamp="2022-02-08T16:45:51.424" />
<exclusive-end id="471" timestamp="2022-02-08T16:45:51.424" durationms="167.716" />

<exclusive-start id="472" timestamp="2022-02-08T16:45:51.467" intervalms="211.370">
  <response-info timems="0.019" idlems="0.019" threads="0" lastid="0000000000016F00" lastname="main" />
</exclusive-start>
<af-start id="473" threadId="0000000000017908" totalBytesRequested="24" timestamp="2022-02-08T16:45:51.467" intervalms="1364.671" type="nursery" />
<cycle-start id="474" type="scavenge" contextid="0" timestamp="2022-02-08T16:45:51.467" intervalms="1364.610" />
<gc-start id="475" type="scavenge" contextid="474" timestamp="2022-02-08T16:45:51.467">
  <mem-info id="476" free="410886096" total="1073741824" percent="38">
    <mem type="nursery" free="0" total="268435456" percent="0">
      <mem type="allocate" free="0" total="183894016" percent="0" />
      <mem type="survivor" free="0" total="84541440" percent="0" />
    </mem>
    <mem type="tenure" free="410886096" total="805306368" percent="51">
      <mem type="soa" free="370620368" total="765040640" percent="48" />
      <mem type="loa" free="40265728" total="40265728" percent="100" />
    </mem>
    <remembered-set count="114" />
  </mem-info>
</gc-start>
<allocation-stats totalBytes="5308144" >
  <allocated-bytes non-tlh="0" tlh="5308144" />
  <largest-consumer threadName="main" threadId="0000000000016F00" bytes="5298200" />
</allocation-stats>
<gc-op id="477" type="scavenge" timems="85.666" contextid="474" timestamp="2022-02-08T16:45:51.553">
  <scavenger-info tenureage="1" tenuremask="7ffe" tiltratio="68" />
  <memory-copied type="nursery" objects="1476642" bytes="76755376" bytesdiscarded="242592" />
  <memory-copied type="tenure" objects="1353176" bytes="77026064" bytesdiscarded="39752" />
  <finalization candidates="57" enqueued="0" />
  <ownableSynchronizers candidates="2" cleared="2" />
  <references type="soft" candidates="14" cleared="0" enqueued="0" dynamicThreshold="16" maxThreshold="32" />
  <references type="weak" candidates="1" cleared="0" enqueued="0" />
  <references type="phantom" candidates="31" cleared="1" enqueued="1" />
  <object-monitors candidates="2" cleared="0"  />
</gc-op>
<gc-end id="478" type="scavenge" contextid="474" durationms="86.061" usertimems="338.442" systemtimems="0.000" stalltimems="3.138" timestamp="2022-02-08T16:45:51.553" activeThreads="4">
  <mem-info id="479" free="440794152" total="1073741824" percent="41">
    <mem type="nursery" free="107158128" total="268435456" percent="39">
      <mem type="allocate" free="107158128" total="184156160" percent="58" />
      <mem type="survivor" free="0" total="84279296" percent="0" />
    </mem>
    <mem type="tenure" free="333636024" total="805306368" percent="41" macro-fragmented="0">
      <mem type="soa" free="293370296" total="765040640" percent="38" />
      <mem type="loa" free="40265728" total="40265728" percent="100" />
    </mem>
    <pending-finalizers system="0" default="0" reference="1" classloader="0" />
    <remembered-set count="112" />
  </mem-info>
</gc-end>
<cycle-end id="480" type="scavenge" contextid="474" timestamp="2022-02-08T16:45:51.553" />
<allocation-satisfied id="481" threadId="0000000000016F00" bytesRequested="24" />
<af-end id="482" timestamp="2022-02-08T16:45:51.553" threadId="0000000000017908" success="true" from="nursery"/>
<exclusive-end id="483" timestamp="2022-02-08T16:45:51.553" durationms="86.312" />

<exclusive-start id="484" timestamp="2022-02-08T16:45:52.310" intervalms="843.051">
  <response-info timems="0.017" idlems="0.017" threads="0" lastid="0000000000016F00" lastname="main" />
</exclusive-start>
<af-start id="485" threadId="0000000000017908" totalBytesRequested="192" timestamp="2022-02-08T16:45:52.310" intervalms="843.051" type="nursery" />
<cycle-start id="486" type="scavenge" contextid="0" timestamp="2022-02-08T16:45:52.310" intervalms="843.051" />
<gc-start id="487" type="scavenge" contextid="486" timestamp="2022-02-08T16:45:52.310">
  <mem-info id="488" free="333636024" total="1073741824" percent="31">
    <mem type="nursery" free="0" total="268435456" percent="0">
      <mem type="allocate" free="0" total="184156160" percent="0" />
      <mem type="survivor" free="0" total="84279296" percent="0" />
    </mem>
    <mem type="tenure" free="333636024" total="805306368" percent="41">
      <mem type="soa" free="293370296" total="765040640" percent="38" />
      <mem type="loa" free="40265728" total="40265728" percent="100" />
    </mem>
    <remembered-set count="113" />
  </mem-info>
</gc-start>
<allocation-stats totalBytes="107109032" >
  <allocated-bytes non-tlh="24" tlh="107109008" />
  <largest-consumer threadName="main" threadId="0000000000016F00" bytes="107109032" />
</allocation-stats>
<gc-op id="489" type="scavenge" timems="81.336" contextid="486" timestamp="2022-02-08T16:45:52.392">
  <scavenger-info tenureage="1" tenuremask="7ffe" tiltratio="68" />
  <memory-copied type="nursery" objects="1376867" bytes="76287480" bytesdiscarded="265016" />
  <memory-copied type="tenure" objects="1476639" bytes="76755320" bytesdiscarded="36240" />
  <finalization candidates="57" enqueued="0" />
  <object-monitors candidates="2" cleared="0"  />
</gc-op>
<gc-end id="490" type="scavenge" contextid="486" durationms="81.816" usertimems="320.989" systemtimems="0.000" stalltimems="3.481" timestamp="2022-02-08T16:45:52.392" activeThreads="4">
  <mem-info id="491" free="364656320" total="1073741824" percent="33">
    <mem type="nursery" free="107865808" total="268435456" percent="40">
      <mem type="allocate" free="107865808" total="184418304" percent="58" />
      <mem type="survivor" free="0" total="84017152" percent="0" />
    </mem>
    <mem type="tenure" free="256790512" total="805306368" percent="31" macro-fragmented="0">
      <mem type="soa" free="216524784" total="765040640" percent="28" />
      <mem type="loa" free="40265728" total="40265728" percent="100" />
    </mem>
    <remembered-set count="102" />
  </mem-info>
</gc-end>
<cycle-end id="492" type="scavenge" contextid="486" timestamp="2022-02-08T16:45:52.392" />
<allocation-satisfied id="493" threadId="0000000000016F00" bytesRequested="192" />
<af-end id="494" timestamp="2022-02-08T16:45:52.392" threadId="0000000000017908" success="true" from="nursery"/>
<exclusive-end id="495" timestamp="2022-02-08T16:45:52.392" durationms="82.101" />

<exclusive-start id="496" timestamp="2022-02-08T16:45:53.067" intervalms="757.214">
  <response-info timems="0.019" idlems="0.019" threads="0" lastid="0000000000016F00" lastname="main" />
</exclusive-start>
<af-start id="497" threadId="0000000000017908" totalBytesRequested="112" timestamp="2022-02-08T16:45:53.067" intervalms="757.214" type="nursery" />
<cycle-start id="498" type="scavenge" contextid="0" timestamp="2022-02-08T16:45:53.068" intervalms="757.213" />
<gc-start id="499" type="scavenge" contextid="498" timestamp="2022-02-08T16:45:53.068">
  <mem-info id="500" free="256790512" total="1073741824" percent="23">
    <mem type="nursery" free="0" total="268435456" percent="0">
      <mem type="allocate" free="0" total="184418304" percent="0" />
      <mem type="survivor" free="0" total="84017152" percent="0" />
    </mem>
    <mem type="tenure" free="256790512" total="805306368" percent="31">
      <mem type="soa" free="216524784" total="765040640" percent="28" />
      <mem type="loa" free="40265728" total="40265728" percent="100" />
    </mem>
    <remembered-set count="102" />
  </mem-info>
</gc-start>
<allocation-stats totalBytes="107815864" >
  <allocated-bytes non-tlh="192" tlh="107815672" />
  <largest-consumer threadName="main" threadId="0000000000016F00" bytes="107815864" />
</allocation-stats>
<gc-op id="501" type="scavenge" timems="80.343" contextid="498" timestamp="2022-02-08T16:45:53.148">
  <scavenger-info tenureage="1" tenuremask="7ffe" tiltratio="68" />
  <memory-copied type="nursery" objects="1358952" bytes="76684000" bytesdiscarded="160096" />
  <memory-copied type="tenure" objects="1376866" bytes="76287376" bytesdiscarded="37440" />
  <object-monitors candidates="2" cleared="0"  />
</gc-op>
<gc-end id="502" type="scavenge" contextid="498" durationms="80.760" usertimems="318.138" systemtimems="0.000" stalltimems="2.055" timestamp="2022-02-08T16:45:53.148" activeThreads="4">
  <mem-info id="503" free="288045576" total="1073741824" percent="26">
    <mem type="nursery" free="107705280" total="268435456" percent="40">
      <mem type="allocate" free="107705280" total="184549376" percent="58" />
      <mem type="survivor" free="0" total="83886080" percent="0" />
    </mem>
    <mem type="tenure" free="180340296" total="805306368" percent="22" macro-fragmented="0">
      <mem type="soa" free="140074568" total="765040640" percent="18" />
      <mem type="loa" free="40265728" total="40265728" percent="100" />
    </mem>
    <remembered-set count="102" />
  </mem-info>
</gc-end>
<cycle-end id="504" type="scavenge" contextid="498" timestamp="2022-02-08T16:45:53.148" />
<allocation-satisfied id="505" threadId="0000000000016F00" bytesRequested="112" />
<af-end id="506" timestamp="2022-02-08T16:45:53.149" threadId="0000000000017908" success="true" from="nursery"/>
<exclusive-end id="507" timestamp="2022-02-08T16:45:53.149" durationms="81.064" />

<concurrent-kickoff id="508" timestamp="2022-02-08T16:45:54.002">
  <kickoff reason="threshold reached" targetBytes="115674439" thresholdFreeBytes="13353528"  remainingFree="13348392" tenureFreeBytes="180340296" nurseryFreeBytes="13348392" />
</concurrent-kickoff>
<exclusive-start id="509" timestamp="2022-02-08T16:45:54.005" intervalms="937.273">
  <response-info timems="0.041" idlems="0.041" threads="0" lastid="0000000000016F00" lastname="main" />
</exclusive-start>
<cycle-start id="510" type="global" contextid="0" timestamp="2022-02-08T16:45:54.005" intervalms="2990.197" />
<concurrent-start id="511" type="global mark" contextid="510" timestamp="2022-02-08T16:45:54.005">
</concurrent-start>
<exclusive-end id="512" timestamp="2022-02-08T16:45:54.005" durationms="0.044" />

<concurrent-end id="513" type="global mark" contextid="510" timestamp="2022-02-08T16:45:54.252">
<gc-op id="514" type="trace" timems="247.094" contextid="510" timestamp="2022-02-08T16:45:54.252">
  <trace bytesTraced="74513380" workStackOverflowCount="0" />
  <card-cleaning reason="card cleaning threshold reached" bytesTraced="652" cardsCleaned="2" />
</gc-op>
</concurrent-end>

<exclusive-start id="515" timestamp="2022-02-08T16:45:54.252" intervalms="247.178">
  <response-info timems="0.016" idlems="0.016" threads="0" lastid="0000000000016F00" lastname="main" />
</exclusive-start>
<concurrent-global-final id="516" timestamp="2022-02-08T16:45:54.252" contextid="510" intervalms="2995.976" >
  <concurrent-trace-info reason="card cleaning threshold reached" tracedByMutators="47726064" tracedByHelpers="26787968" cardsCleaned="2" workStackOverflowCount="0" />
</concurrent-global-final>
<gc-start id="517" type="global" contextid="510" timestamp="2022-02-08T16:45:54.252">
  <mem-info id="518" free="180937744" total="1073741824" percent="16">
    <mem type="nursery" free="597448" total="268435456" percent="0">
      <mem type="allocate" free="597448" total="184549376" percent="0" />
      <mem type="survivor" free="0" total="83886080" percent="0" />
    </mem>
    <mem type="tenure" free="180340296" total="805306368" percent="22">
      <mem type="soa" free="140074568" total="765040640" percent="18" />
      <mem type="loa" free="40265728" total="40265728" percent="100" />
    </mem>
    <remembered-set count="132" />
  </mem-info>
</gc-start>
<allocation-stats totalBytes="107062168" >
  <allocated-bytes non-tlh="2938360" tlh="104123808" />
  <largest-consumer threadName="main" threadId="0000000000016F00" bytes="107062168" />
</allocation-stats>
<gc-op id="519" type="rs-scan" timems="132.481" contextid="510" timestamp="2022-02-08T16:45:54.384">
  <scan objectsFound="3324847" bytesTraced="71017160" workStackOverflowCount="0" />
</gc-op>
<gc-op id="520" type="card-cleaning" timems="0.262" contextid="510" timestamp="2022-02-08T16:45:54.385">
  <card-cleaning cardsCleaned="1" bytesTraced="4396" workStackOverflowCount="0" />
</gc-op>
<gc-op id="521" type="mark" timems="24.609" contextid="510" timestamp="2022-02-08T16:45:54.409">
  <trace-info objectcount="759600" scancount="571311" scanbytes="12262648" />
  <finalization candidates="481" enqueued="110" />
  <ownableSynchronizers candidates="1" cleared="0" />
  <references type="soft" candidates="1063" cleared="0" enqueued="0" dynamicThreshold="16" maxThreshold="32" />
  <references type="weak" candidates="1701" cleared="0" enqueued="0" />
  <references type="phantom" candidates="116" cleared="8" enqueued="8" />
  <stringconstants candidates="6463" cleared="0"  />
  <object-monitors candidates="2" cleared="0"  />
</gc-op>
<gc-op id="522" type="sweep" timems="13.534" contextid="510" timestamp="2022-02-08T16:45:54.423" />
<gc-end id="523" type="global" contextid="510" durationms="171.317" usertimems="210.494" systemtimems="2.200" stalltimems="73.319" timestamp="2022-02-08T16:45:54.423" activeThreads="4">
  <mem-info id="524" free="427302240" total="1073741824" percent="39">
    <mem type="nursery" free="3869176" total="268435456" percent="1">
      <mem type="allocate" free="3869176" total="184549376" percent="2" />
      <mem type="survivor" free="0" total="83886080" percent="0" />
    </mem>
    <mem type="tenure" free="423433064" total="805306368" percent="52" micro-fragmented="154546" macro-fragmented="0">
      <mem type="soa" free="383167336" total="765040640" percent="50" />
      <mem type="loa" free="40265728" total="40265728" percent="100" />
    </mem>
    <pending-finalizers system="109" default="1" reference="8" classloader="0" />
    <remembered-set count="111" />
  </mem-info>
</gc-end>
<cycle-end id="525" type="global" contextid="510" timestamp="2022-02-08T16:45:54.424" />
<exclusive-end id="526" timestamp="2022-02-08T16:45:54.424" durationms="171.705" />

<exclusive-start id="527" timestamp="2022-02-08T16:45:54.452" intervalms="199.999">
  <response-info timems="0.018" idlems="0.018" threads="0" lastid="0000000000016F00" lastname="main" />
</exclusive-start>
<af-start id="528" threadId="0000000000017908" totalBytesRequested="216" timestamp="2022-02-08T16:45:54.452" intervalms="1384.451" type="nursery" />
<cycle-start id="529" type="scavenge" contextid="0" timestamp="2022-02-08T16:45:54.452" intervalms="1384.451" />
<gc-start id="530" type="scavenge" contextid="529" timestamp="2022-02-08T16:45:54.452">
  <mem-info id="531" free="423433064" total="1073741824" percent="39">
    <mem type="nursery" free="0" total="268435456" percent="0">
      <mem type="allocate" free="0" total="184549376" percent="0" />
      <mem type="survivor" free="0" total="83886080" percent="0" />
    </mem>
    <mem type="tenure" free="423433064" total="805306368" percent="52">
      <mem type="soa" free="383167336" total="765040640" percent="50" />
      <mem type="loa" free="40265728" total="40265728" percent="100" />
    </mem>
    <remembered-set count="113" />
  </mem-info>
</gc-start>
<allocation-stats totalBytes="3857608" >
  <allocated-bytes non-tlh="0" tlh="3857608" />
  <largest-consumer threadName="main" threadId="0000000000016F00" bytes="3840680" />
</allocation-stats>
<gc-op id="532" type="scavenge" timems="95.265" contextid="529" timestamp="2022-02-08T16:45:54.547">
  <scavenger-info tenureage="1" tenuremask="7ffe" tiltratio="68" />
  <memory-copied type="nursery" objects="1469124" bytes="77386408" bytesdiscarded="254368" />
  <memory-copied type="tenure" objects="1358952" bytes="76684000" bytesdiscarded="36136" />
  <finalization candidates="57" enqueued="0" />
  <ownableSynchronizers candidates="2" cleared="2" />
  <references type="soft" candidates="14" cleared="0" enqueued="0" dynamicThreshold="16" maxThreshold="32" />
  <references type="weak" candidates="1" cleared="0" enqueued="0" />
  <references type="phantom" candidates="31" cleared="1" enqueued="1" />
  <object-monitors candidates="2" cleared="0"  />
</gc-op>
<gc-end id="533" type="scavenge" contextid="529" durationms="95.704" usertimems="377.906" systemtimems="0.644" stalltimems="1.870" timestamp="2022-02-08T16:45:54.548" activeThreads="4">
  <mem-info id="534" free="453131664" total="1073741824" percent="42">
    <mem type="nursery" free="106515320" total="268435456" percent="39">
      <mem type="allocate" free="106515320" total="184156160" percent="57" />
      <mem type="survivor" free="0" total="84279296" percent="0" />
    </mem>
    <mem type="tenure" free="346616344" total="805306368" percent="43" macro-fragmented="0">
      <mem type="soa" free="306350616" total="765040640" percent="40" />
      <mem type="loa" free="40265728" total="40265728" percent="100" />
    </mem>
    <pending-finalizers system="0" default="0" reference="1" classloader="0" />
    <remembered-set count="111" />
  </mem-info>
</gc-end>
<cycle-end id="535" type="scavenge" contextid="529" timestamp="2022-02-08T16:45:54.548" />
<allocation-satisfied id="536" threadId="0000000000016F00" bytesRequested="216" />
<af-end id="537" timestamp="2022-02-08T16:45:54.548" threadId="0000000000017908" success="true" from="nursery"/>
<exclusive-end id="538" timestamp="2022-02-08T16:45:54.548" durationms="95.994" />

<exclusive-start id="539" timestamp="2022-02-08T16:45:55.304" intervalms="852.290">
  <response-info timems="0.020" idlems="0.020" threads="0" lastid="0000000000016F00" lastname="main" />
</exclusive-start>
<af-start id="540" threadId="0000000000017908" totalBytesRequested="200" timestamp="2022-02-08T16:45:55.304" intervalms="852.308" type="nursery" />
<cycle-start id="541" type="scavenge" contextid="0" timestamp="2022-02-08T16:45:55.304" intervalms="852.310" />
<gc-start id="542" type="scavenge" contextid="541" timestamp="2022-02-08T16:45:55.305">
  <mem-info id="543" free="346616344" total="1073741824" percent="32">
    <mem type="nursery" free="0" total="268435456" percent="0">
      <mem type="allocate" free="0" total="184156160" percent="0" />
      <mem type="survivor" free="0" total="84279296" percent="0" />
    </mem>
    <mem type="tenure" free="346616344" total="805306368" percent="43">
      <mem type="soa" free="306350616" total="765040640" percent="40" />
      <mem type="loa" free="40265728" total="40265728" percent="100" />
    </mem>
    <remembered-set count="112" />
  </mem-info>
</gc-start>
<allocation-stats totalBytes="106466912" >
  <allocated-bytes non-tlh="216" tlh="106466696" />
  <largest-consumer threadName="main" threadId="0000000000016F00" bytes="106466912" />
</allocation-stats>
<gc-op id="544" type="scavenge" timems="85.551" contextid="541" timestamp="2022-02-08T16:45:55.390">
  <scavenger-info tenureage="1" tenuremask="7ffe" tiltratio="68" />
  <memory-copied type="nursery" objects="1372781" bytes="75857648" bytesdiscarded="386664" />
  <memory-copied type="tenure" objects="1469120" bytes="77386232" bytesdiscarded="41072" />
  <finalization candidates="57" enqueued="0" />
  <object-monitors candidates="2" cleared="0"  />
</gc-op>
<gc-end id="545" type="scavenge" contextid="541" durationms="86.088" usertimems="338.634" systemtimems="0.000" stalltimems="2.637" timestamp="2022-02-08T16:45:55.391" activeThreads="4">
  <mem-info id="546" free="377106840" total="1073741824" percent="35">
    <mem type="nursery" free="108042920" total="268435456" percent="40">
      <mem type="allocate" free="108042920" total="184287232" percent="58" />
      <mem type="survivor" free="0" total="84148224" percent="0" />
    </mem>
    <mem type="tenure" free="269063920" total="805306368" percent="33" macro-fragmented="0">
      <mem type="soa" free="228798192" total="765040640" percent="29" />
      <mem type="loa" free="40265728" total="40265728" percent="100" />
    </mem>
    <remembered-set count="103" />
  </mem-info>
</gc-end>
<cycle-end id="547" type="scavenge" contextid="541" timestamp="2022-02-08T16:45:55.391" />
<allocation-satisfied id="548" threadId="0000000000016F00" bytesRequested="200" />
<af-end id="549" timestamp="2022-02-08T16:45:55.391" threadId="0000000000017908" success="true" from="nursery"/>
<exclusive-end id="550" timestamp="2022-02-08T16:45:55.391" durationms="86.718" />

<exclusive-start id="551" timestamp="2022-02-08T16:45:56.085" intervalms="780.418">
  <response-info timems="0.017" idlems="0.017" threads="0" lastid="0000000000016F00" lastname="main" />
</exclusive-start>
<af-start id="552" threadId="0000000000017908" totalBytesRequested="104" timestamp="2022-02-08T16:45:56.085" intervalms="780.411" type="nursery" />
<cycle-start id="553" type="scavenge" contextid="0" timestamp="2022-02-08T16:45:56.085" intervalms="780.410" />
<gc-start id="554" type="scavenge" contextid="553" timestamp="2022-02-08T16:45:56.085">
  <mem-info id="555" free="269063920" total="1073741824" percent="25">
    <mem type="nursery" free="0" total="268435456" percent="0">
      <mem type="allocate" free="0" total="184287232" percent="0" />
      <mem type="survivor" free="0" total="84148224" percent="0" />
    </mem>
    <mem type="tenure" free="269063920" total="805306368" percent="33">
      <mem type="soa" free="228798192" total="765040640" percent="29" />
      <mem type="loa" free="40265728" total="40265728" percent="100" />
    </mem>
    <remembered-set count="103" />
  </mem-info>
</gc-start>
<allocation-stats totalBytes="107994256" >
  <allocated-bytes non-tlh="200" tlh="107994056" />
  <largest-consumer threadName="main" threadId="0000000000016F00" bytes="107994256" />
</allocation-stats>
<gc-op id="556" type="scavenge" timems="91.848" contextid="553" timestamp="2022-02-08T16:45:56.177">
  <scavenger-info tenureage="1" tenuremask="7ffe" tiltratio="68" />
  <memory-copied type="nursery" objects="1351752" bytes="76760224" bytesdiscarded="125432" />
  <memory-copied type="tenure" objects="1372780" bytes="75857536" bytesdiscarded="40400" />
  <object-monitors candidates="2" cleared="0"  />
</gc-op>
<gc-end id="557" type="scavenge" contextid="553" durationms="92.522" usertimems="362.229" systemtimems="0.193" stalltimems="3.890" timestamp="2022-02-08T16:45:56.177" activeThreads="4">
  <mem-info id="558" free="300579056" total="1073741824" percent="27">
    <mem type="nursery" free="107467112" total="268435456" percent="40">
      <mem type="allocate" free="107467112" total="184352768" percent="58" />
      <mem type="survivor" free="0" total="84082688" percent="0" />
    </mem>
    <mem type="tenure" free="193111944" total="805306368" percent="23" macro-fragmented="0">
      <mem type="soa" free="152846216" total="765040640" percent="19" />
      <mem type="loa" free="40265728" total="40265728" percent="100" />
    </mem>
    <remembered-set count="102" />
  </mem-info>
</gc-end>
<cycle-end id="559" type="scavenge" contextid="553" timestamp="2022-02-08T16:45:56.177" />
<allocation-satisfied id="560" threadId="0000000000016F00" bytesRequested="104" />
<af-end id="561" timestamp="2022-02-08T16:45:56.178" threadId="0000000000017908" success="true" from="nursery"/>
<exclusive-end id="562" timestamp="2022-02-08T16:45:56.178" durationms="92.912" />

<concurrent-kickoff id="563" timestamp="2022-02-08T16:45:57.078">
  <kickoff reason="threshold reached" targetBytes="107330842" thresholdFreeBytes="12018935"  remainingFree="11991080" tenureFreeBytes="193111944" nurseryFreeBytes="11991080" />
</concurrent-kickoff>
<exclusive-start id="564" timestamp="2022-02-08T16:45:57.081" intervalms="996.197">
  <response-info timems="0.024" idlems="0.024" threads="0" lastid="0000000000016F00" lastname="main" />
</exclusive-start>
<cycle-start id="565" type="global" contextid="0" timestamp="2022-02-08T16:45:57.081" intervalms="3076.070" />
<concurrent-start id="566" type="global mark" contextid="565" timestamp="2022-02-08T16:45:57.081">
</concurrent-start>
<exclusive-end id="567" timestamp="2022-02-08T16:45:57.081" durationms="0.030" />

<concurrent-end id="568" type="global mark" contextid="565" timestamp="2022-02-08T16:45:57.308">
<gc-op id="569" type="trace" timems="226.937" contextid="565" timestamp="2022-02-08T16:45:57.308">
  <trace bytesTraced="74515636" workStackOverflowCount="0" />
  <card-cleaning reason="card cleaning threshold reached" bytesTraced="2536" cardsCleaned="2" />
</gc-op>
</concurrent-end>

<exclusive-start id="570" timestamp="2022-02-08T16:45:57.308" intervalms="227.058">
  <response-info timems="0.039" idlems="0.039" threads="0" lastid="0000000000016F00" lastname="main" />
</exclusive-start>
<concurrent-global-final id="571" timestamp="2022-02-08T16:45:57.308" contextid="565" intervalms="3055.987" >
  <concurrent-trace-info reason="card cleaning threshold reached" tracedByMutators="49051944" tracedByHelpers="25466228" cardsCleaned="2" workStackOverflowCount="0" />
</concurrent-global-final>
<gc-start id="572" type="global" contextid="565" timestamp="2022-02-08T16:45:57.308">
  <mem-info id="573" free="193951984" total="1073741824" percent="18">
    <mem type="nursery" free="840040" total="268435456" percent="0">
      <mem type="allocate" free="840040" total="184352768" percent="0" />
      <mem type="survivor" free="0" total="84082688" percent="0" />
    </mem>
    <mem type="tenure" free="193111944" total="805306368" percent="23">
      <mem type="soa" free="152846216" total="765040640" percent="19" />
      <mem type="loa" free="40265728" total="40265728" percent="100" />
    </mem>
    <remembered-set count="133" />
  </mem-info>
</gc-start>
<allocation-stats totalBytes="106581776" >
  <allocated-bytes non-tlh="1661248" tlh="104920528" />
  <largest-consumer threadName="main" threadId="0000000000016F00" bytes="106581776" />
</allocation-stats>
<gc-op id="574" type="rs-scan" timems="138.512" contextid="565" timestamp="2022-02-08T16:45:57.447">
  <scan objectsFound="3324846" bytesTraced="71017136" workStackOverflowCount="0" />
</gc-op>
<gc-op id="575" type="card-cleaning" timems="0.829" contextid="565" timestamp="2022-02-08T16:45:57.447">
  <card-cleaning cardsCleaned="1" bytesTraced="4396" workStackOverflowCount="0" />
</gc-op>
<gc-op id="576" type="mark" timems="18.831" contextid="565" timestamp="2022-02-08T16:45:57.466">
  <trace-info objectcount="560532" scancount="422005" scanbytes="9077064" />
  <finalization candidates="480" enqueued="110" />
  <ownableSynchronizers candidates="1" cleared="0" />
  <references type="soft" candidates="1063" cleared="0" enqueued="0" dynamicThreshold="16" maxThreshold="32" />
  <references type="weak" candidates="1701" cleared="0" enqueued="0" />
  <references type="phantom" candidates="115" cleared="8" enqueued="8" />
  <stringconstants candidates="6463" cleared="0"  />
  <object-monitors candidates="2" cleared="0"  />
</gc-op>
<gc-op id="577" type="sweep" timems="6.094" contextid="565" timestamp="2022-02-08T16:45:57.472" />
<gc-end id="578" type="global" contextid="565" durationms="164.455" usertimems="178.669" systemtimems="0.000" stalltimems="55.905" timestamp="2022-02-08T16:45:57.472" activeThreads="4">
  <mem-info id="579" free="439708888" total="1073741824" percent="40">
    <mem type="nursery" free="3594440" total="268435456" percent="1">
      <mem type="allocate" free="3594440" total="184352768" percent="1" />
      <mem type="survivor" free="0" total="84082688" percent="0" />
    </mem>
    <mem type="tenure" free="436114448" total="805306368" percent="54" micro-fragmented="100950" macro-fragmented="0">
      <mem type="soa" free="395848720" total="765040640" percent="51" />
      <mem type="loa" free="40265728" total="40265728" percent="100" />
    </mem>
    <pending-finalizers system="109" default="1" reference="8" classloader="0" />
    <remembered-set count="112" />
  </mem-info>
</gc-end>
<cycle-end id="580" type="global" contextid="565" timestamp="2022-02-08T16:45:57.473" />
<exclusive-end id="581" timestamp="2022-02-08T16:45:57.473" durationms="164.799" />

<exclusive-start id="582" timestamp="2022-02-08T16:45:57.496" intervalms="188.323">
  <response-info timems="0.017" idlems="0.017" threads="0" lastid="0000000000016F00" lastname="main" />
</exclusive-start>
<af-start id="583" threadId="0000000000017908" totalBytesRequested="120" timestamp="2022-02-08T16:45:57.496" intervalms="1411.569" type="nursery" />
<cycle-start id="584" type="scavenge" contextid="0" timestamp="2022-02-08T16:45:57.496" intervalms="1411.569" />
<gc-start id="585" type="scavenge" contextid="584" timestamp="2022-02-08T16:45:57.496">
  <mem-info id="586" free="436114448" total="1073741824" percent="40">
    <mem type="nursery" free="0" total="268435456" percent="0">
      <mem type="allocate" free="0" total="184352768" percent="0" />
      <mem type="survivor" free="0" total="84082688" percent="0" />
    </mem>
    <mem type="tenure" free="436114448" total="805306368" percent="54">
      <mem type="soa" free="395848720" total="765040640" percent="51" />
      <mem type="loa" free="40265728" total="40265728" percent="100" />
    </mem>
    <remembered-set count="114" />
  </mem-info>
</gc-start>
<allocation-stats totalBytes="3581296" >
  <allocated-bytes non-tlh="0" tlh="3581296" />
  <largest-consumer threadName="main" threadId="0000000000016F00" bytes="3566888" />
</allocation-stats>
<gc-op id="587" type="scavenge" timems="97.292" contextid="584" timestamp="2022-02-08T16:45:57.594">
  <scavenger-info tenureage="1" tenuremask="7ffe" tiltratio="68" />
  <memory-copied type="nursery" objects="1495735" bytes="77005536" bytesdiscarded="149912" />
  <memory-copied type="tenure" objects="1351752" bytes="76760224" bytesdiscarded="39144" />
  <finalization candidates="56" enqueued="0" />
  <ownableSynchronizers candidates="2" cleared="2" />
  <references type="soft" candidates="14" cleared="0" enqueued="0" dynamicThreshold="17" maxThreshold="32" />
  <references type="weak" candidates="1" cleared="0" enqueued="0" />
  <references type="phantom" candidates="30" cleared="1" enqueued="1" />
  <object-monitors candidates="2" cleared="0"  />
</gc-op>
<gc-end id="588" type="scavenge" contextid="584" durationms="97.681" usertimems="363.157" systemtimems="0.315" stalltimems="23.759" timestamp="2022-02-08T16:45:57.594" activeThreads="4">
  <mem-info id="589" free="466834736" total="1073741824" percent="43">
    <mem type="nursery" free="107721544" total="268435456" percent="40">
      <mem type="allocate" free="107721544" total="184877056" percent="58" />
      <mem type="survivor" free="0" total="83558400" percent="0" />
    </mem>
    <mem type="tenure" free="359113192" total="805306368" percent="44" macro-fragmented="0">
      <mem type="soa" free="318847464" total="765040640" percent="41" />
      <mem type="loa" free="40265728" total="40265728" percent="100" />
    </mem>
    <pending-finalizers system="0" default="0" reference="1" classloader="0" />
    <remembered-set count="112" />
  </mem-info>
</gc-end>
<cycle-end id="590" type="scavenge" contextid="584" timestamp="2022-02-08T16:45:57.594" />
<allocation-satisfied id="591" threadId="0000000000016F00" bytesRequested="120" />
<af-end id="592" timestamp="2022-02-08T16:45:57.594" threadId="0000000000017908" success="true" from="nursery"/>
<exclusive-end id="593" timestamp="2022-02-08T16:45:57.594" durationms="98.023" />

<exclusive-start id="594" timestamp="2022-02-08T16:45:58.374" intervalms="877.349">
  <response-info timems="0.025" idlems="0.025" threads="0" lastid="0000000000016F00" lastname="main" />
</exclusive-start>
<af-start id="595" threadId="0000000000017908" totalBytesRequested="88" timestamp="2022-02-08T16:45:58.374" intervalms="877.350" type="nursery" />
<cycle-start id="596" type="scavenge" contextid="0" timestamp="2022-02-08T16:45:58.374" intervalms="877.356" />
<gc-start id="597" type="scavenge" contextid="596" timestamp="2022-02-08T16:45:58.374">
  <mem-info id="598" free="359113192" total="1073741824" percent="33">
    <mem type="nursery" free="0" total="268435456" percent="0">
      <mem type="allocate" free="0" total="184877056" percent="0" />
      <mem type="survivor" free="0" total="83558400" percent="0" />
    </mem>
    <mem type="tenure" free="359113192" total="805306368" percent="44">
      <mem type="soa" free="318847464" total="765040640" percent="41" />
      <mem type="loa" free="40265728" total="40265728" percent="100" />
    </mem>
    <remembered-set count="113" />
  </mem-info>
</gc-start>
<allocation-stats totalBytes="107668664" >
  <allocated-bytes non-tlh="1347800" tlh="106320864" />
  <largest-consumer threadName="main" threadId="0000000000016F00" bytes="107668664" />
</allocation-stats>
<gc-op id="599" type="scavenge" timems="88.497" contextid="596" timestamp="2022-02-08T16:45:58.462">
  <scavenger-info tenureage="1" tenuremask="7ffe" tiltratio="68" />
  <memory-copied type="nursery" objects="1368722" bytes="77099256" bytesdiscarded="101944" />
  <memory-copied type="tenure" objects="1495724" bytes="76530168" bytesdiscarded="38776" />
  <finalization candidates="57" enqueued="0" />
  <references type="phantom" candidates="1" cleared="0" enqueued="0" />
  <object-monitors candidates="2" cleared="0"  />
</gc-op>
<gc-end id="600" type="scavenge" contextid="596" durationms="88.936" usertimems="349.535" systemtimems="0.112" stalltimems="3.436" timestamp="2022-02-08T16:45:58.463" activeThreads="4">
  <mem-info id="601" free="390306792" total="1073741824" percent="36">
    <mem type="nursery" free="107806928" total="268435456" percent="40">
      <mem type="allocate" free="107806928" total="185008128" percent="58" />
      <mem type="survivor" free="0" total="83427328" percent="0" />
    </mem>
    <mem type="tenure" free="282499864" total="805306368" percent="35" macro-fragmented="82818304">
      <mem type="soa" free="242234136" total="765040640" percent="31" />
      <mem type="loa" free="40265728" total="40265728" percent="100" />
    </mem>
    <remembered-set count="102" />
  </mem-info>
</gc-end>
<cycle-end id="602" type="scavenge" contextid="596" timestamp="2022-02-08T16:45:58.463" />
<allocation-satisfied id="603" threadId="0000000000016F00" bytesRequested="88" />
<af-end id="604" timestamp="2022-02-08T16:45:58.463" threadId="0000000000017908" success="true" from="nursery"/>
<exclusive-end id="605" timestamp="2022-02-08T16:45:58.463" durationms="89.341" />

<exclusive-start id="606" timestamp="2022-02-08T16:45:59.158" intervalms="784.022">
  <response-info timems="0.037" idlems="0.037" threads="0" lastid="0000000000016F00" lastname="main" />
</exclusive-start>
<af-start id="607" threadId="0000000000017908" totalBytesRequested="208" timestamp="2022-02-08T16:45:59.158" intervalms="784.021" type="nursery" />
<cycle-start id="608" type="scavenge" contextid="0" timestamp="2022-02-08T16:45:59.158" intervalms="784.016" />
<gc-start id="609" type="scavenge" contextid="608" timestamp="2022-02-08T16:45:59.158">
  <mem-info id="610" free="282499864" total="1073741824" percent="26">
    <mem type="nursery" free="0" total="268435456" percent="0">
      <mem type="allocate" free="0" total="185008128" percent="0" />
      <mem type="survivor" free="0" total="83427328" percent="0" />
    </mem>
    <mem type="tenure" free="282499864" total="805306368" percent="35">
      <mem type="soa" free="242234136" total="765040640" percent="31" />
      <mem type="loa" free="40265728" total="40265728" percent="100" />
    </mem>
    <remembered-set count="102" />
  </mem-info>
</gc-start>
<allocation-stats totalBytes="107755840" >
  <allocated-bytes non-tlh="88" tlh="107755752" />
  <largest-consumer threadName="main" threadId="0000000000016F00" bytes="107755840" />
</allocation-stats>
<gc-op id="611" type="scavenge" timems="91.972" contextid="608" timestamp="2022-02-08T16:45:59.250">
  <scavenger-info tenureage="1" tenuremask="7ffe" tiltratio="68" />
  <memory-copied type="nursery" objects="1352829" bytes="76616680" bytesdiscarded="110360" />
  <memory-copied type="tenure" objects="1368721" bytes="77099200" bytesdiscarded="39672" />
  <finalization candidates="1" enqueued="0" />
  <object-monitors candidates="2" cleared="0"  />
</gc-op>
<gc-end id="612" type="scavenge" contextid="608" durationms="92.429" usertimems="359.681" systemtimems="3.887" stalltimems="3.263" timestamp="2022-02-08T16:45:59.250" activeThreads="4">
  <mem-info id="613" free="313737928" total="1073741824" percent="29">
    <mem type="nursery" free="108281088" total="268435456" percent="40">
      <mem type="allocate" free="108281088" total="185008128" percent="58" />
      <mem type="survivor" free="0" total="83427328" percent="0" />
    </mem>
    <mem type="tenure" free="205456840" total="805306368" percent="25" macro-fragmented="0">
      <mem type="soa" free="165191112" total="765040640" percent="21" />
      <mem type="loa" free="40265728" total="40265728" percent="100" />
    </mem>
    <remembered-set count="102" />
  </mem-info>
</gc-end>
<cycle-end id="614" type="scavenge" contextid="608" timestamp="2022-02-08T16:45:59.250" />
<allocation-satisfied id="615" threadId="0000000000016F00" bytesRequested="208" />
<af-end id="616" timestamp="2022-02-08T16:45:59.250" threadId="0000000000017908" success="true" from="nursery"/>
<exclusive-end id="617" timestamp="2022-02-08T16:45:59.250" durationms="92.724" />

<concurrent-kickoff id="618" timestamp="2022-02-08T16:46:00.095">
  <kickoff reason="threshold reached" targetBytes="100690432" thresholdFreeBytes="10995047"  remainingFree="10969944" tenureFreeBytes="205456840" nurseryFreeBytes="10969944" />
</concurrent-kickoff>
<exclusive-start id="619" timestamp="2022-02-08T16:46:00.098" intervalms="940.797">
  <response-info timems="0.031" idlems="0.031" threads="0" lastid="0000000000016F00" lastname="main" />
</exclusive-start>
<cycle-start id="620" type="global" contextid="0" timestamp="2022-02-08T16:46:00.098" intervalms="3017.569" />
<concurrent-start id="621" type="global mark" contextid="620" timestamp="2022-02-08T16:46:00.098">
</concurrent-start>
<exclusive-end id="622" timestamp="2022-02-08T16:46:00.098" durationms="0.089" />

<exclusive-start id="623" timestamp="2022-02-08T16:46:00.322" intervalms="224.084">
  <response-info timems="0.024" idlems="0.024" threads="0" lastid="0000000000016F00" lastname="main" />
</exclusive-start>
<af-start id="624" threadId="0000000000017908" totalBytesRequested="24" timestamp="2022-02-08T16:46:00.323" intervalms="1165.272" type="nursery" />
<cycle-start id="625" type="scavenge" contextid="0" timestamp="2022-02-08T16:46:00.323" intervalms="1165.364" />
<gc-start id="626" type="scavenge" contextid="625" timestamp="2022-02-08T16:46:00.323">
  <mem-info id="627" free="205456840" total="1073741824" percent="19">
    <mem type="nursery" free="0" total="268435456" percent="0">
      <mem type="allocate" free="0" total="185008128" percent="0" />
      <mem type="survivor" free="0" total="83427328" percent="0" />
    </mem>
    <mem type="tenure" free="205456840" total="805306368" percent="25">
      <mem type="soa" free="165191112" total="765040640" percent="21" />
      <mem type="loa" free="40265728" total="40265728" percent="100" />
    </mem>
    <remembered-set count="133" />
  </mem-info>
</gc-start>
<allocation-stats totalBytes="108233184" >
  <allocated-bytes non-tlh="1661352" tlh="106571832" />
  <largest-consumer threadName="main" threadId="0000000000016F00" bytes="108233184" />
</allocation-stats>
<gc-op id="628" type="scavenge" timems="80.922" contextid="625" timestamp="2022-02-08T16:46:00.404">
  <scavenger-info tenureage="1" tenuremask="7ffe" tiltratio="68" />
  <memory-copied type="nursery" objects="1488397" bytes="76216296" bytesdiscarded="169272" />
  <memory-copied type="tenure" objects="1352828" bytes="76616568" bytesdiscarded="38032" />
  <finalization candidates="109" enqueued="53" />
  <references type="soft" candidates="14" cleared="0" enqueued="0" dynamicThreshold="17" maxThreshold="32" />
  <references type="weak" candidates="1" cleared="0" enqueued="0" />
  <references type="phantom" candidates="94" cleared="7" enqueued="7" />
  <object-monitors candidates="2" cleared="0"  />
</gc-op>
<gc-end id="629" type="scavenge" contextid="625" durationms="81.292" usertimems="317.663" systemtimems="0.000" stalltimems="3.313" timestamp="2022-02-08T16:46:00.404" activeThreads="4">
  <mem-info id="630" free="237448800" total="1073741824" percent="22">
    <mem type="nursery" free="108753504" total="268435456" percent="40">
      <mem type="allocate" free="108753504" total="185139200" percent="58" />
      <mem type="survivor" free="0" total="83296256" percent="0" />
    </mem>
    <mem type="tenure" free="128695296" total="805306368" percent="15" macro-fragmented="116101116">
      <mem type="soa" free="88429568" total="765040640" percent="11" />
      <mem type="loa" free="40265728" total="40265728" percent="100" />
    </mem>
    <pending-finalizers system="52" default="1" reference="7" classloader="0" />
    <remembered-set count="129" />
  </mem-info>
</gc-end>
<cycle-end id="631" type="scavenge" contextid="625" timestamp="2022-02-08T16:46:00.405" />
<allocation-satisfied id="632" threadId="0000000000016F00" bytesRequested="24" />
<af-end id="633" timestamp="2022-02-08T16:46:00.405" threadId="0000000000017908" success="true" from="nursery"/>
<exclusive-end id="634" timestamp="2022-02-08T16:46:00.405" durationms="82.392" />

<concurrent-end id="635" type="global mark" contextid="620" timestamp="2022-02-08T16:46:00.424">
<gc-op id="636" type="trace" timems="325.344" contextid="620" timestamp="2022-02-08T16:46:00.424">
  <trace bytesTraced="74513796" workStackOverflowCount="0" />
  <card-cleaning reason="card cleaning threshold reached" bytesTraced="188" cardsCleaned="1" />
</gc-op>
</concurrent-end>

<exclusive-start id="637" timestamp="2022-02-08T16:46:00.424" intervalms="101.445">
  <response-info timems="0.068" idlems="0.068" threads="0" lastid="0000000000016F00" lastname="main" />
</exclusive-start>
<concurrent-global-final id="638" timestamp="2022-02-08T16:46:00.424" contextid="620" intervalms="3116.009" >
  <concurrent-trace-info reason="card cleaning threshold reached" tracedByMutators="48701156" tracedByHelpers="25812828" cardsCleaned="1" workStackOverflowCount="0" />
</concurrent-global-final>
<gc-start id="639" type="global" contextid="620" timestamp="2022-02-08T16:46:00.424">
  <mem-info id="640" free="236600904" total="1073741824" percent="22">
    <mem type="nursery" free="107905608" total="268435456" percent="40">
      <mem type="allocate" free="107905608" total="185139200" percent="58" />
      <mem type="survivor" free="0" total="83296256" percent="0" />
    </mem>
    <mem type="tenure" free="128695296" total="805306368" percent="15">
      <mem type="soa" free="88429568" total="765040640" percent="11" />
      <mem type="loa" free="40265728" total="40265728" percent="100" />
    </mem>
    <remembered-set count="130" />
  </mem-info>
</gc-start>
<allocation-stats totalBytes="847568" >
  <allocated-bytes non-tlh="24" tlh="847544" />
  <largest-consumer threadName="main" threadId="0000000000016F00" bytes="839376" />
</allocation-stats>
<gc-op id="641" type="rs-scan" timems="136.587" contextid="620" timestamp="2022-02-08T16:46:00.561">
  <scan objectsFound="3324743" bytesTraced="71013204" workStackOverflowCount="0" />
</gc-op>
<gc-op id="642" type="card-cleaning" timems="0.667" contextid="620" timestamp="2022-02-08T16:46:00.561">
  <card-cleaning cardsCleaned="4" bytesTraced="6140" workStackOverflowCount="0" />
</gc-op>
<gc-op id="643" type="mark" timems="10.467" contextid="620" timestamp="2022-02-08T16:46:00.572">
  <trace-info objectcount="386277" scancount="291229" scanbytes="6280216" />
  <finalization candidates="427" enqueued="57" />
  <ownableSynchronizers candidates="1" cleared="0" />
  <references type="soft" candidates="1063" cleared="0" enqueued="0" dynamicThreshold="17" maxThreshold="32" />
  <references type="weak" candidates="1701" cleared="0" enqueued="0" />
  <references type="phantom" candidates="51" cleared="2" enqueued="2" />
  <stringconstants candidates="6463" cleared="0"  />
  <object-monitors candidates="2" cleared="0"  />
</gc-op>
<gc-op id="644" type="sweep" timems="6.358" contextid="620" timestamp="2022-02-08T16:46:00.578" />
<gc-end id="645" type="global" contextid="620" durationms="154.271" usertimems="168.939" systemtimems="1.543" stalltimems="30.971" timestamp="2022-02-08T16:46:00.578" activeThreads="4">
  <mem-info id="646" free="480296776" total="1073741824" percent="44">
    <mem type="nursery" free="108615776" total="268435456" percent="40">
      <mem type="allocate" free="108615776" total="185139200" percent="58" />
      <mem type="survivor" free="0" total="83296256" percent="0" />
    </mem>
    <mem type="tenure" free="371681000" total="805306368" percent="46" micro-fragmented="135360" macro-fragmented="0">
      <mem type="soa" free="331415272" total="765040640" percent="43" />
      <mem type="loa" free="40265728" total="40265728" percent="100" />
    </mem>
    <pending-finalizers system="57" default="0" reference="2" classloader="0" />
    <remembered-set count="112" />
  </mem-info>
</gc-end>
<cycle-end id="647" type="global" contextid="620" timestamp="2022-02-08T16:46:00.578" />
<exclusive-end id="648" timestamp="2022-02-08T16:46:00.578" durationms="154.531" />

<exclusive-start id="649" timestamp="2022-02-08T16:46:01.339" intervalms="914.846">
  <response-info timems="0.020" idlems="0.020" threads="0" lastid="0000000000016F00" lastname="main" />
</exclusive-start>
<af-start id="650" threadId="0000000000017908" totalBytesRequested="176" timestamp="2022-02-08T16:46:01.339" intervalms="1015.899" type="nursery" />
<cycle-start id="651" type="scavenge" contextid="0" timestamp="2022-02-08T16:46:01.339" intervalms="1015.805" />
<gc-start id="652" type="scavenge" contextid="651" timestamp="2022-02-08T16:46:01.339">
  <mem-info id="653" free="371681000" total="1073741824" percent="34">
    <mem type="nursery" free="0" total="268435456" percent="0">
      <mem type="allocate" free="0" total="185139200" percent="0" />
      <mem type="survivor" free="0" total="83296256" percent="0" />
    </mem>
    <mem type="tenure" free="371681000" total="805306368" percent="46">
      <mem type="soa" free="331415272" total="765040640" percent="43" />
      <mem type="loa" free="40265728" total="40265728" percent="100" />
    </mem>
    <remembered-set count="113" />
  </mem-info>
</gc-start>
<allocation-stats totalBytes="108565264" >
  <allocated-bytes non-tlh="1347680" tlh="107217584" />
  <largest-consumer threadName="main" threadId="0000000000016F00" bytes="108553008" />
</allocation-stats>
<gc-op id="654" type="scavenge" timems="96.649" contextid="651" timestamp="2022-02-08T16:46:01.436">
  <scavenger-info tenureage="1" tenuremask="7ffe" tiltratio="68" />
  <memory-copied type="nursery" objects="1364812" bytes="78199248" bytesdiscarded="137480" />
  <memory-copied type="tenure" objects="1487674" bytes="75273048" bytesdiscarded="38080" />
  <finalization candidates="57" enqueued="0" />
  <ownableSynchronizers candidates="2" cleared="2" />
  <references type="phantom" candidates="1" cleared="0" enqueued="0" />
  <object-monitors candidates="2" cleared="0"  />
</gc-op>
<gc-end id="655" type="scavenge" contextid="651" durationms="97.030" usertimems="379.600" systemtimems="0.377" stalltimems="3.781" timestamp="2022-02-08T16:46:01.436" activeThreads="4">
  <mem-info id="656" free="400199912" total="1073741824" percent="37">
    <mem type="nursery" free="104115496" total="268435456" percent="38">
      <mem type="allocate" free="104115496" total="182452224" percent="57" />
      <mem type="survivor" free="0" total="85983232" percent="0" />
    </mem>
    <mem type="tenure" free="296084416" total="805306368" percent="36" macro-fragmented="0">
      <mem type="soa" free="255818688" total="765040640" percent="33" />
      <mem type="loa" free="40265728" total="40265728" percent="100" />
    </mem>
    <remembered-set count="101" />
  </mem-info>
</gc-end>
<cycle-end id="657" type="scavenge" contextid="651" timestamp="2022-02-08T16:46:01.436" />
<allocation-satisfied id="658" threadId="0000000000016F00" bytesRequested="176" />
<af-end id="659" timestamp="2022-02-08T16:46:01.436" threadId="0000000000017908" success="true" from="nursery"/>
<exclusive-end id="660" timestamp="2022-02-08T16:46:01.436" durationms="97.275" />

<exclusive-start id="661" timestamp="2022-02-08T16:46:02.127" intervalms="788.337">
  <response-info timems="0.022" idlems="0.022" threads="0" lastid="0000000000016F00" lastname="main" />
</exclusive-start>
<af-start id="662" threadId="0000000000017908" totalBytesRequested="56" timestamp="2022-02-08T16:46:02.127" intervalms="788.336" type="nursery" />
<cycle-start id="663" type="scavenge" contextid="0" timestamp="2022-02-08T16:46:02.127" intervalms="788.337" />
<gc-start id="664" type="scavenge" contextid="663" timestamp="2022-02-08T16:46:02.127">
  <mem-info id="665" free="296084416" total="1073741824" percent="27">
    <mem type="nursery" free="0" total="268435456" percent="0">
      <mem type="allocate" free="0" total="182452224" percent="0" />
      <mem type="survivor" free="0" total="85983232" percent="0" />
    </mem>
    <mem type="tenure" free="296084416" total="805306368" percent="36">
      <mem type="soa" free="255818688" total="765040640" percent="33" />
      <mem type="loa" free="40265728" total="40265728" percent="100" />
    </mem>
    <remembered-set count="101" />
  </mem-info>
</gc-start>
<allocation-stats totalBytes="104066352" >
  <allocated-bytes non-tlh="176" tlh="104066176" />
  <largest-consumer threadName="main" threadId="0000000000016F00" bytes="104066352" />
</allocation-stats>
<gc-op id="666" type="scavenge" timems="87.485" contextid="663" timestamp="2022-02-08T16:46:02.215">
  <scavenger-info tenureage="1" tenuremask="7ffe" tiltratio="67" />
  <memory-copied type="nursery" objects="1318056" bytes="74030240" bytesdiscarded="69304" />
  <memory-copied type="tenure" objects="1364811" bytes="78199152" bytesdiscarded="40280" />
  <finalization candidates="1" enqueued="0" />
  <object-monitors candidates="2" cleared="0"  />
</gc-op>
<gc-end id="667" type="scavenge" contextid="663" durationms="87.895" usertimems="344.787" systemtimems="1.765" stalltimems="2.522" timestamp="2022-02-08T16:46:02.215" activeThreads="4">
  <mem-info id="668" free="326544384" total="1073741824" percent="30">
    <mem type="nursery" free="108680360" total="268435456" percent="40">
      <mem type="allocate" free="108680360" total="182779904" percent="59" />
      <mem type="survivor" free="0" total="85655552" percent="0" />
    </mem>
    <mem type="tenure" free="217864024" total="805306368" percent="27" macro-fragmented="0">
      <mem type="soa" free="177598296" total="765040640" percent="23" />
      <mem type="loa" free="40265728" total="40265728" percent="100" />
    </mem>
    <remembered-set count="103" />
  </mem-info>
</gc-end>
<cycle-end id="669" type="scavenge" contextid="663" timestamp="2022-02-08T16:46:02.215" />
<allocation-satisfied id="670" threadId="0000000000016F00" bytesRequested="56" />
<af-end id="671" timestamp="2022-02-08T16:46:02.215" threadId="0000000000017908" success="true" from="nursery"/>
<exclusive-end id="672" timestamp="2022-02-08T16:46:02.215" durationms="88.249" />

<exclusive-start id="673" timestamp="2022-02-08T16:46:03.114" intervalms="987.318">
  <response-info timems="0.022" idlems="0.022" threads="0" lastid="0000000000016F00" lastname="main" />
</exclusive-start>
<af-start id="674" threadId="0000000000017908" totalBytesRequested="208" timestamp="2022-02-08T16:46:03.114" intervalms="987.319" type="nursery" />
<cycle-start id="675" type="scavenge" contextid="0" timestamp="2022-02-08T16:46:03.114" intervalms="987.319" />
<gc-start id="676" type="scavenge" contextid="675" timestamp="2022-02-08T16:46:03.114">
  <mem-info id="677" free="217864024" total="1073741824" percent="20">
    <mem type="nursery" free="0" total="268435456" percent="0">
      <mem type="allocate" free="0" total="182779904" percent="0" />
      <mem type="survivor" free="0" total="85655552" percent="0" />
    </mem>
    <mem type="tenure" free="217864024" total="805306368" percent="27">
      <mem type="soa" free="177598296" total="765040640" percent="23" />
      <mem type="loa" free="40265728" total="40265728" percent="100" />
    </mem>
    <remembered-set count="134" />
  </mem-info>
</gc-start>
<allocation-stats totalBytes="108630904" >
  <allocated-bytes non-tlh="945784" tlh="107685120" />
  <largest-consumer threadName="main" threadId="0000000000016F00" bytes="108630904" />
</allocation-stats>
<gc-op id="678" type="scavenge" timems="87.630" contextid="675" timestamp="2022-02-08T16:46:03.202">
  <scavenger-info tenureage="1" tenuremask="7ffe" tiltratio="68" />
  <memory-copied type="nursery" objects="1482068" bytes="76538352" bytesdiscarded="106400" />
  <memory-copied type="tenure" objects="1318056" bytes="74030240" bytesdiscarded="36608" />
  <finalization candidates="105" enqueued="53" />
  <references type="soft" candidates="14" cleared="0" enqueued="0" dynamicThreshold="14" maxThreshold="32" />
  <references type="weak" candidates="1" cleared="0" enqueued="0" />
  <references type="phantom" candidates="90" cleared="7" enqueued="7" />
  <object-monitors candidates="2" cleared="0"  />
</gc-op>
<gc-end id="679" type="scavenge" contextid="675" durationms="88.189" usertimems="332.773" systemtimems="0.630" stalltimems="3.687" timestamp="2022-02-08T16:46:03.203" activeThreads="4">
  <mem-info id="680" free="250192920" total="1073741824" percent="23">
    <mem type="nursery" free="106200560" total="268435456" percent="39">
      <mem type="allocate" free="106200560" total="182845440" percent="58" />
      <mem type="survivor" free="0" total="85590016" percent="0" />
    </mem>
    <mem type="tenure" free="143992360" total="805306368" percent="17" macro-fragmented="0">
      <mem type="soa" free="103726632" total="765040640" percent="13" />
      <mem type="loa" free="40265728" total="40265728" percent="100" />
    </mem>
    <pending-finalizers system="52" default="1" reference="7" classloader="0" />
    <remembered-set count="129" />
  </mem-info>
</gc-end>
<cycle-end id="681" type="scavenge" contextid="675" timestamp="2022-02-08T16:46:03.203" />
<allocation-satisfied id="682" threadId="0000000000016F00" bytesRequested="208" />
<af-end id="683" timestamp="2022-02-08T16:46:03.203" threadId="0000000000017908" success="true" from="nursery"/>
<exclusive-end id="684" timestamp="2022-02-08T16:46:03.203" durationms="88.485" />

<concurrent-kickoff id="685" timestamp="2022-02-08T16:46:03.889">
  <kickoff reason="threshold reached" targetBytes="95400394" thresholdFreeBytes="10141990"  remainingFree="10121768" tenureFreeBytes="143992360" nurseryFreeBytes="10121768" />
</concurrent-kickoff>
<exclusive-start id="686" timestamp="2022-02-08T16:46:03.892" intervalms="778.081">
  <response-info timems="0.028" idlems="0.028" threads="0" lastid="0000000000016F00" lastname="main" />
</exclusive-start>
<cycle-start id="687" type="global" contextid="0" timestamp="2022-02-08T16:46:03.892" intervalms="3794.101" />
<concurrent-start id="688" type="global mark" contextid="687" timestamp="2022-02-08T16:46:03.893">
</concurrent-start>
<exclusive-end id="689" timestamp="2022-02-08T16:46:03.893" durationms="0.044" />

<concurrent-end id="690" type="global mark" contextid="687" timestamp="2022-02-08T16:46:04.143">
<gc-op id="691" type="trace" timems="250.610" contextid="687" timestamp="2022-02-08T16:46:04.143">
  <trace bytesTraced="74514116" workStackOverflowCount="0" />
  <card-cleaning reason="card cleaning threshold reached" bytesTraced="188" cardsCleaned="1" />
</gc-op>
</concurrent-end>

<exclusive-start id="692" timestamp="2022-02-08T16:46:04.143" intervalms="250.702">
  <response-info timems="0.022" idlems="0.022" threads="0" lastid="0000000000016F00" lastname="main" />
</exclusive-start>
<concurrent-global-final id="693" timestamp="2022-02-08T16:46:04.143" contextid="687" intervalms="3719.273" >
  <concurrent-trace-info reason="card cleaning threshold reached" tracedByMutators="47983492" tracedByHelpers="26530812" cardsCleaned="1" workStackOverflowCount="0" />
</concurrent-global-final>
<gc-start id="694" type="global" contextid="687" timestamp="2022-02-08T16:46:04.143">
  <mem-info id="695" free="144414800" total="1073741824" percent="13">
    <mem type="nursery" free="422440" total="268435456" percent="0">
      <mem type="allocate" free="422440" total="182845440" percent="0" />
      <mem type="survivor" free="0" total="85590016" percent="0" />
    </mem>
    <mem type="tenure" free="143992360" total="805306368" percent="17">
      <mem type="soa" free="103726632" total="765040640" percent="13" />
      <mem type="loa" free="40265728" total="40265728" percent="100" />
    </mem>
    <remembered-set count="130" />
  </mem-info>
</gc-start>
<allocation-stats totalBytes="105726832" >
  <allocated-bytes non-tlh="2063304" tlh="103663528" />
  <largest-consumer threadName="main" threadId="0000000000016F00" bytes="105718640" />
</allocation-stats>
<gc-op id="696" type="rs-scan" timems="140.119" contextid="687" timestamp="2022-02-08T16:46:04.283">
  <scan objectsFound="3324749" bytesTraced="71013976" workStackOverflowCount="0" />
</gc-op>
<gc-op id="697" type="card-cleaning" timems="0.415" contextid="687" timestamp="2022-02-08T16:46:04.284">
  <card-cleaning cardsCleaned="1" bytesTraced="4396" workStackOverflowCount="0" />
</gc-op>
<gc-op id="698" type="mark" timems="43.245" contextid="687" timestamp="2022-02-08T16:46:04.327">
  <trace-info objectcount="1442169" scancount="1083154" scanbytes="23174984" />
  <finalization candidates="428" enqueued="57" />
  <ownableSynchronizers candidates="1" cleared="0" />
  <references type="soft" candidates="1063" cleared="0" enqueued="0" dynamicThreshold="14" maxThreshold="32" />
  <references type="weak" candidates="1701" cleared="0" enqueued="0" />
  <references type="phantom" candidates="52" cleared="2" enqueued="2" />
  <stringconstants candidates="6463" cleared="0"  />
  <object-monitors candidates="2" cleared="0"  />
</gc-op>
<gc-op id="699" type="sweep" timems="6.167" contextid="687" timestamp="2022-02-08T16:46:04.333" />
<gc-end id="700" type="global" contextid="687" durationms="190.156" usertimems="201.600" systemtimems="0.997" stalltimems="131.507" timestamp="2022-02-08T16:46:04.333" activeThreads="4">
  <mem-info id="701" free="388742688" total="1073741824" percent="36">
    <mem type="nursery" free="1953136" total="268435456" percent="0">
      <mem type="allocate" free="1953136" total="182845440" percent="1" />
      <mem type="survivor" free="0" total="85590016" percent="0" />
    </mem>
    <mem type="tenure" free="386789552" total="805306368" percent="48" micro-fragmented="123716" macro-fragmented="0">
      <mem type="soa" free="346523824" total="765040640" percent="45" />
      <mem type="loa" free="40265728" total="40265728" percent="100" />
    </mem>
    <pending-finalizers system="57" default="0" reference="2" classloader="0" />
    <remembered-set count="112" />
  </mem-info>
</gc-end>
<cycle-end id="702" type="global" contextid="687" timestamp="2022-02-08T16:46:04.334" />
<exclusive-end id="703" timestamp="2022-02-08T16:46:04.334" durationms="190.413" />

<exclusive-start id="704" timestamp="2022-02-08T16:46:04.349" intervalms="206.161">
  <response-info timems="0.018" idlems="0.018" threads="0" lastid="0000000000016F00" lastname="main" />
</exclusive-start>
<af-start id="705" threadId="0000000000017908" totalBytesRequested="184" timestamp="2022-02-08T16:46:04.349" intervalms="1234.957" type="nursery" />
<cycle-start id="706" type="scavenge" contextid="0" timestamp="2022-02-08T16:46:04.349" intervalms="1234.977" />
<gc-start id="707" type="scavenge" contextid="706" timestamp="2022-02-08T16:46:04.349">
  <mem-info id="708" free="386789552" total="1073741824" percent="36">
    <mem type="nursery" free="0" total="268435456" percent="0">
      <mem type="allocate" free="0" total="182845440" percent="0" />
      <mem type="survivor" free="0" total="85590016" percent="0" />
    </mem>
    <mem type="tenure" free="386789552" total="805306368" percent="48">
      <mem type="soa" free="346523824" total="765040640" percent="45" />
      <mem type="loa" free="40265728" total="40265728" percent="100" />
    </mem>
    <remembered-set count="113" />
  </mem-info>
</gc-start>
<allocation-stats totalBytes="1951000" >
  <allocated-bytes non-tlh="0" tlh="1951000" />
  <largest-consumer threadName="main" threadId="0000000000016F00" bytes="1940600" />
</allocation-stats>
<gc-op id="709" type="scavenge" timems="97.548" contextid="706" timestamp="2022-02-08T16:46:04.447">
  <scavenger-info tenureage="1" tenuremask="7ffe" tiltratio="68" />
  <memory-copied type="nursery" objects="1357918" bytes="76505984" bytesdiscarded="124128" />
  <memory-copied type="tenure" objects="1481342" bytes="76009216" bytesdiscarded="39544" />
  <finalization candidates="57" enqueued="0" />
  <ownableSynchronizers candidates="2" cleared="2" />
  <references type="phantom" candidates="5" cleared="0" enqueued="0" />
  <object-monitors candidates="2" cleared="0"  />
</gc-op>
<gc-end id="710" type="scavenge" contextid="706" durationms="97.789" usertimems="318.544" systemtimems="3.239" stalltimems="4.011" timestamp="2022-02-08T16:46:04.447" activeThreads="4">
  <mem-info id="711" free="417274168" total="1073741824" percent="38">
    <mem type="nursery" free="106805152" total="268435456" percent="39">
      <mem type="allocate" free="106805152" total="183435264" percent="58" />
      <mem type="survivor" free="0" total="85000192" percent="0" />
    </mem>
    <mem type="tenure" free="310469016" total="805306368" percent="38" macro-fragmented="0">
      <mem type="soa" free="270203288" total="765040640" percent="35" />
      <mem type="loa" free="40265728" total="40265728" percent="100" />
    </mem>
    <remembered-set count="102" />
  </mem-info>
</gc-end>
<cycle-end id="712" type="scavenge" contextid="706" timestamp="2022-02-08T16:46:04.447" />
<allocation-satisfied id="713" threadId="0000000000016F00" bytesRequested="184" />
<af-end id="714" timestamp="2022-02-08T16:46:04.447" threadId="0000000000017908" success="true" from="nursery"/>
<exclusive-end id="715" timestamp="2022-02-08T16:46:04.447" durationms="98.078" />

<exclusive-start id="716" timestamp="2022-02-08T16:46:05.172" intervalms="822.182">
  <response-info timems="0.018" idlems="0.018" threads="0" lastid="0000000000016F00" lastname="main" />
</exclusive-start>
<af-start id="717" threadId="0000000000017908" totalBytesRequested="184" timestamp="2022-02-08T16:46:05.172" intervalms="822.169" type="nursery" />
<cycle-start id="718" type="scavenge" contextid="0" timestamp="2022-02-08T16:46:05.172" intervalms="822.149" />
<gc-start id="719" type="scavenge" contextid="718" timestamp="2022-02-08T16:46:05.172">
  <mem-info id="720" free="310469016" total="1073741824" percent="28">
    <mem type="nursery" free="0" total="268435456" percent="0">
      <mem type="allocate" free="0" total="183435264" percent="0" />
      <mem type="survivor" free="0" total="85000192" percent="0" />
    </mem>
    <mem type="tenure" free="310469016" total="805306368" percent="38">
      <mem type="soa" free="270203288" total="765040640" percent="35" />
      <mem type="loa" free="40265728" total="40265728" percent="100" />
    </mem>
    <remembered-set count="102" />
  </mem-info>
</gc-start>
<allocation-stats totalBytes="106753328" >
  <allocated-bytes non-tlh="184" tlh="106753144" />
  <largest-consumer threadName="main" threadId="0000000000016F00" bytes="106753328" />
</allocation-stats>
<gc-op id="721" type="scavenge" timems="82.903" contextid="718" timestamp="2022-02-08T16:46:05.255">
  <scavenger-info tenureage="1" tenuremask="7ffe" tiltratio="68" />
  <memory-copied type="nursery" objects="1347245" bytes="75934296" bytesdiscarded="241632" />
  <memory-copied type="tenure" objects="1357917" bytes="76505880" bytesdiscarded="38088" />
  <finalization candidates="5" enqueued="0" />
  <object-monitors candidates="2" cleared="0"  />
</gc-op>
<gc-end id="722" type="scavenge" contextid="718" durationms="83.173" usertimems="323.733" systemtimems="0.000" stalltimems="2.998" timestamp="2022-02-08T16:46:05.255" activeThreads="4">
  <mem-info id="723" free="341700184" total="1073741824" percent="31">
    <mem type="nursery" free="107718088" total="268435456" percent="40">
      <mem type="allocate" free="107718088" total="183894016" percent="58" />
      <mem type="survivor" free="0" total="84541440" percent="0" />
    </mem>
    <mem type="tenure" free="233982096" total="805306368" percent="29" macro-fragmented="0">
      <mem type="soa" free="193716368" total="765040640" percent="25" />
      <mem type="loa" free="40265728" total="40265728" percent="100" />
    </mem>
    <remembered-set count="104" />
  </mem-info>
</gc-end>
<cycle-end id="724" type="scavenge" contextid="718" timestamp="2022-02-08T16:46:05.255" />
<allocation-satisfied id="725" threadId="0000000000016F00" bytesRequested="184" />
<af-end id="726" timestamp="2022-02-08T16:46:05.255" threadId="0000000000017908" success="true" from="nursery"/>
<exclusive-end id="727" timestamp="2022-02-08T16:46:05.255" durationms="83.461" />

<exclusive-start id="728" timestamp="2022-02-08T16:46:05.982" intervalms="810.508">
  <response-info timems="0.018" idlems="0.018" threads="0" lastid="0000000000016F00" lastname="main" />
</exclusive-start>
<af-start id="729" threadId="0000000000017908" totalBytesRequested="16" timestamp="2022-02-08T16:46:05.982" intervalms="810.735" type="nursery" />
<cycle-start id="730" type="scavenge" contextid="0" timestamp="2022-02-08T16:46:05.982" intervalms="810.797" />
<gc-start id="731" type="scavenge" contextid="730" timestamp="2022-02-08T16:46:05.982">
  <mem-info id="732" free="233982096" total="1073741824" percent="21">
    <mem type="nursery" free="0" total="268435456" percent="0">
      <mem type="allocate" free="0" total="183894016" percent="0" />
      <mem type="survivor" free="0" total="84541440" percent="0" />
    </mem>
    <mem type="tenure" free="233982096" total="805306368" percent="29">
      <mem type="soa" free="193716368" total="765040640" percent="25" />
      <mem type="loa" free="40265728" total="40265728" percent="100" />
    </mem>
    <remembered-set count="118" />
  </mem-info>
</gc-start>
<allocation-stats totalBytes="107670040" >
  <allocated-bytes non-tlh="184" tlh="107669856" />
  <largest-consumer threadName="main" threadId="0000000000016F00" bytes="107670040" />
</allocation-stats>
<gc-op id="733" type="scavenge" timems="85.491" contextid="730" timestamp="2022-02-08T16:46:06.068">
  <scavenger-info tenureage="1" tenuremask="7ffe" tiltratio="68" />
  <memory-copied type="nursery" objects="1354552" bytes="76553712" bytesdiscarded="109632" />
  <memory-copied type="tenure" objects="1347244" bytes="75934192" bytesdiscarded="37000" />
  <finalization candidates="24" enqueued="14" />
  <references type="phantom" candidates="24" cleared="0" enqueued="0" />
  <object-monitors candidates="2" cleared="0"  />
</gc-op>
<gc-end id="734" type="scavenge" contextid="730" durationms="85.803" usertimems="332.152" systemtimems="0.000" stalltimems="6.416" timestamp="2022-02-08T16:46:06.068" activeThreads="4">
  <mem-info id="735" free="265369288" total="1073741824" percent="24">
    <mem type="nursery" free="107427280" total="268435456" percent="40">
      <mem type="allocate" free="107427280" total="184090624" percent="58" />
      <mem type="survivor" free="0" total="84344832" percent="0" />
    </mem>
    <mem type="tenure" free="157942008" total="805306368" percent="19" macro-fragmented="0">
      <mem type="soa" free="117676280" total="765040640" percent="15" />
      <mem type="loa" free="40265728" total="40265728" percent="100" />
    </mem>
    <pending-finalizers system="14" default="0" reference="0" classloader="0" />
    <remembered-set count="117" />
  </mem-info>
</gc-end>
<cycle-end id="736" type="scavenge" contextid="730" timestamp="2022-02-08T16:46:06.068" />
<allocation-satisfied id="737" threadId="0000000000016F00" bytesRequested="16" />
<af-end id="738" timestamp="2022-02-08T16:46:06.068" threadId="0000000000017908" success="true" from="nursery"/>
<exclusive-end id="739" timestamp="2022-02-08T16:46:06.068" durationms="86.467" />

<concurrent-kickoff id="740" timestamp="2022-02-08T16:46:06.941">
  <kickoff reason="threshold reached" targetBytes="91184854" thresholdFreeBytes="9398756"  remainingFree="9288840" tenureFreeBytes="157942008" nurseryFreeBytes="9288840" />
</concurrent-kickoff>
<exclusive-start id="741" timestamp="2022-02-08T16:46:06.944" intervalms="962.153">
  <response-info timems="0.023" idlems="0.023" threads="0" lastid="0000000000016F00" lastname="main" />
</exclusive-start>
<cycle-start id="742" type="global" contextid="0" timestamp="2022-02-08T16:46:06.944" intervalms="3051.700" />
<concurrent-start id="743" type="global mark" contextid="742" timestamp="2022-02-08T16:46:06.944">
</concurrent-start>
<exclusive-end id="744" timestamp="2022-02-08T16:46:06.944" durationms="0.036" />

<concurrent-end id="745" type="global mark" contextid="742" timestamp="2022-02-08T16:46:07.162">
<gc-op id="746" type="trace" timems="217.828" contextid="742" timestamp="2022-02-08T16:46:07.162">
  <trace bytesTraced="74516308" workStackOverflowCount="0" />
  <card-cleaning reason="card cleaning threshold reached" bytesTraced="2536" cardsCleaned="2" />
</gc-op>
</concurrent-end>

<exclusive-start id="747" timestamp="2022-02-08T16:46:07.162" intervalms="217.922">
  <response-info timems="0.025" idlems="0.025" threads="0" lastid="0000000000016F00" lastname="main" />
</exclusive-start>
<concurrent-global-final id="748" timestamp="2022-02-08T16:46:07.162" contextid="742" intervalms="3018.927" >
  <concurrent-trace-info reason="card cleaning threshold reached" tracedByMutators="53367040" tracedByHelpers="21151804" cardsCleaned="2" workStackOverflowCount="0" />
</concurrent-global-final>
<gc-start id="749" type="global" contextid="742" timestamp="2022-02-08T16:46:07.162">
  <mem-info id="750" free="157942008" total="1073741824" percent="14">
    <mem type="nursery" free="0" total="268435456" percent="0">
      <mem type="allocate" free="0" total="184090624" percent="0" />
      <mem type="survivor" free="0" total="84344832" percent="0" />
    </mem>
    <mem type="tenure" free="157942008" total="805306368" percent="19">
      <mem type="soa" free="117676280" total="765040640" percent="15" />
      <mem type="loa" free="40265728" total="40265728" percent="100" />
    </mem>
    <remembered-set count="134" />
  </mem-info>
</gc-start>
<allocation-stats totalBytes="107381232" >
  <allocated-bytes non-tlh="3008840" tlh="104372392" />
  <largest-consumer threadName="main" threadId="0000000000016F00" bytes="107377136" />
</allocation-stats>
<gc-op id="751" type="rs-scan" timems="130.292" contextid="742" timestamp="2022-02-08T16:46:07.292">
  <scan objectsFound="3324831" bytesTraced="71016464" workStackOverflowCount="0" />
</gc-op>
<gc-op id="752" type="card-cleaning" timems="0.802" contextid="742" timestamp="2022-02-08T16:46:07.293">
  <card-cleaning cardsCleaned="1" bytesTraced="4396" workStackOverflowCount="0" />
</gc-op>
<gc-op id="753" type="mark" timems="34.365" contextid="742" timestamp="2022-02-08T16:46:07.328">
  <trace-info objectcount="1168590" scancount="878033" scanbytes="18804248" />
  <finalization candidates="467" enqueued="96" />
  <ownableSynchronizers candidates="1" cleared="0" />
  <references type="soft" candidates="1063" cleared="0" enqueued="0" dynamicThreshold="15" maxThreshold="32" />
  <references type="weak" candidates="1701" cleared="0" enqueued="0" />
  <references type="phantom" candidates="102" cleared="8" enqueued="8" />
  <stringconstants candidates="6463" cleared="0"  />
  <object-monitors candidates="2" cleared="0"  />
</gc-op>
<gc-op id="754" type="sweep" timems="6.060" contextid="742" timestamp="2022-02-08T16:46:07.334" />
<gc-end id="755" type="global" contextid="742" durationms="171.897" usertimems="188.845" systemtimems="0.000" stalltimems="97.986" timestamp="2022-02-08T16:46:07.334" activeThreads="4">
  <mem-info id="756" free="404026280" total="1073741824" percent="37">
    <mem type="nursery" free="3073760" total="268435456" percent="1">
      <mem type="allocate" free="3073760" total="184090624" percent="1" />
      <mem type="survivor" free="0" total="84344832" percent="0" />
    </mem>
    <mem type="tenure" free="400952520" total="805306368" percent="49" micro-fragmented="164253" macro-fragmented="0">
      <mem type="soa" free="360686792" total="765040640" percent="47" />
      <mem type="loa" free="40265728" total="40265728" percent="100" />
    </mem>
    <pending-finalizers system="95" default="1" reference="8" classloader="0" />
    <remembered-set count="113" />
  </mem-info>
</gc-end>
<cycle-end id="757" type="global" contextid="742" timestamp="2022-02-08T16:46:07.334" />
<exclusive-end id="758" timestamp="2022-02-08T16:46:07.334" durationms="172.126" />

<exclusive-start id="759" timestamp="2022-02-08T16:46:07.353" intervalms="190.863">
  <response-info timems="0.017" idlems="0.017" threads="0" lastid="0000000000016F00" lastname="main" />
</exclusive-start>
<af-start id="760" threadId="0000000000017908" totalBytesRequested="112" timestamp="2022-02-08T16:46:07.353" intervalms="1370.708" type="nursery" />
<cycle-start id="761" type="scavenge" contextid="0" timestamp="2022-02-08T16:46:07.353" intervalms="1370.672" />
<gc-start id="762" type="scavenge" contextid="761" timestamp="2022-02-08T16:46:07.353">
  <mem-info id="763" free="400952520" total="1073741824" percent="37">
    <mem type="nursery" free="0" total="268435456" percent="0">
      <mem type="allocate" free="0" total="184090624" percent="0" />
      <mem type="survivor" free="0" total="84344832" percent="0" />
    </mem>
    <mem type="tenure" free="400952520" total="805306368" percent="49">
      <mem type="soa" free="360686792" total="765040640" percent="47" />
      <mem type="loa" free="40265728" total="40265728" percent="100" />
    </mem>
    <remembered-set count="115" />
  </mem-info>
</gc-start>
<allocation-stats totalBytes="3064824" >
  <allocated-bytes non-tlh="0" tlh="3064824" />
  <largest-consumer threadName="main" threadId="0000000000016F00" bytes="3054400" />
</allocation-stats>
<gc-op id="764" type="scavenge" timems="92.047" contextid="761" timestamp="2022-02-08T16:46:07.445">
  <scavenger-info tenureage="1" tenuremask="7ffe" tiltratio="68" />
  <memory-copied type="nursery" objects="1466145" bytes="77324640" bytesdiscarded="136816" />
  <memory-copied type="tenure" objects="1354313" bytes="76412320" bytesdiscarded="36368" />
  <finalization candidates="57" enqueued="0" />
  <ownableSynchronizers candidates="2" cleared="2" />
  <references type="soft" candidates="14" cleared="0" enqueued="0" dynamicThreshold="15" maxThreshold="32" />
  <references type="weak" candidates="1" cleared="0" enqueued="0" />
  <references type="phantom" candidates="31" cleared="1" enqueued="1" />
  <object-monitors candidates="2" cleared="0"  />
</gc-op>
<gc-end id="765" type="scavenge" contextid="761" durationms="92.247" usertimems="331.817" systemtimems="3.987" stalltimems="3.419" timestamp="2022-02-08T16:46:07.445" activeThreads="4">
  <mem-info id="766" free="430915896" total="1073741824" percent="40">
    <mem type="nursery" free="106629104" total="268435456" percent="39">
      <mem type="allocate" free="106629104" total="184090624" percent="57" />
      <mem type="survivor" free="0" total="84344832" percent="0" />
    </mem>
    <mem type="tenure" free="324286792" total="805306368" percent="40" macro-fragmented="0">
      <mem type="soa" free="284021064" total="765040640" percent="37" />
      <mem type="loa" free="40265728" total="40265728" percent="100" />
    </mem>
    <pending-finalizers system="0" default="0" reference="1" classloader="0" />
    <remembered-set count="110" />
  </mem-info>
</gc-end>
<cycle-end id="767" type="scavenge" contextid="761" timestamp="2022-02-08T16:46:07.445" />
<allocation-satisfied id="768" threadId="0000000000016F00" bytesRequested="112" />
<af-end id="769" timestamp="2022-02-08T16:46:07.445" threadId="0000000000017908" success="true" from="nursery"/>
<exclusive-end id="770" timestamp="2022-02-08T16:46:07.445" durationms="92.536" />

<exclusive-start id="771" timestamp="2022-02-08T16:46:08.194" intervalms="840.548">
  <response-info timems="0.020" idlems="0.020" threads="0" lastid="0000000000016F00" lastname="main" />
</exclusive-start>
<af-start id="772" threadId="0000000000017908" totalBytesRequested="216" timestamp="2022-02-08T16:46:08.194" intervalms="840.551" type="nursery" />
<cycle-start id="773" type="scavenge" contextid="0" timestamp="2022-02-08T16:46:08.194" intervalms="840.526" />
<gc-start id="774" type="scavenge" contextid="773" timestamp="2022-02-08T16:46:08.194">
  <mem-info id="775" free="324286792" total="1073741824" percent="30">
    <mem type="nursery" free="0" total="268435456" percent="0">
      <mem type="allocate" free="0" total="184090624" percent="0" />
      <mem type="survivor" free="0" total="84344832" percent="0" />
    </mem>
    <mem type="tenure" free="324286792" total="805306368" percent="40">
      <mem type="soa" free="284021064" total="765040640" percent="37" />
      <mem type="loa" free="40265728" total="40265728" percent="100" />
    </mem>
    <remembered-set count="111" />
  </mem-info>
</gc-start>
<allocation-stats totalBytes="106577824" >
  <allocated-bytes non-tlh="112" tlh="106577712" />
  <largest-consumer threadName="main" threadId="0000000000016F00" bytes="106577824" />
</allocation-stats>
<gc-op id="776" type="scavenge" timems="84.940" contextid="773" timestamp="2022-02-08T16:46:08.279">
  <scavenger-info tenureage="1" tenuremask="7ffe" tiltratio="68" />
  <memory-copied type="nursery" objects="1378157" bytes="75924704" bytesdiscarded="151488" />
  <memory-copied type="tenure" objects="1466142" bytes="77324584" bytesdiscarded="36312" />
  <finalization candidates="47" enqueued="0" />
  <object-monitors candidates="2" cleared="0"  />
</gc-op>
<gc-end id="777" type="scavenge" contextid="773" durationms="85.199" usertimems="333.720" systemtimems="0.782" stalltimems="4.636" timestamp="2022-02-08T16:46:08.279" activeThreads="4">
  <mem-info id="778" free="355078824" total="1073741824" percent="33">
    <mem type="nursery" free="108145504" total="268435456" percent="40">
      <mem type="allocate" free="108145504" total="184221696" percent="58" />
      <mem type="survivor" free="0" total="84213760" percent="0" />
    </mem>
    <mem type="tenure" free="246933320" total="805306368" percent="30" macro-fragmented="0">
      <mem type="soa" free="206667592" total="765040640" percent="27" />
      <mem type="loa" free="40265728" total="40265728" percent="100" />
    </mem>
    <remembered-set count="104" />
  </mem-info>
</gc-end>
<cycle-end id="779" type="scavenge" contextid="773" timestamp="2022-02-08T16:46:08.279" />
<allocation-satisfied id="780" threadId="0000000000016F00" bytesRequested="216" />
<af-end id="781" timestamp="2022-02-08T16:46:08.279" threadId="0000000000017908" success="true" from="nursery"/>
<exclusive-end id="782" timestamp="2022-02-08T16:46:08.279" durationms="85.556" />

<exclusive-start id="783" timestamp="2022-02-08T16:46:08.983" intervalms="789.984">
  <response-info timems="0.023" idlems="0.023" threads="0" lastid="0000000000016F00" lastname="main" />
</exclusive-start>
<af-start id="784" threadId="0000000000017908" totalBytesRequested="24" timestamp="2022-02-08T16:46:08.984" intervalms="789.983" type="nursery" />
<cycle-start id="785" type="scavenge" contextid="0" timestamp="2022-02-08T16:46:08.984" intervalms="789.982" />
<gc-start id="786" type="scavenge" contextid="785" timestamp="2022-02-08T16:46:08.984">
  <mem-info id="787" free="246933320" total="1073741824" percent="22">
    <mem type="nursery" free="0" total="268435456" percent="0">
      <mem type="allocate" free="0" total="184221696" percent="0" />
      <mem type="survivor" free="0" total="84213760" percent="0" />
    </mem>
    <mem type="tenure" free="246933320" total="805306368" percent="30">
      <mem type="soa" free="206667592" total="765040640" percent="27" />
      <mem type="loa" free="40265728" total="40265728" percent="100" />
    </mem>
    <remembered-set count="104" />
  </mem-info>
</gc-start>
<allocation-stats totalBytes="108096944" >
  <allocated-bytes non-tlh="216" tlh="108096728" />
  <largest-consumer threadName="main" threadId="0000000000016F00" bytes="108096944" />
</allocation-stats>
<gc-op id="788" type="scavenge" timems="89.217" contextid="785" timestamp="2022-02-08T16:46:09.073">
  <scavenger-info tenureage="1" tenuremask="7ffe" tiltratio="68" />
  <memory-copied type="nursery" objects="1352453" bytes="76866624" bytesdiscarded="318144" />
  <memory-copied type="tenure" objects="1378156" bytes="75924584" bytesdiscarded="38968" />
  <object-monitors candidates="2" cleared="0"  />
</gc-op>
<gc-end id="789" type="scavenge" contextid="785" durationms="89.384" usertimems="353.901" systemtimems="0.000" stalltimems="1.908" timestamp="2022-02-08T16:46:09.073" activeThreads="4">
  <mem-info id="790" free="278164320" total="1073741824" percent="25">
    <mem type="nursery" free="107102464" total="268435456" percent="39">
      <mem type="allocate" free="107102464" total="184287232" percent="58" />
      <mem type="survivor" free="0" total="84148224" percent="0" />
    </mem>
    <mem type="tenure" free="171061856" total="805306368" percent="21" macro-fragmented="85248384">
      <mem type="soa" free="130796128" total="765040640" percent="17" />
      <mem type="loa" free="40265728" total="40265728" percent="100" />
    </mem>
    <remembered-set count="103" />
  </mem-info>
</gc-end>
<cycle-end id="791" type="scavenge" contextid="785" timestamp="2022-02-08T16:46:09.073" />
<allocation-satisfied id="792" threadId="0000000000016F00" bytesRequested="24" />
<af-end id="793" timestamp="2022-02-08T16:46:09.073" threadId="0000000000017908" success="true" from="nursery"/>
<exclusive-end id="794" timestamp="2022-02-08T16:46:09.073" durationms="89.640" />

<concurrent-kickoff id="795" timestamp="2022-02-08T16:46:09.938">
  <kickoff reason="threshold reached" targetBytes="87825059" thresholdFreeBytes="8831523"  remainingFree="8742272" tenureFreeBytes="171061856" nurseryFreeBytes="8742272" />
</concurrent-kickoff>
<exclusive-start id="796" timestamp="2022-02-08T16:46:09.941" intervalms="957.697">
  <response-info timems="0.027" idlems="0.027" threads="0" lastid="0000000000016F00" lastname="main" />
</exclusive-start>
<cycle-start id="797" type="global" contextid="0" timestamp="2022-02-08T16:46:09.941" intervalms="2997.013" />
<concurrent-start id="798" type="global mark" contextid="797" timestamp="2022-02-08T16:46:09.941">
</concurrent-start>
<exclusive-end id="799" timestamp="2022-02-08T16:46:09.941" durationms="0.034" />

<exclusive-start id="800" timestamp="2022-02-08T16:46:10.153" intervalms="211.425">
  <response-info timems="0.019" idlems="0.019" threads="0" lastid="0000000000016F00" lastname="main" />
</exclusive-start>
<af-start id="801" threadId="0000000000017908" totalBytesRequested="56" timestamp="2022-02-08T16:46:10.153" intervalms="1169.122" type="nursery" />
<cycle-start id="802" type="scavenge" contextid="0" timestamp="2022-02-08T16:46:10.153" intervalms="1169.121" />
<gc-start id="803" type="scavenge" contextid="802" timestamp="2022-02-08T16:46:10.153">
  <mem-info id="804" free="171061856" total="1073741824" percent="15">
    <mem type="nursery" free="0" total="268435456" percent="0">
      <mem type="allocate" free="0" total="184287232" percent="0" />
      <mem type="survivor" free="0" total="84148224" percent="0" />
    </mem>
    <mem type="tenure" free="171061856" total="805306368" percent="21">
      <mem type="soa" free="130796128" total="765040640" percent="17" />
      <mem type="loa" free="40265728" total="40265728" percent="100" />
    </mem>
    <remembered-set count="133" />
  </mem-info>
</gc-start>
<allocation-stats totalBytes="107054864" >
  <allocated-bytes non-tlh="2841472" tlh="104213392" />
  <largest-consumer threadName="main" threadId="0000000000016F00" bytes="107054864" />
</allocation-stats>
<gc-op id="805" type="scavenge" timems="78.635" contextid="802" timestamp="2022-02-08T16:46:10.231">
  <scavenger-info tenureage="1" tenuremask="7ffe" tiltratio="68" />
  <memory-copied type="nursery" objects="1439862" bytes="75266656" bytesdiscarded="369280" />
  <memory-copied type="tenure" objects="1352453" bytes="76866624" bytesdiscarded="35416" />
  <finalization candidates="110" enqueued="53" />
  <references type="soft" candidates="14" cleared="0" enqueued="0" dynamicThreshold="15" maxThreshold="32" />
  <references type="weak" candidates="1" cleared="0" enqueued="0" />
  <references type="phantom" candidates="95" cleared="7" enqueued="7" />
  <object-monitors candidates="2" cleared="0"  />
</gc-op>
<gc-end id="806" type="scavenge" contextid="802" durationms="78.777" usertimems="311.233" systemtimems="0.000" stalltimems="1.939" timestamp="2022-02-08T16:46:10.231" activeThreads="4">
  <mem-info id="807" free="202850296" total="1073741824" percent="18">
    <mem type="nursery" free="108847776" total="268435456" percent="40">
      <mem type="allocate" free="108847776" total="184483840" percent="59" />
      <mem type="survivor" free="0" total="83951616" percent="0" />
    </mem>
    <mem type="tenure" free="94002520" total="805306368" percent="11" macro-fragmented="87866628">
      <mem type="soa" free="53736792" total="765040640" percent="7" />
      <mem type="loa" free="40265728" total="40265728" percent="100" />
    </mem>
    <pending-finalizers system="52" default="1" reference="7" classloader="0" />
    <remembered-set count="128" />
  </mem-info>
</gc-end>
<cycle-end id="808" type="scavenge" contextid="802" timestamp="2022-02-08T16:46:10.232" />
<allocation-satisfied id="809" threadId="0000000000016F00" bytesRequested="56" />
<af-end id="810" timestamp="2022-02-08T16:46:10.232" threadId="0000000000017908" success="true" from="nursery"/>
<exclusive-end id="811" timestamp="2022-02-08T16:46:10.232" durationms="79.053" />

<concurrent-end id="812" type="global mark" contextid="797" timestamp="2022-02-08T16:46:10.262">
<gc-op id="813" type="trace" timems="320.818" contextid="797" timestamp="2022-02-08T16:46:10.262">
  <trace bytesTraced="74514580" workStackOverflowCount="0" />
  <card-cleaning reason="card cleaning threshold reached" bytesTraced="188" cardsCleaned="1" />
</gc-op>
</concurrent-end>

<exclusive-start id="814" timestamp="2022-02-08T16:46:10.262" intervalms="109.472">
  <response-info timems="0.022" idlems="0.022" threads="0" lastid="0000000000016F00" lastname="main" />
</exclusive-start>
<concurrent-global-final id="815" timestamp="2022-02-08T16:46:10.262" contextid="797" intervalms="3099.987" >
  <concurrent-trace-info reason="card cleaning threshold reached" tracedByMutators="53110840" tracedByHelpers="21403928" cardsCleaned="1" workStackOverflowCount="0" />
</concurrent-global-final>
<gc-start id="816" type="global" contextid="797" timestamp="2022-02-08T16:46:10.262">
  <mem-info id="817" free="200777664" total="1073741824" percent="18">
    <mem type="nursery" free="106775144" total="268435456" percent="39">
      <mem type="allocate" free="106775144" total="184483840" percent="57" />
      <mem type="survivor" free="0" total="83951616" percent="0" />
    </mem>
    <mem type="tenure" free="94002520" total="805306368" percent="11">
      <mem type="soa" free="53736792" total="765040640" percent="7" />
      <mem type="loa" free="40265728" total="40265728" percent="100" />
    </mem>
    <remembered-set count="129" />
  </mem-info>
</gc-start>
<allocation-stats totalBytes="2071624" >
  <allocated-bytes non-tlh="56" tlh="2071568" />
  <largest-consumer threadName="main" threadId="0000000000016F00" bytes="2063432" />
</allocation-stats>
<gc-op id="818" type="rs-scan" timems="130.101" contextid="797" timestamp="2022-02-08T16:46:10.392">
  <scan objectsFound="3324743" bytesTraced="71013244" workStackOverflowCount="0" />
</gc-op>
<gc-op id="819" type="card-cleaning" timems="0.303" contextid="797" timestamp="2022-02-08T16:46:10.393">
  <card-cleaning cardsCleaned="4" bytesTraced="6028" workStackOverflowCount="0" />
</gc-op>
<gc-op id="820" type="mark" timems="39.693" contextid="797" timestamp="2022-02-08T16:46:10.432">
  <trace-info objectcount="970309" scancount="729258" scanbytes="15625224" />
  <finalization candidates="428" enqueued="57" />
  <ownableSynchronizers candidates="1" cleared="0" />
  <references type="soft" candidates="1063" cleared="0" enqueued="0" dynamicThreshold="15" maxThreshold="32" />
  <references type="weak" candidates="1701" cleared="0" enqueued="0" />
  <references type="phantom" candidates="52" cleared="2" enqueued="2" />
  <stringconstants candidates="6463" cleared="0"  />
  <object-monitors candidates="2" cleared="0"  />
</gc-op>
<gc-op id="821" type="sweep" timems="4.537" contextid="797" timestamp="2022-02-08T16:46:10.437" />
<gc-end id="822" type="global" contextid="797" durationms="174.857" usertimems="204.548" systemtimems="2.171" stalltimems="97.617" timestamp="2022-02-08T16:46:10.437" activeThreads="4">
  <mem-info id="823" free="444710952" total="1073741824" percent="41">
    <mem type="nursery" free="107711384" total="268435456" percent="40">
      <mem type="allocate" free="107711384" total="184483840" percent="58" />
      <mem type="survivor" free="0" total="83951616" percent="0" />
    </mem>
    <mem type="tenure" free="336999568" total="805306368" percent="41" micro-fragmented="227881" macro-fragmented="0">
      <mem type="soa" free="296733840" total="765040640" percent="38" />
      <mem type="loa" free="40265728" total="40265728" percent="100" />
    </mem>
    <pending-finalizers system="57" default="0" reference="2" classloader="0" />
    <remembered-set count="111" />
  </mem-info>
</gc-end>
<cycle-end id="824" type="global" contextid="797" timestamp="2022-02-08T16:46:10.437" />
<exclusive-end id="825" timestamp="2022-02-08T16:46:10.437" durationms="175.094" />

<exclusive-start id="826" timestamp="2022-02-08T16:46:11.198" intervalms="936.027">
  <response-info timems="0.026" idlems="0.026" threads="0" lastid="0000000000016F00" lastname="main" />
</exclusive-start>
<af-start id="827" threadId="0000000000017908" totalBytesRequested="192" timestamp="2022-02-08T16:46:11.198" intervalms="1045.527" type="nursery" />
<cycle-start id="828" type="scavenge" contextid="0" timestamp="2022-02-08T16:46:11.198" intervalms="1045.549" />
<gc-start id="829" type="scavenge" contextid="828" timestamp="2022-02-08T16:46:11.198">
  <mem-info id="830" free="336999568" total="1073741824" percent="31">
    <mem type="nursery" free="0" total="268435456" percent="0">
      <mem type="allocate" free="0" total="184483840" percent="0" />
      <mem type="survivor" free="0" total="83951616" percent="0" />
    </mem>
    <mem type="tenure" free="336999568" total="805306368" percent="41">
      <mem type="soa" free="296733840" total="765040640" percent="38" />
      <mem type="loa" free="40265728" total="40265728" percent="100" />
    </mem>
    <remembered-set count="112" />
  </mem-info>
</gc-start>
<allocation-stats totalBytes="107659000" >
  <allocated-bytes non-tlh="0" tlh="107659000" />
  <largest-consumer threadName="main" threadId="0000000000016F00" bytes="107654904" />
</allocation-stats>
<gc-op id="831" type="scavenge" timems="84.420" contextid="828" timestamp="2022-02-08T16:46:11.283">
  <scavenger-info tenureage="1" tenuremask="7ffe" tiltratio="68" />
  <memory-copied type="nursery" objects="1408611" bytes="78057904" bytesdiscarded="210016" />
  <memory-copied type="tenure" objects="1439147" bytes="74798720" bytesdiscarded="37696" />
  <finalization candidates="57" enqueued="0" />
  <ownableSynchronizers candidates="2" cleared="2" />
  <object-monitors candidates="2" cleared="0"  />
</gc-op>
<gc-end id="832" type="scavenge" contextid="828" durationms="84.618" usertimems="330.338" systemtimems="0.000" stalltimems="3.685" timestamp="2022-02-08T16:46:11.283" activeThreads="4">
  <mem-info id="833" free="365467968" total="1073741824" percent="34">
    <mem type="nursery" free="103528944" total="268435456" percent="38">
      <mem type="allocate" free="103528944" total="181796864" percent="56" />
      <mem type="survivor" free="0" total="86638592" percent="0" />
    </mem>
    <mem type="tenure" free="261939024" total="805306368" percent="32" macro-fragmented="0">
      <mem type="soa" free="221673296" total="765040640" percent="28" />
      <mem type="loa" free="40265728" total="40265728" percent="100" />
    </mem>
    <remembered-set count="104" />
  </mem-info>
</gc-end>
<cycle-end id="834" type="scavenge" contextid="828" timestamp="2022-02-08T16:46:11.283" />
<allocation-satisfied id="835" threadId="0000000000016F00" bytesRequested="192" />
<af-end id="836" timestamp="2022-02-08T16:46:11.283" threadId="0000000000017908" success="true" from="nursery"/>
<exclusive-end id="837" timestamp="2022-02-08T16:46:11.283" durationms="85.009" />

<exclusive-start id="838" timestamp="2022-02-08T16:46:11.945" intervalms="747.243">
  <response-info timems="0.024" idlems="0.024" threads="0" lastid="0000000000016F00" lastname="main" />
</exclusive-start>
<af-start id="839" threadId="0000000000017908" totalBytesRequested="104" timestamp="2022-02-08T16:46:11.945" intervalms="747.214" type="nursery" />
<cycle-start id="840" type="scavenge" contextid="0" timestamp="2022-02-08T16:46:11.945" intervalms="747.194" />
<gc-start id="841" type="scavenge" contextid="840" timestamp="2022-02-08T16:46:11.945">
  <mem-info id="842" free="261939024" total="1073741824" percent="24">
    <mem type="nursery" free="0" total="268435456" percent="0">
      <mem type="allocate" free="0" total="181796864" percent="0" />
      <mem type="survivor" free="0" total="86638592" percent="0" />
    </mem>
    <mem type="tenure" free="261939024" total="805306368" percent="32">
      <mem type="soa" free="221673296" total="765040640" percent="28" />
      <mem type="loa" free="40265728" total="40265728" percent="100" />
    </mem>
    <remembered-set count="104" />
  </mem-info>
</gc-start>
<allocation-stats totalBytes="103482360" >
  <allocated-bytes non-tlh="192" tlh="103482168" />
  <largest-consumer threadName="main" threadId="0000000000016F00" bytes="103482360" />
</allocation-stats>
<gc-op id="843" type="scavenge" timems="82.783" contextid="840" timestamp="2022-02-08T16:46:12.028">
  <scavenger-info tenureage="1" tenuremask="7ffe" tiltratio="67" />
  <memory-copied type="nursery" objects="1299876" bytes="73572152" bytesdiscarded="155992" />
  <memory-copied type="tenure" objects="1408610" bytes="78057800" bytesdiscarded="43808" />
  <object-monitors candidates="2" cleared="0"  />
</gc-op>
<gc-end id="844" type="scavenge" contextid="840" durationms="83.033" usertimems="327.367" systemtimems="0.000" stalltimems="2.829" timestamp="2022-02-08T16:46:12.028" activeThreads="4">
  <mem-info id="845" free="292345008" total="1073741824" percent="27">
    <mem type="nursery" free="108527472" total="268435456" percent="40">
      <mem type="allocate" free="108527472" total="182255616" percent="59" />
      <mem type="survivor" free="0" total="86179840" percent="0" />
    </mem>
    <mem type="tenure" free="183817536" total="805306368" percent="22" macro-fragmented="61018488">
      <mem type="soa" free="143551808" total="765040640" percent="18" />
      <mem type="loa" free="40265728" total="40265728" percent="100" />
    </mem>
    <remembered-set count="104" />
  </mem-info>
</gc-end>
<cycle-end id="846" type="scavenge" contextid="840" timestamp="2022-02-08T16:46:12.029" />
<allocation-satisfied id="847" threadId="0000000000016F00" bytesRequested="104" />
<af-end id="848" timestamp="2022-02-08T16:46:12.029" threadId="0000000000017908" success="true" from="nursery"/>
<exclusive-end id="849" timestamp="2022-02-08T16:46:12.029" durationms="83.292" />

<concurrent-kickoff id="850" timestamp="2022-02-08T16:46:12.927">
  <kickoff reason="threshold reached" targetBytes="85144152" thresholdFreeBytes="8309800"  remainingFree="8191856" tenureFreeBytes="183816576" nurseryFreeBytes="8191856" />
</concurrent-kickoff>
<exclusive-start id="851" timestamp="2022-02-08T16:46:12.930" intervalms="984.282">
  <response-info timems="0.024" idlems="0.024" threads="0" lastid="0000000000016F00" lastname="main" />
</exclusive-start>
<cycle-start id="852" type="global" contextid="0" timestamp="2022-02-08T16:46:12.930" intervalms="2988.445" />
<concurrent-start id="853" type="global mark" contextid="852" timestamp="2022-02-08T16:46:12.930">
</concurrent-start>
<exclusive-end id="854" timestamp="2022-02-08T16:46:12.930" durationms="0.029" />

<exclusive-start id="855" timestamp="2022-02-08T16:46:13.114" intervalms="184.404">
  <response-info timems="0.032" idlems="0.032" threads="0" lastid="0000000000016F00" lastname="main" />
</exclusive-start>
<af-start id="856" threadId="0000000000017908" totalBytesRequested="1347680" timestamp="2022-02-08T16:46:13.114" intervalms="1168.686" type="nursery" />
<cycle-start id="857" type="scavenge" contextid="0" timestamp="2022-02-08T16:46:13.114" intervalms="1168.685" />
<gc-start id="858" type="scavenge" contextid="857" timestamp="2022-02-08T16:46:13.114">
  <mem-info id="859" free="184013040" total="1073741824" percent="17">
    <mem type="nursery" free="196464" total="268435456" percent="0">
      <mem type="allocate" free="196464" total="182255616" percent="0" />
      <mem type="survivor" free="0" total="86179840" percent="0" />
    </mem>
    <mem type="tenure" free="183816576" total="805306368" percent="22">
      <mem type="soa" free="143550848" total="765040640" percent="18" />
      <mem type="loa" free="40265728" total="40265728" percent="100" />
    </mem>
    <remembered-set count="148" />
  </mem-info>
</gc-start>
<allocation-stats totalBytes="108285712" >
  <allocated-bytes non-tlh="1494608" tlh="106791104" />
  <largest-consumer threadName="main" threadId="0000000000016F00" bytes="108285712" />
</allocation-stats>
<gc-op id="860" type="scavenge" timems="85.746" contextid="857" timestamp="2022-02-08T16:46:13.200">
  <scavenger-info tenureage="1" tenuremask="7ffe" tiltratio="67" />
  <memory-copied type="nursery" objects="1454803" bytes="75609160" bytesdiscarded="162024" />
  <memory-copied type="tenure" objects="1299876" bytes="73572152" bytesdiscarded="37488" />
  <finalization candidates="110" enqueued="53" />
  <references type="soft" candidates="14" cleared="0" enqueued="0" dynamicThreshold="13" maxThreshold="32" />
  <references type="weak" candidates="1" cleared="0" enqueued="0" />
  <references type="phantom" candidates="95" cleared="7" enqueued="7" />
  <object-monitors candidates="2" cleared="0"  />
</gc-op>
<gc-end id="861" type="scavenge" contextid="857" durationms="85.951" usertimems="335.259" systemtimems="0.000" stalltimems="3.547" timestamp="2022-02-08T16:46:13.200" activeThreads="4">
  <mem-info id="862" free="217299840" total="1073741824" percent="20">
    <mem type="nursery" free="106942960" total="268435456" percent="39">
      <mem type="allocate" free="106942960" total="182714368" percent="58" />
      <mem type="survivor" free="0" total="85721088" percent="0" />
    </mem>
    <mem type="tenure" free="110356880" total="805306368" percent="13" macro-fragmented="0">
      <mem type="soa" free="70091152" total="765040640" percent="9" />
      <mem type="loa" free="40265728" total="40265728" percent="100" />
    </mem>
    <pending-finalizers system="52" default="1" reference="7" classloader="0" />
    <remembered-set count="143" />
  </mem-info>
</gc-end>
<cycle-end id="863" type="scavenge" contextid="857" timestamp="2022-02-08T16:46:13.200" />
<allocation-satisfied id="864" threadId="0000000000016F00" bytesRequested="1347680" />
<af-end id="865" timestamp="2022-02-08T16:46:13.227" threadId="0000000000017908" success="true" from="nursery"/>
<exclusive-end id="866" timestamp="2022-02-08T16:46:13.227" durationms="113.085" />

<concurrent-end id="867" type="global mark" contextid="852" timestamp="2022-02-08T16:46:13.251">
<gc-op id="868" type="trace" timems="321.537" contextid="852" timestamp="2022-02-08T16:46:13.251">
  <trace bytesTraced="74452124" workStackOverflowCount="0" />
  <card-cleaning reason="card cleaning threshold reached" bytesTraced="188" cardsCleaned="1" />
</gc-op>
</concurrent-end>

<exclusive-start id="869" timestamp="2022-02-08T16:46:13.251" intervalms="137.204">
  <response-info timems="0.019" idlems="0.019" threads="0" lastid="0000000000016F00" lastname="main" />
</exclusive-start>
<concurrent-global-final id="870" timestamp="2022-02-08T16:46:13.251" contextid="852" intervalms="2989.157" >
  <concurrent-trace-info reason="card cleaning threshold reached" tracedByMutators="59110772" tracedByHelpers="15341540" cardsCleaned="1" workStackOverflowCount="0" />
</concurrent-global-final>
<gc-start id="871" type="global" contextid="852" timestamp="2022-02-08T16:46:13.251">
  <mem-info id="872" free="214010656" total="1073741824" percent="19">
    <mem type="nursery" free="103653776" total="268435456" percent="38">
      <mem type="allocate" free="103653776" total="182714368" percent="56" />
      <mem type="survivor" free="0" total="85721088" percent="0" />
    </mem>
    <mem type="tenure" free="110356880" total="805306368" percent="13">
      <mem type="soa" free="70091152" total="765040640" percent="9" />
      <mem type="loa" free="40265728" total="40265728" percent="100" />
    </mem>
    <remembered-set count="144" />
  </mem-info>
</gc-start>
<allocation-stats totalBytes="3288088" >
  <allocated-bytes non-tlh="1347680" tlh="1940408" />
  <largest-consumer threadName="main" threadId="0000000000016F00" bytes="3279896" />
</allocation-stats>
<gc-op id="873" type="rs-scan" timems="148.521" contextid="852" timestamp="2022-02-08T16:46:13.400">
  <scan objectsFound="3324750" bytesTraced="71013588" workStackOverflowCount="0" />
</gc-op>
<gc-op id="874" type="card-cleaning" timems="0.273" contextid="852" timestamp="2022-02-08T16:46:13.400">
  <card-cleaning cardsCleaned="5" bytesTraced="7732" workStackOverflowCount="0" />
</gc-op>
<gc-op id="875" type="mark" timems="20.945" contextid="852" timestamp="2022-02-08T16:46:13.421">
  <trace-info objectcount="698027" scancount="525048" scanbytes="11268956" />
  <finalization candidates="428" enqueued="57" />
  <ownableSynchronizers candidates="1" cleared="0" />
  <references type="soft" candidates="1063" cleared="169" enqueued="162" dynamicThreshold="13" maxThreshold="32" />
  <references type="weak" candidates="1701" cleared="0" enqueued="0" />
  <references type="phantom" candidates="52" cleared="2" enqueued="2" />
  <stringconstants candidates="6467" cleared="2"  />
  <object-monitors candidates="2" cleared="0"  />
</gc-op>
<gc-op id="876" type="sweep" timems="4.988" contextid="852" timestamp="2022-02-08T16:46:13.426" />
<gc-end id="877" type="global" contextid="852" durationms="174.952" usertimems="190.381" systemtimems="0.000" stalltimems="62.581" timestamp="2022-02-08T16:46:13.426" activeThreads="4">
  <mem-info id="878" free="457615752" total="1073741824" percent="42">
    <mem type="nursery" free="104385848" total="268435456" percent="38">
      <mem type="allocate" free="104385848" total="182714368" percent="57" />
      <mem type="survivor" free="0" total="85721088" percent="0" />
    </mem>
    <mem type="tenure" free="353229904" total="805306368" percent="43" micro-fragmented="185752" macro-fragmented="0">
      <mem type="soa" free="312964176" total="765040640" percent="40" />
      <mem type="loa" free="40265728" total="40265728" percent="100" />
    </mem>
    <pending-finalizers system="57" default="0" reference="164" classloader="0" />
    <remembered-set count="126" />
  </mem-info>
</gc-end>
<cycle-end id="879" type="global" contextid="852" timestamp="2022-02-08T16:46:13.426" />
<exclusive-end id="880" timestamp="2022-02-08T16:46:13.426" durationms="175.147" />

<exclusive-start id="881" timestamp="2022-02-08T16:46:14.161" intervalms="910.193">
  <response-info timems="0.024" idlems="0.024" threads="0" lastid="0000000000016F00" lastname="main" />
</exclusive-start>
<af-start id="882" threadId="0000000000017908" totalBytesRequested="16" timestamp="2022-02-08T16:46:14.161" intervalms="1047.400" type="nursery" />
<cycle-start id="883" type="scavenge" contextid="0" timestamp="2022-02-08T16:46:14.162" intervalms="1047.399" />
<gc-start id="884" type="scavenge" contextid="883" timestamp="2022-02-08T16:46:14.162">
  <mem-info id="885" free="353229904" total="1073741824" percent="32">
    <mem type="nursery" free="0" total="268435456" percent="0">
      <mem type="allocate" free="0" total="182714368" percent="0" />
      <mem type="survivor" free="0" total="85721088" percent="0" />
    </mem>
    <mem type="tenure" free="353229904" total="805306368" percent="43">
      <mem type="soa" free="312964176" total="765040640" percent="40" />
      <mem type="loa" free="40265728" total="40265728" percent="100" />
    </mem>
    <remembered-set count="292" />
  </mem-info>
</gc-start>
<allocation-stats totalBytes="104334992" >
  <allocated-bytes non-tlh="0" tlh="104334992" />
  <largest-consumer threadName="main" threadId="0000000000016F00" bytes="104322720" />
</allocation-stats>
<gc-op id="886" type="scavenge" timems="95.397" contextid="883" timestamp="2022-02-08T16:46:14.257">
  <scavenger-info tenureage="1" tenuremask="7ffe" tiltratio="68" />
  <memory-copied type="nursery" objects="1368341" bytes="76959800" bytesdiscarded="356760" />
  <memory-copied type="tenure" objects="1454088" bytes="75141224" bytesdiscarded="40864" />
  <finalization candidates="57" enqueued="0" />
  <ownableSynchronizers candidates="2" cleared="2" />
  <object-monitors candidates="2" cleared="0"  />
</gc-op>
<gc-end id="887" type="scavenge" contextid="883" durationms="95.628" usertimems="377.938" systemtimems="0.775" stalltimems="1.651" timestamp="2022-02-08T16:46:14.257" activeThreads="4">
  <mem-info id="888" free="384264440" total="1073741824" percent="35">
    <mem type="nursery" free="106315312" total="268435456" percent="39">
      <mem type="allocate" free="106315312" total="183631872" percent="57" />
      <mem type="survivor" free="0" total="84803584" percent="0" />
    </mem>
    <mem type="tenure" free="277949128" total="805306368" percent="34" macro-fragmented="1500163">
      <mem type="soa" free="237683400" total="765040640" percent="31" />
      <mem type="loa" free="40265728" total="40265728" percent="100" />
    </mem>
    <remembered-set count="274" />
  </mem-info>
</gc-end>
<cycle-end id="889" type="scavenge" contextid="883" timestamp="2022-02-08T16:46:14.257" />
<allocation-satisfied id="890" threadId="0000000000016F00" bytesRequested="16" />
<af-end id="891" timestamp="2022-02-08T16:46:14.257" threadId="0000000000017908" success="true" from="nursery"/>
<exclusive-end id="892" timestamp="2022-02-08T16:46:14.257" durationms="95.944" />

<exclusive-start id="893" timestamp="2022-02-08T16:46:14.980" intervalms="818.241">
  <response-info timems="0.018" idlems="0.018" threads="0" lastid="0000000000016F00" lastname="main" />
</exclusive-start>
<af-start id="894" threadId="0000000000017908" totalBytesRequested="184" timestamp="2022-02-08T16:46:14.980" intervalms="818.240" type="nursery" />
<cycle-start id="895" type="scavenge" contextid="0" timestamp="2022-02-08T16:46:14.980" intervalms="818.240" />
<gc-start id="896" type="scavenge" contextid="895" timestamp="2022-02-08T16:46:14.980">
  <mem-info id="897" free="277949128" total="1073741824" percent="25">
    <mem type="nursery" free="0" total="268435456" percent="0">
      <mem type="allocate" free="0" total="183631872" percent="0" />
      <mem type="survivor" free="0" total="84803584" percent="0" />
    </mem>
    <mem type="tenure" free="277949128" total="805306368" percent="34">
      <mem type="soa" free="237683400" total="765040640" percent="31" />
      <mem type="loa" free="40265728" total="40265728" percent="100" />
    </mem>
    <remembered-set count="274" />
  </mem-info>
</gc-start>
<allocation-stats totalBytes="106264184" >
  <allocated-bytes non-tlh="16" tlh="106264168" />
  <largest-consumer threadName="main" threadId="0000000000016F00" bytes="106264184" />
</allocation-stats>
<gc-op id="898" type="scavenge" timems="86.311" contextid="895" timestamp="2022-02-08T16:46:15.066">
  <scavenger-info tenureage="1" tenuremask="7ffe" tiltratio="68" />
  <memory-copied type="nursery" objects="1331122" bytes="75546176" bytesdiscarded="204560" />
  <memory-copied type="tenure" objects="1368341" bytes="76959800" bytesdiscarded="38216" />
  <object-monitors candidates="2" cleared="0"  />
</gc-op>
<gc-end id="899" type="scavenge" contextid="895" durationms="86.532" usertimems="341.346" systemtimems="0.000" stalltimems="2.773" timestamp="2022-02-08T16:46:15.066" activeThreads="4">
  <mem-info id="900" free="308889064" total="1073741824" percent="28">
    <mem type="nursery" free="108208816" total="268435456" percent="40">
      <mem type="allocate" free="108208816" total="183959552" percent="58" />
      <mem type="survivor" free="0" total="84475904" percent="0" />
    </mem>
    <mem type="tenure" free="200680248" total="805306368" percent="24" macro-fragmented="119258368">
      <mem type="soa" free="160414520" total="765040640" percent="20" />
      <mem type="loa" free="40265728" total="40265728" percent="100" />
    </mem>
    <remembered-set count="265" />
  </mem-info>
</gc-end>
<cycle-end id="901" type="scavenge" contextid="895" timestamp="2022-02-08T16:46:15.066" />
<allocation-satisfied id="902" threadId="0000000000016F00" bytesRequested="184" />
<af-end id="903" timestamp="2022-02-08T16:46:15.066" threadId="0000000000017908" success="true" from="nursery"/>
<exclusive-end id="904" timestamp="2022-02-08T16:46:15.066" durationms="86.785" />

<exclusive-start id="905" timestamp="2022-02-08T16:46:15.993" intervalms="1013.511">
  <response-info timems="0.050" idlems="0.050" threads="0" lastid="0000000000016F00" lastname="main" />
</exclusive-start>
<af-start id="906" threadId="0000000000017908" totalBytesRequested="104" timestamp="2022-02-08T16:46:15.993" intervalms="1013.543" type="nursery" />
<cycle-start id="907" type="scavenge" contextid="0" timestamp="2022-02-08T16:46:15.993" intervalms="1013.547" />
<gc-start id="908" type="scavenge" contextid="907" timestamp="2022-02-08T16:46:15.993">
  <mem-info id="909" free="200679360" total="1073741824" percent="18">
    <mem type="nursery" free="0" total="268435456" percent="0">
      <mem type="allocate" free="0" total="183959552" percent="0" />
      <mem type="survivor" free="0" total="84475904" percent="0" />
    </mem>
    <mem type="tenure" free="200679360" total="805306368" percent="24">
      <mem type="soa" free="160413632" total="765040640" percent="20" />
      <mem type="loa" free="40265728" total="40265728" percent="100" />
    </mem>
    <remembered-set count="308" />
  </mem-info>
</gc-start>
<allocation-stats totalBytes="108163208" >
  <allocated-bytes non-tlh="1494616" tlh="106668592" />
  <largest-consumer threadName="main" threadId="0000000000016F00" bytes="108163208" />
</allocation-stats>
<gc-op id="910" type="scavenge" timems="88.582" contextid="907" timestamp="2022-02-08T16:46:16.082">
  <scavenger-info tenureage="1" tenuremask="7ffe" tiltratio="68" />
  <memory-copied type="nursery" objects="1489897" bytes="76166488" bytesdiscarded="44872" />
  <memory-copied type="tenure" objects="1331121" bytes="75546072" bytesdiscarded="39544" />
  <finalization candidates="109" enqueued="53" />
  <references type="soft" candidates="14" cleared="0" enqueued="0" dynamicThreshold="14" maxThreshold="32" />
  <references type="weak" candidates="2" cleared="1" enqueued="1" />
  <references type="phantom" candidates="94" cleared="7" enqueued="7" />
  <object-monitors candidates="2" cleared="0"  />
</gc-op>
<gc-end id="911" type="scavenge" contextid="907" durationms="88.843" usertimems="349.273" systemtimems="0.159" stalltimems="4.132" timestamp="2022-02-08T16:46:16.082" activeThreads="4">
  <mem-info id="912" free="233329856" total="1073741824" percent="21">
    <mem type="nursery" free="108010160" total="268435456" percent="40">
      <mem type="allocate" free="108010160" total="184221696" percent="58" />
      <mem type="survivor" free="0" total="84213760" percent="0" />
    </mem>
    <mem type="tenure" free="125319696" total="805306368" percent="15" macro-fragmented="0">
      <mem type="soa" free="85053968" total="765040640" percent="11" />
      <mem type="loa" free="40265728" total="40265728" percent="100" />
    </mem>
    <pending-finalizers system="52" default="1" reference="8" classloader="0" />
    <remembered-set count="142" />
  </mem-info>
</gc-end>
<cycle-end id="913" type="scavenge" contextid="907" timestamp="2022-02-08T16:46:16.082" />
<allocation-satisfied id="914" threadId="0000000000016F00" bytesRequested="104" />
<af-end id="915" timestamp="2022-02-08T16:46:16.082" threadId="0000000000017908" success="true" from="nursery"/>
<exclusive-end id="916" timestamp="2022-02-08T16:46:16.082" durationms="89.134" />

<concurrent-kickoff id="917" timestamp="2022-02-08T16:46:16.780">
  <kickoff reason="threshold reached" targetBytes="82992591" thresholdFreeBytes="7850593"  remainingFree="7740080" tenureFreeBytes="125319696" nurseryFreeBytes="7740080" />
</concurrent-kickoff>
<exclusive-start id="918" timestamp="2022-02-08T16:46:16.784" intervalms="790.346">
  <response-info timems="0.023" idlems="0.023" threads="0" lastid="0000000000016F00" lastname="main" />
</exclusive-start>
<cycle-start id="919" type="global" contextid="0" timestamp="2022-02-08T16:46:16.784" intervalms="3853.898" />
<concurrent-start id="920" type="global mark" contextid="919" timestamp="2022-02-08T16:46:16.784">
</concurrent-start>
<exclusive-end id="921" timestamp="2022-02-08T16:46:16.784" durationms="0.029" />

<exclusive-start id="922" timestamp="2022-02-08T16:46:16.962" intervalms="178.569">
  <response-info timems="0.097" idlems="0.097" threads="0" lastid="0000000000016F00" lastname="main" />
</exclusive-start>
<af-start id="923" threadId="0000000000017908" totalBytesRequested="40" timestamp="2022-02-08T16:46:16.962" intervalms="968.908" type="nursery" />
<cycle-start id="924" type="scavenge" contextid="0" timestamp="2022-02-08T16:46:16.962" intervalms="968.905" />
<gc-start id="925" type="scavenge" contextid="924" timestamp="2022-02-08T16:46:16.962">
  <mem-info id="926" free="125319696" total="1073741824" percent="11">
    <mem type="nursery" free="0" total="268435456" percent="0">
      <mem type="allocate" free="0" total="184221696" percent="0" />
      <mem type="survivor" free="0" total="84213760" percent="0" />
    </mem>
    <mem type="tenure" free="125319696" total="805306368" percent="15">
      <mem type="soa" free="85053968" total="765040640" percent="11" />
      <mem type="loa" free="40265728" total="40265728" percent="100" />
    </mem>
    <remembered-set count="143" />
  </mem-info>
</gc-start>
<allocation-stats totalBytes="107958336" >
  <allocated-bytes non-tlh="1347784" tlh="106610552" />
  <largest-consumer threadName="main" threadId="0000000000016F00" bytes="107950144" />
</allocation-stats>
<gc-op id="927" type="scavenge" timems="83.024" contextid="924" timestamp="2022-02-08T16:46:17.045">
  <scavenger-info tenureage="1" tenuremask="7ffe" tiltratio="68" />
  <memory-copied type="nursery" objects="1352357" bytes="77254464" bytesdiscarded="213112" />
  <memory-copied type="tenure" objects="1489174" bytes="75223152" bytesdiscarded="34680" />
  <finalization candidates="57" enqueued="0" />
  <references type="phantom" candidates="1" cleared="0" enqueued="0" />
  <object-monitors candidates="2" cleared="0"  />
</gc-op>
<gc-end id="928" type="scavenge" contextid="924" durationms="83.296" usertimems="326.357" systemtimems="0.359" stalltimems="4.560" timestamp="2022-02-08T16:46:17.046" activeThreads="4">
  <mem-info id="929" free="156384480" total="1073741824" percent="14">
    <mem type="nursery" free="106426440" total="268435456" percent="39">
      <mem type="allocate" free="106426440" total="183894016" percent="57" />
      <mem type="survivor" free="0" total="84541440" percent="0" />
    </mem>
    <mem type="tenure" free="49958040" total="805306368" percent="6" macro-fragmented="39939376">
      <mem type="soa" free="9692312" total="765040640" percent="1" />
      <mem type="loa" free="40265728" total="40265728" percent="100" />
    </mem>
    <remembered-set count="111" />
  </mem-info>
</gc-end>
<cycle-end id="930" type="scavenge" contextid="924" timestamp="2022-02-08T16:46:17.046" />
<allocation-satisfied id="931" threadId="0000000000016F00" bytesRequested="40" />
<af-end id="932" timestamp="2022-02-08T16:46:17.046" threadId="0000000000017908" success="true" from="nursery"/>
<exclusive-end id="933" timestamp="2022-02-08T16:46:17.046" durationms="83.682" />

<concurrent-end id="934" type="global mark" contextid="919" timestamp="2022-02-08T16:46:17.096">
<gc-op id="935" type="trace" timems="312.617" contextid="919" timestamp="2022-02-08T16:46:17.096">
  <trace bytesTraced="74426844" workStackOverflowCount="0" />
  <card-cleaning reason="card cleaning threshold reached" bytesTraced="188" cardsCleaned="1" />
</gc-op>
</concurrent-end>

<exclusive-start id="936" timestamp="2022-02-08T16:46:17.096" intervalms="134.121">
  <response-info timems="0.020" idlems="0.020" threads="0" lastid="0000000000016F00" lastname="main" />
</exclusive-start>
<concurrent-global-final id="937" timestamp="2022-02-08T16:46:17.096" contextid="919" intervalms="3844.983" >
  <concurrent-trace-info reason="card cleaning threshold reached" tracedByMutators="54654116" tracedByHelpers="19772916" cardsCleaned="1" workStackOverflowCount="0" />
</concurrent-global-final>
<gc-start id="938" type="global" contextid="919" timestamp="2022-02-08T16:46:17.096">
  <mem-info id="939" free="153140408" total="1073741824" percent="14">
    <mem type="nursery" free="103182368" total="268435456" percent="38">
      <mem type="allocate" free="103182368" total="183894016" percent="56" />
      <mem type="survivor" free="0" total="84541440" percent="0" />
    </mem>
    <mem type="tenure" free="49958040" total="805306368" percent="6">
      <mem type="soa" free="9692312" total="765040640" percent="1" />
      <mem type="loa" free="40265728" total="40265728" percent="100" />
    </mem>
    <remembered-set count="111" />
  </mem-info>
</gc-start>
<allocation-stats totalBytes="3241976" >
  <allocated-bytes non-tlh="40" tlh="3241936" />
  <largest-consumer threadName="main" threadId="0000000000016F00" bytes="3241976" />
</allocation-stats>
<heap-resize id="940" type="loa contract" space="tenure" amount="8052736" count="1" timems="0.000" reason="contract underutilized loa" timestamp="2022-02-08T16:46:17.096" />
<gc-op id="941" type="rs-scan" timems="0.828" contextid="919" timestamp="2022-02-08T16:46:17.097">
  <scan objectsFound="45" bytesTraced="6332" workStackOverflowCount="0" />
</gc-op>
<gc-op id="942" type="card-cleaning" timems="153.026" contextid="919" timestamp="2022-02-08T16:46:17.250">
  <card-cleaning cardsCleaned="11" bytesTraced="71016636" workStackOverflowCount="0" />
</gc-op>
<gc-op id="943" type="mark" timems="53.517" contextid="919" timestamp="2022-02-08T16:46:17.304">
  <trace-info objectcount="1825619" scancount="1370742" scanbytes="29310184" />
  <finalization candidates="428" enqueued="57" />
  <ownableSynchronizers candidates="1" cleared="0" />
  <references type="soft" candidates="894" cleared="0" enqueued="0" dynamicThreshold="14" maxThreshold="32" />
  <references type="weak" candidates="1701" cleared="0" enqueued="0" />
  <references type="phantom" candidates="52" cleared="2" enqueued="2" />
  <stringconstants candidates="6471" cleared="1"  />
  <object-monitors candidates="2" cleared="0"  />
</gc-op>
<gc-op id="944" type="classunload" timems="0.236" contextid="919" timestamp="2022-02-08T16:46:17.304">
  <classunload-info classloadercandidates="12" classloadersunloaded="1" classesunloaded="1" anonymousclassesunloaded="0" quiescems="0.000" setupms="0.226" scanms="0.008" postms="0.002" />
</gc-op>
<gc-op id="945" type="sweep" timems="5.054" contextid="919" timestamp="2022-02-08T16:46:17.309" />
<gc-end id="946" type="global" contextid="919" durationms="212.934" usertimems="228.502" systemtimems="0.000" stalltimems="160.603" timestamp="2022-02-08T16:46:17.309" activeThreads="4">
  <mem-info id="947" free="396427752" total="1073741824" percent="36">
    <mem type="nursery" free="103487296" total="268435456" percent="38">
      <mem type="allocate" free="103487296" total="183894016" percent="56" />
      <mem type="survivor" free="0" total="84541440" percent="0" />
    </mem>
    <mem type="tenure" free="292940456" total="805306368" percent="36" micro-fragmented="245690" macro-fragmented="2592282">
      <mem type="soa" free="260727464" total="773093376" percent="33" />
      <mem type="loa" free="32212992" total="32212992" percent="100" />
    </mem>
    <pending-finalizers system="57" default="0" reference="2" classloader="0" />
    <remembered-set count="111" />
  </mem-info>
</gc-end>
<cycle-end id="948" type="global" contextid="919" timestamp="2022-02-08T16:46:17.310" />
<exclusive-end id="949" timestamp="2022-02-08T16:46:17.310" durationms="213.341" />

<exclusive-start id="950" timestamp="2022-02-08T16:46:17.991" intervalms="894.754">
  <response-info timems="0.022" idlems="0.022" threads="0" lastid="0000000000016F00" lastname="main" />
</exclusive-start>
<af-start id="951" threadId="0000000000017908" totalBytesRequested="24" timestamp="2022-02-08T16:46:17.991" intervalms="1028.870" type="nursery" />
<cycle-start id="952" type="scavenge" contextid="0" timestamp="2022-02-08T16:46:17.991" intervalms="1028.881" />
<gc-start id="953" type="scavenge" contextid="952" timestamp="2022-02-08T16:46:17.991">
  <mem-info id="954" free="292940456" total="1073741824" percent="27">
    <mem type="nursery" free="0" total="268435456" percent="0">
      <mem type="allocate" free="0" total="183894016" percent="0" />
      <mem type="survivor" free="0" total="84541440" percent="0" />
    </mem>
    <mem type="tenure" free="292940456" total="805306368" percent="36">
      <mem type="soa" free="260727464" total="773093376" percent="33" />
      <mem type="loa" free="32212992" total="32212992" percent="100" />
    </mem>
    <remembered-set count="114" />
  </mem-info>
</gc-start>
<allocation-stats totalBytes="103438624" >
  <allocated-bytes non-tlh="0" tlh="103438624" />
  <largest-consumer threadName="main" threadId="0000000000016F00" bytes="103434528" />
</allocation-stats>
<gc-op id="955" type="scavenge" timems="82.061" contextid="952" timestamp="2022-02-08T16:46:18.073">
  <scavenger-info tenureage="1" tenuremask="7ffe" tiltratio="68" />
  <memory-copied type="nursery" objects="1344019" bytes="75771544" bytesdiscarded="217448" />
  <memory-copied type="tenure" objects="1352357" bytes="77254464" bytesdiscarded="41496" />
  <finalization candidates="1" enqueued="0" />
  <ownableSynchronizers candidates="2" cleared="2" />
  <object-monitors candidates="2" cleared="0"  />
</gc-op>
<gc-end id="956" type="scavenge" contextid="952" durationms="82.255" usertimems="324.274" systemtimems="0.068" stalltimems="3.014" timestamp="2022-02-08T16:46:18.073" activeThreads="4">
  <mem-info id="957" free="323654472" total="1073741824" percent="30">
    <mem type="nursery" free="108101632" total="268435456" percent="40">
      <mem type="allocate" free="108101632" total="184090624" percent="58" />
      <mem type="survivor" free="0" total="84344832" percent="0" />
    </mem>
    <mem type="tenure" free="215552840" total="805306368" percent="26" macro-fragmented="0">
      <mem type="soa" free="183339848" total="773093376" percent="23" />
      <mem type="loa" free="32212992" total="32212992" percent="100" />
    </mem>
    <remembered-set count="105" />
  </mem-info>
</gc-end>
<cycle-end id="958" type="scavenge" contextid="952" timestamp="2022-02-08T16:46:18.074" />
<allocation-satisfied id="959" threadId="0000000000016F00" bytesRequested="24" />
<af-end id="960" timestamp="2022-02-08T16:46:18.074" threadId="0000000000017908" success="true" from="nursery"/>
<exclusive-end id="961" timestamp="2022-02-08T16:46:18.074" durationms="82.548" />

<exclusive-start id="962" timestamp="2022-02-08T16:46:18.995" intervalms="1003.782">
  <response-info timems="0.018" idlems="0.018" threads="0" lastid="0000000000016F00" lastname="main" />
</exclusive-start>
<af-start id="963" threadId="0000000000017908" totalBytesRequested="24" timestamp="2022-02-08T16:46:18.995" intervalms="1003.764" type="nursery" />
<cycle-start id="964" type="scavenge" contextid="0" timestamp="2022-02-08T16:46:18.995" intervalms="1003.752" />
<gc-start id="965" type="scavenge" contextid="964" timestamp="2022-02-08T16:46:18.995">
  <mem-info id="966" free="215552840" total="1073741824" percent="20">
    <mem type="nursery" free="0" total="268435456" percent="0">
      <mem type="allocate" free="0" total="184090624" percent="0" />
      <mem type="survivor" free="0" total="84344832" percent="0" />
    </mem>
    <mem type="tenure" free="215552840" total="805306368" percent="26">
      <mem type="soa" free="183339848" total="773093376" percent="23" />
      <mem type="loa" free="32212992" total="32212992" percent="100" />
    </mem>
    <remembered-set count="136" />
  </mem-info>
</gc-start>
<allocation-stats totalBytes="108056872" >
  <allocated-bytes non-tlh="1018440" tlh="107038432" />
  <largest-consumer threadName="main" threadId="0000000000016F00" bytes="108056872" />
</allocation-stats>
<gc-op id="967" type="scavenge" timems="84.946" contextid="964" timestamp="2022-02-08T16:46:19.080">
  <scavenger-info tenureage="1" tenuremask="7ffe" tiltratio="68" />
  <memory-copied type="nursery" objects="1497895" bytes="76134952" bytesdiscarded="86248" />
  <memory-copied type="tenure" objects="1344019" bytes="75771544" bytesdiscarded="38896" />
  <finalization candidates="108" enqueued="53" />
  <references type="soft" candidates="14" cleared="0" enqueued="0" dynamicThreshold="11" maxThreshold="32" />
  <references type="weak" candidates="1" cleared="0" enqueued="0" />
  <references type="phantom" candidates="93" cleared="7" enqueued="7" />
  <object-monitors candidates="2" cleared="0"  />
</gc-op>
<gc-end id="968" type="scavenge" contextid="964" durationms="85.117" usertimems="323.018" systemtimems="0.466" stalltimems="3.144" timestamp="2022-02-08T16:46:19.080" activeThreads="4">
  <mem-info id="969" free="247896984" total="1073741824" percent="23">
    <mem type="nursery" free="108196976" total="268435456" percent="40">
      <mem type="allocate" free="108196976" total="184418304" percent="58" />
      <mem type="survivor" free="0" total="84017152" percent="0" />
    </mem>
    <mem type="tenure" free="139700008" total="805306368" percent="17" macro-fragmented="0">
      <mem type="soa" free="107487016" total="773093376" percent="13" />
      <mem type="loa" free="32212992" total="32212992" percent="100" />
    </mem>
    <pending-finalizers system="52" default="1" reference="7" classloader="0" />
    <remembered-set count="131" />
  </mem-info>
</gc-end>
<cycle-end id="970" type="scavenge" contextid="964" timestamp="2022-02-08T16:46:19.080" />
<allocation-satisfied id="971" threadId="0000000000016F00" bytesRequested="24" />
<af-end id="972" timestamp="2022-02-08T16:46:19.080" threadId="0000000000017908" success="true" from="nursery"/>
<exclusive-end id="973" timestamp="2022-02-08T16:46:19.080" durationms="85.405" />

<concurrent-kickoff id="974" timestamp="2022-02-08T16:46:19.799">
  <kickoff reason="threshold reached" targetBytes="81270245" thresholdFreeBytes="7528617"  remainingFree="7439360" tenureFreeBytes="139700008" nurseryFreeBytes="7439360" />
</concurrent-kickoff>
<exclusive-start id="975" timestamp="2022-02-08T16:46:19.801" intervalms="806.728">
  <response-info timems="0.023" idlems="0.023" threads="0" lastid="0000000000016F00" lastname="main" />
</exclusive-start>
<cycle-start id="976" type="global" contextid="0" timestamp="2022-02-08T16:46:19.802" intervalms="3017.953" />
<concurrent-start id="977" type="global mark" contextid="976" timestamp="2022-02-08T16:46:19.802">
</concurrent-start>
<exclusive-end id="978" timestamp="2022-02-08T16:46:19.802" durationms="0.027" />

<exclusive-start id="979" timestamp="2022-02-08T16:46:19.979" intervalms="177.777">
  <response-info timems="0.040" idlems="0.040" threads="0" lastid="0000000000016F00" lastname="main" />
</exclusive-start>
<af-start id="980" threadId="0000000000017908" totalBytesRequested="184" timestamp="2022-02-08T16:46:19.979" intervalms="984.504" type="nursery" />
<cycle-start id="981" type="scavenge" contextid="0" timestamp="2022-02-08T16:46:19.979" intervalms="984.506" />
<gc-start id="982" type="scavenge" contextid="981" timestamp="2022-02-08T16:46:19.979">
  <mem-info id="983" free="139700008" total="1073741824" percent="13">
    <mem type="nursery" free="0" total="268435456" percent="0">
      <mem type="allocate" free="0" total="184418304" percent="0" />
      <mem type="survivor" free="0" total="84017152" percent="0" />
    </mem>
    <mem type="tenure" free="139700008" total="805306368" percent="17">
      <mem type="soa" free="107487016" total="773093376" percent="13" />
      <mem type="loa" free="32212992" total="32212992" percent="100" />
    </mem>
    <remembered-set count="132" />
  </mem-info>
</gc-start>
<allocation-stats totalBytes="108145296" >
  <allocated-bytes non-tlh="1822832" tlh="106322464" />
  <largest-consumer threadName="main" threadId="0000000000016F00" bytes="108137104" />
</allocation-stats>
<gc-op id="984" type="scavenge" timems="88.691" contextid="981" timestamp="2022-02-08T16:46:20.068">
  <scavenger-info tenureage="1" tenuremask="7ffe" tiltratio="68" />
  <memory-copied type="nursery" objects="1348401" bytes="77069184" bytesdiscarded="145432" />
  <memory-copied type="tenure" objects="1497176" bytes="75497192" bytesdiscarded="33984" />
  <finalization candidates="57" enqueued="0" />
  <references type="phantom" candidates="2" cleared="0" enqueued="0" />
  <object-monitors candidates="2" cleared="0"  />
</gc-op>
<gc-end id="985" type="scavenge" contextid="981" durationms="88.908" usertimems="344.352" systemtimems="0.000" stalltimems="4.154" timestamp="2022-02-08T16:46:20.068" activeThreads="4">
  <mem-info id="986" free="171199688" total="1073741824" percent="15">
    <mem type="nursery" free="107007080" total="268435456" percent="39">
      <mem type="allocate" free="107007080" total="184221696" percent="58" />
      <mem type="survivor" free="0" total="84213760" percent="0" />
    </mem>
    <mem type="tenure" free="64192608" total="805306368" percent="7" macro-fragmented="0">
      <mem type="soa" free="31979616" total="773093376" percent="4" />
      <mem type="loa" free="32212992" total="32212992" percent="100" />
    </mem>
    <remembered-set count="102" />
  </mem-info>
</gc-end>
<cycle-end id="987" type="scavenge" contextid="981" timestamp="2022-02-08T16:46:20.068" />
<allocation-satisfied id="988" threadId="0000000000016F00" bytesRequested="184" />
<af-end id="989" timestamp="2022-02-08T16:46:20.068" threadId="0000000000017908" success="true" from="nursery"/>
<exclusive-end id="990" timestamp="2022-02-08T16:46:20.068" durationms="89.182" />

<concurrent-end id="991" type="global mark" contextid="976" timestamp="2022-02-08T16:46:20.130">
<gc-op id="992" type="trace" timems="328.857" contextid="976" timestamp="2022-02-08T16:46:20.130">
  <trace bytesTraced="74427652" workStackOverflowCount="0" />
  <card-cleaning reason="card cleaning threshold reached" bytesTraced="188" cardsCleaned="1" />
</gc-op>
</concurrent-end>

<exclusive-start id="993" timestamp="2022-02-08T16:46:20.130" intervalms="151.151">
  <response-info timems="0.020" idlems="0.020" threads="0" lastid="0000000000016F00" lastname="main" />
</exclusive-start>
<concurrent-global-final id="994" timestamp="2022-02-08T16:46:20.130" contextid="976" intervalms="3034.191" >
  <concurrent-trace-info reason="card cleaning threshold reached" tracedByMutators="53595988" tracedByHelpers="20831852" cardsCleaned="1" workStackOverflowCount="0" />
</concurrent-global-final>
<gc-start id="995" type="global" contextid="976" timestamp="2022-02-08T16:46:20.130">
  <mem-info id="996" free="165858320" total="1073741824" percent="15">
    <mem type="nursery" free="101665712" total="268435456" percent="37">
      <mem type="allocate" free="101665712" total="184221696" percent="55" />
      <mem type="survivor" free="0" total="84213760" percent="0" />
    </mem>
    <mem type="tenure" free="64192608" total="805306368" percent="7">
      <mem type="soa" free="31979616" total="773093376" percent="4" />
      <mem type="loa" free="32212992" total="32212992" percent="100" />
    </mem>
    <remembered-set count="102" />
  </mem-info>
</gc-start>
<allocation-stats totalBytes="5337552" >
  <allocated-bytes non-tlh="184" tlh="5337368" />
  <largest-consumer threadName="main" threadId="0000000000016F00" bytes="5337552" />
</allocation-stats>
<heap-resize id="997" type="loa contract" space="tenure" amount="8053760" count="1" timems="0.000" reason="contract underutilized loa" timestamp="2022-02-08T16:46:20.131" />
<gc-op id="998" type="rs-scan" timems="0.509" contextid="976" timestamp="2022-02-08T16:46:20.131">
  <scan objectsFound="29" bytesTraced="5420" workStackOverflowCount="0" />
</gc-op>
<gc-op id="999" type="card-cleaning" timems="161.661" contextid="976" timestamp="2022-02-08T16:46:20.293">
  <card-cleaning cardsCleaned="9" bytesTraced="71014832" workStackOverflowCount="0" />
</gc-op>
<gc-op id="1000" type="mark" timems="43.020" contextid="976" timestamp="2022-02-08T16:46:20.336">
  <trace-info objectcount="1602871" scancount="1203681" scanbytes="25746216" />
  <finalization candidates="428" enqueued="57" />
  <ownableSynchronizers candidates="1" cleared="0" />
  <references type="soft" candidates="894" cleared="0" enqueued="0" dynamicThreshold="11" maxThreshold="32" />
  <references type="weak" candidates="1701" cleared="0" enqueued="0" />
  <references type="phantom" candidates="52" cleared="2" enqueued="2" />
  <stringconstants candidates="6470" cleared="0"  />
  <object-monitors candidates="2" cleared="0"  />
</gc-op>
<gc-op id="1001" type="sweep" timems="4.941" contextid="976" timestamp="2022-02-08T16:46:20.341" />
<gc-end id="1002" type="global" contextid="976" durationms="210.420" usertimems="225.170" systemtimems="0.364" stalltimems="128.927" timestamp="2022-02-08T16:46:20.341" activeThreads="4">
  <mem-info id="1003" free="408929496" total="1073741824" percent="38">
    <mem type="nursery" free="101901552" total="268435456" percent="37">
      <mem type="allocate" free="101901552" total="184221696" percent="55" />
      <mem type="survivor" free="0" total="84213760" percent="0" />
    </mem>
    <mem type="tenure" free="307027944" total="805306368" percent="38" micro-fragmented="276753" macro-fragmented="0">
      <mem type="soa" free="282868712" total="781147136" percent="36" />
      <mem type="loa" free="24159232" total="24159232" percent="100" />
    </mem>
    <pending-finalizers system="57" default="0" reference="2" classloader="0" />
    <remembered-set count="102" />
  </mem-info>
</gc-end>
<cycle-end id="1004" type="global" contextid="976" timestamp="2022-02-08T16:46:20.341" />
<exclusive-end id="1005" timestamp="2022-02-08T16:46:20.341" durationms="210.681" />

<exclusive-start id="1006" timestamp="2022-02-08T16:46:21.064" intervalms="933.098">
  <response-info timems="0.025" idlems="0.025" threads="0" lastid="0000000000016F00" lastname="main" />
</exclusive-start>
<af-start id="1007" threadId="0000000000017908" totalBytesRequested="104" timestamp="2022-02-08T16:46:21.064" intervalms="1084.249" type="nursery" />
<cycle-start id="1008" type="scavenge" contextid="0" timestamp="2022-02-08T16:46:21.064" intervalms="1084.247" />
<gc-start id="1009" type="scavenge" contextid="1008" timestamp="2022-02-08T16:46:21.064">
  <mem-info id="1010" free="307027944" total="1073741824" percent="28">
    <mem type="nursery" free="0" total="268435456" percent="0">
      <mem type="allocate" free="0" total="184221696" percent="0" />
      <mem type="survivor" free="0" total="84213760" percent="0" />
    </mem>
    <mem type="tenure" free="307027944" total="805306368" percent="38">
      <mem type="soa" free="282868712" total="781147136" percent="36" />
      <mem type="loa" free="24159232" total="24159232" percent="100" />
    </mem>
    <remembered-set count="105" />
  </mem-info>
</gc-start>
<allocation-stats totalBytes="101851560" >
  <allocated-bytes non-tlh="0" tlh="101851560" />
  <largest-consumer threadName="main" threadId="0000000000016F00" bytes="101847464" />
</allocation-stats>
<gc-op id="1011" type="scavenge" timems="87.101" contextid="1008" timestamp="2022-02-08T16:46:21.151">
  <scavenger-info tenureage="1" tenuremask="7ffe" tiltratio="68" />
  <memory-copied type="nursery" objects="1347882" bytes="76135344" bytesdiscarded="262312" />
  <memory-copied type="tenure" objects="1348400" bytes="77069080" bytesdiscarded="40024" />
  <finalization candidates="2" enqueued="0" />
  <ownableSynchronizers candidates="2" cleared="2" />
  <object-monitors candidates="2" cleared="0"  />
</gc-op>
<gc-end id="1012" type="scavenge" contextid="1008" durationms="87.336" usertimems="345.316" systemtimems="0.000" stalltimems="2.129" timestamp="2022-02-08T16:46:21.151" activeThreads="4">
  <mem-info id="1013" free="337803912" total="1073741824" percent="31">
    <mem type="nursery" free="108020648" total="268435456" percent="40">
      <mem type="allocate" free="108020648" total="184418304" percent="58" />
      <mem type="survivor" free="0" total="84017152" percent="0" />
    </mem>
    <mem type="tenure" free="229783264" total="805306368" percent="28" macro-fragmented="0">
      <mem type="soa" free="205624032" total="781147136" percent="26" />
      <mem type="loa" free="24159232" total="24159232" percent="100" />
    </mem>
    <remembered-set count="105" />
  </mem-info>
</gc-end>
<cycle-end id="1014" type="scavenge" contextid="1008" timestamp="2022-02-08T16:46:21.151" />
<allocation-satisfied id="1015" threadId="0000000000016F00" bytesRequested="104" />
<af-end id="1016" timestamp="2022-02-08T16:46:21.151" threadId="0000000000017908" success="true" from="nursery"/>
<exclusive-end id="1017" timestamp="2022-02-08T16:46:21.151" durationms="87.632" />

<exclusive-start id="1018" timestamp="2022-02-08T16:46:21.929" intervalms="865.861">
  <response-info timems="0.021" idlems="0.021" threads="0" lastid="0000000000016F00" lastname="main" />
</exclusive-start>
<af-start id="1019" threadId="0000000000017908" totalBytesRequested="104" timestamp="2022-02-08T16:46:21.929" intervalms="865.863" type="nursery" />
<cycle-start id="1020" type="scavenge" contextid="0" timestamp="2022-02-08T16:46:21.929" intervalms="865.865" />
<gc-start id="1021" type="scavenge" contextid="1020" timestamp="2022-02-08T16:46:21.929">
  <mem-info id="1022" free="229783264" total="1073741824" percent="21">
    <mem type="nursery" free="0" total="268435456" percent="0">
      <mem type="allocate" free="0" total="184418304" percent="0" />
      <mem type="survivor" free="0" total="84017152" percent="0" />
    </mem>
    <mem type="tenure" free="229783264" total="805306368" percent="28">
      <mem type="soa" free="205624032" total="781147136" percent="26" />
      <mem type="loa" free="24159232" total="24159232" percent="100" />
    </mem>
    <remembered-set count="119" />
  </mem-info>
</gc-start>
<allocation-stats totalBytes="107971920" >
  <allocated-bytes non-tlh="453808" tlh="107518112" />
  <largest-consumer threadName="main" threadId="0000000000016F00" bytes="107971920" />
</allocation-stats>
<gc-op id="1023" type="scavenge" timems="91.925" contextid="1020" timestamp="2022-02-08T16:46:22.021">
  <scavenger-info tenureage="1" tenuremask="7ffe" tiltratio="68" />
  <memory-copied type="nursery" objects="1370278" bytes="76453160" bytesdiscarded="182336" />
  <memory-copied type="tenure" objects="1347882" bytes="76135344" bytesdiscarded="37384" />
  <finalization candidates="35" enqueued="18" />
  <references type="phantom" candidates="35" cleared="0" enqueued="0" />
  <object-monitors candidates="2" cleared="0"  />
</gc-op>
<gc-end id="1024" type="scavenge" contextid="1020" durationms="92.213" usertimems="363.888" systemtimems="0.526" stalltimems="2.241" timestamp="2022-02-08T16:46:22.022" activeThreads="4">
  <mem-info id="1025" free="261493304" total="1073741824" percent="24">
    <mem type="nursery" free="107979416" total="268435456" percent="40">
      <mem type="allocate" free="107979416" total="184614912" percent="58" />
      <mem type="survivor" free="0" total="83820544" percent="0" />
    </mem>
    <mem type="tenure" free="153513888" total="805306368" percent="19" macro-fragmented="33282812">
      <mem type="soa" free="129354656" total="781147136" percent="16" />
      <mem type="loa" free="24159232" total="24159232" percent="100" />
    </mem>
    <pending-finalizers system="18" default="0" reference="0" classloader="0" />
    <remembered-set count="119" />
  </mem-info>
</gc-end>
<cycle-end id="1026" type="scavenge" contextid="1020" timestamp="2022-02-08T16:46:22.022" />
<allocation-satisfied id="1027" threadId="0000000000016F00" bytesRequested="104" />
<af-end id="1028" timestamp="2022-02-08T16:46:22.022" threadId="0000000000017908" success="true" from="nursery"/>
<exclusive-end id="1029" timestamp="2022-02-08T16:46:22.022" durationms="92.513" />

<concurrent-kickoff id="1030" timestamp="2022-02-08T16:46:22.896">
  <kickoff reason="threshold reached" targetBytes="79895297" thresholdFreeBytes="7282729"  remainingFree="7250584" tenureFreeBytes="153513888" nurseryFreeBytes="7250584" />
</concurrent-kickoff>
<exclusive-start id="1031" timestamp="2022-02-08T16:46:22.899" intervalms="969.536">
  <response-info timems="0.021" idlems="0.021" threads="0" lastid="0000000000016F00" lastname="main" />
</exclusive-start>
<cycle-start id="1032" type="global" contextid="0" timestamp="2022-02-08T16:46:22.899" intervalms="3097.424" />
<concurrent-start id="1033" type="global mark" contextid="1032" timestamp="2022-02-08T16:46:22.899">
</concurrent-start>
<exclusive-end id="1034" timestamp="2022-02-08T16:46:22.899" durationms="0.028" />

<exclusive-start id="1035" timestamp="2022-02-08T16:46:23.067" intervalms="168.495">
  <response-info timems="0.032" idlems="0.032" threads="0" lastid="0000000000016F00" lastname="main" />
</exclusive-start>
<af-start id="1036" threadId="0000000000017908" totalBytesRequested="24" timestamp="2022-02-08T16:46:23.067" intervalms="1138.036" type="nursery" />
<cycle-start id="1037" type="scavenge" contextid="0" timestamp="2022-02-08T16:46:23.067" intervalms="1138.034" />
<gc-start id="1038" type="scavenge" contextid="1037" timestamp="2022-02-08T16:46:23.068">
  <mem-info id="1039" free="153513888" total="1073741824" percent="14">
    <mem type="nursery" free="0" total="268435456" percent="0">
      <mem type="allocate" free="0" total="184614912" percent="0" />
      <mem type="survivor" free="0" total="83820544" percent="0" />
    </mem>
    <mem type="tenure" free="153513888" total="805306368" percent="19">
      <mem type="soa" free="129354656" total="781147136" percent="16" />
      <mem type="loa" free="24159232" total="24159232" percent="100" />
    </mem>
    <remembered-set count="136" />
  </mem-info>
</gc-start>
<allocation-stats totalBytes="107929576" >
  <allocated-bytes non-tlh="2290824" tlh="105638752" />
  <largest-consumer threadName="main" threadId="0000000000016F00" bytes="107925480" />
</allocation-stats>
<gc-op id="1040" type="scavenge" timems="89.862" contextid="1037" timestamp="2022-02-08T16:46:23.157">
  <scavenger-info tenureage="1" tenuremask="7ffe" tiltratio="68" />
  <memory-copied type="nursery" objects="1425633" bytes="76299528" bytesdiscarded="209336" />
  <memory-copied type="tenure" objects="1369951" bytes="76195272" bytesdiscarded="37168" />
  <finalization candidates="92" enqueued="35" />
  <references type="soft" candidates="14" cleared="0" enqueued="0" dynamicThreshold="12" maxThreshold="32" />
  <references type="weak" candidates="1" cleared="0" enqueued="0" />
  <references type="phantom" candidates="77" cleared="7" enqueued="7" />
  <object-monitors candidates="2" cleared="0"  />
</gc-op>
<gc-end id="1041" type="scavenge" contextid="1037" durationms="90.112" usertimems="352.660" systemtimems="1.228" stalltimems="3.281" timestamp="2022-02-08T16:46:23.158" activeThreads="4">
  <mem-info id="1042" free="185700152" total="1073741824" percent="17">
    <mem type="nursery" free="108368064" total="268435456" percent="40">
      <mem type="allocate" free="108368064" total="184877056" percent="58" />
      <mem type="survivor" free="0" total="83558400" percent="0" />
    </mem>
    <mem type="tenure" free="77332088" total="805306368" percent="9" macro-fragmented="0">
      <mem type="soa" free="53172856" total="781147136" percent="6" />
      <mem type="loa" free="24159232" total="24159232" percent="100" />
    </mem>
    <pending-finalizers system="34" default="1" reference="7" classloader="0" />
    <remembered-set count="122" />
  </mem-info>
</gc-end>
<cycle-end id="1043" type="scavenge" contextid="1037" timestamp="2022-02-08T16:46:23.158" />
<allocation-satisfied id="1044" threadId="0000000000016F00" bytesRequested="24" />
<af-end id="1045" timestamp="2022-02-08T16:46:23.158" threadId="0000000000017908" success="true" from="nursery"/>
<exclusive-end id="1046" timestamp="2022-02-08T16:46:23.158" durationms="90.501" />

<concurrent-end id="1047" type="global mark" contextid="1032" timestamp="2022-02-08T16:46:23.218">
<gc-op id="1048" type="trace" timems="319.155" contextid="1032" timestamp="2022-02-08T16:46:23.218">
  <trace bytesTraced="74427844" workStackOverflowCount="0" />
  <card-cleaning reason="card cleaning threshold reached" bytesTraced="188" cardsCleaned="1" />
</gc-op>
</concurrent-end>

<exclusive-start id="1049" timestamp="2022-02-08T16:46:23.218" intervalms="150.729">
  <response-info timems="0.018" idlems="0.018" threads="0" lastid="0000000000016F00" lastname="main" />
</exclusive-start>
<concurrent-global-final id="1050" timestamp="2022-02-08T16:46:23.218" contextid="1032" intervalms="3087.720" >
  <concurrent-trace-info reason="card cleaning threshold reached" tracedByMutators="54053680" tracedByHelpers="20374352" cardsCleaned="1" workStackOverflowCount="0" />
</concurrent-global-final>
<gc-start id="1051" type="global" contextid="1032" timestamp="2022-02-08T16:46:23.218">
  <mem-info id="1052" free="181661472" total="1073741824" percent="16">
    <mem type="nursery" free="104329384" total="268435456" percent="38">
      <mem type="allocate" free="104329384" total="184877056" percent="56" />
      <mem type="survivor" free="0" total="83558400" percent="0" />
    </mem>
    <mem type="tenure" free="77332088" total="805306368" percent="9">
      <mem type="soa" free="53172856" total="781147136" percent="6" />
      <mem type="loa" free="24159232" total="24159232" percent="100" />
    </mem>
    <remembered-set count="123" />
  </mem-info>
</gc-start>
<allocation-stats totalBytes="4036264" >
  <allocated-bytes non-tlh="24" tlh="4036240" />
  <largest-consumer threadName="main" threadId="0000000000016F00" bytes="4028072" />
</allocation-stats>
<heap-resize id="1053" type="loa contract" space="tenure" amount="8052736" count="1" timems="0.000" reason="contract underutilized loa" timestamp="2022-02-08T16:46:23.218" />
<gc-op id="1054" type="rs-scan" timems="130.218" contextid="1032" timestamp="2022-02-08T16:46:23.348">
  <scan objectsFound="3324743" bytesTraced="71013268" workStackOverflowCount="0" />
</gc-op>
<gc-op id="1055" type="card-cleaning" timems="0.282" contextid="1032" timestamp="2022-02-08T16:46:23.349">
  <card-cleaning cardsCleaned="4" bytesTraced="5988" workStackOverflowCount="0" />
</gc-op>
<gc-op id="1056" type="mark" timems="34.752" contextid="1032" timestamp="2022-02-08T16:46:23.384">
  <trace-info objectcount="1300979" scancount="977260" scanbytes="20915976" />
  <finalization candidates="428" enqueued="57" />
  <ownableSynchronizers candidates="1" cleared="0" />
  <references type="soft" candidates="894" cleared="0" enqueued="0" dynamicThreshold="12" maxThreshold="32" />
  <references type="weak" candidates="1701" cleared="0" enqueued="0" />
  <references type="phantom" candidates="52" cleared="2" enqueued="2" />
  <stringconstants candidates="6470" cleared="0"  />
  <object-monitors candidates="2" cleared="0"  />
</gc-op>
<gc-op id="1057" type="sweep" timems="4.935" contextid="1032" timestamp="2022-02-08T16:46:23.389" />
<gc-end id="1058" type="global" contextid="1032" durationms="170.413" usertimems="185.570" systemtimems="0.482" stalltimems="103.744" timestamp="2022-02-08T16:46:23.389" activeThreads="4">
  <mem-info id="1059" free="425194136" total="1073741824" percent="39">
    <mem type="nursery" free="104950784" total="268435456" percent="39">
      <mem type="allocate" free="104950784" total="184877056" percent="56" />
      <mem type="survivor" free="0" total="83558400" percent="0" />
    </mem>
    <mem type="tenure" free="320243352" total="805306368" percent="39" micro-fragmented="223012" macro-fragmented="0">
      <mem type="soa" free="304136856" total="789199872" percent="38" />
      <mem type="loa" free="16106496" total="16106496" percent="100" />
    </mem>
    <pending-finalizers system="57" default="0" reference="2" classloader="0" />
    <remembered-set count="110" />
  </mem-info>
</gc-end>
<cycle-end id="1060" type="global" contextid="1032" timestamp="2022-02-08T16:46:23.389" />
<exclusive-end id="1061" timestamp="2022-02-08T16:46:23.389" durationms="170.651" />

<exclusive-start id="1062" timestamp="2022-02-08T16:46:24.149" intervalms="931.046">
  <response-info timems="0.021" idlems="0.021" threads="0" lastid="0000000000016F00" lastname="main" />
</exclusive-start>
<af-start id="1063" threadId="0000000000017908" totalBytesRequested="24" timestamp="2022-02-08T16:46:24.149" intervalms="1081.767" type="nursery" />
<cycle-start id="1064" type="scavenge" contextid="0" timestamp="2022-02-08T16:46:24.149" intervalms="1081.767" />
<gc-start id="1065" type="scavenge" contextid="1064" timestamp="2022-02-08T16:46:24.149">
  <mem-info id="1066" free="320243352" total="1073741824" percent="29">
    <mem type="nursery" free="0" total="268435456" percent="0">
      <mem type="allocate" free="0" total="184877056" percent="0" />
      <mem type="survivor" free="0" total="83558400" percent="0" />
    </mem>
    <mem type="tenure" free="320243352" total="805306368" percent="39">
      <mem type="soa" free="304136856" total="789199872" percent="38" />
      <mem type="loa" free="16106496" total="16106496" percent="100" />
    </mem>
    <remembered-set count="111" />
  </mem-info>
</gc-start>
<allocation-stats totalBytes="104902088" >
  <allocated-bytes non-tlh="0" tlh="104902088" />
  <largest-consumer threadName="main" threadId="0000000000016F00" bytes="104897992" />
</allocation-stats>
<gc-op id="1067" type="scavenge" timems="89.152" contextid="1064" timestamp="2022-02-08T16:46:24.238">
  <scavenger-info tenureage="1" tenuremask="7ffe" tiltratio="68" />
  <memory-copied type="nursery" objects="1404354" bytes="77497080" bytesdiscarded="110088" />
  <memory-copied type="tenure" objects="1425152" bytes="75987784" bytesdiscarded="38088" />
  <finalization candidates="40" enqueued="0" />
  <ownableSynchronizers candidates="2" cleared="2" />
  <object-monitors candidates="2" cleared="0"  />
</gc-op>
<gc-end id="1068" type="scavenge" contextid="1064" durationms="89.367" usertimems="353.191" systemtimems="0.000" stalltimems="2.205" timestamp="2022-02-08T16:46:24.239" activeThreads="4">
  <mem-info id="1069" free="350062136" total="1073741824" percent="32">
    <mem type="nursery" free="106090240" total="268435456" percent="39">
      <mem type="allocate" free="106090240" total="183697408" percent="57" />
      <mem type="survivor" free="0" total="84738048" percent="0" />
    </mem>
    <mem type="tenure" free="243971896" total="805306368" percent="30" macro-fragmented="0">
      <mem type="soa" free="227865400" total="789199872" percent="28" />
      <mem type="loa" free="16106496" total="16106496" percent="100" />
    </mem>
    <remembered-set count="103" />
  </mem-info>
</gc-end>
<cycle-end id="1070" type="scavenge" contextid="1064" timestamp="2022-02-08T16:46:24.239" />
<allocation-satisfied id="1071" threadId="0000000000016F00" bytesRequested="24" />
<af-end id="1072" timestamp="2022-02-08T16:46:24.239" threadId="0000000000017908" success="true" from="nursery"/>
<exclusive-end id="1073" timestamp="2022-02-08T16:46:24.239" durationms="89.662" />

<exclusive-start id="1074" timestamp="2022-02-08T16:46:24.933" intervalms="783.363">
  <response-info timems="0.023" idlems="0.023" threads="0" lastid="0000000000016F00" lastname="main" />
</exclusive-start>
<af-start id="1075" threadId="0000000000017908" totalBytesRequested="120" timestamp="2022-02-08T16:46:24.933" intervalms="783.362" type="nursery" />
<cycle-start id="1076" type="scavenge" contextid="0" timestamp="2022-02-08T16:46:24.933" intervalms="783.363" />
<gc-start id="1077" type="scavenge" contextid="1076" timestamp="2022-02-08T16:46:24.933">
  <mem-info id="1078" free="243971896" total="1073741824" percent="22">
    <mem type="nursery" free="0" total="268435456" percent="0">
      <mem type="allocate" free="0" total="183697408" percent="0" />
      <mem type="survivor" free="0" total="84738048" percent="0" />
    </mem>
    <mem type="tenure" free="243971896" total="805306368" percent="30">
      <mem type="soa" free="227865400" total="789199872" percent="28" />
      <mem type="loa" free="16106496" total="16106496" percent="100" />
    </mem>
    <remembered-set count="103" />
  </mem-info>
</gc-start>
<allocation-stats totalBytes="106040232" >
  <allocated-bytes non-tlh="24" tlh="106040208" />
  <largest-consumer threadName="main" threadId="0000000000016F00" bytes="106040232" />
</allocation-stats>
<gc-op id="1079" type="scavenge" timems="90.109" contextid="1076" timestamp="2022-02-08T16:46:25.023">
  <scavenger-info tenureage="1" tenuremask="7ffe" tiltratio="68" />
  <memory-copied type="nursery" objects="1326534" bytes="75401376" bytesdiscarded="112368" />
  <memory-copied type="tenure" objects="1404354" bytes="77497080" bytesdiscarded="40672" />
  <object-monitors candidates="2" cleared="0"  />
</gc-op>
<gc-end id="1080" type="scavenge" contextid="1076" durationms="90.295" usertimems="353.356" systemtimems="0.000" stalltimems="1.956" timestamp="2022-02-08T16:46:25.023" activeThreads="4">
  <mem-info id="1081" free="274846448" total="1073741824" percent="25">
    <mem type="nursery" free="108380272" total="268435456" percent="40">
      <mem type="allocate" free="108380272" total="183894016" percent="58" />
      <mem type="survivor" free="0" total="84541440" percent="0" />
    </mem>
    <mem type="tenure" free="166466176" total="805306368" percent="20" macro-fragmented="0">
      <mem type="soa" free="150359680" total="789199872" percent="19" />
      <mem type="loa" free="16106496" total="16106496" percent="100" />
    </mem>
    <remembered-set count="103" />
  </mem-info>
</gc-end>
<cycle-end id="1082" type="scavenge" contextid="1076" timestamp="2022-02-08T16:46:25.023" />
<allocation-satisfied id="1083" threadId="0000000000016F00" bytesRequested="120" />
<af-end id="1084" timestamp="2022-02-08T16:46:25.023" threadId="0000000000017908" success="true" from="nursery"/>
<exclusive-end id="1085" timestamp="2022-02-08T16:46:25.023" durationms="90.641" />

<concurrent-kickoff id="1086" timestamp="2022-02-08T16:46:25.897">
  <kickoff reason="threshold reached" targetBytes="78797319" thresholdFreeBytes="7079902"  remainingFree="6969024" tenureFreeBytes="166466176" nurseryFreeBytes="6969024" />
</concurrent-kickoff>
<exclusive-start id="1087" timestamp="2022-02-08T16:46:25.900" intervalms="967.343">
  <response-info timems="0.020" idlems="0.020" threads="0" lastid="0000000000016F00" lastname="main" />
</exclusive-start>
<cycle-start id="1088" type="global" contextid="0" timestamp="2022-02-08T16:46:25.900" intervalms="3000.976" />
<concurrent-start id="1089" type="global mark" contextid="1088" timestamp="2022-02-08T16:46:25.900">
</concurrent-start>
<exclusive-end id="1090" timestamp="2022-02-08T16:46:25.900" durationms="0.028" />

<exclusive-start id="1091" timestamp="2022-02-08T16:46:26.000" intervalms="99.726">
  <response-info timems="0.018" idlems="0.018" threads="0" lastid="0000000000016F00" lastname="main" />
</exclusive-start>
<af-start id="1092" threadId="0000000000017908" totalBytesRequested="208" timestamp="2022-02-08T16:46:26.000" intervalms="1067.071" type="nursery" />
<cycle-start id="1093" type="scavenge" contextid="0" timestamp="2022-02-08T16:46:26.000" intervalms="1067.070" />
<gc-start id="1094" type="scavenge" contextid="1093" timestamp="2022-02-08T16:46:26.000">
  <mem-info id="1095" free="166466176" total="1073741824" percent="15">
    <mem type="nursery" free="0" total="268435456" percent="0">
      <mem type="allocate" free="0" total="183894016" percent="0" />
      <mem type="survivor" free="0" total="84541440" percent="0" />
    </mem>
    <mem type="tenure" free="166466176" total="805306368" percent="20">
      <mem type="soa" free="150359680" total="789199872" percent="19" />
      <mem type="loa" free="16106496" total="16106496" percent="100" />
    </mem>
    <remembered-set count="133" />
  </mem-info>
</gc-start>
<allocation-stats totalBytes="108330544" >
  <allocated-bytes non-tlh="3008944" tlh="105321600" />
  <largest-consumer threadName="main" threadId="0000000000016F00" bytes="108330544" />
</allocation-stats>
<gc-op id="1096" type="scavenge" timems="83.173" contextid="1093" timestamp="2022-02-08T16:46:26.083">
  <scavenger-info tenureage="1" tenuremask="7ffe" tiltratio="68" />
  <memory-copied type="nursery" objects="1459020" bytes="76188624" bytesdiscarded="93360" />
  <memory-copied type="tenure" objects="1326534" bytes="75401376" bytesdiscarded="35768" />
  <finalization candidates="110" enqueued="53" />
  <references type="soft" candidates="14" cleared="0" enqueued="0" dynamicThreshold="12" maxThreshold="32" />
  <references type="weak" candidates="1" cleared="0" enqueued="0" />
  <references type="phantom" candidates="95" cleared="7" enqueued="7" />
  <object-monitors candidates="2" cleared="0"  />
</gc-op>
<gc-end id="1097" type="scavenge" contextid="1093" durationms="83.404" usertimems="326.045" systemtimems="0.000" stalltimems="3.933" timestamp="2022-02-08T16:46:26.083" activeThreads="4">
  <mem-info id="1098" free="198830808" total="1073741824" percent="18">
    <mem type="nursery" free="107874048" total="268435456" percent="40">
      <mem type="allocate" free="107874048" total="184156160" percent="58" />
      <mem type="survivor" free="0" total="84279296" percent="0" />
    </mem>
    <mem type="tenure" free="90956760" total="805306368" percent="11" macro-fragmented="39939376">
      <mem type="soa" free="74850264" total="789199872" percent="9" />
      <mem type="loa" free="16106496" total="16106496" percent="100" />
    </mem>
    <pending-finalizers system="52" default="1" reference="7" classloader="0" />
    <remembered-set count="129" />
  </mem-info>
</gc-end>
<cycle-end id="1099" type="scavenge" contextid="1093" timestamp="2022-02-08T16:46:26.083" />
<allocation-satisfied id="1100" threadId="0000000000016F00" bytesRequested="208" />
<af-end id="1101" timestamp="2022-02-08T16:46:26.083" threadId="0000000000017908" success="true" from="nursery"/>
<exclusive-end id="1102" timestamp="2022-02-08T16:46:26.083" durationms="83.691" />

<concurrent-end id="1103" type="global mark" contextid="1088" timestamp="2022-02-08T16:46:26.231">
<gc-op id="1104" type="trace" timems="331.339" contextid="1088" timestamp="2022-02-08T16:46:26.231">
  <trace bytesTraced="74430212" workStackOverflowCount="0" />
  <card-cleaning reason="card cleaning threshold reached" bytesTraced="2488" cardsCleaned="2" />
</gc-op>
</concurrent-end>

<exclusive-start id="1105" timestamp="2022-02-08T16:46:26.231" intervalms="231.689">
  <response-info timems="0.022" idlems="0.022" threads="0" lastid="0000000000016F00" lastname="main" />
</exclusive-start>
<concurrent-global-final id="1106" timestamp="2022-02-08T16:46:26.231" contextid="1088" intervalms="3013.166" >
  <concurrent-trace-info reason="card cleaning threshold reached" tracedByMutators="41799212" tracedByHelpers="32633488" cardsCleaned="2" workStackOverflowCount="0" />
</concurrent-global-final>
<gc-start id="1107" type="global" contextid="1088" timestamp="2022-02-08T16:46:26.231">
  <mem-info id="1108" free="188500488" total="1073741824" percent="17">
    <mem type="nursery" free="97543728" total="268435456" percent="36">
      <mem type="allocate" free="97543728" total="184156160" percent="52" />
      <mem type="survivor" free="0" total="84279296" percent="0" />
    </mem>
    <mem type="tenure" free="90956760" total="805306368" percent="11">
      <mem type="soa" free="74850264" total="789199872" percent="9" />
      <mem type="loa" free="16106496" total="16106496" percent="100" />
    </mem>
    <remembered-set count="130" />
  </mem-info>
</gc-start>
<allocation-stats totalBytes="10324512" >
  <allocated-bytes non-tlh="208" tlh="10324304" />
  <largest-consumer threadName="main" threadId="0000000000016F00" bytes="10316320" />
</allocation-stats>
<heap-resize id="1109" type="loa contract" space="tenure" amount="8052736" count="1" timems="0.000" reason="contract underutilized loa" timestamp="2022-02-08T16:46:26.231" />
<gc-op id="1110" type="rs-scan" timems="132.332" contextid="1088" timestamp="2022-02-08T16:46:26.364">
  <scan objectsFound="3324743" bytesTraced="71013244" workStackOverflowCount="0" />
</gc-op>
<gc-op id="1111" type="card-cleaning" timems="0.230" contextid="1088" timestamp="2022-02-08T16:46:26.364">
  <card-cleaning cardsCleaned="4" bytesTraced="5876" workStackOverflowCount="0" />
</gc-op>
<gc-op id="1112" type="mark" timems="31.380" contextid="1088" timestamp="2022-02-08T16:46:26.395">
  <trace-info objectcount="1137553" scancount="854691" scanbytes="18301128" />
  <finalization candidates="428" enqueued="57" />
  <ownableSynchronizers candidates="1" cleared="0" />
  <references type="soft" candidates="894" cleared="0" enqueued="0" dynamicThreshold="12" maxThreshold="32" />
  <references type="weak" candidates="1701" cleared="0" enqueued="0" />
  <references type="phantom" candidates="52" cleared="2" enqueued="2" />
  <stringconstants candidates="6470" cleared="0"  />
  <object-monitors candidates="2" cleared="0"  />
</gc-op>
<gc-op id="1113" type="sweep" timems="5.137" contextid="1088" timestamp="2022-02-08T16:46:26.401" />
<gc-end id="1114" type="global" contextid="1088" durationms="169.312" usertimems="183.771" systemtimems="0.241" stalltimems="95.448" timestamp="2022-02-08T16:46:26.401" activeThreads="4">
  <mem-info id="1115" free="432169840" total="1073741824" percent="40">
    <mem type="nursery" free="98204600" total="268435456" percent="36">
      <mem type="allocate" free="98204600" total="184156160" percent="53" />
      <mem type="survivor" free="0" total="84279296" percent="0" />
    </mem>
    <mem type="tenure" free="333965240" total="805306368" percent="41" micro-fragmented="173447" macro-fragmented="0">
      <mem type="soa" free="325911480" total="797252608" percent="40" />
      <mem type="loa" free="8053760" total="8053760" percent="100" />
    </mem>
    <pending-finalizers system="57" default="0" reference="2" classloader="0" />
    <remembered-set count="112" />
  </mem-info>
</gc-end>
<cycle-end id="1116" type="global" contextid="1088" timestamp="2022-02-08T16:46:26.401" />
<exclusive-end id="1117" timestamp="2022-02-08T16:46:26.401" durationms="169.544" />

<exclusive-start id="1118" timestamp="2022-02-08T16:46:27.127" intervalms="896.167">
  <response-info timems="0.022" idlems="0.022" threads="0" lastid="0000000000016F00" lastname="main" />
</exclusive-start>
<af-start id="1119" threadId="0000000000017908" totalBytesRequested="184" timestamp="2022-02-08T16:46:27.128" intervalms="1127.869" type="nursery" />
<cycle-start id="1120" type="scavenge" contextid="0" timestamp="2022-02-08T16:46:27.128" intervalms="1127.872" />
<gc-start id="1121" type="scavenge" contextid="1120" timestamp="2022-02-08T16:46:27.128">
  <mem-info id="1122" free="333965240" total="1073741824" percent="31">
    <mem type="nursery" free="0" total="268435456" percent="0">
      <mem type="allocate" free="0" total="184156160" percent="0" />
      <mem type="survivor" free="0" total="84279296" percent="0" />
    </mem>
    <mem type="tenure" free="333965240" total="805306368" percent="41">
      <mem type="soa" free="325911480" total="797252608" percent="40" />
      <mem type="loa" free="8053760" total="8053760" percent="100" />
    </mem>
    <remembered-set count="113" />
  </mem-info>
</gc-start>
<allocation-stats totalBytes="98157240" >
  <allocated-bytes non-tlh="0" tlh="98157240" />
  <largest-consumer threadName="main" threadId="0000000000016F00" bytes="98152944" />
</allocation-stats>
<gc-op id="1123" type="scavenge" timems="90.575" contextid="1120" timestamp="2022-02-08T16:46:27.218">
  <scavenger-info tenureage="1" tenuremask="7ffe" tiltratio="68" />
  <memory-copied type="nursery" objects="1392059" bytes="77161816" bytesdiscarded="168928" />
  <memory-copied type="tenure" objects="1458304" bytes="75720576" bytesdiscarded="38072" />
  <finalization candidates="57" enqueued="0" />
  <ownableSynchronizers candidates="2" cleared="2" />
  <object-monitors candidates="2" cleared="0"  />
</gc-op>
<gc-end id="1124" type="scavenge" contextid="1120" durationms="90.831" usertimems="356.798" systemtimems="0.100" stalltimems="2.322" timestamp="2022-02-08T16:46:27.218" activeThreads="4">
  <mem-info id="1125" free="364854672" total="1073741824" percent="33">
    <mem type="nursery" free="106694344" total="268435456" percent="39">
      <mem type="allocate" free="106694344" total="184025088" percent="57" />
      <mem type="survivor" free="0" total="84410368" percent="0" />
    </mem>
    <mem type="tenure" free="258160328" total="805306368" percent="32" macro-fragmented="0">
      <mem type="soa" free="250106568" total="797252608" percent="31" />
      <mem type="loa" free="8053760" total="8053760" percent="100" />
    </mem>
    <remembered-set count="104" />
  </mem-info>
</gc-end>
<cycle-end id="1126" type="scavenge" contextid="1120" timestamp="2022-02-08T16:46:27.219" />
<allocation-satisfied id="1127" threadId="0000000000016F00" bytesRequested="184" />
<af-end id="1128" timestamp="2022-02-08T16:46:27.219" threadId="0000000000017908" success="true" from="nursery"/>
<exclusive-end id="1129" timestamp="2022-02-08T16:46:27.219" durationms="91.160" />

<exclusive-start id="1130" timestamp="2022-02-08T16:46:27.894" intervalms="766.092">
  <response-info timems="0.024" idlems="0.024" threads="0" lastid="0000000000016F00" lastname="main" />
</exclusive-start>
<af-start id="1131" threadId="0000000000017908" totalBytesRequested="200" timestamp="2022-02-08T16:46:27.894" intervalms="766.080" type="nursery" />
<cycle-start id="1132" type="scavenge" contextid="0" timestamp="2022-02-08T16:46:27.894" intervalms="766.078" />
<gc-start id="1133" type="scavenge" contextid="1132" timestamp="2022-02-08T16:46:27.894">
  <mem-info id="1134" free="258160328" total="1073741824" percent="24">
    <mem type="nursery" free="0" total="268435456" percent="0">
      <mem type="allocate" free="0" total="184025088" percent="0" />
      <mem type="survivor" free="0" total="84410368" percent="0" />
    </mem>
    <mem type="tenure" free="258160328" total="805306368" percent="32">
      <mem type="soa" free="250106568" total="797252608" percent="31" />
      <mem type="loa" free="8053760" total="8053760" percent="100" />
    </mem>
    <remembered-set count="104" />
  </mem-info>
</gc-start>
<allocation-stats totalBytes="106646376" >
  <allocated-bytes non-tlh="184" tlh="106646192" />
  <largest-consumer threadName="main" threadId="0000000000016F00" bytes="106646376" />
</allocation-stats>
<gc-op id="1135" type="scavenge" timems="79.264" contextid="1132" timestamp="2022-02-08T16:46:27.973">
  <scavenger-info tenureage="1" tenuremask="7ffe" tiltratio="68" />
  <memory-copied type="nursery" objects="1346873" bytes="75859784" bytesdiscarded="429888" />
  <memory-copied type="tenure" objects="1392058" bytes="77161712" bytesdiscarded="42424" />
  <object-monitors candidates="2" cleared="0"  />
</gc-op>
<gc-end id="1136" type="scavenge" contextid="1132" durationms="79.547" usertimems="313.454" systemtimems="0.857" stalltimems="1.910" timestamp="2022-02-08T16:46:27.973" activeThreads="4">
  <mem-info id="1137" free="288839224" total="1073741824" percent="26">
    <mem type="nursery" free="107932024" total="268435456" percent="40">
      <mem type="allocate" free="107932024" total="184221696" percent="58" />
      <mem type="survivor" free="0" total="84213760" percent="0" />
    </mem>
    <mem type="tenure" free="180907200" total="805306368" percent="22" macro-fragmented="0">
      <mem type="soa" free="172853440" total="797252608" percent="21" />
      <mem type="loa" free="8053760" total="8053760" percent="100" />
    </mem>
    <remembered-set count="104" />
  </mem-info>
</gc-end>
<cycle-end id="1138" type="scavenge" contextid="1132" timestamp="2022-02-08T16:46:27.973" />
<allocation-satisfied id="1139" threadId="0000000000016F00" bytesRequested="200" />
<af-end id="1140" timestamp="2022-02-08T16:46:27.973" threadId="0000000000017908" success="true" from="nursery"/>
<exclusive-end id="1141" timestamp="2022-02-08T16:46:27.973" durationms="79.927" />

<exclusive-start id="1142" timestamp="2022-02-08T16:46:28.909" intervalms="1015.781">
  <response-info timems="0.025" idlems="0.025" threads="0" lastid="0000000000016F00" lastname="main" />
</exclusive-start>
<af-start id="1143" threadId="0000000000017908" totalBytesRequested="80" timestamp="2022-02-08T16:46:28.909" intervalms="1015.788" type="nursery" />
<cycle-start id="1144" type="scavenge" contextid="0" timestamp="2022-02-08T16:46:28.909" intervalms="1015.795" />
<gc-start id="1145" type="scavenge" contextid="1144" timestamp="2022-02-08T16:46:28.909">
  <mem-info id="1146" free="180907200" total="1073741824" percent="16">
    <mem type="nursery" free="0" total="268435456" percent="0">
      <mem type="allocate" free="0" total="184221696" percent="0" />
      <mem type="survivor" free="0" total="84213760" percent="0" />
    </mem>
    <mem type="tenure" free="180907200" total="805306368" percent="22">
      <mem type="soa" free="172853440" total="797252608" percent="21" />
      <mem type="loa" free="8053760" total="8053760" percent="100" />
    </mem>
    <remembered-set count="135" />
  </mem-info>
</gc-start>
<allocation-stats totalBytes="107885816" >
  <allocated-bytes non-tlh="2938448" tlh="104947368" />
  <largest-consumer threadName="main" threadId="0000000000016F00" bytes="107885816" />
</allocation-stats>
<gc-op id="1147" type="scavenge" timems="86.241" contextid="1144" timestamp="2022-02-08T16:46:28.996">
  <scavenger-info tenureage="1" tenuremask="7ffe" tiltratio="68" />
  <memory-copied type="nursery" objects="1426957" bytes="75777624" bytesdiscarded="106824" />
  <memory-copied type="tenure" objects="1346872" bytes="75859672" bytesdiscarded="36824" />
  <finalization candidates="110" enqueued="53" />
  <references type="soft" candidates="14" cleared="0" enqueued="0" dynamicThreshold="13" maxThreshold="32" />
  <references type="weak" candidates="1" cleared="0" enqueued="0" />
  <references type="phantom" candidates="95" cleared="7" enqueued="7" />
  <object-monitors candidates="2" cleared="0"  />
</gc-op>
<gc-end id="1148" type="scavenge" contextid="1144" durationms="86.448" usertimems="336.872" systemtimems="3.600" stalltimems="3.346" timestamp="2022-02-08T16:46:28.996" activeThreads="4">
  <mem-info id="1149" free="213658328" total="1073741824" percent="19">
    <mem type="nursery" free="108795872" total="268435456" percent="40">
      <mem type="allocate" free="108795872" total="184680448" percent="58" />
      <mem type="survivor" free="0" total="83755008" percent="0" />
    </mem>
    <mem type="tenure" free="104862456" total="805306368" percent="13" macro-fragmented="69015248">
      <mem type="soa" free="96808696" total="797252608" percent="12" />
      <mem type="loa" free="8053760" total="8053760" percent="100" />
    </mem>
    <pending-finalizers system="52" default="1" reference="7" classloader="0" />
    <remembered-set count="130" />
  </mem-info>
</gc-end>
<cycle-end id="1150" type="scavenge" contextid="1144" timestamp="2022-02-08T16:46:28.996" />
<allocation-satisfied id="1151" threadId="0000000000016F00" bytesRequested="80" />
<af-end id="1152" timestamp="2022-02-08T16:46:28.996" threadId="0000000000017908" success="true" from="nursery"/>
<exclusive-end id="1153" timestamp="2022-02-08T16:46:28.996" durationms="86.796" />

<concurrent-kickoff id="1154" timestamp="2022-02-08T16:46:29.737">
  <kickoff reason="threshold reached" targetBytes="77921458" thresholdFreeBytes="7005023"  remainingFree="6977424" tenureFreeBytes="104862456" nurseryFreeBytes="6977424" />
</concurrent-kickoff>
<exclusive-start id="1155" timestamp="2022-02-08T16:46:29.740" intervalms="830.391">
  <response-info timems="0.022" idlems="0.022" threads="0" lastid="0000000000016F00" lastname="main" />
</exclusive-start>
<cycle-start id="1156" type="global" contextid="0" timestamp="2022-02-08T16:46:29.740" intervalms="3839.846" />
<concurrent-start id="1157" type="global mark" contextid="1156" timestamp="2022-02-08T16:46:29.740">
</concurrent-start>
<exclusive-end id="1158" timestamp="2022-02-08T16:46:29.740" durationms="0.028" />

<exclusive-start id="1159" timestamp="2022-02-08T16:46:29.908" intervalms="167.955">
  <response-info timems="0.038" idlems="0.038" threads="0" lastid="0000000000016F00" lastname="main" />
</exclusive-start>
<af-start id="1160" threadId="0000000000017908" totalBytesRequested="192" timestamp="2022-02-08T16:46:29.908" intervalms="998.337" type="nursery" />
<cycle-start id="1161" type="scavenge" contextid="0" timestamp="2022-02-08T16:46:29.908" intervalms="998.329" />
<gc-start id="1162" type="scavenge" contextid="1161" timestamp="2022-02-08T16:46:29.908">
  <mem-info id="1163" free="104862456" total="1073741824" percent="9">
    <mem type="nursery" free="0" total="268435456" percent="0">
      <mem type="allocate" free="0" total="184680448" percent="0" />
      <mem type="survivor" free="0" total="83755008" percent="0" />
    </mem>
    <mem type="tenure" free="104862456" total="805306368" percent="13">
      <mem type="soa" free="96808696" total="797252608" percent="12" />
      <mem type="loa" free="8053760" total="8053760" percent="100" />
    </mem>
    <remembered-set count="131" />
  </mem-info>
</gc-start>
<allocation-stats totalBytes="108743872" >
  <allocated-bytes non-tlh="80" tlh="108743792" />
  <largest-consumer threadName="main" threadId="0000000000016F00" bytes="108735680" />
</allocation-stats>
<gc-op id="1164" type="scavenge" timems="84.658" contextid="1161" timestamp="2022-02-08T16:46:29.992">
  <scavenger-info tenureage="1" tenuremask="7ffe" tiltratio="68" />
  <memory-copied type="nursery" objects="1403761" bytes="77480824" bytesdiscarded="346432" />
  <memory-copied type="tenure" objects="1426245" bytes="75309720" bytesdiscarded="38824" />
  <finalization candidates="57" enqueued="0" />
  <object-monitors candidates="2" cleared="0"  />
</gc-op>
<gc-end id="1165" type="scavenge" contextid="1161" durationms="84.858" usertimems="335.778" systemtimems="0.000" stalltimems="1.540" timestamp="2022-02-08T16:46:29.993" activeThreads="4">
  <mem-info id="1166" free="135097488" total="1073741824" percent="12">
    <mem type="nursery" free="105411400" total="268435456" percent="39">
      <mem type="allocate" free="105411400" total="183238656" percent="57" />
      <mem type="survivor" free="0" total="85196800" percent="0" />
    </mem>
    <mem type="tenure" free="29686088" total="805306368" percent="3" macro-fragmented="27001400">
      <mem type="soa" free="21632328" total="797252608" percent="2" />
      <mem type="loa" free="8053760" total="8053760" percent="100" />
    </mem>
    <remembered-set count="103" />
  </mem-info>
</gc-end>
<cycle-end id="1167" type="scavenge" contextid="1161" timestamp="2022-02-08T16:46:29.993" />
<allocation-satisfied id="1168" threadId="0000000000016F00" bytesRequested="192" />
<af-end id="1169" timestamp="2022-02-08T16:46:29.993" threadId="0000000000017908" success="true" from="nursery"/>
<exclusive-end id="1170" timestamp="2022-02-08T16:46:29.993" durationms="85.216" />

<concurrent-end id="1171" type="global mark" contextid="1156" timestamp="2022-02-08T16:46:30.063">
<gc-op id="1172" type="trace" timems="323.706" contextid="1156" timestamp="2022-02-08T16:46:30.063">
  <trace bytesTraced="74428276" workStackOverflowCount="0" />
  <card-cleaning reason="card cleaning threshold reached" bytesTraced="188" cardsCleaned="1" />
</gc-op>
</concurrent-end>

<exclusive-start id="1173" timestamp="2022-02-08T16:46:30.064" intervalms="155.823">
  <response-info timems="0.021" idlems="0.021" threads="0" lastid="0000000000016F00" lastname="main" />
</exclusive-start>
<concurrent-global-final id="1174" timestamp="2022-02-08T16:46:30.064" contextid="1156" intervalms="3832.209" >
  <concurrent-trace-info reason="card cleaning threshold reached" tracedByMutators="53426316" tracedByHelpers="21002148" cardsCleaned="1" workStackOverflowCount="0" />
</concurrent-global-final>
<gc-start id="1175" type="global" contextid="1156" timestamp="2022-02-08T16:46:30.064">
  <mem-info id="1176" free="130542544" total="1073741824" percent="12">
    <mem type="nursery" free="100856456" total="268435456" percent="37">
      <mem type="allocate" free="100856456" total="183238656" percent="55" />
      <mem type="survivor" free="0" total="85196800" percent="0" />
    </mem>
    <mem type="tenure" free="29686088" total="805306368" percent="3">
      <mem type="soa" free="21632328" total="797252608" percent="2" />
      <mem type="loa" free="8053760" total="8053760" percent="100" />
    </mem>
    <remembered-set count="103" />
  </mem-info>
</gc-start>
<allocation-stats totalBytes="4552544" >
  <allocated-bytes non-tlh="192" tlh="4552352" />
  <largest-consumer threadName="main" threadId="0000000000016F00" bytes="4552544" />
</allocation-stats>
<gc-op id="1177" type="rs-scan" timems="1.099" contextid="1156" timestamp="2022-02-08T16:46:30.065">
  <scan objectsFound="0" bytesTraced="3988" workStackOverflowCount="0" />
</gc-op>
<gc-op id="1178" type="card-cleaning" timems="174.711" contextid="1156" timestamp="2022-02-08T16:46:30.239">
  <card-cleaning cardsCleaned="11" bytesTraced="71016688" workStackOverflowCount="0" />
</gc-op>
<gc-op id="1179" type="mark" timems="71.863" contextid="1156" timestamp="2022-02-08T16:46:30.311">
  <trace-info objectcount="2211787" scancount="1660368" scanbytes="35488872" />
  <finalization candidates="428" enqueued="57" />
  <ownableSynchronizers candidates="1" cleared="0" />
  <references type="soft" candidates="894" cleared="0" enqueued="0" dynamicThreshold="13" maxThreshold="32" />
  <references type="weak" candidates="1701" cleared="0" enqueued="0" />
  <references type="phantom" candidates="52" cleared="2" enqueued="2" />
  <stringconstants candidates="6470" cleared="0"  />
  <object-monitors candidates="2" cleared="0"  />
</gc-op>
<gc-op id="1180" type="sweep" timems="6.293" contextid="1156" timestamp="2022-02-08T16:46:30.318" />
<gc-end id="1181" type="global" contextid="1156" durationms="254.163" usertimems="269.619" systemtimems="1.539" stalltimems="209.920" timestamp="2022-02-08T16:46:30.318" activeThreads="4">
  <mem-info id="1182" free="373784216" total="1073741824" percent="34">
    <mem type="nursery" free="101294648" total="268435456" percent="37">
      <mem type="allocate" free="101294648" total="183238656" percent="55" />
      <mem type="survivor" free="0" total="85196800" percent="0" />
    </mem>
    <mem type="tenure" free="272489568" total="805306368" percent="33" micro-fragmented="243345" macro-fragmented="0">
      <mem type="soa" free="264435808" total="797252608" percent="33" />
      <mem type="loa" free="8053760" total="8053760" percent="100" />
    </mem>
    <pending-finalizers system="57" default="0" reference="2" classloader="0" />
    <remembered-set count="103" />
  </mem-info>
</gc-end>
<cycle-end id="1183" type="global" contextid="1156" timestamp="2022-02-08T16:46:30.318" />
<exclusive-end id="1184" timestamp="2022-02-08T16:46:30.318" durationms="254.392" />

<exclusive-start id="1185" timestamp="2022-02-08T16:46:30.982" intervalms="918.947">
  <response-info timems="0.032" idlems="0.032" threads="0" lastid="0000000000016F00" lastname="main" />
</exclusive-start>
<af-start id="1186" threadId="0000000000017908" totalBytesRequested="200" timestamp="2022-02-08T16:46:30.983" intervalms="1074.774" type="nursery" />
<cycle-start id="1187" type="scavenge" contextid="0" timestamp="2022-02-08T16:46:30.983" intervalms="1074.775" />
<gc-start id="1188" type="scavenge" contextid="1187" timestamp="2022-02-08T16:46:30.983">
  <mem-info id="1189" free="272489568" total="1073741824" percent="25">
    <mem type="nursery" free="0" total="268435456" percent="0">
      <mem type="allocate" free="0" total="183238656" percent="0" />
      <mem type="survivor" free="0" total="85196800" percent="0" />
    </mem>
    <mem type="tenure" free="272489568" total="805306368" percent="33">
      <mem type="soa" free="264435808" total="797252608" percent="33" />
      <mem type="loa" free="8053760" total="8053760" percent="100" />
    </mem>
    <remembered-set count="106" />
  </mem-info>
</gc-start>
<allocation-stats totalBytes="101246960" >
  <allocated-bytes non-tlh="0" tlh="101246960" />
  <largest-consumer threadName="main" threadId="0000000000016F00" bytes="101242864" />
</allocation-stats>
<gc-op id="1190" type="scavenge" timems="84.672" contextid="1187" timestamp="2022-02-08T16:46:31.067">
  <scavenger-info tenureage="1" tenuremask="7ffe" tiltratio="68" />
  <memory-copied type="nursery" objects="1317683" bytes="75090856" bytesdiscarded="128096" />
  <memory-copied type="tenure" objects="1403760" bytes="77480720" bytesdiscarded="42520" />
  <ownableSynchronizers candidates="2" cleared="2" />
  <object-monitors candidates="2" cleared="0"  />
</gc-op>
<gc-end id="1191" type="scavenge" contextid="1187" durationms="84.895" usertimems="334.952" systemtimems="0.000" stalltimems="2.104" timestamp="2022-02-08T16:46:31.067" activeThreads="4">
  <mem-info id="1192" free="303147696" total="1073741824" percent="28">
    <mem type="nursery" free="108347384" total="268435456" percent="40">
      <mem type="allocate" free="108347384" total="183566336" percent="59" />
      <mem type="survivor" free="0" total="84869120" percent="0" />
    </mem>
    <mem type="tenure" free="194800312" total="805306368" percent="24" macro-fragmented="0">
      <mem type="soa" free="186746552" total="797252608" percent="23" />
      <mem type="loa" free="8053760" total="8053760" percent="100" />
    </mem>
    <remembered-set count="105" />
  </mem-info>
</gc-end>
<cycle-end id="1193" type="scavenge" contextid="1187" timestamp="2022-02-08T16:46:31.068" />
<allocation-satisfied id="1194" threadId="0000000000016F00" bytesRequested="200" />
<af-end id="1195" timestamp="2022-02-08T16:46:31.068" threadId="0000000000017908" success="true" from="nursery"/>
<exclusive-end id="1196" timestamp="2022-02-08T16:46:31.068" durationms="85.282" />

<exclusive-start id="1197" timestamp="2022-02-08T16:46:32.003" intervalms="1020.440">
  <response-info timems="0.022" idlems="0.022" threads="0" lastid="0000000000016F00" lastname="main" />
</exclusive-start>
<af-start id="1198" threadId="0000000000017908" totalBytesRequested="24" timestamp="2022-02-08T16:46:32.003" intervalms="1020.439" type="nursery" />
<cycle-start id="1199" type="scavenge" contextid="0" timestamp="2022-02-08T16:46:32.003" intervalms="1020.440" />
<gc-start id="1200" type="scavenge" contextid="1199" timestamp="2022-02-08T16:46:32.003">
  <mem-info id="1201" free="194800312" total="1073741824" percent="18">
    <mem type="nursery" free="0" total="268435456" percent="0">
      <mem type="allocate" free="0" total="183566336" percent="0" />
      <mem type="survivor" free="0" total="84869120" percent="0" />
    </mem>
    <mem type="tenure" free="194800312" total="805306368" percent="24">
      <mem type="soa" free="186746552" total="797252608" percent="23" />
      <mem type="loa" free="8053760" total="8053760" percent="100" />
    </mem>
    <remembered-set count="136" />
  </mem-info>
</gc-start>
<allocation-stats totalBytes="108301384" >
  <allocated-bytes non-tlh="1493968" tlh="106807416" />
  <largest-consumer threadName="main" threadId="0000000000016F00" bytes="108301384" />
</allocation-stats>
<gc-op id="1202" type="scavenge" timems="80.293" contextid="1199" timestamp="2022-02-08T16:46:32.083">
  <scavenger-info tenureage="1" tenuremask="7ffe" tiltratio="68" />
  <memory-copied type="nursery" objects="1487888" bytes="76285672" bytesdiscarded="131184" />
  <memory-copied type="tenure" objects="1317682" bytes="75090744" bytesdiscarded="38440" />
  <finalization candidates="109" enqueued="53" />
  <references type="soft" candidates="14" cleared="0" enqueued="0" dynamicThreshold="10" maxThreshold="32" />
  <references type="weak" candidates="1" cleared="0" enqueued="0" />
  <references type="phantom" candidates="94" cleared="7" enqueued="7" />
  <object-monitors candidates="2" cleared="0"  />
</gc-op>
<gc-end id="1203" type="scavenge" contextid="1199" durationms="80.522" usertimems="317.000" systemtimems="0.000" stalltimems="3.634" timestamp="2022-02-08T16:46:32.084" activeThreads="4">
  <mem-info id="1204" free="227129160" total="1073741824" percent="21">
    <mem type="nursery" free="107345960" total="268435456" percent="39">
      <mem type="allocate" free="107345960" total="183762944" percent="58" />
      <mem type="survivor" free="0" total="84672512" percent="0" />
    </mem>
    <mem type="tenure" free="119783200" total="805306368" percent="14" macro-fragmented="0">
      <mem type="soa" free="111729440" total="797252608" percent="14" />
      <mem type="loa" free="8053760" total="8053760" percent="100" />
    </mem>
    <pending-finalizers system="52" default="1" reference="7" classloader="0" />
    <remembered-set count="132" />
  </mem-info>
</gc-end>
<cycle-end id="1205" type="scavenge" contextid="1199" timestamp="2022-02-08T16:46:32.084" />
<allocation-satisfied id="1206" threadId="0000000000016F00" bytesRequested="24" />
<af-end id="1207" timestamp="2022-02-08T16:46:32.084" threadId="0000000000017908" success="true" from="nursery"/>
<exclusive-end id="1208" timestamp="2022-02-08T16:46:32.084" durationms="80.811" />

<concurrent-kickoff id="1209" timestamp="2022-02-08T16:46:32.800">
  <kickoff reason="threshold reached" targetBytes="77220573" thresholdFreeBytes="6849370"  remainingFree="6748200" tenureFreeBytes="119783200" nurseryFreeBytes="6748200" />
</concurrent-kickoff>
<exclusive-start id="1210" timestamp="2022-02-08T16:46:32.803" intervalms="800.065">
  <response-info timems="0.022" idlems="0.022" threads="0" lastid="0000000000016F00" lastname="main" />
</exclusive-start>
<cycle-start id="1211" type="global" contextid="0" timestamp="2022-02-08T16:46:32.803" intervalms="3063.230" />
<concurrent-start id="1212" type="global mark" contextid="1211" timestamp="2022-02-08T16:46:32.803">
</concurrent-start>
<exclusive-end id="1213" timestamp="2022-02-08T16:46:32.803" durationms="0.028" />

<exclusive-start id="1214" timestamp="2022-02-08T16:46:32.960" intervalms="157.532">
  <response-info timems="0.041" idlems="0.041" threads="0" lastid="0000000000016F00" lastname="main" />
</exclusive-start>
<af-start id="1215" threadId="0000000000017908" totalBytesRequested="128" timestamp="2022-02-08T16:46:32.961" intervalms="957.605" type="nursery" />
<cycle-start id="1216" type="scavenge" contextid="0" timestamp="2022-02-08T16:46:32.961" intervalms="957.606" />
<gc-start id="1217" type="scavenge" contextid="1216" timestamp="2022-02-08T16:46:32.961">
  <mem-info id="1218" free="119783200" total="1073741824" percent="11">
    <mem type="nursery" free="0" total="268435456" percent="0">
      <mem type="allocate" free="0" total="183762944" percent="0" />
      <mem type="survivor" free="0" total="84672512" percent="0" />
    </mem>
    <mem type="tenure" free="119783200" total="805306368" percent="14">
      <mem type="soa" free="111729440" total="797252608" percent="14" />
      <mem type="loa" free="8053760" total="8053760" percent="100" />
    </mem>
    <remembered-set count="133" />
  </mem-info>
</gc-start>
<allocation-stats totalBytes="107294760" >
  <allocated-bytes non-tlh="1347704" tlh="105947056" />
  <largest-consumer threadName="main" threadId="0000000000016F00" bytes="107286568" />
</allocation-stats>
<gc-op id="1219" type="scavenge" timems="97.669" contextid="1216" timestamp="2022-02-08T16:46:33.058">
  <scavenger-info tenureage="1" tenuremask="7ffe" tiltratio="68" />
  <memory-copied type="nursery" objects="1348980" bytes="76788848" bytesdiscarded="322096" />
  <memory-copied type="tenure" objects="1487169" bytes="75342504" bytesdiscarded="39664" />
  <finalization candidates="57" enqueued="0" />
  <references type="phantom" candidates="1" cleared="0" enqueued="0" />
  <object-monitors candidates="2" cleared="0"  />
</gc-op>
<gc-end id="1220" type="scavenge" contextid="1216" durationms="98.003" usertimems="385.299" systemtimems="0.000" stalltimems="3.927" timestamp="2022-02-08T16:46:33.059" activeThreads="4">
  <mem-info id="1221" free="151891264" total="1073741824" percent="14">
    <mem type="nursery" free="107569504" total="268435456" percent="40">
      <mem type="allocate" free="107569504" total="184680448" percent="58" />
      <mem type="survivor" free="0" total="83755008" percent="0" />
    </mem>
    <mem type="tenure" free="44321760" total="805306368" percent="5" macro-fragmented="0">
      <mem type="soa" free="36268000" total="797252608" percent="4" />
      <mem type="loa" free="8053760" total="8053760" percent="100" />
    </mem>
    <remembered-set count="101" />
  </mem-info>
</gc-end>
<cycle-end id="1222" type="scavenge" contextid="1216" timestamp="2022-02-08T16:46:33.059" />
<allocation-satisfied id="1223" threadId="0000000000016F00" bytesRequested="128" />
<af-end id="1224" timestamp="2022-02-08T16:46:33.059" threadId="0000000000017908" success="true" from="nursery"/>
<exclusive-end id="1225" timestamp="2022-02-08T16:46:33.059" durationms="98.414" />

<concurrent-end id="1226" type="global mark" contextid="1211" timestamp="2022-02-08T16:46:33.141">
<gc-op id="1227" type="trace" timems="337.927" contextid="1211" timestamp="2022-02-08T16:46:33.141">
  <trace bytesTraced="74428484" workStackOverflowCount="0" />
  <card-cleaning reason="card cleaning threshold reached" bytesTraced="188" cardsCleaned="1" />
</gc-op>
</concurrent-end>

<exclusive-start id="1228" timestamp="2022-02-08T16:46:33.141" intervalms="180.475">
  <response-info timems="0.017" idlems="0.017" threads="0" lastid="0000000000016F00" lastname="main" />
</exclusive-start>
<concurrent-global-final id="1229" timestamp="2022-02-08T16:46:33.141" contextid="1211" intervalms="3077.459" >
  <concurrent-trace-info reason="card cleaning threshold reached" tracedByMutators="54047012" tracedByHelpers="20381660" cardsCleaned="1" workStackOverflowCount="0" />
</concurrent-global-final>
<gc-start id="1230" type="global" contextid="1211" timestamp="2022-02-08T16:46:33.141">
  <mem-info id="1231" free="147074240" total="1073741824" percent="13">
    <mem type="nursery" free="102752480" total="268435456" percent="38">
      <mem type="allocate" free="102752480" total="184680448" percent="55" />
      <mem type="survivor" free="0" total="83755008" percent="0" />
    </mem>
    <mem type="tenure" free="44321760" total="805306368" percent="5">
      <mem type="soa" free="36268000" total="797252608" percent="4" />
      <mem type="loa" free="8053760" total="8053760" percent="100" />
    </mem>
    <remembered-set count="101" />
  </mem-info>
</gc-start>
<allocation-stats totalBytes="4815008" >
  <allocated-bytes non-tlh="128" tlh="4814880" />
  <largest-consumer threadName="main" threadId="0000000000016F00" bytes="4815008" />
</allocation-stats>
<gc-op id="1232" type="rs-scan" timems="0.781" contextid="1211" timestamp="2022-02-08T16:46:33.142">
  <scan objectsFound="29" bytesTraced="5420" workStackOverflowCount="0" />
</gc-op>
<gc-op id="1233" type="card-cleaning" timems="155.294" contextid="1211" timestamp="2022-02-08T16:46:33.297">
  <card-cleaning cardsCleaned="9" bytesTraced="71014832" workStackOverflowCount="0" />
</gc-op>
<gc-op id="1234" type="mark" timems="53.696" contextid="1211" timestamp="2022-02-08T16:46:33.351">
  <trace-info objectcount="1936947" scancount="1454237" scanbytes="31091456" />
  <finalization candidates="428" enqueued="57" />
  <ownableSynchronizers candidates="1" cleared="0" />
  <references type="soft" candidates="894" cleared="0" enqueued="0" dynamicThreshold="10" maxThreshold="32" />
  <references type="weak" candidates="1701" cleared="0" enqueued="0" />
  <references type="phantom" candidates="52" cleared="2" enqueued="2" />
  <stringconstants candidates="6470" cleared="0"  />
  <object-monitors candidates="2" cleared="0"  />
</gc-op>
<gc-op id="1235" type="sweep" timems="4.878" contextid="1211" timestamp="2022-02-08T16:46:33.356" />
<gc-end id="1236" type="global" contextid="1211" durationms="214.842" usertimems="229.126" systemtimems="0.000" stalltimems="160.655" timestamp="2022-02-08T16:46:33.356" activeThreads="4">
  <mem-info id="1237" free="390346328" total="1073741824" percent="36">
    <mem type="nursery" free="103166032" total="268435456" percent="38">
      <mem type="allocate" free="103166032" total="184680448" percent="55" />
      <mem type="survivor" free="0" total="83755008" percent="0" />
    </mem>
    <mem type="tenure" free="287180296" total="805306368" percent="35" micro-fragmented="245756" macro-fragmented="0">
      <mem type="soa" free="279126536" total="797252608" percent="35" />
      <mem type="loa" free="8053760" total="8053760" percent="100" />
    </mem>
    <pending-finalizers system="57" default="0" reference="2" classloader="0" />
    <remembered-set count="101" />
  </mem-info>
</gc-end>
<cycle-end id="1238" type="global" contextid="1211" timestamp="2022-02-08T16:46:33.356" />
<exclusive-end id="1239" timestamp="2022-02-08T16:46:33.356" durationms="215.035" />

<exclusive-start id="1240" timestamp="2022-02-08T16:46:34.046" intervalms="904.841">
  <response-info timems="0.022" idlems="0.022" threads="0" lastid="0000000000016F00" lastname="main" />
</exclusive-start>
<af-start id="1241" threadId="0000000000017908" totalBytesRequested="24" timestamp="2022-02-08T16:46:34.046" intervalms="1085.306" type="nursery" />
<cycle-start id="1242" type="scavenge" contextid="0" timestamp="2022-02-08T16:46:34.046" intervalms="1085.304" />
<gc-start id="1243" type="scavenge" contextid="1242" timestamp="2022-02-08T16:46:34.046">
  <mem-info id="1244" free="287180296" total="1073741824" percent="26">
    <mem type="nursery" free="0" total="268435456" percent="0">
      <mem type="allocate" free="0" total="184680448" percent="0" />
      <mem type="survivor" free="0" total="83755008" percent="0" />
    </mem>
    <mem type="tenure" free="287180296" total="805306368" percent="35">
      <mem type="soa" free="279126536" total="797252608" percent="35" />
      <mem type="loa" free="8053760" total="8053760" percent="100" />
    </mem>
    <remembered-set count="104" />
  </mem-info>
</gc-start>
<allocation-stats totalBytes="103118872" >
  <allocated-bytes non-tlh="0" tlh="103118872" />
  <largest-consumer threadName="main" threadId="0000000000016F00" bytes="103114776" />
</allocation-stats>
<gc-op id="1245" type="scavenge" timems="76.507" contextid="1242" timestamp="2022-02-08T16:46:34.122">
  <scavenger-info tenureage="1" tenuremask="7ffe" tiltratio="68" />
  <memory-copied type="nursery" objects="1360579" bytes="76668512" bytesdiscarded="146984" />
  <memory-copied type="tenure" objects="1348980" bytes="76788848" bytesdiscarded="44256" />
  <finalization candidates="1" enqueued="0" />
  <ownableSynchronizers candidates="2" cleared="2" />
  <object-monitors candidates="2" cleared="0"  />
</gc-op>
<gc-end id="1246" type="scavenge" contextid="1242" durationms="76.723" usertimems="300.487" systemtimems="0.179" stalltimems="4.469" timestamp="2022-02-08T16:46:34.123" activeThreads="4">
  <mem-info id="1247" free="318158728" total="1073741824" percent="29">
    <mem type="nursery" free="108061560" total="268435456" percent="40">
      <mem type="allocate" free="108061560" total="184877056" percent="58" />
      <mem type="survivor" free="0" total="83558400" percent="0" />
    </mem>
    <mem type="tenure" free="210097168" total="805306368" percent="26" macro-fragmented="0">
      <mem type="soa" free="202043408" total="797252608" percent="25" />
      <mem type="loa" free="8053760" total="8053760" percent="100" />
    </mem>
    <remembered-set count="105" />
  </mem-info>
</gc-end>
<cycle-end id="1248" type="scavenge" contextid="1242" timestamp="2022-02-08T16:46:34.123" />
<allocation-satisfied id="1249" threadId="0000000000016F00" bytesRequested="24" />
<af-end id="1250" timestamp="2022-02-08T16:46:34.123" threadId="0000000000017908" success="true" from="nursery"/>
<exclusive-end id="1251" timestamp="2022-02-08T16:46:34.123" durationms="76.982" />

<exclusive-start id="1252" timestamp="2022-02-08T16:46:35.084" intervalms="1037.801">
  <response-info timems="0.020" idlems="0.020" threads="0" lastid="0000000000016F00" lastname="main" />
</exclusive-start>
<af-start id="1253" threadId="0000000000017908" totalBytesRequested="184" timestamp="2022-02-08T16:46:35.084" intervalms="1037.802" type="nursery" />
<cycle-start id="1254" type="scavenge" contextid="0" timestamp="2022-02-08T16:46:35.084" intervalms="1037.801" />
<gc-start id="1255" type="scavenge" contextid="1254" timestamp="2022-02-08T16:46:35.084">
  <mem-info id="1256" free="210097168" total="1073741824" percent="19">
    <mem type="nursery" free="0" total="268435456" percent="0">
      <mem type="allocate" free="0" total="184877056" percent="0" />
      <mem type="survivor" free="0" total="83558400" percent="0" />
    </mem>
    <mem type="tenure" free="210097168" total="805306368" percent="26">
      <mem type="soa" free="202043408" total="797252608" percent="25" />
      <mem type="loa" free="8053760" total="8053760" percent="100" />
    </mem>
    <remembered-set count="136" />
  </mem-info>
</gc-start>
<allocation-stats totalBytes="108015472" >
  <allocated-bytes non-tlh="1590592" tlh="106424880" />
  <largest-consumer threadName="main" threadId="0000000000016F00" bytes="108015472" />
</allocation-stats>
<gc-op id="1257" type="scavenge" timems="94.317" contextid="1254" timestamp="2022-02-08T16:46:35.178">
  <scavenger-info tenureage="1" tenuremask="7ffe" tiltratio="68" />
  <memory-copied type="nursery" objects="1495503" bytes="76086904" bytesdiscarded="117712" />
  <memory-copied type="tenure" objects="1360579" bytes="76668512" bytesdiscarded="39064" />
  <finalization candidates="109" enqueued="53" />
  <references type="soft" candidates="14" cleared="0" enqueued="0" dynamicThreshold="11" maxThreshold="32" />
  <references type="weak" candidates="1" cleared="0" enqueued="0" />
  <references type="phantom" candidates="94" cleared="7" enqueued="7" />
  <object-monitors candidates="2" cleared="0"  />
</gc-op>
<gc-end id="1258" type="scavenge" contextid="1254" durationms="94.650" usertimems="372.392" systemtimems="0.000" stalltimems="3.944" timestamp="2022-02-08T16:46:35.178" activeThreads="4">
  <mem-info id="1259" free="242191808" total="1073741824" percent="22">
    <mem type="nursery" free="108803384" total="268435456" percent="40">
      <mem type="allocate" free="108803384" total="185008128" percent="58" />
      <mem type="survivor" free="0" total="83427328" percent="0" />
    </mem>
    <mem type="tenure" free="133388424" total="805306368" percent="16" macro-fragmented="0">
      <mem type="soa" free="125334664" total="797252608" percent="15" />
      <mem type="loa" free="8053760" total="8053760" percent="100" />
    </mem>
    <pending-finalizers system="52" default="1" reference="7" classloader="0" />
    <remembered-set count="131" />
  </mem-info>
</gc-end>
<cycle-end id="1260" type="scavenge" contextid="1254" timestamp="2022-02-08T16:46:35.179" />
<allocation-satisfied id="1261" threadId="0000000000016F00" bytesRequested="184" />
<af-end id="1262" timestamp="2022-02-08T16:46:35.179" threadId="0000000000017908" success="true" from="nursery"/>
<exclusive-end id="1263" timestamp="2022-02-08T16:46:35.179" durationms="94.938" />

<concurrent-kickoff id="1264" timestamp="2022-02-08T16:46:35.907">
  <kickoff reason="threshold reached" targetBytes="76660591" thresholdFreeBytes="6706689"  remainingFree="6685728" tenureFreeBytes="133388424" nurseryFreeBytes="6685728" />
</concurrent-kickoff>
<exclusive-start id="1265" timestamp="2022-02-08T16:46:35.911" intervalms="827.159">
  <response-info timems="0.025" idlems="0.025" threads="0" lastid="0000000000016F00" lastname="main" />
</exclusive-start>
<cycle-start id="1266" type="global" contextid="0" timestamp="2022-02-08T16:46:35.911" intervalms="3107.836" />
<concurrent-start id="1267" type="global mark" contextid="1266" timestamp="2022-02-08T16:46:35.911">
</concurrent-start>
<exclusive-end id="1268" timestamp="2022-02-08T16:46:35.911" durationms="0.063" />

<exclusive-start id="1269" timestamp="2022-02-08T16:46:36.084" intervalms="173.574">
  <response-info timems="0.021" idlems="0.021" threads="0" lastid="0000000000016F00" lastname="main" />
</exclusive-start>
<af-start id="1270" threadId="0000000000017908" totalBytesRequested="24" timestamp="2022-02-08T16:46:36.084" intervalms="1000.731" type="nursery" />
<cycle-start id="1271" type="scavenge" contextid="0" timestamp="2022-02-08T16:46:36.084" intervalms="1000.732" />
<gc-start id="1272" type="scavenge" contextid="1271" timestamp="2022-02-08T16:46:36.084">
  <mem-info id="1273" free="133388424" total="1073741824" percent="12">
    <mem type="nursery" free="0" total="268435456" percent="0">
      <mem type="allocate" free="0" total="185008128" percent="0" />
      <mem type="survivor" free="0" total="83427328" percent="0" />
    </mem>
    <mem type="tenure" free="133388424" total="805306368" percent="16">
      <mem type="soa" free="125334664" total="797252608" percent="15" />
      <mem type="loa" free="8053760" total="8053760" percent="100" />
    </mem>
    <remembered-set count="132" />
  </mem-info>
</gc-start>
<allocation-stats totalBytes="108750712" >
  <allocated-bytes non-tlh="1347864" tlh="107402848" />
  <largest-consumer threadName="main" threadId="0000000000016F00" bytes="108742520" />
</allocation-stats>
<gc-op id="1274" type="scavenge" timems="91.855" contextid="1271" timestamp="2022-02-08T16:46:36.176">
  <scavenger-info tenureage="1" tenuremask="7ffe" tiltratio="68" />
  <memory-copied type="nursery" objects="1351530" bytes="77798120" bytesdiscarded="357240" />
  <memory-copied type="tenure" objects="1494783" bytes="75143632" bytesdiscarded="35832" />
  <finalization candidates="57" enqueued="0" />
  <references type="phantom" candidates="1" cleared="0" enqueued="0" />
  <object-monitors candidates="2" cleared="0"  />
</gc-op>
<gc-end id="1275" type="scavenge" contextid="1271" durationms="92.233" usertimems="362.712" systemtimems="0.000" stalltimems="4.050" timestamp="2022-02-08T16:46:36.177" activeThreads="4">
  <mem-info id="1276" free="163267632" total="1073741824" percent="15">
    <mem type="nursery" free="104886688" total="268435456" percent="39">
      <mem type="allocate" free="104886688" total="183042048" percent="57" />
      <mem type="survivor" free="0" total="85393408" percent="0" />
    </mem>
    <mem type="tenure" free="58380944" total="805306368" percent="7" macro-fragmented="39939376">
      <mem type="soa" free="50327184" total="797252608" percent="6" />
      <mem type="loa" free="8053760" total="8053760" percent="100" />
    </mem>
    <remembered-set count="102" />
  </mem-info>
</gc-end>
<cycle-end id="1277" type="scavenge" contextid="1271" timestamp="2022-02-08T16:46:36.179" />
<allocation-satisfied id="1278" threadId="0000000000016F00" bytesRequested="24" />
<af-end id="1279" timestamp="2022-02-08T16:46:36.179" threadId="0000000000017908" success="true" from="nursery"/>
<exclusive-end id="1280" timestamp="2022-02-08T16:46:36.179" durationms="94.518" />

<concurrent-end id="1281" type="global mark" contextid="1266" timestamp="2022-02-08T16:46:36.248">
<gc-op id="1282" type="trace" timems="337.280" contextid="1266" timestamp="2022-02-08T16:46:36.248">
  <trace bytesTraced="74428644" workStackOverflowCount="0" />
  <card-cleaning reason="card cleaning threshold reached" bytesTraced="188" cardsCleaned="1" />
</gc-op>
</concurrent-end>

<exclusive-start id="1283" timestamp="2022-02-08T16:46:36.248" intervalms="163.813">
  <response-info timems="0.022" idlems="0.022" threads="0" lastid="0000000000016F00" lastname="main" />
</exclusive-start>
<concurrent-global-final id="1284" timestamp="2022-02-08T16:46:36.248" contextid="1266" intervalms="3107.188" >
  <concurrent-trace-info reason="card cleaning threshold reached" tracedByMutators="54363932" tracedByHelpers="20064900" cardsCleaned="1" workStackOverflowCount="0" />
</concurrent-global-final>
<gc-start id="1285" type="global" contextid="1266" timestamp="2022-02-08T16:46:36.248">
  <mem-info id="1286" free="158975000" total="1073741824" percent="14">
    <mem type="nursery" free="100594056" total="268435456" percent="37">
      <mem type="allocate" free="100594056" total="183042048" percent="54" />
      <mem type="survivor" free="0" total="85393408" percent="0" />
    </mem>
    <mem type="tenure" free="58380944" total="805306368" percent="7">
      <mem type="soa" free="50327184" total="797252608" percent="6" />
      <mem type="loa" free="8053760" total="8053760" percent="100" />
    </mem>
    <remembered-set count="102" />
  </mem-info>
</gc-start>
<allocation-stats totalBytes="4290288" >
  <allocated-bytes non-tlh="24" tlh="4290264" />
  <largest-consumer threadName="main" threadId="0000000000016F00" bytes="4290288" />
</allocation-stats>
<gc-op id="1287" type="rs-scan" timems="0.548" contextid="1266" timestamp="2022-02-08T16:46:36.249">
  <scan objectsFound="29" bytesTraced="5420" workStackOverflowCount="0" />
</gc-op>
<gc-op id="1288" type="card-cleaning" timems="154.155" contextid="1266" timestamp="2022-02-08T16:46:36.403">
  <card-cleaning cardsCleaned="9" bytesTraced="71014880" workStackOverflowCount="0" />
</gc-op>
<gc-op id="1289" type="mark" timems="64.335" contextid="1266" timestamp="2022-02-08T16:46:36.467">
  <trace-info objectcount="1703215" scancount="1278939" scanbytes="27351720" />
  <finalization candidates="428" enqueued="57" />
  <ownableSynchronizers candidates="1" cleared="0" />
  <references type="soft" candidates="894" cleared="0" enqueued="0" dynamicThreshold="11" maxThreshold="32" />
  <references type="weak" candidates="1701" cleared="0" enqueued="0" />
  <references type="phantom" candidates="52" cleared="2" enqueued="2" />
  <stringconstants candidates="6470" cleared="0"  />
  <object-monitors candidates="2" cleared="0"  />
</gc-op>
<gc-op id="1290" type="sweep" timems="4.853" contextid="1266" timestamp="2022-02-08T16:46:36.472" />
<gc-end id="1291" type="global" contextid="1266" durationms="224.097" usertimems="246.571" systemtimems="1.168" stalltimems="193.052" timestamp="2022-02-08T16:46:36.472" activeThreads="4">
  <mem-info id="1292" free="402238320" total="1073741824" percent="37">
    <mem type="nursery" free="101046320" total="268435456" percent="37">
      <mem type="allocate" free="101046320" total="183042048" percent="55" />
      <mem type="survivor" free="0" total="85393408" percent="0" />
    </mem>
    <mem type="tenure" free="301192000" total="805306368" percent="37" micro-fragmented="214980" macro-fragmented="0">
      <mem type="soa" free="293138240" total="797252608" percent="36" />
      <mem type="loa" free="8053760" total="8053760" percent="100" />
    </mem>
    <pending-finalizers system="57" default="0" reference="2" classloader="0" />
    <remembered-set count="102" />
  </mem-info>
</gc-end>
<cycle-end id="1293" type="global" contextid="1266" timestamp="2022-02-08T16:46:36.472" />
<exclusive-end id="1294" timestamp="2022-02-08T16:46:36.472" durationms="224.292" />

<exclusive-start id="1295" timestamp="2022-02-08T16:46:37.165" intervalms="917.217">
  <response-info timems="0.023" idlems="0.023" threads="0" lastid="0000000000016F00" lastname="main" />
</exclusive-start>
<af-start id="1296" threadId="0000000000017908" totalBytesRequested="112" timestamp="2022-02-08T16:46:37.165" intervalms="1081.030" type="nursery" />
<cycle-start id="1297" type="scavenge" contextid="0" timestamp="2022-02-08T16:46:37.165" intervalms="1081.030" />
<gc-start id="1298" type="scavenge" contextid="1297" timestamp="2022-02-08T16:46:37.165">
  <mem-info id="1299" free="301192000" total="1073741824" percent="28">
    <mem type="nursery" free="0" total="268435456" percent="0">
      <mem type="allocate" free="0" total="183042048" percent="0" />
      <mem type="survivor" free="0" total="85393408" percent="0" />
    </mem>
    <mem type="tenure" free="301192000" total="805306368" percent="37">
      <mem type="soa" free="293138240" total="797252608" percent="36" />
      <mem type="loa" free="8053760" total="8053760" percent="100" />
    </mem>
    <remembered-set count="105" />
  </mem-info>
</gc-start>
<allocation-stats totalBytes="100996496" >
  <allocated-bytes non-tlh="0" tlh="100996496" />
  <largest-consumer threadName="main" threadId="0000000000016F00" bytes="100992400" />
</allocation-stats>
<gc-op id="1300" type="scavenge" timems="91.299" contextid="1297" timestamp="2022-02-08T16:46:37.257">
  <scavenger-info tenureage="1" tenuremask="7ffe" tiltratio="68" />
  <memory-copied type="nursery" objects="1326633" bytes="74786832" bytesdiscarded="236088" />
  <memory-copied type="tenure" objects="1351530" bytes="77798120" bytesdiscarded="43720" />
  <finalization candidates="1" enqueued="0" />
  <ownableSynchronizers candidates="2" cleared="2" />
  <object-monitors candidates="2" cleared="0"  />
</gc-op>
<gc-end id="1301" type="scavenge" contextid="1297" durationms="91.504" usertimems="356.520" systemtimems="5.318" stalltimems="2.062" timestamp="2022-02-08T16:46:37.257" activeThreads="4">
  <mem-info id="1302" free="331531616" total="1073741824" percent="30">
    <mem type="nursery" free="108281272" total="268435456" percent="40">
      <mem type="allocate" free="108281272" total="183304192" percent="59" />
      <mem type="survivor" free="0" total="85131264" percent="0" />
    </mem>
    <mem type="tenure" free="223250344" total="805306368" percent="27" macro-fragmented="82818304">
      <mem type="soa" free="215196584" total="797252608" percent="26" />
      <mem type="loa" free="8053760" total="8053760" percent="100" />
    </mem>
    <remembered-set count="104" />
  </mem-info>
</gc-end>
<cycle-end id="1303" type="scavenge" contextid="1297" timestamp="2022-02-08T16:46:37.257" />
<allocation-satisfied id="1304" threadId="0000000000016F00" bytesRequested="112" />
<af-end id="1305" timestamp="2022-02-08T16:46:37.257" threadId="0000000000017908" success="true" from="nursery"/>
<exclusive-end id="1306" timestamp="2022-02-08T16:46:37.257" durationms="91.813" />

<exclusive-start id="1307" timestamp="2022-02-08T16:46:38.115" intervalms="949.158">
  <response-info timems="0.023" idlems="0.023" threads="0" lastid="0000000000016F00" lastname="main" />
</exclusive-start>
<af-start id="1308" threadId="0000000000017908" totalBytesRequested="16" timestamp="2022-02-08T16:46:38.115" intervalms="949.164" type="nursery" />
<cycle-start id="1309" type="scavenge" contextid="0" timestamp="2022-02-08T16:46:38.115" intervalms="949.165" />
<gc-start id="1310" type="scavenge" contextid="1309" timestamp="2022-02-08T16:46:38.115">
  <mem-info id="1311" free="223250344" total="1073741824" percent="20">
    <mem type="nursery" free="0" total="268435456" percent="0">
      <mem type="allocate" free="0" total="183304192" percent="0" />
      <mem type="survivor" free="0" total="85131264" percent="0" />
    </mem>
    <mem type="tenure" free="223250344" total="805306368" percent="27">
      <mem type="soa" free="215196584" total="797252608" percent="26" />
      <mem type="loa" free="8053760" total="8053760" percent="100" />
    </mem>
    <remembered-set count="121" />
  </mem-info>
</gc-start>
<allocation-stats totalBytes="108233672" >
  <allocated-bytes non-tlh="723440" tlh="107510232" />
  <largest-consumer threadName="main" threadId="0000000000016F00" bytes="108233672" />
</allocation-stats>
<gc-op id="1312" type="scavenge" timems="95.401" contextid="1309" timestamp="2022-02-08T16:46:38.210">
  <scavenger-info tenureage="1" tenuremask="7ffe" tiltratio="68" />
  <memory-copied type="nursery" objects="1417918" bytes="76606936" bytesdiscarded="120256" />
  <memory-copied type="tenure" objects="1326633" bytes="74786832" bytesdiscarded="38568" />
  <finalization candidates="57" enqueued="30" />
  <references type="phantom" candidates="57" cleared="0" enqueued="0" />
  <object-monitors candidates="2" cleared="0"  />
</gc-op>
<gc-end id="1313" type="scavenge" contextid="1309" durationms="95.719" usertimems="376.417" systemtimems="0.624" stalltimems="3.405" timestamp="2022-02-08T16:46:38.210" activeThreads="4">
  <mem-info id="1314" free="254965352" total="1073741824" percent="23">
    <mem type="nursery" free="106642536" total="268435456" percent="39">
      <mem type="allocate" free="106642536" total="183369728" percent="58" />
      <mem type="survivor" free="0" total="85065728" percent="0" />
    </mem>
    <mem type="tenure" free="148322816" total="805306368" percent="18" macro-fragmented="0">
      <mem type="soa" free="140269056" total="797252608" percent="17" />
      <mem type="loa" free="8053760" total="8053760" percent="100" />
    </mem>
    <pending-finalizers system="30" default="0" reference="0" classloader="0" />
    <remembered-set count="121" />
  </mem-info>
</gc-end>
<cycle-end id="1315" type="scavenge" contextid="1309" timestamp="2022-02-08T16:46:38.210" />
<allocation-satisfied id="1316" threadId="0000000000016F00" bytesRequested="16" />
<af-end id="1317" timestamp="2022-02-08T16:46:38.211" threadId="0000000000017908" success="true" from="nursery"/>
<exclusive-end id="1318" timestamp="2022-02-08T16:46:38.211" durationms="95.984" />

<concurrent-kickoff id="1319" timestamp="2022-02-08T16:46:39.019">
  <kickoff reason="threshold reached" targetBytes="76213114" thresholdFreeBytes="6598141"  remainingFree="6569064" tenureFreeBytes="148322816" nurseryFreeBytes="6569064" />
</concurrent-kickoff>
<exclusive-start id="1320" timestamp="2022-02-08T16:46:39.022" intervalms="907.623">
  <response-info timems="0.021" idlems="0.021" threads="0" lastid="0000000000016F00" lastname="main" />
</exclusive-start>
<cycle-start id="1321" type="global" contextid="0" timestamp="2022-02-08T16:46:39.022" intervalms="3111.358" />
<concurrent-start id="1322" type="global mark" contextid="1321" timestamp="2022-02-08T16:46:39.022">
</concurrent-start>
<exclusive-end id="1323" timestamp="2022-02-08T16:46:39.022" durationms="0.038" />

<exclusive-start id="1324" timestamp="2022-02-08T16:46:39.180" intervalms="158.255">
  <response-info timems="0.042" idlems="0.042" threads="0" lastid="0000000000016F00" lastname="main" />
</exclusive-start>
<af-start id="1325" threadId="0000000000017908" totalBytesRequested="112" timestamp="2022-02-08T16:46:39.180" intervalms="1065.871" type="nursery" />
<cycle-start id="1326" type="scavenge" contextid="0" timestamp="2022-02-08T16:46:39.180" intervalms="1065.870" />
<gc-start id="1327" type="scavenge" contextid="1326" timestamp="2022-02-08T16:46:39.181">
  <mem-info id="1328" free="148322816" total="1073741824" percent="13">
    <mem type="nursery" free="0" total="268435456" percent="0">
      <mem type="allocate" free="0" total="183369728" percent="0" />
      <mem type="survivor" free="0" total="85065728" percent="0" />
    </mem>
    <mem type="tenure" free="148322816" total="805306368" percent="18">
      <mem type="soa" free="140269056" total="797252608" percent="17" />
      <mem type="loa" free="8053760" total="8053760" percent="100" />
    </mem>
    <remembered-set count="135" />
  </mem-info>
</gc-start>
<allocation-stats totalBytes="106592936" >
  <allocated-bytes non-tlh="2214936" tlh="104378000" />
  <largest-consumer threadName="main" threadId="0000000000016F00" bytes="106588840" />
</allocation-stats>
<gc-op id="1329" type="scavenge" timems="80.725" contextid="1326" timestamp="2022-02-08T16:46:39.261">
  <scavenger-info tenureage="1" tenuremask="7ffe" tiltratio="68" />
  <memory-copied type="nursery" objects="1360196" bytes="75442464" bytesdiscarded="132080" />
  <memory-copied type="tenure" objects="1417386" bytes="76166592" bytesdiscarded="38944" />
  <finalization candidates="80" enqueued="23" />
  <references type="soft" candidates="14" cleared="0" enqueued="0" dynamicThreshold="11" maxThreshold="32" />
  <references type="weak" candidates="1" cleared="0" enqueued="0" />
  <references type="phantom" candidates="65" cleared="7" enqueued="7" />
  <object-monitors candidates="2" cleared="0"  />
</gc-op>
<gc-end id="1330" type="scavenge" contextid="1326" durationms="80.978" usertimems="319.680" systemtimems="0.000" stalltimems="2.366" timestamp="2022-02-08T16:46:39.261" activeThreads="4">
  <mem-info id="1331" free="180360760" total="1073741824" percent="16">
    <mem type="nursery" free="108253808" total="268435456" percent="40">
      <mem type="allocate" free="108253808" total="183828480" percent="58" />
      <mem type="survivor" free="0" total="84606976" percent="0" />
    </mem>
    <mem type="tenure" free="72106952" total="805306368" percent="8" macro-fragmented="47927252">
      <mem type="soa" free="64053192" total="797252608" percent="8" />
      <mem type="loa" free="8053760" total="8053760" percent="100" />
    </mem>
    <pending-finalizers system="22" default="1" reference="7" classloader="0" />
    <remembered-set count="116" />
  </mem-info>
</gc-end>
<cycle-end id="1332" type="scavenge" contextid="1326" timestamp="2022-02-08T16:46:39.262" />
<allocation-satisfied id="1333" threadId="0000000000016F00" bytesRequested="112" />
<af-end id="1334" timestamp="2022-02-08T16:46:39.262" threadId="0000000000017908" success="true" from="nursery"/>
<exclusive-end id="1335" timestamp="2022-02-08T16:46:39.262" durationms="81.411" />

<concurrent-end id="1336" type="global mark" contextid="1321" timestamp="2022-02-08T16:46:39.363">
<gc-op id="1337" type="trace" timems="340.715" contextid="1321" timestamp="2022-02-08T16:46:39.363">
  <trace bytesTraced="74428884" workStackOverflowCount="0" />
  <card-cleaning reason="card cleaning threshold reached" bytesTraced="188" cardsCleaned="1" />
</gc-op>
</concurrent-end>

<exclusive-start id="1338" timestamp="2022-02-08T16:46:39.363" intervalms="182.536">
  <response-info timems="0.021" idlems="0.021" threads="0" lastid="0000000000016F00" lastname="main" />
</exclusive-start>
<concurrent-global-final id="1339" timestamp="2022-02-08T16:46:39.363" contextid="1321" intervalms="3114.793" >
  <concurrent-trace-info reason="card cleaning threshold reached" tracedByMutators="51930536" tracedByHelpers="22498536" cardsCleaned="1" workStackOverflowCount="0" />
</concurrent-global-final>
<gc-start id="1340" type="global" contextid="1321" timestamp="2022-02-08T16:46:39.363">
  <mem-info id="1341" free="175404488" total="1073741824" percent="16">
    <mem type="nursery" free="103297536" total="268435456" percent="38">
      <mem type="allocate" free="103297536" total="183828480" percent="56" />
      <mem type="survivor" free="0" total="84606976" percent="0" />
    </mem>
    <mem type="tenure" free="72106952" total="805306368" percent="8">
      <mem type="soa" free="64053192" total="797252608" percent="8" />
      <mem type="loa" free="8053760" total="8053760" percent="100" />
    </mem>
    <remembered-set count="117" />
  </mem-info>
</gc-start>
<allocation-stats totalBytes="4954040" >
  <allocated-bytes non-tlh="112" tlh="4953928" />
  <largest-consumer threadName="main" threadId="0000000000016F00" bytes="4945848" />
</allocation-stats>
<gc-op id="1342" type="rs-scan" timems="134.913" contextid="1321" timestamp="2022-02-08T16:46:39.498">
  <scan objectsFound="3324744" bytesTraced="71013284" workStackOverflowCount="0" />
</gc-op>
<gc-op id="1343" type="card-cleaning" timems="0.322" contextid="1321" timestamp="2022-02-08T16:46:39.498">
  <card-cleaning cardsCleaned="4" bytesTraced="5972" workStackOverflowCount="0" />
</gc-op>
<gc-op id="1344" type="mark" timems="49.539" contextid="1321" timestamp="2022-02-08T16:46:39.548">
  <trace-info objectcount="1407886" scancount="1057440" scanbytes="22626488" />
  <finalization candidates="428" enqueued="57" />
  <ownableSynchronizers candidates="1" cleared="0" />
  <references type="soft" candidates="894" cleared="0" enqueued="0" dynamicThreshold="11" maxThreshold="32" />
  <references type="weak" candidates="1701" cleared="0" enqueued="0" />
  <references type="phantom" candidates="52" cleared="2" enqueued="2" />
  <stringconstants candidates="6470" cleared="0"  />
  <object-monitors candidates="2" cleared="0"  />
</gc-op>
<gc-op id="1345" type="sweep" timems="4.570" contextid="1321" timestamp="2022-02-08T16:46:39.553" />
<gc-end id="1346" type="global" contextid="1321" durationms="189.556" usertimems="246.079" systemtimems="0.000" stalltimems="105.319" timestamp="2022-02-08T16:46:39.553" activeThreads="4">
  <mem-info id="1347" free="418788432" total="1073741824" percent="39">
    <mem type="nursery" free="103737528" total="268435456" percent="38">
      <mem type="allocate" free="103737528" total="183828480" percent="56" />
      <mem type="survivor" free="0" total="84606976" percent="0" />
    </mem>
    <mem type="tenure" free="315050904" total="805306368" percent="39" micro-fragmented="249286" macro-fragmented="2592282">
      <mem type="soa" free="306997144" total="797252608" percent="38" />
      <mem type="loa" free="8053760" total="8053760" percent="100" />
    </mem>
    <pending-finalizers system="57" default="0" reference="2" classloader="0" />
    <remembered-set count="104" />
  </mem-info>
</gc-end>
<cycle-end id="1348" type="global" contextid="1321" timestamp="2022-02-08T16:46:39.553" />
<exclusive-end id="1349" timestamp="2022-02-08T16:46:39.553" durationms="189.767" />

<exclusive-start id="1350" timestamp="2022-02-08T16:46:40.301" intervalms="938.217">
  <response-info timems="0.020" idlems="0.020" threads="0" lastid="0000000000016F00" lastname="main" />
</exclusive-start>
<af-start id="1351" threadId="0000000000017908" totalBytesRequested="200" timestamp="2022-02-08T16:46:40.301" intervalms="1120.754" type="nursery" />
<cycle-start id="1352" type="scavenge" contextid="0" timestamp="2022-02-08T16:46:40.301" intervalms="1120.754" />
<gc-start id="1353" type="scavenge" contextid="1352" timestamp="2022-02-08T16:46:40.301">
  <mem-info id="1354" free="315050904" total="1073741824" percent="29">
    <mem type="nursery" free="0" total="268435456" percent="0">
      <mem type="allocate" free="0" total="183828480" percent="0" />
      <mem type="survivor" free="0" total="84606976" percent="0" />
    </mem>
    <mem type="tenure" free="315050904" total="805306368" percent="39">
      <mem type="soa" free="306997144" total="797252608" percent="38" />
      <mem type="loa" free="8053760" total="8053760" percent="100" />
    </mem>
    <remembered-set count="105" />
  </mem-info>
</gc-start>
<allocation-stats totalBytes="103690024" >
  <allocated-bytes non-tlh="0" tlh="103690024" />
  <largest-consumer threadName="main" threadId="0000000000016F00" bytes="103685928" />
</allocation-stats>
<gc-op id="1355" type="scavenge" timems="82.871" contextid="1352" timestamp="2022-02-08T16:46:40.384">
  <scavenger-info tenureage="1" tenuremask="7ffe" tiltratio="68" />
  <memory-copied type="nursery" objects="1417411" bytes="77351688" bytesdiscarded="316176" />
  <memory-copied type="tenure" objects="1359871" bytes="75234840" bytesdiscarded="37976" />
  <finalization candidates="30" enqueued="0" />
  <ownableSynchronizers candidates="2" cleared="2" />
  <object-monitors candidates="2" cleared="0"  />
</gc-op>
<gc-end id="1356" type="scavenge" contextid="1352" durationms="83.087" usertimems="327.917" systemtimems="0.000" stalltimems="2.363" timestamp="2022-02-08T16:46:40.384" activeThreads="4">
  <mem-info id="1357" free="344819528" total="1073741824" percent="32">
    <mem type="nursery" free="105308648" total="268435456" percent="39">
      <mem type="allocate" free="105308648" total="182976512" percent="57" />
      <mem type="survivor" free="0" total="85458944" percent="0" />
    </mem>
    <mem type="tenure" free="239510880" total="805306368" percent="29" macro-fragmented="0">
      <mem type="soa" free="231457120" total="797252608" percent="29" />
      <mem type="loa" free="8053760" total="8053760" percent="100" />
    </mem>
    <remembered-set count="104" />
  </mem-info>
</gc-end>
<cycle-end id="1358" type="scavenge" contextid="1352" timestamp="2022-02-08T16:46:40.384" />
<allocation-satisfied id="1359" threadId="0000000000016F00" bytesRequested="200" />
<af-end id="1360" timestamp="2022-02-08T16:46:40.384" threadId="0000000000017908" success="true" from="nursery"/>
<exclusive-end id="1361" timestamp="2022-02-08T16:46:40.385" durationms="83.337" />

<exclusive-start id="1362" timestamp="2022-02-08T16:46:41.084" intervalms="782.773">
  <response-info timems="0.029" idlems="0.029" threads="0" lastid="0000000000016F00" lastname="main" />
</exclusive-start>
<af-start id="1363" threadId="0000000000017908" totalBytesRequested="184" timestamp="2022-02-08T16:46:41.084" intervalms="782.776" type="nursery" />
<cycle-start id="1364" type="scavenge" contextid="0" timestamp="2022-02-08T16:46:41.084" intervalms="782.777" />
<gc-start id="1365" type="scavenge" contextid="1364" timestamp="2022-02-08T16:46:41.084">
  <mem-info id="1366" free="239510880" total="1073741824" percent="22">
    <mem type="nursery" free="0" total="268435456" percent="0">
      <mem type="allocate" free="0" total="182976512" percent="0" />
      <mem type="survivor" free="0" total="85458944" percent="0" />
    </mem>
    <mem type="tenure" free="239510880" total="805306368" percent="29">
      <mem type="soa" free="231457120" total="797252608" percent="29" />
      <mem type="loa" free="8053760" total="8053760" percent="100" />
    </mem>
    <remembered-set count="104" />
  </mem-info>
</gc-start>
<allocation-stats totalBytes="105258056" >
  <allocated-bytes non-tlh="200" tlh="105257856" />
  <largest-consumer threadName="main" threadId="0000000000016F00" bytes="105258056" />
</allocation-stats>
<gc-op id="1367" type="scavenge" timems="85.551" contextid="1364" timestamp="2022-02-08T16:46:41.170">
  <scavenger-info tenureage="1" tenuremask="7ffe" tiltratio="68" />
  <memory-copied type="nursery" objects="1306989" bytes="74816520" bytesdiscarded="137208" />
  <memory-copied type="tenure" objects="1417410" bytes="77351576" bytesdiscarded="41056" />
  <object-monitors candidates="2" cleared="0"  />
</gc-op>
<gc-end id="1368" type="scavenge" contextid="1364" durationms="85.764" usertimems="337.477" systemtimems="0.254" stalltimems="3.158" timestamp="2022-02-08T16:46:41.170" activeThreads="4">
  <mem-info id="1369" free="270480912" total="1073741824" percent="25">
    <mem type="nursery" free="108416000" total="268435456" percent="40">
      <mem type="allocate" free="108416000" total="183369728" percent="59" />
      <mem type="survivor" free="0" total="85065728" percent="0" />
    </mem>
    <mem type="tenure" free="162064912" total="805306368" percent="20" macro-fragmented="0">
      <mem type="soa" free="154011152" total="797252608" percent="19" />
      <mem type="loa" free="8053760" total="8053760" percent="100" />
    </mem>
    <remembered-set count="104" />
  </mem-info>
</gc-end>
<cycle-end id="1370" type="scavenge" contextid="1364" timestamp="2022-02-08T16:46:41.170" />
<allocation-satisfied id="1371" threadId="0000000000016F00" bytesRequested="184" />
<af-end id="1372" timestamp="2022-02-08T16:46:41.170" threadId="0000000000017908" success="true" from="nursery"/>
<exclusive-end id="1373" timestamp="2022-02-08T16:46:41.170" durationms="86.065" />

<concurrent-kickoff id="1374" timestamp="2022-02-08T16:46:42.063">
  <kickoff reason="threshold reached" targetBytes="75855522" thresholdFreeBytes="6501534"  remainingFree="6480400" tenureFreeBytes="162064912" nurseryFreeBytes="6480400" />
</concurrent-kickoff>
<exclusive-start id="1375" timestamp="2022-02-08T16:46:42.066" intervalms="982.292">
  <response-info timems="0.021" idlems="0.021" threads="0" lastid="0000000000016F00" lastname="main" />
</exclusive-start>
<cycle-start id="1376" type="global" contextid="0" timestamp="2022-02-08T16:46:42.066" intervalms="3044.073" />
<concurrent-start id="1377" type="global mark" contextid="1376" timestamp="2022-02-08T16:46:42.066">
</concurrent-start>
<exclusive-end id="1378" timestamp="2022-02-08T16:46:42.066" durationms="0.029" />

<exclusive-start id="1379" timestamp="2022-02-08T16:46:42.217" intervalms="151.131">
  <response-info timems="0.019" idlems="0.019" threads="0" lastid="0000000000016F00" lastname="main" />
</exclusive-start>
<af-start id="1380" threadId="0000000000017908" totalBytesRequested="184" timestamp="2022-02-08T16:46:42.217" intervalms="1133.420" type="nursery" />
<cycle-start id="1381" type="scavenge" contextid="0" timestamp="2022-02-08T16:46:42.217" intervalms="1133.418" />
<gc-start id="1382" type="scavenge" contextid="1381" timestamp="2022-02-08T16:46:42.217">
  <mem-info id="1383" free="162064912" total="1073741824" percent="15">
    <mem type="nursery" free="0" total="268435456" percent="0">
      <mem type="allocate" free="0" total="183369728" percent="0" />
      <mem type="survivor" free="0" total="85065728" percent="0" />
    </mem>
    <mem type="tenure" free="162064912" total="805306368" percent="20">
      <mem type="soa" free="154011152" total="797252608" percent="19" />
      <mem type="loa" free="8053760" total="8053760" percent="100" />
    </mem>
    <remembered-set count="134" />
  </mem-info>
</gc-start>
<allocation-stats totalBytes="108370464" >
  <allocated-bytes non-tlh="3009008" tlh="105361456" />
  <largest-consumer threadName="main" threadId="0000000000016F00" bytes="108370464" />
</allocation-stats>
<gc-op id="1384" type="scavenge" timems="81.965" contextid="1381" timestamp="2022-02-08T16:46:42.299">
  <scavenger-info tenureage="1" tenuremask="7ffe" tiltratio="68" />
  <memory-copied type="nursery" objects="1458648" bytes="76209768" bytesdiscarded="165488" />
  <memory-copied type="tenure" objects="1306988" bytes="74816416" bytesdiscarded="35576" />
  <finalization candidates="110" enqueued="53" />
  <references type="soft" candidates="14" cleared="0" enqueued="0" dynamicThreshold="12" maxThreshold="32" />
  <references type="weak" candidates="1" cleared="0" enqueued="0" />
  <references type="phantom" candidates="95" cleared="7" enqueued="7" />
  <object-monitors candidates="2" cleared="0"  />
</gc-op>
<gc-end id="1385" type="scavenge" contextid="1381" durationms="82.169" usertimems="320.159" systemtimems="0.000" stalltimems="3.531" timestamp="2022-02-08T16:46:42.300" activeThreads="4">
  <mem-info id="1386" free="194531392" total="1073741824" percent="18">
    <mem type="nursery" free="107256488" total="268435456" percent="39">
      <mem type="allocate" free="107256488" total="183631872" percent="58" />
      <mem type="survivor" free="0" total="84803584" percent="0" />
    </mem>
    <mem type="tenure" free="87274904" total="805306368" percent="10" macro-fragmented="39939376">
      <mem type="soa" free="79221144" total="797252608" percent="9" />
      <mem type="loa" free="8053760" total="8053760" percent="100" />
    </mem>
    <pending-finalizers system="52" default="1" reference="7" classloader="0" />
    <remembered-set count="129" />
  </mem-info>
</gc-end>
<cycle-end id="1387" type="scavenge" contextid="1381" timestamp="2022-02-08T16:46:42.300" />
<allocation-satisfied id="1388" threadId="0000000000016F00" bytesRequested="184" />
<af-end id="1389" timestamp="2022-02-08T16:46:42.300" threadId="0000000000017908" success="true" from="nursery"/>
<exclusive-end id="1390" timestamp="2022-02-08T16:46:42.300" durationms="82.444" />

<concurrent-end id="1391" type="global mark" contextid="1376" timestamp="2022-02-08T16:46:42.385">
<gc-op id="1392" type="trace" timems="319.175" contextid="1376" timestamp="2022-02-08T16:46:42.385">
  <trace bytesTraced="74429092" workStackOverflowCount="0" />
  <card-cleaning reason="card cleaning threshold reached" bytesTraced="188" cardsCleaned="1" />
</gc-op>
</concurrent-end>

<exclusive-start id="1393" timestamp="2022-02-08T16:46:42.385" intervalms="168.114">
  <response-info timems="0.018" idlems="0.018" threads="0" lastid="0000000000016F00" lastname="main" />
</exclusive-start>
<concurrent-global-final id="1394" timestamp="2022-02-08T16:46:42.386" contextid="1376" intervalms="3022.523" >
  <concurrent-trace-info reason="card cleaning threshold reached" tracedByMutators="53872008" tracedByHelpers="20557272" cardsCleaned="1" workStackOverflowCount="0" />
</concurrent-global-final>
<gc-start id="1395" type="global" contextid="1376" timestamp="2022-02-08T16:46:42.386">
  <mem-info id="1396" free="188649352" total="1073741824" percent="17">
    <mem type="nursery" free="101374448" total="268435456" percent="37">
      <mem type="allocate" free="101374448" total="183631872" percent="55" />
      <mem type="survivor" free="0" total="84803584" percent="0" />
    </mem>
    <mem type="tenure" free="87274904" total="805306368" percent="10">
      <mem type="soa" free="79221144" total="797252608" percent="9" />
      <mem type="loa" free="8053760" total="8053760" percent="100" />
    </mem>
    <remembered-set count="130" />
  </mem-info>
</gc-start>
<allocation-stats totalBytes="5879608" >
  <allocated-bytes non-tlh="184" tlh="5879424" />
  <largest-consumer threadName="main" threadId="0000000000016F00" bytes="5871416" />
</allocation-stats>
<gc-op id="1397" type="rs-scan" timems="156.984" contextid="1376" timestamp="2022-02-08T16:46:42.543">
  <scan objectsFound="3324744" bytesTraced="71013260" workStackOverflowCount="0" />
</gc-op>
<gc-op id="1398" type="card-cleaning" timems="0.281" contextid="1376" timestamp="2022-02-08T16:46:42.543">
  <card-cleaning cardsCleaned="4" bytesTraced="5972" workStackOverflowCount="0" />
</gc-op>
<gc-op id="1399" type="mark" timems="36.712" contextid="1376" timestamp="2022-02-08T16:46:42.580">
  <trace-info objectcount="1146948" scancount="861737" scanbytes="18451464" />
  <finalization candidates="428" enqueued="57" />
  <ownableSynchronizers candidates="1" cleared="0" />
  <references type="soft" candidates="894" cleared="0" enqueued="0" dynamicThreshold="12" maxThreshold="32" />
  <references type="weak" candidates="1701" cleared="0" enqueued="0" />
  <references type="phantom" candidates="52" cleared="2" enqueued="2" />
  <stringconstants candidates="6470" cleared="0"  />
  <object-monitors candidates="2" cleared="0"  />
</gc-op>
<gc-op id="1400" type="sweep" timems="4.634" contextid="1376" timestamp="2022-02-08T16:46:42.584" />
<gc-end id="1401" type="global" contextid="1376" durationms="198.874" usertimems="242.630" systemtimems="1.189" stalltimems="79.550" timestamp="2022-02-08T16:46:42.584" activeThreads="4">
  <mem-info id="1402" free="432370296" total="1073741824" percent="40">
    <mem type="nursery" free="102107640" total="268435456" percent="38">
      <mem type="allocate" free="102107640" total="183631872" percent="55" />
      <mem type="survivor" free="0" total="84803584" percent="0" />
    </mem>
    <mem type="tenure" free="330262656" total="805306368" percent="41" micro-fragmented="185005" macro-fragmented="0">
      <mem type="soa" free="322208896" total="797252608" percent="40" />
      <mem type="loa" free="8053760" total="8053760" percent="100" />
    </mem>
    <pending-finalizers system="57" default="0" reference="2" classloader="0" />
    <remembered-set count="112" />
  </mem-info>
</gc-end>
<cycle-end id="1403" type="global" contextid="1376" timestamp="2022-02-08T16:46:42.585" />
<exclusive-end id="1404" timestamp="2022-02-08T16:46:42.585" durationms="199.114" />

<exclusive-start id="1405" timestamp="2022-02-08T16:46:43.319" intervalms="933.693">
  <response-info timems="0.021" idlems="0.021" threads="0" lastid="0000000000016F00" lastname="main" />
</exclusive-start>
<af-start id="1406" threadId="0000000000017908" totalBytesRequested="184" timestamp="2022-02-08T16:46:43.319" intervalms="1101.822" type="nursery" />
<cycle-start id="1407" type="scavenge" contextid="0" timestamp="2022-02-08T16:46:43.319" intervalms="1101.825" />
<gc-start id="1408" type="scavenge" contextid="1407" timestamp="2022-02-08T16:46:43.319">
  <mem-info id="1409" free="330262656" total="1073741824" percent="30">
    <mem type="nursery" free="0" total="268435456" percent="0">
      <mem type="allocate" free="0" total="183631872" percent="0" />
      <mem type="survivor" free="0" total="84803584" percent="0" />
    </mem>
    <mem type="tenure" free="330262656" total="805306368" percent="41">
      <mem type="soa" free="322208896" total="797252608" percent="40" />
      <mem type="loa" free="8053760" total="8053760" percent="100" />
    </mem>
    <remembered-set count="113" />
  </mem-info>
</gc-start>
<allocation-stats totalBytes="102058656" >
  <allocated-bytes non-tlh="0" tlh="102058656" />
  <largest-consumer threadName="main" threadId="0000000000016F00" bytes="102054560" />
</allocation-stats>
<gc-op id="1410" type="scavenge" timems="83.786" contextid="1407" timestamp="2022-02-08T16:46:43.403">
  <scavenger-info tenureage="1" tenuremask="7ffe" tiltratio="68" />
  <memory-copied type="nursery" objects="1388423" bytes="76783752" bytesdiscarded="286584" />
  <memory-copied type="tenure" objects="1457932" bytes="75741728" bytesdiscarded="41248" />
  <finalization candidates="57" enqueued="0" />
  <ownableSynchronizers candidates="2" cleared="2" />
  <object-monitors candidates="2" cleared="0"  />
</gc-op>
<gc-end id="1411" type="scavenge" contextid="1407" durationms="84.086" usertimems="331.829" systemtimems="0.000" stalltimems="2.666" timestamp="2022-02-08T16:46:43.403" activeThreads="4">
  <mem-info id="1412" free="361902424" total="1073741824" percent="33">
    <mem type="nursery" free="107544576" total="268435456" percent="40">
      <mem type="allocate" free="107544576" total="184614912" percent="58" />
      <mem type="survivor" free="0" total="83820544" percent="0" />
    </mem>
    <mem type="tenure" free="254357848" total="805306368" percent="31" macro-fragmented="1800196">
      <mem type="soa" free="246304088" total="797252608" percent="30" />
      <mem type="loa" free="8053760" total="8053760" percent="100" />
    </mem>
    <remembered-set count="104" />
  </mem-info>
</gc-end>
<cycle-end id="1413" type="scavenge" contextid="1407" timestamp="2022-02-08T16:46:43.404" />
<allocation-satisfied id="1414" threadId="0000000000016F00" bytesRequested="184" />
<af-end id="1415" timestamp="2022-02-08T16:46:43.404" threadId="0000000000017908" success="true" from="nursery"/>
<exclusive-end id="1416" timestamp="2022-02-08T16:46:43.404" durationms="84.388" />

<exclusive-start id="1417" timestamp="2022-02-08T16:46:44.115" intervalms="795.650">
  <response-info timems="0.020" idlems="0.020" threads="0" lastid="0000000000016F00" lastname="main" />
</exclusive-start>
<af-start id="1418" threadId="0000000000017908" totalBytesRequested="200" timestamp="2022-02-08T16:46:44.115" intervalms="795.645" type="nursery" />
<cycle-start id="1419" type="scavenge" contextid="0" timestamp="2022-02-08T16:46:44.115" intervalms="795.659" />
<gc-start id="1420" type="scavenge" contextid="1419" timestamp="2022-02-08T16:46:44.115">
  <mem-info id="1421" free="254357848" total="1073741824" percent="23">
    <mem type="nursery" free="0" total="268435456" percent="0">
      <mem type="allocate" free="0" total="184614912" percent="0" />
      <mem type="survivor" free="0" total="83820544" percent="0" />
    </mem>
    <mem type="tenure" free="254357848" total="805306368" percent="31">
      <mem type="soa" free="246304088" total="797252608" percent="30" />
      <mem type="loa" free="8053760" total="8053760" percent="100" />
    </mem>
    <remembered-set count="104" />
  </mem-info>
</gc-start>
<allocation-stats totalBytes="107494864" >
  <allocated-bytes non-tlh="184" tlh="107494680" />
  <largest-consumer threadName="main" threadId="0000000000016F00" bytes="107494864" />
</allocation-stats>
<gc-op id="1422" type="scavenge" timems="84.824" contextid="1419" timestamp="2022-02-08T16:46:44.200">
  <scavenger-info tenureage="1" tenuremask="7ffe" tiltratio="68" />
  <memory-copied type="nursery" objects="1351737" bytes="76452336" bytesdiscarded="170680" />
  <memory-copied type="tenure" objects="1388422" bytes="76783648" bytesdiscarded="45672" />
  <object-monitors candidates="2" cleared="0"  />
</gc-op>
<gc-end id="1423" type="scavenge" contextid="1419" durationms="85.098" usertimems="335.392" systemtimems="0.000" stalltimems="3.091" timestamp="2022-02-08T16:46:44.200" activeThreads="4">
  <mem-info id="1424" free="285520904" total="1073741824" percent="26">
    <mem type="nursery" free="108188504" total="268435456" percent="40">
      <mem type="allocate" free="108188504" total="184811520" percent="58" />
      <mem type="survivor" free="0" total="83623936" percent="0" />
    </mem>
    <mem type="tenure" free="177332400" total="805306368" percent="22" macro-fragmented="0">
      <mem type="soa" free="169278640" total="797252608" percent="21" />
      <mem type="loa" free="8053760" total="8053760" percent="100" />
    </mem>
    <remembered-set count="104" />
  </mem-info>
</gc-end>
<cycle-end id="1425" type="scavenge" contextid="1419" timestamp="2022-02-08T16:46:44.200" />
<allocation-satisfied id="1426" threadId="0000000000016F00" bytesRequested="200" />
<af-end id="1427" timestamp="2022-02-08T16:46:44.200" threadId="0000000000017908" success="true" from="nursery"/>
<exclusive-end id="1428" timestamp="2022-02-08T16:46:44.200" durationms="85.405" />

<exclusive-start id="1429" timestamp="2022-02-08T16:46:45.124" intervalms="1009.059">
  <response-info timems="0.022" idlems="0.022" threads="0" lastid="0000000000016F00" lastname="main" />
</exclusive-start>
<af-start id="1430" threadId="0000000000017908" totalBytesRequested="136" timestamp="2022-02-08T16:46:45.124" intervalms="1009.050" type="nursery" />
<cycle-start id="1431" type="scavenge" contextid="0" timestamp="2022-02-08T16:46:45.124" intervalms="1009.035" />
<gc-start id="1432" type="scavenge" contextid="1431" timestamp="2022-02-08T16:46:45.124">
  <mem-info id="1433" free="177332400" total="1073741824" percent="16">
    <mem type="nursery" free="0" total="268435456" percent="0">
      <mem type="allocate" free="0" total="184811520" percent="0" />
      <mem type="survivor" free="0" total="83623936" percent="0" />
    </mem>
    <mem type="tenure" free="177332400" total="805306368" percent="22">
      <mem type="soa" free="169278640" total="797252608" percent="21" />
      <mem type="loa" free="8053760" total="8053760" percent="100" />
    </mem>
    <remembered-set count="135" />
  </mem-info>
</gc-start>
<allocation-stats totalBytes="108141696" >
  <allocated-bytes non-tlh="2841648" tlh="105300048" />
  <largest-consumer threadName="main" threadId="0000000000016F00" bytes="108141696" />
</allocation-stats>
<gc-op id="1434" type="scavenge" timems="92.329" contextid="1431" timestamp="2022-02-08T16:46:45.216">
  <scavenger-info tenureage="1" tenuremask="7ffe" tiltratio="68" />
  <memory-copied type="nursery" objects="1441481" bytes="75994832" bytesdiscarded="190448" />
  <memory-copied type="tenure" objects="1351736" bytes="76452224" bytesdiscarded="38224" />
  <finalization candidates="110" enqueued="53" />
  <references type="soft" candidates="14" cleared="0" enqueued="0" dynamicThreshold="13" maxThreshold="32" />
  <references type="weak" candidates="1" cleared="0" enqueued="0" />
  <references type="phantom" candidates="95" cleared="7" enqueued="7" />
  <object-monitors candidates="2" cleared="0"  />
</gc-op>
<gc-end id="1435" type="scavenge" contextid="1431" durationms="92.546" usertimems="365.733" systemtimems="0.000" stalltimems="2.792" timestamp="2022-02-08T16:46:45.217" activeThreads="4">
  <mem-info id="1436" free="209739064" total="1073741824" percent="19">
    <mem type="nursery" free="108822720" total="268435456" percent="40">
      <mem type="allocate" free="108822720" total="185008128" percent="58" />
      <mem type="survivor" free="0" total="83427328" percent="0" />
    </mem>
    <mem type="tenure" free="100916344" total="805306368" percent="12" macro-fragmented="57512708">
      <mem type="soa" free="92862584" total="797252608" percent="11" />
      <mem type="loa" free="8053760" total="8053760" percent="100" />
    </mem>
    <pending-finalizers system="52" default="1" reference="7" classloader="0" />
    <remembered-set count="130" />
  </mem-info>
</gc-end>
<cycle-end id="1437" type="scavenge" contextid="1431" timestamp="2022-02-08T16:46:45.217" />
<allocation-satisfied id="1438" threadId="0000000000016F00" bytesRequested="136" />
<af-end id="1439" timestamp="2022-02-08T16:46:45.217" threadId="0000000000017908" success="true" from="nursery"/>
<exclusive-end id="1440" timestamp="2022-02-08T16:46:45.217" durationms="92.797" />

<concurrent-kickoff id="1441" timestamp="2022-02-08T16:46:45.960">
  <kickoff reason="threshold reached" targetBytes="75569722" thresholdFreeBytes="6438795"  remainingFree="6348856" tenureFreeBytes="100916344" nurseryFreeBytes="6348856" />
</concurrent-kickoff>
<exclusive-start id="1442" timestamp="2022-02-08T16:46:45.964" intervalms="840.070">
  <response-info timems="0.078" idlems="0.078" threads="0" lastid="0000000000016F00" lastname="main" />
</exclusive-start>
<cycle-start id="1443" type="global" contextid="0" timestamp="2022-02-08T16:46:45.964" intervalms="3897.726" />
<concurrent-start id="1444" type="global mark" contextid="1443" timestamp="2022-02-08T16:46:45.964">
</concurrent-start>
<exclusive-end id="1445" timestamp="2022-02-08T16:46:45.964" durationms="0.042" />

<exclusive-start id="1446" timestamp="2022-02-08T16:46:46.149" intervalms="185.269">
  <response-info timems="0.041" idlems="0.041" threads="0" lastid="0000000000016F00" lastname="main" />
</exclusive-start>
<af-start id="1447" threadId="0000000000017908" totalBytesRequested="184" timestamp="2022-02-08T16:46:46.149" intervalms="1025.339" type="nursery" />
<cycle-start id="1448" type="scavenge" contextid="0" timestamp="2022-02-08T16:46:46.149" intervalms="1025.339" />
<gc-start id="1449" type="scavenge" contextid="1448" timestamp="2022-02-08T16:46:46.149">
  <mem-info id="1450" free="100916344" total="1073741824" percent="9">
    <mem type="nursery" free="0" total="268435456" percent="0">
      <mem type="allocate" free="0" total="185008128" percent="0" />
      <mem type="survivor" free="0" total="83427328" percent="0" />
    </mem>
    <mem type="tenure" free="100916344" total="805306368" percent="12">
      <mem type="soa" free="92862584" total="797252608" percent="11" />
      <mem type="loa" free="8053760" total="8053760" percent="100" />
    </mem>
    <remembered-set count="131" />
  </mem-info>
</gc-start>
<allocation-stats totalBytes="108771312" >
  <allocated-bytes non-tlh="136" tlh="108771176" />
  <largest-consumer threadName="main" threadId="0000000000016F00" bytes="108763120" />
</allocation-stats>
<gc-op id="1451" type="scavenge" timems="105.731" contextid="1448" timestamp="2022-02-08T16:46:46.255">
  <scavenger-info tenureage="1" tenuremask="7ffe" tiltratio="68" />
  <memory-copied type="nursery" objects="1407977" bytes="77513744" bytesdiscarded="178032" />
  <memory-copied type="tenure" objects="1440769" bytes="75526896" bytesdiscarded="39048" />
  <finalization candidates="57" enqueued="0" />
  <object-monitors candidates="2" cleared="0"  />
</gc-op>
<gc-end id="1452" type="scavenge" contextid="1448" durationms="105.873" usertimems="350.304" systemtimems="0.000" stalltimems="7.126" timestamp="2022-02-08T16:46:46.255" activeThreads="4">
  <mem-info id="1453" free="131265616" total="1073741824" percent="12">
    <mem type="nursery" free="105743488" total="268435456" percent="39">
      <mem type="allocate" free="105743488" total="183435264" percent="57" />
      <mem type="survivor" free="0" total="85000192" percent="0" />
    </mem>
    <mem type="tenure" free="25522128" total="805306368" percent="3" macro-fragmented="23791252">
      <mem type="soa" free="17468368" total="797252608" percent="2" />
      <mem type="loa" free="8053760" total="8053760" percent="100" />
    </mem>
    <remembered-set count="103" />
  </mem-info>
</gc-end>
<cycle-end id="1454" type="scavenge" contextid="1448" timestamp="2022-02-08T16:46:46.255" />
<allocation-satisfied id="1455" threadId="0000000000016F00" bytesRequested="184" />
<af-end id="1456" timestamp="2022-02-08T16:46:46.255" threadId="0000000000017908" success="true" from="nursery"/>
<exclusive-end id="1457" timestamp="2022-02-08T16:46:46.255" durationms="106.147" />

<concurrent-end id="1458" type="global mark" contextid="1443" timestamp="2022-02-08T16:46:46.328">
<gc-op id="1459" type="trace" timems="364.192" contextid="1443" timestamp="2022-02-08T16:46:46.328">
  <trace bytesTraced="74429316" workStackOverflowCount="0" />
  <card-cleaning reason="card cleaning threshold reached" bytesTraced="188" cardsCleaned="1" />
</gc-op>
</concurrent-end>

<exclusive-start id="1460" timestamp="2022-02-08T16:46:46.328" intervalms="179.019">
  <response-info timems="0.024" idlems="0.024" threads="0" lastid="0000000000016F00" lastname="main" />
</exclusive-start>
<concurrent-global-final id="1461" timestamp="2022-02-08T16:46:46.328" contextid="1443" intervalms="3942.763" >
  <concurrent-trace-info reason="card cleaning threshold reached" tracedByMutators="50783848" tracedByHelpers="23645656" cardsCleaned="1" workStackOverflowCount="0" />
</concurrent-global-final>
<gc-start id="1462" type="global" contextid="1443" timestamp="2022-02-08T16:46:46.328">
  <mem-info id="1463" free="126317464" total="1073741824" percent="11">
    <mem type="nursery" free="100795336" total="268435456" percent="37">
      <mem type="allocate" free="100795336" total="183435264" percent="54" />
      <mem type="survivor" free="0" total="85000192" percent="0" />
    </mem>
    <mem type="tenure" free="25522128" total="805306368" percent="3">
      <mem type="soa" free="17468368" total="797252608" percent="2" />
      <mem type="loa" free="8053760" total="8053760" percent="100" />
    </mem>
    <remembered-set count="103" />
  </mem-info>
</gc-start>
<allocation-stats totalBytes="4945088" >
  <allocated-bytes non-tlh="184" tlh="4944904" />
  <largest-consumer threadName="main" threadId="0000000000016F00" bytes="4945088" />
</allocation-stats>
<gc-op id="1464" type="rs-scan" timems="0.615" contextid="1443" timestamp="2022-02-08T16:46:46.329">
  <scan objectsFound="0" bytesTraced="3988" workStackOverflowCount="0" />
</gc-op>
<gc-op id="1465" type="card-cleaning" timems="161.506" contextid="1443" timestamp="2022-02-08T16:46:46.490">
  <card-cleaning cardsCleaned="11" bytesTraced="71016688" workStackOverflowCount="0" />
</gc-op>
<gc-op id="1466" type="mark" timems="77.773" contextid="1443" timestamp="2022-02-08T16:46:46.568">
  <trace-info objectcount="2292614" scancount="1720988" scanbytes="36782120" />
  <finalization candidates="428" enqueued="57" />
  <ownableSynchronizers candidates="1" cleared="0" />
  <references type="soft" candidates="894" cleared="0" enqueued="0" dynamicThreshold="13" maxThreshold="32" />
  <references type="weak" candidates="1701" cleared="0" enqueued="0" />
  <references type="phantom" candidates="52" cleared="2" enqueued="2" />
  <stringconstants candidates="6470" cleared="0"  />
  <object-monitors candidates="2" cleared="0"  />
</gc-op>
<gc-op id="1467" type="sweep" timems="5.433" contextid="1443" timestamp="2022-02-08T16:46:46.574" />
<gc-end id="1468" type="global" contextid="1443" durationms="245.546" usertimems="295.891" systemtimems="0.699" stalltimems="195.129" timestamp="2022-02-08T16:46:46.574" activeThreads="4">
  <mem-info id="1469" free="369387712" total="1073741824" percent="34">
    <mem type="nursery" free="101067480" total="268435456" percent="37">
      <mem type="allocate" free="101067480" total="183435264" percent="55" />
      <mem type="survivor" free="0" total="85000192" percent="0" />
    </mem>
    <mem type="tenure" free="268320232" total="805306368" percent="33" micro-fragmented="279947" macro-fragmented="0">
      <mem type="soa" free="260266472" total="797252608" percent="32" />
      <mem type="loa" free="8053760" total="8053760" percent="100" />
    </mem>
    <pending-finalizers system="57" default="0" reference="2" classloader="0" />
    <remembered-set count="103" />
  </mem-info>
</gc-end>
<cycle-end id="1470" type="global" contextid="1443" timestamp="2022-02-08T16:46:46.574" />
<exclusive-end id="1471" timestamp="2022-02-08T16:46:46.574" durationms="245.789" />

<exclusive-start id="1472" timestamp="2022-02-08T16:46:47.231" intervalms="902.934">
  <response-info timems="0.023" idlems="0.023" threads="0" lastid="0000000000016F00" lastname="main" />
</exclusive-start>
<af-start id="1473" threadId="0000000000017908" totalBytesRequested="104" timestamp="2022-02-08T16:46:47.231" intervalms="1081.954" type="nursery" />
<cycle-start id="1474" type="scavenge" contextid="0" timestamp="2022-02-08T16:46:47.231" intervalms="1081.953" />
<gc-start id="1475" type="scavenge" contextid="1474" timestamp="2022-02-08T16:46:47.231">
  <mem-info id="1476" free="268320232" total="1073741824" percent="24">
    <mem type="nursery" free="0" total="268435456" percent="0">
      <mem type="allocate" free="0" total="183435264" percent="0" />
      <mem type="survivor" free="0" total="85000192" percent="0" />
    </mem>
    <mem type="tenure" free="268320232" total="805306368" percent="33">
      <mem type="soa" free="260266472" total="797252608" percent="32" />
      <mem type="loa" free="8053760" total="8053760" percent="100" />
    </mem>
    <remembered-set count="106" />
  </mem-info>
</gc-start>
<allocation-stats totalBytes="101020016" >
  <allocated-bytes non-tlh="0" tlh="101020016" />
  <largest-consumer threadName="main" threadId="0000000000016F00" bytes="101015920" />
</allocation-stats>
<gc-op id="1477" type="scavenge" timems="95.130" contextid="1474" timestamp="2022-02-08T16:46:47.326">
  <scavenger-info tenureage="1" tenuremask="7ffe" tiltratio="68" />
  <memory-copied type="nursery" objects="1318630" bytes="75199736" bytesdiscarded="343280" />
  <memory-copied type="tenure" objects="1407976" bytes="77513640" bytesdiscarded="43864" />
  <ownableSynchronizers candidates="2" cleared="2" />
  <object-monitors candidates="2" cleared="0"  />
</gc-op>
<gc-end id="1478" type="scavenge" contextid="1474" durationms="95.337" usertimems="376.965" systemtimems="0.000" stalltimems="2.283" timestamp="2022-02-08T16:46:47.327" activeThreads="4">
  <mem-info id="1479" free="298801944" total="1073741824" percent="27">
    <mem type="nursery" free="108154392" total="268435456" percent="40">
      <mem type="allocate" free="108154392" total="183697408" percent="58" />
      <mem type="survivor" free="0" total="84738048" percent="0" />
    </mem>
    <mem type="tenure" free="190647552" total="805306368" percent="23" macro-fragmented="0">
      <mem type="soa" free="182593792" total="797252608" percent="22" />
      <mem type="loa" free="8053760" total="8053760" percent="100" />
    </mem>
    <remembered-set count="105" />
  </mem-info>
</gc-end>
<cycle-end id="1480" type="scavenge" contextid="1474" timestamp="2022-02-08T16:46:47.327" />
<allocation-satisfied id="1481" threadId="0000000000016F00" bytesRequested="104" />
<af-end id="1482" timestamp="2022-02-08T16:46:47.327" threadId="0000000000017908" success="true" from="nursery"/>
<exclusive-end id="1483" timestamp="2022-02-08T16:46:47.327" durationms="95.639" />

<exclusive-start id="1484" timestamp="2022-02-08T16:46:48.304" intervalms="1073.267">
  <response-info timems="0.033" idlems="0.033" threads="0" lastid="0000000000016F00" lastname="main" />
</exclusive-start>
<af-start id="1485" threadId="0000000000017908" totalBytesRequested="104" timestamp="2022-02-08T16:46:48.304" intervalms="1073.265" type="nursery" />
<cycle-start id="1486" type="scavenge" contextid="0" timestamp="2022-02-08T16:46:48.305" intervalms="1073.265" />
<gc-start id="1487" type="scavenge" contextid="1486" timestamp="2022-02-08T16:46:48.305">
  <mem-info id="1488" free="190647552" total="1073741824" percent="17">
    <mem type="nursery" free="0" total="268435456" percent="0">
      <mem type="allocate" free="0" total="183697408" percent="0" />
      <mem type="survivor" free="0" total="84738048" percent="0" />
    </mem>
    <mem type="tenure" free="190647552" total="805306368" percent="23">
      <mem type="soa" free="182593792" total="797252608" percent="22" />
      <mem type="loa" free="8053760" total="8053760" percent="100" />
    </mem>
    <remembered-set count="136" />
  </mem-info>
</gc-start>
<allocation-stats totalBytes="108106008" >
  <allocated-bytes non-tlh="1590672" tlh="106515336" />
  <largest-consumer threadName="main" threadId="0000000000016F00" bytes="108106008" />
</allocation-stats>
<gc-op id="1489" type="scavenge" timems="85.302" contextid="1486" timestamp="2022-02-08T16:46:48.390">
  <scavenger-info tenureage="1" tenuremask="7ffe" tiltratio="68" />
  <memory-copied type="nursery" objects="1471551" bytes="76109288" bytesdiscarded="146768" />
  <memory-copied type="tenure" objects="1318630" bytes="75199736" bytesdiscarded="41296" />
  <finalization candidates="109" enqueued="53" />
  <references type="soft" candidates="14" cleared="0" enqueued="0" dynamicThreshold="10" maxThreshold="32" />
  <references type="weak" candidates="1" cleared="0" enqueued="0" />
  <references type="phantom" candidates="94" cleared="7" enqueued="7" />
  <object-monitors candidates="2" cleared="0"  />
</gc-op>
<gc-end id="1490" type="scavenge" contextid="1486" durationms="85.494" usertimems="327.598" systemtimems="4.046" stalltimems="4.371" timestamp="2022-02-08T16:46:48.390" activeThreads="4">
  <mem-info id="1491" free="222981416" total="1073741824" percent="20">
    <mem type="nursery" free="107768904" total="268435456" percent="40">
      <mem type="allocate" free="107768904" total="184025088" percent="58" />
      <mem type="survivor" free="0" total="84410368" percent="0" />
    </mem>
    <mem type="tenure" free="115212512" total="805306368" percent="14" macro-fragmented="0">
      <mem type="soa" free="107158752" total="797252608" percent="13" />
      <mem type="loa" free="8053760" total="8053760" percent="100" />
    </mem>
    <pending-finalizers system="52" default="1" reference="7" classloader="0" />
    <remembered-set count="132" />
  </mem-info>
</gc-end>
<cycle-end id="1492" type="scavenge" contextid="1486" timestamp="2022-02-08T16:46:48.390" />
<allocation-satisfied id="1493" threadId="0000000000016F00" bytesRequested="104" />
<af-end id="1494" timestamp="2022-02-08T16:46:48.390" threadId="0000000000017908" success="true" from="nursery"/>
<exclusive-end id="1495" timestamp="2022-02-08T16:46:48.390" durationms="85.765" />

<concurrent-kickoff id="1496" timestamp="2022-02-08T16:46:49.103">
  <kickoff reason="threshold reached" targetBytes="75341295" thresholdFreeBytes="6399766"  remainingFree="6384712" tenureFreeBytes="115212512" nurseryFreeBytes="6384712" />
</concurrent-kickoff>
<exclusive-start id="1497" timestamp="2022-02-08T16:46:49.106" intervalms="801.249">
  <response-info timems="0.021" idlems="0.021" threads="0" lastid="0000000000016F00" lastname="main" />
</exclusive-start>
<cycle-start id="1498" type="global" contextid="0" timestamp="2022-02-08T16:46:49.106" intervalms="3141.728" />
<concurrent-start id="1499" type="global mark" contextid="1498" timestamp="2022-02-08T16:46:49.106">
</concurrent-start>
<exclusive-end id="1500" timestamp="2022-02-08T16:46:49.106" durationms="0.028" />

<exclusive-start id="1501" timestamp="2022-02-08T16:46:49.268" intervalms="162.554">
  <response-info timems="0.020" idlems="0.020" threads="0" lastid="0000000000016F00" lastname="main" />
</exclusive-start>
<af-start id="1502" threadId="0000000000017908" totalBytesRequested="248" timestamp="2022-02-08T16:46:49.268" intervalms="963.802" type="nursery" />
<cycle-start id="1503" type="scavenge" contextid="0" timestamp="2022-02-08T16:46:49.268" intervalms="963.802" />
<gc-start id="1504" type="scavenge" contextid="1503" timestamp="2022-02-08T16:46:49.268">
  <mem-info id="1505" free="115212512" total="1073741824" percent="10">
    <mem type="nursery" free="0" total="268435456" percent="0">
      <mem type="allocate" free="0" total="184025088" percent="0" />
      <mem type="survivor" free="0" total="84410368" percent="0" />
    </mem>
    <mem type="tenure" free="115212512" total="805306368" percent="14">
      <mem type="soa" free="107158752" total="797252608" percent="13" />
      <mem type="loa" free="8053760" total="8053760" percent="100" />
    </mem>
    <remembered-set count="133" />
  </mem-info>
</gc-start>
<allocation-stats totalBytes="107720984" >
  <allocated-bytes non-tlh="1347784" tlh="106373200" />
  <largest-consumer threadName="main" threadId="0000000000016F00" bytes="107712792" />
</allocation-stats>
<gc-op id="1506" type="scavenge" timems="90.557" contextid="1503" timestamp="2022-02-08T16:46:49.359">
  <scavenger-info tenureage="1" tenuremask="7ffe" tiltratio="68" />
  <memory-copied type="nursery" objects="1367502" bytes="77124720" bytesdiscarded="186608" />
  <memory-copied type="tenure" objects="1470832" bytes="75166120" bytesdiscarded="38032" />
  <finalization candidates="57" enqueued="0" />
  <references type="phantom" candidates="1" cleared="0" enqueued="0" />
  <object-monitors candidates="2" cleared="0"  />
</gc-op>
<gc-end id="1507" type="scavenge" contextid="1503" durationms="90.833" usertimems="358.411" systemtimems="0.000" stalltimems="3.086" timestamp="2022-02-08T16:46:49.359" activeThreads="4">
  <mem-info id="1508" free="146899720" total="1073741824" percent="13">
    <mem type="nursery" free="106713760" total="268435456" percent="39">
      <mem type="allocate" free="106713760" total="184025088" percent="57" />
      <mem type="survivor" free="0" total="84410368" percent="0" />
    </mem>
    <mem type="tenure" free="40185960" total="805306368" percent="4" macro-fragmented="0">
      <mem type="soa" free="32132200" total="797252608" percent="4" />
      <mem type="loa" free="8053760" total="8053760" percent="100" />
    </mem>
    <remembered-set count="102" />
  </mem-info>
</gc-end>
<cycle-end id="1509" type="scavenge" contextid="1503" timestamp="2022-02-08T16:46:49.359" />
<allocation-satisfied id="1510" threadId="0000000000016F00" bytesRequested="248" />
<af-end id="1511" timestamp="2022-02-08T16:46:49.359" threadId="0000000000017908" success="true" from="nursery"/>
<exclusive-end id="1512" timestamp="2022-02-08T16:46:49.359" durationms="91.191" />

<concurrent-end id="1513" type="global mark" contextid="1498" timestamp="2022-02-08T16:46:49.434">
<gc-op id="1514" type="trace" timems="328.762" contextid="1498" timestamp="2022-02-08T16:46:49.434">
  <trace bytesTraced="74429524" workStackOverflowCount="0" />
  <card-cleaning reason="card cleaning threshold reached" bytesTraced="188" cardsCleaned="1" />
</gc-op>
</concurrent-end>

<exclusive-start id="1515" timestamp="2022-02-08T16:46:49.435" intervalms="166.276">
  <response-info timems="0.018" idlems="0.018" threads="0" lastid="0000000000016F00" lastname="main" />
</exclusive-start>
<concurrent-global-final id="1516" timestamp="2022-02-08T16:46:49.435" contextid="1498" intervalms="3106.315" >
  <concurrent-trace-info reason="card cleaning threshold reached" tracedByMutators="49861612" tracedByHelpers="24568100" cardsCleaned="1" workStackOverflowCount="0" />
</concurrent-global-final>
<gc-start id="1517" type="global" contextid="1498" timestamp="2022-02-08T16:46:49.435">
  <mem-info id="1518" free="142082576" total="1073741824" percent="13">
    <mem type="nursery" free="101896616" total="268435456" percent="37">
      <mem type="allocate" free="101896616" total="184025088" percent="55" />
      <mem type="survivor" free="0" total="84410368" percent="0" />
    </mem>
    <mem type="tenure" free="40185960" total="805306368" percent="4">
      <mem type="soa" free="32132200" total="797252608" percent="4" />
      <mem type="loa" free="8053760" total="8053760" percent="100" />
    </mem>
    <remembered-set count="102" />
  </mem-info>
</gc-start>
<allocation-stats totalBytes="4815384" >
  <allocated-bytes non-tlh="248" tlh="4815136" />
  <largest-consumer threadName="main" threadId="0000000000016F00" bytes="4815384" />
</allocation-stats>
<gc-op id="1519" type="rs-scan" timems="1.028" contextid="1498" timestamp="2022-02-08T16:46:49.436">
  <scan objectsFound="29" bytesTraced="5420" workStackOverflowCount="0" />
</gc-op>
<gc-op id="1520" type="card-cleaning" timems="154.091" contextid="1498" timestamp="2022-02-08T16:46:49.590">
  <card-cleaning cardsCleaned="9" bytesTraced="71014832" workStackOverflowCount="0" />
</gc-op>
<gc-op id="1521" type="mark" timems="57.263" contextid="1498" timestamp="2022-02-08T16:46:49.647">
  <trace-info objectcount="2016335" scancount="1513778" scanbytes="32361664" />
  <finalization candidates="428" enqueued="57" />
  <ownableSynchronizers candidates="1" cleared="0" />
  <references type="soft" candidates="894" cleared="0" enqueued="0" dynamicThreshold="10" maxThreshold="32" />
  <references type="weak" candidates="1701" cleared="0" enqueued="0" />
  <references type="phantom" candidates="52" cleared="2" enqueued="2" />
  <stringconstants candidates="6470" cleared="0"  />
  <object-monitors candidates="2" cleared="0"  />
</gc-op>
<gc-op id="1522" type="sweep" timems="4.898" contextid="1498" timestamp="2022-02-08T16:46:49.652" />
<gc-end id="1523" type="global" contextid="1498" durationms="217.465" usertimems="229.072" systemtimems="4.114" stalltimems="171.328" timestamp="2022-02-08T16:46:49.652" activeThreads="4">
  <mem-info id="1524" free="385229192" total="1073741824" percent="35">
    <mem type="nursery" free="102174440" total="268435456" percent="38">
      <mem type="allocate" free="102174440" total="184025088" percent="55" />
      <mem type="survivor" free="0" total="84410368" percent="0" />
    </mem>
    <mem type="tenure" free="283054752" total="805306368" percent="35" micro-fragmented="240221" macro-fragmented="0">
      <mem type="soa" free="275000992" total="797252608" percent="34" />
      <mem type="loa" free="8053760" total="8053760" percent="100" />
    </mem>
    <pending-finalizers system="57" default="0" reference="2" classloader="0" />
    <remembered-set count="102" />
  </mem-info>
</gc-end>
<cycle-end id="1525" type="global" contextid="1498" timestamp="2022-02-08T16:46:49.652" />
<exclusive-end id="1526" timestamp="2022-02-08T16:46:49.652" durationms="217.775" />

<exclusive-start id="1527" timestamp="2022-02-08T16:46:50.327" intervalms="892.973">
  <response-info timems="0.022" idlems="0.022" threads="0" lastid="0000000000016F00" lastname="main" />
</exclusive-start>
<af-start id="1528" threadId="0000000000017908" totalBytesRequested="104" timestamp="2022-02-08T16:46:50.328" intervalms="1059.287" type="nursery" />
<cycle-start id="1529" type="scavenge" contextid="0" timestamp="2022-02-08T16:46:50.328" intervalms="1059.295" />
<gc-start id="1530" type="scavenge" contextid="1529" timestamp="2022-02-08T16:46:50.328">
  <mem-info id="1531" free="283054752" total="1073741824" percent="26">
    <mem type="nursery" free="0" total="268435456" percent="0">
      <mem type="allocate" free="0" total="184025088" percent="0" />
      <mem type="survivor" free="0" total="84410368" percent="0" />
    </mem>
    <mem type="tenure" free="283054752" total="805306368" percent="35">
      <mem type="soa" free="275000992" total="797252608" percent="34" />
      <mem type="loa" free="8053760" total="8053760" percent="100" />
    </mem>
    <remembered-set count="105" />
  </mem-info>
</gc-start>
<allocation-stats totalBytes="102127440" >
  <allocated-bytes non-tlh="0" tlh="102127440" />
  <largest-consumer threadName="main" threadId="0000000000016F00" bytes="102123344" />
</allocation-stats>
<gc-op id="1532" type="scavenge" timems="82.744" contextid="1529" timestamp="2022-02-08T16:46:50.410">
  <scavenger-info tenureage="1" tenuremask="7ffe" tiltratio="68" />
  <memory-copied type="nursery" objects="1341066" bytes="75943824" bytesdiscarded="296176" />
  <memory-copied type="tenure" objects="1367501" bytes="77124584" bytesdiscarded="42080" />
  <finalization candidates="1" enqueued="0" />
  <ownableSynchronizers candidates="2" cleared="2" />
  <object-monitors candidates="2" cleared="0"  />
</gc-op>
<gc-end id="1533" type="scavenge" contextid="1529" durationms="83.006" usertimems="322.484" systemtimems="4.500" stalltimems="2.721" timestamp="2022-02-08T16:46:50.411" activeThreads="4">
  <mem-info id="1534" free="313677944" total="1073741824" percent="29">
    <mem type="nursery" free="107981696" total="268435456" percent="40">
      <mem type="allocate" free="107981696" total="184221696" percent="58" />
      <mem type="survivor" free="0" total="84213760" percent="0" />
    </mem>
    <mem type="tenure" free="205696248" total="805306368" percent="25" macro-fragmented="0">
      <mem type="soa" free="197642488" total="797252608" percent="24" />
      <mem type="loa" free="8053760" total="8053760" percent="100" />
    </mem>
    <remembered-set count="105" />
  </mem-info>
</gc-end>
<cycle-end id="1535" type="scavenge" contextid="1529" timestamp="2022-02-08T16:46:50.411" />
<allocation-satisfied id="1536" threadId="0000000000016F00" bytesRequested="104" />
<af-end id="1537" timestamp="2022-02-08T16:46:50.411" threadId="0000000000017908" success="true" from="nursery"/>
<exclusive-end id="1538" timestamp="2022-02-08T16:46:50.411" durationms="83.349" />

<exclusive-start id="1539" timestamp="2022-02-08T16:46:51.349" intervalms="1021.066">
  <response-info timems="0.022" idlems="0.022" threads="0" lastid="0000000000016F00" lastname="main" />
</exclusive-start>
<af-start id="1540" threadId="0000000000017908" totalBytesRequested="24" timestamp="2022-02-08T16:46:51.349" intervalms="1021.030" type="nursery" />
<cycle-start id="1541" type="scavenge" contextid="0" timestamp="2022-02-08T16:46:51.349" intervalms="1021.022" />
<gc-start id="1542" type="scavenge" contextid="1541" timestamp="2022-02-08T16:46:51.349">
  <mem-info id="1543" free="205696248" total="1073741824" percent="19">
    <mem type="nursery" free="0" total="268435456" percent="0">
      <mem type="allocate" free="0" total="184221696" percent="0" />
      <mem type="survivor" free="0" total="84213760" percent="0" />
    </mem>
    <mem type="tenure" free="205696248" total="805306368" percent="25">
      <mem type="soa" free="197642488" total="797252608" percent="24" />
      <mem type="loa" free="8053760" total="8053760" percent="100" />
    </mem>
    <remembered-set count="136" />
  </mem-info>
</gc-start>
<allocation-stats totalBytes="107933376" >
  <allocated-bytes non-tlh="1661248" tlh="106272128" />
  <largest-consumer threadName="main" threadId="0000000000016F00" bytes="107933376" />
</allocation-stats>
<gc-op id="1544" type="scavenge" timems="87.923" contextid="1541" timestamp="2022-02-08T16:46:51.437">
  <scavenger-info tenureage="1" tenuremask="7ffe" tiltratio="68" />
  <memory-copied type="nursery" objects="1487517" bytes="76010248" bytesdiscarded="257712" />
  <memory-copied type="tenure" objects="1341066" bytes="75943824" bytesdiscarded="40320" />
  <finalization candidates="109" enqueued="53" />
  <references type="soft" candidates="14" cleared="0" enqueued="0" dynamicThreshold="11" maxThreshold="32" />
  <references type="weak" candidates="1" cleared="0" enqueued="0" />
  <references type="phantom" candidates="94" cleared="7" enqueued="7" />
  <object-monitors candidates="2" cleared="0"  />
</gc-op>
<gc-end id="1545" type="scavenge" contextid="1541" durationms="88.147" usertimems="347.673" systemtimems="0.596" stalltimems="2.498" timestamp="2022-02-08T16:46:51.437" activeThreads="4">
  <mem-info id="1546" free="238077568" total="1073741824" percent="22">
    <mem type="nursery" free="108346824" total="268435456" percent="40">
      <mem type="allocate" free="108346824" total="184614912" percent="58" />
      <mem type="survivor" free="0" total="83820544" percent="0" />
    </mem>
    <mem type="tenure" free="129730744" total="805306368" percent="16" macro-fragmented="0">
      <mem type="soa" free="121676984" total="797252608" percent="15" />
      <mem type="loa" free="8053760" total="8053760" percent="100" />
    </mem>
    <pending-finalizers system="52" default="1" reference="7" classloader="0" />
    <remembered-set count="132" />
  </mem-info>
</gc-end>
<cycle-end id="1547" type="scavenge" contextid="1541" timestamp="2022-02-08T16:46:51.437" />
<allocation-satisfied id="1548" threadId="0000000000016F00" bytesRequested="24" />
<af-end id="1549" timestamp="2022-02-08T16:46:51.437" threadId="0000000000017908" success="true" from="nursery"/>
<exclusive-end id="1550" timestamp="2022-02-08T16:46:51.437" durationms="88.436" />

<concurrent-kickoff id="1551" timestamp="2022-02-08T16:46:52.159">
  <kickoff reason="threshold reached" targetBytes="75158710" thresholdFreeBytes="6392226"  remainingFree="6360400" tenureFreeBytes="129730744" nurseryFreeBytes="6360400" />
</concurrent-kickoff>
<exclusive-start id="1552" timestamp="2022-02-08T16:46:52.162" intervalms="813.789">
  <response-info timems="0.029" idlems="0.029" threads="0" lastid="0000000000016F00" lastname="main" />
</exclusive-start>
<cycle-start id="1553" type="global" contextid="0" timestamp="2022-02-08T16:46:52.162" intervalms="3056.687" />
<concurrent-start id="1554" type="global mark" contextid="1553" timestamp="2022-02-08T16:46:52.162">
</concurrent-start>
<exclusive-end id="1555" timestamp="2022-02-08T16:46:52.162" durationms="0.060" />

<exclusive-start id="1556" timestamp="2022-02-08T16:46:52.312" intervalms="149.680">
  <response-info timems="0.022" idlems="0.022" threads="0" lastid="0000000000016F00" lastname="main" />
</exclusive-start>
<af-start id="1557" threadId="0000000000017908" totalBytesRequested="104" timestamp="2022-02-08T16:46:52.312" intervalms="963.527" type="nursery" />
<cycle-start id="1558" type="scavenge" contextid="0" timestamp="2022-02-08T16:46:52.312" intervalms="963.545" />
<gc-start id="1559" type="scavenge" contextid="1558" timestamp="2022-02-08T16:46:52.312">
  <mem-info id="1560" free="129730744" total="1073741824" percent="12">
    <mem type="nursery" free="0" total="268435456" percent="0">
      <mem type="allocate" free="0" total="184614912" percent="0" />
      <mem type="survivor" free="0" total="83820544" percent="0" />
    </mem>
    <mem type="tenure" free="129730744" total="805306368" percent="16">
      <mem type="soa" free="121676984" total="797252608" percent="15" />
      <mem type="loa" free="8053760" total="8053760" percent="100" />
    </mem>
    <remembered-set count="133" />
  </mem-info>
</gc-start>
<allocation-stats totalBytes="108292488" >
  <allocated-bytes non-tlh="1347704" tlh="106944784" />
  <largest-consumer threadName="main" threadId="0000000000016F00" bytes="108284296" />
</allocation-stats>
<gc-op id="1561" type="scavenge" timems="90.704" contextid="1558" timestamp="2022-02-08T16:46:52.403">
  <scavenger-info tenureage="1" tenuremask="7ffe" tiltratio="68" />
  <memory-copied type="nursery" objects="1352475" bytes="77490544" bytesdiscarded="97072" />
  <memory-copied type="tenure" objects="1486798" bytes="75067080" bytesdiscarded="36840" />
  <finalization candidates="57" enqueued="0" />
  <references type="phantom" candidates="1" cleared="0" enqueued="0" />
  <object-monitors candidates="2" cleared="0"  />
</gc-op>
<gc-end id="1562" type="scavenge" contextid="1558" durationms="90.944" usertimems="353.207" systemtimems="0.000" stalltimems="1.466" timestamp="2022-02-08T16:46:52.403" activeThreads="4">
  <mem-info id="1563" free="160409176" total="1073741824" percent="14">
    <mem type="nursery" free="105847648" total="268435456" percent="39">
      <mem type="allocate" free="105847648" total="183435264" percent="57" />
      <mem type="survivor" free="0" total="85000192" percent="0" />
    </mem>
    <mem type="tenure" free="54561528" total="805306368" percent="6" macro-fragmented="33282812">
      <mem type="soa" free="46507768" total="797252608" percent="5" />
      <mem type="loa" free="8053760" total="8053760" percent="100" />
    </mem>
    <remembered-set count="101" />
  </mem-info>
</gc-end>
<cycle-end id="1564" type="scavenge" contextid="1558" timestamp="2022-02-08T16:46:52.403" />
<allocation-satisfied id="1565" threadId="0000000000016F00" bytesRequested="104" />
<af-end id="1566" timestamp="2022-02-08T16:46:52.403" threadId="0000000000017908" success="true" from="nursery"/>
<exclusive-end id="1567" timestamp="2022-02-08T16:46:52.403" durationms="91.380" />

<concurrent-end id="1568" type="global mark" contextid="1553" timestamp="2022-02-08T16:46:52.494">
<gc-op id="1569" type="trace" timems="331.810" contextid="1553" timestamp="2022-02-08T16:46:52.494">
  <trace bytesTraced="74429732" workStackOverflowCount="0" />
  <card-cleaning reason="card cleaning threshold reached" bytesTraced="188" cardsCleaned="1" />
</gc-op>
</concurrent-end>

<exclusive-start id="1570" timestamp="2022-02-08T16:46:52.494" intervalms="182.257">
  <response-info timems="0.025" idlems="0.025" threads="0" lastid="0000000000016F00" lastname="main" />
</exclusive-start>
<concurrent-global-final id="1571" timestamp="2022-02-08T16:46:52.494" contextid="1553" intervalms="3059.731" >
  <concurrent-trace-info reason="card cleaning threshold reached" tracedByMutators="54618376" tracedByHelpers="19811544" cardsCleaned="1" workStackOverflowCount="0" />
</concurrent-global-final>
<gc-start id="1572" type="global" contextid="1553" timestamp="2022-02-08T16:46:52.494">
  <mem-info id="1573" free="154805744" total="1073741824" percent="14">
    <mem type="nursery" free="100244216" total="268435456" percent="37">
      <mem type="allocate" free="100244216" total="183435264" percent="54" />
      <mem type="survivor" free="0" total="85000192" percent="0" />
    </mem>
    <mem type="tenure" free="54561528" total="805306368" percent="6">
      <mem type="soa" free="46507768" total="797252608" percent="5" />
      <mem type="loa" free="8053760" total="8053760" percent="100" />
    </mem>
    <remembered-set count="101" />
  </mem-info>
</gc-start>
<allocation-stats totalBytes="5600896" >
  <allocated-bytes non-tlh="104" tlh="5600792" />
  <largest-consumer threadName="main" threadId="0000000000016F00" bytes="5600896" />
</allocation-stats>
<gc-op id="1574" type="rs-scan" timems="0.570" contextid="1553" timestamp="2022-02-08T16:46:52.495">
  <scan objectsFound="29" bytesTraced="5420" workStackOverflowCount="0" />
</gc-op>
<gc-op id="1575" type="card-cleaning" timems="156.342" contextid="1553" timestamp="2022-02-08T16:46:52.651">
  <card-cleaning cardsCleaned="9" bytesTraced="71014832" workStackOverflowCount="0" />
</gc-op>
<gc-op id="1576" type="mark" timems="51.218" contextid="1553" timestamp="2022-02-08T16:46:52.703">
  <trace-info objectcount="1773899" scancount="1331952" scanbytes="28482664" />
  <finalization candidates="428" enqueued="57" />
  <ownableSynchronizers candidates="1" cleared="0" />
  <references type="soft" candidates="894" cleared="0" enqueued="0" dynamicThreshold="11" maxThreshold="32" />
  <references type="weak" candidates="1701" cleared="0" enqueued="0" />
  <references type="phantom" candidates="52" cleared="2" enqueued="2" />
  <stringconstants candidates="6470" cleared="0"  />
  <object-monitors candidates="2" cleared="0"  />
</gc-op>
<gc-op id="1577" type="sweep" timems="4.731" contextid="1553" timestamp="2022-02-08T16:46:52.707" />
<gc-end id="1578" type="global" contextid="1553" durationms="213.108" usertimems="228.033" systemtimems="0.247" stalltimems="153.569" timestamp="2022-02-08T16:46:52.707" activeThreads="4">
  <mem-info id="1579" free="397970904" total="1073741824" percent="37">
    <mem type="nursery" free="100434544" total="268435456" percent="37">
      <mem type="allocate" free="100434544" total="183435264" percent="54" />
      <mem type="survivor" free="0" total="85000192" percent="0" />
    </mem>
    <mem type="tenure" free="297536360" total="805306368" percent="36" micro-fragmented="215597" macro-fragmented="0">
      <mem type="soa" free="289482600" total="797252608" percent="36" />
      <mem type="loa" free="8053760" total="8053760" percent="100" />
    </mem>
    <pending-finalizers system="57" default="0" reference="2" classloader="0" />
    <remembered-set count="101" />
  </mem-info>
</gc-end>
<cycle-end id="1580" type="global" contextid="1553" timestamp="2022-02-08T16:46:52.708" />
<exclusive-end id="1581" timestamp="2022-02-08T16:46:52.708" durationms="213.370" />

<exclusive-start id="1582" timestamp="2022-02-08T16:46:53.378" intervalms="883.952">
  <response-info timems="0.036" idlems="0.036" threads="0" lastid="0000000000016F00" lastname="main" />
</exclusive-start>
<af-start id="1583" threadId="0000000000017908" totalBytesRequested="184" timestamp="2022-02-08T16:46:53.378" intervalms="1066.205" type="nursery" />
<cycle-start id="1584" type="scavenge" contextid="0" timestamp="2022-02-08T16:46:53.378" intervalms="1066.188" />
<gc-start id="1585" type="scavenge" contextid="1584" timestamp="2022-02-08T16:46:53.378">
  <mem-info id="1586" free="297536360" total="1073741824" percent="27">
    <mem type="nursery" free="0" total="268435456" percent="0">
      <mem type="allocate" free="0" total="183435264" percent="0" />
      <mem type="survivor" free="0" total="85000192" percent="0" />
    </mem>
    <mem type="tenure" free="297536360" total="805306368" percent="36">
      <mem type="soa" free="289482600" total="797252608" percent="36" />
      <mem type="loa" free="8053760" total="8053760" percent="100" />
    </mem>
    <remembered-set count="104" />
  </mem-info>
</gc-start>
<allocation-stats totalBytes="100389944" >
  <allocated-bytes non-tlh="0" tlh="100389944" />
  <largest-consumer threadName="main" threadId="0000000000016F00" bytes="100385848" />
</allocation-stats>
<gc-op id="1587" type="scavenge" timems="95.653" contextid="1584" timestamp="2022-02-08T16:46:53.474">
  <scavenger-info tenureage="1" tenuremask="7ffe" tiltratio="68" />
  <memory-copied type="nursery" objects="1337839" bytes="75291200" bytesdiscarded="169408" />
  <memory-copied type="tenure" objects="1352475" bytes="77490544" bytesdiscarded="44400" />
  <finalization candidates="1" enqueued="0" />
  <ownableSynchronizers candidates="2" cleared="2" />
  <object-monitors candidates="2" cleared="0"  />
</gc-op>
<gc-end id="1588" type="scavenge" contextid="1584" durationms="95.884" usertimems="374.852" systemtimems="4.484" stalltimems="2.466" timestamp="2022-02-08T16:46:53.474" activeThreads="4">
  <mem-info id="1589" free="328057768" total="1073741824" percent="30">
    <mem type="nursery" free="108236800" total="268435456" percent="40">
      <mem type="allocate" free="108236800" total="183697408" percent="58" />
      <mem type="survivor" free="0" total="84738048" percent="0" />
    </mem>
    <mem type="tenure" free="219820968" total="805306368" percent="27" macro-fragmented="0">
      <mem type="soa" free="211767208" total="797252608" percent="26" />
      <mem type="loa" free="8053760" total="8053760" percent="100" />
    </mem>
    <remembered-set count="105" />
  </mem-info>
</gc-end>
<cycle-end id="1590" type="scavenge" contextid="1584" timestamp="2022-02-08T16:46:53.475" />
<allocation-satisfied id="1591" threadId="0000000000016F00" bytesRequested="184" />
<af-end id="1592" timestamp="2022-02-08T16:46:53.475" threadId="0000000000017908" success="true" from="nursery"/>
<exclusive-end id="1593" timestamp="2022-02-08T16:46:53.475" durationms="96.473" />

<exclusive-start id="1594" timestamp="2022-02-08T16:46:54.371" intervalms="992.677">
  <response-info timems="0.017" idlems="0.017" threads="0" lastid="0000000000016F00" lastname="main" />
</exclusive-start>
<af-start id="1595" threadId="0000000000017908" totalBytesRequested="40" timestamp="2022-02-08T16:46:54.371" intervalms="992.622" type="nursery" />
<cycle-start id="1596" type="scavenge" contextid="0" timestamp="2022-02-08T16:46:54.371" intervalms="992.622" />
<gc-start id="1597" type="scavenge" contextid="1596" timestamp="2022-02-08T16:46:54.371">
  <mem-info id="1598" free="219820968" total="1073741824" percent="20">
    <mem type="nursery" free="0" total="268435456" percent="0">
      <mem type="allocate" free="0" total="183697408" percent="0" />
      <mem type="survivor" free="0" total="84738048" percent="0" />
    </mem>
    <mem type="tenure" free="219820968" total="805306368" percent="27">
      <mem type="soa" free="211767208" total="797252608" percent="26" />
      <mem type="loa" free="8053760" total="8053760" percent="100" />
    </mem>
    <remembered-set count="136" />
  </mem-info>
</gc-start>
<allocation-stats totalBytes="108190632" >
  <allocated-bytes non-tlh="849112" tlh="107341520" />
  <largest-consumer threadName="main" threadId="0000000000016F00" bytes="108190632" />
</allocation-stats>
<gc-op id="1599" type="scavenge" timems="94.592" contextid="1596" timestamp="2022-02-08T16:46:54.466">
  <scavenger-info tenureage="1" tenuremask="7ffe" tiltratio="68" />
  <memory-copied type="nursery" objects="1465336" bytes="76292480" bytesdiscarded="149472" />
  <memory-copied type="tenure" objects="1337838" bytes="75291096" bytesdiscarded="37352" />
  <finalization candidates="92" enqueued="51" />
  <references type="soft" candidates="14" cleared="0" enqueued="0" dynamicThreshold="11" maxThreshold="32" />
  <references type="weak" candidates="1" cleared="0" enqueued="0" />
  <references type="phantom" candidates="77" cleared="7" enqueued="7" />
  <object-monitors candidates="2" cleared="0"  />
</gc-op>
<gc-end id="1600" type="scavenge" contextid="1596" durationms="94.843" usertimems="361.925" systemtimems="1.516" stalltimems="3.586" timestamp="2022-02-08T16:46:54.466" activeThreads="4">
  <mem-info id="1601" free="251843568" total="1073741824" percent="23">
    <mem type="nursery" free="107451936" total="268435456" percent="40">
      <mem type="allocate" free="107451936" total="183894016" percent="58" />
      <mem type="survivor" free="0" total="84541440" percent="0" />
    </mem>
    <mem type="tenure" free="144391632" total="805306368" percent="17" macro-fragmented="0">
      <mem type="soa" free="136337872" total="797252608" percent="17" />
      <mem type="loa" free="8053760" total="8053760" percent="100" />
    </mem>
    <pending-finalizers system="50" default="1" reference="7" classloader="0" />
    <remembered-set count="132" />
  </mem-info>
</gc-end>
<cycle-end id="1602" type="scavenge" contextid="1596" timestamp="2022-02-08T16:46:54.466" />
<allocation-satisfied id="1603" threadId="0000000000016F00" bytesRequested="40" />
<af-end id="1604" timestamp="2022-02-08T16:46:54.466" threadId="0000000000017908" success="true" from="nursery"/>
<exclusive-end id="1605" timestamp="2022-02-08T16:46:54.466" durationms="95.127" />

<concurrent-kickoff id="1606" timestamp="2022-02-08T16:46:55.201">
  <kickoff reason="threshold reached" targetBytes="75012762" thresholdFreeBytes="6343291"  remainingFree="6329888" tenureFreeBytes="144391632" nurseryFreeBytes="6329888" />
</concurrent-kickoff>
<exclusive-start id="1607" timestamp="2022-02-08T16:46:55.204" intervalms="832.665">
  <response-info timems="0.021" idlems="0.021" threads="0" lastid="0000000000016F00" lastname="main" />
</exclusive-start>
<cycle-start id="1608" type="global" contextid="0" timestamp="2022-02-08T16:46:55.204" intervalms="3041.202" />
<concurrent-start id="1609" type="global mark" contextid="1608" timestamp="2022-02-08T16:46:55.204">
</concurrent-start>
<exclusive-end id="1610" timestamp="2022-02-08T16:46:55.204" durationms="0.037" />

<exclusive-start id="1611" timestamp="2022-02-08T16:46:55.403" intervalms="199.443">
  <response-info timems="0.043" idlems="0.043" threads="0" lastid="0000000000016F00" lastname="main" />
</exclusive-start>
<af-start id="1612" threadId="0000000000017908" totalBytesRequested="24" timestamp="2022-02-08T16:46:55.403" intervalms="1032.153" type="nursery" />
<cycle-start id="1613" type="scavenge" contextid="0" timestamp="2022-02-08T16:46:55.403" intervalms="1032.153" />
<gc-start id="1614" type="scavenge" contextid="1613" timestamp="2022-02-08T16:46:55.403">
  <mem-info id="1615" free="144391632" total="1073741824" percent="13">
    <mem type="nursery" free="0" total="268435456" percent="0">
      <mem type="allocate" free="0" total="183894016" percent="0" />
      <mem type="survivor" free="0" total="84541440" percent="0" />
    </mem>
    <mem type="tenure" free="144391632" total="805306368" percent="17">
      <mem type="soa" free="136337872" total="797252608" percent="17" />
      <mem type="loa" free="8053760" total="8053760" percent="100" />
    </mem>
    <remembered-set count="133" />
  </mem-info>
</gc-start>
<allocation-stats totalBytes="107403016" >
  <allocated-bytes non-tlh="2063136" tlh="105339880" />
  <largest-consumer threadName="main" threadId="0000000000016F00" bytes="107394824" />
</allocation-stats>
<gc-op id="1616" type="scavenge" timems="81.318" contextid="1613" timestamp="2022-02-08T16:46:55.485">
  <scavenger-info tenureage="1" tenuremask="7ffe" tiltratio="68" />
  <memory-copied type="nursery" objects="1370646" bytes="76392456" bytesdiscarded="155768" />
  <memory-copied type="tenure" objects="1464637" bytes="75742248" bytesdiscarded="36864" />
  <finalization candidates="59" enqueued="2" />
  <references type="phantom" candidates="18" cleared="0" enqueued="0" />
  <object-monitors candidates="2" cleared="0"  />
</gc-op>
<gc-end id="1617" type="scavenge" contextid="1613" durationms="81.546" usertimems="322.528" systemtimems="0.000" stalltimems="1.889" timestamp="2022-02-08T16:46:55.485" activeThreads="4">
  <mem-info id="1618" free="176496944" total="1073741824" percent="16">
    <mem type="nursery" free="107739008" total="268435456" percent="40">
      <mem type="allocate" free="107739008" total="184287232" percent="58" />
      <mem type="survivor" free="0" total="84148224" percent="0" />
    </mem>
    <mem type="tenure" free="68757936" total="805306368" percent="8" macro-fragmented="602881">
      <mem type="soa" free="60704176" total="797252608" percent="7" />
      <mem type="loa" free="8053760" total="8053760" percent="100" />
    </mem>
    <pending-finalizers system="2" default="0" reference="0" classloader="0" />
    <remembered-set count="108" />
  </mem-info>
</gc-end>
<cycle-end id="1619" type="scavenge" contextid="1613" timestamp="2022-02-08T16:46:55.485" />
<allocation-satisfied id="1620" threadId="0000000000016F00" bytesRequested="24" />
<af-end id="1621" timestamp="2022-02-08T16:46:55.485" threadId="0000000000017908" success="true" from="nursery"/>
<exclusive-end id="1622" timestamp="2022-02-08T16:46:55.485" durationms="81.896" />

<concurrent-end id="1623" type="global mark" contextid="1608" timestamp="2022-02-08T16:46:55.550">
<gc-op id="1624" type="trace" timems="346.475" contextid="1608" timestamp="2022-02-08T16:46:55.550">
  <trace bytesTraced="74430004" workStackOverflowCount="0" />
  <card-cleaning reason="card cleaning threshold reached" bytesTraced="188" cardsCleaned="1" />
</gc-op>
</concurrent-end>

<exclusive-start id="1625" timestamp="2022-02-08T16:46:55.550" intervalms="147.105">
  <response-info timems="0.020" idlems="0.020" threads="0" lastid="0000000000016F00" lastname="main" />
</exclusive-start>
<concurrent-global-final id="1626" timestamp="2022-02-08T16:46:55.550" contextid="1608" intervalms="3055.838" >
  <concurrent-trace-info reason="card cleaning threshold reached" tracedByMutators="44573256" tracedByHelpers="29856936" cardsCleaned="1" workStackOverflowCount="0" />
</concurrent-global-final>
<gc-start id="1627" type="global" contextid="1608" timestamp="2022-02-08T16:46:55.550">
  <mem-info id="1628" free="170234136" total="1073741824" percent="15">
    <mem type="nursery" free="101476200" total="268435456" percent="37">
      <mem type="allocate" free="101476200" total="184287232" percent="55" />
      <mem type="survivor" free="0" total="84148224" percent="0" />
    </mem>
    <mem type="tenure" free="68757936" total="805306368" percent="8">
      <mem type="soa" free="60704176" total="797252608" percent="7" />
      <mem type="loa" free="8053760" total="8053760" percent="100" />
    </mem>
    <remembered-set count="108" />
  </mem-info>
</gc-start>
<allocation-stats totalBytes="6259968" >
  <allocated-bytes non-tlh="24" tlh="6259944" />
  <largest-consumer threadName="main" threadId="0000000000016F00" bytes="6255872" />
</allocation-stats>
<gc-op id="1629" type="rs-scan" timems="0.662" contextid="1608" timestamp="2022-02-08T16:46:55.551">
  <scan objectsFound="29" bytesTraced="5484" workStackOverflowCount="0" />
</gc-op>
<gc-op id="1630" type="card-cleaning" timems="159.114" contextid="1608" timestamp="2022-02-08T16:46:55.710">
  <card-cleaning cardsCleaned="10" bytesTraced="71014928" workStackOverflowCount="0" />
</gc-op>
<gc-op id="1631" type="mark" timems="41.281" contextid="1608" timestamp="2022-02-08T16:46:55.751">
  <trace-info objectcount="1522847" scancount="1143662" scanbytes="24465832" />
  <finalization candidates="428" enqueued="57" />
  <ownableSynchronizers candidates="1" cleared="0" />
  <references type="soft" candidates="894" cleared="0" enqueued="0" dynamicThreshold="11" maxThreshold="32" />
  <references type="weak" candidates="1701" cleared="0" enqueued="0" />
  <references type="phantom" candidates="52" cleared="2" enqueued="2" />
  <stringconstants candidates="6470" cleared="0"  />
  <object-monitors candidates="2" cleared="0"  />
</gc-op>
<gc-op id="1632" type="sweep" timems="4.569" contextid="1608" timestamp="2022-02-08T16:46:55.756" />
<gc-end id="1633" type="global" contextid="1608" durationms="205.913" usertimems="220.467" systemtimems="0.323" stalltimems="122.883" timestamp="2022-02-08T16:46:55.756" activeThreads="4">
  <mem-info id="1634" free="413371664" total="1073741824" percent="38">
    <mem type="nursery" free="101746128" total="268435456" percent="37">
      <mem type="allocate" free="101746128" total="184287232" percent="55" />
      <mem type="survivor" free="0" total="84148224" percent="0" />
    </mem>
    <mem type="tenure" free="311625536" total="805306368" percent="38" micro-fragmented="341846" macro-fragmented="0">
      <mem type="soa" free="303571776" total="797252608" percent="38" />
      <mem type="loa" free="8053760" total="8053760" percent="100" />
    </mem>
    <pending-finalizers system="57" default="0" reference="2" classloader="0" />
    <remembered-set count="108" />
  </mem-info>
</gc-end>
<cycle-end id="1635" type="global" contextid="1608" timestamp="2022-02-08T16:46:55.756" />
<exclusive-end id="1636" timestamp="2022-02-08T16:46:55.756" durationms="206.119" />

<exclusive-start id="1637" timestamp="2022-02-08T16:46:56.519" intervalms="968.817">
  <response-info timems="0.030" idlems="0.030" threads="0" lastid="0000000000016F00" lastname="main" />
</exclusive-start>
<af-start id="1638" threadId="0000000000017908" totalBytesRequested="48" timestamp="2022-02-08T16:46:56.519" intervalms="1115.899" type="nursery" />
<cycle-start id="1639" type="scavenge" contextid="0" timestamp="2022-02-08T16:46:56.519" intervalms="1115.904" />
<gc-start id="1640" type="scavenge" contextid="1639" timestamp="2022-02-08T16:46:56.519">
  <mem-info id="1641" free="311625536" total="1073741824" percent="29">
    <mem type="nursery" free="0" total="268435456" percent="0">
      <mem type="allocate" free="0" total="184287232" percent="0" />
      <mem type="survivor" free="0" total="84148224" percent="0" />
    </mem>
    <mem type="tenure" free="311625536" total="805306368" percent="38">
      <mem type="soa" free="303571776" total="797252608" percent="38" />
      <mem type="loa" free="8053760" total="8053760" percent="100" />
    </mem>
    <remembered-set count="111" />
  </mem-info>
</gc-start>
<allocation-stats totalBytes="101700936" >
  <allocated-bytes non-tlh="0" tlh="101700936" />
  <largest-consumer threadName="main" threadId="0000000000016F00" bytes="101696840" />
</allocation-stats>
<gc-op id="1642" type="scavenge" timems="77.324" contextid="1639" timestamp="2022-02-08T16:46:56.596">
  <scavenger-info tenureage="1" tenuremask="7ffe" tiltratio="68" />
  <memory-copied type="nursery" objects="1357504" bytes="76683512" bytesdiscarded="255608" />
  <memory-copied type="tenure" objects="1370622" bytes="76375256" bytesdiscarded="39248" />
  <finalization candidates="16" enqueued="0" />
  <ownableSynchronizers candidates="2" cleared="2" />
  <object-monitors candidates="2" cleared="0"  />
</gc-op>
<gc-end id="1643" type="scavenge" contextid="1639" durationms="77.512" usertimems="304.854" systemtimems="0.000" stalltimems="2.189" timestamp="2022-02-08T16:46:56.597" activeThreads="4">
  <mem-info id="1644" free="342609048" total="1073741824" percent="31">
    <mem type="nursery" free="107544720" total="268435456" percent="40">
      <mem type="allocate" free="107544720" total="184483840" percent="58" />
      <mem type="survivor" free="0" total="83951616" percent="0" />
    </mem>
    <mem type="tenure" free="235064328" total="805306368" percent="29" macro-fragmented="0">
      <mem type="soa" free="227010568" total="797252608" percent="28" />
      <mem type="loa" free="8053760" total="8053760" percent="100" />
    </mem>
    <remembered-set count="104" />
  </mem-info>
</gc-end>
<cycle-end id="1645" type="scavenge" contextid="1639" timestamp="2022-02-08T16:46:56.597" />
<allocation-satisfied id="1646" threadId="0000000000016F00" bytesRequested="48" />
<af-end id="1647" timestamp="2022-02-08T16:46:56.597" threadId="0000000000017908" success="true" from="nursery"/>
<exclusive-end id="1648" timestamp="2022-02-08T16:46:56.597" durationms="77.829" />

<exclusive-start id="1649" timestamp="2022-02-08T16:46:57.320" intervalms="801.533">
  <response-info timems="0.020" idlems="0.020" threads="0" lastid="0000000000016F00" lastname="main" />
</exclusive-start>
<af-start id="1650" threadId="0000000000017908" totalBytesRequested="24" timestamp="2022-02-08T16:46:57.321" intervalms="801.506" type="nursery" />
<cycle-start id="1651" type="scavenge" contextid="0" timestamp="2022-02-08T16:46:57.321" intervalms="801.500" />
<gc-start id="1652" type="scavenge" contextid="1651" timestamp="2022-02-08T16:46:57.321">
  <mem-info id="1653" free="235064328" total="1073741824" percent="21">
    <mem type="nursery" free="0" total="268435456" percent="0">
      <mem type="allocate" free="0" total="184483840" percent="0" />
      <mem type="survivor" free="0" total="83951616" percent="0" />
    </mem>
    <mem type="tenure" free="235064328" total="805306368" percent="29">
      <mem type="soa" free="227010568" total="797252608" percent="28" />
      <mem type="loa" free="8053760" total="8053760" percent="100" />
    </mem>
    <remembered-set count="115" />
  </mem-info>
</gc-start>
<allocation-stats totalBytes="107494488" >
  <allocated-bytes non-tlh="48" tlh="107494440" />
  <largest-consumer threadName="main" threadId="0000000000016F00" bytes="107494488" />
</allocation-stats>
<gc-op id="1654" type="scavenge" timems="86.876" contextid="1651" timestamp="2022-02-08T16:46:57.407">
  <scavenger-info tenureage="1" tenuremask="7ffe" tiltratio="68" />
  <memory-copied type="nursery" objects="1345024" bytes="76412632" bytesdiscarded="178184" />
  <memory-copied type="tenure" objects="1357504" bytes="76683512" bytesdiscarded="40928" />
  <finalization candidates="12" enqueued="6" />
  <references type="phantom" candidates="12" cleared="0" enqueued="0" />
  <object-monitors candidates="2" cleared="0"  />
</gc-op>
<gc-end id="1655" type="scavenge" contextid="1651" durationms="87.041" usertimems="340.883" systemtimems="0.000" stalltimems="5.598" timestamp="2022-02-08T16:46:57.408" activeThreads="4">
  <mem-info id="1656" free="266417728" total="1073741824" percent="24">
    <mem type="nursery" free="108089632" total="268435456" percent="40">
      <mem type="allocate" free="108089632" total="184680448" percent="58" />
      <mem type="survivor" free="0" total="83755008" percent="0" />
    </mem>
    <mem type="tenure" free="158328096" total="805306368" percent="19" macro-fragmented="39939376">
      <mem type="soa" free="150274336" total="797252608" percent="18" />
      <mem type="loa" free="8053760" total="8053760" percent="100" />
    </mem>
    <pending-finalizers system="6" default="0" reference="0" classloader="0" />
    <remembered-set count="116" />
  </mem-info>
</gc-end>
<cycle-end id="1657" type="scavenge" contextid="1651" timestamp="2022-02-08T16:46:57.408" />
<allocation-satisfied id="1658" threadId="0000000000016F00" bytesRequested="24" />
<af-end id="1659" timestamp="2022-02-08T16:46:57.408" threadId="0000000000017908" success="true" from="nursery"/>
<exclusive-end id="1660" timestamp="2022-02-08T16:46:57.408" durationms="87.296" />

<concurrent-kickoff id="1661" timestamp="2022-02-08T16:46:58.294">
  <kickoff reason="threshold reached" targetBytes="74896113" thresholdFreeBytes="6320309"  remainingFree="6273920" tenureFreeBytes="158328096" nurseryFreeBytes="6273920" />
</concurrent-kickoff>
<exclusive-start id="1662" timestamp="2022-02-08T16:46:58.298" intervalms="977.718">
  <response-info timems="0.027" idlems="0.027" threads="0" lastid="0000000000016F00" lastname="main" />
</exclusive-start>
<cycle-start id="1663" type="global" contextid="0" timestamp="2022-02-08T16:46:58.298" intervalms="3094.624" />
<concurrent-start id="1664" type="global mark" contextid="1663" timestamp="2022-02-08T16:46:58.298">
</concurrent-start>
<exclusive-end id="1665" timestamp="2022-02-08T16:46:58.298" durationms="0.038" />

<exclusive-start id="1666" timestamp="2022-02-08T16:46:58.445" intervalms="146.343">
  <response-info timems="0.021" idlems="0.021" threads="0" lastid="0000000000016F00" lastname="main" />
</exclusive-start>
<af-start id="1667" threadId="0000000000017908" totalBytesRequested="24" timestamp="2022-02-08T16:46:58.445" intervalms="1124.068" type="nursery" />
<cycle-start id="1668" type="scavenge" contextid="0" timestamp="2022-02-08T16:46:58.445" intervalms="1124.093" />
<gc-start id="1669" type="scavenge" contextid="1668" timestamp="2022-02-08T16:46:58.445">
  <mem-info id="1670" free="158328096" total="1073741824" percent="14">
    <mem type="nursery" free="0" total="268435456" percent="0">
      <mem type="allocate" free="0" total="184680448" percent="0" />
      <mem type="survivor" free="0" total="83755008" percent="0" />
    </mem>
    <mem type="tenure" free="158328096" total="805306368" percent="19">
      <mem type="soa" free="150274336" total="797252608" percent="18" />
      <mem type="loa" free="8053760" total="8053760" percent="100" />
    </mem>
    <remembered-set count="135" />
  </mem-info>
</gc-start>
<allocation-stats totalBytes="108044176" >
  <allocated-bytes non-tlh="2938272" tlh="105105904" />
  <largest-consumer threadName="main" threadId="0000000000016F00" bytes="108040080" />
</allocation-stats>
<gc-op id="1671" type="scavenge" timems="80.364" contextid="1668" timestamp="2022-02-08T16:46:58.525">
  <scavenger-info tenureage="1" tenuremask="7ffe" tiltratio="68" />
  <memory-copied type="nursery" objects="1445800" bytes="75991632" bytesdiscarded="276928" />
  <memory-copied type="tenure" objects="1344906" bytes="76350120" bytesdiscarded="38712" />
  <finalization candidates="104" enqueued="47" />
  <references type="soft" candidates="14" cleared="0" enqueued="0" dynamicThreshold="12" maxThreshold="32" />
  <references type="weak" candidates="1" cleared="0" enqueued="0" />
  <references type="phantom" candidates="89" cleared="7" enqueued="7" />
  <object-monitors candidates="2" cleared="0"  />
</gc-op>
<gc-end id="1672" type="scavenge" contextid="1668" durationms="80.600" usertimems="317.379" systemtimems="0.000" stalltimems="3.126" timestamp="2022-02-08T16:46:58.525" activeThreads="4">
  <mem-info id="1673" free="190597336" total="1073741824" percent="17">
    <mem type="nursery" free="108673904" total="268435456" percent="40">
      <mem type="allocate" free="108673904" total="184942592" percent="58" />
      <mem type="survivor" free="0" total="83492864" percent="0" />
    </mem>
    <mem type="tenure" free="81923432" total="805306368" percent="10" macro-fragmented="57512708">
      <mem type="soa" free="73869672" total="797252608" percent="9" />
      <mem type="loa" free="8053760" total="8053760" percent="100" />
    </mem>
    <pending-finalizers system="46" default="1" reference="7" classloader="0" />
    <remembered-set count="118" />
  </mem-info>
</gc-end>
<cycle-end id="1674" type="scavenge" contextid="1668" timestamp="2022-02-08T16:46:58.526" />
<allocation-satisfied id="1675" threadId="0000000000016F00" bytesRequested="24" />
<af-end id="1676" timestamp="2022-02-08T16:46:58.526" threadId="0000000000017908" success="true" from="nursery"/>
<exclusive-end id="1677" timestamp="2022-02-08T16:46:58.526" durationms="81.092" />

<concurrent-end id="1678" type="global mark" contextid="1663" timestamp="2022-02-08T16:46:58.615">
<gc-op id="1679" type="trace" timems="316.452" contextid="1663" timestamp="2022-02-08T16:46:58.615">
  <trace bytesTraced="74430244" workStackOverflowCount="0" />
  <card-cleaning reason="card cleaning threshold reached" bytesTraced="188" cardsCleaned="1" />
</gc-op>
</concurrent-end>

<exclusive-start id="1680" timestamp="2022-02-08T16:46:58.615" intervalms="170.195">
  <response-info timems="0.023" idlems="0.023" threads="0" lastid="0000000000016F00" lastname="main" />
</exclusive-start>
<concurrent-global-final id="1681" timestamp="2022-02-08T16:46:58.615" contextid="1663" intervalms="3064.608" >
  <concurrent-trace-info reason="card cleaning threshold reached" tracedByMutators="54921740" tracedByHelpers="19508692" cardsCleaned="1" workStackOverflowCount="0" />
</concurrent-global-final>
<gc-start id="1682" type="global" contextid="1663" timestamp="2022-02-08T16:46:58.615">
  <mem-info id="1683" free="184985792" total="1073741824" percent="17">
    <mem type="nursery" free="103062360" total="268435456" percent="38">
      <mem type="allocate" free="103062360" total="184942592" percent="55" />
      <mem type="survivor" free="0" total="83492864" percent="0" />
    </mem>
    <mem type="tenure" free="81923432" total="805306368" percent="10">
      <mem type="soa" free="73869672" total="797252608" percent="9" />
      <mem type="loa" free="8053760" total="8053760" percent="100" />
    </mem>
    <remembered-set count="119" />
  </mem-info>
</gc-start>
<allocation-stats totalBytes="5608528" >
  <allocated-bytes non-tlh="24" tlh="5608504" />
  <largest-consumer threadName="main" threadId="0000000000016F00" bytes="5600336" />
</allocation-stats>
<gc-op id="1684" type="rs-scan" timems="130.267" contextid="1663" timestamp="2022-02-08T16:46:58.745">
  <scan objectsFound="3324749" bytesTraced="71013480" workStackOverflowCount="0" />
</gc-op>
<gc-op id="1685" type="card-cleaning" timems="0.346" contextid="1663" timestamp="2022-02-08T16:46:58.745">
  <card-cleaning cardsCleaned="3" bytesTraced="5264" workStackOverflowCount="0" />
</gc-op>
<gc-op id="1686" type="mark" timems="43.220" contextid="1663" timestamp="2022-02-08T16:46:58.789">
  <trace-info objectcount="1236781" scancount="929112" scanbytes="19888776" />
  <finalization candidates="428" enqueued="57" />
  <ownableSynchronizers candidates="1" cleared="0" />
  <references type="soft" candidates="894" cleared="0" enqueued="0" dynamicThreshold="12" maxThreshold="32" />
  <references type="weak" candidates="1701" cleared="0" enqueued="0" />
  <references type="phantom" candidates="52" cleared="2" enqueued="2" />
  <stringconstants candidates="6470" cleared="0"  />
  <object-monitors candidates="2" cleared="0"  />
</gc-op>
<gc-op id="1687" type="sweep" timems="4.694" contextid="1663" timestamp="2022-02-08T16:46:58.793" />
<gc-end id="1688" type="global" contextid="1663" durationms="178.826" usertimems="229.364" systemtimems="4.494" stalltimems="88.024" timestamp="2022-02-08T16:46:58.794" activeThreads="4">
  <mem-info id="1689" free="428680784" total="1073741824" percent="39">
    <mem type="nursery" free="103857920" total="268435456" percent="38">
      <mem type="allocate" free="103857920" total="184942592" percent="56" />
      <mem type="survivor" free="0" total="83492864" percent="0" />
    </mem>
    <mem type="tenure" free="324822864" total="805306368" percent="40" micro-fragmented="218688" macro-fragmented="2592282">
      <mem type="soa" free="316769104" total="797252608" percent="39" />
      <mem type="loa" free="8053760" total="8053760" percent="100" />
    </mem>
    <pending-finalizers system="57" default="0" reference="2" classloader="0" />
    <remembered-set count="106" />
  </mem-info>
</gc-end>
<cycle-end id="1690" type="global" contextid="1663" timestamp="2022-02-08T16:46:58.794" />
<exclusive-end id="1691" timestamp="2022-02-08T16:46:58.794" durationms="179.117" />

<exclusive-start id="1692" timestamp="2022-02-08T16:46:59.532" intervalms="917.132">
  <response-info timems="0.022" idlems="0.022" threads="0" lastid="0000000000016F00" lastname="main" />
</exclusive-start>
<af-start id="1693" threadId="0000000000017908" totalBytesRequested="40" timestamp="2022-02-08T16:46:59.532" intervalms="1087.324" type="nursery" />
<cycle-start id="1694" type="scavenge" contextid="0" timestamp="2022-02-08T16:46:59.532" intervalms="1087.299" />
<gc-start id="1695" type="scavenge" contextid="1694" timestamp="2022-02-08T16:46:59.532">
  <mem-info id="1696" free="324822864" total="1073741824" percent="30">
    <mem type="nursery" free="0" total="268435456" percent="0">
      <mem type="allocate" free="0" total="184942592" percent="0" />
      <mem type="survivor" free="0" total="83492864" percent="0" />
    </mem>
    <mem type="tenure" free="324822864" total="805306368" percent="40">
      <mem type="soa" free="316769104" total="797252608" percent="39" />
      <mem type="loa" free="8053760" total="8053760" percent="100" />
    </mem>
    <remembered-set count="107" />
  </mem-info>
</gc-start>
<allocation-stats totalBytes="103807640" >
  <allocated-bytes non-tlh="0" tlh="103807640" />
  <largest-consumer threadName="main" threadId="0000000000016F00" bytes="103798648" />
</allocation-stats>
<gc-op id="1697" type="scavenge" timems="82.572" contextid="1694" timestamp="2022-02-08T16:46:59.615">
  <scavenger-info tenureage="1" tenuremask="7ffe" tiltratio="68" />
  <memory-copied type="nursery" objects="1410501" bytes="77834216" bytesdiscarded="146720" />
  <memory-copied type="tenure" objects="1445163" bytes="75575760" bytesdiscarded="41672" />
  <finalization candidates="51" enqueued="0" />
  <ownableSynchronizers candidates="2" cleared="2" />
  <object-monitors candidates="2" cleared="0"  />
</gc-op>
<gc-end id="1698" type="scavenge" contextid="1694" durationms="82.819" usertimems="327.204" systemtimems="0.000" stalltimems="2.223" timestamp="2022-02-08T16:46:59.615" activeThreads="4">
  <mem-info id="1699" free="353864376" total="1073741824" percent="32">
    <mem type="nursery" free="104864504" total="268435456" percent="39">
      <mem type="allocate" free="104864504" total="182845440" percent="57" />
      <mem type="survivor" free="0" total="85590016" percent="0" />
    </mem>
    <mem type="tenure" free="248999872" total="805306368" percent="30" macro-fragmented="0">
      <mem type="soa" free="240946112" total="797252608" percent="30" />
      <mem type="loa" free="8053760" total="8053760" percent="100" />
    </mem>
    <remembered-set count="103" />
  </mem-info>
</gc-end>
<cycle-end id="1700" type="scavenge" contextid="1694" timestamp="2022-02-08T16:46:59.615" />
<allocation-satisfied id="1701" threadId="0000000000016F00" bytesRequested="40" />
<af-end id="1702" timestamp="2022-02-08T16:46:59.615" threadId="0000000000017908" success="true" from="nursery"/>
<exclusive-end id="1703" timestamp="2022-02-08T16:46:59.615" durationms="83.114" />

<exclusive-start id="1704" timestamp="2022-02-08T16:47:00.291" intervalms="758.737">
  <response-info timems="0.028" idlems="0.028" threads="0" lastid="0000000000016F00" lastname="main" />
</exclusive-start>
<af-start id="1705" threadId="0000000000017908" totalBytesRequested="208" timestamp="2022-02-08T16:47:00.291" intervalms="758.748" type="nursery" />
<cycle-start id="1706" type="scavenge" contextid="0" timestamp="2022-02-08T16:47:00.291" intervalms="758.752" />
<gc-start id="1707" type="scavenge" contextid="1706" timestamp="2022-02-08T16:47:00.291">
  <mem-info id="1708" free="248999872" total="1073741824" percent="23">
    <mem type="nursery" free="0" total="268435456" percent="0">
      <mem type="allocate" free="0" total="182845440" percent="0" />
      <mem type="survivor" free="0" total="85590016" percent="0" />
    </mem>
    <mem type="tenure" free="248999872" total="805306368" percent="30">
      <mem type="soa" free="240946112" total="797252608" percent="30" />
      <mem type="loa" free="8053760" total="8053760" percent="100" />
    </mem>
    <remembered-set count="103" />
  </mem-info>
</gc-start>
<allocation-stats totalBytes="104815880" >
  <allocated-bytes non-tlh="40" tlh="104815840" />
  <largest-consumer threadName="main" threadId="0000000000016F00" bytes="104815880" />
</allocation-stats>
<gc-op id="1709" type="scavenge" timems="78.635" contextid="1706" timestamp="2022-02-08T16:47:00.369">
  <scavenger-info tenureage="1" tenuremask="7ffe" tiltratio="68" />
  <memory-copied type="nursery" objects="1309041" bytes="74522608" bytesdiscarded="124016" />
  <memory-copied type="tenure" objects="1410501" bytes="77834216" bytesdiscarded="41328" />
  <object-monitors candidates="2" cleared="0"  />
</gc-op>
<gc-end id="1710" type="scavenge" contextid="1706" durationms="78.886" usertimems="310.575" systemtimems="0.000" stalltimems="3.038" timestamp="2022-02-08T16:47:00.370" activeThreads="4">
  <mem-info id="1711" free="279603344" total="1073741824" percent="26">
    <mem type="nursery" free="108526496" total="268435456" percent="40">
      <mem type="allocate" free="108526496" total="183173120" percent="59" />
      <mem type="survivor" free="0" total="85262336" percent="0" />
    </mem>
    <mem type="tenure" free="171076848" total="805306368" percent="21" macro-fragmented="69015248">
      <mem type="soa" free="163023088" total="797252608" percent="20" />
      <mem type="loa" free="8053760" total="8053760" percent="100" />
    </mem>
    <remembered-set count="104" />
  </mem-info>
</gc-end>
<cycle-end id="1712" type="scavenge" contextid="1706" timestamp="2022-02-08T16:47:00.370" />
<allocation-satisfied id="1713" threadId="0000000000016F00" bytesRequested="208" />
<af-end id="1714" timestamp="2022-02-08T16:47:00.370" threadId="0000000000017908" success="true" from="nursery"/>
<exclusive-end id="1715" timestamp="2022-02-08T16:47:00.370" durationms="79.194" />

<exclusive-start id="1716" timestamp="2022-02-08T16:47:01.297" intervalms="1006.647">
  <response-info timems="0.021" idlems="0.021" threads="0" lastid="0000000000016F00" lastname="main" />
</exclusive-start>
<af-start id="1717" threadId="0000000000017908" totalBytesRequested="24" timestamp="2022-02-08T16:47:01.297" intervalms="1006.637" type="nursery" />
<cycle-start id="1718" type="scavenge" contextid="0" timestamp="2022-02-08T16:47:01.297" intervalms="1006.632" />
<gc-start id="1719" type="scavenge" contextid="1718" timestamp="2022-02-08T16:47:01.297">
  <mem-info id="1720" free="171076848" total="1073741824" percent="15">
    <mem type="nursery" free="0" total="268435456" percent="0">
      <mem type="allocate" free="0" total="183173120" percent="0" />
      <mem type="survivor" free="0" total="85262336" percent="0" />
    </mem>
    <mem type="tenure" free="171076848" total="805306368" percent="21">
      <mem type="soa" free="163023088" total="797252608" percent="20" />
      <mem type="loa" free="8053760" total="8053760" percent="100" />
    </mem>
    <remembered-set count="135" />
  </mem-info>
</gc-start>
<allocation-stats totalBytes="108481560" >
  <allocated-bytes non-tlh="2938456" tlh="105543104" />
  <largest-consumer threadName="main" threadId="0000000000016F00" bytes="108481560" />
</allocation-stats>
<gc-op id="1721" type="scavenge" timems="85.091" contextid="1718" timestamp="2022-02-08T16:47:01.382">
  <scavenger-info tenureage="1" tenuremask="7ffe" tiltratio="68" />
  <memory-copied type="nursery" objects="1452958" bytes="76263008" bytesdiscarded="181368" />
  <memory-copied type="tenure" objects="1309040" bytes="74522496" bytesdiscarded="36312" />
  <finalization candidates="110" enqueued="53" />
  <references type="soft" candidates="14" cleared="0" enqueued="0" dynamicThreshold="12" maxThreshold="32" />
  <references type="weak" candidates="1" cleared="0" enqueued="0" />
  <references type="phantom" candidates="95" cleared="7" enqueued="7" />
  <object-monitors candidates="2" cleared="0"  />
</gc-op>
<gc-end id="1722" type="scavenge" contextid="1718" durationms="85.257" usertimems="301.706" systemtimems="0.000" stalltimems="37.694" timestamp="2022-02-08T16:47:01.383" activeThreads="4">
  <mem-info id="1723" free="203403624" total="1073741824" percent="18">
    <mem type="nursery" free="106925224" total="268435456" percent="39">
      <mem type="allocate" free="106925224" total="183369728" percent="58" />
      <mem type="survivor" free="0" total="85065728" percent="0" />
    </mem>
    <mem type="tenure" free="96478400" total="805306368" percent="11" macro-fragmented="82818304">
      <mem type="soa" free="88424640" total="797252608" percent="11" />
      <mem type="loa" free="8053760" total="8053760" percent="100" />
    </mem>
    <pending-finalizers system="52" default="1" reference="7" classloader="0" />
    <remembered-set count="130" />
  </mem-info>
</gc-end>
<cycle-end id="1724" type="scavenge" contextid="1718" timestamp="2022-02-08T16:47:01.383" />
<allocation-satisfied id="1725" threadId="0000000000016F00" bytesRequested="24" />
<af-end id="1726" timestamp="2022-02-08T16:47:01.383" threadId="0000000000017908" success="true" from="nursery"/>
<exclusive-end id="1727" timestamp="2022-02-08T16:47:01.383" durationms="85.508" />

<concurrent-kickoff id="1728" timestamp="2022-02-08T16:47:02.096">
  <kickoff reason="threshold reached" targetBytes="74802883" thresholdFreeBytes="6289353"  remainingFree="6286480" tenureFreeBytes="96478400" nurseryFreeBytes="6286480" />
</concurrent-kickoff>
<exclusive-start id="1729" timestamp="2022-02-08T16:47:02.101" intervalms="803.671">
  <response-info timems="0.023" idlems="0.023" threads="0" lastid="0000000000016F00" lastname="main" />
</exclusive-start>
<cycle-start id="1730" type="global" contextid="0" timestamp="2022-02-08T16:47:02.101" intervalms="3802.721" />
<concurrent-start id="1731" type="global mark" contextid="1730" timestamp="2022-02-08T16:47:02.101">
</concurrent-start>
<exclusive-end id="1732" timestamp="2022-02-08T16:47:02.101" durationms="0.034" />

<exclusive-start id="1733" timestamp="2022-02-08T16:47:02.256" intervalms="155.408">
  <response-info timems="0.033" idlems="0.033" threads="0" lastid="0000000000016F00" lastname="main" />
</exclusive-start>
<af-start id="1734" threadId="0000000000017908" totalBytesRequested="200" timestamp="2022-02-08T16:47:02.256" intervalms="959.080" type="nursery" />
<cycle-start id="1735" type="scavenge" contextid="0" timestamp="2022-02-08T16:47:02.256" intervalms="959.082" />
<gc-start id="1736" type="scavenge" contextid="1735" timestamp="2022-02-08T16:47:02.256">
  <mem-info id="1737" free="96478400" total="1073741824" percent="8">
    <mem type="nursery" free="0" total="268435456" percent="0">
      <mem type="allocate" free="0" total="183369728" percent="0" />
      <mem type="survivor" free="0" total="85065728" percent="0" />
    </mem>
    <mem type="tenure" free="96478400" total="805306368" percent="11">
      <mem type="soa" free="88424640" total="797252608" percent="11" />
      <mem type="loa" free="8053760" total="8053760" percent="100" />
    </mem>
    <remembered-set count="131" />
  </mem-info>
</gc-start>
<allocation-stats totalBytes="106875392" >
  <allocated-bytes non-tlh="24" tlh="106875368" />
  <largest-consumer threadName="main" threadId="0000000000016F00" bytes="106867200" />
</allocation-stats>
<gc-op id="1738" type="scavenge" timems="88.705" contextid="1735" timestamp="2022-02-08T16:47:02.345">
  <scavenger-info tenureage="1" tenuremask="7ffe" tiltratio="68" />
  <memory-copied type="nursery" objects="1381715" bytes="76153272" bytesdiscarded="397128" />
  <memory-copied type="tenure" objects="1452247" bytes="75795152" bytesdiscarded="36864" />
  <finalization candidates="57" enqueued="0" />
  <object-monitors candidates="2" cleared="0"  />
</gc-op>
<gc-end id="1739" type="scavenge" contextid="1735" durationms="88.844" usertimems="351.075" systemtimems="0.000" stalltimems="2.681" timestamp="2022-02-08T16:47:02.345" activeThreads="4">
  <mem-info id="1740" free="128134064" total="1073741824" percent="11">
    <mem type="nursery" free="107343616" total="268435456" percent="39">
      <mem type="allocate" free="107343616" total="183894016" percent="58" />
      <mem type="survivor" free="0" total="84541440" percent="0" />
    </mem>
    <mem type="tenure" free="20790448" total="805306368" percent="2" macro-fragmented="12219980">
      <mem type="soa" free="12736688" total="797252608" percent="1" />
      <mem type="loa" free="8053760" total="8053760" percent="100" />
    </mem>
    <remembered-set count="102" />
  </mem-info>
</gc-end>
<cycle-end id="1741" type="scavenge" contextid="1735" timestamp="2022-02-08T16:47:02.346" />
<allocation-satisfied id="1742" threadId="0000000000016F00" bytesRequested="200" />
<af-end id="1743" timestamp="2022-02-08T16:47:02.346" threadId="0000000000017908" success="true" from="nursery"/>
<exclusive-end id="1744" timestamp="2022-02-08T16:47:02.346" durationms="89.314" />

<concurrent-end id="1745" type="global mark" contextid="1730" timestamp="2022-02-08T16:47:02.444">
<gc-op id="1746" type="trace" timems="343.223" contextid="1730" timestamp="2022-02-08T16:47:02.444">
  <trace bytesTraced="74432404" workStackOverflowCount="0" />
  <card-cleaning reason="card cleaning threshold reached" bytesTraced="2488" cardsCleaned="2" />
</gc-op>
</concurrent-end>

<exclusive-start id="1747" timestamp="2022-02-08T16:47:02.444" intervalms="187.911">
  <response-info timems="0.033" idlems="0.033" threads="0" lastid="0000000000016F00" lastname="main" />
</exclusive-start>
<concurrent-global-final id="1748" timestamp="2022-02-08T16:47:02.444" contextid="1730" intervalms="3829.517" >
  <concurrent-trace-info reason="card cleaning threshold reached" tracedByMutators="50831692" tracedByHelpers="23603200" cardsCleaned="2" workStackOverflowCount="0" />
</concurrent-global-final>
<gc-start id="1749" type="global" contextid="1730" timestamp="2022-02-08T16:47:02.444">
  <mem-info id="1750" free="122137320" total="1073741824" percent="11">
    <mem type="nursery" free="101346872" total="268435456" percent="37">
      <mem type="allocate" free="101346872" total="183894016" percent="55" />
      <mem type="survivor" free="0" total="84541440" percent="0" />
    </mem>
    <mem type="tenure" free="20790448" total="805306368" percent="2">
      <mem type="soa" free="12736688" total="797252608" percent="1" />
      <mem type="loa" free="8053760" total="8053760" percent="100" />
    </mem>
    <remembered-set count="102" />
  </mem-info>
</gc-start>
<allocation-stats totalBytes="5993512" >
  <allocated-bytes non-tlh="200" tlh="5993312" />
  <largest-consumer threadName="main" threadId="0000000000016F00" bytes="5993512" />
</allocation-stats>
<gc-op id="1751" type="rs-scan" timems="1.388" contextid="1730" timestamp="2022-02-08T16:47:02.446">
  <scan objectsFound="0" bytesTraced="3988" workStackOverflowCount="0" />
</gc-op>
<gc-op id="1752" type="card-cleaning" timems="155.783" contextid="1730" timestamp="2022-02-08T16:47:02.602">
  <card-cleaning cardsCleaned="11" bytesTraced="71016688" workStackOverflowCount="0" />
</gc-op>
<gc-op id="1753" type="mark" timems="67.172" contextid="1730" timestamp="2022-02-08T16:47:02.669">
  <trace-info objectcount="2363743" scancount="1774335" scanbytes="37920168" />
  <finalization candidates="428" enqueued="57" />
  <ownableSynchronizers candidates="1" cleared="0" />
  <references type="soft" candidates="894" cleared="0" enqueued="0" dynamicThreshold="12" maxThreshold="32" />
  <references type="weak" candidates="1701" cleared="0" enqueued="0" />
  <references type="phantom" candidates="52" cleared="2" enqueued="2" />
  <stringconstants candidates="6470" cleared="0"  />
  <object-monitors candidates="2" cleared="0"  />
</gc-op>
<gc-op id="1754" type="sweep" timems="6.841" contextid="1730" timestamp="2022-02-08T16:47:02.676" />
<gc-end id="1755" type="global" contextid="1730" durationms="231.429" usertimems="245.419" systemtimems="3.278" stalltimems="201.178" timestamp="2022-02-08T16:47:02.676" activeThreads="4">
  <mem-info id="1756" free="365510296" total="1073741824" percent="34">
    <mem type="nursery" free="101836128" total="268435456" percent="37">
      <mem type="allocate" free="101836128" total="183894016" percent="55" />
      <mem type="survivor" free="0" total="84541440" percent="0" />
    </mem>
    <mem type="tenure" free="263674168" total="805306368" percent="32" micro-fragmented="227329" macro-fragmented="0">
      <mem type="soa" free="255620408" total="797252608" percent="32" />
      <mem type="loa" free="8053760" total="8053760" percent="100" />
    </mem>
    <pending-finalizers system="57" default="0" reference="2" classloader="0" />
    <remembered-set count="102" />
  </mem-info>
</gc-end>
<cycle-end id="1757" type="global" contextid="1730" timestamp="2022-02-08T16:47:02.676" />
<exclusive-end id="1758" timestamp="2022-02-08T16:47:02.676" durationms="231.688" />

<exclusive-start id="1759" timestamp="2022-02-08T16:47:03.340" intervalms="895.528">
  <response-info timems="0.017" idlems="0.017" threads="0" lastid="0000000000016F00" lastname="main" />
</exclusive-start>
<af-start id="1760" threadId="0000000000017908" totalBytesRequested="40" timestamp="2022-02-08T16:47:03.340" intervalms="1083.438" type="nursery" />
<cycle-start id="1761" type="scavenge" contextid="0" timestamp="2022-02-08T16:47:03.340" intervalms="1083.437" />
<gc-start id="1762" type="scavenge" contextid="1761" timestamp="2022-02-08T16:47:03.340">
  <mem-info id="1763" free="263674168" total="1073741824" percent="24">
    <mem type="nursery" free="0" total="268435456" percent="0">
      <mem type="allocate" free="0" total="183894016" percent="0" />
      <mem type="survivor" free="0" total="84541440" percent="0" />
    </mem>
    <mem type="tenure" free="263674168" total="805306368" percent="32">
      <mem type="soa" free="255620408" total="797252608" percent="32" />
      <mem type="loa" free="8053760" total="8053760" percent="100" />
    </mem>
    <remembered-set count="105" />
  </mem-info>
</gc-start>
<allocation-stats totalBytes="101788904" >
  <allocated-bytes non-tlh="0" tlh="101788904" />
  <largest-consumer threadName="main" threadId="0000000000016F00" bytes="101784808" />
</allocation-stats>
<gc-op id="1764" type="scavenge" timems="87.582" contextid="1761" timestamp="2022-02-08T16:47:03.428">
  <scavenger-info tenureage="1" tenuremask="7ffe" tiltratio="68" />
  <memory-copied type="nursery" objects="1351238" bytes="76529952" bytesdiscarded="124128" />
  <memory-copied type="tenure" objects="1381714" bytes="76153160" bytesdiscarded="43664" />
  <ownableSynchronizers candidates="2" cleared="2" />
  <object-monitors candidates="2" cleared="0"  />
</gc-op>
<gc-end id="1765" type="scavenge" contextid="1761" durationms="87.934" usertimems="345.964" systemtimems="0.000" stalltimems="2.105" timestamp="2022-02-08T16:47:03.428" activeThreads="4">
  <mem-info id="1766" free="294766072" total="1073741824" percent="27">
    <mem type="nursery" free="107502080" total="268435456" percent="40">
      <mem type="allocate" free="107502080" total="184156160" percent="58" />
      <mem type="survivor" free="0" total="84279296" percent="0" />
    </mem>
    <mem type="tenure" free="187263992" total="805306368" percent="23" macro-fragmented="0">
      <mem type="soa" free="179210232" total="797252608" percent="22" />
      <mem type="loa" free="8053760" total="8053760" percent="100" />
    </mem>
    <remembered-set count="105" />
  </mem-info>
</gc-end>
<cycle-end id="1767" type="scavenge" contextid="1761" timestamp="2022-02-08T16:47:03.428" />
<allocation-satisfied id="1768" threadId="0000000000016F00" bytesRequested="40" />
<af-end id="1769" timestamp="2022-02-08T16:47:03.428" threadId="0000000000017908" success="true" from="nursery"/>
<exclusive-end id="1770" timestamp="2022-02-08T16:47:03.428" durationms="88.205" />

<exclusive-start id="1771" timestamp="2022-02-08T16:47:04.354" intervalms="1014.233">
  <response-info timems="0.024" idlems="0.024" threads="0" lastid="0000000000016F00" lastname="main" />
</exclusive-start>
<af-start id="1772" threadId="0000000000017908" totalBytesRequested="224" timestamp="2022-02-08T16:47:04.354" intervalms="1014.235" type="nursery" />
<cycle-start id="1773" type="scavenge" contextid="0" timestamp="2022-02-08T16:47:04.354" intervalms="1014.234" />
<gc-start id="1774" type="scavenge" contextid="1773" timestamp="2022-02-08T16:47:04.354">
  <mem-info id="1775" free="187263992" total="1073741824" percent="17">
    <mem type="nursery" free="0" total="268435456" percent="0">
      <mem type="allocate" free="0" total="184156160" percent="0" />
      <mem type="survivor" free="0" total="84279296" percent="0" />
    </mem>
    <mem type="tenure" free="187263992" total="805306368" percent="23">
      <mem type="soa" free="179210232" total="797252608" percent="22" />
      <mem type="loa" free="8053760" total="8053760" percent="100" />
    </mem>
    <remembered-set count="136" />
  </mem-info>
</gc-start>
<allocation-stats totalBytes="107453864" >
  <allocated-bytes non-tlh="1661184" tlh="105792680" />
  <largest-consumer threadName="main" threadId="0000000000016F00" bytes="107453864" />
</allocation-stats>
<gc-op id="1776" type="scavenge" timems="82.059" contextid="1773" timestamp="2022-02-08T16:47:04.436">
  <scavenger-info tenureage="1" tenuremask="7ffe" tiltratio="68" />
  <memory-copied type="nursery" objects="1448240" bytes="75600448" bytesdiscarded="145368" />
  <memory-copied type="tenure" objects="1351238" bytes="76529952" bytesdiscarded="40296" />
  <finalization candidates="109" enqueued="53" />
  <references type="soft" candidates="14" cleared="0" enqueued="0" dynamicThreshold="10" maxThreshold="32" />
  <references type="weak" candidates="1" cleared="0" enqueued="0" />
  <references type="phantom" candidates="94" cleared="7" enqueued="7" />
  <object-monitors candidates="2" cleared="0"  />
</gc-op>
<gc-end id="1777" type="scavenge" contextid="1773" durationms="82.269" usertimems="324.308" systemtimems="0.159" stalltimems="3.054" timestamp="2022-02-08T16:47:04.436" activeThreads="4">
  <mem-info id="1778" free="219406376" total="1073741824" percent="20">
    <mem type="nursery" free="108737896" total="268435456" percent="40">
      <mem type="allocate" free="108737896" total="184483840" percent="58" />
      <mem type="survivor" free="0" total="83951616" percent="0" />
    </mem>
    <mem type="tenure" free="110668480" total="805306368" percent="13" macro-fragmented="0">
      <mem type="soa" free="102614720" total="797252608" percent="12" />
      <mem type="loa" free="8053760" total="8053760" percent="100" />
    </mem>
    <pending-finalizers system="52" default="1" reference="7" classloader="0" />
    <remembered-set count="132" />
  </mem-info>
</gc-end>
<cycle-end id="1779" type="scavenge" contextid="1773" timestamp="2022-02-08T16:47:04.437" />
<allocation-satisfied id="1780" threadId="0000000000016F00" bytesRequested="224" />
<af-end id="1781" timestamp="2022-02-08T16:47:04.437" threadId="0000000000017908" success="true" from="nursery"/>
<exclusive-end id="1782" timestamp="2022-02-08T16:47:04.437" durationms="82.578" />

<concurrent-kickoff id="1783" timestamp="2022-02-08T16:47:05.148">
  <kickoff reason="threshold reached" targetBytes="74729449" thresholdFreeBytes="6299290"  remainingFree="6174056" tenureFreeBytes="110668480" nurseryFreeBytes="6174056" />
</concurrent-kickoff>
<exclusive-start id="1784" timestamp="2022-02-08T16:47:05.151" intervalms="797.267">
  <response-info timems="0.022" idlems="0.022" threads="0" lastid="0000000000016F00" lastname="main" />
</exclusive-start>
<cycle-start id="1785" type="global" contextid="0" timestamp="2022-02-08T16:47:05.151" intervalms="3050.342" />
<concurrent-start id="1786" type="global mark" contextid="1785" timestamp="2022-02-08T16:47:05.151">
</concurrent-start>
<exclusive-end id="1787" timestamp="2022-02-08T16:47:05.151" durationms="0.027" />

<exclusive-start id="1788" timestamp="2022-02-08T16:47:05.302" intervalms="150.327">
  <response-info timems="0.068" idlems="0.068" threads="0" lastid="0000000000016F00" lastname="main" />
</exclusive-start>
<af-start id="1789" threadId="0000000000017908" totalBytesRequested="184" timestamp="2022-02-08T16:47:05.302" intervalms="947.591" type="nursery" />
<cycle-start id="1790" type="scavenge" contextid="0" timestamp="2022-02-08T16:47:05.302" intervalms="947.592" />
<gc-start id="1791" type="scavenge" contextid="1790" timestamp="2022-02-08T16:47:05.302">
  <mem-info id="1792" free="110668480" total="1073741824" percent="10">
    <mem type="nursery" free="0" total="268435456" percent="0">
      <mem type="allocate" free="0" total="184483840" percent="0" />
      <mem type="survivor" free="0" total="83951616" percent="0" />
    </mem>
    <mem type="tenure" free="110668480" total="805306368" percent="13">
      <mem type="soa" free="102614720" total="797252608" percent="12" />
      <mem type="loa" free="8053760" total="8053760" percent="100" />
    </mem>
    <remembered-set count="133" />
  </mem-info>
</gc-start>
<allocation-stats totalBytes="108689352" >
  <allocated-bytes non-tlh="1347904" tlh="107341448" />
  <largest-consumer threadName="main" threadId="0000000000016F00" bytes="108681160" />
</allocation-stats>
<gc-op id="1793" type="scavenge" timems="79.587" contextid="1790" timestamp="2022-02-08T16:47:05.381">
  <scavenger-info tenureage="1" tenuremask="7ffe" tiltratio="68" />
  <memory-copied type="nursery" objects="1382978" bytes="77813504" bytesdiscarded="105088" />
  <memory-copied type="tenure" objects="1447520" bytes="74657160" bytesdiscarded="38568" />
  <finalization candidates="57" enqueued="0" />
  <references type="phantom" candidates="1" cleared="0" enqueued="0" />
  <object-monitors candidates="2" cleared="0"  />
</gc-op>
<gc-end id="1794" type="scavenge" contextid="1790" durationms="79.819" usertimems="313.130" systemtimems="0.907" stalltimems="3.689" timestamp="2022-02-08T16:47:05.382" activeThreads="4">
  <mem-info id="1795" free="140588112" total="1073741824" percent="13">
    <mem type="nursery" free="104533632" total="268435456" percent="38">
      <mem type="allocate" free="104533632" total="182452224" percent="57" />
      <mem type="survivor" free="0" total="85983232" percent="0" />
    </mem>
    <mem type="tenure" free="36054480" total="805306368" percent="4" macro-fragmented="0">
      <mem type="soa" free="28000720" total="797252608" percent="3" />
      <mem type="loa" free="8053760" total="8053760" percent="100" />
    </mem>
    <remembered-set count="102" />
  </mem-info>
</gc-end>
<cycle-end id="1796" type="scavenge" contextid="1790" timestamp="2022-02-08T16:47:05.382" />
<allocation-satisfied id="1797" threadId="0000000000016F00" bytesRequested="184" />
<af-end id="1798" timestamp="2022-02-08T16:47:05.382" threadId="0000000000017908" success="true" from="nursery"/>
<exclusive-end id="1799" timestamp="2022-02-08T16:47:05.382" durationms="80.157" />

<concurrent-end id="1800" type="global mark" contextid="1785" timestamp="2022-02-08T16:47:05.471">
<gc-op id="1801" type="trace" timems="319.249" contextid="1785" timestamp="2022-02-08T16:47:05.471">
  <trace bytesTraced="74430564" workStackOverflowCount="0" />
  <card-cleaning reason="card cleaning threshold reached" bytesTraced="188" cardsCleaned="1" />
</gc-op>
</concurrent-end>

<exclusive-start id="1802" timestamp="2022-02-08T16:47:05.471" intervalms="168.993">
  <response-info timems="0.020" idlems="0.020" threads="0" lastid="0000000000016F00" lastname="main" />
</exclusive-start>
<concurrent-global-final id="1803" timestamp="2022-02-08T16:47:05.471" contextid="1785" intervalms="3026.345" >
  <concurrent-trace-info reason="card cleaning threshold reached" tracedByMutators="54203044" tracedByHelpers="20227708" cardsCleaned="1" workStackOverflowCount="0" />
</concurrent-global-final>
<gc-start id="1804" type="global" contextid="1785" timestamp="2022-02-08T16:47:05.471">
  <mem-info id="1805" free="134853528" total="1073741824" percent="12">
    <mem type="nursery" free="98799048" total="268435456" percent="36">
      <mem type="allocate" free="98799048" total="182452224" percent="54" />
      <mem type="survivor" free="0" total="85983232" percent="0" />
    </mem>
    <mem type="tenure" free="36054480" total="805306368" percent="4">
      <mem type="soa" free="28000720" total="797252608" percent="3" />
      <mem type="loa" free="8053760" total="8053760" percent="100" />
    </mem>
    <remembered-set count="102" />
  </mem-info>
</gc-start>
<allocation-stats totalBytes="5732032" >
  <allocated-bytes non-tlh="184" tlh="5731848" />
  <largest-consumer threadName="main" threadId="0000000000016F00" bytes="5732032" />
</allocation-stats>
<gc-op id="1806" type="rs-scan" timems="0.556" contextid="1785" timestamp="2022-02-08T16:47:05.471">
  <scan objectsFound="29" bytesTraced="5420" workStackOverflowCount="0" />
</gc-op>
<gc-op id="1807" type="card-cleaning" timems="151.538" contextid="1785" timestamp="2022-02-08T16:47:05.623">
  <card-cleaning cardsCleaned="9" bytesTraced="71014832" workStackOverflowCount="0" />
</gc-op>
<gc-op id="1808" type="mark" timems="60.129" contextid="1785" timestamp="2022-02-08T16:47:05.683">
  <trace-info objectcount="2109338" scancount="1583531" scanbytes="33849704" />
  <finalization candidates="428" enqueued="57" />
  <ownableSynchronizers candidates="1" cleared="0" />
  <references type="soft" candidates="894" cleared="0" enqueued="0" dynamicThreshold="10" maxThreshold="32" />
  <references type="weak" candidates="1701" cleared="0" enqueued="0" />
  <references type="phantom" candidates="52" cleared="2" enqueued="2" />
  <stringconstants candidates="6470" cleared="0"  />
  <object-monitors candidates="2" cleared="0"  />
</gc-op>
<gc-op id="1809" type="sweep" timems="4.790" contextid="1785" timestamp="2022-02-08T16:47:05.688" />
<gc-end id="1810" type="global" contextid="1785" durationms="217.201" usertimems="228.090" systemtimems="4.311" stalltimems="179.643" timestamp="2022-02-08T16:47:05.688" activeThreads="4">
  <mem-info id="1811" free="377936360" total="1073741824" percent="35">
    <mem type="nursery" free="98995360" total="268435456" percent="36">
      <mem type="allocate" free="98995360" total="182452224" percent="54" />
      <mem type="survivor" free="0" total="85983232" percent="0" />
    </mem>
    <mem type="tenure" free="278941000" total="805306368" percent="34" micro-fragmented="187346" macro-fragmented="0">
      <mem type="soa" free="270887240" total="797252608" percent="33" />
      <mem type="loa" free="8053760" total="8053760" percent="100" />
    </mem>
    <pending-finalizers system="57" default="0" reference="2" classloader="0" />
    <remembered-set count="102" />
  </mem-info>
</gc-end>
<cycle-end id="1812" type="global" contextid="1785" timestamp="2022-02-08T16:47:05.688" />
<exclusive-end id="1813" timestamp="2022-02-08T16:47:05.688" durationms="217.455" />

<exclusive-start id="1814" timestamp="2022-02-08T16:47:06.338" intervalms="867.163">
  <response-info timems="0.021" idlems="0.021" threads="0" lastid="0000000000016F00" lastname="main" />
</exclusive-start>
<af-start id="1815" threadId="0000000000017908" totalBytesRequested="200" timestamp="2022-02-08T16:47:06.338" intervalms="1036.157" type="nursery" />
<cycle-start id="1816" type="scavenge" contextid="0" timestamp="2022-02-08T16:47:06.338" intervalms="1036.157" />
<gc-start id="1817" type="scavenge" contextid="1816" timestamp="2022-02-08T16:47:06.338">
  <mem-info id="1818" free="278941000" total="1073741824" percent="25">
    <mem type="nursery" free="0" total="268435456" percent="0">
      <mem type="allocate" free="0" total="182452224" percent="0" />
      <mem type="survivor" free="0" total="85983232" percent="0" />
    </mem>
    <mem type="tenure" free="278941000" total="805306368" percent="34">
      <mem type="soa" free="270887240" total="797252608" percent="33" />
      <mem type="loa" free="8053760" total="8053760" percent="100" />
    </mem>
    <remembered-set count="105" />
  </mem-info>
</gc-start>
<allocation-stats totalBytes="98951280" >
  <allocated-bytes non-tlh="0" tlh="98951280" />
  <largest-consumer threadName="main" threadId="0000000000016F00" bytes="98947184" />
</allocation-stats>
<gc-op id="1819" type="scavenge" timems="88.510" contextid="1816" timestamp="2022-02-08T16:47:06.426">
  <scavenger-info tenureage="1" tenuremask="7ffe" tiltratio="67" />
  <memory-copied type="nursery" objects="1312479" bytes="74336864" bytesdiscarded="153768" />
  <memory-copied type="tenure" objects="1382977" bytes="77813400" bytesdiscarded="39760" />
  <finalization candidates="1" enqueued="0" />
  <ownableSynchronizers candidates="2" cleared="2" />
  <object-monitors candidates="2" cleared="0"  />
</gc-op>
<gc-end id="1820" type="scavenge" contextid="1816" durationms="88.708" usertimems="347.041" systemtimems="1.740" stalltimems="4.104" timestamp="2022-02-08T16:47:06.427" activeThreads="4">
  <mem-info id="1821" free="309106528" total="1073741824" percent="28">
    <mem type="nursery" free="108354808" total="268435456" percent="40">
      <mem type="allocate" free="108354808" total="182845440" percent="59" />
      <mem type="survivor" free="0" total="85590016" percent="0" />
    </mem>
    <mem type="tenure" free="200751720" total="805306368" percent="24" macro-fragmented="0">
      <mem type="soa" free="192697960" total="797252608" percent="24" />
      <mem type="loa" free="8053760" total="8053760" percent="100" />
    </mem>
    <remembered-set count="105" />
  </mem-info>
</gc-end>
<cycle-end id="1822" type="scavenge" contextid="1816" timestamp="2022-02-08T16:47:06.427" />
<allocation-satisfied id="1823" threadId="0000000000016F00" bytesRequested="200" />
<af-end id="1824" timestamp="2022-02-08T16:47:06.427" threadId="0000000000017908" success="true" from="nursery"/>
<exclusive-end id="1825" timestamp="2022-02-08T16:47:06.427" durationms="88.954" />

<exclusive-start id="1826" timestamp="2022-02-08T16:47:07.341" intervalms="1003.333">
  <response-info timems="0.019" idlems="0.019" threads="0" lastid="0000000000016F00" lastname="main" />
</exclusive-start>
<af-start id="1827" threadId="0000000000017908" totalBytesRequested="192" timestamp="2022-02-08T16:47:07.341" intervalms="1003.333" type="nursery" />
<cycle-start id="1828" type="scavenge" contextid="0" timestamp="2022-02-08T16:47:07.341" intervalms="1003.333" />
<gc-start id="1829" type="scavenge" contextid="1828" timestamp="2022-02-08T16:47:07.341">
  <mem-info id="1830" free="200751720" total="1073741824" percent="18">
    <mem type="nursery" free="0" total="268435456" percent="0">
      <mem type="allocate" free="0" total="182845440" percent="0" />
      <mem type="survivor" free="0" total="85590016" percent="0" />
    </mem>
    <mem type="tenure" free="200751720" total="805306368" percent="24">
      <mem type="soa" free="192697960" total="797252608" percent="24" />
      <mem type="loa" free="8053760" total="8053760" percent="100" />
    </mem>
    <remembered-set count="136" />
  </mem-info>
</gc-start>
<allocation-stats totalBytes="108309824" >
  <allocated-bytes non-tlh="1590768" tlh="106719056" />
  <largest-consumer threadName="main" threadId="0000000000016F00" bytes="108309824" />
</allocation-stats>
<gc-op id="1831" type="scavenge" timems="92.059" contextid="1828" timestamp="2022-02-08T16:47:07.433">
  <scavenger-info tenureage="1" tenuremask="7ffe" tiltratio="68" />
  <memory-copied type="nursery" objects="1488968" bytes="76275144" bytesdiscarded="243568" />
  <memory-copied type="tenure" objects="1312478" bytes="74336752" bytesdiscarded="38904" />
  <finalization candidates="109" enqueued="53" />
  <references type="soft" candidates="14" cleared="0" enqueued="0" dynamicThreshold="11" maxThreshold="32" />
  <references type="weak" candidates="1" cleared="0" enqueued="0" />
  <references type="phantom" candidates="94" cleared="7" enqueued="7" />
  <object-monitors candidates="2" cleared="0"  />
</gc-op>
<gc-end id="1832" type="scavenge" contextid="1828" durationms="92.318" usertimems="364.220" systemtimems="0.081" stalltimems="2.771" timestamp="2022-02-08T16:47:07.434" activeThreads="4">
  <mem-info id="1833" free="233057432" total="1073741824" percent="21">
    <mem type="nursery" free="106523208" total="268435456" percent="39">
      <mem type="allocate" free="106523208" total="183042048" percent="58" />
      <mem type="survivor" free="0" total="85393408" percent="0" />
    </mem>
    <mem type="tenure" free="126534224" total="805306368" percent="15" macro-fragmented="0">
      <mem type="soa" free="118480464" total="797252608" percent="14" />
      <mem type="loa" free="8053760" total="8053760" percent="100" />
    </mem>
    <pending-finalizers system="52" default="1" reference="7" classloader="0" />
    <remembered-set count="132" />
  </mem-info>
</gc-end>
<cycle-end id="1834" type="scavenge" contextid="1828" timestamp="2022-02-08T16:47:07.434" />
<allocation-satisfied id="1835" threadId="0000000000016F00" bytesRequested="192" />
<af-end id="1836" timestamp="2022-02-08T16:47:07.434" threadId="0000000000017908" success="true" from="nursery"/>
<exclusive-end id="1837" timestamp="2022-02-08T16:47:07.434" durationms="92.720" />

<concurrent-kickoff id="1838" timestamp="2022-02-08T16:47:08.177">
  <kickoff reason="threshold reached" targetBytes="74669596" thresholdFreeBytes="6266841"  remainingFree="6240552" tenureFreeBytes="126534224" nurseryFreeBytes="6240552" />
</concurrent-kickoff>
<exclusive-start id="1839" timestamp="2022-02-08T16:47:08.181" intervalms="839.715">
  <response-info timems="0.024" idlems="0.024" threads="0" lastid="0000000000016F00" lastname="main" />
</exclusive-start>
<cycle-start id="1840" type="global" contextid="0" timestamp="2022-02-08T16:47:08.181" intervalms="3029.540" />
<concurrent-start id="1841" type="global mark" contextid="1840" timestamp="2022-02-08T16:47:08.181">
</concurrent-start>
<exclusive-end id="1842" timestamp="2022-02-08T16:47:08.181" durationms="0.038" />

<exclusive-start id="1843" timestamp="2022-02-08T16:47:08.329" intervalms="147.958">
  <response-info timems="0.047" idlems="0.047" threads="0" lastid="0000000000016F00" lastname="main" />
</exclusive-start>
<af-start id="1844" threadId="0000000000017908" totalBytesRequested="184" timestamp="2022-02-08T16:47:08.329" intervalms="987.692" type="nursery" />
<cycle-start id="1845" type="scavenge" contextid="0" timestamp="2022-02-08T16:47:08.329" intervalms="987.693" />
<gc-start id="1846" type="scavenge" contextid="1845" timestamp="2022-02-08T16:47:08.329">
  <mem-info id="1847" free="126534224" total="1073741824" percent="11">
    <mem type="nursery" free="0" total="268435456" percent="0">
      <mem type="allocate" free="0" total="183042048" percent="0" />
      <mem type="survivor" free="0" total="85393408" percent="0" />
    </mem>
    <mem type="tenure" free="126534224" total="805306368" percent="15">
      <mem type="soa" free="118480464" total="797252608" percent="14" />
      <mem type="loa" free="8053760" total="8053760" percent="100" />
    </mem>
    <remembered-set count="133" />
  </mem-info>
</gc-start>
<allocation-stats totalBytes="106471160" >
  <allocated-bytes non-tlh="1347872" tlh="105123288" />
  <largest-consumer threadName="main" threadId="0000000000016F00" bytes="106462968" />
</allocation-stats>
<gc-op id="1848" type="scavenge" timems="93.992" contextid="1845" timestamp="2022-02-08T16:47:08.423">
  <scavenger-info tenureage="1" tenuremask="7ffe" tiltratio="68" />
  <memory-copied type="nursery" objects="1333546" bytes="76198432" bytesdiscarded="124480" />
  <memory-copied type="tenure" objects="1488248" bytes="75331872" bytesdiscarded="38096" />
  <finalization candidates="57" enqueued="0" />
  <references type="phantom" candidates="1" cleared="0" enqueued="0" />
  <object-monitors candidates="2" cleared="0"  />
</gc-op>
<gc-end id="1849" type="scavenge" contextid="1845" durationms="94.264" usertimems="371.674" systemtimems="0.590" stalltimems="2.565" timestamp="2022-02-08T16:47:08.423" activeThreads="4">
  <mem-info id="1850" free="158419088" total="1073741824" percent="14">
    <mem type="nursery" free="107308960" total="268435456" percent="39">
      <mem type="allocate" free="107308960" total="183631872" percent="58" />
      <mem type="survivor" free="0" total="84803584" percent="0" />
    </mem>
    <mem type="tenure" free="51110128" total="805306368" percent="6" macro-fragmented="0">
      <mem type="soa" free="43056368" total="797252608" percent="5" />
      <mem type="loa" free="8053760" total="8053760" percent="100" />
    </mem>
    <remembered-set count="102" />
  </mem-info>
</gc-end>
<cycle-end id="1851" type="scavenge" contextid="1845" timestamp="2022-02-08T16:47:08.423" />
<allocation-satisfied id="1852" threadId="0000000000016F00" bytesRequested="184" />
<af-end id="1853" timestamp="2022-02-08T16:47:08.423" threadId="0000000000017908" success="true" from="nursery"/>
<exclusive-end id="1854" timestamp="2022-02-08T16:47:08.423" durationms="94.569" />

<concurrent-end id="1855" type="global mark" contextid="1840" timestamp="2022-02-08T16:47:08.509">
<gc-op id="1856" type="trace" timems="328.211" contextid="1840" timestamp="2022-02-08T16:47:08.509">
  <trace bytesTraced="74430772" workStackOverflowCount="0" />
  <card-cleaning reason="card cleaning threshold reached" bytesTraced="188" cardsCleaned="1" />
</gc-op>
</concurrent-end>

<exclusive-start id="1857" timestamp="2022-02-08T16:47:08.509" intervalms="180.335">
  <response-info timems="0.020" idlems="0.020" threads="0" lastid="0000000000016F00" lastname="main" />
</exclusive-start>
<concurrent-global-final id="1858" timestamp="2022-02-08T16:47:08.509" contextid="1840" intervalms="3038.495" >
  <concurrent-trace-info reason="card cleaning threshold reached" tracedByMutators="55038808" tracedByHelpers="19392152" cardsCleaned="1" workStackOverflowCount="0" />
</concurrent-global-final>
<gc-start id="1859" type="global" contextid="1840" timestamp="2022-02-08T16:47:08.509">
  <mem-info id="1860" free="152684504" total="1073741824" percent="14">
    <mem type="nursery" free="101574376" total="268435456" percent="37">
      <mem type="allocate" free="101574376" total="183631872" percent="55" />
      <mem type="survivor" free="0" total="84803584" percent="0" />
    </mem>
    <mem type="tenure" free="51110128" total="805306368" percent="6">
      <mem type="soa" free="43056368" total="797252608" percent="5" />
      <mem type="loa" free="8053760" total="8053760" percent="100" />
    </mem>
    <remembered-set count="102" />
  </mem-info>
</gc-start>
<allocation-stats totalBytes="5731376" >
  <allocated-bytes non-tlh="184" tlh="5731192" />
  <largest-consumer threadName="main" threadId="0000000000016F00" bytes="5731376" />
</allocation-stats>
<gc-op id="1861" type="rs-scan" timems="0.565" contextid="1840" timestamp="2022-02-08T16:47:08.510">
  <scan objectsFound="29" bytesTraced="5420" workStackOverflowCount="0" />
</gc-op>
<gc-op id="1862" type="card-cleaning" timems="148.674" contextid="1840" timestamp="2022-02-08T16:47:08.658">
  <card-cleaning cardsCleaned="9" bytesTraced="71014832" workStackOverflowCount="0" />
</gc-op>
<gc-op id="1863" type="mark" timems="49.295" contextid="1840" timestamp="2022-02-08T16:47:08.708">
  <trace-info objectcount="1814651" scancount="1362516" scanbytes="29134696" />
  <finalization candidates="428" enqueued="57" />
  <ownableSynchronizers candidates="1" cleared="0" />
  <references type="soft" candidates="894" cleared="0" enqueued="0" dynamicThreshold="11" maxThreshold="32" />
  <references type="weak" candidates="1701" cleared="0" enqueued="0" />
  <references type="phantom" candidates="52" cleared="2" enqueued="2" />
  <stringconstants candidates="6470" cleared="0"  />
  <object-monitors candidates="2" cleared="0"  />
</gc-op>
<gc-op id="1864" type="sweep" timems="5.179" contextid="1840" timestamp="2022-02-08T16:47:08.713" />
<gc-end id="1865" type="global" contextid="1840" durationms="203.999" usertimems="228.906" systemtimems="0.992" stalltimems="147.406" timestamp="2022-02-08T16:47:08.713" activeThreads="4">
  <mem-info id="1866" free="395871664" total="1073741824" percent="36">
    <mem type="nursery" free="101792192" total="268435456" percent="37">
      <mem type="allocate" free="101792192" total="183631872" percent="55" />
      <mem type="survivor" free="0" total="84803584" percent="0" />
    </mem>
    <mem type="tenure" free="294079472" total="805306368" percent="36" micro-fragmented="203492" macro-fragmented="0">
      <mem type="soa" free="286025712" total="797252608" percent="35" />
      <mem type="loa" free="8053760" total="8053760" percent="100" />
    </mem>
    <pending-finalizers system="57" default="0" reference="2" classloader="0" />
    <remembered-set count="102" />
  </mem-info>
</gc-end>
<cycle-end id="1867" type="global" contextid="1840" timestamp="2022-02-08T16:47:08.713" />
<exclusive-end id="1868" timestamp="2022-02-08T16:47:08.713" durationms="204.309" />

<exclusive-start id="1869" timestamp="2022-02-08T16:47:09.394" intervalms="884.716">
  <response-info timems="0.019" idlems="0.019" threads="0" lastid="0000000000016F00" lastname="main" />
</exclusive-start>
<af-start id="1870" threadId="0000000000017908" totalBytesRequested="208" timestamp="2022-02-08T16:47:09.394" intervalms="1065.038" type="nursery" />
<cycle-start id="1871" type="scavenge" contextid="0" timestamp="2022-02-08T16:47:09.394" intervalms="1065.036" />
<gc-start id="1872" type="scavenge" contextid="1871" timestamp="2022-02-08T16:47:09.394">
  <mem-info id="1873" free="294079472" total="1073741824" percent="27">
    <mem type="nursery" free="0" total="268435456" percent="0">
      <mem type="allocate" free="0" total="183631872" percent="0" />
      <mem type="survivor" free="0" total="84803584" percent="0" />
    </mem>
    <mem type="tenure" free="294079472" total="805306368" percent="36">
      <mem type="soa" free="286025712" total="797252608" percent="35" />
      <mem type="loa" free="8053760" total="8053760" percent="100" />
    </mem>
    <remembered-set count="105" />
  </mem-info>
</gc-start>
<allocation-stats totalBytes="101744576" >
  <allocated-bytes non-tlh="0" tlh="101744576" />
  <largest-consumer threadName="main" threadId="0000000000016F00" bytes="101740480" />
</allocation-stats>
<gc-op id="1874" type="scavenge" timems="86.873" contextid="1871" timestamp="2022-02-08T16:47:09.481">
  <scavenger-info tenureage="1" tenuremask="7ffe" tiltratio="68" />
  <memory-copied type="nursery" objects="1357515" bytes="76350264" bytesdiscarded="193800" />
  <memory-copied type="tenure" objects="1333545" bytes="76198328" bytesdiscarded="45320" />
  <finalization candidates="1" enqueued="0" />
  <ownableSynchronizers candidates="2" cleared="2" />
  <object-monitors candidates="2" cleared="0"  />
</gc-op>
<gc-end id="1875" type="scavenge" contextid="1871" durationms="87.100" usertimems="343.265" systemtimems="0.568" stalltimems="2.636" timestamp="2022-02-08T16:47:09.481" activeThreads="4">
  <mem-info id="1876" free="325303688" total="1073741824" percent="30">
    <mem type="nursery" free="107546560" total="268435456" percent="40">
      <mem type="allocate" free="107546560" total="184090624" percent="58" />
      <mem type="survivor" free="0" total="84344832" percent="0" />
    </mem>
    <mem type="tenure" free="217757128" total="805306368" percent="27" macro-fragmented="1800196">
      <mem type="soa" free="209703368" total="797252608" percent="26" />
      <mem type="loa" free="8053760" total="8053760" percent="100" />
    </mem>
    <remembered-set count="105" />
  </mem-info>
</gc-end>
<cycle-end id="1877" type="scavenge" contextid="1871" timestamp="2022-02-08T16:47:09.481" />
<allocation-satisfied id="1878" threadId="0000000000016F00" bytesRequested="208" />
<af-end id="1879" timestamp="2022-02-08T16:47:09.481" threadId="0000000000017908" success="true" from="nursery"/>
<exclusive-end id="1880" timestamp="2022-02-08T16:47:09.481" durationms="87.650" />

<exclusive-start id="1881" timestamp="2022-02-08T16:47:10.384" intervalms="990.369">
  <response-info timems="0.018" idlems="0.018" threads="0" lastid="0000000000016F00" lastname="main" />
</exclusive-start>
<af-start id="1882" threadId="0000000000017908" totalBytesRequested="104" timestamp="2022-02-08T16:47:10.384" intervalms="990.362" type="nursery" />
<cycle-start id="1883" type="scavenge" contextid="0" timestamp="2022-02-08T16:47:10.384" intervalms="990.363" />
<gc-start id="1884" type="scavenge" contextid="1883" timestamp="2022-02-08T16:47:10.384">
  <mem-info id="1885" free="217757128" total="1073741824" percent="20">
    <mem type="nursery" free="0" total="268435456" percent="0">
      <mem type="allocate" free="0" total="184090624" percent="0" />
      <mem type="survivor" free="0" total="84344832" percent="0" />
    </mem>
    <mem type="tenure" free="217757128" total="805306368" percent="27">
      <mem type="soa" free="209703368" total="797252608" percent="26" />
      <mem type="loa" free="8053760" total="8053760" percent="100" />
    </mem>
    <remembered-set count="136" />
  </mem-info>
</gc-start>
<allocation-stats totalBytes="107501744" >
  <allocated-bytes non-tlh="1018848" tlh="106482896" />
  <largest-consumer threadName="main" threadId="0000000000016F00" bytes="107501744" />
</allocation-stats>
<gc-op id="1886" type="scavenge" timems="94.952" contextid="1883" timestamp="2022-02-08T16:47:10.479">
  <scavenger-info tenureage="1" tenuremask="7ffe" tiltratio="68" />
  <memory-copied type="nursery" objects="1484238" bytes="75714672" bytesdiscarded="174096" />
  <memory-copied type="tenure" objects="1357514" bytes="76350152" bytesdiscarded="39304" />
  <finalization candidates="108" enqueued="53" />
  <references type="soft" candidates="14" cleared="0" enqueued="0" dynamicThreshold="11" maxThreshold="32" />
  <references type="weak" candidates="1" cleared="0" enqueued="0" />
  <references type="phantom" candidates="93" cleared="7" enqueued="7" />
  <object-monitors candidates="2" cleared="0"  />
</gc-op>
<gc-end id="1887" type="scavenge" contextid="1883" durationms="95.344" usertimems="363.381" systemtimems="0.000" stalltimems="9.190" timestamp="2022-02-08T16:47:10.480" activeThreads="4">
  <mem-info id="1888" free="249762040" total="1073741824" percent="23">
    <mem type="nursery" free="108594944" total="268435456" percent="40">
      <mem type="allocate" free="108594944" total="184483840" percent="58" />
      <mem type="survivor" free="0" total="83951616" percent="0" />
    </mem>
    <mem type="tenure" free="141167096" total="805306368" percent="17" macro-fragmented="0">
      <mem type="soa" free="133113336" total="797252608" percent="16" />
      <mem type="loa" free="8053760" total="8053760" percent="100" />
    </mem>
    <pending-finalizers system="52" default="1" reference="7" classloader="0" />
    <remembered-set count="132" />
  </mem-info>
</gc-end>
<cycle-end id="1889" type="scavenge" contextid="1883" timestamp="2022-02-08T16:47:10.480" />
<allocation-satisfied id="1890" threadId="0000000000016F00" bytesRequested="104" />
<af-end id="1891" timestamp="2022-02-08T16:47:10.480" threadId="0000000000017908" success="true" from="nursery"/>
<exclusive-end id="1892" timestamp="2022-02-08T16:47:10.480" durationms="95.839" />

<concurrent-kickoff id="1893" timestamp="2022-02-08T16:47:11.185">
  <kickoff reason="threshold reached" targetBytes="74621789" thresholdFreeBytes="6253092"  remainingFree="6227712" tenureFreeBytes="141167096" nurseryFreeBytes="6227712" />
</concurrent-kickoff>
<exclusive-start id="1894" timestamp="2022-02-08T16:47:11.193" intervalms="808.919">
  <response-info timems="0.021" idlems="0.021" threads="0" lastid="0000000000016F00" lastname="main" />
</exclusive-start>
<cycle-start id="1895" type="global" contextid="0" timestamp="2022-02-08T16:47:11.193" intervalms="3012.287" />
<concurrent-start id="1896" type="global mark" contextid="1895" timestamp="2022-02-08T16:47:11.193">
</concurrent-start>
<exclusive-end id="1897" timestamp="2022-02-08T16:47:11.193" durationms="0.035" />

<exclusive-start id="1898" timestamp="2022-02-08T16:47:11.363" intervalms="170.068">
  <response-info timems="0.108" idlems="0.108" threads="0" lastid="0000000000016F00" lastname="main" />
</exclusive-start>
<af-start id="1899" threadId="0000000000017908" totalBytesRequested="184" timestamp="2022-02-08T16:47:11.363" intervalms="979.014" type="nursery" />
<cycle-start id="1900" type="scavenge" contextid="0" timestamp="2022-02-08T16:47:11.363" intervalms="979.028" />
<gc-start id="1901" type="scavenge" contextid="1900" timestamp="2022-02-08T16:47:11.363">
  <mem-info id="1902" free="141167096" total="1073741824" percent="13">
    <mem type="nursery" free="0" total="268435456" percent="0">
      <mem type="allocate" free="0" total="184483840" percent="0" />
      <mem type="survivor" free="0" total="83951616" percent="0" />
    </mem>
    <mem type="tenure" free="141167096" total="805306368" percent="17">
      <mem type="soa" free="133113336" total="797252608" percent="16" />
      <mem type="loa" free="8053760" total="8053760" percent="100" />
    </mem>
    <remembered-set count="133" />
  </mem-info>
</gc-start>
<allocation-stats totalBytes="108546416" >
  <allocated-bytes non-tlh="1822912" tlh="106723504" />
  <largest-consumer threadName="main" threadId="0000000000016F00" bytes="108538224" />
</allocation-stats>
<gc-op id="1903" type="scavenge" timems="129.775" contextid="1900" timestamp="2022-02-08T16:47:11.493">
  <scavenger-info tenureage="1" tenuremask="7ffe" tiltratio="68" />
  <memory-copied type="nursery" objects="1353791" bytes="77354744" bytesdiscarded="258408" />
  <memory-copied type="tenure" objects="1483519" bytes="75076912" bytesdiscarded="38528" />
  <finalization candidates="57" enqueued="0" />
  <references type="phantom" candidates="2" cleared="0" enqueued="0" />
  <object-monitors candidates="2" cleared="0"  />
</gc-op>
<gc-end id="1904" type="scavenge" contextid="1900" durationms="129.944" usertimems="314.519" systemtimems="0.502" stalltimems="2.149" timestamp="2022-02-08T16:47:11.493" activeThreads="4">
  <mem-info id="1905" free="171980872" total="1073741824" percent="16">
    <mem type="nursery" free="105756576" total="268435456" percent="39">
      <mem type="allocate" free="105756576" total="183369728" percent="57" />
      <mem type="survivor" free="0" total="85065728" percent="0" />
    </mem>
    <mem type="tenure" free="66224296" total="805306368" percent="8" macro-fragmented="47927252">
      <mem type="soa" free="58170536" total="797252608" percent="7" />
      <mem type="loa" free="8053760" total="8053760" percent="100" />
    </mem>
    <remembered-set count="103" />
  </mem-info>
</gc-end>
<cycle-end id="1906" type="scavenge" contextid="1900" timestamp="2022-02-08T16:47:11.493" />
<allocation-satisfied id="1907" threadId="0000000000016F00" bytesRequested="184" />
<af-end id="1908" timestamp="2022-02-08T16:47:11.493" threadId="0000000000017908" success="true" from="nursery"/>
<exclusive-end id="1909" timestamp="2022-02-08T16:47:11.493" durationms="130.282" />

<concurrent-end id="1910" type="global mark" contextid="1895" timestamp="2022-02-08T16:47:11.571">
<gc-op id="1911" type="trace" timems="378.017" contextid="1895" timestamp="2022-02-08T16:47:11.571">
  <trace bytesTraced="74430980" workStackOverflowCount="0" />
  <card-cleaning reason="card cleaning threshold reached" bytesTraced="188" cardsCleaned="1" />
</gc-op>
</concurrent-end>

<exclusive-start id="1912" timestamp="2022-02-08T16:47:11.571" intervalms="208.027">
  <response-info timems="0.019" idlems="0.019" threads="0" lastid="0000000000016F00" lastname="main" />
</exclusive-start>
<concurrent-global-final id="1913" timestamp="2022-02-08T16:47:11.571" contextid="1895" intervalms="3062.099" >
  <concurrent-trace-info reason="card cleaning threshold reached" tracedByMutators="51128576" tracedByHelpers="23302592" cardsCleaned="1" workStackOverflowCount="0" />
</concurrent-global-final>
<gc-start id="1914" type="global" contextid="1895" timestamp="2022-02-08T16:47:11.571">
  <mem-info id="1915" free="166770576" total="1073741824" percent="15">
    <mem type="nursery" free="100546280" total="268435456" percent="37">
      <mem type="allocate" free="100546280" total="183369728" percent="54" />
      <mem type="survivor" free="0" total="85065728" percent="0" />
    </mem>
    <mem type="tenure" free="66224296" total="805306368" percent="8">
      <mem type="soa" free="58170536" total="797252608" percent="7" />
      <mem type="loa" free="8053760" total="8053760" percent="100" />
    </mem>
    <remembered-set count="103" />
  </mem-info>
</gc-start>
<allocation-stats totalBytes="5208016" >
  <allocated-bytes non-tlh="184" tlh="5207832" />
  <largest-consumer threadName="main" threadId="0000000000016F00" bytes="5208016" />
</allocation-stats>
<gc-op id="1916" type="rs-scan" timems="0.619" contextid="1895" timestamp="2022-02-08T16:47:11.572">
  <scan objectsFound="29" bytesTraced="5420" workStackOverflowCount="0" />
</gc-op>
<gc-op id="1917" type="card-cleaning" timems="154.685" contextid="1895" timestamp="2022-02-08T16:47:11.727">
  <card-cleaning cardsCleaned="9" bytesTraced="71014832" workStackOverflowCount="0" />
</gc-op>
<gc-op id="1918" type="mark" timems="54.198" contextid="1895" timestamp="2022-02-08T16:47:11.781">
  <trace-info objectcount="1569683" scancount="1178790" scanbytes="25215208" />
  <finalization candidates="428" enqueued="57" />
  <ownableSynchronizers candidates="1" cleared="0" />
  <references type="soft" candidates="894" cleared="0" enqueued="0" dynamicThreshold="11" maxThreshold="32" />
  <references type="weak" candidates="1701" cleared="0" enqueued="0" />
  <references type="phantom" candidates="52" cleared="2" enqueued="2" />
  <stringconstants candidates="6470" cleared="0"  />
  <object-monitors candidates="2" cleared="0"  />
</gc-op>
<gc-op id="1919" type="sweep" timems="5.213" contextid="1895" timestamp="2022-02-08T16:47:11.786" />
<gc-end id="1920" type="global" contextid="1895" durationms="214.909" usertimems="273.110" systemtimems="0.362" stalltimems="118.913" timestamp="2022-02-08T16:47:11.786" activeThreads="4">
  <mem-info id="1921" free="409948608" total="1073741824" percent="38">
    <mem type="nursery" free="100895368" total="268435456" percent="37">
      <mem type="allocate" free="100895368" total="183369728" percent="55" />
      <mem type="survivor" free="0" total="85065728" percent="0" />
    </mem>
    <mem type="tenure" free="309053240" total="805306368" percent="38" micro-fragmented="215464" macro-fragmented="0">
      <mem type="soa" free="300999480" total="797252608" percent="37" />
      <mem type="loa" free="8053760" total="8053760" percent="100" />
    </mem>
    <pending-finalizers system="57" default="0" reference="2" classloader="0" />
    <remembered-set count="103" />
  </mem-info>
</gc-end>
<cycle-end id="1922" type="global" contextid="1895" timestamp="2022-02-08T16:47:11.786" />
<exclusive-end id="1923" timestamp="2022-02-08T16:47:11.786" durationms="215.115" />

<exclusive-start id="1924" timestamp="2022-02-08T16:47:12.489" intervalms="918.049">
  <response-info timems="0.019" idlems="0.019" threads="0" lastid="0000000000016F00" lastname="main" />
</exclusive-start>
<af-start id="1925" threadId="0000000000017908" totalBytesRequested="184" timestamp="2022-02-08T16:47:12.489" intervalms="1126.049" type="nursery" />
<cycle-start id="1926" type="scavenge" contextid="0" timestamp="2022-02-08T16:47:12.489" intervalms="1126.035" />
<gc-start id="1927" type="scavenge" contextid="1926" timestamp="2022-02-08T16:47:12.489">
  <mem-info id="1928" free="309053240" total="1073741824" percent="28">
    <mem type="nursery" free="0" total="268435456" percent="0">
      <mem type="allocate" free="0" total="183369728" percent="0" />
      <mem type="survivor" free="0" total="85065728" percent="0" />
    </mem>
    <mem type="tenure" free="309053240" total="805306368" percent="38">
      <mem type="soa" free="300999480" total="797252608" percent="37" />
      <mem type="loa" free="8053760" total="8053760" percent="100" />
    </mem>
    <remembered-set count="106" />
  </mem-info>
</gc-start>
<allocation-stats totalBytes="100848296" >
  <allocated-bytes non-tlh="0" tlh="100848296" />
  <largest-consumer threadName="main" threadId="0000000000016F00" bytes="100844200" />
</allocation-stats>
<gc-op id="1929" type="scavenge" timems="75.919" contextid="1926" timestamp="2022-02-08T16:47:12.565">
  <scavenger-info tenureage="1" tenuremask="7ffe" tiltratio="68" />
  <memory-copied type="nursery" objects="1339087" bytes="75351720" bytesdiscarded="142272" />
  <memory-copied type="tenure" objects="1353790" bytes="77354640" bytesdiscarded="39248" />
  <finalization candidates="2" enqueued="0" />
  <ownableSynchronizers candidates="2" cleared="2" />
  <object-monitors candidates="2" cleared="0"  />
</gc-op>
<gc-end id="1930" type="scavenge" contextid="1926" durationms="76.139" usertimems="295.934" systemtimems="4.189" stalltimems="2.663" timestamp="2022-02-08T16:47:12.565" activeThreads="4">
  <mem-info id="1931" free="339641784" total="1073741824" percent="31">
    <mem type="nursery" free="108137880" total="268435456" percent="40">
      <mem type="allocate" free="108137880" total="183631872" percent="58" />
      <mem type="survivor" free="0" total="84803584" percent="0" />
    </mem>
    <mem type="tenure" free="231503904" total="805306368" percent="28" macro-fragmented="0">
      <mem type="soa" free="223450144" total="797252608" percent="28" />
      <mem type="loa" free="8053760" total="8053760" percent="100" />
    </mem>
    <remembered-set count="105" />
  </mem-info>
</gc-end>
<cycle-end id="1932" type="scavenge" contextid="1926" timestamp="2022-02-08T16:47:12.566" />
<allocation-satisfied id="1933" threadId="0000000000016F00" bytesRequested="184" />
<af-end id="1934" timestamp="2022-02-08T16:47:12.566" threadId="0000000000017908" success="true" from="nursery"/>
<exclusive-end id="1935" timestamp="2022-02-08T16:47:12.566" durationms="76.436" />

<exclusive-start id="1936" timestamp="2022-02-08T16:47:13.315" intervalms="825.549">
  <response-info timems="0.024" idlems="0.024" threads="0" lastid="0000000000016F00" lastname="main" />
</exclusive-start>
<af-start id="1937" threadId="0000000000017908" totalBytesRequested="216" timestamp="2022-02-08T16:47:13.315" intervalms="825.550" type="nursery" />
<cycle-start id="1938" type="scavenge" contextid="0" timestamp="2022-02-08T16:47:13.315" intervalms="825.551" />
<gc-start id="1939" type="scavenge" contextid="1938" timestamp="2022-02-08T16:47:13.315">
  <mem-info id="1940" free="231503904" total="1073741824" percent="21">
    <mem type="nursery" free="0" total="268435456" percent="0">
      <mem type="allocate" free="0" total="183631872" percent="0" />
      <mem type="survivor" free="0" total="84803584" percent="0" />
    </mem>
    <mem type="tenure" free="231503904" total="805306368" percent="28">
      <mem type="soa" free="223450144" total="797252608" percent="28" />
      <mem type="loa" free="8053760" total="8053760" percent="100" />
    </mem>
    <remembered-set count="119" />
  </mem-info>
</gc-start>
<allocation-stats totalBytes="108087112" >
  <allocated-bytes non-tlh="453888" tlh="107633224" />
  <largest-consumer threadName="main" threadId="0000000000016F00" bytes="108087112" />
</allocation-stats>
<gc-op id="1941" type="scavenge" timems="79.243" contextid="1938" timestamp="2022-02-08T16:47:13.394">
  <scavenger-info tenureage="1" tenuremask="7ffe" tiltratio="68" />
  <memory-copied type="nursery" objects="1360084" bytes="76963480" bytesdiscarded="161128" />
  <memory-copied type="tenure" objects="1339086" bytes="75351616" bytesdiscarded="40544" />
  <finalization candidates="30" enqueued="18" />
  <references type="phantom" candidates="30" cleared="0" enqueued="0" />
  <object-monitors candidates="2" cleared="0"  />
</gc-op>
<gc-end id="1942" type="scavenge" contextid="1938" durationms="79.492" usertimems="306.494" systemtimems="0.000" stalltimems="4.006" timestamp="2022-02-08T16:47:13.394" activeThreads="4">
  <mem-info id="1943" free="262433048" total="1073741824" percent="24">
    <mem type="nursery" free="106441728" total="268435456" percent="39">
      <mem type="allocate" free="106441728" total="183566336" percent="57" />
      <mem type="survivor" free="0" total="84869120" percent="0" />
    </mem>
    <mem type="tenure" free="155991320" total="805306368" percent="19" macro-fragmented="0">
      <mem type="soa" free="147937560" total="797252608" percent="18" />
      <mem type="loa" free="8053760" total="8053760" percent="100" />
    </mem>
    <pending-finalizers system="18" default="0" reference="0" classloader="0" />
    <remembered-set count="119" />
  </mem-info>
</gc-end>
<cycle-end id="1944" type="scavenge" contextid="1938" timestamp="2022-02-08T16:47:13.395" />
<allocation-satisfied id="1945" threadId="0000000000016F00" bytesRequested="216" />
<af-end id="1946" timestamp="2022-02-08T16:47:13.395" threadId="0000000000017908" success="true" from="nursery"/>
<exclusive-end id="1947" timestamp="2022-02-08T16:47:13.395" durationms="79.814" />

<concurrent-kickoff id="1948" timestamp="2022-02-08T16:47:14.228">
  <kickoff reason="threshold reached" targetBytes="74583607" thresholdFreeBytes="6272217"  remainingFree="6171880" tenureFreeBytes="155991320" nurseryFreeBytes="6171880" />
</concurrent-kickoff>
<exclusive-start id="1949" timestamp="2022-02-08T16:47:14.232" intervalms="917.277">
  <response-info timems="0.026" idlems="0.026" threads="0" lastid="0000000000016F00" lastname="main" />
</exclusive-start>
<cycle-start id="1950" type="global" contextid="0" timestamp="2022-02-08T16:47:14.232" intervalms="3038.980" />
<concurrent-start id="1951" type="global mark" contextid="1950" timestamp="2022-02-08T16:47:14.232">
</concurrent-start>
<exclusive-end id="1952" timestamp="2022-02-08T16:47:14.232" durationms="0.038" />

<exclusive-start id="1953" timestamp="2022-02-08T16:47:14.378" intervalms="146.010">
  <response-info timems="0.019" idlems="0.019" threads="0" lastid="0000000000016F00" lastname="main" />
</exclusive-start>
<af-start id="1954" threadId="0000000000017908" totalBytesRequested="184" timestamp="2022-02-08T16:47:14.378" intervalms="1063.329" type="nursery" />
<cycle-start id="1955" type="scavenge" contextid="0" timestamp="2022-02-08T16:47:14.378" intervalms="1063.347" />
<gc-start id="1956" type="scavenge" contextid="1955" timestamp="2022-02-08T16:47:14.378">
  <mem-info id="1957" free="155991320" total="1073741824" percent="14">
    <mem type="nursery" free="0" total="268435456" percent="0">
      <mem type="allocate" free="0" total="183566336" percent="0" />
      <mem type="survivor" free="0" total="84869120" percent="0" />
    </mem>
    <mem type="tenure" free="155991320" total="805306368" percent="19">
      <mem type="soa" free="147937560" total="797252608" percent="18" />
      <mem type="loa" free="8053760" total="8053760" percent="100" />
    </mem>
    <remembered-set count="135" />
  </mem-info>
</gc-start>
<allocation-stats totalBytes="106392880" >
  <allocated-bytes non-tlh="2387736" tlh="104005144" />
  <largest-consumer threadName="main" threadId="0000000000016F00" bytes="106388784" />
</allocation-stats>
<gc-op id="1958" type="scavenge" timems="92.091" contextid="1955" timestamp="2022-02-08T16:47:14.470">
  <scavenger-info tenureage="1" tenuremask="7ffe" tiltratio="68" />
  <memory-copied type="nursery" objects="1415658" bytes="75127728" bytesdiscarded="163448" />
  <memory-copied type="tenure" objects="1359784" bytes="76350616" bytesdiscarded="36984" />
  <finalization candidates="92" enqueued="35" />
  <references type="soft" candidates="14" cleared="0" enqueued="0" dynamicThreshold="12" maxThreshold="32" />
  <references type="weak" candidates="1" cleared="0" enqueued="0" />
  <references type="phantom" candidates="77" cleared="7" enqueued="7" />
  <object-monitors candidates="2" cleared="0"  />
</gc-op>
<gc-end id="1959" type="scavenge" contextid="1955" durationms="92.321" usertimems="356.710" systemtimems="4.827" stalltimems="2.701" timestamp="2022-02-08T16:47:14.471" activeThreads="4">
  <mem-info id="1960" free="188127392" total="1073741824" percent="17">
    <mem type="nursery" free="108602712" total="268435456" percent="40">
      <mem type="allocate" free="108602712" total="183894016" percent="59" />
      <mem type="survivor" free="0" total="84541440" percent="0" />
    </mem>
    <mem type="tenure" free="79524680" total="805306368" percent="9" macro-fragmented="39939376">
      <mem type="soa" free="71470920" total="797252608" percent="8" />
      <mem type="loa" free="8053760" total="8053760" percent="100" />
    </mem>
    <pending-finalizers system="34" default="1" reference="7" classloader="0" />
    <remembered-set count="120" />
  </mem-info>
</gc-end>
<cycle-end id="1961" type="scavenge" contextid="1955" timestamp="2022-02-08T16:47:14.471" />
<allocation-satisfied id="1962" threadId="0000000000016F00" bytesRequested="184" />
<af-end id="1963" timestamp="2022-02-08T16:47:14.471" threadId="0000000000017908" success="true" from="nursery"/>
<exclusive-end id="1964" timestamp="2022-02-08T16:47:14.471" durationms="92.836" />

<concurrent-end id="1965" type="global mark" contextid="1950" timestamp="2022-02-08T16:47:14.579">
<gc-op id="1966" type="trace" timems="347.189" contextid="1950" timestamp="2022-02-08T16:47:14.579">
  <trace bytesTraced="74431284" workStackOverflowCount="0" />
  <card-cleaning reason="card cleaning threshold reached" bytesTraced="188" cardsCleaned="1" />
</gc-op>
</concurrent-end>

<exclusive-start id="1967" timestamp="2022-02-08T16:47:14.579" intervalms="201.284">
  <response-info timems="0.023" idlems="0.023" threads="0" lastid="0000000000016F00" lastname="main" />
</exclusive-start>
<concurrent-global-final id="1968" timestamp="2022-02-08T16:47:14.579" contextid="1950" intervalms="3008.190" >
  <concurrent-trace-info reason="card cleaning threshold reached" tracedByMutators="55534192" tracedByHelpers="18897280" cardsCleaned="1" workStackOverflowCount="0" />
</concurrent-global-final>
<gc-start id="1969" type="global" contextid="1950" timestamp="2022-02-08T16:47:14.579">
  <mem-info id="1970" free="181860328" total="1073741824" percent="16">
    <mem type="nursery" free="102335648" total="268435456" percent="38">
      <mem type="allocate" free="102335648" total="183894016" percent="55" />
      <mem type="survivor" free="0" total="84541440" percent="0" />
    </mem>
    <mem type="tenure" free="79524680" total="805306368" percent="9">
      <mem type="soa" free="71470920" total="797252608" percent="8" />
      <mem type="loa" free="8053760" total="8053760" percent="100" />
    </mem>
    <remembered-set count="121" />
  </mem-info>
</gc-start>
<allocation-stats totalBytes="6263480" >
  <allocated-bytes non-tlh="184" tlh="6263296" />
  <largest-consumer threadName="main" threadId="0000000000016F00" bytes="6255288" />
</allocation-stats>
<gc-op id="1971" type="rs-scan" timems="146.467" contextid="1950" timestamp="2022-02-08T16:47:14.726">
  <scan objectsFound="3324749" bytesTraced="71013480" workStackOverflowCount="0" />
</gc-op>
<gc-op id="1972" type="card-cleaning" timems="0.303" contextid="1950" timestamp="2022-02-08T16:47:14.726">
  <card-cleaning cardsCleaned="3" bytesTraced="5264" workStackOverflowCount="0" />
</gc-op>
<gc-op id="1973" type="mark" timems="44.181" contextid="1950" timestamp="2022-02-08T16:47:14.771">
  <trace-info objectcount="1265025" scancount="950295" scanbytes="20340680" />
  <finalization candidates="428" enqueued="57" />
  <ownableSynchronizers candidates="1" cleared="0" />
  <references type="soft" candidates="894" cleared="0" enqueued="0" dynamicThreshold="12" maxThreshold="32" />
  <references type="weak" candidates="1701" cleared="0" enqueued="0" />
  <references type="phantom" candidates="52" cleared="2" enqueued="2" />
  <stringconstants candidates="6470" cleared="0"  />
  <object-monitors candidates="2" cleared="0"  />
</gc-op>
<gc-op id="1974" type="sweep" timems="4.761" contextid="1950" timestamp="2022-02-08T16:47:14.775" />
<gc-end id="1975" type="global" contextid="1950" durationms="195.905" usertimems="250.954" systemtimems="1.890" stalltimems="90.389" timestamp="2022-02-08T16:47:14.775" activeThreads="4">
  <mem-info id="1976" free="425531064" total="1073741824" percent="39">
    <mem type="nursery" free="102913400" total="268435456" percent="38">
      <mem type="allocate" free="102913400" total="183894016" percent="55" />
      <mem type="survivor" free="0" total="84541440" percent="0" />
    </mem>
    <mem type="tenure" free="322617664" total="805306368" percent="40" micro-fragmented="188917" macro-fragmented="0">
      <mem type="soa" free="314563904" total="797252608" percent="39" />
      <mem type="loa" free="8053760" total="8053760" percent="100" />
    </mem>
    <pending-finalizers system="57" default="0" reference="2" classloader="0" />
    <remembered-set count="108" />
  </mem-info>
</gc-end>
<cycle-end id="1977" type="global" contextid="1950" timestamp="2022-02-08T16:47:14.776" />
<exclusive-end id="1978" timestamp="2022-02-08T16:47:14.776" durationms="196.183" />

<exclusive-start id="1979" timestamp="2022-02-08T16:47:15.528" intervalms="948.181">
  <response-info timems="0.018" idlems="0.018" threads="0" lastid="0000000000016F00" lastname="main" />
</exclusive-start>
<af-start id="1980" threadId="0000000000017908" totalBytesRequested="40" timestamp="2022-02-08T16:47:15.528" intervalms="1149.423" type="nursery" />
<cycle-start id="1981" type="scavenge" contextid="0" timestamp="2022-02-08T16:47:15.528" intervalms="1149.404" />
<gc-start id="1982" type="scavenge" contextid="1981" timestamp="2022-02-08T16:47:15.528">
  <mem-info id="1983" free="322617664" total="1073741824" percent="30">
    <mem type="nursery" free="0" total="268435456" percent="0">
      <mem type="allocate" free="0" total="183894016" percent="0" />
      <mem type="survivor" free="0" total="84541440" percent="0" />
    </mem>
    <mem type="tenure" free="322617664" total="805306368" percent="40">
      <mem type="soa" free="314563904" total="797252608" percent="39" />
      <mem type="loa" free="8053760" total="8053760" percent="100" />
    </mem>
    <remembered-set count="109" />
  </mem-info>
</gc-start>
<allocation-stats totalBytes="102863936" >
  <allocated-bytes non-tlh="0" tlh="102863936" />
  <largest-consumer threadName="main" threadId="0000000000016F00" bytes="102854816" />
</allocation-stats>
<gc-op id="1984" type="scavenge" timems="97.556" contextid="1981" timestamp="2022-02-08T16:47:15.625">
  <scavenger-info tenureage="1" tenuremask="7ffe" tiltratio="68" />
  <memory-copied type="nursery" objects="1407654" bytes="77630552" bytesdiscarded="261544" />
  <memory-copied type="tenure" objects="1415176" bytes="74815880" bytesdiscarded="37112" />
  <finalization candidates="45" enqueued="0" />
  <ownableSynchronizers candidates="2" cleared="2" />
  <object-monitors candidates="2" cleared="0"  />
</gc-op>
<gc-end id="1985" type="scavenge" contextid="1981" durationms="97.804" usertimems="383.558" systemtimems="3.002" stalltimems="2.498" timestamp="2022-02-08T16:47:15.625" activeThreads="4">
  <mem-info id="1986" free="351800968" total="1073741824" percent="32">
    <mem type="nursery" free="104363520" total="268435456" percent="38">
      <mem type="allocate" free="104363520" total="182255616" percent="57" />
      <mem type="survivor" free="0" total="86179840" percent="0" />
    </mem>
    <mem type="tenure" free="247437448" total="805306368" percent="30" macro-fragmented="1800196">
      <mem type="soa" free="239383688" total="797252608" percent="30" />
      <mem type="loa" free="8053760" total="8053760" percent="100" />
    </mem>
    <remembered-set count="104" />
  </mem-info>
</gc-end>
<cycle-end id="1987" type="scavenge" contextid="1981" timestamp="2022-02-08T16:47:15.626" />
<allocation-satisfied id="1988" threadId="0000000000016F00" bytesRequested="40" />
<af-end id="1989" timestamp="2022-02-08T16:47:15.626" threadId="0000000000017908" success="true" from="nursery"/>
<exclusive-end id="1990" timestamp="2022-02-08T16:47:15.626" durationms="98.049" />

<exclusive-start id="1991" timestamp="2022-02-08T16:47:16.286" intervalms="758.356">
  <response-info timems="0.023" idlems="0.023" threads="0" lastid="0000000000016F00" lastname="main" />
</exclusive-start>
<af-start id="1992" threadId="0000000000017908" totalBytesRequested="200" timestamp="2022-02-08T16:47:16.286" intervalms="758.366" type="nursery" />
<cycle-start id="1993" type="scavenge" contextid="0" timestamp="2022-02-08T16:47:16.286" intervalms="758.366" />
<gc-start id="1994" type="scavenge" contextid="1993" timestamp="2022-02-08T16:47:16.286">
  <mem-info id="1995" free="247437448" total="1073741824" percent="23">
    <mem type="nursery" free="0" total="268435456" percent="0">
      <mem type="allocate" free="0" total="182255616" percent="0" />
      <mem type="survivor" free="0" total="86179840" percent="0" />
    </mem>
    <mem type="tenure" free="247437448" total="805306368" percent="30">
      <mem type="soa" free="239383688" total="797252608" percent="30" />
      <mem type="loa" free="8053760" total="8053760" percent="100" />
    </mem>
    <remembered-set count="104" />
  </mem-info>
</gc-start>
<allocation-stats totalBytes="104316328" >
  <allocated-bytes non-tlh="40" tlh="104316288" />
  <largest-consumer threadName="main" threadId="0000000000016F00" bytes="104316328" />
</allocation-stats>
<gc-op id="1996" type="scavenge" timems="83.132" contextid="1993" timestamp="2022-02-08T16:47:16.369">
  <scavenger-info tenureage="1" tenuremask="7ffe" tiltratio="67" />
  <memory-copied type="nursery" objects="1301957" bytes="74165368" bytesdiscarded="199728" />
  <memory-copied type="tenure" objects="1407654" bytes="77630552" bytesdiscarded="41016" />
  <object-monitors candidates="2" cleared="0"  />
</gc-op>
<gc-end id="1997" type="scavenge" contextid="1993" durationms="83.295" usertimems="328.591" systemtimems="0.800" stalltimems="1.977" timestamp="2022-02-08T16:47:16.369" activeThreads="4">
  <mem-info id="1998" free="278305776" total="1073741824" percent="25">
    <mem type="nursery" free="108349272" total="268435456" percent="40">
      <mem type="allocate" free="108349272" total="182714368" percent="59" />
      <mem type="survivor" free="0" total="85721088" percent="0" />
    </mem>
    <mem type="tenure" free="169956504" total="805306368" percent="21" macro-fragmented="69015248">
      <mem type="soa" free="161902744" total="797252608" percent="20" />
      <mem type="loa" free="8053760" total="8053760" percent="100" />
    </mem>
    <remembered-set count="104" />
  </mem-info>
</gc-end>
<cycle-end id="1999" type="scavenge" contextid="1993" timestamp="2022-02-08T16:47:16.369" />
<allocation-satisfied id="2000" threadId="0000000000016F00" bytesRequested="200" />
<af-end id="2001" timestamp="2022-02-08T16:47:16.370" threadId="0000000000017908" success="true" from="nursery"/>
<exclusive-end id="2002" timestamp="2022-02-08T16:47:16.370" durationms="83.637" />

<exclusive-start id="2003" timestamp="2022-02-08T16:47:17.296" intervalms="1009.969">
  <response-info timems="0.039" idlems="0.039" threads="0" lastid="0000000000016F00" lastname="main" />
</exclusive-start>
<af-start id="2004" threadId="0000000000017908" totalBytesRequested="64" timestamp="2022-02-08T16:47:17.296" intervalms="1010.012" type="nursery" />
<cycle-start id="2005" type="scavenge" contextid="0" timestamp="2022-02-08T16:47:17.296" intervalms="1010.014" />
<gc-start id="2006" type="scavenge" contextid="2005" timestamp="2022-02-08T16:47:17.296">
  <mem-info id="2007" free="169956504" total="1073741824" percent="15">
    <mem type="nursery" free="0" total="268435456" percent="0">
      <mem type="allocate" free="0" total="182714368" percent="0" />
      <mem type="survivor" free="0" total="85721088" percent="0" />
    </mem>
    <mem type="tenure" free="169956504" total="805306368" percent="21">
      <mem type="soa" free="161902744" total="797252608" percent="20" />
      <mem type="loa" free="8053760" total="8053760" percent="100" />
    </mem>
    <remembered-set count="135" />
  </mem-info>
</gc-start>
<allocation-stats totalBytes="108299088" >
  <allocated-bytes non-tlh="2938448" tlh="105360640" />
  <largest-consumer threadName="main" threadId="0000000000016F00" bytes="108299088" />
</allocation-stats>
<gc-op id="2008" type="scavenge" timems="99.831" contextid="2005" timestamp="2022-02-08T16:47:17.396">
  <scavenger-info tenureage="1" tenuremask="7ffe" tiltratio="68" />
  <memory-copied type="nursery" objects="1453824" bytes="76148032" bytesdiscarded="243200" />
  <memory-copied type="tenure" objects="1301956" bytes="74165256" bytesdiscarded="38640" />
  <finalization candidates="110" enqueued="53" />
  <references type="soft" candidates="14" cleared="0" enqueued="0" dynamicThreshold="12" maxThreshold="32" />
  <references type="weak" candidates="1" cleared="0" enqueued="0" />
  <references type="phantom" candidates="95" cleared="7" enqueued="7" />
  <object-monitors candidates="2" cleared="0"  />
</gc-op>
<gc-end id="2009" type="scavenge" contextid="2005" durationms="100.066" usertimems="396.371" systemtimems="0.000" stalltimems="1.962" timestamp="2022-02-08T16:47:17.396" activeThreads="4">
  <mem-info id="2010" free="202312240" total="1073741824" percent="18">
    <mem type="nursery" free="106585152" total="268435456" percent="39">
      <mem type="allocate" free="106585152" total="182976512" percent="58" />
      <mem type="survivor" free="0" total="85458944" percent="0" />
    </mem>
    <mem type="tenure" free="95727088" total="805306368" percent="11" macro-fragmented="69015248">
      <mem type="soa" free="87673328" total="797252608" percent="10" />
      <mem type="loa" free="8053760" total="8053760" percent="100" />
    </mem>
    <pending-finalizers system="52" default="1" reference="7" classloader="0" />
    <remembered-set count="130" />
  </mem-info>
</gc-end>
<cycle-end id="2011" type="scavenge" contextid="2005" timestamp="2022-02-08T16:47:17.396" />
<allocation-satisfied id="2012" threadId="0000000000016F00" bytesRequested="64" />
<af-end id="2013" timestamp="2022-02-08T16:47:17.396" threadId="0000000000017908" success="true" from="nursery"/>
<exclusive-end id="2014" timestamp="2022-02-08T16:47:17.396" durationms="100.518" />

<concurrent-kickoff id="2015" timestamp="2022-02-08T16:47:18.099">
  <kickoff reason="threshold reached" targetBytes="74553140" thresholdFreeBytes="6235207"  remainingFree="6208512" tenureFreeBytes="95727088" nurseryFreeBytes="6208512" />
</concurrent-kickoff>
<exclusive-start id="2016" timestamp="2022-02-08T16:47:18.103" intervalms="807.434">
  <response-info timems="0.021" idlems="0.021" threads="0" lastid="0000000000016F00" lastname="main" />
</exclusive-start>
<cycle-start id="2017" type="global" contextid="0" timestamp="2022-02-08T16:47:18.103" intervalms="3871.228" />
<concurrent-start id="2018" type="global mark" contextid="2017" timestamp="2022-02-08T16:47:18.103">
</concurrent-start>
<exclusive-end id="2019" timestamp="2022-02-08T16:47:18.103" durationms="0.030" />

<exclusive-start id="2020" timestamp="2022-02-08T16:47:18.248" intervalms="144.399">
  <response-info timems="0.030" idlems="0.030" threads="0" lastid="0000000000016F00" lastname="main" />
</exclusive-start>
<af-start id="2021" threadId="0000000000017908" totalBytesRequested="184" timestamp="2022-02-08T16:47:18.248" intervalms="951.779" type="nursery" />
<cycle-start id="2022" type="scavenge" contextid="0" timestamp="2022-02-08T16:47:18.248" intervalms="951.776" />
<gc-start id="2023" type="scavenge" contextid="2022" timestamp="2022-02-08T16:47:18.248">
  <mem-info id="2024" free="95727088" total="1073741824" percent="8">
    <mem type="nursery" free="0" total="268435456" percent="0">
      <mem type="allocate" free="0" total="182976512" percent="0" />
      <mem type="survivor" free="0" total="85458944" percent="0" />
    </mem>
    <mem type="tenure" free="95727088" total="805306368" percent="11">
      <mem type="soa" free="87673328" total="797252608" percent="10" />
      <mem type="loa" free="8053760" total="8053760" percent="100" />
    </mem>
    <remembered-set count="131" />
  </mem-info>
</gc-start>
<allocation-stats totalBytes="106535784" >
  <allocated-bytes non-tlh="64" tlh="106535720" />
  <largest-consumer threadName="main" threadId="0000000000016F00" bytes="106527592" />
</allocation-stats>
<gc-op id="2025" type="scavenge" timems="79.728" contextid="2022" timestamp="2022-02-08T16:47:18.328">
  <scavenger-info tenureage="1" tenuremask="7ffe" tiltratio="68" />
  <memory-copied type="nursery" objects="1374753" bytes="75898056" bytesdiscarded="130112" />
  <memory-copied type="tenure" objects="1453113" bytes="75680176" bytesdiscarded="36672" />
  <finalization candidates="57" enqueued="0" />
  <object-monitors candidates="2" cleared="0"  />
</gc-op>
<gc-end id="2026" type="scavenge" contextid="2022" durationms="79.895" usertimems="310.591" systemtimems="2.734" stalltimems="4.636" timestamp="2022-02-08T16:47:18.328" activeThreads="4">
  <mem-info id="2027" free="127430864" total="1073741824" percent="11">
    <mem type="nursery" free="107603704" total="268435456" percent="40">
      <mem type="allocate" free="107603704" total="183631872" percent="58" />
      <mem type="survivor" free="0" total="84803584" percent="0" />
    </mem>
    <mem type="tenure" free="19827160" total="805306368" percent="2" macro-fragmented="18886860">
      <mem type="soa" free="11773400" total="797252608" percent="1" />
      <mem type="loa" free="8053760" total="8053760" percent="100" />
    </mem>
    <remembered-set count="103" />
  </mem-info>
</gc-end>
<cycle-end id="2028" type="scavenge" contextid="2022" timestamp="2022-02-08T16:47:18.328" />
<allocation-satisfied id="2029" threadId="0000000000016F00" bytesRequested="184" />
<af-end id="2030" timestamp="2022-02-08T16:47:18.328" threadId="0000000000017908" success="true" from="nursery"/>
<exclusive-end id="2031" timestamp="2022-02-08T16:47:18.328" durationms="80.239" />

<concurrent-end id="2032" type="global mark" contextid="2017" timestamp="2022-02-08T16:47:18.438">
<gc-op id="2033" type="trace" timems="335.112" contextid="2017" timestamp="2022-02-08T16:47:18.438">
  <trace bytesTraced="74431396" workStackOverflowCount="0" />
  <card-cleaning reason="card cleaning threshold reached" bytesTraced="188" cardsCleaned="1" />
</gc-op>
</concurrent-end>

<exclusive-start id="2034" timestamp="2022-02-08T16:47:18.438" intervalms="190.788">
  <response-info timems="0.020" idlems="0.020" threads="0" lastid="0000000000016F00" lastname="main" />
</exclusive-start>
<concurrent-global-final id="2035" timestamp="2022-02-08T16:47:18.439" contextid="2017" intervalms="3859.106" >
  <concurrent-trace-info reason="card cleaning threshold reached" tracedByMutators="52712516" tracedByHelpers="21719068" cardsCleaned="1" workStackOverflowCount="0" />
</concurrent-global-final>
<gc-start id="2036" type="global" contextid="2017" timestamp="2022-02-08T16:47:18.439">
  <mem-info id="2037" free="121040920" total="1073741824" percent="11">
    <mem type="nursery" free="101213760" total="268435456" percent="37">
      <mem type="allocate" free="101213760" total="183631872" percent="55" />
      <mem type="survivor" free="0" total="84803584" percent="0" />
    </mem>
    <mem type="tenure" free="19827160" total="805306368" percent="2">
      <mem type="soa" free="11773400" total="797252608" percent="1" />
      <mem type="loa" free="8053760" total="8053760" percent="100" />
    </mem>
    <remembered-set count="103" />
  </mem-info>
</gc-start>
<allocation-stats totalBytes="6386760" >
  <allocated-bytes non-tlh="184" tlh="6386576" />
  <largest-consumer threadName="main" threadId="0000000000016F00" bytes="6386760" />
</allocation-stats>
<gc-op id="2038" type="rs-scan" timems="0.534" contextid="2017" timestamp="2022-02-08T16:47:18.439">
  <scan objectsFound="0" bytesTraced="3988" workStackOverflowCount="0" />
</gc-op>
<gc-op id="2039" type="card-cleaning" timems="152.257" contextid="2017" timestamp="2022-02-08T16:47:18.591">
  <card-cleaning cardsCleaned="11" bytesTraced="71016768" workStackOverflowCount="0" />
</gc-op>
<gc-op id="2040" type="mark" timems="76.824" contextid="2017" timestamp="2022-02-08T16:47:18.668">
  <trace-info objectcount="2377027" scancount="1784298" scanbytes="38132712" />
  <finalization candidates="428" enqueued="57" />
  <ownableSynchronizers candidates="1" cleared="0" />
  <references type="soft" candidates="894" cleared="0" enqueued="0" dynamicThreshold="12" maxThreshold="32" />
  <references type="weak" candidates="1701" cleared="0" enqueued="0" />
  <references type="phantom" candidates="52" cleared="2" enqueued="2" />
  <stringconstants candidates="6470" cleared="0"  />
  <object-monitors candidates="2" cleared="0"  />
</gc-op>
<gc-op id="2041" type="sweep" timems="5.243" contextid="2017" timestamp="2022-02-08T16:47:18.674" />
<gc-end id="2042" type="global" contextid="2017" durationms="235.079" usertimems="289.157" systemtimems="4.385" stalltimems="188.075" timestamp="2022-02-08T16:47:18.674" activeThreads="4">
  <mem-info id="2043" free="364332416" total="1073741824" percent="33">
    <mem type="nursery" free="101435832" total="268435456" percent="37">
      <mem type="allocate" free="101435832" total="183631872" percent="55" />
      <mem type="survivor" free="0" total="84803584" percent="0" />
    </mem>
    <mem type="tenure" free="262896584" total="805306368" percent="32" micro-fragmented="210126" macro-fragmented="0">
      <mem type="soa" free="254842824" total="797252608" percent="31" />
      <mem type="loa" free="8053760" total="8053760" percent="100" />
    </mem>
    <pending-finalizers system="57" default="0" reference="2" classloader="0" />
    <remembered-set count="103" />
  </mem-info>
</gc-end>
<cycle-end id="2044" type="global" contextid="2017" timestamp="2022-02-08T16:47:18.674" />
<exclusive-end id="2045" timestamp="2022-02-08T16:47:18.674" durationms="235.277" />

<exclusive-start id="2046" timestamp="2022-02-08T16:47:19.314" intervalms="875.991">
  <response-info timems="0.023" idlems="0.023" threads="0" lastid="0000000000016F00" lastname="main" />
</exclusive-start>
<af-start id="2047" threadId="0000000000017908" totalBytesRequested="104" timestamp="2022-02-08T16:47:19.315" intervalms="1066.780" type="nursery" />
<cycle-start id="2048" type="scavenge" contextid="0" timestamp="2022-02-08T16:47:19.315" intervalms="1066.780" />
<gc-start id="2049" type="scavenge" contextid="2048" timestamp="2022-02-08T16:47:19.315">
  <mem-info id="2050" free="262896584" total="1073741824" percent="24">
    <mem type="nursery" free="0" total="268435456" percent="0">
      <mem type="allocate" free="0" total="183631872" percent="0" />
      <mem type="survivor" free="0" total="84803584" percent="0" />
    </mem>
    <mem type="tenure" free="262896584" total="805306368" percent="32">
      <mem type="soa" free="254842824" total="797252608" percent="31" />
      <mem type="loa" free="8053760" total="8053760" percent="100" />
    </mem>
    <remembered-set count="106" />
  </mem-info>
</gc-start>
<allocation-stats totalBytes="101387464" >
  <allocated-bytes non-tlh="0" tlh="101387464" />
  <largest-consumer threadName="main" threadId="0000000000016F00" bytes="101383368" />
</allocation-stats>
<gc-op id="2051" type="scavenge" timems="82.341" contextid="2048" timestamp="2022-02-08T16:47:19.397">
  <scavenger-info tenureage="1" tenuremask="7ffe" tiltratio="68" />
  <memory-copied type="nursery" objects="1352334" bytes="76528496" bytesdiscarded="96536" />
  <memory-copied type="tenure" objects="1374752" bytes="75897952" bytesdiscarded="42560" />
  <ownableSynchronizers candidates="2" cleared="2" />
  <object-monitors candidates="2" cleared="0"  />
</gc-op>
<gc-end id="2052" type="scavenge" contextid="2048" durationms="82.502" usertimems="325.276" systemtimems="0.309" stalltimems="2.434" timestamp="2022-02-08T16:47:19.397" activeThreads="4">
  <mem-info id="2053" free="294910888" total="1073741824" percent="27">
    <mem type="nursery" free="108186488" total="268435456" percent="40">
      <mem type="allocate" free="108186488" total="184811520" percent="58" />
      <mem type="survivor" free="0" total="83623936" percent="0" />
    </mem>
    <mem type="tenure" free="186724400" total="805306368" percent="23" macro-fragmented="1500163">
      <mem type="soa" free="178670640" total="797252608" percent="22" />
      <mem type="loa" free="8053760" total="8053760" percent="100" />
    </mem>
    <remembered-set count="105" />
  </mem-info>
</gc-end>
<cycle-end id="2054" type="scavenge" contextid="2048" timestamp="2022-02-08T16:47:19.397" />
<allocation-satisfied id="2055" threadId="0000000000016F00" bytesRequested="104" />
<af-end id="2056" timestamp="2022-02-08T16:47:19.397" threadId="0000000000017908" success="true" from="nursery"/>
<exclusive-end id="2057" timestamp="2022-02-08T16:47:19.397" durationms="82.946" />

<exclusive-start id="2058" timestamp="2022-02-08T16:47:20.316" intervalms="1001.533">
  <response-info timems="0.025" idlems="0.025" threads="0" lastid="0000000000016F00" lastname="main" />
</exclusive-start>
<af-start id="2059" threadId="0000000000017908" totalBytesRequested="120" timestamp="2022-02-08T16:47:20.316" intervalms="1001.542" type="nursery" />
<cycle-start id="2060" type="scavenge" contextid="0" timestamp="2022-02-08T16:47:20.316" intervalms="1001.544" />
<gc-start id="2061" type="scavenge" contextid="2060" timestamp="2022-02-08T16:47:20.316">
  <mem-info id="2062" free="186724400" total="1073741824" percent="17">
    <mem type="nursery" free="0" total="268435456" percent="0">
      <mem type="allocate" free="0" total="184811520" percent="0" />
      <mem type="survivor" free="0" total="83623936" percent="0" />
    </mem>
    <mem type="tenure" free="186724400" total="805306368" percent="23">
      <mem type="soa" free="178670640" total="797252608" percent="22" />
      <mem type="loa" free="8053760" total="8053760" percent="100" />
    </mem>
    <remembered-set count="136" />
  </mem-info>
</gc-start>
<allocation-stats totalBytes="108135424" >
  <allocated-bytes non-tlh="1661248" tlh="106474176" />
  <largest-consumer threadName="main" threadId="0000000000016F00" bytes="108135424" />
</allocation-stats>
<gc-op id="2063" type="scavenge" timems="88.260" contextid="2060" timestamp="2022-02-08T16:47:20.404">
  <scavenger-info tenureage="1" tenuremask="7ffe" tiltratio="68" />
  <memory-copied type="nursery" objects="1454455" bytes="76077960" bytesdiscarded="147184" />
  <memory-copied type="tenure" objects="1352334" bytes="76528496" bytesdiscarded="39232" />
  <finalization candidates="109" enqueued="53" />
  <references type="soft" candidates="14" cleared="0" enqueued="0" dynamicThreshold="10" maxThreshold="32" />
  <references type="weak" candidates="1" cleared="0" enqueued="0" />
  <references type="phantom" candidates="94" cleared="7" enqueued="7" />
  <object-monitors candidates="2" cleared="0"  />
</gc-op>
<gc-end id="2064" type="scavenge" contextid="2060" durationms="88.419" usertimems="346.714" systemtimems="0.000" stalltimems="4.996" timestamp="2022-02-08T16:47:20.405" activeThreads="4">
  <mem-info id="2065" free="218868144" total="1073741824" percent="20">
    <mem type="nursery" free="108717320" total="268435456" percent="40">
      <mem type="allocate" free="108717320" total="184942592" percent="58" />
      <mem type="survivor" free="0" total="83492864" percent="0" />
    </mem>
    <mem type="tenure" free="110150824" total="805306368" percent="13" macro-fragmented="0">
      <mem type="soa" free="102097064" total="797252608" percent="12" />
      <mem type="loa" free="8053760" total="8053760" percent="100" />
    </mem>
    <pending-finalizers system="52" default="1" reference="7" classloader="0" />
    <remembered-set count="132" />
  </mem-info>
</gc-end>
<cycle-end id="2066" type="scavenge" contextid="2060" timestamp="2022-02-08T16:47:20.405" />
<allocation-satisfied id="2067" threadId="0000000000016F00" bytesRequested="120" />
<af-end id="2068" timestamp="2022-02-08T16:47:20.405" threadId="0000000000017908" success="true" from="nursery"/>
<exclusive-end id="2069" timestamp="2022-02-08T16:47:20.405" durationms="88.719" />

<concurrent-kickoff id="2070" timestamp="2022-02-08T16:47:21.134">
  <kickoff reason="threshold reached" targetBytes="74528800" thresholdFreeBytes="6220349"  remainingFree="6219016" tenureFreeBytes="110150824" nurseryFreeBytes="6219016" />
</concurrent-kickoff>
<exclusive-start id="2071" timestamp="2022-02-08T16:47:21.137" intervalms="821.075">
  <response-info timems="0.022" idlems="0.022" threads="0" lastid="0000000000016F00" lastname="main" />
</exclusive-start>
<cycle-start id="2072" type="global" contextid="0" timestamp="2022-02-08T16:47:21.137" intervalms="3033.782" />
<concurrent-start id="2073" type="global mark" contextid="2072" timestamp="2022-02-08T16:47:21.137">
</concurrent-start>
<exclusive-end id="2074" timestamp="2022-02-08T16:47:21.137" durationms="0.026" />

<exclusive-start id="2075" timestamp="2022-02-08T16:47:21.284" intervalms="146.513">
  <response-info timems="0.037" idlems="0.037" threads="0" lastid="0000000000016F00" lastname="main" />
</exclusive-start>
<af-start id="2076" threadId="0000000000017908" totalBytesRequested="184" timestamp="2022-02-08T16:47:21.284" intervalms="967.578" type="nursery" />
<cycle-start id="2077" type="scavenge" contextid="0" timestamp="2022-02-08T16:47:21.284" intervalms="967.575" />
<gc-start id="2078" type="scavenge" contextid="2077" timestamp="2022-02-08T16:47:21.284">
  <mem-info id="2079" free="110150824" total="1073741824" percent="10">
    <mem type="nursery" free="0" total="268435456" percent="0">
      <mem type="allocate" free="0" total="184942592" percent="0" />
      <mem type="survivor" free="0" total="83492864" percent="0" />
    </mem>
    <mem type="tenure" free="110150824" total="805306368" percent="13">
      <mem type="soa" free="102097064" total="797252608" percent="12" />
      <mem type="loa" free="8053760" total="8053760" percent="100" />
    </mem>
    <remembered-set count="133" />
  </mem-info>
</gc-start>
<allocation-stats totalBytes="108666248" >
  <allocated-bytes non-tlh="1347800" tlh="107318448" />
  <largest-consumer threadName="main" threadId="0000000000016F00" bytes="108658056" />
</allocation-stats>
<gc-op id="2080" type="scavenge" timems="86.343" contextid="2077" timestamp="2022-02-08T16:47:21.370">
  <scavenger-info tenureage="1" tenuremask="7ffe" tiltratio="68" />
  <memory-copied type="nursery" objects="1383250" bytes="77797912" bytesdiscarded="356568" />
  <memory-copied type="tenure" objects="1453736" bytes="75134792" bytesdiscarded="36600" />
  <finalization candidates="57" enqueued="0" />
  <references type="phantom" candidates="1" cleared="0" enqueued="0" />
  <object-monitors candidates="2" cleared="0"  />
</gc-op>
<gc-end id="2081" type="scavenge" contextid="2077" durationms="86.531" usertimems="341.160" systemtimems="0.000" stalltimems="3.252" timestamp="2022-02-08T16:47:21.370" activeThreads="4">
  <mem-info id="2082" free="139934416" total="1073741824" percent="13">
    <mem type="nursery" free="104887568" total="268435456" percent="39">
      <mem type="allocate" free="104887568" total="183042048" percent="57" />
      <mem type="survivor" free="0" total="85393408" percent="0" />
    </mem>
    <mem type="tenure" free="35046848" total="805306368" percent="4" macro-fragmented="0">
      <mem type="soa" free="26993088" total="797252608" percent="3" />
      <mem type="loa" free="8053760" total="8053760" percent="100" />
    </mem>
    <remembered-set count="102" />
  </mem-info>
</gc-end>
<cycle-end id="2083" type="scavenge" contextid="2077" timestamp="2022-02-08T16:47:21.370" />
<allocation-satisfied id="2084" threadId="0000000000016F00" bytesRequested="184" />
<af-end id="2085" timestamp="2022-02-08T16:47:21.370" threadId="0000000000017908" success="true" from="nursery"/>
<exclusive-end id="2086" timestamp="2022-02-08T16:47:21.370" durationms="86.796" />

<concurrent-end id="2087" type="global mark" contextid="2072" timestamp="2022-02-08T16:47:21.466">
<gc-op id="2088" type="trace" timems="328.621" contextid="2072" timestamp="2022-02-08T16:47:21.466">
  <trace bytesTraced="74431604" workStackOverflowCount="0" />
  <card-cleaning reason="card cleaning threshold reached" bytesTraced="188" cardsCleaned="1" />
</gc-op>
</concurrent-end>

<exclusive-start id="2089" timestamp="2022-02-08T16:47:21.466" intervalms="182.184">
  <response-info timems="0.022" idlems="0.022" threads="0" lastid="0000000000016F00" lastname="main" />
</exclusive-start>
<concurrent-global-final id="2090" timestamp="2022-02-08T16:47:21.466" contextid="2072" intervalms="3027.306" >
  <concurrent-trace-info reason="card cleaning threshold reached" tracedByMutators="53324624" tracedByHelpers="21107168" cardsCleaned="1" workStackOverflowCount="0" />
</concurrent-global-final>
<gc-start id="2091" type="global" contextid="2072" timestamp="2022-02-08T16:47:21.466">
  <mem-info id="2092" free="134199832" total="1073741824" percent="12">
    <mem type="nursery" free="99152984" total="268435456" percent="36">
      <mem type="allocate" free="99152984" total="183042048" percent="54" />
      <mem type="survivor" free="0" total="85393408" percent="0" />
    </mem>
    <mem type="tenure" free="35046848" total="805306368" percent="4">
      <mem type="soa" free="26993088" total="797252608" percent="3" />
      <mem type="loa" free="8053760" total="8053760" percent="100" />
    </mem>
    <remembered-set count="102" />
  </mem-info>
</gc-start>
<allocation-stats totalBytes="5731328" >
  <allocated-bytes non-tlh="184" tlh="5731144" />
  <largest-consumer threadName="main" threadId="0000000000016F00" bytes="5731328" />
</allocation-stats>
<gc-op id="2093" type="rs-scan" timems="0.715" contextid="2072" timestamp="2022-02-08T16:47:21.467">
  <scan objectsFound="29" bytesTraced="5420" workStackOverflowCount="0" />
</gc-op>
<gc-op id="2094" type="card-cleaning" timems="153.800" contextid="2072" timestamp="2022-02-08T16:47:21.620">
  <card-cleaning cardsCleaned="9" bytesTraced="71014832" workStackOverflowCount="0" />
</gc-op>
<gc-op id="2095" type="mark" timems="60.299" contextid="2072" timestamp="2022-02-08T16:47:21.681">
  <trace-info objectcount="2126251" scancount="1596215" scanbytes="34120320" />
  <finalization candidates="428" enqueued="57" />
  <ownableSynchronizers candidates="1" cleared="0" />
  <references type="soft" candidates="894" cleared="0" enqueued="0" dynamicThreshold="10" maxThreshold="32" />
  <references type="weak" candidates="1701" cleared="0" enqueued="0" />
  <references type="phantom" candidates="52" cleared="2" enqueued="2" />
  <stringconstants candidates="6470" cleared="0"  />
  <object-monitors candidates="2" cleared="0"  />
</gc-op>
<gc-op id="2096" type="sweep" timems="5.440" contextid="2072" timestamp="2022-02-08T16:47:21.686" />
<gc-end id="2097" type="global" contextid="2072" durationms="220.472" usertimems="237.743" systemtimems="0.000" stalltimems="179.764" timestamp="2022-02-08T16:47:21.686" activeThreads="4">
  <mem-info id="2098" free="377556976" total="1073741824" percent="35">
    <mem type="nursery" free="99605248" total="268435456" percent="37">
      <mem type="allocate" free="99605248" total="183042048" percent="54" />
      <mem type="survivor" free="0" total="85393408" percent="0" />
    </mem>
    <mem type="tenure" free="277951728" total="805306368" percent="34" micro-fragmented="242162" macro-fragmented="0">
      <mem type="soa" free="269897968" total="797252608" percent="33" />
      <mem type="loa" free="8053760" total="8053760" percent="100" />
    </mem>
    <pending-finalizers system="57" default="0" reference="2" classloader="0" />
    <remembered-set count="102" />
  </mem-info>
</gc-end>
<cycle-end id="2099" type="global" contextid="2072" timestamp="2022-02-08T16:47:21.686" />
<exclusive-end id="2100" timestamp="2022-02-08T16:47:21.686" durationms="220.713" />

<exclusive-start id="2101" timestamp="2022-02-08T16:47:22.342" intervalms="876.195">
  <response-info timems="0.017" idlems="0.017" threads="0" lastid="0000000000016F00" lastname="main" />
</exclusive-start>
<af-start id="2102" threadId="0000000000017908" totalBytesRequested="184" timestamp="2022-02-08T16:47:22.342" intervalms="1058.381" type="nursery" />
<cycle-start id="2103" type="scavenge" contextid="0" timestamp="2022-02-08T16:47:22.342" intervalms="1058.383" />
<gc-start id="2104" type="scavenge" contextid="2103" timestamp="2022-02-08T16:47:22.342">
  <mem-info id="2105" free="277951728" total="1073741824" percent="25">
    <mem type="nursery" free="0" total="268435456" percent="0">
      <mem type="allocate" free="0" total="183042048" percent="0" />
      <mem type="survivor" free="0" total="85393408" percent="0" />
    </mem>
    <mem type="tenure" free="277951728" total="805306368" percent="34">
      <mem type="soa" free="269897968" total="797252608" percent="33" />
      <mem type="loa" free="8053760" total="8053760" percent="100" />
    </mem>
    <remembered-set count="105" />
  </mem-info>
</gc-start>
<allocation-stats totalBytes="99557896" >
  <allocated-bytes non-tlh="0" tlh="99557896" />
  <largest-consumer threadName="main" threadId="0000000000016F00" bytes="99553800" />
</allocation-stats>
<gc-op id="2106" type="scavenge" timems="84.911" contextid="2103" timestamp="2022-02-08T16:47:22.427">
  <scavenger-info tenureage="1" tenuremask="7ffe" tiltratio="68" />
  <memory-copied type="nursery" objects="1318127" bytes="74759984" bytesdiscarded="165328" />
  <memory-copied type="tenure" objects="1383249" bytes="77797808" bytesdiscarded="39728" />
  <finalization candidates="1" enqueued="0" />
  <ownableSynchronizers candidates="2" cleared="2" />
  <object-monitors candidates="2" cleared="0"  />
</gc-op>
<gc-end id="2107" type="scavenge" contextid="2103" durationms="85.095" usertimems="332.611" systemtimems="0.000" stalltimems="5.545" timestamp="2022-02-08T16:47:22.427" activeThreads="4">
  <mem-info id="2108" free="308328472" total="1073741824" percent="28">
    <mem type="nursery" free="108378880" total="268435456" percent="40">
      <mem type="allocate" free="108378880" total="183304192" percent="59" />
      <mem type="survivor" free="0" total="85131264" percent="0" />
    </mem>
    <mem type="tenure" free="199949592" total="805306368" percent="24" macro-fragmented="0">
      <mem type="soa" free="191895832" total="797252608" percent="24" />
      <mem type="loa" free="8053760" total="8053760" percent="100" />
    </mem>
    <remembered-set count="105" />
  </mem-info>
</gc-end>
<cycle-end id="2109" type="scavenge" contextid="2103" timestamp="2022-02-08T16:47:22.427" />
<allocation-satisfied id="2110" threadId="0000000000016F00" bytesRequested="184" />
<af-end id="2111" timestamp="2022-02-08T16:47:22.427" threadId="0000000000017908" success="true" from="nursery"/>
<exclusive-end id="2112" timestamp="2022-02-08T16:47:22.427" durationms="85.345" />

<exclusive-start id="2113" timestamp="2022-02-08T16:47:23.348" intervalms="1006.221">
  <response-info timems="0.022" idlems="0.022" threads="0" lastid="0000000000016F00" lastname="main" />
</exclusive-start>
<af-start id="2114" threadId="0000000000017908" totalBytesRequested="120" timestamp="2022-02-08T16:47:23.348" intervalms="1006.220" type="nursery" />
<cycle-start id="2115" type="scavenge" contextid="0" timestamp="2022-02-08T16:47:23.348" intervalms="1006.221" />
<gc-start id="2116" type="scavenge" contextid="2115" timestamp="2022-02-08T16:47:23.348">
  <mem-info id="2117" free="199949592" total="1073741824" percent="18">
    <mem type="nursery" free="0" total="268435456" percent="0">
      <mem type="allocate" free="0" total="183304192" percent="0" />
      <mem type="survivor" free="0" total="85131264" percent="0" />
    </mem>
    <mem type="tenure" free="199949592" total="805306368" percent="24">
      <mem type="soa" free="191895832" total="797252608" percent="24" />
      <mem type="loa" free="8053760" total="8053760" percent="100" />
    </mem>
    <remembered-set count="136" />
  </mem-info>
</gc-start>
<allocation-stats totalBytes="108330992" >
  <allocated-bytes non-tlh="1661328" tlh="106669664" />
  <largest-consumer threadName="main" threadId="0000000000016F00" bytes="108330992" />
</allocation-stats>
<gc-op id="2118" type="scavenge" timems="89.314" contextid="2115" timestamp="2022-02-08T16:47:23.438">
  <scavenger-info tenureage="1" tenuremask="7ffe" tiltratio="68" />
  <memory-copied type="nursery" objects="1491967" bytes="76303392" bytesdiscarded="57176" />
  <memory-copied type="tenure" objects="1318126" bytes="74759880" bytesdiscarded="40480" />
  <finalization candidates="109" enqueued="53" />
  <references type="soft" candidates="14" cleared="0" enqueued="0" dynamicThreshold="11" maxThreshold="32" />
  <references type="weak" candidates="1" cleared="0" enqueued="0" />
  <references type="phantom" candidates="94" cleared="7" enqueued="7" />
  <object-monitors candidates="2" cleared="0"  />
</gc-op>
<gc-end id="2119" type="scavenge" contextid="2115" durationms="89.526" usertimems="353.506" systemtimems="0.000" stalltimems="2.694" timestamp="2022-02-08T16:47:23.438" activeThreads="4">
  <mem-info id="2120" free="232301160" total="1073741824" percent="21">
    <mem type="nursery" free="107140104" total="268435456" percent="39">
      <mem type="allocate" free="107140104" total="183500800" percent="58" />
      <mem type="survivor" free="0" total="84934656" percent="0" />
    </mem>
    <mem type="tenure" free="125161056" total="805306368" percent="15" macro-fragmented="0">
      <mem type="soa" free="117107296" total="797252608" percent="14" />
      <mem type="loa" free="8053760" total="8053760" percent="100" />
    </mem>
    <pending-finalizers system="52" default="1" reference="7" classloader="0" />
    <remembered-set count="132" />
  </mem-info>
</gc-end>
<cycle-end id="2121" type="scavenge" contextid="2115" timestamp="2022-02-08T16:47:23.438" />
<allocation-satisfied id="2122" threadId="0000000000016F00" bytesRequested="120" />
<af-end id="2123" timestamp="2022-02-08T16:47:23.438" threadId="0000000000017908" success="true" from="nursery"/>
<exclusive-end id="2124" timestamp="2022-02-08T16:47:23.438" durationms="89.819" />

<concurrent-kickoff id="2125" timestamp="2022-02-08T16:47:24.132">
  <kickoff reason="threshold reached" targetBytes="74509380" thresholdFreeBytes="6193264"  remainingFree="6071088" tenureFreeBytes="125161056" nurseryFreeBytes="6071088" />
</concurrent-kickoff>
<exclusive-start id="2126" timestamp="2022-02-08T16:47:24.136" intervalms="787.464">
  <response-info timems="0.035" idlems="0.035" threads="0" lastid="0000000000016F00" lastname="main" />
</exclusive-start>
<cycle-start id="2127" type="global" contextid="0" timestamp="2022-02-08T16:47:24.136" intervalms="2998.580" />
<concurrent-start id="2128" type="global mark" contextid="2127" timestamp="2022-02-08T16:47:24.136">
</concurrent-start>
<exclusive-end id="2129" timestamp="2022-02-08T16:47:24.136" durationms="0.030" />

<exclusive-start id="2130" timestamp="2022-02-08T16:47:24.280" intervalms="144.115">
  <response-info timems="0.022" idlems="0.022" threads="0" lastid="0000000000016F00" lastname="main" />
</exclusive-start>
<af-start id="2131" threadId="0000000000017908" totalBytesRequested="184" timestamp="2022-02-08T16:47:24.280" intervalms="931.583" type="nursery" />
<cycle-start id="2132" type="scavenge" contextid="0" timestamp="2022-02-08T16:47:24.280" intervalms="931.582" />
<gc-start id="2133" type="scavenge" contextid="2132" timestamp="2022-02-08T16:47:24.280">
  <mem-info id="2134" free="125161056" total="1073741824" percent="11">
    <mem type="nursery" free="0" total="268435456" percent="0">
      <mem type="allocate" free="0" total="183500800" percent="0" />
      <mem type="survivor" free="0" total="84934656" percent="0" />
    </mem>
    <mem type="tenure" free="125161056" total="805306368" percent="15">
      <mem type="soa" free="117107296" total="797252608" percent="14" />
      <mem type="loa" free="8053760" total="8053760" percent="100" />
    </mem>
    <remembered-set count="133" />
  </mem-info>
</gc-start>
<allocation-stats totalBytes="107088280" >
  <allocated-bytes non-tlh="1347800" tlh="105740480" />
  <largest-consumer threadName="main" threadId="0000000000016F00" bytes="107080088" />
</allocation-stats>
<gc-op id="2135" type="scavenge" timems="89.444" contextid="2132" timestamp="2022-02-08T16:47:24.369">
  <scavenger-info tenureage="1" tenuremask="7ffe" tiltratio="68" />
  <memory-copied type="nursery" objects="1341078" bytes="76634568" bytesdiscarded="166040" />
  <memory-copied type="tenure" objects="1491248" bytes="75360224" bytesdiscarded="35544" />
  <finalization candidates="57" enqueued="0" />
  <references type="phantom" candidates="1" cleared="0" enqueued="0" />
  <object-monitors candidates="2" cleared="0"  />
</gc-op>
<gc-end id="2136" type="scavenge" contextid="2132" durationms="89.687" usertimems="348.295" systemtimems="0.151" stalltimems="3.929" timestamp="2022-02-08T16:47:24.370" activeThreads="4">
  <mem-info id="2137" free="156634600" total="1073741824" percent="14">
    <mem type="nursery" free="107027872" total="268435456" percent="39">
      <mem type="allocate" free="107027872" total="183828480" percent="58" />
      <mem type="survivor" free="0" total="84606976" percent="0" />
    </mem>
    <mem type="tenure" free="49606728" total="805306368" percent="6" macro-fragmented="0">
      <mem type="soa" free="41552968" total="797252608" percent="5" />
      <mem type="loa" free="8053760" total="8053760" percent="100" />
    </mem>
    <remembered-set count="102" />
  </mem-info>
</gc-end>
<cycle-end id="2138" type="scavenge" contextid="2132" timestamp="2022-02-08T16:47:24.370" />
<allocation-satisfied id="2139" threadId="0000000000016F00" bytesRequested="184" />
<af-end id="2140" timestamp="2022-02-08T16:47:24.370" threadId="0000000000017908" success="true" from="nursery"/>
<exclusive-end id="2141" timestamp="2022-02-08T16:47:24.370" durationms="90.030" />

<concurrent-end id="2142" type="global mark" contextid="2127" timestamp="2022-02-08T16:47:24.466">
<gc-op id="2143" type="trace" timems="330.161" contextid="2127" timestamp="2022-02-08T16:47:24.466">
  <trace bytesTraced="74433860" workStackOverflowCount="0" />
  <card-cleaning reason="card cleaning threshold reached" bytesTraced="2488" cardsCleaned="2" />
</gc-op>
</concurrent-end>

<exclusive-start id="2144" timestamp="2022-02-08T16:47:24.466" intervalms="186.123">
  <response-info timems="0.022" idlems="0.022" threads="0" lastid="0000000000016F00" lastname="main" />
</exclusive-start>
<concurrent-global-final id="2145" timestamp="2022-02-08T16:47:24.466" contextid="2127" intervalms="3000.108" >
  <concurrent-trace-info reason="card cleaning threshold reached" tracedByMutators="54401280" tracedByHelpers="20035068" cardsCleaned="2" workStackOverflowCount="0" />
</concurrent-global-final>
<gc-start id="2146" type="global" contextid="2127" timestamp="2022-02-08T16:47:24.466">
  <mem-info id="2147" free="150768944" total="1073741824" percent="14">
    <mem type="nursery" free="101162216" total="268435456" percent="37">
      <mem type="allocate" free="101162216" total="183828480" percent="55" />
      <mem type="survivor" free="0" total="84606976" percent="0" />
    </mem>
    <mem type="tenure" free="49606728" total="805306368" percent="6">
      <mem type="soa" free="41552968" total="797252608" percent="5" />
      <mem type="loa" free="8053760" total="8053760" percent="100" />
    </mem>
    <remembered-set count="102" />
  </mem-info>
</gc-start>
<allocation-stats totalBytes="5862640" >
  <allocated-bytes non-tlh="184" tlh="5862456" />
  <largest-consumer threadName="main" threadId="0000000000016F00" bytes="5862640" />
</allocation-stats>
<gc-op id="2148" type="rs-scan" timems="0.634" contextid="2127" timestamp="2022-02-08T16:47:24.467">
  <scan objectsFound="29" bytesTraced="5420" workStackOverflowCount="0" />
</gc-op>
<gc-op id="2149" type="card-cleaning" timems="152.327" contextid="2127" timestamp="2022-02-08T16:47:24.619">
  <card-cleaning cardsCleaned="9" bytesTraced="71014832" workStackOverflowCount="0" />
</gc-op>
<gc-op id="2150" type="mark" timems="62.587" contextid="2127" timestamp="2022-02-08T16:47:24.682">
  <trace-info objectcount="1845751" scancount="1385840" scanbytes="29632320" />
  <finalization candidates="428" enqueued="57" />
  <ownableSynchronizers candidates="1" cleared="0" />
  <references type="soft" candidates="894" cleared="0" enqueued="0" dynamicThreshold="11" maxThreshold="32" />
  <references type="weak" candidates="1701" cleared="0" enqueued="0" />
  <references type="phantom" candidates="52" cleared="2" enqueued="2" />
  <stringconstants candidates="6470" cleared="0"  />
  <object-monitors candidates="2" cleared="0"  />
</gc-op>
<gc-op id="2151" type="sweep" timems="4.832" contextid="2127" timestamp="2022-02-08T16:47:24.686" />
<gc-end id="2152" type="global" contextid="2127" durationms="220.582" usertimems="278.459" systemtimems="0.000" stalltimems="143.595" timestamp="2022-02-08T16:47:24.687" activeThreads="4">
  <mem-info id="2153" free="394068400" total="1073741824" percent="36">
    <mem type="nursery" free="101420576" total="268435456" percent="37">
      <mem type="allocate" free="101420576" total="183828480" percent="55" />
      <mem type="survivor" free="0" total="84606976" percent="0" />
    </mem>
    <mem type="tenure" free="292647824" total="805306368" percent="36" micro-fragmented="224771" macro-fragmented="2592282">
      <mem type="soa" free="284594064" total="797252608" percent="35" />
      <mem type="loa" free="8053760" total="8053760" percent="100" />
    </mem>
    <pending-finalizers system="57" default="0" reference="2" classloader="0" />
    <remembered-set count="102" />
  </mem-info>
</gc-end>
<cycle-end id="2154" type="global" contextid="2127" timestamp="2022-02-08T16:47:24.687" />
<exclusive-end id="2155" timestamp="2022-02-08T16:47:24.687" durationms="220.814" />

<exclusive-start id="2156" timestamp="2022-02-08T16:47:25.360" intervalms="894.557">
  <response-info timems="0.019" idlems="0.019" threads="0" lastid="0000000000016F00" lastname="main" />
</exclusive-start>
<af-start id="2157" threadId="0000000000017908" totalBytesRequested="200" timestamp="2022-02-08T16:47:25.361" intervalms="1080.682" type="nursery" />
<cycle-start id="2158" type="scavenge" contextid="0" timestamp="2022-02-08T16:47:25.361" intervalms="1080.682" />
<gc-start id="2159" type="scavenge" contextid="2158" timestamp="2022-02-08T16:47:25.361">
  <mem-info id="2160" free="292647824" total="1073741824" percent="27">
    <mem type="nursery" free="0" total="268435456" percent="0">
      <mem type="allocate" free="0" total="183828480" percent="0" />
      <mem type="survivor" free="0" total="84606976" percent="0" />
    </mem>
    <mem type="tenure" free="292647824" total="805306368" percent="36">
      <mem type="soa" free="284594064" total="797252608" percent="35" />
      <mem type="loa" free="8053760" total="8053760" percent="100" />
    </mem>
    <remembered-set count="105" />
  </mem-info>
</gc-start>
<allocation-stats totalBytes="101375264" >
  <allocated-bytes non-tlh="0" tlh="101375264" />
  <largest-consumer threadName="main" threadId="0000000000016F00" bytes="101371168" />
</allocation-stats>
<gc-op id="2161" type="scavenge" timems="85.383" contextid="2158" timestamp="2022-02-08T16:47:25.446">
  <scavenger-info tenureage="1" tenuremask="7ffe" tiltratio="68" />
  <memory-copied type="nursery" objects="1351767" bytes="76170464" bytesdiscarded="156520" />
  <memory-copied type="tenure" objects="1341077" bytes="76634464" bytesdiscarded="43872" />
  <finalization candidates="1" enqueued="0" />
  <ownableSynchronizers candidates="2" cleared="2" />
  <object-monitors candidates="2" cleared="0"  />
</gc-op>
<gc-end id="2162" type="scavenge" contextid="2158" durationms="85.657" usertimems="337.377" systemtimems="0.000" stalltimems="3.204" timestamp="2022-02-08T16:47:25.446" activeThreads="4">
  <mem-info id="2163" free="323635200" total="1073741824" percent="30">
    <mem type="nursery" free="107894712" total="268435456" percent="40">
      <mem type="allocate" free="107894712" total="184221696" percent="58" />
      <mem type="survivor" free="0" total="84213760" percent="0" />
    </mem>
    <mem type="tenure" free="215740488" total="805306368" percent="26" macro-fragmented="0">
      <mem type="soa" free="207686728" total="797252608" percent="26" />
      <mem type="loa" free="8053760" total="8053760" percent="100" />
    </mem>
    <remembered-set count="105" />
  </mem-info>
</gc-end>
<cycle-end id="2164" type="scavenge" contextid="2158" timestamp="2022-02-08T16:47:25.446" />
<allocation-satisfied id="2165" threadId="0000000000016F00" bytesRequested="200" />
<af-end id="2166" timestamp="2022-02-08T16:47:25.446" threadId="0000000000017908" success="true" from="nursery"/>
<exclusive-end id="2167" timestamp="2022-02-08T16:47:25.447" durationms="86.056" />

<exclusive-start id="2168" timestamp="2022-02-08T16:47:26.361" intervalms="1000.521">
  <response-info timems="0.018" idlems="0.018" threads="0" lastid="0000000000016F00" lastname="main" />
</exclusive-start>
<af-start id="2169" threadId="0000000000017908" totalBytesRequested="24" timestamp="2022-02-08T16:47:26.361" intervalms="1000.516" type="nursery" />
<cycle-start id="2170" type="scavenge" contextid="0" timestamp="2022-02-08T16:47:26.361" intervalms="1000.516" />
<gc-start id="2171" type="scavenge" contextid="2170" timestamp="2022-02-08T16:47:26.361">
  <mem-info id="2172" free="215740488" total="1073741824" percent="20">
    <mem type="nursery" free="0" total="268435456" percent="0">
      <mem type="allocate" free="0" total="184221696" percent="0" />
      <mem type="survivor" free="0" total="84213760" percent="0" />
    </mem>
    <mem type="tenure" free="215740488" total="805306368" percent="26">
      <mem type="soa" free="207686728" total="797252608" percent="26" />
      <mem type="loa" free="8053760" total="8053760" percent="100" />
    </mem>
    <remembered-set count="137" />
  </mem-info>
</gc-start>
<allocation-stats totalBytes="107851424" >
  <allocated-bytes non-tlh="1115640" tlh="106735784" />
  <largest-consumer threadName="main" threadId="0000000000016F00" bytes="107851424" />
</allocation-stats>
<gc-op id="2173" type="scavenge" timems="92.783" contextid="2170" timestamp="2022-02-08T16:47:26.454">
  <scavenger-info tenureage="1" tenuremask="7ffe" tiltratio="68" />
  <memory-copied type="nursery" objects="1494509" bytes="75987536" bytesdiscarded="123840" />
  <memory-copied type="tenure" objects="1351766" bytes="76170352" bytesdiscarded="37720" />
  <finalization candidates="108" enqueued="53" />
  <references type="soft" candidates="14" cleared="0" enqueued="0" dynamicThreshold="11" maxThreshold="32" />
  <references type="weak" candidates="1" cleared="0" enqueued="0" />
  <references type="phantom" candidates="93" cleared="7" enqueued="7" />
  <object-monitors candidates="2" cleared="0"  />
</gc-op>
<gc-end id="2174" type="scavenge" contextid="2170" durationms="92.989" usertimems="350.355" systemtimems="0.000" stalltimems="3.630" timestamp="2022-02-08T16:47:26.454" activeThreads="4">
  <mem-info id="2175" free="248022520" total="1073741824" percent="23">
    <mem type="nursery" free="108503408" total="268435456" percent="40">
      <mem type="allocate" free="108503408" total="184614912" percent="58" />
      <mem type="survivor" free="0" total="83820544" percent="0" />
    </mem>
    <mem type="tenure" free="139519112" total="805306368" percent="17" macro-fragmented="868149">
      <mem type="soa" free="131465352" total="797252608" percent="16" />
      <mem type="loa" free="8053760" total="8053760" percent="100" />
    </mem>
    <pending-finalizers system="52" default="1" reference="7" classloader="0" />
    <remembered-set count="133" />
  </mem-info>
</gc-end>
<cycle-end id="2176" type="scavenge" contextid="2170" timestamp="2022-02-08T16:47:26.454" />
<allocation-satisfied id="2177" threadId="0000000000016F00" bytesRequested="24" />
<af-end id="2178" timestamp="2022-02-08T16:47:26.454" threadId="0000000000017908" success="true" from="nursery"/>
<exclusive-end id="2179" timestamp="2022-02-08T16:47:26.454" durationms="93.330" />

<concurrent-kickoff id="2180" timestamp="2022-02-08T16:47:27.196">
  <kickoff reason="threshold reached" targetBytes="74494988" thresholdFreeBytes="6181285"  remainingFree="6136176" tenureFreeBytes="139519112" nurseryFreeBytes="6136176" />
</concurrent-kickoff>
<exclusive-start id="2181" timestamp="2022-02-08T16:47:27.199" intervalms="838.424">
  <response-info timems="0.023" idlems="0.023" threads="0" lastid="0000000000016F00" lastname="main" />
</exclusive-start>
<cycle-start id="2182" type="global" contextid="0" timestamp="2022-02-08T16:47:27.199" intervalms="3063.747" />
<concurrent-start id="2183" type="global mark" contextid="2182" timestamp="2022-02-08T16:47:27.199">
</concurrent-start>
<exclusive-end id="2184" timestamp="2022-02-08T16:47:27.199" durationms="0.047" />

<exclusive-start id="2185" timestamp="2022-02-08T16:47:27.359" intervalms="159.609">
  <response-info timems="0.048" idlems="0.048" threads="0" lastid="0000000000016F00" lastname="main" />
</exclusive-start>
<af-start id="2186" threadId="0000000000017908" totalBytesRequested="208" timestamp="2022-02-08T16:47:27.359" intervalms="998.044" type="nursery" />
<cycle-start id="2187" type="scavenge" contextid="0" timestamp="2022-02-08T16:47:27.359" intervalms="998.044" />
<gc-start id="2188" type="scavenge" contextid="2187" timestamp="2022-02-08T16:47:27.359">
  <mem-info id="2189" free="139519112" total="1073741824" percent="12">
    <mem type="nursery" free="0" total="268435456" percent="0">
      <mem type="allocate" free="0" total="184614912" percent="0" />
      <mem type="survivor" free="0" total="83820544" percent="0" />
    </mem>
    <mem type="tenure" free="139519112" total="805306368" percent="17">
      <mem type="soa" free="131465352" total="797252608" percent="16" />
      <mem type="loa" free="8053760" total="8053760" percent="100" />
    </mem>
    <remembered-set count="134" />
  </mem-info>
</gc-start>
<allocation-stats totalBytes="108450720" >
  <allocated-bytes non-tlh="1822832" tlh="106627888" />
  <largest-consumer threadName="main" threadId="0000000000016F00" bytes="108442528" />
</allocation-stats>
<gc-op id="2190" type="scavenge" timems="81.503" contextid="2187" timestamp="2022-02-08T16:47:27.441">
  <scavenger-info tenureage="1" tenuremask="7ffe" tiltratio="68" />
  <memory-copied type="nursery" objects="1352313" bytes="77287768" bytesdiscarded="247848" />
  <memory-copied type="tenure" objects="1493790" bytes="75349776" bytesdiscarded="35120" />
  <finalization candidates="57" enqueued="0" />
  <references type="phantom" candidates="2" cleared="0" enqueued="0" />
  <object-monitors candidates="2" cleared="0"  />
</gc-op>
<gc-end id="2191" type="scavenge" contextid="2187" durationms="81.696" usertimems="321.584" systemtimems="0.000" stalltimems="3.593" timestamp="2022-02-08T16:47:27.441" activeThreads="4">
  <mem-info id="2192" free="170385680" total="1073741824" percent="15">
    <mem type="nursery" free="106227328" total="268435456" percent="39">
      <mem type="allocate" free="106227328" total="183762944" percent="57" />
      <mem type="survivor" free="0" total="84672512" percent="0" />
    </mem>
    <mem type="tenure" free="64158352" total="805306368" percent="7" macro-fragmented="27735676">
      <mem type="soa" free="56104592" total="797252608" percent="7" />
      <mem type="loa" free="8053760" total="8053760" percent="100" />
    </mem>
    <remembered-set count="102" />
  </mem-info>
</gc-end>
<cycle-end id="2193" type="scavenge" contextid="2187" timestamp="2022-02-08T16:47:27.441" />
<allocation-satisfied id="2194" threadId="0000000000016F00" bytesRequested="208" />
<af-end id="2195" timestamp="2022-02-08T16:47:27.441" threadId="0000000000017908" success="true" from="nursery"/>
<exclusive-end id="2196" timestamp="2022-02-08T16:47:27.441" durationms="82.062" />

<concurrent-end id="2197" type="global mark" contextid="2182" timestamp="2022-02-08T16:47:27.520">
<gc-op id="2198" type="trace" timems="320.385" contextid="2182" timestamp="2022-02-08T16:47:27.520">
  <trace bytesTraced="74407468" workStackOverflowCount="0" />
  <card-cleaning reason="card cleaning threshold reached" bytesTraced="188" cardsCleaned="1" />
</gc-op>
</concurrent-end>

<exclusive-start id="2199" timestamp="2022-02-08T16:47:27.520" intervalms="160.861">
  <response-info timems="0.022" idlems="0.022" threads="0" lastid="0000000000016F00" lastname="main" />
</exclusive-start>
<concurrent-global-final id="2200" timestamp="2022-02-08T16:47:27.520" contextid="2182" intervalms="3053.971" >
  <concurrent-trace-info reason="card cleaning threshold reached" tracedByMutators="54436520" tracedByHelpers="19971136" cardsCleaned="1" workStackOverflowCount="0" />
</concurrent-global-final>
<gc-start id="2201" type="global" contextid="2182" timestamp="2022-02-08T16:47:27.520">
  <mem-info id="2202" free="165175360" total="1073741824" percent="15">
    <mem type="nursery" free="101017008" total="268435456" percent="37">
      <mem type="allocate" free="101017008" total="183762944" percent="54" />
      <mem type="survivor" free="0" total="84672512" percent="0" />
    </mem>
    <mem type="tenure" free="64158352" total="805306368" percent="7">
      <mem type="soa" free="56104592" total="797252608" percent="7" />
      <mem type="loa" free="8053760" total="8053760" percent="100" />
    </mem>
    <remembered-set count="102" />
  </mem-info>
</gc-start>
<allocation-stats totalBytes="5208016" >
  <allocated-bytes non-tlh="208" tlh="5207808" />
  <largest-consumer threadName="main" threadId="0000000000016F00" bytes="5208016" />
</allocation-stats>
<gc-op id="2203" type="rs-scan" timems="0.628" contextid="2182" timestamp="2022-02-08T16:47:27.521">
  <scan objectsFound="29" bytesTraced="5372" workStackOverflowCount="0" />
</gc-op>
<gc-op id="2204" type="card-cleaning" timems="155.178" contextid="2182" timestamp="2022-02-08T16:47:27.676">
  <card-cleaning cardsCleaned="9" bytesTraced="71037400" workStackOverflowCount="0" />
</gc-op>
<gc-op id="2205" type="mark" timems="43.463" contextid="2182" timestamp="2022-02-08T16:47:27.719">
  <trace-info objectcount="1598495" scancount="1200399" scanbytes="25676200" />
  <finalization candidates="428" enqueued="57" />
  <ownableSynchronizers candidates="1" cleared="0" />
  <references type="soft" candidates="894" cleared="0" enqueued="0" dynamicThreshold="11" maxThreshold="32" />
  <references type="weak" candidates="1701" cleared="0" enqueued="0" />
  <references type="phantom" candidates="52" cleared="2" enqueued="2" />
  <stringconstants candidates="6470" cleared="0"  />
  <object-monitors candidates="2" cleared="0"  />
</gc-op>
<gc-op id="2206" type="sweep" timems="4.633" contextid="2182" timestamp="2022-02-08T16:47:27.724" />
<gc-end id="2207" type="global" contextid="2182" durationms="204.091" usertimems="218.490" systemtimems="0.063" stalltimems="129.945" timestamp="2022-02-08T16:47:27.724" activeThreads="4">
  <mem-info id="2208" free="408462976" total="1073741824" percent="38">
    <mem type="nursery" free="101356368" total="268435456" percent="37">
      <mem type="allocate" free="101356368" total="183762944" percent="55" />
      <mem type="survivor" free="0" total="84672512" percent="0" />
    </mem>
    <mem type="tenure" free="307106608" total="805306368" percent="38" micro-fragmented="226047" macro-fragmented="0">
      <mem type="soa" free="299052848" total="797252608" percent="37" />
      <mem type="loa" free="8053760" total="8053760" percent="100" />
    </mem>
    <pending-finalizers system="57" default="0" reference="2" classloader="0" />
    <remembered-set count="102" />
  </mem-info>
</gc-end>
<cycle-end id="2209" type="global" contextid="2182" timestamp="2022-02-08T16:47:27.724" />
<exclusive-end id="2210" timestamp="2022-02-08T16:47:27.724" durationms="204.328" />

<exclusive-start id="2211" timestamp="2022-02-08T16:47:28.396" intervalms="876.570">
  <response-info timems="0.038" idlems="0.038" threads="0" lastid="0000000000016F00" lastname="main" />
</exclusive-start>
<af-start id="2212" threadId="0000000000017908" totalBytesRequested="104" timestamp="2022-02-08T16:47:28.396" intervalms="1037.427" type="nursery" />
<cycle-start id="2213" type="scavenge" contextid="0" timestamp="2022-02-08T16:47:28.397" intervalms="1037.428" />
<gc-start id="2214" type="scavenge" contextid="2213" timestamp="2022-02-08T16:47:28.397">
  <mem-info id="2215" free="307106608" total="1073741824" percent="28">
    <mem type="nursery" free="0" total="268435456" percent="0">
      <mem type="allocate" free="0" total="183762944" percent="0" />
      <mem type="survivor" free="0" total="84672512" percent="0" />
    </mem>
    <mem type="tenure" free="307106608" total="805306368" percent="38">
      <mem type="soa" free="299052848" total="797252608" percent="37" />
      <mem type="loa" free="8053760" total="8053760" percent="100" />
    </mem>
    <remembered-set count="105" />
  </mem-info>
</gc-start>
<allocation-stats totalBytes="101309848" >
  <allocated-bytes non-tlh="0" tlh="101309848" />
  <largest-consumer threadName="main" threadId="0000000000016F00" bytes="101305752" />
</allocation-stats>
<gc-op id="2216" type="scavenge" timems="84.034" contextid="2213" timestamp="2022-02-08T16:47:28.481">
  <scavenger-info tenureage="1" tenuremask="7ffe" tiltratio="68" />
  <memory-copied type="nursery" objects="1340322" bytes="75661352" bytesdiscarded="204760" />
  <memory-copied type="tenure" objects="1352312" bytes="77287656" bytesdiscarded="42440" />
  <finalization candidates="2" enqueued="0" />
  <ownableSynchronizers candidates="2" cleared="2" />
  <object-monitors candidates="2" cleared="0"  />
</gc-op>
<gc-end id="2217" type="scavenge" contextid="2213" durationms="84.364" usertimems="328.028" systemtimems="0.000" stalltimems="2.102" timestamp="2022-02-08T16:47:28.481" activeThreads="4">
  <mem-info id="2218" free="337597648" total="1073741824" percent="31">
    <mem type="nursery" free="108093440" total="268435456" percent="40">
      <mem type="allocate" free="108093440" total="183959552" percent="58" />
      <mem type="survivor" free="0" total="84475904" percent="0" />
    </mem>
    <mem type="tenure" free="229504208" total="805306368" percent="28" macro-fragmented="723458">
      <mem type="soa" free="221450448" total="797252608" percent="27" />
      <mem type="loa" free="8053760" total="8053760" percent="100" />
    </mem>
    <remembered-set count="105" />
  </mem-info>
</gc-end>
<cycle-end id="2219" type="scavenge" contextid="2213" timestamp="2022-02-08T16:47:28.481" />
<allocation-satisfied id="2220" threadId="0000000000016F00" bytesRequested="104" />
<af-end id="2221" timestamp="2022-02-08T16:47:28.481" threadId="0000000000017908" success="true" from="nursery"/>
<exclusive-end id="2222" timestamp="2022-02-08T16:47:28.481" durationms="84.877" />

<exclusive-start id="2223" timestamp="2022-02-08T16:47:29.215" intervalms="818.857">
  <response-info timems="0.059" idlems="0.059" threads="0" lastid="0000000000016F00" lastname="main" />
</exclusive-start>
<af-start id="2224" threadId="0000000000017908" totalBytesRequested="56" timestamp="2022-02-08T16:47:29.215" intervalms="818.852" type="nursery" />
<cycle-start id="2225" type="scavenge" contextid="0" timestamp="2022-02-08T16:47:29.215" intervalms="818.852" />
<gc-start id="2226" type="scavenge" contextid="2225" timestamp="2022-02-08T16:47:29.215">
  <mem-info id="2227" free="229504208" total="1073741824" percent="21">
    <mem type="nursery" free="0" total="268435456" percent="0">
      <mem type="allocate" free="0" total="183959552" percent="0" />
      <mem type="survivor" free="0" total="84475904" percent="0" />
    </mem>
    <mem type="tenure" free="229504208" total="805306368" percent="28">
      <mem type="soa" free="221450448" total="797252608" percent="27" />
      <mem type="loa" free="8053760" total="8053760" percent="100" />
    </mem>
    <remembered-set count="119" />
  </mem-info>
</gc-start>
<allocation-stats totalBytes="108045184" >
  <allocated-bytes non-tlh="453808" tlh="107591376" />
  <largest-consumer threadName="main" threadId="0000000000016F00" bytes="108045184" />
</allocation-stats>
<gc-op id="2228" type="scavenge" timems="82.412" contextid="2225" timestamp="2022-02-08T16:47:29.298">
  <scavenger-info tenureage="1" tenuremask="7ffe" tiltratio="68" />
  <memory-copied type="nursery" objects="1364468" bytes="76492200" bytesdiscarded="144608" />
  <memory-copied type="tenure" objects="1340322" bytes="75661352" bytesdiscarded="41144" />
  <finalization candidates="32" enqueued="18" />
  <references type="phantom" candidates="32" cleared="0" enqueued="0" />
  <object-monitors candidates="2" cleared="0"  />
</gc-op>
<gc-end id="2229" type="scavenge" contextid="2225" durationms="82.645" usertimems="320.849" systemtimems="0.281" stalltimems="5.142" timestamp="2022-02-08T16:47:29.298" activeThreads="4">
  <mem-info id="2230" free="261532432" total="1073741824" percent="24">
    <mem type="nursery" free="107519352" total="268435456" percent="40">
      <mem type="allocate" free="107519352" total="184156160" percent="58" />
      <mem type="survivor" free="0" total="84279296" percent="0" />
    </mem>
    <mem type="tenure" free="154013080" total="805306368" percent="19" macro-fragmented="0">
      <mem type="soa" free="145959320" total="797252608" percent="18" />
      <mem type="loa" free="8053760" total="8053760" percent="100" />
    </mem>
    <pending-finalizers system="18" default="0" reference="0" classloader="0" />
    <remembered-set count="119" />
  </mem-info>
</gc-end>
<cycle-end id="2231" type="scavenge" contextid="2225" timestamp="2022-02-08T16:47:29.298" />
<allocation-satisfied id="2232" threadId="0000000000016F00" bytesRequested="56" />
<af-end id="2233" timestamp="2022-02-08T16:47:29.298" threadId="0000000000017908" success="true" from="nursery"/>
<exclusive-end id="2234" timestamp="2022-02-08T16:47:29.298" durationms="83.002" />

<concurrent-kickoff id="2235" timestamp="2022-02-08T16:47:30.129">
  <kickoff reason="threshold reached" targetBytes="74477443" thresholdFreeBytes="6173366"  remainingFree="6131792" tenureFreeBytes="154013080" nurseryFreeBytes="6131792" />
</concurrent-kickoff>
<exclusive-start id="2236" timestamp="2022-02-08T16:47:30.133" intervalms="917.698">
  <response-info timems="0.028" idlems="0.028" threads="0" lastid="0000000000016F00" lastname="main" />
</exclusive-start>
<cycle-start id="2237" type="global" contextid="0" timestamp="2022-02-08T16:47:30.133" intervalms="2933.609" />
<concurrent-start id="2238" type="global mark" contextid="2237" timestamp="2022-02-08T16:47:30.133">
</concurrent-start>
<exclusive-end id="2239" timestamp="2022-02-08T16:47:30.133" durationms="0.088" />

<exclusive-start id="2240" timestamp="2022-02-08T16:47:30.280" intervalms="147.228">
  <response-info timems="0.046" idlems="0.046" threads="0" lastid="0000000000016F00" lastname="main" />
</exclusive-start>
<af-start id="2241" threadId="0000000000017908" totalBytesRequested="104" timestamp="2022-02-08T16:47:30.280" intervalms="1064.925" type="nursery" />
<cycle-start id="2242" type="scavenge" contextid="0" timestamp="2022-02-08T16:47:30.280" intervalms="1064.922" />
<gc-start id="2243" type="scavenge" contextid="2242" timestamp="2022-02-08T16:47:30.280">
  <mem-info id="2244" free="154013080" total="1073741824" percent="14">
    <mem type="nursery" free="0" total="268435456" percent="0">
      <mem type="allocate" free="0" total="184156160" percent="0" />
      <mem type="survivor" free="0" total="84279296" percent="0" />
    </mem>
    <mem type="tenure" free="154013080" total="805306368" percent="19">
      <mem type="soa" free="145959320" total="797252608" percent="18" />
      <mem type="loa" free="8053760" total="8053760" percent="100" />
    </mem>
    <remembered-set count="135" />
  </mem-info>
</gc-start>
<allocation-stats totalBytes="107472936" >
  <allocated-bytes non-tlh="2555176" tlh="104917760" />
  <largest-consumer threadName="main" threadId="0000000000016F00" bytes="107468840" />
</allocation-stats>
<gc-op id="2245" type="scavenge" timems="85.176" contextid="2242" timestamp="2022-02-08T16:47:30.366">
  <scavenger-info tenureage="1" tenuremask="7ffe" tiltratio="68" />
  <memory-copied type="nursery" objects="1428215" bytes="75904616" bytesdiscarded="100888" />
  <memory-copied type="tenure" objects="1364158" bytes="76323984" bytesdiscarded="42256" />
  <finalization candidates="92" enqueued="35" />
  <references type="soft" candidates="14" cleared="0" enqueued="0" dynamicThreshold="12" maxThreshold="32" />
  <references type="weak" candidates="1" cleared="0" enqueued="0" />
  <references type="phantom" candidates="77" cleared="7" enqueued="7" />
  <object-monitors candidates="2" cleared="0"  />
</gc-op>
<gc-end id="2246" type="scavenge" contextid="2242" durationms="85.469" usertimems="331.596" systemtimems="0.074" stalltimems="3.582" timestamp="2022-02-08T16:47:30.366" activeThreads="4">
  <mem-info id="2247" free="185969024" total="1073741824" percent="17">
    <mem type="nursery" free="108478208" total="268435456" percent="40">
      <mem type="allocate" free="108478208" total="184483840" percent="58" />
      <mem type="survivor" free="0" total="83951616" percent="0" />
    </mem>
    <mem type="tenure" free="77490816" total="805306368" percent="9" macro-fragmented="33282812">
      <mem type="soa" free="69437056" total="797252608" percent="8" />
      <mem type="loa" free="8053760" total="8053760" percent="100" />
    </mem>
    <pending-finalizers system="34" default="1" reference="7" classloader="0" />
    <remembered-set count="121" />
  </mem-info>
</gc-end>
<cycle-end id="2248" type="scavenge" contextid="2242" timestamp="2022-02-08T16:47:30.366" />
<allocation-satisfied id="2249" threadId="0000000000016F00" bytesRequested="104" />
<af-end id="2250" timestamp="2022-02-08T16:47:30.366" threadId="0000000000017908" success="true" from="nursery"/>
<exclusive-end id="2251" timestamp="2022-02-08T16:47:30.366" durationms="86.058" />

<concurrent-end id="2252" type="global mark" contextid="2237" timestamp="2022-02-08T16:47:30.463">
<gc-op id="2253" type="trace" timems="330.030" contextid="2237" timestamp="2022-02-08T16:47:30.463">
  <trace bytesTraced="74434728" workStackOverflowCount="0" />
  <card-cleaning reason="card cleaning threshold reached" bytesTraced="188" cardsCleaned="1" />
</gc-op>
</concurrent-end>

<exclusive-start id="2254" timestamp="2022-02-08T16:47:30.463" intervalms="182.923">
  <response-info timems="0.021" idlems="0.021" threads="0" lastid="0000000000016F00" lastname="main" />
</exclusive-start>
<concurrent-global-final id="2255" timestamp="2022-02-08T16:47:30.463" contextid="2237" intervalms="2943.278" >
  <concurrent-trace-info reason="card cleaning threshold reached" tracedByMutators="54760732" tracedByHelpers="19674184" cardsCleaned="1" workStackOverflowCount="0" />
</concurrent-global-final>
<gc-start id="2256" type="global" contextid="2237" timestamp="2022-02-08T16:47:30.463">
  <mem-info id="2257" free="179439896" total="1073741824" percent="16">
    <mem type="nursery" free="101949080" total="268435456" percent="37">
      <mem type="allocate" free="101949080" total="184483840" percent="55" />
      <mem type="survivor" free="0" total="83951616" percent="0" />
    </mem>
    <mem type="tenure" free="77490816" total="805306368" percent="9">
      <mem type="soa" free="69437056" total="797252608" percent="8" />
      <mem type="loa" free="8053760" total="8053760" percent="100" />
    </mem>
    <remembered-set count="122" />
  </mem-info>
</gc-start>
<allocation-stats totalBytes="6525552" >
  <allocated-bytes non-tlh="104" tlh="6525448" />
  <largest-consumer threadName="main" threadId="0000000000016F00" bytes="6517360" />
</allocation-stats>
<gc-op id="2258" type="rs-scan" timems="132.097" contextid="2237" timestamp="2022-02-08T16:47:30.595">
  <scan objectsFound="3324743" bytesTraced="71015712" workStackOverflowCount="0" />
</gc-op>
<gc-op id="2259" type="card-cleaning" timems="0.461" contextid="2237" timestamp="2022-02-08T16:47:30.596">
  <card-cleaning cardsCleaned="4" bytesTraced="5940" workStackOverflowCount="0" />
</gc-op>
<gc-op id="2260" type="mark" timems="42.993" contextid="2237" timestamp="2022-02-08T16:47:30.639">
  <trace-info objectcount="1313248" scancount="986462" scanbytes="21112264" />
  <finalization candidates="428" enqueued="57" />
  <ownableSynchronizers candidates="1" cleared="0" />
  <references type="soft" candidates="894" cleared="0" enqueued="0" dynamicThreshold="12" maxThreshold="32" />
  <references type="weak" candidates="1701" cleared="0" enqueued="0" />
  <references type="phantom" candidates="52" cleared="2" enqueued="2" />
  <stringconstants candidates="6470" cleared="0"  />
  <object-monitors candidates="2" cleared="0"  />
</gc-op>
<gc-op id="2261" type="sweep" timems="4.749" contextid="2237" timestamp="2022-02-08T16:47:30.644" />
<gc-end id="2262" type="global" contextid="2237" durationms="180.505" usertimems="233.349" systemtimems="3.907" stalltimems="87.276" timestamp="2022-02-08T16:47:30.644" activeThreads="4">
  <mem-info id="2263" free="422900064" total="1073741824" percent="39">
    <mem type="nursery" free="102460208" total="268435456" percent="38">
      <mem type="allocate" free="102460208" total="184483840" percent="55" />
      <mem type="survivor" free="0" total="83951616" percent="0" />
    </mem>
    <mem type="tenure" free="320439856" total="805306368" percent="39" micro-fragmented="260813" macro-fragmented="0">
      <mem type="soa" free="312386096" total="797252608" percent="39" />
      <mem type="loa" free="8053760" total="8053760" percent="100" />
    </mem>
    <pending-finalizers system="57" default="0" reference="2" classloader="0" />
    <remembered-set count="109" />
  </mem-info>
</gc-end>
<cycle-end id="2264" type="global" contextid="2237" timestamp="2022-02-08T16:47:30.644" />
<exclusive-end id="2265" timestamp="2022-02-08T16:47:30.644" durationms="180.711" />

<exclusive-start id="2266" timestamp="2022-02-08T16:47:31.381" intervalms="918.244">
  <response-info timems="0.039" idlems="0.039" threads="0" lastid="0000000000016F00" lastname="main" />
</exclusive-start>
<af-start id="2267" threadId="0000000000017908" totalBytesRequested="120" timestamp="2022-02-08T16:47:31.381" intervalms="1101.185" type="nursery" />
<cycle-start id="2268" type="scavenge" contextid="0" timestamp="2022-02-08T16:47:31.381" intervalms="1101.201" />
<gc-start id="2269" type="scavenge" contextid="2268" timestamp="2022-02-08T16:47:31.382">
  <mem-info id="2270" free="320439856" total="1073741824" percent="29">
    <mem type="nursery" free="0" total="268435456" percent="0">
      <mem type="allocate" free="0" total="184483840" percent="0" />
      <mem type="survivor" free="0" total="83951616" percent="0" />
    </mem>
    <mem type="tenure" free="320439856" total="805306368" percent="39">
      <mem type="soa" free="312386096" total="797252608" percent="39" />
      <mem type="loa" free="8053760" total="8053760" percent="100" />
    </mem>
    <remembered-set count="110" />
  </mem-info>
</gc-start>
<allocation-stats totalBytes="102411040" >
  <allocated-bytes non-tlh="0" tlh="102411040" />
  <largest-consumer threadName="main" threadId="0000000000016F00" bytes="102406944" />
</allocation-stats>
<gc-op id="2271" type="scavenge" timems="95.291" contextid="2268" timestamp="2022-02-08T16:47:31.477">
  <scavenger-info tenureage="1" tenuremask="7ffe" tiltratio="68" />
  <memory-copied type="nursery" objects="1402582" bytes="77489456" bytesdiscarded="374224" />
  <memory-copied type="tenure" objects="1427734" bytes="75592872" bytesdiscarded="44304" />
  <finalization candidates="43" enqueued="0" />
  <ownableSynchronizers candidates="2" cleared="2" />
  <object-monitors candidates="2" cleared="0"  />
</gc-op>
<gc-end id="2272" type="scavenge" contextid="2268" durationms="95.526" usertimems="371.783" systemtimems="5.303" stalltimems="2.501" timestamp="2022-02-08T16:47:31.477" activeThreads="4">
  <mem-info id="2273" free="350160544" total="1073741824" percent="32">
    <mem type="nursery" free="105440512" total="268435456" percent="39">
      <mem type="allocate" free="105440512" total="183304192" percent="57" />
      <mem type="survivor" free="0" total="85131264" percent="0" />
    </mem>
    <mem type="tenure" free="244720032" total="805306368" percent="30" macro-fragmented="723458">
      <mem type="soa" free="236666272" total="797252608" percent="29" />
      <mem type="loa" free="8053760" total="8053760" percent="100" />
    </mem>
    <remembered-set count="104" />
  </mem-info>
</gc-end>
<cycle-end id="2274" type="scavenge" contextid="2268" timestamp="2022-02-08T16:47:31.477" />
<allocation-satisfied id="2275" threadId="0000000000016F00" bytesRequested="120" />
<af-end id="2276" timestamp="2022-02-08T16:47:31.477" threadId="0000000000017908" success="true" from="nursery"/>
<exclusive-end id="2277" timestamp="2022-02-08T16:47:31.477" durationms="95.825" />

<exclusive-start id="2278" timestamp="2022-02-08T16:47:32.139" intervalms="757.156">
  <response-info timems="0.018" idlems="0.018" threads="0" lastid="0000000000016F00" lastname="main" />
</exclusive-start>
<af-start id="2279" threadId="0000000000017908" totalBytesRequested="16" timestamp="2022-02-08T16:47:32.139" intervalms="757.146" type="nursery" />
<cycle-start id="2280" type="scavenge" contextid="0" timestamp="2022-02-08T16:47:32.139" intervalms="757.132" />
<gc-start id="2281" type="scavenge" contextid="2280" timestamp="2022-02-08T16:47:32.139">
  <mem-info id="2282" free="244720032" total="1073741824" percent="22">
    <mem type="nursery" free="0" total="268435456" percent="0">
      <mem type="allocate" free="0" total="183304192" percent="0" />
      <mem type="survivor" free="0" total="85131264" percent="0" />
    </mem>
    <mem type="tenure" free="244720032" total="805306368" percent="30">
      <mem type="soa" free="236666272" total="797252608" percent="29" />
      <mem type="loa" free="8053760" total="8053760" percent="100" />
    </mem>
    <remembered-set count="104" />
  </mem-info>
</gc-start>
<allocation-stats totalBytes="105391600" >
  <allocated-bytes non-tlh="120" tlh="105391480" />
  <largest-consumer threadName="main" threadId="0000000000016F00" bytes="105391600" />
</allocation-stats>
<gc-op id="2283" type="scavenge" timems="79.851" contextid="2280" timestamp="2022-02-08T16:47:32.219">
  <scavenger-info tenureage="1" tenuremask="7ffe" tiltratio="68" />
  <memory-copied type="nursery" objects="1319015" bytes="74942928" bytesdiscarded="121048" />
  <memory-copied type="tenure" objects="1402582" bytes="77489456" bytesdiscarded="40896" />
  <object-monitors candidates="2" cleared="0"  />
</gc-op>
<gc-end id="2284" type="scavenge" contextid="2280" durationms="80.069" usertimems="312.595" systemtimems="0.250" stalltimems="3.373" timestamp="2022-02-08T16:47:32.219" activeThreads="4">
  <mem-info id="2285" free="275566216" total="1073741824" percent="25">
    <mem type="nursery" free="108502360" total="268435456" percent="40">
      <mem type="allocate" free="108502360" total="183566336" percent="59" />
      <mem type="survivor" free="0" total="84869120" percent="0" />
    </mem>
    <mem type="tenure" free="167063856" total="805306368" percent="20" macro-fragmented="57512708">
      <mem type="soa" free="159010096" total="797252608" percent="19" />
      <mem type="loa" free="8053760" total="8053760" percent="100" />
    </mem>
    <remembered-set count="104" />
  </mem-info>
</gc-end>
<cycle-end id="2286" type="scavenge" contextid="2280" timestamp="2022-02-08T16:47:32.219" />
<allocation-satisfied id="2287" threadId="0000000000016F00" bytesRequested="16" />
<af-end id="2288" timestamp="2022-02-08T16:47:32.219" threadId="0000000000017908" success="true" from="nursery"/>
<exclusive-end id="2289" timestamp="2022-02-08T16:47:32.219" durationms="80.394" />

<exclusive-start id="2290" timestamp="2022-02-08T16:47:33.170" intervalms="1031.472">
  <response-info timems="0.022" idlems="0.022" threads="0" lastid="0000000000016F00" lastname="main" />
</exclusive-start>
<af-start id="2291" threadId="0000000000017908" totalBytesRequested="208" timestamp="2022-02-08T16:47:33.170" intervalms="1031.465" type="nursery" />
<cycle-start id="2292" type="scavenge" contextid="0" timestamp="2022-02-08T16:47:33.170" intervalms="1031.465" />
<gc-start id="2293" type="scavenge" contextid="2292" timestamp="2022-02-08T16:47:33.170">
  <mem-info id="2294" free="167063856" total="1073741824" percent="15">
    <mem type="nursery" free="0" total="268435456" percent="0">
      <mem type="allocate" free="0" total="183566336" percent="0" />
      <mem type="survivor" free="0" total="84869120" percent="0" />
    </mem>
    <mem type="tenure" free="167063856" total="805306368" percent="20">
      <mem type="soa" free="159010096" total="797252608" percent="19" />
      <mem type="loa" free="8053760" total="8053760" percent="100" />
    </mem>
    <remembered-set count="135" />
  </mem-info>
</gc-start>
<allocation-stats totalBytes="108453712" >
  <allocated-bytes non-tlh="2841464" tlh="105612248" />
  <largest-consumer threadName="main" threadId="0000000000016F00" bytes="108453712" />
</allocation-stats>
<gc-op id="2295" type="scavenge" timems="85.725" contextid="2292" timestamp="2022-02-08T16:47:33.256">
  <scavenger-info tenureage="1" tenuremask="7ffe" tiltratio="68" />
  <memory-copied type="nursery" objects="1461674" bytes="76279144" bytesdiscarded="226664" />
  <memory-copied type="tenure" objects="1319015" bytes="74942928" bytesdiscarded="39536" />
  <finalization candidates="110" enqueued="53" />
  <references type="soft" candidates="14" cleared="0" enqueued="0" dynamicThreshold="12" maxThreshold="32" />
  <references type="weak" candidates="1" cleared="0" enqueued="0" />
  <references type="phantom" candidates="95" cleared="7" enqueued="7" />
  <object-monitors candidates="2" cleared="0"  />
</gc-op>
<gc-end id="2296" type="scavenge" contextid="2292" durationms="85.927" usertimems="331.318" systemtimems="0.031" stalltimems="3.515" timestamp="2022-02-08T16:47:33.256" activeThreads="4">
  <mem-info id="2297" free="199258992" total="1073741824" percent="18">
    <mem type="nursery" free="107257008" total="268435456" percent="39">
      <mem type="allocate" free="107257008" total="183762944" percent="58" />
      <mem type="survivor" free="0" total="84672512" percent="0" />
    </mem>
    <mem type="tenure" free="92001984" total="805306368" percent="11" macro-fragmented="57512708">
      <mem type="soa" free="83948224" total="797252608" percent="10" />
      <mem type="loa" free="8053760" total="8053760" percent="100" />
    </mem>
    <pending-finalizers system="52" default="1" reference="7" classloader="0" />
    <remembered-set count="129" />
  </mem-info>
</gc-end>
<cycle-end id="2298" type="scavenge" contextid="2292" timestamp="2022-02-08T16:47:33.256" />
<allocation-satisfied id="2299" threadId="0000000000016F00" bytesRequested="208" />
<af-end id="2300" timestamp="2022-02-08T16:47:33.256" threadId="0000000000017908" success="true" from="nursery"/>
<exclusive-end id="2301" timestamp="2022-02-08T16:47:33.256" durationms="86.179" />

<concurrent-kickoff id="2302" timestamp="2022-02-08T16:47:33.986">
  <kickoff reason="threshold reached" targetBytes="74468883" thresholdFreeBytes="6160087"  remainingFree="6093792" tenureFreeBytes="92001984" nurseryFreeBytes="6093792" />
</concurrent-kickoff>
<exclusive-start id="2303" timestamp="2022-02-08T16:47:33.988" intervalms="818.483">
  <response-info timems="0.018" idlems="0.018" threads="0" lastid="0000000000016F00" lastname="main" />
</exclusive-start>
<cycle-start id="2304" type="global" contextid="0" timestamp="2022-02-08T16:47:33.989" intervalms="3855.482" />
<concurrent-start id="2305" type="global mark" contextid="2304" timestamp="2022-02-08T16:47:33.989">
</concurrent-start>
<exclusive-end id="2306" timestamp="2022-02-08T16:47:33.989" durationms="0.026" />

<exclusive-start id="2307" timestamp="2022-02-08T16:47:34.137" intervalms="148.380">
  <response-info timems="0.021" idlems="0.021" threads="0" lastid="0000000000016F00" lastname="main" />
</exclusive-start>
<af-start id="2308" threadId="0000000000017908" totalBytesRequested="200" timestamp="2022-02-08T16:47:34.137" intervalms="966.860" type="nursery" />
<cycle-start id="2309" type="scavenge" contextid="0" timestamp="2022-02-08T16:47:34.137" intervalms="966.860" />
<gc-start id="2310" type="scavenge" contextid="2309" timestamp="2022-02-08T16:47:34.137">
  <mem-info id="2311" free="92001984" total="1073741824" percent="8">
    <mem type="nursery" free="0" total="268435456" percent="0">
      <mem type="allocate" free="0" total="183762944" percent="0" />
      <mem type="survivor" free="0" total="84672512" percent="0" />
    </mem>
    <mem type="tenure" free="92001984" total="805306368" percent="11">
      <mem type="soa" free="83948224" total="797252608" percent="10" />
      <mem type="loa" free="8053760" total="8053760" percent="100" />
    </mem>
    <remembered-set count="130" />
  </mem-info>
</gc-start>
<allocation-stats totalBytes="107206088" >
  <allocated-bytes non-tlh="208" tlh="107205880" />
  <largest-consumer threadName="main" threadId="0000000000016F00" bytes="107197896" />
</allocation-stats>
<gc-op id="2312" type="scavenge" timems="80.196" contextid="2309" timestamp="2022-02-08T16:47:34.217">
  <scavenger-info tenureage="1" tenuremask="7ffe" tiltratio="68" />
  <memory-copied type="nursery" objects="1376781" bytes="76349488" bytesdiscarded="265424" />
  <memory-copied type="tenure" objects="1460962" bytes="75811176" bytesdiscarded="38920" />
  <finalization candidates="57" enqueued="0" />
  <object-monitors candidates="2" cleared="0"  />
</gc-op>
<gc-end id="2313" type="scavenge" contextid="2309" durationms="80.522" usertimems="316.916" systemtimems="0.296" stalltimems="2.843" timestamp="2022-02-08T16:47:34.218" activeThreads="4">
  <mem-info id="2314" free="123946960" total="1073741824" percent="11">
    <mem type="nursery" free="107606784" total="268435456" percent="40">
      <mem type="allocate" free="107606784" total="184221696" percent="58" />
      <mem type="survivor" free="0" total="84213760" percent="0" />
    </mem>
    <mem type="tenure" free="16340176" total="805306368" percent="2" macro-fragmented="0">
      <mem type="soa" free="8286416" total="797252608" percent="1" />
      <mem type="loa" free="8053760" total="8053760" percent="100" />
    </mem>
    <remembered-set count="103" />
  </mem-info>
</gc-end>
<cycle-end id="2315" type="scavenge" contextid="2309" timestamp="2022-02-08T16:47:34.218" />
<allocation-satisfied id="2316" threadId="0000000000016F00" bytesRequested="200" />
<af-end id="2317" timestamp="2022-02-08T16:47:34.218" threadId="0000000000017908" success="true" from="nursery"/>
<exclusive-end id="2318" timestamp="2022-02-08T16:47:34.218" durationms="80.860" />

<concurrent-end id="2319" type="global mark" contextid="2304" timestamp="2022-02-08T16:47:34.300">
<gc-op id="2320" type="trace" timems="311.265" contextid="2304" timestamp="2022-02-08T16:47:34.300">
  <trace bytesTraced="74434904" workStackOverflowCount="0" />
  <card-cleaning reason="card cleaning threshold reached" bytesTraced="188" cardsCleaned="1" />
</gc-op>
</concurrent-end>

<exclusive-start id="2321" timestamp="2022-02-08T16:47:34.300" intervalms="162.958">
  <response-info timems="0.022" idlems="0.022" threads="0" lastid="0000000000016F00" lastname="main" />
</exclusive-start>
<concurrent-global-final id="2322" timestamp="2022-02-08T16:47:34.300" contextid="2304" intervalms="3836.692" >
  <concurrent-trace-info reason="card cleaning threshold reached" tracedByMutators="51522092" tracedByHelpers="22913000" cardsCleaned="1" workStackOverflowCount="0" />
</concurrent-global-final>
<gc-start id="2323" type="global" contextid="2304" timestamp="2022-02-08T16:47:34.300">
  <mem-info id="2324" free="117950216" total="1073741824" percent="10">
    <mem type="nursery" free="101610040" total="268435456" percent="37">
      <mem type="allocate" free="101610040" total="184221696" percent="55" />
      <mem type="survivor" free="0" total="84213760" percent="0" />
    </mem>
    <mem type="tenure" free="16340176" total="805306368" percent="2">
      <mem type="soa" free="8286416" total="797252608" percent="1" />
      <mem type="loa" free="8053760" total="8053760" percent="100" />
    </mem>
    <remembered-set count="103" />
  </mem-info>
</gc-start>
<allocation-stats totalBytes="5994168" >
  <allocated-bytes non-tlh="200" tlh="5993968" />
  <largest-consumer threadName="main" threadId="0000000000016F00" bytes="5994168" />
</allocation-stats>
<gc-op id="2325" type="rs-scan" timems="0.597" contextid="2304" timestamp="2022-02-08T16:47:34.301">
  <scan objectsFound="0" bytesTraced="3988" workStackOverflowCount="0" />
</gc-op>
<gc-op id="2326" type="card-cleaning" timems="154.069" contextid="2304" timestamp="2022-02-08T16:47:34.455">
  <card-cleaning cardsCleaned="11" bytesTraced="71019156" workStackOverflowCount="0" />
</gc-op>
<gc-op id="2327" type="mark" timems="80.796" contextid="2304" timestamp="2022-02-08T16:47:34.535">
  <trace-info objectcount="2440621" scancount="1831993" scanbytes="39150248" />
  <finalization candidates="428" enqueued="57" />
  <ownableSynchronizers candidates="1" cleared="0" />
  <references type="soft" candidates="894" cleared="0" enqueued="0" dynamicThreshold="12" maxThreshold="32" />
  <references type="weak" candidates="1701" cleared="0" enqueued="0" />
  <references type="phantom" candidates="52" cleared="2" enqueued="2" />
  <stringconstants candidates="6470" cleared="0"  />
  <object-monitors candidates="2" cleared="0"  />
</gc-op>
<gc-op id="2328" type="sweep" timems="5.163" contextid="2304" timestamp="2022-02-08T16:47:34.541" />
<gc-end id="2329" type="global" contextid="2304" durationms="240.817" usertimems="297.665" systemtimems="0.447" stalltimems="200.289" timestamp="2022-02-08T16:47:34.541" activeThreads="4">
  <mem-info id="2330" free="361143088" total="1073741824" percent="33">
    <mem type="nursery" free="101968736" total="268435456" percent="37">
      <mem type="allocate" free="101968736" total="184221696" percent="55" />
      <mem type="survivor" free="0" total="84213760" percent="0" />
    </mem>
    <mem type="tenure" free="259174352" total="805306368" percent="32" micro-fragmented="240756" macro-fragmented="0">
      <mem type="soa" free="251120592" total="797252608" percent="31" />
      <mem type="loa" free="8053760" total="8053760" percent="100" />
    </mem>
    <pending-finalizers system="57" default="0" reference="2" classloader="0" />
    <remembered-set count="103" />
  </mem-info>
</gc-end>
<cycle-end id="2331" type="global" contextid="2304" timestamp="2022-02-08T16:47:34.541" />
<exclusive-end id="2332" timestamp="2022-02-08T16:47:34.541" durationms="241.068" />

<exclusive-start id="2333" timestamp="2022-02-08T16:47:35.177" intervalms="877.198">
  <response-info timems="0.019" idlems="0.019" threads="0" lastid="0000000000016F00" lastname="main" />
</exclusive-start>
<af-start id="2334" threadId="0000000000017908" totalBytesRequested="104" timestamp="2022-02-08T16:47:35.177" intervalms="1040.155" type="nursery" />
<cycle-start id="2335" type="scavenge" contextid="0" timestamp="2022-02-08T16:47:35.177" intervalms="1040.154" />
<gc-start id="2336" type="scavenge" contextid="2335" timestamp="2022-02-08T16:47:35.177">
  <mem-info id="2337" free="259174352" total="1073741824" percent="24">
    <mem type="nursery" free="0" total="268435456" percent="0">
      <mem type="allocate" free="0" total="184221696" percent="0" />
      <mem type="survivor" free="0" total="84213760" percent="0" />
    </mem>
    <mem type="tenure" free="259174352" total="805306368" percent="32">
      <mem type="soa" free="251120592" total="797252608" percent="31" />
      <mem type="loa" free="8053760" total="8053760" percent="100" />
    </mem>
    <remembered-set count="106" />
  </mem-info>
</gc-start>
<allocation-stats totalBytes="101923368" >
  <allocated-bytes non-tlh="0" tlh="101923368" />
  <largest-consumer threadName="main" threadId="0000000000016F00" bytes="101919272" />
</allocation-stats>
<gc-op id="2338" type="scavenge" timems="78.357" contextid="2335" timestamp="2022-02-08T16:47:35.256">
  <scavenger-info tenureage="1" tenuremask="7ffe" tiltratio="68" />
  <memory-copied type="nursery" objects="1359930" bytes="76659152" bytesdiscarded="112016" />
  <memory-copied type="tenure" objects="1376780" bytes="76349376" bytesdiscarded="43056" />
  <ownableSynchronizers candidates="2" cleared="2" />
  <object-monitors candidates="2" cleared="0"  />
</gc-op>
<gc-end id="2339" type="scavenge" contextid="2335" durationms="78.545" usertimems="309.877" systemtimems="0.000" stalltimems="2.296" timestamp="2022-02-08T16:47:35.256" activeThreads="4">
  <mem-info id="2340" free="290844728" total="1073741824" percent="27">
    <mem type="nursery" free="108302496" total="268435456" percent="40">
      <mem type="allocate" free="108302496" total="185073664" percent="58" />
      <mem type="survivor" free="0" total="83361792" percent="0" />
    </mem>
    <mem type="tenure" free="182542232" total="805306368" percent="22" macro-fragmented="0">
      <mem type="soa" free="174488472" total="797252608" percent="21" />
      <mem type="loa" free="8053760" total="8053760" percent="100" />
    </mem>
    <remembered-set count="105" />
  </mem-info>
</gc-end>
<cycle-end id="2341" type="scavenge" contextid="2335" timestamp="2022-02-08T16:47:35.256" />
<allocation-satisfied id="2342" threadId="0000000000016F00" bytesRequested="104" />
<af-end id="2343" timestamp="2022-02-08T16:47:35.256" threadId="0000000000017908" success="true" from="nursery"/>
<exclusive-end id="2344" timestamp="2022-02-08T16:47:35.256" durationms="78.799" />

<exclusive-start id="2345" timestamp="2022-02-08T16:47:36.176" intervalms="998.851">
  <response-info timems="0.019" idlems="0.019" threads="0" lastid="0000000000016F00" lastname="main" />
</exclusive-start>
<af-start id="2346" threadId="0000000000017908" totalBytesRequested="184" timestamp="2022-02-08T16:47:36.176" intervalms="998.859" type="nursery" />
<cycle-start id="2347" type="scavenge" contextid="0" timestamp="2022-02-08T16:47:36.176" intervalms="998.860" />
<gc-start id="2348" type="scavenge" contextid="2347" timestamp="2022-02-08T16:47:36.176">
  <mem-info id="2349" free="182542232" total="1073741824" percent="17">
    <mem type="nursery" free="0" total="268435456" percent="0">
      <mem type="allocate" free="0" total="185073664" percent="0" />
      <mem type="survivor" free="0" total="83361792" percent="0" />
    </mem>
    <mem type="tenure" free="182542232" total="805306368" percent="22">
      <mem type="soa" free="174488472" total="797252608" percent="21" />
      <mem type="loa" free="8053760" total="8053760" percent="100" />
    </mem>
    <remembered-set count="136" />
  </mem-info>
</gc-start>
<allocation-stats totalBytes="108258000" >
  <allocated-bytes non-tlh="3008928" tlh="105249072" />
  <largest-consumer threadName="main" threadId="0000000000016F00" bytes="108258000" />
</allocation-stats>
<gc-op id="2350" type="scavenge" timems="84.897" contextid="2347" timestamp="2022-02-08T16:47:36.261">
  <scavenger-info tenureage="1" tenuremask="7ffe" tiltratio="68" />
  <memory-copied type="nursery" objects="1431657" bytes="76043368" bytesdiscarded="170168" />
  <memory-copied type="tenure" objects="1359930" bytes="76659152" bytesdiscarded="39440" />
  <finalization candidates="110" enqueued="53" />
  <references type="soft" candidates="14" cleared="0" enqueued="0" dynamicThreshold="10" maxThreshold="32" />
  <references type="weak" candidates="1" cleared="0" enqueued="0" />
  <references type="phantom" candidates="95" cleared="7" enqueued="7" />
  <object-monitors candidates="2" cleared="0"  />
</gc-op>
<gc-end id="2351" type="scavenge" contextid="2347" durationms="85.058" usertimems="333.790" systemtimems="0.000" stalltimems="3.662" timestamp="2022-02-08T16:47:36.261" activeThreads="4">
  <mem-info id="2352" free="214776384" total="1073741824" percent="20">
    <mem type="nursery" free="108925536" total="268435456" percent="40">
      <mem type="allocate" free="108925536" total="185139200" percent="58" />
      <mem type="survivor" free="0" total="83296256" percent="0" />
    </mem>
    <mem type="tenure" free="105850848" total="805306368" percent="13" macro-fragmented="0">
      <mem type="soa" free="97797088" total="797252608" percent="12" />
      <mem type="loa" free="8053760" total="8053760" percent="100" />
    </mem>
    <pending-finalizers system="52" default="1" reference="7" classloader="0" />
    <remembered-set count="132" />
  </mem-info>
</gc-end>
<cycle-end id="2353" type="scavenge" contextid="2347" timestamp="2022-02-08T16:47:36.261" />
<allocation-satisfied id="2354" threadId="0000000000016F00" bytesRequested="184" />
<af-end id="2355" timestamp="2022-02-08T16:47:36.261" threadId="0000000000017908" success="true" from="nursery"/>
<exclusive-end id="2356" timestamp="2022-02-08T16:47:36.261" durationms="85.321" />

<concurrent-kickoff id="2357" timestamp="2022-02-08T16:47:36.997">
  <kickoff reason="threshold reached" targetBytes="74462082" thresholdFreeBytes="6174140"  remainingFree="6099552" tenureFreeBytes="105850848" nurseryFreeBytes="6099552" />
</concurrent-kickoff>
<exclusive-start id="2358" timestamp="2022-02-08T16:47:37.001" intervalms="825.317">
  <response-info timems="0.027" idlems="0.027" threads="0" lastid="0000000000016F00" lastname="main" />
</exclusive-start>
<cycle-start id="2359" type="global" contextid="0" timestamp="2022-02-08T16:47:37.001" intervalms="3012.724" />
<concurrent-start id="2360" type="global mark" contextid="2359" timestamp="2022-02-08T16:47:37.001">
</concurrent-start>
<exclusive-end id="2361" timestamp="2022-02-08T16:47:37.001" durationms="0.049" />

<exclusive-start id="2362" timestamp="2022-02-08T16:47:37.148" intervalms="146.998">
  <response-info timems="0.048" idlems="0.048" threads="0" lastid="0000000000016F00" lastname="main" />
</exclusive-start>
<af-start id="2363" threadId="0000000000017908" totalBytesRequested="112" timestamp="2022-02-08T16:47:37.148" intervalms="972.324" type="nursery" />
<cycle-start id="2364" type="scavenge" contextid="0" timestamp="2022-02-08T16:47:37.148" intervalms="972.325" />
<gc-start id="2365" type="scavenge" contextid="2364" timestamp="2022-02-08T16:47:37.148">
  <mem-info id="2366" free="105850848" total="1073741824" percent="9">
    <mem type="nursery" free="0" total="268435456" percent="0">
      <mem type="allocate" free="0" total="185139200" percent="0" />
      <mem type="survivor" free="0" total="83296256" percent="0" />
    </mem>
    <mem type="tenure" free="105850848" total="805306368" percent="13">
      <mem type="soa" free="97797088" total="797252608" percent="12" />
      <mem type="loa" free="8053760" total="8053760" percent="100" />
    </mem>
    <remembered-set count="133" />
  </mem-info>
</gc-start>
<allocation-stats totalBytes="108875040" >
  <allocated-bytes non-tlh="184" tlh="108874856" />
  <largest-consumer threadName="main" threadId="0000000000016F00" bytes="108866848" />
</allocation-stats>
<gc-op id="2367" type="scavenge" timems="87.355" contextid="2364" timestamp="2022-02-08T16:47:37.236">
  <scavenger-info tenureage="1" tenuremask="7ffe" tiltratio="68" />
  <memory-copied type="nursery" objects="1404756" bytes="77571840" bytesdiscarded="187936" />
  <memory-copied type="tenure" objects="1430945" bytes="75575408" bytesdiscarded="40816" />
  <finalization candidates="57" enqueued="0" />
  <object-monitors candidates="2" cleared="0"  />
</gc-op>
<gc-end id="2368" type="scavenge" contextid="2364" durationms="87.542" usertimems="346.335" systemtimems="0.000" stalltimems="2.061" timestamp="2022-02-08T16:47:37.236" activeThreads="4">
  <mem-info id="2369" free="135801984" total="1073741824" percent="12">
    <mem type="nursery" free="105675488" total="268435456" percent="39">
      <mem type="allocate" free="105675488" total="183435264" percent="57" />
      <mem type="survivor" free="0" total="85000192" percent="0" />
    </mem>
    <mem type="tenure" free="30126496" total="805306368" percent="3" macro-fragmented="0">
      <mem type="soa" free="22072736" total="797252608" percent="2" />
      <mem type="loa" free="8053760" total="8053760" percent="100" />
    </mem>
    <remembered-set count="103" />
  </mem-info>
</gc-end>
<cycle-end id="2370" type="scavenge" contextid="2364" timestamp="2022-02-08T16:47:37.236" />
<allocation-satisfied id="2371" threadId="0000000000016F00" bytesRequested="112" />
<af-end id="2372" timestamp="2022-02-08T16:47:37.236" threadId="0000000000017908" success="true" from="nursery"/>
<exclusive-end id="2373" timestamp="2022-02-08T16:47:37.236" durationms="87.893" />

<concurrent-end id="2374" type="global mark" contextid="2359" timestamp="2022-02-08T16:47:37.320">
<gc-op id="2375" type="trace" timems="318.636" contextid="2359" timestamp="2022-02-08T16:47:37.320">
  <trace bytesTraced="74437112" workStackOverflowCount="0" />
  <card-cleaning reason="card cleaning threshold reached" bytesTraced="2488" cardsCleaned="2" />
</gc-op>
</concurrent-end>

<exclusive-start id="2376" timestamp="2022-02-08T16:47:37.320" intervalms="171.739">
  <response-info timems="0.029" idlems="0.029" threads="0" lastid="0000000000016F00" lastname="main" />
</exclusive-start>
<concurrent-global-final id="2377" timestamp="2022-02-08T16:47:37.320" contextid="2359" intervalms="3020.104" >
  <concurrent-trace-info reason="card cleaning threshold reached" tracedByMutators="52913260" tracedByHelpers="21526340" cardsCleaned="2" workStackOverflowCount="0" />
</concurrent-global-final>
<gc-start id="2378" type="global" contextid="2359" timestamp="2022-02-08T16:47:37.320">
  <mem-info id="2379" free="130591760" total="1073741824" percent="12">
    <mem type="nursery" free="100465264" total="268435456" percent="37">
      <mem type="allocate" free="100465264" total="183435264" percent="54" />
      <mem type="survivor" free="0" total="85000192" percent="0" />
    </mem>
    <mem type="tenure" free="30126496" total="805306368" percent="3">
      <mem type="soa" free="22072736" total="797252608" percent="2" />
      <mem type="loa" free="8053760" total="8053760" percent="100" />
    </mem>
    <remembered-set count="103" />
  </mem-info>
</gc-start>
<allocation-stats totalBytes="5207952" >
  <allocated-bytes non-tlh="112" tlh="5207840" />
  <largest-consumer threadName="main" threadId="0000000000016F00" bytes="5207952" />
</allocation-stats>
<gc-op id="2380" type="rs-scan" timems="0.583" contextid="2359" timestamp="2022-02-08T16:47:37.321">
  <scan objectsFound="0" bytesTraced="3988" workStackOverflowCount="0" />
</gc-op>
<gc-op id="2381" type="card-cleaning" timems="155.357" contextid="2359" timestamp="2022-02-08T16:47:37.476">
  <card-cleaning cardsCleaned="11" bytesTraced="71019204" workStackOverflowCount="0" />
</gc-op>
<gc-op id="2382" type="mark" timems="62.176" contextid="2359" timestamp="2022-02-08T16:47:37.538">
  <trace-info objectcount="2202459" scancount="1653372" scanbytes="35339624" />
  <finalization candidates="428" enqueued="57" />
  <ownableSynchronizers candidates="1" cleared="0" />
  <references type="soft" candidates="894" cleared="0" enqueued="0" dynamicThreshold="10" maxThreshold="32" />
  <references type="weak" candidates="1701" cleared="0" enqueued="0" />
  <references type="phantom" candidates="52" cleared="2" enqueued="2" />
  <stringconstants candidates="6470" cleared="0"  />
  <object-monitors candidates="2" cleared="0"  />
</gc-op>
<gc-op id="2383" type="sweep" timems="5.082" contextid="2359" timestamp="2022-02-08T16:47:37.543" />
<gc-end id="2384" type="global" contextid="2359" durationms="223.384" usertimems="234.945" systemtimems="4.154" stalltimems="186.292" timestamp="2022-02-08T16:47:37.543" activeThreads="4">
  <mem-info id="2385" free="373951200" total="1073741824" percent="34">
    <mem type="nursery" free="100744896" total="268435456" percent="37">
      <mem type="allocate" free="100744896" total="183435264" percent="54" />
      <mem type="survivor" free="0" total="85000192" percent="0" />
    </mem>
    <mem type="tenure" free="273206304" total="805306368" percent="33" micro-fragmented="273081" macro-fragmented="0">
      <mem type="soa" free="265152544" total="797252608" percent="33" />
      <mem type="loa" free="8053760" total="8053760" percent="100" />
    </mem>
    <pending-finalizers system="57" default="0" reference="2" classloader="0" />
    <remembered-set count="103" />
  </mem-info>
</gc-end>
<cycle-end id="2386" type="global" contextid="2359" timestamp="2022-02-08T16:47:37.544" />
<exclusive-end id="2387" timestamp="2022-02-08T16:47:37.544" durationms="223.638" />

<exclusive-start id="2388" timestamp="2022-02-08T16:47:38.184" intervalms="863.745">
  <response-info timems="0.023" idlems="0.023" threads="0" lastid="0000000000016F00" lastname="main" />
</exclusive-start>
<af-start id="2389" threadId="0000000000017908" totalBytesRequested="88" timestamp="2022-02-08T16:47:38.184" intervalms="1035.468" type="nursery" />
<cycle-start id="2390" type="scavenge" contextid="0" timestamp="2022-02-08T16:47:38.184" intervalms="1035.467" />
<gc-start id="2391" type="scavenge" contextid="2390" timestamp="2022-02-08T16:47:38.184">
  <mem-info id="2392" free="273206304" total="1073741824" percent="25">
    <mem type="nursery" free="0" total="268435456" percent="0">
      <mem type="allocate" free="0" total="183435264" percent="0" />
      <mem type="survivor" free="0" total="85000192" percent="0" />
    </mem>
    <mem type="tenure" free="273206304" total="805306368" percent="33">
      <mem type="soa" free="265152544" total="797252608" percent="33" />
      <mem type="loa" free="8053760" total="8053760" percent="100" />
    </mem>
    <remembered-set count="106" />
  </mem-info>
</gc-start>
<allocation-stats totalBytes="100699912" >
  <allocated-bytes non-tlh="0" tlh="100699912" />
  <largest-consumer threadName="main" threadId="0000000000016F00" bytes="100695816" />
</allocation-stats>
<gc-op id="2393" type="scavenge" timems="83.736" contextid="2390" timestamp="2022-02-08T16:47:38.268">
  <scavenger-info tenureage="1" tenuremask="7ffe" tiltratio="68" />
  <memory-copied type="nursery" objects="1317647" bytes="75165352" bytesdiscarded="187680" />
  <memory-copied type="tenure" objects="1404756" bytes="77571840" bytesdiscarded="44040" />
  <ownableSynchronizers candidates="2" cleared="2" />
  <object-monitors candidates="2" cleared="0"  />
</gc-op>
<gc-end id="2394" type="scavenge" contextid="2390" durationms="83.929" usertimems="330.569" systemtimems="0.000" stalltimems="3.484" timestamp="2022-02-08T16:47:38.268" activeThreads="4">
  <mem-info id="2395" free="303590808" total="1073741824" percent="28">
    <mem type="nursery" free="108278840" total="268435456" percent="40">
      <mem type="allocate" free="108278840" total="183631872" percent="58" />
      <mem type="survivor" free="0" total="84803584" percent="0" />
    </mem>
    <mem type="tenure" free="195311968" total="805306368" percent="24" macro-fragmented="290741">
      <mem type="soa" free="187258208" total="797252608" percent="23" />
      <mem type="loa" free="8053760" total="8053760" percent="100" />
    </mem>
    <remembered-set count="105" />
  </mem-info>
</gc-end>
<cycle-end id="2396" type="scavenge" contextid="2390" timestamp="2022-02-08T16:47:38.268" />
<allocation-satisfied id="2397" threadId="0000000000016F00" bytesRequested="88" />
<af-end id="2398" timestamp="2022-02-08T16:47:38.268" threadId="0000000000017908" success="true" from="nursery"/>
<exclusive-end id="2399" timestamp="2022-02-08T16:47:38.268" durationms="84.208" />

<exclusive-start id="2400" timestamp="2022-02-08T16:47:39.211" intervalms="1027.221">
  <response-info timems="0.020" idlems="0.020" threads="0" lastid="0000000000016F00" lastname="main" />
</exclusive-start>
<af-start id="2401" threadId="0000000000017908" totalBytesRequested="104" timestamp="2022-02-08T16:47:39.211" intervalms="1027.222" type="nursery" />
<cycle-start id="2402" type="scavenge" contextid="0" timestamp="2022-02-08T16:47:39.211" intervalms="1027.221" />
<gc-start id="2403" type="scavenge" contextid="2402" timestamp="2022-02-08T16:47:39.211">
  <mem-info id="2404" free="195311968" total="1073741824" percent="18">
    <mem type="nursery" free="0" total="268435456" percent="0">
      <mem type="allocate" free="0" total="183631872" percent="0" />
      <mem type="survivor" free="0" total="84803584" percent="0" />
    </mem>
    <mem type="tenure" free="195311968" total="805306368" percent="24">
      <mem type="soa" free="187258208" total="797252608" percent="23" />
      <mem type="loa" free="8053760" total="8053760" percent="100" />
    </mem>
    <remembered-set count="136" />
  </mem-info>
</gc-start>
<allocation-stats totalBytes="108234616" >
  <allocated-bytes non-tlh="1493856" tlh="106740760" />
  <largest-consumer threadName="main" threadId="0000000000016F00" bytes="108234616" />
</allocation-stats>
<gc-op id="2405" type="scavenge" timems="86.402" contextid="2402" timestamp="2022-02-08T16:47:39.297">
  <scavenger-info tenureage="1" tenuremask="7ffe" tiltratio="68" />
  <memory-copied type="nursery" objects="1489495" bytes="76241704" bytesdiscarded="224208" />
  <memory-copied type="tenure" objects="1317646" bytes="75165296" bytesdiscarded="36912" />
  <finalization candidates="109" enqueued="53" />
  <references type="soft" candidates="14" cleared="0" enqueued="0" dynamicThreshold="10" maxThreshold="32" />
  <references type="weak" candidates="1" cleared="0" enqueued="0" />
  <references type="phantom" candidates="94" cleared="7" enqueued="7" />
  <object-monitors candidates="2" cleared="0"  />
</gc-op>
<gc-end id="2406" type="scavenge" contextid="2402" durationms="86.626" usertimems="335.337" systemtimems="0.034" stalltimems="2.918" timestamp="2022-02-08T16:47:39.298" activeThreads="4">
  <mem-info id="2407" free="227568168" total="1073741824" percent="21">
    <mem type="nursery" free="107427976" total="268435456" percent="40">
      <mem type="allocate" free="107427976" total="183894016" percent="58" />
      <mem type="survivor" free="0" total="84541440" percent="0" />
    </mem>
    <mem type="tenure" free="120140192" total="805306368" percent="14" macro-fragmented="0">
      <mem type="soa" free="112086432" total="797252608" percent="14" />
      <mem type="loa" free="8053760" total="8053760" percent="100" />
    </mem>
    <pending-finalizers system="52" default="1" reference="7" classloader="0" />
    <remembered-set count="132" />
  </mem-info>
</gc-end>
<cycle-end id="2408" type="scavenge" contextid="2402" timestamp="2022-02-08T16:47:39.298" />
<allocation-satisfied id="2409" threadId="0000000000016F00" bytesRequested="104" />
<af-end id="2410" timestamp="2022-02-08T16:47:39.298" threadId="0000000000017908" success="true" from="nursery"/>
<exclusive-end id="2411" timestamp="2022-02-08T16:47:39.298" durationms="86.961" />

<concurrent-kickoff id="2412" timestamp="2022-02-08T16:47:40.002">
  <kickoff reason="threshold reached" targetBytes="74457787" thresholdFreeBytes="6176006"  remainingFree="6096832" tenureFreeBytes="120140192" nurseryFreeBytes="6096832" />
</concurrent-kickoff>
<exclusive-start id="2413" timestamp="2022-02-08T16:47:40.005" intervalms="794.427">
  <response-info timems="0.017" idlems="0.017" threads="0" lastid="0000000000016F00" lastname="main" />
</exclusive-start>
<cycle-start id="2414" type="global" contextid="0" timestamp="2022-02-08T16:47:40.005" intervalms="3004.112" />
<concurrent-start id="2415" type="global mark" contextid="2414" timestamp="2022-02-08T16:47:40.005">
</concurrent-start>
<exclusive-end id="2416" timestamp="2022-02-08T16:47:40.005" durationms="0.028" />

<exclusive-start id="2417" timestamp="2022-02-08T16:47:40.150" intervalms="144.371">
  <response-info timems="0.021" idlems="0.021" threads="0" lastid="0000000000016F00" lastname="main" />
</exclusive-start>
<af-start id="2418" threadId="0000000000017908" totalBytesRequested="24" timestamp="2022-02-08T16:47:40.150" intervalms="938.821" type="nursery" />
<cycle-start id="2419" type="scavenge" contextid="0" timestamp="2022-02-08T16:47:40.150" intervalms="938.826" />
<gc-start id="2420" type="scavenge" contextid="2419" timestamp="2022-02-08T16:47:40.150">
  <mem-info id="2421" free="120140192" total="1073741824" percent="11">
    <mem type="nursery" free="0" total="268435456" percent="0">
      <mem type="allocate" free="0" total="183894016" percent="0" />
      <mem type="survivor" free="0" total="84541440" percent="0" />
    </mem>
    <mem type="tenure" free="120140192" total="805306368" percent="14">
      <mem type="soa" free="112086432" total="797252608" percent="14" />
      <mem type="loa" free="8053760" total="8053760" percent="100" />
    </mem>
    <remembered-set count="133" />
  </mem-info>
</gc-start>
<allocation-stats totalBytes="107376136" >
  <allocated-bytes non-tlh="1347784" tlh="106028352" />
  <largest-consumer threadName="main" threadId="0000000000016F00" bytes="107367944" />
</allocation-stats>
<gc-op id="2422" type="scavenge" timems="80.040" contextid="2419" timestamp="2022-02-08T16:47:40.230">
  <scavenger-info tenureage="1" tenuremask="7ffe" tiltratio="68" />
  <memory-copied type="nursery" objects="1350991" bytes="76853552" bytesdiscarded="156952" />
  <memory-copied type="tenure" objects="1488776" bytes="75298536" bytesdiscarded="37280" />
  <finalization candidates="57" enqueued="0" />
  <references type="phantom" candidates="1" cleared="0" enqueued="0" />
  <object-monitors candidates="2" cleared="0"  />
</gc-op>
<gc-end id="2423" type="scavenge" contextid="2419" durationms="80.341" usertimems="310.349" systemtimems="1.147" stalltimems="4.955" timestamp="2022-02-08T16:47:40.230" activeThreads="4">
  <mem-info id="2424" free="152295200" total="1073741824" percent="14">
    <mem type="nursery" free="107538872" total="268435456" percent="40">
      <mem type="allocate" free="107538872" total="184549376" percent="58" />
      <mem type="survivor" free="0" total="83886080" percent="0" />
    </mem>
    <mem type="tenure" free="44756328" total="805306368" percent="5" macro-fragmented="24624">
      <mem type="soa" free="36702568" total="797252608" percent="4" />
      <mem type="loa" free="8053760" total="8053760" percent="100" />
    </mem>
    <remembered-set count="102" />
  </mem-info>
</gc-end>
<cycle-end id="2425" type="scavenge" contextid="2419" timestamp="2022-02-08T16:47:40.230" />
<allocation-satisfied id="2426" threadId="0000000000016F00" bytesRequested="24" />
<af-end id="2427" timestamp="2022-02-08T16:47:40.230" threadId="0000000000017908" success="true" from="nursery"/>
<exclusive-end id="2428" timestamp="2022-02-08T16:47:40.230" durationms="80.732" />

<concurrent-end id="2429" type="global mark" contextid="2414" timestamp="2022-02-08T16:47:40.325">
<gc-op id="2430" type="trace" timems="319.804" contextid="2414" timestamp="2022-02-08T16:47:40.325">
  <trace bytesTraced="74435320" workStackOverflowCount="0" />
  <card-cleaning reason="card cleaning threshold reached" bytesTraced="188" cardsCleaned="1" />
</gc-op>
</concurrent-end>

<exclusive-start id="2431" timestamp="2022-02-08T16:47:40.325" intervalms="175.503">
  <response-info timems="0.018" idlems="0.018" threads="0" lastid="0000000000016F00" lastname="main" />
</exclusive-start>
<concurrent-global-final id="2432" timestamp="2022-02-08T16:47:40.325" contextid="2414" intervalms="3005.265" >
  <concurrent-trace-info reason="card cleaning threshold reached" tracedByMutators="54476868" tracedByHelpers="19958640" cardsCleaned="1" workStackOverflowCount="0" />
</concurrent-global-final>
<gc-start id="2433" type="global" contextid="2414" timestamp="2022-02-08T16:47:40.325">
  <mem-info id="2434" free="146953992" total="1073741824" percent="13">
    <mem type="nursery" free="102197664" total="268435456" percent="38">
      <mem type="allocate" free="102197664" total="184549376" percent="55" />
      <mem type="survivor" free="0" total="83886080" percent="0" />
    </mem>
    <mem type="tenure" free="44756328" total="805306368" percent="5">
      <mem type="soa" free="36702568" total="797252608" percent="4" />
      <mem type="loa" free="8053760" total="8053760" percent="100" />
    </mem>
    <remembered-set count="102" />
  </mem-info>
</gc-start>
<allocation-stats totalBytes="5338304" >
  <allocated-bytes non-tlh="24" tlh="5338280" />
  <largest-consumer threadName="main" threadId="0000000000016F00" bytes="5338304" />
</allocation-stats>
<gc-op id="2435" type="rs-scan" timems="0.540" contextid="2414" timestamp="2022-02-08T16:47:40.326">
  <scan objectsFound="29" bytesTraced="5420" workStackOverflowCount="0" />
</gc-op>
<gc-op id="2436" type="card-cleaning" timems="156.740" contextid="2414" timestamp="2022-02-08T16:47:40.483">
  <card-cleaning cardsCleaned="9" bytesTraced="71017300" workStackOverflowCount="0" />
</gc-op>
<gc-op id="2437" type="mark" timems="54.491" contextid="2414" timestamp="2022-02-08T16:47:40.537">
  <trace-info objectcount="1929211" scancount="1448436" scanbytes="30967656" />
  <finalization candidates="428" enqueued="57" />
  <ownableSynchronizers candidates="1" cleared="0" />
  <references type="soft" candidates="894" cleared="0" enqueued="0" dynamicThreshold="10" maxThreshold="32" />
  <references type="weak" candidates="1701" cleared="0" enqueued="0" />
  <references type="phantom" candidates="52" cleared="2" enqueued="2" />
  <stringconstants candidates="6470" cleared="0"  />
  <object-monitors candidates="2" cleared="0"  />
</gc-op>
<gc-op id="2438" type="sweep" timems="4.933" contextid="2414" timestamp="2022-02-08T16:47:40.542" />
<gc-end id="2439" type="global" contextid="2414" durationms="216.899" usertimems="230.745" systemtimems="0.000" stalltimems="163.287" timestamp="2022-02-08T16:47:40.542" activeThreads="4">
  <mem-info id="2440" free="390234208" total="1073741824" percent="36">
    <mem type="nursery" free="102445672" total="268435456" percent="38">
      <mem type="allocate" free="102445672" total="184549376" percent="55" />
      <mem type="survivor" free="0" total="83886080" percent="0" />
    </mem>
    <mem type="tenure" free="287788536" total="805306368" percent="35" micro-fragmented="274957" macro-fragmented="0">
      <mem type="soa" free="279734776" total="797252608" percent="35" />
      <mem type="loa" free="8053760" total="8053760" percent="100" />
    </mem>
    <pending-finalizers system="57" default="0" reference="2" classloader="0" />
    <remembered-set count="102" />
  </mem-info>
</gc-end>
<cycle-end id="2441" type="global" contextid="2414" timestamp="2022-02-08T16:47:40.542" />
<exclusive-end id="2442" timestamp="2022-02-08T16:47:40.542" durationms="217.095" />

<exclusive-start id="2443" timestamp="2022-02-08T16:47:41.216" intervalms="890.987">
  <response-info timems="0.044" idlems="0.044" threads="0" lastid="0000000000016F00" lastname="main" />
</exclusive-start>
<af-start id="2444" threadId="0000000000017908" totalBytesRequested="112" timestamp="2022-02-08T16:47:41.216" intervalms="1066.687" type="nursery" />
<cycle-start id="2445" type="scavenge" contextid="0" timestamp="2022-02-08T16:47:41.217" intervalms="1066.745" />
<gc-start id="2446" type="scavenge" contextid="2445" timestamp="2022-02-08T16:47:41.217">
  <mem-info id="2447" free="287788536" total="1073741824" percent="26">
    <mem type="nursery" free="0" total="268435456" percent="0">
      <mem type="allocate" free="0" total="184549376" percent="0" />
      <mem type="survivor" free="0" total="83886080" percent="0" />
    </mem>
    <mem type="tenure" free="287788536" total="805306368" percent="35">
      <mem type="soa" free="279734776" total="797252608" percent="35" />
      <mem type="loa" free="8053760" total="8053760" percent="100" />
    </mem>
    <remembered-set count="105" />
  </mem-info>
</gc-start>
<allocation-stats totalBytes="102399280" >
  <allocated-bytes non-tlh="0" tlh="102399280" />
  <largest-consumer threadName="main" threadId="0000000000016F00" bytes="102395184" />
</allocation-stats>
<gc-op id="2448" type="scavenge" timems="84.557" contextid="2445" timestamp="2022-02-08T16:47:41.301">
  <scavenger-info tenureage="1" tenuremask="7ffe" tiltratio="68" />
  <memory-copied type="nursery" objects="1358508" bytes="76530408" bytesdiscarded="258872" />
  <memory-copied type="tenure" objects="1350991" bytes="76853552" bytesdiscarded="42136" />
  <finalization candidates="1" enqueued="0" />
  <ownableSynchronizers candidates="2" cleared="2" />
  <object-monitors candidates="2" cleared="0"  />
</gc-op>
<gc-end id="2449" type="scavenge" contextid="2445" durationms="84.763" usertimems="331.022" systemtimems="0.000" stalltimems="3.807" timestamp="2022-02-08T16:47:41.301" activeThreads="4">
  <mem-info id="2450" free="318713744" total="1073741824" percent="29">
    <mem type="nursery" free="107956704" total="268435456" percent="40">
      <mem type="allocate" free="107956704" total="184745984" percent="58" />
      <mem type="survivor" free="0" total="83689472" percent="0" />
    </mem>
    <mem type="tenure" free="210757040" total="805306368" percent="26" macro-fragmented="502401">
      <mem type="soa" free="202703280" total="797252608" percent="25" />
      <mem type="loa" free="8053760" total="8053760" percent="100" />
    </mem>
    <remembered-set count="104" />
  </mem-info>
</gc-end>
<cycle-end id="2451" type="scavenge" contextid="2445" timestamp="2022-02-08T16:47:41.302" />
<allocation-satisfied id="2452" threadId="0000000000016F00" bytesRequested="112" />
<af-end id="2453" timestamp="2022-02-08T16:47:41.302" threadId="0000000000017908" success="true" from="nursery"/>
<exclusive-end id="2454" timestamp="2022-02-08T16:47:41.302" durationms="85.388" />

<exclusive-start id="2455" timestamp="2022-02-08T16:47:42.223" intervalms="1006.509">
  <response-info timems="0.020" idlems="0.020" threads="0" lastid="0000000000016F00" lastname="main" />
</exclusive-start>
<af-start id="2456" threadId="0000000000017908" totalBytesRequested="240" timestamp="2022-02-08T16:47:42.223" intervalms="1006.289" type="nursery" />
<cycle-start id="2457" type="scavenge" contextid="0" timestamp="2022-02-08T16:47:42.223" intervalms="1006.227" />
<gc-start id="2458" type="scavenge" contextid="2457" timestamp="2022-02-08T16:47:42.223">
  <mem-info id="2459" free="210757040" total="1073741824" percent="19">
    <mem type="nursery" free="0" total="268435456" percent="0">
      <mem type="allocate" free="0" total="184745984" percent="0" />
      <mem type="survivor" free="0" total="83689472" percent="0" />
    </mem>
    <mem type="tenure" free="210757040" total="805306368" percent="26">
      <mem type="soa" free="202703280" total="797252608" percent="25" />
      <mem type="loa" free="8053760" total="8053760" percent="100" />
    </mem>
    <remembered-set count="135" />
  </mem-info>
</gc-start>
<allocation-stats totalBytes="107910096" >
  <allocated-bytes non-tlh="1493880" tlh="106416216" />
  <largest-consumer threadName="main" threadId="0000000000016F00" bytes="107910096" />
</allocation-stats>
<gc-op id="2460" type="scavenge" timems="88.210" contextid="2457" timestamp="2022-02-08T16:47:42.311">
  <scavenger-info tenureage="1" tenuremask="7ffe" tiltratio="68" />
  <memory-copied type="nursery" objects="1492428" bytes="76003176" bytesdiscarded="94040" />
  <memory-copied type="tenure" objects="1358508" bytes="76530408" bytesdiscarded="43424" />
  <finalization candidates="109" enqueued="53" />
  <references type="soft" candidates="14" cleared="0" enqueued="0" dynamicThreshold="11" maxThreshold="32" />
  <references type="weak" candidates="1" cleared="0" enqueued="0" />
  <references type="phantom" candidates="94" cleared="7" enqueued="7" />
  <object-monitors candidates="2" cleared="0"  />
</gc-op>
<gc-end id="2461" type="scavenge" contextid="2457" durationms="88.431" usertimems="345.057" systemtimems="0.000" stalltimems="5.155" timestamp="2022-02-08T16:47:42.311" activeThreads="4">
  <mem-info id="2462" free="242972760" total="1073741824" percent="22">
    <mem type="nursery" free="108845248" total="268435456" percent="40">
      <mem type="allocate" free="108845248" total="184942592" percent="58" />
      <mem type="survivor" free="0" total="83492864" percent="0" />
    </mem>
    <mem type="tenure" free="134127512" total="805306368" percent="16" macro-fragmented="0">
      <mem type="soa" free="126073752" total="797252608" percent="15" />
      <mem type="loa" free="8053760" total="8053760" percent="100" />
    </mem>
    <pending-finalizers system="52" default="1" reference="7" classloader="0" />
    <remembered-set count="132" />
  </mem-info>
</gc-end>
<cycle-end id="2463" type="scavenge" contextid="2457" timestamp="2022-02-08T16:47:42.311" />
<allocation-satisfied id="2464" threadId="0000000000016F00" bytesRequested="240" />
<af-end id="2465" timestamp="2022-02-08T16:47:42.311" threadId="0000000000017908" success="true" from="nursery"/>
<exclusive-end id="2466" timestamp="2022-02-08T16:47:42.311" durationms="88.719" />

<concurrent-kickoff id="2467" timestamp="2022-02-08T16:47:43.025">
  <kickoff reason="threshold reached" targetBytes="74453241" thresholdFreeBytes="6155630"  remainingFree="6150336" tenureFreeBytes="134127512" nurseryFreeBytes="6150336" />
</concurrent-kickoff>
<exclusive-start id="2468" timestamp="2022-02-08T16:47:43.028" intervalms="805.327">
  <response-info timems="0.021" idlems="0.021" threads="0" lastid="0000000000016F00" lastname="main" />
</exclusive-start>
<cycle-start id="2469" type="global" contextid="0" timestamp="2022-02-08T16:47:43.028" intervalms="3022.698" />
<concurrent-start id="2470" type="global mark" contextid="2469" timestamp="2022-02-08T16:47:43.028">
</concurrent-start>
<exclusive-end id="2471" timestamp="2022-02-08T16:47:43.028" durationms="0.029" />

<exclusive-start id="2472" timestamp="2022-02-08T16:47:43.176" intervalms="147.959">
  <response-info timems="0.040" idlems="0.040" threads="0" lastid="0000000000016F00" lastname="main" />
</exclusive-start>
<af-start id="2473" threadId="0000000000017908" totalBytesRequested="104" timestamp="2022-02-08T16:47:43.176" intervalms="953.286" type="nursery" />
<cycle-start id="2474" type="scavenge" contextid="0" timestamp="2022-02-08T16:47:43.176" intervalms="953.286" />
<gc-start id="2475" type="scavenge" contextid="2474" timestamp="2022-02-08T16:47:43.176">
  <mem-info id="2476" free="134127512" total="1073741824" percent="12">
    <mem type="nursery" free="0" total="268435456" percent="0">
      <mem type="allocate" free="0" total="184942592" percent="0" />
      <mem type="survivor" free="0" total="83492864" percent="0" />
    </mem>
    <mem type="tenure" free="134127512" total="805306368" percent="16">
      <mem type="soa" free="126073752" total="797252608" percent="15" />
      <mem type="loa" free="8053760" total="8053760" percent="100" />
    </mem>
    <remembered-set count="133" />
  </mem-info>
</gc-start>
<allocation-stats totalBytes="108789648" >
  <allocated-bytes non-tlh="1347920" tlh="107441728" />
  <largest-consumer threadName="main" threadId="0000000000016F00" bytes="108781456" />
</allocation-stats>
<gc-op id="2477" type="scavenge" timems="84.741" contextid="2474" timestamp="2022-02-08T16:47:43.261">
  <scavenger-info tenureage="1" tenuremask="7ffe" tiltratio="68" />
  <memory-copied type="nursery" objects="1352929" bytes="77831592" bytesdiscarded="181688" />
  <memory-copied type="tenure" objects="1491708" bytes="75059880" bytesdiscarded="38472" />
  <finalization candidates="57" enqueued="0" />
  <references type="phantom" candidates="1" cleared="0" enqueued="0" />
  <object-monitors candidates="2" cleared="0"  />
</gc-op>
<gc-end id="2478" type="scavenge" contextid="2474" durationms="84.920" usertimems="332.238" systemtimems="0.191" stalltimems="3.355" timestamp="2022-02-08T16:47:43.261" activeThreads="4">
  <mem-info id="2479" free="163894896" total="1073741824" percent="15">
    <mem type="nursery" free="104897696" total="268435456" percent="39">
      <mem type="allocate" free="104897696" total="182910976" percent="57" />
      <mem type="survivor" free="0" total="85524480" percent="0" />
    </mem>
    <mem type="tenure" free="58997200" total="805306368" percent="7" macro-fragmented="39939376">
      <mem type="soa" free="50943440" total="797252608" percent="6" />
      <mem type="loa" free="8053760" total="8053760" percent="100" />
    </mem>
    <remembered-set count="102" />
  </mem-info>
</gc-end>
<cycle-end id="2480" type="scavenge" contextid="2474" timestamp="2022-02-08T16:47:43.261" />
<allocation-satisfied id="2481" threadId="0000000000016F00" bytesRequested="104" />
<af-end id="2482" timestamp="2022-02-08T16:47:43.261" threadId="0000000000017908" success="true" from="nursery"/>
<exclusive-end id="2483" timestamp="2022-02-08T16:47:43.261" durationms="85.189" />

<concurrent-end id="2484" type="global mark" contextid="2469" timestamp="2022-02-08T16:47:43.348">
<gc-op id="2485" type="trace" timems="319.939" contextid="2469" timestamp="2022-02-08T16:47:43.348">
  <trace bytesTraced="74435480" workStackOverflowCount="0" />
  <card-cleaning reason="card cleaning threshold reached" bytesTraced="188" cardsCleaned="1" />
</gc-op>
</concurrent-end>

<exclusive-start id="2486" timestamp="2022-02-08T16:47:43.348" intervalms="172.059">
  <response-info timems="0.022" idlems="0.022" threads="0" lastid="0000000000016F00" lastname="main" />
</exclusive-start>
<concurrent-global-final id="2487" timestamp="2022-02-08T16:47:43.348" contextid="2469" intervalms="3022.844" >
  <concurrent-trace-info reason="card cleaning threshold reached" tracedByMutators="53635720" tracedByHelpers="20799948" cardsCleaned="1" workStackOverflowCount="0" />
</concurrent-global-final>
<gc-start id="2488" type="global" contextid="2469" timestamp="2022-02-08T16:47:43.348">
  <mem-info id="2489" free="158291464" total="1073741824" percent="14">
    <mem type="nursery" free="99294264" total="268435456" percent="36">
      <mem type="allocate" free="99294264" total="182910976" percent="54" />
      <mem type="survivor" free="0" total="85524480" percent="0" />
    </mem>
    <mem type="tenure" free="58997200" total="805306368" percent="7">
      <mem type="soa" free="50943440" total="797252608" percent="6" />
      <mem type="loa" free="8053760" total="8053760" percent="100" />
    </mem>
    <remembered-set count="102" />
  </mem-info>
</gc-start>
<allocation-stats totalBytes="5600512" >
  <allocated-bytes non-tlh="104" tlh="5600408" />
  <largest-consumer threadName="main" threadId="0000000000016F00" bytes="5600512" />
</allocation-stats>
<gc-op id="2490" type="rs-scan" timems="0.611" contextid="2469" timestamp="2022-02-08T16:47:43.349">
  <scan objectsFound="29" bytesTraced="5420" workStackOverflowCount="0" />
</gc-op>
<gc-op id="2491" type="card-cleaning" timems="156.870" contextid="2469" timestamp="2022-02-08T16:47:43.506">
  <card-cleaning cardsCleaned="9" bytesTraced="71017348" workStackOverflowCount="0" />
</gc-op>
<gc-op id="2492" type="mark" timems="47.412" contextid="2469" timestamp="2022-02-08T16:47:43.553">
  <trace-info objectcount="1701491" scancount="1277645" scanbytes="27324160" />
  <finalization candidates="428" enqueued="57" />
  <ownableSynchronizers candidates="1" cleared="0" />
  <references type="soft" candidates="894" cleared="0" enqueued="0" dynamicThreshold="11" maxThreshold="32" />
  <references type="weak" candidates="1701" cleared="0" enqueued="0" />
  <references type="phantom" candidates="52" cleared="2" enqueued="2" />
  <stringconstants candidates="6470" cleared="0"  />
  <object-monitors candidates="2" cleared="0"  />
</gc-op>
<gc-op id="2493" type="sweep" timems="5.284" contextid="2469" timestamp="2022-02-08T16:47:43.558" />
<gc-end id="2494" type="global" contextid="2469" durationms="210.441" usertimems="227.851" systemtimems="0.000" stalltimems="141.447" timestamp="2022-02-08T16:47:43.559" activeThreads="4">
  <mem-info id="2495" free="401516816" total="1073741824" percent="37">
    <mem type="nursery" free="99566632" total="268435456" percent="37">
      <mem type="allocate" free="99566632" total="182910976" percent="54" />
      <mem type="survivor" free="0" total="85524480" percent="0" />
    </mem>
    <mem type="tenure" free="301950184" total="805306368" percent="37" micro-fragmented="258246" macro-fragmented="0">
      <mem type="soa" free="293896424" total="797252608" percent="36" />
      <mem type="loa" free="8053760" total="8053760" percent="100" />
    </mem>
    <pending-finalizers system="57" default="0" reference="2" classloader="0" />
    <remembered-set count="102" />
  </mem-info>
</gc-end>
<cycle-end id="2496" type="global" contextid="2469" timestamp="2022-02-08T16:47:43.559" />
<exclusive-end id="2497" timestamp="2022-02-08T16:47:43.559" durationms="210.648" />

<exclusive-start id="2498" timestamp="2022-02-08T16:47:44.222" intervalms="874.443">
  <response-info timems="0.036" idlems="0.036" threads="0" lastid="0000000000016F00" lastname="main" />
</exclusive-start>
<af-start id="2499" threadId="0000000000017908" totalBytesRequested="112" timestamp="2022-02-08T16:47:44.223" intervalms="1046.513" type="nursery" />
<cycle-start id="2500" type="scavenge" contextid="0" timestamp="2022-02-08T16:47:44.223" intervalms="1046.513" />
<gc-start id="2501" type="scavenge" contextid="2500" timestamp="2022-02-08T16:47:44.223">
  <mem-info id="2502" free="301950184" total="1073741824" percent="28">
    <mem type="nursery" free="0" total="268435456" percent="0">
      <mem type="allocate" free="0" total="182910976" percent="0" />
      <mem type="survivor" free="0" total="85524480" percent="0" />
    </mem>
    <mem type="tenure" free="301950184" total="805306368" percent="37">
      <mem type="soa" free="293896424" total="797252608" percent="36" />
      <mem type="loa" free="8053760" total="8053760" percent="100" />
    </mem>
    <remembered-set count="105" />
  </mem-info>
</gc-start>
<allocation-stats totalBytes="99523432" >
  <allocated-bytes non-tlh="0" tlh="99523432" />
  <largest-consumer threadName="main" threadId="0000000000016F00" bytes="99519336" />
</allocation-stats>
<gc-op id="2503" type="scavenge" timems="83.890" contextid="2500" timestamp="2022-02-08T16:47:44.307">
  <scavenger-info tenureage="1" tenuremask="7ffe" tiltratio="68" />
  <memory-copied type="nursery" objects="1325506" bytes="74675176" bytesdiscarded="75504" />
  <memory-copied type="tenure" objects="1352929" bytes="77831592" bytesdiscarded="46280" />
  <finalization candidates="1" enqueued="0" />
  <ownableSynchronizers candidates="2" cleared="2" />
  <object-monitors candidates="2" cleared="0"  />
</gc-op>
<gc-end id="2504" type="scavenge" contextid="2500" durationms="84.097" usertimems="330.799" systemtimems="0.000" stalltimems="3.470" timestamp="2022-02-08T16:47:44.307" activeThreads="4">
  <mem-info id="2505" free="332179856" total="1073741824" percent="30">
    <mem type="nursery" free="108422440" total="268435456" percent="40">
      <mem type="allocate" free="108422440" total="183173120" percent="59" />
      <mem type="survivor" free="0" total="85262336" percent="0" />
    </mem>
    <mem type="tenure" free="223757416" total="805306368" percent="27" macro-fragmented="0">
      <mem type="soa" free="215703656" total="797252608" percent="27" />
      <mem type="loa" free="8053760" total="8053760" percent="100" />
    </mem>
    <remembered-set count="105" />
  </mem-info>
</gc-end>
<cycle-end id="2506" type="scavenge" contextid="2500" timestamp="2022-02-08T16:47:44.307" />
<allocation-satisfied id="2507" threadId="0000000000016F00" bytesRequested="112" />
<af-end id="2508" timestamp="2022-02-08T16:47:44.307" threadId="0000000000017908" success="true" from="nursery"/>
<exclusive-end id="2509" timestamp="2022-02-08T16:47:44.307" durationms="84.358" />

<exclusive-start id="2510" timestamp="2022-02-08T16:47:45.092" intervalms="869.327">
  <response-info timems="0.017" idlems="0.017" threads="0" lastid="0000000000016F00" lastname="main" />
</exclusive-start>
<af-start id="2511" threadId="0000000000017908" totalBytesRequested="24" timestamp="2022-02-08T16:47:45.092" intervalms="869.324" type="nursery" />
<cycle-start id="2512" type="scavenge" contextid="0" timestamp="2022-02-08T16:47:45.092" intervalms="869.325" />
<gc-start id="2513" type="scavenge" contextid="2512" timestamp="2022-02-08T16:47:45.092">
  <mem-info id="2514" free="223757416" total="1073741824" percent="20">
    <mem type="nursery" free="0" total="268435456" percent="0">
      <mem type="allocate" free="0" total="183173120" percent="0" />
      <mem type="survivor" free="0" total="85262336" percent="0" />
    </mem>
    <mem type="tenure" free="223757416" total="805306368" percent="27">
      <mem type="soa" free="215703656" total="797252608" percent="27" />
      <mem type="loa" free="8053760" total="8053760" percent="100" />
    </mem>
    <remembered-set count="122" />
  </mem-info>
</gc-start>
<allocation-stats totalBytes="108373832" >
  <allocated-bytes non-tlh="453816" tlh="107920016" />
  <largest-consumer threadName="main" threadId="0000000000016F00" bytes="108373832" />
</allocation-stats>
<gc-op id="2515" type="scavenge" timems="93.872" contextid="2512" timestamp="2022-02-08T16:47:45.186">
  <scavenger-info tenureage="1" tenuremask="7ffe" tiltratio="68" />
  <memory-copied type="nursery" objects="1399021" bytes="76595608" bytesdiscarded="56040" />
  <memory-copied type="tenure" objects="1325506" bytes="74675176" bytesdiscarded="38192" />
  <finalization candidates="56" enqueued="29" />
  <references type="phantom" candidates="56" cleared="0" enqueued="0" />
  <object-monitors candidates="2" cleared="0"  />
</gc-op>
<gc-end id="2516" type="scavenge" contextid="2512" durationms="94.258" usertimems="363.023" systemtimems="0.582" stalltimems="5.555" timestamp="2022-02-08T16:47:45.186" activeThreads="4">
  <mem-info id="2517" free="255767224" total="1073741824" percent="23">
    <mem type="nursery" free="106587008" total="268435456" percent="39">
      <mem type="allocate" free="106587008" total="183238656" percent="58" />
      <mem type="survivor" free="0" total="85196800" percent="0" />
    </mem>
    <mem type="tenure" free="149180216" total="805306368" percent="18" macro-fragmented="0">
      <mem type="soa" free="141126456" total="797252608" percent="17" />
      <mem type="loa" free="8053760" total="8053760" percent="100" />
    </mem>
    <pending-finalizers system="29" default="0" reference="0" classloader="0" />
    <remembered-set count="121" />
  </mem-info>
</gc-end>
<cycle-end id="2518" type="scavenge" contextid="2512" timestamp="2022-02-08T16:47:45.186" />
<allocation-satisfied id="2519" threadId="0000000000016F00" bytesRequested="24" />
<af-end id="2520" timestamp="2022-02-08T16:47:45.186" threadId="0000000000017908" success="true" from="nursery"/>
<exclusive-end id="2521" timestamp="2022-02-08T16:47:45.186" durationms="94.528" />

<concurrent-kickoff id="2522" timestamp="2022-02-08T16:47:45.973">
  <kickoff reason="threshold reached" targetBytes="74449666" thresholdFreeBytes="6149397"  remainingFree="6054984" tenureFreeBytes="149180216" nurseryFreeBytes="6054984" />
</concurrent-kickoff>
<exclusive-start id="2523" timestamp="2022-02-08T16:47:45.976" intervalms="884.026">
  <response-info timems="0.024" idlems="0.024" threads="0" lastid="0000000000016F00" lastname="main" />
</exclusive-start>
<cycle-start id="2524" type="global" contextid="0" timestamp="2022-02-08T16:47:45.976" intervalms="2947.813" />
<concurrent-start id="2525" type="global mark" contextid="2524" timestamp="2022-02-08T16:47:45.976">
</concurrent-start>
<exclusive-end id="2526" timestamp="2022-02-08T16:47:45.976" durationms="0.028" />

<exclusive-start id="2527" timestamp="2022-02-08T16:47:46.113" intervalms="136.671">
  <response-info timems="0.028" idlems="0.028" threads="0" lastid="0000000000016F00" lastname="main" />
</exclusive-start>
<af-start id="2528" threadId="0000000000017908" totalBytesRequested="208" timestamp="2022-02-08T16:47:46.113" intervalms="1020.700" type="nursery" />
<cycle-start id="2529" type="scavenge" contextid="0" timestamp="2022-02-08T16:47:46.113" intervalms="1020.699" />
<gc-start id="2530" type="scavenge" contextid="2529" timestamp="2022-02-08T16:47:46.113">
  <mem-info id="2531" free="149180216" total="1073741824" percent="13">
    <mem type="nursery" free="0" total="268435456" percent="0">
      <mem type="allocate" free="0" total="183238656" percent="0" />
      <mem type="survivor" free="0" total="85196800" percent="0" />
    </mem>
    <mem type="tenure" free="149180216" total="805306368" percent="18">
      <mem type="soa" free="141126456" total="797252608" percent="17" />
      <mem type="loa" free="8053760" total="8053760" percent="100" />
    </mem>
    <remembered-set count="134" />
  </mem-info>
</gc-start>
<allocation-stats totalBytes="106536856" >
  <allocated-bytes non-tlh="2387768" tlh="104149088" />
  <largest-consumer threadName="main" threadId="0000000000016F00" bytes="106532760" />
</allocation-stats>
<gc-op id="2532" type="scavenge" timems="83.701" contextid="2529" timestamp="2022-02-08T16:47:46.196">
  <scavenger-info tenureage="1" tenuremask="7ffe" tiltratio="68" />
  <memory-copied type="nursery" objects="1382263" bytes="75348328" bytesdiscarded="100184" />
  <memory-copied type="tenure" objects="1398501" bytes="76336704" bytesdiscarded="39920" />
  <finalization candidates="81" enqueued="24" />
  <references type="soft" candidates="14" cleared="0" enqueued="0" dynamicThreshold="11" maxThreshold="32" />
  <references type="weak" candidates="1" cleared="0" enqueued="0" />
  <references type="phantom" candidates="65" cleared="7" enqueued="7" />
  <object-monitors candidates="2" cleared="0"  />
</gc-op>
<gc-end id="2533" type="scavenge" contextid="2529" durationms="84.123" usertimems="331.306" systemtimems="0.000" stalltimems="2.700" timestamp="2022-02-08T16:47:46.197" activeThreads="4">
  <mem-info id="2534" free="181094936" total="1073741824" percent="16">
    <mem type="nursery" free="108314304" total="268435456" percent="40">
      <mem type="allocate" free="108314304" total="183762944" percent="58" />
      <mem type="survivor" free="0" total="84672512" percent="0" />
    </mem>
    <mem type="tenure" free="72780632" total="805306368" percent="9" macro-fragmented="33282812">
      <mem type="soa" free="64726872" total="797252608" percent="8" />
      <mem type="loa" free="8053760" total="8053760" percent="100" />
    </mem>
    <pending-finalizers system="23" default="1" reference="7" classloader="0" />
    <remembered-set count="113" />
  </mem-info>
</gc-end>
<cycle-end id="2535" type="scavenge" contextid="2529" timestamp="2022-02-08T16:47:46.197" />
<allocation-satisfied id="2536" threadId="0000000000016F00" bytesRequested="208" />
<af-end id="2537" timestamp="2022-02-08T16:47:46.197" threadId="0000000000017908" success="true" from="nursery"/>
<exclusive-end id="2538" timestamp="2022-02-08T16:47:46.197" durationms="84.546" />

<concurrent-end id="2539" type="global mark" contextid="2524" timestamp="2022-02-08T16:47:46.301">
<gc-op id="2540" type="trace" timems="325.572" contextid="2524" timestamp="2022-02-08T16:47:46.301">
  <trace bytesTraced="74437752" workStackOverflowCount="0" />
  <card-cleaning reason="card cleaning threshold reached" bytesTraced="2488" cardsCleaned="2" />
</gc-op>
</concurrent-end>

<exclusive-start id="2541" timestamp="2022-02-08T16:47:46.301" intervalms="188.976">
  <response-info timems="0.019" idlems="0.019" threads="0" lastid="0000000000016F00" lastname="main" />
</exclusive-start>
<concurrent-global-final id="2542" timestamp="2022-02-08T16:47:46.302" contextid="2524" intervalms="2953.442" >
  <concurrent-trace-info reason="card cleaning threshold reached" tracedByMutators="52512628" tracedByHelpers="21927612" cardsCleaned="2" workStackOverflowCount="0" />
</concurrent-global-final>
<gc-start id="2543" type="global" contextid="2524" timestamp="2022-02-08T16:47:46.302">
  <mem-info id="2544" free="175221064" total="1073741824" percent="16">
    <mem type="nursery" free="102440432" total="268435456" percent="38">
      <mem type="allocate" free="102440432" total="183762944" percent="55" />
      <mem type="survivor" free="0" total="84672512" percent="0" />
    </mem>
    <mem type="tenure" free="72780632" total="805306368" percent="9">
      <mem type="soa" free="64726872" total="797252608" percent="8" />
      <mem type="loa" free="8053760" total="8053760" percent="100" />
    </mem>
    <remembered-set count="115" />
  </mem-info>
</gc-start>
<allocation-stats totalBytes="5870648" >
  <allocated-bytes non-tlh="208" tlh="5870440" />
  <largest-consumer threadName="main" threadId="0000000000016F00" bytes="5862456" />
</allocation-stats>
<gc-op id="2545" type="rs-scan" timems="139.302" contextid="2524" timestamp="2022-02-08T16:47:46.441">
  <scan objectsFound="3324744" bytesTraced="71015728" workStackOverflowCount="0" />
</gc-op>
<gc-op id="2546" type="card-cleaning" timems="0.327" contextid="2524" timestamp="2022-02-08T16:47:46.441">
  <card-cleaning cardsCleaned="5" bytesTraced="6456" workStackOverflowCount="0" />
</gc-op>
<gc-op id="2547" type="mark" timems="37.841" contextid="2524" timestamp="2022-02-08T16:47:46.479">
  <trace-info objectcount="1387569" scancount="1042202" scanbytes="22301408" />
  <finalization candidates="428" enqueued="57" />
  <ownableSynchronizers candidates="1" cleared="0" />
  <references type="soft" candidates="894" cleared="0" enqueued="0" dynamicThreshold="11" maxThreshold="32" />
  <references type="weak" candidates="1701" cleared="0" enqueued="0" />
  <references type="phantom" candidates="52" cleared="2" enqueued="2" />
  <stringconstants candidates="6470" cleared="0"  />
  <object-monitors candidates="2" cleared="0"  />
</gc-op>
<gc-op id="2548" type="sweep" timems="5.123" contextid="2524" timestamp="2022-02-08T16:47:46.485" />
<gc-end id="2549" type="global" contextid="2524" durationms="183.034" usertimems="195.806" systemtimems="2.519" stalltimems="113.211" timestamp="2022-02-08T16:47:46.485" activeThreads="4">
  <mem-info id="2550" free="418574096" total="1073741824" percent="38">
    <mem type="nursery" free="102847800" total="268435456" percent="38">
      <mem type="allocate" free="102847800" total="183762944" percent="55" />
      <mem type="survivor" free="0" total="84672512" percent="0" />
    </mem>
    <mem type="tenure" free="315726296" total="805306368" percent="39" micro-fragmented="324616" macro-fragmented="0">
      <mem type="soa" free="307672536" total="797252608" percent="38" />
      <mem type="loa" free="8053760" total="8053760" percent="100" />
    </mem>
    <pending-finalizers system="57" default="0" reference="2" classloader="0" />
    <remembered-set count="101" />
  </mem-info>
</gc-end>
<cycle-end id="2551" type="global" contextid="2524" timestamp="2022-02-08T16:47:46.485" />
<exclusive-end id="2552" timestamp="2022-02-08T16:47:46.485" durationms="183.280" />

<exclusive-start id="2553" timestamp="2022-02-08T16:47:47.228" intervalms="926.754">
  <response-info timems="0.022" idlems="0.022" threads="0" lastid="0000000000016F00" lastname="main" />
</exclusive-start>
<af-start id="2554" threadId="0000000000017908" totalBytesRequested="16" timestamp="2022-02-08T16:47:47.228" intervalms="1115.720" type="nursery" />
<cycle-start id="2555" type="scavenge" contextid="0" timestamp="2022-02-08T16:47:47.228" intervalms="1115.719" />
<gc-start id="2556" type="scavenge" contextid="2555" timestamp="2022-02-08T16:47:47.228">
  <mem-info id="2557" free="315726296" total="1073741824" percent="29">
    <mem type="nursery" free="0" total="268435456" percent="0">
      <mem type="allocate" free="0" total="183762944" percent="0" />
      <mem type="survivor" free="0" total="84672512" percent="0" />
    </mem>
    <mem type="tenure" free="315726296" total="805306368" percent="39">
      <mem type="soa" free="307672536" total="797252608" percent="38" />
      <mem type="loa" free="8053760" total="8053760" percent="100" />
    </mem>
    <remembered-set count="102" />
  </mem-info>
</gc-start>
<allocation-stats totalBytes="102802128" >
  <allocated-bytes non-tlh="0" tlh="102802128" />
  <largest-consumer threadName="main" threadId="0000000000016F00" bytes="102798032" />
</allocation-stats>
<gc-op id="2558" type="scavenge" timems="85.197" contextid="2555" timestamp="2022-02-08T16:47:47.314">
  <scavenger-info tenureage="1" tenuremask="7ffe" tiltratio="68" />
  <memory-copied type="nursery" objects="1413453" bytes="77356656" bytesdiscarded="132904" />
  <memory-copied type="tenure" objects="1381937" bytes="75140592" bytesdiscarded="39352" />
  <finalization candidates="31" enqueued="0" />
  <ownableSynchronizers candidates="2" cleared="2" />
  <object-monitors candidates="2" cleared="0"  />
</gc-op>
<gc-end id="2559" type="scavenge" contextid="2555" durationms="85.917" usertimems="337.292" systemtimems="0.355" stalltimems="1.910" timestamp="2022-02-08T16:47:47.314" activeThreads="4">
  <mem-info id="2560" free="345793808" total="1073741824" percent="32">
    <mem type="nursery" free="105421416" total="268435456" percent="39">
      <mem type="allocate" free="105421416" total="182910976" percent="57" />
      <mem type="survivor" free="0" total="85524480" percent="0" />
    </mem>
    <mem type="tenure" free="240372392" total="805306368" percent="29" macro-fragmented="0">
      <mem type="soa" free="232318632" total="797252608" percent="29" />
      <mem type="loa" free="8053760" total="8053760" percent="100" />
    </mem>
    <remembered-set count="104" />
  </mem-info>
</gc-end>
<cycle-end id="2561" type="scavenge" contextid="2555" timestamp="2022-02-08T16:47:47.314" />
<allocation-satisfied id="2562" threadId="0000000000016F00" bytesRequested="16" />
<af-end id="2563" timestamp="2022-02-08T16:47:47.315" threadId="0000000000017908" success="true" from="nursery"/>
<exclusive-end id="2564" timestamp="2022-02-08T16:47:47.315" durationms="86.272" />

<exclusive-start id="2565" timestamp="2022-02-08T16:47:47.978" intervalms="749.824">
  <response-info timems="0.018" idlems="0.018" threads="0" lastid="0000000000016F00" lastname="main" />
</exclusive-start>
<af-start id="2566" threadId="0000000000017908" totalBytesRequested="80" timestamp="2022-02-08T16:47:47.978" intervalms="749.822" type="nursery" />
<cycle-start id="2567" type="scavenge" contextid="0" timestamp="2022-02-08T16:47:47.978" intervalms="749.833" />
<gc-start id="2568" type="scavenge" contextid="2567" timestamp="2022-02-08T16:47:47.978">
  <mem-info id="2569" free="240372392" total="1073741824" percent="22">
    <mem type="nursery" free="0" total="268435456" percent="0">
      <mem type="allocate" free="0" total="182910976" percent="0" />
      <mem type="survivor" free="0" total="85524480" percent="0" />
    </mem>
    <mem type="tenure" free="240372392" total="805306368" percent="29">
      <mem type="soa" free="232318632" total="797252608" percent="29" />
      <mem type="loa" free="8053760" total="8053760" percent="100" />
    </mem>
    <remembered-set count="104" />
  </mem-info>
</gc-start>
<allocation-stats totalBytes="105372880" >
  <allocated-bytes non-tlh="16" tlh="105372864" />
  <largest-consumer threadName="main" threadId="0000000000016F00" bytes="105372880" />
</allocation-stats>
<gc-op id="2570" type="scavenge" timems="77.397" contextid="2567" timestamp="2022-02-08T16:47:48.056">
  <scavenger-info tenureage="1" tenuremask="7ffe" tiltratio="68" />
  <memory-copied type="nursery" objects="1308694" bytes="74897424" bytesdiscarded="183352" />
  <memory-copied type="tenure" objects="1413453" bytes="77356656" bytesdiscarded="38288" />
  <object-monitors candidates="2" cleared="0"  />
</gc-op>
<gc-end id="2571" type="scavenge" contextid="2567" durationms="77.806" usertimems="305.767" systemtimems="0.000" stalltimems="2.961" timestamp="2022-02-08T16:47:48.056" activeThreads="4">
  <mem-info id="2572" free="271038984" total="1073741824" percent="25">
    <mem type="nursery" free="108223416" total="268435456" percent="40">
      <mem type="allocate" free="108223416" total="183304192" percent="59" />
      <mem type="survivor" free="0" total="85131264" percent="0" />
    </mem>
    <mem type="tenure" free="162815568" total="805306368" percent="20" macro-fragmented="1500163">
      <mem type="soa" free="154761808" total="797252608" percent="19" />
      <mem type="loa" free="8053760" total="8053760" percent="100" />
    </mem>
    <remembered-set count="103" />
  </mem-info>
</gc-end>
<cycle-end id="2573" type="scavenge" contextid="2567" timestamp="2022-02-08T16:47:48.056" />
<allocation-satisfied id="2574" threadId="0000000000016F00" bytesRequested="80" />
<af-end id="2575" timestamp="2022-02-08T16:47:48.056" threadId="0000000000017908" success="true" from="nursery"/>
<exclusive-end id="2576" timestamp="2022-02-08T16:47:48.056" durationms="78.080" />

<concurrent-kickoff id="2577" timestamp="2022-02-08T16:47:48.945">
  <kickoff reason="threshold reached" targetBytes="74447967" thresholdFreeBytes="6163322"  remainingFree="6118328" tenureFreeBytes="162815568" nurseryFreeBytes="6118328" />
</concurrent-kickoff>
<exclusive-start id="2578" timestamp="2022-02-08T16:47:48.948" intervalms="969.658">
  <response-info timems="0.027" idlems="0.027" threads="0" lastid="0000000000016F00" lastname="main" />
</exclusive-start>
<cycle-start id="2579" type="global" contextid="0" timestamp="2022-02-08T16:47:48.948" intervalms="2971.902" />
<concurrent-start id="2580" type="global mark" contextid="2579" timestamp="2022-02-08T16:47:48.948">
</concurrent-start>
<exclusive-end id="2581" timestamp="2022-02-08T16:47:48.948" durationms="0.050" />

<exclusive-start id="2582" timestamp="2022-02-08T16:47:49.089" intervalms="141.619">
  <response-info timems="0.048" idlems="0.048" threads="0" lastid="0000000000016F00" lastname="main" />
</exclusive-start>
<af-start id="2583" threadId="0000000000017908" totalBytesRequested="184" timestamp="2022-02-08T16:47:49.089" intervalms="1111.278" type="nursery" />
<cycle-start id="2584" type="scavenge" contextid="0" timestamp="2022-02-08T16:47:49.089" intervalms="1111.268" />
<gc-start id="2585" type="scavenge" contextid="2584" timestamp="2022-02-08T16:47:49.089">
  <mem-info id="2586" free="162815568" total="1073741824" percent="15">
    <mem type="nursery" free="0" total="268435456" percent="0">
      <mem type="allocate" free="0" total="183304192" percent="0" />
      <mem type="survivor" free="0" total="85131264" percent="0" />
    </mem>
    <mem type="tenure" free="162815568" total="805306368" percent="20">
      <mem type="soa" free="154761808" total="797252608" percent="19" />
      <mem type="loa" free="8053760" total="8053760" percent="100" />
    </mem>
    <remembered-set count="134" />
  </mem-info>
</gc-start>
<allocation-stats totalBytes="108174544" >
  <allocated-bytes non-tlh="2938328" tlh="105236216" />
  <largest-consumer threadName="main" threadId="0000000000016F00" bytes="108174544" />
</allocation-stats>
<gc-op id="2587" type="scavenge" timems="81.122" contextid="2584" timestamp="2022-02-08T16:47:49.171">
  <scavenger-info tenureage="1" tenuremask="7ffe" tiltratio="68" />
  <memory-copied type="nursery" objects="1456893" bytes="76074536" bytesdiscarded="136680" />
  <memory-copied type="tenure" objects="1308693" bytes="74897376" bytesdiscarded="41232" />
  <finalization candidates="110" enqueued="53" />
  <references type="soft" candidates="14" cleared="0" enqueued="0" dynamicThreshold="12" maxThreshold="32" />
  <references type="weak" candidates="1" cleared="0" enqueued="0" />
  <references type="phantom" candidates="95" cleared="7" enqueued="7" />
  <object-monitors candidates="2" cleared="0"  />
</gc-op>
<gc-end id="2588" type="scavenge" contextid="2584" durationms="81.499" usertimems="320.212" systemtimems="0.216" stalltimems="3.420" timestamp="2022-02-08T16:47:49.171" activeThreads="4">
  <mem-info id="2589" free="195541424" total="1073741824" percent="18">
    <mem type="nursery" free="107420528" total="268435456" percent="40">
      <mem type="allocate" free="107420528" total="183631872" percent="58" />
      <mem type="survivor" free="0" total="84803584" percent="0" />
    </mem>
    <mem type="tenure" free="88120896" total="805306368" percent="10" macro-fragmented="57512708">
      <mem type="soa" free="80067136" total="797252608" percent="10" />
      <mem type="loa" free="8053760" total="8053760" percent="100" />
    </mem>
    <pending-finalizers system="52" default="1" reference="7" classloader="0" />
    <remembered-set count="130" />
  </mem-info>
</gc-end>
<cycle-end id="2590" type="scavenge" contextid="2584" timestamp="2022-02-08T16:47:49.171" />
<allocation-satisfied id="2591" threadId="0000000000016F00" bytesRequested="184" />
<af-end id="2592" timestamp="2022-02-08T16:47:49.171" threadId="0000000000017908" success="true" from="nursery"/>
<exclusive-end id="2593" timestamp="2022-02-08T16:47:49.171" durationms="81.784" />

<concurrent-end id="2594" type="global mark" contextid="2579" timestamp="2022-02-08T16:47:49.261">
<gc-op id="2595" type="trace" timems="313.236" contextid="2579" timestamp="2022-02-08T16:47:49.261">
  <trace bytesTraced="74437976" workStackOverflowCount="0" />
  <card-cleaning reason="card cleaning threshold reached" bytesTraced="2488" cardsCleaned="2" />
</gc-op>
</concurrent-end>

<exclusive-start id="2596" timestamp="2022-02-08T16:47:49.261" intervalms="171.724">
  <response-info timems="0.034" idlems="0.034" threads="0" lastid="0000000000016F00" lastname="main" />
</exclusive-start>
<concurrent-global-final id="2597" timestamp="2022-02-08T16:47:49.261" contextid="2579" intervalms="2959.580" >
  <concurrent-trace-info reason="card cleaning threshold reached" tracedByMutators="53993052" tracedByHelpers="20447412" cardsCleaned="2" workStackOverflowCount="0" />
</concurrent-global-final>
<gc-start id="2598" type="global" contextid="2579" timestamp="2022-02-08T16:47:49.261">
  <mem-info id="2599" free="189798648" total="1073741824" percent="17">
    <mem type="nursery" free="101677752" total="268435456" percent="37">
      <mem type="allocate" free="101677752" total="183631872" percent="55" />
      <mem type="survivor" free="0" total="84803584" percent="0" />
    </mem>
    <mem type="tenure" free="88120896" total="805306368" percent="10">
      <mem type="soa" free="80067136" total="797252608" percent="10" />
      <mem type="loa" free="8053760" total="8053760" percent="100" />
    </mem>
    <remembered-set count="131" />
  </mem-info>
</gc-start>
<allocation-stats totalBytes="5738936" >
  <allocated-bytes non-tlh="184" tlh="5738752" />
  <largest-consumer threadName="main" threadId="0000000000016F00" bytes="5730744" />
</allocation-stats>
<gc-op id="2600" type="rs-scan" timems="135.013" contextid="2579" timestamp="2022-02-08T16:47:49.396">
  <scan objectsFound="3324744" bytesTraced="71015752" workStackOverflowCount="0" />
</gc-op>
<gc-op id="2601" type="card-cleaning" timems="0.268" contextid="2579" timestamp="2022-02-08T16:47:49.396">
  <card-cleaning cardsCleaned="4" bytesTraced="5972" workStackOverflowCount="0" />
</gc-op>
<gc-op id="2602" type="mark" timems="37.550" contextid="2579" timestamp="2022-02-08T16:47:49.434">
  <trace-info objectcount="1125201" scancount="845427" scanbytes="18103496" />
  <finalization candidates="428" enqueued="57" />
  <ownableSynchronizers candidates="1" cleared="0" />
  <references type="soft" candidates="894" cleared="0" enqueued="0" dynamicThreshold="12" maxThreshold="32" />
  <references type="weak" candidates="1701" cleared="0" enqueued="0" />
  <references type="phantom" candidates="52" cleared="2" enqueued="2" />
  <stringconstants candidates="6470" cleared="0"  />
  <object-monitors candidates="2" cleared="0"  />
</gc-op>
<gc-op id="2603" type="sweep" timems="4.468" contextid="2579" timestamp="2022-02-08T16:47:49.439" />
<gc-end id="2604" type="global" contextid="2579" durationms="177.755" usertimems="225.385" systemtimems="0.522" stalltimems="78.396" timestamp="2022-02-08T16:47:49.439" activeThreads="4">
  <mem-info id="2605" free="433334056" total="1073741824" percent="40">
    <mem type="nursery" free="102387336" total="268435456" percent="38">
      <mem type="allocate" free="102387336" total="183631872" percent="55" />
      <mem type="survivor" free="0" total="84803584" percent="0" />
    </mem>
    <mem type="tenure" free="330946720" total="805306368" percent="41" micro-fragmented="209945" macro-fragmented="0">
      <mem type="soa" free="322892960" total="797252608" percent="40" />
      <mem type="loa" free="8053760" total="8053760" percent="100" />
    </mem>
    <pending-finalizers system="57" default="0" reference="2" classloader="0" />
    <remembered-set count="113" />
  </mem-info>
</gc-end>
<cycle-end id="2606" type="global" contextid="2579" timestamp="2022-02-08T16:47:49.439" />
<exclusive-end id="2607" timestamp="2022-02-08T16:47:49.439" durationms="177.953" />

<exclusive-start id="2608" timestamp="2022-02-08T16:47:50.160" intervalms="898.812">
  <response-info timems="0.019" idlems="0.019" threads="0" lastid="0000000000016F00" lastname="main" />
</exclusive-start>
<af-start id="2609" threadId="0000000000017908" totalBytesRequested="184" timestamp="2022-02-08T16:47:50.160" intervalms="1070.534" type="nursery" />
<cycle-start id="2610" type="scavenge" contextid="0" timestamp="2022-02-08T16:47:50.160" intervalms="1070.549" />
<gc-start id="2611" type="scavenge" contextid="2610" timestamp="2022-02-08T16:47:50.160">
  <mem-info id="2612" free="330946720" total="1073741824" percent="30">
    <mem type="nursery" free="0" total="268435456" percent="0">
      <mem type="allocate" free="0" total="183631872" percent="0" />
      <mem type="survivor" free="0" total="84803584" percent="0" />
    </mem>
    <mem type="tenure" free="330946720" total="805306368" percent="41">
      <mem type="soa" free="322892960" total="797252608" percent="40" />
      <mem type="loa" free="8053760" total="8053760" percent="100" />
    </mem>
    <remembered-set count="114" />
  </mem-info>
</gc-start>
<allocation-stats totalBytes="102340032" >
  <allocated-bytes non-tlh="0" tlh="102340032" />
  <largest-consumer threadName="main" threadId="0000000000016F00" bytes="102330496" />
</allocation-stats>
<gc-op id="2613" type="scavenge" timems="85.030" contextid="2610" timestamp="2022-02-08T16:47:50.245">
  <scavenger-info tenureage="1" tenuremask="7ffe" tiltratio="68" />
  <memory-copied type="nursery" objects="1387571" bytes="76871824" bytesdiscarded="235680" />
  <memory-copied type="tenure" objects="1456177" bytes="75606496" bytesdiscarded="43144" />
  <finalization candidates="57" enqueued="0" />
  <ownableSynchronizers candidates="2" cleared="2" />
  <object-monitors candidates="2" cleared="0"  />
</gc-op>
<gc-end id="2614" type="scavenge" contextid="2610" durationms="85.465" usertimems="337.521" systemtimems="0.000" stalltimems="1.977" timestamp="2022-02-08T16:47:50.245" activeThreads="4">
  <mem-info id="2615" free="362324896" total="1073741824" percent="33">
    <mem type="nursery" free="107245264" total="268435456" percent="39">
      <mem type="allocate" free="107245264" total="184352768" percent="58" />
      <mem type="survivor" free="0" total="84082688" percent="0" />
    </mem>
    <mem type="tenure" free="255079632" total="805306368" percent="31" macro-fragmented="0">
      <mem type="soa" free="247025872" total="797252608" percent="30" />
      <mem type="loa" free="8053760" total="8053760" percent="100" />
    </mem>
    <remembered-set count="104" />
  </mem-info>
</gc-end>
<cycle-end id="2616" type="scavenge" contextid="2610" timestamp="2022-02-08T16:47:50.246" />
<allocation-satisfied id="2617" threadId="0000000000016F00" bytesRequested="184" />
<af-end id="2618" timestamp="2022-02-08T16:47:50.246" threadId="0000000000017908" success="true" from="nursery"/>
<exclusive-end id="2619" timestamp="2022-02-08T16:47:50.246" durationms="85.817" />

<exclusive-start id="2620" timestamp="2022-02-08T16:47:50.922" intervalms="762.512">
  <response-info timems="0.023" idlems="0.023" threads="0" lastid="0000000000016F00" lastname="main" />
</exclusive-start>
<af-start id="2621" threadId="0000000000017908" totalBytesRequested="120" timestamp="2022-02-08T16:47:50.922" intervalms="762.511" type="nursery" />
<cycle-start id="2622" type="scavenge" contextid="0" timestamp="2022-02-08T16:47:50.922" intervalms="762.496" />
<gc-start id="2623" type="scavenge" contextid="2622" timestamp="2022-02-08T16:47:50.923">
  <mem-info id="2624" free="255079632" total="1073741824" percent="23">
    <mem type="nursery" free="0" total="268435456" percent="0">
      <mem type="allocate" free="0" total="184352768" percent="0" />
      <mem type="survivor" free="0" total="84082688" percent="0" />
    </mem>
    <mem type="tenure" free="255079632" total="805306368" percent="31">
      <mem type="soa" free="247025872" total="797252608" percent="30" />
      <mem type="loa" free="8053760" total="8053760" percent="100" />
    </mem>
    <remembered-set count="104" />
  </mem-info>
</gc-start>
<allocation-stats totalBytes="107197376" >
  <allocated-bytes non-tlh="184" tlh="107197192" />
  <largest-consumer threadName="main" threadId="0000000000016F00" bytes="107197376" />
</allocation-stats>
<gc-op id="2625" type="scavenge" timems="76.747" contextid="2622" timestamp="2022-02-08T16:47:50.999">
  <scavenger-info tenureage="1" tenuremask="7ffe" tiltratio="68" />
  <memory-copied type="nursery" objects="1352956" bytes="76255520" bytesdiscarded="144496" />
  <memory-copied type="tenure" objects="1387570" bytes="76871720" bytesdiscarded="40968" />
  <object-monitors candidates="2" cleared="0"  />
</gc-op>
<gc-end id="2626" type="scavenge" contextid="2622" durationms="77.280" usertimems="302.878" systemtimems="0.000" stalltimems="3.659" timestamp="2022-02-08T16:47:51.000" activeThreads="4">
  <mem-info id="2627" free="286293960" total="1073741824" percent="26">
    <mem type="nursery" free="108149360" total="268435456" percent="40">
      <mem type="allocate" free="108149360" total="184549376" percent="58" />
      <mem type="survivor" free="0" total="83886080" percent="0" />
    </mem>
    <mem type="tenure" free="178144600" total="805306368" percent="22" macro-fragmented="0">
      <mem type="soa" free="170090840" total="797252608" percent="21" />
      <mem type="loa" free="8053760" total="8053760" percent="100" />
    </mem>
    <remembered-set count="104" />
  </mem-info>
</gc-end>
<cycle-end id="2628" type="scavenge" contextid="2622" timestamp="2022-02-08T16:47:51.000" />
<allocation-satisfied id="2629" threadId="0000000000016F00" bytesRequested="120" />
<af-end id="2630" timestamp="2022-02-08T16:47:51.000" threadId="0000000000017908" success="true" from="nursery"/>
<exclusive-end id="2631" timestamp="2022-02-08T16:47:51.000" durationms="77.581" />

<exclusive-start id="2632" timestamp="2022-02-08T16:47:51.904" intervalms="981.969">
  <response-info timems="0.038" idlems="0.038" threads="0" lastid="0000000000016F00" lastname="main" />
</exclusive-start>
<af-start id="2633" threadId="0000000000017908" totalBytesRequested="208" timestamp="2022-02-08T16:47:51.904" intervalms="981.979" type="nursery" />
<cycle-start id="2634" type="scavenge" contextid="0" timestamp="2022-02-08T16:47:51.904" intervalms="981.984" />
<gc-start id="2635" type="scavenge" contextid="2634" timestamp="2022-02-08T16:47:51.904">
  <mem-info id="2636" free="178144600" total="1073741824" percent="16">
    <mem type="nursery" free="0" total="268435456" percent="0">
      <mem type="allocate" free="0" total="184549376" percent="0" />
      <mem type="survivor" free="0" total="83886080" percent="0" />
    </mem>
    <mem type="tenure" free="178144600" total="805306368" percent="22">
      <mem type="soa" free="170090840" total="797252608" percent="21" />
      <mem type="loa" free="8053760" total="8053760" percent="100" />
    </mem>
    <remembered-set count="135" />
  </mem-info>
</gc-start>
<allocation-stats totalBytes="108099080" >
  <allocated-bytes non-tlh="3008944" tlh="105090136" />
  <largest-consumer threadName="main" threadId="0000000000016F00" bytes="108099080" />
</allocation-stats>
<gc-op id="2637" type="scavenge" timems="85.966" contextid="2634" timestamp="2022-02-08T16:47:51.990">
  <scavenger-info tenureage="1" tenuremask="7ffe" tiltratio="68" />
  <memory-copied type="nursery" objects="1437649" bytes="75953416" bytesdiscarded="185992" />
  <memory-copied type="tenure" objects="1352956" bytes="76255520" bytesdiscarded="40072" />
  <finalization candidates="110" enqueued="53" />
  <references type="soft" candidates="14" cleared="0" enqueued="0" dynamicThreshold="13" maxThreshold="32" />
  <references type="weak" candidates="1" cleared="0" enqueued="0" />
  <references type="phantom" candidates="95" cleared="7" enqueued="7" />
  <object-monitors candidates="2" cleared="0"  />
</gc-op>
<gc-end id="2638" type="scavenge" contextid="2634" durationms="86.331" usertimems="340.080" systemtimems="0.000" stalltimems="3.180" timestamp="2022-02-08T16:47:51.991" activeThreads="4">
  <mem-info id="2639" free="210712368" total="1073741824" percent="19">
    <mem type="nursery" free="108737520" total="268435456" percent="40">
      <mem type="allocate" free="108737520" total="184877056" percent="58" />
      <mem type="survivor" free="0" total="83558400" percent="0" />
    </mem>
    <mem type="tenure" free="101974848" total="805306368" percent="12" macro-fragmented="57512708">
      <mem type="soa" free="93921088" total="797252608" percent="11" />
      <mem type="loa" free="8053760" total="8053760" percent="100" />
    </mem>
    <pending-finalizers system="52" default="1" reference="7" classloader="0" />
    <remembered-set count="130" />
  </mem-info>
</gc-end>
<cycle-end id="2640" type="scavenge" contextid="2634" timestamp="2022-02-08T16:47:51.991" />
<allocation-satisfied id="2641" threadId="0000000000016F00" bytesRequested="208" />
<af-end id="2642" timestamp="2022-02-08T16:47:51.991" threadId="0000000000017908" success="true" from="nursery"/>
<exclusive-end id="2643" timestamp="2022-02-08T16:47:51.991" durationms="86.596" />

<concurrent-kickoff id="2644" timestamp="2022-02-08T16:47:52.717">
  <kickoff reason="threshold reached" targetBytes="74446597" thresholdFreeBytes="6167800"  remainingFree="6042608" tenureFreeBytes="101974848" nurseryFreeBytes="6042608" />
</concurrent-kickoff>
<exclusive-start id="2645" timestamp="2022-02-08T16:47:52.720" intervalms="815.869">
  <response-info timems="0.022" idlems="0.022" threads="0" lastid="0000000000016F00" lastname="main" />
</exclusive-start>
<cycle-start id="2646" type="global" contextid="0" timestamp="2022-02-08T16:47:52.720" intervalms="3772.494" />
<concurrent-start id="2647" type="global mark" contextid="2646" timestamp="2022-02-08T16:47:52.720">
</concurrent-start>
<exclusive-end id="2648" timestamp="2022-02-08T16:47:52.720" durationms="0.037" />

<exclusive-start id="2649" timestamp="2022-02-08T16:47:52.867" intervalms="147.000">
  <response-info timems="0.022" idlems="0.022" threads="0" lastid="0000000000016F00" lastname="main" />
</exclusive-start>
<af-start id="2650" threadId="0000000000017908" totalBytesRequested="104" timestamp="2022-02-08T16:47:52.867" intervalms="962.858" type="nursery" />
<cycle-start id="2651" type="scavenge" contextid="0" timestamp="2022-02-08T16:47:52.867" intervalms="962.853" />
<gc-start id="2652" type="scavenge" contextid="2651" timestamp="2022-02-08T16:47:52.867">
  <mem-info id="2653" free="101974848" total="1073741824" percent="9">
    <mem type="nursery" free="0" total="268435456" percent="0">
      <mem type="allocate" free="0" total="184877056" percent="0" />
      <mem type="survivor" free="0" total="83558400" percent="0" />
    </mem>
    <mem type="tenure" free="101974848" total="805306368" percent="12">
      <mem type="soa" free="93921088" total="797252608" percent="11" />
      <mem type="loa" free="8053760" total="8053760" percent="100" />
    </mem>
    <remembered-set count="131" />
  </mem-info>
</gc-start>
<allocation-stats totalBytes="108687560" >
  <allocated-bytes non-tlh="208" tlh="108687352" />
  <largest-consumer threadName="main" threadId="0000000000016F00" bytes="108679368" />
</allocation-stats>
<gc-op id="2654" type="scavenge" timems="83.414" contextid="2651" timestamp="2022-02-08T16:47:52.951">
  <scavenger-info tenureage="1" tenuremask="7ffe" tiltratio="68" />
  <memory-copied type="nursery" objects="1401440" bytes="77435824" bytesdiscarded="376056" />
  <memory-copied type="tenure" objects="1436937" bytes="75485448" bytesdiscarded="35560" />
  <finalization candidates="57" enqueued="0" />
  <object-monitors candidates="2" cleared="0"  />
</gc-op>
<gc-end id="2655" type="scavenge" contextid="2651" durationms="83.795" usertimems="329.610" systemtimems="0.000" stalltimems="2.643" timestamp="2022-02-08T16:47:52.951" activeThreads="4">
  <mem-info id="2656" free="132099368" total="1073741824" percent="12">
    <mem type="nursery" free="105688920" total="268435456" percent="39">
      <mem type="allocate" free="105688920" total="183500800" percent="57" />
      <mem type="survivor" free="0" total="84934656" percent="0" />
    </mem>
    <mem type="tenure" free="26410448" total="805306368" percent="3" macro-fragmented="0">
      <mem type="soa" free="18356688" total="797252608" percent="2" />
      <mem type="loa" free="8053760" total="8053760" percent="100" />
    </mem>
    <remembered-set count="103" />
  </mem-info>
</gc-end>
<cycle-end id="2657" type="scavenge" contextid="2651" timestamp="2022-02-08T16:47:52.951" />
<allocation-satisfied id="2658" threadId="0000000000016F00" bytesRequested="104" />
<af-end id="2659" timestamp="2022-02-08T16:47:52.951" threadId="0000000000017908" success="true" from="nursery"/>
<exclusive-end id="2660" timestamp="2022-02-08T16:47:52.951" durationms="84.112" />

<concurrent-end id="2661" type="global mark" contextid="2646" timestamp="2022-02-08T16:47:53.040">
<gc-op id="2662" type="trace" timems="319.473" contextid="2646" timestamp="2022-02-08T16:47:53.040">
  <trace bytesTraced="74438200" workStackOverflowCount="0" />
  <card-cleaning reason="card cleaning threshold reached" bytesTraced="2488" cardsCleaned="2" />
</gc-op>
</concurrent-end>

<exclusive-start id="2663" timestamp="2022-02-08T16:47:53.040" intervalms="172.552">
  <response-info timems="0.019" idlems="0.019" threads="0" lastid="0000000000016F00" lastname="main" />
</exclusive-start>
<concurrent-global-final id="2664" timestamp="2022-02-08T16:47:53.040" contextid="2646" intervalms="3778.712" >
  <concurrent-trace-info reason="card cleaning threshold reached" tracedByMutators="52325356" tracedByHelpers="22115332" cardsCleaned="2" workStackOverflowCount="0" />
</concurrent-global-final>
<gc-start id="2665" type="global" contextid="2646" timestamp="2022-02-08T16:47:53.040">
  <mem-info id="2666" free="126889152" total="1073741824" percent="11">
    <mem type="nursery" free="100478704" total="268435456" percent="37">
      <mem type="allocate" free="100478704" total="183500800" percent="54" />
      <mem type="survivor" free="0" total="84934656" percent="0" />
    </mem>
    <mem type="tenure" free="26410448" total="805306368" percent="3">
      <mem type="soa" free="18356688" total="797252608" percent="2" />
      <mem type="loa" free="8053760" total="8053760" percent="100" />
    </mem>
    <remembered-set count="103" />
  </mem-info>
</gc-start>
<allocation-stats totalBytes="5207768" >
  <allocated-bytes non-tlh="104" tlh="5207664" />
  <largest-consumer threadName="main" threadId="0000000000016F00" bytes="5207768" />
</allocation-stats>
<gc-op id="2667" type="rs-scan" timems="0.583" contextid="2646" timestamp="2022-02-08T16:47:53.040">
  <scan objectsFound="0" bytesTraced="3988" workStackOverflowCount="0" />
</gc-op>
<gc-op id="2668" type="card-cleaning" timems="153.903" contextid="2646" timestamp="2022-02-08T16:47:53.194">
  <card-cleaning cardsCleaned="11" bytesTraced="71019156" workStackOverflowCount="0" />
</gc-op>
<gc-op id="2669" type="mark" timems="62.961" contextid="2646" timestamp="2022-02-08T16:47:53.257">
  <trace-info objectcount="2273060" scancount="1706322" scanbytes="36469272" />
  <finalization candidates="428" enqueued="57" />
  <ownableSynchronizers candidates="1" cleared="0" />
  <references type="soft" candidates="894" cleared="0" enqueued="0" dynamicThreshold="13" maxThreshold="32" />
  <references type="weak" candidates="1701" cleared="0" enqueued="0" />
  <references type="phantom" candidates="52" cleared="2" enqueued="2" />
  <stringconstants candidates="6470" cleared="0"  />
  <object-monitors candidates="2" cleared="0"  />
</gc-op>
<gc-op id="2670" type="sweep" timems="4.962" contextid="2646" timestamp="2022-02-08T16:47:53.263" />
<gc-end id="2671" type="global" contextid="2646" durationms="222.862" usertimems="238.044" systemtimems="0.002" stalltimems="188.653" timestamp="2022-02-08T16:47:53.263" activeThreads="4">
  <mem-info id="2672" free="370247848" total="1073741824" percent="34">
    <mem type="nursery" free="100946840" total="268435456" percent="37">
      <mem type="allocate" free="100946840" total="183500800" percent="55" />
      <mem type="survivor" free="0" total="84934656" percent="0" />
    </mem>
    <mem type="tenure" free="269301008" total="805306368" percent="33" micro-fragmented="240583" macro-fragmented="0">
      <mem type="soa" free="261247248" total="797252608" percent="32" />
      <mem type="loa" free="8053760" total="8053760" percent="100" />
    </mem>
    <pending-finalizers system="57" default="0" reference="2" classloader="0" />
    <remembered-set count="103" />
  </mem-info>
</gc-end>
<cycle-end id="2673" type="global" contextid="2646" timestamp="2022-02-08T16:47:53.263" />
<exclusive-end id="2674" timestamp="2022-02-08T16:47:53.263" durationms="223.067" />

<exclusive-start id="2675" timestamp="2022-02-08T16:47:53.912" intervalms="871.902">
  <response-info timems="0.022" idlems="0.022" threads="0" lastid="0000000000016F00" lastname="main" />
</exclusive-start>
<af-start id="2676" threadId="0000000000017908" totalBytesRequested="56" timestamp="2022-02-08T16:47:53.912" intervalms="1044.458" type="nursery" />
<cycle-start id="2677" type="scavenge" contextid="0" timestamp="2022-02-08T16:47:53.912" intervalms="1044.470" />
<gc-start id="2678" type="scavenge" contextid="2677" timestamp="2022-02-08T16:47:53.912">
  <mem-info id="2679" free="269301008" total="1073741824" percent="25">
    <mem type="nursery" free="0" total="268435456" percent="0">
      <mem type="allocate" free="0" total="183500800" percent="0" />
      <mem type="survivor" free="0" total="84934656" percent="0" />
    </mem>
    <mem type="tenure" free="269301008" total="805306368" percent="33">
      <mem type="soa" free="261247248" total="797252608" percent="32" />
      <mem type="loa" free="8053760" total="8053760" percent="100" />
    </mem>
    <remembered-set count="106" />
  </mem-info>
</gc-start>
<allocation-stats totalBytes="100900112" >
  <allocated-bytes non-tlh="0" tlh="100900112" />
  <largest-consumer threadName="main" threadId="0000000000016F00" bytes="100896016" />
</allocation-stats>
<gc-op id="2680" type="scavenge" timems="79.020" contextid="2677" timestamp="2022-02-08T16:47:53.991">
  <scavenger-info tenureage="1" tenuremask="7ffe" tiltratio="68" />
  <memory-copied type="nursery" objects="1323998" bytes="75313256" bytesdiscarded="139688" />
  <memory-copied type="tenure" objects="1401440" bytes="77435824" bytesdiscarded="43864" />
  <ownableSynchronizers candidates="2" cleared="2" />
  <object-monitors candidates="2" cleared="0"  />
</gc-op>
<gc-end id="2681" type="scavenge" contextid="2677" durationms="79.381" usertimems="312.232" systemtimems="0.000" stalltimems="3.202" timestamp="2022-02-08T16:47:53.991" activeThreads="4">
  <mem-info id="2682" free="299969592" total="1073741824" percent="27">
    <mem type="nursery" free="108310000" total="268435456" percent="40">
      <mem type="allocate" free="108310000" total="183762944" percent="58" />
      <mem type="survivor" free="0" total="84672512" percent="0" />
    </mem>
    <mem type="tenure" free="191659592" total="805306368" percent="23" macro-fragmented="0">
      <mem type="soa" free="183605832" total="797252608" percent="23" />
      <mem type="loa" free="8053760" total="8053760" percent="100" />
    </mem>
    <remembered-set count="105" />
  </mem-info>
</gc-end>
<cycle-end id="2683" type="scavenge" contextid="2677" timestamp="2022-02-08T16:47:53.991" />
<allocation-satisfied id="2684" threadId="0000000000016F00" bytesRequested="56" />
<af-end id="2685" timestamp="2022-02-08T16:47:53.991" threadId="0000000000017908" success="true" from="nursery"/>
<exclusive-end id="2686" timestamp="2022-02-08T16:47:53.991" durationms="79.675" />

<exclusive-start id="2687" timestamp="2022-02-08T16:47:54.907" intervalms="994.981">
  <response-info timems="0.019" idlems="0.019" threads="0" lastid="0000000000016F00" lastname="main" />
</exclusive-start>
<af-start id="2688" threadId="0000000000017908" totalBytesRequested="192" timestamp="2022-02-08T16:47:54.907" intervalms="994.980" type="nursery" />
<cycle-start id="2689" type="scavenge" contextid="0" timestamp="2022-02-08T16:47:54.907" intervalms="994.968" />
<gc-start id="2690" type="scavenge" contextid="2689" timestamp="2022-02-08T16:47:54.907">
  <mem-info id="2691" free="191659592" total="1073741824" percent="17">
    <mem type="nursery" free="0" total="268435456" percent="0">
      <mem type="allocate" free="0" total="183762944" percent="0" />
      <mem type="survivor" free="0" total="84672512" percent="0" />
    </mem>
    <mem type="tenure" free="191659592" total="805306368" percent="23">
      <mem type="soa" free="183605832" total="797252608" percent="23" />
      <mem type="loa" free="8053760" total="8053760" percent="100" />
    </mem>
    <remembered-set count="136" />
  </mem-info>
</gc-start>
<allocation-stats totalBytes="108261632" >
  <allocated-bytes non-tlh="1590624" tlh="106671008" />
  <largest-consumer threadName="main" threadId="0000000000016F00" bytes="108261632" />
</allocation-stats>
<gc-op id="2692" type="scavenge" timems="82.988" contextid="2689" timestamp="2022-02-08T16:47:54.990">
  <scavenger-info tenureage="1" tenuremask="7ffe" tiltratio="68" />
  <memory-copied type="nursery" objects="1477968" bytes="76234168" bytesdiscarded="78384" />
  <memory-copied type="tenure" objects="1323998" bytes="75313256" bytesdiscarded="37824" />
  <finalization candidates="109" enqueued="53" />
  <references type="soft" candidates="14" cleared="0" enqueued="0" dynamicThreshold="10" maxThreshold="32" />
  <references type="weak" candidates="1" cleared="0" enqueued="0" />
  <references type="phantom" candidates="94" cleared="7" enqueued="7" />
  <object-monitors candidates="2" cleared="0"  />
</gc-op>
<gc-end id="2693" type="scavenge" contextid="2689" durationms="83.341" usertimems="325.531" systemtimems="1.662" stalltimems="4.235" timestamp="2022-02-08T16:47:54.990" activeThreads="4">
  <mem-info id="2694" free="223935000" total="1073741824" percent="20">
    <mem type="nursery" free="107712408" total="268435456" percent="40">
      <mem type="allocate" free="107712408" total="184025088" percent="58" />
      <mem type="survivor" free="0" total="84410368" percent="0" />
    </mem>
    <mem type="tenure" free="116222592" total="805306368" percent="14" macro-fragmented="0">
      <mem type="soa" free="108168832" total="797252608" percent="13" />
      <mem type="loa" free="8053760" total="8053760" percent="100" />
    </mem>
    <pending-finalizers system="52" default="1" reference="7" classloader="0" />
    <remembered-set count="132" />
  </mem-info>
</gc-end>
<cycle-end id="2695" type="scavenge" contextid="2689" timestamp="2022-02-08T16:47:54.990" />
<allocation-satisfied id="2696" threadId="0000000000016F00" bytesRequested="192" />
<af-end id="2697" timestamp="2022-02-08T16:47:54.990" threadId="0000000000017908" success="true" from="nursery"/>
<exclusive-end id="2698" timestamp="2022-02-08T16:47:54.990" durationms="83.592" />

<concurrent-kickoff id="2699" timestamp="2022-02-08T16:47:55.686">
  <kickoff reason="threshold reached" targetBytes="74445504" thresholdFreeBytes="6173243"  remainingFree="6119032" tenureFreeBytes="116222592" nurseryFreeBytes="6119032" />
</concurrent-kickoff>
<exclusive-start id="2700" timestamp="2022-02-08T16:47:55.690" intervalms="782.921">
  <response-info timems="0.024" idlems="0.024" threads="0" lastid="0000000000016F00" lastname="main" />
</exclusive-start>
<cycle-start id="2701" type="global" contextid="0" timestamp="2022-02-08T16:47:55.690" intervalms="2969.347" />
<concurrent-start id="2702" type="global mark" contextid="2701" timestamp="2022-02-08T16:47:55.690">
</concurrent-start>
<exclusive-end id="2703" timestamp="2022-02-08T16:47:55.690" durationms="0.028" />

<exclusive-start id="2704" timestamp="2022-02-08T16:47:55.838" intervalms="148.811">
  <response-info timems="0.038" idlems="0.038" threads="0" lastid="0000000000016F00" lastname="main" />
</exclusive-start>
<af-start id="2705" threadId="0000000000017908" totalBytesRequested="24" timestamp="2022-02-08T16:47:55.838" intervalms="931.733" type="nursery" />
<cycle-start id="2706" type="scavenge" contextid="0" timestamp="2022-02-08T16:47:55.838" intervalms="931.733" />
<gc-start id="2707" type="scavenge" contextid="2706" timestamp="2022-02-08T16:47:55.839">
  <mem-info id="2708" free="116222592" total="1073741824" percent="10">
    <mem type="nursery" free="0" total="268435456" percent="0">
      <mem type="allocate" free="0" total="184025088" percent="0" />
      <mem type="survivor" free="0" total="84410368" percent="0" />
    </mem>
    <mem type="tenure" free="116222592" total="805306368" percent="14">
      <mem type="soa" free="108168832" total="797252608" percent="13" />
      <mem type="loa" free="8053760" total="8053760" percent="100" />
    </mem>
    <remembered-set count="133" />
  </mem-info>
</gc-start>
<allocation-stats totalBytes="107663504" >
  <allocated-bytes non-tlh="1347872" tlh="106315632" />
  <largest-consumer threadName="main" threadId="0000000000016F00" bytes="107655312" />
</allocation-stats>
<gc-op id="2709" type="scavenge" timems="83.446" contextid="2706" timestamp="2022-02-08T16:47:55.922">
  <scavenger-info tenureage="1" tenuremask="7ffe" tiltratio="68" />
  <memory-copied type="nursery" objects="1360271" bytes="77063688" bytesdiscarded="155480" />
  <memory-copied type="tenure" objects="1477248" bytes="75290896" bytesdiscarded="42424" />
  <finalization candidates="57" enqueued="0" />
  <references type="phantom" candidates="1" cleared="0" enqueued="0" />
  <object-monitors candidates="2" cleared="0"  />
</gc-op>
<gc-end id="2710" type="scavenge" contextid="2706" durationms="83.821" usertimems="330.230" systemtimems="0.531" stalltimems="2.188" timestamp="2022-02-08T16:47:55.922" activeThreads="4">
  <mem-info id="2711" free="147810448" total="1073741824" percent="13">
    <mem type="nursery" free="107002528" total="268435456" percent="39">
      <mem type="allocate" free="107002528" total="184221696" percent="58" />
      <mem type="survivor" free="0" total="84213760" percent="0" />
    </mem>
    <mem type="tenure" free="40807920" total="805306368" percent="5" macro-fragmented="0">
      <mem type="soa" free="32754160" total="797252608" percent="4" />
      <mem type="loa" free="8053760" total="8053760" percent="100" />
    </mem>
    <remembered-set count="102" />
  </mem-info>
</gc-end>
<cycle-end id="2712" type="scavenge" contextid="2706" timestamp="2022-02-08T16:47:55.922" />
<allocation-satisfied id="2713" threadId="0000000000016F00" bytesRequested="24" />
<af-end id="2714" timestamp="2022-02-08T16:47:55.923" threadId="0000000000017908" success="true" from="nursery"/>
<exclusive-end id="2715" timestamp="2022-02-08T16:47:55.923" durationms="84.110" />

<concurrent-end id="2716" type="global mark" contextid="2701" timestamp="2022-02-08T16:47:56.011">
<gc-op id="2717" type="trace" timems="321.851" contextid="2701" timestamp="2022-02-08T16:47:56.011">
  <trace bytesTraced="74436360" workStackOverflowCount="0" />
  <card-cleaning reason="card cleaning threshold reached" bytesTraced="188" cardsCleaned="1" />
</gc-op>
</concurrent-end>

<exclusive-start id="2718" timestamp="2022-02-08T16:47:56.012" intervalms="173.113">
  <response-info timems="0.022" idlems="0.022" threads="0" lastid="0000000000016F00" lastname="main" />
</exclusive-start>
<concurrent-global-final id="2719" timestamp="2022-02-08T16:47:56.012" contextid="2701" intervalms="2971.728" >
  <concurrent-trace-info reason="card cleaning threshold reached" tracedByMutators="51389816" tracedByHelpers="23046732" cardsCleaned="1" workStackOverflowCount="0" />
</concurrent-global-final>
<gc-start id="2720" type="global" contextid="2701" timestamp="2022-02-08T16:47:56.012">
  <mem-info id="2721" free="142338168" total="1073741824" percent="13">
    <mem type="nursery" free="101530248" total="268435456" percent="37">
      <mem type="allocate" free="101530248" total="184221696" percent="55" />
      <mem type="survivor" free="0" total="84213760" percent="0" />
    </mem>
    <mem type="tenure" free="40807920" total="805306368" percent="5">
      <mem type="soa" free="32754160" total="797252608" percent="4" />
      <mem type="loa" free="8053760" total="8053760" percent="100" />
    </mem>
    <remembered-set count="102" />
  </mem-info>
</gc-start>
<allocation-stats totalBytes="5469912" >
  <allocated-bytes non-tlh="24" tlh="5469888" />
  <largest-consumer threadName="main" threadId="0000000000016F00" bytes="5469912" />
</allocation-stats>
<gc-op id="2722" type="rs-scan" timems="0.518" contextid="2701" timestamp="2022-02-08T16:47:56.012">
  <scan objectsFound="29" bytesTraced="5420" workStackOverflowCount="0" />
</gc-op>
<gc-op id="2723" type="card-cleaning" timems="156.272" contextid="2701" timestamp="2022-02-08T16:47:56.168">
  <card-cleaning cardsCleaned="9" bytesTraced="71017300" workStackOverflowCount="0" />
</gc-op>
<gc-op id="2724" type="mark" timems="55.180" contextid="2701" timestamp="2022-02-08T16:47:56.224">
  <trace-info objectcount="2006258" scancount="1506221" scanbytes="32200424" />
  <finalization candidates="428" enqueued="57" />
  <ownableSynchronizers candidates="1" cleared="0" />
  <references type="soft" candidates="894" cleared="0" enqueued="0" dynamicThreshold="10" maxThreshold="32" />
  <references type="weak" candidates="1701" cleared="0" enqueued="0" />
  <references type="phantom" candidates="52" cleared="2" enqueued="2" />
  <stringconstants candidates="6470" cleared="0"  />
  <object-monitors candidates="2" cleared="0"  />
</gc-op>
<gc-op id="2725" type="sweep" timems="4.931" contextid="2701" timestamp="2022-02-08T16:47:56.229" />
<gc-end id="2726" type="global" contextid="2701" durationms="217.309" usertimems="232.017" systemtimems="0.318" stalltimems="165.805" timestamp="2022-02-08T16:47:56.229" activeThreads="4">
  <mem-info id="2727" free="385646456" total="1073741824" percent="35">
    <mem type="nursery" free="101778704" total="268435456" percent="37">
      <mem type="allocate" free="101778704" total="184221696" percent="55" />
      <mem type="survivor" free="0" total="84213760" percent="0" />
    </mem>
    <mem type="tenure" free="283867752" total="805306368" percent="35" micro-fragmented="301606" macro-fragmented="0">
      <mem type="soa" free="275813992" total="797252608" percent="34" />
      <mem type="loa" free="8053760" total="8053760" percent="100" />
    </mem>
    <pending-finalizers system="57" default="0" reference="2" classloader="0" />
    <remembered-set count="102" />
  </mem-info>
</gc-end>
<cycle-end id="2728" type="global" contextid="2701" timestamp="2022-02-08T16:47:56.229" />
<exclusive-end id="2729" timestamp="2022-02-08T16:47:56.229" durationms="217.588" />

<exclusive-start id="2730" timestamp="2022-02-08T16:47:56.908" intervalms="895.989">
  <response-info timems="0.022" idlems="0.022" threads="0" lastid="0000000000016F00" lastname="main" />
</exclusive-start>
<af-start id="2731" threadId="0000000000017908" totalBytesRequested="56" timestamp="2022-02-08T16:47:56.908" intervalms="1069.108" type="nursery" />
<cycle-start id="2732" type="scavenge" contextid="0" timestamp="2022-02-08T16:47:56.908" intervalms="1069.108" />
<gc-start id="2733" type="scavenge" contextid="2732" timestamp="2022-02-08T16:47:56.908">
  <mem-info id="2734" free="283867752" total="1073741824" percent="26">
    <mem type="nursery" free="0" total="268435456" percent="0">
      <mem type="allocate" free="0" total="184221696" percent="0" />
      <mem type="survivor" free="0" total="84213760" percent="0" />
    </mem>
    <mem type="tenure" free="283867752" total="805306368" percent="35">
      <mem type="soa" free="275813992" total="797252608" percent="34" />
      <mem type="loa" free="8053760" total="8053760" percent="100" />
    </mem>
    <remembered-set count="105" />
  </mem-info>
</gc-start>
<allocation-stats totalBytes="101728960" >
  <allocated-bytes non-tlh="0" tlh="101728960" />
  <largest-consumer threadName="main" threadId="0000000000016F00" bytes="101724864" />
</allocation-stats>
<gc-op id="2735" type="scavenge" timems="77.983" contextid="2732" timestamp="2022-02-08T16:47:56.986">
  <scavenger-info tenureage="1" tenuremask="7ffe" tiltratio="68" />
  <memory-copied type="nursery" objects="1348884" bytes="76140640" bytesdiscarded="372616" />
  <memory-copied type="tenure" objects="1360271" bytes="77063688" bytesdiscarded="44168" />
  <finalization candidates="1" enqueued="0" />
  <ownableSynchronizers candidates="2" cleared="2" />
  <object-monitors candidates="2" cleared="0"  />
</gc-op>
<gc-end id="2736" type="scavenge" contextid="2732" durationms="78.342" usertimems="308.210" systemtimems="0.246" stalltimems="2.765" timestamp="2022-02-08T16:47:56.986" activeThreads="4">
  <mem-info id="2737" free="314475144" total="1073741824" percent="29">
    <mem type="nursery" free="107905048" total="268435456" percent="40">
      <mem type="allocate" free="107905048" total="184418304" percent="58" />
      <mem type="survivor" free="0" total="84017152" percent="0" />
    </mem>
    <mem type="tenure" free="206570096" total="805306368" percent="25" macro-fragmented="0">
      <mem type="soa" free="198516336" total="797252608" percent="24" />
      <mem type="loa" free="8053760" total="8053760" percent="100" />
    </mem>
    <remembered-set count="104" />
  </mem-info>
</gc-end>
<cycle-end id="2738" type="scavenge" contextid="2732" timestamp="2022-02-08T16:47:56.986" />
<allocation-satisfied id="2739" threadId="0000000000016F00" bytesRequested="56" />
<af-end id="2740" timestamp="2022-02-08T16:47:56.986" threadId="0000000000017908" success="true" from="nursery"/>
<exclusive-end id="2741" timestamp="2022-02-08T16:47:56.986" durationms="78.897" />

<exclusive-start id="2742" timestamp="2022-02-08T16:47:57.892" intervalms="984.245">
  <response-info timems="0.020" idlems="0.020" threads="0" lastid="0000000000016F00" lastname="main" />
</exclusive-start>
<af-start id="2743" threadId="0000000000017908" totalBytesRequested="168" timestamp="2022-02-08T16:47:57.892" intervalms="984.249" type="nursery" />
<cycle-start id="2744" type="scavenge" contextid="0" timestamp="2022-02-08T16:47:57.892" intervalms="984.249" />
<gc-start id="2745" type="scavenge" contextid="2744" timestamp="2022-02-08T16:47:57.892">
  <mem-info id="2746" free="206570096" total="1073741824" percent="19">
    <mem type="nursery" free="0" total="268435456" percent="0">
      <mem type="allocate" free="0" total="184418304" percent="0" />
      <mem type="survivor" free="0" total="84017152" percent="0" />
    </mem>
    <mem type="tenure" free="206570096" total="805306368" percent="25">
      <mem type="soa" free="198516336" total="797252608" percent="24" />
      <mem type="loa" free="8053760" total="8053760" percent="100" />
    </mem>
    <remembered-set count="135" />
  </mem-info>
</gc-start>
<allocation-stats totalBytes="107860760" >
  <allocated-bytes non-tlh="1590624" tlh="106270136" />
  <largest-consumer threadName="main" threadId="0000000000016F00" bytes="107860760" />
</allocation-stats>
<gc-op id="2747" type="scavenge" timems="86.020" contextid="2744" timestamp="2022-02-08T16:47:57.978">
  <scavenger-info tenureage="1" tenuremask="7ffe" tiltratio="68" />
  <memory-copied type="nursery" objects="1488140" bytes="75962176" bytesdiscarded="76200" />
  <memory-copied type="tenure" objects="1348884" bytes="76140640" bytesdiscarded="42392" />
  <finalization candidates="109" enqueued="53" />
  <references type="soft" candidates="14" cleared="0" enqueued="0" dynamicThreshold="11" maxThreshold="32" />
  <references type="weak" candidates="1" cleared="0" enqueued="0" />
  <references type="phantom" candidates="94" cleared="7" enqueued="7" />
  <object-monitors candidates="2" cleared="0"  />
</gc-op>
<gc-end id="2748" type="scavenge" contextid="2744" durationms="86.420" usertimems="340.701" systemtimems="0.000" stalltimems="2.687" timestamp="2022-02-08T16:47:57.978" activeThreads="4">
  <mem-info id="2749" free="238992536" total="1073741824" percent="22">
    <mem type="nursery" free="108707480" total="268435456" percent="40">
      <mem type="allocate" free="108707480" total="184745984" percent="58" />
      <mem type="survivor" free="0" total="83689472" percent="0" />
    </mem>
    <mem type="tenure" free="130285056" total="805306368" percent="16" macro-fragmented="0">
      <mem type="soa" free="122231296" total="797252608" percent="15" />
      <mem type="loa" free="8053760" total="8053760" percent="100" />
    </mem>
    <pending-finalizers system="52" default="1" reference="7" classloader="0" />
    <remembered-set count="132" />
  </mem-info>
</gc-end>
<cycle-end id="2750" type="scavenge" contextid="2744" timestamp="2022-02-08T16:47:57.978" />
<allocation-satisfied id="2751" threadId="0000000000016F00" bytesRequested="168" />
<af-end id="2752" timestamp="2022-02-08T16:47:57.978" threadId="0000000000017908" success="true" from="nursery"/>
<exclusive-end id="2753" timestamp="2022-02-08T16:47:57.978" durationms="86.717" />

<concurrent-kickoff id="2754" timestamp="2022-02-08T16:47:58.691">
  <kickoff reason="threshold reached" targetBytes="74443546" thresholdFreeBytes="6184331"  remainingFree="6143640" tenureFreeBytes="130285056" nurseryFreeBytes="6143640" />
</concurrent-kickoff>
<exclusive-start id="2755" timestamp="2022-02-08T16:47:58.694" intervalms="802.208">
  <response-info timems="0.021" idlems="0.021" threads="0" lastid="0000000000016F00" lastname="main" />
</exclusive-start>
<cycle-start id="2756" type="global" contextid="0" timestamp="2022-02-08T16:47:58.694" intervalms="3004.367" />
<concurrent-start id="2757" type="global mark" contextid="2756" timestamp="2022-02-08T16:47:58.694">
</concurrent-start>
<exclusive-end id="2758" timestamp="2022-02-08T16:47:58.694" durationms="0.028" />

<exclusive-start id="2759" timestamp="2022-02-08T16:47:58.841" intervalms="147.210">
  <response-info timems="0.039" idlems="0.039" threads="0" lastid="0000000000016F00" lastname="main" />
</exclusive-start>
<af-start id="2760" threadId="0000000000017908" totalBytesRequested="104" timestamp="2022-02-08T16:47:58.841" intervalms="949.414" type="nursery" />
<cycle-start id="2761" type="scavenge" contextid="0" timestamp="2022-02-08T16:47:58.841" intervalms="949.414" />
<gc-start id="2762" type="scavenge" contextid="2761" timestamp="2022-02-08T16:47:58.841">
  <mem-info id="2763" free="130285056" total="1073741824" percent="12">
    <mem type="nursery" free="0" total="268435456" percent="0">
      <mem type="allocate" free="0" total="184745984" percent="0" />
      <mem type="survivor" free="0" total="83689472" percent="0" />
    </mem>
    <mem type="tenure" free="130285056" total="805306368" percent="16">
      <mem type="soa" free="122231296" total="797252608" percent="15" />
      <mem type="loa" free="8053760" total="8053760" percent="100" />
    </mem>
    <remembered-set count="133" />
  </mem-info>
</gc-start>
<allocation-stats totalBytes="108651808" >
  <allocated-bytes non-tlh="1347848" tlh="107303960" />
  <largest-consumer threadName="main" threadId="0000000000016F00" bytes="108643616" />
</allocation-stats>
<gc-op id="2764" type="scavenge" timems="82.926" contextid="2761" timestamp="2022-02-08T16:47:58.924">
  <scavenger-info tenureage="1" tenuremask="7ffe" tiltratio="68" />
  <memory-copied type="nursery" objects="1355509" bytes="77743560" bytesdiscarded="219856" />
  <memory-copied type="tenure" objects="1487420" bytes="75018912" bytesdiscarded="39560" />
  <finalization candidates="57" enqueued="0" />
  <references type="phantom" candidates="1" cleared="0" enqueued="0" />
  <object-monitors candidates="2" cleared="0"  />
</gc-op>
<gc-end id="2765" type="scavenge" contextid="2761" durationms="83.321" usertimems="328.321" systemtimems="0.000" stalltimems="2.580" timestamp="2022-02-08T16:47:58.925" activeThreads="4">
  <mem-info id="2766" free="160380136" total="1073741824" percent="14">
    <mem type="nursery" free="105013096" total="268435456" percent="39">
      <mem type="allocate" free="105013096" total="182976512" percent="57" />
      <mem type="survivor" free="0" total="85458944" percent="0" />
    </mem>
    <mem type="tenure" free="55367040" total="805306368" percent="6" macro-fragmented="33282812">
      <mem type="soa" free="47313280" total="797252608" percent="5" />
      <mem type="loa" free="8053760" total="8053760" percent="100" />
    </mem>
    <remembered-set count="102" />
  </mem-info>
</gc-end>
<cycle-end id="2767" type="scavenge" contextid="2761" timestamp="2022-02-08T16:47:58.925" />
<allocation-satisfied id="2768" threadId="0000000000016F00" bytesRequested="104" />
<af-end id="2769" timestamp="2022-02-08T16:47:58.925" threadId="0000000000017908" success="true" from="nursery"/>
<exclusive-end id="2770" timestamp="2022-02-08T16:47:58.925" durationms="83.595" />

<concurrent-end id="2771" type="global mark" contextid="2756" timestamp="2022-02-08T16:47:59.014">
<gc-op id="2772" type="trace" timems="319.674" contextid="2756" timestamp="2022-02-08T16:47:59.014">
  <trace bytesTraced="74438616" workStackOverflowCount="0" />
  <card-cleaning reason="card cleaning threshold reached" bytesTraced="2488" cardsCleaned="2" />
</gc-op>
</concurrent-end>

<exclusive-start id="2773" timestamp="2022-02-08T16:47:59.014" intervalms="172.534">
  <response-info timems="0.019" idlems="0.019" threads="0" lastid="0000000000016F00" lastname="main" />
</exclusive-start>
<concurrent-global-final id="2774" timestamp="2022-02-08T16:47:59.014" contextid="2756" intervalms="3002.185" >
  <concurrent-trace-info reason="card cleaning threshold reached" tracedByMutators="54333352" tracedByHelpers="20107752" cardsCleaned="2" workStackOverflowCount="0" />
</concurrent-global-final>
<gc-start id="2775" type="global" contextid="2756" timestamp="2022-02-08T16:47:59.014">
  <mem-info id="2776" free="154645632" total="1073741824" percent="14">
    <mem type="nursery" free="99278592" total="268435456" percent="36">
      <mem type="allocate" free="99278592" total="182976512" percent="54" />
      <mem type="survivor" free="0" total="85458944" percent="0" />
    </mem>
    <mem type="tenure" free="55367040" total="805306368" percent="6">
      <mem type="soa" free="47313280" total="797252608" percent="5" />
      <mem type="loa" free="8053760" total="8053760" percent="100" />
    </mem>
    <remembered-set count="102" />
  </mem-info>
</gc-start>
<allocation-stats totalBytes="5732312" >
  <allocated-bytes non-tlh="104" tlh="5732208" />
  <largest-consumer threadName="main" threadId="0000000000016F00" bytes="5732312" />
</allocation-stats>
<gc-op id="2777" type="rs-scan" timems="0.665" contextid="2756" timestamp="2022-02-08T16:47:59.014">
  <scan objectsFound="29" bytesTraced="5420" workStackOverflowCount="0" />
</gc-op>
<gc-op id="2778" type="card-cleaning" timems="159.571" contextid="2756" timestamp="2022-02-08T16:47:59.174">
  <card-cleaning cardsCleaned="9" bytesTraced="71017300" workStackOverflowCount="0" />
</gc-op>
<gc-op id="2779" type="mark" timems="49.543" contextid="2756" timestamp="2022-02-08T16:47:59.224">
  <trace-info objectcount="1762694" scancount="1323548" scanbytes="28303400" />
  <finalization candidates="428" enqueued="57" />
  <ownableSynchronizers candidates="1" cleared="0" />
  <references type="soft" candidates="894" cleared="0" enqueued="0" dynamicThreshold="11" maxThreshold="32" />
  <references type="weak" candidates="1701" cleared="0" enqueued="0" />
  <references type="phantom" candidates="52" cleared="2" enqueued="2" />
  <stringconstants candidates="6470" cleared="0"  />
  <object-monitors candidates="2" cleared="0"  />
</gc-op>
<gc-op id="2780" type="sweep" timems="4.687" contextid="2756" timestamp="2022-02-08T16:47:59.229" />
<gc-end id="2781" type="global" contextid="2756" durationms="214.874" usertimems="229.610" systemtimems="0.567" stalltimems="147.933" timestamp="2022-02-08T16:47:59.229" activeThreads="4">
  <mem-info id="2782" free="397833608" total="1073741824" percent="37">
    <mem type="nursery" free="99584944" total="268435456" percent="37">
      <mem type="allocate" free="99584944" total="182976512" percent="54" />
      <mem type="survivor" free="0" total="85458944" percent="0" />
    </mem>
    <mem type="tenure" free="298248664" total="805306368" percent="37" micro-fragmented="216196" macro-fragmented="0">
      <mem type="soa" free="290194904" total="797252608" percent="36" />
      <mem type="loa" free="8053760" total="8053760" percent="100" />
    </mem>
    <pending-finalizers system="57" default="0" reference="2" classloader="0" />
    <remembered-set count="102" />
  </mem-info>
</gc-end>
<cycle-end id="2783" type="global" contextid="2756" timestamp="2022-02-08T16:47:59.229" />
<exclusive-end id="2784" timestamp="2022-02-08T16:47:59.229" durationms="215.070" />

<exclusive-start id="2785" timestamp="2022-02-08T16:47:59.890" intervalms="875.815">
  <response-info timems="0.022" idlems="0.022" threads="0" lastid="0000000000016F00" lastname="main" />
</exclusive-start>
<af-start id="2786" threadId="0000000000017908" totalBytesRequested="184" timestamp="2022-02-08T16:47:59.890" intervalms="1048.342" type="nursery" />
<cycle-start id="2787" type="scavenge" contextid="0" timestamp="2022-02-08T16:47:59.890" intervalms="1048.343" />
<gc-start id="2788" type="scavenge" contextid="2787" timestamp="2022-02-08T16:47:59.890">
  <mem-info id="2789" free="298248664" total="1073741824" percent="27">
    <mem type="nursery" free="0" total="268435456" percent="0">
      <mem type="allocate" free="0" total="182976512" percent="0" />
      <mem type="survivor" free="0" total="85458944" percent="0" />
    </mem>
    <mem type="tenure" free="298248664" total="805306368" percent="37">
      <mem type="soa" free="290194904" total="797252608" percent="36" />
      <mem type="loa" free="8053760" total="8053760" percent="100" />
    </mem>
    <remembered-set count="105" />
  </mem-info>
</gc-start>
<allocation-stats totalBytes="99539848" >
  <allocated-bytes non-tlh="0" tlh="99539848" />
  <largest-consumer threadName="main" threadId="0000000000016F00" bytes="99535752" />
</allocation-stats>
<gc-op id="2790" type="scavenge" timems="77.174" contextid="2787" timestamp="2022-02-08T16:47:59.967">
  <scavenger-info tenureage="1" tenuremask="7ffe" tiltratio="68" />
  <memory-copied type="nursery" objects="1325303" bytes="74768120" bytesdiscarded="157600" />
  <memory-copied type="tenure" objects="1355509" bytes="77743560" bytesdiscarded="41480" />
  <finalization candidates="1" enqueued="0" />
  <ownableSynchronizers candidates="2" cleared="2" />
  <object-monitors candidates="2" cleared="0"  />
</gc-op>
<gc-end id="2791" type="scavenge" contextid="2787" durationms="77.774" usertimems="304.560" systemtimems="0.000" stalltimems="3.628" timestamp="2022-02-08T16:47:59.967" activeThreads="4">
  <mem-info id="2792" free="328479352" total="1073741824" percent="30">
    <mem type="nursery" free="108312936" total="268435456" percent="40">
      <mem type="allocate" free="108312936" total="183238656" percent="59" />
      <mem type="survivor" free="0" total="85196800" percent="0" />
    </mem>
    <mem type="tenure" free="220166416" total="805306368" percent="27" macro-fragmented="0">
      <mem type="soa" free="212112656" total="797252608" percent="26" />
      <mem type="loa" free="8053760" total="8053760" percent="100" />
    </mem>
    <remembered-set count="105" />
  </mem-info>
</gc-end>
<cycle-end id="2793" type="scavenge" contextid="2787" timestamp="2022-02-08T16:47:59.968" />
<allocation-satisfied id="2794" threadId="0000000000016F00" bytesRequested="184" />
<af-end id="2795" timestamp="2022-02-08T16:47:59.968" threadId="0000000000017908" success="true" from="nursery"/>
<exclusive-end id="2796" timestamp="2022-02-08T16:47:59.968" durationms="78.076" />

<exclusive-start id="2797" timestamp="2022-02-08T16:48:00.814" intervalms="924.051">
  <response-info timems="0.020" idlems="0.020" threads="0" lastid="0000000000016F00" lastname="main" />
</exclusive-start>
<af-start id="2798" threadId="0000000000017908" totalBytesRequested="72" timestamp="2022-02-08T16:48:00.814" intervalms="924.072" type="nursery" />
<cycle-start id="2799" type="scavenge" contextid="0" timestamp="2022-02-08T16:48:00.814" intervalms="924.074" />
<gc-start id="2800" type="scavenge" contextid="2799" timestamp="2022-02-08T16:48:00.814">
  <mem-info id="2801" free="220166416" total="1073741824" percent="20">
    <mem type="nursery" free="0" total="268435456" percent="0">
      <mem type="allocate" free="0" total="183238656" percent="0" />
      <mem type="survivor" free="0" total="85196800" percent="0" />
    </mem>
    <mem type="tenure" free="220166416" total="805306368" percent="27">
      <mem type="soa" free="212112656" total="797252608" percent="26" />
      <mem type="loa" free="8053760" total="8053760" percent="100" />
    </mem>
    <remembered-set count="135" />
  </mem-info>
</gc-start>
<allocation-stats totalBytes="108266336" >
  <allocated-bytes non-tlh="848888" tlh="107417448" />
  <largest-consumer threadName="main" threadId="0000000000016F00" bytes="108266336" />
</allocation-stats>
<gc-op id="2802" type="scavenge" timems="87.730" contextid="2799" timestamp="2022-02-08T16:48:00.901">
  <scavenger-info tenureage="1" tenuremask="7ffe" tiltratio="68" />
  <memory-copied type="nursery" objects="1454166" bytes="76391448" bytesdiscarded="156144" />
  <memory-copied type="tenure" objects="1325302" bytes="74768016" bytesdiscarded="40592" />
  <finalization candidates="70" enqueued="37" />
  <references type="soft" candidates="14" cleared="0" enqueued="0" dynamicThreshold="11" maxThreshold="32" />
  <references type="weak" candidates="1" cleared="0" enqueued="0" />
  <references type="phantom" candidates="55" cleared="7" enqueued="7" />
  <object-monitors candidates="2" cleared="0"  />
</gc-op>
<gc-end id="2803" type="scavenge" contextid="2799" durationms="88.458" usertimems="335.470" systemtimems="1.337" stalltimems="3.579" timestamp="2022-02-08T16:48:00.902" activeThreads="4">
  <mem-info id="2804" free="252397304" total="1073741824" percent="23">
    <mem type="nursery" free="106887544" total="268435456" percent="39">
      <mem type="allocate" free="106887544" total="183435264" percent="58" />
      <mem type="survivor" free="0" total="85000192" percent="0" />
    </mem>
    <mem type="tenure" free="145509760" total="805306368" percent="18" macro-fragmented="0">
      <mem type="soa" free="137456000" total="797252608" percent="17" />
      <mem type="loa" free="8053760" total="8053760" percent="100" />
    </mem>
    <pending-finalizers system="36" default="1" reference="7" classloader="0" />
    <remembered-set count="131" />
  </mem-info>
</gc-end>
<cycle-end id="2805" type="scavenge" contextid="2799" timestamp="2022-02-08T16:48:00.902" />
<allocation-satisfied id="2806" threadId="0000000000016F00" bytesRequested="72" />
<af-end id="2807" timestamp="2022-02-08T16:48:00.902" threadId="0000000000017908" success="true" from="nursery"/>
<exclusive-end id="2808" timestamp="2022-02-08T16:48:00.902" durationms="88.841" />

<concurrent-kickoff id="2809" timestamp="2022-02-08T16:48:01.630">
  <kickoff reason="threshold reached" targetBytes="74443172" thresholdFreeBytes="6170465"  remainingFree="6088424" tenureFreeBytes="145509760" nurseryFreeBytes="6088424" />
</concurrent-kickoff>
<exclusive-start id="2810" timestamp="2022-02-08T16:48:01.633" intervalms="819.509">
  <response-info timems="0.053" idlems="0.053" threads="0" lastid="0000000000016F00" lastname="main" />
</exclusive-start>
<cycle-start id="2811" type="global" contextid="0" timestamp="2022-02-08T16:48:01.633" intervalms="2939.127" />
<concurrent-start id="2812" type="global mark" contextid="2811" timestamp="2022-02-08T16:48:01.633">
</concurrent-start>
<exclusive-end id="2813" timestamp="2022-02-08T16:48:01.633" durationms="0.039" />

<exclusive-start id="2814" timestamp="2022-02-08T16:48:01.785" intervalms="151.751">
  <response-info timems="0.023" idlems="0.023" threads="0" lastid="0000000000016F00" lastname="main" />
</exclusive-start>
<af-start id="2815" threadId="0000000000017908" totalBytesRequested="24" timestamp="2022-02-08T16:48:01.785" intervalms="971.241" type="nursery" />
<cycle-start id="2816" type="scavenge" contextid="0" timestamp="2022-02-08T16:48:01.785" intervalms="971.239" />
<gc-start id="2817" type="scavenge" contextid="2816" timestamp="2022-02-08T16:48:01.785">
  <mem-info id="2818" free="145509760" total="1073741824" percent="13">
    <mem type="nursery" free="0" total="268435456" percent="0">
      <mem type="allocate" free="0" total="183435264" percent="0" />
      <mem type="survivor" free="0" total="85000192" percent="0" />
    </mem>
    <mem type="tenure" free="145509760" total="805306368" percent="18">
      <mem type="soa" free="137456000" total="797252608" percent="17" />
      <mem type="loa" free="8053760" total="8053760" percent="100" />
    </mem>
    <remembered-set count="132" />
  </mem-info>
</gc-start>
<allocation-stats totalBytes="106835552" >
  <allocated-bytes non-tlh="2089616" tlh="104745936" />
  <largest-consumer threadName="main" threadId="0000000000016F00" bytes="106827360" />
</allocation-stats>
<gc-op id="2819" type="scavenge" timems="89.865" contextid="2816" timestamp="2022-02-08T16:48:01.875">
  <scavenger-info tenureage="1" tenuremask="7ffe" tiltratio="68" />
  <memory-copied type="nursery" objects="1329856" bytes="75808320" bytesdiscarded="223944" />
  <memory-copied type="tenure" objects="1453634" bytes="75933216" bytesdiscarded="42696" />
  <finalization candidates="73" enqueued="16" />
  <references type="phantom" candidates="40" cleared="0" enqueued="0" />
  <object-monitors candidates="2" cleared="0"  />
</gc-op>
<gc-end id="2820" type="scavenge" contextid="2816" durationms="90.208" usertimems="342.452" systemtimems="0.000" stalltimems="15.363" timestamp="2022-02-08T16:48:01.875" activeThreads="4">
  <mem-info id="2821" free="177464480" total="1073741824" percent="16">
    <mem type="nursery" free="107927288" total="268435456" percent="40">
      <mem type="allocate" free="107927288" total="183959552" percent="58" />
      <mem type="survivor" free="0" total="84475904" percent="0" />
    </mem>
    <mem type="tenure" free="69537192" total="805306368" percent="8" macro-fragmented="33282812">
      <mem type="soa" free="61483432" total="797252608" percent="7" />
      <mem type="loa" free="8053760" total="8053760" percent="100" />
    </mem>
    <pending-finalizers system="16" default="0" reference="0" classloader="0" />
    <remembered-set count="106" />
  </mem-info>
</gc-end>
<cycle-end id="2822" type="scavenge" contextid="2816" timestamp="2022-02-08T16:48:01.875" />
<allocation-satisfied id="2823" threadId="0000000000016F00" bytesRequested="24" />
<af-end id="2824" timestamp="2022-02-08T16:48:01.875" threadId="0000000000017908" success="true" from="nursery"/>
<exclusive-end id="2825" timestamp="2022-02-08T16:48:01.875" durationms="90.492" />

<concurrent-end id="2826" type="global mark" contextid="2811" timestamp="2022-02-08T16:48:01.983">
<gc-op id="2827" type="trace" timems="350.382" contextid="2811" timestamp="2022-02-08T16:48:01.983">
  <trace bytesTraced="74436776" workStackOverflowCount="0" />
  <card-cleaning reason="card cleaning threshold reached" bytesTraced="188" cardsCleaned="1" />
</gc-op>
</concurrent-end>

<exclusive-start id="2828" timestamp="2022-02-08T16:48:01.984" intervalms="198.783">
  <response-info timems="0.039" idlems="0.039" threads="0" lastid="0000000000016F00" lastname="main" />
</exclusive-start>
<concurrent-global-final id="2829" timestamp="2022-02-08T16:48:01.984" contextid="2811" intervalms="2969.924" >
  <concurrent-trace-info reason="card cleaning threshold reached" tracedByMutators="49301644" tracedByHelpers="25135320" cardsCleaned="1" workStackOverflowCount="0" />
</concurrent-global-final>
<gc-start id="2830" type="global" contextid="2811" timestamp="2022-02-08T16:48:01.984">
  <mem-info id="2831" free="173429896" total="1073741824" percent="16">
    <mem type="nursery" free="103892704" total="268435456" percent="38">
      <mem type="allocate" free="103892704" total="183959552" percent="56" />
      <mem type="survivor" free="0" total="84475904" percent="0" />
    </mem>
    <mem type="tenure" free="69537192" total="805306368" percent="8">
      <mem type="soa" free="61483432" total="797252608" percent="7" />
      <mem type="loa" free="8053760" total="8053760" percent="100" />
    </mem>
    <remembered-set count="106" />
  </mem-info>
</gc-start>
<allocation-stats totalBytes="4033816" >
  <allocated-bytes non-tlh="24" tlh="4033792" />
  <largest-consumer threadName="main" threadId="0000000000016F00" bytes="4029720" />
</allocation-stats>
<gc-op id="2832" type="rs-scan" timems="0.741" contextid="2811" timestamp="2022-02-08T16:48:01.985">
  <scan objectsFound="29" bytesTraced="5484" workStackOverflowCount="0" />
</gc-op>
<gc-op id="2833" type="card-cleaning" timems="166.180" contextid="2811" timestamp="2022-02-08T16:48:02.151">
  <card-cleaning cardsCleaned="8" bytesTraced="71017236" workStackOverflowCount="0" />
</gc-op>
<gc-op id="2834" type="mark" timems="39.156" contextid="2811" timestamp="2022-02-08T16:48:02.190">
  <trace-info objectcount="1468078" scancount="1102585" scanbytes="23589544" />
  <finalization candidates="428" enqueued="57" />
  <ownableSynchronizers candidates="1" cleared="0" />
  <references type="soft" candidates="894" cleared="0" enqueued="0" dynamicThreshold="11" maxThreshold="32" />
  <references type="weak" candidates="1701" cleared="0" enqueued="0" />
  <references type="phantom" candidates="52" cleared="2" enqueued="2" />
  <stringconstants candidates="6470" cleared="0"  />
  <object-monitors candidates="2" cleared="0"  />
</gc-op>
<gc-op id="2835" type="sweep" timems="4.834" contextid="2811" timestamp="2022-02-08T16:48:02.195" />
<gc-end id="2836" type="global" contextid="2811" durationms="211.352" usertimems="225.561" systemtimems="0.565" stalltimems="117.349" timestamp="2022-02-08T16:48:02.195" activeThreads="4">
  <mem-info id="2837" free="416769600" total="1073741824" percent="38">
    <mem type="nursery" free="104351864" total="268435456" percent="38">
      <mem type="allocate" free="104351864" total="183959552" percent="56" />
      <mem type="survivor" free="0" total="84475904" percent="0" />
    </mem>
    <mem type="tenure" free="312417736" total="805306368" percent="38" micro-fragmented="212195" macro-fragmented="0">
      <mem type="soa" free="304363976" total="797252608" percent="38" />
      <mem type="loa" free="8053760" total="8053760" percent="100" />
    </mem>
    <pending-finalizers system="57" default="0" reference="2" classloader="0" />
    <remembered-set count="106" />
  </mem-info>
</gc-end>
<cycle-end id="2838" type="global" contextid="2811" timestamp="2022-02-08T16:48:02.195" />
<exclusive-end id="2839" timestamp="2022-02-08T16:48:02.195" durationms="211.847" />

<exclusive-start id="2840" timestamp="2022-02-08T16:48:02.886" intervalms="901.935">
  <response-info timems="0.022" idlems="0.022" threads="0" lastid="0000000000016F00" lastname="main" />
</exclusive-start>
<af-start id="2841" threadId="0000000000017908" totalBytesRequested="208" timestamp="2022-02-08T16:48:02.886" intervalms="1100.714" type="nursery" />
<cycle-start id="2842" type="scavenge" contextid="0" timestamp="2022-02-08T16:48:02.886" intervalms="1100.713" />
<gc-start id="2843" type="scavenge" contextid="2842" timestamp="2022-02-08T16:48:02.886">
  <mem-info id="2844" free="312417736" total="1073741824" percent="29">
    <mem type="nursery" free="0" total="268435456" percent="0">
      <mem type="allocate" free="0" total="183959552" percent="0" />
      <mem type="survivor" free="0" total="84475904" percent="0" />
    </mem>
    <mem type="tenure" free="312417736" total="805306368" percent="38">
      <mem type="soa" free="304363976" total="797252608" percent="38" />
      <mem type="loa" free="8053760" total="8053760" percent="100" />
    </mem>
    <remembered-set count="109" />
  </mem-info>
</gc-start>
<allocation-stats totalBytes="104303608" >
  <allocated-bytes non-tlh="0" tlh="104303608" />
  <largest-consumer threadName="main" threadId="0000000000016F00" bytes="104299512" />
</allocation-stats>
<gc-op id="2845" type="scavenge" timems="82.116" contextid="2842" timestamp="2022-02-08T16:48:02.968">
  <scavenger-info tenureage="1" tenuremask="7ffe" tiltratio="68" />
  <memory-copied type="nursery" objects="1409017" bytes="77119480" bytesdiscarded="289552" />
  <memory-copied type="tenure" objects="1329664" bytes="75670720" bytesdiscarded="42920" />
  <finalization candidates="24" enqueued="0" />
  <ownableSynchronizers candidates="2" cleared="2" />
  <object-monitors candidates="2" cleared="0"  />
</gc-op>
<gc-end id="2846" type="scavenge" contextid="2842" durationms="82.543" usertimems="319.051" systemtimems="0.056" stalltimems="4.210" timestamp="2022-02-08T16:48:02.968" activeThreads="4">
  <mem-info id="2847" free="342986024" total="1073741824" percent="31">
    <mem type="nursery" free="106353912" total="268435456" percent="39">
      <mem type="allocate" free="106353912" total="183762944" percent="57" />
      <mem type="survivor" free="0" total="84672512" percent="0" />
    </mem>
    <mem type="tenure" free="236632112" total="805306368" percent="29" macro-fragmented="0">
      <mem type="soa" free="228578352" total="797252608" percent="28" />
      <mem type="loa" free="8053760" total="8053760" percent="100" />
    </mem>
    <remembered-set count="104" />
  </mem-info>
</gc-end>
<cycle-end id="2848" type="scavenge" contextid="2842" timestamp="2022-02-08T16:48:02.968" />
<allocation-satisfied id="2849" threadId="0000000000016F00" bytesRequested="208" />
<af-end id="2850" timestamp="2022-02-08T16:48:02.968" threadId="0000000000017908" success="true" from="nursery"/>
<exclusive-end id="2851" timestamp="2022-02-08T16:48:02.968" durationms="82.832" />

<exclusive-start id="2852" timestamp="2022-02-08T16:48:03.644" intervalms="758.527">
  <response-info timems="0.019" idlems="0.019" threads="0" lastid="0000000000016F00" lastname="main" />
</exclusive-start>
<af-start id="2853" threadId="0000000000017908" totalBytesRequested="104" timestamp="2022-02-08T16:48:03.644" intervalms="758.531" type="nursery" />
<cycle-start id="2854" type="scavenge" contextid="0" timestamp="2022-02-08T16:48:03.644" intervalms="758.531" />
<gc-start id="2855" type="scavenge" contextid="2854" timestamp="2022-02-08T16:48:03.644">
  <mem-info id="2856" free="236632112" total="1073741824" percent="22">
    <mem type="nursery" free="0" total="268435456" percent="0">
      <mem type="allocate" free="0" total="183762944" percent="0" />
      <mem type="survivor" free="0" total="84672512" percent="0" />
    </mem>
    <mem type="tenure" free="236632112" total="805306368" percent="29">
      <mem type="soa" free="228578352" total="797252608" percent="28" />
      <mem type="loa" free="8053760" total="8053760" percent="100" />
    </mem>
    <remembered-set count="104" />
  </mem-info>
</gc-start>
<allocation-stats totalBytes="106302888" >
  <allocated-bytes non-tlh="208" tlh="106302680" />
  <largest-consumer threadName="main" threadId="0000000000016F00" bytes="106302888" />
</allocation-stats>
<gc-op id="2857" type="scavenge" timems="83.905" contextid="2854" timestamp="2022-02-08T16:48:03.728">
  <scavenger-info tenureage="1" tenuremask="7ffe" tiltratio="68" />
  <memory-copied type="nursery" objects="1320356" bytes="75561176" bytesdiscarded="155336" />
  <memory-copied type="tenure" objects="1409016" bytes="77119368" bytesdiscarded="36608" />
  <object-monitors candidates="2" cleared="0"  />
</gc-op>
<gc-end id="2858" type="scavenge" contextid="2854" durationms="84.303" usertimems="332.617" systemtimems="0.000" stalltimems="1.871" timestamp="2022-02-08T16:48:03.728" activeThreads="4">
  <mem-info id="2859" free="267675808" total="1073741824" percent="24">
    <mem type="nursery" free="108308576" total="268435456" percent="40">
      <mem type="allocate" free="108308576" total="184025088" percent="58" />
      <mem type="survivor" free="0" total="84410368" percent="0" />
    </mem>
    <mem type="tenure" free="159367232" total="805306368" percent="19" macro-fragmented="0">
      <mem type="soa" free="151313472" total="797252608" percent="18" />
      <mem type="loa" free="8053760" total="8053760" percent="100" />
    </mem>
    <remembered-set count="105" />
  </mem-info>
</gc-end>
<cycle-end id="2860" type="scavenge" contextid="2854" timestamp="2022-02-08T16:48:03.729" />
<allocation-satisfied id="2861" threadId="0000000000016F00" bytesRequested="104" />
<af-end id="2862" timestamp="2022-02-08T16:48:03.729" threadId="0000000000017908" success="true" from="nursery"/>
<exclusive-end id="2863" timestamp="2022-02-08T16:48:03.729" durationms="84.564" />

<concurrent-kickoff id="2864" timestamp="2022-02-08T16:48:04.608">
  <kickoff reason="threshold reached" targetBytes="74441780" thresholdFreeBytes="6146916"  remainingFree="6072416" tenureFreeBytes="159367232" nurseryFreeBytes="6072416" />
</concurrent-kickoff>
<exclusive-start id="2865" timestamp="2022-02-08T16:48:04.611" intervalms="967.044">
  <response-info timems="0.021" idlems="0.021" threads="0" lastid="0000000000016F00" lastname="main" />
</exclusive-start>
<cycle-start id="2866" type="global" contextid="0" timestamp="2022-02-08T16:48:04.611" intervalms="2978.033" />
<concurrent-start id="2867" type="global mark" contextid="2866" timestamp="2022-02-08T16:48:04.611">
</concurrent-start>
<exclusive-end id="2868" timestamp="2022-02-08T16:48:04.611" durationms="0.030" />

<exclusive-start id="2869" timestamp="2022-02-08T16:48:04.744" intervalms="132.940">
  <response-info timems="0.019" idlems="0.019" threads="0" lastid="0000000000016F00" lastname="main" />
</exclusive-start>
<af-start id="2870" threadId="0000000000017908" totalBytesRequested="104" timestamp="2022-02-08T16:48:04.744" intervalms="1099.983" type="nursery" />
<cycle-start id="2871" type="scavenge" contextid="0" timestamp="2022-02-08T16:48:04.744" intervalms="1099.983" />
<gc-start id="2872" type="scavenge" contextid="2871" timestamp="2022-02-08T16:48:04.744">
  <mem-info id="2873" free="159367232" total="1073741824" percent="14">
    <mem type="nursery" free="0" total="268435456" percent="0">
      <mem type="allocate" free="0" total="184025088" percent="0" />
      <mem type="survivor" free="0" total="84410368" percent="0" />
    </mem>
    <mem type="tenure" free="159367232" total="805306368" percent="19">
      <mem type="soa" free="151313472" total="797252608" percent="18" />
      <mem type="loa" free="8053760" total="8053760" percent="100" />
    </mem>
    <remembered-set count="136" />
  </mem-info>
</gc-start>
<allocation-stats totalBytes="108261912" >
  <allocated-bytes non-tlh="2938352" tlh="105323560" />
  <largest-consumer threadName="main" threadId="0000000000016F00" bytes="108261912" />
</allocation-stats>
<gc-op id="2874" type="scavenge" timems="81.641" contextid="2871" timestamp="2022-02-08T16:48:04.826">
  <scavenger-info tenureage="1" tenuremask="7ffe" tiltratio="68" />
  <memory-copied type="nursery" objects="1459620" bytes="76144800" bytesdiscarded="64224" />
  <memory-copied type="tenure" objects="1320356" bytes="75561176" bytesdiscarded="40096" />
  <finalization candidates="110" enqueued="53" />
  <references type="soft" candidates="14" cleared="0" enqueued="0" dynamicThreshold="12" maxThreshold="32" />
  <references type="weak" candidates="1" cleared="0" enqueued="0" />
  <references type="phantom" candidates="95" cleared="7" enqueued="7" />
  <object-monitors candidates="2" cleared="0"  />
</gc-op>
<gc-end id="2875" type="scavenge" contextid="2871" durationms="82.113" usertimems="318.958" systemtimems="3.461" stalltimems="2.756" timestamp="2022-02-08T16:48:04.826" activeThreads="4">
  <mem-info id="2876" free="192021568" total="1073741824" percent="17">
    <mem type="nursery" free="108143616" total="268435456" percent="40">
      <mem type="allocate" free="108143616" total="184352768" percent="58" />
      <mem type="survivor" free="0" total="84082688" percent="0" />
    </mem>
    <mem type="tenure" free="83877952" total="805306368" percent="10" macro-fragmented="0">
      <mem type="soa" free="75824192" total="797252608" percent="9" />
      <mem type="loa" free="8053760" total="8053760" percent="100" />
    </mem>
    <pending-finalizers system="52" default="1" reference="7" classloader="0" />
    <remembered-set count="130" />
  </mem-info>
</gc-end>
<cycle-end id="2877" type="scavenge" contextid="2871" timestamp="2022-02-08T16:48:04.826" />
<allocation-satisfied id="2878" threadId="0000000000016F00" bytesRequested="104" />
<af-end id="2879" timestamp="2022-02-08T16:48:04.826" threadId="0000000000017908" success="true" from="nursery"/>
<exclusive-end id="2880" timestamp="2022-02-08T16:48:04.826" durationms="82.430" />

<concurrent-end id="2881" type="global mark" contextid="2866" timestamp="2022-02-08T16:48:04.927">
<gc-op id="2882" type="trace" timems="315.441" contextid="2866" timestamp="2022-02-08T16:48:04.927">
  <trace bytesTraced="74439000" workStackOverflowCount="0" />
  <card-cleaning reason="card cleaning threshold reached" bytesTraced="2488" cardsCleaned="2" />
</gc-op>
</concurrent-end>

<exclusive-start id="2883" timestamp="2022-02-08T16:48:04.927" intervalms="182.575">
  <response-info timems="0.021" idlems="0.021" threads="0" lastid="0000000000016F00" lastname="main" />
</exclusive-start>
<concurrent-global-final id="2884" timestamp="2022-02-08T16:48:04.927" contextid="2866" intervalms="2943.006" >
  <concurrent-trace-info reason="card cleaning threshold reached" tracedByMutators="53431340" tracedByHelpers="21010148" cardsCleaned="2" workStackOverflowCount="0" />
</concurrent-global-final>
<gc-start id="2885" type="global" contextid="2866" timestamp="2022-02-08T16:48:04.927">
  <mem-info id="2886" free="185230296" total="1073741824" percent="17">
    <mem type="nursery" free="101352344" total="268435456" percent="37">
      <mem type="allocate" free="101352344" total="184352768" percent="54" />
      <mem type="survivor" free="0" total="84082688" percent="0" />
    </mem>
    <mem type="tenure" free="83877952" total="805306368" percent="10">
      <mem type="soa" free="75824192" total="797252608" percent="9" />
      <mem type="loa" free="8053760" total="8053760" percent="100" />
    </mem>
    <remembered-set count="131" />
  </mem-info>
</gc-start>
<allocation-stats totalBytes="6787360" >
  <allocated-bytes non-tlh="104" tlh="6787256" />
  <largest-consumer threadName="main" threadId="0000000000016F00" bytes="6779168" />
</allocation-stats>
<gc-op id="2887" type="rs-scan" timems="130.386" contextid="2866" timestamp="2022-02-08T16:48:05.057">
  <scan objectsFound="3324744" bytesTraced="71015752" workStackOverflowCount="0" />
</gc-op>
<gc-op id="2888" type="card-cleaning" timems="0.271" contextid="2866" timestamp="2022-02-08T16:48:05.057">
  <card-cleaning cardsCleaned="4" bytesTraced="5988" workStackOverflowCount="0" />
</gc-op>
<gc-op id="2889" type="mark" timems="32.641" contextid="2866" timestamp="2022-02-08T16:48:05.090">
  <trace-info objectcount="1213558" scancount="911694" scanbytes="19517240" />
  <finalization candidates="428" enqueued="57" />
  <ownableSynchronizers candidates="1" cleared="0" />
  <references type="soft" candidates="894" cleared="0" enqueued="0" dynamicThreshold="12" maxThreshold="32" />
  <references type="weak" candidates="1701" cleared="0" enqueued="0" />
  <references type="phantom" candidates="52" cleared="2" enqueued="2" />
  <stringconstants candidates="6470" cleared="0"  />
  <object-monitors candidates="2" cleared="0"  />
</gc-op>
<gc-op id="2890" type="sweep" timems="4.583" contextid="2866" timestamp="2022-02-08T16:48:05.095" />
<gc-end id="2891" type="global" contextid="2866" durationms="168.271" usertimems="181.937" systemtimems="0.680" stalltimems="97.521" timestamp="2022-02-08T16:48:05.095" activeThreads="4">
  <mem-info id="2892" free="428663880" total="1073741824" percent="39">
    <mem type="nursery" free="101983456" total="268435456" percent="37">
      <mem type="allocate" free="101983456" total="184352768" percent="55" />
      <mem type="survivor" free="0" total="84082688" percent="0" />
    </mem>
    <mem type="tenure" free="326680424" total="805306368" percent="40" micro-fragmented="249639" macro-fragmented="0">
      <mem type="soa" free="318626664" total="797252608" percent="39" />
      <mem type="loa" free="8053760" total="8053760" percent="100" />
    </mem>
    <pending-finalizers system="57" default="0" reference="2" classloader="0" />
    <remembered-set count="113" />
  </mem-info>
</gc-end>
<cycle-end id="2893" type="global" contextid="2866" timestamp="2022-02-08T16:48:05.095" />
<exclusive-end id="2894" timestamp="2022-02-08T16:48:05.095" durationms="168.467" />

<exclusive-start id="2895" timestamp="2022-02-08T16:48:05.820" intervalms="893.498">
  <response-info timems="0.023" idlems="0.023" threads="0" lastid="0000000000016F00" lastname="main" />
</exclusive-start>
<af-start id="2896" threadId="0000000000017908" totalBytesRequested="200" timestamp="2022-02-08T16:48:05.820" intervalms="1076.072" type="nursery" />
<cycle-start id="2897" type="scavenge" contextid="0" timestamp="2022-02-08T16:48:05.820" intervalms="1076.072" />
<gc-start id="2898" type="scavenge" contextid="2897" timestamp="2022-02-08T16:48:05.820">
  <mem-info id="2899" free="326680424" total="1073741824" percent="30">
    <mem type="nursery" free="0" total="268435456" percent="0">
      <mem type="allocate" free="0" total="184352768" percent="0" />
      <mem type="survivor" free="0" total="84082688" percent="0" />
    </mem>
    <mem type="tenure" free="326680424" total="805306368" percent="40">
      <mem type="soa" free="318626664" total="797252608" percent="39" />
      <mem type="loa" free="8053760" total="8053760" percent="100" />
    </mem>
    <remembered-set count="114" />
  </mem-info>
</gc-start>
<allocation-stats totalBytes="101935224" >
  <allocated-bytes non-tlh="0" tlh="101935224" />
  <largest-consumer threadName="main" threadId="0000000000016F00" bytes="101928472" />
</allocation-stats>
<gc-op id="2900" type="scavenge" timems="86.729" contextid="2897" timestamp="2022-02-08T16:48:05.907">
  <scavenger-info tenureage="1" tenuremask="7ffe" tiltratio="68" />
  <memory-copied type="nursery" objects="1403599" bytes="77352472" bytesdiscarded="333040" />
  <memory-copied type="tenure" objects="1458905" bytes="75676864" bytesdiscarded="44160" />
  <finalization candidates="57" enqueued="0" />
  <ownableSynchronizers candidates="2" cleared="2" />
  <object-monitors candidates="2" cleared="0"  />
</gc-op>
<gc-end id="2901" type="scavenge" contextid="2897" durationms="87.172" usertimems="344.481" systemtimems="0.000" stalltimems="1.488" timestamp="2022-02-08T16:48:05.907" activeThreads="4">
  <mem-info id="2902" free="356792664" total="1073741824" percent="33">
    <mem type="nursery" free="106011896" total="268435456" percent="39">
      <mem type="allocate" free="106011896" total="183697408" percent="57" />
      <mem type="survivor" free="0" total="84738048" percent="0" />
    </mem>
    <mem type="tenure" free="250780768" total="805306368" percent="31" macro-fragmented="0">
      <mem type="soa" free="242727008" total="797252608" percent="30" />
      <mem type="loa" free="8053760" total="8053760" percent="100" />
    </mem>
    <remembered-set count="104" />
  </mem-info>
</gc-end>
<cycle-end id="2903" type="scavenge" contextid="2897" timestamp="2022-02-08T16:48:05.908" />
<allocation-satisfied id="2904" threadId="0000000000016F00" bytesRequested="200" />
<af-end id="2905" timestamp="2022-02-08T16:48:05.908" threadId="0000000000017908" success="true" from="nursery"/>
<exclusive-end id="2906" timestamp="2022-02-08T16:48:05.908" durationms="87.461" />

<exclusive-start id="2907" timestamp="2022-02-08T16:48:06.575" intervalms="754.910">
  <response-info timems="0.033" idlems="0.033" threads="0" lastid="0000000000016F00" lastname="main" />
</exclusive-start>
<af-start id="2908" threadId="0000000000017908" totalBytesRequested="184" timestamp="2022-02-08T16:48:06.575" intervalms="754.909" type="nursery" />
<cycle-start id="2909" type="scavenge" contextid="0" timestamp="2022-02-08T16:48:06.575" intervalms="754.908" />
<gc-start id="2910" type="scavenge" contextid="2909" timestamp="2022-02-08T16:48:06.575">
  <mem-info id="2911" free="250780768" total="1073741824" percent="23">
    <mem type="nursery" free="0" total="268435456" percent="0">
      <mem type="allocate" free="0" total="183697408" percent="0" />
      <mem type="survivor" free="0" total="84738048" percent="0" />
    </mem>
    <mem type="tenure" free="250780768" total="805306368" percent="31">
      <mem type="soa" free="242727008" total="797252608" percent="30" />
      <mem type="loa" free="8053760" total="8053760" percent="100" />
    </mem>
    <remembered-set count="104" />
  </mem-info>
</gc-start>
<allocation-stats totalBytes="105963000" >
  <allocated-bytes non-tlh="200" tlh="105962800" />
  <largest-consumer threadName="main" threadId="0000000000016F00" bytes="105963000" />
</allocation-stats>
<gc-op id="2912" type="scavenge" timems="91.321" contextid="2909" timestamp="2022-02-08T16:48:06.666">
  <scavenger-info tenureage="1" tenuremask="7ffe" tiltratio="68" />
  <memory-copied type="nursery" objects="1324321" bytes="75339728" bytesdiscarded="293336" />
  <memory-copied type="tenure" objects="1403598" bytes="77352360" bytesdiscarded="39248" />
  <object-monitors candidates="2" cleared="0"  />
</gc-op>
<gc-end id="2913" type="scavenge" contextid="2909" durationms="91.879" usertimems="363.247" systemtimems="0.000" stalltimems="1.179" timestamp="2022-02-08T16:48:06.667" activeThreads="4">
  <mem-info id="2914" free="281810408" total="1073741824" percent="26">
    <mem type="nursery" free="108326488" total="268435456" percent="40">
      <mem type="allocate" free="108326488" total="183959552" percent="58" />
      <mem type="survivor" free="0" total="84475904" percent="0" />
    </mem>
    <mem type="tenure" free="173483920" total="805306368" percent="21" macro-fragmented="0">
      <mem type="soa" free="165430160" total="797252608" percent="20" />
      <mem type="loa" free="8053760" total="8053760" percent="100" />
    </mem>
    <remembered-set count="104" />
  </mem-info>
</gc-end>
<cycle-end id="2915" type="scavenge" contextid="2909" timestamp="2022-02-08T16:48:06.667" />
<allocation-satisfied id="2916" threadId="0000000000016F00" bytesRequested="184" />
<af-end id="2917" timestamp="2022-02-08T16:48:06.667" threadId="0000000000017908" success="true" from="nursery"/>
<exclusive-end id="2918" timestamp="2022-02-08T16:48:06.667" durationms="92.291" />

<exclusive-start id="2919" timestamp="2022-02-08T16:48:07.580" intervalms="1005.025">
  <response-info timems="0.018" idlems="0.018" threads="0" lastid="0000000000016F00" lastname="main" />
</exclusive-start>
<af-start id="2920" threadId="0000000000017908" totalBytesRequested="136" timestamp="2022-02-08T16:48:07.580" intervalms="1005.027" type="nursery" />
<cycle-start id="2921" type="scavenge" contextid="0" timestamp="2022-02-08T16:48:07.580" intervalms="1005.028" />
<gc-start id="2922" type="scavenge" contextid="2921" timestamp="2022-02-08T16:48:07.580">
  <mem-info id="2923" free="173483920" total="1073741824" percent="16">
    <mem type="nursery" free="0" total="268435456" percent="0">
      <mem type="allocate" free="0" total="183959552" percent="0" />
      <mem type="survivor" free="0" total="84475904" percent="0" />
    </mem>
    <mem type="tenure" free="173483920" total="805306368" percent="21">
      <mem type="soa" free="165430160" total="797252608" percent="20" />
      <mem type="loa" free="8053760" total="8053760" percent="100" />
    </mem>
    <remembered-set count="135" />
  </mem-info>
</gc-start>
<allocation-stats totalBytes="108278416" >
  <allocated-bytes non-tlh="2841632" tlh="105436784" />
  <largest-consumer threadName="main" threadId="0000000000016F00" bytes="108278416" />
</allocation-stats>
<gc-op id="2924" type="scavenge" timems="77.933" contextid="2921" timestamp="2022-02-08T16:48:07.658">
  <scavenger-info tenureage="1" tenuremask="7ffe" tiltratio="68" />
  <memory-copied type="nursery" objects="1443948" bytes="76092064" bytesdiscarded="205536" />
  <memory-copied type="tenure" objects="1324320" bytes="75339624" bytesdiscarded="39096" />
  <finalization candidates="110" enqueued="53" />
  <references type="soft" candidates="14" cleared="0" enqueued="0" dynamicThreshold="12" maxThreshold="32" />
  <references type="weak" candidates="1" cleared="0" enqueued="0" />
  <references type="phantom" candidates="95" cleared="7" enqueued="7" />
  <object-monitors candidates="2" cleared="0"  />
</gc-op>
<gc-end id="2925" type="scavenge" contextid="2921" durationms="78.277" usertimems="306.585" systemtimems="0.007" stalltimems="3.824" timestamp="2022-02-08T16:48:07.658" activeThreads="4">
  <mem-info id="2926" free="205917152" total="1073741824" percent="19">
    <mem type="nursery" free="107923968" total="268435456" percent="40">
      <mem type="allocate" free="107923968" total="184221696" percent="58" />
      <mem type="survivor" free="0" total="84213760" percent="0" />
    </mem>
    <mem type="tenure" free="97993184" total="805306368" percent="12" macro-fragmented="82818304">
      <mem type="soa" free="89939424" total="797252608" percent="11" />
      <mem type="loa" free="8053760" total="8053760" percent="100" />
    </mem>
    <pending-finalizers system="52" default="1" reference="7" classloader="0" />
    <remembered-set count="130" />
  </mem-info>
</gc-end>
<cycle-end id="2927" type="scavenge" contextid="2921" timestamp="2022-02-08T16:48:07.659" />
<allocation-satisfied id="2928" threadId="0000000000016F00" bytesRequested="136" />
<af-end id="2929" timestamp="2022-02-08T16:48:07.659" threadId="0000000000017908" success="true" from="nursery"/>
<exclusive-end id="2930" timestamp="2022-02-08T16:48:07.659" durationms="78.597" />

<concurrent-kickoff id="2931" timestamp="2022-02-08T16:48:08.396">
  <kickoff reason="threshold reached" targetBytes="74441846" thresholdFreeBytes="6151247"  remainingFree="6081024" tenureFreeBytes="97993184" nurseryFreeBytes="6081024" />
</concurrent-kickoff>
<exclusive-start id="2932" timestamp="2022-02-08T16:48:08.400" intervalms="819.689">
  <response-info timems="0.020" idlems="0.020" threads="0" lastid="0000000000016F00" lastname="main" />
</exclusive-start>
<cycle-start id="2933" type="global" contextid="0" timestamp="2022-02-08T16:48:08.400" intervalms="3788.641" />
<concurrent-start id="2934" type="global mark" contextid="2933" timestamp="2022-02-08T16:48:08.400">
</concurrent-start>
<exclusive-end id="2935" timestamp="2022-02-08T16:48:08.400" durationms="0.043" />

<exclusive-start id="2936" timestamp="2022-02-08T16:48:08.555" intervalms="155.571">
  <response-info timems="0.036" idlems="0.036" threads="0" lastid="0000000000016F00" lastname="main" />
</exclusive-start>
<af-start id="2937" threadId="0000000000017908" totalBytesRequested="88" timestamp="2022-02-08T16:48:08.555" intervalms="975.258" type="nursery" />
<cycle-start id="2938" type="scavenge" contextid="0" timestamp="2022-02-08T16:48:08.555" intervalms="975.257" />
<gc-start id="2939" type="scavenge" contextid="2938" timestamp="2022-02-08T16:48:08.555">
  <mem-info id="2940" free="97993184" total="1073741824" percent="9">
    <mem type="nursery" free="0" total="268435456" percent="0">
      <mem type="allocate" free="0" total="184221696" percent="0" />
      <mem type="survivor" free="0" total="84213760" percent="0" />
    </mem>
    <mem type="tenure" free="97993184" total="805306368" percent="12">
      <mem type="soa" free="89939424" total="797252608" percent="11" />
      <mem type="loa" free="8053760" total="8053760" percent="100" />
    </mem>
    <remembered-set count="131" />
  </mem-info>
</gc-start>
<allocation-stats totalBytes="107872800" >
  <allocated-bytes non-tlh="136" tlh="107872664" />
  <largest-consumer threadName="main" threadId="0000000000016F00" bytes="107864608" />
</allocation-stats>
<gc-op id="2941" type="scavenge" timems="90.921" contextid="2938" timestamp="2022-02-08T16:48:08.646">
  <scavenger-info tenureage="1" tenuremask="7ffe" tiltratio="68" />
  <memory-copied type="nursery" objects="1398797" bytes="76883216" bytesdiscarded="186744" />
  <memory-copied type="tenure" objects="1443237" bytes="75624208" bytesdiscarded="36336" />
  <finalization candidates="57" enqueued="0" />
  <object-monitors candidates="2" cleared="0"  />
</gc-op>
<gc-end id="2942" type="scavenge" contextid="2938" durationms="91.232" usertimems="360.534" systemtimems="0.000" stalltimems="1.812" timestamp="2022-02-08T16:48:08.647" activeThreads="4">
  <mem-info id="2943" free="129797672" total="1073741824" percent="12">
    <mem type="nursery" free="107413880" total="268435456" percent="40">
      <mem type="allocate" free="107413880" total="184483840" percent="58" />
      <mem type="survivor" free="0" total="83951616" percent="0" />
    </mem>
    <mem type="tenure" free="22383792" total="805306368" percent="2" macro-fragmented="21116129">
      <mem type="soa" free="14330032" total="797252608" percent="1" />
      <mem type="loa" free="8053760" total="8053760" percent="100" />
    </mem>
    <remembered-set count="103" />
  </mem-info>
</gc-end>
<cycle-end id="2944" type="scavenge" contextid="2938" timestamp="2022-02-08T16:48:08.647" />
<allocation-satisfied id="2945" threadId="0000000000016F00" bytesRequested="88" />
<af-end id="2946" timestamp="2022-02-08T16:48:08.647" threadId="0000000000017908" success="true" from="nursery"/>
<exclusive-end id="2947" timestamp="2022-02-08T16:48:08.647" durationms="91.616" />

<concurrent-end id="2948" type="global mark" contextid="2933" timestamp="2022-02-08T16:48:08.738">
<gc-op id="2949" type="trace" timems="338.393" contextid="2933" timestamp="2022-02-08T16:48:08.738">
  <trace bytesTraced="74439240" workStackOverflowCount="0" />
  <card-cleaning reason="card cleaning threshold reached" bytesTraced="2488" cardsCleaned="2" />
</gc-op>
</concurrent-end>

<exclusive-start id="2950" timestamp="2022-02-08T16:48:08.738" intervalms="182.895">
  <response-info timems="0.017" idlems="0.017" threads="0" lastid="0000000000016F00" lastname="main" />
</exclusive-start>
<concurrent-global-final id="2951" timestamp="2022-02-08T16:48:08.738" contextid="2933" intervalms="3811.589" >
  <concurrent-trace-info reason="card cleaning threshold reached" tracedByMutators="50479068" tracedByHelpers="23962660" cardsCleaned="2" workStackOverflowCount="0" />
</concurrent-global-final>
<gc-start id="2952" type="global" contextid="2933" timestamp="2022-02-08T16:48:08.738">
  <mem-info id="2953" free="124063184" total="1073741824" percent="11">
    <mem type="nursery" free="101679392" total="268435456" percent="37">
      <mem type="allocate" free="101679392" total="184483840" percent="55" />
      <mem type="survivor" free="0" total="83951616" percent="0" />
    </mem>
    <mem type="tenure" free="22383792" total="805306368" percent="2">
      <mem type="soa" free="14330032" total="797252608" percent="1" />
      <mem type="loa" free="8053760" total="8053760" percent="100" />
    </mem>
    <remembered-set count="103" />
  </mem-info>
</gc-start>
<allocation-stats totalBytes="5731384" >
  <allocated-bytes non-tlh="88" tlh="5731296" />
  <largest-consumer threadName="main" threadId="0000000000016F00" bytes="5731384" />
</allocation-stats>
<gc-op id="2954" type="rs-scan" timems="0.581" contextid="2933" timestamp="2022-02-08T16:48:08.739">
  <scan objectsFound="0" bytesTraced="3988" workStackOverflowCount="0" />
</gc-op>
<gc-op id="2955" type="card-cleaning" timems="153.230" contextid="2933" timestamp="2022-02-08T16:48:08.892">
  <card-cleaning cardsCleaned="11" bytesTraced="71019156" workStackOverflowCount="0" />
</gc-op>
<gc-op id="2956" type="mark" timems="66.160" contextid="2933" timestamp="2022-02-08T16:48:08.958">
  <trace-info objectcount="2339095" scancount="1755849" scanbytes="37525800" />
  <finalization candidates="428" enqueued="57" />
  <ownableSynchronizers candidates="1" cleared="0" />
  <references type="soft" candidates="894" cleared="0" enqueued="0" dynamicThreshold="12" maxThreshold="32" />
  <references type="weak" candidates="1701" cleared="0" enqueued="0" />
  <references type="phantom" candidates="52" cleared="2" enqueued="2" />
  <stringconstants candidates="6470" cleared="0"  />
  <object-monitors candidates="2" cleared="0"  />
</gc-op>
<gc-op id="2957" type="sweep" timems="5.026" contextid="2933" timestamp="2022-02-08T16:48:08.964" />
<gc-end id="2958" type="global" contextid="2933" durationms="225.399" usertimems="239.679" systemtimems="0.266" stalltimems="198.190" timestamp="2022-02-08T16:48:08.964" activeThreads="4">
  <mem-info id="2959" free="367212912" total="1073741824" percent="34">
    <mem type="nursery" free="101955880" total="268435456" percent="37">
      <mem type="allocate" free="101955880" total="184483840" percent="55" />
      <mem type="survivor" free="0" total="83951616" percent="0" />
    </mem>
    <mem type="tenure" free="265257032" total="805306368" percent="32" micro-fragmented="272913" macro-fragmented="0">
      <mem type="soa" free="257203272" total="797252608" percent="32" />
      <mem type="loa" free="8053760" total="8053760" percent="100" />
    </mem>
    <pending-finalizers system="57" default="0" reference="2" classloader="0" />
    <remembered-set count="103" />
  </mem-info>
</gc-end>
<cycle-end id="2960" type="global" contextid="2933" timestamp="2022-02-08T16:48:08.964" />
<exclusive-end id="2961" timestamp="2022-02-08T16:48:08.964" durationms="225.593" />

<exclusive-start id="2962" timestamp="2022-02-08T16:48:09.606" intervalms="867.616">
  <response-info timems="0.019" idlems="0.019" threads="0" lastid="0000000000016F00" lastname="main" />
</exclusive-start>
<af-start id="2963" threadId="0000000000017908" totalBytesRequested="720" timestamp="2022-02-08T16:48:09.606" intervalms="1050.513" type="nursery" />
<cycle-start id="2964" type="scavenge" contextid="0" timestamp="2022-02-08T16:48:09.606" intervalms="1050.513" />
<gc-start id="2965" type="scavenge" contextid="2964" timestamp="2022-02-08T16:48:09.606">
  <mem-info id="2966" free="265257032" total="1073741824" percent="24">
    <mem type="nursery" free="0" total="268435456" percent="0">
      <mem type="allocate" free="0" total="184483840" percent="0" />
      <mem type="survivor" free="0" total="83951616" percent="0" />
    </mem>
    <mem type="tenure" free="265257032" total="805306368" percent="32">
      <mem type="soa" free="257203272" total="797252608" percent="32" />
      <mem type="loa" free="8053760" total="8053760" percent="100" />
    </mem>
    <remembered-set count="106" />
  </mem-info>
</gc-start>
<allocation-stats totalBytes="101910360" >
  <allocated-bytes non-tlh="0" tlh="101910360" />
  <largest-consumer threadName="main" threadId="0000000000016F00" bytes="101906264" />
</allocation-stats>
<gc-op id="2967" type="scavenge" timems="79.678" contextid="2964" timestamp="2022-02-08T16:48:09.686">
  <scavenger-info tenureage="1" tenuremask="7ffe" tiltratio="68" />
  <memory-copied type="nursery" objects="1347039" bytes="76418720" bytesdiscarded="201912" />
  <memory-copied type="tenure" objects="1398796" bytes="76883160" bytesdiscarded="44280" />
  <ownableSynchronizers candidates="2" cleared="2" />
  <object-monitors candidates="2" cleared="0"  />
</gc-op>
<gc-end id="2968" type="scavenge" contextid="2964" durationms="80.047" usertimems="311.151" systemtimems="4.128" stalltimems="2.542" timestamp="2022-02-08T16:48:09.686" activeThreads="4">
  <mem-info id="2969" free="295970448" total="1073741824" percent="27">
    <mem type="nursery" free="107994280" total="268435456" percent="40">
      <mem type="allocate" free="107994280" total="184614912" percent="58" />
      <mem type="survivor" free="0" total="83820544" percent="0" />
    </mem>
    <mem type="tenure" free="187976168" total="805306368" percent="23" macro-fragmented="0">
      <mem type="soa" free="179922408" total="797252608" percent="22" />
      <mem type="loa" free="8053760" total="8053760" percent="100" />
    </mem>
    <remembered-set count="105" />
  </mem-info>
</gc-end>
<cycle-end id="2970" type="scavenge" contextid="2964" timestamp="2022-02-08T16:48:09.686" />
<allocation-satisfied id="2971" threadId="0000000000016F00" bytesRequested="720" />
<af-end id="2972" timestamp="2022-02-08T16:48:09.686" threadId="0000000000017908" success="true" from="nursery"/>
<exclusive-end id="2973" timestamp="2022-02-08T16:48:09.686" durationms="80.352" />

<exclusive-start id="2974" timestamp="2022-02-08T16:48:10.618" intervalms="1011.983">
  <response-info timems="0.028" idlems="0.028" threads="0" lastid="0000000000016F00" lastname="main" />
</exclusive-start>
<af-start id="2975" threadId="0000000000017908" totalBytesRequested="192" timestamp="2022-02-08T16:48:10.618" intervalms="1011.990" type="nursery" />
<cycle-start id="2976" type="scavenge" contextid="0" timestamp="2022-02-08T16:48:10.618" intervalms="1012.014" />
<gc-start id="2977" type="scavenge" contextid="2976" timestamp="2022-02-08T16:48:10.618">
  <mem-info id="2978" free="187976168" total="1073741824" percent="17">
    <mem type="nursery" free="0" total="268435456" percent="0">
      <mem type="allocate" free="0" total="184614912" percent="0" />
      <mem type="survivor" free="0" total="83820544" percent="0" />
    </mem>
    <mem type="tenure" free="187976168" total="805306368" percent="23">
      <mem type="soa" free="179922408" total="797252608" percent="22" />
      <mem type="loa" free="8053760" total="8053760" percent="100" />
    </mem>
    <remembered-set count="136" />
  </mem-info>
</gc-start>
<allocation-stats totalBytes="107945088" >
  <allocated-bytes non-tlh="1591288" tlh="106353800" />
  <largest-consumer threadName="main" threadId="0000000000016F00" bytes="107945088" />
</allocation-stats>
<gc-op id="2979" type="scavenge" timems="91.028" contextid="2976" timestamp="2022-02-08T16:48:10.709">
  <scavenger-info tenureage="1" tenuremask="7ffe" tiltratio="68" />
  <memory-copied type="nursery" objects="1458256" bytes="75963008" bytesdiscarded="170360" />
  <memory-copied type="tenure" objects="1347038" bytes="76418352" bytesdiscarded="38032" />
  <finalization candidates="109" enqueued="53" />
  <references type="soft" candidates="14" cleared="0" enqueued="0" dynamicThreshold="10" maxThreshold="32" />
  <references type="weak" candidates="1" cleared="0" enqueued="0" />
  <references type="phantom" candidates="94" cleared="7" enqueued="7" />
  <object-monitors candidates="2" cleared="0"  />
</gc-op>
<gc-end id="2980" type="scavenge" contextid="2976" durationms="91.425" usertimems="359.639" systemtimems="0.731" stalltimems="2.892" timestamp="2022-02-08T16:48:10.709" activeThreads="4">
  <mem-info id="2981" free="220389008" total="1073741824" percent="20">
    <mem type="nursery" free="108743560" total="268435456" percent="40">
      <mem type="allocate" free="108743560" total="184877056" percent="58" />
      <mem type="survivor" free="0" total="83558400" percent="0" />
    </mem>
    <mem type="tenure" free="111645448" total="805306368" percent="13" macro-fragmented="0">
      <mem type="soa" free="103591688" total="797252608" percent="12" />
      <mem type="loa" free="8053760" total="8053760" percent="100" />
    </mem>
    <pending-finalizers system="52" default="1" reference="7" classloader="0" />
    <remembered-set count="132" />
  </mem-info>
</gc-end>
<cycle-end id="2982" type="scavenge" contextid="2976" timestamp="2022-02-08T16:48:10.710" />
<allocation-satisfied id="2983" threadId="0000000000016F00" bytesRequested="192" />
<af-end id="2984" timestamp="2022-02-08T16:48:10.710" threadId="0000000000017908" success="true" from="nursery"/>
<exclusive-end id="2985" timestamp="2022-02-08T16:48:10.710" durationms="91.761" />

<concurrent-kickoff id="2986" timestamp="2022-02-08T16:48:11.434">
  <kickoff reason="threshold reached" targetBytes="74441911" thresholdFreeBytes="6188777"  remainingFree="6101608" tenureFreeBytes="111645448" nurseryFreeBytes="6101608" />
</concurrent-kickoff>
<exclusive-start id="2987" timestamp="2022-02-08T16:48:11.438" intervalms="820.176">
  <response-info timems="0.021" idlems="0.021" threads="0" lastid="0000000000016F00" lastname="main" />
</exclusive-start>
<cycle-start id="2988" type="global" contextid="0" timestamp="2022-02-08T16:48:11.438" intervalms="3038.237" />
<concurrent-start id="2989" type="global mark" contextid="2988" timestamp="2022-02-08T16:48:11.438">
</concurrent-start>
<exclusive-end id="2990" timestamp="2022-02-08T16:48:11.438" durationms="0.030" />

<exclusive-start id="2991" timestamp="2022-02-08T16:48:11.588" intervalms="149.944">
  <response-info timems="0.023" idlems="0.023" threads="0" lastid="0000000000016F00" lastname="main" />
</exclusive-start>
<af-start id="2992" threadId="0000000000017908" totalBytesRequested="200" timestamp="2022-02-08T16:48:11.588" intervalms="970.113" type="nursery" />
<cycle-start id="2993" type="scavenge" contextid="0" timestamp="2022-02-08T16:48:11.588" intervalms="970.102" />
<gc-start id="2994" type="scavenge" contextid="2993" timestamp="2022-02-08T16:48:11.588">
  <mem-info id="2995" free="111645448" total="1073741824" percent="10">
    <mem type="nursery" free="0" total="268435456" percent="0">
      <mem type="allocate" free="0" total="184877056" percent="0" />
      <mem type="survivor" free="0" total="83558400" percent="0" />
    </mem>
    <mem type="tenure" free="111645448" total="805306368" percent="13">
      <mem type="soa" free="103591688" total="797252608" percent="12" />
      <mem type="loa" free="8053760" total="8053760" percent="100" />
    </mem>
    <remembered-set count="133" />
  </mem-info>
</gc-start>
<allocation-stats totalBytes="108691704" >
  <allocated-bytes non-tlh="1347872" tlh="107343832" />
  <largest-consumer threadName="main" threadId="0000000000016F00" bytes="108683512" />
</allocation-stats>
<gc-op id="2996" type="scavenge" timems="84.295" contextid="2993" timestamp="2022-02-08T16:48:11.672">
  <scavenger-info tenureage="1" tenuremask="7ffe" tiltratio="68" />
  <memory-copied type="nursery" objects="1381374" bytes="77812312" bytesdiscarded="147976" />
  <memory-copied type="tenure" objects="1457536" bytes="75019736" bytesdiscarded="34520" />
  <finalization candidates="57" enqueued="0" />
  <references type="phantom" candidates="1" cleared="0" enqueued="0" />
  <object-monitors candidates="2" cleared="0"  />
</gc-op>
<gc-end id="2997" type="scavenge" contextid="2993" durationms="84.754" usertimems="332.817" systemtimems="0.000" stalltimems="3.570" timestamp="2022-02-08T16:48:11.673" activeThreads="4">
  <mem-info id="2998" free="141530128" total="1073741824" percent="13">
    <mem type="nursery" free="104885152" total="268435456" percent="39">
      <mem type="allocate" free="104885152" total="182845440" percent="57" />
      <mem type="survivor" free="0" total="85590016" percent="0" />
    </mem>
    <mem type="tenure" free="36644976" total="805306368" percent="4" macro-fragmented="0">
      <mem type="soa" free="28591216" total="797252608" percent="3" />
      <mem type="loa" free="8053760" total="8053760" percent="100" />
    </mem>
    <remembered-set count="102" />
  </mem-info>
</gc-end>
<cycle-end id="2999" type="scavenge" contextid="2993" timestamp="2022-02-08T16:48:11.673" />
<allocation-satisfied id="3000" threadId="0000000000016F00" bytesRequested="200" />
<af-end id="3001" timestamp="2022-02-08T16:48:11.673" threadId="0000000000017908" success="true" from="nursery"/>
<exclusive-end id="3002" timestamp="2022-02-08T16:48:11.673" durationms="85.090" />

<concurrent-end id="3003" type="global mark" contextid="2988" timestamp="2022-02-08T16:48:11.763">
<gc-op id="3004" type="trace" timems="324.711" contextid="2988" timestamp="2022-02-08T16:48:11.763">
  <trace bytesTraced="74437400" workStackOverflowCount="0" />
  <card-cleaning reason="card cleaning threshold reached" bytesTraced="188" cardsCleaned="1" />
</gc-op>
</concurrent-end>

<exclusive-start id="3005" timestamp="2022-02-08T16:48:11.763" intervalms="174.842">
  <response-info timems="0.022" idlems="0.022" threads="0" lastid="0000000000016F00" lastname="main" />
</exclusive-start>
<concurrent-global-final id="3006" timestamp="2022-02-08T16:48:11.763" contextid="2988" intervalms="3024.560" >
  <concurrent-trace-info reason="card cleaning threshold reached" tracedByMutators="53762456" tracedByHelpers="20675132" cardsCleaned="1" workStackOverflowCount="0" />
</concurrent-global-final>
<gc-start id="3007" type="global" contextid="2988" timestamp="2022-02-08T16:48:11.763">
  <mem-info id="3008" free="136057672" total="1073741824" percent="12">
    <mem type="nursery" free="99412696" total="268435456" percent="37">
      <mem type="allocate" free="99412696" total="182845440" percent="54" />
      <mem type="survivor" free="0" total="85590016" percent="0" />
    </mem>
    <mem type="tenure" free="36644976" total="805306368" percent="4">
      <mem type="soa" free="28591216" total="797252608" percent="3" />
      <mem type="loa" free="8053760" total="8053760" percent="100" />
    </mem>
    <remembered-set count="102" />
  </mem-info>
</gc-start>
<allocation-stats totalBytes="5469512" >
  <allocated-bytes non-tlh="200" tlh="5469312" />
  <largest-consumer threadName="main" threadId="0000000000016F00" bytes="5469512" />
</allocation-stats>
<gc-op id="3009" type="rs-scan" timems="0.658" contextid="2988" timestamp="2022-02-08T16:48:11.764">
  <scan objectsFound="29" bytesTraced="5420" workStackOverflowCount="0" />
</gc-op>
<gc-op id="3010" type="card-cleaning" timems="156.593" contextid="2988" timestamp="2022-02-08T16:48:11.920">
  <card-cleaning cardsCleaned="9" bytesTraced="71017300" workStackOverflowCount="0" />
</gc-op>
<gc-op id="3011" type="mark" timems="57.567" contextid="2988" timestamp="2022-02-08T16:48:11.978">
  <trace-info objectcount="2089102" scancount="1568354" scanbytes="33525928" />
  <finalization candidates="428" enqueued="57" />
  <ownableSynchronizers candidates="1" cleared="0" />
  <references type="soft" candidates="894" cleared="0" enqueued="0" dynamicThreshold="10" maxThreshold="32" />
  <references type="weak" candidates="1701" cleared="0" enqueued="0" />
  <references type="phantom" candidates="52" cleared="2" enqueued="2" />
  <stringconstants candidates="6470" cleared="0"  />
  <object-monitors candidates="2" cleared="0"  />
</gc-op>
<gc-op id="3012" type="sweep" timems="5.123" contextid="2988" timestamp="2022-02-08T16:48:11.983" />
<gc-end id="3013" type="global" contextid="2988" durationms="220.410" usertimems="234.101" systemtimems="0.648" stalltimems="172.698" timestamp="2022-02-08T16:48:11.983" activeThreads="4">
  <mem-info id="3014" free="379205280" total="1073741824" percent="35">
    <mem type="nursery" free="99652696" total="268435456" percent="37">
      <mem type="allocate" free="99652696" total="182845440" percent="54" />
      <mem type="survivor" free="0" total="85590016" percent="0" />
    </mem>
    <mem type="tenure" free="279552584" total="805306368" percent="34" micro-fragmented="264769" macro-fragmented="0">
      <mem type="soa" free="271498824" total="797252608" percent="34" />
      <mem type="loa" free="8053760" total="8053760" percent="100" />
    </mem>
    <pending-finalizers system="57" default="0" reference="2" classloader="0" />
    <remembered-set count="102" />
  </mem-info>
</gc-end>
<cycle-end id="3015" type="global" contextid="2988" timestamp="2022-02-08T16:48:11.983" />
<exclusive-end id="3016" timestamp="2022-02-08T16:48:11.983" durationms="220.617" />

<exclusive-start id="3017" timestamp="2022-02-08T16:48:12.635" intervalms="872.398">
  <response-info timems="0.025" idlems="0.025" threads="0" lastid="0000000000016F00" lastname="main" />
</exclusive-start>
<af-start id="3018" threadId="0000000000017908" totalBytesRequested="208" timestamp="2022-02-08T16:48:12.635" intervalms="1047.274" type="nursery" />
<cycle-start id="3019" type="scavenge" contextid="0" timestamp="2022-02-08T16:48:12.635" intervalms="1047.268" />
<gc-start id="3020" type="scavenge" contextid="3019" timestamp="2022-02-08T16:48:12.636">
  <mem-info id="3021" free="279552584" total="1073741824" percent="26">
    <mem type="nursery" free="0" total="268435456" percent="0">
      <mem type="allocate" free="0" total="182845440" percent="0" />
      <mem type="survivor" free="0" total="85590016" percent="0" />
    </mem>
    <mem type="tenure" free="279552584" total="805306368" percent="34">
      <mem type="soa" free="271498824" total="797252608" percent="34" />
      <mem type="loa" free="8053760" total="8053760" percent="100" />
    </mem>
    <remembered-set count="105" />
  </mem-info>
</gc-start>
<allocation-stats totalBytes="99607248" >
  <allocated-bytes non-tlh="0" tlh="99607248" />
  <largest-consumer threadName="main" threadId="0000000000016F00" bytes="99603152" />
</allocation-stats>
<gc-op id="3022" type="scavenge" timems="82.287" contextid="3019" timestamp="2022-02-08T16:48:12.718">
  <scavenger-info tenureage="1" tenuremask="7ffe" tiltratio="68" />
  <memory-copied type="nursery" objects="1319115" bytes="74622408" bytesdiscarded="156504" />
  <memory-copied type="tenure" objects="1381373" bytes="77812200" bytesdiscarded="40632" />
  <finalization candidates="1" enqueued="0" />
  <ownableSynchronizers candidates="2" cleared="2" />
  <object-monitors candidates="2" cleared="0"  />
</gc-op>
<gc-end id="3023" type="scavenge" contextid="3019" durationms="82.766" usertimems="306.686" systemtimems="4.680" stalltimems="17.014" timestamp="2022-02-08T16:48:12.718" activeThreads="4">
  <mem-info id="3024" free="309814728" total="1073741824" percent="28">
    <mem type="nursery" free="108394208" total="268435456" percent="40">
      <mem type="allocate" free="108394208" total="183173120" percent="59" />
      <mem type="survivor" free="0" total="85262336" percent="0" />
    </mem>
    <mem type="tenure" free="201420520" total="805306368" percent="25" macro-fragmented="0">
      <mem type="soa" free="193366760" total="797252608" percent="24" />
      <mem type="loa" free="8053760" total="8053760" percent="100" />
    </mem>
    <remembered-set count="105" />
  </mem-info>
</gc-end>
<cycle-end id="3025" type="scavenge" contextid="3019" timestamp="2022-02-08T16:48:12.719" />
<allocation-satisfied id="3026" threadId="0000000000016F00" bytesRequested="208" />
<af-end id="3027" timestamp="2022-02-08T16:48:12.719" threadId="0000000000017908" success="true" from="nursery"/>
<exclusive-end id="3028" timestamp="2022-02-08T16:48:12.719" durationms="83.370" />

<exclusive-start id="3029" timestamp="2022-02-08T16:48:13.618" intervalms="983.077">
  <response-info timems="0.024" idlems="0.024" threads="0" lastid="0000000000016F00" lastname="main" />
</exclusive-start>
<af-start id="3030" threadId="0000000000017908" totalBytesRequested="104" timestamp="2022-02-08T16:48:13.618" intervalms="983.045" type="nursery" />
<cycle-start id="3031" type="scavenge" contextid="0" timestamp="2022-02-08T16:48:13.618" intervalms="983.041" />
<gc-start id="3032" type="scavenge" contextid="3031" timestamp="2022-02-08T16:48:13.618">
  <mem-info id="3033" free="201420520" total="1073741824" percent="18">
    <mem type="nursery" free="0" total="268435456" percent="0">
      <mem type="allocate" free="0" total="183173120" percent="0" />
      <mem type="survivor" free="0" total="85262336" percent="0" />
    </mem>
    <mem type="tenure" free="201420520" total="805306368" percent="25">
      <mem type="soa" free="193366760" total="797252608" percent="24" />
      <mem type="loa" free="8053760" total="8053760" percent="100" />
    </mem>
    <remembered-set count="136" />
  </mem-info>
</gc-start>
<allocation-stats totalBytes="108347048" >
  <allocated-bytes non-tlh="1661352" tlh="106685696" />
  <largest-consumer threadName="main" threadId="0000000000016F00" bytes="108347048" />
</allocation-stats>
<gc-op id="3034" type="scavenge" timems="83.088" contextid="3031" timestamp="2022-02-08T16:48:13.701">
  <scavenger-info tenureage="1" tenuremask="7ffe" tiltratio="68" />
  <memory-copied type="nursery" objects="1489475" bytes="76299672" bytesdiscarded="86512" />
  <memory-copied type="tenure" objects="1319114" bytes="74622296" bytesdiscarded="39144" />
  <finalization candidates="109" enqueued="53" />
  <references type="soft" candidates="14" cleared="0" enqueued="0" dynamicThreshold="11" maxThreshold="32" />
  <references type="weak" candidates="1" cleared="0" enqueued="0" />
  <references type="phantom" candidates="94" cleared="7" enqueued="7" />
  <object-monitors candidates="2" cleared="0"  />
</gc-op>
<gc-end id="3035" type="scavenge" contextid="3031" durationms="83.528" usertimems="327.500" systemtimems="0.129" stalltimems="4.053" timestamp="2022-02-08T16:48:13.702" activeThreads="4">
  <mem-info id="3036" free="233857040" total="1073741824" percent="21">
    <mem type="nursery" free="106983416" total="268435456" percent="39">
      <mem type="allocate" free="106983416" total="183369728" percent="58" />
      <mem type="survivor" free="0" total="85065728" percent="0" />
    </mem>
    <mem type="tenure" free="126873624" total="805306368" percent="15" macro-fragmented="0">
      <mem type="soa" free="118819864" total="797252608" percent="14" />
      <mem type="loa" free="8053760" total="8053760" percent="100" />
    </mem>
    <pending-finalizers system="52" default="1" reference="7" classloader="0" />
    <remembered-set count="132" />
  </mem-info>
</gc-end>
<cycle-end id="3037" type="scavenge" contextid="3031" timestamp="2022-02-08T16:48:13.702" />
<allocation-satisfied id="3038" threadId="0000000000016F00" bytesRequested="104" />
<af-end id="3039" timestamp="2022-02-08T16:48:13.702" threadId="0000000000017908" success="true" from="nursery"/>
<exclusive-end id="3040" timestamp="2022-02-08T16:48:13.702" durationms="83.855" />

<concurrent-kickoff id="3041" timestamp="2022-02-08T16:48:14.403">
  <kickoff reason="threshold reached" targetBytes="74440876" thresholdFreeBytes="6193531"  remainingFree="6123512" tenureFreeBytes="126873624" nurseryFreeBytes="6123512" />
</concurrent-kickoff>
<exclusive-start id="3042" timestamp="2022-02-08T16:48:14.406" intervalms="787.403">
  <response-info timems="0.020" idlems="0.020" threads="0" lastid="0000000000016F00" lastname="main" />
</exclusive-start>
<cycle-start id="3043" type="global" contextid="0" timestamp="2022-02-08T16:48:14.406" intervalms="2967.663" />
<concurrent-start id="3044" type="global mark" contextid="3043" timestamp="2022-02-08T16:48:14.406">
</concurrent-start>
<exclusive-end id="3045" timestamp="2022-02-08T16:48:14.406" durationms="0.029" />

<exclusive-start id="3046" timestamp="2022-02-08T16:48:14.557" intervalms="150.955">
  <response-info timems="0.038" idlems="0.038" threads="0" lastid="0000000000016F00" lastname="main" />
</exclusive-start>
<af-start id="3047" threadId="0000000000017908" totalBytesRequested="184" timestamp="2022-02-08T16:48:14.557" intervalms="938.356" type="nursery" />
<cycle-start id="3048" type="scavenge" contextid="0" timestamp="2022-02-08T16:48:14.557" intervalms="938.353" />
<gc-start id="3049" type="scavenge" contextid="3048" timestamp="2022-02-08T16:48:14.557">
  <mem-info id="3050" free="126873624" total="1073741824" percent="11">
    <mem type="nursery" free="0" total="268435456" percent="0">
      <mem type="allocate" free="0" total="183369728" percent="0" />
      <mem type="survivor" free="0" total="85065728" percent="0" />
    </mem>
    <mem type="tenure" free="126873624" total="805306368" percent="15">
      <mem type="soa" free="118819864" total="797252608" percent="14" />
      <mem type="loa" free="8053760" total="8053760" percent="100" />
    </mem>
    <remembered-set count="133" />
  </mem-info>
</gc-start>
<allocation-stats totalBytes="106934536" >
  <allocated-bytes non-tlh="1347784" tlh="105586752" />
  <largest-consumer threadName="main" threadId="0000000000016F00" bytes="106926344" />
</allocation-stats>
<gc-op id="3051" type="scavenge" timems="82.925" contextid="3048" timestamp="2022-02-08T16:48:14.640">
  <scavenger-info tenureage="1" tenuremask="7ffe" tiltratio="68" />
  <memory-copied type="nursery" objects="1337494" bytes="76522896" bytesdiscarded="112592" />
  <memory-copied type="tenure" objects="1488756" bytes="75356504" bytesdiscarded="36400" />
  <finalization candidates="57" enqueued="0" />
  <references type="phantom" candidates="1" cleared="0" enqueued="0" />
  <object-monitors candidates="2" cleared="0"  />
</gc-op>
<gc-end id="3052" type="scavenge" contextid="3048" durationms="83.360" usertimems="327.666" systemtimems="0.000" stalltimems="2.571" timestamp="2022-02-08T16:48:14.640" activeThreads="4">
  <mem-info id="3053" free="158474192" total="1073741824" percent="14">
    <mem type="nursery" free="107192992" total="268435456" percent="39">
      <mem type="allocate" free="107192992" total="183828480" percent="58" />
      <mem type="survivor" free="0" total="84606976" percent="0" />
    </mem>
    <mem type="tenure" free="51281200" total="805306368" percent="6" macro-fragmented="16050736">
      <mem type="soa" free="43227440" total="797252608" percent="5" />
      <mem type="loa" free="8053760" total="8053760" percent="100" />
    </mem>
    <remembered-set count="102" />
  </mem-info>
</gc-end>
<cycle-end id="3054" type="scavenge" contextid="3048" timestamp="2022-02-08T16:48:14.640" />
<allocation-satisfied id="3055" threadId="0000000000016F00" bytesRequested="184" />
<af-end id="3056" timestamp="2022-02-08T16:48:14.640" threadId="0000000000017908" success="true" from="nursery"/>
<exclusive-end id="3057" timestamp="2022-02-08T16:48:14.640" durationms="83.708" />

<concurrent-end id="3058" type="global mark" contextid="3043" timestamp="2022-02-08T16:48:14.733">
<gc-op id="3059" type="trace" timems="327.196" contextid="3043" timestamp="2022-02-08T16:48:14.733">
  <trace bytesTraced="74437560" workStackOverflowCount="0" />
  <card-cleaning reason="card cleaning threshold reached" bytesTraced="188" cardsCleaned="1" />
</gc-op>
</concurrent-end>

<exclusive-start id="3060" timestamp="2022-02-08T16:48:14.733" intervalms="176.321">
  <response-info timems="0.022" idlems="0.022" threads="0" lastid="0000000000016F00" lastname="main" />
</exclusive-start>
<concurrent-global-final id="3061" timestamp="2022-02-08T16:48:14.733" contextid="3043" intervalms="2970.178" >
  <concurrent-trace-info reason="card cleaning threshold reached" tracedByMutators="54691732" tracedByHelpers="19746016" cardsCleaned="1" workStackOverflowCount="0" />
</concurrent-global-final>
<gc-start id="3062" type="global" contextid="3043" timestamp="2022-02-08T16:48:14.733">
  <mem-info id="3063" free="152477464" total="1073741824" percent="14">
    <mem type="nursery" free="101196264" total="268435456" percent="37">
      <mem type="allocate" free="101196264" total="183828480" percent="55" />
      <mem type="survivor" free="0" total="84606976" percent="0" />
    </mem>
    <mem type="tenure" free="51281200" total="805306368" percent="6">
      <mem type="soa" free="43227440" total="797252608" percent="5" />
      <mem type="loa" free="8053760" total="8053760" percent="100" />
    </mem>
    <remembered-set count="102" />
  </mem-info>
</gc-start>
<allocation-stats totalBytes="5993920" >
  <allocated-bytes non-tlh="184" tlh="5993736" />
  <largest-consumer threadName="main" threadId="0000000000016F00" bytes="5993920" />
</allocation-stats>
<gc-op id="3064" type="rs-scan" timems="0.793" contextid="3043" timestamp="2022-02-08T16:48:14.734">
  <scan objectsFound="29" bytesTraced="5420" workStackOverflowCount="0" />
</gc-op>
<gc-op id="3065" type="card-cleaning" timems="153.589" contextid="3043" timestamp="2022-02-08T16:48:14.888">
  <card-cleaning cardsCleaned="9" bytesTraced="71017348" workStackOverflowCount="0" />
</gc-op>
<gc-op id="3066" type="mark" timems="58.212" contextid="3043" timestamp="2022-02-08T16:48:14.946">
  <trace-info objectcount="1813143" scancount="1361385" scanbytes="29110568" />
  <finalization candidates="428" enqueued="57" />
  <ownableSynchronizers candidates="1" cleared="0" />
  <references type="soft" candidates="894" cleared="0" enqueued="0" dynamicThreshold="11" maxThreshold="32" />
  <references type="weak" candidates="1701" cleared="0" enqueued="0" />
  <references type="phantom" candidates="52" cleared="2" enqueued="2" />
  <stringconstants candidates="6470" cleared="0"  />
  <object-monitors candidates="2" cleared="0"  />
</gc-op>
<gc-op id="3067" type="sweep" timems="5.173" contextid="3043" timestamp="2022-02-08T16:48:14.951" />
<gc-end id="3068" type="global" contextid="3043" durationms="218.391" usertimems="267.113" systemtimems="6.971" stalltimems="134.942" timestamp="2022-02-08T16:48:14.951" activeThreads="4">
  <mem-info id="3069" free="395771360" total="1073741824" percent="36">
    <mem type="nursery" free="101400056" total="268435456" percent="37">
      <mem type="allocate" free="101400056" total="183828480" percent="55" />
      <mem type="survivor" free="0" total="84606976" percent="0" />
    </mem>
    <mem type="tenure" free="294371304" total="805306368" percent="36" micro-fragmented="246744" macro-fragmented="0">
      <mem type="soa" free="286317544" total="797252608" percent="35" />
      <mem type="loa" free="8053760" total="8053760" percent="100" />
    </mem>
    <pending-finalizers system="57" default="0" reference="2" classloader="0" />
    <remembered-set count="102" />
  </mem-info>
</gc-end>
<cycle-end id="3070" type="global" contextid="3043" timestamp="2022-02-08T16:48:14.952" />
<exclusive-end id="3071" timestamp="2022-02-08T16:48:14.952" durationms="218.753" />

<exclusive-start id="3072" timestamp="2022-02-08T16:48:15.636" intervalms="903.246">
  <response-info timems="0.020" idlems="0.020" threads="0" lastid="0000000000016F00" lastname="main" />
</exclusive-start>
<af-start id="3073" threadId="0000000000017908" totalBytesRequested="184" timestamp="2022-02-08T16:48:15.636" intervalms="1079.571" type="nursery" />
<cycle-start id="3074" type="scavenge" contextid="0" timestamp="2022-02-08T16:48:15.636" intervalms="1079.623" />
<gc-start id="3075" type="scavenge" contextid="3074" timestamp="2022-02-08T16:48:15.636">
  <mem-info id="3076" free="294371304" total="1073741824" percent="27">
    <mem type="nursery" free="0" total="268435456" percent="0">
      <mem type="allocate" free="0" total="183828480" percent="0" />
      <mem type="survivor" free="0" total="84606976" percent="0" />
    </mem>
    <mem type="tenure" free="294371304" total="805306368" percent="36">
      <mem type="soa" free="286317544" total="797252608" percent="35" />
      <mem type="loa" free="8053760" total="8053760" percent="100" />
    </mem>
    <remembered-set count="105" />
  </mem-info>
</gc-start>
<allocation-stats totalBytes="101353896" >
  <allocated-bytes non-tlh="0" tlh="101353896" />
  <largest-consumer threadName="main" threadId="0000000000016F00" bytes="101349800" />
</allocation-stats>
<gc-op id="3077" type="scavenge" timems="78.780" contextid="3074" timestamp="2022-02-08T16:48:15.715">
  <scavenger-info tenureage="1" tenuremask="7ffe" tiltratio="68" />
  <memory-copied type="nursery" objects="1357015" bytes="76263688" bytesdiscarded="282352" />
  <memory-copied type="tenure" objects="1337493" bytes="76522792" bytesdiscarded="44528" />
  <finalization candidates="1" enqueued="0" />
  <ownableSynchronizers candidates="2" cleared="2" />
  <object-monitors candidates="2" cleared="0"  />
</gc-op>
<gc-end id="3078" type="scavenge" contextid="3074" durationms="79.017" usertimems="310.590" systemtimems="0.000" stalltimems="3.851" timestamp="2022-02-08T16:48:15.715" activeThreads="4">
  <mem-info id="3079" free="325291520" total="1073741824" percent="30">
    <mem type="nursery" free="107675656" total="268435456" percent="40">
      <mem type="allocate" free="107675656" total="184221696" percent="58" />
      <mem type="survivor" free="0" total="84213760" percent="0" />
    </mem>
    <mem type="tenure" free="217615864" total="805306368" percent="27" macro-fragmented="0">
      <mem type="soa" free="209562104" total="797252608" percent="26" />
      <mem type="loa" free="8053760" total="8053760" percent="100" />
    </mem>
    <remembered-set count="105" />
  </mem-info>
</gc-end>
<cycle-end id="3080" type="scavenge" contextid="3074" timestamp="2022-02-08T16:48:15.716" />
<allocation-satisfied id="3081" threadId="0000000000016F00" bytesRequested="184" />
<af-end id="3082" timestamp="2022-02-08T16:48:15.716" threadId="0000000000017908" success="true" from="nursery"/>
<exclusive-end id="3083" timestamp="2022-02-08T16:48:15.716" durationms="79.380" />

<exclusive-start id="3084" timestamp="2022-02-08T16:48:16.605" intervalms="968.396">
  <response-info timems="0.021" idlems="0.021" threads="0" lastid="0000000000016F00" lastname="main" />
</exclusive-start>
<af-start id="3085" threadId="0000000000017908" totalBytesRequested="169712" timestamp="2022-02-08T16:48:16.605" intervalms="968.389" type="nursery" />
<cycle-start id="3086" type="scavenge" contextid="0" timestamp="2022-02-08T16:48:16.605" intervalms="968.338" />
<gc-start id="3087" type="scavenge" contextid="3086" timestamp="2022-02-08T16:48:16.605">
  <mem-info id="3088" free="217650576" total="1073741824" percent="20">
    <mem type="nursery" free="34712" total="268435456" percent="0">
      <mem type="allocate" free="34712" total="184221696" percent="0" />
      <mem type="survivor" free="0" total="84213760" percent="0" />
    </mem>
    <mem type="tenure" free="217615864" total="805306368" percent="27">
      <mem type="soa" free="209562104" total="797252608" percent="26" />
      <mem type="loa" free="8053760" total="8053760" percent="100" />
    </mem>
    <remembered-set count="135" />
  </mem-info>
</gc-start>
<allocation-stats totalBytes="107595000" >
  <allocated-bytes non-tlh="919688" tlh="106675312" />
  <largest-consumer threadName="main" threadId="0000000000016F00" bytes="107595000" />
</allocation-stats>
<gc-op id="3089" type="scavenge" timems="79.699" contextid="3086" timestamp="2022-02-08T16:48:16.684">
  <scavenger-info tenureage="1" tenuremask="7ffe" tiltratio="68" />
  <memory-copied type="nursery" objects="1483612" bytes="75661760" bytesdiscarded="66768" />
  <memory-copied type="tenure" objects="1357014" bytes="76263584" bytesdiscarded="41016" />
  <finalization candidates="108" enqueued="53" />
  <references type="soft" candidates="14" cleared="0" enqueued="0" dynamicThreshold="11" maxThreshold="32" />
  <references type="weak" candidates="1" cleared="0" enqueued="0" />
  <references type="phantom" candidates="93" cleared="7" enqueued="7" />
  <object-monitors candidates="2" cleared="0"  />
</gc-op>
<gc-end id="3090" type="scavenge" contextid="3086" durationms="79.977" usertimems="314.514" systemtimems="0.000" stalltimems="3.136" timestamp="2022-02-08T16:48:16.685" activeThreads="4">
  <mem-info id="3091" free="250085400" total="1073741824" percent="23">
    <mem type="nursery" free="108820720" total="268435456" percent="40">
      <mem type="allocate" free="108820720" total="184549376" percent="58" />
      <mem type="survivor" free="0" total="83886080" percent="0" />
    </mem>
    <mem type="tenure" free="141264680" total="805306368" percent="17" macro-fragmented="57512708">
      <mem type="soa" free="133210920" total="797252608" percent="16" />
      <mem type="loa" free="8053760" total="8053760" percent="100" />
    </mem>
    <pending-finalizers system="52" default="1" reference="7" classloader="0" />
    <remembered-set count="131" />
  </mem-info>
</gc-end>
<cycle-end id="3092" type="scavenge" contextid="3086" timestamp="2022-02-08T16:48:16.685" />
<allocation-satisfied id="3093" threadId="0000000000016F00" bytesRequested="169712" />
<af-end id="3094" timestamp="2022-02-08T16:48:16.685" threadId="0000000000017908" success="true" from="nursery"/>
<exclusive-end id="3095" timestamp="2022-02-08T16:48:16.685" durationms="80.308" />

<concurrent-kickoff id="3096" timestamp="2022-02-08T16:48:17.389">
  <kickoff reason="threshold reached" targetBytes="74440136" thresholdFreeBytes="6188523"  remainingFree="6058408" tenureFreeBytes="141264680" nurseryFreeBytes="6058408" />
</concurrent-kickoff>
<exclusive-start id="3097" timestamp="2022-02-08T16:48:17.397" intervalms="792.309">
  <response-info timems="0.019" idlems="0.019" threads="0" lastid="0000000000016F00" lastname="main" />
</exclusive-start>
<cycle-start id="3098" type="global" contextid="0" timestamp="2022-02-08T16:48:17.397" intervalms="2991.226" />
<concurrent-start id="3099" type="global mark" contextid="3098" timestamp="2022-02-08T16:48:17.397">
</concurrent-start>
<exclusive-end id="3100" timestamp="2022-02-08T16:48:17.397" durationms="0.027" />

<exclusive-start id="3101" timestamp="2022-02-08T16:48:17.566" intervalms="168.656">
  <response-info timems="0.021" idlems="0.021" threads="0" lastid="0000000000016F00" lastname="main" />
</exclusive-start>
<af-start id="3102" threadId="0000000000017908" totalBytesRequested="184" timestamp="2022-02-08T16:48:17.566" intervalms="961.013" type="nursery" />
<cycle-start id="3103" type="scavenge" contextid="0" timestamp="2022-02-08T16:48:17.566" intervalms="961.045" />
<gc-start id="3104" type="scavenge" contextid="3103" timestamp="2022-02-08T16:48:17.566">
  <mem-info id="3105" free="141264680" total="1073741824" percent="13">
    <mem type="nursery" free="0" total="268435456" percent="0">
      <mem type="allocate" free="0" total="184549376" percent="0" />
      <mem type="survivor" free="0" total="83886080" percent="0" />
    </mem>
    <mem type="tenure" free="141264680" total="805306368" percent="17">
      <mem type="soa" free="133210920" total="797252608" percent="16" />
      <mem type="loa" free="8053760" total="8053760" percent="100" />
    </mem>
    <remembered-set count="132" />
  </mem-info>
</gc-start>
<allocation-stats totalBytes="108766632" >
  <allocated-bytes non-tlh="1992520" tlh="106774112" />
  <largest-consumer threadName="main" threadId="0000000000016F00" bytes="108758440" />
</allocation-stats>
<gc-op id="3106" type="scavenge" timems="86.315" contextid="3103" timestamp="2022-02-08T16:48:17.652">
  <scavenger-info tenureage="1" tenuremask="7ffe" tiltratio="68" />
  <memory-copied type="nursery" objects="1356746" bytes="77398912" bytesdiscarded="359392" />
  <memory-copied type="tenure" objects="1482895" bytes="75193752" bytesdiscarded="38024" />
  <finalization candidates="57" enqueued="0" />
  <references type="phantom" candidates="2" cleared="0" enqueued="0" />
  <object-monitors candidates="2" cleared="0"  />
</gc-op>
<gc-end id="3107" type="scavenge" contextid="3103" durationms="86.559" usertimems="341.253" systemtimems="0.389" stalltimems="2.409" timestamp="2022-02-08T16:48:17.652" activeThreads="4">
  <mem-info id="3108" free="171637840" total="1073741824" percent="15">
    <mem type="nursery" free="105480352" total="268435456" percent="39">
      <mem type="allocate" free="105480352" total="183238656" percent="57" />
      <mem type="survivor" free="0" total="85196800" percent="0" />
    </mem>
    <mem type="tenure" free="66157488" total="805306368" percent="8" macro-fragmented="33282812">
      <mem type="soa" free="58103728" total="797252608" percent="7" />
      <mem type="loa" free="8053760" total="8053760" percent="100" />
    </mem>
    <remembered-set count="101" />
  </mem-info>
</gc-end>
<cycle-end id="3109" type="scavenge" contextid="3103" timestamp="2022-02-08T16:48:17.653" />
<allocation-satisfied id="3110" threadId="0000000000016F00" bytesRequested="184" />
<af-end id="3111" timestamp="2022-02-08T16:48:17.653" threadId="0000000000017908" success="true" from="nursery"/>
<exclusive-end id="3112" timestamp="2022-02-08T16:48:17.653" durationms="87.116" />

<concurrent-end id="3113" type="global mark" contextid="3098" timestamp="2022-02-08T16:48:17.730">
<gc-op id="3114" type="trace" timems="333.140" contextid="3098" timestamp="2022-02-08T16:48:17.730">
  <trace bytesTraced="74437816" workStackOverflowCount="0" />
  <card-cleaning reason="card cleaning threshold reached" bytesTraced="188" cardsCleaned="1" />
</gc-op>
</concurrent-end>

<exclusive-start id="3115" timestamp="2022-02-08T16:48:17.730" intervalms="164.556">
  <response-info timems="0.020" idlems="0.020" threads="0" lastid="0000000000016F00" lastname="main" />
</exclusive-start>
<concurrent-global-final id="3116" timestamp="2022-02-08T16:48:17.730" contextid="3098" intervalms="2997.139" >
  <concurrent-trace-info reason="card cleaning threshold reached" tracedByMutators="51993820" tracedByHelpers="22444184" cardsCleaned="1" workStackOverflowCount="0" />
</concurrent-global-final>
<gc-start id="3117" type="global" contextid="3098" timestamp="2022-02-08T16:48:17.730">
  <mem-info id="3118" free="166558616" total="1073741824" percent="15">
    <mem type="nursery" free="100401128" total="268435456" percent="37">
      <mem type="allocate" free="100401128" total="183238656" percent="54" />
      <mem type="survivor" free="0" total="85196800" percent="0" />
    </mem>
    <mem type="tenure" free="66157488" total="805306368" percent="8">
      <mem type="soa" free="58103728" total="797252608" percent="7" />
      <mem type="loa" free="8053760" total="8053760" percent="100" />
    </mem>
    <remembered-set count="101" />
  </mem-info>
</gc-start>
<allocation-stats totalBytes="5076384" >
  <allocated-bytes non-tlh="184" tlh="5076200" />
  <largest-consumer threadName="main" threadId="0000000000016F00" bytes="5076384" />
</allocation-stats>
<gc-op id="3119" type="rs-scan" timems="0.515" contextid="3098" timestamp="2022-02-08T16:48:17.731">
  <scan objectsFound="29" bytesTraced="5420" workStackOverflowCount="0" />
</gc-op>
<gc-op id="3120" type="card-cleaning" timems="159.874" contextid="3098" timestamp="2022-02-08T16:48:17.891">
  <card-cleaning cardsCleaned="8" bytesTraced="71017172" workStackOverflowCount="0" />
</gc-op>
<gc-op id="3121" type="mark" timems="42.029" contextid="3098" timestamp="2022-02-08T16:48:17.933">
  <trace-info objectcount="1565380" scancount="1175562" scanbytes="25146392" />
  <finalization candidates="428" enqueued="57" />
  <ownableSynchronizers candidates="1" cleared="0" />
  <references type="soft" candidates="894" cleared="0" enqueued="0" dynamicThreshold="11" maxThreshold="32" />
  <references type="weak" candidates="1701" cleared="0" enqueued="0" />
  <references type="phantom" candidates="52" cleared="2" enqueued="2" />
  <stringconstants candidates="6470" cleared="0"  />
  <object-monitors candidates="2" cleared="0"  />
</gc-op>
<gc-op id="3122" type="sweep" timems="5.109" contextid="3098" timestamp="2022-02-08T16:48:17.938" />
<gc-end id="3123" type="global" contextid="3098" durationms="207.744" usertimems="222.828" systemtimems="0.160" stalltimems="125.923" timestamp="2022-02-08T16:48:17.938" activeThreads="4">
  <mem-info id="3124" free="409849976" total="1073741824" percent="38">
    <mem type="nursery" free="100853336" total="268435456" percent="37">
      <mem type="allocate" free="100853336" total="183238656" percent="55" />
      <mem type="survivor" free="0" total="85196800" percent="0" />
    </mem>
    <mem type="tenure" free="308996640" total="805306368" percent="38" micro-fragmented="261680" macro-fragmented="0">
      <mem type="soa" free="300942880" total="797252608" percent="37" />
      <mem type="loa" free="8053760" total="8053760" percent="100" />
    </mem>
    <pending-finalizers system="57" default="0" reference="2" classloader="0" />
    <remembered-set count="101" />
  </mem-info>
</gc-end>
<cycle-end id="3125" type="global" contextid="3098" timestamp="2022-02-08T16:48:17.938" />
<exclusive-end id="3126" timestamp="2022-02-08T16:48:17.938" durationms="207.988" />

<exclusive-start id="3127" timestamp="2022-02-08T16:48:18.620" intervalms="889.828">
  <response-info timems="0.024" idlems="0.024" threads="0" lastid="0000000000016F00" lastname="main" />
</exclusive-start>
<af-start id="3128" threadId="0000000000017908" totalBytesRequested="16" timestamp="2022-02-08T16:48:18.620" intervalms="1054.337" type="nursery" />
<cycle-start id="3129" type="scavenge" contextid="0" timestamp="2022-02-08T16:48:18.620" intervalms="1054.305" />
<gc-start id="3130" type="scavenge" contextid="3129" timestamp="2022-02-08T16:48:18.620">
  <mem-info id="3131" free="308996640" total="1073741824" percent="28">
    <mem type="nursery" free="0" total="268435456" percent="0">
      <mem type="allocate" free="0" total="183238656" percent="0" />
      <mem type="survivor" free="0" total="85196800" percent="0" />
    </mem>
    <mem type="tenure" free="308996640" total="805306368" percent="38">
      <mem type="soa" free="300942880" total="797252608" percent="37" />
      <mem type="loa" free="8053760" total="8053760" percent="100" />
    </mem>
    <remembered-set count="104" />
  </mem-info>
</gc-start>
<allocation-stats totalBytes="100806896" >
  <allocated-bytes non-tlh="0" tlh="100806896" />
  <largest-consumer threadName="main" threadId="0000000000016F00" bytes="100802800" />
</allocation-stats>
<gc-op id="3132" type="scavenge" timems="76.310" contextid="3129" timestamp="2022-02-08T16:48:18.696">
  <scavenger-info tenureage="1" tenuremask="7ffe" tiltratio="68" />
  <memory-copied type="nursery" objects="1335813" bytes="75224784" bytesdiscarded="225072" />
  <memory-copied type="tenure" objects="1356745" bytes="77398808" bytesdiscarded="41904" />
  <finalization candidates="2" enqueued="0" />
  <ownableSynchronizers candidates="2" cleared="2" />
  <object-monitors candidates="2" cleared="0"  />
</gc-op>
<gc-end id="3133" type="scavenge" contextid="3129" durationms="76.503" usertimems="301.383" systemtimems="0.000" stalltimems="2.470" timestamp="2022-02-08T16:48:18.697" activeThreads="4">
  <mem-info id="3134" free="339468320" total="1073741824" percent="31">
    <mem type="nursery" free="108116480" total="268435456" percent="40">
      <mem type="allocate" free="108116480" total="183566336" percent="58" />
      <mem type="survivor" free="0" total="84869120" percent="0" />
    </mem>
    <mem type="tenure" free="231351840" total="805306368" percent="28" macro-fragmented="0">
      <mem type="soa" free="223298080" total="797252608" percent="28" />
      <mem type="loa" free="8053760" total="8053760" percent="100" />
    </mem>
    <remembered-set count="105" />
  </mem-info>
</gc-end>
<cycle-end id="3135" type="scavenge" contextid="3129" timestamp="2022-02-08T16:48:18.697" />
<allocation-satisfied id="3136" threadId="0000000000016F00" bytesRequested="16" />
<af-end id="3137" timestamp="2022-02-08T16:48:18.697" threadId="0000000000017908" success="true" from="nursery"/>
<exclusive-end id="3138" timestamp="2022-02-08T16:48:18.697" durationms="76.743" />

<exclusive-start id="3139" timestamp="2022-02-08T16:48:19.422" intervalms="802.397">
  <response-info timems="0.022" idlems="0.022" threads="0" lastid="0000000000016F00" lastname="main" />
</exclusive-start>
<af-start id="3140" threadId="0000000000017908" totalBytesRequested="144" timestamp="2022-02-08T16:48:19.422" intervalms="802.399" type="nursery" />
<cycle-start id="3141" type="scavenge" contextid="0" timestamp="2022-02-08T16:48:19.422" intervalms="802.399" />
<gc-start id="3142" type="scavenge" contextid="3141" timestamp="2022-02-08T16:48:19.422">
  <mem-info id="3143" free="231351840" total="1073741824" percent="21">
    <mem type="nursery" free="0" total="268435456" percent="0">
      <mem type="allocate" free="0" total="183566336" percent="0" />
      <mem type="survivor" free="0" total="84869120" percent="0" />
    </mem>
    <mem type="tenure" free="231351840" total="805306368" percent="28">
      <mem type="soa" free="223298080" total="797252608" percent="28" />
      <mem type="loa" free="8053760" total="8053760" percent="100" />
    </mem>
    <remembered-set count="119" />
  </mem-info>
</gc-start>
<allocation-stats totalBytes="108069920" >
  <allocated-bytes non-tlh="453720" tlh="107616200" />
  <largest-consumer threadName="main" threadId="0000000000016F00" bytes="108069920" />
</allocation-stats>
<gc-op id="3144" type="scavenge" timems="83.409" contextid="3141" timestamp="2022-02-08T16:48:19.506">
  <scavenger-info tenureage="1" tenuremask="7ffe" tiltratio="68" />
  <memory-copied type="nursery" objects="1360649" bytes="76953336" bytesdiscarded="81744" />
  <memory-copied type="tenure" objects="1335813" bytes="75224784" bytesdiscarded="38776" />
  <finalization candidates="30" enqueued="18" />
  <references type="phantom" candidates="30" cleared="0" enqueued="0" />
  <object-monitors candidates="2" cleared="0"  />
</gc-op>
<gc-end id="3145" type="scavenge" contextid="3141" durationms="83.649" usertimems="329.445" systemtimems="0.435" stalltimems="3.355" timestamp="2022-02-08T16:48:19.506" activeThreads="4">
  <mem-info id="3146" free="262563208" total="1073741824" percent="24">
    <mem type="nursery" free="106400184" total="268435456" percent="39">
      <mem type="allocate" free="106400184" total="183435264" percent="58" />
      <mem type="survivor" free="0" total="85000192" percent="0" />
    </mem>
    <mem type="tenure" free="156163024" total="805306368" percent="19" macro-fragmented="723458">
      <mem type="soa" free="148109264" total="797252608" percent="18" />
      <mem type="loa" free="8053760" total="8053760" percent="100" />
    </mem>
    <pending-finalizers system="18" default="0" reference="0" classloader="0" />
    <remembered-set count="118" />
  </mem-info>
</gc-end>
<cycle-end id="3147" type="scavenge" contextid="3141" timestamp="2022-02-08T16:48:19.506" />
<allocation-satisfied id="3148" threadId="0000000000016F00" bytesRequested="144" />
<af-end id="3149" timestamp="2022-02-08T16:48:19.506" threadId="0000000000017908" success="true" from="nursery"/>
<exclusive-end id="3150" timestamp="2022-02-08T16:48:19.506" durationms="83.898" />

<concurrent-kickoff id="3151" timestamp="2022-02-08T16:48:20.340">
  <kickoff reason="threshold reached" targetBytes="74439628" thresholdFreeBytes="6222545"  remainingFree="6130104" tenureFreeBytes="156163024" nurseryFreeBytes="6130104" />
</concurrent-kickoff>
<exclusive-start id="3152" timestamp="2022-02-08T16:48:20.343" intervalms="921.062">
  <response-info timems="0.019" idlems="0.019" threads="0" lastid="0000000000016F00" lastname="main" />
</exclusive-start>
<cycle-start id="3153" type="global" contextid="0" timestamp="2022-02-08T16:48:20.343" intervalms="2946.500" />
<concurrent-start id="3154" type="global mark" contextid="3153" timestamp="2022-02-08T16:48:20.343">
</concurrent-start>
<exclusive-end id="3155" timestamp="2022-02-08T16:48:20.343" durationms="0.029" />

<exclusive-start id="3156" timestamp="2022-02-08T16:48:20.492" intervalms="149.118">
  <response-info timems="0.035" idlems="0.035" threads="0" lastid="0000000000016F00" lastname="main" />
</exclusive-start>
<af-start id="3157" threadId="0000000000017908" totalBytesRequested="24" timestamp="2022-02-08T16:48:20.493" intervalms="1070.179" type="nursery" />
<cycle-start id="3158" type="scavenge" contextid="0" timestamp="2022-02-08T16:48:20.493" intervalms="1070.179" />
<gc-start id="3159" type="scavenge" contextid="3158" timestamp="2022-02-08T16:48:20.493">
  <mem-info id="3160" free="156163024" total="1073741824" percent="14">
    <mem type="nursery" free="0" total="268435456" percent="0">
      <mem type="allocate" free="0" total="183435264" percent="0" />
      <mem type="survivor" free="0" total="85000192" percent="0" />
    </mem>
    <mem type="tenure" free="156163024" total="805306368" percent="19">
      <mem type="soa" free="148109264" total="797252608" percent="18" />
      <mem type="loa" free="8053760" total="8053760" percent="100" />
    </mem>
    <remembered-set count="135" />
  </mem-info>
</gc-start>
<allocation-stats totalBytes="106353136" >
  <allocated-bytes non-tlh="2484688" tlh="103868448" />
  <largest-consumer threadName="main" threadId="0000000000016F00" bytes="106349040" />
</allocation-stats>
<gc-op id="3161" type="scavenge" timems="81.306" contextid="3158" timestamp="2022-02-08T16:48:20.574">
  <scavenger-info tenureage="1" tenuremask="7ffe" tiltratio="68" />
  <memory-copied type="nursery" objects="1415603" bytes="75101352" bytesdiscarded="189824" />
  <memory-copied type="tenure" objects="1360349" bytes="76340512" bytesdiscarded="40184" />
  <finalization candidates="92" enqueued="35" />
  <references type="soft" candidates="14" cleared="0" enqueued="0" dynamicThreshold="12" maxThreshold="32" />
  <references type="weak" candidates="1" cleared="0" enqueued="0" />
  <references type="phantom" candidates="77" cleared="7" enqueued="7" />
  <object-monitors candidates="2" cleared="0"  />
</gc-op>
<gc-end id="3162" type="scavenge" contextid="3158" durationms="81.510" usertimems="316.956" systemtimems="3.164" stalltimems="4.004" timestamp="2022-02-08T16:48:20.574" activeThreads="4">
  <mem-info id="3163" free="188338160" total="1073741824" percent="17">
    <mem type="nursery" free="108537176" total="268435456" percent="40">
      <mem type="allocate" free="108537176" total="183828480" percent="59" />
      <mem type="survivor" free="0" total="84606976" percent="0" />
    </mem>
    <mem type="tenure" free="79800984" total="805306368" percent="9" macro-fragmented="33282812">
      <mem type="soa" free="71747224" total="797252608" percent="8" />
      <mem type="loa" free="8053760" total="8053760" percent="100" />
    </mem>
    <pending-finalizers system="34" default="1" reference="7" classloader="0" />
    <remembered-set count="121" />
  </mem-info>
</gc-end>
<cycle-end id="3164" type="scavenge" contextid="3158" timestamp="2022-02-08T16:48:20.574" />
<allocation-satisfied id="3165" threadId="0000000000016F00" bytesRequested="24" />
<af-end id="3166" timestamp="2022-02-08T16:48:20.574" threadId="0000000000017908" success="true" from="nursery"/>
<exclusive-end id="3167" timestamp="2022-02-08T16:48:20.574" durationms="81.774" />

<concurrent-end id="3168" type="global mark" contextid="3153" timestamp="2022-02-08T16:48:20.661">
<gc-op id="3169" type="trace" timems="318.066" contextid="3153" timestamp="2022-02-08T16:48:20.661">
  <trace bytesTraced="74438008" workStackOverflowCount="0" />
  <card-cleaning reason="card cleaning threshold reached" bytesTraced="188" cardsCleaned="1" />
</gc-op>
</concurrent-end>

<exclusive-start id="3170" timestamp="2022-02-08T16:48:20.662" intervalms="169.021">
  <response-info timems="0.021" idlems="0.021" threads="0" lastid="0000000000016F00" lastname="main" />
</exclusive-start>
<concurrent-global-final id="3171" timestamp="2022-02-08T16:48:20.662" contextid="3153" intervalms="2931.445" >
  <concurrent-trace-info reason="card cleaning threshold reached" tracedByMutators="54523816" tracedByHelpers="19914380" cardsCleaned="1" workStackOverflowCount="0" />
</concurrent-global-final>
<gc-start id="3172" type="global" contextid="3153" timestamp="2022-02-08T16:48:20.662">
  <mem-info id="3173" free="182726616" total="1073741824" percent="17">
    <mem type="nursery" free="102925632" total="268435456" percent="38">
      <mem type="allocate" free="102925632" total="183828480" percent="55" />
      <mem type="survivor" free="0" total="84606976" percent="0" />
    </mem>
    <mem type="tenure" free="79800984" total="805306368" percent="9">
      <mem type="soa" free="71747224" total="797252608" percent="8" />
      <mem type="loa" free="8053760" total="8053760" percent="100" />
    </mem>
    <remembered-set count="122" />
  </mem-info>
</gc-start>
<allocation-stats totalBytes="5608136" >
  <allocated-bytes non-tlh="24" tlh="5608112" />
  <largest-consumer threadName="main" threadId="0000000000016F00" bytes="5599944" />
</allocation-stats>
<gc-op id="3174" type="rs-scan" timems="133.348" contextid="3153" timestamp="2022-02-08T16:48:20.795">
  <scan objectsFound="3324743" bytesTraced="71015736" workStackOverflowCount="0" />
</gc-op>
<gc-op id="3175" type="card-cleaning" timems="0.269" contextid="3153" timestamp="2022-02-08T16:48:20.795">
  <card-cleaning cardsCleaned="4" bytesTraced="5988" workStackOverflowCount="0" />
</gc-op>
<gc-op id="3176" type="mark" timems="42.370" contextid="3153" timestamp="2022-02-08T16:48:20.838">
  <trace-info objectcount="1252468" scancount="940877" scanbytes="20139784" />
  <finalization candidates="428" enqueued="57" />
  <ownableSynchronizers candidates="1" cleared="0" />
  <references type="soft" candidates="894" cleared="0" enqueued="0" dynamicThreshold="12" maxThreshold="32" />
  <references type="weak" candidates="1701" cleared="0" enqueued="0" />
  <references type="phantom" candidates="52" cleared="2" enqueued="2" />
  <stringconstants candidates="6470" cleared="0"  />
  <object-monitors candidates="2" cleared="0"  />
</gc-op>
<gc-op id="3177" type="sweep" timems="4.636" contextid="3153" timestamp="2022-02-08T16:48:20.842" />
<gc-end id="3178" type="global" contextid="3153" durationms="180.828" usertimems="232.329" systemtimems="3.794" stalltimems="86.220" timestamp="2022-02-08T16:48:20.842" activeThreads="4">
  <mem-info id="3179" free="426181592" total="1073741824" percent="39">
    <mem type="nursery" free="103530160" total="268435456" percent="38">
      <mem type="allocate" free="103530160" total="183828480" percent="56" />
      <mem type="survivor" free="0" total="84606976" percent="0" />
    </mem>
    <mem type="tenure" free="322651432" total="805306368" percent="40" micro-fragmented="181390" macro-fragmented="0">
      <mem type="soa" free="314597672" total="797252608" percent="39" />
      <mem type="loa" free="8053760" total="8053760" percent="100" />
    </mem>
    <pending-finalizers system="57" default="0" reference="2" classloader="0" />
    <remembered-set count="109" />
  </mem-info>
</gc-end>
<cycle-end id="3180" type="global" contextid="3153" timestamp="2022-02-08T16:48:20.843" />
<exclusive-end id="3181" timestamp="2022-02-08T16:48:20.843" durationms="181.076" />

<exclusive-start id="3182" timestamp="2022-02-08T16:48:21.586" intervalms="924.106">
  <response-info timems="0.047" idlems="0.047" threads="0" lastid="0000000000016F00" lastname="main" />
</exclusive-start>
<af-start id="3183" threadId="0000000000017908" totalBytesRequested="200" timestamp="2022-02-08T16:48:21.586" intervalms="1093.126" type="nursery" />
<cycle-start id="3184" type="scavenge" contextid="0" timestamp="2022-02-08T16:48:21.586" intervalms="1093.126" />
<gc-start id="3185" type="scavenge" contextid="3184" timestamp="2022-02-08T16:48:21.586">
  <mem-info id="3186" free="322651432" total="1073741824" percent="30">
    <mem type="nursery" free="0" total="268435456" percent="0">
      <mem type="allocate" free="0" total="183828480" percent="0" />
      <mem type="survivor" free="0" total="84606976" percent="0" />
    </mem>
    <mem type="tenure" free="322651432" total="805306368" percent="40">
      <mem type="soa" free="314597672" total="797252608" percent="39" />
      <mem type="loa" free="8053760" total="8053760" percent="100" />
    </mem>
    <remembered-set count="110" />
  </mem-info>
</gc-start>
<allocation-stats totalBytes="103481744" >
  <allocated-bytes non-tlh="0" tlh="103481744" />
  <largest-consumer threadName="main" threadId="0000000000016F00" bytes="103477648" />
</allocation-stats>
<gc-op id="3187" type="scavenge" timems="78.984" contextid="3184" timestamp="2022-02-08T16:48:21.665">
  <scavenger-info tenureage="1" tenuremask="7ffe" tiltratio="68" />
  <memory-copied type="nursery" objects="1407314" bytes="77608016" bytesdiscarded="209728" />
  <memory-copied type="tenure" objects="1415122" bytes="74789608" bytesdiscarded="41432" />
  <finalization candidates="45" enqueued="0" />
  <ownableSynchronizers candidates="2" cleared="2" />
  <object-monitors candidates="2" cleared="0"  />
</gc-op>
<gc-end id="3188" type="scavenge" contextid="3184" durationms="79.222" usertimems="310.671" systemtimems="0.651" stalltimems="3.344" timestamp="2022-02-08T16:48:21.665" activeThreads="4">
  <mem-info id="3189" free="352185896" total="1073741824" percent="32">
    <mem type="nursery" free="104437872" total="268435456" percent="38">
      <mem type="allocate" free="104437872" total="182255616" percent="57" />
      <mem type="survivor" free="0" total="86179840" percent="0" />
    </mem>
    <mem type="tenure" free="247748024" total="805306368" percent="30" macro-fragmented="0">
      <mem type="soa" free="239694264" total="797252608" percent="30" />
      <mem type="loa" free="8053760" total="8053760" percent="100" />
    </mem>
    <remembered-set count="103" />
  </mem-info>
</gc-end>
<cycle-end id="3190" type="scavenge" contextid="3184" timestamp="2022-02-08T16:48:21.665" />
<allocation-satisfied id="3191" threadId="0000000000016F00" bytesRequested="200" />
<af-end id="3192" timestamp="2022-02-08T16:48:21.665" threadId="0000000000017908" success="true" from="nursery"/>
<exclusive-end id="3193" timestamp="2022-02-08T16:48:21.665" durationms="79.505" />

<exclusive-start id="3194" timestamp="2022-02-08T16:48:22.321" intervalms="734.878">
  <response-info timems="0.023" idlems="0.023" threads="0" lastid="0000000000016F00" lastname="main" />
</exclusive-start>
<af-start id="3195" threadId="0000000000017908" totalBytesRequested="104" timestamp="2022-02-08T16:48:22.321" intervalms="734.880" type="nursery" />
<cycle-start id="3196" type="scavenge" contextid="0" timestamp="2022-02-08T16:48:22.321" intervalms="734.880" />
<gc-start id="3197" type="scavenge" contextid="3196" timestamp="2022-02-08T16:48:22.321">
  <mem-info id="3198" free="247748024" total="1073741824" percent="23">
    <mem type="nursery" free="0" total="268435456" percent="0">
      <mem type="allocate" free="0" total="182255616" percent="0" />
      <mem type="survivor" free="0" total="86179840" percent="0" />
    </mem>
    <mem type="tenure" free="247748024" total="805306368" percent="30">
      <mem type="soa" free="239694264" total="797252608" percent="30" />
      <mem type="loa" free="8053760" total="8053760" percent="100" />
    </mem>
    <remembered-set count="103" />
  </mem-info>
</gc-start>
<allocation-stats totalBytes="104390624" >
  <allocated-bytes non-tlh="200" tlh="104390424" />
  <largest-consumer threadName="main" threadId="0000000000016F00" bytes="104390624" />
</allocation-stats>
<gc-op id="3199" type="scavenge" timems="86.903" contextid="3196" timestamp="2022-02-08T16:48:22.408">
  <scavenger-info tenureage="1" tenuremask="7ffe" tiltratio="67" />
  <memory-copied type="nursery" objects="1303208" bytes="74218792" bytesdiscarded="99504" />
  <memory-copied type="tenure" objects="1407313" bytes="77607904" bytesdiscarded="40688" />
  <object-monitors candidates="2" cleared="0"  />
</gc-op>
<gc-end id="3200" type="scavenge" contextid="3196" durationms="87.098" usertimems="342.022" systemtimems="0.000" stalltimems="3.798" timestamp="2022-02-08T16:48:22.408" activeThreads="4">
  <mem-info id="3201" free="278206264" total="1073741824" percent="25">
    <mem type="nursery" free="108396072" total="268435456" percent="40">
      <mem type="allocate" free="108396072" total="182714368" percent="59" />
      <mem type="survivor" free="0" total="85721088" percent="0" />
    </mem>
    <mem type="tenure" free="169810192" total="805306368" percent="21" macro-fragmented="0">
      <mem type="soa" free="161756432" total="797252608" percent="20" />
      <mem type="loa" free="8053760" total="8053760" percent="100" />
    </mem>
    <remembered-set count="104" />
  </mem-info>
</gc-end>
<cycle-end id="3202" type="scavenge" contextid="3196" timestamp="2022-02-08T16:48:22.408" />
<allocation-satisfied id="3203" threadId="0000000000016F00" bytesRequested="104" />
<af-end id="3204" timestamp="2022-02-08T16:48:22.408" threadId="0000000000017908" success="true" from="nursery"/>
<exclusive-end id="3205" timestamp="2022-02-08T16:48:22.408" durationms="87.431" />

<exclusive-start id="3206" timestamp="2022-02-08T16:48:23.322" intervalms="1001.728">
  <response-info timems="0.026" idlems="0.026" threads="0" lastid="0000000000016F00" lastname="main" />
</exclusive-start>
<af-start id="3207" threadId="0000000000017908" totalBytesRequested="184" timestamp="2022-02-08T16:48:23.322" intervalms="1001.735" type="nursery" />
<cycle-start id="3208" type="scavenge" contextid="0" timestamp="2022-02-08T16:48:23.322" intervalms="1001.735" />
<gc-start id="3209" type="scavenge" contextid="3208" timestamp="2022-02-08T16:48:23.322">
  <mem-info id="3210" free="169810192" total="1073741824" percent="15">
    <mem type="nursery" free="0" total="268435456" percent="0">
      <mem type="allocate" free="0" total="182714368" percent="0" />
      <mem type="survivor" free="0" total="85721088" percent="0" />
    </mem>
    <mem type="tenure" free="169810192" total="805306368" percent="21">
      <mem type="soa" free="161756432" total="797252608" percent="20" />
      <mem type="loa" free="8053760" total="8053760" percent="100" />
    </mem>
    <remembered-set count="135" />
  </mem-info>
</gc-start>
<allocation-stats totalBytes="108346576" >
  <allocated-bytes non-tlh="3008928" tlh="105337648" />
  <largest-consumer threadName="main" threadId="0000000000016F00" bytes="108346576" />
</allocation-stats>
<gc-op id="3211" type="scavenge" timems="86.717" contextid="3208" timestamp="2022-02-08T16:48:23.409">
  <scavenger-info tenureage="1" tenuremask="7ffe" tiltratio="68" />
  <memory-copied type="nursery" objects="1454165" bytes="76180584" bytesdiscarded="55464" />
  <memory-copied type="tenure" objects="1303208" bytes="74218792" bytesdiscarded="39728" />
  <finalization candidates="110" enqueued="53" />
  <references type="soft" candidates="14" cleared="0" enqueued="0" dynamicThreshold="12" maxThreshold="32" />
  <references type="weak" candidates="1" cleared="0" enqueued="0" />
  <references type="phantom" candidates="95" cleared="7" enqueued="7" />
  <object-monitors candidates="2" cleared="0"  />
</gc-op>
<gc-end id="3212" type="scavenge" contextid="3208" durationms="86.868" usertimems="332.528" systemtimems="5.574" stalltimems="7.509" timestamp="2022-02-08T16:48:23.409" activeThreads="4">
  <mem-info id="3213" free="202441016" total="1073741824" percent="18">
    <mem type="nursery" free="106740336" total="268435456" percent="39">
      <mem type="allocate" free="106740336" total="182976512" percent="58" />
      <mem type="survivor" free="0" total="85458944" percent="0" />
    </mem>
    <mem type="tenure" free="95700680" total="805306368" percent="11" macro-fragmented="82818304">
      <mem type="soa" free="87646920" total="797252608" percent="10" />
      <mem type="loa" free="8053760" total="8053760" percent="100" />
    </mem>
    <pending-finalizers system="52" default="1" reference="7" classloader="0" />
    <remembered-set count="130" />
  </mem-info>
</gc-end>
<cycle-end id="3214" type="scavenge" contextid="3208" timestamp="2022-02-08T16:48:23.409" />
<allocation-satisfied id="3215" threadId="0000000000016F00" bytesRequested="184" />
<af-end id="3216" timestamp="2022-02-08T16:48:23.409" threadId="0000000000017908" success="true" from="nursery"/>
<exclusive-end id="3217" timestamp="2022-02-08T16:48:23.409" durationms="87.135" />

<concurrent-kickoff id="3218" timestamp="2022-02-08T16:48:24.132">
  <kickoff reason="threshold reached" targetBytes="74439282" thresholdFreeBytes="6206819"  remainingFree="6077040" tenureFreeBytes="95700680" nurseryFreeBytes="6077040" />
</concurrent-kickoff>
<exclusive-start id="3219" timestamp="2022-02-08T16:48:24.136" intervalms="814.173">
  <response-info timems="0.022" idlems="0.022" threads="0" lastid="0000000000016F00" lastname="main" />
</exclusive-start>
<cycle-start id="3220" type="global" contextid="0" timestamp="2022-02-08T16:48:24.136" intervalms="3793.033" />
<concurrent-start id="3221" type="global mark" contextid="3220" timestamp="2022-02-08T16:48:24.136">
</concurrent-start>
<exclusive-end id="3222" timestamp="2022-02-08T16:48:24.136" durationms="0.040" />

<exclusive-start id="3223" timestamp="2022-02-08T16:48:24.295" intervalms="158.450">
  <response-info timems="0.038" idlems="0.038" threads="0" lastid="0000000000016F00" lastname="main" />
</exclusive-start>
<af-start id="3224" threadId="0000000000017908" totalBytesRequested="200" timestamp="2022-02-08T16:48:24.295" intervalms="972.614" type="nursery" />
<cycle-start id="3225" type="scavenge" contextid="0" timestamp="2022-02-08T16:48:24.295" intervalms="972.614" />
<gc-start id="3226" type="scavenge" contextid="3225" timestamp="2022-02-08T16:48:24.295">
  <mem-info id="3227" free="95700680" total="1073741824" percent="8">
    <mem type="nursery" free="0" total="268435456" percent="0">
      <mem type="allocate" free="0" total="182976512" percent="0" />
      <mem type="survivor" free="0" total="85458944" percent="0" />
    </mem>
    <mem type="tenure" free="95700680" total="805306368" percent="11">
      <mem type="soa" free="87646920" total="797252608" percent="10" />
      <mem type="loa" free="8053760" total="8053760" percent="100" />
    </mem>
    <remembered-set count="131" />
  </mem-info>
</gc-start>
<allocation-stats totalBytes="106690600" >
  <allocated-bytes non-tlh="184" tlh="106690416" />
  <largest-consumer threadName="main" threadId="0000000000016F00" bytes="106682408" />
</allocation-stats>
<gc-op id="3228" type="scavenge" timems="81.926" contextid="3225" timestamp="2022-02-08T16:48:24.377">
  <scavenger-info tenureage="1" tenuremask="7ffe" tiltratio="68" />
  <memory-copied type="nursery" objects="1376577" bytes="76008424" bytesdiscarded="212424" />
  <memory-copied type="tenure" objects="1453453" bytes="75712624" bytesdiscarded="35136" />
  <finalization candidates="57" enqueued="0" />
  <object-monitors candidates="2" cleared="0"  />
</gc-op>
<gc-end id="3229" type="scavenge" contextid="3225" durationms="82.160" usertimems="323.119" systemtimems="1.084" stalltimems="2.481" timestamp="2022-02-08T16:48:24.377" activeThreads="4">
  <mem-info id="3230" free="127431824" total="1073741824" percent="11">
    <mem type="nursery" free="107411024" total="268435456" percent="40">
      <mem type="allocate" free="107411024" total="183631872" percent="58" />
      <mem type="survivor" free="0" total="84803584" percent="0" />
    </mem>
    <mem type="tenure" free="20020800" total="805306368" percent="2" macro-fragmented="0">
      <mem type="soa" free="11967040" total="797252608" percent="1" />
      <mem type="loa" free="8053760" total="8053760" percent="100" />
    </mem>
    <remembered-set count="103" />
  </mem-info>
</gc-end>
<cycle-end id="3231" type="scavenge" contextid="3225" timestamp="2022-02-08T16:48:24.377" />
<allocation-satisfied id="3232" threadId="0000000000016F00" bytesRequested="200" />
<af-end id="3233" timestamp="2022-02-08T16:48:24.377" threadId="0000000000017908" success="true" from="nursery"/>
<exclusive-end id="3234" timestamp="2022-02-08T16:48:24.377" durationms="82.432" />

<concurrent-end id="3235" type="global mark" contextid="3220" timestamp="2022-02-08T16:48:24.490">
<gc-op id="3236" type="trace" timems="353.714" contextid="3220" timestamp="2022-02-08T16:48:24.490">
  <trace bytesTraced="74438168" workStackOverflowCount="0" />
  <card-cleaning reason="card cleaning threshold reached" bytesTraced="188" cardsCleaned="1" />
</gc-op>
</concurrent-end>

<exclusive-start id="3237" timestamp="2022-02-08T16:48:24.490" intervalms="195.344">
  <response-info timems="0.016" idlems="0.016" threads="0" lastid="0000000000016F00" lastname="main" />
</exclusive-start>
<concurrent-global-final id="3238" timestamp="2022-02-08T16:48:24.490" contextid="3220" intervalms="3828.660" >
  <concurrent-trace-info reason="card cleaning threshold reached" tracedByMutators="54523416" tracedByHelpers="19914940" cardsCleaned="1" workStackOverflowCount="0" />
</concurrent-global-final>
<gc-start id="3239" type="global" contextid="3220" timestamp="2022-02-08T16:48:24.490">
  <mem-info id="3240" free="122352584" total="1073741824" percent="11">
    <mem type="nursery" free="102331784" total="268435456" percent="38">
      <mem type="allocate" free="102331784" total="183631872" percent="55" />
      <mem type="survivor" free="0" total="84803584" percent="0" />
    </mem>
    <mem type="tenure" free="20020800" total="805306368" percent="2">
      <mem type="soa" free="11967040" total="797252608" percent="1" />
      <mem type="loa" free="8053760" total="8053760" percent="100" />
    </mem>
    <remembered-set count="103" />
  </mem-info>
</gc-start>
<allocation-stats totalBytes="5077360" >
  <allocated-bytes non-tlh="200" tlh="5077160" />
  <largest-consumer threadName="main" threadId="0000000000016F00" bytes="5077360" />
</allocation-stats>
<gc-op id="3241" type="rs-scan" timems="0.513" contextid="3220" timestamp="2022-02-08T16:48:24.491">
  <scan objectsFound="0" bytesTraced="3988" workStackOverflowCount="0" />
</gc-op>
<gc-op id="3242" type="card-cleaning" timems="157.780" contextid="3220" timestamp="2022-02-08T16:48:24.649">
  <card-cleaning cardsCleaned="11" bytesTraced="71019220" workStackOverflowCount="0" />
</gc-op>
<gc-op id="3243" type="mark" timems="70.467" contextid="3220" timestamp="2022-02-08T16:48:24.719">
  <trace-info objectcount="2356257" scancount="1768720" scanbytes="37800424" />
  <finalization candidates="428" enqueued="57" />
  <ownableSynchronizers candidates="1" cleared="0" />
  <references type="soft" candidates="894" cleared="0" enqueued="0" dynamicThreshold="12" maxThreshold="32" />
  <references type="weak" candidates="1701" cleared="0" enqueued="0" />
  <references type="phantom" candidates="52" cleared="2" enqueued="2" />
  <stringconstants candidates="6470" cleared="0"  />
  <object-monitors candidates="2" cleared="0"  />
</gc-op>
<gc-op id="3244" type="sweep" timems="4.953" contextid="3220" timestamp="2022-02-08T16:48:24.724" />
<gc-end id="3245" type="global" contextid="3220" durationms="233.928" usertimems="249.141" systemtimems="0.489" stalltimems="211.056" timestamp="2022-02-08T16:48:24.724" activeThreads="4">
  <mem-info id="3246" free="365530112" total="1073741824" percent="34">
    <mem type="nursery" free="102636968" total="268435456" percent="38">
      <mem type="allocate" free="102636968" total="183631872" percent="55" />
      <mem type="survivor" free="0" total="84803584" percent="0" />
    </mem>
    <mem type="tenure" free="262893144" total="805306368" percent="32" micro-fragmented="182741" macro-fragmented="0">
      <mem type="soa" free="254839384" total="797252608" percent="31" />
      <mem type="loa" free="8053760" total="8053760" percent="100" />
    </mem>
    <pending-finalizers system="57" default="0" reference="2" classloader="0" />
    <remembered-set count="103" />
  </mem-info>
</gc-end>
<cycle-end id="3247" type="global" contextid="3220" timestamp="2022-02-08T16:48:24.724" />
<exclusive-end id="3248" timestamp="2022-02-08T16:48:24.724" durationms="234.154" />

<exclusive-start id="3249" timestamp="2022-02-08T16:48:25.365" intervalms="875.257">
  <response-info timems="0.018" idlems="0.018" threads="0" lastid="0000000000016F00" lastname="main" />
</exclusive-start>
<af-start id="3250" threadId="0000000000017908" totalBytesRequested="208" timestamp="2022-02-08T16:48:25.366" intervalms="1070.601" type="nursery" />
<cycle-start id="3251" type="scavenge" contextid="0" timestamp="2022-02-08T16:48:25.366" intervalms="1070.613" />
<gc-start id="3252" type="scavenge" contextid="3251" timestamp="2022-02-08T16:48:25.366">
  <mem-info id="3253" free="262893144" total="1073741824" percent="24">
    <mem type="nursery" free="0" total="268435456" percent="0">
      <mem type="allocate" free="0" total="183631872" percent="0" />
      <mem type="survivor" free="0" total="84803584" percent="0" />
    </mem>
    <mem type="tenure" free="262893144" total="805306368" percent="32">
      <mem type="soa" free="254839384" total="797252608" percent="31" />
      <mem type="loa" free="8053760" total="8053760" percent="100" />
    </mem>
    <remembered-set count="106" />
  </mem-info>
</gc-start>
<allocation-stats totalBytes="102587544" >
  <allocated-bytes non-tlh="0" tlh="102587544" />
  <largest-consumer threadName="main" threadId="0000000000016F00" bytes="102583448" />
</allocation-stats>
<gc-op id="3254" type="scavenge" timems="86.499" contextid="3251" timestamp="2022-02-08T16:48:25.452">
  <scavenger-info tenureage="1" tenuremask="7ffe" tiltratio="68" />
  <memory-copied type="nursery" objects="1349991" bytes="76446896" bytesdiscarded="158960" />
  <memory-copied type="tenure" objects="1376576" bytes="76008312" bytesdiscarded="44832" />
  <ownableSynchronizers candidates="2" cleared="2" />
  <object-monitors candidates="2" cleared="0"  />
</gc-op>
<gc-end id="3255" type="scavenge" contextid="3251" durationms="86.653" usertimems="341.933" systemtimems="0.000" stalltimems="2.782" timestamp="2022-02-08T16:48:25.452" activeThreads="4">
  <mem-info id="3256" free="293998704" total="1073741824" percent="27">
    <mem type="nursery" free="107353696" total="268435456" percent="39">
      <mem type="allocate" free="107353696" total="183959552" percent="58" />
      <mem type="survivor" free="0" total="84475904" percent="0" />
    </mem>
    <mem type="tenure" free="186645008" total="805306368" percent="23" macro-fragmented="0">
      <mem type="soa" free="178591248" total="797252608" percent="22" />
      <mem type="loa" free="8053760" total="8053760" percent="100" />
    </mem>
    <remembered-set count="105" />
  </mem-info>
</gc-end>
<cycle-end id="3257" type="scavenge" contextid="3251" timestamp="2022-02-08T16:48:25.452" />
<allocation-satisfied id="3258" threadId="0000000000016F00" bytesRequested="208" />
<af-end id="3259" timestamp="2022-02-08T16:48:25.452" threadId="0000000000017908" success="true" from="nursery"/>
<exclusive-end id="3260" timestamp="2022-02-08T16:48:25.452" durationms="86.950" />

<exclusive-start id="3261" timestamp="2022-02-08T16:48:26.348" intervalms="982.931">
  <response-info timems="0.018" idlems="0.018" threads="0" lastid="0000000000016F00" lastname="main" />
</exclusive-start>
<af-start id="3262" threadId="0000000000017908" totalBytesRequested="128" timestamp="2022-02-08T16:48:26.348" intervalms="982.946" type="nursery" />
<cycle-start id="3263" type="scavenge" contextid="0" timestamp="2022-02-08T16:48:26.348" intervalms="982.935" />
<gc-start id="3264" type="scavenge" contextid="3263" timestamp="2022-02-08T16:48:26.349">
  <mem-info id="3265" free="186645008" total="1073741824" percent="17">
    <mem type="nursery" free="0" total="268435456" percent="0">
      <mem type="allocate" free="0" total="183959552" percent="0" />
      <mem type="survivor" free="0" total="84475904" percent="0" />
    </mem>
    <mem type="tenure" free="186645008" total="805306368" percent="23">
      <mem type="soa" free="178591248" total="797252608" percent="22" />
      <mem type="loa" free="8053760" total="8053760" percent="100" />
    </mem>
    <remembered-set count="136" />
  </mem-info>
</gc-start>
<allocation-stats totalBytes="107304952" >
  <allocated-bytes non-tlh="1661352" tlh="105643600" />
  <largest-consumer threadName="main" threadId="0000000000016F00" bytes="107304952" />
</allocation-stats>
<gc-op id="3266" type="scavenge" timems="102.139" contextid="3263" timestamp="2022-02-08T16:48:26.451">
  <scavenger-info tenureage="1" tenuremask="7ffe" tiltratio="68" />
  <memory-copied type="nursery" objects="1446199" bytes="75494392" bytesdiscarded="140504" />
  <memory-copied type="tenure" objects="1349990" bytes="76446784" bytesdiscarded="36376" />
  <finalization candidates="109" enqueued="53" />
  <references type="soft" candidates="14" cleared="0" enqueued="0" dynamicThreshold="10" maxThreshold="32" />
  <references type="weak" candidates="1" cleared="0" enqueued="0" />
  <references type="phantom" candidates="94" cleared="7" enqueued="7" />
  <object-monitors candidates="2" cleared="0"  />
</gc-op>
<gc-end id="3267" type="scavenge" contextid="3263" durationms="102.296" usertimems="403.491" systemtimems="0.000" stalltimems="3.620" timestamp="2022-02-08T16:48:26.451" activeThreads="4">
  <mem-info id="3268" free="218906064" total="1073741824" percent="20">
    <mem type="nursery" free="108717744" total="268435456" percent="40">
      <mem type="allocate" free="108717744" total="184352768" percent="58" />
      <mem type="survivor" free="0" total="84082688" percent="0" />
    </mem>
    <mem type="tenure" free="110188320" total="805306368" percent="13" macro-fragmented="0">
      <mem type="soa" free="102134560" total="797252608" percent="12" />
      <mem type="loa" free="8053760" total="8053760" percent="100" />
    </mem>
    <pending-finalizers system="52" default="1" reference="7" classloader="0" />
    <remembered-set count="132" />
  </mem-info>
</gc-end>
<cycle-end id="3269" type="scavenge" contextid="3263" timestamp="2022-02-08T16:48:26.451" />
<allocation-satisfied id="3270" threadId="0000000000016F00" bytesRequested="128" />
<af-end id="3271" timestamp="2022-02-08T16:48:26.451" threadId="0000000000017908" success="true" from="nursery"/>
<exclusive-end id="3272" timestamp="2022-02-08T16:48:26.451" durationms="102.658" />

<concurrent-kickoff id="3273" timestamp="2022-02-08T16:48:27.213">
  <kickoff reason="threshold reached" targetBytes="74439056" thresholdFreeBytes="6190417"  remainingFree="6075856" tenureFreeBytes="110188320" nurseryFreeBytes="6075856" />
</concurrent-kickoff>
<exclusive-start id="3274" timestamp="2022-02-08T16:48:27.217" intervalms="868.137">
  <response-info timems="0.022" idlems="0.022" threads="0" lastid="0000000000016F00" lastname="main" />
</exclusive-start>
<cycle-start id="3275" type="global" contextid="0" timestamp="2022-02-08T16:48:27.217" intervalms="3080.114" />
<concurrent-start id="3276" type="global mark" contextid="3275" timestamp="2022-02-08T16:48:27.217">
</concurrent-start>
<exclusive-end id="3277" timestamp="2022-02-08T16:48:27.217" durationms="0.033" />

<exclusive-start id="3278" timestamp="2022-02-08T16:48:27.365" intervalms="148.355">
  <response-info timems="0.038" idlems="0.038" threads="0" lastid="0000000000016F00" lastname="main" />
</exclusive-start>
<af-start id="3279" threadId="0000000000017908" totalBytesRequested="24" timestamp="2022-02-08T16:48:27.365" intervalms="1016.477" type="nursery" />
<cycle-start id="3280" type="scavenge" contextid="0" timestamp="2022-02-08T16:48:27.365" intervalms="1016.475" />
<gc-start id="3281" type="scavenge" contextid="3280" timestamp="2022-02-08T16:48:27.365">
  <mem-info id="3282" free="110188320" total="1073741824" percent="10">
    <mem type="nursery" free="0" total="268435456" percent="0">
      <mem type="allocate" free="0" total="184352768" percent="0" />
      <mem type="survivor" free="0" total="84082688" percent="0" />
    </mem>
    <mem type="tenure" free="110188320" total="805306368" percent="13">
      <mem type="soa" free="102134560" total="797252608" percent="12" />
      <mem type="loa" free="8053760" total="8053760" percent="100" />
    </mem>
    <remembered-set count="133" />
  </mem-info>
</gc-start>
<allocation-stats totalBytes="108667448" >
  <allocated-bytes non-tlh="1347808" tlh="107319640" />
  <largest-consumer threadName="main" threadId="0000000000016F00" bytes="108659256" />
</allocation-stats>
<gc-op id="3283" type="scavenge" timems="89.806" contextid="3280" timestamp="2022-02-08T16:48:27.455">
  <scavenger-info tenureage="1" tenuremask="7ffe" tiltratio="68" />
  <memory-copied type="nursery" objects="1382810" bytes="77798016" bytesdiscarded="191792" />
  <memory-copied type="tenure" objects="1445480" bytes="74551224" bytesdiscarded="40296" />
  <finalization candidates="57" enqueued="0" />
  <references type="phantom" candidates="1" cleared="0" enqueued="0" />
  <object-monitors candidates="2" cleared="0"  />
</gc-op>
<gc-end id="3284" type="scavenge" contextid="3280" durationms="89.977" usertimems="351.676" systemtimems="1.374" stalltimems="5.114" timestamp="2022-02-08T16:48:27.455" activeThreads="4">
  <mem-info id="3285" free="139900336" total="1073741824" percent="13">
    <mem type="nursery" free="104396880" total="268435456" percent="38">
      <mem type="allocate" free="104396880" total="182386688" percent="57" />
      <mem type="survivor" free="0" total="86048768" percent="0" />
    </mem>
    <mem type="tenure" free="35503456" total="805306368" percent="4" macro-fragmented="24914427">
      <mem type="soa" free="27449696" total="797252608" percent="3" />
      <mem type="loa" free="8053760" total="8053760" percent="100" />
    </mem>
    <remembered-set count="102" />
  </mem-info>
</gc-end>
<cycle-end id="3286" type="scavenge" contextid="3280" timestamp="2022-02-08T16:48:27.455" />
<allocation-satisfied id="3287" threadId="0000000000016F00" bytesRequested="24" />
<af-end id="3288" timestamp="2022-02-08T16:48:27.455" threadId="0000000000017908" success="true" from="nursery"/>
<exclusive-end id="3289" timestamp="2022-02-08T16:48:27.455" durationms="90.357" />

<concurrent-end id="3290" type="global mark" contextid="3275" timestamp="2022-02-08T16:48:27.546">
<gc-op id="3291" type="trace" timems="329.229" contextid="3275" timestamp="2022-02-08T16:48:27.546">
  <trace bytesTraced="74438440" workStackOverflowCount="0" />
  <card-cleaning reason="card cleaning threshold reached" bytesTraced="188" cardsCleaned="1" />
</gc-op>
</concurrent-end>

<exclusive-start id="3292" timestamp="2022-02-08T16:48:27.546" intervalms="180.958">
  <response-info timems="0.017" idlems="0.017" threads="0" lastid="0000000000016F00" lastname="main" />
</exclusive-start>
<concurrent-global-final id="3293" timestamp="2022-02-08T16:48:27.546" contextid="3275" intervalms="3055.640" >
  <concurrent-trace-info reason="card cleaning threshold reached" tracedByMutators="54951240" tracedByHelpers="19487388" cardsCleaned="1" workStackOverflowCount="0" />
</concurrent-global-final>
<gc-start id="3294" type="global" contextid="3275" timestamp="2022-02-08T16:48:27.546">
  <mem-info id="3295" free="133903768" total="1073741824" percent="12">
    <mem type="nursery" free="98400312" total="268435456" percent="36">
      <mem type="allocate" free="98400312" total="182386688" percent="53" />
      <mem type="survivor" free="0" total="86048768" percent="0" />
    </mem>
    <mem type="tenure" free="35503456" total="805306368" percent="4">
      <mem type="soa" free="27449696" total="797252608" percent="3" />
      <mem type="loa" free="8053760" total="8053760" percent="100" />
    </mem>
    <remembered-set count="102" />
  </mem-info>
</gc-start>
<allocation-stats totalBytes="5994304" >
  <allocated-bytes non-tlh="24" tlh="5994280" />
  <largest-consumer threadName="main" threadId="0000000000016F00" bytes="5994304" />
</allocation-stats>
<gc-op id="3296" type="rs-scan" timems="0.600" contextid="3275" timestamp="2022-02-08T16:48:27.547">
  <scan objectsFound="29" bytesTraced="5420" workStackOverflowCount="0" />
</gc-op>
<gc-op id="3297" type="card-cleaning" timems="155.826" contextid="3275" timestamp="2022-02-08T16:48:27.702">
  <card-cleaning cardsCleaned="9" bytesTraced="71017300" workStackOverflowCount="0" />
</gc-op>
<gc-op id="3298" type="mark" timems="57.824" contextid="3275" timestamp="2022-02-08T16:48:27.760">
  <trace-info objectcount="2113775" scancount="1586858" scanbytes="33920704" />
  <finalization candidates="428" enqueued="57" />
  <ownableSynchronizers candidates="1" cleared="0" />
  <references type="soft" candidates="894" cleared="0" enqueued="0" dynamicThreshold="10" maxThreshold="32" />
  <references type="weak" candidates="1701" cleared="0" enqueued="0" />
  <references type="phantom" candidates="52" cleared="2" enqueued="2" />
  <stringconstants candidates="6470" cleared="0"  />
  <object-monitors candidates="2" cleared="0"  />
</gc-op>
<gc-op id="3299" type="sweep" timems="4.923" contextid="3275" timestamp="2022-02-08T16:48:27.765" />
<gc-end id="3300" type="global" contextid="3275" durationms="219.379" usertimems="232.224" systemtimems="0.364" stalltimems="173.853" timestamp="2022-02-08T16:48:27.765" activeThreads="4">
  <mem-info id="3301" free="377182760" total="1073741824" percent="35">
    <mem type="nursery" free="98681592" total="268435456" percent="36">
      <mem type="allocate" free="98681592" total="182386688" percent="54" />
      <mem type="survivor" free="0" total="86048768" percent="0" />
    </mem>
    <mem type="tenure" free="278501168" total="805306368" percent="34" micro-fragmented="302983" macro-fragmented="0">
      <mem type="soa" free="270447408" total="797252608" percent="33" />
      <mem type="loa" free="8053760" total="8053760" percent="100" />
    </mem>
    <pending-finalizers system="57" default="0" reference="2" classloader="0" />
    <remembered-set count="102" />
  </mem-info>
</gc-end>
<cycle-end id="3302" type="global" contextid="3275" timestamp="2022-02-08T16:48:27.765" />
<exclusive-end id="3303" timestamp="2022-02-08T16:48:27.765" durationms="219.659" />

<exclusive-start id="3304" timestamp="2022-02-08T16:48:28.422" intervalms="876.139">
  <response-info timems="0.021" idlems="0.021" threads="0" lastid="0000000000016F00" lastname="main" />
</exclusive-start>
<af-start id="3305" threadId="0000000000017908" totalBytesRequested="184" timestamp="2022-02-08T16:48:28.422" intervalms="1057.102" type="nursery" />
<cycle-start id="3306" type="scavenge" contextid="0" timestamp="2022-02-08T16:48:28.422" intervalms="1057.103" />
<gc-start id="3307" type="scavenge" contextid="3306" timestamp="2022-02-08T16:48:28.422">
  <mem-info id="3308" free="278501168" total="1073741824" percent="25">
    <mem type="nursery" free="0" total="268435456" percent="0">
      <mem type="allocate" free="0" total="182386688" percent="0" />
      <mem type="survivor" free="0" total="86048768" percent="0" />
    </mem>
    <mem type="tenure" free="278501168" total="805306368" percent="34">
      <mem type="soa" free="270447408" total="797252608" percent="33" />
      <mem type="loa" free="8053760" total="8053760" percent="100" />
    </mem>
    <remembered-set count="105" />
  </mem-info>
</gc-start>
<allocation-stats totalBytes="98636504" >
  <allocated-bytes non-tlh="0" tlh="98636504" />
  <largest-consumer threadName="main" threadId="0000000000016F00" bytes="98632408" />
</allocation-stats>
<gc-op id="3309" type="scavenge" timems="75.785" contextid="3306" timestamp="2022-02-08T16:48:28.498">
  <scavenger-info tenureage="1" tenuremask="7ffe" tiltratio="67" />
  <memory-copied type="nursery" objects="1311926" bytes="74299792" bytesdiscarded="170416" />
  <memory-copied type="tenure" objects="1382810" bytes="77798016" bytesdiscarded="46344" />
  <finalization candidates="1" enqueued="0" />
  <ownableSynchronizers candidates="2" cleared="2" />
  <object-monitors candidates="2" cleared="0"  />
</gc-op>
<gc-end id="3310" type="scavenge" contextid="3306" durationms="75.939" usertimems="298.744" systemtimems="0.669" stalltimems="2.988" timestamp="2022-02-08T16:48:28.498" activeThreads="4">
  <mem-info id="3311" free="308681176" total="1073741824" percent="28">
    <mem type="nursery" free="108309696" total="268435456" percent="40">
      <mem type="allocate" free="108309696" total="182779904" percent="59" />
      <mem type="survivor" free="0" total="85655552" percent="0" />
    </mem>
    <mem type="tenure" free="200371480" total="805306368" percent="24" macro-fragmented="0">
      <mem type="soa" free="192317720" total="797252608" percent="24" />
      <mem type="loa" free="8053760" total="8053760" percent="100" />
    </mem>
    <remembered-set count="104" />
  </mem-info>
</gc-end>
<cycle-end id="3312" type="scavenge" contextid="3306" timestamp="2022-02-08T16:48:28.498" />
<allocation-satisfied id="3313" threadId="0000000000016F00" bytesRequested="184" />
<af-end id="3314" timestamp="2022-02-08T16:48:28.498" threadId="0000000000017908" success="true" from="nursery"/>
<exclusive-end id="3315" timestamp="2022-02-08T16:48:28.498" durationms="76.236" />

<exclusive-start id="3316" timestamp="2022-02-08T16:48:29.439" intervalms="1016.739">
  <response-info timems="0.022" idlems="0.022" threads="0" lastid="0000000000016F00" lastname="main" />
</exclusive-start>
<af-start id="3317" threadId="0000000000017908" totalBytesRequested="16" timestamp="2022-02-08T16:48:29.439" intervalms="1016.735" type="nursery" />
<cycle-start id="3318" type="scavenge" contextid="0" timestamp="2022-02-08T16:48:29.439" intervalms="1016.735" />
<gc-start id="3319" type="scavenge" contextid="3318" timestamp="2022-02-08T16:48:29.439">
  <mem-info id="3320" free="200371480" total="1073741824" percent="18">
    <mem type="nursery" free="0" total="268435456" percent="0">
      <mem type="allocate" free="0" total="182779904" percent="0" />
      <mem type="survivor" free="0" total="85655552" percent="0" />
    </mem>
    <mem type="tenure" free="200371480" total="805306368" percent="24">
      <mem type="soa" free="192317720" total="797252608" percent="24" />
      <mem type="loa" free="8053760" total="8053760" percent="100" />
    </mem>
    <remembered-set count="135" />
  </mem-info>
</gc-start>
<allocation-stats totalBytes="108263336" >
  <allocated-bytes non-tlh="1661328" tlh="106602008" />
  <largest-consumer threadName="main" threadId="0000000000016F00" bytes="108263336" />
</allocation-stats>
<gc-op id="3321" type="scavenge" timems="85.219" contextid="3318" timestamp="2022-02-08T16:48:29.524">
  <scavenger-info tenureage="1" tenuremask="7ffe" tiltratio="68" />
  <memory-copied type="nursery" objects="1488458" bytes="76242368" bytesdiscarded="150320" />
  <memory-copied type="tenure" objects="1311925" bytes="74299688" bytesdiscarded="39632" />
  <finalization candidates="109" enqueued="53" />
  <references type="soft" candidates="14" cleared="0" enqueued="0" dynamicThreshold="11" maxThreshold="32" />
  <references type="weak" candidates="1" cleared="0" enqueued="0" />
  <references type="phantom" candidates="94" cleared="7" enqueued="7" />
  <object-monitors candidates="2" cleared="0"  />
</gc-op>
<gc-end id="3322" type="scavenge" contextid="3318" durationms="85.439" usertimems="336.205" systemtimems="0.000" stalltimems="4.008" timestamp="2022-02-08T16:48:29.524" activeThreads="4">
  <mem-info id="3323" free="232833632" total="1073741824" percent="21">
    <mem type="nursery" free="106649232" total="268435456" percent="39">
      <mem type="allocate" free="106649232" total="183042048" percent="58" />
      <mem type="survivor" free="0" total="85393408" percent="0" />
    </mem>
    <mem type="tenure" free="126184400" total="805306368" percent="15" macro-fragmented="0">
      <mem type="soa" free="118130640" total="797252608" percent="14" />
      <mem type="loa" free="8053760" total="8053760" percent="100" />
    </mem>
    <pending-finalizers system="52" default="1" reference="7" classloader="0" />
    <remembered-set count="132" />
  </mem-info>
</gc-end>
<cycle-end id="3324" type="scavenge" contextid="3318" timestamp="2022-02-08T16:48:29.524" />
<allocation-satisfied id="3325" threadId="0000000000016F00" bytesRequested="16" />
<af-end id="3326" timestamp="2022-02-08T16:48:29.524" threadId="0000000000017908" success="true" from="nursery"/>
<exclusive-end id="3327" timestamp="2022-02-08T16:48:29.524" durationms="85.728" />

<concurrent-kickoff id="3328" timestamp="2022-02-08T16:48:30.241">
  <kickoff reason="threshold reached" targetBytes="74438941" thresholdFreeBytes="6174770"  remainingFree="6117008" tenureFreeBytes="126184400" nurseryFreeBytes="6117008" />
</concurrent-kickoff>
<exclusive-start id="3329" timestamp="2022-02-08T16:48:30.244" intervalms="805.684">
  <response-info timems="0.022" idlems="0.022" threads="0" lastid="0000000000016F00" lastname="main" />
</exclusive-start>
<cycle-start id="3330" type="global" contextid="0" timestamp="2022-02-08T16:48:30.244" intervalms="3027.872" />
<concurrent-start id="3331" type="global mark" contextid="3330" timestamp="2022-02-08T16:48:30.244">
</concurrent-start>
<exclusive-end id="3332" timestamp="2022-02-08T16:48:30.244" durationms="0.030" />

<exclusive-start id="3333" timestamp="2022-02-08T16:48:30.387" intervalms="143.041">
  <response-info timems="0.020" idlems="0.020" threads="0" lastid="0000000000016F00" lastname="main" />
</exclusive-start>
<af-start id="3334" threadId="0000000000017908" totalBytesRequested="104" timestamp="2022-02-08T16:48:30.387" intervalms="948.724" type="nursery" />
<cycle-start id="3335" type="scavenge" contextid="0" timestamp="2022-02-08T16:48:30.388" intervalms="948.723" />
<gc-start id="3336" type="scavenge" contextid="3335" timestamp="2022-02-08T16:48:30.388">
  <mem-info id="3337" free="126184400" total="1073741824" percent="11">
    <mem type="nursery" free="0" total="268435456" percent="0">
      <mem type="allocate" free="0" total="183042048" percent="0" />
      <mem type="survivor" free="0" total="85393408" percent="0" />
    </mem>
    <mem type="tenure" free="126184400" total="805306368" percent="15">
      <mem type="soa" free="118130640" total="797252608" percent="14" />
      <mem type="loa" free="8053760" total="8053760" percent="100" />
    </mem>
    <remembered-set count="133" />
  </mem-info>
</gc-start>
<allocation-stats totalBytes="106599424" >
  <allocated-bytes non-tlh="1347696" tlh="105251728" />
  <largest-consumer threadName="main" threadId="0000000000016F00" bytes="106591232" />
</allocation-stats>
<gc-op id="3338" type="scavenge" timems="88.581" contextid="3335" timestamp="2022-02-08T16:48:30.476">
  <scavenger-info tenureage="1" tenuremask="7ffe" tiltratio="68" />
  <memory-copied type="nursery" objects="1334958" bytes="76288792" bytesdiscarded="235608" />
  <memory-copied type="tenure" objects="1487739" bytes="75299200" bytesdiscarded="37000" />
  <finalization candidates="57" enqueued="0" />
  <references type="phantom" candidates="1" cleared="0" enqueued="0" />
  <object-monitors candidates="2" cleared="0"  />
</gc-op>
<gc-end id="3339" type="scavenge" contextid="3335" durationms="88.772" usertimems="346.906" systemtimems="1.253" stalltimems="5.248" timestamp="2022-02-08T16:48:30.476" activeThreads="4">
  <mem-info id="3340" free="157997624" total="1073741824" percent="14">
    <mem type="nursery" free="107107472" total="268435456" percent="39">
      <mem type="allocate" free="107107472" total="183631872" percent="58" />
      <mem type="survivor" free="0" total="84803584" percent="0" />
    </mem>
    <mem type="tenure" free="50890152" total="805306368" percent="6" macro-fragmented="27735676">
      <mem type="soa" free="42836392" total="797252608" percent="5" />
      <mem type="loa" free="8053760" total="8053760" percent="100" />
    </mem>
    <remembered-set count="101" />
  </mem-info>
</gc-end>
<cycle-end id="3341" type="scavenge" contextid="3335" timestamp="2022-02-08T16:48:30.476" />
<allocation-satisfied id="3342" threadId="0000000000016F00" bytesRequested="104" />
<af-end id="3343" timestamp="2022-02-08T16:48:30.476" threadId="0000000000017908" success="true" from="nursery"/>
<exclusive-end id="3344" timestamp="2022-02-08T16:48:30.476" durationms="89.057" />

<concurrent-end id="3345" type="global mark" contextid="3330" timestamp="2022-02-08T16:48:30.571">
<gc-op id="3346" type="trace" timems="326.199" contextid="3330" timestamp="2022-02-08T16:48:30.571">
  <trace bytesTraced="74438648" workStackOverflowCount="0" />
  <card-cleaning reason="card cleaning threshold reached" bytesTraced="188" cardsCleaned="1" />
</gc-op>
</concurrent-end>

<exclusive-start id="3347" timestamp="2022-02-08T16:48:30.571" intervalms="183.233">
  <response-info timems="0.022" idlems="0.022" threads="0" lastid="0000000000016F00" lastname="main" />
</exclusive-start>
<concurrent-global-final id="3348" timestamp="2022-02-08T16:48:30.571" contextid="3330" intervalms="3024.836" >
  <concurrent-trace-info reason="card cleaning threshold reached" tracedByMutators="56012724" tracedByHelpers="18426112" cardsCleaned="1" workStackOverflowCount="0" />
</concurrent-global-final>
<gc-start id="3349" type="global" contextid="3330" timestamp="2022-02-08T16:48:30.571">
  <mem-info id="3350" free="152000976" total="1073741824" percent="14">
    <mem type="nursery" free="101110824" total="268435456" percent="37">
      <mem type="allocate" free="101110824" total="183631872" percent="55" />
      <mem type="survivor" free="0" total="84803584" percent="0" />
    </mem>
    <mem type="tenure" free="50890152" total="805306368" percent="6">
      <mem type="soa" free="42836392" total="797252608" percent="5" />
      <mem type="loa" free="8053760" total="8053760" percent="100" />
    </mem>
    <remembered-set count="101" />
  </mem-info>
</gc-start>
<allocation-stats totalBytes="5993336" >
  <allocated-bytes non-tlh="104" tlh="5993232" />
  <largest-consumer threadName="main" threadId="0000000000016F00" bytes="5993336" />
</allocation-stats>
<gc-op id="3351" type="rs-scan" timems="0.583" contextid="3330" timestamp="2022-02-08T16:48:30.571">
  <scan objectsFound="29" bytesTraced="5420" workStackOverflowCount="0" />
</gc-op>
<gc-op id="3352" type="card-cleaning" timems="154.840" contextid="3330" timestamp="2022-02-08T16:48:30.726">
  <card-cleaning cardsCleaned="9" bytesTraced="71017300" workStackOverflowCount="0" />
</gc-op>
<gc-op id="3353" type="mark" timems="50.242" contextid="3330" timestamp="2022-02-08T16:48:30.777">
  <trace-info objectcount="1819994" scancount="1366523" scanbytes="29220200" />
  <finalization candidates="428" enqueued="57" />
  <ownableSynchronizers candidates="1" cleared="0" />
  <references type="soft" candidates="894" cleared="0" enqueued="0" dynamicThreshold="11" maxThreshold="32" />
  <references type="weak" candidates="1701" cleared="0" enqueued="0" />
  <references type="phantom" candidates="52" cleared="2" enqueued="2" />
  <stringconstants candidates="6470" cleared="0"  />
  <object-monitors candidates="2" cleared="0"  />
</gc-op>
<gc-op id="3354" type="sweep" timems="4.656" contextid="3330" timestamp="2022-02-08T16:48:30.781" />
<gc-end id="3355" type="global" contextid="3330" durationms="210.546" usertimems="225.053" systemtimems="0.496" stalltimems="150.207" timestamp="2022-02-08T16:48:30.781" activeThreads="4">
  <mem-info id="3356" free="395150696" total="1073741824" percent="36">
    <mem type="nursery" free="101440848" total="268435456" percent="37">
      <mem type="allocate" free="101440848" total="183631872" percent="55" />
      <mem type="survivor" free="0" total="84803584" percent="0" />
    </mem>
    <mem type="tenure" free="293709848" total="805306368" percent="36" micro-fragmented="229582" macro-fragmented="0">
      <mem type="soa" free="285656088" total="797252608" percent="35" />
      <mem type="loa" free="8053760" total="8053760" percent="100" />
    </mem>
    <pending-finalizers system="57" default="0" reference="2" classloader="0" />
    <remembered-set count="101" />
  </mem-info>
</gc-end>
<cycle-end id="3357" type="global" contextid="3330" timestamp="2022-02-08T16:48:30.781" />
<exclusive-end id="3358" timestamp="2022-02-08T16:48:30.781" durationms="210.742" />

<exclusive-start id="3359" timestamp="2022-02-08T16:48:31.454" intervalms="883.822">
  <response-info timems="0.020" idlems="0.020" threads="0" lastid="0000000000016F00" lastname="main" />
</exclusive-start>
<af-start id="3360" threadId="0000000000017908" totalBytesRequested="112" timestamp="2022-02-08T16:48:31.455" intervalms="1067.056" type="nursery" />
<cycle-start id="3361" type="scavenge" contextid="0" timestamp="2022-02-08T16:48:31.455" intervalms="1067.057" />
<gc-start id="3362" type="scavenge" contextid="3361" timestamp="2022-02-08T16:48:31.455">
  <mem-info id="3363" free="293709848" total="1073741824" percent="27">
    <mem type="nursery" free="0" total="268435456" percent="0">
      <mem type="allocate" free="0" total="183631872" percent="0" />
      <mem type="survivor" free="0" total="84803584" percent="0" />
    </mem>
    <mem type="tenure" free="293709848" total="805306368" percent="36">
      <mem type="soa" free="285656088" total="797252608" percent="35" />
      <mem type="loa" free="8053760" total="8053760" percent="100" />
    </mem>
    <remembered-set count="104" />
  </mem-info>
</gc-start>
<allocation-stats totalBytes="101392648" >
  <allocated-bytes non-tlh="0" tlh="101392648" />
  <largest-consumer threadName="main" threadId="0000000000016F00" bytes="101388552" />
</allocation-stats>
<gc-op id="3364" type="scavenge" timems="79.071" contextid="3361" timestamp="2022-02-08T16:48:31.534">
  <scavenger-info tenureage="1" tenuremask="7ffe" tiltratio="68" />
  <memory-copied type="nursery" objects="1356542" bytes="76286728" bytesdiscarded="257096" />
  <memory-copied type="tenure" objects="1334958" bytes="76288792" bytesdiscarded="45864" />
  <finalization candidates="1" enqueued="0" />
  <ownableSynchronizers candidates="2" cleared="2" />
  <object-monitors candidates="2" cleared="0"  />
</gc-op>
<gc-end id="3365" type="scavenge" contextid="3361" durationms="79.405" usertimems="312.316" systemtimems="0.270" stalltimems="2.463" timestamp="2022-02-08T16:48:31.534" activeThreads="4">
  <mem-info id="3366" free="324789944" total="1073741824" percent="30">
    <mem type="nursery" free="107546800" total="268435456" percent="40">
      <mem type="allocate" free="107546800" total="184090624" percent="58" />
      <mem type="survivor" free="0" total="84344832" percent="0" />
    </mem>
    <mem type="tenure" free="217243144" total="805306368" percent="26" macro-fragmented="0">
      <mem type="soa" free="209189384" total="797252608" percent="26" />
      <mem type="loa" free="8053760" total="8053760" percent="100" />
    </mem>
    <remembered-set count="105" />
  </mem-info>
</gc-end>
<cycle-end id="3367" type="scavenge" contextid="3361" timestamp="2022-02-08T16:48:31.534" />
<allocation-satisfied id="3368" threadId="0000000000016F00" bytesRequested="112" />
<af-end id="3369" timestamp="2022-02-08T16:48:31.534" threadId="0000000000017908" success="true" from="nursery"/>
<exclusive-end id="3370" timestamp="2022-02-08T16:48:31.534" durationms="79.716" />

<exclusive-start id="3371" timestamp="2022-02-08T16:48:32.424" intervalms="969.413">
  <response-info timems="0.022" idlems="0.022" threads="0" lastid="0000000000016F00" lastname="main" />
</exclusive-start>
<af-start id="3372" threadId="0000000000017908" totalBytesRequested="104" timestamp="2022-02-08T16:48:32.424" intervalms="969.414" type="nursery" />
<cycle-start id="3373" type="scavenge" contextid="0" timestamp="2022-02-08T16:48:32.424" intervalms="969.414" />
<gc-start id="3374" type="scavenge" contextid="3373" timestamp="2022-02-08T16:48:32.424">
  <mem-info id="3375" free="217243144" total="1073741824" percent="20">
    <mem type="nursery" free="0" total="268435456" percent="0">
      <mem type="allocate" free="0" total="184090624" percent="0" />
      <mem type="survivor" free="0" total="84344832" percent="0" />
    </mem>
    <mem type="tenure" free="217243144" total="805306368" percent="26">
      <mem type="soa" free="209189384" total="797252608" percent="26" />
      <mem type="loa" free="8053760" total="8053760" percent="100" />
    </mem>
    <remembered-set count="135" />
  </mem-info>
</gc-start>
<allocation-stats totalBytes="107501496" >
  <allocated-bytes non-tlh="1115552" tlh="106385944" />
  <largest-consumer threadName="main" threadId="0000000000016F00" bytes="107501496" />
</allocation-stats>
<gc-op id="3376" type="scavenge" timems="82.147" contextid="3373" timestamp="2022-02-08T16:48:32.506">
  <scavenger-info tenureage="1" tenuremask="7ffe" tiltratio="68" />
  <memory-copied type="nursery" objects="1484309" bytes="75714744" bytesdiscarded="52872" />
  <memory-copied type="tenure" objects="1356542" bytes="76286728" bytesdiscarded="39896" />
  <finalization candidates="108" enqueued="53" />
  <references type="soft" candidates="14" cleared="0" enqueued="0" dynamicThreshold="11" maxThreshold="32" />
  <references type="weak" candidates="1" cleared="0" enqueued="0" />
  <references type="phantom" candidates="93" cleared="7" enqueued="7" />
  <object-monitors candidates="2" cleared="0"  />
</gc-op>
<gc-end id="3377" type="scavenge" contextid="3373" durationms="82.309" usertimems="323.511" systemtimems="0.000" stalltimems="4.096" timestamp="2022-02-08T16:48:32.506" activeThreads="4">
  <mem-info id="3378" free="249537048" total="1073741824" percent="23">
    <mem type="nursery" free="108716096" total="268435456" percent="40">
      <mem type="allocate" free="108716096" total="184483840" percent="58" />
      <mem type="survivor" free="0" total="83951616" percent="0" />
    </mem>
    <mem type="tenure" free="140820952" total="805306368" percent="17" macro-fragmented="57512708">
      <mem type="soa" free="132767192" total="797252608" percent="16" />
      <mem type="loa" free="8053760" total="8053760" percent="100" />
    </mem>
    <pending-finalizers system="52" default="1" reference="7" classloader="0" />
    <remembered-set count="131" />
  </mem-info>
</gc-end>
<cycle-end id="3379" type="scavenge" contextid="3373" timestamp="2022-02-08T16:48:32.506" />
<allocation-satisfied id="3380" threadId="0000000000016F00" bytesRequested="104" />
<af-end id="3381" timestamp="2022-02-08T16:48:32.506" threadId="0000000000017908" success="true" from="nursery"/>
<exclusive-end id="3382" timestamp="2022-02-08T16:48:32.506" durationms="82.568" />

<concurrent-kickoff id="3383" timestamp="2022-02-08T16:48:33.207">
  <kickoff reason="threshold reached" targetBytes="74438899" thresholdFreeBytes="6162385"  remainingFree="6123392" tenureFreeBytes="140820952" nurseryFreeBytes="6123392" />
</concurrent-kickoff>
<exclusive-start id="3384" timestamp="2022-02-08T16:48:33.215" intervalms="790.774">
  <response-info timems="0.019" idlems="0.019" threads="0" lastid="0000000000016F00" lastname="main" />
</exclusive-start>
<cycle-start id="3385" type="global" contextid="0" timestamp="2022-02-08T16:48:33.215" intervalms="2970.281" />
<concurrent-start id="3386" type="global mark" contextid="3385" timestamp="2022-02-08T16:48:33.215">
</concurrent-start>
<exclusive-end id="3387" timestamp="2022-02-08T16:48:33.215" durationms="0.027" />

<exclusive-start id="3388" timestamp="2022-02-08T16:48:33.375" intervalms="160.712">
  <response-info timems="0.039" idlems="0.039" threads="0" lastid="0000000000016F00" lastname="main" />
</exclusive-start>
<af-start id="3389" threadId="0000000000017908" totalBytesRequested="104" timestamp="2022-02-08T16:48:33.375" intervalms="951.484" type="nursery" />
<cycle-start id="3390" type="scavenge" contextid="0" timestamp="2022-02-08T16:48:33.375" intervalms="951.484" />
<gc-start id="3391" type="scavenge" contextid="3390" timestamp="2022-02-08T16:48:33.376">
  <mem-info id="3392" free="140820952" total="1073741824" percent="13">
    <mem type="nursery" free="0" total="268435456" percent="0">
      <mem type="allocate" free="0" total="184483840" percent="0" />
      <mem type="survivor" free="0" total="83951616" percent="0" />
    </mem>
    <mem type="tenure" free="140820952" total="805306368" percent="17">
      <mem type="soa" free="132767192" total="797252608" percent="16" />
      <mem type="loa" free="8053760" total="8053760" percent="100" />
    </mem>
    <remembered-set count="132" />
  </mem-info>
</gc-start>
<allocation-stats totalBytes="108664976" >
  <allocated-bytes non-tlh="1822912" tlh="106842064" />
  <largest-consumer threadName="main" threadId="0000000000016F00" bytes="108656784" />
</allocation-stats>
<gc-op id="3393" type="scavenge" timems="86.342" contextid="3390" timestamp="2022-02-08T16:48:33.462">
  <scavenger-info tenureage="1" tenuremask="7ffe" tiltratio="68" />
  <memory-copied type="nursery" objects="1355518" bytes="77439960" bytesdiscarded="210832" />
  <memory-copied type="tenure" objects="1483590" bytes="75076984" bytesdiscarded="35528" />
  <finalization candidates="57" enqueued="0" />
  <references type="phantom" candidates="2" cleared="0" enqueued="0" />
  <object-monitors candidates="2" cleared="0"  />
</gc-op>
<gc-end id="3394" type="scavenge" contextid="3390" durationms="86.564" usertimems="340.587" systemtimems="0.275" stalltimems="3.687" timestamp="2022-02-08T16:48:33.462" activeThreads="4">
  <mem-info id="3395" free="171286232" total="1073741824" percent="15">
    <mem type="nursery" free="105587864" total="268435456" percent="39">
      <mem type="allocate" free="105587864" total="183238656" percent="57" />
      <mem type="survivor" free="0" total="85196800" percent="0" />
    </mem>
    <mem type="tenure" free="65698368" total="805306368" percent="8" macro-fragmented="47927252">
      <mem type="soa" free="57644608" total="797252608" percent="7" />
      <mem type="loa" free="8053760" total="8053760" percent="100" />
    </mem>
    <remembered-set count="103" />
  </mem-info>
</gc-end>
<cycle-end id="3396" type="scavenge" contextid="3390" timestamp="2022-02-08T16:48:33.462" />
<allocation-satisfied id="3397" threadId="0000000000016F00" bytesRequested="104" />
<af-end id="3398" timestamp="2022-02-08T16:48:33.462" threadId="0000000000017908" success="true" from="nursery"/>
<exclusive-end id="3399" timestamp="2022-02-08T16:48:33.462" durationms="86.930" />

<concurrent-end id="3400" type="global mark" contextid="3385" timestamp="2022-02-08T16:48:33.551">
<gc-op id="3401" type="trace" timems="336.089" contextid="3385" timestamp="2022-02-08T16:48:33.551">
  <trace bytesTraced="74438856" workStackOverflowCount="0" />
  <card-cleaning reason="card cleaning threshold reached" bytesTraced="188" cardsCleaned="1" />
</gc-op>
</concurrent-end>

<exclusive-start id="3402" timestamp="2022-02-08T16:48:33.551" intervalms="175.454">
  <response-info timems="0.022" idlems="0.022" threads="0" lastid="0000000000016F00" lastname="main" />
</exclusive-start>
<concurrent-global-final id="3403" timestamp="2022-02-08T16:48:33.551" contextid="3385" intervalms="2980.176" >
  <concurrent-trace-info reason="card cleaning threshold reached" tracedByMutators="53356964" tracedByHelpers="21082080" cardsCleaned="1" workStackOverflowCount="0" />
</concurrent-global-final>
<gc-start id="3404" type="global" contextid="3385" timestamp="2022-02-08T16:48:33.551">
  <mem-info id="3405" free="165289584" total="1073741824" percent="15">
    <mem type="nursery" free="99591216" total="268435456" percent="37">
      <mem type="allocate" free="99591216" total="183238656" percent="54" />
      <mem type="survivor" free="0" total="85196800" percent="0" />
    </mem>
    <mem type="tenure" free="65698368" total="805306368" percent="8">
      <mem type="soa" free="57644608" total="797252608" percent="7" />
      <mem type="loa" free="8053760" total="8053760" percent="100" />
    </mem>
    <remembered-set count="103" />
  </mem-info>
</gc-start>
<allocation-stats totalBytes="5992208" >
  <allocated-bytes non-tlh="104" tlh="5992104" />
  <largest-consumer threadName="main" threadId="0000000000016F00" bytes="5992208" />
</allocation-stats>
<gc-op id="3406" type="rs-scan" timems="0.590" contextid="3385" timestamp="2022-02-08T16:48:33.552">
  <scan objectsFound="29" bytesTraced="5420" workStackOverflowCount="0" />
</gc-op>
<gc-op id="3407" type="card-cleaning" timems="152.769" contextid="3385" timestamp="2022-02-08T16:48:33.704">
  <card-cleaning cardsCleaned="8" bytesTraced="71017172" workStackOverflowCount="0" />
</gc-op>
<gc-op id="3408" type="mark" timems="43.886" contextid="3385" timestamp="2022-02-08T16:48:33.748">
  <trace-info objectcount="1580247" scancount="1186713" scanbytes="25384232" />
  <finalization candidates="428" enqueued="57" />
  <ownableSynchronizers candidates="1" cleared="0" />
  <references type="soft" candidates="894" cleared="0" enqueued="0" dynamicThreshold="11" maxThreshold="32" />
  <references type="weak" candidates="1701" cleared="0" enqueued="0" />
  <references type="phantom" candidates="52" cleared="2" enqueued="2" />
  <stringconstants candidates="6470" cleared="0"  />
  <object-monitors candidates="2" cleared="0"  />
</gc-op>
<gc-op id="3409" type="sweep" timems="6.452" contextid="3385" timestamp="2022-02-08T16:48:33.755" />
<gc-end id="3410" type="global" contextid="3385" durationms="203.945" usertimems="217.986" systemtimems="0.000" stalltimems="137.239" timestamp="2022-02-08T16:48:33.755" activeThreads="4">
  <mem-info id="3411" free="408562568" total="1073741824" percent="38">
    <mem type="nursery" free="99893128" total="268435456" percent="37">
      <mem type="allocate" free="99893128" total="183238656" percent="54" />
      <mem type="survivor" free="0" total="85196800" percent="0" />
    </mem>
    <mem type="tenure" free="308669440" total="805306368" percent="38" micro-fragmented="259525" macro-fragmented="0">
      <mem type="soa" free="300615680" total="797252608" percent="37" />
      <mem type="loa" free="8053760" total="8053760" percent="100" />
    </mem>
    <pending-finalizers system="57" default="0" reference="2" classloader="0" />
    <remembered-set count="103" />
  </mem-info>
</gc-end>
<cycle-end id="3412" type="global" contextid="3385" timestamp="2022-02-08T16:48:33.755" />
<exclusive-end id="3413" timestamp="2022-02-08T16:48:33.755" durationms="204.215" />

<exclusive-start id="3414" timestamp="2022-02-08T16:48:34.461" intervalms="909.813">
  <response-info timems="0.023" idlems="0.023" threads="0" lastid="0000000000016F00" lastname="main" />
</exclusive-start>
<af-start id="3415" threadId="0000000000017908" totalBytesRequested="24" timestamp="2022-02-08T16:48:34.461" intervalms="1085.269" type="nursery" />
<cycle-start id="3416" type="scavenge" contextid="0" timestamp="2022-02-08T16:48:34.461" intervalms="1085.269" />
<gc-start id="3417" type="scavenge" contextid="3416" timestamp="2022-02-08T16:48:34.461">
  <mem-info id="3418" free="308669440" total="1073741824" percent="28">
    <mem type="nursery" free="0" total="268435456" percent="0">
      <mem type="allocate" free="0" total="183238656" percent="0" />
      <mem type="survivor" free="0" total="85196800" percent="0" />
    </mem>
    <mem type="tenure" free="308669440" total="805306368" percent="38">
      <mem type="soa" free="300615680" total="797252608" percent="37" />
      <mem type="loa" free="8053760" total="8053760" percent="100" />
    </mem>
    <remembered-set count="106" />
  </mem-info>
</gc-start>
<allocation-stats totalBytes="99846312" >
  <allocated-bytes non-tlh="0" tlh="99846312" />
  <largest-consumer threadName="main" threadId="0000000000016F00" bytes="99842216" />
</allocation-stats>
<gc-op id="3419" type="scavenge" timems="94.534" contextid="3416" timestamp="2022-02-08T16:48:34.555">
  <scavenger-info tenureage="1" tenuremask="7ffe" tiltratio="68" />
  <memory-copied type="nursery" objects="1335764" bytes="75194616" bytesdiscarded="161304" />
  <memory-copied type="tenure" objects="1355518" bytes="77439960" bytesdiscarded="42512" />
  <finalization candidates="2" enqueued="0" />
  <ownableSynchronizers candidates="2" cleared="2" />
  <object-monitors candidates="2" cleared="0"  />
</gc-op>
<gc-end id="3420" type="scavenge" contextid="3416" durationms="94.728" usertimems="309.771" systemtimems="0.000" stalltimems="4.590" timestamp="2022-02-08T16:48:34.555" activeThreads="4">
  <mem-info id="3421" free="338984208" total="1073741824" percent="31">
    <mem type="nursery" free="108144880" total="268435456" percent="40">
      <mem type="allocate" free="108144880" total="183500800" percent="58" />
      <mem type="survivor" free="0" total="84934656" percent="0" />
    </mem>
    <mem type="tenure" free="230839328" total="805306368" percent="28" macro-fragmented="0">
      <mem type="soa" free="222785568" total="797252608" percent="27" />
      <mem type="loa" free="8053760" total="8053760" percent="100" />
    </mem>
    <remembered-set count="105" />
  </mem-info>
</gc-end>
<cycle-end id="3422" type="scavenge" contextid="3416" timestamp="2022-02-08T16:48:34.556" />
<allocation-satisfied id="3423" threadId="0000000000016F00" bytesRequested="24" />
<af-end id="3424" timestamp="2022-02-08T16:48:34.556" threadId="0000000000017908" success="true" from="nursery"/>
<exclusive-end id="3425" timestamp="2022-02-08T16:48:34.556" durationms="95.103" />

<exclusive-start id="3426" timestamp="2022-02-08T16:48:35.276" intervalms="815.654">
  <response-info timems="0.021" idlems="0.021" threads="0" lastid="0000000000016F00" lastname="main" />
</exclusive-start>
<af-start id="3427" threadId="0000000000017908" totalBytesRequested="104" timestamp="2022-02-08T16:48:35.276" intervalms="815.654" type="nursery" />
<cycle-start id="3428" type="scavenge" contextid="0" timestamp="2022-02-08T16:48:35.276" intervalms="815.654" />
<gc-start id="3429" type="scavenge" contextid="3428" timestamp="2022-02-08T16:48:35.276">
  <mem-info id="3430" free="230839328" total="1073741824" percent="21">
    <mem type="nursery" free="0" total="268435456" percent="0">
      <mem type="allocate" free="0" total="183500800" percent="0" />
      <mem type="survivor" free="0" total="84934656" percent="0" />
    </mem>
    <mem type="tenure" free="230839328" total="805306368" percent="28">
      <mem type="soa" free="222785568" total="797252608" percent="27" />
      <mem type="loa" free="8053760" total="8053760" percent="100" />
    </mem>
    <remembered-set count="119" />
  </mem-info>
</gc-start>
<allocation-stats totalBytes="108097888" >
  <allocated-bytes non-tlh="453728" tlh="107644160" />
  <largest-consumer threadName="main" threadId="0000000000016F00" bytes="108097888" />
</allocation-stats>
<gc-op id="3431" type="scavenge" timems="86.998" contextid="3428" timestamp="2022-02-08T16:48:35.363">
  <scavenger-info tenureage="1" tenuremask="7ffe" tiltratio="68" />
  <memory-copied type="nursery" objects="1360509" bytes="76971960" bytesdiscarded="106424" />
  <memory-copied type="tenure" objects="1335764" bytes="75194616" bytesdiscarded="37072" />
  <finalization candidates="30" enqueued="18" />
  <references type="phantom" candidates="30" cleared="0" enqueued="0" />
  <object-monitors candidates="2" cleared="0"  />
</gc-op>
<gc-end id="3432" type="scavenge" contextid="3428" durationms="87.189" usertimems="343.540" systemtimems="0.000" stalltimems="3.030" timestamp="2022-02-08T16:48:35.364" activeThreads="4">
  <mem-info id="3433" free="262079544" total="1073741824" percent="24">
    <mem type="nursery" free="106291344" total="268435456" percent="39">
      <mem type="allocate" free="106291344" total="183369728" percent="57" />
      <mem type="survivor" free="0" total="85065728" percent="0" />
    </mem>
    <mem type="tenure" free="155788200" total="805306368" percent="19" macro-fragmented="0">
      <mem type="soa" free="147734440" total="797252608" percent="18" />
      <mem type="loa" free="8053760" total="8053760" percent="100" />
    </mem>
    <pending-finalizers system="18" default="0" reference="0" classloader="0" />
    <remembered-set count="118" />
  </mem-info>
</gc-end>
<cycle-end id="3434" type="scavenge" contextid="3428" timestamp="2022-02-08T16:48:35.364" />
<allocation-satisfied id="3435" threadId="0000000000016F00" bytesRequested="104" />
<af-end id="3436" timestamp="2022-02-08T16:48:35.364" threadId="0000000000017908" success="true" from="nursery"/>
<exclusive-end id="3437" timestamp="2022-02-08T16:48:35.364" durationms="87.527" />

<concurrent-kickoff id="3438" timestamp="2022-02-08T16:48:36.198">
  <kickoff reason="threshold reached" targetBytes="74438913" thresholdFreeBytes="6170772"  remainingFree="6152336" tenureFreeBytes="155788200" nurseryFreeBytes="6152336" />
</concurrent-kickoff>
<exclusive-start id="3439" timestamp="2022-02-08T16:48:36.201" intervalms="924.868">
  <response-info timems="0.045" idlems="0.045" threads="0" lastid="0000000000016F00" lastname="main" />
</exclusive-start>
<cycle-start id="3440" type="global" contextid="0" timestamp="2022-02-08T16:48:36.201" intervalms="2986.512" />
<concurrent-start id="3441" type="global mark" contextid="3440" timestamp="2022-02-08T16:48:36.201">
</concurrent-start>
<exclusive-end id="3442" timestamp="2022-02-08T16:48:36.201" durationms="0.055" />

<exclusive-start id="3443" timestamp="2022-02-08T16:48:36.345" intervalms="143.575">
  <response-info timems="0.021" idlems="0.021" threads="0" lastid="0000000000016F00" lastname="main" />
</exclusive-start>
<af-start id="3444" threadId="0000000000017908" totalBytesRequested="24" timestamp="2022-02-08T16:48:36.345" intervalms="1068.442" type="nursery" />
<cycle-start id="3445" type="scavenge" contextid="0" timestamp="2022-02-08T16:48:36.345" intervalms="1068.441" />
<gc-start id="3446" type="scavenge" contextid="3445" timestamp="2022-02-08T16:48:36.345">
  <mem-info id="3447" free="155788200" total="1073741824" percent="14">
    <mem type="nursery" free="0" total="268435456" percent="0">
      <mem type="allocate" free="0" total="183369728" percent="0" />
      <mem type="survivor" free="0" total="85065728" percent="0" />
    </mem>
    <mem type="tenure" free="155788200" total="805306368" percent="19">
      <mem type="soa" free="147734440" total="797252608" percent="18" />
      <mem type="loa" free="8053760" total="8053760" percent="100" />
    </mem>
    <remembered-set count="135" />
  </mem-info>
</gc-start>
<allocation-stats totalBytes="106247400" >
  <allocated-bytes non-tlh="2484648" tlh="103762752" />
  <largest-consumer threadName="main" threadId="0000000000016F00" bytes="106243304" />
</allocation-stats>
<gc-op id="3448" type="scavenge" timems="88.177" contextid="3445" timestamp="2022-02-08T16:48:36.433">
  <scavenger-info tenureage="1" tenuremask="7ffe" tiltratio="68" />
  <memory-copied type="nursery" objects="1413736" bytes="75023656" bytesdiscarded="159216" />
  <memory-copied type="tenure" objects="1360210" bytes="76359216" bytesdiscarded="41120" />
  <finalization candidates="92" enqueued="35" />
  <references type="soft" candidates="14" cleared="0" enqueued="0" dynamicThreshold="12" maxThreshold="32" />
  <references type="weak" candidates="1" cleared="0" enqueued="0" />
  <references type="phantom" candidates="77" cleared="7" enqueued="7" />
  <object-monitors candidates="2" cleared="0"  />
</gc-op>
<gc-end id="3449" type="scavenge" contextid="3445" durationms="88.423" usertimems="347.558" systemtimems="0.729" stalltimems="3.669" timestamp="2022-02-08T16:48:36.433" activeThreads="4">
  <mem-info id="3450" free="187957312" total="1073741824" percent="17">
    <mem type="nursery" free="108579944" total="268435456" percent="40">
      <mem type="allocate" free="108579944" total="183762944" percent="59" />
      <mem type="survivor" free="0" total="84672512" percent="0" />
    </mem>
    <mem type="tenure" free="79377368" total="805306368" percent="9" macro-fragmented="57512708">
      <mem type="soa" free="71323608" total="797252608" percent="8" />
      <mem type="loa" free="8053760" total="8053760" percent="100" />
    </mem>
    <pending-finalizers system="34" default="1" reference="7" classloader="0" />
    <remembered-set count="121" />
  </mem-info>
</gc-end>
<cycle-end id="3451" type="scavenge" contextid="3445" timestamp="2022-02-08T16:48:36.433" />
<allocation-satisfied id="3452" threadId="0000000000016F00" bytesRequested="24" />
<af-end id="3453" timestamp="2022-02-08T16:48:36.433" threadId="0000000000017908" success="true" from="nursery"/>
<exclusive-end id="3454" timestamp="2022-02-08T16:48:36.433" durationms="88.739" />

<concurrent-end id="3455" type="global mark" contextid="3440" timestamp="2022-02-08T16:48:36.534">
<gc-op id="3456" type="trace" timems="332.723" contextid="3440" timestamp="2022-02-08T16:48:36.534">
  <trace bytesTraced="74439096" workStackOverflowCount="0" />
  <card-cleaning reason="card cleaning threshold reached" bytesTraced="188" cardsCleaned="1" />
</gc-op>
</concurrent-end>

<exclusive-start id="3457" timestamp="2022-02-08T16:48:36.534" intervalms="189.307">
  <response-info timems="0.032" idlems="0.032" threads="0" lastid="0000000000016F00" lastname="main" />
</exclusive-start>
<concurrent-global-final id="3458" timestamp="2022-02-08T16:48:36.534" contextid="3440" intervalms="2983.236" >
  <concurrent-trace-info reason="card cleaning threshold reached" tracedByMutators="55896116" tracedByHelpers="18543168" cardsCleaned="1" workStackOverflowCount="0" />
</concurrent-global-final>
<gc-start id="3459" type="global" contextid="3440" timestamp="2022-02-08T16:48:36.534">
  <mem-info id="3460" free="180903976" total="1073741824" percent="16">
    <mem type="nursery" free="101526608" total="268435456" percent="37">
      <mem type="allocate" free="101526608" total="183762944" percent="55" />
      <mem type="survivor" free="0" total="84672512" percent="0" />
    </mem>
    <mem type="tenure" free="79377368" total="805306368" percent="9">
      <mem type="soa" free="71323608" total="797252608" percent="8" />
      <mem type="loa" free="8053760" total="8053760" percent="100" />
    </mem>
    <remembered-set count="122" />
  </mem-info>
</gc-start>
<allocation-stats totalBytes="7050552" >
  <allocated-bytes non-tlh="24" tlh="7050528" />
  <largest-consumer threadName="main" threadId="0000000000016F00" bytes="7042360" />
</allocation-stats>
<gc-op id="3461" type="rs-scan" timems="131.659" contextid="3440" timestamp="2022-02-08T16:48:36.666">
  <scan objectsFound="3324744" bytesTraced="71015752" workStackOverflowCount="0" />
</gc-op>
<gc-op id="3462" type="card-cleaning" timems="0.291" contextid="3440" timestamp="2022-02-08T16:48:36.666">
  <card-cleaning cardsCleaned="4" bytesTraced="5924" workStackOverflowCount="0" />
</gc-op>
<gc-op id="3463" type="mark" timems="33.257" contextid="3440" timestamp="2022-02-08T16:48:36.699">
  <trace-info objectcount="1272705" scancount="956054" scanbytes="20463584" />
  <finalization candidates="428" enqueued="57" />
  <ownableSynchronizers candidates="1" cleared="0" />
  <references type="soft" candidates="894" cleared="0" enqueued="0" dynamicThreshold="12" maxThreshold="32" />
  <references type="weak" candidates="1701" cleared="0" enqueued="0" />
  <references type="phantom" candidates="52" cleared="2" enqueued="2" />
  <stringconstants candidates="6470" cleared="0"  />
  <object-monitors candidates="2" cleared="0"  />
</gc-op>
<gc-op id="3464" type="sweep" timems="4.899" contextid="3440" timestamp="2022-02-08T16:48:36.704" />
<gc-end id="3465" type="global" contextid="3440" durationms="170.337" usertimems="186.257" systemtimems="0.000" stalltimems="99.423" timestamp="2022-02-08T16:48:36.705" activeThreads="4">
  <mem-info id="3466" free="424391144" total="1073741824" percent="39">
    <mem type="nursery" free="102101336" total="268435456" percent="38">
      <mem type="allocate" free="102101336" total="183762944" percent="55" />
      <mem type="survivor" free="0" total="84672512" percent="0" />
    </mem>
    <mem type="tenure" free="322289808" total="805306368" percent="40" micro-fragmented="227566" macro-fragmented="0">
      <mem type="soa" free="314236048" total="797252608" percent="39" />
      <mem type="loa" free="8053760" total="8053760" percent="100" />
    </mem>
    <pending-finalizers system="57" default="0" reference="2" classloader="0" />
    <remembered-set count="109" />
  </mem-info>
</gc-end>
<cycle-end id="3467" type="global" contextid="3440" timestamp="2022-02-08T16:48:36.705" />
<exclusive-end id="3468" timestamp="2022-02-08T16:48:36.705" durationms="170.697" />

<exclusive-start id="3469" timestamp="2022-02-08T16:48:37.428" intervalms="893.994">
  <response-info timems="0.021" idlems="0.021" threads="0" lastid="0000000000016F00" lastname="main" />
</exclusive-start>
<af-start id="3470" threadId="0000000000017908" totalBytesRequested="216" timestamp="2022-02-08T16:48:37.428" intervalms="1083.301" type="nursery" />
<cycle-start id="3471" type="scavenge" contextid="0" timestamp="2022-02-08T16:48:37.428" intervalms="1083.301" />
<gc-start id="3472" type="scavenge" contextid="3471" timestamp="2022-02-08T16:48:37.428">
  <mem-info id="3473" free="322289808" total="1073741824" percent="30">
    <mem type="nursery" free="0" total="268435456" percent="0">
      <mem type="allocate" free="0" total="183762944" percent="0" />
      <mem type="survivor" free="0" total="84672512" percent="0" />
    </mem>
    <mem type="tenure" free="322289808" total="805306368" percent="40">
      <mem type="soa" free="314236048" total="797252608" percent="39" />
      <mem type="loa" free="8053760" total="8053760" percent="100" />
    </mem>
    <remembered-set count="110" />
  </mem-info>
</gc-start>
<allocation-stats totalBytes="102055824" >
  <allocated-bytes non-tlh="0" tlh="102055824" />
  <largest-consumer threadName="main" threadId="0000000000016F00" bytes="102051728" />
</allocation-stats>
<gc-op id="3474" type="scavenge" timems="87.430" contextid="3471" timestamp="2022-02-08T16:48:37.516">
  <scavenger-info tenureage="1" tenuremask="7ffe" tiltratio="68" />
  <memory-copied type="nursery" objects="1407689" bytes="77620192" bytesdiscarded="260384" />
  <memory-copied type="tenure" objects="1413255" bytes="74711912" bytesdiscarded="43712" />
  <finalization candidates="45" enqueued="0" />
  <ownableSynchronizers candidates="2" cleared="2" />
  <object-monitors candidates="2" cleared="0"  />
</gc-op>
<gc-end id="3475" type="scavenge" contextid="3471" durationms="87.810" usertimems="344.458" systemtimems="1.491" stalltimems="2.949" timestamp="2022-02-08T16:48:37.516" activeThreads="4">
  <mem-info id="3476" free="351757456" total="1073741824" percent="32">
    <mem type="nursery" free="104309504" total="268435456" percent="38">
      <mem type="allocate" free="104309504" total="182190080" percent="57" />
      <mem type="survivor" free="0" total="86245376" percent="0" />
    </mem>
    <mem type="tenure" free="247447952" total="805306368" percent="30" macro-fragmented="0">
      <mem type="soa" free="239394192" total="797252608" percent="30" />
      <mem type="loa" free="8053760" total="8053760" percent="100" />
    </mem>
    <remembered-set count="103" />
  </mem-info>
</gc-end>
<cycle-end id="3477" type="scavenge" contextid="3471" timestamp="2022-02-08T16:48:37.516" />
<allocation-satisfied id="3478" threadId="0000000000016F00" bytesRequested="216" />
<af-end id="3479" timestamp="2022-02-08T16:48:37.516" threadId="0000000000017908" success="true" from="nursery"/>
<exclusive-end id="3480" timestamp="2022-02-08T16:48:37.516" durationms="88.207" />

<exclusive-start id="3481" timestamp="2022-02-08T16:48:38.164" intervalms="736.041">
  <response-info timems="0.028" idlems="0.028" threads="0" lastid="0000000000016F00" lastname="main" />
</exclusive-start>
<af-start id="3482" threadId="0000000000017908" totalBytesRequested="208" timestamp="2022-02-08T16:48:38.164" intervalms="736.040" type="nursery" />
<cycle-start id="3483" type="scavenge" contextid="0" timestamp="2022-02-08T16:48:38.164" intervalms="736.041" />
<gc-start id="3484" type="scavenge" contextid="3483" timestamp="2022-02-08T16:48:38.164">
  <mem-info id="3485" free="247447952" total="1073741824" percent="23">
    <mem type="nursery" free="0" total="268435456" percent="0">
      <mem type="allocate" free="0" total="182190080" percent="0" />
      <mem type="survivor" free="0" total="86245376" percent="0" />
    </mem>
    <mem type="tenure" free="247447952" total="805306368" percent="30">
      <mem type="soa" free="239394192" total="797252608" percent="30" />
      <mem type="loa" free="8053760" total="8053760" percent="100" />
    </mem>
    <remembered-set count="103" />
  </mem-info>
</gc-start>
<allocation-stats totalBytes="104258992" >
  <allocated-bytes non-tlh="216" tlh="104258776" />
  <largest-consumer threadName="main" threadId="0000000000016F00" bytes="104258992" />
</allocation-stats>
<gc-op id="3486" type="scavenge" timems="78.700" contextid="3483" timestamp="2022-02-08T16:48:38.243">
  <scavenger-info tenureage="1" tenuremask="7ffe" tiltratio="67" />
  <memory-copied type="nursery" objects="1301549" bytes="74125664" bytesdiscarded="108880" />
  <memory-copied type="tenure" objects="1407688" bytes="77620072" bytesdiscarded="40296" />
  <object-monitors candidates="2" cleared="0"  />
</gc-op>
<gc-end id="3487" type="scavenge" contextid="3483" durationms="78.917" usertimems="309.607" systemtimems="0.000" stalltimems="4.534" timestamp="2022-02-08T16:48:38.243" activeThreads="4">
  <mem-info id="3488" free="278059360" total="1073741824" percent="25">
    <mem type="nursery" free="108414288" total="268435456" percent="40">
      <mem type="allocate" free="108414288" total="182648832" percent="59" />
      <mem type="survivor" free="0" total="85786624" percent="0" />
    </mem>
    <mem type="tenure" free="169645072" total="805306368" percent="21" macro-fragmented="69015248">
      <mem type="soa" free="161591312" total="797252608" percent="20" />
      <mem type="loa" free="8053760" total="8053760" percent="100" />
    </mem>
    <remembered-set count="104" />
  </mem-info>
</gc-end>
<cycle-end id="3489" type="scavenge" contextid="3483" timestamp="2022-02-08T16:48:38.243" />
<allocation-satisfied id="3490" threadId="0000000000016F00" bytesRequested="208" />
<af-end id="3491" timestamp="2022-02-08T16:48:38.243" threadId="0000000000017908" success="true" from="nursery"/>
<exclusive-end id="3492" timestamp="2022-02-08T16:48:38.243" durationms="79.241" />

<exclusive-start id="3493" timestamp="2022-02-08T16:48:39.215" intervalms="1050.730">
  <response-info timems="0.021" idlems="0.021" threads="0" lastid="0000000000016F00" lastname="main" />
</exclusive-start>
<af-start id="3494" threadId="0000000000017908" totalBytesRequested="192" timestamp="2022-02-08T16:48:39.215" intervalms="1050.737" type="nursery" />
<cycle-start id="3495" type="scavenge" contextid="0" timestamp="2022-02-08T16:48:39.215" intervalms="1050.737" />
<gc-start id="3496" type="scavenge" contextid="3495" timestamp="2022-02-08T16:48:39.215">
  <mem-info id="3497" free="169645072" total="1073741824" percent="15">
    <mem type="nursery" free="0" total="268435456" percent="0">
      <mem type="allocate" free="0" total="182648832" percent="0" />
      <mem type="survivor" free="0" total="85786624" percent="0" />
    </mem>
    <mem type="tenure" free="169645072" total="805306368" percent="21">
      <mem type="soa" free="161591312" total="797252608" percent="20" />
      <mem type="loa" free="8053760" total="8053760" percent="100" />
    </mem>
    <remembered-set count="135" />
  </mem-info>
</gc-start>
<allocation-stats totalBytes="108369464" >
  <allocated-bytes non-tlh="2938456" tlh="105431008" />
  <largest-consumer threadName="main" threadId="0000000000016F00" bytes="108369464" />
</allocation-stats>
<gc-op id="3498" type="scavenge" timems="87.576" contextid="3495" timestamp="2022-02-08T16:48:39.303">
  <scavenger-info tenureage="1" tenuremask="7ffe" tiltratio="68" />
  <memory-copied type="nursery" objects="1454505" bytes="76197088" bytesdiscarded="188576" />
  <memory-copied type="tenure" objects="1301548" bytes="74125552" bytesdiscarded="40304" />
  <finalization candidates="110" enqueued="53" />
  <references type="soft" candidates="14" cleared="0" enqueued="0" dynamicThreshold="12" maxThreshold="32" />
  <references type="weak" candidates="1" cleared="0" enqueued="0" />
  <references type="phantom" candidates="95" cleared="7" enqueued="7" />
  <object-monitors candidates="2" cleared="0"  />
</gc-op>
<gc-end id="3499" type="scavenge" contextid="3495" durationms="87.821" usertimems="344.081" systemtimems="0.806" stalltimems="4.067" timestamp="2022-02-08T16:48:39.303" activeThreads="4">
  <mem-info id="3500" free="202002376" total="1073741824" percent="18">
    <mem type="nursery" free="106525184" total="268435456" percent="39">
      <mem type="allocate" free="106525184" total="182910976" percent="58" />
      <mem type="survivor" free="0" total="85524480" percent="0" />
    </mem>
    <mem type="tenure" free="95477192" total="805306368" percent="11" macro-fragmented="0">
      <mem type="soa" free="87423432" total="797252608" percent="10" />
      <mem type="loa" free="8053760" total="8053760" percent="100" />
    </mem>
    <pending-finalizers system="52" default="1" reference="7" classloader="0" />
    <remembered-set count="130" />
  </mem-info>
</gc-end>
<cycle-end id="3501" type="scavenge" contextid="3495" timestamp="2022-02-08T16:48:39.303" />
<allocation-satisfied id="3502" threadId="0000000000016F00" bytesRequested="192" />
<af-end id="3503" timestamp="2022-02-08T16:48:39.303" threadId="0000000000017908" success="true" from="nursery"/>
<exclusive-end id="3504" timestamp="2022-02-08T16:48:39.303" durationms="88.148" />

<concurrent-kickoff id="3505" timestamp="2022-02-08T16:48:40.046">
  <kickoff reason="threshold reached" targetBytes="74438979" thresholdFreeBytes="6159758"  remainingFree="6124032" tenureFreeBytes="95477192" nurseryFreeBytes="6124032" />
</concurrent-kickoff>
<exclusive-start id="3506" timestamp="2022-02-08T16:48:40.050" intervalms="835.304">
  <response-info timems="0.016" idlems="0.016" threads="0" lastid="0000000000016F00" lastname="main" />
</exclusive-start>
<cycle-start id="3507" type="global" contextid="0" timestamp="2022-02-08T16:48:40.050" intervalms="3848.954" />
<concurrent-start id="3508" type="global mark" contextid="3507" timestamp="2022-02-08T16:48:40.050">
</concurrent-start>
<exclusive-end id="3509" timestamp="2022-02-08T16:48:40.050" durationms="0.043" />

<exclusive-start id="3510" timestamp="2022-02-08T16:48:40.198" intervalms="147.547">
  <response-info timems="0.019" idlems="0.019" threads="0" lastid="0000000000016F00" lastname="main" />
</exclusive-start>
<af-start id="3511" threadId="0000000000017908" totalBytesRequested="24" timestamp="2022-02-08T16:48:40.198" intervalms="982.844" type="nursery" />
<cycle-start id="3512" type="scavenge" contextid="0" timestamp="2022-02-08T16:48:40.198" intervalms="982.843" />
<gc-start id="3513" type="scavenge" contextid="3512" timestamp="2022-02-08T16:48:40.198">
  <mem-info id="3514" free="95477192" total="1073741824" percent="8">
    <mem type="nursery" free="0" total="268435456" percent="0">
      <mem type="allocate" free="0" total="182910976" percent="0" />
      <mem type="survivor" free="0" total="85524480" percent="0" />
    </mem>
    <mem type="tenure" free="95477192" total="805306368" percent="11">
      <mem type="soa" free="87423432" total="797252608" percent="10" />
      <mem type="loa" free="8053760" total="8053760" percent="100" />
    </mem>
    <remembered-set count="131" />
  </mem-info>
</gc-start>
<allocation-stats totalBytes="106478488" >
  <allocated-bytes non-tlh="192" tlh="106478296" />
  <largest-consumer threadName="main" threadId="0000000000016F00" bytes="106470296" />
</allocation-stats>
<gc-op id="3515" type="scavenge" timems="82.618" contextid="3512" timestamp="2022-02-08T16:48:40.280">
  <scavenger-info tenureage="1" tenuremask="7ffe" tiltratio="68" />
  <memory-copied type="nursery" objects="1374209" bytes="75858352" bytesdiscarded="136904" />
  <memory-copied type="tenure" objects="1453793" bytes="75729128" bytesdiscarded="33968" />
  <finalization candidates="57" enqueued="0" />
  <object-monitors candidates="2" cleared="0"  />
</gc-op>
<gc-end id="3516" type="scavenge" contextid="3512" durationms="82.761" usertimems="326.501" systemtimems="0.578" stalltimems="2.407" timestamp="2022-02-08T16:48:40.281" activeThreads="4">
  <mem-info id="3517" free="127380112" total="1073741824" percent="11">
    <mem type="nursery" free="107571080" total="268435456" percent="40">
      <mem type="allocate" free="107571080" total="183566336" percent="58" />
      <mem type="survivor" free="0" total="84869120" percent="0" />
    </mem>
    <mem type="tenure" free="19809032" total="805306368" percent="2" macro-fragmented="18886860">
      <mem type="soa" free="11755272" total="797252608" percent="1" />
      <mem type="loa" free="8053760" total="8053760" percent="100" />
    </mem>
    <remembered-set count="103" />
  </mem-info>
</gc-end>
<cycle-end id="3518" type="scavenge" contextid="3512" timestamp="2022-02-08T16:48:40.281" />
<allocation-satisfied id="3519" threadId="0000000000016F00" bytesRequested="24" />
<af-end id="3520" timestamp="2022-02-08T16:48:40.281" threadId="0000000000017908" success="true" from="nursery"/>
<exclusive-end id="3521" timestamp="2022-02-08T16:48:40.281" durationms="83.070" />

<concurrent-end id="3522" type="global mark" contextid="3507" timestamp="2022-02-08T16:48:40.375">
<gc-op id="3523" type="trace" timems="324.447" contextid="3507" timestamp="2022-02-08T16:48:40.375">
  <trace bytesTraced="74441320" workStackOverflowCount="0" />
  <card-cleaning reason="card cleaning threshold reached" bytesTraced="2488" cardsCleaned="2" />
</gc-op>
</concurrent-end>

<exclusive-start id="3524" timestamp="2022-02-08T16:48:40.375" intervalms="176.982">
  <response-info timems="0.017" idlems="0.017" threads="0" lastid="0000000000016F00" lastname="main" />
</exclusive-start>
<concurrent-global-final id="3525" timestamp="2022-02-08T16:48:40.375" contextid="3507" intervalms="3840.577" >
  <concurrent-trace-info reason="card cleaning threshold reached" tracedByMutators="49588964" tracedByHelpers="24854844" cardsCleaned="2" workStackOverflowCount="0" />
</concurrent-global-final>
<gc-start id="3526" type="global" contextid="3507" timestamp="2022-02-08T16:48:40.375">
  <mem-info id="3527" free="121776760" total="1073741824" percent="11">
    <mem type="nursery" free="101967728" total="268435456" percent="37">
      <mem type="allocate" free="101967728" total="183566336" percent="55" />
      <mem type="survivor" free="0" total="84869120" percent="0" />
    </mem>
    <mem type="tenure" free="19809032" total="805306368" percent="2">
      <mem type="soa" free="11755272" total="797252608" percent="1" />
      <mem type="loa" free="8053760" total="8053760" percent="100" />
    </mem>
    <remembered-set count="103" />
  </mem-info>
</gc-start>
<allocation-stats totalBytes="5600648" >
  <allocated-bytes non-tlh="24" tlh="5600624" />
  <largest-consumer threadName="main" threadId="0000000000016F00" bytes="5600648" />
</allocation-stats>
<gc-op id="3528" type="rs-scan" timems="0.535" contextid="3507" timestamp="2022-02-08T16:48:40.375">
  <scan objectsFound="0" bytesTraced="3988" workStackOverflowCount="0" />
</gc-op>
<gc-op id="3529" type="card-cleaning" timems="170.576" contextid="3507" timestamp="2022-02-08T16:48:40.546">
  <card-cleaning cardsCleaned="11" bytesTraced="71019156" workStackOverflowCount="0" />
</gc-op>
<gc-op id="3530" type="mark" timems="66.680" contextid="3507" timestamp="2022-02-08T16:48:40.613">
  <trace-info objectcount="2363519" scancount="1774167" scanbytes="37916584" />
  <finalization candidates="428" enqueued="57" />
  <ownableSynchronizers candidates="1" cleared="0" />
  <references type="soft" candidates="894" cleared="0" enqueued="0" dynamicThreshold="12" maxThreshold="32" />
  <references type="weak" candidates="1701" cleared="0" enqueued="0" />
  <references type="phantom" candidates="52" cleared="2" enqueued="2" />
  <stringconstants candidates="6470" cleared="0"  />
  <object-monitors candidates="2" cleared="0"  />
</gc-op>
<gc-op id="3531" type="sweep" timems="11.498" contextid="3507" timestamp="2022-02-08T16:48:40.624" />
<gc-end id="3532" type="global" contextid="3507" durationms="249.534" usertimems="266.589" systemtimems="1.294" stalltimems="216.635" timestamp="2022-02-08T16:48:40.624" activeThreads="4">
  <mem-info id="3533" free="364872088" total="1073741824" percent="33">
    <mem type="nursery" free="102197520" total="268435456" percent="38">
      <mem type="allocate" free="102197520" total="183566336" percent="55" />
      <mem type="survivor" free="0" total="84869120" percent="0" />
    </mem>
    <mem type="tenure" free="262674568" total="805306368" percent="32" micro-fragmented="296027" macro-fragmented="0">
      <mem type="soa" free="254620808" total="797252608" percent="31" />
      <mem type="loa" free="8053760" total="8053760" percent="100" />
    </mem>
    <pending-finalizers system="57" default="0" reference="2" classloader="0" />
    <remembered-set count="103" />
  </mem-info>
</gc-end>
<cycle-end id="3534" type="global" contextid="3507" timestamp="2022-02-08T16:48:40.624" />
<exclusive-end id="3535" timestamp="2022-02-08T16:48:40.624" durationms="249.730" />

<exclusive-start id="3536" timestamp="2022-02-08T16:48:41.267" intervalms="892.119">
  <response-info timems="0.019" idlems="0.019" threads="0" lastid="0000000000016F00" lastname="main" />
</exclusive-start>
<af-start id="3537" threadId="0000000000017908" totalBytesRequested="176" timestamp="2022-02-08T16:48:41.267" intervalms="1069.102" type="nursery" />
<cycle-start id="3538" type="scavenge" contextid="0" timestamp="2022-02-08T16:48:41.267" intervalms="1069.103" />
<gc-start id="3539" type="scavenge" contextid="3538" timestamp="2022-02-08T16:48:41.267">
  <mem-info id="3540" free="262674568" total="1073741824" percent="24">
    <mem type="nursery" free="0" total="268435456" percent="0">
      <mem type="allocate" free="0" total="183566336" percent="0" />
      <mem type="survivor" free="0" total="84869120" percent="0" />
    </mem>
    <mem type="tenure" free="262674568" total="805306368" percent="32">
      <mem type="soa" free="254620808" total="797252608" percent="31" />
      <mem type="loa" free="8053760" total="8053760" percent="100" />
    </mem>
    <remembered-set count="106" />
  </mem-info>
</gc-start>
<allocation-stats totalBytes="102150712" >
  <allocated-bytes non-tlh="0" tlh="102150712" />
  <largest-consumer threadName="main" threadId="0000000000016F00" bytes="102146616" />
</allocation-stats>
<gc-op id="3541" type="scavenge" timems="79.062" contextid="3538" timestamp="2022-02-08T16:48:41.346">
  <scavenger-info tenureage="1" tenuremask="7ffe" tiltratio="68" />
  <memory-copied type="nursery" objects="1351182" bytes="76508784" bytesdiscarded="191160" />
  <memory-copied type="tenure" objects="1374209" bytes="75858352" bytesdiscarded="47232" />
  <ownableSynchronizers candidates="2" cleared="2" />
  <object-monitors candidates="2" cleared="0"  />
</gc-op>
<gc-end id="3542" type="scavenge" contextid="3538" durationms="79.254" usertimems="311.990" systemtimems="0.000" stalltimems="3.362" timestamp="2022-02-08T16:48:41.346" activeThreads="4">
  <mem-info id="3543" free="294750904" total="1073741824" percent="27">
    <mem type="nursery" free="108046040" total="268435456" percent="40">
      <mem type="allocate" free="108046040" total="184745984" percent="58" />
      <mem type="survivor" free="0" total="83689472" percent="0" />
    </mem>
    <mem type="tenure" free="186704864" total="805306368" percent="23" macro-fragmented="0">
      <mem type="soa" free="178651104" total="797252608" percent="22" />
      <mem type="loa" free="8053760" total="8053760" percent="100" />
    </mem>
    <remembered-set count="104" />
  </mem-info>
</gc-end>
<cycle-end id="3544" type="scavenge" contextid="3538" timestamp="2022-02-08T16:48:41.346" />
<allocation-satisfied id="3545" threadId="0000000000016F00" bytesRequested="176" />
<af-end id="3546" timestamp="2022-02-08T16:48:41.346" threadId="0000000000017908" success="true" from="nursery"/>
<exclusive-end id="3547" timestamp="2022-02-08T16:48:41.346" durationms="79.502" />

<exclusive-start id="3548" timestamp="2022-02-08T16:48:42.294" intervalms="1027.646">
  <response-info timems="0.025" idlems="0.025" threads="0" lastid="0000000000016F00" lastname="main" />
</exclusive-start>
<af-start id="3549" threadId="0000000000017908" totalBytesRequested="24" timestamp="2022-02-08T16:48:42.294" intervalms="1027.648" type="nursery" />
<cycle-start id="3550" type="scavenge" contextid="0" timestamp="2022-02-08T16:48:42.294" intervalms="1027.648" />
<gc-start id="3551" type="scavenge" contextid="3550" timestamp="2022-02-08T16:48:42.295">
  <mem-info id="3552" free="186704864" total="1073741824" percent="17">
    <mem type="nursery" free="0" total="268435456" percent="0">
      <mem type="allocate" free="0" total="184745984" percent="0" />
      <mem type="survivor" free="0" total="83689472" percent="0" />
    </mem>
    <mem type="tenure" free="186704864" total="805306368" percent="23">
      <mem type="soa" free="178651104" total="797252608" percent="22" />
      <mem type="loa" free="8053760" total="8053760" percent="100" />
    </mem>
    <remembered-set count="135" />
  </mem-info>
</gc-start>
<allocation-stats totalBytes="107997864" >
  <allocated-bytes non-tlh="1590744" tlh="106407120" />
  <largest-consumer threadName="main" threadId="0000000000016F00" bytes="107997864" />
</allocation-stats>
<gc-op id="3553" type="scavenge" timems="84.325" contextid="3550" timestamp="2022-02-08T16:48:42.379">
  <scavenger-info tenureage="1" tenuremask="7ffe" tiltratio="68" />
  <memory-copied type="nursery" objects="1453085" bytes="75981248" bytesdiscarded="181640" />
  <memory-copied type="tenure" objects="1351181" bytes="76508688" bytesdiscarded="35880" />
  <finalization candidates="109" enqueued="53" />
  <references type="soft" candidates="14" cleared="0" enqueued="0" dynamicThreshold="10" maxThreshold="32" />
  <references type="weak" candidates="1" cleared="0" enqueued="0" />
  <references type="phantom" candidates="94" cleared="7" enqueued="7" />
  <object-monitors candidates="2" cleared="0"  />
</gc-op>
<gc-end id="3554" type="scavenge" contextid="3550" durationms="84.498" usertimems="332.303" systemtimems="0.000" stalltimems="3.560" timestamp="2022-02-08T16:48:42.379" activeThreads="4">
  <mem-info id="3555" free="218864112" total="1073741824" percent="20">
    <mem type="nursery" free="108779576" total="268435456" percent="40">
      <mem type="allocate" free="108779576" total="184942592" percent="58" />
      <mem type="survivor" free="0" total="83492864" percent="0" />
    </mem>
    <mem type="tenure" free="110084536" total="805306368" percent="13" macro-fragmented="275116">
      <mem type="soa" free="102030776" total="797252608" percent="12" />
      <mem type="loa" free="8053760" total="8053760" percent="100" />
    </mem>
    <pending-finalizers system="52" default="1" reference="7" classloader="0" />
    <remembered-set count="132" />
  </mem-info>
</gc-end>
<cycle-end id="3556" type="scavenge" contextid="3550" timestamp="2022-02-08T16:48:42.379" />
<allocation-satisfied id="3557" threadId="0000000000016F00" bytesRequested="24" />
<af-end id="3558" timestamp="2022-02-08T16:48:42.379" threadId="0000000000017908" success="true" from="nursery"/>
<exclusive-end id="3559" timestamp="2022-02-08T16:48:42.379" durationms="84.757" />

<concurrent-kickoff id="3560" timestamp="2022-02-08T16:48:43.111">
  <kickoff reason="threshold reached" targetBytes="74440167" thresholdFreeBytes="6214519"  remainingFree="6137792" tenureFreeBytes="110084536" nurseryFreeBytes="6137792" />
</concurrent-kickoff>
<exclusive-start id="3561" timestamp="2022-02-08T16:48:43.114" intervalms="819.466">
  <response-info timems="0.025" idlems="0.025" threads="0" lastid="0000000000016F00" lastname="main" />
</exclusive-start>
<cycle-start id="3562" type="global" contextid="0" timestamp="2022-02-08T16:48:43.114" intervalms="3063.749" />
<concurrent-start id="3563" type="global mark" contextid="3562" timestamp="2022-02-08T16:48:43.114">
</concurrent-start>
<exclusive-end id="3564" timestamp="2022-02-08T16:48:43.114" durationms="0.030" />

<exclusive-start id="3565" timestamp="2022-02-08T16:48:43.259" intervalms="144.797">
  <response-info timems="0.019" idlems="0.019" threads="0" lastid="0000000000016F00" lastname="main" />
</exclusive-start>
<af-start id="3566" threadId="0000000000017908" totalBytesRequested="208" timestamp="2022-02-08T16:48:43.259" intervalms="964.260" type="nursery" />
<cycle-start id="3567" type="scavenge" contextid="0" timestamp="2022-02-08T16:48:43.259" intervalms="964.260" />
<gc-start id="3568" type="scavenge" contextid="3567" timestamp="2022-02-08T16:48:43.259">
  <mem-info id="3569" free="110084536" total="1073741824" percent="10">
    <mem type="nursery" free="0" total="268435456" percent="0">
      <mem type="allocate" free="0" total="184942592" percent="0" />
      <mem type="survivor" free="0" total="83492864" percent="0" />
    </mem>
    <mem type="tenure" free="110084536" total="805306368" percent="13">
      <mem type="soa" free="102030776" total="797252608" percent="12" />
      <mem type="loa" free="8053760" total="8053760" percent="100" />
    </mem>
    <remembered-set count="133" />
  </mem-info>
</gc-start>
<allocation-stats totalBytes="108727288" >
  <allocated-bytes non-tlh="1347704" tlh="107379584" />
  <largest-consumer threadName="main" threadId="0000000000016F00" bytes="108719096" />
</allocation-stats>
<gc-op id="3570" type="scavenge" timems="86.217" contextid="3567" timestamp="2022-02-08T16:48:43.345">
  <scavenger-info tenureage="1" tenuremask="7ffe" tiltratio="68" />
  <memory-copied type="nursery" objects="1384532" bytes="77843744" bytesdiscarded="211848" />
  <memory-copied type="tenure" objects="1452366" bytes="75038080" bytesdiscarded="39848" />
  <finalization candidates="57" enqueued="0" />
  <references type="phantom" candidates="1" cleared="0" enqueued="0" />
  <object-monitors candidates="2" cleared="0"  />
</gc-op>
<gc-end id="3571" type="scavenge" contextid="3567" durationms="86.421" usertimems="340.790" systemtimems="0.292" stalltimems="2.670" timestamp="2022-02-08T16:48:43.345" activeThreads="4">
  <mem-info id="3572" free="139873840" total="1073741824" percent="13">
    <mem type="nursery" free="104789848" total="268435456" percent="39">
      <mem type="allocate" free="104789848" total="182845440" percent="57" />
      <mem type="survivor" free="0" total="85590016" percent="0" />
    </mem>
    <mem type="tenure" free="35083992" total="805306368" percent="4" macro-fragmented="0">
      <mem type="soa" free="27030232" total="797252608" percent="3" />
      <mem type="loa" free="8053760" total="8053760" percent="100" />
    </mem>
    <remembered-set count="101" />
  </mem-info>
</gc-end>
<cycle-end id="3573" type="scavenge" contextid="3567" timestamp="2022-02-08T16:48:43.345" />
<allocation-satisfied id="3574" threadId="0000000000016F00" bytesRequested="208" />
<af-end id="3575" timestamp="2022-02-08T16:48:43.345" threadId="0000000000017908" success="true" from="nursery"/>
<exclusive-end id="3576" timestamp="2022-02-08T16:48:43.345" durationms="86.730" />

<concurrent-end id="3577" type="global mark" contextid="3562" timestamp="2022-02-08T16:48:43.442">
<gc-op id="3578" type="trace" timems="328.280" contextid="3562" timestamp="2022-02-08T16:48:43.442">
  <trace bytesTraced="74439480" workStackOverflowCount="0" />
  <card-cleaning reason="card cleaning threshold reached" bytesTraced="188" cardsCleaned="1" />
</gc-op>
</concurrent-end>

<exclusive-start id="3579" timestamp="2022-02-08T16:48:43.442" intervalms="183.554">
  <response-info timems="0.018" idlems="0.018" threads="0" lastid="0000000000016F00" lastname="main" />
</exclusive-start>
<concurrent-global-final id="3580" timestamp="2022-02-08T16:48:43.442" contextid="3562" intervalms="3067.581" >
  <concurrent-trace-info reason="card cleaning threshold reached" tracedByMutators="55643428" tracedByHelpers="18796240" cardsCleaned="1" workStackOverflowCount="0" />
</concurrent-global-final>
<gc-start id="3581" type="global" contextid="3562" timestamp="2022-02-08T16:48:43.442">
  <mem-info id="3582" free="133746016" total="1073741824" percent="12">
    <mem type="nursery" free="98662024" total="268435456" percent="36">
      <mem type="allocate" free="98662024" total="182845440" percent="53" />
      <mem type="survivor" free="0" total="85590016" percent="0" />
    </mem>
    <mem type="tenure" free="35083992" total="805306368" percent="4">
      <mem type="soa" free="27030232" total="797252608" percent="3" />
      <mem type="loa" free="8053760" total="8053760" percent="100" />
    </mem>
    <remembered-set count="101" />
  </mem-info>
</gc-start>
<allocation-stats totalBytes="6125144" >
  <allocated-bytes non-tlh="208" tlh="6124936" />
  <largest-consumer threadName="main" threadId="0000000000016F00" bytes="6125144" />
</allocation-stats>
<gc-op id="3583" type="rs-scan" timems="0.614" contextid="3562" timestamp="2022-02-08T16:48:43.443">
  <scan objectsFound="29" bytesTraced="5420" workStackOverflowCount="0" />
</gc-op>
<gc-op id="3584" type="card-cleaning" timems="151.816" contextid="3562" timestamp="2022-02-08T16:48:43.595">
  <card-cleaning cardsCleaned="9" bytesTraced="71017300" workStackOverflowCount="0" />
</gc-op>
<gc-op id="3585" type="mark" timems="67.514" contextid="3562" timestamp="2022-02-08T16:48:43.662">
  <trace-info objectcount="2126747" scancount="1596588" scanbytes="34128232" />
  <finalization candidates="428" enqueued="57" />
  <ownableSynchronizers candidates="1" cleared="0" />
  <references type="soft" candidates="894" cleared="0" enqueued="0" dynamicThreshold="10" maxThreshold="32" />
  <references type="weak" candidates="1701" cleared="0" enqueued="0" />
  <references type="phantom" candidates="52" cleared="2" enqueued="2" />
  <stringconstants candidates="6470" cleared="0"  />
  <object-monitors candidates="2" cleared="0"  />
</gc-op>
<gc-op id="3586" type="sweep" timems="5.011" contextid="3562" timestamp="2022-02-08T16:48:43.667" />
<gc-end id="3587" type="global" contextid="3562" durationms="225.149" usertimems="273.197" systemtimems="8.513" stalltimems="161.122" timestamp="2022-02-08T16:48:43.667" activeThreads="4">
  <mem-info id="3588" free="376856864" total="1073741824" percent="35">
    <mem type="nursery" free="98968240" total="268435456" percent="36">
      <mem type="allocate" free="98968240" total="182845440" percent="54" />
      <mem type="survivor" free="0" total="85590016" percent="0" />
    </mem>
    <mem type="tenure" free="277888624" total="805306368" percent="34" micro-fragmented="264472" macro-fragmented="0">
      <mem type="soa" free="269834864" total="797252608" percent="33" />
      <mem type="loa" free="8053760" total="8053760" percent="100" />
    </mem>
    <pending-finalizers system="57" default="0" reference="2" classloader="0" />
    <remembered-set count="101" />
  </mem-info>
</gc-end>
<cycle-end id="3589" type="global" contextid="3562" timestamp="2022-02-08T16:48:43.668" />
<exclusive-end id="3590" timestamp="2022-02-08T16:48:43.668" durationms="225.497" />

<exclusive-start id="3591" timestamp="2022-02-08T16:48:44.302" intervalms="860.174">
  <response-info timems="0.022" idlems="0.022" threads="0" lastid="0000000000016F00" lastname="main" />
</exclusive-start>
<af-start id="3592" threadId="0000000000017908" totalBytesRequested="104" timestamp="2022-02-08T16:48:44.303" intervalms="1044.210" type="nursery" />
<cycle-start id="3593" type="scavenge" contextid="0" timestamp="2022-02-08T16:48:44.303" intervalms="1044.361" />
<gc-start id="3594" type="scavenge" contextid="3593" timestamp="2022-02-08T16:48:44.303">
  <mem-info id="3595" free="277888624" total="1073741824" percent="25">
    <mem type="nursery" free="0" total="268435456" percent="0">
      <mem type="allocate" free="0" total="182845440" percent="0" />
      <mem type="survivor" free="0" total="85590016" percent="0" />
    </mem>
    <mem type="tenure" free="277888624" total="805306368" percent="34">
      <mem type="soa" free="269834864" total="797252608" percent="33" />
      <mem type="loa" free="8053760" total="8053760" percent="100" />
    </mem>
    <remembered-set count="104" />
  </mem-info>
</gc-start>
<allocation-stats totalBytes="98920888" >
  <allocated-bytes non-tlh="0" tlh="98920888" />
  <largest-consumer threadName="main" threadId="0000000000016F00" bytes="98916792" />
</allocation-stats>
<gc-op id="3596" type="scavenge" timems="80.860" contextid="3593" timestamp="2022-02-08T16:48:44.384">
  <scavenger-info tenureage="1" tenuremask="7ffe" tiltratio="68" />
  <memory-copied type="nursery" objects="1315698" bytes="74589312" bytesdiscarded="108416" />
  <memory-copied type="tenure" objects="1384531" bytes="77843632" bytesdiscarded="43864" />
  <finalization candidates="1" enqueued="0" />
  <ownableSynchronizers candidates="2" cleared="2" />
  <object-monitors candidates="2" cleared="0"  />
</gc-op>
<gc-end id="3597" type="scavenge" contextid="3593" durationms="81.107" usertimems="300.564" systemtimems="0.000" stalltimems="3.628" timestamp="2022-02-08T16:48:44.384" activeThreads="4">
  <mem-info id="3598" free="308211632" total="1073741824" percent="28">
    <mem type="nursery" free="108475392" total="268435456" percent="40">
      <mem type="allocate" free="108475392" total="183173120" percent="59" />
      <mem type="survivor" free="0" total="85262336" percent="0" />
    </mem>
    <mem type="tenure" free="199736240" total="805306368" percent="24" macro-fragmented="0">
      <mem type="soa" free="191682480" total="797252608" percent="24" />
      <mem type="loa" free="8053760" total="8053760" percent="100" />
    </mem>
    <remembered-set count="105" />
  </mem-info>
</gc-end>
<cycle-end id="3599" type="scavenge" contextid="3593" timestamp="2022-02-08T16:48:44.384" />
<allocation-satisfied id="3600" threadId="0000000000016F00" bytesRequested="104" />
<af-end id="3601" timestamp="2022-02-08T16:48:44.384" threadId="0000000000017908" success="true" from="nursery"/>
<exclusive-end id="3602" timestamp="2022-02-08T16:48:44.384" durationms="82.079" />

<exclusive-start id="3603" timestamp="2022-02-08T16:48:45.334" intervalms="1031.619">
  <response-info timems="0.018" idlems="0.018" threads="0" lastid="0000000000016F00" lastname="main" />
</exclusive-start>
<af-start id="3604" threadId="0000000000017908" totalBytesRequested="24" timestamp="2022-02-08T16:48:45.334" intervalms="1031.137" type="nursery" />
<cycle-start id="3605" type="scavenge" contextid="0" timestamp="2022-02-08T16:48:45.334" intervalms="1030.991" />
<gc-start id="3606" type="scavenge" contextid="3605" timestamp="2022-02-08T16:48:45.334">
  <mem-info id="3607" free="199736240" total="1073741824" percent="18">
    <mem type="nursery" free="0" total="268435456" percent="0">
      <mem type="allocate" free="0" total="183173120" percent="0" />
      <mem type="survivor" free="0" total="85262336" percent="0" />
    </mem>
    <mem type="tenure" free="199736240" total="805306368" percent="24">
      <mem type="soa" free="191682480" total="797252608" percent="24" />
      <mem type="loa" free="8053760" total="8053760" percent="100" />
    </mem>
    <remembered-set count="136" />
  </mem-info>
</gc-start>
<allocation-stats totalBytes="108430344" >
  <allocated-bytes non-tlh="1590672" tlh="106839672" />
  <largest-consumer threadName="main" threadId="0000000000016F00" bytes="108430344" />
</allocation-stats>
<gc-op id="3608" type="scavenge" timems="86.389" contextid="3605" timestamp="2022-02-08T16:48:45.421">
  <scavenger-info tenureage="1" tenuremask="7ffe" tiltratio="68" />
  <memory-copied type="nursery" objects="1492464" bytes="76370192" bytesdiscarded="151464" />
  <memory-copied type="tenure" objects="1315698" bytes="74589312" bytesdiscarded="41648" />
  <finalization candidates="109" enqueued="53" />
  <references type="soft" candidates="14" cleared="0" enqueued="0" dynamicThreshold="11" maxThreshold="32" />
  <references type="weak" candidates="1" cleared="0" enqueued="0" />
  <references type="phantom" candidates="94" cleared="7" enqueued="7" />
  <object-monitors candidates="2" cleared="0"  />
</gc-op>
<gc-end id="3609" type="scavenge" contextid="3605" durationms="86.636" usertimems="336.922" systemtimems="0.939" stalltimems="3.870" timestamp="2022-02-08T16:48:45.421" activeThreads="4">
  <mem-info id="3610" free="231729120" total="1073741824" percent="21">
    <mem type="nursery" free="106782408" total="268435456" percent="39">
      <mem type="allocate" free="106782408" total="183304192" percent="58" />
      <mem type="survivor" free="0" total="85131264" percent="0" />
    </mem>
    <mem type="tenure" free="124946712" total="805306368" percent="15" macro-fragmented="1041780">
      <mem type="soa" free="116892952" total="797252608" percent="14" />
      <mem type="loa" free="8053760" total="8053760" percent="100" />
    </mem>
    <pending-finalizers system="52" default="1" reference="7" classloader="0" />
    <remembered-set count="132" />
  </mem-info>
</gc-end>
<cycle-end id="3611" type="scavenge" contextid="3605" timestamp="2022-02-08T16:48:45.421" />
<allocation-satisfied id="3612" threadId="0000000000016F00" bytesRequested="24" />
<af-end id="3613" timestamp="2022-02-08T16:48:45.421" threadId="0000000000017908" success="true" from="nursery"/>
<exclusive-end id="3614" timestamp="2022-02-08T16:48:45.421" durationms="86.894" />

<concurrent-kickoff id="3615" timestamp="2022-02-08T16:48:46.111">
  <kickoff reason="threshold reached" targetBytes="74439993" thresholdFreeBytes="6183529"  remainingFree="6119112" tenureFreeBytes="124946712" nurseryFreeBytes="6119112" />
</concurrent-kickoff>
<exclusive-start id="3616" timestamp="2022-02-08T16:48:46.115" intervalms="780.823">
  <response-info timems="0.018" idlems="0.018" threads="0" lastid="0000000000016F00" lastname="main" />
</exclusive-start>
<cycle-start id="3617" type="global" contextid="0" timestamp="2022-02-08T16:48:46.115" intervalms="3000.966" />
<concurrent-start id="3618" type="global mark" contextid="3617" timestamp="2022-02-08T16:48:46.115">
</concurrent-start>
<exclusive-end id="3619" timestamp="2022-02-08T16:48:46.115" durationms="0.030" />

<exclusive-start id="3620" timestamp="2022-02-08T16:48:46.259" intervalms="143.683">
  <response-info timems="0.020" idlems="0.020" threads="0" lastid="0000000000016F00" lastname="main" />
</exclusive-start>
<af-start id="3621" threadId="0000000000017908" totalBytesRequested="216" timestamp="2022-02-08T16:48:46.259" intervalms="924.507" type="nursery" />
<cycle-start id="3622" type="scavenge" contextid="0" timestamp="2022-02-08T16:48:46.259" intervalms="924.500" />
<gc-start id="3623" type="scavenge" contextid="3622" timestamp="2022-02-08T16:48:46.259">
  <mem-info id="3624" free="124946712" total="1073741824" percent="11">
    <mem type="nursery" free="0" total="268435456" percent="0">
      <mem type="allocate" free="0" total="183304192" percent="0" />
      <mem type="survivor" free="0" total="85131264" percent="0" />
    </mem>
    <mem type="tenure" free="124946712" total="805306368" percent="15">
      <mem type="soa" free="116892952" total="797252608" percent="14" />
      <mem type="loa" free="8053760" total="8053760" percent="100" />
    </mem>
    <remembered-set count="133" />
  </mem-info>
</gc-start>
<allocation-stats totalBytes="106732192" >
  <allocated-bytes non-tlh="1347704" tlh="105384488" />
  <largest-consumer threadName="main" threadId="0000000000016F00" bytes="106724000" />
</allocation-stats>
<gc-op id="3625" type="scavenge" timems="92.304" contextid="3622" timestamp="2022-02-08T16:48:46.351">
  <scavenger-info tenureage="1" tenuremask="7ffe" tiltratio="68" />
  <memory-copied type="nursery" objects="1336573" bytes="76381576" bytesdiscarded="240392" />
  <memory-copied type="tenure" objects="1491745" bytes="75427024" bytesdiscarded="36792" />
  <finalization candidates="57" enqueued="0" />
  <references type="phantom" candidates="1" cleared="0" enqueued="0" />
  <object-monitors candidates="2" cleared="0"  />
</gc-op>
<gc-end id="3626" type="scavenge" contextid="3622" durationms="92.579" usertimems="364.789" systemtimems="0.000" stalltimems="3.362" timestamp="2022-02-08T16:48:46.351" activeThreads="4">
  <mem-info id="3627" free="157000856" total="1073741824" percent="14">
    <mem type="nursery" free="107206512" total="268435456" percent="39">
      <mem type="allocate" free="107206512" total="183828480" percent="58" />
      <mem type="survivor" free="0" total="84606976" percent="0" />
    </mem>
    <mem type="tenure" free="49794344" total="805306368" percent="6" macro-fragmented="0">
      <mem type="soa" free="41740584" total="797252608" percent="5" />
      <mem type="loa" free="8053760" total="8053760" percent="100" />
    </mem>
    <remembered-set count="101" />
  </mem-info>
</gc-end>
<cycle-end id="3628" type="scavenge" contextid="3622" timestamp="2022-02-08T16:48:46.351" />
<allocation-satisfied id="3629" threadId="0000000000016F00" bytesRequested="216" />
<af-end id="3630" timestamp="2022-02-08T16:48:46.351" threadId="0000000000017908" success="true" from="nursery"/>
<exclusive-end id="3631" timestamp="2022-02-08T16:48:46.351" durationms="92.926" />

<concurrent-end id="3632" type="global mark" contextid="3617" timestamp="2022-02-08T16:48:46.449">
<gc-op id="3633" type="trace" timems="333.834" contextid="3617" timestamp="2022-02-08T16:48:46.449">
  <trace bytesTraced="74439688" workStackOverflowCount="0" />
  <card-cleaning reason="card cleaning threshold reached" bytesTraced="188" cardsCleaned="1" />
</gc-op>
</concurrent-end>

<exclusive-start id="3634" timestamp="2022-02-08T16:48:46.449" intervalms="190.227">
  <response-info timems="0.023" idlems="0.023" threads="0" lastid="0000000000016F00" lastname="main" />
</exclusive-start>
<concurrent-global-final id="3635" timestamp="2022-02-08T16:48:46.449" contextid="3617" intervalms="3006.528" >
  <concurrent-trace-info reason="card cleaning threshold reached" tracedByMutators="56273028" tracedByHelpers="18166848" cardsCleaned="1" workStackOverflowCount="0" />
</concurrent-global-final>
<gc-start id="3636" type="global" contextid="3617" timestamp="2022-02-08T16:48:46.449">
  <mem-info id="3637" free="151135168" total="1073741824" percent="14">
    <mem type="nursery" free="101340824" total="268435456" percent="37">
      <mem type="allocate" free="101340824" total="183828480" percent="55" />
      <mem type="survivor" free="0" total="84606976" percent="0" />
    </mem>
    <mem type="tenure" free="49794344" total="805306368" percent="6">
      <mem type="soa" free="41740584" total="797252608" percent="5" />
      <mem type="loa" free="8053760" total="8053760" percent="100" />
    </mem>
    <remembered-set count="101" />
  </mem-info>
</gc-start>
<allocation-stats totalBytes="5862696" >
  <allocated-bytes non-tlh="216" tlh="5862480" />
  <largest-consumer threadName="main" threadId="0000000000016F00" bytes="5862696" />
</allocation-stats>
<gc-op id="3638" type="rs-scan" timems="0.557" contextid="3617" timestamp="2022-02-08T16:48:46.449">
  <scan objectsFound="29" bytesTraced="5420" workStackOverflowCount="0" />
</gc-op>
<gc-op id="3639" type="card-cleaning" timems="155.824" contextid="3617" timestamp="2022-02-08T16:48:46.605">
  <card-cleaning cardsCleaned="9" bytesTraced="71017300" workStackOverflowCount="0" />
</gc-op>
<gc-op id="3640" type="mark" timems="51.810" contextid="3617" timestamp="2022-02-08T16:48:46.657">
  <trace-info objectcount="1835743" scancount="1378335" scanbytes="29472168" />
  <finalization candidates="428" enqueued="57" />
  <ownableSynchronizers candidates="1" cleared="0" />
  <references type="soft" candidates="894" cleared="0" enqueued="0" dynamicThreshold="11" maxThreshold="32" />
  <references type="weak" candidates="1701" cleared="0" enqueued="0" />
  <references type="phantom" candidates="52" cleared="2" enqueued="2" />
  <stringconstants candidates="6470" cleared="0"  />
  <object-monitors candidates="2" cleared="0"  />
</gc-op>
<gc-op id="3641" type="sweep" timems="4.937" contextid="3617" timestamp="2022-02-08T16:48:46.662" />
<gc-end id="3642" type="global" contextid="3617" durationms="213.353" usertimems="227.766" systemtimems="0.000" stalltimems="155.119" timestamp="2022-02-08T16:48:46.662" activeThreads="4">
  <mem-info id="3643" free="394306440" total="1073741824" percent="36">
    <mem type="nursery" free="101674624" total="268435456" percent="37">
      <mem type="allocate" free="101674624" total="183828480" percent="55" />
      <mem type="survivor" free="0" total="84606976" percent="0" />
    </mem>
    <mem type="tenure" free="292631816" total="805306368" percent="36" micro-fragmented="297752" macro-fragmented="0">
      <mem type="soa" free="284578056" total="797252608" percent="35" />
      <mem type="loa" free="8053760" total="8053760" percent="100" />
    </mem>
    <pending-finalizers system="57" default="0" reference="2" classloader="0" />
    <remembered-set count="101" />
  </mem-info>
</gc-end>
<cycle-end id="3644" type="global" contextid="3617" timestamp="2022-02-08T16:48:46.662" />
<exclusive-end id="3645" timestamp="2022-02-08T16:48:46.662" durationms="213.583" />

<exclusive-start id="3646" timestamp="2022-02-08T16:48:47.334" intervalms="884.796">
  <response-info timems="0.018" idlems="0.018" threads="0" lastid="0000000000016F00" lastname="main" />
</exclusive-start>
<af-start id="3647" threadId="0000000000017908" totalBytesRequested="208" timestamp="2022-02-08T16:48:47.334" intervalms="1075.023" type="nursery" />
<cycle-start id="3648" type="scavenge" contextid="0" timestamp="2022-02-08T16:48:47.334" intervalms="1075.023" />
<gc-start id="3649" type="scavenge" contextid="3648" timestamp="2022-02-08T16:48:47.334">
  <mem-info id="3650" free="292631816" total="1073741824" percent="27">
    <mem type="nursery" free="0" total="268435456" percent="0">
      <mem type="allocate" free="0" total="183828480" percent="0" />
      <mem type="survivor" free="0" total="84606976" percent="0" />
    </mem>
    <mem type="tenure" free="292631816" total="805306368" percent="36">
      <mem type="soa" free="284578056" total="797252608" percent="35" />
      <mem type="loa" free="8053760" total="8053760" percent="100" />
    </mem>
    <remembered-set count="104" />
  </mem-info>
</gc-start>
<allocation-stats totalBytes="101628184" >
  <allocated-bytes non-tlh="0" tlh="101628184" />
  <largest-consumer threadName="main" threadId="0000000000016F00" bytes="101624088" />
</allocation-stats>
<gc-op id="3651" type="scavenge" timems="88.360" contextid="3648" timestamp="2022-02-08T16:48:47.422">
  <scavenger-info tenureage="1" tenuremask="7ffe" tiltratio="68" />
  <memory-copied type="nursery" objects="1355843" bytes="76353712" bytesdiscarded="259032" />
  <memory-copied type="tenure" objects="1336572" bytes="76381456" bytesdiscarded="45424" />
  <finalization candidates="1" enqueued="0" />
  <ownableSynchronizers candidates="2" cleared="2" />
  <object-monitors candidates="2" cleared="0"  />
</gc-op>
<gc-end id="3652" type="scavenge" contextid="3648" durationms="88.572" usertimems="324.071" systemtimems="0.830" stalltimems="27.419" timestamp="2022-02-08T16:48:47.422" activeThreads="4">
  <mem-info id="3653" free="323662320" total="1073741824" percent="30">
    <mem type="nursery" free="107608952" total="268435456" percent="40">
      <mem type="allocate" free="107608952" total="184221696" percent="58" />
      <mem type="survivor" free="0" total="84213760" percent="0" />
    </mem>
    <mem type="tenure" free="216053368" total="805306368" percent="26" macro-fragmented="0">
      <mem type="soa" free="207999608" total="797252608" percent="26" />
      <mem type="loa" free="8053760" total="8053760" percent="100" />
    </mem>
    <remembered-set count="105" />
  </mem-info>
</gc-end>
<cycle-end id="3654" type="scavenge" contextid="3648" timestamp="2022-02-08T16:48:47.422" />
<allocation-satisfied id="3655" threadId="0000000000016F00" bytesRequested="208" />
<af-end id="3656" timestamp="2022-02-08T16:48:47.422" threadId="0000000000017908" success="true" from="nursery"/>
<exclusive-end id="3657" timestamp="2022-02-08T16:48:47.422" durationms="88.814" />

<exclusive-start id="3658" timestamp="2022-02-08T16:48:48.311" intervalms="977.871">
  <response-info timems="0.020" idlems="0.020" threads="0" lastid="0000000000016F00" lastname="main" />
</exclusive-start>
<af-start id="3659" threadId="0000000000017908" totalBytesRequested="232" timestamp="2022-02-08T16:48:48.311" intervalms="977.872" type="nursery" />
<cycle-start id="3660" type="scavenge" contextid="0" timestamp="2022-02-08T16:48:48.312" intervalms="977.874" />
<gc-start id="3661" type="scavenge" contextid="3660" timestamp="2022-02-08T16:48:48.312">
  <mem-info id="3662" free="216053368" total="1073741824" percent="20">
    <mem type="nursery" free="0" total="268435456" percent="0">
      <mem type="allocate" free="0" total="184221696" percent="0" />
      <mem type="survivor" free="0" total="84213760" percent="0" />
    </mem>
    <mem type="tenure" free="216053368" total="805306368" percent="26">
      <mem type="soa" free="207999608" total="797252608" percent="26" />
      <mem type="loa" free="8053760" total="8053760" percent="100" />
    </mem>
    <remembered-set count="135" />
  </mem-info>
</gc-start>
<allocation-stats totalBytes="107564344" >
  <allocated-bytes non-tlh="1186224" tlh="106378120" />
  <largest-consumer threadName="main" threadId="0000000000016F00" bytes="107564344" />
</allocation-stats>
<gc-op id="3663" type="scavenge" timems="91.279" contextid="3660" timestamp="2022-02-08T16:48:48.403">
  <scavenger-info tenureage="1" tenuremask="7ffe" tiltratio="68" />
  <memory-copied type="nursery" objects="1487730" bytes="75769600" bytesdiscarded="174464" />
  <memory-copied type="tenure" objects="1355842" bytes="76353600" bytesdiscarded="40600" />
  <finalization candidates="108" enqueued="53" />
  <references type="soft" candidates="14" cleared="0" enqueued="0" dynamicThreshold="11" maxThreshold="32" />
  <references type="weak" candidates="1" cleared="0" enqueued="0" />
  <references type="phantom" candidates="93" cleared="7" enqueued="7" />
  <object-monitors candidates="2" cleared="0"  />
</gc-op>
<gc-end id="3664" type="scavenge" contextid="3660" durationms="91.605" usertimems="341.497" systemtimems="7.226" stalltimems="4.440" timestamp="2022-02-08T16:48:48.403" activeThreads="4">
  <mem-info id="3665" free="248286176" total="1073741824" percent="23">
    <mem type="nursery" free="108670720" total="268435456" percent="40">
      <mem type="allocate" free="108670720" total="184614912" percent="58" />
      <mem type="survivor" free="0" total="83820544" percent="0" />
    </mem>
    <mem type="tenure" free="139615456" total="805306368" percent="17" macro-fragmented="0">
      <mem type="soa" free="131561696" total="797252608" percent="16" />
      <mem type="loa" free="8053760" total="8053760" percent="100" />
    </mem>
    <pending-finalizers system="52" default="1" reference="7" classloader="0" />
    <remembered-set count="131" />
  </mem-info>
</gc-end>
<cycle-end id="3666" type="scavenge" contextid="3660" timestamp="2022-02-08T16:48:48.403" />
<allocation-satisfied id="3667" threadId="0000000000016F00" bytesRequested="232" />
<af-end id="3668" timestamp="2022-02-08T16:48:48.403" threadId="0000000000017908" success="true" from="nursery"/>
<exclusive-end id="3669" timestamp="2022-02-08T16:48:48.403" durationms="91.967" />

<concurrent-kickoff id="3670" timestamp="2022-02-08T16:48:49.138">
  <kickoff reason="threshold reached" targetBytes="74439916" thresholdFreeBytes="6165816"  remainingFree="6077888" tenureFreeBytes="139615456" nurseryFreeBytes="6077888" />
</concurrent-kickoff>
<exclusive-start id="3671" timestamp="2022-02-08T16:48:49.141" intervalms="829.904">
  <response-info timems="0.023" idlems="0.023" threads="0" lastid="0000000000016F00" lastname="main" />
</exclusive-start>
<cycle-start id="3672" type="global" contextid="0" timestamp="2022-02-08T16:48:49.141" intervalms="3026.478" />
<concurrent-start id="3673" type="global mark" contextid="3672" timestamp="2022-02-08T16:48:49.141">
</concurrent-start>
<exclusive-end id="3674" timestamp="2022-02-08T16:48:49.141" durationms="0.026" />

<exclusive-start id="3675" timestamp="2022-02-08T16:48:49.294" intervalms="152.498">
  <response-info timems="0.033" idlems="0.033" threads="0" lastid="0000000000016F00" lastname="main" />
</exclusive-start>
<af-start id="3676" threadId="0000000000017908" totalBytesRequested="112" timestamp="2022-02-08T16:48:49.294" intervalms="982.459" type="nursery" />
<cycle-start id="3677" type="scavenge" contextid="0" timestamp="2022-02-08T16:48:49.294" intervalms="982.463" />
<gc-start id="3678" type="scavenge" contextid="3677" timestamp="2022-02-08T16:48:49.294">
  <mem-info id="3679" free="139615456" total="1073741824" percent="13">
    <mem type="nursery" free="0" total="268435456" percent="0">
      <mem type="allocate" free="0" total="184614912" percent="0" />
      <mem type="survivor" free="0" total="83820544" percent="0" />
    </mem>
    <mem type="tenure" free="139615456" total="805306368" percent="17">
      <mem type="soa" free="131561696" total="797252608" percent="16" />
      <mem type="loa" free="8053760" total="8053760" percent="100" />
    </mem>
    <remembered-set count="132" />
  </mem-info>
</gc-start>
<allocation-stats totalBytes="108617928" >
  <allocated-bytes non-tlh="1823040" tlh="106794888" />
  <largest-consumer threadName="main" threadId="0000000000016F00" bytes="108609736" />
</allocation-stats>
<gc-op id="3680" type="scavenge" timems="96.896" contextid="3677" timestamp="2022-02-08T16:48:49.391">
  <scavenger-info tenureage="1" tenuremask="7ffe" tiltratio="68" />
  <memory-copied type="nursery" objects="1355902" bytes="77411664" bytesdiscarded="179440" />
  <memory-copied type="tenure" objects="1487010" bytes="75131712" bytesdiscarded="35640" />
  <finalization candidates="57" enqueued="0" />
  <references type="phantom" candidates="2" cleared="0" enqueued="0" />
  <object-monitors candidates="2" cleared="0"  />
</gc-op>
<gc-end id="3681" type="scavenge" contextid="3677" durationms="97.072" usertimems="381.509" systemtimems="0.357" stalltimems="4.626" timestamp="2022-02-08T16:48:49.391" activeThreads="4">
  <mem-info id="3682" free="170307680" total="1073741824" percent="15">
    <mem type="nursery" free="105778624" total="268435456" percent="39">
      <mem type="allocate" free="105778624" total="183369728" percent="57" />
      <mem type="survivor" free="0" total="85065728" percent="0" />
    </mem>
    <mem type="tenure" free="64529056" total="805306368" percent="8" macro-fragmented="43786412">
      <mem type="soa" free="56475296" total="797252608" percent="7" />
      <mem type="loa" free="8053760" total="8053760" percent="100" />
    </mem>
    <remembered-set count="103" />
  </mem-info>
</gc-end>
<cycle-end id="3683" type="scavenge" contextid="3677" timestamp="2022-02-08T16:48:49.391" />
<allocation-satisfied id="3684" threadId="0000000000016F00" bytesRequested="112" />
<af-end id="3685" timestamp="2022-02-08T16:48:49.391" threadId="0000000000017908" success="true" from="nursery"/>
<exclusive-end id="3686" timestamp="2022-02-08T16:48:49.391" durationms="97.626" />

<concurrent-end id="3687" type="global mark" contextid="3672" timestamp="2022-02-08T16:48:49.475">
<gc-op id="3688" type="trace" timems="333.380" contextid="3672" timestamp="2022-02-08T16:48:49.475">
  <trace bytesTraced="74439896" workStackOverflowCount="0" />
  <card-cleaning reason="card cleaning threshold reached" bytesTraced="188" cardsCleaned="1" />
</gc-op>
</concurrent-end>

<exclusive-start id="3689" timestamp="2022-02-08T16:48:49.475" intervalms="180.952">
  <response-info timems="0.018" idlems="0.018" threads="0" lastid="0000000000016F00" lastname="main" />
</exclusive-start>
<concurrent-global-final id="3690" timestamp="2022-02-08T16:48:49.475" contextid="3672" intervalms="3026.020" >
  <concurrent-trace-info reason="card cleaning threshold reached" tracedByMutators="56031484" tracedByHelpers="18408600" cardsCleaned="1" workStackOverflowCount="0" />
</concurrent-global-final>
<gc-start id="3691" type="global" contextid="3672" timestamp="2022-02-08T16:48:49.475">
  <mem-info id="3692" free="164835312" total="1073741824" percent="15">
    <mem type="nursery" free="100306256" total="268435456" percent="37">
      <mem type="allocate" free="100306256" total="183369728" percent="54" />
      <mem type="survivor" free="0" total="85065728" percent="0" />
    </mem>
    <mem type="tenure" free="64529056" total="805306368" percent="8">
      <mem type="soa" free="56475296" total="797252608" percent="7" />
      <mem type="loa" free="8053760" total="8053760" percent="100" />
    </mem>
    <remembered-set count="103" />
  </mem-info>
</gc-start>
<allocation-stats totalBytes="5469640" >
  <allocated-bytes non-tlh="112" tlh="5469528" />
  <largest-consumer threadName="main" threadId="0000000000016F00" bytes="5469640" />
</allocation-stats>
<gc-op id="3693" type="rs-scan" timems="0.556" contextid="3672" timestamp="2022-02-08T16:48:49.475">
  <scan objectsFound="29" bytesTraced="5420" workStackOverflowCount="0" />
</gc-op>
<gc-op id="3694" type="card-cleaning" timems="153.720" contextid="3672" timestamp="2022-02-08T16:48:49.629">
  <card-cleaning cardsCleaned="8" bytesTraced="71017172" workStackOverflowCount="0" />
</gc-op>
<gc-op id="3695" type="mark" timems="53.654" contextid="3672" timestamp="2022-02-08T16:48:49.683">
  <trace-info objectcount="1592699" scancount="1196052" scanbytes="25583464" />
  <finalization candidates="428" enqueued="57" />
  <ownableSynchronizers candidates="1" cleared="0" />
  <references type="soft" candidates="894" cleared="0" enqueued="0" dynamicThreshold="11" maxThreshold="32" />
  <references type="weak" candidates="1701" cleared="0" enqueued="0" />
  <references type="phantom" candidates="52" cleared="2" enqueued="2" />
  <stringconstants candidates="6470" cleared="0"  />
  <object-monitors candidates="2" cleared="0"  />
</gc-op>
<gc-op id="3696" type="sweep" timems="5.833" contextid="3672" timestamp="2022-02-08T16:48:49.689" />
<gc-end id="3697" type="global" contextid="3672" durationms="213.984" usertimems="272.036" systemtimems="0.000" stalltimems="120.415" timestamp="2022-02-08T16:48:49.689" activeThreads="4">
  <mem-info id="3698" free="407951920" total="1073741824" percent="37">
    <mem type="nursery" free="100573544" total="268435456" percent="37">
      <mem type="allocate" free="100573544" total="183369728" percent="54" />
      <mem type="survivor" free="0" total="85065728" percent="0" />
    </mem>
    <mem type="tenure" free="307378376" total="805306368" percent="38" micro-fragmented="250099" macro-fragmented="0">
      <mem type="soa" free="299324616" total="797252608" percent="37" />
      <mem type="loa" free="8053760" total="8053760" percent="100" />
    </mem>
    <pending-finalizers system="57" default="0" reference="2" classloader="0" />
    <remembered-set count="103" />
  </mem-info>
</gc-end>
<cycle-end id="3699" type="global" contextid="3672" timestamp="2022-02-08T16:48:49.689" />
<exclusive-end id="3700" timestamp="2022-02-08T16:48:49.689" durationms="214.228" />

<exclusive-start id="3701" timestamp="2022-02-08T16:48:50.353" intervalms="878.227">
  <response-info timems="0.033" idlems="0.033" threads="0" lastid="0000000000016F00" lastname="main" />
</exclusive-start>
<af-start id="3702" threadId="0000000000017908" totalBytesRequested="120" timestamp="2022-02-08T16:48:50.353" intervalms="1059.153" type="nursery" />
<cycle-start id="3703" type="scavenge" contextid="0" timestamp="2022-02-08T16:48:50.353" intervalms="1059.165" />
<gc-start id="3704" type="scavenge" contextid="3703" timestamp="2022-02-08T16:48:50.353">
  <mem-info id="3705" free="307378376" total="1073741824" percent="28">
    <mem type="nursery" free="0" total="268435456" percent="0">
      <mem type="allocate" free="0" total="183369728" percent="0" />
      <mem type="survivor" free="0" total="85065728" percent="0" />
    </mem>
    <mem type="tenure" free="307378376" total="805306368" percent="38">
      <mem type="soa" free="299324616" total="797252608" percent="37" />
      <mem type="loa" free="8053760" total="8053760" percent="100" />
    </mem>
    <remembered-set count="106" />
  </mem-info>
</gc-start>
<allocation-stats totalBytes="100527984" >
  <allocated-bytes non-tlh="0" tlh="100527984" />
  <largest-consumer threadName="main" threadId="0000000000016F00" bytes="100523888" />
</allocation-stats>
<gc-op id="3706" type="scavenge" timems="87.205" contextid="3703" timestamp="2022-02-08T16:48:50.441">
  <scavenger-info tenureage="1" tenuremask="7ffe" tiltratio="68" />
  <memory-copied type="nursery" objects="1335638" bytes="75298784" bytesdiscarded="163072" />
  <memory-copied type="tenure" objects="1355902" bytes="77411664" bytesdiscarded="45704" />
  <finalization candidates="2" enqueued="0" />
  <ownableSynchronizers candidates="2" cleared="2" />
  <object-monitors candidates="2" cleared="0"  />
</gc-op>
<gc-end id="3707" type="scavenge" contextid="3703" durationms="87.387" usertimems="339.122" systemtimems="5.318" stalltimems="2.994" timestamp="2022-02-08T16:48:50.441" activeThreads="4">
  <mem-info id="3708" free="337983256" total="1073741824" percent="31">
    <mem type="nursery" free="108170016" total="268435456" percent="40">
      <mem type="allocate" free="108170016" total="183631872" percent="58" />
      <mem type="survivor" free="0" total="84803584" percent="0" />
    </mem>
    <mem type="tenure" free="229813240" total="805306368" percent="28" macro-fragmented="0">
      <mem type="soa" free="221759480" total="797252608" percent="27" />
      <mem type="loa" free="8053760" total="8053760" percent="100" />
    </mem>
    <remembered-set count="105" />
  </mem-info>
</gc-end>
<cycle-end id="3709" type="scavenge" contextid="3703" timestamp="2022-02-08T16:48:50.441" />
<allocation-satisfied id="3710" threadId="0000000000016F00" bytesRequested="120" />
<af-end id="3711" timestamp="2022-02-08T16:48:50.441" threadId="0000000000017908" success="true" from="nursery"/>
<exclusive-end id="3712" timestamp="2022-02-08T16:48:50.441" durationms="87.869" />

<exclusive-start id="3713" timestamp="2022-02-08T16:48:51.160" intervalms="807.072">
  <response-info timems="0.021" idlems="0.021" threads="0" lastid="0000000000016F00" lastname="main" />
</exclusive-start>
<af-start id="3714" threadId="0000000000017908" totalBytesRequested="16" timestamp="2022-02-08T16:48:51.160" intervalms="807.083" type="nursery" />
<cycle-start id="3715" type="scavenge" contextid="0" timestamp="2022-02-08T16:48:51.160" intervalms="807.081" />
<gc-start id="3716" type="scavenge" contextid="3715" timestamp="2022-02-08T16:48:51.160">
  <mem-info id="3717" free="229813240" total="1073741824" percent="21">
    <mem type="nursery" free="0" total="268435456" percent="0">
      <mem type="allocate" free="0" total="183631872" percent="0" />
      <mem type="survivor" free="0" total="84803584" percent="0" />
    </mem>
    <mem type="tenure" free="229813240" total="805306368" percent="28">
      <mem type="soa" free="221759480" total="797252608" percent="27" />
      <mem type="loa" free="8053760" total="8053760" percent="100" />
    </mem>
    <remembered-set count="119" />
  </mem-info>
</gc-start>
<allocation-stats totalBytes="108118144" >
  <allocated-bytes non-tlh="453824" tlh="107664320" />
  <largest-consumer threadName="main" threadId="0000000000016F00" bytes="108118144" />
</allocation-stats>
<gc-op id="3718" type="scavenge" timems="82.423" contextid="3715" timestamp="2022-02-08T16:48:51.243">
  <scavenger-info tenureage="1" tenuremask="7ffe" tiltratio="68" />
  <memory-copied type="nursery" objects="1360818" bytes="76988640" bytesdiscarded="80984" />
  <memory-copied type="tenure" objects="1335638" bytes="75298784" bytesdiscarded="40656" />
  <finalization candidates="30" enqueued="18" />
  <references type="phantom" candidates="30" cleared="0" enqueued="0" />
  <object-monitors candidates="2" cleared="0"  />
</gc-op>
<gc-end id="3719" type="scavenge" contextid="3715" durationms="82.601" usertimems="326.741" systemtimems="0.000" stalltimems="1.941" timestamp="2022-02-08T16:48:51.243" activeThreads="4">
  <mem-info id="3720" free="260772896" total="1073741824" percent="24">
    <mem type="nursery" free="106431176" total="268435456" percent="39">
      <mem type="allocate" free="106431176" total="183500800" percent="58" />
      <mem type="survivor" free="0" total="84934656" percent="0" />
    </mem>
    <mem type="tenure" free="154341720" total="805306368" percent="19" macro-fragmented="868149">
      <mem type="soa" free="146287960" total="797252608" percent="18" />
      <mem type="loa" free="8053760" total="8053760" percent="100" />
    </mem>
    <pending-finalizers system="18" default="0" reference="0" classloader="0" />
    <remembered-set count="119" />
  </mem-info>
</gc-end>
<cycle-end id="3721" type="scavenge" contextid="3715" timestamp="2022-02-08T16:48:51.243" />
<allocation-satisfied id="3722" threadId="0000000000016F00" bytesRequested="16" />
<af-end id="3723" timestamp="2022-02-08T16:48:51.243" threadId="0000000000017908" success="true" from="nursery"/>
<exclusive-end id="3724" timestamp="2022-02-08T16:48:51.243" durationms="82.924" />

<concurrent-kickoff id="3725" timestamp="2022-02-08T16:48:52.083">
  <kickoff reason="threshold reached" targetBytes="74439912" thresholdFreeBytes="6147398"  remainingFree="6030024" tenureFreeBytes="154341720" nurseryFreeBytes="6030024" />
</concurrent-kickoff>
<exclusive-start id="3726" timestamp="2022-02-08T16:48:52.087" intervalms="926.470">
  <response-info timems="0.058" idlems="0.058" threads="0" lastid="0000000000016F00" lastname="main" />
</exclusive-start>
<cycle-start id="3727" type="global" contextid="0" timestamp="2022-02-08T16:48:52.087" intervalms="2945.230" />
<concurrent-start id="3728" type="global mark" contextid="3727" timestamp="2022-02-08T16:48:52.087">
</concurrent-start>
<exclusive-end id="3729" timestamp="2022-02-08T16:48:52.087" durationms="0.052" />

<exclusive-start id="3730" timestamp="2022-02-08T16:48:52.233" intervalms="146.371">
  <response-info timems="0.020" idlems="0.020" threads="0" lastid="0000000000016F00" lastname="main" />
</exclusive-start>
<af-start id="3731" threadId="0000000000017908" totalBytesRequested="24" timestamp="2022-02-08T16:48:52.233" intervalms="1072.797" type="nursery" />
<cycle-start id="3732" type="scavenge" contextid="0" timestamp="2022-02-08T16:48:52.233" intervalms="1072.783" />
<gc-start id="3733" type="scavenge" contextid="3732" timestamp="2022-02-08T16:48:52.233">
  <mem-info id="3734" free="154341720" total="1073741824" percent="14">
    <mem type="nursery" free="0" total="268435456" percent="0">
      <mem type="allocate" free="0" total="183500800" percent="0" />
      <mem type="survivor" free="0" total="84934656" percent="0" />
    </mem>
    <mem type="tenure" free="154341720" total="805306368" percent="19">
      <mem type="soa" free="146287960" total="797252608" percent="18" />
      <mem type="loa" free="8053760" total="8053760" percent="100" />
    </mem>
    <remembered-set count="136" />
  </mem-info>
</gc-start>
<allocation-stats totalBytes="106384312" >
  <allocated-bytes non-tlh="2555136" tlh="103829176" />
  <largest-consumer threadName="main" threadId="0000000000016F00" bytes="106380216" />
</allocation-stats>
<gc-op id="3735" type="scavenge" timems="81.917" contextid="3732" timestamp="2022-02-08T16:48:52.315">
  <scavenger-info tenureage="1" tenuremask="7ffe" tiltratio="68" />
  <memory-copied type="nursery" objects="1416717" bytes="75123448" bytesdiscarded="144392" />
  <memory-copied type="tenure" objects="1360519" bytes="76375896" bytesdiscarded="40984" />
  <finalization candidates="92" enqueued="35" />
  <references type="soft" candidates="14" cleared="0" enqueued="0" dynamicThreshold="12" maxThreshold="32" />
  <references type="weak" candidates="1" cleared="0" enqueued="0" />
  <references type="phantom" candidates="77" cleared="7" enqueued="7" />
  <object-monitors candidates="2" cleared="0"  />
</gc-op>
<gc-end id="3736" type="scavenge" contextid="3732" durationms="82.201" usertimems="317.688" systemtimems="0.000" stalltimems="5.679" timestamp="2022-02-08T16:48:52.315" activeThreads="4">
  <mem-info id="3737" free="186544824" total="1073741824" percent="17">
    <mem type="nursery" free="108560512" total="268435456" percent="40">
      <mem type="allocate" free="108560512" total="183828480" percent="59" />
      <mem type="survivor" free="0" total="84606976" percent="0" />
    </mem>
    <mem type="tenure" free="77984312" total="805306368" percent="9" macro-fragmented="19260884">
      <mem type="soa" free="69930552" total="797252608" percent="8" />
      <mem type="loa" free="8053760" total="8053760" percent="100" />
    </mem>
    <pending-finalizers system="34" default="1" reference="7" classloader="0" />
    <remembered-set count="120" />
  </mem-info>
</gc-end>
<cycle-end id="3738" type="scavenge" contextid="3732" timestamp="2022-02-08T16:48:52.315" />
<allocation-satisfied id="3739" threadId="0000000000016F00" bytesRequested="24" />
<af-end id="3740" timestamp="2022-02-08T16:48:52.315" threadId="0000000000017908" success="true" from="nursery"/>
<exclusive-end id="3741" timestamp="2022-02-08T16:48:52.315" durationms="82.568" />

<concurrent-end id="3742" type="global mark" contextid="3727" timestamp="2022-02-08T16:48:52.405">
<gc-op id="3743" type="trace" timems="318.734" contextid="3727" timestamp="2022-02-08T16:48:52.405">
  <trace bytesTraced="74440088" workStackOverflowCount="0" />
  <card-cleaning reason="card cleaning threshold reached" bytesTraced="188" cardsCleaned="1" />
</gc-op>
</concurrent-end>

<exclusive-start id="3744" timestamp="2022-02-08T16:48:52.405" intervalms="172.466">
  <response-info timems="0.022" idlems="0.022" threads="0" lastid="0000000000016F00" lastname="main" />
</exclusive-start>
<concurrent-global-final id="3745" timestamp="2022-02-08T16:48:52.405" contextid="3727" intervalms="2930.608" >
  <concurrent-trace-info reason="card cleaning threshold reached" tracedByMutators="54210336" tracedByHelpers="20229940" cardsCleaned="1" workStackOverflowCount="0" />
</concurrent-global-final>
<gc-start id="3746" type="global" contextid="3727" timestamp="2022-02-08T16:48:52.405">
  <mem-info id="3747" free="180933280" total="1073741824" percent="16">
    <mem type="nursery" free="102948968" total="268435456" percent="38">
      <mem type="allocate" free="102948968" total="183828480" percent="56" />
      <mem type="survivor" free="0" total="84606976" percent="0" />
    </mem>
    <mem type="tenure" free="77984312" total="805306368" percent="9">
      <mem type="soa" free="69930552" total="797252608" percent="8" />
      <mem type="loa" free="8053760" total="8053760" percent="100" />
    </mem>
    <remembered-set count="121" />
  </mem-info>
</gc-start>
<allocation-stats totalBytes="5608680" >
  <allocated-bytes non-tlh="24" tlh="5608656" />
  <largest-consumer threadName="main" threadId="0000000000016F00" bytes="5600488" />
</allocation-stats>
<gc-op id="3748" type="rs-scan" timems="140.637" contextid="3727" timestamp="2022-02-08T16:48:52.546">
  <scan objectsFound="3324754" bytesTraced="71016084" workStackOverflowCount="0" />
</gc-op>
<gc-op id="3749" type="card-cleaning" timems="0.275" contextid="3727" timestamp="2022-02-08T16:48:52.546">
  <card-cleaning cardsCleaned="3" bytesTraced="5264" workStackOverflowCount="0" />
</gc-op>
<gc-op id="3750" type="mark" timems="33.474" contextid="3727" timestamp="2022-02-08T16:48:52.580">
  <trace-info objectcount="1281253" scancount="962466" scanbytes="20600328" />
  <finalization candidates="428" enqueued="57" />
  <ownableSynchronizers candidates="1" cleared="0" />
  <references type="soft" candidates="894" cleared="0" enqueued="0" dynamicThreshold="12" maxThreshold="32" />
  <references type="weak" candidates="1701" cleared="0" enqueued="0" />
  <references type="phantom" candidates="52" cleared="2" enqueued="2" />
  <stringconstants candidates="6470" cleared="0"  />
  <object-monitors candidates="2" cleared="0"  />
</gc-op>
<gc-op id="3751" type="sweep" timems="4.464" contextid="3727" timestamp="2022-02-08T16:48:52.584" />
<gc-end id="3752" type="global" contextid="3727" durationms="179.053" usertimems="189.513" systemtimems="4.020" stalltimems="99.890" timestamp="2022-02-08T16:48:52.585" activeThreads="4">
  <mem-info id="3753" free="424405824" total="1073741824" percent="39">
    <mem type="nursery" free="103507040" total="268435456" percent="38">
      <mem type="allocate" free="103507040" total="183828480" percent="56" />
      <mem type="survivor" free="0" total="84606976" percent="0" />
    </mem>
    <mem type="tenure" free="320898784" total="805306368" percent="39" micro-fragmented="240071" macro-fragmented="0">
      <mem type="soa" free="312845024" total="797252608" percent="39" />
      <mem type="loa" free="8053760" total="8053760" percent="100" />
    </mem>
    <pending-finalizers system="57" default="0" reference="2" classloader="0" />
    <remembered-set count="108" />
  </mem-info>
</gc-end>
<cycle-end id="3754" type="global" contextid="3727" timestamp="2022-02-08T16:48:52.585" />
<exclusive-end id="3755" timestamp="2022-02-08T16:48:52.585" durationms="179.285" />

<exclusive-start id="3756" timestamp="2022-02-08T16:48:53.315" intervalms="909.479">
  <response-info timems="0.018" idlems="0.018" threads="0" lastid="0000000000016F00" lastname="main" />
</exclusive-start>
<af-start id="3757" threadId="0000000000017908" totalBytesRequested="112" timestamp="2022-02-08T16:48:53.315" intervalms="1081.945" type="nursery" />
<cycle-start id="3758" type="scavenge" contextid="0" timestamp="2022-02-08T16:48:53.315" intervalms="1081.943" />
<gc-start id="3759" type="scavenge" contextid="3758" timestamp="2022-02-08T16:48:53.315">
  <mem-info id="3760" free="320898784" total="1073741824" percent="29">
    <mem type="nursery" free="0" total="268435456" percent="0">
      <mem type="allocate" free="0" total="183828480" percent="0" />
      <mem type="survivor" free="0" total="84606976" percent="0" />
    </mem>
    <mem type="tenure" free="320898784" total="805306368" percent="39">
      <mem type="soa" free="312845024" total="797252608" percent="39" />
      <mem type="loa" free="8053760" total="8053760" percent="100" />
    </mem>
    <remembered-set count="109" />
  </mem-info>
</gc-start>
<allocation-stats totalBytes="103458976" >
  <allocated-bytes non-tlh="0" tlh="103458976" />
  <largest-consumer threadName="main" threadId="0000000000016F00" bytes="103454880" />
</allocation-stats>
<gc-op id="3761" type="scavenge" timems="81.697" contextid="3758" timestamp="2022-02-08T16:48:53.397">
  <scavenger-info tenureage="1" tenuremask="7ffe" tiltratio="68" />
  <memory-copied type="nursery" objects="1406308" bytes="77588864" bytesdiscarded="194032" />
  <memory-copied type="tenure" objects="1416236" bytes="74811704" bytesdiscarded="41624" />
  <finalization candidates="45" enqueued="0" />
  <ownableSynchronizers candidates="2" cleared="2" />
  <object-monitors candidates="2" cleared="0"  />
</gc-op>
<gc-end id="3762" type="scavenge" contextid="3758" durationms="81.882" usertimems="323.527" systemtimems="0.125" stalltimems="1.889" timestamp="2022-02-08T16:48:53.397" activeThreads="4">
  <mem-info id="3763" free="350364664" total="1073741824" percent="32">
    <mem type="nursery" free="104538256" total="268435456" percent="38">
      <mem type="allocate" free="104538256" total="182321152" percent="57" />
      <mem type="survivor" free="0" total="86114304" percent="0" />
    </mem>
    <mem type="tenure" free="245826408" total="805306368" percent="30" macro-fragmented="82818304">
      <mem type="soa" free="237772648" total="797252608" percent="29" />
      <mem type="loa" free="8053760" total="8053760" percent="100" />
    </mem>
    <remembered-set count="103" />
  </mem-info>
</gc-end>
<cycle-end id="3764" type="scavenge" contextid="3758" timestamp="2022-02-08T16:48:53.397" />
<allocation-satisfied id="3765" threadId="0000000000016F00" bytesRequested="112" />
<af-end id="3766" timestamp="2022-02-08T16:48:53.397" threadId="0000000000017908" success="true" from="nursery"/>
<exclusive-end id="3767" timestamp="2022-02-08T16:48:53.397" durationms="82.177" />

<exclusive-start id="3768" timestamp="2022-02-08T16:48:54.045" intervalms="729.929">
  <response-info timems="0.018" idlems="0.018" threads="0" lastid="0000000000016F00" lastname="main" />
</exclusive-start>
<af-start id="3769" threadId="0000000000017908" totalBytesRequested="192" timestamp="2022-02-08T16:48:54.045" intervalms="729.930" type="nursery" />
<cycle-start id="3770" type="scavenge" contextid="0" timestamp="2022-02-08T16:48:54.045" intervalms="729.931" />
<gc-start id="3771" type="scavenge" contextid="3770" timestamp="2022-02-08T16:48:54.045">
  <mem-info id="3772" free="245826408" total="1073741824" percent="22">
    <mem type="nursery" free="0" total="268435456" percent="0">
      <mem type="allocate" free="0" total="182321152" percent="0" />
      <mem type="survivor" free="0" total="86114304" percent="0" />
    </mem>
    <mem type="tenure" free="245826408" total="805306368" percent="30">
      <mem type="soa" free="237772648" total="797252608" percent="29" />
      <mem type="loa" free="8053760" total="8053760" percent="100" />
    </mem>
    <remembered-set count="103" />
  </mem-info>
</gc-start>
<allocation-stats totalBytes="104489472" >
  <allocated-bytes non-tlh="112" tlh="104489360" />
  <largest-consumer threadName="main" threadId="0000000000016F00" bytes="104489472" />
</allocation-stats>
<gc-op id="3773" type="scavenge" timems="77.773" contextid="3770" timestamp="2022-02-08T16:48:54.123">
  <scavenger-info tenureage="1" tenuremask="7ffe" tiltratio="67" />
  <memory-copied type="nursery" objects="1305741" bytes="74296336" bytesdiscarded="107952" />
  <memory-copied type="tenure" objects="1406308" bytes="77588864" bytesdiscarded="38088" />
  <object-monitors candidates="2" cleared="0"  />
</gc-op>
<gc-end id="3774" type="scavenge" contextid="3770" durationms="77.995" usertimems="307.055" systemtimems="0.000" stalltimems="2.998" timestamp="2022-02-08T16:48:54.123" activeThreads="4">
  <mem-info id="3775" free="276471832" total="1073741824" percent="25">
    <mem type="nursery" free="108375616" total="268435456" percent="40">
      <mem type="allocate" free="108375616" total="182779904" percent="59" />
      <mem type="survivor" free="0" total="85655552" percent="0" />
    </mem>
    <mem type="tenure" free="168096216" total="805306368" percent="20" macro-fragmented="57512708">
      <mem type="soa" free="160042456" total="797252608" percent="20" />
      <mem type="loa" free="8053760" total="8053760" percent="100" />
    </mem>
    <remembered-set count="104" />
  </mem-info>
</gc-end>
<cycle-end id="3776" type="scavenge" contextid="3770" timestamp="2022-02-08T16:48:54.123" />
<allocation-satisfied id="3777" threadId="0000000000016F00" bytesRequested="192" />
<af-end id="3778" timestamp="2022-02-08T16:48:54.123" threadId="0000000000017908" success="true" from="nursery"/>
<exclusive-end id="3779" timestamp="2022-02-08T16:48:54.123" durationms="78.255" />

<exclusive-start id="3780" timestamp="2022-02-08T16:48:55.058" intervalms="1013.031">
  <response-info timems="0.018" idlems="0.018" threads="0" lastid="0000000000016F00" lastname="main" />
</exclusive-start>
<af-start id="3781" threadId="0000000000017908" totalBytesRequested="24" timestamp="2022-02-08T16:48:55.058" intervalms="1013.047" type="nursery" />
<cycle-start id="3782" type="scavenge" contextid="0" timestamp="2022-02-08T16:48:55.058" intervalms="1013.051" />
<gc-start id="3783" type="scavenge" contextid="3782" timestamp="2022-02-08T16:48:55.058">
  <mem-info id="3784" free="168096216" total="1073741824" percent="15">
    <mem type="nursery" free="0" total="268435456" percent="0">
      <mem type="allocate" free="0" total="182779904" percent="0" />
      <mem type="survivor" free="0" total="85655552" percent="0" />
    </mem>
    <mem type="tenure" free="168096216" total="805306368" percent="20">
      <mem type="soa" free="160042456" total="797252608" percent="20" />
      <mem type="loa" free="8053760" total="8053760" percent="100" />
    </mem>
    <remembered-set count="135" />
  </mem-info>
</gc-start>
<allocation-stats totalBytes="108329128" >
  <allocated-bytes non-tlh="2841416" tlh="105487712" />
  <largest-consumer threadName="main" threadId="0000000000016F00" bytes="108329128" />
</allocation-stats>
<gc-op id="3785" type="scavenge" timems="78.514" contextid="3782" timestamp="2022-02-08T16:48:55.137">
  <scavenger-info tenureage="1" tenuremask="7ffe" tiltratio="68" />
  <memory-copied type="nursery" objects="1458746" bytes="76182856" bytesdiscarded="127064" />
  <memory-copied type="tenure" objects="1305740" bytes="74296232" bytesdiscarded="41824" />
  <finalization candidates="110" enqueued="53" />
  <references type="soft" candidates="14" cleared="0" enqueued="0" dynamicThreshold="12" maxThreshold="32" />
  <references type="weak" candidates="1" cleared="0" enqueued="0" />
  <references type="phantom" candidates="95" cleared="7" enqueued="7" />
  <object-monitors candidates="2" cleared="0"  />
</gc-op>
<gc-end id="3786" type="scavenge" contextid="3782" durationms="78.675" usertimems="309.019" systemtimems="0.379" stalltimems="3.974" timestamp="2022-02-08T16:48:55.137" activeThreads="4">
  <mem-info id="3787" free="200427520" total="1073741824" percent="18">
    <mem type="nursery" free="106732000" total="268435456" percent="39">
      <mem type="allocate" free="106732000" total="183042048" percent="58" />
      <mem type="survivor" free="0" total="85393408" percent="0" />
    </mem>
    <mem type="tenure" free="93695520" total="805306368" percent="11" macro-fragmented="82818304">
      <mem type="soa" free="85641760" total="797252608" percent="10" />
      <mem type="loa" free="8053760" total="8053760" percent="100" />
    </mem>
    <pending-finalizers system="52" default="1" reference="7" classloader="0" />
    <remembered-set count="130" />
  </mem-info>
</gc-end>
<cycle-end id="3788" type="scavenge" contextid="3782" timestamp="2022-02-08T16:48:55.137" />
<allocation-satisfied id="3789" threadId="0000000000016F00" bytesRequested="24" />
<af-end id="3790" timestamp="2022-02-08T16:48:55.137" threadId="0000000000017908" success="true" from="nursery"/>
<exclusive-end id="3791" timestamp="2022-02-08T16:48:55.137" durationms="79.288" />

<concurrent-kickoff id="3792" timestamp="2022-02-08T16:48:55.880">
  <kickoff reason="threshold reached" targetBytes="74439959" thresholdFreeBytes="6138586"  remainingFree="6068704" tenureFreeBytes="93695520" nurseryFreeBytes="6068704" />
</concurrent-kickoff>
<exclusive-start id="3793" timestamp="2022-02-08T16:48:55.884" intervalms="826.320">
  <response-info timems="0.019" idlems="0.019" threads="0" lastid="0000000000016F00" lastname="main" />
</exclusive-start>
<cycle-start id="3794" type="global" contextid="0" timestamp="2022-02-08T16:48:55.884" intervalms="3797.587" />
<concurrent-start id="3795" type="global mark" contextid="3794" timestamp="2022-02-08T16:48:55.884">
</concurrent-start>
<exclusive-end id="3796" timestamp="2022-02-08T16:48:55.884" durationms="0.028" />

<exclusive-start id="3797" timestamp="2022-02-08T16:48:56.031" intervalms="146.647">
  <response-info timems="0.041" idlems="0.041" threads="0" lastid="0000000000016F00" lastname="main" />
</exclusive-start>
<af-start id="3798" threadId="0000000000017908" totalBytesRequested="184" timestamp="2022-02-08T16:48:56.031" intervalms="972.958" type="nursery" />
<cycle-start id="3799" type="scavenge" contextid="0" timestamp="2022-02-08T16:48:56.031" intervalms="972.954" />
<gc-start id="3800" type="scavenge" contextid="3799" timestamp="2022-02-08T16:48:56.031">
  <mem-info id="3801" free="93695520" total="1073741824" percent="8">
    <mem type="nursery" free="0" total="268435456" percent="0">
      <mem type="allocate" free="0" total="183042048" percent="0" />
      <mem type="survivor" free="0" total="85393408" percent="0" />
    </mem>
    <mem type="tenure" free="93695520" total="805306368" percent="11">
      <mem type="soa" free="85641760" total="797252608" percent="10" />
      <mem type="loa" free="8053760" total="8053760" percent="100" />
    </mem>
    <remembered-set count="131" />
  </mem-info>
</gc-start>
<allocation-stats totalBytes="106680720" >
  <allocated-bytes non-tlh="24" tlh="106680696" />
  <largest-consumer threadName="main" threadId="0000000000016F00" bytes="106672528" />
</allocation-stats>
<gc-op id="3802" type="scavenge" timems="82.100" contextid="3799" timestamp="2022-02-08T16:48:56.113">
  <scavenger-info tenureage="1" tenuremask="7ffe" tiltratio="68" />
  <memory-copied type="nursery" objects="1367559" bytes="75970008" bytesdiscarded="125920" />
  <memory-copied type="tenure" objects="1458035" bytes="75715000" bytesdiscarded="34584" />
  <finalization candidates="57" enqueued="0" />
  <object-monitors candidates="2" cleared="0"  />
</gc-op>
<gc-end id="3803" type="scavenge" contextid="3799" durationms="82.218" usertimems="324.199" systemtimems="0.230" stalltimems="2.853" timestamp="2022-02-08T16:48:56.113" activeThreads="4">
  <mem-info id="3804" free="125696952" total="1073741824" percent="11">
    <mem type="nursery" free="107535944" total="268435456" percent="40">
      <mem type="allocate" free="107535944" total="183631872" percent="58" />
      <mem type="survivor" free="0" total="84803584" percent="0" />
    </mem>
    <mem type="tenure" free="18161008" total="805306368" percent="2" macro-fragmented="17029135">
      <mem type="soa" free="10107248" total="797252608" percent="1" />
      <mem type="loa" free="8053760" total="8053760" percent="100" />
    </mem>
    <remembered-set count="102" />
  </mem-info>
</gc-end>
<cycle-end id="3805" type="scavenge" contextid="3799" timestamp="2022-02-08T16:48:56.113" />
<allocation-satisfied id="3806" threadId="0000000000016F00" bytesRequested="184" />
<af-end id="3807" timestamp="2022-02-08T16:48:56.113" threadId="0000000000017908" success="true" from="nursery"/>
<exclusive-end id="3808" timestamp="2022-02-08T16:48:56.113" durationms="82.492" />

<concurrent-end id="3809" type="global mark" contextid="3794" timestamp="2022-02-08T16:48:56.201">
<gc-op id="3810" type="trace" timems="316.904" contextid="3794" timestamp="2022-02-08T16:48:56.201">
  <trace bytesTraced="74442360" workStackOverflowCount="0" />
  <card-cleaning reason="card cleaning threshold reached" bytesTraced="2488" cardsCleaned="2" />
</gc-op>
</concurrent-end>

<exclusive-start id="3811" timestamp="2022-02-08T16:48:56.201" intervalms="170.326">
  <response-info timems="0.019" idlems="0.019" threads="0" lastid="0000000000016F00" lastname="main" />
</exclusive-start>
<concurrent-global-final id="3812" timestamp="2022-02-08T16:48:56.201" contextid="3794" intervalms="3795.729" >
  <concurrent-trace-info reason="card cleaning threshold reached" tracedByMutators="53707832" tracedByHelpers="20737016" cardsCleaned="2" workStackOverflowCount="0" />
</concurrent-global-final>
<gc-start id="3813" type="global" contextid="3794" timestamp="2022-02-08T16:48:56.201">
  <mem-info id="3814" free="120486656" total="1073741824" percent="11">
    <mem type="nursery" free="102325648" total="268435456" percent="38">
      <mem type="allocate" free="102325648" total="183631872" percent="55" />
      <mem type="survivor" free="0" total="84803584" percent="0" />
    </mem>
    <mem type="tenure" free="18161008" total="805306368" percent="2">
      <mem type="soa" free="10107248" total="797252608" percent="1" />
      <mem type="loa" free="8053760" total="8053760" percent="100" />
    </mem>
    <remembered-set count="102" />
  </mem-info>
</gc-start>
<allocation-stats totalBytes="5207664" >
  <allocated-bytes non-tlh="184" tlh="5207480" />
  <largest-consumer threadName="main" threadId="0000000000016F00" bytes="5207664" />
</allocation-stats>
<gc-op id="3815" type="rs-scan" timems="0.518" contextid="3794" timestamp="2022-02-08T16:48:56.202">
  <scan objectsFound="0" bytesTraced="3988" workStackOverflowCount="0" />
</gc-op>
<gc-op id="3816" type="card-cleaning" timems="154.517" contextid="3794" timestamp="2022-02-08T16:48:56.356">
  <card-cleaning cardsCleaned="11" bytesTraced="71019156" workStackOverflowCount="0" />
</gc-op>
<gc-op id="3817" type="mark" timems="86.148" contextid="3794" timestamp="2022-02-08T16:48:56.442">
  <trace-info objectcount="2388910" scancount="1793210" scanbytes="38322856" />
  <finalization candidates="428" enqueued="57" />
  <ownableSynchronizers candidates="1" cleared="0" />
  <references type="soft" candidates="894" cleared="0" enqueued="0" dynamicThreshold="12" maxThreshold="32" />
  <references type="weak" candidates="1701" cleared="0" enqueued="0" />
  <references type="phantom" candidates="52" cleared="2" enqueued="2" />
  <stringconstants candidates="6470" cleared="0"  />
  <object-monitors candidates="2" cleared="0"  />
</gc-op>
<gc-op id="3818" type="sweep" timems="4.819" contextid="3794" timestamp="2022-02-08T16:48:56.447" />
<gc-end id="3819" type="global" contextid="3794" durationms="246.199" usertimems="301.537" systemtimems="0.000" stalltimems="216.459" timestamp="2022-02-08T16:48:56.447" activeThreads="4">
  <mem-info id="3820" free="363606784" total="1073741824" percent="33">
    <mem type="nursery" free="102544688" total="268435456" percent="38">
      <mem type="allocate" free="102544688" total="183631872" percent="55" />
      <mem type="survivor" free="0" total="84803584" percent="0" />
    </mem>
    <mem type="tenure" free="261062096" total="805306368" percent="32" micro-fragmented="225486" macro-fragmented="0">
      <mem type="soa" free="253008336" total="797252608" percent="31" />
      <mem type="loa" free="8053760" total="8053760" percent="100" />
    </mem>
    <pending-finalizers system="57" default="0" reference="2" classloader="0" />
    <remembered-set count="102" />
  </mem-info>
</gc-end>
<cycle-end id="3821" type="global" contextid="3794" timestamp="2022-02-08T16:48:56.448" />
<exclusive-end id="3822" timestamp="2022-02-08T16:48:56.448" durationms="246.395" />

<exclusive-start id="3823" timestamp="2022-02-08T16:48:57.081" intervalms="879.996">
  <response-info timems="0.020" idlems="0.020" threads="0" lastid="0000000000016F00" lastname="main" />
</exclusive-start>
<af-start id="3824" threadId="0000000000017908" totalBytesRequested="104" timestamp="2022-02-08T16:48:57.081" intervalms="1050.315" type="nursery" />
<cycle-start id="3825" type="scavenge" contextid="0" timestamp="2022-02-08T16:48:57.081" intervalms="1050.315" />
<gc-start id="3826" type="scavenge" contextid="3825" timestamp="2022-02-08T16:48:57.081">
  <mem-info id="3827" free="261062096" total="1073741824" percent="24">
    <mem type="nursery" free="0" total="268435456" percent="0">
      <mem type="allocate" free="0" total="183631872" percent="0" />
      <mem type="survivor" free="0" total="84803584" percent="0" />
    </mem>
    <mem type="tenure" free="261062096" total="805306368" percent="32">
      <mem type="soa" free="253008336" total="797252608" percent="31" />
      <mem type="loa" free="8053760" total="8053760" percent="100" />
    </mem>
    <remembered-set count="105" />
  </mem-info>
</gc-start>
<allocation-stats totalBytes="102497120" >
  <allocated-bytes non-tlh="0" tlh="102497120" />
  <largest-consumer threadName="main" threadId="0000000000016F00" bytes="102493024" />
</allocation-stats>
<gc-op id="3828" type="scavenge" timems="81.951" contextid="3825" timestamp="2022-02-08T16:48:57.163">
  <scavenger-info tenureage="1" tenuremask="7ffe" tiltratio="68" />
  <memory-copied type="nursery" objects="1357902" bytes="76504240" bytesdiscarded="154008" />
  <memory-copied type="tenure" objects="1367558" bytes="75969904" bytesdiscarded="43096" />
  <ownableSynchronizers candidates="2" cleared="2" />
  <object-monitors candidates="2" cleared="0"  />
</gc-op>
<gc-end id="3829" type="scavenge" contextid="3825" durationms="82.132" usertimems="322.841" systemtimems="0.000" stalltimems="4.174" timestamp="2022-02-08T16:48:57.163" activeThreads="4">
  <mem-info id="3830" free="292033424" total="1073741824" percent="27">
    <mem type="nursery" free="107301304" total="268435456" percent="39">
      <mem type="allocate" free="107301304" total="183959552" percent="58" />
      <mem type="survivor" free="0" total="84475904" percent="0" />
    </mem>
    <mem type="tenure" free="184732120" total="805306368" percent="22" macro-fragmented="0">
      <mem type="soa" free="176678360" total="797252608" percent="22" />
      <mem type="loa" free="8053760" total="8053760" percent="100" />
    </mem>
    <remembered-set count="105" />
  </mem-info>
</gc-end>
<cycle-end id="3831" type="scavenge" contextid="3825" timestamp="2022-02-08T16:48:57.163" />
<allocation-satisfied id="3832" threadId="0000000000016F00" bytesRequested="104" />
<af-end id="3833" timestamp="2022-02-08T16:48:57.164" threadId="0000000000017908" success="true" from="nursery"/>
<exclusive-end id="3834" timestamp="2022-02-08T16:48:57.164" durationms="82.395" />

<exclusive-start id="3835" timestamp="2022-02-08T16:48:58.095" intervalms="1013.934">
  <response-info timems="0.018" idlems="0.018" threads="0" lastid="0000000000016F00" lastname="main" />
</exclusive-start>
<af-start id="3836" threadId="0000000000017908" totalBytesRequested="1347680" timestamp="2022-02-08T16:48:58.095" intervalms="1013.932" type="nursery" />
<cycle-start id="3837" type="scavenge" contextid="0" timestamp="2022-02-08T16:48:58.095" intervalms="1013.932" />
<gc-start id="3838" type="scavenge" contextid="3837" timestamp="2022-02-08T16:48:58.095">
  <mem-info id="3839" free="185537424" total="1073741824" percent="17">
    <mem type="nursery" free="805304" total="268435456" percent="0">
      <mem type="allocate" free="805304" total="183959552" percent="0" />
      <mem type="survivor" free="0" total="84475904" percent="0" />
    </mem>
    <mem type="tenure" free="184732120" total="805306368" percent="22">
      <mem type="soa" free="176678360" total="797252608" percent="22" />
      <mem type="loa" free="8053760" total="8053760" percent="100" />
    </mem>
    <remembered-set count="136" />
  </mem-info>
</gc-start>
<allocation-stats totalBytes="106448320" >
  <allocated-bytes non-tlh="1493872" tlh="104954448" />
  <largest-consumer threadName="main" threadId="0000000000016F00" bytes="106448320" />
</allocation-stats>
<gc-op id="3840" type="scavenge" timems="79.749" contextid="3837" timestamp="2022-02-08T16:48:58.175">
  <scavenger-info tenureage="1" tenuremask="7ffe" tiltratio="68" />
  <memory-copied type="nursery" objects="1429787" bytes="74338768" bytesdiscarded="171984" />
  <memory-copied type="tenure" objects="1357902" bytes="76504240" bytesdiscarded="38256" />
  <finalization candidates="110" enqueued="53" />
  <references type="soft" candidates="14" cleared="0" enqueued="0" dynamicThreshold="10" maxThreshold="32" />
  <references type="weak" candidates="1" cleared="0" enqueued="0" />
  <references type="phantom" candidates="95" cleared="7" enqueued="7" />
  <object-monitors candidates="2" cleared="0"  />
</gc-op>
<gc-end id="3841" type="scavenge" contextid="3837" durationms="79.913" usertimems="315.376" systemtimems="0.000" stalltimems="2.626" timestamp="2022-02-08T16:48:58.175" activeThreads="4">
  <mem-info id="3842" free="218259424" total="1073741824" percent="20">
    <mem type="nursery" free="109841888" total="268435456" percent="40">
      <mem type="allocate" free="109841888" total="184352768" percent="59" />
      <mem type="survivor" free="0" total="84082688" percent="0" />
    </mem>
    <mem type="tenure" free="108417536" total="805306368" percent="13" macro-fragmented="0">
      <mem type="soa" free="100363776" total="797252608" percent="12" />
      <mem type="loa" free="8053760" total="8053760" percent="100" />
    </mem>
    <pending-finalizers system="52" default="1" reference="7" classloader="0" />
    <remembered-set count="132" />
  </mem-info>
</gc-end>
<cycle-end id="3843" type="scavenge" contextid="3837" timestamp="2022-02-08T16:48:58.175" />
<allocation-satisfied id="3844" threadId="0000000000016F00" bytesRequested="1347680" />
<af-end id="3845" timestamp="2022-02-08T16:48:58.175" threadId="0000000000017908" success="true" from="nursery"/>
<exclusive-end id="3846" timestamp="2022-02-08T16:48:58.175" durationms="80.274" />

<concurrent-kickoff id="3847" timestamp="2022-02-08T16:48:58.896">
  <kickoff reason="threshold reached" targetBytes="74441149" thresholdFreeBytes="6150757"  remainingFree="6020480" tenureFreeBytes="108417536" nurseryFreeBytes="6020480" />
</concurrent-kickoff>
<exclusive-start id="3848" timestamp="2022-02-08T16:48:58.899" intervalms="803.721">
  <response-info timems="0.021" idlems="0.021" threads="0" lastid="0000000000016F00" lastname="main" />
</exclusive-start>
<cycle-start id="3849" type="global" contextid="0" timestamp="2022-02-08T16:48:58.899" intervalms="3014.623" />
<concurrent-start id="3850" type="global mark" contextid="3849" timestamp="2022-02-08T16:48:58.899">
</concurrent-start>
<exclusive-end id="3851" timestamp="2022-02-08T16:48:58.899" durationms="0.027" />

<exclusive-start id="3852" timestamp="2022-02-08T16:48:59.036" intervalms="136.793">
  <response-info timems="0.041" idlems="0.041" threads="0" lastid="0000000000016F00" lastname="main" />
</exclusive-start>
<af-start id="3853" threadId="0000000000017908" totalBytesRequested="104" timestamp="2022-02-08T16:48:59.036" intervalms="940.550" type="nursery" />
<cycle-start id="3854" type="scavenge" contextid="0" timestamp="2022-02-08T16:48:59.036" intervalms="940.553" />
<gc-start id="3855" type="scavenge" contextid="3854" timestamp="2022-02-08T16:48:59.036">
  <mem-info id="3856" free="108417536" total="1073741824" percent="10">
    <mem type="nursery" free="0" total="268435456" percent="0">
      <mem type="allocate" free="0" total="184352768" percent="0" />
      <mem type="survivor" free="0" total="84082688" percent="0" />
    </mem>
    <mem type="tenure" free="108417536" total="805306368" percent="13">
      <mem type="soa" free="100363776" total="797252608" percent="12" />
      <mem type="loa" free="8053760" total="8053760" percent="100" />
    </mem>
    <remembered-set count="133" />
  </mem-info>
</gc-start>
<allocation-stats totalBytes="109790648" >
  <allocated-bytes non-tlh="1347680" tlh="108442968" />
  <largest-consumer threadName="main" threadId="0000000000016F00" bytes="109782456" />
</allocation-stats>
<gc-op id="3857" type="scavenge" timems="88.650" contextid="3854" timestamp="2022-02-08T16:48:59.124">
  <scavenger-info tenureage="1" tenuremask="7ffe" tiltratio="68" />
  <memory-copied type="nursery" objects="1395145" bytes="78594568" bytesdiscarded="408040" />
  <memory-copied type="tenure" objects="1429076" bytes="73870912" bytesdiscarded="38112" />
  <finalization candidates="57" enqueued="0" />
  <object-monitors candidates="2" cleared="0"  />
</gc-op>
<gc-end id="3858" type="scavenge" contextid="3854" durationms="88.869" usertimems="350.096" systemtimems="0.000" stalltimems="3.461" timestamp="2022-02-08T16:48:59.125" activeThreads="4">
  <mem-info id="3859" free="135408064" total="1073741824" percent="12">
    <mem type="nursery" free="101024784" total="268435456" percent="37">
      <mem type="allocate" free="101024784" total="180027392" percent="56" />
      <mem type="survivor" free="0" total="88408064" percent="0" />
    </mem>
    <mem type="tenure" free="34383280" total="805306368" percent="4" macro-fragmented="0">
      <mem type="soa" free="26329520" total="797252608" percent="3" />
      <mem type="loa" free="8053760" total="8053760" percent="100" />
    </mem>
    <remembered-set count="99" />
  </mem-info>
</gc-end>
<cycle-end id="3860" type="scavenge" contextid="3854" timestamp="2022-02-08T16:48:59.125" />
<allocation-satisfied id="3861" threadId="0000000000016F00" bytesRequested="104" />
<af-end id="3862" timestamp="2022-02-08T16:48:59.125" threadId="0000000000017908" success="true" from="nursery"/>
<exclusive-end id="3863" timestamp="2022-02-08T16:48:59.125" durationms="89.198" />

<concurrent-end id="3864" type="global mark" contextid="3849" timestamp="2022-02-08T16:48:59.232">
<gc-op id="3865" type="trace" timems="333.544" contextid="3849" timestamp="2022-02-08T16:48:59.232">
  <trace bytesTraced="74440456" workStackOverflowCount="0" />
  <card-cleaning reason="card cleaning threshold reached" bytesTraced="188" cardsCleaned="1" />
</gc-op>
</concurrent-end>

<exclusive-start id="3866" timestamp="2022-02-08T16:48:59.232" intervalms="196.819">
  <response-info timems="0.018" idlems="0.018" threads="0" lastid="0000000000016F00" lastname="main" />
</exclusive-start>
<concurrent-global-final id="3867" timestamp="2022-02-08T16:48:59.232" contextid="3849" intervalms="3031.263" >
  <concurrent-trace-info reason="card cleaning threshold reached" tracedByMutators="53151076" tracedByHelpers="21289568" cardsCleaned="1" workStackOverflowCount="0" />
</concurrent-global-final>
<gc-start id="3868" type="global" contextid="3849" timestamp="2022-02-08T16:48:59.232">
  <mem-info id="3869" free="128756056" total="1073741824" percent="11">
    <mem type="nursery" free="94372776" total="268435456" percent="35">
      <mem type="allocate" free="94372776" total="180027392" percent="52" />
      <mem type="survivor" free="0" total="88408064" percent="0" />
    </mem>
    <mem type="tenure" free="34383280" total="805306368" percent="4">
      <mem type="soa" free="26329520" total="797252608" percent="3" />
      <mem type="loa" free="8053760" total="8053760" percent="100" />
    </mem>
    <remembered-set count="99" />
  </mem-info>
</gc-start>
<allocation-stats totalBytes="6648336" >
  <allocated-bytes non-tlh="104" tlh="6648232" />
  <largest-consumer threadName="main" threadId="0000000000016F00" bytes="6648336" />
</allocation-stats>
<gc-op id="3870" type="rs-scan" timems="0.566" contextid="3849" timestamp="2022-02-08T16:48:59.233">
  <scan objectsFound="0" bytesTraced="3988" workStackOverflowCount="0" />
</gc-op>
<gc-op id="3871" type="card-cleaning" timems="154.297" contextid="3849" timestamp="2022-02-08T16:48:59.387">
  <card-cleaning cardsCleaned="11" bytesTraced="71019220" workStackOverflowCount="0" />
</gc-op>
<gc-op id="3872" type="mark" timems="69.820" contextid="3849" timestamp="2022-02-08T16:48:59.457">
  <trace-info objectcount="2156279" scancount="1618737" scanbytes="34600744" />
  <finalization candidates="428" enqueued="57" />
  <ownableSynchronizers candidates="1" cleared="0" />
  <references type="soft" candidates="894" cleared="0" enqueued="0" dynamicThreshold="10" maxThreshold="32" />
  <references type="weak" candidates="1701" cleared="0" enqueued="0" />
  <references type="phantom" candidates="52" cleared="2" enqueued="2" />
  <stringconstants candidates="6470" cleared="0"  />
  <object-monitors candidates="2" cleared="0"  />
</gc-op>
<gc-op id="3873" type="sweep" timems="4.916" contextid="3849" timestamp="2022-02-08T16:48:59.462" />
<gc-end id="3874" type="global" contextid="3849" durationms="229.805" usertimems="286.171" systemtimems="0.000" stalltimems="168.403" timestamp="2022-02-08T16:48:59.462" activeThreads="4">
  <mem-info id="3875" free="372204144" total="1073741824" percent="34">
    <mem type="nursery" free="94873552" total="268435456" percent="35">
      <mem type="allocate" free="94873552" total="180027392" percent="52" />
      <mem type="survivor" free="0" total="88408064" percent="0" />
    </mem>
    <mem type="tenure" free="277330592" total="805306368" percent="34" micro-fragmented="202962" macro-fragmented="0">
      <mem type="soa" free="269276832" total="797252608" percent="33" />
      <mem type="loa" free="8053760" total="8053760" percent="100" />
    </mem>
    <pending-finalizers system="57" default="0" reference="2" classloader="0" />
    <remembered-set count="99" />
  </mem-info>
</gc-end>
<cycle-end id="3876" type="global" contextid="3849" timestamp="2022-02-08T16:48:59.462" />
<exclusive-end id="3877" timestamp="2022-02-08T16:48:59.462" durationms="230.044" />

<exclusive-start id="3878" timestamp="2022-02-08T16:49:00.072" intervalms="840.025">
  <response-info timems="0.024" idlems="0.024" threads="0" lastid="0000000000016F00" lastname="main" />
</exclusive-start>
<af-start id="3879" threadId="0000000000017908" totalBytesRequested="184" timestamp="2022-02-08T16:49:00.072" intervalms="1036.836" type="nursery" />
<cycle-start id="3880" type="scavenge" contextid="0" timestamp="2022-02-08T16:49:00.073" intervalms="1036.855" />
<gc-start id="3881" type="scavenge" contextid="3880" timestamp="2022-02-08T16:49:00.073">
  <mem-info id="3882" free="277330592" total="1073741824" percent="25">
    <mem type="nursery" free="0" total="268435456" percent="0">
      <mem type="allocate" free="0" total="180027392" percent="0" />
      <mem type="survivor" free="0" total="88408064" percent="0" />
    </mem>
    <mem type="tenure" free="277330592" total="805306368" percent="34">
      <mem type="soa" free="269276832" total="797252608" percent="33" />
      <mem type="loa" free="8053760" total="8053760" percent="100" />
    </mem>
    <remembered-set count="102" />
  </mem-info>
</gc-start>
<allocation-stats totalBytes="94829752" >
  <allocated-bytes non-tlh="0" tlh="94829752" />
  <largest-consumer threadName="main" threadId="0000000000016F00" bytes="94820632" />
</allocation-stats>
<gc-op id="3883" type="scavenge" timems="81.203" contextid="3880" timestamp="2022-02-08T16:49:00.154">
  <scavenger-info tenureage="1" tenuremask="7ffe" tiltratio="67" />
  <memory-copied type="nursery" objects="1276039" bytes="72066904" bytesdiscarded="214952" />
  <memory-copied type="tenure" objects="1395145" bytes="78594568" bytesdiscarded="46776" />
  <ownableSynchronizers candidates="2" cleared="2" />
  <object-monitors candidates="2" cleared="0"  />
</gc-op>
<gc-end id="3884" type="scavenge" contextid="3880" durationms="81.393" usertimems="320.793" systemtimems="0.000" stalltimems="3.157" timestamp="2022-02-08T16:49:00.154" activeThreads="4">
  <mem-info id="3885" free="306813728" total="1073741824" percent="28">
    <mem type="nursery" free="108400896" total="268435456" percent="40">
      <mem type="allocate" free="108400896" total="180682752" percent="59" />
      <mem type="survivor" free="0" total="87752704" percent="0" />
    </mem>
    <mem type="tenure" free="198412832" total="805306368" percent="24" macro-fragmented="0">
      <mem type="soa" free="190359072" total="797252608" percent="23" />
      <mem type="loa" free="8053760" total="8053760" percent="100" />
    </mem>
    <remembered-set count="105" />
  </mem-info>
</gc-end>
<cycle-end id="3886" type="scavenge" contextid="3880" timestamp="2022-02-08T16:49:00.154" />
<allocation-satisfied id="3887" threadId="0000000000016F00" bytesRequested="184" />
<af-end id="3888" timestamp="2022-02-08T16:49:00.154" threadId="0000000000017908" success="true" from="nursery"/>
<exclusive-end id="3889" timestamp="2022-02-08T16:49:00.154" durationms="81.792" />

<exclusive-start id="3890" timestamp="2022-02-08T16:49:01.066" intervalms="993.519">
  <response-info timems="0.018" idlems="0.018" threads="0" lastid="0000000000016F00" lastname="main" />
</exclusive-start>
<af-start id="3891" threadId="0000000000017908" totalBytesRequested="16" timestamp="2022-02-08T16:49:01.066" intervalms="993.494" type="nursery" />
<cycle-start id="3892" type="scavenge" contextid="0" timestamp="2022-02-08T16:49:01.066" intervalms="993.472" />
<gc-start id="3893" type="scavenge" contextid="3892" timestamp="2022-02-08T16:49:01.066">
  <mem-info id="3894" free="198412832" total="1073741824" percent="18">
    <mem type="nursery" free="0" total="268435456" percent="0">
      <mem type="allocate" free="0" total="180682752" percent="0" />
      <mem type="survivor" free="0" total="87752704" percent="0" />
    </mem>
    <mem type="tenure" free="198412832" total="805306368" percent="24">
      <mem type="soa" free="190359072" total="797252608" percent="23" />
      <mem type="loa" free="8053760" total="8053760" percent="100" />
    </mem>
    <remembered-set count="136" />
  </mem-info>
</gc-start>
<allocation-stats totalBytes="108354232" >
  <allocated-bytes non-tlh="1590752" tlh="106763480" />
  <largest-consumer threadName="main" threadId="0000000000016F00" bytes="108354232" />
</allocation-stats>
<gc-op id="3895" type="scavenge" timems="78.329" contextid="3892" timestamp="2022-02-08T16:49:01.144">
  <scavenger-info tenureage="1" tenuremask="7ffe" tiltratio="67" />
  <memory-copied type="nursery" objects="1489342" bytes="76304472" bytesdiscarded="63944" />
  <memory-copied type="tenure" objects="1276038" bytes="72066800" bytesdiscarded="37576" />
  <finalization candidates="109" enqueued="53" />
  <references type="soft" candidates="14" cleared="0" enqueued="0" dynamicThreshold="11" maxThreshold="32" />
  <references type="weak" candidates="1" cleared="0" enqueued="0" />
  <references type="phantom" candidates="94" cleared="7" enqueued="7" />
  <object-monitors candidates="2" cleared="0"  />
</gc-op>
<gc-end id="3896" type="scavenge" contextid="3892" durationms="78.524" usertimems="309.034" systemtimems="0.385" stalltimems="3.225" timestamp="2022-02-08T16:49:01.145" activeThreads="4">
  <mem-info id="3897" free="230730888" total="1073741824" percent="21">
    <mem type="nursery" free="104510816" total="268435456" percent="38">
      <mem type="allocate" free="104510816" total="180879360" percent="57" />
      <mem type="survivor" free="0" total="87556096" percent="0" />
    </mem>
    <mem type="tenure" free="126220072" total="805306368" percent="15" macro-fragmented="502401">
      <mem type="soa" free="118166312" total="797252608" percent="14" />
      <mem type="loa" free="8053760" total="8053760" percent="100" />
    </mem>
    <pending-finalizers system="52" default="1" reference="7" classloader="0" />
    <remembered-set count="132" />
  </mem-info>
</gc-end>
<cycle-end id="3898" type="scavenge" contextid="3892" timestamp="2022-02-08T16:49:01.145" />
<allocation-satisfied id="3899" threadId="0000000000016F00" bytesRequested="16" />
<af-end id="3900" timestamp="2022-02-08T16:49:01.145" threadId="0000000000017908" success="true" from="nursery"/>
<exclusive-end id="3901" timestamp="2022-02-08T16:49:01.145" durationms="78.907" />

<concurrent-kickoff id="3902" timestamp="2022-02-08T16:49:01.825">
  <kickoff reason="threshold reached" targetBytes="74440967" thresholdFreeBytes="6130091"  remainingFree="6010208" tenureFreeBytes="126220072" nurseryFreeBytes="6010208" />
</concurrent-kickoff>
<exclusive-start id="3903" timestamp="2022-02-08T16:49:01.828" intervalms="762.424">
  <response-info timems="0.020" idlems="0.020" threads="0" lastid="0000000000016F00" lastname="main" />
</exclusive-start>
<cycle-start id="3904" type="global" contextid="0" timestamp="2022-02-08T16:49:01.828" intervalms="2929.582" />
<concurrent-start id="3905" type="global mark" contextid="3904" timestamp="2022-02-08T16:49:01.828">
</concurrent-start>
<exclusive-end id="3906" timestamp="2022-02-08T16:49:01.828" durationms="0.029" />

<exclusive-start id="3907" timestamp="2022-02-08T16:49:01.959" intervalms="130.352">
  <response-info timems="0.017" idlems="0.017" threads="0" lastid="0000000000016F00" lastname="main" />
</exclusive-start>
<af-start id="3908" threadId="0000000000017908" totalBytesRequested="16" timestamp="2022-02-08T16:49:01.959" intervalms="892.776" type="nursery" />
<cycle-start id="3909" type="scavenge" contextid="0" timestamp="2022-02-08T16:49:01.959" intervalms="892.777" />
<gc-start id="3910" type="scavenge" contextid="3909" timestamp="2022-02-08T16:49:01.959">
  <mem-info id="3911" free="126220072" total="1073741824" percent="11">
    <mem type="nursery" free="0" total="268435456" percent="0">
      <mem type="allocate" free="0" total="180879360" percent="0" />
      <mem type="survivor" free="0" total="87556096" percent="0" />
    </mem>
    <mem type="tenure" free="126220072" total="805306368" percent="15">
      <mem type="soa" free="118166312" total="797252608" percent="14" />
      <mem type="loa" free="8053760" total="8053760" percent="100" />
    </mem>
    <remembered-set count="133" />
  </mem-info>
</gc-start>
<allocation-stats totalBytes="104459768" >
  <allocated-bytes non-tlh="1347696" tlh="103112072" />
  <largest-consumer threadName="main" threadId="0000000000016F00" bytes="104451576" />
</allocation-stats>
<gc-op id="3912" type="scavenge" timems="81.827" contextid="3909" timestamp="2022-02-08T16:49:02.041">
  <scavenger-info tenureage="1" tenuremask="7ffe" tiltratio="67" />
  <memory-copied type="nursery" objects="1309085" bytes="74774472" bytesdiscarded="129176" />
  <memory-copied type="tenure" objects="1488623" bytes="75361304" bytesdiscarded="37960" />
  <finalization candidates="57" enqueued="0" />
  <references type="phantom" candidates="1" cleared="0" enqueued="0" />
  <object-monitors candidates="2" cleared="0"  />
</gc-op>
<gc-end id="3913" type="scavenge" contextid="3909" durationms="82.094" usertimems="322.695" systemtimems="0.005" stalltimems="3.956" timestamp="2022-02-08T16:49:02.041" activeThreads="4">
  <mem-info id="3914" free="157848784" total="1073741824" percent="14">
    <mem type="nursery" free="106958752" total="268435456" percent="39">
      <mem type="allocate" free="106958752" total="181862400" percent="58" />
      <mem type="survivor" free="0" total="86573056" percent="0" />
    </mem>
    <mem type="tenure" free="50890032" total="805306368" percent="6" macro-fragmented="0">
      <mem type="soa" free="42836272" total="797252608" percent="5" />
      <mem type="loa" free="8053760" total="8053760" percent="100" />
    </mem>
    <remembered-set count="101" />
  </mem-info>
</gc-end>
<cycle-end id="3915" type="scavenge" contextid="3909" timestamp="2022-02-08T16:49:02.041" />
<allocation-satisfied id="3916" threadId="0000000000016F00" bytesRequested="16" />
<af-end id="3917" timestamp="2022-02-08T16:49:02.041" threadId="0000000000017908" success="true" from="nursery"/>
<exclusive-end id="3918" timestamp="2022-02-08T16:49:02.041" durationms="82.463" />

<concurrent-end id="3919" type="global mark" contextid="3904" timestamp="2022-02-08T16:49:02.146">
<gc-op id="3920" type="trace" timems="317.449" contextid="3904" timestamp="2022-02-08T16:49:02.146">
  <trace bytesTraced="74440728" workStackOverflowCount="0" />
  <card-cleaning reason="card cleaning threshold reached" bytesTraced="188" cardsCleaned="1" />
</gc-op>
</concurrent-end>

<exclusive-start id="3921" timestamp="2022-02-08T16:49:02.146" intervalms="187.167">
  <response-info timems="0.018" idlems="0.018" threads="0" lastid="0000000000016F00" lastname="main" />
</exclusive-start>
<concurrent-global-final id="3922" timestamp="2022-02-08T16:49:02.146" contextid="3904" intervalms="2913.487" >
  <concurrent-trace-info reason="card cleaning threshold reached" tracedByMutators="55222244" tracedByHelpers="19218672" cardsCleaned="1" workStackOverflowCount="0" />
</concurrent-global-final>
<gc-start id="3923" type="global" contextid="3904" timestamp="2022-02-08T16:49:02.146">
  <mem-info id="3924" free="151196864" total="1073741824" percent="14">
    <mem type="nursery" free="100306832" total="268435456" percent="37">
      <mem type="allocate" free="100306832" total="181862400" percent="55" />
      <mem type="survivor" free="0" total="86573056" percent="0" />
    </mem>
    <mem type="tenure" free="50890032" total="805306368" percent="6">
      <mem type="soa" free="42836272" total="797252608" percent="5" />
      <mem type="loa" free="8053760" total="8053760" percent="100" />
    </mem>
    <remembered-set count="101" />
  </mem-info>
</gc-start>
<allocation-stats totalBytes="6649032" >
  <allocated-bytes non-tlh="16" tlh="6649016" />
  <largest-consumer threadName="main" threadId="0000000000016F00" bytes="6649032" />
</allocation-stats>
<gc-op id="3925" type="rs-scan" timems="0.539" contextid="3904" timestamp="2022-02-08T16:49:02.147">
  <scan objectsFound="29" bytesTraced="5420" workStackOverflowCount="0" />
</gc-op>
<gc-op id="3926" type="card-cleaning" timems="154.018" contextid="3904" timestamp="2022-02-08T16:49:02.301">
  <card-cleaning cardsCleaned="9" bytesTraced="71017300" workStackOverflowCount="0" />
</gc-op>
<gc-op id="3927" type="mark" timems="50.057" contextid="3904" timestamp="2022-02-08T16:49:02.351">
  <trace-info objectcount="1793458" scancount="1346621" scanbytes="28795624" />
  <finalization candidates="428" enqueued="57" />
  <ownableSynchronizers candidates="1" cleared="0" />
  <references type="soft" candidates="894" cleared="0" enqueued="0" dynamicThreshold="11" maxThreshold="32" />
  <references type="weak" candidates="1701" cleared="0" enqueued="0" />
  <references type="phantom" candidates="52" cleared="2" enqueued="2" />
  <stringconstants candidates="6470" cleared="0"  />
  <object-monitors candidates="2" cleared="0"  />
</gc-op>
<gc-op id="3928" type="sweep" timems="5.096" contextid="3904" timestamp="2022-02-08T16:49:02.356" />
<gc-end id="3929" type="global" contextid="3904" durationms="209.937" usertimems="224.317" systemtimems="0.383" stalltimems="150.358" timestamp="2022-02-08T16:49:02.356" activeThreads="4">
  <mem-info id="3930" free="394454232" total="1073741824" percent="36">
    <mem type="nursery" free="100529296" total="268435456" percent="37">
      <mem type="allocate" free="100529296" total="181862400" percent="55" />
      <mem type="survivor" free="0" total="86573056" percent="0" />
    </mem>
    <mem type="tenure" free="293924936" total="805306368" percent="36" micro-fragmented="254740" macro-fragmented="0">
      <mem type="soa" free="285871176" total="797252608" percent="35" />
      <mem type="loa" free="8053760" total="8053760" percent="100" />
    </mem>
    <pending-finalizers system="57" default="0" reference="2" classloader="0" />
    <remembered-set count="101" />
  </mem-info>
</gc-end>
<cycle-end id="3931" type="global" contextid="3904" timestamp="2022-02-08T16:49:02.356" />
<exclusive-end id="3932" timestamp="2022-02-08T16:49:02.356" durationms="210.190" />

<exclusive-start id="3933" timestamp="2022-02-08T16:49:03.026" intervalms="880.557">
  <response-info timems="0.020" idlems="0.020" threads="0" lastid="0000000000016F00" lastname="main" />
</exclusive-start>
<af-start id="3934" threadId="0000000000017908" totalBytesRequested="184" timestamp="2022-02-08T16:49:03.026" intervalms="1067.723" type="nursery" />
<cycle-start id="3935" type="scavenge" contextid="0" timestamp="2022-02-08T16:49:03.027" intervalms="1067.723" />
<gc-start id="3936" type="scavenge" contextid="3935" timestamp="2022-02-08T16:49:03.027">
  <mem-info id="3937" free="293924936" total="1073741824" percent="27">
    <mem type="nursery" free="0" total="268435456" percent="0">
      <mem type="allocate" free="0" total="181862400" percent="0" />
      <mem type="survivor" free="0" total="86573056" percent="0" />
    </mem>
    <mem type="tenure" free="293924936" total="805306368" percent="36">
      <mem type="soa" free="285871176" total="797252608" percent="35" />
      <mem type="loa" free="8053760" total="8053760" percent="100" />
    </mem>
    <remembered-set count="104" />
  </mem-info>
</gc-start>
<allocation-stats totalBytes="100483056" >
  <allocated-bytes non-tlh="0" tlh="100483056" />
  <largest-consumer threadName="main" threadId="0000000000016F00" bytes="100478960" />
</allocation-stats>
<gc-op id="3938" type="scavenge" timems="78.740" contextid="3935" timestamp="2022-02-08T16:49:03.105">
  <scavenger-info tenureage="1" tenuremask="7ffe" tiltratio="67" />
  <memory-copied type="nursery" objects="1354584" bytes="76110296" bytesdiscarded="265032" />
  <memory-copied type="tenure" objects="1309085" bytes="74774472" bytesdiscarded="42976" />
  <finalization candidates="1" enqueued="0" />
  <ownableSynchronizers candidates="2" cleared="2" />
  <object-monitors candidates="2" cleared="0"  />
</gc-op>
<gc-end id="3939" type="scavenge" contextid="3935" durationms="78.949" usertimems="310.078" systemtimems="1.166" stalltimems="2.598" timestamp="2022-02-08T16:49:03.105" activeThreads="4">
  <mem-info id="3940" free="325027056" total="1073741824" percent="30">
    <mem type="nursery" free="106076896" total="268435456" percent="39">
      <mem type="allocate" free="106076896" total="182452224" percent="58" />
      <mem type="survivor" free="0" total="85983232" percent="0" />
    </mem>
    <mem type="tenure" free="218950160" total="805306368" percent="27" macro-fragmented="0">
      <mem type="soa" free="210896400" total="797252608" percent="26" />
      <mem type="loa" free="8053760" total="8053760" percent="100" />
    </mem>
    <remembered-set count="104" />
  </mem-info>
</gc-end>
<cycle-end id="3941" type="scavenge" contextid="3935" timestamp="2022-02-08T16:49:03.106" />
<allocation-satisfied id="3942" threadId="0000000000016F00" bytesRequested="184" />
<af-end id="3943" timestamp="2022-02-08T16:49:03.106" threadId="0000000000017908" success="true" from="nursery"/>
<exclusive-end id="3944" timestamp="2022-02-08T16:49:03.106" durationms="79.247" />

<exclusive-start id="3945" timestamp="2022-02-08T16:49:03.939" intervalms="912.543">
  <response-info timems="0.022" idlems="0.022" threads="0" lastid="0000000000016F00" lastname="main" />
</exclusive-start>
<af-start id="3946" threadId="0000000000017908" totalBytesRequested="97024" timestamp="2022-02-08T16:49:03.939" intervalms="912.542" type="nursery" />
<cycle-start id="3947" type="scavenge" contextid="0" timestamp="2022-02-08T16:49:03.939" intervalms="912.542" />
<gc-start id="3948" type="scavenge" contextid="3947" timestamp="2022-02-08T16:49:03.939">
  <mem-info id="3949" free="218950160" total="1073741824" percent="20">
    <mem type="nursery" free="0" total="268435456" percent="0">
      <mem type="allocate" free="0" total="182452224" percent="0" />
      <mem type="survivor" free="0" total="85983232" percent="0" />
    </mem>
    <mem type="tenure" free="218950160" total="805306368" percent="27">
      <mem type="soa" free="210896400" total="797252608" percent="26" />
      <mem type="loa" free="8053760" total="8053760" percent="100" />
    </mem>
    <remembered-set count="134" />
  </mem-info>
</gc-start>
<allocation-stats totalBytes="106025408" >
  <allocated-bytes non-tlh="752088" tlh="105273320" />
  <largest-consumer threadName="main" threadId="0000000000016F00" bytes="106025408" />
</allocation-stats>
<gc-op id="3950" type="scavenge" timems="83.393" contextid="3947" timestamp="2022-02-08T16:49:04.023">
  <scavenger-info tenureage="1" tenuremask="7ffe" tiltratio="67" />
  <memory-copied type="nursery" objects="1429551" bytes="74680480" bytesdiscarded="187040" />
  <memory-copied type="tenure" objects="1354583" bytes="76110192" bytesdiscarded="41896" />
  <finalization candidates="92" enqueued="51" />
  <references type="soft" candidates="14" cleared="0" enqueued="0" dynamicThreshold="11" maxThreshold="32" />
  <references type="weak" candidates="1" cleared="0" enqueued="0" />
  <references type="phantom" candidates="77" cleared="7" enqueued="7" />
  <object-monitors candidates="2" cleared="0"  />
</gc-op>
<gc-end id="3951" type="scavenge" contextid="3947" durationms="83.662" usertimems="319.116" systemtimems="0.000" stalltimems="3.152" timestamp="2022-02-08T16:49:04.023" activeThreads="4">
  <mem-info id="3952" free="251178736" total="1073741824" percent="23">
    <mem type="nursery" free="108305472" total="268435456" percent="40">
      <mem type="allocate" free="108305472" total="183173120" percent="59" />
      <mem type="survivor" free="0" total="85262336" percent="0" />
    </mem>
    <mem type="tenure" free="142873264" total="805306368" percent="17" macro-fragmented="0">
      <mem type="soa" free="134819504" total="797252608" percent="16" />
      <mem type="loa" free="8053760" total="8053760" percent="100" />
    </mem>
    <pending-finalizers system="50" default="1" reference="7" classloader="0" />
    <remembered-set count="131" />
  </mem-info>
</gc-end>
<cycle-end id="3953" type="scavenge" contextid="3947" timestamp="2022-02-08T16:49:04.023" />
<allocation-satisfied id="3954" threadId="0000000000016F00" bytesRequested="97024" />
<af-end id="3955" timestamp="2022-02-08T16:49:04.023" threadId="0000000000017908" success="true" from="nursery"/>
<exclusive-end id="3956" timestamp="2022-02-08T16:49:04.023" durationms="84.013" />

<concurrent-kickoff id="3957" timestamp="2022-02-08T16:49:04.762">
  <kickoff reason="threshold reached" targetBytes="74440900" thresholdFreeBytes="6124874"  remainingFree="6018632" tenureFreeBytes="142873264" nurseryFreeBytes="6018632" />
</concurrent-kickoff>
<exclusive-start id="3958" timestamp="2022-02-08T16:49:04.764" intervalms="825.341">
  <response-info timems="0.019" idlems="0.019" threads="0" lastid="0000000000016F00" lastname="main" />
</exclusive-start>
<cycle-start id="3959" type="global" contextid="0" timestamp="2022-02-08T16:49:04.764" intervalms="2935.957" />
<concurrent-start id="3960" type="global mark" contextid="3959" timestamp="2022-02-08T16:49:04.764">
</concurrent-start>
<exclusive-end id="3961" timestamp="2022-02-08T16:49:04.764" durationms="0.026" />

<exclusive-start id="3962" timestamp="2022-02-08T16:49:04.950" intervalms="185.274">
  <response-info timems="0.017" idlems="0.017" threads="0" lastid="0000000000016F00" lastname="main" />
</exclusive-start>
<af-start id="3963" threadId="0000000000017908" totalBytesRequested="104" timestamp="2022-02-08T16:49:04.950" intervalms="1010.618" type="nursery" />
<cycle-start id="3964" type="scavenge" contextid="0" timestamp="2022-02-08T16:49:04.950" intervalms="1010.617" />
<gc-start id="3965" type="scavenge" contextid="3964" timestamp="2022-02-08T16:49:04.950">
  <mem-info id="3966" free="142873264" total="1073741824" percent="13">
    <mem type="nursery" free="0" total="268435456" percent="0">
      <mem type="allocate" free="0" total="183173120" percent="0" />
      <mem type="survivor" free="0" total="85262336" percent="0" />
    </mem>
    <mem type="tenure" free="142873264" total="805306368" percent="17">
      <mem type="soa" free="134819504" total="797252608" percent="16" />
      <mem type="loa" free="8053760" total="8053760" percent="100" />
    </mem>
    <remembered-set count="132" />
  </mem-info>
</gc-start>
<allocation-stats totalBytes="108254000" >
  <allocated-bytes non-tlh="2160120" tlh="106093880" />
  <largest-consumer threadName="main" threadId="0000000000016F00" bytes="108245808" />
</allocation-stats>
<gc-op id="3967" type="scavenge" timems="85.072" contextid="3964" timestamp="2022-02-08T16:49:05.035">
  <scavenger-info tenureage="1" tenuremask="7ffe" tiltratio="68" />
  <memory-copied type="nursery" objects="1387503" bytes="76956528" bytesdiscarded="210512" />
  <memory-copied type="tenure" objects="1428853" bytes="74227280" bytesdiscarded="38440" />
  <finalization candidates="59" enqueued="2" />
  <references type="phantom" candidates="18" cleared="0" enqueued="0" />
  <object-monitors candidates="2" cleared="0"  />
</gc-op>
<gc-end id="3968" type="scavenge" contextid="3964" durationms="85.292" usertimems="336.577" systemtimems="0.000" stalltimems="2.382" timestamp="2022-02-08T16:49:05.035" activeThreads="4">
  <mem-info id="3969" free="174307248" total="1073741824" percent="16">
    <mem type="nursery" free="105743936" total="268435456" percent="39">
      <mem type="allocate" free="105743936" total="182910976" percent="57" />
      <mem type="survivor" free="0" total="85524480" percent="0" />
    </mem>
    <mem type="tenure" free="68563312" total="805306368" percent="8" macro-fragmented="57512708">
      <mem type="soa" free="60509552" total="797252608" percent="7" />
      <mem type="loa" free="8053760" total="8053760" percent="100" />
    </mem>
    <pending-finalizers system="2" default="0" reference="0" classloader="0" />
    <remembered-set count="106" />
  </mem-info>
</gc-end>
<cycle-end id="3970" type="scavenge" contextid="3964" timestamp="2022-02-08T16:49:05.035" />
<allocation-satisfied id="3971" threadId="0000000000016F00" bytesRequested="104" />
<af-end id="3972" timestamp="2022-02-08T16:49:05.035" threadId="0000000000017908" success="true" from="nursery"/>
<exclusive-end id="3973" timestamp="2022-02-08T16:49:05.035" durationms="85.677" />

<concurrent-end id="3974" type="global mark" contextid="3959" timestamp="2022-02-08T16:49:05.108">
<gc-op id="3975" type="trace" timems="343.942" contextid="3959" timestamp="2022-02-08T16:49:05.108">
  <trace bytesTraced="74441000" workStackOverflowCount="0" />
  <card-cleaning reason="card cleaning threshold reached" bytesTraced="188" cardsCleaned="1" />
</gc-op>
</concurrent-end>

<exclusive-start id="3976" timestamp="2022-02-08T16:49:05.108" intervalms="158.741">
  <response-info timems="0.018" idlems="0.018" threads="0" lastid="0000000000016F00" lastname="main" />
</exclusive-start>
<concurrent-global-final id="3977" timestamp="2022-02-08T16:49:05.108" contextid="3959" intervalms="2962.472" >
  <concurrent-trace-info reason="card cleaning threshold reached" tracedByMutators="43550844" tracedByHelpers="30890344" cardsCleaned="1" workStackOverflowCount="0" />
</concurrent-global-final>
<gc-start id="3978" type="global" contextid="3959" timestamp="2022-02-08T16:49:05.109">
  <mem-info id="3979" free="167520072" total="1073741824" percent="15">
    <mem type="nursery" free="98956760" total="268435456" percent="36">
      <mem type="allocate" free="98956760" total="182910976" percent="54" />
      <mem type="survivor" free="0" total="85524480" percent="0" />
    </mem>
    <mem type="tenure" free="68563312" total="805306368" percent="8">
      <mem type="soa" free="60509552" total="797252608" percent="7" />
      <mem type="loa" free="8053760" total="8053760" percent="100" />
    </mem>
    <remembered-set count="106" />
  </mem-info>
</gc-start>
<allocation-stats totalBytes="6783904" >
  <allocated-bytes non-tlh="104" tlh="6783800" />
  <largest-consumer threadName="main" threadId="0000000000016F00" bytes="6779808" />
</allocation-stats>
<gc-op id="3980" type="rs-scan" timems="0.506" contextid="3959" timestamp="2022-02-08T16:49:05.109">
  <scan objectsFound="29" bytesTraced="5484" workStackOverflowCount="0" />
</gc-op>
<gc-op id="3981" type="card-cleaning" timems="168.227" contextid="3959" timestamp="2022-02-08T16:49:05.277">
  <card-cleaning cardsCleaned="9" bytesTraced="71017300" workStackOverflowCount="0" />
</gc-op>
<gc-op id="3982" type="mark" timems="51.655" contextid="3959" timestamp="2022-02-08T16:49:05.329">
  <trace-info objectcount="1534271" scancount="1152229" scanbytes="24648640" />
  <finalization candidates="428" enqueued="57" />
  <ownableSynchronizers candidates="1" cleared="0" />
  <references type="soft" candidates="894" cleared="0" enqueued="0" dynamicThreshold="11" maxThreshold="32" />
  <references type="weak" candidates="1701" cleared="0" enqueued="0" />
  <references type="phantom" candidates="52" cleared="2" enqueued="2" />
  <stringconstants candidates="6470" cleared="0"  />
  <object-monitors candidates="2" cleared="0"  />
</gc-op>
<gc-op id="3983" type="sweep" timems="4.902" contextid="3959" timestamp="2022-02-08T16:49:05.334" />
<gc-end id="3984" type="global" contextid="3959" durationms="225.495" usertimems="282.984" systemtimems="0.000" stalltimems="110.990" timestamp="2022-02-08T16:49:05.334" activeThreads="4">
  <mem-info id="3985" free="410702480" total="1073741824" percent="38">
    <mem type="nursery" free="99281992" total="268435456" percent="36">
      <mem type="allocate" free="99281992" total="182910976" percent="54" />
      <mem type="survivor" free="0" total="85524480" percent="0" />
    </mem>
    <mem type="tenure" free="311420488" total="805306368" percent="38" micro-fragmented="208787" macro-fragmented="0">
      <mem type="soa" free="303366728" total="797252608" percent="38" />
      <mem type="loa" free="8053760" total="8053760" percent="100" />
    </mem>
    <pending-finalizers system="57" default="0" reference="2" classloader="0" />
    <remembered-set count="106" />
  </mem-info>
</gc-end>
<cycle-end id="3986" type="global" contextid="3959" timestamp="2022-02-08T16:49:05.334" />
<exclusive-end id="3987" timestamp="2022-02-08T16:49:05.334" durationms="225.941" />

<exclusive-start id="3988" timestamp="2022-02-08T16:49:05.999" intervalms="890.523">
  <response-info timems="0.020" idlems="0.020" threads="0" lastid="0000000000016F00" lastname="main" />
</exclusive-start>
<af-start id="3989" threadId="0000000000017908" totalBytesRequested="96" timestamp="2022-02-08T16:49:05.999" intervalms="1049.262" type="nursery" />
<cycle-start id="3990" type="scavenge" contextid="0" timestamp="2022-02-08T16:49:05.999" intervalms="1049.263" />
<gc-start id="3991" type="scavenge" contextid="3990" timestamp="2022-02-08T16:49:05.999">
  <mem-info id="3992" free="311420488" total="1073741824" percent="29">
    <mem type="nursery" free="0" total="268435456" percent="0">
      <mem type="allocate" free="0" total="182910976" percent="0" />
      <mem type="survivor" free="0" total="85524480" percent="0" />
    </mem>
    <mem type="tenure" free="311420488" total="805306368" percent="38">
      <mem type="soa" free="303366728" total="797252608" percent="38" />
      <mem type="loa" free="8053760" total="8053760" percent="100" />
    </mem>
    <remembered-set count="109" />
  </mem-info>
</gc-start>
<allocation-stats totalBytes="99235624" >
  <allocated-bytes non-tlh="0" tlh="99235624" />
  <largest-consumer threadName="main" threadId="0000000000016F00" bytes="99231520" />
</allocation-stats>
<gc-op id="3993" type="scavenge" timems="81.826" contextid="3990" timestamp="2022-02-08T16:49:06.081">
  <scavenger-info tenureage="1" tenuremask="7ffe" tiltratio="68" />
  <memory-copied type="nursery" objects="1331678" bytes="75299560" bytesdiscarded="266728" />
  <memory-copied type="tenure" objects="1387479" bytes="76939328" bytesdiscarded="47880" />
  <finalization candidates="16" enqueued="0" />
  <ownableSynchronizers candidates="2" cleared="2" />
  <object-monitors candidates="2" cleared="0"  />
</gc-op>
<gc-end id="3994" type="scavenge" contextid="3990" durationms="82.005" usertimems="319.093" systemtimems="0.697" stalltimems="2.787" timestamp="2022-02-08T16:49:06.081" activeThreads="4">
  <mem-info id="3995" free="342022992" total="1073741824" percent="31">
    <mem type="nursery" free="107803440" total="268435456" percent="40">
      <mem type="allocate" free="107803440" total="183369728" percent="58" />
      <mem type="survivor" free="0" total="85065728" percent="0" />
    </mem>
    <mem type="tenure" free="234219552" total="805306368" percent="29" macro-fragmented="0">
      <mem type="soa" free="226165792" total="797252608" percent="28" />
      <mem type="loa" free="8053760" total="8053760" percent="100" />
    </mem>
    <remembered-set count="105" />
  </mem-info>
</gc-end>
<cycle-end id="3996" type="scavenge" contextid="3990" timestamp="2022-02-08T16:49:06.081" />
<allocation-satisfied id="3997" threadId="0000000000016F00" bytesRequested="96" />
<af-end id="3998" timestamp="2022-02-08T16:49:06.081" threadId="0000000000017908" success="true" from="nursery"/>
<exclusive-end id="3999" timestamp="2022-02-08T16:49:06.081" durationms="82.289" />

<exclusive-start id="4000" timestamp="2022-02-08T16:49:06.779" intervalms="780.226">
  <response-info timems="0.018" idlems="0.018" threads="0" lastid="0000000000016F00" lastname="main" />
</exclusive-start>
<af-start id="4001" threadId="0000000000017908" totalBytesRequested="200" timestamp="2022-02-08T16:49:06.779" intervalms="780.226" type="nursery" />
<cycle-start id="4002" type="scavenge" contextid="0" timestamp="2022-02-08T16:49:06.779" intervalms="780.229" />
<gc-start id="4003" type="scavenge" contextid="4002" timestamp="2022-02-08T16:49:06.779">
  <mem-info id="4004" free="234219552" total="1073741824" percent="21">
    <mem type="nursery" free="0" total="268435456" percent="0">
      <mem type="allocate" free="0" total="183369728" percent="0" />
      <mem type="survivor" free="0" total="85065728" percent="0" />
    </mem>
    <mem type="tenure" free="234219552" total="805306368" percent="29">
      <mem type="soa" free="226165792" total="797252608" percent="28" />
      <mem type="loa" free="8053760" total="8053760" percent="100" />
    </mem>
    <remembered-set count="105" />
  </mem-info>
</gc-start>
<allocation-stats totalBytes="107753304" >
  <allocated-bytes non-tlh="96" tlh="107753208" />
  <largest-consumer threadName="main" threadId="0000000000016F00" bytes="107753304" />
</allocation-stats>
<gc-op id="4005" type="scavenge" timems="89.538" contextid="4002" timestamp="2022-02-08T16:49:06.869">
  <scavenger-info tenureage="1" tenuremask="7ffe" tiltratio="68" />
  <memory-copied type="nursery" objects="1336541" bytes="76586240" bytesdiscarded="100016" />
  <memory-copied type="tenure" objects="1331678" bytes="75299560" bytesdiscarded="38368" />
  <object-monitors candidates="2" cleared="0"  />
</gc-op>
<gc-end id="4006" type="scavenge" contextid="4002" durationms="89.732" usertimems="354.314" systemtimems="0.000" stalltimems="2.458" timestamp="2022-02-08T16:49:06.869" activeThreads="4">
  <mem-info id="4007" free="266194712" total="1073741824" percent="24">
    <mem type="nursery" free="107404368" total="268435456" percent="40">
      <mem type="allocate" free="107404368" total="184090624" percent="58" />
      <mem type="survivor" free="0" total="84344832" percent="0" />
    </mem>
    <mem type="tenure" free="158790344" total="805306368" percent="19" macro-fragmented="418667">
      <mem type="soa" free="150736584" total="797252608" percent="18" />
      <mem type="loa" free="8053760" total="8053760" percent="100" />
    </mem>
    <remembered-set count="105" />
  </mem-info>
</gc-end>
<cycle-end id="4008" type="scavenge" contextid="4002" timestamp="2022-02-08T16:49:06.869" />
<allocation-satisfied id="4009" threadId="0000000000016F00" bytesRequested="200" />
<af-end id="4010" timestamp="2022-02-08T16:49:06.869" threadId="0000000000017908" success="true" from="nursery"/>
<exclusive-end id="4011" timestamp="2022-02-08T16:49:06.869" durationms="90.069" />

<concurrent-kickoff id="4012" timestamp="2022-02-08T16:49:07.743">
  <kickoff reason="threshold reached" targetBytes="74440915" thresholdFreeBytes="6163029"  remainingFree="6151248" tenureFreeBytes="158790344" nurseryFreeBytes="6151248" />
</concurrent-kickoff>
<exclusive-start id="4013" timestamp="2022-02-08T16:49:07.746" intervalms="966.559">
  <response-info timems="0.021" idlems="0.021" threads="0" lastid="0000000000016F00" lastname="main" />
</exclusive-start>
<cycle-start id="4014" type="global" contextid="0" timestamp="2022-02-08T16:49:07.746" intervalms="2981.326" />
<concurrent-start id="4015" type="global mark" contextid="4014" timestamp="2022-02-08T16:49:07.746">
</concurrent-start>
<exclusive-end id="4016" timestamp="2022-02-08T16:49:07.746" durationms="0.029" />

<exclusive-start id="4017" timestamp="2022-02-08T16:49:07.879" intervalms="133.332">
  <response-info timems="0.033" idlems="0.033" threads="0" lastid="0000000000016F00" lastname="main" />
</exclusive-start>
<af-start id="4018" threadId="0000000000017908" totalBytesRequested="184" timestamp="2022-02-08T16:49:07.879" intervalms="1099.896" type="nursery" />
<cycle-start id="4019" type="scavenge" contextid="0" timestamp="2022-02-08T16:49:07.879" intervalms="1099.893" />
<gc-start id="4020" type="scavenge" contextid="4019" timestamp="2022-02-08T16:49:07.879">
  <mem-info id="4021" free="158790344" total="1073741824" percent="14">
    <mem type="nursery" free="0" total="268435456" percent="0">
      <mem type="allocate" free="0" total="184090624" percent="0" />
      <mem type="survivor" free="0" total="84344832" percent="0" />
    </mem>
    <mem type="tenure" free="158790344" total="805306368" percent="19">
      <mem type="soa" free="150736584" total="797252608" percent="18" />
      <mem type="loa" free="8053760" total="8053760" percent="100" />
    </mem>
    <remembered-set count="136" />
  </mem-info>
</gc-start>
<allocation-stats totalBytes="107358120" >
  <allocated-bytes non-tlh="2938448" tlh="104419672" />
  <largest-consumer threadName="main" threadId="0000000000016F00" bytes="107358120" />
</allocation-stats>
<gc-op id="4022" type="scavenge" timems="88.379" contextid="4019" timestamp="2022-02-08T16:49:07.968">
  <scavenger-info tenureage="1" tenuremask="7ffe" tiltratio="68" />
  <memory-copied type="nursery" objects="1450181" bytes="75508568" bytesdiscarded="161752" />
  <memory-copied type="tenure" objects="1336540" bytes="76586128" bytesdiscarded="40200" />
  <finalization candidates="110" enqueued="53" />
  <references type="soft" candidates="14" cleared="0" enqueued="0" dynamicThreshold="12" maxThreshold="32" />
  <references type="weak" candidates="1" cleared="0" enqueued="0" />
  <references type="phantom" candidates="95" cleared="7" enqueued="7" />
  <object-monitors candidates="2" cleared="0"  />
</gc-op>
<gc-end id="4023" type="scavenge" contextid="4019" durationms="88.550" usertimems="349.042" systemtimems="0.000" stalltimems="3.587" timestamp="2022-02-08T16:49:07.968" activeThreads="4">
  <mem-info id="4024" free="191104848" total="1073741824" percent="17">
    <mem type="nursery" free="108747856" total="268435456" percent="40">
      <mem type="allocate" free="108747856" total="184418304" percent="58" />
      <mem type="survivor" free="0" total="84017152" percent="0" />
    </mem>
    <mem type="tenure" free="82356992" total="805306368" percent="10" macro-fragmented="33282812">
      <mem type="soa" free="74303232" total="797252608" percent="9" />
      <mem type="loa" free="8053760" total="8053760" percent="100" />
    </mem>
    <pending-finalizers system="52" default="1" reference="7" classloader="0" />
    <remembered-set count="130" />
  </mem-info>
</gc-end>
<cycle-end id="4025" type="scavenge" contextid="4019" timestamp="2022-02-08T16:49:07.968" />
<allocation-satisfied id="4026" threadId="0000000000016F00" bytesRequested="184" />
<af-end id="4027" timestamp="2022-02-08T16:49:07.968" threadId="0000000000017908" success="true" from="nursery"/>
<exclusive-end id="4028" timestamp="2022-02-08T16:49:07.968" durationms="88.871" />

<concurrent-end id="4029" type="global mark" contextid="4014" timestamp="2022-02-08T16:49:08.069">
<gc-op id="4030" type="trace" timems="323.651" contextid="4014" timestamp="2022-02-08T16:49:08.069">
  <trace bytesTraced="74443224" workStackOverflowCount="0" />
  <card-cleaning reason="card cleaning threshold reached" bytesTraced="2488" cardsCleaned="2" />
</gc-op>
</concurrent-end>

<exclusive-start id="4031" timestamp="2022-02-08T16:49:08.069" intervalms="190.396">
  <response-info timems="0.021" idlems="0.021" threads="0" lastid="0000000000016F00" lastname="main" />
</exclusive-start>
<concurrent-global-final id="4032" timestamp="2022-02-08T16:49:08.069" contextid="4014" intervalms="2961.023" >
  <concurrent-trace-info reason="card cleaning threshold reached" tracedByMutators="54184648" tracedByHelpers="20261064" cardsCleaned="2" workStackOverflowCount="0" />
</concurrent-global-final>
<gc-start id="4033" type="global" contextid="4014" timestamp="2022-02-08T16:49:08.069">
  <mem-info id="4034" free="184575640" total="1073741824" percent="17">
    <mem type="nursery" free="102218648" total="268435456" percent="38">
      <mem type="allocate" free="102218648" total="184418304" percent="55" />
      <mem type="survivor" free="0" total="84017152" percent="0" />
    </mem>
    <mem type="tenure" free="82356992" total="805306368" percent="10">
      <mem type="soa" free="74303232" total="797252608" percent="9" />
      <mem type="loa" free="8053760" total="8053760" percent="100" />
    </mem>
    <remembered-set count="131" />
  </mem-info>
</gc-start>
<allocation-stats totalBytes="6526304" >
  <allocated-bytes non-tlh="184" tlh="6526120" />
  <largest-consumer threadName="main" threadId="0000000000016F00" bytes="6518112" />
</allocation-stats>
<gc-op id="4035" type="rs-scan" timems="136.248" contextid="4014" timestamp="2022-02-08T16:49:08.206">
  <scan objectsFound="3324743" bytesTraced="71015736" workStackOverflowCount="0" />
</gc-op>
<gc-op id="4036" type="card-cleaning" timems="0.862" contextid="4014" timestamp="2022-02-08T16:49:08.207">
  <card-cleaning cardsCleaned="4" bytesTraced="5940" workStackOverflowCount="0" />
</gc-op>
<gc-op id="4037" type="mark" timems="34.726" contextid="4014" timestamp="2022-02-08T16:49:08.241">
  <trace-info objectcount="1221393" scancount="917571" scanbytes="19642568" />
  <finalization candidates="428" enqueued="57" />
  <ownableSynchronizers candidates="1" cleared="0" />
  <references type="soft" candidates="894" cleared="0" enqueued="0" dynamicThreshold="12" maxThreshold="32" />
  <references type="weak" candidates="1701" cleared="0" enqueued="0" />
  <references type="phantom" candidates="52" cleared="2" enqueued="2" />
  <stringconstants candidates="6470" cleared="0"  />
  <object-monitors candidates="2" cleared="0"  />
</gc-op>
<gc-op id="4038" type="sweep" timems="6.158" contextid="4014" timestamp="2022-02-08T16:49:08.248" />
<gc-end id="4039" type="global" contextid="4014" durationms="178.463" usertimems="190.009" systemtimems="5.347" stalltimems="104.070" timestamp="2022-02-08T16:49:08.248" activeThreads="4">
  <mem-info id="4040" free="428152416" total="1073741824" percent="39">
    <mem type="nursery" free="102951456" total="268435456" percent="38">
      <mem type="allocate" free="102951456" total="184418304" percent="55" />
      <mem type="survivor" free="0" total="84017152" percent="0" />
    </mem>
    <mem type="tenure" free="325200960" total="805306368" percent="40" micro-fragmented="224209" macro-fragmented="0">
      <mem type="soa" free="317147200" total="797252608" percent="39" />
      <mem type="loa" free="8053760" total="8053760" percent="100" />
    </mem>
    <pending-finalizers system="57" default="0" reference="2" classloader="0" />
    <remembered-set count="113" />
  </mem-info>
</gc-end>
<cycle-end id="4041" type="global" contextid="4014" timestamp="2022-02-08T16:49:08.248" />
<exclusive-end id="4042" timestamp="2022-02-08T16:49:08.248" durationms="178.717" />

<exclusive-start id="4043" timestamp="2022-02-08T16:49:08.981" intervalms="911.379">
  <response-info timems="0.021" idlems="0.021" threads="0" lastid="0000000000016F00" lastname="main" />
</exclusive-start>
<af-start id="4044" threadId="0000000000017908" totalBytesRequested="24" timestamp="2022-02-08T16:49:08.981" intervalms="1101.787" type="nursery" />
<cycle-start id="4045" type="scavenge" contextid="0" timestamp="2022-02-08T16:49:08.981" intervalms="1101.793" />
<gc-start id="4046" type="scavenge" contextid="4045" timestamp="2022-02-08T16:49:08.981">
  <mem-info id="4047" free="325200960" total="1073741824" percent="30">
    <mem type="nursery" free="0" total="268435456" percent="0">
      <mem type="allocate" free="0" total="184418304" percent="0" />
      <mem type="survivor" free="0" total="84017152" percent="0" />
    </mem>
    <mem type="tenure" free="325200960" total="805306368" percent="40">
      <mem type="soa" free="317147200" total="797252608" percent="39" />
      <mem type="loa" free="8053760" total="8053760" percent="100" />
    </mem>
    <remembered-set count="114" />
  </mem-info>
</gc-start>
<allocation-stats totalBytes="102905080" >
  <allocated-bytes non-tlh="0" tlh="102905080" />
  <largest-consumer threadName="main" threadId="0000000000016F00" bytes="102895416" />
</allocation-stats>
<gc-op id="4048" type="scavenge" timems="83.446" contextid="4045" timestamp="2022-02-08T16:49:09.064">
  <scavenger-info tenureage="1" tenuremask="7ffe" tiltratio="68" />
  <memory-copied type="nursery" objects="1412660" bytes="77854744" bytesdiscarded="396120" />
  <memory-copied type="tenure" objects="1449465" bytes="75040528" bytesdiscarded="38824" />
  <finalization candidates="57" enqueued="0" />
  <ownableSynchronizers candidates="2" cleared="2" />
  <object-monitors candidates="2" cleared="0"  />
</gc-op>
<gc-end id="4049" type="scavenge" contextid="4045" durationms="83.657" usertimems="325.480" systemtimems="0.000" stalltimems="2.899" timestamp="2022-02-08T16:49:09.065" activeThreads="4">
  <mem-info id="4050" free="353986512" total="1073741824" percent="32">
    <mem type="nursery" free="104070288" total="268435456" percent="38">
      <mem type="allocate" free="104070288" total="182321152" percent="57" />
      <mem type="survivor" free="0" total="86114304" percent="0" />
    </mem>
    <mem type="tenure" free="249916224" total="805306368" percent="31" macro-fragmented="201903">
      <mem type="soa" free="241862464" total="797252608" percent="30" />
      <mem type="loa" free="8053760" total="8053760" percent="100" />
    </mem>
    <remembered-set count="104" />
  </mem-info>
</gc-end>
<cycle-end id="4051" type="scavenge" contextid="4045" timestamp="2022-02-08T16:49:09.065" />
<allocation-satisfied id="4052" threadId="0000000000016F00" bytesRequested="24" />
<af-end id="4053" timestamp="2022-02-08T16:49:09.065" threadId="0000000000017908" success="true" from="nursery"/>
<exclusive-end id="4054" timestamp="2022-02-08T16:49:09.065" durationms="83.938" />

<exclusive-start id="4055" timestamp="2022-02-08T16:49:09.709" intervalms="728.034">
  <response-info timems="0.023" idlems="0.023" threads="0" lastid="0000000000016F00" lastname="main" />
</exclusive-start>
<af-start id="4056" threadId="0000000000017908" totalBytesRequested="112" timestamp="2022-02-08T16:49:09.709" intervalms="728.018" type="nursery" />
<cycle-start id="4057" type="scavenge" contextid="0" timestamp="2022-02-08T16:49:09.709" intervalms="728.012" />
<gc-start id="4058" type="scavenge" contextid="4057" timestamp="2022-02-08T16:49:09.709">
  <mem-info id="4059" free="249916224" total="1073741824" percent="23">
    <mem type="nursery" free="0" total="268435456" percent="0">
      <mem type="allocate" free="0" total="182321152" percent="0" />
      <mem type="survivor" free="0" total="86114304" percent="0" />
    </mem>
    <mem type="tenure" free="249916224" total="805306368" percent="31">
      <mem type="soa" free="241862464" total="797252608" percent="30" />
      <mem type="loa" free="8053760" total="8053760" percent="100" />
    </mem>
    <remembered-set count="104" />
  </mem-info>
</gc-start>
<allocation-stats totalBytes="104022760" >
  <allocated-bytes non-tlh="24" tlh="104022736" />
  <largest-consumer threadName="main" threadId="0000000000016F00" bytes="104022760" />
</allocation-stats>
<gc-op id="4060" type="scavenge" timems="79.185" contextid="4057" timestamp="2022-02-08T16:49:09.788">
  <scavenger-info tenureage="1" tenuremask="7ffe" tiltratio="67" />
  <memory-copied type="nursery" objects="1300334" bytes="73961056" bytesdiscarded="209048" />
  <memory-copied type="tenure" objects="1412660" bytes="77854744" bytesdiscarded="41504" />
  <object-monitors candidates="2" cleared="0"  />
</gc-op>
<gc-end id="4061" type="scavenge" contextid="4057" durationms="79.497" usertimems="309.163" systemtimems="3.196" stalltimems="3.504" timestamp="2022-02-08T16:49:09.788" activeThreads="4">
  <mem-info id="4062" free="280653080" total="1073741824" percent="26">
    <mem type="nursery" free="108544264" total="268435456" percent="40">
      <mem type="allocate" free="108544264" total="182714368" percent="59" />
      <mem type="survivor" free="0" total="85721088" percent="0" />
    </mem>
    <mem type="tenure" free="172108816" total="805306368" percent="21" macro-fragmented="0">
      <mem type="soa" free="164055056" total="797252608" percent="20" />
      <mem type="loa" free="8053760" total="8053760" percent="100" />
    </mem>
    <remembered-set count="103" />
  </mem-info>
</gc-end>
<cycle-end id="4063" type="scavenge" contextid="4057" timestamp="2022-02-08T16:49:09.789" />
<allocation-satisfied id="4064" threadId="0000000000016F00" bytesRequested="112" />
<af-end id="4065" timestamp="2022-02-08T16:49:09.789" threadId="0000000000017908" success="true" from="nursery"/>
<exclusive-end id="4066" timestamp="2022-02-08T16:49:09.789" durationms="79.774" />

<exclusive-start id="4067" timestamp="2022-02-08T16:49:10.729" intervalms="1020.249">
  <response-info timems="0.038" idlems="0.038" threads="0" lastid="0000000000016F00" lastname="main" />
</exclusive-start>
<af-start id="4068" threadId="0000000000017908" totalBytesRequested="112" timestamp="2022-02-08T16:49:10.729" intervalms="1020.251" type="nursery" />
<cycle-start id="4069" type="scavenge" contextid="0" timestamp="2022-02-08T16:49:10.729" intervalms="1020.261" />
<gc-start id="4070" type="scavenge" contextid="4069" timestamp="2022-02-08T16:49:10.729">
  <mem-info id="4071" free="172108816" total="1073741824" percent="16">
    <mem type="nursery" free="0" total="268435456" percent="0">
      <mem type="allocate" free="0" total="182714368" percent="0" />
      <mem type="survivor" free="0" total="85721088" percent="0" />
    </mem>
    <mem type="tenure" free="172108816" total="805306368" percent="21">
      <mem type="soa" free="164055056" total="797252608" percent="20" />
      <mem type="loa" free="8053760" total="8053760" percent="100" />
    </mem>
    <remembered-set count="134" />
  </mem-info>
</gc-start>
<allocation-stats totalBytes="108499904" >
  <allocated-bytes non-tlh="3008936" tlh="105490968" />
  <largest-consumer threadName="main" threadId="0000000000016F00" bytes="108499904" />
</allocation-stats>
<gc-op id="4072" type="scavenge" timems="86.602" contextid="4069" timestamp="2022-02-08T16:49:10.816">
  <scavenger-info tenureage="1" tenuremask="7ffe" tiltratio="68" />
  <memory-copied type="nursery" objects="1445480" bytes="76245160" bytesdiscarded="241064" />
  <memory-copied type="tenure" objects="1300334" bytes="73961056" bytesdiscarded="40272" />
  <finalization candidates="110" enqueued="53" />
  <references type="soft" candidates="14" cleared="0" enqueued="0" dynamicThreshold="12" maxThreshold="32" />
  <references type="weak" candidates="1" cleared="0" enqueued="0" />
  <references type="phantom" candidates="95" cleared="7" enqueued="7" />
  <object-monitors candidates="2" cleared="0"  />
</gc-op>
<gc-end id="4073" type="scavenge" contextid="4069" durationms="86.861" usertimems="333.952" systemtimems="3.286" stalltimems="5.423" timestamp="2022-02-08T16:49:10.816" activeThreads="4">
  <mem-info id="4074" free="204189696" total="1073741824" percent="19">
    <mem type="nursery" free="106424624" total="268435456" percent="39">
      <mem type="allocate" free="106424624" total="182910976" percent="58" />
      <mem type="survivor" free="0" total="85524480" percent="0" />
    </mem>
    <mem type="tenure" free="97765072" total="805306368" percent="12" macro-fragmented="290741">
      <mem type="soa" free="89711312" total="797252608" percent="11" />
      <mem type="loa" free="8053760" total="8053760" percent="100" />
    </mem>
    <pending-finalizers system="52" default="1" reference="7" classloader="0" />
    <remembered-set count="130" />
  </mem-info>
</gc-end>
<cycle-end id="4075" type="scavenge" contextid="4069" timestamp="2022-02-08T16:49:10.816" />
<allocation-satisfied id="4076" threadId="0000000000016F00" bytesRequested="112" />
<af-end id="4077" timestamp="2022-02-08T16:49:10.816" threadId="0000000000017908" success="true" from="nursery"/>
<exclusive-end id="4078" timestamp="2022-02-08T16:49:10.816" durationms="87.165" />

<concurrent-kickoff id="4079" timestamp="2022-02-08T16:49:11.553">
  <kickoff reason="threshold reached" targetBytes="74442074" thresholdFreeBytes="6163597"  remainingFree="6089008" tenureFreeBytes="97765072" nurseryFreeBytes="6089008" />
</concurrent-kickoff>
<exclusive-start id="4080" timestamp="2022-02-08T16:49:11.559" intervalms="830.277">
  <response-info timems="0.022" idlems="0.022" threads="0" lastid="0000000000016F00" lastname="main" />
</exclusive-start>
<cycle-start id="4081" type="global" contextid="0" timestamp="2022-02-08T16:49:11.559" intervalms="3813.675" />
<concurrent-start id="4082" type="global mark" contextid="4081" timestamp="2022-02-08T16:49:11.559">
</concurrent-start>
<exclusive-end id="4083" timestamp="2022-02-08T16:49:11.559" durationms="0.040" />

<exclusive-start id="4084" timestamp="2022-02-08T16:49:11.708" intervalms="148.772">
  <response-info timems="0.021" idlems="0.021" threads="0" lastid="0000000000016F00" lastname="main" />
</exclusive-start>
<af-start id="4085" threadId="0000000000017908" totalBytesRequested="24" timestamp="2022-02-08T16:49:11.708" intervalms="979.045" type="nursery" />
<cycle-start id="4086" type="scavenge" contextid="0" timestamp="2022-02-08T16:49:11.708" intervalms="979.045" />
<gc-start id="4087" type="scavenge" contextid="4086" timestamp="2022-02-08T16:49:11.708">
  <mem-info id="4088" free="97765072" total="1073741824" percent="9">
    <mem type="nursery" free="0" total="268435456" percent="0">
      <mem type="allocate" free="0" total="182910976" percent="0" />
      <mem type="survivor" free="0" total="85524480" percent="0" />
    </mem>
    <mem type="tenure" free="97765072" total="805306368" percent="12">
      <mem type="soa" free="89711312" total="797252608" percent="11" />
      <mem type="loa" free="8053760" total="8053760" percent="100" />
    </mem>
    <remembered-set count="131" />
  </mem-info>
</gc-start>
<allocation-stats totalBytes="106372464" >
  <allocated-bytes non-tlh="112" tlh="106372352" />
  <largest-consumer threadName="main" threadId="0000000000016F00" bytes="106364272" />
</allocation-stats>
<gc-op id="4089" type="scavenge" timems="85.837" contextid="4086" timestamp="2022-02-08T16:49:11.794">
  <scavenger-info tenureage="1" tenuremask="7ffe" tiltratio="68" />
  <memory-copied type="nursery" objects="1380073" bytes="75816584" bytesdiscarded="296416" />
  <memory-copied type="tenure" objects="1444769" bytes="75777304" bytesdiscarded="36800" />
  <finalization candidates="57" enqueued="0" />
  <object-monitors candidates="2" cleared="0"  />
</gc-op>
<gc-end id="4090" type="scavenge" contextid="4086" durationms="85.979" usertimems="335.874" systemtimems="4.209" stalltimems="2.404" timestamp="2022-02-08T16:49:11.794" activeThreads="4">
  <mem-info id="4091" free="129539496" total="1073741824" percent="12">
    <mem type="nursery" free="107387800" total="268435456" percent="40">
      <mem type="allocate" free="107387800" total="183500800" percent="58" />
      <mem type="survivor" free="0" total="84934656" percent="0" />
    </mem>
    <mem type="tenure" free="22151696" total="805306368" percent="2" macro-fragmented="21116129">
      <mem type="soa" free="14097936" total="797252608" percent="1" />
      <mem type="loa" free="8053760" total="8053760" percent="100" />
    </mem>
    <remembered-set count="103" />
  </mem-info>
</gc-end>
<cycle-end id="4092" type="scavenge" contextid="4086" timestamp="2022-02-08T16:49:11.794" />
<allocation-satisfied id="4093" threadId="0000000000016F00" bytesRequested="24" />
<af-end id="4094" timestamp="2022-02-08T16:49:11.794" threadId="0000000000017908" success="true" from="nursery"/>
<exclusive-end id="4095" timestamp="2022-02-08T16:49:11.794" durationms="86.311" />

<concurrent-end id="4096" type="global mark" contextid="4081" timestamp="2022-02-08T16:49:11.880">
<gc-op id="4097" type="trace" timems="320.966" contextid="4081" timestamp="2022-02-08T16:49:11.880">
  <trace bytesTraced="74441352" workStackOverflowCount="0" />
  <card-cleaning reason="card cleaning threshold reached" bytesTraced="188" cardsCleaned="1" />
</gc-op>
</concurrent-end>

<exclusive-start id="4098" timestamp="2022-02-08T16:49:11.880" intervalms="172.288">
  <response-info timems="0.021" idlems="0.021" threads="0" lastid="0000000000016F00" lastname="main" />
</exclusive-start>
<concurrent-global-final id="4099" timestamp="2022-02-08T16:49:11.880" contextid="4081" intervalms="3810.997" >
  <concurrent-trace-info reason="card cleaning threshold reached" tracedByMutators="52239060" tracedByHelpers="22202480" cardsCleaned="1" workStackOverflowCount="0" />
</concurrent-global-final>
<gc-start id="4100" type="global" contextid="4081" timestamp="2022-02-08T16:49:11.880">
  <mem-info id="4101" free="123805072" total="1073741824" percent="11">
    <mem type="nursery" free="101653376" total="268435456" percent="37">
      <mem type="allocate" free="101653376" total="183500800" percent="55" />
      <mem type="survivor" free="0" total="84934656" percent="0" />
    </mem>
    <mem type="tenure" free="22151696" total="805306368" percent="2">
      <mem type="soa" free="14097936" total="797252608" percent="1" />
      <mem type="loa" free="8053760" total="8053760" percent="100" />
    </mem>
    <remembered-set count="103" />
  </mem-info>
</gc-start>
<allocation-stats totalBytes="5731424" >
  <allocated-bytes non-tlh="24" tlh="5731400" />
  <largest-consumer threadName="main" threadId="0000000000016F00" bytes="5731424" />
</allocation-stats>
<gc-op id="4102" type="rs-scan" timems="0.522" contextid="4081" timestamp="2022-02-08T16:49:11.881">
  <scan objectsFound="0" bytesTraced="3988" workStackOverflowCount="0" />
</gc-op>
<gc-op id="4103" type="card-cleaning" timems="152.127" contextid="4081" timestamp="2022-02-08T16:49:12.033">
  <card-cleaning cardsCleaned="11" bytesTraced="71019156" workStackOverflowCount="0" />
</gc-op>
<gc-op id="4104" type="mark" timems="65.926" contextid="4081" timestamp="2022-02-08T16:49:12.099">
  <trace-info objectcount="2314331" scancount="1737276" scanbytes="37129576" />
  <finalization candidates="428" enqueued="57" />
  <ownableSynchronizers candidates="1" cleared="0" />
  <references type="soft" candidates="894" cleared="0" enqueued="0" dynamicThreshold="12" maxThreshold="32" />
  <references type="weak" candidates="1701" cleared="0" enqueued="0" />
  <references type="phantom" candidates="52" cleared="2" enqueued="2" />
  <stringconstants candidates="6470" cleared="0"  />
  <object-monitors candidates="2" cleared="0"  />
</gc-op>
<gc-op id="4105" type="sweep" timems="5.041" contextid="4081" timestamp="2022-02-08T16:49:12.104" />
<gc-end id="4106" type="global" contextid="4081" durationms="223.838" usertimems="239.472" systemtimems="0.000" stalltimems="197.109" timestamp="2022-02-08T16:49:12.104" activeThreads="4">
  <mem-info id="4107" free="367193344" total="1073741824" percent="34">
    <mem type="nursery" free="102043496" total="268435456" percent="38">
      <mem type="allocate" free="102043496" total="183500800" percent="55" />
      <mem type="survivor" free="0" total="84934656" percent="0" />
    </mem>
    <mem type="tenure" free="265149848" total="805306368" percent="32" micro-fragmented="212415" macro-fragmented="0">
      <mem type="soa" free="257096088" total="797252608" percent="32" />
      <mem type="loa" free="8053760" total="8053760" percent="100" />
    </mem>
    <pending-finalizers system="57" default="0" reference="2" classloader="0" />
    <remembered-set count="103" />
  </mem-info>
</gc-end>
<cycle-end id="4108" type="global" contextid="4081" timestamp="2022-02-08T16:49:12.104" />
<exclusive-end id="4109" timestamp="2022-02-08T16:49:12.104" durationms="224.039" />

<exclusive-start id="4110" timestamp="2022-02-08T16:49:12.760" intervalms="879.436">
  <response-info timems="0.022" idlems="0.022" threads="0" lastid="0000000000016F00" lastname="main" />
</exclusive-start>
<af-start id="4111" threadId="0000000000017908" totalBytesRequested="184" timestamp="2022-02-08T16:49:12.760" intervalms="1051.725" type="nursery" />
<cycle-start id="4112" type="scavenge" contextid="0" timestamp="2022-02-08T16:49:12.760" intervalms="1051.715" />
<gc-start id="4113" type="scavenge" contextid="4112" timestamp="2022-02-08T16:49:12.760">
  <mem-info id="4114" free="265149848" total="1073741824" percent="24">
    <mem type="nursery" free="0" total="268435456" percent="0">
      <mem type="allocate" free="0" total="183500800" percent="0" />
      <mem type="survivor" free="0" total="84934656" percent="0" />
    </mem>
    <mem type="tenure" free="265149848" total="805306368" percent="32">
      <mem type="soa" free="257096088" total="797252608" percent="32" />
      <mem type="loa" free="8053760" total="8053760" percent="100" />
    </mem>
    <remembered-set count="106" />
  </mem-info>
</gc-start>
<allocation-stats totalBytes="101998160" >
  <allocated-bytes non-tlh="0" tlh="101998160" />
  <largest-consumer threadName="main" threadId="0000000000016F00" bytes="101994064" />
</allocation-stats>
<gc-op id="4115" type="scavenge" timems="92.741" contextid="4112" timestamp="2022-02-08T16:49:12.853">
  <scavenger-info tenureage="1" tenuremask="7ffe" tiltratio="68" />
  <memory-copied type="nursery" objects="1345891" bytes="76472520" bytesdiscarded="120480" />
  <memory-copied type="tenure" objects="1380072" bytes="75816560" bytesdiscarded="44624" />
  <ownableSynchronizers candidates="2" cleared="2" />
  <object-monitors candidates="2" cleared="0"  />
</gc-op>
<gc-end id="4116" type="scavenge" contextid="4112" durationms="92.906" usertimems="366.706" systemtimems="0.000" stalltimems="3.148" timestamp="2022-02-08T16:49:12.853" activeThreads="4">
  <mem-info id="4117" free="296213448" total="1073741824" percent="27">
    <mem type="nursery" free="107235480" total="268435456" percent="39">
      <mem type="allocate" free="107235480" total="183828480" percent="58" />
      <mem type="survivor" free="0" total="84606976" percent="0" />
    </mem>
    <mem type="tenure" free="188977968" total="805306368" percent="23" macro-fragmented="0">
      <mem type="soa" free="180924208" total="797252608" percent="22" />
      <mem type="loa" free="8053760" total="8053760" percent="100" />
    </mem>
    <remembered-set count="105" />
  </mem-info>
</gc-end>
<cycle-end id="4118" type="scavenge" contextid="4112" timestamp="2022-02-08T16:49:12.853" />
<allocation-satisfied id="4119" threadId="0000000000016F00" bytesRequested="184" />
<af-end id="4120" timestamp="2022-02-08T16:49:12.853" threadId="0000000000017908" success="true" from="nursery"/>
<exclusive-end id="4121" timestamp="2022-02-08T16:49:12.853" durationms="93.221" />

<exclusive-start id="4122" timestamp="2022-02-08T16:49:13.758" intervalms="997.930">
  <response-info timems="0.027" idlems="0.027" threads="0" lastid="0000000000016F00" lastname="main" />
</exclusive-start>
<af-start id="4123" threadId="0000000000017908" totalBytesRequested="120" timestamp="2022-02-08T16:49:13.758" intervalms="997.934" type="nursery" />
<cycle-start id="4124" type="scavenge" contextid="0" timestamp="2022-02-08T16:49:13.758" intervalms="997.934" />
<gc-start id="4125" type="scavenge" contextid="4124" timestamp="2022-02-08T16:49:13.758">
  <mem-info id="4126" free="188977968" total="1073741824" percent="17">
    <mem type="nursery" free="0" total="268435456" percent="0">
      <mem type="allocate" free="0" total="183828480" percent="0" />
      <mem type="survivor" free="0" total="84606976" percent="0" />
    </mem>
    <mem type="tenure" free="188977968" total="805306368" percent="23">
      <mem type="soa" free="180924208" total="797252608" percent="22" />
      <mem type="loa" free="8053760" total="8053760" percent="100" />
    </mem>
    <remembered-set count="136" />
  </mem-info>
</gc-start>
<allocation-stats totalBytes="107184576" >
  <allocated-bytes non-tlh="1661328" tlh="105523248" />
  <largest-consumer threadName="main" threadId="0000000000016F00" bytes="107184576" />
</allocation-stats>
<gc-op id="4127" type="scavenge" timems="82.131" contextid="4124" timestamp="2022-02-08T16:49:13.840">
  <scavenger-info tenureage="1" tenuremask="7ffe" tiltratio="68" />
  <memory-copied type="nursery" objects="1453803" bytes="75436120" bytesdiscarded="178560" />
  <memory-copied type="tenure" objects="1345890" bytes="76472416" bytesdiscarded="39408" />
  <finalization candidates="109" enqueued="53" />
  <references type="soft" candidates="14" cleared="0" enqueued="0" dynamicThreshold="10" maxThreshold="32" />
  <references type="weak" candidates="1" cleared="0" enqueued="0" />
  <references type="phantom" candidates="94" cleared="7" enqueued="7" />
  <object-monitors candidates="2" cleared="0"  />
</gc-op>
<gc-end id="4128" type="scavenge" contextid="4124" durationms="82.298" usertimems="325.182" systemtimems="0.396" stalltimems="2.093" timestamp="2022-02-08T16:49:13.840" activeThreads="4">
  <mem-info id="4129" free="221069784" total="1073741824" percent="20">
    <mem type="nursery" free="108606888" total="268435456" percent="40">
      <mem type="allocate" free="108606888" total="184221696" percent="58" />
      <mem type="survivor" free="0" total="84213760" percent="0" />
    </mem>
    <mem type="tenure" free="112462896" total="805306368" percent="13" macro-fragmented="0">
      <mem type="soa" free="104409136" total="797252608" percent="13" />
      <mem type="loa" free="8053760" total="8053760" percent="100" />
    </mem>
    <pending-finalizers system="52" default="1" reference="7" classloader="0" />
    <remembered-set count="132" />
  </mem-info>
</gc-end>
<cycle-end id="4130" type="scavenge" contextid="4124" timestamp="2022-02-08T16:49:13.840" />
<allocation-satisfied id="4131" threadId="0000000000016F00" bytesRequested="120" />
<af-end id="4132" timestamp="2022-02-08T16:49:13.840" threadId="0000000000017908" success="true" from="nursery"/>
<exclusive-end id="4133" timestamp="2022-02-08T16:49:13.840" durationms="82.601" />

<concurrent-kickoff id="4134" timestamp="2022-02-08T16:49:14.558">
  <kickoff reason="threshold reached" targetBytes="74441875" thresholdFreeBytes="6156903"  remainingFree="6096080" tenureFreeBytes="112462896" nurseryFreeBytes="6096080" />
</concurrent-kickoff>
<exclusive-start id="4135" timestamp="2022-02-08T16:49:14.563" intervalms="805.200">
  <response-info timems="0.026" idlems="0.026" threads="0" lastid="0000000000016F00" lastname="main" />
</exclusive-start>
<cycle-start id="4136" type="global" contextid="0" timestamp="2022-02-08T16:49:14.563" intervalms="3003.622" />
<concurrent-start id="4137" type="global mark" contextid="4136" timestamp="2022-02-08T16:49:14.563">
</concurrent-start>
<exclusive-end id="4138" timestamp="2022-02-08T16:49:14.563" durationms="0.034" />

<exclusive-start id="4139" timestamp="2022-02-08T16:49:14.718" intervalms="155.070">
  <response-info timems="0.018" idlems="0.018" threads="0" lastid="0000000000016F00" lastname="main" />
</exclusive-start>
<af-start id="4140" threadId="0000000000017908" totalBytesRequested="24" timestamp="2022-02-08T16:49:14.718" intervalms="960.265" type="nursery" />
<cycle-start id="4141" type="scavenge" contextid="0" timestamp="2022-02-08T16:49:14.718" intervalms="960.263" />
<gc-start id="4142" type="scavenge" contextid="4141" timestamp="2022-02-08T16:49:14.718">
  <mem-info id="4143" free="112462896" total="1073741824" percent="10">
    <mem type="nursery" free="0" total="268435456" percent="0">
      <mem type="allocate" free="0" total="184221696" percent="0" />
      <mem type="survivor" free="0" total="84213760" percent="0" />
    </mem>
    <mem type="tenure" free="112462896" total="805306368" percent="13">
      <mem type="soa" free="104409136" total="797252608" percent="13" />
      <mem type="loa" free="8053760" total="8053760" percent="100" />
    </mem>
    <remembered-set count="133" />
  </mem-info>
</gc-start>
<allocation-stats totalBytes="108556792" >
  <allocated-bytes non-tlh="1347800" tlh="107208992" />
  <largest-consumer threadName="main" threadId="0000000000016F00" bytes="108548600" />
</allocation-stats>
<gc-op id="4144" type="scavenge" timems="88.452" contextid="4141" timestamp="2022-02-08T16:49:14.807">
  <scavenger-info tenureage="1" tenuremask="7ffe" tiltratio="68" />
  <memory-copied type="nursery" objects="1382287" bytes="77731352" bytesdiscarded="181400" />
  <memory-copied type="tenure" objects="1453084" bytes="74492952" bytesdiscarded="42752" />
  <finalization candidates="57" enqueued="0" />
  <references type="phantom" candidates="1" cleared="0" enqueued="0" />
  <object-monitors candidates="2" cleared="0"  />
</gc-op>
<gc-end id="4145" type="scavenge" contextid="4141" durationms="88.648" usertimems="345.859" systemtimems="0.000" stalltimems="3.471" timestamp="2022-02-08T16:49:14.807" activeThreads="4">
  <mem-info id="4146" free="142525624" total="1073741824" percent="13">
    <mem type="nursery" free="104539472" total="268435456" percent="38">
      <mem type="allocate" free="104539472" total="182452224" percent="57" />
      <mem type="survivor" free="0" total="85983232" percent="0" />
    </mem>
    <mem type="tenure" free="37986152" total="805306368" percent="4" macro-fragmented="0">
      <mem type="soa" free="29932392" total="797252608" percent="3" />
      <mem type="loa" free="8053760" total="8053760" percent="100" />
    </mem>
    <remembered-set count="102" />
  </mem-info>
</gc-end>
<cycle-end id="4147" type="scavenge" contextid="4141" timestamp="2022-02-08T16:49:14.807" />
<allocation-satisfied id="4148" threadId="0000000000016F00" bytesRequested="24" />
<af-end id="4149" timestamp="2022-02-08T16:49:14.807" threadId="0000000000017908" success="true" from="nursery"/>
<exclusive-end id="4150" timestamp="2022-02-08T16:49:14.807" durationms="88.945" />

<concurrent-end id="4151" type="global mark" contextid="4136" timestamp="2022-02-08T16:49:14.885">
<gc-op id="4152" type="trace" timems="322.291" contextid="4136" timestamp="2022-02-08T16:49:14.885">
  <trace bytesTraced="74443544" workStackOverflowCount="0" />
  <card-cleaning reason="card cleaning threshold reached" bytesTraced="2488" cardsCleaned="2" />
</gc-op>
</concurrent-end>

<exclusive-start id="4153" timestamp="2022-02-08T16:49:14.885" intervalms="167.300">
  <response-info timems="0.019" idlems="0.019" threads="0" lastid="0000000000016F00" lastname="main" />
</exclusive-start>
<concurrent-global-final id="4154" timestamp="2022-02-08T16:49:14.885" contextid="4136" intervalms="3004.935" >
  <concurrent-trace-info reason="card cleaning threshold reached" tracedByMutators="50239552" tracedByHelpers="24206480" cardsCleaned="2" workStackOverflowCount="0" />
</concurrent-global-final>
<gc-start id="4155" type="global" contextid="4136" timestamp="2022-02-08T16:49:14.885">
  <mem-info id="4156" free="137184416" total="1073741824" percent="12">
    <mem type="nursery" free="99198264" total="268435456" percent="36">
      <mem type="allocate" free="99198264" total="182452224" percent="54" />
      <mem type="survivor" free="0" total="85983232" percent="0" />
    </mem>
    <mem type="tenure" free="37986152" total="805306368" percent="4">
      <mem type="soa" free="29932392" total="797252608" percent="3" />
      <mem type="loa" free="8053760" total="8053760" percent="100" />
    </mem>
    <remembered-set count="102" />
  </mem-info>
</gc-start>
<allocation-stats totalBytes="5337960" >
  <allocated-bytes non-tlh="24" tlh="5337936" />
  <largest-consumer threadName="main" threadId="0000000000016F00" bytes="5337960" />
</allocation-stats>
<gc-op id="4157" type="rs-scan" timems="0.630" contextid="4136" timestamp="2022-02-08T16:49:14.886">
  <scan objectsFound="29" bytesTraced="5420" workStackOverflowCount="0" />
</gc-op>
<gc-op id="4158" type="card-cleaning" timems="155.778" contextid="4136" timestamp="2022-02-08T16:49:15.042">
  <card-cleaning cardsCleaned="9" bytesTraced="71017364" workStackOverflowCount="0" />
</gc-op>
<gc-op id="4159" type="mark" timems="70.655" contextid="4136" timestamp="2022-02-08T16:49:15.113">
  <trace-info objectcount="2056314" scancount="1543763" scanbytes="33001320" />
  <finalization candidates="428" enqueued="57" />
  <ownableSynchronizers candidates="1" cleared="0" />
  <references type="soft" candidates="894" cleared="0" enqueued="0" dynamicThreshold="10" maxThreshold="32" />
  <references type="weak" candidates="1701" cleared="0" enqueued="0" />
  <references type="phantom" candidates="52" cleared="2" enqueued="2" />
  <stringconstants candidates="6470" cleared="0"  />
  <object-monitors candidates="2" cleared="0"  />
</gc-op>
<gc-op id="4160" type="sweep" timems="4.905" contextid="4136" timestamp="2022-02-08T16:49:15.117" />
<gc-end id="4161" type="global" contextid="4136" durationms="232.189" usertimems="288.596" systemtimems="3.135" stalltimems="167.524" timestamp="2022-02-08T16:49:15.118" activeThreads="4">
  <mem-info id="4162" free="380443360" total="1073741824" percent="35">
    <mem type="nursery" free="99470528" total="268435456" percent="37">
      <mem type="allocate" free="99470528" total="182452224" percent="54" />
      <mem type="survivor" free="0" total="85983232" percent="0" />
    </mem>
    <mem type="tenure" free="280972832" total="805306368" percent="34" micro-fragmented="194291" macro-fragmented="0">
      <mem type="soa" free="272919072" total="797252608" percent="34" />
      <mem type="loa" free="8053760" total="8053760" percent="100" />
    </mem>
    <pending-finalizers system="57" default="0" reference="2" classloader="0" />
    <remembered-set count="102" />
  </mem-info>
</gc-end>
<cycle-end id="4163" type="global" contextid="4136" timestamp="2022-02-08T16:49:15.118" />
<exclusive-end id="4164" timestamp="2022-02-08T16:49:15.118" durationms="232.439" />

<exclusive-start id="4165" timestamp="2022-02-08T16:49:15.808" intervalms="922.236">
  <response-info timems="0.023" idlems="0.023" threads="0" lastid="0000000000016F00" lastname="main" />
</exclusive-start>
<af-start id="4166" threadId="0000000000017908" totalBytesRequested="16" timestamp="2022-02-08T16:49:15.808" intervalms="1089.543" type="nursery" />
<cycle-start id="4167" type="scavenge" contextid="0" timestamp="2022-02-08T16:49:15.808" intervalms="1089.546" />
<gc-start id="4168" type="scavenge" contextid="4167" timestamp="2022-02-08T16:49:15.808">
  <mem-info id="4169" free="280972832" total="1073741824" percent="26">
    <mem type="nursery" free="0" total="268435456" percent="0">
      <mem type="allocate" free="0" total="182452224" percent="0" />
      <mem type="survivor" free="0" total="85983232" percent="0" />
    </mem>
    <mem type="tenure" free="280972832" total="805306368" percent="34">
      <mem type="soa" free="272919072" total="797252608" percent="34" />
      <mem type="loa" free="8053760" total="8053760" percent="100" />
    </mem>
    <remembered-set count="105" />
  </mem-info>
</gc-start>
<allocation-stats totalBytes="99427320" >
  <allocated-bytes non-tlh="0" tlh="99427320" />
  <largest-consumer threadName="main" threadId="0000000000016F00" bytes="99423224" />
</allocation-stats>
<gc-op id="4170" type="scavenge" timems="87.450" contextid="4167" timestamp="2022-02-08T16:49:15.895">
  <scavenger-info tenureage="1" tenuremask="7ffe" tiltratio="67" />
  <memory-copied type="nursery" objects="1312891" bytes="74391088" bytesdiscarded="282848" />
  <memory-copied type="tenure" objects="1382287" bytes="77731352" bytesdiscarded="41632" />
  <finalization candidates="1" enqueued="0" />
  <ownableSynchronizers candidates="2" cleared="2" />
  <object-monitors candidates="2" cleared="0"  />
</gc-op>
<gc-end id="4171" type="scavenge" contextid="4167" durationms="87.925" usertimems="345.312" systemtimems="0.000" stalltimems="3.536" timestamp="2022-02-08T16:49:15.896" activeThreads="4">
  <mem-info id="4172" free="311214704" total="1073741824" percent="28">
    <mem type="nursery" free="108171504" total="268435456" percent="40">
      <mem type="allocate" free="108171504" total="182845440" percent="59" />
      <mem type="survivor" free="0" total="85590016" percent="0" />
    </mem>
    <mem type="tenure" free="203043200" total="805306368" percent="25" macro-fragmented="0">
      <mem type="soa" free="194989440" total="797252608" percent="24" />
      <mem type="loa" free="8053760" total="8053760" percent="100" />
    </mem>
    <remembered-set count="104" />
  </mem-info>
</gc-end>
<cycle-end id="4173" type="scavenge" contextid="4167" timestamp="2022-02-08T16:49:15.896" />
<allocation-satisfied id="4174" threadId="0000000000016F00" bytesRequested="16" />
<af-end id="4175" timestamp="2022-02-08T16:49:15.896" threadId="0000000000017908" success="true" from="nursery"/>
<exclusive-end id="4176" timestamp="2022-02-08T16:49:15.896" durationms="88.277" />

<exclusive-start id="4177" timestamp="2022-02-08T16:49:16.844" intervalms="1036.224">
  <response-info timems="0.021" idlems="0.021" threads="0" lastid="0000000000016F00" lastname="main" />
</exclusive-start>
<af-start id="4178" threadId="0000000000017908" totalBytesRequested="240" timestamp="2022-02-08T16:49:16.844" intervalms="1036.218" type="nursery" />
<cycle-start id="4179" type="scavenge" contextid="0" timestamp="2022-02-08T16:49:16.844" intervalms="1036.218" />
<gc-start id="4180" type="scavenge" contextid="4179" timestamp="2022-02-08T16:49:16.844">
  <mem-info id="4181" free="203043200" total="1073741824" percent="18">
    <mem type="nursery" free="0" total="268435456" percent="0">
      <mem type="allocate" free="0" total="182845440" percent="0" />
      <mem type="survivor" free="0" total="85590016" percent="0" />
    </mem>
    <mem type="tenure" free="203043200" total="805306368" percent="25">
      <mem type="soa" free="194989440" total="797252608" percent="24" />
      <mem type="loa" free="8053760" total="8053760" percent="100" />
    </mem>
    <remembered-set count="135" />
  </mem-info>
</gc-start>
<allocation-stats totalBytes="108123224" >
  <allocated-bytes non-tlh="1493784" tlh="106629440" />
  <largest-consumer threadName="main" threadId="0000000000016F00" bytes="108123224" />
</allocation-stats>
<gc-op id="4182" type="scavenge" timems="90.762" contextid="4179" timestamp="2022-02-08T16:49:16.935">
  <scavenger-info tenureage="1" tenuremask="7ffe" tiltratio="68" />
  <memory-copied type="nursery" objects="1487253" bytes="76137976" bytesdiscarded="117840" />
  <memory-copied type="tenure" objects="1312891" bytes="74391088" bytesdiscarded="37080" />
  <finalization candidates="109" enqueued="53" />
  <references type="soft" candidates="14" cleared="0" enqueued="0" dynamicThreshold="11" maxThreshold="32" />
  <references type="weak" candidates="1" cleared="0" enqueued="0" />
  <references type="phantom" candidates="94" cleared="7" enqueued="7" />
  <object-monitors candidates="2" cleared="0"  />
</gc-op>
<gc-end id="4183" type="scavenge" contextid="4179" durationms="90.987" usertimems="357.915" systemtimems="0.000" stalltimems="3.596" timestamp="2022-02-08T16:49:16.935" activeThreads="4">
  <mem-info id="4184" free="235184312" total="1073741824" percent="21">
    <mem type="nursery" free="106851640" total="268435456" percent="39">
      <mem type="allocate" free="106851640" total="183107584" percent="58" />
      <mem type="survivor" free="0" total="85327872" percent="0" />
    </mem>
    <mem type="tenure" free="128332672" total="805306368" percent="15" macro-fragmented="97368">
      <mem type="soa" free="120278912" total="797252608" percent="15" />
      <mem type="loa" free="8053760" total="8053760" percent="100" />
    </mem>
    <pending-finalizers system="52" default="1" reference="7" classloader="0" />
    <remembered-set count="131" />
  </mem-info>
</gc-end>
<cycle-end id="4185" type="scavenge" contextid="4179" timestamp="2022-02-08T16:49:16.935" />
<allocation-satisfied id="4186" threadId="0000000000016F00" bytesRequested="240" />
<af-end id="4187" timestamp="2022-02-08T16:49:16.935" threadId="0000000000017908" success="true" from="nursery"/>
<exclusive-end id="4188" timestamp="2022-02-08T16:49:16.935" durationms="91.249" />

<concurrent-kickoff id="4189" timestamp="2022-02-08T16:49:17.708">
  <kickoff reason="threshold reached" targetBytes="74442875" thresholdFreeBytes="6269074"  remainingFree="6188344" tenureFreeBytes="128332672" nurseryFreeBytes="6188344" />
</concurrent-kickoff>
<exclusive-start id="4190" timestamp="2022-02-08T16:49:17.711" intervalms="867.045">
  <response-info timems="0.024" idlems="0.024" threads="0" lastid="0000000000016F00" lastname="main" />
</exclusive-start>
<cycle-start id="4191" type="global" contextid="0" timestamp="2022-02-08T16:49:17.711" intervalms="3147.870" />
<concurrent-start id="4192" type="global mark" contextid="4191" timestamp="2022-02-08T16:49:17.711">
</concurrent-start>
<exclusive-end id="4193" timestamp="2022-02-08T16:49:17.711" durationms="0.029" />

<exclusive-start id="4194" timestamp="2022-02-08T16:49:17.866" intervalms="155.467">
  <response-info timems="0.018" idlems="0.018" threads="0" lastid="0000000000016F00" lastname="main" />
</exclusive-start>
<af-start id="4195" threadId="0000000000017908" totalBytesRequested="24" timestamp="2022-02-08T16:49:17.866" intervalms="1022.556" type="nursery" />
<cycle-start id="4196" type="scavenge" contextid="0" timestamp="2022-02-08T16:49:17.866" intervalms="1022.567" />
<gc-start id="4197" type="scavenge" contextid="4196" timestamp="2022-02-08T16:49:17.866">
  <mem-info id="4198" free="128332672" total="1073741824" percent="11">
    <mem type="nursery" free="0" total="268435456" percent="0">
      <mem type="allocate" free="0" total="183107584" percent="0" />
      <mem type="survivor" free="0" total="85327872" percent="0" />
    </mem>
    <mem type="tenure" free="128332672" total="805306368" percent="15">
      <mem type="soa" free="120278912" total="797252608" percent="15" />
      <mem type="loa" free="8053760" total="8053760" percent="100" />
    </mem>
    <remembered-set count="132" />
  </mem-info>
</gc-start>
<allocation-stats totalBytes="106798104" >
  <allocated-bytes non-tlh="1347920" tlh="105450184" />
  <largest-consumer threadName="main" threadId="0000000000016F00" bytes="106789912" />
</allocation-stats>
<gc-op id="4199" type="scavenge" timems="82.261" contextid="4196" timestamp="2022-02-08T16:49:17.949">
  <scavenger-info tenureage="1" tenuremask="7ffe" tiltratio="68" />
  <memory-copied type="nursery" objects="1335450" bytes="76432480" bytesdiscarded="242176" />
  <memory-copied type="tenure" objects="1486533" bytes="75194680" bytesdiscarded="38552" />
  <finalization candidates="57" enqueued="0" />
  <references type="phantom" candidates="1" cleared="0" enqueued="0" />
  <object-monitors candidates="2" cleared="0"  />
</gc-op>
<gc-end id="4200" type="scavenge" contextid="4196" durationms="82.482" usertimems="324.315" systemtimems="0.260" stalltimems="3.498" timestamp="2022-02-08T16:49:17.949" activeThreads="4">
  <mem-info id="4201" free="160240464" total="1073741824" percent="14">
    <mem type="nursery" free="106957216" total="268435456" percent="39">
      <mem type="allocate" free="106957216" total="183631872" percent="58" />
      <mem type="survivor" free="0" total="84803584" percent="0" />
    </mem>
    <mem type="tenure" free="53283248" total="805306368" percent="6" macro-fragmented="0">
      <mem type="soa" free="45229488" total="797252608" percent="5" />
      <mem type="loa" free="8053760" total="8053760" percent="100" />
    </mem>
    <remembered-set count="102" />
  </mem-info>
</gc-end>
<cycle-end id="4202" type="scavenge" contextid="4196" timestamp="2022-02-08T16:49:17.949" />
<allocation-satisfied id="4203" threadId="0000000000016F00" bytesRequested="24" />
<af-end id="4204" timestamp="2022-02-08T16:49:17.949" threadId="0000000000017908" success="true" from="nursery"/>
<exclusive-end id="4205" timestamp="2022-02-08T16:49:17.949" durationms="82.799" />

<concurrent-end id="4206" type="global mark" contextid="4191" timestamp="2022-02-08T16:49:18.038">
<gc-op id="4207" type="trace" timems="327.098" contextid="4191" timestamp="2022-02-08T16:49:18.038">
  <trace bytesTraced="74441768" workStackOverflowCount="0" />
  <card-cleaning reason="card cleaning threshold reached" bytesTraced="188" cardsCleaned="1" />
</gc-op>
</concurrent-end>

<exclusive-start id="4208" timestamp="2022-02-08T16:49:18.038" intervalms="171.711">
  <response-info timems="0.023" idlems="0.023" threads="0" lastid="0000000000016F00" lastname="main" />
</exclusive-start>
<concurrent-global-final id="4209" timestamp="2022-02-08T16:49:18.038" contextid="4191" intervalms="3152.709" >
  <concurrent-trace-info reason="card cleaning threshold reached" tracedByMutators="55320436" tracedByHelpers="19121520" cardsCleaned="1" workStackOverflowCount="0" />
</concurrent-global-final>
<gc-start id="4210" type="global" contextid="4191" timestamp="2022-02-08T16:49:18.038">
  <mem-info id="4211" free="154374968" total="1073741824" percent="14">
    <mem type="nursery" free="101091720" total="268435456" percent="37">
      <mem type="allocate" free="101091720" total="183631872" percent="55" />
      <mem type="survivor" free="0" total="84803584" percent="0" />
    </mem>
    <mem type="tenure" free="53283248" total="805306368" percent="6">
      <mem type="soa" free="45229488" total="797252608" percent="5" />
      <mem type="loa" free="8053760" total="8053760" percent="100" />
    </mem>
    <remembered-set count="102" />
  </mem-info>
</gc-start>
<allocation-stats totalBytes="5862304" >
  <allocated-bytes non-tlh="24" tlh="5862280" />
  <largest-consumer threadName="main" threadId="0000000000016F00" bytes="5862304" />
</allocation-stats>
<gc-op id="4212" type="rs-scan" timems="0.564" contextid="4191" timestamp="2022-02-08T16:49:18.039">
  <scan objectsFound="29" bytesTraced="5420" workStackOverflowCount="0" />
</gc-op>
<gc-op id="4213" type="card-cleaning" timems="157.812" contextid="4191" timestamp="2022-02-08T16:49:18.197">
  <card-cleaning cardsCleaned="9" bytesTraced="71017300" workStackOverflowCount="0" />
</gc-op>
<gc-op id="4214" type="mark" timems="56.752" contextid="4191" timestamp="2022-02-08T16:49:18.253">
  <trace-info objectcount="1769587" scancount="1328718" scanbytes="28413672" />
  <finalization candidates="428" enqueued="57" />
  <ownableSynchronizers candidates="1" cleared="0" />
  <references type="soft" candidates="894" cleared="0" enqueued="0" dynamicThreshold="11" maxThreshold="32" />
  <references type="weak" candidates="1701" cleared="0" enqueued="0" />
  <references type="phantom" candidates="52" cleared="2" enqueued="2" />
  <stringconstants candidates="6470" cleared="0"  />
  <object-monitors candidates="2" cleared="0"  />
</gc-op>
<gc-op id="4215" type="sweep" timems="5.132" contextid="4191" timestamp="2022-02-08T16:49:18.259" />
<gc-end id="4216" type="global" contextid="4191" durationms="220.489" usertimems="271.544" systemtimems="4.241" stalltimems="130.681" timestamp="2022-02-08T16:49:18.259" activeThreads="4">
  <mem-info id="4217" free="397702984" total="1073741824" percent="37">
    <mem type="nursery" free="101423688" total="268435456" percent="37">
      <mem type="allocate" free="101423688" total="183631872" percent="55" />
      <mem type="survivor" free="0" total="84803584" percent="0" />
    </mem>
    <mem type="tenure" free="296279296" total="805306368" percent="36" micro-fragmented="216302" macro-fragmented="0">
      <mem type="soa" free="288225536" total="797252608" percent="36" />
      <mem type="loa" free="8053760" total="8053760" percent="100" />
    </mem>
    <pending-finalizers system="57" default="0" reference="2" classloader="0" />
    <remembered-set count="102" />
  </mem-info>
</gc-end>
<cycle-end id="4218" type="global" contextid="4191" timestamp="2022-02-08T16:49:18.259" />
<exclusive-end id="4219" timestamp="2022-02-08T16:49:18.259" durationms="220.772" />

<exclusive-start id="4220" timestamp="2022-02-08T16:49:18.965" intervalms="927.021">
  <response-info timems="0.020" idlems="0.020" threads="0" lastid="0000000000016F00" lastname="main" />
</exclusive-start>
<af-start id="4221" threadId="0000000000017908" totalBytesRequested="200" timestamp="2022-02-08T16:49:18.965" intervalms="1098.687" type="nursery" />
<cycle-start id="4222" type="scavenge" contextid="0" timestamp="2022-02-08T16:49:18.965" intervalms="1098.674" />
<gc-start id="4223" type="scavenge" contextid="4222" timestamp="2022-02-08T16:49:18.965">
  <mem-info id="4224" free="296279296" total="1073741824" percent="27">
    <mem type="nursery" free="0" total="268435456" percent="0">
      <mem type="allocate" free="0" total="183631872" percent="0" />
      <mem type="survivor" free="0" total="84803584" percent="0" />
    </mem>
    <mem type="tenure" free="296279296" total="805306368" percent="36">
      <mem type="soa" free="288225536" total="797252608" percent="36" />
      <mem type="loa" free="8053760" total="8053760" percent="100" />
    </mem>
    <remembered-set count="105" />
  </mem-info>
</gc-start>
<allocation-stats totalBytes="101378720" >
  <allocated-bytes non-tlh="0" tlh="101378720" />
  <largest-consumer threadName="main" threadId="0000000000016F00" bytes="101374624" />
</allocation-stats>
<gc-op id="4225" type="scavenge" timems="85.247" contextid="4222" timestamp="2022-02-08T16:49:19.050">
  <scavenger-info tenureage="1" tenuremask="7ffe" tiltratio="68" />
  <memory-copied type="nursery" objects="1353202" bytes="76178840" bytesdiscarded="274360" />
  <memory-copied type="tenure" objects="1335450" bytes="76432480" bytesdiscarded="46792" />
  <finalization candidates="1" enqueued="0" />
  <ownableSynchronizers candidates="2" cleared="2" />
  <object-monitors candidates="2" cleared="0"  />
</gc-op>
<gc-end id="4226" type="scavenge" contextid="4222" durationms="85.428" usertimems="336.588" systemtimems="1.825" stalltimems="1.473" timestamp="2022-02-08T16:49:19.051" activeThreads="4">
  <mem-info id="4227" free="327248120" total="1073741824" percent="30">
    <mem type="nursery" free="107571888" total="268435456" percent="40">
      <mem type="allocate" free="107571888" total="184025088" percent="58" />
      <mem type="survivor" free="0" total="84410368" percent="0" />
    </mem>
    <mem type="tenure" free="219676232" total="805306368" percent="27" macro-fragmented="0">
      <mem type="soa" free="211622472" total="797252608" percent="26" />
      <mem type="loa" free="8053760" total="8053760" percent="100" />
    </mem>
    <remembered-set count="104" />
  </mem-info>
</gc-end>
<cycle-end id="4228" type="scavenge" contextid="4222" timestamp="2022-02-08T16:49:19.051" />
<allocation-satisfied id="4229" threadId="0000000000016F00" bytesRequested="200" />
<af-end id="4230" timestamp="2022-02-08T16:49:19.051" threadId="0000000000017908" success="true" from="nursery"/>
<exclusive-end id="4231" timestamp="2022-02-08T16:49:19.051" durationms="85.689" />

<exclusive-start id="4232" timestamp="2022-02-08T16:49:19.918" intervalms="952.641">
  <response-info timems="0.017" idlems="0.017" threads="0" lastid="0000000000016F00" lastname="main" />
</exclusive-start>
<af-start id="4233" threadId="0000000000017908" totalBytesRequested="24" timestamp="2022-02-08T16:49:19.918" intervalms="952.640" type="nursery" />
<cycle-start id="4234" type="scavenge" contextid="0" timestamp="2022-02-08T16:49:19.918" intervalms="952.639" />
<gc-start id="4235" type="scavenge" contextid="4234" timestamp="2022-02-08T16:49:19.918">
  <mem-info id="4236" free="219676232" total="1073741824" percent="20">
    <mem type="nursery" free="0" total="268435456" percent="0">
      <mem type="allocate" free="0" total="184025088" percent="0" />
      <mem type="survivor" free="0" total="84410368" percent="0" />
    </mem>
    <mem type="tenure" free="219676232" total="805306368" percent="27">
      <mem type="soa" free="211622472" total="797252608" percent="26" />
      <mem type="loa" free="8053760" total="8053760" percent="100" />
    </mem>
    <remembered-set count="134" />
  </mem-info>
</gc-start>
<allocation-stats totalBytes="107521416" >
  <allocated-bytes non-tlh="945928" tlh="106575488" />
  <largest-consumer threadName="main" threadId="0000000000016F00" bytes="107521416" />
</allocation-stats>
<gc-op id="4237" type="scavenge" timems="92.112" contextid="4234" timestamp="2022-02-08T16:49:20.010">
  <scavenger-info tenureage="1" tenuremask="7ffe" tiltratio="68" />
  <memory-copied type="nursery" objects="1456425" bytes="75814744" bytesdiscarded="246880" />
  <memory-copied type="tenure" objects="1353201" bytes="76178728" bytesdiscarded="41352" />
  <finalization candidates="92" enqueued="51" />
  <references type="soft" candidates="14" cleared="0" enqueued="0" dynamicThreshold="11" maxThreshold="32" />
  <references type="weak" candidates="1" cleared="0" enqueued="0" />
  <references type="phantom" candidates="77" cleared="7" enqueued="7" />
  <object-monitors candidates="2" cleared="0"  />
</gc-op>
<gc-end id="4238" type="scavenge" contextid="4234" durationms="92.339" usertimems="343.398" systemtimems="3.503" stalltimems="6.304" timestamp="2022-02-08T16:49:20.010" activeThreads="4">
  <mem-info id="4239" free="251706480" total="1073741824" percent="23">
    <mem type="nursery" free="108422088" total="268435456" percent="40">
      <mem type="allocate" free="108422088" total="184483840" percent="58" />
      <mem type="survivor" free="0" total="83951616" percent="0" />
    </mem>
    <mem type="tenure" free="143284392" total="805306368" percent="17" macro-fragmented="57512708">
      <mem type="soa" free="135230632" total="797252608" percent="16" />
      <mem type="loa" free="8053760" total="8053760" percent="100" />
    </mem>
    <pending-finalizers system="50" default="1" reference="7" classloader="0" />
    <remembered-set count="131" />
  </mem-info>
</gc-end>
<cycle-end id="4240" type="scavenge" contextid="4234" timestamp="2022-02-08T16:49:20.010" />
<allocation-satisfied id="4241" threadId="0000000000016F00" bytesRequested="24" />
<af-end id="4242" timestamp="2022-02-08T16:49:20.010" threadId="0000000000017908" success="true" from="nursery"/>
<exclusive-end id="4243" timestamp="2022-02-08T16:49:20.010" durationms="92.627" />

<concurrent-kickoff id="4244" timestamp="2022-02-08T16:49:20.734">
  <kickoff reason="threshold reached" targetBytes="74442579" thresholdFreeBytes="6230617"  remainingFree="6169576" tenureFreeBytes="143284392" nurseryFreeBytes="6169576" />
</concurrent-kickoff>
<exclusive-start id="4245" timestamp="2022-02-08T16:49:20.737" intervalms="819.369">
  <response-info timems="0.024" idlems="0.024" threads="0" lastid="0000000000016F00" lastname="main" />
</exclusive-start>
<cycle-start id="4246" type="global" contextid="0" timestamp="2022-02-08T16:49:20.737" intervalms="3026.212" />
<concurrent-start id="4247" type="global mark" contextid="4246" timestamp="2022-02-08T16:49:20.737">
</concurrent-start>
<exclusive-end id="4248" timestamp="2022-02-08T16:49:20.737" durationms="0.031" />

<exclusive-start id="4249" timestamp="2022-02-08T16:49:20.925" intervalms="187.658">
  <response-info timems="0.047" idlems="0.047" threads="0" lastid="0000000000016F00" lastname="main" />
</exclusive-start>
<af-start id="4250" threadId="0000000000017908" totalBytesRequested="192" timestamp="2022-02-08T16:49:20.925" intervalms="1007.283" type="nursery" />
<cycle-start id="4251" type="scavenge" contextid="0" timestamp="2022-02-08T16:49:20.925" intervalms="1007.350" />
<gc-start id="4252" type="scavenge" contextid="4251" timestamp="2022-02-08T16:49:20.925">
  <mem-info id="4253" free="143284392" total="1073741824" percent="13">
    <mem type="nursery" free="0" total="268435456" percent="0">
      <mem type="allocate" free="0" total="184483840" percent="0" />
      <mem type="survivor" free="0" total="83951616" percent="0" />
    </mem>
    <mem type="tenure" free="143284392" total="805306368" percent="17">
      <mem type="soa" free="135230632" total="797252608" percent="16" />
      <mem type="loa" free="8053760" total="8053760" percent="100" />
    </mem>
    <remembered-set count="132" />
  </mem-info>
</gc-start>
<allocation-stats totalBytes="108370912" >
  <allocated-bytes non-tlh="2121696" tlh="106249216" />
  <largest-consumer threadName="main" threadId="0000000000016F00" bytes="108362720" />
</allocation-stats>
<gc-op id="4254" type="scavenge" timems="86.709" contextid="4251" timestamp="2022-02-08T16:49:21.012">
  <scavenger-info tenureage="1" tenuremask="7ffe" tiltratio="68" />
  <memory-copied type="nursery" objects="1381607" bytes="77077352" bytesdiscarded="220992" />
  <memory-copied type="tenure" objects="1455726" bytes="75264512" bytesdiscarded="40552" />
  <finalization candidates="59" enqueued="2" />
  <references type="phantom" candidates="18" cleared="0" enqueued="0" />
  <object-monitors candidates="2" cleared="0"  />
</gc-op>
<gc-end id="4255" type="scavenge" contextid="4251" durationms="87.016" usertimems="343.275" systemtimems="0.074" stalltimems="2.848" timestamp="2022-02-08T16:49:21.012" activeThreads="4">
  <mem-info id="4256" free="174808800" total="1073741824" percent="16">
    <mem type="nursery" free="106661208" total="268435456" percent="39">
      <mem type="allocate" free="106661208" total="183959552" percent="57" />
      <mem type="survivor" free="0" total="84475904" percent="0" />
    </mem>
    <mem type="tenure" free="68147592" total="805306368" percent="8" macro-fragmented="39939376">
      <mem type="soa" free="60093832" total="797252608" percent="7" />
      <mem type="loa" free="8053760" total="8053760" percent="100" />
    </mem>
    <pending-finalizers system="2" default="0" reference="0" classloader="0" />
    <remembered-set count="107" />
  </mem-info>
</gc-end>
<cycle-end id="4257" type="scavenge" contextid="4251" timestamp="2022-02-08T16:49:21.012" />
<allocation-satisfied id="4258" threadId="0000000000016F00" bytesRequested="192" />
<af-end id="4259" timestamp="2022-02-08T16:49:21.012" threadId="0000000000017908" success="true" from="nursery"/>
<exclusive-end id="4260" timestamp="2022-02-08T16:49:21.012" durationms="87.644" />

<concurrent-end id="4261" type="global mark" contextid="4246" timestamp="2022-02-08T16:49:21.069">
<gc-op id="4262" type="trace" timems="331.933" contextid="4246" timestamp="2022-02-08T16:49:21.069">
  <trace bytesTraced="74444088" workStackOverflowCount="0" />
  <card-cleaning reason="card cleaning threshold reached" bytesTraced="2488" cardsCleaned="2" />
</gc-op>
</concurrent-end>

<exclusive-start id="4263" timestamp="2022-02-08T16:49:21.069" intervalms="144.348">
  <response-info timems="0.019" idlems="0.019" threads="0" lastid="0000000000016F00" lastname="main" />
</exclusive-start>
<concurrent-global-final id="4264" timestamp="2022-02-08T16:49:21.069" contextid="4246" intervalms="3031.012" >
  <concurrent-trace-info reason="card cleaning threshold reached" tracedByMutators="41438056" tracedByHelpers="33008520" cardsCleaned="2" workStackOverflowCount="0" />
</concurrent-global-final>
<gc-start id="4265" type="global" contextid="4246" timestamp="2022-02-08T16:49:21.069">
  <mem-info id="4266" free="170511904" total="1073741824" percent="15">
    <mem type="nursery" free="102364312" total="268435456" percent="38">
      <mem type="allocate" free="102364312" total="183959552" percent="55" />
      <mem type="survivor" free="0" total="84475904" percent="0" />
    </mem>
    <mem type="tenure" free="68147592" total="805306368" percent="8">
      <mem type="soa" free="60093832" total="797252608" percent="7" />
      <mem type="loa" free="8053760" total="8053760" percent="100" />
    </mem>
    <remembered-set count="107" />
  </mem-info>
</gc-start>
<allocation-stats totalBytes="4294520" >
  <allocated-bytes non-tlh="192" tlh="4294328" />
  <largest-consumer threadName="main" threadId="0000000000016F00" bytes="4290424" />
</allocation-stats>
<gc-op id="4267" type="rs-scan" timems="0.570" contextid="4246" timestamp="2022-02-08T16:49:21.070">
  <scan objectsFound="29" bytesTraced="5484" workStackOverflowCount="0" />
</gc-op>
<gc-op id="4268" type="card-cleaning" timems="155.874" contextid="4246" timestamp="2022-02-08T16:49:21.226">
  <card-cleaning cardsCleaned="9" bytesTraced="71017268" workStackOverflowCount="0" />
</gc-op>
<gc-op id="4269" type="mark" timems="48.838" contextid="4246" timestamp="2022-02-08T16:49:21.274">
  <trace-info objectcount="1509779" scancount="1133861" scanbytes="24256744" />
  <finalization candidates="428" enqueued="57" />
  <ownableSynchronizers candidates="1" cleared="0" />
  <references type="soft" candidates="894" cleared="0" enqueued="0" dynamicThreshold="11" maxThreshold="32" />
  <references type="weak" candidates="1701" cleared="0" enqueued="0" />
  <references type="phantom" candidates="52" cleared="2" enqueued="2" />
  <stringconstants candidates="6470" cleared="0"  />
  <object-monitors candidates="2" cleared="0"  />
</gc-op>
<gc-op id="4270" type="sweep" timems="4.776" contextid="4246" timestamp="2022-02-08T16:49:21.279" />
<gc-end id="4271" type="global" contextid="4246" durationms="210.249" usertimems="258.896" systemtimems="4.779" stalltimems="106.114" timestamp="2022-02-08T16:49:21.279" activeThreads="4">
  <mem-info id="4272" free="413707104" total="1073741824" percent="38">
    <mem type="nursery" free="102697800" total="268435456" percent="38">
      <mem type="allocate" free="102697800" total="183959552" percent="55" />
      <mem type="survivor" free="0" total="84475904" percent="0" />
    </mem>
    <mem type="tenure" free="311009304" total="805306368" percent="38" micro-fragmented="242547" macro-fragmented="0">
      <mem type="soa" free="302955544" total="797252608" percent="37" />
      <mem type="loa" free="8053760" total="8053760" percent="100" />
    </mem>
    <pending-finalizers system="57" default="0" reference="2" classloader="0" />
    <remembered-set count="107" />
  </mem-info>
</gc-end>
<cycle-end id="4273" type="global" contextid="4246" timestamp="2022-02-08T16:49:21.279" />
<exclusive-end id="4274" timestamp="2022-02-08T16:49:21.279" durationms="210.443" />

<exclusive-start id="4275" timestamp="2022-02-08T16:49:21.988" intervalms="919.085">
  <response-info timems="0.041" idlems="0.041" threads="0" lastid="0000000000016F00" lastname="main" />
</exclusive-start>
<af-start id="4276" threadId="0000000000017908" totalBytesRequested="16" timestamp="2022-02-08T16:49:21.988" intervalms="1063.227" type="nursery" />
<cycle-start id="4277" type="scavenge" contextid="0" timestamp="2022-02-08T16:49:21.988" intervalms="1063.163" />
<gc-start id="4278" type="scavenge" contextid="4277" timestamp="2022-02-08T16:49:21.988">
  <mem-info id="4279" free="311009304" total="1073741824" percent="28">
    <mem type="nursery" free="0" total="268435456" percent="0">
      <mem type="allocate" free="0" total="183959552" percent="0" />
      <mem type="survivor" free="0" total="84475904" percent="0" />
    </mem>
    <mem type="tenure" free="311009304" total="805306368" percent="38">
      <mem type="soa" free="302955544" total="797252608" percent="37" />
      <mem type="loa" free="8053760" total="8053760" percent="100" />
    </mem>
    <remembered-set count="110" />
  </mem-info>
</gc-start>
<allocation-stats totalBytes="102651680" >
  <allocated-bytes non-tlh="0" tlh="102651680" />
  <largest-consumer threadName="main" threadId="0000000000016F00" bytes="102647584" />
</allocation-stats>
<gc-op id="4280" type="scavenge" timems="97.808" contextid="4277" timestamp="2022-02-08T16:49:22.086">
  <scavenger-info tenureage="1" tenuremask="7ffe" tiltratio="68" />
  <memory-copied type="nursery" objects="1346137" bytes="75966432" bytesdiscarded="291488" />
  <memory-copied type="tenure" objects="1381582" bytes="77060048" bytesdiscarded="45616" />
  <finalization candidates="16" enqueued="0" />
  <ownableSynchronizers candidates="2" cleared="2" />
  <object-monitors candidates="2" cleared="0"  />
</gc-op>
<gc-end id="4281" type="scavenge" contextid="4277" durationms="97.969" usertimems="383.545" systemtimems="0.000" stalltimems="2.412" timestamp="2022-02-08T16:49:22.086" activeThreads="4">
  <mem-info id="4282" free="341750056" total="1073741824" percent="31">
    <mem type="nursery" free="107898240" total="268435456" percent="40">
      <mem type="allocate" free="107898240" total="184156160" percent="58" />
      <mem type="survivor" free="0" total="84279296" percent="0" />
    </mem>
    <mem type="tenure" free="233851816" total="805306368" percent="29" macro-fragmented="0">
      <mem type="soa" free="225798056" total="797252608" percent="28" />
      <mem type="loa" free="8053760" total="8053760" percent="100" />
    </mem>
    <remembered-set count="105" />
  </mem-info>
</gc-end>
<cycle-end id="4283" type="scavenge" contextid="4277" timestamp="2022-02-08T16:49:22.086" />
<allocation-satisfied id="4284" threadId="0000000000016F00" bytesRequested="16" />
<af-end id="4285" timestamp="2022-02-08T16:49:22.086" threadId="0000000000017908" success="true" from="nursery"/>
<exclusive-end id="4286" timestamp="2022-02-08T16:49:22.086" durationms="98.271" />

<exclusive-start id="4287" timestamp="2022-02-08T16:49:22.814" intervalms="825.430">
  <response-info timems="0.017" idlems="0.017" threads="0" lastid="0000000000016F00" lastname="main" />
</exclusive-start>
<af-start id="4288" threadId="0000000000017908" totalBytesRequested="16" timestamp="2022-02-08T16:49:22.814" intervalms="825.381" type="nursery" />
<cycle-start id="4289" type="scavenge" contextid="0" timestamp="2022-02-08T16:49:22.814" intervalms="825.380" />
<gc-start id="4290" type="scavenge" contextid="4289" timestamp="2022-02-08T16:49:22.814">
  <mem-info id="4291" free="233851816" total="1073741824" percent="21">
    <mem type="nursery" free="0" total="268435456" percent="0">
      <mem type="allocate" free="0" total="184156160" percent="0" />
      <mem type="survivor" free="0" total="84279296" percent="0" />
    </mem>
    <mem type="tenure" free="233851816" total="805306368" percent="29">
      <mem type="soa" free="225798056" total="797252608" percent="28" />
      <mem type="loa" free="8053760" total="8053760" percent="100" />
    </mem>
    <remembered-set count="119" />
  </mem-info>
</gc-start>
<allocation-stats totalBytes="107846864" >
  <allocated-bytes non-tlh="16" tlh="107846848" />
  <largest-consumer threadName="main" threadId="0000000000016F00" bytes="107846864" />
</allocation-stats>
<gc-op id="4292" type="scavenge" timems="82.161" contextid="4289" timestamp="2022-02-08T16:49:22.896">
  <scavenger-info tenureage="1" tenuremask="7ffe" tiltratio="68" />
  <memory-copied type="nursery" objects="1352922" bytes="76674344" bytesdiscarded="239592" />
  <memory-copied type="tenure" objects="1346137" bytes="75966432" bytesdiscarded="44456" />
  <finalization candidates="15" enqueued="8" />
  <references type="phantom" candidates="15" cleared="0" enqueued="0" />
  <object-monitors candidates="2" cleared="0"  />
</gc-op>
<gc-end id="4293" type="scavenge" contextid="4289" durationms="82.391" usertimems="322.376" systemtimems="0.000" stalltimems="5.260" timestamp="2022-02-08T16:49:22.896" activeThreads="4">
  <mem-info id="4294" free="265162016" total="1073741824" percent="24">
    <mem type="nursery" free="107373296" total="268435456" percent="39">
      <mem type="allocate" free="107373296" total="184287232" percent="58" />
      <mem type="survivor" free="0" total="84148224" percent="0" />
    </mem>
    <mem type="tenure" free="157788720" total="805306368" percent="19" macro-fragmented="0">
      <mem type="soa" free="149734960" total="797252608" percent="18" />
      <mem type="loa" free="8053760" total="8053760" percent="100" />
    </mem>
    <pending-finalizers system="8" default="0" reference="0" classloader="0" />
    <remembered-set count="117" />
  </mem-info>
</gc-end>
<cycle-end id="4295" type="scavenge" contextid="4289" timestamp="2022-02-08T16:49:22.896" />
<allocation-satisfied id="4296" threadId="0000000000016F00" bytesRequested="16" />
<af-end id="4297" timestamp="2022-02-08T16:49:22.896" threadId="0000000000017908" success="true" from="nursery"/>
<exclusive-end id="4298" timestamp="2022-02-08T16:49:22.896" durationms="82.668" />

<concurrent-kickoff id="4299" timestamp="2022-02-08T16:49:23.763">
  <kickoff reason="threshold reached" targetBytes="74443529" thresholdFreeBytes="6398537"  remainingFree="6316784" tenureFreeBytes="157788720" nurseryFreeBytes="6316784" />
</concurrent-kickoff>
<exclusive-start id="4300" timestamp="2022-02-08T16:49:23.766" intervalms="952.577">
  <response-info timems="0.049" idlems="0.049" threads="0" lastid="0000000000016F00" lastname="main" />
</exclusive-start>
<cycle-start id="4301" type="global" contextid="0" timestamp="2022-02-08T16:49:23.766" intervalms="3029.109" />
<concurrent-start id="4302" type="global mark" contextid="4301" timestamp="2022-02-08T16:49:23.766">
</concurrent-start>
<exclusive-end id="4303" timestamp="2022-02-08T16:49:23.766" durationms="0.043" />

<exclusive-start id="4304" timestamp="2022-02-08T16:49:23.915" intervalms="148.870">
  <response-info timems="0.020" idlems="0.020" threads="0" lastid="0000000000016F00" lastname="main" />
</exclusive-start>
<af-start id="4305" threadId="0000000000017908" totalBytesRequested="184" timestamp="2022-02-08T16:49:23.915" intervalms="1101.507" type="nursery" />
<cycle-start id="4306" type="scavenge" contextid="0" timestamp="2022-02-08T16:49:23.915" intervalms="1101.508" />
<gc-start id="4307" type="scavenge" contextid="4306" timestamp="2022-02-08T16:49:23.915">
  <mem-info id="4308" free="157788720" total="1073741824" percent="14">
    <mem type="nursery" free="0" total="268435456" percent="0">
      <mem type="allocate" free="0" total="184287232" percent="0" />
      <mem type="survivor" free="0" total="84148224" percent="0" />
    </mem>
    <mem type="tenure" free="157788720" total="805306368" percent="19">
      <mem type="soa" free="149734960" total="797252608" percent="18" />
      <mem type="loa" free="8053760" total="8053760" percent="100" />
    </mem>
    <remembered-set count="135" />
  </mem-info>
</gc-start>
<allocation-stats totalBytes="107324112" >
  <allocated-bytes non-tlh="3008840" tlh="104315272" />
  <largest-consumer threadName="main" threadId="0000000000016F00" bytes="107320016" />
</allocation-stats>
<gc-op id="4309" type="scavenge" timems="83.107" contextid="4306" timestamp="2022-02-08T16:49:23.998">
  <scavenger-info tenureage="1" tenuremask="7ffe" tiltratio="68" />
  <memory-copied type="nursery" objects="1433533" bytes="75475296" bytesdiscarded="69024" />
  <memory-copied type="tenure" objects="1352773" bytes="76588224" bytesdiscarded="42360" />
  <finalization candidates="102" enqueued="45" />
  <references type="soft" candidates="14" cleared="0" enqueued="0" dynamicThreshold="12" maxThreshold="32" />
  <references type="weak" candidates="1" cleared="0" enqueued="0" />
  <references type="phantom" candidates="87" cleared="7" enqueued="7" />
  <object-monitors candidates="2" cleared="0"  />
</gc-op>
<gc-end id="4310" type="scavenge" contextid="4306" durationms="83.314" usertimems="329.741" systemtimems="0.000" stalltimems="1.942" timestamp="2022-02-08T16:49:23.998" activeThreads="4">
  <mem-info id="4311" free="190146016" total="1073741824" percent="17">
    <mem type="nursery" free="109004928" total="268435456" percent="40">
      <mem type="allocate" free="109004928" total="184549376" percent="59" />
      <mem type="survivor" free="0" total="83886080" percent="0" />
    </mem>
    <mem type="tenure" free="81141088" total="805306368" percent="10" macro-fragmented="57512708">
      <mem type="soa" free="73087328" total="797252608" percent="9" />
      <mem type="loa" free="8053760" total="8053760" percent="100" />
    </mem>
    <pending-finalizers system="44" default="1" reference="7" classloader="0" />
    <remembered-set count="120" />
  </mem-info>
</gc-end>
<cycle-end id="4312" type="scavenge" contextid="4306" timestamp="2022-02-08T16:49:23.999" />
<allocation-satisfied id="4313" threadId="0000000000016F00" bytesRequested="184" />
<af-end id="4314" timestamp="2022-02-08T16:49:23.999" threadId="0000000000017908" success="true" from="nursery"/>
<exclusive-end id="4315" timestamp="2022-02-08T16:49:23.999" durationms="83.725" />

<concurrent-end id="4316" type="global mark" contextid="4301" timestamp="2022-02-08T16:49:24.081">
<gc-op id="4317" type="trace" timems="314.895" contextid="4301" timestamp="2022-02-08T16:49:24.081">
  <trace bytesTraced="74442280" workStackOverflowCount="0" />
  <card-cleaning reason="card cleaning threshold reached" bytesTraced="188" cardsCleaned="1" />
</gc-op>
</concurrent-end>

<exclusive-start id="4318" timestamp="2022-02-08T16:49:24.081" intervalms="166.111">
  <response-info timems="0.018" idlems="0.018" threads="0" lastid="0000000000016F00" lastname="main" />
</exclusive-start>
<concurrent-global-final id="4319" timestamp="2022-02-08T16:49:24.081" contextid="4301" intervalms="3012.073" >
  <concurrent-trace-info reason="card cleaning threshold reached" tracedByMutators="51757160" tracedByHelpers="22685308" cardsCleaned="1" workStackOverflowCount="0" />
</concurrent-global-final>
<gc-start id="4320" type="global" contextid="4301" timestamp="2022-02-08T16:49:24.081">
  <mem-info id="4321" free="184927528" total="1073741824" percent="17">
    <mem type="nursery" free="103786440" total="268435456" percent="38">
      <mem type="allocate" free="103786440" total="184549376" percent="56" />
      <mem type="survivor" free="0" total="83886080" percent="0" />
    </mem>
    <mem type="tenure" free="81141088" total="805306368" percent="10">
      <mem type="soa" free="73087328" total="797252608" percent="9" />
      <mem type="loa" free="8053760" total="8053760" percent="100" />
    </mem>
    <remembered-set count="121" />
  </mem-info>
</gc-start>
<allocation-stats totalBytes="5216240" >
  <allocated-bytes non-tlh="184" tlh="5216056" />
  <largest-consumer threadName="main" threadId="0000000000016F00" bytes="5208048" />
</allocation-stats>
<gc-op id="4322" type="rs-scan" timems="139.694" contextid="4301" timestamp="2022-02-08T16:49:24.221">
  <scan objectsFound="3324749" bytesTraced="71015972" workStackOverflowCount="0" />
</gc-op>
<gc-op id="4323" type="card-cleaning" timems="0.467" contextid="4301" timestamp="2022-02-08T16:49:24.221">
  <card-cleaning cardsCleaned="3" bytesTraced="5264" workStackOverflowCount="0" />
</gc-op>
<gc-op id="4324" type="mark" timems="39.049" contextid="4301" timestamp="2022-02-08T16:49:24.261">
  <trace-info objectcount="1226229" scancount="921198" scanbytes="19719944" />
  <finalization candidates="428" enqueued="57" />
  <ownableSynchronizers candidates="1" cleared="0" />
  <references type="soft" candidates="894" cleared="0" enqueued="0" dynamicThreshold="12" maxThreshold="32" />
  <references type="weak" candidates="1701" cleared="0" enqueued="0" />
  <references type="phantom" candidates="52" cleared="2" enqueued="2" />
  <stringconstants candidates="6470" cleared="0"  />
  <object-monitors candidates="2" cleared="0"  />
</gc-op>
<gc-op id="4325" type="sweep" timems="5.058" contextid="4301" timestamp="2022-02-08T16:49:24.266" />
<gc-end id="4326" type="global" contextid="4301" durationms="184.814" usertimems="202.188" systemtimems="0.000" stalltimems="115.744" timestamp="2022-02-08T16:49:24.266" activeThreads="4">
  <mem-info id="4327" free="428354344" total="1073741824" percent="39">
    <mem type="nursery" free="104359016" total="268435456" percent="38">
      <mem type="allocate" free="104359016" total="184549376" percent="56" />
      <mem type="survivor" free="0" total="83886080" percent="0" />
    </mem>
    <mem type="tenure" free="323995328" total="805306368" percent="40" micro-fragmented="206058" macro-fragmented="0">
      <mem type="soa" free="315941568" total="797252608" percent="39" />
      <mem type="loa" free="8053760" total="8053760" percent="100" />
    </mem>
    <pending-finalizers system="57" default="0" reference="2" classloader="0" />
    <remembered-set count="108" />
  </mem-info>
</gc-end>
<cycle-end id="4328" type="global" contextid="4301" timestamp="2022-02-08T16:49:24.266" />
<exclusive-end id="4329" timestamp="2022-02-08T16:49:24.266" durationms="185.044" />

<exclusive-start id="4330" timestamp="2022-02-08T16:49:25.036" intervalms="955.083">
  <response-info timems="0.018" idlems="0.018" threads="0" lastid="0000000000016F00" lastname="main" />
</exclusive-start>
<af-start id="4331" threadId="0000000000017908" totalBytesRequested="104" timestamp="2022-02-08T16:49:25.036" intervalms="1121.135" type="nursery" />
<cycle-start id="4332" type="scavenge" contextid="0" timestamp="2022-02-08T16:49:25.036" intervalms="1121.132" />
<gc-start id="4333" type="scavenge" contextid="4332" timestamp="2022-02-08T16:49:25.036">
  <mem-info id="4334" free="323995328" total="1073741824" percent="30">
    <mem type="nursery" free="0" total="268435456" percent="0">
      <mem type="allocate" free="0" total="184549376" percent="0" />
      <mem type="survivor" free="0" total="83886080" percent="0" />
    </mem>
    <mem type="tenure" free="323995328" total="805306368" percent="40">
      <mem type="soa" free="315941568" total="797252608" percent="39" />
      <mem type="loa" free="8053760" total="8053760" percent="100" />
    </mem>
    <remembered-set count="109" />
  </mem-info>
</gc-start>
<allocation-stats totalBytes="104310648" >
  <allocated-bytes non-tlh="0" tlh="104310648" />
  <largest-consumer threadName="main" threadId="0000000000016F00" bytes="104306552" />
</allocation-stats>
<gc-op id="4335" type="scavenge" timems="93.192" contextid="4332" timestamp="2022-02-08T16:49:25.130">
  <scavenger-info tenureage="1" tenuremask="7ffe" tiltratio="68" />
  <memory-copied type="nursery" objects="1411954" bytes="77916712" bytesdiscarded="265680" />
  <memory-copied type="tenure" objects="1432921" bytes="75076672" bytesdiscarded="45464" />
  <finalization candidates="50" enqueued="0" />
  <ownableSynchronizers candidates="2" cleared="2" />
  <object-monitors candidates="2" cleared="0"  />
</gc-op>
<gc-end id="4336" type="scavenge" contextid="4332" durationms="93.441" usertimems="368.157" systemtimems="0.000" stalltimems="3.326" timestamp="2022-02-08T16:49:25.130" activeThreads="4">
  <mem-info id="4337" free="352791920" total="1073741824" percent="32">
    <mem type="nursery" free="104007688" total="268435456" percent="38">
      <mem type="allocate" free="104007688" total="182190080" percent="57" />
      <mem type="survivor" free="0" total="86245376" percent="0" />
    </mem>
    <mem type="tenure" free="248784232" total="805306368" percent="30" macro-fragmented="0">
      <mem type="soa" free="240730472" total="797252608" percent="30" />
      <mem type="loa" free="8053760" total="8053760" percent="100" />
    </mem>
    <remembered-set count="104" />
  </mem-info>
</gc-end>
<cycle-end id="4338" type="scavenge" contextid="4332" timestamp="2022-02-08T16:49:25.130" />
<allocation-satisfied id="4339" threadId="0000000000016F00" bytesRequested="104" />
<af-end id="4340" timestamp="2022-02-08T16:49:25.130" threadId="0000000000017908" success="true" from="nursery"/>
<exclusive-end id="4341" timestamp="2022-02-08T16:49:25.130" durationms="93.753" />

<exclusive-start id="4342" timestamp="2022-02-08T16:49:25.849" intervalms="813.039">
  <response-info timems="0.018" idlems="0.018" threads="0" lastid="0000000000016F00" lastname="main" />
</exclusive-start>
<af-start id="4343" threadId="0000000000017908" totalBytesRequested="112" timestamp="2022-02-08T16:49:25.849" intervalms="813.039" type="nursery" />
<cycle-start id="4344" type="scavenge" contextid="0" timestamp="2022-02-08T16:49:25.849" intervalms="813.041" />
<gc-start id="4345" type="scavenge" contextid="4344" timestamp="2022-02-08T16:49:25.849">
  <mem-info id="4346" free="248784232" total="1073741824" percent="23">
    <mem type="nursery" free="0" total="268435456" percent="0">
      <mem type="allocate" free="0" total="182190080" percent="0" />
      <mem type="survivor" free="0" total="86245376" percent="0" />
    </mem>
    <mem type="tenure" free="248784232" total="805306368" percent="30">
      <mem type="soa" free="240730472" total="797252608" percent="30" />
      <mem type="loa" free="8053760" total="8053760" percent="100" />
    </mem>
    <remembered-set count="104" />
  </mem-info>
</gc-start>
<allocation-stats totalBytes="103961440" >
  <allocated-bytes non-tlh="104" tlh="103961336" />
  <largest-consumer threadName="main" threadId="0000000000016F00" bytes="103961440" />
</allocation-stats>
<gc-op id="4347" type="scavenge" timems="80.736" contextid="4344" timestamp="2022-02-08T16:49:25.930">
  <scavenger-info tenureage="1" tenuremask="7ffe" tiltratio="67" />
  <memory-copied type="nursery" objects="1299032" bytes="73916720" bytesdiscarded="169936" />
  <memory-copied type="tenure" objects="1411954" bytes="77916712" bytesdiscarded="42000" />
  <object-monitors candidates="2" cleared="0"  />
</gc-op>
<gc-end id="4348" type="scavenge" contextid="4344" durationms="81.367" usertimems="308.668" systemtimems="2.499" stalltimems="3.288" timestamp="2022-02-08T16:49:25.931" activeThreads="4">
  <mem-info id="4349" free="279153552" total="1073741824" percent="25">
    <mem type="nursery" free="108496640" total="268435456" percent="40">
      <mem type="allocate" free="108496640" total="182583296" percent="59" />
      <mem type="survivor" free="0" total="85852160" percent="0" />
    </mem>
    <mem type="tenure" free="170656912" total="805306368" percent="21" macro-fragmented="1500163">
      <mem type="soa" free="162603152" total="797252608" percent="20" />
      <mem type="loa" free="8053760" total="8053760" percent="100" />
    </mem>
    <remembered-set count="104" />
  </mem-info>
</gc-end>
<cycle-end id="4350" type="scavenge" contextid="4344" timestamp="2022-02-08T16:49:25.931" />
<allocation-satisfied id="4351" threadId="0000000000016F00" bytesRequested="112" />
<af-end id="4352" timestamp="2022-02-08T16:49:25.931" threadId="0000000000017908" success="true" from="nursery"/>
<exclusive-end id="4353" timestamp="2022-02-08T16:49:25.931" durationms="81.667" />

<exclusive-start id="4354" timestamp="2022-02-08T16:49:26.881" intervalms="1032.218">
  <response-info timems="0.020" idlems="0.020" threads="0" lastid="0000000000016F00" lastname="main" />
</exclusive-start>
<af-start id="4355" threadId="0000000000017908" totalBytesRequested="96" timestamp="2022-02-08T16:49:26.881" intervalms="1032.216" type="nursery" />
<cycle-start id="4356" type="scavenge" contextid="0" timestamp="2022-02-08T16:49:26.882" intervalms="1032.226" />
<gc-start id="4357" type="scavenge" contextid="4356" timestamp="2022-02-08T16:49:26.882">
  <mem-info id="4358" free="170656912" total="1073741824" percent="15">
    <mem type="nursery" free="0" total="268435456" percent="0">
      <mem type="allocate" free="0" total="182583296" percent="0" />
      <mem type="survivor" free="0" total="85852160" percent="0" />
    </mem>
    <mem type="tenure" free="170656912" total="805306368" percent="21">
      <mem type="soa" free="162603152" total="797252608" percent="20" />
      <mem type="loa" free="8053760" total="8053760" percent="100" />
    </mem>
    <remembered-set count="135" />
  </mem-info>
</gc-start>
<allocation-stats totalBytes="108449424" >
  <allocated-bytes non-tlh="2938360" tlh="105511064" />
  <largest-consumer threadName="main" threadId="0000000000016F00" bytes="108449424" />
</allocation-stats>
<gc-op id="4359" type="scavenge" timems="80.524" contextid="4356" timestamp="2022-02-08T16:49:26.962">
  <scavenger-info tenureage="1" tenuremask="7ffe" tiltratio="68" />
  <memory-copied type="nursery" objects="1447829" bytes="76221472" bytesdiscarded="151952" />
  <memory-copied type="tenure" objects="1299032" bytes="73916720" bytesdiscarded="38272" />
  <finalization candidates="110" enqueued="53" />
  <references type="soft" candidates="14" cleared="0" enqueued="0" dynamicThreshold="12" maxThreshold="32" />
  <references type="weak" candidates="1" cleared="0" enqueued="0" />
  <references type="phantom" candidates="95" cleared="7" enqueued="7" />
  <object-monitors candidates="2" cleared="0"  />
</gc-op>
<gc-end id="4360" type="scavenge" contextid="4356" durationms="80.761" usertimems="313.172" systemtimems="0.875" stalltimems="3.451" timestamp="2022-02-08T16:49:26.962" activeThreads="4">
  <mem-info id="4361" free="203156912" total="1073741824" percent="18">
    <mem type="nursery" free="106406352" total="268435456" percent="39">
      <mem type="allocate" free="106406352" total="182779904" percent="58" />
      <mem type="survivor" free="0" total="85655552" percent="0" />
    </mem>
    <mem type="tenure" free="96750560" total="805306368" percent="12" macro-fragmented="27735676">
      <mem type="soa" free="88696800" total="797252608" percent="11" />
      <mem type="loa" free="8053760" total="8053760" percent="100" />
    </mem>
    <pending-finalizers system="52" default="1" reference="7" classloader="0" />
    <remembered-set count="130" />
  </mem-info>
</gc-end>
<cycle-end id="4362" type="scavenge" contextid="4356" timestamp="2022-02-08T16:49:26.963" />
<allocation-satisfied id="4363" threadId="0000000000016F00" bytesRequested="96" />
<af-end id="4364" timestamp="2022-02-08T16:49:26.963" threadId="0000000000017908" success="true" from="nursery"/>
<exclusive-end id="4365" timestamp="2022-02-08T16:49:26.963" durationms="81.104" />

<concurrent-kickoff id="4366" timestamp="2022-02-08T16:49:27.677">
  <kickoff reason="threshold reached" targetBytes="74443194" thresholdFreeBytes="6344101"  remainingFree="6332880" tenureFreeBytes="96750560" nurseryFreeBytes="6332880" />
</concurrent-kickoff>
<exclusive-start id="4367" timestamp="2022-02-08T16:49:27.680" intervalms="798.063">
  <response-info timems="0.023" idlems="0.023" threads="0" lastid="0000000000016F00" lastname="main" />
</exclusive-start>
<cycle-start id="4368" type="global" contextid="0" timestamp="2022-02-08T16:49:27.680" intervalms="3913.370" />
<concurrent-start id="4369" type="global mark" contextid="4368" timestamp="2022-02-08T16:49:27.680">
</concurrent-start>
<exclusive-end id="4370" timestamp="2022-02-08T16:49:27.680" durationms="0.029" />

<exclusive-start id="4371" timestamp="2022-02-08T16:49:27.849" intervalms="169.928">
  <response-info timems="0.018" idlems="0.018" threads="0" lastid="0000000000016F00" lastname="main" />
</exclusive-start>
<af-start id="4372" threadId="0000000000017908" totalBytesRequested="112" timestamp="2022-02-08T16:49:27.849" intervalms="967.991" type="nursery" />
<cycle-start id="4373" type="scavenge" contextid="0" timestamp="2022-02-08T16:49:27.850" intervalms="967.989" />
<gc-start id="4374" type="scavenge" contextid="4373" timestamp="2022-02-08T16:49:27.850">
  <mem-info id="4375" free="96750560" total="1073741824" percent="9">
    <mem type="nursery" free="0" total="268435456" percent="0">
      <mem type="allocate" free="0" total="182779904" percent="0" />
      <mem type="survivor" free="0" total="85655552" percent="0" />
    </mem>
    <mem type="tenure" free="96750560" total="805306368" percent="12">
      <mem type="soa" free="88696800" total="797252608" percent="11" />
      <mem type="loa" free="8053760" total="8053760" percent="100" />
    </mem>
    <remembered-set count="131" />
  </mem-info>
</gc-start>
<allocation-stats totalBytes="106356664" >
  <allocated-bytes non-tlh="96" tlh="106356568" />
  <largest-consumer threadName="main" threadId="0000000000016F00" bytes="106348472" />
</allocation-stats>
<gc-op id="4376" type="scavenge" timems="81.786" contextid="4373" timestamp="2022-02-08T16:49:27.931">
  <scavenger-info tenureage="1" tenuremask="7ffe" tiltratio="68" />
  <memory-copied type="nursery" objects="1379228" bytes="75802416" bytesdiscarded="486192" />
  <memory-copied type="tenure" objects="1447117" bytes="75753560" bytesdiscarded="35696" />
  <finalization candidates="57" enqueued="0" />
  <object-monitors candidates="2" cleared="0"  />
</gc-op>
<gc-end id="4377" type="scavenge" contextid="4373" durationms="81.913" usertimems="320.428" systemtimems="3.690" stalltimems="1.853" timestamp="2022-02-08T16:49:27.931" activeThreads="4">
  <mem-info id="4378" free="128157200" total="1073741824" percent="11">
    <mem type="nursery" free="107146656" total="268435456" percent="39">
      <mem type="allocate" free="107146656" total="183435264" percent="58" />
      <mem type="survivor" free="0" total="85000192" percent="0" />
    </mem>
    <mem type="tenure" free="21010544" total="805306368" percent="2" macro-fragmented="15625808">
      <mem type="soa" free="12956784" total="797252608" percent="1" />
      <mem type="loa" free="8053760" total="8053760" percent="100" />
    </mem>
    <remembered-set count="103" />
  </mem-info>
</gc-end>
<cycle-end id="4379" type="scavenge" contextid="4373" timestamp="2022-02-08T16:49:27.932" />
<allocation-satisfied id="4380" threadId="0000000000016F00" bytesRequested="112" />
<af-end id="4381" timestamp="2022-02-08T16:49:27.932" threadId="0000000000017908" success="true" from="nursery"/>
<exclusive-end id="4382" timestamp="2022-02-08T16:49:27.932" durationms="82.186" />

<concurrent-end id="4383" type="global mark" contextid="4368" timestamp="2022-02-08T16:49:28.020">
<gc-op id="4384" type="trace" timems="340.602" contextid="4368" timestamp="2022-02-08T16:49:28.020">
  <trace bytesTraced="74444440" workStackOverflowCount="0" />
  <card-cleaning reason="card cleaning threshold reached" bytesTraced="2488" cardsCleaned="2" />
</gc-op>
</concurrent-end>

<exclusive-start id="4385" timestamp="2022-02-08T16:49:28.020" intervalms="170.747">
  <response-info timems="0.020" idlems="0.020" threads="0" lastid="0000000000016F00" lastname="main" />
</exclusive-start>
<concurrent-global-final id="4386" timestamp="2022-02-08T16:49:28.020" contextid="4368" intervalms="3939.078" >
  <concurrent-trace-info reason="card cleaning threshold reached" tracedByMutators="50580840" tracedByHelpers="23866088" cardsCleaned="2" workStackOverflowCount="0" />
</concurrent-global-final>
<gc-start id="4387" type="global" contextid="4368" timestamp="2022-02-08T16:49:28.020">
  <mem-info id="4388" free="122553760" total="1073741824" percent="11">
    <mem type="nursery" free="101543216" total="268435456" percent="37">
      <mem type="allocate" free="101543216" total="183435264" percent="55" />
      <mem type="survivor" free="0" total="85000192" percent="0" />
    </mem>
    <mem type="tenure" free="21010544" total="805306368" percent="2">
      <mem type="soa" free="12956784" total="797252608" percent="1" />
      <mem type="loa" free="8053760" total="8053760" percent="100" />
    </mem>
    <remembered-set count="103" />
  </mem-info>
</gc-start>
<allocation-stats totalBytes="5600696" >
  <allocated-bytes non-tlh="112" tlh="5600584" />
  <largest-consumer threadName="main" threadId="0000000000016F00" bytes="5600696" />
</allocation-stats>
<gc-op id="4389" type="rs-scan" timems="0.530" contextid="4368" timestamp="2022-02-08T16:49:28.021">
  <scan objectsFound="0" bytesTraced="3988" workStackOverflowCount="0" />
</gc-op>
<gc-op id="4390" type="card-cleaning" timems="154.713" contextid="4368" timestamp="2022-02-08T16:49:28.176">
  <card-cleaning cardsCleaned="11" bytesTraced="71019156" workStackOverflowCount="0" />
</gc-op>
<gc-op id="4391" type="mark" timems="66.782" contextid="4368" timestamp="2022-02-08T16:49:28.242">
  <trace-info objectcount="2334511" scancount="1752411" scanbytes="37452456" />
  <finalization candidates="428" enqueued="57" />
  <ownableSynchronizers candidates="1" cleared="0" />
  <references type="soft" candidates="894" cleared="0" enqueued="0" dynamicThreshold="12" maxThreshold="32" />
  <references type="weak" candidates="1701" cleared="0" enqueued="0" />
  <references type="phantom" candidates="52" cleared="2" enqueued="2" />
  <stringconstants candidates="6470" cleared="0"  />
  <object-monitors candidates="2" cleared="0"  />
</gc-op>
<gc-op id="4392" type="sweep" timems="4.872" contextid="4368" timestamp="2022-02-08T16:49:28.247" />
<gc-end id="4393" type="global" contextid="4368" durationms="227.095" usertimems="242.204" systemtimems="0.032" stalltimems="199.527" timestamp="2022-02-08T16:49:28.247" activeThreads="4">
  <mem-info id="4394" free="366025872" total="1073741824" percent="34">
    <mem type="nursery" free="102122648" total="268435456" percent="38">
      <mem type="allocate" free="102122648" total="183435264" percent="55" />
      <mem type="survivor" free="0" total="85000192" percent="0" />
    </mem>
    <mem type="tenure" free="263903224" total="805306368" percent="32" micro-fragmented="211415" macro-fragmented="0">
      <mem type="soa" free="255849464" total="797252608" percent="32" />
      <mem type="loa" free="8053760" total="8053760" percent="100" />
    </mem>
    <pending-finalizers system="57" default="0" reference="2" classloader="0" />
    <remembered-set count="103" />
  </mem-info>
</gc-end>
<cycle-end id="4395" type="global" contextid="4368" timestamp="2022-02-08T16:49:28.247" />
<exclusive-end id="4396" timestamp="2022-02-08T16:49:28.247" durationms="227.293" />

<exclusive-start id="4397" timestamp="2022-02-08T16:49:28.892" intervalms="871.783">
  <response-info timems="0.019" idlems="0.019" threads="0" lastid="0000000000016F00" lastname="main" />
</exclusive-start>
<af-start id="4398" threadId="0000000000017908" totalBytesRequested="184" timestamp="2022-02-08T16:49:28.892" intervalms="1042.534" type="nursery" />
<cycle-start id="4399" type="scavenge" contextid="0" timestamp="2022-02-08T16:49:28.892" intervalms="1042.527" />
<gc-start id="4400" type="scavenge" contextid="4399" timestamp="2022-02-08T16:49:28.892">
  <mem-info id="4401" free="263903224" total="1073741824" percent="24">
    <mem type="nursery" free="0" total="268435456" percent="0">
      <mem type="allocate" free="0" total="183435264" percent="0" />
      <mem type="survivor" free="0" total="85000192" percent="0" />
    </mem>
    <mem type="tenure" free="263903224" total="805306368" percent="32">
      <mem type="soa" free="255849464" total="797252608" percent="32" />
      <mem type="loa" free="8053760" total="8053760" percent="100" />
    </mem>
    <remembered-set count="106" />
  </mem-info>
</gc-start>
<allocation-stats totalBytes="102075368" >
  <allocated-bytes non-tlh="0" tlh="102075368" />
  <largest-consumer threadName="main" threadId="0000000000016F00" bytes="102071272" />
</allocation-stats>
<gc-op id="4402" type="scavenge" timems="77.406" contextid="4399" timestamp="2022-02-08T16:49:28.970">
  <scavenger-info tenureage="1" tenuremask="7ffe" tiltratio="68" />
  <memory-copied type="nursery" objects="1347383" bytes="76442448" bytesdiscarded="170928" />
  <memory-copied type="tenure" objects="1379228" bytes="75802416" bytesdiscarded="43624" />
  <ownableSynchronizers candidates="2" cleared="2" />
  <object-monitors candidates="2" cleared="0"  />
</gc-op>
<gc-end id="4403" type="scavenge" contextid="4399" durationms="77.628" usertimems="301.851" systemtimems="3.312" stalltimems="3.674" timestamp="2022-02-08T16:49:28.970" activeThreads="4">
  <mem-info id="4404" free="294881504" total="1073741824" percent="27">
    <mem type="nursery" free="107215104" total="268435456" percent="39">
      <mem type="allocate" free="107215104" total="183828480" percent="58" />
      <mem type="survivor" free="0" total="84606976" percent="0" />
    </mem>
    <mem type="tenure" free="187666400" total="805306368" percent="23" macro-fragmented="0">
      <mem type="soa" free="179612640" total="797252608" percent="22" />
      <mem type="loa" free="8053760" total="8053760" percent="100" />
    </mem>
    <remembered-set count="105" />
  </mem-info>
</gc-end>
<cycle-end id="4405" type="scavenge" contextid="4399" timestamp="2022-02-08T16:49:28.970" />
<allocation-satisfied id="4406" threadId="0000000000016F00" bytesRequested="184" />
<af-end id="4407" timestamp="2022-02-08T16:49:28.970" threadId="0000000000017908" success="true" from="nursery"/>
<exclusive-end id="4408" timestamp="2022-02-08T16:49:28.970" durationms="77.918" />

<exclusive-start id="4409" timestamp="2022-02-08T16:49:29.901" intervalms="1008.602">
  <response-info timems="0.020" idlems="0.020" threads="0" lastid="0000000000016F00" lastname="main" />
</exclusive-start>
<af-start id="4410" threadId="0000000000017908" totalBytesRequested="24" timestamp="2022-02-08T16:49:29.901" intervalms="1008.612" type="nursery" />
<cycle-start id="4411" type="scavenge" contextid="0" timestamp="2022-02-08T16:49:29.901" intervalms="1008.613" />
<gc-start id="4412" type="scavenge" contextid="4411" timestamp="2022-02-08T16:49:29.901">
  <mem-info id="4413" free="187666400" total="1073741824" percent="17">
    <mem type="nursery" free="0" total="268435456" percent="0">
      <mem type="allocate" free="0" total="183828480" percent="0" />
      <mem type="survivor" free="0" total="84606976" percent="0" />
    </mem>
    <mem type="tenure" free="187666400" total="805306368" percent="23">
      <mem type="soa" free="179612640" total="797252608" percent="22" />
      <mem type="loa" free="8053760" total="8053760" percent="100" />
    </mem>
    <remembered-set count="136" />
  </mem-info>
</gc-start>
<allocation-stats totalBytes="107167920" >
  <allocated-bytes non-tlh="1661328" tlh="105506592" />
  <largest-consumer threadName="main" threadId="0000000000016F00" bytes="107167920" />
</allocation-stats>
<gc-op id="4414" type="scavenge" timems="87.148" contextid="4411" timestamp="2022-02-08T16:49:29.988">
  <scavenger-info tenureage="1" tenuremask="7ffe" tiltratio="68" />
  <memory-copied type="nursery" objects="1449608" bytes="75412672" bytesdiscarded="178776" />
  <memory-copied type="tenure" objects="1347382" bytes="76442344" bytesdiscarded="42176" />
  <finalization candidates="109" enqueued="53" />
  <references type="soft" candidates="14" cleared="0" enqueued="0" dynamicThreshold="10" maxThreshold="32" />
  <references type="weak" candidates="1" cleared="0" enqueued="0" />
  <references type="phantom" candidates="94" cleared="7" enqueued="7" />
  <object-monitors candidates="2" cleared="0"  />
</gc-op>
<gc-end id="4415" type="scavenge" contextid="4411" durationms="87.525" usertimems="339.496" systemtimems="0.000" stalltimems="4.268" timestamp="2022-02-08T16:49:29.988" activeThreads="4">
  <mem-info id="4416" free="219990664" total="1073741824" percent="20">
    <mem type="nursery" free="108630120" total="268435456" percent="40">
      <mem type="allocate" free="108630120" total="184221696" percent="58" />
      <mem type="survivor" free="0" total="84213760" percent="0" />
    </mem>
    <mem type="tenure" free="111360544" total="805306368" percent="13" macro-fragmented="0">
      <mem type="soa" free="103306784" total="797252608" percent="12" />
      <mem type="loa" free="8053760" total="8053760" percent="100" />
    </mem>
    <pending-finalizers system="52" default="1" reference="7" classloader="0" />
    <remembered-set count="132" />
  </mem-info>
</gc-end>
<cycle-end id="4417" type="scavenge" contextid="4411" timestamp="2022-02-08T16:49:29.989" />
<allocation-satisfied id="4418" threadId="0000000000016F00" bytesRequested="24" />
<af-end id="4419" timestamp="2022-02-08T16:49:29.989" threadId="0000000000017908" success="true" from="nursery"/>
<exclusive-end id="4420" timestamp="2022-02-08T16:49:29.989" durationms="87.991" />

<concurrent-kickoff id="4421" timestamp="2022-02-08T16:49:30.715">
  <kickoff reason="threshold reached" targetBytes="74444080" thresholdFreeBytes="6357326"  remainingFree="6250480" tenureFreeBytes="111360544" nurseryFreeBytes="6250480" />
</concurrent-kickoff>
<exclusive-start id="4422" timestamp="2022-02-08T16:49:30.717" intervalms="816.926">
  <response-info timems="0.018" idlems="0.018" threads="0" lastid="0000000000016F00" lastname="main" />
</exclusive-start>
<cycle-start id="4423" type="global" contextid="0" timestamp="2022-02-08T16:49:30.718" intervalms="3037.985" />
<concurrent-start id="4424" type="global mark" contextid="4423" timestamp="2022-02-08T16:49:30.718">
</concurrent-start>
<exclusive-end id="4425" timestamp="2022-02-08T16:49:30.718" durationms="0.027" />

<exclusive-start id="4426" timestamp="2022-02-08T16:49:30.880" intervalms="162.545">
  <response-info timems="0.039" idlems="0.039" threads="0" lastid="0000000000016F00" lastname="main" />
</exclusive-start>
<af-start id="4427" threadId="0000000000017908" totalBytesRequested="184" timestamp="2022-02-08T16:49:30.880" intervalms="979.459" type="nursery" />
<cycle-start id="4428" type="scavenge" contextid="0" timestamp="2022-02-08T16:49:30.880" intervalms="979.457" />
<gc-start id="4429" type="scavenge" contextid="4428" timestamp="2022-02-08T16:49:30.880">
  <mem-info id="4430" free="111360544" total="1073741824" percent="10">
    <mem type="nursery" free="0" total="268435456" percent="0">
      <mem type="allocate" free="0" total="184221696" percent="0" />
      <mem type="survivor" free="0" total="84213760" percent="0" />
    </mem>
    <mem type="tenure" free="111360544" total="805306368" percent="13">
      <mem type="soa" free="103306784" total="797252608" percent="12" />
      <mem type="loa" free="8053760" total="8053760" percent="100" />
    </mem>
    <remembered-set count="133" />
  </mem-info>
</gc-start>
<allocation-stats totalBytes="108579904" >
  <allocated-bytes non-tlh="1347704" tlh="107232200" />
  <largest-consumer threadName="main" threadId="0000000000016F00" bytes="108571712" />
</allocation-stats>
<gc-op id="4431" type="scavenge" timems="92.093" contextid="4428" timestamp="2022-02-08T16:49:30.972">
  <scavenger-info tenureage="1" tenuremask="7ffe" tiltratio="68" />
  <memory-copied type="nursery" objects="1380889" bytes="77738120" bytesdiscarded="133080" />
  <memory-copied type="tenure" objects="1448889" bytes="74469504" bytesdiscarded="44264" />
  <finalization candidates="57" enqueued="0" />
  <references type="phantom" candidates="1" cleared="0" enqueued="0" />
  <object-monitors candidates="2" cleared="0"  />
</gc-op>
<gc-end id="4432" type="scavenge" contextid="4428" durationms="92.945" usertimems="358.592" systemtimems="0.000" stalltimems="4.143" timestamp="2022-02-08T16:49:30.973" activeThreads="4">
  <mem-info id="4433" free="141317760" total="1073741824" percent="13">
    <mem type="nursery" free="104515488" total="268435456" percent="38">
      <mem type="allocate" free="104515488" total="182386688" percent="57" />
      <mem type="survivor" free="0" total="86048768" percent="0" />
    </mem>
    <mem type="tenure" free="36802272" total="805306368" percent="4" macro-fragmented="0">
      <mem type="soa" free="28748512" total="797252608" percent="3" />
      <mem type="loa" free="8053760" total="8053760" percent="100" />
    </mem>
    <remembered-set count="101" />
  </mem-info>
</gc-end>
<cycle-end id="4434" type="scavenge" contextid="4428" timestamp="2022-02-08T16:49:30.973" />
<allocation-satisfied id="4435" threadId="0000000000016F00" bytesRequested="184" />
<af-end id="4436" timestamp="2022-02-08T16:49:30.973" threadId="0000000000017908" success="true" from="nursery"/>
<exclusive-end id="4437" timestamp="2022-02-08T16:49:30.973" durationms="93.316" />

<concurrent-end id="4438" type="global mark" contextid="4423" timestamp="2022-02-08T16:49:31.064">
<gc-op id="4439" type="trace" timems="346.263" contextid="4423" timestamp="2022-02-08T16:49:31.064">
  <trace bytesTraced="74444648" workStackOverflowCount="0" />
  <card-cleaning reason="card cleaning threshold reached" bytesTraced="2488" cardsCleaned="2" />
</gc-op>
</concurrent-end>

<exclusive-start id="4440" timestamp="2022-02-08T16:49:31.064" intervalms="183.789">
  <response-info timems="0.022" idlems="0.022" threads="0" lastid="0000000000016F00" lastname="main" />
</exclusive-start>
<concurrent-global-final id="4441" timestamp="2022-02-08T16:49:31.064" contextid="4423" intervalms="3043.644" >
  <concurrent-trace-info reason="card cleaning threshold reached" tracedByMutators="52399668" tracedByHelpers="22047468" cardsCleaned="2" workStackOverflowCount="0" />
</concurrent-global-final>
<gc-start id="4442" type="global" contextid="4423" timestamp="2022-02-08T16:49:31.064">
  <mem-info id="4443" free="135452104" total="1073741824" percent="12">
    <mem type="nursery" free="98649832" total="268435456" percent="36">
      <mem type="allocate" free="98649832" total="182386688" percent="54" />
      <mem type="survivor" free="0" total="86048768" percent="0" />
    </mem>
    <mem type="tenure" free="36802272" total="805306368" percent="4">
      <mem type="soa" free="28748512" total="797252608" percent="3" />
      <mem type="loa" free="8053760" total="8053760" percent="100" />
    </mem>
    <remembered-set count="101" />
  </mem-info>
</gc-start>
<allocation-stats totalBytes="5862608" >
  <allocated-bytes non-tlh="184" tlh="5862424" />
  <largest-consumer threadName="main" threadId="0000000000016F00" bytes="5862608" />
</allocation-stats>
<gc-op id="4444" type="rs-scan" timems="0.571" contextid="4423" timestamp="2022-02-08T16:49:31.064">
  <scan objectsFound="29" bytesTraced="5420" workStackOverflowCount="0" />
</gc-op>
<gc-op id="4445" type="card-cleaning" timems="155.628" contextid="4423" timestamp="2022-02-08T16:49:31.220">
  <card-cleaning cardsCleaned="9" bytesTraced="71017300" workStackOverflowCount="0" />
</gc-op>
<gc-op id="4446" type="mark" timems="59.267" contextid="4423" timestamp="2022-02-08T16:49:31.279">
  <trace-info objectcount="2080807" scancount="1562133" scanbytes="33393192" />
  <finalization candidates="428" enqueued="57" />
  <ownableSynchronizers candidates="1" cleared="0" />
  <references type="soft" candidates="894" cleared="0" enqueued="0" dynamicThreshold="10" maxThreshold="32" />
  <references type="weak" candidates="1701" cleared="0" enqueued="0" />
  <references type="phantom" candidates="52" cleared="2" enqueued="2" />
  <stringconstants candidates="6470" cleared="0"  />
  <object-monitors candidates="2" cleared="0"  />
</gc-op>
<gc-op id="4447" type="sweep" timems="5.042" contextid="4423" timestamp="2022-02-08T16:49:31.285" />
<gc-end id="4448" type="global" contextid="4423" durationms="220.695" usertimems="235.709" systemtimems="0.000" stalltimems="177.665" timestamp="2022-02-08T16:49:31.285" activeThreads="4">
  <mem-info id="4449" free="378681192" total="1073741824" percent="35">
    <mem type="nursery" free="98873912" total="268435456" percent="36">
      <mem type="allocate" free="98873912" total="182386688" percent="54" />
      <mem type="survivor" free="0" total="86048768" percent="0" />
    </mem>
    <mem type="tenure" free="279807280" total="805306368" percent="34" micro-fragmented="290697" macro-fragmented="0">
      <mem type="soa" free="271753520" total="797252608" percent="34" />
      <mem type="loa" free="8053760" total="8053760" percent="100" />
    </mem>
    <pending-finalizers system="57" default="0" reference="2" classloader="0" />
    <remembered-set count="101" />
  </mem-info>
</gc-end>
<cycle-end id="4450" type="global" contextid="4423" timestamp="2022-02-08T16:49:31.285" />
<exclusive-end id="4451" timestamp="2022-02-08T16:49:31.285" durationms="220.900" />

<exclusive-start id="4452" timestamp="2022-02-08T16:49:31.941" intervalms="877.339">
  <response-info timems="0.024" idlems="0.024" threads="0" lastid="0000000000016F00" lastname="main" />
</exclusive-start>
<af-start id="4453" threadId="0000000000017908" totalBytesRequested="24" timestamp="2022-02-08T16:49:31.941" intervalms="1061.127" type="nursery" />
<cycle-start id="4454" type="scavenge" contextid="0" timestamp="2022-02-08T16:49:31.941" intervalms="1061.128" />
<gc-start id="4455" type="scavenge" contextid="4454" timestamp="2022-02-08T16:49:31.941">
  <mem-info id="4456" free="279807280" total="1073741824" percent="26">
    <mem type="nursery" free="0" total="268435456" percent="0">
      <mem type="allocate" free="0" total="182386688" percent="0" />
      <mem type="survivor" free="0" total="86048768" percent="0" />
    </mem>
    <mem type="tenure" free="279807280" total="805306368" percent="34">
      <mem type="soa" free="271753520" total="797252608" percent="34" />
      <mem type="loa" free="8053760" total="8053760" percent="100" />
    </mem>
    <remembered-set count="104" />
  </mem-info>
</gc-start>
<allocation-stats totalBytes="98826000" >
  <allocated-bytes non-tlh="0" tlh="98826000" />
  <largest-consumer threadName="main" threadId="0000000000016F00" bytes="98821904" />
</allocation-stats>
<gc-op id="4457" type="scavenge" timems="77.472" contextid="4454" timestamp="2022-02-08T16:49:32.019">
  <scavenger-info tenureage="1" tenuremask="7ffe" tiltratio="67" />
  <memory-copied type="nursery" objects="1314155" bytes="74345432" bytesdiscarded="193224" />
  <memory-copied type="tenure" objects="1380888" bytes="77738016" bytesdiscarded="48856" />
  <finalization candidates="1" enqueued="0" />
  <ownableSynchronizers candidates="2" cleared="2" />
  <object-monitors candidates="2" cleared="0"  />
</gc-op>
<gc-end id="4458" type="scavenge" contextid="4454" durationms="77.653" usertimems="305.680" systemtimems="0.000" stalltimems="3.572" timestamp="2022-02-08T16:49:32.019" activeThreads="4">
  <mem-info id="4459" free="309936272" total="1073741824" percent="28">
    <mem type="nursery" free="108241248" total="268435456" percent="40">
      <mem type="allocate" free="108241248" total="182779904" percent="59" />
      <mem type="survivor" free="0" total="85655552" percent="0" />
    </mem>
    <mem type="tenure" free="201695024" total="805306368" percent="25" macro-fragmented="0">
      <mem type="soa" free="193641264" total="797252608" percent="24" />
      <mem type="loa" free="8053760" total="8053760" percent="100" />
    </mem>
    <remembered-set count="105" />
  </mem-info>
</gc-end>
<cycle-end id="4460" type="scavenge" contextid="4454" timestamp="2022-02-08T16:49:32.019" />
<allocation-satisfied id="4461" threadId="0000000000016F00" bytesRequested="24" />
<af-end id="4462" timestamp="2022-02-08T16:49:32.019" threadId="0000000000017908" success="true" from="nursery"/>
<exclusive-end id="4463" timestamp="2022-02-08T16:49:32.019" durationms="77.962" />

<exclusive-start id="4464" timestamp="2022-02-08T16:49:32.945" intervalms="1003.669">
  <response-info timems="0.021" idlems="0.021" threads="0" lastid="0000000000016F00" lastname="main" />
</exclusive-start>
<af-start id="4465" threadId="0000000000017908" totalBytesRequested="24" timestamp="2022-02-08T16:49:32.945" intervalms="1003.670" type="nursery" />
<cycle-start id="4466" type="scavenge" contextid="0" timestamp="2022-02-08T16:49:32.945" intervalms="1003.669" />
<gc-start id="4467" type="scavenge" contextid="4466" timestamp="2022-02-08T16:49:32.945">
  <mem-info id="4468" free="201695024" total="1073741824" percent="18">
    <mem type="nursery" free="0" total="268435456" percent="0">
      <mem type="allocate" free="0" total="182779904" percent="0" />
      <mem type="survivor" free="0" total="85655552" percent="0" />
    </mem>
    <mem type="tenure" free="201695024" total="805306368" percent="25">
      <mem type="soa" free="193641264" total="797252608" percent="24" />
      <mem type="loa" free="8053760" total="8053760" percent="100" />
    </mem>
    <remembered-set count="136" />
  </mem-info>
</gc-start>
<allocation-stats totalBytes="108196376" >
  <allocated-bytes non-tlh="1590592" tlh="106605784" />
  <largest-consumer threadName="main" threadId="0000000000016F00" bytes="108196376" />
</allocation-stats>
<gc-op id="4469" type="scavenge" timems="83.239" contextid="4466" timestamp="2022-02-08T16:49:33.028">
  <scavenger-info tenureage="1" tenuremask="7ffe" tiltratio="68" />
  <memory-copied type="nursery" objects="1488236" bytes="76191504" bytesdiscarded="189000" />
  <memory-copied type="tenure" objects="1314155" bytes="74345432" bytesdiscarded="40744" />
  <finalization candidates="109" enqueued="53" />
  <references type="soft" candidates="14" cleared="0" enqueued="0" dynamicThreshold="11" maxThreshold="32" />
  <references type="weak" candidates="1" cleared="0" enqueued="0" />
  <references type="phantom" candidates="94" cleared="7" enqueued="7" />
  <object-monitors candidates="2" cleared="0"  />
</gc-op>
<gc-end id="4470" type="scavenge" contextid="4466" durationms="83.431" usertimems="325.117" systemtimems="0.000" stalltimems="2.659" timestamp="2022-02-08T16:49:33.028" activeThreads="4">
  <mem-info id="4471" free="234069328" total="1073741824" percent="21">
    <mem type="nursery" free="106661416" total="268435456" percent="39">
      <mem type="allocate" free="106661416" total="183042048" percent="58" />
      <mem type="survivor" free="0" total="85393408" percent="0" />
    </mem>
    <mem type="tenure" free="127407912" total="805306368" percent="15" macro-fragmented="0">
      <mem type="soa" free="119354152" total="797252608" percent="14" />
      <mem type="loa" free="8053760" total="8053760" percent="100" />
    </mem>
    <pending-finalizers system="52" default="1" reference="7" classloader="0" />
    <remembered-set count="131" />
  </mem-info>
</gc-end>
<cycle-end id="4472" type="scavenge" contextid="4466" timestamp="2022-02-08T16:49:33.028" />
<allocation-satisfied id="4473" threadId="0000000000016F00" bytesRequested="24" />
<af-end id="4474" timestamp="2022-02-08T16:49:33.029" threadId="0000000000017908" success="true" from="nursery"/>
<exclusive-end id="4475" timestamp="2022-02-08T16:49:33.029" durationms="83.687" />

<concurrent-kickoff id="4476" timestamp="2022-02-08T16:49:33.739">
  <kickoff reason="threshold reached" targetBytes="74444793" thresholdFreeBytes="6333744"  remainingFree="6260264" tenureFreeBytes="127407912" nurseryFreeBytes="6260264" />
</concurrent-kickoff>
<exclusive-start id="4477" timestamp="2022-02-08T16:49:33.742" intervalms="797.457">
  <response-info timems="0.024" idlems="0.024" threads="0" lastid="0000000000016F00" lastname="main" />
</exclusive-start>
<cycle-start id="4478" type="global" contextid="0" timestamp="2022-02-08T16:49:33.742" intervalms="3024.808" />
<concurrent-start id="4479" type="global mark" contextid="4478" timestamp="2022-02-08T16:49:33.742">
</concurrent-start>
<exclusive-end id="4480" timestamp="2022-02-08T16:49:33.742" durationms="0.038" />

<exclusive-start id="4481" timestamp="2022-02-08T16:49:33.895" intervalms="152.675">
  <response-info timems="0.044" idlems="0.044" threads="0" lastid="0000000000016F00" lastname="main" />
</exclusive-start>
<af-start id="4482" threadId="0000000000017908" totalBytesRequested="104" timestamp="2022-02-08T16:49:33.895" intervalms="950.133" type="nursery" />
<cycle-start id="4483" type="scavenge" contextid="0" timestamp="2022-02-08T16:49:33.895" intervalms="950.132" />
<gc-start id="4484" type="scavenge" contextid="4483" timestamp="2022-02-08T16:49:33.895">
  <mem-info id="4485" free="127407912" total="1073741824" percent="11">
    <mem type="nursery" free="0" total="268435456" percent="0">
      <mem type="allocate" free="0" total="183042048" percent="0" />
      <mem type="survivor" free="0" total="85393408" percent="0" />
    </mem>
    <mem type="tenure" free="127407912" total="805306368" percent="15">
      <mem type="soa" free="119354152" total="797252608" percent="14" />
      <mem type="loa" free="8053760" total="8053760" percent="100" />
    </mem>
    <remembered-set count="132" />
  </mem-info>
</gc-start>
<allocation-stats totalBytes="106611448" >
  <allocated-bytes non-tlh="1347704" tlh="105263744" />
  <largest-consumer threadName="main" threadId="0000000000016F00" bytes="106603256" />
</allocation-stats>
<gc-op id="4486" type="scavenge" timems="91.594" contextid="4483" timestamp="2022-02-08T16:49:33.987">
  <scavenger-info tenureage="1" tenuremask="7ffe" tiltratio="68" />
  <memory-copied type="nursery" objects="1332683" bytes="76295744" bytesdiscarded="159432" />
  <memory-copied type="tenure" objects="1487517" bytes="75248336" bytesdiscarded="37488" />
  <finalization candidates="57" enqueued="0" />
  <references type="phantom" candidates="1" cleared="0" enqueued="0" />
  <object-monitors candidates="2" cleared="0"  />
</gc-op>
<gc-end id="4487" type="scavenge" contextid="4483" durationms="92.025" usertimems="354.841" systemtimems="0.000" stalltimems="3.799" timestamp="2022-02-08T16:49:33.987" activeThreads="4">
  <mem-info id="4488" free="159352608" total="1073741824" percent="14">
    <mem type="nursery" free="107176696" total="268435456" percent="39">
      <mem type="allocate" free="107176696" total="183631872" percent="58" />
      <mem type="survivor" free="0" total="84803584" percent="0" />
    </mem>
    <mem type="tenure" free="52175912" total="805306368" percent="6" macro-fragmented="290741">
      <mem type="soa" free="44122152" total="797252608" percent="5" />
      <mem type="loa" free="8053760" total="8053760" percent="100" />
    </mem>
    <remembered-set count="101" />
  </mem-info>
</gc-end>
<cycle-end id="4489" type="scavenge" contextid="4483" timestamp="2022-02-08T16:49:33.987" />
<allocation-satisfied id="4490" threadId="0000000000016F00" bytesRequested="104" />
<af-end id="4491" timestamp="2022-02-08T16:49:33.987" threadId="0000000000017908" success="true" from="nursery"/>
<exclusive-end id="4492" timestamp="2022-02-08T16:49:33.987" durationms="92.289" />

<concurrent-end id="4493" type="global mark" contextid="4478" timestamp="2022-02-08T16:49:34.066">
<gc-op id="4494" type="trace" timems="323.544" contextid="4478" timestamp="2022-02-08T16:49:34.066">
  <trace bytesTraced="74442808" workStackOverflowCount="0" />
  <card-cleaning reason="card cleaning threshold reached" bytesTraced="188" cardsCleaned="1" />
</gc-op>
</concurrent-end>

<exclusive-start id="4495" timestamp="2022-02-08T16:49:34.066" intervalms="171.018">
  <response-info timems="0.050" idlems="0.050" threads="0" lastid="0000000000016F00" lastname="main" />
</exclusive-start>
<concurrent-global-final id="4496" timestamp="2022-02-08T16:49:34.066" contextid="4478" intervalms="3002.160" >
  <concurrent-trace-info reason="card cleaning threshold reached" tracedByMutators="56022584" tracedByHelpers="18420412" cardsCleaned="1" workStackOverflowCount="0" />
</concurrent-global-final>
<gc-start id="4497" type="global" contextid="4478" timestamp="2022-02-08T16:49:34.066">
  <mem-info id="4498" free="154142392" total="1073741824" percent="14">
    <mem type="nursery" free="101966480" total="268435456" percent="37">
      <mem type="allocate" free="101966480" total="183631872" percent="55" />
      <mem type="survivor" free="0" total="84803584" percent="0" />
    </mem>
    <mem type="tenure" free="52175912" total="805306368" percent="6">
      <mem type="soa" free="44122152" total="797252608" percent="5" />
      <mem type="loa" free="8053760" total="8053760" percent="100" />
    </mem>
    <remembered-set count="101" />
  </mem-info>
</gc-start>
<allocation-stats totalBytes="5208408" >
  <allocated-bytes non-tlh="104" tlh="5208304" />
  <largest-consumer threadName="main" threadId="0000000000016F00" bytes="5208408" />
</allocation-stats>
<gc-op id="4499" type="rs-scan" timems="0.576" contextid="4478" timestamp="2022-02-08T16:49:34.067">
  <scan objectsFound="29" bytesTraced="5420" workStackOverflowCount="0" />
</gc-op>
<gc-op id="4500" type="card-cleaning" timems="158.921" contextid="4478" timestamp="2022-02-08T16:49:34.226">
  <card-cleaning cardsCleaned="9" bytesTraced="71017300" workStackOverflowCount="0" />
</gc-op>
<gc-op id="4501" type="mark" timems="61.594" contextid="4478" timestamp="2022-02-08T16:49:34.287">
  <trace-info objectcount="1778540" scancount="1335432" scanbytes="28556952" />
  <finalization candidates="428" enqueued="57" />
  <ownableSynchronizers candidates="1" cleared="0" />
  <references type="soft" candidates="894" cleared="0" enqueued="0" dynamicThreshold="11" maxThreshold="32" />
  <references type="weak" candidates="1701" cleared="0" enqueued="0" />
  <references type="phantom" candidates="52" cleared="2" enqueued="2" />
  <stringconstants candidates="6470" cleared="0"  />
  <object-monitors candidates="2" cleared="0"  />
</gc-op>
<gc-op id="4502" type="sweep" timems="5.097" contextid="4478" timestamp="2022-02-08T16:49:34.293" />
<gc-end id="4503" type="global" contextid="4478" durationms="226.587" usertimems="281.398" systemtimems="5.141" stalltimems="139.791" timestamp="2022-02-08T16:49:34.293" activeThreads="4">
  <mem-info id="4504" free="397305432" total="1073741824" percent="37">
    <mem type="nursery" free="102219400" total="268435456" percent="38">
      <mem type="allocate" free="102219400" total="183631872" percent="55" />
      <mem type="survivor" free="0" total="84803584" percent="0" />
    </mem>
    <mem type="tenure" free="295086032" total="805306368" percent="36" micro-fragmented="284700" macro-fragmented="0">
      <mem type="soa" free="287032272" total="797252608" percent="36" />
      <mem type="loa" free="8053760" total="8053760" percent="100" />
    </mem>
    <pending-finalizers system="57" default="0" reference="2" classloader="0" />
    <remembered-set count="101" />
  </mem-info>
</gc-end>
<cycle-end id="4505" type="global" contextid="4478" timestamp="2022-02-08T16:49:34.293" />
<exclusive-end id="4506" timestamp="2022-02-08T16:49:34.293" durationms="226.785" />

<exclusive-start id="4507" timestamp="2022-02-08T16:49:34.982" intervalms="915.877">
  <response-info timems="0.019" idlems="0.019" threads="0" lastid="0000000000016F00" lastname="main" />
</exclusive-start>
<af-start id="4508" threadId="0000000000017908" totalBytesRequested="112" timestamp="2022-02-08T16:49:34.982" intervalms="1086.893" type="nursery" />
<cycle-start id="4509" type="scavenge" contextid="0" timestamp="2022-02-08T16:49:34.982" intervalms="1086.893" />
<gc-start id="4510" type="scavenge" contextid="4509" timestamp="2022-02-08T16:49:34.982">
  <mem-info id="4511" free="295086032" total="1073741824" percent="27">
    <mem type="nursery" free="0" total="268435456" percent="0">
      <mem type="allocate" free="0" total="183631872" percent="0" />
      <mem type="survivor" free="0" total="84803584" percent="0" />
    </mem>
    <mem type="tenure" free="295086032" total="805306368" percent="36">
      <mem type="soa" free="287032272" total="797252608" percent="36" />
      <mem type="loa" free="8053760" total="8053760" percent="100" />
    </mem>
    <remembered-set count="104" />
  </mem-info>
</gc-start>
<allocation-stats totalBytes="102171864" >
  <allocated-bytes non-tlh="0" tlh="102171864" />
  <largest-consumer threadName="main" threadId="0000000000016F00" bytes="102167768" />
</allocation-stats>
<gc-op id="4512" type="scavenge" timems="82.134" contextid="4509" timestamp="2022-02-08T16:49:35.064">
  <scavenger-info tenureage="1" tenuremask="7ffe" tiltratio="68" />
  <memory-copied type="nursery" objects="1357642" bytes="76286336" bytesdiscarded="186904" />
  <memory-copied type="tenure" objects="1332683" bytes="76295744" bytesdiscarded="46888" />
  <finalization candidates="1" enqueued="0" />
  <ownableSynchronizers candidates="2" cleared="2" />
  <object-monitors candidates="2" cleared="0"  />
</gc-op>
<gc-end id="4513" type="scavenge" contextid="4509" durationms="82.502" usertimems="324.714" systemtimems="0.327" stalltimems="2.694" timestamp="2022-02-08T16:49:35.064" activeThreads="4">
  <mem-info id="4514" free="326233496" total="1073741824" percent="30">
    <mem type="nursery" free="107617384" total="268435456" percent="40">
      <mem type="allocate" free="107617384" total="184090624" percent="58" />
      <mem type="survivor" free="0" total="84344832" percent="0" />
    </mem>
    <mem type="tenure" free="218616112" total="805306368" percent="27" macro-fragmented="0">
      <mem type="soa" free="210562352" total="797252608" percent="26" />
      <mem type="loa" free="8053760" total="8053760" percent="100" />
    </mem>
    <remembered-set count="105" />
  </mem-info>
</gc-end>
<cycle-end id="4515" type="scavenge" contextid="4509" timestamp="2022-02-08T16:49:35.065" />
<allocation-satisfied id="4516" threadId="0000000000016F00" bytesRequested="112" />
<af-end id="4517" timestamp="2022-02-08T16:49:35.065" threadId="0000000000017908" success="true" from="nursery"/>
<exclusive-end id="4518" timestamp="2022-02-08T16:49:35.065" durationms="82.761" />

<exclusive-start id="4519" timestamp="2022-02-08T16:49:35.960" intervalms="977.885">
  <response-info timems="0.021" idlems="0.021" threads="0" lastid="0000000000016F00" lastname="main" />
</exclusive-start>
<af-start id="4520" threadId="0000000000017908" totalBytesRequested="208" timestamp="2022-02-08T16:49:35.960" intervalms="977.888" type="nursery" />
<cycle-start id="4521" type="scavenge" contextid="0" timestamp="2022-02-08T16:49:35.960" intervalms="977.890" />
<gc-start id="4522" type="scavenge" contextid="4521" timestamp="2022-02-08T16:49:35.960">
  <mem-info id="4523" free="218616112" total="1073741824" percent="20">
    <mem type="nursery" free="0" total="268435456" percent="0">
      <mem type="allocate" free="0" total="184090624" percent="0" />
      <mem type="survivor" free="0" total="84344832" percent="0" />
    </mem>
    <mem type="tenure" free="218616112" total="805306368" percent="27">
      <mem type="soa" free="210562352" total="797252608" percent="26" />
      <mem type="loa" free="8053760" total="8053760" percent="100" />
    </mem>
    <remembered-set count="135" />
  </mem-info>
</gc-start>
<allocation-stats totalBytes="107570752" >
  <allocated-bytes non-tlh="848816" tlh="106721936" />
  <largest-consumer threadName="main" threadId="0000000000016F00" bytes="107570752" />
</allocation-stats>
<gc-op id="4524" type="scavenge" timems="88.979" contextid="4521" timestamp="2022-02-08T16:49:36.049">
  <scavenger-info tenureage="1" tenuremask="7ffe" tiltratio="68" />
  <memory-copied type="nursery" objects="1467651" bytes="75781768" bytesdiscarded="228520" />
  <memory-copied type="tenure" objects="1357642" bytes="76286336" bytesdiscarded="42680" />
  <finalization candidates="105" enqueued="53" />
  <references type="soft" candidates="14" cleared="0" enqueued="0" dynamicThreshold="11" maxThreshold="32" />
  <references type="weak" candidates="1" cleared="0" enqueued="0" />
  <references type="phantom" candidates="90" cleared="7" enqueued="7" />
  <object-monitors candidates="2" cleared="0"  />
</gc-op>
<gc-end id="4525" type="scavenge" contextid="4521" durationms="89.240" usertimems="333.544" systemtimems="3.855" stalltimems="7.189" timestamp="2022-02-08T16:49:36.049" activeThreads="4">
  <mem-info id="4526" free="250642048" total="1073741824" percent="23">
    <mem type="nursery" free="108473424" total="268435456" percent="40">
      <mem type="allocate" free="108473424" total="184483840" percent="58" />
      <mem type="survivor" free="0" total="83951616" percent="0" />
    </mem>
    <mem type="tenure" free="142168624" total="805306368" percent="17" macro-fragmented="0">
      <mem type="soa" free="134114864" total="797252608" percent="16" />
      <mem type="loa" free="8053760" total="8053760" percent="100" />
    </mem>
    <pending-finalizers system="52" default="1" reference="7" classloader="0" />
    <remembered-set count="131" />
  </mem-info>
</gc-end>
<cycle-end id="4527" type="scavenge" contextid="4521" timestamp="2022-02-08T16:49:36.049" />
<allocation-satisfied id="4528" threadId="0000000000016F00" bytesRequested="208" />
<af-end id="4529" timestamp="2022-02-08T16:49:36.050" threadId="0000000000017908" success="true" from="nursery"/>
<exclusive-end id="4530" timestamp="2022-02-08T16:49:36.050" durationms="89.783" />

<concurrent-kickoff id="4531" timestamp="2022-02-08T16:49:36.756">
  <kickoff reason="threshold reached" targetBytes="74444271" thresholdFreeBytes="6290241"  remainingFree="6271112" tenureFreeBytes="142168624" nurseryFreeBytes="6271112" />
</concurrent-kickoff>
<exclusive-start id="4532" timestamp="2022-02-08T16:49:36.760" intervalms="799.797">
  <response-info timems="0.025" idlems="0.025" threads="0" lastid="0000000000016F00" lastname="main" />
</exclusive-start>
<cycle-start id="4533" type="global" contextid="0" timestamp="2022-02-08T16:49:36.760" intervalms="3017.250" />
<concurrent-start id="4534" type="global mark" contextid="4533" timestamp="2022-02-08T16:49:36.760">
</concurrent-start>
<exclusive-end id="4535" timestamp="2022-02-08T16:49:36.760" durationms="0.035" />

<exclusive-start id="4536" timestamp="2022-02-08T16:49:36.954" intervalms="194.160">
  <response-info timems="0.032" idlems="0.032" threads="0" lastid="0000000000016F00" lastname="main" />
</exclusive-start>
<af-start id="4537" threadId="0000000000017908" totalBytesRequested="24" timestamp="2022-02-08T16:49:36.954" intervalms="993.956" type="nursery" />
<cycle-start id="4538" type="scavenge" contextid="0" timestamp="2022-02-08T16:49:36.954" intervalms="993.954" />
<gc-start id="4539" type="scavenge" contextid="4538" timestamp="2022-02-08T16:49:36.954">
  <mem-info id="4540" free="142168624" total="1073741824" percent="13">
    <mem type="nursery" free="0" total="268435456" percent="0">
      <mem type="allocate" free="0" total="184483840" percent="0" />
      <mem type="survivor" free="0" total="83951616" percent="0" />
    </mem>
    <mem type="tenure" free="142168624" total="805306368" percent="17">
      <mem type="soa" free="134114864" total="797252608" percent="16" />
      <mem type="loa" free="8053760" total="8053760" percent="100" />
    </mem>
    <remembered-set count="132" />
  </mem-info>
</gc-start>
<allocation-stats totalBytes="108424304" >
  <allocated-bytes non-tlh="2063304" tlh="106361000" />
  <largest-consumer threadName="main" threadId="0000000000016F00" bytes="108416112" />
</allocation-stats>
<gc-op id="4541" type="scavenge" timems="85.275" contextid="4538" timestamp="2022-02-08T16:49:37.039">
  <scavenger-info tenureage="1" tenuremask="7ffe" tiltratio="68" />
  <memory-copied type="nursery" objects="1368844" bytes="77136520" bytesdiscarded="170200" />
  <memory-copied type="tenure" objects="1466929" bytes="75252712" bytesdiscarded="39520" />
  <finalization candidates="57" enqueued="0" />
  <references type="phantom" candidates="5" cleared="0" enqueued="0" />
  <object-monitors candidates="2" cleared="0"  />
</gc-op>
<gc-end id="4542" type="scavenge" contextid="4538" durationms="85.440" usertimems="327.723" systemtimems="0.170" stalltimems="6.073" timestamp="2022-02-08T16:49:37.039" activeThreads="4">
  <mem-info id="4543" free="173315520" total="1073741824" percent="16">
    <mem type="nursery" free="106521760" total="268435456" percent="39">
      <mem type="allocate" free="106521760" total="183828480" percent="57" />
      <mem type="survivor" free="0" total="84606976" percent="0" />
    </mem>
    <mem type="tenure" free="66793760" total="805306368" percent="8" macro-fragmented="39939376">
      <mem type="soa" free="58740000" total="797252608" percent="7" />
      <mem type="loa" free="8053760" total="8053760" percent="100" />
    </mem>
    <remembered-set count="102" />
  </mem-info>
</gc-end>
<cycle-end id="4544" type="scavenge" contextid="4538" timestamp="2022-02-08T16:49:37.039" />
<allocation-satisfied id="4545" threadId="0000000000016F00" bytesRequested="24" />
<af-end id="4546" timestamp="2022-02-08T16:49:37.040" threadId="0000000000017908" success="true" from="nursery"/>
<exclusive-end id="4547" timestamp="2022-02-08T16:49:37.040" durationms="85.897" />

<concurrent-end id="4548" type="global mark" contextid="4533" timestamp="2022-02-08T16:49:37.072">
<gc-op id="4549" type="trace" timems="311.967" contextid="4533" timestamp="2022-02-08T16:49:37.072">
  <trace bytesTraced="74445064" workStackOverflowCount="0" />
  <card-cleaning reason="card cleaning threshold reached" bytesTraced="2488" cardsCleaned="2" />
</gc-op>
</concurrent-end>

<exclusive-start id="4550" timestamp="2022-02-08T16:49:37.072" intervalms="117.978">
  <response-info timems="0.039" idlems="0.039" threads="0" lastid="0000000000016F00" lastname="main" />
</exclusive-start>
<concurrent-global-final id="4551" timestamp="2022-02-08T16:49:37.072" contextid="4533" intervalms="3005.706" >
  <concurrent-trace-info reason="card cleaning threshold reached" tracedByMutators="39824940" tracedByHelpers="34622612" cardsCleaned="2" workStackOverflowCount="0" />
</concurrent-global-final>
<gc-start id="4552" type="global" contextid="4533" timestamp="2022-02-08T16:49:37.072">
  <mem-info id="4553" free="171120040" total="1073741824" percent="15">
    <mem type="nursery" free="104326280" total="268435456" percent="38">
      <mem type="allocate" free="104326280" total="183828480" percent="56" />
      <mem type="survivor" free="0" total="84606976" percent="0" />
    </mem>
    <mem type="tenure" free="66793760" total="805306368" percent="8">
      <mem type="soa" free="58740000" total="797252608" percent="7" />
      <mem type="loa" free="8053760" total="8053760" percent="100" />
    </mem>
    <remembered-set count="102" />
  </mem-info>
</gc-start>
<allocation-stats totalBytes="2193800" >
  <allocated-bytes non-tlh="24" tlh="2193776" />
  <largest-consumer threadName="main" threadId="0000000000016F00" bytes="2193800" />
</allocation-stats>
<gc-op id="4554" type="rs-scan" timems="2.057" contextid="4533" timestamp="2022-02-08T16:49:37.074">
  <scan objectsFound="29" bytesTraced="5420" workStackOverflowCount="0" />
</gc-op>
<gc-op id="4555" type="card-cleaning" timems="152.404" contextid="4533" timestamp="2022-02-08T16:49:37.226">
  <card-cleaning cardsCleaned="8" bytesTraced="71017172" workStackOverflowCount="0" />
</gc-op>
<gc-op id="4556" type="mark" timems="41.255" contextid="4533" timestamp="2022-02-08T16:49:37.268">
  <trace-info objectcount="1503519" scancount="1129167" scanbytes="24156584" />
  <finalization candidates="428" enqueued="57" />
  <ownableSynchronizers candidates="1" cleared="0" />
  <references type="soft" candidates="894" cleared="0" enqueued="0" dynamicThreshold="11" maxThreshold="32" />
  <references type="weak" candidates="1701" cleared="0" enqueued="0" />
  <references type="phantom" candidates="52" cleared="2" enqueued="2" />
  <stringconstants candidates="6470" cleared="0"  />
  <object-monitors candidates="2" cleared="0"  />
</gc-op>
<gc-op id="4557" type="sweep" timems="6.800" contextid="4533" timestamp="2022-02-08T16:49:37.275" />
<gc-end id="4558" type="global" contextid="4533" durationms="202.973" usertimems="219.152" systemtimems="0.000" stalltimems="123.685" timestamp="2022-02-08T16:49:37.275" activeThreads="4">
  <mem-info id="4559" free="414450296" total="1073741824" percent="38">
    <mem type="nursery" free="104584216" total="268435456" percent="38">
      <mem type="allocate" free="104584216" total="183828480" percent="56" />
      <mem type="survivor" free="0" total="84606976" percent="0" />
    </mem>
    <mem type="tenure" free="309866080" total="805306368" percent="38" micro-fragmented="341885" macro-fragmented="0">
      <mem type="soa" free="301812320" total="797252608" percent="37" />
      <mem type="loa" free="8053760" total="8053760" percent="100" />
    </mem>
    <pending-finalizers system="57" default="0" reference="2" classloader="0" />
    <remembered-set count="102" />
  </mem-info>
</gc-end>
<cycle-end id="4560" type="global" contextid="4533" timestamp="2022-02-08T16:49:37.275" />
<exclusive-end id="4561" timestamp="2022-02-08T16:49:37.275" durationms="203.258" />

<exclusive-start id="4562" timestamp="2022-02-08T16:49:38.007" intervalms="935.633">
  <response-info timems="0.087" idlems="0.087" threads="0" lastid="0000000000016F00" lastname="main" />
</exclusive-start>
<af-start id="4563" threadId="0000000000017908" totalBytesRequested="200" timestamp="2022-02-08T16:49:38.007" intervalms="1053.652" type="nursery" />
<cycle-start id="4564" type="scavenge" contextid="0" timestamp="2022-02-08T16:49:38.007" intervalms="1053.655" />
<gc-start id="4565" type="scavenge" contextid="4564" timestamp="2022-02-08T16:49:38.007">
  <mem-info id="4566" free="309866080" total="1073741824" percent="28">
    <mem type="nursery" free="0" total="268435456" percent="0">
      <mem type="allocate" free="0" total="183828480" percent="0" />
      <mem type="survivor" free="0" total="84606976" percent="0" />
    </mem>
    <mem type="tenure" free="309866080" total="805306368" percent="38">
      <mem type="soa" free="301812320" total="797252608" percent="37" />
      <mem type="loa" free="8053760" total="8053760" percent="100" />
    </mem>
    <remembered-set count="105" />
  </mem-info>
</gc-start>
<allocation-stats totalBytes="104535480" >
  <allocated-bytes non-tlh="0" tlh="104535480" />
  <largest-consumer threadName="main" threadId="0000000000016F00" bytes="104531384" />
</allocation-stats>
<gc-op id="4567" type="scavenge" timems="80.666" contextid="4564" timestamp="2022-02-08T16:49:38.088">
  <scavenger-info tenureage="1" tenuremask="7ffe" tiltratio="68" />
  <memory-copied type="nursery" objects="1344511" bytes="75819200" bytesdiscarded="270400" />
  <memory-copied type="tenure" objects="1368843" bytes="77136496" bytesdiscarded="44752" />
  <finalization candidates="5" enqueued="0" />
  <ownableSynchronizers candidates="2" cleared="2" />
  <object-monitors candidates="2" cleared="0"  />
</gc-op>
<gc-end id="4568" type="scavenge" contextid="4564" durationms="80.944" usertimems="312.663" systemtimems="0.000" stalltimems="2.858" timestamp="2022-02-08T16:49:38.088" activeThreads="4">
  <mem-info id="4569" free="340530240" total="1073741824" percent="31">
    <mem type="nursery" free="108001024" total="268435456" percent="40">
      <mem type="allocate" free="108001024" total="184090624" percent="58" />
      <mem type="survivor" free="0" total="84344832" percent="0" />
    </mem>
    <mem type="tenure" free="232529216" total="805306368" percent="28" macro-fragmented="0">
      <mem type="soa" free="224475456" total="797252608" percent="28" />
      <mem type="loa" free="8053760" total="8053760" percent="100" />
    </mem>
    <remembered-set count="105" />
  </mem-info>
</gc-end>
<cycle-end id="4570" type="scavenge" contextid="4564" timestamp="2022-02-08T16:49:38.089" />
<allocation-satisfied id="4571" threadId="0000000000016F00" bytesRequested="200" />
<af-end id="4572" timestamp="2022-02-08T16:49:38.089" threadId="0000000000017908" success="true" from="nursery"/>
<exclusive-end id="4573" timestamp="2022-02-08T16:49:38.089" durationms="81.344" />

<exclusive-start id="4574" timestamp="2022-02-08T16:49:38.810" intervalms="802.930">
  <response-info timems="0.056" idlems="0.056" threads="0" lastid="0000000000016F00" lastname="main" />
</exclusive-start>
<af-start id="4575" threadId="0000000000017908" totalBytesRequested="184" timestamp="2022-02-08T16:49:38.810" intervalms="802.889" type="nursery" />
<cycle-start id="4576" type="scavenge" contextid="0" timestamp="2022-02-08T16:49:38.810" intervalms="802.887" />
<gc-start id="4577" type="scavenge" contextid="4576" timestamp="2022-02-08T16:49:38.810">
  <mem-info id="4578" free="232529216" total="1073741824" percent="21">
    <mem type="nursery" free="0" total="268435456" percent="0">
      <mem type="allocate" free="0" total="184090624" percent="0" />
      <mem type="survivor" free="0" total="84344832" percent="0" />
    </mem>
    <mem type="tenure" free="232529216" total="805306368" percent="28">
      <mem type="soa" free="224475456" total="797252608" percent="28" />
      <mem type="loa" free="8053760" total="8053760" percent="100" />
    </mem>
    <remembered-set count="119" />
  </mem-info>
</gc-start>
<allocation-stats totalBytes="107952184" >
  <allocated-bytes non-tlh="453904" tlh="107498280" />
  <largest-consumer threadName="main" threadId="0000000000016F00" bytes="107952184" />
</allocation-stats>
<gc-op id="4579" type="scavenge" timems="79.997" contextid="4576" timestamp="2022-02-08T16:49:38.890">
  <scavenger-info tenureage="1" tenuremask="7ffe" tiltratio="68" />
  <memory-copied type="nursery" objects="1356638" bytes="76859832" bytesdiscarded="55312" />
  <memory-copied type="tenure" objects="1344510" bytes="75819088" bytesdiscarded="43288" />
  <finalization candidates="30" enqueued="18" />
  <references type="phantom" candidates="30" cleared="0" enqueued="0" />
  <object-monitors candidates="2" cleared="0"  />
</gc-op>
<gc-end id="4580" type="scavenge" contextid="4576" durationms="80.279" usertimems="308.788" systemtimems="5.015" stalltimems="5.602" timestamp="2022-02-08T16:49:38.891" activeThreads="4">
  <mem-info id="4581" free="263851072" total="1073741824" percent="24">
    <mem type="nursery" free="107306552" total="268435456" percent="39">
      <mem type="allocate" free="107306552" total="184221696" percent="58" />
      <mem type="survivor" free="0" total="84213760" percent="0" />
    </mem>
    <mem type="tenure" free="156544520" total="805306368" percent="19" macro-fragmented="39939376">
      <mem type="soa" free="148490760" total="797252608" percent="18" />
      <mem type="loa" free="8053760" total="8053760" percent="100" />
    </mem>
    <pending-finalizers system="18" default="0" reference="0" classloader="0" />
    <remembered-set count="119" />
  </mem-info>
</gc-end>
<cycle-end id="4582" type="scavenge" contextid="4576" timestamp="2022-02-08T16:49:38.891" />
<allocation-satisfied id="4583" threadId="0000000000016F00" bytesRequested="184" />
<af-end id="4584" timestamp="2022-02-08T16:49:38.891" threadId="0000000000017908" success="true" from="nursery"/>
<exclusive-end id="4585" timestamp="2022-02-08T16:49:38.891" durationms="80.666" />

<concurrent-kickoff id="4586" timestamp="2022-02-08T16:49:39.740">
  <kickoff reason="threshold reached" targetBytes="74445045" thresholdFreeBytes="6525206"  remainingFree="6512184" tenureFreeBytes="156544520" nurseryFreeBytes="6512184" />
</concurrent-kickoff>
<exclusive-start id="4587" timestamp="2022-02-08T16:49:39.743" intervalms="933.209">
  <response-info timems="0.023" idlems="0.023" threads="0" lastid="0000000000016F00" lastname="main" />
</exclusive-start>
<cycle-start id="4588" type="global" contextid="0" timestamp="2022-02-08T16:49:39.743" intervalms="2983.909" />
<concurrent-start id="4589" type="global mark" contextid="4588" timestamp="2022-02-08T16:49:39.743">
</concurrent-start>
<exclusive-end id="4590" timestamp="2022-02-08T16:49:39.743" durationms="0.035" />

<exclusive-start id="4591" timestamp="2022-02-08T16:49:39.889" intervalms="145.357">
  <response-info timems="0.020" idlems="0.020" threads="0" lastid="0000000000016F00" lastname="main" />
</exclusive-start>
<af-start id="4592" threadId="0000000000017908" totalBytesRequested="112" timestamp="2022-02-08T16:49:39.889" intervalms="1078.606" type="nursery" />
<cycle-start id="4593" type="scavenge" contextid="0" timestamp="2022-02-08T16:49:39.889" intervalms="1078.681" />
<gc-start id="4594" type="scavenge" contextid="4593" timestamp="2022-02-08T16:49:39.889">
  <mem-info id="4595" free="156544520" total="1073741824" percent="14">
    <mem type="nursery" free="0" total="268435456" percent="0">
      <mem type="allocate" free="0" total="184221696" percent="0" />
      <mem type="survivor" free="0" total="84213760" percent="0" />
    </mem>
    <mem type="tenure" free="156544520" total="805306368" percent="19">
      <mem type="soa" free="148490760" total="797252608" percent="18" />
      <mem type="loa" free="8053760" total="8053760" percent="100" />
    </mem>
    <remembered-set count="136" />
  </mem-info>
</gc-start>
<allocation-stats totalBytes="107260016" >
  <allocated-bytes non-tlh="2387928" tlh="104872088" />
  <largest-consumer threadName="main" threadId="0000000000016F00" bytes="107255920" />
</allocation-stats>
<gc-op id="4596" type="scavenge" timems="81.267" contextid="4593" timestamp="2022-02-08T16:49:39.970">
  <scavenger-info tenureage="1" tenuremask="7ffe" tiltratio="68" />
  <memory-copied type="nursery" objects="1430644" bytes="75760376" bytesdiscarded="84096" />
  <memory-copied type="tenure" objects="1356338" bytes="76246984" bytesdiscarded="42992" />
  <finalization candidates="92" enqueued="35" />
  <references type="soft" candidates="14" cleared="0" enqueued="0" dynamicThreshold="12" maxThreshold="32" />
  <references type="weak" candidates="1" cleared="0" enqueued="0" />
  <references type="phantom" candidates="77" cleared="7" enqueued="7" />
  <object-monitors candidates="2" cleared="0"  />
</gc-op>
<gc-end id="4597" type="scavenge" contextid="4593" durationms="81.470" usertimems="313.046" systemtimems="3.806" stalltimems="3.755" timestamp="2022-02-08T16:49:39.970" activeThreads="4">
  <mem-info id="4598" free="188853088" total="1073741824" percent="17">
    <mem type="nursery" free="108639240" total="268435456" percent="40">
      <mem type="allocate" free="108639240" total="184483840" percent="58" />
      <mem type="survivor" free="0" total="83951616" percent="0" />
    </mem>
    <mem type="tenure" free="80213848" total="805306368" percent="9" macro-fragmented="16050736">
      <mem type="soa" free="72160088" total="797252608" percent="9" />
      <mem type="loa" free="8053760" total="8053760" percent="100" />
    </mem>
    <pending-finalizers system="34" default="1" reference="7" classloader="0" />
    <remembered-set count="121" />
  </mem-info>
</gc-end>
<cycle-end id="4599" type="scavenge" contextid="4593" timestamp="2022-02-08T16:49:39.971" />
<allocation-satisfied id="4600" threadId="0000000000016F00" bytesRequested="112" />
<af-end id="4601" timestamp="2022-02-08T16:49:39.971" threadId="0000000000017908" success="true" from="nursery"/>
<exclusive-end id="4602" timestamp="2022-02-08T16:49:39.971" durationms="82.041" />

<concurrent-end id="4603" type="global mark" contextid="4588" timestamp="2022-02-08T16:49:40.060">
<gc-op id="4604" type="trace" timems="316.485" contextid="4588" timestamp="2022-02-08T16:49:40.060">
  <trace bytesTraced="74443320" workStackOverflowCount="0" />
  <card-cleaning reason="card cleaning threshold reached" bytesTraced="188" cardsCleaned="1" />
</gc-op>
</concurrent-end>

<exclusive-start id="4605" timestamp="2022-02-08T16:49:40.060" intervalms="171.209">
  <response-info timems="0.021" idlems="0.021" threads="0" lastid="0000000000016F00" lastname="main" />
</exclusive-start>
<concurrent-global-final id="4606" timestamp="2022-02-08T16:49:40.060" contextid="4588" intervalms="2988.327" >
  <concurrent-trace-info reason="card cleaning threshold reached" tracedByMutators="53814976" tracedByHelpers="20628532" cardsCleaned="1" workStackOverflowCount="0" />
</concurrent-global-final>
<gc-start id="4607" type="global" contextid="4588" timestamp="2022-02-08T16:49:40.060">
  <mem-info id="4608" free="183372528" total="1073741824" percent="17">
    <mem type="nursery" free="103158680" total="268435456" percent="38">
      <mem type="allocate" free="103158680" total="184483840" percent="55" />
      <mem type="survivor" free="0" total="83951616" percent="0" />
    </mem>
    <mem type="tenure" free="80213848" total="805306368" percent="9">
      <mem type="soa" free="72160088" total="797252608" percent="9" />
      <mem type="loa" free="8053760" total="8053760" percent="100" />
    </mem>
    <remembered-set count="122" />
  </mem-info>
</gc-start>
<allocation-stats totalBytes="5477808" >
  <allocated-bytes non-tlh="112" tlh="5477696" />
  <largest-consumer threadName="main" threadId="0000000000016F00" bytes="5469616" />
</allocation-stats>
<gc-op id="4609" type="rs-scan" timems="135.098" contextid="4588" timestamp="2022-02-08T16:49:40.195">
  <scan objectsFound="3324749" bytesTraced="71015972" workStackOverflowCount="0" />
</gc-op>
<gc-op id="4610" type="card-cleaning" timems="0.281" contextid="4588" timestamp="2022-02-08T16:49:40.196">
  <card-cleaning cardsCleaned="3" bytesTraced="5264" workStackOverflowCount="0" />
</gc-op>
<gc-op id="4611" type="mark" timems="33.783" contextid="4588" timestamp="2022-02-08T16:49:40.229">
  <trace-info objectcount="1246155" scancount="936142" scanbytes="20038792" />
  <finalization candidates="428" enqueued="57" />
  <ownableSynchronizers candidates="1" cleared="0" />
  <references type="soft" candidates="894" cleared="0" enqueued="0" dynamicThreshold="12" maxThreshold="32" />
  <references type="weak" candidates="1701" cleared="0" enqueued="0" />
  <references type="phantom" candidates="52" cleared="2" enqueued="2" />
  <stringconstants candidates="6470" cleared="0"  />
  <object-monitors candidates="2" cleared="0"  />
</gc-op>
<gc-op id="4612" type="sweep" timems="6.015" contextid="4588" timestamp="2022-02-08T16:49:40.236" />
<gc-end id="4613" type="global" contextid="4588" durationms="175.603" usertimems="184.675" systemtimems="4.529" stalltimems="105.574" timestamp="2022-02-08T16:49:40.236" activeThreads="4">
  <mem-info id="4614" free="426927592" total="1073741824" percent="39">
    <mem type="nursery" free="103657552" total="268435456" percent="38">
      <mem type="allocate" free="103657552" total="184483840" percent="56" />
      <mem type="survivor" free="0" total="83951616" percent="0" />
    </mem>
    <mem type="tenure" free="323270040" total="805306368" percent="40" micro-fragmented="222371" macro-fragmented="0">
      <mem type="soa" free="315216280" total="797252608" percent="39" />
      <mem type="loa" free="8053760" total="8053760" percent="100" />
    </mem>
    <pending-finalizers system="57" default="0" reference="2" classloader="0" />
    <remembered-set count="109" />
  </mem-info>
</gc-end>
<cycle-end id="4615" type="global" contextid="4588" timestamp="2022-02-08T16:49:40.236" />
<exclusive-end id="4616" timestamp="2022-02-08T16:49:40.236" durationms="175.882" />

<exclusive-start id="4617" timestamp="2022-02-08T16:49:40.976" intervalms="916.254">
  <response-info timems="0.022" idlems="0.022" threads="0" lastid="0000000000016F00" lastname="main" />
</exclusive-start>
<af-start id="4618" threadId="0000000000017908" totalBytesRequested="208" timestamp="2022-02-08T16:49:40.976" intervalms="1087.422" type="nursery" />
<cycle-start id="4619" type="scavenge" contextid="0" timestamp="2022-02-08T16:49:40.976" intervalms="1087.391" />
<gc-start id="4620" type="scavenge" contextid="4619" timestamp="2022-02-08T16:49:40.976">
  <mem-info id="4621" free="323270040" total="1073741824" percent="30">
    <mem type="nursery" free="0" total="268435456" percent="0">
      <mem type="allocate" free="0" total="184483840" percent="0" />
      <mem type="survivor" free="0" total="83951616" percent="0" />
    </mem>
    <mem type="tenure" free="323270040" total="805306368" percent="40">
      <mem type="soa" free="315216280" total="797252608" percent="39" />
      <mem type="loa" free="8053760" total="8053760" percent="100" />
    </mem>
    <remembered-set count="110" />
  </mem-info>
</gc-start>
<allocation-stats totalBytes="103608336" >
  <allocated-bytes non-tlh="0" tlh="103608336" />
  <largest-consumer threadName="main" threadId="0000000000016F00" bytes="103604240" />
</allocation-stats>
<gc-op id="4622" type="scavenge" timems="93.150" contextid="4619" timestamp="2022-02-08T16:49:41.070">
  <scavenger-info tenureage="1" tenuremask="7ffe" tiltratio="68" />
  <memory-copied type="nursery" objects="1406379" bytes="77602208" bytesdiscarded="286816" />
  <memory-copied type="tenure" objects="1430163" bytes="75448632" bytesdiscarded="44992" />
  <finalization candidates="45" enqueued="0" />
  <ownableSynchronizers candidates="2" cleared="2" />
  <object-monitors candidates="2" cleared="0"  />
</gc-op>
<gc-end id="4623" type="scavenge" contextid="4619" durationms="93.400" usertimems="355.946" systemtimems="8.236" stalltimems="3.314" timestamp="2022-02-08T16:49:41.070" activeThreads="4">
  <mem-info id="4624" free="352758952" total="1073741824" percent="32">
    <mem type="nursery" free="105087488" total="268435456" percent="39">
      <mem type="allocate" free="105087488" total="182976512" percent="57" />
      <mem type="survivor" free="0" total="85458944" percent="0" />
    </mem>
    <mem type="tenure" free="247671464" total="805306368" percent="30" macro-fragmented="0">
      <mem type="soa" free="239617704" total="797252608" percent="30" />
      <mem type="loa" free="8053760" total="8053760" percent="100" />
    </mem>
    <remembered-set count="104" />
  </mem-info>
</gc-end>
<cycle-end id="4625" type="scavenge" contextid="4619" timestamp="2022-02-08T16:49:41.070" />
<allocation-satisfied id="4626" threadId="0000000000016F00" bytesRequested="208" />
<af-end id="4627" timestamp="2022-02-08T16:49:41.070" threadId="0000000000017908" success="true" from="nursery"/>
<exclusive-end id="4628" timestamp="2022-02-08T16:49:41.070" durationms="93.991" />

<exclusive-start id="4629" timestamp="2022-02-08T16:49:41.731" intervalms="755.177">
  <response-info timems="0.022" idlems="0.022" threads="0" lastid="0000000000016F00" lastname="main" />
</exclusive-start>
<af-start id="4630" threadId="0000000000017908" totalBytesRequested="120" timestamp="2022-02-08T16:49:41.731" intervalms="755.176" type="nursery" />
<cycle-start id="4631" type="scavenge" contextid="0" timestamp="2022-02-08T16:49:41.732" intervalms="755.132" />
<gc-start id="4632" type="scavenge" contextid="4631" timestamp="2022-02-08T16:49:41.732">
  <mem-info id="4633" free="247671464" total="1073741824" percent="23">
    <mem type="nursery" free="0" total="268435456" percent="0">
      <mem type="allocate" free="0" total="182976512" percent="0" />
      <mem type="survivor" free="0" total="85458944" percent="0" />
    </mem>
    <mem type="tenure" free="247671464" total="805306368" percent="30">
      <mem type="soa" free="239617704" total="797252608" percent="30" />
      <mem type="loa" free="8053760" total="8053760" percent="100" />
    </mem>
    <remembered-set count="104" />
  </mem-info>
</gc-start>
<allocation-stats totalBytes="105039464" >
  <allocated-bytes non-tlh="208" tlh="105039256" />
  <largest-consumer threadName="main" threadId="0000000000016F00" bytes="105039464" />
</allocation-stats>
<gc-op id="4634" type="scavenge" timems="83.443" contextid="4631" timestamp="2022-02-08T16:49:41.815">
  <scavenger-info tenureage="1" tenuremask="7ffe" tiltratio="68" />
  <memory-copied type="nursery" objects="1311068" bytes="74679664" bytesdiscarded="118928" />
  <memory-copied type="tenure" objects="1406378" bytes="77602096" bytesdiscarded="45120" />
  <object-monitors candidates="2" cleared="0"  />
</gc-op>
<gc-end id="4635" type="scavenge" contextid="4631" durationms="83.647" usertimems="331.156" systemtimems="0.000" stalltimems="1.275" timestamp="2022-02-08T16:49:41.815" activeThreads="4">
  <mem-info id="4636" free="278543936" total="1073741824" percent="25">
    <mem type="nursery" free="108505600" total="268435456" percent="40">
      <mem type="allocate" free="108505600" total="183304192" percent="59" />
      <mem type="survivor" free="0" total="85131264" percent="0" />
    </mem>
    <mem type="tenure" free="170038336" total="805306368" percent="21" macro-fragmented="0">
      <mem type="soa" free="161984576" total="797252608" percent="20" />
      <mem type="loa" free="8053760" total="8053760" percent="100" />
    </mem>
    <remembered-set count="104" />
  </mem-info>
</gc-end>
<cycle-end id="4637" type="scavenge" contextid="4631" timestamp="2022-02-08T16:49:41.815" />
<allocation-satisfied id="4638" threadId="0000000000016F00" bytesRequested="120" />
<af-end id="4639" timestamp="2022-02-08T16:49:41.815" threadId="0000000000017908" success="true" from="nursery"/>
<exclusive-end id="4640" timestamp="2022-02-08T16:49:41.815" durationms="83.944" />

<exclusive-start id="4641" timestamp="2022-02-08T16:49:42.746" intervalms="1015.043">
  <response-info timems="0.020" idlems="0.020" threads="0" lastid="0000000000016F00" lastname="main" />
</exclusive-start>
<af-start id="4642" threadId="0000000000017908" totalBytesRequested="104" timestamp="2022-02-08T16:49:42.747" intervalms="1015.044" type="nursery" />
<cycle-start id="4643" type="scavenge" contextid="0" timestamp="2022-02-08T16:49:42.747" intervalms="1015.044" />
<gc-start id="4644" type="scavenge" contextid="4643" timestamp="2022-02-08T16:49:42.747">
  <mem-info id="4645" free="170038336" total="1073741824" percent="15">
    <mem type="nursery" free="0" total="268435456" percent="0">
      <mem type="allocate" free="0" total="183304192" percent="0" />
      <mem type="survivor" free="0" total="85131264" percent="0" />
    </mem>
    <mem type="tenure" free="170038336" total="805306368" percent="21">
      <mem type="soa" free="161984576" total="797252608" percent="20" />
      <mem type="loa" free="8053760" total="8053760" percent="100" />
    </mem>
    <remembered-set count="135" />
  </mem-info>
</gc-start>
<allocation-stats totalBytes="108458016" >
  <allocated-bytes non-tlh="2938368" tlh="105519648" />
  <largest-consumer threadName="main" threadId="0000000000016F00" bytes="108458016" />
</allocation-stats>
<gc-op id="4646" type="scavenge" timems="80.106" contextid="4643" timestamp="2022-02-08T16:49:42.827">
  <scavenger-info tenureage="1" tenuremask="7ffe" tiltratio="68" />
  <memory-copied type="nursery" objects="1455464" bytes="76259512" bytesdiscarded="263288" />
  <memory-copied type="tenure" objects="1311068" bytes="74679664" bytesdiscarded="39936" />
  <finalization candidates="110" enqueued="53" />
  <references type="soft" candidates="14" cleared="0" enqueued="0" dynamicThreshold="12" maxThreshold="32" />
  <references type="weak" candidates="1" cleared="0" enqueued="0" />
  <references type="phantom" candidates="95" cleared="7" enqueued="7" />
  <object-monitors candidates="2" cleared="0"  />
</gc-op>
<gc-end id="4647" type="scavenge" contextid="4643" durationms="80.263" usertimems="316.400" systemtimems="0.000" stalltimems="3.085" timestamp="2022-02-08T16:49:42.827" activeThreads="4">
  <mem-info id="4648" free="202127360" total="1073741824" percent="18">
    <mem type="nursery" free="106977872" total="268435456" percent="39">
      <mem type="allocate" free="106977872" total="183500800" percent="58" />
      <mem type="survivor" free="0" total="84934656" percent="0" />
    </mem>
    <mem type="tenure" free="95149488" total="805306368" percent="11" macro-fragmented="69015248">
      <mem type="soa" free="87095728" total="797252608" percent="10" />
      <mem type="loa" free="8053760" total="8053760" percent="100" />
    </mem>
    <pending-finalizers system="52" default="1" reference="7" classloader="0" />
    <remembered-set count="130" />
  </mem-info>
</gc-end>
<cycle-end id="4649" type="scavenge" contextid="4643" timestamp="2022-02-08T16:49:42.827" />
<allocation-satisfied id="4650" threadId="0000000000016F00" bytesRequested="104" />
<af-end id="4651" timestamp="2022-02-08T16:49:42.827" threadId="0000000000017908" success="true" from="nursery"/>
<exclusive-end id="4652" timestamp="2022-02-08T16:49:42.827" durationms="80.604" />

<concurrent-kickoff id="4653" timestamp="2022-02-08T16:49:43.542">
  <kickoff reason="threshold reached" targetBytes="74444590" thresholdFreeBytes="6447660"  remainingFree="6380112" tenureFreeBytes="95149488" nurseryFreeBytes="6380112" />
</concurrent-kickoff>
<exclusive-start id="4654" timestamp="2022-02-08T16:49:43.546" intervalms="799.523">
  <response-info timems="0.022" idlems="0.022" threads="0" lastid="0000000000016F00" lastname="main" />
</exclusive-start>
<cycle-start id="4655" type="global" contextid="0" timestamp="2022-02-08T16:49:43.546" intervalms="3802.560" />
<concurrent-start id="4656" type="global mark" contextid="4655" timestamp="2022-02-08T16:49:43.546">
</concurrent-start>
<exclusive-end id="4657" timestamp="2022-02-08T16:49:43.546" durationms="0.031" />

<exclusive-start id="4658" timestamp="2022-02-08T16:49:43.708" intervalms="161.672">
  <response-info timems="0.048" idlems="0.048" threads="0" lastid="0000000000016F00" lastname="main" />
</exclusive-start>
<af-start id="4659" threadId="0000000000017908" totalBytesRequested="16" timestamp="2022-02-08T16:49:43.708" intervalms="961.213" type="nursery" />
<cycle-start id="4660" type="scavenge" contextid="0" timestamp="2022-02-08T16:49:43.708" intervalms="961.213" />
<gc-start id="4661" type="scavenge" contextid="4660" timestamp="2022-02-08T16:49:43.708">
  <mem-info id="4662" free="95149488" total="1073741824" percent="8">
    <mem type="nursery" free="0" total="268435456" percent="0">
      <mem type="allocate" free="0" total="183500800" percent="0" />
      <mem type="survivor" free="0" total="84934656" percent="0" />
    </mem>
    <mem type="tenure" free="95149488" total="805306368" percent="11">
      <mem type="soa" free="87095728" total="797252608" percent="10" />
      <mem type="loa" free="8053760" total="8053760" percent="100" />
    </mem>
    <remembered-set count="131" />
  </mem-info>
</gc-start>
<allocation-stats totalBytes="106928928" >
  <allocated-bytes non-tlh="104" tlh="106928824" />
  <largest-consumer threadName="main" threadId="0000000000016F00" bytes="106920736" />
</allocation-stats>
<gc-op id="4663" type="scavenge" timems="88.275" contextid="4660" timestamp="2022-02-08T16:49:43.796">
  <scavenger-info tenureage="1" tenuremask="7ffe" tiltratio="68" />
  <memory-copied type="nursery" objects="1379127" bytes="76176016" bytesdiscarded="160112" />
  <memory-copied type="tenure" objects="1454753" bytes="75791656" bytesdiscarded="37240" />
  <finalization candidates="57" enqueued="0" />
  <object-monitors candidates="2" cleared="0"  />
</gc-op>
<gc-end id="4664" type="scavenge" contextid="4660" durationms="88.404" usertimems="343.506" systemtimems="0.000" stalltimems="3.135" timestamp="2022-02-08T16:49:43.796" activeThreads="4">
  <mem-info id="4665" free="127157064" total="1073741824" percent="11">
    <mem type="nursery" free="107688960" total="268435456" percent="40">
      <mem type="allocate" free="107688960" total="184025088" percent="58" />
      <mem type="survivor" free="0" total="84410368" percent="0" />
    </mem>
    <mem type="tenure" free="19468104" total="805306368" percent="2" macro-fragmented="13768083">
      <mem type="soa" free="11414344" total="797252608" percent="1" />
      <mem type="loa" free="8053760" total="8053760" percent="100" />
    </mem>
    <remembered-set count="103" />
  </mem-info>
</gc-end>
<cycle-end id="4666" type="scavenge" contextid="4660" timestamp="2022-02-08T16:49:43.796" />
<allocation-satisfied id="4667" threadId="0000000000016F00" bytesRequested="16" />
<af-end id="4668" timestamp="2022-02-08T16:49:43.797" threadId="0000000000017908" success="true" from="nursery"/>
<exclusive-end id="4669" timestamp="2022-02-08T16:49:43.797" durationms="88.909" />

<concurrent-end id="4670" type="global mark" contextid="4655" timestamp="2022-02-08T16:49:43.872">
<gc-op id="4671" type="trace" timems="326.315" contextid="4655" timestamp="2022-02-08T16:49:43.872">
  <trace bytesTraced="74443432" workStackOverflowCount="0" />
  <card-cleaning reason="card cleaning threshold reached" bytesTraced="188" cardsCleaned="1" />
</gc-op>
</concurrent-end>

<exclusive-start id="4672" timestamp="2022-02-08T16:49:43.872" intervalms="164.742">
  <response-info timems="0.031" idlems="0.031" threads="0" lastid="0000000000016F00" lastname="main" />
</exclusive-start>
<concurrent-global-final id="4673" timestamp="2022-02-08T16:49:43.872" contextid="4655" intervalms="3812.428" >
  <concurrent-trace-info reason="card cleaning threshold reached" tracedByMutators="53052660" tracedByHelpers="21390960" cardsCleaned="1" workStackOverflowCount="0" />
</concurrent-global-final>
<gc-start id="4674" type="global" contextid="4655" timestamp="2022-02-08T16:49:43.873">
  <mem-info id="4675" free="122602296" total="1073741824" percent="11">
    <mem type="nursery" free="103134192" total="268435456" percent="38">
      <mem type="allocate" free="103134192" total="184025088" percent="56" />
      <mem type="survivor" free="0" total="84410368" percent="0" />
    </mem>
    <mem type="tenure" free="19468104" total="805306368" percent="2">
      <mem type="soa" free="11414344" total="797252608" percent="1" />
      <mem type="loa" free="8053760" total="8053760" percent="100" />
    </mem>
    <remembered-set count="103" />
  </mem-info>
</gc-start>
<allocation-stats totalBytes="4552296" >
  <allocated-bytes non-tlh="16" tlh="4552280" />
  <largest-consumer threadName="main" threadId="0000000000016F00" bytes="4552296" />
</allocation-stats>
<gc-op id="4676" type="rs-scan" timems="1.837" contextid="4655" timestamp="2022-02-08T16:49:43.874">
  <scan objectsFound="0" bytesTraced="3988" workStackOverflowCount="0" />
</gc-op>
<gc-op id="4677" type="card-cleaning" timems="153.660" contextid="4655" timestamp="2022-02-08T16:49:44.028">
  <card-cleaning cardsCleaned="11" bytesTraced="71019156" workStackOverflowCount="0" />
</gc-op>
<gc-op id="4678" type="mark" timems="66.844" contextid="4655" timestamp="2022-02-08T16:49:44.095">
  <trace-info objectcount="2356471" scancount="1768881" scanbytes="37803816" />
  <finalization candidates="428" enqueued="57" />
  <ownableSynchronizers candidates="1" cleared="0" />
  <references type="soft" candidates="894" cleared="0" enqueued="0" dynamicThreshold="12" maxThreshold="32" />
  <references type="weak" candidates="1701" cleared="0" enqueued="0" />
  <references type="phantom" candidates="52" cleared="2" enqueued="2" />
  <stringconstants candidates="6470" cleared="0"  />
  <object-monitors candidates="2" cleared="0"  />
</gc-op>
<gc-op id="4679" type="sweep" timems="6.209" contextid="4655" timestamp="2022-02-08T16:49:44.101" />
<gc-end id="4680" type="global" contextid="4655" durationms="228.774" usertimems="244.318" systemtimems="0.000" stalltimems="204.919" timestamp="2022-02-08T16:49:44.101" activeThreads="4">
  <mem-info id="4681" free="365711632" total="1073741824" percent="34">
    <mem type="nursery" free="103387256" total="268435456" percent="38">
      <mem type="allocate" free="103387256" total="184025088" percent="56" />
      <mem type="survivor" free="0" total="84410368" percent="0" />
    </mem>
    <mem type="tenure" free="262324376" total="805306368" percent="32" micro-fragmented="261834" macro-fragmented="1250136">
      <mem type="soa" free="254270616" total="797252608" percent="31" />
      <mem type="loa" free="8053760" total="8053760" percent="100" />
    </mem>
    <pending-finalizers system="57" default="0" reference="2" classloader="0" />
    <remembered-set count="103" />
  </mem-info>
</gc-end>
<cycle-end id="4682" type="global" contextid="4655" timestamp="2022-02-08T16:49:44.101" />
<exclusive-end id="4683" timestamp="2022-02-08T16:49:44.101" durationms="229.030" />

<exclusive-start id="4684" timestamp="2022-02-08T16:49:44.751" intervalms="878.899">
  <response-info timems="0.019" idlems="0.019" threads="0" lastid="0000000000016F00" lastname="main" />
</exclusive-start>
<af-start id="4685" threadId="0000000000017908" totalBytesRequested="184" timestamp="2022-02-08T16:49:44.751" intervalms="1043.623" type="nursery" />
<cycle-start id="4686" type="scavenge" contextid="0" timestamp="2022-02-08T16:49:44.751" intervalms="1043.623" />
<gc-start id="4687" type="scavenge" contextid="4686" timestamp="2022-02-08T16:49:44.751">
  <mem-info id="4688" free="262324376" total="1073741824" percent="24">
    <mem type="nursery" free="0" total="268435456" percent="0">
      <mem type="allocate" free="0" total="184025088" percent="0" />
      <mem type="survivor" free="0" total="84410368" percent="0" />
    </mem>
    <mem type="tenure" free="262324376" total="805306368" percent="32">
      <mem type="soa" free="254270616" total="797252608" percent="31" />
      <mem type="loa" free="8053760" total="8053760" percent="100" />
    </mem>
    <remembered-set count="106" />
  </mem-info>
</gc-start>
<allocation-stats totalBytes="103341152" >
  <allocated-bytes non-tlh="0" tlh="103341152" />
  <largest-consumer threadName="main" threadId="0000000000016F00" bytes="103337056" />
</allocation-stats>
<gc-op id="4689" type="scavenge" timems="93.945" contextid="4686" timestamp="2022-02-08T16:49:44.845">
  <scavenger-info tenureage="1" tenuremask="7ffe" tiltratio="68" />
  <memory-copied type="nursery" objects="1355104" bytes="76618112" bytesdiscarded="237184" />
  <memory-copied type="tenure" objects="1379127" bytes="76176016" bytesdiscarded="45488" />
  <ownableSynchronizers candidates="2" cleared="2" />
  <object-monitors candidates="2" cleared="0"  />
</gc-op>
<gc-end id="4690" type="scavenge" contextid="4686" durationms="94.114" usertimems="365.083" systemtimems="0.343" stalltimems="2.520" timestamp="2022-02-08T16:49:44.846" activeThreads="4">
  <mem-info id="4691" free="293244352" total="1073741824" percent="27">
    <mem type="nursery" free="107366400" total="268435456" percent="39">
      <mem type="allocate" free="107366400" total="184221696" percent="58" />
      <mem type="survivor" free="0" total="84213760" percent="0" />
    </mem>
    <mem type="tenure" free="185877952" total="805306368" percent="23" macro-fragmented="0">
      <mem type="soa" free="177824192" total="797252608" percent="22" />
      <mem type="loa" free="8053760" total="8053760" percent="100" />
    </mem>
    <remembered-set count="104" />
  </mem-info>
</gc-end>
<cycle-end id="4692" type="scavenge" contextid="4686" timestamp="2022-02-08T16:49:44.846" />
<allocation-satisfied id="4693" threadId="0000000000016F00" bytesRequested="184" />
<af-end id="4694" timestamp="2022-02-08T16:49:44.846" threadId="0000000000017908" success="true" from="nursery"/>
<exclusive-end id="4695" timestamp="2022-02-08T16:49:44.846" durationms="94.366" />

<exclusive-start id="4696" timestamp="2022-02-08T16:49:45.753" intervalms="1001.306">
  <response-info timems="0.021" idlems="0.021" threads="0" lastid="0000000000016F00" lastname="main" />
</exclusive-start>
<af-start id="4697" threadId="0000000000017908" totalBytesRequested="112" timestamp="2022-02-08T16:49:45.753" intervalms="1001.307" type="nursery" />
<cycle-start id="4698" type="scavenge" contextid="0" timestamp="2022-02-08T16:49:45.753" intervalms="1001.306" />
<gc-start id="4699" type="scavenge" contextid="4698" timestamp="2022-02-08T16:49:45.753">
  <mem-info id="4700" free="185877952" total="1073741824" percent="17">
    <mem type="nursery" free="0" total="268435456" percent="0">
      <mem type="allocate" free="0" total="184221696" percent="0" />
      <mem type="survivor" free="0" total="84213760" percent="0" />
    </mem>
    <mem type="tenure" free="185877952" total="805306368" percent="23">
      <mem type="soa" free="177824192" total="797252608" percent="22" />
      <mem type="loa" free="8053760" total="8053760" percent="100" />
    </mem>
    <remembered-set count="135" />
  </mem-info>
</gc-start>
<allocation-stats totalBytes="107319280" >
  <allocated-bytes non-tlh="1661328" tlh="105657952" />
  <largest-consumer threadName="main" threadId="0000000000016F00" bytes="107319280" />
</allocation-stats>
<gc-op id="4701" type="scavenge" timems="87.854" contextid="4698" timestamp="2022-02-08T16:49:45.841">
  <scavenger-info tenureage="1" tenuremask="7ffe" tiltratio="68" />
  <memory-copied type="nursery" objects="1443455" bytes="75493936" bytesdiscarded="71256" />
  <memory-copied type="tenure" objects="1355103" bytes="76618008" bytesdiscarded="39504" />
  <finalization candidates="109" enqueued="53" />
  <references type="soft" candidates="14" cleared="0" enqueued="0" dynamicThreshold="10" maxThreshold="32" />
  <references type="weak" candidates="1" cleared="0" enqueued="0" />
  <references type="phantom" candidates="94" cleared="7" enqueued="7" />
  <object-monitors candidates="2" cleared="0"  />
</gc-op>
<gc-end id="4702" type="scavenge" contextid="4698" durationms="88.120" usertimems="347.440" systemtimems="0.110" stalltimems="3.126" timestamp="2022-02-08T16:49:45.841" activeThreads="4">
  <mem-info id="4703" free="218152072" total="1073741824" percent="20">
    <mem type="nursery" free="108984056" total="268435456" percent="40">
      <mem type="allocate" free="108984056" total="184549376" percent="59" />
      <mem type="survivor" free="0" total="83886080" percent="0" />
    </mem>
    <mem type="tenure" free="109168016" total="805306368" percent="13" macro-fragmented="723458">
      <mem type="soa" free="101114256" total="797252608" percent="12" />
      <mem type="loa" free="8053760" total="8053760" percent="100" />
    </mem>
    <pending-finalizers system="52" default="1" reference="7" classloader="0" />
    <remembered-set count="132" />
  </mem-info>
</gc-end>
<cycle-end id="4704" type="scavenge" contextid="4698" timestamp="2022-02-08T16:49:45.841" />
<allocation-satisfied id="4705" threadId="0000000000016F00" bytesRequested="112" />
<af-end id="4706" timestamp="2022-02-08T16:49:45.841" threadId="0000000000017908" success="true" from="nursery"/>
<exclusive-end id="4707" timestamp="2022-02-08T16:49:45.841" durationms="88.477" />

<concurrent-kickoff id="4708" timestamp="2022-02-08T16:49:46.570">
  <kickoff reason="threshold reached" targetBytes="74444294" thresholdFreeBytes="6397611"  remainingFree="6342184" tenureFreeBytes="109168016" nurseryFreeBytes="6342184" />
</concurrent-kickoff>
<exclusive-start id="4709" timestamp="2022-02-08T16:49:46.573" intervalms="820.859">
  <response-info timems="0.025" idlems="0.025" threads="0" lastid="0000000000016F00" lastname="main" />
</exclusive-start>
<cycle-start id="4710" type="global" contextid="0" timestamp="2022-02-08T16:49:46.574" intervalms="3027.482" />
<concurrent-start id="4711" type="global mark" contextid="4710" timestamp="2022-02-08T16:49:46.574">
</concurrent-start>
<exclusive-end id="4712" timestamp="2022-02-08T16:49:46.574" durationms="0.037" />

<exclusive-start id="4713" timestamp="2022-02-08T16:49:46.711" intervalms="137.464">
  <response-info timems="0.020" idlems="0.020" threads="0" lastid="0000000000016F00" lastname="main" />
</exclusive-start>
<af-start id="4714" threadId="0000000000017908" totalBytesRequested="24" timestamp="2022-02-08T16:49:46.711" intervalms="958.322" type="nursery" />
<cycle-start id="4715" type="scavenge" contextid="0" timestamp="2022-02-08T16:49:46.711" intervalms="958.322" />
<gc-start id="4716" type="scavenge" contextid="4715" timestamp="2022-02-08T16:49:46.711">
  <mem-info id="4717" free="109168016" total="1073741824" percent="10">
    <mem type="nursery" free="0" total="268435456" percent="0">
      <mem type="allocate" free="0" total="184549376" percent="0" />
      <mem type="survivor" free="0" total="83886080" percent="0" />
    </mem>
    <mem type="tenure" free="109168016" total="805306368" percent="13">
      <mem type="soa" free="101114256" total="797252608" percent="12" />
      <mem type="loa" free="8053760" total="8053760" percent="100" />
    </mem>
    <remembered-set count="133" />
  </mem-info>
</gc-start>
<allocation-stats totalBytes="108933184" >
  <allocated-bytes non-tlh="1347792" tlh="107585392" />
  <largest-consumer threadName="main" threadId="0000000000016F00" bytes="108924992" />
</allocation-stats>
<gc-op id="4718" type="scavenge" timems="87.384" contextid="4715" timestamp="2022-02-08T16:49:46.798">
  <scavenger-info tenureage="1" tenuremask="7ffe" tiltratio="68" />
  <memory-copied type="nursery" objects="1386718" bytes="77988672" bytesdiscarded="171832" />
  <memory-copied type="tenure" objects="1442736" bytes="74550768" bytesdiscarded="40888" />
  <finalization candidates="57" enqueued="0" />
  <references type="phantom" candidates="1" cleared="0" enqueued="0" />
  <object-monitors candidates="2" cleared="0"  />
</gc-op>
<gc-end id="4719" type="scavenge" contextid="4715" durationms="87.587" usertimems="338.815" systemtimems="0.000" stalltimems="3.527" timestamp="2022-02-08T16:49:46.799" activeThreads="4">
  <mem-info id="4720" free="138612008" total="1073741824" percent="12">
    <mem type="nursery" free="103898504" total="268435456" percent="38">
      <mem type="allocate" free="103898504" total="182059008" percent="57" />
      <mem type="survivor" free="0" total="86376448" percent="0" />
    </mem>
    <mem type="tenure" free="34713504" total="805306368" percent="4" macro-fragmented="0">
      <mem type="soa" free="26659744" total="797252608" percent="3" />
      <mem type="loa" free="8053760" total="8053760" percent="100" />
    </mem>
    <remembered-set count="102" />
  </mem-info>
</gc-end>
<cycle-end id="4721" type="scavenge" contextid="4715" timestamp="2022-02-08T16:49:46.799" />
<allocation-satisfied id="4722" threadId="0000000000016F00" bytesRequested="24" />
<af-end id="4723" timestamp="2022-02-08T16:49:46.799" threadId="0000000000017908" success="true" from="nursery"/>
<exclusive-end id="4724" timestamp="2022-02-08T16:49:46.799" durationms="88.044" />

<concurrent-end id="4725" type="global mark" contextid="4710" timestamp="2022-02-08T16:49:46.917">
<gc-op id="4726" type="trace" timems="343.588" contextid="4710" timestamp="2022-02-08T16:49:46.917">
  <trace bytesTraced="74443592" workStackOverflowCount="0" />
  <card-cleaning reason="card cleaning threshold reached" bytesTraced="188" cardsCleaned="1" />
</gc-op>
</concurrent-end>

<exclusive-start id="4727" timestamp="2022-02-08T16:49:46.917" intervalms="206.203">
  <response-info timems="0.017" idlems="0.017" threads="0" lastid="0000000000016F00" lastname="main" />
</exclusive-start>
<concurrent-global-final id="4728" timestamp="2022-02-08T16:49:46.917" contextid="4710" intervalms="3044.714" >
  <concurrent-trace-info reason="card cleaning threshold reached" tracedByMutators="56382064" tracedByHelpers="18061716" cardsCleaned="1" workStackOverflowCount="0" />
</concurrent-global-final>
<gc-start id="4729" type="global" contextid="4710" timestamp="2022-02-08T16:49:46.917">
  <mem-info id="4730" free="131566864" total="1073741824" percent="12">
    <mem type="nursery" free="96853360" total="268435456" percent="36">
      <mem type="allocate" free="96853360" total="182059008" percent="53" />
      <mem type="survivor" free="0" total="86376448" percent="0" />
    </mem>
    <mem type="tenure" free="34713504" total="805306368" percent="4">
      <mem type="soa" free="26659744" total="797252608" percent="3" />
      <mem type="loa" free="8053760" total="8053760" percent="100" />
    </mem>
    <remembered-set count="102" />
  </mem-info>
</gc-start>
<allocation-stats totalBytes="7041872" >
  <allocated-bytes non-tlh="24" tlh="7041848" />
  <largest-consumer threadName="main" threadId="0000000000016F00" bytes="7041872" />
</allocation-stats>
<gc-op id="4731" type="rs-scan" timems="1.019" contextid="4710" timestamp="2022-02-08T16:49:46.918">
  <scan objectsFound="29" bytesTraced="5420" workStackOverflowCount="0" />
</gc-op>
<gc-op id="4732" type="card-cleaning" timems="153.366" contextid="4710" timestamp="2022-02-08T16:49:47.072">
  <card-cleaning cardsCleaned="9" bytesTraced="71017348" workStackOverflowCount="0" />
</gc-op>
<gc-op id="4733" type="mark" timems="61.057" contextid="4710" timestamp="2022-02-08T16:49:47.133">
  <trace-info objectcount="2143215" scancount="1608939" scanbytes="34391720" />
  <finalization candidates="428" enqueued="57" />
  <ownableSynchronizers candidates="1" cleared="0" />
  <references type="soft" candidates="894" cleared="0" enqueued="0" dynamicThreshold="10" maxThreshold="32" />
  <references type="weak" candidates="1701" cleared="0" enqueued="0" />
  <references type="phantom" candidates="52" cleared="2" enqueued="2" />
  <stringconstants candidates="6470" cleared="0"  />
  <object-monitors candidates="2" cleared="0"  />
</gc-op>
<gc-op id="4734" type="sweep" timems="6.529" contextid="4710" timestamp="2022-02-08T16:49:47.139" />
<gc-end id="4735" type="global" contextid="4710" durationms="222.230" usertimems="235.943" systemtimems="0.000" stalltimems="183.695" timestamp="2022-02-08T16:49:47.139" activeThreads="4">
  <mem-info id="4736" free="374710704" total="1073741824" percent="34">
    <mem type="nursery" free="97117608" total="268435456" percent="36">
      <mem type="allocate" free="97117608" total="182059008" percent="53" />
      <mem type="survivor" free="0" total="86376448" percent="0" />
    </mem>
    <mem type="tenure" free="277593096" total="805306368" percent="34" micro-fragmented="245808" macro-fragmented="0">
      <mem type="soa" free="269539336" total="797252608" percent="33" />
      <mem type="loa" free="8053760" total="8053760" percent="100" />
    </mem>
    <pending-finalizers system="57" default="0" reference="2" classloader="0" />
    <remembered-set count="102" />
  </mem-info>
</gc-end>
<cycle-end id="4737" type="global" contextid="4710" timestamp="2022-02-08T16:49:47.140" />
<exclusive-end id="4738" timestamp="2022-02-08T16:49:47.140" durationms="222.568" />

<exclusive-start id="4739" timestamp="2022-02-08T16:49:47.759" intervalms="842.040">
  <response-info timems="0.024" idlems="0.024" threads="0" lastid="0000000000016F00" lastname="main" />
</exclusive-start>
<af-start id="4740" threadId="0000000000017908" totalBytesRequested="24" timestamp="2022-02-08T16:49:47.759" intervalms="1048.243" type="nursery" />
<cycle-start id="4741" type="scavenge" contextid="0" timestamp="2022-02-08T16:49:47.759" intervalms="1048.244" />
<gc-start id="4742" type="scavenge" contextid="4741" timestamp="2022-02-08T16:49:47.759">
  <mem-info id="4743" free="277593096" total="1073741824" percent="25">
    <mem type="nursery" free="0" total="268435456" percent="0">
      <mem type="allocate" free="0" total="182059008" percent="0" />
      <mem type="survivor" free="0" total="86376448" percent="0" />
    </mem>
    <mem type="tenure" free="277593096" total="805306368" percent="34">
      <mem type="soa" free="269539336" total="797252608" percent="33" />
      <mem type="loa" free="8053760" total="8053760" percent="100" />
    </mem>
    <remembered-set count="105" />
  </mem-info>
</gc-start>
<allocation-stats totalBytes="97074120" >
  <allocated-bytes non-tlh="0" tlh="97074120" />
  <largest-consumer threadName="main" threadId="0000000000016F00" bytes="97070024" />
</allocation-stats>
<gc-op id="4744" type="scavenge" timems="86.114" contextid="4741" timestamp="2022-02-08T16:49:47.845">
  <scavenger-info tenureage="1" tenuremask="7ffe" tiltratio="67" />
  <memory-copied type="nursery" objects="1305543" bytes="73933640" bytesdiscarded="197128" />
  <memory-copied type="tenure" objects="1386717" bytes="77988648" bytesdiscarded="43944" />
  <finalization candidates="1" enqueued="0" />
  <ownableSynchronizers candidates="2" cleared="2" />
  <object-monitors candidates="2" cleared="0"  />
</gc-op>
<gc-end id="4745" type="scavenge" contextid="4741" durationms="86.258" usertimems="321.851" systemtimems="0.516" stalltimems="3.664" timestamp="2022-02-08T16:49:47.846" activeThreads="4">
  <mem-info id="4746" free="307592624" total="1073741824" percent="28">
    <mem type="nursery" free="108386992" total="268435456" percent="40">
      <mem type="allocate" free="108386992" total="182517760" percent="59" />
      <mem type="survivor" free="0" total="85917696" percent="0" />
    </mem>
    <mem type="tenure" free="199205632" total="805306368" percent="24" macro-fragmented="0">
      <mem type="soa" free="191151872" total="797252608" percent="23" />
      <mem type="loa" free="8053760" total="8053760" percent="100" />
    </mem>
    <remembered-set count="105" />
  </mem-info>
</gc-end>
<cycle-end id="4747" type="scavenge" contextid="4741" timestamp="2022-02-08T16:49:47.846" />
<allocation-satisfied id="4748" threadId="0000000000016F00" bytesRequested="24" />
<af-end id="4749" timestamp="2022-02-08T16:49:47.846" threadId="0000000000017908" success="true" from="nursery"/>
<exclusive-end id="4750" timestamp="2022-02-08T16:49:47.846" durationms="86.617" />

<exclusive-start id="4751" timestamp="2022-02-08T16:49:48.756" intervalms="996.891">
  <response-info timems="0.036" idlems="0.036" threads="0" lastid="0000000000016F00" lastname="main" />
</exclusive-start>
<af-start id="4752" threadId="0000000000017908" totalBytesRequested="24" timestamp="2022-02-08T16:49:48.756" intervalms="996.925" type="nursery" />
<cycle-start id="4753" type="scavenge" contextid="0" timestamp="2022-02-08T16:49:48.756" intervalms="996.940" />
<gc-start id="4754" type="scavenge" contextid="4753" timestamp="2022-02-08T16:49:48.756">
  <mem-info id="4755" free="199205632" total="1073741824" percent="18">
    <mem type="nursery" free="0" total="268435456" percent="0">
      <mem type="allocate" free="0" total="182517760" percent="0" />
      <mem type="survivor" free="0" total="85917696" percent="0" />
    </mem>
    <mem type="tenure" free="199205632" total="805306368" percent="24">
      <mem type="soa" free="191151872" total="797252608" percent="23" />
      <mem type="loa" free="8053760" total="8053760" percent="100" />
    </mem>
    <remembered-set count="136" />
  </mem-info>
</gc-start>
<allocation-stats totalBytes="108343080" >
  <allocated-bytes non-tlh="1661168" tlh="106681912" />
  <largest-consumer threadName="main" threadId="0000000000016F00" bytes="108343080" />
</allocation-stats>
<gc-op id="4756" type="scavenge" timems="82.358" contextid="4753" timestamp="2022-02-08T16:49:48.839">
  <scavenger-info tenureage="1" tenuremask="7ffe" tiltratio="67" />
  <memory-copied type="nursery" objects="1489294" bytes="76299536" bytesdiscarded="147128" />
  <memory-copied type="tenure" objects="1305543" bytes="73933640" bytesdiscarded="36624" />
  <finalization candidates="109" enqueued="53" />
  <references type="soft" candidates="14" cleared="0" enqueued="0" dynamicThreshold="11" maxThreshold="32" />
  <references type="weak" candidates="1" cleared="0" enqueued="0" />
  <references type="phantom" candidates="94" cleared="7" enqueued="7" />
  <object-monitors candidates="2" cleared="0"  />
</gc-op>
<gc-end id="4757" type="scavenge" contextid="4753" durationms="82.603" usertimems="316.996" systemtimems="3.180" stalltimems="3.823" timestamp="2022-02-08T16:49:48.839" activeThreads="4">
  <mem-info id="4758" free="231609496" total="1073741824" percent="21">
    <mem type="nursery" free="106267576" total="268435456" percent="39">
      <mem type="allocate" free="106267576" total="182714368" percent="58" />
      <mem type="survivor" free="0" total="85721088" percent="0" />
    </mem>
    <mem type="tenure" free="125341920" total="805306368" percent="15" macro-fragmented="0">
      <mem type="soa" free="117288160" total="797252608" percent="14" />
      <mem type="loa" free="8053760" total="8053760" percent="100" />
    </mem>
    <pending-finalizers system="52" default="1" reference="7" classloader="0" />
    <remembered-set count="131" />
  </mem-info>
</gc-end>
<cycle-end id="4759" type="scavenge" contextid="4753" timestamp="2022-02-08T16:49:48.839" />
<allocation-satisfied id="4760" threadId="0000000000016F00" bytesRequested="24" />
<af-end id="4761" timestamp="2022-02-08T16:49:48.839" threadId="0000000000017908" success="true" from="nursery"/>
<exclusive-end id="4762" timestamp="2022-02-08T16:49:48.839" durationms="83.006" />

<concurrent-kickoff id="4763" timestamp="2022-02-08T16:49:49.544">
  <kickoff reason="threshold reached" targetBytes="74444120" thresholdFreeBytes="6291956"  remainingFree="6194104" tenureFreeBytes="125341920" nurseryFreeBytes="6194104" />
</concurrent-kickoff>
<exclusive-start id="4764" timestamp="2022-02-08T16:49:49.548" intervalms="791.448">
  <response-info timems="0.028" idlems="0.028" threads="0" lastid="0000000000016F00" lastname="main" />
</exclusive-start>
<cycle-start id="4765" type="global" contextid="0" timestamp="2022-02-08T16:49:49.548" intervalms="2974.045" />
<concurrent-start id="4766" type="global mark" contextid="4765" timestamp="2022-02-08T16:49:49.548">
</concurrent-start>
<exclusive-end id="4767" timestamp="2022-02-08T16:49:49.548" durationms="0.040" />

<exclusive-start id="4768" timestamp="2022-02-08T16:49:49.693" intervalms="145.856">
  <response-info timems="0.019" idlems="0.019" threads="0" lastid="0000000000016F00" lastname="main" />
</exclusive-start>
<af-start id="4769" threadId="0000000000017908" totalBytesRequested="40" timestamp="2022-02-08T16:49:49.693" intervalms="937.270" type="nursery" />
<cycle-start id="4770" type="scavenge" contextid="0" timestamp="2022-02-08T16:49:49.693" intervalms="937.255" />
<gc-start id="4771" type="scavenge" contextid="4770" timestamp="2022-02-08T16:49:49.694">
  <mem-info id="4772" free="125341920" total="1073741824" percent="11">
    <mem type="nursery" free="0" total="268435456" percent="0">
      <mem type="allocate" free="0" total="182714368" percent="0" />
      <mem type="survivor" free="0" total="85721088" percent="0" />
    </mem>
    <mem type="tenure" free="125341920" total="805306368" percent="15">
      <mem type="soa" free="117288160" total="797252608" percent="14" />
      <mem type="loa" free="8053760" total="8053760" percent="100" />
    </mem>
    <remembered-set count="132" />
  </mem-info>
</gc-start>
<allocation-stats totalBytes="106218520" >
  <allocated-bytes non-tlh="1347704" tlh="104870816" />
  <largest-consumer threadName="main" threadId="0000000000016F00" bytes="106210328" />
</allocation-stats>
<gc-op id="4773" type="scavenge" timems="78.074" contextid="4770" timestamp="2022-02-08T16:49:49.772">
  <scavenger-info tenureage="1" tenuremask="7ffe" tiltratio="68" />
  <memory-copied type="nursery" objects="1331373" bytes="76021256" bytesdiscarded="226408" />
  <memory-copied type="tenure" objects="1488575" bytes="75356368" bytesdiscarded="38112" />
  <finalization candidates="57" enqueued="0" />
  <references type="phantom" candidates="1" cleared="0" enqueued="0" />
  <object-monitors candidates="2" cleared="0"  />
</gc-op>
<gc-end id="4774" type="scavenge" contextid="4770" durationms="78.294" usertimems="308.114" systemtimems="0.000" stalltimems="3.418" timestamp="2022-02-08T16:49:49.772" activeThreads="4">
  <mem-info id="4775" free="157197872" total="1073741824" percent="14">
    <mem type="nursery" free="107122064" total="268435456" percent="39">
      <mem type="allocate" free="107122064" total="183369728" percent="58" />
      <mem type="survivor" free="0" total="85065728" percent="0" />
    </mem>
    <mem type="tenure" free="50075808" total="805306368" percent="6" macro-fragmented="0">
      <mem type="soa" free="42022048" total="797252608" percent="5" />
      <mem type="loa" free="8053760" total="8053760" percent="100" />
    </mem>
    <remembered-set count="102" />
  </mem-info>
</gc-end>
<cycle-end id="4776" type="scavenge" contextid="4770" timestamp="2022-02-08T16:49:49.772" />
<allocation-satisfied id="4777" threadId="0000000000016F00" bytesRequested="40" />
<af-end id="4778" timestamp="2022-02-08T16:49:49.772" threadId="0000000000017908" success="true" from="nursery"/>
<exclusive-end id="4779" timestamp="2022-02-08T16:49:49.772" durationms="78.554" />

<concurrent-end id="4780" type="global mark" contextid="4765" timestamp="2022-02-08T16:49:49.860">
<gc-op id="4781" type="trace" timems="312.087" contextid="4765" timestamp="2022-02-08T16:49:49.860">
  <trace bytesTraced="74443848" workStackOverflowCount="0" />
  <card-cleaning reason="card cleaning threshold reached" bytesTraced="188" cardsCleaned="1" />
</gc-op>
</concurrent-end>

<exclusive-start id="4782" timestamp="2022-02-08T16:49:49.860" intervalms="166.319">
  <response-info timems="0.022" idlems="0.022" threads="0" lastid="0000000000016F00" lastname="main" />
</exclusive-start>
<concurrent-global-final id="4783" timestamp="2022-02-08T16:49:49.860" contextid="4765" intervalms="2942.555" >
  <concurrent-trace-info reason="card cleaning threshold reached" tracedByMutators="55363692" tracedByHelpers="19080344" cardsCleaned="1" workStackOverflowCount="0" />
</concurrent-global-final>
<gc-start id="4784" type="global" contextid="4765" timestamp="2022-02-08T16:49:49.860">
  <mem-info id="4785" free="151594504" total="1073741824" percent="14">
    <mem type="nursery" free="101518696" total="268435456" percent="37">
      <mem type="allocate" free="101518696" total="183369728" percent="55" />
      <mem type="survivor" free="0" total="85065728" percent="0" />
    </mem>
    <mem type="tenure" free="50075808" total="805306368" percent="6">
      <mem type="soa" free="42022048" total="797252608" percent="5" />
      <mem type="loa" free="8053760" total="8053760" percent="100" />
    </mem>
    <remembered-set count="102" />
  </mem-info>
</gc-start>
<allocation-stats totalBytes="5600752" >
  <allocated-bytes non-tlh="40" tlh="5600712" />
  <largest-consumer threadName="main" threadId="0000000000016F00" bytes="5600752" />
</allocation-stats>
<gc-op id="4786" type="rs-scan" timems="0.559" contextid="4765" timestamp="2022-02-08T16:49:49.860">
  <scan objectsFound="29" bytesTraced="5420" workStackOverflowCount="0" />
</gc-op>
<gc-op id="4787" type="card-cleaning" timems="152.364" contextid="4765" timestamp="2022-02-08T16:49:50.013">
  <card-cleaning cardsCleaned="9" bytesTraced="71017300" workStackOverflowCount="0" />
</gc-op>
<gc-op id="4788" type="mark" timems="51.378" contextid="4765" timestamp="2022-02-08T16:49:50.064">
  <trace-info objectcount="1817838" scancount="1364906" scanbytes="29185704" />
  <finalization candidates="428" enqueued="57" />
  <ownableSynchronizers candidates="1" cleared="0" />
  <references type="soft" candidates="894" cleared="0" enqueued="0" dynamicThreshold="11" maxThreshold="32" />
  <references type="weak" candidates="1701" cleared="0" enqueued="0" />
  <references type="phantom" candidates="52" cleared="2" enqueued="2" />
  <stringconstants candidates="6470" cleared="0"  />
  <object-monitors candidates="2" cleared="0"  />
</gc-op>
<gc-op id="4789" type="sweep" timems="4.719" contextid="4765" timestamp="2022-02-08T16:49:50.069" />
<gc-end id="4790" type="global" contextid="4765" durationms="209.229" usertimems="224.351" systemtimems="0.000" stalltimems="153.555" timestamp="2022-02-08T16:49:50.069" activeThreads="4">
  <mem-info id="4791" free="394771296" total="1073741824" percent="36">
    <mem type="nursery" free="101836240" total="268435456" percent="37">
      <mem type="allocate" free="101836240" total="183369728" percent="55" />
      <mem type="survivor" free="0" total="85065728" percent="0" />
    </mem>
    <mem type="tenure" free="292935056" total="805306368" percent="36" micro-fragmented="265260" macro-fragmented="0">
      <mem type="soa" free="284881296" total="797252608" percent="35" />
      <mem type="loa" free="8053760" total="8053760" percent="100" />
    </mem>
    <pending-finalizers system="57" default="0" reference="2" classloader="0" />
    <remembered-set count="102" />
  </mem-info>
</gc-end>
<cycle-end id="4792" type="global" contextid="4765" timestamp="2022-02-08T16:49:50.069" />
<exclusive-end id="4793" timestamp="2022-02-08T16:49:50.069" durationms="209.427" />

<exclusive-start id="4794" timestamp="2022-02-08T16:49:50.790" intervalms="930.676">
  <response-info timems="0.023" idlems="0.023" threads="0" lastid="0000000000016F00" lastname="main" />
</exclusive-start>
<af-start id="4795" threadId="0000000000017908" totalBytesRequested="184" timestamp="2022-02-08T16:49:50.790" intervalms="1097.026" type="nursery" />
<cycle-start id="4796" type="scavenge" contextid="0" timestamp="2022-02-08T16:49:50.790" intervalms="1097.032" />
<gc-start id="4797" type="scavenge" contextid="4796" timestamp="2022-02-08T16:49:50.791">
  <mem-info id="4798" free="292935056" total="1073741824" percent="27">
    <mem type="nursery" free="0" total="268435456" percent="0">
      <mem type="allocate" free="0" total="183369728" percent="0" />
      <mem type="survivor" free="0" total="85065728" percent="0" />
    </mem>
    <mem type="tenure" free="292935056" total="805306368" percent="36">
      <mem type="soa" free="284881296" total="797252608" percent="35" />
      <mem type="loa" free="8053760" total="8053760" percent="100" />
    </mem>
    <remembered-set count="105" />
  </mem-info>
</gc-start>
<allocation-stats totalBytes="101791056" >
  <allocated-bytes non-tlh="0" tlh="101791056" />
  <largest-consumer threadName="main" threadId="0000000000016F00" bytes="101786960" />
</allocation-stats>
<gc-op id="4799" type="scavenge" timems="83.313" contextid="4796" timestamp="2022-02-08T16:49:50.874">
  <scavenger-info tenureage="1" tenuremask="7ffe" tiltratio="68" />
  <memory-copied type="nursery" objects="1356131" bytes="76289040" bytesdiscarded="127304" />
  <memory-copied type="tenure" objects="1331373" bytes="76021256" bytesdiscarded="46152" />
  <finalization candidates="1" enqueued="0" />
  <ownableSynchronizers candidates="2" cleared="2" />
  <object-monitors candidates="2" cleared="0"  />
</gc-op>
<gc-end id="4800" type="scavenge" contextid="4796" durationms="83.543" usertimems="325.083" systemtimems="0.393" stalltimems="3.925" timestamp="2022-02-08T16:49:50.874" activeThreads="4">
  <mem-info id="4801" free="324179800" total="1073741824" percent="30">
    <mem type="nursery" free="107412136" total="268435456" percent="40">
      <mem type="allocate" free="107412136" total="183828480" percent="58" />
      <mem type="survivor" free="0" total="84606976" percent="0" />
    </mem>
    <mem type="tenure" free="216767664" total="805306368" percent="26" macro-fragmented="0">
      <mem type="soa" free="208713904" total="797252608" percent="26" />
      <mem type="loa" free="8053760" total="8053760" percent="100" />
    </mem>
    <remembered-set count="105" />
  </mem-info>
</gc-end>
<cycle-end id="4802" type="scavenge" contextid="4796" timestamp="2022-02-08T16:49:50.874" />
<allocation-satisfied id="4803" threadId="0000000000016F00" bytesRequested="184" />
<af-end id="4804" timestamp="2022-02-08T16:49:50.874" threadId="0000000000017908" success="true" from="nursery"/>
<exclusive-end id="4805" timestamp="2022-02-08T16:49:50.874" durationms="83.911" />

<exclusive-start id="4806" timestamp="2022-02-08T16:49:51.774" intervalms="983.263">
  <response-info timems="0.027" idlems="0.027" threads="0" lastid="0000000000016F00" lastname="main" />
</exclusive-start>
<af-start id="4807" threadId="0000000000017908" totalBytesRequested="248" timestamp="2022-02-08T16:49:51.774" intervalms="983.309" type="nursery" />
<cycle-start id="4808" type="scavenge" contextid="0" timestamp="2022-02-08T16:49:51.774" intervalms="983.588" />
<gc-start id="4809" type="scavenge" contextid="4808" timestamp="2022-02-08T16:49:51.774">
  <mem-info id="4810" free="216767664" total="1073741824" percent="20">
    <mem type="nursery" free="0" total="268435456" percent="0">
      <mem type="allocate" free="0" total="183828480" percent="0" />
      <mem type="survivor" free="0" total="84606976" percent="0" />
    </mem>
    <mem type="tenure" free="216767664" total="805306368" percent="26">
      <mem type="soa" free="208713904" total="797252608" percent="26" />
      <mem type="loa" free="8053760" total="8053760" percent="100" />
    </mem>
    <remembered-set count="135" />
  </mem-info>
</gc-start>
<allocation-stats totalBytes="107367184" >
  <allocated-bytes non-tlh="1018824" tlh="106348360" />
  <largest-consumer threadName="main" threadId="0000000000016F00" bytes="107367184" />
</allocation-stats>
<gc-op id="4811" type="scavenge" timems="87.526" contextid="4808" timestamp="2022-02-08T16:49:51.862">
  <scavenger-info tenureage="1" tenuremask="7ffe" tiltratio="68" />
  <memory-copied type="nursery" objects="1482982" bytes="75620800" bytesdiscarded="85504" />
  <memory-copied type="tenure" objects="1356130" bytes="76288936" bytesdiscarded="36080" />
  <finalization candidates="108" enqueued="53" />
  <references type="soft" candidates="14" cleared="0" enqueued="0" dynamicThreshold="11" maxThreshold="32" />
  <references type="weak" candidates="1" cleared="0" enqueued="0" />
  <references type="phantom" candidates="93" cleared="7" enqueued="7" />
  <object-monitors candidates="2" cleared="0"  />
</gc-op>
<gc-end id="4812" type="scavenge" contextid="4808" durationms="87.721" usertimems="330.611" systemtimems="1.243" stalltimems="3.477" timestamp="2022-02-08T16:49:51.862" activeThreads="4">
  <mem-info id="4813" free="248824944" total="1073741824" percent="23">
    <mem type="nursery" free="108580800" total="268435456" percent="40">
      <mem type="allocate" free="108580800" total="184287232" percent="58" />
      <mem type="survivor" free="0" total="84148224" percent="0" />
    </mem>
    <mem type="tenure" free="140244144" total="805306368" percent="17" macro-fragmented="0">
      <mem type="soa" free="132190384" total="797252608" percent="16" />
      <mem type="loa" free="8053760" total="8053760" percent="100" />
    </mem>
    <pending-finalizers system="52" default="1" reference="7" classloader="0" />
    <remembered-set count="131" />
  </mem-info>
</gc-end>
<cycle-end id="4814" type="scavenge" contextid="4808" timestamp="2022-02-08T16:49:51.862" />
<allocation-satisfied id="4815" threadId="0000000000016F00" bytesRequested="248" />
<af-end id="4816" timestamp="2022-02-08T16:49:51.862" threadId="0000000000017908" success="true" from="nursery"/>
<exclusive-end id="4817" timestamp="2022-02-08T16:49:51.862" durationms="88.435" />

<concurrent-kickoff id="4818" timestamp="2022-02-08T16:49:52.562">
  <kickoff reason="threshold reached" targetBytes="74444050" thresholdFreeBytes="6254878"  remainingFree="6250096" tenureFreeBytes="140244144" nurseryFreeBytes="6250096" />
</concurrent-kickoff>
<exclusive-start id="4819" timestamp="2022-02-08T16:49:52.570" intervalms="796.677">
  <response-info timems="0.022" idlems="0.022" threads="0" lastid="0000000000016F00" lastname="main" />
</exclusive-start>
<cycle-start id="4820" type="global" contextid="0" timestamp="2022-02-08T16:49:52.570" intervalms="3022.786" />
<concurrent-start id="4821" type="global mark" contextid="4820" timestamp="2022-02-08T16:49:52.570">
</concurrent-start>
<exclusive-end id="4822" timestamp="2022-02-08T16:49:52.570" durationms="0.027" />

<exclusive-start id="4823" timestamp="2022-02-08T16:49:52.742" intervalms="171.205">
  <response-info timems="0.065" idlems="0.065" threads="0" lastid="0000000000016F00" lastname="main" />
</exclusive-start>
<af-start id="4824" threadId="0000000000017908" totalBytesRequested="24" timestamp="2022-02-08T16:49:52.742" intervalms="967.807" type="nursery" />
<cycle-start id="4825" type="scavenge" contextid="0" timestamp="2022-02-08T16:49:52.742" intervalms="967.523" />
<gc-start id="4826" type="scavenge" contextid="4825" timestamp="2022-02-08T16:49:52.742">
  <mem-info id="4827" free="140244144" total="1073741824" percent="13">
    <mem type="nursery" free="0" total="268435456" percent="0">
      <mem type="allocate" free="0" total="184287232" percent="0" />
      <mem type="survivor" free="0" total="84148224" percent="0" />
    </mem>
    <mem type="tenure" free="140244144" total="805306368" percent="17">
      <mem type="soa" free="132190384" total="797252608" percent="16" />
      <mem type="loa" free="8053760" total="8053760" percent="100" />
    </mem>
    <remembered-set count="132" />
  </mem-info>
</gc-start>
<allocation-stats totalBytes="108530336" >
  <allocated-bytes non-tlh="1823056" tlh="106707280" />
  <largest-consumer threadName="main" threadId="0000000000016F00" bytes="108522144" />
</allocation-stats>
<gc-op id="4828" type="scavenge" timems="86.239" contextid="4825" timestamp="2022-02-08T16:49:52.828">
  <scavenger-info tenureage="1" tenuremask="7ffe" tiltratio="68" />
  <memory-copied type="nursery" objects="1353819" bytes="77344208" bytesdiscarded="270520" />
  <memory-copied type="tenure" objects="1482262" bytes="74982904" bytesdiscarded="36016" />
  <finalization candidates="57" enqueued="0" />
  <references type="phantom" candidates="2" cleared="0" enqueued="0" />
  <object-monitors candidates="2" cleared="0"  />
</gc-op>
<gc-end id="4829" type="scavenge" contextid="4825" durationms="86.434" usertimems="337.165" systemtimems="3.800" stalltimems="2.573" timestamp="2022-02-08T16:49:52.828" activeThreads="4">
  <mem-info id="4830" free="171059912" total="1073741824" percent="15">
    <mem type="nursery" free="105623928" total="268435456" percent="39">
      <mem type="allocate" free="105623928" total="183238656" percent="57" />
      <mem type="survivor" free="0" total="85196800" percent="0" />
    </mem>
    <mem type="tenure" free="65435984" total="805306368" percent="8" macro-fragmented="47927252">
      <mem type="soa" free="57382224" total="797252608" percent="7" />
      <mem type="loa" free="8053760" total="8053760" percent="100" />
    </mem>
    <remembered-set count="103" />
  </mem-info>
</gc-end>
<cycle-end id="4831" type="scavenge" contextid="4825" timestamp="2022-02-08T16:49:52.828" />
<allocation-satisfied id="4832" threadId="0000000000016F00" bytesRequested="24" />
<af-end id="4833" timestamp="2022-02-08T16:49:52.828" threadId="0000000000017908" success="true" from="nursery"/>
<exclusive-end id="4834" timestamp="2022-02-08T16:49:52.828" durationms="86.749" />

<concurrent-end id="4835" type="global mark" contextid="4820" timestamp="2022-02-08T16:49:52.904">
<gc-op id="4836" type="trace" timems="334.103" contextid="4820" timestamp="2022-02-08T16:49:52.904">
  <trace bytesTraced="74444056" workStackOverflowCount="0" />
  <card-cleaning reason="card cleaning threshold reached" bytesTraced="188" cardsCleaned="1" />
</gc-op>
</concurrent-end>

<exclusive-start id="4837" timestamp="2022-02-08T16:49:52.905" intervalms="162.976">
  <response-info timems="0.020" idlems="0.020" threads="0" lastid="0000000000016F00" lastname="main" />
</exclusive-start>
<concurrent-global-final id="4838" timestamp="2022-02-08T16:49:52.905" contextid="4820" intervalms="3044.796" >
  <concurrent-trace-info reason="card cleaning threshold reached" tracedByMutators="54280052" tracedByHelpers="20164192" cardsCleaned="1" workStackOverflowCount="0" />
</concurrent-global-final>
<gc-start id="4839" type="global" contextid="4820" timestamp="2022-02-08T16:49:52.905">
  <mem-info id="4840" free="166242992" total="1073741824" percent="15">
    <mem type="nursery" free="100807008" total="268435456" percent="37">
      <mem type="allocate" free="100807008" total="183238656" percent="55" />
      <mem type="survivor" free="0" total="85196800" percent="0" />
    </mem>
    <mem type="tenure" free="65435984" total="805306368" percent="8">
      <mem type="soa" free="57382224" total="797252608" percent="7" />
      <mem type="loa" free="8053760" total="8053760" percent="100" />
    </mem>
    <remembered-set count="103" />
  </mem-info>
</gc-start>
<allocation-stats totalBytes="4814536" >
  <allocated-bytes non-tlh="24" tlh="4814512" />
  <largest-consumer threadName="main" threadId="0000000000016F00" bytes="4814536" />
</allocation-stats>
<gc-op id="4841" type="rs-scan" timems="0.564" contextid="4820" timestamp="2022-02-08T16:49:52.905">
  <scan objectsFound="29" bytesTraced="5420" workStackOverflowCount="0" />
</gc-op>
<gc-op id="4842" type="card-cleaning" timems="157.421" contextid="4820" timestamp="2022-02-08T16:49:53.063">
  <card-cleaning cardsCleaned="8" bytesTraced="71017172" workStackOverflowCount="0" />
</gc-op>
<gc-op id="4843" type="mark" timems="41.897" contextid="4820" timestamp="2022-02-08T16:49:53.105">
  <trace-info objectcount="1566819" scancount="1176642" scanbytes="25169384" />
  <finalization candidates="428" enqueued="57" />
  <ownableSynchronizers candidates="1" cleared="0" />
  <references type="soft" candidates="894" cleared="0" enqueued="0" dynamicThreshold="11" maxThreshold="32" />
  <references type="weak" candidates="1701" cleared="0" enqueued="0" />
  <references type="phantom" candidates="52" cleared="2" enqueued="2" />
  <stringconstants candidates="6470" cleared="0"  />
  <object-monitors candidates="2" cleared="0"  />
</gc-op>
<gc-op id="4844" type="sweep" timems="5.343" contextid="4820" timestamp="2022-02-08T16:49:53.110" />
<gc-end id="4845" type="global" contextid="4820" durationms="205.438" usertimems="221.673" systemtimems="0.000" stalltimems="125.605" timestamp="2022-02-08T16:49:53.110" activeThreads="4">
  <mem-info id="4846" free="409414616" total="1073741824" percent="38">
    <mem type="nursery" free="101167232" total="268435456" percent="37">
      <mem type="allocate" free="101167232" total="183238656" percent="55" />
      <mem type="survivor" free="0" total="85196800" percent="0" />
    </mem>
    <mem type="tenure" free="308247384" total="805306368" percent="38" micro-fragmented="228817" macro-fragmented="1500163">
      <mem type="soa" free="300193624" total="797252608" percent="37" />
      <mem type="loa" free="8053760" total="8053760" percent="100" />
    </mem>
    <pending-finalizers system="57" default="0" reference="2" classloader="0" />
    <remembered-set count="103" />
  </mem-info>
</gc-end>
<cycle-end id="4847" type="global" contextid="4820" timestamp="2022-02-08T16:49:53.110" />
<exclusive-end id="4848" timestamp="2022-02-08T16:49:53.110" durationms="205.667" />

<exclusive-start id="4849" timestamp="2022-02-08T16:49:53.787" intervalms="882.718">
  <response-info timems="0.017" idlems="0.017" threads="0" lastid="0000000000016F00" lastname="main" />
</exclusive-start>
<af-start id="4850" threadId="0000000000017908" totalBytesRequested="184" timestamp="2022-02-08T16:49:53.787" intervalms="1045.710" type="nursery" />
<cycle-start id="4851" type="scavenge" contextid="0" timestamp="2022-02-08T16:49:53.787" intervalms="1045.712" />
<gc-start id="4852" type="scavenge" contextid="4851" timestamp="2022-02-08T16:49:53.787">
  <mem-info id="4853" free="308247384" total="1073741824" percent="28">
    <mem type="nursery" free="0" total="268435456" percent="0">
      <mem type="allocate" free="0" total="183238656" percent="0" />
      <mem type="survivor" free="0" total="85196800" percent="0" />
    </mem>
    <mem type="tenure" free="308247384" total="805306368" percent="38">
      <mem type="soa" free="300193624" total="797252608" percent="37" />
      <mem type="loa" free="8053760" total="8053760" percent="100" />
    </mem>
    <remembered-set count="106" />
  </mem-info>
</gc-start>
<allocation-stats totalBytes="101117144" >
  <allocated-bytes non-tlh="0" tlh="101117144" />
  <largest-consumer threadName="main" threadId="0000000000016F00" bytes="101113048" />
</allocation-stats>
<gc-op id="4854" type="scavenge" timems="78.683" contextid="4851" timestamp="2022-02-08T16:49:53.866">
  <scavenger-info tenureage="1" tenuremask="7ffe" tiltratio="68" />
  <memory-copied type="nursery" objects="1337278" bytes="75262048" bytesdiscarded="185880" />
  <memory-copied type="tenure" objects="1353819" bytes="77344208" bytesdiscarded="44048" />
  <finalization candidates="2" enqueued="0" />
  <ownableSynchronizers candidates="2" cleared="2" />
  <object-monitors candidates="2" cleared="0"  />
</gc-op>
<gc-end id="4855" type="scavenge" contextid="4851" durationms="78.862" usertimems="302.170" systemtimems="3.998" stalltimems="3.312" timestamp="2022-02-08T16:49:53.866" activeThreads="4">
  <mem-info id="4856" free="338643488" total="1073741824" percent="31">
    <mem type="nursery" free="108118408" total="268435456" percent="40">
      <mem type="allocate" free="108118408" total="183566336" percent="58" />
      <mem type="survivor" free="0" total="84869120" percent="0" />
    </mem>
    <mem type="tenure" free="230525080" total="805306368" percent="28" macro-fragmented="0">
      <mem type="soa" free="222471320" total="797252608" percent="27" />
      <mem type="loa" free="8053760" total="8053760" percent="100" />
    </mem>
    <remembered-set count="104" />
  </mem-info>
</gc-end>
<cycle-end id="4857" type="scavenge" contextid="4851" timestamp="2022-02-08T16:49:53.866" />
<allocation-satisfied id="4858" threadId="0000000000016F00" bytesRequested="184" />
<af-end id="4859" timestamp="2022-02-08T16:49:53.866" threadId="0000000000017908" success="true" from="nursery"/>
<exclusive-end id="4860" timestamp="2022-02-08T16:49:53.866" durationms="79.131" />

<exclusive-start id="4861" timestamp="2022-02-08T16:49:54.586" intervalms="799.022">
  <response-info timems="0.020" idlems="0.020" threads="0" lastid="0000000000016F00" lastname="main" />
</exclusive-start>
<af-start id="4862" threadId="0000000000017908" totalBytesRequested="200" timestamp="2022-02-08T16:49:54.586" intervalms="799.003" type="nursery" />
<cycle-start id="4863" type="scavenge" contextid="0" timestamp="2022-02-08T16:49:54.586" intervalms="799.000" />
<gc-start id="4864" type="scavenge" contextid="4863" timestamp="2022-02-08T16:49:54.586">
  <mem-info id="4865" free="230525080" total="1073741824" percent="21">
    <mem type="nursery" free="0" total="268435456" percent="0">
      <mem type="allocate" free="0" total="183566336" percent="0" />
      <mem type="survivor" free="0" total="84869120" percent="0" />
    </mem>
    <mem type="tenure" free="230525080" total="805306368" percent="28">
      <mem type="soa" free="222471320" total="797252608" percent="27" />
      <mem type="loa" free="8053760" total="8053760" percent="100" />
    </mem>
    <remembered-set count="118" />
  </mem-info>
</gc-start>
<allocation-stats totalBytes="108068376" >
  <allocated-bytes non-tlh="453888" tlh="107614488" />
  <largest-consumer threadName="main" threadId="0000000000016F00" bytes="108068376" />
</allocation-stats>
<gc-op id="4866" type="scavenge" timems="79.634" contextid="4863" timestamp="2022-02-08T16:49:54.666">
  <scavenger-info tenureage="1" tenuremask="7ffe" tiltratio="68" />
  <memory-copied type="nursery" objects="1359812" bytes="76950032" bytesdiscarded="296912" />
  <memory-copied type="tenure" objects="1337277" bytes="75261944" bytesdiscarded="43464" />
  <finalization candidates="30" enqueued="18" />
  <references type="phantom" candidates="30" cleared="0" enqueued="0" />
  <object-monitors candidates="2" cleared="0"  />
</gc-op>
<gc-end id="4867" type="scavenge" contextid="4863" durationms="79.868" usertimems="311.195" systemtimems="1.354" stalltimems="4.685" timestamp="2022-02-08T16:49:54.666" activeThreads="4">
  <mem-info id="4868" free="261700416" total="1073741824" percent="24">
    <mem type="nursery" free="106253856" total="268435456" percent="39">
      <mem type="allocate" free="106253856" total="183500800" percent="57" />
      <mem type="survivor" free="0" total="84934656" percent="0" />
    </mem>
    <mem type="tenure" free="155446560" total="805306368" percent="19" macro-fragmented="868149">
      <mem type="soa" free="147392800" total="797252608" percent="18" />
      <mem type="loa" free="8053760" total="8053760" percent="100" />
    </mem>
    <pending-finalizers system="18" default="0" reference="0" classloader="0" />
    <remembered-set count="119" />
  </mem-info>
</gc-end>
<cycle-end id="4869" type="scavenge" contextid="4863" timestamp="2022-02-08T16:49:54.666" />
<allocation-satisfied id="4870" threadId="0000000000016F00" bytesRequested="200" />
<af-end id="4871" timestamp="2022-02-08T16:49:54.666" threadId="0000000000017908" success="true" from="nursery"/>
<exclusive-end id="4872" timestamp="2022-02-08T16:49:54.666" durationms="80.117" />

<concurrent-kickoff id="4873" timestamp="2022-02-08T16:49:55.531">
  <kickoff reason="threshold reached" targetBytes="74444053" thresholdFreeBytes="6259504"  remainingFree="6180384" tenureFreeBytes="155446560" nurseryFreeBytes="6180384" />
</concurrent-kickoff>
<exclusive-start id="4874" timestamp="2022-02-08T16:49:55.535" intervalms="949.116">
  <response-info timems="0.041" idlems="0.041" threads="0" lastid="0000000000016F00" lastname="main" />
</exclusive-start>
<cycle-start id="4875" type="global" contextid="0" timestamp="2022-02-08T16:49:55.535" intervalms="2965.048" />
<concurrent-start id="4876" type="global mark" contextid="4875" timestamp="2022-02-08T16:49:55.535">
</concurrent-start>
<exclusive-end id="4877" timestamp="2022-02-08T16:49:55.535" durationms="0.042" />

<exclusive-start id="4878" timestamp="2022-02-08T16:49:55.699" intervalms="163.303">
  <response-info timems="0.018" idlems="0.018" threads="0" lastid="0000000000016F00" lastname="main" />
</exclusive-start>
<af-start id="4879" threadId="0000000000017908" totalBytesRequested="192" timestamp="2022-02-08T16:49:55.699" intervalms="1112.418" type="nursery" />
<cycle-start id="4880" type="scavenge" contextid="0" timestamp="2022-02-08T16:49:55.699" intervalms="1112.417" />
<gc-start id="4881" type="scavenge" contextid="4880" timestamp="2022-02-08T16:49:55.699">
  <mem-info id="4882" free="155446560" total="1073741824" percent="14">
    <mem type="nursery" free="0" total="268435456" percent="0">
      <mem type="allocate" free="0" total="183500800" percent="0" />
      <mem type="survivor" free="0" total="84934656" percent="0" />
    </mem>
    <mem type="tenure" free="155446560" total="805306368" percent="19">
      <mem type="soa" free="147392800" total="797252608" percent="18" />
      <mem type="loa" free="8053760" total="8053760" percent="100" />
    </mem>
    <remembered-set count="136" />
  </mem-info>
</gc-start>
<allocation-stats totalBytes="106206768" >
  <allocated-bytes non-tlh="2555320" tlh="103651448" />
  <largest-consumer threadName="main" threadId="0000000000016F00" bytes="106202672" />
</allocation-stats>
<gc-op id="4883" type="scavenge" timems="79.640" contextid="4880" timestamp="2022-02-08T16:49:55.778">
  <scavenger-info tenureage="1" tenuremask="7ffe" tiltratio="68" />
  <memory-copied type="nursery" objects="1413255" bytes="74994928" bytesdiscarded="223744" />
  <memory-copied type="tenure" objects="1359512" bytes="76337176" bytesdiscarded="40512" />
  <finalization candidates="92" enqueued="35" />
  <references type="soft" candidates="14" cleared="0" enqueued="0" dynamicThreshold="12" maxThreshold="32" />
  <references type="weak" candidates="1" cleared="0" enqueued="0" />
  <references type="phantom" candidates="77" cleared="7" enqueued="7" />
  <object-monitors candidates="2" cleared="0"  />
</gc-op>
<gc-end id="4884" type="scavenge" contextid="4880" durationms="79.901" usertimems="310.343" systemtimems="0.598" stalltimems="4.584" timestamp="2022-02-08T16:49:55.779" activeThreads="4">
  <mem-info id="4885" free="187674408" total="1073741824" percent="17">
    <mem type="nursery" free="108609680" total="268435456" percent="40">
      <mem type="allocate" free="108609680" total="183828480" percent="59" />
      <mem type="survivor" free="0" total="84606976" percent="0" />
    </mem>
    <mem type="tenure" free="79064728" total="805306368" percent="9" macro-fragmented="0">
      <mem type="soa" free="71010968" total="797252608" percent="8" />
      <mem type="loa" free="8053760" total="8053760" percent="100" />
    </mem>
    <pending-finalizers system="34" default="1" reference="7" classloader="0" />
    <remembered-set count="121" />
  </mem-info>
</gc-end>
<cycle-end id="4886" type="scavenge" contextid="4880" timestamp="2022-02-08T16:49:55.779" />
<allocation-satisfied id="4887" threadId="0000000000016F00" bytesRequested="192" />
<af-end id="4888" timestamp="2022-02-08T16:49:55.779" threadId="0000000000017908" success="true" from="nursery"/>
<exclusive-end id="4889" timestamp="2022-02-08T16:49:55.779" durationms="80.182" />

<concurrent-end id="4890" type="global mark" contextid="4875" timestamp="2022-02-08T16:49:55.878">
<gc-op id="4891" type="trace" timems="342.399" contextid="4875" timestamp="2022-02-08T16:49:55.878">
  <trace bytesTraced="74444360" workStackOverflowCount="0" />
  <card-cleaning reason="card cleaning threshold reached" bytesTraced="188" cardsCleaned="1" />
</gc-op>
</concurrent-end>

<exclusive-start id="4892" timestamp="2022-02-08T16:49:55.878" intervalms="179.188">
  <response-info timems="0.023" idlems="0.023" threads="0" lastid="0000000000016F00" lastname="main" />
</exclusive-start>
<concurrent-global-final id="4893" timestamp="2022-02-08T16:49:55.878" contextid="4875" intervalms="2973.349" >
  <concurrent-trace-info reason="card cleaning threshold reached" tracedByMutators="55786760" tracedByHelpers="18657788" cardsCleaned="1" workStackOverflowCount="0" />
</concurrent-global-final>
<gc-start id="4894" type="global" contextid="4875" timestamp="2022-02-08T16:49:55.878">
  <mem-info id="4895" free="180620904" total="1073741824" percent="16">
    <mem type="nursery" free="101556176" total="268435456" percent="37">
      <mem type="allocate" free="101556176" total="183828480" percent="55" />
      <mem type="survivor" free="0" total="84606976" percent="0" />
    </mem>
    <mem type="tenure" free="79064728" total="805306368" percent="9">
      <mem type="soa" free="71010968" total="797252608" percent="8" />
      <mem type="loa" free="8053760" total="8053760" percent="100" />
    </mem>
    <remembered-set count="122" />
  </mem-info>
</gc-start>
<allocation-stats totalBytes="7049696" >
  <allocated-bytes non-tlh="192" tlh="7049504" />
  <largest-consumer threadName="main" threadId="0000000000016F00" bytes="7041504" />
</allocation-stats>
<gc-op id="4896" type="rs-scan" timems="134.639" contextid="4875" timestamp="2022-02-08T16:49:56.013">
  <scan objectsFound="3324743" bytesTraced="71015736" workStackOverflowCount="0" />
</gc-op>
<gc-op id="4897" type="card-cleaning" timems="0.273" contextid="4875" timestamp="2022-02-08T16:49:56.013">
  <card-cleaning cardsCleaned="4" bytesTraced="5876" workStackOverflowCount="0" />
</gc-op>
<gc-op id="4898" type="mark" timems="32.897" contextid="4875" timestamp="2022-02-08T16:49:56.046">
  <trace-info objectcount="1272657" scancount="956019" scanbytes="20462792" />
  <finalization candidates="428" enqueued="57" />
  <ownableSynchronizers candidates="1" cleared="0" />
  <references type="soft" candidates="894" cleared="0" enqueued="0" dynamicThreshold="12" maxThreshold="32" />
  <references type="weak" candidates="1701" cleared="0" enqueued="0" />
  <references type="phantom" candidates="52" cleared="2" enqueued="2" />
  <stringconstants candidates="6470" cleared="0"  />
  <object-monitors candidates="2" cleared="0"  />
</gc-op>
<gc-op id="4899" type="sweep" timems="4.560" contextid="4875" timestamp="2022-02-08T16:49:56.050" />
<gc-end id="4900" type="global" contextid="4875" durationms="172.583" usertimems="183.414" systemtimems="4.332" stalltimems="97.760" timestamp="2022-02-08T16:49:56.051" activeThreads="4">
  <mem-info id="4901" free="424109048" total="1073741824" percent="39">
    <mem type="nursery" free="102194888" total="268435456" percent="38">
      <mem type="allocate" free="102194888" total="183828480" percent="55" />
      <mem type="survivor" free="0" total="84606976" percent="0" />
    </mem>
    <mem type="tenure" free="321914160" total="805306368" percent="39" micro-fragmented="242195" macro-fragmented="0">
      <mem type="soa" free="313860400" total="797252608" percent="39" />
      <mem type="loa" free="8053760" total="8053760" percent="100" />
    </mem>
    <pending-finalizers system="57" default="0" reference="2" classloader="0" />
    <remembered-set count="109" />
  </mem-info>
</gc-end>
<cycle-end id="4902" type="global" contextid="4875" timestamp="2022-02-08T16:49:56.051" />
<exclusive-end id="4903" timestamp="2022-02-08T16:49:56.051" durationms="172.778" />

<exclusive-start id="4904" timestamp="2022-02-08T16:49:56.773" intervalms="895.576">
  <response-info timems="0.038" idlems="0.038" threads="0" lastid="0000000000016F00" lastname="main" />
</exclusive-start>
<af-start id="4905" threadId="0000000000017908" totalBytesRequested="216" timestamp="2022-02-08T16:49:56.774" intervalms="1074.807" type="nursery" />
<cycle-start id="4906" type="scavenge" contextid="0" timestamp="2022-02-08T16:49:56.774" intervalms="1074.822" />
<gc-start id="4907" type="scavenge" contextid="4906" timestamp="2022-02-08T16:49:56.774">
  <mem-info id="4908" free="321914160" total="1073741824" percent="29">
    <mem type="nursery" free="0" total="268435456" percent="0">
      <mem type="allocate" free="0" total="183828480" percent="0" />
      <mem type="survivor" free="0" total="84606976" percent="0" />
    </mem>
    <mem type="tenure" free="321914160" total="805306368" percent="39">
      <mem type="soa" free="313860400" total="797252608" percent="39" />
      <mem type="loa" free="8053760" total="8053760" percent="100" />
    </mem>
    <remembered-set count="110" />
  </mem-info>
</gc-start>
<allocation-stats totalBytes="102148616" >
  <allocated-bytes non-tlh="0" tlh="102148616" />
  <largest-consumer threadName="main" threadId="0000000000016F00" bytes="102144520" />
</allocation-stats>
<gc-op id="4909" type="scavenge" timems="82.525" contextid="4906" timestamp="2022-02-08T16:49:56.856">
  <scavenger-info tenureage="1" tenuremask="7ffe" tiltratio="68" />
  <memory-copied type="nursery" objects="1408767" bytes="77685432" bytesdiscarded="243744" />
  <memory-copied type="tenure" objects="1412773" bytes="74683080" bytesdiscarded="45048" />
  <finalization candidates="45" enqueued="0" />
  <ownableSynchronizers candidates="2" cleared="2" />
  <object-monitors candidates="2" cleared="0"  />
</gc-op>
<gc-end id="4910" type="scavenge" contextid="4906" durationms="83.299" usertimems="321.970" systemtimems="3.935" stalltimems="3.035" timestamp="2022-02-08T16:49:56.857" activeThreads="4">
  <mem-info id="4911" free="351179056" total="1073741824" percent="32">
    <mem type="nursery" free="104129832" total="268435456" percent="38">
      <mem type="allocate" free="104129832" total="182059008" percent="57" />
      <mem type="survivor" free="0" total="86376448" percent="0" />
    </mem>
    <mem type="tenure" free="247049224" total="805306368" percent="30" macro-fragmented="0">
      <mem type="soa" free="238995464" total="797252608" percent="29" />
      <mem type="loa" free="8053760" total="8053760" percent="100" />
    </mem>
    <remembered-set count="104" />
  </mem-info>
</gc-end>
<cycle-end id="4912" type="scavenge" contextid="4906" timestamp="2022-02-08T16:49:56.857" />
<allocation-satisfied id="4913" threadId="0000000000016F00" bytesRequested="216" />
<af-end id="4914" timestamp="2022-02-08T16:49:56.857" threadId="0000000000017908" success="true" from="nursery"/>
<exclusive-end id="4915" timestamp="2022-02-08T16:49:56.857" durationms="83.754" />

<exclusive-start id="4916" timestamp="2022-02-08T16:49:57.508" intervalms="734.312">
  <response-info timems="0.052" idlems="0.052" threads="0" lastid="0000000000016F00" lastname="main" />
</exclusive-start>
<af-start id="4917" threadId="0000000000017908" totalBytesRequested="112" timestamp="2022-02-08T16:49:57.508" intervalms="734.286" type="nursery" />
<cycle-start id="4918" type="scavenge" contextid="0" timestamp="2022-02-08T16:49:57.508" intervalms="734.308" />
<gc-start id="4919" type="scavenge" contextid="4918" timestamp="2022-02-08T16:49:57.508">
  <mem-info id="4920" free="247049224" total="1073741824" percent="23">
    <mem type="nursery" free="0" total="268435456" percent="0">
      <mem type="allocate" free="0" total="182059008" percent="0" />
      <mem type="survivor" free="0" total="86376448" percent="0" />
    </mem>
    <mem type="tenure" free="247049224" total="805306368" percent="30">
      <mem type="soa" free="238995464" total="797252608" percent="29" />
      <mem type="loa" free="8053760" total="8053760" percent="100" />
    </mem>
    <remembered-set count="104" />
  </mem-info>
</gc-start>
<allocation-stats totalBytes="104083008" >
  <allocated-bytes non-tlh="216" tlh="104082792" />
  <largest-consumer threadName="main" threadId="0000000000016F00" bytes="104083008" />
</allocation-stats>
<gc-op id="4921" type="scavenge" timems="85.910" contextid="4918" timestamp="2022-02-08T16:49:57.594">
  <scavenger-info tenureage="1" tenuremask="7ffe" tiltratio="67" />
  <memory-copied type="nursery" objects="1299596" bytes="74001120" bytesdiscarded="174352" />
  <memory-copied type="tenure" objects="1408766" bytes="77685312" bytesdiscarded="41504" />
  <object-monitors candidates="2" cleared="0"  />
</gc-op>
<gc-end id="4922" type="scavenge" contextid="4918" durationms="86.327" usertimems="330.264" systemtimems="0.000" stalltimems="10.496" timestamp="2022-02-08T16:49:57.594" activeThreads="4">
  <mem-info id="4923" free="277591840" total="1073741824" percent="25">
    <mem type="nursery" free="108342288" total="268435456" percent="40">
      <mem type="allocate" free="108342288" total="182517760" percent="59" />
      <mem type="survivor" free="0" total="85917696" percent="0" />
    </mem>
    <mem type="tenure" free="169249552" total="805306368" percent="21" macro-fragmented="39939376">
      <mem type="soa" free="161195792" total="797252608" percent="20" />
      <mem type="loa" free="8053760" total="8053760" percent="100" />
    </mem>
    <remembered-set count="104" />
  </mem-info>
</gc-end>
<cycle-end id="4924" type="scavenge" contextid="4918" timestamp="2022-02-08T16:49:57.595" />
<allocation-satisfied id="4925" threadId="0000000000016F00" bytesRequested="112" />
<af-end id="4926" timestamp="2022-02-08T16:49:57.595" threadId="0000000000017908" success="true" from="nursery"/>
<exclusive-end id="4927" timestamp="2022-02-08T16:49:57.595" durationms="86.820" />

<exclusive-start id="4928" timestamp="2022-02-08T16:49:58.536" intervalms="1028.439">
  <response-info timems="0.018" idlems="0.018" threads="0" lastid="0000000000016F00" lastname="main" />
</exclusive-start>
<af-start id="4929" threadId="0000000000017908" totalBytesRequested="112" timestamp="2022-02-08T16:49:58.536" intervalms="1028.425" type="nursery" />
<cycle-start id="4930" type="scavenge" contextid="0" timestamp="2022-02-08T16:49:58.536" intervalms="1028.389" />
<gc-start id="4931" type="scavenge" contextid="4930" timestamp="2022-02-08T16:49:58.536">
  <mem-info id="4932" free="169249552" total="1073741824" percent="15">
    <mem type="nursery" free="0" total="268435456" percent="0">
      <mem type="allocate" free="0" total="182517760" percent="0" />
      <mem type="survivor" free="0" total="85917696" percent="0" />
    </mem>
    <mem type="tenure" free="169249552" total="805306368" percent="21">
      <mem type="soa" free="161195792" total="797252608" percent="20" />
      <mem type="loa" free="8053760" total="8053760" percent="100" />
    </mem>
    <remembered-set count="136" />
  </mem-info>
</gc-start>
<allocation-stats totalBytes="108294040" >
  <allocated-bytes non-tlh="2938360" tlh="105355680" />
  <largest-consumer threadName="main" threadId="0000000000016F00" bytes="108294040" />
</allocation-stats>
<gc-op id="4933" type="scavenge" timems="86.372" contextid="4930" timestamp="2022-02-08T16:49:58.623">
  <scavenger-info tenureage="1" tenuremask="7ffe" tiltratio="67" />
  <memory-copied type="nursery" objects="1453477" bytes="76146896" bytesdiscarded="129664" />
  <memory-copied type="tenure" objects="1299596" bytes="74001120" bytesdiscarded="40800" />
  <finalization candidates="110" enqueued="53" />
  <references type="soft" candidates="14" cleared="0" enqueued="0" dynamicThreshold="12" maxThreshold="32" />
  <references type="weak" candidates="1" cleared="0" enqueued="0" />
  <references type="phantom" candidates="95" cleared="7" enqueued="7" />
  <object-monitors candidates="2" cleared="0"  />
</gc-op>
<gc-end id="4934" type="scavenge" contextid="4930" durationms="86.822" usertimems="341.695" systemtimems="0.000" stalltimems="3.062" timestamp="2022-02-08T16:49:58.623" activeThreads="4">
  <mem-info id="4935" free="201867840" total="1073741824" percent="18">
    <mem type="nursery" free="106503216" total="268435456" percent="39">
      <mem type="allocate" free="106503216" total="182779904" percent="58" />
      <mem type="survivor" free="0" total="85655552" percent="0" />
    </mem>
    <mem type="tenure" free="95364624" total="805306368" percent="11" macro-fragmented="57512708">
      <mem type="soa" free="87310864" total="797252608" percent="10" />
      <mem type="loa" free="8053760" total="8053760" percent="100" />
    </mem>
    <pending-finalizers system="52" default="1" reference="7" classloader="0" />
    <remembered-set count="131" />
  </mem-info>
</gc-end>
<cycle-end id="4936" type="scavenge" contextid="4930" timestamp="2022-02-08T16:49:58.623" />
<allocation-satisfied id="4937" threadId="0000000000016F00" bytesRequested="112" />
<af-end id="4938" timestamp="2022-02-08T16:49:58.623" threadId="0000000000017908" success="true" from="nursery"/>
<exclusive-end id="4939" timestamp="2022-02-08T16:49:58.623" durationms="87.161" />

<concurrent-kickoff id="4940" timestamp="2022-02-08T16:49:59.334">
  <kickoff reason="threshold reached" targetBytes="74444130" thresholdFreeBytes="6229228"  remainingFree="6102064" tenureFreeBytes="95364624" nurseryFreeBytes="6102064" />
</concurrent-kickoff>
<exclusive-start id="4941" timestamp="2022-02-08T16:49:59.337" intervalms="801.003">
  <response-info timems="0.019" idlems="0.019" threads="0" lastid="0000000000016F00" lastname="main" />
</exclusive-start>
<cycle-start id="4942" type="global" contextid="0" timestamp="2022-02-08T16:49:59.337" intervalms="3801.809" />
<concurrent-start id="4943" type="global mark" contextid="4942" timestamp="2022-02-08T16:49:59.337">
</concurrent-start>
<exclusive-end id="4944" timestamp="2022-02-08T16:49:59.337" durationms="0.027" />

<exclusive-start id="4945" timestamp="2022-02-08T16:49:59.484" intervalms="146.595">
  <response-info timems="0.028" idlems="0.028" threads="0" lastid="0000000000016F00" lastname="main" />
</exclusive-start>
<af-start id="4946" threadId="0000000000017908" totalBytesRequested="184" timestamp="2022-02-08T16:49:59.484" intervalms="947.596" type="nursery" />
<cycle-start id="4947" type="scavenge" contextid="0" timestamp="2022-02-08T16:49:59.484" intervalms="947.595" />
<gc-start id="4948" type="scavenge" contextid="4947" timestamp="2022-02-08T16:49:59.484">
  <mem-info id="4949" free="95364624" total="1073741824" percent="8">
    <mem type="nursery" free="0" total="268435456" percent="0">
      <mem type="allocate" free="0" total="182779904" percent="0" />
      <mem type="survivor" free="0" total="85655552" percent="0" />
    </mem>
    <mem type="tenure" free="95364624" total="805306368" percent="11">
      <mem type="soa" free="87310864" total="797252608" percent="10" />
      <mem type="loa" free="8053760" total="8053760" percent="100" />
    </mem>
    <remembered-set count="132" />
  </mem-info>
</gc-start>
<allocation-stats totalBytes="106452192" >
  <allocated-bytes non-tlh="112" tlh="106452080" />
  <largest-consumer threadName="main" threadId="0000000000016F00" bytes="106444000" />
</allocation-stats>
<gc-op id="4950" type="scavenge" timems="87.137" contextid="4947" timestamp="2022-02-08T16:49:59.571">
  <scavenger-info tenureage="1" tenuremask="7ffe" tiltratio="68" />
  <memory-copied type="nursery" objects="1373697" bytes="75839024" bytesdiscarded="236752" />
  <memory-copied type="tenure" objects="1452766" bytes="75679040" bytesdiscarded="38096" />
  <finalization candidates="57" enqueued="0" />
  <object-monitors candidates="2" cleared="0"  />
</gc-op>
<gc-end id="4951" type="scavenge" contextid="4947" durationms="87.457" usertimems="345.347" systemtimems="0.000" stalltimems="2.242" timestamp="2022-02-08T16:49:59.571" activeThreads="4">
  <mem-info id="4952" free="127019808" total="1073741824" percent="11">
    <mem type="nursery" free="107425024" total="268435456" percent="40">
      <mem type="allocate" free="107425024" total="183500800" percent="58" />
      <mem type="survivor" free="0" total="84934656" percent="0" />
    </mem>
    <mem type="tenure" free="19594784" total="805306368" percent="2" macro-fragmented="15625808">
      <mem type="soa" free="11541024" total="797252608" percent="1" />
      <mem type="loa" free="8053760" total="8053760" percent="100" />
    </mem>
    <remembered-set count="103" />
  </mem-info>
</gc-end>
<cycle-end id="4953" type="scavenge" contextid="4947" timestamp="2022-02-08T16:49:59.571" />
<allocation-satisfied id="4954" threadId="0000000000016F00" bytesRequested="184" />
<af-end id="4955" timestamp="2022-02-08T16:49:59.572" threadId="0000000000017908" success="true" from="nursery"/>
<exclusive-end id="4956" timestamp="2022-02-08T16:49:59.572" durationms="87.727" />

<concurrent-end id="4957" type="global mark" contextid="4942" timestamp="2022-02-08T16:49:59.666">
<gc-op id="4958" type="trace" timems="328.825" contextid="4942" timestamp="2022-02-08T16:49:59.666">
  <trace bytesTraced="74407468" workStackOverflowCount="0" />
  <card-cleaning reason="card cleaning threshold reached" bytesTraced="188" cardsCleaned="1" />
</gc-op>
</concurrent-end>

<exclusive-start id="4959" timestamp="2022-02-08T16:49:59.666" intervalms="182.300">
  <response-info timems="0.019" idlems="0.019" threads="0" lastid="0000000000016F00" lastname="main" />
</exclusive-start>
<concurrent-global-final id="4960" timestamp="2022-02-08T16:49:59.666" contextid="4942" intervalms="3788.223" >
  <concurrent-trace-info reason="card cleaning threshold reached" tracedByMutators="52010668" tracedByHelpers="22396988" cardsCleaned="1" workStackOverflowCount="0" />
</concurrent-global-final>
<gc-start id="4961" type="global" contextid="4942" timestamp="2022-02-08T16:49:59.666">
  <mem-info id="4962" free="121285224" total="1073741824" percent="11">
    <mem type="nursery" free="101690440" total="268435456" percent="37">
      <mem type="allocate" free="101690440" total="183500800" percent="55" />
      <mem type="survivor" free="0" total="84934656" percent="0" />
    </mem>
    <mem type="tenure" free="19594784" total="805306368" percent="2">
      <mem type="soa" free="11541024" total="797252608" percent="1" />
      <mem type="loa" free="8053760" total="8053760" percent="100" />
    </mem>
    <remembered-set count="103" />
  </mem-info>
</gc-start>
<allocation-stats totalBytes="5732176" >
  <allocated-bytes non-tlh="184" tlh="5731992" />
  <largest-consumer threadName="main" threadId="0000000000016F00" bytes="5732176" />
</allocation-stats>
<gc-op id="4963" type="rs-scan" timems="0.515" contextid="4942" timestamp="2022-02-08T16:49:59.667">
  <scan objectsFound="0" bytesTraced="3940" workStackOverflowCount="0" />
</gc-op>
<gc-op id="4964" type="card-cleaning" timems="150.800" contextid="4942" timestamp="2022-02-08T16:49:59.818">
  <card-cleaning cardsCleaned="11" bytesTraced="71052940" workStackOverflowCount="0" />
</gc-op>
<gc-op id="4965" type="mark" timems="65.760" contextid="4942" timestamp="2022-02-08T16:49:59.883">
  <trace-info objectcount="2362227" scancount="1773198" scanbytes="37895912" />
  <finalization candidates="428" enqueued="57" />
  <ownableSynchronizers candidates="1" cleared="0" />
  <references type="soft" candidates="894" cleared="0" enqueued="0" dynamicThreshold="12" maxThreshold="32" />
  <references type="weak" candidates="1701" cleared="0" enqueued="0" />
  <references type="phantom" candidates="52" cleared="2" enqueued="2" />
  <stringconstants candidates="6470" cleared="0"  />
  <object-monitors candidates="2" cleared="0"  />
</gc-op>
<gc-op id="4966" type="sweep" timems="4.974" contextid="4942" timestamp="2022-02-08T16:49:59.889" />
<gc-end id="4967" type="global" contextid="4942" durationms="222.483" usertimems="237.410" systemtimems="0.543" stalltimems="197.297" timestamp="2022-02-08T16:49:59.889" activeThreads="4">
  <mem-info id="4968" free="364456096" total="1073741824" percent="33">
    <mem type="nursery" free="102018344" total="268435456" percent="38">
      <mem type="allocate" free="102018344" total="183500800" percent="55" />
      <mem type="survivor" free="0" total="84934656" percent="0" />
    </mem>
    <mem type="tenure" free="262437752" total="805306368" percent="32" micro-fragmented="246531" macro-fragmented="0">
      <mem type="soa" free="254383992" total="797252608" percent="31" />
      <mem type="loa" free="8053760" total="8053760" percent="100" />
    </mem>
    <pending-finalizers system="57" default="0" reference="2" classloader="0" />
    <remembered-set count="103" />
  </mem-info>
</gc-end>
<cycle-end id="4969" type="global" contextid="4942" timestamp="2022-02-08T16:49:59.889" />
<exclusive-end id="4970" timestamp="2022-02-08T16:49:59.889" durationms="222.680" />

<exclusive-start id="4971" timestamp="2022-02-08T16:50:00.547" intervalms="880.483">
  <response-info timems="0.023" idlems="0.023" threads="0" lastid="0000000000016F00" lastname="main" />
</exclusive-start>
<af-start id="4972" threadId="0000000000017908" totalBytesRequested="184" timestamp="2022-02-08T16:50:00.547" intervalms="1062.785" type="nursery" />
<cycle-start id="4973" type="scavenge" contextid="0" timestamp="2022-02-08T16:50:00.547" intervalms="1062.785" />
<gc-start id="4974" type="scavenge" contextid="4973" timestamp="2022-02-08T16:50:00.547">
  <mem-info id="4975" free="262437752" total="1073741824" percent="24">
    <mem type="nursery" free="0" total="268435456" percent="0">
      <mem type="allocate" free="0" total="183500800" percent="0" />
      <mem type="survivor" free="0" total="84934656" percent="0" />
    </mem>
    <mem type="tenure" free="262437752" total="805306368" percent="32">
      <mem type="soa" free="254383992" total="797252608" percent="31" />
      <mem type="loa" free="8053760" total="8053760" percent="100" />
    </mem>
    <remembered-set count="106" />
  </mem-info>
</gc-start>
<allocation-stats totalBytes="101971568" >
  <allocated-bytes non-tlh="0" tlh="101971568" />
  <largest-consumer threadName="main" threadId="0000000000016F00" bytes="101967472" />
</allocation-stats>
<gc-op id="4976" type="scavenge" timems="82.409" contextid="4973" timestamp="2022-02-08T16:50:00.629">
  <scavenger-info tenureage="1" tenuremask="7ffe" tiltratio="68" />
  <memory-copied type="nursery" objects="1350479" bytes="76474872" bytesdiscarded="148112" />
  <memory-copied type="tenure" objects="1373696" bytes="75838920" bytesdiscarded="42056" />
  <ownableSynchronizers candidates="2" cleared="2" />
  <object-monitors candidates="2" cleared="0"  />
</gc-op>
<gc-end id="4977" type="scavenge" contextid="4973" durationms="82.747" usertimems="325.038" systemtimems="0.377" stalltimems="3.053" timestamp="2022-02-08T16:50:00.629" activeThreads="4">
  <mem-info id="4978" free="293578592" total="1073741824" percent="27">
    <mem type="nursery" free="107205496" total="268435456" percent="39">
      <mem type="allocate" free="107205496" total="183828480" percent="58" />
      <mem type="survivor" free="0" total="84606976" percent="0" />
    </mem>
    <mem type="tenure" free="186373096" total="805306368" percent="23" macro-fragmented="0">
      <mem type="soa" free="178319336" total="797252608" percent="22" />
      <mem type="loa" free="8053760" total="8053760" percent="100" />
    </mem>
    <remembered-set count="105" />
  </mem-info>
</gc-end>
<cycle-end id="4979" type="scavenge" contextid="4973" timestamp="2022-02-08T16:50:00.630" />
<allocation-satisfied id="4980" threadId="0000000000016F00" bytesRequested="184" />
<af-end id="4981" timestamp="2022-02-08T16:50:00.630" threadId="0000000000017908" success="true" from="nursery"/>
<exclusive-end id="4982" timestamp="2022-02-08T16:50:00.630" durationms="82.994" />

<exclusive-start id="4983" timestamp="2022-02-08T16:50:01.541" intervalms="994.106">
  <response-info timems="0.041" idlems="0.041" threads="0" lastid="0000000000016F00" lastname="main" />
</exclusive-start>
<af-start id="4984" threadId="0000000000017908" totalBytesRequested="240" timestamp="2022-02-08T16:50:01.541" intervalms="994.426" type="nursery" />
<cycle-start id="4985" type="scavenge" contextid="0" timestamp="2022-02-08T16:50:01.541" intervalms="994.434" />
<gc-start id="4986" type="scavenge" contextid="4985" timestamp="2022-02-08T16:50:01.541">
  <mem-info id="4987" free="186373096" total="1073741824" percent="17">
    <mem type="nursery" free="0" total="268435456" percent="0">
      <mem type="allocate" free="0" total="183828480" percent="0" />
      <mem type="survivor" free="0" total="84606976" percent="0" />
    </mem>
    <mem type="tenure" free="186373096" total="805306368" percent="23">
      <mem type="soa" free="178319336" total="797252608" percent="22" />
      <mem type="loa" free="8053760" total="8053760" percent="100" />
    </mem>
    <remembered-set count="136" />
  </mem-info>
</gc-start>
<allocation-stats totalBytes="107156608" >
  <allocated-bytes non-tlh="1590752" tlh="105565856" />
  <largest-consumer threadName="main" threadId="0000000000016F00" bytes="107156608" />
</allocation-stats>
<gc-op id="4988" type="scavenge" timems="80.115" contextid="4985" timestamp="2022-02-08T16:50:01.621">
  <scavenger-info tenureage="1" tenuremask="7ffe" tiltratio="68" />
  <memory-copied type="nursery" objects="1445036" bytes="75390776" bytesdiscarded="186320" />
  <memory-copied type="tenure" objects="1350478" bytes="76474768" bytesdiscarded="41328" />
  <finalization candidates="109" enqueued="53" />
  <references type="soft" candidates="14" cleared="0" enqueued="0" dynamicThreshold="10" maxThreshold="32" />
  <references type="weak" candidates="1" cleared="0" enqueued="0" />
  <references type="phantom" candidates="94" cleared="7" enqueued="7" />
  <object-monitors candidates="2" cleared="0"  />
</gc-op>
<gc-end id="4989" type="scavenge" contextid="4985" durationms="80.570" usertimems="316.782" systemtimems="0.000" stalltimems="3.257" timestamp="2022-02-08T16:50:01.622" activeThreads="4">
  <mem-info id="4990" free="218532120" total="1073741824" percent="20">
    <mem type="nursery" free="108644472" total="268435456" percent="40">
      <mem type="allocate" free="108644472" total="184221696" percent="58" />
      <mem type="survivor" free="0" total="84213760" percent="0" />
    </mem>
    <mem type="tenure" free="109887648" total="805306368" percent="13" macro-fragmented="0">
      <mem type="soa" free="101833888" total="797252608" percent="12" />
      <mem type="loa" free="8053760" total="8053760" percent="100" />
    </mem>
    <pending-finalizers system="52" default="1" reference="7" classloader="0" />
    <remembered-set count="132" />
  </mem-info>
</gc-end>
<cycle-end id="4991" type="scavenge" contextid="4985" timestamp="2022-02-08T16:50:01.622" />
<allocation-satisfied id="4992" threadId="0000000000016F00" bytesRequested="240" />
<af-end id="4993" timestamp="2022-02-08T16:50:01.622" threadId="0000000000017908" success="true" from="nursery"/>
<exclusive-end id="4994" timestamp="2022-02-08T16:50:01.622" durationms="81.199" />

<concurrent-kickoff id="4995" timestamp="2022-02-08T16:50:02.343">
  <kickoff reason="threshold reached" targetBytes="74436816" thresholdFreeBytes="6222842"  remainingFree="6133544" tenureFreeBytes="109887648" nurseryFreeBytes="6133544" />
</concurrent-kickoff>
<exclusive-start id="4996" timestamp="2022-02-08T16:50:02.346" intervalms="805.469">
  <response-info timems="0.022" idlems="0.022" threads="0" lastid="0000000000016F00" lastname="main" />
</exclusive-start>
<cycle-start id="4997" type="global" contextid="0" timestamp="2022-02-08T16:50:02.346" intervalms="3008.955" />
<concurrent-start id="4998" type="global mark" contextid="4997" timestamp="2022-02-08T16:50:02.346">
</concurrent-start>
<exclusive-end id="4999" timestamp="2022-02-08T16:50:02.346" durationms="0.029" />

<exclusive-start id="5000" timestamp="2022-02-08T16:50:02.475" intervalms="129.088">
  <response-info timems="0.059" idlems="0.059" threads="0" lastid="0000000000016F00" lastname="main" />
</exclusive-start>
<af-start id="5001" threadId="0000000000017908" totalBytesRequested="24" timestamp="2022-02-08T16:50:02.475" intervalms="934.288" type="nursery" />
<cycle-start id="5002" type="scavenge" contextid="0" timestamp="2022-02-08T16:50:02.475" intervalms="934.322" />
<gc-start id="5003" type="scavenge" contextid="5002" timestamp="2022-02-08T16:50:02.475">
  <mem-info id="5004" free="109887648" total="1073741824" percent="10">
    <mem type="nursery" free="0" total="268435456" percent="0">
      <mem type="allocate" free="0" total="184221696" percent="0" />
      <mem type="survivor" free="0" total="84213760" percent="0" />
    </mem>
    <mem type="tenure" free="109887648" total="805306368" percent="13">
      <mem type="soa" free="101833888" total="797252608" percent="12" />
      <mem type="loa" free="8053760" total="8053760" percent="100" />
    </mem>
    <remembered-set count="133" />
  </mem-info>
</gc-start>
<allocation-stats totalBytes="108596456" >
  <allocated-bytes non-tlh="1347920" tlh="107248536" />
  <largest-consumer threadName="main" threadId="0000000000016F00" bytes="108588264" />
</allocation-stats>
<gc-op id="5005" type="scavenge" timems="86.516" contextid="5002" timestamp="2022-02-08T16:50:02.562">
  <scavenger-info tenureage="1" tenuremask="7ffe" tiltratio="68" />
  <memory-copied type="nursery" objects="1381854" bytes="77748128" bytesdiscarded="184736" />
  <memory-copied type="tenure" objects="1444316" bytes="74447480" bytesdiscarded="40656" />
  <finalization candidates="57" enqueued="0" />
  <references type="phantom" candidates="1" cleared="0" enqueued="0" />
  <object-monitors candidates="2" cleared="0"  />
</gc-op>
<gc-end id="5006" type="scavenge" contextid="5002" durationms="86.888" usertimems="341.290" systemtimems="0.397" stalltimems="3.604" timestamp="2022-02-08T16:50:02.562" activeThreads="4">
  <mem-info id="5007" free="139855088" total="1073741824" percent="13">
    <mem type="nursery" free="104388288" total="268435456" percent="38">
      <mem type="allocate" free="104388288" total="182321152" percent="57" />
      <mem type="survivor" free="0" total="86114304" percent="0" />
    </mem>
    <mem type="tenure" free="35466800" total="805306368" percent="4" macro-fragmented="0">
      <mem type="soa" free="27413040" total="797252608" percent="3" />
      <mem type="loa" free="8053760" total="8053760" percent="100" />
    </mem>
    <remembered-set count="102" />
  </mem-info>
</gc-end>
<cycle-end id="5008" type="scavenge" contextid="5002" timestamp="2022-02-08T16:50:02.562" />
<allocation-satisfied id="5009" threadId="0000000000016F00" bytesRequested="24" />
<af-end id="5010" timestamp="2022-02-08T16:50:02.563" threadId="0000000000017908" success="true" from="nursery"/>
<exclusive-end id="5011" timestamp="2022-02-08T16:50:02.563" durationms="87.280" />

<concurrent-end id="5012" type="global mark" contextid="4997" timestamp="2022-02-08T16:50:02.680">
<gc-op id="5013" type="trace" timems="333.518" contextid="4997" timestamp="2022-02-08T16:50:02.680">
  <trace bytesTraced="74448316" workStackOverflowCount="0" />
  <card-cleaning reason="card cleaning threshold reached" bytesTraced="188" cardsCleaned="1" />
</gc-op>
</concurrent-end>

<exclusive-start id="5014" timestamp="2022-02-08T16:50:02.680" intervalms="204.504">
  <response-info timems="0.021" idlems="0.021" threads="0" lastid="0000000000016F00" lastname="main" />
</exclusive-start>
<concurrent-global-final id="5015" timestamp="2022-02-08T16:50:02.680" contextid="4997" intervalms="3013.650" >
  <concurrent-trace-info reason="card cleaning threshold reached" tracedByMutators="51151712" tracedByHelpers="23296792" cardsCleaned="1" workStackOverflowCount="0" />
</concurrent-global-final>
<gc-start id="5016" type="global" contextid="4997" timestamp="2022-02-08T16:50:02.680">
  <mem-info id="5017" free="132416728" total="1073741824" percent="12">
    <mem type="nursery" free="96949928" total="268435456" percent="36">
      <mem type="allocate" free="96949928" total="182321152" percent="53" />
      <mem type="survivor" free="0" total="86114304" percent="0" />
    </mem>
    <mem type="tenure" free="35466800" total="805306368" percent="4">
      <mem type="soa" free="27413040" total="797252608" percent="3" />
      <mem type="loa" free="8053760" total="8053760" percent="100" />
    </mem>
    <remembered-set count="102" />
  </mem-info>
</gc-start>
<allocation-stats totalBytes="7434544" >
  <allocated-bytes non-tlh="24" tlh="7434520" />
  <largest-consumer threadName="main" threadId="0000000000016F00" bytes="7434544" />
</allocation-stats>
<gc-op id="5018" type="rs-scan" timems="0.688" contextid="4997" timestamp="2022-02-08T16:50:02.681">
  <scan objectsFound="29" bytesTraced="5420" workStackOverflowCount="0" />
</gc-op>
<gc-op id="5019" type="card-cleaning" timems="155.184" contextid="4997" timestamp="2022-02-08T16:50:02.836">
  <card-cleaning cardsCleaned="9" bytesTraced="71021080" workStackOverflowCount="0" />
</gc-op>
<gc-op id="5020" type="mark" timems="59.451" contextid="4997" timestamp="2022-02-08T16:50:02.895">
  <trace-info objectcount="2128139" scancount="1597631" scanbytes="34150528" />
  <finalization candidates="428" enqueued="57" />
  <ownableSynchronizers candidates="1" cleared="0" />
  <references type="soft" candidates="894" cleared="0" enqueued="0" dynamicThreshold="10" maxThreshold="32" />
  <references type="weak" candidates="1701" cleared="0" enqueued="0" />
  <references type="phantom" candidates="52" cleared="2" enqueued="2" />
  <stringconstants candidates="6470" cleared="0"  />
  <object-monitors candidates="2" cleared="0"  />
</gc-op>
<gc-op id="5021" type="sweep" timems="4.988" contextid="4997" timestamp="2022-02-08T16:50:02.900" />
<gc-end id="5022" type="global" contextid="4997" durationms="220.717" usertimems="235.598" systemtimems="0.267" stalltimems="178.340" timestamp="2022-02-08T16:50:02.901" activeThreads="4">
  <mem-info id="5023" free="375527200" total="1073741824" percent="34">
    <mem type="nursery" free="97226568" total="268435456" percent="36">
      <mem type="allocate" free="97226568" total="182321152" percent="53" />
      <mem type="survivor" free="0" total="86114304" percent="0" />
    </mem>
    <mem type="tenure" free="278300632" total="805306368" percent="34" micro-fragmented="285929" macro-fragmented="0">
      <mem type="soa" free="270246872" total="797252608" percent="33" />
      <mem type="loa" free="8053760" total="8053760" percent="100" />
    </mem>
    <pending-finalizers system="57" default="0" reference="2" classloader="0" />
    <remembered-set count="102" />
  </mem-info>
</gc-end>
<cycle-end id="5024" type="global" contextid="4997" timestamp="2022-02-08T16:50:02.901" />
<exclusive-end id="5025" timestamp="2022-02-08T16:50:02.901" durationms="220.917" />

<exclusive-start id="5026" timestamp="2022-02-08T16:50:03.532" intervalms="852.021">
  <response-info timems="0.022" idlems="0.022" threads="0" lastid="0000000000016F00" lastname="main" />
</exclusive-start>
<af-start id="5027" threadId="0000000000017908" totalBytesRequested="208" timestamp="2022-02-08T16:50:03.532" intervalms="1056.471" type="nursery" />
<cycle-start id="5028" type="scavenge" contextid="0" timestamp="2022-02-08T16:50:03.532" intervalms="1056.430" />
<gc-start id="5029" type="scavenge" contextid="5028" timestamp="2022-02-08T16:50:03.532">
  <mem-info id="5030" free="278300632" total="1073741824" percent="25">
    <mem type="nursery" free="0" total="268435456" percent="0">
      <mem type="allocate" free="0" total="182321152" percent="0" />
      <mem type="survivor" free="0" total="86114304" percent="0" />
    </mem>
    <mem type="tenure" free="278300632" total="805306368" percent="34">
      <mem type="soa" free="270246872" total="797252608" percent="33" />
      <mem type="loa" free="8053760" total="8053760" percent="100" />
    </mem>
    <remembered-set count="105" />
  </mem-info>
</gc-start>
<allocation-stats totalBytes="97180896" >
  <allocated-bytes non-tlh="0" tlh="97180896" />
  <largest-consumer threadName="main" threadId="0000000000016F00" bytes="97176800" />
</allocation-stats>
<gc-op id="5031" type="scavenge" timems="80.996" contextid="5028" timestamp="2022-02-08T16:50:03.613">
  <scavenger-info tenureage="1" tenuremask="7ffe" tiltratio="67" />
  <memory-copied type="nursery" objects="1311750" bytes="74288672" bytesdiscarded="110296" />
  <memory-copied type="tenure" objects="1381854" bytes="77748128" bytesdiscarded="45544" />
  <finalization candidates="1" enqueued="0" />
  <ownableSynchronizers candidates="2" cleared="2" />
  <object-monitors candidates="2" cleared="0"  />
</gc-op>
<gc-end id="5032" type="scavenge" contextid="5028" durationms="81.344" usertimems="318.952" systemtimems="0.065" stalltimems="4.041" timestamp="2022-02-08T16:50:03.613" activeThreads="4">
  <mem-info id="5033" free="308610592" total="1073741824" percent="28">
    <mem type="nursery" free="108380936" total="268435456" percent="40">
      <mem type="allocate" free="108380936" total="182779904" percent="59" />
      <mem type="survivor" free="0" total="85655552" percent="0" />
    </mem>
    <mem type="tenure" free="200229656" total="805306368" percent="24" macro-fragmented="0">
      <mem type="soa" free="192175896" total="797252608" percent="24" />
      <mem type="loa" free="8053760" total="8053760" percent="100" />
    </mem>
    <remembered-set count="104" />
  </mem-info>
</gc-end>
<cycle-end id="5034" type="scavenge" contextid="5028" timestamp="2022-02-08T16:50:03.613" />
<allocation-satisfied id="5035" threadId="0000000000016F00" bytesRequested="208" />
<af-end id="5036" timestamp="2022-02-08T16:50:03.613" threadId="0000000000017908" success="true" from="nursery"/>
<exclusive-end id="5037" timestamp="2022-02-08T16:50:03.613" durationms="81.699" />

<exclusive-start id="5038" timestamp="2022-02-08T16:50:04.522" intervalms="990.460">
  <response-info timems="0.021" idlems="0.021" threads="0" lastid="0000000000016F00" lastname="main" />
</exclusive-start>
<af-start id="5039" threadId="0000000000017908" totalBytesRequested="24" timestamp="2022-02-08T16:50:04.522" intervalms="990.480" type="nursery" />
<cycle-start id="5040" type="scavenge" contextid="0" timestamp="2022-02-08T16:50:04.522" intervalms="990.480" />
<gc-start id="5041" type="scavenge" contextid="5040" timestamp="2022-02-08T16:50:04.522">
  <mem-info id="5042" free="200229656" total="1073741824" percent="18">
    <mem type="nursery" free="0" total="268435456" percent="0">
      <mem type="allocate" free="0" total="182779904" percent="0" />
      <mem type="survivor" free="0" total="85655552" percent="0" />
    </mem>
    <mem type="tenure" free="200229656" total="805306368" percent="24">
      <mem type="soa" free="192175896" total="797252608" percent="24" />
      <mem type="loa" free="8053760" total="8053760" percent="100" />
    </mem>
    <remembered-set count="135" />
  </mem-info>
</gc-start>
<allocation-stats totalBytes="108336272" >
  <allocated-bytes non-tlh="1661352" tlh="106674920" />
  <largest-consumer threadName="main" threadId="0000000000016F00" bytes="108336272" />
</allocation-stats>
<gc-op id="5043" type="scavenge" timems="82.994" contextid="5040" timestamp="2022-02-08T16:50:04.605">
  <scavenger-info tenureage="1" tenuremask="7ffe" tiltratio="68" />
  <memory-copied type="nursery" objects="1489189" bytes="76292704" bytesdiscarded="109872" />
  <memory-copied type="tenure" objects="1311749" bytes="74288560" bytesdiscarded="38520" />
  <finalization candidates="109" enqueued="53" />
  <references type="soft" candidates="14" cleared="0" enqueued="0" dynamicThreshold="11" maxThreshold="32" />
  <references type="weak" candidates="1" cleared="0" enqueued="0" />
  <references type="phantom" candidates="94" cleared="7" enqueued="7" />
  <object-monitors candidates="2" cleared="0"  />
</gc-op>
<gc-end id="5044" type="scavenge" contextid="5040" durationms="83.452" usertimems="327.480" systemtimems="0.137" stalltimems="4.061" timestamp="2022-02-08T16:50:04.606" activeThreads="4">
  <mem-info id="5045" free="232625592" total="1073741824" percent="21">
    <mem type="nursery" free="106573808" total="268435456" percent="39">
      <mem type="allocate" free="106573808" total="182976512" percent="58" />
      <mem type="survivor" free="0" total="85458944" percent="0" />
    </mem>
    <mem type="tenure" free="126051784" total="805306368" percent="15" macro-fragmented="0">
      <mem type="soa" free="117998024" total="797252608" percent="14" />
      <mem type="loa" free="8053760" total="8053760" percent="100" />
    </mem>
    <pending-finalizers system="52" default="1" reference="7" classloader="0" />
    <remembered-set count="132" />
  </mem-info>
</gc-end>
<cycle-end id="5046" type="scavenge" contextid="5040" timestamp="2022-02-08T16:50:04.606" />
<allocation-satisfied id="5047" threadId="0000000000016F00" bytesRequested="24" />
<af-end id="5048" timestamp="2022-02-08T16:50:04.606" threadId="0000000000017908" success="true" from="nursery"/>
<exclusive-end id="5049" timestamp="2022-02-08T16:50:04.606" durationms="83.778" />

<concurrent-kickoff id="5050" timestamp="2022-02-08T16:50:05.305">
  <kickoff reason="threshold reached" targetBytes="74439142" thresholdFreeBytes="6210707"  remainingFree="6107120" tenureFreeBytes="126051784" nurseryFreeBytes="6107120" />
</concurrent-kickoff>
<exclusive-start id="5051" timestamp="2022-02-08T16:50:05.309" intervalms="787.139">
  <response-info timems="0.026" idlems="0.026" threads="0" lastid="0000000000016F00" lastname="main" />
</exclusive-start>
<cycle-start id="5052" type="global" contextid="0" timestamp="2022-02-08T16:50:05.309" intervalms="2963.221" />
<concurrent-start id="5053" type="global mark" contextid="5052" timestamp="2022-02-08T16:50:05.309">
</concurrent-start>
<exclusive-end id="5054" timestamp="2022-02-08T16:50:05.309" durationms="0.041" />

<exclusive-start id="5055" timestamp="2022-02-08T16:50:05.456" intervalms="146.822">
  <response-info timems="0.032" idlems="0.032" threads="0" lastid="0000000000016F00" lastname="main" />
</exclusive-start>
<af-start id="5056" threadId="0000000000017908" totalBytesRequested="184" timestamp="2022-02-08T16:50:05.456" intervalms="933.942" type="nursery" />
<cycle-start id="5057" type="scavenge" contextid="0" timestamp="2022-02-08T16:50:05.456" intervalms="933.941" />
<gc-start id="5058" type="scavenge" contextid="5057" timestamp="2022-02-08T16:50:05.456">
  <mem-info id="5059" free="126051784" total="1073741824" percent="11">
    <mem type="nursery" free="0" total="268435456" percent="0">
      <mem type="allocate" free="0" total="182976512" percent="0" />
      <mem type="survivor" free="0" total="85458944" percent="0" />
    </mem>
    <mem type="tenure" free="126051784" total="805306368" percent="15">
      <mem type="soa" free="117998024" total="797252608" percent="14" />
      <mem type="loa" free="8053760" total="8053760" percent="100" />
    </mem>
    <remembered-set count="133" />
  </mem-info>
</gc-start>
<allocation-stats totalBytes="106523144" >
  <allocated-bytes non-tlh="1347704" tlh="105175440" />
  <largest-consumer threadName="main" threadId="0000000000016F00" bytes="106514952" />
</allocation-stats>
<gc-op id="5060" type="scavenge" timems="79.598" contextid="5057" timestamp="2022-02-08T16:50:05.536">
  <scavenger-info tenureage="1" tenuremask="7ffe" tiltratio="68" />
  <memory-copied type="nursery" objects="1333516" bytes="76233736" bytesdiscarded="311896" />
  <memory-copied type="tenure" objects="1488470" bytes="75349536" bytesdiscarded="38536" />
  <finalization candidates="57" enqueued="0" />
  <references type="phantom" candidates="1" cleared="0" enqueued="0" />
  <object-monitors candidates="2" cleared="0"  />
</gc-op>
<gc-end id="5061" type="scavenge" contextid="5057" durationms="80.001" usertimems="313.434" systemtimems="0.000" stalltimems="4.043" timestamp="2022-02-08T16:50:05.536" activeThreads="4">
  <mem-info id="5062" free="157671032" total="1073741824" percent="14">
    <mem type="nursery" free="107020704" total="268435456" percent="39">
      <mem type="allocate" free="107020704" total="183566336" percent="58" />
      <mem type="survivor" free="0" total="84869120" percent="0" />
    </mem>
    <mem type="tenure" free="50650328" total="805306368" percent="6" macro-fragmented="168253">
      <mem type="soa" free="42596568" total="797252608" percent="5" />
      <mem type="loa" free="8053760" total="8053760" percent="100" />
    </mem>
    <remembered-set count="101" />
  </mem-info>
</gc-end>
<cycle-end id="5063" type="scavenge" contextid="5057" timestamp="2022-02-08T16:50:05.536" />
<allocation-satisfied id="5064" threadId="0000000000016F00" bytesRequested="184" />
<af-end id="5065" timestamp="2022-02-08T16:50:05.536" threadId="0000000000017908" success="true" from="nursery"/>
<exclusive-end id="5066" timestamp="2022-02-08T16:50:05.536" durationms="80.276" />

<concurrent-end id="5067" type="global mark" contextid="5052" timestamp="2022-02-08T16:50:05.620">
<gc-op id="5068" type="trace" timems="310.724" contextid="5052" timestamp="2022-02-08T16:50:05.620">
  <trace bytesTraced="74448524" workStackOverflowCount="0" />
  <card-cleaning reason="card cleaning threshold reached" bytesTraced="188" cardsCleaned="1" />
</gc-op>
</concurrent-end>

<exclusive-start id="5069" timestamp="2022-02-08T16:50:05.620" intervalms="163.995">
  <response-info timems="0.024" idlems="0.024" threads="0" lastid="0000000000016F00" lastname="main" />
</exclusive-start>
<concurrent-global-final id="5070" timestamp="2022-02-08T16:50:05.620" contextid="5052" intervalms="2940.440" >
  <concurrent-trace-info reason="card cleaning threshold reached" tracedByMutators="49450756" tracedByHelpers="24997956" cardsCleaned="1" workStackOverflowCount="0" />
</concurrent-global-final>
<gc-start id="5071" type="global" contextid="5052" timestamp="2022-02-08T16:50:05.620">
  <mem-info id="5072" free="153247168" total="1073741824" percent="14">
    <mem type="nursery" free="102596840" total="268435456" percent="38">
      <mem type="allocate" free="102596840" total="183566336" percent="55" />
      <mem type="survivor" free="0" total="84869120" percent="0" />
    </mem>
    <mem type="tenure" free="50650328" total="805306368" percent="6">
      <mem type="soa" free="42596568" total="797252608" percent="5" />
      <mem type="loa" free="8053760" total="8053760" percent="100" />
    </mem>
    <remembered-set count="101" />
  </mem-info>
</gc-start>
<allocation-stats totalBytes="4421960" >
  <allocated-bytes non-tlh="184" tlh="4421776" />
  <largest-consumer threadName="main" threadId="0000000000016F00" bytes="4421960" />
</allocation-stats>
<gc-op id="5073" type="rs-scan" timems="0.588" contextid="5052" timestamp="2022-02-08T16:50:05.621">
  <scan objectsFound="29" bytesTraced="5420" workStackOverflowCount="0" />
</gc-op>
<gc-op id="5074" type="card-cleaning" timems="153.625" contextid="5052" timestamp="2022-02-08T16:50:05.775">
  <card-cleaning cardsCleaned="9" bytesTraced="71021080" workStackOverflowCount="0" />
</gc-op>
<gc-op id="5075" type="mark" timems="48.901" contextid="5052" timestamp="2022-02-08T16:50:05.824">
  <trace-info objectcount="1793458" scancount="1346621" scanbytes="28795624" />
  <finalization candidates="428" enqueued="57" />
  <ownableSynchronizers candidates="1" cleared="0" />
  <references type="soft" candidates="894" cleared="0" enqueued="0" dynamicThreshold="11" maxThreshold="32" />
  <references type="weak" candidates="1701" cleared="0" enqueued="0" />
  <references type="phantom" candidates="52" cleared="2" enqueued="2" />
  <stringconstants candidates="6470" cleared="0"  />
  <object-monitors candidates="2" cleared="0"  />
</gc-op>
<gc-op id="5076" type="sweep" timems="5.406" contextid="5052" timestamp="2022-02-08T16:50:05.829" />
<gc-end id="5077" type="global" contextid="5052" durationms="209.132" usertimems="225.652" systemtimems="0.304" stalltimems="145.567" timestamp="2022-02-08T16:50:05.829" activeThreads="4">
  <mem-info id="5078" free="396527488" total="1073741824" percent="36">
    <mem type="nursery" free="103002472" total="268435456" percent="38">
      <mem type="allocate" free="103002472" total="183566336" percent="56" />
      <mem type="survivor" free="0" total="84869120" percent="0" />
    </mem>
    <mem type="tenure" free="293525016" total="805306368" percent="36" micro-fragmented="187056" macro-fragmented="0">
      <mem type="soa" free="285471256" total="797252608" percent="35" />
      <mem type="loa" free="8053760" total="8053760" percent="100" />
    </mem>
    <pending-finalizers system="57" default="0" reference="2" classloader="0" />
    <remembered-set count="101" />
  </mem-info>
</gc-end>
<cycle-end id="5079" type="global" contextid="5052" timestamp="2022-02-08T16:50:05.829" />
<exclusive-end id="5080" timestamp="2022-02-08T16:50:05.830" durationms="209.353" />

<exclusive-start id="5081" timestamp="2022-02-08T16:50:06.525" intervalms="905.189">
  <response-info timems="0.040" idlems="0.040" threads="0" lastid="0000000000016F00" lastname="main" />
</exclusive-start>
<af-start id="5082" threadId="0000000000017908" totalBytesRequested="184" timestamp="2022-02-08T16:50:06.525" intervalms="1069.215" type="nursery" />
<cycle-start id="5083" type="scavenge" contextid="0" timestamp="2022-02-08T16:50:06.525" intervalms="1069.218" />
<gc-start id="5084" type="scavenge" contextid="5083" timestamp="2022-02-08T16:50:06.526">
  <mem-info id="5085" free="293525016" total="1073741824" percent="27">
    <mem type="nursery" free="0" total="268435456" percent="0">
      <mem type="allocate" free="0" total="183566336" percent="0" />
      <mem type="survivor" free="0" total="84869120" percent="0" />
    </mem>
    <mem type="tenure" free="293525016" total="805306368" percent="36">
      <mem type="soa" free="285471256" total="797252608" percent="35" />
      <mem type="loa" free="8053760" total="8053760" percent="100" />
    </mem>
    <remembered-set count="104" />
  </mem-info>
</gc-start>
<allocation-stats totalBytes="102954784" >
  <allocated-bytes non-tlh="0" tlh="102954784" />
  <largest-consumer threadName="main" threadId="0000000000016F00" bytes="102950688" />
</allocation-stats>
<gc-op id="5086" type="scavenge" timems="79.975" contextid="5083" timestamp="2022-02-08T16:50:06.605">
  <scavenger-info tenureage="1" tenuremask="7ffe" tiltratio="68" />
  <memory-copied type="nursery" objects="1357035" bytes="76282880" bytesdiscarded="175456" />
  <memory-copied type="tenure" objects="1333515" bytes="76233632" bytesdiscarded="46704" />
  <finalization candidates="1" enqueued="0" />
  <ownableSynchronizers candidates="2" cleared="2" />
  <object-monitors candidates="2" cleared="0"  />
</gc-op>
<gc-end id="5087" type="scavenge" contextid="5083" durationms="80.343" usertimems="315.004" systemtimems="0.694" stalltimems="3.158" timestamp="2022-02-08T16:50:06.606" activeThreads="4">
  <mem-info id="5088" free="324692824" total="1073741824" percent="30">
    <mem type="nursery" free="107632288" total="268435456" percent="40">
      <mem type="allocate" free="107632288" total="184090624" percent="58" />
      <mem type="survivor" free="0" total="84344832" percent="0" />
    </mem>
    <mem type="tenure" free="217060536" total="805306368" percent="26" macro-fragmented="0">
      <mem type="soa" free="209006776" total="797252608" percent="26" />
      <mem type="loa" free="8053760" total="8053760" percent="100" />
    </mem>
    <remembered-set count="105" />
  </mem-info>
</gc-end>
<cycle-end id="5089" type="scavenge" contextid="5083" timestamp="2022-02-08T16:50:06.606" />
<allocation-satisfied id="5090" threadId="0000000000016F00" bytesRequested="184" />
<af-end id="5091" timestamp="2022-02-08T16:50:06.606" threadId="0000000000017908" success="true" from="nursery"/>
<exclusive-end id="5092" timestamp="2022-02-08T16:50:06.606" durationms="80.670" />

<exclusive-start id="5093" timestamp="2022-02-08T16:50:07.487" intervalms="961.887">
  <response-info timems="0.018" idlems="0.018" threads="0" lastid="0000000000016F00" lastname="main" />
</exclusive-start>
<af-start id="5094" threadId="0000000000017908" totalBytesRequested="169712" timestamp="2022-02-08T16:50:07.487" intervalms="961.861" type="nursery" />
<cycle-start id="5095" type="scavenge" contextid="0" timestamp="2022-02-08T16:50:07.487" intervalms="961.858" />
<gc-start id="5096" type="scavenge" contextid="5095" timestamp="2022-02-08T16:50:07.487">
  <mem-info id="5097" free="217182952" total="1073741824" percent="20">
    <mem type="nursery" free="122416" total="268435456" percent="0">
      <mem type="allocate" free="122416" total="184090624" percent="0" />
      <mem type="survivor" free="0" total="84344832" percent="0" />
    </mem>
    <mem type="tenure" free="217060536" total="805306368" percent="26">
      <mem type="soa" free="209006776" total="797252608" percent="26" />
      <mem type="loa" free="8053760" total="8053760" percent="100" />
    </mem>
    <remembered-set count="135" />
  </mem-info>
</gc-start>
<allocation-stats totalBytes="107465488" >
  <allocated-bytes non-tlh="919688" tlh="106545800" />
  <largest-consumer threadName="main" threadId="0000000000016F00" bytes="107465488" />
</allocation-stats>
<gc-op id="5098" type="scavenge" timems="86.270" contextid="5095" timestamp="2022-02-08T16:50:07.574">
  <scavenger-info tenureage="1" tenuremask="7ffe" tiltratio="68" />
  <memory-copied type="nursery" objects="1482296" bytes="75576856" bytesdiscarded="177640" />
  <memory-copied type="tenure" objects="1357034" bytes="76282776" bytesdiscarded="42168" />
  <finalization candidates="108" enqueued="53" />
  <references type="soft" candidates="14" cleared="0" enqueued="0" dynamicThreshold="11" maxThreshold="32" />
  <references type="weak" candidates="1" cleared="0" enqueued="0" />
  <references type="phantom" candidates="93" cleared="7" enqueued="7" />
  <object-monitors candidates="2" cleared="0"  />
</gc-op>
<gc-end id="5099" type="scavenge" contextid="5095" durationms="86.808" usertimems="331.217" systemtimems="0.090" stalltimems="2.286" timestamp="2022-02-08T16:50:07.574" activeThreads="4">
  <mem-info id="5100" free="249348520" total="1073741824" percent="23">
    <mem type="nursery" free="108729216" total="268435456" percent="40">
      <mem type="allocate" free="108729216" total="184483840" percent="58" />
      <mem type="survivor" free="0" total="83951616" percent="0" />
    </mem>
    <mem type="tenure" free="140619304" total="805306368" percent="17" macro-fragmented="0">
      <mem type="soa" free="132565544" total="797252608" percent="16" />
      <mem type="loa" free="8053760" total="8053760" percent="100" />
    </mem>
    <pending-finalizers system="52" default="1" reference="7" classloader="0" />
    <remembered-set count="131" />
  </mem-info>
</gc-end>
<cycle-end id="5101" type="scavenge" contextid="5095" timestamp="2022-02-08T16:50:07.574" />
<allocation-satisfied id="5102" threadId="0000000000016F00" bytesRequested="169712" />
<af-end id="5103" timestamp="2022-02-08T16:50:07.574" threadId="0000000000017908" success="true" from="nursery"/>
<exclusive-end id="5104" timestamp="2022-02-08T16:50:07.574" durationms="87.210" />

<concurrent-kickoff id="5105" timestamp="2022-02-08T16:50:08.286">
  <kickoff reason="threshold reached" targetBytes="74441049" thresholdFreeBytes="6209229"  remainingFree="6097976" tenureFreeBytes="140619304" nurseryFreeBytes="6097976" />
</concurrent-kickoff>
<exclusive-start id="5106" timestamp="2022-02-08T16:50:08.295" intervalms="807.686">
  <response-info timems="0.027" idlems="0.027" threads="0" lastid="0000000000016F00" lastname="main" />
</exclusive-start>
<cycle-start id="5107" type="global" contextid="0" timestamp="2022-02-08T16:50:08.295" intervalms="2985.577" />
<concurrent-start id="5108" type="global mark" contextid="5107" timestamp="2022-02-08T16:50:08.295">
</concurrent-start>
<exclusive-end id="5109" timestamp="2022-02-08T16:50:08.295" durationms="0.039" />

<exclusive-start id="5110" timestamp="2022-02-08T16:50:08.470" intervalms="174.679">
  <response-info timems="0.020" idlems="0.020" threads="0" lastid="0000000000016F00" lastname="main" />
</exclusive-start>
<af-start id="5111" threadId="0000000000017908" totalBytesRequested="184" timestamp="2022-02-08T16:50:08.470" intervalms="982.362" type="nursery" />
<cycle-start id="5112" type="scavenge" contextid="0" timestamp="2022-02-08T16:50:08.470" intervalms="982.362" />
<gc-start id="5113" type="scavenge" contextid="5112" timestamp="2022-02-08T16:50:08.470">
  <mem-info id="5114" free="140619304" total="1073741824" percent="13">
    <mem type="nursery" free="0" total="268435456" percent="0">
      <mem type="allocate" free="0" total="184483840" percent="0" />
      <mem type="survivor" free="0" total="83951616" percent="0" />
    </mem>
    <mem type="tenure" free="140619304" total="805306368" percent="17">
      <mem type="soa" free="132565544" total="797252608" percent="16" />
      <mem type="loa" free="8053760" total="8053760" percent="100" />
    </mem>
    <remembered-set count="132" />
  </mem-info>
</gc-start>
<allocation-stats totalBytes="108675184" >
  <allocated-bytes non-tlh="1992520" tlh="106682664" />
  <largest-consumer threadName="main" threadId="0000000000016F00" bytes="108666992" />
</allocation-stats>
<gc-op id="5115" type="scavenge" timems="80.160" contextid="5112" timestamp="2022-02-08T16:50:08.550">
  <scavenger-info tenureage="1" tenuremask="7ffe" tiltratio="68" />
  <memory-copied type="nursery" objects="1354718" bytes="77330848" bytesdiscarded="268480" />
  <memory-copied type="tenure" objects="1481579" bytes="75108848" bytesdiscarded="38680" />
  <finalization candidates="57" enqueued="0" />
  <references type="phantom" candidates="2" cleared="0" enqueued="0" />
  <object-monitors candidates="2" cleared="0"  />
</gc-op>
<gc-end id="5116" type="scavenge" contextid="5112" durationms="80.521" usertimems="315.326" systemtimems="1.361" stalltimems="2.909" timestamp="2022-02-08T16:50:08.550" activeThreads="4">
  <mem-info id="5117" free="171370184" total="1073741824" percent="15">
    <mem type="nursery" free="105704864" total="268435456" percent="39">
      <mem type="allocate" free="105704864" total="183304192" percent="57" />
      <mem type="survivor" free="0" total="85131264" percent="0" />
    </mem>
    <mem type="tenure" free="65665320" total="805306368" percent="8" macro-fragmented="33282812">
      <mem type="soa" free="57611560" total="797252608" percent="7" />
      <mem type="loa" free="8053760" total="8053760" percent="100" />
    </mem>
    <remembered-set count="101" />
  </mem-info>
</gc-end>
<cycle-end id="5118" type="scavenge" contextid="5112" timestamp="2022-02-08T16:50:08.550" />
<allocation-satisfied id="5119" threadId="0000000000016F00" bytesRequested="184" />
<af-end id="5120" timestamp="2022-02-08T16:50:08.550" threadId="0000000000017908" success="true" from="nursery"/>
<exclusive-end id="5121" timestamp="2022-02-08T16:50:08.550" durationms="80.801" />

<concurrent-end id="5122" type="global mark" contextid="5107" timestamp="2022-02-08T16:50:08.630">
<gc-op id="5123" type="trace" timems="335.215" contextid="5107" timestamp="2022-02-08T16:50:08.630">
  <trace bytesTraced="74450844" workStackOverflowCount="0" />
  <card-cleaning reason="card cleaning threshold reached" bytesTraced="2488" cardsCleaned="2" />
</gc-op>
</concurrent-end>

<exclusive-start id="5124" timestamp="2022-02-08T16:50:08.630" intervalms="160.643">
  <response-info timems="0.022" idlems="0.022" threads="0" lastid="0000000000016F00" lastname="main" />
</exclusive-start>
<concurrent-global-final id="5125" timestamp="2022-02-08T16:50:08.630" contextid="5107" intervalms="3010.082" >
  <concurrent-trace-info reason="card cleaning threshold reached" tracedByMutators="49887556" tracedByHelpers="24565776" cardsCleaned="2" workStackOverflowCount="0" />
</concurrent-global-final>
<gc-start id="5126" type="global" contextid="5107" timestamp="2022-02-08T16:50:08.630">
  <mem-info id="5127" free="166422032" total="1073741824" percent="15">
    <mem type="nursery" free="100756712" total="268435456" percent="37">
      <mem type="allocate" free="100756712" total="183304192" percent="54" />
      <mem type="survivor" free="0" total="85131264" percent="0" />
    </mem>
    <mem type="tenure" free="65665320" total="805306368" percent="8">
      <mem type="soa" free="57611560" total="797252608" percent="7" />
      <mem type="loa" free="8053760" total="8053760" percent="100" />
    </mem>
    <remembered-set count="101" />
  </mem-info>
</gc-start>
<allocation-stats totalBytes="4945120" >
  <allocated-bytes non-tlh="184" tlh="4944936" />
  <largest-consumer threadName="main" threadId="0000000000016F00" bytes="4945120" />
</allocation-stats>
<gc-op id="5128" type="rs-scan" timems="0.603" contextid="5107" timestamp="2022-02-08T16:50:08.631">
  <scan objectsFound="29" bytesTraced="5420" workStackOverflowCount="0" />
</gc-op>
<gc-op id="5129" type="card-cleaning" timems="152.352" contextid="5107" timestamp="2022-02-08T16:50:08.783">
  <card-cleaning cardsCleaned="8" bytesTraced="71020888" workStackOverflowCount="0" />
</gc-op>
<gc-op id="5130" type="mark" timems="42.346" contextid="5107" timestamp="2022-02-08T16:50:08.826">
  <trace-info objectcount="1562943" scancount="1173735" scanbytes="25107368" />
  <finalization candidates="428" enqueued="57" />
  <ownableSynchronizers candidates="1" cleared="0" />
  <references type="soft" candidates="894" cleared="0" enqueued="0" dynamicThreshold="11" maxThreshold="32" />
  <references type="weak" candidates="1701" cleared="0" enqueued="0" />
  <references type="phantom" candidates="52" cleared="2" enqueued="2" />
  <stringconstants candidates="6470" cleared="0"  />
  <object-monitors candidates="2" cleared="0"  />
</gc-op>
<gc-op id="5131" type="sweep" timems="16.989" contextid="5107" timestamp="2022-02-08T16:50:08.843" />
<gc-end id="5132" type="global" contextid="5107" durationms="212.820" usertimems="227.682" systemtimems="0.905" stalltimems="162.337" timestamp="2022-02-08T16:50:08.843" activeThreads="4">
  <mem-info id="5133" free="409624192" total="1073741824" percent="38">
    <mem type="nursery" free="101117224" total="268435456" percent="37">
      <mem type="allocate" free="101117224" total="183304192" percent="55" />
      <mem type="survivor" free="0" total="85131264" percent="0" />
    </mem>
    <mem type="tenure" free="308506968" total="805306368" percent="38" micro-fragmented="317910" macro-fragmented="0">
      <mem type="soa" free="300453208" total="797252608" percent="37" />
      <mem type="loa" free="8053760" total="8053760" percent="100" />
    </mem>
    <pending-finalizers system="57" default="0" reference="2" classloader="0" />
    <remembered-set count="101" />
  </mem-info>
</gc-end>
<cycle-end id="5134" type="global" contextid="5107" timestamp="2022-02-08T16:50:08.843" />
<exclusive-end id="5135" timestamp="2022-02-08T16:50:08.843" durationms="213.018" />

<exclusive-start id="5136" timestamp="2022-02-08T16:50:09.509" intervalms="879.106">
  <response-info timems="0.022" idlems="0.022" threads="0" lastid="0000000000016F00" lastname="main" />
</exclusive-start>
<af-start id="5137" threadId="0000000000017908" totalBytesRequested="48" timestamp="2022-02-08T16:50:09.509" intervalms="1039.751" type="nursery" />
<cycle-start id="5138" type="scavenge" contextid="0" timestamp="2022-02-08T16:50:09.509" intervalms="1039.789" />
<gc-start id="5139" type="scavenge" contextid="5138" timestamp="2022-02-08T16:50:09.510">
  <mem-info id="5140" free="308506968" total="1073741824" percent="28">
    <mem type="nursery" free="0" total="268435456" percent="0">
      <mem type="allocate" free="0" total="183304192" percent="0" />
      <mem type="survivor" free="0" total="85131264" percent="0" />
    </mem>
    <mem type="tenure" free="308506968" total="805306368" percent="38">
      <mem type="soa" free="300453208" total="797252608" percent="37" />
      <mem type="loa" free="8053760" total="8053760" percent="100" />
    </mem>
    <remembered-set count="104" />
  </mem-info>
</gc-start>
<allocation-stats totalBytes="101071992" >
  <allocated-bytes non-tlh="0" tlh="101071992" />
  <largest-consumer threadName="main" threadId="0000000000016F00" bytes="101067896" />
</allocation-stats>
<gc-op id="5141" type="scavenge" timems="89.760" contextid="5138" timestamp="2022-02-08T16:50:09.599">
  <scavenger-info tenureage="1" tenuremask="7ffe" tiltratio="68" />
  <memory-copied type="nursery" objects="1338486" bytes="75323464" bytesdiscarded="170848" />
  <memory-copied type="tenure" objects="1354717" bytes="77330744" bytesdiscarded="49872" />
  <finalization candidates="2" enqueued="0" />
  <ownableSynchronizers candidates="2" cleared="2" />
  <object-monitors candidates="2" cleared="0"  />
</gc-op>
<gc-end id="5142" type="scavenge" contextid="5138" durationms="90.206" usertimems="351.927" systemtimems="0.000" stalltimems="1.658" timestamp="2022-02-08T16:50:09.600" activeThreads="4">
  <mem-info id="5143" free="339183920" total="1073741824" percent="31">
    <mem type="nursery" free="108137560" total="268435456" percent="40">
      <mem type="allocate" free="108137560" total="183631872" percent="58" />
      <mem type="survivor" free="0" total="84803584" percent="0" />
    </mem>
    <mem type="tenure" free="231046360" total="805306368" percent="28" macro-fragmented="0">
      <mem type="soa" free="222992600" total="797252608" percent="27" />
      <mem type="loa" free="8053760" total="8053760" percent="100" />
    </mem>
    <remembered-set count="105" />
  </mem-info>
</gc-end>
<cycle-end id="5144" type="scavenge" contextid="5138" timestamp="2022-02-08T16:50:09.600" />
<allocation-satisfied id="5145" threadId="0000000000016F00" bytesRequested="48" />
<af-end id="5146" timestamp="2022-02-08T16:50:09.600" threadId="0000000000017908" success="true" from="nursery"/>
<exclusive-end id="5147" timestamp="2022-02-08T16:50:09.600" durationms="90.551" />

<exclusive-start id="5148" timestamp="2022-02-08T16:50:10.312" intervalms="802.255">
  <response-info timems="0.024" idlems="0.024" threads="0" lastid="0000000000016F00" lastname="main" />
</exclusive-start>
<af-start id="5149" threadId="0000000000017908" totalBytesRequested="104" timestamp="2022-02-08T16:50:10.312" intervalms="802.254" type="nursery" />
<cycle-start id="5150" type="scavenge" contextid="0" timestamp="2022-02-08T16:50:10.312" intervalms="802.216" />
<gc-start id="5151" type="scavenge" contextid="5150" timestamp="2022-02-08T16:50:10.312">
  <mem-info id="5152" free="231046360" total="1073741824" percent="21">
    <mem type="nursery" free="0" total="268435456" percent="0">
      <mem type="allocate" free="0" total="183631872" percent="0" />
      <mem type="survivor" free="0" total="84803584" percent="0" />
    </mem>
    <mem type="tenure" free="231046360" total="805306368" percent="28">
      <mem type="soa" free="222992600" total="797252608" percent="27" />
      <mem type="loa" free="8053760" total="8053760" percent="100" />
    </mem>
    <remembered-set count="119" />
  </mem-info>
</gc-start>
<allocation-stats totalBytes="108090152" >
  <allocated-bytes non-tlh="453752" tlh="107636400" />
  <largest-consumer threadName="main" threadId="0000000000016F00" bytes="108090152" />
</allocation-stats>
<gc-op id="5153" type="scavenge" timems="87.097" contextid="5150" timestamp="2022-02-08T16:50:10.399">
  <scavenger-info tenureage="1" tenuremask="7ffe" tiltratio="68" />
  <memory-copied type="nursery" objects="1360723" bytes="76967136" bytesdiscarded="231864" />
  <memory-copied type="tenure" objects="1338486" bytes="75323464" bytesdiscarded="42928" />
  <finalization candidates="30" enqueued="18" />
  <references type="phantom" candidates="30" cleared="0" enqueued="0" />
  <object-monitors candidates="2" cleared="0"  />
</gc-op>
<gc-end id="5154" type="scavenge" contextid="5150" durationms="87.497" usertimems="342.027" systemtimems="0.000" stalltimems="5.421" timestamp="2022-02-08T16:50:10.399" activeThreads="4">
  <mem-info id="5155" free="261877816" total="1073741824" percent="24">
    <mem type="nursery" free="106301800" total="268435456" percent="39">
      <mem type="allocate" free="106301800" total="183500800" percent="57" />
      <mem type="survivor" free="0" total="84934656" percent="0" />
    </mem>
    <mem type="tenure" free="155576016" total="805306368" percent="19" macro-fragmented="1250136">
      <mem type="soa" free="147522256" total="797252608" percent="18" />
      <mem type="loa" free="8053760" total="8053760" percent="100" />
    </mem>
    <pending-finalizers system="18" default="0" reference="0" classloader="0" />
    <remembered-set count="119" />
  </mem-info>
</gc-end>
<cycle-end id="5156" type="scavenge" contextid="5150" timestamp="2022-02-08T16:50:10.399" />
<allocation-satisfied id="5157" threadId="0000000000016F00" bytesRequested="104" />
<af-end id="5158" timestamp="2022-02-08T16:50:10.399" threadId="0000000000017908" success="true" from="nursery"/>
<exclusive-end id="5159" timestamp="2022-02-08T16:50:10.399" durationms="87.829" />

<concurrent-kickoff id="5160" timestamp="2022-02-08T16:50:11.230">
  <kickoff reason="threshold reached" targetBytes="74443726" thresholdFreeBytes="6262530"  remainingFree="6162792" tenureFreeBytes="155576016" nurseryFreeBytes="6162792" />
</concurrent-kickoff>
<exclusive-start id="5161" timestamp="2022-02-08T16:50:11.234" intervalms="922.097">
  <response-info timems="0.022" idlems="0.022" threads="0" lastid="0000000000016F00" lastname="main" />
</exclusive-start>
<cycle-start id="5162" type="global" contextid="0" timestamp="2022-02-08T16:50:11.234" intervalms="2938.773" />
<concurrent-start id="5163" type="global mark" contextid="5162" timestamp="2022-02-08T16:50:11.234">
</concurrent-start>
<exclusive-end id="5164" timestamp="2022-02-08T16:50:11.234" durationms="0.031" />

<exclusive-start id="5165" timestamp="2022-02-08T16:50:11.367" intervalms="133.341">
  <response-info timems="0.021" idlems="0.021" threads="0" lastid="0000000000016F00" lastname="main" />
</exclusive-start>
<af-start id="5166" threadId="0000000000017908" totalBytesRequested="184" timestamp="2022-02-08T16:50:11.367" intervalms="1055.435" type="nursery" />
<cycle-start id="5167" type="scavenge" contextid="0" timestamp="2022-02-08T16:50:11.367" intervalms="1055.436" />
<gc-start id="5168" type="scavenge" contextid="5167" timestamp="2022-02-08T16:50:11.367">
  <mem-info id="5169" free="155576016" total="1073741824" percent="14">
    <mem type="nursery" free="0" total="268435456" percent="0">
      <mem type="allocate" free="0" total="183500800" percent="0" />
      <mem type="survivor" free="0" total="84934656" percent="0" />
    </mem>
    <mem type="tenure" free="155576016" total="805306368" percent="19">
      <mem type="soa" free="147522256" total="797252608" percent="18" />
      <mem type="loa" free="8053760" total="8053760" percent="100" />
    </mem>
    <remembered-set count="136" />
  </mem-info>
</gc-start>
<allocation-stats totalBytes="106252040" >
  <allocated-bytes non-tlh="2555224" tlh="103696816" />
  <largest-consumer threadName="main" threadId="0000000000016F00" bytes="106247944" />
</allocation-stats>
<gc-op id="5170" type="scavenge" timems="97.030" contextid="5167" timestamp="2022-02-08T16:50:11.464">
  <scavenger-info tenureage="1" tenuremask="7ffe" tiltratio="68" />
  <memory-copied type="nursery" objects="1414471" bytes="75029952" bytesdiscarded="199824" />
  <memory-copied type="tenure" objects="1360424" bytes="76354392" bytesdiscarded="41616" />
  <finalization candidates="92" enqueued="35" />
  <references type="soft" candidates="14" cleared="0" enqueued="0" dynamicThreshold="12" maxThreshold="32" />
  <references type="weak" candidates="1" cleared="0" enqueued="0" />
  <references type="phantom" candidates="77" cleared="7" enqueued="7" />
  <object-monitors candidates="2" cleared="0"  />
</gc-op>
<gc-end id="5171" type="scavenge" contextid="5167" durationms="97.394" usertimems="383.471" systemtimems="0.067" stalltimems="3.486" timestamp="2022-02-08T16:50:11.465" activeThreads="4">
  <mem-info id="5172" free="187884184" total="1073741824" percent="17">
    <mem type="nursery" free="108664112" total="268435456" percent="40">
      <mem type="allocate" free="108664112" total="183894016" percent="59" />
      <mem type="survivor" free="0" total="84541440" percent="0" />
    </mem>
    <mem type="tenure" free="79220072" total="805306368" percent="9" macro-fragmented="57512708">
      <mem type="soa" free="71166312" total="797252608" percent="8" />
      <mem type="loa" free="8053760" total="8053760" percent="100" />
    </mem>
    <pending-finalizers system="34" default="1" reference="7" classloader="0" />
    <remembered-set count="121" />
  </mem-info>
</gc-end>
<cycle-end id="5173" type="scavenge" contextid="5167" timestamp="2022-02-08T16:50:11.465" />
<allocation-satisfied id="5174" threadId="0000000000016F00" bytesRequested="184" />
<af-end id="5175" timestamp="2022-02-08T16:50:11.465" threadId="0000000000017908" success="true" from="nursery"/>
<exclusive-end id="5176" timestamp="2022-02-08T16:50:11.465" durationms="97.655" />

<concurrent-end id="5177" type="global mark" contextid="5162" timestamp="2022-02-08T16:50:11.564">
<gc-op id="5178" type="trace" timems="330.232" contextid="5162" timestamp="2022-02-08T16:50:11.564">
  <trace bytesTraced="74449100" workStackOverflowCount="0" />
  <card-cleaning reason="card cleaning threshold reached" bytesTraced="188" cardsCleaned="1" />
</gc-op>
</concurrent-end>

<exclusive-start id="5179" timestamp="2022-02-08T16:50:11.564" intervalms="196.969">
  <response-info timems="0.024" idlems="0.024" threads="0" lastid="0000000000016F00" lastname="main" />
</exclusive-start>
<concurrent-global-final id="5180" timestamp="2022-02-08T16:50:11.564" contextid="5162" intervalms="2933.768" >
  <concurrent-trace-info reason="card cleaning threshold reached" tracedByMutators="53179592" tracedByHelpers="21269696" cardsCleaned="1" workStackOverflowCount="0" />
</concurrent-global-final>
<gc-start id="5181" type="global" contextid="5162" timestamp="2022-02-08T16:50:11.564">
  <mem-info id="5182" free="181354976" total="1073741824" percent="16">
    <mem type="nursery" free="102134904" total="268435456" percent="38">
      <mem type="allocate" free="102134904" total="183894016" percent="55" />
      <mem type="survivor" free="0" total="84541440" percent="0" />
    </mem>
    <mem type="tenure" free="79220072" total="805306368" percent="9">
      <mem type="soa" free="71166312" total="797252608" percent="8" />
      <mem type="loa" free="8053760" total="8053760" percent="100" />
    </mem>
    <remembered-set count="122" />
  </mem-info>
</gc-start>
<allocation-stats totalBytes="6526040" >
  <allocated-bytes non-tlh="184" tlh="6525856" />
  <largest-consumer threadName="main" threadId="0000000000016F00" bytes="6517848" />
</allocation-stats>
<gc-op id="5183" type="rs-scan" timems="133.767" contextid="5162" timestamp="2022-02-08T16:50:11.698">
  <scan objectsFound="3324749" bytesTraced="71019672" workStackOverflowCount="0" />
</gc-op>
<gc-op id="5184" type="card-cleaning" timems="0.292" contextid="5162" timestamp="2022-02-08T16:50:11.698">
  <card-cleaning cardsCleaned="3" bytesTraced="5264" workStackOverflowCount="0" />
</gc-op>
<gc-op id="5185" type="mark" timems="34.112" contextid="5162" timestamp="2022-02-08T16:50:11.732">
  <trace-info objectcount="1262049" scancount="948063" scanbytes="20293064" />
  <finalization candidates="428" enqueued="57" />
  <ownableSynchronizers candidates="1" cleared="0" />
  <references type="soft" candidates="894" cleared="0" enqueued="0" dynamicThreshold="12" maxThreshold="32" />
  <references type="weak" candidates="1701" cleared="0" enqueued="0" />
  <references type="phantom" candidates="52" cleared="2" enqueued="2" />
  <stringconstants candidates="6470" cleared="0"  />
  <object-monitors candidates="2" cleared="0"  />
</gc-op>
<gc-op id="5186" type="sweep" timems="4.432" contextid="5162" timestamp="2022-02-08T16:50:11.737" />
<gc-end id="5187" type="global" contextid="5162" durationms="173.004" usertimems="187.223" systemtimems="0.268" stalltimems="101.600" timestamp="2022-02-08T16:50:11.737" activeThreads="4">
  <mem-info id="5188" free="424853968" total="1073741824" percent="39">
    <mem type="nursery" free="102748392" total="268435456" percent="38">
      <mem type="allocate" free="102748392" total="183894016" percent="55" />
      <mem type="survivor" free="0" total="84541440" percent="0" />
    </mem>
    <mem type="tenure" free="322105576" total="805306368" percent="39" micro-fragmented="286086" macro-fragmented="0">
      <mem type="soa" free="314051816" total="797252608" percent="39" />
      <mem type="loa" free="8053760" total="8053760" percent="100" />
    </mem>
    <pending-finalizers system="57" default="0" reference="2" classloader="0" />
    <remembered-set count="109" />
  </mem-info>
</gc-end>
<cycle-end id="5189" type="global" contextid="5162" timestamp="2022-02-08T16:50:11.737" />
<exclusive-end id="5190" timestamp="2022-02-08T16:50:11.737" durationms="173.282" />

<exclusive-start id="5191" timestamp="2022-02-08T16:50:12.492" intervalms="928.180">
  <response-info timems="0.039" idlems="0.039" threads="0" lastid="0000000000016F00" lastname="main" />
</exclusive-start>
<af-start id="5192" threadId="0000000000017908" totalBytesRequested="200" timestamp="2022-02-08T16:50:12.492" intervalms="1125.222" type="nursery" />
<cycle-start id="5193" type="scavenge" contextid="0" timestamp="2022-02-08T16:50:12.492" intervalms="1125.266" />
<gc-start id="5194" type="scavenge" contextid="5193" timestamp="2022-02-08T16:50:12.493">
  <mem-info id="5195" free="322105576" total="1073741824" percent="29">
    <mem type="nursery" free="0" total="268435456" percent="0">
      <mem type="allocate" free="0" total="183894016" percent="0" />
      <mem type="survivor" free="0" total="84541440" percent="0" />
    </mem>
    <mem type="tenure" free="322105576" total="805306368" percent="39">
      <mem type="soa" free="314051816" total="797252608" percent="39" />
      <mem type="loa" free="8053760" total="8053760" percent="100" />
    </mem>
    <remembered-set count="110" />
  </mem-info>
</gc-start>
<allocation-stats totalBytes="102700480" >
  <allocated-bytes non-tlh="0" tlh="102700480" />
  <largest-consumer threadName="main" threadId="0000000000016F00" bytes="102696384" />
</allocation-stats>
<gc-op id="5196" type="scavenge" timems="79.526" contextid="5193" timestamp="2022-02-08T16:50:12.572">
  <scavenger-info tenureage="1" tenuremask="7ffe" tiltratio="68" />
  <memory-copied type="nursery" objects="1408879" bytes="77704640" bytesdiscarded="221808" />
  <memory-copied type="tenure" objects="1413989" bytes="74718104" bytesdiscarded="42984" />
  <finalization candidates="45" enqueued="0" />
  <ownableSynchronizers candidates="2" cleared="2" />
  <object-monitors candidates="2" cleared="0"  />
</gc-op>
<gc-end id="5197" type="scavenge" contextid="5193" durationms="79.918" usertimems="314.359" systemtimems="0.000" stalltimems="3.015" timestamp="2022-02-08T16:50:12.572" activeThreads="4">
  <mem-info id="5198" free="351364184" total="1073741824" percent="32">
    <mem type="nursery" free="104132560" total="268435456" percent="38">
      <mem type="allocate" free="104132560" total="182059008" percent="57" />
      <mem type="survivor" free="0" total="86376448" percent="0" />
    </mem>
    <mem type="tenure" free="247231624" total="805306368" percent="30" macro-fragmented="0">
      <mem type="soa" free="239177864" total="797252608" percent="30" />
      <mem type="loa" free="8053760" total="8053760" percent="100" />
    </mem>
    <remembered-set count="104" />
  </mem-info>
</gc-end>
<cycle-end id="5199" type="scavenge" contextid="5193" timestamp="2022-02-08T16:50:12.573" />
<allocation-satisfied id="5200" threadId="0000000000016F00" bytesRequested="200" />
<af-end id="5201" timestamp="2022-02-08T16:50:12.573" threadId="0000000000017908" success="true" from="nursery"/>
<exclusive-end id="5202" timestamp="2022-02-08T16:50:12.573" durationms="80.368" />

<exclusive-start id="5203" timestamp="2022-02-08T16:50:13.231" intervalms="738.791">
  <response-info timems="0.018" idlems="0.018" threads="0" lastid="0000000000016F00" lastname="main" />
</exclusive-start>
<af-start id="5204" threadId="0000000000017908" totalBytesRequested="184" timestamp="2022-02-08T16:50:13.231" intervalms="738.718" type="nursery" />
<cycle-start id="5205" type="scavenge" contextid="0" timestamp="2022-02-08T16:50:13.231" intervalms="738.673" />
<gc-start id="5206" type="scavenge" contextid="5205" timestamp="2022-02-08T16:50:13.231">
  <mem-info id="5207" free="247231624" total="1073741824" percent="23">
    <mem type="nursery" free="0" total="268435456" percent="0">
      <mem type="allocate" free="0" total="182059008" percent="0" />
      <mem type="survivor" free="0" total="86376448" percent="0" />
    </mem>
    <mem type="tenure" free="247231624" total="805306368" percent="30">
      <mem type="soa" free="239177864" total="797252608" percent="30" />
      <mem type="loa" free="8053760" total="8053760" percent="100" />
    </mem>
    <remembered-set count="104" />
  </mem-info>
</gc-start>
<allocation-stats totalBytes="104081032" >
  <allocated-bytes non-tlh="200" tlh="104080832" />
  <largest-consumer threadName="main" threadId="0000000000016F00" bytes="104081032" />
</allocation-stats>
<gc-op id="5208" type="scavenge" timems="81.453" contextid="5205" timestamp="2022-02-08T16:50:13.313">
  <scavenger-info tenureage="1" tenuremask="7ffe" tiltratio="67" />
  <memory-copied type="nursery" objects="1299437" bytes="73998920" bytesdiscarded="211464" />
  <memory-copied type="tenure" objects="1408878" bytes="77704528" bytesdiscarded="41848" />
  <object-monitors candidates="2" cleared="0"  />
</gc-op>
<gc-end id="5209" type="scavenge" contextid="5205" durationms="81.874" usertimems="321.912" systemtimems="0.000" stalltimems="3.070" timestamp="2022-02-08T16:50:13.313" activeThreads="4">
  <mem-info id="5210" free="277676840" total="1073741824" percent="25">
    <mem type="nursery" free="108307376" total="268435456" percent="40">
      <mem type="allocate" free="108307376" total="182517760" percent="59" />
      <mem type="survivor" free="0" total="85917696" percent="0" />
    </mem>
    <mem type="tenure" free="169369464" total="805306368" percent="21" macro-fragmented="0">
      <mem type="soa" free="161315704" total="797252608" percent="20" />
      <mem type="loa" free="8053760" total="8053760" percent="100" />
    </mem>
    <remembered-set count="104" />
  </mem-info>
</gc-end>
<cycle-end id="5211" type="scavenge" contextid="5205" timestamp="2022-02-08T16:50:13.313" />
<allocation-satisfied id="5212" threadId="0000000000016F00" bytesRequested="184" />
<af-end id="5213" timestamp="2022-02-08T16:50:13.313" threadId="0000000000017908" success="true" from="nursery"/>
<exclusive-end id="5214" timestamp="2022-02-08T16:50:13.313" durationms="82.209" />

<exclusive-start id="5215" timestamp="2022-02-08T16:50:14.228" intervalms="997.039">
  <response-info timems="0.027" idlems="0.027" threads="0" lastid="0000000000016F00" lastname="main" />
</exclusive-start>
<af-start id="5216" threadId="0000000000017908" totalBytesRequested="208" timestamp="2022-02-08T16:50:14.228" intervalms="997.045" type="nursery" />
<cycle-start id="5217" type="scavenge" contextid="0" timestamp="2022-02-08T16:50:14.228" intervalms="997.047" />
<gc-start id="5218" type="scavenge" contextid="5217" timestamp="2022-02-08T16:50:14.228">
  <mem-info id="5219" free="169369464" total="1073741824" percent="15">
    <mem type="nursery" free="0" total="268435456" percent="0">
      <mem type="allocate" free="0" total="182517760" percent="0" />
      <mem type="survivor" free="0" total="85917696" percent="0" />
    </mem>
    <mem type="tenure" free="169369464" total="805306368" percent="21">
      <mem type="soa" free="161315704" total="797252608" percent="20" />
      <mem type="loa" free="8053760" total="8053760" percent="100" />
    </mem>
    <remembered-set count="135" />
  </mem-info>
</gc-start>
<allocation-stats totalBytes="108260136" >
  <allocated-bytes non-tlh="2938432" tlh="105321704" />
  <largest-consumer threadName="main" threadId="0000000000016F00" bytes="108260136" />
</allocation-stats>
<gc-op id="5220" type="scavenge" timems="78.422" contextid="5217" timestamp="2022-02-08T16:50:14.307">
  <scavenger-info tenureage="1" tenuremask="7ffe" tiltratio="67" />
  <memory-copied type="nursery" objects="1453513" bytes="76120288" bytesdiscarded="110768" />
  <memory-copied type="tenure" objects="1299436" bytes="73998816" bytesdiscarded="38992" />
  <finalization candidates="110" enqueued="53" />
  <references type="soft" candidates="14" cleared="0" enqueued="0" dynamicThreshold="12" maxThreshold="32" />
  <references type="weak" candidates="1" cleared="0" enqueued="0" />
  <references type="phantom" candidates="95" cleared="7" enqueued="7" />
  <object-monitors candidates="2" cleared="0"  />
</gc-op>
<gc-end id="5221" type="scavenge" contextid="5217" durationms="78.795" usertimems="301.279" systemtimems="3.860" stalltimems="4.539" timestamp="2022-02-08T16:50:14.307" activeThreads="4">
  <mem-info id="5222" free="202006312" total="1073741824" percent="18">
    <mem type="nursery" free="106548720" total="268435456" percent="39">
      <mem type="allocate" free="106548720" total="182779904" percent="58" />
      <mem type="survivor" free="0" total="85655552" percent="0" />
    </mem>
    <mem type="tenure" free="95457592" total="805306368" percent="11" macro-fragmented="33282812">
      <mem type="soa" free="87403832" total="797252608" percent="10" />
      <mem type="loa" free="8053760" total="8053760" percent="100" />
    </mem>
    <pending-finalizers system="52" default="1" reference="7" classloader="0" />
    <remembered-set count="130" />
  </mem-info>
</gc-end>
<cycle-end id="5223" type="scavenge" contextid="5217" timestamp="2022-02-08T16:50:14.307" />
<allocation-satisfied id="5224" threadId="0000000000016F00" bytesRequested="208" />
<af-end id="5225" timestamp="2022-02-08T16:50:14.307" threadId="0000000000017908" success="true" from="nursery"/>
<exclusive-end id="5226" timestamp="2022-02-08T16:50:14.307" durationms="79.102" />

<concurrent-kickoff id="5227" timestamp="2022-02-08T16:50:15.022">
  <kickoff reason="threshold reached" targetBytes="74444766" thresholdFreeBytes="6244583"  remainingFree="6147568" tenureFreeBytes="95457592" nurseryFreeBytes="6147568" />
</concurrent-kickoff>
<exclusive-start id="5228" timestamp="2022-02-08T16:50:15.028" intervalms="800.056">
  <response-info timems="0.022" idlems="0.022" threads="0" lastid="0000000000016F00" lastname="main" />
</exclusive-start>
<cycle-start id="5229" type="global" contextid="0" timestamp="2022-02-08T16:50:15.028" intervalms="3794.383" />
<concurrent-start id="5230" type="global mark" contextid="5229" timestamp="2022-02-08T16:50:15.028">
</concurrent-start>
<exclusive-end id="5231" timestamp="2022-02-08T16:50:15.028" durationms="0.039" />

<exclusive-start id="5232" timestamp="2022-02-08T16:50:15.181" intervalms="152.961">
  <response-info timems="0.020" idlems="0.020" threads="0" lastid="0000000000016F00" lastname="main" />
</exclusive-start>
<af-start id="5233" threadId="0000000000017908" totalBytesRequested="184" timestamp="2022-02-08T16:50:15.181" intervalms="953.042" type="nursery" />
<cycle-start id="5234" type="scavenge" contextid="0" timestamp="2022-02-08T16:50:15.181" intervalms="953.044" />
<gc-start id="5235" type="scavenge" contextid="5234" timestamp="2022-02-08T16:50:15.181">
  <mem-info id="5236" free="95457592" total="1073741824" percent="8">
    <mem type="nursery" free="0" total="268435456" percent="0">
      <mem type="allocate" free="0" total="182779904" percent="0" />
      <mem type="survivor" free="0" total="85655552" percent="0" />
    </mem>
    <mem type="tenure" free="95457592" total="805306368" percent="11">
      <mem type="soa" free="87403832" total="797252608" percent="10" />
      <mem type="loa" free="8053760" total="8053760" percent="100" />
    </mem>
    <remembered-set count="131" />
  </mem-info>
</gc-start>
<allocation-stats totalBytes="106499576" >
  <allocated-bytes non-tlh="208" tlh="106499368" />
  <largest-consumer threadName="main" threadId="0000000000016F00" bytes="106491384" />
</allocation-stats>
<gc-op id="5237" type="scavenge" timems="81.976" contextid="5234" timestamp="2022-02-08T16:50:15.263">
  <scavenger-info tenureage="1" tenuremask="7ffe" tiltratio="68" />
  <memory-copied type="nursery" objects="1374209" bytes="75873496" bytesdiscarded="255856" />
  <memory-copied type="tenure" objects="1452801" bytes="75652320" bytesdiscarded="37088" />
  <finalization candidates="57" enqueued="0" />
  <object-monitors candidates="2" cleared="0"  />
</gc-op>
<gc-end id="5238" type="scavenge" contextid="5234" durationms="82.379" usertimems="324.746" systemtimems="0.000" stalltimems="2.340" timestamp="2022-02-08T16:50:15.264" activeThreads="4">
  <mem-info id="5239" free="127097320" total="1073741824" percent="11">
    <mem type="nursery" free="107371448" total="268435456" percent="39">
      <mem type="allocate" free="107371448" total="183500800" percent="58" />
      <mem type="survivor" free="0" total="84934656" percent="0" />
    </mem>
    <mem type="tenure" free="19725872" total="805306368" percent="2" macro-fragmented="0">
      <mem type="soa" free="11672112" total="797252608" percent="1" />
      <mem type="loa" free="8053760" total="8053760" percent="100" />
    </mem>
    <remembered-set count="103" />
  </mem-info>
</gc-end>
<cycle-end id="5240" type="scavenge" contextid="5234" timestamp="2022-02-08T16:50:15.264" />
<allocation-satisfied id="5241" threadId="0000000000016F00" bytesRequested="184" />
<af-end id="5242" timestamp="2022-02-08T16:50:15.264" threadId="0000000000017908" success="true" from="nursery"/>
<exclusive-end id="5243" timestamp="2022-02-08T16:50:15.264" durationms="82.691" />

<concurrent-end id="5244" type="global mark" contextid="5229" timestamp="2022-02-08T16:50:15.347">
<gc-op id="5245" type="trace" timems="318.703" contextid="5229" timestamp="2022-02-08T16:50:15.347">
  <trace bytesTraced="74449148" workStackOverflowCount="0" />
  <card-cleaning reason="card cleaning threshold reached" bytesTraced="188" cardsCleaned="1" />
</gc-op>
</concurrent-end>

<exclusive-start id="5246" timestamp="2022-02-08T16:50:15.347" intervalms="165.823">
  <response-info timems="0.018" idlems="0.018" threads="0" lastid="0000000000016F00" lastname="main" />
</exclusive-start>
<concurrent-global-final id="5247" timestamp="2022-02-08T16:50:15.347" contextid="5229" intervalms="3782.850" >
  <concurrent-trace-info reason="card cleaning threshold reached" tracedByMutators="52166520" tracedByHelpers="22282816" cardsCleaned="1" workStackOverflowCount="0" />
</concurrent-global-final>
<gc-start id="5248" type="global" contextid="5229" timestamp="2022-02-08T16:50:15.347">
  <mem-info id="5249" free="122018096" total="1073741824" percent="11">
    <mem type="nursery" free="102292224" total="268435456" percent="38">
      <mem type="allocate" free="102292224" total="183500800" percent="55" />
      <mem type="survivor" free="0" total="84934656" percent="0" />
    </mem>
    <mem type="tenure" free="19725872" total="805306368" percent="2">
      <mem type="soa" free="11672112" total="797252608" percent="1" />
      <mem type="loa" free="8053760" total="8053760" percent="100" />
    </mem>
    <remembered-set count="103" />
  </mem-info>
</gc-start>
<allocation-stats totalBytes="5077208" >
  <allocated-bytes non-tlh="184" tlh="5077024" />
  <largest-consumer threadName="main" threadId="0000000000016F00" bytes="5077208" />
</allocation-stats>
<gc-op id="5250" type="rs-scan" timems="0.644" contextid="5229" timestamp="2022-02-08T16:50:15.348">
  <scan objectsFound="0" bytesTraced="3988" workStackOverflowCount="0" />
</gc-op>
<gc-op id="5251" type="card-cleaning" timems="151.493" contextid="5229" timestamp="2022-02-08T16:50:15.499">
  <card-cleaning cardsCleaned="11" bytesTraced="71022936" workStackOverflowCount="0" />
</gc-op>
<gc-op id="5252" type="mark" timems="66.357" contextid="5229" timestamp="2022-02-08T16:50:15.566">
  <trace-info objectcount="2350011" scancount="1764036" scanbytes="37700456" />
  <finalization candidates="428" enqueued="57" />
  <ownableSynchronizers candidates="1" cleared="0" />
  <references type="soft" candidates="894" cleared="0" enqueued="0" dynamicThreshold="12" maxThreshold="32" />
  <references type="weak" candidates="1701" cleared="0" enqueued="0" />
  <references type="phantom" candidates="52" cleared="2" enqueued="2" />
  <stringconstants candidates="6470" cleared="0"  />
  <object-monitors candidates="2" cleared="0"  />
</gc-op>
<gc-op id="5253" type="sweep" timems="4.941" contextid="5229" timestamp="2022-02-08T16:50:15.571" />
<gc-end id="5254" type="global" contextid="5229" durationms="223.821" usertimems="238.194" systemtimems="0.665" stalltimems="198.257" timestamp="2022-02-08T16:50:15.571" activeThreads="4">
  <mem-info id="5255" free="365248624" total="1073741824" percent="34">
    <mem type="nursery" free="102639720" total="268435456" percent="38">
      <mem type="allocate" free="102639720" total="183500800" percent="55" />
      <mem type="survivor" free="0" total="84934656" percent="0" />
    </mem>
    <mem type="tenure" free="262608904" total="805306368" percent="32" micro-fragmented="288370" macro-fragmented="0">
      <mem type="soa" free="254555144" total="797252608" percent="31" />
      <mem type="loa" free="8053760" total="8053760" percent="100" />
    </mem>
    <pending-finalizers system="57" default="0" reference="2" classloader="0" />
    <remembered-set count="103" />
  </mem-info>
</gc-end>
<cycle-end id="5256" type="global" contextid="5229" timestamp="2022-02-08T16:50:15.571" />
<exclusive-end id="5257" timestamp="2022-02-08T16:50:15.571" durationms="224.016" />

<exclusive-start id="5258" timestamp="2022-02-08T16:50:16.214" intervalms="867.446">
  <response-info timems="0.023" idlems="0.023" threads="0" lastid="0000000000016F00" lastname="main" />
</exclusive-start>
<af-start id="5259" threadId="0000000000017908" totalBytesRequested="104" timestamp="2022-02-08T16:50:16.214" intervalms="1033.240" type="nursery" />
<cycle-start id="5260" type="scavenge" contextid="0" timestamp="2022-02-08T16:50:16.214" intervalms="1033.237" />
<gc-start id="5261" type="scavenge" contextid="5260" timestamp="2022-02-08T16:50:16.214">
  <mem-info id="5262" free="262608904" total="1073741824" percent="24">
    <mem type="nursery" free="0" total="268435456" percent="0">
      <mem type="allocate" free="0" total="183500800" percent="0" />
      <mem type="survivor" free="0" total="84934656" percent="0" />
    </mem>
    <mem type="tenure" free="262608904" total="805306368" percent="32">
      <mem type="soa" free="254555144" total="797252608" percent="31" />
      <mem type="loa" free="8053760" total="8053760" percent="100" />
    </mem>
    <remembered-set count="106" />
  </mem-info>
</gc-start>
<allocation-stats totalBytes="102591616" >
  <allocated-bytes non-tlh="0" tlh="102591616" />
  <largest-consumer threadName="main" threadId="0000000000016F00" bytes="102587520" />
</allocation-stats>
<gc-op id="5263" type="scavenge" timems="82.497" contextid="5260" timestamp="2022-02-08T16:50:16.297">
  <scavenger-info tenureage="1" tenuremask="7ffe" tiltratio="68" />
  <memory-copied type="nursery" objects="1349238" bytes="76446816" bytesdiscarded="215016" />
  <memory-copied type="tenure" objects="1374208" bytes="75873392" bytesdiscarded="44240" />
  <ownableSynchronizers candidates="2" cleared="2" />
  <object-monitors candidates="2" cleared="0"  />
</gc-op>
<gc-end id="5264" type="scavenge" contextid="5260" durationms="82.836" usertimems="325.395" systemtimems="0.434" stalltimems="3.029" timestamp="2022-02-08T16:50:16.297" activeThreads="4">
  <mem-info id="5265" free="293466264" total="1073741824" percent="27">
    <mem type="nursery" free="107166648" total="268435456" percent="39">
      <mem type="allocate" free="107166648" total="183828480" percent="58" />
      <mem type="survivor" free="0" total="84606976" percent="0" />
    </mem>
    <mem type="tenure" free="186299616" total="805306368" percent="23" macro-fragmented="0">
      <mem type="soa" free="178245856" total="797252608" percent="22" />
      <mem type="loa" free="8053760" total="8053760" percent="100" />
    </mem>
    <remembered-set count="105" />
  </mem-info>
</gc-end>
<cycle-end id="5266" type="scavenge" contextid="5260" timestamp="2022-02-08T16:50:16.297" />
<allocation-satisfied id="5267" threadId="0000000000016F00" bytesRequested="104" />
<af-end id="5268" timestamp="2022-02-08T16:50:16.297" threadId="0000000000017908" success="true" from="nursery"/>
<exclusive-end id="5269" timestamp="2022-02-08T16:50:16.297" durationms="83.088" />

<exclusive-start id="5270" timestamp="2022-02-08T16:50:17.202" intervalms="987.781">
  <response-info timems="0.018" idlems="0.018" threads="0" lastid="0000000000016F00" lastname="main" />
</exclusive-start>
<af-start id="5271" threadId="0000000000017908" totalBytesRequested="128" timestamp="2022-02-08T16:50:17.202" intervalms="987.813" type="nursery" />
<cycle-start id="5272" type="scavenge" contextid="0" timestamp="2022-02-08T16:50:17.202" intervalms="987.827" />
<gc-start id="5273" type="scavenge" contextid="5272" timestamp="2022-02-08T16:50:17.202">
  <mem-info id="5274" free="186299616" total="1073741824" percent="17">
    <mem type="nursery" free="0" total="268435456" percent="0">
      <mem type="allocate" free="0" total="183828480" percent="0" />
      <mem type="survivor" free="0" total="84606976" percent="0" />
    </mem>
    <mem type="tenure" free="186299616" total="805306368" percent="23">
      <mem type="soa" free="178245856" total="797252608" percent="22" />
      <mem type="loa" free="8053760" total="8053760" percent="100" />
    </mem>
    <remembered-set count="136" />
  </mem-info>
</gc-start>
<allocation-stats totalBytes="107119072" >
  <allocated-bytes non-tlh="1493872" tlh="105625200" />
  <largest-consumer threadName="main" threadId="0000000000016F00" bytes="107119072" />
</allocation-stats>
<gc-op id="5275" type="scavenge" timems="81.165" contextid="5272" timestamp="2022-02-08T16:50:17.283">
  <scavenger-info tenureage="1" tenuremask="7ffe" tiltratio="68" />
  <memory-copied type="nursery" objects="1445387" bytes="75366416" bytesdiscarded="336184" />
  <memory-copied type="tenure" objects="1349238" bytes="76446816" bytesdiscarded="36480" />
  <finalization candidates="109" enqueued="53" />
  <references type="soft" candidates="14" cleared="0" enqueued="0" dynamicThreshold="10" maxThreshold="32" />
  <references type="weak" candidates="1" cleared="0" enqueued="0" />
  <references type="phantom" candidates="94" cleared="7" enqueued="7" />
  <object-monitors candidates="2" cleared="0"  />
</gc-op>
<gc-end id="5276" type="scavenge" contextid="5272" durationms="81.529" usertimems="316.657" systemtimems="3.746" stalltimems="3.652" timestamp="2022-02-08T16:50:17.284" activeThreads="4">
  <mem-info id="5277" free="218478328" total="1073741824" percent="20">
    <mem type="nursery" free="108518968" total="268435456" percent="40">
      <mem type="allocate" free="108518968" total="184221696" percent="58" />
      <mem type="survivor" free="0" total="84213760" percent="0" />
    </mem>
    <mem type="tenure" free="109959360" total="805306368" percent="13" macro-fragmented="0">
      <mem type="soa" free="101905600" total="797252608" percent="12" />
      <mem type="loa" free="8053760" total="8053760" percent="100" />
    </mem>
    <pending-finalizers system="52" default="1" reference="7" classloader="0" />
    <remembered-set count="132" />
  </mem-info>
</gc-end>
<cycle-end id="5278" type="scavenge" contextid="5272" timestamp="2022-02-08T16:50:17.284" />
<allocation-satisfied id="5279" threadId="0000000000016F00" bytesRequested="128" />
<af-end id="5280" timestamp="2022-02-08T16:50:17.284" threadId="0000000000017908" success="true" from="nursery"/>
<exclusive-end id="5281" timestamp="2022-02-08T16:50:17.284" durationms="81.882" />

<concurrent-kickoff id="5282" timestamp="2022-02-08T16:50:17.996">
  <kickoff reason="threshold reached" targetBytes="74445631" thresholdFreeBytes="6255910"  remainingFree="6139224" tenureFreeBytes="109959360" nurseryFreeBytes="6139224" />
</concurrent-kickoff>
<exclusive-start id="5283" timestamp="2022-02-08T16:50:17.999" intervalms="796.972">
  <response-info timems="0.021" idlems="0.021" threads="0" lastid="0000000000016F00" lastname="main" />
</exclusive-start>
<cycle-start id="5284" type="global" contextid="0" timestamp="2022-02-08T16:50:17.999" intervalms="2970.975" />
<concurrent-start id="5285" type="global mark" contextid="5284" timestamp="2022-02-08T16:50:17.999">
</concurrent-start>
<exclusive-end id="5286" timestamp="2022-02-08T16:50:17.999" durationms="0.028" />

<exclusive-start id="5287" timestamp="2022-02-08T16:50:18.148" intervalms="149.237">
  <response-info timems="0.038" idlems="0.038" threads="0" lastid="0000000000016F00" lastname="main" />
</exclusive-start>
<af-start id="5288" threadId="0000000000017908" totalBytesRequested="120" timestamp="2022-02-08T16:50:18.148" intervalms="946.177" type="nursery" />
<cycle-start id="5289" type="scavenge" contextid="0" timestamp="2022-02-08T16:50:18.148" intervalms="946.161" />
<gc-start id="5290" type="scavenge" contextid="5289" timestamp="2022-02-08T16:50:18.148">
  <mem-info id="5291" free="109959360" total="1073741824" percent="10">
    <mem type="nursery" free="0" total="268435456" percent="0">
      <mem type="allocate" free="0" total="184221696" percent="0" />
      <mem type="survivor" free="0" total="84213760" percent="0" />
    </mem>
    <mem type="tenure" free="109959360" total="805306368" percent="13">
      <mem type="soa" free="101905600" total="797252608" percent="12" />
      <mem type="loa" free="8053760" total="8053760" percent="100" />
    </mem>
    <remembered-set count="133" />
  </mem-info>
</gc-start>
<allocation-stats totalBytes="108468184" >
  <allocated-bytes non-tlh="1347808" tlh="107120376" />
  <largest-consumer threadName="main" threadId="0000000000016F00" bytes="108459992" />
</allocation-stats>
<gc-op id="5292" type="scavenge" timems="93.275" contextid="5289" timestamp="2022-02-08T16:50:18.242">
  <scavenger-info tenureage="1" tenuremask="7ffe" tiltratio="68" />
  <memory-copied type="nursery" objects="1380385" bytes="77658112" bytesdiscarded="193984" />
  <memory-copied type="tenure" objects="1444668" bytes="74423248" bytesdiscarded="40648" />
  <finalization candidates="57" enqueued="0" />
  <references type="phantom" candidates="1" cleared="0" enqueued="0" />
  <object-monitors candidates="2" cleared="0"  />
</gc-op>
<gc-end id="5293" type="scavenge" contextid="5289" durationms="93.800" usertimems="369.103" systemtimems="0.000" stalltimems="3.367" timestamp="2022-02-08T16:50:18.242" activeThreads="4">
  <mem-info id="5294" free="140225496" total="1073741824" percent="13">
    <mem type="nursery" free="104665664" total="268435456" percent="38">
      <mem type="allocate" free="104665664" total="182517760" percent="57" />
      <mem type="survivor" free="0" total="85917696" percent="0" />
    </mem>
    <mem type="tenure" free="35559832" total="805306368" percent="4" macro-fragmented="168253">
      <mem type="soa" free="27506072" total="797252608" percent="3" />
      <mem type="loa" free="8053760" total="8053760" percent="100" />
    </mem>
    <remembered-set count="102" />
  </mem-info>
</gc-end>
<cycle-end id="5295" type="scavenge" contextid="5289" timestamp="2022-02-08T16:50:18.242" />
<allocation-satisfied id="5296" threadId="0000000000016F00" bytesRequested="120" />
<af-end id="5297" timestamp="2022-02-08T16:50:18.242" threadId="0000000000017908" success="true" from="nursery"/>
<exclusive-end id="5298" timestamp="2022-02-08T16:50:18.243" durationms="94.198" />

<concurrent-end id="5299" type="global mark" contextid="5284" timestamp="2022-02-08T16:50:18.328">
<gc-op id="5300" type="trace" timems="329.139" contextid="5284" timestamp="2022-02-08T16:50:18.328">
  <trace bytesTraced="74449356" workStackOverflowCount="0" />
  <card-cleaning reason="card cleaning threshold reached" bytesTraced="188" cardsCleaned="1" />
</gc-op>
</concurrent-end>

<exclusive-start id="5301" timestamp="2022-02-08T16:50:18.328" intervalms="179.976">
  <response-info timems="0.020" idlems="0.020" threads="0" lastid="0000000000016F00" lastname="main" />
</exclusive-start>
<concurrent-global-final id="5302" timestamp="2022-02-08T16:50:18.328" contextid="5284" intervalms="2981.412" >
  <concurrent-trace-info reason="card cleaning threshold reached" tracedByMutators="53831660" tracedByHelpers="20617884" cardsCleaned="1" workStackOverflowCount="0" />
</concurrent-global-final>
<gc-start id="5303" type="global" contextid="5284" timestamp="2022-02-08T16:50:18.328">
  <mem-info id="5304" free="134490976" total="1073741824" percent="12">
    <mem type="nursery" free="98931144" total="268435456" percent="36">
      <mem type="allocate" free="98931144" total="182517760" percent="54" />
      <mem type="survivor" free="0" total="85917696" percent="0" />
    </mem>
    <mem type="tenure" free="35559832" total="805306368" percent="4">
      <mem type="soa" free="27506072" total="797252608" percent="3" />
      <mem type="loa" free="8053760" total="8053760" percent="100" />
    </mem>
    <remembered-set count="102" />
  </mem-info>
</gc-start>
<allocation-stats totalBytes="5731480" >
  <allocated-bytes non-tlh="120" tlh="5731360" />
  <largest-consumer threadName="main" threadId="0000000000016F00" bytes="5731480" />
</allocation-stats>
<gc-op id="5305" type="rs-scan" timems="0.546" contextid="5284" timestamp="2022-02-08T16:50:18.329">
  <scan objectsFound="29" bytesTraced="5420" workStackOverflowCount="0" />
</gc-op>
<gc-op id="5306" type="card-cleaning" timems="155.173" contextid="5284" timestamp="2022-02-08T16:50:18.484">
  <card-cleaning cardsCleaned="9" bytesTraced="71021080" workStackOverflowCount="0" />
</gc-op>
<gc-op id="5307" type="mark" timems="58.467" contextid="5284" timestamp="2022-02-08T16:50:18.543">
  <trace-info objectcount="2098567" scancount="1575453" scanbytes="33677352" />
  <finalization candidates="428" enqueued="57" />
  <ownableSynchronizers candidates="1" cleared="0" />
  <references type="soft" candidates="894" cleared="0" enqueued="0" dynamicThreshold="10" maxThreshold="32" />
  <references type="weak" candidates="1701" cleared="0" enqueued="0" />
  <references type="phantom" candidates="52" cleared="2" enqueued="2" />
  <stringconstants candidates="6470" cleared="0"  />
  <object-monitors candidates="2" cleared="0"  />
</gc-op>
<gc-op id="5308" type="sweep" timems="5.229" contextid="5284" timestamp="2022-02-08T16:50:18.548" />
<gc-end id="5309" type="global" contextid="5284" durationms="220.027" usertimems="235.702" systemtimems="0.283" stalltimems="175.042" timestamp="2022-02-08T16:50:18.548" activeThreads="4">
  <mem-info id="5310" free="377696400" total="1073741824" percent="35">
    <mem type="nursery" free="99215448" total="268435456" percent="36">
      <mem type="allocate" free="99215448" total="182517760" percent="54" />
      <mem type="survivor" free="0" total="85917696" percent="0" />
    </mem>
    <mem type="tenure" free="278480952" total="805306368" percent="34" micro-fragmented="281346" macro-fragmented="0">
      <mem type="soa" free="270427192" total="797252608" percent="33" />
      <mem type="loa" free="8053760" total="8053760" percent="100" />
    </mem>
    <pending-finalizers system="57" default="0" reference="2" classloader="0" />
    <remembered-set count="102" />
  </mem-info>
</gc-end>
<cycle-end id="5311" type="global" contextid="5284" timestamp="2022-02-08T16:50:18.549" />
<exclusive-end id="5312" timestamp="2022-02-08T16:50:18.549" durationms="220.227" />

<exclusive-start id="5313" timestamp="2022-02-08T16:50:19.192" intervalms="863.949">
  <response-info timems="0.022" idlems="0.022" threads="0" lastid="0000000000016F00" lastname="main" />
</exclusive-start>
<af-start id="5314" threadId="0000000000017908" totalBytesRequested="200" timestamp="2022-02-08T16:50:19.192" intervalms="1043.926" type="nursery" />
<cycle-start id="5315" type="scavenge" contextid="0" timestamp="2022-02-08T16:50:19.192" intervalms="1043.928" />
<gc-start id="5316" type="scavenge" contextid="5315" timestamp="2022-02-08T16:50:19.192">
  <mem-info id="5317" free="278480952" total="1073741824" percent="25">
    <mem type="nursery" free="0" total="268435456" percent="0">
      <mem type="allocate" free="0" total="182517760" percent="0" />
      <mem type="survivor" free="0" total="85917696" percent="0" />
    </mem>
    <mem type="tenure" free="278480952" total="805306368" percent="34">
      <mem type="soa" free="270427192" total="797252608" percent="33" />
      <mem type="loa" free="8053760" total="8053760" percent="100" />
    </mem>
    <remembered-set count="105" />
  </mem-info>
</gc-start>
<allocation-stats totalBytes="99167800" >
  <allocated-bytes non-tlh="0" tlh="99167800" />
  <largest-consumer threadName="main" threadId="0000000000016F00" bytes="99163704" />
</allocation-stats>
<gc-op id="5318" type="scavenge" timems="78.936" contextid="5315" timestamp="2022-02-08T16:50:19.271">
  <scavenger-info tenureage="1" tenuremask="7ffe" tiltratio="67" />
  <memory-copied type="nursery" objects="1315063" bytes="74489704" bytesdiscarded="209520" />
  <memory-copied type="tenure" objects="1380385" bytes="77658112" bytesdiscarded="44304" />
  <finalization candidates="1" enqueued="0" />
  <ownableSynchronizers candidates="2" cleared="2" />
  <object-monitors candidates="2" cleared="0"  />
</gc-op>
<gc-end id="5319" type="scavenge" contextid="5315" durationms="79.305" usertimems="311.321" systemtimems="0.132" stalltimems="3.843" timestamp="2022-02-08T16:50:19.272" activeThreads="4">
  <mem-info id="5320" free="308820520" total="1073741824" percent="28">
    <mem type="nursery" free="108211752" total="268435456" percent="40">
      <mem type="allocate" free="108211752" total="182910976" percent="59" />
      <mem type="survivor" free="0" total="85524480" percent="0" />
    </mem>
    <mem type="tenure" free="200608768" total="805306368" percent="24" macro-fragmented="0">
      <mem type="soa" free="192555008" total="797252608" percent="24" />
      <mem type="loa" free="8053760" total="8053760" percent="100" />
    </mem>
    <remembered-set count="105" />
  </mem-info>
</gc-end>
<cycle-end id="5321" type="scavenge" contextid="5315" timestamp="2022-02-08T16:50:19.272" />
<allocation-satisfied id="5322" threadId="0000000000016F00" bytesRequested="200" />
<af-end id="5323" timestamp="2022-02-08T16:50:19.272" threadId="0000000000017908" success="true" from="nursery"/>
<exclusive-end id="5324" timestamp="2022-02-08T16:50:19.272" durationms="79.554" />

<exclusive-start id="5325" timestamp="2022-02-08T16:50:20.174" intervalms="981.580">
  <response-info timems="0.018" idlems="0.018" threads="0" lastid="0000000000016F00" lastname="main" />
</exclusive-start>
<af-start id="5326" threadId="0000000000017908" totalBytesRequested="232" timestamp="2022-02-08T16:50:20.174" intervalms="981.579" type="nursery" />
<cycle-start id="5327" type="scavenge" contextid="0" timestamp="2022-02-08T16:50:20.174" intervalms="981.578" />
<gc-start id="5328" type="scavenge" contextid="5327" timestamp="2022-02-08T16:50:20.174">
  <mem-info id="5329" free="200608768" total="1073741824" percent="18">
    <mem type="nursery" free="0" total="268435456" percent="0">
      <mem type="allocate" free="0" total="182910976" percent="0" />
      <mem type="survivor" free="0" total="85524480" percent="0" />
    </mem>
    <mem type="tenure" free="200608768" total="805306368" percent="24">
      <mem type="soa" free="192555008" total="797252608" percent="24" />
      <mem type="loa" free="8053760" total="8053760" percent="100" />
    </mem>
    <remembered-set count="136" />
  </mem-info>
</gc-start>
<allocation-stats totalBytes="108166584" >
  <allocated-bytes non-tlh="1493968" tlh="106672616" />
  <largest-consumer threadName="main" threadId="0000000000016F00" bytes="108166584" />
</allocation-stats>
<gc-op id="5330" type="scavenge" timems="87.686" contextid="5327" timestamp="2022-02-08T16:50:20.262">
  <scavenger-info tenureage="1" tenuremask="7ffe" tiltratio="68" />
  <memory-copied type="nursery" objects="1487460" bytes="76172544" bytesdiscarded="121192" />
  <memory-copied type="tenure" objects="1315062" bytes="74489592" bytesdiscarded="44840" />
  <finalization candidates="109" enqueued="53" />
  <references type="soft" candidates="14" cleared="0" enqueued="0" dynamicThreshold="11" maxThreshold="32" />
  <references type="weak" candidates="1" cleared="0" enqueued="0" />
  <references type="phantom" candidates="94" cleared="7" enqueued="7" />
  <object-monitors candidates="2" cleared="0"  />
</gc-op>
<gc-end id="5331" type="scavenge" contextid="5327" durationms="88.065" usertimems="344.813" systemtimems="1.558" stalltimems="3.463" timestamp="2022-02-08T16:50:20.262" activeThreads="4">
  <mem-info id="5332" free="233067056" total="1073741824" percent="21">
    <mem type="nursery" free="106879256" total="268435456" percent="39">
      <mem type="allocate" free="106879256" total="183173120" percent="58" />
      <mem type="survivor" free="0" total="85262336" percent="0" />
    </mem>
    <mem type="tenure" free="126187800" total="805306368" percent="15" macro-fragmented="0">
      <mem type="soa" free="118134040" total="797252608" percent="14" />
      <mem type="loa" free="8053760" total="8053760" percent="100" />
    </mem>
    <pending-finalizers system="52" default="1" reference="7" classloader="0" />
    <remembered-set count="132" />
  </mem-info>
</gc-end>
<cycle-end id="5333" type="scavenge" contextid="5327" timestamp="2022-02-08T16:50:20.262" />
<allocation-satisfied id="5334" threadId="0000000000016F00" bytesRequested="232" />
<af-end id="5335" timestamp="2022-02-08T16:50:20.262" threadId="0000000000017908" success="true" from="nursery"/>
<exclusive-end id="5336" timestamp="2022-02-08T16:50:20.262" durationms="88.390" />

<concurrent-kickoff id="5337" timestamp="2022-02-08T16:50:20.966">
  <kickoff reason="threshold reached" targetBytes="74446375" thresholdFreeBytes="6242652"  remainingFree="6215960" tenureFreeBytes="126187800" nurseryFreeBytes="6215960" />
</concurrent-kickoff>
<exclusive-start id="5338" timestamp="2022-02-08T16:50:20.969" intervalms="794.980">
  <response-info timems="0.019" idlems="0.019" threads="0" lastid="0000000000016F00" lastname="main" />
</exclusive-start>
<cycle-start id="5339" type="global" contextid="0" timestamp="2022-02-08T16:50:20.969" intervalms="2969.732" />
<concurrent-start id="5340" type="global mark" contextid="5339" timestamp="2022-02-08T16:50:20.969">
</concurrent-start>
<exclusive-end id="5341" timestamp="2022-02-08T16:50:20.969" durationms="0.038" />

<exclusive-start id="5342" timestamp="2022-02-08T16:50:21.119" intervalms="150.473">
  <response-info timems="0.019" idlems="0.019" threads="0" lastid="0000000000016F00" lastname="main" />
</exclusive-start>
<af-start id="5343" threadId="0000000000017908" totalBytesRequested="16" timestamp="2022-02-08T16:50:21.119" intervalms="945.450" type="nursery" />
<cycle-start id="5344" type="scavenge" contextid="0" timestamp="2022-02-08T16:50:21.119" intervalms="945.451" />
<gc-start id="5345" type="scavenge" contextid="5344" timestamp="2022-02-08T16:50:21.119">
  <mem-info id="5346" free="126187800" total="1073741824" percent="11">
    <mem type="nursery" free="0" total="268435456" percent="0">
      <mem type="allocate" free="0" total="183173120" percent="0" />
      <mem type="survivor" free="0" total="85262336" percent="0" />
    </mem>
    <mem type="tenure" free="126187800" total="805306368" percent="15">
      <mem type="soa" free="118134040" total="797252608" percent="14" />
      <mem type="loa" free="8053760" total="8053760" percent="100" />
    </mem>
    <remembered-set count="133" />
  </mem-info>
</gc-start>
<allocation-stats totalBytes="106829080" >
  <allocated-bytes non-tlh="1347912" tlh="105481168" />
  <largest-consumer threadName="main" threadId="0000000000016F00" bytes="106820888" />
</allocation-stats>
<gc-op id="5347" type="scavenge" timems="83.276" contextid="5344" timestamp="2022-02-08T16:50:21.203">
  <scavenger-info tenureage="1" tenuremask="7ffe" tiltratio="68" />
  <memory-copied type="nursery" objects="1336516" bytes="76449048" bytesdiscarded="184656" />
  <memory-copied type="tenure" objects="1486740" bytes="75229248" bytesdiscarded="39032" />
  <finalization candidates="57" enqueued="0" />
  <references type="phantom" candidates="1" cleared="0" enqueued="0" />
  <object-monitors candidates="2" cleared="0"  />
</gc-op>
<gc-end id="5348" type="scavenge" contextid="5344" durationms="83.703" usertimems="328.854" systemtimems="0.000" stalltimems="3.916" timestamp="2022-02-08T16:50:21.203" activeThreads="4">
  <mem-info id="5349" free="157873824" total="1073741824" percent="14">
    <mem type="nursery" free="106998168" total="268435456" percent="39">
      <mem type="allocate" free="106998168" total="183631872" percent="58" />
      <mem type="survivor" free="0" total="84803584" percent="0" />
    </mem>
    <mem type="tenure" free="50875656" total="805306368" percent="6" macro-fragmented="0">
      <mem type="soa" free="42821896" total="797252608" percent="5" />
      <mem type="loa" free="8053760" total="8053760" percent="100" />
    </mem>
    <remembered-set count="102" />
  </mem-info>
</gc-end>
<cycle-end id="5350" type="scavenge" contextid="5344" timestamp="2022-02-08T16:50:21.203" />
<allocation-satisfied id="5351" threadId="0000000000016F00" bytesRequested="16" />
<af-end id="5352" timestamp="2022-02-08T16:50:21.203" threadId="0000000000017908" success="true" from="nursery"/>
<exclusive-end id="5353" timestamp="2022-02-08T16:50:21.203" durationms="84.011" />

<concurrent-end id="5354" type="global mark" contextid="5339" timestamp="2022-02-08T16:50:21.287">
<gc-op id="5355" type="trace" timems="318.237" contextid="5339" timestamp="2022-02-08T16:50:21.287">
  <trace bytesTraced="74449628" workStackOverflowCount="0" />
  <card-cleaning reason="card cleaning threshold reached" bytesTraced="188" cardsCleaned="1" />
</gc-op>
</concurrent-end>

<exclusive-start id="5356" timestamp="2022-02-08T16:50:21.287" intervalms="167.841">
  <response-info timems="0.017" idlems="0.017" threads="0" lastid="0000000000016F00" lastname="main" />
</exclusive-start>
<concurrent-global-final id="5357" timestamp="2022-02-08T16:50:21.287" contextid="5339" intervalms="2958.822" >
  <concurrent-trace-info reason="card cleaning threshold reached" tracedByMutators="55690244" tracedByHelpers="18759572" cardsCleaned="1" workStackOverflowCount="0" />
</concurrent-global-final>
<gc-start id="5358" type="global" contextid="5339" timestamp="2022-02-08T16:50:21.287">
  <mem-info id="5359" free="152532624" total="1073741824" percent="14">
    <mem type="nursery" free="101656968" total="268435456" percent="37">
      <mem type="allocate" free="101656968" total="183631872" percent="55" />
      <mem type="survivor" free="0" total="84803584" percent="0" />
    </mem>
    <mem type="tenure" free="50875656" total="805306368" percent="6">
      <mem type="soa" free="42821896" total="797252608" percent="5" />
      <mem type="loa" free="8053760" total="8053760" percent="100" />
    </mem>
    <remembered-set count="102" />
  </mem-info>
</gc-start>
<allocation-stats totalBytes="5339440" >
  <allocated-bytes non-tlh="16" tlh="5339424" />
  <largest-consumer threadName="main" threadId="0000000000016F00" bytes="5339440" />
</allocation-stats>
<gc-op id="5360" type="rs-scan" timems="0.612" contextid="5339" timestamp="2022-02-08T16:50:21.288">
  <scan objectsFound="29" bytesTraced="5420" workStackOverflowCount="0" />
</gc-op>
<gc-op id="5361" type="card-cleaning" timems="156.143" contextid="5339" timestamp="2022-02-08T16:50:21.444">
  <card-cleaning cardsCleaned="9" bytesTraced="71021016" workStackOverflowCount="0" />
</gc-op>
<gc-op id="5362" type="mark" timems="52.123" contextid="5339" timestamp="2022-02-08T16:50:21.496">
  <trace-info objectcount="1804845" scancount="1355161" scanbytes="28977832" />
  <finalization candidates="428" enqueued="57" />
  <ownableSynchronizers candidates="1" cleared="0" />
  <references type="soft" candidates="894" cleared="0" enqueued="0" dynamicThreshold="11" maxThreshold="32" />
  <references type="weak" candidates="1701" cleared="0" enqueued="0" />
  <references type="phantom" candidates="52" cleared="2" enqueued="2" />
  <stringconstants candidates="6470" cleared="0"  />
  <object-monitors candidates="2" cleared="0"  />
</gc-op>
<gc-op id="5363" type="sweep" timems="4.811" contextid="5339" timestamp="2022-02-08T16:50:21.501" />
<gc-end id="5364" type="global" contextid="5339" durationms="214.081" usertimems="228.467" systemtimems="0.410" stalltimems="155.932" timestamp="2022-02-08T16:50:21.501" activeThreads="4">
  <mem-info id="5365" free="395637200" total="1073741824" percent="36">
    <mem type="nursery" free="101932368" total="268435456" percent="37">
      <mem type="allocate" free="101932368" total="183631872" percent="55" />
      <mem type="survivor" free="0" total="84803584" percent="0" />
    </mem>
    <mem type="tenure" free="293704832" total="805306368" percent="36" micro-fragmented="236225" macro-fragmented="0">
      <mem type="soa" free="285651072" total="797252608" percent="35" />
      <mem type="loa" free="8053760" total="8053760" percent="100" />
    </mem>
    <pending-finalizers system="57" default="0" reference="2" classloader="0" />
    <remembered-set count="102" />
  </mem-info>
</gc-end>
<cycle-end id="5366" type="global" contextid="5339" timestamp="2022-02-08T16:50:21.501" />
<exclusive-end id="5367" timestamp="2022-02-08T16:50:21.501" durationms="214.369" />

<exclusive-start id="5368" timestamp="2022-02-08T16:50:22.180" intervalms="892.553">
  <response-info timems="0.022" idlems="0.022" threads="0" lastid="0000000000016F00" lastname="main" />
</exclusive-start>
<af-start id="5369" threadId="0000000000017908" totalBytesRequested="184" timestamp="2022-02-08T16:50:22.180" intervalms="1060.396" type="nursery" />
<cycle-start id="5370" type="scavenge" contextid="0" timestamp="2022-02-08T16:50:22.180" intervalms="1060.396" />
<gc-start id="5371" type="scavenge" contextid="5370" timestamp="2022-02-08T16:50:22.180">
  <mem-info id="5372" free="293704832" total="1073741824" percent="27">
    <mem type="nursery" free="0" total="268435456" percent="0">
      <mem type="allocate" free="0" total="183631872" percent="0" />
      <mem type="survivor" free="0" total="84803584" percent="0" />
    </mem>
    <mem type="tenure" free="293704832" total="805306368" percent="36">
      <mem type="soa" free="285651072" total="797252608" percent="35" />
      <mem type="loa" free="8053760" total="8053760" percent="100" />
    </mem>
    <remembered-set count="105" />
  </mem-info>
</gc-start>
<allocation-stats totalBytes="101886264" >
  <allocated-bytes non-tlh="0" tlh="101886264" />
  <largest-consumer threadName="main" threadId="0000000000016F00" bytes="101882168" />
</allocation-stats>
<gc-op id="5373" type="scavenge" timems="80.977" contextid="5370" timestamp="2022-02-08T16:50:22.261">
  <scavenger-info tenureage="1" tenuremask="7ffe" tiltratio="68" />
  <memory-copied type="nursery" objects="1355596" bytes="76177152" bytesdiscarded="159088" />
  <memory-copied type="tenure" objects="1336516" bytes="76449048" bytesdiscarded="45152" />
  <finalization candidates="1" enqueued="0" />
  <ownableSynchronizers candidates="2" cleared="2" />
  <object-monitors candidates="2" cleared="0"  />
</gc-op>
<gc-end id="5374" type="scavenge" contextid="5370" durationms="81.383" usertimems="318.574" systemtimems="0.000" stalltimems="4.547" timestamp="2022-02-08T16:50:22.261" activeThreads="4">
  <mem-info id="5375" free="324762592" total="1073741824" percent="30">
    <mem type="nursery" free="107754384" total="268435456" percent="40">
      <mem type="allocate" free="107754384" total="184090624" percent="58" />
      <mem type="survivor" free="0" total="84344832" percent="0" />
    </mem>
    <mem type="tenure" free="217008208" total="805306368" percent="26" macro-fragmented="0">
      <mem type="soa" free="208954448" total="797252608" percent="26" />
      <mem type="loa" free="8053760" total="8053760" percent="100" />
    </mem>
    <remembered-set count="104" />
  </mem-info>
</gc-end>
<cycle-end id="5376" type="scavenge" contextid="5370" timestamp="2022-02-08T16:50:22.261" />
<allocation-satisfied id="5377" threadId="0000000000016F00" bytesRequested="184" />
<af-end id="5378" timestamp="2022-02-08T16:50:22.261" threadId="0000000000017908" success="true" from="nursery"/>
<exclusive-end id="5379" timestamp="2022-02-08T16:50:22.261" durationms="81.709" />

<exclusive-start id="5380" timestamp="2022-02-08T16:50:23.181" intervalms="1001.302">
  <response-info timems="0.020" idlems="0.020" threads="0" lastid="0000000000016F00" lastname="main" />
</exclusive-start>
<af-start id="5381" threadId="0000000000017908" totalBytesRequested="169712" timestamp="2022-02-08T16:50:23.181" intervalms="1001.307" type="nursery" />
<cycle-start id="5382" type="scavenge" contextid="0" timestamp="2022-02-08T16:50:23.181" intervalms="1001.306" />
<gc-start id="5383" type="scavenge" contextid="5382" timestamp="2022-02-08T16:50:23.181">
  <mem-info id="5384" free="217056112" total="1073741824" percent="20">
    <mem type="nursery" free="47904" total="268435456" percent="0">
      <mem type="allocate" free="47904" total="184090624" percent="0" />
      <mem type="survivor" free="0" total="84344832" percent="0" />
    </mem>
    <mem type="tenure" free="217008208" total="805306368" percent="26">
      <mem type="soa" free="208954448" total="797252608" percent="26" />
      <mem type="loa" free="8053760" total="8053760" percent="100" />
    </mem>
    <remembered-set count="134" />
  </mem-info>
</gc-start>
<allocation-stats totalBytes="107659472" >
  <allocated-bytes non-tlh="1016488" tlh="106642984" />
  <largest-consumer threadName="main" threadId="0000000000016F00" bytes="107659472" />
</allocation-stats>
<gc-op id="5385" type="scavenge" timems="92.541" contextid="5382" timestamp="2022-02-08T16:50:23.274">
  <scavenger-info tenureage="1" tenuremask="7ffe" tiltratio="68" />
  <memory-copied type="nursery" objects="1484644" bytes="75728576" bytesdiscarded="91152" />
  <memory-copied type="tenure" objects="1355595" bytes="76177048" bytesdiscarded="38104" />
  <finalization candidates="108" enqueued="53" />
  <references type="soft" candidates="14" cleared="0" enqueued="0" dynamicThreshold="11" maxThreshold="32" />
  <references type="weak" candidates="1" cleared="0" enqueued="0" />
  <references type="phantom" candidates="93" cleared="7" enqueued="7" />
  <object-monitors candidates="2" cleared="0"  />
</gc-op>
<gc-end id="5386" type="scavenge" contextid="5382" durationms="92.887" usertimems="354.377" systemtimems="2.728" stalltimems="2.401" timestamp="2022-02-08T16:50:23.274" activeThreads="4">
  <mem-info id="5387" free="249370512" total="1073741824" percent="23">
    <mem type="nursery" free="108663984" total="268435456" percent="40">
      <mem type="allocate" free="108663984" total="184483840" percent="58" />
      <mem type="survivor" free="0" total="83951616" percent="0" />
    </mem>
    <mem type="tenure" free="140706528" total="805306368" percent="17" macro-fragmented="69015248">
      <mem type="soa" free="132652768" total="797252608" percent="16" />
      <mem type="loa" free="8053760" total="8053760" percent="100" />
    </mem>
    <pending-finalizers system="52" default="1" reference="7" classloader="0" />
    <remembered-set count="131" />
  </mem-info>
</gc-end>
<cycle-end id="5388" type="scavenge" contextid="5382" timestamp="2022-02-08T16:50:23.274" />
<allocation-satisfied id="5389" threadId="0000000000016F00" bytesRequested="169712" />
<af-end id="5390" timestamp="2022-02-08T16:50:23.274" threadId="0000000000017908" success="true" from="nursery"/>
<exclusive-end id="5391" timestamp="2022-02-08T16:50:23.274" durationms="93.170" />

<concurrent-kickoff id="5392" timestamp="2022-02-08T16:50:23.973">
  <kickoff reason="threshold reached" targetBytes="74447037" thresholdFreeBytes="6223414"  remainingFree="6163816" tenureFreeBytes="140706528" nurseryFreeBytes="6163816" />
</concurrent-kickoff>
<exclusive-start id="5393" timestamp="2022-02-08T16:50:23.982" intervalms="800.879">
  <response-info timems="0.018" idlems="0.018" threads="0" lastid="0000000000016F00" lastname="main" />
</exclusive-start>
<cycle-start id="5394" type="global" contextid="0" timestamp="2022-02-08T16:50:23.982" intervalms="3013.046" />
<concurrent-start id="5395" type="global mark" contextid="5394" timestamp="2022-02-08T16:50:23.982">
</concurrent-start>
<exclusive-end id="5396" timestamp="2022-02-08T16:50:23.982" durationms="0.039" />

<exclusive-start id="5397" timestamp="2022-02-08T16:50:24.151" intervalms="169.608">
  <response-info timems="0.018" idlems="0.018" threads="0" lastid="0000000000016F00" lastname="main" />
</exclusive-start>
<af-start id="5398" threadId="0000000000017908" totalBytesRequested="224" timestamp="2022-02-08T16:50:24.151" intervalms="970.483" type="nursery" />
<cycle-start id="5399" type="scavenge" contextid="0" timestamp="2022-02-08T16:50:24.152" intervalms="970.484" />
<gc-start id="5400" type="scavenge" contextid="5399" timestamp="2022-02-08T16:50:24.152">
  <mem-info id="5401" free="140706528" total="1073741824" percent="13">
    <mem type="nursery" free="0" total="268435456" percent="0">
      <mem type="allocate" free="0" total="184483840" percent="0" />
      <mem type="survivor" free="0" total="83951616" percent="0" />
    </mem>
    <mem type="tenure" free="140706528" total="805306368" percent="17">
      <mem type="soa" free="132652768" total="797252608" percent="16" />
      <mem type="loa" free="8053760" total="8053760" percent="100" />
    </mem>
    <remembered-set count="132" />
  </mem-info>
</gc-start>
<allocation-stats totalBytes="108609952" >
  <allocated-bytes non-tlh="1992520" tlh="106617432" />
  <largest-consumer threadName="main" threadId="0000000000016F00" bytes="108601760" />
</allocation-stats>
<gc-op id="5402" type="scavenge" timems="79.819" contextid="5399" timestamp="2022-02-08T16:50:24.231">
  <scavenger-info tenureage="1" tenuremask="7ffe" tiltratio="68" />
  <memory-copied type="nursery" objects="1353962" bytes="77284664" bytesdiscarded="236328" />
  <memory-copied type="tenure" objects="1483927" bytes="75260568" bytesdiscarded="39288" />
  <finalization candidates="57" enqueued="0" />
  <references type="phantom" candidates="2" cleared="0" enqueued="0" />
  <object-monitors candidates="2" cleared="0"  />
</gc-op>
<gc-end id="5403" type="scavenge" contextid="5399" durationms="80.212" usertimems="315.548" systemtimems="0.000" stalltimems="3.236" timestamp="2022-02-08T16:50:24.232" activeThreads="4">
  <mem-info id="5404" free="171354376" total="1073741824" percent="15">
    <mem type="nursery" free="105979808" total="268435456" percent="39">
      <mem type="allocate" free="105979808" total="183500800" percent="57" />
      <mem type="survivor" free="0" total="84934656" percent="0" />
    </mem>
    <mem type="tenure" free="65374568" total="805306368" percent="8" macro-fragmented="39939376">
      <mem type="soa" free="57320808" total="797252608" percent="7" />
      <mem type="loa" free="8053760" total="8053760" percent="100" />
    </mem>
    <remembered-set count="101" />
  </mem-info>
</gc-end>
<cycle-end id="5405" type="scavenge" contextid="5399" timestamp="2022-02-08T16:50:24.232" />
<allocation-satisfied id="5406" threadId="0000000000016F00" bytesRequested="224" />
<af-end id="5407" timestamp="2022-02-08T16:50:24.232" threadId="0000000000017908" success="true" from="nursery"/>
<exclusive-end id="5408" timestamp="2022-02-08T16:50:24.232" durationms="80.569" />

<concurrent-end id="5409" type="global mark" contextid="5394" timestamp="2022-02-08T16:50:24.306">
<gc-op id="5410" type="trace" timems="324.064" contextid="5394" timestamp="2022-02-08T16:50:24.306">
  <trace bytesTraced="74451836" workStackOverflowCount="0" />
  <card-cleaning reason="card cleaning threshold reached" bytesTraced="2488" cardsCleaned="2" />
</gc-op>
</concurrent-end>

<exclusive-start id="5411" timestamp="2022-02-08T16:50:24.306" intervalms="154.542">
  <response-info timems="0.018" idlems="0.018" threads="0" lastid="0000000000016F00" lastname="main" />
</exclusive-start>
<concurrent-global-final id="5412" timestamp="2022-02-08T16:50:24.306" contextid="5394" intervalms="3018.884" >
  <concurrent-trace-info reason="card cleaning threshold reached" tracedByMutators="49074248" tracedByHelpers="25380076" cardsCleaned="2" workStackOverflowCount="0" />
</concurrent-global-final>
<gc-start id="5413" type="global" contextid="5394" timestamp="2022-02-08T16:50:24.306">
  <mem-info id="5414" free="166668328" total="1073741824" percent="15">
    <mem type="nursery" free="101293760" total="268435456" percent="37">
      <mem type="allocate" free="101293760" total="183500800" percent="55" />
      <mem type="survivor" free="0" total="84934656" percent="0" />
    </mem>
    <mem type="tenure" free="65374568" total="805306368" percent="8">
      <mem type="soa" free="57320808" total="797252608" percent="7" />
      <mem type="loa" free="8053760" total="8053760" percent="100" />
    </mem>
    <remembered-set count="101" />
  </mem-info>
</gc-start>
<allocation-stats totalBytes="4683864" >
  <allocated-bytes non-tlh="224" tlh="4683640" />
  <largest-consumer threadName="main" threadId="0000000000016F00" bytes="4683864" />
</allocation-stats>
<gc-op id="5415" type="rs-scan" timems="0.591" contextid="5394" timestamp="2022-02-08T16:50:24.307">
  <scan objectsFound="29" bytesTraced="5420" workStackOverflowCount="0" />
</gc-op>
<gc-op id="5416" type="card-cleaning" timems="161.664" contextid="5394" timestamp="2022-02-08T16:50:24.468">
  <card-cleaning cardsCleaned="8" bytesTraced="71020936" workStackOverflowCount="0" />
</gc-op>
<gc-op id="5417" type="mark" timems="42.903" contextid="5394" timestamp="2022-02-08T16:50:24.511">
  <trace-info objectcount="1559379" scancount="1171062" scanbytes="25050344" />
  <finalization candidates="428" enqueued="57" />
  <ownableSynchronizers candidates="1" cleared="0" />
  <references type="soft" candidates="894" cleared="0" enqueued="0" dynamicThreshold="11" maxThreshold="32" />
  <references type="weak" candidates="1701" cleared="0" enqueued="0" />
  <references type="phantom" candidates="52" cleared="2" enqueued="2" />
  <stringconstants candidates="6470" cleared="0"  />
  <object-monitors candidates="2" cleared="0"  />
</gc-op>
<gc-op id="5418" type="sweep" timems="4.944" contextid="5394" timestamp="2022-02-08T16:50:24.517" />
<gc-end id="5419" type="global" contextid="5394" durationms="210.547" usertimems="223.476" systemtimems="0.882" stalltimems="128.675" timestamp="2022-02-08T16:50:24.517" activeThreads="4">
  <mem-info id="5420" free="410059280" total="1073741824" percent="38">
    <mem type="nursery" free="101619808" total="268435456" percent="37">
      <mem type="allocate" free="101619808" total="183500800" percent="55" />
      <mem type="survivor" free="0" total="84934656" percent="0" />
    </mem>
    <mem type="tenure" free="308439472" total="805306368" percent="38" micro-fragmented="240930" macro-fragmented="0">
      <mem type="soa" free="300385712" total="797252608" percent="37" />
      <mem type="loa" free="8053760" total="8053760" percent="100" />
    </mem>
    <pending-finalizers system="57" default="0" reference="2" classloader="0" />
    <remembered-set count="101" />
  </mem-info>
</gc-end>
<cycle-end id="5421" type="global" contextid="5394" timestamp="2022-02-08T16:50:24.517" />
<exclusive-end id="5422" timestamp="2022-02-08T16:50:24.517" durationms="210.743" />

<exclusive-start id="5423" timestamp="2022-02-08T16:50:25.187" intervalms="880.665">
  <response-info timems="0.018" idlems="0.018" threads="0" lastid="0000000000016F00" lastname="main" />
</exclusive-start>
<af-start id="5424" threadId="0000000000017908" totalBytesRequested="24" timestamp="2022-02-08T16:50:25.187" intervalms="1035.207" type="nursery" />
<cycle-start id="5425" type="scavenge" contextid="0" timestamp="2022-02-08T16:50:25.187" intervalms="1035.216" />
<gc-start id="5426" type="scavenge" contextid="5425" timestamp="2022-02-08T16:50:25.187">
  <mem-info id="5427" free="308439472" total="1073741824" percent="28">
    <mem type="nursery" free="0" total="268435456" percent="0">
      <mem type="allocate" free="0" total="183500800" percent="0" />
      <mem type="survivor" free="0" total="84934656" percent="0" />
    </mem>
    <mem type="tenure" free="308439472" total="805306368" percent="38">
      <mem type="soa" free="300385712" total="797252608" percent="37" />
      <mem type="loa" free="8053760" total="8053760" percent="100" />
    </mem>
    <remembered-set count="104" />
  </mem-info>
</gc-start>
<allocation-stats totalBytes="101573232" >
  <allocated-bytes non-tlh="0" tlh="101573232" />
  <largest-consumer threadName="main" threadId="0000000000016F00" bytes="101569136" />
</allocation-stats>
<gc-op id="5428" type="scavenge" timems="78.868" contextid="5425" timestamp="2022-02-08T16:50:25.266">
  <scavenger-info tenureage="1" tenuremask="7ffe" tiltratio="68" />
  <memory-copied type="nursery" objects="1341700" bytes="75494888" bytesdiscarded="423216" />
  <memory-copied type="tenure" objects="1353961" bytes="77284544" bytesdiscarded="45984" />
  <finalization candidates="2" enqueued="0" />
  <ownableSynchronizers candidates="2" cleared="2" />
  <object-monitors candidates="2" cleared="0"  />
</gc-op>
<gc-end id="5429" type="scavenge" contextid="5425" durationms="79.235" usertimems="307.983" systemtimems="0.238" stalltimems="2.863" timestamp="2022-02-08T16:50:25.266" activeThreads="4">
  <mem-info id="5430" free="338897520" total="1073741824" percent="31">
    <mem type="nursery" free="107844840" total="268435456" percent="40">
      <mem type="allocate" free="107844840" total="183762944" percent="58" />
      <mem type="survivor" free="0" total="84672512" percent="0" />
    </mem>
    <mem type="tenure" free="231052680" total="805306368" percent="28" macro-fragmented="0">
      <mem type="soa" free="222998920" total="797252608" percent="27" />
      <mem type="loa" free="8053760" total="8053760" percent="100" />
    </mem>
    <remembered-set count="105" />
  </mem-info>
</gc-end>
<cycle-end id="5431" type="scavenge" contextid="5425" timestamp="2022-02-08T16:50:25.266" />
<allocation-satisfied id="5432" threadId="0000000000016F00" bytesRequested="24" />
<af-end id="5433" timestamp="2022-02-08T16:50:25.266" threadId="0000000000017908" success="true" from="nursery"/>
<exclusive-end id="5434" timestamp="2022-02-08T16:50:25.266" durationms="79.492" />

<exclusive-start id="5435" timestamp="2022-02-08T16:50:25.985" intervalms="797.887">
  <response-info timems="0.018" idlems="0.018" threads="0" lastid="0000000000016F00" lastname="main" />
</exclusive-start>
<af-start id="5436" threadId="0000000000017908" totalBytesRequested="96" timestamp="2022-02-08T16:50:25.985" intervalms="797.886" type="nursery" />
<cycle-start id="5437" type="scavenge" contextid="0" timestamp="2022-02-08T16:50:25.985" intervalms="797.877" />
<gc-start id="5438" type="scavenge" contextid="5437" timestamp="2022-02-08T16:50:25.985">
  <mem-info id="5439" free="231052680" total="1073741824" percent="21">
    <mem type="nursery" free="0" total="268435456" percent="0">
      <mem type="allocate" free="0" total="183762944" percent="0" />
      <mem type="survivor" free="0" total="84672512" percent="0" />
    </mem>
    <mem type="tenure" free="231052680" total="805306368" percent="28">
      <mem type="soa" free="222998920" total="797252608" percent="27" />
      <mem type="loa" free="8053760" total="8053760" percent="100" />
    </mem>
    <remembered-set count="119" />
  </mem-info>
</gc-start>
<allocation-stats totalBytes="107796112" >
  <allocated-bytes non-tlh="453728" tlh="107342384" />
  <largest-consumer threadName="main" threadId="0000000000016F00" bytes="107796112" />
</allocation-stats>
<gc-op id="5440" type="scavenge" timems="80.147" contextid="5437" timestamp="2022-02-08T16:50:26.065">
  <scavenger-info tenureage="1" tenuremask="7ffe" tiltratio="68" />
  <memory-copied type="nursery" objects="1356834" bytes="76757216" bytesdiscarded="102696" />
  <memory-copied type="tenure" objects="1341700" bytes="75494888" bytesdiscarded="41864" />
  <finalization candidates="30" enqueued="18" />
  <references type="phantom" candidates="30" cleared="0" enqueued="0" />
  <object-monitors candidates="2" cleared="0"  />
</gc-op>
<gc-end id="5441" type="scavenge" contextid="5437" durationms="80.559" usertimems="318.292" systemtimems="0.000" stalltimems="1.718" timestamp="2022-02-08T16:50:26.065" activeThreads="4">
  <mem-info id="5442" free="262364064" total="1073741824" percent="24">
    <mem type="nursery" free="106968568" total="268435456" percent="39">
      <mem type="allocate" free="106968568" total="183828480" percent="58" />
      <mem type="survivor" free="0" total="84606976" percent="0" />
    </mem>
    <mem type="tenure" free="155395496" total="805306368" percent="19" macro-fragmented="33282812">
      <mem type="soa" free="147341736" total="797252608" percent="18" />
      <mem type="loa" free="8053760" total="8053760" percent="100" />
    </mem>
    <pending-finalizers system="18" default="0" reference="0" classloader="0" />
    <remembered-set count="118" />
  </mem-info>
</gc-end>
<cycle-end id="5443" type="scavenge" contextid="5437" timestamp="2022-02-08T16:50:26.065" />
<allocation-satisfied id="5444" threadId="0000000000016F00" bytesRequested="96" />
<af-end id="5445" timestamp="2022-02-08T16:50:26.065" threadId="0000000000017908" success="true" from="nursery"/>
<exclusive-end id="5446" timestamp="2022-02-08T16:50:26.065" durationms="80.878" />

<concurrent-kickoff id="5447" timestamp="2022-02-08T16:50:26.930">
  <kickoff reason="threshold reached" targetBytes="74448707" thresholdFreeBytes="6315829"  remainingFree="6239736" tenureFreeBytes="155395496" nurseryFreeBytes="6239736" />
</concurrent-kickoff>
<exclusive-start id="5448" timestamp="2022-02-08T16:50:26.933" intervalms="948.045">
  <response-info timems="0.023" idlems="0.023" threads="0" lastid="0000000000016F00" lastname="main" />
</exclusive-start>
<cycle-start id="5449" type="global" contextid="0" timestamp="2022-02-08T16:50:26.933" intervalms="2950.740" />
<concurrent-start id="5450" type="global mark" contextid="5449" timestamp="2022-02-08T16:50:26.933">
</concurrent-start>
<exclusive-end id="5451" timestamp="2022-02-08T16:50:26.933" durationms="0.029" />

<exclusive-start id="5452" timestamp="2022-02-08T16:50:27.083" intervalms="150.507">
  <response-info timems="0.030" idlems="0.030" threads="0" lastid="0000000000016F00" lastname="main" />
</exclusive-start>
<af-start id="5453" threadId="0000000000017908" totalBytesRequested="112" timestamp="2022-02-08T16:50:27.083" intervalms="1098.554" type="nursery" />
<cycle-start id="5454" type="scavenge" contextid="0" timestamp="2022-02-08T16:50:27.083" intervalms="1098.553" />
<gc-start id="5455" type="scavenge" contextid="5454" timestamp="2022-02-08T16:50:27.083">
  <mem-info id="5456" free="155395496" total="1073741824" percent="14">
    <mem type="nursery" free="0" total="268435456" percent="0">
      <mem type="allocate" free="0" total="183828480" percent="0" />
      <mem type="survivor" free="0" total="84606976" percent="0" />
    </mem>
    <mem type="tenure" free="155395496" total="805306368" percent="19">
      <mem type="soa" free="147341736" total="797252608" percent="18" />
      <mem type="loa" free="8053760" total="8053760" percent="100" />
    </mem>
    <remembered-set count="135" />
  </mem-info>
</gc-start>
<allocation-stats totalBytes="106919176" >
  <allocated-bytes non-tlh="2387840" tlh="104531336" />
  <largest-consumer threadName="main" threadId="0000000000016F00" bytes="106915080" />
</allocation-stats>
<gc-op id="5457" type="scavenge" timems="94.151" contextid="5454" timestamp="2022-02-08T16:50:27.177">
  <scavenger-info tenureage="1" tenuremask="7ffe" tiltratio="68" />
  <memory-copied type="nursery" objects="1422306" bytes="75502656" bytesdiscarded="127040" />
  <memory-copied type="tenure" objects="1356534" bytes="76144416" bytesdiscarded="39728" />
  <finalization candidates="92" enqueued="35" />
  <references type="soft" candidates="14" cleared="0" enqueued="0" dynamicThreshold="12" maxThreshold="32" />
  <references type="weak" candidates="1" cleared="0" enqueued="0" />
  <references type="phantom" candidates="77" cleared="7" enqueued="7" />
  <object-monitors candidates="2" cleared="0"  />
</gc-op>
<gc-end id="5458" type="scavenge" contextid="5454" durationms="94.678" usertimems="369.579" systemtimems="2.267" stalltimems="4.198" timestamp="2022-02-08T16:50:27.178" activeThreads="4">
  <mem-info id="5459" free="187877584" total="1073741824" percent="17">
    <mem type="nursery" free="108591872" total="268435456" percent="40">
      <mem type="allocate" free="108591872" total="184221696" percent="58" />
      <mem type="survivor" free="0" total="84213760" percent="0" />
    </mem>
    <mem type="tenure" free="79285712" total="805306368" percent="9" macro-fragmented="23113062">
      <mem type="soa" free="71231952" total="797252608" percent="8" />
      <mem type="loa" free="8053760" total="8053760" percent="100" />
    </mem>
    <pending-finalizers system="34" default="1" reference="7" classloader="0" />
    <remembered-set count="121" />
  </mem-info>
</gc-end>
<cycle-end id="5460" type="scavenge" contextid="5454" timestamp="2022-02-08T16:50:27.178" />
<allocation-satisfied id="5461" threadId="0000000000016F00" bytesRequested="112" />
<af-end id="5462" timestamp="2022-02-08T16:50:27.178" threadId="0000000000017908" success="true" from="nursery"/>
<exclusive-end id="5463" timestamp="2022-02-08T16:50:27.178" durationms="95.072" />

<concurrent-end id="5464" type="global mark" contextid="5449" timestamp="2022-02-08T16:50:27.254">
<gc-op id="5465" type="trace" timems="321.760" contextid="5449" timestamp="2022-02-08T16:50:27.254">
  <trace bytesTraced="74450140" workStackOverflowCount="0" />
  <card-cleaning reason="card cleaning threshold reached" bytesTraced="188" cardsCleaned="1" />
</gc-op>
</concurrent-end>

<exclusive-start id="5466" timestamp="2022-02-08T16:50:27.254" intervalms="171.325">
  <response-info timems="0.020" idlems="0.020" threads="0" lastid="0000000000016F00" lastname="main" />
</exclusive-start>
<concurrent-global-final id="5467" timestamp="2022-02-08T16:50:27.254" contextid="5449" intervalms="2948.431" >
  <concurrent-trace-info reason="card cleaning threshold reached" tracedByMutators="55074116" tracedByHelpers="19376212" cardsCleaned="1" workStackOverflowCount="0" />
</concurrent-global-final>
<gc-start id="5468" type="global" contextid="5449" timestamp="2022-02-08T16:50:27.254">
  <mem-info id="5469" free="182790240" total="1073741824" percent="17">
    <mem type="nursery" free="103504528" total="268435456" percent="38">
      <mem type="allocate" free="103504528" total="184221696" percent="56" />
      <mem type="survivor" free="0" total="84213760" percent="0" />
    </mem>
    <mem type="tenure" free="79285712" total="805306368" percent="9">
      <mem type="soa" free="71231952" total="797252608" percent="8" />
      <mem type="loa" free="8053760" total="8053760" percent="100" />
    </mem>
    <remembered-set count="122" />
  </mem-info>
</gc-start>
<allocation-stats totalBytes="5085064" >
  <allocated-bytes non-tlh="112" tlh="5084952" />
  <largest-consumer threadName="main" threadId="0000000000016F00" bytes="5076872" />
</allocation-stats>
<gc-op id="5470" type="rs-scan" timems="133.073" contextid="5449" timestamp="2022-02-08T16:50:27.388">
  <scan objectsFound="3324749" bytesTraced="71019672" workStackOverflowCount="0" />
</gc-op>
<gc-op id="5471" type="card-cleaning" timems="0.268" contextid="5449" timestamp="2022-02-08T16:50:27.388">
  <card-cleaning cardsCleaned="3" bytesTraced="5264" workStackOverflowCount="0" />
</gc-op>
<gc-op id="5472" type="mark" timems="33.111" contextid="5449" timestamp="2022-02-08T16:50:27.421">
  <trace-info objectcount="1252324" scancount="940769" scanbytes="20137480" />
  <finalization candidates="428" enqueued="57" />
  <ownableSynchronizers candidates="1" cleared="0" />
  <references type="soft" candidates="894" cleared="0" enqueued="0" dynamicThreshold="12" maxThreshold="32" />
  <references type="weak" candidates="1701" cleared="0" enqueued="0" />
  <references type="phantom" candidates="52" cleared="2" enqueued="2" />
  <stringconstants candidates="6470" cleared="0"  />
  <object-monitors candidates="2" cleared="0"  />
</gc-op>
<gc-op id="5473" type="sweep" timems="4.779" contextid="5449" timestamp="2022-02-08T16:50:27.426" />
<gc-end id="5474" type="global" contextid="5449" durationms="171.633" usertimems="187.112" systemtimems="0.000" stalltimems="98.510" timestamp="2022-02-08T16:50:27.426" activeThreads="4">
  <mem-info id="5475" free="426175224" total="1073741824" percent="39">
    <mem type="nursery" free="104047792" total="268435456" percent="38">
      <mem type="allocate" free="104047792" total="184221696" percent="56" />
      <mem type="survivor" free="0" total="84213760" percent="0" />
    </mem>
    <mem type="tenure" free="322127432" total="805306368" percent="40" micro-fragmented="190696" macro-fragmented="0">
      <mem type="soa" free="314073672" total="797252608" percent="39" />
      <mem type="loa" free="8053760" total="8053760" percent="100" />
    </mem>
    <pending-finalizers system="57" default="0" reference="2" classloader="0" />
    <remembered-set count="109" />
  </mem-info>
</gc-end>
<cycle-end id="5476" type="global" contextid="5449" timestamp="2022-02-08T16:50:27.426" />
<exclusive-end id="5477" timestamp="2022-02-08T16:50:27.426" durationms="171.952" />

<exclusive-start id="5478" timestamp="2022-02-08T16:50:28.192" intervalms="937.188">
  <response-info timems="0.021" idlems="0.021" threads="0" lastid="0000000000016F00" lastname="main" />
</exclusive-start>
<af-start id="5479" threadId="0000000000017908" totalBytesRequested="24" timestamp="2022-02-08T16:50:28.192" intervalms="1108.549" type="nursery" />
<cycle-start id="5480" type="scavenge" contextid="0" timestamp="2022-02-08T16:50:28.192" intervalms="1108.556" />
<gc-start id="5481" type="scavenge" contextid="5480" timestamp="2022-02-08T16:50:28.192">
  <mem-info id="5482" free="322127432" total="1073741824" percent="30">
    <mem type="nursery" free="0" total="268435456" percent="0">
      <mem type="allocate" free="0" total="184221696" percent="0" />
      <mem type="survivor" free="0" total="84213760" percent="0" />
    </mem>
    <mem type="tenure" free="322127432" total="805306368" percent="40">
      <mem type="soa" free="314073672" total="797252608" percent="39" />
      <mem type="loa" free="8053760" total="8053760" percent="100" />
    </mem>
    <remembered-set count="110" />
  </mem-info>
</gc-start>
<allocation-stats totalBytes="104000216" >
  <allocated-bytes non-tlh="0" tlh="104000216" />
  <largest-consumer threadName="main" threadId="0000000000016F00" bytes="103996120" />
</allocation-stats>
<gc-op id="5483" type="scavenge" timems="86.356" contextid="5480" timestamp="2022-02-08T16:50:28.278">
  <scavenger-info tenureage="1" tenuremask="7ffe" tiltratio="68" />
  <memory-copied type="nursery" objects="1407208" bytes="77604112" bytesdiscarded="364024" />
  <memory-copied type="tenure" objects="1421825" bytes="75190912" bytesdiscarded="45608" />
  <finalization candidates="45" enqueued="0" />
  <ownableSynchronizers candidates="2" cleared="2" />
  <object-monitors candidates="2" cleared="0"  />
</gc-op>
<gc-end id="5484" type="scavenge" contextid="5480" durationms="86.754" usertimems="342.735" systemtimems="0.000" stalltimems="2.021" timestamp="2022-02-08T16:50:28.279" activeThreads="4">
  <mem-info id="5485" free="351357264" total="1073741824" percent="32">
    <mem type="nursery" free="104746232" total="268435456" percent="39">
      <mem type="allocate" free="104746232" total="182714368" percent="57" />
      <mem type="survivor" free="0" total="85721088" percent="0" />
    </mem>
    <mem type="tenure" free="246611032" total="805306368" percent="30" macro-fragmented="47927252">
      <mem type="soa" free="238557272" total="797252608" percent="29" />
      <mem type="loa" free="8053760" total="8053760" percent="100" />
    </mem>
    <remembered-set count="104" />
  </mem-info>
</gc-end>
<cycle-end id="5486" type="scavenge" contextid="5480" timestamp="2022-02-08T16:50:28.279" />
<allocation-satisfied id="5487" threadId="0000000000016F00" bytesRequested="24" />
<af-end id="5488" timestamp="2022-02-08T16:50:28.279" threadId="0000000000017908" success="true" from="nursery"/>
<exclusive-end id="5489" timestamp="2022-02-08T16:50:28.279" durationms="87.098" />

<exclusive-start id="5490" timestamp="2022-02-08T16:50:28.940" intervalms="748.599">
  <response-info timems="0.018" idlems="0.018" threads="0" lastid="0000000000016F00" lastname="main" />
</exclusive-start>
<af-start id="5491" threadId="0000000000017908" totalBytesRequested="184" timestamp="2022-02-08T16:50:28.940" intervalms="748.560" type="nursery" />
<cycle-start id="5492" type="scavenge" contextid="0" timestamp="2022-02-08T16:50:28.940" intervalms="748.553" />
<gc-start id="5493" type="scavenge" contextid="5492" timestamp="2022-02-08T16:50:28.940">
  <mem-info id="5494" free="246611032" total="1073741824" percent="22">
    <mem type="nursery" free="0" total="268435456" percent="0">
      <mem type="allocate" free="0" total="182714368" percent="0" />
      <mem type="survivor" free="0" total="85721088" percent="0" />
    </mem>
    <mem type="tenure" free="246611032" total="805306368" percent="30">
      <mem type="soa" free="238557272" total="797252608" percent="29" />
      <mem type="loa" free="8053760" total="8053760" percent="100" />
    </mem>
    <remembered-set count="104" />
  </mem-info>
</gc-start>
<allocation-stats totalBytes="104698264" >
  <allocated-bytes non-tlh="24" tlh="104698240" />
  <largest-consumer threadName="main" threadId="0000000000016F00" bytes="104698264" />
</allocation-stats>
<gc-op id="5495" type="scavenge" timems="88.215" contextid="5492" timestamp="2022-02-08T16:50:29.029">
  <scavenger-info tenureage="1" tenuremask="7ffe" tiltratio="68" />
  <memory-copied type="nursery" objects="1307039" bytes="74438192" bytesdiscarded="150872" />
  <memory-copied type="tenure" objects="1407208" bytes="77604112" bytesdiscarded="39968" />
  <object-monitors candidates="2" cleared="0"  />
</gc-op>
<gc-end id="5496" type="scavenge" contextid="5492" durationms="88.682" usertimems="348.527" systemtimems="0.000" stalltimems="3.264" timestamp="2022-02-08T16:50:29.029" activeThreads="4">
  <mem-info id="5497" free="277396176" total="1073741824" percent="25">
    <mem type="nursery" free="108452984" total="268435456" percent="40">
      <mem type="allocate" free="108452984" total="183042048" percent="59" />
      <mem type="survivor" free="0" total="85393408" percent="0" />
    </mem>
    <mem type="tenure" free="168943192" total="805306368" percent="20" macro-fragmented="0">
      <mem type="soa" free="160889432" total="797252608" percent="20" />
      <mem type="loa" free="8053760" total="8053760" percent="100" />
    </mem>
    <remembered-set count="103" />
  </mem-info>
</gc-end>
<cycle-end id="5498" type="scavenge" contextid="5492" timestamp="2022-02-08T16:50:29.029" />
<allocation-satisfied id="5499" threadId="0000000000016F00" bytesRequested="184" />
<af-end id="5500" timestamp="2022-02-08T16:50:29.029" threadId="0000000000017908" success="true" from="nursery"/>
<exclusive-end id="5501" timestamp="2022-02-08T16:50:29.029" durationms="88.976" />

<exclusive-start id="5502" timestamp="2022-02-08T16:50:29.956" intervalms="1015.879">
  <response-info timems="0.018" idlems="0.018" threads="0" lastid="0000000000016F00" lastname="main" />
</exclusive-start>
<af-start id="5503" threadId="0000000000017908" totalBytesRequested="240" timestamp="2022-02-08T16:50:29.956" intervalms="1015.880" type="nursery" />
<cycle-start id="5504" type="scavenge" contextid="0" timestamp="2022-02-08T16:50:29.956" intervalms="1015.881" />
<gc-start id="5505" type="scavenge" contextid="5504" timestamp="2022-02-08T16:50:29.956">
  <mem-info id="5506" free="168943192" total="1073741824" percent="15">
    <mem type="nursery" free="0" total="268435456" percent="0">
      <mem type="allocate" free="0" total="183042048" percent="0" />
      <mem type="survivor" free="0" total="85393408" percent="0" />
    </mem>
    <mem type="tenure" free="168943192" total="805306368" percent="20">
      <mem type="soa" free="160889432" total="797252608" percent="20" />
      <mem type="loa" free="8053760" total="8053760" percent="100" />
    </mem>
    <remembered-set count="134" />
  </mem-info>
</gc-start>
<allocation-stats totalBytes="108407488" >
  <allocated-bytes non-tlh="2841632" tlh="105565856" />
  <largest-consumer threadName="main" threadId="0000000000016F00" bytes="108407488" />
</allocation-stats>
<gc-op id="5507" type="scavenge" timems="78.677" contextid="5504" timestamp="2022-02-08T16:50:30.035">
  <scavenger-info tenureage="1" tenuremask="7ffe" tiltratio="68" />
  <memory-copied type="nursery" objects="1458249" bytes="76235528" bytesdiscarded="109720" />
  <memory-copied type="tenure" objects="1307038" bytes="74438088" bytesdiscarded="39928" />
  <finalization candidates="110" enqueued="53" />
  <references type="soft" candidates="14" cleared="0" enqueued="0" dynamicThreshold="12" maxThreshold="32" />
  <references type="weak" candidates="1" cleared="0" enqueued="0" />
  <references type="phantom" candidates="95" cleared="7" enqueued="7" />
  <object-monitors candidates="2" cleared="0"  />
</gc-op>
<gc-end id="5508" type="scavenge" contextid="5504" durationms="79.115" usertimems="312.231" systemtimems="0.000" stalltimems="2.078" timestamp="2022-02-08T16:50:30.035" activeThreads="4">
  <mem-info id="5509" free="201621512" total="1073741824" percent="18">
    <mem type="nursery" free="106958816" total="268435456" percent="39">
      <mem type="allocate" free="106958816" total="183304192" percent="58" />
      <mem type="survivor" free="0" total="85131264" percent="0" />
    </mem>
    <mem type="tenure" free="94662696" total="805306368" percent="11" macro-fragmented="69015248">
      <mem type="soa" free="86608936" total="797252608" percent="10" />
      <mem type="loa" free="8053760" total="8053760" percent="100" />
    </mem>
    <pending-finalizers system="52" default="1" reference="7" classloader="0" />
    <remembered-set count="130" />
  </mem-info>
</gc-end>
<cycle-end id="5510" type="scavenge" contextid="5504" timestamp="2022-02-08T16:50:30.035" />
<allocation-satisfied id="5511" threadId="0000000000016F00" bytesRequested="240" />
<af-end id="5512" timestamp="2022-02-08T16:50:30.035" threadId="0000000000017908" success="true" from="nursery"/>
<exclusive-end id="5513" timestamp="2022-02-08T16:50:30.035" durationms="79.404" />

<concurrent-kickoff id="5514" timestamp="2022-02-08T16:50:30.756">
  <kickoff reason="threshold reached" targetBytes="74448952" thresholdFreeBytes="6282949"  remainingFree="6164448" tenureFreeBytes="94662696" nurseryFreeBytes="6164448" />
</concurrent-kickoff>
<exclusive-start id="5515" timestamp="2022-02-08T16:50:30.762" intervalms="805.634">
  <response-info timems="0.024" idlems="0.024" threads="0" lastid="0000000000016F00" lastname="main" />
</exclusive-start>
<cycle-start id="5516" type="global" contextid="0" timestamp="2022-02-08T16:50:30.762" intervalms="3829.140" />
<concurrent-start id="5517" type="global mark" contextid="5516" timestamp="2022-02-08T16:50:30.762">
</concurrent-start>
<exclusive-end id="5518" timestamp="2022-02-08T16:50:30.762" durationms="0.039" />

<exclusive-start id="5519" timestamp="2022-02-08T16:50:30.910" intervalms="148.379">
  <response-info timems="0.071" idlems="0.071" threads="0" lastid="0000000000016F00" lastname="main" />
</exclusive-start>
<af-start id="5520" threadId="0000000000017908" totalBytesRequested="184" timestamp="2022-02-08T16:50:30.910" intervalms="954.025" type="nursery" />
<cycle-start id="5521" type="scavenge" contextid="0" timestamp="2022-02-08T16:50:30.910" intervalms="954.024" />
<gc-start id="5522" type="scavenge" contextid="5521" timestamp="2022-02-08T16:50:30.910">
  <mem-info id="5523" free="94662696" total="1073741824" percent="8">
    <mem type="nursery" free="0" total="268435456" percent="0">
      <mem type="allocate" free="0" total="183304192" percent="0" />
      <mem type="survivor" free="0" total="85131264" percent="0" />
    </mem>
    <mem type="tenure" free="94662696" total="805306368" percent="11">
      <mem type="soa" free="86608936" total="797252608" percent="10" />
      <mem type="loa" free="8053760" total="8053760" percent="100" />
    </mem>
    <remembered-set count="131" />
  </mem-info>
</gc-start>
<allocation-stats totalBytes="106906832" >
  <allocated-bytes non-tlh="240" tlh="106906592" />
  <largest-consumer threadName="main" threadId="0000000000016F00" bytes="106898640" />
</allocation-stats>
<gc-op id="5524" type="scavenge" timems="87.758" contextid="5521" timestamp="2022-02-08T16:50:30.998">
  <scavenger-info tenureage="1" tenuremask="7ffe" tiltratio="68" />
  <memory-copied type="nursery" objects="1374661" bytes="76145752" bytesdiscarded="230368" />
  <memory-copied type="tenure" objects="1457537" bytes="75767544" bytesdiscarded="37808" />
  <finalization candidates="57" enqueued="0" />
  <object-monitors candidates="2" cleared="0"  />
</gc-op>
<gc-end id="5525" type="scavenge" contextid="5521" durationms="88.077" usertimems="342.451" systemtimems="4.609" stalltimems="2.830" timestamp="2022-02-08T16:50:30.998" activeThreads="4">
  <mem-info id="5526" free="126240888" total="1073741824" percent="11">
    <mem type="nursery" free="107452360" total="268435456" percent="40">
      <mem type="allocate" free="107452360" total="183828480" percent="58" />
      <mem type="survivor" free="0" total="84606976" percent="0" />
    </mem>
    <mem type="tenure" free="18788528" total="805306368" percent="2" macro-fragmented="17029135">
      <mem type="soa" free="10734768" total="797252608" percent="1" />
      <mem type="loa" free="8053760" total="8053760" percent="100" />
    </mem>
    <remembered-set count="103" />
  </mem-info>
</gc-end>
<cycle-end id="5527" type="scavenge" contextid="5521" timestamp="2022-02-08T16:50:30.998" />
<allocation-satisfied id="5528" threadId="0000000000016F00" bytesRequested="184" />
<af-end id="5529" timestamp="2022-02-08T16:50:30.998" threadId="0000000000017908" success="true" from="nursery"/>
<exclusive-end id="5530" timestamp="2022-02-08T16:50:30.998" durationms="88.366" />

<concurrent-end id="5531" type="global mark" contextid="5516" timestamp="2022-02-08T16:50:31.083">
<gc-op id="5532" type="trace" timems="321.689" contextid="5516" timestamp="2022-02-08T16:50:31.083">
  <trace bytesTraced="74450252" workStackOverflowCount="0" />
  <card-cleaning reason="card cleaning threshold reached" bytesTraced="188" cardsCleaned="1" />
</gc-op>
</concurrent-end>

<exclusive-start id="5533" timestamp="2022-02-08T16:50:31.083" intervalms="173.389">
  <response-info timems="0.018" idlems="0.018" threads="0" lastid="0000000000016F00" lastname="main" />
</exclusive-start>
<concurrent-global-final id="5534" timestamp="2022-02-08T16:50:31.084" contextid="5516" intervalms="3829.066" >
  <concurrent-trace-info reason="card cleaning threshold reached" tracedByMutators="52927460" tracedByHelpers="21522980" cardsCleaned="1" workStackOverflowCount="0" />
</concurrent-global-final>
<gc-start id="5535" type="global" contextid="5516" timestamp="2022-02-08T16:50:31.084">
  <mem-info id="5536" free="120899520" total="1073741824" percent="11">
    <mem type="nursery" free="102110992" total="268435456" percent="38">
      <mem type="allocate" free="102110992" total="183828480" percent="55" />
      <mem type="survivor" free="0" total="84606976" percent="0" />
    </mem>
    <mem type="tenure" free="18788528" total="805306368" percent="2">
      <mem type="soa" free="10734768" total="797252608" percent="1" />
      <mem type="loa" free="8053760" total="8053760" percent="100" />
    </mem>
    <remembered-set count="103" />
  </mem-info>
</gc-start>
<allocation-stats totalBytes="5338544" >
  <allocated-bytes non-tlh="184" tlh="5338360" />
  <largest-consumer threadName="main" threadId="0000000000016F00" bytes="5338544" />
</allocation-stats>
<gc-op id="5537" type="rs-scan" timems="0.618" contextid="5516" timestamp="2022-02-08T16:50:31.084">
  <scan objectsFound="0" bytesTraced="3988" workStackOverflowCount="0" />
</gc-op>
<gc-op id="5538" type="card-cleaning" timems="159.322" contextid="5516" timestamp="2022-02-08T16:50:31.244">
  <card-cleaning cardsCleaned="11" bytesTraced="71022872" workStackOverflowCount="0" />
</gc-op>
<gc-op id="5539" type="mark" timems="66.239" contextid="5516" timestamp="2022-02-08T16:50:31.310">
  <trace-info objectcount="2373919" scancount="1781967" scanbytes="38082984" />
  <finalization candidates="428" enqueued="57" />
  <ownableSynchronizers candidates="1" cleared="0" />
  <references type="soft" candidates="894" cleared="0" enqueued="0" dynamicThreshold="12" maxThreshold="32" />
  <references type="weak" candidates="1701" cleared="0" enqueued="0" />
  <references type="phantom" candidates="52" cleared="2" enqueued="2" />
  <stringconstants candidates="6470" cleared="0"  />
  <object-monitors candidates="2" cleared="0"  />
</gc-op>
<gc-op id="5540" type="sweep" timems="5.176" contextid="5516" timestamp="2022-02-08T16:50:31.315" />
<gc-end id="5541" type="global" contextid="5516" durationms="231.830" usertimems="247.668" systemtimems="0.264" stalltimems="197.232" timestamp="2022-02-08T16:50:31.315" activeThreads="4">
  <mem-info id="5542" free="364129856" total="1073741824" percent="33">
    <mem type="nursery" free="102433544" total="268435456" percent="38">
      <mem type="allocate" free="102433544" total="183828480" percent="55" />
      <mem type="survivor" free="0" total="84606976" percent="0" />
    </mem>
    <mem type="tenure" free="261696312" total="805306368" percent="32" micro-fragmented="228045" macro-fragmented="0">
      <mem type="soa" free="253642552" total="797252608" percent="31" />
      <mem type="loa" free="8053760" total="8053760" percent="100" />
    </mem>
    <pending-finalizers system="57" default="0" reference="2" classloader="0" />
    <remembered-set count="103" />
  </mem-info>
</gc-end>
<cycle-end id="5543" type="global" contextid="5516" timestamp="2022-02-08T16:50:31.316" />
<exclusive-end id="5544" timestamp="2022-02-08T16:50:31.316" durationms="232.120" />

<exclusive-start id="5545" timestamp="2022-02-08T16:50:31.955" intervalms="871.825">
  <response-info timems="0.019" idlems="0.019" threads="0" lastid="0000000000016F00" lastname="main" />
</exclusive-start>
<af-start id="5546" threadId="0000000000017908" totalBytesRequested="16" timestamp="2022-02-08T16:50:31.955" intervalms="1045.200" type="nursery" />
<cycle-start id="5547" type="scavenge" contextid="0" timestamp="2022-02-08T16:50:31.955" intervalms="1045.201" />
<gc-start id="5548" type="scavenge" contextid="5547" timestamp="2022-02-08T16:50:31.955">
  <mem-info id="5549" free="261696312" total="1073741824" percent="24">
    <mem type="nursery" free="0" total="268435456" percent="0">
      <mem type="allocate" free="0" total="183828480" percent="0" />
      <mem type="survivor" free="0" total="84606976" percent="0" />
    </mem>
    <mem type="tenure" free="261696312" total="805306368" percent="32">
      <mem type="soa" free="253642552" total="797252608" percent="31" />
      <mem type="loa" free="8053760" total="8053760" percent="100" />
    </mem>
    <remembered-set count="106" />
  </mem-info>
</gc-start>
<allocation-stats totalBytes="102386792" >
  <allocated-bytes non-tlh="0" tlh="102386792" />
  <largest-consumer threadName="main" threadId="0000000000016F00" bytes="102382696" />
</allocation-stats>
<gc-op id="5550" type="scavenge" timems="78.286" contextid="5547" timestamp="2022-02-08T16:50:32.034">
  <scavenger-info tenureage="1" tenuremask="7ffe" tiltratio="68" />
  <memory-copied type="nursery" objects="1354569" bytes="76504552" bytesdiscarded="166560" />
  <memory-copied type="tenure" objects="1374660" bytes="76145648" bytesdiscarded="46744" />
  <ownableSynchronizers candidates="2" cleared="2" />
  <object-monitors candidates="2" cleared="0"  />
</gc-op>
<gc-end id="5551" type="scavenge" contextid="5547" durationms="78.699" usertimems="309.656" systemtimems="0.000" stalltimems="2.709" timestamp="2022-02-08T16:50:32.034" activeThreads="4">
  <mem-info id="5552" free="292844272" total="1073741824" percent="27">
    <mem type="nursery" free="107485048" total="268435456" percent="40">
      <mem type="allocate" free="107485048" total="184156160" percent="58" />
      <mem type="survivor" free="0" total="84279296" percent="0" />
    </mem>
    <mem type="tenure" free="185359224" total="805306368" percent="23" macro-fragmented="0">
      <mem type="soa" free="177305464" total="797252608" percent="22" />
      <mem type="loa" free="8053760" total="8053760" percent="100" />
    </mem>
    <remembered-set count="105" />
  </mem-info>
</gc-end>
<cycle-end id="5553" type="scavenge" contextid="5547" timestamp="2022-02-08T16:50:32.034" />
<allocation-satisfied id="5554" threadId="0000000000016F00" bytesRequested="16" />
<af-end id="5555" timestamp="2022-02-08T16:50:32.034" threadId="0000000000017908" success="true" from="nursery"/>
<exclusive-end id="5556" timestamp="2022-02-08T16:50:32.034" durationms="78.998" />

<exclusive-start id="5557" timestamp="2022-02-08T16:50:32.955" intervalms="1000.033">
  <response-info timems="0.019" idlems="0.019" threads="0" lastid="0000000000016F00" lastname="main" />
</exclusive-start>
<af-start id="5558" threadId="0000000000017908" totalBytesRequested="232" timestamp="2022-02-08T16:50:32.955" intervalms="1000.088" type="nursery" />
<cycle-start id="5559" type="scavenge" contextid="0" timestamp="2022-02-08T16:50:32.955" intervalms="1000.090" />
<gc-start id="5560" type="scavenge" contextid="5559" timestamp="2022-02-08T16:50:32.956">
  <mem-info id="5561" free="185359224" total="1073741824" percent="17">
    <mem type="nursery" free="0" total="268435456" percent="0">
      <mem type="allocate" free="0" total="184156160" percent="0" />
      <mem type="survivor" free="0" total="84279296" percent="0" />
    </mem>
    <mem type="tenure" free="185359224" total="805306368" percent="23">
      <mem type="soa" free="177305464" total="797252608" percent="22" />
      <mem type="loa" free="8053760" total="8053760" percent="100" />
    </mem>
    <remembered-set count="136" />
  </mem-info>
</gc-start>
<allocation-stats totalBytes="107433872" >
  <allocated-bytes non-tlh="1661160" tlh="105772712" />
  <largest-consumer threadName="main" threadId="0000000000016F00" bytes="107433872" />
</allocation-stats>
<gc-op id="5562" type="scavenge" timems="92.354" contextid="5559" timestamp="2022-02-08T16:50:33.048">
  <scavenger-info tenureage="1" tenuremask="7ffe" tiltratio="68" />
  <memory-copied type="nursery" objects="1444005" bytes="75572480" bytesdiscarded="111752" />
  <memory-copied type="tenure" objects="1354569" bytes="76504552" bytesdiscarded="42576" />
  <finalization candidates="109" enqueued="53" />
  <references type="soft" candidates="14" cleared="0" enqueued="0" dynamicThreshold="10" maxThreshold="32" />
  <references type="weak" candidates="1" cleared="0" enqueued="0" />
  <references type="phantom" candidates="94" cleared="7" enqueued="7" />
  <object-monitors candidates="2" cleared="0"  />
</gc-op>
<gc-end id="5563" type="scavenge" contextid="5559" durationms="92.700" usertimems="365.302" systemtimems="0.000" stalltimems="2.963" timestamp="2022-02-08T16:50:33.048" activeThreads="4">
  <mem-info id="5564" free="217655480" total="1073741824" percent="20">
    <mem type="nursery" free="108799480" total="268435456" percent="40">
      <mem type="allocate" free="108799480" total="184483840" percent="58" />
      <mem type="survivor" free="0" total="83951616" percent="0" />
    </mem>
    <mem type="tenure" free="108856000" total="805306368" percent="13" macro-fragmented="0">
      <mem type="soa" free="100802240" total="797252608" percent="12" />
      <mem type="loa" free="8053760" total="8053760" percent="100" />
    </mem>
    <pending-finalizers system="52" default="1" reference="7" classloader="0" />
    <remembered-set count="131" />
  </mem-info>
</gc-end>
<cycle-end id="5565" type="scavenge" contextid="5559" timestamp="2022-02-08T16:50:33.048" />
<allocation-satisfied id="5566" threadId="0000000000016F00" bytesRequested="232" />
<af-end id="5567" timestamp="2022-02-08T16:50:33.048" threadId="0000000000017908" success="true" from="nursery"/>
<exclusive-end id="5568" timestamp="2022-02-08T16:50:33.048" durationms="93.053" />

<concurrent-kickoff id="5569" timestamp="2022-02-08T16:50:33.784">
  <kickoff reason="threshold reached" targetBytes="74449194" thresholdFreeBytes="6278437"  remainingFree="6157488" tenureFreeBytes="108856000" nurseryFreeBytes="6157488" />
</concurrent-kickoff>
<exclusive-start id="5570" timestamp="2022-02-08T16:50:33.787" intervalms="831.682">
  <response-info timems="0.018" idlems="0.018" threads="0" lastid="0000000000016F00" lastname="main" />
</exclusive-start>
<cycle-start id="5571" type="global" contextid="0" timestamp="2022-02-08T16:50:33.787" intervalms="3025.300" />
<concurrent-start id="5572" type="global mark" contextid="5571" timestamp="2022-02-08T16:50:33.787">
</concurrent-start>
<exclusive-end id="5573" timestamp="2022-02-08T16:50:33.787" durationms="0.028" />

<exclusive-start id="5574" timestamp="2022-02-08T16:50:33.936" intervalms="149.026">
  <response-info timems="0.049" idlems="0.049" threads="0" lastid="0000000000016F00" lastname="main" />
</exclusive-start>
<af-start id="5575" threadId="0000000000017908" totalBytesRequested="24" timestamp="2022-02-08T16:50:33.936" intervalms="980.655" type="nursery" />
<cycle-start id="5576" type="scavenge" contextid="0" timestamp="2022-02-08T16:50:33.936" intervalms="980.653" />
<gc-start id="5577" type="scavenge" contextid="5576" timestamp="2022-02-08T16:50:33.936">
  <mem-info id="5578" free="108856000" total="1073741824" percent="10">
    <mem type="nursery" free="0" total="268435456" percent="0">
      <mem type="allocate" free="0" total="184483840" percent="0" />
      <mem type="survivor" free="0" total="83951616" percent="0" />
    </mem>
    <mem type="tenure" free="108856000" total="805306368" percent="13">
      <mem type="soa" free="100802240" total="797252608" percent="12" />
      <mem type="loa" free="8053760" total="8053760" percent="100" />
    </mem>
    <remembered-set count="132" />
  </mem-info>
</gc-start>
<allocation-stats totalBytes="108746720" >
  <allocated-bytes non-tlh="1347912" tlh="107398808" />
  <largest-consumer threadName="main" threadId="0000000000016F00" bytes="108738528" />
</allocation-stats>
<gc-op id="5579" type="scavenge" timems="84.981" contextid="5576" timestamp="2022-02-08T16:50:34.021">
  <scavenger-info tenureage="1" tenuremask="7ffe" tiltratio="68" />
  <memory-copied type="nursery" objects="1384406" bytes="77855552" bytesdiscarded="362104" />
  <memory-copied type="tenure" objects="1443285" bytes="74629184" bytesdiscarded="40520" />
  <finalization candidates="57" enqueued="0" />
  <references type="phantom" candidates="1" cleared="0" enqueued="0" />
  <object-monitors candidates="2" cleared="0"  />
</gc-op>
<gc-end id="5580" type="scavenge" contextid="5576" durationms="85.374" usertimems="334.746" systemtimems="0.000" stalltimems="4.665" timestamp="2022-02-08T16:50:34.022" activeThreads="4">
  <mem-info id="5581" free="138274576" total="1073741824" percent="12">
    <mem type="nursery" free="104169032" total="268435456" percent="38">
      <mem type="allocate" free="104169032" total="182386688" percent="57" />
      <mem type="survivor" free="0" total="86048768" percent="0" />
    </mem>
    <mem type="tenure" free="34105544" total="805306368" percent="4" macro-fragmented="24769651">
      <mem type="soa" free="26051784" total="797252608" percent="3" />
      <mem type="loa" free="8053760" total="8053760" percent="100" />
    </mem>
    <remembered-set count="102" />
  </mem-info>
</gc-end>
<cycle-end id="5582" type="scavenge" contextid="5576" timestamp="2022-02-08T16:50:34.022" />
<allocation-satisfied id="5583" threadId="0000000000016F00" bytesRequested="24" />
<af-end id="5584" timestamp="2022-02-08T16:50:34.022" threadId="0000000000017908" success="true" from="nursery"/>
<exclusive-end id="5585" timestamp="2022-02-08T16:50:34.022" durationms="85.694" />

<concurrent-end id="5586" type="global mark" contextid="5571" timestamp="2022-02-08T16:50:34.117">
<gc-op id="5587" type="trace" timems="329.720" contextid="5571" timestamp="2022-02-08T16:50:34.117">
  <trace bytesTraced="74450412" workStackOverflowCount="0" />
  <card-cleaning reason="card cleaning threshold reached" bytesTraced="188" cardsCleaned="1" />
</gc-op>
</concurrent-end>

<exclusive-start id="5588" timestamp="2022-02-08T16:50:34.117" intervalms="180.764">
  <response-info timems="0.018" idlems="0.018" threads="0" lastid="0000000000016F00" lastname="main" />
</exclusive-start>
<concurrent-global-final id="5589" timestamp="2022-02-08T16:50:34.117" contextid="5571" intervalms="3033.332" >
  <concurrent-trace-info reason="card cleaning threshold reached" tracedByMutators="55321736" tracedByHelpers="19128864" cardsCleaned="1" workStackOverflowCount="0" />
</concurrent-global-final>
<gc-start id="5590" type="global" contextid="5571" timestamp="2022-02-08T16:50:34.117">
  <mem-info id="5591" free="132146936" total="1073741824" percent="12">
    <mem type="nursery" free="98041392" total="268435456" percent="36">
      <mem type="allocate" free="98041392" total="182386688" percent="53" />
      <mem type="survivor" free="0" total="86048768" percent="0" />
    </mem>
    <mem type="tenure" free="34105544" total="805306368" percent="4">
      <mem type="soa" free="26051784" total="797252608" percent="3" />
      <mem type="loa" free="8053760" total="8053760" percent="100" />
    </mem>
    <remembered-set count="102" />
  </mem-info>
</gc-start>
<allocation-stats totalBytes="6123904" >
  <allocated-bytes non-tlh="24" tlh="6123880" />
  <largest-consumer threadName="main" threadId="0000000000016F00" bytes="6123904" />
</allocation-stats>
<gc-op id="5592" type="rs-scan" timems="0.730" contextid="5571" timestamp="2022-02-08T16:50:34.118">
  <scan objectsFound="29" bytesTraced="5420" workStackOverflowCount="0" />
</gc-op>
<gc-op id="5593" type="card-cleaning" timems="154.085" contextid="5571" timestamp="2022-02-08T16:50:34.272">
  <card-cleaning cardsCleaned="9" bytesTraced="71021064" workStackOverflowCount="0" />
</gc-op>
<gc-op id="5594" type="mark" timems="69.658" contextid="5571" timestamp="2022-02-08T16:50:34.341">
  <trace-info objectcount="2134327" scancount="1602273" scanbytes="34249512" />
  <finalization candidates="428" enqueued="57" />
  <ownableSynchronizers candidates="1" cleared="0" />
  <references type="soft" candidates="894" cleared="0" enqueued="0" dynamicThreshold="10" maxThreshold="32" />
  <references type="weak" candidates="1701" cleared="0" enqueued="0" />
  <references type="phantom" candidates="52" cleared="2" enqueued="2" />
  <stringconstants candidates="6470" cleared="0"  />
  <object-monitors candidates="2" cleared="0"  />
</gc-op>
<gc-op id="5595" type="sweep" timems="5.799" contextid="5571" timestamp="2022-02-08T16:50:34.347" />
<gc-end id="5596" type="global" contextid="5571" durationms="230.660" usertimems="286.090" systemtimems="5.247" stalltimems="164.969" timestamp="2022-02-08T16:50:34.348" activeThreads="4">
  <mem-info id="5597" free="375517816" total="1073741824" percent="34">
    <mem type="nursery" free="98494456" total="268435456" percent="36">
      <mem type="allocate" free="98494456" total="182386688" percent="54" />
      <mem type="survivor" free="0" total="86048768" percent="0" />
    </mem>
    <mem type="tenure" free="277023360" total="805306368" percent="34" micro-fragmented="253726" macro-fragmented="0">
      <mem type="soa" free="268969600" total="797252608" percent="33" />
      <mem type="loa" free="8053760" total="8053760" percent="100" />
    </mem>
    <pending-finalizers system="57" default="0" reference="2" classloader="0" />
    <remembered-set count="102" />
  </mem-info>
</gc-end>
<cycle-end id="5598" type="global" contextid="5571" timestamp="2022-02-08T16:50:34.348" />
<exclusive-end id="5599" timestamp="2022-02-08T16:50:34.348" durationms="230.890" />

<exclusive-start id="5600" timestamp="2022-02-08T16:50:34.980" intervalms="863.030">
  <response-info timems="0.024" idlems="0.024" threads="0" lastid="0000000000016F00" lastname="main" />
</exclusive-start>
<af-start id="5601" threadId="0000000000017908" totalBytesRequested="112" timestamp="2022-02-08T16:50:34.980" intervalms="1043.795" type="nursery" />
<cycle-start id="5602" type="scavenge" contextid="0" timestamp="2022-02-08T16:50:34.980" intervalms="1043.795" />
<gc-start id="5603" type="scavenge" contextid="5602" timestamp="2022-02-08T16:50:34.980">
  <mem-info id="5604" free="277023360" total="1073741824" percent="25">
    <mem type="nursery" free="0" total="268435456" percent="0">
      <mem type="allocate" free="0" total="182386688" percent="0" />
      <mem type="survivor" free="0" total="86048768" percent="0" />
    </mem>
    <mem type="tenure" free="277023360" total="805306368" percent="34">
      <mem type="soa" free="268969600" total="797252608" percent="33" />
      <mem type="loa" free="8053760" total="8053760" percent="100" />
    </mem>
    <remembered-set count="105" />
  </mem-info>
</gc-start>
<allocation-stats totalBytes="98449056" >
  <allocated-bytes non-tlh="0" tlh="98449056" />
  <largest-consumer threadName="main" threadId="0000000000016F00" bytes="98439744" />
</allocation-stats>
<gc-op id="5605" type="scavenge" timems="78.483" contextid="5602" timestamp="2022-02-08T16:50:35.058">
  <scavenger-info tenureage="1" tenuremask="7ffe" tiltratio="67" />
  <memory-copied type="nursery" objects="1310077" bytes="74250528" bytesdiscarded="202464" />
  <memory-copied type="tenure" objects="1384406" bytes="77855552" bytesdiscarded="44664" />
  <finalization candidates="1" enqueued="0" />
  <ownableSynchronizers candidates="2" cleared="2" />
  <object-monitors candidates="2" cleared="0"  />
</gc-op>
<gc-end id="5606" type="scavenge" contextid="5602" durationms="78.989" usertimems="308.507" systemtimems="0.323" stalltimems="4.479" timestamp="2022-02-08T16:50:35.059" activeThreads="4">
  <mem-info id="5607" free="307241488" total="1073741824" percent="28">
    <mem type="nursery" free="108326912" total="268435456" percent="40">
      <mem type="allocate" free="108326912" total="182779904" percent="59" />
      <mem type="survivor" free="0" total="85655552" percent="0" />
    </mem>
    <mem type="tenure" free="198914576" total="805306368" percent="24" macro-fragmented="0">
      <mem type="soa" free="190860816" total="797252608" percent="23" />
      <mem type="loa" free="8053760" total="8053760" percent="100" />
    </mem>
    <remembered-set count="104" />
  </mem-info>
</gc-end>
<cycle-end id="5608" type="scavenge" contextid="5602" timestamp="2022-02-08T16:50:35.059" />
<allocation-satisfied id="5609" threadId="0000000000016F00" bytesRequested="112" />
<af-end id="5610" timestamp="2022-02-08T16:50:35.059" threadId="0000000000017908" success="true" from="nursery"/>
<exclusive-end id="5611" timestamp="2022-02-08T16:50:35.059" durationms="79.371" />

<exclusive-start id="5612" timestamp="2022-02-08T16:50:35.989" intervalms="1008.843">
  <response-info timems="0.020" idlems="0.020" threads="0" lastid="0000000000016F00" lastname="main" />
</exclusive-start>
<af-start id="5613" threadId="0000000000017908" totalBytesRequested="208" timestamp="2022-02-08T16:50:35.989" intervalms="1008.883" type="nursery" />
<cycle-start id="5614" type="scavenge" contextid="0" timestamp="2022-02-08T16:50:35.989" intervalms="1008.886" />
<gc-start id="5615" type="scavenge" contextid="5614" timestamp="2022-02-08T16:50:35.989">
  <mem-info id="5616" free="198914576" total="1073741824" percent="18">
    <mem type="nursery" free="0" total="268435456" percent="0">
      <mem type="allocate" free="0" total="182779904" percent="0" />
      <mem type="survivor" free="0" total="85655552" percent="0" />
    </mem>
    <mem type="tenure" free="198914576" total="805306368" percent="24">
      <mem type="soa" free="190860816" total="797252608" percent="23" />
      <mem type="loa" free="8053760" total="8053760" percent="100" />
    </mem>
    <remembered-set count="135" />
  </mem-info>
</gc-start>
<allocation-stats totalBytes="108280168" >
  <allocated-bytes non-tlh="1661256" tlh="106618912" />
  <largest-consumer threadName="main" threadId="0000000000016F00" bytes="108280168" />
</allocation-stats>
<gc-op id="5617" type="scavenge" timems="84.987" contextid="5614" timestamp="2022-02-08T16:50:36.074">
  <scavenger-info tenureage="1" tenuremask="7ffe" tiltratio="68" />
  <memory-copied type="nursery" objects="1490384" bytes="76262888" bytesdiscarded="130376" />
  <memory-copied type="tenure" objects="1310077" bytes="74250528" bytesdiscarded="42696" />
  <finalization candidates="109" enqueued="53" />
  <references type="soft" candidates="14" cleared="0" enqueued="0" dynamicThreshold="11" maxThreshold="32" />
  <references type="weak" candidates="1" cleared="0" enqueued="0" />
  <references type="phantom" candidates="94" cleared="7" enqueued="7" />
  <object-monitors candidates="2" cleared="0"  />
</gc-op>
<gc-end id="5618" type="scavenge" contextid="5614" durationms="85.351" usertimems="335.172" systemtimems="0.000" stalltimems="4.320" timestamp="2022-02-08T16:50:36.074" activeThreads="4">
  <mem-info id="5619" free="231285000" total="1073741824" percent="21">
    <mem type="nursery" free="106583120" total="268435456" percent="39">
      <mem type="allocate" free="106583120" total="182976512" percent="58" />
      <mem type="survivor" free="0" total="85458944" percent="0" />
    </mem>
    <mem type="tenure" free="124701880" total="805306368" percent="15" macro-fragmented="0">
      <mem type="soa" free="116648120" total="797252608" percent="14" />
      <mem type="loa" free="8053760" total="8053760" percent="100" />
    </mem>
    <pending-finalizers system="52" default="1" reference="7" classloader="0" />
    <remembered-set count="132" />
  </mem-info>
</gc-end>
<cycle-end id="5620" type="scavenge" contextid="5614" timestamp="2022-02-08T16:50:36.074" />
<allocation-satisfied id="5621" threadId="0000000000016F00" bytesRequested="208" />
<af-end id="5622" timestamp="2022-02-08T16:50:36.074" threadId="0000000000017908" success="true" from="nursery"/>
<exclusive-end id="5623" timestamp="2022-02-08T16:50:36.074" durationms="85.679" />

<concurrent-kickoff id="5624" timestamp="2022-02-08T16:50:36.812">
  <kickoff reason="threshold reached" targetBytes="74449432" thresholdFreeBytes="6244936"  remainingFree="6116432" tenureFreeBytes="124701880" nurseryFreeBytes="6116432" />
</concurrent-kickoff>
<exclusive-start id="5625" timestamp="2022-02-08T16:50:36.815" intervalms="825.901">
  <response-info timems="0.019" idlems="0.019" threads="0" lastid="0000000000016F00" lastname="main" />
</exclusive-start>
<cycle-start id="5626" type="global" contextid="0" timestamp="2022-02-08T16:50:36.815" intervalms="3027.564" />
<concurrent-start id="5627" type="global mark" contextid="5626" timestamp="2022-02-08T16:50:36.815">
</concurrent-start>
<exclusive-end id="5628" timestamp="2022-02-08T16:50:36.815" durationms="0.029" />

<exclusive-start id="5629" timestamp="2022-02-08T16:50:36.967" intervalms="152.427">
  <response-info timems="0.020" idlems="0.020" threads="0" lastid="0000000000016F00" lastname="main" />
</exclusive-start>
<af-start id="5630" threadId="0000000000017908" totalBytesRequested="24" timestamp="2022-02-08T16:50:36.967" intervalms="978.286" type="nursery" />
<cycle-start id="5631" type="scavenge" contextid="0" timestamp="2022-02-08T16:50:36.967" intervalms="978.295" />
<gc-start id="5632" type="scavenge" contextid="5631" timestamp="2022-02-08T16:50:36.967">
  <mem-info id="5633" free="124701880" total="1073741824" percent="11">
    <mem type="nursery" free="0" total="268435456" percent="0">
      <mem type="allocate" free="0" total="182976512" percent="0" />
      <mem type="survivor" free="0" total="85458944" percent="0" />
    </mem>
    <mem type="tenure" free="124701880" total="805306368" percent="15">
      <mem type="soa" free="116648120" total="797252608" percent="14" />
      <mem type="loa" free="8053760" total="8053760" percent="100" />
    </mem>
    <remembered-set count="133" />
  </mem-info>
</gc-start>
<allocation-stats totalBytes="106532120" >
  <allocated-bytes non-tlh="1347888" tlh="105184232" />
  <largest-consumer threadName="main" threadId="0000000000016F00" bytes="106523928" />
</allocation-stats>
<gc-op id="5634" type="scavenge" timems="81.105" contextid="5631" timestamp="2022-02-08T16:50:37.048">
  <scavenger-info tenureage="1" tenuremask="7ffe" tiltratio="68" />
  <memory-copied type="nursery" objects="1334422" bytes="76239896" bytesdiscarded="275016" />
  <memory-copied type="tenure" objects="1489664" bytes="75319608" bytesdiscarded="36952" />
  <finalization candidates="57" enqueued="0" />
  <references type="phantom" candidates="1" cleared="0" enqueued="0" />
  <object-monitors candidates="2" cleared="0"  />
</gc-op>
<gc-end id="5635" type="scavenge" contextid="5631" durationms="81.585" usertimems="321.374" systemtimems="0.000" stalltimems="2.443" timestamp="2022-02-08T16:50:37.049" activeThreads="4">
  <mem-info id="5636" free="156377120" total="1073741824" percent="14">
    <mem type="nursery" free="107051424" total="268435456" percent="39">
      <mem type="allocate" free="107051424" total="183566336" percent="58" />
      <mem type="survivor" free="0" total="84869120" percent="0" />
    </mem>
    <mem type="tenure" free="49325696" total="805306368" percent="6" macro-fragmented="0">
      <mem type="soa" free="41271936" total="797252608" percent="5" />
      <mem type="loa" free="8053760" total="8053760" percent="100" />
    </mem>
    <remembered-set count="102" />
  </mem-info>
</gc-end>
<cycle-end id="5637" type="scavenge" contextid="5631" timestamp="2022-02-08T16:50:37.049" />
<allocation-satisfied id="5638" threadId="0000000000016F00" bytesRequested="24" />
<af-end id="5639" timestamp="2022-02-08T16:50:37.049" threadId="0000000000017908" success="true" from="nursery"/>
<exclusive-end id="5640" timestamp="2022-02-08T16:50:37.049" durationms="81.928" />

<concurrent-end id="5641" type="global mark" contextid="5626" timestamp="2022-02-08T16:50:37.140">
<gc-op id="5642" type="trace" timems="325.345" contextid="5626" timestamp="2022-02-08T16:50:37.140">
  <trace bytesTraced="74452716" workStackOverflowCount="0" />
  <card-cleaning reason="card cleaning threshold reached" bytesTraced="2488" cardsCleaned="2" />
</gc-op>
</concurrent-end>

<exclusive-start id="5643" timestamp="2022-02-08T16:50:37.140" intervalms="172.988">
  <response-info timems="0.018" idlems="0.018" threads="0" lastid="0000000000016F00" lastname="main" />
</exclusive-start>
<concurrent-global-final id="5644" timestamp="2022-02-08T16:50:37.140" contextid="5626" intervalms="3023.186" >
  <concurrent-trace-info reason="card cleaning threshold reached" tracedByMutators="55853380" tracedByHelpers="18601824" cardsCleaned="2" workStackOverflowCount="0" />
</concurrent-global-final>
<gc-start id="5645" type="global" contextid="5626" timestamp="2022-02-08T16:50:37.140">
  <mem-info id="5646" free="150511624" total="1073741824" percent="14">
    <mem type="nursery" free="101185928" total="268435456" percent="37">
      <mem type="allocate" free="101185928" total="183566336" percent="55" />
      <mem type="survivor" free="0" total="84869120" percent="0" />
    </mem>
    <mem type="tenure" free="49325696" total="805306368" percent="6">
      <mem type="soa" free="41271936" total="797252608" percent="5" />
      <mem type="loa" free="8053760" total="8053760" percent="100" />
    </mem>
    <remembered-set count="102" />
  </mem-info>
</gc-start>
<allocation-stats totalBytes="5862752" >
  <allocated-bytes non-tlh="24" tlh="5862728" />
  <largest-consumer threadName="main" threadId="0000000000016F00" bytes="5862752" />
</allocation-stats>
<gc-op id="5647" type="rs-scan" timems="0.556" contextid="5626" timestamp="2022-02-08T16:50:37.141">
  <scan objectsFound="29" bytesTraced="5420" workStackOverflowCount="0" />
</gc-op>
<gc-op id="5648" type="card-cleaning" timems="154.130" contextid="5626" timestamp="2022-02-08T16:50:37.295">
  <card-cleaning cardsCleaned="9" bytesTraced="71021016" workStackOverflowCount="0" />
</gc-op>
<gc-op id="5649" type="mark" timems="61.857" contextid="5626" timestamp="2022-02-08T16:50:37.357">
  <trace-info objectcount="1832227" scancount="1375698" scanbytes="29415912" />
  <finalization candidates="428" enqueued="57" />
  <ownableSynchronizers candidates="1" cleared="0" />
  <references type="soft" candidates="894" cleared="0" enqueued="0" dynamicThreshold="11" maxThreshold="32" />
  <references type="weak" candidates="1701" cleared="0" enqueued="0" />
  <references type="phantom" candidates="52" cleared="2" enqueued="2" />
  <stringconstants candidates="6470" cleared="0"  />
  <object-monitors candidates="2" cleared="0"  />
</gc-op>
<gc-op id="5650" type="sweep" timems="5.456" contextid="5626" timestamp="2022-02-08T16:50:37.362" />
<gc-end id="5651" type="global" contextid="5626" durationms="222.432" usertimems="283.346" systemtimems="0.000" stalltimems="139.873" timestamp="2022-02-08T16:50:37.362" activeThreads="4">
  <mem-info id="5652" free="393773408" total="1073741824" percent="36">
    <mem type="nursery" free="101554208" total="268435456" percent="37">
      <mem type="allocate" free="101554208" total="183566336" percent="55" />
      <mem type="survivor" free="0" total="84869120" percent="0" />
    </mem>
    <mem type="tenure" free="292219200" total="805306368" percent="36" micro-fragmented="241905" macro-fragmented="0">
      <mem type="soa" free="284165440" total="797252608" percent="35" />
      <mem type="loa" free="8053760" total="8053760" percent="100" />
    </mem>
    <pending-finalizers system="57" default="0" reference="2" classloader="0" />
    <remembered-set count="102" />
  </mem-info>
</gc-end>
<cycle-end id="5653" type="global" contextid="5626" timestamp="2022-02-08T16:50:37.363" />
<exclusive-end id="5654" timestamp="2022-02-08T16:50:37.363" durationms="222.629" />

<exclusive-start id="5655" timestamp="2022-02-08T16:50:38.042" intervalms="901.716">
  <response-info timems="0.019" idlems="0.019" threads="0" lastid="0000000000016F00" lastname="main" />
</exclusive-start>
<af-start id="5656" threadId="0000000000017908" totalBytesRequested="184" timestamp="2022-02-08T16:50:38.042" intervalms="1074.705" type="nursery" />
<cycle-start id="5657" type="scavenge" contextid="0" timestamp="2022-02-08T16:50:38.042" intervalms="1074.692" />
<gc-start id="5658" type="scavenge" contextid="5657" timestamp="2022-02-08T16:50:38.042">
  <mem-info id="5659" free="292219200" total="1073741824" percent="27">
    <mem type="nursery" free="0" total="268435456" percent="0">
      <mem type="allocate" free="0" total="183566336" percent="0" />
      <mem type="survivor" free="0" total="84869120" percent="0" />
    </mem>
    <mem type="tenure" free="292219200" total="805306368" percent="36">
      <mem type="soa" free="284165440" total="797252608" percent="35" />
      <mem type="loa" free="8053760" total="8053760" percent="100" />
    </mem>
    <remembered-set count="105" />
  </mem-info>
</gc-start>
<allocation-stats totalBytes="101505624" >
  <allocated-bytes non-tlh="0" tlh="101505624" />
  <largest-consumer threadName="main" threadId="0000000000016F00" bytes="101501528" />
</allocation-stats>
<gc-op id="5660" type="scavenge" timems="89.695" contextid="5657" timestamp="2022-02-08T16:50:38.132">
  <scavenger-info tenureage="1" tenuremask="7ffe" tiltratio="68" />
  <memory-copied type="nursery" objects="1354826" bytes="76268720" bytesdiscarded="260680" />
  <memory-copied type="tenure" objects="1334422" bytes="76239896" bytesdiscarded="45760" />
  <finalization candidates="1" enqueued="0" />
  <ownableSynchronizers candidates="2" cleared="2" />
  <object-monitors candidates="2" cleared="0"  />
</gc-op>
<gc-end id="5661" type="scavenge" contextid="5657" durationms="90.114" usertimems="351.612" systemtimems="4.163" stalltimems="1.897" timestamp="2022-02-08T16:50:38.132" activeThreads="4">
  <mem-info id="5662" free="323284568" total="1073741824" percent="30">
    <mem type="nursery" free="107561224" total="268435456" percent="40">
      <mem type="allocate" free="107561224" total="184090624" percent="58" />
      <mem type="survivor" free="0" total="84344832" percent="0" />
    </mem>
    <mem type="tenure" free="215723344" total="805306368" percent="26" macro-fragmented="0">
      <mem type="soa" free="207669584" total="797252608" percent="26" />
      <mem type="loa" free="8053760" total="8053760" percent="100" />
    </mem>
    <remembered-set count="104" />
  </mem-info>
</gc-end>
<cycle-end id="5663" type="scavenge" contextid="5657" timestamp="2022-02-08T16:50:38.132" />
<allocation-satisfied id="5664" threadId="0000000000016F00" bytesRequested="184" />
<af-end id="5665" timestamp="2022-02-08T16:50:38.132" threadId="0000000000017908" success="true" from="nursery"/>
<exclusive-end id="5666" timestamp="2022-02-08T16:50:38.132" durationms="90.414" />

<exclusive-start id="5667" timestamp="2022-02-08T16:50:39.042" intervalms="999.965">
  <response-info timems="0.016" idlems="0.016" threads="0" lastid="0000000000016F00" lastname="main" />
</exclusive-start>
<af-start id="5668" threadId="0000000000017908" totalBytesRequested="200" timestamp="2022-02-08T16:50:39.042" intervalms="1000.204" type="nursery" />
<cycle-start id="5669" type="scavenge" contextid="0" timestamp="2022-02-08T16:50:39.042" intervalms="1000.268" />
<gc-start id="5670" type="scavenge" contextid="5669" timestamp="2022-02-08T16:50:39.042">
  <mem-info id="5671" free="215723344" total="1073741824" percent="20">
    <mem type="nursery" free="0" total="268435456" percent="0">
      <mem type="allocate" free="0" total="184090624" percent="0" />
      <mem type="survivor" free="0" total="84344832" percent="0" />
    </mem>
    <mem type="tenure" free="215723344" total="805306368" percent="26">
      <mem type="soa" free="207669584" total="797252608" percent="26" />
      <mem type="loa" free="8053760" total="8053760" percent="100" />
    </mem>
    <remembered-set count="134" />
  </mem-info>
</gc-start>
<allocation-stats totalBytes="107513344" >
  <allocated-bytes non-tlh="1115624" tlh="106397720" />
  <largest-consumer threadName="main" threadId="0000000000016F00" bytes="107513344" />
</allocation-stats>
<gc-op id="5672" type="scavenge" timems="91.014" contextid="5669" timestamp="2022-02-08T16:50:39.133">
  <scavenger-info tenureage="1" tenuremask="7ffe" tiltratio="68" />
  <memory-copied type="nursery" objects="1485350" bytes="75726784" bytesdiscarded="99432" />
  <memory-copied type="tenure" objects="1354825" bytes="76268616" bytesdiscarded="40952" />
  <finalization candidates="108" enqueued="53" />
  <references type="soft" candidates="14" cleared="0" enqueued="0" dynamicThreshold="11" maxThreshold="32" />
  <references type="weak" candidates="1" cleared="0" enqueued="0" />
  <references type="phantom" candidates="93" cleared="7" enqueued="7" />
  <object-monitors candidates="2" cleared="0"  />
</gc-op>
<gc-end id="5673" type="scavenge" contextid="5669" durationms="91.504" usertimems="344.119" systemtimems="1.455" stalltimems="5.582" timestamp="2022-02-08T16:50:39.134" activeThreads="4">
  <mem-info id="5674" free="248131304" total="1073741824" percent="23">
    <mem type="nursery" free="108657496" total="268435456" percent="40">
      <mem type="allocate" free="108657496" total="184483840" percent="58" />
      <mem type="survivor" free="0" total="83951616" percent="0" />
    </mem>
    <mem type="tenure" free="139473808" total="805306368" percent="17" macro-fragmented="0">
      <mem type="soa" free="131420048" total="797252608" percent="16" />
      <mem type="loa" free="8053760" total="8053760" percent="100" />
    </mem>
    <pending-finalizers system="52" default="1" reference="7" classloader="0" />
    <remembered-set count="131" />
  </mem-info>
</gc-end>
<cycle-end id="5675" type="scavenge" contextid="5669" timestamp="2022-02-08T16:50:39.134" />
<allocation-satisfied id="5676" threadId="0000000000016F00" bytesRequested="200" />
<af-end id="5677" timestamp="2022-02-08T16:50:39.134" threadId="0000000000017908" success="true" from="nursery"/>
<exclusive-end id="5678" timestamp="2022-02-08T16:50:39.134" durationms="92.173" />

<concurrent-kickoff id="5679" timestamp="2022-02-08T16:50:39.904">
  <kickoff reason="threshold reached" targetBytes="74450787" thresholdFreeBytes="6218709"  remainingFree="6195768" tenureFreeBytes="139473808" nurseryFreeBytes="6195768" />
</concurrent-kickoff>
<exclusive-start id="5680" timestamp="2022-02-08T16:50:39.908" intervalms="865.871">
  <response-info timems="0.020" idlems="0.020" threads="0" lastid="0000000000016F00" lastname="main" />
</exclusive-start>
<cycle-start id="5681" type="global" contextid="0" timestamp="2022-02-08T16:50:39.908" intervalms="3092.968" />
<concurrent-start id="5682" type="global mark" contextid="5681" timestamp="2022-02-08T16:50:39.908">
</concurrent-start>
<exclusive-end id="5683" timestamp="2022-02-08T16:50:39.908" durationms="0.030" />

<exclusive-start id="5684" timestamp="2022-02-08T16:50:40.073" intervalms="165.822">
  <response-info timems="0.034" idlems="0.034" threads="0" lastid="0000000000016F00" lastname="main" />
</exclusive-start>
<af-start id="5685" threadId="0000000000017908" totalBytesRequested="184" timestamp="2022-02-08T16:50:40.073" intervalms="1031.454" type="nursery" />
<cycle-start id="5686" type="scavenge" contextid="0" timestamp="2022-02-08T16:50:40.073" intervalms="1031.390" />
<gc-start id="5687" type="scavenge" contextid="5686" timestamp="2022-02-08T16:50:40.073">
  <mem-info id="5688" free="139473808" total="1073741824" percent="12">
    <mem type="nursery" free="0" total="268435456" percent="0">
      <mem type="allocate" free="0" total="184483840" percent="0" />
      <mem type="survivor" free="0" total="83951616" percent="0" />
    </mem>
    <mem type="tenure" free="139473808" total="805306368" percent="17">
      <mem type="soa" free="131420048" total="797252608" percent="16" />
      <mem type="loa" free="8053760" total="8053760" percent="100" />
    </mem>
    <remembered-set count="132" />
  </mem-info>
</gc-start>
<allocation-stats totalBytes="108607728" >
  <allocated-bytes non-tlh="1823008" tlh="106784720" />
  <largest-consumer threadName="main" threadId="0000000000016F00" bytes="108599536" />
</allocation-stats>
<gc-op id="5689" type="scavenge" timems="90.381" contextid="5686" timestamp="2022-02-08T16:50:40.164">
  <scavenger-info tenureage="1" tenuremask="7ffe" tiltratio="68" />
  <memory-copied type="nursery" objects="1356079" bytes="77405400" bytesdiscarded="225416" />
  <memory-copied type="tenure" objects="1484630" bytes="75088912" bytesdiscarded="36304" />
  <finalization candidates="57" enqueued="0" />
  <references type="phantom" candidates="2" cleared="0" enqueued="0" />
  <object-monitors candidates="2" cleared="0"  />
</gc-op>
<gc-end id="5690" type="scavenge" contextid="5686" durationms="90.846" usertimems="352.374" systemtimems="0.000" stalltimems="5.441" timestamp="2022-02-08T16:50:40.164" activeThreads="4">
  <mem-info id="5691" free="169837376" total="1073741824" percent="15">
    <mem type="nursery" free="105673376" total="268435456" percent="39">
      <mem type="allocate" free="105673376" total="183304192" percent="57" />
      <mem type="survivor" free="0" total="85131264" percent="0" />
    </mem>
    <mem type="tenure" free="64164000" total="805306368" percent="7" macro-fragmented="0">
      <mem type="soa" free="56110240" total="797252608" percent="7" />
      <mem type="loa" free="8053760" total="8053760" percent="100" />
    </mem>
    <remembered-set count="103" />
  </mem-info>
</gc-end>
<cycle-end id="5692" type="scavenge" contextid="5686" timestamp="2022-02-08T16:50:40.164" />
<allocation-satisfied id="5693" threadId="0000000000016F00" bytesRequested="184" />
<af-end id="5694" timestamp="2022-02-08T16:50:40.165" threadId="0000000000017908" success="true" from="nursery"/>
<exclusive-end id="5695" timestamp="2022-02-08T16:50:40.165" durationms="91.160" />

<concurrent-end id="5696" type="global mark" contextid="5681" timestamp="2022-02-08T16:50:40.248">
<gc-op id="5697" type="trace" timems="339.976" contextid="5681" timestamp="2022-02-08T16:50:40.248">
  <trace bytesTraced="74450876" workStackOverflowCount="0" />
  <card-cleaning reason="card cleaning threshold reached" bytesTraced="188" cardsCleaned="1" />
</gc-op>
</concurrent-end>

<exclusive-start id="5698" timestamp="2022-02-08T16:50:40.248" intervalms="174.235">
  <response-info timems="0.019" idlems="0.019" threads="0" lastid="0000000000016F00" lastname="main" />
</exclusive-start>
<concurrent-global-final id="5699" timestamp="2022-02-08T16:50:40.248" contextid="5681" intervalms="3107.610" >
  <concurrent-trace-info reason="card cleaning threshold reached" tracedByMutators="54352276" tracedByHelpers="20098788" cardsCleaned="1" workStackOverflowCount="0" />
</concurrent-global-final>
<gc-start id="5700" type="global" contextid="5681" timestamp="2022-02-08T16:50:40.248">
  <mem-info id="5701" free="164233864" total="1073741824" percent="15">
    <mem type="nursery" free="100069864" total="268435456" percent="37">
      <mem type="allocate" free="100069864" total="183304192" percent="54" />
      <mem type="survivor" free="0" total="85131264" percent="0" />
    </mem>
    <mem type="tenure" free="64164000" total="805306368" percent="7">
      <mem type="soa" free="56110240" total="797252608" percent="7" />
      <mem type="loa" free="8053760" total="8053760" percent="100" />
    </mem>
    <remembered-set count="103" />
  </mem-info>
</gc-start>
<allocation-stats totalBytes="5600720" >
  <allocated-bytes non-tlh="184" tlh="5600536" />
  <largest-consumer threadName="main" threadId="0000000000016F00" bytes="5600720" />
</allocation-stats>
<gc-op id="5702" type="rs-scan" timems="0.611" contextid="5681" timestamp="2022-02-08T16:50:40.248">
  <scan objectsFound="29" bytesTraced="5420" workStackOverflowCount="0" />
</gc-op>
<gc-op id="5703" type="card-cleaning" timems="152.342" contextid="5681" timestamp="2022-02-08T16:50:40.401">
  <card-cleaning cardsCleaned="8" bytesTraced="71020888" workStackOverflowCount="0" />
</gc-op>
<gc-op id="5704" type="mark" timems="46.637" contextid="5681" timestamp="2022-02-08T16:50:40.447">
  <trace-info objectcount="1588886" scancount="1193192" scanbytes="25522472" />
  <finalization candidates="428" enqueued="57" />
  <ownableSynchronizers candidates="1" cleared="0" />
  <references type="soft" candidates="894" cleared="0" enqueued="0" dynamicThreshold="11" maxThreshold="32" />
  <references type="weak" candidates="1701" cleared="0" enqueued="0" />
  <references type="phantom" candidates="52" cleared="2" enqueued="2" />
  <stringconstants candidates="6470" cleared="0"  />
  <object-monitors candidates="2" cleared="0"  />
</gc-op>
<gc-op id="5705" type="sweep" timems="4.723" contextid="5681" timestamp="2022-02-08T16:50:40.452" />
<gc-end id="5706" type="global" contextid="5681" durationms="204.695" usertimems="218.559" systemtimems="0.126" stalltimems="139.768" timestamp="2022-02-08T16:50:40.452" activeThreads="4">
  <mem-info id="5707" free="407622072" total="1073741824" percent="37">
    <mem type="nursery" free="100386608" total="268435456" percent="37">
      <mem type="allocate" free="100386608" total="183304192" percent="54" />
      <mem type="survivor" free="0" total="85131264" percent="0" />
    </mem>
    <mem type="tenure" free="307235464" total="805306368" percent="38" micro-fragmented="207802" macro-fragmented="0">
      <mem type="soa" free="299181704" total="797252608" percent="37" />
      <mem type="loa" free="8053760" total="8053760" percent="100" />
    </mem>
    <pending-finalizers system="57" default="0" reference="2" classloader="0" />
    <remembered-set count="103" />
  </mem-info>
</gc-end>
<cycle-end id="5708" type="global" contextid="5681" timestamp="2022-02-08T16:50:40.452" />
<exclusive-end id="5709" timestamp="2022-02-08T16:50:40.452" durationms="204.887" />

<exclusive-start id="5710" timestamp="2022-02-08T16:50:41.113" intervalms="865.078">
  <response-info timems="0.023" idlems="0.023" threads="0" lastid="0000000000016F00" lastname="main" />
</exclusive-start>
<af-start id="5711" threadId="0000000000017908" totalBytesRequested="184" timestamp="2022-02-08T16:50:41.113" intervalms="1039.314" type="nursery" />
<cycle-start id="5712" type="scavenge" contextid="0" timestamp="2022-02-08T16:50:41.113" intervalms="1039.326" />
<gc-start id="5713" type="scavenge" contextid="5712" timestamp="2022-02-08T16:50:41.113">
  <mem-info id="5714" free="307235464" total="1073741824" percent="28">
    <mem type="nursery" free="0" total="268435456" percent="0">
      <mem type="allocate" free="0" total="183304192" percent="0" />
      <mem type="survivor" free="0" total="85131264" percent="0" />
    </mem>
    <mem type="tenure" free="307235464" total="805306368" percent="38">
      <mem type="soa" free="299181704" total="797252608" percent="37" />
      <mem type="loa" free="8053760" total="8053760" percent="100" />
    </mem>
    <remembered-set count="106" />
  </mem-info>
</gc-start>
<allocation-stats totalBytes="100341384" >
  <allocated-bytes non-tlh="0" tlh="100341384" />
  <largest-consumer threadName="main" threadId="0000000000016F00" bytes="100337288" />
</allocation-stats>
<gc-op id="5715" type="scavenge" timems="80.607" contextid="5712" timestamp="2022-02-08T16:50:41.193">
  <scavenger-info tenureage="1" tenuremask="7ffe" tiltratio="68" />
  <memory-copied type="nursery" objects="1336191" bytes="75264096" bytesdiscarded="410408" />
  <memory-copied type="tenure" objects="1356078" bytes="77405296" bytesdiscarded="46784" />
  <finalization candidates="2" enqueued="0" />
  <ownableSynchronizers candidates="2" cleared="2" />
  <object-monitors candidates="2" cleared="0"  />
</gc-op>
<gc-end id="5716" type="scavenge" contextid="5712" durationms="81.098" usertimems="316.975" systemtimems="0.000" stalltimems="4.599" timestamp="2022-02-08T16:50:41.194" activeThreads="4">
  <mem-info id="5717" free="337585864" total="1073741824" percent="31">
    <mem type="nursery" free="107891832" total="268435456" percent="40">
      <mem type="allocate" free="107891832" total="183566336" percent="58" />
      <mem type="survivor" free="0" total="84869120" percent="0" />
    </mem>
    <mem type="tenure" free="229694032" total="805306368" percent="28" macro-fragmented="0">
      <mem type="soa" free="221640272" total="797252608" percent="27" />
      <mem type="loa" free="8053760" total="8053760" percent="100" />
    </mem>
    <remembered-set count="105" />
  </mem-info>
</gc-end>
<cycle-end id="5718" type="scavenge" contextid="5712" timestamp="2022-02-08T16:50:41.194" />
<allocation-satisfied id="5719" threadId="0000000000016F00" bytesRequested="184" />
<af-end id="5720" timestamp="2022-02-08T16:50:41.194" threadId="0000000000017908" success="true" from="nursery"/>
<exclusive-end id="5721" timestamp="2022-02-08T16:50:41.194" durationms="81.510" />

<exclusive-start id="5722" timestamp="2022-02-08T16:50:41.941" intervalms="828.218">
  <response-info timems="0.020" idlems="0.020" threads="0" lastid="0000000000016F00" lastname="main" />
</exclusive-start>
<af-start id="5723" threadId="0000000000017908" totalBytesRequested="224" timestamp="2022-02-08T16:50:41.941" intervalms="828.216" type="nursery" />
<cycle-start id="5724" type="scavenge" contextid="0" timestamp="2022-02-08T16:50:41.941" intervalms="828.205" />
<gc-start id="5725" type="scavenge" contextid="5724" timestamp="2022-02-08T16:50:41.941">
  <mem-info id="5726" free="229694032" total="1073741824" percent="21">
    <mem type="nursery" free="0" total="268435456" percent="0">
      <mem type="allocate" free="0" total="183566336" percent="0" />
      <mem type="survivor" free="0" total="84869120" percent="0" />
    </mem>
    <mem type="tenure" free="229694032" total="805306368" percent="28">
      <mem type="soa" free="221640272" total="797252608" percent="27" />
      <mem type="loa" free="8053760" total="8053760" percent="100" />
    </mem>
    <remembered-set count="119" />
  </mem-info>
</gc-start>
<allocation-stats totalBytes="107844136" >
  <allocated-bytes non-tlh="453888" tlh="107390248" />
  <largest-consumer threadName="main" threadId="0000000000016F00" bytes="107844136" />
</allocation-stats>
<gc-op id="5727" type="scavenge" timems="83.994" contextid="5724" timestamp="2022-02-08T16:50:42.025">
  <scavenger-info tenureage="1" tenuremask="7ffe" tiltratio="68" />
  <memory-copied type="nursery" objects="1358432" bytes="76796632" bytesdiscarded="207216" />
  <memory-copied type="tenure" objects="1336190" bytes="75263992" bytesdiscarded="44368" />
  <finalization candidates="30" enqueued="18" />
  <references type="phantom" candidates="30" cleared="0" enqueued="0" />
  <object-monitors candidates="2" cleared="0"  />
</gc-op>
<gc-end id="5728" type="scavenge" contextid="5724" durationms="84.380" usertimems="330.970" systemtimems="0.671" stalltimems="3.546" timestamp="2022-02-08T16:50:42.025" activeThreads="4">
  <mem-info id="5729" free="260940552" total="1073741824" percent="24">
    <mem type="nursery" free="106628024" total="268435456" percent="39">
      <mem type="allocate" free="106628024" total="183631872" percent="58" />
      <mem type="survivor" free="0" total="84803584" percent="0" />
    </mem>
    <mem type="tenure" free="154312528" total="805306368" percent="19" macro-fragmented="0">
      <mem type="soa" free="146258768" total="797252608" percent="18" />
      <mem type="loa" free="8053760" total="8053760" percent="100" />
    </mem>
    <pending-finalizers system="18" default="0" reference="0" classloader="0" />
    <remembered-set count="119" />
  </mem-info>
</gc-end>
<cycle-end id="5730" type="scavenge" contextid="5724" timestamp="2022-02-08T16:50:42.026" />
<allocation-satisfied id="5731" threadId="0000000000016F00" bytesRequested="224" />
<af-end id="5732" timestamp="2022-02-08T16:50:42.026" threadId="0000000000017908" success="true" from="nursery"/>
<exclusive-end id="5733" timestamp="2022-02-08T16:50:42.026" durationms="84.624" />

</verbosegc>

