<?xml version="1.0" ?>

<verbosegc xmlns="http://www.ibm.com/j9/verbosegc" version="ae696fd9c1e_CMPRSS">

<initialized id="1" timestamp="2022-02-02T12:29:42.456">
  <attribute name="gcPolicy" value="-Xgcpolicy:optthruput" />
  <attribute name="maxHeapSize" value="0x32000000" />
  <attribute name="initialHeapSize" value="0x32000000" />
  <attribute name="compressedRefs" value="true" />
  <attribute name="compressedRefsDisplacement" value="0x0" />
  <attribute name="compressedRefsShift" value="0x0" />
  <attribute name="pageSize" value="0x1000" />
  <attribute name="pageType" value="not used" />
  <attribute name="requestedPageSize" value="0x1000" />
  <attribute name="requestedPageType" value="not used" />
  <attribute name="gcthreads" value="4" />
  <attribute name="packetListSplit" value="1" />
  <attribute name="cacheListSplit" value="1" />
  <attribute name="splitFreeListSplitAmount" value="1" />
  <attribute name="numaNodes" value="0" />
  <system>
    <attribute name="physicalMemory" value="10477424640" />
    <attribute name="numCPUs" value="4" />
    <attribute name="architecture" value="amd64" />
    <attribute name="os" value="Linux" />
    <attribute name="osVersion" value="4.15.0-167-generic" />
  </system>
  <vmargs>
    <vmarg name="-Xoptionsfile=/home/keithc/space/openj9/jdk11/build/normal/images/jdk/lib/options.default" />
    <vmarg name="-Xlockword:mode=default,noLockword=java/lang/String,noLockword=java/util/MapEntry,noLockword=java/util/HashMap$Entry,noLockword..." />
    <vmarg name="-Xjcl:jclse29" />
    <vmarg name="-Dcom.ibm.oti.vm.bootstrap.library.path=/home/keithc/space/openj9/jdk11/build/normal/images/jdk/lib/default:/home/keithc/space/..." />
    <vmarg name="-Dsun.boot.library.path=/home/keithc/space/openj9/jdk11/build/normal/images/jdk/lib/default:/home/keithc/space/openj9/jdk11/bui..." />
    <vmarg name="-Djava.library.path=/home/keithc/space/openj9/jdk11/build/normal/images/jdk/lib/default:/home/keithc/space/openj9/jdk11/build/n..." />
    <vmarg name="-Djava.home=/home/keithc/space/openj9/jdk11/build/normal/images/jdk" />
    <vmarg name="-Duser.dir=/home/keithc/space/openj9/issue-14193" />
    <vmarg name="-agentlib:jdwp=transport=dt_socket,suspend=y,address=localhost:35519" />
    <vmarg name="-Xgcpolicy:optthruput" />
    <vmarg name="-Xverbosegclog" />
    <vmarg name="-Xdump:none" />
    <vmarg name="-Xdump:java:events=abort" />
    <vmarg name="-Xms800M" />
    <vmarg name="-Xmx800M" />
    <vmarg name="--add-exports=openj9.dtfj/com.ibm.dtfj.image.j9=test.ras" />
    <vmarg name="-javaagent:/home/keithc/eclipse/2021-12/eclipse/configuration/org.eclipse.osgi/180/0/.cp/lib/javaagent-shaded.jar" />
    <vmarg name="-Dfile.encoding=UTF-8" />
    <vmarg name="--module-path=/home/keithc/space/openj9/issue-14193/bin" />
    <vmarg name="-Djdk.module.main=test.ras" />
    <vmarg name="-Dsun.java.command=test.ras/test.TestRAS data/core.testSystemDumpNullFile.1643155017633.dmp" />
    <vmarg name="-Dsun.java.launcher=SUN_STANDARD" />
    <vmarg name="-Dsun.java.launcher.pid=6370" />
  </vmargs>
</initialized>

<exclusive-start id="2" timestamp="2022-02-02T12:29:50.510" intervalms="8055.026">
  <response-info timems="0.020" idlems="0.020" threads="0" lastid="0000000000016F00" lastname="main" />
</exclusive-start>
<af-start id="3" threadId="0000000000017908" totalBytesRequested="128" timestamp="2022-02-02T12:29:50.511" intervalms="8055.089" />
<cycle-start id="4" type="global" contextid="0" timestamp="2022-02-02T12:29:50.511" intervalms="8055.119" />
<gc-start id="5" type="global" contextid="4" timestamp="2022-02-02T12:29:50.511">
  <mem-info id="6" free="41943040" total="838860800" percent="5">
    <mem type="tenure" free="41943040" total="838860800" percent="5">
      <mem type="soa" free="0" total="796917760" percent="0" />
      <mem type="loa" free="41943040" total="41943040" percent="100" />
    </mem>
  </mem-info>
</gc-start>
<allocation-stats totalBytes="796564872" >
  <allocated-bytes non-tlh="7749128" tlh="788815744" />
  <largest-consumer threadName="main" threadId="0000000000016F00" bytes="796451664" />
</allocation-stats>
<gc-op id="7" type="mark" timems="272.535" contextid="4" timestamp="2022-02-02T12:29:50.783">
  <trace-info objectcount="9523645" scancount="7131559" scanbytes="153003732" />
  <finalization candidates="496" enqueued="126" />
  <ownableSynchronizers candidates="3" cleared="2" />
  <references type="soft" candidates="1063" cleared="0" enqueued="0" dynamicThreshold="32" maxThreshold="32" />
  <references type="weak" candidates="2722" cleared="758" enqueued="617" />
  <references type="phantom" candidates="244" cleared="55" enqueued="55" />
  <stringconstants candidates="6471" cleared="1"  />
  <object-monitors candidates="3" cleared="1"  />
</gc-op>
<gc-op id="8" type="classunload" timems="0.005" contextid="4" timestamp="2022-02-02T12:29:50.783">
  <classunload-info classloadercandidates="6" classloadersunloaded="0" classesunloaded="0" anonymousclassesunloaded="0" quiescems="0.000" setupms="0.004" scanms="0.001" postms="0.000" />
</gc-op>
<gc-op id="9" type="sweep" timems="8.040" contextid="4" timestamp="2022-02-02T12:29:50.791" />
<mem-info id="10" free="112701144" total="838860800" percent="13">
  <mem type="tenure" free="112701144" total="838860800" percent="13" micro-fragmented="210135252" macro-fragmented="0">
    <mem type="soa" free="70758104" total="796917760" percent="8" />
    <mem type="loa" free="41943040" total="41943040" percent="100" />
  </mem>
  <pending-finalizers system="122" default="4" reference="672" classloader="0" />
</mem-info>
<gc-op id="11" type="compact" timems="367.437" contextid="4" timestamp="2022-02-02T12:29:51.159">
  <compact-info movecount="9523642" movebytes="514875104" reason="micro fragmentation" />
</gc-op>
<gc-end id="12" type="global" contextid="4" durationms="648.248" usertimems="1720.989" systemtimems="9.875" stalltimems="809.339" timestamp="2022-02-02T12:29:51.159" activeThreads="4">
  <mem-info id="13" free="323947536" total="838860800" percent="38">
    <mem type="tenure" free="323947536" total="838860800" percent="38">
      <mem type="soa" free="282004496" total="796917760" percent="35" />
      <mem type="loa" free="41943040" total="41943040" percent="100" />
    </mem>
    <pending-finalizers system="122" default="4" reference="672" classloader="0" />
  </mem-info>
</gc-end>
<cycle-end id="14" type="global" contextid="4" timestamp="2022-02-02T12:29:51.159" />
<allocation-satisfied id="15" threadId="0000000000016F00" bytesRequested="128" />
<af-end id="16" timestamp="2022-02-02T12:29:51.159" threadId="0000000000017908" success="true" />
<exclusive-end id="17" timestamp="2022-02-02T12:29:51.159" durationms="648.545" />

<exclusive-start id="18" timestamp="2022-02-02T12:29:53.009" intervalms="2498.021">
  <response-info timems="0.026" idlems="0.026" threads="0" lastid="0000000000016F00" lastname="main" />
</exclusive-start>
<af-start id="19" threadId="0000000000017908" totalBytesRequested="184" timestamp="2022-02-02T12:29:53.009" intervalms="2498.287" />
<cycle-start id="20" type="global" contextid="0" timestamp="2022-02-02T12:29:53.009" intervalms="2498.356" />
<gc-start id="21" type="global" contextid="20" timestamp="2022-02-02T12:29:53.009">
  <mem-info id="22" free="41943040" total="838860800" percent="5">
    <mem type="tenure" free="41943040" total="838860800" percent="5">
      <mem type="soa" free="0" total="796917760" percent="0" />
      <mem type="loa" free="41943040" total="41943040" percent="100" />
    </mem>
  </mem-info>
</gc-start>
<allocation-stats totalBytes="281873776" >
  <allocated-bytes non-tlh="1347784" tlh="280525992" />
  <largest-consumer threadName="main" threadId="0000000000016F00" bytes="281857616" />
</allocation-stats>
<gc-op id="23" type="mark" timems="296.674" contextid="20" timestamp="2022-02-02T12:29:53.306">
  <trace-info objectcount="13065984" scancount="9788064" scanbytes="209660212" />
  <finalization candidates="371" enqueued="0" />
  <ownableSynchronizers candidates="1" cleared="0" />
  <references type="soft" candidates="1063" cleared="0" enqueued="0" dynamicThreshold="12" maxThreshold="32" />
  <references type="weak" candidates="1964" cleared="0" enqueued="0" />
  <references type="phantom" candidates="53" cleared="3" enqueued="3" />
  <stringconstants candidates="6470" cleared="0"  />
  <object-monitors candidates="2" cleared="0"  />
</gc-op>
<gc-op id="24" type="sweep" timems="5.769" contextid="20" timestamp="2022-02-02T12:29:53.312" />
<mem-info id="25" free="43583000" total="838860800" percent="5">
  <mem type="tenure" free="43583000" total="838860800" percent="5" micro-fragmented="81260762" macro-fragmented="39939376">
    <mem type="soa" free="1639960" total="796917760" percent="0" />
    <mem type="loa" free="41943040" total="41943040" percent="100" />
  </mem>
  <pending-finalizers system="0" default="0" reference="3" classloader="0" />
</mem-info>
<gc-op id="26" type="compact" timems="439.073" contextid="20" timestamp="2022-02-02T12:29:53.751">
  <compact-info movecount="10955743" movebytes="596376112" reason="micro fragmentation" />
</gc-op>
<gc-end id="27" type="global" contextid="20" durationms="741.827" usertimems="2307.916" systemtimems="5.390" stalltimems="638.719" timestamp="2022-02-02T12:29:53.751" activeThreads="4">
  <mem-info id="28" free="124615208" total="838860800" percent="14">
    <mem type="tenure" free="124615208" total="838860800" percent="14">
      <mem type="soa" free="82672168" total="796917760" percent="10" />
      <mem type="loa" free="41943040" total="41943040" percent="100" />
    </mem>
    <pending-finalizers system="0" default="0" reference="3" classloader="0" />
  </mem-info>
</gc-end>
<cycle-end id="29" type="global" contextid="20" timestamp="2022-02-02T12:29:53.751" />
<allocation-satisfied id="30" threadId="0000000000016F00" bytesRequested="184" />
<af-end id="31" timestamp="2022-02-02T12:29:53.751" threadId="0000000000017908" success="true" />
<exclusive-end id="32" timestamp="2022-02-02T12:29:53.751" durationms="742.641" />

<exclusive-start id="33" timestamp="2022-02-02T12:29:54.501" intervalms="1492.220">
  <response-info timems="0.022" idlems="0.022" threads="0" lastid="0000000000016F00" lastname="main" />
</exclusive-start>
<af-start id="34" threadId="0000000000017908" totalBytesRequested="24" timestamp="2022-02-02T12:29:54.501" intervalms="1491.940" />
<cycle-start id="35" type="global" contextid="0" timestamp="2022-02-02T12:29:54.501" intervalms="1491.872" />
<gc-start id="36" type="global" contextid="35" timestamp="2022-02-02T12:29:54.501">
  <mem-info id="37" free="41943040" total="838860800" percent="5">
    <mem type="tenure" free="41943040" total="838860800" percent="5">
      <mem type="soa" free="0" total="796917760" percent="0" />
      <mem type="loa" free="41943040" total="41943040" percent="100" />
    </mem>
  </mem-info>
</gc-start>
<allocation-stats totalBytes="82638512" >
  <allocated-bytes non-tlh="2841224" tlh="79797288" />
  <largest-consumer threadName="main" threadId="0000000000016F00" bytes="82638512" />
</allocation-stats>
<gc-op id="38" type="mark" timems="257.386" contextid="35" timestamp="2022-02-02T12:29:54.758">
  <trace-info objectcount="9758491" scancount="7307588" scanbytes="156758300" />
  <finalization candidates="481" enqueued="110" />
  <ownableSynchronizers candidates="1" cleared="0" />
  <references type="soft" candidates="1063" cleared="0" enqueued="0" dynamicThreshold="4" maxThreshold="32" />
  <references type="weak" candidates="1964" cleared="0" enqueued="0" />
  <references type="phantom" candidates="116" cleared="8" enqueued="8" />
  <stringconstants candidates="6470" cleared="0"  />
  <object-monitors candidates="2" cleared="0"  />
</gc-op>
<gc-op id="39" type="sweep" timems="4.300" contextid="35" timestamp="2022-02-02T12:29:54.763" />
<gc-end id="40" type="global" contextid="35" durationms="261.822" usertimems="483.256" systemtimems="0.000" stalltimems="562.923" timestamp="2022-02-02T12:29:54.763" activeThreads="4">
  <mem-info id="41" free="287085872" total="838860800" percent="34">
    <mem type="tenure" free="287085872" total="838860800" percent="34" micro-fragmented="21979223" macro-fragmented="0">
      <mem type="soa" free="245142832" total="796917760" percent="30" />
      <mem type="loa" free="41943040" total="41943040" percent="100" />
    </mem>
    <pending-finalizers system="109" default="1" reference="8" classloader="0" />
  </mem-info>
</gc-end>
<cycle-end id="42" type="global" contextid="35" timestamp="2022-02-02T12:29:54.763" />
<allocation-satisfied id="43" threadId="0000000000016F00" bytesRequested="24" />
<af-end id="44" timestamp="2022-02-02T12:29:54.763" threadId="0000000000017908" success="true" />
<exclusive-end id="45" timestamp="2022-02-02T12:29:54.763" durationms="262.158" />

<exclusive-start id="46" timestamp="2022-02-02T12:29:56.389" intervalms="1888.160">
  <response-info timems="0.024" idlems="0.024" threads="0" lastid="0000000000016F00" lastname="main" />
</exclusive-start>
<af-start id="47" threadId="0000000000017908" totalBytesRequested="200" timestamp="2022-02-02T12:29:56.389" intervalms="1888.164" />
<cycle-start id="48" type="global" contextid="0" timestamp="2022-02-02T12:29:56.389" intervalms="1888.162" />
<gc-start id="49" type="global" contextid="48" timestamp="2022-02-02T12:29:56.389">
  <mem-info id="50" free="41943040" total="838860800" percent="5">
    <mem type="tenure" free="41943040" total="838860800" percent="5">
      <mem type="soa" free="0" total="796917760" percent="0" />
      <mem type="loa" free="41943040" total="41943040" percent="100" />
    </mem>
  </mem-info>
</gc-start>
<allocation-stats totalBytes="245015880" >
  <allocated-bytes non-tlh="48" tlh="245015832" />
  <largest-consumer threadName="main" threadId="0000000000016F00" bytes="244999480" />
</allocation-stats>
<gc-op id="51" type="mark" timems="303.309" contextid="48" timestamp="2022-02-02T12:29:56.692">
  <trace-info objectcount="12879894" scancount="9648507" scanbytes="206682516" />
  <finalization candidates="371" enqueued="0" />
  <ownableSynchronizers candidates="1" cleared="0" />
  <references type="soft" candidates="1063" cleared="0" enqueued="0" dynamicThreshold="10" maxThreshold="32" />
  <references type="weak" candidates="1964" cleared="0" enqueued="0" />
  <references type="phantom" candidates="51" cleared="1" enqueued="1" />
  <stringconstants candidates="6471" cleared="0"  />
  <object-monitors candidates="2" cleared="0"  />
</gc-op>
<gc-op id="52" type="sweep" timems="5.804" contextid="48" timestamp="2022-02-02T12:29:56.698" />
<mem-info id="53" free="42976648" total="838860800" percent="5">
  <mem type="tenure" free="42976648" total="838860800" percent="5" micro-fragmented="93190193" macro-fragmented="39939376">
    <mem type="soa" free="1033608" total="796917760" percent="0" />
    <mem type="loa" free="41943040" total="41943040" percent="100" />
  </mem>
  <pending-finalizers system="0" default="0" reference="1" classloader="0" />
</mem-info>
<gc-op id="54" type="compact" timems="376.899" contextid="48" timestamp="2022-02-02T12:29:57.075">
  <compact-info movecount="8362870" movebytes="458563584" reason="micro fragmentation" />
</gc-op>
<gc-end id="55" type="global" contextid="48" durationms="686.323" usertimems="2036.839" systemtimems="14.659" stalltimems="677.752" timestamp="2022-02-02T12:29:57.075" activeThreads="4">
  <mem-info id="56" free="135415432" total="838860800" percent="16">
    <mem type="tenure" free="135415432" total="838860800" percent="16">
      <mem type="soa" free="93472392" total="796917760" percent="11" />
      <mem type="loa" free="41943040" total="41943040" percent="100" />
    </mem>
    <pending-finalizers system="0" default="0" reference="1" classloader="0" />
  </mem-info>
</gc-end>
<cycle-end id="57" type="global" contextid="48" timestamp="2022-02-02T12:29:57.075" />
<allocation-satisfied id="58" threadId="0000000000016F00" bytesRequested="200" />
<af-end id="59" timestamp="2022-02-02T12:29:57.075" threadId="0000000000017908" success="true" />
<exclusive-end id="60" timestamp="2022-02-02T12:29:57.075" durationms="686.602" />

<exclusive-start id="61" timestamp="2022-02-02T12:29:57.906" intervalms="1516.920">
  <response-info timems="0.022" idlems="0.022" threads="0" lastid="0000000000016F00" lastname="main" />
</exclusive-start>
<af-start id="62" threadId="0000000000017908" totalBytesRequested="128" timestamp="2022-02-02T12:29:57.906" intervalms="1516.932" />
<cycle-start id="63" type="global" contextid="0" timestamp="2022-02-02T12:29:57.906" intervalms="1516.934" />
<gc-start id="64" type="global" contextid="63" timestamp="2022-02-02T12:29:57.906">
  <mem-info id="65" free="41943040" total="838860800" percent="5">
    <mem type="tenure" free="41943040" total="838860800" percent="5">
      <mem type="soa" free="0" total="796917760" percent="0" />
      <mem type="loa" free="41943040" total="41943040" percent="100" />
    </mem>
  </mem-info>
</gc-start>
<allocation-stats totalBytes="93430728" >
  <allocated-bytes non-tlh="1661144" tlh="91769584" />
  <largest-consumer threadName="main" threadId="0000000000016F00" bytes="93430728" />
</allocation-stats>
<gc-op id="66" type="mark" timems="270.332" contextid="63" timestamp="2022-02-02T12:29:58.176">
  <trace-info objectcount="9720157" scancount="7278831" scanbytes="156144220" />
  <finalization candidates="480" enqueued="110" />
  <ownableSynchronizers candidates="1" cleared="0" />
  <references type="soft" candidates="1063" cleared="0" enqueued="0" dynamicThreshold="5" maxThreshold="32" />
  <references type="weak" candidates="1964" cleared="0" enqueued="0" />
  <references type="phantom" candidates="115" cleared="8" enqueued="8" />
  <stringconstants candidates="6471" cleared="0"  />
  <object-monitors candidates="2" cleared="0"  />
</gc-op>
<gc-op id="67" type="sweep" timems="4.456" contextid="63" timestamp="2022-02-02T12:29:58.181" />
<gc-end id="68" type="global" contextid="63" durationms="275.165" usertimems="540.169" systemtimems="6.303" stalltimems="549.254" timestamp="2022-02-02T12:29:58.181" activeThreads="4">
  <mem-info id="69" free="286587944" total="838860800" percent="34">
    <mem type="tenure" free="286587944" total="838860800" percent="34" micro-fragmented="25452136" macro-fragmented="0">
      <mem type="soa" free="244644904" total="796917760" percent="30" />
      <mem type="loa" free="41943040" total="41943040" percent="100" />
    </mem>
    <pending-finalizers system="109" default="1" reference="8" classloader="0" />
  </mem-info>
</gc-end>
<cycle-end id="70" type="global" contextid="63" timestamp="2022-02-02T12:29:58.181" />
<allocation-satisfied id="71" threadId="0000000000016F00" bytesRequested="128" />
<af-end id="72" timestamp="2022-02-02T12:29:58.181" threadId="0000000000017908" success="true" />
<exclusive-end id="73" timestamp="2022-02-02T12:29:58.181" durationms="275.431" />

<exclusive-start id="74" timestamp="2022-02-02T12:29:59.832" intervalms="1926.658">
  <response-info timems="0.025" idlems="0.025" threads="0" lastid="0000000000016F00" lastname="main" />
</exclusive-start>
<af-start id="75" threadId="0000000000017908" totalBytesRequested="112" timestamp="2022-02-02T12:29:59.833" intervalms="1926.646" />
<cycle-start id="76" type="global" contextid="0" timestamp="2022-02-02T12:29:59.833" intervalms="1926.645" />
<gc-start id="77" type="global" contextid="76" timestamp="2022-02-02T12:29:59.833">
  <mem-info id="78" free="41943040" total="838860800" percent="5">
    <mem type="tenure" free="41943040" total="838860800" percent="5">
      <mem type="soa" free="0" total="796917760" percent="0" />
      <mem type="loa" free="41943040" total="41943040" percent="100" />
    </mem>
  </mem-info>
</gc-start>
<allocation-stats totalBytes="244519256" >
  <allocated-bytes non-tlh="1347680" tlh="243171576" />
  <largest-consumer threadName="main" threadId="0000000000016F00" bytes="244502904" />
</allocation-stats>
<gc-op id="79" type="mark" timems="332.202" contextid="76" timestamp="2022-02-02T12:30:00.165">
  <trace-info objectcount="12823779" scancount="9606424" scanbytes="205784484" />
  <finalization candidates="371" enqueued="0" />
  <ownableSynchronizers candidates="1" cleared="0" />
  <references type="soft" candidates="1063" cleared="0" enqueued="0" dynamicThreshold="10" maxThreshold="32" />
  <references type="weak" candidates="1964" cleared="0" enqueued="0" />
  <references type="phantom" candidates="51" cleared="1" enqueued="1" />
  <stringconstants candidates="6471" cleared="0"  />
  <object-monitors candidates="2" cleared="0"  />
</gc-op>
<gc-op id="80" type="sweep" timems="8.166" contextid="76" timestamp="2022-02-02T12:30:00.173" />
<mem-info id="81" free="43467968" total="838860800" percent="5">
  <mem type="tenure" free="43467968" total="838860800" percent="5" micro-fragmented="95378473" macro-fragmented="39939376">
    <mem type="soa" free="1524928" total="796917760" percent="0" />
    <mem type="loa" free="41943040" total="41943040" percent="100" />
  </mem>
  <pending-finalizers system="0" default="0" reference="1" classloader="0" />
</mem-info>
<gc-op id="82" type="compact" timems="347.897" contextid="76" timestamp="2022-02-02T12:30:00.521">
  <compact-info movecount="6868699" movebytes="372699072" reason="micro fragmentation" />
</gc-op>
<gc-end id="83" type="global" contextid="76" durationms="688.599" usertimems="2005.838" systemtimems="0.000" stalltimems="672.065" timestamp="2022-02-02T12:30:00.521" activeThreads="4">
  <mem-info id="84" free="138895792" total="838860800" percent="16">
    <mem type="tenure" free="138895792" total="838860800" percent="16">
      <mem type="soa" free="96952752" total="796917760" percent="12" />
      <mem type="loa" free="41943040" total="41943040" percent="100" />
    </mem>
    <pending-finalizers system="0" default="0" reference="1" classloader="0" />
  </mem-info>
</gc-end>
<cycle-end id="85" type="global" contextid="76" timestamp="2022-02-02T12:30:00.521" />
<allocation-satisfied id="86" threadId="0000000000016F00" bytesRequested="112" />
<af-end id="87" timestamp="2022-02-02T12:30:00.521" threadId="0000000000017908" success="true" />
<exclusive-end id="88" timestamp="2022-02-02T12:30:00.521" durationms="688.840" />

<exclusive-start id="89" timestamp="2022-02-02T12:30:01.434" intervalms="1601.280">
  <response-info timems="0.030" idlems="0.030" threads="0" lastid="0000000000016F00" lastname="main" />
</exclusive-start>
<af-start id="90" threadId="0000000000017908" totalBytesRequested="216" timestamp="2022-02-02T12:30:01.434" intervalms="1601.284" />
<cycle-start id="91" type="global" contextid="0" timestamp="2022-02-02T12:30:01.434" intervalms="1601.287" />
<gc-start id="92" type="global" contextid="91" timestamp="2022-02-02T12:30:01.434">
  <mem-info id="93" free="41943040" total="838860800" percent="5">
    <mem type="tenure" free="41943040" total="838860800" percent="5">
      <mem type="soa" free="0" total="796917760" percent="0" />
      <mem type="loa" free="41943040" total="41943040" percent="100" />
    </mem>
  </mem-info>
</gc-start>
<allocation-stats totalBytes="96912752" >
  <allocated-bytes non-tlh="1661144" tlh="95251608" />
  <largest-consumer threadName="main" threadId="0000000000016F00" bytes="96912752" />
</allocation-stats>
<gc-op id="94" type="mark" timems="332.849" contextid="91" timestamp="2022-02-02T12:30:01.767">
  <trace-info objectcount="9702065" scancount="7264826" scanbytes="155822504" />
  <finalization candidates="480" enqueued="110" />
  <ownableSynchronizers candidates="1" cleared="0" />
  <references type="soft" candidates="1063" cleared="169" enqueued="162" dynamicThreshold="5" maxThreshold="32" />
  <references type="weak" candidates="1964" cleared="0" enqueued="0" />
  <references type="phantom" candidates="115" cleared="8" enqueued="8" />
  <stringconstants candidates="6471" cleared="2"  />
  <object-monitors candidates="2" cleared="0"  />
</gc-op>
<gc-op id="95" type="sweep" timems="5.224" contextid="91" timestamp="2022-02-02T12:30:01.772" />
<gc-end id="96" type="global" contextid="91" durationms="338.268" usertimems="696.300" systemtimems="40.068" stalltimems="607.381" timestamp="2022-02-02T12:30:01.772" activeThreads="4">
  <mem-info id="97" free="286648656" total="838860800" percent="34">
    <mem type="tenure" free="286648656" total="838860800" percent="34" micro-fragmented="26512621" macro-fragmented="0">
      <mem type="soa" free="244705616" total="796917760" percent="30" />
      <mem type="loa" free="41943040" total="41943040" percent="100" />
    </mem>
    <pending-finalizers system="109" default="1" reference="170" classloader="0" />
  </mem-info>
</gc-end>
<cycle-end id="98" type="global" contextid="91" timestamp="2022-02-02T12:30:01.772" />
<allocation-satisfied id="99" threadId="0000000000016F00" bytesRequested="216" />
<af-end id="100" timestamp="2022-02-02T12:30:01.772" threadId="0000000000017908" success="true" />
<exclusive-end id="101" timestamp="2022-02-02T12:30:01.772" durationms="338.622" />

<exclusive-start id="102" timestamp="2022-02-02T12:30:03.761" intervalms="2327.525">
  <response-info timems="0.028" idlems="0.028" threads="0" lastid="0000000000016F00" lastname="main" />
</exclusive-start>
<af-start id="103" threadId="0000000000017908" totalBytesRequested="24" timestamp="2022-02-02T12:30:03.761" intervalms="2327.528" />
<cycle-start id="104" type="global" contextid="0" timestamp="2022-02-02T12:30:03.761" intervalms="2327.527" />
<gc-start id="105" type="global" contextid="104" timestamp="2022-02-02T12:30:03.761">
  <mem-info id="106" free="41943040" total="838860800" percent="5">
    <mem type="tenure" free="41943040" total="838860800" percent="5">
      <mem type="soa" free="0" total="796917760" percent="0" />
      <mem type="loa" free="41943040" total="41943040" percent="100" />
    </mem>
  </mem-info>
</gc-start>
<allocation-stats totalBytes="244579440" >
  <allocated-bytes non-tlh="1347680" tlh="243231760" />
  <largest-consumer threadName="main" threadId="0000000000016F00" bytes="244563056" />
</allocation-stats>
<gc-op id="107" type="mark" timems="434.062" contextid="104" timestamp="2022-02-02T12:30:04.195">
  <trace-info objectcount="12804781" scancount="9591553" scanbytes="205433464" />
  <finalization candidates="371" enqueued="0" />
  <ownableSynchronizers candidates="1" cleared="0" />
  <references type="soft" candidates="894" cleared="0" enqueued="0" dynamicThreshold="10" maxThreshold="32" />
  <references type="weak" candidates="1964" cleared="0" enqueued="0" />
  <references type="phantom" candidates="51" cleared="1" enqueued="1" />
  <stringconstants candidates="6469" cleared="0"  />
  <object-monitors candidates="2" cleared="0"  />
</gc-op>
<gc-op id="108" type="sweep" timems="9.597" contextid="104" timestamp="2022-02-02T12:30:04.205" />
<mem-info id="109" free="43464840" total="838860800" percent="5">
  <mem type="tenure" free="43464840" total="838860800" percent="5" micro-fragmented="96867474" macro-fragmented="33282812">
    <mem type="soa" free="1521800" total="796917760" percent="0" />
    <mem type="loa" free="41943040" total="41943040" percent="100" />
  </mem>
  <pending-finalizers system="0" default="0" reference="1" classloader="0" />
</mem-info>
<gc-op id="110" type="compact" timems="689.566" contextid="104" timestamp="2022-02-02T12:30:04.895">
  <compact-info movecount="11813671" movebytes="644207440" reason="micro fragmentation" />
</gc-op>
<gc-end id="111" type="global" contextid="104" durationms="1133.524" usertimems="3402.981" systemtimems="29.271" stalltimems="951.313" timestamp="2022-02-02T12:30:04.895" activeThreads="4">
  <mem-info id="112" free="139974832" total="838860800" percent="16">
    <mem type="tenure" free="139974832" total="838860800" percent="16">
      <mem type="soa" free="98031792" total="796917760" percent="12" />
      <mem type="loa" free="41943040" total="41943040" percent="100" />
    </mem>
    <pending-finalizers system="0" default="0" reference="1" classloader="0" />
  </mem-info>
</gc-end>
<cycle-end id="113" type="global" contextid="104" timestamp="2022-02-02T12:30:04.895" />
<allocation-satisfied id="114" threadId="0000000000016F00" bytesRequested="24" />
<af-end id="115" timestamp="2022-02-02T12:30:04.895" threadId="0000000000017908" success="true" />
<exclusive-end id="116" timestamp="2022-02-02T12:30:04.895" durationms="1133.776" />

<exclusive-start id="117" timestamp="2022-02-02T12:30:05.802" intervalms="2040.547">
  <response-info timems="0.026" idlems="0.026" threads="0" lastid="0000000000016F00" lastname="main" />
</exclusive-start>
<af-start id="118" threadId="0000000000017908" totalBytesRequested="16" timestamp="2022-02-02T12:30:05.802" intervalms="2040.554" />
<cycle-start id="119" type="global" contextid="0" timestamp="2022-02-02T12:30:05.802" intervalms="2040.553" />
<gc-start id="120" type="global" contextid="119" timestamp="2022-02-02T12:30:05.802">
  <mem-info id="121" free="41943040" total="838860800" percent="5">
    <mem type="tenure" free="41943040" total="838860800" percent="5">
      <mem type="soa" free="0" total="796917760" percent="0" />
      <mem type="loa" free="41943040" total="41943040" percent="100" />
    </mem>
  </mem-info>
</gc-start>
<allocation-stats totalBytes="97987992" >
  <allocated-bytes non-tlh="1661144" tlh="96326848" />
  <largest-consumer threadName="main" threadId="0000000000016F00" bytes="97987992" />
</allocation-stats>
<gc-op id="122" type="mark" timems="292.880" contextid="119" timestamp="2022-02-02T12:30:06.095">
  <trace-info objectcount="9697422" scancount="7261171" scanbytes="155733208" />
  <finalization candidates="480" enqueued="110" />
  <ownableSynchronizers candidates="1" cleared="0" />
  <references type="soft" candidates="894" cleared="0" enqueued="0" dynamicThreshold="5" maxThreshold="32" />
  <references type="weak" candidates="1964" cleared="0" enqueued="0" />
  <references type="phantom" candidates="115" cleared="8" enqueued="8" />
  <stringconstants candidates="6469" cleared="0"  />
  <object-monitors candidates="2" cleared="0"  />
</gc-op>
<gc-op id="123" type="sweep" timems="6.731" contextid="119" timestamp="2022-02-02T12:30:06.102" />
<gc-end id="124" type="global" contextid="119" durationms="299.799" usertimems="563.052" systemtimems="3.628" stalltimems="623.033" timestamp="2022-02-02T12:30:06.102" activeThreads="4">
  <mem-info id="125" free="286596976" total="838860800" percent="34">
    <mem type="tenure" free="286596976" total="838860800" percent="34" micro-fragmented="26776792" macro-fragmented="0">
      <mem type="soa" free="244653936" total="796917760" percent="30" />
      <mem type="loa" free="41943040" total="41943040" percent="100" />
    </mem>
    <pending-finalizers system="109" default="1" reference="8" classloader="0" />
  </mem-info>
</gc-end>
<cycle-end id="126" type="global" contextid="119" timestamp="2022-02-02T12:30:06.102" />
<allocation-satisfied id="127" threadId="0000000000016F00" bytesRequested="16" />
<af-end id="128" timestamp="2022-02-02T12:30:06.102" threadId="0000000000017908" success="true" />
<exclusive-end id="129" timestamp="2022-02-02T12:30:06.102" durationms="300.108" />

<exclusive-start id="130" timestamp="2022-02-02T12:30:07.780" intervalms="1978.070">
  <response-info timems="0.022" idlems="0.022" threads="0" lastid="0000000000016F00" lastname="main" />
</exclusive-start>
<af-start id="131" threadId="0000000000017908" totalBytesRequested="200" timestamp="2022-02-02T12:30:07.780" intervalms="1978.059" />
<cycle-start id="132" type="global" contextid="0" timestamp="2022-02-02T12:30:07.780" intervalms="1978.058" />
<gc-start id="133" type="global" contextid="132" timestamp="2022-02-02T12:30:07.780">
  <mem-info id="134" free="41943040" total="838860800" percent="5">
    <mem type="tenure" free="41943040" total="838860800" percent="5">
      <mem type="soa" free="0" total="796917760" percent="0" />
      <mem type="loa" free="41943040" total="41943040" percent="100" />
    </mem>
  </mem-info>
</gc-start>
<allocation-stats totalBytes="244526536" >
  <allocated-bytes non-tlh="1347680" tlh="243178856" />
  <largest-consumer threadName="main" threadId="0000000000016F00" bytes="244510200" />
</allocation-stats>
<gc-op id="135" type="mark" timems="305.151" contextid="132" timestamp="2022-02-02T12:30:08.085">
  <trace-info objectcount="12800714" scancount="9588523" scanbytes="205368176" />
  <finalization candidates="371" enqueued="0" />
  <ownableSynchronizers candidates="1" cleared="0" />
  <references type="soft" candidates="894" cleared="0" enqueued="0" dynamicThreshold="10" maxThreshold="32" />
  <references type="weak" candidates="1964" cleared="0" enqueued="0" />
  <references type="phantom" candidates="51" cleared="1" enqueued="1" />
  <stringconstants candidates="6469" cleared="0"  />
  <object-monitors candidates="2" cleared="0"  />
</gc-op>
<gc-op id="136" type="sweep" timems="6.461" contextid="132" timestamp="2022-02-02T12:30:08.092" />
<mem-info id="137" free="43467384" total="838860800" percent="5">
  <mem type="tenure" free="43467384" total="838860800" percent="5" micro-fragmented="97021427" macro-fragmented="39939376">
    <mem type="soa" free="1524344" total="796917760" percent="0" />
    <mem type="loa" free="41943040" total="41943040" percent="100" />
  </mem>
  <pending-finalizers system="0" default="0" reference="1" classloader="0" />
</mem-info>
<gc-op id="138" type="compact" timems="340.212" contextid="132" timestamp="2022-02-02T12:30:08.432">
  <compact-info movecount="7462737" movebytes="412210120" reason="micro fragmentation" />
</gc-op>
<gc-end id="139" type="global" contextid="132" durationms="652.128" usertimems="1682.201" systemtimems="0.000" stalltimems="901.177" timestamp="2022-02-02T12:30:08.432" activeThreads="4">
  <mem-info id="140" free="140227400" total="838860800" percent="16">
    <mem type="tenure" free="140227400" total="838860800" percent="16">
      <mem type="soa" free="98284360" total="796917760" percent="12" />
      <mem type="loa" free="41943040" total="41943040" percent="100" />
    </mem>
    <pending-finalizers system="0" default="0" reference="1" classloader="0" />
  </mem-info>
</gc-end>
<cycle-end id="141" type="global" contextid="132" timestamp="2022-02-02T12:30:08.432" />
<allocation-satisfied id="142" threadId="0000000000016F00" bytesRequested="200" />
<af-end id="143" timestamp="2022-02-02T12:30:08.432" threadId="0000000000017908" success="true" />
<exclusive-end id="144" timestamp="2022-02-02T12:30:08.432" durationms="652.374" />

<exclusive-start id="145" timestamp="2022-02-02T12:30:09.288" intervalms="1508.405">
  <response-info timems="0.028" idlems="0.028" threads="0" lastid="0000000000016F00" lastname="main" />
</exclusive-start>
<af-start id="146" threadId="0000000000017908" totalBytesRequested="192" timestamp="2022-02-02T12:30:09.288" intervalms="1508.412" />
<cycle-start id="147" type="global" contextid="0" timestamp="2022-02-02T12:30:09.288" intervalms="1508.415" />
<gc-start id="148" type="global" contextid="147" timestamp="2022-02-02T12:30:09.288">
  <mem-info id="149" free="41943040" total="838860800" percent="5">
    <mem type="tenure" free="41943040" total="838860800" percent="5">
      <mem type="soa" free="0" total="796917760" percent="0" />
      <mem type="loa" free="41943040" total="41943040" percent="100" />
    </mem>
  </mem-info>
</gc-start>
<allocation-stats totalBytes="98240520" >
  <allocated-bytes non-tlh="1493768" tlh="96746752" />
  <largest-consumer threadName="main" threadId="0000000000016F00" bytes="98240520" />
</allocation-stats>
<gc-op id="150" type="mark" timems="203.850" contextid="147" timestamp="2022-02-02T12:30:09.492">
  <trace-info objectcount="9696094" scancount="7260178" scanbytes="155713380" />
  <finalization candidates="480" enqueued="110" />
  <ownableSynchronizers candidates="1" cleared="0" />
  <references type="soft" candidates="894" cleared="0" enqueued="0" dynamicThreshold="5" maxThreshold="32" />
  <references type="weak" candidates="1964" cleared="0" enqueued="0" />
  <references type="phantom" candidates="115" cleared="8" enqueued="8" />
  <stringconstants candidates="6469" cleared="0"  />
  <object-monitors candidates="2" cleared="0"  />
</gc-op>
<gc-op id="151" type="sweep" timems="4.440" contextid="147" timestamp="2022-02-02T12:30:09.497" />
<gc-end id="152" type="global" contextid="147" durationms="208.437" usertimems="268.724" systemtimems="0.000" stalltimems="561.684" timestamp="2022-02-02T12:30:09.497" activeThreads="4">
  <mem-info id="153" free="286598952" total="838860800" percent="34">
    <mem type="tenure" free="286598952" total="838860800" percent="34" micro-fragmented="26784984" macro-fragmented="0">
      <mem type="soa" free="244655912" total="796917760" percent="30" />
      <mem type="loa" free="41943040" total="41943040" percent="100" />
    </mem>
    <pending-finalizers system="109" default="1" reference="8" classloader="0" />
  </mem-info>
</gc-end>
<cycle-end id="154" type="global" contextid="147" timestamp="2022-02-02T12:30:09.497" />
<allocation-satisfied id="155" threadId="0000000000016F00" bytesRequested="192" />
<af-end id="156" timestamp="2022-02-02T12:30:09.497" threadId="0000000000017908" success="true" />
<exclusive-end id="157" timestamp="2022-02-02T12:30:09.497" durationms="208.760" />

<exclusive-start id="158" timestamp="2022-02-02T12:30:11.140" intervalms="1851.818">
  <response-info timems="0.029" idlems="0.029" threads="0" lastid="0000000000016F00" lastname="main" />
</exclusive-start>
<af-start id="159" threadId="0000000000017908" totalBytesRequested="104" timestamp="2022-02-02T12:30:11.140" intervalms="1851.809" />
<cycle-start id="160" type="global" contextid="0" timestamp="2022-02-02T12:30:11.140" intervalms="1851.807" />
<gc-start id="161" type="global" contextid="160" timestamp="2022-02-02T12:30:11.140">
  <mem-info id="162" free="41943040" total="838860800" percent="5">
    <mem type="tenure" free="41943040" total="838860800" percent="5">
      <mem type="soa" free="0" total="796917760" percent="0" />
      <mem type="loa" free="41943040" total="41943040" percent="100" />
    </mem>
  </mem-info>
</gc-start>
<allocation-stats totalBytes="244527608" >
  <allocated-bytes non-tlh="1347680" tlh="243179928" />
  <largest-consumer threadName="main" threadId="0000000000016F00" bytes="244514512" />
</allocation-stats>
<gc-op id="163" type="mark" timems="445.752" contextid="160" timestamp="2022-02-02T12:30:11.586">
  <trace-info objectcount="12799399" scancount="9587492" scanbytes="205348588" />
  <finalization candidates="371" enqueued="0" />
  <ownableSynchronizers candidates="1" cleared="0" />
  <references type="soft" candidates="894" cleared="0" enqueued="0" dynamicThreshold="10" maxThreshold="32" />
  <references type="weak" candidates="1964" cleared="0" enqueued="0" />
  <references type="phantom" candidates="51" cleared="1" enqueued="1" />
  <stringconstants candidates="6469" cleared="0"  />
  <object-monitors candidates="2" cleared="0"  />
</gc-op>
<gc-op id="164" type="sweep" timems="6.385" contextid="160" timestamp="2022-02-02T12:30:11.592" />
<mem-info id="165" free="43467712" total="838860800" percent="5">
  <mem type="tenure" free="43467712" total="838860800" percent="5" micro-fragmented="97279806" macro-fragmented="33282812">
    <mem type="soa" free="1524672" total="796917760" percent="0" />
    <mem type="loa" free="41943040" total="41943040" percent="100" />
  </mem>
  <pending-finalizers system="0" default="0" reference="1" classloader="0" />
</mem-info>
<gc-op id="166" type="compact" timems="464.338" contextid="160" timestamp="2022-02-02T12:30:12.057">
  <compact-info movecount="11791128" movebytes="642471160" reason="micro fragmentation" />
</gc-op>
<gc-end id="167" type="global" contextid="160" durationms="916.775" usertimems="3129.020" systemtimems="18.692" stalltimems="502.321" timestamp="2022-02-02T12:30:12.057" activeThreads="4">
  <mem-info id="168" free="140300936" total="838860800" percent="16">
    <mem type="tenure" free="140300936" total="838860800" percent="16">
      <mem type="soa" free="98357896" total="796917760" percent="12" />
      <mem type="loa" free="41943040" total="41943040" percent="100" />
    </mem>
    <pending-finalizers system="0" default="0" reference="1" classloader="0" />
  </mem-info>
</gc-end>
<cycle-end id="169" type="global" contextid="160" timestamp="2022-02-02T12:30:12.057" />
<allocation-satisfied id="170" threadId="0000000000016F00" bytesRequested="104" />
<af-end id="171" timestamp="2022-02-02T12:30:12.057" threadId="0000000000017908" success="true" />
<exclusive-end id="172" timestamp="2022-02-02T12:30:12.057" durationms="917.026" />

<exclusive-start id="173" timestamp="2022-02-02T12:30:12.950" intervalms="1809.622">
  <response-info timems="0.024" idlems="0.024" threads="0" lastid="0000000000016F00" lastname="main" />
</exclusive-start>
<af-start id="174" threadId="0000000000017908" totalBytesRequested="192" timestamp="2022-02-02T12:30:12.950" intervalms="1809.659" />
<cycle-start id="175" type="global" contextid="0" timestamp="2022-02-02T12:30:12.950" intervalms="1809.664" />
<gc-start id="176" type="global" contextid="175" timestamp="2022-02-02T12:30:12.950">
  <mem-info id="177" free="41943040" total="838860800" percent="5">
    <mem type="tenure" free="41943040" total="838860800" percent="5">
      <mem type="soa" free="0" total="796917760" percent="0" />
      <mem type="loa" free="41943040" total="41943040" percent="100" />
    </mem>
  </mem-info>
</gc-start>
<allocation-stats totalBytes="98316888" >
  <allocated-bytes non-tlh="1493768" tlh="96823120" />
  <largest-consumer threadName="main" threadId="0000000000016F00" bytes="98316888" />
</allocation-stats>
<gc-op id="178" type="mark" timems="278.852" contextid="175" timestamp="2022-02-02T12:30:13.229">
  <trace-info objectcount="9695672" scancount="7259853" scanbytes="155706420" />
  <finalization candidates="480" enqueued="110" />
  <ownableSynchronizers candidates="1" cleared="0" />
  <references type="soft" candidates="894" cleared="0" enqueued="0" dynamicThreshold="5" maxThreshold="32" />
  <references type="weak" candidates="1964" cleared="0" enqueued="0" />
  <references type="phantom" candidates="115" cleared="8" enqueued="8" />
  <stringconstants candidates="6469" cleared="0"  />
  <object-monitors candidates="2" cleared="0"  />
</gc-op>
<gc-op id="179" type="sweep" timems="4.362" contextid="175" timestamp="2022-02-02T12:30:13.233" />
<gc-end id="180" type="global" contextid="175" durationms="283.353" usertimems="542.522" systemtimems="17.750" stalltimems="570.249" timestamp="2022-02-02T12:30:13.233" activeThreads="4">
  <mem-info id="181" free="286528640" total="838860800" percent="34">
    <mem type="tenure" free="286528640" total="838860800" percent="34" micro-fragmented="26832238" macro-fragmented="0">
      <mem type="soa" free="244585600" total="796917760" percent="30" />
      <mem type="loa" free="41943040" total="41943040" percent="100" />
    </mem>
    <pending-finalizers system="109" default="1" reference="8" classloader="0" />
  </mem-info>
</gc-end>
<cycle-end id="182" type="global" contextid="175" timestamp="2022-02-02T12:30:13.233" />
<allocation-satisfied id="183" threadId="0000000000016F00" bytesRequested="192" />
<af-end id="184" timestamp="2022-02-02T12:30:13.233" threadId="0000000000017908" success="true" />
<exclusive-end id="185" timestamp="2022-02-02T12:30:13.233" durationms="283.681" />

<exclusive-start id="186" timestamp="2022-02-02T12:30:14.879" intervalms="1929.162">
  <response-info timems="0.026" idlems="0.026" threads="0" lastid="0000000000016F00" lastname="main" />
</exclusive-start>
<af-start id="187" threadId="0000000000017908" totalBytesRequested="192" timestamp="2022-02-02T12:30:14.879" intervalms="1929.127" />
<cycle-start id="188" type="global" contextid="0" timestamp="2022-02-02T12:30:14.879" intervalms="1929.121" />
<gc-start id="189" type="global" contextid="188" timestamp="2022-02-02T12:30:14.879">
  <mem-info id="190" free="41943040" total="838860800" percent="5">
    <mem type="tenure" free="41943040" total="838860800" percent="5">
      <mem type="soa" free="0" total="796917760" percent="0" />
      <mem type="loa" free="41943040" total="41943040" percent="100" />
    </mem>
  </mem-info>
</gc-start>
<allocation-stats totalBytes="244519032" >
  <allocated-bytes non-tlh="1347680" tlh="243171352" />
  <largest-consumer threadName="main" threadId="0000000000016F00" bytes="244502648" />
</allocation-stats>
<gc-op id="191" type="mark" timems="290.320" contextid="188" timestamp="2022-02-02T12:30:15.169">
  <trace-info objectcount="12798842" scancount="9587028" scanbytes="205339452" />
  <finalization candidates="371" enqueued="0" />
  <ownableSynchronizers candidates="1" cleared="0" />
  <references type="soft" candidates="894" cleared="0" enqueued="0" dynamicThreshold="10" maxThreshold="32" />
  <references type="weak" candidates="1964" cleared="0" enqueued="0" />
  <references type="phantom" candidates="51" cleared="1" enqueued="1" />
  <stringconstants candidates="6469" cleared="0"  />
  <object-monitors candidates="2" cleared="0"  />
</gc-op>
<gc-op id="192" type="sweep" timems="6.698" contextid="188" timestamp="2022-02-02T12:30:15.176" />
<mem-info id="193" free="43466120" total="838860800" percent="5">
  <mem type="tenure" free="43466120" total="838860800" percent="5" micro-fragmented="97346674" macro-fragmented="33282812">
    <mem type="soa" free="1523080" total="796917760" percent="0" />
    <mem type="loa" free="41943040" total="41943040" percent="100" />
  </mem>
  <pending-finalizers system="0" default="0" reference="1" classloader="0" />
</mem-info>
<gc-op id="194" type="compact" timems="320.891" contextid="188" timestamp="2022-02-02T12:30:15.497">
  <compact-info movecount="6912156" movebytes="380761088" reason="micro fragmentation" />
</gc-op>
<gc-end id="195" type="global" contextid="188" durationms="618.239" usertimems="1781.029" systemtimems="1.893" stalltimems="678.798" timestamp="2022-02-02T12:30:15.497" activeThreads="4">
  <mem-info id="196" free="140323368" total="838860800" percent="16">
    <mem type="tenure" free="140323368" total="838860800" percent="16">
      <mem type="soa" free="98380328" total="796917760" percent="12" />
      <mem type="loa" free="41943040" total="41943040" percent="100" />
    </mem>
    <pending-finalizers system="0" default="0" reference="1" classloader="0" />
  </mem-info>
</gc-end>
<cycle-end id="197" type="global" contextid="188" timestamp="2022-02-02T12:30:15.497" />
<allocation-satisfied id="198" threadId="0000000000016F00" bytesRequested="192" />
<af-end id="199" timestamp="2022-02-02T12:30:15.497" threadId="0000000000017908" success="true" />
<exclusive-end id="200" timestamp="2022-02-02T12:30:15.497" durationms="618.486" />

<exclusive-start id="201" timestamp="2022-02-02T12:30:16.354" intervalms="1474.613">
  <response-info timems="0.036" idlems="0.036" threads="0" lastid="0000000000016F00" lastname="main" />
</exclusive-start>
<af-start id="202" threadId="0000000000017908" totalBytesRequested="232" timestamp="2022-02-02T12:30:16.354" intervalms="1474.629" />
<cycle-start id="203" type="global" contextid="0" timestamp="2022-02-02T12:30:16.354" intervalms="1474.648" />
<gc-start id="204" type="global" contextid="203" timestamp="2022-02-02T12:30:16.354">
  <mem-info id="205" free="41943040" total="838860800" percent="5">
    <mem type="tenure" free="41943040" total="838860800" percent="5">
      <mem type="soa" free="0" total="796917760" percent="0" />
      <mem type="loa" free="41943040" total="41943040" percent="100" />
    </mem>
  </mem-info>
</gc-start>
<allocation-stats totalBytes="98337120" >
  <allocated-bytes non-tlh="1661144" tlh="96675976" />
  <largest-consumer threadName="main" threadId="0000000000016F00" bytes="98337120" />
</allocation-stats>
<heap-resize id="206" type="loa contract" space="tenure" amount="8388608" count="1" timems="0.000" reason="contract underutilized loa" timestamp="2022-02-02T12:30:16.354" />
<gc-op id="207" type="mark" timems="219.101" contextid="203" timestamp="2022-02-02T12:30:16.573">
  <trace-info objectcount="9695210" scancount="7259465" scanbytes="155698820" />
  <finalization candidates="480" enqueued="110" />
  <ownableSynchronizers candidates="1" cleared="0" />
  <references type="soft" candidates="894" cleared="0" enqueued="0" dynamicThreshold="5" maxThreshold="32" />
  <references type="weak" candidates="1964" cleared="0" enqueued="0" />
  <references type="phantom" candidates="115" cleared="8" enqueued="8" />
  <stringconstants candidates="6469" cleared="0"  />
  <object-monitors candidates="2" cleared="0"  />
</gc-op>
<gc-op id="208" type="sweep" timems="5.246" contextid="203" timestamp="2022-02-02T12:30:16.578" />
<gc-end id="209" type="global" contextid="203" durationms="224.604" usertimems="279.468" systemtimems="9.142" stalltimems="607.928" timestamp="2022-02-02T12:30:16.578" activeThreads="4">
  <mem-info id="210" free="286589104" total="838860800" percent="34">
    <mem type="tenure" free="286589104" total="838860800" percent="34" micro-fragmented="27187257" macro-fragmented="0">
      <mem type="soa" free="253034672" total="805306368" percent="31" />
      <mem type="loa" free="33554432" total="33554432" percent="100" />
    </mem>
    <pending-finalizers system="109" default="1" reference="8" classloader="0" />
  </mem-info>
</gc-end>
<cycle-end id="211" type="global" contextid="203" timestamp="2022-02-02T12:30:16.578" />
<allocation-satisfied id="212" threadId="0000000000016F00" bytesRequested="232" />
<af-end id="213" timestamp="2022-02-02T12:30:16.578" threadId="0000000000017908" success="true" />
<exclusive-end id="214" timestamp="2022-02-02T12:30:16.578" durationms="224.945" />

<exclusive-start id="215" timestamp="2022-02-02T12:30:18.277" intervalms="1923.244">
  <response-info timems="0.022" idlems="0.022" threads="0" lastid="0000000000016F00" lastname="main" />
</exclusive-start>
<af-start id="216" threadId="0000000000017908" totalBytesRequested="24" timestamp="2022-02-02T12:30:18.277" intervalms="1923.225" />
<cycle-start id="217" type="global" contextid="0" timestamp="2022-02-02T12:30:18.277" intervalms="1923.205" />
<gc-start id="218" type="global" contextid="217" timestamp="2022-02-02T12:30:18.277">
  <mem-info id="219" free="33554432" total="838860800" percent="4">
    <mem type="tenure" free="33554432" total="838860800" percent="4">
      <mem type="soa" free="0" total="805306368" percent="0" />
      <mem type="loa" free="33554432" total="33554432" percent="100" />
    </mem>
  </mem-info>
</gc-start>
<allocation-stats totalBytes="252893368" >
  <allocated-bytes non-tlh="1347680" tlh="251545688" />
  <largest-consumer threadName="main" threadId="0000000000016F00" bytes="252880272" />
</allocation-stats>
<heap-resize id="220" type="loa contract" space="tenure" amount="8388608" count="1" timems="0.000" reason="contract underutilized loa" timestamp="2022-02-02T12:30:18.277" />
<gc-op id="221" type="mark" timems="305.015" contextid="217" timestamp="2022-02-02T12:30:18.582">
  <trace-info objectcount="12894829" scancount="9659054" scanbytes="206875044" />
  <finalization candidates="371" enqueued="0" />
  <ownableSynchronizers candidates="1" cleared="0" />
  <references type="soft" candidates="894" cleared="0" enqueued="0" dynamicThreshold="10" maxThreshold="32" />
  <references type="weak" candidates="1964" cleared="0" enqueued="0" />
  <references type="phantom" candidates="51" cleared="1" enqueued="1" />
  <stringconstants candidates="6469" cleared="0"  />
  <object-monitors candidates="2" cleared="0"  />
</gc-op>
<gc-op id="222" type="sweep" timems="6.314" contextid="217" timestamp="2022-02-02T12:30:18.588" />
<mem-info id="223" free="35070408" total="838860800" percent="4">
  <mem type="tenure" free="35070408" total="838860800" percent="4" micro-fragmented="99982461" macro-fragmented="23113062">
    <mem type="soa" free="9904584" total="813694976" percent="1" />
    <mem type="loa" free="25165824" total="25165824" percent="100" />
  </mem>
  <pending-finalizers system="0" default="0" reference="1" classloader="0" />
</mem-info>
<gc-op id="224" type="compact" timems="421.396" contextid="217" timestamp="2022-02-02T12:30:19.010">
  <compact-info movecount="10344227" movebytes="564565496" reason="micro fragmentation" />
</gc-op>
<heap-resize id="225" type="loa contract" space="tenure" amount="16777216" count="1" timems="0.000" reason="contract to meet minimum soa" timestamp="2022-02-02T12:30:19.010" />
<gc-end id="226" type="global" contextid="217" durationms="733.234" usertimems="2299.593" systemtimems="0.000" stalltimems="618.310" timestamp="2022-02-02T12:30:19.010" activeThreads="4">
  <mem-info id="227" free="134392288" total="838860800" percent="16">
    <mem type="tenure" free="134392288" total="838860800" percent="16">
      <mem type="soa" free="126003680" total="830472192" percent="15" />
      <mem type="loa" free="8388608" total="8388608" percent="100" />
    </mem>
    <pending-finalizers system="0" default="0" reference="1" classloader="0" />
  </mem-info>
</gc-end>
<cycle-end id="228" type="global" contextid="217" timestamp="2022-02-02T12:30:19.010" />
<allocation-satisfied id="229" threadId="0000000000016F00" bytesRequested="24" />
<af-end id="230" timestamp="2022-02-02T12:30:19.010" threadId="0000000000017908" success="true" />
<exclusive-end id="231" timestamp="2022-02-02T12:30:19.010" durationms="733.547" />

<exclusive-start id="232" timestamp="2022-02-02T12:30:20.049" intervalms="1772.340">
  <response-info timems="0.022" idlems="0.022" threads="0" lastid="0000000000016F00" lastname="main" />
</exclusive-start>
<af-start id="233" threadId="0000000000017908" totalBytesRequested="24" timestamp="2022-02-02T12:30:20.049" intervalms="1772.629" />
<cycle-start id="234" type="global" contextid="0" timestamp="2022-02-02T12:30:20.049" intervalms="1772.634" />
<gc-start id="235" type="global" contextid="234" timestamp="2022-02-02T12:30:20.050">
  <mem-info id="236" free="8388608" total="838860800" percent="1">
    <mem type="tenure" free="8388608" total="838860800" percent="1">
      <mem type="soa" free="0" total="830472192" percent="0" />
      <mem type="loa" free="8388608" total="8388608" percent="100" />
    </mem>
  </mem-info>
</gc-start>
<allocation-stats totalBytes="125949232" >
  <allocated-bytes non-tlh="2938248" tlh="123010984" />
  <largest-consumer threadName="main" threadId="0000000000016F00" bytes="125949232" />
</allocation-stats>
<gc-op id="237" type="mark" timems="310.498" contextid="234" timestamp="2022-02-02T12:30:20.360">
  <trace-info objectcount="10136752" scancount="7590617" scanbytes="162763828" />
  <finalization candidates="481" enqueued="110" />
  <ownableSynchronizers candidates="1" cleared="0" />
  <references type="soft" candidates="894" cleared="0" enqueued="0" dynamicThreshold="5" maxThreshold="32" />
  <references type="weak" candidates="1964" cleared="0" enqueued="0" />
  <references type="phantom" candidates="116" cleared="8" enqueued="8" />
  <stringconstants candidates="6469" cleared="0"  />
  <object-monitors candidates="2" cleared="0"  />
</gc-op>
<gc-op id="238" type="sweep" timems="4.724" contextid="234" timestamp="2022-02-02T12:30:20.365" />
<gc-end id="239" type="global" contextid="234" durationms="315.629" usertimems="709.807" systemtimems="0.000" stalltimems="549.364" timestamp="2022-02-02T12:30:20.365" activeThreads="4">
  <mem-info id="240" free="253537448" total="838860800" percent="30">
    <mem type="tenure" free="253537448" total="838860800" percent="30" micro-fragmented="34503433" macro-fragmented="0">
      <mem type="soa" free="245148840" total="830472192" percent="29" />
      <mem type="loa" free="8388608" total="8388608" percent="100" />
    </mem>
    <pending-finalizers system="109" default="1" reference="8" classloader="0" />
  </mem-info>
</gc-end>
<cycle-end id="241" type="global" contextid="234" timestamp="2022-02-02T12:30:20.365" />
<allocation-satisfied id="242" threadId="0000000000016F00" bytesRequested="24" />
<af-end id="243" timestamp="2022-02-02T12:30:20.365" threadId="0000000000017908" success="true" />
<exclusive-end id="244" timestamp="2022-02-02T12:30:20.365" durationms="316.212" />

<exclusive-start id="245" timestamp="2022-02-02T12:30:22.131" intervalms="2081.631">
  <response-info timems="0.027" idlems="0.027" threads="0" lastid="0000000000016F00" lastname="main" />
</exclusive-start>
<af-start id="246" threadId="0000000000017908" totalBytesRequested="88" timestamp="2022-02-02T12:30:22.131" intervalms="2081.344" />
<cycle-start id="247" type="global" contextid="0" timestamp="2022-02-02T12:30:22.131" intervalms="2081.341" />
<gc-start id="248" type="global" contextid="247" timestamp="2022-02-02T12:30:22.131">
  <mem-info id="249" free="8388608" total="838860800" percent="1">
    <mem type="tenure" free="8388608" total="838860800" percent="1">
      <mem type="soa" free="0" total="830472192" percent="0" />
      <mem type="loa" free="8388608" total="8388608" percent="100" />
    </mem>
  </mem-info>
</gc-start>
<allocation-stats totalBytes="245022352" >
  <allocated-bytes non-tlh="486536" tlh="244535816" />
  <largest-consumer threadName="main" threadId="0000000000016F00" bytes="245009200" />
</allocation-stats>
<gc-op id="250" type="mark" timems="329.189" contextid="247" timestamp="2022-02-02T12:30:22.460">
  <trace-info objectcount="13258019" scancount="9931519" scanbytes="212695868" />
  <finalization candidates="401" enqueued="18" />
  <ownableSynchronizers candidates="1" cleared="0" />
  <references type="soft" candidates="894" cleared="0" enqueued="0" dynamicThreshold="9" maxThreshold="32" />
  <references type="weak" candidates="1964" cleared="0" enqueued="0" />
  <references type="phantom" candidates="81" cleared="1" enqueued="1" />
  <stringconstants candidates="6469" cleared="0"  />
  <object-monitors candidates="2" cleared="0"  />
</gc-op>
<gc-op id="251" type="sweep" timems="6.084" contextid="247" timestamp="2022-02-02T12:30:22.466" />
<mem-info id="252" free="10996840" total="838860800" percent="1">
  <mem type="tenure" free="10996840" total="838860800" percent="1" micro-fragmented="104827787" macro-fragmented="0">
    <mem type="soa" free="2608232" total="830472192" percent="0" />
    <mem type="loa" free="8388608" total="8388608" percent="100" />
  </mem>
  <pending-finalizers system="18" default="0" reference="1" classloader="0" />
</mem-info>
<gc-op id="253" type="compact" timems="356.865" contextid="247" timestamp="2022-02-02T12:30:22.823">
  <compact-info movecount="7981863" movebytes="439672408" reason="low free space (less than 4%)" />
</gc-op>
<gc-end id="254" type="global" contextid="247" durationms="692.610" usertimems="2071.515" systemtimems="17.284" stalltimems="661.387" timestamp="2022-02-02T12:30:22.823" activeThreads="4">
  <mem-info id="255" free="115646880" total="838860800" percent="13">
    <mem type="tenure" free="115646880" total="838860800" percent="13">
      <mem type="soa" free="107258272" total="830472192" percent="12" />
      <mem type="loa" free="8388608" total="8388608" percent="100" />
    </mem>
    <pending-finalizers system="18" default="0" reference="1" classloader="0" />
  </mem-info>
</gc-end>
<cycle-end id="256" type="global" contextid="247" timestamp="2022-02-02T12:30:22.824" />
<allocation-satisfied id="257" threadId="0000000000016F00" bytesRequested="88" />
<af-end id="258" timestamp="2022-02-02T12:30:22.824" threadId="0000000000017908" success="true" />
<exclusive-end id="259" timestamp="2022-02-02T12:30:22.824" durationms="692.903" />

<exclusive-start id="260" timestamp="2022-02-02T12:30:23.879" intervalms="1748.363">
  <response-info timems="0.026" idlems="0.026" threads="0" lastid="0000000000016F00" lastname="main" />
</exclusive-start>
<af-start id="261" threadId="0000000000017908" totalBytesRequested="24" timestamp="2022-02-02T12:30:23.879" intervalms="1748.383" />
<cycle-start id="262" type="global" contextid="0" timestamp="2022-02-02T12:30:23.879" intervalms="1748.383" />
<gc-start id="263" type="global" contextid="262" timestamp="2022-02-02T12:30:23.879">
  <mem-info id="264" free="8388608" total="838860800" percent="1">
    <mem type="tenure" free="8388608" total="838860800" percent="1">
      <mem type="soa" free="0" total="830472192" percent="0" />
      <mem type="loa" free="8388608" total="8388608" percent="100" />
    </mem>
  </mem-info>
</gc-start>
<allocation-stats totalBytes="107210256" >
  <allocated-bytes non-tlh="2555120" tlh="104655136" />
  <largest-consumer threadName="main" threadId="0000000000016F00" bytes="107209464" />
</allocation-stats>
<gc-op id="265" type="mark" timems="234.422" contextid="262" timestamp="2022-02-02T12:30:24.114">
  <trace-info objectcount="10253529" scancount="7678186" scanbytes="164628580" />
  <finalization candidates="463" enqueued="92" />
  <ownableSynchronizers candidates="1" cleared="0" />
  <references type="soft" candidates="894" cleared="0" enqueued="0" dynamicThreshold="4" maxThreshold="32" />
  <references type="weak" candidates="1964" cleared="0" enqueued="0" />
  <references type="phantom" candidates="98" cleared="8" enqueued="8" />
  <stringconstants candidates="6469" cleared="0"  />
  <object-monitors candidates="2" cleared="0"  />
</gc-op>
<gc-op id="266" type="sweep" timems="5.087" contextid="262" timestamp="2022-02-02T12:30:24.119" />
<gc-end id="267" type="global" contextid="262" durationms="239.854" usertimems="279.724" systemtimems="1.108" stalltimems="674.391" timestamp="2022-02-02T12:30:24.119" activeThreads="4">
  <mem-info id="268" free="252096280" total="838860800" percent="30">
    <mem type="tenure" free="252096280" total="838860800" percent="30" micro-fragmented="29179307" macro-fragmented="0">
      <mem type="soa" free="243707672" total="830472192" percent="29" />
      <mem type="loa" free="8388608" total="8388608" percent="100" />
    </mem>
    <pending-finalizers system="91" default="1" reference="8" classloader="0" />
  </mem-info>
</gc-end>
<cycle-end id="269" type="global" contextid="262" timestamp="2022-02-02T12:30:24.119" />
<allocation-satisfied id="270" threadId="0000000000016F00" bytesRequested="24" />
<af-end id="271" timestamp="2022-02-02T12:30:24.119" threadId="0000000000017908" success="true" />
<exclusive-end id="272" timestamp="2022-02-02T12:30:24.119" durationms="240.196" />

<exclusive-start id="273" timestamp="2022-02-02T12:30:26.334" intervalms="2455.188">
  <response-info timems="0.025" idlems="0.025" threads="0" lastid="0000000000016F00" lastname="main" />
</exclusive-start>
<af-start id="274" threadId="0000000000017908" totalBytesRequested="208" timestamp="2022-02-02T12:30:26.334" intervalms="2455.171" />
<cycle-start id="275" type="global" contextid="0" timestamp="2022-02-02T12:30:26.334" intervalms="2455.173" />
<gc-start id="276" type="global" contextid="275" timestamp="2022-02-02T12:30:26.334">
  <mem-info id="277" free="8388608" total="838860800" percent="1">
    <mem type="tenure" free="8388608" total="838860800" percent="1">
      <mem type="soa" free="0" total="830472192" percent="0" />
      <mem type="loa" free="8388608" total="8388608" percent="100" />
    </mem>
  </mem-info>
</gc-start>
<allocation-stats totalBytes="243572504" >
  <allocated-bytes non-tlh="578872" tlh="242993632" />
  <largest-consumer threadName="main" threadId="0000000000016F00" bytes="243564880" />
</allocation-stats>
<gc-op id="278" type="mark" timems="330.428" contextid="275" timestamp="2022-02-02T12:30:26.665">
  <trace-info objectcount="13373359" scancount="10018057" scanbytes="214543740" />
  <finalization candidates="406" enqueued="18" />
  <ownableSynchronizers candidates="1" cleared="0" />
  <references type="soft" candidates="894" cleared="0" enqueued="0" dynamicThreshold="9" maxThreshold="32" />
  <references type="weak" candidates="1964" cleared="0" enqueued="0" />
  <references type="phantom" candidates="86" cleared="1" enqueued="1" />
  <stringconstants candidates="6469" cleared="0"  />
  <object-monitors candidates="2" cleared="0"  />
</gc-op>
<gc-op id="279" type="sweep" timems="7.424" contextid="275" timestamp="2022-02-02T12:30:26.673" />
<mem-info id="280" free="11368632" total="838860800" percent="1">
  <mem type="tenure" free="11368632" total="838860800" percent="1" micro-fragmented="99186917" macro-fragmented="0">
    <mem type="soa" free="2980024" total="830472192" percent="0" />
    <mem type="loa" free="8388608" total="8388608" percent="100" />
  </mem>
  <pending-finalizers system="18" default="0" reference="1" classloader="0" />
</mem-info>
<gc-op id="281" type="compact" timems="527.808" contextid="275" timestamp="2022-02-02T12:30:27.200">
  <compact-info movecount="9910771" movebytes="534828808" reason="low free space (less than 4%)" />
</gc-op>
<gc-end id="282" type="global" contextid="275" durationms="866.171" usertimems="2639.549" systemtimems="15.303" stalltimems="787.880" timestamp="2022-02-02T12:30:27.201" activeThreads="4">
  <mem-info id="283" free="110413592" total="838860800" percent="13">
    <mem type="tenure" free="110413592" total="838860800" percent="13">
      <mem type="soa" free="102024984" total="830472192" percent="12" />
      <mem type="loa" free="8388608" total="8388608" percent="100" />
    </mem>
    <pending-finalizers system="18" default="0" reference="1" classloader="0" />
  </mem-info>
</gc-end>
<cycle-end id="284" type="global" contextid="275" timestamp="2022-02-02T12:30:27.201" />
<allocation-satisfied id="285" threadId="0000000000016F00" bytesRequested="208" />
<af-end id="286" timestamp="2022-02-02T12:30:27.201" threadId="0000000000017908" success="true" />
<exclusive-end id="287" timestamp="2022-02-02T12:30:27.201" durationms="866.448" />

<exclusive-start id="288" timestamp="2022-02-02T12:30:28.060" intervalms="1726.055">
  <response-info timems="0.024" idlems="0.024" threads="0" lastid="0000000000016F00" lastname="main" />
</exclusive-start>
<af-start id="289" threadId="0000000000017908" totalBytesRequested="184" timestamp="2022-02-02T12:30:28.060" intervalms="1726.051" />
<cycle-start id="290" type="global" contextid="0" timestamp="2022-02-02T12:30:28.060" intervalms="1726.051" />
<gc-start id="291" type="global" contextid="290" timestamp="2022-02-02T12:30:28.060">
  <mem-info id="292" free="8388608" total="838860800" percent="1">
    <mem type="tenure" free="8388608" total="838860800" percent="1">
      <mem type="soa" free="0" total="830472192" percent="0" />
      <mem type="loa" free="8388608" total="8388608" percent="100" />
    </mem>
  </mem-info>
</gc-start>
<allocation-stats totalBytes="101982120" >
  <allocated-bytes non-tlh="2387744" tlh="99594376" />
  <largest-consumer threadName="main" threadId="0000000000016F00" bytes="101981336" />
</allocation-stats>
<gc-op id="293" type="mark" timems="305.612" contextid="290" timestamp="2022-02-02T12:30:28.366">
  <trace-info objectcount="10289785" scancount="7705432" scanbytes="165208468" />
  <finalization candidates="463" enqueued="92" />
  <ownableSynchronizers candidates="1" cleared="0" />
  <references type="soft" candidates="894" cleared="0" enqueued="0" dynamicThreshold="4" maxThreshold="32" />
  <references type="weak" candidates="1964" cleared="0" enqueued="0" />
  <references type="phantom" candidates="98" cleared="8" enqueued="8" />
  <stringconstants candidates="6469" cleared="0"  />
  <object-monitors candidates="2" cleared="0"  />
</gc-op>
<gc-op id="294" type="sweep" timems="4.412" contextid="290" timestamp="2022-02-02T12:30:28.371" />
<gc-end id="295" type="global" contextid="290" durationms="310.405" usertimems="593.416" systemtimems="4.855" stalltimems="640.868" timestamp="2022-02-02T12:30:28.371" activeThreads="4">
  <mem-info id="296" free="251556240" total="838860800" percent="29">
    <mem type="tenure" free="251556240" total="838860800" percent="29" micro-fragmented="27644899" macro-fragmented="0">
      <mem type="soa" free="243167632" total="830472192" percent="29" />
      <mem type="loa" free="8388608" total="8388608" percent="100" />
    </mem>
    <pending-finalizers system="91" default="1" reference="8" classloader="0" />
  </mem-info>
</gc-end>
<cycle-end id="297" type="global" contextid="290" timestamp="2022-02-02T12:30:28.371" />
<allocation-satisfied id="298" threadId="0000000000016F00" bytesRequested="184" />
<af-end id="299" timestamp="2022-02-02T12:30:28.371" threadId="0000000000017908" success="true" />
<exclusive-end id="300" timestamp="2022-02-02T12:30:28.371" durationms="310.702" />

<exclusive-start id="301" timestamp="2022-02-02T12:30:30.138" intervalms="2077.951">
  <response-info timems="0.030" idlems="0.030" threads="0" lastid="0000000000016F00" lastname="main" />
</exclusive-start>
<af-start id="302" threadId="0000000000017908" totalBytesRequested="24" timestamp="2022-02-02T12:30:30.138" intervalms="2077.955" />
<cycle-start id="303" type="global" contextid="0" timestamp="2022-02-02T12:30:30.138" intervalms="2077.960" />
<gc-start id="304" type="global" contextid="303" timestamp="2022-02-02T12:30:30.138">
  <mem-info id="305" free="8388608" total="838860800" percent="1">
    <mem type="tenure" free="8388608" total="838860800" percent="1">
      <mem type="soa" free="0" total="830472192" percent="0" />
      <mem type="loa" free="8388608" total="8388608" percent="100" />
    </mem>
  </mem-info>
</gc-start>
<allocation-stats totalBytes="243032128" >
  <allocated-bytes non-tlh="483304" tlh="242548824" />
  <largest-consumer threadName="main" threadId="0000000000016F00" bytes="243014896" />
</allocation-stats>
<gc-op id="306" type="mark" timems="311.963" contextid="303" timestamp="2022-02-02T12:30:30.450">
  <trace-info objectcount="13413371" scancount="10048108" scanbytes="215189620" />
  <finalization candidates="422" enqueued="26" />
  <ownableSynchronizers candidates="1" cleared="0" />
  <references type="soft" candidates="894" cleared="0" enqueued="0" dynamicThreshold="9" maxThreshold="32" />
  <references type="weak" candidates="1964" cleared="0" enqueued="0" />
  <references type="phantom" candidates="102" cleared="1" enqueued="1" />
  <stringconstants candidates="6469" cleared="0"  />
  <object-monitors candidates="2" cleared="0"  />
</gc-op>
<gc-op id="307" type="sweep" timems="6.182" contextid="303" timestamp="2022-02-02T12:30:30.457" />
<mem-info id="308" free="11695504" total="838860800" percent="1">
  <mem type="tenure" free="11695504" total="838860800" percent="1" micro-fragmented="97074692" macro-fragmented="7740516">
    <mem type="soa" free="3306896" total="830472192" percent="0" />
    <mem type="loa" free="8388608" total="8388608" percent="100" />
  </mem>
  <pending-finalizers system="26" default="0" reference="1" classloader="0" />
</mem-info>
<gc-op id="309" type="compact" timems="389.780" contextid="303" timestamp="2022-02-02T12:30:30.847">
  <compact-info movecount="8225600" movebytes="448588336" reason="low free space (less than 4%)" />
</gc-op>
<gc-end id="310" type="global" contextid="303" durationms="708.472" usertimems="1894.855" systemtimems="0.000" stalltimems="916.246" timestamp="2022-02-02T12:30:30.847" activeThreads="4">
  <mem-info id="311" free="109047592" total="838860800" percent="12">
    <mem type="tenure" free="109047592" total="838860800" percent="12">
      <mem type="soa" free="100658984" total="830472192" percent="12" />
      <mem type="loa" free="8388608" total="8388608" percent="100" />
    </mem>
    <pending-finalizers system="26" default="0" reference="1" classloader="0" />
  </mem-info>
</gc-end>
<cycle-end id="312" type="global" contextid="303" timestamp="2022-02-02T12:30:30.847" />
<allocation-satisfied id="313" threadId="0000000000016F00" bytesRequested="24" />
<af-end id="314" timestamp="2022-02-02T12:30:30.847" threadId="0000000000017908" success="true" />
<exclusive-end id="315" timestamp="2022-02-02T12:30:30.847" durationms="708.777" />

<exclusive-start id="316" timestamp="2022-02-02T12:30:31.629" intervalms="1490.245">
  <response-info timems="0.027" idlems="0.027" threads="0" lastid="0000000000016F00" lastname="main" />
</exclusive-start>
<af-start id="317" threadId="0000000000017908" totalBytesRequested="104" timestamp="2022-02-02T12:30:31.629" intervalms="1490.243" />
<cycle-start id="318" type="global" contextid="0" timestamp="2022-02-02T12:30:31.629" intervalms="1490.238" />
<gc-start id="319" type="global" contextid="318" timestamp="2022-02-02T12:30:31.629">
  <mem-info id="320" free="8388608" total="838860800" percent="1">
    <mem type="tenure" free="8388608" total="838860800" percent="1">
      <mem type="soa" free="0" total="830472192" percent="0" />
      <mem type="loa" free="8388608" total="8388608" percent="100" />
    </mem>
  </mem-info>
</gc-start>
<allocation-stats totalBytes="100614544" >
  <allocated-bytes non-tlh="2290720" tlh="98323824" />
  <largest-consumer threadName="main" threadId="0000000000016F00" bytes="100613760" />
</allocation-stats>
<gc-op id="321" type="mark" timems="309.997" contextid="318" timestamp="2022-02-02T12:30:31.939">
  <trace-info objectcount="10297966" scancount="7711509" scanbytes="165337636" />
  <finalization candidates="455" enqueued="84" />
  <ownableSynchronizers candidates="1" cleared="0" />
  <references type="soft" candidates="894" cleared="0" enqueued="0" dynamicThreshold="4" maxThreshold="32" />
  <references type="weak" candidates="1964" cleared="0" enqueued="0" />
  <references type="phantom" candidates="90" cleared="8" enqueued="8" />
  <stringconstants candidates="6469" cleared="0"  />
  <object-monitors candidates="2" cleared="0"  />
</gc-op>
<gc-op id="322" type="sweep" timems="4.564" contextid="318" timestamp="2022-02-02T12:30:31.944" />
<gc-end id="323" type="global" contextid="318" durationms="314.963" usertimems="714.386" systemtimems="3.831" stalltimems="538.917" timestamp="2022-02-02T12:30:31.944" activeThreads="4">
  <mem-info id="324" free="251311064" total="838860800" percent="29">
    <mem type="tenure" free="251311064" total="838860800" percent="29" micro-fragmented="27654818" macro-fragmented="0">
      <mem type="soa" free="242922456" total="830472192" percent="29" />
      <mem type="loa" free="8388608" total="8388608" percent="100" />
    </mem>
    <pending-finalizers system="83" default="1" reference="8" classloader="0" />
  </mem-info>
</gc-end>
<cycle-end id="325" type="global" contextid="318" timestamp="2022-02-02T12:30:31.944" />
<allocation-satisfied id="326" threadId="0000000000016F00" bytesRequested="104" />
<af-end id="327" timestamp="2022-02-02T12:30:31.944" threadId="0000000000017908" success="true" />
<exclusive-end id="328" timestamp="2022-02-02T12:30:31.944" durationms="315.227" />

<exclusive-start id="329" timestamp="2022-02-02T12:30:33.619" intervalms="1990.509">
  <response-info timems="0.021" idlems="0.021" threads="0" lastid="0000000000016F00" lastname="main" />
</exclusive-start>
<af-start id="330" threadId="0000000000017908" totalBytesRequested="32" timestamp="2022-02-02T12:30:33.619" intervalms="1990.503" />
<cycle-start id="331" type="global" contextid="0" timestamp="2022-02-02T12:30:33.619" intervalms="1990.504" />
<gc-start id="332" type="global" contextid="331" timestamp="2022-02-02T12:30:33.619">
  <mem-info id="333" free="8388608" total="838860800" percent="1">
    <mem type="tenure" free="8388608" total="838860800" percent="1">
      <mem type="soa" free="0" total="830472192" percent="0" />
      <mem type="loa" free="8388608" total="8388608" percent="100" />
    </mem>
  </mem-info>
</gc-start>
<allocation-stats totalBytes="242782752" >
  <allocated-bytes non-tlh="839544" tlh="241943208" />
  <largest-consumer threadName="main" threadId="0000000000016F00" bytes="242771848" />
</allocation-stats>
<gc-op id="334" type="mark" timems="318.460" contextid="331" timestamp="2022-02-02T12:30:33.938">
  <trace-info objectcount="13418897" scancount="10052276" scanbytes="215279660" />
  <finalization candidates="428" enqueued="30" />
  <ownableSynchronizers candidates="1" cleared="0" />
  <references type="soft" candidates="894" cleared="0" enqueued="0" dynamicThreshold="9" maxThreshold="32" />
  <references type="weak" candidates="1964" cleared="0" enqueued="0" />
  <references type="phantom" candidates="108" cleared="1" enqueued="1" />
  <stringconstants candidates="6469" cleared="0"  />
  <object-monitors candidates="2" cleared="0"  />
</gc-op>
<gc-op id="335" type="sweep" timems="6.841" contextid="331" timestamp="2022-02-02T12:30:33.945" />
<mem-info id="336" free="11723512" total="838860800" percent="1">
  <mem type="tenure" free="11723512" total="838860800" percent="1" micro-fragmented="97070970" macro-fragmented="0">
    <mem type="soa" free="3334904" total="830472192" percent="0" />
    <mem type="loa" free="8388608" total="8388608" percent="100" />
  </mem>
  <pending-finalizers system="30" default="0" reference="1" classloader="0" />
</mem-info>
<gc-op id="337" type="compact" timems="432.518" contextid="331" timestamp="2022-02-02T12:30:34.377">
  <compact-info movecount="9060832" movebytes="490925424" reason="low free space (less than 4%)" />
</gc-op>
<gc-end id="338" type="global" contextid="331" durationms="758.344" usertimems="2288.533" systemtimems="6.017" stalltimems="715.074" timestamp="2022-02-02T12:30:34.378" activeThreads="4">
  <mem-info id="339" free="108676816" total="838860800" percent="12">
    <mem type="tenure" free="108676816" total="838860800" percent="12">
      <mem type="soa" free="100288208" total="830472192" percent="12" />
      <mem type="loa" free="8388608" total="8388608" percent="100" />
    </mem>
    <pending-finalizers system="30" default="0" reference="1" classloader="0" />
  </mem-info>
</gc-end>
<cycle-end id="340" type="global" contextid="331" timestamp="2022-02-02T12:30:34.378" />
<allocation-satisfied id="341" threadId="0000000000016F00" bytesRequested="32" />
<af-end id="342" timestamp="2022-02-02T12:30:34.378" threadId="0000000000017908" success="true" />
<exclusive-end id="343" timestamp="2022-02-02T12:30:34.378" durationms="758.622" />

<exclusive-start id="344" timestamp="2022-02-02T12:30:35.241" intervalms="1622.057">
  <response-info timems="0.026" idlems="0.026" threads="0" lastid="0000000000016F00" lastname="main" />
</exclusive-start>
<af-start id="345" threadId="0000000000017908" totalBytesRequested="184" timestamp="2022-02-02T12:30:35.241" intervalms="1622.060" />
<cycle-start id="346" type="global" contextid="0" timestamp="2022-02-02T12:30:35.241" intervalms="1622.058" />
<gc-start id="347" type="global" contextid="346" timestamp="2022-02-02T12:30:35.241">
  <mem-info id="348" free="8388608" total="838860800" percent="1">
    <mem type="tenure" free="8388608" total="838860800" percent="1">
      <mem type="soa" free="0" total="830472192" percent="0" />
      <mem type="loa" free="8388608" total="8388608" percent="100" />
    </mem>
  </mem-info>
</gc-start>
<allocation-stats totalBytes="100243480" >
  <allocated-bytes non-tlh="2214920" tlh="98028560" />
  <largest-consumer threadName="main" threadId="0000000000016F00" bytes="100242576" />
</allocation-stats>
<gc-op id="349" type="mark" timems="323.148" contextid="346" timestamp="2022-02-02T12:30:35.564">
  <trace-info objectcount="10299569" scancount="7712693" scanbytes="165362292" />
  <finalization candidates="451" enqueued="80" />
  <ownableSynchronizers candidates="1" cleared="0" />
  <references type="soft" candidates="894" cleared="0" enqueued="0" dynamicThreshold="4" maxThreshold="32" />
  <references type="weak" candidates="1964" cleared="0" enqueued="0" />
  <references type="phantom" candidates="86" cleared="8" enqueued="8" />
  <stringconstants candidates="6469" cleared="0"  />
  <object-monitors candidates="2" cleared="0"  />
</gc-op>
<gc-op id="350" type="sweep" timems="4.862" contextid="346" timestamp="2022-02-02T12:30:35.569" />
<gc-end id="351" type="global" contextid="346" durationms="328.347" usertimems="729.755" systemtimems="11.375" stalltimems="564.504" timestamp="2022-02-02T12:30:35.570" activeThreads="4">
  <mem-info id="352" free="251235048" total="838860800" percent="29">
    <mem type="tenure" free="251235048" total="838860800" percent="29" micro-fragmented="27801063" macro-fragmented="0">
      <mem type="soa" free="242846440" total="830472192" percent="29" />
      <mem type="loa" free="8388608" total="8388608" percent="100" />
    </mem>
    <pending-finalizers system="79" default="1" reference="8" classloader="0" />
  </mem-info>
</gc-end>
<cycle-end id="353" type="global" contextid="346" timestamp="2022-02-02T12:30:35.570" />
<allocation-satisfied id="354" threadId="0000000000016F00" bytesRequested="184" />
<af-end id="355" timestamp="2022-02-02T12:30:35.570" threadId="0000000000017908" success="true" />
<exclusive-end id="356" timestamp="2022-02-02T12:30:35.570" durationms="328.628" />

<exclusive-start id="357" timestamp="2022-02-02T12:30:37.528" intervalms="2286.698">
  <response-info timems="0.024" idlems="0.024" threads="0" lastid="0000000000016F00" lastname="main" />
</exclusive-start>
<af-start id="358" threadId="0000000000017908" totalBytesRequested="24" timestamp="2022-02-02T12:30:37.528" intervalms="2286.706" />
<cycle-start id="359" type="global" contextid="0" timestamp="2022-02-02T12:30:37.528" intervalms="2286.707" />
<gc-start id="360" type="global" contextid="359" timestamp="2022-02-02T12:30:37.528">
  <mem-info id="361" free="8388608" total="838860800" percent="1">
    <mem type="tenure" free="8388608" total="838860800" percent="1">
      <mem type="soa" free="0" total="830472192" percent="0" />
      <mem type="loa" free="8388608" total="8388608" percent="100" />
    </mem>
  </mem-info>
</gc-start>
<allocation-stats totalBytes="242709688" >
  <allocated-bytes non-tlh="748152" tlh="241961536" />
  <largest-consumer threadName="main" threadId="0000000000016F00" bytes="242687560" />
</allocation-stats>
<gc-op id="362" type="mark" timems="332.361" contextid="359" timestamp="2022-02-02T12:30:37.861">
  <trace-info objectcount="13420676" scancount="10053622" scanbytes="215307900" />
  <finalization candidates="428" enqueued="30" />
  <ownableSynchronizers candidates="1" cleared="0" />
  <references type="soft" candidates="894" cleared="0" enqueued="0" dynamicThreshold="9" maxThreshold="32" />
  <references type="weak" candidates="1964" cleared="0" enqueued="0" />
  <references type="phantom" candidates="108" cleared="1" enqueued="1" />
  <stringconstants candidates="6469" cleared="0"  />
  <object-monitors candidates="2" cleared="0"  />
</gc-op>
<gc-op id="363" type="sweep" timems="6.032" contextid="359" timestamp="2022-02-02T12:30:37.867" />
<mem-info id="364" free="11698904" total="838860800" percent="1">
  <mem type="tenure" free="11698904" total="838860800" percent="1" micro-fragmented="97322348" macro-fragmented="0">
    <mem type="soa" free="3310296" total="830472192" percent="0" />
    <mem type="loa" free="8388608" total="8388608" percent="100" />
  </mem>
  <pending-finalizers system="30" default="0" reference="1" classloader="0" />
</mem-info>
<gc-op id="365" type="compact" timems="425.825" contextid="359" timestamp="2022-02-02T12:30:38.293">
  <compact-info movecount="8553177" movebytes="467533176" reason="low free space (less than 4%)" />
</gc-op>
<gc-end id="366" type="global" contextid="359" durationms="764.786" usertimems="2307.281" systemtimems="0.653" stalltimems="721.849" timestamp="2022-02-02T12:30:38.293" activeThreads="4">
  <mem-info id="367" free="108620848" total="838860800" percent="12">
    <mem type="tenure" free="108620848" total="838860800" percent="12">
      <mem type="soa" free="100232240" total="830472192" percent="12" />
      <mem type="loa" free="8388608" total="8388608" percent="100" />
    </mem>
    <pending-finalizers system="30" default="0" reference="1" classloader="0" />
  </mem-info>
</gc-end>
<cycle-end id="368" type="global" contextid="359" timestamp="2022-02-02T12:30:38.293" />
<allocation-satisfied id="369" threadId="0000000000016F00" bytesRequested="24" />
<af-end id="370" timestamp="2022-02-02T12:30:38.293" threadId="0000000000017908" success="true" />
<exclusive-end id="371" timestamp="2022-02-02T12:30:38.293" durationms="765.453" />

<exclusive-start id="372" timestamp="2022-02-02T12:30:39.210" intervalms="1682.338">
  <response-info timems="0.023" idlems="0.023" threads="0" lastid="0000000000016F00" lastname="main" />
</exclusive-start>
<af-start id="373" threadId="0000000000017908" totalBytesRequested="24" timestamp="2022-02-02T12:30:39.210" intervalms="1682.333" />
<cycle-start id="374" type="global" contextid="0" timestamp="2022-02-02T12:30:39.210" intervalms="1682.333" />
<gc-start id="375" type="global" contextid="374" timestamp="2022-02-02T12:30:39.210">
  <mem-info id="376" free="8388608" total="838860800" percent="1">
    <mem type="tenure" free="8388608" total="838860800" percent="1">
      <mem type="soa" free="0" total="830472192" percent="0" />
      <mem type="loa" free="8388608" total="8388608" percent="100" />
    </mem>
  </mem-info>
</gc-start>
<allocation-stats totalBytes="100188128" >
  <allocated-bytes non-tlh="2215880" tlh="97972248" />
  <largest-consumer threadName="main" threadId="0000000000016F00" bytes="100187336" />
</allocation-stats>
<gc-op id="377" type="mark" timems="319.861" contextid="374" timestamp="2022-02-02T12:30:39.530">
  <trace-info objectcount="10299104" scancount="7712362" scanbytes="165355500" />
  <finalization candidates="451" enqueued="80" />
  <ownableSynchronizers candidates="1" cleared="0" />
  <references type="soft" candidates="894" cleared="0" enqueued="0" dynamicThreshold="4" maxThreshold="32" />
  <references type="weak" candidates="1964" cleared="0" enqueued="0" />
  <references type="phantom" candidates="86" cleared="8" enqueued="8" />
  <stringconstants candidates="6473" cleared="0"  />
  <object-monitors candidates="2" cleared="0"  />
</gc-op>
<gc-op id="378" type="sweep" timems="4.702" contextid="374" timestamp="2022-02-02T12:30:39.535" />
<gc-end id="379" type="global" contextid="374" durationms="324.939" usertimems="704.714" systemtimems="11.739" stalltimems="575.537" timestamp="2022-02-02T12:30:39.535" activeThreads="4">
  <mem-info id="380" free="251265248" total="838860800" percent="29">
    <mem type="tenure" free="251265248" total="838860800" percent="29" micro-fragmented="27846960" macro-fragmented="0">
      <mem type="soa" free="242876640" total="830472192" percent="29" />
      <mem type="loa" free="8388608" total="8388608" percent="100" />
    </mem>
    <pending-finalizers system="79" default="1" reference="8" classloader="0" />
  </mem-info>
</gc-end>
<cycle-end id="381" type="global" contextid="374" timestamp="2022-02-02T12:30:39.535" />
<allocation-satisfied id="382" threadId="0000000000016F00" bytesRequested="24" />
<af-end id="383" timestamp="2022-02-02T12:30:39.535" threadId="0000000000017908" success="true" />
<exclusive-end id="384" timestamp="2022-02-02T12:30:39.535" durationms="325.277" />

<exclusive-start id="385" timestamp="2022-02-02T12:30:41.400" intervalms="2189.515">
  <response-info timems="0.054" idlems="0.054" threads="0" lastid="0000000000016F00" lastname="main" />
</exclusive-start>
<af-start id="386" threadId="0000000000017908" totalBytesRequested="24" timestamp="2022-02-02T12:30:41.400" intervalms="2189.510" />
<cycle-start id="387" type="global" contextid="0" timestamp="2022-02-02T12:30:41.400" intervalms="2189.521" />
<gc-start id="388" type="global" contextid="387" timestamp="2022-02-02T12:30:41.400">
  <mem-info id="389" free="8388608" total="838860800" percent="1">
    <mem type="tenure" free="8388608" total="838860800" percent="1">
      <mem type="soa" free="0" total="830472192" percent="0" />
      <mem type="loa" free="8388608" total="8388608" percent="100" />
    </mem>
  </mem-info>
</gc-start>
<allocation-stats totalBytes="242733064" >
  <allocated-bytes non-tlh="783760" tlh="241949304" />
  <largest-consumer threadName="main" threadId="0000000000016F00" bytes="242725736" />
</allocation-stats>
<gc-op id="390" type="mark" timems="475.822" contextid="387" timestamp="2022-02-02T12:30:41.876">
  <trace-info objectcount="13420574" scancount="10053535" scanbytes="215306908" />
  <finalization candidates="428" enqueued="30" />
  <ownableSynchronizers candidates="1" cleared="0" />
  <references type="soft" candidates="894" cleared="0" enqueued="0" dynamicThreshold="9" maxThreshold="32" />
  <references type="weak" candidates="1964" cleared="0" enqueued="0" />
  <references type="phantom" candidates="108" cleared="1" enqueued="1" />
  <stringconstants candidates="6473" cleared="0"  />
  <object-monitors candidates="2" cleared="0"  />
</gc-op>
<gc-op id="391" type="sweep" timems="6.967" contextid="387" timestamp="2022-02-02T12:30:41.883" />
<mem-info id="392" free="11684480" total="838860800" percent="1">
  <mem type="tenure" free="11684480" total="838860800" percent="1" micro-fragmented="96843163" macro-fragmented="0">
    <mem type="soa" free="3295872" total="830472192" percent="0" />
    <mem type="loa" free="8388608" total="8388608" percent="100" />
  </mem>
  <pending-finalizers system="30" default="0" reference="1" classloader="0" />
</mem-info>
<gc-op id="393" type="compact" timems="412.557" contextid="387" timestamp="2022-02-02T12:30:42.295">
  <compact-info movecount="9112735" movebytes="495153520" reason="low free space (less than 4%)" />
</gc-op>
<gc-end id="394" type="global" contextid="387" durationms="895.613" usertimems="3083.385" systemtimems="60.270" stalltimems="550.864" timestamp="2022-02-02T12:30:42.295" activeThreads="4">
  <mem-info id="395" free="108608120" total="838860800" percent="12">
    <mem type="tenure" free="108608120" total="838860800" percent="12">
      <mem type="soa" free="100219512" total="830472192" percent="12" />
      <mem type="loa" free="8388608" total="8388608" percent="100" />
    </mem>
    <pending-finalizers system="30" default="0" reference="1" classloader="0" />
  </mem-info>
</gc-end>
<cycle-end id="396" type="global" contextid="387" timestamp="2022-02-02T12:30:42.296" />
<allocation-satisfied id="397" threadId="0000000000016F00" bytesRequested="24" />
<af-end id="398" timestamp="2022-02-02T12:30:42.296" threadId="0000000000017908" success="true" />
<exclusive-end id="399" timestamp="2022-02-02T12:30:42.296" durationms="895.888" />

<exclusive-start id="400" timestamp="2022-02-02T12:30:43.096" intervalms="1696.768">
  <response-info timems="0.030" idlems="0.030" threads="0" lastid="0000000000016F00" lastname="main" />
</exclusive-start>
<af-start id="401" threadId="0000000000017908" totalBytesRequested="208" timestamp="2022-02-02T12:30:43.096" intervalms="1696.781" />
<cycle-start id="402" type="global" contextid="0" timestamp="2022-02-02T12:30:43.097" intervalms="1696.771" />
<gc-start id="403" type="global" contextid="402" timestamp="2022-02-02T12:30:43.097">
  <mem-info id="404" free="8388608" total="838860800" percent="1">
    <mem type="tenure" free="8388608" total="838860800" percent="1">
      <mem type="soa" free="0" total="830472192" percent="0" />
      <mem type="loa" free="8388608" total="8388608" percent="100" />
    </mem>
  </mem-info>
</gc-start>
<allocation-stats totalBytes="100174616" >
  <allocated-bytes non-tlh="2118784" tlh="98055832" />
  <largest-consumer threadName="main" threadId="0000000000016F00" bytes="100173768" />
</allocation-stats>
<gc-op id="405" type="mark" timems="317.957" contextid="402" timestamp="2022-02-02T12:30:43.415">
  <trace-info objectcount="10299144" scancount="7712378" scanbytes="165356064" />
  <finalization candidates="451" enqueued="80" />
  <ownableSynchronizers candidates="1" cleared="0" />
  <references type="soft" candidates="894" cleared="0" enqueued="0" dynamicThreshold="4" maxThreshold="32" />
  <references type="weak" candidates="1965" cleared="1" enqueued="1" />
  <references type="phantom" candidates="86" cleared="8" enqueued="8" />
  <stringconstants candidates="6479" cleared="1"  />
  <object-monitors candidates="2" cleared="0"  />
</gc-op>
<gc-op id="406" type="classunload" timems="0.251" contextid="402" timestamp="2022-02-02T12:30:43.415">
  <classunload-info classloadercandidates="12" classloadersunloaded="1" classesunloaded="1" anonymousclassesunloaded="0" quiescems="0.000" setupms="0.241" scanms="0.008" postms="0.002" />
</gc-op>
<gc-op id="407" type="sweep" timems="4.666" contextid="402" timestamp="2022-02-02T12:30:43.420" />
<gc-end id="408" type="global" contextid="402" durationms="323.014" usertimems="725.422" systemtimems="14.881" stalltimems="546.256" timestamp="2022-02-02T12:30:43.420" activeThreads="4">
  <mem-info id="409" free="251247160" total="838860800" percent="29">
    <mem type="tenure" free="251247160" total="838860800" percent="29" micro-fragmented="27839670" macro-fragmented="0">
      <mem type="soa" free="242858552" total="830472192" percent="29" />
      <mem type="loa" free="8388608" total="8388608" percent="100" />
    </mem>
    <pending-finalizers system="79" default="1" reference="9" classloader="0" />
  </mem-info>
</gc-end>
<cycle-end id="410" type="global" contextid="402" timestamp="2022-02-02T12:30:43.420" />
<allocation-satisfied id="411" threadId="0000000000016F00" bytesRequested="208" />
<af-end id="412" timestamp="2022-02-02T12:30:43.420" threadId="0000000000017908" success="true" />
<exclusive-end id="413" timestamp="2022-02-02T12:30:43.420" durationms="323.563" />

<exclusive-start id="414" timestamp="2022-02-02T12:30:45.146" intervalms="2049.110">
  <response-info timems="0.053" idlems="0.053" threads="0" lastid="0000000000016F00" lastname="main" />
</exclusive-start>
<af-start id="415" threadId="0000000000017908" totalBytesRequested="40" timestamp="2022-02-02T12:30:45.146" intervalms="2049.097" />
<cycle-start id="416" type="global" contextid="0" timestamp="2022-02-02T12:30:45.146" intervalms="2049.105" />
<gc-start id="417" type="global" contextid="416" timestamp="2022-02-02T12:30:45.146">
  <mem-info id="418" free="8388608" total="838860800" percent="1">
    <mem type="tenure" free="8388608" total="838860800" percent="1">
      <mem type="soa" free="0" total="830472192" percent="0" />
      <mem type="loa" free="8388608" total="8388608" percent="100" />
    </mem>
  </mem-info>
</gc-start>
<allocation-stats totalBytes="242714432" >
  <allocated-bytes non-tlh="808384" tlh="241906048" />
  <largest-consumer threadName="main" threadId="0000000000016F00" bytes="242702144" />
</allocation-stats>
<gc-op id="419" type="mark" timems="467.890" contextid="416" timestamp="2022-02-02T12:30:45.614">
  <trace-info objectcount="13419875" scancount="10053029" scanbytes="215295648" />
  <finalization candidates="428" enqueued="30" />
  <ownableSynchronizers candidates="1" cleared="0" />
  <references type="soft" candidates="894" cleared="0" enqueued="0" dynamicThreshold="9" maxThreshold="32" />
  <references type="weak" candidates="1964" cleared="0" enqueued="0" />
  <references type="phantom" candidates="108" cleared="1" enqueued="1" />
  <stringconstants candidates="6478" cleared="0"  />
  <object-monitors candidates="2" cleared="0"  />
</gc-op>
<gc-op id="420" type="sweep" timems="5.984" contextid="416" timestamp="2022-02-02T12:30:45.620" />
<mem-info id="421" free="11686952" total="838860800" percent="1">
  <mem type="tenure" free="11686952" total="838860800" percent="1" micro-fragmented="97194370" macro-fragmented="7740516">
    <mem type="soa" free="3298344" total="830472192" percent="0" />
    <mem type="loa" free="8388608" total="8388608" percent="100" />
  </mem>
  <pending-finalizers system="30" default="0" reference="1" classloader="0" />
</mem-info>
<gc-op id="422" type="compact" timems="383.432" contextid="416" timestamp="2022-02-02T12:30:46.003">
  <compact-info movecount="8653825" movebytes="473880528" reason="low free space (less than 4%)" />
</gc-op>
<gc-end id="423" type="global" contextid="416" durationms="857.646" usertimems="2824.941" systemtimems="52.963" stalltimems="522.184" timestamp="2022-02-02T12:30:46.003" activeThreads="4">
  <mem-info id="424" free="108604504" total="838860800" percent="12">
    <mem type="tenure" free="108604504" total="838860800" percent="12">
      <mem type="soa" free="100215896" total="830472192" percent="12" />
      <mem type="loa" free="8388608" total="8388608" percent="100" />
    </mem>
    <pending-finalizers system="30" default="0" reference="1" classloader="0" />
  </mem-info>
</gc-end>
<cycle-end id="425" type="global" contextid="416" timestamp="2022-02-02T12:30:46.003" />
<allocation-satisfied id="426" threadId="0000000000016F00" bytesRequested="40" />
<af-end id="427" timestamp="2022-02-02T12:30:46.003" threadId="0000000000017908" success="true" />
<exclusive-end id="428" timestamp="2022-02-02T12:30:46.003" durationms="857.936" />

<exclusive-start id="429" timestamp="2022-02-02T12:30:46.777" intervalms="1631.238">
  <response-info timems="0.027" idlems="0.027" threads="0" lastid="0000000000016F00" lastname="main" />
</exclusive-start>
<af-start id="430" threadId="0000000000017908" totalBytesRequested="104" timestamp="2022-02-02T12:30:46.777" intervalms="1631.254" />
<cycle-start id="431" type="global" contextid="0" timestamp="2022-02-02T12:30:46.777" intervalms="1631.248" />
<gc-start id="432" type="global" contextid="431" timestamp="2022-02-02T12:30:46.777">
  <mem-info id="433" free="8388608" total="838860800" percent="1">
    <mem type="tenure" free="8388608" total="838860800" percent="1">
      <mem type="soa" free="0" total="830472192" percent="0" />
      <mem type="loa" free="8388608" total="8388608" percent="100" />
    </mem>
  </mem-info>
</gc-start>
<allocation-stats totalBytes="100167328" >
  <allocated-bytes non-tlh="2214920" tlh="97952408" />
  <largest-consumer threadName="main" threadId="0000000000016F00" bytes="100166416" />
</allocation-stats>
<gc-op id="434" type="mark" timems="212.182" contextid="431" timestamp="2022-02-02T12:30:46.989">
  <trace-info objectcount="10299117" scancount="7712342" scanbytes="165355432" />
  <finalization candidates="451" enqueued="80" />
  <ownableSynchronizers candidates="1" cleared="0" />
  <references type="soft" candidates="894" cleared="0" enqueued="0" dynamicThreshold="4" maxThreshold="32" />
  <references type="weak" candidates="1964" cleared="0" enqueued="0" />
  <references type="phantom" candidates="86" cleared="8" enqueued="8" />
  <stringconstants candidates="6478" cleared="0"  />
  <object-monitors candidates="2" cleared="0"  />
</gc-op>
<gc-op id="435" type="sweep" timems="5.121" contextid="431" timestamp="2022-02-02T12:30:46.994" />
<gc-end id="436" type="global" contextid="431" durationms="217.487" usertimems="285.109" systemtimems="0.246" stalltimems="581.293" timestamp="2022-02-02T12:30:46.994" activeThreads="4">
  <mem-info id="437" free="251228088" total="838860800" percent="29">
    <mem type="tenure" free="251228088" total="838860800" percent="29" micro-fragmented="27640890" macro-fragmented="0">
      <mem type="soa" free="242839480" total="830472192" percent="29" />
      <mem type="loa" free="8388608" total="8388608" percent="100" />
    </mem>
    <pending-finalizers system="79" default="1" reference="8" classloader="0" />
  </mem-info>
</gc-end>
<cycle-end id="438" type="global" contextid="431" timestamp="2022-02-02T12:30:46.995" />
<allocation-satisfied id="439" threadId="0000000000016F00" bytesRequested="104" />
<af-end id="440" timestamp="2022-02-02T12:30:46.995" threadId="0000000000017908" success="true" />
<exclusive-end id="441" timestamp="2022-02-02T12:30:46.995" durationms="217.845" />

<exclusive-start id="442" timestamp="2022-02-02T12:30:48.760" intervalms="1983.354">
  <response-info timems="0.195" idlems="0.195" threads="0" lastid="0000000000016F00" lastname="main" />
</exclusive-start>
<af-start id="443" threadId="0000000000017908" totalBytesRequested="24" timestamp="2022-02-02T12:30:48.760" intervalms="1983.343" />
<cycle-start id="444" type="global" contextid="0" timestamp="2022-02-02T12:30:48.760" intervalms="1983.342" />
<gc-start id="445" type="global" contextid="444" timestamp="2022-02-02T12:30:48.760">
  <mem-info id="446" free="8388608" total="838860800" percent="1">
    <mem type="tenure" free="8388608" total="838860800" percent="1">
      <mem type="soa" free="0" total="830472192" percent="0" />
      <mem type="loa" free="8388608" total="8388608" percent="100" />
    </mem>
  </mem-info>
</gc-start>
<allocation-stats totalBytes="242695664" >
  <allocated-bytes non-tlh="736208" tlh="241959456" />
  <largest-consumer threadName="main" threadId="0000000000016F00" bytes="242683376" />
</allocation-stats>
<gc-op id="447" type="mark" timems="339.952" contextid="444" timestamp="2022-02-02T12:30:49.100">
  <trace-info objectcount="13419169" scancount="10052465" scanbytes="215284144" />
  <finalization candidates="428" enqueued="30" />
  <ownableSynchronizers candidates="1" cleared="0" />
  <references type="soft" candidates="894" cleared="0" enqueued="0" dynamicThreshold="9" maxThreshold="32" />
  <references type="weak" candidates="1964" cleared="0" enqueued="0" />
  <references type="phantom" candidates="108" cleared="1" enqueued="1" />
  <stringconstants candidates="6478" cleared="0"  />
  <object-monitors candidates="2" cleared="0"  />
</gc-op>
<gc-op id="448" type="sweep" timems="7.936" contextid="444" timestamp="2022-02-02T12:30:49.108" />
<mem-info id="449" free="11683472" total="838860800" percent="1">
  <mem type="tenure" free="11683472" total="838860800" percent="1" micro-fragmented="97294282" macro-fragmented="7740516">
    <mem type="soa" free="3294864" total="830472192" percent="0" />
    <mem type="loa" free="8388608" total="8388608" percent="100" />
  </mem>
  <pending-finalizers system="30" default="0" reference="1" classloader="0" />
</mem-info>
<gc-op id="450" type="compact" timems="416.257" contextid="444" timestamp="2022-02-02T12:30:49.525">
  <compact-info movecount="8808565" movebytes="481827896" reason="low free space (less than 4%)" />
</gc-op>
<gc-end id="451" type="global" contextid="444" durationms="764.503" usertimems="1994.869" systemtimems="0.000" stalltimems="978.962" timestamp="2022-02-02T12:30:49.525" activeThreads="4">
  <mem-info id="452" free="108612376" total="838860800" percent="12">
    <mem type="tenure" free="108612376" total="838860800" percent="12">
      <mem type="soa" free="100223768" total="830472192" percent="12" />
      <mem type="loa" free="8388608" total="8388608" percent="100" />
    </mem>
    <pending-finalizers system="30" default="0" reference="1" classloader="0" />
  </mem-info>
</gc-end>
<cycle-end id="453" type="global" contextid="444" timestamp="2022-02-02T12:30:49.525" />
<allocation-satisfied id="454" threadId="0000000000016F00" bytesRequested="24" />
<af-end id="455" timestamp="2022-02-02T12:30:49.525" threadId="0000000000017908" success="true" />
<exclusive-end id="456" timestamp="2022-02-02T12:30:49.525" durationms="764.795" />

<exclusive-start id="457" timestamp="2022-02-02T12:30:50.330" intervalms="1570.056">
  <response-info timems="0.023" idlems="0.023" threads="0" lastid="0000000000016F00" lastname="main" />
</exclusive-start>
<af-start id="458" threadId="0000000000017908" totalBytesRequested="112" timestamp="2022-02-02T12:30:50.330" intervalms="1570.052" />
<cycle-start id="459" type="global" contextid="0" timestamp="2022-02-02T12:30:50.330" intervalms="1570.050" />
<gc-start id="460" type="global" contextid="459" timestamp="2022-02-02T12:30:50.330">
  <mem-info id="461" free="8388608" total="838860800" percent="1">
    <mem type="tenure" free="8388608" total="838860800" percent="1">
      <mem type="soa" free="0" total="830472192" percent="0" />
      <mem type="loa" free="8388608" total="8388608" percent="100" />
    </mem>
  </mem-info>
</gc-start>
<allocation-stats totalBytes="100176920" >
  <allocated-bytes non-tlh="2285496" tlh="97891424" />
  <largest-consumer threadName="main" threadId="0000000000016F00" bytes="100176136" />
</allocation-stats>
<gc-op id="462" type="mark" timems="245.747" contextid="459" timestamp="2022-02-02T12:30:50.576">
  <trace-info objectcount="10298999" scancount="7712176" scanbytes="165353336" />
  <finalization candidates="451" enqueued="80" />
  <ownableSynchronizers candidates="1" cleared="0" />
  <references type="soft" candidates="894" cleared="0" enqueued="0" dynamicThreshold="4" maxThreshold="32" />
  <references type="weak" candidates="1964" cleared="0" enqueued="0" />
  <references type="phantom" candidates="86" cleared="8" enqueued="8" />
  <stringconstants candidates="6478" cleared="0"  />
  <object-monitors candidates="2" cleared="0"  />
</gc-op>
<gc-op id="463" type="sweep" timems="6.716" contextid="459" timestamp="2022-02-02T12:30:50.583" />
<gc-end id="464" type="global" contextid="459" durationms="252.612" usertimems="273.303" systemtimems="4.813" stalltimems="723.609" timestamp="2022-02-02T12:30:50.583" activeThreads="4">
  <mem-info id="465" free="251223584" total="838860800" percent="29">
    <mem type="tenure" free="251223584" total="838860800" percent="29" micro-fragmented="28007590" macro-fragmented="0">
      <mem type="soa" free="242834976" total="830472192" percent="29" />
      <mem type="loa" free="8388608" total="8388608" percent="100" />
    </mem>
    <pending-finalizers system="79" default="1" reference="8" classloader="0" />
  </mem-info>
</gc-end>
<cycle-end id="466" type="global" contextid="459" timestamp="2022-02-02T12:30:50.583" />
<allocation-satisfied id="467" threadId="0000000000016F00" bytesRequested="112" />
<af-end id="468" timestamp="2022-02-02T12:30:50.583" threadId="0000000000017908" success="true" />
<exclusive-end id="469" timestamp="2022-02-02T12:30:50.583" durationms="252.899" />

<exclusive-start id="470" timestamp="2022-02-02T12:30:52.341" intervalms="2011.093">
  <response-info timems="0.027" idlems="0.027" threads="0" lastid="0000000000016F00" lastname="main" />
</exclusive-start>
<af-start id="471" threadId="0000000000017908" totalBytesRequested="24" timestamp="2022-02-02T12:30:52.341" intervalms="2011.096" />
<cycle-start id="472" type="global" contextid="0" timestamp="2022-02-02T12:30:52.341" intervalms="2011.109" />
<gc-start id="473" type="global" contextid="472" timestamp="2022-02-02T12:30:52.341">
  <mem-info id="474" free="8388608" total="838860800" percent="1">
    <mem type="tenure" free="8388608" total="838860800" percent="1">
      <mem type="soa" free="0" total="830472192" percent="0" />
      <mem type="loa" free="8388608" total="8388608" percent="100" />
    </mem>
  </mem-info>
</gc-start>
<allocation-stats totalBytes="242691768" >
  <allocated-bytes non-tlh="833008" tlh="241858760" />
  <largest-consumer threadName="main" threadId="0000000000016F00" bytes="242679480" />
</allocation-stats>
<gc-op id="475" type="mark" timems="471.451" contextid="472" timestamp="2022-02-02T12:30:52.813">
  <trace-info objectcount="13418655" scancount="10052084" scanbytes="215275712" />
  <finalization candidates="428" enqueued="30" />
  <ownableSynchronizers candidates="1" cleared="0" />
  <references type="soft" candidates="894" cleared="0" enqueued="0" dynamicThreshold="9" maxThreshold="32" />
  <references type="weak" candidates="1964" cleared="0" enqueued="0" />
  <references type="phantom" candidates="108" cleared="1" enqueued="1" />
  <stringconstants candidates="6478" cleared="0"  />
  <object-monitors candidates="2" cleared="0"  />
</gc-op>
<gc-op id="476" type="sweep" timems="6.592" contextid="472" timestamp="2022-02-02T12:30:52.820" />
<mem-info id="477" free="11685392" total="838860800" percent="1">
  <mem type="tenure" free="11685392" total="838860800" percent="1" micro-fragmented="96964101" macro-fragmented="0">
    <mem type="soa" free="3296784" total="830472192" percent="0" />
    <mem type="loa" free="8388608" total="8388608" percent="100" />
  </mem>
  <pending-finalizers system="30" default="0" reference="1" classloader="0" />
</mem-info>
<gc-op id="478" type="compact" timems="414.743" contextid="472" timestamp="2022-02-02T12:30:53.234">
  <compact-info movecount="8756201" movebytes="479225536" reason="low free space (less than 4%)" />
</gc-op>
<gc-end id="479" type="global" contextid="472" durationms="893.233" usertimems="3006.739" systemtimems="47.130" stalltimems="500.048" timestamp="2022-02-02T12:30:53.235" activeThreads="4">
  <mem-info id="480" free="108610624" total="838860800" percent="12">
    <mem type="tenure" free="108610624" total="838860800" percent="12">
      <mem type="soa" free="100222016" total="830472192" percent="12" />
      <mem type="loa" free="8388608" total="8388608" percent="100" />
    </mem>
    <pending-finalizers system="30" default="0" reference="1" classloader="0" />
  </mem-info>
</gc-end>
<cycle-end id="481" type="global" contextid="472" timestamp="2022-02-02T12:30:53.235" />
<allocation-satisfied id="482" threadId="0000000000016F00" bytesRequested="24" />
<af-end id="483" timestamp="2022-02-02T12:30:53.235" threadId="0000000000017908" success="true" />
<exclusive-end id="484" timestamp="2022-02-02T12:30:53.235" durationms="893.577" />

<exclusive-start id="485" timestamp="2022-02-02T12:30:54.015" intervalms="1673.906">
  <response-info timems="0.025" idlems="0.025" threads="0" lastid="0000000000016F00" lastname="main" />
</exclusive-start>
<af-start id="486" threadId="0000000000017908" totalBytesRequested="200" timestamp="2022-02-02T12:30:54.015" intervalms="1673.911" />
<cycle-start id="487" type="global" contextid="0" timestamp="2022-02-02T12:30:54.015" intervalms="1673.900" />
<gc-start id="488" type="global" contextid="487" timestamp="2022-02-02T12:30:54.016">
  <mem-info id="489" free="8388608" total="838860800" percent="1">
    <mem type="tenure" free="8388608" total="838860800" percent="1">
      <mem type="soa" free="0" total="830472192" percent="0" />
      <mem type="loa" free="8388608" total="8388608" percent="100" />
    </mem>
  </mem-info>
</gc-start>
<allocation-stats totalBytes="100177952" >
  <allocated-bytes non-tlh="2285496" tlh="97892456" />
  <largest-consumer threadName="main" threadId="0000000000016F00" bytes="100177152" />
</allocation-stats>
<gc-op id="490" type="mark" timems="232.714" contextid="487" timestamp="2022-02-02T12:30:54.248">
  <trace-info objectcount="10298842" scancount="7712094" scanbytes="165350600" />
  <finalization candidates="451" enqueued="80" />
  <ownableSynchronizers candidates="1" cleared="0" />
  <references type="soft" candidates="894" cleared="0" enqueued="0" dynamicThreshold="4" maxThreshold="32" />
  <references type="weak" candidates="1964" cleared="0" enqueued="0" />
  <references type="phantom" candidates="86" cleared="8" enqueued="8" />
  <stringconstants candidates="6478" cleared="0"  />
  <object-monitors candidates="2" cleared="0"  />
</gc-op>
<gc-op id="491" type="sweep" timems="4.570" contextid="487" timestamp="2022-02-02T12:30:54.253" />
<gc-end id="492" type="global" contextid="487" durationms="237.628" usertimems="308.587" systemtimems="0.143" stalltimems="636.940" timestamp="2022-02-02T12:30:54.253" activeThreads="4">
  <mem-info id="493" free="251227392" total="838860800" percent="29">
    <mem type="tenure" free="251227392" total="838860800" percent="29" micro-fragmented="27853475" macro-fragmented="0">
      <mem type="soa" free="242838784" total="830472192" percent="29" />
      <mem type="loa" free="8388608" total="8388608" percent="100" />
    </mem>
    <pending-finalizers system="79" default="1" reference="8" classloader="0" />
  </mem-info>
</gc-end>
<cycle-end id="494" type="global" contextid="487" timestamp="2022-02-02T12:30:54.253" />
<allocation-satisfied id="495" threadId="0000000000016F00" bytesRequested="200" />
<af-end id="496" timestamp="2022-02-02T12:30:54.253" threadId="0000000000017908" success="true" />
<exclusive-end id="497" timestamp="2022-02-02T12:30:54.253" durationms="238.204" />

<exclusive-start id="498" timestamp="2022-02-02T12:30:55.952" intervalms="1936.376">
  <response-info timems="0.021" idlems="0.021" threads="0" lastid="0000000000016F00" lastname="main" />
</exclusive-start>
<af-start id="499" threadId="0000000000017908" totalBytesRequested="16" timestamp="2022-02-02T12:30:55.952" intervalms="1936.364" />
<cycle-start id="500" type="global" contextid="0" timestamp="2022-02-02T12:30:55.952" intervalms="1936.361" />
<gc-start id="501" type="global" contextid="500" timestamp="2022-02-02T12:30:55.952">
  <mem-info id="502" free="8388608" total="838860800" percent="1">
    <mem type="tenure" free="8388608" total="838860800" percent="1">
      <mem type="soa" free="0" total="830472192" percent="0" />
      <mem type="loa" free="8388608" total="8388608" percent="100" />
    </mem>
  </mem-info>
</gc-start>
<allocation-stats totalBytes="242695416" >
  <allocated-bytes non-tlh="855960" tlh="241839456" />
  <largest-consumer threadName="main" threadId="0000000000016F00" bytes="242686264" />
</allocation-stats>
<gc-op id="503" type="mark" timems="314.304" contextid="500" timestamp="2022-02-02T12:30:56.266">
  <trace-info objectcount="13418371" scancount="10051888" scanbytes="215270976" />
  <finalization candidates="428" enqueued="30" />
  <ownableSynchronizers candidates="1" cleared="0" />
  <references type="soft" candidates="894" cleared="0" enqueued="0" dynamicThreshold="9" maxThreshold="32" />
  <references type="weak" candidates="1964" cleared="0" enqueued="0" />
  <references type="phantom" candidates="108" cleared="1" enqueued="1" />
  <stringconstants candidates="6478" cleared="0"  />
  <object-monitors candidates="2" cleared="0"  />
</gc-op>
<gc-op id="504" type="sweep" timems="7.588" contextid="500" timestamp="2022-02-02T12:30:56.274" />
<mem-info id="505" free="11681896" total="838860800" percent="1">
  <mem type="tenure" free="11681896" total="838860800" percent="1" micro-fragmented="97237260" macro-fragmented="0">
    <mem type="soa" free="3293288" total="830472192" percent="0" />
    <mem type="loa" free="8388608" total="8388608" percent="100" />
  </mem>
  <pending-finalizers system="30" default="0" reference="1" classloader="0" />
</mem-info>
<gc-op id="506" type="compact" timems="401.261" contextid="500" timestamp="2022-02-02T12:30:56.675">
  <compact-info movecount="8793781" movebytes="481362128" reason="low free space (less than 4%)" />
</gc-op>
<gc-end id="507" type="global" contextid="500" durationms="723.680" usertimems="1951.357" systemtimems="0.000" stalltimems="923.606" timestamp="2022-02-02T12:30:56.675" activeThreads="4">
  <mem-info id="508" free="108607752" total="838860800" percent="12">
    <mem type="tenure" free="108607752" total="838860800" percent="12">
      <mem type="soa" free="100219144" total="830472192" percent="12" />
      <mem type="loa" free="8388608" total="8388608" percent="100" />
    </mem>
    <pending-finalizers system="30" default="0" reference="1" classloader="0" />
  </mem-info>
</gc-end>
<cycle-end id="509" type="global" contextid="500" timestamp="2022-02-02T12:30:56.675" />
<allocation-satisfied id="510" threadId="0000000000016F00" bytesRequested="16" />
<af-end id="511" timestamp="2022-02-02T12:30:56.675" threadId="0000000000017908" success="true" />
<exclusive-end id="512" timestamp="2022-02-02T12:30:56.675" durationms="723.951" />

<exclusive-start id="513" timestamp="2022-02-02T12:30:57.467" intervalms="1514.978">
  <response-info timems="0.023" idlems="0.023" threads="0" lastid="0000000000016F00" lastname="main" />
</exclusive-start>
<af-start id="514" threadId="0000000000017908" totalBytesRequested="16" timestamp="2022-02-02T12:30:57.467" intervalms="1514.983" />
<cycle-start id="515" type="global" contextid="0" timestamp="2022-02-02T12:30:57.467" intervalms="1514.984" />
<gc-start id="516" type="global" contextid="515" timestamp="2022-02-02T12:30:57.467">
  <mem-info id="517" free="8388608" total="838860800" percent="1">
    <mem type="tenure" free="8388608" total="838860800" percent="1">
      <mem type="soa" free="0" total="830472192" percent="0" />
      <mem type="loa" free="8388608" total="8388608" percent="100" />
    </mem>
  </mem-info>
</gc-start>
<allocation-stats totalBytes="100173016" >
  <allocated-bytes non-tlh="2214920" tlh="97958096" />
  <largest-consumer threadName="main" threadId="0000000000016F00" bytes="100172184" />
</allocation-stats>
<gc-op id="518" type="mark" timems="249.541" contextid="515" timestamp="2022-02-02T12:30:57.716">
  <trace-info objectcount="10298710" scancount="7712052" scanbytes="165348296" />
  <finalization candidates="451" enqueued="80" />
  <ownableSynchronizers candidates="1" cleared="0" />
  <references type="soft" candidates="894" cleared="0" enqueued="0" dynamicThreshold="4" maxThreshold="32" />
  <references type="weak" candidates="1964" cleared="0" enqueued="0" />
  <references type="phantom" candidates="86" cleared="8" enqueued="8" />
  <stringconstants candidates="6478" cleared="0"  />
  <object-monitors candidates="2" cleared="0"  />
</gc-op>
<gc-op id="519" type="sweep" timems="4.622" contextid="515" timestamp="2022-02-02T12:30:57.721" />
<gc-end id="520" type="global" contextid="515" durationms="254.317" usertimems="274.703" systemtimems="3.528" stalltimems="736.634" timestamp="2022-02-02T12:30:57.721" activeThreads="4">
  <mem-info id="521" free="251229592" total="838860800" percent="29">
    <mem type="tenure" free="251229592" total="838860800" percent="29" micro-fragmented="27627522" macro-fragmented="0">
      <mem type="soa" free="242840984" total="830472192" percent="29" />
      <mem type="loa" free="8388608" total="8388608" percent="100" />
    </mem>
    <pending-finalizers system="79" default="1" reference="8" classloader="0" />
  </mem-info>
</gc-end>
<cycle-end id="522" type="global" contextid="515" timestamp="2022-02-02T12:30:57.721" />
<allocation-satisfied id="523" threadId="0000000000016F00" bytesRequested="16" />
<af-end id="524" timestamp="2022-02-02T12:30:57.721" threadId="0000000000017908" success="true" />
<exclusive-end id="525" timestamp="2022-02-02T12:30:57.721" durationms="254.574" />

<exclusive-start id="526" timestamp="2022-02-02T12:30:59.440" intervalms="1973.536">
  <response-info timems="0.032" idlems="0.032" threads="0" lastid="0000000000016F00" lastname="main" />
</exclusive-start>
<af-start id="527" threadId="0000000000017908" totalBytesRequested="40" timestamp="2022-02-02T12:30:59.440" intervalms="1973.565" />
<cycle-start id="528" type="global" contextid="0" timestamp="2022-02-02T12:30:59.440" intervalms="1973.572" />
<gc-start id="529" type="global" contextid="528" timestamp="2022-02-02T12:30:59.440">
  <mem-info id="530" free="8388608" total="838860800" percent="1">
    <mem type="tenure" free="8388608" total="838860800" percent="1">
      <mem type="soa" free="0" total="830472192" percent="0" />
      <mem type="loa" free="8388608" total="8388608" percent="100" />
    </mem>
  </mem-info>
</gc-start>
<allocation-stats totalBytes="242694832" >
  <allocated-bytes non-tlh="824600" tlh="241870232" />
  <largest-consumer threadName="main" threadId="0000000000016F00" bytes="242682544" />
</allocation-stats>
<gc-op id="531" type="mark" timems="461.967" contextid="528" timestamp="2022-02-02T12:30:59.902">
  <trace-info objectcount="13417850" scancount="10051475" scanbytes="215262432" />
  <finalization candidates="428" enqueued="30" />
  <ownableSynchronizers candidates="1" cleared="0" />
  <references type="soft" candidates="894" cleared="0" enqueued="0" dynamicThreshold="9" maxThreshold="32" />
  <references type="weak" candidates="1964" cleared="0" enqueued="0" />
  <references type="phantom" candidates="108" cleared="1" enqueued="1" />
  <stringconstants candidates="6478" cleared="0"  />
  <object-monitors candidates="2" cleared="0"  />
</gc-op>
<gc-op id="532" type="sweep" timems="6.168" contextid="528" timestamp="2022-02-02T12:30:59.908" />
<mem-info id="533" free="11688440" total="838860800" percent="1">
  <mem type="tenure" free="11688440" total="838860800" percent="1" micro-fragmented="97159026" macro-fragmented="56347">
    <mem type="soa" free="3299832" total="830472192" percent="0" />
    <mem type="loa" free="8388608" total="8388608" percent="100" />
  </mem>
  <pending-finalizers system="30" default="0" reference="1" classloader="0" />
</mem-info>
<gc-op id="534" type="compact" timems="390.796" contextid="528" timestamp="2022-02-02T12:31:00.299">
  <compact-info movecount="8631415" movebytes="474217784" reason="low free space (less than 4%)" />
</gc-op>
<gc-end id="535" type="global" contextid="528" durationms="859.204" usertimems="2891.978" systemtimems="21.522" stalltimems="492.077" timestamp="2022-02-02T12:31:00.299" activeThreads="4">
  <mem-info id="536" free="108609672" total="838860800" percent="12">
    <mem type="tenure" free="108609672" total="838860800" percent="12">
      <mem type="soa" free="100221064" total="830472192" percent="12" />
      <mem type="loa" free="8388608" total="8388608" percent="100" />
    </mem>
    <pending-finalizers system="30" default="0" reference="1" classloader="0" />
  </mem-info>
</gc-end>
<cycle-end id="537" type="global" contextid="528" timestamp="2022-02-02T12:31:00.300" />
<allocation-satisfied id="538" threadId="0000000000016F00" bytesRequested="40" />
<af-end id="539" timestamp="2022-02-02T12:31:00.300" threadId="0000000000017908" success="true" />
<exclusive-end id="540" timestamp="2022-02-02T12:31:00.300" durationms="859.536" />

<exclusive-start id="541" timestamp="2022-02-02T12:31:01.081" intervalms="1640.650">
  <response-info timems="0.027" idlems="0.027" threads="0" lastid="0000000000016F00" lastname="main" />
</exclusive-start>
<af-start id="542" threadId="0000000000017908" totalBytesRequested="184" timestamp="2022-02-02T12:31:01.081" intervalms="1640.622" />
<cycle-start id="543" type="global" contextid="0" timestamp="2022-02-02T12:31:01.081" intervalms="1640.616" />
<gc-start id="544" type="global" contextid="543" timestamp="2022-02-02T12:31:01.081">
  <mem-info id="545" free="8388608" total="838860800" percent="1">
    <mem type="tenure" free="8388608" total="838860800" percent="1">
      <mem type="soa" free="0" total="830472192" percent="0" />
      <mem type="loa" free="8388608" total="8388608" percent="100" />
    </mem>
  </mem-info>
</gc-start>
<allocation-stats totalBytes="100178360" >
  <allocated-bytes non-tlh="2214920" tlh="97963440" />
  <largest-consumer threadName="main" threadId="0000000000016F00" bytes="100177568" />
</allocation-stats>
<gc-op id="546" type="mark" timems="287.258" contextid="543" timestamp="2022-02-02T12:31:01.368">
  <trace-info objectcount="10298598" scancount="7711927" scanbytes="165346280" />
  <finalization candidates="451" enqueued="80" />
  <ownableSynchronizers candidates="1" cleared="0" />
  <references type="soft" candidates="894" cleared="0" enqueued="0" dynamicThreshold="4" maxThreshold="32" />
  <references type="weak" candidates="1964" cleared="0" enqueued="0" />
  <references type="phantom" candidates="86" cleared="8" enqueued="8" />
  <stringconstants candidates="6478" cleared="0"  />
  <object-monitors candidates="2" cleared="0"  />
</gc-op>
<gc-op id="547" type="sweep" timems="4.725" contextid="543" timestamp="2022-02-02T12:31:01.373" />
<gc-end id="548" type="global" contextid="543" durationms="292.137" usertimems="575.855" systemtimems="3.300" stalltimems="583.769" timestamp="2022-02-02T12:31:01.373" activeThreads="4">
  <mem-info id="549" free="251216480" total="838860800" percent="29">
    <mem type="tenure" free="251216480" total="838860800" percent="29" micro-fragmented="27588452" macro-fragmented="767091">
      <mem type="soa" free="242827872" total="830472192" percent="29" />
      <mem type="loa" free="8388608" total="8388608" percent="100" />
    </mem>
    <pending-finalizers system="79" default="1" reference="8" classloader="0" />
  </mem-info>
</gc-end>
<cycle-end id="550" type="global" contextid="543" timestamp="2022-02-02T12:31:01.373" />
<allocation-satisfied id="551" threadId="0000000000016F00" bytesRequested="184" />
<af-end id="552" timestamp="2022-02-02T12:31:01.373" threadId="0000000000017908" success="true" />
<exclusive-end id="553" timestamp="2022-02-02T12:31:01.373" durationms="292.411" />

<exclusive-start id="554" timestamp="2022-02-02T12:31:03.114" intervalms="2033.440">
  <response-info timems="0.026" idlems="0.026" threads="0" lastid="0000000000016F00" lastname="main" />
</exclusive-start>
<af-start id="555" threadId="0000000000017908" totalBytesRequested="16" timestamp="2022-02-02T12:31:03.114" intervalms="2033.434" />
<cycle-start id="556" type="global" contextid="0" timestamp="2022-02-02T12:31:03.114" intervalms="2033.430" />
<gc-start id="557" type="global" contextid="556" timestamp="2022-02-02T12:31:03.114">
  <mem-info id="558" free="8388608" total="838860800" percent="1">
    <mem type="tenure" free="8388608" total="838860800" percent="1">
      <mem type="soa" free="0" total="830472192" percent="0" />
      <mem type="loa" free="8388608" total="8388608" percent="100" />
    </mem>
  </mem-info>
</gc-start>
<allocation-stats totalBytes="242678568" >
  <allocated-bytes non-tlh="778584" tlh="241899984" />
  <largest-consumer threadName="main" threadId="0000000000016F00" bytes="242666280" />
</allocation-stats>
<gc-op id="559" type="mark" timems="304.995" contextid="556" timestamp="2022-02-02T12:31:03.419">
  <trace-info objectcount="13417007" scancount="10050781" scanbytes="215248736" />
  <finalization candidates="428" enqueued="30" />
  <ownableSynchronizers candidates="1" cleared="0" />
  <references type="soft" candidates="894" cleared="0" enqueued="0" dynamicThreshold="9" maxThreshold="32" />
  <references type="weak" candidates="1964" cleared="0" enqueued="0" />
  <references type="phantom" candidates="108" cleared="1" enqueued="1" />
  <stringconstants candidates="6478" cleared="0"  />
  <object-monitors candidates="2" cleared="0"  />
</gc-op>
<gc-op id="560" type="sweep" timems="6.404" contextid="556" timestamp="2022-02-02T12:31:03.426" />
<mem-info id="561" free="11693008" total="838860800" percent="1">
  <mem type="tenure" free="11693008" total="838860800" percent="1" micro-fragmented="96776827" macro-fragmented="0">
    <mem type="soa" free="3304400" total="830472192" percent="0" />
    <mem type="loa" free="8388608" total="8388608" percent="100" />
  </mem>
  <pending-finalizers system="30" default="0" reference="1" classloader="0" />
</mem-info>
<gc-op id="562" type="compact" timems="406.117" contextid="556" timestamp="2022-02-02T12:31:03.832">
  <compact-info movecount="8868514" movebytes="485491256" reason="low free space (less than 4%)" />
</gc-op>
<gc-end id="563" type="global" contextid="556" durationms="717.779" usertimems="2155.932" systemtimems="0.000" stalltimems="688.618" timestamp="2022-02-02T12:31:03.832" activeThreads="4">
  <mem-info id="564" free="108616296" total="838860800" percent="12">
    <mem type="tenure" free="108616296" total="838860800" percent="12">
      <mem type="soa" free="100227688" total="830472192" percent="12" />
      <mem type="loa" free="8388608" total="8388608" percent="100" />
    </mem>
    <pending-finalizers system="30" default="0" reference="1" classloader="0" />
  </mem-info>
</gc-end>
<cycle-end id="565" type="global" contextid="556" timestamp="2022-02-02T12:31:03.832" />
<allocation-satisfied id="566" threadId="0000000000016F00" bytesRequested="16" />
<af-end id="567" timestamp="2022-02-02T12:31:03.832" threadId="0000000000017908" success="true" />
<exclusive-end id="568" timestamp="2022-02-02T12:31:03.832" durationms="718.047" />

<exclusive-start id="569" timestamp="2022-02-02T12:31:04.644" intervalms="1529.997">
  <response-info timems="0.024" idlems="0.024" threads="0" lastid="0000000000016F00" lastname="main" />
</exclusive-start>
<af-start id="570" threadId="0000000000017908" totalBytesRequested="184" timestamp="2022-02-02T12:31:04.644" intervalms="1530.004" />
<cycle-start id="571" type="global" contextid="0" timestamp="2022-02-02T12:31:04.644" intervalms="1530.006" />
<gc-start id="572" type="global" contextid="571" timestamp="2022-02-02T12:31:04.644">
  <mem-info id="573" free="8388608" total="838860800" percent="1">
    <mem type="tenure" free="8388608" total="838860800" percent="1">
      <mem type="soa" free="0" total="830472192" percent="0" />
      <mem type="loa" free="8388608" total="8388608" percent="100" />
    </mem>
  </mem-info>
</gc-start>
<allocation-stats totalBytes="100184632" >
  <allocated-bytes non-tlh="2214920" tlh="97969712" />
  <largest-consumer threadName="main" threadId="0000000000016F00" bytes="100183840" />
</allocation-stats>
<gc-op id="574" type="mark" timems="299.614" contextid="571" timestamp="2022-02-02T12:31:04.944">
  <trace-info objectcount="10298348" scancount="7711772" scanbytes="165342072" />
  <finalization candidates="451" enqueued="80" />
  <ownableSynchronizers candidates="1" cleared="0" />
  <references type="soft" candidates="894" cleared="0" enqueued="0" dynamicThreshold="4" maxThreshold="32" />
  <references type="weak" candidates="1964" cleared="0" enqueued="0" />
  <references type="phantom" candidates="86" cleared="8" enqueued="8" />
  <stringconstants candidates="6478" cleared="0"  />
  <object-monitors candidates="2" cleared="0"  />
</gc-op>
<gc-op id="575" type="sweep" timems="5.247" contextid="571" timestamp="2022-02-02T12:31:04.949" />
<gc-end id="576" type="global" contextid="571" durationms="305.061" usertimems="671.783" systemtimems="11.754" stalltimems="529.894" timestamp="2022-02-02T12:31:04.949" activeThreads="4">
  <mem-info id="577" free="251207248" total="838860800" percent="29">
    <mem type="tenure" free="251207248" total="838860800" percent="29" micro-fragmented="27699206" macro-fragmented="0">
      <mem type="soa" free="242818640" total="830472192" percent="29" />
      <mem type="loa" free="8388608" total="8388608" percent="100" />
    </mem>
    <pending-finalizers system="79" default="1" reference="8" classloader="0" />
  </mem-info>
</gc-end>
<cycle-end id="578" type="global" contextid="571" timestamp="2022-02-02T12:31:04.950" />
<allocation-satisfied id="579" threadId="0000000000016F00" bytesRequested="184" />
<af-end id="580" timestamp="2022-02-02T12:31:04.950" threadId="0000000000017908" success="true" />
<exclusive-end id="581" timestamp="2022-02-02T12:31:04.950" durationms="305.441" />

<exclusive-start id="582" timestamp="2022-02-02T12:31:06.686" intervalms="2041.567">
  <response-info timems="0.019" idlems="0.019" threads="0" lastid="0000000000016F00" lastname="main" />
</exclusive-start>
<af-start id="583" threadId="0000000000017908" totalBytesRequested="24" timestamp="2022-02-02T12:31:06.686" intervalms="2041.570" />
<cycle-start id="584" type="global" contextid="0" timestamp="2022-02-02T12:31:06.686" intervalms="2041.569" />
<gc-start id="585" type="global" contextid="584" timestamp="2022-02-02T12:31:06.686">
  <mem-info id="586" free="8215784" total="838860800" percent="0">
    <mem type="tenure" free="8215784" total="838860800" percent="0">
      <mem type="soa" free="0" total="830472192" percent="0" />
      <mem type="loa" free="8215784" total="8388608" percent="97" />
    </mem>
  </mem-info>
</gc-start>
<allocation-stats totalBytes="242844592" >
  <allocated-bytes non-tlh="764568" tlh="242080024" />
  <largest-consumer threadName="main" threadId="0000000000016F00" bytes="242832304" />
</allocation-stats>
<gc-op id="587" type="mark" timems="469.762" contextid="584" timestamp="2022-02-02T12:31:07.156">
  <trace-info objectcount="13421408" scancount="10054154" scanbytes="215318936" />
  <finalization candidates="428" enqueued="30" />
  <ownableSynchronizers candidates="1" cleared="0" />
  <references type="soft" candidates="894" cleared="0" enqueued="0" dynamicThreshold="9" maxThreshold="32" />
  <references type="weak" candidates="1964" cleared="0" enqueued="0" />
  <references type="phantom" candidates="108" cleared="1" enqueued="1" />
  <stringconstants candidates="6478" cleared="0"  />
  <object-monitors candidates="2" cleared="0"  />
</gc-op>
<gc-op id="588" type="sweep" timems="7.656" contextid="584" timestamp="2022-02-02T12:31:07.163" />
<mem-info id="589" free="11516344" total="838860800" percent="1">
  <mem type="tenure" free="11516344" total="838860800" percent="1" micro-fragmented="96898225" macro-fragmented="4479464">
    <mem type="soa" free="3300560" total="830472192" percent="0" />
    <mem type="loa" free="8215784" total="8388608" percent="97" />
  </mem>
  <pending-finalizers system="30" default="0" reference="1" classloader="0" />
</mem-info>
<gc-op id="590" type="compact" timems="452.438" contextid="584" timestamp="2022-02-02T12:31:07.616">
  <compact-info movecount="8711102" movebytes="476667512" reason="low free space (less than 4%)" />
</gc-op>
<gc-end id="591" type="global" contextid="584" durationms="930.109" usertimems="3166.551" systemtimems="41.844" stalltimems="495.945" timestamp="2022-02-02T12:31:07.616" activeThreads="4">
  <mem-info id="592" free="108491160" total="838860800" percent="12">
    <mem type="tenure" free="108491160" total="838860800" percent="12">
      <mem type="soa" free="100102552" total="830472192" percent="12" />
      <mem type="loa" free="8388608" total="8388608" percent="100" />
    </mem>
    <pending-finalizers system="30" default="0" reference="1" classloader="0" />
  </mem-info>
</gc-end>
<cycle-end id="593" type="global" contextid="584" timestamp="2022-02-02T12:31:07.616" />
<allocation-satisfied id="594" threadId="0000000000016F00" bytesRequested="24" />
<af-end id="595" timestamp="2022-02-02T12:31:07.616" threadId="0000000000017908" success="true" />
<exclusive-end id="596" timestamp="2022-02-02T12:31:07.616" durationms="930.389" />

<exclusive-start id="597" timestamp="2022-02-02T12:31:08.452" intervalms="1766.565">
  <response-info timems="0.023" idlems="0.023" threads="0" lastid="0000000000016F00" lastname="main" />
</exclusive-start>
<af-start id="598" threadId="0000000000017908" totalBytesRequested="24" timestamp="2022-02-02T12:31:08.452" intervalms="1766.562" />
<cycle-start id="599" type="global" contextid="0" timestamp="2022-02-02T12:31:08.452" intervalms="1766.564" />
<gc-start id="600" type="global" contextid="599" timestamp="2022-02-02T12:31:08.452">
  <mem-info id="601" free="8388608" total="838860800" percent="1">
    <mem type="tenure" free="8388608" total="838860800" percent="1">
      <mem type="soa" free="0" total="830472192" percent="0" />
      <mem type="loa" free="8388608" total="8388608" percent="100" />
    </mem>
  </mem-info>
</gc-start>
<allocation-stats totalBytes="100061208" >
  <allocated-bytes non-tlh="2214920" tlh="97846288" />
  <largest-consumer threadName="main" threadId="0000000000016F00" bytes="100053016" />
</allocation-stats>
<gc-op id="602" type="mark" timems="318.609" contextid="599" timestamp="2022-02-02T12:31:08.771">
  <trace-info objectcount="10298527" scancount="7711852" scanbytes="165344736" />
  <finalization candidates="451" enqueued="80" />
  <ownableSynchronizers candidates="1" cleared="0" />
  <references type="soft" candidates="894" cleared="0" enqueued="0" dynamicThreshold="4" maxThreshold="32" />
  <references type="weak" candidates="1964" cleared="0" enqueued="0" />
  <references type="phantom" candidates="86" cleared="8" enqueued="8" />
  <stringconstants candidates="6478" cleared="0"  />
  <object-monitors candidates="2" cleared="0"  />
</gc-op>
<gc-op id="603" type="sweep" timems="6.387" contextid="599" timestamp="2022-02-02T12:31:08.777" />
<gc-end id="604" type="global" contextid="599" durationms="325.168" usertimems="801.500" systemtimems="12.774" stalltimems="480.789" timestamp="2022-02-02T12:31:08.778" activeThreads="4">
  <mem-info id="605" free="251228352" total="838860800" percent="29">
    <mem type="tenure" free="251228352" total="838860800" percent="29" micro-fragmented="27767869" macro-fragmented="0">
      <mem type="soa" free="242839744" total="830472192" percent="29" />
      <mem type="loa" free="8388608" total="8388608" percent="100" />
    </mem>
    <pending-finalizers system="79" default="1" reference="8" classloader="0" />
  </mem-info>
</gc-end>
<cycle-end id="606" type="global" contextid="599" timestamp="2022-02-02T12:31:08.778" />
<allocation-satisfied id="607" threadId="0000000000016F00" bytesRequested="24" />
<af-end id="608" timestamp="2022-02-02T12:31:08.778" threadId="0000000000017908" success="true" />
<exclusive-end id="609" timestamp="2022-02-02T12:31:08.778" durationms="325.459" />

<exclusive-start id="610" timestamp="2022-02-02T12:31:10.525" intervalms="2072.822">
  <response-info timems="0.023" idlems="0.023" threads="0" lastid="0000000000016F00" lastname="main" />
</exclusive-start>
<af-start id="611" threadId="0000000000017908" totalBytesRequested="24" timestamp="2022-02-02T12:31:10.525" intervalms="2072.833" />
<cycle-start id="612" type="global" contextid="0" timestamp="2022-02-02T12:31:10.525" intervalms="2072.835" />
<gc-start id="613" type="global" contextid="612" timestamp="2022-02-02T12:31:10.525">
  <mem-info id="614" free="8388608" total="838860800" percent="1">
    <mem type="tenure" free="8388608" total="838860800" percent="1">
      <mem type="soa" free="0" total="830472192" percent="0" />
      <mem type="loa" free="8388608" total="8388608" percent="100" />
    </mem>
  </mem-info>
</gc-start>
<allocation-stats totalBytes="242694376" >
  <allocated-bytes non-tlh="778584" tlh="241915792" />
  <largest-consumer threadName="main" threadId="0000000000016F00" bytes="242682088" />
</allocation-stats>
<gc-op id="615" type="mark" timems="306.918" contextid="612" timestamp="2022-02-02T12:31:10.832">
  <trace-info objectcount="13417214" scancount="10050973" scanbytes="215251624" />
  <finalization candidates="428" enqueued="30" />
  <ownableSynchronizers candidates="1" cleared="0" />
  <references type="soft" candidates="894" cleared="0" enqueued="0" dynamicThreshold="9" maxThreshold="32" />
  <references type="weak" candidates="1964" cleared="0" enqueued="0" />
  <references type="phantom" candidates="108" cleared="1" enqueued="1" />
  <stringconstants candidates="6478" cleared="0"  />
  <object-monitors candidates="2" cleared="0"  />
</gc-op>
<gc-op id="616" type="sweep" timems="6.632" contextid="612" timestamp="2022-02-02T12:31:10.839" />
<mem-info id="617" free="11686584" total="838860800" percent="1">
  <mem type="tenure" free="11686584" total="838860800" percent="1" micro-fragmented="96929200" macro-fragmented="4479464">
    <mem type="soa" free="3297976" total="830472192" percent="0" />
    <mem type="loa" free="8388608" total="8388608" percent="100" />
  </mem>
  <pending-finalizers system="30" default="0" reference="1" classloader="0" />
</mem-info>
<gc-op id="618" type="compact" timems="404.435" contextid="612" timestamp="2022-02-02T12:31:11.243">
  <compact-info movecount="8788442" movebytes="481148432" reason="low free space (less than 4%)" />
</gc-op>
<gc-end id="619" type="global" contextid="612" durationms="718.292" usertimems="2149.981" systemtimems="2.644" stalltimems="689.971" timestamp="2022-02-02T12:31:11.244" activeThreads="4">
  <mem-info id="620" free="108586208" total="838860800" percent="12">
    <mem type="tenure" free="108586208" total="838860800" percent="12">
      <mem type="soa" free="100197600" total="830472192" percent="12" />
      <mem type="loa" free="8388608" total="8388608" percent="100" />
    </mem>
    <pending-finalizers system="30" default="0" reference="1" classloader="0" />
  </mem-info>
</gc-end>
<cycle-end id="621" type="global" contextid="612" timestamp="2022-02-02T12:31:11.244" />
<allocation-satisfied id="622" threadId="0000000000016F00" bytesRequested="24" />
<af-end id="623" timestamp="2022-02-02T12:31:11.244" threadId="0000000000017908" success="true" />
<exclusive-end id="624" timestamp="2022-02-02T12:31:11.244" durationms="718.684" />

<exclusive-start id="625" timestamp="2022-02-02T12:31:12.019" intervalms="1494.201">
  <response-info timems="0.023" idlems="0.023" threads="0" lastid="0000000000016F00" lastname="main" />
</exclusive-start>
<af-start id="626" threadId="0000000000017908" totalBytesRequested="224" timestamp="2022-02-02T12:31:12.019" intervalms="1494.190" />
<cycle-start id="627" type="global" contextid="0" timestamp="2022-02-02T12:31:12.019" intervalms="1494.188" />
<gc-start id="628" type="global" contextid="627" timestamp="2022-02-02T12:31:12.019">
  <mem-info id="629" free="8388608" total="838860800" percent="1">
    <mem type="tenure" free="8388608" total="838860800" percent="1">
      <mem type="soa" free="0" total="830472192" percent="0" />
      <mem type="loa" free="8388608" total="8388608" percent="100" />
    </mem>
  </mem-info>
</gc-start>
<allocation-stats totalBytes="100151696" >
  <allocated-bytes non-tlh="2117896" tlh="98033800" />
  <largest-consumer threadName="main" threadId="0000000000016F00" bytes="100150912" />
</allocation-stats>
<gc-op id="630" type="mark" timems="220.566" contextid="627" timestamp="2022-02-02T12:31:12.240">
  <trace-info objectcount="10298096" scancount="7711512" scanbytes="165337624" />
  <finalization candidates="451" enqueued="80" />
  <ownableSynchronizers candidates="1" cleared="0" />
  <references type="soft" candidates="894" cleared="0" enqueued="0" dynamicThreshold="4" maxThreshold="32" />
  <references type="weak" candidates="1964" cleared="0" enqueued="0" />
  <references type="phantom" candidates="86" cleared="8" enqueued="8" />
  <stringconstants candidates="6478" cleared="0"  />
  <object-monitors candidates="2" cleared="0"  />
</gc-op>
<gc-op id="631" type="sweep" timems="6.088" contextid="627" timestamp="2022-02-02T12:31:12.246" />
<gc-end id="632" type="global" contextid="627" durationms="226.808" usertimems="290.399" systemtimems="3.980" stalltimems="608.879" timestamp="2022-02-02T12:31:12.246" activeThreads="4">
  <mem-info id="633" free="251206152" total="838860800" percent="29">
    <mem type="tenure" free="251206152" total="838860800" percent="29" micro-fragmented="27843784" macro-fragmented="0">
      <mem type="soa" free="242817544" total="830472192" percent="29" />
      <mem type="loa" free="8388608" total="8388608" percent="100" />
    </mem>
    <pending-finalizers system="79" default="1" reference="8" classloader="0" />
  </mem-info>
</gc-end>
<cycle-end id="634" type="global" contextid="627" timestamp="2022-02-02T12:31:12.246" />
<allocation-satisfied id="635" threadId="0000000000016F00" bytesRequested="224" />
<af-end id="636" timestamp="2022-02-02T12:31:12.246" threadId="0000000000017908" success="true" />
<exclusive-end id="637" timestamp="2022-02-02T12:31:12.246" durationms="227.116" />

<exclusive-start id="638" timestamp="2022-02-02T12:31:13.949" intervalms="1929.836">
  <response-info timems="0.029" idlems="0.029" threads="0" lastid="0000000000016F00" lastname="main" />
</exclusive-start>
<af-start id="639" threadId="0000000000017908" totalBytesRequested="24" timestamp="2022-02-02T12:31:13.949" intervalms="1929.904" />
<cycle-start id="640" type="global" contextid="0" timestamp="2022-02-02T12:31:13.949" intervalms="1929.934" />
<gc-start id="641" type="global" contextid="640" timestamp="2022-02-02T12:31:13.949">
  <mem-info id="642" free="8215784" total="838860800" percent="0">
    <mem type="tenure" free="8215784" total="838860800" percent="0">
      <mem type="soa" free="0" total="830472192" percent="0" />
      <mem type="loa" free="8215784" total="8388608" percent="97" />
    </mem>
  </mem-info>
</gc-start>
<allocation-stats totalBytes="242843168" >
  <allocated-bytes non-tlh="748152" tlh="242095016" />
  <largest-consumer threadName="main" threadId="0000000000016F00" bytes="242830880" />
</allocation-stats>
<gc-op id="643" type="mark" timems="314.409" contextid="640" timestamp="2022-02-02T12:31:14.264">
  <trace-info objectcount="13420576" scancount="10053517" scanbytes="215305208" />
  <finalization candidates="428" enqueued="30" />
  <ownableSynchronizers candidates="1" cleared="0" />
  <references type="soft" candidates="894" cleared="0" enqueued="0" dynamicThreshold="9" maxThreshold="32" />
  <references type="weak" candidates="1964" cleared="0" enqueued="0" />
  <references type="phantom" candidates="108" cleared="1" enqueued="1" />
  <stringconstants candidates="6478" cleared="0"  />
  <object-monitors candidates="2" cleared="0"  />
</gc-op>
<gc-op id="644" type="sweep" timems="6.772" contextid="640" timestamp="2022-02-02T12:31:14.271" />
<mem-info id="645" free="11513400" total="838860800" percent="1">
  <mem type="tenure" free="11513400" total="838860800" percent="1" micro-fragmented="97273622" macro-fragmented="7740516">
    <mem type="soa" free="3297616" total="830472192" percent="0" />
    <mem type="loa" free="8215784" total="8388608" percent="97" />
  </mem>
  <pending-finalizers system="30" default="0" reference="1" classloader="0" />
</mem-info>
<gc-op id="646" type="compact" timems="461.016" contextid="640" timestamp="2022-02-02T12:31:14.732">
  <compact-info movecount="8751270" movebytes="478603168" reason="low free space (less than 4%)" />
</gc-op>
<gc-end id="647" type="global" contextid="640" durationms="782.618" usertimems="2418.197" systemtimems="0.000" stalltimems="685.830" timestamp="2022-02-02T12:31:14.732" activeThreads="4">
  <mem-info id="648" free="108486832" total="838860800" percent="12">
    <mem type="tenure" free="108486832" total="838860800" percent="12">
      <mem type="soa" free="100098224" total="830472192" percent="12" />
      <mem type="loa" free="8388608" total="8388608" percent="100" />
    </mem>
    <pending-finalizers system="30" default="0" reference="1" classloader="0" />
  </mem-info>
</gc-end>
<cycle-end id="649" type="global" contextid="640" timestamp="2022-02-02T12:31:14.732" />
<allocation-satisfied id="650" threadId="0000000000016F00" bytesRequested="24" />
<af-end id="651" timestamp="2022-02-02T12:31:14.732" threadId="0000000000017908" success="true" />
<exclusive-end id="652" timestamp="2022-02-02T12:31:14.732" durationms="783.015" />

<exclusive-start id="653" timestamp="2022-02-02T12:31:15.510" intervalms="1561.119">
  <response-info timems="0.029" idlems="0.029" threads="0" lastid="0000000000016F00" lastname="main" />
</exclusive-start>
<af-start id="654" threadId="0000000000017908" totalBytesRequested="16" timestamp="2022-02-02T12:31:15.510" intervalms="1561.051" />
<cycle-start id="655" type="global" contextid="0" timestamp="2022-02-02T12:31:15.510" intervalms="1561.024" />
<gc-start id="656" type="global" contextid="655" timestamp="2022-02-02T12:31:15.510">
  <mem-info id="657" free="8388608" total="838860800" percent="1">
    <mem type="tenure" free="8388608" total="838860800" percent="1">
      <mem type="soa" free="0" total="830472192" percent="0" />
      <mem type="loa" free="8388608" total="8388608" percent="100" />
    </mem>
  </mem-info>
</gc-start>
<allocation-stats totalBytes="100052136" >
  <allocated-bytes non-tlh="2214920" tlh="97837216" />
  <largest-consumer threadName="main" threadId="0000000000016F00" bytes="100051280" />
</allocation-stats>
<gc-op id="658" type="mark" timems="252.392" contextid="655" timestamp="2022-02-02T12:31:15.763">
  <trace-info objectcount="10298220" scancount="7711669" scanbytes="165339416" />
  <finalization candidates="451" enqueued="80" />
  <ownableSynchronizers candidates="1" cleared="0" />
  <references type="soft" candidates="894" cleared="0" enqueued="0" dynamicThreshold="4" maxThreshold="32" />
  <references type="weak" candidates="1964" cleared="0" enqueued="0" />
  <references type="phantom" candidates="86" cleared="8" enqueued="8" />
  <stringconstants candidates="6478" cleared="0"  />
  <object-monitors candidates="2" cleared="0"  />
</gc-op>
<gc-op id="659" type="sweep" timems="6.172" contextid="655" timestamp="2022-02-02T12:31:15.769" />
<gc-end id="660" type="global" contextid="655" durationms="258.727" usertimems="285.101" systemtimems="0.000" stalltimems="744.090" timestamp="2022-02-02T12:31:15.769" activeThreads="4">
  <mem-info id="661" free="251212344" total="838860800" percent="29">
    <mem type="tenure" free="251212344" total="838860800" percent="29" micro-fragmented="27714768" macro-fragmented="0">
      <mem type="soa" free="242823736" total="830472192" percent="29" />
      <mem type="loa" free="8388608" total="8388608" percent="100" />
    </mem>
    <pending-finalizers system="79" default="1" reference="8" classloader="0" />
  </mem-info>
</gc-end>
<cycle-end id="662" type="global" contextid="655" timestamp="2022-02-02T12:31:15.769" />
<allocation-satisfied id="663" threadId="0000000000016F00" bytesRequested="16" />
<af-end id="664" timestamp="2022-02-02T12:31:15.769" threadId="0000000000017908" success="true" />
<exclusive-end id="665" timestamp="2022-02-02T12:31:15.769" durationms="259.023" />

<exclusive-start id="666" timestamp="2022-02-02T12:31:17.454" intervalms="1943.659">
  <response-info timems="0.020" idlems="0.020" threads="0" lastid="0000000000016F00" lastname="main" />
</exclusive-start>
<af-start id="667" threadId="0000000000017908" totalBytesRequested="16" timestamp="2022-02-02T12:31:17.454" intervalms="1943.654" />
<cycle-start id="668" type="global" contextid="0" timestamp="2022-02-02T12:31:17.454" intervalms="1943.650" />
<gc-start id="669" type="global" contextid="668" timestamp="2022-02-02T12:31:17.454">
  <mem-info id="670" free="8215784" total="838860800" percent="0">
    <mem type="tenure" free="8215784" total="838860800" percent="0">
      <mem type="soa" free="0" total="830472192" percent="0" />
      <mem type="loa" free="8215784" total="8388608" percent="97" />
    </mem>
  </mem-info>
</gc-start>
<allocation-stats totalBytes="242849536" >
  <allocated-bytes non-tlh="659560" tlh="242189976" />
  <largest-consumer threadName="main" threadId="0000000000016F00" bytes="242836528" />
</allocation-stats>
<gc-op id="671" type="mark" timems="460.972" contextid="668" timestamp="2022-02-02T12:31:17.915">
  <trace-info objectcount="13421059" scancount="10053821" scanbytes="215312736" />
  <finalization candidates="428" enqueued="30" />
  <ownableSynchronizers candidates="1" cleared="0" />
  <references type="soft" candidates="894" cleared="0" enqueued="0" dynamicThreshold="9" maxThreshold="32" />
  <references type="weak" candidates="1964" cleared="0" enqueued="0" />
  <references type="phantom" candidates="108" cleared="1" enqueued="1" />
  <stringconstants candidates="6478" cleared="0"  />
  <object-monitors candidates="2" cleared="0"  />
</gc-op>
<gc-op id="672" type="sweep" timems="6.085" contextid="668" timestamp="2022-02-02T12:31:17.921" />
<mem-info id="673" free="11514496" total="838860800" percent="1">
  <mem type="tenure" free="11514496" total="838860800" percent="1" micro-fragmented="96911526" macro-fragmented="7740516">
    <mem type="soa" free="3298712" total="830472192" percent="0" />
    <mem type="loa" free="8215784" total="8388608" percent="97" />
  </mem>
  <pending-finalizers system="30" default="0" reference="1" classloader="0" />
</mem-info>
<gc-op id="674" type="compact" timems="401.150" contextid="668" timestamp="2022-02-02T12:31:18.322">
  <compact-info movecount="8793405" movebytes="481341368" reason="low free space (less than 4%)" />
</gc-op>
<gc-end id="675" type="global" contextid="668" durationms="868.482" usertimems="2862.370" systemtimems="68.023" stalltimems="525.151" timestamp="2022-02-02T12:31:18.323" activeThreads="4">
  <mem-info id="676" free="108459688" total="838860800" percent="12">
    <mem type="tenure" free="108459688" total="838860800" percent="12">
      <mem type="soa" free="100071080" total="830472192" percent="12" />
      <mem type="loa" free="8388608" total="8388608" percent="100" />
    </mem>
    <pending-finalizers system="30" default="0" reference="1" classloader="0" />
  </mem-info>
</gc-end>
<cycle-end id="677" type="global" contextid="668" timestamp="2022-02-02T12:31:18.323" />
<allocation-satisfied id="678" threadId="0000000000016F00" bytesRequested="16" />
<af-end id="679" timestamp="2022-02-02T12:31:18.323" threadId="0000000000017908" success="true" />
<exclusive-end id="680" timestamp="2022-02-02T12:31:18.323" durationms="868.720" />

<exclusive-start id="681" timestamp="2022-02-02T12:31:19.089" intervalms="1635.417">
  <response-info timems="0.021" idlems="0.021" threads="0" lastid="0000000000016F00" lastname="main" />
</exclusive-start>
<af-start id="682" threadId="0000000000017908" totalBytesRequested="120" timestamp="2022-02-02T12:31:19.089" intervalms="1635.421" />
<cycle-start id="683" type="global" contextid="0" timestamp="2022-02-02T12:31:19.089" intervalms="1635.424" />
<gc-start id="684" type="global" contextid="683" timestamp="2022-02-02T12:31:19.089">
  <mem-info id="685" free="8388608" total="838860800" percent="1">
    <mem type="tenure" free="8388608" total="838860800" percent="1">
      <mem type="soa" free="0" total="830472192" percent="0" />
      <mem type="loa" free="8388608" total="8388608" percent="100" />
    </mem>
  </mem-info>
</gc-start>
<allocation-stats totalBytes="100026744" >
  <allocated-bytes non-tlh="2285496" tlh="97741248" />
  <largest-consumer threadName="main" threadId="0000000000016F00" bytes="100025968" />
</allocation-stats>
<gc-op id="686" type="mark" timems="294.094" contextid="683" timestamp="2022-02-02T12:31:19.384">
  <trace-info objectcount="10298135" scancount="7711570" scanbytes="165337848" />
  <finalization candidates="451" enqueued="80" />
  <ownableSynchronizers candidates="1" cleared="0" />
  <references type="soft" candidates="894" cleared="0" enqueued="0" dynamicThreshold="4" maxThreshold="32" />
  <references type="weak" candidates="1964" cleared="0" enqueued="0" />
  <references type="phantom" candidates="86" cleared="8" enqueued="8" />
  <stringconstants candidates="6478" cleared="0"  />
  <object-monitors candidates="2" cleared="0"  />
</gc-op>
<gc-op id="687" type="sweep" timems="6.654" contextid="683" timestamp="2022-02-02T12:31:19.390" />
<gc-end id="688" type="global" contextid="683" durationms="300.880" usertimems="576.194" systemtimems="15.995" stalltimems="600.571" timestamp="2022-02-02T12:31:19.390" activeThreads="4">
  <mem-info id="689" free="251217224" total="838860800" percent="29">
    <mem type="tenure" free="251217224" total="838860800" percent="29" micro-fragmented="27479272" macro-fragmented="0">
      <mem type="soa" free="242828616" total="830472192" percent="29" />
      <mem type="loa" free="8388608" total="8388608" percent="100" />
    </mem>
    <pending-finalizers system="79" default="1" reference="8" classloader="0" />
  </mem-info>
</gc-end>
<cycle-end id="690" type="global" contextid="683" timestamp="2022-02-02T12:31:19.390" />
<allocation-satisfied id="691" threadId="0000000000016F00" bytesRequested="120" />
<af-end id="692" timestamp="2022-02-02T12:31:19.390" threadId="0000000000017908" success="true" />
<exclusive-end id="693" timestamp="2022-02-02T12:31:19.390" durationms="301.169" />

<exclusive-start id="694" timestamp="2022-02-02T12:31:21.125" intervalms="2035.706">
  <response-info timems="0.035" idlems="0.035" threads="0" lastid="0000000000016F00" lastname="main" />
</exclusive-start>
<af-start id="695" threadId="0000000000017908" totalBytesRequested="16" timestamp="2022-02-02T12:31:21.126" intervalms="2036.340" />
<cycle-start id="696" type="global" contextid="0" timestamp="2022-02-02T12:31:21.126" intervalms="2036.391" />
<gc-start id="697" type="global" contextid="696" timestamp="2022-02-02T12:31:21.126">
  <mem-info id="698" free="8215784" total="838860800" percent="0">
    <mem type="tenure" free="8215784" total="838860800" percent="0">
      <mem type="soa" free="0" total="830472192" percent="0" />
      <mem type="loa" free="8215784" total="8388608" percent="97" />
    </mem>
  </mem-info>
</gc-start>
<allocation-stats totalBytes="242852056" >
  <allocated-bytes non-tlh="784728" tlh="242067328" />
  <largest-consumer threadName="main" threadId="0000000000016F00" bytes="242839768" />
</allocation-stats>
<gc-op id="699" type="mark" timems="313.603" contextid="696" timestamp="2022-02-02T12:31:21.440">
  <trace-info objectcount="13420861" scancount="10053705" scanbytes="215309360" />
  <finalization candidates="428" enqueued="30" />
  <ownableSynchronizers candidates="1" cleared="0" />
  <references type="soft" candidates="894" cleared="0" enqueued="0" dynamicThreshold="9" maxThreshold="32" />
  <references type="weak" candidates="1964" cleared="0" enqueued="0" />
  <references type="phantom" candidates="108" cleared="1" enqueued="1" />
  <stringconstants candidates="6478" cleared="0"  />
  <object-monitors candidates="2" cleared="0"  />
</gc-op>
<gc-op id="700" type="sweep" timems="8.572" contextid="696" timestamp="2022-02-02T12:31:21.448" />
<mem-info id="701" free="11511256" total="838860800" percent="1">
  <mem type="tenure" free="11511256" total="838860800" percent="1" micro-fragmented="96453442" macro-fragmented="0">
    <mem type="soa" free="3295472" total="830472192" percent="0" />
    <mem type="loa" free="8215784" total="8388608" percent="97" />
  </mem>
  <pending-finalizers system="30" default="0" reference="1" classloader="0" />
</mem-info>
<gc-op id="702" type="compact" timems="467.206" contextid="696" timestamp="2022-02-02T12:31:21.916">
  <compact-info movecount="8759347" movebytes="479266136" reason="low free space (less than 4%)" />
</gc-op>
<gc-end id="703" type="global" contextid="696" durationms="789.874" usertimems="2352.653" systemtimems="0.000" stalltimems="737.632" timestamp="2022-02-02T12:31:21.916" activeThreads="4">
  <mem-info id="704" free="108455664" total="838860800" percent="12">
    <mem type="tenure" free="108455664" total="838860800" percent="12">
      <mem type="soa" free="100067056" total="830472192" percent="12" />
      <mem type="loa" free="8388608" total="8388608" percent="100" />
    </mem>
    <pending-finalizers system="30" default="0" reference="1" classloader="0" />
  </mem-info>
</gc-end>
<cycle-end id="705" type="global" contextid="696" timestamp="2022-02-02T12:31:21.916" />
<allocation-satisfied id="706" threadId="0000000000016F00" bytesRequested="16" />
<af-end id="707" timestamp="2022-02-02T12:31:21.916" threadId="0000000000017908" success="true" />
<exclusive-end id="708" timestamp="2022-02-02T12:31:21.916" durationms="790.824" />

<exclusive-start id="709" timestamp="2022-02-02T12:31:22.728" intervalms="1602.941">
  <response-info timems="0.024" idlems="0.024" threads="0" lastid="0000000000016F00" lastname="main" />
</exclusive-start>
<af-start id="710" threadId="0000000000017908" totalBytesRequested="184" timestamp="2022-02-02T12:31:22.728" intervalms="1602.307" />
<cycle-start id="711" type="global" contextid="0" timestamp="2022-02-02T12:31:22.728" intervalms="1602.254" />
<gc-start id="712" type="global" contextid="711" timestamp="2022-02-02T12:31:22.728">
  <mem-info id="713" free="8388608" total="838860800" percent="1">
    <mem type="tenure" free="8388608" total="838860800" percent="1">
      <mem type="soa" free="0" total="830472192" percent="0" />
      <mem type="loa" free="8388608" total="8388608" percent="100" />
    </mem>
  </mem-info>
</gc-start>
<allocation-stats totalBytes="100022664" >
  <allocated-bytes non-tlh="2214920" tlh="97807744" />
  <largest-consumer threadName="main" threadId="0000000000016F00" bytes="100021800" />
</allocation-stats>
<gc-op id="714" type="mark" timems="220.221" contextid="711" timestamp="2022-02-02T12:31:22.948">
  <trace-info objectcount="10298038" scancount="7711436" scanbytes="165336072" />
  <finalization candidates="451" enqueued="80" />
  <ownableSynchronizers candidates="1" cleared="0" />
  <references type="soft" candidates="894" cleared="0" enqueued="0" dynamicThreshold="4" maxThreshold="32" />
  <references type="weak" candidates="1964" cleared="0" enqueued="0" />
  <references type="phantom" candidates="86" cleared="8" enqueued="8" />
  <stringconstants candidates="6478" cleared="0"  />
  <object-monitors candidates="2" cleared="0"  />
</gc-op>
<gc-op id="715" type="sweep" timems="4.644" contextid="711" timestamp="2022-02-02T12:31:22.953" />
<gc-end id="716" type="global" contextid="711" durationms="225.202" usertimems="330.347" systemtimems="0.394" stalltimems="567.606" timestamp="2022-02-02T12:31:22.953" activeThreads="4">
  <mem-info id="717" free="251206424" total="838860800" percent="29">
    <mem type="tenure" free="251206424" total="838860800" percent="29" micro-fragmented="27665066" macro-fragmented="0">
      <mem type="soa" free="242817816" total="830472192" percent="29" />
      <mem type="loa" free="8388608" total="8388608" percent="100" />
    </mem>
    <pending-finalizers system="79" default="1" reference="8" classloader="0" />
  </mem-info>
</gc-end>
<cycle-end id="718" type="global" contextid="711" timestamp="2022-02-02T12:31:22.953" />
<allocation-satisfied id="719" threadId="0000000000016F00" bytesRequested="184" />
<af-end id="720" timestamp="2022-02-02T12:31:22.953" threadId="0000000000017908" success="true" />
<exclusive-end id="721" timestamp="2022-02-02T12:31:22.953" durationms="225.488" />

<exclusive-start id="722" timestamp="2022-02-02T12:31:24.670" intervalms="1941.557">
  <response-info timems="0.019" idlems="0.019" threads="0" lastid="0000000000016F00" lastname="main" />
</exclusive-start>
<af-start id="723" threadId="0000000000017908" totalBytesRequested="48" timestamp="2022-02-02T12:31:24.670" intervalms="1941.553" />
<cycle-start id="724" type="global" contextid="0" timestamp="2022-02-02T12:31:24.670" intervalms="1941.552" />
<gc-start id="725" type="global" contextid="724" timestamp="2022-02-02T12:31:24.670">
  <mem-info id="726" free="8215784" total="838860800" percent="0">
    <mem type="tenure" free="8215784" total="838860800" percent="0">
      <mem type="soa" free="0" total="830472192" percent="0" />
      <mem type="loa" free="8215784" total="8388608" percent="97" />
    </mem>
  </mem-info>
</gc-start>
<allocation-stats totalBytes="242845384" >
  <allocated-bytes non-tlh="659560" tlh="242185824" />
  <largest-consumer threadName="main" threadId="0000000000016F00" bytes="242832376" />
</allocation-stats>
<gc-op id="727" type="mark" timems="311.673" contextid="724" timestamp="2022-02-02T12:31:24.981">
  <trace-info objectcount="13420317" scancount="10053260" scanbytes="215300432" />
  <finalization candidates="428" enqueued="30" />
  <ownableSynchronizers candidates="1" cleared="0" />
  <references type="soft" candidates="894" cleared="0" enqueued="0" dynamicThreshold="9" maxThreshold="32" />
  <references type="weak" candidates="1964" cleared="0" enqueued="0" />
  <references type="phantom" candidates="108" cleared="1" enqueued="1" />
  <stringconstants candidates="6478" cleared="0"  />
  <object-monitors candidates="2" cleared="0"  />
</gc-op>
<gc-op id="728" type="sweep" timems="8.519" contextid="724" timestamp="2022-02-02T12:31:24.990" />
<mem-info id="729" free="11519072" total="838860800" percent="1">
  <mem type="tenure" free="11519072" total="838860800" percent="1" micro-fragmented="96672979" macro-fragmented="0">
    <mem type="soa" free="3303288" total="830472192" percent="0" />
    <mem type="loa" free="8215784" total="8388608" percent="97" />
  </mem>
  <pending-finalizers system="30" default="0" reference="1" classloader="0" />
</mem-info>
<gc-op id="730" type="compact" timems="418.090" contextid="724" timestamp="2022-02-02T12:31:25.408">
  <compact-info movecount="8808135" movebytes="481928560" reason="low free space (less than 4%)" />
</gc-op>
<gc-end id="731" type="global" contextid="724" durationms="738.615" usertimems="1943.394" systemtimems="3.227" stalltimems="912.636" timestamp="2022-02-02T12:31:25.408" activeThreads="4">
  <mem-info id="732" free="108455592" total="838860800" percent="12">
    <mem type="tenure" free="108455592" total="838860800" percent="12">
      <mem type="soa" free="100066984" total="830472192" percent="12" />
      <mem type="loa" free="8388608" total="8388608" percent="100" />
    </mem>
    <pending-finalizers system="30" default="0" reference="1" classloader="0" />
  </mem-info>
</gc-end>
<cycle-end id="733" type="global" contextid="724" timestamp="2022-02-02T12:31:25.408" />
<allocation-satisfied id="734" threadId="0000000000016F00" bytesRequested="48" />
<af-end id="735" timestamp="2022-02-02T12:31:25.408" threadId="0000000000017908" success="true" />
<exclusive-end id="736" timestamp="2022-02-02T12:31:25.408" durationms="738.876" />

<exclusive-start id="737" timestamp="2022-02-02T12:31:26.181" intervalms="1511.965">
  <response-info timems="0.024" idlems="0.024" threads="0" lastid="0000000000016F00" lastname="main" />
</exclusive-start>
<af-start id="738" threadId="0000000000017908" totalBytesRequested="184" timestamp="2022-02-02T12:31:26.182" intervalms="1511.976" />
<cycle-start id="739" type="global" contextid="0" timestamp="2022-02-02T12:31:26.182" intervalms="1511.978" />
<gc-start id="740" type="global" contextid="739" timestamp="2022-02-02T12:31:26.182">
  <mem-info id="741" free="8388608" total="838860800" percent="1">
    <mem type="tenure" free="8388608" total="838860800" percent="1">
      <mem type="soa" free="0" total="830472192" percent="0" />
      <mem type="loa" free="8388608" total="8388608" percent="100" />
    </mem>
  </mem-info>
</gc-start>
<allocation-stats totalBytes="100021368" >
  <allocated-bytes non-tlh="2117896" tlh="97903472" />
  <largest-consumer threadName="main" threadId="0000000000016F00" bytes="100013176" />
</allocation-stats>
<gc-op id="742" type="mark" timems="308.754" contextid="739" timestamp="2022-02-02T12:31:26.491">
  <trace-info objectcount="10297768" scancount="7711254" scanbytes="165331544" />
  <finalization candidates="451" enqueued="80" />
  <ownableSynchronizers candidates="1" cleared="0" />
  <references type="soft" candidates="894" cleared="0" enqueued="0" dynamicThreshold="4" maxThreshold="32" />
  <references type="weak" candidates="1964" cleared="0" enqueued="0" />
  <references type="phantom" candidates="86" cleared="8" enqueued="8" />
  <stringconstants candidates="6478" cleared="0"  />
  <object-monitors candidates="2" cleared="0"  />
</gc-op>
<gc-op id="743" type="sweep" timems="5.001" contextid="739" timestamp="2022-02-02T12:31:26.496" />
<gc-end id="744" type="global" contextid="739" durationms="313.921" usertimems="704.201" systemtimems="17.975" stalltimems="530.624" timestamp="2022-02-02T12:31:26.496" activeThreads="4">
  <mem-info id="745" free="251222984" total="838860800" percent="29">
    <mem type="tenure" free="251222984" total="838860800" percent="29" micro-fragmented="27607461" macro-fragmented="0">
      <mem type="soa" free="242834376" total="830472192" percent="29" />
      <mem type="loa" free="8388608" total="8388608" percent="100" />
    </mem>
    <pending-finalizers system="79" default="1" reference="8" classloader="0" />
  </mem-info>
</gc-end>
<cycle-end id="746" type="global" contextid="739" timestamp="2022-02-02T12:31:26.496" />
<allocation-satisfied id="747" threadId="0000000000016F00" bytesRequested="184" />
<af-end id="748" timestamp="2022-02-02T12:31:26.496" threadId="0000000000017908" success="true" />
<exclusive-end id="749" timestamp="2022-02-02T12:31:26.496" durationms="314.551" />

<exclusive-start id="750" timestamp="2022-02-02T12:31:28.210" intervalms="2028.082">
  <response-info timems="0.045" idlems="0.045" threads="0" lastid="0000000000016F00" lastname="main" />
</exclusive-start>
<af-start id="751" threadId="0000000000017908" totalBytesRequested="32" timestamp="2022-02-02T12:31:28.210" intervalms="2028.078" />
<cycle-start id="752" type="global" contextid="0" timestamp="2022-02-02T12:31:28.210" intervalms="2028.079" />
<gc-start id="753" type="global" contextid="752" timestamp="2022-02-02T12:31:28.210">
  <mem-info id="754" free="8215784" total="838860800" percent="0">
    <mem type="tenure" free="8215784" total="838860800" percent="0">
      <mem type="soa" free="0" total="830472192" percent="0" />
      <mem type="loa" free="8215784" total="8388608" percent="97" />
    </mem>
  </mem-info>
</gc-start>
<allocation-stats totalBytes="242862480" >
  <allocated-bytes non-tlh="764568" tlh="242097912" />
  <largest-consumer threadName="main" threadId="0000000000016F00" bytes="242850192" />
</allocation-stats>
<gc-op id="755" type="mark" timems="306.333" contextid="752" timestamp="2022-02-02T12:31:28.516">
  <trace-info objectcount="13420055" scancount="10053053" scanbytes="215296032" />
  <finalization candidates="428" enqueued="30" />
  <ownableSynchronizers candidates="1" cleared="0" />
  <references type="soft" candidates="894" cleared="0" enqueued="0" dynamicThreshold="9" maxThreshold="32" />
  <references type="weak" candidates="1964" cleared="0" enqueued="0" />
  <references type="phantom" candidates="108" cleared="1" enqueued="1" />
  <stringconstants candidates="6478" cleared="0"  />
  <object-monitors candidates="2" cleared="0"  />
</gc-op>
<gc-op id="756" type="sweep" timems="6.121" contextid="752" timestamp="2022-02-02T12:31:28.522" />
<mem-info id="757" free="11515008" total="838860800" percent="1">
  <mem type="tenure" free="11515008" total="838860800" percent="1" micro-fragmented="97092953" macro-fragmented="81140">
    <mem type="soa" free="3299224" total="830472192" percent="0" />
    <mem type="loa" free="8215784" total="8388608" percent="97" />
  </mem>
  <pending-finalizers system="30" default="0" reference="1" classloader="0" />
</mem-info>
<gc-op id="758" type="compact" timems="409.764" contextid="752" timestamp="2022-02-02T12:31:28.932">
  <compact-info movecount="8771639" movebytes="479980680" reason="low free space (less than 4%)" />
</gc-op>
<gc-end id="759" type="global" contextid="752" durationms="722.475" usertimems="2124.133" systemtimems="0.736" stalltimems="727.335" timestamp="2022-02-02T12:31:28.932" activeThreads="4">
  <mem-info id="760" free="108446992" total="838860800" percent="12">
    <mem type="tenure" free="108446992" total="838860800" percent="12">
      <mem type="soa" free="100058384" total="830472192" percent="12" />
      <mem type="loa" free="8388608" total="8388608" percent="100" />
    </mem>
    <pending-finalizers system="30" default="0" reference="1" classloader="0" />
  </mem-info>
</gc-end>
<cycle-end id="761" type="global" contextid="752" timestamp="2022-02-02T12:31:28.932" />
<allocation-satisfied id="762" threadId="0000000000016F00" bytesRequested="32" />
<af-end id="763" timestamp="2022-02-02T12:31:28.932" threadId="0000000000017908" success="true" />
<exclusive-end id="764" timestamp="2022-02-02T12:31:28.932" durationms="722.763" />

<exclusive-start id="765" timestamp="2022-02-02T12:31:29.724" intervalms="1514.886">
  <response-info timems="0.023" idlems="0.023" threads="0" lastid="0000000000016F00" lastname="main" />
</exclusive-start>
<af-start id="766" threadId="0000000000017908" totalBytesRequested="128" timestamp="2022-02-02T12:31:29.725" intervalms="1514.884" />
<cycle-start id="767" type="global" contextid="0" timestamp="2022-02-02T12:31:29.725" intervalms="1514.883" />
<gc-start id="768" type="global" contextid="767" timestamp="2022-02-02T12:31:29.725">
  <mem-info id="769" free="8388608" total="838860800" percent="1">
    <mem type="tenure" free="8388608" total="838860800" percent="1">
      <mem type="soa" free="0" total="830472192" percent="0" />
      <mem type="loa" free="8388608" total="8388608" percent="100" />
    </mem>
  </mem-info>
</gc-start>
<allocation-stats totalBytes="100014304" >
  <allocated-bytes non-tlh="2285496" tlh="97728808" />
  <largest-consumer threadName="main" threadId="0000000000016F00" bytes="100013480" />
</allocation-stats>
<gc-op id="770" type="mark" timems="321.434" contextid="767" timestamp="2022-02-02T12:31:30.046">
  <trace-info objectcount="10297701" scancount="7711212" scanbytes="165330280" />
  <finalization candidates="451" enqueued="80" />
  <ownableSynchronizers candidates="1" cleared="0" />
  <references type="soft" candidates="894" cleared="0" enqueued="0" dynamicThreshold="4" maxThreshold="32" />
  <references type="weak" candidates="1964" cleared="0" enqueued="0" />
  <references type="phantom" candidates="86" cleared="8" enqueued="8" />
  <stringconstants candidates="6478" cleared="0"  />
  <object-monitors candidates="2" cleared="0"  />
</gc-op>
<gc-op id="771" type="sweep" timems="4.660" contextid="767" timestamp="2022-02-02T12:31:30.051" />
<gc-end id="772" type="global" contextid="767" durationms="326.252" usertimems="630.126" systemtimems="26.693" stalltimems="643.897" timestamp="2022-02-02T12:31:30.051" activeThreads="4">
  <mem-info id="773" free="251211168" total="838860800" percent="29">
    <mem type="tenure" free="251211168" total="838860800" percent="29" micro-fragmented="27612142" macro-fragmented="0">
      <mem type="soa" free="242822560" total="830472192" percent="29" />
      <mem type="loa" free="8388608" total="8388608" percent="100" />
    </mem>
    <pending-finalizers system="79" default="1" reference="8" classloader="0" />
  </mem-info>
</gc-end>
<cycle-end id="774" type="global" contextid="767" timestamp="2022-02-02T12:31:30.051" />
<allocation-satisfied id="775" threadId="0000000000016F00" bytesRequested="128" />
<af-end id="776" timestamp="2022-02-02T12:31:30.051" threadId="0000000000017908" success="true" />
<exclusive-end id="777" timestamp="2022-02-02T12:31:30.051" durationms="326.513" />

<exclusive-start id="778" timestamp="2022-02-02T12:31:31.768" intervalms="2043.688">
  <response-info timems="0.020" idlems="0.020" threads="0" lastid="0000000000016F00" lastname="main" />
</exclusive-start>
<af-start id="779" threadId="0000000000017908" totalBytesRequested="24" timestamp="2022-02-02T12:31:31.768" intervalms="2043.685" />
<cycle-start id="780" type="global" contextid="0" timestamp="2022-02-02T12:31:31.768" intervalms="2043.683" />
<gc-start id="781" type="global" contextid="780" timestamp="2022-02-02T12:31:31.768">
  <mem-info id="782" free="8215784" total="838860800" percent="0">
    <mem type="tenure" free="8215784" total="838860800" percent="0">
      <mem type="soa" free="0" total="830472192" percent="0" />
      <mem type="loa" free="8215784" total="8388608" percent="97" />
    </mem>
  </mem-info>
</gc-start>
<allocation-stats totalBytes="242849496" >
  <allocated-bytes non-tlh="769544" tlh="242079952" />
  <largest-consumer threadName="main" threadId="0000000000016F00" bytes="242837208" />
</allocation-stats>
<gc-op id="783" type="mark" timems="302.675" contextid="780" timestamp="2022-02-02T12:31:32.071">
  <trace-info objectcount="13419393" scancount="10052554" scanbytes="215285232" />
  <finalization candidates="428" enqueued="30" />
  <ownableSynchronizers candidates="1" cleared="0" />
  <references type="soft" candidates="894" cleared="0" enqueued="0" dynamicThreshold="9" maxThreshold="32" />
  <references type="weak" candidates="1964" cleared="0" enqueued="0" />
  <references type="phantom" candidates="108" cleared="1" enqueued="1" />
  <stringconstants candidates="6478" cleared="0"  />
  <object-monitors candidates="2" cleared="0"  />
</gc-op>
<gc-op id="784" type="sweep" timems="6.312" contextid="780" timestamp="2022-02-02T12:31:32.077" />
<mem-info id="785" free="11513808" total="838860800" percent="1">
  <mem type="tenure" free="11513808" total="838860800" percent="1" micro-fragmented="97086820" macro-fragmented="0">
    <mem type="soa" free="3298024" total="830472192" percent="0" />
    <mem type="loa" free="8215784" total="8388608" percent="97" />
  </mem>
  <pending-finalizers system="30" default="0" reference="1" classloader="0" />
</mem-info>
<gc-op id="786" type="compact" timems="391.501" contextid="780" timestamp="2022-02-02T12:31:32.469">
  <compact-info movecount="8792747" movebytes="481429416" reason="low free space (less than 4%)" />
</gc-op>
<gc-end id="787" type="global" contextid="780" durationms="700.786" usertimems="2112.727" systemtimems="5.358" stalltimems="665.294" timestamp="2022-02-02T12:31:32.469" activeThreads="4">
  <mem-info id="788" free="108446960" total="838860800" percent="12">
    <mem type="tenure" free="108446960" total="838860800" percent="12">
      <mem type="soa" free="100058352" total="830472192" percent="12" />
      <mem type="loa" free="8388608" total="8388608" percent="100" />
    </mem>
    <pending-finalizers system="30" default="0" reference="1" classloader="0" />
  </mem-info>
</gc-end>
<cycle-end id="789" type="global" contextid="780" timestamp="2022-02-02T12:31:32.469" />
<allocation-satisfied id="790" threadId="0000000000016F00" bytesRequested="24" />
<af-end id="791" timestamp="2022-02-02T12:31:32.469" threadId="0000000000017908" success="true" />
<exclusive-end id="792" timestamp="2022-02-02T12:31:32.469" durationms="701.088" />

<exclusive-start id="793" timestamp="2022-02-02T12:31:33.250" intervalms="1481.605">
  <response-info timems="0.021" idlems="0.021" threads="0" lastid="0000000000016F00" lastname="main" />
</exclusive-start>
<af-start id="794" threadId="0000000000017908" totalBytesRequested="224" timestamp="2022-02-02T12:31:33.250" intervalms="1481.606" />
<cycle-start id="795" type="global" contextid="0" timestamp="2022-02-02T12:31:33.250" intervalms="1481.608" />
<gc-start id="796" type="global" contextid="795" timestamp="2022-02-02T12:31:33.250">
  <mem-info id="797" free="8388608" total="838860800" percent="1">
    <mem type="tenure" free="8388608" total="838860800" percent="1">
      <mem type="soa" free="0" total="830472192" percent="0" />
      <mem type="loa" free="8388608" total="8388608" percent="100" />
    </mem>
  </mem-info>
</gc-start>
<allocation-stats totalBytes="100016112" >
  <allocated-bytes non-tlh="2214920" tlh="97801192" />
  <largest-consumer threadName="main" threadId="0000000000016F00" bytes="100007920" />
</allocation-stats>
<gc-op id="798" type="mark" timems="223.130" contextid="795" timestamp="2022-02-02T12:31:33.473">
  <trace-info objectcount="10297432" scancount="7710998" scanbytes="165325752" />
  <finalization candidates="451" enqueued="80" />
  <ownableSynchronizers candidates="1" cleared="0" />
  <references type="soft" candidates="894" cleared="0" enqueued="0" dynamicThreshold="4" maxThreshold="32" />
  <references type="weak" candidates="1964" cleared="0" enqueued="0" />
  <references type="phantom" candidates="86" cleared="8" enqueued="8" />
  <stringconstants candidates="6478" cleared="0"  />
  <object-monitors candidates="2" cleared="0"  />
</gc-op>
<gc-op id="799" type="sweep" timems="6.383" contextid="795" timestamp="2022-02-02T12:31:33.479" />
<gc-end id="800" type="global" contextid="795" durationms="229.665" usertimems="291.384" systemtimems="0.095" stalltimems="620.814" timestamp="2022-02-02T12:31:33.480" activeThreads="4">
  <mem-info id="801" free="251225296" total="838860800" percent="29">
    <mem type="tenure" free="251225296" total="838860800" percent="29" micro-fragmented="27489562" macro-fragmented="0">
      <mem type="soa" free="242836688" total="830472192" percent="29" />
      <mem type="loa" free="8388608" total="8388608" percent="100" />
    </mem>
    <pending-finalizers system="79" default="1" reference="8" classloader="0" />
  </mem-info>
</gc-end>
<cycle-end id="802" type="global" contextid="795" timestamp="2022-02-02T12:31:33.480" />
<allocation-satisfied id="803" threadId="0000000000016F00" bytesRequested="224" />
<af-end id="804" timestamp="2022-02-02T12:31:33.480" threadId="0000000000017908" success="true" />
<exclusive-end id="805" timestamp="2022-02-02T12:31:33.480" durationms="229.968" />

<exclusive-start id="806" timestamp="2022-02-02T12:31:35.175" intervalms="1925.737">
  <response-info timems="0.023" idlems="0.023" threads="0" lastid="0000000000016F00" lastname="main" />
</exclusive-start>
<af-start id="807" threadId="0000000000017908" totalBytesRequested="40" timestamp="2022-02-02T12:31:35.176" intervalms="1925.751" />
<cycle-start id="808" type="global" contextid="0" timestamp="2022-02-02T12:31:35.176" intervalms="1925.758" />
<gc-start id="809" type="global" contextid="808" timestamp="2022-02-02T12:31:35.176">
  <mem-info id="810" free="8215784" total="838860800" percent="0">
    <mem type="tenure" free="8215784" total="838860800" percent="0">
      <mem type="soa" free="0" total="830472192" percent="0" />
      <mem type="loa" free="8215784" total="8388608" percent="97" />
    </mem>
  </mem-info>
</gc-start>
<allocation-stats totalBytes="242859696" >
  <allocated-bytes non-tlh="769544" tlh="242090152" />
  <largest-consumer threadName="main" threadId="0000000000016F00" bytes="242847408" />
</allocation-stats>
<gc-op id="811" type="mark" timems="470.271" contextid="808" timestamp="2022-02-02T12:31:35.646">
  <trace-info objectcount="13418867" scancount="10052193" scanbytes="215276608" />
  <finalization candidates="428" enqueued="30" />
  <ownableSynchronizers candidates="1" cleared="0" />
  <references type="soft" candidates="894" cleared="0" enqueued="0" dynamicThreshold="9" maxThreshold="32" />
  <references type="weak" candidates="1964" cleared="0" enqueued="0" />
  <references type="phantom" candidates="108" cleared="1" enqueued="1" />
  <stringconstants candidates="6478" cleared="0"  />
  <object-monitors candidates="2" cleared="0"  />
</gc-op>
<gc-op id="812" type="sweep" timems="8.342" contextid="808" timestamp="2022-02-02T12:31:35.654" />
<mem-info id="813" free="11513496" total="838860800" percent="1">
  <mem type="tenure" free="11513496" total="838860800" percent="1" micro-fragmented="97186859" macro-fragmented="7740516">
    <mem type="soa" free="3297712" total="830472192" percent="0" />
    <mem type="loa" free="8215784" total="8388608" percent="97" />
  </mem>
  <pending-finalizers system="30" default="0" reference="1" classloader="0" />
</mem-info>
<gc-op id="814" type="compact" timems="474.366" contextid="808" timestamp="2022-02-02T12:31:36.129">
  <compact-info movecount="8784212" movebytes="480902984" reason="low free space (less than 4%)" />
</gc-op>
<gc-end id="815" type="global" contextid="808" durationms="953.298" usertimems="3238.584" systemtimems="32.224" stalltimems="497.567" timestamp="2022-02-02T12:31:36.129" activeThreads="4">
  <mem-info id="816" free="108448352" total="838860800" percent="12">
    <mem type="tenure" free="108448352" total="838860800" percent="12">
      <mem type="soa" free="100059744" total="830472192" percent="12" />
      <mem type="loa" free="8388608" total="8388608" percent="100" />
    </mem>
    <pending-finalizers system="30" default="0" reference="1" classloader="0" />
  </mem-info>
</gc-end>
<cycle-end id="817" type="global" contextid="808" timestamp="2022-02-02T12:31:36.129" />
<allocation-satisfied id="818" threadId="0000000000016F00" bytesRequested="40" />
<af-end id="819" timestamp="2022-02-02T12:31:36.129" threadId="0000000000017908" success="true" />
<exclusive-end id="820" timestamp="2022-02-02T12:31:36.129" durationms="953.580" />

<exclusive-start id="821" timestamp="2022-02-02T12:31:36.929" intervalms="1753.273">
  <response-info timems="0.027" idlems="0.027" threads="0" lastid="0000000000016F00" lastname="main" />
</exclusive-start>
<af-start id="822" threadId="0000000000017908" totalBytesRequested="200" timestamp="2022-02-02T12:31:36.929" intervalms="1753.514" />
<cycle-start id="823" type="global" contextid="0" timestamp="2022-02-02T12:31:36.929" intervalms="1753.576" />
<gc-start id="824" type="global" contextid="823" timestamp="2022-02-02T12:31:36.929">
  <mem-info id="825" free="8388608" total="838860800" percent="1">
    <mem type="tenure" free="8388608" total="838860800" percent="1">
      <mem type="soa" free="0" total="830472192" percent="0" />
      <mem type="loa" free="8388608" total="8388608" percent="100" />
    </mem>
  </mem-info>
</gc-start>
<allocation-stats totalBytes="100014648" >
  <allocated-bytes non-tlh="2214920" tlh="97799728" />
  <largest-consumer threadName="main" threadId="0000000000016F00" bytes="100013752" />
</allocation-stats>
<gc-op id="826" type="mark" timems="276.385" contextid="823" timestamp="2022-02-02T12:31:37.206">
  <trace-info objectcount="10297330" scancount="7710923" scanbytes="165323912" />
  <finalization candidates="451" enqueued="80" />
  <ownableSynchronizers candidates="1" cleared="0" />
  <references type="soft" candidates="894" cleared="0" enqueued="0" dynamicThreshold="4" maxThreshold="32" />
  <references type="weak" candidates="1964" cleared="0" enqueued="0" />
  <references type="phantom" candidates="86" cleared="8" enqueued="8" />
  <stringconstants candidates="6478" cleared="0"  />
  <object-monitors candidates="2" cleared="0"  />
</gc-op>
<gc-op id="827" type="sweep" timems="4.843" contextid="823" timestamp="2022-02-02T12:31:37.211" />
<gc-end id="828" type="global" contextid="823" durationms="281.464" usertimems="592.795" systemtimems="12.064" stalltimems="517.068" timestamp="2022-02-02T12:31:37.211" activeThreads="4">
  <mem-info id="829" free="251207848" total="838860800" percent="29">
    <mem type="tenure" free="251207848" total="838860800" percent="29" micro-fragmented="27800048" macro-fragmented="0">
      <mem type="soa" free="242819240" total="830472192" percent="29" />
      <mem type="loa" free="8388608" total="8388608" percent="100" />
    </mem>
    <pending-finalizers system="79" default="1" reference="8" classloader="0" />
  </mem-info>
</gc-end>
<cycle-end id="830" type="global" contextid="823" timestamp="2022-02-02T12:31:37.211" />
<allocation-satisfied id="831" threadId="0000000000016F00" bytesRequested="200" />
<af-end id="832" timestamp="2022-02-02T12:31:37.211" threadId="0000000000017908" success="true" />
<exclusive-end id="833" timestamp="2022-02-02T12:31:37.211" durationms="282.106" />

<exclusive-start id="834" timestamp="2022-02-02T12:31:39.000" intervalms="2071.397">
  <response-info timems="0.021" idlems="0.021" threads="0" lastid="0000000000016F00" lastname="main" />
</exclusive-start>
<af-start id="835" threadId="0000000000017908" totalBytesRequested="32" timestamp="2022-02-02T12:31:39.000" intervalms="2071.138" />
<cycle-start id="836" type="global" contextid="0" timestamp="2022-02-02T12:31:39.000" intervalms="2071.066" />
<gc-start id="837" type="global" contextid="836" timestamp="2022-02-02T12:31:39.000">
  <mem-info id="838" free="8215784" total="838860800" percent="0">
    <mem type="tenure" free="8215784" total="838860800" percent="0">
      <mem type="soa" free="0" total="830472192" percent="0" />
      <mem type="loa" free="8215784" total="8388608" percent="97" />
    </mem>
  </mem-info>
</gc-start>
<allocation-stats totalBytes="242841976" >
  <allocated-bytes non-tlh="640744" tlh="242201232" />
  <largest-consumer threadName="main" threadId="0000000000016F00" bytes="242829688" />
</allocation-stats>
<gc-op id="839" type="mark" timems="328.910" contextid="836" timestamp="2022-02-02T12:31:39.329">
  <trace-info objectcount="13418001" scancount="10051526" scanbytes="215262544" />
  <finalization candidates="428" enqueued="30" />
  <ownableSynchronizers candidates="1" cleared="0" />
  <references type="soft" candidates="894" cleared="0" enqueued="0" dynamicThreshold="9" maxThreshold="32" />
  <references type="weak" candidates="1964" cleared="0" enqueued="0" />
  <references type="phantom" candidates="108" cleared="1" enqueued="1" />
  <stringconstants candidates="6478" cleared="0"  />
  <object-monitors candidates="2" cleared="0"  />
</gc-op>
<gc-op id="840" type="sweep" timems="6.145" contextid="836" timestamp="2022-02-02T12:31:39.335" />
<mem-info id="841" free="11516040" total="838860800" percent="1">
  <mem type="tenure" free="11516040" total="838860800" percent="1" micro-fragmented="97393982" macro-fragmented="0">
    <mem type="soa" free="3300256" total="830472192" percent="0" />
    <mem type="loa" free="8215784" total="8388608" percent="97" />
  </mem>
  <pending-finalizers system="30" default="0" reference="1" classloader="0" />
</mem-info>
<gc-op id="842" type="compact" timems="413.879" contextid="836" timestamp="2022-02-02T12:31:39.749">
  <compact-info movecount="8791769" movebytes="481444312" reason="low free space (less than 4%)" />
</gc-op>
<gc-end id="843" type="global" contextid="836" durationms="749.225" usertimems="2215.298" systemtimems="11.164" stalltimems="748.392" timestamp="2022-02-02T12:31:39.749" activeThreads="4">
  <mem-info id="844" free="108460544" total="838860800" percent="12">
    <mem type="tenure" free="108460544" total="838860800" percent="12">
      <mem type="soa" free="100071936" total="830472192" percent="12" />
      <mem type="loa" free="8388608" total="8388608" percent="100" />
    </mem>
    <pending-finalizers system="30" default="0" reference="1" classloader="0" />
  </mem-info>
</gc-end>
<cycle-end id="845" type="global" contextid="836" timestamp="2022-02-02T12:31:39.750" />
<allocation-satisfied id="846" threadId="0000000000016F00" bytesRequested="32" />
<af-end id="847" timestamp="2022-02-02T12:31:39.750" threadId="0000000000017908" success="true" />
<exclusive-end id="848" timestamp="2022-02-02T12:31:39.750" durationms="749.463" />

<exclusive-start id="849" timestamp="2022-02-02T12:31:40.565" intervalms="1564.756">
  <response-info timems="0.020" idlems="0.020" threads="0" lastid="0000000000016F00" lastname="main" />
</exclusive-start>
<af-start id="850" threadId="0000000000017908" totalBytesRequested="16" timestamp="2022-02-02T12:31:40.565" intervalms="1564.762" />
<cycle-start id="851" type="global" contextid="0" timestamp="2022-02-02T12:31:40.565" intervalms="1564.762" />
<gc-start id="852" type="global" contextid="851" timestamp="2022-02-02T12:31:40.565">
  <mem-info id="853" free="8388608" total="838860800" percent="1">
    <mem type="tenure" free="8388608" total="838860800" percent="1">
      <mem type="soa" free="0" total="830472192" percent="0" />
      <mem type="loa" free="8388608" total="8388608" percent="100" />
    </mem>
  </mem-info>
</gc-start>
<allocation-stats totalBytes="100029864" >
  <allocated-bytes non-tlh="2117896" tlh="97911968" />
  <largest-consumer threadName="main" threadId="0000000000016F00" bytes="100029088" />
</allocation-stats>
<gc-op id="854" type="mark" timems="241.176" contextid="851" timestamp="2022-02-02T12:31:40.806">
  <trace-info objectcount="10297198" scancount="7710832" scanbytes="165321608" />
  <finalization candidates="451" enqueued="80" />
  <ownableSynchronizers candidates="1" cleared="0" />
  <references type="soft" candidates="894" cleared="0" enqueued="0" dynamicThreshold="4" maxThreshold="32" />
  <references type="weak" candidates="1964" cleared="0" enqueued="0" />
  <references type="phantom" candidates="86" cleared="8" enqueued="8" />
  <stringconstants candidates="6478" cleared="0"  />
  <object-monitors candidates="2" cleared="0"  />
</gc-op>
<gc-op id="855" type="sweep" timems="5.396" contextid="851" timestamp="2022-02-02T12:31:40.812" />
<gc-end id="856" type="global" contextid="851" durationms="246.921" usertimems="273.421" systemtimems="0.000" stalltimems="706.779" timestamp="2022-02-02T12:31:40.812" activeThreads="4">
  <mem-info id="857" free="251210360" total="838860800" percent="29">
    <mem type="tenure" free="251210360" total="838860800" percent="29" micro-fragmented="27663034" macro-fragmented="0">
      <mem type="soa" free="242821752" total="830472192" percent="29" />
      <mem type="loa" free="8388608" total="8388608" percent="100" />
    </mem>
    <pending-finalizers system="79" default="1" reference="8" classloader="0" />
  </mem-info>
</gc-end>
<cycle-end id="858" type="global" contextid="851" timestamp="2022-02-02T12:31:40.812" />
<allocation-satisfied id="859" threadId="0000000000016F00" bytesRequested="16" />
<af-end id="860" timestamp="2022-02-02T12:31:40.812" threadId="0000000000017908" success="true" />
<exclusive-end id="861" timestamp="2022-02-02T12:31:40.812" durationms="247.192" />

<exclusive-start id="862" timestamp="2022-02-02T12:31:42.565" intervalms="1999.845">
  <response-info timems="0.028" idlems="0.028" threads="0" lastid="0000000000016F00" lastname="main" />
</exclusive-start>
<af-start id="863" threadId="0000000000017908" totalBytesRequested="40" timestamp="2022-02-02T12:31:42.565" intervalms="1999.852" />
<cycle-start id="864" type="global" contextid="0" timestamp="2022-02-02T12:31:42.565" intervalms="1999.855" />
<gc-start id="865" type="global" contextid="864" timestamp="2022-02-02T12:31:42.565">
  <mem-info id="866" free="8215784" total="838860800" percent="0">
    <mem type="tenure" free="8215784" total="838860800" percent="0">
      <mem type="soa" free="0" total="830472192" percent="0" />
      <mem type="loa" free="8215784" total="8388608" percent="97" />
    </mem>
  </mem-info>
</gc-start>
<allocation-stats totalBytes="242847192" >
  <allocated-bytes non-tlh="783560" tlh="242063632" />
  <largest-consumer threadName="main" threadId="0000000000016F00" bytes="242829960" />
</allocation-stats>
<gc-op id="867" type="mark" timems="473.649" contextid="864" timestamp="2022-02-02T12:31:43.039">
  <trace-info objectcount="13417599" scancount="10051198" scanbytes="215255904" />
  <finalization candidates="428" enqueued="30" />
  <ownableSynchronizers candidates="1" cleared="0" />
  <references type="soft" candidates="894" cleared="0" enqueued="0" dynamicThreshold="9" maxThreshold="32" />
  <references type="weak" candidates="1964" cleared="0" enqueued="0" />
  <references type="phantom" candidates="108" cleared="1" enqueued="1" />
  <stringconstants candidates="6478" cleared="0"  />
  <object-monitors candidates="2" cleared="0"  />
</gc-op>
<gc-op id="868" type="sweep" timems="9.043" contextid="864" timestamp="2022-02-02T12:31:43.048" />
<mem-info id="869" free="11520840" total="838860800" percent="1">
  <mem type="tenure" free="11520840" total="838860800" percent="1" micro-fragmented="97223236" macro-fragmented="0">
    <mem type="soa" free="3305056" total="830472192" percent="0" />
    <mem type="loa" free="8215784" total="8388608" percent="97" />
  </mem>
  <pending-finalizers system="30" default="0" reference="1" classloader="0" />
</mem-info>
<gc-op id="870" type="compact" timems="415.870" contextid="864" timestamp="2022-02-02T12:31:43.464">
  <compact-info movecount="8785402" movebytes="481059944" reason="low free space (less than 4%)" />
</gc-op>
<gc-end id="871" type="global" contextid="864" durationms="898.907" usertimems="2980.900" systemtimems="55.476" stalltimems="496.387" timestamp="2022-02-02T12:31:43.464" activeThreads="4">
  <mem-info id="872" free="108457848" total="838860800" percent="12">
    <mem type="tenure" free="108457848" total="838860800" percent="12">
      <mem type="soa" free="100069240" total="830472192" percent="12" />
      <mem type="loa" free="8388608" total="8388608" percent="100" />
    </mem>
    <pending-finalizers system="30" default="0" reference="1" classloader="0" />
  </mem-info>
</gc-end>
<cycle-end id="873" type="global" contextid="864" timestamp="2022-02-02T12:31:43.464" />
<allocation-satisfied id="874" threadId="0000000000016F00" bytesRequested="40" />
<af-end id="875" timestamp="2022-02-02T12:31:43.464" threadId="0000000000017908" success="true" />
<exclusive-end id="876" timestamp="2022-02-02T12:31:43.464" durationms="899.435" />

<exclusive-start id="877" timestamp="2022-02-02T12:31:44.258" intervalms="1692.971">
  <response-info timems="0.022" idlems="0.022" threads="0" lastid="0000000000016F00" lastname="main" />
</exclusive-start>
<af-start id="878" threadId="0000000000017908" totalBytesRequested="184" timestamp="2022-02-02T12:31:44.258" intervalms="1692.962" />
<cycle-start id="879" type="global" contextid="0" timestamp="2022-02-02T12:31:44.258" intervalms="1692.960" />
<gc-start id="880" type="global" contextid="879" timestamp="2022-02-02T12:31:44.258">
  <mem-info id="881" free="8388608" total="838860800" percent="1">
    <mem type="tenure" free="8388608" total="838860800" percent="1">
      <mem type="soa" free="0" total="830472192" percent="0" />
      <mem type="loa" free="8388608" total="8388608" percent="100" />
    </mem>
  </mem-info>
</gc-start>
<allocation-stats totalBytes="100025544" >
  <allocated-bytes non-tlh="2117896" tlh="97907648" />
  <largest-consumer threadName="main" threadId="0000000000016F00" bytes="100024720" />
</allocation-stats>
<gc-op id="882" type="mark" timems="257.095" contextid="879" timestamp="2022-02-02T12:31:44.515">
  <trace-info objectcount="10297034" scancount="7710626" scanbytes="165318760" />
  <finalization candidates="451" enqueued="80" />
  <ownableSynchronizers candidates="1" cleared="0" />
  <references type="soft" candidates="894" cleared="0" enqueued="0" dynamicThreshold="4" maxThreshold="32" />
  <references type="weak" candidates="1964" cleared="0" enqueued="0" />
  <references type="phantom" candidates="86" cleared="8" enqueued="8" />
  <stringconstants candidates="6478" cleared="0"  />
  <object-monitors candidates="2" cleared="0"  />
</gc-op>
<gc-op id="883" type="sweep" timems="4.830" contextid="879" timestamp="2022-02-02T12:31:44.520" />
<gc-end id="884" type="global" contextid="879" durationms="262.356" usertimems="488.400" systemtimems="3.097" stalltimems="555.629" timestamp="2022-02-02T12:31:44.520" activeThreads="4">
  <mem-info id="885" free="251199968" total="838860800" percent="29">
    <mem type="tenure" free="251199968" total="838860800" percent="29" micro-fragmented="27534752" macro-fragmented="0">
      <mem type="soa" free="242811360" total="830472192" percent="29" />
      <mem type="loa" free="8388608" total="8388608" percent="100" />
    </mem>
    <pending-finalizers system="79" default="1" reference="8" classloader="0" />
  </mem-info>
</gc-end>
<cycle-end id="886" type="global" contextid="879" timestamp="2022-02-02T12:31:44.520" />
<allocation-satisfied id="887" threadId="0000000000016F00" bytesRequested="184" />
<af-end id="888" timestamp="2022-02-02T12:31:44.520" threadId="0000000000017908" success="true" />
<exclusive-end id="889" timestamp="2022-02-02T12:31:44.520" durationms="262.614" />

<exclusive-start id="890" timestamp="2022-02-02T12:31:46.277" intervalms="2019.449">
  <response-info timems="0.036" idlems="0.036" threads="0" lastid="0000000000016F00" lastname="main" />
</exclusive-start>
<af-start id="891" threadId="0000000000017908" totalBytesRequested="24" timestamp="2022-02-02T12:31:46.277" intervalms="2019.504" />
<cycle-start id="892" type="global" contextid="0" timestamp="2022-02-02T12:31:46.277" intervalms="2019.513" />
<gc-start id="893" type="global" contextid="892" timestamp="2022-02-02T12:31:46.277">
  <mem-info id="894" free="8215784" total="838860800" percent="0">
    <mem type="tenure" free="8215784" total="838860800" percent="0">
      <mem type="soa" free="0" total="830472192" percent="0" />
      <mem type="loa" free="8215784" total="8388608" percent="97" />
    </mem>
  </mem-info>
</gc-start>
<allocation-stats totalBytes="242839232" >
  <allocated-bytes non-tlh="823128" tlh="242016104" />
  <largest-consumer threadName="main" threadId="0000000000016F00" bytes="242811984" />
</allocation-stats>
<gc-op id="895" type="mark" timems="328.697" contextid="892" timestamp="2022-02-02T12:31:46.606">
  <trace-info objectcount="13416580" scancount="10050451" scanbytes="215239408" />
  <finalization candidates="428" enqueued="30" />
  <ownableSynchronizers candidates="1" cleared="0" />
  <references type="soft" candidates="894" cleared="0" enqueued="0" dynamicThreshold="9" maxThreshold="32" />
  <references type="weak" candidates="1964" cleared="0" enqueued="0" />
  <references type="phantom" candidates="108" cleared="1" enqueued="1" />
  <stringconstants candidates="6478" cleared="0"  />
  <object-monitors candidates="2" cleared="0"  />
</gc-op>
<gc-op id="896" type="sweep" timems="9.832" contextid="892" timestamp="2022-02-02T12:31:46.616" />
<mem-info id="897" free="11529112" total="838860800" percent="1">
  <mem type="tenure" free="11529112" total="838860800" percent="1" micro-fragmented="96599763" macro-fragmented="4479464">
    <mem type="soa" free="3313328" total="830472192" percent="0" />
    <mem type="loa" free="8215784" total="8388608" percent="97" />
  </mem>
  <pending-finalizers system="30" default="0" reference="1" classloader="0" />
</mem-info>
<gc-op id="898" type="compact" timems="503.653" contextid="892" timestamp="2022-02-02T12:31:47.120">
  <compact-info movecount="8790614" movebytes="481450224" reason="low free space (less than 4%)" />
</gc-op>
<gc-end id="899" type="global" contextid="892" durationms="842.501" usertimems="2574.852" systemtimems="3.220" stalltimems="685.714" timestamp="2022-02-02T12:31:47.120" activeThreads="4">
  <mem-info id="900" free="108475040" total="838860800" percent="12">
    <mem type="tenure" free="108475040" total="838860800" percent="12">
      <mem type="soa" free="100086432" total="830472192" percent="12" />
      <mem type="loa" free="8388608" total="8388608" percent="100" />
    </mem>
    <pending-finalizers system="30" default="0" reference="1" classloader="0" />
  </mem-info>
</gc-end>
<cycle-end id="901" type="global" contextid="892" timestamp="2022-02-02T12:31:47.120" />
<allocation-satisfied id="902" threadId="0000000000016F00" bytesRequested="24" />
<af-end id="903" timestamp="2022-02-02T12:31:47.120" threadId="0000000000017908" success="true" />
<exclusive-end id="904" timestamp="2022-02-02T12:31:47.120" durationms="842.851" />

<exclusive-start id="905" timestamp="2022-02-02T12:31:47.953" intervalms="1675.357">
  <response-info timems="0.026" idlems="0.026" threads="0" lastid="0000000000016F00" lastname="main" />
</exclusive-start>
<af-start id="906" threadId="0000000000017908" totalBytesRequested="232" timestamp="2022-02-02T12:31:47.953" intervalms="1675.313" />
<cycle-start id="907" type="global" contextid="0" timestamp="2022-02-02T12:31:47.953" intervalms="1675.545" />
<gc-start id="908" type="global" contextid="907" timestamp="2022-02-02T12:31:47.953">
  <mem-info id="909" free="8388608" total="838860800" percent="1">
    <mem type="tenure" free="8388608" total="838860800" percent="1">
      <mem type="soa" free="0" total="830472192" percent="0" />
      <mem type="loa" free="8388608" total="8388608" percent="100" />
    </mem>
  </mem-info>
</gc-start>
<allocation-stats totalBytes="100042472" >
  <allocated-bytes non-tlh="2285496" tlh="97756976" />
  <largest-consumer threadName="main" threadId="0000000000016F00" bytes="100041664" />
</allocation-stats>
<gc-op id="910" type="mark" timems="303.236" contextid="907" timestamp="2022-02-02T12:31:48.256">
  <trace-info objectcount="10296860" scancount="7710574" scanbytes="165315768" />
  <finalization candidates="451" enqueued="80" />
  <ownableSynchronizers candidates="1" cleared="0" />
  <references type="soft" candidates="894" cleared="0" enqueued="0" dynamicThreshold="4" maxThreshold="32" />
  <references type="weak" candidates="1964" cleared="0" enqueued="0" />
  <references type="phantom" candidates="86" cleared="8" enqueued="8" />
  <stringconstants candidates="6478" cleared="0"  />
  <object-monitors candidates="2" cleared="0"  />
</gc-op>
<gc-op id="911" type="sweep" timems="4.937" contextid="907" timestamp="2022-02-02T12:31:48.261" />
<gc-end id="912" type="global" contextid="907" durationms="308.543" usertimems="659.751" systemtimems="7.375" stalltimems="563.995" timestamp="2022-02-02T12:31:48.261" activeThreads="4">
  <mem-info id="913" free="251208048" total="838860800" percent="29">
    <mem type="tenure" free="251208048" total="838860800" percent="29" micro-fragmented="27773597" macro-fragmented="1900512">
      <mem type="soa" free="242819440" total="830472192" percent="29" />
      <mem type="loa" free="8388608" total="8388608" percent="100" />
    </mem>
    <pending-finalizers system="79" default="1" reference="8" classloader="0" />
  </mem-info>
</gc-end>
<cycle-end id="914" type="global" contextid="907" timestamp="2022-02-02T12:31:48.262" />
<allocation-satisfied id="915" threadId="0000000000016F00" bytesRequested="232" />
<af-end id="916" timestamp="2022-02-02T12:31:48.262" threadId="0000000000017908" success="true" />
<exclusive-end id="917" timestamp="2022-02-02T12:31:48.262" durationms="309.153" />

<exclusive-start id="918" timestamp="2022-02-02T12:31:50.040" intervalms="2087.743">
  <response-info timems="0.021" idlems="0.021" threads="0" lastid="0000000000016F00" lastname="main" />
</exclusive-start>
<af-start id="919" threadId="0000000000017908" totalBytesRequested="24" timestamp="2022-02-02T12:31:50.040" intervalms="2087.726" />
<cycle-start id="920" type="global" contextid="0" timestamp="2022-02-02T12:31:50.040" intervalms="2087.486" />
<gc-start id="921" type="global" contextid="920" timestamp="2022-02-02T12:31:50.040">
  <mem-info id="922" free="8215784" total="838860800" percent="0">
    <mem type="tenure" free="8215784" total="838860800" percent="0">
      <mem type="soa" free="0" total="830472192" percent="0" />
      <mem type="loa" free="8215784" total="8388608" percent="97" />
    </mem>
  </mem-info>
</gc-start>
<allocation-stats totalBytes="242840952" >
  <allocated-bytes non-tlh="823128" tlh="242017824" />
  <largest-consumer threadName="main" threadId="0000000000016F00" bytes="242828664" />
</allocation-stats>
<gc-op id="923" type="mark" timems="472.360" contextid="920" timestamp="2022-02-02T12:31:50.513">
  <trace-info objectcount="13416532" scancount="10050336" scanbytes="215238424" />
  <finalization candidates="428" enqueued="30" />
  <ownableSynchronizers candidates="1" cleared="0" />
  <references type="soft" candidates="894" cleared="0" enqueued="0" dynamicThreshold="9" maxThreshold="32" />
  <references type="weak" candidates="1964" cleared="0" enqueued="0" />
  <references type="phantom" candidates="108" cleared="1" enqueued="1" />
  <stringconstants candidates="6478" cleared="0"  />
  <object-monitors candidates="2" cleared="0"  />
</gc-op>
<gc-op id="924" type="sweep" timems="6.800" contextid="920" timestamp="2022-02-02T12:31:50.520" />
<mem-info id="925" free="11516160" total="838860800" percent="1">
  <mem type="tenure" free="11516160" total="838860800" percent="1" micro-fragmented="97344900" macro-fragmented="0">
    <mem type="soa" free="3300376" total="830472192" percent="0" />
    <mem type="loa" free="8215784" total="8388608" percent="97" />
  </mem>
  <pending-finalizers system="30" default="0" reference="1" classloader="0" />
</mem-info>
<gc-op id="926" type="compact" timems="407.162" contextid="920" timestamp="2022-02-02T12:31:50.927">
  <compact-info movecount="8785452" movebytes="481122512" reason="low free space (less than 4%)" />
</gc-op>
<gc-end id="927" type="global" contextid="920" durationms="886.871" usertimems="2986.462" systemtimems="37.965" stalltimems="501.358" timestamp="2022-02-02T12:31:50.927" activeThreads="4">
  <mem-info id="928" free="108461688" total="838860800" percent="12">
    <mem type="tenure" free="108461688" total="838860800" percent="12">
      <mem type="soa" free="100073080" total="830472192" percent="12" />
      <mem type="loa" free="8388608" total="8388608" percent="100" />
    </mem>
    <pending-finalizers system="30" default="0" reference="1" classloader="0" />
  </mem-info>
</gc-end>
<cycle-end id="929" type="global" contextid="920" timestamp="2022-02-02T12:31:50.927" />
<allocation-satisfied id="930" threadId="0000000000016F00" bytesRequested="24" />
<af-end id="931" timestamp="2022-02-02T12:31:50.928" threadId="0000000000017908" success="true" />
<exclusive-end id="932" timestamp="2022-02-02T12:31:50.928" durationms="887.221" />

<exclusive-start id="933" timestamp="2022-02-02T12:31:51.723" intervalms="1683.171">
  <response-info timems="0.021" idlems="0.021" threads="0" lastid="0000000000016F00" lastname="main" />
</exclusive-start>
<af-start id="934" threadId="0000000000017908" totalBytesRequested="184" timestamp="2022-02-02T12:31:51.724" intervalms="1683.178" />
<cycle-start id="935" type="global" contextid="0" timestamp="2022-02-02T12:31:51.724" intervalms="1683.178" />
<gc-start id="936" type="global" contextid="935" timestamp="2022-02-02T12:31:51.724">
  <mem-info id="937" free="8388608" total="838860800" percent="1">
    <mem type="tenure" free="8388608" total="838860800" percent="1">
      <mem type="soa" free="0" total="830472192" percent="0" />
      <mem type="loa" free="8388608" total="8388608" percent="100" />
    </mem>
  </mem-info>
</gc-start>
<allocation-stats totalBytes="100026512" >
  <allocated-bytes non-tlh="2117896" tlh="97908616" />
  <largest-consumer threadName="main" threadId="0000000000016F00" bytes="100025728" />
</allocation-stats>
<gc-op id="938" type="mark" timems="240.646" contextid="935" timestamp="2022-02-02T12:31:51.964">
  <trace-info objectcount="10296694" scancount="7710402" scanbytes="165312904" />
  <finalization candidates="451" enqueued="80" />
  <ownableSynchronizers candidates="1" cleared="0" />
  <references type="soft" candidates="894" cleared="0" enqueued="0" dynamicThreshold="4" maxThreshold="32" />
  <references type="weak" candidates="1964" cleared="0" enqueued="0" />
  <references type="phantom" candidates="86" cleared="8" enqueued="8" />
  <stringconstants candidates="6478" cleared="0"  />
  <object-monitors candidates="2" cleared="0"  />
</gc-op>
<gc-op id="939" type="sweep" timems="5.010" contextid="935" timestamp="2022-02-02T12:31:51.970" />
<gc-end id="940" type="global" contextid="935" durationms="246.008" usertimems="302.997" systemtimems="1.022" stalltimems="677.615" timestamp="2022-02-02T12:31:51.970" activeThreads="4">
  <mem-info id="941" free="251199896" total="838860800" percent="29">
    <mem type="tenure" free="251199896" total="838860800" percent="29" micro-fragmented="27716484" macro-fragmented="0">
      <mem type="soa" free="242811288" total="830472192" percent="29" />
      <mem type="loa" free="8388608" total="8388608" percent="100" />
    </mem>
    <pending-finalizers system="79" default="1" reference="8" classloader="0" />
  </mem-info>
</gc-end>
<cycle-end id="942" type="global" contextid="935" timestamp="2022-02-02T12:31:51.970" />
<allocation-satisfied id="943" threadId="0000000000016F00" bytesRequested="184" />
<af-end id="944" timestamp="2022-02-02T12:31:51.970" threadId="0000000000017908" success="true" />
<exclusive-end id="945" timestamp="2022-02-02T12:31:51.970" durationms="246.301" />

<exclusive-start id="946" timestamp="2022-02-02T12:31:53.728" intervalms="2004.220">
  <response-info timems="0.046" idlems="0.046" threads="0" lastid="0000000000016F00" lastname="main" />
</exclusive-start>
<af-start id="947" threadId="0000000000017908" totalBytesRequested="16" timestamp="2022-02-02T12:31:53.728" intervalms="2004.245" />
<cycle-start id="948" type="global" contextid="0" timestamp="2022-02-02T12:31:53.728" intervalms="2004.258" />
<gc-start id="949" type="global" contextid="948" timestamp="2022-02-02T12:31:53.728">
  <mem-info id="950" free="8215784" total="838860800" percent="0">
    <mem type="tenure" free="8215784" total="838860800" percent="0">
      <mem type="soa" free="0" total="830472192" percent="0" />
      <mem type="loa" free="8215784" total="8388608" percent="97" />
    </mem>
  </mem-info>
</gc-start>
<allocation-stats totalBytes="242835880" >
  <allocated-bytes non-tlh="814720" tlh="242021160" />
  <largest-consumer threadName="main" threadId="0000000000016F00" bytes="242808632" />
</allocation-stats>
<gc-op id="951" type="mark" timems="469.392" contextid="948" timestamp="2022-02-02T12:31:54.197">
  <trace-info objectcount="13415383" scancount="10049514" scanbytes="215219840" />
  <finalization candidates="428" enqueued="30" />
  <ownableSynchronizers candidates="1" cleared="0" />
  <references type="soft" candidates="894" cleared="0" enqueued="0" dynamicThreshold="9" maxThreshold="32" />
  <references type="weak" candidates="1964" cleared="0" enqueued="0" />
  <references type="phantom" candidates="108" cleared="1" enqueued="1" />
  <stringconstants candidates="6478" cleared="0"  />
  <object-monitors candidates="2" cleared="0"  />
</gc-op>
<gc-op id="952" type="sweep" timems="6.613" contextid="948" timestamp="2022-02-02T12:31:54.204" />
<mem-info id="953" free="11531544" total="838860800" percent="1">
  <mem type="tenure" free="11531544" total="838860800" percent="1" micro-fragmented="96956154" macro-fragmented="0">
    <mem type="soa" free="3315760" total="830472192" percent="0" />
    <mem type="loa" free="8215784" total="8388608" percent="97" />
  </mem>
  <pending-finalizers system="30" default="0" reference="1" classloader="0" />
</mem-info>
<gc-op id="954" type="compact" timems="402.085" contextid="948" timestamp="2022-02-02T12:31:54.606">
  <compact-info movecount="8789615" movebytes="481457552" reason="low free space (less than 4%)" />
</gc-op>
<gc-end id="955" type="global" contextid="948" durationms="878.703" usertimems="2928.077" systemtimems="61.146" stalltimems="503.564" timestamp="2022-02-02T12:31:54.607" activeThreads="4">
  <mem-info id="956" free="108480424" total="838860800" percent="12">
    <mem type="tenure" free="108480424" total="838860800" percent="12">
      <mem type="soa" free="100091816" total="830472192" percent="12" />
      <mem type="loa" free="8388608" total="8388608" percent="100" />
    </mem>
    <pending-finalizers system="30" default="0" reference="1" classloader="0" />
  </mem-info>
</gc-end>
<cycle-end id="957" type="global" contextid="948" timestamp="2022-02-02T12:31:54.607" />
<allocation-satisfied id="958" threadId="0000000000016F00" bytesRequested="16" />
<af-end id="959" timestamp="2022-02-02T12:31:54.607" threadId="0000000000017908" success="true" />
<exclusive-end id="960" timestamp="2022-02-02T12:31:54.607" durationms="879.033" />

<exclusive-start id="961" timestamp="2022-02-02T12:31:55.392" intervalms="1664.591">
  <response-info timems="0.022" idlems="0.022" threads="0" lastid="0000000000016F00" lastname="main" />
</exclusive-start>
<af-start id="962" threadId="0000000000017908" totalBytesRequested="128" timestamp="2022-02-02T12:31:55.392" intervalms="1664.565" />
<cycle-start id="963" type="global" contextid="0" timestamp="2022-02-02T12:31:55.392" intervalms="1664.552" />
<gc-start id="964" type="global" contextid="963" timestamp="2022-02-02T12:31:55.392">
  <mem-info id="965" free="8388608" total="838860800" percent="1">
    <mem type="tenure" free="8388608" total="838860800" percent="1">
      <mem type="soa" free="0" total="830472192" percent="0" />
      <mem type="loa" free="8388608" total="8388608" percent="100" />
    </mem>
  </mem-info>
</gc-start>
<allocation-stats totalBytes="100049576" >
  <allocated-bytes non-tlh="2117896" tlh="97931680" />
  <largest-consumer threadName="main" threadId="0000000000016F00" bytes="100048696" />
</allocation-stats>
<gc-op id="966" type="mark" timems="260.092" contextid="963" timestamp="2022-02-02T12:31:55.653">
  <trace-info objectcount="10296555" scancount="7710305" scanbytes="165310488" />
  <finalization candidates="451" enqueued="80" />
  <ownableSynchronizers candidates="1" cleared="0" />
  <references type="soft" candidates="894" cleared="0" enqueued="0" dynamicThreshold="4" maxThreshold="32" />
  <references type="weak" candidates="1964" cleared="0" enqueued="0" />
  <references type="phantom" candidates="86" cleared="8" enqueued="8" />
  <stringconstants candidates="6478" cleared="0"  />
  <object-monitors candidates="2" cleared="0"  />
</gc-op>
<gc-op id="967" type="sweep" timems="4.674" contextid="963" timestamp="2022-02-02T12:31:55.657" />
<gc-end id="968" type="global" contextid="963" durationms="265.162" usertimems="486.095" systemtimems="7.841" stalltimems="564.164" timestamp="2022-02-02T12:31:55.658" activeThreads="4">
  <mem-info id="969" free="251210712" total="838860800" percent="29">
    <mem type="tenure" free="251210712" total="838860800" percent="29" micro-fragmented="27744420" macro-fragmented="1500163">
      <mem type="soa" free="242822104" total="830472192" percent="29" />
      <mem type="loa" free="8388608" total="8388608" percent="100" />
    </mem>
    <pending-finalizers system="79" default="1" reference="8" classloader="0" />
  </mem-info>
</gc-end>
<cycle-end id="970" type="global" contextid="963" timestamp="2022-02-02T12:31:55.658" />
<allocation-satisfied id="971" threadId="0000000000016F00" bytesRequested="128" />
<af-end id="972" timestamp="2022-02-02T12:31:55.658" threadId="0000000000017908" success="true" />
<exclusive-end id="973" timestamp="2022-02-02T12:31:55.658" durationms="265.464" />

<exclusive-start id="974" timestamp="2022-02-02T12:31:57.474" intervalms="2081.496">
  <response-info timems="0.021" idlems="0.021" threads="0" lastid="0000000000016F00" lastname="main" />
</exclusive-start>
<af-start id="975" threadId="0000000000017908" totalBytesRequested="32" timestamp="2022-02-02T12:31:57.474" intervalms="2081.508" />
<cycle-start id="976" type="global" contextid="0" timestamp="2022-02-02T12:31:57.474" intervalms="2081.511" />
<gc-start id="977" type="global" contextid="976" timestamp="2022-02-02T12:31:57.474">
  <mem-info id="978" free="8215784" total="838860800" percent="0">
    <mem type="tenure" free="8215784" total="838860800" percent="0">
      <mem type="soa" free="0" total="830472192" percent="0" />
      <mem type="loa" free="8215784" total="8388608" percent="97" />
    </mem>
  </mem-info>
</gc-start>
<allocation-stats totalBytes="242847680" >
  <allocated-bytes non-tlh="823128" tlh="242024552" />
  <largest-consumer threadName="main" threadId="0000000000016F00" bytes="242836752" />
</allocation-stats>
<gc-op id="979" type="mark" timems="316.087" contextid="976" timestamp="2022-02-02T12:31:57.790">
  <trace-info objectcount="13415807" scancount="10049886" scanbytes="215226400" />
  <finalization candidates="428" enqueued="30" />
  <ownableSynchronizers candidates="1" cleared="0" />
  <references type="soft" candidates="894" cleared="0" enqueued="0" dynamicThreshold="9" maxThreshold="32" />
  <references type="weak" candidates="1964" cleared="0" enqueued="0" />
  <references type="phantom" candidates="108" cleared="1" enqueued="1" />
  <stringconstants candidates="6478" cleared="0"  />
  <object-monitors candidates="2" cleared="0"  />
</gc-op>
<gc-op id="980" type="sweep" timems="6.538" contextid="976" timestamp="2022-02-02T12:31:57.797" />
<mem-info id="981" free="11509768" total="838860800" percent="1">
  <mem type="tenure" free="11509768" total="838860800" percent="1" micro-fragmented="97217050" macro-fragmented="0">
    <mem type="soa" free="3293984" total="830472192" percent="0" />
    <mem type="loa" free="8215784" total="8388608" percent="97" />
  </mem>
  <pending-finalizers system="30" default="0" reference="1" classloader="0" />
</mem-info>
<gc-op id="982" type="compact" timems="401.106" contextid="976" timestamp="2022-02-02T12:31:58.198">
  <compact-info movecount="8786504" movebytes="481242344" reason="low free space (less than 4%)" />
</gc-op>
<gc-end id="983" type="global" contextid="976" durationms="724.193" usertimems="2152.831" systemtimems="10.556" stalltimems="710.375" timestamp="2022-02-02T12:31:58.198" activeThreads="4">
  <mem-info id="984" free="108449568" total="838860800" percent="12">
    <mem type="tenure" free="108449568" total="838860800" percent="12">
      <mem type="soa" free="100060960" total="830472192" percent="12" />
      <mem type="loa" free="8388608" total="8388608" percent="100" />
    </mem>
    <pending-finalizers system="30" default="0" reference="1" classloader="0" />
  </mem-info>
</gc-end>
<cycle-end id="985" type="global" contextid="976" timestamp="2022-02-02T12:31:58.198" />
<allocation-satisfied id="986" threadId="0000000000016F00" bytesRequested="32" />
<af-end id="987" timestamp="2022-02-02T12:31:58.198" threadId="0000000000017908" success="true" />
<exclusive-end id="988" timestamp="2022-02-02T12:31:58.198" durationms="724.492" />

<exclusive-start id="989" timestamp="2022-02-02T12:31:59.069" intervalms="1595.262">
  <response-info timems="0.027" idlems="0.027" threads="0" lastid="0000000000016F00" lastname="main" />
</exclusive-start>
<af-start id="990" threadId="0000000000017908" totalBytesRequested="184" timestamp="2022-02-02T12:31:59.069" intervalms="1595.276" />
<cycle-start id="991" type="global" contextid="0" timestamp="2022-02-02T12:31:59.069" intervalms="1595.282" />
<gc-start id="992" type="global" contextid="991" timestamp="2022-02-02T12:31:59.069">
  <mem-info id="993" free="8388608" total="838860800" percent="1">
    <mem type="tenure" free="8388608" total="838860800" percent="1">
      <mem type="soa" free="0" total="830472192" percent="0" />
      <mem type="loa" free="8388608" total="8388608" percent="100" />
    </mem>
  </mem-info>
</gc-start>
<allocation-stats totalBytes="100018568" >
  <allocated-bytes non-tlh="2285496" tlh="97733072" />
  <largest-consumer threadName="main" threadId="0000000000016F00" bytes="100017696" />
</allocation-stats>
<gc-op id="994" type="mark" timems="289.818" contextid="991" timestamp="2022-02-02T12:31:59.359">
  <trace-info objectcount="10296390" scancount="7710134" scanbytes="165307624" />
  <finalization candidates="451" enqueued="80" />
  <ownableSynchronizers candidates="1" cleared="0" />
  <references type="soft" candidates="894" cleared="0" enqueued="0" dynamicThreshold="4" maxThreshold="32" />
  <references type="weak" candidates="1964" cleared="0" enqueued="0" />
  <references type="phantom" candidates="86" cleared="8" enqueued="8" />
  <stringconstants candidates="6478" cleared="0"  />
  <object-monitors candidates="2" cleared="0"  />
</gc-op>
<gc-op id="995" type="sweep" timems="5.584" contextid="991" timestamp="2022-02-02T12:31:59.365" />
<gc-end id="996" type="global" contextid="991" durationms="295.925" usertimems="568.613" systemtimems="1.434" stalltimems="610.955" timestamp="2022-02-02T12:31:59.365" activeThreads="4">
  <mem-info id="997" free="251214768" total="838860800" percent="29">
    <mem type="tenure" free="251214768" total="838860800" percent="29" micro-fragmented="27922232" macro-fragmented="0">
      <mem type="soa" free="242826160" total="830472192" percent="29" />
      <mem type="loa" free="8388608" total="8388608" percent="100" />
    </mem>
    <pending-finalizers system="79" default="1" reference="8" classloader="0" />
  </mem-info>
</gc-end>
<cycle-end id="998" type="global" contextid="991" timestamp="2022-02-02T12:31:59.365" />
<allocation-satisfied id="999" threadId="0000000000016F00" bytesRequested="184" />
<af-end id="1000" timestamp="2022-02-02T12:31:59.365" threadId="0000000000017908" success="true" />
<exclusive-end id="1001" timestamp="2022-02-02T12:31:59.365" durationms="296.257" />

<exclusive-start id="1002" timestamp="2022-02-02T12:32:01.128" intervalms="2058.951">
  <response-info timems="0.053" idlems="0.053" threads="0" lastid="0000000000016F00" lastname="main" />
</exclusive-start>
<af-start id="1003" threadId="0000000000017908" totalBytesRequested="8208" timestamp="2022-02-02T12:32:01.128" intervalms="2058.968" />
<cycle-start id="1004" type="global" contextid="0" timestamp="2022-02-02T12:32:01.128" intervalms="2058.977" />
<gc-start id="1005" type="global" contextid="1004" timestamp="2022-02-02T12:32:01.128">
  <mem-info id="1006" free="8389408" total="838860800" percent="1">
    <mem type="tenure" free="8389408" total="838860800" percent="1">
      <mem type="soa" free="800" total="830472192" percent="0" />
      <mem type="loa" free="8388608" total="8388608" percent="100" />
    </mem>
  </mem-info>
</gc-start>
<allocation-stats totalBytes="242678136" >
  <allocated-bytes non-tlh="547296" tlh="242130840" />
  <largest-consumer threadName="main" threadId="0000000000016F00" bytes="242650888" />
</allocation-stats>
<gc-op id="1007" type="mark" timems="340.601" contextid="1004" timestamp="2022-02-02T12:32:01.469">
  <trace-info objectcount="13415068" scancount="10049260" scanbytes="215214376" />
  <finalization candidates="427" enqueued="29" />
  <ownableSynchronizers candidates="1" cleared="0" />
  <references type="soft" candidates="894" cleared="0" enqueued="0" dynamicThreshold="9" maxThreshold="32" />
  <references type="weak" candidates="1964" cleared="0" enqueued="0" />
  <references type="phantom" candidates="108" cleared="1" enqueued="1" />
  <stringconstants candidates="6478" cleared="0"  />
  <object-monitors candidates="2" cleared="0"  />
</gc-op>
<gc-op id="1008" type="sweep" timems="7.413" contextid="1004" timestamp="2022-02-02T12:32:01.477" />
<mem-info id="1009" free="11707256" total="838860800" percent="1">
  <mem type="tenure" free="11707256" total="838860800" percent="1" micro-fragmented="97553175" macro-fragmented="0">
    <mem type="soa" free="3318648" total="830472192" percent="0" />
    <mem type="loa" free="8388608" total="8388608" percent="100" />
  </mem>
  <pending-finalizers system="29" default="0" reference="1" classloader="0" />
</mem-info>
<gc-op id="1010" type="compact" timems="448.061" contextid="1004" timestamp="2022-02-02T12:32:01.925">
  <compact-info movecount="8789437" movebytes="481303568" reason="low free space (less than 4%)" />
</gc-op>
<gc-end id="1011" type="global" contextid="1004" durationms="796.636" usertimems="2348.436" systemtimems="0.000" stalltimems="821.232" timestamp="2022-02-02T12:32:01.925" activeThreads="4">
  <mem-info id="1012" free="108629192" total="838860800" percent="12">
    <mem type="tenure" free="108629192" total="838860800" percent="12">
      <mem type="soa" free="100240584" total="830472192" percent="12" />
      <mem type="loa" free="8388608" total="8388608" percent="100" />
    </mem>
    <pending-finalizers system="29" default="0" reference="1" classloader="0" />
  </mem-info>
</gc-end>
<cycle-end id="1013" type="global" contextid="1004" timestamp="2022-02-02T12:32:01.925" />
<allocation-satisfied id="1014" threadId="0000000000016F00" bytesRequested="8208" />
<af-end id="1015" timestamp="2022-02-02T12:32:01.925" threadId="0000000000017908" success="true" />
<exclusive-end id="1016" timestamp="2022-02-02T12:32:01.925" durationms="797.015" />

<exclusive-start id="1017" timestamp="2022-02-02T12:32:02.689" intervalms="1560.971">
  <response-info timems="0.023" idlems="0.023" threads="0" lastid="0000000000016F00" lastname="main" />
</exclusive-start>
<af-start id="1018" threadId="0000000000017908" totalBytesRequested="184" timestamp="2022-02-02T12:32:02.689" intervalms="1560.928" />
<cycle-start id="1019" type="global" contextid="0" timestamp="2022-02-02T12:32:02.689" intervalms="1560.911" />
<gc-start id="1020" type="global" contextid="1019" timestamp="2022-02-02T12:32:02.689">
  <mem-info id="1021" free="8388608" total="838860800" percent="1">
    <mem type="tenure" free="8388608" total="838860800" percent="1">
      <mem type="soa" free="0" total="830472192" percent="0" />
      <mem type="loa" free="8388608" total="8388608" percent="100" />
    </mem>
  </mem-info>
</gc-start>
<allocation-stats totalBytes="100206296" >
  <allocated-bytes non-tlh="2395952" tlh="97810344" />
  <largest-consumer threadName="main" threadId="0000000000016F00" bytes="100205448" />
</allocation-stats>
<gc-op id="1022" type="mark" timems="241.870" contextid="1019" timestamp="2022-02-02T12:32:02.931">
  <trace-info objectcount="10296174" scancount="7710058" scanbytes="165306612" />
  <finalization candidates="452" enqueued="81" />
  <ownableSynchronizers candidates="1" cleared="0" />
  <references type="soft" candidates="894" cleared="0" enqueued="0" dynamicThreshold="4" maxThreshold="32" />
  <references type="weak" candidates="1964" cleared="0" enqueued="0" />
  <references type="phantom" candidates="87" cleared="8" enqueued="8" />
  <stringconstants candidates="6478" cleared="0"  />
  <object-monitors candidates="2" cleared="0"  />
</gc-op>
<gc-op id="1023" type="sweep" timems="4.724" contextid="1019" timestamp="2022-02-02T12:32:02.936" />
<gc-end id="1024" type="global" contextid="1019" durationms="247.071" usertimems="289.102" systemtimems="3.880" stalltimems="690.627" timestamp="2022-02-02T12:32:02.936" activeThreads="4">
  <mem-info id="1025" free="251220176" total="838860800" percent="29">
    <mem type="tenure" free="251220176" total="838860800" percent="29" micro-fragmented="27628502" macro-fragmented="0">
      <mem type="soa" free="242831568" total="830472192" percent="29" />
      <mem type="loa" free="8388608" total="8388608" percent="100" />
    </mem>
    <pending-finalizers system="80" default="1" reference="8" classloader="0" />
  </mem-info>
</gc-end>
<cycle-end id="1026" type="global" contextid="1019" timestamp="2022-02-02T12:32:02.936" />
<allocation-satisfied id="1027" threadId="0000000000016F00" bytesRequested="184" />
<af-end id="1028" timestamp="2022-02-02T12:32:02.936" threadId="0000000000017908" success="true" />
<exclusive-end id="1029" timestamp="2022-02-02T12:32:02.936" durationms="247.341" />

<exclusive-start id="1030" timestamp="2022-02-02T12:32:04.659" intervalms="1970.125">
  <response-info timems="0.035" idlems="0.035" threads="0" lastid="0000000000016F00" lastname="main" />
</exclusive-start>
<af-start id="1031" threadId="0000000000017908" totalBytesRequested="16" timestamp="2022-02-02T12:32:04.659" intervalms="1970.170" />
<cycle-start id="1032" type="global" contextid="0" timestamp="2022-02-02T12:32:04.659" intervalms="1970.171" />
<gc-start id="1033" type="global" contextid="1032" timestamp="2022-02-02T12:32:04.659">
  <mem-info id="1034" free="8388608" total="838860800" percent="1">
    <mem type="tenure" free="8388608" total="838860800" percent="1">
      <mem type="soa" free="0" total="830472192" percent="0" />
      <mem type="loa" free="8388608" total="8388608" percent="100" />
    </mem>
  </mem-info>
</gc-start>
<allocation-stats totalBytes="242675048" >
  <allocated-bytes non-tlh="516136" tlh="242158912" />
  <largest-consumer threadName="main" threadId="0000000000016F00" bytes="242662760" />
</allocation-stats>
<gc-op id="1035" type="mark" timems="325.598" contextid="1032" timestamp="2022-02-02T12:32:04.985">
  <trace-info objectcount="13415085" scancount="10049301" scanbytes="215216636" />
  <finalization candidates="427" enqueued="29" />
  <ownableSynchronizers candidates="1" cleared="0" />
  <references type="soft" candidates="894" cleared="0" enqueued="0" dynamicThreshold="9" maxThreshold="32" />
  <references type="weak" candidates="1964" cleared="0" enqueued="0" />
  <references type="phantom" candidates="107" cleared="1" enqueued="1" />
  <stringconstants candidates="6478" cleared="0"  />
  <object-monitors candidates="2" cleared="0"  />
</gc-op>
<gc-op id="1036" type="sweep" timems="6.670" contextid="1032" timestamp="2022-02-02T12:32:04.992" />
<mem-info id="1037" free="11690752" total="838860800" percent="1">
  <mem type="tenure" free="11690752" total="838860800" percent="1" micro-fragmented="96905185" macro-fragmented="4479464">
    <mem type="soa" free="3302144" total="830472192" percent="0" />
    <mem type="loa" free="8388608" total="8388608" percent="100" />
  </mem>
  <pending-finalizers system="29" default="0" reference="1" classloader="0" />
</mem-info>
<gc-op id="1038" type="compact" timems="442.407" contextid="1032" timestamp="2022-02-02T12:32:05.434">
  <compact-info movecount="8786995" movebytes="481153128" reason="low free space (less than 4%)" />
</gc-op>
<gc-end id="1039" type="global" contextid="1032" durationms="775.149" usertimems="2371.419" systemtimems="16.622" stalltimems="689.152" timestamp="2022-02-02T12:32:05.434" activeThreads="4">
  <mem-info id="1040" free="108624992" total="838860800" percent="12">
    <mem type="tenure" free="108624992" total="838860800" percent="12">
      <mem type="soa" free="100236384" total="830472192" percent="12" />
      <mem type="loa" free="8388608" total="8388608" percent="100" />
    </mem>
    <pending-finalizers system="29" default="0" reference="1" classloader="0" />
  </mem-info>
</gc-end>
<cycle-end id="1041" type="global" contextid="1032" timestamp="2022-02-02T12:32:05.434" />
<allocation-satisfied id="1042" threadId="0000000000016F00" bytesRequested="16" />
<af-end id="1043" timestamp="2022-02-02T12:32:05.435" threadId="0000000000017908" success="true" />
<exclusive-end id="1044" timestamp="2022-02-02T12:32:05.435" durationms="775.443" />

<exclusive-start id="1045" timestamp="2022-02-02T12:32:06.252" intervalms="1592.728">
  <response-info timems="0.022" idlems="0.022" threads="0" lastid="0000000000016F00" lastname="main" />
</exclusive-start>
<af-start id="1046" threadId="0000000000017908" totalBytesRequested="112" timestamp="2022-02-02T12:32:06.252" intervalms="1592.685" />
<cycle-start id="1047" type="global" contextid="0" timestamp="2022-02-02T12:32:06.252" intervalms="1592.694" />
<gc-start id="1048" type="global" contextid="1047" timestamp="2022-02-02T12:32:06.252">
  <mem-info id="1049" free="8388608" total="838860800" percent="1">
    <mem type="tenure" free="8388608" total="838860800" percent="1">
      <mem type="soa" free="0" total="830472192" percent="0" />
      <mem type="loa" free="8388608" total="8388608" percent="100" />
    </mem>
  </mem-info>
</gc-start>
<allocation-stats totalBytes="100189376" >
  <allocated-bytes non-tlh="2387744" tlh="97801632" />
  <largest-consumer threadName="main" threadId="0000000000016F00" bytes="100188568" />
</allocation-stats>
<gc-op id="1050" type="mark" timems="227.571" contextid="1047" timestamp="2022-02-02T12:32:06.480">
  <trace-info objectcount="10295971" scancount="7709844" scanbytes="165303172" />
  <finalization candidates="452" enqueued="81" />
  <ownableSynchronizers candidates="1" cleared="0" />
  <references type="soft" candidates="894" cleared="0" enqueued="0" dynamicThreshold="4" maxThreshold="32" />
  <references type="weak" candidates="1964" cleared="0" enqueued="0" />
  <references type="phantom" candidates="87" cleared="8" enqueued="8" />
  <stringconstants candidates="6478" cleared="0"  />
  <object-monitors candidates="2" cleared="0"  />
</gc-op>
<gc-op id="1051" type="sweep" timems="4.673" contextid="1047" timestamp="2022-02-02T12:32:06.484" />
<gc-end id="1052" type="global" contextid="1047" durationms="232.571" usertimems="265.070" systemtimems="0.351" stalltimems="660.994" timestamp="2022-02-02T12:32:06.485" activeThreads="4">
  <mem-info id="1053" free="251219072" total="838860800" percent="29">
    <mem type="tenure" free="251219072" total="838860800" percent="29" micro-fragmented="27785390" macro-fragmented="0">
      <mem type="soa" free="242830464" total="830472192" percent="29" />
      <mem type="loa" free="8388608" total="8388608" percent="100" />
    </mem>
    <pending-finalizers system="80" default="1" reference="8" classloader="0" />
  </mem-info>
</gc-end>
<cycle-end id="1054" type="global" contextid="1047" timestamp="2022-02-02T12:32:06.485" />
<allocation-satisfied id="1055" threadId="0000000000016F00" bytesRequested="112" />
<af-end id="1056" timestamp="2022-02-02T12:32:06.485" threadId="0000000000017908" success="true" />
<exclusive-end id="1057" timestamp="2022-02-02T12:32:06.485" durationms="232.839" />

<exclusive-start id="1058" timestamp="2022-02-02T12:32:08.269" intervalms="2017.547">
  <response-info timems="0.025" idlems="0.025" threads="0" lastid="0000000000016F00" lastname="main" />
</exclusive-start>
<af-start id="1059" threadId="0000000000017908" totalBytesRequested="40" timestamp="2022-02-02T12:32:08.269" intervalms="2017.540" />
<cycle-start id="1060" type="global" contextid="0" timestamp="2022-02-02T12:32:08.269" intervalms="2017.529" />
<gc-start id="1061" type="global" contextid="1060" timestamp="2022-02-02T12:32:08.269">
  <mem-info id="1062" free="8388608" total="838860800" percent="1">
    <mem type="tenure" free="8388608" total="838860800" percent="1">
      <mem type="soa" free="0" total="830472192" percent="0" />
      <mem type="loa" free="8388608" total="8388608" percent="100" />
    </mem>
  </mem-info>
</gc-start>
<allocation-stats totalBytes="242679448" >
  <allocated-bytes non-tlh="511360" tlh="242168088" />
  <largest-consumer threadName="main" threadId="0000000000016F00" bytes="242652184" />
</allocation-stats>
<gc-op id="1063" type="mark" timems="455.252" contextid="1060" timestamp="2022-02-02T12:32:08.725">
  <trace-info objectcount="13415110" scancount="10049289" scanbytes="215216844" />
  <finalization candidates="427" enqueued="29" />
  <ownableSynchronizers candidates="1" cleared="0" />
  <references type="soft" candidates="894" cleared="0" enqueued="0" dynamicThreshold="9" maxThreshold="32" />
  <references type="weak" candidates="1964" cleared="0" enqueued="0" />
  <references type="phantom" candidates="107" cleared="1" enqueued="1" />
  <stringconstants candidates="6478" cleared="0"  />
  <object-monitors candidates="2" cleared="0"  />
</gc-op>
<gc-op id="1064" type="sweep" timems="7.301" contextid="1060" timestamp="2022-02-02T12:32:08.732" />
<mem-info id="1065" free="11666744" total="838860800" percent="1">
  <mem type="tenure" free="11666744" total="838860800" percent="1" micro-fragmented="96870673" macro-fragmented="0">
    <mem type="soa" free="3278136" total="830472192" percent="0" />
    <mem type="loa" free="8388608" total="8388608" percent="100" />
  </mem>
  <pending-finalizers system="29" default="0" reference="1" classloader="0" />
</mem-info>
<gc-op id="1066" type="compact" timems="543.573" contextid="1060" timestamp="2022-02-02T12:32:09.276">
  <compact-info movecount="8789579" movebytes="481339136" reason="low free space (less than 4%)" />
</gc-op>
<gc-end id="1067" type="global" contextid="1060" durationms="1006.734" usertimems="3463.006" systemtimems="58.419" stalltimems="477.408" timestamp="2022-02-02T12:32:09.276" activeThreads="4">
  <mem-info id="1068" free="108609320" total="838860800" percent="12">
    <mem type="tenure" free="108609320" total="838860800" percent="12">
      <mem type="soa" free="100220712" total="830472192" percent="12" />
      <mem type="loa" free="8388608" total="8388608" percent="100" />
    </mem>
    <pending-finalizers system="29" default="0" reference="1" classloader="0" />
  </mem-info>
</gc-end>
<cycle-end id="1069" type="global" contextid="1060" timestamp="2022-02-02T12:32:09.276" />
<allocation-satisfied id="1070" threadId="0000000000016F00" bytesRequested="40" />
<af-end id="1071" timestamp="2022-02-02T12:32:09.276" threadId="0000000000017908" success="true" />
<exclusive-end id="1072" timestamp="2022-02-02T12:32:09.276" durationms="1007.025" />

<exclusive-start id="1073" timestamp="2022-02-02T12:32:10.157" intervalms="1887.551">
  <response-info timems="0.027" idlems="0.027" threads="0" lastid="0000000000016F00" lastname="main" />
</exclusive-start>
<af-start id="1074" threadId="0000000000017908" totalBytesRequested="184" timestamp="2022-02-02T12:32:10.157" intervalms="1887.591" />
<cycle-start id="1075" type="global" contextid="0" timestamp="2022-02-02T12:32:10.157" intervalms="1887.605" />
<gc-start id="1076" type="global" contextid="1075" timestamp="2022-02-02T12:32:10.157">
  <mem-info id="1077" free="8388608" total="838860800" percent="1">
    <mem type="tenure" free="8388608" total="838860800" percent="1">
      <mem type="soa" free="0" total="830472192" percent="0" />
      <mem type="loa" free="8388608" total="8388608" percent="100" />
    </mem>
  </mem-info>
</gc-start>
<allocation-stats totalBytes="100175880" >
  <allocated-bytes non-tlh="2387744" tlh="97788136" />
  <largest-consumer threadName="main" threadId="0000000000016F00" bytes="100175104" />
</allocation-stats>
<gc-op id="1078" type="mark" timems="314.374" contextid="1075" timestamp="2022-02-02T12:32:10.471">
  <trace-info objectcount="10295502" scancount="7709449" scanbytes="165295444" />
  <finalization candidates="452" enqueued="81" />
  <ownableSynchronizers candidates="1" cleared="0" />
  <references type="soft" candidates="894" cleared="0" enqueued="0" dynamicThreshold="4" maxThreshold="32" />
  <references type="weak" candidates="1964" cleared="0" enqueued="0" />
  <references type="phantom" candidates="87" cleared="8" enqueued="8" />
  <stringconstants candidates="6478" cleared="0"  />
  <object-monitors candidates="2" cleared="0"  />
</gc-op>
<gc-op id="1079" type="sweep" timems="5.371" contextid="1075" timestamp="2022-02-02T12:32:10.477" />
<gc-end id="1080" type="global" contextid="1075" durationms="320.251" usertimems="639.716" systemtimems="4.816" stalltimems="630.149" timestamp="2022-02-02T12:32:10.477" activeThreads="4">
  <mem-info id="1081" free="251249616" total="838860800" percent="29">
    <mem type="tenure" free="251249616" total="838860800" percent="29" micro-fragmented="27540547" macro-fragmented="0">
      <mem type="soa" free="242861008" total="830472192" percent="29" />
      <mem type="loa" free="8388608" total="8388608" percent="100" />
    </mem>
    <pending-finalizers system="80" default="1" reference="8" classloader="0" />
  </mem-info>
</gc-end>
<cycle-end id="1082" type="global" contextid="1075" timestamp="2022-02-02T12:32:10.478" />
<allocation-satisfied id="1083" threadId="0000000000016F00" bytesRequested="184" />
<af-end id="1084" timestamp="2022-02-02T12:32:10.478" threadId="0000000000017908" success="true" />
<exclusive-end id="1085" timestamp="2022-02-02T12:32:10.478" durationms="320.645" />

<exclusive-start id="1086" timestamp="2022-02-02T12:32:12.557" intervalms="2400.029">
  <response-info timems="0.031" idlems="0.031" threads="0" lastid="0000000000016F00" lastname="main" />
</exclusive-start>
<af-start id="1087" threadId="0000000000017908" totalBytesRequested="40" timestamp="2022-02-02T12:32:12.557" intervalms="2400.014" />
<cycle-start id="1088" type="global" contextid="0" timestamp="2022-02-02T12:32:12.557" intervalms="2400.016" />
<gc-start id="1089" type="global" contextid="1088" timestamp="2022-02-02T12:32:12.557">
  <mem-info id="1090" free="8388608" total="838860800" percent="1">
    <mem type="tenure" free="8388608" total="838860800" percent="1">
      <mem type="soa" free="0" total="830472192" percent="0" />
      <mem type="loa" free="8388608" total="8388608" percent="100" />
    </mem>
  </mem-info>
</gc-start>
<allocation-stats totalBytes="242707600" >
  <allocated-bytes non-tlh="622376" tlh="242085224" />
  <largest-consumer threadName="main" threadId="0000000000016F00" bytes="242687968" />
</allocation-stats>
<gc-op id="1091" type="mark" timems="516.745" contextid="1088" timestamp="2022-02-02T12:32:13.074">
  <trace-info objectcount="13415137" scancount="10049303" scanbytes="215217052" />
  <finalization candidates="427" enqueued="29" />
  <ownableSynchronizers candidates="1" cleared="0" />
  <references type="soft" candidates="894" cleared="0" enqueued="0" dynamicThreshold="9" maxThreshold="32" />
  <references type="weak" candidates="1964" cleared="0" enqueued="0" />
  <references type="phantom" candidates="107" cleared="1" enqueued="1" />
  <stringconstants candidates="6478" cleared="0"  />
  <object-monitors candidates="2" cleared="0"  />
</gc-op>
<gc-op id="1092" type="sweep" timems="7.516" contextid="1088" timestamp="2022-02-02T12:32:13.082" />
<mem-info id="1093" free="11647528" total="838860800" percent="1">
  <mem type="tenure" free="11647528" total="838860800" percent="1" micro-fragmented="96974733" macro-fragmented="7740516">
    <mem type="soa" free="3258920" total="830472192" percent="0" />
    <mem type="loa" free="8388608" total="8388608" percent="100" />
  </mem>
  <pending-finalizers system="29" default="0" reference="1" classloader="0" />
</mem-info>
<gc-op id="1094" type="compact" timems="471.382" contextid="1088" timestamp="2022-02-02T12:32:13.553">
  <compact-info movecount="8786753" movebytes="481228840" reason="low free space (less than 4%)" />
</gc-op>
<gc-end id="1095" type="global" contextid="1088" durationms="996.301" usertimems="3375.926" systemtimems="32.299" stalltimems="543.760" timestamp="2022-02-02T12:32:13.553" activeThreads="4">
  <mem-info id="1096" free="108597912" total="838860800" percent="12">
    <mem type="tenure" free="108597912" total="838860800" percent="12">
      <mem type="soa" free="100209304" total="830472192" percent="12" />
      <mem type="loa" free="8388608" total="8388608" percent="100" />
    </mem>
    <pending-finalizers system="29" default="0" reference="1" classloader="0" />
  </mem-info>
</gc-end>
<cycle-end id="1097" type="global" contextid="1088" timestamp="2022-02-02T12:32:13.554" />
<allocation-satisfied id="1098" threadId="0000000000016F00" bytesRequested="40" />
<af-end id="1099" timestamp="2022-02-02T12:32:13.554" threadId="0000000000017908" success="true" />
<exclusive-end id="1100" timestamp="2022-02-02T12:32:13.554" durationms="996.597" />

<exclusive-start id="1101" timestamp="2022-02-02T12:32:14.342" intervalms="1785.545">
  <response-info timems="0.022" idlems="0.022" threads="0" lastid="0000000000016F00" lastname="main" />
</exclusive-start>
<af-start id="1102" threadId="0000000000017908" totalBytesRequested="112" timestamp="2022-02-02T12:32:14.343" intervalms="1785.536" />
<cycle-start id="1103" type="global" contextid="0" timestamp="2022-02-02T12:32:14.343" intervalms="1785.520" />
<gc-start id="1104" type="global" contextid="1103" timestamp="2022-02-02T12:32:14.343">
  <mem-info id="1105" free="8388608" total="838860800" percent="1">
    <mem type="tenure" free="8388608" total="838860800" percent="1">
      <mem type="soa" free="0" total="830472192" percent="0" />
      <mem type="loa" free="8388608" total="8388608" percent="100" />
    </mem>
  </mem-info>
</gc-start>
<allocation-stats totalBytes="100163528" >
  <allocated-bytes non-tlh="2290720" tlh="97872808" />
  <largest-consumer threadName="main" threadId="0000000000016F00" bytes="100162680" />
</allocation-stats>
<gc-op id="1106" type="mark" timems="218.271" contextid="1103" timestamp="2022-02-02T12:32:14.561">
  <trace-info objectcount="10295287" scancount="7709323" scanbytes="165291812" />
  <finalization candidates="452" enqueued="81" />
  <ownableSynchronizers candidates="1" cleared="0" />
  <references type="soft" candidates="894" cleared="0" enqueued="0" dynamicThreshold="4" maxThreshold="32" />
  <references type="weak" candidates="1964" cleared="0" enqueued="0" />
  <references type="phantom" candidates="87" cleared="8" enqueued="8" />
  <stringconstants candidates="6478" cleared="0"  />
  <object-monitors candidates="2" cleared="0"  />
</gc-op>
<gc-op id="1107" type="sweep" timems="4.885" contextid="1103" timestamp="2022-02-02T12:32:14.566" />
<gc-end id="1108" type="global" contextid="1103" durationms="223.501" usertimems="284.530" systemtimems="0.000" stalltimems="607.112" timestamp="2022-02-02T12:32:14.566" activeThreads="4">
  <mem-info id="1109" free="251256480" total="838860800" percent="29">
    <mem type="tenure" free="251256480" total="838860800" percent="29" micro-fragmented="27638912" macro-fragmented="0">
      <mem type="soa" free="242867872" total="830472192" percent="29" />
      <mem type="loa" free="8388608" total="8388608" percent="100" />
    </mem>
    <pending-finalizers system="80" default="1" reference="8" classloader="0" />
  </mem-info>
</gc-end>
<cycle-end id="1110" type="global" contextid="1103" timestamp="2022-02-02T12:32:14.566" />
<allocation-satisfied id="1111" threadId="0000000000016F00" bytesRequested="112" />
<af-end id="1112" timestamp="2022-02-02T12:32:14.566" threadId="0000000000017908" success="true" />
<exclusive-end id="1113" timestamp="2022-02-02T12:32:14.566" durationms="223.806" />

<exclusive-start id="1114" timestamp="2022-02-02T12:32:16.387" intervalms="2044.226">
  <response-info timems="0.023" idlems="0.023" threads="0" lastid="0000000000016F00" lastname="main" />
</exclusive-start>
<af-start id="1115" threadId="0000000000017908" totalBytesRequested="24" timestamp="2022-02-02T12:32:16.387" intervalms="2044.457" />
<cycle-start id="1116" type="global" contextid="0" timestamp="2022-02-02T12:32:16.387" intervalms="2044.585" />
<gc-start id="1117" type="global" contextid="1116" timestamp="2022-02-02T12:32:16.387">
  <mem-info id="1118" free="8388608" total="838860800" percent="1">
    <mem type="tenure" free="8388608" total="838860800" percent="1">
      <mem type="soa" free="0" total="830472192" percent="0" />
      <mem type="loa" free="8388608" total="8388608" percent="100" />
    </mem>
  </mem-info>
</gc-start>
<allocation-stats totalBytes="242717984" >
  <allocated-bytes non-tlh="581136" tlh="242136848" />
  <largest-consumer threadName="main" threadId="0000000000016F00" bytes="242690768" />
</allocation-stats>
<gc-op id="1119" type="mark" timems="460.856" contextid="1116" timestamp="2022-02-02T12:32:16.848">
  <trace-info objectcount="13415163" scancount="10049325" scanbytes="215217276" />
  <finalization candidates="427" enqueued="29" />
  <ownableSynchronizers candidates="1" cleared="0" />
  <references type="soft" candidates="894" cleared="0" enqueued="0" dynamicThreshold="9" maxThreshold="32" />
  <references type="weak" candidates="1964" cleared="0" enqueued="0" />
  <references type="phantom" candidates="107" cleared="1" enqueued="1" />
  <stringconstants candidates="6478" cleared="0"  />
  <object-monitors candidates="2" cleared="0"  />
</gc-op>
<gc-op id="1120" type="sweep" timems="5.877" contextid="1116" timestamp="2022-02-02T12:32:16.854" />
<mem-info id="1121" free="11635840" total="838860800" percent="1">
  <mem type="tenure" free="11635840" total="838860800" percent="1" micro-fragmented="97456926" macro-fragmented="4479464">
    <mem type="soa" free="3247232" total="830472192" percent="0" />
    <mem type="loa" free="8388608" total="8388608" percent="100" />
  </mem>
  <pending-finalizers system="29" default="0" reference="1" classloader="0" />
</mem-info>
<gc-op id="1122" type="compact" timems="448.123" contextid="1116" timestamp="2022-02-02T12:32:17.303">
  <compact-info movecount="8789697" movebytes="481370808" reason="low free space (less than 4%)" />
</gc-op>
<gc-end id="1123" type="global" contextid="1116" durationms="915.338" usertimems="3129.896" systemtimems="13.796" stalltimems="491.667" timestamp="2022-02-02T12:32:17.303" activeThreads="4">
  <mem-info id="1124" free="108582496" total="838860800" percent="12">
    <mem type="tenure" free="108582496" total="838860800" percent="12">
      <mem type="soa" free="100193888" total="830472192" percent="12" />
      <mem type="loa" free="8388608" total="8388608" percent="100" />
    </mem>
    <pending-finalizers system="29" default="0" reference="1" classloader="0" />
  </mem-info>
</gc-end>
<cycle-end id="1125" type="global" contextid="1116" timestamp="2022-02-02T12:32:17.303" />
<allocation-satisfied id="1126" threadId="0000000000016F00" bytesRequested="24" />
<af-end id="1127" timestamp="2022-02-02T12:32:17.303" threadId="0000000000017908" success="true" />
<exclusive-end id="1128" timestamp="2022-02-02T12:32:17.303" durationms="916.195" />

<exclusive-start id="1129" timestamp="2022-02-02T12:32:18.111" intervalms="1724.586">
  <response-info timems="0.028" idlems="0.028" threads="0" lastid="0000000000016F00" lastname="main" />
</exclusive-start>
<af-start id="1130" threadId="0000000000017908" totalBytesRequested="104" timestamp="2022-02-02T12:32:18.111" intervalms="1724.346" />
<cycle-start id="1131" type="global" contextid="0" timestamp="2022-02-02T12:32:18.111" intervalms="1724.219" />
<gc-start id="1132" type="global" contextid="1131" timestamp="2022-02-02T12:32:18.111">
  <mem-info id="1133" free="8388608" total="838860800" percent="1">
    <mem type="tenure" free="8388608" total="838860800" percent="1">
      <mem type="soa" free="0" total="830472192" percent="0" />
      <mem type="loa" free="8388608" total="8388608" percent="100" />
    </mem>
  </mem-info>
</gc-start>
<allocation-stats totalBytes="100148352" >
  <allocated-bytes non-tlh="2458320" tlh="97690032" />
  <largest-consumer threadName="main" threadId="0000000000016F00" bytes="100147488" />
</allocation-stats>
<gc-op id="1134" type="mark" timems="287.547" contextid="1131" timestamp="2022-02-02T12:32:18.399">
  <trace-info objectcount="10294941" scancount="7709050" scanbytes="165286068" />
  <finalization candidates="452" enqueued="81" />
  <ownableSynchronizers candidates="1" cleared="0" />
  <references type="soft" candidates="894" cleared="0" enqueued="0" dynamicThreshold="4" maxThreshold="32" />
  <references type="weak" candidates="1964" cleared="0" enqueued="0" />
  <references type="phantom" candidates="87" cleared="8" enqueued="8" />
  <stringconstants candidates="6478" cleared="0"  />
  <object-monitors candidates="2" cleared="0"  />
</gc-op>
<gc-op id="1135" type="sweep" timems="5.720" contextid="1131" timestamp="2022-02-02T12:32:18.405" />
<gc-end id="1136" type="global" contextid="1131" durationms="293.610" usertimems="553.525" systemtimems="4.160" stalltimems="613.918" timestamp="2022-02-02T12:32:18.405" activeThreads="4">
  <mem-info id="1137" free="251271344" total="838860800" percent="29">
    <mem type="tenure" free="251271344" total="838860800" percent="29" micro-fragmented="27566124" macro-fragmented="0">
      <mem type="soa" free="242882736" total="830472192" percent="29" />
      <mem type="loa" free="8388608" total="8388608" percent="100" />
    </mem>
    <pending-finalizers system="80" default="1" reference="8" classloader="0" />
  </mem-info>
</gc-end>
<cycle-end id="1138" type="global" contextid="1131" timestamp="2022-02-02T12:32:18.405" />
<allocation-satisfied id="1139" threadId="0000000000016F00" bytesRequested="104" />
<af-end id="1140" timestamp="2022-02-02T12:32:18.405" threadId="0000000000017908" success="true" />
<exclusive-end id="1141" timestamp="2022-02-02T12:32:18.405" durationms="293.889" />

<exclusive-start id="1142" timestamp="2022-02-02T12:32:20.175" intervalms="2063.615">
  <response-info timems="0.023" idlems="0.023" threads="0" lastid="0000000000016F00" lastname="main" />
</exclusive-start>
<af-start id="1143" threadId="0000000000017908" totalBytesRequested="40" timestamp="2022-02-02T12:32:20.175" intervalms="2063.609" />
<cycle-start id="1144" type="global" contextid="0" timestamp="2022-02-02T12:32:20.175" intervalms="2063.608" />
<gc-start id="1145" type="global" contextid="1144" timestamp="2022-02-02T12:32:20.175">
  <mem-info id="1146" free="8388608" total="838860800" percent="1">
    <mem type="tenure" free="8388608" total="838860800" percent="1">
      <mem type="soa" free="0" total="830472192" percent="0" />
      <mem type="loa" free="8388608" total="8388608" percent="100" />
    </mem>
  </mem-info>
</gc-start>
<allocation-stats totalBytes="242731784" >
  <allocated-bytes non-tlh="564720" tlh="242167064" />
  <largest-consumer threadName="main" threadId="0000000000016F00" bytes="242721344" />
</allocation-stats>
<gc-op id="1147" type="mark" timems="298.308" contextid="1144" timestamp="2022-02-02T12:32:20.473">
  <trace-info objectcount="13415188" scancount="10049346" scanbytes="215217468" />
  <finalization candidates="427" enqueued="29" />
  <ownableSynchronizers candidates="1" cleared="0" />
  <references type="soft" candidates="894" cleared="0" enqueued="0" dynamicThreshold="9" maxThreshold="32" />
  <references type="weak" candidates="1964" cleared="0" enqueued="0" />
  <references type="phantom" candidates="107" cleared="1" enqueued="1" />
  <stringconstants candidates="6478" cleared="0"  />
  <object-monitors candidates="2" cleared="0"  />
</gc-op>
<gc-op id="1148" type="sweep" timems="6.272" contextid="1144" timestamp="2022-02-02T12:32:20.480" />
<mem-info id="1149" free="11615928" total="838860800" percent="1">
  <mem type="tenure" free="11615928" total="838860800" percent="1" micro-fragmented="96623753" macro-fragmented="0">
    <mem type="soa" free="3227320" total="830472192" percent="0" />
    <mem type="loa" free="8388608" total="8388608" percent="100" />
  </mem>
  <pending-finalizers system="29" default="0" reference="1" classloader="0" />
</mem-info>
<gc-op id="1150" type="compact" timems="440.695" contextid="1144" timestamp="2022-02-02T12:32:20.921">
  <compact-info movecount="8787517" movebytes="481294376" reason="low free space (less than 4%)" />
</gc-op>
<gc-end id="1151" type="global" contextid="1144" durationms="745.780" usertimems="2267.670" systemtimems="1.799" stalltimems="677.056" timestamp="2022-02-02T12:32:20.921" activeThreads="4">
  <mem-info id="1152" free="108571720" total="838860800" percent="12">
    <mem type="tenure" free="108571720" total="838860800" percent="12">
      <mem type="soa" free="100183112" total="830472192" percent="12" />
      <mem type="loa" free="8388608" total="8388608" percent="100" />
    </mem>
    <pending-finalizers system="29" default="0" reference="1" classloader="0" />
  </mem-info>
</gc-end>
<cycle-end id="1153" type="global" contextid="1144" timestamp="2022-02-02T12:32:20.921" />
<allocation-satisfied id="1154" threadId="0000000000016F00" bytesRequested="40" />
<af-end id="1155" timestamp="2022-02-02T12:32:20.921" threadId="0000000000017908" success="true" />
<exclusive-end id="1156" timestamp="2022-02-02T12:32:20.921" durationms="746.078" />

<exclusive-start id="1157" timestamp="2022-02-02T12:32:21.721" intervalms="1545.908">
  <response-info timems="0.027" idlems="0.027" threads="0" lastid="0000000000016F00" lastname="main" />
</exclusive-start>
<af-start id="1158" threadId="0000000000017908" totalBytesRequested="120" timestamp="2022-02-02T12:32:21.721" intervalms="1545.926" />
<cycle-start id="1159" type="global" contextid="0" timestamp="2022-02-02T12:32:21.721" intervalms="1545.926" />
<gc-start id="1160" type="global" contextid="1159" timestamp="2022-02-02T12:32:21.721">
  <mem-info id="1161" free="8388608" total="838860800" percent="1">
    <mem type="tenure" free="8388608" total="838860800" percent="1">
      <mem type="soa" free="0" total="830472192" percent="0" />
      <mem type="loa" free="8388608" total="8388608" percent="100" />
    </mem>
  </mem-info>
</gc-start>
<allocation-stats totalBytes="100138752" >
  <allocated-bytes non-tlh="2290720" tlh="97848032" />
  <largest-consumer threadName="main" threadId="0000000000016F00" bytes="100137888" />
</allocation-stats>
<gc-op id="1162" type="mark" timems="278.495" contextid="1159" timestamp="2022-02-02T12:32:21.999">
  <trace-info objectcount="10294811" scancount="7708970" scanbytes="165283780" />
  <finalization candidates="452" enqueued="81" />
  <ownableSynchronizers candidates="1" cleared="0" />
  <references type="soft" candidates="894" cleared="0" enqueued="0" dynamicThreshold="4" maxThreshold="32" />
  <references type="weak" candidates="1964" cleared="0" enqueued="0" />
  <references type="phantom" candidates="87" cleared="8" enqueued="8" />
  <stringconstants candidates="6478" cleared="0"  />
  <object-monitors candidates="2" cleared="0"  />
</gc-op>
<gc-op id="1163" type="sweep" timems="4.855" contextid="1159" timestamp="2022-02-02T12:32:22.005" />
<gc-end id="1164" type="global" contextid="1159" durationms="283.688" usertimems="523.811" systemtimems="7.537" stalltimems="598.064" timestamp="2022-02-02T12:32:22.005" activeThreads="4">
  <mem-info id="1165" free="251283672" total="838860800" percent="29">
    <mem type="tenure" free="251283672" total="838860800" percent="29" micro-fragmented="27910819" macro-fragmented="0">
      <mem type="soa" free="242895064" total="830472192" percent="29" />
      <mem type="loa" free="8388608" total="8388608" percent="100" />
    </mem>
    <pending-finalizers system="80" default="1" reference="8" classloader="0" />
  </mem-info>
</gc-end>
<cycle-end id="1166" type="global" contextid="1159" timestamp="2022-02-02T12:32:22.005" />
<allocation-satisfied id="1167" threadId="0000000000016F00" bytesRequested="120" />
<af-end id="1168" timestamp="2022-02-02T12:32:22.005" threadId="0000000000017908" success="true" />
<exclusive-end id="1169" timestamp="2022-02-02T12:32:22.005" durationms="283.996" />

<exclusive-start id="1170" timestamp="2022-02-02T12:32:23.739" intervalms="2017.813">
  <response-info timems="0.025" idlems="0.025" threads="0" lastid="0000000000016F00" lastname="main" />
</exclusive-start>
<af-start id="1171" threadId="0000000000017908" totalBytesRequested="8208" timestamp="2022-02-02T12:32:23.739" intervalms="2017.796" />
<cycle-start id="1172" type="global" contextid="0" timestamp="2022-02-02T12:32:23.739" intervalms="2017.795" />
<gc-start id="1173" type="global" contextid="1172" timestamp="2022-02-02T12:32:23.739">
  <mem-info id="1174" free="8396208" total="838860800" percent="1">
    <mem type="tenure" free="8396208" total="838860800" percent="1">
      <mem type="soa" free="7600" total="830472192" percent="0" />
      <mem type="loa" free="8388608" total="8388608" percent="100" />
    </mem>
  </mem-info>
</gc-start>
<allocation-stats totalBytes="242734744" >
  <allocated-bytes non-tlh="492544" tlh="242242200" />
  <largest-consumer threadName="main" threadId="0000000000016F00" bytes="242707480" />
</allocation-stats>
<gc-op id="1175" type="mark" timems="329.407" contextid="1172" timestamp="2022-02-02T12:32:24.068">
  <trace-info objectcount="13415196" scancount="10049352" scanbytes="215217252" />
  <finalization candidates="425" enqueued="28" />
  <ownableSynchronizers candidates="1" cleared="0" />
  <references type="soft" candidates="894" cleared="0" enqueued="0" dynamicThreshold="9" maxThreshold="32" />
  <references type="weak" candidates="1964" cleared="0" enqueued="0" />
  <references type="phantom" candidates="106" cleared="1" enqueued="1" />
  <stringconstants candidates="6478" cleared="0"  />
  <object-monitors candidates="2" cleared="0"  />
</gc-op>
<gc-op id="1176" type="sweep" timems="6.540" contextid="1172" timestamp="2022-02-02T12:32:24.075" />
<mem-info id="1177" free="11631408" total="838860800" percent="1">
  <mem type="tenure" free="11631408" total="838860800" percent="1" micro-fragmented="97255429" macro-fragmented="0">
    <mem type="soa" free="3242800" total="830472192" percent="0" />
    <mem type="loa" free="8388608" total="8388608" percent="100" />
  </mem>
  <pending-finalizers system="28" default="0" reference="1" classloader="0" />
</mem-info>
<gc-op id="1178" type="compact" timems="466.824" contextid="1172" timestamp="2022-02-02T12:32:24.542">
  <compact-info movecount="8789781" movebytes="481384312" reason="low free space (less than 4%)" />
</gc-op>
<gc-end id="1179" type="global" contextid="1172" durationms="803.251" usertimems="2429.063" systemtimems="14.407" stalltimems="743.970" timestamp="2022-02-02T12:32:24.542" activeThreads="4">
  <mem-info id="1180" free="108563616" total="838860800" percent="12">
    <mem type="tenure" free="108563616" total="838860800" percent="12">
      <mem type="soa" free="100175008" total="830472192" percent="12" />
      <mem type="loa" free="8388608" total="8388608" percent="100" />
    </mem>
    <pending-finalizers system="28" default="0" reference="1" classloader="0" />
  </mem-info>
</gc-end>
<cycle-end id="1181" type="global" contextid="1172" timestamp="2022-02-02T12:32:24.542" />
<allocation-satisfied id="1182" threadId="0000000000016F00" bytesRequested="8208" />
<af-end id="1183" timestamp="2022-02-02T12:32:24.542" threadId="0000000000017908" success="true" />
<exclusive-end id="1184" timestamp="2022-02-02T12:32:24.542" durationms="803.538" />

<exclusive-start id="1185" timestamp="2022-02-02T12:32:25.376" intervalms="1637.567">
  <response-info timems="0.035" idlems="0.035" threads="0" lastid="0000000000016F00" lastname="main" />
</exclusive-start>
<af-start id="1186" threadId="0000000000017908" totalBytesRequested="184" timestamp="2022-02-02T12:32:25.376" intervalms="1637.594" />
<cycle-start id="1187" type="global" contextid="0" timestamp="2022-02-02T12:32:25.376" intervalms="1637.617" />
<gc-start id="1188" type="global" contextid="1187" timestamp="2022-02-02T12:32:25.376">
  <mem-info id="1189" free="8388608" total="838860800" percent="1">
    <mem type="tenure" free="8388608" total="838860800" percent="1">
      <mem type="soa" free="0" total="830472192" percent="0" />
      <mem type="loa" free="8388608" total="8388608" percent="100" />
    </mem>
  </mem-info>
</gc-start>
<allocation-stats totalBytes="100139392" >
  <allocated-bytes non-tlh="2466528" tlh="97672864" />
  <largest-consumer threadName="main" threadId="0000000000016F00" bytes="100138480" />
</allocation-stats>
<gc-op id="1190" type="mark" timems="226.910" contextid="1187" timestamp="2022-02-02T12:32:25.603">
  <trace-info objectcount="10294550" scancount="7708728" scanbytes="165279580" />
  <finalization candidates="453" enqueued="82" />
  <ownableSynchronizers candidates="1" cleared="0" />
  <references type="soft" candidates="894" cleared="0" enqueued="0" dynamicThreshold="4" maxThreshold="32" />
  <references type="weak" candidates="1964" cleared="0" enqueued="0" />
  <references type="phantom" candidates="88" cleared="8" enqueued="8" />
  <stringconstants candidates="6478" cleared="0"  />
  <object-monitors candidates="2" cleared="0"  />
</gc-op>
<gc-op id="1191" type="sweep" timems="5.305" contextid="1187" timestamp="2022-02-02T12:32:25.609" />
<gc-end id="1192" type="global" contextid="1187" durationms="232.667" usertimems="363.080" systemtimems="0.025" stalltimems="561.425" timestamp="2022-02-02T12:32:25.609" activeThreads="4">
  <mem-info id="1193" free="251280448" total="838860800" percent="29">
    <mem type="tenure" free="251280448" total="838860800" percent="29" micro-fragmented="27904251" macro-fragmented="0">
      <mem type="soa" free="242891840" total="830472192" percent="29" />
      <mem type="loa" free="8388608" total="8388608" percent="100" />
    </mem>
    <pending-finalizers system="81" default="1" reference="8" classloader="0" />
  </mem-info>
</gc-end>
<cycle-end id="1194" type="global" contextid="1187" timestamp="2022-02-02T12:32:25.609" />
<allocation-satisfied id="1195" threadId="0000000000016F00" bytesRequested="184" />
<af-end id="1196" timestamp="2022-02-02T12:32:25.609" threadId="0000000000017908" success="true" />
<exclusive-end id="1197" timestamp="2022-02-02T12:32:25.609" durationms="233.088" />

<exclusive-start id="1198" timestamp="2022-02-02T12:32:27.360" intervalms="1983.495">
  <response-info timems="0.021" idlems="0.021" threads="0" lastid="0000000000016F00" lastname="main" />
</exclusive-start>
<af-start id="1199" threadId="0000000000017908" totalBytesRequested="72" timestamp="2022-02-02T12:32:27.360" intervalms="1983.474" />
<cycle-start id="1200" type="global" contextid="0" timestamp="2022-02-02T12:32:27.360" intervalms="1983.452" />
<gc-start id="1201" type="global" contextid="1200" timestamp="2022-02-02T12:32:27.360">
  <mem-info id="1202" free="8388608" total="838860800" percent="1">
    <mem type="tenure" free="8388608" total="838860800" percent="1">
      <mem type="soa" free="0" total="830472192" percent="0" />
      <mem type="loa" free="8388608" total="8388608" percent="100" />
    </mem>
  </mem-info>
</gc-start>
<allocation-stats totalBytes="242739960" >
  <allocated-bytes non-tlh="581136" tlh="242158824" />
  <largest-consumer threadName="main" threadId="0000000000016F00" bytes="242728800" />
</allocation-stats>
<gc-op id="1203" type="mark" timems="331.728" contextid="1200" timestamp="2022-02-02T12:32:27.692">
  <trace-info objectcount="13415222" scancount="10049379" scanbytes="215217172" />
  <finalization candidates="425" enqueued="28" />
  <ownableSynchronizers candidates="1" cleared="0" />
  <references type="soft" candidates="894" cleared="0" enqueued="0" dynamicThreshold="9" maxThreshold="32" />
  <references type="weak" candidates="1964" cleared="0" enqueued="0" />
  <references type="phantom" candidates="105" cleared="1" enqueued="1" />
  <stringconstants candidates="6478" cleared="0"  />
  <object-monitors candidates="2" cleared="0"  />
</gc-op>
<gc-op id="1204" type="sweep" timems="6.978" contextid="1200" timestamp="2022-02-02T12:32:27.699" />
<mem-info id="1205" free="11612808" total="838860800" percent="1">
  <mem type="tenure" free="11612808" total="838860800" percent="1" micro-fragmented="97394695" macro-fragmented="0">
    <mem type="soa" free="3224200" total="830472192" percent="0" />
    <mem type="loa" free="8388608" total="8388608" percent="100" />
  </mem>
  <pending-finalizers system="28" default="0" reference="1" classloader="0" />
</mem-info>
<gc-op id="1206" type="compact" timems="479.875" contextid="1200" timestamp="2022-02-02T12:32:28.179">
  <compact-info movecount="8789114" movebytes="481353552" reason="low free space (less than 4%)" />
</gc-op>
<gc-end id="1207" type="global" contextid="1200" durationms="819.204" usertimems="2500.132" systemtimems="0.529" stalltimems="746.643" timestamp="2022-02-02T12:32:28.179" activeThreads="4">
  <mem-info id="1208" free="108557688" total="838860800" percent="12">
    <mem type="tenure" free="108557688" total="838860800" percent="12">
      <mem type="soa" free="100169080" total="830472192" percent="12" />
      <mem type="loa" free="8388608" total="8388608" percent="100" />
    </mem>
    <pending-finalizers system="28" default="0" reference="1" classloader="0" />
  </mem-info>
</gc-end>
<cycle-end id="1209" type="global" contextid="1200" timestamp="2022-02-02T12:32:28.180" />
<allocation-satisfied id="1210" threadId="0000000000016F00" bytesRequested="72" />
<af-end id="1211" timestamp="2022-02-02T12:32:28.180" threadId="0000000000017908" success="true" />
<exclusive-end id="1212" timestamp="2022-02-02T12:32:28.180" durationms="819.962" />

<exclusive-start id="1213" timestamp="2022-02-02T12:32:28.970" intervalms="1610.159">
  <response-info timems="0.027" idlems="0.027" threads="0" lastid="0000000000016F00" lastname="main" />
</exclusive-start>
<af-start id="1214" threadId="0000000000017908" totalBytesRequested="104" timestamp="2022-02-02T12:32:28.970" intervalms="1610.156" />
<cycle-start id="1215" type="global" contextid="0" timestamp="2022-02-02T12:32:28.970" intervalms="1610.157" />
<gc-start id="1216" type="global" contextid="1215" timestamp="2022-02-02T12:32:28.970">
  <mem-info id="1217" free="8388608" total="838860800" percent="1">
    <mem type="tenure" free="8388608" total="838860800" percent="1">
      <mem type="soa" free="0" total="830472192" percent="0" />
      <mem type="loa" free="8388608" total="8388608" percent="100" />
    </mem>
  </mem-info>
</gc-start>
<allocation-stats totalBytes="100123912" >
  <allocated-bytes non-tlh="2387744" tlh="97736168" />
  <largest-consumer threadName="main" threadId="0000000000016F00" bytes="100123000" />
</allocation-stats>
<gc-op id="1218" type="mark" timems="278.731" contextid="1215" timestamp="2022-02-02T12:32:29.249">
  <trace-info objectcount="10294339" scancount="7708530" scanbytes="165276012" />
  <finalization candidates="453" enqueued="82" />
  <ownableSynchronizers candidates="1" cleared="0" />
  <references type="soft" candidates="894" cleared="0" enqueued="0" dynamicThreshold="4" maxThreshold="32" />
  <references type="weak" candidates="1964" cleared="0" enqueued="0" />
  <references type="phantom" candidates="88" cleared="8" enqueued="8" />
  <stringconstants candidates="6478" cleared="0"  />
  <object-monitors candidates="2" cleared="0"  />
</gc-op>
<gc-op id="1219" type="sweep" timems="6.075" contextid="1215" timestamp="2022-02-02T12:32:29.255" />
<gc-end id="1220" type="global" contextid="1215" durationms="285.135" usertimems="542.934" systemtimems="4.350" stalltimems="570.823" timestamp="2022-02-02T12:32:29.255" activeThreads="4">
  <mem-info id="1221" free="251280448" total="838860800" percent="29">
    <mem type="tenure" free="251280448" total="838860800" percent="29" micro-fragmented="27519480" macro-fragmented="0">
      <mem type="soa" free="242891840" total="830472192" percent="29" />
      <mem type="loa" free="8388608" total="8388608" percent="100" />
    </mem>
    <pending-finalizers system="81" default="1" reference="8" classloader="0" />
  </mem-info>
</gc-end>
<cycle-end id="1222" type="global" contextid="1215" timestamp="2022-02-02T12:32:29.255" />
<allocation-satisfied id="1223" threadId="0000000000016F00" bytesRequested="104" />
<af-end id="1224" timestamp="2022-02-02T12:32:29.255" threadId="0000000000017908" success="true" />
<exclusive-end id="1225" timestamp="2022-02-02T12:32:29.255" durationms="285.460" />

<exclusive-start id="1226" timestamp="2022-02-02T12:32:30.940" intervalms="1969.703">
  <response-info timems="0.021" idlems="0.021" threads="0" lastid="0000000000016F00" lastname="main" />
</exclusive-start>
<af-start id="1227" threadId="0000000000017908" totalBytesRequested="8208" timestamp="2022-02-02T12:32:30.940" intervalms="1969.699" />
<cycle-start id="1228" type="global" contextid="0" timestamp="2022-02-02T12:32:30.940" intervalms="1969.697" />
<gc-start id="1229" type="global" contextid="1228" timestamp="2022-02-02T12:32:30.940">
  <mem-info id="1230" free="8397384" total="838860800" percent="1">
    <mem type="tenure" free="8397384" total="838860800" percent="1">
      <mem type="soa" free="8776" total="830472192" percent="0" />
      <mem type="loa" free="8388608" total="8388608" percent="100" />
    </mem>
  </mem-info>
</gc-start>
<allocation-stats totalBytes="242729328" >
  <allocated-bytes non-tlh="490872" tlh="242238456" />
  <largest-consumer threadName="main" threadId="0000000000016F00" bytes="242712480" />
</allocation-stats>
<gc-op id="1231" type="mark" timems="314.425" contextid="1228" timestamp="2022-02-02T12:32:31.254">
  <trace-info objectcount="13415019" scancount="10049163" scanbytes="215213076" />
  <finalization candidates="422" enqueued="26" />
  <ownableSynchronizers candidates="1" cleared="0" />
  <references type="soft" candidates="894" cleared="0" enqueued="0" dynamicThreshold="9" maxThreshold="32" />
  <references type="weak" candidates="1964" cleared="0" enqueued="0" />
  <references type="phantom" candidates="103" cleared="1" enqueued="1" />
  <stringconstants candidates="6478" cleared="0"  />
  <object-monitors candidates="2" cleared="0"  />
</gc-op>
<gc-op id="1232" type="sweep" timems="6.068" contextid="1228" timestamp="2022-02-02T12:32:31.260" />
<mem-info id="1233" free="11628576" total="838860800" percent="1">
  <mem type="tenure" free="11628576" total="838860800" percent="1" micro-fragmented="97174826" macro-fragmented="32608">
    <mem type="soa" free="3239968" total="830472192" percent="0" />
    <mem type="loa" free="8388608" total="8388608" percent="100" />
  </mem>
  <pending-finalizers system="26" default="0" reference="1" classloader="0" />
</mem-info>
<gc-op id="1234" type="compact" timems="383.314" contextid="1228" timestamp="2022-02-02T12:32:31.644">
  <compact-info movecount="8789633" movebytes="481382368" reason="low free space (less than 4%)" />
</gc-op>
<gc-end id="1235" type="global" contextid="1228" durationms="704.086" usertimems="2056.336" systemtimems="10.187" stalltimems="727.258" timestamp="2022-02-02T12:32:31.644" activeThreads="4">
  <mem-info id="1236" free="108571056" total="838860800" percent="12">
    <mem type="tenure" free="108571056" total="838860800" percent="12">
      <mem type="soa" free="100182448" total="830472192" percent="12" />
      <mem type="loa" free="8388608" total="8388608" percent="100" />
    </mem>
    <pending-finalizers system="26" default="0" reference="1" classloader="0" />
  </mem-info>
</gc-end>
<cycle-end id="1237" type="global" contextid="1228" timestamp="2022-02-02T12:32:31.644" />
<allocation-satisfied id="1238" threadId="0000000000016F00" bytesRequested="8208" />
<af-end id="1239" timestamp="2022-02-02T12:32:31.644" threadId="0000000000017908" success="true" />
<exclusive-end id="1240" timestamp="2022-02-02T12:32:31.644" durationms="704.329" />

<exclusive-start id="1241" timestamp="2022-02-02T12:32:32.418" intervalms="1478.806">
  <response-info timems="0.022" idlems="0.022" threads="0" lastid="0000000000016F00" lastname="main" />
</exclusive-start>
<af-start id="1242" threadId="0000000000017908" totalBytesRequested="192" timestamp="2022-02-02T12:32:32.419" intervalms="1479.116" />
<cycle-start id="1243" type="global" contextid="0" timestamp="2022-02-02T12:32:32.419" intervalms="1479.198" />
<gc-start id="1244" type="global" contextid="1243" timestamp="2022-02-02T12:32:32.419">
  <mem-info id="1245" free="8388608" total="838860800" percent="1">
    <mem type="tenure" free="8388608" total="838860800" percent="1">
      <mem type="soa" free="0" total="830472192" percent="0" />
      <mem type="loa" free="8388608" total="8388608" percent="100" />
    </mem>
  </mem-info>
</gc-start>
<allocation-stats totalBytes="100147248" >
  <allocated-bytes non-tlh="2474736" tlh="97672512" />
  <largest-consumer threadName="main" threadId="0000000000016F00" bytes="100146456" />
</allocation-stats>
<gc-op id="1246" type="mark" timems="222.902" contextid="1243" timestamp="2022-02-02T12:32:32.642">
  <trace-info objectcount="10294228" scancount="7708470" scanbytes="165274396" />
  <finalization candidates="455" enqueued="84" />
  <ownableSynchronizers candidates="1" cleared="0" />
  <references type="soft" candidates="894" cleared="0" enqueued="0" dynamicThreshold="4" maxThreshold="32" />
  <references type="weak" candidates="1964" cleared="0" enqueued="0" />
  <references type="phantom" candidates="90" cleared="8" enqueued="8" />
  <stringconstants candidates="6478" cleared="0"  />
  <object-monitors candidates="2" cleared="0"  />
</gc-op>
<gc-op id="1247" type="sweep" timems="6.414" contextid="1243" timestamp="2022-02-02T12:32:32.648" />
<gc-end id="1248" type="global" contextid="1243" durationms="229.538" usertimems="362.798" systemtimems="15.639" stalltimems="528.639" timestamp="2022-02-02T12:32:32.648" activeThreads="4">
  <mem-info id="1249" free="251269096" total="838860800" percent="29">
    <mem type="tenure" free="251269096" total="838860800" percent="29" micro-fragmented="27528813" macro-fragmented="0">
      <mem type="soa" free="242880488" total="830472192" percent="29" />
      <mem type="loa" free="8388608" total="8388608" percent="100" />
    </mem>
    <pending-finalizers system="83" default="1" reference="8" classloader="0" />
  </mem-info>
</gc-end>
<cycle-end id="1250" type="global" contextid="1243" timestamp="2022-02-02T12:32:32.649" />
<allocation-satisfied id="1251" threadId="0000000000016F00" bytesRequested="192" />
<af-end id="1252" timestamp="2022-02-02T12:32:32.649" threadId="0000000000017908" success="true" />
<exclusive-end id="1253" timestamp="2022-02-02T12:32:32.649" durationms="230.288" />

<exclusive-start id="1254" timestamp="2022-02-02T12:32:34.334" intervalms="1915.273">
  <response-info timems="0.020" idlems="0.020" threads="0" lastid="0000000000016F00" lastname="main" />
</exclusive-start>
<af-start id="1255" threadId="0000000000017908" totalBytesRequested="192" timestamp="2022-02-02T12:32:34.334" intervalms="1914.965" />
<cycle-start id="1256" type="global" contextid="0" timestamp="2022-02-02T12:32:34.334" intervalms="1914.883" />
<gc-start id="1257" type="global" contextid="1256" timestamp="2022-02-02T12:32:34.334">
  <mem-info id="1258" free="8388608" total="838860800" percent="1">
    <mem type="tenure" free="8388608" total="838860800" percent="1">
      <mem type="soa" free="0" total="830472192" percent="0" />
      <mem type="loa" free="8388608" total="8388608" percent="100" />
    </mem>
  </mem-info>
</gc-start>
<allocation-stats totalBytes="242729136" >
  <allocated-bytes non-tlh="586640" tlh="242142496" />
  <largest-consumer threadName="main" threadId="0000000000016F00" bytes="242719176" />
</allocation-stats>
<gc-op id="1259" type="mark" timems="465.506" contextid="1256" timestamp="2022-02-02T12:32:34.799">
  <trace-info objectcount="13415029" scancount="10049198" scanbytes="215212836" />
  <finalization candidates="422" enqueued="26" />
  <ownableSynchronizers candidates="1" cleared="0" />
  <references type="soft" candidates="894" cleared="0" enqueued="0" dynamicThreshold="9" maxThreshold="32" />
  <references type="weak" candidates="1964" cleared="0" enqueued="0" />
  <references type="phantom" candidates="102" cleared="1" enqueued="1" />
  <stringconstants candidates="6478" cleared="0"  />
  <object-monitors candidates="2" cleared="0"  />
</gc-op>
<gc-op id="1260" type="sweep" timems="6.149" contextid="1256" timestamp="2022-02-02T12:32:34.805" />
<mem-info id="1261" free="11616624" total="838860800" percent="1">
  <mem type="tenure" free="11616624" total="838860800" percent="1" micro-fragmented="97208870" macro-fragmented="67617">
    <mem type="soa" free="3228016" total="830472192" percent="0" />
    <mem type="loa" free="8388608" total="8388608" percent="100" />
  </mem>
  <pending-finalizers system="26" default="0" reference="1" classloader="0" />
</mem-info>
<gc-op id="1262" type="compact" timems="390.075" contextid="1256" timestamp="2022-02-02T12:32:35.196">
  <compact-info movecount="8789013" movebytes="481353792" reason="low free space (less than 4%)" />
</gc-op>
<gc-end id="1263" type="global" contextid="1256" durationms="861.997" usertimems="2896.869" systemtimems="45.779" stalltimems="482.751" timestamp="2022-02-02T12:32:35.196" activeThreads="4">
  <mem-info id="1264" free="108562080" total="838860800" percent="12">
    <mem type="tenure" free="108562080" total="838860800" percent="12">
      <mem type="soa" free="100173472" total="830472192" percent="12" />
      <mem type="loa" free="8388608" total="8388608" percent="100" />
    </mem>
    <pending-finalizers system="26" default="0" reference="1" classloader="0" />
  </mem-info>
</gc-end>
<cycle-end id="1265" type="global" contextid="1256" timestamp="2022-02-02T12:32:35.196" />
<allocation-satisfied id="1266" threadId="0000000000016F00" bytesRequested="192" />
<af-end id="1267" timestamp="2022-02-02T12:32:35.196" threadId="0000000000017908" success="true" />
<exclusive-end id="1268" timestamp="2022-02-02T12:32:35.196" durationms="862.333" />

<exclusive-start id="1269" timestamp="2022-02-02T12:32:35.960" intervalms="1626.754">
  <response-info timems="0.022" idlems="0.022" threads="0" lastid="0000000000016F00" lastname="main" />
</exclusive-start>
<af-start id="1270" threadId="0000000000017908" totalBytesRequested="184" timestamp="2022-02-02T12:32:35.960" intervalms="1626.756" />
<cycle-start id="1271" type="global" contextid="0" timestamp="2022-02-02T12:32:35.960" intervalms="1626.758" />
<gc-start id="1272" type="global" contextid="1271" timestamp="2022-02-02T12:32:35.961">
  <mem-info id="1273" free="8388608" total="838860800" percent="1">
    <mem type="tenure" free="8388608" total="838860800" percent="1">
      <mem type="soa" free="0" total="830472192" percent="0" />
      <mem type="loa" free="8388608" total="8388608" percent="100" />
    </mem>
  </mem-info>
</gc-start>
<allocation-stats totalBytes="100129344" >
  <allocated-bytes non-tlh="2387744" tlh="97741600" />
  <largest-consumer threadName="main" threadId="0000000000016F00" bytes="100128544" />
</allocation-stats>
<gc-op id="1274" type="mark" timems="270.158" contextid="1271" timestamp="2022-02-02T12:32:36.231">
  <trace-info objectcount="10293982" scancount="7708248" scanbytes="165270252" />
  <finalization candidates="455" enqueued="84" />
  <ownableSynchronizers candidates="1" cleared="0" />
  <references type="soft" candidates="894" cleared="0" enqueued="0" dynamicThreshold="4" maxThreshold="32" />
  <references type="weak" candidates="1964" cleared="0" enqueued="0" />
  <references type="phantom" candidates="90" cleared="8" enqueued="8" />
  <stringconstants candidates="6478" cleared="0"  />
  <object-monitors candidates="2" cleared="0"  />
</gc-op>
<gc-op id="1275" type="sweep" timems="4.832" contextid="1271" timestamp="2022-02-02T12:32:36.236" />
<gc-end id="1276" type="global" contextid="1271" durationms="275.149" usertimems="525.693" systemtimems="0.000" stalltimems="571.970" timestamp="2022-02-02T12:32:36.236" activeThreads="4">
  <mem-info id="1277" free="251280224" total="838860800" percent="29">
    <mem type="tenure" free="251280224" total="838860800" percent="29" micro-fragmented="27841401" macro-fragmented="0">
      <mem type="soa" free="242891616" total="830472192" percent="29" />
      <mem type="loa" free="8388608" total="8388608" percent="100" />
    </mem>
    <pending-finalizers system="83" default="1" reference="8" classloader="0" />
  </mem-info>
</gc-end>
<cycle-end id="1278" type="global" contextid="1271" timestamp="2022-02-02T12:32:36.236" />
<allocation-satisfied id="1279" threadId="0000000000016F00" bytesRequested="184" />
<af-end id="1280" timestamp="2022-02-02T12:32:36.236" threadId="0000000000017908" success="true" />
<exclusive-end id="1281" timestamp="2022-02-02T12:32:36.236" durationms="275.437" />

<exclusive-start id="1282" timestamp="2022-02-02T12:32:37.916" intervalms="1955.522">
  <response-info timems="0.026" idlems="0.026" threads="0" lastid="0000000000016F00" lastname="main" />
</exclusive-start>
<af-start id="1283" threadId="0000000000017908" totalBytesRequested="24" timestamp="2022-02-02T12:32:37.916" intervalms="1955.524" />
<cycle-start id="1284" type="global" contextid="0" timestamp="2022-02-02T12:32:37.916" intervalms="1955.523" />
<gc-start id="1285" type="global" contextid="1284" timestamp="2022-02-02T12:32:37.916">
  <mem-info id="1286" free="8388608" total="838860800" percent="1">
    <mem type="tenure" free="8388608" total="838860800" percent="1">
      <mem type="soa" free="0" total="830472192" percent="0" />
      <mem type="loa" free="8388608" total="8388608" percent="100" />
    </mem>
  </mem-info>
</gc-start>
<allocation-stats totalBytes="242742952" >
  <allocated-bytes non-tlh="586640" tlh="242156312" />
  <largest-consumer threadName="main" threadId="0000000000016F00" bytes="242734440" />
</allocation-stats>
<gc-op id="1287" type="mark" timems="302.858" contextid="1284" timestamp="2022-02-02T12:32:38.219">
  <trace-info objectcount="13414782" scancount="10048930" scanbytes="215208372" />
  <finalization candidates="422" enqueued="26" />
  <ownableSynchronizers candidates="1" cleared="0" />
  <references type="soft" candidates="894" cleared="0" enqueued="0" dynamicThreshold="9" maxThreshold="32" />
  <references type="weak" candidates="1964" cleared="0" enqueued="0" />
  <references type="phantom" candidates="102" cleared="1" enqueued="1" />
  <stringconstants candidates="6478" cleared="0"  />
  <object-monitors candidates="2" cleared="0"  />
</gc-op>
<gc-op id="1288" type="sweep" timems="6.026" contextid="1284" timestamp="2022-02-02T12:32:38.225" />
<mem-info id="1289" free="11612712" total="838860800" percent="1">
  <mem type="tenure" free="11612712" total="838860800" percent="1" micro-fragmented="97660185" macro-fragmented="39130">
    <mem type="soa" free="3224104" total="830472192" percent="0" />
    <mem type="loa" free="8388608" total="8388608" percent="100" />
  </mem>
  <pending-finalizers system="26" default="0" reference="1" classloader="0" />
</mem-info>
<gc-op id="1290" type="compact" timems="383.783" contextid="1284" timestamp="2022-02-02T12:32:38.609">
  <compact-info movecount="8789402" movebytes="481409280" reason="low free space (less than 4%)" />
</gc-op>
<gc-end id="1291" type="global" contextid="1284" durationms="692.977" usertimems="2048.270" systemtimems="0.000" stalltimems="710.478" timestamp="2022-02-02T12:32:38.609" activeThreads="4">
  <mem-info id="1292" free="108551208" total="838860800" percent="12">
    <mem type="tenure" free="108551208" total="838860800" percent="12">
      <mem type="soa" free="100162600" total="830472192" percent="12" />
      <mem type="loa" free="8388608" total="8388608" percent="100" />
    </mem>
    <pending-finalizers system="26" default="0" reference="1" classloader="0" />
  </mem-info>
</gc-end>
<cycle-end id="1293" type="global" contextid="1284" timestamp="2022-02-02T12:32:38.609" />
<allocation-satisfied id="1294" threadId="0000000000016F00" bytesRequested="24" />
<af-end id="1295" timestamp="2022-02-02T12:32:38.609" threadId="0000000000017908" success="true" />
<exclusive-end id="1296" timestamp="2022-02-02T12:32:38.609" durationms="693.262" />

<exclusive-start id="1297" timestamp="2022-02-02T12:32:39.393" intervalms="1476.602">
  <response-info timems="0.021" idlems="0.021" threads="0" lastid="0000000000016F00" lastname="main" />
</exclusive-start>
<af-start id="1298" threadId="0000000000017908" totalBytesRequested="184" timestamp="2022-02-02T12:32:39.393" intervalms="1476.602" />
<cycle-start id="1299" type="global" contextid="0" timestamp="2022-02-02T12:32:39.393" intervalms="1476.602" />
<gc-start id="1300" type="global" contextid="1299" timestamp="2022-02-02T12:32:39.393">
  <mem-info id="1301" free="8388608" total="838860800" percent="1">
    <mem type="tenure" free="8388608" total="838860800" percent="1">
      <mem type="soa" free="0" total="830472192" percent="0" />
      <mem type="loa" free="8388608" total="8388608" percent="100" />
    </mem>
  </mem-info>
</gc-start>
<allocation-stats totalBytes="100117392" >
  <allocated-bytes non-tlh="2458320" tlh="97659072" />
  <largest-consumer threadName="main" threadId="0000000000016F00" bytes="100116536" />
</allocation-stats>
<gc-op id="1302" type="mark" timems="269.598" contextid="1299" timestamp="2022-02-02T12:32:39.662">
  <trace-info objectcount="10293760" scancount="7708114" scanbytes="165266492" />
  <finalization candidates="455" enqueued="84" />
  <ownableSynchronizers candidates="1" cleared="0" />
  <references type="soft" candidates="894" cleared="0" enqueued="0" dynamicThreshold="4" maxThreshold="32" />
  <references type="weak" candidates="1964" cleared="0" enqueued="0" />
  <references type="phantom" candidates="90" cleared="8" enqueued="8" />
  <stringconstants candidates="6478" cleared="0"  />
  <object-monitors candidates="2" cleared="0"  />
</gc-op>
<gc-op id="1303" type="sweep" timems="6.020" contextid="1299" timestamp="2022-02-02T12:32:39.668" />
<gc-end id="1304" type="global" contextid="1299" durationms="275.823" usertimems="519.543" systemtimems="15.111" stalltimems="551.271" timestamp="2022-02-02T12:32:39.668" activeThreads="4">
  <mem-info id="1305" free="251291864" total="838860800" percent="29">
    <mem type="tenure" free="251291864" total="838860800" percent="29" micro-fragmented="27692938" macro-fragmented="0">
      <mem type="soa" free="242903256" total="830472192" percent="29" />
      <mem type="loa" free="8388608" total="8388608" percent="100" />
    </mem>
    <pending-finalizers system="83" default="1" reference="8" classloader="0" />
  </mem-info>
</gc-end>
<cycle-end id="1306" type="global" contextid="1299" timestamp="2022-02-02T12:32:39.669" />
<allocation-satisfied id="1307" threadId="0000000000016F00" bytesRequested="184" />
<af-end id="1308" timestamp="2022-02-02T12:32:39.669" threadId="0000000000017908" success="true" />
<exclusive-end id="1309" timestamp="2022-02-02T12:32:39.669" durationms="276.123" />

<exclusive-start id="1310" timestamp="2022-02-02T12:32:41.354" intervalms="1961.340">
  <response-info timems="0.020" idlems="0.020" threads="0" lastid="0000000000016F00" lastname="main" />
</exclusive-start>
<af-start id="1311" threadId="0000000000017908" totalBytesRequested="48" timestamp="2022-02-02T12:32:41.354" intervalms="1961.333" />
<cycle-start id="1312" type="global" contextid="0" timestamp="2022-02-02T12:32:41.354" intervalms="1961.332" />
<gc-start id="1313" type="global" contextid="1312" timestamp="2022-02-02T12:32:41.354">
  <mem-info id="1314" free="8388608" total="838860800" percent="1">
    <mem type="tenure" free="8388608" total="838860800" percent="1">
      <mem type="soa" free="0" total="830472192" percent="0" />
      <mem type="loa" free="8388608" total="8388608" percent="100" />
    </mem>
  </mem-info>
</gc-start>
<allocation-stats totalBytes="242747968" >
  <allocated-bytes non-tlh="483304" tlh="242264664" />
  <largest-consumer threadName="main" threadId="0000000000016F00" bytes="242738848" />
</allocation-stats>
<gc-op id="1315" type="mark" timems="321.229" contextid="1312" timestamp="2022-02-02T12:32:41.675">
  <trace-info objectcount="13414277" scancount="10048530" scanbytes="215200068" />
  <finalization candidates="422" enqueued="26" />
  <ownableSynchronizers candidates="1" cleared="0" />
  <references type="soft" candidates="894" cleared="0" enqueued="0" dynamicThreshold="9" maxThreshold="32" />
  <references type="weak" candidates="1964" cleared="0" enqueued="0" />
  <references type="phantom" candidates="102" cleared="1" enqueued="1" />
  <stringconstants candidates="6478" cleared="0"  />
  <object-monitors candidates="2" cleared="0"  />
</gc-op>
<gc-op id="1316" type="sweep" timems="6.393" contextid="1312" timestamp="2022-02-02T12:32:41.682" />
<mem-info id="1317" free="11613216" total="838860800" percent="1">
  <mem type="tenure" free="11613216" total="838860800" percent="1" micro-fragmented="97188633" macro-fragmented="67617">
    <mem type="soa" free="3224608" total="830472192" percent="0" />
    <mem type="loa" free="8388608" total="8388608" percent="100" />
  </mem>
  <pending-finalizers system="26" default="0" reference="1" classloader="0" />
</mem-info>
<gc-op id="1318" type="compact" timems="397.229" contextid="1312" timestamp="2022-02-02T12:32:42.079">
  <compact-info movecount="8788298" movebytes="481370296" reason="low free space (less than 4%)" />
</gc-op>
<gc-end id="1319" type="global" contextid="1312" durationms="725.178" usertimems="2226.649" systemtimems="0.000" stalltimems="650.332" timestamp="2022-02-02T12:32:42.079" activeThreads="4">
  <mem-info id="1320" free="108547440" total="838860800" percent="12">
    <mem type="tenure" free="108547440" total="838860800" percent="12">
      <mem type="soa" free="100158832" total="830472192" percent="12" />
      <mem type="loa" free="8388608" total="8388608" percent="100" />
    </mem>
    <pending-finalizers system="26" default="0" reference="1" classloader="0" />
  </mem-info>
</gc-end>
<cycle-end id="1321" type="global" contextid="1312" timestamp="2022-02-02T12:32:42.079" />
<allocation-satisfied id="1322" threadId="0000000000016F00" bytesRequested="48" />
<af-end id="1323" timestamp="2022-02-02T12:32:42.079" threadId="0000000000017908" success="true" />
<exclusive-end id="1324" timestamp="2022-02-02T12:32:42.079" durationms="725.494" />

<exclusive-start id="1325" timestamp="2022-02-02T12:32:42.841" intervalms="1487.243">
  <response-info timems="0.024" idlems="0.024" threads="0" lastid="0000000000016F00" lastname="main" />
</exclusive-start>
<af-start id="1326" threadId="0000000000017908" totalBytesRequested="24" timestamp="2022-02-02T12:32:42.841" intervalms="1487.251" />
<cycle-start id="1327" type="global" contextid="0" timestamp="2022-02-02T12:32:42.841" intervalms="1487.252" />
<gc-start id="1328" type="global" contextid="1327" timestamp="2022-02-02T12:32:42.841">
  <mem-info id="1329" free="8388608" total="838860800" percent="1">
    <mem type="tenure" free="8388608" total="838860800" percent="1">
      <mem type="soa" free="0" total="830472192" percent="0" />
      <mem type="loa" free="8388608" total="8388608" percent="100" />
    </mem>
  </mem-info>
</gc-start>
<allocation-stats totalBytes="100117336" >
  <allocated-bytes non-tlh="2290720" tlh="97826616" />
  <largest-consumer threadName="main" threadId="0000000000016F00" bytes="100109144" />
</allocation-stats>
<gc-op id="1330" type="mark" timems="286.720" contextid="1327" timestamp="2022-02-02T12:32:43.128">
  <trace-info objectcount="10293494" scancount="7707926" scanbytes="165262028" />
  <finalization candidates="455" enqueued="84" />
  <ownableSynchronizers candidates="1" cleared="0" />
  <references type="soft" candidates="894" cleared="0" enqueued="0" dynamicThreshold="4" maxThreshold="32" />
  <references type="weak" candidates="1964" cleared="0" enqueued="0" />
  <references type="phantom" candidates="90" cleared="8" enqueued="8" />
  <stringconstants candidates="6478" cleared="0"  />
  <object-monitors candidates="2" cleared="0"  />
</gc-op>
<gc-op id="1331" type="sweep" timems="5.076" contextid="1327" timestamp="2022-02-02T12:32:43.133" />
<gc-end id="1332" type="global" contextid="1327" durationms="291.963" usertimems="603.059" systemtimems="24.007" stalltimems="531.507" timestamp="2022-02-02T12:32:43.133" activeThreads="4">
  <mem-info id="1333" free="251289024" total="838860800" percent="29">
    <mem type="tenure" free="251289024" total="838860800" percent="29" micro-fragmented="27376041" macro-fragmented="0">
      <mem type="soa" free="242900416" total="830472192" percent="29" />
      <mem type="loa" free="8388608" total="8388608" percent="100" />
    </mem>
    <pending-finalizers system="83" default="1" reference="8" classloader="0" />
  </mem-info>
</gc-end>
<cycle-end id="1334" type="global" contextid="1327" timestamp="2022-02-02T12:32:43.133" />
<allocation-satisfied id="1335" threadId="0000000000016F00" bytesRequested="24" />
<af-end id="1336" timestamp="2022-02-02T12:32:43.133" threadId="0000000000017908" success="true" />
<exclusive-end id="1337" timestamp="2022-02-02T12:32:43.133" durationms="292.228" />

<exclusive-start id="1338" timestamp="2022-02-02T12:32:44.805" intervalms="1964.023">
  <response-info timems="0.027" idlems="0.027" threads="0" lastid="0000000000016F00" lastname="main" />
</exclusive-start>
<af-start id="1339" threadId="0000000000017908" totalBytesRequested="32" timestamp="2022-02-02T12:32:44.805" intervalms="1964.018" />
<cycle-start id="1340" type="global" contextid="0" timestamp="2022-02-02T12:32:44.805" intervalms="1964.019" />
<gc-start id="1341" type="global" contextid="1340" timestamp="2022-02-02T12:32:44.805">
  <mem-info id="1342" free="8388608" total="838860800" percent="1">
    <mem type="tenure" free="8388608" total="838860800" percent="1">
      <mem type="soa" free="0" total="830472192" percent="0" />
      <mem type="loa" free="8388608" total="8388608" percent="100" />
    </mem>
  </mem-info>
</gc-start>
<allocation-stats totalBytes="242746856" >
  <allocated-bytes non-tlh="650104" tlh="242096752" />
  <largest-consumer threadName="main" threadId="0000000000016F00" bytes="242734568" />
</allocation-stats>
<gc-op id="1343" type="mark" timems="474.146" contextid="1340" timestamp="2022-02-02T12:32:45.279">
  <trace-info objectcount="13413414" scancount="10047926" scanbytes="215186068" />
  <finalization candidates="422" enqueued="26" />
  <ownableSynchronizers candidates="1" cleared="0" />
  <references type="soft" candidates="894" cleared="0" enqueued="0" dynamicThreshold="9" maxThreshold="32" />
  <references type="weak" candidates="1964" cleared="0" enqueued="0" />
  <references type="phantom" candidates="102" cleared="1" enqueued="1" />
  <stringconstants candidates="6478" cleared="0"  />
  <object-monitors candidates="2" cleared="0"  />
</gc-op>
<gc-op id="1344" type="sweep" timems="6.547" contextid="1340" timestamp="2022-02-02T12:32:45.286" />
<mem-info id="1345" free="11613944" total="838860800" percent="1">
  <mem type="tenure" free="11613944" total="838860800" percent="1" micro-fragmented="97219716" macro-fragmented="0">
    <mem type="soa" free="3225336" total="830472192" percent="0" />
    <mem type="loa" free="8388608" total="8388608" percent="100" />
  </mem>
  <pending-finalizers system="26" default="0" reference="1" classloader="0" />
</mem-info>
<gc-op id="1346" type="compact" timems="423.597" contextid="1340" timestamp="2022-02-02T12:32:45.710">
  <compact-info movecount="8864446" movebytes="485596080" reason="low free space (less than 4%)" />
</gc-op>
<gc-end id="1347" type="global" contextid="1340" durationms="904.596" usertimems="3002.773" systemtimems="62.620" stalltimems="500.844" timestamp="2022-02-02T12:32:45.710" activeThreads="4">
  <mem-info id="1348" free="108553712" total="838860800" percent="12">
    <mem type="tenure" free="108553712" total="838860800" percent="12">
      <mem type="soa" free="100165104" total="830472192" percent="12" />
      <mem type="loa" free="8388608" total="8388608" percent="100" />
    </mem>
    <pending-finalizers system="26" default="0" reference="1" classloader="0" />
  </mem-info>
</gc-end>
<cycle-end id="1349" type="global" contextid="1340" timestamp="2022-02-02T12:32:45.710" />
<allocation-satisfied id="1350" threadId="0000000000016F00" bytesRequested="32" />
<af-end id="1351" timestamp="2022-02-02T12:32:45.710" threadId="0000000000017908" success="true" />
<exclusive-end id="1352" timestamp="2022-02-02T12:32:45.710" durationms="904.841" />

<exclusive-start id="1353" timestamp="2022-02-02T12:32:46.510" intervalms="1704.696">
  <response-info timems="0.020" idlems="0.020" threads="0" lastid="0000000000016F00" lastname="main" />
</exclusive-start>
<af-start id="1354" threadId="0000000000017908" totalBytesRequested="16" timestamp="2022-02-02T12:32:46.510" intervalms="1704.710" />
<cycle-start id="1355" type="global" contextid="0" timestamp="2022-02-02T12:32:46.510" intervalms="1704.714" />
<gc-start id="1356" type="global" contextid="1355" timestamp="2022-02-02T12:32:46.510">
  <mem-info id="1357" free="8388608" total="838860800" percent="1">
    <mem type="tenure" free="8388608" total="838860800" percent="1">
      <mem type="soa" free="0" total="830472192" percent="0" />
      <mem type="loa" free="8388608" total="8388608" percent="100" />
    </mem>
  </mem-info>
</gc-start>
<allocation-stats totalBytes="100121768" >
  <allocated-bytes non-tlh="2387744" tlh="97734024" />
  <largest-consumer threadName="main" threadId="0000000000016F00" bytes="100120944" />
</allocation-stats>
<gc-op id="1358" type="mark" timems="307.738" contextid="1355" timestamp="2022-02-02T12:32:46.818">
  <trace-info objectcount="10293322" scancount="7707793" scanbytes="165259084" />
  <finalization candidates="455" enqueued="84" />
  <ownableSynchronizers candidates="1" cleared="0" />
  <references type="soft" candidates="894" cleared="0" enqueued="0" dynamicThreshold="4" maxThreshold="32" />
  <references type="weak" candidates="1964" cleared="0" enqueued="0" />
  <references type="phantom" candidates="90" cleared="8" enqueued="8" />
  <stringconstants candidates="6478" cleared="0"  />
  <object-monitors candidates="2" cleared="0"  />
</gc-op>
<gc-op id="1359" type="sweep" timems="9.933" contextid="1355" timestamp="2022-02-02T12:32:46.828" />
<gc-end id="1360" type="global" contextid="1355" durationms="317.823" usertimems="600.720" systemtimems="13.085" stalltimems="651.397" timestamp="2022-02-02T12:32:46.828" activeThreads="4">
  <mem-info id="1361" free="251289024" total="838860800" percent="29">
    <mem type="tenure" free="251289024" total="838860800" percent="29" micro-fragmented="27520701" macro-fragmented="0">
      <mem type="soa" free="242900416" total="830472192" percent="29" />
      <mem type="loa" free="8388608" total="8388608" percent="100" />
    </mem>
    <pending-finalizers system="83" default="1" reference="8" classloader="0" />
  </mem-info>
</gc-end>
<cycle-end id="1362" type="global" contextid="1355" timestamp="2022-02-02T12:32:46.828" />
<allocation-satisfied id="1363" threadId="0000000000016F00" bytesRequested="16" />
<af-end id="1364" timestamp="2022-02-02T12:32:46.828" threadId="0000000000017908" success="true" />
<exclusive-end id="1365" timestamp="2022-02-02T12:32:46.828" durationms="318.131" />

<exclusive-start id="1366" timestamp="2022-02-02T12:32:48.600" intervalms="2089.715">
  <response-info timems="0.041" idlems="0.041" threads="0" lastid="0000000000016F00" lastname="main" />
</exclusive-start>
<af-start id="1367" threadId="0000000000017908" totalBytesRequested="24" timestamp="2022-02-02T12:32:48.600" intervalms="2090.084" />
<cycle-start id="1368" type="global" contextid="0" timestamp="2022-02-02T12:32:48.600" intervalms="2090.239" />
<gc-start id="1369" type="global" contextid="1368" timestamp="2022-02-02T12:32:48.600">
  <mem-info id="1370" free="8388608" total="838860800" percent="1">
    <mem type="tenure" free="8388608" total="838860800" percent="1">
      <mem type="soa" free="0" total="830472192" percent="0" />
      <mem type="loa" free="8388608" total="8388608" percent="100" />
    </mem>
  </mem-info>
</gc-start>
<allocation-stats totalBytes="242743768" >
  <allocated-bytes non-tlh="611264" tlh="242132504" />
  <largest-consumer threadName="main" threadId="0000000000016F00" bytes="242726288" />
</allocation-stats>
<gc-op id="1371" type="mark" timems="367.297" contextid="1368" timestamp="2022-02-02T12:32:48.968">
  <trace-info objectcount="13412645" scancount="10047362" scanbytes="215173540" />
  <finalization candidates="422" enqueued="26" />
  <ownableSynchronizers candidates="1" cleared="0" />
  <references type="soft" candidates="894" cleared="0" enqueued="0" dynamicThreshold="9" maxThreshold="32" />
  <references type="weak" candidates="1964" cleared="0" enqueued="0" />
  <references type="phantom" candidates="102" cleared="1" enqueued="1" />
  <stringconstants candidates="6478" cleared="0"  />
  <object-monitors candidates="2" cleared="0"  />
</gc-op>
<gc-op id="1372" type="sweep" timems="8.032" contextid="1368" timestamp="2022-02-02T12:32:48.976" />
<mem-info id="1373" free="11621800" total="838860800" percent="1">
  <mem type="tenure" free="11621800" total="838860800" percent="1" micro-fragmented="96810383" macro-fragmented="7740516">
    <mem type="soa" free="3233192" total="830472192" percent="0" />
    <mem type="loa" free="8388608" total="8388608" percent="100" />
  </mem>
  <pending-finalizers system="26" default="0" reference="1" classloader="0" />
</mem-info>
<gc-op id="1374" type="compact" timems="464.360" contextid="1368" timestamp="2022-02-02T12:32:49.440">
  <compact-info movecount="8786793" movebytes="481351760" reason="low free space (less than 4%)" />
</gc-op>
<gc-end id="1375" type="global" contextid="1368" durationms="839.953" usertimems="2529.365" systemtimems="7.866" stalltimems="746.787" timestamp="2022-02-02T12:32:49.440" activeThreads="4">
  <mem-info id="1376" free="108566280" total="838860800" percent="12">
    <mem type="tenure" free="108566280" total="838860800" percent="12">
      <mem type="soa" free="100177672" total="830472192" percent="12" />
      <mem type="loa" free="8388608" total="8388608" percent="100" />
    </mem>
    <pending-finalizers system="26" default="0" reference="1" classloader="0" />
  </mem-info>
</gc-end>
<cycle-end id="1377" type="global" contextid="1368" timestamp="2022-02-02T12:32:49.440" />
<allocation-satisfied id="1378" threadId="0000000000016F00" bytesRequested="24" />
<af-end id="1379" timestamp="2022-02-02T12:32:49.440" threadId="0000000000017908" success="true" />
<exclusive-end id="1380" timestamp="2022-02-02T12:32:49.440" durationms="840.797" />

<exclusive-start id="1381" timestamp="2022-02-02T12:32:50.230" intervalms="1630.518">
  <response-info timems="0.025" idlems="0.025" threads="0" lastid="0000000000016F00" lastname="main" />
</exclusive-start>
<af-start id="1382" threadId="0000000000017908" totalBytesRequested="232" timestamp="2022-02-02T12:32:50.230" intervalms="1630.137" />
<cycle-start id="1383" type="global" contextid="0" timestamp="2022-02-02T12:32:50.230" intervalms="1629.977" />
<gc-start id="1384" type="global" contextid="1383" timestamp="2022-02-02T12:32:50.230">
  <mem-info id="1385" free="8388608" total="838860800" percent="1">
    <mem type="tenure" free="8388608" total="838860800" percent="1">
      <mem type="soa" free="0" total="830472192" percent="0" />
      <mem type="loa" free="8388608" total="8388608" percent="100" />
    </mem>
  </mem-info>
</gc-start>
<allocation-stats totalBytes="100133416" >
  <allocated-bytes non-tlh="2387744" tlh="97745672" />
  <largest-consumer threadName="main" threadId="0000000000016F00" bytes="100132552" />
</allocation-stats>
<gc-op id="1386" type="mark" timems="252.188" contextid="1383" timestamp="2022-02-02T12:32:50.482">
  <trace-info objectcount="10293190" scancount="7707660" scanbytes="165256748" />
  <finalization candidates="455" enqueued="84" />
  <ownableSynchronizers candidates="1" cleared="0" />
  <references type="soft" candidates="894" cleared="0" enqueued="0" dynamicThreshold="4" maxThreshold="32" />
  <references type="weak" candidates="1964" cleared="0" enqueued="0" />
  <references type="phantom" candidates="90" cleared="8" enqueued="8" />
  <stringconstants candidates="6478" cleared="0"  />
  <object-monitors candidates="2" cleared="0"  />
</gc-op>
<gc-op id="1387" type="sweep" timems="4.960" contextid="1383" timestamp="2022-02-02T12:32:50.487" />
<gc-end id="1388" type="global" contextid="1383" durationms="257.295" usertimems="297.602" systemtimems="1.365" stalltimems="726.957" timestamp="2022-02-02T12:32:50.487" activeThreads="4">
  <mem-info id="1389" free="251280536" total="838860800" percent="29">
    <mem type="tenure" free="251280536" total="838860800" percent="29" micro-fragmented="27435635" macro-fragmented="820826">
      <mem type="soa" free="242891928" total="830472192" percent="29" />
      <mem type="loa" free="8388608" total="8388608" percent="100" />
    </mem>
    <pending-finalizers system="83" default="1" reference="8" classloader="0" />
  </mem-info>
</gc-end>
<cycle-end id="1390" type="global" contextid="1383" timestamp="2022-02-02T12:32:50.488" />
<allocation-satisfied id="1391" threadId="0000000000016F00" bytesRequested="232" />
<af-end id="1392" timestamp="2022-02-02T12:32:50.488" threadId="0000000000017908" success="true" />
<exclusive-end id="1393" timestamp="2022-02-02T12:32:50.488" durationms="257.582" />

<exclusive-start id="1394" timestamp="2022-02-02T12:32:52.255" intervalms="2024.509">
  <response-info timems="0.026" idlems="0.026" threads="0" lastid="0000000000016F00" lastname="main" />
</exclusive-start>
<af-start id="1395" threadId="0000000000017908" totalBytesRequested="24" timestamp="2022-02-02T12:32:52.255" intervalms="2024.507" />
<cycle-start id="1396" type="global" contextid="0" timestamp="2022-02-02T12:32:52.255" intervalms="2024.507" />
<gc-start id="1397" type="global" contextid="1396" timestamp="2022-02-02T12:32:52.255">
  <mem-info id="1398" free="8388608" total="838860800" percent="1">
    <mem type="tenure" free="8388608" total="838860800" percent="1">
      <mem type="soa" free="0" total="830472192" percent="0" />
      <mem type="loa" free="8388608" total="8388608" percent="100" />
    </mem>
  </mem-info>
</gc-start>
<allocation-stats totalBytes="242742072" >
  <allocated-bytes non-tlh="536888" tlh="242205184" />
  <largest-consumer threadName="main" threadId="0000000000016F00" bytes="242732768" />
</allocation-stats>
<gc-op id="1399" type="mark" timems="310.002" contextid="1396" timestamp="2022-02-02T12:32:52.565">
  <trace-info objectcount="13412423" scancount="10047232" scanbytes="215169780" />
  <finalization candidates="422" enqueued="26" />
  <ownableSynchronizers candidates="1" cleared="0" />
  <references type="soft" candidates="894" cleared="0" enqueued="0" dynamicThreshold="9" maxThreshold="32" />
  <references type="weak" candidates="1964" cleared="0" enqueued="0" />
  <references type="phantom" candidates="102" cleared="1" enqueued="1" />
  <stringconstants candidates="6478" cleared="0"  />
  <object-monitors candidates="2" cleared="0"  />
</gc-op>
<gc-op id="1400" type="sweep" timems="8.195" contextid="1396" timestamp="2022-02-02T12:32:52.573" />
<mem-info id="1401" free="11612480" total="838860800" percent="1">
  <mem type="tenure" free="11612480" total="838860800" percent="1" micro-fragmented="97052817" macro-fragmented="4479464">
    <mem type="soa" free="3223872" total="830472192" percent="0" />
    <mem type="loa" free="8388608" total="8388608" percent="100" />
  </mem>
  <pending-finalizers system="26" default="0" reference="1" classloader="0" />
</mem-info>
<gc-op id="1402" type="compact" timems="440.810" contextid="1396" timestamp="2022-02-02T12:32:53.014">
  <compact-info movecount="8787071" movebytes="481404320" reason="low free space (less than 4%)" />
</gc-op>
<gc-end id="1403" type="global" contextid="1396" durationms="759.474" usertimems="2272.691" systemtimems="10.600" stalltimems="725.735" timestamp="2022-02-02T12:32:53.014" activeThreads="4">
  <mem-info id="1404" free="108553248" total="838860800" percent="12">
    <mem type="tenure" free="108553248" total="838860800" percent="12">
      <mem type="soa" free="100164640" total="830472192" percent="12" />
      <mem type="loa" free="8388608" total="8388608" percent="100" />
    </mem>
    <pending-finalizers system="26" default="0" reference="1" classloader="0" />
  </mem-info>
</gc-end>
<cycle-end id="1405" type="global" contextid="1396" timestamp="2022-02-02T12:32:53.014" />
<allocation-satisfied id="1406" threadId="0000000000016F00" bytesRequested="24" />
<af-end id="1407" timestamp="2022-02-02T12:32:53.014" threadId="0000000000017908" success="true" />
<exclusive-end id="1408" timestamp="2022-02-02T12:32:53.014" durationms="759.839" />

<exclusive-start id="1409" timestamp="2022-02-02T12:32:53.852" intervalms="1597.614">
  <response-info timems="0.027" idlems="0.027" threads="0" lastid="0000000000016F00" lastname="main" />
</exclusive-start>
<af-start id="1410" threadId="0000000000017908" totalBytesRequested="104" timestamp="2022-02-02T12:32:53.852" intervalms="1597.624" />
<cycle-start id="1411" type="global" contextid="0" timestamp="2022-02-02T12:32:53.852" intervalms="1597.627" />
<gc-start id="1412" type="global" contextid="1411" timestamp="2022-02-02T12:32:53.853">
  <mem-info id="1413" free="8388608" total="838860800" percent="1">
    <mem type="tenure" free="8388608" total="838860800" percent="1">
      <mem type="soa" free="0" total="830472192" percent="0" />
      <mem type="loa" free="8388608" total="8388608" percent="100" />
    </mem>
  </mem-info>
</gc-start>
<allocation-stats totalBytes="100120632" >
  <allocated-bytes non-tlh="2387744" tlh="97732888" />
  <largest-consumer threadName="main" threadId="0000000000016F00" bytes="100119768" />
</allocation-stats>
<gc-op id="1414" type="mark" timems="262.690" contextid="1411" timestamp="2022-02-02T12:32:54.115">
  <trace-info objectcount="10292987" scancount="7707571" scanbytes="165253308" />
  <finalization candidates="455" enqueued="84" />
  <ownableSynchronizers candidates="1" cleared="0" />
  <references type="soft" candidates="894" cleared="0" enqueued="0" dynamicThreshold="4" maxThreshold="32" />
  <references type="weak" candidates="1964" cleared="0" enqueued="0" />
  <references type="phantom" candidates="90" cleared="8" enqueued="8" />
  <stringconstants candidates="6478" cleared="0"  />
  <object-monitors candidates="2" cleared="0"  />
</gc-op>
<gc-op id="1415" type="sweep" timems="5.815" contextid="1411" timestamp="2022-02-02T12:32:54.121" />
<gc-end id="1416" type="global" contextid="1411" durationms="268.689" usertimems="489.257" systemtimems="3.260" stalltimems="576.120" timestamp="2022-02-02T12:32:54.121" activeThreads="4">
  <mem-info id="1417" free="251282240" total="838860800" percent="29">
    <mem type="tenure" free="251282240" total="838860800" percent="29" micro-fragmented="27623245" macro-fragmented="0">
      <mem type="soa" free="242893632" total="830472192" percent="29" />
      <mem type="loa" free="8388608" total="8388608" percent="100" />
    </mem>
    <pending-finalizers system="83" default="1" reference="8" classloader="0" />
  </mem-info>
</gc-end>
<cycle-end id="1418" type="global" contextid="1411" timestamp="2022-02-02T12:32:54.121" />
<allocation-satisfied id="1419" threadId="0000000000016F00" bytesRequested="104" />
<af-end id="1420" timestamp="2022-02-02T12:32:54.121" threadId="0000000000017908" success="true" />
<exclusive-end id="1421" timestamp="2022-02-02T12:32:54.121" durationms="269.285" />

<exclusive-start id="1422" timestamp="2022-02-02T12:32:55.884" intervalms="2031.781">
  <response-info timems="0.027" idlems="0.027" threads="0" lastid="0000000000016F00" lastname="main" />
</exclusive-start>
<af-start id="1423" threadId="0000000000017908" totalBytesRequested="6968" timestamp="2022-02-02T12:32:55.884" intervalms="2031.770" />
<cycle-start id="1424" type="global" contextid="0" timestamp="2022-02-02T12:32:55.884" intervalms="2031.766" />
<gc-start id="1425" type="global" contextid="1424" timestamp="2022-02-02T12:32:55.884">
  <mem-info id="1426" free="8395696" total="838860800" percent="1">
    <mem type="tenure" free="8395696" total="838860800" percent="1">
      <mem type="soa" free="7088" total="830472192" percent="0" />
      <mem type="loa" free="8388608" total="8388608" percent="100" />
    </mem>
  </mem-info>
</gc-start>
<allocation-stats totalBytes="242727888" >
  <allocated-bytes non-tlh="598080" tlh="242129808" />
  <largest-consumer threadName="main" threadId="0000000000016F00" bytes="242715792" />
</allocation-stats>
<gc-op id="1427" type="mark" timems="307.863" contextid="1424" timestamp="2022-02-02T12:32:56.192">
  <trace-info objectcount="13411475" scancount="10046464" scanbytes="215154436" />
  <finalization candidates="422" enqueued="26" />
  <ownableSynchronizers candidates="1" cleared="0" />
  <references type="soft" candidates="894" cleared="0" enqueued="0" dynamicThreshold="9" maxThreshold="32" />
  <references type="weak" candidates="1964" cleared="0" enqueued="0" />
  <references type="phantom" candidates="102" cleared="1" enqueued="1" />
  <stringconstants candidates="6478" cleared="0"  />
  <object-monitors candidates="2" cleared="0"  />
</gc-op>
<gc-op id="1428" type="sweep" timems="7.510" contextid="1424" timestamp="2022-02-02T12:32:56.200" />
<mem-info id="1429" free="11625160" total="838860800" percent="1">
  <mem type="tenure" free="11625160" total="838860800" percent="1" micro-fragmented="97389219" macro-fragmented="7740516">
    <mem type="soa" free="3236552" total="830472192" percent="0" />
    <mem type="loa" free="8388608" total="8388608" percent="100" />
  </mem>
  <pending-finalizers system="26" default="0" reference="1" classloader="0" />
</mem-info>
<gc-op id="1430" type="compact" timems="460.164" contextid="1424" timestamp="2022-02-02T12:32:56.660">
  <compact-info movecount="8785771" movebytes="481351808" reason="low free space (less than 4%)" />
</gc-op>
<gc-end id="1431" type="global" contextid="1424" durationms="775.921" usertimems="2211.694" systemtimems="0.833" stalltimems="870.887" timestamp="2022-02-02T12:32:56.660" activeThreads="4">
  <mem-info id="1432" free="108567624" total="838860800" percent="12">
    <mem type="tenure" free="108567624" total="838860800" percent="12">
      <mem type="soa" free="100179016" total="830472192" percent="12" />
      <mem type="loa" free="8388608" total="8388608" percent="100" />
    </mem>
    <pending-finalizers system="26" default="0" reference="1" classloader="0" />
  </mem-info>
</gc-end>
<cycle-end id="1433" type="global" contextid="1424" timestamp="2022-02-02T12:32:56.660" />
<allocation-satisfied id="1434" threadId="0000000000016F00" bytesRequested="6968" />
<af-end id="1435" timestamp="2022-02-02T12:32:56.660" threadId="0000000000017908" success="true" />
<exclusive-end id="1436" timestamp="2022-02-02T12:32:56.660" durationms="776.229" />

<exclusive-start id="1437" timestamp="2022-02-02T12:32:57.458" intervalms="1574.481">
  <response-info timems="0.022" idlems="0.022" threads="0" lastid="0000000000016F00" lastname="main" />
</exclusive-start>
<af-start id="1438" threadId="0000000000017908" totalBytesRequested="104" timestamp="2022-02-02T12:32:57.458" intervalms="1574.486" />
<cycle-start id="1439" type="global" contextid="0" timestamp="2022-02-02T12:32:57.459" intervalms="1574.489" />
<gc-start id="1440" type="global" contextid="1439" timestamp="2022-02-02T12:32:57.459">
  <mem-info id="1441" free="8388608" total="838860800" percent="1">
    <mem type="tenure" free="8388608" total="838860800" percent="1">
      <mem type="soa" free="0" total="830472192" percent="0" />
      <mem type="loa" free="8388608" total="8388608" percent="100" />
    </mem>
  </mem-info>
</gc-start>
<allocation-stats totalBytes="100139272" >
  <allocated-bytes non-tlh="2465288" tlh="97673984" />
  <largest-consumer threadName="main" threadId="0000000000016F00" bytes="100138392" />
</allocation-stats>
<gc-op id="1442" type="mark" timems="237.830" contextid="1439" timestamp="2022-02-02T12:32:57.696">
  <trace-info objectcount="10292789" scancount="7707411" scanbytes="165249932" />
  <finalization candidates="455" enqueued="84" />
  <ownableSynchronizers candidates="1" cleared="0" />
  <references type="soft" candidates="894" cleared="0" enqueued="0" dynamicThreshold="4" maxThreshold="32" />
  <references type="weak" candidates="1964" cleared="0" enqueued="0" />
  <references type="phantom" candidates="90" cleared="8" enqueued="8" />
  <stringconstants candidates="6478" cleared="0"  />
  <object-monitors candidates="2" cleared="0"  />
</gc-op>
<gc-op id="1443" type="sweep" timems="6.253" contextid="1439" timestamp="2022-02-02T12:32:57.703" />
<gc-end id="1444" type="global" contextid="1439" durationms="244.233" usertimems="270.332" systemtimems="3.101" stalltimems="702.951" timestamp="2022-02-02T12:32:57.703" activeThreads="4">
  <mem-info id="1445" free="251292280" total="838860800" percent="29">
    <mem type="tenure" free="251292280" total="838860800" percent="29" micro-fragmented="27764683" macro-fragmented="723458">
      <mem type="soa" free="242903672" total="830472192" percent="29" />
      <mem type="loa" free="8388608" total="8388608" percent="100" />
    </mem>
    <pending-finalizers system="83" default="1" reference="8" classloader="0" />
  </mem-info>
</gc-end>
<cycle-end id="1446" type="global" contextid="1439" timestamp="2022-02-02T12:32:57.703" />
<allocation-satisfied id="1447" threadId="0000000000016F00" bytesRequested="104" />
<af-end id="1448" timestamp="2022-02-02T12:32:57.703" threadId="0000000000017908" success="true" />
<exclusive-end id="1449" timestamp="2022-02-02T12:32:57.703" durationms="244.551" />

<exclusive-start id="1450" timestamp="2022-02-02T12:32:59.430" intervalms="1971.303">
  <response-info timems="0.022" idlems="0.022" threads="0" lastid="0000000000016F00" lastname="main" />
</exclusive-start>
<af-start id="1451" threadId="0000000000017908" totalBytesRequested="8208" timestamp="2022-02-02T12:32:59.430" intervalms="1971.301" />
<cycle-start id="1452" type="global" contextid="0" timestamp="2022-02-02T12:32:59.430" intervalms="1971.300" />
<gc-start id="1453" type="global" contextid="1452" timestamp="2022-02-02T12:32:59.430">
  <mem-info id="1454" free="8398576" total="838860800" percent="1">
    <mem type="tenure" free="8398576" total="838860800" percent="1">
      <mem type="soa" free="9968" total="830472192" percent="0" />
      <mem type="loa" free="8388608" total="8388608" percent="100" />
    </mem>
  </mem-info>
</gc-start>
<allocation-stats totalBytes="242738680" >
  <allocated-bytes non-tlh="589872" tlh="242148808" />
  <largest-consumer threadName="main" threadId="0000000000016F00" bytes="242727088" />
</allocation-stats>
<gc-op id="1455" type="mark" timems="315.107" contextid="1452" timestamp="2022-02-02T12:32:59.745">
  <trace-info objectcount="13411496" scancount="10046486" scanbytes="215154532" />
  <finalization candidates="421" enqueued="26" />
  <ownableSynchronizers candidates="1" cleared="0" />
  <references type="soft" candidates="894" cleared="0" enqueued="0" dynamicThreshold="9" maxThreshold="32" />
  <references type="weak" candidates="1964" cleared="0" enqueued="0" />
  <references type="phantom" candidates="102" cleared="1" enqueued="1" />
  <stringconstants candidates="6478" cleared="0"  />
  <object-monitors candidates="2" cleared="0"  />
</gc-op>
<gc-op id="1456" type="sweep" timems="8.414" contextid="1452" timestamp="2022-02-02T12:32:59.754" />
<mem-info id="1457" free="11630408" total="838860800" percent="1">
  <mem type="tenure" free="11630408" total="838860800" percent="1" micro-fragmented="97194022" macro-fragmented="39130">
    <mem type="soa" free="3241800" total="830472192" percent="0" />
    <mem type="loa" free="8388608" total="8388608" percent="100" />
  </mem>
  <pending-finalizers system="26" default="0" reference="1" classloader="0" />
</mem-info>
<gc-op id="1458" type="compact" timems="473.149" contextid="1452" timestamp="2022-02-02T12:33:00.227">
  <compact-info movecount="8786152" movebytes="481393072" reason="low free space (less than 4%)" />
</gc-op>
<gc-end id="1459" type="global" contextid="1452" durationms="797.015" usertimems="2442.396" systemtimems="1.113" stalltimems="713.152" timestamp="2022-02-02T12:33:00.227" activeThreads="4">
  <mem-info id="1460" free="108560016" total="838860800" percent="12">
    <mem type="tenure" free="108560016" total="838860800" percent="12">
      <mem type="soa" free="100171408" total="830472192" percent="12" />
      <mem type="loa" free="8388608" total="8388608" percent="100" />
    </mem>
    <pending-finalizers system="26" default="0" reference="1" classloader="0" />
  </mem-info>
</gc-end>
<cycle-end id="1461" type="global" contextid="1452" timestamp="2022-02-02T12:33:00.227" />
<allocation-satisfied id="1462" threadId="0000000000016F00" bytesRequested="8208" />
<af-end id="1463" timestamp="2022-02-02T12:33:00.227" threadId="0000000000017908" success="true" />
<exclusive-end id="1464" timestamp="2022-02-02T12:33:00.227" durationms="797.268" />

<exclusive-start id="1465" timestamp="2022-02-02T12:33:01.058" intervalms="1628.206">
  <response-info timems="0.024" idlems="0.024" threads="0" lastid="0000000000016F00" lastname="main" />
</exclusive-start>
<af-start id="1466" threadId="0000000000017908" totalBytesRequested="184" timestamp="2022-02-02T12:33:01.058" intervalms="1628.207" />
<cycle-start id="1467" type="global" contextid="0" timestamp="2022-02-02T12:33:01.058" intervalms="1628.207" />
<gc-start id="1468" type="global" contextid="1467" timestamp="2022-02-02T12:33:01.058">
  <mem-info id="1469" free="8388608" total="838860800" percent="1">
    <mem type="tenure" free="8388608" total="838860800" percent="1">
      <mem type="soa" free="0" total="830472192" percent="0" />
      <mem type="loa" free="8388608" total="8388608" percent="100" />
    </mem>
  </mem-info>
</gc-start>
<allocation-stats totalBytes="100134584" >
  <allocated-bytes non-tlh="2466528" tlh="97668056" />
  <largest-consumer threadName="main" threadId="0000000000016F00" bytes="100133752" />
</allocation-stats>
<gc-op id="1470" type="mark" timems="220.151" contextid="1467" timestamp="2022-02-02T12:33:01.278">
  <trace-info objectcount="10292668" scancount="7707214" scanbytes="165247772" />
  <finalization candidates="455" enqueued="84" />
  <ownableSynchronizers candidates="1" cleared="0" />
  <references type="soft" candidates="894" cleared="0" enqueued="0" dynamicThreshold="4" maxThreshold="32" />
  <references type="weak" candidates="1964" cleared="0" enqueued="0" />
  <references type="phantom" candidates="90" cleared="8" enqueued="8" />
  <stringconstants candidates="6478" cleared="0"  />
  <object-monitors candidates="2" cleared="0"  />
</gc-op>
<gc-op id="1471" type="sweep" timems="5.309" contextid="1467" timestamp="2022-02-02T12:33:01.284" />
<gc-end id="1472" type="global" contextid="1467" durationms="225.637" usertimems="378.302" systemtimems="0.000" stalltimems="521.455" timestamp="2022-02-02T12:33:01.284" activeThreads="4">
  <mem-info id="1473" free="251292816" total="838860800" percent="29">
    <mem type="tenure" free="251292816" total="838860800" percent="29" micro-fragmented="27609498" macro-fragmented="0">
      <mem type="soa" free="242904208" total="830472192" percent="29" />
      <mem type="loa" free="8388608" total="8388608" percent="100" />
    </mem>
    <pending-finalizers system="83" default="1" reference="8" classloader="0" />
  </mem-info>
</gc-end>
<cycle-end id="1474" type="global" contextid="1467" timestamp="2022-02-02T12:33:01.284" />
<allocation-satisfied id="1475" threadId="0000000000016F00" bytesRequested="184" />
<af-end id="1476" timestamp="2022-02-02T12:33:01.284" threadId="0000000000017908" success="true" />
<exclusive-end id="1477" timestamp="2022-02-02T12:33:01.284" durationms="225.935" />

<exclusive-start id="1478" timestamp="2022-02-02T12:33:02.959" intervalms="1901.485">
  <response-info timems="0.023" idlems="0.023" threads="0" lastid="0000000000016F00" lastname="main" />
</exclusive-start>
<af-start id="1479" threadId="0000000000017908" totalBytesRequested="8208" timestamp="2022-02-02T12:33:02.959" intervalms="1901.480" />
<cycle-start id="1480" type="global" contextid="0" timestamp="2022-02-02T12:33:02.959" intervalms="1901.478" />
<gc-start id="1481" type="global" contextid="1480" timestamp="2022-02-02T12:33:02.960">
  <mem-info id="1482" free="8389408" total="838860800" percent="1">
    <mem type="tenure" free="8389408" total="838860800" percent="1">
      <mem type="soa" free="800" total="830472192" percent="0" />
      <mem type="loa" free="8388608" total="8388608" percent="100" />
    </mem>
  </mem-info>
</gc-start>
<allocation-stats totalBytes="242749528" >
  <allocated-bytes non-tlh="589872" tlh="242159656" />
  <largest-consumer threadName="main" threadId="0000000000016F00" bytes="242740104" />
</allocation-stats>
<gc-op id="1483" type="mark" timems="465.832" contextid="1480" timestamp="2022-02-02T12:33:03.425">
  <trace-info objectcount="13411522" scancount="10046513" scanbytes="215154740" />
  <finalization candidates="421" enqueued="26" />
  <ownableSynchronizers candidates="1" cleared="0" />
  <references type="soft" candidates="894" cleared="0" enqueued="0" dynamicThreshold="9" maxThreshold="32" />
  <references type="weak" candidates="1964" cleared="0" enqueued="0" />
  <references type="phantom" candidates="102" cleared="1" enqueued="1" />
  <stringconstants candidates="6478" cleared="0"  />
  <object-monitors candidates="2" cleared="0"  />
</gc-op>
<gc-op id="1484" type="sweep" timems="7.016" contextid="1480" timestamp="2022-02-02T12:33:03.433" />
<mem-info id="1485" free="11615248" total="838860800" percent="1">
  <mem type="tenure" free="11615248" total="838860800" percent="1" micro-fragmented="96928803" macro-fragmented="0">
    <mem type="soa" free="3226640" total="830472192" percent="0" />
    <mem type="loa" free="8388608" total="8388608" percent="100" />
  </mem>
  <pending-finalizers system="26" default="0" reference="1" classloader="0" />
</mem-info>
<gc-op id="1486" type="compact" timems="386.853" contextid="1480" timestamp="2022-02-02T12:33:03.819">
  <compact-info movecount="8785887" movebytes="481375688" reason="low free space (less than 4%)" />
</gc-op>
<gc-end id="1487" type="global" contextid="1480" durationms="859.999" usertimems="2891.671" systemtimems="31.038" stalltimems="494.857" timestamp="2022-02-02T12:33:03.820" activeThreads="4">
  <mem-info id="1488" free="108546040" total="838860800" percent="12">
    <mem type="tenure" free="108546040" total="838860800" percent="12">
      <mem type="soa" free="100157432" total="830472192" percent="12" />
      <mem type="loa" free="8388608" total="8388608" percent="100" />
    </mem>
    <pending-finalizers system="26" default="0" reference="1" classloader="0" />
  </mem-info>
</gc-end>
<cycle-end id="1489" type="global" contextid="1480" timestamp="2022-02-02T12:33:03.820" />
<allocation-satisfied id="1490" threadId="0000000000016F00" bytesRequested="8208" />
<af-end id="1491" timestamp="2022-02-02T12:33:03.820" threadId="0000000000017908" success="true" />
<exclusive-end id="1492" timestamp="2022-02-02T12:33:03.820" durationms="860.326" />

<exclusive-start id="1493" timestamp="2022-02-02T12:33:04.593" intervalms="1633.127">
  <response-info timems="0.025" idlems="0.025" threads="0" lastid="0000000000016F00" lastname="main" />
</exclusive-start>
<af-start id="1494" threadId="0000000000017908" totalBytesRequested="184" timestamp="2022-02-02T12:33:04.593" intervalms="1633.187" />
<cycle-start id="1495" type="global" contextid="0" timestamp="2022-02-02T12:33:04.593" intervalms="1633.204" />
<gc-start id="1496" type="global" contextid="1495" timestamp="2022-02-02T12:33:04.593">
  <mem-info id="1497" free="8388608" total="838860800" percent="1">
    <mem type="tenure" free="8388608" total="838860800" percent="1">
      <mem type="soa" free="0" total="830472192" percent="0" />
      <mem type="loa" free="8388608" total="8388608" percent="100" />
    </mem>
  </mem-info>
</gc-start>
<allocation-stats totalBytes="100118760" >
  <allocated-bytes non-tlh="2402920" tlh="97715840" />
  <largest-consumer threadName="main" threadId="0000000000016F00" bytes="100117952" />
</allocation-stats>
<gc-op id="1498" type="mark" timems="288.657" contextid="1495" timestamp="2022-02-02T12:33:04.881">
  <trace-info objectcount="10292514" scancount="7707150" scanbytes="165245100" />
  <finalization candidates="455" enqueued="84" />
  <ownableSynchronizers candidates="1" cleared="0" />
  <references type="soft" candidates="894" cleared="0" enqueued="0" dynamicThreshold="4" maxThreshold="32" />
  <references type="weak" candidates="1964" cleared="0" enqueued="0" />
  <references type="phantom" candidates="90" cleared="8" enqueued="8" />
  <stringconstants candidates="6478" cleared="0"  />
  <object-monitors candidates="2" cleared="0"  />
</gc-op>
<gc-op id="1499" type="sweep" timems="8.188" contextid="1495" timestamp="2022-02-02T12:33:04.890" />
<gc-end id="1500" type="global" contextid="1495" durationms="297.043" usertimems="588.108" systemtimems="12.537" stalltimems="582.478" timestamp="2022-02-02T12:33:04.890" activeThreads="4">
  <mem-info id="1501" free="251288200" total="838860800" percent="29">
    <mem type="tenure" free="251288200" total="838860800" percent="29" micro-fragmented="27597742" macro-fragmented="0">
      <mem type="soa" free="242899592" total="830472192" percent="29" />
      <mem type="loa" free="8388608" total="8388608" percent="100" />
    </mem>
    <pending-finalizers system="83" default="1" reference="8" classloader="0" />
  </mem-info>
</gc-end>
<cycle-end id="1502" type="global" contextid="1495" timestamp="2022-02-02T12:33:04.890" />
<allocation-satisfied id="1503" threadId="0000000000016F00" bytesRequested="184" />
<af-end id="1504" timestamp="2022-02-02T12:33:04.890" threadId="0000000000017908" success="true" />
<exclusive-end id="1505" timestamp="2022-02-02T12:33:04.890" durationms="297.409" />

<exclusive-start id="1506" timestamp="2022-02-02T12:33:06.582" intervalms="1989.432">
  <response-info timems="0.029" idlems="0.029" threads="0" lastid="0000000000016F00" lastname="main" />
</exclusive-start>
<af-start id="1507" threadId="0000000000017908" totalBytesRequested="24" timestamp="2022-02-02T12:33:06.582" intervalms="1989.391" />
<cycle-start id="1508" type="global" contextid="0" timestamp="2022-02-02T12:33:06.582" intervalms="1989.392" />
<gc-start id="1509" type="global" contextid="1508" timestamp="2022-02-02T12:33:06.582">
  <mem-info id="1510" free="8388608" total="838860800" percent="1">
    <mem type="tenure" free="8388608" total="838860800" percent="1">
      <mem type="soa" free="0" total="830472192" percent="0" />
      <mem type="loa" free="8388608" total="8388608" percent="100" />
    </mem>
  </mem-info>
</gc-start>
<allocation-stats totalBytes="242746120" >
  <allocated-bytes non-tlh="596520" tlh="242149600" />
  <largest-consumer threadName="main" threadId="0000000000016F00" bytes="242727032" />
</allocation-stats>
<gc-op id="1511" type="mark" timems="308.748" contextid="1508" timestamp="2022-02-02T12:33:06.891">
  <trace-info objectcount="13411026" scancount="10046084" scanbytes="215146068" />
  <finalization candidates="421" enqueued="26" />
  <ownableSynchronizers candidates="1" cleared="0" />
  <references type="soft" candidates="894" cleared="0" enqueued="0" dynamicThreshold="9" maxThreshold="32" />
  <references type="weak" candidates="1964" cleared="0" enqueued="0" />
  <references type="phantom" candidates="101" cleared="1" enqueued="1" />
  <stringconstants candidates="6478" cleared="0"  />
  <object-monitors candidates="2" cleared="0"  />
</gc-op>
<gc-op id="1512" type="sweep" timems="6.109" contextid="1508" timestamp="2022-02-02T12:33:06.897" />
<mem-info id="1513" free="11607368" total="838860800" percent="1">
  <mem type="tenure" free="11607368" total="838860800" percent="1" micro-fragmented="96845850" macro-fragmented="7740516">
    <mem type="soa" free="3218760" total="830472192" percent="0" />
    <mem type="loa" free="8388608" total="8388608" percent="100" />
  </mem>
  <pending-finalizers system="26" default="0" reference="1" classloader="0" />
</mem-info>
<gc-op id="1514" type="compact" timems="410.000" contextid="1508" timestamp="2022-02-02T12:33:07.307">
  <compact-info movecount="8785688" movebytes="481413824" reason="low free space (less than 4%)" />
</gc-op>
<gc-end id="1515" type="global" contextid="1508" durationms="725.167" usertimems="2165.845" systemtimems="13.238" stalltimems="697.009" timestamp="2022-02-02T12:33:07.307" activeThreads="4">
  <mem-info id="1516" free="108549256" total="838860800" percent="12">
    <mem type="tenure" free="108549256" total="838860800" percent="12">
      <mem type="soa" free="100160648" total="830472192" percent="12" />
      <mem type="loa" free="8388608" total="8388608" percent="100" />
    </mem>
    <pending-finalizers system="26" default="0" reference="1" classloader="0" />
  </mem-info>
</gc-end>
<cycle-end id="1517" type="global" contextid="1508" timestamp="2022-02-02T12:33:07.307" />
<allocation-satisfied id="1518" threadId="0000000000016F00" bytesRequested="24" />
<af-end id="1519" timestamp="2022-02-02T12:33:07.307" threadId="0000000000017908" success="true" />
<exclusive-end id="1520" timestamp="2022-02-02T12:33:07.307" durationms="725.494" />

<exclusive-start id="1521" timestamp="2022-02-02T12:33:08.079" intervalms="1497.067">
  <response-info timems="0.020" idlems="0.020" threads="0" lastid="0000000000016F00" lastname="main" />
</exclusive-start>
<af-start id="1522" threadId="0000000000017908" totalBytesRequested="184" timestamp="2022-02-02T12:33:08.079" intervalms="1497.053" />
<cycle-start id="1523" type="global" contextid="0" timestamp="2022-02-02T12:33:08.079" intervalms="1497.038" />
<gc-start id="1524" type="global" contextid="1523" timestamp="2022-02-02T12:33:08.079">
  <mem-info id="1525" free="8388608" total="838860800" percent="1">
    <mem type="tenure" free="8388608" total="838860800" percent="1">
      <mem type="soa" free="0" total="830472192" percent="0" />
      <mem type="loa" free="8388608" total="8388608" percent="100" />
    </mem>
  </mem-info>
</gc-start>
<allocation-stats totalBytes="100119280" >
  <allocated-bytes non-tlh="2458320" tlh="97660960" />
  <largest-consumer threadName="main" threadId="0000000000016F00" bytes="100118456" />
</allocation-stats>
<gc-op id="1526" type="mark" timems="238.039" contextid="1523" timestamp="2022-02-02T12:33:08.317">
  <trace-info objectcount="10292228" scancount="7706873" scanbytes="165240316" />
  <finalization candidates="455" enqueued="84" />
  <ownableSynchronizers candidates="1" cleared="0" />
  <references type="soft" candidates="894" cleared="0" enqueued="0" dynamicThreshold="4" maxThreshold="32" />
  <references type="weak" candidates="1964" cleared="0" enqueued="0" />
  <references type="phantom" candidates="90" cleared="8" enqueued="8" />
  <stringconstants candidates="6478" cleared="0"  />
  <object-monitors candidates="2" cleared="0"  />
</gc-op>
<gc-op id="1527" type="sweep" timems="5.986" contextid="1523" timestamp="2022-02-02T12:33:08.323" />
<gc-end id="1528" type="global" contextid="1523" durationms="244.177" usertimems="260.277" systemtimems="7.857" stalltimems="703.279" timestamp="2022-02-02T12:33:08.323" activeThreads="4">
  <mem-info id="1529" free="251287768" total="838860800" percent="29">
    <mem type="tenure" free="251287768" total="838860800" percent="29" micro-fragmented="27388658" macro-fragmented="0">
      <mem type="soa" free="242899160" total="830472192" percent="29" />
      <mem type="loa" free="8388608" total="8388608" percent="100" />
    </mem>
    <pending-finalizers system="83" default="1" reference="8" classloader="0" />
  </mem-info>
</gc-end>
<cycle-end id="1530" type="global" contextid="1523" timestamp="2022-02-02T12:33:08.324" />
<allocation-satisfied id="1531" threadId="0000000000016F00" bytesRequested="184" />
<af-end id="1532" timestamp="2022-02-02T12:33:08.324" threadId="0000000000017908" success="true" />
<exclusive-end id="1533" timestamp="2022-02-02T12:33:08.324" durationms="244.497" />

<exclusive-start id="1534" timestamp="2022-02-02T12:33:10.033" intervalms="1954.131">
  <response-info timems="0.076" idlems="0.076" threads="0" lastid="0000000000016F00" lastname="main" />
</exclusive-start>
<af-start id="1535" threadId="0000000000017908" totalBytesRequested="32" timestamp="2022-02-02T12:33:10.034" intervalms="1954.421" />
<cycle-start id="1536" type="global" contextid="0" timestamp="2022-02-02T12:33:10.034" intervalms="1954.594" />
<gc-start id="1537" type="global" contextid="1536" timestamp="2022-02-02T12:33:10.034">
  <mem-info id="1538" free="8388608" total="838860800" percent="1">
    <mem type="tenure" free="8388608" total="838860800" percent="1">
      <mem type="soa" free="0" total="830472192" percent="0" />
      <mem type="loa" free="8388608" total="8388608" percent="100" />
    </mem>
  </mem-info>
</gc-start>
<allocation-stats totalBytes="242744840" >
  <allocated-bytes non-tlh="499720" tlh="242245120" />
  <largest-consumer threadName="main" threadId="0000000000016F00" bytes="242738640" />
</allocation-stats>
<gc-op id="1539" type="mark" timems="323.144" contextid="1536" timestamp="2022-02-02T12:33:10.357">
  <trace-info objectcount="13410575" scancount="10045734" scanbytes="215138660" />
  <finalization candidates="421" enqueued="26" />
  <ownableSynchronizers candidates="1" cleared="0" />
  <references type="soft" candidates="894" cleared="0" enqueued="0" dynamicThreshold="9" maxThreshold="32" />
  <references type="weak" candidates="1964" cleared="0" enqueued="0" />
  <references type="phantom" candidates="101" cleared="1" enqueued="1" />
  <stringconstants candidates="6478" cleared="0"  />
  <object-monitors candidates="2" cleared="0"  />
</gc-op>
<gc-op id="1540" type="sweep" timems="7.939" contextid="1536" timestamp="2022-02-02T12:33:10.365" />
<mem-info id="1541" free="11593744" total="838860800" percent="1">
  <mem type="tenure" free="11593744" total="838860800" percent="1" micro-fragmented="96666119" macro-fragmented="0">
    <mem type="soa" free="3205136" total="830472192" percent="0" />
    <mem type="loa" free="8388608" total="8388608" percent="100" />
  </mem>
  <pending-finalizers system="26" default="0" reference="1" classloader="0" />
</mem-info>
<gc-op id="1542" type="compact" timems="421.829" contextid="1536" timestamp="2022-02-02T12:33:10.787">
  <compact-info movecount="8785050" movebytes="481390952" reason="low free space (less than 4%)" />
</gc-op>
<gc-end id="1543" type="global" contextid="1536" durationms="753.165" usertimems="2168.455" systemtimems="4.712" stalltimems="750.292" timestamp="2022-02-02T12:33:10.787" activeThreads="4">
  <mem-info id="1544" free="108547920" total="838860800" percent="12">
    <mem type="tenure" free="108547920" total="838860800" percent="12">
      <mem type="soa" free="100159312" total="830472192" percent="12" />
      <mem type="loa" free="8388608" total="8388608" percent="100" />
    </mem>
    <pending-finalizers system="26" default="0" reference="1" classloader="0" />
  </mem-info>
</gc-end>
<cycle-end id="1545" type="global" contextid="1536" timestamp="2022-02-02T12:33:10.787" />
<allocation-satisfied id="1546" threadId="0000000000016F00" bytesRequested="32" />
<af-end id="1547" timestamp="2022-02-02T12:33:10.787" threadId="0000000000017908" success="true" />
<exclusive-end id="1548" timestamp="2022-02-02T12:33:10.787" durationms="754.002" />

<exclusive-start id="1549" timestamp="2022-02-02T12:33:11.558" intervalms="1524.965">
  <response-info timems="0.028" idlems="0.028" threads="0" lastid="0000000000016F00" lastname="main" />
</exclusive-start>
<af-start id="1550" threadId="0000000000017908" totalBytesRequested="184" timestamp="2022-02-02T12:33:11.558" intervalms="1524.676" />
<cycle-start id="1551" type="global" contextid="0" timestamp="2022-02-02T12:33:11.558" intervalms="1524.503" />
<gc-start id="1552" type="global" contextid="1551" timestamp="2022-02-02T12:33:11.558">
  <mem-info id="1553" free="8388608" total="838860800" percent="1">
    <mem type="tenure" free="8388608" total="838860800" percent="1">
      <mem type="soa" free="0" total="830472192" percent="0" />
      <mem type="loa" free="8388608" total="8388608" percent="100" />
    </mem>
  </mem-info>
</gc-start>
<allocation-stats totalBytes="100116880" >
  <allocated-bytes non-tlh="2458320" tlh="97658560" />
  <largest-consumer threadName="main" threadId="0000000000016F00" bytes="100116000" />
</allocation-stats>
<gc-op id="1554" type="mark" timems="270.818" contextid="1551" timestamp="2022-02-02T12:33:11.829">
  <trace-info objectcount="10292046" scancount="7706717" scanbytes="165237196" />
  <finalization candidates="455" enqueued="84" />
  <ownableSynchronizers candidates="1" cleared="0" />
  <references type="soft" candidates="894" cleared="0" enqueued="0" dynamicThreshold="4" maxThreshold="32" />
  <references type="weak" candidates="1964" cleared="0" enqueued="0" />
  <references type="phantom" candidates="90" cleared="8" enqueued="8" />
  <stringconstants candidates="6478" cleared="0"  />
  <object-monitors candidates="2" cleared="0"  />
</gc-op>
<gc-op id="1555" type="sweep" timems="5.186" contextid="1551" timestamp="2022-02-02T12:33:11.834" />
<gc-end id="1556" type="global" contextid="1551" durationms="276.162" usertimems="528.769" systemtimems="7.199" stalltimems="565.001" timestamp="2022-02-02T12:33:11.834" activeThreads="4">
  <mem-info id="1557" free="251301576" total="838860800" percent="29">
    <mem type="tenure" free="251301576" total="838860800" percent="29" micro-fragmented="27631324" macro-fragmented="0">
      <mem type="soa" free="242912968" total="830472192" percent="29" />
      <mem type="loa" free="8388608" total="8388608" percent="100" />
    </mem>
    <pending-finalizers system="83" default="1" reference="8" classloader="0" />
  </mem-info>
</gc-end>
<cycle-end id="1558" type="global" contextid="1551" timestamp="2022-02-02T12:33:11.835" />
<allocation-satisfied id="1559" threadId="0000000000016F00" bytesRequested="184" />
<af-end id="1560" timestamp="2022-02-02T12:33:11.835" threadId="0000000000017908" success="true" />
<exclusive-end id="1561" timestamp="2022-02-02T12:33:11.835" durationms="276.472" />

<exclusive-start id="1562" timestamp="2022-02-02T12:33:13.502" intervalms="1943.477">
  <response-info timems="0.026" idlems="0.026" threads="0" lastid="0000000000016F00" lastname="main" />
</exclusive-start>
<af-start id="1563" threadId="0000000000017908" totalBytesRequested="40" timestamp="2022-02-02T12:33:13.502" intervalms="1943.474" />
<cycle-start id="1564" type="global" contextid="0" timestamp="2022-02-02T12:33:13.502" intervalms="1943.472" />
<gc-start id="1565" type="global" contextid="1564" timestamp="2022-02-02T12:33:13.502">
  <mem-info id="1566" free="8388608" total="838860800" percent="1">
    <mem type="tenure" free="8388608" total="838860800" percent="1">
      <mem type="soa" free="0" total="830472192" percent="0" />
      <mem type="loa" free="8388608" total="8388608" percent="100" />
    </mem>
  </mem-info>
</gc-start>
<allocation-stats totalBytes="242754584" >
  <allocated-bytes non-tlh="596520" tlh="242158064" />
  <largest-consumer threadName="main" threadId="0000000000016F00" bytes="242734984" />
</allocation-stats>
<gc-op id="1567" type="mark" timems="455.603" contextid="1564" timestamp="2022-02-02T12:33:13.957">
  <trace-info objectcount="13409930" scancount="10045310" scanbytes="215128116" />
  <finalization candidates="421" enqueued="26" />
  <ownableSynchronizers candidates="1" cleared="0" />
  <references type="soft" candidates="894" cleared="0" enqueued="0" dynamicThreshold="9" maxThreshold="32" />
  <references type="weak" candidates="1964" cleared="0" enqueued="0" />
  <references type="phantom" candidates="101" cleared="1" enqueued="1" />
  <stringconstants candidates="6478" cleared="0"  />
  <object-monitors candidates="2" cleared="0"  />
</gc-op>
<gc-op id="1568" type="sweep" timems="5.968" contextid="1564" timestamp="2022-02-02T12:33:13.963" />
<mem-info id="1569" free="11609792" total="838860800" percent="1">
  <mem type="tenure" free="11609792" total="838860800" percent="1" micro-fragmented="96799233" macro-fragmented="4479464">
    <mem type="soa" free="3221184" total="830472192" percent="0" />
    <mem type="loa" free="8388608" total="8388608" percent="100" />
  </mem>
  <pending-finalizers system="26" default="0" reference="1" classloader="0" />
</mem-info>
<gc-op id="1570" type="compact" timems="404.563" contextid="1564" timestamp="2022-02-02T12:33:14.368">
  <compact-info movecount="8784602" movebytes="481412880" reason="low free space (less than 4%)" />
</gc-op>
<gc-end id="1571" type="global" contextid="1564" durationms="866.405" usertimems="2866.847" systemtimems="73.405" stalltimems="502.134" timestamp="2022-02-02T12:33:14.368" activeThreads="4">
  <mem-info id="1572" free="108548792" total="838860800" percent="12">
    <mem type="tenure" free="108548792" total="838860800" percent="12">
      <mem type="soa" free="100160184" total="830472192" percent="12" />
      <mem type="loa" free="8388608" total="8388608" percent="100" />
    </mem>
    <pending-finalizers system="26" default="0" reference="1" classloader="0" />
  </mem-info>
</gc-end>
<cycle-end id="1573" type="global" contextid="1564" timestamp="2022-02-02T12:33:14.368" />
<allocation-satisfied id="1574" threadId="0000000000016F00" bytesRequested="40" />
<af-end id="1575" timestamp="2022-02-02T12:33:14.368" threadId="0000000000017908" success="true" />
<exclusive-end id="1576" timestamp="2022-02-02T12:33:14.368" durationms="866.663" />

<exclusive-start id="1577" timestamp="2022-02-02T12:33:15.156" intervalms="1654.366">
  <response-info timems="0.023" idlems="0.023" threads="0" lastid="0000000000016F00" lastname="main" />
</exclusive-start>
<af-start id="1578" threadId="0000000000017908" totalBytesRequested="104" timestamp="2022-02-02T12:33:15.156" intervalms="1654.389" />
<cycle-start id="1579" type="global" contextid="0" timestamp="2022-02-02T12:33:15.156" intervalms="1654.397" />
<gc-start id="1580" type="global" contextid="1579" timestamp="2022-02-02T12:33:15.156">
  <mem-info id="1581" free="8388608" total="838860800" percent="1">
    <mem type="tenure" free="8388608" total="838860800" percent="1">
      <mem type="soa" free="0" total="830472192" percent="0" />
      <mem type="loa" free="8388608" total="8388608" percent="100" />
    </mem>
  </mem-info>
</gc-start>
<allocation-stats totalBytes="100116552" >
  <allocated-bytes non-tlh="2458320" tlh="97658232" />
  <largest-consumer threadName="main" threadId="0000000000016F00" bytes="100115680" />
</allocation-stats>
<gc-op id="1582" type="mark" timems="257.879" contextid="1579" timestamp="2022-02-02T12:33:15.414">
  <trace-info objectcount="10291819" scancount="7706613" scanbytes="165233372" />
  <finalization candidates="455" enqueued="84" />
  <ownableSynchronizers candidates="1" cleared="0" />
  <references type="soft" candidates="894" cleared="0" enqueued="0" dynamicThreshold="4" maxThreshold="32" />
  <references type="weak" candidates="1964" cleared="0" enqueued="0" />
  <references type="phantom" candidates="90" cleared="8" enqueued="8" />
  <stringconstants candidates="6478" cleared="0"  />
  <object-monitors candidates="2" cleared="0"  />
</gc-op>
<gc-op id="1583" type="sweep" timems="4.872" contextid="1579" timestamp="2022-02-02T12:33:15.419" />
<gc-end id="1584" type="global" contextid="1579" durationms="262.911" usertimems="284.989" systemtimems="1.795" stalltimems="762.911" timestamp="2022-02-02T12:33:15.419" activeThreads="4">
  <mem-info id="1585" free="251298080" total="838860800" percent="29">
    <mem type="tenure" free="251298080" total="838860800" percent="29" micro-fragmented="27568366" macro-fragmented="0">
      <mem type="soa" free="242909472" total="830472192" percent="29" />
      <mem type="loa" free="8388608" total="8388608" percent="100" />
    </mem>
    <pending-finalizers system="83" default="1" reference="8" classloader="0" />
  </mem-info>
</gc-end>
<cycle-end id="1586" type="global" contextid="1579" timestamp="2022-02-02T12:33:15.419" />
<allocation-satisfied id="1587" threadId="0000000000016F00" bytesRequested="104" />
<af-end id="1588" timestamp="2022-02-02T12:33:15.419" threadId="0000000000017908" success="true" />
<exclusive-end id="1589" timestamp="2022-02-02T12:33:15.419" durationms="263.274" />

<exclusive-start id="1590" timestamp="2022-02-02T12:33:17.135" intervalms="1979.070">
  <response-info timems="0.022" idlems="0.022" threads="0" lastid="0000000000016F00" lastname="main" />
</exclusive-start>
<af-start id="1591" threadId="0000000000017908" totalBytesRequested="24" timestamp="2022-02-02T12:33:17.135" intervalms="1979.048" />
<cycle-start id="1592" type="global" contextid="0" timestamp="2022-02-02T12:33:17.135" intervalms="1979.055" />
<gc-start id="1593" type="global" contextid="1592" timestamp="2022-02-02T12:33:17.135">
  <mem-info id="1594" free="8388608" total="838860800" percent="1">
    <mem type="tenure" free="8388608" total="838860800" percent="1">
      <mem type="soa" free="0" total="830472192" percent="0" />
      <mem type="loa" free="8388608" total="8388608" percent="100" />
    </mem>
  </mem-info>
</gc-start>
<allocation-stats totalBytes="242750280" >
  <allocated-bytes non-tlh="499720" tlh="242250560" />
  <largest-consumer threadName="main" threadId="0000000000016F00" bytes="242738680" />
</allocation-stats>
<gc-op id="1595" type="mark" timems="322.662" contextid="1592" timestamp="2022-02-02T12:33:17.458">
  <trace-info objectcount="13409385" scancount="10044905" scanbytes="215119196" />
  <finalization candidates="421" enqueued="26" />
  <ownableSynchronizers candidates="1" cleared="0" />
  <references type="soft" candidates="894" cleared="0" enqueued="0" dynamicThreshold="9" maxThreshold="32" />
  <references type="weak" candidates="1964" cleared="0" enqueued="0" />
  <references type="phantom" candidates="101" cleared="1" enqueued="1" />
  <stringconstants candidates="6478" cleared="0"  />
  <object-monitors candidates="2" cleared="0"  />
</gc-op>
<gc-op id="1596" type="sweep" timems="6.507" contextid="1592" timestamp="2022-02-02T12:33:17.464" />
<mem-info id="1597" free="11602472" total="838860800" percent="1">
  <mem type="tenure" free="11602472" total="838860800" percent="1" micro-fragmented="96897356" macro-fragmented="0">
    <mem type="soa" free="3213864" total="830472192" percent="0" />
    <mem type="loa" free="8388608" total="8388608" percent="100" />
  </mem>
  <pending-finalizers system="26" default="0" reference="1" classloader="0" />
</mem-info>
<gc-op id="1598" type="compact" timems="464.716" contextid="1592" timestamp="2022-02-02T12:33:17.929">
  <compact-info movecount="8783687" movebytes="481341496" reason="low free space (less than 4%)" />
</gc-op>
<gc-end id="1599" type="global" contextid="1592" durationms="794.369" usertimems="2425.724" systemtimems="5.156" stalltimems="727.457" timestamp="2022-02-02T12:33:17.930" activeThreads="4">
  <mem-info id="1600" free="108550016" total="838860800" percent="12">
    <mem type="tenure" free="108550016" total="838860800" percent="12">
      <mem type="soa" free="100161408" total="830472192" percent="12" />
      <mem type="loa" free="8388608" total="8388608" percent="100" />
    </mem>
    <pending-finalizers system="26" default="0" reference="1" classloader="0" />
  </mem-info>
</gc-end>
<cycle-end id="1601" type="global" contextid="1592" timestamp="2022-02-02T12:33:17.930" />
<allocation-satisfied id="1602" threadId="0000000000016F00" bytesRequested="24" />
<af-end id="1603" timestamp="2022-02-02T12:33:17.930" threadId="0000000000017908" success="true" />
<exclusive-end id="1604" timestamp="2022-02-02T12:33:17.930" durationms="794.771" />

<exclusive-start id="1605" timestamp="2022-02-02T12:33:18.742" intervalms="1607.400">
  <response-info timems="0.024" idlems="0.024" threads="0" lastid="0000000000016F00" lastname="main" />
</exclusive-start>
<af-start id="1606" threadId="0000000000017908" totalBytesRequested="184" timestamp="2022-02-02T12:33:18.743" intervalms="1607.404" />
<cycle-start id="1607" type="global" contextid="0" timestamp="2022-02-02T12:33:18.743" intervalms="1607.391" />
<gc-start id="1608" type="global" contextid="1607" timestamp="2022-02-02T12:33:18.743">
  <mem-info id="1609" free="8388608" total="838860800" percent="1">
    <mem type="tenure" free="8388608" total="838860800" percent="1">
      <mem type="soa" free="0" total="830472192" percent="0" />
      <mem type="loa" free="8388608" total="8388608" percent="100" />
    </mem>
  </mem-info>
</gc-start>
<allocation-stats totalBytes="100116744" >
  <allocated-bytes non-tlh="2387744" tlh="97729000" />
  <largest-consumer threadName="main" threadId="0000000000016F00" bytes="100115672" />
</allocation-stats>
<gc-op id="1610" type="mark" timems="301.591" contextid="1607" timestamp="2022-02-02T12:33:19.044">
  <trace-info objectcount="10291634" scancount="7706503" scanbytes="165230188" />
  <finalization candidates="455" enqueued="84" />
  <ownableSynchronizers candidates="1" cleared="0" />
  <references type="soft" candidates="894" cleared="0" enqueued="0" dynamicThreshold="4" maxThreshold="32" />
  <references type="weak" candidates="1964" cleared="0" enqueued="0" />
  <references type="phantom" candidates="90" cleared="8" enqueued="8" />
  <stringconstants candidates="6478" cleared="0"  />
  <object-monitors candidates="2" cleared="0"  />
</gc-op>
<gc-op id="1611" type="sweep" timems="5.590" contextid="1607" timestamp="2022-02-02T12:33:19.050" />
<gc-end id="1612" type="global" contextid="1607" durationms="307.354" usertimems="592.721" systemtimems="3.596" stalltimems="630.063" timestamp="2022-02-02T12:33:19.050" activeThreads="4">
  <mem-info id="1613" free="251297368" total="838860800" percent="29">
    <mem type="tenure" free="251297368" total="838860800" percent="29" micro-fragmented="27729438" macro-fragmented="0">
      <mem type="soa" free="242908760" total="830472192" percent="29" />
      <mem type="loa" free="8388608" total="8388608" percent="100" />
    </mem>
    <pending-finalizers system="83" default="1" reference="8" classloader="0" />
  </mem-info>
</gc-end>
<cycle-end id="1614" type="global" contextid="1607" timestamp="2022-02-02T12:33:19.050" />
<allocation-satisfied id="1615" threadId="0000000000016F00" bytesRequested="184" />
<af-end id="1616" timestamp="2022-02-02T12:33:19.050" threadId="0000000000017908" success="true" />
<exclusive-end id="1617" timestamp="2022-02-02T12:33:19.050" durationms="307.652" />

<exclusive-start id="1618" timestamp="2022-02-02T12:33:20.777" intervalms="2034.403">
  <response-info timems="0.021" idlems="0.021" threads="0" lastid="0000000000016F00" lastname="main" />
</exclusive-start>
<af-start id="1619" threadId="0000000000017908" totalBytesRequested="24" timestamp="2022-02-02T12:33:20.777" intervalms="2034.398" />
<cycle-start id="1620" type="global" contextid="0" timestamp="2022-02-02T12:33:20.777" intervalms="2034.406" />
<gc-start id="1621" type="global" contextid="1620" timestamp="2022-02-02T12:33:20.777">
  <mem-info id="1622" free="8388608" total="838860800" percent="1">
    <mem type="tenure" free="8388608" total="838860800" percent="1">
      <mem type="soa" free="0" total="830472192" percent="0" />
      <mem type="loa" free="8388608" total="8388608" percent="100" />
    </mem>
  </mem-info>
</gc-start>
<allocation-stats totalBytes="242752280" >
  <allocated-bytes non-tlh="580104" tlh="242172176" />
  <largest-consumer threadName="main" threadId="0000000000016F00" bytes="242741736" />
</allocation-stats>
<gc-op id="1623" type="mark" timems="307.813" contextid="1620" timestamp="2022-02-02T12:33:21.085">
  <trace-info objectcount="13408917" scancount="10044474" scanbytes="215111508" />
  <finalization candidates="421" enqueued="26" />
  <ownableSynchronizers candidates="1" cleared="0" />
  <references type="soft" candidates="894" cleared="0" enqueued="0" dynamicThreshold="9" maxThreshold="32" />
  <references type="weak" candidates="1964" cleared="0" enqueued="0" />
  <references type="phantom" candidates="101" cleared="1" enqueued="1" />
  <stringconstants candidates="6478" cleared="0"  />
  <object-monitors candidates="2" cleared="0"  />
</gc-op>
<gc-op id="1624" type="sweep" timems="6.581" contextid="1620" timestamp="2022-02-02T12:33:21.091" />
<mem-info id="1625" free="11600872" total="838860800" percent="1">
  <mem type="tenure" free="11600872" total="838860800" percent="1" micro-fragmented="97375857" macro-fragmented="0">
    <mem type="soa" free="3212264" total="830472192" percent="0" />
    <mem type="loa" free="8388608" total="8388608" percent="100" />
  </mem>
  <pending-finalizers system="26" default="0" reference="1" classloader="0" />
</mem-info>
<gc-op id="1626" type="compact" timems="444.144" contextid="1620" timestamp="2022-02-02T12:33:21.536">
  <compact-info movecount="8783587" movebytes="481413712" reason="low free space (less than 4%)" />
</gc-op>
<gc-end id="1627" type="global" contextid="1620" durationms="758.826" usertimems="2139.168" systemtimems="0.000" stalltimems="881.304" timestamp="2022-02-02T12:33:21.536" activeThreads="4">
  <mem-info id="1628" free="108549168" total="838860800" percent="12">
    <mem type="tenure" free="108549168" total="838860800" percent="12">
      <mem type="soa" free="100160560" total="830472192" percent="12" />
      <mem type="loa" free="8388608" total="8388608" percent="100" />
    </mem>
    <pending-finalizers system="26" default="0" reference="1" classloader="0" />
  </mem-info>
</gc-end>
<cycle-end id="1629" type="global" contextid="1620" timestamp="2022-02-02T12:33:21.536" />
<allocation-satisfied id="1630" threadId="0000000000016F00" bytesRequested="24" />
<af-end id="1631" timestamp="2022-02-02T12:33:21.536" threadId="0000000000017908" success="true" />
<exclusive-end id="1632" timestamp="2022-02-02T12:33:21.536" durationms="759.104" />

<exclusive-start id="1633" timestamp="2022-02-02T12:33:22.316" intervalms="1539.471">
  <response-info timems="0.028" idlems="0.028" threads="0" lastid="0000000000016F00" lastname="main" />
</exclusive-start>
<af-start id="1634" threadId="0000000000017908" totalBytesRequested="200" timestamp="2022-02-02T12:33:22.316" intervalms="1539.491" />
<cycle-start id="1635" type="global" contextid="0" timestamp="2022-02-02T12:33:22.316" intervalms="1539.490" />
<gc-start id="1636" type="global" contextid="1635" timestamp="2022-02-02T12:33:22.316">
  <mem-info id="1637" free="8388608" total="838860800" percent="1">
    <mem type="tenure" free="8388608" total="838860800" percent="1">
      <mem type="soa" free="0" total="830472192" percent="0" />
      <mem type="loa" free="8388608" total="8388608" percent="100" />
    </mem>
  </mem-info>
</gc-start>
<allocation-stats totalBytes="100115736" >
  <allocated-bytes non-tlh="2458320" tlh="97657416" />
  <largest-consumer threadName="main" threadId="0000000000016F00" bytes="100114912" />
</allocation-stats>
<gc-op id="1638" type="mark" timems="313.175" contextid="1635" timestamp="2022-02-02T12:33:22.630">
  <trace-info objectcount="10291476" scancount="7706335" scanbytes="165227452" />
  <finalization candidates="455" enqueued="84" />
  <ownableSynchronizers candidates="1" cleared="0" />
  <references type="soft" candidates="894" cleared="0" enqueued="0" dynamicThreshold="4" maxThreshold="32" />
  <references type="weak" candidates="1964" cleared="0" enqueued="0" />
  <references type="phantom" candidates="90" cleared="8" enqueued="8" />
  <stringconstants candidates="6478" cleared="0"  />
  <object-monitors candidates="2" cleared="0"  />
</gc-op>
<gc-op id="1639" type="sweep" timems="6.410" contextid="1635" timestamp="2022-02-02T12:33:22.636" />
<gc-end id="1640" type="global" contextid="1635" durationms="319.771" usertimems="714.199" systemtimems="16.246" stalltimems="538.290" timestamp="2022-02-02T12:33:22.636" activeThreads="4">
  <mem-info id="1641" free="251303904" total="838860800" percent="29">
    <mem type="tenure" free="251303904" total="838860800" percent="29" micro-fragmented="27748584" macro-fragmented="0">
      <mem type="soa" free="242915296" total="830472192" percent="29" />
      <mem type="loa" free="8388608" total="8388608" percent="100" />
    </mem>
    <pending-finalizers system="83" default="1" reference="8" classloader="0" />
  </mem-info>
</gc-end>
<cycle-end id="1642" type="global" contextid="1635" timestamp="2022-02-02T12:33:22.636" />
<allocation-satisfied id="1643" threadId="0000000000016F00" bytesRequested="200" />
<af-end id="1644" timestamp="2022-02-02T12:33:22.636" threadId="0000000000017908" success="true" />
<exclusive-end id="1645" timestamp="2022-02-02T12:33:22.636" durationms="320.098" />

<exclusive-start id="1646" timestamp="2022-02-02T12:33:24.312" intervalms="1996.045">
  <response-info timems="0.021" idlems="0.021" threads="0" lastid="0000000000016F00" lastname="main" />
</exclusive-start>
<af-start id="1647" threadId="0000000000017908" totalBytesRequested="32" timestamp="2022-02-02T12:33:24.312" intervalms="1996.022" />
<cycle-start id="1648" type="global" contextid="0" timestamp="2022-02-02T12:33:24.312" intervalms="1996.014" />
<gc-start id="1649" type="global" contextid="1648" timestamp="2022-02-02T12:33:24.312">
  <mem-info id="1650" free="8388608" total="838860800" percent="1">
    <mem type="tenure" free="8388608" total="838860800" percent="1">
      <mem type="soa" free="0" total="830472192" percent="0" />
      <mem type="loa" free="8388608" total="8388608" percent="100" />
    </mem>
  </mem-info>
</gc-start>
<allocation-stats totalBytes="242762696" >
  <allocated-bytes non-tlh="580104" tlh="242182592" />
  <largest-consumer threadName="main" threadId="0000000000016F00" bytes="242751096" />
</allocation-stats>
<gc-op id="1651" type="mark" timems="316.494" contextid="1648" timestamp="2022-02-02T12:33:24.629">
  <trace-info objectcount="13408723" scancount="10044337" scanbytes="215108196" />
  <finalization candidates="421" enqueued="26" />
  <ownableSynchronizers candidates="1" cleared="0" />
  <references type="soft" candidates="894" cleared="0" enqueued="0" dynamicThreshold="9" maxThreshold="32" />
  <references type="weak" candidates="1964" cleared="0" enqueued="0" />
  <references type="phantom" candidates="101" cleared="1" enqueued="1" />
  <stringconstants candidates="6478" cleared="0"  />
  <object-monitors candidates="2" cleared="0"  />
</gc-op>
<gc-op id="1652" type="sweep" timems="6.380" contextid="1648" timestamp="2022-02-02T12:33:24.635" />
<mem-info id="1653" free="11598984" total="838860800" percent="1">
  <mem type="tenure" free="11598984" total="838860800" percent="1" micro-fragmented="97379616" macro-fragmented="7740516">
    <mem type="soa" free="3210376" total="830472192" percent="0" />
    <mem type="loa" free="8388608" total="8388608" percent="100" />
  </mem>
  <pending-finalizers system="26" default="0" reference="1" classloader="0" />
</mem-info>
<gc-op id="1654" type="compact" timems="403.812" contextid="1648" timestamp="2022-02-02T12:33:25.039">
  <compact-info movecount="8783091" movebytes="481355208" reason="low free space (less than 4%)" />
</gc-op>
<gc-end id="1655" type="global" contextid="1648" durationms="726.984" usertimems="2156.658" systemtimems="26.256" stalltimems="698.705" timestamp="2022-02-02T12:33:25.039" activeThreads="4">
  <mem-info id="1656" free="108538328" total="838860800" percent="12">
    <mem type="tenure" free="108538328" total="838860800" percent="12">
      <mem type="soa" free="100149720" total="830472192" percent="12" />
      <mem type="loa" free="8388608" total="8388608" percent="100" />
    </mem>
    <pending-finalizers system="26" default="0" reference="1" classloader="0" />
  </mem-info>
</gc-end>
<cycle-end id="1657" type="global" contextid="1648" timestamp="2022-02-02T12:33:25.040" />
<allocation-satisfied id="1658" threadId="0000000000016F00" bytesRequested="32" />
<af-end id="1659" timestamp="2022-02-02T12:33:25.040" threadId="0000000000017908" success="true" />
<exclusive-end id="1660" timestamp="2022-02-02T12:33:25.040" durationms="727.253" />

<exclusive-start id="1661" timestamp="2022-02-02T12:33:25.809" intervalms="1496.474">
  <response-info timems="0.027" idlems="0.027" threads="0" lastid="0000000000016F00" lastname="main" />
</exclusive-start>
<af-start id="1662" threadId="0000000000017908" totalBytesRequested="184" timestamp="2022-02-02T12:33:25.809" intervalms="1496.478" />
<cycle-start id="1663" type="global" contextid="0" timestamp="2022-02-02T12:33:25.809" intervalms="1496.479" />
<gc-start id="1664" type="global" contextid="1663" timestamp="2022-02-02T12:33:25.809">
  <mem-info id="1665" free="8388608" total="838860800" percent="1">
    <mem type="tenure" free="8388608" total="838860800" percent="1">
      <mem type="soa" free="0" total="830472192" percent="0" />
      <mem type="loa" free="8388608" total="8388608" percent="100" />
    </mem>
  </mem-info>
</gc-start>
<allocation-stats totalBytes="100103568" >
  <allocated-bytes non-tlh="2458320" tlh="97645248" />
  <largest-consumer threadName="main" threadId="0000000000016F00" bytes="100102688" />
</allocation-stats>
<gc-op id="1666" type="mark" timems="300.654" contextid="1663" timestamp="2022-02-02T12:33:26.110">
  <trace-info objectcount="10291294" scancount="7706207" scanbytes="165224332" />
  <finalization candidates="455" enqueued="84" />
  <ownableSynchronizers candidates="1" cleared="0" />
  <references type="soft" candidates="894" cleared="0" enqueued="0" dynamicThreshold="4" maxThreshold="32" />
  <references type="weak" candidates="1964" cleared="0" enqueued="0" />
  <references type="phantom" candidates="90" cleared="8" enqueued="8" />
  <stringconstants candidates="6478" cleared="0"  />
  <object-monitors candidates="2" cleared="0"  />
</gc-op>
<gc-op id="1667" type="sweep" timems="4.381" contextid="1663" timestamp="2022-02-02T12:33:26.114" />
<gc-end id="1668" type="global" contextid="1663" durationms="305.183" usertimems="680.841" systemtimems="15.629" stalltimems="522.129" timestamp="2022-02-02T12:33:26.114" activeThreads="4">
  <mem-info id="1669" free="251301648" total="838860800" percent="29">
    <mem type="tenure" free="251301648" total="838860800" percent="29" micro-fragmented="27731536" macro-fragmented="0">
      <mem type="soa" free="242913040" total="830472192" percent="29" />
      <mem type="loa" free="8388608" total="8388608" percent="100" />
    </mem>
    <pending-finalizers system="83" default="1" reference="8" classloader="0" />
  </mem-info>
</gc-end>
<cycle-end id="1670" type="global" contextid="1663" timestamp="2022-02-02T12:33:26.114" />
<allocation-satisfied id="1671" threadId="0000000000016F00" bytesRequested="184" />
<af-end id="1672" timestamp="2022-02-02T12:33:26.114" threadId="0000000000017908" success="true" />
<exclusive-end id="1673" timestamp="2022-02-02T12:33:26.114" durationms="305.494" />

<exclusive-start id="1674" timestamp="2022-02-02T12:33:27.799" intervalms="1990.035">
  <response-info timems="0.018" idlems="0.018" threads="0" lastid="0000000000016F00" lastname="main" />
</exclusive-start>
<af-start id="1675" threadId="0000000000017908" totalBytesRequested="8208" timestamp="2022-02-02T12:33:27.799" intervalms="1990.369" />
<cycle-start id="1676" type="global" contextid="0" timestamp="2022-02-02T12:33:27.799" intervalms="1990.541" />
<gc-start id="1677" type="global" contextid="1676" timestamp="2022-02-02T12:33:27.800">
  <mem-info id="1678" free="8397384" total="838860800" percent="1">
    <mem type="tenure" free="8397384" total="838860800" percent="1">
      <mem type="soa" free="8776" total="830472192" percent="0" />
      <mem type="loa" free="8388608" total="8388608" percent="100" />
    </mem>
  </mem-info>
</gc-start>
<allocation-stats totalBytes="242740592" >
  <allocated-bytes non-tlh="571896" tlh="242168696" />
  <largest-consumer threadName="main" threadId="0000000000016F00" bytes="242731064" />
</allocation-stats>
<gc-op id="1679" type="mark" timems="316.331" contextid="1676" timestamp="2022-02-02T12:33:28.116">
  <trace-info objectcount="13407975" scancount="10043785" scanbytes="215096004" />
  <finalization candidates="420" enqueued="26" />
  <ownableSynchronizers candidates="1" cleared="0" />
  <references type="soft" candidates="894" cleared="0" enqueued="0" dynamicThreshold="9" maxThreshold="32" />
  <references type="weak" candidates="1964" cleared="0" enqueued="0" />
  <references type="phantom" candidates="101" cleared="1" enqueued="1" />
  <stringconstants candidates="6478" cleared="0"  />
  <object-monitors candidates="2" cleared="0"  />
</gc-op>
<gc-op id="1680" type="sweep" timems="6.180" contextid="1676" timestamp="2022-02-02T12:33:28.122" />
<mem-info id="1681" free="11613344" total="838860800" percent="1">
  <mem type="tenure" free="11613344" total="838860800" percent="1" micro-fragmented="96724455" macro-fragmented="0">
    <mem type="soa" free="3224736" total="830472192" percent="0" />
    <mem type="loa" free="8388608" total="8388608" percent="100" />
  </mem>
  <pending-finalizers system="26" default="0" reference="1" classloader="0" />
</mem-info>
<gc-op id="1682" type="compact" timems="396.313" contextid="1676" timestamp="2022-02-02T12:33:28.518">
  <compact-info movecount="8782653" movebytes="481401592" reason="low free space (less than 4%)" />
</gc-op>
<gc-end id="1683" type="global" contextid="1676" durationms="719.118" usertimems="2156.232" systemtimems="0.574" stalltimems="701.784" timestamp="2022-02-02T12:33:28.519" activeThreads="4">
  <mem-info id="1684" free="108552312" total="838860800" percent="12">
    <mem type="tenure" free="108552312" total="838860800" percent="12">
      <mem type="soa" free="100163704" total="830472192" percent="12" />
      <mem type="loa" free="8388608" total="8388608" percent="100" />
    </mem>
    <pending-finalizers system="26" default="0" reference="1" classloader="0" />
  </mem-info>
</gc-end>
<cycle-end id="1685" type="global" contextid="1676" timestamp="2022-02-02T12:33:28.519" />
<allocation-satisfied id="1686" threadId="0000000000016F00" bytesRequested="8208" />
<af-end id="1687" timestamp="2022-02-02T12:33:28.519" threadId="0000000000017908" success="true" />
<exclusive-end id="1688" timestamp="2022-02-02T12:33:28.519" durationms="719.937" />

<exclusive-start id="1689" timestamp="2022-02-02T12:33:29.328" intervalms="1528.687">
  <response-info timems="0.023" idlems="0.023" threads="0" lastid="0000000000016F00" lastname="main" />
</exclusive-start>
<af-start id="1690" threadId="0000000000017908" totalBytesRequested="112" timestamp="2022-02-02T12:33:29.328" intervalms="1528.352" />
<cycle-start id="1691" type="global" contextid="0" timestamp="2022-02-02T12:33:29.328" intervalms="1528.180" />
<gc-start id="1692" type="global" contextid="1691" timestamp="2022-02-02T12:33:29.328">
  <mem-info id="1693" free="8388608" total="838860800" percent="1">
    <mem type="tenure" free="8388608" total="838860800" percent="1">
      <mem type="soa" free="0" total="830472192" percent="0" />
      <mem type="loa" free="8388608" total="8388608" percent="100" />
    </mem>
  </mem-info>
</gc-start>
<allocation-stats totalBytes="100124520" >
  <allocated-bytes non-tlh="2402920" tlh="97721600" />
  <largest-consumer threadName="main" threadId="0000000000016F00" bytes="100123656" />
</allocation-stats>
<gc-op id="1694" type="mark" timems="326.254" contextid="1691" timestamp="2022-02-02T12:33:29.654">
  <trace-info objectcount="10291115" scancount="7706051" scanbytes="165221276" />
  <finalization candidates="455" enqueued="84" />
  <ownableSynchronizers candidates="1" cleared="0" />
  <references type="soft" candidates="894" cleared="0" enqueued="0" dynamicThreshold="4" maxThreshold="32" />
  <references type="weak" candidates="1964" cleared="0" enqueued="0" />
  <references type="phantom" candidates="90" cleared="8" enqueued="8" />
  <stringconstants candidates="6478" cleared="0"  />
  <object-monitors candidates="2" cleared="0"  />
</gc-op>
<gc-op id="1695" type="sweep" timems="4.968" contextid="1691" timestamp="2022-02-02T12:33:29.659" />
<gc-end id="1696" type="global" contextid="1691" durationms="331.411" usertimems="725.402" systemtimems="16.620" stalltimems="568.934" timestamp="2022-02-02T12:33:29.659" activeThreads="4">
  <mem-info id="1697" free="251293360" total="838860800" percent="29">
    <mem type="tenure" free="251293360" total="838860800" percent="29" micro-fragmented="27615691" macro-fragmented="0">
      <mem type="soa" free="242904752" total="830472192" percent="29" />
      <mem type="loa" free="8388608" total="8388608" percent="100" />
    </mem>
    <pending-finalizers system="83" default="1" reference="8" classloader="0" />
  </mem-info>
</gc-end>
<cycle-end id="1698" type="global" contextid="1691" timestamp="2022-02-02T12:33:29.659" />
<allocation-satisfied id="1699" threadId="0000000000016F00" bytesRequested="112" />
<af-end id="1700" timestamp="2022-02-02T12:33:29.659" threadId="0000000000017908" success="true" />
<exclusive-end id="1701" timestamp="2022-02-02T12:33:29.659" durationms="331.738" />

<exclusive-start id="1702" timestamp="2022-02-02T12:33:31.373" intervalms="2045.072">
  <response-info timems="0.026" idlems="0.026" threads="0" lastid="0000000000016F00" lastname="main" />
</exclusive-start>
<af-start id="1703" threadId="0000000000017908" totalBytesRequested="32" timestamp="2022-02-02T12:33:31.373" intervalms="2045.074" />
<cycle-start id="1704" type="global" contextid="0" timestamp="2022-02-02T12:33:31.373" intervalms="2045.072" />
<gc-start id="1705" type="global" contextid="1704" timestamp="2022-02-02T12:33:31.373">
  <mem-info id="1706" free="8388608" total="838860800" percent="1">
    <mem type="tenure" free="8388608" total="838860800" percent="1">
      <mem type="soa" free="0" total="830472192" percent="0" />
      <mem type="loa" free="8388608" total="8388608" percent="100" />
    </mem>
  </mem-info>
</gc-start>
<allocation-stats totalBytes="242747160" >
  <allocated-bytes non-tlh="565248" tlh="242181912" />
  <largest-consumer threadName="main" threadId="0000000000016F00" bytes="242729768" />
</allocation-stats>
<gc-op id="1707" type="mark" timems="314.552" contextid="1704" timestamp="2022-02-02T12:33:31.687">
  <trace-info objectcount="13407742" scancount="10043580" scanbytes="215091556" />
  <finalization candidates="420" enqueued="26" />
  <ownableSynchronizers candidates="1" cleared="0" />
  <references type="soft" candidates="894" cleared="0" enqueued="0" dynamicThreshold="9" maxThreshold="32" />
  <references type="weak" candidates="1964" cleared="0" enqueued="0" />
  <references type="phantom" candidates="100" cleared="1" enqueued="1" />
  <stringconstants candidates="6478" cleared="0"  />
  <object-monitors candidates="2" cleared="0"  />
</gc-op>
<gc-op id="1708" type="sweep" timems="7.890" contextid="1704" timestamp="2022-02-02T12:33:31.695" />
<mem-info id="1709" free="11580368" total="838860800" percent="1">
  <mem type="tenure" free="11580368" total="838860800" percent="1" micro-fragmented="96886537" macro-fragmented="56347">
    <mem type="soa" free="3191760" total="830472192" percent="0" />
    <mem type="loa" free="8388608" total="8388608" percent="100" />
  </mem>
  <pending-finalizers system="26" default="0" reference="1" classloader="0" />
</mem-info>
<gc-op id="1710" type="compact" timems="397.966" contextid="1704" timestamp="2022-02-02T12:33:32.093">
  <compact-info movecount="8781486" movebytes="481339768" reason="low free space (less than 4%)" />
</gc-op>
<gc-end id="1711" type="global" contextid="1704" durationms="720.715" usertimems="1894.340" systemtimems="0.072" stalltimems="929.330" timestamp="2022-02-02T12:33:32.093" activeThreads="4">
  <mem-info id="1712" free="108536392" total="838860800" percent="12">
    <mem type="tenure" free="108536392" total="838860800" percent="12">
      <mem type="soa" free="100147784" total="830472192" percent="12" />
      <mem type="loa" free="8388608" total="8388608" percent="100" />
    </mem>
    <pending-finalizers system="26" default="0" reference="1" classloader="0" />
  </mem-info>
</gc-end>
<cycle-end id="1713" type="global" contextid="1704" timestamp="2022-02-02T12:33:32.094" />
<allocation-satisfied id="1714" threadId="0000000000016F00" bytesRequested="32" />
<af-end id="1715" timestamp="2022-02-02T12:33:32.094" threadId="0000000000017908" success="true" />
<exclusive-end id="1716" timestamp="2022-02-02T12:33:32.094" durationms="720.967" />

<exclusive-start id="1717" timestamp="2022-02-02T12:33:32.872" intervalms="1498.900">
  <response-info timems="0.027" idlems="0.027" threads="0" lastid="0000000000016F00" lastname="main" />
</exclusive-start>
<af-start id="1718" threadId="0000000000017908" totalBytesRequested="56" timestamp="2022-02-02T12:33:32.872" intervalms="1499.277" />
<cycle-start id="1719" type="global" contextid="0" timestamp="2022-02-02T12:33:32.872" intervalms="1499.423" />
<gc-start id="1720" type="global" contextid="1719" timestamp="2022-02-02T12:33:32.872">
  <mem-info id="1721" free="8388608" total="838860800" percent="1">
    <mem type="tenure" free="8388608" total="838860800" percent="1">
      <mem type="soa" free="0" total="830472192" percent="0" />
      <mem type="loa" free="8388608" total="8388608" percent="100" />
    </mem>
  </mem-info>
</gc-start>
<allocation-stats totalBytes="100101472" >
  <allocated-bytes non-tlh="2290720" tlh="97810752" />
  <largest-consumer threadName="main" threadId="0000000000016F00" bytes="100100640" />
</allocation-stats>
<gc-op id="1722" type="mark" timems="289.691" contextid="1719" timestamp="2022-02-02T12:33:33.162">
  <trace-info objectcount="10290577" scancount="7705693" scanbytes="165212460" />
  <finalization candidates="455" enqueued="84" />
  <ownableSynchronizers candidates="1" cleared="0" />
  <references type="soft" candidates="894" cleared="0" enqueued="0" dynamicThreshold="4" maxThreshold="32" />
  <references type="weak" candidates="1964" cleared="0" enqueued="0" />
  <references type="phantom" candidates="90" cleared="8" enqueued="8" />
  <stringconstants candidates="6478" cleared="0"  />
  <object-monitors candidates="2" cleared="0"  />
</gc-op>
<gc-op id="1723" type="sweep" timems="4.719" contextid="1719" timestamp="2022-02-02T12:33:33.167" />
<gc-end id="1724" type="global" contextid="1719" durationms="294.559" usertimems="547.275" systemtimems="4.430" stalltimems="615.160" timestamp="2022-02-02T12:33:33.167" activeThreads="4">
  <mem-info id="1725" free="251325328" total="838860800" percent="29">
    <mem type="tenure" free="251325328" total="838860800" percent="29" micro-fragmented="27369884" macro-fragmented="1500163">
      <mem type="soa" free="242936720" total="830472192" percent="29" />
      <mem type="loa" free="8388608" total="8388608" percent="100" />
    </mem>
    <pending-finalizers system="83" default="1" reference="8" classloader="0" />
  </mem-info>
</gc-end>
<cycle-end id="1726" type="global" contextid="1719" timestamp="2022-02-02T12:33:33.167" />
<allocation-satisfied id="1727" threadId="0000000000016F00" bytesRequested="56" />
<af-end id="1728" timestamp="2022-02-02T12:33:33.167" threadId="0000000000017908" success="true" />
<exclusive-end id="1729" timestamp="2022-02-02T12:33:33.167" durationms="295.465" />

<exclusive-start id="1730" timestamp="2022-02-02T12:33:34.835" intervalms="1963.034">
  <response-info timems="0.052" idlems="0.052" threads="0" lastid="0000000000016F00" lastname="main" />
</exclusive-start>
<af-start id="1731" threadId="0000000000017908" totalBytesRequested="24" timestamp="2022-02-02T12:33:34.835" intervalms="1962.672" />
<cycle-start id="1732" type="global" contextid="0" timestamp="2022-02-02T12:33:34.835" intervalms="1962.534" />
<gc-start id="1733" type="global" contextid="1732" timestamp="2022-02-02T12:33:34.835">
  <mem-info id="1734" free="8388608" total="838860800" percent="1">
    <mem type="tenure" free="8388608" total="838860800" percent="1">
      <mem type="soa" free="0" total="830472192" percent="0" />
      <mem type="loa" free="8388608" total="8388608" percent="100" />
    </mem>
  </mem-info>
</gc-start>
<allocation-stats totalBytes="242782720" >
  <allocated-bytes non-tlh="573456" tlh="242209264" />
  <largest-consumer threadName="main" threadId="0000000000016F00" bytes="242762856" />
</allocation-stats>
<gc-op id="1735" type="mark" timems="305.471" contextid="1732" timestamp="2022-02-02T12:33:35.140">
  <trace-info objectcount="13407470" scancount="10043372" scanbytes="215086988" />
  <finalization candidates="420" enqueued="26" />
  <ownableSynchronizers candidates="1" cleared="0" />
  <references type="soft" candidates="894" cleared="0" enqueued="0" dynamicThreshold="9" maxThreshold="32" />
  <references type="weak" candidates="1964" cleared="0" enqueued="0" />
  <references type="phantom" candidates="100" cleared="1" enqueued="1" />
  <stringconstants candidates="6478" cleared="0"  />
  <object-monitors candidates="2" cleared="0"  />
</gc-op>
<gc-op id="1736" type="sweep" timems="6.082" contextid="1732" timestamp="2022-02-02T12:33:35.147" />
<mem-info id="1737" free="11583360" total="838860800" percent="1">
  <mem type="tenure" free="11583360" total="838860800" percent="1" micro-fragmented="96729422" macro-fragmented="0">
    <mem type="soa" free="3194752" total="830472192" percent="0" />
    <mem type="loa" free="8388608" total="8388608" percent="100" />
  </mem>
  <pending-finalizers system="26" default="0" reference="1" classloader="0" />
</mem-info>
<gc-op id="1738" type="compact" timems="392.178" contextid="1732" timestamp="2022-02-02T12:33:35.539">
  <compact-info movecount="8858351" movebytes="485610944" reason="low free space (less than 4%)" />
</gc-op>
<gc-end id="1739" type="global" contextid="1732" durationms="704.290" usertimems="2056.428" systemtimems="4.704" stalltimems="734.062" timestamp="2022-02-02T12:33:35.539" activeThreads="4">
  <mem-info id="1740" free="108532752" total="838860800" percent="12">
    <mem type="tenure" free="108532752" total="838860800" percent="12">
      <mem type="soa" free="100144144" total="830472192" percent="12" />
      <mem type="loa" free="8388608" total="8388608" percent="100" />
    </mem>
    <pending-finalizers system="26" default="0" reference="1" classloader="0" />
  </mem-info>
</gc-end>
<cycle-end id="1741" type="global" contextid="1732" timestamp="2022-02-02T12:33:35.539" />
<allocation-satisfied id="1742" threadId="0000000000016F00" bytesRequested="24" />
<af-end id="1743" timestamp="2022-02-02T12:33:35.539" threadId="0000000000017908" success="true" />
<exclusive-end id="1744" timestamp="2022-02-02T12:33:35.539" durationms="704.698" />

<exclusive-start id="1745" timestamp="2022-02-02T12:33:36.312" intervalms="1477.072">
  <response-info timems="0.037" idlems="0.037" threads="0" lastid="0000000000016F00" lastname="main" />
</exclusive-start>
<af-start id="1746" threadId="0000000000017908" totalBytesRequested="88" timestamp="2022-02-02T12:33:36.312" intervalms="1477.056" />
<cycle-start id="1747" type="global" contextid="0" timestamp="2022-02-02T12:33:36.312" intervalms="1477.049" />
<gc-start id="1748" type="global" contextid="1747" timestamp="2022-02-02T12:33:36.312">
  <mem-info id="1749" free="8388608" total="838860800" percent="1">
    <mem type="tenure" free="8388608" total="838860800" percent="1">
      <mem type="soa" free="0" total="830472192" percent="0" />
      <mem type="loa" free="8388608" total="8388608" percent="100" />
    </mem>
  </mem-info>
</gc-start>
<allocation-stats totalBytes="100101408" >
  <allocated-bytes non-tlh="2290720" tlh="97810688" />
  <largest-consumer threadName="main" threadId="0000000000016F00" bytes="100100600" />
</allocation-stats>
<gc-op id="1750" type="mark" timems="294.911" contextid="1747" timestamp="2022-02-02T12:33:36.607">
  <trace-info objectcount="10290432" scancount="7705574" scanbytes="165209916" />
  <finalization candidates="455" enqueued="84" />
  <ownableSynchronizers candidates="1" cleared="0" />
  <references type="soft" candidates="894" cleared="0" enqueued="0" dynamicThreshold="4" maxThreshold="32" />
  <references type="weak" candidates="1964" cleared="0" enqueued="0" />
  <references type="phantom" candidates="90" cleared="8" enqueued="8" />
  <stringconstants candidates="6478" cleared="0"  />
  <object-monitors candidates="2" cleared="0"  />
</gc-op>
<gc-op id="1751" type="sweep" timems="4.588" contextid="1747" timestamp="2022-02-02T12:33:36.612" />
<gc-end id="1752" type="global" contextid="1747" durationms="299.847" usertimems="634.612" systemtimems="12.817" stalltimems="546.450" timestamp="2022-02-02T12:33:36.612" activeThreads="4">
  <mem-info id="1753" free="251328160" total="838860800" percent="29">
    <mem type="tenure" free="251328160" total="838860800" percent="29" micro-fragmented="27473118" macro-fragmented="0">
      <mem type="soa" free="242939552" total="830472192" percent="29" />
      <mem type="loa" free="8388608" total="8388608" percent="100" />
    </mem>
    <pending-finalizers system="83" default="1" reference="8" classloader="0" />
  </mem-info>
</gc-end>
<cycle-end id="1754" type="global" contextid="1747" timestamp="2022-02-02T12:33:36.612" />
<allocation-satisfied id="1755" threadId="0000000000016F00" bytesRequested="88" />
<af-end id="1756" timestamp="2022-02-02T12:33:36.612" threadId="0000000000017908" success="true" />
<exclusive-end id="1757" timestamp="2022-02-02T12:33:36.612" durationms="300.106" />

<exclusive-start id="1758" timestamp="2022-02-02T12:33:38.362" intervalms="2050.187">
  <response-info timems="0.021" idlems="0.021" threads="0" lastid="0000000000016F00" lastname="main" />
</exclusive-start>
<af-start id="1759" threadId="0000000000017908" totalBytesRequested="24" timestamp="2022-02-02T12:33:38.362" intervalms="2050.192" />
<cycle-start id="1760" type="global" contextid="0" timestamp="2022-02-02T12:33:38.362" intervalms="2050.203" />
<gc-start id="1761" type="global" contextid="1760" timestamp="2022-02-02T12:33:38.362">
  <mem-info id="1762" free="8388608" total="838860800" percent="1">
    <mem type="tenure" free="8388608" total="838860800" percent="1">
      <mem type="soa" free="0" total="830472192" percent="0" />
      <mem type="loa" free="8388608" total="8388608" percent="100" />
    </mem>
  </mem-info>
</gc-start>
<allocation-stats totalBytes="242785760" >
  <allocated-bytes non-tlh="573456" tlh="242212304" />
  <largest-consumer threadName="main" threadId="0000000000016F00" bytes="242778832" />
</allocation-stats>
<gc-op id="1763" type="mark" timems="451.618" contextid="1760" timestamp="2022-02-02T12:33:38.814">
  <trace-info objectcount="13407711" scancount="10043590" scanbytes="215090628" />
  <finalization candidates="420" enqueued="26" />
  <ownableSynchronizers candidates="1" cleared="0" />
  <references type="soft" candidates="894" cleared="0" enqueued="0" dynamicThreshold="9" maxThreshold="32" />
  <references type="weak" candidates="1964" cleared="0" enqueued="0" />
  <references type="phantom" candidates="100" cleared="1" enqueued="1" />
  <stringconstants candidates="6478" cleared="0"  />
  <object-monitors candidates="2" cleared="0"  />
</gc-op>
<gc-op id="1764" type="sweep" timems="6.530" contextid="1760" timestamp="2022-02-02T12:33:38.821" />
<mem-info id="1765" free="11568864" total="838860800" percent="1">
  <mem type="tenure" free="11568864" total="838860800" percent="1" micro-fragmented="97182611" macro-fragmented="0">
    <mem type="soa" free="3180256" total="830472192" percent="0" />
    <mem type="loa" free="8388608" total="8388608" percent="100" />
  </mem>
  <pending-finalizers system="26" default="0" reference="1" classloader="0" />
</mem-info>
<gc-op id="1766" type="compact" timems="404.648" contextid="1760" timestamp="2022-02-02T12:33:39.225">
  <compact-info movecount="8782223" movebytes="481403376" reason="low free space (less than 4%)" />
</gc-op>
<gc-end id="1767" type="global" contextid="1760" durationms="863.303" usertimems="2843.044" systemtimems="42.206" stalltimems="536.489" timestamp="2022-02-02T12:33:39.226" activeThreads="4">
  <mem-info id="1768" free="108512416" total="838860800" percent="12">
    <mem type="tenure" free="108512416" total="838860800" percent="12">
      <mem type="soa" free="100123808" total="830472192" percent="12" />
      <mem type="loa" free="8388608" total="8388608" percent="100" />
    </mem>
    <pending-finalizers system="26" default="0" reference="1" classloader="0" />
  </mem-info>
</gc-end>
<cycle-end id="1769" type="global" contextid="1760" timestamp="2022-02-02T12:33:39.226" />
<allocation-satisfied id="1770" threadId="0000000000016F00" bytesRequested="24" />
<af-end id="1771" timestamp="2022-02-02T12:33:39.226" threadId="0000000000017908" success="true" />
<exclusive-end id="1772" timestamp="2022-02-02T12:33:39.226" durationms="863.852" />

<exclusive-start id="1773" timestamp="2022-02-02T12:33:40.001" intervalms="1639.518">
  <response-info timems="0.034" idlems="0.034" threads="0" lastid="0000000000016F00" lastname="main" />
</exclusive-start>
<af-start id="1774" threadId="0000000000017908" totalBytesRequested="88" timestamp="2022-02-02T12:33:40.001" intervalms="1639.534" />
<cycle-start id="1775" type="global" contextid="0" timestamp="2022-02-02T12:33:40.001" intervalms="1639.546" />
<gc-start id="1776" type="global" contextid="1775" timestamp="2022-02-02T12:33:40.002">
  <mem-info id="1777" free="8388608" total="838860800" percent="1">
    <mem type="tenure" free="8388608" total="838860800" percent="1">
      <mem type="soa" free="0" total="830472192" percent="0" />
      <mem type="loa" free="8388608" total="8388608" percent="100" />
    </mem>
  </mem-info>
</gc-start>
<allocation-stats totalBytes="100080608" >
  <allocated-bytes non-tlh="2458320" tlh="97622288" />
  <largest-consumer threadName="main" threadId="0000000000016F00" bytes="100079824" />
</allocation-stats>
<gc-op id="1778" type="mark" timems="234.559" contextid="1775" timestamp="2022-02-02T12:33:40.236">
  <trace-info objectcount="10290194" scancount="7705331" scanbytes="165205900" />
  <finalization candidates="455" enqueued="84" />
  <ownableSynchronizers candidates="1" cleared="0" />
  <references type="soft" candidates="894" cleared="0" enqueued="0" dynamicThreshold="4" maxThreshold="32" />
  <references type="weak" candidates="1964" cleared="0" enqueued="0" />
  <references type="phantom" candidates="90" cleared="8" enqueued="8" />
  <stringconstants candidates="6478" cleared="0"  />
  <object-monitors candidates="2" cleared="0"  />
</gc-op>
<gc-op id="1779" type="sweep" timems="4.834" contextid="1775" timestamp="2022-02-02T12:33:40.241" />
<gc-end id="1780" type="global" contextid="1775" durationms="239.750" usertimems="268.590" systemtimems="0.322" stalltimems="687.894" timestamp="2022-02-02T12:33:40.241" activeThreads="4">
  <mem-info id="1781" free="251319328" total="838860800" percent="29">
    <mem type="tenure" free="251319328" total="838860800" percent="29" micro-fragmented="27739591" macro-fragmented="0">
      <mem type="soa" free="242930720" total="830472192" percent="29" />
      <mem type="loa" free="8388608" total="8388608" percent="100" />
    </mem>
    <pending-finalizers system="83" default="1" reference="8" classloader="0" />
  </mem-info>
</gc-end>
<cycle-end id="1782" type="global" contextid="1775" timestamp="2022-02-02T12:33:40.241" />
<allocation-satisfied id="1783" threadId="0000000000016F00" bytesRequested="88" />
<af-end id="1784" timestamp="2022-02-02T12:33:40.241" threadId="0000000000017908" success="true" />
<exclusive-end id="1785" timestamp="2022-02-02T12:33:40.241" durationms="240.075" />

<exclusive-start id="1786" timestamp="2022-02-02T12:33:41.927" intervalms="1925.568">
  <response-info timems="0.021" idlems="0.021" threads="0" lastid="0000000000016F00" lastname="main" />
</exclusive-start>
<af-start id="1787" threadId="0000000000017908" totalBytesRequested="104" timestamp="2022-02-02T12:33:41.927" intervalms="1925.555" />
<cycle-start id="1788" type="global" contextid="0" timestamp="2022-02-02T12:33:41.927" intervalms="1925.537" />
<gc-start id="1789" type="global" contextid="1788" timestamp="2022-02-02T12:33:41.927">
  <mem-info id="1790" free="8388608" total="838860800" percent="1">
    <mem type="tenure" free="8388608" total="838860800" percent="1">
      <mem type="soa" free="0" total="830472192" percent="0" />
      <mem type="loa" free="8388608" total="8388608" percent="100" />
    </mem>
  </mem-info>
</gc-start>
<allocation-stats totalBytes="242770216" >
  <allocated-bytes non-tlh="573456" tlh="242196760" />
  <largest-consumer threadName="main" threadId="0000000000016F00" bytes="242759456" />
</allocation-stats>
<gc-op id="1791" type="mark" timems="323.856" contextid="1788" timestamp="2022-02-02T12:33:42.251">
  <trace-info objectcount="13406836" scancount="10042842" scanbytes="215076436" />
  <finalization candidates="420" enqueued="26" />
  <ownableSynchronizers candidates="1" cleared="0" />
  <references type="soft" candidates="894" cleared="0" enqueued="0" dynamicThreshold="9" maxThreshold="32" />
  <references type="weak" candidates="1964" cleared="0" enqueued="0" />
  <references type="phantom" candidates="100" cleared="1" enqueued="1" />
  <stringconstants candidates="6478" cleared="0"  />
  <object-monitors candidates="2" cleared="0"  />
</gc-op>
<gc-op id="1792" type="sweep" timems="6.977" contextid="1788" timestamp="2022-02-02T12:33:42.258" />
<mem-info id="1793" free="11574040" total="838860800" percent="1">
  <mem type="tenure" free="11574040" total="838860800" percent="1" micro-fragmented="96969782" macro-fragmented="0">
    <mem type="soa" free="3185432" total="830472192" percent="0" />
    <mem type="loa" free="8388608" total="8388608" percent="100" />
  </mem>
  <pending-finalizers system="26" default="0" reference="1" classloader="0" />
</mem-info>
<gc-op id="1794" type="compact" timems="385.271" contextid="1788" timestamp="2022-02-02T12:33:42.644">
  <compact-info movecount="8781100" movebytes="481427720" reason="low free space (less than 4%)" />
</gc-op>
<gc-end id="1795" type="global" contextid="1788" durationms="716.690" usertimems="1888.330" systemtimems="3.883" stalltimems="952.612" timestamp="2022-02-02T12:33:42.644" activeThreads="4">
  <mem-info id="1796" free="108524512" total="838860800" percent="12">
    <mem type="tenure" free="108524512" total="838860800" percent="12">
      <mem type="soa" free="100135904" total="830472192" percent="12" />
      <mem type="loa" free="8388608" total="8388608" percent="100" />
    </mem>
    <pending-finalizers system="26" default="0" reference="1" classloader="0" />
  </mem-info>
</gc-end>
<cycle-end id="1797" type="global" contextid="1788" timestamp="2022-02-02T12:33:42.644" />
<allocation-satisfied id="1798" threadId="0000000000016F00" bytesRequested="104" />
<af-end id="1799" timestamp="2022-02-02T12:33:42.644" threadId="0000000000017908" success="true" />
<exclusive-end id="1800" timestamp="2022-02-02T12:33:42.644" durationms="717.005" />

<exclusive-start id="1801" timestamp="2022-02-02T12:33:43.436" intervalms="1508.625">
  <response-info timems="0.029" idlems="0.029" threads="0" lastid="0000000000016F00" lastname="main" />
</exclusive-start>
<af-start id="1802" threadId="0000000000017908" totalBytesRequested="56" timestamp="2022-02-02T12:33:43.436" intervalms="1508.628" />
<cycle-start id="1803" type="global" contextid="0" timestamp="2022-02-02T12:33:43.436" intervalms="1508.626" />
<gc-start id="1804" type="global" contextid="1803" timestamp="2022-02-02T12:33:43.436">
  <mem-info id="1805" free="8388608" total="838860800" percent="1">
    <mem type="tenure" free="8388608" total="838860800" percent="1">
      <mem type="soa" free="0" total="830472192" percent="0" />
      <mem type="loa" free="8388608" total="8388608" percent="100" />
    </mem>
  </mem-info>
</gc-start>
<allocation-stats totalBytes="100094016" >
  <allocated-bytes non-tlh="2458320" tlh="97635696" />
  <largest-consumer threadName="main" threadId="0000000000016F00" bytes="100093224" />
</allocation-stats>
<gc-op id="1806" type="mark" timems="231.726" contextid="1803" timestamp="2022-02-02T12:33:43.668">
  <trace-info objectcount="10289915" scancount="7705101" scanbytes="165201244" />
  <finalization candidates="455" enqueued="84" />
  <ownableSynchronizers candidates="1" cleared="0" />
  <references type="soft" candidates="894" cleared="0" enqueued="0" dynamicThreshold="4" maxThreshold="32" />
  <references type="weak" candidates="1964" cleared="0" enqueued="0" />
  <references type="phantom" candidates="90" cleared="8" enqueued="8" />
  <stringconstants candidates="6478" cleared="0"  />
  <object-monitors candidates="2" cleared="0"  />
</gc-op>
<gc-op id="1807" type="sweep" timems="4.929" contextid="1803" timestamp="2022-02-02T12:33:43.673" />
<gc-end id="1808" type="global" contextid="1803" durationms="237.056" usertimems="287.850" systemtimems="0.217" stalltimems="657.606" timestamp="2022-02-02T12:33:43.673" activeThreads="4">
  <mem-info id="1809" free="251319136" total="838860800" percent="29">
    <mem type="tenure" free="251319136" total="838860800" percent="29" micro-fragmented="27533921" macro-fragmented="0">
      <mem type="soa" free="242930528" total="830472192" percent="29" />
      <mem type="loa" free="8388608" total="8388608" percent="100" />
    </mem>
    <pending-finalizers system="83" default="1" reference="8" classloader="0" />
  </mem-info>
</gc-end>
<cycle-end id="1810" type="global" contextid="1803" timestamp="2022-02-02T12:33:43.673" />
<allocation-satisfied id="1811" threadId="0000000000016F00" bytesRequested="56" />
<af-end id="1812" timestamp="2022-02-02T12:33:43.673" threadId="0000000000017908" success="true" />
<exclusive-end id="1813" timestamp="2022-02-02T12:33:43.673" durationms="237.634" />

<exclusive-start id="1814" timestamp="2022-02-02T12:33:45.588" intervalms="2152.758">
  <response-info timems="0.037" idlems="0.037" threads="0" lastid="0000000000016F00" lastname="main" />
</exclusive-start>
<af-start id="1815" threadId="0000000000017908" totalBytesRequested="24" timestamp="2022-02-02T12:33:45.588" intervalms="2152.765" />
<cycle-start id="1816" type="global" contextid="0" timestamp="2022-02-02T12:33:45.588" intervalms="2152.780" />
<gc-start id="1817" type="global" contextid="1816" timestamp="2022-02-02T12:33:45.588">
  <mem-info id="1818" free="8388608" total="838860800" percent="1">
    <mem type="tenure" free="8388608" total="838860800" percent="1">
      <mem type="soa" free="0" total="830472192" percent="0" />
      <mem type="loa" free="8388608" total="8388608" percent="100" />
    </mem>
  </mem-info>
</gc-start>
<allocation-stats totalBytes="242778464" >
  <allocated-bytes non-tlh="617272" tlh="242161192" />
  <largest-consumer threadName="main" threadId="0000000000016F00" bytes="242766696" />
</allocation-stats>
<gc-op id="1819" type="mark" timems="393.740" contextid="1816" timestamp="2022-02-02T12:33:45.982">
  <trace-info objectcount="13406463" scancount="10042610" scanbytes="215070244" />
  <finalization candidates="420" enqueued="26" />
  <ownableSynchronizers candidates="1" cleared="0" />
  <references type="soft" candidates="894" cleared="0" enqueued="0" dynamicThreshold="9" maxThreshold="32" />
  <references type="weak" candidates="1964" cleared="0" enqueued="0" />
  <references type="phantom" candidates="100" cleared="1" enqueued="1" />
  <stringconstants candidates="6478" cleared="0"  />
  <object-monitors candidates="2" cleared="0"  />
</gc-op>
<gc-op id="1820" type="sweep" timems="7.318" contextid="1816" timestamp="2022-02-02T12:33:45.990" />
<mem-info id="1821" free="11574008" total="838860800" percent="1">
  <mem type="tenure" free="11574008" total="838860800" percent="1" micro-fragmented="97196419" macro-fragmented="0">
    <mem type="soa" free="3185400" total="830472192" percent="0" />
    <mem type="loa" free="8388608" total="8388608" percent="100" />
  </mem>
  <pending-finalizers system="26" default="0" reference="1" classloader="0" />
</mem-info>
<gc-op id="1822" type="compact" timems="546.222" contextid="1816" timestamp="2022-02-02T12:33:46.536">
  <compact-info movecount="8780940" movebytes="481369168" reason="low free space (less than 4%)" />
</gc-op>
<gc-end id="1823" type="global" contextid="1816" durationms="947.913" usertimems="2898.979" systemtimems="0.265" stalltimems="871.073" timestamp="2022-02-02T12:33:46.536" activeThreads="4">
  <mem-info id="1824" free="108523800" total="838860800" percent="12">
    <mem type="tenure" free="108523800" total="838860800" percent="12">
      <mem type="soa" free="100135192" total="830472192" percent="12" />
      <mem type="loa" free="8388608" total="8388608" percent="100" />
    </mem>
    <pending-finalizers system="26" default="0" reference="1" classloader="0" />
  </mem-info>
</gc-end>
<cycle-end id="1825" type="global" contextid="1816" timestamp="2022-02-02T12:33:46.537" />
<allocation-satisfied id="1826" threadId="0000000000016F00" bytesRequested="24" />
<af-end id="1827" timestamp="2022-02-02T12:33:46.537" threadId="0000000000017908" success="true" />
<exclusive-end id="1828" timestamp="2022-02-02T12:33:46.537" durationms="948.236" />

<exclusive-start id="1829" timestamp="2022-02-02T12:33:47.570" intervalms="1981.369">
  <response-info timems="0.038" idlems="0.038" threads="0" lastid="0000000000016F00" lastname="main" />
</exclusive-start>
<af-start id="1830" threadId="0000000000017908" totalBytesRequested="112" timestamp="2022-02-02T12:33:47.570" intervalms="1981.377" />
<cycle-start id="1831" type="global" contextid="0" timestamp="2022-02-02T12:33:47.570" intervalms="1981.380" />
<gc-start id="1832" type="global" contextid="1831" timestamp="2022-02-02T12:33:47.570">
  <mem-info id="1833" free="8388608" total="838860800" percent="1">
    <mem type="tenure" free="8388608" total="838860800" percent="1">
      <mem type="soa" free="0" total="830472192" percent="0" />
      <mem type="loa" free="8388608" total="8388608" percent="100" />
    </mem>
  </mem-info>
</gc-start>
<allocation-stats totalBytes="100090784" >
  <allocated-bytes non-tlh="2387744" tlh="97703040" />
  <largest-consumer threadName="main" threadId="0000000000016F00" bytes="100089952" />
</allocation-stats>
<gc-op id="1834" type="mark" timems="302.897" contextid="1831" timestamp="2022-02-02T12:33:47.873">
  <trace-info objectcount="10289665" scancount="7704977" scanbytes="165197036" />
  <finalization candidates="455" enqueued="84" />
  <ownableSynchronizers candidates="1" cleared="0" />
  <references type="soft" candidates="894" cleared="0" enqueued="0" dynamicThreshold="4" maxThreshold="32" />
  <references type="weak" candidates="1964" cleared="0" enqueued="0" />
  <references type="phantom" candidates="90" cleared="8" enqueued="8" />
  <stringconstants candidates="6478" cleared="0"  />
  <object-monitors candidates="2" cleared="0"  />
</gc-op>
<gc-op id="1835" type="sweep" timems="6.877" contextid="1831" timestamp="2022-02-02T12:33:47.880" />
<gc-end id="1836" type="global" contextid="1831" durationms="310.265" usertimems="530.650" systemtimems="18.548" stalltimems="686.257" timestamp="2022-02-02T12:33:47.880" activeThreads="4">
  <mem-info id="1837" free="251315264" total="838860800" percent="29">
    <mem type="tenure" free="251315264" total="838860800" percent="29" micro-fragmented="27609578" macro-fragmented="0">
      <mem type="soa" free="242926656" total="830472192" percent="29" />
      <mem type="loa" free="8388608" total="8388608" percent="100" />
    </mem>
    <pending-finalizers system="83" default="1" reference="8" classloader="0" />
  </mem-info>
</gc-end>
<cycle-end id="1838" type="global" contextid="1831" timestamp="2022-02-02T12:33:47.880" />
<allocation-satisfied id="1839" threadId="0000000000016F00" bytesRequested="112" />
<af-end id="1840" timestamp="2022-02-02T12:33:47.880" threadId="0000000000017908" success="true" />
<exclusive-end id="1841" timestamp="2022-02-02T12:33:47.880" durationms="310.702" />

<exclusive-start id="1842" timestamp="2022-02-02T12:33:49.828" intervalms="2258.074">
  <response-info timems="0.024" idlems="0.024" threads="0" lastid="0000000000016F00" lastname="main" />
</exclusive-start>
<af-start id="1843" threadId="0000000000017908" totalBytesRequested="24" timestamp="2022-02-02T12:33:49.828" intervalms="2258.050" />
<cycle-start id="1844" type="global" contextid="0" timestamp="2022-02-02T12:33:49.828" intervalms="2258.030" />
<gc-start id="1845" type="global" contextid="1844" timestamp="2022-02-02T12:33:49.828">
  <mem-info id="1846" free="8388608" total="838860800" percent="1">
    <mem type="tenure" free="8388608" total="838860800" percent="1">
      <mem type="soa" free="0" total="830472192" percent="0" />
      <mem type="loa" free="8388608" total="8388608" percent="100" />
    </mem>
  </mem-info>
</gc-start>
<allocation-stats totalBytes="242771184" >
  <allocated-bytes non-tlh="611264" tlh="242159920" />
  <largest-consumer threadName="main" threadId="0000000000016F00" bytes="242762880" />
</allocation-stats>
<gc-op id="1847" type="mark" timems="375.329" contextid="1844" timestamp="2022-02-02T12:33:50.203">
  <trace-info objectcount="13405901" scancount="10042185" scanbytes="215061044" />
  <finalization candidates="420" enqueued="26" />
  <ownableSynchronizers candidates="1" cleared="0" />
  <references type="soft" candidates="894" cleared="0" enqueued="0" dynamicThreshold="9" maxThreshold="32" />
  <references type="weak" candidates="1964" cleared="0" enqueued="0" />
  <references type="phantom" candidates="100" cleared="1" enqueued="1" />
  <stringconstants candidates="6478" cleared="0"  />
  <object-monitors candidates="2" cleared="0"  />
</gc-op>
<gc-op id="1848" type="sweep" timems="6.265" contextid="1844" timestamp="2022-02-02T12:33:50.210" />
<mem-info id="1849" free="11568304" total="838860800" percent="1">
  <mem type="tenure" free="11568304" total="838860800" percent="1" micro-fragmented="97265272" macro-fragmented="0">
    <mem type="soa" free="3179696" total="830472192" percent="0" />
    <mem type="loa" free="8388608" total="8388608" percent="100" />
  </mem>
  <pending-finalizers system="26" default="0" reference="1" classloader="0" />
</mem-info>
<gc-op id="1850" type="compact" timems="433.602" contextid="1844" timestamp="2022-02-02T12:33:50.643">
  <compact-info movecount="8780233" movebytes="481364560" reason="low free space (less than 4%)" />
</gc-op>
<gc-end id="1851" type="global" contextid="1844" durationms="815.455" usertimems="2154.628" systemtimems="6.830" stalltimems="1080.543" timestamp="2022-02-02T12:33:50.643" activeThreads="4">
  <mem-info id="1852" free="108523152" total="838860800" percent="12">
    <mem type="tenure" free="108523152" total="838860800" percent="12">
      <mem type="soa" free="100134544" total="830472192" percent="12" />
      <mem type="loa" free="8388608" total="8388608" percent="100" />
    </mem>
    <pending-finalizers system="26" default="0" reference="1" classloader="0" />
  </mem-info>
</gc-end>
<cycle-end id="1853" type="global" contextid="1844" timestamp="2022-02-02T12:33:50.643" />
<allocation-satisfied id="1854" threadId="0000000000016F00" bytesRequested="24" />
<af-end id="1855" timestamp="2022-02-02T12:33:50.643" threadId="0000000000017908" success="true" />
<exclusive-end id="1856" timestamp="2022-02-02T12:33:50.643" durationms="815.738" />

<exclusive-start id="1857" timestamp="2022-02-02T12:33:51.505" intervalms="1677.311">
  <response-info timems="0.038" idlems="0.038" threads="0" lastid="0000000000016F00" lastname="main" />
</exclusive-start>
<af-start id="1858" threadId="0000000000017908" totalBytesRequested="16" timestamp="2022-02-02T12:33:51.505" intervalms="1677.312" />
<cycle-start id="1859" type="global" contextid="0" timestamp="2022-02-02T12:33:51.505" intervalms="1677.310" />
<gc-start id="1860" type="global" contextid="1859" timestamp="2022-02-02T12:33:51.505">
  <mem-info id="1861" free="8388608" total="838860800" percent="1">
    <mem type="tenure" free="8388608" total="838860800" percent="1">
      <mem type="soa" free="0" total="830472192" percent="0" />
      <mem type="loa" free="8388608" total="8388608" percent="100" />
    </mem>
  </mem-info>
</gc-start>
<allocation-stats totalBytes="100089496" >
  <allocated-bytes non-tlh="2387744" tlh="97701752" />
  <largest-consumer threadName="main" threadId="0000000000016F00" bytes="100088712" />
</allocation-stats>
<gc-op id="1862" type="mark" timems="258.136" contextid="1859" timestamp="2022-02-02T12:33:51.763">
  <trace-info objectcount="10289342" scancount="7704736" scanbytes="165191660" />
  <finalization candidates="455" enqueued="84" />
  <ownableSynchronizers candidates="1" cleared="0" />
  <references type="soft" candidates="894" cleared="0" enqueued="0" dynamicThreshold="4" maxThreshold="32" />
  <references type="weak" candidates="1964" cleared="0" enqueued="0" />
  <references type="phantom" candidates="90" cleared="8" enqueued="8" />
  <stringconstants candidates="6478" cleared="0"  />
  <object-monitors candidates="2" cleared="0"  />
</gc-op>
<gc-op id="1863" type="sweep" timems="4.577" contextid="1859" timestamp="2022-02-02T12:33:51.768" />
<gc-end id="1864" type="global" contextid="1859" durationms="262.887" usertimems="493.118" systemtimems="0.183" stalltimems="554.228" timestamp="2022-02-02T12:33:51.768" activeThreads="4">
  <mem-info id="1865" free="251315784" total="838860800" percent="29">
    <mem type="tenure" free="251315784" total="838860800" percent="29" micro-fragmented="27448926" macro-fragmented="0">
      <mem type="soa" free="242927176" total="830472192" percent="29" />
      <mem type="loa" free="8388608" total="8388608" percent="100" />
    </mem>
    <pending-finalizers system="83" default="1" reference="8" classloader="0" />
  </mem-info>
</gc-end>
<cycle-end id="1866" type="global" contextid="1859" timestamp="2022-02-02T12:33:51.768" />
<allocation-satisfied id="1867" threadId="0000000000016F00" bytesRequested="16" />
<af-end id="1868" timestamp="2022-02-02T12:33:51.768" threadId="0000000000017908" success="true" />
<exclusive-end id="1869" timestamp="2022-02-02T12:33:51.768" durationms="263.228" />

<exclusive-start id="1870" timestamp="2022-02-02T12:33:53.612" intervalms="2106.734">
  <response-info timems="0.021" idlems="0.021" threads="0" lastid="0000000000016F00" lastname="main" />
</exclusive-start>
<af-start id="1871" threadId="0000000000017908" totalBytesRequested="56" timestamp="2022-02-02T12:33:53.612" intervalms="2106.728" />
<cycle-start id="1872" type="global" contextid="0" timestamp="2022-02-02T12:33:53.612" intervalms="2106.728" />
<gc-start id="1873" type="global" contextid="1872" timestamp="2022-02-02T12:33:53.612">
  <mem-info id="1874" free="8388608" total="838860800" percent="1">
    <mem type="tenure" free="8388608" total="838860800" percent="1">
      <mem type="soa" free="0" total="830472192" percent="0" />
      <mem type="loa" free="8388608" total="8388608" percent="100" />
    </mem>
  </mem-info>
</gc-start>
<allocation-stats totalBytes="242767744" >
  <allocated-bytes non-tlh="566920" tlh="242200824" />
  <largest-consumer threadName="main" threadId="0000000000016F00" bytes="242757984" />
</allocation-stats>
<gc-op id="1875" type="mark" timems="342.180" contextid="1872" timestamp="2022-02-02T12:33:53.954">
  <trace-info objectcount="13405123" scancount="10041562" scanbytes="215048388" />
  <finalization candidates="420" enqueued="26" />
  <ownableSynchronizers candidates="1" cleared="0" />
  <references type="soft" candidates="894" cleared="0" enqueued="0" dynamicThreshold="9" maxThreshold="32" />
  <references type="weak" candidates="1964" cleared="0" enqueued="0" />
  <references type="phantom" candidates="100" cleared="1" enqueued="1" />
  <stringconstants candidates="6478" cleared="0"  />
  <object-monitors candidates="2" cleared="0"  />
</gc-op>
<gc-op id="1876" type="sweep" timems="14.195" contextid="1872" timestamp="2022-02-02T12:33:53.968" />
<mem-info id="1877" free="11570336" total="838860800" percent="1">
  <mem type="tenure" free="11570336" total="838860800" percent="1" micro-fragmented="96609427" macro-fragmented="81140">
    <mem type="soa" free="3181728" total="830472192" percent="0" />
    <mem type="loa" free="8388608" total="8388608" percent="100" />
  </mem>
  <pending-finalizers system="26" default="0" reference="1" classloader="0" />
</mem-info>
<gc-op id="1878" type="compact" timems="399.312" contextid="1872" timestamp="2022-02-02T12:33:54.368">
  <compact-info movecount="8779596" movebytes="481349152" reason="low free space (less than 4%)" />
</gc-op>
<gc-end id="1879" type="global" contextid="1872" durationms="756.031" usertimems="2239.774" systemtimems="4.416" stalltimems="761.326" timestamp="2022-02-02T12:33:54.368" activeThreads="4">
  <mem-info id="1880" free="108528648" total="838860800" percent="12">
    <mem type="tenure" free="108528648" total="838860800" percent="12">
      <mem type="soa" free="100140040" total="830472192" percent="12" />
      <mem type="loa" free="8388608" total="8388608" percent="100" />
    </mem>
    <pending-finalizers system="26" default="0" reference="1" classloader="0" />
  </mem-info>
</gc-end>
<cycle-end id="1881" type="global" contextid="1872" timestamp="2022-02-02T12:33:54.368" />
<allocation-satisfied id="1882" threadId="0000000000016F00" bytesRequested="56" />
<af-end id="1883" timestamp="2022-02-02T12:33:54.368" threadId="0000000000017908" success="true" />
<exclusive-end id="1884" timestamp="2022-02-02T12:33:54.368" durationms="756.316" />

<exclusive-start id="1885" timestamp="2022-02-02T12:33:55.170" intervalms="1558.227">
  <response-info timems="0.027" idlems="0.027" threads="0" lastid="0000000000016F00" lastname="main" />
</exclusive-start>
<af-start id="1886" threadId="0000000000017908" totalBytesRequested="184" timestamp="2022-02-02T12:33:55.170" intervalms="1558.260" />
<cycle-start id="1887" type="global" contextid="0" timestamp="2022-02-02T12:33:55.170" intervalms="1558.268" />
<gc-start id="1888" type="global" contextid="1887" timestamp="2022-02-02T12:33:55.170">
  <mem-info id="1889" free="8388608" total="838860800" percent="1">
    <mem type="tenure" free="8388608" total="838860800" percent="1">
      <mem type="soa" free="0" total="830472192" percent="0" />
      <mem type="loa" free="8388608" total="8388608" percent="100" />
    </mem>
  </mem-info>
</gc-start>
<allocation-stats totalBytes="100095952" >
  <allocated-bytes non-tlh="2290720" tlh="97805232" />
  <largest-consumer threadName="main" threadId="0000000000016F00" bytes="100087760" />
</allocation-stats>
<gc-op id="1890" type="mark" timems="254.846" contextid="1887" timestamp="2022-02-02T12:33:55.425">
  <trace-info objectcount="10288994" scancount="7704406" scanbytes="165185868" />
  <finalization candidates="455" enqueued="84" />
  <ownableSynchronizers candidates="1" cleared="0" />
  <references type="soft" candidates="894" cleared="0" enqueued="0" dynamicThreshold="4" maxThreshold="32" />
  <references type="weak" candidates="1964" cleared="0" enqueued="0" />
  <references type="phantom" candidates="90" cleared="8" enqueued="8" />
  <stringconstants candidates="6478" cleared="0"  />
  <object-monitors candidates="2" cleared="0"  />
</gc-op>
<gc-op id="1891" type="sweep" timems="5.180" contextid="1887" timestamp="2022-02-02T12:33:55.430" />
<gc-end id="1892" type="global" contextid="1887" durationms="260.171" usertimems="481.708" systemtimems="3.804" stalltimems="552.302" timestamp="2022-02-02T12:33:55.430" activeThreads="4">
  <mem-info id="1893" free="251333992" total="838860800" percent="29">
    <mem type="tenure" free="251333992" total="838860800" percent="29" micro-fragmented="27537217" macro-fragmented="0">
      <mem type="soa" free="242945384" total="830472192" percent="29" />
      <mem type="loa" free="8388608" total="8388608" percent="100" />
    </mem>
    <pending-finalizers system="83" default="1" reference="8" classloader="0" />
  </mem-info>
</gc-end>
<cycle-end id="1894" type="global" contextid="1887" timestamp="2022-02-02T12:33:55.431" />
<allocation-satisfied id="1895" threadId="0000000000016F00" bytesRequested="184" />
<af-end id="1896" timestamp="2022-02-02T12:33:55.431" threadId="0000000000017908" success="true" />
<exclusive-end id="1897" timestamp="2022-02-02T12:33:55.431" durationms="260.512" />

<exclusive-start id="1898" timestamp="2022-02-02T12:33:57.222" intervalms="2051.756">
  <response-info timems="0.026" idlems="0.026" threads="0" lastid="0000000000016F00" lastname="main" />
</exclusive-start>
<af-start id="1899" threadId="0000000000017908" totalBytesRequested="48" timestamp="2022-02-02T12:33:57.222" intervalms="2051.727" />
<cycle-start id="1900" type="global" contextid="0" timestamp="2022-02-02T12:33:57.222" intervalms="2051.721" />
<gc-start id="1901" type="global" contextid="1900" timestamp="2022-02-02T12:33:57.222">
  <mem-info id="1902" free="8388608" total="838860800" percent="1">
    <mem type="tenure" free="8388608" total="838860800" percent="1">
      <mem type="soa" free="0" total="830472192" percent="0" />
      <mem type="loa" free="8388608" total="8388608" percent="100" />
    </mem>
  </mem-info>
</gc-start>
<allocation-stats totalBytes="242786272" >
  <allocated-bytes non-tlh="478328" tlh="242307944" />
  <largest-consumer threadName="main" threadId="0000000000016F00" bytes="242773984" />
</allocation-stats>
<gc-op id="1903" type="mark" timems="482.193" contextid="1900" timestamp="2022-02-02T12:33:57.704">
  <trace-info objectcount="13404813" scancount="10041352" scanbytes="215043220" />
  <finalization candidates="420" enqueued="26" />
  <ownableSynchronizers candidates="1" cleared="0" />
  <references type="soft" candidates="894" cleared="0" enqueued="0" dynamicThreshold="9" maxThreshold="32" />
  <references type="weak" candidates="1964" cleared="0" enqueued="0" />
  <references type="phantom" candidates="100" cleared="1" enqueued="1" />
  <stringconstants candidates="6478" cleared="0"  />
  <object-monitors candidates="2" cleared="0"  />
</gc-op>
<gc-op id="1904" type="sweep" timems="5.890" contextid="1900" timestamp="2022-02-02T12:33:57.710" />
<mem-info id="1905" free="11577192" total="838860800" percent="1">
  <mem type="tenure" free="11577192" total="838860800" percent="1" micro-fragmented="96915286" macro-fragmented="7740516">
    <mem type="soa" free="3188584" total="830472192" percent="0" />
    <mem type="loa" free="8388608" total="8388608" percent="100" />
  </mem>
  <pending-finalizers system="26" default="0" reference="1" classloader="0" />
</mem-info>
<gc-op id="1906" type="compact" timems="402.209" contextid="1900" timestamp="2022-02-02T12:33:58.112">
  <compact-info movecount="8779186" movebytes="481325768" reason="low free space (less than 4%)" />
</gc-op>
<gc-end id="1907" type="global" contextid="1900" durationms="890.535" usertimems="3003.154" systemtimems="16.225" stalltimems="489.697" timestamp="2022-02-02T12:33:58.112" activeThreads="4">
  <mem-info id="1908" free="108522512" total="838860800" percent="12">
    <mem type="tenure" free="108522512" total="838860800" percent="12">
      <mem type="soa" free="100133904" total="830472192" percent="12" />
      <mem type="loa" free="8388608" total="8388608" percent="100" />
    </mem>
    <pending-finalizers system="26" default="0" reference="1" classloader="0" />
  </mem-info>
</gc-end>
<cycle-end id="1909" type="global" contextid="1900" timestamp="2022-02-02T12:33:58.113" />
<allocation-satisfied id="1910" threadId="0000000000016F00" bytesRequested="48" />
<af-end id="1911" timestamp="2022-02-02T12:33:58.113" threadId="0000000000017908" success="true" />
<exclusive-end id="1912" timestamp="2022-02-02T12:33:58.113" durationms="890.818" />

<exclusive-start id="1913" timestamp="2022-02-02T12:33:58.892" intervalms="1670.324">
  <response-info timems="0.024" idlems="0.024" threads="0" lastid="0000000000016F00" lastname="main" />
</exclusive-start>
<af-start id="1914" threadId="0000000000017908" totalBytesRequested="208" timestamp="2022-02-02T12:33:58.892" intervalms="1670.327" />
<cycle-start id="1915" type="global" contextid="0" timestamp="2022-02-02T12:33:58.892" intervalms="1670.337" />
<gc-start id="1916" type="global" contextid="1915" timestamp="2022-02-02T12:33:58.892">
  <mem-info id="1917" free="8388608" total="838860800" percent="1">
    <mem type="tenure" free="8388608" total="838860800" percent="1">
      <mem type="soa" free="0" total="830472192" percent="0" />
      <mem type="loa" free="8388608" total="8388608" percent="100" />
    </mem>
  </mem-info>
</gc-start>
<allocation-stats totalBytes="100090144" >
  <allocated-bytes non-tlh="2290720" tlh="97799424" />
  <largest-consumer threadName="main" threadId="0000000000016F00" bytes="100089368" />
</allocation-stats>
<gc-op id="1918" type="mark" timems="268.085" contextid="1915" timestamp="2022-02-02T12:33:59.160">
  <trace-info objectcount="10288908" scancount="7704301" scanbytes="165184284" />
  <finalization candidates="455" enqueued="84" />
  <ownableSynchronizers candidates="1" cleared="0" />
  <references type="soft" candidates="894" cleared="0" enqueued="0" dynamicThreshold="4" maxThreshold="32" />
  <references type="weak" candidates="1964" cleared="0" enqueued="0" />
  <references type="phantom" candidates="90" cleared="8" enqueued="8" />
  <stringconstants candidates="6478" cleared="0"  />
  <object-monitors candidates="2" cleared="0"  />
</gc-op>
<gc-op id="1919" type="sweep" timems="5.995" contextid="1915" timestamp="2022-02-02T12:33:59.166" />
<gc-end id="1920" type="global" contextid="1915" durationms="274.226" usertimems="532.942" systemtimems="0.121" stalltimems="558.377" timestamp="2022-02-02T12:33:59.166" activeThreads="4">
  <mem-info id="1921" free="251312752" total="838860800" percent="29">
    <mem type="tenure" free="251312752" total="838860800" percent="29" micro-fragmented="27486303" macro-fragmented="0">
      <mem type="soa" free="242924144" total="830472192" percent="29" />
      <mem type="loa" free="8388608" total="8388608" percent="100" />
    </mem>
    <pending-finalizers system="83" default="1" reference="8" classloader="0" />
  </mem-info>
</gc-end>
<cycle-end id="1922" type="global" contextid="1915" timestamp="2022-02-02T12:33:59.167" />
<allocation-satisfied id="1923" threadId="0000000000016F00" bytesRequested="208" />
<af-end id="1924" timestamp="2022-02-02T12:33:59.167" threadId="0000000000017908" success="true" />
<exclusive-end id="1925" timestamp="2022-02-02T12:33:59.167" durationms="274.499" />

<exclusive-start id="1926" timestamp="2022-02-02T12:34:00.903" intervalms="2011.276">
  <response-info timems="0.063" idlems="0.063" threads="0" lastid="0000000000016F00" lastname="main" />
</exclusive-start>
<af-start id="1927" threadId="0000000000017908" totalBytesRequested="32" timestamp="2022-02-02T12:34:00.903" intervalms="2011.278" />
<cycle-start id="1928" type="global" contextid="0" timestamp="2022-02-02T12:34:00.903" intervalms="2011.267" />
<gc-start id="1929" type="global" contextid="1928" timestamp="2022-02-02T12:34:00.904">
  <mem-info id="1930" free="8388608" total="838860800" percent="1">
    <mem type="tenure" free="8388608" total="838860800" percent="1">
      <mem type="soa" free="0" total="830472192" percent="0" />
      <mem type="loa" free="8388608" total="8388608" percent="100" />
    </mem>
  </mem-info>
</gc-start>
<allocation-stats totalBytes="242768856" >
  <allocated-bytes non-tlh="499720" tlh="242269136" />
  <largest-consumer threadName="main" threadId="0000000000016F00" bytes="242756568" />
</allocation-stats>
<gc-op id="1931" type="mark" timems="309.998" contextid="1928" timestamp="2022-02-02T12:34:01.214">
  <trace-info objectcount="13404014" scancount="10040737" scanbytes="215030244" />
  <finalization candidates="420" enqueued="26" />
  <ownableSynchronizers candidates="1" cleared="0" />
  <references type="soft" candidates="894" cleared="0" enqueued="0" dynamicThreshold="9" maxThreshold="32" />
  <references type="weak" candidates="1964" cleared="0" enqueued="0" />
  <references type="phantom" candidates="100" cleared="1" enqueued="1" />
  <stringconstants candidates="6478" cleared="0"  />
  <object-monitors candidates="2" cleared="0"  />
</gc-op>
<gc-op id="1932" type="sweep" timems="8.122" contextid="1928" timestamp="2022-02-02T12:34:01.222" />
<mem-info id="1933" free="11576408" total="838860800" percent="1">
  <mem type="tenure" free="11576408" total="838860800" percent="1" micro-fragmented="97122605" macro-fragmented="7740516">
    <mem type="soa" free="3187800" total="830472192" percent="0" />
    <mem type="loa" free="8388608" total="8388608" percent="100" />
  </mem>
  <pending-finalizers system="26" default="0" reference="1" classloader="0" />
</mem-info>
<gc-op id="1934" type="compact" timems="423.563" contextid="1928" timestamp="2022-02-02T12:34:01.645">
  <compact-info movecount="8777965" movebytes="481231104" reason="low free space (less than 4%)" />
</gc-op>
<gc-end id="1935" type="global" contextid="1928" durationms="742.006" usertimems="2214.046" systemtimems="7.792" stalltimems="651.829" timestamp="2022-02-02T12:34:01.646" activeThreads="4">
  <mem-info id="1936" free="108530064" total="838860800" percent="12">
    <mem type="tenure" free="108530064" total="838860800" percent="12">
      <mem type="soa" free="100141456" total="830472192" percent="12" />
      <mem type="loa" free="8388608" total="8388608" percent="100" />
    </mem>
    <pending-finalizers system="26" default="0" reference="1" classloader="0" />
  </mem-info>
</gc-end>
<cycle-end id="1937" type="global" contextid="1928" timestamp="2022-02-02T12:34:01.646" />
<allocation-satisfied id="1938" threadId="0000000000016F00" bytesRequested="32" />
<af-end id="1939" timestamp="2022-02-02T12:34:01.646" threadId="0000000000017908" success="true" />
<exclusive-end id="1940" timestamp="2022-02-02T12:34:01.646" durationms="742.264" />

<exclusive-start id="1941" timestamp="2022-02-02T12:34:02.428" intervalms="1525.006">
  <response-info timems="0.027" idlems="0.027" threads="0" lastid="0000000000016F00" lastname="main" />
</exclusive-start>
<af-start id="1942" threadId="0000000000017908" totalBytesRequested="112" timestamp="2022-02-02T12:34:02.428" intervalms="1525.002" />
<cycle-start id="1943" type="global" contextid="0" timestamp="2022-02-02T12:34:02.429" intervalms="1525.036" />
<gc-start id="1944" type="global" contextid="1943" timestamp="2022-02-02T12:34:02.429">
  <mem-info id="1945" free="8388608" total="838860800" percent="1">
    <mem type="tenure" free="8388608" total="838860800" percent="1">
      <mem type="soa" free="0" total="830472192" percent="0" />
      <mem type="loa" free="8388608" total="8388608" percent="100" />
    </mem>
  </mem-info>
</gc-start>
<allocation-stats totalBytes="100098432" >
  <allocated-bytes non-tlh="2387744" tlh="97710688" />
  <largest-consumer threadName="main" threadId="0000000000016F00" bytes="100097656" />
</allocation-stats>
<gc-op id="1946" type="mark" timems="287.242" contextid="1943" timestamp="2022-02-02T12:34:02.716">
  <trace-info objectcount="10288661" scancount="7704158" scanbytes="165180140" />
  <finalization candidates="455" enqueued="84" />
  <ownableSynchronizers candidates="1" cleared="0" />
  <references type="soft" candidates="894" cleared="0" enqueued="0" dynamicThreshold="4" maxThreshold="32" />
  <references type="weak" candidates="1964" cleared="0" enqueued="0" />
  <references type="phantom" candidates="90" cleared="8" enqueued="8" />
  <stringconstants candidates="6478" cleared="0"  />
  <object-monitors candidates="2" cleared="0"  />
</gc-op>
<gc-op id="1947" type="sweep" timems="5.783" contextid="1943" timestamp="2022-02-02T12:34:02.722" />
<gc-end id="1948" type="global" contextid="1943" durationms="293.308" usertimems="324.326" systemtimems="0.721" stalltimems="845.525" timestamp="2022-02-02T12:34:02.722" activeThreads="4">
  <mem-info id="1949" free="251322504" total="838860800" percent="29">
    <mem type="tenure" free="251322504" total="838860800" percent="29" micro-fragmented="28015720" macro-fragmented="0">
      <mem type="soa" free="242933896" total="830472192" percent="29" />
      <mem type="loa" free="8388608" total="8388608" percent="100" />
    </mem>
    <pending-finalizers system="83" default="1" reference="8" classloader="0" />
  </mem-info>
</gc-end>
<cycle-end id="1950" type="global" contextid="1943" timestamp="2022-02-02T12:34:02.722" />
<allocation-satisfied id="1951" threadId="0000000000016F00" bytesRequested="112" />
<af-end id="1952" timestamp="2022-02-02T12:34:02.722" threadId="0000000000017908" success="true" />
<exclusive-end id="1953" timestamp="2022-02-02T12:34:02.722" durationms="293.790" />

<exclusive-start id="1954" timestamp="2022-02-02T12:34:04.482" intervalms="2053.373">
  <response-info timems="0.021" idlems="0.021" threads="0" lastid="0000000000016F00" lastname="main" />
</exclusive-start>
<af-start id="1955" threadId="0000000000017908" totalBytesRequested="16" timestamp="2022-02-02T12:34:04.482" intervalms="2053.368" />
<cycle-start id="1956" type="global" contextid="0" timestamp="2022-02-02T12:34:04.482" intervalms="2053.333" />
<gc-start id="1957" type="global" contextid="1956" timestamp="2022-02-02T12:34:04.482">
  <mem-info id="1958" free="8388608" total="838860800" percent="1">
    <mem type="tenure" free="8388608" total="838860800" percent="1">
      <mem type="soa" free="0" total="830472192" percent="0" />
      <mem type="loa" free="8388608" total="8388608" percent="100" />
    </mem>
  </mem-info>
</gc-start>
<allocation-stats totalBytes="242775528" >
  <allocated-bytes non-tlh="588312" tlh="242187216" />
  <largest-consumer threadName="main" threadId="0000000000016F00" bytes="242766800" />
</allocation-stats>
<gc-op id="1959" type="mark" timems="306.005" contextid="1956" timestamp="2022-02-02T12:34:04.788">
  <trace-info objectcount="13403779" scancount="10040539" scanbytes="215026276" />
  <finalization candidates="420" enqueued="26" />
  <ownableSynchronizers candidates="1" cleared="0" />
  <references type="soft" candidates="894" cleared="0" enqueued="0" dynamicThreshold="9" maxThreshold="32" />
  <references type="weak" candidates="1964" cleared="0" enqueued="0" />
  <references type="phantom" candidates="100" cleared="1" enqueued="1" />
  <stringconstants candidates="6478" cleared="0"  />
  <object-monitors candidates="2" cleared="0"  />
</gc-op>
<gc-op id="1960" type="sweep" timems="6.126" contextid="1956" timestamp="2022-02-02T12:34:04.794" />
<mem-info id="1961" free="11572976" total="838860800" percent="1">
  <mem type="tenure" free="11572976" total="838860800" percent="1" micro-fragmented="97588738" macro-fragmented="0">
    <mem type="soa" free="3184368" total="830472192" percent="0" />
    <mem type="loa" free="8388608" total="8388608" percent="100" />
  </mem>
  <pending-finalizers system="26" default="0" reference="1" classloader="0" />
</mem-info>
<gc-op id="1962" type="compact" timems="404.556" contextid="1956" timestamp="2022-02-02T12:34:05.199">
  <compact-info movecount="8854571" movebytes="485509872" reason="low free space (less than 4%)" />
</gc-op>
<gc-end id="1963" type="global" contextid="1956" durationms="716.962" usertimems="1946.660" systemtimems="4.082" stalltimems="898.515" timestamp="2022-02-02T12:34:05.199" activeThreads="4">
  <mem-info id="1964" free="108523264" total="838860800" percent="12">
    <mem type="tenure" free="108523264" total="838860800" percent="12">
      <mem type="soa" free="100134656" total="830472192" percent="12" />
      <mem type="loa" free="8388608" total="8388608" percent="100" />
    </mem>
    <pending-finalizers system="26" default="0" reference="1" classloader="0" />
  </mem-info>
</gc-end>
<cycle-end id="1965" type="global" contextid="1956" timestamp="2022-02-02T12:34:05.199" />
<allocation-satisfied id="1966" threadId="0000000000016F00" bytesRequested="16" />
<af-end id="1967" timestamp="2022-02-02T12:34:05.199" threadId="0000000000017908" success="true" />
<exclusive-end id="1968" timestamp="2022-02-02T12:34:05.199" durationms="717.201" />

<exclusive-start id="1969" timestamp="2022-02-02T12:34:05.986" intervalms="1504.459">
  <response-info timems="0.035" idlems="0.035" threads="0" lastid="0000000000016F00" lastname="main" />
</exclusive-start>
<af-start id="1970" threadId="0000000000017908" totalBytesRequested="24" timestamp="2022-02-02T12:34:05.986" intervalms="1504.513" />
<cycle-start id="1971" type="global" contextid="0" timestamp="2022-02-02T12:34:05.987" intervalms="1504.979" />
<gc-start id="1972" type="global" contextid="1971" timestamp="2022-02-02T12:34:05.987">
  <mem-info id="1973" free="8388608" total="838860800" percent="1">
    <mem type="tenure" free="8388608" total="838860800" percent="1">
      <mem type="soa" free="0" total="830472192" percent="0" />
      <mem type="loa" free="8388608" total="8388608" percent="100" />
    </mem>
  </mem-info>
</gc-start>
<allocation-stats totalBytes="100089536" >
  <allocated-bytes non-tlh="2387744" tlh="97701792" />
  <largest-consumer threadName="main" threadId="0000000000016F00" bytes="100088760" />
</allocation-stats>
<gc-op id="1974" type="mark" timems="240.591" contextid="1971" timestamp="2022-02-02T12:34:06.228">
  <trace-info objectcount="10288465" scancount="7704028" scanbytes="165176788" />
  <finalization candidates="455" enqueued="84" />
  <ownableSynchronizers candidates="1" cleared="0" />
  <references type="soft" candidates="894" cleared="0" enqueued="0" dynamicThreshold="4" maxThreshold="32" />
  <references type="weak" candidates="1964" cleared="0" enqueued="0" />
  <references type="phantom" candidates="90" cleared="8" enqueued="8" />
  <stringconstants candidates="6478" cleared="0"  />
  <object-monitors candidates="2" cleared="0"  />
</gc-op>
<gc-op id="1975" type="sweep" timems="4.739" contextid="1971" timestamp="2022-02-02T12:34:06.233" />
<gc-end id="1976" type="global" contextid="1971" durationms="245.712" usertimems="270.995" systemtimems="4.638" stalltimems="703.801" timestamp="2022-02-02T12:34:06.233" activeThreads="4">
  <mem-info id="1977" free="251327304" total="838860800" percent="29">
    <mem type="tenure" free="251327304" total="838860800" percent="29" micro-fragmented="27242050" macro-fragmented="1142125">
      <mem type="soa" free="242938696" total="830472192" percent="29" />
      <mem type="loa" free="8388608" total="8388608" percent="100" />
    </mem>
    <pending-finalizers system="83" default="1" reference="8" classloader="0" />
  </mem-info>
</gc-end>
<cycle-end id="1978" type="global" contextid="1971" timestamp="2022-02-02T12:34:06.233" />
<allocation-satisfied id="1979" threadId="0000000000016F00" bytesRequested="24" />
<af-end id="1980" timestamp="2022-02-02T12:34:06.233" threadId="0000000000017908" success="true" />
<exclusive-end id="1981" timestamp="2022-02-02T12:34:06.233" durationms="246.539" />

<exclusive-start id="1982" timestamp="2022-02-02T12:34:07.952" intervalms="1965.446">
  <response-info timems="0.019" idlems="0.019" threads="0" lastid="0000000000016F00" lastname="main" />
</exclusive-start>
<af-start id="1983" threadId="0000000000017908" totalBytesRequested="56" timestamp="2022-02-02T12:34:07.952" intervalms="1965.400" />
<cycle-start id="1984" type="global" contextid="0" timestamp="2022-02-02T12:34:07.952" intervalms="1964.941" />
<gc-start id="1985" type="global" contextid="1984" timestamp="2022-02-02T12:34:07.952">
  <mem-info id="1986" free="8388608" total="838860800" percent="1">
    <mem type="tenure" free="8388608" total="838860800" percent="1">
      <mem type="soa" free="0" total="830472192" percent="0" />
      <mem type="loa" free="8388608" total="8388608" percent="100" />
    </mem>
  </mem-info>
</gc-start>
<allocation-stats totalBytes="242779856" >
  <allocated-bytes non-tlh="580104" tlh="242199752" />
  <largest-consumer threadName="main" threadId="0000000000016F00" bytes="242774016" />
</allocation-stats>
<gc-op id="1987" type="mark" timems="297.741" contextid="1984" timestamp="2022-02-02T12:34:08.250">
  <trace-info objectcount="13403490" scancount="10040378" scanbytes="215021444" />
  <finalization candidates="420" enqueued="26" />
  <ownableSynchronizers candidates="1" cleared="0" />
  <references type="soft" candidates="894" cleared="0" enqueued="0" dynamicThreshold="9" maxThreshold="32" />
  <references type="weak" candidates="1964" cleared="0" enqueued="0" />
  <references type="phantom" candidates="100" cleared="1" enqueued="1" />
  <stringconstants candidates="6478" cleared="0"  />
  <object-monitors candidates="2" cleared="0"  />
</gc-op>
<gc-op id="1988" type="sweep" timems="6.427" contextid="1984" timestamp="2022-02-02T12:34:08.256" />
<mem-info id="1989" free="11566448" total="838860800" percent="1">
  <mem type="tenure" free="11566448" total="838860800" percent="1" micro-fragmented="96659904" macro-fragmented="0">
    <mem type="soa" free="3177840" total="830472192" percent="0" />
    <mem type="loa" free="8388608" total="8388608" percent="100" />
  </mem>
  <pending-finalizers system="26" default="0" reference="1" classloader="0" />
</mem-info>
<gc-op id="1990" type="compact" timems="402.803" contextid="1984" timestamp="2022-02-02T12:34:08.659">
  <compact-info movecount="8777762" movebytes="481268432" reason="low free space (less than 4%)" />
</gc-op>
<gc-end id="1991" type="global" contextid="1984" durationms="707.463" usertimems="1950.573" systemtimems="0.044" stalltimems="865.328" timestamp="2022-02-02T12:34:08.659" activeThreads="4">
  <mem-info id="1992" free="108518216" total="838860800" percent="12">
    <mem type="tenure" free="108518216" total="838860800" percent="12">
      <mem type="soa" free="100129608" total="830472192" percent="12" />
      <mem type="loa" free="8388608" total="8388608" percent="100" />
    </mem>
    <pending-finalizers system="26" default="0" reference="1" classloader="0" />
  </mem-info>
</gc-end>
<cycle-end id="1993" type="global" contextid="1984" timestamp="2022-02-02T12:34:08.659" />
<allocation-satisfied id="1994" threadId="0000000000016F00" bytesRequested="56" />
<af-end id="1995" timestamp="2022-02-02T12:34:08.659" threadId="0000000000017908" success="true" />
<exclusive-end id="1996" timestamp="2022-02-02T12:34:08.659" durationms="707.761" />

<exclusive-start id="1997" timestamp="2022-02-02T12:34:09.467" intervalms="1515.329">
  <response-info timems="0.025" idlems="0.025" threads="0" lastid="0000000000016F00" lastname="main" />
</exclusive-start>
<af-start id="1998" threadId="0000000000017908" totalBytesRequested="128" timestamp="2022-02-02T12:34:09.467" intervalms="1515.323" />
<cycle-start id="1999" type="global" contextid="0" timestamp="2022-02-02T12:34:09.467" intervalms="1515.316" />
<gc-start id="2000" type="global" contextid="1999" timestamp="2022-02-02T12:34:09.467">
  <mem-info id="2001" free="8388608" total="838860800" percent="1">
    <mem type="tenure" free="8388608" total="838860800" percent="1">
      <mem type="soa" free="0" total="830472192" percent="0" />
      <mem type="loa" free="8388608" total="8388608" percent="100" />
    </mem>
  </mem-info>
</gc-start>
<allocation-stats totalBytes="100082360" >
  <allocated-bytes non-tlh="2387744" tlh="97694616" />
  <largest-consumer threadName="main" threadId="0000000000016F00" bytes="100081520" />
</allocation-stats>
<gc-op id="2002" type="mark" timems="271.624" contextid="1999" timestamp="2022-02-02T12:34:09.739">
  <trace-info objectcount="10288237" scancount="7703786" scanbytes="165172940" />
  <finalization candidates="455" enqueued="84" />
  <ownableSynchronizers candidates="1" cleared="0" />
  <references type="soft" candidates="894" cleared="0" enqueued="0" dynamicThreshold="4" maxThreshold="32" />
  <references type="weak" candidates="1964" cleared="0" enqueued="0" />
  <references type="phantom" candidates="90" cleared="8" enqueued="8" />
  <stringconstants candidates="6478" cleared="0"  />
  <object-monitors candidates="2" cleared="0"  />
</gc-op>
<gc-op id="2003" type="sweep" timems="4.740" contextid="1999" timestamp="2022-02-02T12:34:09.744" />
<gc-end id="2004" type="global" contextid="1999" durationms="276.709" usertimems="540.280" systemtimems="8.100" stalltimems="553.157" timestamp="2022-02-02T12:34:09.744" activeThreads="4">
  <mem-info id="2005" free="251322872" total="838860800" percent="29">
    <mem type="tenure" free="251322872" total="838860800" percent="29" micro-fragmented="27866256" macro-fragmented="0">
      <mem type="soa" free="242934264" total="830472192" percent="29" />
      <mem type="loa" free="8388608" total="8388608" percent="100" />
    </mem>
    <pending-finalizers system="83" default="1" reference="8" classloader="0" />
  </mem-info>
</gc-end>
<cycle-end id="2006" type="global" contextid="1999" timestamp="2022-02-02T12:34:09.744" />
<allocation-satisfied id="2007" threadId="0000000000016F00" bytesRequested="128" />
<af-end id="2008" timestamp="2022-02-02T12:34:09.744" threadId="0000000000017908" success="true" />
<exclusive-end id="2009" timestamp="2022-02-02T12:34:09.744" durationms="277.023" />

<exclusive-start id="2010" timestamp="2022-02-02T12:34:11.497" intervalms="2030.124">
  <response-info timems="0.025" idlems="0.025" threads="0" lastid="0000000000016F00" lastname="main" />
</exclusive-start>
<af-start id="2011" threadId="0000000000017908" totalBytesRequested="24" timestamp="2022-02-02T12:34:11.498" intervalms="2030.509" />
<cycle-start id="2012" type="global" contextid="0" timestamp="2022-02-02T12:34:11.498" intervalms="2030.628" />
<gc-start id="2013" type="global" contextid="2012" timestamp="2022-02-02T12:34:11.498">
  <mem-info id="2014" free="8388608" total="838860800" percent="1">
    <mem type="tenure" free="8388608" total="838860800" percent="1">
      <mem type="soa" free="0" total="830472192" percent="0" />
      <mem type="loa" free="8388608" total="8388608" percent="100" />
    </mem>
  </mem-info>
</gc-start>
<allocation-stats totalBytes="242772888" >
  <allocated-bytes non-tlh="565248" tlh="242207640" />
  <largest-consumer threadName="main" threadId="0000000000016F00" bytes="242758792" />
</allocation-stats>
<gc-op id="2015" type="mark" timems="331.377" contextid="2012" timestamp="2022-02-02T12:34:11.829">
  <trace-info objectcount="13402577" scancount="10039629" scanbytes="215006612" />
  <finalization candidates="420" enqueued="26" />
  <ownableSynchronizers candidates="1" cleared="0" />
  <references type="soft" candidates="894" cleared="0" enqueued="0" dynamicThreshold="9" maxThreshold="32" />
  <references type="weak" candidates="1964" cleared="0" enqueued="0" />
  <references type="phantom" candidates="100" cleared="1" enqueued="1" />
  <stringconstants candidates="6478" cleared="0"  />
  <object-monitors candidates="2" cleared="0"  />
</gc-op>
<gc-op id="2016" type="sweep" timems="6.386" contextid="2012" timestamp="2022-02-02T12:34:11.836" />
<mem-info id="2017" free="11579320" total="838860800" percent="1">
  <mem type="tenure" free="11579320" total="838860800" percent="1" micro-fragmented="96943062" macro-fragmented="0">
    <mem type="soa" free="3190712" total="830472192" percent="0" />
    <mem type="loa" free="8388608" total="8388608" percent="100" />
  </mem>
  <pending-finalizers system="26" default="0" reference="1" classloader="0" />
</mem-info>
<gc-op id="2018" type="compact" timems="404.215" contextid="2012" timestamp="2022-02-02T12:34:12.240">
  <compact-info movecount="8776918" movebytes="481260168" reason="low free space (less than 4%)" />
</gc-op>
<gc-end id="2019" type="global" contextid="2012" durationms="742.290" usertimems="2156.449" systemtimems="6.689" stalltimems="775.863" timestamp="2022-02-02T12:34:12.240" activeThreads="4">
  <mem-info id="2020" free="108526888" total="838860800" percent="12">
    <mem type="tenure" free="108526888" total="838860800" percent="12">
      <mem type="soa" free="100138280" total="830472192" percent="12" />
      <mem type="loa" free="8388608" total="8388608" percent="100" />
    </mem>
    <pending-finalizers system="26" default="0" reference="1" classloader="0" />
  </mem-info>
</gc-end>
<cycle-end id="2021" type="global" contextid="2012" timestamp="2022-02-02T12:34:12.240" />
<allocation-satisfied id="2022" threadId="0000000000016F00" bytesRequested="24" />
<af-end id="2023" timestamp="2022-02-02T12:34:12.240" threadId="0000000000017908" success="true" />
<exclusive-end id="2024" timestamp="2022-02-02T12:34:12.240" durationms="743.049" />

<exclusive-start id="2025" timestamp="2022-02-02T12:34:13.100" intervalms="1603.178">
  <response-info timems="0.025" idlems="0.025" threads="0" lastid="0000000000016F00" lastname="main" />
</exclusive-start>
<af-start id="2026" threadId="0000000000017908" totalBytesRequested="24" timestamp="2022-02-02T12:34:13.100" intervalms="1602.797" />
<cycle-start id="2027" type="global" contextid="0" timestamp="2022-02-02T12:34:13.100" intervalms="1602.680" />
<gc-start id="2028" type="global" contextid="2027" timestamp="2022-02-02T12:34:13.100">
  <mem-info id="2029" free="8388608" total="838860800" percent="1">
    <mem type="tenure" free="8388608" total="838860800" percent="1">
      <mem type="soa" free="0" total="830472192" percent="0" />
      <mem type="loa" free="8388608" total="8388608" percent="100" />
    </mem>
  </mem-info>
</gc-start>
<allocation-stats totalBytes="100095400" >
  <allocated-bytes non-tlh="2387744" tlh="97707656" />
  <largest-consumer threadName="main" threadId="0000000000016F00" bytes="100079016" />
</allocation-stats>
<gc-op id="2030" type="mark" timems="334.630" contextid="2027" timestamp="2022-02-02T12:34:13.435">
  <trace-info objectcount="10287797" scancount="7703485" scanbytes="165165684" />
  <finalization candidates="455" enqueued="84" />
  <ownableSynchronizers candidates="1" cleared="0" />
  <references type="soft" candidates="894" cleared="0" enqueued="0" dynamicThreshold="4" maxThreshold="32" />
  <references type="weak" candidates="1964" cleared="0" enqueued="0" />
  <references type="phantom" candidates="90" cleared="8" enqueued="8" />
  <stringconstants candidates="6478" cleared="0"  />
  <object-monitors candidates="2" cleared="0"  />
</gc-op>
<gc-op id="2031" type="sweep" timems="5.132" contextid="2027" timestamp="2022-02-02T12:34:13.440" />
<gc-end id="2032" type="global" contextid="2027" durationms="340.122" usertimems="856.404" systemtimems="19.437" stalltimems="477.392" timestamp="2022-02-02T12:34:13.441" activeThreads="4">
  <mem-info id="2033" free="251332688" total="838860800" percent="29">
    <mem type="tenure" free="251332688" total="838860800" percent="29" micro-fragmented="27652954" macro-fragmented="0">
      <mem type="soa" free="242944080" total="830472192" percent="29" />
      <mem type="loa" free="8388608" total="8388608" percent="100" />
    </mem>
    <pending-finalizers system="83" default="1" reference="8" classloader="0" />
  </mem-info>
</gc-end>
<cycle-end id="2034" type="global" contextid="2027" timestamp="2022-02-02T12:34:13.441" />
<allocation-satisfied id="2035" threadId="0000000000016F00" bytesRequested="24" />
<af-end id="2036" timestamp="2022-02-02T12:34:13.441" threadId="0000000000017908" success="true" />
<exclusive-end id="2037" timestamp="2022-02-02T12:34:13.441" durationms="340.424" />

<exclusive-start id="2038" timestamp="2022-02-02T12:34:15.235" intervalms="2134.233">
  <response-info timems="0.022" idlems="0.022" threads="0" lastid="0000000000016F00" lastname="main" />
</exclusive-start>
<af-start id="2039" threadId="0000000000017908" totalBytesRequested="56" timestamp="2022-02-02T12:34:15.235" intervalms="2134.229" />
<cycle-start id="2040" type="global" contextid="0" timestamp="2022-02-02T12:34:15.235" intervalms="2134.228" />
<gc-start id="2041" type="global" contextid="2040" timestamp="2022-02-02T12:34:15.235">
  <mem-info id="2042" free="8388608" total="838860800" percent="1">
    <mem type="tenure" free="8388608" total="838860800" percent="1">
      <mem type="soa" free="0" total="830472192" percent="0" />
      <mem type="loa" free="8388608" total="8388608" percent="100" />
    </mem>
  </mem-info>
</gc-start>
<allocation-stats totalBytes="242782264" >
  <allocated-bytes non-tlh="573456" tlh="242208808" />
  <largest-consumer threadName="main" threadId="0000000000016F00" bytes="242770624" />
</allocation-stats>
<gc-op id="2043" type="mark" timems="331.148" contextid="2040" timestamp="2022-02-02T12:34:15.566">
  <trace-info objectcount="13401891" scancount="10039112" scanbytes="214995428" />
  <finalization candidates="420" enqueued="26" />
  <ownableSynchronizers candidates="1" cleared="0" />
  <references type="soft" candidates="894" cleared="0" enqueued="0" dynamicThreshold="9" maxThreshold="32" />
  <references type="weak" candidates="1964" cleared="0" enqueued="0" />
  <references type="phantom" candidates="100" cleared="1" enqueued="1" />
  <stringconstants candidates="6478" cleared="0"  />
  <object-monitors candidates="2" cleared="0"  />
</gc-op>
<gc-op id="2044" type="sweep" timems="11.505" contextid="2040" timestamp="2022-02-02T12:34:15.578" />
<mem-info id="2045" free="11576984" total="838860800" percent="1">
  <mem type="tenure" free="11576984" total="838860800" percent="1" micro-fragmented="97079241" macro-fragmented="0">
    <mem type="soa" free="3188376" total="830472192" percent="0" />
    <mem type="loa" free="8388608" total="8388608" percent="100" />
  </mem>
  <pending-finalizers system="26" default="0" reference="1" classloader="0" />
</mem-info>
<gc-op id="2046" type="compact" timems="418.285" contextid="2040" timestamp="2022-02-02T12:34:15.996">
  <compact-info movecount="8776115" movebytes="481240136" reason="low free space (less than 4%)" />
</gc-op>
<gc-end id="2047" type="global" contextid="2040" durationms="761.509" usertimems="2279.825" systemtimems="11.504" stalltimems="729.129" timestamp="2022-02-02T12:34:15.996" activeThreads="4">
  <mem-info id="2048" free="108530152" total="838860800" percent="12">
    <mem type="tenure" free="108530152" total="838860800" percent="12">
      <mem type="soa" free="100141544" total="830472192" percent="12" />
      <mem type="loa" free="8388608" total="8388608" percent="100" />
    </mem>
    <pending-finalizers system="26" default="0" reference="1" classloader="0" />
  </mem-info>
</gc-end>
<cycle-end id="2049" type="global" contextid="2040" timestamp="2022-02-02T12:34:15.996" />
<allocation-satisfied id="2050" threadId="0000000000016F00" bytesRequested="56" />
<af-end id="2051" timestamp="2022-02-02T12:34:15.996" threadId="0000000000017908" success="true" />
<exclusive-end id="2052" timestamp="2022-02-02T12:34:15.996" durationms="761.867" />

<exclusive-start id="2053" timestamp="2022-02-02T12:34:16.833" intervalms="1598.471">
  <response-info timems="0.034" idlems="0.034" threads="0" lastid="0000000000016F00" lastname="main" />
</exclusive-start>
<af-start id="2054" threadId="0000000000017908" totalBytesRequested="24" timestamp="2022-02-02T12:34:16.834" intervalms="1599.024" />
<cycle-start id="2055" type="global" contextid="0" timestamp="2022-02-02T12:34:16.834" intervalms="1599.059" />
<gc-start id="2056" type="global" contextid="2055" timestamp="2022-02-02T12:34:16.834">
  <mem-info id="2057" free="8388608" total="838860800" percent="1">
    <mem type="tenure" free="8388608" total="838860800" percent="1">
      <mem type="soa" free="0" total="830472192" percent="0" />
      <mem type="loa" free="8388608" total="8388608" percent="100" />
    </mem>
  </mem-info>
</gc-start>
<allocation-stats totalBytes="100098384" >
  <allocated-bytes non-tlh="2387744" tlh="97710640" />
  <largest-consumer threadName="main" threadId="0000000000016F00" bytes="100090192" />
</allocation-stats>
<gc-op id="2058" type="mark" timems="342.048" contextid="2055" timestamp="2022-02-02T12:34:17.176">
  <trace-info objectcount="10287683" scancount="7703346" scanbytes="165163652" />
  <finalization candidates="455" enqueued="84" />
  <ownableSynchronizers candidates="1" cleared="0" />
  <references type="soft" candidates="894" cleared="0" enqueued="0" dynamicThreshold="4" maxThreshold="32" />
  <references type="weak" candidates="1964" cleared="0" enqueued="0" />
  <references type="phantom" candidates="90" cleared="8" enqueued="8" />
  <stringconstants candidates="6478" cleared="0"  />
  <object-monitors candidates="2" cleared="0"  />
</gc-op>
<gc-op id="2059" type="sweep" timems="5.465" contextid="2055" timestamp="2022-02-02T12:34:17.182" />
<gc-end id="2060" type="global" contextid="2055" durationms="348.019" usertimems="384.572" systemtimems="0.000" stalltimems="999.932" timestamp="2022-02-02T12:34:17.182" activeThreads="4">
  <mem-info id="2061" free="251334608" total="838860800" percent="29">
    <mem type="tenure" free="251334608" total="838860800" percent="29" micro-fragmented="27580554" macro-fragmented="0">
      <mem type="soa" free="242946000" total="830472192" percent="29" />
      <mem type="loa" free="8388608" total="8388608" percent="100" />
    </mem>
    <pending-finalizers system="83" default="1" reference="8" classloader="0" />
  </mem-info>
</gc-end>
<cycle-end id="2062" type="global" contextid="2055" timestamp="2022-02-02T12:34:17.182" />
<allocation-satisfied id="2063" threadId="0000000000016F00" bytesRequested="24" />
<af-end id="2064" timestamp="2022-02-02T12:34:17.182" threadId="0000000000017908" success="true" />
<exclusive-end id="2065" timestamp="2022-02-02T12:34:17.182" durationms="349.006" />

<exclusive-start id="2066" timestamp="2022-02-02T12:34:18.965" intervalms="2132.365">
  <response-info timems="0.040" idlems="0.040" threads="0" lastid="0000000000016F00" lastname="main" />
</exclusive-start>
<af-start id="2067" threadId="0000000000017908" totalBytesRequested="24" timestamp="2022-02-02T12:34:18.965" intervalms="2131.895" />
<cycle-start id="2068" type="global" contextid="0" timestamp="2022-02-02T12:34:18.966" intervalms="2131.859" />
<gc-start id="2069" type="global" contextid="2068" timestamp="2022-02-02T12:34:18.966">
  <mem-info id="2070" free="8388608" total="838860800" percent="1">
    <mem type="tenure" free="8388608" total="838860800" percent="1">
      <mem type="soa" free="0" total="830472192" percent="0" />
      <mem type="loa" free="8388608" total="8388608" percent="100" />
    </mem>
  </mem-info>
</gc-start>
<allocation-stats totalBytes="242785808" >
  <allocated-bytes non-tlh="573456" tlh="242212352" />
  <largest-consumer threadName="main" threadId="0000000000016F00" bytes="242767760" />
</allocation-stats>
<gc-op id="2071" type="mark" timems="464.773" contextid="2068" timestamp="2022-02-02T12:34:19.430">
  <trace-info objectcount="13401468" scancount="10038826" scanbytes="214988468" />
  <finalization candidates="420" enqueued="26" />
  <ownableSynchronizers candidates="1" cleared="0" />
  <references type="soft" candidates="894" cleared="0" enqueued="0" dynamicThreshold="9" maxThreshold="32" />
  <references type="weak" candidates="1964" cleared="0" enqueued="0" />
  <references type="phantom" candidates="100" cleared="1" enqueued="1" />
  <stringconstants candidates="6478" cleared="0"  />
  <object-monitors candidates="2" cleared="0"  />
</gc-op>
<gc-op id="2072" type="sweep" timems="6.179" contextid="2068" timestamp="2022-02-02T12:34:19.437" />
<mem-info id="2073" free="11579752" total="838860800" percent="1">
  <mem type="tenure" free="11579752" total="838860800" percent="1" micro-fragmented="97239730" macro-fragmented="4479464">
    <mem type="soa" free="3191144" total="830472192" percent="0" />
    <mem type="loa" free="8388608" total="8388608" percent="100" />
  </mem>
  <pending-finalizers system="26" default="0" reference="1" classloader="0" />
</mem-info>
<gc-op id="2074" type="compact" timems="415.934" contextid="2068" timestamp="2022-02-02T12:34:19.853">
  <compact-info movecount="8774087" movebytes="481089168" reason="low free space (less than 4%)" />
</gc-op>
<gc-end id="2075" type="global" contextid="2068" durationms="887.419" usertimems="2923.054" systemtimems="40.497" stalltimems="535.742" timestamp="2022-02-02T12:34:19.853" activeThreads="4">
  <mem-info id="2076" free="108533256" total="838860800" percent="12">
    <mem type="tenure" free="108533256" total="838860800" percent="12">
      <mem type="soa" free="100144648" total="830472192" percent="12" />
      <mem type="loa" free="8388608" total="8388608" percent="100" />
    </mem>
    <pending-finalizers system="26" default="0" reference="1" classloader="0" />
  </mem-info>
</gc-end>
<cycle-end id="2077" type="global" contextid="2068" timestamp="2022-02-02T12:34:19.853" />
<allocation-satisfied id="2078" threadId="0000000000016F00" bytesRequested="24" />
<af-end id="2079" timestamp="2022-02-02T12:34:19.853" threadId="0000000000017908" success="true" />
<exclusive-end id="2080" timestamp="2022-02-02T12:34:19.853" durationms="887.798" />

<exclusive-start id="2081" timestamp="2022-02-02T12:34:20.732" intervalms="1766.559">
  <response-info timems="0.025" idlems="0.025" threads="0" lastid="0000000000016F00" lastname="main" />
</exclusive-start>
<af-start id="2082" threadId="0000000000017908" totalBytesRequested="24" timestamp="2022-02-02T12:34:20.732" intervalms="1766.480" />
<cycle-start id="2083" type="global" contextid="0" timestamp="2022-02-02T12:34:20.732" intervalms="1766.480" />
<gc-start id="2084" type="global" contextid="2083" timestamp="2022-02-02T12:34:20.732">
  <mem-info id="2085" free="8388608" total="838860800" percent="1">
    <mem type="tenure" free="8388608" total="838860800" percent="1">
      <mem type="soa" free="0" total="830472192" percent="0" />
      <mem type="loa" free="8388608" total="8388608" percent="100" />
    </mem>
  </mem-info>
</gc-start>
<allocation-stats totalBytes="100101536" >
  <allocated-bytes non-tlh="2290720" tlh="97810816" />
  <largest-consumer threadName="main" threadId="0000000000016F00" bytes="100100696" />
</allocation-stats>
<gc-op id="2086" type="mark" timems="303.926" contextid="2083" timestamp="2022-02-02T12:34:21.036">
  <trace-info objectcount="10287660" scancount="7703421" scanbytes="165163068" />
  <finalization candidates="455" enqueued="84" />
  <ownableSynchronizers candidates="1" cleared="0" />
  <references type="soft" candidates="894" cleared="0" enqueued="0" dynamicThreshold="4" maxThreshold="32" />
  <references type="weak" candidates="1964" cleared="0" enqueued="0" />
  <references type="phantom" candidates="90" cleared="8" enqueued="8" />
  <stringconstants candidates="6478" cleared="0"  />
  <object-monitors candidates="2" cleared="0"  />
</gc-op>
<gc-op id="2087" type="sweep" timems="5.434" contextid="2083" timestamp="2022-02-02T12:34:21.042" />
<gc-end id="2088" type="global" contextid="2083" durationms="309.745" usertimems="698.621" systemtimems="4.210" stalltimems="534.182" timestamp="2022-02-02T12:34:21.042" activeThreads="4">
  <mem-info id="2089" free="251307208" total="838860800" percent="29">
    <mem type="tenure" free="251307208" total="838860800" percent="29" micro-fragmented="27789483" macro-fragmented="0">
      <mem type="soa" free="242918600" total="830472192" percent="29" />
      <mem type="loa" free="8388608" total="8388608" percent="100" />
    </mem>
    <pending-finalizers system="83" default="1" reference="8" classloader="0" />
  </mem-info>
</gc-end>
<cycle-end id="2090" type="global" contextid="2083" timestamp="2022-02-02T12:34:21.042" />
<allocation-satisfied id="2091" threadId="0000000000016F00" bytesRequested="24" />
<af-end id="2092" timestamp="2022-02-02T12:34:21.042" threadId="0000000000017908" success="true" />
<exclusive-end id="2093" timestamp="2022-02-02T12:34:21.042" durationms="310.040" />

<exclusive-start id="2094" timestamp="2022-02-02T12:34:22.934" intervalms="2201.762">
  <response-info timems="0.026" idlems="0.026" threads="0" lastid="0000000000016F00" lastname="main" />
</exclusive-start>
<af-start id="2095" threadId="0000000000017908" totalBytesRequested="216" timestamp="2022-02-02T12:34:22.934" intervalms="2201.760" />
<cycle-start id="2096" type="global" contextid="0" timestamp="2022-02-02T12:34:22.934" intervalms="2201.761" />
<gc-start id="2097" type="global" contextid="2096" timestamp="2022-02-02T12:34:22.934">
  <mem-info id="2098" free="8388608" total="838860800" percent="1">
    <mem type="tenure" free="8388608" total="838860800" percent="1">
      <mem type="soa" free="0" total="830472192" percent="0" />
      <mem type="loa" free="8388608" total="8388608" percent="100" />
    </mem>
  </mem-info>
</gc-start>
<allocation-stats totalBytes="242760912" >
  <allocated-bytes non-tlh="565248" tlh="242195664" />
  <largest-consumer threadName="main" threadId="0000000000016F00" bytes="242746248" />
</allocation-stats>
<gc-op id="2099" type="mark" timems="328.222" contextid="2096" timestamp="2022-02-02T12:34:23.262">
  <trace-info objectcount="13401163" scancount="10038541" scanbytes="214983364" />
  <finalization candidates="420" enqueued="26" />
  <ownableSynchronizers candidates="1" cleared="0" />
  <references type="soft" candidates="894" cleared="0" enqueued="0" dynamicThreshold="9" maxThreshold="32" />
  <references type="weak" candidates="1964" cleared="0" enqueued="0" />
  <references type="phantom" candidates="100" cleared="1" enqueued="1" />
  <stringconstants candidates="6478" cleared="0"  />
  <object-monitors candidates="2" cleared="0"  />
</gc-op>
<gc-op id="2100" type="sweep" timems="9.758" contextid="2096" timestamp="2022-02-02T12:34:23.272" />
<mem-info id="2101" free="11575288" total="838860800" percent="1">
  <mem type="tenure" free="11575288" total="838860800" percent="1" micro-fragmented="97190899" macro-fragmented="0">
    <mem type="soa" free="3186680" total="830472192" percent="0" />
    <mem type="loa" free="8388608" total="8388608" percent="100" />
  </mem>
  <pending-finalizers system="26" default="0" reference="1" classloader="0" />
</mem-info>
<gc-op id="2102" type="compact" timems="477.744" contextid="2096" timestamp="2022-02-02T12:34:23.750">
  <compact-info movecount="8774481" movebytes="481151504" reason="low free space (less than 4%)" />
</gc-op>
<gc-end id="2103" type="global" contextid="2096" durationms="816.080" usertimems="2470.133" systemtimems="4.950" stalltimems="717.289" timestamp="2022-02-02T12:34:23.750" activeThreads="4">
  <mem-info id="2104" free="108531056" total="838860800" percent="12">
    <mem type="tenure" free="108531056" total="838860800" percent="12">
      <mem type="soa" free="100142448" total="830472192" percent="12" />
      <mem type="loa" free="8388608" total="8388608" percent="100" />
    </mem>
    <pending-finalizers system="26" default="0" reference="1" classloader="0" />
  </mem-info>
</gc-end>
<cycle-end id="2105" type="global" contextid="2096" timestamp="2022-02-02T12:34:23.750" />
<allocation-satisfied id="2106" threadId="0000000000016F00" bytesRequested="216" />
<af-end id="2107" timestamp="2022-02-02T12:34:23.750" threadId="0000000000017908" success="true" />
<exclusive-end id="2108" timestamp="2022-02-02T12:34:23.750" durationms="816.331" />

<exclusive-start id="2109" timestamp="2022-02-02T12:34:24.699" intervalms="1765.173">
  <response-info timems="0.041" idlems="0.041" threads="0" lastid="0000000000016F00" lastname="main" />
</exclusive-start>
<af-start id="2110" threadId="0000000000017908" totalBytesRequested="104" timestamp="2022-02-02T12:34:24.699" intervalms="1765.177" />
<cycle-start id="2111" type="global" contextid="0" timestamp="2022-02-02T12:34:24.699" intervalms="1765.180" />
<gc-start id="2112" type="global" contextid="2111" timestamp="2022-02-02T12:34:24.699">
  <mem-info id="2113" free="8388608" total="838860800" percent="1">
    <mem type="tenure" free="8388608" total="838860800" percent="1">
      <mem type="soa" free="0" total="830472192" percent="0" />
      <mem type="loa" free="8388608" total="8388608" percent="100" />
    </mem>
  </mem-info>
</gc-start>
<allocation-stats totalBytes="100098632" >
  <allocated-bytes non-tlh="2387744" tlh="97710888" />
  <largest-consumer threadName="main" threadId="0000000000016F00" bytes="100090440" />
</allocation-stats>
<gc-op id="2114" type="mark" timems="269.055" contextid="2111" timestamp="2022-02-02T12:34:24.968">
  <trace-info objectcount="10287289" scancount="7703112" scanbytes="165156940" />
  <finalization candidates="455" enqueued="84" />
  <ownableSynchronizers candidates="1" cleared="0" />
  <references type="soft" candidates="894" cleared="0" enqueued="0" dynamicThreshold="4" maxThreshold="32" />
  <references type="weak" candidates="1964" cleared="0" enqueued="0" />
  <references type="phantom" candidates="90" cleared="8" enqueued="8" />
  <stringconstants candidates="6478" cleared="0"  />
  <object-monitors candidates="2" cleared="0"  />
</gc-op>
<gc-op id="2115" type="sweep" timems="5.303" contextid="2111" timestamp="2022-02-02T12:34:24.973" />
<gc-end id="2116" type="global" contextid="2111" durationms="274.526" usertimems="357.487" systemtimems="4.368" stalltimems="726.150" timestamp="2022-02-02T12:34:24.974" activeThreads="4">
  <mem-info id="2117" free="251331880" total="838860800" percent="29">
    <mem type="tenure" free="251331880" total="838860800" percent="29" micro-fragmented="27588342" macro-fragmented="0">
      <mem type="soa" free="242943272" total="830472192" percent="29" />
      <mem type="loa" free="8388608" total="8388608" percent="100" />
    </mem>
    <pending-finalizers system="83" default="1" reference="8" classloader="0" />
  </mem-info>
</gc-end>
<cycle-end id="2118" type="global" contextid="2111" timestamp="2022-02-02T12:34:24.974" />
<allocation-satisfied id="2119" threadId="0000000000016F00" bytesRequested="104" />
<af-end id="2120" timestamp="2022-02-02T12:34:24.974" threadId="0000000000017908" success="true" />
<exclusive-end id="2121" timestamp="2022-02-02T12:34:24.974" durationms="274.843" />

<exclusive-start id="2122" timestamp="2022-02-02T12:34:26.787" intervalms="2088.017">
  <response-info timems="0.021" idlems="0.021" threads="0" lastid="0000000000016F00" lastname="main" />
</exclusive-start>
<af-start id="2123" threadId="0000000000017908" totalBytesRequested="16616" timestamp="2022-02-02T12:34:26.787" intervalms="2088.007" />
<cycle-start id="2124" type="global" contextid="0" timestamp="2022-02-02T12:34:26.787" intervalms="2088.002" />
<gc-start id="2125" type="global" contextid="2124" timestamp="2022-02-02T12:34:26.787">
  <mem-info id="2126" free="8396368" total="838860800" percent="1">
    <mem type="tenure" free="8396368" total="838860800" percent="1">
      <mem type="soa" free="7760" total="830472192" percent="0" />
      <mem type="loa" free="8388608" total="8388608" percent="100" />
    </mem>
  </mem-info>
</gc-start>
<allocation-stats totalBytes="242759168" >
  <allocated-bytes non-tlh="476656" tlh="242282512" />
  <largest-consumer threadName="main" threadId="0000000000016F00" bytes="242749808" />
</allocation-stats>
<gc-op id="2127" type="mark" timems="365.635" contextid="2124" timestamp="2022-02-02T12:34:27.153">
  <trace-info objectcount="13400747" scancount="10038247" scanbytes="214976532" />
  <finalization candidates="420" enqueued="26" />
  <ownableSynchronizers candidates="1" cleared="0" />
  <references type="soft" candidates="894" cleared="0" enqueued="0" dynamicThreshold="9" maxThreshold="32" />
  <references type="weak" candidates="1964" cleared="0" enqueued="0" />
  <references type="phantom" candidates="100" cleared="1" enqueued="1" />
  <stringconstants candidates="6478" cleared="0"  />
  <object-monitors candidates="2" cleared="0"  />
</gc-op>
<gc-op id="2128" type="sweep" timems="7.358" contextid="2124" timestamp="2022-02-02T12:34:27.160" />
<mem-info id="2129" free="11597584" total="838860800" percent="1">
  <mem type="tenure" free="11597584" total="838860800" percent="1" micro-fragmented="96887506" macro-fragmented="7740516">
    <mem type="soa" free="3208976" total="830472192" percent="0" />
    <mem type="loa" free="8388608" total="8388608" percent="100" />
  </mem>
  <pending-finalizers system="26" default="0" reference="1" classloader="0" />
</mem-info>
<gc-op id="2130" type="compact" timems="486.952" contextid="2124" timestamp="2022-02-02T12:34:27.647">
  <compact-info movecount="8774621" movebytes="481132992" reason="low free space (less than 4%)" />
</gc-op>
<gc-end id="2131" type="global" contextid="2124" durationms="860.212" usertimems="2558.646" systemtimems="27.157" stalltimems="837.916" timestamp="2022-02-02T12:34:27.647" activeThreads="4">
  <mem-info id="2132" free="108533424" total="838860800" percent="12">
    <mem type="tenure" free="108533424" total="838860800" percent="12">
      <mem type="soa" free="100144816" total="830472192" percent="12" />
      <mem type="loa" free="8388608" total="8388608" percent="100" />
    </mem>
    <pending-finalizers system="26" default="0" reference="1" classloader="0" />
  </mem-info>
</gc-end>
<cycle-end id="2133" type="global" contextid="2124" timestamp="2022-02-02T12:34:27.647" />
<allocation-satisfied id="2134" threadId="0000000000016F00" bytesRequested="16616" />
<af-end id="2135" timestamp="2022-02-02T12:34:27.647" threadId="0000000000017908" success="true" />
<exclusive-end id="2136" timestamp="2022-02-02T12:34:27.647" durationms="860.530" />

<exclusive-start id="2137" timestamp="2022-02-02T12:34:28.497" intervalms="1709.883">
  <response-info timems="0.023" idlems="0.023" threads="0" lastid="0000000000016F00" lastname="main" />
</exclusive-start>
<af-start id="2138" threadId="0000000000017908" totalBytesRequested="104" timestamp="2022-02-02T12:34:28.497" intervalms="1709.890" />
<cycle-start id="2139" type="global" contextid="0" timestamp="2022-02-02T12:34:28.497" intervalms="1709.893" />
<gc-start id="2140" type="global" contextid="2139" timestamp="2022-02-02T12:34:28.497">
  <mem-info id="2141" free="8388608" total="838860800" percent="1">
    <mem type="tenure" free="8388608" total="838860800" percent="1">
      <mem type="soa" free="0" total="830472192" percent="0" />
      <mem type="loa" free="8388608" total="8388608" percent="100" />
    </mem>
  </mem-info>
</gc-start>
<allocation-stats totalBytes="100116384" >
  <allocated-bytes non-tlh="2404360" tlh="97712024" />
  <largest-consumer threadName="main" threadId="0000000000016F00" bytes="100115536" />
</allocation-stats>
<gc-op id="2142" type="mark" timems="296.271" contextid="2139" timestamp="2022-02-02T12:34:28.793">
  <trace-info objectcount="10287223" scancount="7702986" scanbytes="165155676" />
  <finalization candidates="455" enqueued="84" />
  <ownableSynchronizers candidates="1" cleared="0" />
  <references type="soft" candidates="894" cleared="0" enqueued="0" dynamicThreshold="4" maxThreshold="32" />
  <references type="weak" candidates="1964" cleared="0" enqueued="0" />
  <references type="phantom" candidates="90" cleared="8" enqueued="8" />
  <stringconstants candidates="6478" cleared="0"  />
  <object-monitors candidates="2" cleared="0"  />
</gc-op>
<gc-op id="2143" type="sweep" timems="4.805" contextid="2139" timestamp="2022-02-02T12:34:28.798" />
<gc-end id="2144" type="global" contextid="2139" durationms="301.222" usertimems="622.936" systemtimems="4.303" stalltimems="575.934" timestamp="2022-02-02T12:34:28.798" activeThreads="4">
  <mem-info id="2145" free="251329600" total="838860800" percent="29">
    <mem type="tenure" free="251329600" total="838860800" percent="29" micro-fragmented="27845453" macro-fragmented="518472">
      <mem type="soa" free="242940992" total="830472192" percent="29" />
      <mem type="loa" free="8388608" total="8388608" percent="100" />
    </mem>
    <pending-finalizers system="83" default="1" reference="8" classloader="0" />
  </mem-info>
</gc-end>
<cycle-end id="2146" type="global" contextid="2139" timestamp="2022-02-02T12:34:28.798" />
<allocation-satisfied id="2147" threadId="0000000000016F00" bytesRequested="104" />
<af-end id="2148" timestamp="2022-02-02T12:34:28.798" threadId="0000000000017908" success="true" />
<exclusive-end id="2149" timestamp="2022-02-02T12:34:28.798" durationms="301.483" />

<exclusive-start id="2150" timestamp="2022-02-02T12:34:30.476" intervalms="1979.338">
  <response-info timems="0.022" idlems="0.022" threads="0" lastid="0000000000016F00" lastname="main" />
</exclusive-start>
<af-start id="2151" threadId="0000000000017908" totalBytesRequested="8208" timestamp="2022-02-02T12:34:30.476" intervalms="1979.333" />
<cycle-start id="2152" type="global" contextid="0" timestamp="2022-02-02T12:34:30.476" intervalms="1979.330" />
<gc-start id="2153" type="global" contextid="2152" timestamp="2022-02-02T12:34:30.476">
  <mem-info id="2154" free="8394512" total="838860800" percent="1">
    <mem type="tenure" free="8394512" total="838860800" percent="1">
      <mem type="soa" free="5904" total="830472192" percent="0" />
      <mem type="loa" free="8388608" total="8388608" percent="100" />
    </mem>
  </mem-info>
</gc-start>
<allocation-stats totalBytes="242773792" >
  <allocated-bytes non-tlh="550504" tlh="242223288" />
  <largest-consumer threadName="main" threadId="0000000000016F00" bytes="242749424" />
</allocation-stats>
<gc-op id="2155" type="mark" timems="458.800" contextid="2152" timestamp="2022-02-02T12:34:30.935">
  <trace-info objectcount="13400768" scancount="10038240" scanbytes="214976532" />
  <finalization candidates="419" enqueued="26" />
  <ownableSynchronizers candidates="1" cleared="0" />
  <references type="soft" candidates="894" cleared="0" enqueued="0" dynamicThreshold="9" maxThreshold="32" />
  <references type="weak" candidates="1964" cleared="0" enqueued="0" />
  <references type="phantom" candidates="100" cleared="1" enqueued="1" />
  <stringconstants candidates="6478" cleared="0"  />
  <object-monitors candidates="2" cleared="0"  />
</gc-op>
<gc-op id="2156" type="sweep" timems="6.676" contextid="2152" timestamp="2022-02-02T12:34:30.942" />
<mem-info id="2157" free="11592800" total="838860800" percent="1">
  <mem type="tenure" free="11592800" total="838860800" percent="1" micro-fragmented="97547588" macro-fragmented="0">
    <mem type="soa" free="3204192" total="830472192" percent="0" />
    <mem type="loa" free="8388608" total="8388608" percent="100" />
  </mem>
  <pending-finalizers system="26" default="0" reference="1" classloader="0" />
</mem-info>
<gc-op id="2158" type="compact" timems="394.943" contextid="2152" timestamp="2022-02-02T12:34:31.337">
  <compact-info movecount="8773985" movebytes="481097728" reason="low free space (less than 4%)" />
</gc-op>
<gc-end id="2159" type="global" contextid="2152" durationms="861.001" usertimems="2826.259" systemtimems="24.298" stalltimems="556.599" timestamp="2022-02-02T12:34:31.337" activeThreads="4">
  <mem-info id="2160" free="108539488" total="838860800" percent="12">
    <mem type="tenure" free="108539488" total="838860800" percent="12">
      <mem type="soa" free="100150880" total="830472192" percent="12" />
      <mem type="loa" free="8388608" total="8388608" percent="100" />
    </mem>
    <pending-finalizers system="26" default="0" reference="1" classloader="0" />
  </mem-info>
</gc-end>
<cycle-end id="2161" type="global" contextid="2152" timestamp="2022-02-02T12:34:31.337" />
<allocation-satisfied id="2162" threadId="0000000000016F00" bytesRequested="8208" />
<af-end id="2163" timestamp="2022-02-02T12:34:31.337" threadId="0000000000017908" success="true" />
<exclusive-end id="2164" timestamp="2022-02-02T12:34:31.337" durationms="861.351" />

<exclusive-start id="2165" timestamp="2022-02-02T12:34:32.136" intervalms="1659.652">
  <response-info timems="0.022" idlems="0.022" threads="0" lastid="0000000000016F00" lastname="main" />
</exclusive-start>
<af-start id="2166" threadId="0000000000017908" totalBytesRequested="192" timestamp="2022-02-02T12:34:32.136" intervalms="1659.657" />
<cycle-start id="2167" type="global" contextid="0" timestamp="2022-02-02T12:34:32.136" intervalms="1659.660" />
<gc-start id="2168" type="global" contextid="2167" timestamp="2022-02-02T12:34:32.136">
  <mem-info id="2169" free="8388608" total="838860800" percent="1">
    <mem type="tenure" free="8388608" total="838860800" percent="1">
      <mem type="soa" free="0" total="830472192" percent="0" />
      <mem type="loa" free="8388608" total="8388608" percent="100" />
    </mem>
  </mem-info>
</gc-start>
<allocation-stats totalBytes="100112816" >
  <allocated-bytes non-tlh="2483144" tlh="97629672" />
  <largest-consumer threadName="main" threadId="0000000000016F00" bytes="100112024" />
</allocation-stats>
<gc-op id="2170" type="mark" timems="221.271" contextid="2167" timestamp="2022-02-02T12:34:32.357">
  <trace-info objectcount="10287114" scancount="7702940" scanbytes="165153708" />
  <finalization candidates="455" enqueued="84" />
  <ownableSynchronizers candidates="1" cleared="0" />
  <references type="soft" candidates="894" cleared="0" enqueued="0" dynamicThreshold="4" maxThreshold="32" />
  <references type="weak" candidates="1964" cleared="0" enqueued="0" />
  <references type="phantom" candidates="90" cleared="8" enqueued="8" />
  <stringconstants candidates="6478" cleared="0"  />
  <object-monitors candidates="2" cleared="0"  />
</gc-op>
<gc-op id="2171" type="sweep" timems="6.151" contextid="2167" timestamp="2022-02-02T12:34:32.363" />
<gc-end id="2172" type="global" contextid="2167" durationms="227.577" usertimems="313.202" systemtimems="3.890" stalltimems="584.554" timestamp="2022-02-02T12:34:32.363" activeThreads="4">
  <mem-info id="2173" free="251318872" total="838860800" percent="29">
    <mem type="tenure" free="251318872" total="838860800" percent="29" micro-fragmented="27712530" macro-fragmented="0">
      <mem type="soa" free="242930264" total="830472192" percent="29" />
      <mem type="loa" free="8388608" total="8388608" percent="100" />
    </mem>
    <pending-finalizers system="83" default="1" reference="8" classloader="0" />
  </mem-info>
</gc-end>
<cycle-end id="2174" type="global" contextid="2167" timestamp="2022-02-02T12:34:32.364" />
<allocation-satisfied id="2175" threadId="0000000000016F00" bytesRequested="192" />
<af-end id="2176" timestamp="2022-02-02T12:34:32.364" threadId="0000000000017908" success="true" />
<exclusive-end id="2177" timestamp="2022-02-02T12:34:32.364" durationms="227.890" />

<exclusive-start id="2178" timestamp="2022-02-02T12:34:34.047" intervalms="1911.644">
  <response-info timems="0.021" idlems="0.021" threads="0" lastid="0000000000016F00" lastname="main" />
</exclusive-start>
<af-start id="2179" threadId="0000000000017908" totalBytesRequested="8208" timestamp="2022-02-02T12:34:34.048" intervalms="1911.923" />
<cycle-start id="2180" type="global" contextid="0" timestamp="2022-02-02T12:34:34.048" intervalms="1911.988" />
<gc-start id="2181" type="global" contextid="2180" timestamp="2022-02-02T12:34:34.048">
  <mem-info id="2182" free="8388608" total="838860800" percent="1">
    <mem type="tenure" free="8388608" total="838860800" percent="1">
      <mem type="soa" free="0" total="830472192" percent="0" />
      <mem type="loa" free="8388608" total="8388608" percent="100" />
    </mem>
  </mem-info>
</gc-start>
<allocation-stats totalBytes="242766976" >
  <allocated-bytes non-tlh="550504" tlh="242216472" />
  <largest-consumer threadName="main" threadId="0000000000016F00" bytes="242761440" />
</allocation-stats>
<gc-op id="2183" type="mark" timems="486.136" contextid="2180" timestamp="2022-02-02T12:34:34.534">
  <trace-info objectcount="13400794" scancount="10038262" scanbytes="214976740" />
  <finalization candidates="419" enqueued="26" />
  <ownableSynchronizers candidates="1" cleared="0" />
  <references type="soft" candidates="894" cleared="0" enqueued="0" dynamicThreshold="9" maxThreshold="32" />
  <references type="weak" candidates="1964" cleared="0" enqueued="0" />
  <references type="phantom" candidates="100" cleared="1" enqueued="1" />
  <stringconstants candidates="6478" cleared="0"  />
  <object-monitors candidates="2" cleared="0"  />
</gc-op>
<gc-op id="2184" type="sweep" timems="6.060" contextid="2180" timestamp="2022-02-02T12:34:34.540" />
<mem-info id="2185" free="11566328" total="838860800" percent="1">
  <mem type="tenure" free="11566328" total="838860800" percent="1" micro-fragmented="97448531" macro-fragmented="7740516">
    <mem type="soa" free="3177720" total="830472192" percent="0" />
    <mem type="loa" free="8388608" total="8388608" percent="100" />
  </mem>
  <pending-finalizers system="26" default="0" reference="1" classloader="0" />
</mem-info>
<gc-op id="2186" type="compact" timems="403.098" contextid="2180" timestamp="2022-02-02T12:34:34.943">
  <compact-info movecount="8774809" movebytes="481158488" reason="low free space (less than 4%)" />
</gc-op>
<gc-end id="2187" type="global" contextid="2180" durationms="895.702" usertimems="3141.218" systemtimems="8.880" stalltimems="407.028" timestamp="2022-02-02T12:34:34.944" activeThreads="4">
  <mem-info id="2188" free="108525864" total="838860800" percent="12">
    <mem type="tenure" free="108525864" total="838860800" percent="12">
      <mem type="soa" free="100137256" total="830472192" percent="12" />
      <mem type="loa" free="8388608" total="8388608" percent="100" />
    </mem>
    <pending-finalizers system="26" default="0" reference="1" classloader="0" />
  </mem-info>
</gc-end>
<cycle-end id="2189" type="global" contextid="2180" timestamp="2022-02-02T12:34:34.944" />
<allocation-satisfied id="2190" threadId="0000000000016F00" bytesRequested="8208" />
<af-end id="2191" timestamp="2022-02-02T12:34:34.944" threadId="0000000000017908" success="true" />
<exclusive-end id="2192" timestamp="2022-02-02T12:34:34.944" durationms="896.490" />

<exclusive-start id="2193" timestamp="2022-02-02T12:34:35.731" intervalms="1683.944">
  <response-info timems="0.023" idlems="0.023" threads="0" lastid="0000000000016F00" lastname="main" />
</exclusive-start>
<af-start id="2194" threadId="0000000000017908" totalBytesRequested="184" timestamp="2022-02-02T12:34:35.731" intervalms="1683.665" />
<cycle-start id="2195" type="global" contextid="0" timestamp="2022-02-02T12:34:35.731" intervalms="1683.600" />
<gc-start id="2196" type="global" contextid="2195" timestamp="2022-02-02T12:34:35.731">
  <mem-info id="2197" free="8388608" total="838860800" percent="1">
    <mem type="tenure" free="8388608" total="838860800" percent="1">
      <mem type="soa" free="0" total="830472192" percent="0" />
      <mem type="loa" free="8388608" total="8388608" percent="100" />
    </mem>
  </mem-info>
</gc-start>
<allocation-stats totalBytes="100099688" >
  <allocated-bytes non-tlh="2315544" tlh="97784144" />
  <largest-consumer threadName="main" threadId="0000000000016F00" bytes="100098864" />
</allocation-stats>
<gc-op id="2198" type="mark" timems="298.496" contextid="2195" timestamp="2022-02-02T12:34:36.030">
  <trace-info objectcount="10286996" scancount="7702781" scanbytes="165151612" />
  <finalization candidates="455" enqueued="84" />
  <ownableSynchronizers candidates="1" cleared="0" />
  <references type="soft" candidates="894" cleared="0" enqueued="0" dynamicThreshold="4" maxThreshold="32" />
  <references type="weak" candidates="1964" cleared="0" enqueued="0" />
  <references type="phantom" candidates="90" cleared="8" enqueued="8" />
  <stringconstants candidates="6478" cleared="0"  />
  <object-monitors candidates="2" cleared="0"  />
</gc-op>
<gc-op id="2199" type="sweep" timems="4.436" contextid="2195" timestamp="2022-02-02T12:34:36.034" />
<gc-end id="2200" type="global" contextid="2195" durationms="303.077" usertimems="657.545" systemtimems="4.108" stalltimems="543.736" timestamp="2022-02-02T12:34:36.035" activeThreads="4">
  <mem-info id="2201" free="251321432" total="838860800" percent="29">
    <mem type="tenure" free="251321432" total="838860800" percent="29" micro-fragmented="27370860" macro-fragmented="0">
      <mem type="soa" free="242932824" total="830472192" percent="29" />
      <mem type="loa" free="8388608" total="8388608" percent="100" />
    </mem>
    <pending-finalizers system="83" default="1" reference="8" classloader="0" />
  </mem-info>
</gc-end>
<cycle-end id="2202" type="global" contextid="2195" timestamp="2022-02-02T12:34:36.035" />
<allocation-satisfied id="2203" threadId="0000000000016F00" bytesRequested="184" />
<af-end id="2204" timestamp="2022-02-02T12:34:36.035" threadId="0000000000017908" success="true" />
<exclusive-end id="2205" timestamp="2022-02-02T12:34:36.035" durationms="303.370" />

<exclusive-start id="2206" timestamp="2022-02-02T12:34:37.725" intervalms="1993.682">
  <response-info timems="0.019" idlems="0.019" threads="0" lastid="0000000000016F00" lastname="main" />
</exclusive-start>
<af-start id="2207" threadId="0000000000017908" totalBytesRequested="8208" timestamp="2022-02-02T12:34:37.725" intervalms="1993.677" />
<cycle-start id="2208" type="global" contextid="0" timestamp="2022-02-02T12:34:37.725" intervalms="1993.673" />
<gc-start id="2209" type="global" contextid="2208" timestamp="2022-02-02T12:34:37.725">
  <mem-info id="2210" free="8398136" total="838860800" percent="1">
    <mem type="tenure" free="8398136" total="838860800" percent="1">
      <mem type="soa" free="9528" total="830472192" percent="0" />
      <mem type="loa" free="8388608" total="8388608" percent="100" />
    </mem>
  </mem-info>
</gc-start>
<allocation-stats totalBytes="242761832" >
  <allocated-bytes non-tlh="550504" tlh="242211328" />
  <largest-consumer threadName="main" threadId="0000000000016F00" bytes="242752880" />
</allocation-stats>
<gc-op id="2211" type="mark" timems="317.888" contextid="2208" timestamp="2022-02-02T12:34:38.043">
  <trace-info objectcount="13400768" scancount="10038243" scanbytes="214975596" />
  <finalization candidates="418" enqueued="25" />
  <ownableSynchronizers candidates="1" cleared="0" />
  <references type="soft" candidates="894" cleared="0" enqueued="0" dynamicThreshold="9" maxThreshold="32" />
  <references type="weak" candidates="1964" cleared="0" enqueued="0" />
  <references type="phantom" candidates="99" cleared="1" enqueued="1" />
  <stringconstants candidates="6478" cleared="0"  />
  <object-monitors candidates="2" cleared="0"  />
</gc-op>
<gc-op id="2212" type="sweep" timems="6.277" contextid="2208" timestamp="2022-02-02T12:34:38.049" />
<mem-info id="2213" free="11575984" total="838860800" percent="1">
  <mem type="tenure" free="11575984" total="838860800" percent="1" micro-fragmented="96722005" macro-fragmented="0">
    <mem type="soa" free="3187376" total="830472192" percent="0" />
    <mem type="loa" free="8388608" total="8388608" percent="100" />
  </mem>
  <pending-finalizers system="25" default="0" reference="1" classloader="0" />
</mem-info>
<gc-op id="2214" type="compact" timems="421.190" contextid="2208" timestamp="2022-02-02T12:34:38.471">
  <compact-info movecount="8774660" movebytes="481149624" reason="low free space (less than 4%)" />
</gc-op>
<gc-end id="2215" type="global" contextid="2208" durationms="745.647" usertimems="2232.419" systemtimems="1.576" stalltimems="724.460" timestamp="2022-02-02T12:34:38.471" activeThreads="4">
  <mem-info id="2216" free="108522344" total="838860800" percent="12">
    <mem type="tenure" free="108522344" total="838860800" percent="12">
      <mem type="soa" free="100133736" total="830472192" percent="12" />
      <mem type="loa" free="8388608" total="8388608" percent="100" />
    </mem>
    <pending-finalizers system="25" default="0" reference="1" classloader="0" />
  </mem-info>
</gc-end>
<cycle-end id="2217" type="global" contextid="2208" timestamp="2022-02-02T12:34:38.471" />
<allocation-satisfied id="2218" threadId="0000000000016F00" bytesRequested="8208" />
<af-end id="2219" timestamp="2022-02-02T12:34:38.471" threadId="0000000000017908" success="true" />
<exclusive-end id="2220" timestamp="2022-02-02T12:34:38.471" durationms="745.888" />

<exclusive-start id="2221" timestamp="2022-02-02T12:34:39.256" intervalms="1530.967">
  <response-info timems="0.030" idlems="0.030" threads="0" lastid="0000000000016F00" lastname="main" />
</exclusive-start>
<af-start id="2222" threadId="0000000000017908" totalBytesRequested="184" timestamp="2022-02-02T12:34:39.256" intervalms="1530.980" />
<cycle-start id="2223" type="global" contextid="0" timestamp="2022-02-02T12:34:39.256" intervalms="1530.986" />
<gc-start id="2224" type="global" contextid="2223" timestamp="2022-02-02T12:34:39.256">
  <mem-info id="2225" free="8388608" total="838860800" percent="1">
    <mem type="tenure" free="8388608" total="838860800" percent="1">
      <mem type="soa" free="0" total="830472192" percent="0" />
      <mem type="loa" free="8388608" total="8388608" percent="100" />
    </mem>
  </mem-info>
</gc-start>
<allocation-stats totalBytes="100094744" >
  <allocated-bytes non-tlh="2395952" tlh="97698792" />
  <largest-consumer threadName="main" threadId="0000000000016F00" bytes="100093968" />
</allocation-stats>
<gc-op id="2226" type="mark" timems="263.138" contextid="2223" timestamp="2022-02-02T12:34:39.520">
  <trace-info objectcount="10286720" scancount="7702578" scanbytes="165147172" />
  <finalization candidates="456" enqueued="85" />
  <ownableSynchronizers candidates="1" cleared="0" />
  <references type="soft" candidates="894" cleared="0" enqueued="0" dynamicThreshold="4" maxThreshold="32" />
  <references type="weak" candidates="1964" cleared="0" enqueued="0" />
  <references type="phantom" candidates="91" cleared="8" enqueued="8" />
  <stringconstants candidates="6478" cleared="0"  />
  <object-monitors candidates="2" cleared="0"  />
</gc-op>
<gc-op id="2227" type="sweep" timems="5.034" contextid="2223" timestamp="2022-02-02T12:34:39.525" />
<gc-end id="2228" type="global" contextid="2223" durationms="268.351" usertimems="489.662" systemtimems="15.881" stalltimems="563.705" timestamp="2022-02-02T12:34:39.525" activeThreads="4">
  <mem-info id="2229" free="251323464" total="838860800" percent="29">
    <mem type="tenure" free="251323464" total="838860800" percent="29" micro-fragmented="27532154" macro-fragmented="0">
      <mem type="soa" free="242934856" total="830472192" percent="29" />
      <mem type="loa" free="8388608" total="8388608" percent="100" />
    </mem>
    <pending-finalizers system="84" default="1" reference="8" classloader="0" />
  </mem-info>
</gc-end>
<cycle-end id="2230" type="global" contextid="2223" timestamp="2022-02-02T12:34:39.525" />
<allocation-satisfied id="2231" threadId="0000000000016F00" bytesRequested="184" />
<af-end id="2232" timestamp="2022-02-02T12:34:39.525" threadId="0000000000017908" success="true" />
<exclusive-end id="2233" timestamp="2022-02-02T12:34:39.525" durationms="268.902" />

<exclusive-start id="2234" timestamp="2022-02-02T12:34:41.631" intervalms="2375.487">
  <response-info timems="0.023" idlems="0.023" threads="0" lastid="0000000000016F00" lastname="main" />
</exclusive-start>
<af-start id="2235" threadId="0000000000017908" totalBytesRequested="8208" timestamp="2022-02-02T12:34:41.632" intervalms="2375.475" />
<cycle-start id="2236" type="global" contextid="0" timestamp="2022-02-02T12:34:41.632" intervalms="2375.471" />
<gc-start id="2237" type="global" contextid="2236" timestamp="2022-02-02T12:34:41.632">
  <mem-info id="2238" free="8394760" total="838860800" percent="1">
    <mem type="tenure" free="8394760" total="838860800" percent="1">
      <mem type="soa" free="6152" total="830472192" percent="0" />
      <mem type="loa" free="8388608" total="8388608" percent="100" />
    </mem>
  </mem-info>
</gc-start>
<allocation-stats totalBytes="242768328" >
  <allocated-bytes non-tlh="586640" tlh="242181688" />
  <largest-consumer threadName="main" threadId="0000000000016F00" bytes="242759856" />
</allocation-stats>
<gc-op id="2239" type="mark" timems="372.570" contextid="2236" timestamp="2022-02-02T12:34:42.004">
  <trace-info objectcount="13400766" scancount="10038218" scanbytes="214974964" />
  <finalization candidates="416" enqueued="24" />
  <ownableSynchronizers candidates="1" cleared="0" />
  <references type="soft" candidates="894" cleared="0" enqueued="0" dynamicThreshold="9" maxThreshold="32" />
  <references type="weak" candidates="1964" cleared="0" enqueued="0" />
  <references type="phantom" candidates="97" cleared="1" enqueued="1" />
  <stringconstants candidates="6478" cleared="0"  />
  <object-monitors candidates="2" cleared="0"  />
</gc-op>
<gc-op id="2240" type="sweep" timems="10.923" contextid="2236" timestamp="2022-02-02T12:34:42.015" />
<mem-info id="2241" free="11581528" total="838860800" percent="1">
  <mem type="tenure" free="11581528" total="838860800" percent="1" micro-fragmented="97011984" macro-fragmented="0">
    <mem type="soa" free="3192920" total="830472192" percent="0" />
    <mem type="loa" free="8388608" total="8388608" percent="100" />
  </mem>
  <pending-finalizers system="24" default="0" reference="1" classloader="0" />
</mem-info>
<gc-op id="2242" type="compact" timems="553.460" contextid="2236" timestamp="2022-02-02T12:34:42.569">
  <compact-info movecount="8763839" movebytes="480520496" reason="low free space (less than 4%)" />
</gc-op>
<gc-end id="2243" type="global" contextid="2236" durationms="937.207" usertimems="2428.996" systemtimems="31.116" stalltimems="931.276" timestamp="2022-02-02T12:34:42.569" activeThreads="4">
  <mem-info id="2244" free="108521008" total="838860800" percent="12">
    <mem type="tenure" free="108521008" total="838860800" percent="12">
      <mem type="soa" free="100132400" total="830472192" percent="12" />
      <mem type="loa" free="8388608" total="8388608" percent="100" />
    </mem>
    <pending-finalizers system="24" default="0" reference="1" classloader="0" />
  </mem-info>
</gc-end>
<cycle-end id="2245" type="global" contextid="2236" timestamp="2022-02-02T12:34:42.569" />
<allocation-satisfied id="2246" threadId="0000000000016F00" bytesRequested="8208" />
<af-end id="2247" timestamp="2022-02-02T12:34:42.569" threadId="0000000000017908" success="true" />
<exclusive-end id="2248" timestamp="2022-02-02T12:34:42.569" durationms="937.460" />

<exclusive-start id="2249" timestamp="2022-02-02T12:34:43.432" intervalms="1800.527">
  <response-info timems="0.024" idlems="0.024" threads="0" lastid="0000000000016F00" lastname="main" />
</exclusive-start>
<af-start id="2250" threadId="0000000000017908" totalBytesRequested="80" timestamp="2022-02-02T12:34:43.432" intervalms="1800.531" />
<cycle-start id="2251" type="global" contextid="0" timestamp="2022-02-02T12:34:43.432" intervalms="1800.533" />
<gc-start id="2252" type="global" contextid="2251" timestamp="2022-02-02T12:34:43.432">
  <mem-info id="2253" free="8388608" total="838860800" percent="1">
    <mem type="tenure" free="8388608" total="838860800" percent="1">
      <mem type="soa" free="0" total="830472192" percent="0" />
      <mem type="loa" free="8388608" total="8388608" percent="100" />
    </mem>
  </mem-info>
</gc-start>
<allocation-stats totalBytes="100097560" >
  <allocated-bytes non-tlh="2466528" tlh="97631032" />
  <largest-consumer threadName="main" threadId="0000000000016F00" bytes="100096736" />
</allocation-stats>
<gc-op id="2254" type="mark" timems="245.950" contextid="2251" timestamp="2022-02-02T12:34:43.678">
  <trace-info objectcount="10286505" scancount="7702468" scanbytes="165143740" />
  <finalization candidates="457" enqueued="86" />
  <ownableSynchronizers candidates="1" cleared="0" />
  <references type="soft" candidates="894" cleared="0" enqueued="0" dynamicThreshold="4" maxThreshold="32" />
  <references type="weak" candidates="1964" cleared="0" enqueued="0" />
  <references type="phantom" candidates="92" cleared="8" enqueued="8" />
  <stringconstants candidates="6478" cleared="0"  />
  <object-monitors candidates="2" cleared="0"  />
</gc-op>
<gc-op id="2255" type="sweep" timems="4.702" contextid="2251" timestamp="2022-02-02T12:34:43.683" />
<gc-end id="2256" type="global" contextid="2251" durationms="250.989" usertimems="280.903" systemtimems="0.000" stalltimems="716.699" timestamp="2022-02-02T12:34:43.683" activeThreads="4">
  <mem-info id="2257" free="251312848" total="838860800" percent="29">
    <mem type="tenure" free="251312848" total="838860800" percent="29" micro-fragmented="27506111" macro-fragmented="0">
      <mem type="soa" free="242924240" total="830472192" percent="29" />
      <mem type="loa" free="8388608" total="8388608" percent="100" />
    </mem>
    <pending-finalizers system="85" default="1" reference="8" classloader="0" />
  </mem-info>
</gc-end>
<cycle-end id="2258" type="global" contextid="2251" timestamp="2022-02-02T12:34:43.683" />
<allocation-satisfied id="2259" threadId="0000000000016F00" bytesRequested="80" />
<af-end id="2260" timestamp="2022-02-02T12:34:43.683" threadId="0000000000017908" success="true" />
<exclusive-end id="2261" timestamp="2022-02-02T12:34:43.683" durationms="251.310" />

<exclusive-start id="2262" timestamp="2022-02-02T12:34:45.427" intervalms="1994.824">
  <response-info timems="0.030" idlems="0.030" threads="0" lastid="0000000000016F00" lastname="main" />
</exclusive-start>
<af-start id="2263" threadId="0000000000017908" totalBytesRequested="32" timestamp="2022-02-02T12:34:45.427" intervalms="1994.826" />
<cycle-start id="2264" type="global" contextid="0" timestamp="2022-02-02T12:34:45.427" intervalms="1994.827" />
<gc-start id="2265" type="global" contextid="2264" timestamp="2022-02-02T12:34:45.427">
  <mem-info id="2266" free="8388608" total="838860800" percent="1">
    <mem type="tenure" free="8388608" total="838860800" percent="1">
      <mem type="soa" free="0" total="830472192" percent="0" />
      <mem type="loa" free="8388608" total="8388608" percent="100" />
    </mem>
  </mem-info>
</gc-start>
<allocation-stats totalBytes="242768368" >
  <allocated-bytes non-tlh="565248" tlh="242203120" />
  <largest-consumer threadName="main" threadId="0000000000016F00" bytes="242756208" />
</allocation-stats>
<gc-op id="2267" type="mark" timems="334.129" contextid="2264" timestamp="2022-02-02T12:34:45.761">
  <trace-info objectcount="13400418" scancount="10037965" scanbytes="214968660" />
  <finalization candidates="416" enqueued="24" />
  <ownableSynchronizers candidates="1" cleared="0" />
  <references type="soft" candidates="894" cleared="0" enqueued="0" dynamicThreshold="9" maxThreshold="32" />
  <references type="weak" candidates="1964" cleared="0" enqueued="0" />
  <references type="phantom" candidates="96" cleared="1" enqueued="1" />
  <stringconstants candidates="6478" cleared="0"  />
  <object-monitors candidates="2" cleared="0"  />
</gc-op>
<gc-op id="2268" type="sweep" timems="8.164" contextid="2264" timestamp="2022-02-02T12:34:45.769" />
<mem-info id="2269" free="11562208" total="838860800" percent="1">
  <mem type="tenure" free="11562208" total="838860800" percent="1" micro-fragmented="96774531" macro-fragmented="0">
    <mem type="soa" free="3173600" total="830472192" percent="0" />
    <mem type="loa" free="8388608" total="8388608" percent="100" />
  </mem>
  <pending-finalizers system="24" default="0" reference="1" classloader="0" />
</mem-info>
<gc-op id="2270" type="compact" timems="432.190" contextid="2264" timestamp="2022-02-02T12:34:46.202">
  <compact-info movecount="8774311" movebytes="481146224" reason="low free space (less than 4%)" />
</gc-op>
<gc-end id="2271" type="global" contextid="2264" durationms="774.794" usertimems="2044.955" systemtimems="2.282" stalltimems="987.809" timestamp="2022-02-02T12:34:46.202" activeThreads="4">
  <mem-info id="2272" free="108512168" total="838860800" percent="12">
    <mem type="tenure" free="108512168" total="838860800" percent="12">
      <mem type="soa" free="100123560" total="830472192" percent="12" />
      <mem type="loa" free="8388608" total="8388608" percent="100" />
    </mem>
    <pending-finalizers system="24" default="0" reference="1" classloader="0" />
  </mem-info>
</gc-end>
<cycle-end id="2273" type="global" contextid="2264" timestamp="2022-02-02T12:34:46.202" />
<allocation-satisfied id="2274" threadId="0000000000016F00" bytesRequested="32" />
<af-end id="2275" timestamp="2022-02-02T12:34:46.202" threadId="0000000000017908" success="true" />
<exclusive-end id="2276" timestamp="2022-02-02T12:34:46.202" durationms="775.085" />

<exclusive-start id="2277" timestamp="2022-02-02T12:34:46.977" intervalms="1549.843">
  <response-info timems="0.030" idlems="0.030" threads="0" lastid="0000000000016F00" lastname="main" />
</exclusive-start>
<af-start id="2278" threadId="0000000000017908" totalBytesRequested="120" timestamp="2022-02-02T12:34:46.977" intervalms="1549.842" />
<cycle-start id="2279" type="global" contextid="0" timestamp="2022-02-02T12:34:46.977" intervalms="1549.842" />
<gc-start id="2280" type="global" contextid="2279" timestamp="2022-02-02T12:34:46.977">
  <mem-info id="2281" free="8388608" total="838860800" percent="1">
    <mem type="tenure" free="8388608" total="838860800" percent="1">
      <mem type="soa" free="0" total="830472192" percent="0" />
      <mem type="loa" free="8388608" total="8388608" percent="100" />
    </mem>
  </mem-info>
</gc-start>
<allocation-stats totalBytes="100081424" >
  <allocated-bytes non-tlh="2458320" tlh="97623104" />
  <largest-consumer threadName="main" threadId="0000000000016F00" bytes="100080640" />
</allocation-stats>
<gc-op id="2282" type="mark" timems="316.414" contextid="2279" timestamp="2022-02-02T12:34:47.293">
  <trace-info objectcount="10285935" scancount="7702017" scanbytes="165134412" />
  <finalization candidates="457" enqueued="86" />
  <ownableSynchronizers candidates="1" cleared="0" />
  <references type="soft" candidates="894" cleared="0" enqueued="0" dynamicThreshold="4" maxThreshold="32" />
  <references type="weak" candidates="1964" cleared="0" enqueued="0" />
  <references type="phantom" candidates="92" cleared="8" enqueued="8" />
  <stringconstants candidates="6478" cleared="0"  />
  <object-monitors candidates="2" cleared="0"  />
</gc-op>
<gc-op id="2283" type="sweep" timems="4.648" contextid="2279" timestamp="2022-02-02T12:34:47.298" />
<gc-end id="2284" type="global" contextid="2279" durationms="321.221" usertimems="687.635" systemtimems="15.939" stalltimems="575.367" timestamp="2022-02-02T12:34:47.298" activeThreads="4">
  <mem-info id="2285" free="251338664" total="838860800" percent="29">
    <mem type="tenure" free="251338664" total="838860800" percent="29" micro-fragmented="27618225" macro-fragmented="0">
      <mem type="soa" free="242950056" total="830472192" percent="29" />
      <mem type="loa" free="8388608" total="8388608" percent="100" />
    </mem>
    <pending-finalizers system="85" default="1" reference="8" classloader="0" />
  </mem-info>
</gc-end>
<cycle-end id="2286" type="global" contextid="2279" timestamp="2022-02-02T12:34:47.298" />
<allocation-satisfied id="2287" threadId="0000000000016F00" bytesRequested="120" />
<af-end id="2288" timestamp="2022-02-02T12:34:47.298" threadId="0000000000017908" success="true" />
<exclusive-end id="2289" timestamp="2022-02-02T12:34:47.298" durationms="321.488" />

<exclusive-start id="2290" timestamp="2022-02-02T12:34:48.992" intervalms="2015.746">
  <response-info timems="0.027" idlems="0.027" threads="0" lastid="0000000000016F00" lastname="main" />
</exclusive-start>
<af-start id="2291" threadId="0000000000017908" totalBytesRequested="56" timestamp="2022-02-02T12:34:48.992" intervalms="2015.742" />
<cycle-start id="2292" type="global" contextid="0" timestamp="2022-02-02T12:34:48.992" intervalms="2015.739" />
<gc-start id="2293" type="global" contextid="2292" timestamp="2022-02-02T12:34:48.993">
  <mem-info id="2294" free="8388608" total="838860800" percent="1">
    <mem type="tenure" free="8388608" total="838860800" percent="1">
      <mem type="soa" free="0" total="830472192" percent="0" />
      <mem type="loa" free="8388608" total="8388608" percent="100" />
    </mem>
  </mem-info>
</gc-start>
<allocation-stats totalBytes="242790448" >
  <allocated-bytes non-tlh="550504" tlh="242239944" />
  <largest-consumer threadName="main" threadId="0000000000016F00" bytes="242772448" />
</allocation-stats>
<gc-op id="2295" type="mark" timems="306.283" contextid="2292" timestamp="2022-02-02T12:34:49.299">
  <trace-info objectcount="13399911" scancount="10037525" scanbytes="214960356" />
  <finalization candidates="416" enqueued="24" />
  <ownableSynchronizers candidates="1" cleared="0" />
  <references type="soft" candidates="894" cleared="0" enqueued="0" dynamicThreshold="9" maxThreshold="32" />
  <references type="weak" candidates="1964" cleared="0" enqueued="0" />
  <references type="phantom" candidates="96" cleared="1" enqueued="1" />
  <stringconstants candidates="6478" cleared="0"  />
  <object-monitors candidates="2" cleared="0"  />
</gc-op>
<gc-op id="2296" type="sweep" timems="6.189" contextid="2292" timestamp="2022-02-02T12:34:49.305" />
<mem-info id="2297" free="11565600" total="838860800" percent="1">
  <mem type="tenure" free="11565600" total="838860800" percent="1" micro-fragmented="96547229" macro-fragmented="0">
    <mem type="soa" free="3176992" total="830472192" percent="0" />
    <mem type="loa" free="8388608" total="8388608" percent="100" />
  </mem>
  <pending-finalizers system="24" default="0" reference="1" classloader="0" />
</mem-info>
<gc-op id="2298" type="compact" timems="401.866" contextid="2292" timestamp="2022-02-02T12:34:49.707">
  <compact-info movecount="8773971" movebytes="481166512" reason="low free space (less than 4%)" />
</gc-op>
<gc-end id="2299" type="global" contextid="2292" durationms="714.590" usertimems="2180.212" systemtimems="12.095" stalltimems="644.793" timestamp="2022-02-02T12:34:49.707" activeThreads="4">
  <mem-info id="2300" free="108511944" total="838860800" percent="12">
    <mem type="tenure" free="108511944" total="838860800" percent="12">
      <mem type="soa" free="100123336" total="830472192" percent="12" />
      <mem type="loa" free="8388608" total="8388608" percent="100" />
    </mem>
    <pending-finalizers system="24" default="0" reference="1" classloader="0" />
  </mem-info>
</gc-end>
<cycle-end id="2301" type="global" contextid="2292" timestamp="2022-02-02T12:34:49.707" />
<allocation-satisfied id="2302" threadId="0000000000016F00" bytesRequested="56" />
<af-end id="2303" timestamp="2022-02-02T12:34:49.707" threadId="0000000000017908" success="true" />
<exclusive-end id="2304" timestamp="2022-02-02T12:34:49.707" durationms="714.914" />

<exclusive-start id="2305" timestamp="2022-02-02T12:34:50.498" intervalms="1505.422">
  <response-info timems="0.023" idlems="0.023" threads="0" lastid="0000000000016F00" lastname="main" />
</exclusive-start>
<af-start id="2306" threadId="0000000000017908" totalBytesRequested="64" timestamp="2022-02-02T12:34:50.498" intervalms="1505.429" />
<cycle-start id="2307" type="global" contextid="0" timestamp="2022-02-02T12:34:50.498" intervalms="1505.432" />
<gc-start id="2308" type="global" contextid="2307" timestamp="2022-02-02T12:34:50.498">
  <mem-info id="2309" free="8388608" total="838860800" percent="1">
    <mem type="tenure" free="8388608" total="838860800" percent="1">
      <mem type="soa" free="0" total="830472192" percent="0" />
      <mem type="loa" free="8388608" total="8388608" percent="100" />
    </mem>
  </mem-info>
</gc-start>
<allocation-stats totalBytes="100080152" >
  <allocated-bytes non-tlh="2458320" tlh="97621832" />
  <largest-consumer threadName="main" threadId="0000000000016F00" bytes="100079280" />
</allocation-stats>
<gc-op id="2310" type="mark" timems="218.841" contextid="2307" timestamp="2022-02-02T12:34:50.717">
  <trace-info objectcount="10285710" scancount="7701875" scanbytes="165130588" />
  <finalization candidates="457" enqueued="86" />
  <ownableSynchronizers candidates="1" cleared="0" />
  <references type="soft" candidates="894" cleared="0" enqueued="0" dynamicThreshold="4" maxThreshold="32" />
  <references type="weak" candidates="1964" cleared="0" enqueued="0" />
  <references type="phantom" candidates="92" cleared="8" enqueued="8" />
  <stringconstants candidates="6478" cleared="0"  />
  <object-monitors candidates="2" cleared="0"  />
</gc-op>
<gc-op id="2311" type="sweep" timems="4.604" contextid="2307" timestamp="2022-02-02T12:34:50.722" />
<gc-end id="2312" type="global" contextid="2307" durationms="223.594" usertimems="283.023" systemtimems="0.000" stalltimems="609.033" timestamp="2022-02-02T12:34:50.722" activeThreads="4">
  <mem-info id="2313" free="251331992" total="838860800" percent="29">
    <mem type="tenure" free="251331992" total="838860800" percent="29" micro-fragmented="27841440" macro-fragmented="0">
      <mem type="soa" free="242943384" total="830472192" percent="29" />
      <mem type="loa" free="8388608" total="8388608" percent="100" />
    </mem>
    <pending-finalizers system="85" default="1" reference="8" classloader="0" />
  </mem-info>
</gc-end>
<cycle-end id="2314" type="global" contextid="2307" timestamp="2022-02-02T12:34:50.722" />
<allocation-satisfied id="2315" threadId="0000000000016F00" bytesRequested="64" />
<af-end id="2316" timestamp="2022-02-02T12:34:50.722" threadId="0000000000017908" success="true" />
<exclusive-end id="2317" timestamp="2022-02-02T12:34:50.722" durationms="224.156" />

<exclusive-start id="2318" timestamp="2022-02-02T12:34:52.394" intervalms="1896.037">
  <response-info timems="0.027" idlems="0.027" threads="0" lastid="0000000000016F00" lastname="main" />
</exclusive-start>
<af-start id="2319" threadId="0000000000017908" totalBytesRequested="24" timestamp="2022-02-02T12:34:52.394" intervalms="1896.066" />
<cycle-start id="2320" type="global" contextid="0" timestamp="2022-02-02T12:34:52.394" intervalms="1896.066" />
<gc-start id="2321" type="global" contextid="2320" timestamp="2022-02-02T12:34:52.394">
  <mem-info id="2322" free="8388608" total="838860800" percent="1">
    <mem type="tenure" free="8388608" total="838860800" percent="1">
      <mem type="soa" free="0" total="830472192" percent="0" />
      <mem type="loa" free="8388608" total="8388608" percent="100" />
    </mem>
  </mem-info>
</gc-start>
<allocation-stats totalBytes="242784696" >
  <allocated-bytes non-tlh="550504" tlh="242234192" />
  <largest-consumer threadName="main" threadId="0000000000016F00" bytes="242772408" />
</allocation-stats>
<gc-op id="2323" type="mark" timems="295.386" contextid="2320" timestamp="2022-02-02T12:34:52.689">
  <trace-info objectcount="13399451" scancount="10037199" scanbytes="214952780" />
  <finalization candidates="416" enqueued="24" />
  <ownableSynchronizers candidates="1" cleared="0" />
  <references type="soft" candidates="894" cleared="0" enqueued="0" dynamicThreshold="9" maxThreshold="32" />
  <references type="weak" candidates="1964" cleared="0" enqueued="0" />
  <references type="phantom" candidates="96" cleared="1" enqueued="1" />
  <stringconstants candidates="6478" cleared="0"  />
  <object-monitors candidates="2" cleared="0"  />
</gc-op>
<gc-op id="2324" type="sweep" timems="7.304" contextid="2320" timestamp="2022-02-02T12:34:52.697" />
<mem-info id="2325" free="11564024" total="838860800" percent="1">
  <mem type="tenure" free="11564024" total="838860800" percent="1" micro-fragmented="96869293" macro-fragmented="0">
    <mem type="soa" free="3175416" total="830472192" percent="0" />
    <mem type="loa" free="8388608" total="8388608" percent="100" />
  </mem>
  <pending-finalizers system="24" default="0" reference="1" classloader="0" />
</mem-info>
<gc-op id="2326" type="compact" timems="389.507" contextid="2320" timestamp="2022-02-02T12:34:53.086">
  <compact-info movecount="8773178" movebytes="481091472" reason="low free space (less than 4%)" />
</gc-op>
<gc-end id="2327" type="global" contextid="2320" durationms="692.505" usertimems="2031.630" systemtimems="10.707" stalltimems="711.651" timestamp="2022-02-02T12:34:53.087" activeThreads="4">
  <mem-info id="2328" free="108517360" total="838860800" percent="12">
    <mem type="tenure" free="108517360" total="838860800" percent="12">
      <mem type="soa" free="100128752" total="830472192" percent="12" />
      <mem type="loa" free="8388608" total="8388608" percent="100" />
    </mem>
    <pending-finalizers system="24" default="0" reference="1" classloader="0" />
  </mem-info>
</gc-end>
<cycle-end id="2329" type="global" contextid="2320" timestamp="2022-02-02T12:34:53.087" />
<allocation-satisfied id="2330" threadId="0000000000016F00" bytesRequested="24" />
<af-end id="2331" timestamp="2022-02-02T12:34:53.087" threadId="0000000000017908" success="true" />
<exclusive-end id="2332" timestamp="2022-02-02T12:34:53.087" durationms="692.786" />

<exclusive-start id="2333" timestamp="2022-02-02T12:34:53.859" intervalms="1464.637">
  <response-info timems="0.023" idlems="0.023" threads="0" lastid="0000000000016F00" lastname="main" />
</exclusive-start>
<af-start id="2334" threadId="0000000000017908" totalBytesRequested="216" timestamp="2022-02-02T12:34:53.859" intervalms="1464.603" />
<cycle-start id="2335" type="global" contextid="0" timestamp="2022-02-02T12:34:53.859" intervalms="1464.602" />
<gc-start id="2336" type="global" contextid="2335" timestamp="2022-02-02T12:34:53.859">
  <mem-info id="2337" free="8388608" total="838860800" percent="1">
    <mem type="tenure" free="8388608" total="838860800" percent="1">
      <mem type="soa" free="0" total="830472192" percent="0" />
      <mem type="loa" free="8388608" total="8388608" percent="100" />
    </mem>
  </mem-info>
</gc-start>
<allocation-stats totalBytes="100085592" >
  <allocated-bytes non-tlh="2387744" tlh="97697848" />
  <largest-consumer threadName="main" threadId="0000000000016F00" bytes="100084792" />
</allocation-stats>
<gc-op id="2338" type="mark" timems="203.142" contextid="2335" timestamp="2022-02-02T12:34:54.062">
  <trace-info objectcount="10285568" scancount="7701747" scanbytes="165128108" />
  <finalization candidates="457" enqueued="86" />
  <ownableSynchronizers candidates="1" cleared="0" />
  <references type="soft" candidates="894" cleared="0" enqueued="0" dynamicThreshold="4" maxThreshold="32" />
  <references type="weak" candidates="1964" cleared="0" enqueued="0" />
  <references type="phantom" candidates="92" cleared="8" enqueued="8" />
  <stringconstants candidates="6478" cleared="0"  />
  <object-monitors candidates="2" cleared="0"  />
</gc-op>
<gc-op id="2339" type="sweep" timems="4.760" contextid="2335" timestamp="2022-02-02T12:34:54.067" />
<gc-end id="2340" type="global" contextid="2335" durationms="208.053" usertimems="289.131" systemtimems="0.000" stalltimems="541.399" timestamp="2022-02-02T12:34:54.067" activeThreads="4">
  <mem-info id="2341" free="251340072" total="838860800" percent="29">
    <mem type="tenure" free="251340072" total="838860800" percent="29" micro-fragmented="27672167" macro-fragmented="0">
      <mem type="soa" free="242951464" total="830472192" percent="29" />
      <mem type="loa" free="8388608" total="8388608" percent="100" />
    </mem>
    <pending-finalizers system="85" default="1" reference="8" classloader="0" />
  </mem-info>
</gc-end>
<cycle-end id="2342" type="global" contextid="2335" timestamp="2022-02-02T12:34:54.067" />
<allocation-satisfied id="2343" threadId="0000000000016F00" bytesRequested="216" />
<af-end id="2344" timestamp="2022-02-02T12:34:54.067" threadId="0000000000017908" success="true" />
<exclusive-end id="2345" timestamp="2022-02-02T12:34:54.067" durationms="208.309" />

<exclusive-start id="2346" timestamp="2022-02-02T12:34:55.753" intervalms="1894.711">
  <response-info timems="0.023" idlems="0.023" threads="0" lastid="0000000000016F00" lastname="main" />
</exclusive-start>
<af-start id="2347" threadId="0000000000017908" totalBytesRequested="24" timestamp="2022-02-02T12:34:55.754" intervalms="1894.948" />
<cycle-start id="2348" type="global" contextid="0" timestamp="2022-02-02T12:34:55.754" intervalms="1895.016" />
<gc-start id="2349" type="global" contextid="2348" timestamp="2022-02-02T12:34:55.754">
  <mem-info id="2350" free="8388608" total="838860800" percent="1">
    <mem type="tenure" free="8388608" total="838860800" percent="1">
      <mem type="soa" free="0" total="830472192" percent="0" />
      <mem type="loa" free="8388608" total="8388608" percent="100" />
    </mem>
  </mem-info>
</gc-start>
<allocation-stats totalBytes="242788888" >
  <allocated-bytes non-tlh="550504" tlh="242238384" />
  <largest-consumer threadName="main" threadId="0000000000016F00" bytes="242780408" />
</allocation-stats>
<gc-op id="2351" type="mark" timems="452.756" contextid="2348" timestamp="2022-02-02T12:34:56.207">
  <trace-info objectcount="13399300" scancount="10037066" scanbytes="214950148" />
  <finalization candidates="416" enqueued="24" />
  <ownableSynchronizers candidates="1" cleared="0" />
  <references type="soft" candidates="894" cleared="0" enqueued="0" dynamicThreshold="9" maxThreshold="32" />
  <references type="weak" candidates="1964" cleared="0" enqueued="0" />
  <references type="phantom" candidates="96" cleared="1" enqueued="1" />
  <stringconstants candidates="6478" cleared="0"  />
  <object-monitors candidates="2" cleared="0"  />
</gc-op>
<gc-op id="2352" type="sweep" timems="6.496" contextid="2348" timestamp="2022-02-02T12:34:56.213" />
<mem-info id="2353" free="11561408" total="838860800" percent="1">
  <mem type="tenure" free="11561408" total="838860800" percent="1" micro-fragmented="97195828" macro-fragmented="56347">
    <mem type="soa" free="3172800" total="830472192" percent="0" />
    <mem type="loa" free="8388608" total="8388608" percent="100" />
  </mem>
  <pending-finalizers system="24" default="0" reference="1" classloader="0" />
</mem-info>
<gc-op id="2354" type="compact" timems="398.070" contextid="2348" timestamp="2022-02-02T12:34:56.611">
  <compact-info movecount="8849757" movebytes="485366616" reason="low free space (less than 4%)" />
</gc-op>
<gc-end id="2355" type="global" contextid="2348" durationms="857.718" usertimems="2885.392" systemtimems="31.288" stalltimems="466.007" timestamp="2022-02-02T12:34:56.611" activeThreads="4">
  <mem-info id="2356" free="108507648" total="838860800" percent="12">
    <mem type="tenure" free="108507648" total="838860800" percent="12">
      <mem type="soa" free="100119040" total="830472192" percent="12" />
      <mem type="loa" free="8388608" total="8388608" percent="100" />
    </mem>
    <pending-finalizers system="24" default="0" reference="1" classloader="0" />
  </mem-info>
</gc-end>
<cycle-end id="2357" type="global" contextid="2348" timestamp="2022-02-02T12:34:56.612" />
<allocation-satisfied id="2358" threadId="0000000000016F00" bytesRequested="24" />
<af-end id="2359" timestamp="2022-02-02T12:34:56.612" threadId="0000000000017908" success="true" />
<exclusive-end id="2360" timestamp="2022-02-02T12:34:56.612" durationms="858.371" />

<exclusive-start id="2361" timestamp="2022-02-02T12:34:57.388" intervalms="1634.647">
  <response-info timems="0.026" idlems="0.026" threads="0" lastid="0000000000016F00" lastname="main" />
</exclusive-start>
<af-start id="2362" threadId="0000000000017908" totalBytesRequested="104" timestamp="2022-02-02T12:34:57.388" intervalms="1634.409" />
<cycle-start id="2363" type="global" contextid="0" timestamp="2022-02-02T12:34:57.388" intervalms="1634.340" />
<gc-start id="2364" type="global" contextid="2363" timestamp="2022-02-02T12:34:57.388">
  <mem-info id="2365" free="8388608" total="838860800" percent="1">
    <mem type="tenure" free="8388608" total="838860800" percent="1">
      <mem type="soa" free="0" total="830472192" percent="0" />
      <mem type="loa" free="8388608" total="8388608" percent="100" />
    </mem>
  </mem-info>
</gc-start>
<allocation-stats totalBytes="100074864" >
  <allocated-bytes non-tlh="2290720" tlh="97784144" />
  <largest-consumer threadName="main" threadId="0000000000016F00" bytes="100074080" />
</allocation-stats>
<gc-op id="2366" type="mark" timems="213.414" contextid="2363" timestamp="2022-02-02T12:34:57.601">
  <trace-info objectcount="10285269" scancount="7701479" scanbytes="165126832" />
  <finalization candidates="457" enqueued="86" />
  <ownableSynchronizers candidates="1" cleared="0" />
  <references type="soft" candidates="894" cleared="0" enqueued="0" dynamicThreshold="4" maxThreshold="32" />
  <references type="weak" candidates="1964" cleared="0" enqueued="0" />
  <references type="phantom" candidates="92" cleared="8" enqueued="8" />
  <stringconstants candidates="6478" cleared="0"  />
  <object-monitors candidates="2" cleared="0"  />
</gc-op>
<gc-op id="2367" type="sweep" timems="4.839" contextid="2363" timestamp="2022-02-02T12:34:57.606" />
<gc-end id="2368" type="global" contextid="2363" durationms="218.439" usertimems="287.735" systemtimems="0.198" stalltimems="584.105" timestamp="2022-02-02T12:34:57.606" activeThreads="4">
  <mem-info id="2369" free="251334696" total="838860800" percent="29">
    <mem type="tenure" free="251334696" total="838860800" percent="29" micro-fragmented="27439228" macro-fragmented="0">
      <mem type="soa" free="242946088" total="830472192" percent="29" />
      <mem type="loa" free="8388608" total="8388608" percent="100" />
    </mem>
    <pending-finalizers system="85" default="1" reference="8" classloader="0" />
  </mem-info>
</gc-end>
<cycle-end id="2370" type="global" contextid="2363" timestamp="2022-02-02T12:34:57.607" />
<allocation-satisfied id="2371" threadId="0000000000016F00" bytesRequested="104" />
<af-end id="2372" timestamp="2022-02-02T12:34:57.607" threadId="0000000000017908" success="true" />
<exclusive-end id="2373" timestamp="2022-02-02T12:34:57.607" durationms="218.754" />

<exclusive-start id="2374" timestamp="2022-02-02T12:34:59.272" intervalms="1884.061">
  <response-info timems="0.020" idlems="0.020" threads="0" lastid="0000000000016F00" lastname="main" />
</exclusive-start>
<af-start id="2375" threadId="0000000000017908" totalBytesRequested="72" timestamp="2022-02-02T12:34:59.272" intervalms="1884.058" />
<cycle-start id="2376" type="global" contextid="0" timestamp="2022-02-02T12:34:59.272" intervalms="1884.055" />
<gc-start id="2377" type="global" contextid="2376" timestamp="2022-02-02T12:34:59.272">
  <mem-info id="2378" free="8388608" total="838860800" percent="1">
    <mem type="tenure" free="8388608" total="838860800" percent="1">
      <mem type="soa" free="0" total="830472192" percent="0" />
      <mem type="loa" free="8388608" total="8388608" percent="100" />
    </mem>
  </mem-info>
</gc-start>
<allocation-stats totalBytes="242786120" >
  <allocated-bytes non-tlh="565248" tlh="242220872" />
  <largest-consumer threadName="main" threadId="0000000000016F00" bytes="242771576" />
</allocation-stats>
<gc-op id="2379" type="mark" timems="452.801" contextid="2376" timestamp="2022-02-02T12:34:59.725">
  <trace-info objectcount="13398418" scancount="10036400" scanbytes="214939528" />
  <finalization candidates="416" enqueued="24" />
  <ownableSynchronizers candidates="1" cleared="0" />
  <references type="soft" candidates="894" cleared="0" enqueued="0" dynamicThreshold="9" maxThreshold="32" />
  <references type="weak" candidates="1964" cleared="0" enqueued="0" />
  <references type="phantom" candidates="96" cleared="1" enqueued="1" />
  <stringconstants candidates="6478" cleared="0"  />
  <object-monitors candidates="2" cleared="0"  />
</gc-op>
<gc-op id="2380" type="sweep" timems="6.072" contextid="2376" timestamp="2022-02-02T12:34:59.731" />
<mem-info id="2381" free="11563352" total="838860800" percent="1">
  <mem type="tenure" free="11563352" total="838860800" percent="1" micro-fragmented="97055211" macro-fragmented="0">
    <mem type="soa" free="3174744" total="830472192" percent="0" />
    <mem type="loa" free="8388608" total="8388608" percent="100" />
  </mem>
  <pending-finalizers system="24" default="0" reference="1" classloader="0" />
</mem-info>
<gc-op id="2382" type="compact" timems="396.312" contextid="2376" timestamp="2022-02-02T12:35:00.127">
  <compact-info movecount="8772125" movebytes="481055792" reason="low free space (less than 4%)" />
</gc-op>
<gc-end id="2383" type="global" contextid="2376" durationms="855.520" usertimems="2846.094" systemtimems="55.119" stalltimems="495.367" timestamp="2022-02-02T12:35:00.128" activeThreads="4">
  <mem-info id="2384" free="108516352" total="838860800" percent="12">
    <mem type="tenure" free="108516352" total="838860800" percent="12">
      <mem type="soa" free="100127744" total="830472192" percent="12" />
      <mem type="loa" free="8388608" total="8388608" percent="100" />
    </mem>
    <pending-finalizers system="24" default="0" reference="1" classloader="0" />
  </mem-info>
</gc-end>
<cycle-end id="2385" type="global" contextid="2376" timestamp="2022-02-02T12:35:00.128" />
<allocation-satisfied id="2386" threadId="0000000000016F00" bytesRequested="72" />
<af-end id="2387" timestamp="2022-02-02T12:35:00.128" threadId="0000000000017908" success="true" />
<exclusive-end id="2388" timestamp="2022-02-02T12:35:00.128" durationms="855.869" />

<exclusive-start id="2389" timestamp="2022-02-02T12:35:00.906" intervalms="1633.887">
  <response-info timems="0.022" idlems="0.022" threads="0" lastid="0000000000016F00" lastname="main" />
</exclusive-start>
<af-start id="2390" threadId="0000000000017908" totalBytesRequested="192" timestamp="2022-02-02T12:35:00.906" intervalms="1634.443" />
<cycle-start id="2391" type="global" contextid="0" timestamp="2022-02-02T12:35:00.907" intervalms="1634.593" />
<gc-start id="2392" type="global" contextid="2391" timestamp="2022-02-02T12:35:00.907">
  <mem-info id="2393" free="8388608" total="838860800" percent="1">
    <mem type="tenure" free="8388608" total="838860800" percent="1">
      <mem type="soa" free="0" total="830472192" percent="0" />
      <mem type="loa" free="8388608" total="8388608" percent="100" />
    </mem>
  </mem-info>
</gc-start>
<allocation-stats totalBytes="100084160" >
  <allocated-bytes non-tlh="2290720" tlh="97793440" />
  <largest-consumer threadName="main" threadId="0000000000016F00" bytes="100083288" />
</allocation-stats>
<gc-op id="2394" type="mark" timems="305.873" contextid="2391" timestamp="2022-02-02T12:35:01.213">
  <trace-info objectcount="10285096" scancount="7701362" scanbytes="165123840" />
  <finalization candidates="457" enqueued="86" />
  <ownableSynchronizers candidates="1" cleared="0" />
  <references type="soft" candidates="894" cleared="0" enqueued="0" dynamicThreshold="4" maxThreshold="32" />
  <references type="weak" candidates="1964" cleared="0" enqueued="0" />
  <references type="phantom" candidates="92" cleared="8" enqueued="8" />
  <stringconstants candidates="6478" cleared="0"  />
  <object-monitors candidates="2" cleared="0"  />
</gc-op>
<gc-op id="2395" type="sweep" timems="4.737" contextid="2391" timestamp="2022-02-02T12:35:01.217" />
<gc-end id="2396" type="global" contextid="2391" durationms="310.771" usertimems="608.323" systemtimems="15.136" stalltimems="605.137" timestamp="2022-02-02T12:35:01.217" activeThreads="4">
  <mem-info id="2397" free="251342840" total="838860800" percent="29">
    <mem type="tenure" free="251342840" total="838860800" percent="29" micro-fragmented="27487643" macro-fragmented="0">
      <mem type="soa" free="242954232" total="830472192" percent="29" />
      <mem type="loa" free="8388608" total="8388608" percent="100" />
    </mem>
    <pending-finalizers system="85" default="1" reference="8" classloader="0" />
  </mem-info>
</gc-end>
<cycle-end id="2398" type="global" contextid="2391" timestamp="2022-02-02T12:35:01.218" />
<allocation-satisfied id="2399" threadId="0000000000016F00" bytesRequested="192" />
<af-end id="2400" timestamp="2022-02-02T12:35:01.218" threadId="0000000000017908" success="true" />
<exclusive-end id="2401" timestamp="2022-02-02T12:35:01.218" durationms="311.739" />

<exclusive-start id="2402" timestamp="2022-02-02T12:35:02.877" intervalms="1971.012">
  <response-info timems="0.024" idlems="0.024" threads="0" lastid="0000000000016F00" lastname="main" />
</exclusive-start>
<af-start id="2403" threadId="0000000000017908" totalBytesRequested="48" timestamp="2022-02-02T12:35:02.877" intervalms="1970.458" />
<cycle-start id="2404" type="global" contextid="0" timestamp="2022-02-02T12:35:02.877" intervalms="1970.310" />
<gc-start id="2405" type="global" contextid="2404" timestamp="2022-02-02T12:35:02.877">
  <mem-info id="2406" free="8388608" total="838860800" percent="1">
    <mem type="tenure" free="8388608" total="838860800" percent="1">
      <mem type="soa" free="0" total="830472192" percent="0" />
      <mem type="loa" free="8388608" total="8388608" percent="100" />
    </mem>
  </mem-info>
</gc-start>
<allocation-stats totalBytes="242794640" >
  <allocated-bytes non-tlh="550504" tlh="242244136" />
  <largest-consumer threadName="main" threadId="0000000000016F00" bytes="242782352" />
</allocation-stats>
<gc-op id="2407" type="mark" timems="315.432" contextid="2404" timestamp="2022-02-02T12:35:03.192">
  <trace-info objectcount="13398263" scancount="10036276" scanbytes="214936856" />
  <finalization candidates="416" enqueued="24" />
  <ownableSynchronizers candidates="1" cleared="0" />
  <references type="soft" candidates="894" cleared="0" enqueued="0" dynamicThreshold="9" maxThreshold="32" />
  <references type="weak" candidates="1964" cleared="0" enqueued="0" />
  <references type="phantom" candidates="96" cleared="1" enqueued="1" />
  <stringconstants candidates="6478" cleared="0"  />
  <object-monitors candidates="2" cleared="0"  />
</gc-op>
<gc-op id="2408" type="sweep" timems="6.116" contextid="2404" timestamp="2022-02-02T12:35:03.199" />
<mem-info id="2409" free="11561304" total="838860800" percent="1">
  <mem type="tenure" free="11561304" total="838860800" percent="1" micro-fragmented="97689102" macro-fragmented="0">
    <mem type="soa" free="3172696" total="830472192" percent="0" />
    <mem type="loa" free="8388608" total="8388608" percent="100" />
  </mem>
  <pending-finalizers system="24" default="0" reference="1" classloader="0" />
</mem-info>
<gc-op id="2410" type="compact" timems="409.964" contextid="2404" timestamp="2022-02-02T12:35:03.609">
  <compact-info movecount="8772249" movebytes="481128576" reason="low free space (less than 4%)" />
</gc-op>
<gc-end id="2411" type="global" contextid="2404" durationms="731.851" usertimems="2196.082" systemtimems="0.995" stalltimems="716.213" timestamp="2022-02-02T12:35:03.609" activeThreads="4">
  <mem-info id="2412" free="108510616" total="838860800" percent="12">
    <mem type="tenure" free="108510616" total="838860800" percent="12">
      <mem type="soa" free="100122008" total="830472192" percent="12" />
      <mem type="loa" free="8388608" total="8388608" percent="100" />
    </mem>
    <pending-finalizers system="24" default="0" reference="1" classloader="0" />
  </mem-info>
</gc-end>
<cycle-end id="2413" type="global" contextid="2404" timestamp="2022-02-02T12:35:03.609" />
<allocation-satisfied id="2414" threadId="0000000000016F00" bytesRequested="48" />
<af-end id="2415" timestamp="2022-02-02T12:35:03.609" threadId="0000000000017908" success="true" />
<exclusive-end id="2416" timestamp="2022-02-02T12:35:03.609" durationms="732.134" />

<exclusive-start id="2417" timestamp="2022-02-02T12:35:04.378" intervalms="1501.330">
  <response-info timems="0.028" idlems="0.028" threads="0" lastid="0000000000016F00" lastname="main" />
</exclusive-start>
<af-start id="2418" threadId="0000000000017908" totalBytesRequested="104" timestamp="2022-02-02T12:35:04.378" intervalms="1501.332" />
<cycle-start id="2419" type="global" contextid="0" timestamp="2022-02-02T12:35:04.378" intervalms="1501.334" />
<gc-start id="2420" type="global" contextid="2419" timestamp="2022-02-02T12:35:04.378">
  <mem-info id="2421" free="8388608" total="838860800" percent="1">
    <mem type="tenure" free="8388608" total="838860800" percent="1">
      <mem type="soa" free="0" total="830472192" percent="0" />
      <mem type="loa" free="8388608" total="8388608" percent="100" />
    </mem>
  </mem-info>
</gc-start>
<allocation-stats totalBytes="100078624" >
  <allocated-bytes non-tlh="2387744" tlh="97690880" />
  <largest-consumer threadName="main" threadId="0000000000016F00" bytes="100077816" />
</allocation-stats>
<gc-op id="2422" type="mark" timems="284.537" contextid="2419" timestamp="2022-02-02T12:35:04.663">
  <trace-info objectcount="10284985" scancount="7701229" scanbytes="165121872" />
  <finalization candidates="457" enqueued="86" />
  <ownableSynchronizers candidates="1" cleared="0" />
  <references type="soft" candidates="894" cleared="0" enqueued="0" dynamicThreshold="4" maxThreshold="32" />
  <references type="weak" candidates="1964" cleared="0" enqueued="0" />
  <references type="phantom" candidates="92" cleared="8" enqueued="8" />
  <stringconstants candidates="6478" cleared="0"  />
  <object-monitors candidates="2" cleared="0"  />
</gc-op>
<gc-op id="2423" type="sweep" timems="4.701" contextid="2419" timestamp="2022-02-02T12:35:04.668" />
<gc-end id="2424" type="global" contextid="2419" durationms="289.392" usertimems="557.960" systemtimems="15.380" stalltimems="580.630" timestamp="2022-02-02T12:35:04.668" activeThreads="4">
  <mem-info id="2425" free="251336256" total="838860800" percent="29">
    <mem type="tenure" free="251336256" total="838860800" percent="29" micro-fragmented="27556545" macro-fragmented="0">
      <mem type="soa" free="242947648" total="830472192" percent="29" />
      <mem type="loa" free="8388608" total="8388608" percent="100" />
    </mem>
    <pending-finalizers system="85" default="1" reference="8" classloader="0" />
  </mem-info>
</gc-end>
<cycle-end id="2426" type="global" contextid="2419" timestamp="2022-02-02T12:35:04.668" />
<allocation-satisfied id="2427" threadId="0000000000016F00" bytesRequested="104" />
<af-end id="2428" timestamp="2022-02-02T12:35:04.668" threadId="0000000000017908" success="true" />
<exclusive-end id="2429" timestamp="2022-02-02T12:35:04.668" durationms="289.683" />

<exclusive-start id="2430" timestamp="2022-02-02T12:35:06.343" intervalms="1965.153">
  <response-info timems="0.024" idlems="0.024" threads="0" lastid="0000000000016F00" lastname="main" />
</exclusive-start>
<af-start id="2431" threadId="0000000000017908" totalBytesRequested="56" timestamp="2022-02-02T12:35:06.344" intervalms="1965.399" />
<cycle-start id="2432" type="global" contextid="0" timestamp="2022-02-02T12:35:06.344" intervalms="1965.482" />
<gc-start id="2433" type="global" contextid="2432" timestamp="2022-02-02T12:35:06.344">
  <mem-info id="2434" free="8388608" total="838860800" percent="1">
    <mem type="tenure" free="8388608" total="838860800" percent="1">
      <mem type="soa" free="0" total="830472192" percent="0" />
      <mem type="loa" free="8388608" total="8388608" percent="100" />
    </mem>
  </mem-info>
</gc-start>
<allocation-stats totalBytes="242789536" >
  <allocated-bytes non-tlh="550504" tlh="242239032" />
  <largest-consumer threadName="main" threadId="0000000000016F00" bytes="242778600" />
</allocation-stats>
<gc-op id="2435" type="mark" timems="308.851" contextid="2432" timestamp="2022-02-02T12:35:06.653">
  <trace-info objectcount="13397858" scancount="10035917" scanbytes="214930152" />
  <finalization candidates="416" enqueued="24" />
  <ownableSynchronizers candidates="1" cleared="0" />
  <references type="soft" candidates="894" cleared="0" enqueued="0" dynamicThreshold="9" maxThreshold="32" />
  <references type="weak" candidates="1964" cleared="0" enqueued="0" />
  <references type="phantom" candidates="96" cleared="1" enqueued="1" />
  <stringconstants candidates="6478" cleared="0"  />
  <object-monitors candidates="2" cleared="0"  />
</gc-op>
<gc-op id="2436" type="sweep" timems="6.294" contextid="2432" timestamp="2022-02-02T12:35:06.659" />
<mem-info id="2437" free="11559464" total="838860800" percent="1">
  <mem type="tenure" free="11559464" total="838860800" percent="1" micro-fragmented="97073056" macro-fragmented="4479464">
    <mem type="soa" free="3170856" total="830472192" percent="0" />
    <mem type="loa" free="8388608" total="8388608" percent="100" />
  </mem>
  <pending-finalizers system="24" default="0" reference="1" classloader="0" />
</mem-info>
<gc-op id="2438" type="compact" timems="390.040" contextid="2432" timestamp="2022-02-02T12:35:07.049">
  <compact-info movecount="8771622" movebytes="481069336" reason="low free space (less than 4%)" />
</gc-op>
<gc-end id="2439" type="global" contextid="2432" durationms="705.661" usertimems="2100.616" systemtimems="15.807" stalltimems="687.796" timestamp="2022-02-02T12:35:07.049" activeThreads="4">
  <mem-info id="2440" free="108511240" total="838860800" percent="12">
    <mem type="tenure" free="108511240" total="838860800" percent="12">
      <mem type="soa" free="100122632" total="830472192" percent="12" />
      <mem type="loa" free="8388608" total="8388608" percent="100" />
    </mem>
    <pending-finalizers system="24" default="0" reference="1" classloader="0" />
  </mem-info>
</gc-end>
<cycle-end id="2441" type="global" contextid="2432" timestamp="2022-02-02T12:35:07.050" />
<allocation-satisfied id="2442" threadId="0000000000016F00" bytesRequested="56" />
<af-end id="2443" timestamp="2022-02-02T12:35:07.050" threadId="0000000000017908" success="true" />
<exclusive-end id="2444" timestamp="2022-02-02T12:35:07.050" durationms="706.330" />

<exclusive-start id="2445" timestamp="2022-02-02T12:35:07.836" intervalms="1492.834">
  <response-info timems="0.035" idlems="0.035" threads="0" lastid="0000000000016F00" lastname="main" />
</exclusive-start>
<af-start id="2446" threadId="0000000000017908" totalBytesRequested="24" timestamp="2022-02-02T12:35:07.836" intervalms="1492.587" />
<cycle-start id="2447" type="global" contextid="0" timestamp="2022-02-02T12:35:07.836" intervalms="1492.502" />
<gc-start id="2448" type="global" contextid="2447" timestamp="2022-02-02T12:35:07.836">
  <mem-info id="2449" free="8388608" total="838860800" percent="1">
    <mem type="tenure" free="8388608" total="838860800" percent="1">
      <mem type="soa" free="0" total="830472192" percent="0" />
      <mem type="loa" free="8388608" total="8388608" percent="100" />
    </mem>
  </mem-info>
</gc-start>
<allocation-stats totalBytes="100078168" >
  <allocated-bytes non-tlh="2387744" tlh="97690424" />
  <largest-consumer threadName="main" threadId="0000000000016F00" bytes="100077360" />
</allocation-stats>
<gc-op id="2450" type="mark" timems="246.710" contextid="2447" timestamp="2022-02-02T12:35:08.083">
  <trace-info objectcount="10284829" scancount="7701222" scanbytes="165119160" />
  <finalization candidates="457" enqueued="86" />
  <ownableSynchronizers candidates="1" cleared="0" />
  <references type="soft" candidates="894" cleared="0" enqueued="0" dynamicThreshold="4" maxThreshold="32" />
  <references type="weak" candidates="1964" cleared="0" enqueued="0" />
  <references type="phantom" candidates="92" cleared="8" enqueued="8" />
  <stringconstants candidates="6478" cleared="0"  />
  <object-monitors candidates="2" cleared="0"  />
</gc-op>
<gc-op id="2451" type="sweep" timems="6.351" contextid="2447" timestamp="2022-02-02T12:35:08.089" />
<gc-end id="2452" type="global" contextid="2447" durationms="253.205" usertimems="279.900" systemtimems="0.713" stalltimems="729.637" timestamp="2022-02-02T12:35:08.089" activeThreads="4">
  <mem-info id="2453" free="251337288" total="838860800" percent="29">
    <mem type="tenure" free="251337288" total="838860800" percent="29" micro-fragmented="27361037" macro-fragmented="0">
      <mem type="soa" free="242948680" total="830472192" percent="29" />
      <mem type="loa" free="8388608" total="8388608" percent="100" />
    </mem>
    <pending-finalizers system="85" default="1" reference="8" classloader="0" />
  </mem-info>
</gc-end>
<cycle-end id="2454" type="global" contextid="2447" timestamp="2022-02-02T12:35:08.090" />
<allocation-satisfied id="2455" threadId="0000000000016F00" bytesRequested="24" />
<af-end id="2456" timestamp="2022-02-02T12:35:08.090" threadId="0000000000017908" success="true" />
<exclusive-end id="2457" timestamp="2022-02-02T12:35:08.090" durationms="253.489" />

<exclusive-start id="2458" timestamp="2022-02-02T12:35:09.776" intervalms="1940.026">
  <response-info timems="0.023" idlems="0.023" threads="0" lastid="0000000000016F00" lastname="main" />
</exclusive-start>
<af-start id="2459" threadId="0000000000017908" totalBytesRequested="40" timestamp="2022-02-02T12:35:09.776" intervalms="1940.024" />
<cycle-start id="2460" type="global" contextid="0" timestamp="2022-02-02T12:35:09.776" intervalms="1940.024" />
<gc-start id="2461" type="global" contextid="2460" timestamp="2022-02-02T12:35:09.776">
  <mem-info id="2462" free="8388608" total="838860800" percent="1">
    <mem type="tenure" free="8388608" total="838860800" percent="1">
      <mem type="soa" free="0" total="830472192" percent="0" />
      <mem type="loa" free="8388608" total="8388608" percent="100" />
    </mem>
  </mem-info>
</gc-start>
<allocation-stats totalBytes="242792488" >
  <allocated-bytes non-tlh="550504" tlh="242241984" />
  <largest-consumer threadName="main" threadId="0000000000016F00" bytes="242772856" />
</allocation-stats>
<gc-op id="2463" type="mark" timems="454.358" contextid="2460" timestamp="2022-02-02T12:35:10.231">
  <trace-info objectcount="13397331" scancount="10035589" scanbytes="214921528" />
  <finalization candidates="416" enqueued="24" />
  <ownableSynchronizers candidates="1" cleared="0" />
  <references type="soft" candidates="894" cleared="0" enqueued="0" dynamicThreshold="9" maxThreshold="32" />
  <references type="weak" candidates="1964" cleared="0" enqueued="0" />
  <references type="phantom" candidates="96" cleared="1" enqueued="1" />
  <stringconstants candidates="6478" cleared="0"  />
  <object-monitors candidates="2" cleared="0"  />
</gc-op>
<gc-op id="2464" type="sweep" timems="6.174" contextid="2460" timestamp="2022-02-02T12:35:10.237" />
<mem-info id="2465" free="11569112" total="838860800" percent="1">
  <mem type="tenure" free="11569112" total="838860800" percent="1" micro-fragmented="96913093" macro-fragmented="0">
    <mem type="soa" free="3180504" total="830472192" percent="0" />
    <mem type="loa" free="8388608" total="8388608" percent="100" />
  </mem>
  <pending-finalizers system="24" default="0" reference="1" classloader="0" />
</mem-info>
<gc-op id="2466" type="compact" timems="381.206" contextid="2460" timestamp="2022-02-02T12:35:10.618">
  <compact-info movecount="8771233" movebytes="481103632" reason="low free space (less than 4%)" />
</gc-op>
<gc-end id="2467" type="global" contextid="2460" durationms="842.014" usertimems="2819.443" systemtimems="61.456" stalltimems="467.055" timestamp="2022-02-02T12:35:10.618" activeThreads="4">
  <mem-info id="2468" free="108512880" total="838860800" percent="12">
    <mem type="tenure" free="108512880" total="838860800" percent="12">
      <mem type="soa" free="100124272" total="830472192" percent="12" />
      <mem type="loa" free="8388608" total="8388608" percent="100" />
    </mem>
    <pending-finalizers system="24" default="0" reference="1" classloader="0" />
  </mem-info>
</gc-end>
<cycle-end id="2469" type="global" contextid="2460" timestamp="2022-02-02T12:35:10.618" />
<allocation-satisfied id="2470" threadId="0000000000016F00" bytesRequested="40" />
<af-end id="2471" timestamp="2022-02-02T12:35:10.618" threadId="0000000000017908" success="true" />
<exclusive-end id="2472" timestamp="2022-02-02T12:35:10.618" durationms="842.255" />

<exclusive-start id="2473" timestamp="2022-02-02T12:35:11.398" intervalms="1622.146">
  <response-info timems="0.027" idlems="0.027" threads="0" lastid="0000000000016F00" lastname="main" />
</exclusive-start>
<af-start id="2474" threadId="0000000000017908" totalBytesRequested="24" timestamp="2022-02-02T12:35:11.398" intervalms="1622.158" />
<cycle-start id="2475" type="global" contextid="0" timestamp="2022-02-02T12:35:11.398" intervalms="1622.159" />
<gc-start id="2476" type="global" contextid="2475" timestamp="2022-02-02T12:35:11.398">
  <mem-info id="2477" free="8388608" total="838860800" percent="1">
    <mem type="tenure" free="8388608" total="838860800" percent="1">
      <mem type="soa" free="0" total="830472192" percent="0" />
      <mem type="loa" free="8388608" total="8388608" percent="100" />
    </mem>
  </mem-info>
</gc-start>
<allocation-stats totalBytes="100081744" >
  <allocated-bytes non-tlh="2387744" tlh="97694000" />
  <largest-consumer threadName="main" threadId="0000000000016F00" bytes="100080856" />
</allocation-stats>
<gc-op id="2478" type="mark" timems="230.479" contextid="2475" timestamp="2022-02-02T12:35:11.629">
  <trace-info objectcount="10284643" scancount="7701049" scanbytes="165115976" />
  <finalization candidates="457" enqueued="86" />
  <ownableSynchronizers candidates="1" cleared="0" />
  <references type="soft" candidates="894" cleared="0" enqueued="0" dynamicThreshold="4" maxThreshold="32" />
  <references type="weak" candidates="1964" cleared="0" enqueued="0" />
  <references type="phantom" candidates="92" cleared="8" enqueued="8" />
  <stringconstants candidates="6478" cleared="0"  />
  <object-monitors candidates="2" cleared="0"  />
</gc-op>
<gc-op id="2479" type="sweep" timems="4.781" contextid="2475" timestamp="2022-02-02T12:35:11.634" />
<gc-end id="2480" type="global" contextid="2475" durationms="235.402" usertimems="281.803" systemtimems="0.000" stalltimems="653.014" timestamp="2022-02-02T12:35:11.634" activeThreads="4">
  <mem-info id="2481" free="251327680" total="838860800" percent="29">
    <mem type="tenure" free="251327680" total="838860800" percent="29" micro-fragmented="27662889" macro-fragmented="0">
      <mem type="soa" free="242939072" total="830472192" percent="29" />
      <mem type="loa" free="8388608" total="8388608" percent="100" />
    </mem>
    <pending-finalizers system="85" default="1" reference="8" classloader="0" />
  </mem-info>
</gc-end>
<cycle-end id="2482" type="global" contextid="2475" timestamp="2022-02-02T12:35:11.634" />
<allocation-satisfied id="2483" threadId="0000000000016F00" bytesRequested="24" />
<af-end id="2484" timestamp="2022-02-02T12:35:11.634" threadId="0000000000017908" success="true" />
<exclusive-end id="2485" timestamp="2022-02-02T12:35:11.634" durationms="235.723" />

<exclusive-start id="2486" timestamp="2022-02-02T12:35:13.333" intervalms="1934.545">
  <response-info timems="0.019" idlems="0.019" threads="0" lastid="0000000000016F00" lastname="main" />
</exclusive-start>
<af-start id="2487" threadId="0000000000017908" totalBytesRequested="56" timestamp="2022-02-02T12:35:13.333" intervalms="1934.541" />
<cycle-start id="2488" type="global" contextid="0" timestamp="2022-02-02T12:35:13.333" intervalms="1934.539" />
<gc-start id="2489" type="global" contextid="2488" timestamp="2022-02-02T12:35:13.333">
  <mem-info id="2490" free="8388608" total="838860800" percent="1">
    <mem type="tenure" free="8388608" total="838860800" percent="1">
      <mem type="soa" free="0" total="830472192" percent="0" />
      <mem type="loa" free="8388608" total="8388608" percent="100" />
    </mem>
  </mem-info>
</gc-start>
<allocation-stats totalBytes="242778232" >
  <allocated-bytes non-tlh="453704" tlh="242324528" />
  <largest-consumer threadName="main" threadId="0000000000016F00" bytes="242767368" />
</allocation-stats>
<gc-op id="2491" type="mark" timems="306.458" contextid="2488" timestamp="2022-02-02T12:35:13.639">
  <trace-info objectcount="13396736" scancount="10035107" scanbytes="214911768" />
  <finalization candidates="416" enqueued="24" />
  <ownableSynchronizers candidates="1" cleared="0" />
  <references type="soft" candidates="894" cleared="0" enqueued="0" dynamicThreshold="9" maxThreshold="32" />
  <references type="weak" candidates="1964" cleared="0" enqueued="0" />
  <references type="phantom" candidates="96" cleared="1" enqueued="1" />
  <stringconstants candidates="6478" cleared="0"  />
  <object-monitors candidates="2" cleared="0"  />
</gc-op>
<gc-op id="2492" type="sweep" timems="6.226" contextid="2488" timestamp="2022-02-02T12:35:13.646" />
<mem-info id="2493" free="11567400" total="838860800" percent="1">
  <mem type="tenure" free="11567400" total="838860800" percent="1" micro-fragmented="96724226" macro-fragmented="0">
    <mem type="soa" free="3178792" total="830472192" percent="0" />
    <mem type="loa" free="8388608" total="8388608" percent="100" />
  </mem>
  <pending-finalizers system="24" default="0" reference="1" classloader="0" />
</mem-info>
<gc-op id="2494" type="compact" timems="389.782" contextid="2488" timestamp="2022-02-02T12:35:14.036">
  <compact-info movecount="8770578" movebytes="481066320" reason="low free space (less than 4%)" />
</gc-op>
<gc-end id="2495" type="global" contextid="2488" durationms="702.731" usertimems="2120.661" systemtimems="0.000" stalltimems="671.613" timestamp="2022-02-02T12:35:14.036" activeThreads="4">
  <mem-info id="2496" free="108517520" total="838860800" percent="12">
    <mem type="tenure" free="108517520" total="838860800" percent="12">
      <mem type="soa" free="100128912" total="830472192" percent="12" />
      <mem type="loa" free="8388608" total="8388608" percent="100" />
    </mem>
    <pending-finalizers system="24" default="0" reference="1" classloader="0" />
  </mem-info>
</gc-end>
<cycle-end id="2497" type="global" contextid="2488" timestamp="2022-02-02T12:35:14.036" />
<allocation-satisfied id="2498" threadId="0000000000016F00" bytesRequested="56" />
<af-end id="2499" timestamp="2022-02-02T12:35:14.036" threadId="0000000000017908" success="true" />
<exclusive-end id="2500" timestamp="2022-02-02T12:35:14.036" durationms="703.013" />

<exclusive-start id="2501" timestamp="2022-02-02T12:35:14.810" intervalms="1477.537">
  <response-info timems="0.026" idlems="0.026" threads="0" lastid="0000000000016F00" lastname="main" />
</exclusive-start>
<af-start id="2502" threadId="0000000000017908" totalBytesRequested="24" timestamp="2022-02-02T12:35:14.810" intervalms="1477.534" />
<cycle-start id="2503" type="global" contextid="0" timestamp="2022-02-02T12:35:14.810" intervalms="1477.536" />
<gc-start id="2504" type="global" contextid="2503" timestamp="2022-02-02T12:35:14.811">
  <mem-info id="2505" free="8388608" total="838860800" percent="1">
    <mem type="tenure" free="8388608" total="838860800" percent="1">
      <mem type="soa" free="0" total="830472192" percent="0" />
      <mem type="loa" free="8388608" total="8388608" percent="100" />
    </mem>
  </mem-info>
</gc-start>
<allocation-stats totalBytes="100082520" >
  <allocated-bytes non-tlh="2458320" tlh="97624200" />
  <largest-consumer threadName="main" threadId="0000000000016F00" bytes="100081728" />
</allocation-stats>
<gc-op id="2506" type="mark" timems="274.568" contextid="2503" timestamp="2022-02-02T12:35:15.085">
  <trace-info objectcount="10284371" scancount="7700862" scanbytes="165111424" />
  <finalization candidates="457" enqueued="86" />
  <ownableSynchronizers candidates="1" cleared="0" />
  <references type="soft" candidates="894" cleared="0" enqueued="0" dynamicThreshold="4" maxThreshold="32" />
  <references type="weak" candidates="1964" cleared="0" enqueued="0" />
  <references type="phantom" candidates="92" cleared="8" enqueued="8" />
  <stringconstants candidates="6478" cleared="0"  />
  <object-monitors candidates="2" cleared="0"  />
</gc-op>
<gc-op id="2507" type="sweep" timems="4.834" contextid="2503" timestamp="2022-02-02T12:35:15.090" />
<gc-end id="2508" type="global" contextid="2503" durationms="279.554" usertimems="522.187" systemtimems="15.929" stalltimems="578.958" timestamp="2022-02-02T12:35:15.090" activeThreads="4">
  <mem-info id="2509" free="251334064" total="838860800" percent="29">
    <mem type="tenure" free="251334064" total="838860800" percent="29" micro-fragmented="27508853" macro-fragmented="0">
      <mem type="soa" free="242945456" total="830472192" percent="29" />
      <mem type="loa" free="8388608" total="8388608" percent="100" />
    </mem>
    <pending-finalizers system="85" default="1" reference="8" classloader="0" />
  </mem-info>
</gc-end>
<cycle-end id="2510" type="global" contextid="2503" timestamp="2022-02-02T12:35:15.090" />
<allocation-satisfied id="2511" threadId="0000000000016F00" bytesRequested="24" />
<af-end id="2512" timestamp="2022-02-02T12:35:15.090" threadId="0000000000017908" success="true" />
<exclusive-end id="2513" timestamp="2022-02-02T12:35:15.090" durationms="279.848" />

<exclusive-start id="2514" timestamp="2022-02-02T12:35:16.750" intervalms="1939.567">
  <response-info timems="0.057" idlems="0.057" threads="0" lastid="0000000000016F00" lastname="main" />
</exclusive-start>
<af-start id="2515" threadId="0000000000017908" totalBytesRequested="14216" timestamp="2022-02-02T12:35:16.750" intervalms="1939.593" />
<cycle-start id="2516" type="global" contextid="0" timestamp="2022-02-02T12:35:16.750" intervalms="1939.594" />
<gc-start id="2517" type="global" contextid="2516" timestamp="2022-02-02T12:35:16.750">
  <mem-info id="2518" free="8396592" total="838860800" percent="1">
    <mem type="tenure" free="8396592" total="838860800" percent="1">
      <mem type="soa" free="7984" total="830472192" percent="0" />
      <mem type="loa" free="8388608" total="8388608" percent="100" />
    </mem>
  </mem-info>
</gc-start>
<allocation-stats totalBytes="242757216" >
  <allocated-bytes non-tlh="550504" tlh="242206712" />
  <largest-consumer threadName="main" threadId="0000000000016F00" bytes="242739488" />
</allocation-stats>
<gc-op id="2519" type="mark" timems="312.028" contextid="2516" timestamp="2022-02-02T12:35:17.062">
  <trace-info objectcount="13395659" scancount="10034343" scanbytes="214894360" />
  <finalization candidates="416" enqueued="24" />
  <ownableSynchronizers candidates="1" cleared="0" />
  <references type="soft" candidates="894" cleared="0" enqueued="0" dynamicThreshold="9" maxThreshold="32" />
  <references type="weak" candidates="1964" cleared="0" enqueued="0" />
  <references type="phantom" candidates="96" cleared="1" enqueued="1" />
  <stringconstants candidates="6478" cleared="0"  />
  <object-monitors candidates="2" cleared="0"  />
</gc-op>
<gc-op id="2520" type="sweep" timems="6.062" contextid="2516" timestamp="2022-02-02T12:35:17.068" />
<mem-info id="2521" free="11591376" total="838860800" percent="1">
  <mem type="tenure" free="11591376" total="838860800" percent="1" micro-fragmented="97323350" macro-fragmented="7740516">
    <mem type="soa" free="3202768" total="830472192" percent="0" />
    <mem type="loa" free="8388608" total="8388608" percent="100" />
  </mem>
  <pending-finalizers system="24" default="0" reference="1" classloader="0" />
</mem-info>
<gc-op id="2522" type="compact" timems="380.962" contextid="2516" timestamp="2022-02-02T12:35:17.449">
  <compact-info movecount="8847176" movebytes="485239168" reason="low free space (less than 4%)" />
</gc-op>
<gc-end id="2523" type="global" contextid="2516" durationms="699.339" usertimems="2074.099" systemtimems="6.525" stalltimems="687.690" timestamp="2022-02-02T12:35:17.449" activeThreads="4">
  <mem-info id="2524" free="108532440" total="838860800" percent="12">
    <mem type="tenure" free="108532440" total="838860800" percent="12">
      <mem type="soa" free="100143832" total="830472192" percent="12" />
      <mem type="loa" free="8388608" total="8388608" percent="100" />
    </mem>
    <pending-finalizers system="24" default="0" reference="1" classloader="0" />
  </mem-info>
</gc-end>
<cycle-end id="2525" type="global" contextid="2516" timestamp="2022-02-02T12:35:17.450" />
<allocation-satisfied id="2526" threadId="0000000000016F00" bytesRequested="14216" />
<af-end id="2527" timestamp="2022-02-02T12:35:17.450" threadId="0000000000017908" success="true" />
<exclusive-end id="2528" timestamp="2022-02-02T12:35:17.450" durationms="699.695" />

<exclusive-start id="2529" timestamp="2022-02-02T12:35:18.226" intervalms="1476.540">
  <response-info timems="0.045" idlems="0.045" threads="0" lastid="0000000000016F00" lastname="main" />
</exclusive-start>
<af-start id="2530" threadId="0000000000017908" totalBytesRequested="224" timestamp="2022-02-02T12:35:18.227" intervalms="1476.515" />
<cycle-start id="2531" type="global" contextid="0" timestamp="2022-02-02T12:35:18.227" intervalms="1476.516" />
<gc-start id="2532" type="global" contextid="2531" timestamp="2022-02-02T12:35:18.227">
  <mem-info id="2533" free="8388608" total="838860800" percent="1">
    <mem type="tenure" free="8388608" total="838860800" percent="1">
      <mem type="soa" free="0" total="830472192" percent="0" />
      <mem type="loa" free="8388608" total="8388608" percent="100" />
    </mem>
  </mem-info>
</gc-start>
<allocation-stats totalBytes="100114544" >
  <allocated-bytes non-tlh="2304936" tlh="97809608" />
  <largest-consumer threadName="main" threadId="0000000000016F00" bytes="100113768" />
</allocation-stats>
<gc-op id="2534" type="mark" timems="275.042" contextid="2531" timestamp="2022-02-02T12:35:18.502">
  <trace-info objectcount="10284154" scancount="7700646" scanbytes="165107728" />
  <finalization candidates="457" enqueued="86" />
  <ownableSynchronizers candidates="1" cleared="0" />
  <references type="soft" candidates="894" cleared="0" enqueued="0" dynamicThreshold="4" maxThreshold="32" />
  <references type="weak" candidates="1964" cleared="0" enqueued="0" />
  <references type="phantom" candidates="92" cleared="8" enqueued="8" />
  <stringconstants candidates="6478" cleared="0"  />
  <object-monitors candidates="2" cleared="0"  />
</gc-op>
<gc-op id="2535" type="sweep" timems="6.219" contextid="2531" timestamp="2022-02-02T12:35:18.508" />
<gc-end id="2536" type="global" contextid="2531" durationms="281.455" usertimems="599.702" systemtimems="6.535" stalltimems="509.949" timestamp="2022-02-02T12:35:18.508" activeThreads="4">
  <mem-info id="2537" free="251336904" total="838860800" percent="29">
    <mem type="tenure" free="251336904" total="838860800" percent="29" micro-fragmented="27617612" macro-fragmented="0">
      <mem type="soa" free="242948296" total="830472192" percent="29" />
      <mem type="loa" free="8388608" total="8388608" percent="100" />
    </mem>
    <pending-finalizers system="85" default="1" reference="8" classloader="0" />
  </mem-info>
</gc-end>
<cycle-end id="2538" type="global" contextid="2531" timestamp="2022-02-02T12:35:18.508" />
<allocation-satisfied id="2539" threadId="0000000000016F00" bytesRequested="224" />
<af-end id="2540" timestamp="2022-02-02T12:35:18.508" threadId="0000000000017908" success="true" />
<exclusive-end id="2541" timestamp="2022-02-02T12:35:18.508" durationms="281.906" />

<exclusive-start id="2542" timestamp="2022-02-02T12:35:20.183" intervalms="1956.268">
  <response-info timems="0.021" idlems="0.021" threads="0" lastid="0000000000016F00" lastname="main" />
</exclusive-start>
<af-start id="2543" threadId="0000000000017908" totalBytesRequested="14216" timestamp="2022-02-02T12:35:20.183" intervalms="1956.269" />
<cycle-start id="2544" type="global" contextid="0" timestamp="2022-02-02T12:35:20.183" intervalms="1956.266" />
<gc-start id="2545" type="global" contextid="2544" timestamp="2022-02-02T12:35:20.183">
  <mem-info id="2546" free="8394736" total="838860800" percent="1">
    <mem type="tenure" free="8394736" total="838860800" percent="1">
      <mem type="soa" free="6128" total="830472192" percent="0" />
      <mem type="loa" free="8388608" total="8388608" percent="100" />
    </mem>
  </mem-info>
</gc-start>
<allocation-stats totalBytes="242771616" >
  <allocated-bytes non-tlh="550504" tlh="242221112" />
  <largest-consumer threadName="main" threadId="0000000000016F00" bytes="242759888" />
</allocation-stats>
<gc-op id="2547" type="mark" timems="299.195" contextid="2544" timestamp="2022-02-02T12:35:20.482">
  <trace-info objectcount="13395685" scancount="10034314" scanbytes="214894568" />
  <finalization candidates="416" enqueued="24" />
  <ownableSynchronizers candidates="1" cleared="0" />
  <references type="soft" candidates="894" cleared="0" enqueued="0" dynamicThreshold="9" maxThreshold="32" />
  <references type="weak" candidates="1964" cleared="0" enqueued="0" />
  <references type="phantom" candidates="96" cleared="1" enqueued="1" />
  <stringconstants candidates="6478" cleared="0"  />
  <object-monitors candidates="2" cleared="0"  />
</gc-op>
<gc-op id="2548" type="sweep" timems="6.048" contextid="2544" timestamp="2022-02-02T12:35:20.488" />
<mem-info id="2549" free="11587848" total="838860800" percent="1">
  <mem type="tenure" free="11587848" total="838860800" percent="1" micro-fragmented="97419771" macro-fragmented="7740516">
    <mem type="soa" free="3199240" total="830472192" percent="0" />
    <mem type="loa" free="8388608" total="8388608" percent="100" />
  </mem>
  <pending-finalizers system="24" default="0" reference="1" classloader="0" />
</mem-info>
<gc-op id="2550" type="compact" timems="393.571" contextid="2544" timestamp="2022-02-02T12:35:20.882">
  <compact-info movecount="8782466" movebytes="481536696" reason="low free space (less than 4%)" />
</gc-op>
<gc-end id="2551" type="global" contextid="2544" durationms="699.078" usertimems="2065.966" systemtimems="10.073" stalltimems="698.516" timestamp="2022-02-02T12:35:20.882" activeThreads="4">
  <mem-info id="2552" free="108520312" total="838860800" percent="12">
    <mem type="tenure" free="108520312" total="838860800" percent="12">
      <mem type="soa" free="100131704" total="830472192" percent="12" />
      <mem type="loa" free="8388608" total="8388608" percent="100" />
    </mem>
    <pending-finalizers system="24" default="0" reference="1" classloader="0" />
  </mem-info>
</gc-end>
<cycle-end id="2553" type="global" contextid="2544" timestamp="2022-02-02T12:35:20.882" />
<allocation-satisfied id="2554" threadId="0000000000016F00" bytesRequested="14216" />
<af-end id="2555" timestamp="2022-02-02T12:35:20.882" threadId="0000000000017908" success="true" />
<exclusive-end id="2556" timestamp="2022-02-02T12:35:20.882" durationms="699.372" />

<exclusive-start id="2557" timestamp="2022-02-02T12:35:21.681" intervalms="1497.869">
  <response-info timems="0.022" idlems="0.022" threads="0" lastid="0000000000016F00" lastname="main" />
</exclusive-start>
<af-start id="2558" threadId="0000000000017908" totalBytesRequested="224" timestamp="2022-02-02T12:35:21.681" intervalms="1497.866" />
<cycle-start id="2559" type="global" contextid="0" timestamp="2022-02-02T12:35:21.681" intervalms="1497.867" />
<gc-start id="2560" type="global" contextid="2559" timestamp="2022-02-02T12:35:21.681">
  <mem-info id="2561" free="8388608" total="838860800" percent="1">
    <mem type="tenure" free="8388608" total="838860800" percent="1">
      <mem type="soa" free="0" total="830472192" percent="0" />
      <mem type="loa" free="8388608" total="8388608" percent="100" />
    </mem>
  </mem-info>
</gc-start>
<allocation-stats totalBytes="100102800" >
  <allocated-bytes non-tlh="2304936" tlh="97797864" />
  <largest-consumer threadName="main" threadId="0000000000016F00" bytes="100101936" />
</allocation-stats>
<gc-op id="2562" type="mark" timems="284.906" contextid="2559" timestamp="2022-02-02T12:35:21.966">
  <trace-info objectcount="10284056" scancount="7700545" scanbytes="165105952" />
  <finalization candidates="457" enqueued="86" />
  <ownableSynchronizers candidates="1" cleared="0" />
  <references type="soft" candidates="894" cleared="0" enqueued="0" dynamicThreshold="4" maxThreshold="32" />
  <references type="weak" candidates="1964" cleared="0" enqueued="0" />
  <references type="phantom" candidates="92" cleared="8" enqueued="8" />
  <stringconstants candidates="6478" cleared="0"  />
  <object-monitors candidates="2" cleared="0"  />
</gc-op>
<gc-op id="2563" type="sweep" timems="4.877" contextid="2559" timestamp="2022-02-02T12:35:21.971" />
<gc-end id="2564" type="global" contextid="2559" durationms="290.166" usertimems="567.436" systemtimems="11.534" stalltimems="577.902" timestamp="2022-02-02T12:35:21.971" activeThreads="4">
  <mem-info id="2565" free="251323880" total="838860800" percent="29">
    <mem type="tenure" free="251323880" total="838860800" percent="29" micro-fragmented="27510893" macro-fragmented="0">
      <mem type="soa" free="242935272" total="830472192" percent="29" />
      <mem type="loa" free="8388608" total="8388608" percent="100" />
    </mem>
    <pending-finalizers system="85" default="1" reference="8" classloader="0" />
  </mem-info>
</gc-end>
<cycle-end id="2566" type="global" contextid="2559" timestamp="2022-02-02T12:35:21.971" />
<allocation-satisfied id="2567" threadId="0000000000016F00" bytesRequested="224" />
<af-end id="2568" timestamp="2022-02-02T12:35:21.971" threadId="0000000000017908" success="true" />
<exclusive-end id="2569" timestamp="2022-02-02T12:35:21.971" durationms="290.426" />

<exclusive-start id="2570" timestamp="2022-02-02T12:35:23.628" intervalms="1947.490">
  <response-info timems="0.025" idlems="0.025" threads="0" lastid="0000000000016F00" lastname="main" />
</exclusive-start>
<af-start id="2571" threadId="0000000000017908" totalBytesRequested="32" timestamp="2022-02-02T12:35:23.628" intervalms="1947.485" />
<cycle-start id="2572" type="global" contextid="0" timestamp="2022-02-02T12:35:23.628" intervalms="1947.485" />
<gc-start id="2573" type="global" contextid="2572" timestamp="2022-02-02T12:35:23.628">
  <mem-info id="2574" free="8388608" total="838860800" percent="1">
    <mem type="tenure" free="8388608" total="838860800" percent="1">
      <mem type="soa" free="0" total="830472192" percent="0" />
      <mem type="loa" free="8388608" total="8388608" percent="100" />
    </mem>
  </mem-info>
</gc-start>
<allocation-stats totalBytes="242772360" >
  <allocated-bytes non-tlh="558712" tlh="242213648" />
  <largest-consumer threadName="main" threadId="0000000000016F00" bytes="242760560" />
</allocation-stats>
<gc-op id="2575" type="mark" timems="287.424" contextid="2572" timestamp="2022-02-02T12:35:23.916">
  <trace-info objectcount="13395702" scancount="10034323" scanbytes="214894320" />
  <finalization candidates="415" enqueued="23" />
  <ownableSynchronizers candidates="1" cleared="0" />
  <references type="soft" candidates="894" cleared="0" enqueued="0" dynamicThreshold="9" maxThreshold="32" />
  <references type="weak" candidates="1964" cleared="0" enqueued="0" />
  <references type="phantom" candidates="95" cleared="1" enqueued="1" />
  <stringconstants candidates="6478" cleared="0"  />
  <object-monitors candidates="2" cleared="0"  />
</gc-op>
<gc-op id="2576" type="sweep" timems="7.950" contextid="2572" timestamp="2022-02-02T12:35:23.924" />
<mem-info id="2577" free="11562848" total="838860800" percent="1">
  <mem type="tenure" free="11562848" total="838860800" percent="1" micro-fragmented="96771414" macro-fragmented="0">
    <mem type="soa" free="3174240" total="830472192" percent="0" />
    <mem type="loa" free="8388608" total="8388608" percent="100" />
  </mem>
  <pending-finalizers system="23" default="0" reference="1" classloader="0" />
</mem-info>
<gc-op id="2578" type="compact" timems="412.277" contextid="2572" timestamp="2022-02-02T12:35:24.336">
  <compact-info movecount="8770770" movebytes="481064048" reason="low free space (less than 4%)" />
</gc-op>
<gc-end id="2579" type="global" contextid="2572" durationms="708.117" usertimems="2063.420" systemtimems="0.000" stalltimems="704.133" timestamp="2022-02-02T12:35:24.336" activeThreads="4">
  <mem-info id="2580" free="108526712" total="838860800" percent="12">
    <mem type="tenure" free="108526712" total="838860800" percent="12">
      <mem type="soa" free="100138104" total="830472192" percent="12" />
      <mem type="loa" free="8388608" total="8388608" percent="100" />
    </mem>
    <pending-finalizers system="23" default="0" reference="1" classloader="0" />
  </mem-info>
</gc-end>
<cycle-end id="2581" type="global" contextid="2572" timestamp="2022-02-02T12:35:24.336" />
<allocation-satisfied id="2582" threadId="0000000000016F00" bytesRequested="32" />
<af-end id="2583" timestamp="2022-02-02T12:35:24.337" threadId="0000000000017908" success="true" />
<exclusive-end id="2584" timestamp="2022-02-02T12:35:24.337" durationms="708.391" />

<exclusive-start id="2585" timestamp="2022-02-02T12:35:25.140" intervalms="1512.205">
  <response-info timems="0.021" idlems="0.021" threads="0" lastid="0000000000016F00" lastname="main" />
</exclusive-start>
<af-start id="2586" threadId="0000000000017908" totalBytesRequested="24" timestamp="2022-02-02T12:35:25.140" intervalms="1512.235" />
<cycle-start id="2587" type="global" contextid="0" timestamp="2022-02-02T12:35:25.140" intervalms="1512.243" />
<gc-start id="2588" type="global" contextid="2587" timestamp="2022-02-02T12:35:25.140">
  <mem-info id="2589" free="8388608" total="838860800" percent="1">
    <mem type="tenure" free="8388608" total="838860800" percent="1">
      <mem type="soa" free="0" total="830472192" percent="0" />
      <mem type="loa" free="8388608" total="8388608" percent="100" />
    </mem>
  </mem-info>
</gc-start>
<allocation-stats totalBytes="100092472" >
  <allocated-bytes non-tlh="2395952" tlh="97696520" />
  <largest-consumer threadName="main" threadId="0000000000016F00" bytes="100091696" />
</allocation-stats>
<gc-op id="2590" type="mark" timems="273.062" contextid="2587" timestamp="2022-02-02T12:35:25.414">
  <trace-info objectcount="10283799" scancount="7700354" scanbytes="165101832" />
  <finalization candidates="458" enqueued="87" />
  <ownableSynchronizers candidates="1" cleared="0" />
  <references type="soft" candidates="894" cleared="0" enqueued="0" dynamicThreshold="4" maxThreshold="32" />
  <references type="weak" candidates="1964" cleared="0" enqueued="0" />
  <references type="phantom" candidates="93" cleared="8" enqueued="8" />
  <stringconstants candidates="6478" cleared="0"  />
  <object-monitors candidates="2" cleared="0"  />
</gc-op>
<gc-op id="2591" type="sweep" timems="4.719" contextid="2587" timestamp="2022-02-02T12:35:25.419" />
<gc-end id="2592" type="global" contextid="2587" durationms="278.162" usertimems="532.409" systemtimems="7.653" stalltimems="567.943" timestamp="2022-02-02T12:35:25.419" activeThreads="4">
  <mem-info id="2593" free="251332584" total="838860800" percent="29">
    <mem type="tenure" free="251332584" total="838860800" percent="29" micro-fragmented="27593790" macro-fragmented="0">
      <mem type="soa" free="242943976" total="830472192" percent="29" />
      <mem type="loa" free="8388608" total="8388608" percent="100" />
    </mem>
    <pending-finalizers system="86" default="1" reference="8" classloader="0" />
  </mem-info>
</gc-end>
<cycle-end id="2594" type="global" contextid="2587" timestamp="2022-02-02T12:35:25.419" />
<allocation-satisfied id="2595" threadId="0000000000016F00" bytesRequested="24" />
<af-end id="2596" timestamp="2022-02-02T12:35:25.419" threadId="0000000000017908" success="true" />
<exclusive-end id="2597" timestamp="2022-02-02T12:35:25.419" durationms="278.511" />

<exclusive-start id="2598" timestamp="2022-02-02T12:35:27.096" intervalms="1955.951">
  <response-info timems="0.026" idlems="0.026" threads="0" lastid="0000000000016F00" lastname="main" />
</exclusive-start>
<af-start id="2599" threadId="0000000000017908" totalBytesRequested="16" timestamp="2022-02-02T12:35:27.096" intervalms="1955.929" />
<cycle-start id="2600" type="global" contextid="0" timestamp="2022-02-02T12:35:27.096" intervalms="1955.920" />
<gc-start id="2601" type="global" contextid="2600" timestamp="2022-02-02T12:35:27.097">
  <mem-info id="2602" free="8388608" total="838860800" percent="1">
    <mem type="tenure" free="8388608" total="838860800" percent="1">
      <mem type="soa" free="0" total="830472192" percent="0" />
      <mem type="loa" free="8388608" total="8388608" percent="100" />
    </mem>
  </mem-info>
</gc-start>
<allocation-stats totalBytes="242785792" >
  <allocated-bytes non-tlh="550504" tlh="242235288" />
  <largest-consumer threadName="main" threadId="0000000000016F00" bytes="242779560" />
</allocation-stats>
<gc-op id="2603" type="mark" timems="456.397" contextid="2600" timestamp="2022-02-02T12:35:27.553">
  <trace-info objectcount="13395726" scancount="10034280" scanbytes="214894512" />
  <finalization candidates="415" enqueued="23" />
  <ownableSynchronizers candidates="1" cleared="0" />
  <references type="soft" candidates="894" cleared="0" enqueued="0" dynamicThreshold="9" maxThreshold="32" />
  <references type="weak" candidates="1964" cleared="0" enqueued="0" />
  <references type="phantom" candidates="95" cleared="1" enqueued="1" />
  <stringconstants candidates="6478" cleared="0"  />
  <object-monitors candidates="2" cleared="0"  />
</gc-op>
<gc-op id="2604" type="sweep" timems="6.189" contextid="2600" timestamp="2022-02-02T12:35:27.560" />
<mem-info id="2605" free="11563200" total="838860800" percent="1">
  <mem type="tenure" free="11563200" total="838860800" percent="1" micro-fragmented="97229165" macro-fragmented="0">
    <mem type="soa" free="3174592" total="830472192" percent="0" />
    <mem type="loa" free="8388608" total="8388608" percent="100" />
  </mem>
  <pending-finalizers system="23" default="0" reference="1" classloader="0" />
</mem-info>
<gc-op id="2606" type="compact" timems="409.298" contextid="2600" timestamp="2022-02-02T12:35:27.969">
  <compact-info movecount="8770794" movebytes="481086248" reason="low free space (less than 4%)" />
</gc-op>
<gc-end id="2607" type="global" contextid="2600" durationms="872.395" usertimems="2923.905" systemtimems="4.450" stalltimems="531.898" timestamp="2022-02-02T12:35:27.969" activeThreads="4">
  <mem-info id="2608" free="108514216" total="838860800" percent="12">
    <mem type="tenure" free="108514216" total="838860800" percent="12">
      <mem type="soa" free="100125608" total="830472192" percent="12" />
      <mem type="loa" free="8388608" total="8388608" percent="100" />
    </mem>
    <pending-finalizers system="23" default="0" reference="1" classloader="0" />
  </mem-info>
</gc-end>
<cycle-end id="2609" type="global" contextid="2600" timestamp="2022-02-02T12:35:27.969" />
<allocation-satisfied id="2610" threadId="0000000000016F00" bytesRequested="16" />
<af-end id="2611" timestamp="2022-02-02T12:35:27.969" threadId="0000000000017908" success="true" />
<exclusive-end id="2612" timestamp="2022-02-02T12:35:27.969" durationms="872.927" />

<exclusive-start id="2613" timestamp="2022-02-02T12:35:28.773" intervalms="1677.202">
  <response-info timems="0.020" idlems="0.020" threads="0" lastid="0000000000016F00" lastname="main" />
</exclusive-start>
<af-start id="2614" threadId="0000000000017908" totalBytesRequested="56" timestamp="2022-02-02T12:35:28.774" intervalms="1677.198" />
<cycle-start id="2615" type="global" contextid="0" timestamp="2022-02-02T12:35:28.774" intervalms="1677.199" />
<gc-start id="2616" type="global" contextid="2615" timestamp="2022-02-02T12:35:28.774">
  <mem-info id="2617" free="8388608" total="838860800" percent="1">
    <mem type="tenure" free="8388608" total="838860800" percent="1">
      <mem type="soa" free="0" total="830472192" percent="0" />
      <mem type="loa" free="8388608" total="8388608" percent="100" />
    </mem>
  </mem-info>
</gc-start>
<allocation-stats totalBytes="100081616" >
  <allocated-bytes non-tlh="2458320" tlh="97623296" />
  <largest-consumer threadName="main" threadId="0000000000016F00" bytes="100080824" />
</allocation-stats>
<gc-op id="2618" type="mark" timems="300.198" contextid="2615" timestamp="2022-02-02T12:35:29.074">
  <trace-info objectcount="10283613" scancount="7700156" scanbytes="165098648" />
  <finalization candidates="458" enqueued="87" />
  <ownableSynchronizers candidates="1" cleared="0" />
  <references type="soft" candidates="894" cleared="0" enqueued="0" dynamicThreshold="4" maxThreshold="32" />
  <references type="weak" candidates="1964" cleared="0" enqueued="0" />
  <references type="phantom" candidates="93" cleared="8" enqueued="8" />
  <stringconstants candidates="6478" cleared="0"  />
  <object-monitors candidates="2" cleared="0"  />
</gc-op>
<gc-op id="2619" type="sweep" timems="4.869" contextid="2615" timestamp="2022-02-02T12:35:29.079" />
<gc-end id="2620" type="global" contextid="2615" durationms="305.477" usertimems="654.433" systemtimems="22.304" stalltimems="536.643" timestamp="2022-02-02T12:35:29.079" activeThreads="4">
  <mem-info id="2621" free="251337512" total="838860800" percent="29">
    <mem type="tenure" free="251337512" total="838860800" percent="29" micro-fragmented="27351556" macro-fragmented="0">
      <mem type="soa" free="242948904" total="830472192" percent="29" />
      <mem type="loa" free="8388608" total="8388608" percent="100" />
    </mem>
    <pending-finalizers system="86" default="1" reference="8" classloader="0" />
  </mem-info>
</gc-end>
<cycle-end id="2622" type="global" contextid="2615" timestamp="2022-02-02T12:35:29.079" />
<allocation-satisfied id="2623" threadId="0000000000016F00" bytesRequested="56" />
<af-end id="2624" timestamp="2022-02-02T12:35:29.079" threadId="0000000000017908" success="true" />
<exclusive-end id="2625" timestamp="2022-02-02T12:35:29.079" durationms="305.816" />

<exclusive-start id="2626" timestamp="2022-02-02T12:35:30.737" intervalms="1963.437">
  <response-info timems="0.019" idlems="0.019" threads="0" lastid="0000000000016F00" lastname="main" />
</exclusive-start>
<af-start id="2627" threadId="0000000000017908" totalBytesRequested="8208" timestamp="2022-02-02T12:35:30.737" intervalms="1963.433" />
<cycle-start id="2628" type="global" contextid="0" timestamp="2022-02-02T12:35:30.737" intervalms="1963.430" />
<gc-start id="2629" type="global" contextid="2628" timestamp="2022-02-02T12:35:30.737">
  <mem-info id="2630" free="8398032" total="838860800" percent="1">
    <mem type="tenure" free="8398032" total="838860800" percent="1">
      <mem type="soa" free="9424" total="830472192" percent="0" />
      <mem type="loa" free="8388608" total="8388608" percent="100" />
    </mem>
  </mem-info>
</gc-start>
<allocation-stats totalBytes="242771464" >
  <allocated-bytes non-tlh="453704" tlh="242317760" />
  <largest-consumer threadName="main" threadId="0000000000016F00" bytes="242766248" />
</allocation-stats>
<gc-op id="2631" type="mark" timems="301.939" contextid="2628" timestamp="2022-02-02T12:35:31.039">
  <trace-info objectcount="13395745" scancount="10034353" scanbytes="214894672" />
  <finalization candidates="414" enqueued="23" />
  <ownableSynchronizers candidates="1" cleared="0" />
  <references type="soft" candidates="894" cleared="0" enqueued="0" dynamicThreshold="9" maxThreshold="32" />
  <references type="weak" candidates="1964" cleared="0" enqueued="0" />
  <references type="phantom" candidates="95" cleared="1" enqueued="1" />
  <stringconstants candidates="6478" cleared="0"  />
  <object-monitors candidates="2" cleared="0"  />
</gc-op>
<gc-op id="2632" type="sweep" timems="7.945" contextid="2628" timestamp="2022-02-02T12:35:31.047" />
<mem-info id="2633" free="11561328" total="838860800" percent="1">
  <mem type="tenure" free="11561328" total="838860800" percent="1" micro-fragmented="96828653" macro-fragmented="0">
    <mem type="soa" free="3172720" total="830472192" percent="0" />
    <mem type="loa" free="8388608" total="8388608" percent="100" />
  </mem>
  <pending-finalizers system="23" default="0" reference="1" classloader="0" />
</mem-info>
<gc-op id="2634" type="compact" timems="392.779" contextid="2628" timestamp="2022-02-02T12:35:31.440">
  <compact-info movecount="8770856" movebytes="481086816" reason="low free space (less than 4%)" />
</gc-op>
<gc-end id="2635" type="global" contextid="2628" durationms="703.143" usertimems="2072.545" systemtimems="10.714" stalltimems="710.509" timestamp="2022-02-02T12:35:31.440" activeThreads="4">
  <mem-info id="2636" free="108502776" total="838860800" percent="12">
    <mem type="tenure" free="108502776" total="838860800" percent="12">
      <mem type="soa" free="100114168" total="830472192" percent="12" />
      <mem type="loa" free="8388608" total="8388608" percent="100" />
    </mem>
    <pending-finalizers system="23" default="0" reference="1" classloader="0" />
  </mem-info>
</gc-end>
<cycle-end id="2637" type="global" contextid="2628" timestamp="2022-02-02T12:35:31.440" />
<allocation-satisfied id="2638" threadId="0000000000016F00" bytesRequested="8208" />
<af-end id="2639" timestamp="2022-02-02T12:35:31.440" threadId="0000000000017908" success="true" />
<exclusive-end id="2640" timestamp="2022-02-02T12:35:31.440" durationms="703.415" />

<exclusive-start id="2641" timestamp="2022-02-02T12:35:32.254" intervalms="1517.409">
  <response-info timems="0.022" idlems="0.022" threads="0" lastid="0000000000016F00" lastname="main" />
</exclusive-start>
<af-start id="2642" threadId="0000000000017908" totalBytesRequested="56" timestamp="2022-02-02T12:35:32.254" intervalms="1517.485" />
<cycle-start id="2643" type="global" contextid="0" timestamp="2022-02-02T12:35:32.254" intervalms="1517.496" />
<gc-start id="2644" type="global" contextid="2643" timestamp="2022-02-02T12:35:32.255">
  <mem-info id="2645" free="8388608" total="838860800" percent="1">
    <mem type="tenure" free="8388608" total="838860800" percent="1">
      <mem type="soa" free="0" total="830472192" percent="0" />
      <mem type="loa" free="8388608" total="8388608" percent="100" />
    </mem>
  </mem-info>
</gc-start>
<allocation-stats totalBytes="100079680" >
  <allocated-bytes non-tlh="2466528" tlh="97613152" />
  <largest-consumer threadName="main" threadId="0000000000016F00" bytes="100078880" />
</allocation-stats>
<gc-op id="2646" type="mark" timems="227.034" contextid="2643" timestamp="2022-02-02T12:35:32.482">
  <trace-info objectcount="10283171" scancount="7699900" scanbytes="165091368" />
  <finalization candidates="458" enqueued="87" />
  <ownableSynchronizers candidates="1" cleared="0" />
  <references type="soft" candidates="894" cleared="0" enqueued="0" dynamicThreshold="4" maxThreshold="32" />
  <references type="weak" candidates="1964" cleared="0" enqueued="0" />
  <references type="phantom" candidates="93" cleared="8" enqueued="8" />
  <stringconstants candidates="6478" cleared="0"  />
  <object-monitors candidates="2" cleared="0"  />
</gc-op>
<gc-op id="2647" type="sweep" timems="17.602" contextid="2643" timestamp="2022-02-02T12:35:32.499" />
<gc-end id="2648" type="global" contextid="2643" durationms="245.031" usertimems="366.353" systemtimems="1.425" stalltimems="604.271" timestamp="2022-02-02T12:35:32.500" activeThreads="4">
  <mem-info id="2649" free="251349512" total="838860800" percent="29">
    <mem type="tenure" free="251349512" total="838860800" percent="29" micro-fragmented="27466741" macro-fragmented="0">
      <mem type="soa" free="242960904" total="830472192" percent="29" />
      <mem type="loa" free="8388608" total="8388608" percent="100" />
    </mem>
    <pending-finalizers system="86" default="1" reference="8" classloader="0" />
  </mem-info>
</gc-end>
<cycle-end id="2650" type="global" contextid="2643" timestamp="2022-02-02T12:35:32.500" />
<allocation-satisfied id="2651" threadId="0000000000016F00" bytesRequested="56" />
<af-end id="2652" timestamp="2022-02-02T12:35:32.500" threadId="0000000000017908" success="true" />
<exclusive-end id="2653" timestamp="2022-02-02T12:35:32.500" durationms="245.402" />

<exclusive-start id="2654" timestamp="2022-02-02T12:35:34.166" intervalms="1911.317">
  <response-info timems="0.025" idlems="0.025" threads="0" lastid="0000000000016F00" lastname="main" />
</exclusive-start>
<af-start id="2655" threadId="0000000000017908" totalBytesRequested="8208" timestamp="2022-02-02T12:35:34.166" intervalms="1911.240" />
<cycle-start id="2656" type="global" contextid="0" timestamp="2022-02-02T12:35:34.166" intervalms="1911.231" />
<gc-start id="2657" type="global" contextid="2656" timestamp="2022-02-02T12:35:34.166">
  <mem-info id="2658" free="8395424" total="838860800" percent="1">
    <mem type="tenure" free="8395424" total="838860800" percent="1">
      <mem type="soa" free="6816" total="830472192" percent="0" />
      <mem type="loa" free="8388608" total="8388608" percent="100" />
    </mem>
  </mem-info>
</gc-start>
<allocation-stats totalBytes="242794048" >
  <allocated-bytes non-tlh="550504" tlh="242243544" />
  <largest-consumer threadName="main" threadId="0000000000016F00" bytes="242785616" />
</allocation-stats>
<gc-op id="2659" type="mark" timems="293.843" contextid="2656" timestamp="2022-02-02T12:35:34.460">
  <trace-info objectcount="13395759" scancount="10034390" scanbytes="214894504" />
  <finalization candidates="413" enqueued="22" />
  <ownableSynchronizers candidates="1" cleared="0" />
  <references type="soft" candidates="894" cleared="0" enqueued="0" dynamicThreshold="9" maxThreshold="32" />
  <references type="weak" candidates="1964" cleared="0" enqueued="0" />
  <references type="phantom" candidates="94" cleared="1" enqueued="1" />
  <stringconstants candidates="6478" cleared="0"  />
  <object-monitors candidates="2" cleared="0"  />
</gc-op>
<gc-op id="2660" type="sweep" timems="6.150" contextid="2656" timestamp="2022-02-02T12:35:34.466" />
<mem-info id="2661" free="11556672" total="838860800" percent="1">
  <mem type="tenure" free="11556672" total="838860800" percent="1" micro-fragmented="97014746" macro-fragmented="0">
    <mem type="soa" free="3168064" total="830472192" percent="0" />
    <mem type="loa" free="8388608" total="8388608" percent="100" />
  </mem>
  <pending-finalizers system="22" default="0" reference="1" classloader="0" />
</mem-info>
<gc-op id="2662" type="compact" timems="372.728" contextid="2656" timestamp="2022-02-02T12:35:34.839">
  <compact-info movecount="8770690" movebytes="481019752" reason="low free space (less than 4%)" />
</gc-op>
<gc-end id="2663" type="global" contextid="2656" durationms="673.182" usertimems="1827.668" systemtimems="0.000" stalltimems="849.154" timestamp="2022-02-02T12:35:34.839" activeThreads="4">
  <mem-info id="2664" free="108494640" total="838860800" percent="12">
    <mem type="tenure" free="108494640" total="838860800" percent="12">
      <mem type="soa" free="100106032" total="830472192" percent="12" />
      <mem type="loa" free="8388608" total="8388608" percent="100" />
    </mem>
    <pending-finalizers system="22" default="0" reference="1" classloader="0" />
  </mem-info>
</gc-end>
<cycle-end id="2665" type="global" contextid="2656" timestamp="2022-02-02T12:35:34.839" />
<allocation-satisfied id="2666" threadId="0000000000016F00" bytesRequested="8208" />
<af-end id="2667" timestamp="2022-02-02T12:35:34.839" threadId="0000000000017908" success="true" />
<exclusive-end id="2668" timestamp="2022-02-02T12:35:34.839" durationms="673.454" />

<exclusive-start id="2669" timestamp="2022-02-02T12:35:35.666" intervalms="1500.804">
  <response-info timems="0.029" idlems="0.029" threads="0" lastid="0000000000016F00" lastname="main" />
</exclusive-start>
<af-start id="2670" threadId="0000000000017908" totalBytesRequested="16" timestamp="2022-02-02T12:35:35.667" intervalms="1500.809" />
<cycle-start id="2671" type="global" contextid="0" timestamp="2022-02-02T12:35:35.667" intervalms="1500.811" />
<gc-start id="2672" type="global" contextid="2671" timestamp="2022-02-02T12:35:35.667">
  <mem-info id="2673" free="8388608" total="838860800" percent="1">
    <mem type="tenure" free="8388608" total="838860800" percent="1">
      <mem type="soa" free="0" total="830472192" percent="0" />
      <mem type="loa" free="8388608" total="8388608" percent="100" />
    </mem>
  </mem-info>
</gc-start>
<allocation-stats totalBytes="100071272" >
  <allocated-bytes non-tlh="2466528" tlh="97604744" />
  <largest-consumer threadName="main" threadId="0000000000016F00" bytes="100058984" />
</allocation-stats>
<gc-op id="2674" type="mark" timems="216.476" contextid="2671" timestamp="2022-02-02T12:35:35.883">
  <trace-info objectcount="10282728" scancount="7699548" scanbytes="165084272" />
  <finalization candidates="459" enqueued="88" />
  <ownableSynchronizers candidates="1" cleared="0" />
  <references type="soft" candidates="894" cleared="0" enqueued="0" dynamicThreshold="4" maxThreshold="32" />
  <references type="weak" candidates="1964" cleared="0" enqueued="0" />
  <references type="phantom" candidates="94" cleared="8" enqueued="8" />
  <stringconstants candidates="6478" cleared="0"  />
  <object-monitors candidates="2" cleared="0"  />
</gc-op>
<gc-op id="2675" type="sweep" timems="4.741" contextid="2671" timestamp="2022-02-02T12:35:35.888" />
<gc-end id="2676" type="global" contextid="2671" durationms="221.568" usertimems="295.074" systemtimems="0.120" stalltimems="588.316" timestamp="2022-02-02T12:35:35.888" activeThreads="4">
  <mem-info id="2677" free="251346288" total="838860800" percent="29">
    <mem type="tenure" free="251346288" total="838860800" percent="29" micro-fragmented="27413636" macro-fragmented="0">
      <mem type="soa" free="242957680" total="830472192" percent="29" />
      <mem type="loa" free="8388608" total="8388608" percent="100" />
    </mem>
    <pending-finalizers system="87" default="1" reference="8" classloader="0" />
  </mem-info>
</gc-end>
<cycle-end id="2678" type="global" contextid="2671" timestamp="2022-02-02T12:35:35.888" />
<allocation-satisfied id="2679" threadId="0000000000016F00" bytesRequested="16" />
<af-end id="2680" timestamp="2022-02-02T12:35:35.888" threadId="0000000000017908" success="true" />
<exclusive-end id="2681" timestamp="2022-02-02T12:35:35.888" durationms="221.829" />

<exclusive-start id="2682" timestamp="2022-02-02T12:35:37.646" intervalms="1979.828">
  <response-info timems="0.020" idlems="0.020" threads="0" lastid="0000000000016F00" lastname="main" />
</exclusive-start>
<af-start id="2683" threadId="0000000000017908" totalBytesRequested="80" timestamp="2022-02-02T12:35:37.646" intervalms="1979.828" />
<cycle-start id="2684" type="global" contextid="0" timestamp="2022-02-02T12:35:37.646" intervalms="1979.825" />
<gc-start id="2685" type="global" contextid="2684" timestamp="2022-02-02T12:35:37.646">
  <mem-info id="2686" free="8388608" total="838860800" percent="1">
    <mem type="tenure" free="8388608" total="838860800" percent="1">
      <mem type="soa" free="0" total="830472192" percent="0" />
      <mem type="loa" free="8388608" total="8388608" percent="100" />
    </mem>
  </mem-info>
</gc-start>
<allocation-stats totalBytes="242796304" >
  <allocated-bytes non-tlh="453704" tlh="242342600" />
  <largest-consumer threadName="main" threadId="0000000000016F00" bytes="242784656" />
</allocation-stats>
<gc-op id="2687" type="mark" timems="462.203" contextid="2684" timestamp="2022-02-02T12:35:38.109">
  <trace-info objectcount="13395223" scancount="10033892" scanbytes="214885192" />
  <finalization candidates="413" enqueued="22" />
  <ownableSynchronizers candidates="1" cleared="0" />
  <references type="soft" candidates="894" cleared="0" enqueued="0" dynamicThreshold="9" maxThreshold="32" />
  <references type="weak" candidates="1964" cleared="0" enqueued="0" />
  <references type="phantom" candidates="93" cleared="1" enqueued="1" />
  <stringconstants candidates="6478" cleared="0"  />
  <object-monitors candidates="2" cleared="0"  />
</gc-op>
<gc-op id="2688" type="sweep" timems="6.571" contextid="2684" timestamp="2022-02-02T12:35:38.115" />
<mem-info id="2689" free="11530752" total="838860800" percent="1">
  <mem type="tenure" free="11530752" total="838860800" percent="1" micro-fragmented="97037836" macro-fragmented="0">
    <mem type="soa" free="3142144" total="830472192" percent="0" />
    <mem type="loa" free="8388608" total="8388608" percent="100" />
  </mem>
  <pending-finalizers system="22" default="0" reference="1" classloader="0" />
</mem-info>
<gc-op id="2690" type="compact" timems="384.793" contextid="2684" timestamp="2022-02-02T12:35:38.500">
  <compact-info movecount="8770205" movebytes="481041728" reason="low free space (less than 4%)" />
</gc-op>
<gc-end id="2691" type="global" contextid="2684" durationms="853.903" usertimems="2892.318" systemtimems="6.572" stalltimems="495.258" timestamp="2022-02-02T12:35:38.500" activeThreads="4">
  <mem-info id="2692" free="108483432" total="838860800" percent="12">
    <mem type="tenure" free="108483432" total="838860800" percent="12">
      <mem type="soa" free="100094824" total="830472192" percent="12" />
      <mem type="loa" free="8388608" total="8388608" percent="100" />
    </mem>
    <pending-finalizers system="22" default="0" reference="1" classloader="0" />
  </mem-info>
</gc-end>
<cycle-end id="2693" type="global" contextid="2684" timestamp="2022-02-02T12:35:38.500" />
<allocation-satisfied id="2694" threadId="0000000000016F00" bytesRequested="80" />
<af-end id="2695" timestamp="2022-02-02T12:35:38.500" threadId="0000000000017908" success="true" />
<exclusive-end id="2696" timestamp="2022-02-02T12:35:38.500" durationms="854.146" />

<exclusive-start id="2697" timestamp="2022-02-02T12:35:39.285" intervalms="1638.949">
  <response-info timems="0.025" idlems="0.025" threads="0" lastid="0000000000016F00" lastname="main" />
</exclusive-start>
<af-start id="2698" threadId="0000000000017908" totalBytesRequested="184" timestamp="2022-02-02T12:35:39.285" intervalms="1638.949" />
<cycle-start id="2699" type="global" contextid="0" timestamp="2022-02-02T12:35:39.285" intervalms="1638.952" />
<gc-start id="2700" type="global" contextid="2699" timestamp="2022-02-02T12:35:39.285">
  <mem-info id="2701" free="8388608" total="838860800" percent="1">
    <mem type="tenure" free="8388608" total="838860800" percent="1">
      <mem type="soa" free="0" total="830472192" percent="0" />
      <mem type="loa" free="8388608" total="8388608" percent="100" />
    </mem>
  </mem-info>
</gc-start>
<allocation-stats totalBytes="100050472" >
  <allocated-bytes non-tlh="2458320" tlh="97592152" />
  <largest-consumer threadName="main" threadId="0000000000016F00" bytes="100038184" />
</allocation-stats>
<gc-op id="2702" type="mark" timems="217.878" contextid="2699" timestamp="2022-02-02T12:35:39.503">
  <trace-info objectcount="10282016" scancount="7699046" scanbytes="165072656" />
  <finalization candidates="459" enqueued="88" />
  <ownableSynchronizers candidates="1" cleared="0" />
  <references type="soft" candidates="894" cleared="0" enqueued="0" dynamicThreshold="4" maxThreshold="32" />
  <references type="weak" candidates="1964" cleared="0" enqueued="0" />
  <references type="phantom" candidates="94" cleared="8" enqueued="8" />
  <stringconstants candidates="6478" cleared="0"  />
  <object-monitors candidates="2" cleared="0"  />
</gc-op>
<gc-op id="2703" type="sweep" timems="4.793" contextid="2699" timestamp="2022-02-02T12:35:39.508" />
<gc-end id="2704" type="global" contextid="2699" durationms="222.856" usertimems="290.514" systemtimems="0.000" stalltimems="592.811" timestamp="2022-02-02T12:35:39.508" activeThreads="4">
  <mem-info id="2705" free="251380496" total="838860800" percent="29">
    <mem type="tenure" free="251380496" total="838860800" percent="29" micro-fragmented="27435698" macro-fragmented="0">
      <mem type="soa" free="242991888" total="830472192" percent="29" />
      <mem type="loa" free="8388608" total="8388608" percent="100" />
    </mem>
    <pending-finalizers system="87" default="1" reference="8" classloader="0" />
  </mem-info>
</gc-end>
<cycle-end id="2706" type="global" contextid="2699" timestamp="2022-02-02T12:35:39.508" />
<allocation-satisfied id="2707" threadId="0000000000016F00" bytesRequested="184" />
<af-end id="2708" timestamp="2022-02-02T12:35:39.508" threadId="0000000000017908" success="true" />
<exclusive-end id="2709" timestamp="2022-02-02T12:35:39.508" durationms="223.173" />

<exclusive-start id="2710" timestamp="2022-02-02T12:35:41.172" intervalms="1886.424">
  <response-info timems="0.021" idlems="0.021" threads="0" lastid="0000000000016F00" lastname="main" />
</exclusive-start>
<af-start id="2711" threadId="0000000000017908" totalBytesRequested="32" timestamp="2022-02-02T12:35:41.172" intervalms="1886.419" />
<cycle-start id="2712" type="global" contextid="0" timestamp="2022-02-02T12:35:41.172" intervalms="1886.448" />
<gc-start id="2713" type="global" contextid="2712" timestamp="2022-02-02T12:35:41.172">
  <mem-info id="2714" free="8388608" total="838860800" percent="1">
    <mem type="tenure" free="8388608" total="838860800" percent="1">
      <mem type="soa" free="0" total="830472192" percent="0" />
      <mem type="loa" free="8388608" total="8388608" percent="100" />
    </mem>
  </mem-info>
</gc-start>
<allocation-stats totalBytes="242831296" >
  <allocated-bytes non-tlh="558712" tlh="242272584" />
  <largest-consumer threadName="main" threadId="0000000000016F00" bytes="242819912" />
</allocation-stats>
<gc-op id="2715" type="mark" timems="295.025" contextid="2712" timestamp="2022-02-02T12:35:41.467">
  <trace-info objectcount="13394877" scancount="10033683" scanbytes="214879448" />
  <finalization candidates="413" enqueued="22" />
  <ownableSynchronizers candidates="1" cleared="0" />
  <references type="soft" candidates="894" cleared="0" enqueued="0" dynamicThreshold="9" maxThreshold="32" />
  <references type="weak" candidates="1964" cleared="0" enqueued="0" />
  <references type="phantom" candidates="93" cleared="1" enqueued="1" />
  <stringconstants candidates="6478" cleared="0"  />
  <object-monitors candidates="2" cleared="0"  />
</gc-op>
<gc-op id="2716" type="sweep" timems="6.112" contextid="2712" timestamp="2022-02-02T12:35:41.473" />
<mem-info id="2717" free="11533808" total="838860800" percent="1">
  <mem type="tenure" free="11533808" total="838860800" percent="1" micro-fragmented="96807645" macro-fragmented="3110739">
    <mem type="soa" free="3145200" total="830472192" percent="0" />
    <mem type="loa" free="8388608" total="8388608" percent="100" />
  </mem>
  <pending-finalizers system="22" default="0" reference="1" classloader="0" />
</mem-info>
<gc-op id="2718" type="compact" timems="401.659" contextid="2712" timestamp="2022-02-02T12:35:41.875">
  <compact-info movecount="8769784" movebytes="481015000" reason="low free space (less than 4%)" />
</gc-op>
<gc-end id="2719" type="global" contextid="2712" durationms="703.093" usertimems="2119.408" systemtimems="8.110" stalltimems="667.850" timestamp="2022-02-02T12:35:41.875" activeThreads="4">
  <mem-info id="2720" free="108483360" total="838860800" percent="12">
    <mem type="tenure" free="108483360" total="838860800" percent="12">
      <mem type="soa" free="100094752" total="830472192" percent="12" />
      <mem type="loa" free="8388608" total="8388608" percent="100" />
    </mem>
    <pending-finalizers system="22" default="0" reference="1" classloader="0" />
  </mem-info>
</gc-end>
<cycle-end id="2721" type="global" contextid="2712" timestamp="2022-02-02T12:35:41.875" />
<allocation-satisfied id="2722" threadId="0000000000016F00" bytesRequested="32" />
<af-end id="2723" timestamp="2022-02-02T12:35:41.875" threadId="0000000000017908" success="true" />
<exclusive-end id="2724" timestamp="2022-02-02T12:35:41.875" durationms="703.402" />

<exclusive-start id="2725" timestamp="2022-02-02T12:35:42.656" intervalms="1484.297">
  <response-info timems="0.021" idlems="0.021" threads="0" lastid="0000000000016F00" lastname="main" />
</exclusive-start>
<af-start id="2726" threadId="0000000000017908" totalBytesRequested="112" timestamp="2022-02-02T12:35:42.656" intervalms="1484.605" />
<cycle-start id="2727" type="global" contextid="0" timestamp="2022-02-02T12:35:42.656" intervalms="1484.645" />
<gc-start id="2728" type="global" contextid="2727" timestamp="2022-02-02T12:35:42.657">
  <mem-info id="2729" free="8388608" total="838860800" percent="1">
    <mem type="tenure" free="8388608" total="838860800" percent="1">
      <mem type="soa" free="0" total="830472192" percent="0" />
      <mem type="loa" free="8388608" total="8388608" percent="100" />
    </mem>
  </mem-info>
</gc-start>
<allocation-stats totalBytes="100051592" >
  <allocated-bytes non-tlh="2290720" tlh="97760872" />
  <largest-consumer threadName="main" threadId="0000000000016F00" bytes="100043400" />
</allocation-stats>
<gc-op id="2730" type="mark" timems="293.342" contextid="2727" timestamp="2022-02-02T12:35:42.950">
  <trace-info objectcount="10281941" scancount="7698941" scanbytes="165071264" />
  <finalization candidates="459" enqueued="88" />
  <ownableSynchronizers candidates="1" cleared="0" />
  <references type="soft" candidates="894" cleared="0" enqueued="0" dynamicThreshold="4" maxThreshold="32" />
  <references type="weak" candidates="1964" cleared="0" enqueued="0" />
  <references type="phantom" candidates="94" cleared="8" enqueued="8" />
  <stringconstants candidates="6478" cleared="0"  />
  <object-monitors candidates="2" cleared="0"  />
</gc-op>
<gc-op id="2731" type="sweep" timems="4.453" contextid="2727" timestamp="2022-02-02T12:35:42.954" />
<gc-end id="2732" type="global" contextid="2727" durationms="297.942" usertimems="600.224" systemtimems="4.029" stalltimems="585.409" timestamp="2022-02-02T12:35:42.955" activeThreads="4">
  <mem-info id="2733" free="251366312" total="838860800" percent="29">
    <mem type="tenure" free="251366312" total="838860800" percent="29" micro-fragmented="27298528" macro-fragmented="0">
      <mem type="soa" free="242977704" total="830472192" percent="29" />
      <mem type="loa" free="8388608" total="8388608" percent="100" />
    </mem>
    <pending-finalizers system="87" default="1" reference="8" classloader="0" />
  </mem-info>
</gc-end>
<cycle-end id="2734" type="global" contextid="2727" timestamp="2022-02-02T12:35:42.955" />
<allocation-satisfied id="2735" threadId="0000000000016F00" bytesRequested="112" />
<af-end id="2736" timestamp="2022-02-02T12:35:42.955" threadId="0000000000017908" success="true" />
<exclusive-end id="2737" timestamp="2022-02-02T12:35:42.955" durationms="298.749" />

<exclusive-start id="2738" timestamp="2022-02-02T12:35:44.655" intervalms="1999.116">
  <response-info timems="0.020" idlems="0.020" threads="0" lastid="0000000000016F00" lastname="main" />
</exclusive-start>
<af-start id="2739" threadId="0000000000017908" totalBytesRequested="256" timestamp="2022-02-02T12:35:44.655" intervalms="1998.833" />
<cycle-start id="2740" type="global" contextid="0" timestamp="2022-02-02T12:35:44.655" intervalms="1998.770" />
<gc-start id="2741" type="global" contextid="2740" timestamp="2022-02-02T12:35:44.655">
  <mem-info id="2742" free="8388608" total="838860800" percent="1">
    <mem type="tenure" free="8388608" total="838860800" percent="1">
      <mem type="soa" free="0" total="830472192" percent="0" />
      <mem type="loa" free="8388608" total="8388608" percent="100" />
    </mem>
  </mem-info>
</gc-start>
<allocation-stats totalBytes="242818536" >
  <allocated-bytes non-tlh="550504" tlh="242268032" />
  <largest-consumer threadName="main" threadId="0000000000016F00" bytes="242808048" />
</allocation-stats>
<gc-op id="2743" type="mark" timems="327.690" contextid="2740" timestamp="2022-02-02T12:35:44.983">
  <trace-info objectcount="13394467" scancount="10033360" scanbytes="214872680" />
  <finalization candidates="413" enqueued="22" />
  <ownableSynchronizers candidates="1" cleared="0" />
  <references type="soft" candidates="894" cleared="0" enqueued="0" dynamicThreshold="9" maxThreshold="32" />
  <references type="weak" candidates="1964" cleared="0" enqueued="0" />
  <references type="phantom" candidates="93" cleared="1" enqueued="1" />
  <stringconstants candidates="6478" cleared="0"  />
  <object-monitors candidates="2" cleared="0"  />
</gc-op>
<gc-op id="2744" type="sweep" timems="7.909" contextid="2740" timestamp="2022-02-02T12:35:44.991" />
<mem-info id="2745" free="11532048" total="838860800" percent="1">
  <mem type="tenure" free="11532048" total="838860800" percent="1" micro-fragmented="96949828" macro-fragmented="0">
    <mem type="soa" free="3143440" total="830472192" percent="0" />
    <mem type="loa" free="8388608" total="8388608" percent="100" />
  </mem>
  <pending-finalizers system="22" default="0" reference="1" classloader="0" />
</mem-info>
<gc-op id="2746" type="compact" timems="453.407" contextid="2740" timestamp="2022-02-02T12:35:45.445">
  <compact-info movecount="8769262" movebytes="480957704" reason="low free space (less than 4%)" />
</gc-op>
<gc-end id="2747" type="global" contextid="2740" durationms="789.493" usertimems="2441.686" systemtimems="14.077" stalltimems="673.111" timestamp="2022-02-02T12:35:45.445" activeThreads="4">
  <mem-info id="2748" free="108488120" total="838860800" percent="12">
    <mem type="tenure" free="108488120" total="838860800" percent="12">
      <mem type="soa" free="100099512" total="830472192" percent="12" />
      <mem type="loa" free="8388608" total="8388608" percent="100" />
    </mem>
    <pending-finalizers system="22" default="0" reference="1" classloader="0" />
  </mem-info>
</gc-end>
<cycle-end id="2749" type="global" contextid="2740" timestamp="2022-02-02T12:35:45.445" />
<allocation-satisfied id="2750" threadId="0000000000016F00" bytesRequested="256" />
<af-end id="2751" timestamp="2022-02-02T12:35:45.445" threadId="0000000000017908" success="true" />
<exclusive-end id="2752" timestamp="2022-02-02T12:35:45.445" durationms="789.773" />

</verbosegc>

