<?xml version="1.0" ?>

<verbosegc xmlns="http://www.ibm.com/j9/verbosegc" version="ae696fd9c1e_CMPRSS">

<initialized id="1" timestamp="2022-02-02T12:27:36.100">
  <attribute name="gcPolicy" value="-Xgcpolicy:gencon" />
  <attribute name="maxHeapSize" value="0x32000000" />
  <attribute name="initialHeapSize" value="0x32000000" />
  <attribute name="compressedRefs" value="true" />
  <attribute name="compressedRefsDisplacement" value="0x0" />
  <attribute name="compressedRefsShift" value="0x0" />
  <attribute name="pageSize" value="0x1000" />
  <attribute name="pageType" value="not used" />
  <attribute name="requestedPageSize" value="0x1000" />
  <attribute name="requestedPageType" value="not used" />
  <attribute name="gcthreads" value="4" />
  <attribute name="gcthreads Concurrent Mark" value="1" />
  <attribute name="packetListSplit" value="1" />
  <attribute name="cacheListSplit" value="1" />
  <attribute name="splitFreeListSplitAmount" value="1" />
  <attribute name="numaNodes" value="0" />
  <system>
    <attribute name="physicalMemory" value="10477424640" />
    <attribute name="numCPUs" value="4" />
    <attribute name="architecture" value="amd64" />
    <attribute name="os" value="Linux" />
    <attribute name="osVersion" value="4.15.0-167-generic" />
  </system>
  <vmargs>
    <vmarg name="-Xoptionsfile=/home/keithc/space/openj9/jdk11/build/normal/images/jdk/lib/options.default" />
    <vmarg name="-Xlockword:mode=default,noLockword=java/lang/String,noLockword=java/util/MapEntry,noLockword=java/util/HashMap$Entry,noLockword..." />
    <vmarg name="-Xjcl:jclse29" />
    <vmarg name="-Dcom.ibm.oti.vm.bootstrap.library.path=/home/keithc/space/openj9/jdk11/build/normal/images/jdk/lib/default:/home/keithc/space/..." />
    <vmarg name="-Dsun.boot.library.path=/home/keithc/space/openj9/jdk11/build/normal/images/jdk/lib/default:/home/keithc/space/openj9/jdk11/bui..." />
    <vmarg name="-Djava.library.path=/home/keithc/space/openj9/jdk11/build/normal/images/jdk/lib/default:/home/keithc/space/openj9/jdk11/build/n..." />
    <vmarg name="-Djava.home=/home/keithc/space/openj9/jdk11/build/normal/images/jdk" />
    <vmarg name="-Duser.dir=/home/keithc/space/openj9/issue-14193" />
    <vmarg name="-agentlib:jdwp=transport=dt_socket,suspend=y,address=localhost:34905" />
    <vmarg name="-Xgcpolicy:gencon" />
    <vmarg name="-Xverbosegclog" />
    <vmarg name="-Xdump:none" />
    <vmarg name="-Xdump:java:events=abort" />
    <vmarg name="-Xms800M" />
    <vmarg name="-Xmx800M" />
    <vmarg name="--add-exports=openj9.dtfj/com.ibm.dtfj.image.j9=test.ras" />
    <vmarg name="-javaagent:/home/keithc/eclipse/2021-12/eclipse/configuration/org.eclipse.osgi/180/0/.cp/lib/javaagent-shaded.jar" />
    <vmarg name="-Dfile.encoding=UTF-8" />
    <vmarg name="--module-path=/home/keithc/space/openj9/issue-14193/bin" />
    <vmarg name="-Djdk.module.main=test.ras" />
    <vmarg name="-Dsun.java.command=test.ras/test.TestRAS data/core.testSystemDumpNullFile.1643155017633.dmp" />
    <vmarg name="-Dsun.java.launcher=SUN_STANDARD" />
    <vmarg name="-Dsun.java.launcher.pid=6310" />
  </vmargs>
</initialized>

<exclusive-start id="2" timestamp="2022-02-02T12:27:38.432" intervalms="2331.865">
  <response-info timems="0.022" idlems="0.022" threads="0" lastid="0000000000016F00" lastname="main" />
</exclusive-start>
<af-start id="3" threadId="0000000000017908" totalBytesRequested="184" timestamp="2022-02-02T12:27:38.432" intervalms="2331.924" type="nursery" />
<cycle-start id="4" type="scavenge" contextid="0" timestamp="2022-02-02T12:27:38.432" intervalms="2331.960" />
<gc-start id="5" type="scavenge" contextid="4" timestamp="2022-02-02T12:27:38.432">
  <mem-info id="6" free="628432328" total="838860800" percent="74">
    <mem type="nursery" free="0" total="209715200" percent="0">
      <mem type="allocate" free="0" total="104857600" percent="0" />
      <mem type="survivor" free="0" total="104857600" percent="0" />
    </mem>
    <mem type="tenure" free="628432328" total="629145600" percent="99">
      <mem type="soa" free="596975048" total="597688320" percent="99" />
      <mem type="loa" free="31457280" total="31457280" percent="100" />
    </mem>
    <remembered-set count="8727" />
  </mem-info>
</gc-start>
<allocation-stats totalBytes="105519912" >
  <allocated-bytes non-tlh="3156464" tlh="102363448" />
  <largest-consumer threadName="main" threadId="0000000000016F00" bytes="105402472" />
</allocation-stats>
<gc-op id="7" type="scavenge" timems="44.268" contextid="4" timestamp="2022-02-02T12:27:38.476">
  <scavenger-info tenureage="1" tenuremask="fffe" tiltratio="50" />
  <memory-copied type="nursery" objects="1217738" bytes="67201920" bytesdiscarded="112208" />
  <finalization candidates="223" enqueued="19" />
  <ownableSynchronizers candidates="3" cleared="2" />
  <references type="soft" candidates="275" cleared="0" enqueued="0" dynamicThreshold="32" maxThreshold="32" />
  <references type="weak" candidates="2517" cleared="875" enqueued="628" />
  <references type="phantom" candidates="113" cleared="41" enqueued="41" />
  <object-monitors candidates="4" cleared="1"  />
</gc-op>
<gc-end id="8" type="scavenge" contextid="4" durationms="44.467" usertimems="159.716" systemtimems="3.673" stalltimems="2.779" timestamp="2022-02-02T12:27:38.477" activeThreads="4">
  <mem-info id="9" free="665972752" total="838860800" percent="79">
    <mem type="nursery" free="37540424" total="209715200" percent="17">
      <mem type="allocate" free="37540424" total="104857600" percent="35" />
      <mem type="survivor" free="0" total="104857600" percent="0" />
    </mem>
    <mem type="tenure" free="628432328" total="629145600" percent="99">
      <mem type="soa" free="596975048" total="597688320" percent="99" />
      <mem type="loa" free="31457280" total="31457280" percent="100" />
    </mem>
    <pending-finalizers system="18" default="1" reference="669" classloader="0" />
    <remembered-set count="8727" />
  </mem-info>
</gc-end>
<cycle-end id="10" type="scavenge" contextid="4" timestamp="2022-02-02T12:27:38.477" />
<allocation-satisfied id="11" threadId="0000000000016F00" bytesRequested="184" />
<af-end id="12" timestamp="2022-02-02T12:27:38.477" threadId="0000000000017908" success="true" from="nursery"/>
<exclusive-end id="13" timestamp="2022-02-02T12:27:38.477" durationms="44.897" />

<exclusive-start id="14" timestamp="2022-02-02T12:27:38.758" intervalms="326.399">
  <response-info timems="0.025" idlems="0.025" threads="0" lastid="0000000000016F00" lastname="main" />
</exclusive-start>
<af-start id="15" threadId="0000000000017908" totalBytesRequested="24" timestamp="2022-02-02T12:27:38.758" intervalms="326.393" type="nursery" />
<cycle-start id="16" type="scavenge" contextid="0" timestamp="2022-02-02T12:27:38.759" intervalms="326.382" />
<gc-start id="17" type="scavenge" contextid="16" timestamp="2022-02-02T12:27:38.759">
  <mem-info id="18" free="628432224" total="838860800" percent="74">
    <mem type="nursery" free="0" total="209715200" percent="0">
      <mem type="allocate" free="0" total="104857600" percent="0" />
      <mem type="survivor" free="0" total="104857600" percent="0" />
    </mem>
    <mem type="tenure" free="628432224" total="629145600" percent="99">
      <mem type="soa" free="596974944" total="597688320" percent="99" />
      <mem type="loa" free="31457280" total="31457280" percent="100" />
    </mem>
    <remembered-set count="8728" />
  </mem-info>
</gc-start>
<allocation-stats totalBytes="37521296" >
  <allocated-bytes non-tlh="288" tlh="37521008" />
  <largest-consumer threadName="main" threadId="0000000000016F00" bytes="37456416" />
</allocation-stats>
<gc-op id="19" type="scavenge" timems="50.091" contextid="16" timestamp="2022-02-02T12:27:38.809">
  <scavenger-info tenureage="1" tenuremask="7ffe" tiltratio="50" />
  <memory-copied type="nursery" objects="497775" bytes="26791208" bytesdiscarded="162512" />
  <memory-copied type="tenure" objects="1216292" bytes="66982560" bytesdiscarded="34128" />
  <finalization candidates="204" enqueued="0" />
  <ownableSynchronizers candidates="1" cleared="0" />
  <object-monitors candidates="3" cleared="0"  />
</gc-op>
<gc-end id="20" type="scavenge" contextid="16" durationms="50.227" usertimems="182.561" systemtimems="14.351" stalltimems="2.291" timestamp="2022-02-02T12:27:38.809" activeThreads="4">
  <mem-info id="21" free="639130136" total="838860800" percent="76">
    <mem type="nursery" free="77903872" total="209715200" percent="37">
      <mem type="allocate" free="77903872" total="104857600" percent="74" />
      <mem type="survivor" free="0" total="104857600" percent="0" />
    </mem>
    <mem type="tenure" free="561226264" total="629145600" percent="89">
      <mem type="soa" free="529768984" total="597688320" percent="88" />
      <mem type="loa" free="31457280" total="31457280" percent="100" />
    </mem>
    <remembered-set count="8921" />
  </mem-info>
</gc-end>
<cycle-end id="22" type="scavenge" contextid="16" timestamp="2022-02-02T12:27:38.809" />
<allocation-satisfied id="23" threadId="0000000000016F00" bytesRequested="24" />
<af-end id="24" timestamp="2022-02-02T12:27:38.809" threadId="0000000000017908" success="true" from="nursery"/>
<exclusive-end id="25" timestamp="2022-02-02T12:27:38.809" durationms="50.499" />

<exclusive-start id="26" timestamp="2022-02-02T12:27:39.331" intervalms="572.838">
  <response-info timems="0.021" idlems="0.021" threads="0" lastid="0000000000016F00" lastname="main" />
</exclusive-start>
<af-start id="27" threadId="0000000000017908" totalBytesRequested="104" timestamp="2022-02-02T12:27:39.331" intervalms="572.835" type="nursery" />
<cycle-start id="28" type="scavenge" contextid="0" timestamp="2022-02-02T12:27:39.331" intervalms="572.834" />
<gc-start id="29" type="scavenge" contextid="28" timestamp="2022-02-02T12:27:39.331">
  <mem-info id="30" free="561226264" total="838860800" percent="66">
    <mem type="nursery" free="0" total="209715200" percent="0">
      <mem type="allocate" free="0" total="104857600" percent="0" />
      <mem type="survivor" free="0" total="104857600" percent="0" />
    </mem>
    <mem type="tenure" free="561226264" total="629145600" percent="89">
      <mem type="soa" free="529768984" total="597688320" percent="88" />
      <mem type="loa" free="31457280" total="31457280" percent="100" />
    </mem>
    <remembered-set count="8921" />
  </mem-info>
</gc-start>
<allocation-stats totalBytes="77867296" >
  <allocated-bytes non-tlh="24" tlh="77867272" />
  <largest-consumer threadName="main" threadId="0000000000016F00" bytes="77867296" />
</allocation-stats>
<gc-op id="31" type="scavenge" timems="44.878" contextid="28" timestamp="2022-02-02T12:27:39.376">
  <scavenger-info tenureage="1" tenuremask="7ffe" tiltratio="50" />
  <memory-copied type="nursery" objects="986719" bytes="55396720" bytesdiscarded="245936" />
  <memory-copied type="tenure" objects="497775" bytes="26791208" bytesdiscarded="13784" />
  <object-monitors candidates="3" cleared="0"  />
</gc-op>
<gc-end id="32" type="scavenge" contextid="28" durationms="45.099" usertimems="174.473" systemtimems="0.231" stalltimems="4.293" timestamp="2022-02-02T12:27:39.376" activeThreads="4">
  <mem-info id="33" free="583541240" total="838860800" percent="69">
    <mem type="nursery" free="49214944" total="209715200" percent="23">
      <mem type="allocate" free="49214944" total="104857600" percent="46" />
      <mem type="survivor" free="0" total="104857600" percent="0" />
    </mem>
    <mem type="tenure" free="534326296" total="629145600" percent="84">
      <mem type="soa" free="502869016" total="597688320" percent="84" />
      <mem type="loa" free="31457280" total="31457280" percent="100" />
    </mem>
    <remembered-set count="102" />
  </mem-info>
</gc-end>
<cycle-end id="34" type="scavenge" contextid="28" timestamp="2022-02-02T12:27:39.377" />
<allocation-satisfied id="35" threadId="0000000000016F00" bytesRequested="104" />
<af-end id="36" timestamp="2022-02-02T12:27:39.377" threadId="0000000000017908" success="true" from="nursery"/>
<exclusive-end id="37" timestamp="2022-02-02T12:27:39.377" durationms="45.469" />

<exclusive-start id="38" timestamp="2022-02-02T12:27:39.683" intervalms="351.651">
  <response-info timems="0.026" idlems="0.026" threads="0" lastid="0000000000016F00" lastname="main" />
</exclusive-start>
<af-start id="39" threadId="0000000000017908" totalBytesRequested="56" timestamp="2022-02-02T12:27:39.683" intervalms="351.660" type="nursery" />
<cycle-start id="40" type="scavenge" contextid="0" timestamp="2022-02-02T12:27:39.683" intervalms="351.661" />
<gc-start id="41" type="scavenge" contextid="40" timestamp="2022-02-02T12:27:39.683">
  <mem-info id="42" free="534326296" total="838860800" percent="63">
    <mem type="nursery" free="0" total="209715200" percent="0">
      <mem type="allocate" free="0" total="104857600" percent="0" />
      <mem type="survivor" free="0" total="104857600" percent="0" />
    </mem>
    <mem type="tenure" free="534326296" total="629145600" percent="84">
      <mem type="soa" free="502869016" total="597688320" percent="84" />
      <mem type="loa" free="31457280" total="31457280" percent="100" />
    </mem>
    <remembered-set count="102" />
  </mem-info>
</gc-start>
<allocation-stats totalBytes="49190200" >
  <allocated-bytes non-tlh="104" tlh="49190096" />
  <largest-consumer threadName="main" threadId="0000000000016F00" bytes="49190200" />
</allocation-stats>
<gc-op id="43" type="scavenge" timems="46.446" contextid="40" timestamp="2022-02-02T12:27:39.730">
  <scavenger-info tenureage="1" tenuremask="7ffe" tiltratio="50" />
  <memory-copied type="nursery" objects="610132" bytes="34948704" bytesdiscarded="67488" />
  <memory-copied type="tenure" objects="986719" bytes="55396720" bytesdiscarded="27424" />
  <object-monitors candidates="3" cleared="0"  />
</gc-op>
<gc-end id="44" type="scavenge" contextid="40" durationms="46.564" usertimems="169.637" systemtimems="11.744" stalltimems="3.321" timestamp="2022-02-02T12:27:39.730" activeThreads="4">
  <mem-info id="45" free="548614888" total="838860800" percent="65">
    <mem type="nursery" free="69841408" total="209715200" percent="33">
      <mem type="allocate" free="69841408" total="104857600" percent="66" />
      <mem type="survivor" free="0" total="104857600" percent="0" />
    </mem>
    <mem type="tenure" free="478773480" total="629145600" percent="76">
      <mem type="soa" free="447316200" total="597688320" percent="74" />
      <mem type="loa" free="31457280" total="31457280" percent="100" />
    </mem>
    <remembered-set count="102" />
  </mem-info>
</gc-end>
<cycle-end id="46" type="scavenge" contextid="40" timestamp="2022-02-02T12:27:39.730" />
<allocation-satisfied id="47" threadId="0000000000016F00" bytesRequested="56" />
<af-end id="48" timestamp="2022-02-02T12:27:39.730" threadId="0000000000017908" success="true" from="nursery"/>
<exclusive-end id="49" timestamp="2022-02-02T12:27:39.730" durationms="46.929" />

<exclusive-start id="50" timestamp="2022-02-02T12:27:40.248" intervalms="565.524">
  <response-info timems="0.052" idlems="0.052" threads="0" lastid="0000000000016F00" lastname="main" />
</exclusive-start>
<af-start id="51" threadId="0000000000017908" totalBytesRequested="8208" timestamp="2022-02-02T12:27:40.248" intervalms="565.516" type="nursery" />
<cycle-start id="52" type="scavenge" contextid="0" timestamp="2022-02-02T12:27:40.249" intervalms="565.515" />
<gc-start id="53" type="scavenge" contextid="52" timestamp="2022-02-02T12:27:40.249">
  <mem-info id="54" free="478773480" total="838860800" percent="57">
    <mem type="nursery" free="0" total="209715200" percent="0">
      <mem type="allocate" free="0" total="104857600" percent="0" />
      <mem type="survivor" free="0" total="104857600" percent="0" />
    </mem>
    <mem type="tenure" free="478773480" total="629145600" percent="76">
      <mem type="soa" free="447316200" total="597688320" percent="74" />
      <mem type="loa" free="31457280" total="31457280" percent="100" />
    </mem>
    <remembered-set count="116" />
  </mem-info>
</gc-start>
<allocation-stats totalBytes="69807248" >
  <allocated-bytes non-tlh="56" tlh="69807192" />
  <largest-consumer threadName="main" threadId="0000000000016F00" bytes="69807248" />
</allocation-stats>
<gc-op id="55" type="scavenge" timems="61.699" contextid="52" timestamp="2022-02-02T12:27:40.310">
  <scavenger-info tenureage="1" tenuremask="7ffe" tiltratio="50" />
  <memory-copied type="nursery" objects="889697" bytes="49656912" bytesdiscarded="227664" />
  <memory-copied type="tenure" objects="610132" bytes="34948704" bytesdiscarded="19120" />
  <finalization candidates="15" enqueued="8" />
  <references type="phantom" candidates="16" cleared="0" enqueued="0" />
  <object-monitors candidates="3" cleared="0"  />
</gc-op>
<gc-end id="56" type="scavenge" contextid="52" durationms="61.856" usertimems="174.832" systemtimems="3.784" stalltimems="18.945" timestamp="2022-02-02T12:27:40.310" activeThreads="4">
  <mem-info id="57" free="498943784" total="838860800" percent="59">
    <mem type="nursery" free="54973024" total="209715200" percent="26">
      <mem type="allocate" free="54973024" total="104857600" percent="52" />
      <mem type="survivor" free="0" total="104857600" percent="0" />
    </mem>
    <mem type="tenure" free="443970760" total="629145600" percent="70">
      <mem type="soa" free="412513480" total="597688320" percent="69" />
      <mem type="loa" free="31457280" total="31457280" percent="100" />
    </mem>
    <pending-finalizers system="8" default="0" reference="0" classloader="0" />
    <remembered-set count="116" />
  </mem-info>
</gc-end>
<cycle-end id="58" type="scavenge" contextid="52" timestamp="2022-02-02T12:27:40.311" />
<allocation-satisfied id="59" threadId="0000000000016F00" bytesRequested="8208" />
<af-end id="60" timestamp="2022-02-02T12:27:40.311" threadId="0000000000017908" success="true" from="nursery"/>
<exclusive-end id="61" timestamp="2022-02-02T12:27:40.311" durationms="62.403" />

<exclusive-start id="62" timestamp="2022-02-02T12:27:41.409" intervalms="1160.818">
  <response-info timems="0.064" idlems="0.064" threads="0" lastid="0000000000016F00" lastname="main" />
</exclusive-start>
<af-start id="63" threadId="0000000000017908" totalBytesRequested="80" timestamp="2022-02-02T12:27:41.409" intervalms="1160.825" type="nursery" />
<cycle-start id="64" type="scavenge" contextid="0" timestamp="2022-02-02T12:27:41.409" intervalms="1160.826" />
<gc-start id="65" type="scavenge" contextid="64" timestamp="2022-02-02T12:27:41.409">
  <mem-info id="66" free="443951104" total="838860800" percent="52">
    <mem type="nursery" free="0" total="209715200" percent="0">
      <mem type="allocate" free="0" total="104857600" percent="0" />
      <mem type="survivor" free="0" total="104857600" percent="0" />
    </mem>
    <mem type="tenure" free="443951104" total="629145600" percent="70">
      <mem type="soa" free="412493824" total="597688320" percent="69" />
      <mem type="loa" free="31457280" total="31457280" percent="100" />
    </mem>
    <remembered-set count="422" />
  </mem-info>
</gc-start>
<allocation-stats totalBytes="54975456" >
  <allocated-bytes non-tlh="751192" tlh="54224264" />
  <largest-consumer threadName="main" threadId="0000000000016F00" bytes="54971360" />
</allocation-stats>
<gc-op id="67" type="scavenge" timems="56.252" contextid="64" timestamp="2022-02-02T12:27:41.466">
  <scavenger-info tenureage="1" tenuremask="7ffe" tiltratio="50" />
  <memory-copied type="nursery" objects="398897" bytes="15731192" bytesdiscarded="113944" />
  <memory-copied type="tenure" objects="889589" bytes="49587576" bytesdiscarded="25136" />
  <finalization candidates="77" enqueued="26" />
  <references type="soft" candidates="746" cleared="0" enqueued="0" dynamicThreshold="32" maxThreshold="32" />
  <references type="weak" candidates="124" cleared="52" enqueued="46" />
  <references type="phantom" candidates="47" cleared="0" enqueued="0" />
  <object-monitors candidates="3" cleared="0"  />
</gc-op>
<gc-end id="68" type="scavenge" contextid="64" durationms="56.584" usertimems="221.950" systemtimems="0.000" stalltimems="4.708" timestamp="2022-02-02T12:27:41.466" activeThreads="4">
  <mem-info id="69" free="483453072" total="838860800" percent="57">
    <mem type="nursery" free="89012440" total="209715200" percent="42">
      <mem type="allocate" free="89012440" total="104857600" percent="84" />
      <mem type="survivor" free="0" total="104857600" percent="0" />
    </mem>
    <mem type="tenure" free="394440632" total="629145600" percent="62">
      <mem type="soa" free="362983352" total="597688320" percent="60" />
      <mem type="loa" free="31457280" total="31457280" percent="100" />
    </mem>
    <pending-finalizers system="26" default="0" reference="46" classloader="0" />
    <remembered-set count="411" />
  </mem-info>
</gc-end>
<cycle-end id="70" type="scavenge" contextid="64" timestamp="2022-02-02T12:27:41.466" />
<allocation-satisfied id="71" threadId="0000000000016F00" bytesRequested="80" />
<af-end id="72" timestamp="2022-02-02T12:27:41.466" threadId="0000000000017908" success="true" from="nursery"/>
<exclusive-end id="73" timestamp="2022-02-02T12:27:41.466" durationms="56.953" />

<exclusive-start id="74" timestamp="2022-02-02T12:27:42.575" intervalms="1165.565">
  <response-info timems="0.073" idlems="0.073" threads="0" lastid="0000000000016F00" lastname="main" />
</exclusive-start>
<af-start id="75" threadId="0000000000017908" totalBytesRequested="24" timestamp="2022-02-02T12:27:42.575" intervalms="1165.591" type="nursery" />
<cycle-start id="76" type="scavenge" contextid="0" timestamp="2022-02-02T12:27:42.575" intervalms="1165.615" />
<gc-start id="77" type="scavenge" contextid="76" timestamp="2022-02-02T12:27:42.575">
  <mem-info id="78" free="394413424" total="838860800" percent="47">
    <mem type="nursery" free="0" total="209715200" percent="0">
      <mem type="allocate" free="0" total="104857600" percent="0" />
      <mem type="survivor" free="0" total="104857600" percent="0" />
    </mem>
    <mem type="tenure" free="394413424" total="629145600" percent="62">
      <mem type="soa" free="362956144" total="597688320" percent="60" />
      <mem type="loa" free="31457280" total="31457280" percent="100" />
    </mem>
    <remembered-set count="778" />
  </mem-info>
</gc-start>
<allocation-stats totalBytes="89005336" >
  <allocated-bytes non-tlh="2396880" tlh="86608456" />
  <largest-consumer threadName="main" threadId="0000000000016F00" bytes="89001240" />
</allocation-stats>
<gc-op id="79" type="scavenge" timems="39.144" contextid="76" timestamp="2022-02-02T12:27:42.614">
  <scavenger-info tenureage="1" tenuremask="7ffe" tiltratio="50" />
  <memory-copied type="nursery" objects="823254" bytes="45391264" bytesdiscarded="314264" />
  <memory-copied type="tenure" objects="397603" bytes="15478440" bytesdiscarded="6832" />
  <finalization candidates="123" enqueued="20" />
  <references type="soft" candidates="29" cleared="0" enqueued="0" dynamicThreshold="32" maxThreshold="32" />
  <references type="weak" candidates="158" cleared="77" enqueued="76" />
  <references type="phantom" candidates="61" cleared="7" enqueued="7" />
  <object-monitors candidates="3" cleared="0"  />
</gc-op>
<gc-end id="80" type="scavenge" contextid="76" durationms="39.257" usertimems="150.796" systemtimems="8.856" stalltimems="2.183" timestamp="2022-02-02T12:27:42.614" activeThreads="4">
  <mem-info id="81" free="438001504" total="838860800" percent="52">
    <mem type="nursery" free="59151920" total="209715200" percent="28">
      <mem type="allocate" free="59151920" total="104857600" percent="56" />
      <mem type="survivor" free="0" total="104857600" percent="0" />
    </mem>
    <mem type="tenure" free="378849584" total="629145600" percent="60">
      <mem type="soa" free="347392304" total="597688320" percent="58" />
      <mem type="loa" free="31457280" total="31457280" percent="100" />
    </mem>
    <pending-finalizers system="18" default="2" reference="83" classloader="0" />
    <remembered-set count="6388" />
  </mem-info>
</gc-end>
<cycle-end id="82" type="scavenge" contextid="76" timestamp="2022-02-02T12:27:42.614" />
<allocation-satisfied id="83" threadId="0000000000016F00" bytesRequested="24" />
<af-end id="84" timestamp="2022-02-02T12:27:42.614" threadId="0000000000017908" success="true" from="nursery"/>
<exclusive-end id="85" timestamp="2022-02-02T12:27:42.614" durationms="39.585" />

<exclusive-start id="86" timestamp="2022-02-02T12:27:43.084" intervalms="508.682">
  <response-info timems="0.022" idlems="0.022" threads="0" lastid="0000000000016F00" lastname="main" />
</exclusive-start>
<af-start id="87" threadId="0000000000017908" totalBytesRequested="200" timestamp="2022-02-02T12:27:43.084" intervalms="508.651" type="nursery" />
<cycle-start id="88" type="scavenge" contextid="0" timestamp="2022-02-02T12:27:43.084" intervalms="508.627" />
<gc-start id="89" type="scavenge" contextid="88" timestamp="2022-02-02T12:27:43.084">
  <mem-info id="90" free="378849584" total="838860800" percent="45">
    <mem type="nursery" free="0" total="209715200" percent="0">
      <mem type="allocate" free="0" total="104857600" percent="0" />
      <mem type="survivor" free="0" total="104857600" percent="0" />
    </mem>
    <mem type="tenure" free="378849584" total="629145600" percent="60">
      <mem type="soa" free="347392304" total="597688320" percent="58" />
      <mem type="loa" free="31457280" total="31457280" percent="100" />
    </mem>
    <remembered-set count="6389" />
  </mem-info>
</gc-start>
<allocation-stats totalBytes="59123088" >
  <allocated-bytes non-tlh="24" tlh="59123064" />
  <largest-consumer threadName="main" threadId="0000000000016F00" bytes="59114896" />
</allocation-stats>
<gc-op id="91" type="scavenge" timems="50.515" contextid="88" timestamp="2022-02-02T12:27:43.134">
  <scavenger-info tenureage="1" tenuremask="7ffe" tiltratio="50" />
  <memory-copied type="nursery" objects="779391" bytes="42179704" bytesdiscarded="156296" />
  <memory-copied type="tenure" objects="822681" bytes="45206768" bytesdiscarded="21056" />
  <finalization candidates="60" enqueued="0" />
  <object-monitors candidates="3" cleared="0"  />
</gc-op>
<gc-end id="92" type="scavenge" contextid="88" durationms="50.638" usertimems="187.268" systemtimems="4.744" stalltimems="4.358" timestamp="2022-02-02T12:27:43.134" activeThreads="4">
  <mem-info id="93" free="406755776" total="838860800" percent="48">
    <mem type="nursery" free="73203968" total="209715200" percent="34">
      <mem type="allocate" free="73203968" total="115539968" percent="63" />
      <mem type="survivor" free="0" total="94175232" percent="0" />
    </mem>
    <mem type="tenure" free="333551808" total="629145600" percent="53">
      <mem type="soa" free="302094528" total="597688320" percent="50" />
      <mem type="loa" free="31457280" total="31457280" percent="100" />
    </mem>
    <remembered-set count="440" />
  </mem-info>
</gc-end>
<cycle-end id="94" type="scavenge" contextid="88" timestamp="2022-02-02T12:27:43.134" />
<allocation-satisfied id="95" threadId="0000000000016F00" bytesRequested="200" />
<af-end id="96" timestamp="2022-02-02T12:27:43.134" threadId="0000000000017908" success="true" from="nursery"/>
<exclusive-end id="97" timestamp="2022-02-02T12:27:43.134" durationms="50.966" />

<exclusive-start id="98" timestamp="2022-02-02T12:27:43.619" intervalms="535.814">
  <response-info timems="0.024" idlems="0.024" threads="0" lastid="0000000000016F00" lastname="main" />
</exclusive-start>
<af-start id="99" threadId="0000000000017908" totalBytesRequested="88" timestamp="2022-02-02T12:27:43.619" intervalms="535.811" type="nursery" />
<cycle-start id="100" type="scavenge" contextid="0" timestamp="2022-02-02T12:27:43.619" intervalms="535.810" />
<gc-start id="101" type="scavenge" contextid="100" timestamp="2022-02-02T12:27:43.619">
  <mem-info id="102" free="333551808" total="838860800" percent="39">
    <mem type="nursery" free="0" total="209715200" percent="0">
      <mem type="allocate" free="0" total="115539968" percent="0" />
      <mem type="survivor" free="0" total="94175232" percent="0" />
    </mem>
    <mem type="tenure" free="333551808" total="629145600" percent="53">
      <mem type="soa" free="302094528" total="597688320" percent="50" />
      <mem type="loa" free="31457280" total="31457280" percent="100" />
    </mem>
    <remembered-set count="440" />
  </mem-info>
</gc-start>
<allocation-stats totalBytes="73169824" >
  <allocated-bytes non-tlh="200" tlh="73169624" />
  <largest-consumer threadName="main" threadId="0000000000016F00" bytes="73169824" />
</allocation-stats>
<gc-op id="103" type="scavenge" timems="49.081" contextid="100" timestamp="2022-02-02T12:27:43.669">
  <scavenger-info tenureage="1" tenuremask="7ffe" tiltratio="55" />
  <memory-copied type="nursery" objects="927181" bytes="52062616" bytesdiscarded="338024" />
  <memory-copied type="tenure" objects="779390" bytes="42179592" bytesdiscarded="20376" />
  <object-monitors candidates="3" cleared="0"  />
</gc-op>
<gc-end id="104" type="scavenge" contextid="100" durationms="49.223" usertimems="192.795" systemtimems="0.000" stalltimems="2.853" timestamp="2022-02-02T12:27:43.669" activeThreads="4">
  <mem-info id="105" free="375500224" total="838860800" percent="44">
    <mem type="nursery" free="84110848" total="209715200" percent="40">
      <mem type="allocate" free="84110848" total="136511488" percent="61" />
      <mem type="survivor" free="0" total="73203712" percent="0" />
    </mem>
    <mem type="tenure" free="291389376" total="629145600" percent="46">
      <mem type="soa" free="259932096" total="597688320" percent="43" />
      <mem type="loa" free="31457280" total="31457280" percent="100" />
    </mem>
    <remembered-set count="100" />
  </mem-info>
</gc-end>
<cycle-end id="106" type="scavenge" contextid="100" timestamp="2022-02-02T12:27:43.669" />
<allocation-satisfied id="107" threadId="0000000000016F00" bytesRequested="88" />
<af-end id="108" timestamp="2022-02-02T12:27:43.669" threadId="0000000000017908" success="true" from="nursery"/>
<exclusive-end id="109" timestamp="2022-02-02T12:27:43.669" durationms="49.526" />

<exclusive-start id="110" timestamp="2022-02-02T12:27:44.180" intervalms="560.807">
  <response-info timems="0.027" idlems="0.027" threads="0" lastid="0000000000016F00" lastname="main" />
</exclusive-start>
<af-start id="111" threadId="0000000000017908" totalBytesRequested="104" timestamp="2022-02-02T12:27:44.180" intervalms="560.808" type="nursery" />
<cycle-start id="112" type="scavenge" contextid="0" timestamp="2022-02-02T12:27:44.180" intervalms="560.809" />
<gc-start id="113" type="scavenge" contextid="112" timestamp="2022-02-02T12:27:44.180">
  <mem-info id="114" free="291389376" total="838860800" percent="34">
    <mem type="nursery" free="0" total="209715200" percent="0">
      <mem type="allocate" free="0" total="136511488" percent="0" />
      <mem type="survivor" free="0" total="73203712" percent="0" />
    </mem>
    <mem type="tenure" free="291389376" total="629145600" percent="46">
      <mem type="soa" free="259932096" total="597688320" percent="43" />
      <mem type="loa" free="31457280" total="31457280" percent="100" />
    </mem>
    <remembered-set count="100" />
  </mem-info>
</gc-start>
<allocation-stats totalBytes="84073392" >
  <allocated-bytes non-tlh="88" tlh="84073304" />
  <largest-consumer threadName="main" threadId="0000000000016F00" bytes="84073392" />
</allocation-stats>
<gc-op id="115" type="scavenge" timems="72.687" contextid="112" timestamp="2022-02-02T12:27:44.253">
  <scavenger-info tenureage="1" tenuremask="7ffe" tiltratio="65" />
  <memory-copied type="nursery" objects="1043664" bytes="59731960" bytesdiscarded="94760" />
  <memory-copied type="tenure" objects="927180" bytes="52062560" bytesdiscarded="25992" />
  <object-monitors candidates="3" cleared="0"  />
</gc-op>
<gc-end id="116" type="scavenge" contextid="112" durationms="72.798" usertimems="236.863" systemtimems="19.862" stalltimems="3.419" timestamp="2022-02-02T12:27:44.253" activeThreads="4">
  <mem-info id="117" free="316394888" total="838860800" percent="37">
    <mem type="nursery" free="77143520" total="209715200" percent="36">
      <mem type="allocate" free="77143520" total="136970240" percent="56" />
      <mem type="survivor" free="0" total="72744960" percent="0" />
    </mem>
    <mem type="tenure" free="239251368" total="629145600" percent="38">
      <mem type="soa" free="207794088" total="597688320" percent="34" />
      <mem type="loa" free="31457280" total="31457280" percent="100" />
    </mem>
    <remembered-set count="100" />
  </mem-info>
</gc-end>
<cycle-end id="118" type="scavenge" contextid="112" timestamp="2022-02-02T12:27:44.253" />
<allocation-satisfied id="119" threadId="0000000000016F00" bytesRequested="104" />
<af-end id="120" timestamp="2022-02-02T12:27:44.253" threadId="0000000000017908" success="true" from="nursery"/>
<exclusive-end id="121" timestamp="2022-02-02T12:27:44.253" durationms="73.073" />

<exclusive-start id="122" timestamp="2022-02-02T12:27:45.003" intervalms="822.694">
  <response-info timems="0.025" idlems="0.025" threads="0" lastid="0000000000016F00" lastname="main" />
</exclusive-start>
<af-start id="123" threadId="0000000000017908" totalBytesRequested="200" timestamp="2022-02-02T12:27:45.003" intervalms="822.711" type="nursery" />
<cycle-start id="124" type="scavenge" contextid="0" timestamp="2022-02-02T12:27:45.003" intervalms="822.713" />
<gc-start id="125" type="scavenge" contextid="124" timestamp="2022-02-02T12:27:45.003">
  <mem-info id="126" free="239251368" total="838860800" percent="28">
    <mem type="nursery" free="0" total="209715200" percent="0">
      <mem type="allocate" free="0" total="136970240" percent="0" />
      <mem type="survivor" free="0" total="72744960" percent="0" />
    </mem>
    <mem type="tenure" free="239251368" total="629145600" percent="38">
      <mem type="soa" free="207794088" total="597688320" percent="34" />
      <mem type="loa" free="31457280" total="31457280" percent="100" />
    </mem>
    <remembered-set count="131" />
  </mem-info>
</gc-start>
<allocation-stats totalBytes="77112280" >
  <allocated-bytes non-tlh="1493872" tlh="75618408" />
  <largest-consumer threadName="main" threadId="0000000000016F00" bytes="77112280" />
</allocation-stats>
<gc-op id="127" type="scavenge" timems="121.966" contextid="124" timestamp="2022-02-02T12:27:45.125">
  <scavenger-info tenureage="1" tenuremask="7ffe" tiltratio="65" />
  <memory-copied type="nursery" objects="1109084" bytes="54114312" bytesdiscarded="121744" />
  <memory-copied type="tenure" objects="1043664" bytes="59731960" bytesdiscarded="32368" />
  <finalization candidates="109" enqueued="53" />
  <references type="soft" candidates="14" cleared="0" enqueued="0" dynamicThreshold="32" maxThreshold="32" />
  <references type="weak" candidates="1" cleared="0" enqueued="0" />
  <references type="phantom" candidates="94" cleared="7" enqueued="7" />
  <object-monitors candidates="3" cleared="0"  />
</gc-op>
<gc-end id="128" type="scavenge" contextid="124" durationms="122.077" usertimems="279.495" systemtimems="58.198" stalltimems="3.350" timestamp="2022-02-02T12:27:45.125" activeThreads="4">
  <mem-info id="129" free="263869584" total="838860800" percent="31">
    <mem type="nursery" free="84372456" total="209715200" percent="40">
      <mem type="allocate" free="84372456" total="138608640" percent="60" />
      <mem type="survivor" free="0" total="71106560" percent="0" />
    </mem>
    <mem type="tenure" free="179497128" total="629145600" percent="28">
      <mem type="soa" free="148039848" total="597688320" percent="24" />
      <mem type="loa" free="31457280" total="31457280" percent="100" />
    </mem>
    <pending-finalizers system="52" default="1" reference="7" classloader="0" />
    <remembered-set count="127" />
  </mem-info>
</gc-end>
<cycle-end id="130" type="scavenge" contextid="124" timestamp="2022-02-02T12:27:45.125" />
<allocation-satisfied id="131" threadId="0000000000016F00" bytesRequested="200" />
<af-end id="132" timestamp="2022-02-02T12:27:45.125" threadId="0000000000017908" success="true" from="nursery"/>
<exclusive-end id="133" timestamp="2022-02-02T12:27:45.125" durationms="122.359" />

<exclusive-start id="134" timestamp="2022-02-02T12:27:45.693" intervalms="690.565">
  <response-info timems="0.061" idlems="0.061" threads="0" lastid="0000000000016F00" lastname="main" />
</exclusive-start>
<af-start id="135" threadId="0000000000017908" totalBytesRequested="104" timestamp="2022-02-02T12:27:45.694" intervalms="691.294" type="nursery" />
<cycle-start id="136" type="scavenge" contextid="0" timestamp="2022-02-02T12:27:45.694" intervalms="691.410" />
<gc-start id="137" type="scavenge" contextid="136" timestamp="2022-02-02T12:27:45.694">
  <mem-info id="138" free="179497128" total="838860800" percent="21">
    <mem type="nursery" free="0" total="209715200" percent="0">
      <mem type="allocate" free="0" total="138608640" percent="0" />
      <mem type="survivor" free="0" total="71106560" percent="0" />
    </mem>
    <mem type="tenure" free="179497128" total="629145600" percent="28">
      <mem type="soa" free="148039848" total="597688320" percent="24" />
      <mem type="loa" free="31457280" total="31457280" percent="100" />
    </mem>
    <remembered-set count="128" />
  </mem-info>
</gc-start>
<allocation-stats totalBytes="84331392" >
  <allocated-bytes non-tlh="1347880" tlh="82983512" />
  <largest-consumer threadName="main" threadId="0000000000016F00" bytes="84323200" />
</allocation-stats>
<gc-op id="139" type="scavenge" timems="108.412" contextid="136" timestamp="2022-02-02T12:27:45.803">
  <scavenger-info tenureage="1" tenuremask="7ffe" tiltratio="66" />
  <memory-copied type="nursery" objects="1016609" bytes="60338312" bytesdiscarded="263640" />
  <memory-copied type="tenure" objects="1108364" bytes="53171032" bytesdiscarded="25160" />
  <finalization candidates="57" enqueued="0" />
  <references type="phantom" candidates="1" cleared="0" enqueued="0" />
  <object-monitors candidates="3" cleared="0"  />
</gc-op>
<gc-end id="140" type="scavenge" contextid="136" durationms="108.582" usertimems="251.754" systemtimems="62.774" stalltimems="2.354" timestamp="2022-02-02T12:27:45.803" activeThreads="4">
  <mem-info id="141" free="203839192" total="838860800" percent="24">
    <mem type="nursery" free="77351328" total="209715200" percent="36">
      <mem type="allocate" free="77351328" total="137953280" percent="56" />
      <mem type="survivor" free="0" total="71761920" percent="0" />
    </mem>
    <mem type="tenure" free="126487864" total="629145600" percent="20" macro-fragmented="102079188">
      <mem type="soa" free="95030584" total="597688320" percent="15" />
      <mem type="loa" free="31457280" total="31457280" percent="100" />
    </mem>
    <remembered-set count="99" />
  </mem-info>
</gc-end>
<cycle-end id="142" type="scavenge" contextid="136" timestamp="2022-02-02T12:27:45.803" />
<allocation-satisfied id="143" threadId="0000000000016F00" bytesRequested="104" />
<af-end id="144" timestamp="2022-02-02T12:27:45.803" threadId="0000000000017908" success="true" from="nursery"/>
<exclusive-end id="145" timestamp="2022-02-02T12:27:45.803" durationms="109.920" />

<concurrent-kickoff id="146" timestamp="2022-02-02T12:27:46.168">
  <kickoff reason="threshold reached" targetBytes="186730415" thresholdFreeBytes="25800720"  remainingFree="25741624" tenureFreeBytes="126487864" nurseryFreeBytes="25741624" />
</concurrent-kickoff>
<exclusive-start id="147" timestamp="2022-02-02T12:27:46.182" intervalms="488.568">
  <response-info timems="0.056" idlems="0.056" threads="0" lastid="0000000000016F00" lastname="main" />
</exclusive-start>
<cycle-start id="148" type="global" contextid="0" timestamp="2022-02-02T12:27:46.182" intervalms="10081.830" />
<concurrent-start id="149" type="global mark" contextid="148" timestamp="2022-02-02T12:27:46.182">
</concurrent-start>
<exclusive-end id="150" timestamp="2022-02-02T12:27:46.182" durationms="0.057" />

<exclusive-start id="151" timestamp="2022-02-02T12:27:46.581" intervalms="399.403">
  <response-info timems="5.285" idlems="2.646" threads="1" lastid="00000000001C3D00" lastname="Concurrent Mark Helper" />
</exclusive-start>
<af-start id="152" threadId="0000000000017908" totalBytesRequested="24" timestamp="2022-02-02T12:27:46.581" intervalms="887.234" type="nursery" />
<cycle-start id="153" type="scavenge" contextid="0" timestamp="2022-02-02T12:27:46.581" intervalms="887.117" />
<gc-start id="154" type="scavenge" contextid="153" timestamp="2022-02-02T12:27:46.581">
  <mem-info id="155" free="126487864" total="838860800" percent="15">
    <mem type="nursery" free="0" total="209715200" percent="0">
      <mem type="allocate" free="0" total="137953280" percent="0" />
      <mem type="survivor" free="0" total="71761920" percent="0" />
    </mem>
    <mem type="tenure" free="126487864" total="629145600" percent="20">
      <mem type="soa" free="95030584" total="597688320" percent="15" />
      <mem type="loa" free="31457280" total="31457280" percent="100" />
    </mem>
    <remembered-set count="99" />
  </mem-info>
</gc-start>
<allocation-stats totalBytes="77314776" >
  <allocated-bytes non-tlh="104" tlh="77314672" />
  <largest-consumer threadName="main" threadId="0000000000016F00" bytes="77314776" />
</allocation-stats>
<gc-op id="156" type="scavenge" timems="132.505" contextid="153" timestamp="2022-02-02T12:27:46.714">
  <scavenger-info tenureage="1" tenuremask="7ffe" tiltratio="65" />
  <memory-copied type="nursery" objects="1007998" bytes="55120864" bytesdiscarded="216640" />
  <memory-copied type="tenure" objects="1016609" bytes="60338312" bytesdiscarded="33888" />
  <finalization candidates="1" enqueued="0" />
  <object-monitors candidates="3" cleared="0"  />
</gc-op>
<gc-end id="157" type="scavenge" contextid="153" durationms="132.740" usertimems="249.029" systemtimems="87.362" stalltimems="6.297" timestamp="2022-02-02T12:27:46.714" activeThreads="4">
  <mem-info id="158" free="149999448" total="838860800" percent="17">
    <mem type="nursery" free="83926496" total="209715200" percent="40">
      <mem type="allocate" free="83926496" total="139264000" percent="60" />
      <mem type="survivor" free="0" total="70451200" percent="0" />
    </mem>
    <mem type="tenure" free="66072952" total="629145600" percent="10" macro-fragmented="0">
      <mem type="soa" free="34615672" total="597688320" percent="5" />
      <mem type="loa" free="31457280" total="31457280" percent="100" />
    </mem>
    <remembered-set count="100" />
  </mem-info>
</gc-end>
<cycle-end id="159" type="scavenge" contextid="153" timestamp="2022-02-02T12:27:46.714" />
<allocation-satisfied id="160" threadId="0000000000016F00" bytesRequested="24" />
<af-end id="161" timestamp="2022-02-02T12:27:46.715" threadId="0000000000017908" success="true" from="nursery"/>
<exclusive-end id="162" timestamp="2022-02-02T12:27:46.715" durationms="133.233" />

<concurrent-end id="163" type="global mark" contextid="148" timestamp="2022-02-02T12:27:46.738">
<gc-op id="164" type="trace" timems="556.189" contextid="148" timestamp="2022-02-02T12:27:46.738">
  <trace bytesTraced="149164980" workStackOverflowCount="0" />
  <card-cleaning reason="card cleaning threshold reached" bytesTraced="780" cardsCleaned="2" />
</gc-op>
</concurrent-end>

<exclusive-start id="165" timestamp="2022-02-02T12:27:46.738" intervalms="156.938">
  <response-info timems="0.026" idlems="0.026" threads="0" lastid="0000000000016F00" lastname="main" />
</exclusive-start>
<concurrent-global-final id="166" timestamp="2022-02-02T12:27:46.738" contextid="148" intervalms="10638.165" >
  <concurrent-trace-info reason="card cleaning threshold reached" tracedByMutators="79638416" tracedByHelpers="69527344" cardsCleaned="2" workStackOverflowCount="0" />
</concurrent-global-final>
<gc-start id="167" type="global" contextid="148" timestamp="2022-02-02T12:27:46.738">
  <mem-info id="168" free="148066112" total="838860800" percent="17">
    <mem type="nursery" free="81993160" total="209715200" percent="39">
      <mem type="allocate" free="81993160" total="139264000" percent="58" />
      <mem type="survivor" free="0" total="70451200" percent="0" />
    </mem>
    <mem type="tenure" free="66072952" total="629145600" percent="10">
      <mem type="soa" free="34615672" total="597688320" percent="5" />
      <mem type="loa" free="31457280" total="31457280" percent="100" />
    </mem>
    <remembered-set count="100" />
  </mem-info>
</gc-start>
<allocation-stats totalBytes="1932296" >
  <allocated-bytes non-tlh="24" tlh="1932272" />
  <largest-consumer threadName="main" threadId="0000000000016F00" bytes="1932296" />
</allocation-stats>
<gc-op id="169" type="rs-scan" timems="1.057" contextid="148" timestamp="2022-02-02T12:27:46.739">
  <scan objectsFound="0" bytesTraced="4452" workStackOverflowCount="0" />
</gc-op>
<gc-op id="170" type="card-cleaning" timems="17.135" contextid="148" timestamp="2022-02-02T12:27:46.757">
  <card-cleaning cardsCleaned="8" bytesTraced="7248708" workStackOverflowCount="0" />
</gc-op>
<gc-op id="171" type="mark" timems="51.970" contextid="148" timestamp="2022-02-02T12:27:46.809">
  <trace-info objectcount="1607711" scancount="1205796" scanbytes="25723392" />
  <finalization candidates="371" enqueued="0" />
  <ownableSynchronizers candidates="1" cleared="0" />
  <references type="soft" candidates="1063" cleared="0" enqueued="0" dynamicThreshold="32" maxThreshold="32" />
  <references type="weak" candidates="1794" cleared="92" enqueued="46" />
  <references type="phantom" candidates="53" cleared="3" enqueued="3" />
  <stringconstants candidates="6471" cleared="1"  />
  <object-monitors candidates="3" cleared="0"  />
</gc-op>
<gc-op id="172" type="classunload" timems="0.005" contextid="148" timestamp="2022-02-02T12:27:46.809">
  <classunload-info classloadercandidates="6" classloadersunloaded="0" classesunloaded="0" anonymousclassesunloaded="0" quiescems="0.000" setupms="0.004" scanms="0.001" postms="0.000" />
</gc-op>
<gc-op id="173" type="sweep" timems="5.662" contextid="148" timestamp="2022-02-02T12:27:46.814" />
<gc-end id="174" type="global" contextid="148" durationms="76.072" usertimems="94.636" systemtimems="0.222" stalltimems="155.010" timestamp="2022-02-02T12:27:46.814" activeThreads="4">
  <mem-info id="175" free="151267824" total="838860800" percent="18">
    <mem type="nursery" free="82313352" total="209715200" percent="39">
      <mem type="allocate" free="82313352" total="139264000" percent="59" />
      <mem type="survivor" free="0" total="70451200" percent="0" />
    </mem>
    <mem type="tenure" free="68954472" total="629145600" percent="10" micro-fragmented="332360" macro-fragmented="0">
      <mem type="soa" free="37497192" total="597688320" percent="6" />
      <mem type="loa" free="31457280" total="31457280" percent="100" />
    </mem>
    <pending-finalizers system="0" default="0" reference="49" classloader="0" />
    <remembered-set count="100" />
  </mem-info>
</gc-end>
<cycle-end id="176" type="global" contextid="148" timestamp="2022-02-02T12:27:46.815" />
<exclusive-end id="177" timestamp="2022-02-02T12:27:46.815" durationms="76.316" />

<concurrent-kickoff id="178" timestamp="2022-02-02T12:27:47.186">
  <kickoff reason="threshold reached" targetBytes="178160605" thresholdFreeBytes="23205520"  remainingFree="23149960" tenureFreeBytes="68954472" nurseryFreeBytes="23149960" />
</concurrent-kickoff>
<exclusive-start id="179" timestamp="2022-02-02T12:27:47.188" intervalms="450.142">
  <response-info timems="0.026" idlems="0.026" threads="0" lastid="0000000000016F00" lastname="main" />
</exclusive-start>
<cycle-start id="180" type="global" contextid="0" timestamp="2022-02-02T12:27:47.188" intervalms="1006.457" />
<concurrent-start id="181" type="global mark" contextid="180" timestamp="2022-02-02T12:27:47.188">
</concurrent-start>
<exclusive-end id="182" timestamp="2022-02-02T12:27:47.188" durationms="0.028" />

<exclusive-start id="183" timestamp="2022-02-02T12:27:47.508" intervalms="319.121">
  <response-info timems="0.043" idlems="0.043" threads="0" lastid="0000000000016F00" lastname="main" />
</exclusive-start>
<af-start id="184" threadId="0000000000017908" totalBytesRequested="24" timestamp="2022-02-02T12:27:47.508" intervalms="926.202" type="nursery" />
<cycle-start id="185" type="scavenge" contextid="0" timestamp="2022-02-02T12:27:47.508" intervalms="926.201" />
<gc-start id="186" type="scavenge" contextid="185" timestamp="2022-02-02T12:27:47.508">
  <mem-info id="187" free="68954472" total="838860800" percent="8">
    <mem type="nursery" free="0" total="209715200" percent="0">
      <mem type="allocate" free="0" total="139264000" percent="0" />
      <mem type="survivor" free="0" total="70451200" percent="0" />
    </mem>
    <mem type="tenure" free="68954472" total="629145600" percent="10">
      <mem type="soa" free="37497192" total="597688320" percent="6" />
      <mem type="loa" free="31457280" total="31457280" percent="100" />
    </mem>
    <remembered-set count="150" />
  </mem-info>
</gc-start>
<allocation-stats totalBytes="82277048" >
  <allocated-bytes non-tlh="0" tlh="82277048" />
  <largest-consumer threadName="main" threadId="0000000000016F00" bytes="82272952" />
</allocation-stats>
<gc-op id="188" type="scavenge" timems="284.563" contextid="185" timestamp="2022-02-02T12:27:47.792">
  <scavenger-info tenureage="1" tenuremask="7ffe" tiltratio="66" />
  <memory-copied type="nursery" objects="1234015" bytes="70345656" bytesdiscarded="105544" />
  <memory-copied type="tenure" objects="726519" bytes="37479280" bytesdiscarded="17912" />
  <copy-failed type="nursery" objects="1" bytes="176" />
  <copy-failed type="tenure" objects="254202" bytes="15514616" />
  <ownableSynchronizers candidates="2" cleared="0" />
  <warning details="aborted collection due to insufficient free space" />
</gc-op>
<gc-end id="189" type="scavenge" contextid="185" durationms="284.701" usertimems="382.116" systemtimems="90.528" stalltimems="413.975" timestamp="2022-02-02T12:27:47.792" activeThreads="4">
  <mem-info id="190" free="31457280" total="838860800" percent="3">
    <mem type="nursery" free="0" total="209715200" percent="0">
      <mem type="allocate" free="0" total="139264000" percent="0" />
      <mem type="survivor" free="0" total="70451200" percent="0" />
    </mem>
    <mem type="tenure" free="31457280" total="629145600" percent="5" macro-fragmented="27735676">
      <mem type="soa" free="0" total="597688320" percent="0" />
      <mem type="loa" free="31457280" total="31457280" percent="100" />
    </mem>
    <remembered-set count="150" />
  </mem-info>
</gc-end>
<cycle-end id="191" type="scavenge" contextid="185" timestamp="2022-02-02T12:27:47.793" />
<percolate-collect id="192" from="nursery" to="global" reason="failed tenure threshold reached" timestamp="2022-02-02T12:27:47.793"/>
<concurrent-end id="193" type="global mark" contextid="180" timestamp="2022-02-02T12:27:47.793">
<gc-op id="194" type="trace" timems="604.099" contextid="180" timestamp="2022-02-02T12:27:47.793">
  <trace bytesTraced="119114748" workStackOverflowCount="0" />
  <card-cleaning reason="card cleaning threshold reached" bytesTraced="520" cardsCleaned="2" />
</gc-op>
</concurrent-end>

<gc-start id="195" type="global" contextid="180" timestamp="2022-02-02T12:27:47.793">
  <mem-info id="196" free="31457280" total="838860800" percent="3">
    <mem type="nursery" free="0" total="209715200" percent="0">
      <mem type="allocate" free="0" total="139264000" percent="0" />
      <mem type="survivor" free="0" total="70451200" percent="0" />
    </mem>
    <mem type="tenure" free="31457280" total="629145600" percent="5">
      <mem type="soa" free="0" total="597688320" percent="0" />
      <mem type="loa" free="31457280" total="31457280" percent="100" />
    </mem>
    <remembered-set count="150" />
  </mem-info>
</gc-start>
<allocation-stats totalBytes="0" >
  <allocated-bytes non-tlh="0" tlh="0" />
</allocation-stats>
<concurrent-halted id="197" timestamp="2022-02-02T12:27:47.793">
  <halted state="Tracing incomplete" status="clean trace" />
  <traced bytesTarget="178160605" bytesTotal="119115268" bytesByMutator="67326948" bytesByHelper="51788320" percent="66" />
  <cards cleaned="2" thresholdBytes="9141569" />
</concurrent-halted>
<gc-op id="198" type="tracing" timems="78.314" contextid="180" timestamp="2022-02-02T12:27:47.871">
  <trace bytesTraced="46520976" workStackOverflowCount="0" />
</gc-op>
<gc-op id="199" type="rs-scan" timems="0.525" contextid="180" timestamp="2022-02-02T12:27:47.872">
  <scan objectsFound="1" bytesTraced="7116" workStackOverflowCount="0" />
</gc-op>
<gc-op id="200" type="card-cleaning" timems="71.418" contextid="180" timestamp="2022-02-02T12:27:47.943">
  <card-cleaning cardsCleaned="2" bytesTraced="32922316" workStackOverflowCount="0" />
</gc-op>
<gc-op id="201" type="mark" timems="1.071" contextid="180" timestamp="2022-02-02T12:27:47.944">
  <trace-info objectcount="43" scancount="43" scanbytes="688" />
  <finalization candidates="371" enqueued="0" />
  <ownableSynchronizers candidates="1" cleared="0" />
  <references type="soft" candidates="1063" cleared="0" enqueued="0" dynamicThreshold="3" maxThreshold="32" />
  <references type="weak" candidates="1702" cleared="0" enqueued="0" />
  <references type="phantom" candidates="50" cleared="0" enqueued="0" />
  <stringconstants candidates="6470" cleared="0"  />
  <object-monitors candidates="3" cleared="0"  />
</gc-op>
<gc-op id="202" type="sweep" timems="5.396" contextid="180" timestamp="2022-02-02T12:27:47.950" />
<gc-end id="203" type="global" contextid="180" durationms="157.065" usertimems="173.721" systemtimems="0.520" stalltimems="2.113" timestamp="2022-02-02T12:27:47.950" activeThreads="4">
  <mem-info id="204" free="68962344" total="838860800" percent="8">
    <mem type="nursery" free="7872" total="209715200" percent="0">
      <mem type="allocate" free="7872" total="139264000" percent="0" />
      <mem type="survivor" free="0" total="70451200" percent="0" />
    </mem>
    <mem type="tenure" free="68954472" total="629145600" percent="10" micro-fragmented="332360" macro-fragmented="46226124">
      <mem type="soa" free="37497192" total="597688320" percent="6" />
      <mem type="loa" free="31457280" total="31457280" percent="100" />
    </mem>
    <remembered-set count="147" />
  </mem-info>
</gc-end>
<cycle-end id="205" type="global" contextid="180" timestamp="2022-02-02T12:27:47.950" />
<concurrent-kickoff id="206" timestamp="2022-02-02T12:27:47.950">
  <kickoff reason="threshold reached" targetBytes="198558560" thresholdFreeBytes="25613826"  remainingFree="7848" tenureFreeBytes="68954472" nurseryFreeBytes="7848" />
</concurrent-kickoff>
<allocation-satisfied id="207" threadId="0000000000016F00" bytesRequested="24" />
<af-end id="208" timestamp="2022-02-02T12:27:47.950" threadId="0000000000017908" success="true" from="nursery"/>
<exclusive-end id="209" timestamp="2022-02-02T12:27:47.950" durationms="442.263" />

<exclusive-start id="210" timestamp="2022-02-02T12:27:47.950" intervalms="442.410">
  <response-info timems="0.020" idlems="0.020" threads="0" lastid="0000000000016F00" lastname="main" />
</exclusive-start>
<af-start id="211" threadId="0000000000017908" totalBytesRequested="24" timestamp="2022-02-02T12:27:47.950" intervalms="442.370" type="nursery" />
<cycle-start id="212" type="scavenge" contextid="0" timestamp="2022-02-02T12:27:47.950" intervalms="442.362" />
<gc-start id="213" type="scavenge" contextid="212" timestamp="2022-02-02T12:27:47.950">
  <mem-info id="214" free="68954472" total="838860800" percent="8">
    <mem type="nursery" free="0" total="209715200" percent="0">
      <mem type="allocate" free="0" total="139264000" percent="0" />
      <mem type="survivor" free="0" total="70451200" percent="0" />
    </mem>
    <mem type="tenure" free="68954472" total="629145600" percent="10">
      <mem type="soa" free="37497192" total="597688320" percent="6" />
      <mem type="loa" free="31457280" total="31457280" percent="100" />
    </mem>
    <remembered-set count="147" />
  </mem-info>
</gc-start>
<allocation-stats totalBytes="7720" >
  <allocated-bytes non-tlh="24" tlh="7696" />
  <largest-consumer threadName="main" threadId="0000000000016F00" bytes="7720" />
</allocation-stats>
<gc-op id="215" type="scavenge" timems="200.829" contextid="212" timestamp="2022-02-02T12:27:48.151">
  <scavenger-info tenureage="1" tenuremask="7ffe" tiltratio="66" />
  <memory-copied type="nursery" objects="1189980" bytes="70257680" bytesdiscarded="193520" />
  <memory-copied type="tenure" objects="743154" bytes="37479872" bytesdiscarded="17320" />
  <copy-failed type="nursery" objects="1" bytes="192" />
  <copy-failed type="tenure" objects="498582" bytes="31093512" />
  <ownableSynchronizers candidates="2" cleared="0" />
  <warning details="aborted collection due to insufficient free space" />
</gc-op>
<gc-end id="216" type="scavenge" contextid="212" durationms="200.993" usertimems="382.590" systemtimems="0.000" stalltimems="419.819" timestamp="2022-02-02T12:27:48.151" activeThreads="4">
  <mem-info id="217" free="31457280" total="838860800" percent="3">
    <mem type="nursery" free="0" total="209715200" percent="0">
      <mem type="allocate" free="0" total="139264000" percent="0" />
      <mem type="survivor" free="0" total="70451200" percent="0" />
    </mem>
    <mem type="tenure" free="31457280" total="629145600" percent="5" macro-fragmented="19260884">
      <mem type="soa" free="0" total="597688320" percent="0" />
      <mem type="loa" free="31457280" total="31457280" percent="100" />
    </mem>
    <remembered-set count="147" />
  </mem-info>
</gc-end>
<cycle-end id="218" type="scavenge" contextid="212" timestamp="2022-02-02T12:27:48.151" />
<percolate-collect id="219" from="nursery" to="global" reason="failed tenure threshold reached" timestamp="2022-02-02T12:27:48.151"/>
<concurrent-aborted id="220" timestamp="2022-02-02T12:27:48.151">
  <reason value="insufficient progress made" />
</concurrent-aborted>
<cycle-end id="221" type="global" contextid="180" timestamp="2022-02-02T12:27:48.151" />
<cycle-start id="222" type="global" contextid="0" timestamp="2022-02-02T12:27:48.151" intervalms="962.782" />
<gc-start id="223" type="global" contextid="222" timestamp="2022-02-02T12:27:48.151">
  <mem-info id="224" free="31457280" total="838860800" percent="3">
    <mem type="nursery" free="0" total="209715200" percent="0">
      <mem type="allocate" free="0" total="139264000" percent="0" />
      <mem type="survivor" free="0" total="70451200" percent="0" />
    </mem>
    <mem type="tenure" free="31457280" total="629145600" percent="5">
      <mem type="soa" free="0" total="597688320" percent="0" />
      <mem type="loa" free="31457280" total="31457280" percent="100" />
    </mem>
    <remembered-set count="147" />
  </mem-info>
</gc-start>
<allocation-stats totalBytes="0" >
  <allocated-bytes non-tlh="0" tlh="0" />
</allocation-stats>
<heap-resize id="225" type="loa contract" space="tenure" amount="25165824" count="1" timems="0.000" reason="contract on aggressive gc" timestamp="2022-02-02T12:27:48.151" />
<gc-op id="226" type="mark" timems="292.779" contextid="222" timestamp="2022-02-02T12:27:48.444">
  <trace-info objectcount="12230170" scancount="9178150" scanbytes="196517424" />
  <finalization candidates="371" enqueued="0" />
  <ownableSynchronizers candidates="1" cleared="0" />
  <references type="soft" candidates="1053" cleared="171" enqueued="162" dynamicThreshold="3" maxThreshold="32" />
  <references type="weak" candidates="1702" cleared="0" enqueued="0" />
  <references type="phantom" candidates="50" cleared="0" enqueued="0" />
  <stringconstants candidates="6470" cleared="41"  />
  <object-monitors candidates="3" cleared="0"  />
</gc-op>
<gc-op id="227" type="classunload" timems="1.030" contextid="222" timestamp="2022-02-02T12:27:48.445">
  <classunload-info classloadercandidates="6" classloadersunloaded="2" classesunloaded="39" anonymousclassesunloaded="0" quiescems="0.000" setupms="1.005" scanms="0.021" postms="0.004" />
</gc-op>
<gc-op id="228" type="sweep" timems="11.405" contextid="222" timestamp="2022-02-02T12:27:48.457" />
<mem-info id="229" free="73353032" total="838860800" percent="8">
  <mem type="nursery" free="0" total="209715200" percent="0">
    <mem type="allocate" free="0" total="139264000" percent="0" />
    <mem type="survivor" free="0" total="70451200" percent="0" />
  </mem>
  <mem type="tenure" free="73353032" total="629145600" percent="11" micro-fragmented="362359" macro-fragmented="0">
    <mem type="soa" free="67061576" total="622854144" percent="10" />
    <mem type="loa" free="6291456" total="6291456" percent="100" />
  </mem>
  <pending-finalizers system="0" default="0" reference="162" classloader="0" />
  <remembered-set count="147" />
</mem-info>
<gc-op id="230" type="compact" timems="559.220" contextid="222" timestamp="2022-02-02T12:27:49.016">
  <compact-info movecount="12146691" movebytes="667513896" reason="compact on aggressive collection" />
</gc-op>
<gc-end id="231" type="global" contextid="222" durationms="864.783" usertimems="2742.253" systemtimems="10.693" stalltimems="680.823" timestamp="2022-02-02T12:27:49.016" activeThreads="4">
  <mem-info id="232" free="98018144" total="838860800" percent="11">
    <mem type="nursery" free="24379952" total="209715200" percent="11">
      <mem type="allocate" free="24379952" total="139264000" percent="17" />
      <mem type="survivor" free="0" total="70451200" percent="0" />
    </mem>
    <mem type="tenure" free="73638192" total="629145600" percent="11">
      <mem type="soa" free="67346736" total="622854144" percent="10" />
      <mem type="loa" free="6291456" total="6291456" percent="100" />
    </mem>
    <pending-finalizers system="0" default="0" reference="162" classloader="0" />
    <remembered-set count="147" />
  </mem-info>
</gc-end>
<cycle-end id="233" type="global" contextid="222" timestamp="2022-02-02T12:27:49.016" />
<allocation-satisfied id="234" threadId="0000000000016F00" bytesRequested="24" />
<af-end id="235" timestamp="2022-02-02T12:27:49.016" threadId="0000000000017908" success="true" from="nursery"/>
<exclusive-end id="236" timestamp="2022-02-02T12:27:49.016" durationms="1066.206" />

<concurrent-kickoff id="237" timestamp="2022-02-02T12:27:49.034">
  <kickoff reason="threshold reached" targetBytes="177795360" thresholdFreeBytes="22948858"  remainingFree="22879792" tenureFreeBytes="73638192" nurseryFreeBytes="22879792" />
</concurrent-kickoff>
<exclusive-start id="238" timestamp="2022-02-02T12:27:49.037" intervalms="1086.643">
  <response-info timems="0.066" idlems="0.066" threads="0" lastid="0000000000016F00" lastname="main" />
</exclusive-start>
<cycle-start id="239" type="global" contextid="0" timestamp="2022-02-02T12:27:49.037" intervalms="885.393" />
<concurrent-start id="240" type="global mark" contextid="239" timestamp="2022-02-02T12:27:49.037">
</concurrent-start>
<exclusive-end id="241" timestamp="2022-02-02T12:27:49.037" durationms="0.029" />

<exclusive-start id="242" timestamp="2022-02-02T12:27:49.535" intervalms="498.579">
  <response-info timems="0.035" idlems="0.035" threads="0" lastid="0000000000016F00" lastname="main" />
</exclusive-start>
<af-start id="243" threadId="0000000000017908" totalBytesRequested="184" timestamp="2022-02-02T12:27:49.535" intervalms="1585.263" type="nursery" />
<cycle-start id="244" type="scavenge" contextid="0" timestamp="2022-02-02T12:27:49.535" intervalms="1585.270" />
<gc-start id="245" type="scavenge" contextid="244" timestamp="2022-02-02T12:27:49.535">
  <mem-info id="246" free="73638192" total="838860800" percent="8">
    <mem type="nursery" free="0" total="209715200" percent="0">
      <mem type="allocate" free="0" total="139264000" percent="0" />
      <mem type="survivor" free="0" total="70451200" percent="0" />
    </mem>
    <mem type="tenure" free="73638192" total="629145600" percent="11">
      <mem type="soa" free="67346736" total="622854144" percent="10" />
      <mem type="loa" free="6291456" total="6291456" percent="100" />
    </mem>
    <remembered-set count="314" />
  </mem-info>
</gc-start>
<allocation-stats totalBytes="24367248" >
  <allocated-bytes non-tlh="24" tlh="24367224" />
  <largest-consumer threadName="main" threadId="0000000000016F00" bytes="24363152" />
</allocation-stats>
<gc-op id="247" type="scavenge" timems="134.407" contextid="244" timestamp="2022-02-02T12:27:49.670">
  <scavenger-info tenureage="1" tenuremask="7ffe" tiltratio="66" />
  <memory-copied type="nursery" objects="1151487" bytes="64897464" bytesdiscarded="131784" />
  <memory-copied type="tenure" objects="1215380" bytes="67311864" bytesdiscarded="34872" />
  <copy-failed type="tenure" objects="199388" bytes="11770784" />
  <ownableSynchronizers candidates="2" cleared="2" />
  <object-monitors candidates="3" cleared="0"  />
</gc-op>
<gc-end id="248" type="scavenge" contextid="244" durationms="134.675" usertimems="291.712" systemtimems="70.922" stalltimems="3.535" timestamp="2022-02-02T12:27:49.670" activeThreads="4">
  <mem-info id="249" free="72334208" total="838860800" percent="8">
    <mem type="nursery" free="66042752" total="209715200" percent="31">
      <mem type="allocate" free="66042752" total="131072000" percent="50" />
      <mem type="survivor" free="0" total="78643200" percent="0" />
    </mem>
    <mem type="tenure" free="6291456" total="629145600" percent="1" macro-fragmented="0">
      <mem type="soa" free="0" total="622854144" percent="0" />
      <mem type="loa" free="6291456" total="6291456" percent="100" />
    </mem>
    <remembered-set count="51427" />
  </mem-info>
</gc-end>
<cycle-end id="250" type="scavenge" contextid="244" timestamp="2022-02-02T12:27:49.670" />
<allocation-satisfied id="251" threadId="0000000000016F00" bytesRequested="184" />
<af-end id="252" timestamp="2022-02-02T12:27:49.670" threadId="0000000000017908" success="true" from="nursery"/>
<exclusive-end id="253" timestamp="2022-02-02T12:27:49.670" durationms="135.202" />

<concurrent-end id="254" type="global mark" contextid="239" timestamp="2022-02-02T12:27:49.794">
<gc-op id="255" type="trace" timems="757.038" contextid="239" timestamp="2022-02-02T12:27:49.794">
  <trace bytesTraced="163563600" workStackOverflowCount="0" />
  <card-cleaning reason="card cleaning threshold reached" bytesTraced="1148" cardsCleaned="4" />
</gc-op>
</concurrent-end>

<exclusive-start id="256" timestamp="2022-02-02T12:27:49.794" intervalms="258.563">
  <response-info timems="0.039" idlems="0.039" threads="0" lastid="0000000000016F00" lastname="main" />
</exclusive-start>
<concurrent-global-final id="257" timestamp="2022-02-02T12:27:49.794" contextid="239" intervalms="3055.472" >
  <concurrent-trace-info reason="card cleaning threshold reached" tracedByMutators="83266776" tracedByHelpers="80297972" cardsCleaned="4" workStackOverflowCount="0" />
</concurrent-global-final>
<gc-start id="258" type="global" contextid="239" timestamp="2022-02-02T12:27:49.794">
  <mem-info id="259" free="61749960" total="838860800" percent="7">
    <mem type="nursery" free="55458504" total="209715200" percent="26">
      <mem type="allocate" free="55458504" total="131072000" percent="42" />
      <mem type="survivor" free="0" total="78643200" percent="0" />
    </mem>
    <mem type="tenure" free="6291456" total="629145600" percent="1">
      <mem type="soa" free="0" total="622854144" percent="0" />
      <mem type="loa" free="6291456" total="6291456" percent="100" />
    </mem>
    <remembered-set count="51427" />
  </mem-info>
</gc-start>
<allocation-stats totalBytes="10579336" >
  <allocated-bytes non-tlh="184" tlh="10579152" />
  <largest-consumer threadName="main" threadId="0000000000016F00" bytes="10579336" />
</allocation-stats>
<gc-op id="260" type="rs-scan" timems="1.629" contextid="239" timestamp="2022-02-02T12:27:49.796">
  <scan objectsFound="6" bytesTraced="10260" workStackOverflowCount="0" />
</gc-op>
<gc-op id="261" type="card-cleaning" timems="86.074" contextid="239" timestamp="2022-02-02T12:27:49.882">
  <card-cleaning cardsCleaned="2" bytesTraced="40116644" workStackOverflowCount="0" />
</gc-op>
<gc-op id="262" type="mark" timems="1.182" contextid="239" timestamp="2022-02-02T12:27:49.883">
  <trace-info objectcount="43" scancount="43" scanbytes="688" />
  <finalization candidates="371" enqueued="0" />
  <ownableSynchronizers candidates="1" cleared="0" />
  <references type="soft" candidates="882" cleared="0" enqueued="0" dynamicThreshold="3" maxThreshold="32" />
  <references type="weak" candidates="1702" cleared="0" enqueued="0" />
  <references type="phantom" candidates="50" cleared="0" enqueued="0" />
  <stringconstants candidates="6429" cleared="0"  />
  <object-monitors candidates="3" cleared="0"  />
</gc-op>
<gc-op id="263" type="sweep" timems="7.105" contextid="239" timestamp="2022-02-02T12:27:49.890" />
<mem-info id="264" free="61982728" total="838860800" percent="7">
  <mem type="nursery" free="55688136" total="209715200" percent="26">
    <mem type="allocate" free="55688136" total="131072000" percent="42" />
    <mem type="survivor" free="0" total="78643200" percent="0" />
  </mem>
  <mem type="tenure" free="6294592" total="629145600" percent="1" micro-fragmented="245015" macro-fragmented="0">
    <mem type="soa" free="3136" total="622854144" percent="0" />
    <mem type="loa" free="6291456" total="6291456" percent="100" />
  </mem>
  <remembered-set count="51277" />
</mem-info>
<gc-op id="265" type="compact" timems="335.448" contextid="239" timestamp="2022-02-02T12:27:50.225">
  <compact-info movecount="4994155" movebytes="278687960" reason="low free space (less than 4%)" />
</gc-op>
<gc-end id="266" type="global" contextid="239" durationms="431.755" usertimems="1381.045" systemtimems="0.000" stalltimems="8.835" timestamp="2022-02-02T12:27:50.226" activeThreads="4">
  <mem-info id="267" free="65050032" total="838860800" percent="7">
    <mem type="nursery" free="58698352" total="209715200" percent="27">
      <mem type="allocate" free="58698352" total="131072000" percent="44" />
      <mem type="survivor" free="0" total="78643200" percent="0" />
    </mem>
    <mem type="tenure" free="6351680" total="629145600" percent="1">
      <mem type="soa" free="60224" total="622854144" percent="0" />
      <mem type="loa" free="6291456" total="6291456" percent="100" />
    </mem>
    <remembered-set count="51277" />
  </mem-info>
</gc-end>
<cycle-end id="268" type="global" contextid="239" timestamp="2022-02-02T12:27:50.226" />
<exclusive-end id="269" timestamp="2022-02-02T12:27:50.226" durationms="432.032" />

<concurrent-kickoff id="270" timestamp="2022-02-02T12:27:50.522">
  <kickoff reason="threshold reached" targetBytes="174232686" thresholdFreeBytes="21118156"  remainingFree="21052968" tenureFreeBytes="6351680" nurseryFreeBytes="21052968" />
</concurrent-kickoff>
<exclusive-start id="271" timestamp="2022-02-02T12:27:50.526" intervalms="731.987">
  <response-info timems="0.053" idlems="0.053" threads="0" lastid="0000000000016F00" lastname="main" />
</exclusive-start>
<cycle-start id="272" type="global" contextid="0" timestamp="2022-02-02T12:27:50.526" intervalms="1489.134" />
<concurrent-start id="273" type="global mark" contextid="272" timestamp="2022-02-02T12:27:50.526">
</concurrent-start>
<exclusive-end id="274" timestamp="2022-02-02T12:27:50.526" durationms="0.035" />

<concurrent-end id="275" type="global mark" contextid="272" timestamp="2022-02-02T12:27:50.956">
<gc-op id="276" type="trace" timems="430.563" contextid="272" timestamp="2022-02-02T12:27:50.956">
  <trace bytesTraced="154336348" workStackOverflowCount="0" />
  <card-cleaning reason="card cleaning threshold reached" bytesTraced="9864" cardsCleaned="15" />
</gc-op>
</concurrent-end>

<exclusive-start id="277" timestamp="2022-02-02T12:27:50.956" intervalms="430.655">
  <response-info timems="0.021" idlems="0.021" threads="0" lastid="0000000000016F00" lastname="main" />
</exclusive-start>
<concurrent-global-final id="278" timestamp="2022-02-02T12:27:50.956" contextid="272" intervalms="1162.630" >
  <concurrent-trace-info reason="card cleaning threshold reached" tracedByMutators="66385960" tracedByHelpers="87960252" cardsCleaned="15" workStackOverflowCount="0" />
</concurrent-global-final>
<gc-start id="279" type="global" contextid="272" timestamp="2022-02-02T12:27:50.957">
  <mem-info id="280" free="7640912" total="838860800" percent="0">
    <mem type="nursery" free="1289232" total="209715200" percent="0">
      <mem type="allocate" free="1289232" total="131072000" percent="0" />
      <mem type="survivor" free="0" total="78643200" percent="0" />
    </mem>
    <mem type="tenure" free="6351680" total="629145600" percent="1">
      <mem type="soa" free="60224" total="622854144" percent="0" />
      <mem type="loa" free="6291456" total="6291456" percent="100" />
    </mem>
    <remembered-set count="51307" />
  </mem-info>
</gc-start>
<allocation-stats totalBytes="57384976" >
  <allocated-bytes non-tlh="654896" tlh="56730080" />
  <largest-consumer threadName="main" threadId="0000000000016F00" bytes="57384976" />
</allocation-stats>
<gc-op id="281" type="rs-scan" timems="123.250" contextid="272" timestamp="2022-02-02T12:27:51.080">
  <scan objectsFound="2817934" bytesTraced="60140132" workStackOverflowCount="0" />
</gc-op>
<gc-op id="282" type="card-cleaning" timems="0.454" contextid="272" timestamp="2022-02-02T12:27:51.081">
  <card-cleaning cardsCleaned="3" bytesTraced="60252" workStackOverflowCount="0" />
</gc-op>
<gc-op id="283" type="mark" timems="3.118" contextid="272" timestamp="2022-02-02T12:27:51.084">
  <trace-info objectcount="86841" scancount="55802" scanbytes="1380068" />
  <finalization candidates="435" enqueued="34" />
  <ownableSynchronizers candidates="1" cleared="0" />
  <references type="soft" candidates="1440" cleared="8" enqueued="6" dynamicThreshold="0" maxThreshold="32" />
  <references type="weak" candidates="1702" cleared="0" enqueued="0" />
  <references type="phantom" candidates="113" cleared="0" enqueued="0" />
  <stringconstants candidates="6429" cleared="0"  />
  <object-monitors candidates="3" cleared="0"  />
</gc-op>
<gc-op id="284" type="sweep" timems="6.234" contextid="272" timestamp="2022-02-02T12:27:51.090" />
<mem-info id="285" free="10617120" total="838860800" percent="1">
  <mem type="nursery" free="2916224" total="209715200" percent="1">
    <mem type="allocate" free="2916224" total="131072000" percent="2" />
    <mem type="survivor" free="0" total="78643200" percent="0" />
  </mem>
  <mem type="tenure" free="7700896" total="629145600" percent="1" micro-fragmented="201448" macro-fragmented="0">
    <mem type="soa" free="1409440" total="622854144" percent="0" />
    <mem type="loa" free="6291456" total="6291456" percent="100" />
  </mem>
  <pending-finalizers system="34" default="0" reference="6" classloader="0" />
  <remembered-set count="51292" />
</mem-info>
<gc-op id="286" type="compact" timems="331.872" contextid="272" timestamp="2022-02-02T12:27:51.422">
  <compact-info movecount="5021575" movebytes="278343264" reason="low free space (less than 4%)" />
</gc-op>
<gc-end id="287" type="global" contextid="272" durationms="465.295" usertimems="1437.072" systemtimems="0.000" stalltimems="4.156" timestamp="2022-02-02T12:27:51.422" activeThreads="4">
  <mem-info id="288" free="29308264" total="838860800" percent="3">
    <mem type="nursery" free="21608344" total="209715200" percent="10">
      <mem type="allocate" free="21608344" total="131072000" percent="16" />
      <mem type="survivor" free="0" total="78643200" percent="0" />
    </mem>
    <mem type="tenure" free="7699920" total="629145600" percent="1">
      <mem type="soa" free="1408464" total="622854144" percent="0" />
      <mem type="loa" free="6291456" total="6291456" percent="100" />
    </mem>
    <pending-finalizers system="34" default="0" reference="6" classloader="0" />
    <remembered-set count="51292" />
  </mem-info>
</gc-end>
<cycle-end id="289" type="global" contextid="272" timestamp="2022-02-02T12:27:51.422" />
<exclusive-end id="290" timestamp="2022-02-02T12:27:51.422" durationms="465.766" />

<concurrent-kickoff id="291" timestamp="2022-02-02T12:27:51.438">
  <kickoff reason="threshold reached" targetBytes="169754676" thresholdFreeBytes="19927890"  remainingFree="19869856" tenureFreeBytes="7699920" nurseryFreeBytes="19869856" />
</concurrent-kickoff>
<exclusive-start id="292" timestamp="2022-02-02T12:27:51.442" intervalms="485.377">
  <response-info timems="0.025" idlems="0.025" threads="0" lastid="0000000000016F00" lastname="main" />
</exclusive-start>
<cycle-start id="293" type="global" contextid="0" timestamp="2022-02-02T12:27:51.442" intervalms="916.030" />
<concurrent-start id="294" type="global mark" contextid="293" timestamp="2022-02-02T12:27:51.442">
</concurrent-start>
<exclusive-end id="295" timestamp="2022-02-02T12:27:51.442" durationms="0.032" />

<concurrent-end id="296" type="global mark" contextid="293" timestamp="2022-02-02T12:27:51.700">
<gc-op id="297" type="trace" timems="257.771" contextid="293" timestamp="2022-02-02T12:27:51.700">
  <trace bytesTraced="83255684" workStackOverflowCount="0" />
  <card-cleaning reason="card cleaning threshold reached" bytesTraced="2988" cardsCleaned="7" />
</gc-op>
</concurrent-end>

<exclusive-start id="298" timestamp="2022-02-02T12:27:51.700" intervalms="257.871">
  <response-info timems="0.024" idlems="0.024" threads="0" lastid="0000000000016F00" lastname="main" />
</exclusive-start>
<concurrent-global-final id="299" timestamp="2022-02-02T12:27:51.700" contextid="293" intervalms="743.247" >
  <concurrent-trace-info reason="card cleaning threshold reached" tracedByMutators="26585832" tracedByHelpers="56672840" cardsCleaned="7" workStackOverflowCount="0" />
</concurrent-global-final>
<gc-start id="300" type="global" contextid="293" timestamp="2022-02-02T12:27:51.700">
  <mem-info id="301" free="12826696" total="838860800" percent="1">
    <mem type="nursery" free="5126776" total="209715200" percent="2">
      <mem type="allocate" free="5126776" total="131072000" percent="3" />
      <mem type="survivor" free="0" total="78643200" percent="0" />
    </mem>
    <mem type="tenure" free="7699920" total="629145600" percent="1">
      <mem type="soa" free="1408464" total="622854144" percent="0" />
      <mem type="loa" free="6291456" total="6291456" percent="100" />
    </mem>
    <remembered-set count="51297" />
  </mem-info>
</gc-start>
<allocation-stats totalBytes="16475704" >
  <allocated-bytes non-tlh="0" tlh="16475704" />
  <largest-consumer threadName="main" threadId="0000000000016F00" bytes="16471608" />
</allocation-stats>
<gc-op id="302" type="rs-scan" timems="111.579" contextid="293" timestamp="2022-02-02T12:27:51.811">
  <scan objectsFound="2821610" bytesTraced="60224704" workStackOverflowCount="0" />
</gc-op>
<gc-op id="303" type="card-cleaning" timems="0.308" contextid="293" timestamp="2022-02-02T12:27:51.812">
  <card-cleaning cardsCleaned="0" bytesTraced="0" workStackOverflowCount="0" />
</gc-op>
<gc-op id="304" type="mark" timems="2.544" contextid="293" timestamp="2022-02-02T12:27:51.814">
  <trace-info objectcount="116330" scancount="73904" scanbytes="1767080" />
  <finalization candidates="401" enqueued="57" />
  <ownableSynchronizers candidates="1" cleared="0" />
  <references type="soft" candidates="874" cleared="9" enqueued="9" dynamicThreshold="0" maxThreshold="32" />
  <references type="weak" candidates="1705" cleared="3" enqueued="3" />
  <references type="phantom" candidates="79" cleared="1" enqueued="1" />
  <stringconstants candidates="6429" cleared="0"  />
  <object-monitors candidates="3" cleared="0"  />
</gc-op>
<gc-op id="305" type="sweep" timems="4.567" contextid="293" timestamp="2022-02-02T12:27:51.819" />
<gc-end id="306" type="global" contextid="293" durationms="119.275" usertimems="132.520" systemtimems="5.046" stalltimems="3.805" timestamp="2022-02-02T12:27:51.819" activeThreads="4">
  <mem-info id="307" free="267918872" total="838860800" percent="31">
    <mem type="nursery" free="19374120" total="209715200" percent="9">
      <mem type="allocate" free="19374120" total="131072000" percent="14" />
      <mem type="survivor" free="0" total="78643200" percent="0" />
    </mem>
    <mem type="tenure" free="248544752" total="629145600" percent="39" micro-fragmented="110998" macro-fragmented="0">
      <mem type="soa" free="242253296" total="622854144" percent="38" />
      <mem type="loa" free="6291456" total="6291456" percent="100" />
    </mem>
    <pending-finalizers system="57" default="0" reference="13" classloader="0" />
    <remembered-set count="51291" />
  </mem-info>
</gc-end>
<cycle-end id="308" type="global" contextid="293" timestamp="2022-02-02T12:27:51.819" />
<exclusive-end id="309" timestamp="2022-02-02T12:27:51.819" durationms="119.530" />

<exclusive-start id="310" timestamp="2022-02-02T12:27:52.065" intervalms="365.018">
  <response-info timems="0.029" idlems="0.029" threads="0" lastid="0000000000016F00" lastname="main" />
</exclusive-start>
<af-start id="311" threadId="0000000000017908" totalBytesRequested="80" timestamp="2022-02-02T12:27:52.065" intervalms="2529.464" type="nursery" />
<cycle-start id="312" type="scavenge" contextid="0" timestamp="2022-02-02T12:27:52.065" intervalms="2529.465" />
<gc-start id="313" type="scavenge" contextid="312" timestamp="2022-02-02T12:27:52.065">
  <mem-info id="314" free="248544704" total="838860800" percent="29">
    <mem type="nursery" free="0" total="209715200" percent="0">
      <mem type="allocate" free="0" total="131072000" percent="0" />
      <mem type="survivor" free="0" total="78643200" percent="0" />
    </mem>
    <mem type="tenure" free="248544704" total="629145600" percent="39">
      <mem type="soa" free="242253248" total="622854144" percent="38" />
      <mem type="loa" free="6291456" total="6291456" percent="100" />
    </mem>
    <remembered-set count="51294" />
  </mem-info>
</gc-start>
<allocation-stats totalBytes="19211712" >
  <allocated-bytes non-tlh="48" tlh="19211664" />
  <largest-consumer threadName="main" threadId="0000000000016F00" bytes="19199392" />
</allocation-stats>
<gc-op id="315" type="scavenge" timems="59.376" contextid="312" timestamp="2022-02-02T12:27:52.124">
  <scavenger-info tenureage="1" tenuremask="7ffe" tiltratio="62" />
  <memory-copied type="nursery" objects="945189" bytes="45782440" bytesdiscarded="76760" />
  <memory-copied type="tenure" objects="1151486" bytes="64897360" bytesdiscarded="36072" />
  <finalization candidates="30" enqueued="0" />
  <ownableSynchronizers candidates="2" cleared="2" />
  <references type="soft" candidates="741" cleared="0" enqueued="0" dynamicThreshold="12" maxThreshold="32" />
  <references type="phantom" candidates="29" cleared="0" enqueued="0" />
  <object-monitors candidates="3" cleared="0"  />
</gc-op>
<gc-end id="316" type="scavenge" contextid="312" durationms="59.688" usertimems="231.580" systemtimems="0.062" stalltimems="3.388" timestamp="2022-02-02T12:27:52.124" activeThreads="4">
  <mem-info id="317" free="270421608" total="838860800" percent="32">
    <mem type="nursery" free="86916736" total="209715200" percent="41">
      <mem type="allocate" free="86916736" total="132775936" percent="65" />
      <mem type="survivor" free="0" total="76939264" percent="0" />
    </mem>
    <mem type="tenure" free="183504872" total="629145600" percent="29" macro-fragmented="1250136">
      <mem type="soa" free="177213416" total="622854144" percent="28" />
      <mem type="loa" free="6291456" total="6291456" percent="100" />
    </mem>
    <remembered-set count="171" />
  </mem-info>
</gc-end>
<cycle-end id="318" type="scavenge" contextid="312" timestamp="2022-02-02T12:27:52.125" />
<allocation-satisfied id="319" threadId="0000000000016F00" bytesRequested="80" />
<af-end id="320" timestamp="2022-02-02T12:27:52.125" threadId="0000000000017908" success="true" from="nursery"/>
<exclusive-end id="321" timestamp="2022-02-02T12:27:52.125" durationms="60.020" />

<exclusive-start id="322" timestamp="2022-02-02T12:27:53.250" intervalms="1185.055">
  <response-info timems="0.027" idlems="0.027" threads="0" lastid="0000000000016F00" lastname="main" />
</exclusive-start>
<af-start id="323" threadId="0000000000017908" totalBytesRequested="72" timestamp="2022-02-02T12:27:53.250" intervalms="1185.054" type="nursery" />
<cycle-start id="324" type="scavenge" contextid="0" timestamp="2022-02-02T12:27:53.250" intervalms="1185.054" />
<gc-start id="325" type="scavenge" contextid="324" timestamp="2022-02-02T12:27:53.250">
  <mem-info id="326" free="183496696" total="838860800" percent="21">
    <mem type="nursery" free="0" total="209715200" percent="0">
      <mem type="allocate" free="0" total="132775936" percent="0" />
      <mem type="survivor" free="0" total="76939264" percent="0" />
    </mem>
    <mem type="tenure" free="183496696" total="629145600" percent="29">
      <mem type="soa" free="177205240" total="622854144" percent="28" />
      <mem type="loa" free="6291456" total="6291456" percent="100" />
    </mem>
    <remembered-set count="274" />
  </mem-info>
</gc-start>
<allocation-stats totalBytes="86885304" >
  <allocated-bytes non-tlh="2522504" tlh="84362800" />
  <largest-consumer threadName="main" threadId="0000000000016F00" bytes="86885304" />
</allocation-stats>
<gc-op id="327" type="scavenge" timems="53.878" contextid="324" timestamp="2022-02-02T12:27:53.304">
  <scavenger-info tenureage="1" tenuremask="7ffe" tiltratio="63" />
  <memory-copied type="nursery" objects="895380" bytes="49697376" bytesdiscarded="111144" />
  <memory-copied type="tenure" objects="944288" bytes="45748184" bytesdiscarded="21520" />
  <finalization candidates="77" enqueued="20" />
  <references type="soft" candidates="53" cleared="0" enqueued="0" dynamicThreshold="12" maxThreshold="32" />
  <references type="weak" candidates="55" cleared="54" enqueued="54" />
  <references type="phantom" candidates="61" cleared="7" enqueued="7" />
  <object-monitors candidates="3" cleared="0"  />
</gc-op>
<gc-end id="328" type="scavenge" contextid="324" durationms="54.149" usertimems="206.025" systemtimems="3.935" stalltimems="3.454" timestamp="2022-02-02T12:27:53.304" activeThreads="4">
  <mem-info id="329" free="224536584" total="838860800" percent="26">
    <mem type="nursery" free="86768352" total="209715200" percent="41">
      <mem type="allocate" free="86768352" total="136577024" percent="63" />
      <mem type="survivor" free="0" total="73138176" percent="0" />
    </mem>
    <mem type="tenure" free="137768232" total="629145600" percent="21" macro-fragmented="0">
      <mem type="soa" free="131476776" total="622854144" percent="21" />
      <mem type="loa" free="6291456" total="6291456" percent="100" />
    </mem>
    <pending-finalizers system="18" default="2" reference="61" classloader="0" />
    <remembered-set count="3494" />
  </mem-info>
</gc-end>
<cycle-end id="330" type="scavenge" contextid="324" timestamp="2022-02-02T12:27:53.304" />
<allocation-satisfied id="331" threadId="0000000000016F00" bytesRequested="72" />
<af-end id="332" timestamp="2022-02-02T12:27:53.304" threadId="0000000000017908" success="true" from="nursery"/>
<exclusive-end id="333" timestamp="2022-02-02T12:27:53.304" durationms="54.477" />

<concurrent-kickoff id="334" timestamp="2022-02-02T12:27:53.780">
  <kickoff reason="threshold reached" targetBytes="152104291" thresholdFreeBytes="17779104"  remainingFree="17693408" tenureFreeBytes="137768232" nurseryFreeBytes="17693408" />
</concurrent-kickoff>
<exclusive-start id="335" timestamp="2022-02-02T12:27:53.783" intervalms="532.986">
  <response-info timems="0.035" idlems="0.035" threads="0" lastid="0000000000016F00" lastname="main" />
</exclusive-start>
<cycle-start id="336" type="global" contextid="0" timestamp="2022-02-02T12:27:53.783" intervalms="2340.929" />
<concurrent-start id="337" type="global mark" contextid="336" timestamp="2022-02-02T12:27:53.783">
</concurrent-start>
<exclusive-end id="338" timestamp="2022-02-02T12:27:53.783" durationms="0.032" />

<concurrent-end id="339" type="global mark" contextid="336" timestamp="2022-02-02T12:27:53.996">
<gc-op id="340" type="trace" timems="213.256" contextid="336" timestamp="2022-02-02T12:27:53.996">
  <trace bytesTraced="72459424" workStackOverflowCount="0" />
  <card-cleaning reason="card cleaning threshold reached" bytesTraced="716" cardsCleaned="2" />
</gc-op>
</concurrent-end>

<exclusive-start id="341" timestamp="2022-02-02T12:27:53.996" intervalms="213.339">
  <response-info timems="0.025" idlems="0.025" threads="0" lastid="0000000000016F00" lastname="main" />
</exclusive-start>
<concurrent-global-final id="342" timestamp="2022-02-02T12:27:53.996" contextid="336" intervalms="2296.398" >
  <concurrent-trace-info reason="card cleaning threshold reached" tracedByMutators="36876356" tracedByHelpers="35583784" cardsCleaned="2" workStackOverflowCount="0" />
</concurrent-global-final>
<gc-start id="343" type="global" contextid="336" timestamp="2022-02-02T12:27:53.996">
  <mem-info id="344" free="140650504" total="838860800" percent="16">
    <mem type="nursery" free="2882272" total="209715200" percent="1">
      <mem type="allocate" free="2882272" total="136577024" percent="2" />
      <mem type="survivor" free="0" total="73138176" percent="0" />
    </mem>
    <mem type="tenure" free="137768232" total="629145600" percent="21">
      <mem type="soa" free="131476776" total="622854144" percent="21" />
      <mem type="loa" free="6291456" total="6291456" percent="100" />
    </mem>
    <remembered-set count="3495" />
  </mem-info>
</gc-start>
<allocation-stats totalBytes="83849688" >
  <allocated-bytes non-tlh="72" tlh="83849616" />
  <largest-consumer threadName="main" threadId="0000000000016F00" bytes="83841496" />
</allocation-stats>
<gc-op id="345" type="rs-scan" timems="1.519" contextid="336" timestamp="2022-02-02T12:27:53.998">
  <scan objectsFound="86472" bytesTraced="2048828" workStackOverflowCount="0" />
</gc-op>
<gc-op id="346" type="card-cleaning" timems="0.263" contextid="336" timestamp="2022-02-02T12:27:53.998">
  <card-cleaning cardsCleaned="1" bytesTraced="412" workStackOverflowCount="0" />
</gc-op>
<gc-op id="347" type="mark" timems="65.813" contextid="336" timestamp="2022-02-02T12:27:54.064">
  <trace-info objectcount="1976359" scancount="1483799" scanbytes="31722136" />
  <finalization candidates="371" enqueued="57" />
  <ownableSynchronizers candidates="1" cleared="0" />
  <references type="soft" candidates="904" cleared="0" enqueued="0" dynamicThreshold="12" maxThreshold="32" />
  <references type="weak" candidates="1702" cleared="0" enqueued="0" />
  <references type="phantom" candidates="51" cleared="2" enqueued="2" />
  <stringconstants candidates="6468" cleared="0"  />
  <object-monitors candidates="3" cleared="0"  />
</gc-op>
<gc-op id="348" type="sweep" timems="3.719" contextid="336" timestamp="2022-02-02T12:27:54.068" />
<gc-end id="349" type="global" contextid="336" durationms="71.515" usertimems="120.494" systemtimems="3.876" stalltimems="157.681" timestamp="2022-02-02T12:27:54.068" activeThreads="4">
  <mem-info id="350" free="382403216" total="838860800" percent="45">
    <mem type="nursery" free="3286896" total="209715200" percent="1">
      <mem type="allocate" free="3286896" total="136577024" percent="2" />
      <mem type="survivor" free="0" total="73138176" percent="0" />
    </mem>
    <mem type="tenure" free="379116320" total="629145600" percent="60" micro-fragmented="74081" macro-fragmented="0">
      <mem type="soa" free="372824864" total="622854144" percent="59" />
      <mem type="loa" free="6291456" total="6291456" percent="100" />
    </mem>
    <pending-finalizers system="57" default="0" reference="2" classloader="0" />
    <remembered-set count="3484" />
  </mem-info>
</gc-end>
<cycle-end id="351" type="global" contextid="336" timestamp="2022-02-02T12:27:54.068" />
<exclusive-end id="352" timestamp="2022-02-02T12:27:54.068" durationms="71.777" />

<exclusive-start id="353" timestamp="2022-02-02T12:27:54.088" intervalms="91.562">
  <response-info timems="0.021" idlems="0.021" threads="0" lastid="0000000000016F00" lastname="main" />
</exclusive-start>
<af-start id="354" threadId="0000000000017908" totalBytesRequested="216" timestamp="2022-02-02T12:27:54.088" intervalms="837.881" type="nursery" />
<cycle-start id="355" type="scavenge" contextid="0" timestamp="2022-02-02T12:27:54.088" intervalms="837.880" />
<gc-start id="356" type="scavenge" contextid="355" timestamp="2022-02-02T12:27:54.088">
  <mem-info id="357" free="379116320" total="838860800" percent="45">
    <mem type="nursery" free="0" total="209715200" percent="0">
      <mem type="allocate" free="0" total="136577024" percent="0" />
      <mem type="survivor" free="0" total="73138176" percent="0" />
    </mem>
    <mem type="tenure" free="379116320" total="629145600" percent="60">
      <mem type="soa" free="372824864" total="622854144" percent="59" />
      <mem type="loa" free="6291456" total="6291456" percent="100" />
    </mem>
    <remembered-set count="3485" />
  </mem-info>
</gc-start>
<allocation-stats totalBytes="3285048" >
  <allocated-bytes non-tlh="0" tlh="3285048" />
  <largest-consumer threadName="main" threadId="0000000000016F00" bytes="3272776" />
</allocation-stats>
<gc-op id="358" type="scavenge" timems="63.074" contextid="355" timestamp="2022-02-02T12:27:54.151">
  <scavenger-info tenureage="1" tenuremask="7ffe" tiltratio="65" />
  <memory-copied type="nursery" objects="1128497" bytes="61997088" bytesdiscarded="147936" />
  <memory-copied type="tenure" objects="894893" bytes="49516368" bytesdiscarded="27080" />
  <finalization candidates="28" enqueued="0" />
  <ownableSynchronizers candidates="2" cleared="2" />
  <object-monitors candidates="3" cleared="0"  />
</gc-op>
<gc-end id="359" type="scavenge" contextid="355" durationms="63.297" usertimems="245.483" systemtimems="0.352" stalltimems="6.003" timestamp="2022-02-02T12:27:54.151" activeThreads="4">
  <mem-info id="360" free="398114968" total="838860800" percent="47">
    <mem type="nursery" free="68730368" total="209715200" percent="32">
      <mem type="allocate" free="68730368" total="130875392" percent="52" />
      <mem type="survivor" free="0" total="78839808" percent="0" />
    </mem>
    <mem type="tenure" free="329384600" total="629145600" percent="52" macro-fragmented="140211">
      <mem type="soa" free="323093144" total="622854144" percent="51" />
      <mem type="loa" free="6291456" total="6291456" percent="100" />
    </mem>
    <remembered-set count="178" />
  </mem-info>
</gc-end>
<cycle-end id="361" type="scavenge" contextid="355" timestamp="2022-02-02T12:27:54.151" />
<allocation-satisfied id="362" threadId="0000000000016F00" bytesRequested="216" />
<af-end id="363" timestamp="2022-02-02T12:27:54.151" threadId="0000000000017908" success="true" from="nursery"/>
<exclusive-end id="364" timestamp="2022-02-02T12:27:54.151" durationms="63.593" />

<exclusive-start id="365" timestamp="2022-02-02T12:27:54.597" intervalms="509.478">
  <response-info timems="0.027" idlems="0.027" threads="0" lastid="0000000000016F00" lastname="main" />
</exclusive-start>
<af-start id="366" threadId="0000000000017908" totalBytesRequested="112" timestamp="2022-02-02T12:27:54.597" intervalms="509.481" type="nursery" />
<cycle-start id="367" type="scavenge" contextid="0" timestamp="2022-02-02T12:27:54.597" intervalms="509.483" />
<gc-start id="368" type="scavenge" contextid="367" timestamp="2022-02-02T12:27:54.597">
  <mem-info id="369" free="329384600" total="838860800" percent="39">
    <mem type="nursery" free="0" total="209715200" percent="0">
      <mem type="allocate" free="0" total="130875392" percent="0" />
      <mem type="survivor" free="0" total="78839808" percent="0" />
    </mem>
    <mem type="tenure" free="329384600" total="629145600" percent="52">
      <mem type="soa" free="323093144" total="622854144" percent="51" />
      <mem type="loa" free="6291456" total="6291456" percent="100" />
    </mem>
    <remembered-set count="178" />
  </mem-info>
</gc-start>
<allocation-stats totalBytes="68700312" >
  <allocated-bytes non-tlh="216" tlh="68700096" />
  <largest-consumer threadName="main" threadId="0000000000016F00" bytes="68700312" />
</allocation-stats>
<gc-op id="370" type="scavenge" timems="58.858" contextid="367" timestamp="2022-02-02T12:27:54.656">
  <scavenger-info tenureage="1" tenuremask="7ffe" tiltratio="62" />
  <memory-copied type="nursery" objects="874428" bytes="48887856" bytesdiscarded="196576" />
  <memory-copied type="tenure" objects="1128496" bytes="61996968" bytesdiscarded="32832" />
  <object-monitors candidates="3" cleared="0"  />
</gc-op>
<gc-end id="371" type="scavenge" contextid="367" durationms="59.076" usertimems="232.459" systemtimems="0.000" stalltimems="1.807" timestamp="2022-02-02T12:27:54.656" activeThreads="4">
  <mem-info id="372" free="351553760" total="838860800" percent="41">
    <mem type="nursery" free="84150256" total="209715200" percent="40">
      <mem type="allocate" free="84150256" total="133234688" percent="63" />
      <mem type="survivor" free="0" total="76480512" percent="0" />
    </mem>
    <mem type="tenure" free="267403504" total="629145600" percent="42" macro-fragmented="0">
      <mem type="soa" free="261112048" total="622854144" percent="41" />
      <mem type="loa" free="6291456" total="6291456" percent="100" />
    </mem>
    <remembered-set count="101" />
  </mem-info>
</gc-end>
<cycle-end id="373" type="scavenge" contextid="367" timestamp="2022-02-02T12:27:54.656" />
<allocation-satisfied id="374" threadId="0000000000016F00" bytesRequested="112" />
<af-end id="375" timestamp="2022-02-02T12:27:54.656" threadId="0000000000017908" success="true" from="nursery"/>
<exclusive-end id="376" timestamp="2022-02-02T12:27:54.656" durationms="59.385" />

<exclusive-start id="377" timestamp="2022-02-02T12:27:55.171" intervalms="574.185">
  <response-info timems="0.023" idlems="0.023" threads="0" lastid="0000000000016F00" lastname="main" />
</exclusive-start>
<af-start id="378" threadId="0000000000017908" totalBytesRequested="24" timestamp="2022-02-02T12:27:55.171" intervalms="574.183" type="nursery" />
<cycle-start id="379" type="scavenge" contextid="0" timestamp="2022-02-02T12:27:55.171" intervalms="574.181" />
<gc-start id="380" type="scavenge" contextid="379" timestamp="2022-02-02T12:27:55.171">
  <mem-info id="381" free="267403504" total="838860800" percent="31">
    <mem type="nursery" free="0" total="209715200" percent="0">
      <mem type="allocate" free="0" total="133234688" percent="0" />
      <mem type="survivor" free="0" total="76480512" percent="0" />
    </mem>
    <mem type="tenure" free="267403504" total="629145600" percent="42">
      <mem type="soa" free="261112048" total="622854144" percent="41" />
      <mem type="loa" free="6291456" total="6291456" percent="100" />
    </mem>
    <remembered-set count="101" />
  </mem-info>
</gc-start>
<allocation-stats totalBytes="84111688" >
  <allocated-bytes non-tlh="112" tlh="84111576" />
  <largest-consumer threadName="main" threadId="0000000000016F00" bytes="84111688" />
</allocation-stats>
<gc-op id="382" type="scavenge" timems="58.761" contextid="379" timestamp="2022-02-02T12:27:55.230">
  <scavenger-info tenureage="1" tenuremask="7ffe" tiltratio="63" />
  <memory-copied type="nursery" objects="1050401" bytes="59809544" bytesdiscarded="121776" />
  <memory-copied type="tenure" objects="874428" bytes="48887856" bytesdiscarded="24880" />
  <object-monitors candidates="3" cleared="0"  />
</gc-op>
<gc-end id="383" type="scavenge" contextid="379" durationms="58.963" usertimems="228.544" systemtimems="0.000" stalltimems="5.700" timestamp="2022-02-02T12:27:55.230" activeThreads="4">
  <mem-info id="384" free="291700400" total="838860800" percent="34">
    <mem type="nursery" free="73368904" total="209715200" percent="34">
      <mem type="allocate" free="73368904" total="133300224" percent="55" />
      <mem type="survivor" free="0" total="76414976" percent="0" />
    </mem>
    <mem type="tenure" free="218331496" total="629145600" percent="34" macro-fragmented="0">
      <mem type="soa" free="212040040" total="622854144" percent="34" />
      <mem type="loa" free="6291456" total="6291456" percent="100" />
    </mem>
    <remembered-set count="100" />
  </mem-info>
</gc-end>
<cycle-end id="385" type="scavenge" contextid="379" timestamp="2022-02-02T12:27:55.230" />
<allocation-satisfied id="386" threadId="0000000000016F00" bytesRequested="24" />
<af-end id="387" timestamp="2022-02-02T12:27:55.231" threadId="0000000000017908" success="true" from="nursery"/>
<exclusive-end id="388" timestamp="2022-02-02T12:27:55.231" durationms="59.269" />

<exclusive-start id="389" timestamp="2022-02-02T12:27:56.001" intervalms="829.262">
  <response-info timems="0.058" idlems="0.058" threads="0" lastid="0000000000016F00" lastname="main" />
</exclusive-start>
<af-start id="390" threadId="0000000000017908" totalBytesRequested="96" timestamp="2022-02-02T12:27:56.001" intervalms="829.287" type="nursery" />
<cycle-start id="391" type="scavenge" contextid="0" timestamp="2022-02-02T12:27:56.001" intervalms="829.299" />
<gc-start id="392" type="scavenge" contextid="391" timestamp="2022-02-02T12:27:56.001">
  <mem-info id="393" free="218331496" total="838860800" percent="26">
    <mem type="nursery" free="0" total="209715200" percent="0">
      <mem type="allocate" free="0" total="133300224" percent="0" />
      <mem type="survivor" free="0" total="76414976" percent="0" />
    </mem>
    <mem type="tenure" free="218331496" total="629145600" percent="34">
      <mem type="soa" free="212040040" total="622854144" percent="34" />
      <mem type="loa" free="6291456" total="6291456" percent="100" />
    </mem>
    <remembered-set count="131" />
  </mem-info>
</gc-start>
<allocation-stats totalBytes="73336872" >
  <allocated-bytes non-tlh="1661168" tlh="71675704" />
  <largest-consumer threadName="main" threadId="0000000000016F00" bytes="73336872" />
</allocation-stats>
<gc-op id="394" type="scavenge" timems="63.388" contextid="391" timestamp="2022-02-02T12:27:56.064">
  <scavenger-info tenureage="1" tenuremask="7ffe" tiltratio="63" />
  <memory-copied type="nursery" objects="1032828" bytes="51345816" bytesdiscarded="119728" />
  <memory-copied type="tenure" objects="1050401" bytes="59809544" bytesdiscarded="29088" />
  <finalization candidates="109" enqueued="53" />
  <references type="soft" candidates="15" cleared="0" enqueued="0" dynamicThreshold="19" maxThreshold="32" />
  <references type="weak" candidates="1" cleared="0" enqueued="0" />
  <references type="phantom" candidates="94" cleared="7" enqueued="7" />
  <object-monitors candidates="3" cleared="0"  />
</gc-op>
<gc-end id="395" type="scavenge" contextid="391" durationms="63.651" usertimems="246.512" systemtimems="1.287" stalltimems="4.671" timestamp="2022-02-02T12:27:56.064" activeThreads="4">
  <mem-info id="396" free="242740000" total="838860800" percent="28">
    <mem type="nursery" free="84193848" total="209715200" percent="40">
      <mem type="allocate" free="84193848" total="135659520" percent="62" />
      <mem type="survivor" free="0" total="74055680" percent="0" />
    </mem>
    <mem type="tenure" free="158546152" total="629145600" percent="25" macro-fragmented="1041780">
      <mem type="soa" free="152254696" total="622854144" percent="24" />
      <mem type="loa" free="6291456" total="6291456" percent="100" />
    </mem>
    <pending-finalizers system="52" default="1" reference="7" classloader="0" />
    <remembered-set count="126" />
  </mem-info>
</gc-end>
<cycle-end id="397" type="scavenge" contextid="391" timestamp="2022-02-02T12:27:56.064" />
<allocation-satisfied id="398" threadId="0000000000016F00" bytesRequested="96" />
<af-end id="399" timestamp="2022-02-02T12:27:56.065" threadId="0000000000017908" success="true" from="nursery"/>
<exclusive-end id="400" timestamp="2022-02-02T12:27:56.065" durationms="63.987" />

<exclusive-start id="401" timestamp="2022-02-02T12:27:56.640" intervalms="639.207">
  <response-info timems="0.024" idlems="0.024" threads="0" lastid="0000000000016F00" lastname="main" />
</exclusive-start>
<af-start id="402" threadId="0000000000017908" totalBytesRequested="24" timestamp="2022-02-02T12:27:56.640" intervalms="639.184" type="nursery" />
<cycle-start id="403" type="scavenge" contextid="0" timestamp="2022-02-02T12:27:56.640" intervalms="639.173" />
<gc-start id="404" type="scavenge" contextid="403" timestamp="2022-02-02T12:27:56.640">
  <mem-info id="405" free="158546152" total="838860800" percent="18">
    <mem type="nursery" free="0" total="209715200" percent="0">
      <mem type="allocate" free="0" total="135659520" percent="0" />
      <mem type="survivor" free="0" total="74055680" percent="0" />
    </mem>
    <mem type="tenure" free="158546152" total="629145600" percent="25">
      <mem type="soa" free="152254696" total="622854144" percent="24" />
      <mem type="loa" free="6291456" total="6291456" percent="100" />
    </mem>
    <remembered-set count="127" />
  </mem-info>
</gc-start>
<allocation-stats totalBytes="84153888" >
  <allocated-bytes non-tlh="1347776" tlh="82806112" />
  <largest-consumer threadName="main" threadId="0000000000016F00" bytes="84145696" />
</allocation-stats>
<gc-op id="406" type="scavenge" timems="62.251" contextid="403" timestamp="2022-02-02T12:27:56.702">
  <scavenger-info tenureage="1" tenuremask="7ffe" tiltratio="64" />
  <memory-copied type="nursery" objects="1066883" bytes="60355800" bytesdiscarded="318680" />
  <memory-copied type="tenure" objects="1032109" bytes="50402648" bytesdiscarded="25496" />
  <finalization candidates="57" enqueued="0" />
  <references type="phantom" candidates="1" cleared="0" enqueued="0" />
  <object-monitors candidates="3" cleared="0"  />
</gc-op>
<gc-end id="407" type="scavenge" contextid="403" durationms="62.489" usertimems="244.091" systemtimems="0.192" stalltimems="3.606" timestamp="2022-02-02T12:27:56.702" activeThreads="4">
  <mem-info id="408" free="182484088" total="838860800" percent="21">
    <mem type="nursery" free="74264144" total="209715200" percent="35">
      <mem type="allocate" free="74264144" total="134938624" percent="55" />
      <mem type="survivor" free="0" total="74776576" percent="0" />
    </mem>
    <mem type="tenure" free="108219944" total="629145600" percent="17" macro-fragmented="0">
      <mem type="soa" free="101928488" total="622854144" percent="16" />
      <mem type="loa" free="6291456" total="6291456" percent="100" />
    </mem>
    <remembered-set count="99" />
  </mem-info>
</gc-end>
<cycle-end id="409" type="scavenge" contextid="403" timestamp="2022-02-02T12:27:56.702" />
<allocation-satisfied id="410" threadId="0000000000016F00" bytesRequested="24" />
<af-end id="411" timestamp="2022-02-02T12:27:56.702" threadId="0000000000017908" success="true" from="nursery"/>
<exclusive-end id="412" timestamp="2022-02-02T12:27:56.702" durationms="62.746" />

<concurrent-kickoff id="413" timestamp="2022-02-02T12:27:57.100">
  <kickoff reason="threshold reached" targetBytes="135929410" thresholdFreeBytes="15612924"  remainingFree="15576632" tenureFreeBytes="108219944" nurseryFreeBytes="15576632" />
</concurrent-kickoff>
<exclusive-start id="414" timestamp="2022-02-02T12:27:57.103" intervalms="463.728">
  <response-info timems="0.023" idlems="0.023" threads="0" lastid="0000000000016F00" lastname="main" />
</exclusive-start>
<cycle-start id="415" type="global" contextid="0" timestamp="2022-02-02T12:27:57.103" intervalms="3320.761" />
<concurrent-start id="416" type="global mark" contextid="415" timestamp="2022-02-02T12:27:57.103">
</concurrent-start>
<exclusive-end id="417" timestamp="2022-02-02T12:27:57.103" durationms="0.032" />

<exclusive-start id="418" timestamp="2022-02-02T12:27:57.371" intervalms="267.572">
  <response-info timems="0.023" idlems="0.023" threads="0" lastid="0000000000016F00" lastname="main" />
</exclusive-start>
<af-start id="419" threadId="0000000000017908" totalBytesRequested="112" timestamp="2022-02-02T12:27:57.371" intervalms="731.320" type="nursery" />
<cycle-start id="420" type="scavenge" contextid="0" timestamp="2022-02-02T12:27:57.371" intervalms="731.325" />
<gc-start id="421" type="scavenge" contextid="420" timestamp="2022-02-02T12:27:57.371">
  <mem-info id="422" free="108219944" total="838860800" percent="12">
    <mem type="nursery" free="0" total="209715200" percent="0">
      <mem type="allocate" free="0" total="134938624" percent="0" />
      <mem type="survivor" free="0" total="74776576" percent="0" />
    </mem>
    <mem type="tenure" free="108219944" total="629145600" percent="17">
      <mem type="soa" free="101928488" total="622854144" percent="16" />
      <mem type="loa" free="6291456" total="6291456" percent="100" />
    </mem>
    <remembered-set count="99" />
  </mem-info>
</gc-start>
<allocation-stats totalBytes="74229520" >
  <allocated-bytes non-tlh="24" tlh="74229496" />
  <largest-consumer threadName="main" threadId="0000000000016F00" bytes="74229520" />
</allocation-stats>
<gc-op id="423" type="scavenge" timems="66.741" contextid="420" timestamp="2022-02-02T12:27:57.438">
  <scavenger-info tenureage="1" tenuremask="7ffe" tiltratio="64" />
  <memory-copied type="nursery" objects="942058" bytes="52820272" bytesdiscarded="191312" />
  <memory-copied type="tenure" objects="1066883" bytes="60355800" bytesdiscarded="30568" />
  <finalization candidates="1" enqueued="0" />
  <object-monitors candidates="3" cleared="0"  />
</gc-op>
<gc-end id="424" type="scavenge" contextid="420" durationms="66.940" usertimems="253.832" systemtimems="2.518" stalltimems="9.654" timestamp="2022-02-02T12:27:57.438" activeThreads="4">
  <mem-info id="425" free="131673384" total="838860800" percent="15">
    <mem type="nursery" free="83827584" total="209715200" percent="39">
      <mem type="allocate" free="83827584" total="136839168" percent="61" />
      <mem type="survivor" free="0" total="72876032" percent="0" />
    </mem>
    <mem type="tenure" free="47845800" total="629145600" percent="7" macro-fragmented="0">
      <mem type="soa" free="41554344" total="622854144" percent="6" />
      <mem type="loa" free="6291456" total="6291456" percent="100" />
    </mem>
    <remembered-set count="99" />
  </mem-info>
</gc-end>
<cycle-end id="426" type="scavenge" contextid="420" timestamp="2022-02-02T12:27:57.438" />
<allocation-satisfied id="427" threadId="0000000000016F00" bytesRequested="112" />
<af-end id="428" timestamp="2022-02-02T12:27:57.438" threadId="0000000000017908" success="true" from="nursery"/>
<exclusive-end id="429" timestamp="2022-02-02T12:27:57.438" durationms="67.261" />

<concurrent-end id="430" type="global mark" contextid="415" timestamp="2022-02-02T12:27:57.587">
<gc-op id="431" type="trace" timems="483.715" contextid="415" timestamp="2022-02-02T12:27:57.587">
  <trace bytesTraced="149136512" workStackOverflowCount="0" />
  <card-cleaning reason="card cleaning threshold reached" bytesTraced="304" cardsCleaned="1" />
</gc-op>
</concurrent-end>

<exclusive-start id="432" timestamp="2022-02-02T12:27:57.587" intervalms="216.228">
  <response-info timems="0.026" idlems="0.026" threads="0" lastid="0000000000016F00" lastname="main" />
</exclusive-start>
<concurrent-global-final id="433" timestamp="2022-02-02T12:27:57.587" contextid="415" intervalms="3591.222" >
  <concurrent-trace-info reason="card cleaning threshold reached" tracedByMutators="93561648" tracedByHelpers="55575168" cardsCleaned="1" workStackOverflowCount="0" />
</concurrent-global-final>
<gc-start id="434" type="global" contextid="415" timestamp="2022-02-02T12:27:57.587">
  <mem-info id="435" free="120958136" total="838860800" percent="14">
    <mem type="nursery" free="73112336" total="209715200" percent="34">
      <mem type="allocate" free="73112336" total="136839168" percent="53" />
      <mem type="survivor" free="0" total="72876032" percent="0" />
    </mem>
    <mem type="tenure" free="47845800" total="629145600" percent="7">
      <mem type="soa" free="41554344" total="622854144" percent="6" />
      <mem type="loa" free="6291456" total="6291456" percent="100" />
    </mem>
    <remembered-set count="99" />
  </mem-info>
</gc-start>
<allocation-stats totalBytes="10710328" >
  <allocated-bytes non-tlh="112" tlh="10710216" />
  <largest-consumer threadName="main" threadId="0000000000016F00" bytes="10710328" />
</allocation-stats>
<gc-op id="436" type="rs-scan" timems="0.534" contextid="415" timestamp="2022-02-02T12:27:57.588">
  <scan objectsFound="0" bytesTraced="4644" workStackOverflowCount="0" />
</gc-op>
<gc-op id="437" type="card-cleaning" timems="17.998" contextid="415" timestamp="2022-02-02T12:27:57.606">
  <card-cleaning cardsCleaned="9" bytesTraced="7248956" workStackOverflowCount="0" />
</gc-op>
<gc-op id="438" type="mark" timems="62.067" contextid="415" timestamp="2022-02-02T12:27:57.668">
  <trace-info objectcount="2005027" scancount="1503783" scanbytes="32080448" />
  <finalization candidates="371" enqueued="0" />
  <ownableSynchronizers candidates="1" cleared="0" />
  <references type="soft" candidates="918" cleared="0" enqueued="0" dynamicThreshold="19" maxThreshold="32" />
  <references type="weak" candidates="1702" cleared="0" enqueued="0" />
  <references type="phantom" candidates="51" cleared="1" enqueued="1" />
  <stringconstants candidates="6468" cleared="0"  />
  <object-monitors candidates="3" cleared="0"  />
</gc-op>
<gc-op id="439" type="sweep" timems="5.388" contextid="415" timestamp="2022-02-02T12:27:57.673" />
<gc-end id="440" type="global" contextid="415" durationms="86.217" usertimems="98.312" systemtimems="4.233" stalltimems="185.633" timestamp="2022-02-02T12:27:57.674" activeThreads="4">
  <mem-info id="441" free="123228488" total="838860800" percent="14">
    <mem type="nursery" free="73408512" total="209715200" percent="35">
      <mem type="allocate" free="73408512" total="136839168" percent="53" />
      <mem type="survivor" free="0" total="72876032" percent="0" />
    </mem>
    <mem type="tenure" free="49819976" total="629145600" percent="7" micro-fragmented="271405" macro-fragmented="0">
      <mem type="soa" free="43528520" total="622854144" percent="6" />
      <mem type="loa" free="6291456" total="6291456" percent="100" />
    </mem>
    <pending-finalizers system="0" default="0" reference="1" classloader="0" />
    <remembered-set count="99" />
  </mem-info>
</gc-end>
<cycle-end id="442" type="global" contextid="415" timestamp="2022-02-02T12:27:57.674" />
<exclusive-end id="443" timestamp="2022-02-02T12:27:57.674" durationms="86.465" />

<concurrent-kickoff id="444" timestamp="2022-02-02T12:27:58.029">
  <kickoff reason="threshold reached" targetBytes="138398607" thresholdFreeBytes="14926136"  remainingFree="14819368" tenureFreeBytes="49819976" nurseryFreeBytes="14819368" />
</concurrent-kickoff>
<exclusive-start id="445" timestamp="2022-02-02T12:27:58.033" intervalms="445.340">
  <response-info timems="0.021" idlems="0.021" threads="0" lastid="0000000000016F00" lastname="main" />
</exclusive-start>
<cycle-start id="446" type="global" contextid="0" timestamp="2022-02-02T12:27:58.033" intervalms="929.142" />
<concurrent-start id="447" type="global mark" contextid="446" timestamp="2022-02-02T12:27:58.033">
</concurrent-start>
<exclusive-end id="448" timestamp="2022-02-02T12:27:58.033" durationms="0.033" />

<exclusive-start id="449" timestamp="2022-02-02T12:27:58.303" intervalms="270.292">
  <response-info timems="0.043" idlems="0.043" threads="0" lastid="0000000000016F00" lastname="main" />
</exclusive-start>
<af-start id="450" threadId="0000000000017908" totalBytesRequested="184" timestamp="2022-02-02T12:27:58.303" intervalms="931.851" type="nursery" />
<percolate-collect id="451" from="nursery" to="global" reason="insufficient remaining tenure space" timestamp="2022-02-02T12:27:58.303"/>
<concurrent-end id="452" type="global mark" contextid="446" timestamp="2022-02-02T12:27:58.303">
<gc-op id="453" type="trace" timems="270.222" contextid="446" timestamp="2022-02-02T12:27:58.303">
  <trace bytesTraced="98027524" workStackOverflowCount="0" />
  <card-cleaning reason="card cleaning threshold reached" bytesTraced="1084" cardsCleaned="4" />
</gc-op>
</concurrent-end>

<gc-start id="454" type="global" contextid="446" timestamp="2022-02-02T12:27:58.303">
  <mem-info id="455" free="49819976" total="838860800" percent="5">
    <mem type="nursery" free="0" total="209715200" percent="0">
      <mem type="allocate" free="0" total="136839168" percent="0" />
      <mem type="survivor" free="0" total="72876032" percent="0" />
    </mem>
    <mem type="tenure" free="49819976" total="629145600" percent="7">
      <mem type="soa" free="43528520" total="622854144" percent="6" />
      <mem type="loa" free="6291456" total="6291456" percent="100" />
    </mem>
    <remembered-set count="101" />
  </mem-info>
</gc-start>
<allocation-stats totalBytes="73376128" >
  <allocated-bytes non-tlh="0" tlh="73376128" />
  <largest-consumer threadName="main" threadId="0000000000016F00" bytes="73376128" />
</allocation-stats>
<concurrent-halted id="456" timestamp="2022-02-02T12:27:58.303">
  <halted state="Tracing incomplete" status="clean trace" />
  <traced bytesTarget="138398607" bytesTotal="98028608" bytesByMutator="63466404" bytesByHelper="34562204" percent="70" />
  <cards cleaned="4" thresholdBytes="5879993" />
</concurrent-halted>
<gc-op id="457" type="tracing" timems="115.665" contextid="446" timestamp="2022-02-02T12:27:58.419">
  <trace bytesTraced="73206168" workStackOverflowCount="0" />
</gc-op>
<gc-op id="458" type="rs-scan" timems="87.306" contextid="446" timestamp="2022-02-02T12:27:58.506">
  <scan objectsFound="1490013" bytesTraced="31792220" workStackOverflowCount="0" />
</gc-op>
<gc-op id="459" type="card-cleaning" timems="0.256" contextid="446" timestamp="2022-02-02T12:27:58.506">
  <card-cleaning cardsCleaned="2" bytesTraced="596" workStackOverflowCount="0" />
</gc-op>
<gc-op id="460" type="mark" timems="1.154" contextid="446" timestamp="2022-02-02T12:27:58.508">
  <trace-info objectcount="44" scancount="44" scanbytes="688" />
  <finalization candidates="371" enqueued="0" />
  <ownableSynchronizers candidates="1" cleared="0" />
  <references type="soft" candidates="918" cleared="24" enqueued="20" dynamicThreshold="2" maxThreshold="32" />
  <references type="weak" candidates="1702" cleared="0" enqueued="0" />
  <references type="phantom" candidates="50" cleared="0" enqueued="0" />
  <stringconstants candidates="6468" cleared="0"  />
  <object-monitors candidates="3" cleared="0"  />
</gc-op>
<gc-op id="461" type="sweep" timems="6.035" contextid="446" timestamp="2022-02-02T12:27:58.514" />
<gc-end id="462" type="global" contextid="446" durationms="210.717" usertimems="224.171" systemtimems="4.262" stalltimems="3.526" timestamp="2022-02-02T12:27:58.514" activeThreads="4">
  <mem-info id="463" free="49872208" total="838860800" percent="5">
    <mem type="nursery" free="11632" total="209715200" percent="0">
      <mem type="allocate" free="11632" total="136839168" percent="0" />
      <mem type="survivor" free="0" total="72876032" percent="0" />
    </mem>
    <mem type="tenure" free="49860576" total="629145600" percent="7" micro-fragmented="271405" macro-fragmented="0">
      <mem type="soa" free="43569120" total="622854144" percent="6" />
      <mem type="loa" free="6291456" total="6291456" percent="100" />
    </mem>
    <pending-finalizers system="0" default="0" reference="20" classloader="0" />
    <remembered-set count="100" />
  </mem-info>
</gc-end>
<cycle-end id="464" type="global" contextid="446" timestamp="2022-02-02T12:27:58.514" />
<concurrent-kickoff id="465" timestamp="2022-02-02T12:27:58.514">
  <kickoff reason="threshold reached" targetBytes="171235372" thresholdFreeBytes="18115316"  remainingFree="11448" tenureFreeBytes="49860576" nurseryFreeBytes="11448" />
</concurrent-kickoff>
<allocation-satisfied id="466" threadId="0000000000016F00" bytesRequested="184" />
<af-end id="467" timestamp="2022-02-02T12:27:58.514" threadId="0000000000017908" success="true" from="nursery"/>
<exclusive-end id="468" timestamp="2022-02-02T12:27:58.514" durationms="211.026" />

<exclusive-start id="469" timestamp="2022-02-02T12:27:58.514" intervalms="211.249">
  <response-info timems="0.020" idlems="0.020" threads="0" lastid="0000000000016F00" lastname="main" />
</exclusive-start>
<af-start id="470" threadId="0000000000017908" totalBytesRequested="184" timestamp="2022-02-02T12:27:58.514" intervalms="211.222" type="nursery" />
<percolate-collect id="471" from="nursery" to="global" reason="insufficient remaining tenure space" timestamp="2022-02-02T12:27:58.514"/>
<concurrent-aborted id="472" timestamp="2022-02-02T12:27:58.514">
  <reason value="insufficient progress made" />
</concurrent-aborted>
<cycle-end id="473" type="global" contextid="446" timestamp="2022-02-02T12:27:58.514" />
<cycle-start id="474" type="global" contextid="0" timestamp="2022-02-02T12:27:58.514" intervalms="481.594" />
<gc-start id="475" type="global" contextid="474" timestamp="2022-02-02T12:27:58.514">
  <mem-info id="476" free="49860576" total="838860800" percent="5">
    <mem type="nursery" free="0" total="209715200" percent="0">
      <mem type="allocate" free="0" total="136839168" percent="0" />
      <mem type="survivor" free="0" total="72876032" percent="0" />
    </mem>
    <mem type="tenure" free="49860576" total="629145600" percent="7">
      <mem type="soa" free="43569120" total="622854144" percent="6" />
      <mem type="loa" free="6291456" total="6291456" percent="100" />
    </mem>
    <remembered-set count="123" />
  </mem-info>
</gc-start>
<allocation-stats totalBytes="10512" >
  <allocated-bytes non-tlh="184" tlh="10328" />
  <largest-consumer threadName="main" threadId="0000000000016F00" bytes="10512" />
</allocation-stats>
<gc-op id="477" type="mark" timems="317.283" contextid="474" timestamp="2022-02-02T12:27:58.832">
  <trace-info objectcount="12650952" scancount="9475878" scanbytes="203020016" />
  <finalization candidates="371" enqueued="0" />
  <ownableSynchronizers candidates="1" cleared="0" />
  <references type="soft" candidates="894" cleared="12" enqueued="10" dynamicThreshold="2" maxThreshold="32" />
  <references type="weak" candidates="1702" cleared="0" enqueued="0" />
  <references type="phantom" candidates="50" cleared="0" enqueued="0" />
  <stringconstants candidates="6468" cleared="0"  />
  <object-monitors candidates="3" cleared="0"  />
</gc-op>
<gc-op id="478" type="sweep" timems="5.626" contextid="474" timestamp="2022-02-02T12:27:58.837" />
<mem-info id="479" free="49863024" total="838860800" percent="5">
  <mem type="nursery" free="0" total="209715200" percent="0">
    <mem type="allocate" free="0" total="136839168" percent="0" />
    <mem type="survivor" free="0" total="72876032" percent="0" />
  </mem>
  <mem type="tenure" free="49863024" total="629145600" percent="7" micro-fragmented="271405" macro-fragmented="0">
    <mem type="soa" free="43571568" total="622854144" percent="6" />
    <mem type="loa" free="6291456" total="6291456" percent="100" />
  </mem>
  <pending-finalizers system="0" default="0" reference="10" classloader="0" />
  <remembered-set count="111" />
</mem-info>
<gc-op id="480" type="compact" timems="599.773" contextid="474" timestamp="2022-02-02T12:27:59.437">
  <compact-info movecount="12633485" movebytes="690625648" reason="heap fragmented" />
</gc-op>
<gc-end id="481" type="global" contextid="474" durationms="923.024" usertimems="2942.007" systemtimems="0.000" stalltimems="726.707" timestamp="2022-02-02T12:27:59.437" activeThreads="4">
  <mem-info id="482" free="74424216" total="838860800" percent="8">
    <mem type="nursery" free="24345152" total="209715200" percent="11">
      <mem type="allocate" free="24345152" total="136839168" percent="17" />
      <mem type="survivor" free="0" total="72876032" percent="0" />
    </mem>
    <mem type="tenure" free="50079064" total="629145600" percent="7">
      <mem type="soa" free="43787608" total="622854144" percent="7" />
      <mem type="loa" free="6291456" total="6291456" percent="100" />
    </mem>
    <pending-finalizers system="0" default="0" reference="10" classloader="0" />
    <remembered-set count="111" />
  </mem-info>
</gc-end>
<cycle-end id="483" type="global" contextid="474" timestamp="2022-02-02T12:27:59.437" />
<allocation-satisfied id="484" threadId="0000000000016F00" bytesRequested="184" />
<af-end id="485" timestamp="2022-02-02T12:27:59.437" threadId="0000000000017908" success="true" from="nursery"/>
<exclusive-end id="486" timestamp="2022-02-02T12:27:59.437" durationms="923.313" />

<concurrent-kickoff id="487" timestamp="2022-02-02T12:27:59.502">
  <kickoff reason="threshold reached" targetBytes="132699546" thresholdFreeBytes="14114186"  remainingFree="14029616" tenureFreeBytes="50079064" nurseryFreeBytes="14029616" />
</concurrent-kickoff>
<exclusive-start id="488" timestamp="2022-02-02T12:27:59.505" intervalms="990.982">
  <response-info timems="0.022" idlems="0.022" threads="0" lastid="0000000000016F00" lastname="main" />
</exclusive-start>
<cycle-start id="489" type="global" contextid="0" timestamp="2022-02-02T12:27:59.505" intervalms="990.928" />
<concurrent-start id="490" type="global mark" contextid="489" timestamp="2022-02-02T12:27:59.505">
</concurrent-start>
<exclusive-end id="491" timestamp="2022-02-02T12:27:59.505" durationms="0.032" />

<exclusive-start id="492" timestamp="2022-02-02T12:27:59.744" intervalms="238.519">
  <response-info timems="0.043" idlems="0.043" threads="0" lastid="0000000000016F00" lastname="main" />
</exclusive-start>
<af-start id="493" threadId="0000000000017908" totalBytesRequested="16" timestamp="2022-02-02T12:27:59.744" intervalms="1229.528" type="nursery" />
<percolate-collect id="494" from="nursery" to="global" reason="insufficient remaining tenure space" timestamp="2022-02-02T12:27:59.744"/>
<concurrent-end id="495" type="global mark" contextid="489" timestamp="2022-02-02T12:27:59.744">
<gc-op id="496" type="trace" timems="238.449" contextid="489" timestamp="2022-02-02T12:27:59.744">
  <trace bytesTraced="89804648" workStackOverflowCount="0" />
  <card-cleaning reason="card cleaning threshold reached" bytesTraced="924" cardsCleaned="4" />
</gc-op>
</concurrent-end>

<gc-start id="497" type="global" contextid="489" timestamp="2022-02-02T12:27:59.744">
  <mem-info id="498" free="50079064" total="838860800" percent="5">
    <mem type="nursery" free="0" total="209715200" percent="0">
      <mem type="allocate" free="0" total="136839168" percent="0" />
      <mem type="survivor" free="0" total="72876032" percent="0" />
    </mem>
    <mem type="tenure" free="50079064" total="629145600" percent="7">
      <mem type="soa" free="43787608" total="622854144" percent="7" />
      <mem type="loa" free="6291456" total="6291456" percent="100" />
    </mem>
    <remembered-set count="123" />
  </mem-info>
</gc-start>
<allocation-stats totalBytes="24332072" >
  <allocated-bytes non-tlh="184" tlh="24331888" />
  <largest-consumer threadName="main" threadId="0000000000016F00" bytes="24332072" />
</allocation-stats>
<concurrent-halted id="499" timestamp="2022-02-02T12:27:59.744">
  <halted state="Tracing incomplete" status="clean trace" />
  <traced bytesTarget="132699546" bytesTotal="89805572" bytesByMutator="58342004" bytesByHelper="31463568" percent="67" />
  <cards cleaned="4" thresholdBytes="5560134" />
</concurrent-halted>
<gc-op id="500" type="tracing" timems="126.995" contextid="489" timestamp="2022-02-02T12:27:59.871">
  <trace bytesTraced="79446000" workStackOverflowCount="0" />
</gc-op>
<gc-op id="501" type="rs-scan" timems="0.537" contextid="489" timestamp="2022-02-02T12:27:59.871">
  <scan objectsFound="0" bytesTraced="8212" workStackOverflowCount="0" />
</gc-op>
<gc-op id="502" type="card-cleaning" timems="74.883" contextid="489" timestamp="2022-02-02T12:27:59.946">
  <card-cleaning cardsCleaned="2" bytesTraced="36681580" workStackOverflowCount="0" />
</gc-op>
<gc-op id="503" type="mark" timems="2.425" contextid="489" timestamp="2022-02-02T12:27:59.949">
  <trace-info objectcount="136686" scancount="85233" scanbytes="1978232" />
  <finalization candidates="371" enqueued="0" />
  <ownableSynchronizers candidates="1" cleared="0" />
  <references type="soft" candidates="882" cleared="0" enqueued="0" dynamicThreshold="2" maxThreshold="32" />
  <references type="weak" candidates="1702" cleared="0" enqueued="0" />
  <references type="phantom" candidates="50" cleared="0" enqueued="0" />
  <stringconstants candidates="6468" cleared="0"  />
  <object-monitors candidates="3" cleared="0"  />
</gc-op>
<gc-op id="504" type="sweep" timems="5.775" contextid="489" timestamp="2022-02-02T12:27:59.955" />
<gc-end id="505" type="global" contextid="489" durationms="210.857" usertimems="230.180" systemtimems="0.000" stalltimems="4.620" timestamp="2022-02-02T12:27:59.955" activeThreads="4">
  <mem-info id="506" free="50085688" total="838860800" percent="5">
    <mem type="nursery" free="4320" total="209715200" percent="0">
      <mem type="allocate" free="4320" total="136839168" percent="0" />
      <mem type="survivor" free="0" total="72876032" percent="0" />
    </mem>
    <mem type="tenure" free="50081368" total="629145600" percent="7" micro-fragmented="176305" macro-fragmented="27735676">
      <mem type="soa" free="43789912" total="622854144" percent="7" />
      <mem type="loa" free="6291456" total="6291456" percent="100" />
    </mem>
    <remembered-set count="115" />
  </mem-info>
</gc-end>
<cycle-end id="507" type="global" contextid="489" timestamp="2022-02-02T12:27:59.955" />
<concurrent-kickoff id="508" timestamp="2022-02-02T12:27:59.955">
  <kickoff reason="threshold reached" targetBytes="205933152" thresholdFreeBytes="21736126"  remainingFree="4304" tenureFreeBytes="50081368" nurseryFreeBytes="4304" />
</concurrent-kickoff>
<allocation-satisfied id="509" threadId="0000000000016F00" bytesRequested="16" />
<af-end id="510" timestamp="2022-02-02T12:27:59.955" threadId="0000000000017908" success="true" from="nursery"/>
<exclusive-end id="511" timestamp="2022-02-02T12:27:59.955" durationms="211.260" />

<exclusive-start id="512" timestamp="2022-02-02T12:27:59.955" intervalms="211.376">
  <response-info timems="0.019" idlems="0.019" threads="0" lastid="0000000000016F00" lastname="main" />
</exclusive-start>
<af-start id="513" threadId="0000000000017908" totalBytesRequested="112" timestamp="2022-02-02T12:27:59.955" intervalms="211.337" type="nursery" />
<percolate-collect id="514" from="nursery" to="global" reason="insufficient remaining tenure space" timestamp="2022-02-02T12:27:59.955"/>
<concurrent-aborted id="515" timestamp="2022-02-02T12:27:59.955">
  <reason value="insufficient progress made" />
</concurrent-aborted>
<cycle-end id="516" type="global" contextid="489" timestamp="2022-02-02T12:27:59.955" />
<cycle-start id="517" type="global" contextid="0" timestamp="2022-02-02T12:27:59.955" intervalms="449.938" />
<gc-start id="518" type="global" contextid="517" timestamp="2022-02-02T12:27:59.955">
  <mem-info id="519" free="50081368" total="838860800" percent="5">
    <mem type="nursery" free="0" total="209715200" percent="0">
      <mem type="allocate" free="0" total="136839168" percent="0" />
      <mem type="survivor" free="0" total="72876032" percent="0" />
    </mem>
    <mem type="tenure" free="50081368" total="629145600" percent="7">
      <mem type="soa" free="43789912" total="622854144" percent="7" />
      <mem type="loa" free="6291456" total="6291456" percent="100" />
    </mem>
    <remembered-set count="115" />
  </mem-info>
</gc-start>
<allocation-stats totalBytes="4272" >
  <allocated-bytes non-tlh="16" tlh="4256" />
  <largest-consumer threadName="main" threadId="0000000000016F00" bytes="4272" />
</allocation-stats>
<gc-op id="520" type="mark" timems="293.221" contextid="517" timestamp="2022-02-02T12:28:00.248">
  <trace-info objectcount="12956667" scancount="9705137" scanbytes="207910400" />
  <finalization candidates="371" enqueued="0" />
  <ownableSynchronizers candidates="1" cleared="0" />
  <references type="soft" candidates="882" cleared="0" enqueued="0" dynamicThreshold="2" maxThreshold="32" />
  <references type="weak" candidates="1702" cleared="0" enqueued="0" />
  <references type="phantom" candidates="50" cleared="0" enqueued="0" />
  <stringconstants candidates="6468" cleared="0"  />
  <object-monitors candidates="3" cleared="0"  />
</gc-op>
<gc-op id="521" type="sweep" timems="6.077" contextid="517" timestamp="2022-02-02T12:28:00.254" />
<mem-info id="522" free="50081368" total="838860800" percent="5">
  <mem type="nursery" free="0" total="209715200" percent="0">
    <mem type="allocate" free="0" total="136839168" percent="0" />
    <mem type="survivor" free="0" total="72876032" percent="0" />
  </mem>
  <mem type="tenure" free="50081368" total="629145600" percent="7" micro-fragmented="176305" macro-fragmented="0">
    <mem type="soa" free="43789912" total="622854144" percent="7" />
    <mem type="loa" free="6291456" total="6291456" percent="100" />
  </mem>
  <remembered-set count="115" />
</mem-info>
<gc-op id="523" type="compact" timems="289.173" contextid="517" timestamp="2022-02-02T12:28:00.544">
  <compact-info movecount="3958871" movebytes="210802736" reason="heap fragmented" />
</gc-op>
<gc-end id="524" type="global" contextid="517" durationms="588.744" usertimems="1691.020" systemtimems="2.092" stalltimems="638.166" timestamp="2022-02-02T12:28:00.544" activeThreads="4">
  <mem-info id="525" free="57089272" total="838860800" percent="6">
    <mem type="nursery" free="7014040" total="209715200" percent="3">
      <mem type="allocate" free="7014040" total="136839168" percent="5" />
      <mem type="survivor" free="0" total="72876032" percent="0" />
    </mem>
    <mem type="tenure" free="50075232" total="629145600" percent="7">
      <mem type="soa" free="43783776" total="622854144" percent="7" />
      <mem type="loa" free="6291456" total="6291456" percent="100" />
    </mem>
    <remembered-set count="115" />
  </mem-info>
</gc-end>
<cycle-end id="526" type="global" contextid="517" timestamp="2022-02-02T12:28:00.544" />
<concurrent-kickoff id="527" timestamp="2022-02-02T12:28:00.544">
  <kickoff reason="threshold reached" targetBytes="132238596" thresholdFreeBytes="14066015"  remainingFree="7013928" tenureFreeBytes="50075232" nurseryFreeBytes="7013928" />
</concurrent-kickoff>
<allocation-satisfied id="528" threadId="0000000000016F00" bytesRequested="112" />
<af-end id="529" timestamp="2022-02-02T12:28:00.544" threadId="0000000000017908" success="true" from="nursery"/>
<exclusive-end id="530" timestamp="2022-02-02T12:28:00.544" durationms="589.027" />

<exclusive-start id="531" timestamp="2022-02-02T12:28:00.548" intervalms="592.532">
  <response-info timems="0.025" idlems="0.025" threads="0" lastid="0000000000016F00" lastname="main" />
</exclusive-start>
<cycle-start id="532" type="global" contextid="0" timestamp="2022-02-02T12:28:00.548" intervalms="592.497" />
<concurrent-start id="533" type="global mark" contextid="532" timestamp="2022-02-02T12:28:00.548">
</concurrent-start>
<exclusive-end id="534" timestamp="2022-02-02T12:28:00.548" durationms="0.042" />

<exclusive-start id="535" timestamp="2022-02-02T12:28:00.816" intervalms="268.192">
  <response-info timems="0.023" idlems="0.023" threads="0" lastid="0000000000016F00" lastname="main" />
</exclusive-start>
<af-start id="536" threadId="0000000000017908" totalBytesRequested="112" timestamp="2022-02-02T12:28:00.816" intervalms="860.751" type="nursery" />
<percolate-collect id="537" from="nursery" to="global" reason="insufficient remaining tenure space" timestamp="2022-02-02T12:28:00.816"/>
<concurrent-end id="538" type="global mark" contextid="532" timestamp="2022-02-02T12:28:00.816">
<gc-op id="539" type="trace" timems="268.133" contextid="532" timestamp="2022-02-02T12:28:00.816">
  <trace bytesTraced="97750848" workStackOverflowCount="0" />
  <card-cleaning reason="card cleaning threshold reached" bytesTraced="924" cardsCleaned="4" />
</gc-op>
</concurrent-end>

<gc-start id="540" type="global" contextid="532" timestamp="2022-02-02T12:28:00.816">
  <mem-info id="541" free="50075232" total="838860800" percent="5">
    <mem type="nursery" free="0" total="209715200" percent="0">
      <mem type="allocate" free="0" total="136839168" percent="0" />
      <mem type="survivor" free="0" total="72876032" percent="0" />
    </mem>
    <mem type="tenure" free="50075232" total="629145600" percent="7">
      <mem type="soa" free="43783776" total="622854144" percent="7" />
      <mem type="loa" free="6291456" total="6291456" percent="100" />
    </mem>
    <remembered-set count="115" />
  </mem-info>
</gc-start>
<allocation-stats totalBytes="7009856" >
  <allocated-bytes non-tlh="112" tlh="7009744" />
  <largest-consumer threadName="main" threadId="0000000000016F00" bytes="7009856" />
</allocation-stats>
<concurrent-halted id="542" timestamp="2022-02-02T12:28:00.816">
  <halted state="Tracing incomplete" status="clean trace" />
  <traced bytesTarget="132238596" bytesTotal="97751772" bytesByMutator="82473492" bytesByHelper="15278280" percent="73" />
  <cards cleaned="4" thresholdBytes="5541157" />
</concurrent-halted>
<gc-op id="543" type="tracing" timems="113.983" contextid="532" timestamp="2022-02-02T12:28:00.930">
  <trace bytesTraced="71499800" workStackOverflowCount="0" />
</gc-op>
<gc-op id="544" type="rs-scan" timems="0.616" contextid="532" timestamp="2022-02-02T12:28:00.931">
  <scan objectsFound="0" bytesTraced="8212" workStackOverflowCount="0" />
</gc-op>
<gc-op id="545" type="card-cleaning" timems="79.103" contextid="532" timestamp="2022-02-02T12:28:01.010">
  <card-cleaning cardsCleaned="2" bytesTraced="38105900" workStackOverflowCount="0" />
</gc-op>
<gc-op id="546" type="mark" timems="2.024" contextid="532" timestamp="2022-02-02T12:28:01.012">
  <trace-info objectcount="136687" scancount="85234" scanbytes="1978248" />
  <finalization candidates="371" enqueued="0" />
  <ownableSynchronizers candidates="1" cleared="0" />
  <references type="soft" candidates="882" cleared="0" enqueued="0" dynamicThreshold="2" maxThreshold="32" />
  <references type="weak" candidates="1702" cleared="0" enqueued="0" />
  <references type="phantom" candidates="50" cleared="0" enqueued="0" />
  <stringconstants candidates="6468" cleared="0"  />
  <object-monitors candidates="3" cleared="0"  />
</gc-op>
<gc-op id="547" type="sweep" timems="5.860" contextid="532" timestamp="2022-02-02T12:28:01.018" />
<gc-end id="548" type="global" contextid="532" durationms="201.920" usertimems="221.283" systemtimems="0.969" stalltimems="2.756" timestamp="2022-02-02T12:28:01.018" activeThreads="4">
  <mem-info id="549" free="50086776" total="838860800" percent="5">
    <mem type="nursery" free="1640" total="209715200" percent="0">
      <mem type="allocate" free="1640" total="136839168" percent="0" />
      <mem type="survivor" free="0" total="72876032" percent="0" />
    </mem>
    <mem type="tenure" free="50085136" total="629145600" percent="7" micro-fragmented="191660" macro-fragmented="27735676">
      <mem type="soa" free="43793680" total="622854144" percent="7" />
      <mem type="loa" free="6291456" total="6291456" percent="100" />
    </mem>
    <remembered-set count="115" />
  </mem-info>
</gc-end>
<cycle-end id="550" type="global" contextid="532" timestamp="2022-02-02T12:28:01.018" />
<concurrent-kickoff id="551" timestamp="2022-02-02T12:28:01.018">
  <kickoff reason="threshold reached" targetBytes="207357472" thresholdFreeBytes="21884758"  remainingFree="832" tenureFreeBytes="50085136" nurseryFreeBytes="832" />
</concurrent-kickoff>
<allocation-satisfied id="552" threadId="0000000000016F00" bytesRequested="112" />
<af-end id="553" timestamp="2022-02-02T12:28:01.018" threadId="0000000000017908" success="true" from="nursery"/>
<exclusive-end id="554" timestamp="2022-02-02T12:28:01.018" durationms="202.224" />

<exclusive-start id="555" timestamp="2022-02-02T12:28:01.018" intervalms="202.293">
  <response-info timems="0.020" idlems="0.020" threads="0" lastid="0000000000016F00" lastname="main" />
</exclusive-start>
<af-start id="556" threadId="0000000000017908" totalBytesRequested="208" timestamp="2022-02-02T12:28:01.018" intervalms="202.266" type="nursery" />
<percolate-collect id="557" from="nursery" to="global" reason="insufficient remaining tenure space" timestamp="2022-02-02T12:28:01.018"/>
<concurrent-aborted id="558" timestamp="2022-02-02T12:28:01.018">
  <reason value="insufficient progress made" />
</concurrent-aborted>
<cycle-end id="559" type="global" contextid="532" timestamp="2022-02-02T12:28:01.018" />
<cycle-start id="560" type="global" contextid="0" timestamp="2022-02-02T12:28:01.018" intervalms="470.520" />
<gc-start id="561" type="global" contextid="560" timestamp="2022-02-02T12:28:01.018">
  <mem-info id="562" free="50085136" total="838860800" percent="5">
    <mem type="nursery" free="0" total="209715200" percent="0">
      <mem type="allocate" free="0" total="136839168" percent="0" />
      <mem type="survivor" free="0" total="72876032" percent="0" />
    </mem>
    <mem type="tenure" free="50085136" total="629145600" percent="7">
      <mem type="soa" free="43793680" total="622854144" percent="7" />
      <mem type="loa" free="6291456" total="6291456" percent="100" />
    </mem>
    <remembered-set count="115" />
  </mem-info>
</gc-start>
<allocation-stats totalBytes="880" >
  <allocated-bytes non-tlh="112" tlh="768" />
  <largest-consumer threadName="main" threadId="0000000000016F00" bytes="880" />
</allocation-stats>
<gc-op id="563" type="mark" timems="288.774" contextid="560" timestamp="2022-02-02T12:28:01.307">
  <trace-info objectcount="13045644" scancount="9771880" scanbytes="209334016" />
  <finalization candidates="371" enqueued="0" />
  <ownableSynchronizers candidates="1" cleared="0" />
  <references type="soft" candidates="882" cleared="0" enqueued="0" dynamicThreshold="2" maxThreshold="32" />
  <references type="weak" candidates="1702" cleared="0" enqueued="0" />
  <references type="phantom" candidates="50" cleared="0" enqueued="0" />
  <stringconstants candidates="6468" cleared="0"  />
  <object-monitors candidates="3" cleared="0"  />
</gc-op>
<gc-op id="564" type="sweep" timems="6.080" contextid="560" timestamp="2022-02-02T12:28:01.313" />
<mem-info id="565" free="50085944" total="838860800" percent="5">
  <mem type="nursery" free="808" total="209715200" percent="0">
    <mem type="allocate" free="808" total="136839168" percent="0" />
    <mem type="survivor" free="0" total="72876032" percent="0" />
  </mem>
  <mem type="tenure" free="50085136" total="629145600" percent="7" micro-fragmented="191660" macro-fragmented="13375613">
    <mem type="soa" free="43793680" total="622854144" percent="7" />
    <mem type="loa" free="6291456" total="6291456" percent="100" />
  </mem>
  <remembered-set count="115" />
</mem-info>
<gc-op id="566" type="compact" timems="158.823" contextid="560" timestamp="2022-02-02T12:28:01.472">
  <compact-info movecount="235038" movebytes="13372960" reason="heap fragmented" />
</gc-op>
<gc-end id="567" type="global" contextid="560" durationms="453.975" usertimems="1119.899" systemtimems="6.728" stalltimems="675.552" timestamp="2022-02-02T12:28:01.472" activeThreads="4">
  <mem-info id="568" free="52096968" total="838860800" percent="6">
    <mem type="nursery" free="2026168" total="209715200" percent="0">
      <mem type="allocate" free="2026168" total="136839168" percent="1" />
      <mem type="survivor" free="0" total="72876032" percent="0" />
    </mem>
    <mem type="tenure" free="50070800" total="629145600" percent="7">
      <mem type="soa" free="43779344" total="622854144" percent="7" />
      <mem type="loa" free="6291456" total="6291456" percent="100" />
    </mem>
    <remembered-set count="115" />
  </mem-info>
</gc-end>
<cycle-end id="569" type="global" contextid="560" timestamp="2022-02-02T12:28:01.472" />
<concurrent-kickoff id="570" timestamp="2022-02-02T12:28:01.472">
  <kickoff reason="threshold reached" targetBytes="133371024" thresholdFreeBytes="14184360"  remainingFree="2025960" tenureFreeBytes="50070800" nurseryFreeBytes="2025960" />
</concurrent-kickoff>
<allocation-satisfied id="571" threadId="0000000000016F00" bytesRequested="208" />
<af-end id="572" timestamp="2022-02-02T12:28:01.472" threadId="0000000000017908" success="true" from="nursery"/>
<exclusive-end id="573" timestamp="2022-02-02T12:28:01.472" durationms="454.233" />

<exclusive-start id="574" timestamp="2022-02-02T12:28:01.475" intervalms="456.581">
  <response-info timems="0.020" idlems="0.020" threads="0" lastid="0000000000016F00" lastname="main" />
</exclusive-start>
<cycle-start id="575" type="global" contextid="0" timestamp="2022-02-02T12:28:01.475" intervalms="456.531" />
<concurrent-start id="576" type="global mark" contextid="575" timestamp="2022-02-02T12:28:01.475">
</concurrent-start>
<exclusive-end id="577" timestamp="2022-02-02T12:28:01.475" durationms="0.023" />

<exclusive-start id="578" timestamp="2022-02-02T12:28:01.554" intervalms="79.292">
  <response-info timems="0.024" idlems="0.024" threads="0" lastid="0000000000016F00" lastname="main" />
</exclusive-start>
<af-start id="579" threadId="0000000000017908" totalBytesRequested="24" timestamp="2022-02-02T12:28:01.554" intervalms="535.913" type="nursery" />
<percolate-collect id="580" from="nursery" to="global" reason="insufficient remaining tenure space" timestamp="2022-02-02T12:28:01.554"/>
<concurrent-end id="581" type="global mark" contextid="575" timestamp="2022-02-02T12:28:01.554">
<gc-op id="582" type="trace" timems="79.250" contextid="575" timestamp="2022-02-02T12:28:01.554">
  <trace bytesTraced="29241296" workStackOverflowCount="0" />
  <card-cleaning reason="card cleaning threshold reached" bytesTraced="924" cardsCleaned="4" />
</gc-op>
</concurrent-end>

<gc-start id="583" type="global" contextid="575" timestamp="2022-02-02T12:28:01.554">
  <mem-info id="584" free="50070800" total="838860800" percent="5">
    <mem type="nursery" free="0" total="209715200" percent="0">
      <mem type="allocate" free="0" total="136839168" percent="0" />
      <mem type="survivor" free="0" total="72876032" percent="0" />
    </mem>
    <mem type="tenure" free="50070800" total="629145600" percent="7">
      <mem type="soa" free="43779344" total="622854144" percent="7" />
      <mem type="loa" free="6291456" total="6291456" percent="100" />
    </mem>
    <remembered-set count="115" />
  </mem-info>
</gc-start>
<allocation-stats totalBytes="2024432" >
  <allocated-bytes non-tlh="208" tlh="2024224" />
  <largest-consumer threadName="main" threadId="0000000000016F00" bytes="2024432" />
</allocation-stats>
<concurrent-halted id="585" timestamp="2022-02-02T12:28:01.554">
  <halted state="Tracing incomplete" status="clean trace" />
  <traced bytesTarget="133371024" bytesTotal="29242220" bytesByMutator="23118592" bytesByHelper="6123628" percent="21" />
  <cards cleaned="4" thresholdBytes="5587778" />
</concurrent-halted>
<gc-op id="586" type="tracing" timems="224.817" contextid="575" timestamp="2022-02-02T12:28:01.779">
  <trace bytesTraced="140009352" workStackOverflowCount="0" />
</gc-op>
<gc-op id="587" type="rs-scan" timems="0.569" contextid="575" timestamp="2022-02-02T12:28:01.780">
  <scan objectsFound="0" bytesTraced="8212" workStackOverflowCount="0" />
</gc-op>
<gc-op id="588" type="card-cleaning" timems="76.685" contextid="575" timestamp="2022-02-02T12:28:01.856">
  <card-cleaning cardsCleaned="2" bytesTraced="38489772" workStackOverflowCount="0" />
</gc-op>
<gc-op id="589" type="mark" timems="1.676" contextid="575" timestamp="2022-02-02T12:28:01.858">
  <trace-info objectcount="136688" scancount="85235" scanbytes="1978272" />
  <finalization candidates="371" enqueued="0" />
  <ownableSynchronizers candidates="1" cleared="0" />
  <references type="soft" candidates="882" cleared="0" enqueued="0" dynamicThreshold="2" maxThreshold="32" />
  <references type="weak" candidates="1702" cleared="0" enqueued="0" />
  <references type="phantom" candidates="50" cleared="0" enqueued="0" />
  <stringconstants candidates="6468" cleared="0"  />
  <object-monitors candidates="3" cleared="0"  />
</gc-op>
<gc-op id="590" type="sweep" timems="5.949" contextid="575" timestamp="2022-02-02T12:28:01.864" />
<gc-end id="591" type="global" contextid="575" durationms="310.034" usertimems="330.177" systemtimems="0.000" stalltimems="2.225" timestamp="2022-02-02T12:28:01.864" activeThreads="4">
  <mem-info id="592" free="50085656" total="838860800" percent="5">
    <mem type="nursery" free="808" total="209715200" percent="0">
      <mem type="allocate" free="808" total="136839168" percent="0" />
      <mem type="survivor" free="0" total="72876032" percent="0" />
    </mem>
    <mem type="tenure" free="50084848" total="629145600" percent="7" micro-fragmented="191660" macro-fragmented="39939376">
      <mem type="soa" free="43793392" total="622854144" percent="7" />
      <mem type="loa" free="6291456" total="6291456" percent="100" />
    </mem>
    <remembered-set count="115" />
  </mem-info>
</gc-end>
<cycle-end id="593" type="global" contextid="575" timestamp="2022-02-02T12:28:01.864" />
<concurrent-kickoff id="594" timestamp="2022-02-02T12:28:01.864">
  <kickoff reason="threshold reached" targetBytes="207741344" thresholdFreeBytes="21924816"  remainingFree="784" tenureFreeBytes="50084848" nurseryFreeBytes="784" />
</concurrent-kickoff>
<allocation-satisfied id="595" threadId="0000000000016F00" bytesRequested="24" />
<af-end id="596" timestamp="2022-02-02T12:28:01.864" threadId="0000000000017908" success="true" from="nursery"/>
<exclusive-end id="597" timestamp="2022-02-02T12:28:01.864" durationms="310.353" />

<exclusive-start id="598" timestamp="2022-02-02T12:28:01.864" intervalms="310.474">
  <response-info timems="0.056" idlems="0.056" threads="0" lastid="0000000000016F00" lastname="main" />
</exclusive-start>
<af-start id="599" threadId="0000000000017908" totalBytesRequested="104" timestamp="2022-02-02T12:28:01.864" intervalms="310.435" type="nursery" />
<percolate-collect id="600" from="nursery" to="global" reason="insufficient remaining tenure space" timestamp="2022-02-02T12:28:01.864"/>
<concurrent-aborted id="601" timestamp="2022-02-02T12:28:01.864">
  <reason value="insufficient progress made" />
</concurrent-aborted>
<cycle-end id="602" type="global" contextid="575" timestamp="2022-02-02T12:28:01.864" />
<cycle-start id="603" type="global" contextid="0" timestamp="2022-02-02T12:28:01.864" intervalms="389.837" />
<gc-start id="604" type="global" contextid="603" timestamp="2022-02-02T12:28:01.864">
  <mem-info id="605" free="50084848" total="838860800" percent="5">
    <mem type="nursery" free="0" total="209715200" percent="0">
      <mem type="allocate" free="0" total="136839168" percent="0" />
      <mem type="survivor" free="0" total="72876032" percent="0" />
    </mem>
    <mem type="tenure" free="50084848" total="629145600" percent="7">
      <mem type="soa" free="43793392" total="622854144" percent="7" />
      <mem type="loa" free="6291456" total="6291456" percent="100" />
    </mem>
    <remembered-set count="115" />
  </mem-info>
</gc-start>
<allocation-stats totalBytes="808" >
  <allocated-bytes non-tlh="24" tlh="784" />
  <largest-consumer threadName="main" threadId="0000000000016F00" bytes="808" />
</allocation-stats>
<gc-op id="606" type="mark" timems="296.008" contextid="603" timestamp="2022-02-02T12:28:02.161">
  <trace-info objectcount="13069639" scancount="9789891" scanbytes="209717952" />
  <finalization candidates="371" enqueued="0" />
  <ownableSynchronizers candidates="1" cleared="0" />
  <references type="soft" candidates="882" cleared="0" enqueued="0" dynamicThreshold="2" maxThreshold="32" />
  <references type="weak" candidates="1702" cleared="0" enqueued="0" />
  <references type="phantom" candidates="50" cleared="0" enqueued="0" />
  <stringconstants candidates="6468" cleared="0"  />
  <object-monitors candidates="3" cleared="0"  />
</gc-op>
<gc-op id="607" type="sweep" timems="6.061" contextid="603" timestamp="2022-02-02T12:28:02.167" />
<mem-info id="608" free="50084848" total="838860800" percent="5">
  <mem type="nursery" free="0" total="209715200" percent="0">
    <mem type="allocate" free="0" total="136839168" percent="0" />
    <mem type="survivor" free="0" total="72876032" percent="0" />
  </mem>
  <mem type="tenure" free="50084848" total="629145600" percent="7" micro-fragmented="191660" macro-fragmented="39939376">
    <mem type="soa" free="43793392" total="622854144" percent="7" />
    <mem type="loa" free="6291456" total="6291456" percent="100" />
  </mem>
  <remembered-set count="115" />
</mem-info>
<gc-op id="609" type="compact" timems="154.087" contextid="603" timestamp="2022-02-02T12:28:02.321">
  <compact-info movecount="23975" movebytes="1436136" reason="heap fragmented" />
</gc-op>
<gc-end id="610" type="global" contextid="603" durationms="456.432" usertimems="1193.485" systemtimems="0.000" stalltimems="621.675" timestamp="2022-02-02T12:28:02.321" activeThreads="4">
  <mem-info id="611" free="50660256" total="838860800" percent="6">
    <mem type="nursery" free="589456" total="209715200" percent="0">
      <mem type="allocate" free="589456" total="136839168" percent="0" />
      <mem type="survivor" free="0" total="72876032" percent="0" />
    </mem>
    <mem type="tenure" free="50070800" total="629145600" percent="7">
      <mem type="soa" free="43779344" total="622854144" percent="7" />
      <mem type="loa" free="6291456" total="6291456" percent="100" />
    </mem>
    <remembered-set count="115" />
  </mem-info>
</gc-end>
<cycle-end id="612" type="global" contextid="603" timestamp="2022-02-02T12:28:02.321" />
<concurrent-kickoff id="613" timestamp="2022-02-02T12:28:02.321">
  <kickoff reason="threshold reached" targetBytes="121460824" thresholdFreeBytes="12939682"  remainingFree="589352" tenureFreeBytes="50070800" nurseryFreeBytes="589352" />
</concurrent-kickoff>
<allocation-satisfied id="614" threadId="0000000000016F00" bytesRequested="104" />
<af-end id="615" timestamp="2022-02-02T12:28:02.321" threadId="0000000000017908" success="true" from="nursery"/>
<exclusive-end id="616" timestamp="2022-02-02T12:28:02.321" durationms="456.710" />

<exclusive-start id="617" timestamp="2022-02-02T12:28:02.323" intervalms="459.065">
  <response-info timems="0.019" idlems="0.019" threads="0" lastid="0000000000016F00" lastname="main" />
</exclusive-start>
<cycle-start id="618" type="global" contextid="0" timestamp="2022-02-02T12:28:02.323" intervalms="459.004" />
<concurrent-start id="619" type="global mark" contextid="618" timestamp="2022-02-02T12:28:02.323">
</concurrent-start>
<exclusive-end id="620" timestamp="2022-02-02T12:28:02.323" durationms="0.033" />

<exclusive-start id="621" timestamp="2022-02-02T12:28:02.332" intervalms="8.737">
  <response-info timems="0.022" idlems="0.022" threads="0" lastid="0000000000016F00" lastname="main" />
</exclusive-start>
<af-start id="622" threadId="0000000000017908" totalBytesRequested="112" timestamp="2022-02-02T12:28:02.332" intervalms="467.827" type="nursery" />
<percolate-collect id="623" from="nursery" to="global" reason="insufficient remaining tenure space" timestamp="2022-02-02T12:28:02.332"/>
<concurrent-end id="624" type="global mark" contextid="618" timestamp="2022-02-02T12:28:02.332">
<gc-op id="625" type="trace" timems="8.687" contextid="618" timestamp="2022-02-02T12:28:02.332">
  <trace bytesTraced="3869520" workStackOverflowCount="0" />
  <card-cleaning reason="card cleaning threshold reached" bytesTraced="376" cardsCleaned="2" />
</gc-op>
</concurrent-end>

<gc-start id="626" type="global" contextid="618" timestamp="2022-02-02T12:28:02.332">
  <mem-info id="627" free="50070800" total="838860800" percent="5">
    <mem type="nursery" free="0" total="209715200" percent="0">
      <mem type="allocate" free="0" total="136839168" percent="0" />
      <mem type="survivor" free="0" total="72876032" percent="0" />
    </mem>
    <mem type="tenure" free="50070800" total="629145600" percent="7">
      <mem type="soa" free="43779344" total="622854144" percent="7" />
      <mem type="loa" free="6291456" total="6291456" percent="100" />
    </mem>
    <remembered-set count="115" />
  </mem-info>
</gc-start>
<allocation-stats totalBytes="588560" >
  <allocated-bytes non-tlh="104" tlh="588456" />
  <largest-consumer threadName="main" threadId="0000000000016F00" bytes="588560" />
</allocation-stats>
<concurrent-halted id="628" timestamp="2022-02-02T12:28:02.332">
  <halted state="Tracing incomplete" status="clean trace" />
  <traced bytesTarget="121460824" bytesTotal="3869896" bytesByMutator="1761328" bytesByHelper="2108568" percent="3" />
  <cards cleaned="2" thresholdBytes="5097450" />
</concurrent-halted>
<gc-op id="629" type="tracing" timems="296.866" contextid="618" timestamp="2022-02-02T12:28:02.629">
  <trace bytesTraced="165381128" workStackOverflowCount="0" />
</gc-op>
<gc-op id="630" type="rs-scan" timems="0.539" contextid="618" timestamp="2022-02-02T12:28:02.630">
  <scan objectsFound="0" bytesTraced="8212" workStackOverflowCount="0" />
</gc-op>
<gc-op id="631" type="card-cleaning" timems="79.397" contextid="618" timestamp="2022-02-02T12:28:02.709">
  <card-cleaning cardsCleaned="2" bytesTraced="38591596" workStackOverflowCount="0" />
</gc-op>
<gc-op id="632" type="mark" timems="1.886" contextid="618" timestamp="2022-02-02T12:28:02.711">
  <trace-info objectcount="136687" scancount="85234" scanbytes="1978248" />
  <finalization candidates="371" enqueued="0" />
  <ownableSynchronizers candidates="1" cleared="0" />
  <references type="soft" candidates="882" cleared="0" enqueued="0" dynamicThreshold="2" maxThreshold="32" />
  <references type="weak" candidates="1702" cleared="0" enqueued="0" />
  <references type="phantom" candidates="50" cleared="0" enqueued="0" />
  <stringconstants candidates="6468" cleared="0"  />
  <object-monitors candidates="3" cleared="0"  />
</gc-op>
<gc-op id="633" type="sweep" timems="6.207" contextid="618" timestamp="2022-02-02T12:28:02.717" />
<gc-end id="634" type="global" contextid="618" durationms="385.204" usertimems="690.557" systemtimems="10.024" stalltimems="2.920" timestamp="2022-02-02T12:28:02.718" activeThreads="4">
  <mem-info id="635" free="50084848" total="838860800" percent="5">
    <mem type="nursery" free="0" total="209715200" percent="0">
      <mem type="allocate" free="0" total="136839168" percent="0" />
      <mem type="survivor" free="0" total="72876032" percent="0" />
    </mem>
    <mem type="tenure" free="50084848" total="629145600" percent="7" micro-fragmented="191660" macro-fragmented="23113062">
      <mem type="soa" free="43793392" total="622854144" percent="7" />
      <mem type="loa" free="6291456" total="6291456" percent="100" />
    </mem>
    <remembered-set count="115" />
  </mem-info>
</gc-end>
<cycle-end id="636" type="global" contextid="618" timestamp="2022-02-02T12:28:02.718" />
<percolate-collect id="637" from="nursery" to="global" reason="insufficient remaining tenure space" timestamp="2022-02-02T12:28:02.718"/>
<cycle-start id="638" type="global" contextid="0" timestamp="2022-02-02T12:28:02.718" intervalms="394.231" />
<gc-start id="639" type="global" contextid="638" timestamp="2022-02-02T12:28:02.718">
  <mem-info id="640" free="50084848" total="838860800" percent="5">
    <mem type="nursery" free="0" total="209715200" percent="0">
      <mem type="allocate" free="0" total="136839168" percent="0" />
      <mem type="survivor" free="0" total="72876032" percent="0" />
    </mem>
    <mem type="tenure" free="50084848" total="629145600" percent="7">
      <mem type="soa" free="43793392" total="622854144" percent="7" />
      <mem type="loa" free="6291456" total="6291456" percent="100" />
    </mem>
    <remembered-set count="115" />
  </mem-info>
</gc-start>
<allocation-stats totalBytes="0" >
  <allocated-bytes non-tlh="0" tlh="0" />
</allocation-stats>
<gc-op id="641" type="mark" timems="279.863" contextid="638" timestamp="2022-02-02T12:28:02.998">
  <trace-info objectcount="13075991" scancount="9794635" scanbytes="209819584" />
  <finalization candidates="371" enqueued="0" />
  <ownableSynchronizers candidates="1" cleared="0" />
  <references type="soft" candidates="882" cleared="0" enqueued="0" dynamicThreshold="2" maxThreshold="32" />
  <references type="weak" candidates="1702" cleared="0" enqueued="0" />
  <references type="phantom" candidates="50" cleared="0" enqueued="0" />
  <stringconstants candidates="6468" cleared="0"  />
  <object-monitors candidates="3" cleared="0"  />
</gc-op>
<gc-op id="642" type="sweep" timems="5.714" contextid="638" timestamp="2022-02-02T12:28:03.003" />
<gc-end id="643" type="global" contextid="638" durationms="285.700" usertimems="478.377" systemtimems="3.087" stalltimems="659.205" timestamp="2022-02-02T12:28:03.003" activeThreads="4">
  <mem-info id="644" free="50084848" total="838860800" percent="5">
    <mem type="nursery" free="0" total="209715200" percent="0">
      <mem type="allocate" free="0" total="136839168" percent="0" />
      <mem type="survivor" free="0" total="72876032" percent="0" />
    </mem>
    <mem type="tenure" free="50084848" total="629145600" percent="7" micro-fragmented="191660" macro-fragmented="27735676">
      <mem type="soa" free="43793392" total="622854144" percent="7" />
      <mem type="loa" free="6291456" total="6291456" percent="100" />
    </mem>
    <remembered-set count="115" />
  </mem-info>
</gc-end>
<cycle-end id="645" type="global" contextid="638" timestamp="2022-02-02T12:28:03.004" />
<allocation-satisfied id="646" threadId="0000000000016F00" bytesRequested="112" />
<af-end id="647" timestamp="2022-02-02T12:28:03.004" threadId="0000000000017908" success="true" from="tenure-soa"/>
<exclusive-end id="648" timestamp="2022-02-02T12:28:03.004" durationms="671.374" />

<exclusive-start id="649" timestamp="2022-02-02T12:28:03.004" intervalms="671.411">
  <response-info timems="0.016" idlems="0.016" threads="0" lastid="0000000000016F00" lastname="main" />
</exclusive-start>
<af-start id="650" threadId="0000000000017908" totalBytesRequested="208" timestamp="2022-02-02T12:28:03.004" intervalms="671.381" type="nursery" />
<percolate-collect id="651" from="nursery" to="global" reason="insufficient remaining tenure space" timestamp="2022-02-02T12:28:03.004"/>
<cycle-start id="652" type="global" contextid="0" timestamp="2022-02-02T12:28:03.004" intervalms="285.938" />
<gc-start id="653" type="global" contextid="652" timestamp="2022-02-02T12:28:03.004">
  <mem-info id="654" free="50084056" total="838860800" percent="5">
    <mem type="nursery" free="0" total="209715200" percent="0">
      <mem type="allocate" free="0" total="136839168" percent="0" />
      <mem type="survivor" free="0" total="72876032" percent="0" />
    </mem>
    <mem type="tenure" free="50084056" total="629145600" percent="7">
      <mem type="soa" free="43792600" total="622854144" percent="7" />
      <mem type="loa" free="6291456" total="6291456" percent="100" />
    </mem>
    <remembered-set count="115" />
  </mem-info>
</gc-start>
<allocation-stats totalBytes="112" >
  <allocated-bytes non-tlh="112" tlh="0" />
  <largest-consumer threadName="main" threadId="0000000000016F00" bytes="112" />
</allocation-stats>
<gc-op id="655" type="mark" timems="317.016" contextid="652" timestamp="2022-02-02T12:28:03.321">
  <trace-info objectcount="13075992" scancount="9794632" scanbytes="209819584" />
  <finalization candidates="371" enqueued="0" />
  <ownableSynchronizers candidates="1" cleared="0" />
  <references type="soft" candidates="882" cleared="0" enqueued="0" dynamicThreshold="2" maxThreshold="32" />
  <references type="weak" candidates="1702" cleared="0" enqueued="0" />
  <references type="phantom" candidates="50" cleared="0" enqueued="0" />
  <stringconstants candidates="6468" cleared="0"  />
  <object-monitors candidates="3" cleared="0"  />
</gc-op>
<gc-op id="656" type="sweep" timems="5.693" contextid="652" timestamp="2022-02-02T12:28:03.326" />
<gc-end id="657" type="global" contextid="652" durationms="322.857" usertimems="346.895" systemtimems="0.917" stalltimems="943.199" timestamp="2022-02-02T12:28:03.327" activeThreads="4">
  <mem-info id="658" free="50084056" total="838860800" percent="5">
    <mem type="nursery" free="0" total="209715200" percent="0">
      <mem type="allocate" free="0" total="136839168" percent="0" />
      <mem type="survivor" free="0" total="72876032" percent="0" />
    </mem>
    <mem type="tenure" free="50084056" total="629145600" percent="7" micro-fragmented="191660" macro-fragmented="33282812">
      <mem type="soa" free="43792600" total="622854144" percent="7" />
      <mem type="loa" free="6291456" total="6291456" percent="100" />
    </mem>
    <remembered-set count="115" />
  </mem-info>
</gc-end>
<cycle-end id="659" type="global" contextid="652" timestamp="2022-02-02T12:28:03.327" />
<percolate-collect id="660" from="nursery" to="global" reason="insufficient remaining tenure space" timestamp="2022-02-02T12:28:03.327"/>
<cycle-start id="661" type="global" contextid="0" timestamp="2022-02-02T12:28:03.327" intervalms="323.092" />
<gc-start id="662" type="global" contextid="661" timestamp="2022-02-02T12:28:03.327">
  <mem-info id="663" free="50084056" total="838860800" percent="5">
    <mem type="nursery" free="0" total="209715200" percent="0">
      <mem type="allocate" free="0" total="136839168" percent="0" />
      <mem type="survivor" free="0" total="72876032" percent="0" />
    </mem>
    <mem type="tenure" free="50084056" total="629145600" percent="7">
      <mem type="soa" free="43792600" total="622854144" percent="7" />
      <mem type="loa" free="6291456" total="6291456" percent="100" />
    </mem>
    <remembered-set count="115" />
  </mem-info>
</gc-start>
<allocation-stats totalBytes="0" >
  <allocated-bytes non-tlh="0" tlh="0" />
</allocation-stats>
<gc-op id="664" type="mark" timems="292.436" contextid="661" timestamp="2022-02-02T12:28:03.619">
  <trace-info objectcount="13075992" scancount="9794672" scanbytes="209819584" />
  <finalization candidates="371" enqueued="0" />
  <ownableSynchronizers candidates="1" cleared="0" />
  <references type="soft" candidates="882" cleared="0" enqueued="0" dynamicThreshold="2" maxThreshold="32" />
  <references type="weak" candidates="1702" cleared="0" enqueued="0" />
  <references type="phantom" candidates="50" cleared="0" enqueued="0" />
  <stringconstants candidates="6468" cleared="0"  />
  <object-monitors candidates="3" cleared="0"  />
</gc-op>
<gc-op id="665" type="sweep" timems="5.761" contextid="661" timestamp="2022-02-02T12:28:03.625" />
<gc-end id="666" type="global" contextid="661" durationms="298.334" usertimems="566.194" systemtimems="0.000" stalltimems="622.832" timestamp="2022-02-02T12:28:03.625" activeThreads="4">
  <mem-info id="667" free="50084056" total="838860800" percent="5">
    <mem type="nursery" free="0" total="209715200" percent="0">
      <mem type="allocate" free="0" total="136839168" percent="0" />
      <mem type="survivor" free="0" total="72876032" percent="0" />
    </mem>
    <mem type="tenure" free="50084056" total="629145600" percent="7" micro-fragmented="191660" macro-fragmented="33282812">
      <mem type="soa" free="43792600" total="622854144" percent="7" />
      <mem type="loa" free="6291456" total="6291456" percent="100" />
    </mem>
    <remembered-set count="115" />
  </mem-info>
</gc-end>
<cycle-end id="668" type="global" contextid="661" timestamp="2022-02-02T12:28:03.625" />
<allocation-satisfied id="669" threadId="0000000000016F00" bytesRequested="208" />
<af-end id="670" timestamp="2022-02-02T12:28:03.625" threadId="0000000000017908" success="true" from="tenure-soa"/>
<exclusive-end id="671" timestamp="2022-02-02T12:28:03.625" durationms="621.668" />

<exclusive-start id="672" timestamp="2022-02-02T12:28:03.625" intervalms="621.744">
  <response-info timems="0.049" idlems="0.049" threads="0" lastid="0000000000016F00" lastname="main" />
</exclusive-start>
<af-start id="673" threadId="0000000000017908" totalBytesRequested="24" timestamp="2022-02-02T12:28:03.625" intervalms="621.745" type="nursery" />
<percolate-collect id="674" from="nursery" to="global" reason="insufficient remaining tenure space" timestamp="2022-02-02T12:28:03.625"/>
<cycle-start id="675" type="global" contextid="0" timestamp="2022-02-02T12:28:03.625" intervalms="298.675" />
<gc-start id="676" type="global" contextid="675" timestamp="2022-02-02T12:28:03.625">
  <mem-info id="677" free="50083288" total="838860800" percent="5">
    <mem type="nursery" free="0" total="209715200" percent="0">
      <mem type="allocate" free="0" total="136839168" percent="0" />
      <mem type="survivor" free="0" total="72876032" percent="0" />
    </mem>
    <mem type="tenure" free="50083288" total="629145600" percent="7">
      <mem type="soa" free="43791832" total="622854144" percent="7" />
      <mem type="loa" free="6291456" total="6291456" percent="100" />
    </mem>
    <remembered-set count="115" />
  </mem-info>
</gc-start>
<allocation-stats totalBytes="208" >
  <allocated-bytes non-tlh="208" tlh="0" />
  <largest-consumer threadName="main" threadId="0000000000016F00" bytes="208" />
</allocation-stats>
<gc-op id="678" type="mark" timems="291.194" contextid="675" timestamp="2022-02-02T12:28:03.917">
  <trace-info objectcount="13075992" scancount="9794646" scanbytes="209819584" />
  <finalization candidates="371" enqueued="0" />
  <ownableSynchronizers candidates="1" cleared="0" />
  <references type="soft" candidates="882" cleared="0" enqueued="0" dynamicThreshold="2" maxThreshold="32" />
  <references type="weak" candidates="1702" cleared="0" enqueued="0" />
  <references type="phantom" candidates="50" cleared="0" enqueued="0" />
  <stringconstants candidates="6468" cleared="0"  />
  <object-monitors candidates="3" cleared="0"  />
</gc-op>
<gc-op id="679" type="sweep" timems="5.866" contextid="675" timestamp="2022-02-02T12:28:03.923" />
<gc-end id="680" type="global" contextid="675" durationms="297.190" usertimems="523.382" systemtimems="6.187" stalltimems="657.449" timestamp="2022-02-02T12:28:03.923" activeThreads="4">
  <mem-info id="681" free="50084080" total="838860800" percent="5">
    <mem type="nursery" free="0" total="209715200" percent="0">
      <mem type="allocate" free="0" total="136839168" percent="0" />
      <mem type="survivor" free="0" total="72876032" percent="0" />
    </mem>
    <mem type="tenure" free="50084080" total="629145600" percent="7" micro-fragmented="191660" macro-fragmented="33282812">
      <mem type="soa" free="43792624" total="622854144" percent="7" />
      <mem type="loa" free="6291456" total="6291456" percent="100" />
    </mem>
    <remembered-set count="115" />
  </mem-info>
</gc-end>
<cycle-end id="682" type="global" contextid="675" timestamp="2022-02-02T12:28:03.923" />
<percolate-collect id="683" from="nursery" to="global" reason="insufficient remaining tenure space" timestamp="2022-02-02T12:28:03.923"/>
<cycle-start id="684" type="global" contextid="0" timestamp="2022-02-02T12:28:03.923" intervalms="297.376" />
<gc-start id="685" type="global" contextid="684" timestamp="2022-02-02T12:28:03.923">
  <mem-info id="686" free="50084080" total="838860800" percent="5">
    <mem type="nursery" free="0" total="209715200" percent="0">
      <mem type="allocate" free="0" total="136839168" percent="0" />
      <mem type="survivor" free="0" total="72876032" percent="0" />
    </mem>
    <mem type="tenure" free="50084080" total="629145600" percent="7">
      <mem type="soa" free="43792624" total="622854144" percent="7" />
      <mem type="loa" free="6291456" total="6291456" percent="100" />
    </mem>
    <remembered-set count="115" />
  </mem-info>
</gc-start>
<allocation-stats totalBytes="0" >
  <allocated-bytes non-tlh="0" tlh="0" />
</allocation-stats>
<gc-op id="687" type="mark" timems="293.774" contextid="684" timestamp="2022-02-02T12:28:04.217">
  <trace-info objectcount="13075992" scancount="9794690" scanbytes="209819584" />
  <finalization candidates="371" enqueued="0" />
  <ownableSynchronizers candidates="1" cleared="0" />
  <references type="soft" candidates="882" cleared="0" enqueued="0" dynamicThreshold="2" maxThreshold="32" />
  <references type="weak" candidates="1702" cleared="0" enqueued="0" />
  <references type="phantom" candidates="50" cleared="0" enqueued="0" />
  <stringconstants candidates="6468" cleared="0"  />
  <object-monitors candidates="3" cleared="0"  />
</gc-op>
<gc-op id="688" type="sweep" timems="5.762" contextid="684" timestamp="2022-02-02T12:28:04.222" />
<gc-end id="689" type="global" contextid="684" durationms="299.660" usertimems="521.373" systemtimems="0.000" stalltimems="673.213" timestamp="2022-02-02T12:28:04.222" activeThreads="4">
  <mem-info id="690" free="50084080" total="838860800" percent="5">
    <mem type="nursery" free="0" total="209715200" percent="0">
      <mem type="allocate" free="0" total="136839168" percent="0" />
      <mem type="survivor" free="0" total="72876032" percent="0" />
    </mem>
    <mem type="tenure" free="50084080" total="629145600" percent="7" micro-fragmented="191660" macro-fragmented="33282812">
      <mem type="soa" free="43792624" total="622854144" percent="7" />
      <mem type="loa" free="6291456" total="6291456" percent="100" />
    </mem>
    <remembered-set count="115" />
  </mem-info>
</gc-end>
<cycle-end id="691" type="global" contextid="684" timestamp="2022-02-02T12:28:04.223" />
<allocation-satisfied id="692" threadId="0000000000016F00" bytesRequested="24" />
<af-end id="693" timestamp="2022-02-02T12:28:04.223" threadId="0000000000017908" success="true" from="tenure-soa"/>
<exclusive-end id="694" timestamp="2022-02-02T12:28:04.223" durationms="597.297" />

<exclusive-start id="695" timestamp="2022-02-02T12:28:04.223" intervalms="597.340">
  <response-info timems="0.018" idlems="0.018" threads="0" lastid="0000000000016F00" lastname="main" />
</exclusive-start>
<af-start id="696" threadId="0000000000017908" totalBytesRequested="24" timestamp="2022-02-02T12:28:04.223" intervalms="597.355" type="nursery" />
<percolate-collect id="697" from="nursery" to="global" reason="insufficient remaining tenure space" timestamp="2022-02-02T12:28:04.223"/>
<cycle-start id="698" type="global" contextid="0" timestamp="2022-02-02T12:28:04.223" intervalms="299.963" />
<gc-start id="699" type="global" contextid="698" timestamp="2022-02-02T12:28:04.223">
  <mem-info id="700" free="50084056" total="838860800" percent="5">
    <mem type="nursery" free="0" total="209715200" percent="0">
      <mem type="allocate" free="0" total="136839168" percent="0" />
      <mem type="survivor" free="0" total="72876032" percent="0" />
    </mem>
    <mem type="tenure" free="50084056" total="629145600" percent="7">
      <mem type="soa" free="43792600" total="622854144" percent="7" />
      <mem type="loa" free="6291456" total="6291456" percent="100" />
    </mem>
    <remembered-set count="116" />
  </mem-info>
</gc-start>
<allocation-stats totalBytes="24" >
  <allocated-bytes non-tlh="24" tlh="0" />
  <largest-consumer threadName="main" threadId="0000000000016F00" bytes="24" />
</allocation-stats>
<gc-op id="701" type="mark" timems="303.597" contextid="698" timestamp="2022-02-02T12:28:04.526">
  <trace-info objectcount="13075993" scancount="9794650" scanbytes="209819608" />
  <finalization candidates="371" enqueued="0" />
  <ownableSynchronizers candidates="1" cleared="0" />
  <references type="soft" candidates="882" cleared="0" enqueued="0" dynamicThreshold="2" maxThreshold="32" />
  <references type="weak" candidates="1702" cleared="0" enqueued="0" />
  <references type="phantom" candidates="50" cleared="0" enqueued="0" />
  <stringconstants candidates="6468" cleared="0"  />
  <object-monitors candidates="3" cleared="0"  />
</gc-op>
<gc-op id="702" type="sweep" timems="12.763" contextid="698" timestamp="2022-02-02T12:28:04.539" />
<gc-end id="703" type="global" contextid="698" durationms="316.520" usertimems="480.405" systemtimems="7.431" stalltimems="756.573" timestamp="2022-02-02T12:28:04.539" activeThreads="4">
  <mem-info id="704" free="50084056" total="838860800" percent="5">
    <mem type="nursery" free="0" total="209715200" percent="0">
      <mem type="allocate" free="0" total="136839168" percent="0" />
      <mem type="survivor" free="0" total="72876032" percent="0" />
    </mem>
    <mem type="tenure" free="50084056" total="629145600" percent="7" micro-fragmented="191660" macro-fragmented="39939376">
      <mem type="soa" free="43792600" total="622854144" percent="7" />
      <mem type="loa" free="6291456" total="6291456" percent="100" />
    </mem>
    <remembered-set count="116" />
  </mem-info>
</gc-end>
<cycle-end id="705" type="global" contextid="698" timestamp="2022-02-02T12:28:04.539" />
<percolate-collect id="706" from="nursery" to="global" reason="insufficient remaining tenure space" timestamp="2022-02-02T12:28:04.539"/>
<cycle-start id="707" type="global" contextid="0" timestamp="2022-02-02T12:28:04.539" intervalms="316.742" />
<gc-start id="708" type="global" contextid="707" timestamp="2022-02-02T12:28:04.540">
  <mem-info id="709" free="50084056" total="838860800" percent="5">
    <mem type="nursery" free="0" total="209715200" percent="0">
      <mem type="allocate" free="0" total="136839168" percent="0" />
      <mem type="survivor" free="0" total="72876032" percent="0" />
    </mem>
    <mem type="tenure" free="50084056" total="629145600" percent="7">
      <mem type="soa" free="43792600" total="622854144" percent="7" />
      <mem type="loa" free="6291456" total="6291456" percent="100" />
    </mem>
    <remembered-set count="116" />
  </mem-info>
</gc-start>
<allocation-stats totalBytes="0" >
  <allocated-bytes non-tlh="0" tlh="0" />
</allocation-stats>
<gc-op id="710" type="mark" timems="355.077" contextid="707" timestamp="2022-02-02T12:28:04.895">
  <trace-info objectcount="13075993" scancount="9794650" scanbytes="209819608" />
  <finalization candidates="371" enqueued="0" />
  <ownableSynchronizers candidates="1" cleared="0" />
  <references type="soft" candidates="882" cleared="0" enqueued="0" dynamicThreshold="2" maxThreshold="32" />
  <references type="weak" candidates="1702" cleared="0" enqueued="0" />
  <references type="phantom" candidates="50" cleared="0" enqueued="0" />
  <stringconstants candidates="6468" cleared="0"  />
  <object-monitors candidates="3" cleared="0"  />
</gc-op>
<gc-op id="711" type="sweep" timems="8.635" contextid="707" timestamp="2022-02-02T12:28:04.903" />
<gc-end id="712" type="global" contextid="707" durationms="363.907" usertimems="386.459" systemtimems="0.268" stalltimems="1059.480" timestamp="2022-02-02T12:28:04.903" activeThreads="4">
  <mem-info id="713" free="50084056" total="838860800" percent="5">
    <mem type="nursery" free="0" total="209715200" percent="0">
      <mem type="allocate" free="0" total="136839168" percent="0" />
      <mem type="survivor" free="0" total="72876032" percent="0" />
    </mem>
    <mem type="tenure" free="50084056" total="629145600" percent="7" micro-fragmented="191660" macro-fragmented="33282812">
      <mem type="soa" free="43792600" total="622854144" percent="7" />
      <mem type="loa" free="6291456" total="6291456" percent="100" />
    </mem>
    <remembered-set count="116" />
  </mem-info>
</gc-end>
<cycle-end id="714" type="global" contextid="707" timestamp="2022-02-02T12:28:04.904" />
<allocation-satisfied id="715" threadId="0000000000016F00" bytesRequested="24" />
<af-end id="716" timestamp="2022-02-02T12:28:04.904" threadId="0000000000017908" success="true" from="tenure-soa"/>
<exclusive-end id="717" timestamp="2022-02-02T12:28:04.904" durationms="681.000" />

<exclusive-start id="718" timestamp="2022-02-02T12:28:04.904" intervalms="681.102">
  <response-info timems="0.030" idlems="0.030" threads="0" lastid="0000000000016F00" lastname="main" />
</exclusive-start>
<af-start id="719" threadId="0000000000017908" totalBytesRequested="16" timestamp="2022-02-02T12:28:04.904" intervalms="681.094" type="nursery" />
<percolate-collect id="720" from="nursery" to="global" reason="insufficient remaining tenure space" timestamp="2022-02-02T12:28:04.904"/>
<cycle-start id="721" type="global" contextid="0" timestamp="2022-02-02T12:28:04.904" intervalms="364.367" />
<gc-start id="722" type="global" contextid="721" timestamp="2022-02-02T12:28:04.904">
  <mem-info id="723" free="50083288" total="838860800" percent="5">
    <mem type="nursery" free="0" total="209715200" percent="0">
      <mem type="allocate" free="0" total="136839168" percent="0" />
      <mem type="survivor" free="0" total="72876032" percent="0" />
    </mem>
    <mem type="tenure" free="50083288" total="629145600" percent="7">
      <mem type="soa" free="43791832" total="622854144" percent="7" />
      <mem type="loa" free="6291456" total="6291456" percent="100" />
    </mem>
    <remembered-set count="117" />
  </mem-info>
</gc-start>
<allocation-stats totalBytes="24" >
  <allocated-bytes non-tlh="24" tlh="0" />
  <largest-consumer threadName="main" threadId="0000000000016F00" bytes="24" />
</allocation-stats>
<gc-op id="724" type="mark" timems="473.110" contextid="721" timestamp="2022-02-02T12:28:05.377">
  <trace-info objectcount="13075994" scancount="9794692" scanbytes="209819632" />
  <finalization candidates="371" enqueued="0" />
  <ownableSynchronizers candidates="1" cleared="0" />
  <references type="soft" candidates="882" cleared="0" enqueued="0" dynamicThreshold="2" maxThreshold="32" />
  <references type="weak" candidates="1702" cleared="0" enqueued="0" />
  <references type="phantom" candidates="50" cleared="0" enqueued="0" />
  <stringconstants candidates="6468" cleared="0"  />
  <object-monitors candidates="3" cleared="0"  />
</gc-op>
<gc-op id="725" type="sweep" timems="12.640" contextid="721" timestamp="2022-02-02T12:28:05.390" />
<gc-end id="726" type="global" contextid="721" durationms="485.915" usertimems="1356.304" systemtimems="48.178" stalltimems="512.113" timestamp="2022-02-02T12:28:05.390" activeThreads="4">
  <mem-info id="727" free="50083288" total="838860800" percent="5">
    <mem type="nursery" free="0" total="209715200" percent="0">
      <mem type="allocate" free="0" total="136839168" percent="0" />
      <mem type="survivor" free="0" total="72876032" percent="0" />
    </mem>
    <mem type="tenure" free="50083288" total="629145600" percent="7" micro-fragmented="191660" macro-fragmented="23113062">
      <mem type="soa" free="43791832" total="622854144" percent="7" />
      <mem type="loa" free="6291456" total="6291456" percent="100" />
    </mem>
    <remembered-set count="117" />
  </mem-info>
</gc-end>
<cycle-end id="728" type="global" contextid="721" timestamp="2022-02-02T12:28:05.390" />
<percolate-collect id="729" from="nursery" to="global" reason="insufficient remaining tenure space" timestamp="2022-02-02T12:28:05.390"/>
<cycle-start id="730" type="global" contextid="0" timestamp="2022-02-02T12:28:05.390" intervalms="486.117" />
<gc-start id="731" type="global" contextid="730" timestamp="2022-02-02T12:28:05.390">
  <mem-info id="732" free="50083288" total="838860800" percent="5">
    <mem type="nursery" free="0" total="209715200" percent="0">
      <mem type="allocate" free="0" total="136839168" percent="0" />
      <mem type="survivor" free="0" total="72876032" percent="0" />
    </mem>
    <mem type="tenure" free="50083288" total="629145600" percent="7">
      <mem type="soa" free="43791832" total="622854144" percent="7" />
      <mem type="loa" free="6291456" total="6291456" percent="100" />
    </mem>
    <remembered-set count="117" />
  </mem-info>
</gc-start>
<allocation-stats totalBytes="0" >
  <allocated-bytes non-tlh="0" tlh="0" />
</allocation-stats>
<gc-op id="733" type="mark" timems="306.579" contextid="730" timestamp="2022-02-02T12:28:05.697">
  <trace-info objectcount="13075994" scancount="9794666" scanbytes="209819632" />
  <finalization candidates="371" enqueued="0" />
  <ownableSynchronizers candidates="1" cleared="0" />
  <references type="soft" candidates="882" cleared="0" enqueued="0" dynamicThreshold="2" maxThreshold="32" />
  <references type="weak" candidates="1702" cleared="0" enqueued="0" />
  <references type="phantom" candidates="50" cleared="0" enqueued="0" />
  <stringconstants candidates="6468" cleared="0"  />
  <object-monitors candidates="3" cleared="0"  />
</gc-op>
<gc-op id="734" type="sweep" timems="5.725" contextid="730" timestamp="2022-02-02T12:28:05.702" />
<gc-end id="735" type="global" contextid="730" durationms="312.432" usertimems="569.619" systemtimems="3.462" stalltimems="674.287" timestamp="2022-02-02T12:28:05.702" activeThreads="4">
  <mem-info id="736" free="50083288" total="838860800" percent="5">
    <mem type="nursery" free="0" total="209715200" percent="0">
      <mem type="allocate" free="0" total="136839168" percent="0" />
      <mem type="survivor" free="0" total="72876032" percent="0" />
    </mem>
    <mem type="tenure" free="50083288" total="629145600" percent="7" micro-fragmented="191660" macro-fragmented="33282812">
      <mem type="soa" free="43791832" total="622854144" percent="7" />
      <mem type="loa" free="6291456" total="6291456" percent="100" />
    </mem>
    <remembered-set count="117" />
  </mem-info>
</gc-end>
<cycle-end id="737" type="global" contextid="730" timestamp="2022-02-02T12:28:05.703" />
<allocation-satisfied id="738" threadId="0000000000016F00" bytesRequested="16" />
<af-end id="739" timestamp="2022-02-02T12:28:05.703" threadId="0000000000017908" success="true" from="tenure-soa"/>
<exclusive-end id="740" timestamp="2022-02-02T12:28:05.703" durationms="798.779" />

<exclusive-start id="741" timestamp="2022-02-02T12:28:05.703" intervalms="798.879">
  <response-info timems="0.018" idlems="0.018" threads="0" lastid="0000000000016F00" lastname="main" />
</exclusive-start>
<af-start id="742" threadId="0000000000017908" totalBytesRequested="112" timestamp="2022-02-02T12:28:05.703" intervalms="798.890" type="nursery" />
<percolate-collect id="743" from="nursery" to="global" reason="insufficient remaining tenure space" timestamp="2022-02-02T12:28:05.703"/>
<cycle-start id="744" type="global" contextid="0" timestamp="2022-02-02T12:28:05.703" intervalms="312.756" />
<gc-start id="745" type="global" contextid="744" timestamp="2022-02-02T12:28:05.703">
  <mem-info id="746" free="50082520" total="838860800" percent="5">
    <mem type="nursery" free="0" total="209715200" percent="0">
      <mem type="allocate" free="0" total="136839168" percent="0" />
      <mem type="survivor" free="0" total="72876032" percent="0" />
    </mem>
    <mem type="tenure" free="50082520" total="629145600" percent="7">
      <mem type="soa" free="43791064" total="622854144" percent="7" />
      <mem type="loa" free="6291456" total="6291456" percent="100" />
    </mem>
    <remembered-set count="118" />
  </mem-info>
</gc-start>
<allocation-stats totalBytes="16" >
  <allocated-bytes non-tlh="16" tlh="0" />
  <largest-consumer threadName="main" threadId="0000000000016F00" bytes="16" />
</allocation-stats>
<gc-op id="747" type="mark" timems="295.988" contextid="744" timestamp="2022-02-02T12:28:05.999">
  <trace-info objectcount="13075995" scancount="9794662" scanbytes="209819648" />
  <finalization candidates="371" enqueued="0" />
  <ownableSynchronizers candidates="1" cleared="0" />
  <references type="soft" candidates="882" cleared="0" enqueued="0" dynamicThreshold="2" maxThreshold="32" />
  <references type="weak" candidates="1702" cleared="0" enqueued="0" />
  <references type="phantom" candidates="50" cleared="0" enqueued="0" />
  <stringconstants candidates="6468" cleared="0"  />
  <object-monitors candidates="3" cleared="0"  />
</gc-op>
<gc-op id="748" type="sweep" timems="5.912" contextid="744" timestamp="2022-02-02T12:28:06.005" />
<gc-end id="749" type="global" contextid="744" durationms="302.065" usertimems="558.705" systemtimems="1.684" stalltimems="646.358" timestamp="2022-02-02T12:28:06.005" activeThreads="4">
  <mem-info id="750" free="50082520" total="838860800" percent="5">
    <mem type="nursery" free="0" total="209715200" percent="0">
      <mem type="allocate" free="0" total="136839168" percent="0" />
      <mem type="survivor" free="0" total="72876032" percent="0" />
    </mem>
    <mem type="tenure" free="50082520" total="629145600" percent="7" micro-fragmented="191660" macro-fragmented="33282812">
      <mem type="soa" free="43791064" total="622854144" percent="7" />
      <mem type="loa" free="6291456" total="6291456" percent="100" />
    </mem>
    <remembered-set count="118" />
  </mem-info>
</gc-end>
<cycle-end id="751" type="global" contextid="744" timestamp="2022-02-02T12:28:06.012" />
<percolate-collect id="752" from="nursery" to="global" reason="insufficient remaining tenure space" timestamp="2022-02-02T12:28:06.012"/>
<cycle-start id="753" type="global" contextid="0" timestamp="2022-02-02T12:28:06.013" intervalms="309.920" />
<gc-start id="754" type="global" contextid="753" timestamp="2022-02-02T12:28:06.013">
  <mem-info id="755" free="50082520" total="838860800" percent="5">
    <mem type="nursery" free="0" total="209715200" percent="0">
      <mem type="allocate" free="0" total="136839168" percent="0" />
      <mem type="survivor" free="0" total="72876032" percent="0" />
    </mem>
    <mem type="tenure" free="50082520" total="629145600" percent="7">
      <mem type="soa" free="43791064" total="622854144" percent="7" />
      <mem type="loa" free="6291456" total="6291456" percent="100" />
    </mem>
    <remembered-set count="118" />
  </mem-info>
</gc-start>
<allocation-stats totalBytes="0" >
  <allocated-bytes non-tlh="0" tlh="0" />
</allocation-stats>
<gc-op id="756" type="mark" timems="455.847" contextid="753" timestamp="2022-02-02T12:28:06.469">
  <trace-info objectcount="13075995" scancount="9794595" scanbytes="209819648" />
  <finalization candidates="371" enqueued="0" />
  <ownableSynchronizers candidates="1" cleared="0" />
  <references type="soft" candidates="882" cleared="0" enqueued="0" dynamicThreshold="2" maxThreshold="32" />
  <references type="weak" candidates="1702" cleared="0" enqueued="0" />
  <references type="phantom" candidates="50" cleared="0" enqueued="0" />
  <stringconstants candidates="6468" cleared="0"  />
  <object-monitors candidates="3" cleared="0"  />
</gc-op>
<gc-op id="757" type="sweep" timems="5.809" contextid="753" timestamp="2022-02-02T12:28:06.474" />
<gc-end id="758" type="global" contextid="753" durationms="461.802" usertimems="1396.794" systemtimems="36.122" stalltimems="405.706" timestamp="2022-02-02T12:28:06.475" activeThreads="4">
  <mem-info id="759" free="50082520" total="838860800" percent="5">
    <mem type="nursery" free="0" total="209715200" percent="0">
      <mem type="allocate" free="0" total="136839168" percent="0" />
      <mem type="survivor" free="0" total="72876032" percent="0" />
    </mem>
    <mem type="tenure" free="50082520" total="629145600" percent="7" micro-fragmented="191660" macro-fragmented="0">
      <mem type="soa" free="43791064" total="622854144" percent="7" />
      <mem type="loa" free="6291456" total="6291456" percent="100" />
    </mem>
    <remembered-set count="118" />
  </mem-info>
</gc-end>
<cycle-end id="760" type="global" contextid="753" timestamp="2022-02-02T12:28:06.475" />
<allocation-satisfied id="761" threadId="0000000000016F00" bytesRequested="112" />
<af-end id="762" timestamp="2022-02-02T12:28:06.475" threadId="0000000000017908" success="true" from="tenure-soa"/>
<exclusive-end id="763" timestamp="2022-02-02T12:28:06.475" durationms="772.063" />

<exclusive-start id="764" timestamp="2022-02-02T12:28:06.475" intervalms="772.141">
  <response-info timems="0.052" idlems="0.052" threads="0" lastid="0000000000016F00" lastname="main" />
</exclusive-start>
<af-start id="765" threadId="0000000000017908" totalBytesRequested="208" timestamp="2022-02-02T12:28:06.475" intervalms="772.126" type="nursery" />
<percolate-collect id="766" from="nursery" to="global" reason="insufficient remaining tenure space" timestamp="2022-02-02T12:28:06.475"/>
<cycle-start id="767" type="global" contextid="0" timestamp="2022-02-02T12:28:06.475" intervalms="462.206" />
<gc-start id="768" type="global" contextid="767" timestamp="2022-02-02T12:28:06.475">
  <mem-info id="769" free="50081648" total="838860800" percent="5">
    <mem type="nursery" free="0" total="209715200" percent="0">
      <mem type="allocate" free="0" total="136839168" percent="0" />
      <mem type="survivor" free="0" total="72876032" percent="0" />
    </mem>
    <mem type="tenure" free="50081648" total="629145600" percent="7">
      <mem type="soa" free="43790192" total="622854144" percent="7" />
      <mem type="loa" free="6291456" total="6291456" percent="100" />
    </mem>
    <remembered-set count="118" />
  </mem-info>
</gc-start>
<allocation-stats totalBytes="112" >
  <allocated-bytes non-tlh="112" tlh="0" />
  <largest-consumer threadName="main" threadId="0000000000016F00" bytes="112" />
</allocation-stats>
<gc-op id="770" type="mark" timems="474.376" contextid="767" timestamp="2022-02-02T12:28:06.949">
  <trace-info objectcount="13075996" scancount="9794647" scanbytes="209819648" />
  <finalization candidates="371" enqueued="0" />
  <ownableSynchronizers candidates="1" cleared="0" />
  <references type="soft" candidates="882" cleared="0" enqueued="0" dynamicThreshold="2" maxThreshold="32" />
  <references type="weak" candidates="1702" cleared="0" enqueued="0" />
  <references type="phantom" candidates="50" cleared="0" enqueued="0" />
  <stringconstants candidates="6468" cleared="0"  />
  <object-monitors candidates="3" cleared="0"  />
</gc-op>
<gc-op id="771" type="sweep" timems="5.617" contextid="767" timestamp="2022-02-02T12:28:06.955" />
<gc-end id="772" type="global" contextid="767" durationms="480.137" usertimems="1364.635" systemtimems="37.547" stalltimems="498.648" timestamp="2022-02-02T12:28:06.955" activeThreads="4">
  <mem-info id="773" free="50081648" total="838860800" percent="5">
    <mem type="nursery" free="0" total="209715200" percent="0">
      <mem type="allocate" free="0" total="136839168" percent="0" />
      <mem type="survivor" free="0" total="72876032" percent="0" />
    </mem>
    <mem type="tenure" free="50081648" total="629145600" percent="7" micro-fragmented="191660" macro-fragmented="33282812">
      <mem type="soa" free="43790192" total="622854144" percent="7" />
      <mem type="loa" free="6291456" total="6291456" percent="100" />
    </mem>
    <remembered-set count="118" />
  </mem-info>
</gc-end>
<cycle-end id="774" type="global" contextid="767" timestamp="2022-02-02T12:28:06.955" />
<percolate-collect id="775" from="nursery" to="global" reason="insufficient remaining tenure space" timestamp="2022-02-02T12:28:06.955"/>
<cycle-start id="776" type="global" contextid="0" timestamp="2022-02-02T12:28:06.955" intervalms="480.384" />
<gc-start id="777" type="global" contextid="776" timestamp="2022-02-02T12:28:06.955">
  <mem-info id="778" free="50081648" total="838860800" percent="5">
    <mem type="nursery" free="0" total="209715200" percent="0">
      <mem type="allocate" free="0" total="136839168" percent="0" />
      <mem type="survivor" free="0" total="72876032" percent="0" />
    </mem>
    <mem type="tenure" free="50081648" total="629145600" percent="7">
      <mem type="soa" free="43790192" total="622854144" percent="7" />
      <mem type="loa" free="6291456" total="6291456" percent="100" />
    </mem>
    <remembered-set count="118" />
  </mem-info>
</gc-start>
<allocation-stats totalBytes="0" >
  <allocated-bytes non-tlh="0" tlh="0" />
</allocation-stats>
<gc-op id="779" type="mark" timems="306.369" contextid="776" timestamp="2022-02-02T12:28:07.262">
  <trace-info objectcount="13075996" scancount="9794703" scanbytes="209819648" />
  <finalization candidates="371" enqueued="0" />
  <ownableSynchronizers candidates="1" cleared="0" />
  <references type="soft" candidates="882" cleared="0" enqueued="0" dynamicThreshold="2" maxThreshold="32" />
  <references type="weak" candidates="1702" cleared="0" enqueued="0" />
  <references type="phantom" candidates="50" cleared="0" enqueued="0" />
  <stringconstants candidates="6468" cleared="0"  />
  <object-monitors candidates="3" cleared="0"  />
</gc-op>
<gc-op id="780" type="sweep" timems="6.236" contextid="776" timestamp="2022-02-02T12:28:07.268" />
<gc-end id="781" type="global" contextid="776" durationms="312.773" usertimems="590.623" systemtimems="4.551" stalltimems="647.963" timestamp="2022-02-02T12:28:07.268" activeThreads="4">
  <mem-info id="782" free="50081648" total="838860800" percent="5">
    <mem type="nursery" free="0" total="209715200" percent="0">
      <mem type="allocate" free="0" total="136839168" percent="0" />
      <mem type="survivor" free="0" total="72876032" percent="0" />
    </mem>
    <mem type="tenure" free="50081648" total="629145600" percent="7" micro-fragmented="191660" macro-fragmented="0">
      <mem type="soa" free="43790192" total="622854144" percent="7" />
      <mem type="loa" free="6291456" total="6291456" percent="100" />
    </mem>
    <remembered-set count="118" />
  </mem-info>
</gc-end>
<cycle-end id="783" type="global" contextid="776" timestamp="2022-02-02T12:28:07.268" />
<allocation-satisfied id="784" threadId="0000000000016F00" bytesRequested="208" />
<af-end id="785" timestamp="2022-02-02T12:28:07.268" threadId="0000000000017908" success="true" from="tenure-soa"/>
<exclusive-end id="786" timestamp="2022-02-02T12:28:07.268" durationms="793.371" />

<exclusive-start id="787" timestamp="2022-02-02T12:28:07.268" intervalms="793.432">
  <response-info timems="0.017" idlems="0.017" threads="0" lastid="0000000000016F00" lastname="main" />
</exclusive-start>
<af-start id="788" threadId="0000000000017908" totalBytesRequested="24" timestamp="2022-02-02T12:28:07.268" intervalms="793.429" type="nursery" />
<percolate-collect id="789" from="nursery" to="global" reason="insufficient remaining tenure space" timestamp="2022-02-02T12:28:07.268"/>
<cycle-start id="790" type="global" contextid="0" timestamp="2022-02-02T12:28:07.268" intervalms="313.042" />
<gc-start id="791" type="global" contextid="790" timestamp="2022-02-02T12:28:07.268">
  <mem-info id="792" free="50080760" total="838860800" percent="5">
    <mem type="nursery" free="0" total="209715200" percent="0">
      <mem type="allocate" free="0" total="136839168" percent="0" />
      <mem type="survivor" free="0" total="72876032" percent="0" />
    </mem>
    <mem type="tenure" free="50080760" total="629145600" percent="7">
      <mem type="soa" free="43789304" total="622854144" percent="7" />
      <mem type="loa" free="6291456" total="6291456" percent="100" />
    </mem>
    <remembered-set count="118" />
  </mem-info>
</gc-start>
<allocation-stats totalBytes="208" >
  <allocated-bytes non-tlh="208" tlh="0" />
  <largest-consumer threadName="main" threadId="0000000000016F00" bytes="208" />
</allocation-stats>
<gc-op id="793" type="mark" timems="311.813" contextid="790" timestamp="2022-02-02T12:28:07.580">
  <trace-info objectcount="13075996" scancount="9794666" scanbytes="209819648" />
  <finalization candidates="371" enqueued="0" />
  <ownableSynchronizers candidates="1" cleared="0" />
  <references type="soft" candidates="882" cleared="0" enqueued="0" dynamicThreshold="2" maxThreshold="32" />
  <references type="weak" candidates="1702" cleared="0" enqueued="0" />
  <references type="phantom" candidates="50" cleared="0" enqueued="0" />
  <stringconstants candidates="6468" cleared="0"  />
  <object-monitors candidates="3" cleared="0"  />
</gc-op>
<gc-op id="794" type="sweep" timems="5.966" contextid="790" timestamp="2022-02-02T12:28:07.586" />
<gc-end id="795" type="global" contextid="790" durationms="317.937" usertimems="350.320" systemtimems="0.280" stalltimems="919.316" timestamp="2022-02-02T12:28:07.586" activeThreads="4">
  <mem-info id="796" free="50081632" total="838860800" percent="5">
    <mem type="nursery" free="0" total="209715200" percent="0">
      <mem type="allocate" free="0" total="136839168" percent="0" />
      <mem type="survivor" free="0" total="72876032" percent="0" />
    </mem>
    <mem type="tenure" free="50081632" total="629145600" percent="7" micro-fragmented="191660" macro-fragmented="0">
      <mem type="soa" free="43790176" total="622854144" percent="7" />
      <mem type="loa" free="6291456" total="6291456" percent="100" />
    </mem>
    <remembered-set count="118" />
  </mem-info>
</gc-end>
<cycle-end id="797" type="global" contextid="790" timestamp="2022-02-02T12:28:07.586" />
<percolate-collect id="798" from="nursery" to="global" reason="insufficient remaining tenure space" timestamp="2022-02-02T12:28:07.586"/>
<cycle-start id="799" type="global" contextid="0" timestamp="2022-02-02T12:28:07.586" intervalms="318.129" />
<gc-start id="800" type="global" contextid="799" timestamp="2022-02-02T12:28:07.586">
  <mem-info id="801" free="50081632" total="838860800" percent="5">
    <mem type="nursery" free="0" total="209715200" percent="0">
      <mem type="allocate" free="0" total="136839168" percent="0" />
      <mem type="survivor" free="0" total="72876032" percent="0" />
    </mem>
    <mem type="tenure" free="50081632" total="629145600" percent="7">
      <mem type="soa" free="43790176" total="622854144" percent="7" />
      <mem type="loa" free="6291456" total="6291456" percent="100" />
    </mem>
    <remembered-set count="118" />
  </mem-info>
</gc-start>
<allocation-stats totalBytes="0" >
  <allocated-bytes non-tlh="0" tlh="0" />
</allocation-stats>
<gc-op id="802" type="mark" timems="300.909" contextid="799" timestamp="2022-02-02T12:28:07.887">
  <trace-info objectcount="13075996" scancount="9794676" scanbytes="209819648" />
  <finalization candidates="371" enqueued="0" />
  <ownableSynchronizers candidates="1" cleared="0" />
  <references type="soft" candidates="882" cleared="0" enqueued="0" dynamicThreshold="2" maxThreshold="32" />
  <references type="weak" candidates="1702" cleared="0" enqueued="0" />
  <references type="phantom" candidates="50" cleared="0" enqueued="0" />
  <stringconstants candidates="6468" cleared="0"  />
  <object-monitors candidates="3" cleared="0"  />
</gc-op>
<gc-op id="803" type="sweep" timems="5.675" contextid="799" timestamp="2022-02-02T12:28:07.893" />
<gc-end id="804" type="global" contextid="799" durationms="306.752" usertimems="532.136" systemtimems="7.438" stalltimems="685.549" timestamp="2022-02-02T12:28:07.893" activeThreads="4">
  <mem-info id="805" free="50081632" total="838860800" percent="5">
    <mem type="nursery" free="0" total="209715200" percent="0">
      <mem type="allocate" free="0" total="136839168" percent="0" />
      <mem type="survivor" free="0" total="72876032" percent="0" />
    </mem>
    <mem type="tenure" free="50081632" total="629145600" percent="7" micro-fragmented="191660" macro-fragmented="33282812">
      <mem type="soa" free="43790176" total="622854144" percent="7" />
      <mem type="loa" free="6291456" total="6291456" percent="100" />
    </mem>
    <remembered-set count="118" />
  </mem-info>
</gc-end>
<cycle-end id="806" type="global" contextid="799" timestamp="2022-02-02T12:28:07.893" />
<allocation-satisfied id="807" threadId="0000000000016F00" bytesRequested="24" />
<af-end id="808" timestamp="2022-02-02T12:28:07.893" threadId="0000000000017908" success="true" from="tenure-soa"/>
<exclusive-end id="809" timestamp="2022-02-02T12:28:07.893" durationms="625.134" />

<exclusive-start id="810" timestamp="2022-02-02T12:28:07.893" intervalms="625.176">
  <response-info timems="0.018" idlems="0.018" threads="0" lastid="0000000000016F00" lastname="main" />
</exclusive-start>
<af-start id="811" threadId="0000000000017908" totalBytesRequested="24" timestamp="2022-02-02T12:28:07.893" intervalms="625.178" type="nursery" />
<percolate-collect id="812" from="nursery" to="global" reason="insufficient remaining tenure space" timestamp="2022-02-02T12:28:07.893"/>
<cycle-start id="813" type="global" contextid="0" timestamp="2022-02-02T12:28:07.893" intervalms="307.052" />
<gc-start id="814" type="global" contextid="813" timestamp="2022-02-02T12:28:07.893">
  <mem-info id="815" free="50081608" total="838860800" percent="5">
    <mem type="nursery" free="0" total="209715200" percent="0">
      <mem type="allocate" free="0" total="136839168" percent="0" />
      <mem type="survivor" free="0" total="72876032" percent="0" />
    </mem>
    <mem type="tenure" free="50081608" total="629145600" percent="7">
      <mem type="soa" free="43790152" total="622854144" percent="7" />
      <mem type="loa" free="6291456" total="6291456" percent="100" />
    </mem>
    <remembered-set count="119" />
  </mem-info>
</gc-start>
<allocation-stats totalBytes="24" >
  <allocated-bytes non-tlh="24" tlh="0" />
  <largest-consumer threadName="main" threadId="0000000000016F00" bytes="24" />
</allocation-stats>
<gc-op id="816" type="mark" timems="443.279" contextid="813" timestamp="2022-02-02T12:28:08.337">
  <trace-info objectcount="13075997" scancount="9794676" scanbytes="209819672" />
  <finalization candidates="371" enqueued="0" />
  <ownableSynchronizers candidates="1" cleared="0" />
  <references type="soft" candidates="882" cleared="0" enqueued="0" dynamicThreshold="2" maxThreshold="32" />
  <references type="weak" candidates="1702" cleared="0" enqueued="0" />
  <references type="phantom" candidates="50" cleared="0" enqueued="0" />
  <stringconstants candidates="6468" cleared="0"  />
  <object-monitors candidates="3" cleared="0"  />
</gc-op>
<gc-op id="817" type="sweep" timems="7.314" contextid="813" timestamp="2022-02-02T12:28:08.344" />
<gc-end id="818" type="global" contextid="813" durationms="450.731" usertimems="1248.230" systemtimems="34.009" stalltimems="502.536" timestamp="2022-02-02T12:28:08.344" activeThreads="4">
  <mem-info id="819" free="50081608" total="838860800" percent="5">
    <mem type="nursery" free="0" total="209715200" percent="0">
      <mem type="allocate" free="0" total="136839168" percent="0" />
      <mem type="survivor" free="0" total="72876032" percent="0" />
    </mem>
    <mem type="tenure" free="50081608" total="629145600" percent="7" micro-fragmented="191660" macro-fragmented="39939376">
      <mem type="soa" free="43790152" total="622854144" percent="7" />
      <mem type="loa" free="6291456" total="6291456" percent="100" />
    </mem>
    <remembered-set count="119" />
  </mem-info>
</gc-end>
<cycle-end id="820" type="global" contextid="813" timestamp="2022-02-02T12:28:08.344" />
<percolate-collect id="821" from="nursery" to="global" reason="insufficient remaining tenure space" timestamp="2022-02-02T12:28:08.344"/>
<cycle-start id="822" type="global" contextid="0" timestamp="2022-02-02T12:28:08.344" intervalms="450.909" />
<gc-start id="823" type="global" contextid="822" timestamp="2022-02-02T12:28:08.344">
  <mem-info id="824" free="50081608" total="838860800" percent="5">
    <mem type="nursery" free="0" total="209715200" percent="0">
      <mem type="allocate" free="0" total="136839168" percent="0" />
      <mem type="survivor" free="0" total="72876032" percent="0" />
    </mem>
    <mem type="tenure" free="50081608" total="629145600" percent="7">
      <mem type="soa" free="43790152" total="622854144" percent="7" />
      <mem type="loa" free="6291456" total="6291456" percent="100" />
    </mem>
    <remembered-set count="119" />
  </mem-info>
</gc-start>
<allocation-stats totalBytes="0" >
  <allocated-bytes non-tlh="0" tlh="0" />
</allocation-stats>
<gc-op id="825" type="mark" timems="306.415" contextid="822" timestamp="2022-02-02T12:28:08.651">
  <trace-info objectcount="13075997" scancount="9794676" scanbytes="209819672" />
  <finalization candidates="371" enqueued="0" />
  <ownableSynchronizers candidates="1" cleared="0" />
  <references type="soft" candidates="882" cleared="0" enqueued="0" dynamicThreshold="2" maxThreshold="32" />
  <references type="weak" candidates="1702" cleared="0" enqueued="0" />
  <references type="phantom" candidates="50" cleared="0" enqueued="0" />
  <stringconstants candidates="6468" cleared="0"  />
  <object-monitors candidates="3" cleared="0"  />
</gc-op>
<gc-op id="826" type="sweep" timems="7.667" contextid="822" timestamp="2022-02-02T12:28:08.659" />
<gc-end id="827" type="global" contextid="822" durationms="314.216" usertimems="540.370" systemtimems="7.935" stalltimems="706.411" timestamp="2022-02-02T12:28:08.659" activeThreads="4">
  <mem-info id="828" free="50081608" total="838860800" percent="5">
    <mem type="nursery" free="0" total="209715200" percent="0">
      <mem type="allocate" free="0" total="136839168" percent="0" />
      <mem type="survivor" free="0" total="72876032" percent="0" />
    </mem>
    <mem type="tenure" free="50081608" total="629145600" percent="7" micro-fragmented="191660" macro-fragmented="33282812">
      <mem type="soa" free="43790152" total="622854144" percent="7" />
      <mem type="loa" free="6291456" total="6291456" percent="100" />
    </mem>
    <remembered-set count="119" />
  </mem-info>
</gc-end>
<cycle-end id="829" type="global" contextid="822" timestamp="2022-02-02T12:28:08.659" />
<allocation-satisfied id="830" threadId="0000000000016F00" bytesRequested="24" />
<af-end id="831" timestamp="2022-02-02T12:28:08.659" threadId="0000000000017908" success="true" from="tenure-soa"/>
<exclusive-end id="832" timestamp="2022-02-02T12:28:08.659" durationms="765.366" />

<exclusive-start id="833" timestamp="2022-02-02T12:28:08.659" intervalms="765.433">
  <response-info timems="0.031" idlems="0.031" threads="0" lastid="0000000000016F00" lastname="main" />
</exclusive-start>
<af-start id="834" threadId="0000000000017908" totalBytesRequested="16" timestamp="2022-02-02T12:28:08.659" intervalms="765.435" type="nursery" />
<percolate-collect id="835" from="nursery" to="global" reason="insufficient remaining tenure space" timestamp="2022-02-02T12:28:08.659"/>
<cycle-start id="836" type="global" contextid="0" timestamp="2022-02-02T12:28:08.659" intervalms="314.527" />
<gc-start id="837" type="global" contextid="836" timestamp="2022-02-02T12:28:08.659">
  <mem-info id="838" free="50081584" total="838860800" percent="5">
    <mem type="nursery" free="0" total="209715200" percent="0">
      <mem type="allocate" free="0" total="136839168" percent="0" />
      <mem type="survivor" free="0" total="72876032" percent="0" />
    </mem>
    <mem type="tenure" free="50081584" total="629145600" percent="7">
      <mem type="soa" free="43790128" total="622854144" percent="7" />
      <mem type="loa" free="6291456" total="6291456" percent="100" />
    </mem>
    <remembered-set count="120" />
  </mem-info>
</gc-start>
<allocation-stats totalBytes="24" >
  <allocated-bytes non-tlh="24" tlh="0" />
  <largest-consumer threadName="main" threadId="0000000000016F00" bytes="24" />
</allocation-stats>
<gc-op id="839" type="mark" timems="299.164" contextid="836" timestamp="2022-02-02T12:28:08.958">
  <trace-info objectcount="13075998" scancount="9794690" scanbytes="209819696" />
  <finalization candidates="371" enqueued="0" />
  <ownableSynchronizers candidates="1" cleared="0" />
  <references type="soft" candidates="882" cleared="0" enqueued="0" dynamicThreshold="2" maxThreshold="32" />
  <references type="weak" candidates="1702" cleared="0" enqueued="0" />
  <references type="phantom" candidates="50" cleared="0" enqueued="0" />
  <stringconstants candidates="6468" cleared="0"  />
  <object-monitors candidates="3" cleared="0"  />
</gc-op>
<gc-op id="840" type="sweep" timems="8.456" contextid="836" timestamp="2022-02-02T12:28:08.967" />
<gc-end id="841" type="global" contextid="836" durationms="307.775" usertimems="498.871" systemtimems="3.341" stalltimems="727.250" timestamp="2022-02-02T12:28:08.967" activeThreads="4">
  <mem-info id="842" free="50081584" total="838860800" percent="5">
    <mem type="nursery" free="0" total="209715200" percent="0">
      <mem type="allocate" free="0" total="136839168" percent="0" />
      <mem type="survivor" free="0" total="72876032" percent="0" />
    </mem>
    <mem type="tenure" free="50081584" total="629145600" percent="7" micro-fragmented="191660" macro-fragmented="11146344">
      <mem type="soa" free="43790128" total="622854144" percent="7" />
      <mem type="loa" free="6291456" total="6291456" percent="100" />
    </mem>
    <remembered-set count="120" />
  </mem-info>
</gc-end>
<cycle-end id="843" type="global" contextid="836" timestamp="2022-02-02T12:28:08.967" />
<percolate-collect id="844" from="nursery" to="global" reason="insufficient remaining tenure space" timestamp="2022-02-02T12:28:08.967"/>
<cycle-start id="845" type="global" contextid="0" timestamp="2022-02-02T12:28:08.967" intervalms="307.988" />
<gc-start id="846" type="global" contextid="845" timestamp="2022-02-02T12:28:08.967">
  <mem-info id="847" free="50081584" total="838860800" percent="5">
    <mem type="nursery" free="0" total="209715200" percent="0">
      <mem type="allocate" free="0" total="136839168" percent="0" />
      <mem type="survivor" free="0" total="72876032" percent="0" />
    </mem>
    <mem type="tenure" free="50081584" total="629145600" percent="7">
      <mem type="soa" free="43790128" total="622854144" percent="7" />
      <mem type="loa" free="6291456" total="6291456" percent="100" />
    </mem>
    <remembered-set count="120" />
  </mem-info>
</gc-start>
<allocation-stats totalBytes="0" >
  <allocated-bytes non-tlh="0" tlh="0" />
</allocation-stats>
<gc-op id="848" type="mark" timems="311.151" contextid="845" timestamp="2022-02-02T12:28:09.278">
  <trace-info objectcount="13075998" scancount="9794667" scanbytes="209819696" />
  <finalization candidates="371" enqueued="0" />
  <ownableSynchronizers candidates="1" cleared="0" />
  <references type="soft" candidates="882" cleared="0" enqueued="0" dynamicThreshold="2" maxThreshold="32" />
  <references type="weak" candidates="1702" cleared="0" enqueued="0" />
  <references type="phantom" candidates="50" cleared="0" enqueued="0" />
  <stringconstants candidates="6468" cleared="0"  />
  <object-monitors candidates="3" cleared="0"  />
</gc-op>
<gc-op id="849" type="sweep" timems="7.522" contextid="845" timestamp="2022-02-02T12:28:09.286" />
<gc-end id="850" type="global" contextid="845" durationms="318.843" usertimems="586.904" systemtimems="0.000" stalltimems="687.650" timestamp="2022-02-02T12:28:09.286" activeThreads="4">
  <mem-info id="851" free="50081584" total="838860800" percent="5">
    <mem type="nursery" free="0" total="209715200" percent="0">
      <mem type="allocate" free="0" total="136839168" percent="0" />
      <mem type="survivor" free="0" total="72876032" percent="0" />
    </mem>
    <mem type="tenure" free="50081584" total="629145600" percent="7" micro-fragmented="191660" macro-fragmented="39939376">
      <mem type="soa" free="43790128" total="622854144" percent="7" />
      <mem type="loa" free="6291456" total="6291456" percent="100" />
    </mem>
    <remembered-set count="120" />
  </mem-info>
</gc-end>
<cycle-end id="852" type="global" contextid="845" timestamp="2022-02-02T12:28:09.286" />
<allocation-satisfied id="853" threadId="0000000000016F00" bytesRequested="16" />
<af-end id="854" timestamp="2022-02-02T12:28:09.286" threadId="0000000000017908" success="true" from="tenure-soa"/>
<exclusive-end id="855" timestamp="2022-02-02T12:28:09.286" durationms="627.086" />

<exclusive-start id="856" timestamp="2022-02-02T12:28:09.286" intervalms="627.132">
  <response-info timems="0.019" idlems="0.019" threads="0" lastid="0000000000016F00" lastname="main" />
</exclusive-start>
<af-start id="857" threadId="0000000000017908" totalBytesRequested="104" timestamp="2022-02-02T12:28:09.286" intervalms="627.140" type="nursery" />
<percolate-collect id="858" from="nursery" to="global" reason="insufficient remaining tenure space" timestamp="2022-02-02T12:28:09.286"/>
<cycle-start id="859" type="global" contextid="0" timestamp="2022-02-02T12:28:09.286" intervalms="319.151" />
<gc-start id="860" type="global" contextid="859" timestamp="2022-02-02T12:28:09.286">
  <mem-info id="861" free="50081568" total="838860800" percent="5">
    <mem type="nursery" free="0" total="209715200" percent="0">
      <mem type="allocate" free="0" total="136839168" percent="0" />
      <mem type="survivor" free="0" total="72876032" percent="0" />
    </mem>
    <mem type="tenure" free="50081568" total="629145600" percent="7">
      <mem type="soa" free="43790112" total="622854144" percent="7" />
      <mem type="loa" free="6291456" total="6291456" percent="100" />
    </mem>
    <remembered-set count="121" />
  </mem-info>
</gc-start>
<allocation-stats totalBytes="16" >
  <allocated-bytes non-tlh="16" tlh="0" />
  <largest-consumer threadName="main" threadId="0000000000016F00" bytes="16" />
</allocation-stats>
<gc-op id="862" type="mark" timems="320.576" contextid="859" timestamp="2022-02-02T12:28:09.607">
  <trace-info objectcount="13075999" scancount="9794660" scanbytes="209819712" />
  <finalization candidates="371" enqueued="0" />
  <ownableSynchronizers candidates="1" cleared="0" />
  <references type="soft" candidates="882" cleared="0" enqueued="0" dynamicThreshold="2" maxThreshold="32" />
  <references type="weak" candidates="1702" cleared="0" enqueued="0" />
  <references type="phantom" candidates="50" cleared="0" enqueued="0" />
  <stringconstants candidates="6468" cleared="0"  />
  <object-monitors candidates="3" cleared="0"  />
</gc-op>
<gc-op id="863" type="sweep" timems="7.372" contextid="859" timestamp="2022-02-02T12:28:09.614" />
<gc-end id="864" type="global" contextid="859" durationms="328.113" usertimems="580.509" systemtimems="3.565" stalltimems="722.802" timestamp="2022-02-02T12:28:09.614" activeThreads="4">
  <mem-info id="865" free="50081568" total="838860800" percent="5">
    <mem type="nursery" free="0" total="209715200" percent="0">
      <mem type="allocate" free="0" total="136839168" percent="0" />
      <mem type="survivor" free="0" total="72876032" percent="0" />
    </mem>
    <mem type="tenure" free="50081568" total="629145600" percent="7" micro-fragmented="191660" macro-fragmented="27735676">
      <mem type="soa" free="43790112" total="622854144" percent="7" />
      <mem type="loa" free="6291456" total="6291456" percent="100" />
    </mem>
    <remembered-set count="121" />
  </mem-info>
</gc-end>
<cycle-end id="866" type="global" contextid="859" timestamp="2022-02-02T12:28:09.614" />
<percolate-collect id="867" from="nursery" to="global" reason="insufficient remaining tenure space" timestamp="2022-02-02T12:28:09.614"/>
<cycle-start id="868" type="global" contextid="0" timestamp="2022-02-02T12:28:09.614" intervalms="328.448" />
<gc-start id="869" type="global" contextid="868" timestamp="2022-02-02T12:28:09.615">
  <mem-info id="870" free="50081568" total="838860800" percent="5">
    <mem type="nursery" free="0" total="209715200" percent="0">
      <mem type="allocate" free="0" total="136839168" percent="0" />
      <mem type="survivor" free="0" total="72876032" percent="0" />
    </mem>
    <mem type="tenure" free="50081568" total="629145600" percent="7">
      <mem type="soa" free="43790112" total="622854144" percent="7" />
      <mem type="loa" free="6291456" total="6291456" percent="100" />
    </mem>
    <remembered-set count="121" />
  </mem-info>
</gc-start>
<allocation-stats totalBytes="0" >
  <allocated-bytes non-tlh="0" tlh="0" />
</allocation-stats>
<gc-op id="871" type="mark" timems="324.541" contextid="868" timestamp="2022-02-02T12:28:09.939">
  <trace-info objectcount="13075999" scancount="9794630" scanbytes="209819712" />
  <finalization candidates="371" enqueued="0" />
  <ownableSynchronizers candidates="1" cleared="0" />
  <references type="soft" candidates="882" cleared="0" enqueued="0" dynamicThreshold="2" maxThreshold="32" />
  <references type="weak" candidates="1702" cleared="0" enqueued="0" />
  <references type="phantom" candidates="50" cleared="0" enqueued="0" />
  <stringconstants candidates="6468" cleared="0"  />
  <object-monitors candidates="3" cleared="0"  />
</gc-op>
<gc-op id="872" type="sweep" timems="7.623" contextid="868" timestamp="2022-02-02T12:28:09.947" />
<gc-end id="873" type="global" contextid="868" durationms="332.341" usertimems="366.029" systemtimems="4.706" stalltimems="951.008" timestamp="2022-02-02T12:28:09.947" activeThreads="4">
  <mem-info id="874" free="50081568" total="838860800" percent="5">
    <mem type="nursery" free="0" total="209715200" percent="0">
      <mem type="allocate" free="0" total="136839168" percent="0" />
      <mem type="survivor" free="0" total="72876032" percent="0" />
    </mem>
    <mem type="tenure" free="50081568" total="629145600" percent="7" micro-fragmented="191660" macro-fragmented="39939376">
      <mem type="soa" free="43790112" total="622854144" percent="7" />
      <mem type="loa" free="6291456" total="6291456" percent="100" />
    </mem>
    <remembered-set count="121" />
  </mem-info>
</gc-end>
<cycle-end id="875" type="global" contextid="868" timestamp="2022-02-02T12:28:09.947" />
<allocation-satisfied id="876" threadId="0000000000016F00" bytesRequested="104" />
<af-end id="877" timestamp="2022-02-02T12:28:09.947" threadId="0000000000017908" success="true" from="tenure-soa"/>
<exclusive-end id="878" timestamp="2022-02-02T12:28:09.947" durationms="661.022" />

<exclusive-start id="879" timestamp="2022-02-02T12:28:09.947" intervalms="661.071">
  <response-info timems="0.018" idlems="0.018" threads="0" lastid="0000000000016F00" lastname="main" />
</exclusive-start>
<af-start id="880" threadId="0000000000017908" totalBytesRequested="184" timestamp="2022-02-02T12:28:09.947" intervalms="661.059" type="nursery" />
<percolate-collect id="881" from="nursery" to="global" reason="insufficient remaining tenure space" timestamp="2022-02-02T12:28:09.947"/>
<cycle-start id="882" type="global" contextid="0" timestamp="2022-02-02T12:28:09.947" intervalms="332.607" />
<gc-start id="883" type="global" contextid="882" timestamp="2022-02-02T12:28:09.947">
  <mem-info id="884" free="50080760" total="838860800" percent="5">
    <mem type="nursery" free="0" total="209715200" percent="0">
      <mem type="allocate" free="0" total="136839168" percent="0" />
      <mem type="survivor" free="0" total="72876032" percent="0" />
    </mem>
    <mem type="tenure" free="50080760" total="629145600" percent="7">
      <mem type="soa" free="43789304" total="622854144" percent="7" />
      <mem type="loa" free="6291456" total="6291456" percent="100" />
    </mem>
    <remembered-set count="121" />
  </mem-info>
</gc-start>
<allocation-stats totalBytes="104" >
  <allocated-bytes non-tlh="104" tlh="0" />
  <largest-consumer threadName="main" threadId="0000000000016F00" bytes="104" />
</allocation-stats>
<gc-op id="885" type="mark" timems="320.804" contextid="882" timestamp="2022-02-02T12:28:10.268">
  <trace-info objectcount="13076000" scancount="9794651" scanbytes="209819712" />
  <finalization candidates="371" enqueued="0" />
  <ownableSynchronizers candidates="1" cleared="0" />
  <references type="soft" candidates="882" cleared="0" enqueued="0" dynamicThreshold="2" maxThreshold="32" />
  <references type="weak" candidates="1702" cleared="0" enqueued="0" />
  <references type="phantom" candidates="50" cleared="0" enqueued="0" />
  <stringconstants candidates="6468" cleared="0"  />
  <object-monitors candidates="3" cleared="0"  />
</gc-op>
<gc-op id="886" type="sweep" timems="6.531" contextid="882" timestamp="2022-02-02T12:28:10.275" />
<gc-end id="887" type="global" contextid="882" durationms="327.483" usertimems="340.404" systemtimems="8.173" stalltimems="958.174" timestamp="2022-02-02T12:28:10.275" activeThreads="4">
  <mem-info id="888" free="50080760" total="838860800" percent="5">
    <mem type="nursery" free="0" total="209715200" percent="0">
      <mem type="allocate" free="0" total="136839168" percent="0" />
      <mem type="survivor" free="0" total="72876032" percent="0" />
    </mem>
    <mem type="tenure" free="50080760" total="629145600" percent="7" micro-fragmented="191660" macro-fragmented="13375613">
      <mem type="soa" free="43789304" total="622854144" percent="7" />
      <mem type="loa" free="6291456" total="6291456" percent="100" />
    </mem>
    <remembered-set count="121" />
  </mem-info>
</gc-end>
<cycle-end id="889" type="global" contextid="882" timestamp="2022-02-02T12:28:10.275" />
<percolate-collect id="890" from="nursery" to="global" reason="insufficient remaining tenure space" timestamp="2022-02-02T12:28:10.275"/>
<cycle-start id="891" type="global" contextid="0" timestamp="2022-02-02T12:28:10.275" intervalms="327.663" />
<gc-start id="892" type="global" contextid="891" timestamp="2022-02-02T12:28:10.275">
  <mem-info id="893" free="50080760" total="838860800" percent="5">
    <mem type="nursery" free="0" total="209715200" percent="0">
      <mem type="allocate" free="0" total="136839168" percent="0" />
      <mem type="survivor" free="0" total="72876032" percent="0" />
    </mem>
    <mem type="tenure" free="50080760" total="629145600" percent="7">
      <mem type="soa" free="43789304" total="622854144" percent="7" />
      <mem type="loa" free="6291456" total="6291456" percent="100" />
    </mem>
    <remembered-set count="121" />
  </mem-info>
</gc-start>
<allocation-stats totalBytes="0" >
  <allocated-bytes non-tlh="0" tlh="0" />
</allocation-stats>
<gc-op id="894" type="mark" timems="318.787" contextid="891" timestamp="2022-02-02T12:28:10.594">
  <trace-info objectcount="13076000" scancount="9794654" scanbytes="209819712" />
  <finalization candidates="371" enqueued="0" />
  <ownableSynchronizers candidates="1" cleared="0" />
  <references type="soft" candidates="882" cleared="0" enqueued="0" dynamicThreshold="2" maxThreshold="32" />
  <references type="weak" candidates="1702" cleared="0" enqueued="0" />
  <references type="phantom" candidates="50" cleared="0" enqueued="0" />
  <stringconstants candidates="6468" cleared="0"  />
  <object-monitors candidates="3" cleared="0"  />
</gc-op>
<gc-op id="895" type="sweep" timems="6.363" contextid="891" timestamp="2022-02-02T12:28:10.600" />
<gc-end id="896" type="global" contextid="891" durationms="325.295" usertimems="353.469" systemtimems="0.000" stalltimems="943.720" timestamp="2022-02-02T12:28:10.600" activeThreads="4">
  <mem-info id="897" free="50080760" total="838860800" percent="5">
    <mem type="nursery" free="0" total="209715200" percent="0">
      <mem type="allocate" free="0" total="136839168" percent="0" />
      <mem type="survivor" free="0" total="72876032" percent="0" />
    </mem>
    <mem type="tenure" free="50080760" total="629145600" percent="7" micro-fragmented="191660" macro-fragmented="33282812">
      <mem type="soa" free="43789304" total="622854144" percent="7" />
      <mem type="loa" free="6291456" total="6291456" percent="100" />
    </mem>
    <remembered-set count="121" />
  </mem-info>
</gc-end>
<cycle-end id="898" type="global" contextid="891" timestamp="2022-02-02T12:28:10.600" />
<allocation-satisfied id="899" threadId="0000000000016F00" bytesRequested="184" />
<af-end id="900" timestamp="2022-02-02T12:28:10.600" threadId="0000000000017908" success="true" from="tenure-soa"/>
<exclusive-end id="901" timestamp="2022-02-02T12:28:10.600" durationms="653.221" />

<exclusive-start id="902" timestamp="2022-02-02T12:28:10.600" intervalms="653.372">
  <response-info timems="0.018" idlems="0.018" threads="0" lastid="0000000000016F00" lastname="main" />
</exclusive-start>
<af-start id="903" threadId="0000000000017908" totalBytesRequested="24" timestamp="2022-02-02T12:28:10.600" intervalms="653.375" type="nursery" />
<percolate-collect id="904" from="nursery" to="global" reason="insufficient remaining tenure space" timestamp="2022-02-02T12:28:10.600"/>
<cycle-start id="905" type="global" contextid="0" timestamp="2022-02-02T12:28:10.600" intervalms="325.725" />
<gc-start id="906" type="global" contextid="905" timestamp="2022-02-02T12:28:10.600">
  <mem-info id="907" free="50079984" total="838860800" percent="5">
    <mem type="nursery" free="0" total="209715200" percent="0">
      <mem type="allocate" free="0" total="136839168" percent="0" />
      <mem type="survivor" free="0" total="72876032" percent="0" />
    </mem>
    <mem type="tenure" free="50079984" total="629145600" percent="7">
      <mem type="soa" free="43788528" total="622854144" percent="7" />
      <mem type="loa" free="6291456" total="6291456" percent="100" />
    </mem>
    <remembered-set count="121" />
  </mem-info>
</gc-start>
<allocation-stats totalBytes="184" >
  <allocated-bytes non-tlh="184" tlh="0" />
  <largest-consumer threadName="main" threadId="0000000000016F00" bytes="184" />
</allocation-stats>
<gc-op id="908" type="mark" timems="329.645" contextid="905" timestamp="2022-02-02T12:28:10.930">
  <trace-info objectcount="13076000" scancount="9794628" scanbytes="209819712" />
  <finalization candidates="371" enqueued="0" />
  <ownableSynchronizers candidates="1" cleared="0" />
  <references type="soft" candidates="882" cleared="0" enqueued="0" dynamicThreshold="2" maxThreshold="32" />
  <references type="weak" candidates="1702" cleared="0" enqueued="0" />
  <references type="phantom" candidates="50" cleared="0" enqueued="0" />
  <stringconstants candidates="6468" cleared="0"  />
  <object-monitors candidates="3" cleared="0"  />
</gc-op>
<gc-op id="909" type="sweep" timems="5.935" contextid="905" timestamp="2022-02-02T12:28:10.936" />
<gc-end id="910" type="global" contextid="905" durationms="335.718" usertimems="367.320" systemtimems="0.000" stalltimems="973.677" timestamp="2022-02-02T12:28:10.936" activeThreads="4">
  <mem-info id="911" free="50080792" total="838860800" percent="5">
    <mem type="nursery" free="0" total="209715200" percent="0">
      <mem type="allocate" free="0" total="136839168" percent="0" />
      <mem type="survivor" free="0" total="72876032" percent="0" />
    </mem>
    <mem type="tenure" free="50080792" total="629145600" percent="7" micro-fragmented="191660" macro-fragmented="0">
      <mem type="soa" free="43789336" total="622854144" percent="7" />
      <mem type="loa" free="6291456" total="6291456" percent="100" />
    </mem>
    <remembered-set count="121" />
  </mem-info>
</gc-end>
<cycle-end id="912" type="global" contextid="905" timestamp="2022-02-02T12:28:10.936" />
<percolate-collect id="913" from="nursery" to="global" reason="insufficient remaining tenure space" timestamp="2022-02-02T12:28:10.936"/>
<cycle-start id="914" type="global" contextid="0" timestamp="2022-02-02T12:28:10.936" intervalms="335.898" />
<gc-start id="915" type="global" contextid="914" timestamp="2022-02-02T12:28:10.936">
  <mem-info id="916" free="50080792" total="838860800" percent="5">
    <mem type="nursery" free="0" total="209715200" percent="0">
      <mem type="allocate" free="0" total="136839168" percent="0" />
      <mem type="survivor" free="0" total="72876032" percent="0" />
    </mem>
    <mem type="tenure" free="50080792" total="629145600" percent="7">
      <mem type="soa" free="43789336" total="622854144" percent="7" />
      <mem type="loa" free="6291456" total="6291456" percent="100" />
    </mem>
    <remembered-set count="121" />
  </mem-info>
</gc-start>
<allocation-stats totalBytes="0" >
  <allocated-bytes non-tlh="0" tlh="0" />
</allocation-stats>
<gc-op id="917" type="mark" timems="303.686" contextid="914" timestamp="2022-02-02T12:28:11.240">
  <trace-info objectcount="13076000" scancount="9794614" scanbytes="209819712" />
  <finalization candidates="371" enqueued="0" />
  <ownableSynchronizers candidates="1" cleared="0" />
  <references type="soft" candidates="882" cleared="0" enqueued="0" dynamicThreshold="2" maxThreshold="32" />
  <references type="weak" candidates="1702" cleared="0" enqueued="0" />
  <references type="phantom" candidates="50" cleared="0" enqueued="0" />
  <stringconstants candidates="6468" cleared="0"  />
  <object-monitors candidates="3" cleared="0"  />
</gc-op>
<gc-op id="918" type="sweep" timems="5.753" contextid="914" timestamp="2022-02-02T12:28:11.246" />
<gc-end id="919" type="global" contextid="914" durationms="309.693" usertimems="524.655" systemtimems="0.000" stalltimems="709.070" timestamp="2022-02-02T12:28:11.246" activeThreads="4">
  <mem-info id="920" free="50080792" total="838860800" percent="5">
    <mem type="nursery" free="0" total="209715200" percent="0">
      <mem type="allocate" free="0" total="136839168" percent="0" />
      <mem type="survivor" free="0" total="72876032" percent="0" />
    </mem>
    <mem type="tenure" free="50080792" total="629145600" percent="7" micro-fragmented="191660" macro-fragmented="27735676">
      <mem type="soa" free="43789336" total="622854144" percent="7" />
      <mem type="loa" free="6291456" total="6291456" percent="100" />
    </mem>
    <remembered-set count="121" />
  </mem-info>
</gc-end>
<cycle-end id="921" type="global" contextid="914" timestamp="2022-02-02T12:28:11.246" />
<allocation-satisfied id="922" threadId="0000000000016F00" bytesRequested="24" />
<af-end id="923" timestamp="2022-02-02T12:28:11.246" threadId="0000000000017908" success="true" from="tenure-soa"/>
<exclusive-end id="924" timestamp="2022-02-02T12:28:11.246" durationms="645.828" />

<exclusive-start id="925" timestamp="2022-02-02T12:28:11.246" intervalms="645.874">
  <response-info timems="0.017" idlems="0.017" threads="0" lastid="0000000000016F00" lastname="main" />
</exclusive-start>
<af-start id="926" threadId="0000000000017908" totalBytesRequested="24" timestamp="2022-02-02T12:28:11.246" intervalms="646.018" type="nursery" />
<percolate-collect id="927" from="nursery" to="global" reason="insufficient remaining tenure space" timestamp="2022-02-02T12:28:11.246"/>
<cycle-start id="928" type="global" contextid="0" timestamp="2022-02-02T12:28:11.246" intervalms="310.118" />
<gc-start id="929" type="global" contextid="928" timestamp="2022-02-02T12:28:11.247">
  <mem-info id="930" free="50080768" total="838860800" percent="5">
    <mem type="nursery" free="0" total="209715200" percent="0">
      <mem type="allocate" free="0" total="136839168" percent="0" />
      <mem type="survivor" free="0" total="72876032" percent="0" />
    </mem>
    <mem type="tenure" free="50080768" total="629145600" percent="7">
      <mem type="soa" free="43789312" total="622854144" percent="7" />
      <mem type="loa" free="6291456" total="6291456" percent="100" />
    </mem>
    <remembered-set count="122" />
  </mem-info>
</gc-start>
<allocation-stats totalBytes="24" >
  <allocated-bytes non-tlh="24" tlh="0" />
  <largest-consumer threadName="main" threadId="0000000000016F00" bytes="24" />
</allocation-stats>
<gc-op id="931" type="mark" timems="288.880" contextid="928" timestamp="2022-02-02T12:28:11.535">
  <trace-info objectcount="13076001" scancount="9794694" scanbytes="209819736" />
  <finalization candidates="371" enqueued="0" />
  <ownableSynchronizers candidates="1" cleared="0" />
  <references type="soft" candidates="882" cleared="0" enqueued="0" dynamicThreshold="2" maxThreshold="32" />
  <references type="weak" candidates="1702" cleared="0" enqueued="0" />
  <references type="phantom" candidates="50" cleared="0" enqueued="0" />
  <stringconstants candidates="6468" cleared="0"  />
  <object-monitors candidates="3" cleared="0"  />
</gc-op>
<gc-op id="932" type="sweep" timems="5.606" contextid="928" timestamp="2022-02-02T12:28:11.541" />
<gc-end id="933" type="global" contextid="928" durationms="294.623" usertimems="502.874" systemtimems="0.000" stalltimems="671.831" timestamp="2022-02-02T12:28:11.541" activeThreads="4">
  <mem-info id="934" free="50080768" total="838860800" percent="5">
    <mem type="nursery" free="0" total="209715200" percent="0">
      <mem type="allocate" free="0" total="136839168" percent="0" />
      <mem type="survivor" free="0" total="72876032" percent="0" />
    </mem>
    <mem type="tenure" free="50080768" total="629145600" percent="7" micro-fragmented="191660" macro-fragmented="33282812">
      <mem type="soa" free="43789312" total="622854144" percent="7" />
      <mem type="loa" free="6291456" total="6291456" percent="100" />
    </mem>
    <remembered-set count="122" />
  </mem-info>
</gc-end>
<cycle-end id="935" type="global" contextid="928" timestamp="2022-02-02T12:28:11.541" />
<percolate-collect id="936" from="nursery" to="global" reason="insufficient remaining tenure space" timestamp="2022-02-02T12:28:11.541"/>
<cycle-start id="937" type="global" contextid="0" timestamp="2022-02-02T12:28:11.541" intervalms="294.846" />
<gc-start id="938" type="global" contextid="937" timestamp="2022-02-02T12:28:11.541">
  <mem-info id="939" free="50080768" total="838860800" percent="5">
    <mem type="nursery" free="0" total="209715200" percent="0">
      <mem type="allocate" free="0" total="136839168" percent="0" />
      <mem type="survivor" free="0" total="72876032" percent="0" />
    </mem>
    <mem type="tenure" free="50080768" total="629145600" percent="7">
      <mem type="soa" free="43789312" total="622854144" percent="7" />
      <mem type="loa" free="6291456" total="6291456" percent="100" />
    </mem>
    <remembered-set count="122" />
  </mem-info>
</gc-start>
<allocation-stats totalBytes="0" >
  <allocated-bytes non-tlh="0" tlh="0" />
</allocation-stats>
<gc-op id="940" type="mark" timems="440.016" contextid="937" timestamp="2022-02-02T12:28:11.981">
  <trace-info objectcount="13076001" scancount="9794658" scanbytes="209819736" />
  <finalization candidates="371" enqueued="0" />
  <ownableSynchronizers candidates="1" cleared="0" />
  <references type="soft" candidates="882" cleared="0" enqueued="0" dynamicThreshold="2" maxThreshold="32" />
  <references type="weak" candidates="1702" cleared="0" enqueued="0" />
  <references type="phantom" candidates="50" cleared="0" enqueued="0" />
  <stringconstants candidates="6468" cleared="0"  />
  <object-monitors candidates="3" cleared="0"  />
</gc-op>
<gc-op id="941" type="sweep" timems="5.735" contextid="937" timestamp="2022-02-02T12:28:11.987" />
<gc-end id="942" type="global" contextid="937" durationms="445.883" usertimems="1249.997" systemtimems="44.425" stalltimems="482.333" timestamp="2022-02-02T12:28:11.987" activeThreads="4">
  <mem-info id="943" free="50080768" total="838860800" percent="5">
    <mem type="nursery" free="0" total="209715200" percent="0">
      <mem type="allocate" free="0" total="136839168" percent="0" />
      <mem type="survivor" free="0" total="72876032" percent="0" />
    </mem>
    <mem type="tenure" free="50080768" total="629145600" percent="7" micro-fragmented="191660" macro-fragmented="16050736">
      <mem type="soa" free="43789312" total="622854144" percent="7" />
      <mem type="loa" free="6291456" total="6291456" percent="100" />
    </mem>
    <remembered-set count="122" />
  </mem-info>
</gc-end>
<cycle-end id="944" type="global" contextid="937" timestamp="2022-02-02T12:28:11.987" />
<allocation-satisfied id="945" threadId="0000000000016F00" bytesRequested="24" />
<af-end id="946" timestamp="2022-02-02T12:28:11.987" threadId="0000000000017908" success="true" from="tenure-soa"/>
<exclusive-end id="947" timestamp="2022-02-02T12:28:11.987" durationms="741.130" />

<exclusive-start id="948" timestamp="2022-02-02T12:28:11.987" intervalms="741.198">
  <response-info timems="0.018" idlems="0.018" threads="0" lastid="0000000000016F00" lastname="main" />
</exclusive-start>
<af-start id="949" threadId="0000000000017908" totalBytesRequested="16" timestamp="2022-02-02T12:28:11.988" intervalms="741.055" type="nursery" />
<percolate-collect id="950" from="nursery" to="global" reason="insufficient remaining tenure space" timestamp="2022-02-02T12:28:11.988"/>
<cycle-start id="951" type="global" contextid="0" timestamp="2022-02-02T12:28:11.988" intervalms="446.202" />
<gc-start id="952" type="global" contextid="951" timestamp="2022-02-02T12:28:11.988">
  <mem-info id="953" free="50079984" total="838860800" percent="5">
    <mem type="nursery" free="0" total="209715200" percent="0">
      <mem type="allocate" free="0" total="136839168" percent="0" />
      <mem type="survivor" free="0" total="72876032" percent="0" />
    </mem>
    <mem type="tenure" free="50079984" total="629145600" percent="7">
      <mem type="soa" free="43788528" total="622854144" percent="7" />
      <mem type="loa" free="6291456" total="6291456" percent="100" />
    </mem>
    <remembered-set count="123" />
  </mem-info>
</gc-start>
<allocation-stats totalBytes="24" >
  <allocated-bytes non-tlh="24" tlh="0" />
  <largest-consumer threadName="main" threadId="0000000000016F00" bytes="24" />
</allocation-stats>
<gc-op id="954" type="mark" timems="442.430" contextid="951" timestamp="2022-02-02T12:28:12.430">
  <trace-info objectcount="13076002" scancount="9794680" scanbytes="209819760" />
  <finalization candidates="371" enqueued="0" />
  <ownableSynchronizers candidates="1" cleared="0" />
  <references type="soft" candidates="882" cleared="0" enqueued="0" dynamicThreshold="2" maxThreshold="32" />
  <references type="weak" candidates="1702" cleared="0" enqueued="0" />
  <references type="phantom" candidates="50" cleared="0" enqueued="0" />
  <stringconstants candidates="6468" cleared="0"  />
  <object-monitors candidates="3" cleared="0"  />
</gc-op>
<gc-op id="955" type="sweep" timems="5.458" contextid="951" timestamp="2022-02-02T12:28:12.436" />
<gc-end id="956" type="global" contextid="951" durationms="448.058" usertimems="1226.679" systemtimems="79.843" stalltimems="482.367" timestamp="2022-02-02T12:28:12.436" activeThreads="4">
  <mem-info id="957" free="50079984" total="838860800" percent="5">
    <mem type="nursery" free="0" total="209715200" percent="0">
      <mem type="allocate" free="0" total="136839168" percent="0" />
      <mem type="survivor" free="0" total="72876032" percent="0" />
    </mem>
    <mem type="tenure" free="50079984" total="629145600" percent="7" micro-fragmented="191660" macro-fragmented="27735676">
      <mem type="soa" free="43788528" total="622854144" percent="7" />
      <mem type="loa" free="6291456" total="6291456" percent="100" />
    </mem>
    <remembered-set count="123" />
  </mem-info>
</gc-end>
<cycle-end id="958" type="global" contextid="951" timestamp="2022-02-02T12:28:12.436" />
<percolate-collect id="959" from="nursery" to="global" reason="insufficient remaining tenure space" timestamp="2022-02-02T12:28:12.436"/>
<cycle-start id="960" type="global" contextid="0" timestamp="2022-02-02T12:28:12.436" intervalms="448.277" />
<gc-start id="961" type="global" contextid="960" timestamp="2022-02-02T12:28:12.436">
  <mem-info id="962" free="50079984" total="838860800" percent="5">
    <mem type="nursery" free="0" total="209715200" percent="0">
      <mem type="allocate" free="0" total="136839168" percent="0" />
      <mem type="survivor" free="0" total="72876032" percent="0" />
    </mem>
    <mem type="tenure" free="50079984" total="629145600" percent="7">
      <mem type="soa" free="43788528" total="622854144" percent="7" />
      <mem type="loa" free="6291456" total="6291456" percent="100" />
    </mem>
    <remembered-set count="123" />
  </mem-info>
</gc-start>
<allocation-stats totalBytes="0" >
  <allocated-bytes non-tlh="0" tlh="0" />
</allocation-stats>
<gc-op id="963" type="mark" timems="299.500" contextid="960" timestamp="2022-02-02T12:28:12.735">
  <trace-info objectcount="13076002" scancount="9794684" scanbytes="209819760" />
  <finalization candidates="371" enqueued="0" />
  <ownableSynchronizers candidates="1" cleared="0" />
  <references type="soft" candidates="882" cleared="0" enqueued="0" dynamicThreshold="2" maxThreshold="32" />
  <references type="weak" candidates="1702" cleared="0" enqueued="0" />
  <references type="phantom" candidates="50" cleared="0" enqueued="0" />
  <stringconstants candidates="6468" cleared="0"  />
  <object-monitors candidates="3" cleared="0"  />
</gc-op>
<gc-op id="964" type="sweep" timems="6.709" contextid="960" timestamp="2022-02-02T12:28:12.742" />
<gc-end id="965" type="global" contextid="960" durationms="306.367" usertimems="539.875" systemtimems="16.823" stalltimems="666.349" timestamp="2022-02-02T12:28:12.742" activeThreads="4">
  <mem-info id="966" free="50079984" total="838860800" percent="5">
    <mem type="nursery" free="0" total="209715200" percent="0">
      <mem type="allocate" free="0" total="136839168" percent="0" />
      <mem type="survivor" free="0" total="72876032" percent="0" />
    </mem>
    <mem type="tenure" free="50079984" total="629145600" percent="7" micro-fragmented="191660" macro-fragmented="0">
      <mem type="soa" free="43788528" total="622854144" percent="7" />
      <mem type="loa" free="6291456" total="6291456" percent="100" />
    </mem>
    <remembered-set count="123" />
  </mem-info>
</gc-end>
<cycle-end id="967" type="global" contextid="960" timestamp="2022-02-02T12:28:12.742" />
<allocation-satisfied id="968" threadId="0000000000016F00" bytesRequested="16" />
<af-end id="969" timestamp="2022-02-02T12:28:12.742" threadId="0000000000017908" success="true" from="tenure-soa"/>
<exclusive-end id="970" timestamp="2022-02-02T12:28:12.742" durationms="754.894" />

<exclusive-start id="971" timestamp="2022-02-02T12:28:12.742" intervalms="754.955">
  <response-info timems="0.018" idlems="0.018" threads="0" lastid="0000000000016F00" lastname="main" />
</exclusive-start>
<af-start id="972" threadId="0000000000017908" totalBytesRequested="104" timestamp="2022-02-02T12:28:12.742" intervalms="754.955" type="nursery" />
<percolate-collect id="973" from="nursery" to="global" reason="insufficient remaining tenure space" timestamp="2022-02-02T12:28:12.742"/>
<cycle-start id="974" type="global" contextid="0" timestamp="2022-02-02T12:28:12.742" intervalms="306.679" />
<gc-start id="975" type="global" contextid="974" timestamp="2022-02-02T12:28:12.743">
  <mem-info id="976" free="50079968" total="838860800" percent="5">
    <mem type="nursery" free="0" total="209715200" percent="0">
      <mem type="allocate" free="0" total="136839168" percent="0" />
      <mem type="survivor" free="0" total="72876032" percent="0" />
    </mem>
    <mem type="tenure" free="50079968" total="629145600" percent="7">
      <mem type="soa" free="43788512" total="622854144" percent="7" />
      <mem type="loa" free="6291456" total="6291456" percent="100" />
    </mem>
    <remembered-set count="124" />
  </mem-info>
</gc-start>
<allocation-stats totalBytes="16" >
  <allocated-bytes non-tlh="16" tlh="0" />
  <largest-consumer threadName="main" threadId="0000000000016F00" bytes="16" />
</allocation-stats>
<gc-op id="977" type="mark" timems="326.464" contextid="974" timestamp="2022-02-02T12:28:13.069">
  <trace-info objectcount="13076003" scancount="9794663" scanbytes="209819776" />
  <finalization candidates="371" enqueued="0" />
  <ownableSynchronizers candidates="1" cleared="0" />
  <references type="soft" candidates="882" cleared="0" enqueued="0" dynamicThreshold="2" maxThreshold="32" />
  <references type="weak" candidates="1702" cleared="0" enqueued="0" />
  <references type="phantom" candidates="50" cleared="0" enqueued="0" />
  <stringconstants candidates="6468" cleared="0"  />
  <object-monitors candidates="3" cleared="0"  />
</gc-op>
<gc-op id="978" type="sweep" timems="5.779" contextid="974" timestamp="2022-02-02T12:28:13.075" />
<gc-end id="979" type="global" contextid="974" durationms="332.399" usertimems="563.238" systemtimems="8.248" stalltimems="754.096" timestamp="2022-02-02T12:28:13.075" activeThreads="4">
  <mem-info id="980" free="50079968" total="838860800" percent="5">
    <mem type="nursery" free="0" total="209715200" percent="0">
      <mem type="allocate" free="0" total="136839168" percent="0" />
      <mem type="survivor" free="0" total="72876032" percent="0" />
    </mem>
    <mem type="tenure" free="50079968" total="629145600" percent="7" micro-fragmented="191660" macro-fragmented="39939376">
      <mem type="soa" free="43788512" total="622854144" percent="7" />
      <mem type="loa" free="6291456" total="6291456" percent="100" />
    </mem>
    <remembered-set count="124" />
  </mem-info>
</gc-end>
<cycle-end id="981" type="global" contextid="974" timestamp="2022-02-02T12:28:13.075" />
<percolate-collect id="982" from="nursery" to="global" reason="insufficient remaining tenure space" timestamp="2022-02-02T12:28:13.075"/>
<cycle-start id="983" type="global" contextid="0" timestamp="2022-02-02T12:28:13.075" intervalms="332.596" />
<gc-start id="984" type="global" contextid="983" timestamp="2022-02-02T12:28:13.075">
  <mem-info id="985" free="50079968" total="838860800" percent="5">
    <mem type="nursery" free="0" total="209715200" percent="0">
      <mem type="allocate" free="0" total="136839168" percent="0" />
      <mem type="survivor" free="0" total="72876032" percent="0" />
    </mem>
    <mem type="tenure" free="50079968" total="629145600" percent="7">
      <mem type="soa" free="43788512" total="622854144" percent="7" />
      <mem type="loa" free="6291456" total="6291456" percent="100" />
    </mem>
    <remembered-set count="124" />
  </mem-info>
</gc-start>
<allocation-stats totalBytes="0" >
  <allocated-bytes non-tlh="0" tlh="0" />
</allocation-stats>
<gc-op id="986" type="mark" timems="313.526" contextid="983" timestamp="2022-02-02T12:28:13.389">
  <trace-info objectcount="13076003" scancount="9794656" scanbytes="209819776" />
  <finalization candidates="371" enqueued="0" />
  <ownableSynchronizers candidates="1" cleared="0" />
  <references type="soft" candidates="882" cleared="0" enqueued="0" dynamicThreshold="2" maxThreshold="32" />
  <references type="weak" candidates="1702" cleared="0" enqueued="0" />
  <references type="phantom" candidates="50" cleared="0" enqueued="0" />
  <stringconstants candidates="6468" cleared="0"  />
  <object-monitors candidates="3" cleared="0"  />
</gc-op>
<gc-op id="987" type="sweep" timems="5.866" contextid="983" timestamp="2022-02-02T12:28:13.395" />
<gc-end id="988" type="global" contextid="983" durationms="319.553" usertimems="349.730" systemtimems="0.622" stalltimems="925.464" timestamp="2022-02-02T12:28:13.395" activeThreads="4">
  <mem-info id="989" free="50079968" total="838860800" percent="5">
    <mem type="nursery" free="0" total="209715200" percent="0">
      <mem type="allocate" free="0" total="136839168" percent="0" />
      <mem type="survivor" free="0" total="72876032" percent="0" />
    </mem>
    <mem type="tenure" free="50079968" total="629145600" percent="7" micro-fragmented="191660" macro-fragmented="0">
      <mem type="soa" free="43788512" total="622854144" percent="7" />
      <mem type="loa" free="6291456" total="6291456" percent="100" />
    </mem>
    <remembered-set count="124" />
  </mem-info>
</gc-end>
<cycle-end id="990" type="global" contextid="983" timestamp="2022-02-02T12:28:13.395" />
<allocation-satisfied id="991" threadId="0000000000016F00" bytesRequested="104" />
<af-end id="992" timestamp="2022-02-02T12:28:13.395" threadId="0000000000017908" success="true" from="tenure-soa"/>
<exclusive-end id="993" timestamp="2022-02-02T12:28:13.395" durationms="652.395" />

<exclusive-start id="994" timestamp="2022-02-02T12:28:13.395" intervalms="652.447">
  <response-info timems="0.018" idlems="0.018" threads="0" lastid="0000000000016F00" lastname="main" />
</exclusive-start>
<af-start id="995" threadId="0000000000017908" totalBytesRequested="184" timestamp="2022-02-02T12:28:13.395" intervalms="652.445" type="nursery" />
<percolate-collect id="996" from="nursery" to="global" reason="insufficient remaining tenure space" timestamp="2022-02-02T12:28:13.395"/>
<cycle-start id="997" type="global" contextid="0" timestamp="2022-02-02T12:28:13.395" intervalms="319.855" />
<gc-start id="998" type="global" contextid="997" timestamp="2022-02-02T12:28:13.395">
  <mem-info id="999" free="50079864" total="838860800" percent="5">
    <mem type="nursery" free="0" total="209715200" percent="0">
      <mem type="allocate" free="0" total="136839168" percent="0" />
      <mem type="survivor" free="0" total="72876032" percent="0" />
    </mem>
    <mem type="tenure" free="50079864" total="629145600" percent="7">
      <mem type="soa" free="43788408" total="622854144" percent="7" />
      <mem type="loa" free="6291456" total="6291456" percent="100" />
    </mem>
    <remembered-set count="124" />
  </mem-info>
</gc-start>
<allocation-stats totalBytes="104" >
  <allocated-bytes non-tlh="104" tlh="0" />
  <largest-consumer threadName="main" threadId="0000000000016F00" bytes="104" />
</allocation-stats>
<gc-op id="1000" type="mark" timems="323.625" contextid="997" timestamp="2022-02-02T12:28:13.719">
  <trace-info objectcount="13076004" scancount="9794696" scanbytes="209819776" />
  <finalization candidates="371" enqueued="0" />
  <ownableSynchronizers candidates="1" cleared="0" />
  <references type="soft" candidates="882" cleared="0" enqueued="0" dynamicThreshold="2" maxThreshold="32" />
  <references type="weak" candidates="1702" cleared="0" enqueued="0" />
  <references type="phantom" candidates="50" cleared="0" enqueued="0" />
  <stringconstants candidates="6468" cleared="0"  />
  <object-monitors candidates="3" cleared="0"  />
</gc-op>
<gc-op id="1001" type="sweep" timems="6.121" contextid="997" timestamp="2022-02-02T12:28:13.725" />
<gc-end id="1002" type="global" contextid="997" durationms="329.895" usertimems="566.828" systemtimems="3.367" stalltimems="747.106" timestamp="2022-02-02T12:28:13.725" activeThreads="4">
  <mem-info id="1003" free="50079864" total="838860800" percent="5">
    <mem type="nursery" free="0" total="209715200" percent="0">
      <mem type="allocate" free="0" total="136839168" percent="0" />
      <mem type="survivor" free="0" total="72876032" percent="0" />
    </mem>
    <mem type="tenure" free="50079864" total="629145600" percent="7" micro-fragmented="191660" macro-fragmented="0">
      <mem type="soa" free="43788408" total="622854144" percent="7" />
      <mem type="loa" free="6291456" total="6291456" percent="100" />
    </mem>
    <remembered-set count="124" />
  </mem-info>
</gc-end>
<cycle-end id="1004" type="global" contextid="997" timestamp="2022-02-02T12:28:13.725" />
<percolate-collect id="1005" from="nursery" to="global" reason="insufficient remaining tenure space" timestamp="2022-02-02T12:28:13.725"/>
<cycle-start id="1006" type="global" contextid="0" timestamp="2022-02-02T12:28:13.725" intervalms="330.071" />
<gc-start id="1007" type="global" contextid="1006" timestamp="2022-02-02T12:28:13.725">
  <mem-info id="1008" free="50079864" total="838860800" percent="5">
    <mem type="nursery" free="0" total="209715200" percent="0">
      <mem type="allocate" free="0" total="136839168" percent="0" />
      <mem type="survivor" free="0" total="72876032" percent="0" />
    </mem>
    <mem type="tenure" free="50079864" total="629145600" percent="7">
      <mem type="soa" free="43788408" total="622854144" percent="7" />
      <mem type="loa" free="6291456" total="6291456" percent="100" />
    </mem>
    <remembered-set count="124" />
  </mem-info>
</gc-start>
<allocation-stats totalBytes="0" >
  <allocated-bytes non-tlh="0" tlh="0" />
</allocation-stats>
<gc-op id="1009" type="mark" timems="452.435" contextid="1006" timestamp="2022-02-02T12:28:14.177">
  <trace-info objectcount="13076004" scancount="9794663" scanbytes="209819776" />
  <finalization candidates="371" enqueued="0" />
  <ownableSynchronizers candidates="1" cleared="0" />
  <references type="soft" candidates="882" cleared="0" enqueued="0" dynamicThreshold="2" maxThreshold="32" />
  <references type="weak" candidates="1702" cleared="0" enqueued="0" />
  <references type="phantom" candidates="50" cleared="0" enqueued="0" />
  <stringconstants candidates="6468" cleared="0"  />
  <object-monitors candidates="3" cleared="0"  />
</gc-op>
<gc-op id="1010" type="sweep" timems="5.709" contextid="1006" timestamp="2022-02-02T12:28:14.183" />
<gc-end id="1011" type="global" contextid="1006" durationms="458.286" usertimems="1289.348" systemtimems="77.208" stalltimems="464.790" timestamp="2022-02-02T12:28:14.183" activeThreads="4">
  <mem-info id="1012" free="50079864" total="838860800" percent="5">
    <mem type="nursery" free="0" total="209715200" percent="0">
      <mem type="allocate" free="0" total="136839168" percent="0" />
      <mem type="survivor" free="0" total="72876032" percent="0" />
    </mem>
    <mem type="tenure" free="50079864" total="629145600" percent="7" micro-fragmented="191660" macro-fragmented="33282812">
      <mem type="soa" free="43788408" total="622854144" percent="7" />
      <mem type="loa" free="6291456" total="6291456" percent="100" />
    </mem>
    <remembered-set count="124" />
  </mem-info>
</gc-end>
<cycle-end id="1013" type="global" contextid="1006" timestamp="2022-02-02T12:28:14.183" />
<allocation-satisfied id="1014" threadId="0000000000016F00" bytesRequested="184" />
<af-end id="1015" timestamp="2022-02-02T12:28:14.184" threadId="0000000000017908" success="true" from="tenure-soa"/>
<exclusive-end id="1016" timestamp="2022-02-02T12:28:14.184" durationms="788.621" />

<exclusive-start id="1017" timestamp="2022-02-02T12:28:14.184" intervalms="788.681">
  <response-info timems="0.018" idlems="0.018" threads="0" lastid="0000000000016F00" lastname="main" />
</exclusive-start>
<af-start id="1018" threadId="0000000000017908" totalBytesRequested="24" timestamp="2022-02-02T12:28:14.184" intervalms="788.682" type="nursery" />
<percolate-collect id="1019" from="nursery" to="global" reason="insufficient remaining tenure space" timestamp="2022-02-02T12:28:14.184"/>
<cycle-start id="1020" type="global" contextid="0" timestamp="2022-02-02T12:28:14.184" intervalms="458.605" />
<gc-start id="1021" type="global" contextid="1020" timestamp="2022-02-02T12:28:14.184">
  <mem-info id="1022" free="50079064" total="838860800" percent="5">
    <mem type="nursery" free="0" total="209715200" percent="0">
      <mem type="allocate" free="0" total="136839168" percent="0" />
      <mem type="survivor" free="0" total="72876032" percent="0" />
    </mem>
    <mem type="tenure" free="50079064" total="629145600" percent="7">
      <mem type="soa" free="43787608" total="622854144" percent="7" />
      <mem type="loa" free="6291456" total="6291456" percent="100" />
    </mem>
    <remembered-set count="124" />
  </mem-info>
</gc-start>
<allocation-stats totalBytes="184" >
  <allocated-bytes non-tlh="184" tlh="0" />
  <largest-consumer threadName="main" threadId="0000000000016F00" bytes="184" />
</allocation-stats>
<gc-op id="1023" type="mark" timems="288.722" contextid="1020" timestamp="2022-02-02T12:28:14.472">
  <trace-info objectcount="13076004" scancount="9794614" scanbytes="209819776" />
  <finalization candidates="371" enqueued="0" />
  <ownableSynchronizers candidates="1" cleared="0" />
  <references type="soft" candidates="882" cleared="0" enqueued="0" dynamicThreshold="2" maxThreshold="32" />
  <references type="weak" candidates="1702" cleared="0" enqueued="0" />
  <references type="phantom" candidates="50" cleared="0" enqueued="0" />
  <stringconstants candidates="6468" cleared="0"  />
  <object-monitors candidates="3" cleared="0"  />
</gc-op>
<gc-op id="1024" type="sweep" timems="6.020" contextid="1020" timestamp="2022-02-02T12:28:14.478" />
<gc-end id="1025" type="global" contextid="1020" durationms="294.924" usertimems="511.661" systemtimems="0.637" stalltimems="665.494" timestamp="2022-02-02T12:28:14.479" activeThreads="4">
  <mem-info id="1026" free="50079064" total="838860800" percent="5">
    <mem type="nursery" free="0" total="209715200" percent="0">
      <mem type="allocate" free="0" total="136839168" percent="0" />
      <mem type="survivor" free="0" total="72876032" percent="0" />
    </mem>
    <mem type="tenure" free="50079064" total="629145600" percent="7" micro-fragmented="191660" macro-fragmented="19260884">
      <mem type="soa" free="43787608" total="622854144" percent="7" />
      <mem type="loa" free="6291456" total="6291456" percent="100" />
    </mem>
    <remembered-set count="124" />
  </mem-info>
</gc-end>
<cycle-end id="1027" type="global" contextid="1020" timestamp="2022-02-02T12:28:14.479" />
<percolate-collect id="1028" from="nursery" to="global" reason="insufficient remaining tenure space" timestamp="2022-02-02T12:28:14.479"/>
<cycle-start id="1029" type="global" contextid="0" timestamp="2022-02-02T12:28:14.479" intervalms="295.176" />
<gc-start id="1030" type="global" contextid="1029" timestamp="2022-02-02T12:28:14.479">
  <mem-info id="1031" free="50079064" total="838860800" percent="5">
    <mem type="nursery" free="0" total="209715200" percent="0">
      <mem type="allocate" free="0" total="136839168" percent="0" />
      <mem type="survivor" free="0" total="72876032" percent="0" />
    </mem>
    <mem type="tenure" free="50079064" total="629145600" percent="7">
      <mem type="soa" free="43787608" total="622854144" percent="7" />
      <mem type="loa" free="6291456" total="6291456" percent="100" />
    </mem>
    <remembered-set count="124" />
  </mem-info>
</gc-start>
<allocation-stats totalBytes="0" >
  <allocated-bytes non-tlh="0" tlh="0" />
</allocation-stats>
<gc-op id="1032" type="mark" timems="282.750" contextid="1029" timestamp="2022-02-02T12:28:14.762">
  <trace-info objectcount="13076004" scancount="9794718" scanbytes="209819776" />
  <finalization candidates="371" enqueued="0" />
  <ownableSynchronizers candidates="1" cleared="0" />
  <references type="soft" candidates="882" cleared="0" enqueued="0" dynamicThreshold="2" maxThreshold="32" />
  <references type="weak" candidates="1702" cleared="0" enqueued="0" />
  <references type="phantom" candidates="50" cleared="0" enqueued="0" />
  <stringconstants candidates="6468" cleared="0"  />
  <object-monitors candidates="3" cleared="0"  />
</gc-op>
<gc-op id="1033" type="sweep" timems="5.845" contextid="1029" timestamp="2022-02-02T12:28:14.767" />
<gc-end id="1034" type="global" contextid="1029" durationms="288.749" usertimems="485.096" systemtimems="3.676" stalltimems="664.231" timestamp="2022-02-02T12:28:14.768" activeThreads="4">
  <mem-info id="1035" free="50079064" total="838860800" percent="5">
    <mem type="nursery" free="0" total="209715200" percent="0">
      <mem type="allocate" free="0" total="136839168" percent="0" />
      <mem type="survivor" free="0" total="72876032" percent="0" />
    </mem>
    <mem type="tenure" free="50079064" total="629145600" percent="7" micro-fragmented="191660" macro-fragmented="33282812">
      <mem type="soa" free="43787608" total="622854144" percent="7" />
      <mem type="loa" free="6291456" total="6291456" percent="100" />
    </mem>
    <remembered-set count="124" />
  </mem-info>
</gc-end>
<cycle-end id="1036" type="global" contextid="1029" timestamp="2022-02-02T12:28:14.768" />
<allocation-satisfied id="1037" threadId="0000000000016F00" bytesRequested="24" />
<af-end id="1038" timestamp="2022-02-02T12:28:14.768" threadId="0000000000017908" success="true" from="tenure-soa"/>
<exclusive-end id="1039" timestamp="2022-02-02T12:28:14.768" durationms="584.155" />

<exclusive-start id="1040" timestamp="2022-02-02T12:28:14.768" intervalms="584.202">
  <response-info timems="0.017" idlems="0.017" threads="0" lastid="0000000000016F00" lastname="main" />
</exclusive-start>
<af-start id="1041" threadId="0000000000017908" totalBytesRequested="24" timestamp="2022-02-02T12:28:14.768" intervalms="584.200" type="nursery" />
<percolate-collect id="1042" from="nursery" to="global" reason="insufficient remaining tenure space" timestamp="2022-02-02T12:28:14.768"/>
<cycle-start id="1043" type="global" contextid="0" timestamp="2022-02-02T12:28:14.768" intervalms="289.021" />
<gc-start id="1044" type="global" contextid="1043" timestamp="2022-02-02T12:28:14.768">
  <mem-info id="1045" free="50078296" total="838860800" percent="5">
    <mem type="nursery" free="0" total="209715200" percent="0">
      <mem type="allocate" free="0" total="136839168" percent="0" />
      <mem type="survivor" free="0" total="72876032" percent="0" />
    </mem>
    <mem type="tenure" free="50078296" total="629145600" percent="7">
      <mem type="soa" free="43786840" total="622854144" percent="7" />
      <mem type="loa" free="6291456" total="6291456" percent="100" />
    </mem>
    <remembered-set count="125" />
  </mem-info>
</gc-start>
<allocation-stats totalBytes="24" >
  <allocated-bytes non-tlh="24" tlh="0" />
  <largest-consumer threadName="main" threadId="0000000000016F00" bytes="24" />
</allocation-stats>
<gc-op id="1046" type="mark" timems="446.495" contextid="1043" timestamp="2022-02-02T12:28:15.214">
  <trace-info objectcount="13076005" scancount="9794660" scanbytes="209819800" />
  <finalization candidates="371" enqueued="0" />
  <ownableSynchronizers candidates="1" cleared="0" />
  <references type="soft" candidates="882" cleared="0" enqueued="0" dynamicThreshold="2" maxThreshold="32" />
  <references type="weak" candidates="1702" cleared="0" enqueued="0" />
  <references type="phantom" candidates="50" cleared="0" enqueued="0" />
  <stringconstants candidates="6468" cleared="0"  />
  <object-monitors candidates="3" cleared="0"  />
</gc-op>
<gc-op id="1047" type="sweep" timems="5.848" contextid="1043" timestamp="2022-02-02T12:28:15.220" />
<gc-end id="1048" type="global" contextid="1043" durationms="452.477" usertimems="1266.382" systemtimems="59.624" stalltimems="479.122" timestamp="2022-02-02T12:28:15.220" activeThreads="4">
  <mem-info id="1049" free="50078296" total="838860800" percent="5">
    <mem type="nursery" free="0" total="209715200" percent="0">
      <mem type="allocate" free="0" total="136839168" percent="0" />
      <mem type="survivor" free="0" total="72876032" percent="0" />
    </mem>
    <mem type="tenure" free="50078296" total="629145600" percent="7" micro-fragmented="191660" macro-fragmented="27735676">
      <mem type="soa" free="43786840" total="622854144" percent="7" />
      <mem type="loa" free="6291456" total="6291456" percent="100" />
    </mem>
    <remembered-set count="125" />
  </mem-info>
</gc-end>
<cycle-end id="1050" type="global" contextid="1043" timestamp="2022-02-02T12:28:15.220" />
<percolate-collect id="1051" from="nursery" to="global" reason="insufficient remaining tenure space" timestamp="2022-02-02T12:28:15.220"/>
<cycle-start id="1052" type="global" contextid="0" timestamp="2022-02-02T12:28:15.221" intervalms="452.686" />
<gc-start id="1053" type="global" contextid="1052" timestamp="2022-02-02T12:28:15.221">
  <mem-info id="1054" free="50078296" total="838860800" percent="5">
    <mem type="nursery" free="0" total="209715200" percent="0">
      <mem type="allocate" free="0" total="136839168" percent="0" />
      <mem type="survivor" free="0" total="72876032" percent="0" />
    </mem>
    <mem type="tenure" free="50078296" total="629145600" percent="7">
      <mem type="soa" free="43786840" total="622854144" percent="7" />
      <mem type="loa" free="6291456" total="6291456" percent="100" />
    </mem>
    <remembered-set count="125" />
  </mem-info>
</gc-start>
<allocation-stats totalBytes="0" >
  <allocated-bytes non-tlh="0" tlh="0" />
</allocation-stats>
<gc-op id="1055" type="mark" timems="437.977" contextid="1052" timestamp="2022-02-02T12:28:15.659">
  <trace-info objectcount="13076005" scancount="9794652" scanbytes="209819800" />
  <finalization candidates="371" enqueued="0" />
  <ownableSynchronizers candidates="1" cleared="0" />
  <references type="soft" candidates="882" cleared="0" enqueued="0" dynamicThreshold="2" maxThreshold="32" />
  <references type="weak" candidates="1702" cleared="0" enqueued="0" />
  <references type="phantom" candidates="50" cleared="0" enqueued="0" />
  <stringconstants candidates="6468" cleared="0"  />
  <object-monitors candidates="3" cleared="0"  />
</gc-op>
<gc-op id="1056" type="sweep" timems="6.238" contextid="1052" timestamp="2022-02-02T12:28:15.665" />
<gc-end id="1057" type="global" contextid="1052" durationms="444.386" usertimems="1275.927" systemtimems="31.881" stalltimems="463.880" timestamp="2022-02-02T12:28:15.665" activeThreads="4">
  <mem-info id="1058" free="50078296" total="838860800" percent="5">
    <mem type="nursery" free="0" total="209715200" percent="0">
      <mem type="allocate" free="0" total="136839168" percent="0" />
      <mem type="survivor" free="0" total="72876032" percent="0" />
    </mem>
    <mem type="tenure" free="50078296" total="629145600" percent="7" micro-fragmented="191660" macro-fragmented="39939376">
      <mem type="soa" free="43786840" total="622854144" percent="7" />
      <mem type="loa" free="6291456" total="6291456" percent="100" />
    </mem>
    <remembered-set count="125" />
  </mem-info>
</gc-end>
<cycle-end id="1059" type="global" contextid="1052" timestamp="2022-02-02T12:28:15.665" />
<allocation-satisfied id="1060" threadId="0000000000016F00" bytesRequested="24" />
<af-end id="1061" timestamp="2022-02-02T12:28:15.665" threadId="0000000000017908" success="true" from="tenure-soa"/>
<exclusive-end id="1062" timestamp="2022-02-02T12:28:15.665" durationms="897.341" />

<exclusive-start id="1063" timestamp="2022-02-02T12:28:15.665" intervalms="897.417">
  <response-info timems="0.020" idlems="0.020" threads="0" lastid="0000000000016F00" lastname="main" />
</exclusive-start>
<af-start id="1064" threadId="0000000000017908" totalBytesRequested="16" timestamp="2022-02-02T12:28:15.665" intervalms="897.423" type="nursery" />
<percolate-collect id="1065" from="nursery" to="global" reason="insufficient remaining tenure space" timestamp="2022-02-02T12:28:15.665"/>
<cycle-start id="1066" type="global" contextid="0" timestamp="2022-02-02T12:28:15.665" intervalms="444.760" />
<gc-start id="1067" type="global" contextid="1066" timestamp="2022-02-02T12:28:15.665">
  <mem-info id="1068" free="50078272" total="838860800" percent="5">
    <mem type="nursery" free="0" total="209715200" percent="0">
      <mem type="allocate" free="0" total="136839168" percent="0" />
      <mem type="survivor" free="0" total="72876032" percent="0" />
    </mem>
    <mem type="tenure" free="50078272" total="629145600" percent="7">
      <mem type="soa" free="43786816" total="622854144" percent="7" />
      <mem type="loa" free="6291456" total="6291456" percent="100" />
    </mem>
    <remembered-set count="126" />
  </mem-info>
</gc-start>
<allocation-stats totalBytes="24" >
  <allocated-bytes non-tlh="24" tlh="0" />
  <largest-consumer threadName="main" threadId="0000000000016F00" bytes="24" />
</allocation-stats>
<gc-op id="1069" type="mark" timems="312.633" contextid="1066" timestamp="2022-02-02T12:28:15.978">
  <trace-info objectcount="13076006" scancount="9794628" scanbytes="209819824" />
  <finalization candidates="371" enqueued="0" />
  <ownableSynchronizers candidates="1" cleared="0" />
  <references type="soft" candidates="882" cleared="0" enqueued="0" dynamicThreshold="2" maxThreshold="32" />
  <references type="weak" candidates="1702" cleared="0" enqueued="0" />
  <references type="phantom" candidates="50" cleared="0" enqueued="0" />
  <stringconstants candidates="6468" cleared="0"  />
  <object-monitors candidates="3" cleared="0"  />
</gc-op>
<gc-op id="1070" type="sweep" timems="5.922" contextid="1066" timestamp="2022-02-02T12:28:15.984" />
<gc-end id="1071" type="global" contextid="1066" durationms="318.701" usertimems="345.475" systemtimems="2.736" stalltimems="925.658" timestamp="2022-02-02T12:28:15.984" activeThreads="4">
  <mem-info id="1072" free="50078272" total="838860800" percent="5">
    <mem type="nursery" free="0" total="209715200" percent="0">
      <mem type="allocate" free="0" total="136839168" percent="0" />
      <mem type="survivor" free="0" total="72876032" percent="0" />
    </mem>
    <mem type="tenure" free="50078272" total="629145600" percent="7" micro-fragmented="191660" macro-fragmented="33282812">
      <mem type="soa" free="43786816" total="622854144" percent="7" />
      <mem type="loa" free="6291456" total="6291456" percent="100" />
    </mem>
    <remembered-set count="126" />
  </mem-info>
</gc-end>
<cycle-end id="1073" type="global" contextid="1066" timestamp="2022-02-02T12:28:15.984" />
<percolate-collect id="1074" from="nursery" to="global" reason="insufficient remaining tenure space" timestamp="2022-02-02T12:28:15.984"/>
<cycle-start id="1075" type="global" contextid="0" timestamp="2022-02-02T12:28:15.984" intervalms="318.914" />
<gc-start id="1076" type="global" contextid="1075" timestamp="2022-02-02T12:28:15.984">
  <mem-info id="1077" free="50078272" total="838860800" percent="5">
    <mem type="nursery" free="0" total="209715200" percent="0">
      <mem type="allocate" free="0" total="136839168" percent="0" />
      <mem type="survivor" free="0" total="72876032" percent="0" />
    </mem>
    <mem type="tenure" free="50078272" total="629145600" percent="7">
      <mem type="soa" free="43786816" total="622854144" percent="7" />
      <mem type="loa" free="6291456" total="6291456" percent="100" />
    </mem>
    <remembered-set count="126" />
  </mem-info>
</gc-start>
<allocation-stats totalBytes="0" >
  <allocated-bytes non-tlh="0" tlh="0" />
</allocation-stats>
<gc-op id="1078" type="mark" timems="293.169" contextid="1075" timestamp="2022-02-02T12:28:16.277">
  <trace-info objectcount="13076006" scancount="9794675" scanbytes="209819824" />
  <finalization candidates="371" enqueued="0" />
  <ownableSynchronizers candidates="1" cleared="0" />
  <references type="soft" candidates="882" cleared="0" enqueued="0" dynamicThreshold="2" maxThreshold="32" />
  <references type="weak" candidates="1702" cleared="0" enqueued="0" />
  <references type="phantom" candidates="50" cleared="0" enqueued="0" />
  <stringconstants candidates="6468" cleared="0"  />
  <object-monitors candidates="3" cleared="0"  />
</gc-op>
<gc-op id="1079" type="sweep" timems="6.274" contextid="1075" timestamp="2022-02-02T12:28:16.284" />
<gc-end id="1080" type="global" contextid="1075" durationms="299.619" usertimems="503.372" systemtimems="15.645" stalltimems="677.602" timestamp="2022-02-02T12:28:16.284" activeThreads="4">
  <mem-info id="1081" free="50078272" total="838860800" percent="5">
    <mem type="nursery" free="0" total="209715200" percent="0">
      <mem type="allocate" free="0" total="136839168" percent="0" />
      <mem type="survivor" free="0" total="72876032" percent="0" />
    </mem>
    <mem type="tenure" free="50078272" total="629145600" percent="7" micro-fragmented="191660" macro-fragmented="39939376">
      <mem type="soa" free="43786816" total="622854144" percent="7" />
      <mem type="loa" free="6291456" total="6291456" percent="100" />
    </mem>
    <remembered-set count="126" />
  </mem-info>
</gc-end>
<cycle-end id="1082" type="global" contextid="1075" timestamp="2022-02-02T12:28:16.284" />
<allocation-satisfied id="1083" threadId="0000000000016F00" bytesRequested="16" />
<af-end id="1084" timestamp="2022-02-02T12:28:16.284" threadId="0000000000017908" success="true" from="tenure-soa"/>
<exclusive-end id="1085" timestamp="2022-02-02T12:28:16.284" durationms="618.772" />

<exclusive-start id="1086" timestamp="2022-02-02T12:28:16.284" intervalms="618.860">
  <response-info timems="0.049" idlems="0.049" threads="0" lastid="0000000000016F00" lastname="main" />
</exclusive-start>
<af-start id="1087" threadId="0000000000017908" totalBytesRequested="120" timestamp="2022-02-02T12:28:16.284" intervalms="618.871" type="nursery" />
<percolate-collect id="1088" from="nursery" to="global" reason="insufficient remaining tenure space" timestamp="2022-02-02T12:28:16.284"/>
<cycle-start id="1089" type="global" contextid="0" timestamp="2022-02-02T12:28:16.284" intervalms="299.937" />
<gc-start id="1090" type="global" contextid="1089" timestamp="2022-02-02T12:28:16.284">
  <mem-info id="1091" free="50078256" total="838860800" percent="5">
    <mem type="nursery" free="0" total="209715200" percent="0">
      <mem type="allocate" free="0" total="136839168" percent="0" />
      <mem type="survivor" free="0" total="72876032" percent="0" />
    </mem>
    <mem type="tenure" free="50078256" total="629145600" percent="7">
      <mem type="soa" free="43786800" total="622854144" percent="7" />
      <mem type="loa" free="6291456" total="6291456" percent="100" />
    </mem>
    <remembered-set count="127" />
  </mem-info>
</gc-start>
<allocation-stats totalBytes="16" >
  <allocated-bytes non-tlh="16" tlh="0" />
  <largest-consumer threadName="main" threadId="0000000000016F00" bytes="16" />
</allocation-stats>
<gc-op id="1092" type="mark" timems="453.090" contextid="1089" timestamp="2022-02-02T12:28:16.737">
  <trace-info objectcount="13076007" scancount="9794663" scanbytes="209819840" />
  <finalization candidates="371" enqueued="0" />
  <ownableSynchronizers candidates="1" cleared="0" />
  <references type="soft" candidates="882" cleared="0" enqueued="0" dynamicThreshold="2" maxThreshold="32" />
  <references type="weak" candidates="1702" cleared="0" enqueued="0" />
  <references type="phantom" candidates="50" cleared="0" enqueued="0" />
  <stringconstants candidates="6468" cleared="0"  />
  <object-monitors candidates="3" cleared="0"  />
</gc-op>
<gc-op id="1093" type="sweep" timems="5.970" contextid="1089" timestamp="2022-02-02T12:28:16.743" />
<gc-end id="1094" type="global" contextid="1089" durationms="459.251" usertimems="1289.803" systemtimems="25.106" stalltimems="498.325" timestamp="2022-02-02T12:28:16.743" activeThreads="4">
  <mem-info id="1095" free="50078256" total="838860800" percent="5">
    <mem type="nursery" free="0" total="209715200" percent="0">
      <mem type="allocate" free="0" total="136839168" percent="0" />
      <mem type="survivor" free="0" total="72876032" percent="0" />
    </mem>
    <mem type="tenure" free="50078256" total="629145600" percent="7" micro-fragmented="191660" macro-fragmented="39939376">
      <mem type="soa" free="43786800" total="622854144" percent="7" />
      <mem type="loa" free="6291456" total="6291456" percent="100" />
    </mem>
    <remembered-set count="127" />
  </mem-info>
</gc-end>
<cycle-end id="1096" type="global" contextid="1089" timestamp="2022-02-02T12:28:16.744" />
<percolate-collect id="1097" from="nursery" to="global" reason="insufficient remaining tenure space" timestamp="2022-02-02T12:28:16.744"/>
<cycle-start id="1098" type="global" contextid="0" timestamp="2022-02-02T12:28:16.744" intervalms="459.433" />
<gc-start id="1099" type="global" contextid="1098" timestamp="2022-02-02T12:28:16.744">
  <mem-info id="1100" free="50078256" total="838860800" percent="5">
    <mem type="nursery" free="0" total="209715200" percent="0">
      <mem type="allocate" free="0" total="136839168" percent="0" />
      <mem type="survivor" free="0" total="72876032" percent="0" />
    </mem>
    <mem type="tenure" free="50078256" total="629145600" percent="7">
      <mem type="soa" free="43786800" total="622854144" percent="7" />
      <mem type="loa" free="6291456" total="6291456" percent="100" />
    </mem>
    <remembered-set count="127" />
  </mem-info>
</gc-start>
<allocation-stats totalBytes="0" >
  <allocated-bytes non-tlh="0" tlh="0" />
</allocation-stats>
<gc-op id="1101" type="mark" timems="298.688" contextid="1098" timestamp="2022-02-02T12:28:17.042">
  <trace-info objectcount="13076007" scancount="9794707" scanbytes="209819840" />
  <finalization candidates="371" enqueued="0" />
  <ownableSynchronizers candidates="1" cleared="0" />
  <references type="soft" candidates="882" cleared="0" enqueued="0" dynamicThreshold="2" maxThreshold="32" />
  <references type="weak" candidates="1702" cleared="0" enqueued="0" />
  <references type="phantom" candidates="50" cleared="0" enqueued="0" />
  <stringconstants candidates="6468" cleared="0"  />
  <object-monitors candidates="3" cleared="0"  />
</gc-op>
<gc-op id="1102" type="sweep" timems="6.364" contextid="1098" timestamp="2022-02-02T12:28:17.049" />
<gc-end id="1103" type="global" contextid="1098" durationms="305.194" usertimems="517.201" systemtimems="8.097" stalltimems="693.718" timestamp="2022-02-02T12:28:17.049" activeThreads="4">
  <mem-info id="1104" free="50078256" total="838860800" percent="5">
    <mem type="nursery" free="0" total="209715200" percent="0">
      <mem type="allocate" free="0" total="136839168" percent="0" />
      <mem type="survivor" free="0" total="72876032" percent="0" />
    </mem>
    <mem type="tenure" free="50078256" total="629145600" percent="7" micro-fragmented="191660" macro-fragmented="348889">
      <mem type="soa" free="43786800" total="622854144" percent="7" />
      <mem type="loa" free="6291456" total="6291456" percent="100" />
    </mem>
    <remembered-set count="127" />
  </mem-info>
</gc-end>
<cycle-end id="1105" type="global" contextid="1098" timestamp="2022-02-02T12:28:17.049" />
<allocation-satisfied id="1106" threadId="0000000000016F00" bytesRequested="120" />
<af-end id="1107" timestamp="2022-02-02T12:28:17.049" threadId="0000000000017908" success="true" from="tenure-soa"/>
<exclusive-end id="1108" timestamp="2022-02-02T12:28:17.049" durationms="764.866" />

<exclusive-start id="1109" timestamp="2022-02-02T12:28:17.049" intervalms="764.913">
  <response-info timems="0.017" idlems="0.017" threads="0" lastid="0000000000016F00" lastname="main" />
</exclusive-start>
<af-start id="1110" threadId="0000000000017908" totalBytesRequested="216" timestamp="2022-02-02T12:28:17.049" intervalms="764.897" type="nursery" />
<percolate-collect id="1111" from="nursery" to="global" reason="insufficient remaining tenure space" timestamp="2022-02-02T12:28:17.049"/>
<cycle-start id="1112" type="global" contextid="0" timestamp="2022-02-02T12:28:17.049" intervalms="305.460" />
<gc-start id="1113" type="global" contextid="1112" timestamp="2022-02-02T12:28:17.049">
  <mem-info id="1114" free="50077432" total="838860800" percent="5">
    <mem type="nursery" free="0" total="209715200" percent="0">
      <mem type="allocate" free="0" total="136839168" percent="0" />
      <mem type="survivor" free="0" total="72876032" percent="0" />
    </mem>
    <mem type="tenure" free="50077432" total="629145600" percent="7">
      <mem type="soa" free="43785976" total="622854144" percent="7" />
      <mem type="loa" free="6291456" total="6291456" percent="100" />
    </mem>
    <remembered-set count="127" />
  </mem-info>
</gc-start>
<allocation-stats totalBytes="120" >
  <allocated-bytes non-tlh="120" tlh="0" />
  <largest-consumer threadName="main" threadId="0000000000016F00" bytes="120" />
</allocation-stats>
<gc-op id="1115" type="mark" timems="448.064" contextid="1112" timestamp="2022-02-02T12:28:17.497">
  <trace-info objectcount="13076008" scancount="9794676" scanbytes="209819840" />
  <finalization candidates="371" enqueued="0" />
  <ownableSynchronizers candidates="1" cleared="0" />
  <references type="soft" candidates="882" cleared="0" enqueued="0" dynamicThreshold="2" maxThreshold="32" />
  <references type="weak" candidates="1702" cleared="0" enqueued="0" />
  <references type="phantom" candidates="50" cleared="0" enqueued="0" />
  <stringconstants candidates="6468" cleared="0"  />
  <object-monitors candidates="3" cleared="0"  />
</gc-op>
<gc-op id="1116" type="sweep" timems="5.555" contextid="1112" timestamp="2022-02-02T12:28:17.503" />
<gc-end id="1117" type="global" contextid="1112" durationms="453.755" usertimems="1256.909" systemtimems="87.834" stalltimems="464.730" timestamp="2022-02-02T12:28:17.503" activeThreads="4">
  <mem-info id="1118" free="50077432" total="838860800" percent="5">
    <mem type="nursery" free="0" total="209715200" percent="0">
      <mem type="allocate" free="0" total="136839168" percent="0" />
      <mem type="survivor" free="0" total="72876032" percent="0" />
    </mem>
    <mem type="tenure" free="50077432" total="629145600" percent="7" micro-fragmented="191660" macro-fragmented="33282812">
      <mem type="soa" free="43785976" total="622854144" percent="7" />
      <mem type="loa" free="6291456" total="6291456" percent="100" />
    </mem>
    <remembered-set count="127" />
  </mem-info>
</gc-end>
<cycle-end id="1119" type="global" contextid="1112" timestamp="2022-02-02T12:28:17.503" />
<percolate-collect id="1120" from="nursery" to="global" reason="insufficient remaining tenure space" timestamp="2022-02-02T12:28:17.503"/>
<cycle-start id="1121" type="global" contextid="0" timestamp="2022-02-02T12:28:17.503" intervalms="453.930" />
<gc-start id="1122" type="global" contextid="1121" timestamp="2022-02-02T12:28:17.503">
  <mem-info id="1123" free="50077432" total="838860800" percent="5">
    <mem type="nursery" free="0" total="209715200" percent="0">
      <mem type="allocate" free="0" total="136839168" percent="0" />
      <mem type="survivor" free="0" total="72876032" percent="0" />
    </mem>
    <mem type="tenure" free="50077432" total="629145600" percent="7">
      <mem type="soa" free="43785976" total="622854144" percent="7" />
      <mem type="loa" free="6291456" total="6291456" percent="100" />
    </mem>
    <remembered-set count="127" />
  </mem-info>
</gc-start>
<allocation-stats totalBytes="0" >
  <allocated-bytes non-tlh="0" tlh="0" />
</allocation-stats>
<gc-op id="1124" type="mark" timems="444.328" contextid="1121" timestamp="2022-02-02T12:28:17.947">
  <trace-info objectcount="13076008" scancount="9794666" scanbytes="209819840" />
  <finalization candidates="371" enqueued="0" />
  <ownableSynchronizers candidates="1" cleared="0" />
  <references type="soft" candidates="882" cleared="0" enqueued="0" dynamicThreshold="2" maxThreshold="32" />
  <references type="weak" candidates="1702" cleared="0" enqueued="0" />
  <references type="phantom" candidates="50" cleared="0" enqueued="0" />
  <stringconstants candidates="6468" cleared="0"  />
  <object-monitors candidates="3" cleared="0"  />
</gc-op>
<gc-op id="1125" type="sweep" timems="5.969" contextid="1121" timestamp="2022-02-02T12:28:17.953" />
<gc-end id="1126" type="global" contextid="1121" durationms="450.463" usertimems="1133.003" systemtimems="27.748" stalltimems="638.983" timestamp="2022-02-02T12:28:17.953" activeThreads="4">
  <mem-info id="1127" free="50077432" total="838860800" percent="5">
    <mem type="nursery" free="0" total="209715200" percent="0">
      <mem type="allocate" free="0" total="136839168" percent="0" />
      <mem type="survivor" free="0" total="72876032" percent="0" />
    </mem>
    <mem type="tenure" free="50077432" total="629145600" percent="7" micro-fragmented="191660" macro-fragmented="19260884">
      <mem type="soa" free="43785976" total="622854144" percent="7" />
      <mem type="loa" free="6291456" total="6291456" percent="100" />
    </mem>
    <remembered-set count="127" />
  </mem-info>
</gc-end>
<cycle-end id="1128" type="global" contextid="1121" timestamp="2022-02-02T12:28:17.954" />
<allocation-satisfied id="1129" threadId="0000000000016F00" bytesRequested="216" />
<af-end id="1130" timestamp="2022-02-02T12:28:17.954" threadId="0000000000017908" success="true" from="tenure-soa"/>
<exclusive-end id="1131" timestamp="2022-02-02T12:28:17.954" durationms="904.600" />

<exclusive-start id="1132" timestamp="2022-02-02T12:28:17.954" intervalms="904.885">
  <response-info timems="0.020" idlems="0.020" threads="0" lastid="0000000000016F00" lastname="main" />
</exclusive-start>
<af-start id="1133" threadId="0000000000017908" totalBytesRequested="24" timestamp="2022-02-02T12:28:17.954" intervalms="904.889" type="nursery" />
<percolate-collect id="1134" from="nursery" to="global" reason="insufficient remaining tenure space" timestamp="2022-02-02T12:28:17.954"/>
<cycle-start id="1135" type="global" contextid="0" timestamp="2022-02-02T12:28:17.954" intervalms="450.963" />
<gc-start id="1136" type="global" contextid="1135" timestamp="2022-02-02T12:28:17.954">
  <mem-info id="1137" free="50076616" total="838860800" percent="5">
    <mem type="nursery" free="0" total="209715200" percent="0">
      <mem type="allocate" free="0" total="136839168" percent="0" />
      <mem type="survivor" free="0" total="72876032" percent="0" />
    </mem>
    <mem type="tenure" free="50076616" total="629145600" percent="7">
      <mem type="soa" free="43785160" total="622854144" percent="7" />
      <mem type="loa" free="6291456" total="6291456" percent="100" />
    </mem>
    <remembered-set count="127" />
  </mem-info>
</gc-start>
<allocation-stats totalBytes="216" >
  <allocated-bytes non-tlh="216" tlh="0" />
  <largest-consumer threadName="main" threadId="0000000000016F00" bytes="216" />
</allocation-stats>
<gc-op id="1138" type="mark" timems="301.861" contextid="1135" timestamp="2022-02-02T12:28:18.256">
  <trace-info objectcount="13076008" scancount="9794671" scanbytes="209819840" />
  <finalization candidates="371" enqueued="0" />
  <ownableSynchronizers candidates="1" cleared="0" />
  <references type="soft" candidates="882" cleared="0" enqueued="0" dynamicThreshold="2" maxThreshold="32" />
  <references type="weak" candidates="1702" cleared="0" enqueued="0" />
  <references type="phantom" candidates="50" cleared="0" enqueued="0" />
  <stringconstants candidates="6468" cleared="0"  />
  <object-monitors candidates="3" cleared="0"  />
</gc-op>
<gc-op id="1139" type="sweep" timems="5.720" contextid="1135" timestamp="2022-02-02T12:28:18.262" />
<gc-end id="1140" type="global" contextid="1135" durationms="307.745" usertimems="571.206" systemtimems="3.843" stalltimems="652.643" timestamp="2022-02-02T12:28:18.262" activeThreads="4">
  <mem-info id="1141" free="50077440" total="838860800" percent="5">
    <mem type="nursery" free="0" total="209715200" percent="0">
      <mem type="allocate" free="0" total="136839168" percent="0" />
      <mem type="survivor" free="0" total="72876032" percent="0" />
    </mem>
    <mem type="tenure" free="50077440" total="629145600" percent="7" micro-fragmented="191660" macro-fragmented="0">
      <mem type="soa" free="43785984" total="622854144" percent="7" />
      <mem type="loa" free="6291456" total="6291456" percent="100" />
    </mem>
    <remembered-set count="127" />
  </mem-info>
</gc-end>
<cycle-end id="1142" type="global" contextid="1135" timestamp="2022-02-02T12:28:18.262" />
<percolate-collect id="1143" from="nursery" to="global" reason="insufficient remaining tenure space" timestamp="2022-02-02T12:28:18.262"/>
<cycle-start id="1144" type="global" contextid="0" timestamp="2022-02-02T12:28:18.262" intervalms="307.926" />
<gc-start id="1145" type="global" contextid="1144" timestamp="2022-02-02T12:28:18.262">
  <mem-info id="1146" free="50077440" total="838860800" percent="5">
    <mem type="nursery" free="0" total="209715200" percent="0">
      <mem type="allocate" free="0" total="136839168" percent="0" />
      <mem type="survivor" free="0" total="72876032" percent="0" />
    </mem>
    <mem type="tenure" free="50077440" total="629145600" percent="7">
      <mem type="soa" free="43785984" total="622854144" percent="7" />
      <mem type="loa" free="6291456" total="6291456" percent="100" />
    </mem>
    <remembered-set count="127" />
  </mem-info>
</gc-start>
<allocation-stats totalBytes="0" >
  <allocated-bytes non-tlh="0" tlh="0" />
</allocation-stats>
<gc-op id="1147" type="mark" timems="313.278" contextid="1144" timestamp="2022-02-02T12:28:18.575">
  <trace-info objectcount="13076008" scancount="9794664" scanbytes="209819840" />
  <finalization candidates="371" enqueued="0" />
  <ownableSynchronizers candidates="1" cleared="0" />
  <references type="soft" candidates="882" cleared="0" enqueued="0" dynamicThreshold="2" maxThreshold="32" />
  <references type="weak" candidates="1702" cleared="0" enqueued="0" />
  <references type="phantom" candidates="50" cleared="0" enqueued="0" />
  <stringconstants candidates="6468" cleared="0"  />
  <object-monitors candidates="3" cleared="0"  />
</gc-op>
<gc-op id="1148" type="sweep" timems="6.177" contextid="1144" timestamp="2022-02-02T12:28:18.581" />
<gc-end id="1149" type="global" contextid="1144" durationms="319.612" usertimems="349.562" systemtimems="0.202" stalltimems="926.621" timestamp="2022-02-02T12:28:18.581" activeThreads="4">
  <mem-info id="1150" free="50077440" total="838860800" percent="5">
    <mem type="nursery" free="0" total="209715200" percent="0">
      <mem type="allocate" free="0" total="136839168" percent="0" />
      <mem type="survivor" free="0" total="72876032" percent="0" />
    </mem>
    <mem type="tenure" free="50077440" total="629145600" percent="7" micro-fragmented="191660" macro-fragmented="0">
      <mem type="soa" free="43785984" total="622854144" percent="7" />
      <mem type="loa" free="6291456" total="6291456" percent="100" />
    </mem>
    <remembered-set count="127" />
  </mem-info>
</gc-end>
<cycle-end id="1151" type="global" contextid="1144" timestamp="2022-02-02T12:28:18.582" />
<allocation-satisfied id="1152" threadId="0000000000016F00" bytesRequested="24" />
<af-end id="1153" timestamp="2022-02-02T12:28:18.582" threadId="0000000000017908" success="true" from="tenure-soa"/>
<exclusive-end id="1154" timestamp="2022-02-02T12:28:18.582" durationms="627.803" />

<exclusive-start id="1155" timestamp="2022-02-02T12:28:18.582" intervalms="627.855">
  <response-info timems="0.017" idlems="0.017" threads="0" lastid="0000000000016F00" lastname="main" />
</exclusive-start>
<af-start id="1156" threadId="0000000000017908" totalBytesRequested="24" timestamp="2022-02-02T12:28:18.582" intervalms="627.851" type="nursery" />
<percolate-collect id="1157" from="nursery" to="global" reason="insufficient remaining tenure space" timestamp="2022-02-02T12:28:18.582"/>
<cycle-start id="1158" type="global" contextid="0" timestamp="2022-02-02T12:28:18.582" intervalms="319.925" />
<gc-start id="1159" type="global" contextid="1158" timestamp="2022-02-02T12:28:18.582">
  <mem-info id="1160" free="50077416" total="838860800" percent="5">
    <mem type="nursery" free="0" total="209715200" percent="0">
      <mem type="allocate" free="0" total="136839168" percent="0" />
      <mem type="survivor" free="0" total="72876032" percent="0" />
    </mem>
    <mem type="tenure" free="50077416" total="629145600" percent="7">
      <mem type="soa" free="43785960" total="622854144" percent="7" />
      <mem type="loa" free="6291456" total="6291456" percent="100" />
    </mem>
    <remembered-set count="128" />
  </mem-info>
</gc-start>
<allocation-stats totalBytes="24" >
  <allocated-bytes non-tlh="24" tlh="0" />
  <largest-consumer threadName="main" threadId="0000000000016F00" bytes="24" />
</allocation-stats>
<gc-op id="1161" type="mark" timems="293.261" contextid="1158" timestamp="2022-02-02T12:28:18.875">
  <trace-info objectcount="13076009" scancount="9794659" scanbytes="209819864" />
  <finalization candidates="371" enqueued="0" />
  <ownableSynchronizers candidates="1" cleared="0" />
  <references type="soft" candidates="882" cleared="0" enqueued="0" dynamicThreshold="2" maxThreshold="32" />
  <references type="weak" candidates="1702" cleared="0" enqueued="0" />
  <references type="phantom" candidates="50" cleared="0" enqueued="0" />
  <stringconstants candidates="6468" cleared="0"  />
  <object-monitors candidates="3" cleared="0"  />
</gc-op>
<gc-op id="1162" type="sweep" timems="6.187" contextid="1158" timestamp="2022-02-02T12:28:18.881" />
<gc-end id="1163" type="global" contextid="1158" durationms="299.607" usertimems="554.340" systemtimems="3.428" stalltimems="636.178" timestamp="2022-02-02T12:28:18.881" activeThreads="4">
  <mem-info id="1164" free="50077416" total="838860800" percent="5">
    <mem type="nursery" free="0" total="209715200" percent="0">
      <mem type="allocate" free="0" total="136839168" percent="0" />
      <mem type="survivor" free="0" total="72876032" percent="0" />
    </mem>
    <mem type="tenure" free="50077416" total="629145600" percent="7" micro-fragmented="191660" macro-fragmented="39939376">
      <mem type="soa" free="43785960" total="622854144" percent="7" />
      <mem type="loa" free="6291456" total="6291456" percent="100" />
    </mem>
    <remembered-set count="128" />
  </mem-info>
</gc-end>
<cycle-end id="1165" type="global" contextid="1158" timestamp="2022-02-02T12:28:18.882" />
<percolate-collect id="1166" from="nursery" to="global" reason="insufficient remaining tenure space" timestamp="2022-02-02T12:28:18.882"/>
<cycle-start id="1167" type="global" contextid="0" timestamp="2022-02-02T12:28:18.882" intervalms="299.821" />
<gc-start id="1168" type="global" contextid="1167" timestamp="2022-02-02T12:28:18.882">
  <mem-info id="1169" free="50077416" total="838860800" percent="5">
    <mem type="nursery" free="0" total="209715200" percent="0">
      <mem type="allocate" free="0" total="136839168" percent="0" />
      <mem type="survivor" free="0" total="72876032" percent="0" />
    </mem>
    <mem type="tenure" free="50077416" total="629145600" percent="7">
      <mem type="soa" free="43785960" total="622854144" percent="7" />
      <mem type="loa" free="6291456" total="6291456" percent="100" />
    </mem>
    <remembered-set count="128" />
  </mem-info>
</gc-start>
<allocation-stats totalBytes="0" >
  <allocated-bytes non-tlh="0" tlh="0" />
</allocation-stats>
<gc-op id="1170" type="mark" timems="285.580" contextid="1167" timestamp="2022-02-02T12:28:19.167">
  <trace-info objectcount="13076009" scancount="9794686" scanbytes="209819864" />
  <finalization candidates="371" enqueued="0" />
  <ownableSynchronizers candidates="1" cleared="0" />
  <references type="soft" candidates="882" cleared="0" enqueued="0" dynamicThreshold="2" maxThreshold="32" />
  <references type="weak" candidates="1702" cleared="0" enqueued="0" />
  <references type="phantom" candidates="50" cleared="0" enqueued="0" />
  <stringconstants candidates="6468" cleared="0"  />
  <object-monitors candidates="3" cleared="0"  />
</gc-op>
<gc-op id="1171" type="sweep" timems="5.781" contextid="1167" timestamp="2022-02-02T12:28:19.173" />
<gc-end id="1172" type="global" contextid="1167" durationms="291.503" usertimems="473.224" systemtimems="0.069" stalltimems="689.837" timestamp="2022-02-02T12:28:19.173" activeThreads="4">
  <mem-info id="1173" free="50077416" total="838860800" percent="5">
    <mem type="nursery" free="0" total="209715200" percent="0">
      <mem type="allocate" free="0" total="136839168" percent="0" />
      <mem type="survivor" free="0" total="72876032" percent="0" />
    </mem>
    <mem type="tenure" free="50077416" total="629145600" percent="7" micro-fragmented="191660" macro-fragmented="27735676">
      <mem type="soa" free="43785960" total="622854144" percent="7" />
      <mem type="loa" free="6291456" total="6291456" percent="100" />
    </mem>
    <remembered-set count="128" />
  </mem-info>
</gc-end>
<cycle-end id="1174" type="global" contextid="1167" timestamp="2022-02-02T12:28:19.173" />
<allocation-satisfied id="1175" threadId="0000000000016F00" bytesRequested="24" />
<af-end id="1176" timestamp="2022-02-02T12:28:19.173" threadId="0000000000017908" success="true" from="tenure-soa"/>
<exclusive-end id="1177" timestamp="2022-02-02T12:28:19.173" durationms="591.539" />

<exclusive-start id="1178" timestamp="2022-02-02T12:28:19.173" intervalms="591.602">
  <response-info timems="0.016" idlems="0.016" threads="0" lastid="0000000000016F00" lastname="main" />
</exclusive-start>
<af-start id="1179" threadId="0000000000017908" totalBytesRequested="16" timestamp="2022-02-02T12:28:19.173" intervalms="591.602" type="nursery" />
<percolate-collect id="1180" from="nursery" to="global" reason="insufficient remaining tenure space" timestamp="2022-02-02T12:28:19.173"/>
<cycle-start id="1181" type="global" contextid="0" timestamp="2022-02-02T12:28:19.173" intervalms="291.776" />
<gc-start id="1182" type="global" contextid="1181" timestamp="2022-02-02T12:28:19.173">
  <mem-info id="1183" free="50077392" total="838860800" percent="5">
    <mem type="nursery" free="0" total="209715200" percent="0">
      <mem type="allocate" free="0" total="136839168" percent="0" />
      <mem type="survivor" free="0" total="72876032" percent="0" />
    </mem>
    <mem type="tenure" free="50077392" total="629145600" percent="7">
      <mem type="soa" free="43785936" total="622854144" percent="7" />
      <mem type="loa" free="6291456" total="6291456" percent="100" />
    </mem>
    <remembered-set count="129" />
  </mem-info>
</gc-start>
<allocation-stats totalBytes="24" >
  <allocated-bytes non-tlh="24" tlh="0" />
  <largest-consumer threadName="main" threadId="0000000000016F00" bytes="24" />
</allocation-stats>
<gc-op id="1184" type="mark" timems="301.363" contextid="1181" timestamp="2022-02-02T12:28:19.475">
  <trace-info objectcount="13076010" scancount="9794678" scanbytes="209819888" />
  <finalization candidates="371" enqueued="0" />
  <ownableSynchronizers candidates="1" cleared="0" />
  <references type="soft" candidates="882" cleared="0" enqueued="0" dynamicThreshold="2" maxThreshold="32" />
  <references type="weak" candidates="1702" cleared="0" enqueued="0" />
  <references type="phantom" candidates="50" cleared="0" enqueued="0" />
  <stringconstants candidates="6468" cleared="0"  />
  <object-monitors candidates="3" cleared="0"  />
</gc-op>
<gc-op id="1185" type="sweep" timems="6.207" contextid="1181" timestamp="2022-02-02T12:28:19.481" />
<gc-end id="1186" type="global" contextid="1181" durationms="307.721" usertimems="578.162" systemtimems="10.780" stalltimems="640.121" timestamp="2022-02-02T12:28:19.481" activeThreads="4">
  <mem-info id="1187" free="50077392" total="838860800" percent="5">
    <mem type="nursery" free="0" total="209715200" percent="0">
      <mem type="allocate" free="0" total="136839168" percent="0" />
      <mem type="survivor" free="0" total="72876032" percent="0" />
    </mem>
    <mem type="tenure" free="50077392" total="629145600" percent="7" micro-fragmented="191660" macro-fragmented="0">
      <mem type="soa" free="43785936" total="622854144" percent="7" />
      <mem type="loa" free="6291456" total="6291456" percent="100" />
    </mem>
    <remembered-set count="129" />
  </mem-info>
</gc-end>
<cycle-end id="1188" type="global" contextid="1181" timestamp="2022-02-02T12:28:19.481" />
<percolate-collect id="1189" from="nursery" to="global" reason="insufficient remaining tenure space" timestamp="2022-02-02T12:28:19.481"/>
<cycle-start id="1190" type="global" contextid="0" timestamp="2022-02-02T12:28:19.481" intervalms="307.955" />
<gc-start id="1191" type="global" contextid="1190" timestamp="2022-02-02T12:28:19.481">
  <mem-info id="1192" free="50077392" total="838860800" percent="5">
    <mem type="nursery" free="0" total="209715200" percent="0">
      <mem type="allocate" free="0" total="136839168" percent="0" />
      <mem type="survivor" free="0" total="72876032" percent="0" />
    </mem>
    <mem type="tenure" free="50077392" total="629145600" percent="7">
      <mem type="soa" free="43785936" total="622854144" percent="7" />
      <mem type="loa" free="6291456" total="6291456" percent="100" />
    </mem>
    <remembered-set count="129" />
  </mem-info>
</gc-start>
<allocation-stats totalBytes="0" >
  <allocated-bytes non-tlh="0" tlh="0" />
</allocation-stats>
<gc-op id="1193" type="mark" timems="301.178" contextid="1190" timestamp="2022-02-02T12:28:19.783">
  <trace-info objectcount="13076010" scancount="9794663" scanbytes="209819888" />
  <finalization candidates="371" enqueued="0" />
  <ownableSynchronizers candidates="1" cleared="0" />
  <references type="soft" candidates="882" cleared="0" enqueued="0" dynamicThreshold="2" maxThreshold="32" />
  <references type="weak" candidates="1702" cleared="0" enqueued="0" />
  <references type="phantom" candidates="50" cleared="0" enqueued="0" />
  <stringconstants candidates="6468" cleared="0"  />
  <object-monitors candidates="3" cleared="0"  />
</gc-op>
<gc-op id="1194" type="sweep" timems="5.877" contextid="1190" timestamp="2022-02-02T12:28:19.788" />
<gc-end id="1195" type="global" contextid="1190" durationms="307.186" usertimems="537.531" systemtimems="10.772" stalltimems="678.503" timestamp="2022-02-02T12:28:19.789" activeThreads="4">
  <mem-info id="1196" free="50077392" total="838860800" percent="5">
    <mem type="nursery" free="0" total="209715200" percent="0">
      <mem type="allocate" free="0" total="136839168" percent="0" />
      <mem type="survivor" free="0" total="72876032" percent="0" />
    </mem>
    <mem type="tenure" free="50077392" total="629145600" percent="7" micro-fragmented="191660" macro-fragmented="27735676">
      <mem type="soa" free="43785936" total="622854144" percent="7" />
      <mem type="loa" free="6291456" total="6291456" percent="100" />
    </mem>
    <remembered-set count="129" />
  </mem-info>
</gc-end>
<cycle-end id="1197" type="global" contextid="1190" timestamp="2022-02-02T12:28:19.789" />
<event id="1198" timestamp="2022-02-02T12:28:19.789">
  <warning details="excessive gc activity detected, will attempt aggressive gc" />
</event>
<allocation-satisfied id="1199" threadId="0000000000016F00" bytesRequested="16" />
<af-end id="1200" timestamp="2022-02-02T12:28:19.789" threadId="0000000000017908" success="true" from="tenure-soa"/>
<exclusive-end id="1201" timestamp="2022-02-02T12:28:19.789" durationms="615.443" />

<exclusive-start id="1202" timestamp="2022-02-02T12:28:19.789" intervalms="615.511">
  <response-info timems="0.017" idlems="0.017" threads="0" lastid="0000000000016F00" lastname="main" />
</exclusive-start>
<af-start id="1203" threadId="0000000000017908" totalBytesRequested="120" timestamp="2022-02-02T12:28:19.789" intervalms="615.511" type="nursery" />
<percolate-collect id="1204" from="nursery" to="global" reason="insufficient remaining tenure space" timestamp="2022-02-02T12:28:19.789"/>
<cycle-start id="1205" type="global" contextid="0" timestamp="2022-02-02T12:28:19.789" intervalms="307.560" />
<gc-start id="1206" type="global" contextid="1205" timestamp="2022-02-02T12:28:19.789">
  <mem-info id="1207" free="50076616" total="838860800" percent="5">
    <mem type="nursery" free="0" total="209715200" percent="0">
      <mem type="allocate" free="0" total="136839168" percent="0" />
      <mem type="survivor" free="0" total="72876032" percent="0" />
    </mem>
    <mem type="tenure" free="50076616" total="629145600" percent="7">
      <mem type="soa" free="43785160" total="622854144" percent="7" />
      <mem type="loa" free="6291456" total="6291456" percent="100" />
    </mem>
    <remembered-set count="130" />
  </mem-info>
</gc-start>
<allocation-stats totalBytes="16" >
  <allocated-bytes non-tlh="16" tlh="0" />
  <largest-consumer threadName="main" threadId="0000000000016F00" bytes="16" />
</allocation-stats>
<gc-op id="1208" type="mark" timems="460.321" contextid="1205" timestamp="2022-02-02T12:28:20.249">
  <trace-info objectcount="12939367" scancount="9709507" scanbytes="207842344" />
  <finalization candidates="371" enqueued="0" />
  <ownableSynchronizers candidates="1" cleared="0" />
  <references type="soft" candidates="882" cleared="0" enqueued="0" dynamicThreshold="2" maxThreshold="32" />
  <references type="weak" candidates="1702" cleared="0" enqueued="0" />
  <references type="phantom" candidates="50" cleared="0" enqueued="0" />
  <stringconstants candidates="6468" cleared="38"  />
  <object-monitors candidates="3" cleared="0"  />
</gc-op>
<gc-op id="1209" type="classunload" timems="0.554" contextid="1205" timestamp="2022-02-02T12:28:20.250">
  <classunload-info classloadercandidates="5" classloadersunloaded="1" classesunloaded="38" anonymousclassesunloaded="0" quiescems="0.000" setupms="0.540" scanms="0.011" postms="0.003" />
</gc-op>
<gc-op id="1210" type="sweep" timems="5.872" contextid="1205" timestamp="2022-02-02T12:28:20.256" />
<mem-info id="1211" free="54422480" total="838860800" percent="6">
  <mem type="nursery" free="0" total="209715200" percent="0">
    <mem type="allocate" free="0" total="136839168" percent="0" />
    <mem type="survivor" free="0" total="72876032" percent="0" />
  </mem>
  <mem type="tenure" free="54422480" total="629145600" percent="8" micro-fragmented="191664" macro-fragmented="39939376">
    <mem type="soa" free="48131024" total="622854144" percent="7" />
    <mem type="loa" free="6291456" total="6291456" percent="100" />
  </mem>
  <remembered-set count="130" />
</mem-info>
<gc-op id="1212" type="compact" timems="2260.626" contextid="1205" timestamp="2022-02-02T12:28:22.516">
  <compact-info movecount="12740065" movebytes="702975608" reason="compact on aggressive collection" />
</gc-op>
<gc-end id="1213" type="global" contextid="1205" durationms="2727.670" usertimems="3519.858" systemtimems="69.308" stalltimems="514.582" timestamp="2022-02-02T12:28:22.517" activeThreads="4">
  <mem-info id="1214" free="54651152" total="838860800" percent="6">
    <mem type="nursery" free="185208" total="209715200" percent="0">
      <mem type="allocate" free="185208" total="136839168" percent="0" />
      <mem type="survivor" free="0" total="72876032" percent="0" />
    </mem>
    <mem type="tenure" free="54465944" total="629145600" percent="8">
      <mem type="soa" free="48174488" total="622854144" percent="7" />
      <mem type="loa" free="6291456" total="6291456" percent="100" />
    </mem>
    <remembered-set count="130" />
  </mem-info>
</gc-end>
<cycle-end id="1215" type="global" contextid="1205" timestamp="2022-02-02T12:28:22.517" />
<event id="1216" timestamp="2022-02-02T12:28:22.517">
  <warning details="excessive gc activity detected, will fail on allocate" />
</event>
<concurrent-kickoff id="1217" timestamp="2022-02-02T12:28:22.517">
  <kickoff reason="threshold reached" targetBytes="207842620" thresholdFreeBytes="21935374"  remainingFree="185088" tenureFreeBytes="54465944" nurseryFreeBytes="185088" />
</concurrent-kickoff>
<allocation-satisfied id="1218" threadId="0000000000016F00" bytesRequested="120" />
<af-end id="1219" timestamp="2022-02-02T12:28:22.517" threadId="0000000000017908" success="true" from="nursery"/>
<exclusive-end id="1220" timestamp="2022-02-02T12:28:22.517" durationms="2727.894" />

<exclusive-start id="1221" timestamp="2022-02-02T12:28:26.173" intervalms="6384.672">
  <response-info timems="0.109" idlems="0.109" threads="0" lastid="0000000000016F00" lastname="main" />
</exclusive-start>
<sys-start reason="rasdump" id="1222" timestamp="2022-02-02T12:28:26.174" intervalms="50073.443" />
<concurrent-aborted id="1223" timestamp="2022-02-02T12:28:26.174">
  <reason value="insufficient progress made" />
</concurrent-aborted>
<cycle-end id="1224" type="global" contextid="0" timestamp="2022-02-02T12:28:26.174" />
<cycle-start id="1225" type="global" contextid="0" timestamp="2022-02-02T12:28:26.174" intervalms="6384.775" />
<gc-start id="1226" type="global" contextid="1225" timestamp="2022-02-02T12:28:26.174">
  <mem-info id="1227" free="54609016" total="838860800" percent="6">
    <mem type="nursery" free="144128" total="209715200" percent="0">
      <mem type="allocate" free="144128" total="136839168" percent="0" />
      <mem type="survivor" free="0" total="72876032" percent="0" />
    </mem>
    <mem type="tenure" free="54464888" total="629145600" percent="8">
      <mem type="soa" free="48173432" total="622854144" percent="7" />
      <mem type="loa" free="6291456" total="6291456" percent="100" />
    </mem>
    <remembered-set count="154" />
  </mem-info>
</gc-start>
<allocation-stats totalBytes="42112" >
  <allocated-bytes non-tlh="1176" tlh="40936" />
  <largest-consumer threadName="main" threadId="0000000000016F00" bytes="42112" />
</allocation-stats>
<gc-op id="1228" type="mark" timems="137.654" contextid="1225" timestamp="2022-02-02T12:28:26.311">
  <trace-info objectcount="4491531" scancount="3370604" scanbytes="72487876" />
  <finalization candidates="371" enqueued="85" />
  <ownableSynchronizers candidates="1" cleared="0" />
  <references type="soft" candidates="869" cleared="1" enqueued="1" dynamicThreshold="2" maxThreshold="32" />
  <references type="weak" candidates="1707" cleared="4" enqueued="2" />
  <references type="phantom" candidates="49" cleared="2" enqueued="2" />
  <stringconstants candidates="6438" cleared="0"  />
  <object-monitors candidates="3" cleared="0"  />
</gc-op>
<gc-op id="1229" type="classunload" timems="0.006" contextid="1225" timestamp="2022-02-02T12:28:26.311">
  <classunload-info classloadercandidates="4" classloadersunloaded="0" classesunloaded="0" anonymousclassesunloaded="0" quiescems="0.000" setupms="0.005" scanms="0.000" postms="0.001" />
</gc-op>
<gc-op id="1230" type="sweep" timems="3.172" contextid="1225" timestamp="2022-02-02T12:28:26.315" />
<mem-info id="1231" free="519817976" total="838860800" percent="61">
  <mem type="nursery" free="136808528" total="209715200" percent="65">
    <mem type="allocate" free="136808528" total="136839168" percent="99" />
    <mem type="survivor" free="0" total="72876032" percent="0" />
  </mem>
  <mem type="tenure" free="383009448" total="629145600" percent="60" micro-fragmented="3841" macro-fragmented="0">
    <mem type="soa" free="376717992" total="622854144" percent="60" />
    <mem type="loa" free="6291456" total="6291456" percent="100" />
  </mem>
  <pending-finalizers system="85" default="0" reference="5" classloader="0" />
  <remembered-set count="108" />
</mem-info>
<gc-op id="1232" type="compact" timems="180.857" contextid="1225" timestamp="2022-02-02T12:28:26.496">
  <compact-info movecount="2936297" movebytes="162471848" reason="forced gc with compaction" />
</gc-op>
<gc-end id="1233" type="global" contextid="1225" durationms="322.179" usertimems="806.571" systemtimems="12.409" stalltimems="405.881" timestamp="2022-02-02T12:28:26.496" activeThreads="4">
  <mem-info id="1234" free="519849632" total="838860800" percent="61">
    <mem type="nursery" free="136831936" total="209715200" percent="65">
      <mem type="allocate" free="136831936" total="136839168" percent="99" />
      <mem type="survivor" free="0" total="72876032" percent="0" />
    </mem>
    <mem type="tenure" free="383017696" total="629145600" percent="60">
      <mem type="soa" free="376726240" total="622854144" percent="60" />
      <mem type="loa" free="6291456" total="6291456" percent="100" />
    </mem>
    <pending-finalizers system="85" default="0" reference="5" classloader="0" />
    <remembered-set count="108" />
  </mem-info>
</gc-end>
<cycle-end id="1235" type="global" contextid="1225" timestamp="2022-02-02T12:28:26.496" />
<sys-end id="1236" timestamp="2022-02-02T12:28:26.496" />
<exclusive-end id="1237" timestamp="2022-02-02T12:28:26.496" durationms="322.612" />

</verbosegc>

