<?xml version="1.0" ?>

<verbosegc xmlns="http://www.ibm.com/j9/verbosegc" version="a784f9a9d54_CMPRSS">

<initialized id="1" timestamp="2022-02-08T16:12:25.278">
  <attribute name="gcPolicy" value="-Xgcpolicy:gencon" />
  <attribute name="maxHeapSize" value="0x40000000" />
  <attribute name="initialHeapSize" value="0x40000000" />
  <attribute name="compressedRefs" value="true" />
  <attribute name="compressedRefsDisplacement" value="0x0" />
  <attribute name="compressedRefsShift" value="0x0" />
  <attribute name="pageSize" value="0x1000" />
  <attribute name="pageType" value="not used" />
  <attribute name="requestedPageSize" value="0x1000" />
  <attribute name="requestedPageType" value="not used" />
  <attribute name="gcthreads" value="4" />
  <attribute name="gcthreads Concurrent Mark" value="1" />
  <attribute name="packetListSplit" value="1" />
  <attribute name="cacheListSplit" value="1" />
  <attribute name="splitFreeListSplitAmount" value="1" />
  <attribute name="numaNodes" value="0" />
  <system>
    <attribute name="physicalMemory" value="10477432832" />
    <attribute name="numCPUs" value="4" />
    <attribute name="architecture" value="amd64" />
    <attribute name="os" value="Linux" />
    <attribute name="osVersion" value="4.15.0-167-generic" />
  </system>
  <vmargs>
    <vmarg name="-Xoptionsfile=/home/keithc/space/openj9/jdk11/build/normal/images/jdk/lib/options.default" />
    <vmarg name="-Xlockword:mode=default,noLockword=java/lang/String,noLockword=java/util/MapEntry,noLockword=java/util/HashMap$Entry,noLockword..." />
    <vmarg name="-Xjcl:jclse29" />
    <vmarg name="-Dcom.ibm.oti.vm.bootstrap.library.path=/home/keithc/space/openj9/jdk11/build/normal/images/jdk/lib/default:/home/keithc/space/..." />
    <vmarg name="-Dsun.boot.library.path=/home/keithc/space/openj9/jdk11/build/normal/images/jdk/lib/default:/home/keithc/space/openj9/jdk11/bui..." />
    <vmarg name="-Djava.library.path=/home/keithc/space/openj9/jdk11/build/normal/images/jdk/lib/default:/home/keithc/space/openj9/jdk11/build/n..." />
    <vmarg name="-Djava.home=/home/keithc/space/openj9/jdk11/build/normal/images/jdk" />
    <vmarg name="-Duser.dir=/home/keithc/space/openj9/issue-14193" />
    <vmarg name="-agentlib:jdwp=transport=dt_socket,suspend=y,address=localhost:32815" />
    <vmarg name="-Xgcpolicy:gencon" />
    <vmarg name="-Xverbosegclog" />
    <vmarg name="-Xdump:none" />
    <vmarg name="-Xdump:java:events=abort" />
    <vmarg name="-Xms1024M" />
    <vmarg name="-Xmx1024M" />
    <vmarg name="--add-exports=openj9.dtfj/com.ibm.dtfj.image.j9=test.ras" />
    <vmarg name="-javaagent:/home/keithc/eclipse/2021-12/eclipse/configuration/org.eclipse.osgi/180/0/.cp/lib/javaagent-shaded.jar" />
    <vmarg name="-Dfile.encoding=UTF-8" />
    <vmarg name="--module-path=/home/keithc/space/openj9/issue-14193/bin" />
    <vmarg name="-Djdk.module.main=test.ras" />
    <vmarg name="-Dsun.java.command=test.ras/test.TestRAS data/core.testSystemDumpNullFile.1643155017633.dmp" />
    <vmarg name="-Dsun.java.launcher=SUN_STANDARD" />
    <vmarg name="-Dsun.java.launcher.pid=5395" />
  </vmargs>
</initialized>

<exclusive-start id="2" timestamp="2022-02-08T16:12:27.637" intervalms="2358.790">
  <response-info timems="0.021" idlems="0.021" threads="0" lastid="0000000000016F00" lastname="main" />
</exclusive-start>
<af-start id="3" threadId="0000000000017908" totalBytesRequested="200" timestamp="2022-02-08T16:12:27.637" intervalms="2358.841" type="nursery" />
<cycle-start id="4" type="scavenge" contextid="0" timestamp="2022-02-08T16:12:27.637" intervalms="2358.870" />
<gc-start id="5" type="scavenge" contextid="4" timestamp="2022-02-08T16:12:27.637">
  <mem-info id="6" free="804593496" total="1073741824" percent="74">
    <mem type="nursery" free="0" total="268435456" percent="0">
      <mem type="allocate" free="0" total="134217728" percent="0" />
      <mem type="survivor" free="0" total="134217728" percent="0" />
    </mem>
    <mem type="tenure" free="804593496" total="805306368" percent="99">
      <mem type="soa" free="764327768" total="765040640" percent="99" />
      <mem type="loa" free="40265728" total="40265728" percent="100" />
    </mem>
    <remembered-set count="8720" />
  </mem-info>
</gc-start>
<allocation-stats totalBytes="134866088" >
  <allocated-bytes non-tlh="3156032" tlh="131710056" />
  <largest-consumer threadName="main" threadId="0000000000016F00" bytes="134748632" />
</allocation-stats>
<gc-op id="7" type="scavenge" timems="81.456" contextid="4" timestamp="2022-02-08T16:12:27.718">
  <scavenger-info tenureage="1" tenuremask="fffe" tiltratio="50" />
  <memory-copied type="nursery" objects="1617863" bytes="88188872" bytesdiscarded="91376" />
  <finalization candidates="223" enqueued="19" />
  <ownableSynchronizers candidates="3" cleared="2" />
  <references type="soft" candidates="275" cleared="0" enqueued="0" dynamicThreshold="32" maxThreshold="32" />
  <references type="weak" candidates="2517" cleared="875" enqueued="628" />
  <references type="phantom" candidates="113" cleared="41" enqueued="41" />
  <object-monitors candidates="3" cleared="1"  />
</gc-op>
<gc-end id="8" type="scavenge" contextid="4" durationms="81.571" usertimems="232.466" systemtimems="0.000" stalltimems="1.423" timestamp="2022-02-08T16:12:27.718" activeThreads="4">
  <mem-info id="9" free="850527936" total="1073741824" percent="79">
    <mem type="nursery" free="45934440" total="268435456" percent="17">
      <mem type="allocate" free="45934440" total="134217728" percent="34" />
      <mem type="survivor" free="0" total="134217728" percent="0" />
    </mem>
    <mem type="tenure" free="804593496" total="805306368" percent="99">
      <mem type="soa" free="764327768" total="765040640" percent="99" />
      <mem type="loa" free="40265728" total="40265728" percent="100" />
    </mem>
    <pending-finalizers system="18" default="1" reference="669" classloader="0" />
    <remembered-set count="8720" />
  </mem-info>
</gc-end>
<cycle-end id="10" type="scavenge" contextid="4" timestamp="2022-02-08T16:12:27.719" />
<allocation-satisfied id="11" threadId="0000000000016F00" bytesRequested="200" />
<af-end id="12" timestamp="2022-02-08T16:12:27.719" threadId="0000000000017908" success="true" from="nursery"/>
<exclusive-end id="13" timestamp="2022-02-08T16:12:27.719" durationms="81.959" />

<exclusive-start id="14" timestamp="2022-02-08T16:12:28.102" intervalms="465.012">
  <response-info timems="0.050" idlems="0.050" threads="0" lastid="0000000000016F00" lastname="main" />
</exclusive-start>
<af-start id="15" threadId="0000000000017908" totalBytesRequested="104" timestamp="2022-02-08T16:12:28.102" intervalms="465.008" type="nursery" />
<cycle-start id="16" type="scavenge" contextid="0" timestamp="2022-02-08T16:12:28.102" intervalms="465.004" />
<gc-start id="17" type="scavenge" contextid="16" timestamp="2022-02-08T16:12:28.102">
  <mem-info id="18" free="804593392" total="1073741824" percent="74">
    <mem type="nursery" free="0" total="268435456" percent="0">
      <mem type="allocate" free="0" total="134217728" percent="0" />
      <mem type="survivor" free="0" total="134217728" percent="0" />
    </mem>
    <mem type="tenure" free="804593392" total="805306368" percent="99">
      <mem type="soa" free="764327664" total="765040640" percent="99" />
      <mem type="loa" free="40265728" total="40265728" percent="100" />
    </mem>
    <remembered-set count="8721" />
  </mem-info>
</gc-start>
<allocation-stats totalBytes="45910440" >
  <allocated-bytes non-tlh="304" tlh="45910136" />
  <largest-consumer threadName="main" threadId="0000000000016F00" bytes="45845560" />
</allocation-stats>
<gc-op id="19" type="scavenge" timems="70.001" contextid="16" timestamp="2022-02-08T16:12:28.172">
  <scavenger-info tenureage="1" tenuremask="7ffe" tiltratio="50" />
  <memory-copied type="nursery" objects="571790" bytes="32651656" bytesdiscarded="94320" />
  <memory-copied type="tenure" objects="1616417" bytes="87969496" bytesdiscarded="46704" />
  <finalization candidates="204" enqueued="0" />
  <ownableSynchronizers candidates="1" cleared="0" />
  <object-monitors candidates="2" cleared="0"  />
</gc-op>
<gc-end id="20" type="scavenge" contextid="16" durationms="70.134" usertimems="277.632" systemtimems="0.000" stalltimems="1.726" timestamp="2022-02-08T16:12:28.172" activeThreads="4">
  <mem-info id="21" free="817752648" total="1073741824" percent="76">
    <mem type="nursery" free="101471744" total="268435456" percent="37">
      <mem type="allocate" free="101471744" total="134217728" percent="75" />
      <mem type="survivor" free="0" total="134217728" percent="0" />
    </mem>
    <mem type="tenure" free="716280904" total="805306368" percent="88">
      <mem type="soa" free="676015176" total="765040640" percent="88" />
      <mem type="loa" free="40265728" total="40265728" percent="100" />
    </mem>
    <remembered-set count="8919" />
  </mem-info>
</gc-end>
<cycle-end id="22" type="scavenge" contextid="16" timestamp="2022-02-08T16:12:28.172" />
<allocation-satisfied id="23" threadId="0000000000016F00" bytesRequested="104" />
<af-end id="24" timestamp="2022-02-08T16:12:28.172" threadId="0000000000017908" success="true" from="nursery"/>
<exclusive-end id="25" timestamp="2022-02-08T16:12:28.172" durationms="70.476" />

<exclusive-start id="26" timestamp="2022-02-08T16:12:28.834" intervalms="732.653">
  <response-info timems="0.026" idlems="0.026" threads="0" lastid="0000000000016F00" lastname="main" />
</exclusive-start>
<af-start id="27" threadId="0000000000017908" totalBytesRequested="200" timestamp="2022-02-08T16:12:28.834" intervalms="732.652" type="nursery" />
<cycle-start id="28" type="scavenge" contextid="0" timestamp="2022-02-08T16:12:28.834" intervalms="732.650" />
<gc-start id="29" type="scavenge" contextid="28" timestamp="2022-02-08T16:12:28.834">
  <mem-info id="30" free="716280904" total="1073741824" percent="66">
    <mem type="nursery" free="0" total="268435456" percent="0">
      <mem type="allocate" free="0" total="134217728" percent="0" />
      <mem type="survivor" free="0" total="134217728" percent="0" />
    </mem>
    <mem type="tenure" free="716280904" total="805306368" percent="88">
      <mem type="soa" free="676015176" total="765040640" percent="88" />
      <mem type="loa" free="40265728" total="40265728" percent="100" />
    </mem>
    <remembered-set count="8919" />
  </mem-info>
</gc-start>
<allocation-stats totalBytes="101421120" >
  <allocated-bytes non-tlh="104" tlh="101421016" />
  <largest-consumer threadName="main" threadId="0000000000016F00" bytes="101421120" />
</allocation-stats>
<gc-op id="31" type="scavenge" timems="60.561" contextid="28" timestamp="2022-02-08T16:12:28.895">
  <scavenger-info tenureage="1" tenuremask="7ffe" tiltratio="50" />
  <memory-copied type="nursery" objects="1262453" bytes="72069112" bytesdiscarded="101160" />
  <memory-copied type="tenure" objects="571790" bytes="32651656" bytesdiscarded="15856" />
  <object-monitors candidates="2" cleared="0"  />
</gc-op>
<gc-end id="32" type="scavenge" contextid="28" durationms="60.709" usertimems="222.557" systemtimems="0.197" stalltimems="3.324" timestamp="2022-02-08T16:12:28.895" activeThreads="4">
  <mem-info id="33" free="745759016" total="1073741824" percent="69">
    <mem type="nursery" free="62047456" total="268435456" percent="23">
      <mem type="allocate" free="62047456" total="134217728" percent="46" />
      <mem type="survivor" free="0" total="134217728" percent="0" />
    </mem>
    <mem type="tenure" free="683711560" total="805306368" percent="84">
      <mem type="soa" free="643445832" total="765040640" percent="84" />
      <mem type="loa" free="40265728" total="40265728" percent="100" />
    </mem>
    <remembered-set count="111" />
  </mem-info>
</gc-end>
<cycle-end id="34" type="scavenge" contextid="28" timestamp="2022-02-08T16:12:28.895" />
<allocation-satisfied id="35" threadId="0000000000016F00" bytesRequested="200" />
<af-end id="36" timestamp="2022-02-08T16:12:28.895" threadId="0000000000017908" success="true" from="nursery"/>
<exclusive-end id="37" timestamp="2022-02-08T16:12:28.895" durationms="61.076" />

<exclusive-start id="38" timestamp="2022-02-08T16:12:29.361" intervalms="527.054">
  <response-info timems="0.018" idlems="0.018" threads="0" lastid="0000000000016F00" lastname="main" />
</exclusive-start>
<af-start id="39" threadId="0000000000017908" totalBytesRequested="208" timestamp="2022-02-08T16:12:29.361" intervalms="527.062" type="nursery" />
<cycle-start id="40" type="scavenge" contextid="0" timestamp="2022-02-08T16:12:29.361" intervalms="527.063" />
<gc-start id="41" type="scavenge" contextid="40" timestamp="2022-02-08T16:12:29.361">
  <mem-info id="42" free="683711560" total="1073741824" percent="63">
    <mem type="nursery" free="0" total="268435456" percent="0">
      <mem type="allocate" free="0" total="134217728" percent="0" />
      <mem type="survivor" free="0" total="134217728" percent="0" />
    </mem>
    <mem type="tenure" free="683711560" total="805306368" percent="84">
      <mem type="soa" free="643445832" total="765040640" percent="84" />
      <mem type="loa" free="40265728" total="40265728" percent="100" />
    </mem>
    <remembered-set count="125" />
  </mem-info>
</gc-start>
<allocation-stats totalBytes="62020632" >
  <allocated-bytes non-tlh="453904" tlh="61566728" />
  <largest-consumer threadName="main" threadId="0000000000016F00" bytes="62020632" />
</allocation-stats>
<gc-op id="43" type="scavenge" timems="64.126" contextid="40" timestamp="2022-02-08T16:12:29.426">
  <scavenger-info tenureage="1" tenuremask="7ffe" tiltratio="50" />
  <memory-copied type="nursery" objects="808160" bytes="44301216" bytesdiscarded="122536" />
  <memory-copied type="tenure" objects="1262452" bytes="72069000" bytesdiscarded="37536" />
  <finalization candidates="30" enqueued="18" />
  <references type="phantom" candidates="30" cleared="0" enqueued="0" />
  <object-monitors candidates="2" cleared="0"  />
</gc-op>
<gc-end id="44" type="scavenge" contextid="40" durationms="64.264" usertimems="251.039" systemtimems="0.185" stalltimems="3.820" timestamp="2022-02-08T16:12:29.426" activeThreads="4">
  <mem-info id="45" free="701140824" total="1073741824" percent="65">
    <mem type="nursery" free="89793976" total="268435456" percent="33">
      <mem type="allocate" free="89793976" total="134217728" percent="66" />
      <mem type="survivor" free="0" total="134217728" percent="0" />
    </mem>
    <mem type="tenure" free="611346848" total="805306368" percent="75">
      <mem type="soa" free="571081120" total="765040640" percent="74" />
      <mem type="loa" free="40265728" total="40265728" percent="100" />
    </mem>
    <pending-finalizers system="18" default="0" reference="0" classloader="0" />
    <remembered-set count="117" />
  </mem-info>
</gc-end>
<cycle-end id="46" type="scavenge" contextid="40" timestamp="2022-02-08T16:12:29.426" />
<allocation-satisfied id="47" threadId="0000000000016F00" bytesRequested="208" />
<af-end id="48" timestamp="2022-02-08T16:12:29.426" threadId="0000000000017908" success="true" from="nursery"/>
<exclusive-end id="49" timestamp="2022-02-08T16:12:29.426" durationms="64.587" />

<exclusive-start id="50" timestamp="2022-02-08T16:12:31.327" intervalms="1965.965">
  <response-info timems="0.078" idlems="0.078" threads="0" lastid="0000000000016F00" lastname="main" />
</exclusive-start>
<af-start id="51" threadId="0000000000017908" totalBytesRequested="184" timestamp="2022-02-08T16:12:31.327" intervalms="1965.968" type="nursery" />
<cycle-start id="52" type="scavenge" contextid="0" timestamp="2022-02-08T16:12:31.327" intervalms="1965.974" />
<gc-start id="53" type="scavenge" contextid="52" timestamp="2022-02-08T16:12:31.328">
  <mem-info id="54" free="611299984" total="1073741824" percent="56">
    <mem type="nursery" free="0" total="268435456" percent="0">
      <mem type="allocate" free="0" total="134217728" percent="0" />
      <mem type="survivor" free="0" total="134217728" percent="0" />
    </mem>
    <mem type="tenure" free="611299984" total="805306368" percent="75">
      <mem type="soa" free="571034256" total="765040640" percent="74" />
      <mem type="loa" free="40265728" total="40265728" percent="100" />
    </mem>
    <remembered-set count="793" />
  </mem-info>
</gc-start>
<allocation-stats totalBytes="89812544" >
  <allocated-bytes non-tlh="1417712" tlh="88394832" />
  <largest-consumer threadName="main" threadId="0000000000016F00" bytes="89808448" />
</allocation-stats>
<gc-op id="55" type="scavenge" timems="56.547" contextid="52" timestamp="2022-02-08T16:12:31.384">
  <scavenger-info tenureage="1" tenuremask="7ffe" tiltratio="50" />
  <memory-copied type="nursery" objects="584803" bytes="23021984" bytesdiscarded="113736" />
  <memory-copied type="tenure" objects="807860" bytes="43688360" bytesdiscarded="20648" />
  <finalization candidates="145" enqueued="36" />
  <references type="soft" candidates="775" cleared="0" enqueued="0" dynamicThreshold="32" maxThreshold="32" />
  <references type="weak" candidates="273" cleared="121" enqueued="115" />
  <references type="phantom" candidates="76" cleared="7" enqueued="7" />
  <object-monitors candidates="2" cleared="0"  />
</gc-op>
<gc-end id="56" type="scavenge" contextid="52" durationms="56.676" usertimems="224.233" systemtimems="3.864" stalltimems="3.910" timestamp="2022-02-08T16:12:31.384" activeThreads="4">
  <mem-info id="57" free="678871848" total="1073741824" percent="63">
    <mem type="nursery" free="111081832" total="268435456" percent="41">
      <mem type="allocate" free="111081832" total="134217728" percent="82" />
      <mem type="survivor" free="0" total="134217728" percent="0" />
    </mem>
    <mem type="tenure" free="567790016" total="805306368" percent="70">
      <mem type="soa" free="527524288" total="765040640" percent="68" />
      <mem type="loa" free="40265728" total="40265728" percent="100" />
    </mem>
    <pending-finalizers system="34" default="2" reference="122" classloader="0" />
    <remembered-set count="781" />
  </mem-info>
</gc-end>
<cycle-end id="58" type="scavenge" contextid="52" timestamp="2022-02-08T16:12:31.384" />
<allocation-satisfied id="59" threadId="0000000000016F00" bytesRequested="184" />
<af-end id="60" timestamp="2022-02-08T16:12:31.384" threadId="0000000000017908" success="true" from="nursery"/>
<exclusive-end id="61" timestamp="2022-02-08T16:12:31.384" durationms="57.072" />

<exclusive-start id="62" timestamp="2022-02-08T16:12:32.235" intervalms="907.419">
  <response-info timems="0.028" idlems="0.028" threads="0" lastid="0000000000016F00" lastname="main" />
</exclusive-start>
<af-start id="63" threadId="0000000000017908" totalBytesRequested="112" timestamp="2022-02-08T16:12:32.235" intervalms="907.411" type="nursery" />
<cycle-start id="64" type="scavenge" contextid="0" timestamp="2022-02-08T16:12:32.235" intervalms="907.405" />
<gc-start id="65" type="scavenge" contextid="64" timestamp="2022-02-08T16:12:32.235">
  <mem-info id="66" free="567790016" total="1073741824" percent="52">
    <mem type="nursery" free="0" total="268435456" percent="0">
      <mem type="allocate" free="0" total="134217728" percent="0" />
      <mem type="survivor" free="0" total="134217728" percent="0" />
    </mem>
    <mem type="tenure" free="567790016" total="805306368" percent="70">
      <mem type="soa" free="527524288" total="765040640" percent="68" />
      <mem type="loa" free="40265728" total="40265728" percent="100" />
    </mem>
    <remembered-set count="785" />
  </mem-info>
</gc-start>
<allocation-stats totalBytes="111027600" >
  <allocated-bytes non-tlh="1347864" tlh="109679736" />
  <largest-consumer threadName="main" threadId="0000000000016F00" bytes="111019408" />
</allocation-stats>
<gc-op id="67" type="scavenge" timems="74.962" contextid="64" timestamp="2022-02-08T16:12:32.310">
  <scavenger-info tenureage="1" tenuremask="7ffe" tiltratio="50" />
  <memory-copied type="nursery" objects="1383711" bytes="79436408" bytesdiscarded="263544" />
  <memory-copied type="tenure" objects="583870" bytes="22209104" bytesdiscarded="8360" />
  <finalization candidates="98" enqueued="0" />
  <references type="phantom" candidates="1" cleared="0" enqueued="0" />
  <object-monitors candidates="2" cleared="0"  />
</gc-op>
<gc-end id="68" type="scavenge" contextid="64" durationms="75.093" usertimems="230.250" systemtimems="4.132" stalltimems="4.003" timestamp="2022-02-08T16:12:32.310" activeThreads="4">
  <mem-info id="69" free="600306928" total="1073741824" percent="55">
    <mem type="nursery" free="54517776" total="268435456" percent="20">
      <mem type="allocate" free="54517776" total="134217728" percent="40" />
      <mem type="survivor" free="0" total="134217728" percent="0" />
    </mem>
    <mem type="tenure" free="545789152" total="805306368" percent="67">
      <mem type="soa" free="505523424" total="765040640" percent="66" />
      <mem type="loa" free="40265728" total="40265728" percent="100" />
    </mem>
    <remembered-set count="702" />
  </mem-info>
</gc-end>
<cycle-end id="70" type="scavenge" contextid="64" timestamp="2022-02-08T16:12:32.310" />
<allocation-satisfied id="71" threadId="0000000000016F00" bytesRequested="112" />
<af-end id="72" timestamp="2022-02-08T16:12:32.310" threadId="0000000000017908" success="true" from="nursery"/>
<exclusive-end id="73" timestamp="2022-02-08T16:12:32.310" durationms="75.444" />

<exclusive-start id="74" timestamp="2022-02-08T16:12:32.696" intervalms="461.584">
  <response-info timems="0.020" idlems="0.020" threads="0" lastid="0000000000016F00" lastname="main" />
</exclusive-start>
<af-start id="75" threadId="0000000000017908" totalBytesRequested="24" timestamp="2022-02-08T16:12:32.696" intervalms="461.581" type="nursery" />
<cycle-start id="76" type="scavenge" contextid="0" timestamp="2022-02-08T16:12:32.696" intervalms="461.580" />
<gc-start id="77" type="scavenge" contextid="76" timestamp="2022-02-08T16:12:32.696">
  <mem-info id="78" free="545789152" total="1073741824" percent="50">
    <mem type="nursery" free="0" total="268435456" percent="0">
      <mem type="allocate" free="0" total="134217728" percent="0" />
      <mem type="survivor" free="0" total="134217728" percent="0" />
    </mem>
    <mem type="tenure" free="545789152" total="805306368" percent="67">
      <mem type="soa" free="505523424" total="765040640" percent="66" />
      <mem type="loa" free="40265728" total="40265728" percent="100" />
    </mem>
    <remembered-set count="702" />
  </mem-info>
</gc-start>
<allocation-stats totalBytes="54492664" >
  <allocated-bytes non-tlh="112" tlh="54492552" />
  <largest-consumer threadName="main" threadId="0000000000016F00" bytes="54492664" />
</allocation-stats>
<gc-op id="79" type="scavenge" timems="66.119" contextid="76" timestamp="2022-02-08T16:12:32.763">
  <scavenger-info tenureage="1" tenuremask="7ffe" tiltratio="50" />
  <memory-copied type="nursery" objects="688109" bytes="38772176" bytesdiscarded="214616" />
  <memory-copied type="tenure" objects="1383711" bytes="79436408" bytesdiscarded="40336" />
  <finalization candidates="1" enqueued="0" />
  <object-monitors candidates="2" cleared="0"  />
</gc-op>
<gc-end id="80" type="scavenge" contextid="76" durationms="66.230" usertimems="260.327" systemtimems="0.000" stalltimems="2.782" timestamp="2022-02-08T16:12:32.763" activeThreads="4">
  <mem-info id="81" free="561480680" total="1073741824" percent="52">
    <mem type="nursery" free="95230936" total="268435456" percent="35">
      <mem type="allocate" free="95230936" total="134217728" percent="70" />
      <mem type="survivor" free="0" total="134217728" percent="0" />
    </mem>
    <mem type="tenure" free="466249744" total="805306368" percent="57">
      <mem type="soa" free="425984016" total="765040640" percent="55" />
      <mem type="loa" free="40265728" total="40265728" percent="100" />
    </mem>
    <remembered-set count="104" />
  </mem-info>
</gc-end>
<cycle-end id="82" type="scavenge" contextid="76" timestamp="2022-02-08T16:12:32.763" />
<allocation-satisfied id="83" threadId="0000000000016F00" bytesRequested="24" />
<af-end id="84" timestamp="2022-02-08T16:12:32.763" threadId="0000000000017908" success="true" from="nursery"/>
<exclusive-end id="85" timestamp="2022-02-08T16:12:32.763" durationms="66.496" />

<exclusive-start id="86" timestamp="2022-02-08T16:12:33.373" intervalms="677.146">
  <response-info timems="0.024" idlems="0.024" threads="0" lastid="0000000000016F00" lastname="main" />
</exclusive-start>
<af-start id="87" threadId="0000000000017908" totalBytesRequested="200" timestamp="2022-02-08T16:12:33.374" intervalms="677.154" type="nursery" />
<cycle-start id="88" type="scavenge" contextid="0" timestamp="2022-02-08T16:12:33.374" intervalms="677.155" />
<gc-start id="89" type="scavenge" contextid="88" timestamp="2022-02-08T16:12:33.374">
  <mem-info id="90" free="466249744" total="1073741824" percent="43">
    <mem type="nursery" free="0" total="268435456" percent="0">
      <mem type="allocate" free="0" total="134217728" percent="0" />
      <mem type="survivor" free="0" total="134217728" percent="0" />
    </mem>
    <mem type="tenure" free="466249744" total="805306368" percent="57">
      <mem type="soa" free="425984016" total="765040640" percent="55" />
      <mem type="loa" free="40265728" total="40265728" percent="100" />
    </mem>
    <remembered-set count="104" />
  </mem-info>
</gc-start>
<allocation-stats totalBytes="95188664" >
  <allocated-bytes non-tlh="24" tlh="95188640" />
  <largest-consumer threadName="main" threadId="0000000000016F00" bytes="95188664" />
</allocation-stats>
<gc-op id="91" type="scavenge" timems="55.583" contextid="88" timestamp="2022-02-08T16:12:33.429">
  <scavenger-info tenureage="1" tenuremask="7ffe" tiltratio="50" />
  <memory-copied type="nursery" objects="1181212" bytes="67620024" bytesdiscarded="211384" />
  <memory-copied type="tenure" objects="688109" bytes="38772176" bytesdiscarded="20680" />
  <object-monitors candidates="2" cleared="0"  />
</gc-op>
<gc-end id="92" type="scavenge" contextid="88" durationms="55.712" usertimems="206.162" systemtimems="12.433" stalltimems="2.346" timestamp="2022-02-08T16:12:33.429" activeThreads="4">
  <mem-info id="93" free="498415776" total="1073741824" percent="46">
    <mem type="nursery" free="71170448" total="268435456" percent="26">
      <mem type="allocate" free="71170448" total="139001856" percent="51" />
      <mem type="survivor" free="0" total="129433600" percent="0" />
    </mem>
    <mem type="tenure" free="427245328" total="805306368" percent="53">
      <mem type="soa" free="386979600" total="765040640" percent="50" />
      <mem type="loa" free="40265728" total="40265728" percent="100" />
    </mem>
    <remembered-set count="101" />
  </mem-info>
</gc-end>
<cycle-end id="94" type="scavenge" contextid="88" timestamp="2022-02-08T16:12:33.429" />
<allocation-satisfied id="95" threadId="0000000000016F00" bytesRequested="200" />
<af-end id="96" timestamp="2022-02-08T16:12:33.429" threadId="0000000000017908" success="true" from="nursery"/>
<exclusive-end id="97" timestamp="2022-02-08T16:12:33.429" durationms="56.010" />

<exclusive-start id="98" timestamp="2022-02-08T16:12:34.091" intervalms="717.170">
  <response-info timems="0.020" idlems="0.020" threads="0" lastid="0000000000016F00" lastname="main" />
</exclusive-start>
<af-start id="99" threadId="0000000000017908" totalBytesRequested="8208" timestamp="2022-02-08T16:12:34.091" intervalms="717.160" type="nursery" />
<cycle-start id="100" type="scavenge" contextid="0" timestamp="2022-02-08T16:12:34.091" intervalms="717.159" />
<gc-start id="101" type="scavenge" contextid="100" timestamp="2022-02-08T16:12:34.091">
  <mem-info id="102" free="427245328" total="1073741824" percent="39">
    <mem type="nursery" free="0" total="268435456" percent="0">
      <mem type="allocate" free="0" total="139001856" percent="0" />
      <mem type="survivor" free="0" total="129433600" percent="0" />
    </mem>
    <mem type="tenure" free="427245328" total="805306368" percent="53">
      <mem type="soa" free="386979600" total="765040640" percent="50" />
      <mem type="loa" free="40265728" total="40265728" percent="100" />
    </mem>
    <remembered-set count="132" />
  </mem-info>
</gc-start>
<allocation-stats totalBytes="71135848" >
  <allocated-bytes non-tlh="848904" tlh="70286944" />
  <largest-consumer threadName="main" threadId="0000000000016F00" bytes="71135848" />
</allocation-stats>
<gc-op id="103" type="scavenge" timems="177.797" contextid="100" timestamp="2022-02-08T16:12:34.269">
  <scavenger-info tenureage="1" tenuremask="7ffe" tiltratio="51" />
  <memory-copied type="nursery" objects="1009060" bytes="49933656" bytesdiscarded="93712" />
  <memory-copied type="tenure" objects="1181211" bytes="67619912" bytesdiscarded="33568" />
  <finalization candidates="72" enqueued="38" />
  <references type="soft" candidates="14" cleared="0" enqueued="0" dynamicThreshold="32" maxThreshold="32" />
  <references type="weak" candidates="1" cleared="0" enqueued="0" />
  <references type="phantom" candidates="58" cleared="7" enqueued="7" />
  <object-monitors candidates="2" cleared="0"  />
</gc-op>
<gc-end id="104" type="scavenge" contextid="100" durationms="177.919" usertimems="249.151" systemtimems="125.293" stalltimems="29.475" timestamp="2022-02-08T16:12:34.269" activeThreads="4">
  <mem-info id="105" free="460012968" total="1073741824" percent="42">
    <mem type="nursery" free="100246552" total="268435456" percent="37">
      <mem type="allocate" free="100246552" total="150274048" percent="66" />
      <mem type="survivor" free="0" total="118161408" percent="0" />
    </mem>
    <mem type="tenure" free="359766416" total="805306368" percent="44">
      <mem type="soa" free="319500688" total="765040640" percent="41" />
      <mem type="loa" free="40265728" total="40265728" percent="100" />
    </mem>
    <pending-finalizers system="37" default="1" reference="7" classloader="0" />
    <remembered-set count="129" />
  </mem-info>
</gc-end>
<cycle-end id="106" type="scavenge" contextid="100" timestamp="2022-02-08T16:12:34.269" />
<allocation-satisfied id="107" threadId="0000000000016F00" bytesRequested="8208" />
<af-end id="108" timestamp="2022-02-08T16:12:34.269" threadId="0000000000017908" success="true" from="nursery"/>
<exclusive-end id="109" timestamp="2022-02-08T16:12:34.269" durationms="178.171" />

<exclusive-start id="110" timestamp="2022-02-08T16:12:35.007" intervalms="916.551">
  <response-info timems="0.021" idlems="0.021" threads="0" lastid="0000000000016F00" lastname="main" />
</exclusive-start>
<af-start id="111" threadId="0000000000017908" totalBytesRequested="232" timestamp="2022-02-08T16:12:35.007" intervalms="916.556" type="nursery" />
<cycle-start id="112" type="scavenge" contextid="0" timestamp="2022-02-08T16:12:35.007" intervalms="916.557" />
<gc-start id="113" type="scavenge" contextid="112" timestamp="2022-02-08T16:12:35.007">
  <mem-info id="114" free="359766416" total="1073741824" percent="33">
    <mem type="nursery" free="0" total="268435456" percent="0">
      <mem type="allocate" free="0" total="150274048" percent="0" />
      <mem type="survivor" free="0" total="118161408" percent="0" />
    </mem>
    <mem type="tenure" free="359766416" total="805306368" percent="44">
      <mem type="soa" free="319500688" total="765040640" percent="41" />
      <mem type="loa" free="40265728" total="40265728" percent="100" />
    </mem>
    <remembered-set count="130" />
  </mem-info>
</gc-start>
<allocation-stats totalBytes="100201600" >
  <allocated-bytes non-tlh="2168328" tlh="98033272" />
  <largest-consumer threadName="main" threadId="0000000000016F00" bytes="100193408" />
</allocation-stats>
<gc-op id="115" type="scavenge" timems="304.201" contextid="112" timestamp="2022-02-08T16:12:35.312">
  <scavenger-info tenureage="1" tenuremask="7ffe" tiltratio="55" />
  <memory-copied type="nursery" objects="1242434" bytes="71083160" bytesdiscarded="109064" />
  <memory-copied type="tenure" objects="1008516" bytes="49592120" bytesdiscarded="21248" />
  <finalization candidates="72" enqueued="15" />
  <references type="phantom" candidates="37" cleared="0" enqueued="0" />
  <object-monitors candidates="2" cleared="0"  />
</gc-op>
<gc-end id="116" type="scavenge" contextid="112" durationms="304.398" usertimems="330.240" systemtimems="252.541" stalltimems="8.273" timestamp="2022-02-08T16:12:35.312" activeThreads="4">
  <mem-info id="117" free="403901280" total="1073741824" percent="37">
    <mem type="nursery" free="93892960" total="268435456" percent="34">
      <mem type="allocate" free="93892960" total="165085184" percent="56" />
      <mem type="survivor" free="0" total="103350272" percent="0" />
    </mem>
    <mem type="tenure" free="310008320" total="805306368" percent="38" macro-fragmented="247294192">
      <mem type="soa" free="269742592" total="765040640" percent="35" />
      <mem type="loa" free="40265728" total="40265728" percent="100" />
    </mem>
    <pending-finalizers system="15" default="0" reference="0" classloader="0" />
    <remembered-set count="103" />
  </mem-info>
</gc-end>
<cycle-end id="118" type="scavenge" contextid="112" timestamp="2022-02-08T16:12:35.312" />
<allocation-satisfied id="119" threadId="0000000000016F00" bytesRequested="232" />
<af-end id="120" timestamp="2022-02-08T16:12:35.312" threadId="0000000000017908" success="true" from="nursery"/>
<exclusive-end id="121" timestamp="2022-02-08T16:12:35.312" durationms="304.658" />

<exclusive-start id="122" timestamp="2022-02-08T16:12:36.014" intervalms="1006.772">
  <response-info timems="0.048" idlems="0.048" threads="0" lastid="0000000000016F00" lastname="main" />
</exclusive-start>
<af-start id="123" threadId="0000000000017908" totalBytesRequested="232" timestamp="2022-02-08T16:12:36.014" intervalms="1006.770" type="nursery" />
<cycle-start id="124" type="scavenge" contextid="0" timestamp="2022-02-08T16:12:36.014" intervalms="1006.780" />
<gc-start id="125" type="scavenge" contextid="124" timestamp="2022-02-08T16:12:36.014">
  <mem-info id="126" free="310008320" total="1073741824" percent="28">
    <mem type="nursery" free="0" total="268435456" percent="0">
      <mem type="allocate" free="0" total="165085184" percent="0" />
      <mem type="survivor" free="0" total="103350272" percent="0" />
    </mem>
    <mem type="tenure" free="310008320" total="805306368" percent="38">
      <mem type="soa" free="269742592" total="765040640" percent="35" />
      <mem type="loa" free="40265728" total="40265728" percent="100" />
    </mem>
    <remembered-set count="104" />
  </mem-info>
</gc-start>
<allocation-stats totalBytes="93851464" >
  <allocated-bytes non-tlh="232" tlh="93851232" />
  <largest-consumer threadName="main" threadId="0000000000016F00" bytes="93847368" />
</allocation-stats>
<gc-op id="127" type="scavenge" timems="386.786" contextid="124" timestamp="2022-02-08T16:12:36.401">
  <scavenger-info tenureage="1" tenuremask="7ffe" tiltratio="61" />
  <memory-copied type="nursery" objects="1224817" bytes="66902736" bytesdiscarded="208208" />
  <memory-copied type="tenure" objects="1242265" bytes="70962632" bytesdiscarded="36400" />
  <finalization candidates="23" enqueued="0" />
  <object-monitors candidates="2" cleared="0"  />
</gc-op>
<gc-end id="128" type="scavenge" contextid="124" durationms="386.950" usertimems="304.099" systemtimems="343.875" stalltimems="3.962" timestamp="2022-02-08T16:12:36.401" activeThreads="4">
  <mem-info id="129" free="342361248" total="1073741824" percent="31">
    <mem type="nursery" free="103282656" total="268435456" percent="38">
      <mem type="allocate" free="103282656" total="170393600" percent="60" />
      <mem type="survivor" free="0" total="98041856" percent="0" />
    </mem>
    <mem type="tenure" free="239078592" total="805306368" percent="29" macro-fragmented="171732064">
      <mem type="soa" free="198812864" total="765040640" percent="25" />
      <mem type="loa" free="40265728" total="40265728" percent="100" />
    </mem>
    <remembered-set count="102" />
  </mem-info>
</gc-end>
<cycle-end id="130" type="scavenge" contextid="124" timestamp="2022-02-08T16:12:36.401" />
<allocation-satisfied id="131" threadId="0000000000016F00" bytesRequested="232" />
<af-end id="132" timestamp="2022-02-08T16:12:36.401" threadId="0000000000017908" success="true" from="nursery"/>
<exclusive-end id="133" timestamp="2022-02-08T16:12:36.401" durationms="387.428" />

<exclusive-start id="134" timestamp="2022-02-08T16:12:37.096" intervalms="1082.227">
  <response-info timems="0.020" idlems="0.020" threads="0" lastid="0000000000016F00" lastname="main" />
</exclusive-start>
<af-start id="135" threadId="0000000000017908" totalBytesRequested="24" timestamp="2022-02-08T16:12:37.096" intervalms="1082.234" type="nursery" />
<cycle-start id="136" type="scavenge" contextid="0" timestamp="2022-02-08T16:12:37.096" intervalms="1082.223" />
<gc-start id="137" type="scavenge" contextid="136" timestamp="2022-02-08T16:12:37.096">
  <mem-info id="138" free="239078592" total="1073741824" percent="22">
    <mem type="nursery" free="0" total="268435456" percent="0">
      <mem type="allocate" free="0" total="170393600" percent="0" />
      <mem type="survivor" free="0" total="98041856" percent="0" />
    </mem>
    <mem type="tenure" free="239078592" total="805306368" percent="29">
      <mem type="soa" free="198812864" total="765040640" percent="25" />
      <mem type="loa" free="40265728" total="40265728" percent="100" />
    </mem>
    <remembered-set count="102" />
  </mem-info>
</gc-start>
<allocation-stats totalBytes="103235864" >
  <allocated-bytes non-tlh="232" tlh="103235632" />
  <largest-consumer threadName="main" threadId="0000000000016F00" bytes="103235864" />
</allocation-stats>
<gc-op id="139" type="scavenge" timems="385.993" contextid="136" timestamp="2022-02-08T16:12:37.482">
  <scavenger-info tenureage="1" tenuremask="7ffe" tiltratio="63" />
  <memory-copied type="nursery" objects="1292137" bytes="73405768" bytesdiscarded="260296" />
  <memory-copied type="tenure" objects="1224816" bytes="66902608" bytesdiscarded="35440" />
  <object-monitors candidates="2" cleared="0"  />
</gc-op>
<gc-end id="140" type="scavenge" contextid="136" durationms="386.298" usertimems="314.336" systemtimems="345.334" stalltimems="1.979" timestamp="2022-02-08T16:12:37.483" activeThreads="4">
  <mem-info id="141" free="278325680" total="1073741824" percent="25">
    <mem type="nursery" free="106099184" total="268435456" percent="39">
      <mem type="allocate" free="106099184" total="179765248" percent="59" />
      <mem type="survivor" free="0" total="88670208" percent="0" />
    </mem>
    <mem type="tenure" free="172226496" total="805306368" percent="21" macro-fragmented="0">
      <mem type="soa" free="131960768" total="765040640" percent="17" />
      <mem type="loa" free="40265728" total="40265728" percent="100" />
    </mem>
    <remembered-set count="102" />
  </mem-info>
</gc-end>
<cycle-end id="142" type="scavenge" contextid="136" timestamp="2022-02-08T16:12:37.483" />
<allocation-satisfied id="143" threadId="0000000000016F00" bytesRequested="24" />
<af-end id="144" timestamp="2022-02-08T16:12:37.483" threadId="0000000000017908" success="true" from="nursery"/>
<exclusive-end id="145" timestamp="2022-02-08T16:12:37.483" durationms="386.706" />

<concurrent-kickoff id="146" timestamp="2022-02-08T16:12:38.220">
  <kickoff reason="threshold reached" targetBytes="239014924" thresholdFreeBytes="33024922"  remainingFree="32941776" tenureFreeBytes="172226496" nurseryFreeBytes="32941776" />
</concurrent-kickoff>
<exclusive-start id="147" timestamp="2022-02-08T16:12:38.229" intervalms="1132.844">
  <response-info timems="0.022" idlems="0.022" threads="0" lastid="0000000000016F00" lastname="main" />
</exclusive-start>
<cycle-start id="148" type="global" contextid="0" timestamp="2022-02-08T16:12:38.229" intervalms="12951.227" />
<concurrent-start id="149" type="global mark" contextid="148" timestamp="2022-02-08T16:12:38.229">
</concurrent-start>
<exclusive-end id="150" timestamp="2022-02-08T16:12:38.229" durationms="0.080" />

<concurrent-end id="151" type="global mark" contextid="148" timestamp="2022-02-08T16:12:38.609">
<gc-op id="152" type="trace" timems="379.774" contextid="148" timestamp="2022-02-08T16:12:38.609">
  <trace bytesTraced="74509732" workStackOverflowCount="0" />
  <card-cleaning reason="card cleaning threshold reached" bytesTraced="984" cardsCleaned="2" />
</gc-op>
</concurrent-end>

<exclusive-start id="153" timestamp="2022-02-08T16:12:38.609" intervalms="379.899">
  <response-info timems="0.022" idlems="0.022" threads="0" lastid="0000000000016F00" lastname="main" />
</exclusive-start>
<concurrent-global-final id="154" timestamp="2022-02-08T16:12:38.609" contextid="148" intervalms="13331.127" >
  <concurrent-trace-info reason="card cleaning threshold reached" tracedByMutators="52317808" tracedByHelpers="22192908" cardsCleaned="2" workStackOverflowCount="0" />
</concurrent-global-final>
<gc-start id="155" type="global" contextid="148" timestamp="2022-02-08T16:12:38.609">
  <mem-info id="156" free="174152016" total="1073741824" percent="16">
    <mem type="nursery" free="1925520" total="268435456" percent="0">
      <mem type="allocate" free="1925520" total="179765248" percent="1" />
      <mem type="survivor" free="0" total="88670208" percent="0" />
    </mem>
    <mem type="tenure" free="172226496" total="805306368" percent="21">
      <mem type="soa" free="131960768" total="765040640" percent="17" />
      <mem type="loa" free="40265728" total="40265728" percent="100" />
    </mem>
    <remembered-set count="133" />
  </mem-info>
</gc-start>
<allocation-stats totalBytes="104127824" >
  <allocated-bytes non-tlh="2841472" tlh="101286352" />
  <largest-consumer threadName="main" threadId="0000000000016F00" bytes="104127824" />
</allocation-stats>
<gc-op id="157" type="rs-scan" timems="140.519" contextid="148" timestamp="2022-02-08T16:12:38.750">
  <scan objectsFound="3324856" bytesTraced="71015540" workStackOverflowCount="0" />
</gc-op>
<gc-op id="158" type="card-cleaning" timems="0.358" contextid="148" timestamp="2022-02-08T16:12:38.750">
  <card-cleaning cardsCleaned="2" bytesTraced="1000" workStackOverflowCount="0" />
</gc-op>
<gc-op id="159" type="mark" timems="28.571" contextid="148" timestamp="2022-02-08T16:12:38.779">
  <trace-info objectcount="775604" scancount="583314" scanbytes="12518712" />
  <finalization candidates="481" enqueued="110" />
  <ownableSynchronizers candidates="1" cleared="0" />
  <references type="soft" candidates="1063" cleared="0" enqueued="0" dynamicThreshold="32" maxThreshold="32" />
  <references type="weak" candidates="1793" cleared="92" enqueued="46" />
  <references type="phantom" candidates="119" cleared="11" enqueued="11" />
  <stringconstants candidates="6464" cleared="1"  />
  <object-monitors candidates="2" cleared="0"  />
</gc-op>
<gc-op id="160" type="classunload" timems="0.004" contextid="148" timestamp="2022-02-08T16:12:38.779">
  <classunload-info classloadercandidates="6" classloadersunloaded="0" classesunloaded="0" anonymousclassesunloaded="0" quiescems="0.000" setupms="0.003" scanms="0.000" postms="0.001" />
</gc-op>
<gc-op id="161" type="sweep" timems="5.242" contextid="148" timestamp="2022-02-08T16:12:38.784" />
<gc-end id="162" type="global" contextid="148" durationms="174.952" usertimems="190.837" systemtimems="0.000" stalltimems="85.571" timestamp="2022-02-08T16:12:38.784" activeThreads="4">
  <mem-info id="163" free="422605560" total="1073741824" percent="39">
    <mem type="nursery" free="5300264" total="268435456" percent="1">
      <mem type="allocate" free="5300264" total="179765248" percent="2" />
      <mem type="survivor" free="0" total="88670208" percent="0" />
    </mem>
    <mem type="tenure" free="417305296" total="805306368" percent="51" micro-fragmented="191607" macro-fragmented="0">
      <mem type="soa" free="377039568" total="765040640" percent="49" />
      <mem type="loa" free="40265728" total="40265728" percent="100" />
    </mem>
    <pending-finalizers system="109" default="1" reference="57" classloader="0" />
    <remembered-set count="112" />
  </mem-info>
</gc-end>
<cycle-end id="164" type="global" contextid="148" timestamp="2022-02-08T16:12:38.784" />
<exclusive-end id="165" timestamp="2022-02-08T16:12:38.784" durationms="175.202" />

<exclusive-start id="166" timestamp="2022-02-08T16:12:38.821" intervalms="212.181">
  <response-info timems="0.021" idlems="0.021" threads="0" lastid="0000000000016F00" lastname="main" />
</exclusive-start>
<af-start id="167" threadId="0000000000017908" totalBytesRequested="240" timestamp="2022-02-08T16:12:38.821" intervalms="1724.916" type="nursery" />
<cycle-start id="168" type="scavenge" contextid="0" timestamp="2022-02-08T16:12:38.821" intervalms="1724.926" />
<gc-start id="169" type="scavenge" contextid="168" timestamp="2022-02-08T16:12:38.821">
  <mem-info id="170" free="417305248" total="1073741824" percent="38">
    <mem type="nursery" free="0" total="268435456" percent="0">
      <mem type="allocate" free="0" total="179765248" percent="0" />
      <mem type="survivor" free="0" total="88670208" percent="0" />
    </mem>
    <mem type="tenure" free="417305248" total="805306368" percent="51">
      <mem type="soa" free="377039520" total="765040640" percent="49" />
      <mem type="loa" free="40265728" total="40265728" percent="100" />
    </mem>
    <remembered-set count="165" />
  </mem-info>
</gc-start>
<allocation-stats totalBytes="5290816" >
  <allocated-bytes non-tlh="48" tlh="5290768" />
  <largest-consumer threadName="main" threadId="0000000000016F00" bytes="5274496" />
</allocation-stats>
<gc-op id="171" type="scavenge" timems="77.018" contextid="168" timestamp="2022-02-08T16:12:38.898">
  <scavenger-info tenureage="1" tenuremask="7ffe" tiltratio="66" />
  <memory-copied type="nursery" objects="1452353" bytes="76321688" bytesdiscarded="258632" />
  <memory-copied type="tenure" objects="1292137" bytes="73405768" bytesdiscarded="34528" />
  <finalization candidates="57" enqueued="0" />
  <ownableSynchronizers candidates="2" cleared="2" />
  <references type="soft" candidates="14" cleared="0" enqueued="0" dynamicThreshold="16" maxThreshold="32" />
  <references type="weak" candidates="1" cleared="0" enqueued="0" />
  <references type="phantom" candidates="31" cleared="1" enqueued="1" />
  <object-monitors candidates="2" cleared="0"  />
</gc-op>
<gc-end id="172" type="scavenge" contextid="168" durationms="77.310" usertimems="305.188" systemtimems="0.000" stalltimems="1.921" timestamp="2022-02-08T16:12:38.899" activeThreads="4">
  <mem-info id="173" free="449301624" total="1073741824" percent="41">
    <mem type="nursery" free="105609696" total="268435456" percent="39">
      <mem type="allocate" free="105609696" total="182190080" percent="57" />
      <mem type="survivor" free="0" total="86245376" percent="0" />
    </mem>
    <mem type="tenure" free="343691928" total="805306368" percent="42" macro-fragmented="0">
      <mem type="soa" free="303426200" total="765040640" percent="39" />
      <mem type="loa" free="40265728" total="40265728" percent="100" />
    </mem>
    <pending-finalizers system="0" default="0" reference="1" classloader="0" />
    <remembered-set count="162" />
  </mem-info>
</gc-end>
<cycle-end id="174" type="scavenge" contextid="168" timestamp="2022-02-08T16:12:38.899" />
<allocation-satisfied id="175" threadId="0000000000016F00" bytesRequested="240" />
<af-end id="176" timestamp="2022-02-08T16:12:38.899" threadId="0000000000017908" success="true" from="nursery"/>
<exclusive-end id="177" timestamp="2022-02-08T16:12:38.899" durationms="77.581" />

<exclusive-start id="178" timestamp="2022-02-08T16:12:39.689" intervalms="868.198">
  <response-info timems="0.024" idlems="0.024" threads="0" lastid="0000000000016F00" lastname="main" />
</exclusive-start>
<af-start id="179" threadId="0000000000017908" totalBytesRequested="16" timestamp="2022-02-08T16:12:39.689" intervalms="868.200" type="nursery" />
<cycle-start id="180" type="scavenge" contextid="0" timestamp="2022-02-08T16:12:39.689" intervalms="868.190" />
<gc-start id="181" type="scavenge" contextid="180" timestamp="2022-02-08T16:12:39.689">
  <mem-info id="182" free="343691928" total="1073741824" percent="32">
    <mem type="nursery" free="0" total="268435456" percent="0">
      <mem type="allocate" free="0" total="182190080" percent="0" />
      <mem type="survivor" free="0" total="86245376" percent="0" />
    </mem>
    <mem type="tenure" free="343691928" total="805306368" percent="42">
      <mem type="soa" free="303426200" total="765040640" percent="39" />
      <mem type="loa" free="40265728" total="40265728" percent="100" />
    </mem>
    <remembered-set count="163" />
  </mem-info>
</gc-start>
<allocation-stats totalBytes="105561216" >
  <allocated-bytes non-tlh="240" tlh="105560976" />
  <largest-consumer threadName="main" threadId="0000000000016F00" bytes="105561216" />
</allocation-stats>
<gc-op id="183" type="scavenge" timems="88.388" contextid="180" timestamp="2022-02-08T16:12:39.778">
  <scavenger-info tenureage="1" tenuremask="7ffe" tiltratio="67" />
  <memory-copied type="nursery" objects="1365807" bytes="75229784" bytesdiscarded="174064" />
  <memory-copied type="tenure" objects="1452349" bytes="76321504" bytesdiscarded="32776" />
  <finalization candidates="57" enqueued="0" />
  <object-monitors candidates="2" cleared="0"  />
</gc-op>
<gc-end id="184" type="scavenge" contextid="180" durationms="88.619" usertimems="344.883" systemtimems="0.000" stalltimems="4.829" timestamp="2022-02-08T16:12:39.778" activeThreads="4">
  <mem-info id="185" free="374717856" total="1073741824" percent="34">
    <mem type="nursery" free="107572664" total="268435456" percent="40">
      <mem type="allocate" free="107572664" total="182976512" percent="58" />
      <mem type="survivor" free="0" total="85458944" percent="0" />
    </mem>
    <mem type="tenure" free="267145192" total="805306368" percent="33" macro-fragmented="0">
      <mem type="soa" free="226879464" total="765040640" percent="29" />
      <mem type="loa" free="40265728" total="40265728" percent="100" />
    </mem>
    <remembered-set count="153" />
  </mem-info>
</gc-end>
<cycle-end id="186" type="scavenge" contextid="180" timestamp="2022-02-08T16:12:39.778" />
<allocation-satisfied id="187" threadId="0000000000016F00" bytesRequested="16" />
<af-end id="188" timestamp="2022-02-08T16:12:39.778" threadId="0000000000017908" success="true" from="nursery"/>
<exclusive-end id="189" timestamp="2022-02-08T16:12:39.778" durationms="88.931" />

<exclusive-start id="190" timestamp="2022-02-08T16:12:40.481" intervalms="791.323">
  <response-info timems="0.018" idlems="0.018" threads="0" lastid="0000000000016F00" lastname="main" />
</exclusive-start>
<af-start id="191" threadId="0000000000017908" totalBytesRequested="184" timestamp="2022-02-08T16:12:40.481" intervalms="791.323" type="nursery" />
<cycle-start id="192" type="scavenge" contextid="0" timestamp="2022-02-08T16:12:40.481" intervalms="791.323" />
<gc-start id="193" type="scavenge" contextid="192" timestamp="2022-02-08T16:12:40.481">
  <mem-info id="194" free="267145192" total="1073741824" percent="24">
    <mem type="nursery" free="0" total="268435456" percent="0">
      <mem type="allocate" free="0" total="182976512" percent="0" />
      <mem type="survivor" free="0" total="85458944" percent="0" />
    </mem>
    <mem type="tenure" free="267145192" total="805306368" percent="33">
      <mem type="soa" free="226879464" total="765040640" percent="29" />
      <mem type="loa" free="40265728" total="40265728" percent="100" />
    </mem>
    <remembered-set count="153" />
  </mem-info>
</gc-start>
<allocation-stats totalBytes="107521904" >
  <allocated-bytes non-tlh="16" tlh="107521888" />
  <largest-consumer threadName="main" threadId="0000000000016F00" bytes="107521904" />
</allocation-stats>
<gc-op id="195" type="scavenge" timems="95.091" contextid="192" timestamp="2022-02-08T16:12:40.576">
  <scavenger-info tenureage="1" tenuremask="7ffe" tiltratio="68" />
  <memory-copied type="nursery" objects="1345158" bytes="76421432" bytesdiscarded="161992" />
  <memory-copied type="tenure" objects="1365807" bytes="75229784" bytesdiscarded="37576" />
  <object-monitors candidates="2" cleared="0"  />
</gc-op>
<gc-end id="196" type="scavenge" contextid="192" durationms="95.292" usertimems="375.230" systemtimems="0.000" stalltimems="3.851" timestamp="2022-02-08T16:12:40.576" activeThreads="4">
  <mem-info id="197" free="299486872" total="1073741824" percent="27">
    <mem type="nursery" free="107703808" total="268435456" percent="40">
      <mem type="allocate" free="107703808" total="184287232" percent="58" />
      <mem type="survivor" free="0" total="84148224" percent="0" />
    </mem>
    <mem type="tenure" free="191783064" total="805306368" percent="23" macro-fragmented="0">
      <mem type="soa" free="151517336" total="765040640" percent="19" />
      <mem type="loa" free="40265728" total="40265728" percent="100" />
    </mem>
    <remembered-set count="101" />
  </mem-info>
</gc-end>
<cycle-end id="198" type="scavenge" contextid="192" timestamp="2022-02-08T16:12:40.576" />
<allocation-satisfied id="199" threadId="0000000000016F00" bytesRequested="184" />
<af-end id="200" timestamp="2022-02-08T16:12:40.576" threadId="0000000000017908" success="true" from="nursery"/>
<exclusive-end id="201" timestamp="2022-02-08T16:12:40.576" durationms="95.587" />

<concurrent-kickoff id="202" timestamp="2022-02-08T16:12:41.374">
  <kickoff reason="threshold reached" targetBytes="204761264" thresholdFreeBytes="27416004"  remainingFree="27371552" tenureFreeBytes="191783064" nurseryFreeBytes="27371552" />
</concurrent-kickoff>
<exclusive-start id="203" timestamp="2022-02-08T16:12:41.377" intervalms="896.767">
  <response-info timems="0.054" idlems="0.054" threads="0" lastid="0000000000016F00" lastname="main" />
</exclusive-start>
<cycle-start id="204" type="global" contextid="0" timestamp="2022-02-08T16:12:41.377" intervalms="3148.344" />
<concurrent-start id="205" type="global mark" contextid="204" timestamp="2022-02-08T16:12:41.377">
</concurrent-start>
<exclusive-end id="206" timestamp="2022-02-08T16:12:41.377" durationms="0.030" />

<concurrent-end id="207" type="global mark" contextid="204" timestamp="2022-02-08T16:12:41.722">
<gc-op id="208" type="trace" timems="344.381" contextid="204" timestamp="2022-02-08T16:12:41.722">
  <trace bytesTraced="74510468" workStackOverflowCount="0" />
  <card-cleaning reason="card cleaning threshold reached" bytesTraced="984" cardsCleaned="2" />
</gc-op>
</concurrent-end>

<exclusive-start id="209" timestamp="2022-02-08T16:12:41.722" intervalms="344.466">
  <response-info timems="0.025" idlems="0.025" threads="0" lastid="0000000000016F00" lastname="main" />
</exclusive-start>
<concurrent-global-final id="210" timestamp="2022-02-08T16:12:41.722" contextid="204" intervalms="3112.931" >
  <concurrent-trace-info reason="card cleaning threshold reached" tracedByMutators="54415552" tracedByHelpers="20095900" cardsCleaned="2" workStackOverflowCount="0" />
</concurrent-global-final>
<gc-start id="211" type="global" contextid="204" timestamp="2022-02-08T16:12:41.722">
  <mem-info id="212" free="193988792" total="1073741824" percent="18">
    <mem type="nursery" free="2205728" total="268435456" percent="0">
      <mem type="allocate" free="2205728" total="184287232" percent="1" />
      <mem type="survivor" free="0" total="84148224" percent="0" />
    </mem>
    <mem type="tenure" free="191783064" total="805306368" percent="23">
      <mem type="soa" free="151517336" total="765040640" percent="19" />
      <mem type="loa" free="40265728" total="40265728" percent="100" />
    </mem>
    <remembered-set count="131" />
  </mem-info>
</gc-start>
<allocation-stats totalBytes="105453408" >
  <allocated-bytes non-tlh="1590752" tlh="103862656" />
  <largest-consumer threadName="main" threadId="0000000000016F00" bytes="105453408" />
</allocation-stats>
<gc-op id="213" type="rs-scan" timems="137.123" contextid="204" timestamp="2022-02-08T16:12:41.859">
  <scan objectsFound="3324847" bytesTraced="71015332" workStackOverflowCount="0" />
</gc-op>
<gc-op id="214" type="card-cleaning" timems="0.617" contextid="204" timestamp="2022-02-08T16:12:41.860">
  <card-cleaning cardsCleaned="1" bytesTraced="504" workStackOverflowCount="0" />
</gc-op>
<gc-op id="215" type="mark" timems="19.578" contextid="204" timestamp="2022-02-08T16:12:41.880">
  <trace-info objectcount="562096" scancount="423178" scanbytes="9102088" />
  <finalization candidates="480" enqueued="110" />
  <ownableSynchronizers candidates="1" cleared="0" />
  <references type="soft" candidates="1063" cleared="0" enqueued="0" dynamicThreshold="16" maxThreshold="32" />
  <references type="weak" candidates="1701" cleared="0" enqueued="0" />
  <references type="phantom" candidates="115" cleared="8" enqueued="8" />
  <stringconstants candidates="6464" cleared="0"  />
  <object-monitors candidates="2" cleared="0"  />
</gc-op>
<gc-op id="216" type="sweep" timems="5.753" contextid="204" timestamp="2022-02-08T16:12:41.885" />
<gc-end id="217" type="global" contextid="204" durationms="163.285" usertimems="180.213" systemtimems="1.524" stalltimems="57.888" timestamp="2022-02-08T16:12:41.886" activeThreads="4">
  <mem-info id="218" free="439965488" total="1073741824" percent="40">
    <mem type="nursery" free="4995344" total="268435456" percent="1">
      <mem type="allocate" free="4995344" total="184287232" percent="2" />
      <mem type="survivor" free="0" total="84148224" percent="0" />
    </mem>
    <mem type="tenure" free="434970144" total="805306368" percent="54" micro-fragmented="166993" macro-fragmented="247294192">
      <mem type="soa" free="394704416" total="765040640" percent="51" />
      <mem type="loa" free="40265728" total="40265728" percent="100" />
    </mem>
    <pending-finalizers system="109" default="1" reference="8" classloader="0" />
    <remembered-set count="110" />
  </mem-info>
</gc-end>
<cycle-end id="219" type="global" contextid="204" timestamp="2022-02-08T16:12:41.886" />
<exclusive-end id="220" timestamp="2022-02-08T16:12:41.886" durationms="163.780" />

<exclusive-start id="221" timestamp="2022-02-08T16:12:41.916" intervalms="194.283">
  <response-info timems="0.025" idlems="0.025" threads="0" lastid="0000000000016F00" lastname="main" />
</exclusive-start>
<af-start id="222" threadId="0000000000017908" totalBytesRequested="168" timestamp="2022-02-08T16:12:41.916" intervalms="1435.517" type="nursery" />
<cycle-start id="223" type="scavenge" contextid="0" timestamp="2022-02-08T16:12:41.916" intervalms="1435.518" />
<gc-start id="224" type="scavenge" contextid="223" timestamp="2022-02-08T16:12:41.916">
  <mem-info id="225" free="434970144" total="1073741824" percent="40">
    <mem type="nursery" free="0" total="268435456" percent="0">
      <mem type="allocate" free="0" total="184287232" percent="0" />
      <mem type="survivor" free="0" total="84148224" percent="0" />
    </mem>
    <mem type="tenure" free="434970144" total="805306368" percent="54">
      <mem type="soa" free="394704416" total="765040640" percent="51" />
      <mem type="loa" free="40265728" total="40265728" percent="100" />
    </mem>
    <remembered-set count="112" />
  </mem-info>
</gc-start>
<allocation-stats totalBytes="4981768" >
  <allocated-bytes non-tlh="0" tlh="4981768" />
  <largest-consumer threadName="main" threadId="0000000000016F00" bytes="4965384" />
</allocation-stats>
<gc-op id="226" type="scavenge" timems="90.352" contextid="223" timestamp="2022-02-08T16:12:42.007">
  <scavenger-info tenureage="1" tenuremask="7ffe" tiltratio="68" />
  <memory-copied type="nursery" objects="1495775" bytes="77188576" bytesdiscarded="167440" />
  <memory-copied type="tenure" objects="1345157" bytes="76421328" bytesdiscarded="36992" />
  <finalization candidates="56" enqueued="0" />
  <ownableSynchronizers candidates="2" cleared="2" />
  <references type="soft" candidates="14" cleared="0" enqueued="0" dynamicThreshold="17" maxThreshold="32" />
  <references type="weak" candidates="1" cleared="0" enqueued="0" />
  <references type="phantom" candidates="30" cleared="1" enqueued="1" />
  <object-monitors candidates="2" cleared="0"  />
</gc-op>
<gc-end id="227" type="scavenge" contextid="223" durationms="90.681" usertimems="356.056" systemtimems="0.000" stalltimems="3.714" timestamp="2022-02-08T16:12:42.007" activeThreads="4">
  <mem-info id="228" free="465039624" total="1073741824" percent="43">
    <mem type="nursery" free="106865616" total="268435456" percent="39">
      <mem type="allocate" free="106865616" total="184221696" percent="58" />
      <mem type="survivor" free="0" total="84213760" percent="0" />
    </mem>
    <mem type="tenure" free="358174008" total="805306368" percent="44" macro-fragmented="3110739">
      <mem type="soa" free="317908280" total="765040640" percent="41" />
      <mem type="loa" free="40265728" total="40265728" percent="100" />
    </mem>
    <pending-finalizers system="0" default="0" reference="1" classloader="0" />
    <remembered-set count="111" />
  </mem-info>
</gc-end>
<cycle-end id="229" type="scavenge" contextid="223" timestamp="2022-02-08T16:12:42.007" />
<allocation-satisfied id="230" threadId="0000000000016F00" bytesRequested="168" />
<af-end id="231" timestamp="2022-02-08T16:12:42.007" threadId="0000000000017908" success="true" from="nursery"/>
<exclusive-end id="232" timestamp="2022-02-08T16:12:42.007" durationms="91.023" />

<exclusive-start id="233" timestamp="2022-02-08T16:12:42.786" intervalms="870.025">
  <response-info timems="0.026" idlems="0.026" threads="0" lastid="0000000000016F00" lastname="main" />
</exclusive-start>
<af-start id="234" threadId="0000000000017908" totalBytesRequested="24" timestamp="2022-02-08T16:12:42.786" intervalms="870.024" type="nursery" />
<cycle-start id="235" type="scavenge" contextid="0" timestamp="2022-02-08T16:12:42.786" intervalms="870.023" />
<gc-start id="236" type="scavenge" contextid="235" timestamp="2022-02-08T16:12:42.786">
  <mem-info id="237" free="358174008" total="1073741824" percent="33">
    <mem type="nursery" free="0" total="268435456" percent="0">
      <mem type="allocate" free="0" total="184221696" percent="0" />
      <mem type="survivor" free="0" total="84213760" percent="0" />
    </mem>
    <mem type="tenure" free="358174008" total="805306368" percent="44">
      <mem type="soa" free="317908280" total="765040640" percent="41" />
      <mem type="loa" free="40265728" total="40265728" percent="100" />
    </mem>
    <remembered-set count="112" />
  </mem-info>
</gc-start>
<allocation-stats totalBytes="106816872" >
  <allocated-bytes non-tlh="1347848" tlh="105469024" />
  <largest-consumer threadName="main" threadId="0000000000016F00" bytes="106816872" />
</allocation-stats>
<gc-op id="238" type="scavenge" timems="84.787" contextid="235" timestamp="2022-02-08T16:12:42.871">
  <scavenger-info tenureage="1" tenuremask="7ffe" tiltratio="68" />
  <memory-copied type="nursery" objects="1362074" bytes="76504328" bytesdiscarded="261784" />
  <memory-copied type="tenure" objects="1495763" bytes="76713112" bytesdiscarded="36928" />
  <finalization candidates="57" enqueued="0" />
  <references type="phantom" candidates="1" cleared="0" enqueued="0" />
  <object-monitors candidates="2" cleared="0"  />
</gc-op>
<gc-end id="239" type="scavenge" contextid="235" durationms="85.058" usertimems="330.010" systemtimems="0.000" stalltimems="4.476" timestamp="2022-02-08T16:12:42.871" activeThreads="4">
  <mem-info id="240" free="389074344" total="1073741824" percent="36">
    <mem type="nursery" free="107586656" total="268435456" percent="40">
      <mem type="allocate" free="107586656" total="184352768" percent="58" />
      <mem type="survivor" free="0" total="84082688" percent="0" />
    </mem>
    <mem type="tenure" free="281487688" total="805306368" percent="34" macro-fragmented="0">
      <mem type="soa" free="241221960" total="765040640" percent="31" />
      <mem type="loa" free="40265728" total="40265728" percent="100" />
    </mem>
    <remembered-set count="102" />
  </mem-info>
</gc-end>
<cycle-end id="241" type="scavenge" contextid="235" timestamp="2022-02-08T16:12:42.872" />
<allocation-satisfied id="242" threadId="0000000000016F00" bytesRequested="24" />
<af-end id="243" timestamp="2022-02-08T16:12:42.872" threadId="0000000000017908" success="true" from="nursery"/>
<exclusive-end id="244" timestamp="2022-02-08T16:12:42.872" durationms="85.345" />

<exclusive-start id="245" timestamp="2022-02-08T16:12:43.593" intervalms="807.062">
  <response-info timems="0.018" idlems="0.018" threads="0" lastid="0000000000016F00" lastname="main" />
</exclusive-start>
<af-start id="246" threadId="0000000000017908" totalBytesRequested="112" timestamp="2022-02-08T16:12:43.593" intervalms="807.061" type="nursery" />
<cycle-start id="247" type="scavenge" contextid="0" timestamp="2022-02-08T16:12:43.593" intervalms="807.061" />
<gc-start id="248" type="scavenge" contextid="247" timestamp="2022-02-08T16:12:43.593">
  <mem-info id="249" free="281487688" total="1073741824" percent="26">
    <mem type="nursery" free="0" total="268435456" percent="0">
      <mem type="allocate" free="0" total="184352768" percent="0" />
      <mem type="survivor" free="0" total="84082688" percent="0" />
    </mem>
    <mem type="tenure" free="281487688" total="805306368" percent="34">
      <mem type="soa" free="241221960" total="765040640" percent="31" />
      <mem type="loa" free="40265728" total="40265728" percent="100" />
    </mem>
    <remembered-set count="102" />
  </mem-info>
</gc-start>
<allocation-stats totalBytes="107534328" >
  <allocated-bytes non-tlh="24" tlh="107534304" />
  <largest-consumer threadName="main" threadId="0000000000016F00" bytes="107534328" />
</allocation-stats>
<gc-op id="250" type="scavenge" timems="97.904" contextid="247" timestamp="2022-02-08T16:12:43.691">
  <scavenger-info tenureage="1" tenuremask="7ffe" tiltratio="68" />
  <memory-copied type="nursery" objects="1347271" bytes="76449720" bytesdiscarded="123312" />
  <memory-copied type="tenure" objects="1362074" bytes="76504328" bytesdiscarded="37464" />
  <finalization candidates="1" enqueued="0" />
  <object-monitors candidates="2" cleared="0"  />
</gc-op>
<gc-end id="251" type="scavenge" contextid="247" durationms="98.082" usertimems="359.947" systemtimems="0.675" stalltimems="5.527" timestamp="2022-02-08T16:12:43.691" activeThreads="4">
  <mem-info id="252" free="313133184" total="1073741824" percent="29">
    <mem type="nursery" free="108107416" total="268435456" percent="40">
      <mem type="allocate" free="108107416" total="184680448" percent="58" />
      <mem type="survivor" free="0" total="83755008" percent="0" />
    </mem>
    <mem type="tenure" free="205025768" total="805306368" percent="25" macro-fragmented="176392860">
      <mem type="soa" free="164760040" total="765040640" percent="21" />
      <mem type="loa" free="40265728" total="40265728" percent="100" />
    </mem>
    <remembered-set count="101" />
  </mem-info>
</gc-end>
<cycle-end id="253" type="scavenge" contextid="247" timestamp="2022-02-08T16:12:43.692" />
<allocation-satisfied id="254" threadId="0000000000016F00" bytesRequested="112" />
<af-end id="255" timestamp="2022-02-08T16:12:43.692" threadId="0000000000017908" success="true" from="nursery"/>
<exclusive-end id="256" timestamp="2022-02-08T16:12:43.692" durationms="98.337" />

<concurrent-kickoff id="257" timestamp="2022-02-08T16:12:44.445">
  <kickoff reason="threshold reached" targetBytes="177764339" thresholdFreeBytes="22980038"  remainingFree="22915048" tenureFreeBytes="205025768" nurseryFreeBytes="22915048" />
</concurrent-kickoff>
<exclusive-start id="258" timestamp="2022-02-08T16:12:44.453" intervalms="859.707">
  <response-info timems="0.026" idlems="0.026" threads="0" lastid="0000000000016F00" lastname="main" />
</exclusive-start>
<cycle-start id="259" type="global" contextid="0" timestamp="2022-02-08T16:12:44.453" intervalms="3075.551" />
<concurrent-start id="260" type="global mark" contextid="259" timestamp="2022-02-08T16:12:44.453">
</concurrent-start>
<exclusive-end id="261" timestamp="2022-02-08T16:12:44.453" durationms="0.040" />

<concurrent-end id="262" type="global mark" contextid="259" timestamp="2022-02-08T16:12:44.832">
<gc-op id="263" type="trace" timems="379.446" contextid="259" timestamp="2022-02-08T16:12:44.832">
  <trace bytesTraced="74510628" workStackOverflowCount="0" />
  <card-cleaning reason="card cleaning threshold reached" bytesTraced="1480" cardsCleaned="3" />
</gc-op>
</concurrent-end>

<exclusive-start id="264" timestamp="2022-02-08T16:12:44.833" intervalms="379.571">
  <response-info timems="0.039" idlems="0.039" threads="0" lastid="0000000000016F00" lastname="main" />
</exclusive-start>
<concurrent-global-final id="265" timestamp="2022-02-08T16:12:44.833" contextid="259" intervalms="3110.677" >
  <concurrent-trace-info reason="card cleaning threshold reached" tracedByMutators="55650252" tracedByHelpers="18861856" cardsCleaned="3" workStackOverflowCount="0" />
</concurrent-global-final>
<gc-start id="266" type="global" contextid="259" timestamp="2022-02-08T16:12:44.833">
  <mem-info id="267" free="205457536" total="1073741824" percent="19">
    <mem type="nursery" free="431768" total="268435456" percent="0">
      <mem type="allocate" free="431768" total="184680448" percent="0" />
      <mem type="survivor" free="0" total="83755008" percent="0" />
    </mem>
    <mem type="tenure" free="205025768" total="805306368" percent="25">
      <mem type="soa" free="164760040" total="765040640" percent="21" />
      <mem type="loa" free="40265728" total="40265728" percent="100" />
    </mem>
    <remembered-set count="132" />
  </mem-info>
</gc-start>
<allocation-stats totalBytes="107630536" >
  <allocated-bytes non-tlh="1590680" tlh="106039856" />
  <largest-consumer threadName="main" threadId="0000000000016F00" bytes="107630536" />
</allocation-stats>
<gc-op id="268" type="rs-scan" timems="146.065" contextid="259" timestamp="2022-02-08T16:12:44.979">
  <scan objectsFound="3324849" bytesTraced="71015404" workStackOverflowCount="0" />
</gc-op>
<gc-op id="269" type="card-cleaning" timems="0.644" contextid="259" timestamp="2022-02-08T16:12:44.979">
  <card-cleaning cardsCleaned="1" bytesTraced="504" workStackOverflowCount="0" />
</gc-op>
<gc-op id="270" type="mark" timems="12.169" contextid="259" timestamp="2022-02-08T16:12:44.992">
  <trace-info objectcount="374580" scancount="282541" scanbytes="6101832" />
  <finalization candidates="480" enqueued="110" />
  <ownableSynchronizers candidates="1" cleared="0" />
  <references type="soft" candidates="1063" cleared="0" enqueued="0" dynamicThreshold="17" maxThreshold="32" />
  <references type="weak" candidates="1701" cleared="0" enqueued="0" />
  <references type="phantom" candidates="115" cleared="8" enqueued="8" />
  <stringconstants candidates="6464" cleared="0"  />
  <object-monitors candidates="2" cleared="0"  />
</gc-op>
<gc-op id="271" type="sweep" timems="6.224" contextid="259" timestamp="2022-02-08T16:12:44.998" />
<gc-end id="272" type="global" contextid="259" durationms="165.291" usertimems="179.662" systemtimems="1.477" stalltimems="36.908" timestamp="2022-02-08T16:12:44.998" activeThreads="4">
  <mem-info id="273" free="451127152" total="1073741824" percent="42">
    <mem type="nursery" free="3182592" total="268435456" percent="1">
      <mem type="allocate" free="3182592" total="184680448" percent="1" />
      <mem type="survivor" free="0" total="83755008" percent="0" />
    </mem>
    <mem type="tenure" free="447944560" total="805306368" percent="55" micro-fragmented="159331" macro-fragmented="0">
      <mem type="soa" free="407678832" total="765040640" percent="53" />
      <mem type="loa" free="40265728" total="40265728" percent="100" />
    </mem>
    <pending-finalizers system="109" default="1" reference="8" classloader="0" />
    <remembered-set count="111" />
  </mem-info>
</gc-end>
<cycle-end id="274" type="global" contextid="259" timestamp="2022-02-08T16:12:44.998" />
<exclusive-end id="275" timestamp="2022-02-08T16:12:44.998" durationms="165.596" />

<exclusive-start id="276" timestamp="2022-02-08T16:12:45.018" intervalms="185.278">
  <response-info timems="0.023" idlems="0.023" threads="0" lastid="0000000000016F00" lastname="main" />
</exclusive-start>
<af-start id="277" threadId="0000000000017908" totalBytesRequested="112" timestamp="2022-02-08T16:12:45.018" intervalms="1424.602" type="nursery" />
<cycle-start id="278" type="scavenge" contextid="0" timestamp="2022-02-08T16:12:45.018" intervalms="1424.611" />
<gc-start id="279" type="scavenge" contextid="278" timestamp="2022-02-08T16:12:45.018">
  <mem-info id="280" free="447944560" total="1073741824" percent="41">
    <mem type="nursery" free="0" total="268435456" percent="0">
      <mem type="allocate" free="0" total="184680448" percent="0" />
      <mem type="survivor" free="0" total="83755008" percent="0" />
    </mem>
    <mem type="tenure" free="447944560" total="805306368" percent="55">
      <mem type="soa" free="407678832" total="765040640" percent="53" />
      <mem type="loa" free="40265728" total="40265728" percent="100" />
    </mem>
    <remembered-set count="113" />
  </mem-info>
</gc-start>
<allocation-stats totalBytes="3171776" >
  <allocated-bytes non-tlh="0" tlh="3171776" />
  <largest-consumer threadName="main" threadId="0000000000016F00" bytes="3157408" />
</allocation-stats>
<gc-op id="281" type="scavenge" timems="93.091" contextid="278" timestamp="2022-02-08T16:12:45.111">
  <scavenger-info tenureage="1" tenuremask="7ffe" tiltratio="68" />
  <memory-copied type="nursery" objects="1514459" bytes="77464136" bytesdiscarded="338784" />
  <memory-copied type="tenure" objects="1347271" bytes="76449720" bytesdiscarded="37520" />
  <finalization candidates="56" enqueued="0" />
  <ownableSynchronizers candidates="2" cleared="2" />
  <references type="soft" candidates="14" cleared="0" enqueued="0" dynamicThreshold="17" maxThreshold="32" />
  <references type="weak" candidates="1" cleared="0" enqueued="0" />
  <references type="phantom" candidates="30" cleared="1" enqueued="1" />
  <object-monitors candidates="2" cleared="0"  />
</gc-op>
<gc-end id="282" type="scavenge" contextid="278" durationms="93.303" usertimems="361.827" systemtimems="0.000" stalltimems="2.490" timestamp="2022-02-08T16:12:45.111" activeThreads="4">
  <mem-info id="283" free="477204016" total="1073741824" percent="44">
    <mem type="nursery" free="106025496" total="268435456" percent="39">
      <mem type="allocate" free="106025496" total="183828480" percent="57" />
      <mem type="survivor" free="0" total="84606976" percent="0" />
    </mem>
    <mem type="tenure" free="371178520" total="805306368" percent="46" macro-fragmented="0">
      <mem type="soa" free="330912792" total="765040640" percent="43" />
      <mem type="loa" free="40265728" total="40265728" percent="100" />
    </mem>
    <pending-finalizers system="0" default="0" reference="1" classloader="0" />
    <remembered-set count="112" />
  </mem-info>
</gc-end>
<cycle-end id="284" type="scavenge" contextid="278" timestamp="2022-02-08T16:12:45.111" />
<allocation-satisfied id="285" threadId="0000000000016F00" bytesRequested="112" />
<af-end id="286" timestamp="2022-02-08T16:12:45.111" threadId="0000000000017908" success="true" from="nursery"/>
<exclusive-end id="287" timestamp="2022-02-08T16:12:45.111" durationms="93.618" />

<exclusive-start id="288" timestamp="2022-02-08T16:12:45.854" intervalms="836.099">
  <response-info timems="0.022" idlems="0.022" threads="0" lastid="0000000000016F00" lastname="main" />
</exclusive-start>
<af-start id="289" threadId="0000000000017908" totalBytesRequested="96" timestamp="2022-02-08T16:12:45.854" intervalms="836.053" type="nursery" />
<cycle-start id="290" type="scavenge" contextid="0" timestamp="2022-02-08T16:12:45.854" intervalms="836.044" />
<gc-start id="291" type="scavenge" contextid="290" timestamp="2022-02-08T16:12:45.854">
  <mem-info id="292" free="371178520" total="1073741824" percent="34">
    <mem type="nursery" free="0" total="268435456" percent="0">
      <mem type="allocate" free="0" total="183828480" percent="0" />
      <mem type="survivor" free="0" total="84606976" percent="0" />
    </mem>
    <mem type="tenure" free="371178520" total="805306368" percent="46">
      <mem type="soa" free="330912792" total="765040640" percent="43" />
      <mem type="loa" free="40265728" total="40265728" percent="100" />
    </mem>
    <remembered-set count="113" />
  </mem-info>
</gc-start>
<allocation-stats totalBytes="105973328" >
  <allocated-bytes non-tlh="1347792" tlh="104625536" />
  <largest-consumer threadName="main" threadId="0000000000016F00" bytes="105973328" />
</allocation-stats>
<gc-op id="293" type="scavenge" timems="88.102" contextid="290" timestamp="2022-02-08T16:12:45.942">
  <scavenger-info tenureage="1" tenuremask="7ffe" tiltratio="68" />
  <memory-copied type="nursery" objects="1327069" bytes="75849024" bytesdiscarded="202880" />
  <memory-copied type="tenure" objects="1514448" bytes="76988768" bytesdiscarded="36264" />
  <finalization candidates="57" enqueued="0" />
  <references type="phantom" candidates="1" cleared="0" enqueued="0" />
  <object-monitors candidates="2" cleared="0"  />
</gc-op>
<gc-end id="294" type="scavenge" contextid="290" durationms="88.333" usertimems="347.414" systemtimems="0.000" stalltimems="3.448" timestamp="2022-02-08T16:12:45.942" activeThreads="4">
  <mem-info id="295" free="402230760" total="1073741824" percent="37">
    <mem type="nursery" free="107973184" total="268435456" percent="40">
      <mem type="allocate" free="107973184" total="184025088" percent="58" />
      <mem type="survivor" free="0" total="84410368" percent="0" />
    </mem>
    <mem type="tenure" free="294257576" total="805306368" percent="36" macro-fragmented="143110048">
      <mem type="soa" free="253991848" total="765040640" percent="33" />
      <mem type="loa" free="40265728" total="40265728" percent="100" />
    </mem>
    <remembered-set count="102" />
  </mem-info>
</gc-end>
<cycle-end id="296" type="scavenge" contextid="290" timestamp="2022-02-08T16:12:45.942" />
<allocation-satisfied id="297" threadId="0000000000016F00" bytesRequested="96" />
<af-end id="298" timestamp="2022-02-08T16:12:45.942" threadId="0000000000017908" success="true" from="nursery"/>
<exclusive-end id="299" timestamp="2022-02-08T16:12:45.942" durationms="88.585" />

<exclusive-start id="300" timestamp="2022-02-08T16:12:46.665" intervalms="811.266">
  <response-info timems="0.022" idlems="0.022" threads="0" lastid="0000000000016F00" lastname="main" />
</exclusive-start>
<af-start id="301" threadId="0000000000017908" totalBytesRequested="208" timestamp="2022-02-08T16:12:46.665" intervalms="811.287" type="nursery" />
<cycle-start id="302" type="scavenge" contextid="0" timestamp="2022-02-08T16:12:46.665" intervalms="811.302" />
<gc-start id="303" type="scavenge" contextid="302" timestamp="2022-02-08T16:12:46.665">
  <mem-info id="304" free="294257576" total="1073741824" percent="27">
    <mem type="nursery" free="0" total="268435456" percent="0">
      <mem type="allocate" free="0" total="184025088" percent="0" />
      <mem type="survivor" free="0" total="84410368" percent="0" />
    </mem>
    <mem type="tenure" free="294257576" total="805306368" percent="36">
      <mem type="soa" free="253991848" total="765040640" percent="33" />
      <mem type="loa" free="40265728" total="40265728" percent="100" />
    </mem>
    <remembered-set count="102" />
  </mem-info>
</gc-start>
<allocation-stats totalBytes="107925408" >
  <allocated-bytes non-tlh="96" tlh="107925312" />
  <largest-consumer threadName="main" threadId="0000000000016F00" bytes="107925408" />
</allocation-stats>
<gc-op id="305" type="scavenge" timems="86.619" contextid="302" timestamp="2022-02-08T16:12:46.752">
  <scavenger-info tenureage="1" tenuremask="7ffe" tiltratio="68" />
  <memory-copied type="nursery" objects="1365049" bytes="76766528" bytesdiscarded="172632" />
  <memory-copied type="tenure" objects="1327069" bytes="75849024" bytesdiscarded="40664" />
  <finalization candidates="1" enqueued="0" />
  <object-monitors candidates="2" cleared="0"  />
</gc-op>
<gc-end id="306" type="scavenge" contextid="302" durationms="86.810" usertimems="342.448" systemtimems="0.000" stalltimems="2.679" timestamp="2022-02-08T16:12:46.752" activeThreads="4">
  <mem-info id="307" free="325509760" total="1073741824" percent="30">
    <mem type="nursery" free="107151464" total="268435456" percent="39">
      <mem type="allocate" free="107151464" total="184090624" percent="58" />
      <mem type="survivor" free="0" total="84344832" percent="0" />
    </mem>
    <mem type="tenure" free="218358296" total="805306368" percent="27" macro-fragmented="119258368">
      <mem type="soa" free="178092568" total="765040640" percent="23" />
      <mem type="loa" free="40265728" total="40265728" percent="100" />
    </mem>
    <remembered-set count="102" />
  </mem-info>
</gc-end>
<cycle-end id="308" type="scavenge" contextid="302" timestamp="2022-02-08T16:12:46.752" />
<allocation-satisfied id="309" threadId="0000000000016F00" bytesRequested="208" />
<af-end id="310" timestamp="2022-02-08T16:12:46.752" threadId="0000000000017908" success="true" from="nursery"/>
<exclusive-end id="311" timestamp="2022-02-08T16:12:46.752" durationms="87.261" />

<concurrent-kickoff id="312" timestamp="2022-02-08T16:12:47.370">
  <kickoff reason="threshold reached" targetBytes="156451059" thresholdFreeBytes="19467092"  remainingFree="19436368" tenureFreeBytes="218358296" nurseryFreeBytes="19436368" />
</concurrent-kickoff>
<exclusive-start id="313" timestamp="2022-02-08T16:12:47.374" intervalms="709.278">
  <response-info timems="0.019" idlems="0.019" threads="0" lastid="0000000000016F00" lastname="main" />
</exclusive-start>
<cycle-start id="314" type="global" contextid="0" timestamp="2022-02-08T16:12:47.374" intervalms="2921.484" />
<concurrent-start id="315" type="global mark" contextid="314" timestamp="2022-02-08T16:12:47.374">
</concurrent-start>
<exclusive-end id="316" timestamp="2022-02-08T16:12:47.374" durationms="0.029" />

<concurrent-end id="317" type="global mark" contextid="314" timestamp="2022-02-08T16:12:47.857">
<gc-op id="318" type="trace" timems="482.193" contextid="314" timestamp="2022-02-08T16:12:47.857">
  <trace bytesTraced="156408788" workStackOverflowCount="0" />
  <card-cleaning reason="card cleaning threshold reached" bytesTraced="7952" cardsCleaned="13" />
</gc-op>
</concurrent-end>

<exclusive-start id="319" timestamp="2022-02-08T16:12:47.857" intervalms="482.277">
  <response-info timems="0.021" idlems="0.021" threads="0" lastid="0000000000016F00" lastname="main" />
</exclusive-start>
<concurrent-global-final id="320" timestamp="2022-02-08T16:12:47.857" contextid="314" intervalms="3024.163" >
  <concurrent-trace-info reason="card cleaning threshold reached" tracedByMutators="64518356" tracedByHelpers="91898384" cardsCleaned="13" workStackOverflowCount="0" />
</concurrent-global-final>
<gc-start id="321" type="global" contextid="314" timestamp="2022-02-08T16:12:47.857">
  <mem-info id="322" free="219607920" total="1073741824" percent="20">
    <mem type="nursery" free="1249624" total="268435456" percent="0">
      <mem type="allocate" free="1249624" total="184090624" percent="0" />
      <mem type="survivor" free="0" total="84344832" percent="0" />
    </mem>
    <mem type="tenure" free="218358296" total="805306368" percent="27">
      <mem type="soa" free="178092568" total="765040640" percent="23" />
      <mem type="loa" free="40265728" total="40265728" percent="100" />
    </mem>
    <remembered-set count="133" />
  </mem-info>
</gc-start>
<allocation-stats totalBytes="105856728" >
  <allocated-bytes non-tlh="945936" tlh="104910792" />
  <largest-consumer threadName="main" threadId="0000000000016F00" bytes="105856728" />
</allocation-stats>
<gc-op id="323" type="rs-scan" timems="1.080" contextid="314" timestamp="2022-02-08T16:12:47.858">
  <scan objectsFound="451" bytesTraced="19996" workStackOverflowCount="0" />
</gc-op>
<gc-op id="324" type="card-cleaning" timems="131.217" contextid="314" timestamp="2022-02-08T16:12:47.989">
  <card-cleaning cardsCleaned="36" bytesTraced="60120600" workStackOverflowCount="0" />
</gc-op>
<gc-op id="325" type="mark" timems="4.563" contextid="314" timestamp="2022-02-08T16:12:47.994">
  <trace-info objectcount="121815" scancount="92895" scanbytes="2047728" />
  <finalization candidates="477" enqueued="53" />
  <ownableSynchronizers candidates="1" cleared="0" />
  <references type="soft" candidates="1077" cleared="0" enqueued="0" dynamicThreshold="17" maxThreshold="32" />
  <references type="weak" candidates="1702" cleared="0" enqueued="0" />
  <references type="phantom" candidates="141" cleared="7" enqueued="7" />
  <stringconstants candidates="6464" cleared="0"  />
  <object-monitors candidates="2" cleared="0"  />
</gc-op>
<gc-op id="326" type="sweep" timems="8.294" contextid="314" timestamp="2022-02-08T16:12:48.002" />
<gc-end id="327" type="global" contextid="314" durationms="145.533" usertimems="165.728" systemtimems="0.000" stalltimems="12.443" timestamp="2022-02-08T16:12:48.002" activeThreads="4">
  <mem-info id="328" free="224138784" total="1073741824" percent="20">
    <mem type="nursery" free="3763224" total="268435456" percent="1">
      <mem type="allocate" free="3763224" total="184090624" percent="2" />
      <mem type="survivor" free="0" total="84344832" percent="0" />
    </mem>
    <mem type="tenure" free="220375560" total="805306368" percent="27" micro-fragmented="297457" macro-fragmented="57512708">
      <mem type="soa" free="180109832" total="765040640" percent="23" />
      <mem type="loa" free="40265728" total="40265728" percent="100" />
    </mem>
    <pending-finalizers system="52" default="1" reference="7" classloader="0" />
    <remembered-set count="128" />
  </mem-info>
</gc-end>
<cycle-end id="329" type="global" contextid="314" timestamp="2022-02-08T16:12:48.003" />
<exclusive-end id="330" timestamp="2022-02-08T16:12:48.003" durationms="145.802" />

<concurrent-kickoff id="331" timestamp="2022-02-08T16:12:48.003">
  <kickoff reason="threshold reached" targetBytes="155980865" thresholdFreeBytes="18591236"  remainingFree="3759128" tenureFreeBytes="220375560" nurseryFreeBytes="3759128" />
</concurrent-kickoff>
<exclusive-start id="332" timestamp="2022-02-08T16:12:48.010" intervalms="153.379">
  <response-info timems="0.018" idlems="0.018" threads="0" lastid="0000000000016F00" lastname="main" />
</exclusive-start>
<cycle-start id="333" type="global" contextid="0" timestamp="2022-02-08T16:12:48.010" intervalms="635.653" />
<concurrent-start id="334" type="global mark" contextid="333" timestamp="2022-02-08T16:12:48.010">
</concurrent-start>
<exclusive-end id="335" timestamp="2022-02-08T16:12:48.010" durationms="0.026" />

<exclusive-start id="336" timestamp="2022-02-08T16:12:48.166" intervalms="155.957">
  <response-info timems="0.026" idlems="0.026" threads="0" lastid="0000000000016F00" lastname="main" />
</exclusive-start>
<af-start id="337" threadId="0000000000017908" totalBytesRequested="24" timestamp="2022-02-08T16:12:48.166" intervalms="1500.906" type="nursery" />
<cycle-start id="338" type="scavenge" contextid="0" timestamp="2022-02-08T16:12:48.166" intervalms="1500.916" />
<gc-start id="339" type="scavenge" contextid="338" timestamp="2022-02-08T16:12:48.166">
  <mem-info id="340" free="220375560" total="1073741824" percent="20">
    <mem type="nursery" free="0" total="268435456" percent="0">
      <mem type="allocate" free="0" total="184090624" percent="0" />
      <mem type="survivor" free="0" total="84344832" percent="0" />
    </mem>
    <mem type="tenure" free="220375560" total="805306368" percent="27">
      <mem type="soa" free="180109832" total="765040640" percent="23" />
      <mem type="loa" free="40265728" total="40265728" percent="100" />
    </mem>
    <remembered-set count="129" />
  </mem-info>
</gc-start>
<allocation-stats totalBytes="3754552" >
  <allocated-bytes non-tlh="256704" tlh="3497848" />
  <largest-consumer threadName="main" threadId="0000000000016F00" bytes="3746360" />
</allocation-stats>
<gc-op id="341" type="scavenge" timems="100.398" contextid="338" timestamp="2022-02-08T16:12:48.267">
  <scavenger-info tenureage="1" tenuremask="7ffe" tiltratio="68" />
  <memory-copied type="nursery" objects="1508706" bytes="76650504" bytesdiscarded="190536" />
  <memory-copied type="tenure" objects="1365048" bytes="76766416" bytesdiscarded="38016" />
  <finalization candidates="55" enqueued="0" />
  <ownableSynchronizers candidates="2" cleared="2" />
  <references type="soft" candidates="14" cleared="0" enqueued="0" dynamicThreshold="8" maxThreshold="32" />
  <references type="weak" candidates="1" cleared="0" enqueued="0" />
  <references type="phantom" candidates="29" cleared="1" enqueued="1" />
  <object-monitors candidates="2" cleared="0"  />
</gc-op>
<gc-end id="342" type="scavenge" contextid="338" durationms="100.640" usertimems="317.960" systemtimems="2.802" stalltimems="14.668" timestamp="2022-02-08T16:12:48.267" activeThreads="4">
  <mem-info id="343" free="250782616" total="1073741824" percent="23">
    <mem type="nursery" free="107577200" total="268435456" percent="40">
      <mem type="allocate" free="107577200" total="184418304" percent="58" />
      <mem type="survivor" free="0" total="84017152" percent="0" />
    </mem>
    <mem type="tenure" free="143205416" total="805306368" percent="17" macro-fragmented="99381968">
      <mem type="soa" free="102939688" total="765040640" percent="13" />
      <mem type="loa" free="40265728" total="40265728" percent="100" />
    </mem>
    <pending-finalizers system="0" default="0" reference="1" classloader="0" />
    <remembered-set count="124" />
  </mem-info>
</gc-end>
<cycle-end id="344" type="scavenge" contextid="338" timestamp="2022-02-08T16:12:48.267" />
<allocation-satisfied id="345" threadId="0000000000016F00" bytesRequested="24" />
<af-end id="346" timestamp="2022-02-08T16:12:48.267" threadId="0000000000017908" success="true" from="nursery"/>
<exclusive-end id="347" timestamp="2022-02-08T16:12:48.267" durationms="100.995" />

<concurrent-end id="348" type="global mark" contextid="333" timestamp="2022-02-08T16:12:48.379">
<gc-op id="349" type="trace" timems="369.159" contextid="333" timestamp="2022-02-08T16:12:48.379">
  <trace bytesTraced="74511012" workStackOverflowCount="0" />
  <card-cleaning reason="card cleaning threshold reached" bytesTraced="1480" cardsCleaned="3" />
</gc-op>
</concurrent-end>

<exclusive-start id="350" timestamp="2022-02-08T16:12:48.379" intervalms="213.271">
  <response-info timems="0.020" idlems="0.020" threads="0" lastid="0000000000016F00" lastname="main" />
</exclusive-start>
<concurrent-global-final id="351" timestamp="2022-02-08T16:12:48.379" contextid="333" intervalms="522.609" >
  <concurrent-trace-info reason="card cleaning threshold reached" tracedByMutators="52901400" tracedByHelpers="21611092" cardsCleaned="3" workStackOverflowCount="0" />
</concurrent-global-final>
<gc-start id="352" type="global" contextid="333" timestamp="2022-02-08T16:12:48.379">
  <mem-info id="353" free="245097352" total="1073741824" percent="22">
    <mem type="nursery" free="101891936" total="268435456" percent="37">
      <mem type="allocate" free="101891936" total="184418304" percent="55" />
      <mem type="survivor" free="0" total="84017152" percent="0" />
    </mem>
    <mem type="tenure" free="143205416" total="805306368" percent="17">
      <mem type="soa" free="102939688" total="765040640" percent="13" />
      <mem type="loa" free="40265728" total="40265728" percent="100" />
    </mem>
    <remembered-set count="125" />
  </mem-info>
</gc-start>
<allocation-stats totalBytes="5682128" >
  <allocated-bytes non-tlh="475152" tlh="5206976" />
  <largest-consumer threadName="main" threadId="0000000000016F00" bytes="5682128" />
</allocation-stats>
<gc-op id="354" type="rs-scan" timems="137.150" contextid="333" timestamp="2022-02-08T16:12:48.517">
  <scan objectsFound="3324742" bytesTraced="71011392" workStackOverflowCount="0" />
</gc-op>
<gc-op id="355" type="card-cleaning" timems="0.833" contextid="333" timestamp="2022-02-08T16:12:48.517">
  <card-cleaning cardsCleaned="4" bytesTraced="2132" workStackOverflowCount="0" />
</gc-op>
<gc-op id="356" type="mark" timems="8.201" contextid="333" timestamp="2022-02-08T16:12:48.526">
  <trace-info objectcount="245994" scancount="186016" scanbytes="4035720" />
  <finalization candidates="427" enqueued="57" />
  <ownableSynchronizers candidates="1" cleared="0" />
  <references type="soft" candidates="1063" cleared="0" enqueued="0" dynamicThreshold="8" maxThreshold="32" />
  <references type="weak" candidates="1701" cleared="0" enqueued="0" />
  <references type="phantom" candidates="50" cleared="1" enqueued="1" />
  <stringconstants candidates="6464" cleared="0"  />
  <object-monitors candidates="2" cleared="0"  />
</gc-op>
<gc-op id="357" type="sweep" timems="5.428" contextid="333" timestamp="2022-02-08T16:12:48.531" />
<gc-end id="358" type="global" contextid="333" durationms="152.047" usertimems="160.358" systemtimems="7.742" stalltimems="23.295" timestamp="2022-02-08T16:12:48.531" activeThreads="4">
  <mem-info id="359" free="486816936" total="1073741824" percent="45">
    <mem type="nursery" free="102356744" total="268435456" percent="38">
      <mem type="allocate" free="102356744" total="184418304" percent="55" />
      <mem type="survivor" free="0" total="84017152" percent="0" />
    </mem>
    <mem type="tenure" free="384460192" total="805306368" percent="47" micro-fragmented="219557" macro-fragmented="0">
      <mem type="soa" free="344194464" total="765040640" percent="44" />
      <mem type="loa" free="40265728" total="40265728" percent="100" />
    </mem>
    <pending-finalizers system="57" default="0" reference="1" classloader="0" />
    <remembered-set count="112" />
  </mem-info>
</gc-end>
<cycle-end id="360" type="global" contextid="333" timestamp="2022-02-08T16:12:48.532" />
<exclusive-end id="361" timestamp="2022-02-08T16:12:48.532" durationms="152.267" />

<exclusive-start id="362" timestamp="2022-02-08T16:12:49.281" intervalms="901.577">
  <response-info timems="0.024" idlems="0.024" threads="0" lastid="0000000000016F00" lastname="main" />
</exclusive-start>
<af-start id="363" threadId="0000000000017908" totalBytesRequested="64" timestamp="2022-02-08T16:12:49.281" intervalms="1114.813" type="nursery" />
<cycle-start id="364" type="scavenge" contextid="0" timestamp="2022-02-08T16:12:49.281" intervalms="1114.788" />
<gc-start id="365" type="scavenge" contextid="364" timestamp="2022-02-08T16:12:49.281">
  <mem-info id="366" free="384460192" total="1073741824" percent="35">
    <mem type="nursery" free="0" total="268435456" percent="0">
      <mem type="allocate" free="0" total="184418304" percent="0" />
      <mem type="survivor" free="0" total="84017152" percent="0" />
    </mem>
    <mem type="tenure" free="384460192" total="805306368" percent="47">
      <mem type="soa" free="344194464" total="765040640" percent="44" />
      <mem type="loa" free="40265728" total="40265728" percent="100" />
    </mem>
    <remembered-set count="113" />
  </mem-info>
</gc-start>
<allocation-stats totalBytes="102309592" >
  <allocated-bytes non-tlh="1347680" tlh="100961912" />
  <largest-consumer threadName="main" threadId="0000000000016F00" bytes="102300664" />
</allocation-stats>
<gc-op id="367" type="scavenge" timems="93.328" contextid="364" timestamp="2022-02-08T16:12:49.374">
  <scavenger-info tenureage="1" tenuremask="7ffe" tiltratio="68" />
  <memory-copied type="nursery" objects="1345539" bytes="76868176" bytesdiscarded="237328" />
  <memory-copied type="tenure" objects="1508695" bytes="76480544" bytesdiscarded="36024" />
  <finalization candidates="57" enqueued="0" />
  <ownableSynchronizers candidates="2" cleared="2" />
  <references type="phantom" candidates="2" cleared="0" enqueued="0" />
  <object-monitors candidates="2" cleared="0"  />
</gc-op>
<gc-end id="368" type="scavenge" contextid="364" durationms="93.519" usertimems="341.948" systemtimems="2.742" stalltimems="4.216" timestamp="2022-02-08T16:12:49.375" activeThreads="4">
  <mem-info id="369" free="415158392" total="1073741824" percent="38">
    <mem type="nursery" free="107443872" total="268435456" percent="40">
      <mem type="allocate" free="107443872" total="184549376" percent="58" />
      <mem type="survivor" free="0" total="83886080" percent="0" />
    </mem>
    <mem type="tenure" free="307714520" total="805306368" percent="38" macro-fragmented="0">
      <mem type="soa" free="267448792" total="765040640" percent="34" />
      <mem type="loa" free="40265728" total="40265728" percent="100" />
    </mem>
    <remembered-set count="103" />
  </mem-info>
</gc-end>
<cycle-end id="370" type="scavenge" contextid="364" timestamp="2022-02-08T16:12:49.375" />
<allocation-satisfied id="371" threadId="0000000000016F00" bytesRequested="64" />
<af-end id="372" timestamp="2022-02-08T16:12:49.375" threadId="0000000000017908" success="true" from="nursery"/>
<exclusive-end id="373" timestamp="2022-02-08T16:12:49.375" durationms="93.765" />

<exclusive-start id="374" timestamp="2022-02-08T16:12:50.092" intervalms="811.020">
  <response-info timems="0.021" idlems="0.021" threads="0" lastid="0000000000016F00" lastname="main" />
</exclusive-start>
<af-start id="375" threadId="0000000000017908" totalBytesRequested="24" timestamp="2022-02-08T16:12:50.092" intervalms="811.018" type="nursery" />
<cycle-start id="376" type="scavenge" contextid="0" timestamp="2022-02-08T16:12:50.092" intervalms="811.027" />
<gc-start id="377" type="scavenge" contextid="376" timestamp="2022-02-08T16:12:50.092">
  <mem-info id="378" free="307714520" total="1073741824" percent="28">
    <mem type="nursery" free="0" total="268435456" percent="0">
      <mem type="allocate" free="0" total="184549376" percent="0" />
      <mem type="survivor" free="0" total="83886080" percent="0" />
    </mem>
    <mem type="tenure" free="307714520" total="805306368" percent="38">
      <mem type="soa" free="267448792" total="765040640" percent="34" />
      <mem type="loa" free="40265728" total="40265728" percent="100" />
    </mem>
    <remembered-set count="103" />
  </mem-info>
</gc-start>
<allocation-stats totalBytes="107393240" >
  <allocated-bytes non-tlh="64" tlh="107393176" />
  <largest-consumer threadName="main" threadId="0000000000016F00" bytes="107393240" />
</allocation-stats>
<gc-op id="379" type="scavenge" timems="82.611" contextid="376" timestamp="2022-02-08T16:12:50.175">
  <scavenger-info tenureage="1" tenuremask="7ffe" tiltratio="68" />
  <memory-copied type="nursery" objects="1354733" bytes="76387568" bytesdiscarded="343552" />
  <memory-copied type="tenure" objects="1345538" bytes="76868136" bytesdiscarded="41080" />
  <finalization candidates="2" enqueued="0" />
  <object-monitors candidates="2" cleared="0"  />
</gc-op>
<gc-end id="380" type="scavenge" contextid="376" durationms="82.823" usertimems="316.544" systemtimems="1.932" stalltimems="2.331" timestamp="2022-02-08T16:12:50.175" activeThreads="4">
  <mem-info id="381" free="338928352" total="1073741824" percent="31">
    <mem type="nursery" free="108014864" total="268435456" percent="40">
      <mem type="allocate" free="108014864" total="184745984" percent="58" />
      <mem type="survivor" free="0" total="83689472" percent="0" />
    </mem>
    <mem type="tenure" free="230913488" total="805306368" percent="28" macro-fragmented="0">
      <mem type="soa" free="190647760" total="765040640" percent="24" />
      <mem type="loa" free="40265728" total="40265728" percent="100" />
    </mem>
    <remembered-set count="103" />
  </mem-info>
</gc-end>
<cycle-end id="382" type="scavenge" contextid="376" timestamp="2022-02-08T16:12:50.175" />
<allocation-satisfied id="383" threadId="0000000000016F00" bytesRequested="24" />
<af-end id="384" timestamp="2022-02-08T16:12:50.175" threadId="0000000000017908" success="true" from="nursery"/>
<exclusive-end id="385" timestamp="2022-02-08T16:12:50.175" durationms="83.077" />

<exclusive-start id="386" timestamp="2022-02-08T16:12:50.963" intervalms="870.585">
  <response-info timems="0.018" idlems="0.018" threads="0" lastid="0000000000016F00" lastname="main" />
</exclusive-start>
<af-start id="387" threadId="0000000000017908" totalBytesRequested="24" timestamp="2022-02-08T16:12:50.963" intervalms="870.586" type="nursery" />
<cycle-start id="388" type="scavenge" contextid="0" timestamp="2022-02-08T16:12:50.963" intervalms="870.577" />
<gc-start id="389" type="scavenge" contextid="388" timestamp="2022-02-08T16:12:50.963">
  <mem-info id="390" free="230913488" total="1073741824" percent="21">
    <mem type="nursery" free="0" total="268435456" percent="0">
      <mem type="allocate" free="0" total="184745984" percent="0" />
      <mem type="survivor" free="0" total="83689472" percent="0" />
    </mem>
    <mem type="tenure" free="230913488" total="805306368" percent="28">
      <mem type="soa" free="190647760" total="765040640" percent="24" />
      <mem type="loa" free="40265728" total="40265728" percent="100" />
    </mem>
    <remembered-set count="117" />
  </mem-info>
</gc-start>
<allocation-stats totalBytes="107963008" >
  <allocated-bytes non-tlh="453728" tlh="107509280" />
  <largest-consumer threadName="main" threadId="0000000000016F00" bytes="107963008" />
</allocation-stats>
<gc-op id="391" type="scavenge" timems="82.399" contextid="388" timestamp="2022-02-08T16:12:51.045">
  <scavenger-info tenureage="1" tenuremask="7ffe" tiltratio="68" />
  <memory-copied type="nursery" objects="1359684" bytes="76882304" bytesdiscarded="269832" />
  <memory-copied type="tenure" objects="1354733" bytes="76387568" bytesdiscarded="39360" />
  <finalization candidates="30" enqueued="18" />
  <references type="phantom" candidates="30" cleared="0" enqueued="0" />
  <object-monitors candidates="2" cleared="0"  />
</gc-op>
<gc-end id="392" type="scavenge" contextid="388" durationms="82.596" usertimems="322.248" systemtimems="0.183" stalltimems="3.829" timestamp="2022-02-08T16:12:51.045" activeThreads="4">
  <mem-info id="393" free="262160768" total="1073741824" percent="24">
    <mem type="nursery" free="107659384" total="268435456" percent="40">
      <mem type="allocate" free="107659384" total="184811520" percent="58" />
      <mem type="survivor" free="0" total="83623936" percent="0" />
    </mem>
    <mem type="tenure" free="154501384" total="805306368" percent="19" macro-fragmented="118642852">
      <mem type="soa" free="114235656" total="765040640" percent="14" />
      <mem type="loa" free="40265728" total="40265728" percent="100" />
    </mem>
    <pending-finalizers system="18" default="0" reference="0" classloader="0" />
    <remembered-set count="115" />
  </mem-info>
</gc-end>
<cycle-end id="394" type="scavenge" contextid="388" timestamp="2022-02-08T16:12:51.045" />
<allocation-satisfied id="395" threadId="0000000000016F00" bytesRequested="24" />
<af-end id="396" timestamp="2022-02-08T16:12:51.045" threadId="0000000000017908" success="true" from="nursery"/>
<exclusive-end id="397" timestamp="2022-02-08T16:12:51.045" durationms="82.844" />

<concurrent-kickoff id="398" timestamp="2022-02-08T16:12:51.886">
  <kickoff reason="threshold reached" targetBytes="139362217" thresholdFreeBytes="15997937"  remainingFree="15972128" tenureFreeBytes="154501384" nurseryFreeBytes="15972128" />
</concurrent-kickoff>
<exclusive-start id="399" timestamp="2022-02-08T16:12:51.889" intervalms="926.107">
  <response-info timems="0.026" idlems="0.026" threads="0" lastid="0000000000016F00" lastname="main" />
</exclusive-start>
<cycle-start id="400" type="global" contextid="0" timestamp="2022-02-08T16:12:51.889" intervalms="3878.517" />
<concurrent-start id="401" type="global mark" contextid="400" timestamp="2022-02-08T16:12:51.889">
</concurrent-start>
<exclusive-end id="402" timestamp="2022-02-08T16:12:51.889" durationms="0.026" />

<exclusive-start id="403" timestamp="2022-02-08T16:12:52.169" intervalms="279.991">
  <response-info timems="0.022" idlems="0.022" threads="0" lastid="0000000000016F00" lastname="main" />
</exclusive-start>
<af-start id="404" threadId="0000000000017908" totalBytesRequested="200" timestamp="2022-02-08T16:12:52.169" intervalms="1206.098" type="nursery" />
<percolate-collect id="405" from="nursery" to="global" reason="concurrent mark exhausted" timestamp="2022-02-08T16:12:52.169"/>
<concurrent-end id="406" type="global mark" contextid="400" timestamp="2022-02-08T16:12:52.169">
<gc-op id="407" type="trace" timems="279.948" contextid="400" timestamp="2022-02-08T16:12:52.169">
  <trace bytesTraced="74506872" workStackOverflowCount="0" />
  <card-cleaning reason="card cleaning threshold reached" bytesTraced="984" cardsCleaned="2" />
</gc-op>
</concurrent-end>

<gc-start id="408" type="global" contextid="400" timestamp="2022-02-08T16:12:52.169">
  <mem-info id="409" free="154501384" total="1073741824" percent="14">
    <mem type="nursery" free="0" total="268435456" percent="0">
      <mem type="allocate" free="0" total="184811520" percent="0" />
      <mem type="survivor" free="0" total="83623936" percent="0" />
    </mem>
    <mem type="tenure" free="154501384" total="805306368" percent="19">
      <mem type="soa" free="114235656" total="765040640" percent="14" />
      <mem type="loa" free="40265728" total="40265728" percent="100" />
    </mem>
    <remembered-set count="132" />
  </mem-info>
</gc-start>
<allocation-stats totalBytes="107610672" >
  <allocated-bytes non-tlh="2484568" tlh="105126104" />
  <largest-consumer threadName="main" threadId="0000000000016F00" bytes="107606576" />
</allocation-stats>
<concurrent-halted id="410" timestamp="2022-02-08T16:12:52.169">
  <halted state="Complete" status="exhausted" />
  <traced bytesTarget="139362217" bytesTotal="74507856" bytesByMutator="60900156" bytesByHelper="13607700" percent="53" />
  <cards cleaned="2" thresholdBytes="6302217" />
</concurrent-halted>
<gc-op id="411" type="rs-scan" timems="136.853" contextid="400" timestamp="2022-02-08T16:12:52.306">
  <scan objectsFound="3324890" bytesTraced="71017120" workStackOverflowCount="0" />
</gc-op>
<gc-op id="412" type="card-cleaning" timems="0.310" contextid="400" timestamp="2022-02-08T16:12:52.306">
  <card-cleaning cardsCleaned="1" bytesTraced="504" workStackOverflowCount="0" />
</gc-op>
<gc-op id="413" type="mark" timems="48.893" contextid="400" timestamp="2022-02-08T16:12:52.355">
  <trace-info objectcount="1241251" scancount="932522" scanbytes="19966200" />
  <finalization candidates="463" enqueued="92" />
  <ownableSynchronizers candidates="1" cleared="0" />
  <references type="soft" candidates="1063" cleared="0" enqueued="0" dynamicThreshold="15" maxThreshold="32" />
  <references type="weak" candidates="1701" cleared="0" enqueued="0" />
  <references type="phantom" candidates="98" cleared="8" enqueued="8" />
  <stringconstants candidates="6464" cleared="0"  />
  <object-monitors candidates="2" cleared="0"  />
</gc-op>
<gc-op id="414" type="sweep" timems="5.296" contextid="400" timestamp="2022-02-08T16:12:52.360" />
<gc-end id="415" type="global" contextid="400" durationms="191.574" usertimems="196.107" systemtimems="9.628" stalltimems="146.410" timestamp="2022-02-08T16:12:52.360" activeThreads="4">
  <mem-info id="416" free="400520464" total="1073741824" percent="37">
    <mem type="nursery" free="3183096" total="268435456" percent="1">
      <mem type="allocate" free="3183096" total="184811520" percent="1" />
      <mem type="survivor" free="0" total="83623936" percent="0" />
    </mem>
    <mem type="tenure" free="397337368" total="805306368" percent="49" micro-fragmented="173669" macro-fragmented="0">
      <mem type="soa" free="357071640" total="765040640" percent="46" />
      <mem type="loa" free="40265728" total="40265728" percent="100" />
    </mem>
    <pending-finalizers system="91" default="1" reference="8" classloader="0" />
    <remembered-set count="111" />
  </mem-info>
</gc-end>
<cycle-end id="417" type="global" contextid="400" timestamp="2022-02-08T16:12:52.360" />
<allocation-satisfied id="418" threadId="0000000000016F00" bytesRequested="200" />
<af-end id="419" timestamp="2022-02-08T16:12:52.360" threadId="0000000000017908" success="true" from="nursery"/>
<exclusive-end id="420" timestamp="2022-02-08T16:12:52.360" durationms="191.828" />

<exclusive-start id="421" timestamp="2022-02-08T16:12:52.380" intervalms="211.713">
  <response-info timems="0.022" idlems="0.022" threads="0" lastid="0000000000016F00" lastname="main" />
</exclusive-start>
<af-start id="422" threadId="0000000000017908" totalBytesRequested="16" timestamp="2022-02-08T16:12:52.380" intervalms="211.711" type="nursery" />
<cycle-start id="423" type="scavenge" contextid="0" timestamp="2022-02-08T16:12:52.380" intervalms="1417.809" />
<gc-start id="424" type="scavenge" contextid="423" timestamp="2022-02-08T16:12:52.380">
  <mem-info id="425" free="397337368" total="1073741824" percent="37">
    <mem type="nursery" free="0" total="268435456" percent="0">
      <mem type="allocate" free="0" total="184811520" percent="0" />
      <mem type="survivor" free="0" total="83623936" percent="0" />
    </mem>
    <mem type="tenure" free="397337368" total="805306368" percent="49">
      <mem type="soa" free="357071640" total="765040640" percent="46" />
      <mem type="loa" free="40265728" total="40265728" percent="100" />
    </mem>
    <remembered-set count="113" />
  </mem-info>
</gc-start>
<allocation-stats totalBytes="3173024" >
  <allocated-bytes non-tlh="200" tlh="3172824" />
  <largest-consumer threadName="main" threadId="0000000000016F00" bytes="3156648" />
</allocation-stats>
<gc-op id="426" type="scavenge" timems="104.380" contextid="423" timestamp="2022-02-08T16:12:52.485">
  <scavenger-info tenureage="1" tenuremask="7ffe" tiltratio="68" />
  <memory-copied type="nursery" objects="1468874" bytes="77916272" bytesdiscarded="193688" />
  <memory-copied type="tenure" objects="1359385" bytes="76269560" bytesdiscarded="38888" />
  <finalization candidates="57" enqueued="0" />
  <ownableSynchronizers candidates="2" cleared="2" />
  <references type="soft" candidates="14" cleared="0" enqueued="0" dynamicThreshold="15" maxThreshold="32" />
  <references type="weak" candidates="1" cleared="0" enqueued="0" />
  <references type="phantom" candidates="31" cleared="1" enqueued="1" />
  <object-monitors candidates="2" cleared="0"  />
</gc-op>
<gc-end id="427" type="scavenge" contextid="423" durationms="104.685" usertimems="381.181" systemtimems="5.971" stalltimems="4.360" timestamp="2022-02-08T16:12:52.485" activeThreads="4">
  <mem-info id="428" free="426199184" total="1073741824" percent="39">
    <mem type="nursery" free="105390776" total="268435456" percent="39">
      <mem type="allocate" free="105390776" total="183500800" percent="57" />
      <mem type="survivor" free="0" total="84934656" percent="0" />
    </mem>
    <mem type="tenure" free="320808408" total="805306368" percent="39" macro-fragmented="0">
      <mem type="soa" free="280542680" total="765040640" percent="36" />
      <mem type="loa" free="40265728" total="40265728" percent="100" />
    </mem>
    <pending-finalizers system="0" default="0" reference="1" classloader="0" />
    <remembered-set count="107" />
  </mem-info>
</gc-end>
<cycle-end id="429" type="scavenge" contextid="423" timestamp="2022-02-08T16:12:52.485" />
<allocation-satisfied id="430" threadId="0000000000016F00" bytesRequested="16" />
<af-end id="431" timestamp="2022-02-08T16:12:52.485" threadId="0000000000017908" success="true" from="nursery"/>
<exclusive-end id="432" timestamp="2022-02-08T16:12:52.485" durationms="105.067" />

<exclusive-start id="433" timestamp="2022-02-08T16:12:53.267" intervalms="886.278">
  <response-info timems="0.039" idlems="0.039" threads="0" lastid="0000000000016F00" lastname="main" />
</exclusive-start>
<af-start id="434" threadId="0000000000017908" totalBytesRequested="192" timestamp="2022-02-08T16:12:53.267" intervalms="886.369" type="nursery" />
<cycle-start id="435" type="scavenge" contextid="0" timestamp="2022-02-08T16:12:53.267" intervalms="886.376" />
<gc-start id="436" type="scavenge" contextid="435" timestamp="2022-02-08T16:12:53.267">
  <mem-info id="437" free="320808408" total="1073741824" percent="29">
    <mem type="nursery" free="0" total="268435456" percent="0">
      <mem type="allocate" free="0" total="183500800" percent="0" />
      <mem type="survivor" free="0" total="84934656" percent="0" />
    </mem>
    <mem type="tenure" free="320808408" total="805306368" percent="39">
      <mem type="soa" free="280542680" total="765040640" percent="36" />
      <mem type="loa" free="40265728" total="40265728" percent="100" />
    </mem>
    <remembered-set count="108" />
  </mem-info>
</gc-start>
<allocation-stats totalBytes="105339944" >
  <allocated-bytes non-tlh="16" tlh="105339928" />
  <largest-consumer threadName="main" threadId="0000000000016F00" bytes="105339944" />
</allocation-stats>
<gc-op id="438" type="scavenge" timems="107.193" contextid="435" timestamp="2022-02-08T16:12:53.374">
  <scavenger-info tenureage="1" tenuremask="7ffe" tiltratio="68" />
  <memory-copied type="nursery" objects="1363502" bytes="75052008" bytesdiscarded="244248" />
  <memory-copied type="tenure" objects="1468871" bytes="77916216" bytesdiscarded="40504" />
  <finalization candidates="45" enqueued="0" />
  <object-monitors candidates="2" cleared="0"  />
</gc-op>
<gc-end id="439" type="scavenge" contextid="435" durationms="107.380" usertimems="348.094" systemtimems="1.091" stalltimems="23.185" timestamp="2022-02-08T16:12:53.374" activeThreads="4">
  <mem-info id="440" free="351120480" total="1073741824" percent="32">
    <mem type="nursery" free="108335616" total="268435456" percent="40">
      <mem type="allocate" free="108335616" total="183631872" percent="58" />
      <mem type="survivor" free="0" total="84803584" percent="0" />
    </mem>
    <mem type="tenure" free="242784864" total="805306368" percent="30" macro-fragmented="119258368">
      <mem type="soa" free="202519136" total="765040640" percent="26" />
      <mem type="loa" free="40265728" total="40265728" percent="100" />
    </mem>
    <remembered-set count="102" />
  </mem-info>
</gc-end>
<cycle-end id="441" type="scavenge" contextid="435" timestamp="2022-02-08T16:12:53.374" />
<allocation-satisfied id="442" threadId="0000000000016F00" bytesRequested="192" />
<af-end id="443" timestamp="2022-02-08T16:12:53.374" threadId="0000000000017908" success="true" from="nursery"/>
<exclusive-end id="444" timestamp="2022-02-08T16:12:53.374" durationms="107.769" />

<exclusive-start id="445" timestamp="2022-02-08T16:12:54.108" intervalms="841.547">
  <response-info timems="0.021" idlems="0.021" threads="0" lastid="0000000000016F00" lastname="main" />
</exclusive-start>
<af-start id="446" threadId="0000000000017908" totalBytesRequested="200" timestamp="2022-02-08T16:12:54.108" intervalms="841.464" type="nursery" />
<cycle-start id="447" type="scavenge" contextid="0" timestamp="2022-02-08T16:12:54.108" intervalms="841.573" />
<gc-start id="448" type="scavenge" contextid="447" timestamp="2022-02-08T16:12:54.108">
  <mem-info id="449" free="242784864" total="1073741824" percent="22">
    <mem type="nursery" free="0" total="268435456" percent="0">
      <mem type="allocate" free="0" total="183631872" percent="0" />
      <mem type="survivor" free="0" total="84803584" percent="0" />
    </mem>
    <mem type="tenure" free="242784864" total="805306368" percent="30">
      <mem type="soa" free="202519136" total="765040640" percent="26" />
      <mem type="loa" free="40265728" total="40265728" percent="100" />
    </mem>
    <remembered-set count="102" />
  </mem-info>
</gc-start>
<allocation-stats totalBytes="108284816" >
  <allocated-bytes non-tlh="192" tlh="108284624" />
  <largest-consumer threadName="main" threadId="0000000000016F00" bytes="108284816" />
</allocation-stats>
<gc-op id="450" type="scavenge" timems="94.531" contextid="447" timestamp="2022-02-08T16:12:54.203">
  <scavenger-info tenureage="1" tenuremask="7ffe" tiltratio="68" />
  <memory-copied type="nursery" objects="1354141" bytes="76995984" bytesdiscarded="128880" />
  <memory-copied type="tenure" objects="1363501" bytes="75051904" bytesdiscarded="38704" />
  <object-monitors candidates="2" cleared="0"  />
</gc-op>
<gc-end id="451" type="scavenge" contextid="447" durationms="94.663" usertimems="351.118" systemtimems="10.377" stalltimems="4.654" timestamp="2022-02-08T16:12:54.203" activeThreads="4">
  <mem-info id="452" free="274201176" total="1073741824" percent="25">
    <mem type="nursery" free="106375936" total="268435456" percent="39">
      <mem type="allocate" free="106375936" total="183500800" percent="57" />
      <mem type="survivor" free="0" total="84934656" percent="0" />
    </mem>
    <mem type="tenure" free="167825240" total="805306368" percent="20" macro-fragmented="152541180">
      <mem type="soa" free="127559512" total="765040640" percent="16" />
      <mem type="loa" free="40265728" total="40265728" percent="100" />
    </mem>
    <remembered-set count="102" />
  </mem-info>
</gc-end>
<cycle-end id="453" type="scavenge" contextid="447" timestamp="2022-02-08T16:12:54.203" />
<allocation-satisfied id="454" threadId="0000000000016F00" bytesRequested="200" />
<af-end id="455" timestamp="2022-02-08T16:12:54.203" threadId="0000000000017908" success="true" from="nursery"/>
<exclusive-end id="456" timestamp="2022-02-08T16:12:54.203" durationms="95.045" />

<concurrent-kickoff id="457" timestamp="2022-02-08T16:12:55.053">
  <kickoff reason="threshold reached" targetBytes="126163812" thresholdFreeBytes="13935867"  remainingFree="13877504" tenureFreeBytes="167825240" nurseryFreeBytes="13877504" />
</concurrent-kickoff>
<exclusive-start id="458" timestamp="2022-02-08T16:12:55.056" intervalms="948.029">
  <response-info timems="0.026" idlems="0.026" threads="0" lastid="0000000000016F00" lastname="main" />
</exclusive-start>
<cycle-start id="459" type="global" contextid="0" timestamp="2022-02-08T16:12:55.056" intervalms="3167.560" />
<concurrent-start id="460" type="global mark" contextid="459" timestamp="2022-02-08T16:12:55.056">
</concurrent-start>
<exclusive-end id="461" timestamp="2022-02-08T16:12:55.056" durationms="0.029" />

<exclusive-start id="462" timestamp="2022-02-08T16:12:55.350" intervalms="294.212">
  <response-info timems="0.060" idlems="0.060" threads="0" lastid="0000000000016F00" lastname="main" />
</exclusive-start>
<af-start id="463" threadId="0000000000017908" totalBytesRequested="24" timestamp="2022-02-08T16:12:55.350" intervalms="1242.273" type="nursery" />
<cycle-start id="464" type="scavenge" contextid="0" timestamp="2022-02-08T16:12:55.351" intervalms="1242.171" />
<gc-start id="465" type="scavenge" contextid="464" timestamp="2022-02-08T16:12:55.351">
  <mem-info id="466" free="167825240" total="1073741824" percent="15">
    <mem type="nursery" free="0" total="268435456" percent="0">
      <mem type="allocate" free="0" total="183500800" percent="0" />
      <mem type="survivor" free="0" total="84934656" percent="0" />
    </mem>
    <mem type="tenure" free="167825240" total="805306368" percent="20">
      <mem type="soa" free="127559512" total="765040640" percent="16" />
      <mem type="loa" free="40265728" total="40265728" percent="100" />
    </mem>
    <remembered-set count="133" />
  </mem-info>
</gc-start>
<allocation-stats totalBytes="106332616" >
  <allocated-bytes non-tlh="3009024" tlh="103323592" />
  <largest-consumer threadName="main" threadId="0000000000016F00" bytes="106332616" />
</allocation-stats>
<gc-op id="467" type="scavenge" timems="105.097" contextid="464" timestamp="2022-02-08T16:12:55.456">
  <scavenger-info tenureage="1" tenuremask="7ffe" tiltratio="68" />
  <memory-copied type="nursery" objects="1434990" bytes="74770552" bytesdiscarded="47280" />
  <memory-copied type="tenure" objects="1354140" bytes="76995872" bytesdiscarded="36960" />
  <finalization candidates="110" enqueued="53" />
  <references type="soft" candidates="14" cleared="0" enqueued="0" dynamicThreshold="15" maxThreshold="32" />
  <references type="weak" candidates="1" cleared="0" enqueued="0" />
  <references type="phantom" candidates="95" cleared="7" enqueued="7" />
  <object-monitors candidates="2" cleared="0"  />
</gc-op>
<gc-end id="468" type="scavenge" contextid="464" durationms="105.267" usertimems="312.374" systemtimems="23.619" stalltimems="11.133" timestamp="2022-02-08T16:12:55.456" activeThreads="4">
  <mem-info id="469" free="199867056" total="1073741824" percent="18">
    <mem type="nursery" free="109076056" total="268435456" percent="40">
      <mem type="allocate" free="109076056" total="183894016" percent="59" />
      <mem type="survivor" free="0" total="84541440" percent="0" />
    </mem>
    <mem type="tenure" free="90791000" total="805306368" percent="11" macro-fragmented="67675052">
      <mem type="soa" free="50525272" total="765040640" percent="6" />
      <mem type="loa" free="40265728" total="40265728" percent="100" />
    </mem>
    <pending-finalizers system="52" default="1" reference="7" classloader="0" />
    <remembered-set count="129" />
  </mem-info>
</gc-end>
<cycle-end id="470" type="scavenge" contextid="464" timestamp="2022-02-08T16:12:55.456" />
<allocation-satisfied id="471" threadId="0000000000016F00" bytesRequested="24" />
<af-end id="472" timestamp="2022-02-08T16:12:55.456" threadId="0000000000017908" success="true" from="nursery"/>
<exclusive-end id="473" timestamp="2022-02-08T16:12:55.456" durationms="105.643" />

<concurrent-end id="474" type="global mark" contextid="459" timestamp="2022-02-08T16:12:55.472">
<gc-op id="475" type="trace" timems="416.091" contextid="459" timestamp="2022-02-08T16:12:55.472">
  <trace bytesTraced="74513072" workStackOverflowCount="0" />
  <card-cleaning reason="card cleaning threshold reached" bytesTraced="984" cardsCleaned="2" />
</gc-op>
</concurrent-end>

<exclusive-start id="476" timestamp="2022-02-08T16:12:55.472" intervalms="121.962">
  <response-info timems="0.022" idlems="0.022" threads="0" lastid="0000000000016F00" lastname="main" />
</exclusive-start>
<concurrent-global-final id="477" timestamp="2022-02-08T16:12:55.472" contextid="459" intervalms="7093.020" >
  <concurrent-trace-info reason="card cleaning threshold reached" tracedByMutators="58687520" tracedByHelpers="15826536" cardsCleaned="2" workStackOverflowCount="0" />
</concurrent-global-final>
<gc-start id="478" type="global" contextid="459" timestamp="2022-02-08T16:12:55.472">
  <mem-info id="479" free="198056600" total="1073741824" percent="18">
    <mem type="nursery" free="107265600" total="268435456" percent="39">
      <mem type="allocate" free="107265600" total="183894016" percent="58" />
      <mem type="survivor" free="0" total="84541440" percent="0" />
    </mem>
    <mem type="tenure" free="90791000" total="805306368" percent="11">
      <mem type="soa" free="50525272" total="765040640" percent="6" />
      <mem type="loa" free="40265728" total="40265728" percent="100" />
    </mem>
    <remembered-set count="130" />
  </mem-info>
</gc-start>
<allocation-stats totalBytes="1809400" >
  <allocated-bytes non-tlh="24" tlh="1809376" />
  <largest-consumer threadName="main" threadId="0000000000016F00" bytes="1801208" />
</allocation-stats>
<gc-op id="480" type="rs-scan" timems="144.278" contextid="459" timestamp="2022-02-08T16:12:55.617">
  <scan objectsFound="3324752" bytesTraced="71013384" workStackOverflowCount="0" />
</gc-op>
<gc-op id="481" type="card-cleaning" timems="0.258" contextid="459" timestamp="2022-02-08T16:12:55.617">
  <card-cleaning cardsCleaned="3" bytesTraced="1072" workStackOverflowCount="0" />
</gc-op>
<gc-op id="482" type="mark" timems="37.026" contextid="459" timestamp="2022-02-08T16:12:55.654">
  <trace-info objectcount="1016893" scancount="764196" scanbytes="16370568" />
  <finalization candidates="428" enqueued="57" />
  <ownableSynchronizers candidates="1" cleared="0" />
  <references type="soft" candidates="1063" cleared="0" enqueued="0" dynamicThreshold="15" maxThreshold="32" />
  <references type="weak" candidates="1701" cleared="0" enqueued="0" />
  <references type="phantom" candidates="52" cleared="2" enqueued="2" />
  <stringconstants candidates="6464" cleared="0"  />
  <object-monitors candidates="2" cleared="0"  />
</gc-op>
<gc-op id="483" type="sweep" timems="6.468" contextid="459" timestamp="2022-02-08T16:12:55.661" />
<gc-end id="484" type="global" contextid="459" durationms="188.299" usertimems="218.699" systemtimems="0.000" stalltimems="95.256" timestamp="2022-02-08T16:12:55.661" activeThreads="4">
  <mem-info id="485" free="441559200" total="1073741824" percent="41">
    <mem type="nursery" free="107882920" total="268435456" percent="40">
      <mem type="allocate" free="107882920" total="183894016" percent="58" />
      <mem type="survivor" free="0" total="84541440" percent="0" />
    </mem>
    <mem type="tenure" free="333676280" total="805306368" percent="41" micro-fragmented="241646" macro-fragmented="0">
      <mem type="soa" free="293410552" total="765040640" percent="38" />
      <mem type="loa" free="40265728" total="40265728" percent="100" />
    </mem>
    <pending-finalizers system="57" default="0" reference="2" classloader="0" />
    <remembered-set count="112" />
  </mem-info>
</gc-end>
<cycle-end id="486" type="global" contextid="459" timestamp="2022-02-08T16:12:55.661" />
<exclusive-end id="487" timestamp="2022-02-08T16:12:55.661" durationms="188.549" />

<exclusive-start id="488" timestamp="2022-02-08T16:12:56.448" intervalms="975.531">
  <response-info timems="0.017" idlems="0.017" threads="0" lastid="0000000000016F00" lastname="main" />
</exclusive-start>
<af-start id="489" threadId="0000000000017908" totalBytesRequested="24" timestamp="2022-02-08T16:12:56.448" intervalms="1097.454" type="nursery" />
<cycle-start id="490" type="scavenge" contextid="0" timestamp="2022-02-08T16:12:56.448" intervalms="1097.449" />
<gc-start id="491" type="scavenge" contextid="490" timestamp="2022-02-08T16:12:56.448">
  <mem-info id="492" free="333676280" total="1073741824" percent="31">
    <mem type="nursery" free="0" total="268435456" percent="0">
      <mem type="allocate" free="0" total="183894016" percent="0" />
      <mem type="survivor" free="0" total="84541440" percent="0" />
    </mem>
    <mem type="tenure" free="333676280" total="805306368" percent="41">
      <mem type="soa" free="293410552" total="765040640" percent="38" />
      <mem type="loa" free="40265728" total="40265728" percent="100" />
    </mem>
    <remembered-set count="113" />
  </mem-info>
</gc-start>
<allocation-stats totalBytes="107833824" >
  <allocated-bytes non-tlh="0" tlh="107833824" />
  <largest-consumer threadName="main" threadId="0000000000016F00" bytes="107824880" />
</allocation-stats>
<gc-op id="493" type="scavenge" timems="92.900" contextid="490" timestamp="2022-02-08T16:12:56.541">
  <scavenger-info tenureage="1" tenuremask="7ffe" tiltratio="68" />
  <memory-copied type="nursery" objects="1405356" bytes="77980288" bytesdiscarded="146048" />
  <memory-copied type="tenure" objects="1434275" bytes="74302616" bytesdiscarded="35552" />
  <finalization candidates="57" enqueued="0" />
  <ownableSynchronizers candidates="2" cleared="2" />
  <object-monitors candidates="2" cleared="0"  />
</gc-op>
<gc-end id="494" type="scavenge" contextid="490" durationms="93.197" usertimems="353.632" systemtimems="0.000" stalltimems="3.902" timestamp="2022-02-08T16:12:56.541" activeThreads="4">
  <mem-info id="495" free="362431760" total="1073741824" percent="33">
    <mem type="nursery" free="103211776" total="268435456" percent="38">
      <mem type="allocate" free="103211776" total="181338112" percent="56" />
      <mem type="survivor" free="0" total="87097344" percent="0" />
    </mem>
    <mem type="tenure" free="259219984" total="805306368" percent="32" macro-fragmented="602881">
      <mem type="soa" free="218954256" total="765040640" percent="28" />
      <mem type="loa" free="40265728" total="40265728" percent="100" />
    </mem>
    <remembered-set count="102" />
  </mem-info>
</gc-end>
<cycle-end id="496" type="scavenge" contextid="490" timestamp="2022-02-08T16:12:56.541" />
<allocation-satisfied id="497" threadId="0000000000016F00" bytesRequested="24" />
<af-end id="498" timestamp="2022-02-08T16:12:56.541" threadId="0000000000017908" success="true" from="nursery"/>
<exclusive-end id="499" timestamp="2022-02-08T16:12:56.541" durationms="93.517" />

<exclusive-start id="500" timestamp="2022-02-08T16:12:57.274" intervalms="825.951">
  <response-info timems="0.024" idlems="0.024" threads="0" lastid="0000000000016F00" lastname="main" />
</exclusive-start>
<af-start id="501" threadId="0000000000017908" totalBytesRequested="24" timestamp="2022-02-08T16:12:57.274" intervalms="825.958" type="nursery" />
<cycle-start id="502" type="scavenge" contextid="0" timestamp="2022-02-08T16:12:57.274" intervalms="825.950" />
<gc-start id="503" type="scavenge" contextid="502" timestamp="2022-02-08T16:12:57.274">
  <mem-info id="504" free="259219984" total="1073741824" percent="24">
    <mem type="nursery" free="0" total="268435456" percent="0">
      <mem type="allocate" free="0" total="181338112" percent="0" />
      <mem type="survivor" free="0" total="87097344" percent="0" />
    </mem>
    <mem type="tenure" free="259219984" total="805306368" percent="32">
      <mem type="soa" free="218954256" total="765040640" percent="28" />
      <mem type="loa" free="40265728" total="40265728" percent="100" />
    </mem>
    <remembered-set count="102" />
  </mem-info>
</gc-start>
<allocation-stats totalBytes="103167432" >
  <allocated-bytes non-tlh="24" tlh="103167408" />
  <largest-consumer threadName="main" threadId="0000000000016F00" bytes="103167432" />
</allocation-stats>
<gc-op id="505" type="scavenge" timems="87.731" contextid="502" timestamp="2022-02-08T16:12:57.362">
  <scavenger-info tenureage="1" tenuremask="7ffe" tiltratio="67" />
  <memory-copied type="nursery" objects="1301684" bytes="73376608" bytesdiscarded="170144" />
  <memory-copied type="tenure" objects="1405356" bytes="77980288" bytesdiscarded="41048" />
  <object-monitors candidates="2" cleared="0"  />
</gc-op>
<gc-end id="506" type="scavenge" contextid="502" durationms="88.191" usertimems="305.418" systemtimems="0.147" stalltimems="2.083" timestamp="2022-02-08T16:12:57.362" activeThreads="4">
  <mem-info id="507" free="289428928" total="1073741824" percent="26">
    <mem type="nursery" free="108381184" total="268435456" percent="40">
      <mem type="allocate" free="108381184" total="181927936" percent="59" />
      <mem type="survivor" free="0" total="86507520" percent="0" />
    </mem>
    <mem type="tenure" free="181047744" total="805306368" percent="22" macro-fragmented="348889">
      <mem type="soa" free="140782016" total="765040640" percent="18" />
      <mem type="loa" free="40265728" total="40265728" percent="100" />
    </mem>
    <remembered-set count="102" />
  </mem-info>
</gc-end>
<cycle-end id="508" type="scavenge" contextid="502" timestamp="2022-02-08T16:12:57.362" />
<allocation-satisfied id="509" threadId="0000000000016F00" bytesRequested="24" />
<af-end id="510" timestamp="2022-02-08T16:12:57.362" threadId="0000000000017908" success="true" from="nursery"/>
<exclusive-end id="511" timestamp="2022-02-08T16:12:57.362" durationms="88.450" />

<concurrent-kickoff id="512" timestamp="2022-02-08T16:12:58.248">
  <kickoff reason="threshold reached" targetBytes="115674589" thresholdFreeBytes="12303985"  remainingFree="12189376" tenureFreeBytes="181047744" nurseryFreeBytes="12189376" />
</concurrent-kickoff>
<exclusive-start id="513" timestamp="2022-02-08T16:12:58.251" intervalms="977.477">
  <response-info timems="0.037" idlems="0.037" threads="0" lastid="0000000000016F00" lastname="main" />
</exclusive-start>
<cycle-start id="514" type="global" contextid="0" timestamp="2022-02-08T16:12:58.251" intervalms="3195.185" />
<concurrent-start id="515" type="global mark" contextid="514" timestamp="2022-02-08T16:12:58.251">
</concurrent-start>
<exclusive-end id="516" timestamp="2022-02-08T16:12:58.251" durationms="0.088" />

<exclusive-start id="517" timestamp="2022-02-08T16:12:58.457" intervalms="205.857">
  <response-info timems="0.040" idlems="0.040" threads="0" lastid="0000000000016F00" lastname="main" />
</exclusive-start>
<af-start id="518" threadId="0000000000017908" totalBytesRequested="184" timestamp="2022-02-08T16:12:58.457" intervalms="1183.348" type="nursery" />
<cycle-start id="519" type="scavenge" contextid="0" timestamp="2022-02-08T16:12:58.457" intervalms="1183.360" />
<gc-start id="520" type="scavenge" contextid="519" timestamp="2022-02-08T16:12:58.457">
  <mem-info id="521" free="181047744" total="1073741824" percent="16">
    <mem type="nursery" free="0" total="268435456" percent="0">
      <mem type="allocate" free="0" total="181927936" percent="0" />
      <mem type="survivor" free="0" total="86507520" percent="0" />
    </mem>
    <mem type="tenure" free="181047744" total="805306368" percent="22">
      <mem type="soa" free="140782016" total="765040640" percent="18" />
      <mem type="loa" free="40265728" total="40265728" percent="100" />
    </mem>
    <remembered-set count="132" />
  </mem-info>
</gc-start>
<allocation-stats totalBytes="108336480" >
  <allocated-bytes non-tlh="2938272" tlh="105398208" />
  <largest-consumer threadName="main" threadId="0000000000016F00" bytes="108336480" />
</allocation-stats>
<gc-op id="522" type="scavenge" timems="91.436" contextid="519" timestamp="2022-02-08T16:12:58.549">
  <scavenger-info tenureage="1" tenuremask="7ffe" tiltratio="67" />
  <memory-copied type="nursery" objects="1435402" bytes="76110096" bytesdiscarded="114912" />
  <memory-copied type="tenure" objects="1301684" bytes="73376608" bytesdiscarded="38176" />
  <finalization candidates="110" enqueued="53" />
  <references type="soft" candidates="14" cleared="0" enqueued="0" dynamicThreshold="13" maxThreshold="32" />
  <references type="weak" candidates="1" cleared="0" enqueued="0" />
  <references type="phantom" candidates="95" cleared="7" enqueued="7" />
  <object-monitors candidates="2" cleared="0"  />
</gc-op>
<gc-end id="523" type="scavenge" contextid="519" durationms="91.793" usertimems="327.681" systemtimems="0.000" stalltimems="3.575" timestamp="2022-02-08T16:12:58.549" activeThreads="4">
  <mem-info id="524" free="213548464" total="1073741824" percent="19">
    <mem type="nursery" free="105964944" total="268435456" percent="39">
      <mem type="allocate" free="105964944" total="182190080" percent="58" />
      <mem type="survivor" free="0" total="86245376" percent="0" />
    </mem>
    <mem type="tenure" free="107583520" total="805306368" percent="13" macro-fragmented="0">
      <mem type="soa" free="67317792" total="765040640" percent="8" />
      <mem type="loa" free="40265728" total="40265728" percent="100" />
    </mem>
    <pending-finalizers system="52" default="1" reference="7" classloader="0" />
    <remembered-set count="127" />
  </mem-info>
</gc-end>
<cycle-end id="525" type="scavenge" contextid="519" timestamp="2022-02-08T16:12:58.549" />
<allocation-satisfied id="526" threadId="0000000000016F00" bytesRequested="184" />
<af-end id="527" timestamp="2022-02-08T16:12:58.550" threadId="0000000000017908" success="true" from="nursery"/>
<exclusive-end id="528" timestamp="2022-02-08T16:12:58.550" durationms="92.449" />

<concurrent-end id="529" type="global mark" contextid="514" timestamp="2022-02-08T16:12:58.626">
<gc-op id="530" type="trace" timems="374.246" contextid="514" timestamp="2022-02-08T16:12:58.626">
  <trace bytesTraced="74513344" workStackOverflowCount="0" />
  <card-cleaning reason="card cleaning threshold reached" bytesTraced="984" cardsCleaned="2" />
</gc-op>
</concurrent-end>

<exclusive-start id="531" timestamp="2022-02-08T16:12:58.626" intervalms="168.518">
  <response-info timems="0.018" idlems="0.018" threads="0" lastid="0000000000016F00" lastname="main" />
</exclusive-start>
<concurrent-global-final id="532" timestamp="2022-02-08T16:12:58.626" contextid="514" intervalms="3153.334" >
  <concurrent-trace-info reason="card cleaning threshold reached" tracedByMutators="56181140" tracedByHelpers="18333188" cardsCleaned="2" workStackOverflowCount="0" />
</concurrent-global-final>
<gc-start id="533" type="global" contextid="514" timestamp="2022-02-08T16:12:58.626">
  <mem-info id="534" free="208461048" total="1073741824" percent="19">
    <mem type="nursery" free="100877528" total="268435456" percent="37">
      <mem type="allocate" free="100877528" total="182190080" percent="55" />
      <mem type="survivor" free="0" total="86245376" percent="0" />
    </mem>
    <mem type="tenure" free="107583520" total="805306368" percent="13">
      <mem type="soa" free="67317792" total="765040640" percent="8" />
      <mem type="loa" free="40265728" total="40265728" percent="100" />
    </mem>
    <remembered-set count="128" />
  </mem-info>
</gc-start>
<allocation-stats totalBytes="5084208" >
  <allocated-bytes non-tlh="184" tlh="5084024" />
  <largest-consumer threadName="main" threadId="0000000000016F00" bytes="5076016" />
</allocation-stats>
<gc-op id="535" type="rs-scan" timems="134.404" contextid="514" timestamp="2022-02-08T16:12:58.760">
  <scan objectsFound="3324720" bytesTraced="71011864" workStackOverflowCount="0" />
</gc-op>
<gc-op id="536" type="card-cleaning" timems="0.300" contextid="514" timestamp="2022-02-08T16:12:58.761">
  <card-cleaning cardsCleaned="4" bytesTraced="2960" workStackOverflowCount="0" />
</gc-op>
<gc-op id="537" type="mark" timems="22.870" contextid="514" timestamp="2022-02-08T16:12:58.783">
  <trace-info objectcount="769836" scancount="578903" scanbytes="12417672" />
  <finalization candidates="428" enqueued="57" />
  <ownableSynchronizers candidates="1" cleared="0" />
  <references type="soft" candidates="1063" cleared="0" enqueued="0" dynamicThreshold="13" maxThreshold="32" />
  <references type="weak" candidates="1701" cleared="0" enqueued="0" />
  <references type="phantom" candidates="52" cleared="2" enqueued="2" />
  <stringconstants candidates="6464" cleared="0"  />
  <object-monitors candidates="2" cleared="0"  />
</gc-op>
<gc-op id="538" type="sweep" timems="4.725" contextid="514" timestamp="2022-02-08T16:12:58.788" />
<gc-end id="539" type="global" contextid="514" durationms="162.552" usertimems="176.793" systemtimems="0.370" stalltimems="68.365" timestamp="2022-02-08T16:12:58.788" activeThreads="4">
  <mem-info id="540" free="452192120" total="1073741824" percent="42">
    <mem type="nursery" free="101561720" total="268435456" percent="37">
      <mem type="allocate" free="101561720" total="182190080" percent="55" />
      <mem type="survivor" free="0" total="86245376" percent="0" />
    </mem>
    <mem type="tenure" free="350630400" total="805306368" percent="43" micro-fragmented="198803" macro-fragmented="143110048">
      <mem type="soa" free="310364672" total="765040640" percent="40" />
      <mem type="loa" free="40265728" total="40265728" percent="100" />
    </mem>
    <pending-finalizers system="57" default="0" reference="2" classloader="0" />
    <remembered-set count="110" />
  </mem-info>
</gc-end>
<cycle-end id="541" type="global" contextid="514" timestamp="2022-02-08T16:12:58.788" />
<exclusive-end id="542" timestamp="2022-02-08T16:12:58.788" durationms="162.750" />

<exclusive-start id="543" timestamp="2022-02-08T16:12:59.536" intervalms="909.850">
  <response-info timems="0.037" idlems="0.037" threads="0" lastid="0000000000016F00" lastname="main" />
</exclusive-start>
<af-start id="544" threadId="0000000000017908" totalBytesRequested="200" timestamp="2022-02-08T16:12:59.536" intervalms="1078.394" type="nursery" />
<cycle-start id="545" type="scavenge" contextid="0" timestamp="2022-02-08T16:12:59.536" intervalms="1078.386" />
<gc-start id="546" type="scavenge" contextid="545" timestamp="2022-02-08T16:12:59.536">
  <mem-info id="547" free="350630400" total="1073741824" percent="32">
    <mem type="nursery" free="0" total="268435456" percent="0">
      <mem type="allocate" free="0" total="182190080" percent="0" />
      <mem type="survivor" free="0" total="86245376" percent="0" />
    </mem>
    <mem type="tenure" free="350630400" total="805306368" percent="43">
      <mem type="soa" free="310364672" total="765040640" percent="40" />
      <mem type="loa" free="40265728" total="40265728" percent="100" />
    </mem>
    <remembered-set count="111" />
  </mem-info>
</gc-start>
<allocation-stats totalBytes="101514144" >
  <allocated-bytes non-tlh="0" tlh="101514144" />
  <largest-consumer threadName="main" threadId="0000000000016F00" bytes="101505016" />
</allocation-stats>
<gc-op id="548" type="scavenge" timems="87.292" contextid="545" timestamp="2022-02-08T16:12:59.623">
  <scavenger-info tenureage="1" tenuremask="7ffe" tiltratio="67" />
  <memory-copied type="nursery" objects="1369201" bytes="75830816" bytesdiscarded="289176" />
  <memory-copied type="tenure" objects="1434686" bytes="75642056" bytesdiscarded="38888" />
  <finalization candidates="57" enqueued="0" />
  <ownableSynchronizers candidates="2" cleared="2" />
  <object-monitors candidates="2" cleared="0"  />
</gc-op>
<gc-end id="549" type="scavenge" contextid="545" durationms="87.523" usertimems="343.319" systemtimems="0.000" stalltimems="2.070" timestamp="2022-02-08T16:12:59.623" activeThreads="4">
  <mem-info id="550" free="381578232" total="1073741824" percent="35">
    <mem type="nursery" free="106856520" total="268435456" percent="39">
      <mem type="allocate" free="106856520" total="182976512" percent="58" />
      <mem type="survivor" free="0" total="85458944" percent="0" />
    </mem>
    <mem type="tenure" free="274721712" total="805306368" percent="34" macro-fragmented="143110048">
      <mem type="soa" free="234455984" total="765040640" percent="30" />
      <mem type="loa" free="40265728" total="40265728" percent="100" />
    </mem>
    <remembered-set count="103" />
  </mem-info>
</gc-end>
<cycle-end id="551" type="scavenge" contextid="545" timestamp="2022-02-08T16:12:59.623" />
<allocation-satisfied id="552" threadId="0000000000016F00" bytesRequested="200" />
<af-end id="553" timestamp="2022-02-08T16:12:59.623" threadId="0000000000017908" success="true" from="nursery"/>
<exclusive-end id="554" timestamp="2022-02-08T16:12:59.623" durationms="87.845" />

<exclusive-start id="555" timestamp="2022-02-08T16:13:00.332" intervalms="796.650">
  <response-info timems="0.020" idlems="0.020" threads="0" lastid="0000000000016F00" lastname="main" />
</exclusive-start>
<af-start id="556" threadId="0000000000017908" totalBytesRequested="200" timestamp="2022-02-08T16:13:00.332" intervalms="796.602" type="nursery" />
<cycle-start id="557" type="scavenge" contextid="0" timestamp="2022-02-08T16:13:00.332" intervalms="796.597" />
<gc-start id="558" type="scavenge" contextid="557" timestamp="2022-02-08T16:13:00.332">
  <mem-info id="559" free="274721712" total="1073741824" percent="25">
    <mem type="nursery" free="0" total="268435456" percent="0">
      <mem type="allocate" free="0" total="182976512" percent="0" />
      <mem type="survivor" free="0" total="85458944" percent="0" />
    </mem>
    <mem type="tenure" free="274721712" total="805306368" percent="34">
      <mem type="soa" free="234455984" total="765040640" percent="30" />
      <mem type="loa" free="40265728" total="40265728" percent="100" />
    </mem>
    <remembered-set count="103" />
  </mem-info>
</gc-start>
<allocation-stats totalBytes="106804960" >
  <allocated-bytes non-tlh="200" tlh="106804760" />
  <largest-consumer threadName="main" threadId="0000000000016F00" bytes="106804960" />
</allocation-stats>
<gc-op id="560" type="scavenge" timems="96.753" contextid="557" timestamp="2022-02-08T16:13:00.429">
  <scavenger-info tenureage="1" tenuremask="7ffe" tiltratio="68" />
  <memory-copied type="nursery" objects="1334341" bytes="75917560" bytesdiscarded="123656" />
  <memory-copied type="tenure" objects="1369200" bytes="75830704" bytesdiscarded="40720" />
  <object-monitors candidates="2" cleared="0"  />
</gc-op>
<gc-end id="561" type="scavenge" contextid="557" durationms="96.881" usertimems="368.407" systemtimems="0.535" stalltimems="3.628" timestamp="2022-02-08T16:13:00.429" activeThreads="4">
  <mem-info id="562" free="306282024" total="1073741824" percent="28">
    <mem type="nursery" free="107590656" total="268435456" percent="40">
      <mem type="allocate" free="107590656" total="183631872" percent="58" />
      <mem type="survivor" free="0" total="84803584" percent="0" />
    </mem>
    <mem type="tenure" free="198691368" total="805306368" percent="24" macro-fragmented="183049424">
      <mem type="soa" free="158425640" total="765040640" percent="20" />
      <mem type="loa" free="40265728" total="40265728" percent="100" />
    </mem>
    <remembered-set count="103" />
  </mem-info>
</gc-end>
<cycle-end id="563" type="scavenge" contextid="557" timestamp="2022-02-08T16:13:00.429" />
<allocation-satisfied id="564" threadId="0000000000016F00" bytesRequested="200" />
<af-end id="565" timestamp="2022-02-08T16:13:00.429" threadId="0000000000017908" success="true" from="nursery"/>
<exclusive-end id="566" timestamp="2022-02-08T16:13:00.429" durationms="97.137" />

<concurrent-kickoff id="567" timestamp="2022-02-08T16:13:01.304">
  <kickoff reason="threshold reached" targetBytes="107331042" thresholdFreeBytes="10995496"  remainingFree="10971184" tenureFreeBytes="198691368" nurseryFreeBytes="10971184" />
</concurrent-kickoff>
<exclusive-start id="568" timestamp="2022-02-08T16:13:01.307" intervalms="974.565">
  <response-info timems="0.023" idlems="0.023" threads="0" lastid="0000000000016F00" lastname="main" />
</exclusive-start>
<cycle-start id="569" type="global" contextid="0" timestamp="2022-02-08T16:13:01.307" intervalms="3055.390" />
<concurrent-start id="570" type="global mark" contextid="569" timestamp="2022-02-08T16:13:01.307">
</concurrent-start>
<exclusive-end id="571" timestamp="2022-02-08T16:13:01.307" durationms="0.030" />

<exclusive-start id="572" timestamp="2022-02-08T16:13:01.530" intervalms="223.271">
  <response-info timems="0.020" idlems="0.020" threads="0" lastid="0000000000016F00" lastname="main" />
</exclusive-start>
<af-start id="573" threadId="0000000000017908" totalBytesRequested="120" timestamp="2022-02-08T16:13:01.530" intervalms="1197.846" type="nursery" />
<cycle-start id="574" type="scavenge" contextid="0" timestamp="2022-02-08T16:13:01.530" intervalms="1197.846" />
<gc-start id="575" type="scavenge" contextid="574" timestamp="2022-02-08T16:13:01.530">
  <mem-info id="576" free="198691368" total="1073741824" percent="18">
    <mem type="nursery" free="0" total="268435456" percent="0">
      <mem type="allocate" free="0" total="183631872" percent="0" />
      <mem type="survivor" free="0" total="84803584" percent="0" />
    </mem>
    <mem type="tenure" free="198691368" total="805306368" percent="24">
      <mem type="soa" free="158425640" total="765040640" percent="20" />
      <mem type="loa" free="40265728" total="40265728" percent="100" />
    </mem>
    <remembered-set count="134" />
  </mem-info>
</gc-start>
<allocation-stats totalBytes="107544184" >
  <allocated-bytes non-tlh="1493968" tlh="106050216" />
  <largest-consumer threadName="main" threadId="0000000000016F00" bytes="107544184" />
</allocation-stats>
<gc-op id="577" type="scavenge" timems="83.222" contextid="574" timestamp="2022-02-08T16:13:01.613">
  <scavenger-info tenureage="1" tenuremask="7ffe" tiltratio="68" />
  <memory-copied type="nursery" objects="1483967" bytes="75755296" bytesdiscarded="48952" />
  <memory-copied type="tenure" objects="1334340" bytes="75917448" bytesdiscarded="35968" />
  <finalization candidates="109" enqueued="53" />
  <references type="soft" candidates="14" cleared="0" enqueued="0" dynamicThreshold="13" maxThreshold="32" />
  <references type="weak" candidates="1" cleared="0" enqueued="0" />
  <references type="phantom" candidates="94" cleared="7" enqueued="7" />
  <object-monitors candidates="2" cleared="0"  />
</gc-op>
<gc-end id="578" type="scavenge" contextid="574" durationms="83.369" usertimems="325.222" systemtimems="0.778" stalltimems="2.850" timestamp="2022-02-08T16:13:01.614" activeThreads="4">
  <mem-info id="579" free="231332432" total="1073741824" percent="21">
    <mem type="nursery" free="108417320" total="268435456" percent="40">
      <mem type="allocate" free="108417320" total="184221696" percent="58" />
      <mem type="survivor" free="0" total="84213760" percent="0" />
    </mem>
    <mem type="tenure" free="122915112" total="805306368" percent="15" macro-fragmented="108954624">
      <mem type="soa" free="82649384" total="765040640" percent="10" />
      <mem type="loa" free="40265728" total="40265728" percent="100" />
    </mem>
    <pending-finalizers system="52" default="1" reference="7" classloader="0" />
    <remembered-set count="129" />
  </mem-info>
</gc-end>
<cycle-end id="580" type="scavenge" contextid="574" timestamp="2022-02-08T16:13:01.614" />
<allocation-satisfied id="581" threadId="0000000000016F00" bytesRequested="120" />
<af-end id="582" timestamp="2022-02-08T16:13:01.614" threadId="0000000000017908" success="true" from="nursery"/>
<exclusive-end id="583" timestamp="2022-02-08T16:13:01.614" durationms="83.661" />

<concurrent-end id="584" type="global mark" contextid="569" timestamp="2022-02-08T16:13:01.663">
<gc-op id="585" type="trace" timems="355.737" contextid="569" timestamp="2022-02-08T16:13:01.663">
  <trace bytesTraced="74513440" workStackOverflowCount="0" />
  <card-cleaning reason="card cleaning threshold reached" bytesTraced="984" cardsCleaned="2" />
</gc-op>
</concurrent-end>

<exclusive-start id="586" timestamp="2022-02-08T16:13:01.663" intervalms="132.543">
  <response-info timems="0.022" idlems="0.022" threads="0" lastid="0000000000016F00" lastname="main" />
</exclusive-start>
<concurrent-global-final id="587" timestamp="2022-02-08T16:13:01.663" contextid="569" intervalms="3036.880" >
  <concurrent-trace-info reason="card cleaning threshold reached" tracedByMutators="59307400" tracedByHelpers="15207024" cardsCleaned="2" workStackOverflowCount="0" />
</concurrent-global-final>
<gc-start id="588" type="global" contextid="569" timestamp="2022-02-08T16:13:01.663">
  <mem-info id="589" free="227555800" total="1073741824" percent="21">
    <mem type="nursery" free="104640688" total="268435456" percent="38">
      <mem type="allocate" free="104640688" total="184221696" percent="56" />
      <mem type="survivor" free="0" total="84213760" percent="0" />
    </mem>
    <mem type="tenure" free="122915112" total="805306368" percent="15">
      <mem type="soa" free="82649384" total="765040640" percent="10" />
      <mem type="loa" free="40265728" total="40265728" percent="100" />
    </mem>
    <remembered-set count="130" />
  </mem-info>
</gc-start>
<allocation-stats totalBytes="3774744" >
  <allocated-bytes non-tlh="120" tlh="3774624" />
  <largest-consumer threadName="main" threadId="0000000000016F00" bytes="3766552" />
</allocation-stats>
<gc-op id="590" type="rs-scan" timems="134.315" contextid="569" timestamp="2022-02-08T16:13:01.797">
  <scan objectsFound="3324742" bytesTraced="71013036" workStackOverflowCount="0" />
</gc-op>
<gc-op id="591" type="card-cleaning" timems="0.299" contextid="569" timestamp="2022-02-08T16:13:01.797">
  <card-cleaning cardsCleaned="4" bytesTraced="1788" workStackOverflowCount="0" />
</gc-op>
<gc-op id="592" type="mark" timems="15.995" contextid="569" timestamp="2022-02-08T16:13:01.813">
  <trace-info objectcount="507156" scancount="381888" scanbytes="8214296" />
  <finalization candidates="427" enqueued="57" />
  <ownableSynchronizers candidates="1" cleared="0" />
  <references type="soft" candidates="1063" cleared="0" enqueued="0" dynamicThreshold="13" maxThreshold="32" />
  <references type="weak" candidates="1701" cleared="0" enqueued="0" />
  <references type="phantom" candidates="51" cleared="2" enqueued="2" />
  <stringconstants candidates="6464" cleared="0"  />
  <object-monitors candidates="2" cleared="0"  />
</gc-op>
<gc-op id="593" type="sweep" timems="4.581" contextid="569" timestamp="2022-02-08T16:13:01.818" />
<gc-end id="594" type="global" contextid="569" durationms="155.435" usertimems="170.093" systemtimems="0.000" stalltimems="47.125" timestamp="2022-02-08T16:13:01.818" activeThreads="4">
  <mem-info id="595" free="471108336" total="1073741824" percent="43">
    <mem type="nursery" free="105258552" total="268435456" percent="39">
      <mem type="allocate" free="105258552" total="184221696" percent="57" />
      <mem type="survivor" free="0" total="84213760" percent="0" />
    </mem>
    <mem type="tenure" free="365849784" total="805306368" percent="45" micro-fragmented="194525" macro-fragmented="0">
      <mem type="soa" free="325584056" total="765040640" percent="42" />
      <mem type="loa" free="40265728" total="40265728" percent="100" />
    </mem>
    <pending-finalizers system="57" default="0" reference="2" classloader="0" />
    <remembered-set count="112" />
  </mem-info>
</gc-end>
<cycle-end id="596" type="global" contextid="569" timestamp="2022-02-08T16:13:01.818" />
<exclusive-end id="597" timestamp="2022-02-08T16:13:01.818" durationms="155.746" />

<exclusive-start id="598" timestamp="2022-02-08T16:13:02.590" intervalms="926.941">
  <response-info timems="0.021" idlems="0.021" threads="0" lastid="0000000000016F00" lastname="main" />
</exclusive-start>
<af-start id="599" threadId="0000000000017908" totalBytesRequested="16" timestamp="2022-02-08T16:13:02.590" intervalms="1059.753" type="nursery" />
<cycle-start id="600" type="scavenge" contextid="0" timestamp="2022-02-08T16:13:02.590" intervalms="1059.819" />
<gc-start id="601" type="scavenge" contextid="600" timestamp="2022-02-08T16:13:02.590">
  <mem-info id="602" free="365849784" total="1073741824" percent="34">
    <mem type="nursery" free="0" total="268435456" percent="0">
      <mem type="allocate" free="0" total="184221696" percent="0" />
      <mem type="survivor" free="0" total="84213760" percent="0" />
    </mem>
    <mem type="tenure" free="365849784" total="805306368" percent="45">
      <mem type="soa" free="325584056" total="765040640" percent="42" />
      <mem type="loa" free="40265728" total="40265728" percent="100" />
    </mem>
    <remembered-set count="113" />
  </mem-info>
</gc-start>
<allocation-stats totalBytes="105207760" >
  <allocated-bytes non-tlh="1347680" tlh="103860080" />
  <largest-consumer threadName="main" threadId="0000000000016F00" bytes="105195504" />
</allocation-stats>
<gc-op id="603" type="scavenge" timems="96.368" contextid="600" timestamp="2022-02-08T16:13:02.686">
  <scavenger-info tenureage="1" tenuremask="7ffe" tiltratio="68" />
  <memory-copied type="nursery" objects="1367632" bytes="77891832" bytesdiscarded="220176" />
  <memory-copied type="tenure" objects="1483244" bytes="74812048" bytesdiscarded="37368" />
  <finalization candidates="57" enqueued="0" />
  <ownableSynchronizers candidates="2" cleared="2" />
  <references type="phantom" candidates="1" cleared="0" enqueued="0" />
  <object-monitors candidates="2" cleared="0"  />
</gc-op>
<gc-end id="604" type="scavenge" contextid="600" durationms="96.564" usertimems="362.336" systemtimems="0.000" stalltimems="3.558" timestamp="2022-02-08T16:13:02.687" activeThreads="4">
  <mem-info id="605" free="395137136" total="1073741824" percent="36">
    <mem type="nursery" free="104274680" total="268435456" percent="38">
      <mem type="allocate" free="104274680" total="182386688" percent="57" />
      <mem type="survivor" free="0" total="86048768" percent="0" />
    </mem>
    <mem type="tenure" free="290862456" total="805306368" percent="36" macro-fragmented="0">
      <mem type="soa" free="250596728" total="765040640" percent="32" />
      <mem type="loa" free="40265728" total="40265728" percent="100" />
    </mem>
    <remembered-set count="102" />
  </mem-info>
</gc-end>
<cycle-end id="606" type="scavenge" contextid="600" timestamp="2022-02-08T16:13:02.687" />
<allocation-satisfied id="607" threadId="0000000000016F00" bytesRequested="16" />
<af-end id="608" timestamp="2022-02-08T16:13:02.687" threadId="0000000000017908" success="true" from="nursery"/>
<exclusive-end id="609" timestamp="2022-02-08T16:13:02.687" durationms="97.302" />

<exclusive-start id="610" timestamp="2022-02-08T16:13:03.388" intervalms="798.158">
  <response-info timems="0.018" idlems="0.018" threads="0" lastid="0000000000016F00" lastname="main" />
</exclusive-start>
<af-start id="611" threadId="0000000000017908" totalBytesRequested="104" timestamp="2022-02-08T16:13:03.388" intervalms="797.880" type="nursery" />
<cycle-start id="612" type="scavenge" contextid="0" timestamp="2022-02-08T16:13:03.388" intervalms="797.814" />
<gc-start id="613" type="scavenge" contextid="612" timestamp="2022-02-08T16:13:03.388">
  <mem-info id="614" free="290862456" total="1073741824" percent="27">
    <mem type="nursery" free="0" total="268435456" percent="0">
      <mem type="allocate" free="0" total="182386688" percent="0" />
      <mem type="survivor" free="0" total="86048768" percent="0" />
    </mem>
    <mem type="tenure" free="290862456" total="805306368" percent="36">
      <mem type="soa" free="250596728" total="765040640" percent="32" />
      <mem type="loa" free="40265728" total="40265728" percent="100" />
    </mem>
    <remembered-set count="102" />
  </mem-info>
</gc-start>
<allocation-stats totalBytes="104225728" >
  <allocated-bytes non-tlh="16" tlh="104225712" />
  <largest-consumer threadName="main" threadId="0000000000016F00" bytes="104225728" />
</allocation-stats>
<gc-op id="615" type="scavenge" timems="87.407" contextid="612" timestamp="2022-02-08T16:13:03.475">
  <scavenger-info tenureage="1" tenuremask="7ffe" tiltratio="67" />
  <memory-copied type="nursery" objects="1314129" bytes="74118408" bytesdiscarded="117832" />
  <memory-copied type="tenure" objects="1367632" bytes="77891832" bytesdiscarded="41816" />
  <finalization candidates="1" enqueued="0" />
  <object-monitors candidates="2" cleared="0"  />
</gc-op>
<gc-end id="616" type="scavenge" contextid="612" durationms="87.790" usertimems="341.639" systemtimems="0.000" stalltimems="3.161" timestamp="2022-02-08T16:13:03.476" activeThreads="4">
  <mem-info id="617" free="321413456" total="1073741824" percent="29">
    <mem type="nursery" free="108543664" total="268435456" percent="40">
      <mem type="allocate" free="108543664" total="182779904" percent="59" />
      <mem type="survivor" free="0" total="85655552" percent="0" />
    </mem>
    <mem type="tenure" free="212869792" total="805306368" percent="26" macro-fragmented="0">
      <mem type="soa" free="172604064" total="765040640" percent="22" />
      <mem type="loa" free="40265728" total="40265728" percent="100" />
    </mem>
    <remembered-set count="102" />
  </mem-info>
</gc-end>
<cycle-end id="618" type="scavenge" contextid="612" timestamp="2022-02-08T16:13:03.476" />
<allocation-satisfied id="619" threadId="0000000000016F00" bytesRequested="104" />
<af-end id="620" timestamp="2022-02-08T16:13:03.476" threadId="0000000000017908" success="true" from="nursery"/>
<exclusive-end id="621" timestamp="2022-02-08T16:13:03.476" durationms="88.043" />

<exclusive-start id="622" timestamp="2022-02-08T16:13:04.425" intervalms="1037.517">
  <response-info timems="0.023" idlems="0.023" threads="0" lastid="0000000000016F00" lastname="main" />
</exclusive-start>
<af-start id="623" threadId="0000000000017908" totalBytesRequested="24" timestamp="2022-02-08T16:13:04.425" intervalms="1037.519" type="nursery" />
<cycle-start id="624" type="scavenge" contextid="0" timestamp="2022-02-08T16:13:04.425" intervalms="1037.519" />
<gc-start id="625" type="scavenge" contextid="624" timestamp="2022-02-08T16:13:04.425">
  <mem-info id="626" free="212869792" total="1073741824" percent="19">
    <mem type="nursery" free="0" total="268435456" percent="0">
      <mem type="allocate" free="0" total="182779904" percent="0" />
      <mem type="survivor" free="0" total="85655552" percent="0" />
    </mem>
    <mem type="tenure" free="212869792" total="805306368" percent="26">
      <mem type="soa" free="172604064" total="765040640" percent="22" />
      <mem type="loa" free="40265728" total="40265728" percent="100" />
    </mem>
    <remembered-set count="133" />
  </mem-info>
</gc-start>
<allocation-stats totalBytes="108496344" >
  <allocated-bytes non-tlh="1018744" tlh="107477600" />
  <largest-consumer threadName="main" threadId="0000000000016F00" bytes="108496344" />
</allocation-stats>
<gc-op id="627" type="scavenge" timems="82.490" contextid="624" timestamp="2022-02-08T16:13:04.508">
  <scavenger-info tenureage="1" tenuremask="7ffe" tiltratio="68" />
  <memory-copied type="nursery" objects="1502347" bytes="76445224" bytesdiscarded="210056" />
  <memory-copied type="tenure" objects="1314129" bytes="74118408" bytesdiscarded="37592" />
  <finalization candidates="108" enqueued="53" />
  <references type="soft" candidates="14" cleared="0" enqueued="0" dynamicThreshold="14" maxThreshold="32" />
  <references type="weak" candidates="1" cleared="0" enqueued="0" />
  <references type="phantom" candidates="93" cleared="7" enqueued="7" />
  <object-monitors candidates="2" cleared="0"  />
</gc-op>
<gc-end id="628" type="scavenge" contextid="624" durationms="82.946" usertimems="324.759" systemtimems="0.000" stalltimems="4.334" timestamp="2022-02-08T16:13:04.508" activeThreads="4">
  <mem-info id="629" free="245020488" total="1073741824" percent="22">
    <mem type="nursery" free="106255568" total="268435456" percent="39">
      <mem type="allocate" free="106255568" total="182910976" percent="58" />
      <mem type="survivor" free="0" total="85524480" percent="0" />
    </mem>
    <mem type="tenure" free="138764920" total="805306368" percent="17" macro-fragmented="0">
      <mem type="soa" free="98499192" total="765040640" percent="12" />
      <mem type="loa" free="40265728" total="40265728" percent="100" />
    </mem>
    <pending-finalizers system="52" default="1" reference="7" classloader="0" />
    <remembered-set count="129" />
  </mem-info>
</gc-end>
<cycle-end id="630" type="scavenge" contextid="624" timestamp="2022-02-08T16:13:04.508" />
<allocation-satisfied id="631" threadId="0000000000016F00" bytesRequested="24" />
<af-end id="632" timestamp="2022-02-08T16:13:04.508" threadId="0000000000017908" success="true" from="nursery"/>
<exclusive-end id="633" timestamp="2022-02-08T16:13:04.508" durationms="83.257" />

<concurrent-kickoff id="634" timestamp="2022-02-08T16:13:05.151">
  <kickoff reason="threshold reached" targetBytes="100689675" thresholdFreeBytes="9959917"  remainingFree="9954400" tenureFreeBytes="138764920" nurseryFreeBytes="9954400" />
</concurrent-kickoff>
<exclusive-start id="635" timestamp="2022-02-08T16:13:05.160" intervalms="734.776">
  <response-info timems="0.026" idlems="0.026" threads="0" lastid="0000000000016F00" lastname="main" />
</exclusive-start>
<cycle-start id="636" type="global" contextid="0" timestamp="2022-02-08T16:13:05.160" intervalms="3853.212" />
<concurrent-start id="637" type="global mark" contextid="636" timestamp="2022-02-08T16:13:05.160">
</concurrent-start>
<exclusive-end id="638" timestamp="2022-02-08T16:13:05.160" durationms="0.039" />

<exclusive-start id="639" timestamp="2022-02-08T16:13:05.444" intervalms="283.696">
  <response-info timems="0.019" idlems="0.019" threads="0" lastid="0000000000016F00" lastname="main" />
</exclusive-start>
<af-start id="640" threadId="0000000000017908" totalBytesRequested="104" timestamp="2022-02-08T16:13:05.444" intervalms="1018.470" type="nursery" />
<cycle-start id="641" type="scavenge" contextid="0" timestamp="2022-02-08T16:13:05.444" intervalms="1018.469" />
<gc-start id="642" type="scavenge" contextid="641" timestamp="2022-02-08T16:13:05.444">
  <mem-info id="643" free="138764920" total="1073741824" percent="12">
    <mem type="nursery" free="0" total="268435456" percent="0">
      <mem type="allocate" free="0" total="182910976" percent="0" />
      <mem type="survivor" free="0" total="85524480" percent="0" />
    </mem>
    <mem type="tenure" free="138764920" total="805306368" percent="17">
      <mem type="soa" free="98499192" total="765040640" percent="12" />
      <mem type="loa" free="40265728" total="40265728" percent="100" />
    </mem>
    <remembered-set count="130" />
  </mem-info>
</gc-start>
<allocation-stats totalBytes="106207816" >
  <allocated-bytes non-tlh="1822832" tlh="104384984" />
  <largest-consumer threadName="main" threadId="0000000000016F00" bytes="106199624" />
</allocation-stats>
<gc-op id="644" type="scavenge" timems="85.739" contextid="641" timestamp="2022-02-08T16:13:05.530">
  <scavenger-info tenureage="1" tenuremask="7ffe" tiltratio="68" />
  <memory-copied type="nursery" objects="1325549" bytes="75694648" bytesdiscarded="303400" />
  <memory-copied type="tenure" objects="1501628" bytes="75807464" bytesdiscarded="38888" />
  <finalization candidates="57" enqueued="0" />
  <references type="phantom" candidates="2" cleared="0" enqueued="0" />
  <object-monitors candidates="2" cleared="0"  />
</gc-op>
<gc-end id="645" type="scavenge" contextid="641" durationms="86.077" usertimems="309.070" systemtimems="16.375" stalltimems="3.218" timestamp="2022-02-08T16:13:05.530" activeThreads="4">
  <mem-info id="646" free="170445064" total="1073741824" percent="15">
    <mem type="nursery" free="107502752" total="268435456" percent="40">
      <mem type="allocate" free="107502752" total="183500800" percent="58" />
      <mem type="survivor" free="0" total="84934656" percent="0" />
    </mem>
    <mem type="tenure" free="62942312" total="805306368" percent="7" macro-fragmented="49227995">
      <mem type="soa" free="22676584" total="765040640" percent="2" />
      <mem type="loa" free="40265728" total="40265728" percent="100" />
    </mem>
    <remembered-set count="101" />
  </mem-info>
</gc-end>
<cycle-end id="647" type="scavenge" contextid="641" timestamp="2022-02-08T16:13:05.530" />
<allocation-satisfied id="648" threadId="0000000000016F00" bytesRequested="104" />
<af-end id="649" timestamp="2022-02-08T16:13:05.530" threadId="0000000000017908" success="true" from="nursery"/>
<exclusive-end id="650" timestamp="2022-02-08T16:13:05.530" durationms="86.344" />

<concurrent-end id="651" type="global mark" contextid="636" timestamp="2022-02-08T16:13:05.545">
<gc-op id="652" type="trace" timems="384.942" contextid="636" timestamp="2022-02-08T16:13:05.545">
  <trace bytesTraced="74513696" workStackOverflowCount="0" />
  <card-cleaning reason="card cleaning threshold reached" bytesTraced="984" cardsCleaned="2" />
</gc-op>
</concurrent-end>

<exclusive-start id="653" timestamp="2022-02-08T16:13:05.545" intervalms="101.338">
  <response-info timems="0.021" idlems="0.021" threads="0" lastid="0000000000016F00" lastname="main" />
</exclusive-start>
<concurrent-global-final id="654" timestamp="2022-02-08T16:13:05.545" contextid="636" intervalms="3882.424" >
  <concurrent-trace-info reason="card cleaning threshold reached" tracedByMutators="62274576" tracedByHelpers="12240104" cardsCleaned="2" workStackOverflowCount="0" />
</concurrent-global-final>
<gc-start id="655" type="global" contextid="636" timestamp="2022-02-08T16:13:05.545">
  <mem-info id="656" free="169154720" total="1073741824" percent="15">
    <mem type="nursery" free="106212408" total="268435456" percent="39">
      <mem type="allocate" free="106212408" total="183500800" percent="57" />
      <mem type="survivor" free="0" total="84934656" percent="0" />
    </mem>
    <mem type="tenure" free="62942312" total="805306368" percent="7">
      <mem type="soa" free="22676584" total="765040640" percent="2" />
      <mem type="loa" free="40265728" total="40265728" percent="100" />
    </mem>
    <remembered-set count="101" />
  </mem-info>
</gc-start>
<allocation-stats totalBytes="1289456" >
  <allocated-bytes non-tlh="104" tlh="1289352" />
  <largest-consumer threadName="main" threadId="0000000000016F00" bytes="1289456" />
</allocation-stats>
<gc-op id="657" type="rs-scan" timems="0.586" contextid="636" timestamp="2022-02-08T16:13:05.546">
  <scan objectsFound="29" bytesTraced="5268" workStackOverflowCount="0" />
</gc-op>
<gc-op id="658" type="card-cleaning" timems="151.784" contextid="636" timestamp="2022-02-08T16:13:05.697">
  <card-cleaning cardsCleaned="9" bytesTraced="71010492" workStackOverflowCount="0" />
</gc-op>
<gc-op id="659" type="mark" timems="42.756" contextid="636" timestamp="2022-02-08T16:13:05.740">
  <trace-info objectcount="1555364" scancount="1168050" scanbytes="24986120" />
  <finalization candidates="428" enqueued="57" />
  <ownableSynchronizers candidates="1" cleared="0" />
  <references type="soft" candidates="1063" cleared="0" enqueued="0" dynamicThreshold="14" maxThreshold="32" />
  <references type="weak" candidates="1701" cleared="0" enqueued="0" />
  <references type="phantom" candidates="52" cleared="2" enqueued="2" />
  <stringconstants candidates="6464" cleared="0"  />
  <object-monitors candidates="2" cleared="0"  />
</gc-op>
<gc-op id="660" type="sweep" timems="5.951" contextid="636" timestamp="2022-02-08T16:13:05.746" />
<gc-end id="661" type="global" contextid="636" durationms="201.493" usertimems="216.627" systemtimems="0.000" stalltimems="131.117" timestamp="2022-02-08T16:13:05.747" activeThreads="4">
  <mem-info id="662" free="412389432" total="1073741824" percent="38">
    <mem type="nursery" free="106597624" total="268435456" percent="39">
      <mem type="allocate" free="106597624" total="183500800" percent="58" />
      <mem type="survivor" free="0" total="84934656" percent="0" />
    </mem>
    <mem type="tenure" free="305791808" total="805306368" percent="37" micro-fragmented="208001" macro-fragmented="0">
      <mem type="soa" free="265526080" total="765040640" percent="34" />
      <mem type="loa" free="40265728" total="40265728" percent="100" />
    </mem>
    <pending-finalizers system="57" default="0" reference="2" classloader="0" />
    <remembered-set count="101" />
  </mem-info>
</gc-end>
<cycle-end id="663" type="global" contextid="636" timestamp="2022-02-08T16:13:05.747" />
<exclusive-end id="664" timestamp="2022-02-08T16:13:05.747" durationms="201.687" />

<exclusive-start id="665" timestamp="2022-02-08T16:13:06.464" intervalms="918.658">
  <response-info timems="0.018" idlems="0.018" threads="0" lastid="0000000000016F00" lastname="main" />
</exclusive-start>
<af-start id="666" threadId="0000000000017908" totalBytesRequested="216" timestamp="2022-02-08T16:13:06.464" intervalms="1019.996" type="nursery" />
<cycle-start id="667" type="scavenge" contextid="0" timestamp="2022-02-08T16:13:06.464" intervalms="1020.007" />
<gc-start id="668" type="scavenge" contextid="667" timestamp="2022-02-08T16:13:06.464">
  <mem-info id="669" free="305791808" total="1073741824" percent="28">
    <mem type="nursery" free="0" total="268435456" percent="0">
      <mem type="allocate" free="0" total="183500800" percent="0" />
      <mem type="survivor" free="0" total="84934656" percent="0" />
    </mem>
    <mem type="tenure" free="305791808" total="805306368" percent="37">
      <mem type="soa" free="265526080" total="765040640" percent="34" />
      <mem type="loa" free="40265728" total="40265728" percent="100" />
    </mem>
    <remembered-set count="104" />
  </mem-info>
</gc-start>
<allocation-stats totalBytes="106548920" >
  <allocated-bytes non-tlh="0" tlh="106548920" />
  <largest-consumer threadName="main" threadId="0000000000016F00" bytes="106544824" />
</allocation-stats>
<gc-op id="670" type="scavenge" timems="76.839" contextid="667" timestamp="2022-02-08T16:13:06.541">
  <scavenger-info tenureage="1" tenuremask="7ffe" tiltratio="68" />
  <memory-copied type="nursery" objects="1355903" bytes="76604080" bytesdiscarded="274528" />
  <memory-copied type="tenure" objects="1325549" bytes="75694648" bytesdiscarded="43288" />
  <finalization candidates="2" enqueued="0" />
  <ownableSynchronizers candidates="2" cleared="2" />
  <object-monitors candidates="2" cleared="0"  />
</gc-op>
<gc-end id="671" type="scavenge" contextid="667" durationms="77.274" usertimems="303.932" systemtimems="0.000" stalltimems="2.934" timestamp="2022-02-08T16:13:06.541" activeThreads="4">
  <mem-info id="672" free="337432800" total="1073741824" percent="31">
    <mem type="nursery" free="107539696" total="268435456" percent="40">
      <mem type="allocate" free="107539696" total="184418304" percent="58" />
      <mem type="survivor" free="0" total="84017152" percent="0" />
    </mem>
    <mem type="tenure" free="229893104" total="805306368" percent="28" macro-fragmented="0">
      <mem type="soa" free="189627376" total="765040640" percent="24" />
      <mem type="loa" free="40265728" total="40265728" percent="100" />
    </mem>
    <remembered-set count="104" />
  </mem-info>
</gc-end>
<cycle-end id="673" type="scavenge" contextid="667" timestamp="2022-02-08T16:13:06.541" />
<allocation-satisfied id="674" threadId="0000000000016F00" bytesRequested="216" />
<af-end id="675" timestamp="2022-02-08T16:13:06.541" threadId="0000000000017908" success="true" from="nursery"/>
<exclusive-end id="676" timestamp="2022-02-08T16:13:06.541" durationms="77.527" />

<exclusive-start id="677" timestamp="2022-02-08T16:13:07.300" intervalms="835.973">
  <response-info timems="0.017" idlems="0.017" threads="0" lastid="0000000000016F00" lastname="main" />
</exclusive-start>
<af-start id="678" threadId="0000000000017908" totalBytesRequested="24" timestamp="2022-02-08T16:13:07.300" intervalms="835.971" type="nursery" />
<cycle-start id="679" type="scavenge" contextid="0" timestamp="2022-02-08T16:13:07.300" intervalms="835.966" />
<gc-start id="680" type="scavenge" contextid="679" timestamp="2022-02-08T16:13:07.300">
  <mem-info id="681" free="229893104" total="1073741824" percent="21">
    <mem type="nursery" free="0" total="268435456" percent="0">
      <mem type="allocate" free="0" total="184418304" percent="0" />
      <mem type="survivor" free="0" total="84017152" percent="0" />
    </mem>
    <mem type="tenure" free="229893104" total="805306368" percent="28">
      <mem type="soa" free="189627376" total="765040640" percent="24" />
      <mem type="loa" free="40265728" total="40265728" percent="100" />
    </mem>
    <remembered-set count="118" />
  </mem-info>
</gc-start>
<allocation-stats totalBytes="107491552" >
  <allocated-bytes non-tlh="453920" tlh="107037632" />
  <largest-consumer threadName="main" threadId="0000000000016F00" bytes="107491552" />
</allocation-stats>
<gc-op id="682" type="scavenge" timems="105.632" contextid="679" timestamp="2022-02-08T16:13:07.405">
  <scavenger-info tenureage="1" tenuremask="7ffe" tiltratio="68" />
  <memory-copied type="nursery" objects="1364687" bytes="76113936" bytesdiscarded="76816" />
  <memory-copied type="tenure" objects="1355902" bytes="76603960" bytesdiscarded="38936" />
  <finalization candidates="35" enqueued="18" />
  <references type="phantom" candidates="35" cleared="0" enqueued="0" />
  <object-monitors candidates="2" cleared="0"  />
</gc-op>
<gc-end id="683" type="scavenge" contextid="679" durationms="106.127" usertimems="382.455" systemtimems="0.911" stalltimems="38.387" timestamp="2022-02-08T16:13:07.406" activeThreads="4">
  <mem-info id="684" free="261683168" total="1073741824" percent="24">
    <mem type="nursery" free="108489696" total="268435456" percent="40">
      <mem type="allocate" free="108489696" total="184680448" percent="58" />
      <mem type="survivor" free="0" total="83755008" percent="0" />
    </mem>
    <mem type="tenure" free="153193472" total="805306368" percent="19" macro-fragmented="0">
      <mem type="soa" free="112927744" total="765040640" percent="14" />
      <mem type="loa" free="40265728" total="40265728" percent="100" />
    </mem>
    <pending-finalizers system="18" default="0" reference="0" classloader="0" />
    <remembered-set count="119" />
  </mem-info>
</gc-end>
<cycle-end id="685" type="scavenge" contextid="679" timestamp="2022-02-08T16:13:07.406" />
<allocation-satisfied id="686" threadId="0000000000016F00" bytesRequested="24" />
<af-end id="687" timestamp="2022-02-08T16:13:07.406" threadId="0000000000017908" success="true" from="nursery"/>
<exclusive-end id="688" timestamp="2022-02-08T16:13:07.406" durationms="106.421" />

<concurrent-kickoff id="689" timestamp="2022-02-08T16:13:08.283">
  <kickoff reason="threshold reached" targetBytes="95400045" thresholdFreeBytes="9133980"  remainingFree="9103272" tenureFreeBytes="153193472" nurseryFreeBytes="9103272" />
</concurrent-kickoff>
<exclusive-start id="690" timestamp="2022-02-08T16:13:08.287" intervalms="987.722">
  <response-info timems="0.025" idlems="0.025" threads="0" lastid="0000000000016F00" lastname="main" />
</exclusive-start>
<cycle-start id="691" type="global" contextid="0" timestamp="2022-02-08T16:13:08.287" intervalms="3127.387" />
<concurrent-start id="692" type="global mark" contextid="691" timestamp="2022-02-08T16:13:08.287">
</concurrent-start>
<exclusive-end id="693" timestamp="2022-02-08T16:13:08.287" durationms="0.039" />

<exclusive-start id="694" timestamp="2022-02-08T16:13:08.508" intervalms="221.096">
  <response-info timems="0.022" idlems="0.022" threads="0" lastid="0000000000016F00" lastname="main" />
</exclusive-start>
<af-start id="695" threadId="0000000000017908" totalBytesRequested="24" timestamp="2022-02-08T16:13:08.508" intervalms="1208.825" type="nursery" />
<cycle-start id="696" type="scavenge" contextid="0" timestamp="2022-02-08T16:13:08.509" intervalms="1208.820" />
<gc-start id="697" type="scavenge" contextid="696" timestamp="2022-02-08T16:13:08.509">
  <mem-info id="698" free="153193472" total="1073741824" percent="14">
    <mem type="nursery" free="0" total="268435456" percent="0">
      <mem type="allocate" free="0" total="184680448" percent="0" />
      <mem type="survivor" free="0" total="83755008" percent="0" />
    </mem>
    <mem type="tenure" free="153193472" total="805306368" percent="19">
      <mem type="soa" free="112927744" total="765040640" percent="14" />
      <mem type="loa" free="40265728" total="40265728" percent="100" />
    </mem>
    <remembered-set count="136" />
  </mem-info>
</gc-start>
<allocation-stats totalBytes="108440632" >
  <allocated-bytes non-tlh="2290744" tlh="106149888" />
  <largest-consumer threadName="main" threadId="0000000000016F00" bytes="108436536" />
</allocation-stats>
<gc-op id="699" type="scavenge" timems="80.190" contextid="696" timestamp="2022-02-08T16:13:08.589">
  <scavenger-info tenureage="1" tenuremask="7ffe" tiltratio="68" />
  <memory-copied type="nursery" objects="1431228" bytes="76659312" bytesdiscarded="205912" />
  <memory-copied type="tenure" objects="1364360" bytes="75856048" bytesdiscarded="37432" />
  <finalization candidates="92" enqueued="35" />
  <references type="soft" candidates="14" cleared="0" enqueued="0" dynamicThreshold="12" maxThreshold="32" />
  <references type="weak" candidates="1" cleared="0" enqueued="0" />
  <references type="phantom" candidates="77" cleared="7" enqueued="7" />
  <object-monitors candidates="2" cleared="0"  />
</gc-op>
<gc-end id="700" type="scavenge" contextid="696" durationms="80.655" usertimems="316.804" systemtimems="0.000" stalltimems="3.112" timestamp="2022-02-08T16:13:08.589" activeThreads="4">
  <mem-info id="701" free="185461096" total="1073741824" percent="17">
    <mem type="nursery" free="108077240" total="268435456" percent="40">
      <mem type="allocate" free="108077240" total="184942592" percent="58" />
      <mem type="survivor" free="0" total="83492864" percent="0" />
    </mem>
    <mem type="tenure" free="77383856" total="805306368" percent="9" macro-fragmented="0">
      <mem type="soa" free="37118128" total="765040640" percent="4" />
      <mem type="loa" free="40265728" total="40265728" percent="100" />
    </mem>
    <pending-finalizers system="34" default="1" reference="7" classloader="0" />
    <remembered-set count="121" />
  </mem-info>
</gc-end>
<cycle-end id="702" type="scavenge" contextid="696" timestamp="2022-02-08T16:13:08.589" />
<allocation-satisfied id="703" threadId="0000000000016F00" bytesRequested="24" />
<af-end id="704" timestamp="2022-02-08T16:13:08.589" threadId="0000000000017908" success="true" from="nursery"/>
<exclusive-end id="705" timestamp="2022-02-08T16:13:08.589" durationms="80.988" />

<concurrent-end id="706" type="global mark" contextid="691" timestamp="2022-02-08T16:13:08.627">
<gc-op id="707" type="trace" timems="339.987" contextid="691" timestamp="2022-02-08T16:13:08.627">
  <trace bytesTraced="74514000" workStackOverflowCount="0" />
  <card-cleaning reason="card cleaning threshold reached" bytesTraced="984" cardsCleaned="2" />
</gc-op>
</concurrent-end>

<exclusive-start id="708" timestamp="2022-02-08T16:13:08.627" intervalms="118.975">
  <response-info timems="0.021" idlems="0.021" threads="0" lastid="0000000000016F00" lastname="main" />
</exclusive-start>
<concurrent-global-final id="709" timestamp="2022-02-08T16:13:08.627" contextid="691" intervalms="3082.434" >
  <concurrent-trace-info reason="card cleaning threshold reached" tracedByMutators="60253124" tracedByHelpers="14261860" cardsCleaned="2" workStackOverflowCount="0" />
</concurrent-global-final>
<gc-start id="710" type="global" contextid="691" timestamp="2022-02-08T16:13:08.627">
  <mem-info id="711" free="182733136" total="1073741824" percent="17">
    <mem type="nursery" free="105349280" total="268435456" percent="39">
      <mem type="allocate" free="105349280" total="184942592" percent="56" />
      <mem type="survivor" free="0" total="83492864" percent="0" />
    </mem>
    <mem type="tenure" free="77383856" total="805306368" percent="9">
      <mem type="soa" free="37118128" total="765040640" percent="4" />
      <mem type="loa" free="40265728" total="40265728" percent="100" />
    </mem>
    <remembered-set count="122" />
  </mem-info>
</gc-start>
<allocation-stats totalBytes="2726728" >
  <allocated-bytes non-tlh="24" tlh="2726704" />
  <largest-consumer threadName="main" threadId="0000000000016F00" bytes="2718536" />
</allocation-stats>
<gc-op id="712" type="rs-scan" timems="134.111" contextid="691" timestamp="2022-02-08T16:13:08.762">
  <scan objectsFound="3324749" bytesTraced="71013352" workStackOverflowCount="0" />
</gc-op>
<gc-op id="713" type="card-cleaning" timems="0.328" contextid="691" timestamp="2022-02-08T16:13:08.762">
  <card-cleaning cardsCleaned="3" bytesTraced="1072" workStackOverflowCount="0" />
</gc-op>
<gc-op id="714" type="mark" timems="34.403" contextid="691" timestamp="2022-02-08T16:13:08.796">
  <trace-info objectcount="1293301" scancount="971501" scanbytes="20793120" />
  <finalization candidates="428" enqueued="57" />
  <ownableSynchronizers candidates="1" cleared="0" />
  <references type="soft" candidates="1063" cleared="0" enqueued="0" dynamicThreshold="12" maxThreshold="32" />
  <references type="weak" candidates="1701" cleared="0" enqueued="0" />
  <references type="phantom" candidates="52" cleared="2" enqueued="2" />
  <stringconstants candidates="6464" cleared="0"  />
  <object-monitors candidates="2" cleared="0"  />
</gc-op>
<gc-op id="715" type="sweep" timems="5.311" contextid="691" timestamp="2022-02-08T16:13:08.802" />
<gc-end id="716" type="global" contextid="691" durationms="174.664" usertimems="190.728" systemtimems="0.000" stalltimems="103.192" timestamp="2022-02-08T16:13:08.802" activeThreads="4">
  <mem-info id="717" free="426214960" total="1073741824" percent="39">
    <mem type="nursery" free="105965608" total="268435456" percent="39">
      <mem type="allocate" free="105965608" total="184942592" percent="57" />
      <mem type="survivor" free="0" total="83492864" percent="0" />
    </mem>
    <mem type="tenure" free="320249352" total="805306368" percent="39" micro-fragmented="260089" macro-fragmented="0">
      <mem type="soa" free="279983624" total="765040640" percent="36" />
      <mem type="loa" free="40265728" total="40265728" percent="100" />
    </mem>
    <pending-finalizers system="57" default="0" reference="2" classloader="0" />
    <remembered-set count="109" />
  </mem-info>
</gc-end>
<cycle-end id="718" type="global" contextid="691" timestamp="2022-02-08T16:13:08.802" />
<exclusive-end id="719" timestamp="2022-02-08T16:13:08.802" durationms="174.907" />

<exclusive-start id="720" timestamp="2022-02-08T16:13:09.595" intervalms="967.213">
  <response-info timems="0.019" idlems="0.019" threads="0" lastid="0000000000016F00" lastname="main" />
</exclusive-start>
<af-start id="721" threadId="0000000000017908" totalBytesRequested="112" timestamp="2022-02-08T16:13:09.595" intervalms="1086.182" type="nursery" />
<cycle-start id="722" type="scavenge" contextid="0" timestamp="2022-02-08T16:13:09.595" intervalms="1086.182" />
<gc-start id="723" type="scavenge" contextid="722" timestamp="2022-02-08T16:13:09.595">
  <mem-info id="724" free="320249352" total="1073741824" percent="29">
    <mem type="nursery" free="0" total="268435456" percent="0">
      <mem type="allocate" free="0" total="184942592" percent="0" />
      <mem type="survivor" free="0" total="83492864" percent="0" />
    </mem>
    <mem type="tenure" free="320249352" total="805306368" percent="39">
      <mem type="soa" free="279983624" total="765040640" percent="36" />
      <mem type="loa" free="40265728" total="40265728" percent="100" />
    </mem>
    <remembered-set count="110" />
  </mem-info>
</gc-start>
<allocation-stats totalBytes="105916592" >
  <allocated-bytes non-tlh="0" tlh="105916592" />
  <largest-consumer threadName="main" threadId="0000000000016F00" bytes="105912496" />
</allocation-stats>
<gc-op id="725" type="scavenge" timems="99.023" contextid="722" timestamp="2022-02-08T16:13:09.694">
  <scavenger-info tenureage="1" tenuremask="7ffe" tiltratio="68" />
  <memory-copied type="nursery" objects="1401344" bytes="77289816" bytesdiscarded="504912" />
  <memory-copied type="tenure" objects="1430747" bytes="76347568" bytesdiscarded="41728" />
  <finalization candidates="40" enqueued="0" />
  <ownableSynchronizers candidates="2" cleared="2" />
  <object-monitors candidates="2" cleared="0"  />
</gc-op>
<gc-end id="726" type="scavenge" contextid="722" durationms="99.393" usertimems="362.635" systemtimems="0.000" stalltimems="4.036" timestamp="2022-02-08T16:13:09.694" activeThreads="4">
  <mem-info id="727" free="350337728" total="1073741824" percent="32">
    <mem type="nursery" free="106623576" total="268435456" percent="39">
      <mem type="allocate" free="106623576" total="184418304" percent="57" />
      <mem type="survivor" free="0" total="84017152" percent="0" />
    </mem>
    <mem type="tenure" free="243714152" total="805306368" percent="30" macro-fragmented="0">
      <mem type="soa" free="203448424" total="765040640" percent="26" />
      <mem type="loa" free="40265728" total="40265728" percent="100" />
    </mem>
    <remembered-set count="103" />
  </mem-info>
</gc-end>
<cycle-end id="728" type="scavenge" contextid="722" timestamp="2022-02-08T16:13:09.694" />
<allocation-satisfied id="729" threadId="0000000000016F00" bytesRequested="112" />
<af-end id="730" timestamp="2022-02-08T16:13:09.694" threadId="0000000000017908" success="true" from="nursery"/>
<exclusive-end id="731" timestamp="2022-02-08T16:13:09.694" durationms="99.654" />

<exclusive-start id="732" timestamp="2022-02-08T16:13:10.384" intervalms="789.747">
  <response-info timems="0.025" idlems="0.025" threads="0" lastid="0000000000016F00" lastname="main" />
</exclusive-start>
<af-start id="733" threadId="0000000000017908" totalBytesRequested="208" timestamp="2022-02-08T16:13:10.384" intervalms="789.752" type="nursery" />
<cycle-start id="734" type="scavenge" contextid="0" timestamp="2022-02-08T16:13:10.384" intervalms="789.755" />
<gc-start id="735" type="scavenge" contextid="734" timestamp="2022-02-08T16:13:10.385">
  <mem-info id="736" free="243714152" total="1073741824" percent="22">
    <mem type="nursery" free="0" total="268435456" percent="0">
      <mem type="allocate" free="0" total="184418304" percent="0" />
      <mem type="survivor" free="0" total="84017152" percent="0" />
    </mem>
    <mem type="tenure" free="243714152" total="805306368" percent="30">
      <mem type="soa" free="203448424" total="765040640" percent="26" />
      <mem type="loa" free="40265728" total="40265728" percent="100" />
    </mem>
    <remembered-set count="103" />
  </mem-info>
</gc-start>
<allocation-stats totalBytes="106575232" >
  <allocated-bytes non-tlh="112" tlh="106575120" />
  <largest-consumer threadName="main" threadId="0000000000016F00" bytes="106575232" />
</allocation-stats>
<gc-op id="737" type="scavenge" timems="101.675" contextid="734" timestamp="2022-02-08T16:13:10.486">
  <scavenger-info tenureage="1" tenuremask="7ffe" tiltratio="68" />
  <memory-copied type="nursery" objects="1333497" bytes="75784120" bytesdiscarded="88752" />
  <memory-copied type="tenure" objects="1401344" bytes="77289816" bytesdiscarded="40608" />
  <object-monitors candidates="2" cleared="0"  />
</gc-op>
<gc-end id="738" type="scavenge" contextid="734" durationms="102.089" usertimems="318.720" systemtimems="0.000" stalltimems="10.097" timestamp="2022-02-08T16:13:10.487" activeThreads="4">
  <mem-info id="739" free="274785136" total="1073741824" percent="25">
    <mem type="nursery" free="108610968" total="268435456" percent="40">
      <mem type="allocate" free="108610968" total="184483840" percent="58" />
      <mem type="survivor" free="0" total="83951616" percent="0" />
    </mem>
    <mem type="tenure" free="166174168" total="805306368" percent="20" macro-fragmented="0">
      <mem type="soa" free="125908440" total="765040640" percent="16" />
      <mem type="loa" free="40265728" total="40265728" percent="100" />
    </mem>
    <remembered-set count="104" />
  </mem-info>
</gc-end>
<cycle-end id="740" type="scavenge" contextid="734" timestamp="2022-02-08T16:13:10.487" />
<allocation-satisfied id="741" threadId="0000000000016F00" bytesRequested="208" />
<af-end id="742" timestamp="2022-02-08T16:13:10.487" threadId="0000000000017908" success="true" from="nursery"/>
<exclusive-end id="743" timestamp="2022-02-08T16:13:10.487" durationms="102.394" />

<concurrent-kickoff id="744" timestamp="2022-02-08T16:13:11.372">
  <kickoff reason="threshold reached" targetBytes="91184793" thresholdFreeBytes="8485865"  remainingFree="8379280" tenureFreeBytes="166174168" nurseryFreeBytes="8379280" />
</concurrent-kickoff>
<exclusive-start id="745" timestamp="2022-02-08T16:13:11.375" intervalms="990.796">
  <response-info timems="0.021" idlems="0.021" threads="0" lastid="0000000000016F00" lastname="main" />
</exclusive-start>
<cycle-start id="746" type="global" contextid="0" timestamp="2022-02-08T16:13:11.375" intervalms="3087.820" />
<concurrent-start id="747" type="global mark" contextid="746" timestamp="2022-02-08T16:13:11.375">
</concurrent-start>
<exclusive-end id="748" timestamp="2022-02-08T16:13:11.375" durationms="0.039" />

<exclusive-start id="749" timestamp="2022-02-08T16:13:11.592" intervalms="216.449">
  <response-info timems="0.039" idlems="0.039" threads="0" lastid="0000000000016F00" lastname="main" />
</exclusive-start>
<af-start id="750" threadId="0000000000017908" totalBytesRequested="112" timestamp="2022-02-08T16:13:11.592" intervalms="1207.242" type="nursery" />
<cycle-start id="751" type="scavenge" contextid="0" timestamp="2022-02-08T16:13:11.592" intervalms="1207.238" />
<gc-start id="752" type="scavenge" contextid="751" timestamp="2022-02-08T16:13:11.592">
  <mem-info id="753" free="166174168" total="1073741824" percent="15">
    <mem type="nursery" free="0" total="268435456" percent="0">
      <mem type="allocate" free="0" total="184483840" percent="0" />
      <mem type="survivor" free="0" total="83951616" percent="0" />
    </mem>
    <mem type="tenure" free="166174168" total="805306368" percent="20">
      <mem type="soa" free="125908440" total="765040640" percent="16" />
      <mem type="loa" free="40265728" total="40265728" percent="100" />
    </mem>
    <remembered-set count="135" />
  </mem-info>
</gc-start>
<allocation-stats totalBytes="108563984" >
  <allocated-bytes non-tlh="3009032" tlh="105554952" />
  <largest-consumer threadName="main" threadId="0000000000016F00" bytes="108563984" />
</allocation-stats>
<gc-op id="754" type="scavenge" timems="80.091" contextid="751" timestamp="2022-02-08T16:13:11.672">
  <scavenger-info tenureage="1" tenuremask="7ffe" tiltratio="68" />
  <memory-copied type="nursery" objects="1462212" bytes="76355736" bytesdiscarded="180128" />
  <memory-copied type="tenure" objects="1333496" bytes="75784008" bytesdiscarded="37928" />
  <finalization candidates="110" enqueued="53" />
  <references type="soft" candidates="14" cleared="0" enqueued="0" dynamicThreshold="12" maxThreshold="32" />
  <references type="weak" candidates="1" cleared="0" enqueued="0" />
  <references type="phantom" candidates="95" cleared="7" enqueued="7" />
  <object-monitors candidates="2" cleared="0"  />
</gc-op>
<gc-end id="755" type="scavenge" contextid="751" durationms="80.449" usertimems="314.987" systemtimems="0.000" stalltimems="4.544" timestamp="2022-02-08T16:13:11.672" activeThreads="4">
  <mem-info id="756" free="198527304" total="1073741824" percent="18">
    <mem type="nursery" free="108144456" total="268435456" percent="40">
      <mem type="allocate" free="108144456" total="184680448" percent="58" />
      <mem type="survivor" free="0" total="83755008" percent="0" />
    </mem>
    <mem type="tenure" free="90382848" total="805306368" percent="11" macro-fragmented="79878752">
      <mem type="soa" free="50117120" total="765040640" percent="6" />
      <mem type="loa" free="40265728" total="40265728" percent="100" />
    </mem>
    <pending-finalizers system="52" default="1" reference="7" classloader="0" />
    <remembered-set count="130" />
  </mem-info>
</gc-end>
<cycle-end id="757" type="scavenge" contextid="751" timestamp="2022-02-08T16:13:11.672" />
<allocation-satisfied id="758" threadId="0000000000016F00" bytesRequested="112" />
<af-end id="759" timestamp="2022-02-08T16:13:11.672" threadId="0000000000017908" success="true" from="nursery"/>
<exclusive-end id="760" timestamp="2022-02-08T16:13:11.672" durationms="80.737" />

<concurrent-end id="761" type="global mark" contextid="746" timestamp="2022-02-08T16:13:11.721">
<gc-op id="762" type="trace" timems="345.793" contextid="746" timestamp="2022-02-08T16:13:11.721">
  <trace bytesTraced="74514208" workStackOverflowCount="0" />
  <card-cleaning reason="card cleaning threshold reached" bytesTraced="984" cardsCleaned="2" />
</gc-op>
</concurrent-end>

<exclusive-start id="763" timestamp="2022-02-08T16:13:11.721" intervalms="129.418">
  <response-info timems="0.022" idlems="0.022" threads="0" lastid="0000000000016F00" lastname="main" />
</exclusive-start>
<concurrent-global-final id="764" timestamp="2022-02-08T16:13:11.721" contextid="746" intervalms="3093.614" >
  <concurrent-trace-info reason="card cleaning threshold reached" tracedByMutators="60354408" tracedByHelpers="14160784" cardsCleaned="2" workStackOverflowCount="0" />
</concurrent-global-final>
<gc-start id="765" type="global" contextid="746" timestamp="2022-02-08T16:13:11.721">
  <mem-info id="766" free="194881752" total="1073741824" percent="18">
    <mem type="nursery" free="104498904" total="268435456" percent="38">
      <mem type="allocate" free="104498904" total="184680448" percent="56" />
      <mem type="survivor" free="0" total="83755008" percent="0" />
    </mem>
    <mem type="tenure" free="90382848" total="805306368" percent="11">
      <mem type="soa" free="50117120" total="765040640" percent="6" />
      <mem type="loa" free="40265728" total="40265728" percent="100" />
    </mem>
    <remembered-set count="131" />
  </mem-info>
</gc-start>
<allocation-stats totalBytes="3643728" >
  <allocated-bytes non-tlh="112" tlh="3643616" />
  <largest-consumer threadName="main" threadId="0000000000016F00" bytes="3635536" />
</allocation-stats>
<gc-op id="767" type="rs-scan" timems="140.298" contextid="746" timestamp="2022-02-08T16:13:11.861">
  <scan objectsFound="3324743" bytesTraced="71013116" workStackOverflowCount="0" />
</gc-op>
<gc-op id="768" type="card-cleaning" timems="0.313" contextid="746" timestamp="2022-02-08T16:13:11.862">
  <card-cleaning cardsCleaned="4" bytesTraced="1676" workStackOverflowCount="0" />
</gc-op>
<gc-op id="769" type="mark" timems="28.406" contextid="746" timestamp="2022-02-08T16:13:11.890">
  <trace-info objectcount="1066704" scancount="801554" scanbytes="17167560" />
  <finalization candidates="428" enqueued="57" />
  <ownableSynchronizers candidates="1" cleared="0" />
  <references type="soft" candidates="1063" cleared="0" enqueued="0" dynamicThreshold="12" maxThreshold="32" />
  <references type="weak" candidates="1701" cleared="0" enqueued="0" />
  <references type="phantom" candidates="52" cleared="2" enqueued="2" />
  <stringconstants candidates="6464" cleared="0"  />
  <object-monitors candidates="2" cleared="0"  />
</gc-op>
<gc-op id="770" type="sweep" timems="4.589" contextid="746" timestamp="2022-02-08T16:13:11.895" />
<gc-end id="771" type="global" contextid="746" durationms="174.005" usertimems="183.914" systemtimems="3.227" stalltimems="84.971" timestamp="2022-02-08T16:13:11.895" activeThreads="4">
  <mem-info id="772" free="438684880" total="1073741824" percent="40">
    <mem type="nursery" free="105247744" total="268435456" percent="39">
      <mem type="allocate" free="105247744" total="184680448" percent="56" />
      <mem type="survivor" free="0" total="83755008" percent="0" />
    </mem>
    <mem type="tenure" free="333437136" total="805306368" percent="41" micro-fragmented="222128" macro-fragmented="2592282">
      <mem type="soa" free="293171408" total="765040640" percent="38" />
      <mem type="loa" free="40265728" total="40265728" percent="100" />
    </mem>
    <pending-finalizers system="57" default="0" reference="2" classloader="0" />
    <remembered-set count="113" />
  </mem-info>
</gc-end>
<cycle-end id="773" type="global" contextid="746" timestamp="2022-02-08T16:13:11.895" />
<exclusive-end id="774" timestamp="2022-02-08T16:13:11.895" durationms="174.210" />

<exclusive-start id="775" timestamp="2022-02-08T16:13:12.697" intervalms="975.578">
  <response-info timems="0.018" idlems="0.018" threads="0" lastid="0000000000016F00" lastname="main" />
</exclusive-start>
<af-start id="776" threadId="0000000000017908" totalBytesRequested="200" timestamp="2022-02-08T16:13:12.697" intervalms="1104.996" type="nursery" />
<cycle-start id="777" type="scavenge" contextid="0" timestamp="2022-02-08T16:13:12.697" intervalms="1104.997" />
<gc-start id="778" type="scavenge" contextid="777" timestamp="2022-02-08T16:13:12.697">
  <mem-info id="779" free="333437136" total="1073741824" percent="31">
    <mem type="nursery" free="0" total="268435456" percent="0">
      <mem type="allocate" free="0" total="184680448" percent="0" />
      <mem type="survivor" free="0" total="83755008" percent="0" />
    </mem>
    <mem type="tenure" free="333437136" total="805306368" percent="41">
      <mem type="soa" free="293171408" total="765040640" percent="38" />
      <mem type="loa" free="40265728" total="40265728" percent="100" />
    </mem>
    <remembered-set count="114" />
  </mem-info>
</gc-start>
<allocation-stats totalBytes="105197816" >
  <allocated-bytes non-tlh="0" tlh="105197816" />
  <largest-consumer threadName="main" threadId="0000000000016F00" bytes="105188088" />
</allocation-stats>
<gc-op id="780" type="scavenge" timems="81.853" contextid="777" timestamp="2022-02-08T16:13:12.779">
  <scavenger-info tenureage="1" tenuremask="7ffe" tiltratio="68" />
  <memory-copied type="nursery" objects="1394855" bytes="77406920" bytesdiscarded="417592" />
  <memory-copied type="tenure" objects="1461497" bytes="75887800" bytesdiscarded="41248" />
  <finalization candidates="57" enqueued="0" />
  <ownableSynchronizers candidates="2" cleared="2" />
  <object-monitors candidates="2" cleared="0"  />
</gc-op>
<gc-end id="781" type="scavenge" contextid="777" durationms="82.232" usertimems="324.785" systemtimems="0.000" stalltimems="1.715" timestamp="2022-02-08T16:13:12.779" activeThreads="4">
  <mem-info id="782" free="363507104" total="1073741824" percent="33">
    <mem type="nursery" free="106069504" total="268435456" percent="39">
      <mem type="allocate" free="106069504" total="183894016" percent="57" />
      <mem type="survivor" free="0" total="84541440" percent="0" />
    </mem>
    <mem type="tenure" free="257437600" total="805306368" percent="31" macro-fragmented="0">
      <mem type="soa" free="217171872" total="765040640" percent="28" />
      <mem type="loa" free="40265728" total="40265728" percent="100" />
    </mem>
    <remembered-set count="104" />
  </mem-info>
</gc-end>
<cycle-end id="783" type="scavenge" contextid="777" timestamp="2022-02-08T16:13:12.779" />
<allocation-satisfied id="784" threadId="0000000000016F00" bytesRequested="200" />
<af-end id="785" timestamp="2022-02-08T16:13:12.779" threadId="0000000000017908" success="true" from="nursery"/>
<exclusive-end id="786" timestamp="2022-02-08T16:13:12.779" durationms="82.513" />

<exclusive-start id="787" timestamp="2022-02-08T16:13:13.478" intervalms="780.989">
  <response-info timems="0.049" idlems="0.049" threads="0" lastid="0000000000016F00" lastname="main" />
</exclusive-start>
<af-start id="788" threadId="0000000000017908" totalBytesRequested="24" timestamp="2022-02-08T16:13:13.478" intervalms="781.278" type="nursery" />
<cycle-start id="789" type="scavenge" contextid="0" timestamp="2022-02-08T16:13:13.478" intervalms="781.328" />
<gc-start id="790" type="scavenge" contextid="789" timestamp="2022-02-08T16:13:13.478">
  <mem-info id="791" free="257437600" total="1073741824" percent="23">
    <mem type="nursery" free="0" total="268435456" percent="0">
      <mem type="allocate" free="0" total="183894016" percent="0" />
      <mem type="survivor" free="0" total="84541440" percent="0" />
    </mem>
    <mem type="tenure" free="257437600" total="805306368" percent="31">
      <mem type="soa" free="217171872" total="765040640" percent="28" />
      <mem type="loa" free="40265728" total="40265728" percent="100" />
    </mem>
    <remembered-set count="104" />
  </mem-info>
</gc-start>
<allocation-stats totalBytes="106021944" >
  <allocated-bytes non-tlh="200" tlh="106021744" />
  <largest-consumer threadName="main" threadId="0000000000016F00" bytes="106021944" />
</allocation-stats>
<gc-op id="792" type="scavenge" timems="99.921" contextid="789" timestamp="2022-02-08T16:13:13.578">
  <scavenger-info tenureage="1" tenuremask="7ffe" tiltratio="68" />
  <memory-copied type="nursery" objects="1339165" bytes="75415696" bytesdiscarded="221888" />
  <memory-copied type="tenure" objects="1394854" bytes="77406808" bytesdiscarded="40496" />
  <object-monitors candidates="2" cleared="0"  />
</gc-op>
<gc-end id="793" type="scavenge" contextid="789" durationms="100.314" usertimems="396.406" systemtimems="0.590" stalltimems="1.720" timestamp="2022-02-08T16:13:13.578" activeThreads="4">
  <mem-info id="794" free="288383176" total="1073741824" percent="26">
    <mem type="nursery" free="108387504" total="268435456" percent="40">
      <mem type="allocate" free="108387504" total="184025088" percent="58" />
      <mem type="survivor" free="0" total="84410368" percent="0" />
    </mem>
    <mem type="tenure" free="179995672" total="805306368" percent="22" macro-fragmented="0">
      <mem type="soa" free="139729944" total="765040640" percent="18" />
      <mem type="loa" free="40265728" total="40265728" percent="100" />
    </mem>
    <remembered-set count="104" />
  </mem-info>
</gc-end>
<cycle-end id="795" type="scavenge" contextid="789" timestamp="2022-02-08T16:13:13.579" />
<allocation-satisfied id="796" threadId="0000000000016F00" bytesRequested="24" />
<af-end id="797" timestamp="2022-02-08T16:13:13.579" threadId="0000000000017908" success="true" from="nursery"/>
<exclusive-end id="798" timestamp="2022-02-08T16:13:13.579" durationms="100.992" />

<concurrent-kickoff id="799" timestamp="2022-02-08T16:13:14.469">
  <kickoff reason="threshold reached" targetBytes="87824104" thresholdFreeBytes="7956216"  remainingFree="7012656" tenureFreeBytes="179995672" nurseryFreeBytes="7012656" />
</concurrent-kickoff>
<exclusive-start id="800" timestamp="2022-02-08T16:13:14.471" intervalms="993.540">
  <response-info timems="0.027" idlems="0.027" threads="0" lastid="0000000000016F00" lastname="main" />
</exclusive-start>
<cycle-start id="801" type="global" contextid="0" timestamp="2022-02-08T16:13:14.471" intervalms="3095.974" />
<concurrent-start id="802" type="global mark" contextid="801" timestamp="2022-02-08T16:13:14.471">
</concurrent-start>
<exclusive-end id="803" timestamp="2022-02-08T16:13:14.471" durationms="0.030" />

<exclusive-start id="804" timestamp="2022-02-08T16:13:14.629" intervalms="157.674">
  <response-info timems="0.018" idlems="0.018" threads="0" lastid="0000000000016F00" lastname="main" />
</exclusive-start>
<af-start id="805" threadId="0000000000017908" totalBytesRequested="112" timestamp="2022-02-08T16:13:14.629" intervalms="1150.923" type="nursery" />
<cycle-start id="806" type="scavenge" contextid="0" timestamp="2022-02-08T16:13:14.629" intervalms="1150.873" />
<gc-start id="807" type="scavenge" contextid="806" timestamp="2022-02-08T16:13:14.629">
  <mem-info id="808" free="179995672" total="1073741824" percent="16">
    <mem type="nursery" free="0" total="268435456" percent="0">
      <mem type="allocate" free="0" total="184025088" percent="0" />
      <mem type="survivor" free="0" total="84410368" percent="0" />
    </mem>
    <mem type="tenure" free="179995672" total="805306368" percent="22">
      <mem type="soa" free="139729944" total="765040640" percent="18" />
      <mem type="loa" free="40265728" total="40265728" percent="100" />
    </mem>
    <remembered-set count="134" />
  </mem-info>
</gc-start>
<allocation-stats totalBytes="108338312" >
  <allocated-bytes non-tlh="2841472" tlh="105496840" />
  <largest-consumer threadName="main" threadId="0000000000016F00" bytes="108338312" />
</allocation-stats>
<gc-op id="809" type="scavenge" timems="81.303" contextid="806" timestamp="2022-02-08T16:13:14.710">
  <scavenger-info tenureage="1" tenuremask="7ffe" tiltratio="68" />
  <memory-copied type="nursery" objects="1434694" bytes="76107480" bytesdiscarded="219480" />
  <memory-copied type="tenure" objects="1339165" bytes="75415696" bytesdiscarded="36736" />
  <finalization candidates="110" enqueued="53" />
  <references type="soft" candidates="14" cleared="0" enqueued="0" dynamicThreshold="13" maxThreshold="32" />
  <references type="weak" candidates="1" cleared="0" enqueued="0" />
  <references type="phantom" candidates="95" cleared="7" enqueued="7" />
  <object-monitors candidates="2" cleared="0"  />
</gc-op>
<gc-end id="810" type="scavenge" contextid="806" durationms="81.700" usertimems="321.169" systemtimems="0.198" stalltimems="3.205" timestamp="2022-02-08T16:13:14.711" activeThreads="4">
  <mem-info id="811" free="212535368" total="1073741824" percent="19">
    <mem type="nursery" free="108025680" total="268435456" percent="40">
      <mem type="allocate" free="108025680" total="184352768" percent="58" />
      <mem type="survivor" free="0" total="84082688" percent="0" />
    </mem>
    <mem type="tenure" free="104509688" total="805306368" percent="12" macro-fragmented="0">
      <mem type="soa" free="64243960" total="765040640" percent="8" />
      <mem type="loa" free="40265728" total="40265728" percent="100" />
    </mem>
    <pending-finalizers system="52" default="1" reference="7" classloader="0" />
    <remembered-set count="128" />
  </mem-info>
</gc-end>
<cycle-end id="812" type="scavenge" contextid="806" timestamp="2022-02-08T16:13:14.711" />
<allocation-satisfied id="813" threadId="0000000000016F00" bytesRequested="112" />
<af-end id="814" timestamp="2022-02-08T16:13:14.711" threadId="0000000000017908" success="true" from="nursery"/>
<exclusive-end id="815" timestamp="2022-02-08T16:13:14.711" durationms="81.985" />

<concurrent-end id="816" type="global mark" contextid="801" timestamp="2022-02-08T16:13:14.815">
<gc-op id="817" type="trace" timems="343.572" contextid="801" timestamp="2022-02-08T16:13:14.815">
  <trace bytesTraced="74514368" workStackOverflowCount="0" />
  <card-cleaning reason="card cleaning threshold reached" bytesTraced="984" cardsCleaned="2" />
</gc-op>
</concurrent-end>

<exclusive-start id="818" timestamp="2022-02-08T16:13:14.815" intervalms="185.983">
  <response-info timems="0.018" idlems="0.018" threads="0" lastid="0000000000016F00" lastname="main" />
</exclusive-start>
<concurrent-global-final id="819" timestamp="2022-02-08T16:13:14.815" contextid="801" intervalms="3093.764" >
  <concurrent-trace-info reason="card cleaning threshold reached" tracedByMutators="57038424" tracedByHelpers="17476928" cardsCleaned="2" workStackOverflowCount="0" />
</concurrent-global-final>
<gc-start id="820" type="global" contextid="801" timestamp="2022-02-08T16:13:14.815">
  <mem-info id="821" free="206137304" total="1073741824" percent="19">
    <mem type="nursery" free="101627616" total="268435456" percent="37">
      <mem type="allocate" free="101627616" total="184352768" percent="55" />
      <mem type="survivor" free="0" total="84082688" percent="0" />
    </mem>
    <mem type="tenure" free="104509688" total="805306368" percent="12">
      <mem type="soa" free="64243960" total="765040640" percent="8" />
      <mem type="loa" free="40265728" total="40265728" percent="100" />
    </mem>
    <remembered-set count="129" />
  </mem-info>
</gc-start>
<allocation-stats totalBytes="6394840" >
  <allocated-bytes non-tlh="112" tlh="6394728" />
  <largest-consumer threadName="main" threadId="0000000000016F00" bytes="6386648" />
</allocation-stats>
<gc-op id="822" type="rs-scan" timems="161.642" contextid="801" timestamp="2022-02-08T16:13:14.977">
  <scan objectsFound="3324751" bytesTraced="71013376" workStackOverflowCount="0" />
</gc-op>
<gc-op id="823" type="card-cleaning" timems="0.279" contextid="801" timestamp="2022-02-08T16:13:14.977">
  <card-cleaning cardsCleaned="3" bytesTraced="1072" workStackOverflowCount="0" />
</gc-op>
<gc-op id="824" type="mark" timems="22.497" contextid="801" timestamp="2022-02-08T16:13:14.999">
  <trace-info objectcount="843163" scancount="633898" scanbytes="13590920" />
  <finalization candidates="428" enqueued="57" />
  <ownableSynchronizers candidates="1" cleared="0" />
  <references type="soft" candidates="1063" cleared="0" enqueued="0" dynamicThreshold="13" maxThreshold="32" />
  <references type="weak" candidates="1701" cleared="0" enqueued="0" />
  <references type="phantom" candidates="52" cleared="2" enqueued="2" />
  <stringconstants candidates="6464" cleared="0"  />
  <object-monitors candidates="2" cleared="0"  />
</gc-op>
<gc-op id="825" type="sweep" timems="5.860" contextid="801" timestamp="2022-02-08T16:13:15.005" />
<gc-end id="826" type="global" contextid="801" durationms="190.724" usertimems="214.069" systemtimems="3.337" stalltimems="57.093" timestamp="2022-02-08T16:13:15.006" activeThreads="4">
  <mem-info id="827" free="449757928" total="1073741824" percent="41">
    <mem type="nursery" free="102420672" total="268435456" percent="38">
      <mem type="allocate" free="102420672" total="184352768" percent="55" />
      <mem type="survivor" free="0" total="84082688" percent="0" />
    </mem>
    <mem type="tenure" free="347337256" total="805306368" percent="43" micro-fragmented="276521" macro-fragmented="82818304">
      <mem type="soa" free="307071528" total="765040640" percent="40" />
      <mem type="loa" free="40265728" total="40265728" percent="100" />
    </mem>
    <pending-finalizers system="57" default="0" reference="2" classloader="0" />
    <remembered-set count="111" />
  </mem-info>
</gc-end>
<cycle-end id="828" type="global" contextid="801" timestamp="2022-02-08T16:13:15.006" />
<exclusive-end id="829" timestamp="2022-02-08T16:13:15.006" durationms="190.967" />

<exclusive-start id="830" timestamp="2022-02-08T16:13:15.763" intervalms="948.277">
  <response-info timems="0.019" idlems="0.019" threads="0" lastid="0000000000016F00" lastname="main" />
</exclusive-start>
<af-start id="831" threadId="0000000000017908" totalBytesRequested="24" timestamp="2022-02-08T16:13:15.763" intervalms="1134.260" type="nursery" />
<cycle-start id="832" type="scavenge" contextid="0" timestamp="2022-02-08T16:13:15.763" intervalms="1134.260" />
<gc-start id="833" type="scavenge" contextid="832" timestamp="2022-02-08T16:13:15.763">
  <mem-info id="834" free="347337256" total="1073741824" percent="32">
    <mem type="nursery" free="0" total="268435456" percent="0">
      <mem type="allocate" free="0" total="184352768" percent="0" />
      <mem type="survivor" free="0" total="84082688" percent="0" />
    </mem>
    <mem type="tenure" free="347337256" total="805306368" percent="43">
      <mem type="soa" free="307071528" total="765040640" percent="40" />
      <mem type="loa" free="40265728" total="40265728" percent="100" />
    </mem>
    <remembered-set count="112" />
  </mem-info>
</gc-start>
<allocation-stats totalBytes="102369800" >
  <allocated-bytes non-tlh="0" tlh="102369800" />
  <largest-consumer threadName="main" threadId="0000000000016F00" bytes="102365592" />
</allocation-stats>
<gc-op id="835" type="scavenge" timems="84.746" contextid="832" timestamp="2022-02-08T16:13:15.848">
  <scavenger-info tenureage="1" tenuremask="7ffe" tiltratio="68" />
  <memory-copied type="nursery" objects="1402891" bytes="77401368" bytesdiscarded="265456" />
  <memory-copied type="tenure" objects="1433979" bytes="75639544" bytesdiscarded="43256" />
  <finalization candidates="57" enqueued="0" />
  <ownableSynchronizers candidates="2" cleared="2" />
  <object-monitors candidates="2" cleared="0"  />
</gc-op>
<gc-end id="836" type="scavenge" contextid="832" durationms="85.142" usertimems="335.559" systemtimems="0.000" stalltimems="2.336" timestamp="2022-02-08T16:13:15.848" activeThreads="4">
  <mem-info id="837" free="377341192" total="1073741824" percent="35">
    <mem type="nursery" free="105899512" total="268435456" percent="39">
      <mem type="allocate" free="105899512" total="183566336" percent="57" />
      <mem type="survivor" free="0" total="84869120" percent="0" />
    </mem>
    <mem type="tenure" free="271441680" total="805306368" percent="33" macro-fragmented="0">
      <mem type="soa" free="231175952" total="765040640" percent="30" />
      <mem type="loa" free="40265728" total="40265728" percent="100" />
    </mem>
    <remembered-set count="104" />
  </mem-info>
</gc-end>
<cycle-end id="838" type="scavenge" contextid="832" timestamp="2022-02-08T16:13:15.848" />
<allocation-satisfied id="839" threadId="0000000000016F00" bytesRequested="24" />
<af-end id="840" timestamp="2022-02-08T16:13:15.848" threadId="0000000000017908" success="true" from="nursery"/>
<exclusive-end id="841" timestamp="2022-02-08T16:13:15.848" durationms="85.382" />

<exclusive-start id="842" timestamp="2022-02-08T16:13:16.524" intervalms="761.416">
  <response-info timems="0.018" idlems="0.018" threads="0" lastid="0000000000016F00" lastname="main" />
</exclusive-start>
<af-start id="843" threadId="0000000000017908" totalBytesRequested="200" timestamp="2022-02-08T16:13:16.525" intervalms="761.425" type="nursery" />
<cycle-start id="844" type="scavenge" contextid="0" timestamp="2022-02-08T16:13:16.525" intervalms="761.425" />
<gc-start id="845" type="scavenge" contextid="844" timestamp="2022-02-08T16:13:16.525">
  <mem-info id="846" free="271441680" total="1073741824" percent="25">
    <mem type="nursery" free="0" total="268435456" percent="0">
      <mem type="allocate" free="0" total="183566336" percent="0" />
      <mem type="survivor" free="0" total="84869120" percent="0" />
    </mem>
    <mem type="tenure" free="271441680" total="805306368" percent="33">
      <mem type="soa" free="231175952" total="765040640" percent="30" />
      <mem type="loa" free="40265728" total="40265728" percent="100" />
    </mem>
    <remembered-set count="104" />
  </mem-info>
</gc-start>
<allocation-stats totalBytes="105849088" >
  <allocated-bytes non-tlh="24" tlh="105849064" />
  <largest-consumer threadName="main" threadId="0000000000016F00" bytes="105849088" />
</allocation-stats>
<gc-op id="847" type="scavenge" timems="76.221" contextid="844" timestamp="2022-02-08T16:13:16.601">
  <scavenger-info tenureage="1" tenuremask="7ffe" tiltratio="68" />
  <memory-copied type="nursery" objects="1320840" bytes="75222680" bytesdiscarded="108136" />
  <memory-copied type="tenure" objects="1402891" bytes="77401368" bytesdiscarded="40512" />
  <object-monitors candidates="2" cleared="0"  />
</gc-op>
<gc-end id="848" type="scavenge" contextid="844" durationms="76.749" usertimems="301.858" systemtimems="0.000" stalltimems="2.267" timestamp="2022-02-08T16:13:16.601" activeThreads="4">
  <mem-info id="849" free="302451984" total="1073741824" percent="28">
    <mem type="nursery" free="108497664" total="268435456" percent="40">
      <mem type="allocate" free="108497664" total="183828480" percent="59" />
      <mem type="survivor" free="0" total="84606976" percent="0" />
    </mem>
    <mem type="tenure" free="193954320" total="805306368" percent="24" macro-fragmented="0">
      <mem type="soa" free="153688592" total="765040640" percent="20" />
      <mem type="loa" free="40265728" total="40265728" percent="100" />
    </mem>
    <remembered-set count="103" />
  </mem-info>
</gc-end>
<cycle-end id="850" type="scavenge" contextid="844" timestamp="2022-02-08T16:13:16.602" />
<allocation-satisfied id="851" threadId="0000000000016F00" bytesRequested="200" />
<af-end id="852" timestamp="2022-02-08T16:13:16.602" threadId="0000000000017908" success="true" from="nursery"/>
<exclusive-end id="853" timestamp="2022-02-08T16:13:16.602" durationms="77.162" />

<concurrent-kickoff id="854" timestamp="2022-02-08T16:13:17.496">
  <kickoff reason="threshold reached" targetBytes="85143612" thresholdFreeBytes="7520799"  remainingFree="7441152" tenureFreeBytes="193953360" nurseryFreeBytes="7441152" />
</concurrent-kickoff>
<exclusive-start id="855" timestamp="2022-02-08T16:13:17.499" intervalms="974.281">
  <response-info timems="0.023" idlems="0.023" threads="0" lastid="0000000000016F00" lastname="main" />
</exclusive-start>
<cycle-start id="856" type="global" contextid="0" timestamp="2022-02-08T16:13:17.499" intervalms="3027.630" />
<concurrent-start id="857" type="global mark" contextid="856" timestamp="2022-02-08T16:13:17.499">
</concurrent-start>
<exclusive-end id="858" timestamp="2022-02-08T16:13:17.499" durationms="0.028" />

<exclusive-start id="859" timestamp="2022-02-08T16:13:17.671" intervalms="171.902">
  <response-info timems="0.023" idlems="0.023" threads="0" lastid="0000000000016F00" lastname="main" />
</exclusive-start>
<af-start id="860" threadId="0000000000017908" totalBytesRequested="176" timestamp="2022-02-08T16:13:17.671" intervalms="1146.177" type="nursery" />
<cycle-start id="861" type="scavenge" contextid="0" timestamp="2022-02-08T16:13:17.671" intervalms="1146.178" />
<gc-start id="862" type="scavenge" contextid="861" timestamp="2022-02-08T16:13:17.671">
  <mem-info id="863" free="193953360" total="1073741824" percent="18">
    <mem type="nursery" free="0" total="268435456" percent="0">
      <mem type="allocate" free="0" total="183828480" percent="0" />
      <mem type="survivor" free="0" total="84606976" percent="0" />
    </mem>
    <mem type="tenure" free="193953360" total="805306368" percent="24">
      <mem type="soa" free="153687632" total="765040640" percent="20" />
      <mem type="loa" free="40265728" total="40265728" percent="100" />
    </mem>
    <remembered-set count="147" />
  </mem-info>
</gc-start>
<allocation-stats totalBytes="108451112" >
  <allocated-bytes non-tlh="1591728" tlh="106859384" />
  <largest-consumer threadName="main" threadId="0000000000016F00" bytes="108451112" />
</allocation-stats>
<gc-op id="864" type="scavenge" timems="93.256" contextid="861" timestamp="2022-02-08T16:13:17.764">
  <scavenger-info tenureage="1" tenuremask="7ffe" tiltratio="68" />
  <memory-copied type="nursery" objects="1486376" bytes="76355424" bytesdiscarded="69536" />
  <memory-copied type="tenure" objects="1320839" bytes="75222568" bytesdiscarded="41264" />
  <finalization candidates="109" enqueued="53" />
  <references type="soft" candidates="14" cleared="0" enqueued="0" dynamicThreshold="13" maxThreshold="32" />
  <references type="weak" candidates="1" cleared="0" enqueued="0" />
  <references type="phantom" candidates="94" cleared="7" enqueued="7" />
  <object-monitors candidates="2" cleared="0"  />
</gc-op>
<gc-end id="865" type="scavenge" contextid="861" durationms="93.727" usertimems="359.468" systemtimems="3.209" stalltimems="3.789" timestamp="2022-02-08T16:13:17.765" activeThreads="4">
  <mem-info id="866" free="226486744" total="1073741824" percent="21">
    <mem type="nursery" free="107599904" total="268435456" percent="40">
      <mem type="allocate" free="107599904" total="184025088" percent="58" />
      <mem type="survivor" free="0" total="84410368" percent="0" />
    </mem>
    <mem type="tenure" free="118886840" total="805306368" percent="14" macro-fragmented="0">
      <mem type="soa" free="78621112" total="765040640" percent="10" />
      <mem type="loa" free="40265728" total="40265728" percent="100" />
    </mem>
    <pending-finalizers system="52" default="1" reference="7" classloader="0" />
    <remembered-set count="143" />
  </mem-info>
</gc-end>
<cycle-end id="867" type="scavenge" contextid="861" timestamp="2022-02-08T16:13:17.765" />
<allocation-satisfied id="868" threadId="0000000000016F00" bytesRequested="176" />
<af-end id="869" timestamp="2022-02-08T16:13:17.765" threadId="0000000000017908" success="true" from="nursery"/>
<exclusive-end id="870" timestamp="2022-02-08T16:13:17.765" durationms="94.083" />

<concurrent-end id="871" type="global mark" contextid="856" timestamp="2022-02-08T16:13:17.856">
<gc-op id="872" type="trace" timems="356.849" contextid="856" timestamp="2022-02-08T16:13:17.856">
  <trace bytesTraced="74451800" workStackOverflowCount="0" />
  <card-cleaning reason="card cleaning threshold reached" bytesTraced="808" cardsCleaned="2" />
</gc-op>
</concurrent-end>

<exclusive-start id="873" timestamp="2022-02-08T16:13:17.856" intervalms="185.021">
  <response-info timems="0.023" idlems="0.023" threads="0" lastid="0000000000016F00" lastname="main" />
</exclusive-start>
<concurrent-global-final id="874" timestamp="2022-02-08T16:13:17.856" contextid="856" intervalms="3040.897" >
  <concurrent-trace-info reason="card cleaning threshold reached" tracedByMutators="58979156" tracedByHelpers="15473452" cardsCleaned="2" workStackOverflowCount="0" />
</concurrent-global-final>
<gc-start id="875" type="global" contextid="856" timestamp="2022-02-08T16:13:17.856">
  <mem-info id="876" free="220612904" total="1073741824" percent="20">
    <mem type="nursery" free="101726064" total="268435456" percent="37">
      <mem type="allocate" free="101726064" total="184025088" percent="55" />
      <mem type="survivor" free="0" total="84410368" percent="0" />
    </mem>
    <mem type="tenure" free="118886840" total="805306368" percent="14">
      <mem type="soa" free="78621112" total="765040640" percent="10" />
      <mem type="loa" free="40265728" total="40265728" percent="100" />
    </mem>
    <remembered-set count="144" />
  </mem-info>
</gc-start>
<allocation-stats totalBytes="5871136" >
  <allocated-bytes non-tlh="176" tlh="5870960" />
  <largest-consumer threadName="main" threadId="0000000000016F00" bytes="5862944" />
</allocation-stats>
<gc-op id="877" type="rs-scan" timems="135.046" contextid="856" timestamp="2022-02-08T16:13:17.991">
  <scan objectsFound="3324779" bytesTraced="71014836" workStackOverflowCount="0" />
</gc-op>
<gc-op id="878" type="card-cleaning" timems="0.299" contextid="856" timestamp="2022-02-08T16:13:17.991">
  <card-cleaning cardsCleaned="4" bytesTraced="1684" workStackOverflowCount="0" />
</gc-op>
<gc-op id="879" type="mark" timems="17.752" contextid="856" timestamp="2022-02-08T16:13:18.009">
  <trace-info objectcount="607072" scancount="456827" scanbytes="9813164" />
  <finalization candidates="427" enqueued="57" />
  <ownableSynchronizers candidates="1" cleared="0" />
  <references type="soft" candidates="1063" cleared="169" enqueued="162" dynamicThreshold="13" maxThreshold="32" />
  <references type="weak" candidates="1701" cleared="0" enqueued="0" />
  <references type="phantom" candidates="51" cleared="2" enqueued="2" />
  <stringconstants candidates="6468" cleared="2"  />
  <object-monitors candidates="2" cleared="0"  />
</gc-op>
<gc-op id="880" type="sweep" timems="4.422" contextid="856" timestamp="2022-02-08T16:13:18.014" />
<gc-end id="881" type="global" contextid="856" durationms="157.970" usertimems="171.480" systemtimems="0.103" stalltimems="53.167" timestamp="2022-02-08T16:13:18.014" activeThreads="4">
  <mem-info id="882" free="464097088" total="1073741824" percent="43">
    <mem type="nursery" free="102364728" total="268435456" percent="38">
      <mem type="allocate" free="102364728" total="184025088" percent="55" />
      <mem type="survivor" free="0" total="84410368" percent="0" />
    </mem>
    <mem type="tenure" free="361732360" total="805306368" percent="44" micro-fragmented="255567" macro-fragmented="0">
      <mem type="soa" free="321466632" total="765040640" percent="42" />
      <mem type="loa" free="40265728" total="40265728" percent="100" />
    </mem>
    <pending-finalizers system="57" default="0" reference="164" classloader="0" />
    <remembered-set count="126" />
  </mem-info>
</gc-end>
<cycle-end id="883" type="global" contextid="856" timestamp="2022-02-08T16:13:18.014" />
<exclusive-end id="884" timestamp="2022-02-08T16:13:18.014" durationms="158.204" />

<exclusive-start id="885" timestamp="2022-02-08T16:13:18.737" intervalms="881.472">
  <response-info timems="0.027" idlems="0.027" threads="0" lastid="0000000000016F00" lastname="main" />
</exclusive-start>
<af-start id="886" threadId="0000000000017908" totalBytesRequested="88" timestamp="2022-02-08T16:13:18.738" intervalms="1066.911" type="nursery" />
<cycle-start id="887" type="scavenge" contextid="0" timestamp="2022-02-08T16:13:18.738" intervalms="1066.968" />
<gc-start id="888" type="scavenge" contextid="887" timestamp="2022-02-08T16:13:18.738">
  <mem-info id="889" free="361732360" total="1073741824" percent="33">
    <mem type="nursery" free="0" total="268435456" percent="0">
      <mem type="allocate" free="0" total="184025088" percent="0" />
      <mem type="survivor" free="0" total="84410368" percent="0" />
    </mem>
    <mem type="tenure" free="361732360" total="805306368" percent="44">
      <mem type="soa" free="321466632" total="765040640" percent="42" />
      <mem type="loa" free="40265728" total="40265728" percent="100" />
    </mem>
    <remembered-set count="292" />
  </mem-info>
</gc-start>
<allocation-stats totalBytes="102316824" >
  <allocated-bytes non-tlh="1347680" tlh="100969144" />
  <largest-consumer threadName="main" threadId="0000000000016F00" bytes="102307016" />
</allocation-stats>
<gc-op id="890" type="scavenge" timems="94.336" contextid="887" timestamp="2022-02-08T16:13:18.832">
  <scavenger-info tenureage="1" tenuremask="7ffe" tiltratio="68" />
  <memory-copied type="nursery" objects="1360759" bytes="77330136" bytesdiscarded="299424" />
  <memory-copied type="tenure" objects="1485652" bytes="75412080" bytesdiscarded="43344" />
  <finalization candidates="57" enqueued="0" />
  <ownableSynchronizers candidates="2" cleared="2" />
  <references type="phantom" candidates="1" cleared="0" enqueued="0" />
  <object-monitors candidates="2" cleared="0"  />
</gc-op>
<gc-end id="891" type="scavenge" contextid="887" durationms="94.725" usertimems="350.830" systemtimems="0.439" stalltimems="2.547" timestamp="2022-02-08T16:13:18.833" activeThreads="4">
  <mem-info id="892" free="392392712" total="1073741824" percent="36">
    <mem type="nursery" free="106264456" total="268435456" percent="39">
      <mem type="allocate" free="106264456" total="183894016" percent="57" />
      <mem type="survivor" free="0" total="84541440" percent="0" />
    </mem>
    <mem type="tenure" free="286128256" total="805306368" percent="35" macro-fragmented="0">
      <mem type="soa" free="245862528" total="765040640" percent="32" />
      <mem type="loa" free="40265728" total="40265728" percent="100" />
    </mem>
    <remembered-set count="277" />
  </mem-info>
</gc-end>
<cycle-end id="893" type="scavenge" contextid="887" timestamp="2022-02-08T16:13:18.833" />
<allocation-satisfied id="894" threadId="0000000000016F00" bytesRequested="88" />
<af-end id="895" timestamp="2022-02-08T16:13:18.833" threadId="0000000000017908" success="true" from="nursery"/>
<exclusive-end id="896" timestamp="2022-02-08T16:13:18.833" durationms="95.527" />

<exclusive-start id="897" timestamp="2022-02-08T16:13:19.539" intervalms="801.888">
  <response-info timems="0.023" idlems="0.023" threads="0" lastid="0000000000016F00" lastname="main" />
</exclusive-start>
<af-start id="898" threadId="0000000000017908" totalBytesRequested="104" timestamp="2022-02-08T16:13:19.539" intervalms="801.468" type="nursery" />
<cycle-start id="899" type="scavenge" contextid="0" timestamp="2022-02-08T16:13:19.539" intervalms="801.411" />
<gc-start id="900" type="scavenge" contextid="899" timestamp="2022-02-08T16:13:19.539">
  <mem-info id="901" free="286128256" total="1073741824" percent="26">
    <mem type="nursery" free="0" total="268435456" percent="0">
      <mem type="allocate" free="0" total="183894016" percent="0" />
      <mem type="survivor" free="0" total="84541440" percent="0" />
    </mem>
    <mem type="tenure" free="286128256" total="805306368" percent="35">
      <mem type="soa" free="245862528" total="765040640" percent="32" />
      <mem type="loa" free="40265728" total="40265728" percent="100" />
    </mem>
    <remembered-set count="277" />
  </mem-info>
</gc-start>
<allocation-stats totalBytes="106219280" >
  <allocated-bytes non-tlh="88" tlh="106219192" />
  <largest-consumer threadName="main" threadId="0000000000016F00" bytes="106219280" />
</allocation-stats>
<gc-op id="902" type="scavenge" timems="88.085" contextid="899" timestamp="2022-02-08T16:13:19.627">
  <scavenger-info tenureage="1" tenuremask="7ffe" tiltratio="68" />
  <memory-copied type="nursery" objects="1338864" bytes="75539808" bytesdiscarded="271360" />
  <memory-copied type="tenure" objects="1360758" bytes="77330080" bytesdiscarded="42064" />
  <finalization candidates="1" enqueued="0" />
  <object-monitors candidates="2" cleared="0"  />
</gc-op>
<gc-end id="903" type="scavenge" contextid="899" durationms="88.487" usertimems="325.825" systemtimems="0.000" stalltimems="1.464" timestamp="2022-02-08T16:13:19.628" activeThreads="4">
  <mem-info id="904" free="316989824" total="1073741824" percent="29">
    <mem type="nursery" free="108279456" total="268435456" percent="40">
      <mem type="allocate" free="108279456" total="184090624" percent="58" />
      <mem type="survivor" free="0" total="84344832" percent="0" />
    </mem>
    <mem type="tenure" free="208710368" total="805306368" percent="25" macro-fragmented="0">
      <mem type="soa" free="168444640" total="765040640" percent="22" />
      <mem type="loa" free="40265728" total="40265728" percent="100" />
    </mem>
    <remembered-set count="266" />
  </mem-info>
</gc-end>
<cycle-end id="905" type="scavenge" contextid="899" timestamp="2022-02-08T16:13:19.628" />
<allocation-satisfied id="906" threadId="0000000000016F00" bytesRequested="104" />
<af-end id="907" timestamp="2022-02-08T16:13:19.628" threadId="0000000000017908" success="true" from="nursery"/>
<exclusive-end id="908" timestamp="2022-02-08T16:13:19.628" durationms="88.752" />

<exclusive-start id="909" timestamp="2022-02-08T16:13:20.565" intervalms="1026.088">
  <response-info timems="0.938" idlems="0.938" threads="0" lastid="0000000000016F00" lastname="main" />
</exclusive-start>
<af-start id="910" threadId="0000000000017908" totalBytesRequested="248" timestamp="2022-02-08T16:13:20.565" intervalms="1026.091" type="nursery" />
<cycle-start id="911" type="scavenge" contextid="0" timestamp="2022-02-08T16:13:20.565" intervalms="1026.091" />
<gc-start id="912" type="scavenge" contextid="911" timestamp="2022-02-08T16:13:20.565">
  <mem-info id="913" free="208709480" total="1073741824" percent="19">
    <mem type="nursery" free="0" total="268435456" percent="0">
      <mem type="allocate" free="0" total="184090624" percent="0" />
      <mem type="survivor" free="0" total="84344832" percent="0" />
    </mem>
    <mem type="tenure" free="208709480" total="805306368" percent="25">
      <mem type="soa" free="168443752" total="765040640" percent="22" />
      <mem type="loa" free="40265728" total="40265728" percent="100" />
    </mem>
    <remembered-set count="309" />
  </mem-info>
</gc-start>
<allocation-stats totalBytes="108233640" >
  <allocated-bytes non-tlh="1591560" tlh="106642080" />
  <largest-consumer threadName="main" threadId="0000000000016F00" bytes="108233640" />
</allocation-stats>
<gc-op id="914" type="scavenge" timems="81.151" contextid="911" timestamp="2022-02-08T16:13:20.646">
  <scavenger-info tenureage="1" tenuremask="7ffe" tiltratio="68" />
  <memory-copied type="nursery" objects="1496670" bytes="76219824" bytesdiscarded="287840" />
  <memory-copied type="tenure" objects="1338864" bytes="75539808" bytesdiscarded="40168" />
  <finalization candidates="109" enqueued="53" />
  <references type="soft" candidates="14" cleared="0" enqueued="0" dynamicThreshold="14" maxThreshold="32" />
  <references type="weak" candidates="2" cleared="1" enqueued="1" />
  <references type="phantom" candidates="94" cleared="7" enqueued="7" />
  <object-monitors candidates="2" cleared="0"  />
</gc-op>
<gc-end id="915" type="scavenge" contextid="911" durationms="81.611" usertimems="316.070" systemtimems="0.000" stalltimems="2.313" timestamp="2022-02-08T16:13:20.647" activeThreads="4">
  <mem-info id="916" free="241022720" total="1073741824" percent="22">
    <mem type="nursery" free="107844928" total="268435456" percent="40">
      <mem type="allocate" free="107844928" total="184352768" percent="58" />
      <mem type="survivor" free="0" total="84082688" percent="0" />
    </mem>
    <mem type="tenure" free="133177792" total="805306368" percent="16" macro-fragmented="33282812">
      <mem type="soa" free="92912064" total="765040640" percent="12" />
      <mem type="loa" free="40265728" total="40265728" percent="100" />
    </mem>
    <pending-finalizers system="52" default="1" reference="8" classloader="0" />
    <remembered-set count="142" />
  </mem-info>
</gc-end>
<cycle-end id="917" type="scavenge" contextid="911" timestamp="2022-02-08T16:13:20.647" />
<allocation-satisfied id="918" threadId="0000000000016F00" bytesRequested="248" />
<af-end id="919" timestamp="2022-02-08T16:13:20.647" threadId="0000000000017908" success="true" from="nursery"/>
<exclusive-end id="920" timestamp="2022-02-08T16:13:20.647" durationms="81.908" />

<concurrent-kickoff id="921" timestamp="2022-02-08T16:13:21.366">
  <kickoff reason="threshold reached" targetBytes="82992278" thresholdFreeBytes="7168707"  remainingFree="7050560" tenureFreeBytes="133177792" nurseryFreeBytes="7050560" />
</concurrent-kickoff>
<exclusive-start id="922" timestamp="2022-02-08T16:13:21.370" intervalms="804.934">
  <response-info timems="0.032" idlems="0.032" threads="0" lastid="0000000000016F00" lastname="main" />
</exclusive-start>
<cycle-start id="923" type="global" contextid="0" timestamp="2022-02-08T16:13:21.370" intervalms="3871.402" />
<concurrent-start id="924" type="global mark" contextid="923" timestamp="2022-02-08T16:13:21.370">
</concurrent-start>
<exclusive-end id="925" timestamp="2022-02-08T16:13:21.370" durationms="0.136" />

<exclusive-start id="926" timestamp="2022-02-08T16:13:21.535" intervalms="165.015">
  <response-info timems="0.059" idlems="0.059" threads="0" lastid="0000000000016F00" lastname="main" />
</exclusive-start>
<af-start id="927" threadId="0000000000017908" totalBytesRequested="104" timestamp="2022-02-08T16:13:21.535" intervalms="970.006" type="nursery" />
<cycle-start id="928" type="scavenge" contextid="0" timestamp="2022-02-08T16:13:21.535" intervalms="970.016" />
<gc-start id="929" type="scavenge" contextid="928" timestamp="2022-02-08T16:13:21.535">
  <mem-info id="930" free="133177792" total="1073741824" percent="12">
    <mem type="nursery" free="0" total="268435456" percent="0">
      <mem type="allocate" free="0" total="184352768" percent="0" />
      <mem type="survivor" free="0" total="84082688" percent="0" />
    </mem>
    <mem type="tenure" free="133177792" total="805306368" percent="16">
      <mem type="soa" free="92912064" total="765040640" percent="12" />
      <mem type="loa" free="40265728" total="40265728" percent="100" />
    </mem>
    <remembered-set count="143" />
  </mem-info>
</gc-start>
<allocation-stats totalBytes="107791560" >
  <allocated-bytes non-tlh="1347928" tlh="106443632" />
  <largest-consumer threadName="main" threadId="0000000000016F00" bytes="107783368" />
</allocation-stats>
<gc-op id="931" type="scavenge" timems="96.902" contextid="928" timestamp="2022-02-08T16:13:21.632">
  <scavenger-info tenureage="1" tenuremask="7ffe" tiltratio="68" />
  <memory-copied type="nursery" objects="1341021" bytes="77120584" bytesdiscarded="247624" />
  <memory-copied type="tenure" objects="1495946" bytes="75276352" bytesdiscarded="35120" />
  <finalization candidates="57" enqueued="0" />
  <references type="phantom" candidates="1" cleared="0" enqueued="0" />
  <object-monitors candidates="2" cleared="0"  />
</gc-op>
<gc-end id="932" type="scavenge" contextid="928" durationms="97.309" usertimems="382.796" systemtimems="0.000" stalltimems="4.081" timestamp="2022-02-08T16:13:21.633" activeThreads="4">
  <mem-info id="933" free="164673560" total="1073741824" percent="15">
    <mem type="nursery" free="106787952" total="268435456" percent="39">
      <mem type="allocate" free="106787952" total="184156160" percent="57" />
      <mem type="survivor" free="0" total="84279296" percent="0" />
    </mem>
    <mem type="tenure" free="57885608" total="805306368" percent="7" macro-fragmented="23113062">
      <mem type="soa" free="17619880" total="765040640" percent="2" />
      <mem type="loa" free="40265728" total="40265728" percent="100" />
    </mem>
    <remembered-set count="111" />
  </mem-info>
</gc-end>
<cycle-end id="934" type="scavenge" contextid="928" timestamp="2022-02-08T16:13:21.633" />
<allocation-satisfied id="935" threadId="0000000000016F00" bytesRequested="104" />
<af-end id="936" timestamp="2022-02-08T16:13:21.633" threadId="0000000000017908" success="true" from="nursery"/>
<exclusive-end id="937" timestamp="2022-02-08T16:13:21.633" durationms="97.694" />

<concurrent-end id="938" type="global mark" contextid="923" timestamp="2022-02-08T16:13:21.733">
<gc-op id="939" type="trace" timems="363.030" contextid="923" timestamp="2022-02-08T16:13:21.733">
  <trace bytesTraced="74426632" workStackOverflowCount="0" />
  <card-cleaning reason="card cleaning threshold reached" bytesTraced="808" cardsCleaned="2" />
</gc-op>
</concurrent-end>

<exclusive-start id="940" timestamp="2022-02-08T16:13:21.733" intervalms="198.190">
  <response-info timems="0.019" idlems="0.019" threads="0" lastid="0000000000016F00" lastname="main" />
</exclusive-start>
<concurrent-global-final id="941" timestamp="2022-02-08T16:13:21.733" contextid="923" intervalms="3877.593" >
  <concurrent-trace-info reason="card cleaning threshold reached" tracedByMutators="59401960" tracedByHelpers="15025480" cardsCleaned="2" workStackOverflowCount="0" />
</concurrent-global-final>
<gc-start id="942" type="global" contextid="923" timestamp="2022-02-08T16:13:21.733">
  <mem-info id="943" free="158807984" total="1073741824" percent="14">
    <mem type="nursery" free="100922376" total="268435456" percent="37">
      <mem type="allocate" free="100922376" total="184156160" percent="54" />
      <mem type="survivor" free="0" total="84279296" percent="0" />
    </mem>
    <mem type="tenure" free="57885608" total="805306368" percent="7">
      <mem type="soa" free="17619880" total="765040640" percent="2" />
      <mem type="loa" free="40265728" total="40265728" percent="100" />
    </mem>
    <remembered-set count="111" />
  </mem-info>
</gc-start>
<allocation-stats totalBytes="5863176" >
  <allocated-bytes non-tlh="104" tlh="5863072" />
  <largest-consumer threadName="main" threadId="0000000000016F00" bytes="5863176" />
</allocation-stats>
<heap-resize id="944" type="loa contract" space="tenure" amount="8052736" count="1" timems="0.000" reason="contract underutilized loa" timestamp="2022-02-08T16:13:21.733" />
<gc-op id="945" type="rs-scan" timems="0.626" contextid="923" timestamp="2022-02-08T16:13:21.734">
  <scan objectsFound="45" bytesTraced="6180" workStackOverflowCount="0" />
</gc-op>
<gc-op id="946" type="card-cleaning" timems="155.193" contextid="923" timestamp="2022-02-08T16:13:21.889">
  <card-cleaning cardsCleaned="12" bytesTraced="71012504" workStackOverflowCount="0" />
</gc-op>
<gc-op id="947" type="mark" timems="50.568" contextid="923" timestamp="2022-02-08T16:13:21.940">
  <trace-info objectcount="1718779" scancount="1290612" scanbytes="27600744" />
  <finalization candidates="428" enqueued="57" />
  <ownableSynchronizers candidates="1" cleared="0" />
  <references type="soft" candidates="894" cleared="0" enqueued="0" dynamicThreshold="14" maxThreshold="32" />
  <references type="weak" candidates="1701" cleared="0" enqueued="0" />
  <references type="phantom" candidates="52" cleared="2" enqueued="2" />
  <stringconstants candidates="6472" cleared="1"  />
  <object-monitors candidates="2" cleared="0"  />
</gc-op>
<gc-op id="948" type="classunload" timems="0.279" contextid="923" timestamp="2022-02-08T16:13:21.940">
  <classunload-info classloadercandidates="12" classloadersunloaded="1" classesunloaded="1" anonymousclassesunloaded="0" quiescems="0.000" setupms="0.269" scanms="0.008" postms="0.002" />
</gc-op>
<gc-op id="949" type="sweep" timems="4.911" contextid="923" timestamp="2022-02-08T16:13:21.945" />
<gc-end id="950" type="global" contextid="923" durationms="211.983" usertimems="228.038" systemtimems="0.000" stalltimems="151.479" timestamp="2022-02-08T16:13:21.945" activeThreads="4">
  <mem-info id="951" free="402028632" total="1073741824" percent="37">
    <mem type="nursery" free="101261712" total="268435456" percent="37">
      <mem type="allocate" free="101261712" total="184156160" percent="54" />
      <mem type="survivor" free="0" total="84279296" percent="0" />
    </mem>
    <mem type="tenure" free="300766920" total="805306368" percent="37" micro-fragmented="320825" macro-fragmented="2160235">
      <mem type="soa" free="268553928" total="773093376" percent="34" />
      <mem type="loa" free="32212992" total="32212992" percent="100" />
    </mem>
    <pending-finalizers system="57" default="0" reference="2" classloader="0" />
    <remembered-set count="111" />
  </mem-info>
</gc-end>
<cycle-end id="952" type="global" contextid="923" timestamp="2022-02-08T16:13:21.945" />
<exclusive-end id="953" timestamp="2022-02-08T16:13:21.945" durationms="212.188" />

<exclusive-start id="954" timestamp="2022-02-08T16:13:22.629" intervalms="895.664">
  <response-info timems="0.022" idlems="0.022" threads="0" lastid="0000000000016F00" lastname="main" />
</exclusive-start>
<af-start id="955" threadId="0000000000017908" totalBytesRequested="200" timestamp="2022-02-08T16:13:22.629" intervalms="1093.807" type="nursery" />
<cycle-start id="956" type="scavenge" contextid="0" timestamp="2022-02-08T16:13:22.629" intervalms="1093.815" />
<gc-start id="957" type="scavenge" contextid="956" timestamp="2022-02-08T16:13:22.629">
  <mem-info id="958" free="300766920" total="1073741824" percent="28">
    <mem type="nursery" free="0" total="268435456" percent="0">
      <mem type="allocate" free="0" total="184156160" percent="0" />
      <mem type="survivor" free="0" total="84279296" percent="0" />
    </mem>
    <mem type="tenure" free="300766920" total="805306368" percent="37">
      <mem type="soa" free="268553928" total="773093376" percent="34" />
      <mem type="loa" free="32212992" total="32212992" percent="100" />
    </mem>
    <remembered-set count="114" />
  </mem-info>
</gc-start>
<allocation-stats totalBytes="101214800" >
  <allocated-bytes non-tlh="0" tlh="101214800" />
  <largest-consumer threadName="main" threadId="0000000000016F00" bytes="101210704" />
</allocation-stats>
<gc-op id="959" type="scavenge" timems="77.365" contextid="956" timestamp="2022-02-08T16:13:22.706">
  <scavenger-info tenureage="1" tenuremask="7ffe" tiltratio="68" />
  <memory-copied type="nursery" objects="1347275" bytes="76052880" bytesdiscarded="195744" />
  <memory-copied type="tenure" objects="1341021" bytes="77120584" bytesdiscarded="41744" />
  <finalization candidates="1" enqueued="0" />
  <ownableSynchronizers candidates="2" cleared="2" />
  <object-monitors candidates="2" cleared="0"  />
</gc-op>
<gc-end id="960" type="scavenge" contextid="956" durationms="77.723" usertimems="306.312" systemtimems="0.000" stalltimems="2.375" timestamp="2022-02-08T16:13:22.707" activeThreads="4">
  <mem-info id="961" free="331673664" total="1073741824" percent="30">
    <mem type="nursery" free="108104144" total="268435456" percent="40">
      <mem type="allocate" free="108104144" total="184352768" percent="58" />
      <mem type="survivor" free="0" total="84082688" percent="0" />
    </mem>
    <mem type="tenure" free="223569520" total="805306368" percent="27" macro-fragmented="0">
      <mem type="soa" free="191356528" total="773093376" percent="24" />
      <mem type="loa" free="32212992" total="32212992" percent="100" />
    </mem>
    <remembered-set count="105" />
  </mem-info>
</gc-end>
<cycle-end id="962" type="scavenge" contextid="956" timestamp="2022-02-08T16:13:22.707" />
<allocation-satisfied id="963" threadId="0000000000016F00" bytesRequested="200" />
<af-end id="964" timestamp="2022-02-08T16:13:22.707" threadId="0000000000017908" success="true" from="nursery"/>
<exclusive-end id="965" timestamp="2022-02-08T16:13:22.707" durationms="78.004" />

<exclusive-start id="966" timestamp="2022-02-08T16:13:23.528" intervalms="899.127">
  <response-info timems="0.020" idlems="0.020" threads="0" lastid="0000000000016F00" lastname="main" />
</exclusive-start>
<af-start id="967" threadId="0000000000017908" totalBytesRequested="24" timestamp="2022-02-08T16:13:23.528" intervalms="899.112" type="nursery" />
<cycle-start id="968" type="scavenge" contextid="0" timestamp="2022-02-08T16:13:23.528" intervalms="899.093" />
<gc-start id="969" type="scavenge" contextid="968" timestamp="2022-02-08T16:13:23.528">
  <mem-info id="970" free="223569520" total="1073741824" percent="20">
    <mem type="nursery" free="0" total="268435456" percent="0">
      <mem type="allocate" free="0" total="184352768" percent="0" />
      <mem type="survivor" free="0" total="84082688" percent="0" />
    </mem>
    <mem type="tenure" free="223569520" total="805306368" percent="27">
      <mem type="soa" free="191356528" total="773093376" percent="24" />
      <mem type="loa" free="32212992" total="32212992" percent="100" />
    </mem>
    <remembered-set count="127" />
  </mem-info>
</gc-start>
<allocation-stats totalBytes="108054136" >
  <allocated-bytes non-tlh="723528" tlh="107330608" />
  <largest-consumer threadName="main" threadId="0000000000016F00" bytes="108054136" />
</allocation-stats>
<gc-op id="971" type="scavenge" timems="81.538" contextid="968" timestamp="2022-02-08T16:13:23.610">
  <scavenger-info tenureage="1" tenuremask="7ffe" tiltratio="68" />
  <memory-copied type="nursery" objects="1436643" bytes="76362496" bytesdiscarded="186640" />
  <memory-copied type="tenure" objects="1347274" bytes="76052768" bytesdiscarded="38248" />
  <finalization candidates="63" enqueued="34" />
  <references type="soft" candidates="4" cleared="0" enqueued="0" dynamicThreshold="11" maxThreshold="32" />
  <references type="phantom" candidates="63" cleared="0" enqueued="0" />
  <object-monitors candidates="2" cleared="0"  />
</gc-op>
<gc-end id="972" type="scavenge" contextid="968" durationms="81.916" usertimems="321.537" systemtimems="0.000" stalltimems="4.091" timestamp="2022-02-08T16:13:23.610" activeThreads="4">
  <mem-info id="973" free="255319368" total="1073741824" percent="23">
    <mem type="nursery" free="108065776" total="268435456" percent="40">
      <mem type="allocate" free="108065776" total="184614912" percent="58" />
      <mem type="survivor" free="0" total="83820544" percent="0" />
    </mem>
    <mem type="tenure" free="147253592" total="805306368" percent="18" macro-fragmented="0">
      <mem type="soa" free="115040600" total="773093376" percent="14" />
      <mem type="loa" free="32212992" total="32212992" percent="100" />
    </mem>
    <pending-finalizers system="34" default="0" reference="0" classloader="0" />
    <remembered-set count="126" />
  </mem-info>
</gc-end>
<cycle-end id="974" type="scavenge" contextid="968" timestamp="2022-02-08T16:13:23.610" />
<allocation-satisfied id="975" threadId="0000000000016F00" bytesRequested="24" />
<af-end id="976" timestamp="2022-02-08T16:13:23.610" threadId="0000000000017908" success="true" from="nursery"/>
<exclusive-end id="977" timestamp="2022-02-08T16:13:23.610" durationms="82.261" />

<concurrent-kickoff id="978" timestamp="2022-02-08T16:13:24.359">
  <kickoff reason="threshold reached" targetBytes="81270118" thresholdFreeBytes="6884562"  remainingFree="6846416" tenureFreeBytes="147253592" nurseryFreeBytes="6846416" />
</concurrent-kickoff>
<exclusive-start id="979" timestamp="2022-02-08T16:13:24.362" intervalms="834.329">
  <response-info timems="0.022" idlems="0.022" threads="0" lastid="0000000000016F00" lastname="main" />
</exclusive-start>
<cycle-start id="980" type="global" contextid="0" timestamp="2022-02-08T16:13:24.362" intervalms="2992.227" />
<concurrent-start id="981" type="global mark" contextid="980" timestamp="2022-02-08T16:13:24.362">
</concurrent-start>
<exclusive-end id="982" timestamp="2022-02-08T16:13:24.362" durationms="0.028" />

<exclusive-start id="983" timestamp="2022-02-08T16:13:24.518" intervalms="155.611">
  <response-info timems="0.061" idlems="0.061" threads="0" lastid="0000000000016F00" lastname="main" />
</exclusive-start>
<af-start id="984" threadId="0000000000017908" totalBytesRequested="232" timestamp="2022-02-08T16:13:24.518" intervalms="989.994" type="nursery" />
<cycle-start id="985" type="scavenge" contextid="0" timestamp="2022-02-08T16:13:24.518" intervalms="990.013" />
<gc-start id="986" type="scavenge" contextid="985" timestamp="2022-02-08T16:13:24.518">
  <mem-info id="987" free="147253592" total="1073741824" percent="13">
    <mem type="nursery" free="0" total="268435456" percent="0">
      <mem type="allocate" free="0" total="184614912" percent="0" />
      <mem type="survivor" free="0" total="83820544" percent="0" />
    </mem>
    <mem type="tenure" free="147253592" total="805306368" percent="18">
      <mem type="soa" free="115040600" total="773093376" percent="14" />
      <mem type="loa" free="32212992" total="32212992" percent="100" />
    </mem>
    <remembered-set count="134" />
  </mem-info>
</gc-start>
<allocation-stats totalBytes="108016064" >
  <allocated-bytes non-tlh="2214944" tlh="105801120" />
  <largest-consumer threadName="main" threadId="0000000000016F00" bytes="108011968" />
</allocation-stats>
<gc-op id="988" type="scavenge" timems="79.794" contextid="985" timestamp="2022-02-08T16:13:24.598">
  <scavenger-info tenureage="1" tenuremask="7ffe" tiltratio="68" />
  <memory-copied type="nursery" objects="1351775" bytes="76381136" bytesdiscarded="110944" />
  <memory-copied type="tenure" objects="1435972" bytes="76057448" bytesdiscarded="42560" />
  <finalization candidates="76" enqueued="19" />
  <references type="soft" candidates="10" cleared="0" enqueued="0" dynamicThreshold="11" maxThreshold="32" />
  <references type="weak" candidates="1" cleared="0" enqueued="0" />
  <references type="phantom" candidates="61" cleared="7" enqueued="7" />
  <object-monitors candidates="2" cleared="0"  />
</gc-op>
<gc-end id="989" type="scavenge" contextid="985" durationms="80.153" usertimems="309.008" systemtimems="4.981" stalltimems="4.423" timestamp="2022-02-08T16:13:24.598" activeThreads="4">
  <mem-info id="990" free="179704216" total="1073741824" percent="16">
    <mem type="nursery" free="108384848" total="268435456" percent="40">
      <mem type="allocate" free="108384848" total="184877056" percent="58" />
      <mem type="survivor" free="0" total="83558400" percent="0" />
    </mem>
    <mem type="tenure" free="71319368" total="805306368" percent="8" macro-fragmented="60137357">
      <mem type="soa" free="39106376" total="773093376" percent="5" />
      <mem type="loa" free="32212992" total="32212992" percent="100" />
    </mem>
    <pending-finalizers system="18" default="1" reference="7" classloader="0" />
    <remembered-set count="93" />
  </mem-info>
</gc-end>
<cycle-end id="991" type="scavenge" contextid="985" timestamp="2022-02-08T16:13:24.598" />
<allocation-satisfied id="992" threadId="0000000000016F00" bytesRequested="232" />
<af-end id="993" timestamp="2022-02-08T16:13:24.599" threadId="0000000000017908" success="true" from="nursery"/>
<exclusive-end id="994" timestamp="2022-02-08T16:13:24.599" durationms="80.539" />

<concurrent-end id="995" type="global mark" contextid="980" timestamp="2022-02-08T16:13:24.731">
<gc-op id="996" type="trace" timems="368.133" contextid="980" timestamp="2022-02-08T16:13:24.731">
  <trace bytesTraced="74427488" workStackOverflowCount="0" />
  <card-cleaning reason="card cleaning threshold reached" bytesTraced="808" cardsCleaned="2" />
</gc-op>
</concurrent-end>

<exclusive-start id="997" timestamp="2022-02-08T16:13:24.731" intervalms="212.593">
  <response-info timems="0.020" idlems="0.020" threads="0" lastid="0000000000016F00" lastname="main" />
</exclusive-start>
<concurrent-global-final id="998" timestamp="2022-02-08T16:13:24.731" contextid="980" intervalms="2997.317" >
  <concurrent-trace-info reason="card cleaning threshold reached" tracedByMutators="52870600" tracedByHelpers="21557696" cardsCleaned="2" workStackOverflowCount="0" />
</concurrent-global-final>
<gc-start id="999" type="global" contextid="980" timestamp="2022-02-08T16:13:24.731">
  <mem-info id="1000" free="174747824" total="1073741824" percent="16">
    <mem type="nursery" free="103428456" total="268435456" percent="38">
      <mem type="allocate" free="103428456" total="184877056" percent="55" />
      <mem type="survivor" free="0" total="83558400" percent="0" />
    </mem>
    <mem type="tenure" free="71319368" total="805306368" percent="8">
      <mem type="soa" free="39106376" total="773093376" percent="5" />
      <mem type="loa" free="32212992" total="32212992" percent="100" />
    </mem>
    <remembered-set count="94" />
  </mem-info>
</gc-start>
<allocation-stats totalBytes="4954640" >
  <allocated-bytes non-tlh="232" tlh="4954408" />
  <largest-consumer threadName="main" threadId="0000000000016F00" bytes="4946448" />
</allocation-stats>
<heap-resize id="1001" type="loa contract" space="tenure" amount="8053760" count="1" timems="0.000" reason="contract underutilized loa" timestamp="2022-02-08T16:13:24.731" />
<gc-op id="1002" type="rs-scan" timems="134.998" contextid="980" timestamp="2022-02-08T16:13:24.866">
  <scan objectsFound="3324743" bytesTraced="71013012" workStackOverflowCount="0" />
</gc-op>
<gc-op id="1003" type="card-cleaning" timems="0.301" contextid="980" timestamp="2022-02-08T16:13:24.866">
  <card-cleaning cardsCleaned="5" bytesTraced="2432" workStackOverflowCount="0" />
</gc-op>
<gc-op id="1004" type="mark" timems="51.959" contextid="980" timestamp="2022-02-08T16:13:24.918">
  <trace-info objectcount="1467293" scancount="1101996" scanbytes="23576968" />
  <finalization candidates="428" enqueued="57" />
  <ownableSynchronizers candidates="1" cleared="0" />
  <references type="soft" candidates="894" cleared="0" enqueued="0" dynamicThreshold="11" maxThreshold="32" />
  <references type="weak" candidates="1701" cleared="0" enqueued="0" />
  <references type="phantom" candidates="52" cleared="2" enqueued="2" />
  <stringconstants candidates="6471" cleared="0"  />
  <object-monitors candidates="2" cleared="0"  />
</gc-op>
<gc-op id="1005" type="sweep" timems="5.752" contextid="980" timestamp="2022-02-08T16:13:24.924" />
<gc-end id="1006" type="global" contextid="980" durationms="193.590" usertimems="253.960" systemtimems="0.511" stalltimems="109.324" timestamp="2022-02-08T16:13:24.924" activeThreads="4">
  <mem-info id="1007" free="417951776" total="1073741824" percent="38">
    <mem type="nursery" free="103810000" total="268435456" percent="38">
      <mem type="allocate" free="103810000" total="184877056" percent="56" />
      <mem type="survivor" free="0" total="83558400" percent="0" />
    </mem>
    <mem type="tenure" free="314141776" total="805306368" percent="39" micro-fragmented="263402" macro-fragmented="0">
      <mem type="soa" free="289982544" total="781147136" percent="37" />
      <mem type="loa" free="24159232" total="24159232" percent="100" />
    </mem>
    <pending-finalizers system="57" default="0" reference="2" classloader="0" />
    <remembered-set count="84" />
  </mem-info>
</gc-end>
<cycle-end id="1008" type="global" contextid="980" timestamp="2022-02-08T16:13:24.924" />
<exclusive-end id="1009" timestamp="2022-02-08T16:13:24.924" durationms="193.799" />

<exclusive-start id="1010" timestamp="2022-02-08T16:13:25.638" intervalms="906.923">
  <response-info timems="0.026" idlems="0.026" threads="0" lastid="0000000000016F00" lastname="main" />
</exclusive-start>
<af-start id="1011" threadId="0000000000017908" totalBytesRequested="184" timestamp="2022-02-08T16:13:25.638" intervalms="1119.471" type="nursery" />
<cycle-start id="1012" type="scavenge" contextid="0" timestamp="2022-02-08T16:13:25.638" intervalms="1119.453" />
<gc-start id="1013" type="scavenge" contextid="1012" timestamp="2022-02-08T16:13:25.638">
  <mem-info id="1014" free="314141776" total="1073741824" percent="29">
    <mem type="nursery" free="0" total="268435456" percent="0">
      <mem type="allocate" free="0" total="184877056" percent="0" />
      <mem type="survivor" free="0" total="83558400" percent="0" />
    </mem>
    <mem type="tenure" free="314141776" total="805306368" percent="39">
      <mem type="soa" free="289982544" total="781147136" percent="37" />
      <mem type="loa" free="24159232" total="24159232" percent="100" />
    </mem>
    <remembered-set count="85" />
  </mem-info>
</gc-start>
<allocation-stats totalBytes="103760984" >
  <allocated-bytes non-tlh="0" tlh="103760984" />
  <largest-consumer threadName="main" threadId="0000000000016F00" bytes="103756888" />
</allocation-stats>
<gc-op id="1015" type="scavenge" timems="86.074" contextid="1012" timestamp="2022-02-08T16:13:25.724">
  <scavenger-info tenureage="1" tenuremask="7ffe" tiltratio="68" />
  <memory-copied type="nursery" objects="1423159" bytes="77419256" bytesdiscarded="167608" />
  <memory-copied type="tenure" objects="1351501" bytes="76208096" bytesdiscarded="40584" />
  <finalization candidates="28" enqueued="0" />
  <ownableSynchronizers candidates="2" cleared="2" />
  <object-monitors candidates="2" cleared="0"  />
</gc-op>
<gc-end id="1016" type="scavenge" contextid="1012" durationms="86.560" usertimems="325.416" systemtimems="0.000" stalltimems="4.160" timestamp="2022-02-08T16:13:25.724" activeThreads="4">
  <mem-info id="1017" free="343986832" total="1073741824" percent="32">
    <mem type="nursery" free="106307152" total="268435456" percent="39">
      <mem type="allocate" free="106307152" total="183894016" percent="57" />
      <mem type="survivor" free="0" total="84541440" percent="0" />
    </mem>
    <mem type="tenure" free="237679680" total="805306368" percent="29" macro-fragmented="0">
      <mem type="soa" free="213520448" total="781147136" percent="27" />
      <mem type="loa" free="24159232" total="24159232" percent="100" />
    </mem>
    <remembered-set count="101" />
  </mem-info>
</gc-end>
<cycle-end id="1018" type="scavenge" contextid="1012" timestamp="2022-02-08T16:13:25.724" />
<allocation-satisfied id="1019" threadId="0000000000016F00" bytesRequested="184" />
<af-end id="1020" timestamp="2022-02-08T16:13:25.724" threadId="0000000000017908" success="true" from="nursery"/>
<exclusive-end id="1021" timestamp="2022-02-08T16:13:25.724" durationms="86.861" />

<exclusive-start id="1022" timestamp="2022-02-08T16:13:26.404" intervalms="766.493">
  <response-info timems="0.024" idlems="0.024" threads="0" lastid="0000000000016F00" lastname="main" />
</exclusive-start>
<af-start id="1023" threadId="0000000000017908" totalBytesRequested="200" timestamp="2022-02-08T16:13:26.404" intervalms="766.488" type="nursery" />
<cycle-start id="1024" type="scavenge" contextid="0" timestamp="2022-02-08T16:13:26.404" intervalms="766.490" />
<gc-start id="1025" type="scavenge" contextid="1024" timestamp="2022-02-08T16:13:26.404">
  <mem-info id="1026" free="237679680" total="1073741824" percent="22">
    <mem type="nursery" free="0" total="268435456" percent="0">
      <mem type="allocate" free="0" total="183894016" percent="0" />
      <mem type="survivor" free="0" total="84541440" percent="0" />
    </mem>
    <mem type="tenure" free="237679680" total="805306368" percent="29">
      <mem type="soa" free="213520448" total="781147136" percent="27" />
      <mem type="loa" free="24159232" total="24159232" percent="100" />
    </mem>
    <remembered-set count="101" />
  </mem-info>
</gc-start>
<allocation-stats totalBytes="106255704" >
  <allocated-bytes non-tlh="184" tlh="106255520" />
  <largest-consumer threadName="main" threadId="0000000000016F00" bytes="106255704" />
</allocation-stats>
<gc-op id="1027" type="scavenge" timems="99.024" contextid="1024" timestamp="2022-02-08T16:13:26.503">
  <scavenger-info tenureage="1" tenuremask="7ffe" tiltratio="68" />
  <memory-copied type="nursery" objects="1317589" bytes="75520208" bytesdiscarded="119424" />
  <memory-copied type="tenure" objects="1423158" bytes="77419152" bytesdiscarded="38072" />
  <object-monitors candidates="2" cleared="0"  />
</gc-op>
<gc-end id="1028" type="scavenge" contextid="1024" durationms="99.447" usertimems="387.763" systemtimems="1.919" stalltimems="5.355" timestamp="2022-02-08T16:13:26.504" activeThreads="4">
  <mem-info id="1029" free="268652800" total="1073741824" percent="25">
    <mem type="nursery" free="108450992" total="268435456" percent="40">
      <mem type="allocate" free="108450992" total="184090624" percent="58" />
      <mem type="survivor" free="0" total="84344832" percent="0" />
    </mem>
    <mem type="tenure" free="160201808" total="805306368" percent="19" macro-fragmented="39939376">
      <mem type="soa" free="136042576" total="781147136" percent="17" />
      <mem type="loa" free="24159232" total="24159232" percent="100" />
    </mem>
    <remembered-set count="101" />
  </mem-info>
</gc-end>
<cycle-end id="1030" type="scavenge" contextid="1024" timestamp="2022-02-08T16:13:26.504" />
<allocation-satisfied id="1031" threadId="0000000000016F00" bytesRequested="200" />
<af-end id="1032" timestamp="2022-02-08T16:13:26.504" threadId="0000000000017908" success="true" from="nursery"/>
<exclusive-end id="1033" timestamp="2022-02-08T16:13:26.504" durationms="99.726" />

<concurrent-kickoff id="1034" timestamp="2022-02-08T16:13:27.492">
  <kickoff reason="threshold reached" targetBytes="79895316" thresholdFreeBytes="6655584"  remainingFree="6542512" tenureFreeBytes="160201808" nurseryFreeBytes="6542512" />
</concurrent-kickoff>
<exclusive-start id="1035" timestamp="2022-02-08T16:13:27.495" intervalms="1091.138">
  <response-info timems="0.023" idlems="0.023" threads="0" lastid="0000000000016F00" lastname="main" />
</exclusive-start>
<cycle-start id="1036" type="global" contextid="0" timestamp="2022-02-08T16:13:27.495" intervalms="3132.771" />
<concurrent-start id="1037" type="global mark" contextid="1036" timestamp="2022-02-08T16:13:27.495">
</concurrent-start>
<exclusive-end id="1038" timestamp="2022-02-08T16:13:27.495" durationms="0.041" />

<exclusive-start id="1039" timestamp="2022-02-08T16:13:27.644" intervalms="149.329">
  <response-info timems="0.043" idlems="0.043" threads="0" lastid="0000000000016F00" lastname="main" />
</exclusive-start>
<af-start id="1040" threadId="0000000000017908" totalBytesRequested="184" timestamp="2022-02-08T16:13:27.645" intervalms="1240.467" type="nursery" />
<cycle-start id="1041" type="scavenge" contextid="0" timestamp="2022-02-08T16:13:27.645" intervalms="1240.466" />
<gc-start id="1042" type="scavenge" contextid="1041" timestamp="2022-02-08T16:13:27.645">
  <mem-info id="1043" free="160201808" total="1073741824" percent="14">
    <mem type="nursery" free="0" total="268435456" percent="0">
      <mem type="allocate" free="0" total="184090624" percent="0" />
      <mem type="survivor" free="0" total="84344832" percent="0" />
    </mem>
    <mem type="tenure" free="160201808" total="805306368" percent="19">
      <mem type="soa" free="136042576" total="781147136" percent="17" />
      <mem type="loa" free="24159232" total="24159232" percent="100" />
    </mem>
    <remembered-set count="132" />
  </mem-info>
</gc-start>
<allocation-stats totalBytes="108404040" >
  <allocated-bytes non-tlh="2938448" tlh="105465592" />
  <largest-consumer threadName="main" threadId="0000000000016F00" bytes="108404040" />
</allocation-stats>
<gc-op id="1044" type="scavenge" timems="82.128" contextid="1041" timestamp="2022-02-08T16:13:27.727">
  <scavenger-info tenureage="1" tenuremask="7ffe" tiltratio="68" />
  <memory-copied type="nursery" objects="1462257" bytes="76247968" bytesdiscarded="112784" />
  <memory-copied type="tenure" objects="1317588" bytes="75520096" bytesdiscarded="41368" />
  <finalization candidates="110" enqueued="53" />
  <references type="soft" candidates="14" cleared="0" enqueued="0" dynamicThreshold="12" maxThreshold="32" />
  <references type="weak" candidates="1" cleared="0" enqueued="0" />
  <references type="phantom" candidates="95" cleared="7" enqueued="7" />
  <object-monitors candidates="2" cleared="0"  />
</gc-op>
<gc-end id="1045" type="scavenge" contextid="1041" durationms="82.571" usertimems="313.645" systemtimems="0.000" stalltimems="2.319" timestamp="2022-02-08T16:13:27.727" activeThreads="4">
  <mem-info id="1046" free="192603104" total="1073741824" percent="17">
    <mem type="nursery" free="107991888" total="268435456" percent="40">
      <mem type="allocate" free="107991888" total="184352768" percent="58" />
      <mem type="survivor" free="0" total="84082688" percent="0" />
    </mem>
    <mem type="tenure" free="84611216" total="805306368" percent="10" macro-fragmented="47927252">
      <mem type="soa" free="60451984" total="781147136" percent="7" />
      <mem type="loa" free="24159232" total="24159232" percent="100" />
    </mem>
    <pending-finalizers system="52" default="1" reference="7" classloader="0" />
    <remembered-set count="127" />
  </mem-info>
</gc-end>
<cycle-end id="1047" type="scavenge" contextid="1041" timestamp="2022-02-08T16:13:27.727" />
<allocation-satisfied id="1048" threadId="0000000000016F00" bytesRequested="184" />
<af-end id="1049" timestamp="2022-02-08T16:13:27.727" threadId="0000000000017908" success="true" from="nursery"/>
<exclusive-end id="1050" timestamp="2022-02-08T16:13:27.727" durationms="82.885" />

<concurrent-end id="1051" type="global mark" contextid="1036" timestamp="2022-02-08T16:13:27.831">
<gc-op id="1052" type="trace" timems="335.853" contextid="1036" timestamp="2022-02-08T16:13:27.831">
  <trace bytesTraced="74427712" workStackOverflowCount="0" />
  <card-cleaning reason="card cleaning threshold reached" bytesTraced="808" cardsCleaned="2" />
</gc-op>
</concurrent-end>

<exclusive-start id="1053" timestamp="2022-02-08T16:13:27.831" intervalms="186.616">
  <response-info timems="0.019" idlems="0.019" threads="0" lastid="0000000000016F00" lastname="main" />
</exclusive-start>
<concurrent-global-final id="1054" timestamp="2022-02-08T16:13:27.831" contextid="1036" intervalms="3100.499" >
  <concurrent-trace-info reason="card cleaning threshold reached" tracedByMutators="57768564" tracedByHelpers="16659956" cardsCleaned="2" workStackOverflowCount="0" />
</concurrent-global-final>
<gc-start id="1055" type="global" contextid="1036" timestamp="2022-02-08T16:13:27.831">
  <mem-info id="1056" free="185549608" total="1073741824" percent="17">
    <mem type="nursery" free="100938392" total="268435456" percent="37">
      <mem type="allocate" free="100938392" total="184352768" percent="54" />
      <mem type="survivor" free="0" total="84082688" percent="0" />
    </mem>
    <mem type="tenure" free="84611216" total="805306368" percent="10">
      <mem type="soa" free="60451984" total="781147136" percent="7" />
      <mem type="loa" free="24159232" total="24159232" percent="100" />
    </mem>
    <remembered-set count="128" />
  </mem-info>
</gc-start>
<allocation-stats totalBytes="7050200" >
  <allocated-bytes non-tlh="184" tlh="7050016" />
  <largest-consumer threadName="main" threadId="0000000000016F00" bytes="7042008" />
</allocation-stats>
<heap-resize id="1057" type="loa contract" space="tenure" amount="8052736" count="1" timems="0.000" reason="contract underutilized loa" timestamp="2022-02-08T16:13:27.831" />
<gc-op id="1058" type="rs-scan" timems="137.845" contextid="1036" timestamp="2022-02-08T16:13:27.969">
  <scan objectsFound="3324743" bytesTraced="71013004" workStackOverflowCount="0" />
</gc-op>
<gc-op id="1059" type="card-cleaning" timems="0.796" contextid="1036" timestamp="2022-02-08T16:13:27.970">
  <card-cleaning cardsCleaned="4" bytesTraced="1652" workStackOverflowCount="0" />
</gc-op>
<gc-op id="1060" type="mark" timems="31.624" contextid="1036" timestamp="2022-02-08T16:13:28.002">
  <trace-info objectcount="1209970" scancount="909003" scanbytes="19459816" />
  <finalization candidates="428" enqueued="57" />
  <ownableSynchronizers candidates="1" cleared="0" />
  <references type="soft" candidates="894" cleared="0" enqueued="0" dynamicThreshold="12" maxThreshold="32" />
  <references type="weak" candidates="1701" cleared="0" enqueued="0" />
  <references type="phantom" candidates="52" cleared="2" enqueued="2" />
  <stringconstants candidates="6471" cleared="0"  />
  <object-monitors candidates="2" cleared="0"  />
</gc-op>
<gc-op id="1061" type="sweep" timems="13.584" contextid="1036" timestamp="2022-02-08T16:13:28.015" />
<gc-end id="1062" type="global" contextid="1036" durationms="184.352" usertimems="194.780" systemtimems="0.000" stalltimems="111.739" timestamp="2022-02-08T16:13:28.016" activeThreads="4">
  <mem-info id="1063" free="429224144" total="1073741824" percent="39">
    <mem type="nursery" free="101619232" total="268435456" percent="37">
      <mem type="allocate" free="101619232" total="184352768" percent="55" />
      <mem type="survivor" free="0" total="84082688" percent="0" />
    </mem>
    <mem type="tenure" free="327604912" total="805306368" percent="40" micro-fragmented="269171" macro-fragmented="0">
      <mem type="soa" free="311498416" total="789199872" percent="39" />
      <mem type="loa" free="16106496" total="16106496" percent="100" />
    </mem>
    <pending-finalizers system="57" default="0" reference="2" classloader="0" />
    <remembered-set count="110" />
  </mem-info>
</gc-end>
<cycle-end id="1064" type="global" contextid="1036" timestamp="2022-02-08T16:13:28.016" />
<exclusive-end id="1065" timestamp="2022-02-08T16:13:28.016" durationms="184.581" />

<exclusive-start id="1066" timestamp="2022-02-08T16:13:28.746" intervalms="914.941">
  <response-info timems="0.019" idlems="0.019" threads="0" lastid="0000000000016F00" lastname="main" />
</exclusive-start>
<af-start id="1067" threadId="0000000000017908" totalBytesRequested="184" timestamp="2022-02-08T16:13:28.746" intervalms="1101.563" type="nursery" />
<cycle-start id="1068" type="scavenge" contextid="0" timestamp="2022-02-08T16:13:28.746" intervalms="1101.562" />
<gc-start id="1069" type="scavenge" contextid="1068" timestamp="2022-02-08T16:13:28.746">
  <mem-info id="1070" free="327604912" total="1073741824" percent="30">
    <mem type="nursery" free="0" total="268435456" percent="0">
      <mem type="allocate" free="0" total="184352768" percent="0" />
      <mem type="survivor" free="0" total="84082688" percent="0" />
    </mem>
    <mem type="tenure" free="327604912" total="805306368" percent="40">
      <mem type="soa" free="311498416" total="789199872" percent="39" />
      <mem type="loa" free="16106496" total="16106496" percent="100" />
    </mem>
    <remembered-set count="111" />
  </mem-info>
</gc-start>
<allocation-stats totalBytes="101569984" >
  <allocated-bytes non-tlh="0" tlh="101569984" />
  <largest-consumer threadName="main" threadId="0000000000016F00" bytes="101565888" />
</allocation-stats>
<gc-op id="1071" type="scavenge" timems="95.482" contextid="1068" timestamp="2022-02-08T16:13:28.842">
  <scavenger-info tenureage="1" tenuremask="7ffe" tiltratio="68" />
  <memory-copied type="nursery" objects="1403527" bytes="77286280" bytesdiscarded="236704" />
  <memory-copied type="tenure" objects="1461541" bytes="75779928" bytesdiscarded="39464" />
  <finalization candidates="57" enqueued="0" />
  <ownableSynchronizers candidates="2" cleared="2" />
  <object-monitors candidates="2" cleared="0"  />
</gc-op>
<gc-end id="1072" type="scavenge" contextid="1068" durationms="95.844" usertimems="353.922" systemtimems="11.207" stalltimems="3.258" timestamp="2022-02-08T16:13:28.842" activeThreads="4">
  <mem-info id="1073" free="358095672" total="1073741824" percent="33">
    <mem type="nursery" free="106371032" total="268435456" percent="39">
      <mem type="allocate" free="106371032" total="183894016" percent="57" />
      <mem type="survivor" free="0" total="84541440" percent="0" />
    </mem>
    <mem type="tenure" free="251724640" total="805306368" percent="31" macro-fragmented="0">
      <mem type="soa" free="235618144" total="789199872" percent="29" />
      <mem type="loa" free="16106496" total="16106496" percent="100" />
    </mem>
    <remembered-set count="101" />
  </mem-info>
</gc-end>
<cycle-end id="1074" type="scavenge" contextid="1068" timestamp="2022-02-08T16:13:28.842" />
<allocation-satisfied id="1075" threadId="0000000000016F00" bytesRequested="184" />
<af-end id="1076" timestamp="2022-02-08T16:13:28.842" threadId="0000000000017908" success="true" from="nursery"/>
<exclusive-end id="1077" timestamp="2022-02-08T16:13:28.842" durationms="96.100" />

<exclusive-start id="1078" timestamp="2022-02-08T16:13:29.528" intervalms="782.167">
  <response-info timems="0.018" idlems="0.018" threads="0" lastid="0000000000016F00" lastname="main" />
</exclusive-start>
<af-start id="1079" threadId="0000000000017908" totalBytesRequested="104" timestamp="2022-02-08T16:13:29.528" intervalms="782.396" type="nursery" />
<cycle-start id="1080" type="scavenge" contextid="0" timestamp="2022-02-08T16:13:29.529" intervalms="782.455" />
<gc-start id="1081" type="scavenge" contextid="1080" timestamp="2022-02-08T16:13:29.529">
  <mem-info id="1082" free="251724640" total="1073741824" percent="23">
    <mem type="nursery" free="0" total="268435456" percent="0">
      <mem type="allocate" free="0" total="183894016" percent="0" />
      <mem type="survivor" free="0" total="84541440" percent="0" />
    </mem>
    <mem type="tenure" free="251724640" total="805306368" percent="31">
      <mem type="soa" free="235618144" total="789199872" percent="29" />
      <mem type="loa" free="16106496" total="16106496" percent="100" />
    </mem>
    <remembered-set count="101" />
  </mem-info>
</gc-start>
<allocation-stats totalBytes="106322120" >
  <allocated-bytes non-tlh="184" tlh="106321936" />
  <largest-consumer threadName="main" threadId="0000000000016F00" bytes="106322120" />
</allocation-stats>
<gc-op id="1083" type="scavenge" timems="83.908" contextid="1080" timestamp="2022-02-08T16:13:29.613">
  <scavenger-info tenureage="1" tenuremask="7ffe" tiltratio="68" />
  <memory-copied type="nursery" objects="1328520" bytes="75594096" bytesdiscarded="130592" />
  <memory-copied type="tenure" objects="1403526" bytes="77286176" bytesdiscarded="39128" />
  <object-monitors candidates="2" cleared="0"  />
</gc-op>
<gc-end id="1084" type="scavenge" contextid="1080" durationms="84.427" usertimems="331.540" systemtimems="0.000" stalltimems="3.315" timestamp="2022-02-08T16:13:29.613" activeThreads="4">
  <mem-info id="1085" free="282535792" total="1073741824" percent="26">
    <mem type="nursery" free="108365936" total="268435456" percent="40">
      <mem type="allocate" free="108365936" total="184090624" percent="58" />
      <mem type="survivor" free="0" total="84344832" percent="0" />
    </mem>
    <mem type="tenure" free="174169856" total="805306368" percent="21" macro-fragmented="0">
      <mem type="soa" free="158063360" total="789199872" percent="20" />
      <mem type="loa" free="16106496" total="16106496" percent="100" />
    </mem>
    <remembered-set count="101" />
  </mem-info>
</gc-end>
<cycle-end id="1086" type="scavenge" contextid="1080" timestamp="2022-02-08T16:13:29.613" />
<allocation-satisfied id="1087" threadId="0000000000016F00" bytesRequested="104" />
<af-end id="1088" timestamp="2022-02-08T16:13:29.613" threadId="0000000000017908" success="true" from="nursery"/>
<exclusive-end id="1089" timestamp="2022-02-08T16:13:29.613" durationms="85.075" />

<exclusive-start id="1090" timestamp="2022-02-08T16:13:30.542" intervalms="1014.196">
  <response-info timems="0.022" idlems="0.022" threads="0" lastid="0000000000016F00" lastname="main" />
</exclusive-start>
<af-start id="1091" threadId="0000000000017908" totalBytesRequested="24" timestamp="2022-02-08T16:13:30.542" intervalms="1013.963" type="nursery" />
<cycle-start id="1092" type="scavenge" contextid="0" timestamp="2022-02-08T16:13:30.542" intervalms="1013.905" />
<gc-start id="1093" type="scavenge" contextid="1092" timestamp="2022-02-08T16:13:30.543">
  <mem-info id="1094" free="174169856" total="1073741824" percent="16">
    <mem type="nursery" free="0" total="268435456" percent="0">
      <mem type="allocate" free="0" total="184090624" percent="0" />
      <mem type="survivor" free="0" total="84344832" percent="0" />
    </mem>
    <mem type="tenure" free="174169856" total="805306368" percent="21">
      <mem type="soa" free="158063360" total="789199872" percent="20" />
      <mem type="loa" free="16106496" total="16106496" percent="100" />
    </mem>
    <remembered-set count="131" />
  </mem-info>
</gc-start>
<allocation-stats totalBytes="108317200" >
  <allocated-bytes non-tlh="2841552" tlh="105475648" />
  <largest-consumer threadName="main" threadId="0000000000016F00" bytes="108317200" />
</allocation-stats>
<gc-op id="1095" type="scavenge" timems="87.701" contextid="1092" timestamp="2022-02-08T16:13:30.630">
  <scavenger-info tenureage="1" tenuremask="7ffe" tiltratio="68" />
  <memory-copied type="nursery" objects="1443373" bytes="76115592" bytesdiscarded="46416" />
  <memory-copied type="tenure" objects="1328520" bytes="75594096" bytesdiscarded="38264" />
  <finalization candidates="110" enqueued="53" />
  <references type="soft" candidates="14" cleared="0" enqueued="0" dynamicThreshold="13" maxThreshold="32" />
  <references type="weak" candidates="1" cleared="0" enqueued="0" />
  <references type="phantom" candidates="95" cleared="7" enqueued="7" />
  <object-monitors candidates="2" cleared="0"  />
</gc-op>
<gc-end id="1096" type="scavenge" contextid="1092" durationms="88.054" usertimems="346.213" systemtimems="0.391" stalltimems="2.852" timestamp="2022-02-08T16:13:30.631" activeThreads="4">
  <mem-info id="1097" free="206897384" total="1073741824" percent="19">
    <mem type="nursery" free="108256168" total="268435456" percent="40">
      <mem type="allocate" free="108256168" total="184418304" percent="58" />
      <mem type="survivor" free="0" total="84017152" percent="0" />
    </mem>
    <mem type="tenure" free="98641216" total="805306368" percent="12" macro-fragmented="39939376">
      <mem type="soa" free="82534720" total="789199872" percent="10" />
      <mem type="loa" free="16106496" total="16106496" percent="100" />
    </mem>
    <pending-finalizers system="52" default="1" reference="7" classloader="0" />
    <remembered-set count="126" />
  </mem-info>
</gc-end>
<cycle-end id="1098" type="scavenge" contextid="1092" timestamp="2022-02-08T16:13:30.631" />
<allocation-satisfied id="1099" threadId="0000000000016F00" bytesRequested="24" />
<af-end id="1100" timestamp="2022-02-08T16:13:30.631" threadId="0000000000017908" success="true" from="nursery"/>
<exclusive-end id="1101" timestamp="2022-02-08T16:13:30.631" durationms="88.315" />

<concurrent-kickoff id="1102" timestamp="2022-02-08T16:13:31.382">
  <kickoff reason="threshold reached" targetBytes="78797454" thresholdFreeBytes="6474650"  remainingFree="6347688" tenureFreeBytes="98641216" nurseryFreeBytes="6347688" />
</concurrent-kickoff>
<exclusive-start id="1103" timestamp="2022-02-08T16:13:31.385" intervalms="842.639">
  <response-info timems="0.036" idlems="0.036" threads="0" lastid="0000000000016F00" lastname="main" />
</exclusive-start>
<cycle-start id="1104" type="global" contextid="0" timestamp="2022-02-08T16:13:31.385" intervalms="3889.878" />
<concurrent-start id="1105" type="global mark" contextid="1104" timestamp="2022-02-08T16:13:31.385">
</concurrent-start>
<exclusive-end id="1106" timestamp="2022-02-08T16:13:31.385" durationms="0.031" />

<exclusive-start id="1107" timestamp="2022-02-08T16:13:31.537" intervalms="151.510">
  <response-info timems="0.045" idlems="0.045" threads="0" lastid="0000000000016F00" lastname="main" />
</exclusive-start>
<af-start id="1108" threadId="0000000000017908" totalBytesRequested="24" timestamp="2022-02-08T16:13:31.537" intervalms="994.159" type="nursery" />
<cycle-start id="1109" type="scavenge" contextid="0" timestamp="2022-02-08T16:13:31.537" intervalms="994.165" />
<gc-start id="1110" type="scavenge" contextid="1109" timestamp="2022-02-08T16:13:31.537">
  <mem-info id="1111" free="98641216" total="1073741824" percent="9">
    <mem type="nursery" free="0" total="268435456" percent="0">
      <mem type="allocate" free="0" total="184418304" percent="0" />
      <mem type="survivor" free="0" total="84017152" percent="0" />
    </mem>
    <mem type="tenure" free="98641216" total="805306368" percent="12">
      <mem type="soa" free="82534720" total="789199872" percent="10" />
      <mem type="loa" free="16106496" total="16106496" percent="100" />
    </mem>
    <remembered-set count="127" />
  </mem-info>
</gc-start>
<allocation-stats totalBytes="108206552" >
  <allocated-bytes non-tlh="24" tlh="108206528" />
  <largest-consumer threadName="main" threadId="0000000000016F00" bytes="108198360" />
</allocation-stats>
<gc-op id="1112" type="scavenge" timems="96.394" contextid="1109" timestamp="2022-02-08T16:13:31.633">
  <scavenger-info tenureage="1" tenuremask="7ffe" tiltratio="68" />
  <memory-copied type="nursery" objects="1403639" bytes="77122712" bytesdiscarded="254824" />
  <memory-copied type="tenure" objects="1442662" bytes="75647736" bytesdiscarded="35504" />
  <finalization candidates="57" enqueued="0" />
  <object-monitors candidates="2" cleared="0"  />
</gc-op>
<gc-end id="1113" type="scavenge" contextid="1109" durationms="96.839" usertimems="374.642" systemtimems="7.098" stalltimems="3.054" timestamp="2022-02-08T16:13:31.634" activeThreads="4">
  <mem-info id="1114" free="129789864" total="1073741824" percent="12">
    <mem type="nursery" free="106713088" total="268435456" percent="39">
      <mem type="allocate" free="106713088" total="184090624" percent="57" />
      <mem type="survivor" free="0" total="84344832" percent="0" />
    </mem>
    <mem type="tenure" free="23076776" total="805306368" percent="2" macro-fragmented="0">
      <mem type="soa" free="6970280" total="789199872" percent="0" />
      <mem type="loa" free="16106496" total="16106496" percent="100" />
    </mem>
    <remembered-set count="99" />
  </mem-info>
</gc-end>
<cycle-end id="1115" type="scavenge" contextid="1109" timestamp="2022-02-08T16:13:31.634" />
<allocation-satisfied id="1116" threadId="0000000000016F00" bytesRequested="24" />
<af-end id="1117" timestamp="2022-02-08T16:13:31.634" threadId="0000000000017908" success="true" from="nursery"/>
<exclusive-end id="1118" timestamp="2022-02-08T16:13:31.634" durationms="97.202" />

<concurrent-end id="1119" type="global mark" contextid="1104" timestamp="2022-02-08T16:13:31.747">
<gc-op id="1120" type="trace" timems="361.439" contextid="1104" timestamp="2022-02-08T16:13:31.747">
  <trace bytesTraced="74427856" workStackOverflowCount="0" />
  <card-cleaning reason="card cleaning threshold reached" bytesTraced="808" cardsCleaned="2" />
</gc-op>
</concurrent-end>

<exclusive-start id="1121" timestamp="2022-02-08T16:13:31.747" intervalms="210.008">
  <response-info timems="0.021" idlems="0.021" threads="0" lastid="0000000000016F00" lastname="main" />
</exclusive-start>
<concurrent-global-final id="1122" timestamp="2022-02-08T16:13:31.747" contextid="1104" intervalms="3915.505" >
  <concurrent-trace-info reason="card cleaning threshold reached" tracedByMutators="57946300" tracedByHelpers="16482364" cardsCleaned="2" workStackOverflowCount="0" />
</concurrent-global-final>
<gc-start id="1123" type="global" contextid="1104" timestamp="2022-02-08T16:13:31.747">
  <mem-info id="1124" free="123269008" total="1073741824" percent="11">
    <mem type="nursery" free="100192232" total="268435456" percent="37">
      <mem type="allocate" free="100192232" total="184090624" percent="54" />
      <mem type="survivor" free="0" total="84344832" percent="0" />
    </mem>
    <mem type="tenure" free="23076776" total="805306368" percent="2">
      <mem type="soa" free="6970280" total="789199872" percent="0" />
      <mem type="loa" free="16106496" total="16106496" percent="100" />
    </mem>
    <remembered-set count="99" />
  </mem-info>
</gc-start>
<allocation-stats totalBytes="6517544" >
  <allocated-bytes non-tlh="24" tlh="6517520" />
  <largest-consumer threadName="main" threadId="0000000000016F00" bytes="6517544" />
</allocation-stats>
<heap-resize id="1125" type="loa contract" space="tenure" amount="8052736" count="1" timems="0.000" reason="contract underutilized loa" timestamp="2022-02-08T16:13:31.747" />
<gc-op id="1126" type="rs-scan" timems="0.699" contextid="1104" timestamp="2022-02-08T16:13:31.747">
  <scan objectsFound="0" bytesTraced="3692" workStackOverflowCount="0" />
</gc-op>
<gc-op id="1127" type="card-cleaning" timems="153.418" contextid="1104" timestamp="2022-02-08T16:13:31.901">
  <card-cleaning cardsCleaned="10" bytesTraced="71011940" workStackOverflowCount="0" />
</gc-op>
<gc-op id="1128" type="mark" timems="66.941" contextid="1104" timestamp="2022-02-08T16:13:31.968">
  <trace-info objectcount="2350470" scancount="1764380" scanbytes="37707816" />
  <finalization candidates="428" enqueued="57" />
  <ownableSynchronizers candidates="1" cleared="0" />
  <references type="soft" candidates="894" cleared="0" enqueued="0" dynamicThreshold="13" maxThreshold="32" />
  <references type="weak" candidates="1701" cleared="0" enqueued="0" />
  <references type="phantom" candidates="52" cleared="2" enqueued="2" />
  <stringconstants candidates="6471" cleared="0"  />
  <object-monitors candidates="2" cleared="0"  />
</gc-op>
<gc-op id="1129" type="sweep" timems="5.672" contextid="1104" timestamp="2022-02-08T16:13:31.974" />
<gc-end id="1130" type="global" contextid="1104" durationms="227.121" usertimems="243.147" systemtimems="0.756" stalltimems="201.062" timestamp="2022-02-08T16:13:31.974" activeThreads="4">
  <mem-info id="1131" free="366424456" total="1073741824" percent="34">
    <mem type="nursery" free="100543736" total="268435456" percent="37">
      <mem type="allocate" free="100543736" total="184090624" percent="54" />
      <mem type="survivor" free="0" total="84344832" percent="0" />
    </mem>
    <mem type="tenure" free="265880720" total="805306368" percent="33" micro-fragmented="243635" macro-fragmented="0">
      <mem type="soa" free="257826960" total="797252608" percent="32" />
      <mem type="loa" free="8053760" total="8053760" percent="100" />
    </mem>
    <pending-finalizers system="57" default="0" reference="2" classloader="0" />
    <remembered-set count="99" />
  </mem-info>
</gc-end>
<cycle-end id="1132" type="global" contextid="1104" timestamp="2022-02-08T16:13:31.974" />
<exclusive-end id="1133" timestamp="2022-02-08T16:13:31.974" durationms="227.388" />

<exclusive-start id="1134" timestamp="2022-02-08T16:13:32.610" intervalms="863.508">
  <response-info timems="0.019" idlems="0.019" threads="0" lastid="0000000000016F00" lastname="main" />
</exclusive-start>
<af-start id="1135" threadId="0000000000017908" totalBytesRequested="184" timestamp="2022-02-08T16:13:32.610" intervalms="1073.503" type="nursery" />
<cycle-start id="1136" type="scavenge" contextid="0" timestamp="2022-02-08T16:13:32.610" intervalms="1073.495" />
<gc-start id="1137" type="scavenge" contextid="1136" timestamp="2022-02-08T16:13:32.610">
  <mem-info id="1138" free="265880720" total="1073741824" percent="24">
    <mem type="nursery" free="0" total="268435456" percent="0">
      <mem type="allocate" free="0" total="184090624" percent="0" />
      <mem type="survivor" free="0" total="84344832" percent="0" />
    </mem>
    <mem type="tenure" free="265880720" total="805306368" percent="33">
      <mem type="soa" free="257826960" total="797252608" percent="32" />
      <mem type="loa" free="8053760" total="8053760" percent="100" />
    </mem>
    <remembered-set count="102" />
  </mem-info>
</gc-start>
<allocation-stats totalBytes="100497192" >
  <allocated-bytes non-tlh="0" tlh="100497192" />
  <largest-consumer threadName="main" threadId="0000000000016F00" bytes="100493096" />
</allocation-stats>
<gc-op id="1139" type="scavenge" timems="88.088" contextid="1136" timestamp="2022-02-08T16:13:32.698">
  <scavenger-info tenureage="1" tenuremask="7ffe" tiltratio="68" />
  <memory-copied type="nursery" objects="1338322" bytes="75969360" bytesdiscarded="136688" />
  <memory-copied type="tenure" objects="1403639" bytes="77122712" bytesdiscarded="42232" />
  <ownableSynchronizers candidates="2" cleared="2" />
  <object-monitors candidates="2" cleared="0"  />
</gc-op>
<gc-end id="1140" type="scavenge" contextid="1136" durationms="88.486" usertimems="348.409" systemtimems="0.063" stalltimems="3.006" timestamp="2022-02-08T16:13:32.699" activeThreads="4">
  <mem-info id="1141" free="296749088" total="1073741824" percent="27">
    <mem type="nursery" free="108181184" total="268435456" percent="40">
      <mem type="allocate" free="108181184" total="184287232" percent="58" />
      <mem type="survivor" free="0" total="84148224" percent="0" />
    </mem>
    <mem type="tenure" free="188567904" total="805306368" percent="23" macro-fragmented="0">
      <mem type="soa" free="180514144" total="797252608" percent="22" />
      <mem type="loa" free="8053760" total="8053760" percent="100" />
    </mem>
    <remembered-set count="101" />
  </mem-info>
</gc-end>
<cycle-end id="1142" type="scavenge" contextid="1136" timestamp="2022-02-08T16:13:32.699" />
<allocation-satisfied id="1143" threadId="0000000000016F00" bytesRequested="184" />
<af-end id="1144" timestamp="2022-02-08T16:13:32.699" threadId="0000000000017908" success="true" from="nursery"/>
<exclusive-end id="1145" timestamp="2022-02-08T16:13:32.699" durationms="88.780" />

<exclusive-start id="1146" timestamp="2022-02-08T16:13:33.672" intervalms="1062.377">
  <response-info timems="0.026" idlems="0.026" threads="0" lastid="0000000000016F00" lastname="main" />
</exclusive-start>
<af-start id="1147" threadId="0000000000017908" totalBytesRequested="16" timestamp="2022-02-08T16:13:33.673" intervalms="1062.377" type="nursery" />
<cycle-start id="1148" type="scavenge" contextid="0" timestamp="2022-02-08T16:13:33.673" intervalms="1062.426" />
<gc-start id="1149" type="scavenge" contextid="1148" timestamp="2022-02-08T16:13:33.673">
  <mem-info id="1150" free="188567904" total="1073741824" percent="17">
    <mem type="nursery" free="0" total="268435456" percent="0">
      <mem type="allocate" free="0" total="184287232" percent="0" />
      <mem type="survivor" free="0" total="84148224" percent="0" />
    </mem>
    <mem type="tenure" free="188567904" total="805306368" percent="23">
      <mem type="soa" free="180514144" total="797252608" percent="22" />
      <mem type="loa" free="8053760" total="8053760" percent="100" />
    </mem>
    <remembered-set count="132" />
  </mem-info>
</gc-start>
<allocation-stats totalBytes="108134432" >
  <allocated-bytes non-tlh="1590752" tlh="106543680" />
  <largest-consumer threadName="main" threadId="0000000000016F00" bytes="108134432" />
</allocation-stats>
<gc-op id="1151" type="scavenge" timems="79.758" contextid="1148" timestamp="2022-02-08T16:13:33.752">
  <scavenger-info tenureage="1" tenuremask="7ffe" tiltratio="68" />
  <memory-copied type="nursery" objects="1461674" bytes="76100664" bytesdiscarded="140800" />
  <memory-copied type="tenure" objects="1338321" bytes="75969256" bytesdiscarded="37920" />
  <finalization candidates="109" enqueued="53" />
  <references type="soft" candidates="14" cleared="0" enqueued="0" dynamicThreshold="10" maxThreshold="32" />
  <references type="weak" candidates="1" cleared="0" enqueued="0" />
  <references type="phantom" candidates="94" cleared="7" enqueued="7" />
  <object-monitors candidates="2" cleared="0"  />
</gc-op>
<gc-end id="1152" type="scavenge" contextid="1148" durationms="80.400" usertimems="314.615" systemtimems="0.000" stalltimems="3.978" timestamp="2022-02-08T16:13:33.753" activeThreads="4">
  <mem-info id="1153" free="221059496" total="1073741824" percent="20">
    <mem type="nursery" free="108438856" total="268435456" percent="40">
      <mem type="allocate" free="108438856" total="184680448" percent="58" />
      <mem type="survivor" free="0" total="83755008" percent="0" />
    </mem>
    <mem type="tenure" free="112620640" total="805306368" percent="13" macro-fragmented="0">
      <mem type="soa" free="104566880" total="797252608" percent="13" />
      <mem type="loa" free="8053760" total="8053760" percent="100" />
    </mem>
    <pending-finalizers system="52" default="1" reference="7" classloader="0" />
    <remembered-set count="129" />
  </mem-info>
</gc-end>
<cycle-end id="1154" type="scavenge" contextid="1148" timestamp="2022-02-08T16:13:33.753" />
<allocation-satisfied id="1155" threadId="0000000000016F00" bytesRequested="16" />
<af-end id="1156" timestamp="2022-02-08T16:13:33.753" threadId="0000000000017908" success="true" from="nursery"/>
<exclusive-end id="1157" timestamp="2022-02-08T16:13:33.753" durationms="80.779" />

<concurrent-kickoff id="1158" timestamp="2022-02-08T16:13:34.464">
  <kickoff reason="threshold reached" targetBytes="77920543" thresholdFreeBytes="6343759"  remainingFree="6321368" tenureFreeBytes="112620640" nurseryFreeBytes="6321368" />
</concurrent-kickoff>
<exclusive-start id="1159" timestamp="2022-02-08T16:13:34.469" intervalms="796.827">
  <response-info timems="0.042" idlems="0.042" threads="0" lastid="0000000000016F00" lastname="main" />
</exclusive-start>
<cycle-start id="1160" type="global" contextid="0" timestamp="2022-02-08T16:13:34.469" intervalms="3084.235" />
<concurrent-start id="1161" type="global mark" contextid="1160" timestamp="2022-02-08T16:13:34.469">
</concurrent-start>
<exclusive-end id="1162" timestamp="2022-02-08T16:13:34.469" durationms="0.037" />

<exclusive-start id="1163" timestamp="2022-02-08T16:13:34.612" intervalms="143.120">
  <response-info timems="0.018" idlems="0.018" threads="0" lastid="0000000000016F00" lastname="main" />
</exclusive-start>
<af-start id="1164" threadId="0000000000017908" totalBytesRequested="120" timestamp="2022-02-08T16:13:34.613" intervalms="940.203" type="nursery" />
<cycle-start id="1165" type="scavenge" contextid="0" timestamp="2022-02-08T16:13:34.613" intervalms="940.217" />
<gc-start id="1166" type="scavenge" contextid="1165" timestamp="2022-02-08T16:13:34.613">
  <mem-info id="1167" free="112620640" total="1073741824" percent="10">
    <mem type="nursery" free="0" total="268435456" percent="0">
      <mem type="allocate" free="0" total="184680448" percent="0" />
      <mem type="survivor" free="0" total="83755008" percent="0" />
    </mem>
    <mem type="tenure" free="112620640" total="805306368" percent="13">
      <mem type="soa" free="104566880" total="797252608" percent="13" />
      <mem type="loa" free="8053760" total="8053760" percent="100" />
    </mem>
    <remembered-set count="130" />
  </mem-info>
</gc-start>
<allocation-stats totalBytes="108389584" >
  <allocated-bytes non-tlh="1347696" tlh="107041888" />
  <largest-consumer threadName="main" threadId="0000000000016F00" bytes="108381392" />
</allocation-stats>
<gc-op id="1168" type="scavenge" timems="84.129" contextid="1165" timestamp="2022-02-08T16:13:34.697">
  <scavenger-info tenureage="1" tenuremask="7ffe" tiltratio="68" />
  <memory-copied type="nursery" objects="1378546" bytes="77602384" bytesdiscarded="134424" />
  <memory-copied type="tenure" objects="1460955" bytes="75157496" bytesdiscarded="41608" />
  <finalization candidates="57" enqueued="0" />
  <references type="phantom" candidates="1" cleared="0" enqueued="0" />
  <object-monitors candidates="2" cleared="0"  />
</gc-op>
<gc-end id="1169" type="scavenge" contextid="1165" durationms="84.608" usertimems="332.864" systemtimems="0.000" stalltimems="2.927" timestamp="2022-02-08T16:13:34.697" activeThreads="4">
  <mem-info id="1170" free="142904776" total="1073741824" percent="13">
    <mem type="nursery" free="105567384" total="268435456" percent="39">
      <mem type="allocate" free="105567384" total="183304192" percent="57" />
      <mem type="survivor" free="0" total="85131264" percent="0" />
    </mem>
    <mem type="tenure" free="37337392" total="805306368" percent="4" macro-fragmented="0">
      <mem type="soa" free="29283632" total="797252608" percent="3" />
      <mem type="loa" free="8053760" total="8053760" percent="100" />
    </mem>
    <remembered-set count="98" />
  </mem-info>
</gc-end>
<cycle-end id="1171" type="scavenge" contextid="1165" timestamp="2022-02-08T16:13:34.698" />
<allocation-satisfied id="1172" threadId="0000000000016F00" bytesRequested="120" />
<af-end id="1173" timestamp="2022-02-08T16:13:34.698" threadId="0000000000017908" success="true" from="nursery"/>
<exclusive-end id="1174" timestamp="2022-02-08T16:13:34.698" durationms="85.320" />

<concurrent-end id="1175" type="global mark" contextid="1160" timestamp="2022-02-08T16:13:34.821">
<gc-op id="1176" type="trace" timems="351.661" contextid="1160" timestamp="2022-02-08T16:13:34.821">
  <trace bytesTraced="74428064" workStackOverflowCount="0" />
  <card-cleaning reason="card cleaning threshold reached" bytesTraced="808" cardsCleaned="2" />
</gc-op>
</concurrent-end>

<exclusive-start id="1177" timestamp="2022-02-08T16:13:34.821" intervalms="208.627">
  <response-info timems="0.024" idlems="0.024" threads="0" lastid="0000000000016F00" lastname="main" />
</exclusive-start>
<concurrent-global-final id="1178" timestamp="2022-02-08T16:13:34.821" contextid="1160" intervalms="3074.419" >
  <concurrent-trace-info reason="card cleaning threshold reached" tracedByMutators="58907928" tracedByHelpers="15520944" cardsCleaned="2" workStackOverflowCount="0" />
</concurrent-global-final>
<gc-start id="1179" type="global" contextid="1160" timestamp="2022-02-08T16:13:34.821">
  <mem-info id="1180" free="135335248" total="1073741824" percent="12">
    <mem type="nursery" free="97997856" total="268435456" percent="36">
      <mem type="allocate" free="97997856" total="183304192" percent="53" />
      <mem type="survivor" free="0" total="85131264" percent="0" />
    </mem>
    <mem type="tenure" free="37337392" total="805306368" percent="4">
      <mem type="soa" free="29283632" total="797252608" percent="3" />
      <mem type="loa" free="8053760" total="8053760" percent="100" />
    </mem>
    <remembered-set count="98" />
  </mem-info>
</gc-start>
<allocation-stats totalBytes="7565616" >
  <allocated-bytes non-tlh="120" tlh="7565496" />
  <largest-consumer threadName="main" threadId="0000000000016F00" bytes="7565616" />
</allocation-stats>
<gc-op id="1181" type="rs-scan" timems="0.682" contextid="1160" timestamp="2022-02-08T16:13:34.822">
  <scan objectsFound="29" bytesTraced="5124" workStackOverflowCount="0" />
</gc-op>
<gc-op id="1182" type="card-cleaning" timems="159.248" contextid="1160" timestamp="2022-02-08T16:13:34.981">
  <card-cleaning cardsCleaned="9" bytesTraced="71010180" workStackOverflowCount="0" />
</gc-op>
<gc-op id="1183" type="mark" timems="71.401" contextid="1160" timestamp="2022-02-08T16:13:35.053">
  <trace-info objectcount="2108667" scancount="1583028" scanbytes="33838952" />
  <finalization candidates="428" enqueued="57" />
  <ownableSynchronizers candidates="1" cleared="0" />
  <references type="soft" candidates="894" cleared="0" enqueued="0" dynamicThreshold="10" maxThreshold="32" />
  <references type="weak" candidates="1701" cleared="0" enqueued="0" />
  <references type="phantom" candidates="52" cleared="2" enqueued="2" />
  <stringconstants candidates="6471" cleared="0"  />
  <object-monitors candidates="2" cleared="0"  />
</gc-op>
<gc-op id="1184" type="sweep" timems="8.031" contextid="1160" timestamp="2022-02-08T16:13:35.061" />
<gc-end id="1185" type="global" contextid="1160" durationms="239.621" usertimems="255.019" systemtimems="0.000" stalltimems="214.958" timestamp="2022-02-08T16:13:35.061" activeThreads="4">
  <mem-info id="1186" free="378466432" total="1073741824" percent="35">
    <mem type="nursery" free="98228632" total="268435456" percent="36">
      <mem type="allocate" free="98228632" total="183304192" percent="53" />
      <mem type="survivor" free="0" total="85131264" percent="0" />
    </mem>
    <mem type="tenure" free="280237800" total="805306368" percent="34" micro-fragmented="343751" macro-fragmented="0">
      <mem type="soa" free="272184040" total="797252608" percent="34" />
      <mem type="loa" free="8053760" total="8053760" percent="100" />
    </mem>
    <pending-finalizers system="57" default="0" reference="2" classloader="0" />
    <remembered-set count="98" />
  </mem-info>
</gc-end>
<cycle-end id="1187" type="global" contextid="1160" timestamp="2022-02-08T16:13:35.061" />
<exclusive-end id="1188" timestamp="2022-02-08T16:13:35.061" durationms="239.829" />

<exclusive-start id="1189" timestamp="2022-02-08T16:13:35.707" intervalms="886.466">
  <response-info timems="0.023" idlems="0.023" threads="0" lastid="0000000000016F00" lastname="main" />
</exclusive-start>
<af-start id="1190" threadId="0000000000017908" totalBytesRequested="224" timestamp="2022-02-08T16:13:35.708" intervalms="1094.836" type="nursery" />
<cycle-start id="1191" type="scavenge" contextid="0" timestamp="2022-02-08T16:13:35.708" intervalms="1094.774" />
<gc-start id="1192" type="scavenge" contextid="1191" timestamp="2022-02-08T16:13:35.708">
  <mem-info id="1193" free="280237800" total="1073741824" percent="26">
    <mem type="nursery" free="0" total="268435456" percent="0">
      <mem type="allocate" free="0" total="183304192" percent="0" />
      <mem type="survivor" free="0" total="85131264" percent="0" />
    </mem>
    <mem type="tenure" free="280237800" total="805306368" percent="34">
      <mem type="soa" free="272184040" total="797252608" percent="34" />
      <mem type="loa" free="8053760" total="8053760" percent="100" />
    </mem>
    <remembered-set count="101" />
  </mem-info>
</gc-start>
<allocation-stats totalBytes="98184640" >
  <allocated-bytes non-tlh="0" tlh="98184640" />
  <largest-consumer threadName="main" threadId="0000000000016F00" bytes="98180544" />
</allocation-stats>
<gc-op id="1194" type="scavenge" timems="101.852" contextid="1191" timestamp="2022-02-08T16:13:35.809">
  <scavenger-info tenureage="1" tenuremask="7ffe" tiltratio="68" />
  <memory-copied type="nursery" objects="1326283" bytes="75096056" bytesdiscarded="237224" />
  <memory-copied type="tenure" objects="1378546" bytes="77602384" bytesdiscarded="40400" />
  <finalization candidates="1" enqueued="0" />
  <ownableSynchronizers candidates="2" cleared="2" />
  <object-monitors candidates="2" cleared="0"  />
</gc-op>
<gc-end id="1195" type="scavenge" contextid="1191" durationms="102.151" usertimems="373.746" systemtimems="5.010" stalltimems="2.127" timestamp="2022-02-08T16:13:35.810" activeThreads="4">
  <mem-info id="1196" free="310654320" total="1073741824" percent="28">
    <mem type="nursery" free="108233056" total="268435456" percent="40">
      <mem type="allocate" free="108233056" total="183566336" percent="58" />
      <mem type="survivor" free="0" total="84869120" percent="0" />
    </mem>
    <mem type="tenure" free="202421264" total="805306368" percent="25" macro-fragmented="602881">
      <mem type="soa" free="194367504" total="797252608" percent="24" />
      <mem type="loa" free="8053760" total="8053760" percent="100" />
    </mem>
    <remembered-set count="102" />
  </mem-info>
</gc-end>
<cycle-end id="1197" type="scavenge" contextid="1191" timestamp="2022-02-08T16:13:35.810" />
<allocation-satisfied id="1198" threadId="0000000000016F00" bytesRequested="224" />
<af-end id="1199" timestamp="2022-02-08T16:13:35.810" threadId="0000000000017908" success="true" from="nursery"/>
<exclusive-end id="1200" timestamp="2022-02-08T16:13:35.810" durationms="102.440" />

<exclusive-start id="1201" timestamp="2022-02-08T16:13:36.797" intervalms="1089.325">
  <response-info timems="0.018" idlems="0.018" threads="0" lastid="0000000000016F00" lastname="main" />
</exclusive-start>
<af-start id="1202" threadId="0000000000017908" totalBytesRequested="176" timestamp="2022-02-08T16:13:36.797" intervalms="1089.326" type="nursery" />
<cycle-start id="1203" type="scavenge" contextid="0" timestamp="2022-02-08T16:13:36.797" intervalms="1089.325" />
<gc-start id="1204" type="scavenge" contextid="1203" timestamp="2022-02-08T16:13:36.797">
  <mem-info id="1205" free="202421264" total="1073741824" percent="18">
    <mem type="nursery" free="0" total="268435456" percent="0">
      <mem type="allocate" free="0" total="183566336" percent="0" />
      <mem type="survivor" free="0" total="84869120" percent="0" />
    </mem>
    <mem type="tenure" free="202421264" total="805306368" percent="25">
      <mem type="soa" free="194367504" total="797252608" percent="24" />
      <mem type="loa" free="8053760" total="8053760" percent="100" />
    </mem>
    <remembered-set count="133" />
  </mem-info>
</gc-start>
<allocation-stats totalBytes="108187408" >
  <allocated-bytes non-tlh="1493992" tlh="106693416" />
  <largest-consumer threadName="main" threadId="0000000000016F00" bytes="108187408" />
</allocation-stats>
<gc-op id="1206" type="scavenge" timems="90.688" contextid="1203" timestamp="2022-02-08T16:13:36.888">
  <scavenger-info tenureage="1" tenuremask="7ffe" tiltratio="68" />
  <memory-copied type="nursery" objects="1487772" bytes="76187016" bytesdiscarded="205368" />
  <memory-copied type="tenure" objects="1326282" bytes="75095936" bytesdiscarded="39776" />
  <finalization candidates="109" enqueued="53" />
  <references type="soft" candidates="14" cleared="0" enqueued="0" dynamicThreshold="11" maxThreshold="32" />
  <references type="weak" candidates="1" cleared="0" enqueued="0" />
  <references type="phantom" candidates="94" cleared="7" enqueued="7" />
  <object-monitors candidates="2" cleared="0"  />
</gc-op>
<gc-end id="1207" type="scavenge" contextid="1203" durationms="90.910" usertimems="348.528" systemtimems="2.736" stalltimems="4.037" timestamp="2022-02-08T16:13:36.888" activeThreads="4">
  <mem-info id="1208" free="234535144" total="1073741824" percent="21">
    <mem type="nursery" free="107435968" total="268435456" percent="40">
      <mem type="allocate" free="107435968" total="183828480" percent="58" />
      <mem type="survivor" free="0" total="84606976" percent="0" />
    </mem>
    <mem type="tenure" free="127099176" total="805306368" percent="15" macro-fragmented="0">
      <mem type="soa" free="119045416" total="797252608" percent="14" />
      <mem type="loa" free="8053760" total="8053760" percent="100" />
    </mem>
    <pending-finalizers system="52" default="1" reference="7" classloader="0" />
    <remembered-set count="129" />
  </mem-info>
</gc-end>
<cycle-end id="1209" type="scavenge" contextid="1203" timestamp="2022-02-08T16:13:36.888" />
<allocation-satisfied id="1210" threadId="0000000000016F00" bytesRequested="176" />
<af-end id="1211" timestamp="2022-02-08T16:13:36.888" threadId="0000000000017908" success="true" from="nursery"/>
<exclusive-end id="1212" timestamp="2022-02-08T16:13:36.888" durationms="91.216" />

<concurrent-kickoff id="1213" timestamp="2022-02-08T16:13:37.599">
  <kickoff reason="threshold reached" targetBytes="77220002" thresholdFreeBytes="6224507"  remainingFree="6117312" tenureFreeBytes="127099176" nurseryFreeBytes="6117312" />
</concurrent-kickoff>
<exclusive-start id="1214" timestamp="2022-02-08T16:13:37.602" intervalms="805.442">
  <response-info timems="0.021" idlems="0.021" threads="0" lastid="0000000000016F00" lastname="main" />
</exclusive-start>
<cycle-start id="1215" type="global" contextid="0" timestamp="2022-02-08T16:13:37.602" intervalms="3132.975" />
<concurrent-start id="1216" type="global mark" contextid="1215" timestamp="2022-02-08T16:13:37.602">
</concurrent-start>
<exclusive-end id="1217" timestamp="2022-02-08T16:13:37.602" durationms="0.031" />

<exclusive-start id="1218" timestamp="2022-02-08T16:13:37.745" intervalms="142.545">
  <response-info timems="0.060" idlems="0.060" threads="0" lastid="0000000000016F00" lastname="main" />
</exclusive-start>
<af-start id="1219" threadId="0000000000017908" totalBytesRequested="184" timestamp="2022-02-08T16:13:37.745" intervalms="948.000" type="nursery" />
<cycle-start id="1220" type="scavenge" contextid="0" timestamp="2022-02-08T16:13:37.745" intervalms="948.000" />
<gc-start id="1221" type="scavenge" contextid="1220" timestamp="2022-02-08T16:13:37.745">
  <mem-info id="1222" free="127099176" total="1073741824" percent="11">
    <mem type="nursery" free="0" total="268435456" percent="0">
      <mem type="allocate" free="0" total="183828480" percent="0" />
      <mem type="survivor" free="0" total="84606976" percent="0" />
    </mem>
    <mem type="tenure" free="127099176" total="805306368" percent="15">
      <mem type="soa" free="119045416" total="797252608" percent="14" />
      <mem type="loa" free="8053760" total="8053760" percent="100" />
    </mem>
    <remembered-set count="130" />
  </mem-info>
</gc-start>
<allocation-stats totalBytes="107384776" >
  <allocated-bytes non-tlh="1347856" tlh="106036920" />
  <largest-consumer threadName="main" threadId="0000000000016F00" bytes="107376584" />
</allocation-stats>
<gc-op id="1223" type="scavenge" timems="90.468" contextid="1220" timestamp="2022-02-08T16:13:37.835">
  <scavenger-info tenureage="1" tenuremask="7ffe" tiltratio="68" />
  <memory-copied type="nursery" objects="1343274" bytes="76843952" bytesdiscarded="339040" />
  <memory-copied type="tenure" objects="1487052" bytes="75243752" bytesdiscarded="38864" />
  <finalization candidates="57" enqueued="0" />
  <references type="phantom" candidates="1" cleared="0" enqueued="0" />
  <object-monitors candidates="2" cleared="0"  />
</gc-op>
<gc-end id="1224" type="scavenge" contextid="1220" durationms="90.727" usertimems="358.436" systemtimems="0.000" stalltimems="2.201" timestamp="2022-02-08T16:13:37.836" activeThreads="4">
  <mem-info id="1225" free="159312872" total="1073741824" percent="14">
    <mem type="nursery" free="107366384" total="268435456" percent="39">
      <mem type="allocate" free="107366384" total="184549376" percent="58" />
      <mem type="survivor" free="0" total="83886080" percent="0" />
    </mem>
    <mem type="tenure" free="51946488" total="805306368" percent="6" macro-fragmented="0">
      <mem type="soa" free="43892728" total="797252608" percent="5" />
      <mem type="loa" free="8053760" total="8053760" percent="100" />
    </mem>
    <remembered-set count="99" />
  </mem-info>
</gc-end>
<cycle-end id="1226" type="scavenge" contextid="1220" timestamp="2022-02-08T16:13:37.836" />
<allocation-satisfied id="1227" threadId="0000000000016F00" bytesRequested="184" />
<af-end id="1228" timestamp="2022-02-08T16:13:37.836" threadId="0000000000017908" success="true" from="nursery"/>
<exclusive-end id="1229" timestamp="2022-02-08T16:13:37.836" durationms="91.138" />

<concurrent-end id="1230" type="global mark" contextid="1215" timestamp="2022-02-08T16:13:37.950">
<gc-op id="1231" type="trace" timems="348.197" contextid="1215" timestamp="2022-02-08T16:13:37.950">
  <trace bytesTraced="74428272" workStackOverflowCount="0" />
  <card-cleaning reason="card cleaning threshold reached" bytesTraced="808" cardsCleaned="2" />
</gc-op>
</concurrent-end>

<exclusive-start id="1232" timestamp="2022-02-08T16:13:37.951" intervalms="205.726">
  <response-info timems="0.019" idlems="0.019" threads="0" lastid="0000000000016F00" lastname="main" />
</exclusive-start>
<concurrent-global-final id="1233" timestamp="2022-02-08T16:13:37.951" contextid="1215" intervalms="3129.500" >
  <concurrent-trace-info reason="card cleaning threshold reached" tracedByMutators="60891548" tracedByHelpers="13537532" cardsCleaned="2" workStackOverflowCount="0" />
</concurrent-global-final>
<gc-start id="1234" type="global" contextid="1215" timestamp="2022-02-08T16:13:37.951">
  <mem-info id="1235" free="152136496" total="1073741824" percent="14">
    <mem type="nursery" free="100190008" total="268435456" percent="37">
      <mem type="allocate" free="100190008" total="184549376" percent="54" />
      <mem type="survivor" free="0" total="83886080" percent="0" />
    </mem>
    <mem type="tenure" free="51946488" total="805306368" percent="6">
      <mem type="soa" free="43892728" total="797252608" percent="5" />
      <mem type="loa" free="8053760" total="8053760" percent="100" />
    </mem>
    <remembered-set count="99" />
  </mem-info>
</gc-start>
<allocation-stats totalBytes="7172904" >
  <allocated-bytes non-tlh="184" tlh="7172720" />
  <largest-consumer threadName="main" threadId="0000000000016F00" bytes="7172904" />
</allocation-stats>
<gc-op id="1236" type="rs-scan" timems="0.590" contextid="1215" timestamp="2022-02-08T16:13:37.951">
  <scan objectsFound="29" bytesTraced="5124" workStackOverflowCount="0" />
</gc-op>
<gc-op id="1237" type="card-cleaning" timems="152.653" contextid="1215" timestamp="2022-02-08T16:13:38.104">
  <card-cleaning cardsCleaned="9" bytesTraced="71010180" workStackOverflowCount="0" />
</gc-op>
<gc-op id="1238" type="mark" timems="66.432" contextid="1215" timestamp="2022-02-08T16:13:38.170">
  <trace-info objectcount="1831054" scancount="1374818" scanbytes="29397160" />
  <finalization candidates="428" enqueued="57" />
  <ownableSynchronizers candidates="1" cleared="0" />
  <references type="soft" candidates="894" cleared="0" enqueued="0" dynamicThreshold="11" maxThreshold="32" />
  <references type="weak" candidates="1701" cleared="0" enqueued="0" />
  <references type="phantom" candidates="52" cleared="2" enqueued="2" />
  <stringconstants candidates="6471" cleared="0"  />
  <object-monitors candidates="2" cleared="0"  />
</gc-op>
<gc-op id="1239" type="sweep" timems="5.410" contextid="1215" timestamp="2022-02-08T16:13:38.176" />
<gc-end id="1240" type="global" contextid="1215" durationms="225.384" usertimems="237.806" systemtimems="4.594" stalltimems="198.220" timestamp="2022-02-08T16:13:38.176" activeThreads="4">
  <mem-info id="1241" free="395525696" total="1073741824" percent="36">
    <mem type="nursery" free="100620904" total="268435456" percent="37">
      <mem type="allocate" free="100620904" total="184549376" percent="54" />
      <mem type="survivor" free="0" total="83886080" percent="0" />
    </mem>
    <mem type="tenure" free="294904792" total="805306368" percent="36" micro-fragmented="253718" macro-fragmented="0">
      <mem type="soa" free="286851032" total="797252608" percent="35" />
      <mem type="loa" free="8053760" total="8053760" percent="100" />
    </mem>
    <pending-finalizers system="57" default="0" reference="2" classloader="0" />
    <remembered-set count="99" />
  </mem-info>
</gc-end>
<cycle-end id="1242" type="global" contextid="1215" timestamp="2022-02-08T16:13:38.176" />
<exclusive-end id="1243" timestamp="2022-02-08T16:13:38.176" durationms="225.635" />

<exclusive-start id="1244" timestamp="2022-02-08T16:13:38.872" intervalms="921.017">
  <response-info timems="0.025" idlems="0.025" threads="0" lastid="0000000000016F00" lastname="main" />
</exclusive-start>
<af-start id="1245" threadId="0000000000017908" totalBytesRequested="208" timestamp="2022-02-08T16:13:38.872" intervalms="1126.730" type="nursery" />
<cycle-start id="1246" type="scavenge" contextid="0" timestamp="2022-02-08T16:13:38.872" intervalms="1126.731" />
<gc-start id="1247" type="scavenge" contextid="1246" timestamp="2022-02-08T16:13:38.872">
  <mem-info id="1248" free="294904792" total="1073741824" percent="27">
    <mem type="nursery" free="0" total="268435456" percent="0">
      <mem type="allocate" free="0" total="184549376" percent="0" />
      <mem type="survivor" free="0" total="83886080" percent="0" />
    </mem>
    <mem type="tenure" free="294904792" total="805306368" percent="36">
      <mem type="soa" free="286851032" total="797252608" percent="35" />
      <mem type="loa" free="8053760" total="8053760" percent="100" />
    </mem>
    <remembered-set count="102" />
  </mem-info>
</gc-start>
<allocation-stats totalBytes="100573720" >
  <allocated-bytes non-tlh="0" tlh="100573720" />
  <largest-consumer threadName="main" threadId="0000000000016F00" bytes="100569624" />
</allocation-stats>
<gc-op id="1249" type="scavenge" timems="79.944" contextid="1246" timestamp="2022-02-08T16:13:38.952">
  <scavenger-info tenureage="1" tenuremask="7ffe" tiltratio="68" />
  <memory-copied type="nursery" objects="1360503" bytes="76541032" bytesdiscarded="130512" />
  <memory-copied type="tenure" objects="1343273" bytes="76843848" bytesdiscarded="44336" />
  <finalization candidates="1" enqueued="0" />
  <ownableSynchronizers candidates="2" cleared="2" />
  <object-monitors candidates="2" cleared="0"  />
</gc-op>
<gc-end id="1250" type="scavenge" contextid="1246" durationms="80.372" usertimems="313.149" systemtimems="0.000" stalltimems="3.386" timestamp="2022-02-08T16:13:38.952" activeThreads="4">
  <mem-info id="1251" free="325765312" total="1073741824" percent="30">
    <mem type="nursery" free="108008904" total="268435456" percent="40">
      <mem type="allocate" free="108008904" total="184680448" percent="58" />
      <mem type="survivor" free="0" total="83755008" percent="0" />
    </mem>
    <mem type="tenure" free="217756408" total="805306368" percent="27" macro-fragmented="0">
      <mem type="soa" free="209702648" total="797252608" percent="26" />
      <mem type="loa" free="8053760" total="8053760" percent="100" />
    </mem>
    <remembered-set count="102" />
  </mem-info>
</gc-end>
<cycle-end id="1252" type="scavenge" contextid="1246" timestamp="2022-02-08T16:13:38.952" />
<allocation-satisfied id="1253" threadId="0000000000016F00" bytesRequested="208" />
<af-end id="1254" timestamp="2022-02-08T16:13:38.952" threadId="0000000000017908" success="true" from="nursery"/>
<exclusive-end id="1255" timestamp="2022-02-08T16:13:38.952" durationms="80.815" />

<exclusive-start id="1256" timestamp="2022-02-08T16:13:39.865" intervalms="993.892">
  <response-info timems="0.018" idlems="0.018" threads="0" lastid="0000000000016F00" lastname="main" />
</exclusive-start>
<af-start id="1257" threadId="0000000000017908" totalBytesRequested="232" timestamp="2022-02-08T16:13:39.866" intervalms="993.931" type="nursery" />
<cycle-start id="1258" type="scavenge" contextid="0" timestamp="2022-02-08T16:13:39.866" intervalms="993.931" />
<gc-start id="1259" type="scavenge" contextid="1258" timestamp="2022-02-08T16:13:39.866">
  <mem-info id="1260" free="217756408" total="1073741824" percent="20">
    <mem type="nursery" free="0" total="268435456" percent="0">
      <mem type="allocate" free="0" total="184680448" percent="0" />
      <mem type="survivor" free="0" total="83755008" percent="0" />
    </mem>
    <mem type="tenure" free="217756408" total="805306368" percent="27">
      <mem type="soa" free="209702648" total="797252608" percent="26" />
      <mem type="loa" free="8053760" total="8053760" percent="100" />
    </mem>
    <remembered-set count="133" />
  </mem-info>
</gc-start>
<allocation-stats totalBytes="107963840" >
  <allocated-bytes non-tlh="1115648" tlh="106848192" />
  <largest-consumer threadName="main" threadId="0000000000016F00" bytes="107963840" />
</allocation-stats>
<gc-op id="1261" type="scavenge" timems="89.219" contextid="1258" timestamp="2022-02-08T16:13:39.955">
  <scavenger-info tenureage="1" tenuremask="7ffe" tiltratio="68" />
  <memory-copied type="nursery" objects="1490107" bytes="76043608" bytesdiscarded="55496" />
  <memory-copied type="tenure" objects="1360502" bytes="76540920" bytesdiscarded="41128" />
  <finalization candidates="108" enqueued="53" />
  <references type="soft" candidates="14" cleared="0" enqueued="0" dynamicThreshold="11" maxThreshold="32" />
  <references type="weak" candidates="1" cleared="0" enqueued="0" />
  <references type="phantom" candidates="93" cleared="7" enqueued="7" />
  <object-monitors candidates="2" cleared="0"  />
</gc-op>
<gc-end id="1262" type="scavenge" contextid="1258" durationms="89.793" usertimems="336.828" systemtimems="2.836" stalltimems="3.276" timestamp="2022-02-08T16:13:39.955" activeThreads="4">
  <mem-info id="1263" free="249898152" total="1073741824" percent="23">
    <mem type="nursery" free="108843360" total="268435456" percent="40">
      <mem type="allocate" free="108843360" total="184942592" percent="58" />
      <mem type="survivor" free="0" total="83492864" percent="0" />
    </mem>
    <mem type="tenure" free="141054792" total="805306368" percent="17" macro-fragmented="0">
      <mem type="soa" free="133001032" total="797252608" percent="16" />
      <mem type="loa" free="8053760" total="8053760" percent="100" />
    </mem>
    <pending-finalizers system="52" default="1" reference="7" classloader="0" />
    <remembered-set count="129" />
  </mem-info>
</gc-end>
<cycle-end id="1264" type="scavenge" contextid="1258" timestamp="2022-02-08T16:13:39.956" />
<allocation-satisfied id="1265" threadId="0000000000016F00" bytesRequested="232" />
<af-end id="1266" timestamp="2022-02-08T16:13:39.956" threadId="0000000000017908" success="true" from="nursery"/>
<exclusive-end id="1267" timestamp="2022-02-08T16:13:39.956" durationms="90.137" />

<concurrent-kickoff id="1268" timestamp="2022-02-08T16:13:40.687">
  <kickoff reason="threshold reached" targetBytes="76660270" thresholdFreeBytes="6128933"  remainingFree="6119456" tenureFreeBytes="141054792" nurseryFreeBytes="6119456" />
</concurrent-kickoff>
<exclusive-start id="1269" timestamp="2022-02-08T16:13:40.696" intervalms="830.079">
  <response-info timems="0.024" idlems="0.024" threads="0" lastid="0000000000016F00" lastname="main" />
</exclusive-start>
<cycle-start id="1270" type="global" contextid="0" timestamp="2022-02-08T16:13:40.696" intervalms="3093.262" />
<concurrent-start id="1271" type="global mark" contextid="1270" timestamp="2022-02-08T16:13:40.696">
</concurrent-start>
<exclusive-end id="1272" timestamp="2022-02-08T16:13:40.696" durationms="0.034" />

<exclusive-start id="1273" timestamp="2022-02-08T16:13:40.833" intervalms="137.235">
  <response-info timems="0.018" idlems="0.018" threads="0" lastid="0000000000016F00" lastname="main" />
</exclusive-start>
<af-start id="1274" threadId="0000000000017908" totalBytesRequested="184" timestamp="2022-02-08T16:13:40.833" intervalms="967.274" type="nursery" />
<cycle-start id="1275" type="scavenge" contextid="0" timestamp="2022-02-08T16:13:40.833" intervalms="967.273" />
<gc-start id="1276" type="scavenge" contextid="1275" timestamp="2022-02-08T16:13:40.833">
  <mem-info id="1277" free="141054792" total="1073741824" percent="13">
    <mem type="nursery" free="0" total="268435456" percent="0">
      <mem type="allocate" free="0" total="184942592" percent="0" />
      <mem type="survivor" free="0" total="83492864" percent="0" />
    </mem>
    <mem type="tenure" free="141054792" total="805306368" percent="17">
      <mem type="soa" free="133001032" total="797252608" percent="16" />
      <mem type="loa" free="8053760" total="8053760" percent="100" />
    </mem>
    <remembered-set count="130" />
  </mem-info>
</gc-start>
<allocation-stats totalBytes="108791744" >
  <allocated-bytes non-tlh="1823040" tlh="106968704" />
  <largest-consumer threadName="main" threadId="0000000000016F00" bytes="108783552" />
</allocation-stats>
<gc-op id="1278" type="scavenge" timems="93.579" contextid="1275" timestamp="2022-02-08T16:13:40.926">
  <scavenger-info tenureage="1" tenuremask="7ffe" tiltratio="68" />
  <memory-copied type="nursery" objects="1357711" bytes="77533232" bytesdiscarded="142192" />
  <memory-copied type="tenure" objects="1489387" bytes="75405720" bytesdiscarded="37960" />
  <finalization candidates="57" enqueued="0" />
  <references type="phantom" candidates="2" cleared="0" enqueued="0" />
  <object-monitors candidates="2" cleared="0"  />
</gc-op>
<gc-end id="1279" type="scavenge" contextid="1275" durationms="93.762" usertimems="359.882" systemtimems="1.934" stalltimems="3.159" timestamp="2022-02-08T16:13:40.927" activeThreads="4">
  <mem-info id="1280" free="171565552" total="1073741824" percent="15">
    <mem type="nursery" free="105759840" total="268435456" percent="39">
      <mem type="allocate" free="105759840" total="183435264" percent="57" />
      <mem type="survivor" free="0" total="85000192" percent="0" />
    </mem>
    <mem type="tenure" free="65805712" total="805306368" percent="8" macro-fragmented="57512708">
      <mem type="soa" free="57751952" total="797252608" percent="7" />
      <mem type="loa" free="8053760" total="8053760" percent="100" />
    </mem>
    <remembered-set count="100" />
  </mem-info>
</gc-end>
<cycle-end id="1281" type="scavenge" contextid="1275" timestamp="2022-02-08T16:13:40.927" />
<allocation-satisfied id="1282" threadId="0000000000016F00" bytesRequested="184" />
<af-end id="1283" timestamp="2022-02-08T16:13:40.927" threadId="0000000000017908" success="true" from="nursery"/>
<exclusive-end id="1284" timestamp="2022-02-08T16:13:40.927" durationms="94.023" />

<concurrent-end id="1285" type="global mark" contextid="1270" timestamp="2022-02-08T16:13:41.052">
<gc-op id="1286" type="trace" timems="356.316" contextid="1270" timestamp="2022-02-08T16:13:41.052">
  <trace bytesTraced="74428480" workStackOverflowCount="0" />
  <card-cleaning reason="card cleaning threshold reached" bytesTraced="808" cardsCleaned="2" />
</gc-op>
</concurrent-end>

<exclusive-start id="1287" timestamp="2022-02-08T16:13:41.052" intervalms="219.158">
  <response-info timems="0.020" idlems="0.020" threads="0" lastid="0000000000016F00" lastname="main" />
</exclusive-start>
<concurrent-global-final id="1288" timestamp="2022-02-08T16:13:41.052" contextid="1270" intervalms="3101.382" >
  <concurrent-trace-info reason="card cleaning threshold reached" tracedByMutators="59179652" tracedByHelpers="15249636" cardsCleaned="2" workStackOverflowCount="0" />
</concurrent-global-final>
<gc-start id="1289" type="global" contextid="1270" timestamp="2022-02-08T16:13:41.052">
  <mem-info id="1290" free="163340600" total="1073741824" percent="15">
    <mem type="nursery" free="97534888" total="268435456" percent="36">
      <mem type="allocate" free="97534888" total="183435264" percent="53" />
      <mem type="survivor" free="0" total="85000192" percent="0" />
    </mem>
    <mem type="tenure" free="65805712" total="805306368" percent="8">
      <mem type="soa" free="57751952" total="797252608" percent="7" />
      <mem type="loa" free="8053760" total="8053760" percent="100" />
    </mem>
    <remembered-set count="100" />
  </mem-info>
</gc-start>
<allocation-stats totalBytes="8221104" >
  <allocated-bytes non-tlh="184" tlh="8220920" />
  <largest-consumer threadName="main" threadId="0000000000016F00" bytes="8221104" />
</allocation-stats>
<gc-op id="1291" type="rs-scan" timems="0.726" contextid="1270" timestamp="2022-02-08T16:13:41.053">
  <scan objectsFound="29" bytesTraced="5124" workStackOverflowCount="0" />
</gc-op>
<gc-op id="1292" type="card-cleaning" timems="162.152" contextid="1270" timestamp="2022-02-08T16:13:41.215">
  <card-cleaning cardsCleaned="9" bytesTraced="71010180" workStackOverflowCount="0" />
</gc-op>
<gc-op id="1293" type="mark" timems="61.639" contextid="1270" timestamp="2022-02-08T16:13:41.277">
  <trace-info objectcount="1616698" scancount="1214051" scanbytes="25967464" />
  <finalization candidates="428" enqueued="57" />
  <ownableSynchronizers candidates="1" cleared="0" />
  <references type="soft" candidates="894" cleared="0" enqueued="0" dynamicThreshold="11" maxThreshold="32" />
  <references type="weak" candidates="1701" cleared="0" enqueued="0" />
  <references type="phantom" candidates="52" cleared="2" enqueued="2" />
  <stringconstants candidates="6471" cleared="0"  />
  <object-monitors candidates="2" cleared="0"  />
</gc-op>
<gc-op id="1294" type="sweep" timems="5.085" contextid="1270" timestamp="2022-02-08T16:13:41.282" />
<gc-end id="1295" type="global" contextid="1270" durationms="229.873" usertimems="274.965" systemtimems="8.778" stalltimems="139.392" timestamp="2022-02-08T16:13:41.282" activeThreads="4">
  <mem-info id="1296" free="406493216" total="1073741824" percent="37">
    <mem type="nursery" free="97768952" total="268435456" percent="36">
      <mem type="allocate" free="97768952" total="183435264" percent="53" />
      <mem type="survivor" free="0" total="85000192" percent="0" />
    </mem>
    <mem type="tenure" free="308724264" total="805306368" percent="38" micro-fragmented="257582" macro-fragmented="0">
      <mem type="soa" free="300670504" total="797252608" percent="37" />
      <mem type="loa" free="8053760" total="8053760" percent="100" />
    </mem>
    <pending-finalizers system="57" default="0" reference="2" classloader="0" />
    <remembered-set count="100" />
  </mem-info>
</gc-end>
<cycle-end id="1297" type="global" contextid="1270" timestamp="2022-02-08T16:13:41.282" />
<exclusive-end id="1298" timestamp="2022-02-08T16:13:41.282" durationms="230.099" />

<exclusive-start id="1299" timestamp="2022-02-08T16:13:41.937" intervalms="884.674">
  <response-info timems="0.039" idlems="0.039" threads="0" lastid="0000000000016F00" lastname="main" />
</exclusive-start>
<af-start id="1300" threadId="0000000000017908" totalBytesRequested="16" timestamp="2022-02-08T16:13:41.937" intervalms="1103.853" type="nursery" />
<cycle-start id="1301" type="scavenge" contextid="0" timestamp="2022-02-08T16:13:41.937" intervalms="1103.870" />
<gc-start id="1302" type="scavenge" contextid="1301" timestamp="2022-02-08T16:13:41.937">
  <mem-info id="1303" free="308724264" total="1073741824" percent="28">
    <mem type="nursery" free="0" total="268435456" percent="0">
      <mem type="allocate" free="0" total="183435264" percent="0" />
      <mem type="survivor" free="0" total="85000192" percent="0" />
    </mem>
    <mem type="tenure" free="308724264" total="805306368" percent="38">
      <mem type="soa" free="300670504" total="797252608" percent="37" />
      <mem type="loa" free="8053760" total="8053760" percent="100" />
    </mem>
    <remembered-set count="103" />
  </mem-info>
</gc-start>
<allocation-stats totalBytes="97724832" >
  <allocated-bytes non-tlh="0" tlh="97724832" />
  <largest-consumer threadName="main" threadId="0000000000016F00" bytes="97720736" />
</allocation-stats>
<gc-op id="1304" type="scavenge" timems="92.975" contextid="1301" timestamp="2022-02-08T16:13:42.030">
  <scavenger-info tenureage="1" tenuremask="7ffe" tiltratio="68" />
  <memory-copied type="nursery" objects="1336961" bytes="75269720" bytesdiscarded="120664" />
  <memory-copied type="tenure" objects="1357710" bytes="77533128" bytesdiscarded="41400" />
  <finalization candidates="2" enqueued="0" />
  <ownableSynchronizers candidates="2" cleared="2" />
  <object-monitors candidates="2" cleared="0"  />
</gc-op>
<gc-end id="1305" type="scavenge" contextid="1301" durationms="93.194" usertimems="367.333" systemtimems="0.000" stalltimems="2.636" timestamp="2022-02-08T16:13:42.030" activeThreads="4">
  <mem-info id="1306" free="339359928" total="1073741824" percent="31">
    <mem type="nursery" free="108307024" total="268435456" percent="40">
      <mem type="allocate" free="108307024" total="183697408" percent="58" />
      <mem type="survivor" free="0" total="84738048" percent="0" />
    </mem>
    <mem type="tenure" free="231052904" total="805306368" percent="28" macro-fragmented="868149">
      <mem type="soa" free="222999144" total="797252608" percent="27" />
      <mem type="loa" free="8053760" total="8053760" percent="100" />
    </mem>
    <remembered-set count="102" />
  </mem-info>
</gc-end>
<cycle-end id="1307" type="scavenge" contextid="1301" timestamp="2022-02-08T16:13:42.030" />
<allocation-satisfied id="1308" threadId="0000000000016F00" bytesRequested="16" />
<af-end id="1309" timestamp="2022-02-08T16:13:42.030" threadId="0000000000017908" success="true" from="nursery"/>
<exclusive-end id="1310" timestamp="2022-02-08T16:13:42.030" durationms="93.580" />

<exclusive-start id="1311" timestamp="2022-02-08T16:13:42.768" intervalms="831.873">
  <response-info timems="0.019" idlems="0.019" threads="0" lastid="0000000000016F00" lastname="main" />
</exclusive-start>
<af-start id="1312" threadId="0000000000017908" totalBytesRequested="16" timestamp="2022-02-08T16:13:42.769" intervalms="831.854" type="nursery" />
<cycle-start id="1313" type="scavenge" contextid="0" timestamp="2022-02-08T16:13:42.769" intervalms="831.837" />
<gc-start id="1314" type="scavenge" contextid="1313" timestamp="2022-02-08T16:13:42.769">
  <mem-info id="1315" free="231052904" total="1073741824" percent="21">
    <mem type="nursery" free="0" total="268435456" percent="0">
      <mem type="allocate" free="0" total="183697408" percent="0" />
      <mem type="survivor" free="0" total="84738048" percent="0" />
    </mem>
    <mem type="tenure" free="231052904" total="805306368" percent="28">
      <mem type="soa" free="222999144" total="797252608" percent="27" />
      <mem type="loa" free="8053760" total="8053760" percent="100" />
    </mem>
    <remembered-set count="116" />
  </mem-info>
</gc-start>
<allocation-stats totalBytes="108258184" >
  <allocated-bytes non-tlh="453720" tlh="107804464" />
  <largest-consumer threadName="main" threadId="0000000000016F00" bytes="108258184" />
</allocation-stats>
<gc-op id="1316" type="scavenge" timems="80.648" contextid="1313" timestamp="2022-02-08T16:13:42.849">
  <scavenger-info tenureage="1" tenuremask="7ffe" tiltratio="68" />
  <memory-copied type="nursery" objects="1362983" bytes="77089000" bytesdiscarded="159808" />
  <memory-copied type="tenure" objects="1336961" bytes="75269720" bytesdiscarded="42232" />
  <finalization candidates="30" enqueued="18" />
  <references type="phantom" candidates="30" cleared="0" enqueued="0" />
  <object-monitors candidates="2" cleared="0"  />
</gc-op>
<gc-end id="1317" type="scavenge" contextid="1313" durationms="80.885" usertimems="318.763" systemtimems="0.000" stalltimems="2.760" timestamp="2022-02-08T16:13:42.849" activeThreads="4">
  <mem-info id="1318" free="261736216" total="1073741824" percent="24">
    <mem type="nursery" free="106055384" total="268435456" percent="39">
      <mem type="allocate" free="106055384" total="183304192" percent="57" />
      <mem type="survivor" free="0" total="85131264" percent="0" />
    </mem>
    <mem type="tenure" free="155680832" total="805306368" percent="19" macro-fragmented="1250136">
      <mem type="soa" free="147627072" total="797252608" percent="18" />
      <mem type="loa" free="8053760" total="8053760" percent="100" />
    </mem>
    <pending-finalizers system="18" default="0" reference="0" classloader="0" />
    <remembered-set count="115" />
  </mem-info>
</gc-end>
<cycle-end id="1319" type="scavenge" contextid="1313" timestamp="2022-02-08T16:13:42.850" />
<allocation-satisfied id="1320" threadId="0000000000016F00" bytesRequested="16" />
<af-end id="1321" timestamp="2022-02-08T16:13:42.850" threadId="0000000000017908" success="true" from="nursery"/>
<exclusive-end id="1322" timestamp="2022-02-08T16:13:42.850" durationms="81.137" />

<concurrent-kickoff id="1323" timestamp="2022-02-08T16:13:43.681">
  <kickoff reason="threshold reached" targetBytes="76212988" thresholdFreeBytes="6052529"  remainingFree="6047448" tenureFreeBytes="155680832" nurseryFreeBytes="6047448" />
</concurrent-kickoff>
<exclusive-start id="1324" timestamp="2022-02-08T16:13:43.685" intervalms="916.127">
  <response-info timems="0.020" idlems="0.020" threads="0" lastid="0000000000016F00" lastname="main" />
</exclusive-start>
<cycle-start id="1325" type="global" contextid="0" timestamp="2022-02-08T16:13:43.685" intervalms="2989.062" />
<concurrent-start id="1326" type="global mark" contextid="1325" timestamp="2022-02-08T16:13:43.685">
</concurrent-start>
<exclusive-end id="1327" timestamp="2022-02-08T16:13:43.685" durationms="0.029" />

<exclusive-start id="1328" timestamp="2022-02-08T16:13:43.818" intervalms="133.864">
  <response-info timems="0.031" idlems="0.031" threads="0" lastid="0000000000016F00" lastname="main" />
</exclusive-start>
<af-start id="1329" threadId="0000000000017908" totalBytesRequested="200" timestamp="2022-02-08T16:13:43.818" intervalms="1049.989" type="nursery" />
<cycle-start id="1330" type="scavenge" contextid="0" timestamp="2022-02-08T16:13:43.819" intervalms="1049.989" />
<gc-start id="1331" type="scavenge" contextid="1330" timestamp="2022-02-08T16:13:43.819">
  <mem-info id="1332" free="155680832" total="1073741824" percent="14">
    <mem type="nursery" free="0" total="268435456" percent="0">
      <mem type="allocate" free="0" total="183304192" percent="0" />
      <mem type="survivor" free="0" total="85131264" percent="0" />
    </mem>
    <mem type="tenure" free="155680832" total="805306368" percent="19">
      <mem type="soa" free="147627072" total="797252608" percent="18" />
      <mem type="loa" free="8053760" total="8053760" percent="100" />
    </mem>
    <remembered-set count="132" />
  </mem-info>
</gc-start>
<allocation-stats totalBytes="106003272" >
  <allocated-bytes non-tlh="2484560" tlh="103518712" />
  <largest-consumer threadName="main" threadId="0000000000016F00" bytes="105999176" />
</allocation-stats>
<gc-op id="1333" type="scavenge" timems="83.215" contextid="1330" timestamp="2022-02-08T16:13:43.902">
  <scavenger-info tenureage="1" tenuremask="7ffe" tiltratio="68" />
  <memory-copied type="nursery" objects="1410232" bytes="74847672" bytesdiscarded="178976" />
  <memory-copied type="tenure" objects="1362684" bytes="76476256" bytesdiscarded="40592" />
  <finalization candidates="92" enqueued="35" />
  <references type="soft" candidates="14" cleared="0" enqueued="0" dynamicThreshold="12" maxThreshold="32" />
  <references type="weak" candidates="1" cleared="0" enqueued="0" />
  <references type="phantom" candidates="77" cleared="7" enqueued="7" />
  <object-monitors candidates="2" cleared="0"  />
</gc-op>
<gc-end id="1334" type="scavenge" contextid="1330" durationms="83.382" usertimems="325.378" systemtimems="0.330" stalltimems="5.304" timestamp="2022-02-08T16:13:43.902" activeThreads="4">
  <mem-info id="1335" free="187792960" total="1073741824" percent="17">
    <mem type="nursery" free="108605096" total="268435456" percent="40">
      <mem type="allocate" free="108605096" total="183631872" percent="59" />
      <mem type="survivor" free="0" total="84803584" percent="0" />
    </mem>
    <mem type="tenure" free="79187864" total="805306368" percent="9" macro-fragmented="57512708">
      <mem type="soa" free="71134104" total="797252608" percent="8" />
      <mem type="loa" free="8053760" total="8053760" percent="100" />
    </mem>
    <pending-finalizers system="34" default="1" reference="7" classloader="0" />
    <remembered-set count="117" />
  </mem-info>
</gc-end>
<cycle-end id="1336" type="scavenge" contextid="1330" timestamp="2022-02-08T16:13:43.902" />
<allocation-satisfied id="1337" threadId="0000000000016F00" bytesRequested="200" />
<af-end id="1338" timestamp="2022-02-08T16:13:43.902" threadId="0000000000017908" success="true" from="nursery"/>
<exclusive-end id="1339" timestamp="2022-02-08T16:13:43.902" durationms="83.743" />

<concurrent-end id="1340" type="global mark" contextid="1325" timestamp="2022-02-08T16:13:44.029">
<gc-op id="1341" type="trace" timems="344.134" contextid="1325" timestamp="2022-02-08T16:13:44.029">
  <trace bytesTraced="74428736" workStackOverflowCount="0" />
  <card-cleaning reason="card cleaning threshold reached" bytesTraced="808" cardsCleaned="2" />
</gc-op>
</concurrent-end>

<exclusive-start id="1342" timestamp="2022-02-08T16:13:44.029" intervalms="210.340">
  <response-info timems="0.019" idlems="0.019" threads="0" lastid="0000000000016F00" lastname="main" />
</exclusive-start>
<concurrent-global-final id="1343" timestamp="2022-02-08T16:13:44.029" contextid="1325" intervalms="2976.878" >
  <concurrent-trace-info reason="card cleaning threshold reached" tracedByMutators="59396864" tracedByHelpers="15032680" cardsCleaned="2" workStackOverflowCount="0" />
</concurrent-global-final>
<gc-start id="1344" type="global" contextid="1325" timestamp="2022-02-08T16:13:44.029">
  <mem-info id="1345" free="180608376" total="1073741824" percent="16">
    <mem type="nursery" free="101420512" total="268435456" percent="37">
      <mem type="allocate" free="101420512" total="183631872" percent="55" />
      <mem type="survivor" free="0" total="84803584" percent="0" />
    </mem>
    <mem type="tenure" free="79187864" total="805306368" percent="9">
      <mem type="soa" free="71134104" total="797252608" percent="8" />
      <mem type="loa" free="8053760" total="8053760" percent="100" />
    </mem>
    <remembered-set count="118" />
  </mem-info>
</gc-start>
<allocation-stats totalBytes="7180672" >
  <allocated-bytes non-tlh="200" tlh="7180472" />
  <largest-consumer threadName="main" threadId="0000000000016F00" bytes="7172480" />
</allocation-stats>
<gc-op id="1346" type="rs-scan" timems="136.880" contextid="1325" timestamp="2022-02-08T16:13:44.166">
  <scan objectsFound="3324743" bytesTraced="71012972" workStackOverflowCount="0" />
</gc-op>
<gc-op id="1347" type="card-cleaning" timems="0.259" contextid="1325" timestamp="2022-02-08T16:13:44.166">
  <card-cleaning cardsCleaned="4" bytesTraced="1636" workStackOverflowCount="0" />
</gc-op>
<gc-op id="1348" type="mark" timems="44.059" contextid="1325" timestamp="2022-02-08T16:13:44.210">
  <trace-info objectcount="1285413" scancount="965586" scanbytes="20666888" />
  <finalization candidates="428" enqueued="57" />
  <ownableSynchronizers candidates="1" cleared="0" />
  <references type="soft" candidates="894" cleared="0" enqueued="0" dynamicThreshold="12" maxThreshold="32" />
  <references type="weak" candidates="1701" cleared="0" enqueued="0" />
  <references type="phantom" candidates="52" cleared="2" enqueued="2" />
  <stringconstants candidates="6471" cleared="0"  />
  <object-monitors candidates="2" cleared="0"  />
</gc-op>
<gc-op id="1349" type="sweep" timems="4.574" contextid="1325" timestamp="2022-02-08T16:13:44.215" />
<gc-end id="1350" type="global" contextid="1325" durationms="185.976" usertimems="197.867" systemtimems="0.000" stalltimems="131.669" timestamp="2022-02-08T16:13:44.215" activeThreads="4">
  <mem-info id="1351" free="424067312" total="1073741824" percent="39">
    <mem type="nursery" free="102015104" total="268435456" percent="38">
      <mem type="allocate" free="102015104" total="183631872" percent="55" />
      <mem type="survivor" free="0" total="84803584" percent="0" />
    </mem>
    <mem type="tenure" free="322052208" total="805306368" percent="39" micro-fragmented="228268" macro-fragmented="82818304">
      <mem type="soa" free="313998448" total="797252608" percent="39" />
      <mem type="loa" free="8053760" total="8053760" percent="100" />
    </mem>
    <pending-finalizers system="57" default="0" reference="2" classloader="0" />
    <remembered-set count="105" />
  </mem-info>
</gc-end>
<cycle-end id="1352" type="global" contextid="1325" timestamp="2022-02-08T16:13:44.215" />
<exclusive-end id="1353" timestamp="2022-02-08T16:13:44.215" durationms="186.244" />

<exclusive-start id="1354" timestamp="2022-02-08T16:13:44.982" intervalms="953.354">
  <response-info timems="0.019" idlems="0.019" threads="0" lastid="0000000000016F00" lastname="main" />
</exclusive-start>
<af-start id="1355" threadId="0000000000017908" totalBytesRequested="184" timestamp="2022-02-08T16:13:44.982" intervalms="1163.931" type="nursery" />
<cycle-start id="1356" type="scavenge" contextid="0" timestamp="2022-02-08T16:13:44.983" intervalms="1163.995" />
<gc-start id="1357" type="scavenge" contextid="1356" timestamp="2022-02-08T16:13:44.983">
  <mem-info id="1358" free="322052208" total="1073741824" percent="29">
    <mem type="nursery" free="0" total="268435456" percent="0">
      <mem type="allocate" free="0" total="183631872" percent="0" />
      <mem type="survivor" free="0" total="84803584" percent="0" />
    </mem>
    <mem type="tenure" free="322052208" total="805306368" percent="39">
      <mem type="soa" free="313998448" total="797252608" percent="39" />
      <mem type="loa" free="8053760" total="8053760" percent="100" />
    </mem>
    <remembered-set count="106" />
  </mem-info>
</gc-start>
<allocation-stats totalBytes="101967104" >
  <allocated-bytes non-tlh="0" tlh="101967104" />
  <largest-consumer threadName="main" threadId="0000000000016F00" bytes="101963008" />
</allocation-stats>
<gc-op id="1359" type="scavenge" timems="85.634" contextid="1356" timestamp="2022-02-08T16:13:45.068">
  <scavenger-info tenureage="1" tenuremask="7ffe" tiltratio="68" />
  <memory-copied type="nursery" objects="1407783" bytes="77647912" bytesdiscarded="365632" />
  <memory-copied type="tenure" objects="1409750" bytes="74535816" bytesdiscarded="39632" />
  <finalization candidates="45" enqueued="0" />
  <ownableSynchronizers candidates="2" cleared="2" />
  <object-monitors candidates="2" cleared="0"  />
</gc-op>
<gc-end id="1360" type="scavenge" contextid="1356" durationms="85.917" usertimems="320.184" systemtimems="0.136" stalltimems="3.301" timestamp="2022-02-08T16:13:45.069" activeThreads="4">
  <mem-info id="1361" free="351268280" total="1073741824" percent="32">
    <mem type="nursery" free="103914392" total="268435456" percent="38">
      <mem type="allocate" free="103914392" total="181927936" percent="57" />
      <mem type="survivor" free="0" total="86507520" percent="0" />
    </mem>
    <mem type="tenure" free="247353888" total="805306368" percent="30" macro-fragmented="0">
      <mem type="soa" free="239300128" total="797252608" percent="30" />
      <mem type="loa" free="8053760" total="8053760" percent="100" />
    </mem>
    <remembered-set count="101" />
  </mem-info>
</gc-end>
<cycle-end id="1362" type="scavenge" contextid="1356" timestamp="2022-02-08T16:13:45.069" />
<allocation-satisfied id="1363" threadId="0000000000016F00" bytesRequested="184" />
<af-end id="1364" timestamp="2022-02-08T16:13:45.069" threadId="0000000000017908" success="true" from="nursery"/>
<exclusive-end id="1365" timestamp="2022-02-08T16:13:45.069" durationms="86.513" />

<exclusive-start id="1366" timestamp="2022-02-08T16:13:45.723" intervalms="740.549">
  <response-info timems="0.024" idlems="0.024" threads="0" lastid="0000000000016F00" lastname="main" />
</exclusive-start>
<af-start id="1367" threadId="0000000000017908" totalBytesRequested="184" timestamp="2022-02-08T16:13:45.723" intervalms="740.313" type="nursery" />
<cycle-start id="1368" type="scavenge" contextid="0" timestamp="2022-02-08T16:13:45.723" intervalms="740.250" />
<gc-start id="1369" type="scavenge" contextid="1368" timestamp="2022-02-08T16:13:45.723">
  <mem-info id="1370" free="247353888" total="1073741824" percent="23">
    <mem type="nursery" free="0" total="268435456" percent="0">
      <mem type="allocate" free="0" total="181927936" percent="0" />
      <mem type="survivor" free="0" total="86507520" percent="0" />
    </mem>
    <mem type="tenure" free="247353888" total="805306368" percent="30">
      <mem type="soa" free="239300128" total="797252608" percent="30" />
      <mem type="loa" free="8053760" total="8053760" percent="100" />
    </mem>
    <remembered-set count="101" />
  </mem-info>
</gc-start>
<allocation-stats totalBytes="103867776" >
  <allocated-bytes non-tlh="184" tlh="103867592" />
  <largest-consumer threadName="main" threadId="0000000000016F00" bytes="103867776" />
</allocation-stats>
<gc-op id="1371" type="scavenge" timems="79.495" contextid="1368" timestamp="2022-02-08T16:13:45.802">
  <scavenger-info tenureage="1" tenuremask="7ffe" tiltratio="67" />
  <memory-copied type="nursery" objects="1296597" bytes="73847120" bytesdiscarded="274096" />
  <memory-copied type="tenure" objects="1407782" bytes="77647808" bytesdiscarded="41592" />
  <object-monitors candidates="2" cleared="0"  />
</gc-op>
<gc-end id="1372" type="scavenge" contextid="1368" durationms="79.770" usertimems="314.090" systemtimems="0.000" stalltimems="2.876" timestamp="2022-02-08T16:13:45.803" activeThreads="4">
  <mem-info id="1373" free="277874152" total="1073741824" percent="25">
    <mem type="nursery" free="108331008" total="268435456" percent="40">
      <mem type="allocate" free="108331008" total="182452224" percent="59" />
      <mem type="survivor" free="0" total="85983232" percent="0" />
    </mem>
    <mem type="tenure" free="169543144" total="805306368" percent="21" macro-fragmented="0">
      <mem type="soa" free="161489384" total="797252608" percent="20" />
      <mem type="loa" free="8053760" total="8053760" percent="100" />
    </mem>
    <remembered-set count="101" />
  </mem-info>
</gc-end>
<cycle-end id="1374" type="scavenge" contextid="1368" timestamp="2022-02-08T16:13:45.803" />
<allocation-satisfied id="1375" threadId="0000000000016F00" bytesRequested="184" />
<af-end id="1376" timestamp="2022-02-08T16:13:45.803" threadId="0000000000017908" success="true" from="nursery"/>
<exclusive-end id="1377" timestamp="2022-02-08T16:13:45.803" durationms="80.138" />

<exclusive-start id="1378" timestamp="2022-02-08T16:13:46.723" intervalms="1000.650">
  <response-info timems="0.023" idlems="0.023" threads="0" lastid="0000000000016F00" lastname="main" />
</exclusive-start>
<af-start id="1379" threadId="0000000000017908" totalBytesRequested="16" timestamp="2022-02-08T16:13:46.723" intervalms="1000.649" type="nursery" />
<cycle-start id="1380" type="scavenge" contextid="0" timestamp="2022-02-08T16:13:46.723" intervalms="1000.648" />
<gc-start id="1381" type="scavenge" contextid="1380" timestamp="2022-02-08T16:13:46.723">
  <mem-info id="1382" free="169543144" total="1073741824" percent="15">
    <mem type="nursery" free="0" total="268435456" percent="0">
      <mem type="allocate" free="0" total="182452224" percent="0" />
      <mem type="survivor" free="0" total="85983232" percent="0" />
    </mem>
    <mem type="tenure" free="169543144" total="805306368" percent="21">
      <mem type="soa" free="161489384" total="797252608" percent="20" />
      <mem type="loa" free="8053760" total="8053760" percent="100" />
    </mem>
    <remembered-set count="131" />
  </mem-info>
</gc-start>
<allocation-stats totalBytes="108282808" >
  <allocated-bytes non-tlh="3009008" tlh="105273800" />
  <largest-consumer threadName="main" threadId="0000000000016F00" bytes="108282808" />
</allocation-stats>
<gc-op id="1383" type="scavenge" timems="88.085" contextid="1380" timestamp="2022-02-08T16:13:46.812">
  <scavenger-info tenureage="1" tenuremask="7ffe" tiltratio="67" />
  <memory-copied type="nursery" objects="1454918" bytes="76141024" bytesdiscarded="208448" />
  <memory-copied type="tenure" objects="1296596" bytes="73847016" bytesdiscarded="36296" />
  <finalization candidates="110" enqueued="53" />
  <references type="soft" candidates="14" cleared="0" enqueued="0" dynamicThreshold="12" maxThreshold="32" />
  <references type="weak" candidates="1" cleared="0" enqueued="0" />
  <references type="phantom" candidates="95" cleared="7" enqueued="7" />
  <object-monitors candidates="2" cleared="0"  />
</gc-op>
<gc-end id="1384" type="scavenge" contextid="1380" durationms="88.294" usertimems="348.497" systemtimems="0.000" stalltimems="2.602" timestamp="2022-02-08T16:13:46.812" activeThreads="4">
  <mem-info id="1385" free="202137656" total="1073741824" percent="18">
    <mem type="nursery" free="106364768" total="268435456" percent="39">
      <mem type="allocate" free="106364768" total="182714368" percent="58" />
      <mem type="survivor" free="0" total="85721088" percent="0" />
    </mem>
    <mem type="tenure" free="95772888" total="805306368" percent="11" macro-fragmented="57512708">
      <mem type="soa" free="87719128" total="797252608" percent="11" />
      <mem type="loa" free="8053760" total="8053760" percent="100" />
    </mem>
    <pending-finalizers system="52" default="1" reference="7" classloader="0" />
    <remembered-set count="126" />
  </mem-info>
</gc-end>
<cycle-end id="1386" type="scavenge" contextid="1380" timestamp="2022-02-08T16:13:46.812" />
<allocation-satisfied id="1387" threadId="0000000000016F00" bytesRequested="16" />
<af-end id="1388" timestamp="2022-02-08T16:13:46.812" threadId="0000000000017908" success="true" from="nursery"/>
<exclusive-end id="1389" timestamp="2022-02-08T16:13:46.812" durationms="88.609" />

<concurrent-kickoff id="1390" timestamp="2022-02-08T16:13:47.529">
  <kickoff reason="threshold reached" targetBytes="75855540" thresholdFreeBytes="5991354"  remainingFree="5963616" tenureFreeBytes="95772888" nurseryFreeBytes="5963616" />
</concurrent-kickoff>
<exclusive-start id="1391" timestamp="2022-02-08T16:13:47.533" intervalms="810.137">
  <response-info timems="0.021" idlems="0.021" threads="0" lastid="0000000000016F00" lastname="main" />
</exclusive-start>
<cycle-start id="1392" type="global" contextid="0" timestamp="2022-02-08T16:13:47.534" intervalms="3848.895" />
<concurrent-start id="1393" type="global mark" contextid="1392" timestamp="2022-02-08T16:13:47.534">
</concurrent-start>
<exclusive-end id="1394" timestamp="2022-02-08T16:13:47.534" durationms="0.029" />

<exclusive-start id="1395" timestamp="2022-02-08T16:13:47.674" intervalms="140.102">
  <response-info timems="0.021" idlems="0.021" threads="0" lastid="0000000000016F00" lastname="main" />
</exclusive-start>
<af-start id="1396" threadId="0000000000017908" totalBytesRequested="208" timestamp="2022-02-08T16:13:47.674" intervalms="950.239" type="nursery" />
<cycle-start id="1397" type="scavenge" contextid="0" timestamp="2022-02-08T16:13:47.674" intervalms="950.240" />
<gc-start id="1398" type="scavenge" contextid="1397" timestamp="2022-02-08T16:13:47.674">
  <mem-info id="1399" free="95772888" total="1073741824" percent="8">
    <mem type="nursery" free="0" total="268435456" percent="0">
      <mem type="allocate" free="0" total="182714368" percent="0" />
      <mem type="survivor" free="0" total="85721088" percent="0" />
    </mem>
    <mem type="tenure" free="95772888" total="805306368" percent="11">
      <mem type="soa" free="87719128" total="797252608" percent="11" />
      <mem type="loa" free="8053760" total="8053760" percent="100" />
    </mem>
    <remembered-set count="127" />
  </mem-info>
</gc-start>
<allocation-stats totalBytes="106315016" >
  <allocated-bytes non-tlh="16" tlh="106315000" />
  <largest-consumer threadName="main" threadId="0000000000016F00" bytes="106306824" />
</allocation-stats>
<gc-op id="1400" type="scavenge" timems="83.394" contextid="1397" timestamp="2022-02-08T16:13:47.757">
  <scavenger-info tenureage="1" tenuremask="7ffe" tiltratio="68" />
  <memory-copied type="nursery" objects="1370642" bytes="75736440" bytesdiscarded="132864" />
  <memory-copied type="tenure" objects="1454207" bytes="75673168" bytesdiscarded="31520" />
  <finalization candidates="57" enqueued="0" />
  <object-monitors candidates="2" cleared="0"  />
</gc-op>
<gc-end id="1401" type="scavenge" contextid="1397" durationms="83.514" usertimems="324.693" systemtimems="0.925" stalltimems="4.267" timestamp="2022-02-08T16:13:47.757" activeThreads="4">
  <mem-info id="1402" free="127442704" total="1073741824" percent="11">
    <mem type="nursery" free="107565960" total="268435456" percent="40">
      <mem type="allocate" free="107565960" total="183435264" percent="58" />
      <mem type="survivor" free="0" total="85000192" percent="0" />
    </mem>
    <mem type="tenure" free="19876744" total="805306368" percent="2" macro-fragmented="18886860">
      <mem type="soa" free="11822984" total="797252608" percent="1" />
      <mem type="loa" free="8053760" total="8053760" percent="100" />
    </mem>
    <remembered-set count="99" />
  </mem-info>
</gc-end>
<cycle-end id="1403" type="scavenge" contextid="1397" timestamp="2022-02-08T16:13:47.757" />
<allocation-satisfied id="1404" threadId="0000000000016F00" bytesRequested="208" />
<af-end id="1405" timestamp="2022-02-08T16:13:47.757" threadId="0000000000017908" success="true" from="nursery"/>
<exclusive-end id="1406" timestamp="2022-02-08T16:13:47.757" durationms="83.786" />

<concurrent-end id="1407" type="global mark" contextid="1392" timestamp="2022-02-08T16:13:47.882">
<gc-op id="1408" type="trace" timems="348.224" contextid="1392" timestamp="2022-02-08T16:13:47.882">
  <trace bytesTraced="74428848" workStackOverflowCount="0" />
  <card-cleaning reason="card cleaning threshold reached" bytesTraced="808" cardsCleaned="2" />
</gc-op>
</concurrent-end>

<exclusive-start id="1409" timestamp="2022-02-08T16:13:47.882" intervalms="208.192">
  <response-info timems="0.018" idlems="0.018" threads="0" lastid="0000000000016F00" lastname="main" />
</exclusive-start>
<concurrent-global-final id="1410" timestamp="2022-02-08T16:13:47.882" contextid="1392" intervalms="3852.983" >
  <concurrent-trace-info reason="card cleaning threshold reached" tracedByMutators="56906208" tracedByHelpers="17523448" cardsCleaned="2" workStackOverflowCount="0" />
</concurrent-global-final>
<gc-start id="1411" type="global" contextid="1392" timestamp="2022-02-08T16:13:47.882">
  <mem-info id="1412" free="119742016" total="1073741824" percent="11">
    <mem type="nursery" free="99865272" total="268435456" percent="37">
      <mem type="allocate" free="99865272" total="183435264" percent="54" />
      <mem type="survivor" free="0" total="85000192" percent="0" />
    </mem>
    <mem type="tenure" free="19876744" total="805306368" percent="2">
      <mem type="soa" free="11822984" total="797252608" percent="1" />
      <mem type="loa" free="8053760" total="8053760" percent="100" />
    </mem>
    <remembered-set count="99" />
  </mem-info>
</gc-start>
<allocation-stats totalBytes="7696576" >
  <allocated-bytes non-tlh="208" tlh="7696368" />
  <largest-consumer threadName="main" threadId="0000000000016F00" bytes="7696576" />
</allocation-stats>
<gc-op id="1413" type="rs-scan" timems="0.516" contextid="1392" timestamp="2022-02-08T16:13:47.882">
  <scan objectsFound="0" bytesTraced="3692" workStackOverflowCount="0" />
</gc-op>
<gc-op id="1414" type="card-cleaning" timems="148.708" contextid="1392" timestamp="2022-02-08T16:13:48.031">
  <card-cleaning cardsCleaned="10" bytesTraced="71011988" workStackOverflowCount="0" />
</gc-op>
<gc-op id="1415" type="mark" timems="76.444" contextid="1392" timestamp="2022-02-08T16:13:48.108">
  <trace-info objectcount="2393107" scancount="1796358" scanbytes="38389992" />
  <finalization candidates="428" enqueued="57" />
  <ownableSynchronizers candidates="1" cleared="0" />
  <references type="soft" candidates="894" cleared="0" enqueued="0" dynamicThreshold="12" maxThreshold="32" />
  <references type="weak" candidates="1701" cleared="0" enqueued="0" />
  <references type="phantom" candidates="52" cleared="2" enqueued="2" />
  <stringconstants candidates="6471" cleared="0"  />
  <object-monitors candidates="2" cleared="0"  />
</gc-op>
<gc-op id="1416" type="sweep" timems="5.151" contextid="1392" timestamp="2022-02-08T16:13:48.113" />
<gc-end id="1417" type="global" contextid="1392" durationms="231.029" usertimems="297.803" systemtimems="0.466" stalltimems="186.690" timestamp="2022-02-08T16:13:48.113" activeThreads="4">
  <mem-info id="1418" free="363027160" total="1073741824" percent="33">
    <mem type="nursery" free="100091208" total="268435456" percent="37">
      <mem type="allocate" free="100091208" total="183435264" percent="54" />
      <mem type="survivor" free="0" total="85000192" percent="0" />
    </mem>
    <mem type="tenure" free="262935952" total="805306368" percent="32" micro-fragmented="263909" macro-fragmented="0">
      <mem type="soa" free="254882192" total="797252608" percent="31" />
      <mem type="loa" free="8053760" total="8053760" percent="100" />
    </mem>
    <pending-finalizers system="57" default="0" reference="2" classloader="0" />
    <remembered-set count="99" />
  </mem-info>
</gc-end>
<cycle-end id="1419" type="global" contextid="1392" timestamp="2022-02-08T16:13:48.113" />
<exclusive-end id="1420" timestamp="2022-02-08T16:13:48.113" durationms="231.230" />

<exclusive-start id="1421" timestamp="2022-02-08T16:13:48.780" intervalms="897.991">
  <response-info timems="0.020" idlems="0.020" threads="0" lastid="0000000000016F00" lastname="main" />
</exclusive-start>
<af-start id="1422" threadId="0000000000017908" totalBytesRequested="104" timestamp="2022-02-08T16:13:48.780" intervalms="1106.185" type="nursery" />
<cycle-start id="1423" type="scavenge" contextid="0" timestamp="2022-02-08T16:13:48.780" intervalms="1106.184" />
<gc-start id="1424" type="scavenge" contextid="1423" timestamp="2022-02-08T16:13:48.780">
  <mem-info id="1425" free="262935952" total="1073741824" percent="24">
    <mem type="nursery" free="0" total="268435456" percent="0">
      <mem type="allocate" free="0" total="183435264" percent="0" />
      <mem type="survivor" free="0" total="85000192" percent="0" />
    </mem>
    <mem type="tenure" free="262935952" total="805306368" percent="32">
      <mem type="soa" free="254882192" total="797252608" percent="31" />
      <mem type="loa" free="8053760" total="8053760" percent="100" />
    </mem>
    <remembered-set count="102" />
  </mem-info>
</gc-start>
<allocation-stats totalBytes="100045208" >
  <allocated-bytes non-tlh="0" tlh="100045208" />
  <largest-consumer threadName="main" threadId="0000000000016F00" bytes="100041112" />
</allocation-stats>
<gc-op id="1426" type="scavenge" timems="81.209" contextid="1423" timestamp="2022-02-08T16:13:48.861">
  <scavenger-info tenureage="1" tenuremask="7ffe" tiltratio="68" />
  <memory-copied type="nursery" objects="1351706" bytes="76504624" bytesdiscarded="146736" />
  <memory-copied type="tenure" objects="1370641" bytes="75736328" bytesdiscarded="41496" />
  <ownableSynchronizers candidates="2" cleared="2" />
  <object-monitors candidates="2" cleared="0"  />
</gc-op>
<gc-end id="1427" type="scavenge" contextid="1423" durationms="81.429" usertimems="320.328" systemtimems="0.000" stalltimems="2.213" timestamp="2022-02-08T16:13:48.861" activeThreads="4">
  <mem-info id="1428" free="294963064" total="1073741824" percent="27">
    <mem type="nursery" free="107963552" total="268435456" percent="40">
      <mem type="allocate" free="107963552" total="184614912" percent="58" />
      <mem type="survivor" free="0" total="83820544" percent="0" />
    </mem>
    <mem type="tenure" free="186999512" total="805306368" percent="23" macro-fragmented="0">
      <mem type="soa" free="178945752" total="797252608" percent="22" />
      <mem type="loa" free="8053760" total="8053760" percent="100" />
    </mem>
    <remembered-set count="102" />
  </mem-info>
</gc-end>
<cycle-end id="1429" type="scavenge" contextid="1423" timestamp="2022-02-08T16:13:48.861" />
<allocation-satisfied id="1430" threadId="0000000000016F00" bytesRequested="104" />
<af-end id="1431" timestamp="2022-02-08T16:13:48.861" threadId="0000000000017908" success="true" from="nursery"/>
<exclusive-end id="1432" timestamp="2022-02-08T16:13:48.861" durationms="81.676" />

<exclusive-start id="1433" timestamp="2022-02-08T16:13:49.781" intervalms="1001.504">
  <response-info timems="0.026" idlems="0.026" threads="0" lastid="0000000000016F00" lastname="main" />
</exclusive-start>
<af-start id="1434" threadId="0000000000017908" totalBytesRequested="104" timestamp="2022-02-08T16:13:49.781" intervalms="1001.509" type="nursery" />
<cycle-start id="1435" type="scavenge" contextid="0" timestamp="2022-02-08T16:13:49.781" intervalms="1001.540" />
<gc-start id="1436" type="scavenge" contextid="1435" timestamp="2022-02-08T16:13:49.781">
  <mem-info id="1437" free="186999512" total="1073741824" percent="17">
    <mem type="nursery" free="0" total="268435456" percent="0">
      <mem type="allocate" free="0" total="184614912" percent="0" />
      <mem type="survivor" free="0" total="83820544" percent="0" />
    </mem>
    <mem type="tenure" free="186999512" total="805306368" percent="23">
      <mem type="soa" free="178945752" total="797252608" percent="22" />
      <mem type="loa" free="8053760" total="8053760" percent="100" />
    </mem>
    <remembered-set count="133" />
  </mem-info>
</gc-start>
<allocation-stats totalBytes="107916632" >
  <allocated-bytes non-tlh="1493872" tlh="106422760" />
  <largest-consumer threadName="main" threadId="0000000000016F00" bytes="107916632" />
</allocation-stats>
<gc-op id="1438" type="scavenge" timems="88.537" contextid="1435" timestamp="2022-02-08T16:13:49.870">
  <scavenger-info tenureage="1" tenuremask="7ffe" tiltratio="68" />
  <memory-copied type="nursery" objects="1452259" bytes="75923984" bytesdiscarded="214568" />
  <memory-copied type="tenure" objects="1351706" bytes="76504624" bytesdiscarded="38896" />
  <finalization candidates="109" enqueued="53" />
  <references type="soft" candidates="14" cleared="0" enqueued="0" dynamicThreshold="10" maxThreshold="32" />
  <references type="weak" candidates="1" cleared="0" enqueued="0" />
  <references type="phantom" candidates="94" cleared="7" enqueued="7" />
  <object-monitors candidates="2" cleared="0"  />
</gc-op>
<gc-end id="1439" type="scavenge" contextid="1435" durationms="88.840" usertimems="330.817" systemtimems="0.583" stalltimems="3.188" timestamp="2022-02-08T16:13:49.870" activeThreads="4">
  <mem-info id="1440" free="219125160" total="1073741824" percent="20">
    <mem type="nursery" free="108738376" total="268435456" percent="40">
      <mem type="allocate" free="108738376" total="184877056" percent="58" />
      <mem type="survivor" free="0" total="83558400" percent="0" />
    </mem>
    <mem type="tenure" free="110386784" total="805306368" percent="13" macro-fragmented="0">
      <mem type="soa" free="102333024" total="797252608" percent="12" />
      <mem type="loa" free="8053760" total="8053760" percent="100" />
    </mem>
    <pending-finalizers system="52" default="1" reference="7" classloader="0" />
    <remembered-set count="129" />
  </mem-info>
</gc-end>
<cycle-end id="1441" type="scavenge" contextid="1435" timestamp="2022-02-08T16:13:49.870" />
<allocation-satisfied id="1442" threadId="0000000000016F00" bytesRequested="104" />
<af-end id="1443" timestamp="2022-02-08T16:13:49.870" threadId="0000000000017908" success="true" from="nursery"/>
<exclusive-end id="1444" timestamp="2022-02-08T16:13:49.871" durationms="89.234" />

<concurrent-kickoff id="1445" timestamp="2022-02-08T16:13:50.609">
  <kickoff reason="threshold reached" targetBytes="75569836" thresholdFreeBytes="5942476"  remainingFree="5834368" tenureFreeBytes="110386784" nurseryFreeBytes="5834368" />
</concurrent-kickoff>
<exclusive-start id="1446" timestamp="2022-02-08T16:13:50.613" intervalms="831.262">
  <response-info timems="0.023" idlems="0.023" threads="0" lastid="0000000000016F00" lastname="main" />
</exclusive-start>
<cycle-start id="1447" type="global" contextid="0" timestamp="2022-02-08T16:13:50.613" intervalms="3079.051" />
<concurrent-start id="1448" type="global mark" contextid="1447" timestamp="2022-02-08T16:13:50.613">
</concurrent-start>
<exclusive-end id="1449" timestamp="2022-02-08T16:13:50.613" durationms="0.029" />

<exclusive-start id="1450" timestamp="2022-02-08T16:13:50.739" intervalms="126.729">
  <response-info timems="0.039" idlems="0.039" threads="0" lastid="0000000000016F00" lastname="main" />
</exclusive-start>
<af-start id="1451" threadId="0000000000017908" totalBytesRequested="112" timestamp="2022-02-08T16:13:50.739" intervalms="957.985" type="nursery" />
<cycle-start id="1452" type="scavenge" contextid="0" timestamp="2022-02-08T16:13:50.739" intervalms="957.954" />
<gc-start id="1453" type="scavenge" contextid="1452" timestamp="2022-02-08T16:13:50.739">
  <mem-info id="1454" free="110386784" total="1073741824" percent="10">
    <mem type="nursery" free="0" total="268435456" percent="0">
      <mem type="allocate" free="0" total="184877056" percent="0" />
      <mem type="survivor" free="0" total="83558400" percent="0" />
    </mem>
    <mem type="tenure" free="110386784" total="805306368" percent="13">
      <mem type="soa" free="102333024" total="797252608" percent="12" />
      <mem type="loa" free="8053760" total="8053760" percent="100" />
    </mem>
    <remembered-set count="130" />
  </mem-info>
</gc-start>
<allocation-stats totalBytes="108686360" >
  <allocated-bytes non-tlh="1347784" tlh="107338576" />
  <largest-consumer threadName="main" threadId="0000000000016F00" bytes="108678168" />
</allocation-stats>
<gc-op id="1455" type="scavenge" timems="81.178" contextid="1452" timestamp="2022-02-08T16:13:50.821">
  <scavenger-info tenureage="1" tenuremask="7ffe" tiltratio="68" />
  <memory-copied type="nursery" objects="1383385" bytes="77812232" bytesdiscarded="318648" />
  <memory-copied type="tenure" objects="1451540" bytes="74980816" bytesdiscarded="39280" />
  <finalization candidates="57" enqueued="0" />
  <references type="phantom" candidates="1" cleared="0" enqueued="0" />
  <object-monitors candidates="2" cleared="0"  />
</gc-op>
<gc-end id="1456" type="scavenge" contextid="1452" durationms="81.405" usertimems="320.424" systemtimems="0.191" stalltimems="3.171" timestamp="2022-02-08T16:13:50.821" activeThreads="4">
  <mem-info id="1457" free="140159064" total="1073741824" percent="13">
    <mem type="nursery" free="104714560" total="268435456" percent="39">
      <mem type="allocate" free="104714560" total="182845440" percent="57" />
      <mem type="survivor" free="0" total="85590016" percent="0" />
    </mem>
    <mem type="tenure" free="35444504" total="805306368" percent="4" macro-fragmented="0">
      <mem type="soa" free="27390744" total="797252608" percent="3" />
      <mem type="loa" free="8053760" total="8053760" percent="100" />
    </mem>
    <remembered-set count="99" />
  </mem-info>
</gc-end>
<cycle-end id="1458" type="scavenge" contextid="1452" timestamp="2022-02-08T16:13:50.821" />
<allocation-satisfied id="1459" threadId="0000000000016F00" bytesRequested="112" />
<af-end id="1460" timestamp="2022-02-08T16:13:50.821" threadId="0000000000017908" success="true" from="nursery"/>
<exclusive-end id="1461" timestamp="2022-02-08T16:13:50.821" durationms="81.836" />

<concurrent-end id="1462" type="global mark" contextid="1447" timestamp="2022-02-08T16:13:50.949">
<gc-op id="1463" type="trace" timems="336.631" contextid="1447" timestamp="2022-02-08T16:13:50.949">
  <trace bytesTraced="74429104" workStackOverflowCount="0" />
  <card-cleaning reason="card cleaning threshold reached" bytesTraced="808" cardsCleaned="2" />
</gc-op>
</concurrent-end>

<exclusive-start id="1464" timestamp="2022-02-08T16:13:50.949" intervalms="209.974">
  <response-info timems="0.018" idlems="0.018" threads="0" lastid="0000000000016F00" lastname="main" />
</exclusive-start>
<concurrent-global-final id="1465" timestamp="2022-02-08T16:13:50.949" contextid="1447" intervalms="3067.459" >
  <concurrent-trace-info reason="card cleaning threshold reached" tracedByMutators="56973120" tracedByHelpers="17456792" cardsCleaned="2" workStackOverflowCount="0" />
</concurrent-global-final>
<gc-start id="1466" type="global" contextid="1447" timestamp="2022-02-08T16:13:50.949">
  <mem-info id="1467" free="132196328" total="1073741824" percent="12">
    <mem type="nursery" free="96751824" total="268435456" percent="36">
      <mem type="allocate" free="96751824" total="182845440" percent="52" />
      <mem type="survivor" free="0" total="85590016" percent="0" />
    </mem>
    <mem type="tenure" free="35444504" total="805306368" percent="4">
      <mem type="soa" free="27390744" total="797252608" percent="3" />
      <mem type="loa" free="8053760" total="8053760" percent="100" />
    </mem>
    <remembered-set count="99" />
  </mem-info>
</gc-start>
<allocation-stats totalBytes="7958704" >
  <allocated-bytes non-tlh="112" tlh="7958592" />
  <largest-consumer threadName="main" threadId="0000000000016F00" bytes="7958704" />
</allocation-stats>
<gc-op id="1468" type="rs-scan" timems="0.547" contextid="1447" timestamp="2022-02-08T16:13:50.950">
  <scan objectsFound="29" bytesTraced="5124" workStackOverflowCount="0" />
</gc-op>
<gc-op id="1469" type="card-cleaning" timems="149.923" contextid="1447" timestamp="2022-02-08T16:13:51.100">
  <card-cleaning cardsCleaned="9" bytesTraced="71010180" workStackOverflowCount="0" />
</gc-op>
<gc-op id="1470" type="mark" timems="64.175" contextid="1447" timestamp="2022-02-08T16:13:51.164">
  <trace-info objectcount="2152499" scancount="1615902" scanbytes="34540264" />
  <finalization candidates="428" enqueued="57" />
  <ownableSynchronizers candidates="1" cleared="0" />
  <references type="soft" candidates="894" cleared="0" enqueued="0" dynamicThreshold="10" maxThreshold="32" />
  <references type="weak" candidates="1701" cleared="0" enqueued="0" />
  <references type="phantom" candidates="52" cleared="2" enqueued="2" />
  <stringconstants candidates="6471" cleared="0"  />
  <object-monitors candidates="2" cleared="0"  />
</gc-op>
<gc-op id="1471" type="sweep" timems="5.011" contextid="1447" timestamp="2022-02-08T16:13:51.169" />
<gc-end id="1472" type="global" contextid="1447" durationms="219.859" usertimems="245.258" systemtimems="0.000" stalltimems="192.384" timestamp="2022-02-08T16:13:51.169" activeThreads="4">
  <mem-info id="1473" free="375484960" total="1073741824" percent="34">
    <mem type="nursery" free="97162512" total="268435456" percent="36">
      <mem type="allocate" free="97162512" total="182845440" percent="53" />
      <mem type="survivor" free="0" total="85590016" percent="0" />
    </mem>
    <mem type="tenure" free="278322448" total="805306368" percent="34" micro-fragmented="249329" macro-fragmented="0">
      <mem type="soa" free="270268688" total="797252608" percent="33" />
      <mem type="loa" free="8053760" total="8053760" percent="100" />
    </mem>
    <pending-finalizers system="57" default="0" reference="2" classloader="0" />
    <remembered-set count="99" />
  </mem-info>
</gc-end>
<cycle-end id="1474" type="global" contextid="1447" timestamp="2022-02-08T16:13:51.169" />
<exclusive-end id="1475" timestamp="2022-02-08T16:13:51.169" durationms="220.103" />

<exclusive-start id="1476" timestamp="2022-02-08T16:13:51.796" intervalms="846.295">
  <response-info timems="0.019" idlems="0.019" threads="0" lastid="0000000000016F00" lastname="main" />
</exclusive-start>
<af-start id="1477" threadId="0000000000017908" totalBytesRequested="208" timestamp="2022-02-08T16:13:51.796" intervalms="1056.268" type="nursery" />
<cycle-start id="1478" type="scavenge" contextid="0" timestamp="2022-02-08T16:13:51.796" intervalms="1056.268" />
<gc-start id="1479" type="scavenge" contextid="1478" timestamp="2022-02-08T16:13:51.796">
  <mem-info id="1480" free="278322448" total="1073741824" percent="25">
    <mem type="nursery" free="0" total="268435456" percent="0">
      <mem type="allocate" free="0" total="182845440" percent="0" />
      <mem type="survivor" free="0" total="85590016" percent="0" />
    </mem>
    <mem type="tenure" free="278322448" total="805306368" percent="34">
      <mem type="soa" free="270268688" total="797252608" percent="33" />
      <mem type="loa" free="8053760" total="8053760" percent="100" />
    </mem>
    <remembered-set count="102" />
  </mem-info>
</gc-start>
<allocation-stats totalBytes="97116816" >
  <allocated-bytes non-tlh="0" tlh="97116816" />
  <largest-consumer threadName="main" threadId="0000000000016F00" bytes="97112720" />
</allocation-stats>
<gc-op id="1481" type="scavenge" timems="77.899" contextid="1478" timestamp="2022-02-08T16:13:51.874">
  <scavenger-info tenureage="1" tenuremask="7ffe" tiltratio="68" />
  <memory-copied type="nursery" objects="1316011" bytes="74610016" bytesdiscarded="96464" />
  <memory-copied type="tenure" objects="1383385" bytes="77812232" bytesdiscarded="43368" />
  <finalization candidates="1" enqueued="0" />
  <ownableSynchronizers candidates="2" cleared="2" />
  <object-monitors candidates="2" cleared="0"  />
</gc-op>
<gc-end id="1482" type="scavenge" contextid="1478" durationms="78.095" usertimems="304.967" systemtimems="0.000" stalltimems="5.775" timestamp="2022-02-08T16:13:51.874" activeThreads="4">
  <mem-info id="1483" free="308795312" total="1073741824" percent="28">
    <mem type="nursery" free="108466640" total="268435456" percent="40">
      <mem type="allocate" free="108466640" total="183173120" percent="59" />
      <mem type="survivor" free="0" total="85262336" percent="0" />
    </mem>
    <mem type="tenure" free="200328672" total="805306368" percent="24" macro-fragmented="0">
      <mem type="soa" free="192274912" total="797252608" percent="24" />
      <mem type="loa" free="8053760" total="8053760" percent="100" />
    </mem>
    <remembered-set count="102" />
  </mem-info>
</gc-end>
<cycle-end id="1484" type="scavenge" contextid="1478" timestamp="2022-02-08T16:13:51.874" />
<allocation-satisfied id="1485" threadId="0000000000016F00" bytesRequested="208" />
<af-end id="1486" timestamp="2022-02-08T16:13:51.874" threadId="0000000000017908" success="true" from="nursery"/>
<exclusive-end id="1487" timestamp="2022-02-08T16:13:51.874" durationms="78.420" />

<exclusive-start id="1488" timestamp="2022-02-08T16:13:52.812" intervalms="1016.562">
  <response-info timems="0.020" idlems="0.020" threads="0" lastid="0000000000016F00" lastname="main" />
</exclusive-start>
<af-start id="1489" threadId="0000000000017908" totalBytesRequested="192" timestamp="2022-02-08T16:13:52.812" intervalms="1016.563" type="nursery" />
<cycle-start id="1490" type="scavenge" contextid="0" timestamp="2022-02-08T16:13:52.812" intervalms="1016.563" />
<gc-start id="1491" type="scavenge" contextid="1490" timestamp="2022-02-08T16:13:52.812">
  <mem-info id="1492" free="200328672" total="1073741824" percent="18">
    <mem type="nursery" free="0" total="268435456" percent="0">
      <mem type="allocate" free="0" total="183173120" percent="0" />
      <mem type="survivor" free="0" total="85262336" percent="0" />
    </mem>
    <mem type="tenure" free="200328672" total="805306368" percent="24">
      <mem type="soa" free="192274912" total="797252608" percent="24" />
      <mem type="loa" free="8053760" total="8053760" percent="100" />
    </mem>
    <remembered-set count="133" />
  </mem-info>
</gc-start>
<allocation-stats totalBytes="108421496" >
  <allocated-bytes non-tlh="1493976" tlh="106927520" />
  <largest-consumer threadName="main" threadId="0000000000016F00" bytes="108421496" />
</allocation-stats>
<gc-op id="1493" type="scavenge" timems="88.139" contextid="1490" timestamp="2022-02-08T16:13:52.900">
  <scavenger-info tenureage="1" tenuremask="7ffe" tiltratio="68" />
  <memory-copied type="nursery" objects="1492612" bytes="76365208" bytesdiscarded="194528" />
  <memory-copied type="tenure" objects="1316010" bytes="74609904" bytesdiscarded="39832" />
  <finalization candidates="109" enqueued="53" />
  <references type="soft" candidates="14" cleared="0" enqueued="0" dynamicThreshold="11" maxThreshold="32" />
  <references type="weak" candidates="1" cleared="0" enqueued="0" />
  <references type="phantom" candidates="94" cleared="7" enqueued="7" />
  <object-monitors candidates="2" cleared="0"  />
</gc-op>
<gc-end id="1494" type="scavenge" contextid="1490" durationms="88.358" usertimems="348.846" systemtimems="0.000" stalltimems="2.763" timestamp="2022-02-08T16:13:52.901" activeThreads="4">
  <mem-info id="1495" free="232392200" total="1073741824" percent="21">
    <mem type="nursery" free="106744328" total="268435456" percent="39">
      <mem type="allocate" free="106744328" total="183304192" percent="58" />
      <mem type="survivor" free="0" total="85131264" percent="0" />
    </mem>
    <mem type="tenure" free="125647872" total="805306368" percent="15" macro-fragmented="0">
      <mem type="soa" free="117594112" total="797252608" percent="14" />
      <mem type="loa" free="8053760" total="8053760" percent="100" />
    </mem>
    <pending-finalizers system="52" default="1" reference="7" classloader="0" />
    <remembered-set count="129" />
  </mem-info>
</gc-end>
<cycle-end id="1496" type="scavenge" contextid="1490" timestamp="2022-02-08T16:13:52.901" />
<allocation-satisfied id="1497" threadId="0000000000016F00" bytesRequested="192" />
<af-end id="1498" timestamp="2022-02-08T16:13:52.901" threadId="0000000000017908" success="true" from="nursery"/>
<exclusive-end id="1499" timestamp="2022-02-08T16:13:52.901" durationms="88.614" />

<concurrent-kickoff id="1500" timestamp="2022-02-08T16:13:53.608">
  <kickoff reason="threshold reached" targetBytes="75341481" thresholdFreeBytes="5903216"  remainingFree="5818888" tenureFreeBytes="125647872" nurseryFreeBytes="5818888" />
</concurrent-kickoff>
<exclusive-start id="1501" timestamp="2022-02-08T16:13:53.611" intervalms="798.442">
  <response-info timems="0.022" idlems="0.022" threads="0" lastid="0000000000016F00" lastname="main" />
</exclusive-start>
<cycle-start id="1502" type="global" contextid="0" timestamp="2022-02-08T16:13:53.611" intervalms="2998.012" />
<concurrent-start id="1503" type="global mark" contextid="1502" timestamp="2022-02-08T16:13:53.611">
</concurrent-start>
<exclusive-end id="1504" timestamp="2022-02-08T16:13:53.611" durationms="0.041" />

<exclusive-start id="1505" timestamp="2022-02-08T16:13:53.741" intervalms="130.342">
  <response-info timems="0.033" idlems="0.033" threads="0" lastid="0000000000016F00" lastname="main" />
</exclusive-start>
<af-start id="1506" threadId="0000000000017908" totalBytesRequested="184" timestamp="2022-02-08T16:13:53.741" intervalms="928.784" type="nursery" />
<cycle-start id="1507" type="scavenge" contextid="0" timestamp="2022-02-08T16:13:53.741" intervalms="928.784" />
<gc-start id="1508" type="scavenge" contextid="1507" timestamp="2022-02-08T16:13:53.741">
  <mem-info id="1509" free="125647872" total="1073741824" percent="11">
    <mem type="nursery" free="0" total="268435456" percent="0">
      <mem type="allocate" free="0" total="183304192" percent="0" />
      <mem type="survivor" free="0" total="85131264" percent="0" />
    </mem>
    <mem type="tenure" free="125647872" total="805306368" percent="15">
      <mem type="soa" free="117594112" total="797252608" percent="14" />
      <mem type="loa" free="8053760" total="8053760" percent="100" />
    </mem>
    <remembered-set count="130" />
  </mem-info>
</gc-start>
<allocation-stats totalBytes="106689160" >
  <allocated-bytes non-tlh="1347872" tlh="105341288" />
  <largest-consumer threadName="main" threadId="0000000000016F00" bytes="106680968" />
</allocation-stats>
<gc-op id="1510" type="scavenge" timems="98.333" contextid="1507" timestamp="2022-02-08T16:13:53.839">
  <scavenger-info tenureage="1" tenuremask="7ffe" tiltratio="68" />
  <memory-copied type="nursery" objects="1335930" bytes="76350576" bytesdiscarded="296624" />
  <memory-copied type="tenure" objects="1491892" bytes="75421936" bytesdiscarded="39776" />
  <finalization candidates="57" enqueued="0" />
  <references type="phantom" candidates="1" cleared="0" enqueued="0" />
  <object-monitors candidates="2" cleared="0"  />
</gc-op>
<gc-end id="1511" type="scavenge" contextid="1507" durationms="98.588" usertimems="331.793" systemtimems="18.999" stalltimems="10.381" timestamp="2022-02-08T16:13:53.840" activeThreads="4">
  <mem-info id="1512" free="157467264" total="1073741824" percent="14">
    <mem type="nursery" free="107181280" total="268435456" percent="39">
      <mem type="allocate" free="107181280" total="183828480" percent="58" />
      <mem type="survivor" free="0" total="84606976" percent="0" />
    </mem>
    <mem type="tenure" free="50285984" total="805306368" percent="6" macro-fragmented="0">
      <mem type="soa" free="42232224" total="797252608" percent="5" />
      <mem type="loa" free="8053760" total="8053760" percent="100" />
    </mem>
    <remembered-set count="99" />
  </mem-info>
</gc-end>
<cycle-end id="1513" type="scavenge" contextid="1507" timestamp="2022-02-08T16:13:53.840" />
<allocation-satisfied id="1514" threadId="0000000000016F00" bytesRequested="184" />
<af-end id="1515" timestamp="2022-02-08T16:13:53.840" threadId="0000000000017908" success="true" from="nursery"/>
<exclusive-end id="1516" timestamp="2022-02-08T16:13:53.840" durationms="98.929" />

<concurrent-end id="1517" type="global mark" contextid="1502" timestamp="2022-02-08T16:13:53.968">
<gc-op id="1518" type="trace" timems="357.869" contextid="1502" timestamp="2022-02-08T16:13:53.968">
  <trace bytesTraced="74429200" workStackOverflowCount="0" />
  <card-cleaning reason="card cleaning threshold reached" bytesTraced="808" cardsCleaned="2" />
</gc-op>
</concurrent-end>

<exclusive-start id="1519" timestamp="2022-02-08T16:13:53.968" intervalms="227.611">
  <response-info timems="0.021" idlems="0.021" threads="0" lastid="0000000000016F00" lastname="main" />
</exclusive-start>
<concurrent-global-final id="1520" timestamp="2022-02-08T16:13:53.969" contextid="1502" intervalms="3019.253" >
  <concurrent-trace-info reason="card cleaning threshold reached" tracedByMutators="59061992" tracedByHelpers="15368016" cardsCleaned="2" workStackOverflowCount="0" />
</concurrent-global-final>
<gc-start id="1521" type="global" contextid="1502" timestamp="2022-02-08T16:13:53.969">
  <mem-info id="1522" free="149635528" total="1073741824" percent="13">
    <mem type="nursery" free="99349544" total="268435456" percent="37">
      <mem type="allocate" free="99349544" total="183828480" percent="54" />
      <mem type="survivor" free="0" total="84606976" percent="0" />
    </mem>
    <mem type="tenure" free="50285984" total="805306368" percent="6">
      <mem type="soa" free="42232224" total="797252608" percent="5" />
      <mem type="loa" free="8053760" total="8053760" percent="100" />
    </mem>
    <remembered-set count="99" />
  </mem-info>
</gc-start>
<allocation-stats totalBytes="7828056" >
  <allocated-bytes non-tlh="184" tlh="7827872" />
  <largest-consumer threadName="main" threadId="0000000000016F00" bytes="7828056" />
</allocation-stats>
<gc-op id="1523" type="rs-scan" timems="0.741" contextid="1502" timestamp="2022-02-08T16:13:53.969">
  <scan objectsFound="29" bytesTraced="5124" workStackOverflowCount="0" />
</gc-op>
<gc-op id="1524" type="card-cleaning" timems="165.106" contextid="1502" timestamp="2022-02-08T16:13:54.134">
  <card-cleaning cardsCleaned="9" bytesTraced="71010292" workStackOverflowCount="0" />
</gc-op>
<gc-op id="1525" type="mark" timems="53.586" contextid="1502" timestamp="2022-02-08T16:13:54.188">
  <trace-info objectcount="1859851" scancount="1396415" scanbytes="29857920" />
  <finalization candidates="428" enqueued="57" />
  <ownableSynchronizers candidates="1" cleared="0" />
  <references type="soft" candidates="894" cleared="0" enqueued="0" dynamicThreshold="11" maxThreshold="32" />
  <references type="weak" candidates="1701" cleared="0" enqueued="0" />
  <references type="phantom" candidates="52" cleared="2" enqueued="2" />
  <stringconstants candidates="6471" cleared="0"  />
  <object-monitors candidates="2" cleared="0"  />
</gc-op>
<gc-op id="1526" type="sweep" timems="7.604" contextid="1502" timestamp="2022-02-08T16:13:54.196" />
<gc-end id="1527" type="global" contextid="1502" durationms="227.268" usertimems="243.739" systemtimems="0.000" stalltimems="166.488" timestamp="2022-02-08T16:13:54.196" activeThreads="4">
  <mem-info id="1528" free="392818024" total="1073741824" percent="36">
    <mem type="nursery" free="99738512" total="268435456" percent="37">
      <mem type="allocate" free="99738512" total="183828480" percent="54" />
      <mem type="survivor" free="0" total="84606976" percent="0" />
    </mem>
    <mem type="tenure" free="293079512" total="805306368" percent="36" micro-fragmented="240337" macro-fragmented="0">
      <mem type="soa" free="285025752" total="797252608" percent="35" />
      <mem type="loa" free="8053760" total="8053760" percent="100" />
    </mem>
    <pending-finalizers system="57" default="0" reference="2" classloader="0" />
    <remembered-set count="99" />
  </mem-info>
</gc-end>
<cycle-end id="1529" type="global" contextid="1502" timestamp="2022-02-08T16:13:54.196" />
<exclusive-end id="1530" timestamp="2022-02-08T16:13:54.196" durationms="227.525" />

<exclusive-start id="1531" timestamp="2022-02-08T16:13:54.876" intervalms="907.213">
  <response-info timems="0.025" idlems="0.025" threads="0" lastid="0000000000016F00" lastname="main" />
</exclusive-start>
<af-start id="1532" threadId="0000000000017908" totalBytesRequested="184" timestamp="2022-02-08T16:13:54.876" intervalms="1134.824" type="nursery" />
<cycle-start id="1533" type="scavenge" contextid="0" timestamp="2022-02-08T16:13:54.876" intervalms="1134.825" />
<gc-start id="1534" type="scavenge" contextid="1533" timestamp="2022-02-08T16:13:54.876">
  <mem-info id="1535" free="293079512" total="1073741824" percent="27">
    <mem type="nursery" free="0" total="268435456" percent="0">
      <mem type="allocate" free="0" total="183828480" percent="0" />
      <mem type="survivor" free="0" total="84606976" percent="0" />
    </mem>
    <mem type="tenure" free="293079512" total="805306368" percent="36">
      <mem type="soa" free="285025752" total="797252608" percent="35" />
      <mem type="loa" free="8053760" total="8053760" percent="100" />
    </mem>
    <remembered-set count="102" />
  </mem-info>
</gc-start>
<allocation-stats totalBytes="99691680" >
  <allocated-bytes non-tlh="0" tlh="99691680" />
  <largest-consumer threadName="main" threadId="0000000000016F00" bytes="99687584" />
</allocation-stats>
<gc-op id="1536" type="scavenge" timems="80.868" contextid="1533" timestamp="2022-02-08T16:13:54.957">
  <scavenger-info tenureage="1" tenuremask="7ffe" tiltratio="68" />
  <memory-copied type="nursery" objects="1356075" bytes="76373632" bytesdiscarded="295048" />
  <memory-copied type="tenure" objects="1335929" bytes="76350472" bytesdiscarded="44824" />
  <finalization candidates="1" enqueued="0" />
  <ownableSynchronizers candidates="2" cleared="2" />
  <object-monitors candidates="2" cleared="0"  />
</gc-op>
<gc-end id="1537" type="scavenge" contextid="1533" durationms="81.095" usertimems="311.626" systemtimems="0.076" stalltimems="5.311" timestamp="2022-02-08T16:13:54.957" activeThreads="4">
  <mem-info id="1538" free="324207536" total="1073741824" percent="30">
    <mem type="nursery" free="107553016" total="268435456" percent="40">
      <mem type="allocate" free="107553016" total="184221696" percent="58" />
      <mem type="survivor" free="0" total="84213760" percent="0" />
    </mem>
    <mem type="tenure" free="216654520" total="805306368" percent="26" macro-fragmented="0">
      <mem type="soa" free="208600760" total="797252608" percent="26" />
      <mem type="loa" free="8053760" total="8053760" percent="100" />
    </mem>
    <remembered-set count="102" />
  </mem-info>
</gc-end>
<cycle-end id="1539" type="scavenge" contextid="1533" timestamp="2022-02-08T16:13:54.957" />
<allocation-satisfied id="1540" threadId="0000000000016F00" bytesRequested="184" />
<af-end id="1541" timestamp="2022-02-08T16:13:54.957" threadId="0000000000017908" success="true" from="nursery"/>
<exclusive-end id="1542" timestamp="2022-02-08T16:13:54.957" durationms="81.377" />

<exclusive-start id="1543" timestamp="2022-02-08T16:13:55.858" intervalms="982.311">
  <response-info timems="0.020" idlems="0.020" threads="0" lastid="0000000000016F00" lastname="main" />
</exclusive-start>
<af-start id="1544" threadId="0000000000017908" totalBytesRequested="192" timestamp="2022-02-08T16:13:55.858" intervalms="982.595" type="nursery" />
<cycle-start id="1545" type="scavenge" contextid="0" timestamp="2022-02-08T16:13:55.858" intervalms="982.658" />
<gc-start id="1546" type="scavenge" contextid="1545" timestamp="2022-02-08T16:13:55.859">
  <mem-info id="1547" free="216654520" total="1073741824" percent="20">
    <mem type="nursery" free="0" total="268435456" percent="0">
      <mem type="allocate" free="0" total="184221696" percent="0" />
      <mem type="survivor" free="0" total="84213760" percent="0" />
    </mem>
    <mem type="tenure" free="216654520" total="805306368" percent="26">
      <mem type="soa" free="208600760" total="797252608" percent="26" />
      <mem type="loa" free="8053760" total="8053760" percent="100" />
    </mem>
    <remembered-set count="133" />
  </mem-info>
</gc-start>
<allocation-stats totalBytes="107506256" >
  <allocated-bytes non-tlh="1115624" tlh="106390632" />
  <largest-consumer threadName="main" threadId="0000000000016F00" bytes="107506256" />
</allocation-stats>
<gc-op id="1548" type="scavenge" timems="81.287" contextid="1545" timestamp="2022-02-08T16:13:55.940">
  <scavenger-info tenureage="1" tenuremask="7ffe" tiltratio="68" />
  <memory-copied type="nursery" objects="1487111" bytes="75728624" bytesdiscarded="119632" />
  <memory-copied type="tenure" objects="1356074" bytes="76373528" bytesdiscarded="41960" />
  <finalization candidates="108" enqueued="53" />
  <references type="soft" candidates="14" cleared="0" enqueued="0" dynamicThreshold="11" maxThreshold="32" />
  <references type="weak" candidates="1" cleared="0" enqueued="0" />
  <references type="phantom" candidates="93" cleared="7" enqueued="7" />
  <object-monitors candidates="2" cleared="0"  />
</gc-op>
<gc-end id="1549" type="scavenge" contextid="1545" durationms="81.562" usertimems="316.994" systemtimems="0.000" stalltimems="2.417" timestamp="2022-02-08T16:13:55.940" activeThreads="4">
  <mem-info id="1550" free="248908080" total="1073741824" percent="23">
    <mem type="nursery" free="108766528" total="268435456" percent="40">
      <mem type="allocate" free="108766528" total="184614912" percent="58" />
      <mem type="survivor" free="0" total="83820544" percent="0" />
    </mem>
    <mem type="tenure" free="140141552" total="805306368" percent="17" macro-fragmented="57512708">
      <mem type="soa" free="132087792" total="797252608" percent="16" />
      <mem type="loa" free="8053760" total="8053760" percent="100" />
    </mem>
    <pending-finalizers system="52" default="1" reference="7" classloader="0" />
    <remembered-set count="129" />
  </mem-info>
</gc-end>
<cycle-end id="1551" type="scavenge" contextid="1545" timestamp="2022-02-08T16:13:55.940" />
<allocation-satisfied id="1552" threadId="0000000000016F00" bytesRequested="192" />
<af-end id="1553" timestamp="2022-02-08T16:13:55.940" threadId="0000000000017908" success="true" from="nursery"/>
<exclusive-end id="1554" timestamp="2022-02-08T16:13:55.940" durationms="82.264" />

<concurrent-kickoff id="1555" timestamp="2022-02-08T16:13:56.690">
  <kickoff reason="threshold reached" targetBytes="75158931" thresholdFreeBytes="5871808"  remainingFree="5780520" tenureFreeBytes="140141552" nurseryFreeBytes="5780520" />
</concurrent-kickoff>
<exclusive-start id="1556" timestamp="2022-02-08T16:13:56.693" intervalms="834.745">
  <response-info timems="0.026" idlems="0.026" threads="0" lastid="0000000000016F00" lastname="main" />
</exclusive-start>
<cycle-start id="1557" type="global" contextid="0" timestamp="2022-02-08T16:13:56.693" intervalms="3082.208" />
<concurrent-start id="1558" type="global mark" contextid="1557" timestamp="2022-02-08T16:13:56.693">
</concurrent-start>
<exclusive-end id="1559" timestamp="2022-02-08T16:13:56.693" durationms="0.026" />

<exclusive-start id="1560" timestamp="2022-02-08T16:13:56.829" intervalms="136.632">
  <response-info timems="0.055" idlems="0.055" threads="0" lastid="0000000000016F00" lastname="main" />
</exclusive-start>
<af-start id="1561" threadId="0000000000017908" totalBytesRequested="184" timestamp="2022-02-08T16:13:56.829" intervalms="971.092" type="nursery" />
<cycle-start id="1562" type="scavenge" contextid="0" timestamp="2022-02-08T16:13:56.829" intervalms="971.029" />
<gc-start id="1563" type="scavenge" contextid="1562" timestamp="2022-02-08T16:13:56.829">
  <mem-info id="1564" free="140141552" total="1073741824" percent="13">
    <mem type="nursery" free="0" total="268435456" percent="0">
      <mem type="allocate" free="0" total="184614912" percent="0" />
      <mem type="survivor" free="0" total="83820544" percent="0" />
    </mem>
    <mem type="tenure" free="140141552" total="805306368" percent="17">
      <mem type="soa" free="132087792" total="797252608" percent="16" />
      <mem type="loa" free="8053760" total="8053760" percent="100" />
    </mem>
    <remembered-set count="130" />
  </mem-info>
</gc-start>
<allocation-stats totalBytes="108711936" >
  <allocated-bytes non-tlh="1823000" tlh="106888936" />
  <largest-consumer threadName="main" threadId="0000000000016F00" bytes="108703744" />
</allocation-stats>
<gc-op id="1565" type="scavenge" timems="93.824" contextid="1562" timestamp="2022-02-08T16:13:56.923">
  <scavenger-info tenureage="1" tenuremask="7ffe" tiltratio="68" />
  <memory-copied type="nursery" objects="1357339" bytes="77479536" bytesdiscarded="206576" />
  <memory-copied type="tenure" objects="1486391" bytes="75090760" bytesdiscarded="34520" />
  <finalization candidates="57" enqueued="0" />
  <references type="phantom" candidates="2" cleared="0" enqueued="0" />
  <object-monitors candidates="2" cleared="0"  />
</gc-op>
<gc-end id="1566" type="scavenge" contextid="1562" durationms="94.014" usertimems="363.132" systemtimems="0.000" stalltimems="3.927" timestamp="2022-02-08T16:13:56.924" activeThreads="4">
  <mem-info id="1567" free="170376280" total="1073741824" percent="15">
    <mem type="nursery" free="105487008" total="268435456" percent="39">
      <mem type="allocate" free="105487008" total="183173120" percent="57" />
      <mem type="survivor" free="0" total="85262336" percent="0" />
    </mem>
    <mem type="tenure" free="64889272" total="805306368" percent="8" macro-fragmented="47927252">
      <mem type="soa" free="56835512" total="797252608" percent="7" />
      <mem type="loa" free="8053760" total="8053760" percent="100" />
    </mem>
    <remembered-set count="100" />
  </mem-info>
</gc-end>
<cycle-end id="1568" type="scavenge" contextid="1562" timestamp="2022-02-08T16:13:56.924" />
<allocation-satisfied id="1569" threadId="0000000000016F00" bytesRequested="184" />
<af-end id="1570" timestamp="2022-02-08T16:13:56.924" threadId="0000000000017908" success="true" from="nursery"/>
<exclusive-end id="1571" timestamp="2022-02-08T16:13:56.924" durationms="94.365" />

<concurrent-end id="1572" type="global mark" contextid="1557" timestamp="2022-02-08T16:13:57.046">
<gc-op id="1573" type="trace" timems="353.004" contextid="1557" timestamp="2022-02-08T16:13:57.046">
  <trace bytesTraced="74429520" workStackOverflowCount="0" />
  <card-cleaning reason="card cleaning threshold reached" bytesTraced="808" cardsCleaned="2" />
</gc-op>
</concurrent-end>

<exclusive-start id="1574" timestamp="2022-02-08T16:13:57.046" intervalms="216.443">
  <response-info timems="0.022" idlems="0.022" threads="0" lastid="0000000000016F00" lastname="main" />
</exclusive-start>
<concurrent-global-final id="1575" timestamp="2022-02-08T16:13:57.046" contextid="1557" intervalms="3077.344" >
  <concurrent-trace-info reason="card cleaning threshold reached" tracedByMutators="56946500" tracedByHelpers="17483828" cardsCleaned="2" workStackOverflowCount="0" />
</concurrent-global-final>
<gc-start id="1576" type="global" contextid="1557" timestamp="2022-02-08T16:13:57.046">
  <mem-info id="1577" free="162413472" total="1073741824" percent="15">
    <mem type="nursery" free="97524200" total="268435456" percent="36">
      <mem type="allocate" free="97524200" total="183173120" percent="53" />
      <mem type="survivor" free="0" total="85262336" percent="0" />
    </mem>
    <mem type="tenure" free="64889272" total="805306368" percent="8">
      <mem type="soa" free="56835512" total="797252608" percent="7" />
      <mem type="loa" free="8053760" total="8053760" percent="100" />
    </mem>
    <remembered-set count="100" />
  </mem-info>
</gc-start>
<allocation-stats totalBytes="7958736" >
  <allocated-bytes non-tlh="184" tlh="7958552" />
  <largest-consumer threadName="main" threadId="0000000000016F00" bytes="7958736" />
</allocation-stats>
<gc-op id="1578" type="rs-scan" timems="0.800" contextid="1557" timestamp="2022-02-08T16:13:57.047">
  <scan objectsFound="29" bytesTraced="5124" workStackOverflowCount="0" />
</gc-op>
<gc-op id="1579" type="card-cleaning" timems="156.771" contextid="1557" timestamp="2022-02-08T16:13:57.204">
  <card-cleaning cardsCleaned="9" bytesTraced="71010180" workStackOverflowCount="0" />
</gc-op>
<gc-op id="1580" type="mark" timems="44.710" contextid="1557" timestamp="2022-02-08T16:13:57.248">
  <trace-info objectcount="1625673" scancount="1220782" scanbytes="26111080" />
  <finalization candidates="428" enqueued="57" />
  <ownableSynchronizers candidates="1" cleared="0" />
  <references type="soft" candidates="894" cleared="0" enqueued="0" dynamicThreshold="11" maxThreshold="32" />
  <references type="weak" candidates="1701" cleared="0" enqueued="0" />
  <references type="phantom" candidates="52" cleared="2" enqueued="2" />
  <stringconstants candidates="6471" cleared="0"  />
  <object-monitors candidates="2" cleared="0"  />
</gc-op>
<gc-op id="1581" type="sweep" timems="4.819" contextid="1557" timestamp="2022-02-08T16:13:57.253" />
<gc-end id="1582" type="global" contextid="1557" durationms="207.323" usertimems="220.878" systemtimems="0.455" stalltimems="133.927" timestamp="2022-02-08T16:13:57.253" activeThreads="4">
  <mem-info id="1583" free="405698496" total="1073741824" percent="37">
    <mem type="nursery" free="97821088" total="268435456" percent="36">
      <mem type="allocate" free="97821088" total="183173120" percent="53" />
      <mem type="survivor" free="0" total="85262336" percent="0" />
    </mem>
    <mem type="tenure" free="307877408" total="805306368" percent="38" micro-fragmented="268257" macro-fragmented="0">
      <mem type="soa" free="299823648" total="797252608" percent="37" />
      <mem type="loa" free="8053760" total="8053760" percent="100" />
    </mem>
    <pending-finalizers system="57" default="0" reference="2" classloader="0" />
    <remembered-set count="100" />
  </mem-info>
</gc-end>
<cycle-end id="1584" type="global" contextid="1557" timestamp="2022-02-08T16:13:57.253" />
<exclusive-end id="1585" timestamp="2022-02-08T16:13:57.253" durationms="207.537" />

<exclusive-start id="1586" timestamp="2022-02-08T16:13:57.916" intervalms="870.350">
  <response-info timems="0.020" idlems="0.020" threads="0" lastid="0000000000016F00" lastname="main" />
</exclusive-start>
<af-start id="1587" threadId="0000000000017908" totalBytesRequested="184" timestamp="2022-02-08T16:13:57.916" intervalms="1086.792" type="nursery" />
<cycle-start id="1588" type="scavenge" contextid="0" timestamp="2022-02-08T16:13:57.916" intervalms="1086.791" />
<gc-start id="1589" type="scavenge" contextid="1588" timestamp="2022-02-08T16:13:57.916">
  <mem-info id="1590" free="307877408" total="1073741824" percent="28">
    <mem type="nursery" free="0" total="268435456" percent="0">
      <mem type="allocate" free="0" total="183173120" percent="0" />
      <mem type="survivor" free="0" total="85262336" percent="0" />
    </mem>
    <mem type="tenure" free="307877408" total="805306368" percent="38">
      <mem type="soa" free="299823648" total="797252608" percent="37" />
      <mem type="loa" free="8053760" total="8053760" percent="100" />
    </mem>
    <remembered-set count="103" />
  </mem-info>
</gc-start>
<allocation-stats totalBytes="97774760" >
  <allocated-bytes non-tlh="0" tlh="97774760" />
  <largest-consumer threadName="main" threadId="0000000000016F00" bytes="97770664" />
</allocation-stats>
<gc-op id="1591" type="scavenge" timems="82.529" contextid="1588" timestamp="2022-02-08T16:13:57.999">
  <scavenger-info tenureage="1" tenuremask="7ffe" tiltratio="68" />
  <memory-copied type="nursery" objects="1331979" bytes="75109384" bytesdiscarded="189552" />
  <memory-copied type="tenure" objects="1357338" bytes="77479432" bytesdiscarded="44248" />
  <finalization candidates="2" enqueued="0" />
  <ownableSynchronizers candidates="2" cleared="2" />
  <object-monitors candidates="2" cleared="0"  />
</gc-op>
<gc-end id="1592" type="scavenge" contextid="1588" durationms="82.836" usertimems="316.035" systemtimems="0.000" stalltimems="13.151" timestamp="2022-02-08T16:13:57.999" activeThreads="4">
  <mem-info id="1593" free="338223408" total="1073741824" percent="31">
    <mem type="nursery" free="108201864" total="268435456" percent="40">
      <mem type="allocate" free="108201864" total="183500800" percent="58" />
      <mem type="survivor" free="0" total="84934656" percent="0" />
    </mem>
    <mem type="tenure" free="230021544" total="805306368" percent="28" macro-fragmented="0">
      <mem type="soa" free="221967784" total="797252608" percent="27" />
      <mem type="loa" free="8053760" total="8053760" percent="100" />
    </mem>
    <remembered-set count="102" />
  </mem-info>
</gc-end>
<cycle-end id="1594" type="scavenge" contextid="1588" timestamp="2022-02-08T16:13:57.999" />
<allocation-satisfied id="1595" threadId="0000000000016F00" bytesRequested="184" />
<af-end id="1596" timestamp="2022-02-08T16:13:57.999" threadId="0000000000017908" success="true" from="nursery"/>
<exclusive-end id="1597" timestamp="2022-02-08T16:13:57.999" durationms="83.176" />

<exclusive-start id="1598" timestamp="2022-02-08T16:13:58.735" intervalms="818.974">
  <response-info timems="0.018" idlems="0.018" threads="0" lastid="0000000000016F00" lastname="main" />
</exclusive-start>
<af-start id="1599" threadId="0000000000017908" totalBytesRequested="192" timestamp="2022-02-08T16:13:58.735" intervalms="818.990" type="nursery" />
<cycle-start id="1600" type="scavenge" contextid="0" timestamp="2022-02-08T16:13:58.735" intervalms="818.991" />
<gc-start id="1601" type="scavenge" contextid="1600" timestamp="2022-02-08T16:13:58.735">
  <mem-info id="1602" free="230021544" total="1073741824" percent="21">
    <mem type="nursery" free="0" total="268435456" percent="0">
      <mem type="allocate" free="0" total="183500800" percent="0" />
      <mem type="survivor" free="0" total="84934656" percent="0" />
    </mem>
    <mem type="tenure" free="230021544" total="805306368" percent="28">
      <mem type="soa" free="221967784" total="797252608" percent="27" />
      <mem type="loa" free="8053760" total="8053760" percent="100" />
    </mem>
    <remembered-set count="116" />
  </mem-info>
</gc-start>
<allocation-stats totalBytes="108152400" >
  <allocated-bytes non-tlh="453888" tlh="107698512" />
  <largest-consumer threadName="main" threadId="0000000000016F00" bytes="108152400" />
</allocation-stats>
<gc-op id="1603" type="scavenge" timems="93.907" contextid="1600" timestamp="2022-02-08T16:13:58.829">
  <scavenger-info tenureage="1" tenuremask="7ffe" tiltratio="68" />
  <memory-copied type="nursery" objects="1361619" bytes="77014424" bytesdiscarded="125136" />
  <memory-copied type="tenure" objects="1331978" bytes="75109280" bytesdiscarded="39336" />
  <finalization candidates="30" enqueued="18" />
  <references type="phantom" candidates="30" cleared="0" enqueued="0" />
  <object-monitors candidates="2" cleared="0"  />
</gc-op>
<gc-end id="1604" type="scavenge" contextid="1600" durationms="94.191" usertimems="344.463" systemtimems="0.867" stalltimems="3.476" timestamp="2022-02-08T16:13:58.829" activeThreads="4">
  <mem-info id="1605" free="261091536" total="1073741824" percent="24">
    <mem type="nursery" free="106099096" total="268435456" percent="39">
      <mem type="allocate" free="106099096" total="183238656" percent="57" />
      <mem type="survivor" free="0" total="85196800" percent="0" />
    </mem>
    <mem type="tenure" free="154992440" total="805306368" percent="19" macro-fragmented="0">
      <mem type="soa" free="146938680" total="797252608" percent="18" />
      <mem type="loa" free="8053760" total="8053760" percent="100" />
    </mem>
    <pending-finalizers system="18" default="0" reference="0" classloader="0" />
    <remembered-set count="116" />
  </mem-info>
</gc-end>
<cycle-end id="1606" type="scavenge" contextid="1600" timestamp="2022-02-08T16:13:58.830" />
<allocation-satisfied id="1607" threadId="0000000000016F00" bytesRequested="192" />
<af-end id="1608" timestamp="2022-02-08T16:13:58.830" threadId="0000000000017908" success="true" from="nursery"/>
<exclusive-end id="1609" timestamp="2022-02-08T16:13:58.830" durationms="94.551" />

<concurrent-kickoff id="1610" timestamp="2022-02-08T16:13:59.665">
  <kickoff reason="threshold reached" targetBytes="75013025" thresholdFreeBytes="5850077"  remainingFree="5829016" tenureFreeBytes="154992440" nurseryFreeBytes="5829016" />
</concurrent-kickoff>
<exclusive-start id="1611" timestamp="2022-02-08T16:13:59.668" intervalms="932.659">
  <response-info timems="0.022" idlems="0.022" threads="0" lastid="0000000000016F00" lastname="main" />
</exclusive-start>
<cycle-start id="1612" type="global" contextid="0" timestamp="2022-02-08T16:13:59.668" intervalms="2975.060" />
<concurrent-start id="1613" type="global mark" contextid="1612" timestamp="2022-02-08T16:13:59.668">
</concurrent-start>
<exclusive-end id="1614" timestamp="2022-02-08T16:13:59.668" durationms="0.027" />

<exclusive-start id="1615" timestamp="2022-02-08T16:13:59.809" intervalms="140.958">
  <response-info timems="0.021" idlems="0.021" threads="0" lastid="0000000000016F00" lastname="main" />
</exclusive-start>
<af-start id="1616" threadId="0000000000017908" totalBytesRequested="184" timestamp="2022-02-08T16:13:59.809" intervalms="1073.602" type="nursery" />
<cycle-start id="1617" type="scavenge" contextid="0" timestamp="2022-02-08T16:13:59.809" intervalms="1073.601" />
<gc-start id="1618" type="scavenge" contextid="1617" timestamp="2022-02-08T16:13:59.809">
  <mem-info id="1619" free="154992440" total="1073741824" percent="14">
    <mem type="nursery" free="0" total="268435456" percent="0">
      <mem type="allocate" free="0" total="183238656" percent="0" />
      <mem type="survivor" free="0" total="85196800" percent="0" />
    </mem>
    <mem type="tenure" free="154992440" total="805306368" percent="19">
      <mem type="soa" free="146938680" total="797252608" percent="18" />
      <mem type="loa" free="8053760" total="8053760" percent="100" />
    </mem>
    <remembered-set count="133" />
  </mem-info>
</gc-start>
<allocation-stats totalBytes="106048704" >
  <allocated-bytes non-tlh="2555312" tlh="103493392" />
  <largest-consumer threadName="main" threadId="0000000000016F00" bytes="106044608" />
</allocation-stats>
<gc-op id="1620" type="scavenge" timems="85.247" contextid="1617" timestamp="2022-02-08T16:13:59.894">
  <scavenger-info tenureage="1" tenuremask="7ffe" tiltratio="68" />
  <memory-copied type="nursery" objects="1411835" bytes="74882272" bytesdiscarded="118928" />
  <memory-copied type="tenure" objects="1361320" bytes="76401680" bytesdiscarded="37784" />
  <finalization candidates="92" enqueued="35" />
  <references type="soft" candidates="14" cleared="0" enqueued="0" dynamicThreshold="12" maxThreshold="32" />
  <references type="weak" candidates="1" cleared="0" enqueued="0" />
  <references type="phantom" candidates="77" cleared="7" enqueued="7" />
  <object-monitors candidates="2" cleared="0"  />
</gc-op>
<gc-end id="1621" type="scavenge" contextid="1617" durationms="85.429" usertimems="324.053" systemtimems="2.202" stalltimems="3.335" timestamp="2022-02-08T16:13:59.894" activeThreads="4">
  <mem-info id="1622" free="187263720" total="1073741824" percent="17">
    <mem type="nursery" free="108630544" total="268435456" percent="40">
      <mem type="allocate" free="108630544" total="183631872" percent="59" />
      <mem type="survivor" free="0" total="84803584" percent="0" />
    </mem>
    <mem type="tenure" free="78633176" total="805306368" percent="9" macro-fragmented="47927252">
      <mem type="soa" free="70579416" total="797252608" percent="8" />
      <mem type="loa" free="8053760" total="8053760" percent="100" />
    </mem>
    <pending-finalizers system="34" default="1" reference="7" classloader="0" />
    <remembered-set count="118" />
  </mem-info>
</gc-end>
<cycle-end id="1623" type="scavenge" contextid="1617" timestamp="2022-02-08T16:13:59.894" />
<allocation-satisfied id="1624" threadId="0000000000016F00" bytesRequested="184" />
<af-end id="1625" timestamp="2022-02-08T16:13:59.894" threadId="0000000000017908" success="true" from="nursery"/>
<exclusive-end id="1626" timestamp="2022-02-08T16:13:59.894" durationms="85.714" />

<concurrent-end id="1627" type="global mark" contextid="1612" timestamp="2022-02-08T16:14:00.040">
<gc-op id="1628" type="trace" timems="371.803" contextid="1612" timestamp="2022-02-08T16:14:00.040">
  <trace bytesTraced="74429760" workStackOverflowCount="0" />
  <card-cleaning reason="card cleaning threshold reached" bytesTraced="808" cardsCleaned="2" />
</gc-op>
</concurrent-end>

<exclusive-start id="1629" timestamp="2022-02-08T16:14:00.040" intervalms="230.945">
  <response-info timems="0.022" idlems="0.022" threads="0" lastid="0000000000016F00" lastname="main" />
</exclusive-start>
<concurrent-global-final id="1630" timestamp="2022-02-08T16:14:00.040" contextid="1612" intervalms="2993.893" >
  <concurrent-trace-info reason="card cleaning threshold reached" tracedByMutators="57925152" tracedByHelpers="16505416" cardsCleaned="2" workStackOverflowCount="0" />
</concurrent-global-final>
<gc-start id="1631" type="global" contextid="1612" timestamp="2022-02-08T16:14:00.040">
  <mem-info id="1632" free="179030576" total="1073741824" percent="16">
    <mem type="nursery" free="100397400" total="268435456" percent="37">
      <mem type="allocate" free="100397400" total="183631872" percent="54" />
      <mem type="survivor" free="0" total="84803584" percent="0" />
    </mem>
    <mem type="tenure" free="78633176" total="805306368" percent="9">
      <mem type="soa" free="70579416" total="797252608" percent="8" />
      <mem type="loa" free="8053760" total="8053760" percent="100" />
    </mem>
    <remembered-set count="119" />
  </mem-info>
</gc-start>
<allocation-stats totalBytes="8228960" >
  <allocated-bytes non-tlh="184" tlh="8228776" />
  <largest-consumer threadName="main" threadId="0000000000016F00" bytes="8220768" />
</allocation-stats>
<gc-op id="1633" type="rs-scan" timems="137.207" contextid="1612" timestamp="2022-02-08T16:14:00.177">
  <scan objectsFound="3324744" bytesTraced="71013100" workStackOverflowCount="0" />
</gc-op>
<gc-op id="1634" type="card-cleaning" timems="0.749" contextid="1612" timestamp="2022-02-08T16:14:00.178">
  <card-cleaning cardsCleaned="4" bytesTraced="1636" workStackOverflowCount="0" />
</gc-op>
<gc-op id="1635" type="mark" timems="35.070" contextid="1612" timestamp="2022-02-08T16:14:00.213">
  <trace-info objectcount="1303353" scancount="979041" scanbytes="20953928" />
  <finalization candidates="428" enqueued="57" />
  <ownableSynchronizers candidates="1" cleared="0" />
  <references type="soft" candidates="894" cleared="0" enqueued="0" dynamicThreshold="12" maxThreshold="32" />
  <references type="weak" candidates="1701" cleared="0" enqueued="0" />
  <references type="phantom" candidates="52" cleared="2" enqueued="2" />
  <stringconstants candidates="6471" cleared="0"  />
  <object-monitors candidates="2" cleared="0"  />
</gc-op>
<gc-op id="1636" type="sweep" timems="6.420" contextid="1612" timestamp="2022-02-08T16:14:00.219" />
<gc-end id="1637" type="global" contextid="1612" durationms="179.646" usertimems="191.334" systemtimems="3.593" stalltimems="105.114" timestamp="2022-02-08T16:14:00.219" activeThreads="4">
  <mem-info id="1638" free="422431352" total="1073741824" percent="39">
    <mem type="nursery" free="100931208" total="268435456" percent="37">
      <mem type="allocate" free="100931208" total="183631872" percent="54" />
      <mem type="survivor" free="0" total="84803584" percent="0" />
    </mem>
    <mem type="tenure" free="321500144" total="805306368" percent="39" micro-fragmented="229316" macro-fragmented="0">
      <mem type="soa" free="313446384" total="797252608" percent="39" />
      <mem type="loa" free="8053760" total="8053760" percent="100" />
    </mem>
    <pending-finalizers system="57" default="0" reference="2" classloader="0" />
    <remembered-set count="106" />
  </mem-info>
</gc-end>
<cycle-end id="1639" type="global" contextid="1612" timestamp="2022-02-08T16:14:00.220" />
<exclusive-end id="1640" timestamp="2022-02-08T16:14:00.220" durationms="179.884" />

<exclusive-start id="1641" timestamp="2022-02-08T16:14:00.949" intervalms="909.006">
  <response-info timems="0.020" idlems="0.020" threads="0" lastid="0000000000016F00" lastname="main" />
</exclusive-start>
<af-start id="1642" threadId="0000000000017908" totalBytesRequested="200" timestamp="2022-02-08T16:14:00.949" intervalms="1139.967" type="nursery" />
<cycle-start id="1643" type="scavenge" contextid="0" timestamp="2022-02-08T16:14:00.949" intervalms="1139.968" />
<gc-start id="1644" type="scavenge" contextid="1643" timestamp="2022-02-08T16:14:00.949">
  <mem-info id="1645" free="321500144" total="1073741824" percent="29">
    <mem type="nursery" free="0" total="268435456" percent="0">
      <mem type="allocate" free="0" total="183631872" percent="0" />
      <mem type="survivor" free="0" total="84803584" percent="0" />
    </mem>
    <mem type="tenure" free="321500144" total="805306368" percent="39">
      <mem type="soa" free="313446384" total="797252608" percent="39" />
      <mem type="loa" free="8053760" total="8053760" percent="100" />
    </mem>
    <remembered-set count="107" />
  </mem-info>
</gc-start>
<allocation-stats totalBytes="100882944" >
  <allocated-bytes non-tlh="0" tlh="100882944" />
  <largest-consumer threadName="main" threadId="0000000000016F00" bytes="100878848" />
</allocation-stats>
<gc-op id="1646" type="scavenge" timems="97.030" contextid="1643" timestamp="2022-02-08T16:14:01.046">
  <scavenger-info tenureage="1" tenuremask="7ffe" tiltratio="68" />
  <memory-copied type="nursery" objects="1407199" bytes="77621808" bytesdiscarded="161896" />
  <memory-copied type="tenure" objects="1411353" bytes="74570424" bytesdiscarded="41248" />
  <finalization candidates="45" enqueued="0" />
  <ownableSynchronizers candidates="2" cleared="2" />
  <object-monitors candidates="2" cleared="0"  />
</gc-op>
<gc-end id="1647" type="scavenge" contextid="1643" durationms="97.221" usertimems="377.340" systemtimems="1.629" stalltimems="3.890" timestamp="2022-02-08T16:14:01.046" activeThreads="4">
  <mem-info id="1648" free="350931400" total="1073741824" percent="32">
    <mem type="nursery" free="104209768" total="268435456" percent="38">
      <mem type="allocate" free="104209768" total="181993472" percent="57" />
      <mem type="survivor" free="0" total="86441984" percent="0" />
    </mem>
    <mem type="tenure" free="246721632" total="805306368" percent="30" macro-fragmented="0">
      <mem type="soa" free="238667872" total="797252608" percent="29" />
      <mem type="loa" free="8053760" total="8053760" percent="100" />
    </mem>
    <remembered-set count="101" />
  </mem-info>
</gc-end>
<cycle-end id="1649" type="scavenge" contextid="1643" timestamp="2022-02-08T16:14:01.046" />
<allocation-satisfied id="1650" threadId="0000000000016F00" bytesRequested="200" />
<af-end id="1651" timestamp="2022-02-08T16:14:01.046" threadId="0000000000017908" success="true" from="nursery"/>
<exclusive-end id="1652" timestamp="2022-02-08T16:14:01.046" durationms="97.774" />

<exclusive-start id="1653" timestamp="2022-02-08T16:14:01.741" intervalms="792.617">
  <response-info timems="0.023" idlems="0.023" threads="0" lastid="0000000000016F00" lastname="main" />
</exclusive-start>
<af-start id="1654" threadId="0000000000017908" totalBytesRequested="176" timestamp="2022-02-08T16:14:01.741" intervalms="792.602" type="nursery" />
<cycle-start id="1655" type="scavenge" contextid="0" timestamp="2022-02-08T16:14:01.741" intervalms="792.603" />
<gc-start id="1656" type="scavenge" contextid="1655" timestamp="2022-02-08T16:14:01.741">
  <mem-info id="1657" free="246721632" total="1073741824" percent="22">
    <mem type="nursery" free="0" total="268435456" percent="0">
      <mem type="allocate" free="0" total="181993472" percent="0" />
      <mem type="survivor" free="0" total="86441984" percent="0" />
    </mem>
    <mem type="tenure" free="246721632" total="805306368" percent="30">
      <mem type="soa" free="238667872" total="797252608" percent="29" />
      <mem type="loa" free="8053760" total="8053760" percent="100" />
    </mem>
    <remembered-set count="101" />
  </mem-info>
</gc-start>
<allocation-stats totalBytes="104162488" >
  <allocated-bytes non-tlh="200" tlh="104162288" />
  <largest-consumer threadName="main" threadId="0000000000016F00" bytes="104162488" />
</allocation-stats>
<gc-op id="1658" type="scavenge" timems="78.593" contextid="1655" timestamp="2022-02-08T16:14:01.820">
  <scavenger-info tenureage="1" tenuremask="7ffe" tiltratio="67" />
  <memory-copied type="nursery" objects="1300457" bytes="74058848" bytesdiscarded="236304" />
  <memory-copied type="tenure" objects="1407198" bytes="77621696" bytesdiscarded="41760" />
  <object-monitors candidates="2" cleared="0"  />
</gc-op>
<gc-end id="1659" type="scavenge" contextid="1655" durationms="78.851" usertimems="310.979" systemtimems="0.000" stalltimems="2.276" timestamp="2022-02-08T16:14:01.820" activeThreads="4">
  <mem-info id="1660" free="277155872" total="1073741824" percent="25">
    <mem type="nursery" free="108222608" total="268435456" percent="40">
      <mem type="allocate" free="108222608" total="182517760" percent="59" />
      <mem type="survivor" free="0" total="85917696" percent="0" />
    </mem>
    <mem type="tenure" free="168933264" total="805306368" percent="20" macro-fragmented="0">
      <mem type="soa" free="160879504" total="797252608" percent="20" />
      <mem type="loa" free="8053760" total="8053760" percent="100" />
    </mem>
    <remembered-set count="101" />
  </mem-info>
</gc-end>
<cycle-end id="1661" type="scavenge" contextid="1655" timestamp="2022-02-08T16:14:01.821" />
<allocation-satisfied id="1662" threadId="0000000000016F00" bytesRequested="176" />
<af-end id="1663" timestamp="2022-02-08T16:14:01.821" threadId="0000000000017908" success="true" from="nursery"/>
<exclusive-end id="1664" timestamp="2022-02-08T16:14:01.821" durationms="79.224" />

<exclusive-start id="1665" timestamp="2022-02-08T16:14:02.786" intervalms="1044.331">
  <response-info timems="0.023" idlems="0.023" threads="0" lastid="0000000000016F00" lastname="main" />
</exclusive-start>
<af-start id="1666" threadId="0000000000017908" totalBytesRequested="88" timestamp="2022-02-08T16:14:02.786" intervalms="1044.359" type="nursery" />
<cycle-start id="1667" type="scavenge" contextid="0" timestamp="2022-02-08T16:14:02.786" intervalms="1044.372" />
<gc-start id="1668" type="scavenge" contextid="1667" timestamp="2022-02-08T16:14:02.786">
  <mem-info id="1669" free="168933264" total="1073741824" percent="15">
    <mem type="nursery" free="0" total="268435456" percent="0">
      <mem type="allocate" free="0" total="182517760" percent="0" />
      <mem type="survivor" free="0" total="85917696" percent="0" />
    </mem>
    <mem type="tenure" free="168933264" total="805306368" percent="20">
      <mem type="soa" free="160879504" total="797252608" percent="20" />
      <mem type="loa" free="8053760" total="8053760" percent="100" />
    </mem>
    <remembered-set count="131" />
  </mem-info>
</gc-start>
<allocation-stats totalBytes="108176808" >
  <allocated-bytes non-tlh="2938424" tlh="105238384" />
  <largest-consumer threadName="main" threadId="0000000000016F00" bytes="108176808" />
</allocation-stats>
<gc-op id="1670" type="scavenge" timems="92.113" contextid="1667" timestamp="2022-02-08T16:14:02.878">
  <scavenger-info tenureage="1" tenuremask="7ffe" tiltratio="67" />
  <memory-copied type="nursery" objects="1456776" bytes="76075504" bytesdiscarded="332288" />
  <memory-copied type="tenure" objects="1300456" bytes="74058752" bytesdiscarded="36648" />
  <finalization candidates="110" enqueued="53" />
  <references type="soft" candidates="14" cleared="0" enqueued="0" dynamicThreshold="12" maxThreshold="32" />
  <references type="weak" candidates="1" cleared="0" enqueued="0" />
  <references type="phantom" candidates="95" cleared="7" enqueued="7" />
  <object-monitors candidates="2" cleared="0"  />
</gc-op>
<gc-end id="1671" type="scavenge" contextid="1667" durationms="92.309" usertimems="354.380" systemtimems="1.169" stalltimems="3.610" timestamp="2022-02-08T16:14:02.878" activeThreads="4">
  <mem-info id="1672" free="201345208" total="1073741824" percent="18">
    <mem type="nursery" free="106437520" total="268435456" percent="39">
      <mem type="allocate" free="106437520" total="182845440" percent="58" />
      <mem type="survivor" free="0" total="85590016" percent="0" />
    </mem>
    <mem type="tenure" free="94907688" total="805306368" percent="11" macro-fragmented="69015248">
      <mem type="soa" free="86853928" total="797252608" percent="10" />
      <mem type="loa" free="8053760" total="8053760" percent="100" />
    </mem>
    <pending-finalizers system="52" default="1" reference="7" classloader="0" />
    <remembered-set count="126" />
  </mem-info>
</gc-end>
<cycle-end id="1673" type="scavenge" contextid="1667" timestamp="2022-02-08T16:14:02.878" />
<allocation-satisfied id="1674" threadId="0000000000016F00" bytesRequested="88" />
<af-end id="1675" timestamp="2022-02-08T16:14:02.878" threadId="0000000000017908" success="true" from="nursery"/>
<exclusive-end id="1676" timestamp="2022-02-08T16:14:02.878" durationms="92.609" />

<concurrent-kickoff id="1677" timestamp="2022-02-08T16:14:03.600">
  <kickoff reason="threshold reached" targetBytes="74896402" thresholdFreeBytes="5829334"  remainingFree="5708688" tenureFreeBytes="94907688" nurseryFreeBytes="5708688" />
</concurrent-kickoff>
<exclusive-start id="1678" timestamp="2022-02-08T16:14:03.603" intervalms="817.251">
  <response-info timems="0.021" idlems="0.021" threads="0" lastid="0000000000016F00" lastname="main" />
</exclusive-start>
<cycle-start id="1679" type="global" contextid="0" timestamp="2022-02-08T16:14:03.603" intervalms="3935.110" />
<concurrent-start id="1680" type="global mark" contextid="1679" timestamp="2022-02-08T16:14:03.603">
</concurrent-start>
<exclusive-end id="1681" timestamp="2022-02-08T16:14:03.603" durationms="0.029" />

<exclusive-start id="1682" timestamp="2022-02-08T16:14:03.732" intervalms="129.169">
  <response-info timems="0.031" idlems="0.031" threads="0" lastid="0000000000016F00" lastname="main" />
</exclusive-start>
<af-start id="1683" threadId="0000000000017908" totalBytesRequested="184" timestamp="2022-02-08T16:14:03.732" intervalms="946.390" type="nursery" />
<cycle-start id="1684" type="scavenge" contextid="0" timestamp="2022-02-08T16:14:03.732" intervalms="946.375" />
<gc-start id="1685" type="scavenge" contextid="1684" timestamp="2022-02-08T16:14:03.732">
  <mem-info id="1686" free="94907688" total="1073741824" percent="8">
    <mem type="nursery" free="0" total="268435456" percent="0">
      <mem type="allocate" free="0" total="182845440" percent="0" />
      <mem type="survivor" free="0" total="85590016" percent="0" />
    </mem>
    <mem type="tenure" free="94907688" total="805306368" percent="11">
      <mem type="soa" free="86853928" total="797252608" percent="10" />
      <mem type="loa" free="8053760" total="8053760" percent="100" />
    </mem>
    <remembered-set count="127" />
  </mem-info>
</gc-start>
<allocation-stats totalBytes="106389424" >
  <allocated-bytes non-tlh="88" tlh="106389336" />
  <largest-consumer threadName="main" threadId="0000000000016F00" bytes="106381232" />
</allocation-stats>
<gc-op id="1687" type="scavenge" timems="81.487" contextid="1684" timestamp="2022-02-08T16:14:03.814">
  <scavenger-info tenureage="1" tenuremask="7ffe" tiltratio="68" />
  <memory-copied type="nursery" objects="1366889" bytes="75773168" bytesdiscarded="268096" />
  <memory-copied type="tenure" objects="1456064" bytes="75607592" bytesdiscarded="36352" />
  <finalization candidates="57" enqueued="0" />
  <object-monitors candidates="2" cleared="0"  />
</gc-op>
<gc-end id="1688" type="scavenge" contextid="1684" durationms="81.607" usertimems="322.120" systemtimems="0.000" stalltimems="2.421" timestamp="2022-02-08T16:14:03.814" activeThreads="4">
  <mem-info id="1689" free="126860432" total="1073741824" percent="11">
    <mem type="nursery" free="107459536" total="268435456" percent="40">
      <mem type="allocate" free="107459536" total="183500800" percent="58" />
      <mem type="survivor" free="0" total="84934656" percent="0" />
    </mem>
    <mem type="tenure" free="19400896" total="805306368" percent="2" macro-fragmented="18886860">
      <mem type="soa" free="11347136" total="797252608" percent="1" />
      <mem type="loa" free="8053760" total="8053760" percent="100" />
    </mem>
    <remembered-set count="100" />
  </mem-info>
</gc-end>
<cycle-end id="1690" type="scavenge" contextid="1684" timestamp="2022-02-08T16:14:03.814" />
<allocation-satisfied id="1691" threadId="0000000000016F00" bytesRequested="184" />
<af-end id="1692" timestamp="2022-02-08T16:14:03.814" threadId="0000000000017908" success="true" from="nursery"/>
<exclusive-end id="1693" timestamp="2022-02-08T16:14:03.814" durationms="81.878" />

<concurrent-end id="1694" type="global mark" contextid="1679" timestamp="2022-02-08T16:14:03.935">
<gc-op id="1695" type="trace" timems="332.144" contextid="1679" timestamp="2022-02-08T16:14:03.935">
  <trace bytesTraced="74429936" workStackOverflowCount="0" />
  <card-cleaning reason="card cleaning threshold reached" bytesTraced="808" cardsCleaned="2" />
</gc-op>
</concurrent-end>

<exclusive-start id="1696" timestamp="2022-02-08T16:14:03.935" intervalms="203.048">
  <response-info timems="0.022" idlems="0.022" threads="0" lastid="0000000000016F00" lastname="main" />
</exclusive-start>
<concurrent-global-final id="1697" timestamp="2022-02-08T16:14:03.935" contextid="1679" intervalms="3895.415" >
  <concurrent-trace-info reason="card cleaning threshold reached" tracedByMutators="52939024" tracedByHelpers="21491720" cardsCleaned="2" workStackOverflowCount="0" />
</concurrent-global-final>
<gc-start id="1698" type="global" contextid="1679" timestamp="2022-02-08T16:14:03.935">
  <mem-info id="1699" free="119815128" total="1073741824" percent="11">
    <mem type="nursery" free="100414232" total="268435456" percent="37">
      <mem type="allocate" free="100414232" total="183500800" percent="54" />
      <mem type="survivor" free="0" total="84934656" percent="0" />
    </mem>
    <mem type="tenure" free="19400896" total="805306368" percent="2">
      <mem type="soa" free="11347136" total="797252608" percent="1" />
      <mem type="loa" free="8053760" total="8053760" percent="100" />
    </mem>
    <remembered-set count="100" />
  </mem-info>
</gc-start>
<allocation-stats totalBytes="7041384" >
  <allocated-bytes non-tlh="184" tlh="7041200" />
  <largest-consumer threadName="main" threadId="0000000000016F00" bytes="7041384" />
</allocation-stats>
<gc-op id="1700" type="rs-scan" timems="0.601" contextid="1679" timestamp="2022-02-08T16:14:03.936">
  <scan objectsFound="0" bytesTraced="3692" workStackOverflowCount="0" />
</gc-op>
<gc-op id="1701" type="card-cleaning" timems="172.040" contextid="1679" timestamp="2022-02-08T16:14:04.108">
  <card-cleaning cardsCleaned="10" bytesTraced="71011940" workStackOverflowCount="0" />
</gc-op>
<gc-op id="1702" type="mark" timems="73.662" contextid="1679" timestamp="2022-02-08T16:14:04.182">
  <trace-info objectcount="2396555" scancount="1798944" scanbytes="38445160" />
  <finalization candidates="428" enqueued="57" />
  <ownableSynchronizers candidates="1" cleared="0" />
  <references type="soft" candidates="894" cleared="0" enqueued="0" dynamicThreshold="12" maxThreshold="32" />
  <references type="weak" candidates="1701" cleared="0" enqueued="0" />
  <references type="phantom" candidates="52" cleared="2" enqueued="2" />
  <stringconstants candidates="6471" cleared="0"  />
  <object-monitors candidates="2" cleared="0"  />
</gc-op>
<gc-op id="1703" type="sweep" timems="5.520" contextid="1679" timestamp="2022-02-08T16:14:04.187" />
<gc-end id="1704" type="global" contextid="1679" durationms="252.095" usertimems="263.290" systemtimems="2.166" stalltimems="219.700" timestamp="2022-02-08T16:14:04.187" activeThreads="4">
  <mem-info id="1705" free="362994408" total="1073741824" percent="33">
    <mem type="nursery" free="100776912" total="268435456" percent="37">
      <mem type="allocate" free="100776912" total="183500800" percent="54" />
      <mem type="survivor" free="0" total="84934656" percent="0" />
    </mem>
    <mem type="tenure" free="262217496" total="805306368" percent="32" micro-fragmented="285151" macro-fragmented="0">
      <mem type="soa" free="254163736" total="797252608" percent="31" />
      <mem type="loa" free="8053760" total="8053760" percent="100" />
    </mem>
    <pending-finalizers system="57" default="0" reference="2" classloader="0" />
    <remembered-set count="100" />
  </mem-info>
</gc-end>
<cycle-end id="1706" type="global" contextid="1679" timestamp="2022-02-08T16:14:04.187" />
<exclusive-end id="1707" timestamp="2022-02-08T16:14:04.188" durationms="252.369" />

<exclusive-start id="1708" timestamp="2022-02-08T16:14:04.821" intervalms="885.811">
  <response-info timems="0.022" idlems="0.022" threads="0" lastid="0000000000016F00" lastname="main" />
</exclusive-start>
<af-start id="1709" threadId="0000000000017908" totalBytesRequested="104" timestamp="2022-02-08T16:14:04.821" intervalms="1088.866" type="nursery" />
<cycle-start id="1710" type="scavenge" contextid="0" timestamp="2022-02-08T16:14:04.821" intervalms="1088.884" />
<gc-start id="1711" type="scavenge" contextid="1710" timestamp="2022-02-08T16:14:04.821">
  <mem-info id="1712" free="262217496" total="1073741824" percent="24">
    <mem type="nursery" free="0" total="268435456" percent="0">
      <mem type="allocate" free="0" total="183500800" percent="0" />
      <mem type="survivor" free="0" total="84934656" percent="0" />
    </mem>
    <mem type="tenure" free="262217496" total="805306368" percent="32">
      <mem type="soa" free="254163736" total="797252608" percent="31" />
      <mem type="loa" free="8053760" total="8053760" percent="100" />
    </mem>
    <remembered-set count="103" />
  </mem-info>
</gc-start>
<allocation-stats totalBytes="100731016" >
  <allocated-bytes non-tlh="0" tlh="100731016" />
  <largest-consumer threadName="main" threadId="0000000000016F00" bytes="100726920" />
</allocation-stats>
<gc-op id="1713" type="scavenge" timems="80.859" contextid="1710" timestamp="2022-02-08T16:14:04.902">
  <scavenger-info tenureage="1" tenuremask="7ffe" tiltratio="68" />
  <memory-copied type="nursery" objects="1355554" bytes="76539496" bytesdiscarded="221488" />
  <memory-copied type="tenure" objects="1366888" bytes="75773064" bytesdiscarded="46800" />
  <ownableSynchronizers candidates="2" cleared="2" />
  <object-monitors candidates="2" cleared="0"  />
</gc-op>
<gc-end id="1714" type="scavenge" contextid="1710" durationms="81.078" usertimems="320.594" systemtimems="0.000" stalltimems="1.553" timestamp="2022-02-08T16:14:04.902" activeThreads="4">
  <mem-info id="1715" free="294154248" total="1073741824" percent="27">
    <mem type="nursery" free="107853928" total="268435456" percent="40">
      <mem type="allocate" free="107853928" total="184614912" percent="58" />
      <mem type="survivor" free="0" total="83820544" percent="0" />
    </mem>
    <mem type="tenure" free="186300320" total="805306368" percent="23" macro-fragmented="0">
      <mem type="soa" free="178246560" total="797252608" percent="22" />
      <mem type="loa" free="8053760" total="8053760" percent="100" />
    </mem>
    <remembered-set count="102" />
  </mem-info>
</gc-end>
<cycle-end id="1716" type="scavenge" contextid="1710" timestamp="2022-02-08T16:14:04.902" />
<allocation-satisfied id="1717" threadId="0000000000016F00" bytesRequested="104" />
<af-end id="1718" timestamp="2022-02-08T16:14:04.902" threadId="0000000000017908" success="true" from="nursery"/>
<exclusive-end id="1719" timestamp="2022-02-08T16:14:04.902" durationms="81.371" />

<exclusive-start id="1720" timestamp="2022-02-08T16:14:05.825" intervalms="1004.194">
  <response-info timems="0.022" idlems="0.022" threads="0" lastid="0000000000016F00" lastname="main" />
</exclusive-start>
<af-start id="1721" threadId="0000000000017908" totalBytesRequested="1347680" timestamp="2022-02-08T16:14:05.825" intervalms="1004.186" type="nursery" />
<cycle-start id="1722" type="scavenge" contextid="0" timestamp="2022-02-08T16:14:05.825" intervalms="1004.170" />
<gc-start id="1723" type="scavenge" contextid="1722" timestamp="2022-02-08T16:14:05.825">
  <mem-info id="1724" free="186609672" total="1073741824" percent="17">
    <mem type="nursery" free="309352" total="268435456" percent="0">
      <mem type="allocate" free="309352" total="184614912" percent="0" />
      <mem type="survivor" free="0" total="83820544" percent="0" />
    </mem>
    <mem type="tenure" free="186300320" total="805306368" percent="23">
      <mem type="soa" free="178246560" total="797252608" percent="22" />
      <mem type="loa" free="8053760" total="8053760" percent="100" />
    </mem>
    <remembered-set count="133" />
  </mem-info>
</gc-start>
<allocation-stats totalBytes="107498728" >
  <allocated-bytes non-tlh="1661248" tlh="105837480" />
  <largest-consumer threadName="main" threadId="0000000000016F00" bytes="107498728" />
</allocation-stats>
<gc-op id="1725" type="scavenge" timems="81.283" contextid="1722" timestamp="2022-02-08T16:14:05.907">
  <scavenger-info tenureage="1" tenuremask="7ffe" tiltratio="68" />
  <memory-copied type="nursery" objects="1445151" bytes="75128472" bytesdiscarded="123696" />
  <memory-copied type="tenure" objects="1355554" bytes="76539496" bytesdiscarded="38584" />
  <finalization candidates="110" enqueued="53" />
  <references type="soft" candidates="14" cleared="0" enqueued="0" dynamicThreshold="10" maxThreshold="32" />
  <references type="weak" candidates="1" cleared="0" enqueued="0" />
  <references type="phantom" candidates="95" cleared="7" enqueued="7" />
  <object-monitors candidates="2" cleared="0"  />
</gc-op>
<gc-end id="1726" type="scavenge" contextid="1722" durationms="81.459" usertimems="308.626" systemtimems="7.657" stalltimems="4.076" timestamp="2022-02-08T16:14:05.907" activeThreads="4">
  <mem-info id="1727" free="219287632" total="1073741824" percent="20">
    <mem type="nursery" free="109624760" total="268435456" percent="40">
      <mem type="allocate" free="109624760" total="184877056" percent="59" />
      <mem type="survivor" free="0" total="83558400" percent="0" />
    </mem>
    <mem type="tenure" free="109662872" total="805306368" percent="13" macro-fragmented="0">
      <mem type="soa" free="101609112" total="797252608" percent="12" />
      <mem type="loa" free="8053760" total="8053760" percent="100" />
    </mem>
    <pending-finalizers system="52" default="1" reference="7" classloader="0" />
    <remembered-set count="129" />
  </mem-info>
</gc-end>
<cycle-end id="1728" type="scavenge" contextid="1722" timestamp="2022-02-08T16:14:05.907" />
<allocation-satisfied id="1729" threadId="0000000000016F00" bytesRequested="1347680" />
<af-end id="1730" timestamp="2022-02-08T16:14:05.907" threadId="0000000000017908" success="true" from="nursery"/>
<exclusive-end id="1731" timestamp="2022-02-08T16:14:05.907" durationms="81.892" />

<concurrent-kickoff id="1732" timestamp="2022-02-08T16:14:06.655">
  <kickoff reason="threshold reached" targetBytes="74803178" thresholdFreeBytes="5812592"  remainingFree="5803352" tenureFreeBytes="109662872" nurseryFreeBytes="5803352" />
</concurrent-kickoff>
<exclusive-start id="1733" timestamp="2022-02-08T16:14:06.659" intervalms="833.919">
  <response-info timems="0.021" idlems="0.021" threads="0" lastid="0000000000016F00" lastname="main" />
</exclusive-start>
<cycle-start id="1734" type="global" contextid="0" timestamp="2022-02-08T16:14:06.659" intervalms="3056.145" />
<concurrent-start id="1735" type="global mark" contextid="1734" timestamp="2022-02-08T16:14:06.659">
</concurrent-start>
<exclusive-end id="1736" timestamp="2022-02-08T16:14:06.659" durationms="0.054" />

<exclusive-start id="1737" timestamp="2022-02-08T16:14:06.793" intervalms="133.514">
  <response-info timems="0.043" idlems="0.043" threads="0" lastid="0000000000016F00" lastname="main" />
</exclusive-start>
<af-start id="1738" threadId="0000000000017908" totalBytesRequested="184" timestamp="2022-02-08T16:14:06.793" intervalms="967.434" type="nursery" />
<cycle-start id="1739" type="scavenge" contextid="0" timestamp="2022-02-08T16:14:06.793" intervalms="967.432" />
<gc-start id="1740" type="scavenge" contextid="1739" timestamp="2022-02-08T16:14:06.793">
  <mem-info id="1741" free="109662872" total="1073741824" percent="10">
    <mem type="nursery" free="0" total="268435456" percent="0">
      <mem type="allocate" free="0" total="184877056" percent="0" />
      <mem type="survivor" free="0" total="83558400" percent="0" />
    </mem>
    <mem type="tenure" free="109662872" total="805306368" percent="13">
      <mem type="soa" free="101609112" total="797252608" percent="12" />
      <mem type="loa" free="8053760" total="8053760" percent="100" />
    </mem>
    <remembered-set count="130" />
  </mem-info>
</gc-start>
<allocation-stats totalBytes="109573616" >
  <allocated-bytes non-tlh="1347680" tlh="108225936" />
  <largest-consumer threadName="main" threadId="0000000000016F00" bytes="109565424" />
</allocation-stats>
<gc-op id="1742" type="scavenge" timems="90.343" contextid="1739" timestamp="2022-02-08T16:14:06.883">
  <scavenger-info tenureage="1" tenuremask="7ffe" tiltratio="68" />
  <memory-copied type="nursery" objects="1392710" bytes="78441192" bytesdiscarded="162664" />
  <memory-copied type="tenure" objects="1444440" bytes="74660616" bytesdiscarded="40888" />
  <finalization candidates="57" enqueued="0" />
  <object-monitors candidates="2" cleared="0"  />
</gc-op>
<gc-end id="1743" type="scavenge" contextid="1739" durationms="90.589" usertimems="356.578" systemtimems="0.000" stalltimems="4.369" timestamp="2022-02-08T16:14:06.883" activeThreads="4">
  <mem-info id="1744" free="137501320" total="1073741824" percent="12">
    <mem type="nursery" free="102472112" total="268435456" percent="38">
      <mem type="allocate" free="102472112" total="181075968" percent="56" />
      <mem type="survivor" free="0" total="87359488" percent="0" />
    </mem>
    <mem type="tenure" free="35029208" total="805306368" percent="4" macro-fragmented="0">
      <mem type="soa" free="26975448" total="797252608" percent="3" />
      <mem type="loa" free="8053760" total="8053760" percent="100" />
    </mem>
    <remembered-set count="96" />
  </mem-info>
</gc-end>
<cycle-end id="1745" type="scavenge" contextid="1739" timestamp="2022-02-08T16:14:06.883" />
<allocation-satisfied id="1746" threadId="0000000000016F00" bytesRequested="184" />
<af-end id="1747" timestamp="2022-02-08T16:14:06.883" threadId="0000000000017908" success="true" from="nursery"/>
<exclusive-end id="1748" timestamp="2022-02-08T16:14:06.883" durationms="90.915" />

<concurrent-end id="1749" type="global mark" contextid="1734" timestamp="2022-02-08T16:14:06.997">
<gc-op id="1750" type="trace" timems="337.799" contextid="1734" timestamp="2022-02-08T16:14:06.997">
  <trace bytesTraced="74430144" workStackOverflowCount="0" />
  <card-cleaning reason="card cleaning threshold reached" bytesTraced="808" cardsCleaned="2" />
</gc-op>
</concurrent-end>

<exclusive-start id="1751" timestamp="2022-02-08T16:14:06.997" intervalms="204.380">
  <response-info timems="0.018" idlems="0.018" threads="0" lastid="0000000000016F00" lastname="main" />
</exclusive-start>
<concurrent-global-final id="1752" timestamp="2022-02-08T16:14:06.997" contextid="1734" intervalms="3061.817" >
  <concurrent-trace-info reason="card cleaning threshold reached" tracedByMutators="55222156" tracedByHelpers="19208796" cardsCleaned="2" workStackOverflowCount="0" />
</concurrent-global-final>
<gc-start id="1753" type="global" contextid="1734" timestamp="2022-02-08T16:14:06.997">
  <mem-info id="1754" free="130456016" total="1073741824" percent="12">
    <mem type="nursery" free="95426808" total="268435456" percent="35">
      <mem type="allocate" free="95426808" total="181075968" percent="52" />
      <mem type="survivor" free="0" total="87359488" percent="0" />
    </mem>
    <mem type="tenure" free="35029208" total="805306368" percent="4">
      <mem type="soa" free="26975448" total="797252608" percent="3" />
      <mem type="loa" free="8053760" total="8053760" percent="100" />
    </mem>
    <remembered-set count="96" />
  </mem-info>
</gc-start>
<allocation-stats totalBytes="7040888" >
  <allocated-bytes non-tlh="184" tlh="7040704" />
  <largest-consumer threadName="main" threadId="0000000000016F00" bytes="7040888" />
</allocation-stats>
<gc-op id="1755" type="rs-scan" timems="0.567" contextid="1734" timestamp="2022-02-08T16:14:06.998">
  <scan objectsFound="0" bytesTraced="3692" workStackOverflowCount="0" />
</gc-op>
<gc-op id="1756" type="card-cleaning" timems="152.009" contextid="1734" timestamp="2022-02-08T16:14:07.150">
  <card-cleaning cardsCleaned="11" bytesTraced="71012068" workStackOverflowCount="0" />
</gc-op>
<gc-op id="1757" type="mark" timems="70.975" contextid="1734" timestamp="2022-02-08T16:14:07.221">
  <trace-info objectcount="2158655" scancount="1620518" scanbytes="34638784" />
  <finalization candidates="428" enqueued="57" />
  <ownableSynchronizers candidates="1" cleared="0" />
  <references type="soft" candidates="894" cleared="0" enqueued="0" dynamicThreshold="10" maxThreshold="32" />
  <references type="weak" candidates="1701" cleared="0" enqueued="0" />
  <references type="phantom" candidates="52" cleared="2" enqueued="2" />
  <stringconstants candidates="6471" cleared="0"  />
  <object-monitors candidates="2" cleared="0"  />
</gc-op>
<gc-op id="1758" type="sweep" timems="10.365" contextid="1734" timestamp="2022-02-08T16:14:07.231" />
<gc-end id="1759" type="global" contextid="1734" durationms="234.204" usertimems="292.253" systemtimems="5.636" stalltimems="180.410" timestamp="2022-02-08T16:14:07.231" activeThreads="4">
  <mem-info id="1760" free="373536368" total="1073741824" percent="34">
    <mem type="nursery" free="95684136" total="268435456" percent="35">
      <mem type="allocate" free="95684136" total="181075968" percent="52" />
      <mem type="survivor" free="0" total="87359488" percent="0" />
    </mem>
    <mem type="tenure" free="277852232" total="805306368" percent="34" micro-fragmented="314207" macro-fragmented="0">
      <mem type="soa" free="269798472" total="797252608" percent="33" />
      <mem type="loa" free="8053760" total="8053760" percent="100" />
    </mem>
    <pending-finalizers system="57" default="0" reference="2" classloader="0" />
    <remembered-set count="96" />
  </mem-info>
</gc-end>
<cycle-end id="1761" type="global" contextid="1734" timestamp="2022-02-08T16:14:07.231" />
<exclusive-end id="1762" timestamp="2022-02-08T16:14:07.231" durationms="234.488" />

<exclusive-start id="1763" timestamp="2022-02-08T16:14:07.870" intervalms="872.778">
  <response-info timems="0.019" idlems="0.019" threads="0" lastid="0000000000016F00" lastname="main" />
</exclusive-start>
<af-start id="1764" threadId="0000000000017908" totalBytesRequested="112" timestamp="2022-02-08T16:14:07.870" intervalms="1077.159" type="nursery" />
<cycle-start id="1765" type="scavenge" contextid="0" timestamp="2022-02-08T16:14:07.870" intervalms="1077.159" />
<gc-start id="1766" type="scavenge" contextid="1765" timestamp="2022-02-08T16:14:07.870">
  <mem-info id="1767" free="277852232" total="1073741824" percent="25">
    <mem type="nursery" free="0" total="268435456" percent="0">
      <mem type="allocate" free="0" total="181075968" percent="0" />
      <mem type="survivor" free="0" total="87359488" percent="0" />
    </mem>
    <mem type="tenure" free="277852232" total="805306368" percent="34">
      <mem type="soa" free="269798472" total="797252608" percent="33" />
      <mem type="loa" free="8053760" total="8053760" percent="100" />
    </mem>
    <remembered-set count="99" />
  </mem-info>
</gc-start>
<allocation-stats totalBytes="95636608" >
  <allocated-bytes non-tlh="0" tlh="95636608" />
  <largest-consumer threadName="main" threadId="0000000000016F00" bytes="95632512" />
</allocation-stats>
<gc-op id="1768" type="scavenge" timems="96.288" contextid="1765" timestamp="2022-02-08T16:14:07.966">
  <scavenger-info tenureage="1" tenuremask="7ffe" tiltratio="67" />
  <memory-copied type="nursery" objects="1289150" bytes="72915864" bytesdiscarded="279912" />
  <memory-copied type="tenure" objects="1392709" bytes="78441088" bytesdiscarded="43304" />
  <ownableSynchronizers candidates="2" cleared="2" />
  <object-monitors candidates="2" cleared="0"  />
</gc-op>
<gc-end id="1769" type="scavenge" contextid="1765" durationms="96.456" usertimems="321.963" systemtimems="0.000" stalltimems="5.566" timestamp="2022-02-08T16:14:07.966" activeThreads="4">
  <mem-info id="1770" free="307426968" total="1073741824" percent="28">
    <mem type="nursery" free="108404480" total="268435456" percent="40">
      <mem type="allocate" free="108404480" total="181600256" percent="59" />
      <mem type="survivor" free="0" total="86835200" percent="0" />
    </mem>
    <mem type="tenure" free="199022488" total="805306368" percent="24" macro-fragmented="1800196">
      <mem type="soa" free="190968728" total="797252608" percent="23" />
      <mem type="loa" free="8053760" total="8053760" percent="100" />
    </mem>
    <remembered-set count="102" />
  </mem-info>
</gc-end>
<cycle-end id="1771" type="scavenge" contextid="1765" timestamp="2022-02-08T16:14:07.966" />
<allocation-satisfied id="1772" threadId="0000000000016F00" bytesRequested="112" />
<af-end id="1773" timestamp="2022-02-08T16:14:07.966" threadId="0000000000017908" success="true" from="nursery"/>
<exclusive-end id="1774" timestamp="2022-02-08T16:14:07.966" durationms="96.714" />

<exclusive-start id="1775" timestamp="2022-02-08T16:14:08.892" intervalms="1022.676">
  <response-info timems="0.023" idlems="0.023" threads="0" lastid="0000000000016F00" lastname="main" />
</exclusive-start>
<af-start id="1776" threadId="0000000000017908" totalBytesRequested="192" timestamp="2022-02-08T16:14:08.892" intervalms="1022.677" type="nursery" />
<cycle-start id="1777" type="scavenge" contextid="0" timestamp="2022-02-08T16:14:08.892" intervalms="1022.678" />
<gc-start id="1778" type="scavenge" contextid="1777" timestamp="2022-02-08T16:14:08.893">
  <mem-info id="1779" free="199022488" total="1073741824" percent="18">
    <mem type="nursery" free="0" total="268435456" percent="0">
      <mem type="allocate" free="0" total="181600256" percent="0" />
      <mem type="survivor" free="0" total="86835200" percent="0" />
    </mem>
    <mem type="tenure" free="199022488" total="805306368" percent="24">
      <mem type="soa" free="190968728" total="797252608" percent="23" />
      <mem type="loa" free="8053760" total="8053760" percent="100" />
    </mem>
    <remembered-set count="133" />
  </mem-info>
</gc-start>
<allocation-stats totalBytes="108355752" >
  <allocated-bytes non-tlh="1661256" tlh="106694496" />
  <largest-consumer threadName="main" threadId="0000000000016F00" bytes="108355752" />
</allocation-stats>
<gc-op id="1780" type="scavenge" timems="104.228" contextid="1777" timestamp="2022-02-08T16:14:08.997">
  <scavenger-info tenureage="1" tenuremask="7ffe" tiltratio="67" />
  <memory-copied type="nursery" objects="1489360" bytes="76308032" bytesdiscarded="113664" />
  <memory-copied type="tenure" objects="1289150" bytes="72915864" bytesdiscarded="41680" />
  <finalization candidates="109" enqueued="53" />
  <references type="soft" candidates="14" cleared="0" enqueued="0" dynamicThreshold="11" maxThreshold="32" />
  <references type="weak" candidates="1" cleared="0" enqueued="0" />
  <references type="phantom" candidates="94" cleared="7" enqueued="7" />
  <object-monitors candidates="2" cleared="0"  />
</gc-op>
<gc-end id="1781" type="scavenge" contextid="1777" durationms="104.397" usertimems="315.130" systemtimems="5.401" stalltimems="3.391" timestamp="2022-02-08T16:14:08.997" activeThreads="4">
  <mem-info id="1782" free="231526168" total="1073741824" percent="21">
    <mem type="nursery" free="105309504" total="268435456" percent="39">
      <mem type="allocate" free="105309504" total="181731328" percent="57" />
      <mem type="survivor" free="0" total="86704128" percent="0" />
    </mem>
    <mem type="tenure" free="126216664" total="805306368" percent="15" macro-fragmented="0">
      <mem type="soa" free="118162904" total="797252608" percent="14" />
      <mem type="loa" free="8053760" total="8053760" percent="100" />
    </mem>
    <pending-finalizers system="52" default="1" reference="7" classloader="0" />
    <remembered-set count="129" />
  </mem-info>
</gc-end>
<cycle-end id="1783" type="scavenge" contextid="1777" timestamp="2022-02-08T16:14:08.997" />
<allocation-satisfied id="1784" threadId="0000000000016F00" bytesRequested="192" />
<af-end id="1785" timestamp="2022-02-08T16:14:08.997" threadId="0000000000017908" success="true" from="nursery"/>
<exclusive-end id="1786" timestamp="2022-02-08T16:14:08.997" durationms="104.653" />

<concurrent-kickoff id="1787" timestamp="2022-02-08T16:14:09.687">
  <kickoff reason="threshold reached" targetBytes="74728669" thresholdFreeBytes="5799334"  remainingFree="5694784" tenureFreeBytes="126216664" nurseryFreeBytes="5694784" />
</concurrent-kickoff>
<exclusive-start id="1788" timestamp="2022-02-08T16:14:09.691" intervalms="798.622">
  <response-info timems="0.025" idlems="0.025" threads="0" lastid="0000000000016F00" lastname="main" />
</exclusive-start>
<cycle-start id="1789" type="global" contextid="0" timestamp="2022-02-08T16:14:09.691" intervalms="3031.975" />
<concurrent-start id="1790" type="global mark" contextid="1789" timestamp="2022-02-08T16:14:09.691">
</concurrent-start>
<exclusive-end id="1791" timestamp="2022-02-08T16:14:09.691" durationms="0.041" />

<exclusive-start id="1792" timestamp="2022-02-08T16:14:09.817" intervalms="126.226">
  <response-info timems="0.019" idlems="0.019" threads="0" lastid="0000000000016F00" lastname="main" />
</exclusive-start>
<af-start id="1793" threadId="0000000000017908" totalBytesRequested="184" timestamp="2022-02-08T16:14:09.817" intervalms="924.846" type="nursery" />
<cycle-start id="1794" type="scavenge" contextid="0" timestamp="2022-02-08T16:14:09.817" intervalms="924.844" />
<gc-start id="1795" type="scavenge" contextid="1794" timestamp="2022-02-08T16:14:09.817">
  <mem-info id="1796" free="126216664" total="1073741824" percent="11">
    <mem type="nursery" free="0" total="268435456" percent="0">
      <mem type="allocate" free="0" total="181731328" percent="0" />
      <mem type="survivor" free="0" total="86704128" percent="0" />
    </mem>
    <mem type="tenure" free="126216664" total="805306368" percent="15">
      <mem type="soa" free="118162904" total="797252608" percent="14" />
      <mem type="loa" free="8053760" total="8053760" percent="100" />
    </mem>
    <remembered-set count="130" />
  </mem-info>
</gc-start>
<allocation-stats totalBytes="105257968" >
  <allocated-bytes non-tlh="1347872" tlh="103910096" />
  <largest-consumer threadName="main" threadId="0000000000016F00" bytes="105249776" />
</allocation-stats>
<gc-op id="1797" type="scavenge" timems="87.118" contextid="1794" timestamp="2022-02-08T16:14:09.905">
  <scavenger-info tenureage="1" tenuremask="7ffe" tiltratio="67" />
  <memory-copied type="nursery" objects="1319018" bytes="75337464" bytesdiscarded="218304" />
  <memory-copied type="tenure" objects="1488640" bytes="75364760" bytesdiscarded="37840" />
  <finalization candidates="57" enqueued="0" />
  <references type="phantom" candidates="1" cleared="0" enqueued="0" />
  <object-monitors candidates="2" cleared="0"  />
</gc-op>
<gc-end id="1798" type="scavenge" contextid="1794" durationms="87.317" usertimems="339.586" systemtimems="0.000" stalltimems="5.866" timestamp="2022-02-08T16:14:09.905" activeThreads="4">
  <mem-info id="1799" free="157951448" total="1073741824" percent="14">
    <mem type="nursery" free="107027528" total="268435456" percent="39">
      <mem type="allocate" free="107027528" total="182583296" percent="58" />
      <mem type="survivor" free="0" total="85852160" percent="0" />
    </mem>
    <mem type="tenure" free="50923920" total="805306368" percent="6" macro-fragmented="0">
      <mem type="soa" free="42870160" total="797252608" percent="5" />
      <mem type="loa" free="8053760" total="8053760" percent="100" />
    </mem>
    <remembered-set count="99" />
  </mem-info>
</gc-end>
<cycle-end id="1800" type="scavenge" contextid="1794" timestamp="2022-02-08T16:14:09.905" />
<allocation-satisfied id="1801" threadId="0000000000016F00" bytesRequested="184" />
<af-end id="1802" timestamp="2022-02-08T16:14:09.905" threadId="0000000000017908" success="true" from="nursery"/>
<exclusive-end id="1803" timestamp="2022-02-08T16:14:09.905" durationms="87.662" />

<concurrent-end id="1804" type="global mark" contextid="1789" timestamp="2022-02-08T16:14:10.059">
<gc-op id="1805" type="trace" timems="368.307" contextid="1789" timestamp="2022-02-08T16:14:10.059">
  <trace bytesTraced="74430352" workStackOverflowCount="0" />
  <card-cleaning reason="card cleaning threshold reached" bytesTraced="808" cardsCleaned="2" />
</gc-op>
</concurrent-end>

<exclusive-start id="1806" timestamp="2022-02-08T16:14:10.059" intervalms="242.165">
  <response-info timems="0.020" idlems="0.020" threads="0" lastid="0000000000016F00" lastname="main" />
</exclusive-start>
<concurrent-global-final id="1807" timestamp="2022-02-08T16:14:10.059" contextid="1789" intervalms="3062.470" >
  <concurrent-trace-info reason="card cleaning threshold reached" tracedByMutators="57395644" tracedByHelpers="17035516" cardsCleaned="2" workStackOverflowCount="0" />
</concurrent-global-final>
<gc-start id="1808" type="global" contextid="1789" timestamp="2022-02-08T16:14:10.059">
  <mem-info id="1809" free="149333280" total="1073741824" percent="13">
    <mem type="nursery" free="98409360" total="268435456" percent="36">
      <mem type="allocate" free="98409360" total="182583296" percent="53" />
      <mem type="survivor" free="0" total="85852160" percent="0" />
    </mem>
    <mem type="tenure" free="50923920" total="805306368" percent="6">
      <mem type="soa" free="42870160" total="797252608" percent="5" />
      <mem type="loa" free="8053760" total="8053760" percent="100" />
    </mem>
    <remembered-set count="99" />
  </mem-info>
</gc-start>
<allocation-stats totalBytes="8614152" >
  <allocated-bytes non-tlh="184" tlh="8613968" />
  <largest-consumer threadName="main" threadId="0000000000016F00" bytes="8614152" />
</allocation-stats>
<gc-op id="1810" type="rs-scan" timems="0.892" contextid="1789" timestamp="2022-02-08T16:14:10.060">
  <scan objectsFound="29" bytesTraced="5124" workStackOverflowCount="0" />
</gc-op>
<gc-op id="1811" type="card-cleaning" timems="156.629" contextid="1789" timestamp="2022-02-08T16:14:10.217">
  <card-cleaning cardsCleaned="9" bytesTraced="71010180" workStackOverflowCount="0" />
</gc-op>
<gc-op id="1812" type="mark" timems="52.203" contextid="1789" timestamp="2022-02-08T16:14:10.269">
  <trace-info objectcount="1839632" scancount="1381251" scanbytes="29534424" />
  <finalization candidates="428" enqueued="57" />
  <ownableSynchronizers candidates="1" cleared="0" />
  <references type="soft" candidates="894" cleared="0" enqueued="0" dynamicThreshold="11" maxThreshold="32" />
  <references type="weak" candidates="1701" cleared="0" enqueued="0" />
  <references type="phantom" candidates="52" cleared="2" enqueued="2" />
  <stringconstants candidates="6471" cleared="0"  />
  <object-monitors candidates="2" cleared="0"  />
</gc-op>
<gc-op id="1813" type="sweep" timems="9.859" contextid="1789" timestamp="2022-02-08T16:14:10.279" />
<gc-end id="1814" type="global" contextid="1789" durationms="219.777" usertimems="234.096" systemtimems="0.000" stalltimems="164.475" timestamp="2022-02-08T16:14:10.279" activeThreads="4">
  <mem-info id="1815" free="392461536" total="1073741824" percent="36">
    <mem type="nursery" free="98720256" total="268435456" percent="36">
      <mem type="allocate" free="98720256" total="182583296" percent="54" />
      <mem type="survivor" free="0" total="85852160" percent="0" />
    </mem>
    <mem type="tenure" free="293741280" total="805306368" percent="36" micro-fragmented="357805" macro-fragmented="0">
      <mem type="soa" free="285687520" total="797252608" percent="35" />
      <mem type="loa" free="8053760" total="8053760" percent="100" />
    </mem>
    <pending-finalizers system="57" default="0" reference="2" classloader="0" />
    <remembered-set count="99" />
  </mem-info>
</gc-end>
<cycle-end id="1816" type="global" contextid="1789" timestamp="2022-02-08T16:14:10.279" />
<exclusive-end id="1817" timestamp="2022-02-08T16:14:10.279" durationms="220.008" />

<exclusive-start id="1818" timestamp="2022-02-08T16:14:10.953" intervalms="893.698">
  <response-info timems="0.020" idlems="0.020" threads="0" lastid="0000000000016F00" lastname="main" />
</exclusive-start>
<af-start id="1819" threadId="0000000000017908" totalBytesRequested="112" timestamp="2022-02-08T16:14:10.953" intervalms="1135.873" type="nursery" />
<cycle-start id="1820" type="scavenge" contextid="0" timestamp="2022-02-08T16:14:10.953" intervalms="1135.874" />
<gc-start id="1821" type="scavenge" contextid="1820" timestamp="2022-02-08T16:14:10.953">
  <mem-info id="1822" free="293741280" total="1073741824" percent="27">
    <mem type="nursery" free="0" total="268435456" percent="0">
      <mem type="allocate" free="0" total="182583296" percent="0" />
      <mem type="survivor" free="0" total="85852160" percent="0" />
    </mem>
    <mem type="tenure" free="293741280" total="805306368" percent="36">
      <mem type="soa" free="285687520" total="797252608" percent="35" />
      <mem type="loa" free="8053760" total="8053760" percent="100" />
    </mem>
    <remembered-set count="102" />
  </mem-info>
</gc-start>
<allocation-stats totalBytes="98675472" >
  <allocated-bytes non-tlh="0" tlh="98675472" />
  <largest-consumer threadName="main" threadId="0000000000016F00" bytes="98671376" />
</allocation-stats>
<gc-op id="1823" type="scavenge" timems="78.850" contextid="1820" timestamp="2022-02-08T16:14:11.032">
  <scavenger-info tenureage="1" tenuremask="7ffe" tiltratio="68" />
  <memory-copied type="nursery" objects="1356754" bytes="76223984" bytesdiscarded="166720" />
  <memory-copied type="tenure" objects="1319017" bytes="75337360" bytesdiscarded="43400" />
  <finalization candidates="1" enqueued="0" />
  <ownableSynchronizers candidates="2" cleared="2" />
  <object-monitors candidates="2" cleared="0"  />
</gc-op>
<gc-end id="1824" type="scavenge" contextid="1820" durationms="79.103" usertimems="298.531" systemtimems="3.281" stalltimems="8.709" timestamp="2022-02-08T16:14:11.032" activeThreads="4">
  <mem-info id="1825" free="324828016" total="1073741824" percent="30">
    <mem type="nursery" free="106716880" total="268435456" percent="39">
      <mem type="allocate" free="106716880" total="183107584" percent="58" />
      <mem type="survivor" free="0" total="85327872" percent="0" />
    </mem>
    <mem type="tenure" free="218111136" total="805306368" percent="27" macro-fragmented="0">
      <mem type="soa" free="210057376" total="797252608" percent="26" />
      <mem type="loa" free="8053760" total="8053760" percent="100" />
    </mem>
    <remembered-set count="102" />
  </mem-info>
</gc-end>
<cycle-end id="1826" type="scavenge" contextid="1820" timestamp="2022-02-08T16:14:11.032" />
<allocation-satisfied id="1827" threadId="0000000000016F00" bytesRequested="112" />
<af-end id="1828" timestamp="2022-02-08T16:14:11.033" threadId="0000000000017908" success="true" from="nursery"/>
<exclusive-end id="1829" timestamp="2022-02-08T16:14:11.033" durationms="79.397" />

<exclusive-start id="1830" timestamp="2022-02-08T16:14:11.899" intervalms="946.190">
  <response-info timems="0.018" idlems="0.018" threads="0" lastid="0000000000016F00" lastname="main" />
</exclusive-start>
<af-start id="1831" threadId="0000000000017908" totalBytesRequested="24" timestamp="2022-02-08T16:14:11.899" intervalms="946.187" type="nursery" />
<cycle-start id="1832" type="scavenge" contextid="0" timestamp="2022-02-08T16:14:11.900" intervalms="946.495" />
<gc-start id="1833" type="scavenge" contextid="1832" timestamp="2022-02-08T16:14:11.900">
  <mem-info id="1834" free="218111136" total="1073741824" percent="20">
    <mem type="nursery" free="0" total="268435456" percent="0">
      <mem type="allocate" free="0" total="183107584" percent="0" />
      <mem type="survivor" free="0" total="85327872" percent="0" />
    </mem>
    <mem type="tenure" free="218111136" total="805306368" percent="27">
      <mem type="soa" free="210057376" total="797252608" percent="26" />
      <mem type="loa" free="8053760" total="8053760" percent="100" />
    </mem>
    <remembered-set count="133" />
  </mem-info>
</gc-start>
<allocation-stats totalBytes="106668464" >
  <allocated-bytes non-tlh="752016" tlh="105916448" />
  <largest-consumer threadName="main" threadId="0000000000016F00" bytes="106668464" />
</allocation-stats>
<gc-op id="1835" type="scavenge" timems="89.668" contextid="1832" timestamp="2022-02-08T16:14:11.989">
  <scavenger-info tenureage="1" tenuremask="7ffe" tiltratio="68" />
  <memory-copied type="nursery" objects="1461993" bytes="75106384" bytesdiscarded="170792" />
  <memory-copied type="tenure" objects="1356754" bytes="76223984" bytesdiscarded="39984" />
  <finalization candidates="106" enqueued="53" />
  <references type="soft" candidates="14" cleared="0" enqueued="0" dynamicThreshold="11" maxThreshold="32" />
  <references type="weak" candidates="1" cleared="0" enqueued="0" />
  <references type="phantom" candidates="91" cleared="7" enqueued="7" />
  <object-monitors candidates="2" cleared="0"  />
</gc-op>
<gc-end id="1836" type="scavenge" contextid="1832" durationms="89.974" usertimems="327.586" systemtimems="21.002" stalltimems="2.221" timestamp="2022-02-08T16:14:11.990" activeThreads="4">
  <mem-info id="1837" free="250381608" total="1073741824" percent="23">
    <mem type="nursery" free="108420104" total="268435456" percent="40">
      <mem type="allocate" free="108420104" total="183697408" percent="59" />
      <mem type="survivor" free="0" total="84738048" percent="0" />
    </mem>
    <mem type="tenure" free="141961504" total="805306368" percent="17" macro-fragmented="1250136">
      <mem type="soa" free="133907744" total="797252608" percent="16" />
      <mem type="loa" free="8053760" total="8053760" percent="100" />
    </mem>
    <pending-finalizers system="52" default="1" reference="7" classloader="0" />
    <remembered-set count="129" />
  </mem-info>
</gc-end>
<cycle-end id="1838" type="scavenge" contextid="1832" timestamp="2022-02-08T16:14:11.990" />
<allocation-satisfied id="1839" threadId="0000000000016F00" bytesRequested="24" />
<af-end id="1840" timestamp="2022-02-08T16:14:11.990" threadId="0000000000017908" success="true" from="nursery"/>
<exclusive-end id="1841" timestamp="2022-02-08T16:14:11.990" durationms="90.666" />

<concurrent-kickoff id="1842" timestamp="2022-02-08T16:14:12.703">
  <kickoff reason="threshold reached" targetBytes="74669121" thresholdFreeBytes="5788589"  remainingFree="5673208" tenureFreeBytes="141961504" nurseryFreeBytes="5673208" />
</concurrent-kickoff>
<exclusive-start id="1843" timestamp="2022-02-08T16:14:12.710" intervalms="810.819">
  <response-info timems="0.024" idlems="0.024" threads="0" lastid="0000000000016F00" lastname="main" />
</exclusive-start>
<cycle-start id="1844" type="global" contextid="0" timestamp="2022-02-08T16:14:12.710" intervalms="3019.096" />
<concurrent-start id="1845" type="global mark" contextid="1844" timestamp="2022-02-08T16:14:12.710">
</concurrent-start>
<exclusive-end id="1846" timestamp="2022-02-08T16:14:12.710" durationms="0.039" />

<exclusive-start id="1847" timestamp="2022-02-08T16:14:12.823" intervalms="112.845">
  <response-info timems="0.054" idlems="0.054" threads="0" lastid="0000000000016F00" lastname="main" />
</exclusive-start>
<af-start id="1848" threadId="0000000000017908" totalBytesRequested="112" timestamp="2022-02-08T16:14:12.823" intervalms="923.700" type="nursery" />
<cycle-start id="1849" type="scavenge" contextid="0" timestamp="2022-02-08T16:14:12.823" intervalms="923.411" />
<gc-start id="1850" type="scavenge" contextid="1849" timestamp="2022-02-08T16:14:12.823">
  <mem-info id="1851" free="141961504" total="1073741824" percent="13">
    <mem type="nursery" free="0" total="268435456" percent="0">
      <mem type="allocate" free="0" total="183697408" percent="0" />
      <mem type="survivor" free="0" total="84738048" percent="0" />
    </mem>
    <mem type="tenure" free="141961504" total="805306368" percent="17">
      <mem type="soa" free="133907744" total="797252608" percent="16" />
      <mem type="loa" free="8053760" total="8053760" percent="100" />
    </mem>
    <remembered-set count="130" />
  </mem-info>
</gc-start>
<allocation-stats totalBytes="108367880" >
  <allocated-bytes non-tlh="2063120" tlh="106304760" />
  <largest-consumer threadName="main" threadId="0000000000016F00" bytes="108359688" />
</allocation-stats>
<gc-op id="1852" type="scavenge" timems="86.531" contextid="1849" timestamp="2022-02-08T16:14:12.910">
  <scavenger-info tenureage="1" tenuremask="7ffe" tiltratio="68" />
  <memory-copied type="nursery" objects="1363248" bytes="77100688" bytesdiscarded="158440" />
  <memory-copied type="tenure" objects="1461273" bytes="74610328" bytesdiscarded="34296" />
  <finalization candidates="57" enqueued="0" />
  <references type="phantom" candidates="4" cleared="0" enqueued="0" />
  <object-monitors candidates="2" cleared="0"  />
</gc-op>
<gc-end id="1853" type="scavenge" contextid="1849" durationms="86.731" usertimems="338.113" systemtimems="3.815" stalltimems="3.409" timestamp="2022-02-08T16:14:12.910" activeThreads="4">
  <mem-info id="1854" free="173122632" total="1073741824" percent="16">
    <mem type="nursery" free="105848456" total="268435456" percent="39">
      <mem type="allocate" free="105848456" total="183107584" percent="57" />
      <mem type="survivor" free="0" total="85327872" percent="0" />
    </mem>
    <mem type="tenure" free="67274176" total="805306368" percent="8" macro-fragmented="57512708">
      <mem type="soa" free="59220416" total="797252608" percent="7" />
      <mem type="loa" free="8053760" total="8053760" percent="100" />
    </mem>
    <remembered-set count="99" />
  </mem-info>
</gc-end>
<cycle-end id="1855" type="scavenge" contextid="1849" timestamp="2022-02-08T16:14:12.910" />
<allocation-satisfied id="1856" threadId="0000000000016F00" bytesRequested="112" />
<af-end id="1857" timestamp="2022-02-08T16:14:12.910" threadId="0000000000017908" success="true" from="nursery"/>
<exclusive-end id="1858" timestamp="2022-02-08T16:14:12.910" durationms="87.103" />

<concurrent-end id="1859" type="global mark" contextid="1844" timestamp="2022-02-08T16:14:13.139">
<gc-op id="1860" type="trace" timems="428.877" contextid="1844" timestamp="2022-02-08T16:14:13.139">
  <trace bytesTraced="74430512" workStackOverflowCount="0" />
  <card-cleaning reason="card cleaning threshold reached" bytesTraced="808" cardsCleaned="2" />
</gc-op>
</concurrent-end>

<exclusive-start id="1861" timestamp="2022-02-08T16:14:13.139" intervalms="316.120">
  <response-info timems="0.022" idlems="0.022" threads="0" lastid="0000000000016F00" lastname="main" />
</exclusive-start>
<concurrent-global-final id="1862" timestamp="2022-02-08T16:14:13.139" contextid="1844" intervalms="3079.673" >
  <concurrent-trace-info reason="card cleaning threshold reached" tracedByMutators="49904316" tracedByHelpers="24527004" cardsCleaned="2" workStackOverflowCount="0" />
</concurrent-global-final>
<gc-start id="1863" type="global" contextid="1844" timestamp="2022-02-08T16:14:13.139">
  <mem-info id="1864" free="158737368" total="1073741824" percent="14">
    <mem type="nursery" free="91463192" total="268435456" percent="34">
      <mem type="allocate" free="91463192" total="183107584" percent="49" />
      <mem type="survivor" free="0" total="85327872" percent="0" />
    </mem>
    <mem type="tenure" free="67274176" total="805306368" percent="8">
      <mem type="soa" free="59220416" total="797252608" percent="7" />
      <mem type="loa" free="8053760" total="8053760" percent="100" />
    </mem>
    <remembered-set count="99" />
  </mem-info>
</gc-start>
<allocation-stats totalBytes="14378464" >
  <allocated-bytes non-tlh="112" tlh="14378352" />
  <largest-consumer threadName="main" threadId="0000000000016F00" bytes="14378464" />
</allocation-stats>
<gc-op id="1865" type="rs-scan" timems="0.593" contextid="1844" timestamp="2022-02-08T16:14:13.140">
  <scan objectsFound="29" bytesTraced="5124" workStackOverflowCount="0" />
</gc-op>
<gc-op id="1866" type="card-cleaning" timems="171.138" contextid="1844" timestamp="2022-02-08T16:14:13.311">
  <card-cleaning cardsCleaned="9" bytesTraced="71010228" workStackOverflowCount="0" />
</gc-op>
<gc-op id="1867" type="mark" timems="54.368" contextid="1844" timestamp="2022-02-08T16:14:13.365">
  <trace-info objectcount="1656006" scancount="1243532" scanbytes="26596392" />
  <finalization candidates="428" enqueued="57" />
  <ownableSynchronizers candidates="1" cleared="0" />
  <references type="soft" candidates="894" cleared="0" enqueued="0" dynamicThreshold="11" maxThreshold="32" />
  <references type="weak" candidates="1701" cleared="0" enqueued="0" />
  <references type="phantom" candidates="52" cleared="2" enqueued="2" />
  <stringconstants candidates="6471" cleared="0"  />
  <object-monitors candidates="2" cleared="0"  />
</gc-op>
<gc-op id="1868" type="sweep" timems="4.929" contextid="1844" timestamp="2022-02-08T16:14:13.370" />
<gc-end id="1869" type="global" contextid="1844" durationms="231.234" usertimems="284.042" systemtimems="2.242" stalltimems="123.241" timestamp="2022-02-08T16:14:13.370" activeThreads="4">
  <mem-info id="1870" free="401901272" total="1073741824" percent="37">
    <mem type="nursery" free="91716192" total="268435456" percent="34">
      <mem type="allocate" free="91716192" total="183107584" percent="50" />
      <mem type="survivor" free="0" total="85327872" percent="0" />
    </mem>
    <mem type="tenure" free="310185080" total="805306368" percent="38" micro-fragmented="279136" macro-fragmented="0">
      <mem type="soa" free="302131320" total="797252608" percent="37" />
      <mem type="loa" free="8053760" total="8053760" percent="100" />
    </mem>
    <pending-finalizers system="57" default="0" reference="2" classloader="0" />
    <remembered-set count="99" />
  </mem-info>
</gc-end>
<cycle-end id="1871" type="global" contextid="1844" timestamp="2022-02-08T16:14:13.371" />
<exclusive-end id="1872" timestamp="2022-02-08T16:14:13.371" durationms="231.511" />

<exclusive-start id="1873" timestamp="2022-02-08T16:14:14.004" intervalms="864.410">
  <response-info timems="0.022" idlems="0.022" threads="0" lastid="0000000000016F00" lastname="main" />
</exclusive-start>
<af-start id="1874" threadId="0000000000017908" totalBytesRequested="184" timestamp="2022-02-08T16:14:14.004" intervalms="1180.489" type="nursery" />
<cycle-start id="1875" type="scavenge" contextid="0" timestamp="2022-02-08T16:14:14.004" intervalms="1180.470" />
<gc-start id="1876" type="scavenge" contextid="1875" timestamp="2022-02-08T16:14:14.004">
  <mem-info id="1877" free="310185080" total="1073741824" percent="28">
    <mem type="nursery" free="0" total="268435456" percent="0">
      <mem type="allocate" free="0" total="183107584" percent="0" />
      <mem type="survivor" free="0" total="85327872" percent="0" />
    </mem>
    <mem type="tenure" free="310185080" total="805306368" percent="38">
      <mem type="soa" free="302131320" total="797252608" percent="37" />
      <mem type="loa" free="8053760" total="8053760" percent="100" />
    </mem>
    <remembered-set count="102" />
  </mem-info>
</gc-start>
<allocation-stats totalBytes="91673328" >
  <allocated-bytes non-tlh="0" tlh="91673328" />
  <largest-consumer threadName="main" threadId="0000000000016F00" bytes="91669232" />
</allocation-stats>
<gc-op id="1878" type="scavenge" timems="88.459" contextid="1875" timestamp="2022-02-08T16:14:14.092">
  <scavenger-info tenureage="1" tenuremask="7ffe" tiltratio="68" />
  <memory-copied type="nursery" objects="1336947" bytes="75340520" bytesdiscarded="144960" />
  <memory-copied type="tenure" objects="1363248" bytes="77100688" bytesdiscarded="39824" />
  <finalization candidates="4" enqueued="0" />
  <ownableSynchronizers candidates="2" cleared="2" />
  <object-monitors candidates="2" cleared="0"  />
</gc-op>
<gc-end id="1879" type="scavenge" contextid="1875" durationms="88.665" usertimems="332.809" systemtimems="6.324" stalltimems="4.290" timestamp="2022-02-08T16:14:14.092" activeThreads="4">
  <mem-info id="1880" free="340816128" total="1073741824" percent="31">
    <mem type="nursery" free="108015320" total="268435456" percent="40">
      <mem type="allocate" free="108015320" total="183500800" percent="58" />
      <mem type="survivor" free="0" total="84934656" percent="0" />
    </mem>
    <mem type="tenure" free="232800808" total="805306368" percent="28" macro-fragmented="1250136">
      <mem type="soa" free="224747048" total="797252608" percent="28" />
      <mem type="loa" free="8053760" total="8053760" percent="100" />
    </mem>
    <remembered-set count="102" />
  </mem-info>
</gc-end>
<cycle-end id="1881" type="scavenge" contextid="1875" timestamp="2022-02-08T16:14:14.092" />
<allocation-satisfied id="1882" threadId="0000000000016F00" bytesRequested="184" />
<af-end id="1883" timestamp="2022-02-08T16:14:14.092" threadId="0000000000017908" success="true" from="nursery"/>
<exclusive-end id="1884" timestamp="2022-02-08T16:14:14.092" durationms="88.924" />

<exclusive-start id="1885" timestamp="2022-02-08T16:14:14.857" intervalms="853.415">
  <response-info timems="0.037" idlems="0.037" threads="0" lastid="0000000000016F00" lastname="main" />
</exclusive-start>
<af-start id="1886" threadId="0000000000017908" totalBytesRequested="453704" timestamp="2022-02-08T16:14:14.857" intervalms="853.449" type="nursery" />
<cycle-start id="1887" type="scavenge" contextid="0" timestamp="2022-02-08T16:14:14.857" intervalms="853.504" />
<gc-start id="1888" type="scavenge" contextid="1887" timestamp="2022-02-08T16:14:14.857">
  <mem-info id="1889" free="233238600" total="1073741824" percent="21">
    <mem type="nursery" free="437792" total="268435456" percent="0">
      <mem type="allocate" free="437792" total="183500800" percent="0" />
      <mem type="survivor" free="0" total="84934656" percent="0" />
    </mem>
    <mem type="tenure" free="232800808" total="805306368" percent="28">
      <mem type="soa" free="224747048" total="797252608" percent="28" />
      <mem type="loa" free="8053760" total="8053760" percent="100" />
    </mem>
    <remembered-set count="116" />
  </mem-info>
</gc-start>
<allocation-stats totalBytes="107528536" >
  <allocated-bytes non-tlh="184" tlh="107528352" />
  <largest-consumer threadName="main" threadId="0000000000016F00" bytes="107528536" />
</allocation-stats>
<gc-op id="1890" type="scavenge" timems="93.735" contextid="1887" timestamp="2022-02-08T16:14:14.951">
  <scavenger-info tenureage="1" tenuremask="7ffe" tiltratio="68" />
  <memory-copied type="nursery" objects="1355079" bytes="76409192" bytesdiscarded="158152" />
  <memory-copied type="tenure" objects="1336946" bytes="75340416" bytesdiscarded="46096" />
  <finalization candidates="30" enqueued="18" />
  <references type="phantom" candidates="30" cleared="0" enqueued="0" />
  <object-monitors candidates="2" cleared="0"  />
</gc-op>
<gc-end id="1891" type="scavenge" contextid="1887" durationms="93.917" usertimems="310.124" systemtimems="22.119" stalltimems="3.451" timestamp="2022-02-08T16:14:14.951" activeThreads="4">
  <mem-info id="1892" free="264532920" total="1073741824" percent="24">
    <mem type="nursery" free="107195600" total="268435456" percent="39">
      <mem type="allocate" free="107195600" total="183762944" percent="58" />
      <mem type="survivor" free="0" total="84672512" percent="0" />
    </mem>
    <mem type="tenure" free="157337320" total="805306368" percent="19" macro-fragmented="0">
      <mem type="soa" free="149283560" total="797252608" percent="18" />
      <mem type="loa" free="8053760" total="8053760" percent="100" />
    </mem>
    <pending-finalizers system="18" default="0" reference="0" classloader="0" />
    <remembered-set count="116" />
  </mem-info>
</gc-end>
<cycle-end id="1893" type="scavenge" contextid="1887" timestamp="2022-02-08T16:14:14.951" />
<allocation-satisfied id="1894" threadId="0000000000016F00" bytesRequested="453704" />
<af-end id="1895" timestamp="2022-02-08T16:14:14.951" threadId="0000000000017908" success="true" from="nursery"/>
<exclusive-end id="1896" timestamp="2022-02-08T16:14:14.951" durationms="94.289" />

<concurrent-kickoff id="1897" timestamp="2022-02-08T16:14:15.882">
  <kickoff reason="threshold reached" targetBytes="74621530" thresholdFreeBytes="5780556"  remainingFree="5745872" tenureFreeBytes="157337320" nurseryFreeBytes="5745872" />
</concurrent-kickoff>
<exclusive-start id="1898" timestamp="2022-02-08T16:14:15.884" intervalms="1027.567">
  <response-info timems="0.021" idlems="0.021" threads="0" lastid="0000000000016F00" lastname="main" />
</exclusive-start>
<cycle-start id="1899" type="global" contextid="0" timestamp="2022-02-08T16:14:15.885" intervalms="3174.350" />
<concurrent-start id="1900" type="global mark" contextid="1899" timestamp="2022-02-08T16:14:15.885">
</concurrent-start>
<exclusive-end id="1901" timestamp="2022-02-08T16:14:15.885" durationms="0.029" />

<exclusive-start id="1902" timestamp="2022-02-08T16:14:16.023" intervalms="138.549">
  <response-info timems="0.063" idlems="0.063" threads="0" lastid="0000000000016F00" lastname="main" />
</exclusive-start>
<af-start id="1903" threadId="0000000000017908" totalBytesRequested="24" timestamp="2022-02-08T16:14:16.023" intervalms="1166.107" type="nursery" />
<cycle-start id="1904" type="scavenge" contextid="0" timestamp="2022-02-08T16:14:16.023" intervalms="1166.063" />
<gc-start id="1905" type="scavenge" contextid="1904" timestamp="2022-02-08T16:14:16.023">
  <mem-info id="1906" free="157337320" total="1073741824" percent="14">
    <mem type="nursery" free="0" total="268435456" percent="0">
      <mem type="allocate" free="0" total="183762944" percent="0" />
      <mem type="survivor" free="0" total="84672512" percent="0" />
    </mem>
    <mem type="tenure" free="157337320" total="805306368" percent="19">
      <mem type="soa" free="149283560" total="797252608" percent="18" />
      <mem type="loa" free="8053760" total="8053760" percent="100" />
    </mem>
    <remembered-set count="133" />
  </mem-info>
</gc-start>
<allocation-stats totalBytes="107148080" >
  <allocated-bytes non-tlh="2938248" tlh="104209832" />
  <largest-consumer threadName="main" threadId="0000000000016F00" bytes="107143984" />
</allocation-stats>
<gc-op id="1907" type="scavenge" timems="80.160" contextid="1904" timestamp="2022-02-08T16:14:16.103">
  <scavenger-info tenureage="1" tenuremask="7ffe" tiltratio="68" />
  <memory-copied type="nursery" objects="1425186" bytes="75364216" bytesdiscarded="186480" />
  <memory-copied type="tenure" objects="1354781" bytes="76250152" bytesdiscarded="39400" />
  <finalization candidates="92" enqueued="35" />
  <references type="soft" candidates="14" cleared="0" enqueued="0" dynamicThreshold="12" maxThreshold="32" />
  <references type="weak" candidates="1" cleared="0" enqueued="0" />
  <references type="phantom" candidates="77" cleared="7" enqueued="7" />
  <object-monitors candidates="2" cleared="0"  />
</gc-op>
<gc-end id="1908" type="scavenge" contextid="1904" durationms="80.412" usertimems="317.100" systemtimems="0.000" stalltimems="2.136" timestamp="2022-02-08T16:14:16.104" activeThreads="4">
  <mem-info id="1909" free="189914424" total="1073741824" percent="17">
    <mem type="nursery" free="108605336" total="268435456" percent="40">
      <mem type="allocate" free="108605336" total="184156160" percent="58" />
      <mem type="survivor" free="0" total="84279296" percent="0" />
    </mem>
    <mem type="tenure" free="81309088" total="805306368" percent="10" macro-fragmented="0">
      <mem type="soa" free="73255328" total="797252608" percent="9" />
      <mem type="loa" free="8053760" total="8053760" percent="100" />
    </mem>
    <pending-finalizers system="34" default="1" reference="7" classloader="0" />
    <remembered-set count="116" />
  </mem-info>
</gc-end>
<cycle-end id="1910" type="scavenge" contextid="1904" timestamp="2022-02-08T16:14:16.104" />
<allocation-satisfied id="1911" threadId="0000000000016F00" bytesRequested="24" />
<af-end id="1912" timestamp="2022-02-08T16:14:16.104" threadId="0000000000017908" success="true" from="nursery"/>
<exclusive-end id="1913" timestamp="2022-02-08T16:14:16.104" durationms="80.756" />

<concurrent-end id="1914" type="global mark" contextid="1899" timestamp="2022-02-08T16:14:16.222">
<gc-op id="1915" type="trace" timems="337.626" contextid="1899" timestamp="2022-02-08T16:14:16.222">
  <trace bytesTraced="74430688" workStackOverflowCount="0" />
  <card-cleaning reason="card cleaning threshold reached" bytesTraced="808" cardsCleaned="2" />
</gc-op>
</concurrent-end>

<exclusive-start id="1916" timestamp="2022-02-08T16:14:16.222" intervalms="199.162">
  <response-info timems="0.022" idlems="0.022" threads="0" lastid="0000000000016F00" lastname="main" />
</exclusive-start>
<concurrent-global-final id="1917" timestamp="2022-02-08T16:14:16.222" contextid="1899" intervalms="3083.109" >
  <concurrent-trace-info reason="card cleaning threshold reached" tracedByMutators="56560612" tracedByHelpers="17870884" cardsCleaned="2" workStackOverflowCount="0" />
</concurrent-global-final>
<gc-start id="1918" type="global" contextid="1899" timestamp="2022-02-08T16:14:16.222">
  <mem-info id="1919" free="182205728" total="1073741824" percent="16">
    <mem type="nursery" free="100896640" total="268435456" percent="37">
      <mem type="allocate" free="100896640" total="184156160" percent="54" />
      <mem type="survivor" free="0" total="84279296" percent="0" />
    </mem>
    <mem type="tenure" free="81309088" total="805306368" percent="10">
      <mem type="soa" free="73255328" total="797252608" percent="9" />
      <mem type="loa" free="8053760" total="8053760" percent="100" />
    </mem>
    <remembered-set count="117" />
  </mem-info>
</gc-start>
<allocation-stats totalBytes="7704368" >
  <allocated-bytes non-tlh="24" tlh="7704344" />
  <largest-consumer threadName="main" threadId="0000000000016F00" bytes="7696176" />
</allocation-stats>
<gc-op id="1920" type="rs-scan" timems="134.213" contextid="1899" timestamp="2022-02-08T16:14:16.357">
  <scan objectsFound="3324744" bytesTraced="71012988" workStackOverflowCount="0" />
</gc-op>
<gc-op id="1921" type="card-cleaning" timems="0.263" contextid="1899" timestamp="2022-02-08T16:14:16.357">
  <card-cleaning cardsCleaned="4" bytesTraced="1748" workStackOverflowCount="0" />
</gc-op>
<gc-op id="1922" type="mark" timems="34.317" contextid="1899" timestamp="2022-02-08T16:14:16.391">
  <trace-info objectcount="1261765" scancount="947850" scanbytes="20288520" />
  <finalization candidates="428" enqueued="57" />
  <ownableSynchronizers candidates="1" cleared="0" />
  <references type="soft" candidates="894" cleared="0" enqueued="0" dynamicThreshold="12" maxThreshold="32" />
  <references type="weak" candidates="1701" cleared="0" enqueued="0" />
  <references type="phantom" candidates="52" cleared="2" enqueued="2" />
  <stringconstants candidates="6471" cleared="0"  />
  <object-monitors candidates="2" cleared="0"  />
</gc-op>
<gc-op id="1923" type="sweep" timems="4.539" contextid="1899" timestamp="2022-02-08T16:14:16.396" />
<gc-end id="1924" type="global" contextid="1899" durationms="173.567" usertimems="187.512" systemtimems="0.247" stalltimems="101.962" timestamp="2022-02-08T16:14:16.396" activeThreads="4">
  <mem-info id="1925" free="425606568" total="1073741824" percent="39">
    <mem type="nursery" free="101499928" total="268435456" percent="37">
      <mem type="allocate" free="101499928" total="184156160" percent="55" />
      <mem type="survivor" free="0" total="84279296" percent="0" />
    </mem>
    <mem type="tenure" free="324106640" total="805306368" percent="40" micro-fragmented="277284" macro-fragmented="0">
      <mem type="soa" free="316052880" total="797252608" percent="39" />
      <mem type="loa" free="8053760" total="8053760" percent="100" />
    </mem>
    <pending-finalizers system="57" default="0" reference="2" classloader="0" />
    <remembered-set count="104" />
  </mem-info>
</gc-end>
<cycle-end id="1926" type="global" contextid="1899" timestamp="2022-02-08T16:14:16.396" />
<exclusive-end id="1927" timestamp="2022-02-08T16:14:16.396" durationms="173.780" />

<exclusive-start id="1928" timestamp="2022-02-08T16:14:17.184" intervalms="961.554">
  <response-info timems="0.021" idlems="0.021" threads="0" lastid="0000000000016F00" lastname="main" />
</exclusive-start>
<af-start id="1929" threadId="0000000000017908" totalBytesRequested="104" timestamp="2022-02-08T16:14:17.184" intervalms="1160.968" type="nursery" />
<cycle-start id="1930" type="scavenge" contextid="0" timestamp="2022-02-08T16:14:17.184" intervalms="1161.027" />
<gc-start id="1931" type="scavenge" contextid="1930" timestamp="2022-02-08T16:14:17.184">
  <mem-info id="1932" free="324106640" total="1073741824" percent="30">
    <mem type="nursery" free="0" total="268435456" percent="0">
      <mem type="allocate" free="0" total="184156160" percent="0" />
      <mem type="survivor" free="0" total="84279296" percent="0" />
    </mem>
    <mem type="tenure" free="324106640" total="805306368" percent="40">
      <mem type="soa" free="316052880" total="797252608" percent="39" />
      <mem type="loa" free="8053760" total="8053760" percent="100" />
    </mem>
    <remembered-set count="105" />
  </mem-info>
</gc-start>
<allocation-stats totalBytes="101451992" >
  <allocated-bytes non-tlh="0" tlh="101451992" />
  <largest-consumer threadName="main" threadId="0000000000016F00" bytes="101447896" />
</allocation-stats>
<gc-op id="1933" type="scavenge" timems="103.325" contextid="1930" timestamp="2022-02-08T16:14:17.288">
  <scavenger-info tenureage="1" tenuremask="7ffe" tiltratio="68" />
  <memory-copied type="nursery" objects="1407033" bytes="77651840" bytesdiscarded="241456" />
  <memory-copied type="tenure" objects="1424705" bytes="75052472" bytesdiscarded="39576" />
  <finalization candidates="45" enqueued="0" />
  <ownableSynchronizers candidates="2" cleared="2" />
  <object-monitors candidates="2" cleared="0"  />
</gc-op>
<gc-end id="1934" type="scavenge" contextid="1930" durationms="103.567" usertimems="405.629" systemtimems="0.000" stalltimems="2.168" timestamp="2022-02-08T16:14:17.288" activeThreads="4">
  <mem-info id="1935" free="353463992" total="1073741824" percent="32">
    <mem type="nursery" free="104624464" total="268435456" percent="38">
      <mem type="allocate" free="104624464" total="182517760" percent="57" />
      <mem type="survivor" free="0" total="85917696" percent="0" />
    </mem>
    <mem type="tenure" free="248839528" total="805306368" percent="30" macro-fragmented="0">
      <mem type="soa" free="240785768" total="797252608" percent="30" />
      <mem type="loa" free="8053760" total="8053760" percent="100" />
    </mem>
    <remembered-set count="100" />
  </mem-info>
</gc-end>
<cycle-end id="1936" type="scavenge" contextid="1930" timestamp="2022-02-08T16:14:17.288" />
<allocation-satisfied id="1937" threadId="0000000000016F00" bytesRequested="104" />
<af-end id="1938" timestamp="2022-02-08T16:14:17.288" threadId="0000000000017908" success="true" from="nursery"/>
<exclusive-end id="1939" timestamp="2022-02-08T16:14:17.288" durationms="104.282" />

<exclusive-start id="1940" timestamp="2022-02-08T16:14:17.968" intervalms="784.572">
  <response-info timems="0.024" idlems="0.024" threads="0" lastid="0000000000016F00" lastname="main" />
</exclusive-start>
<af-start id="1941" threadId="0000000000017908" totalBytesRequested="120" timestamp="2022-02-08T16:14:17.968" intervalms="784.299" type="nursery" />
<cycle-start id="1942" type="scavenge" contextid="0" timestamp="2022-02-08T16:14:17.969" intervalms="784.433" />
<gc-start id="1943" type="scavenge" contextid="1942" timestamp="2022-02-08T16:14:17.969">
  <mem-info id="1944" free="248839528" total="1073741824" percent="23">
    <mem type="nursery" free="0" total="268435456" percent="0">
      <mem type="allocate" free="0" total="182517760" percent="0" />
      <mem type="survivor" free="0" total="85917696" percent="0" />
    </mem>
    <mem type="tenure" free="248839528" total="805306368" percent="30">
      <mem type="soa" free="240785768" total="797252608" percent="30" />
      <mem type="loa" free="8053760" total="8053760" percent="100" />
    </mem>
    <remembered-set count="100" />
  </mem-info>
</gc-start>
<allocation-stats totalBytes="104574472" >
  <allocated-bytes non-tlh="104" tlh="104574368" />
  <largest-consumer threadName="main" threadId="0000000000016F00" bytes="104574472" />
</allocation-stats>
<gc-op id="1945" type="scavenge" timems="99.809" contextid="1942" timestamp="2022-02-08T16:14:18.068">
  <scavenger-info tenureage="1" tenuremask="7ffe" tiltratio="67" />
  <memory-copied type="nursery" objects="1306572" bytes="74352336" bytesdiscarded="106856" />
  <memory-copied type="tenure" objects="1407033" bytes="77651840" bytesdiscarded="39384" />
  <object-monitors candidates="2" cleared="0"  />
</gc-op>
<gc-end id="1946" type="scavenge" contextid="1942" durationms="100.016" usertimems="372.054" systemtimems="3.365" stalltimems="4.899" timestamp="2022-02-08T16:14:18.069" activeThreads="4">
  <mem-info id="1947" free="279632888" total="1073741824" percent="26">
    <mem type="nursery" free="108451784" total="268435456" percent="40">
      <mem type="allocate" free="108451784" total="182910976" percent="59" />
      <mem type="survivor" free="0" total="85524480" percent="0" />
    </mem>
    <mem type="tenure" free="171181104" total="805306368" percent="21" macro-fragmented="0">
      <mem type="soa" free="163127344" total="797252608" percent="20" />
      <mem type="loa" free="8053760" total="8053760" percent="100" />
    </mem>
    <remembered-set count="101" />
  </mem-info>
</gc-end>
<cycle-end id="1948" type="scavenge" contextid="1942" timestamp="2022-02-08T16:14:18.069" />
<allocation-satisfied id="1949" threadId="0000000000016F00" bytesRequested="120" />
<af-end id="1950" timestamp="2022-02-08T16:14:18.069" threadId="0000000000017908" success="true" from="nursery"/>
<exclusive-end id="1951" timestamp="2022-02-08T16:14:18.069" durationms="100.485" />

<exclusive-start id="1952" timestamp="2022-02-08T16:14:19.040" intervalms="1071.695">
  <response-info timems="0.028" idlems="0.028" threads="0" lastid="0000000000016F00" lastname="main" />
</exclusive-start>
<af-start id="1953" threadId="0000000000017908" totalBytesRequested="184" timestamp="2022-02-08T16:14:19.040" intervalms="1071.730" type="nursery" />
<cycle-start id="1954" type="scavenge" contextid="0" timestamp="2022-02-08T16:14:19.040" intervalms="1071.561" />
<gc-start id="1955" type="scavenge" contextid="1954" timestamp="2022-02-08T16:14:19.040">
  <mem-info id="1956" free="171181104" total="1073741824" percent="15">
    <mem type="nursery" free="0" total="268435456" percent="0">
      <mem type="allocate" free="0" total="182910976" percent="0" />
      <mem type="survivor" free="0" total="85524480" percent="0" />
    </mem>
    <mem type="tenure" free="171181104" total="805306368" percent="21">
      <mem type="soa" free="163127344" total="797252608" percent="20" />
      <mem type="loa" free="8053760" total="8053760" percent="100" />
    </mem>
    <remembered-set count="131" />
  </mem-info>
</gc-start>
<allocation-stats totalBytes="108405008" >
  <allocated-bytes non-tlh="2938368" tlh="105466640" />
  <largest-consumer threadName="main" threadId="0000000000016F00" bytes="108405008" />
</allocation-stats>
<gc-op id="1957" type="scavenge" timems="89.613" contextid="1954" timestamp="2022-02-08T16:14:19.130">
  <scavenger-info tenureage="1" tenuremask="7ffe" tiltratio="68" />
  <memory-copied type="nursery" objects="1450996" bytes="76204232" bytesdiscarded="187480" />
  <memory-copied type="tenure" objects="1306572" bytes="74352336" bytesdiscarded="39352" />
  <finalization candidates="110" enqueued="53" />
  <references type="soft" candidates="14" cleared="0" enqueued="0" dynamicThreshold="12" maxThreshold="32" />
  <references type="weak" candidates="1" cleared="0" enqueued="0" />
  <references type="phantom" candidates="95" cleared="7" enqueued="7" />
  <object-monitors candidates="2" cleared="0"  />
</gc-op>
<gc-end id="1958" type="scavenge" contextid="1954" durationms="89.845" usertimems="342.529" systemtimems="0.000" stalltimems="2.599" timestamp="2022-02-08T16:14:19.130" activeThreads="4">
  <mem-info id="1959" free="203483144" total="1073741824" percent="18">
    <mem type="nursery" free="106781280" total="268435456" percent="39">
      <mem type="allocate" free="106781280" total="183173120" percent="58" />
      <mem type="survivor" free="0" total="85262336" percent="0" />
    </mem>
    <mem type="tenure" free="96701864" total="805306368" percent="12" macro-fragmented="47927252">
      <mem type="soa" free="88648104" total="797252608" percent="11" />
      <mem type="loa" free="8053760" total="8053760" percent="100" />
    </mem>
    <pending-finalizers system="52" default="1" reference="7" classloader="0" />
    <remembered-set count="126" />
  </mem-info>
</gc-end>
<cycle-end id="1960" type="scavenge" contextid="1954" timestamp="2022-02-08T16:14:19.130" />
<allocation-satisfied id="1961" threadId="0000000000016F00" bytesRequested="184" />
<af-end id="1962" timestamp="2022-02-08T16:14:19.130" threadId="0000000000017908" success="true" from="nursery"/>
<exclusive-end id="1963" timestamp="2022-02-08T16:14:19.130" durationms="90.213" />

<concurrent-kickoff id="1964" timestamp="2022-02-08T16:14:19.872">
  <kickoff reason="threshold reached" targetBytes="74583502" thresholdFreeBytes="5773644"  remainingFree="5724768" tenureFreeBytes="96701864" nurseryFreeBytes="5724768" />
</concurrent-kickoff>
<exclusive-start id="1965" timestamp="2022-02-08T16:14:19.878" intervalms="837.690">
  <response-info timems="0.020" idlems="0.020" threads="0" lastid="0000000000016F00" lastname="main" />
</exclusive-start>
<cycle-start id="1966" type="global" contextid="0" timestamp="2022-02-08T16:14:19.878" intervalms="3993.231" />
<concurrent-start id="1967" type="global mark" contextid="1966" timestamp="2022-02-08T16:14:19.878">
</concurrent-start>
<exclusive-end id="1968" timestamp="2022-02-08T16:14:19.878" durationms="0.041" />

<exclusive-start id="1969" timestamp="2022-02-08T16:14:20.016" intervalms="138.206">
  <response-info timems="0.042" idlems="0.042" threads="0" lastid="0000000000016F00" lastname="main" />
</exclusive-start>
<af-start id="1970" threadId="0000000000017908" totalBytesRequested="184" timestamp="2022-02-08T16:14:20.016" intervalms="975.857" type="nursery" />
<cycle-start id="1971" type="scavenge" contextid="0" timestamp="2022-02-08T16:14:20.016" intervalms="975.822" />
<gc-start id="1972" type="scavenge" contextid="1971" timestamp="2022-02-08T16:14:20.016">
  <mem-info id="1973" free="96701864" total="1073741824" percent="9">
    <mem type="nursery" free="0" total="268435456" percent="0">
      <mem type="allocate" free="0" total="183173120" percent="0" />
      <mem type="survivor" free="0" total="85262336" percent="0" />
    </mem>
    <mem type="tenure" free="96701864" total="805306368" percent="12">
      <mem type="soa" free="88648104" total="797252608" percent="11" />
      <mem type="loa" free="8053760" total="8053760" percent="100" />
    </mem>
    <remembered-set count="127" />
  </mem-info>
</gc-start>
<allocation-stats totalBytes="106731800" >
  <allocated-bytes non-tlh="184" tlh="106731616" />
  <largest-consumer threadName="main" threadId="0000000000016F00" bytes="106723608" />
</allocation-stats>
<gc-op id="1974" type="scavenge" timems="99.838" contextid="1971" timestamp="2022-02-08T16:14:20.116">
  <scavenger-info tenureage="1" tenuremask="7ffe" tiltratio="68" />
  <memory-copied type="nursery" objects="1381081" bytes="76057368" bytesdiscarded="164432" />
  <memory-copied type="tenure" objects="1450284" bytes="75736272" bytesdiscarded="38080" />
  <finalization candidates="57" enqueued="0" />
  <object-monitors candidates="2" cleared="0"  />
</gc-op>
<gc-end id="1975" type="scavenge" contextid="1971" durationms="99.957" usertimems="372.127" systemtimems="0.000" stalltimems="2.771" timestamp="2022-02-08T16:14:20.116" activeThreads="4">
  <mem-info id="1976" free="128422344" total="1073741824" percent="11">
    <mem type="nursery" free="107541144" total="268435456" percent="40">
      <mem type="allocate" free="107541144" total="183762944" percent="58" />
      <mem type="survivor" free="0" total="84672512" percent="0" />
    </mem>
    <mem type="tenure" free="20881200" total="805306368" percent="2" macro-fragmented="18886860">
      <mem type="soa" free="12827440" total="797252608" percent="1" />
      <mem type="loa" free="8053760" total="8053760" percent="100" />
    </mem>
    <remembered-set count="100" />
  </mem-info>
</gc-end>
<cycle-end id="1977" type="scavenge" contextid="1971" timestamp="2022-02-08T16:14:20.116" />
<allocation-satisfied id="1978" threadId="0000000000016F00" bytesRequested="184" />
<af-end id="1979" timestamp="2022-02-08T16:14:20.116" threadId="0000000000017908" success="true" from="nursery"/>
<exclusive-end id="1980" timestamp="2022-02-08T16:14:20.116" durationms="100.227" />

<concurrent-end id="1981" type="global mark" contextid="1966" timestamp="2022-02-08T16:14:20.243">
<gc-op id="1982" type="trace" timems="364.848" contextid="1966" timestamp="2022-02-08T16:14:20.243">
  <trace bytesTraced="74430912" workStackOverflowCount="0" />
  <card-cleaning reason="card cleaning threshold reached" bytesTraced="808" cardsCleaned="2" />
</gc-op>
</concurrent-end>

<exclusive-start id="1983" timestamp="2022-02-08T16:14:20.243" intervalms="226.727">
  <response-info timems="0.020" idlems="0.020" threads="0" lastid="0000000000016F00" lastname="main" />
</exclusive-start>
<concurrent-global-final id="1984" timestamp="2022-02-08T16:14:20.243" contextid="1966" intervalms="4020.435" >
  <concurrent-trace-info reason="card cleaning threshold reached" tracedByMutators="56883708" tracedByHelpers="17548012" cardsCleaned="2" workStackOverflowCount="0" />
</concurrent-global-final>
<gc-start id="1985" type="global" contextid="1966" timestamp="2022-02-08T16:14:20.243">
  <mem-info id="1986" free="120328464" total="1073741824" percent="11">
    <mem type="nursery" free="99447264" total="268435456" percent="37">
      <mem type="allocate" free="99447264" total="183762944" percent="54" />
      <mem type="survivor" free="0" total="84672512" percent="0" />
    </mem>
    <mem type="tenure" free="20881200" total="805306368" percent="2">
      <mem type="soa" free="12827440" total="797252608" percent="1" />
      <mem type="loa" free="8053760" total="8053760" percent="100" />
    </mem>
    <remembered-set count="100" />
  </mem-info>
</gc-start>
<allocation-stats totalBytes="8090600" >
  <allocated-bytes non-tlh="184" tlh="8090416" />
  <largest-consumer threadName="main" threadId="0000000000016F00" bytes="8090600" />
</allocation-stats>
<gc-op id="1987" type="rs-scan" timems="0.568" contextid="1966" timestamp="2022-02-08T16:14:20.243">
  <scan objectsFound="0" bytesTraced="3692" workStackOverflowCount="0" />
</gc-op>
<gc-op id="1988" type="card-cleaning" timems="146.387" contextid="1966" timestamp="2022-02-08T16:14:20.390">
  <card-cleaning cardsCleaned="10" bytesTraced="71012004" workStackOverflowCount="0" />
</gc-op>
<gc-op id="1989" type="mark" timems="77.050" contextid="1966" timestamp="2022-02-08T16:14:20.467">
  <trace-info objectcount="2383610" scancount="1789235" scanbytes="38238056" />
  <finalization candidates="428" enqueued="57" />
  <ownableSynchronizers candidates="1" cleared="0" />
  <references type="soft" candidates="894" cleared="0" enqueued="0" dynamicThreshold="12" maxThreshold="32" />
  <references type="weak" candidates="1701" cleared="0" enqueued="0" />
  <references type="phantom" candidates="52" cleared="2" enqueued="2" />
  <stringconstants candidates="6471" cleared="0"  />
  <object-monitors candidates="2" cleared="0"  />
</gc-op>
<gc-op id="1990" type="sweep" timems="5.759" contextid="1966" timestamp="2022-02-08T16:14:20.473" />
<gc-end id="1991" type="global" contextid="1966" durationms="230.060" usertimems="253.169" systemtimems="5.135" stalltimems="230.167" timestamp="2022-02-08T16:14:20.473" activeThreads="4">
  <mem-info id="1992" free="363593664" total="1073741824" percent="33">
    <mem type="nursery" free="99703632" total="268435456" percent="37">
      <mem type="allocate" free="99703632" total="183762944" percent="54" />
      <mem type="survivor" free="0" total="84672512" percent="0" />
    </mem>
    <mem type="tenure" free="263890032" total="805306368" percent="32" micro-fragmented="298928" macro-fragmented="0">
      <mem type="soa" free="255836272" total="797252608" percent="32" />
      <mem type="loa" free="8053760" total="8053760" percent="100" />
    </mem>
    <pending-finalizers system="57" default="0" reference="2" classloader="0" />
    <remembered-set count="100" />
  </mem-info>
</gc-end>
<cycle-end id="1993" type="global" contextid="1966" timestamp="2022-02-08T16:14:20.473" />
<exclusive-end id="1994" timestamp="2022-02-08T16:14:20.473" durationms="230.340" />

<exclusive-start id="1995" timestamp="2022-02-08T16:14:21.138" intervalms="895.457">
  <response-info timems="0.018" idlems="0.018" threads="0" lastid="0000000000016F00" lastname="main" />
</exclusive-start>
<af-start id="1996" threadId="0000000000017908" totalBytesRequested="24" timestamp="2022-02-08T16:14:21.138" intervalms="1122.182" type="nursery" />
<cycle-start id="1997" type="scavenge" contextid="0" timestamp="2022-02-08T16:14:21.138" intervalms="1122.182" />
<gc-start id="1998" type="scavenge" contextid="1997" timestamp="2022-02-08T16:14:21.138">
  <mem-info id="1999" free="263890032" total="1073741824" percent="24">
    <mem type="nursery" free="0" total="268435456" percent="0">
      <mem type="allocate" free="0" total="183762944" percent="0" />
      <mem type="survivor" free="0" total="84672512" percent="0" />
    </mem>
    <mem type="tenure" free="263890032" total="805306368" percent="32">
      <mem type="soa" free="255836272" total="797252608" percent="32" />
      <mem type="loa" free="8053760" total="8053760" percent="100" />
    </mem>
    <remembered-set count="103" />
  </mem-info>
</gc-start>
<allocation-stats totalBytes="99659344" >
  <allocated-bytes non-tlh="0" tlh="99659344" />
  <largest-consumer threadName="main" threadId="0000000000016F00" bytes="99655248" />
</allocation-stats>
<gc-op id="2000" type="scavenge" timems="110.749" contextid="1997" timestamp="2022-02-08T16:14:21.249">
  <scavenger-info tenureage="1" tenuremask="7ffe" tiltratio="68" />
  <memory-copied type="nursery" objects="1349256" bytes="76500080" bytesdiscarded="200488" />
  <memory-copied type="tenure" objects="1381080" bytes="76057264" bytesdiscarded="41136" />
  <ownableSynchronizers candidates="2" cleared="2" />
  <object-monitors candidates="2" cleared="0"  />
</gc-op>
<gc-end id="2001" type="scavenge" contextid="1997" durationms="110.914" usertimems="370.163" systemtimems="5.121" stalltimems="2.959" timestamp="2022-02-08T16:14:21.249" activeThreads="4">
  <mem-info id="2002" free="294978408" total="1073741824" percent="27">
    <mem type="nursery" free="107324520" total="268435456" percent="39">
      <mem type="allocate" free="107324520" total="184025088" percent="58" />
      <mem type="survivor" free="0" total="84410368" percent="0" />
    </mem>
    <mem type="tenure" free="187653888" total="805306368" percent="23" macro-fragmented="0">
      <mem type="soa" free="179600128" total="797252608" percent="22" />
      <mem type="loa" free="8053760" total="8053760" percent="100" />
    </mem>
    <remembered-set count="102" />
  </mem-info>
</gc-end>
<cycle-end id="2003" type="scavenge" contextid="1997" timestamp="2022-02-08T16:14:21.249" />
<allocation-satisfied id="2004" threadId="0000000000016F00" bytesRequested="24" />
<af-end id="2005" timestamp="2022-02-08T16:14:21.249" threadId="0000000000017908" success="true" from="nursery"/>
<exclusive-end id="2006" timestamp="2022-02-08T16:14:21.249" durationms="111.347" />

<exclusive-start id="2007" timestamp="2022-02-08T16:14:22.178" intervalms="1040.338">
  <response-info timems="0.022" idlems="0.022" threads="0" lastid="0000000000016F00" lastname="main" />
</exclusive-start>
<af-start id="2008" threadId="0000000000017908" totalBytesRequested="24" timestamp="2022-02-08T16:14:22.178" intervalms="1040.342" type="nursery" />
<cycle-start id="2009" type="scavenge" contextid="0" timestamp="2022-02-08T16:14:22.179" intervalms="1040.342" />
<gc-start id="2010" type="scavenge" contextid="2009" timestamp="2022-02-08T16:14:22.179">
  <mem-info id="2011" free="187653888" total="1073741824" percent="17">
    <mem type="nursery" free="0" total="268435456" percent="0">
      <mem type="allocate" free="0" total="184025088" percent="0" />
      <mem type="survivor" free="0" total="84410368" percent="0" />
    </mem>
    <mem type="tenure" free="187653888" total="805306368" percent="23">
      <mem type="soa" free="179600128" total="797252608" percent="22" />
      <mem type="loa" free="8053760" total="8053760" percent="100" />
    </mem>
    <remembered-set count="133" />
  </mem-info>
</gc-start>
<allocation-stats totalBytes="107276592" >
  <allocated-bytes non-tlh="1661168" tlh="105615424" />
  <largest-consumer threadName="main" threadId="0000000000016F00" bytes="107276592" />
</allocation-stats>
<gc-op id="2012" type="scavenge" timems="117.421" contextid="2009" timestamp="2022-02-08T16:14:22.296">
  <scavenger-info tenureage="1" tenuremask="7ffe" tiltratio="68" />
  <memory-copied type="nursery" objects="1447954" bytes="75480584" bytesdiscarded="136672" />
  <memory-copied type="tenure" objects="1349256" bytes="76500080" bytesdiscarded="39792" />
  <finalization candidates="109" enqueued="53" />
  <references type="soft" candidates="14" cleared="0" enqueued="0" dynamicThreshold="10" maxThreshold="32" />
  <references type="weak" candidates="1" cleared="0" enqueued="0" />
  <references type="phantom" candidates="94" cleared="7" enqueued="7" />
  <object-monitors candidates="2" cleared="0"  />
</gc-op>
<gc-end id="2013" type="scavenge" contextid="2009" durationms="117.622" usertimems="356.172" systemtimems="0.000" stalltimems="5.729" timestamp="2022-02-08T16:14:22.296" activeThreads="4">
  <mem-info id="2014" free="219831960" total="1073741824" percent="20">
    <mem type="nursery" free="108800920" total="268435456" percent="40">
      <mem type="allocate" free="108800920" total="184418304" percent="58" />
      <mem type="survivor" free="0" total="84017152" percent="0" />
    </mem>
    <mem type="tenure" free="111031040" total="805306368" percent="13" macro-fragmented="0">
      <mem type="soa" free="102977280" total="797252608" percent="12" />
      <mem type="loa" free="8053760" total="8053760" percent="100" />
    </mem>
    <pending-finalizers system="52" default="1" reference="7" classloader="0" />
    <remembered-set count="128" />
  </mem-info>
</gc-end>
<cycle-end id="2015" type="scavenge" contextid="2009" timestamp="2022-02-08T16:14:22.296" />
<allocation-satisfied id="2016" threadId="0000000000016F00" bytesRequested="24" />
<af-end id="2017" timestamp="2022-02-08T16:14:22.297" threadId="0000000000017908" success="true" from="nursery"/>
<exclusive-end id="2018" timestamp="2022-02-08T16:14:22.297" durationms="118.069" />

<concurrent-kickoff id="2019" timestamp="2022-02-08T16:14:23.038">
  <kickoff reason="threshold reached" targetBytes="74553131" thresholdFreeBytes="5768103"  remainingFree="5765920" tenureFreeBytes="111031040" nurseryFreeBytes="5765920" />
</concurrent-kickoff>
<exclusive-start id="2020" timestamp="2022-02-08T16:14:23.042" intervalms="863.792">
  <response-info timems="0.022" idlems="0.022" threads="0" lastid="0000000000016F00" lastname="main" />
</exclusive-start>
<cycle-start id="2021" type="global" contextid="0" timestamp="2022-02-08T16:14:23.042" intervalms="3164.519" />
<concurrent-start id="2022" type="global mark" contextid="2021" timestamp="2022-02-08T16:14:23.042">
</concurrent-start>
<exclusive-end id="2023" timestamp="2022-02-08T16:14:23.042" durationms="0.040" />

<exclusive-start id="2024" timestamp="2022-02-08T16:14:23.164" intervalms="122.245">
  <response-info timems="0.020" idlems="0.020" threads="0" lastid="0000000000016F00" lastname="main" />
</exclusive-start>
<af-start id="2025" threadId="0000000000017908" totalBytesRequested="16" timestamp="2022-02-08T16:14:23.165" intervalms="986.035" type="nursery" />
<cycle-start id="2026" type="scavenge" contextid="0" timestamp="2022-02-08T16:14:23.165" intervalms="986.035" />
<gc-start id="2027" type="scavenge" contextid="2026" timestamp="2022-02-08T16:14:23.165">
  <mem-info id="2028" free="111031040" total="1073741824" percent="10">
    <mem type="nursery" free="0" total="268435456" percent="0">
      <mem type="allocate" free="0" total="184418304" percent="0" />
      <mem type="survivor" free="0" total="84017152" percent="0" />
    </mem>
    <mem type="tenure" free="111031040" total="805306368" percent="13">
      <mem type="soa" free="102977280" total="797252608" percent="12" />
      <mem type="loa" free="8053760" total="8053760" percent="100" />
    </mem>
    <remembered-set count="129" />
  </mem-info>
</gc-start>
<allocation-stats totalBytes="108750840" >
  <allocated-bytes non-tlh="1347704" tlh="107403136" />
  <largest-consumer threadName="main" threadId="0000000000016F00" bytes="108742648" />
</allocation-stats>
<gc-op id="2029" type="scavenge" timems="95.700" contextid="2026" timestamp="2022-02-08T16:14:23.260">
  <scavenger-info tenureage="1" tenuremask="7ffe" tiltratio="68" />
  <memory-copied type="nursery" objects="1383520" bytes="77857824" bytesdiscarded="197504" />
  <memory-copied type="tenure" objects="1447234" bytes="74537392" bytesdiscarded="38088" />
  <finalization candidates="57" enqueued="0" />
  <references type="phantom" candidates="1" cleared="0" enqueued="0" />
  <object-monitors candidates="2" cleared="0"  />
</gc-op>
<gc-end id="2030" type="scavenge" contextid="2026" durationms="95.935" usertimems="363.514" systemtimems="0.000" stalltimems="4.754" timestamp="2022-02-08T16:14:23.261" activeThreads="4">
  <mem-info id="2031" free="140574336" total="1073741824" percent="13">
    <mem type="nursery" free="104200288" total="268435456" percent="38">
      <mem type="allocate" free="104200288" total="182255616" percent="57" />
      <mem type="survivor" free="0" total="86179840" percent="0" />
    </mem>
    <mem type="tenure" free="36374048" total="805306368" percent="4" macro-fragmented="0">
      <mem type="soa" free="28320288" total="797252608" percent="3" />
      <mem type="loa" free="8053760" total="8053760" percent="100" />
    </mem>
    <remembered-set count="99" />
  </mem-info>
</gc-end>
<cycle-end id="2032" type="scavenge" contextid="2026" timestamp="2022-02-08T16:14:23.261" />
<allocation-satisfied id="2033" threadId="0000000000016F00" bytesRequested="16" />
<af-end id="2034" timestamp="2022-02-08T16:14:23.261" threadId="0000000000017908" success="true" from="nursery"/>
<exclusive-end id="2035" timestamp="2022-02-08T16:14:23.261" durationms="96.279" />

<concurrent-end id="2036" type="global mark" contextid="2021" timestamp="2022-02-08T16:14:23.418">
<gc-op id="2037" type="trace" timems="376.143" contextid="2021" timestamp="2022-02-08T16:14:23.418">
  <trace bytesTraced="74431184" workStackOverflowCount="0" />
  <card-cleaning reason="card cleaning threshold reached" bytesTraced="808" cardsCleaned="2" />
</gc-op>
</concurrent-end>

<exclusive-start id="2038" timestamp="2022-02-08T16:14:23.418" intervalms="253.981">
  <response-info timems="0.019" idlems="0.019" threads="0" lastid="0000000000016F00" lastname="main" />
</exclusive-start>
<concurrent-global-final id="2039" timestamp="2022-02-08T16:14:23.418" contextid="2021" intervalms="3175.814" >
  <concurrent-trace-info reason="card cleaning threshold reached" tracedByMutators="55571396" tracedByHelpers="18860596" cardsCleaned="2" workStackOverflowCount="0" />
</concurrent-global-final>
<gc-start id="2040" type="global" contextid="2021" timestamp="2022-02-08T16:14:23.419">
  <mem-info id="2041" free="131956336" total="1073741824" percent="12">
    <mem type="nursery" free="95582288" total="268435456" percent="35">
      <mem type="allocate" free="95582288" total="182255616" percent="52" />
      <mem type="survivor" free="0" total="86179840" percent="0" />
    </mem>
    <mem type="tenure" free="36374048" total="805306368" percent="4">
      <mem type="soa" free="28320288" total="797252608" percent="3" />
      <mem type="loa" free="8053760" total="8053760" percent="100" />
    </mem>
    <remembered-set count="99" />
  </mem-info>
</gc-start>
<allocation-stats totalBytes="8613728" >
  <allocated-bytes non-tlh="16" tlh="8613712" />
  <largest-consumer threadName="main" threadId="0000000000016F00" bytes="8613728" />
</allocation-stats>
<gc-op id="2042" type="rs-scan" timems="0.522" contextid="2021" timestamp="2022-02-08T16:14:23.419">
  <scan objectsFound="29" bytesTraced="5124" workStackOverflowCount="0" />
</gc-op>
<gc-op id="2043" type="card-cleaning" timems="152.899" contextid="2021" timestamp="2022-02-08T16:14:23.572">
  <card-cleaning cardsCleaned="9" bytesTraced="71010180" workStackOverflowCount="0" />
</gc-op>
<gc-op id="2044" type="mark" timems="60.066" contextid="2021" timestamp="2022-02-08T16:14:23.632">
  <trace-info objectcount="2140070" scancount="1606580" scanbytes="34341416" />
  <finalization candidates="428" enqueued="57" />
  <ownableSynchronizers candidates="1" cleared="0" />
  <references type="soft" candidates="894" cleared="0" enqueued="0" dynamicThreshold="10" maxThreshold="32" />
  <references type="weak" candidates="1701" cleared="0" enqueued="0" />
  <references type="phantom" candidates="52" cleared="2" enqueued="2" />
  <stringconstants candidates="6471" cleared="0"  />
  <object-monitors candidates="2" cleared="0"  />
</gc-op>
<gc-op id="2045" type="sweep" timems="5.038" contextid="2021" timestamp="2022-02-08T16:14:23.637" />
<gc-end id="2046" type="global" contextid="2021" durationms="218.915" usertimems="234.177" systemtimems="0.614" stalltimems="179.965" timestamp="2022-02-08T16:14:23.637" activeThreads="4">
  <mem-info id="2047" free="375281832" total="1073741824" percent="34">
    <mem type="nursery" free="95873696" total="268435456" percent="35">
      <mem type="allocate" free="95873696" total="182255616" percent="52" />
      <mem type="survivor" free="0" total="86179840" percent="0" />
    </mem>
    <mem type="tenure" free="279408136" total="805306368" percent="34" micro-fragmented="269537" macro-fragmented="0">
      <mem type="soa" free="271354376" total="797252608" percent="34" />
      <mem type="loa" free="8053760" total="8053760" percent="100" />
    </mem>
    <pending-finalizers system="57" default="0" reference="2" classloader="0" />
    <remembered-set count="99" />
  </mem-info>
</gc-end>
<cycle-end id="2048" type="global" contextid="2021" timestamp="2022-02-08T16:14:23.638" />
<exclusive-end id="2049" timestamp="2022-02-08T16:14:23.638" durationms="219.113" />

<exclusive-start id="2050" timestamp="2022-02-08T16:14:24.266" intervalms="847.501">
  <response-info timems="0.050" idlems="0.050" threads="0" lastid="0000000000016F00" lastname="main" />
</exclusive-start>
<af-start id="2051" threadId="0000000000017908" totalBytesRequested="112" timestamp="2022-02-08T16:14:24.266" intervalms="1101.483" type="nursery" />
<cycle-start id="2052" type="scavenge" contextid="0" timestamp="2022-02-08T16:14:24.266" intervalms="1101.482" />
<gc-start id="2053" type="scavenge" contextid="2052" timestamp="2022-02-08T16:14:24.266">
  <mem-info id="2054" free="279408136" total="1073741824" percent="26">
    <mem type="nursery" free="0" total="268435456" percent="0">
      <mem type="allocate" free="0" total="182255616" percent="0" />
      <mem type="survivor" free="0" total="86179840" percent="0" />
    </mem>
    <mem type="tenure" free="279408136" total="805306368" percent="34">
      <mem type="soa" free="271354376" total="797252608" percent="34" />
      <mem type="loa" free="8053760" total="8053760" percent="100" />
    </mem>
    <remembered-set count="102" />
  </mem-info>
</gc-start>
<allocation-stats totalBytes="95827880" >
  <allocated-bytes non-tlh="0" tlh="95827880" />
  <largest-consumer threadName="main" threadId="0000000000016F00" bytes="95823784" />
</allocation-stats>
<gc-op id="2055" type="scavenge" timems="103.978" contextid="2052" timestamp="2022-02-08T16:14:24.370">
  <scavenger-info tenureage="1" tenuremask="7ffe" tiltratio="67" />
  <memory-copied type="nursery" objects="1310171" bytes="74167328" bytesdiscarded="225864" />
  <memory-copied type="tenure" objects="1383520" bytes="77857824" bytesdiscarded="45488" />
  <finalization candidates="1" enqueued="0" />
  <ownableSynchronizers candidates="2" cleared="2" />
  <object-monitors candidates="2" cleared="0"  />
</gc-op>
<gc-end id="2056" type="scavenge" contextid="2052" durationms="104.160" usertimems="343.729" systemtimems="1.321" stalltimems="4.141" timestamp="2022-02-08T16:14:24.370" activeThreads="4">
  <mem-info id="2057" free="309519968" total="1073741824" percent="28">
    <mem type="nursery" free="108321176" total="268435456" percent="40">
      <mem type="allocate" free="108321176" total="182714368" percent="59" />
      <mem type="survivor" free="0" total="85721088" percent="0" />
    </mem>
    <mem type="tenure" free="201198792" total="805306368" percent="24" macro-fragmented="0">
      <mem type="soa" free="193145032" total="797252608" percent="24" />
      <mem type="loa" free="8053760" total="8053760" percent="100" />
    </mem>
    <remembered-set count="101" />
  </mem-info>
</gc-end>
<cycle-end id="2058" type="scavenge" contextid="2052" timestamp="2022-02-08T16:14:24.370" />
<allocation-satisfied id="2059" threadId="0000000000016F00" bytesRequested="112" />
<af-end id="2060" timestamp="2022-02-08T16:14:24.370" threadId="0000000000017908" success="true" from="nursery"/>
<exclusive-end id="2061" timestamp="2022-02-08T16:14:24.370" durationms="104.470" />

<exclusive-start id="2062" timestamp="2022-02-08T16:14:25.306" intervalms="1040.058">
  <response-info timems="0.039" idlems="0.039" threads="0" lastid="0000000000016F00" lastname="main" />
</exclusive-start>
<af-start id="2063" threadId="0000000000017908" totalBytesRequested="192" timestamp="2022-02-08T16:14:25.306" intervalms="1040.075" type="nursery" />
<cycle-start id="2064" type="scavenge" contextid="0" timestamp="2022-02-08T16:14:25.306" intervalms="1040.094" />
<gc-start id="2065" type="scavenge" contextid="2064" timestamp="2022-02-08T16:14:25.306">
  <mem-info id="2066" free="201198792" total="1073741824" percent="18">
    <mem type="nursery" free="0" total="268435456" percent="0">
      <mem type="allocate" free="0" total="182714368" percent="0" />
      <mem type="survivor" free="0" total="85721088" percent="0" />
    </mem>
    <mem type="tenure" free="201198792" total="805306368" percent="24">
      <mem type="soa" free="193145032" total="797252608" percent="24" />
      <mem type="loa" free="8053760" total="8053760" percent="100" />
    </mem>
    <remembered-set count="132" />
  </mem-info>
</gc-start>
<allocation-stats totalBytes="108274912" >
  <allocated-bytes non-tlh="1661256" tlh="106613656" />
  <largest-consumer threadName="main" threadId="0000000000016F00" bytes="108274912" />
</allocation-stats>
<gc-op id="2067" type="scavenge" timems="86.415" contextid="2064" timestamp="2022-02-08T16:14:25.393">
  <scavenger-info tenureage="1" tenuremask="7ffe" tiltratio="68" />
  <memory-copied type="nursery" objects="1488712" bytes="76248672" bytesdiscarded="84328" />
  <memory-copied type="tenure" objects="1310171" bytes="74167328" bytesdiscarded="39168" />
  <finalization candidates="109" enqueued="53" />
  <references type="soft" candidates="14" cleared="0" enqueued="0" dynamicThreshold="11" maxThreshold="32" />
  <references type="weak" candidates="1" cleared="0" enqueued="0" />
  <references type="phantom" candidates="94" cleared="7" enqueued="7" />
  <object-monitors candidates="2" cleared="0"  />
</gc-op>
<gc-end id="2068" type="scavenge" contextid="2064" durationms="86.669" usertimems="332.338" systemtimems="4.852" stalltimems="3.871" timestamp="2022-02-08T16:14:25.393" activeThreads="4">
  <mem-info id="2069" free="233653952" total="1073741824" percent="21">
    <mem type="nursery" free="106577848" total="268435456" percent="39">
      <mem type="allocate" free="106577848" total="182910976" percent="58" />
      <mem type="survivor" free="0" total="85524480" percent="0" />
    </mem>
    <mem type="tenure" free="127076104" total="805306368" percent="15" macro-fragmented="0">
      <mem type="soa" free="119022344" total="797252608" percent="14" />
      <mem type="loa" free="8053760" total="8053760" percent="100" />
    </mem>
    <pending-finalizers system="52" default="1" reference="7" classloader="0" />
    <remembered-set count="129" />
  </mem-info>
</gc-end>
<cycle-end id="2070" type="scavenge" contextid="2064" timestamp="2022-02-08T16:14:25.393" />
<allocation-satisfied id="2071" threadId="0000000000016F00" bytesRequested="192" />
<af-end id="2072" timestamp="2022-02-08T16:14:25.393" threadId="0000000000017908" success="true" from="nursery"/>
<exclusive-end id="2073" timestamp="2022-02-08T16:14:25.393" durationms="87.011" />

<concurrent-kickoff id="2074" timestamp="2022-02-08T16:14:26.099">
  <kickoff reason="threshold reached" targetBytes="74528896" thresholdFreeBytes="5764046"  remainingFree="5717944" tenureFreeBytes="127076104" nurseryFreeBytes="5717944" />
</concurrent-kickoff>
<exclusive-start id="2075" timestamp="2022-02-08T16:14:26.101" intervalms="795.408">
  <response-info timems="0.024" idlems="0.024" threads="0" lastid="0000000000016F00" lastname="main" />
</exclusive-start>
<cycle-start id="2076" type="global" contextid="0" timestamp="2022-02-08T16:14:26.101" intervalms="3059.183" />
<concurrent-start id="2077" type="global mark" contextid="2076" timestamp="2022-02-08T16:14:26.101">
</concurrent-start>
<exclusive-end id="2078" timestamp="2022-02-08T16:14:26.101" durationms="0.028" />

<exclusive-start id="2079" timestamp="2022-02-08T16:14:26.230" intervalms="128.140">
  <response-info timems="0.053" idlems="0.053" threads="0" lastid="0000000000016F00" lastname="main" />
</exclusive-start>
<af-start id="2080" threadId="0000000000017908" totalBytesRequested="120" timestamp="2022-02-08T16:14:26.230" intervalms="923.532" type="nursery" />
<cycle-start id="2081" type="scavenge" contextid="0" timestamp="2022-02-08T16:14:26.230" intervalms="923.514" />
<gc-start id="2082" type="scavenge" contextid="2081" timestamp="2022-02-08T16:14:26.230">
  <mem-info id="2083" free="127076104" total="1073741824" percent="11">
    <mem type="nursery" free="0" total="268435456" percent="0">
      <mem type="allocate" free="0" total="182910976" percent="0" />
      <mem type="survivor" free="0" total="85524480" percent="0" />
    </mem>
    <mem type="tenure" free="127076104" total="805306368" percent="15">
      <mem type="soa" free="119022344" total="797252608" percent="14" />
      <mem type="loa" free="8053760" total="8053760" percent="100" />
    </mem>
    <remembered-set count="130" />
  </mem-info>
</gc-start>
<allocation-stats totalBytes="106528032" >
  <allocated-bytes non-tlh="1347872" tlh="105180160" />
  <largest-consumer threadName="main" threadId="0000000000016F00" bytes="106519840" />
</allocation-stats>
<gc-op id="2084" type="scavenge" timems="86.507" contextid="2081" timestamp="2022-02-08T16:14:26.316">
  <scavenger-info tenureage="1" tenuremask="7ffe" tiltratio="68" />
  <memory-copied type="nursery" objects="1332509" bytes="76234528" bytesdiscarded="255808" />
  <memory-copied type="tenure" objects="1487992" bytes="75305400" bytesdiscarded="36168" />
  <finalization candidates="57" enqueued="0" />
  <references type="phantom" candidates="1" cleared="0" enqueued="0" />
  <object-monitors candidates="2" cleared="0"  />
</gc-op>
<gc-end id="2085" type="scavenge" contextid="2081" durationms="86.776" usertimems="340.822" systemtimems="0.873" stalltimems="3.249" timestamp="2022-02-08T16:14:26.316" activeThreads="4">
  <mem-info id="2086" free="158826440" total="1073741824" percent="14">
    <mem type="nursery" free="107076000" total="268435456" percent="39">
      <mem type="allocate" free="107076000" total="183566336" percent="58" />
      <mem type="survivor" free="0" total="84869120" percent="0" />
    </mem>
    <mem type="tenure" free="51750440" total="805306368" percent="6" macro-fragmented="0">
      <mem type="soa" free="43696680" total="797252608" percent="5" />
      <mem type="loa" free="8053760" total="8053760" percent="100" />
    </mem>
    <remembered-set count="99" />
  </mem-info>
</gc-end>
<cycle-end id="2087" type="scavenge" contextid="2081" timestamp="2022-02-08T16:14:26.317" />
<allocation-satisfied id="2088" threadId="0000000000016F00" bytesRequested="120" />
<af-end id="2089" timestamp="2022-02-08T16:14:26.317" threadId="0000000000017908" success="true" from="nursery"/>
<exclusive-end id="2090" timestamp="2022-02-08T16:14:26.317" durationms="87.075" />

<concurrent-end id="2091" type="global mark" contextid="2076" timestamp="2022-02-08T16:14:26.450">
<gc-op id="2092" type="trace" timems="348.800" contextid="2076" timestamp="2022-02-08T16:14:26.450">
  <trace bytesTraced="74431392" workStackOverflowCount="0" />
  <card-cleaning reason="card cleaning threshold reached" bytesTraced="808" cardsCleaned="2" />
</gc-op>
</concurrent-end>

<exclusive-start id="2093" timestamp="2022-02-08T16:14:26.450" intervalms="220.748">
  <response-info timems="0.019" idlems="0.019" threads="0" lastid="0000000000016F00" lastname="main" />
</exclusive-start>
<concurrent-global-final id="2094" timestamp="2022-02-08T16:14:26.450" contextid="2076" intervalms="3031.854" >
  <concurrent-trace-info reason="card cleaning threshold reached" tracedByMutators="58434700" tracedByHelpers="15997500" cardsCleaned="2" workStackOverflowCount="0" />
</concurrent-global-final>
<gc-start id="2095" type="global" contextid="2076" timestamp="2022-02-08T16:14:26.450">
  <mem-info id="2096" free="151387984" total="1073741824" percent="14">
    <mem type="nursery" free="99637544" total="268435456" percent="37">
      <mem type="allocate" free="99637544" total="183566336" percent="54" />
      <mem type="survivor" free="0" total="84869120" percent="0" />
    </mem>
    <mem type="tenure" free="51750440" total="805306368" percent="6">
      <mem type="soa" free="43696680" total="797252608" percent="5" />
      <mem type="loa" free="8053760" total="8053760" percent="100" />
    </mem>
    <remembered-set count="99" />
  </mem-info>
</gc-start>
<allocation-stats totalBytes="7435008" >
  <allocated-bytes non-tlh="120" tlh="7434888" />
  <largest-consumer threadName="main" threadId="0000000000016F00" bytes="7435008" />
</allocation-stats>
<gc-op id="2097" type="rs-scan" timems="0.513" contextid="2076" timestamp="2022-02-08T16:14:26.451">
  <scan objectsFound="29" bytesTraced="5124" workStackOverflowCount="0" />
</gc-op>
<gc-op id="2098" type="card-cleaning" timems="158.346" contextid="2076" timestamp="2022-02-08T16:14:26.609">
  <card-cleaning cardsCleaned="9" bytesTraced="71010180" workStackOverflowCount="0" />
</gc-op>
<gc-op id="2099" type="mark" timems="49.707" contextid="2076" timestamp="2022-02-08T16:14:26.659">
  <trace-info objectcount="1824839" scancount="1370157" scanbytes="29297704" />
  <finalization candidates="428" enqueued="57" />
  <ownableSynchronizers candidates="1" cleared="0" />
  <references type="soft" candidates="894" cleared="0" enqueued="0" dynamicThreshold="11" maxThreshold="32" />
  <references type="weak" candidates="1701" cleared="0" enqueued="0" />
  <references type="phantom" candidates="52" cleared="2" enqueued="2" />
  <stringconstants candidates="6471" cleared="0"  />
  <object-monitors candidates="2" cleared="0"  />
</gc-op>
<gc-op id="2100" type="sweep" timems="4.889" contextid="2076" timestamp="2022-02-08T16:14:26.664" />
<gc-end id="2101" type="global" contextid="2076" durationms="213.650" usertimems="226.506" systemtimems="0.000" stalltimems="148.345" timestamp="2022-02-08T16:14:26.664" activeThreads="4">
  <mem-info id="2102" free="394671072" total="1073741824" percent="36">
    <mem type="nursery" free="99985368" total="268435456" percent="37">
      <mem type="allocate" free="99985368" total="183566336" percent="54" />
      <mem type="survivor" free="0" total="84869120" percent="0" />
    </mem>
    <mem type="tenure" free="294685704" total="805306368" percent="36" micro-fragmented="267992" macro-fragmented="1347680">
      <mem type="soa" free="286631944" total="797252608" percent="35" />
      <mem type="loa" free="8053760" total="8053760" percent="100" />
    </mem>
    <pending-finalizers system="57" default="0" reference="2" classloader="0" />
    <remembered-set count="99" />
  </mem-info>
</gc-end>
<cycle-end id="2103" type="global" contextid="2076" timestamp="2022-02-08T16:14:26.664" />
<exclusive-end id="2104" timestamp="2022-02-08T16:14:26.664" durationms="213.877" />

<exclusive-start id="2105" timestamp="2022-02-08T16:14:27.369" intervalms="918.930">
  <response-info timems="0.019" idlems="0.019" threads="0" lastid="0000000000016F00" lastname="main" />
</exclusive-start>
<af-start id="2106" threadId="0000000000017908" totalBytesRequested="112" timestamp="2022-02-08T16:14:27.370" intervalms="1139.938" type="nursery" />
<cycle-start id="2107" type="scavenge" contextid="0" timestamp="2022-02-08T16:14:27.370" intervalms="1140.023" />
<gc-start id="2108" type="scavenge" contextid="2107" timestamp="2022-02-08T16:14:27.370">
  <mem-info id="2109" free="294685704" total="1073741824" percent="27">
    <mem type="nursery" free="0" total="268435456" percent="0">
      <mem type="allocate" free="0" total="183566336" percent="0" />
      <mem type="survivor" free="0" total="84869120" percent="0" />
    </mem>
    <mem type="tenure" free="294685704" total="805306368" percent="36">
      <mem type="soa" free="286631944" total="797252608" percent="35" />
      <mem type="loa" free="8053760" total="8053760" percent="100" />
    </mem>
    <remembered-set count="102" />
  </mem-info>
</gc-start>
<allocation-stats totalBytes="99943192" >
  <allocated-bytes non-tlh="0" tlh="99943192" />
  <largest-consumer threadName="main" threadId="0000000000016F00" bytes="99939096" />
</allocation-stats>
<gc-op id="2110" type="scavenge" timems="85.473" contextid="2107" timestamp="2022-02-08T16:14:27.455">
  <scavenger-info tenureage="1" tenuremask="7ffe" tiltratio="68" />
  <memory-copied type="nursery" objects="1357694" bytes="76286344" bytesdiscarded="108928" />
  <memory-copied type="tenure" objects="1332509" bytes="76234528" bytesdiscarded="44360" />
  <finalization candidates="1" enqueued="0" />
  <ownableSynchronizers candidates="2" cleared="2" />
  <object-monitors candidates="2" cleared="0"  />
</gc-op>
<gc-end id="2111" type="scavenge" contextid="2107" durationms="85.672" usertimems="337.295" systemtimems="0.275" stalltimems="3.366" timestamp="2022-02-08T16:14:27.455" activeThreads="4">
  <mem-info id="2112" free="325884552" total="1073741824" percent="30">
    <mem type="nursery" free="107629816" total="268435456" percent="40">
      <mem type="allocate" free="107629816" total="184025088" percent="58" />
      <mem type="survivor" free="0" total="84410368" percent="0" />
    </mem>
    <mem type="tenure" free="218254736" total="805306368" percent="27" macro-fragmented="1250136">
      <mem type="soa" free="210200976" total="797252608" percent="26" />
      <mem type="loa" free="8053760" total="8053760" percent="100" />
    </mem>
    <remembered-set count="102" />
  </mem-info>
</gc-end>
<cycle-end id="2113" type="scavenge" contextid="2107" timestamp="2022-02-08T16:14:27.456" />
<allocation-satisfied id="2114" threadId="0000000000016F00" bytesRequested="112" />
<af-end id="2115" timestamp="2022-02-08T16:14:27.456" threadId="0000000000017908" success="true" from="nursery"/>
<exclusive-end id="2116" timestamp="2022-02-08T16:14:27.456" durationms="86.438" />

<exclusive-start id="2117" timestamp="2022-02-08T16:14:28.373" intervalms="1003.288">
  <response-info timems="0.040" idlems="0.040" threads="0" lastid="0000000000016F00" lastname="main" />
</exclusive-start>
<af-start id="2118" threadId="0000000000017908" totalBytesRequested="24" timestamp="2022-02-08T16:14:28.373" intervalms="1003.042" type="nursery" />
<cycle-start id="2119" type="scavenge" contextid="0" timestamp="2022-02-08T16:14:28.373" intervalms="1002.960" />
<gc-start id="2120" type="scavenge" contextid="2119" timestamp="2022-02-08T16:14:28.373">
  <mem-info id="2121" free="218254736" total="1073741824" percent="20">
    <mem type="nursery" free="0" total="268435456" percent="0">
      <mem type="allocate" free="0" total="184025088" percent="0" />
      <mem type="survivor" free="0" total="84410368" percent="0" />
    </mem>
    <mem type="tenure" free="218254736" total="805306368" percent="27">
      <mem type="soa" free="210200976" total="797252608" percent="26" />
      <mem type="loa" free="8053760" total="8053760" percent="100" />
    </mem>
    <remembered-set count="133" />
  </mem-info>
</gc-start>
<allocation-stats totalBytes="107582080" >
  <allocated-bytes non-tlh="1016416" tlh="106565664" />
  <largest-consumer threadName="main" threadId="0000000000016F00" bytes="107582080" />
</allocation-stats>
<gc-op id="2122" type="scavenge" timems="86.146" contextid="2119" timestamp="2022-02-08T16:14:28.459">
  <scavenger-info tenureage="1" tenuremask="7ffe" tiltratio="68" />
  <memory-copied type="nursery" objects="1479458" bytes="75770256" bytesdiscarded="176400" />
  <memory-copied type="tenure" objects="1357694" bytes="76286344" bytesdiscarded="42136" />
  <finalization candidates="107" enqueued="53" />
  <references type="soft" candidates="14" cleared="0" enqueued="0" dynamicThreshold="11" maxThreshold="32" />
  <references type="weak" candidates="1" cleared="0" enqueued="0" />
  <references type="phantom" candidates="92" cleared="7" enqueued="7" />
  <object-monitors candidates="2" cleared="0"  />
</gc-op>
<gc-end id="2123" type="scavenge" contextid="2119" durationms="86.580" usertimems="339.139" systemtimems="0.000" stalltimems="4.208" timestamp="2022-02-08T16:14:28.459" activeThreads="4">
  <mem-info id="2124" free="250410728" total="1073741824" percent="23">
    <mem type="nursery" free="108471520" total="268435456" percent="40">
      <mem type="allocate" free="108471520" total="184418304" percent="58" />
      <mem type="survivor" free="0" total="84017152" percent="0" />
    </mem>
    <mem type="tenure" free="141939208" total="805306368" percent="17" macro-fragmented="39939376">
      <mem type="soa" free="133885448" total="797252608" percent="16" />
      <mem type="loa" free="8053760" total="8053760" percent="100" />
    </mem>
    <pending-finalizers system="52" default="1" reference="7" classloader="0" />
    <remembered-set count="129" />
  </mem-info>
</gc-end>
<cycle-end id="2125" type="scavenge" contextid="2119" timestamp="2022-02-08T16:14:28.460" />
<allocation-satisfied id="2126" threadId="0000000000016F00" bytesRequested="24" />
<af-end id="2127" timestamp="2022-02-08T16:14:28.460" threadId="0000000000017908" success="true" from="nursery"/>
<exclusive-end id="2128" timestamp="2022-02-08T16:14:28.460" durationms="87.009" />

<concurrent-kickoff id="2129" timestamp="2022-02-08T16:14:29.155">
  <kickoff reason="threshold reached" targetBytes="74509552" thresholdFreeBytes="5760423"  remainingFree="5709184" tenureFreeBytes="141939208" nurseryFreeBytes="5709184" />
</concurrent-kickoff>
<exclusive-start id="2130" timestamp="2022-02-08T16:14:29.164" intervalms="791.194">
  <response-info timems="0.021" idlems="0.021" threads="0" lastid="0000000000016F00" lastname="main" />
</exclusive-start>
<cycle-start id="2131" type="global" contextid="0" timestamp="2022-02-08T16:14:29.164" intervalms="3062.313" />
<concurrent-start id="2132" type="global mark" contextid="2131" timestamp="2022-02-08T16:14:29.164">
</concurrent-start>
<exclusive-end id="2133" timestamp="2022-02-08T16:14:29.164" durationms="0.043" />

<exclusive-start id="2134" timestamp="2022-02-08T16:14:29.257" intervalms="93.749">
  <response-info timems="0.023" idlems="0.023" threads="0" lastid="0000000000016F00" lastname="main" />
</exclusive-start>
<af-start id="2135" threadId="0000000000017908" totalBytesRequested="24" timestamp="2022-02-08T16:14:29.258" intervalms="884.926" type="nursery" />
<cycle-start id="2136" type="scavenge" contextid="0" timestamp="2022-02-08T16:14:29.258" intervalms="884.925" />
<gc-start id="2137" type="scavenge" contextid="2136" timestamp="2022-02-08T16:14:29.258">
  <mem-info id="2138" free="141939208" total="1073741824" percent="13">
    <mem type="nursery" free="0" total="268435456" percent="0">
      <mem type="allocate" free="0" total="184418304" percent="0" />
      <mem type="survivor" free="0" total="84017152" percent="0" />
    </mem>
    <mem type="tenure" free="141939208" total="805306368" percent="17">
      <mem type="soa" free="133885448" total="797252608" percent="16" />
      <mem type="loa" free="8053760" total="8053760" percent="100" />
    </mem>
    <remembered-set count="130" />
  </mem-info>
</gc-start>
<allocation-stats totalBytes="108420080" >
  <allocated-bytes non-tlh="1992544" tlh="106427536" />
  <largest-consumer threadName="main" threadId="0000000000016F00" bytes="108411888" />
</allocation-stats>
<gc-op id="2139" type="scavenge" timems="91.961" contextid="2136" timestamp="2022-02-08T16:14:29.350">
  <scavenger-info tenureage="1" tenuremask="7ffe" tiltratio="68" />
  <memory-copied type="nursery" objects="1356785" bytes="77164056" bytesdiscarded="97352" />
  <memory-copied type="tenure" objects="1478738" bytes="75229416" bytesdiscarded="39944" />
  <finalization candidates="57" enqueued="0" />
  <references type="phantom" candidates="3" cleared="0" enqueued="0" />
  <object-monitors candidates="2" cleared="0"  />
</gc-op>
<gc-end id="2140" type="scavenge" contextid="2136" durationms="92.304" usertimems="358.188" systemtimems="5.115" stalltimems="3.715" timestamp="2022-02-08T16:14:29.350" activeThreads="4">
  <mem-info id="2141" free="173202952" total="1073741824" percent="16">
    <mem type="nursery" free="106501536" total="268435456" percent="39">
      <mem type="allocate" free="106501536" total="183762944" percent="57" />
      <mem type="survivor" free="0" total="84672512" percent="0" />
    </mem>
    <mem type="tenure" free="66701416" total="805306368" percent="8" macro-fragmented="0">
      <mem type="soa" free="58647656" total="797252608" percent="7" />
      <mem type="loa" free="8053760" total="8053760" percent="100" />
    </mem>
    <remembered-set count="98" />
  </mem-info>
</gc-end>
<cycle-end id="2142" type="scavenge" contextid="2136" timestamp="2022-02-08T16:14:29.350" />
<allocation-satisfied id="2143" threadId="0000000000016F00" bytesRequested="24" />
<af-end id="2144" timestamp="2022-02-08T16:14:29.350" threadId="0000000000017908" success="true" from="nursery"/>
<exclusive-end id="2145" timestamp="2022-02-08T16:14:29.350" durationms="92.587" />

<concurrent-end id="2146" type="global mark" contextid="2131" timestamp="2022-02-08T16:14:29.555">
<gc-op id="2147" type="trace" timems="391.542" contextid="2131" timestamp="2022-02-08T16:14:29.555">
  <trace bytesTraced="74431600" workStackOverflowCount="0" />
  <card-cleaning reason="card cleaning threshold reached" bytesTraced="808" cardsCleaned="2" />
</gc-op>
</concurrent-end>

<exclusive-start id="2148" timestamp="2022-02-08T16:14:29.555" intervalms="297.882">
  <response-info timems="0.021" idlems="0.021" threads="0" lastid="0000000000016F00" lastname="main" />
</exclusive-start>
<concurrent-global-final id="2149" timestamp="2022-02-08T16:14:29.555" contextid="2131" intervalms="3105.044" >
  <concurrent-trace-info reason="card cleaning threshold reached" tracedByMutators="48479204" tracedByHelpers="25953204" cardsCleaned="2" workStackOverflowCount="0" />
</concurrent-global-final>
<gc-start id="2150" type="global" contextid="2131" timestamp="2022-02-08T16:14:29.555">
  <mem-info id="2151" free="159079920" total="1073741824" percent="14">
    <mem type="nursery" free="92378504" total="268435456" percent="34">
      <mem type="allocate" free="92378504" total="183762944" percent="50" />
      <mem type="survivor" free="0" total="84672512" percent="0" />
    </mem>
    <mem type="tenure" free="66701416" total="805306368" percent="8">
      <mem type="soa" free="58647656" total="797252608" percent="7" />
      <mem type="loa" free="8053760" total="8053760" percent="100" />
    </mem>
    <remembered-set count="98" />
  </mem-info>
</gc-start>
<allocation-stats totalBytes="14116136" >
  <allocated-bytes non-tlh="24" tlh="14116112" />
  <largest-consumer threadName="main" threadId="0000000000016F00" bytes="14116136" />
</allocation-stats>
<gc-op id="2152" type="rs-scan" timems="0.658" contextid="2131" timestamp="2022-02-08T16:14:29.556">
  <scan objectsFound="29" bytesTraced="5124" workStackOverflowCount="0" />
</gc-op>
<gc-op id="2153" type="card-cleaning" timems="158.818" contextid="2131" timestamp="2022-02-08T16:14:29.715">
  <card-cleaning cardsCleaned="9" bytesTraced="71010180" workStackOverflowCount="0" />
</gc-op>
<gc-op id="2154" type="mark" timems="47.547" contextid="2131" timestamp="2022-02-08T16:14:29.763">
  <trace-info objectcount="1663815" scancount="1249389" scanbytes="26721320" />
  <finalization candidates="428" enqueued="57" />
  <ownableSynchronizers candidates="1" cleared="0" />
  <references type="soft" candidates="894" cleared="0" enqueued="0" dynamicThreshold="11" maxThreshold="32" />
  <references type="weak" candidates="1701" cleared="0" enqueued="0" />
  <references type="phantom" candidates="52" cleared="2" enqueued="2" />
  <stringconstants candidates="6471" cleared="0"  />
  <object-monitors candidates="2" cleared="0"  />
</gc-op>
<gc-op id="2155" type="sweep" timems="6.371" contextid="2131" timestamp="2022-02-08T16:14:29.769" />
<gc-end id="2156" type="global" contextid="2131" durationms="213.729" usertimems="224.570" systemtimems="1.037" stalltimems="147.244" timestamp="2022-02-08T16:14:29.769" activeThreads="4">
  <mem-info id="2157" free="402113992" total="1073741824" percent="37">
    <mem type="nursery" free="92567248" total="268435456" percent="34">
      <mem type="allocate" free="92567248" total="183762944" percent="50" />
      <mem type="survivor" free="0" total="84672512" percent="0" />
    </mem>
    <mem type="tenure" free="309546744" total="805306368" percent="38" micro-fragmented="258494" macro-fragmented="0">
      <mem type="soa" free="301492984" total="797252608" percent="37" />
      <mem type="loa" free="8053760" total="8053760" percent="100" />
    </mem>
    <pending-finalizers system="57" default="0" reference="2" classloader="0" />
    <remembered-set count="98" />
  </mem-info>
</gc-end>
<cycle-end id="2158" type="global" contextid="2131" timestamp="2022-02-08T16:14:29.769" />
<exclusive-end id="2159" timestamp="2022-02-08T16:14:29.769" durationms="213.928" />

<exclusive-start id="2160" timestamp="2022-02-08T16:14:30.410" intervalms="854.793">
  <response-info timems="0.023" idlems="0.023" threads="0" lastid="0000000000016F00" lastname="main" />
</exclusive-start>
<af-start id="2161" threadId="0000000000017908" totalBytesRequested="56" timestamp="2022-02-08T16:14:30.410" intervalms="1152.677" type="nursery" />
<cycle-start id="2162" type="scavenge" contextid="0" timestamp="2022-02-08T16:14:30.410" intervalms="1152.678" />
<gc-start id="2163" type="scavenge" contextid="2162" timestamp="2022-02-08T16:14:30.410">
  <mem-info id="2164" free="309546744" total="1073741824" percent="28">
    <mem type="nursery" free="0" total="268435456" percent="0">
      <mem type="allocate" free="0" total="183762944" percent="0" />
      <mem type="survivor" free="0" total="84672512" percent="0" />
    </mem>
    <mem type="tenure" free="309546744" total="805306368" percent="38">
      <mem type="soa" free="301492984" total="797252608" percent="37" />
      <mem type="loa" free="8053760" total="8053760" percent="100" />
    </mem>
    <remembered-set count="101" />
  </mem-info>
</gc-start>
<allocation-stats totalBytes="92524312" >
  <allocated-bytes non-tlh="0" tlh="92524312" />
  <largest-consumer threadName="main" threadId="0000000000016F00" bytes="92520216" />
</allocation-stats>
<gc-op id="2165" type="scavenge" timems="83.722" contextid="2162" timestamp="2022-02-08T16:14:30.494">
  <scavenger-info tenureage="1" tenuremask="7ffe" tiltratio="68" />
  <memory-copied type="nursery" objects="1345356" bytes="75763768" bytesdiscarded="362880" />
  <memory-copied type="tenure" objects="1356785" bytes="77164056" bytesdiscarded="47704" />
  <finalization candidates="3" enqueued="0" />
  <ownableSynchronizers candidates="2" cleared="2" />
  <object-monitors candidates="2" cleared="0"  />
</gc-op>
<gc-end id="2166" type="scavenge" contextid="2162" durationms="83.971" usertimems="315.754" systemtimems="4.772" stalltimems="13.925" timestamp="2022-02-08T16:14:30.494" activeThreads="4">
  <mem-info id="2167" free="340144528" total="1073741824" percent="31">
    <mem type="nursery" free="107898440" total="268435456" percent="40">
      <mem type="allocate" free="107898440" total="184025088" percent="58" />
      <mem type="survivor" free="0" total="84410368" percent="0" />
    </mem>
    <mem type="tenure" free="232246088" total="805306368" percent="28" macro-fragmented="1500163">
      <mem type="soa" free="224192328" total="797252608" percent="28" />
      <mem type="loa" free="8053760" total="8053760" percent="100" />
    </mem>
    <remembered-set count="101" />
  </mem-info>
</gc-end>
<cycle-end id="2168" type="scavenge" contextid="2162" timestamp="2022-02-08T16:14:30.494" />
<allocation-satisfied id="2169" threadId="0000000000016F00" bytesRequested="56" />
<af-end id="2170" timestamp="2022-02-08T16:14:30.494" threadId="0000000000017908" success="true" from="nursery"/>
<exclusive-end id="2171" timestamp="2022-02-08T16:14:30.494" durationms="84.242" />

<exclusive-start id="2172" timestamp="2022-02-08T16:14:31.225" intervalms="814.952">
  <response-info timems="0.035" idlems="0.035" threads="0" lastid="0000000000016F00" lastname="main" />
</exclusive-start>
<af-start id="2173" threadId="0000000000017908" totalBytesRequested="232" timestamp="2022-02-08T16:14:31.225" intervalms="814.966" type="nursery" />
<cycle-start id="2174" type="scavenge" contextid="0" timestamp="2022-02-08T16:14:31.225" intervalms="814.974" />
<gc-start id="2175" type="scavenge" contextid="2174" timestamp="2022-02-08T16:14:31.225">
  <mem-info id="2176" free="232246088" total="1073741824" percent="21">
    <mem type="nursery" free="0" total="268435456" percent="0">
      <mem type="allocate" free="0" total="184025088" percent="0" />
      <mem type="survivor" free="0" total="84410368" percent="0" />
    </mem>
    <mem type="tenure" free="232246088" total="805306368" percent="28">
      <mem type="soa" free="224192328" total="797252608" percent="28" />
      <mem type="loa" free="8053760" total="8053760" percent="100" />
    </mem>
    <remembered-set count="115" />
  </mem-info>
</gc-start>
<allocation-stats totalBytes="107848984" >
  <allocated-bytes non-tlh="453760" tlh="107395224" />
  <largest-consumer threadName="main" threadId="0000000000016F00" bytes="107848984" />
</allocation-stats>
<gc-op id="2177" type="scavenge" timems="80.141" contextid="2174" timestamp="2022-02-08T16:14:31.305">
  <scavenger-info tenureage="1" tenuremask="7ffe" tiltratio="68" />
  <memory-copied type="nursery" objects="1358184" bytes="76797080" bytesdiscarded="195640" />
  <memory-copied type="tenure" objects="1345356" bytes="75763768" bytesdiscarded="41960" />
  <finalization candidates="30" enqueued="18" />
  <references type="phantom" candidates="30" cleared="0" enqueued="0" />
  <object-monitors candidates="2" cleared="0"  />
</gc-op>
<gc-end id="2178" type="scavenge" contextid="2174" durationms="80.356" usertimems="314.554" systemtimems="0.527" stalltimems="4.753" timestamp="2022-02-08T16:14:31.306" activeThreads="4">
  <mem-info id="2179" free="263658856" total="1073741824" percent="24">
    <mem type="nursery" free="107294512" total="268435456" percent="39">
      <mem type="allocate" free="107294512" total="184287232" percent="58" />
      <mem type="survivor" free="0" total="84148224" percent="0" />
    </mem>
    <mem type="tenure" free="156364344" total="805306368" percent="19" macro-fragmented="0">
      <mem type="soa" free="148310584" total="797252608" percent="18" />
      <mem type="loa" free="8053760" total="8053760" percent="100" />
    </mem>
    <pending-finalizers system="18" default="0" reference="0" classloader="0" />
    <remembered-set count="116" />
  </mem-info>
</gc-end>
<cycle-end id="2180" type="scavenge" contextid="2174" timestamp="2022-02-08T16:14:31.306" />
<allocation-satisfied id="2181" threadId="0000000000016F00" bytesRequested="232" />
<af-end id="2182" timestamp="2022-02-08T16:14:31.306" threadId="0000000000017908" success="true" from="nursery"/>
<exclusive-end id="2183" timestamp="2022-02-08T16:14:31.306" durationms="80.693" />

<concurrent-kickoff id="2184" timestamp="2022-02-08T16:14:32.235">
  <kickoff reason="threshold reached" targetBytes="74494118" thresholdFreeBytes="5752159"  remainingFree="5713712" tenureFreeBytes="156364344" nurseryFreeBytes="5713712" />
</concurrent-kickoff>
<exclusive-start id="2185" timestamp="2022-02-08T16:14:32.238" intervalms="1012.680">
  <response-info timems="0.019" idlems="0.019" threads="0" lastid="0000000000016F00" lastname="main" />
</exclusive-start>
<cycle-start id="2186" type="global" contextid="0" timestamp="2022-02-08T16:14:32.238" intervalms="3074.055" />
<concurrent-start id="2187" type="global mark" contextid="2186" timestamp="2022-02-08T16:14:32.238">
</concurrent-start>
<exclusive-end id="2188" timestamp="2022-02-08T16:14:32.238" durationms="0.040" />

<exclusive-start id="2189" timestamp="2022-02-08T16:14:32.362" intervalms="124.272">
  <response-info timems="0.039" idlems="0.039" threads="0" lastid="0000000000016F00" lastname="main" />
</exclusive-start>
<af-start id="2190" threadId="0000000000017908" totalBytesRequested="176" timestamp="2022-02-08T16:14:32.362" intervalms="1136.938" type="nursery" />
<cycle-start id="2191" type="scavenge" contextid="0" timestamp="2022-02-08T16:14:32.362" intervalms="1136.929" />
<gc-start id="2192" type="scavenge" contextid="2191" timestamp="2022-02-08T16:14:32.362">
  <mem-info id="2193" free="156364344" total="1073741824" percent="14">
    <mem type="nursery" free="0" total="268435456" percent="0">
      <mem type="allocate" free="0" total="184287232" percent="0" />
      <mem type="survivor" free="0" total="84148224" percent="0" />
    </mem>
    <mem type="tenure" free="156364344" total="805306368" percent="19">
      <mem type="soa" free="148310584" total="797252608" percent="18" />
      <mem type="loa" free="8053760" total="8053760" percent="100" />
    </mem>
    <remembered-set count="134" />
  </mem-info>
</gc-start>
<allocation-stats totalBytes="107249304" >
  <allocated-bytes non-tlh="2555352" tlh="104693952" />
  <largest-consumer threadName="main" threadId="0000000000016F00" bytes="107245208" />
</allocation-stats>
<gc-op id="2194" type="scavenge" timems="96.178" contextid="2191" timestamp="2022-02-08T16:14:32.458">
  <scavenger-info tenureage="1" tenuremask="7ffe" tiltratio="68" />
  <memory-copied type="nursery" objects="1426152" bytes="75739136" bytesdiscarded="210232" />
  <memory-copied type="tenure" objects="1357884" bytes="76184208" bytesdiscarded="38192" />
  <finalization candidates="92" enqueued="35" />
  <references type="soft" candidates="14" cleared="0" enqueued="0" dynamicThreshold="12" maxThreshold="32" />
  <references type="weak" candidates="1" cleared="0" enqueued="0" />
  <references type="phantom" candidates="77" cleared="7" enqueued="7" />
  <object-monitors candidates="2" cleared="0"  />
</gc-op>
<gc-end id="2195" type="scavenge" contextid="2191" durationms="96.475" usertimems="378.681" systemtimems="0.434" stalltimems="3.939" timestamp="2022-02-08T16:14:32.459" activeThreads="4">
  <mem-info id="2196" free="188663720" total="1073741824" percent="17">
    <mem type="nursery" free="108534344" total="268435456" percent="40">
      <mem type="allocate" free="108534344" total="184483840" percent="58" />
      <mem type="survivor" free="0" total="83951616" percent="0" />
    </mem>
    <mem type="tenure" free="80129376" total="805306368" percent="9" macro-fragmented="0">
      <mem type="soa" free="72075616" total="797252608" percent="9" />
      <mem type="loa" free="8053760" total="8053760" percent="100" />
    </mem>
    <pending-finalizers system="34" default="1" reference="7" classloader="0" />
    <remembered-set count="119" />
  </mem-info>
</gc-end>
<cycle-end id="2197" type="scavenge" contextid="2191" timestamp="2022-02-08T16:14:32.459" />
<allocation-satisfied id="2198" threadId="0000000000016F00" bytesRequested="176" />
<af-end id="2199" timestamp="2022-02-08T16:14:32.459" threadId="0000000000017908" success="true" from="nursery"/>
<exclusive-end id="2200" timestamp="2022-02-08T16:14:32.459" durationms="96.822" />

<concurrent-end id="2201" type="global mark" contextid="2186" timestamp="2022-02-08T16:14:32.594">
<gc-op id="2202" type="trace" timems="356.556" contextid="2186" timestamp="2022-02-08T16:14:32.594">
  <trace bytesTraced="74407304" workStackOverflowCount="0" />
  <card-cleaning reason="card cleaning threshold reached" bytesTraced="808" cardsCleaned="2" />
</gc-op>
</concurrent-end>

<exclusive-start id="2203" timestamp="2022-02-08T16:14:32.594" intervalms="232.379">
  <response-info timems="0.022" idlems="0.022" threads="0" lastid="0000000000016F00" lastname="main" />
</exclusive-start>
<concurrent-global-final id="2204" timestamp="2022-02-08T16:14:32.594" contextid="2186" intervalms="3039.077" >
  <concurrent-trace-info reason="card cleaning threshold reached" tracedByMutators="55980212" tracedByHelpers="18427900" cardsCleaned="2" workStackOverflowCount="0" />
</concurrent-global-final>
<gc-start id="2205" type="global" contextid="2186" timestamp="2022-02-08T16:14:32.595">
  <mem-info id="2206" free="180168440" total="1073741824" percent="16">
    <mem type="nursery" free="100039064" total="268435456" percent="37">
      <mem type="allocate" free="100039064" total="184483840" percent="54" />
      <mem type="survivor" free="0" total="83951616" percent="0" />
    </mem>
    <mem type="tenure" free="80129376" total="805306368" percent="9">
      <mem type="soa" free="72075616" total="797252608" percent="9" />
      <mem type="loa" free="8053760" total="8053760" percent="100" />
    </mem>
    <remembered-set count="120" />
  </mem-info>
</gc-start>
<allocation-stats totalBytes="8491320" >
  <allocated-bytes non-tlh="176" tlh="8491144" />
  <largest-consumer threadName="main" threadId="0000000000016F00" bytes="8483128" />
</allocation-stats>
<gc-op id="2207" type="rs-scan" timems="140.924" contextid="2186" timestamp="2022-02-08T16:14:32.735">
  <scan objectsFound="3325969" bytesTraced="71035064" workStackOverflowCount="0" />
</gc-op>
<gc-op id="2208" type="card-cleaning" timems="0.292" contextid="2186" timestamp="2022-02-08T16:14:32.736">
  <card-cleaning cardsCleaned="4" bytesTraced="1636" workStackOverflowCount="0" />
</gc-op>
<gc-op id="2209" type="mark" timems="43.269" contextid="2186" timestamp="2022-02-08T16:14:32.779">
  <trace-info objectcount="1294261" scancount="972222" scanbytes="20808456" />
  <finalization candidates="428" enqueued="57" />
  <ownableSynchronizers candidates="1" cleared="0" />
  <references type="soft" candidates="894" cleared="0" enqueued="0" dynamicThreshold="12" maxThreshold="32" />
  <references type="weak" candidates="1701" cleared="0" enqueued="0" />
  <references type="phantom" candidates="52" cleared="2" enqueued="2" />
  <stringconstants candidates="6471" cleared="0"  />
  <object-monitors candidates="2" cleared="0"  />
</gc-op>
<gc-op id="2210" type="sweep" timems="4.834" contextid="2186" timestamp="2022-02-08T16:14:32.784" />
<gc-end id="2211" type="global" contextid="2186" durationms="189.534" usertimems="244.277" systemtimems="0.280" stalltimems="89.196" timestamp="2022-02-08T16:14:32.784" activeThreads="4">
  <mem-info id="2212" free="423712968" total="1073741824" percent="39">
    <mem type="nursery" free="100664624" total="268435456" percent="37">
      <mem type="allocate" free="100664624" total="184483840" percent="54" />
      <mem type="survivor" free="0" total="83951616" percent="0" />
    </mem>
    <mem type="tenure" free="323048344" total="805306368" percent="40" micro-fragmented="249326" macro-fragmented="0">
      <mem type="soa" free="314994584" total="797252608" percent="39" />
      <mem type="loa" free="8053760" total="8053760" percent="100" />
    </mem>
    <pending-finalizers system="57" default="0" reference="2" classloader="0" />
    <remembered-set count="106" />
  </mem-info>
</gc-end>
<cycle-end id="2213" type="global" contextid="2186" timestamp="2022-02-08T16:14:32.784" />
<exclusive-end id="2214" timestamp="2022-02-08T16:14:32.784" durationms="189.816" />

<exclusive-start id="2215" timestamp="2022-02-08T16:14:33.522" intervalms="927.624">
  <response-info timems="0.023" idlems="0.023" threads="0" lastid="0000000000016F00" lastname="main" />
</exclusive-start>
<af-start id="2216" threadId="0000000000017908" totalBytesRequested="104" timestamp="2022-02-08T16:14:33.522" intervalms="1160.030" type="nursery" />
<cycle-start id="2217" type="scavenge" contextid="0" timestamp="2022-02-08T16:14:33.522" intervalms="1160.043" />
<gc-start id="2218" type="scavenge" contextid="2217" timestamp="2022-02-08T16:14:33.522">
  <mem-info id="2219" free="323048344" total="1073741824" percent="30">
    <mem type="nursery" free="0" total="268435456" percent="0">
      <mem type="allocate" free="0" total="184483840" percent="0" />
      <mem type="survivor" free="0" total="83951616" percent="0" />
    </mem>
    <mem type="tenure" free="323048344" total="805306368" percent="40">
      <mem type="soa" free="314994584" total="797252608" percent="39" />
      <mem type="loa" free="8053760" total="8053760" percent="100" />
    </mem>
    <remembered-set count="107" />
  </mem-info>
</gc-start>
<allocation-stats totalBytes="100617000" >
  <allocated-bytes non-tlh="0" tlh="100617000" />
  <largest-consumer threadName="main" threadId="0000000000016F00" bytes="100612904" />
</allocation-stats>
<gc-op id="2220" type="scavenge" timems="97.643" contextid="2217" timestamp="2022-02-08T16:14:33.620">
  <scavenger-info tenureage="1" tenuremask="7ffe" tiltratio="68" />
  <memory-copied type="nursery" objects="1407270" bytes="77619640" bytesdiscarded="345424" />
  <memory-copied type="tenure" objects="1425670" bytes="75427296" bytesdiscarded="45968" />
  <finalization candidates="45" enqueued="0" />
  <ownableSynchronizers candidates="2" cleared="2" />
  <object-monitors candidates="2" cleared="0"  />
</gc-op>
<gc-end id="2221" type="scavenge" contextid="2217" durationms="98.397" usertimems="371.480" systemtimems="8.679" stalltimems="3.369" timestamp="2022-02-08T16:14:33.621" activeThreads="4">
  <mem-info id="2222" free="352419720" total="1073741824" percent="32">
    <mem type="nursery" free="104945912" total="268435456" percent="39">
      <mem type="allocate" free="104945912" total="182910976" percent="57" />
      <mem type="survivor" free="0" total="85524480" percent="0" />
    </mem>
    <mem type="tenure" free="247473808" total="805306368" percent="30" macro-fragmented="0">
      <mem type="soa" free="239420048" total="797252608" percent="30" />
      <mem type="loa" free="8053760" total="8053760" percent="100" />
    </mem>
    <remembered-set count="101" />
  </mem-info>
</gc-end>
<cycle-end id="2223" type="scavenge" contextid="2217" timestamp="2022-02-08T16:14:33.621" />
<allocation-satisfied id="2224" threadId="0000000000016F00" bytesRequested="104" />
<af-end id="2225" timestamp="2022-02-08T16:14:33.621" threadId="0000000000017908" success="true" from="nursery"/>
<exclusive-end id="2226" timestamp="2022-02-08T16:14:33.621" durationms="98.836" />

<exclusive-start id="2227" timestamp="2022-02-08T16:14:34.297" intervalms="774.730">
  <response-info timems="0.024" idlems="0.024" threads="0" lastid="0000000000016F00" lastname="main" />
</exclusive-start>
<af-start id="2228" threadId="0000000000017908" totalBytesRequested="184" timestamp="2022-02-08T16:14:34.297" intervalms="774.713" type="nursery" />
<cycle-start id="2229" type="scavenge" contextid="0" timestamp="2022-02-08T16:14:34.297" intervalms="774.701" />
<gc-start id="2230" type="scavenge" contextid="2229" timestamp="2022-02-08T16:14:34.297">
  <mem-info id="2231" free="247473808" total="1073741824" percent="23">
    <mem type="nursery" free="0" total="268435456" percent="0">
      <mem type="allocate" free="0" total="182910976" percent="0" />
      <mem type="survivor" free="0" total="85524480" percent="0" />
    </mem>
    <mem type="tenure" free="247473808" total="805306368" percent="30">
      <mem type="soa" free="239420048" total="797252608" percent="30" />
      <mem type="loa" free="8053760" total="8053760" percent="100" />
    </mem>
    <remembered-set count="101" />
  </mem-info>
</gc-start>
<allocation-stats totalBytes="104898416" >
  <allocated-bytes non-tlh="104" tlh="104898312" />
  <largest-consumer threadName="main" threadId="0000000000016F00" bytes="104898416" />
</allocation-stats>
<gc-op id="2232" type="scavenge" timems="92.764" contextid="2229" timestamp="2022-02-08T16:14:34.390">
  <scavenger-info tenureage="1" tenuremask="7ffe" tiltratio="68" />
  <memory-copied type="nursery" objects="1309857" bytes="74582240" bytesdiscarded="134176" />
  <memory-copied type="tenure" objects="1407270" bytes="77619640" bytesdiscarded="41160" />
  <object-monitors candidates="2" cleared="0"  />
</gc-op>
<gc-end id="2233" type="scavenge" contextid="2229" durationms="93.062" usertimems="360.220" systemtimems="0.000" stalltimems="4.232" timestamp="2022-02-08T16:14:34.390" activeThreads="4">
  <mem-info id="2234" free="278293136" total="1073741824" percent="25">
    <mem type="nursery" free="108522240" total="268435456" percent="40">
      <mem type="allocate" free="108522240" total="183238656" percent="59" />
      <mem type="survivor" free="0" total="85196800" percent="0" />
    </mem>
    <mem type="tenure" free="169770896" total="805306368" percent="21" macro-fragmented="23113062">
      <mem type="soa" free="161717136" total="797252608" percent="20" />
      <mem type="loa" free="8053760" total="8053760" percent="100" />
    </mem>
    <remembered-set count="101" />
  </mem-info>
</gc-end>
<cycle-end id="2235" type="scavenge" contextid="2229" timestamp="2022-02-08T16:14:34.390" />
<allocation-satisfied id="2236" threadId="0000000000016F00" bytesRequested="184" />
<af-end id="2237" timestamp="2022-02-08T16:14:34.390" threadId="0000000000017908" success="true" from="nursery"/>
<exclusive-end id="2238" timestamp="2022-02-08T16:14:34.390" durationms="93.526" />

<exclusive-start id="2239" timestamp="2022-02-08T16:14:35.401" intervalms="1104.368">
  <response-info timems="0.023" idlems="0.023" threads="0" lastid="0000000000016F00" lastname="main" />
</exclusive-start>
<af-start id="2240" threadId="0000000000017908" totalBytesRequested="224" timestamp="2022-02-08T16:14:35.401" intervalms="1104.359" type="nursery" />
<cycle-start id="2241" type="scavenge" contextid="0" timestamp="2022-02-08T16:14:35.401" intervalms="1104.357" />
<gc-start id="2242" type="scavenge" contextid="2241" timestamp="2022-02-08T16:14:35.401">
  <mem-info id="2243" free="169770896" total="1073741824" percent="15">
    <mem type="nursery" free="0" total="268435456" percent="0">
      <mem type="allocate" free="0" total="183238656" percent="0" />
      <mem type="survivor" free="0" total="85196800" percent="0" />
    </mem>
    <mem type="tenure" free="169770896" total="805306368" percent="21">
      <mem type="soa" free="161717136" total="797252608" percent="20" />
      <mem type="loa" free="8053760" total="8053760" percent="100" />
    </mem>
    <remembered-set count="131" />
  </mem-info>
</gc-start>
<allocation-stats totalBytes="108476352" >
  <allocated-bytes non-tlh="2841632" tlh="105634720" />
  <largest-consumer threadName="main" threadId="0000000000016F00" bytes="108476352" />
</allocation-stats>
<gc-op id="2244" type="scavenge" timems="136.917" contextid="2241" timestamp="2022-02-08T16:14:35.538">
  <scavenger-info tenureage="1" tenuremask="7ffe" tiltratio="68" />
  <memory-copied type="nursery" objects="1460148" bytes="76287584" bytesdiscarded="119424" />
  <memory-copied type="tenure" objects="1309856" bytes="74582136" bytesdiscarded="42152" />
  <finalization candidates="110" enqueued="53" />
  <references type="soft" candidates="14" cleared="0" enqueued="0" dynamicThreshold="12" maxThreshold="32" />
  <references type="weak" candidates="1" cleared="0" enqueued="0" />
  <references type="phantom" candidates="95" cleared="7" enqueued="7" />
  <object-monitors candidates="2" cleared="0"  />
</gc-op>
<gc-end id="2245" type="scavenge" contextid="2241" durationms="137.105" usertimems="424.728" systemtimems="4.756" stalltimems="1.832" timestamp="2022-02-08T16:14:35.538" activeThreads="4">
  <mem-info id="2246" free="202158424" total="1073741824" percent="18">
    <mem type="nursery" free="107028128" total="268435456" percent="39">
      <mem type="allocate" free="107028128" total="183435264" percent="58" />
      <mem type="survivor" free="0" total="85000192" percent="0" />
    </mem>
    <mem type="tenure" free="95130296" total="805306368" percent="11" macro-fragmented="33282812">
      <mem type="soa" free="87076536" total="797252608" percent="10" />
      <mem type="loa" free="8053760" total="8053760" percent="100" />
    </mem>
    <pending-finalizers system="52" default="1" reference="7" classloader="0" />
    <remembered-set count="126" />
  </mem-info>
</gc-end>
<cycle-end id="2247" type="scavenge" contextid="2241" timestamp="2022-02-08T16:14:35.539" />
<allocation-satisfied id="2248" threadId="0000000000016F00" bytesRequested="224" />
<af-end id="2249" timestamp="2022-02-08T16:14:35.539" threadId="0000000000017908" success="true" from="nursery"/>
<exclusive-end id="2250" timestamp="2022-02-08T16:14:35.539" durationms="137.427" />

<concurrent-kickoff id="2251" timestamp="2022-02-08T16:14:36.299">
  <kickoff reason="threshold reached" targetBytes="74476914" thresholdFreeBytes="5761124"  remainingFree="5643936" tenureFreeBytes="95130296" nurseryFreeBytes="5643936" />
</concurrent-kickoff>
<exclusive-start id="2252" timestamp="2022-02-08T16:14:36.303" intervalms="901.359">
  <response-info timems="0.020" idlems="0.020" threads="0" lastid="0000000000016F00" lastname="main" />
</exclusive-start>
<cycle-start id="2253" type="global" contextid="0" timestamp="2022-02-08T16:14:36.303" intervalms="4064.727" />
<concurrent-start id="2254" type="global mark" contextid="2253" timestamp="2022-02-08T16:14:36.303">
</concurrent-start>
<exclusive-end id="2255" timestamp="2022-02-08T16:14:36.303" durationms="0.035" />

<exclusive-start id="2256" timestamp="2022-02-08T16:14:36.452" intervalms="149.221">
  <response-info timems="9.843" idlems="4.956" threads="1" lastid="00000000001C3D00" lastname="Concurrent Mark Helper" />
</exclusive-start>
<af-start id="2257" threadId="0000000000017908" totalBytesRequested="16" timestamp="2022-02-08T16:14:36.452" intervalms="1050.587" type="nursery" />
<cycle-start id="2258" type="scavenge" contextid="0" timestamp="2022-02-08T16:14:36.452" intervalms="1050.587" />
<gc-start id="2259" type="scavenge" contextid="2258" timestamp="2022-02-08T16:14:36.452">
  <mem-info id="2260" free="95130296" total="1073741824" percent="8">
    <mem type="nursery" free="0" total="268435456" percent="0">
      <mem type="allocate" free="0" total="183435264" percent="0" />
      <mem type="survivor" free="0" total="85000192" percent="0" />
    </mem>
    <mem type="tenure" free="95130296" total="805306368" percent="11">
      <mem type="soa" free="87076536" total="797252608" percent="10" />
      <mem type="loa" free="8053760" total="8053760" percent="100" />
    </mem>
    <remembered-set count="127" />
  </mem-info>
</gc-start>
<allocation-stats totalBytes="106980600" >
  <allocated-bytes non-tlh="224" tlh="106980376" />
  <largest-consumer threadName="main" threadId="0000000000016F00" bytes="106972408" />
</allocation-stats>
<gc-op id="2261" type="scavenge" timems="96.867" contextid="2258" timestamp="2022-02-08T16:14:36.549">
  <scavenger-info tenureage="1" tenuremask="7ffe" tiltratio="68" />
  <memory-copied type="nursery" objects="1373635" bytes="76191944" bytesdiscarded="101744" />
  <memory-copied type="tenure" objects="1459436" bytes="75819608" bytesdiscarded="37792" />
  <finalization candidates="57" enqueued="0" />
  <object-monitors candidates="2" cleared="0"  />
</gc-op>
<gc-end id="2262" type="scavenge" contextid="2258" durationms="97.033" usertimems="377.142" systemtimems="0.863" stalltimems="3.869" timestamp="2022-02-08T16:14:36.549" activeThreads="4">
  <mem-info id="2263" free="126881832" total="1073741824" percent="11">
    <mem type="nursery" free="107665864" total="268435456" percent="40">
      <mem type="allocate" free="107665864" total="183959552" percent="58" />
      <mem type="survivor" free="0" total="84475904" percent="0" />
    </mem>
    <mem type="tenure" free="19215968" total="805306368" percent="2" macro-fragmented="13768083">
      <mem type="soa" free="11162208" total="797252608" percent="1" />
      <mem type="loa" free="8053760" total="8053760" percent="100" />
    </mem>
    <remembered-set count="100" />
  </mem-info>
</gc-end>
<cycle-end id="2264" type="scavenge" contextid="2258" timestamp="2022-02-08T16:14:36.549" />
<allocation-satisfied id="2265" threadId="0000000000016F00" bytesRequested="16" />
<af-end id="2266" timestamp="2022-02-08T16:14:36.549" threadId="0000000000017908" success="true" from="nursery"/>
<exclusive-end id="2267" timestamp="2022-02-08T16:14:36.549" durationms="97.333" />

<concurrent-end id="2268" type="global mark" contextid="2253" timestamp="2022-02-08T16:14:36.701">
<gc-op id="2269" type="trace" timems="398.394" contextid="2253" timestamp="2022-02-08T16:14:36.701">
  <trace bytesTraced="74434484" workStackOverflowCount="0" />
  <card-cleaning reason="card cleaning threshold reached" bytesTraced="808" cardsCleaned="2" />
</gc-op>
</concurrent-end>

<exclusive-start id="2270" timestamp="2022-02-08T16:14:36.701" intervalms="249.252">
  <response-info timems="0.021" idlems="0.021" threads="0" lastid="0000000000016F00" lastname="main" />
</exclusive-start>
<concurrent-global-final id="2271" timestamp="2022-02-08T16:14:36.701" contextid="2253" intervalms="4106.553" >
  <concurrent-trace-info reason="card cleaning threshold reached" tracedByMutators="54783672" tracedByHelpers="19651620" cardsCleaned="2" workStackOverflowCount="0" />
</concurrent-global-final>
<gc-start id="2272" type="global" contextid="2253" timestamp="2022-02-08T16:14:36.701">
  <mem-info id="2273" free="117084184" total="1073741824" percent="10">
    <mem type="nursery" free="97868216" total="268435456" percent="36">
      <mem type="allocate" free="97868216" total="183959552" percent="53" />
      <mem type="survivor" free="0" total="84475904" percent="0" />
    </mem>
    <mem type="tenure" free="19215968" total="805306368" percent="2">
      <mem type="soa" free="11162208" total="797252608" percent="1" />
      <mem type="loa" free="8053760" total="8053760" percent="100" />
    </mem>
    <remembered-set count="100" />
  </mem-info>
</gc-start>
<allocation-stats totalBytes="9793208" >
  <allocated-bytes non-tlh="16" tlh="9793192" />
  <largest-consumer threadName="main" threadId="0000000000016F00" bytes="9793208" />
</allocation-stats>
<gc-op id="2274" type="rs-scan" timems="1.324" contextid="2253" timestamp="2022-02-08T16:14:36.702">
  <scan objectsFound="0" bytesTraced="3692" workStackOverflowCount="0" />
</gc-op>
<gc-op id="2275" type="card-cleaning" timems="157.767" contextid="2253" timestamp="2022-02-08T16:14:36.860">
  <card-cleaning cardsCleaned="10" bytesTraced="71014408" workStackOverflowCount="0" />
</gc-op>
<gc-op id="2276" type="mark" timems="75.761" contextid="2253" timestamp="2022-02-08T16:14:36.936">
  <trace-info objectcount="2434095" scancount="1827099" scanbytes="39045800" />
  <finalization candidates="428" enqueued="57" />
  <ownableSynchronizers candidates="1" cleared="0" />
  <references type="soft" candidates="894" cleared="0" enqueued="0" dynamicThreshold="12" maxThreshold="32" />
  <references type="weak" candidates="1701" cleared="0" enqueued="0" />
  <references type="phantom" candidates="52" cleared="2" enqueued="2" />
  <stringconstants candidates="6471" cleared="0"  />
  <object-monitors candidates="2" cleared="0"  />
</gc-op>
<gc-op id="2277" type="sweep" timems="7.957" contextid="2253" timestamp="2022-02-08T16:14:36.944" />
<gc-end id="2278" type="global" contextid="2253" durationms="243.052" usertimems="260.860" systemtimems="0.000" stalltimems="228.242" timestamp="2022-02-08T16:14:36.944" activeThreads="4">
  <mem-info id="2279" free="360230504" total="1073741824" percent="33">
    <mem type="nursery" free="98060040" total="268435456" percent="36">
      <mem type="allocate" free="98060040" total="183959552" percent="53" />
      <mem type="survivor" free="0" total="84475904" percent="0" />
    </mem>
    <mem type="tenure" free="262170464" total="805306368" percent="32" micro-fragmented="284710" macro-fragmented="0">
      <mem type="soa" free="254116704" total="797252608" percent="31" />
      <mem type="loa" free="8053760" total="8053760" percent="100" />
    </mem>
    <pending-finalizers system="57" default="0" reference="2" classloader="0" />
    <remembered-set count="100" />
  </mem-info>
</gc-end>
<cycle-end id="2280" type="global" contextid="2253" timestamp="2022-02-08T16:14:36.944" />
<exclusive-end id="2281" timestamp="2022-02-08T16:14:36.944" durationms="243.317" />

<exclusive-start id="2282" timestamp="2022-02-08T16:14:37.647" intervalms="945.905">
  <response-info timems="0.022" idlems="0.022" threads="0" lastid="0000000000016F00" lastname="main" />
</exclusive-start>
<af-start id="2283" threadId="0000000000017908" totalBytesRequested="16" timestamp="2022-02-08T16:14:37.647" intervalms="1195.177" type="nursery" />
<cycle-start id="2284" type="scavenge" contextid="0" timestamp="2022-02-08T16:14:37.647" intervalms="1195.204" />
<gc-start id="2285" type="scavenge" contextid="2284" timestamp="2022-02-08T16:14:37.647">
  <mem-info id="2286" free="262170464" total="1073741824" percent="24">
    <mem type="nursery" free="0" total="268435456" percent="0">
      <mem type="allocate" free="0" total="183959552" percent="0" />
      <mem type="survivor" free="0" total="84475904" percent="0" />
    </mem>
    <mem type="tenure" free="262170464" total="805306368" percent="32">
      <mem type="soa" free="254116704" total="797252608" percent="31" />
      <mem type="loa" free="8053760" total="8053760" percent="100" />
    </mem>
    <remembered-set count="103" />
  </mem-info>
</gc-start>
<allocation-stats totalBytes="98012128" >
  <allocated-bytes non-tlh="0" tlh="98012128" />
  <largest-consumer threadName="main" threadId="0000000000016F00" bytes="98008032" />
</allocation-stats>
<gc-op id="2287" type="scavenge" timems="97.638" contextid="2284" timestamp="2022-02-08T16:14:37.745">
  <scavenger-info tenureage="1" tenuremask="7ffe" tiltratio="68" />
  <memory-copied type="nursery" objects="1357178" bytes="76567344" bytesdiscarded="280776" />
  <memory-copied type="tenure" objects="1373635" bytes="76191944" bytesdiscarded="48480" />
  <ownableSynchronizers candidates="2" cleared="2" />
  <object-monitors candidates="2" cleared="0"  />
</gc-op>
<gc-end id="2288" type="scavenge" contextid="2284" durationms="97.903" usertimems="384.633" systemtimems="0.754" stalltimems="1.684" timestamp="2022-02-08T16:14:37.745" activeThreads="4">
  <mem-info id="2289" free="292998016" total="1073741824" percent="27">
    <mem type="nursery" free="107373576" total="268435456" percent="39">
      <mem type="allocate" free="107373576" total="184221696" percent="58" />
      <mem type="survivor" free="0" total="84213760" percent="0" />
    </mem>
    <mem type="tenure" free="185624440" total="805306368" percent="23" macro-fragmented="0">
      <mem type="soa" free="177570680" total="797252608" percent="22" />
      <mem type="loa" free="8053760" total="8053760" percent="100" />
    </mem>
    <remembered-set count="101" />
  </mem-info>
</gc-end>
<cycle-end id="2290" type="scavenge" contextid="2284" timestamp="2022-02-08T16:14:37.745" />
<allocation-satisfied id="2291" threadId="0000000000016F00" bytesRequested="16" />
<af-end id="2292" timestamp="2022-02-08T16:14:37.745" threadId="0000000000017908" success="true" from="nursery"/>
<exclusive-end id="2293" timestamp="2022-02-08T16:14:37.745" durationms="98.587" />

<exclusive-start id="2294" timestamp="2022-02-08T16:14:38.686" intervalms="1039.398">
  <response-info timems="0.019" idlems="0.019" threads="0" lastid="0000000000016F00" lastname="main" />
</exclusive-start>
<af-start id="2295" threadId="0000000000017908" totalBytesRequested="1347680" timestamp="2022-02-08T16:14:38.686" intervalms="1039.365" type="nursery" />
<cycle-start id="2296" type="scavenge" contextid="0" timestamp="2022-02-08T16:14:38.686" intervalms="1039.337" />
<gc-start id="2297" type="scavenge" contextid="2296" timestamp="2022-02-08T16:14:38.686">
  <mem-info id="2298" free="185912192" total="1073741824" percent="17">
    <mem type="nursery" free="287752" total="268435456" percent="0">
      <mem type="allocate" free="287752" total="184221696" percent="0" />
      <mem type="survivor" free="0" total="84213760" percent="0" />
    </mem>
    <mem type="tenure" free="185624440" total="805306368" percent="23">
      <mem type="soa" free="177570680" total="797252608" percent="22" />
      <mem type="loa" free="8053760" total="8053760" percent="100" />
    </mem>
    <remembered-set count="132" />
  </mem-info>
</gc-start>
<allocation-stats totalBytes="107037168" >
  <allocated-bytes non-tlh="1590584" tlh="105446584" />
  <largest-consumer threadName="main" threadId="0000000000016F00" bytes="107037168" />
</allocation-stats>
<gc-op id="2299" type="scavenge" timems="85.162" contextid="2296" timestamp="2022-02-08T16:14:38.772">
  <scavenger-info tenureage="1" tenuremask="7ffe" tiltratio="68" />
  <memory-copied type="nursery" objects="1438476" bytes="74781024" bytesdiscarded="142960" />
  <memory-copied type="tenure" objects="1357178" bytes="76567344" bytesdiscarded="42104" />
  <finalization candidates="110" enqueued="53" />
  <references type="soft" candidates="14" cleared="0" enqueued="0" dynamicThreshold="10" maxThreshold="32" />
  <references type="weak" candidates="1" cleared="0" enqueued="0" />
  <references type="phantom" candidates="95" cleared="7" enqueued="7" />
  <object-monitors candidates="2" cleared="0"  />
</gc-op>
<gc-end id="2300" type="scavenge" contextid="2296" durationms="85.355" usertimems="334.204" systemtimems="0.000" stalltimems="3.440" timestamp="2022-02-08T16:14:38.772" activeThreads="4">
  <mem-info id="2301" free="218650968" total="1073741824" percent="20">
    <mem type="nursery" free="109625264" total="268435456" percent="40">
      <mem type="allocate" free="109625264" total="184549376" percent="59" />
      <mem type="survivor" free="0" total="83886080" percent="0" />
    </mem>
    <mem type="tenure" free="109025704" total="805306368" percent="13" macro-fragmented="0">
      <mem type="soa" free="100971944" total="797252608" percent="12" />
      <mem type="loa" free="8053760" total="8053760" percent="100" />
    </mem>
    <pending-finalizers system="52" default="1" reference="7" classloader="0" />
    <remembered-set count="128" />
  </mem-info>
</gc-end>
<cycle-end id="2302" type="scavenge" contextid="2296" timestamp="2022-02-08T16:14:38.772" />
<allocation-satisfied id="2303" threadId="0000000000016F00" bytesRequested="1347680" />
<af-end id="2304" timestamp="2022-02-08T16:14:38.772" threadId="0000000000017908" success="true" from="nursery"/>
<exclusive-end id="2305" timestamp="2022-02-08T16:14:38.772" durationms="85.794" />

<concurrent-kickoff id="2306" timestamp="2022-02-08T16:14:39.551">
  <kickoff reason="threshold reached" targetBytes="74468590" thresholdFreeBytes="5758008"  remainingFree="5672784" tenureFreeBytes="109025704" nurseryFreeBytes="5672784" />
</concurrent-kickoff>
<exclusive-start id="2307" timestamp="2022-02-08T16:14:39.554" intervalms="868.173">
  <response-info timems="0.020" idlems="0.020" threads="0" lastid="0000000000016F00" lastname="main" />
</exclusive-start>
<cycle-start id="2308" type="global" contextid="0" timestamp="2022-02-08T16:14:39.554" intervalms="3251.943" />
<concurrent-start id="2309" type="global mark" contextid="2308" timestamp="2022-02-08T16:14:39.554">
</concurrent-start>
<exclusive-end id="2310" timestamp="2022-02-08T16:14:39.554" durationms="0.029" />

<exclusive-start id="2311" timestamp="2022-02-08T16:14:39.713" intervalms="158.271">
  <response-info timems="0.041" idlems="0.041" threads="0" lastid="0000000000016F00" lastname="main" />
</exclusive-start>
<af-start id="2312" threadId="0000000000017908" totalBytesRequested="184" timestamp="2022-02-08T16:14:39.713" intervalms="1026.476" type="nursery" />
<cycle-start id="2313" type="scavenge" contextid="0" timestamp="2022-02-08T16:14:39.713" intervalms="1026.490" />
<gc-start id="2314" type="scavenge" contextid="2313" timestamp="2022-02-08T16:14:39.713">
  <mem-info id="2315" free="109025704" total="1073741824" percent="10">
    <mem type="nursery" free="0" total="268435456" percent="0">
      <mem type="allocate" free="0" total="184549376" percent="0" />
      <mem type="survivor" free="0" total="83886080" percent="0" />
    </mem>
    <mem type="tenure" free="109025704" total="805306368" percent="13">
      <mem type="soa" free="100971944" total="797252608" percent="12" />
      <mem type="loa" free="8053760" total="8053760" percent="100" />
    </mem>
    <remembered-set count="129" />
  </mem-info>
</gc-start>
<allocation-stats totalBytes="109573968" >
  <allocated-bytes non-tlh="1347680" tlh="108226288" />
  <largest-consumer threadName="main" threadId="0000000000016F00" bytes="109565776" />
</allocation-stats>
<gc-op id="2316" type="scavenge" timems="112.898" contextid="2313" timestamp="2022-02-08T16:14:39.826">
  <scavenger-info tenureage="1" tenuremask="7ffe" tiltratio="68" />
  <memory-copied type="nursery" objects="1392714" bytes="78441440" bytesdiscarded="214656" />
  <memory-copied type="tenure" objects="1437765" bytes="74313168" bytesdiscarded="36600" />
  <finalization candidates="57" enqueued="0" />
  <object-monitors candidates="2" cleared="0"  />
</gc-op>
<gc-end id="2317" type="scavenge" contextid="2313" durationms="113.118" usertimems="433.612" systemtimems="8.913" stalltimems="4.586" timestamp="2022-02-08T16:14:39.826" activeThreads="4">
  <mem-info id="2318" free="136703272" total="1073741824" percent="12">
    <mem type="nursery" free="102026656" total="268435456" percent="38">
      <mem type="allocate" free="102026656" total="180682752" percent="56" />
      <mem type="survivor" free="0" total="87752704" percent="0" />
    </mem>
    <mem type="tenure" free="34676616" total="805306368" percent="4" macro-fragmented="0">
      <mem type="soa" free="26622856" total="797252608" percent="3" />
      <mem type="loa" free="8053760" total="8053760" percent="100" />
    </mem>
    <remembered-set count="96" />
  </mem-info>
</gc-end>
<cycle-end id="2319" type="scavenge" contextid="2313" timestamp="2022-02-08T16:14:39.826" />
<allocation-satisfied id="2320" threadId="0000000000016F00" bytesRequested="184" />
<af-end id="2321" timestamp="2022-02-08T16:14:39.826" threadId="0000000000017908" success="true" from="nursery"/>
<exclusive-end id="2322" timestamp="2022-02-08T16:14:39.826" durationms="113.588" />

<concurrent-end id="2323" type="global mark" contextid="2308" timestamp="2022-02-08T16:14:39.959">
<gc-op id="2324" type="trace" timems="404.230" contextid="2308" timestamp="2022-02-08T16:14:39.959">
  <trace bytesTraced="74434692" workStackOverflowCount="0" />
  <card-cleaning reason="card cleaning threshold reached" bytesTraced="808" cardsCleaned="2" />
</gc-op>
</concurrent-end>

<exclusive-start id="2325" timestamp="2022-02-08T16:14:39.959" intervalms="246.051">
  <response-info timems="0.024" idlems="0.024" threads="0" lastid="0000000000016F00" lastname="main" />
</exclusive-start>
<concurrent-global-final id="2326" timestamp="2022-02-08T16:14:39.959" contextid="2308" intervalms="3257.831" >
  <concurrent-trace-info reason="card cleaning threshold reached" tracedByMutators="56493912" tracedByHelpers="17941588" cardsCleaned="2" workStackOverflowCount="0" />
</concurrent-global-final>
<gc-start id="2327" type="global" contextid="2308" timestamp="2022-02-08T16:14:39.959">
  <mem-info id="2328" free="129395824" total="1073741824" percent="12">
    <mem type="nursery" free="94719208" total="268435456" percent="35">
      <mem type="allocate" free="94719208" total="180682752" percent="52" />
      <mem type="survivor" free="0" total="87752704" percent="0" />
    </mem>
    <mem type="tenure" free="34676616" total="805306368" percent="4">
      <mem type="soa" free="26622856" total="797252608" percent="3" />
      <mem type="loa" free="8053760" total="8053760" percent="100" />
    </mem>
    <remembered-set count="96" />
  </mem-info>
</gc-start>
<allocation-stats totalBytes="7302656" >
  <allocated-bytes non-tlh="184" tlh="7302472" />
  <largest-consumer threadName="main" threadId="0000000000016F00" bytes="7302656" />
</allocation-stats>
<gc-op id="2329" type="rs-scan" timems="0.497" contextid="2308" timestamp="2022-02-08T16:14:39.959">
  <scan objectsFound="0" bytesTraced="3692" workStackOverflowCount="0" />
</gc-op>
<gc-op id="2330" type="card-cleaning" timems="156.996" contextid="2308" timestamp="2022-02-08T16:14:40.116">
  <card-cleaning cardsCleaned="11" bytesTraced="71014536" workStackOverflowCount="0" />
</gc-op>
<gc-op id="2331" type="mark" timems="61.323" contextid="2308" timestamp="2022-02-08T16:14:40.178">
  <trace-info objectcount="2162953" scancount="1623742" scanbytes="34707560" />
  <finalization candidates="428" enqueued="57" />
  <ownableSynchronizers candidates="1" cleared="0" />
  <references type="soft" candidates="894" cleared="0" enqueued="0" dynamicThreshold="10" maxThreshold="32" />
  <references type="weak" candidates="1701" cleared="0" enqueued="0" />
  <references type="phantom" candidates="52" cleared="2" enqueued="2" />
  <stringconstants candidates="6471" cleared="0"  />
  <object-monitors candidates="2" cleared="0"  />
</gc-op>
<gc-op id="2332" type="sweep" timems="4.958" contextid="2308" timestamp="2022-02-08T16:14:40.183" />
<gc-end id="2333" type="global" contextid="2308" durationms="223.989" usertimems="238.606" systemtimems="0.673" stalltimems="183.546" timestamp="2022-02-08T16:14:40.183" activeThreads="4">
  <mem-info id="2334" free="372734432" total="1073741824" percent="34">
    <mem type="nursery" free="95024112" total="268435456" percent="35">
      <mem type="allocate" free="95024112" total="180682752" percent="52" />
      <mem type="survivor" free="0" total="87752704" percent="0" />
    </mem>
    <mem type="tenure" free="277710320" total="805306368" percent="34" micro-fragmented="291981" macro-fragmented="0">
      <mem type="soa" free="269656560" total="797252608" percent="33" />
      <mem type="loa" free="8053760" total="8053760" percent="100" />
    </mem>
    <pending-finalizers system="57" default="0" reference="2" classloader="0" />
    <remembered-set count="96" />
  </mem-info>
</gc-end>
<cycle-end id="2335" type="global" contextid="2308" timestamp="2022-02-08T16:14:40.183" />
<exclusive-end id="2336" timestamp="2022-02-08T16:14:40.183" durationms="224.229" />

<exclusive-start id="2337" timestamp="2022-02-08T16:14:40.878" intervalms="919.019">
  <response-info timems="0.034" idlems="0.034" threads="0" lastid="0000000000016F00" lastname="main" />
</exclusive-start>
<af-start id="2338" threadId="0000000000017908" totalBytesRequested="184" timestamp="2022-02-08T16:14:40.878" intervalms="1165.139" type="nursery" />
<cycle-start id="2339" type="scavenge" contextid="0" timestamp="2022-02-08T16:14:40.878" intervalms="1165.155" />
<gc-start id="2340" type="scavenge" contextid="2339" timestamp="2022-02-08T16:14:40.878">
  <mem-info id="2341" free="277710320" total="1073741824" percent="25">
    <mem type="nursery" free="0" total="268435456" percent="0">
      <mem type="allocate" free="0" total="180682752" percent="0" />
      <mem type="survivor" free="0" total="87752704" percent="0" />
    </mem>
    <mem type="tenure" free="277710320" total="805306368" percent="34">
      <mem type="soa" free="269656560" total="797252608" percent="33" />
      <mem type="loa" free="8053760" total="8053760" percent="100" />
    </mem>
    <remembered-set count="99" />
  </mem-info>
</gc-start>
<allocation-stats totalBytes="94980088" >
  <allocated-bytes non-tlh="0" tlh="94980088" />
  <largest-consumer threadName="main" threadId="0000000000016F00" bytes="94975992" />
</allocation-stats>
<gc-op id="2342" type="scavenge" timems="113.069" contextid="2339" timestamp="2022-02-08T16:14:40.991">
  <scavenger-info tenureage="1" tenuremask="7ffe" tiltratio="67" />
  <memory-copied type="nursery" objects="1284871" bytes="72637784" bytesdiscarded="83592" />
  <memory-copied type="tenure" objects="1392713" bytes="78441336" bytesdiscarded="45128" />
  <ownableSynchronizers candidates="2" cleared="2" />
  <object-monitors candidates="2" cleared="0"  />
</gc-op>
<gc-end id="2343" type="scavenge" contextid="2339" durationms="113.366" usertimems="437.684" systemtimems="0.148" stalltimems="7.753" timestamp="2022-02-08T16:14:40.991" activeThreads="4">
  <mem-info id="2344" free="307494712" total="1073741824" percent="28">
    <mem type="nursery" free="108551200" total="268435456" percent="40">
      <mem type="allocate" free="108551200" total="181272576" percent="59" />
      <mem type="survivor" free="0" total="87162880" percent="0" />
    </mem>
    <mem type="tenure" free="198943512" total="805306368" percent="24" macro-fragmented="0">
      <mem type="soa" free="190889752" total="797252608" percent="23" />
      <mem type="loa" free="8053760" total="8053760" percent="100" />
    </mem>
    <remembered-set count="102" />
  </mem-info>
</gc-end>
<cycle-end id="2345" type="scavenge" contextid="2339" timestamp="2022-02-08T16:14:40.992" />
<allocation-satisfied id="2346" threadId="0000000000016F00" bytesRequested="184" />
<af-end id="2347" timestamp="2022-02-08T16:14:40.992" threadId="0000000000017908" success="true" from="nursery"/>
<exclusive-end id="2348" timestamp="2022-02-08T16:14:40.992" durationms="113.957" />

<exclusive-start id="2349" timestamp="2022-02-08T16:14:42.031" intervalms="1153.646">
  <response-info timems="0.019" idlems="0.019" threads="0" lastid="0000000000016F00" lastname="main" />
</exclusive-start>
<af-start id="2350" threadId="0000000000017908" totalBytesRequested="232" timestamp="2022-02-08T16:14:42.031" intervalms="1153.548" type="nursery" />
<cycle-start id="2351" type="scavenge" contextid="0" timestamp="2022-02-08T16:14:42.032" intervalms="1153.518" />
<gc-start id="2352" type="scavenge" contextid="2351" timestamp="2022-02-08T16:14:42.032">
  <mem-info id="2353" free="198943512" total="1073741824" percent="18">
    <mem type="nursery" free="0" total="268435456" percent="0">
      <mem type="allocate" free="0" total="181272576" percent="0" />
      <mem type="survivor" free="0" total="87162880" percent="0" />
    </mem>
    <mem type="tenure" free="198943512" total="805306368" percent="24">
      <mem type="soa" free="190889752" total="797252608" percent="23" />
      <mem type="loa" free="8053760" total="8053760" percent="100" />
    </mem>
    <remembered-set count="133" />
  </mem-info>
</gc-start>
<allocation-stats totalBytes="108502504" >
  <allocated-bytes non-tlh="1661328" tlh="106841176" />
  <largest-consumer threadName="main" threadId="0000000000016F00" bytes="108502504" />
</allocation-stats>
<gc-op id="2354" type="scavenge" timems="89.193" contextid="2351" timestamp="2022-02-08T16:14:42.121">
  <scavenger-info tenureage="1" tenuremask="7ffe" tiltratio="67" />
  <memory-copied type="nursery" objects="1491060" bytes="76411616" bytesdiscarded="301256" />
  <memory-copied type="tenure" objects="1284870" bytes="72637680" bytesdiscarded="40824" />
  <finalization candidates="109" enqueued="53" />
  <references type="soft" candidates="14" cleared="0" enqueued="0" dynamicThreshold="11" maxThreshold="32" />
  <references type="weak" candidates="1" cleared="0" enqueued="0" />
  <references type="phantom" candidates="94" cleared="7" enqueued="7" />
  <object-monitors candidates="2" cleared="0"  />
</gc-op>
<gc-end id="2355" type="scavenge" contextid="2351" durationms="89.451" usertimems="351.301" systemtimems="0.000" stalltimems="3.744" timestamp="2022-02-08T16:14:42.121" activeThreads="4">
  <mem-info id="2356" free="231007048" total="1073741824" percent="21">
    <mem type="nursery" free="104690648" total="268435456" percent="39">
      <mem type="allocate" free="104690648" total="181403648" percent="57" />
      <mem type="survivor" free="0" total="87031808" percent="0" />
    </mem>
    <mem type="tenure" free="126316400" total="805306368" percent="15" macro-fragmented="0">
      <mem type="soa" free="118262640" total="797252608" percent="14" />
      <mem type="loa" free="8053760" total="8053760" percent="100" />
    </mem>
    <pending-finalizers system="52" default="1" reference="7" classloader="0" />
    <remembered-set count="129" />
  </mem-info>
</gc-end>
<cycle-end id="2357" type="scavenge" contextid="2351" timestamp="2022-02-08T16:14:42.121" />
<allocation-satisfied id="2358" threadId="0000000000016F00" bytesRequested="232" />
<af-end id="2359" timestamp="2022-02-08T16:14:42.121" threadId="0000000000017908" success="true" from="nursery"/>
<exclusive-end id="2360" timestamp="2022-02-08T16:14:42.121" durationms="89.745" />

<concurrent-kickoff id="2361" timestamp="2022-02-08T16:14:42.839">
  <kickoff reason="threshold reached" targetBytes="74461969" thresholdFreeBytes="5755567"  remainingFree="5731288" tenureFreeBytes="126316400" nurseryFreeBytes="5731288" />
</concurrent-kickoff>
<exclusive-start id="2362" timestamp="2022-02-08T16:14:42.844" intervalms="812.707">
  <response-info timems="0.025" idlems="0.025" threads="0" lastid="0000000000016F00" lastname="main" />
</exclusive-start>
<cycle-start id="2363" type="global" contextid="0" timestamp="2022-02-08T16:14:42.844" intervalms="3289.703" />
<concurrent-start id="2364" type="global mark" contextid="2363" timestamp="2022-02-08T16:14:42.844">
</concurrent-start>
<exclusive-end id="2365" timestamp="2022-02-08T16:14:42.844" durationms="0.041" />

<exclusive-start id="2366" timestamp="2022-02-08T16:14:42.979" intervalms="134.408">
  <response-info timems="0.041" idlems="0.041" threads="0" lastid="0000000000016F00" lastname="main" />
</exclusive-start>
<af-start id="2367" threadId="0000000000017908" totalBytesRequested="24" timestamp="2022-02-08T16:14:42.979" intervalms="947.116" type="nursery" />
<cycle-start id="2368" type="scavenge" contextid="0" timestamp="2022-02-08T16:14:42.979" intervalms="947.117" />
<gc-start id="2369" type="scavenge" contextid="2368" timestamp="2022-02-08T16:14:42.979">
  <mem-info id="2370" free="126316400" total="1073741824" percent="11">
    <mem type="nursery" free="0" total="268435456" percent="0">
      <mem type="allocate" free="0" total="181403648" percent="0" />
      <mem type="survivor" free="0" total="87031808" percent="0" />
    </mem>
    <mem type="tenure" free="126316400" total="805306368" percent="15">
      <mem type="soa" free="118262640" total="797252608" percent="14" />
      <mem type="loa" free="8053760" total="8053760" percent="100" />
    </mem>
    <remembered-set count="130" />
  </mem-info>
</gc-start>
<allocation-stats totalBytes="104639336" >
  <allocated-bytes non-tlh="1347912" tlh="103291424" />
  <largest-consumer threadName="main" threadId="0000000000016F00" bytes="104631144" />
</allocation-stats>
<gc-op id="2371" type="scavenge" timems="90.984" contextid="2368" timestamp="2022-02-08T16:14:43.070">
  <scavenger-info tenureage="1" tenuremask="7ffe" tiltratio="67" />
  <memory-copied type="nursery" objects="1311686" bytes="74900416" bytesdiscarded="86944" />
  <memory-copied type="tenure" objects="1490340" bytes="75468320" bytesdiscarded="35784" />
  <finalization candidates="57" enqueued="0" />
  <references type="phantom" candidates="1" cleared="0" enqueued="0" />
  <object-monitors candidates="2" cleared="0"  />
</gc-op>
<gc-end id="2372" type="scavenge" contextid="2368" durationms="91.178" usertimems="356.533" systemtimems="0.100" stalltimems="4.049" timestamp="2022-02-08T16:14:43.070" activeThreads="4">
  <mem-info id="2373" free="158060672" total="1073741824" percent="14">
    <mem type="nursery" free="107333792" total="268435456" percent="39">
      <mem type="allocate" free="107333792" total="182321152" percent="58" />
      <mem type="survivor" free="0" total="86114304" percent="0" />
    </mem>
    <mem type="tenure" free="50726880" total="805306368" percent="6" macro-fragmented="23113062">
      <mem type="soa" free="42673120" total="797252608" percent="5" />
      <mem type="loa" free="8053760" total="8053760" percent="100" />
    </mem>
    <remembered-set count="99" />
  </mem-info>
</gc-end>
<cycle-end id="2374" type="scavenge" contextid="2368" timestamp="2022-02-08T16:14:43.070" />
<allocation-satisfied id="2375" threadId="0000000000016F00" bytesRequested="24" />
<af-end id="2376" timestamp="2022-02-08T16:14:43.070" threadId="0000000000017908" success="true" from="nursery"/>
<exclusive-end id="2377" timestamp="2022-02-08T16:14:43.070" durationms="91.442" />

<concurrent-end id="2378" type="global mark" contextid="2363" timestamp="2022-02-08T16:14:43.202">
<gc-op id="2379" type="trace" timems="358.171" contextid="2363" timestamp="2022-02-08T16:14:43.202">
  <trace bytesTraced="74434772" workStackOverflowCount="0" />
  <card-cleaning reason="card cleaning threshold reached" bytesTraced="808" cardsCleaned="2" />
</gc-op>
</concurrent-end>

<exclusive-start id="2380" timestamp="2022-02-08T16:14:43.202" intervalms="223.891">
  <response-info timems="0.023" idlems="0.023" threads="0" lastid="0000000000016F00" lastname="main" />
</exclusive-start>
<concurrent-global-final id="2381" timestamp="2022-02-08T16:14:43.203" contextid="2363" intervalms="3243.653" >
  <concurrent-trace-info reason="card cleaning threshold reached" tracedByMutators="55730904" tracedByHelpers="18704676" cardsCleaned="2" workStackOverflowCount="0" />
</concurrent-global-final>
<gc-start id="2382" type="global" contextid="2363" timestamp="2022-02-08T16:14:43.203">
  <mem-info id="2383" free="150622312" total="1073741824" percent="14">
    <mem type="nursery" free="99895432" total="268435456" percent="37">
      <mem type="allocate" free="99895432" total="182321152" percent="54" />
      <mem type="survivor" free="0" total="86114304" percent="0" />
    </mem>
    <mem type="tenure" free="50726880" total="805306368" percent="6">
      <mem type="soa" free="42673120" total="797252608" percent="5" />
      <mem type="loa" free="8053760" total="8053760" percent="100" />
    </mem>
    <remembered-set count="99" />
  </mem-info>
</gc-start>
<allocation-stats totalBytes="7435184" >
  <allocated-bytes non-tlh="24" tlh="7435160" />
  <largest-consumer threadName="main" threadId="0000000000016F00" bytes="7435184" />
</allocation-stats>
<gc-op id="2384" type="rs-scan" timems="1.073" contextid="2363" timestamp="2022-02-08T16:14:43.204">
  <scan objectsFound="29" bytesTraced="5124" workStackOverflowCount="0" />
</gc-op>
<gc-op id="2385" type="card-cleaning" timems="193.954" contextid="2363" timestamp="2022-02-08T16:14:43.398">
  <card-cleaning cardsCleaned="9" bytesTraced="71012776" workStackOverflowCount="0" />
</gc-op>
<gc-op id="2386" type="mark" timems="52.385" contextid="2363" timestamp="2022-02-08T16:14:43.450">
  <trace-info objectcount="1816298" scancount="1363751" scanbytes="29161064" />
  <finalization candidates="428" enqueued="57" />
  <ownableSynchronizers candidates="1" cleared="0" />
  <references type="soft" candidates="894" cleared="0" enqueued="0" dynamicThreshold="11" maxThreshold="32" />
  <references type="weak" candidates="1701" cleared="0" enqueued="0" />
  <references type="phantom" candidates="52" cleared="2" enqueued="2" />
  <stringconstants candidates="6471" cleared="0"  />
  <object-monitors candidates="2" cleared="0"  />
</gc-op>
<gc-op id="2387" type="sweep" timems="6.623" contextid="2363" timestamp="2022-02-08T16:14:43.457" />
<gc-end id="2388" type="global" contextid="2363" durationms="254.246" usertimems="264.608" systemtimems="6.341" stalltimems="156.975" timestamp="2022-02-08T16:14:43.457" activeThreads="4">
  <mem-info id="2389" free="393860392" total="1073741824" percent="36">
    <mem type="nursery" free="100076392" total="268435456" percent="37">
      <mem type="allocate" free="100076392" total="182321152" percent="54" />
      <mem type="survivor" free="0" total="86114304" percent="0" />
    </mem>
    <mem type="tenure" free="293784000" total="805306368" percent="36" micro-fragmented="234175" macro-fragmented="0">
      <mem type="soa" free="285730240" total="797252608" percent="35" />
      <mem type="loa" free="8053760" total="8053760" percent="100" />
    </mem>
    <pending-finalizers system="57" default="0" reference="2" classloader="0" />
    <remembered-set count="99" />
  </mem-info>
</gc-end>
<cycle-end id="2390" type="global" contextid="2363" timestamp="2022-02-08T16:14:43.457" />
<exclusive-end id="2391" timestamp="2022-02-08T16:14:43.457" durationms="254.503" />

<exclusive-start id="2392" timestamp="2022-02-08T16:14:44.136" intervalms="933.243">
  <response-info timems="0.018" idlems="0.018" threads="0" lastid="0000000000016F00" lastname="main" />
</exclusive-start>
<af-start id="2393" threadId="0000000000017908" totalBytesRequested="200" timestamp="2022-02-08T16:14:44.136" intervalms="1157.132" type="nursery" />
<cycle-start id="2394" type="scavenge" contextid="0" timestamp="2022-02-08T16:14:44.136" intervalms="1157.141" />
<gc-start id="2395" type="scavenge" contextid="2394" timestamp="2022-02-08T16:14:44.136">
  <mem-info id="2396" free="293784000" total="1073741824" percent="27">
    <mem type="nursery" free="0" total="268435456" percent="0">
      <mem type="allocate" free="0" total="182321152" percent="0" />
      <mem type="survivor" free="0" total="86114304" percent="0" />
    </mem>
    <mem type="tenure" free="293784000" total="805306368" percent="36">
      <mem type="soa" free="285730240" total="797252608" percent="35" />
      <mem type="loa" free="8053760" total="8053760" percent="100" />
    </mem>
    <remembered-set count="102" />
  </mem-info>
</gc-start>
<allocation-stats totalBytes="100030288" >
  <allocated-bytes non-tlh="0" tlh="100030288" />
  <largest-consumer threadName="main" threadId="0000000000016F00" bytes="100019920" />
</allocation-stats>
<gc-op id="2397" type="scavenge" timems="86.422" contextid="2394" timestamp="2022-02-08T16:14:44.222">
  <scavenger-info tenureage="1" tenuremask="7ffe" tiltratio="67" />
  <memory-copied type="nursery" objects="1358842" bytes="76343552" bytesdiscarded="200792" />
  <memory-copied type="tenure" objects="1311686" bytes="74900416" bytesdiscarded="44904" />
  <finalization candidates="1" enqueued="0" />
  <ownableSynchronizers candidates="2" cleared="2" />
  <object-monitors candidates="2" cleared="0"  />
</gc-op>
<gc-end id="2398" type="scavenge" contextid="2394" durationms="86.805" usertimems="327.100" systemtimems="0.000" stalltimems="4.193" timestamp="2022-02-08T16:14:44.223" activeThreads="4">
  <mem-info id="2399" free="324874208" total="1073741824" percent="30">
    <mem type="nursery" free="106170024" total="268435456" percent="39">
      <mem type="allocate" free="106170024" total="182714368" percent="58" />
      <mem type="survivor" free="0" total="85721088" percent="0" />
    </mem>
    <mem type="tenure" free="218704184" total="805306368" percent="27" macro-fragmented="73222188">
      <mem type="soa" free="210650424" total="797252608" percent="26" />
      <mem type="loa" free="8053760" total="8053760" percent="100" />
    </mem>
    <remembered-set count="101" />
  </mem-info>
</gc-end>
<cycle-end id="2400" type="scavenge" contextid="2394" timestamp="2022-02-08T16:14:44.223" />
<allocation-satisfied id="2401" threadId="0000000000016F00" bytesRequested="200" />
<af-end id="2402" timestamp="2022-02-08T16:14:44.223" threadId="0000000000017908" success="true" from="nursery"/>
<exclusive-end id="2403" timestamp="2022-02-08T16:14:44.223" durationms="87.106" />

<exclusive-start id="2404" timestamp="2022-02-08T16:14:45.150" intervalms="1014.504">
  <response-info timems="0.017" idlems="0.017" threads="0" lastid="0000000000016F00" lastname="main" />
</exclusive-start>
<af-start id="2405" threadId="0000000000017908" totalBytesRequested="48" timestamp="2022-02-08T16:14:45.150" intervalms="1014.502" type="nursery" />
<cycle-start id="2406" type="scavenge" contextid="0" timestamp="2022-02-08T16:14:45.150" intervalms="1014.491" />
<gc-start id="2407" type="scavenge" contextid="2406" timestamp="2022-02-08T16:14:45.150">
  <mem-info id="2408" free="218704184" total="1073741824" percent="20">
    <mem type="nursery" free="0" total="268435456" percent="0">
      <mem type="allocate" free="0" total="182714368" percent="0" />
      <mem type="survivor" free="0" total="85721088" percent="0" />
    </mem>
    <mem type="tenure" free="218704184" total="805306368" percent="27">
      <mem type="soa" free="210650424" total="797252608" percent="26" />
      <mem type="loa" free="8053760" total="8053760" percent="100" />
    </mem>
    <remembered-set count="132" />
  </mem-info>
</gc-start>
<allocation-stats totalBytes="106121232" >
  <allocated-bytes non-tlh="945928" tlh="105175304" />
  <largest-consumer threadName="main" threadId="0000000000016F00" bytes="106121232" />
</allocation-stats>
<gc-op id="2409" type="scavenge" timems="84.312" contextid="2406" timestamp="2022-02-08T16:14:45.235">
  <scavenger-info tenureage="1" tenuremask="7ffe" tiltratio="68" />
  <memory-copied type="nursery" objects="1449158" bytes="74768520" bytesdiscarded="60472" />
  <memory-copied type="tenure" objects="1358841" bytes="76343440" bytesdiscarded="42728" />
  <finalization candidates="95" enqueued="53" />
  <references type="soft" candidates="14" cleared="0" enqueued="0" dynamicThreshold="11" maxThreshold="32" />
  <references type="weak" candidates="1" cleared="0" enqueued="0" />
  <references type="phantom" candidates="80" cleared="7" enqueued="7" />
  <object-monitors candidates="2" cleared="0"  />
</gc-op>
<gc-end id="2410" type="scavenge" contextid="2406" durationms="84.696" usertimems="327.471" systemtimems="1.316" stalltimems="4.228" timestamp="2022-02-08T16:14:45.235" activeThreads="4">
  <mem-info id="2411" free="250810048" total="1073741824" percent="23">
    <mem type="nursery" free="108540608" total="268435456" percent="40">
      <mem type="allocate" free="108540608" total="183369728" percent="59" />
      <mem type="survivor" free="0" total="85065728" percent="0" />
    </mem>
    <mem type="tenure" free="142269440" total="805306368" percent="17" macro-fragmented="23113062">
      <mem type="soa" free="134215680" total="797252608" percent="16" />
      <mem type="loa" free="8053760" total="8053760" percent="100" />
    </mem>
    <pending-finalizers system="52" default="1" reference="7" classloader="0" />
    <remembered-set count="129" />
  </mem-info>
</gc-end>
<cycle-end id="2412" type="scavenge" contextid="2406" timestamp="2022-02-08T16:14:45.235" />
<allocation-satisfied id="2413" threadId="0000000000016F00" bytesRequested="48" />
<af-end id="2414" timestamp="2022-02-08T16:14:45.235" threadId="0000000000017908" success="true" from="nursery"/>
<exclusive-end id="2415" timestamp="2022-02-08T16:14:45.235" durationms="85.052" />

<concurrent-kickoff id="2416" timestamp="2022-02-08T16:14:45.975">
  <kickoff reason="threshold reached" targetBytes="74456693" thresholdFreeBytes="5753748"  remainingFree="5677768" tenureFreeBytes="142269440" nurseryFreeBytes="5677768" />
</concurrent-kickoff>
<exclusive-start id="2417" timestamp="2022-02-08T16:14:45.979" intervalms="828.367">
  <response-info timems="0.032" idlems="0.032" threads="0" lastid="0000000000016F00" lastname="main" />
</exclusive-start>
<cycle-start id="2418" type="global" contextid="0" timestamp="2022-02-08T16:14:45.979" intervalms="3134.410" />
<concurrent-start id="2419" type="global mark" contextid="2418" timestamp="2022-02-08T16:14:45.979">
</concurrent-start>
<exclusive-end id="2420" timestamp="2022-02-08T16:14:45.979" durationms="0.037" />

<exclusive-start id="2421" timestamp="2022-02-08T16:14:46.153" intervalms="174.456">
  <response-info timems="0.030" idlems="0.030" threads="0" lastid="0000000000016F00" lastname="main" />
</exclusive-start>
<af-start id="2422" threadId="0000000000017908" totalBytesRequested="24" timestamp="2022-02-08T16:14:46.153" intervalms="1002.825" type="nursery" />
<cycle-start id="2423" type="scavenge" contextid="0" timestamp="2022-02-08T16:14:46.153" intervalms="1002.826" />
<gc-start id="2424" type="scavenge" contextid="2423" timestamp="2022-02-08T16:14:46.153">
  <mem-info id="2425" free="142269440" total="1073741824" percent="13">
    <mem type="nursery" free="0" total="268435456" percent="0">
      <mem type="allocate" free="0" total="183369728" percent="0" />
      <mem type="survivor" free="0" total="85065728" percent="0" />
    </mem>
    <mem type="tenure" free="142269440" total="805306368" percent="17">
      <mem type="soa" free="134215680" total="797252608" percent="16" />
      <mem type="loa" free="8053760" total="8053760" percent="100" />
    </mem>
    <remembered-set count="130" />
  </mem-info>
</gc-start>
<allocation-stats totalBytes="108488952" >
  <allocated-bytes non-tlh="2121720" tlh="106367232" />
  <largest-consumer threadName="main" threadId="0000000000016F00" bytes="108480760" />
</allocation-stats>
<gc-op id="2426" type="scavenge" timems="82.419" contextid="2423" timestamp="2022-02-08T16:14:46.236">
  <scavenger-info tenureage="1" tenuremask="7ffe" tiltratio="68" />
  <memory-copied type="nursery" objects="1370330" bytes="77108504" bytesdiscarded="128360" />
  <memory-copied type="tenure" objects="1448436" bytes="74298120" bytesdiscarded="36400" />
  <finalization candidates="57" enqueued="0" />
  <references type="phantom" candidates="15" cleared="0" enqueued="0" />
  <object-monitors candidates="2" cleared="0"  />
</gc-op>
<gc-end id="2427" type="scavenge" contextid="2423" durationms="82.914" usertimems="325.813" systemtimems="0.000" stalltimems="3.142" timestamp="2022-02-08T16:14:46.236" activeThreads="4">
  <mem-info id="2428" free="173394520" total="1073741824" percent="16">
    <mem type="nursery" free="105543040" total="268435456" percent="39">
      <mem type="allocate" free="105543040" total="182779904" percent="57" />
      <mem type="survivor" free="0" total="85655552" percent="0" />
    </mem>
    <mem type="tenure" free="67851480" total="805306368" percent="8" macro-fragmented="0">
      <mem type="soa" free="59797720" total="797252608" percent="7" />
      <mem type="loa" free="8053760" total="8053760" percent="100" />
    </mem>
    <remembered-set count="102" />
  </mem-info>
</gc-end>
<cycle-end id="2429" type="scavenge" contextid="2423" timestamp="2022-02-08T16:14:46.236" />
<allocation-satisfied id="2430" threadId="0000000000016F00" bytesRequested="24" />
<af-end id="2431" timestamp="2022-02-08T16:14:46.236" threadId="0000000000017908" success="true" from="nursery"/>
<exclusive-end id="2432" timestamp="2022-02-08T16:14:46.236" durationms="83.236" />

<concurrent-end id="2433" type="global mark" contextid="2418" timestamp="2022-02-08T16:14:46.364">
<gc-op id="2434" type="trace" timems="385.762" contextid="2418" timestamp="2022-02-08T16:14:46.364">
  <trace bytesTraced="74435044" workStackOverflowCount="0" />
  <card-cleaning reason="card cleaning threshold reached" bytesTraced="808" cardsCleaned="2" />
</gc-op>
</concurrent-end>

<exclusive-start id="2435" timestamp="2022-02-08T16:14:46.364" intervalms="211.388">
  <response-info timems="0.021" idlems="0.021" threads="0" lastid="0000000000016F00" lastname="main" />
</exclusive-start>
<concurrent-global-final id="2436" timestamp="2022-02-08T16:14:46.364" contextid="2418" intervalms="3161.941" >
  <concurrent-trace-info reason="card cleaning threshold reached" tracedByMutators="54527580" tracedByHelpers="19908272" cardsCleaned="2" workStackOverflowCount="0" />
</concurrent-global-final>
<gc-start id="2437" type="global" contextid="2418" timestamp="2022-02-08T16:14:46.364">
  <mem-info id="2438" free="165825088" total="1073741824" percent="15">
    <mem type="nursery" free="97973608" total="268435456" percent="36">
      <mem type="allocate" free="97973608" total="182779904" percent="53" />
      <mem type="survivor" free="0" total="85655552" percent="0" />
    </mem>
    <mem type="tenure" free="67851480" total="805306368" percent="8">
      <mem type="soa" free="59797720" total="797252608" percent="7" />
      <mem type="loa" free="8053760" total="8053760" percent="100" />
    </mem>
    <remembered-set count="102" />
  </mem-info>
</gc-start>
<allocation-stats totalBytes="7565872" >
  <allocated-bytes non-tlh="24" tlh="7565848" />
  <largest-consumer threadName="main" threadId="0000000000016F00" bytes="7565872" />
</allocation-stats>
<gc-op id="2439" type="rs-scan" timems="0.509" contextid="2418" timestamp="2022-02-08T16:14:46.365">
  <scan objectsFound="29" bytesTraced="5124" workStackOverflowCount="0" />
</gc-op>
<gc-op id="2440" type="card-cleaning" timems="178.312" contextid="2418" timestamp="2022-02-08T16:14:46.543">
  <card-cleaning cardsCleaned="9" bytesTraced="71012712" workStackOverflowCount="0" />
</gc-op>
<gc-op id="2441" type="mark" timems="45.803" contextid="2418" timestamp="2022-02-08T16:14:46.589">
  <trace-info objectcount="1562297" scancount="1173250" scanbytes="25097064" />
  <finalization candidates="428" enqueued="57" />
  <ownableSynchronizers candidates="1" cleared="0" />
  <references type="soft" candidates="894" cleared="0" enqueued="0" dynamicThreshold="11" maxThreshold="32" />
  <references type="weak" candidates="1701" cleared="0" enqueued="0" />
  <references type="phantom" candidates="52" cleared="2" enqueued="2" />
  <stringconstants candidates="6471" cleared="0"  />
  <object-monitors candidates="2" cleared="0"  />
</gc-op>
<gc-op id="2442" type="sweep" timems="5.651" contextid="2418" timestamp="2022-02-08T16:14:46.595" />
<gc-end id="2443" type="global" contextid="2418" durationms="230.703" usertimems="233.600" systemtimems="0.000" stalltimems="137.000" timestamp="2022-02-08T16:14:46.595" activeThreads="4">
  <mem-info id="2444" free="409043648" total="1073741824" percent="38">
    <mem type="nursery" free="98193208" total="268435456" percent="36">
      <mem type="allocate" free="98193208" total="182779904" percent="53" />
      <mem type="survivor" free="0" total="85655552" percent="0" />
    </mem>
    <mem type="tenure" free="310850440" total="805306368" percent="38" micro-fragmented="322619" macro-fragmented="0">
      <mem type="soa" free="302796680" total="797252608" percent="37" />
      <mem type="loa" free="8053760" total="8053760" percent="100" />
    </mem>
    <pending-finalizers system="57" default="0" reference="2" classloader="0" />
    <remembered-set count="102" />
  </mem-info>
</gc-end>
<cycle-end id="2445" type="global" contextid="2418" timestamp="2022-02-08T16:14:46.595" />
<exclusive-end id="2446" timestamp="2022-02-08T16:14:46.595" durationms="230.900" />

<exclusive-start id="2447" timestamp="2022-02-08T16:14:47.268" intervalms="903.774">
  <response-info timems="0.019" idlems="0.019" threads="0" lastid="0000000000016F00" lastname="main" />
</exclusive-start>
<af-start id="2448" threadId="0000000000017908" totalBytesRequested="184" timestamp="2022-02-08T16:14:47.268" intervalms="1115.164" type="nursery" />
<cycle-start id="2449" type="scavenge" contextid="0" timestamp="2022-02-08T16:14:47.268" intervalms="1115.165" />
<gc-start id="2450" type="scavenge" contextid="2449" timestamp="2022-02-08T16:14:47.268">
  <mem-info id="2451" free="310850440" total="1073741824" percent="28">
    <mem type="nursery" free="0" total="268435456" percent="0">
      <mem type="allocate" free="0" total="182779904" percent="0" />
      <mem type="survivor" free="0" total="85655552" percent="0" />
    </mem>
    <mem type="tenure" free="310850440" total="805306368" percent="38">
      <mem type="soa" free="302796680" total="797252608" percent="37" />
      <mem type="loa" free="8053760" total="8053760" percent="100" />
    </mem>
    <remembered-set count="105" />
  </mem-info>
</gc-start>
<allocation-stats totalBytes="98146256" >
  <allocated-bytes non-tlh="0" tlh="98146256" />
  <largest-consumer threadName="main" threadId="0000000000016F00" bytes="98142160" />
</allocation-stats>
<gc-op id="2452" type="scavenge" timems="90.104" contextid="2449" timestamp="2022-02-08T16:14:47.358">
  <scavenger-info tenureage="1" tenuremask="7ffe" tiltratio="68" />
  <memory-copied type="nursery" objects="1331498" bytes="75094848" bytesdiscarded="125928" />
  <memory-copied type="tenure" objects="1370330" bytes="77108504" bytesdiscarded="42000" />
  <finalization candidates="15" enqueued="0" />
  <ownableSynchronizers candidates="2" cleared="2" />
  <object-monitors candidates="2" cleared="0"  />
</gc-op>
<gc-end id="2453" type="scavenge" contextid="2449" durationms="90.752" usertimems="356.352" systemtimems="0.059" stalltimems="3.083" timestamp="2022-02-08T16:14:47.359" activeThreads="4">
  <mem-info id="2454" free="341514440" total="1073741824" percent="31">
    <mem type="nursery" free="108017880" total="268435456" percent="40">
      <mem type="allocate" free="108017880" total="183238656" percent="58" />
      <mem type="survivor" free="0" total="85196800" percent="0" />
    </mem>
    <mem type="tenure" free="233496560" total="805306368" percent="28" macro-fragmented="0">
      <mem type="soa" free="225442800" total="797252608" percent="28" />
      <mem type="loa" free="8053760" total="8053760" percent="100" />
    </mem>
    <remembered-set count="101" />
  </mem-info>
</gc-end>
<cycle-end id="2455" type="scavenge" contextid="2449" timestamp="2022-02-08T16:14:47.359" />
<allocation-satisfied id="2456" threadId="0000000000016F00" bytesRequested="184" />
<af-end id="2457" timestamp="2022-02-08T16:14:47.359" threadId="0000000000017908" success="true" from="nursery"/>
<exclusive-end id="2458" timestamp="2022-02-08T16:14:47.359" durationms="91.113" />

<exclusive-start id="2459" timestamp="2022-02-08T16:14:48.079" intervalms="810.919">
  <response-info timems="0.028" idlems="0.028" threads="0" lastid="0000000000016F00" lastname="main" />
</exclusive-start>
<af-start id="2460" threadId="0000000000017908" totalBytesRequested="16" timestamp="2022-02-08T16:14:48.079" intervalms="810.926" type="nursery" />
<cycle-start id="2461" type="scavenge" contextid="0" timestamp="2022-02-08T16:14:48.079" intervalms="810.927" />
<gc-start id="2462" type="scavenge" contextid="2461" timestamp="2022-02-08T16:14:48.079">
  <mem-info id="2463" free="233496560" total="1073741824" percent="21">
    <mem type="nursery" free="0" total="268435456" percent="0">
      <mem type="allocate" free="0" total="183238656" percent="0" />
      <mem type="survivor" free="0" total="85196800" percent="0" />
    </mem>
    <mem type="tenure" free="233496560" total="805306368" percent="28">
      <mem type="soa" free="225442800" total="797252608" percent="28" />
      <mem type="loa" free="8053760" total="8053760" percent="100" />
    </mem>
    <remembered-set count="112" />
  </mem-info>
</gc-start>
<allocation-stats totalBytes="107967736" >
  <allocated-bytes non-tlh="184" tlh="107967552" />
  <largest-consumer threadName="main" threadId="0000000000016F00" bytes="107967736" />
</allocation-stats>
<gc-op id="2464" type="scavenge" timems="90.587" contextid="2461" timestamp="2022-02-08T16:14:48.170">
  <scavenger-info tenureage="1" tenuremask="7ffe" tiltratio="68" />
  <memory-copied type="nursery" objects="1353459" bytes="76757720" bytesdiscarded="209512" />
  <memory-copied type="tenure" objects="1331497" bytes="75094744" bytesdiscarded="39784" />
  <finalization candidates="12" enqueued="6" />
  <references type="phantom" candidates="12" cleared="0" enqueued="0" />
  <object-monitors candidates="2" cleared="0"  />
</gc-op>
<gc-end id="2465" type="scavenge" contextid="2461" durationms="90.971" usertimems="357.658" systemtimems="0.952" stalltimems="2.801" timestamp="2022-02-08T16:14:48.170" activeThreads="4">
  <mem-info id="2466" free="264911064" total="1073741824" percent="24">
    <mem type="nursery" free="106664640" total="268435456" percent="39">
      <mem type="allocate" free="106664640" total="183631872" percent="58" />
      <mem type="survivor" free="0" total="84803584" percent="0" />
    </mem>
    <mem type="tenure" free="158246424" total="805306368" percent="19" macro-fragmented="0">
      <mem type="soa" free="150192664" total="797252608" percent="18" />
      <mem type="loa" free="8053760" total="8053760" percent="100" />
    </mem>
    <pending-finalizers system="6" default="0" reference="0" classloader="0" />
    <remembered-set count="113" />
  </mem-info>
</gc-end>
<cycle-end id="2467" type="scavenge" contextid="2461" timestamp="2022-02-08T16:14:48.171" />
<allocation-satisfied id="2468" threadId="0000000000016F00" bytesRequested="16" />
<af-end id="2469" timestamp="2022-02-08T16:14:48.171" threadId="0000000000017908" success="true" from="nursery"/>
<exclusive-end id="2470" timestamp="2022-02-08T16:14:48.171" durationms="91.452" />

<concurrent-kickoff id="2471" timestamp="2022-02-08T16:14:49.076">
  <kickoff reason="threshold reached" targetBytes="74452521" thresholdFreeBytes="5779134"  remainingFree="5739200" tenureFreeBytes="158246424" nurseryFreeBytes="5739200" />
</concurrent-kickoff>
<exclusive-start id="2472" timestamp="2022-02-08T16:14:49.079" intervalms="1000.236">
  <response-info timems="0.024" idlems="0.024" threads="0" lastid="0000000000016F00" lastname="main" />
</exclusive-start>
<cycle-start id="2473" type="global" contextid="0" timestamp="2022-02-08T16:14:49.079" intervalms="3100.780" />
<concurrent-start id="2474" type="global mark" contextid="2473" timestamp="2022-02-08T16:14:49.079">
</concurrent-start>
<exclusive-end id="2475" timestamp="2022-02-08T16:14:49.079" durationms="0.043" />

<exclusive-start id="2476" timestamp="2022-02-08T16:14:49.211" intervalms="131.312">
  <response-info timems="0.031" idlems="0.031" threads="0" lastid="0000000000016F00" lastname="main" />
</exclusive-start>
<af-start id="2477" threadId="0000000000017908" totalBytesRequested="112" timestamp="2022-02-08T16:14:49.211" intervalms="1131.584" type="nursery" />
<cycle-start id="2478" type="scavenge" contextid="0" timestamp="2022-02-08T16:14:49.211" intervalms="1131.610" />
<gc-start id="2479" type="scavenge" contextid="2478" timestamp="2022-02-08T16:14:49.211">
  <mem-info id="2480" free="158246424" total="1073741824" percent="14">
    <mem type="nursery" free="0" total="268435456" percent="0">
      <mem type="allocate" free="0" total="183631872" percent="0" />
      <mem type="survivor" free="0" total="84803584" percent="0" />
    </mem>
    <mem type="tenure" free="158246424" total="805306368" percent="19">
      <mem type="soa" free="150192664" total="797252608" percent="18" />
      <mem type="loa" free="8053760" total="8053760" percent="100" />
    </mem>
    <remembered-set count="133" />
  </mem-info>
</gc-start>
<allocation-stats totalBytes="106614200" >
  <allocated-bytes non-tlh="2938264" tlh="103675936" />
  <largest-consumer threadName="main" threadId="0000000000016F00" bytes="106610104" />
</allocation-stats>
<gc-op id="2481" type="scavenge" timems="89.737" contextid="2478" timestamp="2022-02-08T16:14:49.301">
  <scavenger-info tenureage="1" tenuremask="7ffe" tiltratio="68" />
  <memory-copied type="nursery" objects="1426233" bytes="74968224" bytesdiscarded="144168" />
  <memory-copied type="tenure" objects="1353341" bytes="76695208" bytesdiscarded="42376" />
  <finalization candidates="104" enqueued="47" />
  <references type="soft" candidates="14" cleared="0" enqueued="0" dynamicThreshold="12" maxThreshold="32" />
  <references type="weak" candidates="1" cleared="0" enqueued="0" />
  <references type="phantom" candidates="89" cleared="7" enqueued="7" />
  <object-monitors candidates="2" cleared="0"  />
</gc-op>
<gc-end id="2482" type="scavenge" contextid="2478" durationms="90.118" usertimems="355.404" systemtimems="0.000" stalltimems="2.821" timestamp="2022-02-08T16:14:49.301" activeThreads="4">
  <mem-info id="2483" free="190497032" total="1073741824" percent="17">
    <mem type="nursery" free="108847032" total="268435456" percent="40">
      <mem type="allocate" free="108847032" total="183959552" percent="59" />
      <mem type="survivor" free="0" total="84475904" percent="0" />
    </mem>
    <mem type="tenure" free="81650000" total="805306368" percent="10" macro-fragmented="47927252">
      <mem type="soa" free="73596240" total="797252608" percent="9" />
      <mem type="loa" free="8053760" total="8053760" percent="100" />
    </mem>
    <pending-finalizers system="46" default="1" reference="7" classloader="0" />
    <remembered-set count="116" />
  </mem-info>
</gc-end>
<cycle-end id="2484" type="scavenge" contextid="2478" timestamp="2022-02-08T16:14:49.301" />
<allocation-satisfied id="2485" threadId="0000000000016F00" bytesRequested="112" />
<af-end id="2486" timestamp="2022-02-08T16:14:49.301" threadId="0000000000017908" success="true" from="nursery"/>
<exclusive-end id="2487" timestamp="2022-02-08T16:14:49.301" durationms="90.482" />

<concurrent-end id="2488" type="global mark" contextid="2473" timestamp="2022-02-08T16:14:49.422">
<gc-op id="2489" type="trace" timems="343.109" contextid="2473" timestamp="2022-02-08T16:14:49.423">
  <trace bytesTraced="74435300" workStackOverflowCount="0" />
  <card-cleaning reason="card cleaning threshold reached" bytesTraced="808" cardsCleaned="2" />
</gc-op>
</concurrent-end>

<exclusive-start id="2490" timestamp="2022-02-08T16:14:49.423" intervalms="211.922">
  <response-info timems="0.031" idlems="0.031" threads="0" lastid="0000000000016F00" lastname="main" />
</exclusive-start>
<concurrent-global-final id="2491" timestamp="2022-02-08T16:14:49.423" contextid="2473" intervalms="3058.174" >
  <concurrent-trace-info reason="card cleaning threshold reached" tracedByMutators="56129668" tracedByHelpers="18306440" cardsCleaned="2" workStackOverflowCount="0" />
</concurrent-global-final>
<gc-start id="2492" type="global" contextid="2473" timestamp="2022-02-08T16:14:49.423">
  <mem-info id="2493" free="182657176" total="1073741824" percent="17">
    <mem type="nursery" free="101007176" total="268435456" percent="37">
      <mem type="allocate" free="101007176" total="183959552" percent="54" />
      <mem type="survivor" free="0" total="84475904" percent="0" />
    </mem>
    <mem type="tenure" free="81650000" total="805306368" percent="10">
      <mem type="soa" free="73596240" total="797252608" percent="9" />
      <mem type="loa" free="8053760" total="8053760" percent="100" />
    </mem>
    <remembered-set count="117" />
  </mem-info>
</gc-start>
<allocation-stats totalBytes="7836696" >
  <allocated-bytes non-tlh="112" tlh="7836584" />
  <largest-consumer threadName="main" threadId="0000000000016F00" bytes="7828504" />
</allocation-stats>
<gc-op id="2494" type="rs-scan" timems="141.025" contextid="2473" timestamp="2022-02-08T16:14:49.564">
  <scan objectsFound="3324743" bytesTraced="71015440" workStackOverflowCount="0" />
</gc-op>
<gc-op id="2495" type="card-cleaning" timems="0.269" contextid="2473" timestamp="2022-02-08T16:14:49.564">
  <card-cleaning cardsCleaned="4" bytesTraced="1700" workStackOverflowCount="0" />
</gc-op>
<gc-op id="2496" type="mark" timems="34.723" contextid="2473" timestamp="2022-02-08T16:14:49.599">
  <trace-info objectcount="1246436" scancount="936353" scanbytes="20043272" />
  <finalization candidates="428" enqueued="57" />
  <ownableSynchronizers candidates="1" cleared="0" />
  <references type="soft" candidates="894" cleared="0" enqueued="0" dynamicThreshold="12" maxThreshold="32" />
  <references type="weak" candidates="1701" cleared="0" enqueued="0" />
  <references type="phantom" candidates="52" cleared="2" enqueued="2" />
  <stringconstants candidates="6471" cleared="0"  />
  <object-monitors candidates="2" cleared="0"  />
</gc-op>
<gc-op id="2497" type="sweep" timems="5.266" contextid="2473" timestamp="2022-02-08T16:14:49.604" />
<gc-end id="2498" type="global" contextid="2473" durationms="181.681" usertimems="197.258" systemtimems="0.511" stalltimems="104.389" timestamp="2022-02-08T16:14:49.604" activeThreads="4">
  <mem-info id="2499" free="426234336" total="1073741824" percent="39">
    <mem type="nursery" free="101673000" total="268435456" percent="37">
      <mem type="allocate" free="101673000" total="183959552" percent="55" />
      <mem type="survivor" free="0" total="84475904" percent="0" />
    </mem>
    <mem type="tenure" free="324561336" total="805306368" percent="40" micro-fragmented="310480" macro-fragmented="0">
      <mem type="soa" free="316507576" total="797252608" percent="39" />
      <mem type="loa" free="8053760" total="8053760" percent="100" />
    </mem>
    <pending-finalizers system="57" default="0" reference="2" classloader="0" />
    <remembered-set count="104" />
  </mem-info>
</gc-end>
<cycle-end id="2500" type="global" contextid="2473" timestamp="2022-02-08T16:14:49.604" />
<exclusive-end id="2501" timestamp="2022-02-08T16:14:49.604" durationms="181.920" />

<exclusive-start id="2502" timestamp="2022-02-08T16:14:50.357" intervalms="934.255">
  <response-info timems="0.018" idlems="0.018" threads="0" lastid="0000000000016F00" lastname="main" />
</exclusive-start>
<af-start id="2503" threadId="0000000000017908" totalBytesRequested="184" timestamp="2022-02-08T16:14:50.357" intervalms="1146.134" type="nursery" />
<cycle-start id="2504" type="scavenge" contextid="0" timestamp="2022-02-08T16:14:50.357" intervalms="1146.106" />
<gc-start id="2505" type="scavenge" contextid="2504" timestamp="2022-02-08T16:14:50.357">
  <mem-info id="2506" free="324561336" total="1073741824" percent="30">
    <mem type="nursery" free="0" total="268435456" percent="0">
      <mem type="allocate" free="0" total="183959552" percent="0" />
      <mem type="survivor" free="0" total="84475904" percent="0" />
    </mem>
    <mem type="tenure" free="324561336" total="805306368" percent="40">
      <mem type="soa" free="316507576" total="797252608" percent="39" />
      <mem type="loa" free="8053760" total="8053760" percent="100" />
    </mem>
    <remembered-set count="105" />
  </mem-info>
</gc-start>
<allocation-stats totalBytes="101623888" >
  <allocated-bytes non-tlh="0" tlh="101623888" />
  <largest-consumer threadName="main" threadId="0000000000016F00" bytes="101614416" />
</allocation-stats>
<gc-op id="2507" type="scavenge" timems="108.158" contextid="2504" timestamp="2022-02-08T16:14:50.465">
  <scavenger-info tenureage="1" tenuremask="7ffe" tiltratio="68" />
  <memory-copied type="nursery" objects="1411447" bytes="77868440" bytesdiscarded="112184" />
  <memory-copied type="tenure" objects="1425596" bytes="74552352" bytesdiscarded="39600" />
  <finalization candidates="51" enqueued="0" />
  <ownableSynchronizers candidates="2" cleared="2" />
  <object-monitors candidates="2" cleared="0"  />
</gc-op>
<gc-end id="2508" type="scavenge" contextid="2504" durationms="108.556" usertimems="403.814" systemtimems="1.223" stalltimems="3.288" timestamp="2022-02-08T16:14:50.465" activeThreads="4">
  <mem-info id="2509" free="353504008" total="1073741824" percent="32">
    <mem type="nursery" free="103750704" total="268435456" percent="38">
      <mem type="allocate" free="103750704" total="181731328" percent="57" />
      <mem type="survivor" free="0" total="86704128" percent="0" />
    </mem>
    <mem type="tenure" free="249753304" total="805306368" percent="31" macro-fragmented="0">
      <mem type="soa" free="241699544" total="797252608" percent="30" />
      <mem type="loa" free="8053760" total="8053760" percent="100" />
    </mem>
    <remembered-set count="101" />
  </mem-info>
</gc-end>
<cycle-end id="2510" type="scavenge" contextid="2504" timestamp="2022-02-08T16:14:50.466" />
<allocation-satisfied id="2511" threadId="0000000000016F00" bytesRequested="184" />
<af-end id="2512" timestamp="2022-02-08T16:14:50.466" threadId="0000000000017908" success="true" from="nursery"/>
<exclusive-end id="2513" timestamp="2022-02-08T16:14:50.466" durationms="108.836" />

<exclusive-start id="2514" timestamp="2022-02-08T16:14:51.124" intervalms="767.435">
  <response-info timems="0.036" idlems="0.036" threads="0" lastid="0000000000016F00" lastname="main" />
</exclusive-start>
<af-start id="2515" threadId="0000000000017908" totalBytesRequested="24" timestamp="2022-02-08T16:14:51.124" intervalms="767.450" type="nursery" />
<cycle-start id="2516" type="scavenge" contextid="0" timestamp="2022-02-08T16:14:51.124" intervalms="767.468" />
<gc-start id="2517" type="scavenge" contextid="2516" timestamp="2022-02-08T16:14:51.124">
  <mem-info id="2518" free="249753304" total="1073741824" percent="23">
    <mem type="nursery" free="0" total="268435456" percent="0">
      <mem type="allocate" free="0" total="181731328" percent="0" />
      <mem type="survivor" free="0" total="86704128" percent="0" />
    </mem>
    <mem type="tenure" free="249753304" total="805306368" percent="31">
      <mem type="soa" free="241699544" total="797252608" percent="30" />
      <mem type="loa" free="8053760" total="8053760" percent="100" />
    </mem>
    <remembered-set count="101" />
  </mem-info>
</gc-start>
<allocation-stats totalBytes="103702632" >
  <allocated-bytes non-tlh="184" tlh="103702448" />
  <largest-consumer threadName="main" threadId="0000000000016F00" bytes="103702632" />
</allocation-stats>
<gc-op id="2519" type="scavenge" timems="81.706" contextid="2516" timestamp="2022-02-08T16:14:51.206">
  <scavenger-info tenureage="1" tenuremask="7ffe" tiltratio="67" />
  <memory-copied type="nursery" objects="1296581" bytes="73735216" bytesdiscarded="279824" />
  <memory-copied type="tenure" objects="1411446" bytes="77868336" bytesdiscarded="43208" />
  <object-monitors candidates="2" cleared="0"  />
</gc-op>
<gc-end id="2520" type="scavenge" contextid="2516" durationms="82.117" usertimems="324.544" systemtimems="0.000" stalltimems="1.630" timestamp="2022-02-08T16:14:51.207" activeThreads="4">
  <mem-info id="2521" free="280162000" total="1073741824" percent="26">
    <mem type="nursery" free="108240576" total="268435456" percent="40">
      <mem type="allocate" free="108240576" total="182255616" percent="59" />
      <mem type="survivor" free="0" total="86179840" percent="0" />
    </mem>
    <mem type="tenure" free="171921424" total="805306368" percent="21" macro-fragmented="69015248">
      <mem type="soa" free="163867664" total="797252608" percent="20" />
      <mem type="loa" free="8053760" total="8053760" percent="100" />
    </mem>
    <remembered-set count="101" />
  </mem-info>
</gc-end>
<cycle-end id="2522" type="scavenge" contextid="2516" timestamp="2022-02-08T16:14:51.207" />
<allocation-satisfied id="2523" threadId="0000000000016F00" bytesRequested="24" />
<af-end id="2524" timestamp="2022-02-08T16:14:51.207" threadId="0000000000017908" success="true" from="nursery"/>
<exclusive-end id="2525" timestamp="2022-02-08T16:14:51.207" durationms="82.431" />

<exclusive-start id="2526" timestamp="2022-02-08T16:14:52.182" intervalms="1057.366">
  <response-info timems="0.046" idlems="0.046" threads="0" lastid="0000000000016F00" lastname="main" />
</exclusive-start>
<af-start id="2527" threadId="0000000000017908" totalBytesRequested="800" timestamp="2022-02-08T16:14:52.182" intervalms="1057.353" type="nursery" />
<cycle-start id="2528" type="scavenge" contextid="0" timestamp="2022-02-08T16:14:52.182" intervalms="1057.335" />
<gc-start id="2529" type="scavenge" contextid="2528" timestamp="2022-02-08T16:14:52.182">
  <mem-info id="2530" free="171921424" total="1073741824" percent="16">
    <mem type="nursery" free="0" total="268435456" percent="0">
      <mem type="allocate" free="0" total="182255616" percent="0" />
      <mem type="survivor" free="0" total="86179840" percent="0" />
    </mem>
    <mem type="tenure" free="171921424" total="805306368" percent="21">
      <mem type="soa" free="163867664" total="797252608" percent="20" />
      <mem type="loa" free="8053760" total="8053760" percent="100" />
    </mem>
    <remembered-set count="131" />
  </mem-info>
</gc-start>
<allocation-stats totalBytes="108193224" >
  <allocated-bytes non-tlh="2841472" tlh="105351752" />
  <largest-consumer threadName="main" threadId="0000000000016F00" bytes="108193224" />
</allocation-stats>
<gc-op id="2531" type="scavenge" timems="95.271" contextid="2528" timestamp="2022-02-08T16:14:52.277">
  <scavenger-info tenureage="1" tenuremask="7ffe" tiltratio="67" />
  <memory-copied type="nursery" objects="1442687" bytes="76030864" bytesdiscarded="240992" />
  <memory-copied type="tenure" objects="1296581" bytes="73735216" bytesdiscarded="39208" />
  <finalization candidates="110" enqueued="53" />
  <references type="soft" candidates="14" cleared="0" enqueued="0" dynamicThreshold="12" maxThreshold="32" />
  <references type="weak" candidates="1" cleared="0" enqueued="0" />
  <references type="phantom" candidates="95" cleared="7" enqueued="7" />
  <object-monitors candidates="2" cleared="0"  />
</gc-op>
<gc-end id="2532" type="scavenge" contextid="2528" durationms="95.990" usertimems="377.774" systemtimems="0.263" stalltimems="2.423" timestamp="2022-02-08T16:14:52.278" activeThreads="4">
  <mem-info id="2533" free="204445256" total="1073741824" percent="19">
    <mem type="nursery" free="106311312" total="268435456" percent="39">
      <mem type="allocate" free="106311312" total="182583296" percent="58" />
      <mem type="survivor" free="0" total="85852160" percent="0" />
    </mem>
    <mem type="tenure" free="98133944" total="805306368" percent="12" macro-fragmented="57512708">
      <mem type="soa" free="90080184" total="797252608" percent="11" />
      <mem type="loa" free="8053760" total="8053760" percent="100" />
    </mem>
    <pending-finalizers system="52" default="1" reference="7" classloader="0" />
    <remembered-set count="125" />
  </mem-info>
</gc-end>
<cycle-end id="2534" type="scavenge" contextid="2528" timestamp="2022-02-08T16:14:52.278" />
<allocation-satisfied id="2535" threadId="0000000000016F00" bytesRequested="800" />
<af-end id="2536" timestamp="2022-02-08T16:14:52.278" threadId="0000000000017908" success="true" from="nursery"/>
<exclusive-end id="2537" timestamp="2022-02-08T16:14:52.278" durationms="96.452" />

<concurrent-kickoff id="2538" timestamp="2022-02-08T16:14:53.021">
  <kickoff reason="threshold reached" targetBytes="74449239" thresholdFreeBytes="5772626"  remainingFree="5713552" tenureFreeBytes="98133944" nurseryFreeBytes="5713552" />
</concurrent-kickoff>
<exclusive-start id="2539" timestamp="2022-02-08T16:14:53.024" intervalms="842.515">
  <response-info timems="0.027" idlems="0.027" threads="0" lastid="0000000000016F00" lastname="main" />
</exclusive-start>
<cycle-start id="2540" type="global" contextid="0" timestamp="2022-02-08T16:14:53.024" intervalms="3944.796" />
<concurrent-start id="2541" type="global mark" contextid="2540" timestamp="2022-02-08T16:14:53.024">
</concurrent-start>
<exclusive-end id="2542" timestamp="2022-02-08T16:14:53.024" durationms="0.099" />

<exclusive-start id="2543" timestamp="2022-02-08T16:14:53.160" intervalms="136.068">
  <response-info timems="0.022" idlems="0.022" threads="0" lastid="0000000000016F00" lastname="main" />
</exclusive-start>
<af-start id="2544" threadId="0000000000017908" totalBytesRequested="1112" timestamp="2022-02-08T16:14:53.160" intervalms="978.619" type="nursery" />
<cycle-start id="2545" type="scavenge" contextid="0" timestamp="2022-02-08T16:14:53.160" intervalms="978.638" />
<gc-start id="2546" type="scavenge" contextid="2545" timestamp="2022-02-08T16:14:53.161">
  <mem-info id="2547" free="98133944" total="1073741824" percent="9">
    <mem type="nursery" free="0" total="268435456" percent="0">
      <mem type="allocate" free="0" total="182583296" percent="0" />
      <mem type="survivor" free="0" total="85852160" percent="0" />
    </mem>
    <mem type="tenure" free="98133944" total="805306368" percent="12">
      <mem type="soa" free="90080184" total="797252608" percent="11" />
      <mem type="loa" free="8053760" total="8053760" percent="100" />
    </mem>
    <remembered-set count="126" />
  </mem-info>
</gc-start>
<allocation-stats totalBytes="106262384" >
  <allocated-bytes non-tlh="800" tlh="106261584" />
  <largest-consumer threadName="main" threadId="0000000000016F00" bytes="106254192" />
</allocation-stats>
<gc-op id="2548" type="scavenge" timems="92.191" contextid="2545" timestamp="2022-02-08T16:14:53.253">
  <scavenger-info tenureage="1" tenuremask="7ffe" tiltratio="68" />
  <memory-copied type="nursery" objects="1378685" bytes="75738760" bytesdiscarded="265808" />
  <memory-copied type="tenure" objects="1441975" bytes="75562600" bytesdiscarded="36008" />
  <finalization candidates="57" enqueued="0" />
  <object-monitors candidates="2" cleared="0"  />
</gc-op>
<gc-end id="2549" type="scavenge" contextid="2545" durationms="92.619" usertimems="365.292" systemtimems="0.000" stalltimems="2.570" timestamp="2022-02-08T16:14:53.253" activeThreads="4">
  <mem-info id="2550" free="129793344" total="1073741824" percent="12">
    <mem type="nursery" free="107299624" total="268435456" percent="39">
      <mem type="allocate" free="107299624" total="183304192" percent="58" />
      <mem type="survivor" free="0" total="85131264" percent="0" />
    </mem>
    <mem type="tenure" free="22493720" total="805306368" percent="2" macro-fragmented="4479464">
      <mem type="soa" free="14439960" total="797252608" percent="1" />
      <mem type="loa" free="8053760" total="8053760" percent="100" />
    </mem>
    <remembered-set count="100" />
  </mem-info>
</gc-end>
<cycle-end id="2551" type="scavenge" contextid="2545" timestamp="2022-02-08T16:14:53.253" />
<allocation-satisfied id="2552" threadId="0000000000016F00" bytesRequested="1112" />
<af-end id="2553" timestamp="2022-02-08T16:14:53.253" threadId="0000000000017908" success="true" from="nursery"/>
<exclusive-end id="2554" timestamp="2022-02-08T16:14:53.253" durationms="93.280" />

<concurrent-end id="2555" type="global mark" contextid="2540" timestamp="2022-02-08T16:14:53.390">
<gc-op id="2556" type="trace" timems="365.508" contextid="2540" timestamp="2022-02-08T16:14:53.390">
  <trace bytesTraced="74435524" workStackOverflowCount="0" />
  <card-cleaning reason="card cleaning threshold reached" bytesTraced="808" cardsCleaned="2" />
</gc-op>
</concurrent-end>

<exclusive-start id="2557" timestamp="2022-02-08T16:14:53.390" intervalms="229.530">
  <response-info timems="0.019" idlems="0.019" threads="0" lastid="0000000000016F00" lastname="main" />
</exclusive-start>
<concurrent-global-final id="2558" timestamp="2022-02-08T16:14:53.390" contextid="2540" intervalms="3967.159" >
  <concurrent-trace-info reason="card cleaning threshold reached" tracedByMutators="54548796" tracedByHelpers="19887536" cardsCleaned="2" workStackOverflowCount="0" />
</concurrent-global-final>
<gc-start id="2559" type="global" contextid="2540" timestamp="2022-02-08T16:14:53.390">
  <mem-info id="2560" free="121436392" total="1073741824" percent="11">
    <mem type="nursery" free="98942672" total="268435456" percent="36">
      <mem type="allocate" free="98942672" total="183304192" percent="53" />
      <mem type="survivor" free="0" total="85131264" percent="0" />
    </mem>
    <mem type="tenure" free="22493720" total="805306368" percent="2">
      <mem type="soa" free="14439960" total="797252608" percent="1" />
      <mem type="loa" free="8053760" total="8053760" percent="100" />
    </mem>
    <remembered-set count="100" />
  </mem-info>
</gc-start>
<allocation-stats totalBytes="8353192" >
  <allocated-bytes non-tlh="1112" tlh="8352080" />
  <largest-consumer threadName="main" threadId="0000000000016F00" bytes="8353192" />
</allocation-stats>
<gc-op id="2561" type="rs-scan" timems="0.544" contextid="2540" timestamp="2022-02-08T16:14:53.390">
  <scan objectsFound="0" bytesTraced="3692" workStackOverflowCount="0" />
</gc-op>
<gc-op id="2562" type="card-cleaning" timems="160.185" contextid="2540" timestamp="2022-02-08T16:14:53.551">
  <card-cleaning cardsCleaned="10" bytesTraced="71014408" workStackOverflowCount="0" />
</gc-op>
<gc-op id="2563" type="mark" timems="68.551" contextid="2540" timestamp="2022-02-08T16:14:53.619">
  <trace-info objectcount="2350931" scancount="1764725" scanbytes="37715200" />
  <finalization candidates="428" enqueued="57" />
  <ownableSynchronizers candidates="1" cleared="0" />
  <references type="soft" candidates="894" cleared="0" enqueued="0" dynamicThreshold="12" maxThreshold="32" />
  <references type="weak" candidates="1701" cleared="0" enqueued="0" />
  <references type="phantom" candidates="52" cleared="2" enqueued="2" />
  <stringconstants candidates="6471" cleared="0"  />
  <object-monitors candidates="2" cleared="0"  />
</gc-op>
<gc-op id="2564" type="sweep" timems="9.619" contextid="2540" timestamp="2022-02-08T16:14:53.629" />
<gc-end id="2565" type="global" contextid="2540" durationms="239.148" usertimems="251.127" systemtimems="0.055" stalltimems="218.608" timestamp="2022-02-08T16:14:53.629" activeThreads="4">
  <mem-info id="2566" free="364718648" total="1073741824" percent="33">
    <mem type="nursery" free="99299232" total="268435456" percent="36">
      <mem type="allocate" free="99299232" total="183304192" percent="54" />
      <mem type="survivor" free="0" total="85131264" percent="0" />
    </mem>
    <mem type="tenure" free="265419416" total="805306368" percent="32" micro-fragmented="286631" macro-fragmented="0">
      <mem type="soa" free="257365656" total="797252608" percent="32" />
      <mem type="loa" free="8053760" total="8053760" percent="100" />
    </mem>
    <pending-finalizers system="57" default="0" reference="2" classloader="0" />
    <remembered-set count="100" />
  </mem-info>
</gc-end>
<cycle-end id="2567" type="global" contextid="2540" timestamp="2022-02-08T16:14:53.629" />
<exclusive-end id="2568" timestamp="2022-02-08T16:14:53.629" durationms="239.382" />

<exclusive-start id="2569" timestamp="2022-02-08T16:14:54.257" intervalms="866.975">
  <response-info timems="0.019" idlems="0.019" threads="0" lastid="0000000000016F00" lastname="main" />
</exclusive-start>
<af-start id="2570" threadId="0000000000017908" totalBytesRequested="16" timestamp="2022-02-08T16:14:54.257" intervalms="1096.466" type="nursery" />
<cycle-start id="2571" type="scavenge" contextid="0" timestamp="2022-02-08T16:14:54.257" intervalms="1096.446" />
<gc-start id="2572" type="scavenge" contextid="2571" timestamp="2022-02-08T16:14:54.257">
  <mem-info id="2573" free="265419416" total="1073741824" percent="24">
    <mem type="nursery" free="0" total="268435456" percent="0">
      <mem type="allocate" free="0" total="183304192" percent="0" />
      <mem type="survivor" free="0" total="85131264" percent="0" />
    </mem>
    <mem type="tenure" free="265419416" total="805306368" percent="32">
      <mem type="soa" free="257365656" total="797252608" percent="32" />
      <mem type="loa" free="8053760" total="8053760" percent="100" />
    </mem>
    <remembered-set count="103" />
  </mem-info>
</gc-start>
<allocation-stats totalBytes="99254032" >
  <allocated-bytes non-tlh="0" tlh="99254032" />
  <largest-consumer threadName="main" threadId="0000000000016F00" bytes="99249936" />
</allocation-stats>
<gc-op id="2574" type="scavenge" timems="91.007" contextid="2571" timestamp="2022-02-08T16:14:54.348">
  <scavenger-info tenureage="1" tenuremask="7ffe" tiltratio="68" />
  <memory-copied type="nursery" objects="1343829" bytes="76383824" bytesdiscarded="176560" />
  <memory-copied type="tenure" objects="1378684" bytes="75738192" bytesdiscarded="42048" />
  <ownableSynchronizers candidates="2" cleared="2" />
  <object-monitors candidates="2" cleared="0"  />
</gc-op>
<gc-end id="2575" type="scavenge" contextid="2571" durationms="91.155" usertimems="351.276" systemtimems="0.000" stalltimems="6.844" timestamp="2022-02-08T16:14:54.348" activeThreads="4">
  <mem-info id="2576" free="296515056" total="1073741824" percent="27">
    <mem type="nursery" free="107137024" total="268435456" percent="39">
      <mem type="allocate" free="107137024" total="183697408" percent="58" />
      <mem type="survivor" free="0" total="84738048" percent="0" />
    </mem>
    <mem type="tenure" free="189378032" total="805306368" percent="23" macro-fragmented="0">
      <mem type="soa" free="181324272" total="797252608" percent="22" />
      <mem type="loa" free="8053760" total="8053760" percent="100" />
    </mem>
    <remembered-set count="102" />
  </mem-info>
</gc-end>
<cycle-end id="2577" type="scavenge" contextid="2571" timestamp="2022-02-08T16:14:54.348" />
<allocation-satisfied id="2578" threadId="0000000000016F00" bytesRequested="16" />
<af-end id="2579" timestamp="2022-02-08T16:14:54.348" threadId="0000000000017908" success="true" from="nursery"/>
<exclusive-end id="2580" timestamp="2022-02-08T16:14:54.348" durationms="91.403" />

<exclusive-start id="2581" timestamp="2022-02-08T16:14:55.307" intervalms="1049.961">
  <response-info timems="0.021" idlems="0.021" threads="0" lastid="0000000000016F00" lastname="main" />
</exclusive-start>
<af-start id="2582" threadId="0000000000017908" totalBytesRequested="96" timestamp="2022-02-08T16:14:55.307" intervalms="1049.962" type="nursery" />
<cycle-start id="2583" type="scavenge" contextid="0" timestamp="2022-02-08T16:14:55.307" intervalms="1049.964" />
<gc-start id="2584" type="scavenge" contextid="2583" timestamp="2022-02-08T16:14:55.307">
  <mem-info id="2585" free="189378032" total="1073741824" percent="17">
    <mem type="nursery" free="0" total="268435456" percent="0">
      <mem type="allocate" free="0" total="183697408" percent="0" />
      <mem type="survivor" free="0" total="84738048" percent="0" />
    </mem>
    <mem type="tenure" free="189378032" total="805306368" percent="23">
      <mem type="soa" free="181324272" total="797252608" percent="22" />
      <mem type="loa" free="8053760" total="8053760" percent="100" />
    </mem>
    <remembered-set count="133" />
  </mem-info>
</gc-start>
<allocation-stats totalBytes="107090648" >
  <allocated-bytes non-tlh="1590584" tlh="105500064" />
  <largest-consumer threadName="main" threadId="0000000000016F00" bytes="107090648" />
</allocation-stats>
<gc-op id="2586" type="scavenge" timems="83.802" contextid="2583" timestamp="2022-02-08T16:14:55.391">
  <scavenger-info tenureage="1" tenuremask="7ffe" tiltratio="68" />
  <memory-copied type="nursery" objects="1453012" bytes="75370136" bytesdiscarded="99624" />
  <memory-copied type="tenure" objects="1343829" bytes="76383824" bytesdiscarded="40552" />
  <finalization candidates="109" enqueued="53" />
  <references type="soft" candidates="14" cleared="0" enqueued="0" dynamicThreshold="10" maxThreshold="32" />
  <references type="weak" candidates="1" cleared="0" enqueued="0" />
  <references type="phantom" candidates="94" cleared="7" enqueued="7" />
  <object-monitors candidates="2" cleared="0"  />
</gc-op>
<gc-end id="2587" type="scavenge" contextid="2583" durationms="83.970" usertimems="330.991" systemtimems="0.000" stalltimems="3.543" timestamp="2022-02-08T16:14:55.391" activeThreads="4">
  <mem-info id="2588" free="221657480" total="1073741824" percent="20">
    <mem type="nursery" free="108686272" total="268435456" percent="40">
      <mem type="allocate" free="108686272" total="184156160" percent="59" />
      <mem type="survivor" free="0" total="84279296" percent="0" />
    </mem>
    <mem type="tenure" free="112971208" total="805306368" percent="14" macro-fragmented="723458">
      <mem type="soa" free="104917448" total="797252608" percent="13" />
      <mem type="loa" free="8053760" total="8053760" percent="100" />
    </mem>
    <pending-finalizers system="52" default="1" reference="7" classloader="0" />
    <remembered-set count="128" />
  </mem-info>
</gc-end>
<cycle-end id="2589" type="scavenge" contextid="2583" timestamp="2022-02-08T16:14:55.391" />
<allocation-satisfied id="2590" threadId="0000000000016F00" bytesRequested="96" />
<af-end id="2591" timestamp="2022-02-08T16:14:55.391" threadId="0000000000017908" success="true" from="nursery"/>
<exclusive-end id="2592" timestamp="2022-02-08T16:14:55.391" durationms="84.304" />

<concurrent-kickoff id="2593" timestamp="2022-02-08T16:14:56.112">
  <kickoff reason="threshold reached" targetBytes="74446655" thresholdFreeBytes="5774169"  remainingFree="5651200" tenureFreeBytes="112971208" nurseryFreeBytes="5651200" />
</concurrent-kickoff>
<exclusive-start id="2594" timestamp="2022-02-08T16:14:56.115" intervalms="808.731">
  <response-info timems="0.019" idlems="0.019" threads="0" lastid="0000000000016F00" lastname="main" />
</exclusive-start>
<cycle-start id="2595" type="global" contextid="0" timestamp="2022-02-08T16:14:56.115" intervalms="3091.259" />
<concurrent-start id="2596" type="global mark" contextid="2595" timestamp="2022-02-08T16:14:56.115">
</concurrent-start>
<exclusive-end id="2597" timestamp="2022-02-08T16:14:56.115" durationms="0.027" />

<exclusive-start id="2598" timestamp="2022-02-08T16:14:56.263" intervalms="148.070">
  <response-info timems="0.046" idlems="0.046" threads="0" lastid="0000000000016F00" lastname="main" />
</exclusive-start>
<af-start id="2599" threadId="0000000000017908" totalBytesRequested="200" timestamp="2022-02-08T16:14:56.264" intervalms="956.802" type="nursery" />
<cycle-start id="2600" type="scavenge" contextid="0" timestamp="2022-02-08T16:14:56.264" intervalms="956.801" />
<gc-start id="2601" type="scavenge" contextid="2600" timestamp="2022-02-08T16:14:56.264">
  <mem-info id="2602" free="112971208" total="1073741824" percent="10">
    <mem type="nursery" free="0" total="268435456" percent="0">
      <mem type="allocate" free="0" total="184156160" percent="0" />
      <mem type="survivor" free="0" total="84279296" percent="0" />
    </mem>
    <mem type="tenure" free="112971208" total="805306368" percent="14">
      <mem type="soa" free="104917448" total="797252608" percent="13" />
      <mem type="loa" free="8053760" total="8053760" percent="100" />
    </mem>
    <remembered-set count="129" />
  </mem-info>
</gc-start>
<allocation-stats totalBytes="108633064" >
  <allocated-bytes non-tlh="1347776" tlh="107285288" />
  <largest-consumer threadName="main" threadId="0000000000016F00" bytes="108624872" />
</allocation-stats>
<gc-op id="2603" type="scavenge" timems="89.478" contextid="2600" timestamp="2022-02-08T16:14:56.353">
  <scavenger-info tenureage="1" tenuremask="7ffe" tiltratio="68" />
  <memory-copied type="nursery" objects="1383130" bytes="77785904" bytesdiscarded="238952" />
  <memory-copied type="tenure" objects="1452293" bytes="74426968" bytesdiscarded="38880" />
  <finalization candidates="57" enqueued="0" />
  <references type="phantom" candidates="1" cleared="0" enqueued="0" />
  <object-monitors candidates="2" cleared="0"  />
</gc-op>
<gc-end id="2604" type="scavenge" contextid="2600" durationms="89.679" usertimems="353.844" systemtimems="0.000" stalltimems="3.332" timestamp="2022-02-08T16:14:56.353" activeThreads="4">
  <mem-info id="2605" free="142824520" total="1073741824" percent="13">
    <mem type="nursery" free="104230760" total="268435456" percent="38">
      <mem type="allocate" free="104230760" total="182255616" percent="57" />
      <mem type="survivor" free="0" total="86179840" percent="0" />
    </mem>
    <mem type="tenure" free="38593760" total="805306368" percent="4" macro-fragmented="28856645">
      <mem type="soa" free="30540000" total="797252608" percent="3" />
      <mem type="loa" free="8053760" total="8053760" percent="100" />
    </mem>
    <remembered-set count="99" />
  </mem-info>
</gc-end>
<cycle-end id="2606" type="scavenge" contextid="2600" timestamp="2022-02-08T16:14:56.353" />
<allocation-satisfied id="2607" threadId="0000000000016F00" bytesRequested="200" />
<af-end id="2608" timestamp="2022-02-08T16:14:56.353" threadId="0000000000017908" success="true" from="nursery"/>
<exclusive-end id="2609" timestamp="2022-02-08T16:14:56.353" durationms="90.014" />

<concurrent-end id="2610" type="global mark" contextid="2595" timestamp="2022-02-08T16:14:56.475">
<gc-op id="2611" type="trace" timems="359.308" contextid="2595" timestamp="2022-02-08T16:14:56.475">
  <trace bytesTraced="74435732" workStackOverflowCount="0" />
  <card-cleaning reason="card cleaning threshold reached" bytesTraced="808" cardsCleaned="2" />
</gc-op>
</concurrent-end>

<exclusive-start id="2612" timestamp="2022-02-08T16:14:56.475" intervalms="211.307">
  <response-info timems="0.019" idlems="0.019" threads="0" lastid="0000000000016F00" lastname="main" />
</exclusive-start>
<concurrent-global-final id="2613" timestamp="2022-02-08T16:14:56.475" contextid="2595" intervalms="3085.044" >
  <concurrent-trace-info reason="card cleaning threshold reached" tracedByMutators="54019216" tracedByHelpers="20417324" cardsCleaned="2" workStackOverflowCount="0" />
</concurrent-global-final>
<gc-start id="2614" type="global" contextid="2595" timestamp="2022-02-08T16:14:56.475">
  <mem-info id="2615" free="136172416" total="1073741824" percent="12">
    <mem type="nursery" free="97578656" total="268435456" percent="36">
      <mem type="allocate" free="97578656" total="182255616" percent="53" />
      <mem type="survivor" free="0" total="86179840" percent="0" />
    </mem>
    <mem type="tenure" free="38593760" total="805306368" percent="4">
      <mem type="soa" free="30540000" total="797252608" percent="3" />
      <mem type="loa" free="8053760" total="8053760" percent="100" />
    </mem>
    <remembered-set count="99" />
  </mem-info>
</gc-start>
<allocation-stats totalBytes="6649176" >
  <allocated-bytes non-tlh="200" tlh="6648976" />
  <largest-consumer threadName="main" threadId="0000000000016F00" bytes="6649176" />
</allocation-stats>
<gc-op id="2616" type="rs-scan" timems="0.804" contextid="2595" timestamp="2022-02-08T16:14:56.476">
  <scan objectsFound="29" bytesTraced="5124" workStackOverflowCount="0" />
</gc-op>
<gc-op id="2617" type="card-cleaning" timems="161.201" contextid="2595" timestamp="2022-02-08T16:14:56.637">
  <card-cleaning cardsCleaned="9" bytesTraced="71012648" workStackOverflowCount="0" />
</gc-op>
<gc-op id="2618" type="mark" timems="60.456" contextid="2595" timestamp="2022-02-08T16:14:56.697">
  <trace-info objectcount="2070107" scancount="1554108" scanbytes="33221992" />
  <finalization candidates="428" enqueued="57" />
  <ownableSynchronizers candidates="1" cleared="0" />
  <references type="soft" candidates="894" cleared="0" enqueued="0" dynamicThreshold="10" maxThreshold="32" />
  <references type="weak" candidates="1701" cleared="0" enqueued="0" />
  <references type="phantom" candidates="52" cleared="2" enqueued="2" />
  <stringconstants candidates="6471" cleared="0"  />
  <object-monitors candidates="2" cleared="0"  />
</gc-op>
<gc-op id="2619" type="sweep" timems="4.779" contextid="2595" timestamp="2022-02-08T16:14:56.702" />
<gc-end id="2620" type="global" contextid="2595" durationms="227.453" usertimems="240.834" systemtimems="2.397" stalltimems="179.935" timestamp="2022-02-08T16:14:56.702" activeThreads="4">
  <mem-info id="2621" free="379398160" total="1073741824" percent="35">
    <mem type="nursery" free="97910056" total="268435456" percent="36">
      <mem type="allocate" free="97910056" total="182255616" percent="53" />
      <mem type="survivor" free="0" total="86179840" percent="0" />
    </mem>
    <mem type="tenure" free="281488104" total="805306368" percent="34" micro-fragmented="368533" macro-fragmented="0">
      <mem type="soa" free="273434344" total="797252608" percent="34" />
      <mem type="loa" free="8053760" total="8053760" percent="100" />
    </mem>
    <pending-finalizers system="57" default="0" reference="2" classloader="0" />
    <remembered-set count="99" />
  </mem-info>
</gc-end>
<cycle-end id="2622" type="global" contextid="2595" timestamp="2022-02-08T16:14:56.702" />
<exclusive-end id="2623" timestamp="2022-02-08T16:14:56.702" durationms="227.679" />

<exclusive-start id="2624" timestamp="2022-02-08T16:14:57.363" intervalms="887.884">
  <response-info timems="0.022" idlems="0.022" threads="0" lastid="0000000000016F00" lastname="main" />
</exclusive-start>
<af-start id="2625" threadId="0000000000017908" totalBytesRequested="208" timestamp="2022-02-08T16:14:57.363" intervalms="1099.189" type="nursery" />
<cycle-start id="2626" type="scavenge" contextid="0" timestamp="2022-02-08T16:14:57.363" intervalms="1099.191" />
<gc-start id="2627" type="scavenge" contextid="2626" timestamp="2022-02-08T16:14:57.363">
  <mem-info id="2628" free="281488104" total="1073741824" percent="26">
    <mem type="nursery" free="0" total="268435456" percent="0">
      <mem type="allocate" free="0" total="182255616" percent="0" />
      <mem type="survivor" free="0" total="86179840" percent="0" />
    </mem>
    <mem type="tenure" free="281488104" total="805306368" percent="34">
      <mem type="soa" free="273434344" total="797252608" percent="34" />
      <mem type="loa" free="8053760" total="8053760" percent="100" />
    </mem>
    <remembered-set count="102" />
  </mem-info>
</gc-start>
<allocation-stats totalBytes="97863936" >
  <allocated-bytes non-tlh="0" tlh="97863936" />
  <largest-consumer threadName="main" threadId="0000000000016F00" bytes="97859840" />
</allocation-stats>
<gc-op id="2629" type="scavenge" timems="94.758" contextid="2626" timestamp="2022-02-08T16:14:57.458">
  <scavenger-info tenureage="1" tenuremask="7ffe" tiltratio="67" />
  <memory-copied type="nursery" objects="1308531" bytes="74208000" bytesdiscarded="255488" />
  <memory-copied type="tenure" objects="1383129" bytes="77785792" bytesdiscarded="42304" />
  <finalization candidates="1" enqueued="0" />
  <ownableSynchronizers candidates="2" cleared="2" />
  <object-monitors candidates="2" cleared="0"  />
</gc-op>
<gc-end id="2630" type="scavenge" contextid="2626" durationms="95.077" usertimems="349.403" systemtimems="5.646" stalltimems="3.269" timestamp="2022-02-08T16:14:57.458" activeThreads="4">
  <mem-info id="2631" free="311698424" total="1073741824" percent="29">
    <mem type="nursery" free="108250880" total="268435456" percent="40">
      <mem type="allocate" free="108250880" total="182714368" percent="59" />
      <mem type="survivor" free="0" total="85721088" percent="0" />
    </mem>
    <mem type="tenure" free="203447544" total="805306368" percent="25" macro-fragmented="0">
      <mem type="soa" free="195393784" total="797252608" percent="24" />
      <mem type="loa" free="8053760" total="8053760" percent="100" />
    </mem>
    <remembered-set count="102" />
  </mem-info>
</gc-end>
<cycle-end id="2632" type="scavenge" contextid="2626" timestamp="2022-02-08T16:14:57.458" />
<allocation-satisfied id="2633" threadId="0000000000016F00" bytesRequested="208" />
<af-end id="2634" timestamp="2022-02-08T16:14:57.458" threadId="0000000000017908" success="true" from="nursery"/>
<exclusive-end id="2635" timestamp="2022-02-08T16:14:57.458" durationms="95.439" />

<exclusive-start id="2636" timestamp="2022-02-08T16:14:58.395" intervalms="1032.669">
  <response-info timems="0.025" idlems="0.025" threads="0" lastid="0000000000016F00" lastname="main" />
</exclusive-start>
<af-start id="2637" threadId="0000000000017908" totalBytesRequested="24" timestamp="2022-02-08T16:14:58.395" intervalms="1032.683" type="nursery" />
<cycle-start id="2638" type="scavenge" contextid="0" timestamp="2022-02-08T16:14:58.395" intervalms="1032.688" />
<gc-start id="2639" type="scavenge" contextid="2638" timestamp="2022-02-08T16:14:58.395">
  <mem-info id="2640" free="203447544" total="1073741824" percent="18">
    <mem type="nursery" free="0" total="268435456" percent="0">
      <mem type="allocate" free="0" total="182714368" percent="0" />
      <mem type="survivor" free="0" total="85721088" percent="0" />
    </mem>
    <mem type="tenure" free="203447544" total="805306368" percent="25">
      <mem type="soa" free="195393784" total="797252608" percent="24" />
      <mem type="loa" free="8053760" total="8053760" percent="100" />
    </mem>
    <remembered-set count="133" />
  </mem-info>
</gc-start>
<allocation-stats totalBytes="108203832" >
  <allocated-bytes non-tlh="1590776" tlh="106613056" />
  <largest-consumer threadName="main" threadId="0000000000016F00" bytes="108203832" />
</allocation-stats>
<gc-op id="2641" type="scavenge" timems="92.514" contextid="2638" timestamp="2022-02-08T16:14:58.488">
  <scavenger-info tenureage="1" tenuremask="7ffe" tiltratio="68" />
  <memory-copied type="nursery" objects="1489857" bytes="76199880" bytesdiscarded="199288" />
  <memory-copied type="tenure" objects="1308530" bytes="74207888" bytesdiscarded="39784" />
  <finalization candidates="109" enqueued="53" />
  <references type="soft" candidates="14" cleared="0" enqueued="0" dynamicThreshold="11" maxThreshold="32" />
  <references type="weak" candidates="1" cleared="0" enqueued="0" />
  <references type="phantom" candidates="94" cleared="7" enqueued="7" />
  <object-monitors candidates="2" cleared="0"  />
</gc-op>
<gc-end id="2642" type="scavenge" contextid="2638" durationms="92.733" usertimems="359.740" systemtimems="0.000" stalltimems="3.210" timestamp="2022-02-08T16:14:58.488" activeThreads="4">
  <mem-info id="2643" free="235624232" total="1073741824" percent="21">
    <mem type="nursery" free="106511680" total="268435456" percent="39">
      <mem type="allocate" free="106511680" total="182910976" percent="58" />
      <mem type="survivor" free="0" total="85524480" percent="0" />
    </mem>
    <mem type="tenure" free="129112552" total="805306368" percent="16" macro-fragmented="0">
      <mem type="soa" free="121058792" total="797252608" percent="15" />
      <mem type="loa" free="8053760" total="8053760" percent="100" />
    </mem>
    <pending-finalizers system="52" default="1" reference="7" classloader="0" />
    <remembered-set count="129" />
  </mem-info>
</gc-end>
<cycle-end id="2644" type="scavenge" contextid="2638" timestamp="2022-02-08T16:14:58.488" />
<allocation-satisfied id="2645" threadId="0000000000016F00" bytesRequested="24" />
<af-end id="2646" timestamp="2022-02-08T16:14:58.488" threadId="0000000000017908" success="true" from="nursery"/>
<exclusive-end id="2647" timestamp="2022-02-08T16:14:58.488" durationms="93.001" />

<concurrent-kickoff id="2648" timestamp="2022-02-08T16:14:59.270">
  <kickoff reason="threshold reached" targetBytes="74444631" thresholdFreeBytes="5771836"  remainingFree="5651776" tenureFreeBytes="129112552" nurseryFreeBytes="5651776" />
</concurrent-kickoff>
<exclusive-start id="2649" timestamp="2022-02-08T16:14:59.274" intervalms="878.225">
  <response-info timems="0.026" idlems="0.026" threads="0" lastid="0000000000016F00" lastname="main" />
</exclusive-start>
<cycle-start id="2650" type="global" contextid="0" timestamp="2022-02-08T16:14:59.274" intervalms="3158.157" />
<concurrent-start id="2651" type="global mark" contextid="2650" timestamp="2022-02-08T16:14:59.274">
</concurrent-start>
<exclusive-end id="2652" timestamp="2022-02-08T16:14:59.274" durationms="0.054" />

<exclusive-start id="2653" timestamp="2022-02-08T16:14:59.401" intervalms="127.609">
  <response-info timems="0.022" idlems="0.022" threads="0" lastid="0000000000016F00" lastname="main" />
</exclusive-start>
<af-start id="2654" threadId="0000000000017908" totalBytesRequested="192" timestamp="2022-02-08T16:14:59.401" intervalms="1005.831" type="nursery" />
<cycle-start id="2655" type="scavenge" contextid="0" timestamp="2022-02-08T16:14:59.401" intervalms="1005.829" />
<gc-start id="2656" type="scavenge" contextid="2655" timestamp="2022-02-08T16:14:59.401">
  <mem-info id="2657" free="129112552" total="1073741824" percent="12">
    <mem type="nursery" free="0" total="268435456" percent="0">
      <mem type="allocate" free="0" total="182910976" percent="0" />
      <mem type="survivor" free="0" total="85524480" percent="0" />
    </mem>
    <mem type="tenure" free="129112552" total="805306368" percent="16">
      <mem type="soa" free="121058792" total="797252608" percent="15" />
      <mem type="loa" free="8053760" total="8053760" percent="100" />
    </mem>
    <remembered-set count="130" />
  </mem-info>
</gc-start>
<allocation-stats totalBytes="106459736" >
  <allocated-bytes non-tlh="1347704" tlh="105112032" />
  <largest-consumer threadName="main" threadId="0000000000016F00" bytes="106451544" />
</allocation-stats>
<gc-op id="2658" type="scavenge" timems="90.696" contextid="2655" timestamp="2022-02-08T16:14:59.492">
  <scavenger-info tenureage="1" tenuremask="7ffe" tiltratio="68" />
  <memory-copied type="nursery" objects="1330916" bytes="76191320" bytesdiscarded="113808" />
  <memory-copied type="tenure" objects="1489138" bytes="75256712" bytesdiscarded="38456" />
  <finalization candidates="57" enqueued="0" />
  <references type="phantom" candidates="1" cleared="0" enqueued="0" />
  <object-monitors candidates="2" cleared="0"  />
</gc-op>
<gc-end id="2659" type="scavenge" contextid="2655" durationms="90.943" usertimems="359.589" systemtimems="0.000" stalltimems="1.875" timestamp="2022-02-08T16:14:59.492" activeThreads="4">
  <mem-info id="2660" free="161311512" total="1073741824" percent="15">
    <mem type="nursery" free="107261208" total="268435456" percent="39">
      <mem type="allocate" free="107261208" total="183566336" percent="58" />
      <mem type="survivor" free="0" total="84869120" percent="0" />
    </mem>
    <mem type="tenure" free="54050304" total="805306368" percent="6" macro-fragmented="0">
      <mem type="soa" free="45996544" total="797252608" percent="5" />
      <mem type="loa" free="8053760" total="8053760" percent="100" />
    </mem>
    <remembered-set count="98" />
  </mem-info>
</gc-end>
<cycle-end id="2661" type="scavenge" contextid="2655" timestamp="2022-02-08T16:14:59.492" />
<allocation-satisfied id="2662" threadId="0000000000016F00" bytesRequested="192" />
<af-end id="2663" timestamp="2022-02-08T16:14:59.492" threadId="0000000000017908" success="true" from="nursery"/>
<exclusive-end id="2664" timestamp="2022-02-08T16:14:59.492" durationms="91.295" />

<concurrent-end id="2665" type="global mark" contextid="2650" timestamp="2022-02-08T16:14:59.631">
<gc-op id="2666" type="trace" timems="357.368" contextid="2650" timestamp="2022-02-08T16:14:59.631">
  <trace bytesTraced="74435940" workStackOverflowCount="0" />
  <card-cleaning reason="card cleaning threshold reached" bytesTraced="808" cardsCleaned="2" />
</gc-op>
</concurrent-end>

<exclusive-start id="2667" timestamp="2022-02-08T16:14:59.631" intervalms="229.864">
  <response-info timems="0.020" idlems="0.020" threads="0" lastid="0000000000016F00" lastname="main" />
</exclusive-start>
<concurrent-global-final id="2668" timestamp="2022-02-08T16:14:59.631" contextid="2650" intervalms="3156.252" >
  <concurrent-trace-info reason="card cleaning threshold reached" tracedByMutators="54390996" tracedByHelpers="20045752" cardsCleaned="2" workStackOverflowCount="0" />
</concurrent-global-final>
<gc-start id="2669" type="global" contextid="2650" timestamp="2022-02-08T16:14:59.631">
  <mem-info id="2670" free="151251544" total="1073741824" percent="14">
    <mem type="nursery" free="97201240" total="268435456" percent="36">
      <mem type="allocate" free="97201240" total="183566336" percent="52" />
      <mem type="survivor" free="0" total="84869120" percent="0" />
    </mem>
    <mem type="tenure" free="54050304" total="805306368" percent="6">
      <mem type="soa" free="45996544" total="797252608" percent="5" />
      <mem type="loa" free="8053760" total="8053760" percent="100" />
    </mem>
    <remembered-set count="98" />
  </mem-info>
</gc-start>
<allocation-stats totalBytes="10055664" >
  <allocated-bytes non-tlh="192" tlh="10055472" />
  <largest-consumer threadName="main" threadId="0000000000016F00" bytes="10055664" />
</allocation-stats>
<gc-op id="2671" type="rs-scan" timems="0.999" contextid="2650" timestamp="2022-02-08T16:14:59.632">
  <scan objectsFound="29" bytesTraced="5124" workStackOverflowCount="0" />
</gc-op>
<gc-op id="2672" type="card-cleaning" timems="152.240" contextid="2650" timestamp="2022-02-08T16:14:59.784">
  <card-cleaning cardsCleaned="9" bytesTraced="71012648" workStackOverflowCount="0" />
</gc-op>
<gc-op id="2673" type="mark" timems="52.253" contextid="2650" timestamp="2022-02-08T16:14:59.837">
  <trace-info objectcount="1816586" scancount="1363967" scanbytes="29165672" />
  <finalization candidates="428" enqueued="57" />
  <ownableSynchronizers candidates="1" cleared="0" />
  <references type="soft" candidates="894" cleared="0" enqueued="0" dynamicThreshold="11" maxThreshold="32" />
  <references type="weak" candidates="1701" cleared="0" enqueued="0" />
  <references type="phantom" candidates="52" cleared="2" enqueued="2" />
  <stringconstants candidates="6471" cleared="0"  />
  <object-monitors candidates="2" cleared="0"  />
</gc-op>
<gc-op id="2674" type="sweep" timems="7.223" contextid="2650" timestamp="2022-02-08T16:14:59.844" />
<gc-end id="2675" type="global" contextid="2650" durationms="213.143" usertimems="230.454" systemtimems="0.000" stalltimems="156.308" timestamp="2022-02-08T16:14:59.844" activeThreads="4">
  <mem-info id="2676" free="394254432" total="1073741824" percent="36">
    <mem type="nursery" free="97407216" total="268435456" percent="36">
      <mem type="allocate" free="97407216" total="183566336" percent="53" />
      <mem type="survivor" free="0" total="84869120" percent="0" />
    </mem>
    <mem type="tenure" free="296847216" total="805306368" percent="36" micro-fragmented="284132" macro-fragmented="0">
      <mem type="soa" free="288793456" total="797252608" percent="36" />
      <mem type="loa" free="8053760" total="8053760" percent="100" />
    </mem>
    <pending-finalizers system="57" default="0" reference="2" classloader="0" />
    <remembered-set count="98" />
  </mem-info>
</gc-end>
<cycle-end id="2677" type="global" contextid="2650" timestamp="2022-02-08T16:14:59.844" />
<exclusive-end id="2678" timestamp="2022-02-08T16:14:59.845" durationms="213.462" />

<exclusive-start id="2679" timestamp="2022-02-08T16:15:00.516" intervalms="884.723">
  <response-info timems="0.019" idlems="0.019" threads="0" lastid="0000000000016F00" lastname="main" />
</exclusive-start>
<af-start id="2680" threadId="0000000000017908" totalBytesRequested="104" timestamp="2022-02-08T16:15:00.516" intervalms="1114.577" type="nursery" />
<cycle-start id="2681" type="scavenge" contextid="0" timestamp="2022-02-08T16:15:00.516" intervalms="1114.582" />
<gc-start id="2682" type="scavenge" contextid="2681" timestamp="2022-02-08T16:15:00.516">
  <mem-info id="2683" free="296847216" total="1073741824" percent="27">
    <mem type="nursery" free="0" total="268435456" percent="0">
      <mem type="allocate" free="0" total="183566336" percent="0" />
      <mem type="survivor" free="0" total="84869120" percent="0" />
    </mem>
    <mem type="tenure" free="296847216" total="805306368" percent="36">
      <mem type="soa" free="288793456" total="797252608" percent="36" />
      <mem type="loa" free="8053760" total="8053760" percent="100" />
    </mem>
    <remembered-set count="101" />
  </mem-info>
</gc-start>
<allocation-stats totalBytes="97359672" >
  <allocated-bytes non-tlh="0" tlh="97359672" />
  <largest-consumer threadName="main" threadId="0000000000016F00" bytes="97355576" />
</allocation-stats>
<gc-op id="2684" type="scavenge" timems="87.373" contextid="2681" timestamp="2022-02-08T16:15:00.603">
  <scavenger-info tenureage="1" tenuremask="7ffe" tiltratio="68" />
  <memory-copied type="nursery" objects="1354890" bytes="76301184" bytesdiscarded="361040" />
  <memory-copied type="tenure" objects="1330915" bytes="76191216" bytesdiscarded="45296" />
  <finalization candidates="1" enqueued="0" />
  <ownableSynchronizers candidates="2" cleared="2" />
  <object-monitors candidates="2" cleared="0"  />
</gc-op>
<gc-end id="2685" type="scavenge" contextid="2681" durationms="87.591" usertimems="340.941" systemtimems="2.902" stalltimems="3.990" timestamp="2022-02-08T16:15:00.603" activeThreads="4">
  <mem-info id="2686" free="327714048" total="1073741824" percent="30">
    <mem type="nursery" free="107362864" total="268435456" percent="39">
      <mem type="allocate" free="107362864" total="184025088" percent="58" />
      <mem type="survivor" free="0" total="84410368" percent="0" />
    </mem>
    <mem type="tenure" free="220351184" total="805306368" percent="27" macro-fragmented="0">
      <mem type="soa" free="212297424" total="797252608" percent="26" />
      <mem type="loa" free="8053760" total="8053760" percent="100" />
    </mem>
    <remembered-set count="102" />
  </mem-info>
</gc-end>
<cycle-end id="2687" type="scavenge" contextid="2681" timestamp="2022-02-08T16:15:00.604" />
<allocation-satisfied id="2688" threadId="0000000000016F00" bytesRequested="104" />
<af-end id="2689" timestamp="2022-02-08T16:15:00.604" threadId="0000000000017908" success="true" from="nursery"/>
<exclusive-end id="2690" timestamp="2022-02-08T16:15:00.604" durationms="87.843" />

<exclusive-start id="2691" timestamp="2022-02-08T16:15:01.470" intervalms="954.604">
  <response-info timems="0.019" idlems="0.019" threads="0" lastid="0000000000016F00" lastname="main" />
</exclusive-start>
<af-start id="2692" threadId="0000000000017908" totalBytesRequested="8208" timestamp="2022-02-08T16:15:01.470" intervalms="954.600" type="nursery" />
<cycle-start id="2693" type="scavenge" contextid="0" timestamp="2022-02-08T16:15:01.470" intervalms="954.589" />
<gc-start id="2694" type="scavenge" contextid="2693" timestamp="2022-02-08T16:15:01.470">
  <mem-info id="2695" free="220351184" total="1073741824" percent="20">
    <mem type="nursery" free="0" total="268435456" percent="0">
      <mem type="allocate" free="0" total="184025088" percent="0" />
      <mem type="survivor" free="0" total="84410368" percent="0" />
    </mem>
    <mem type="tenure" free="220351184" total="805306368" percent="27">
      <mem type="soa" free="212297424" total="797252608" percent="26" />
      <mem type="loa" free="8053760" total="8053760" percent="100" />
    </mem>
    <remembered-set count="133" />
  </mem-info>
</gc-start>
<allocation-stats totalBytes="107312016" >
  <allocated-bytes non-tlh="848808" tlh="106463208" />
  <largest-consumer threadName="main" threadId="0000000000016F00" bytes="107312016" />
</allocation-stats>
<gc-op id="2696" type="scavenge" timems="85.452" contextid="2693" timestamp="2022-02-08T16:15:01.556">
  <scavenger-info tenureage="1" tenuremask="7ffe" tiltratio="68" />
  <memory-copied type="nursery" objects="1447645" bytes="75607416" bytesdiscarded="140248" />
  <memory-copied type="tenure" objects="1354890" bytes="76301184" bytesdiscarded="40656" />
  <finalization candidates="88" enqueued="48" />
  <references type="soft" candidates="14" cleared="0" enqueued="0" dynamicThreshold="11" maxThreshold="32" />
  <references type="weak" candidates="1" cleared="0" enqueued="0" />
  <references type="phantom" candidates="74" cleared="7" enqueued="7" />
  <object-monitors candidates="2" cleared="0"  />
</gc-op>
<gc-end id="2697" type="scavenge" contextid="2693" durationms="85.687" usertimems="331.808" systemtimems="0.031" stalltimems="4.727" timestamp="2022-02-08T16:15:01.556" activeThreads="4">
  <mem-info id="2698" free="252708560" total="1073741824" percent="23">
    <mem type="nursery" free="108670512" total="268435456" percent="40">
      <mem type="allocate" free="108670512" total="184418304" percent="58" />
      <mem type="survivor" free="0" total="84017152" percent="0" />
    </mem>
    <mem type="tenure" free="144038048" total="805306368" percent="17" macro-fragmented="0">
      <mem type="soa" free="135984288" total="797252608" percent="17" />
      <mem type="loa" free="8053760" total="8053760" percent="100" />
    </mem>
    <pending-finalizers system="47" default="1" reference="7" classloader="0" />
    <remembered-set count="129" />
  </mem-info>
</gc-end>
<cycle-end id="2699" type="scavenge" contextid="2693" timestamp="2022-02-08T16:15:01.556" />
<allocation-satisfied id="2700" threadId="0000000000016F00" bytesRequested="8208" />
<af-end id="2701" timestamp="2022-02-08T16:15:01.556" threadId="0000000000017908" success="true" from="nursery"/>
<exclusive-end id="2702" timestamp="2022-02-08T16:15:01.556" durationms="85.974" />

<concurrent-kickoff id="2703" timestamp="2022-02-08T16:15:02.291">
  <kickoff reason="threshold reached" targetBytes="74443049" thresholdFreeBytes="5766630"  remainingFree="5748776" tenureFreeBytes="144038048" nurseryFreeBytes="5748776" />
</concurrent-kickoff>
<exclusive-start id="2704" timestamp="2022-02-08T16:15:02.294" intervalms="824.090">
  <response-info timems="0.023" idlems="0.023" threads="0" lastid="0000000000016F00" lastname="main" />
</exclusive-start>
<cycle-start id="2705" type="global" contextid="0" timestamp="2022-02-08T16:15:02.294" intervalms="3020.900" />
<concurrent-start id="2706" type="global mark" contextid="2705" timestamp="2022-02-08T16:15:02.294">
</concurrent-start>
<exclusive-end id="2707" timestamp="2022-02-08T16:15:02.294" durationms="0.042" />

<exclusive-start id="2708" timestamp="2022-02-08T16:15:02.474" intervalms="179.313">
  <response-info timems="0.018" idlems="0.018" threads="0" lastid="0000000000016F00" lastname="main" />
</exclusive-start>
<af-start id="2709" threadId="0000000000017908" totalBytesRequested="184" timestamp="2022-02-08T16:15:02.474" intervalms="1003.406" type="nursery" />
<cycle-start id="2710" type="scavenge" contextid="0" timestamp="2022-02-08T16:15:02.474" intervalms="1003.408" />
<gc-start id="2711" type="scavenge" contextid="2710" timestamp="2022-02-08T16:15:02.474">
  <mem-info id="2712" free="144038048" total="1073741824" percent="13">
    <mem type="nursery" free="0" total="268435456" percent="0">
      <mem type="allocate" free="0" total="184418304" percent="0" />
      <mem type="survivor" free="0" total="84017152" percent="0" />
    </mem>
    <mem type="tenure" free="144038048" total="805306368" percent="17">
      <mem type="soa" free="135984288" total="797252608" percent="17" />
      <mem type="loa" free="8053760" total="8053760" percent="100" />
    </mem>
    <remembered-set count="130" />
  </mem-info>
</gc-start>
<allocation-stats totalBytes="108618040" >
  <allocated-bytes non-tlh="2168328" tlh="106449712" />
  <largest-consumer threadName="main" threadId="0000000000016F00" bytes="108609848" />
</allocation-stats>
<gc-op id="2713" type="scavenge" timems="89.015" contextid="2710" timestamp="2022-02-08T16:15:02.563">
  <scavenger-info tenureage="1" tenuremask="7ffe" tiltratio="68" />
  <memory-copied type="nursery" objects="1391810" bytes="77216696" bytesdiscarded="206280" />
  <memory-copied type="tenure" objects="1446980" bytes="75179832" bytesdiscarded="40800" />
  <finalization candidates="62" enqueued="5" />
  <references type="phantom" candidates="21" cleared="0" enqueued="0" />
  <object-monitors candidates="2" cleared="0"  />
</gc-op>
<gc-end id="2714" type="scavenge" contextid="2710" durationms="89.231" usertimems="349.354" systemtimems="0.000" stalltimems="2.389" timestamp="2022-02-08T16:15:02.563" activeThreads="4">
  <mem-info id="2715" free="174928024" total="1073741824" percent="16">
    <mem type="nursery" free="106077824" total="268435456" percent="39">
      <mem type="allocate" free="106077824" total="183500800" percent="57" />
      <mem type="survivor" free="0" total="84934656" percent="0" />
    </mem>
    <mem type="tenure" free="68850200" total="805306368" percent="8" macro-fragmented="16050736">
      <mem type="soa" free="60796440" total="797252608" percent="7" />
      <mem type="loa" free="8053760" total="8053760" percent="100" />
    </mem>
    <pending-finalizers system="5" default="0" reference="0" classloader="0" />
    <remembered-set count="102" />
  </mem-info>
</gc-end>
<cycle-end id="2716" type="scavenge" contextid="2710" timestamp="2022-02-08T16:15:02.563" />
<allocation-satisfied id="2717" threadId="0000000000016F00" bytesRequested="184" />
<af-end id="2718" timestamp="2022-02-08T16:15:02.563" threadId="0000000000017908" success="true" from="nursery"/>
<exclusive-end id="2719" timestamp="2022-02-08T16:15:02.563" durationms="89.526" />

<concurrent-end id="2720" type="global mark" contextid="2705" timestamp="2022-02-08T16:15:02.686">
<gc-op id="2721" type="trace" timems="391.991" contextid="2705" timestamp="2022-02-08T16:15:02.686">
  <trace bytesTraced="74437196" workStackOverflowCount="0" />
  <card-cleaning reason="card cleaning threshold reached" bytesTraced="808" cardsCleaned="2" />
</gc-op>
</concurrent-end>

<exclusive-start id="2722" timestamp="2022-02-08T16:15:02.687" intervalms="212.766">
  <response-info timems="0.022" idlems="0.022" threads="0" lastid="0000000000016F00" lastname="main" />
</exclusive-start>
<concurrent-global-final id="2723" timestamp="2022-02-08T16:15:02.687" contextid="2705" intervalms="3055.505" >
  <concurrent-trace-info reason="card cleaning threshold reached" tracedByMutators="48397216" tracedByHelpers="26040788" cardsCleaned="2" workStackOverflowCount="0" />
</concurrent-global-final>
<gc-start id="2724" type="global" contextid="2705" timestamp="2022-02-08T16:15:02.687">
  <mem-info id="2725" free="164863968" total="1073741824" percent="15">
    <mem type="nursery" free="96013768" total="268435456" percent="35">
      <mem type="allocate" free="96013768" total="183500800" percent="52" />
      <mem type="survivor" free="0" total="84934656" percent="0" />
    </mem>
    <mem type="tenure" free="68850200" total="805306368" percent="8">
      <mem type="soa" free="60796440" total="797252608" percent="7" />
      <mem type="loa" free="8053760" total="8053760" percent="100" />
    </mem>
    <remembered-set count="102" />
  </mem-info>
</gc-start>
<allocation-stats totalBytes="10058096" >
  <allocated-bytes non-tlh="184" tlh="10057912" />
  <largest-consumer threadName="main" threadId="0000000000016F00" bytes="10054000" />
</allocation-stats>
<gc-op id="2726" type="rs-scan" timems="0.543" contextid="2705" timestamp="2022-02-08T16:15:02.687">
  <scan objectsFound="17" bytesTraced="4612" workStackOverflowCount="0" />
</gc-op>
<gc-op id="2727" type="card-cleaning" timems="156.543" contextid="2705" timestamp="2022-02-08T16:15:02.844">
  <card-cleaning cardsCleaned="11" bytesTraced="71012832" workStackOverflowCount="0" />
</gc-op>
<gc-op id="2728" type="mark" timems="45.450" contextid="2705" timestamp="2022-02-08T16:15:02.889">
  <trace-info objectcount="1574893" scancount="1182696" scanbytes="25298608" />
  <finalization candidates="428" enqueued="57" />
  <ownableSynchronizers candidates="1" cleared="0" />
  <references type="soft" candidates="894" cleared="0" enqueued="0" dynamicThreshold="11" maxThreshold="32" />
  <references type="weak" candidates="1701" cleared="0" enqueued="0" />
  <references type="phantom" candidates="53" cleared="2" enqueued="2" />
  <stringconstants candidates="6471" cleared="0"  />
  <object-monitors candidates="2" cleared="0"  />
</gc-op>
<gc-op id="2729" type="sweep" timems="5.690" contextid="2705" timestamp="2022-02-08T16:15:02.895" />
<gc-end id="2730" type="global" contextid="2705" durationms="208.454" usertimems="221.043" systemtimems="4.484" stalltimems="136.119" timestamp="2022-02-08T16:15:02.895" activeThreads="4">
  <mem-info id="2731" free="408134832" total="1073741824" percent="38">
    <mem type="nursery" free="96351240" total="268435456" percent="35">
      <mem type="allocate" free="96351240" total="183500800" percent="52" />
      <mem type="survivor" free="0" total="84934656" percent="0" />
    </mem>
    <mem type="tenure" free="311783592" total="805306368" percent="38" micro-fragmented="309351" macro-fragmented="0">
      <mem type="soa" free="303729832" total="797252608" percent="38" />
      <mem type="loa" free="8053760" total="8053760" percent="100" />
    </mem>
    <pending-finalizers system="57" default="0" reference="2" classloader="0" />
    <remembered-set count="102" />
  </mem-info>
</gc-end>
<cycle-end id="2732" type="global" contextid="2705" timestamp="2022-02-08T16:15:02.895" />
<exclusive-end id="2733" timestamp="2022-02-08T16:15:02.895" durationms="208.865" />

<exclusive-start id="2734" timestamp="2022-02-08T16:15:03.559" intervalms="872.448">
  <response-info timems="0.104" idlems="0.104" threads="0" lastid="0000000000016F00" lastname="main" />
</exclusive-start>
<af-start id="2735" threadId="0000000000017908" totalBytesRequested="200" timestamp="2022-02-08T16:15:03.559" intervalms="1085.501" type="nursery" />
<cycle-start id="2736" type="scavenge" contextid="0" timestamp="2022-02-08T16:15:03.559" intervalms="1085.563" />
<gc-start id="2737" type="scavenge" contextid="2736" timestamp="2022-02-08T16:15:03.560">
  <mem-info id="2738" free="311783592" total="1073741824" percent="29">
    <mem type="nursery" free="0" total="268435456" percent="0">
      <mem type="allocate" free="0" total="183500800" percent="0" />
      <mem type="survivor" free="0" total="84934656" percent="0" />
    </mem>
    <mem type="tenure" free="311783592" total="805306368" percent="38">
      <mem type="soa" free="303729832" total="797252608" percent="38" />
      <mem type="loa" free="8053760" total="8053760" percent="100" />
    </mem>
    <remembered-set count="105" />
  </mem-info>
</gc-start>
<allocation-stats totalBytes="96307112" >
  <allocated-bytes non-tlh="0" tlh="96307112" />
  <largest-consumer threadName="main" threadId="0000000000016F00" bytes="96303016" />
</allocation-stats>
<gc-op id="2739" type="scavenge" timems="77.518" contextid="2736" timestamp="2022-02-08T16:15:03.637">
  <scavenger-info tenureage="1" tenuremask="7ffe" tiltratio="68" />
  <memory-copied type="nursery" objects="1337007" bytes="75548968" bytesdiscarded="370912" />
  <memory-copied type="tenure" objects="1391761" bytes="77182192" bytesdiscarded="42872" />
  <finalization candidates="18" enqueued="0" />
  <ownableSynchronizers candidates="2" cleared="2" />
  <object-monitors candidates="2" cleared="0"  />
</gc-op>
<gc-end id="2740" type="scavenge" contextid="2736" durationms="77.701" usertimems="304.152" systemtimems="0.138" stalltimems="4.318" timestamp="2022-02-08T16:15:03.637" activeThreads="4">
  <mem-info id="2741" free="342356200" total="1073741824" percent="31">
    <mem type="nursery" free="107908600" total="268435456" percent="40">
      <mem type="allocate" free="107908600" total="183828480" percent="58" />
      <mem type="survivor" free="0" total="84606976" percent="0" />
    </mem>
    <mem type="tenure" free="234447600" total="805306368" percent="29" macro-fragmented="0">
      <mem type="soa" free="226393840" total="797252608" percent="28" />
      <mem type="loa" free="8053760" total="8053760" percent="100" />
    </mem>
    <remembered-set count="102" />
  </mem-info>
</gc-end>
<cycle-end id="2742" type="scavenge" contextid="2736" timestamp="2022-02-08T16:15:03.637" />
<allocation-satisfied id="2743" threadId="0000000000016F00" bytesRequested="200" />
<af-end id="2744" timestamp="2022-02-08T16:15:03.637" threadId="0000000000017908" success="true" from="nursery"/>
<exclusive-end id="2745" timestamp="2022-02-08T16:15:03.637" durationms="78.474" />

<exclusive-start id="2746" timestamp="2022-02-08T16:15:04.362" intervalms="802.734">
  <response-info timems="0.023" idlems="0.023" threads="0" lastid="0000000000016F00" lastname="main" />
</exclusive-start>
<af-start id="2747" threadId="0000000000017908" totalBytesRequested="23176" timestamp="2022-02-08T16:15:04.362" intervalms="802.463" type="nursery" />
<cycle-start id="2748" type="scavenge" contextid="0" timestamp="2022-02-08T16:15:04.362" intervalms="802.403" />
<gc-start id="2749" type="scavenge" contextid="2748" timestamp="2022-02-08T16:15:04.362">
  <mem-info id="2750" free="234447600" total="1073741824" percent="21">
    <mem type="nursery" free="0" total="268435456" percent="0">
      <mem type="allocate" free="0" total="183828480" percent="0" />
      <mem type="survivor" free="0" total="84606976" percent="0" />
    </mem>
    <mem type="tenure" free="234447600" total="805306368" percent="29">
      <mem type="soa" free="226393840" total="797252608" percent="28" />
      <mem type="loa" free="8053760" total="8053760" percent="100" />
    </mem>
    <remembered-set count="110" />
  </mem-info>
</gc-start>
<allocation-stats totalBytes="107849568" >
  <allocated-bytes non-tlh="200" tlh="107849368" />
  <largest-consumer threadName="main" threadId="0000000000016F00" bytes="107849568" />
</allocation-stats>
<gc-op id="2751" type="scavenge" timems="81.842" contextid="2748" timestamp="2022-02-08T16:15:04.444">
  <scavenger-info tenureage="1" tenuremask="7ffe" tiltratio="68" />
  <memory-copied type="nursery" objects="1344509" bytes="76661328" bytesdiscarded="109512" />
  <memory-copied type="tenure" objects="1337006" bytes="75548856" bytesdiscarded="41056" />
  <finalization candidates="2" enqueued="0" />
  <references type="phantom" candidates="2" cleared="0" enqueued="0" />
  <object-monitors candidates="2" cleared="0"  />
</gc-op>
<gc-end id="2752" type="scavenge" contextid="2748" durationms="82.105" usertimems="323.379" systemtimems="0.000" stalltimems="2.683" timestamp="2022-02-08T16:15:04.444" activeThreads="4">
  <mem-info id="2753" free="265736240" total="1073741824" percent="24">
    <mem type="nursery" free="107123176" total="268435456" percent="39">
      <mem type="allocate" free="107123176" total="183894016" percent="58" />
      <mem type="survivor" free="0" total="84541440" percent="0" />
    </mem>
    <mem type="tenure" free="158613064" total="805306368" percent="19" macro-fragmented="0">
      <mem type="soa" free="150559304" total="797252608" percent="18" />
      <mem type="loa" free="8053760" total="8053760" percent="100" />
    </mem>
    <remembered-set count="110" />
  </mem-info>
</gc-end>
<cycle-end id="2754" type="scavenge" contextid="2748" timestamp="2022-02-08T16:15:04.444" />
<allocation-satisfied id="2755" threadId="0000000000016F00" bytesRequested="23176" />
<af-end id="2756" timestamp="2022-02-08T16:15:04.444" threadId="0000000000017908" success="true" from="nursery"/>
<exclusive-end id="2757" timestamp="2022-02-08T16:15:04.444" durationms="82.444" />

<concurrent-kickoff id="2758" timestamp="2022-02-08T16:15:05.321">
  <kickoff reason="threshold reached" targetBytes="74442040" thresholdFreeBytes="5789973"  remainingFree="5738984" tenureFreeBytes="158613064" nurseryFreeBytes="5738984" />
</concurrent-kickoff>
<exclusive-start id="2759" timestamp="2022-02-08T16:15:05.324" intervalms="962.360">
  <response-info timems="0.028" idlems="0.028" threads="0" lastid="0000000000016F00" lastname="main" />
</exclusive-start>
<cycle-start id="2760" type="global" contextid="0" timestamp="2022-02-08T16:15:05.324" intervalms="3029.611" />
<concurrent-start id="2761" type="global mark" contextid="2760" timestamp="2022-02-08T16:15:05.324">
</concurrent-start>
<exclusive-end id="2762" timestamp="2022-02-08T16:15:05.324" durationms="0.037" />

<exclusive-start id="2763" timestamp="2022-02-08T16:15:05.481" intervalms="156.711">
  <response-info timems="0.055" idlems="0.055" threads="0" lastid="0000000000016F00" lastname="main" />
</exclusive-start>
<af-start id="2764" threadId="0000000000017908" totalBytesRequested="16" timestamp="2022-02-08T16:15:05.481" intervalms="1119.056" type="nursery" />
<cycle-start id="2765" type="scavenge" contextid="0" timestamp="2022-02-08T16:15:05.481" intervalms="1119.052" />
<gc-start id="2766" type="scavenge" contextid="2765" timestamp="2022-02-08T16:15:05.481">
  <mem-info id="2767" free="158613064" total="1073741824" percent="14">
    <mem type="nursery" free="0" total="268435456" percent="0">
      <mem type="allocate" free="0" total="183894016" percent="0" />
      <mem type="survivor" free="0" total="84541440" percent="0" />
    </mem>
    <mem type="tenure" free="158613064" total="805306368" percent="19">
      <mem type="soa" free="150559304" total="797252608" percent="18" />
      <mem type="loa" free="8053760" total="8053760" percent="100" />
    </mem>
    <remembered-set count="133" />
  </mem-info>
</gc-start>
<allocation-stats totalBytes="107075616" >
  <allocated-bytes non-tlh="2864624" tlh="104210992" />
  <largest-consumer threadName="main" threadId="0000000000016F00" bytes="107075616" />
</allocation-stats>
<gc-op id="2768" type="scavenge" timems="80.584" contextid="2765" timestamp="2022-02-08T16:15:05.562">
  <scavenger-info tenureage="1" tenuremask="7ffe" tiltratio="68" />
  <memory-copied type="nursery" objects="1439608" bytes="75301600" bytesdiscarded="189256" />
  <memory-copied type="tenure" objects="1344491" bytes="76660328" bytesdiscarded="42232" />
  <finalization candidates="110" enqueued="53" />
  <references type="soft" candidates="14" cleared="0" enqueued="0" dynamicThreshold="12" maxThreshold="32" />
  <references type="weak" candidates="1" cleared="0" enqueued="0" />
  <references type="phantom" candidates="95" cleared="7" enqueued="7" />
  <object-monitors candidates="2" cleared="0"  />
</gc-op>
<gc-end id="2769" type="scavenge" contextid="2765" durationms="80.804" usertimems="314.848" systemtimems="0.000" stalltimems="2.410" timestamp="2022-02-08T16:15:05.562" activeThreads="4">
  <mem-info id="2770" free="190766128" total="1073741824" percent="17">
    <mem type="nursery" free="108796248" total="268435456" percent="40">
      <mem type="allocate" free="108796248" total="184287232" percent="59" />
      <mem type="survivor" free="0" total="84148224" percent="0" />
    </mem>
    <mem type="tenure" free="81969880" total="805306368" percent="10" macro-fragmented="27735676">
      <mem type="soa" free="73916120" total="797252608" percent="9" />
      <mem type="loa" free="8053760" total="8053760" percent="100" />
    </mem>
    <pending-finalizers system="52" default="1" reference="7" classloader="0" />
    <remembered-set count="117" />
  </mem-info>
</gc-end>
<cycle-end id="2771" type="scavenge" contextid="2765" timestamp="2022-02-08T16:15:05.562" />
<allocation-satisfied id="2772" threadId="0000000000016F00" bytesRequested="16" />
<af-end id="2773" timestamp="2022-02-08T16:15:05.562" threadId="0000000000017908" success="true" from="nursery"/>
<exclusive-end id="2774" timestamp="2022-02-08T16:15:05.562" durationms="81.104" />

<concurrent-end id="2775" type="global mark" contextid="2760" timestamp="2022-02-08T16:15:05.676">
<gc-op id="2776" type="trace" timems="351.992" contextid="2760" timestamp="2022-02-08T16:15:05.676">
  <trace bytesTraced="74436324" workStackOverflowCount="0" />
  <card-cleaning reason="card cleaning threshold reached" bytesTraced="808" cardsCleaned="2" />
</gc-op>
</concurrent-end>

<exclusive-start id="2777" timestamp="2022-02-08T16:15:05.676" intervalms="195.366">
  <response-info timems="0.022" idlems="0.022" threads="0" lastid="0000000000016F00" lastname="main" />
</exclusive-start>
<concurrent-global-final id="2778" timestamp="2022-02-08T16:15:05.676" contextid="2760" intervalms="2989.620" >
  <concurrent-trace-info reason="card cleaning threshold reached" tracedByMutators="57802416" tracedByHelpers="16634716" cardsCleaned="2" workStackOverflowCount="0" />
</concurrent-global-final>
<gc-start id="2779" type="global" contextid="2760" timestamp="2022-02-08T16:15:05.676">
  <mem-info id="2780" free="183712800" total="1073741824" percent="17">
    <mem type="nursery" free="101742920" total="268435456" percent="37">
      <mem type="allocate" free="101742920" total="184287232" percent="55" />
      <mem type="survivor" free="0" total="84148224" percent="0" />
    </mem>
    <mem type="tenure" free="81969880" total="805306368" percent="10">
      <mem type="soa" free="73916120" total="797252608" percent="9" />
      <mem type="loa" free="8053760" total="8053760" percent="100" />
    </mem>
    <remembered-set count="118" />
  </mem-info>
</gc-start>
<allocation-stats totalBytes="7049872" >
  <allocated-bytes non-tlh="16" tlh="7049856" />
  <largest-consumer threadName="main" threadId="0000000000016F00" bytes="7041680" />
</allocation-stats>
<gc-op id="2781" type="rs-scan" timems="130.158" contextid="2760" timestamp="2022-02-08T16:15:05.806">
  <scan objectsFound="3324744" bytesTraced="71015456" workStackOverflowCount="0" />
</gc-op>
<gc-op id="2782" type="card-cleaning" timems="0.264" contextid="2760" timestamp="2022-02-08T16:15:05.807">
  <card-cleaning cardsCleaned="4" bytesTraced="1700" workStackOverflowCount="0" />
</gc-op>
<gc-op id="2783" type="mark" timems="38.330" contextid="2760" timestamp="2022-02-08T16:15:05.845">
  <trace-info objectcount="1234301" scancount="927252" scanbytes="19849096" />
  <finalization candidates="428" enqueued="57" />
  <ownableSynchronizers candidates="1" cleared="0" />
  <references type="soft" candidates="894" cleared="0" enqueued="0" dynamicThreshold="12" maxThreshold="32" />
  <references type="weak" candidates="1701" cleared="0" enqueued="0" />
  <references type="phantom" candidates="52" cleared="2" enqueued="2" />
  <stringconstants candidates="6471" cleared="0"  />
  <object-monitors candidates="2" cleared="0"  />
</gc-op>
<gc-op id="2784" type="sweep" timems="4.761" contextid="2760" timestamp="2022-02-08T16:15:05.850" />
<gc-end id="2785" type="global" contextid="2760" durationms="173.714" usertimems="214.956" systemtimems="0.776" stalltimems="87.797" timestamp="2022-02-08T16:15:05.850" activeThreads="4">
  <mem-info id="2786" free="427511176" total="1073741824" percent="39">
    <mem type="nursery" free="102504336" total="268435456" percent="38">
      <mem type="allocate" free="102504336" total="184287232" percent="55" />
      <mem type="survivor" free="0" total="84148224" percent="0" />
    </mem>
    <mem type="tenure" free="325006840" total="805306368" percent="40" micro-fragmented="304035" macro-fragmented="0">
      <mem type="soa" free="316953080" total="797252608" percent="39" />
      <mem type="loa" free="8053760" total="8053760" percent="100" />
    </mem>
    <pending-finalizers system="57" default="0" reference="2" classloader="0" />
    <remembered-set count="104" />
  </mem-info>
</gc-end>
<cycle-end id="2787" type="global" contextid="2760" timestamp="2022-02-08T16:15:05.850" />
<exclusive-end id="2788" timestamp="2022-02-08T16:15:05.850" durationms="173.922" />

<exclusive-start id="2789" timestamp="2022-02-08T16:15:06.615" intervalms="938.653">
  <response-info timems="0.023" idlems="0.023" threads="0" lastid="0000000000016F00" lastname="main" />
</exclusive-start>
<af-start id="2790" threadId="0000000000017908" totalBytesRequested="24" timestamp="2022-02-08T16:15:06.615" intervalms="1134.019" type="nursery" />
<cycle-start id="2791" type="scavenge" contextid="0" timestamp="2022-02-08T16:15:06.615" intervalms="1134.020" />
<gc-start id="2792" type="scavenge" contextid="2791" timestamp="2022-02-08T16:15:06.615">
  <mem-info id="2793" free="325006840" total="1073741824" percent="30">
    <mem type="nursery" free="0" total="268435456" percent="0">
      <mem type="allocate" free="0" total="184287232" percent="0" />
      <mem type="survivor" free="0" total="84148224" percent="0" />
    </mem>
    <mem type="tenure" free="325006840" total="805306368" percent="40">
      <mem type="soa" free="316953080" total="797252608" percent="39" />
      <mem type="loa" free="8053760" total="8053760" percent="100" />
    </mem>
    <remembered-set count="105" />
  </mem-info>
</gc-start>
<allocation-stats totalBytes="102455592" >
  <allocated-bytes non-tlh="0" tlh="102455592" />
  <largest-consumer threadName="main" threadId="0000000000016F00" bytes="102451496" />
</allocation-stats>
<gc-op id="2794" type="scavenge" timems="94.771" contextid="2791" timestamp="2022-02-08T16:15:06.710">
  <scavenger-info tenureage="1" tenuremask="7ffe" tiltratio="68" />
  <memory-copied type="nursery" objects="1412868" bytes="77907536" bytesdiscarded="134568" />
  <memory-copied type="tenure" objects="1438893" bytes="74833664" bytesdiscarded="38056" />
  <finalization candidates="55" enqueued="0" />
  <ownableSynchronizers candidates="2" cleared="2" />
  <object-monitors candidates="2" cleared="0"  />
</gc-op>
<gc-end id="2795" type="scavenge" contextid="2791" durationms="95.068" usertimems="353.688" systemtimems="1.656" stalltimems="4.280" timestamp="2022-02-08T16:15:06.710" activeThreads="4">
  <mem-info id="2796" free="353824784" total="1073741824" percent="32">
    <mem type="nursery" free="103951368" total="268435456" percent="38">
      <mem type="allocate" free="103951368" total="181993472" percent="57" />
      <mem type="survivor" free="0" total="86441984" percent="0" />
    </mem>
    <mem type="tenure" free="249873416" total="805306368" percent="31" macro-fragmented="0">
      <mem type="soa" free="241819656" total="797252608" percent="30" />
      <mem type="loa" free="8053760" total="8053760" percent="100" />
    </mem>
    <remembered-set count="100" />
  </mem-info>
</gc-end>
<cycle-end id="2797" type="scavenge" contextid="2791" timestamp="2022-02-08T16:15:06.710" />
<allocation-satisfied id="2798" threadId="0000000000016F00" bytesRequested="24" />
<af-end id="2799" timestamp="2022-02-08T16:15:06.710" threadId="0000000000017908" success="true" from="nursery"/>
<exclusive-end id="2800" timestamp="2022-02-08T16:15:06.710" durationms="95.404" />

<exclusive-start id="2801" timestamp="2022-02-08T16:15:07.384" intervalms="769.597">
  <response-info timems="0.019" idlems="0.019" threads="0" lastid="0000000000016F00" lastname="main" />
</exclusive-start>
<af-start id="2802" threadId="0000000000017908" totalBytesRequested="184" timestamp="2022-02-08T16:15:07.384" intervalms="769.597" type="nursery" />
<cycle-start id="2803" type="scavenge" contextid="0" timestamp="2022-02-08T16:15:07.384" intervalms="769.598" />
<gc-start id="2804" type="scavenge" contextid="2803" timestamp="2022-02-08T16:15:07.385">
  <mem-info id="2805" free="249873416" total="1073741824" percent="23">
    <mem type="nursery" free="0" total="268435456" percent="0">
      <mem type="allocate" free="0" total="181993472" percent="0" />
      <mem type="survivor" free="0" total="86441984" percent="0" />
    </mem>
    <mem type="tenure" free="249873416" total="805306368" percent="31">
      <mem type="soa" free="241819656" total="797252608" percent="30" />
      <mem type="loa" free="8053760" total="8053760" percent="100" />
    </mem>
    <remembered-set count="100" />
  </mem-info>
</gc-start>
<allocation-stats totalBytes="103903256" >
  <allocated-bytes non-tlh="24" tlh="103903232" />
  <largest-consumer threadName="main" threadId="0000000000016F00" bytes="103903256" />
</allocation-stats>
<gc-op id="2806" type="scavenge" timems="81.795" contextid="2803" timestamp="2022-02-08T16:15:07.466">
  <scavenger-info tenureage="1" tenuremask="7ffe" tiltratio="67" />
  <memory-copied type="nursery" objects="1298848" bytes="73876848" bytesdiscarded="249528" />
  <memory-copied type="tenure" objects="1412868" bytes="77907536" bytesdiscarded="39304" />
  <object-monitors candidates="2" cleared="0"  />
</gc-op>
<gc-end id="2807" type="scavenge" contextid="2803" durationms="81.993" usertimems="324.082" systemtimems="0.000" stalltimems="1.627" timestamp="2022-02-08T16:15:07.467" activeThreads="4">
  <mem-info id="2808" free="280342840" total="1073741824" percent="26">
    <mem type="nursery" free="108325848" total="268435456" percent="40">
      <mem type="allocate" free="108325848" total="182452224" percent="59" />
      <mem type="survivor" free="0" total="85983232" percent="0" />
    </mem>
    <mem type="tenure" free="172016992" total="805306368" percent="21" macro-fragmented="39939376">
      <mem type="soa" free="163963232" total="797252608" percent="20" />
      <mem type="loa" free="8053760" total="8053760" percent="100" />
    </mem>
    <remembered-set count="100" />
  </mem-info>
</gc-end>
<cycle-end id="2809" type="scavenge" contextid="2803" timestamp="2022-02-08T16:15:07.467" />
<allocation-satisfied id="2810" threadId="0000000000016F00" bytesRequested="184" />
<af-end id="2811" timestamp="2022-02-08T16:15:07.467" threadId="0000000000017908" success="true" from="nursery"/>
<exclusive-end id="2812" timestamp="2022-02-08T16:15:07.467" durationms="82.253" />

<exclusive-start id="2813" timestamp="2022-02-08T16:15:08.424" intervalms="1039.980">
  <response-info timems="0.021" idlems="0.021" threads="0" lastid="0000000000016F00" lastname="main" />
</exclusive-start>
<af-start id="2814" threadId="0000000000017908" totalBytesRequested="24" timestamp="2022-02-08T16:15:08.424" intervalms="1039.980" type="nursery" />
<cycle-start id="2815" type="scavenge" contextid="0" timestamp="2022-02-08T16:15:08.424" intervalms="1039.979" />
<gc-start id="2816" type="scavenge" contextid="2815" timestamp="2022-02-08T16:15:08.424">
  <mem-info id="2817" free="172016992" total="1073741824" percent="16">
    <mem type="nursery" free="0" total="268435456" percent="0">
      <mem type="allocate" free="0" total="182452224" percent="0" />
      <mem type="survivor" free="0" total="85983232" percent="0" />
    </mem>
    <mem type="tenure" free="172016992" total="805306368" percent="21">
      <mem type="soa" free="163963232" total="797252608" percent="20" />
      <mem type="loa" free="8053760" total="8053760" percent="100" />
    </mem>
    <remembered-set count="130" />
  </mem-info>
</gc-start>
<allocation-stats totalBytes="108275888" >
  <allocated-bytes non-tlh="3009008" tlh="105266880" />
  <largest-consumer threadName="main" threadId="0000000000016F00" bytes="108275888" />
</allocation-stats>
<gc-op id="2818" type="scavenge" timems="90.841" contextid="2815" timestamp="2022-02-08T16:15:08.515">
  <scavenger-info tenureage="1" tenuremask="7ffe" tiltratio="67" />
  <memory-copied type="nursery" objects="1443593" bytes="76088960" bytesdiscarded="185728" />
  <memory-copied type="tenure" objects="1298847" bytes="73876744" bytesdiscarded="41352" />
  <finalization candidates="110" enqueued="53" />
  <references type="soft" candidates="14" cleared="0" enqueued="0" dynamicThreshold="12" maxThreshold="32" />
  <references type="weak" candidates="1" cleared="0" enqueued="0" />
  <references type="phantom" candidates="95" cleared="7" enqueued="7" />
  <object-monitors candidates="2" cleared="0"  />
</gc-op>
<gc-end id="2819" type="scavenge" contextid="2815" durationms="91.041" usertimems="359.025" systemtimems="0.000" stalltimems="3.590" timestamp="2022-02-08T16:15:08.516" activeThreads="4">
  <mem-info id="2820" free="204657208" total="1073741824" percent="19">
    <mem type="nursery" free="106439552" total="268435456" percent="39">
      <mem type="allocate" free="106439552" total="182714368" percent="58" />
      <mem type="survivor" free="0" total="85721088" percent="0" />
    </mem>
    <mem type="tenure" free="98217656" total="805306368" percent="12" macro-fragmented="47927252">
      <mem type="soa" free="90163896" total="797252608" percent="11" />
      <mem type="loa" free="8053760" total="8053760" percent="100" />
    </mem>
    <pending-finalizers system="52" default="1" reference="7" classloader="0" />
    <remembered-set count="126" />
  </mem-info>
</gc-end>
<cycle-end id="2821" type="scavenge" contextid="2815" timestamp="2022-02-08T16:15:08.516" />
<allocation-satisfied id="2822" threadId="0000000000016F00" bytesRequested="24" />
<af-end id="2823" timestamp="2022-02-08T16:15:08.516" threadId="0000000000017908" success="true" from="nursery"/>
<exclusive-end id="2824" timestamp="2022-02-08T16:15:08.516" durationms="91.302" />

<concurrent-kickoff id="2825" timestamp="2022-02-08T16:15:09.272">
  <kickoff reason="threshold reached" targetBytes="74441060" thresholdFreeBytes="5784736"  remainingFree="5776256" tenureFreeBytes="98217656" nurseryFreeBytes="5776256" />
</concurrent-kickoff>
<exclusive-start id="2826" timestamp="2022-02-08T16:15:09.275" intervalms="850.767">
  <response-info timems="0.028" idlems="0.028" threads="0" lastid="0000000000016F00" lastname="main" />
</exclusive-start>
<cycle-start id="2827" type="global" contextid="0" timestamp="2022-02-08T16:15:09.275" intervalms="3951.083" />
<concurrent-start id="2828" type="global mark" contextid="2827" timestamp="2022-02-08T16:15:09.275">
</concurrent-start>
<exclusive-end id="2829" timestamp="2022-02-08T16:15:09.275" durationms="0.040" />

<exclusive-start id="2830" timestamp="2022-02-08T16:15:09.415" intervalms="139.447">
  <response-info timems="0.031" idlems="0.031" threads="0" lastid="0000000000016F00" lastname="main" />
</exclusive-start>
<af-start id="2831" threadId="0000000000017908" totalBytesRequested="24" timestamp="2022-02-08T16:15:09.415" intervalms="990.214" type="nursery" />
<cycle-start id="2832" type="scavenge" contextid="0" timestamp="2022-02-08T16:15:09.415" intervalms="990.213" />
<gc-start id="2833" type="scavenge" contextid="2832" timestamp="2022-02-08T16:15:09.415">
  <mem-info id="2834" free="98217656" total="1073741824" percent="9">
    <mem type="nursery" free="0" total="268435456" percent="0">
      <mem type="allocate" free="0" total="182714368" percent="0" />
      <mem type="survivor" free="0" total="85721088" percent="0" />
    </mem>
    <mem type="tenure" free="98217656" total="805306368" percent="12">
      <mem type="soa" free="90163896" total="797252608" percent="11" />
      <mem type="loa" free="8053760" total="8053760" percent="100" />
    </mem>
    <remembered-set count="127" />
  </mem-info>
</gc-start>
<allocation-stats totalBytes="106393936" >
  <allocated-bytes non-tlh="24" tlh="106393912" />
  <largest-consumer threadName="main" threadId="0000000000016F00" bytes="106385744" />
</allocation-stats>
<gc-op id="2835" type="scavenge" timems="95.470" contextid="2832" timestamp="2022-02-08T16:15:09.510">
  <scavenger-info tenureage="1" tenuremask="7ffe" tiltratio="68" />
  <memory-copied type="nursery" objects="1380804" bytes="75833600" bytesdiscarded="119296" />
  <memory-copied type="tenure" objects="1442882" bytes="75621104" bytesdiscarded="36288" />
  <finalization candidates="57" enqueued="0" />
  <object-monitors candidates="2" cleared="0"  />
</gc-op>
<gc-end id="2836" type="scavenge" contextid="2832" durationms="95.685" usertimems="376.867" systemtimems="0.000" stalltimems="3.414" timestamp="2022-02-08T16:15:09.510" activeThreads="4">
  <mem-info id="2837" free="129947128" total="1073741824" percent="12">
    <mem type="nursery" free="107482368" total="268435456" percent="40">
      <mem type="allocate" free="107482368" total="183435264" percent="58" />
      <mem type="survivor" free="0" total="85000192" percent="0" />
    </mem>
    <mem type="tenure" free="22464760" total="805306368" percent="2" macro-fragmented="0">
      <mem type="soa" free="14411000" total="797252608" percent="1" />
      <mem type="loa" free="8053760" total="8053760" percent="100" />
    </mem>
    <remembered-set count="99" />
  </mem-info>
</gc-end>
<cycle-end id="2838" type="scavenge" contextid="2832" timestamp="2022-02-08T16:15:09.511" />
<allocation-satisfied id="2839" threadId="0000000000016F00" bytesRequested="24" />
<af-end id="2840" timestamp="2022-02-08T16:15:09.511" threadId="0000000000017908" success="true" from="nursery"/>
<exclusive-end id="2841" timestamp="2022-02-08T16:15:09.511" durationms="95.995" />

<concurrent-end id="2842" type="global mark" contextid="2827" timestamp="2022-02-08T16:15:09.624">
<gc-op id="2843" type="trace" timems="348.885" contextid="2827" timestamp="2022-02-08T16:15:09.624">
  <trace bytesTraced="74436564" workStackOverflowCount="0" />
  <card-cleaning reason="card cleaning threshold reached" bytesTraced="808" cardsCleaned="2" />
</gc-op>
</concurrent-end>

<exclusive-start id="2844" timestamp="2022-02-08T16:15:09.624" intervalms="209.522">
  <response-info timems="0.019" idlems="0.019" threads="0" lastid="0000000000016F00" lastname="main" />
</exclusive-start>
<concurrent-global-final id="2845" timestamp="2022-02-08T16:15:09.624" contextid="2827" intervalms="3947.954" >
  <concurrent-trace-info reason="card cleaning threshold reached" tracedByMutators="55068260" tracedByHelpers="19369112" cardsCleaned="2" workStackOverflowCount="0" />
</concurrent-global-final>
<gc-start id="2846" type="global" contextid="2827" timestamp="2022-02-08T16:15:09.624">
  <mem-info id="2847" free="122770912" total="1073741824" percent="11">
    <mem type="nursery" free="100306152" total="268435456" percent="37">
      <mem type="allocate" free="100306152" total="183435264" percent="54" />
      <mem type="survivor" free="0" total="85000192" percent="0" />
    </mem>
    <mem type="tenure" free="22464760" total="805306368" percent="2">
      <mem type="soa" free="14411000" total="797252608" percent="1" />
      <mem type="loa" free="8053760" total="8053760" percent="100" />
    </mem>
    <remembered-set count="99" />
  </mem-info>
</gc-start>
<allocation-stats totalBytes="7172912" >
  <allocated-bytes non-tlh="24" tlh="7172888" />
  <largest-consumer threadName="main" threadId="0000000000016F00" bytes="7172912" />
</allocation-stats>
<gc-op id="2848" type="rs-scan" timems="1.006" contextid="2827" timestamp="2022-02-08T16:15:09.625">
  <scan objectsFound="0" bytesTraced="3692" workStackOverflowCount="0" />
</gc-op>
<gc-op id="2849" type="card-cleaning" timems="169.839" contextid="2827" timestamp="2022-02-08T16:15:09.795">
  <card-cleaning cardsCleaned="10" bytesTraced="71014408" workStackOverflowCount="0" />
</gc-op>
<gc-op id="2850" type="mark" timems="75.319" contextid="2827" timestamp="2022-02-08T16:15:09.870">
  <trace-info objectcount="2337802" scancount="1754879" scanbytes="37505128" />
  <finalization candidates="428" enqueued="57" />
  <ownableSynchronizers candidates="1" cleared="0" />
  <references type="soft" candidates="894" cleared="0" enqueued="0" dynamicThreshold="12" maxThreshold="32" />
  <references type="weak" candidates="1701" cleared="0" enqueued="0" />
  <references type="phantom" candidates="52" cleared="2" enqueued="2" />
  <stringconstants candidates="6471" cleared="0"  />
  <object-monitors candidates="2" cleared="0"  />
</gc-op>
<gc-op id="2851" type="sweep" timems="8.428" contextid="2827" timestamp="2022-02-08T16:15:09.879" />
<gc-end id="2852" type="global" contextid="2827" durationms="254.794" usertimems="262.228" systemtimems="3.265" stalltimems="232.817" timestamp="2022-02-08T16:15:09.879" activeThreads="4">
  <mem-info id="2853" free="365854728" total="1073741824" percent="34">
    <mem type="nursery" free="100514720" total="268435456" percent="37">
      <mem type="allocate" free="100514720" total="183435264" percent="54" />
      <mem type="survivor" free="0" total="85000192" percent="0" />
    </mem>
    <mem type="tenure" free="265340008" total="805306368" percent="32" micro-fragmented="329673" macro-fragmented="1800196">
      <mem type="soa" free="257286248" total="797252608" percent="32" />
      <mem type="loa" free="8053760" total="8053760" percent="100" />
    </mem>
    <pending-finalizers system="57" default="0" reference="2" classloader="0" />
    <remembered-set count="99" />
  </mem-info>
</gc-end>
<cycle-end id="2854" type="global" contextid="2827" timestamp="2022-02-08T16:15:09.879" />
<exclusive-end id="2855" timestamp="2022-02-08T16:15:09.879" durationms="255.059" />

<exclusive-start id="2856" timestamp="2022-02-08T16:15:10.546" intervalms="921.558">
  <response-info timems="0.049" idlems="0.049" threads="0" lastid="0000000000016F00" lastname="main" />
</exclusive-start>
<af-start id="2857" threadId="0000000000017908" totalBytesRequested="184" timestamp="2022-02-08T16:15:10.546" intervalms="1131.112" type="nursery" />
<cycle-start id="2858" type="scavenge" contextid="0" timestamp="2022-02-08T16:15:10.546" intervalms="1131.126" />
<gc-start id="2859" type="scavenge" contextid="2858" timestamp="2022-02-08T16:15:10.546">
  <mem-info id="2860" free="265340008" total="1073741824" percent="24">
    <mem type="nursery" free="0" total="268435456" percent="0">
      <mem type="allocate" free="0" total="183435264" percent="0" />
      <mem type="survivor" free="0" total="85000192" percent="0" />
    </mem>
    <mem type="tenure" free="265340008" total="805306368" percent="32">
      <mem type="soa" free="257286248" total="797252608" percent="32" />
      <mem type="loa" free="8053760" total="8053760" percent="100" />
    </mem>
    <remembered-set count="102" />
  </mem-info>
</gc-start>
<allocation-stats totalBytes="100470624" >
  <allocated-bytes non-tlh="0" tlh="100470624" />
  <largest-consumer threadName="main" threadId="0000000000016F00" bytes="100460064" />
</allocation-stats>
<gc-op id="2861" type="scavenge" timems="107.997" contextid="2858" timestamp="2022-02-08T16:15:10.654">
  <scavenger-info tenureage="1" tenuremask="7ffe" tiltratio="68" />
  <memory-copied type="nursery" objects="1343921" bytes="76403664" bytesdiscarded="266224" />
  <memory-copied type="tenure" objects="1380804" bytes="75833600" bytesdiscarded="47616" />
  <ownableSynchronizers candidates="2" cleared="2" />
  <object-monitors candidates="2" cleared="0"  />
</gc-op>
<gc-end id="2862" type="scavenge" contextid="2858" durationms="108.421" usertimems="333.167" systemtimems="0.259" stalltimems="2.042" timestamp="2022-02-08T16:15:10.654" activeThreads="4">
  <mem-info id="2863" free="296517968" total="1073741824" percent="27">
    <mem type="nursery" free="107158592" total="268435456" percent="39">
      <mem type="allocate" free="107158592" total="183828480" percent="58" />
      <mem type="survivor" free="0" total="84606976" percent="0" />
    </mem>
    <mem type="tenure" free="189359376" total="805306368" percent="23" macro-fragmented="0">
      <mem type="soa" free="181305616" total="797252608" percent="22" />
      <mem type="loa" free="8053760" total="8053760" percent="100" />
    </mem>
    <remembered-set count="101" />
  </mem-info>
</gc-end>
<cycle-end id="2864" type="scavenge" contextid="2858" timestamp="2022-02-08T16:15:10.654" />
<allocation-satisfied id="2865" threadId="0000000000016F00" bytesRequested="184" />
<af-end id="2866" timestamp="2022-02-08T16:15:10.654" threadId="0000000000017908" success="true" from="nursery"/>
<exclusive-end id="2867" timestamp="2022-02-08T16:15:10.654" durationms="108.748" />

<exclusive-start id="2868" timestamp="2022-02-08T16:15:11.667" intervalms="1121.033">
  <response-info timems="0.023" idlems="0.023" threads="0" lastid="0000000000016F00" lastname="main" />
</exclusive-start>
<af-start id="2869" threadId="0000000000017908" totalBytesRequested="104" timestamp="2022-02-08T16:15:11.667" intervalms="1121.004" type="nursery" />
<cycle-start id="2870" type="scavenge" contextid="0" timestamp="2022-02-08T16:15:11.667" intervalms="1120.991" />
<gc-start id="2871" type="scavenge" contextid="2870" timestamp="2022-02-08T16:15:11.667">
  <mem-info id="2872" free="189359376" total="1073741824" percent="17">
    <mem type="nursery" free="0" total="268435456" percent="0">
      <mem type="allocate" free="0" total="183828480" percent="0" />
      <mem type="survivor" free="0" total="84606976" percent="0" />
    </mem>
    <mem type="tenure" free="189359376" total="805306368" percent="23">
      <mem type="soa" free="181305616" total="797252608" percent="22" />
      <mem type="loa" free="8053760" total="8053760" percent="100" />
    </mem>
    <remembered-set count="132" />
  </mem-info>
</gc-start>
<allocation-stats totalBytes="107112720" >
  <allocated-bytes non-tlh="1590752" tlh="105521968" />
  <largest-consumer threadName="main" threadId="0000000000016F00" bytes="107112720" />
</allocation-stats>
<gc-op id="2873" type="scavenge" timems="106.801" contextid="2870" timestamp="2022-02-08T16:15:11.774">
  <scavenger-info tenureage="1" tenuremask="7ffe" tiltratio="68" />
  <memory-copied type="nursery" objects="1452803" bytes="75384736" bytesdiscarded="72792" />
  <memory-copied type="tenure" objects="1343920" bytes="76403560" bytesdiscarded="38328" />
  <finalization candidates="109" enqueued="53" />
  <references type="soft" candidates="14" cleared="0" enqueued="0" dynamicThreshold="10" maxThreshold="32" />
  <references type="weak" candidates="1" cleared="0" enqueued="0" />
  <references type="phantom" candidates="94" cleared="7" enqueued="7" />
  <object-monitors candidates="2" cleared="0"  />
</gc-op>
<gc-end id="2874" type="scavenge" contextid="2870" durationms="107.162" usertimems="415.118" systemtimems="5.158" stalltimems="3.787" timestamp="2022-02-08T16:15:11.774" activeThreads="4">
  <mem-info id="2875" free="221533720" total="1073741824" percent="20">
    <mem type="nursery" free="108764040" total="268435456" percent="40">
      <mem type="allocate" free="108764040" total="184221696" percent="59" />
      <mem type="survivor" free="0" total="84213760" percent="0" />
    </mem>
    <mem type="tenure" free="112769680" total="805306368" percent="14" macro-fragmented="0">
      <mem type="soa" free="104715920" total="797252608" percent="13" />
      <mem type="loa" free="8053760" total="8053760" percent="100" />
    </mem>
    <pending-finalizers system="52" default="1" reference="7" classloader="0" />
    <remembered-set count="129" />
  </mem-info>
</gc-end>
<cycle-end id="2876" type="scavenge" contextid="2870" timestamp="2022-02-08T16:15:11.774" />
<allocation-satisfied id="2877" threadId="0000000000016F00" bytesRequested="104" />
<af-end id="2878" timestamp="2022-02-08T16:15:11.774" threadId="0000000000017908" success="true" from="nursery"/>
<exclusive-end id="2879" timestamp="2022-02-08T16:15:11.774" durationms="107.441" />

<concurrent-kickoff id="2880" timestamp="2022-02-08T16:15:12.548">
  <kickoff reason="threshold reached" targetBytes="74440325" thresholdFreeBytes="5784056"  remainingFree="5728960" tenureFreeBytes="112769680" nurseryFreeBytes="5728960" />
</concurrent-kickoff>
<exclusive-start id="2881" timestamp="2022-02-08T16:15:12.552" intervalms="884.865">
  <response-info timems="0.020" idlems="0.020" threads="0" lastid="0000000000016F00" lastname="main" />
</exclusive-start>
<cycle-start id="2882" type="global" contextid="0" timestamp="2022-02-08T16:15:12.552" intervalms="3276.419" />
<concurrent-start id="2883" type="global mark" contextid="2882" timestamp="2022-02-08T16:15:12.552">
</concurrent-start>
<exclusive-end id="2884" timestamp="2022-02-08T16:15:12.552" durationms="0.031" />

<exclusive-start id="2885" timestamp="2022-02-08T16:15:12.707" intervalms="154.990">
  <response-info timems="0.021" idlems="0.021" threads="0" lastid="0000000000016F00" lastname="main" />
</exclusive-start>
<af-start id="2886" threadId="0000000000017908" totalBytesRequested="224" timestamp="2022-02-08T16:15:12.707" intervalms="1039.851" type="nursery" />
<cycle-start id="2887" type="scavenge" contextid="0" timestamp="2022-02-08T16:15:12.707" intervalms="1039.851" />
<gc-start id="2888" type="scavenge" contextid="2887" timestamp="2022-02-08T16:15:12.707">
  <mem-info id="2889" free="112769680" total="1073741824" percent="10">
    <mem type="nursery" free="0" total="268435456" percent="0">
      <mem type="allocate" free="0" total="184221696" percent="0" />
      <mem type="survivor" free="0" total="84213760" percent="0" />
    </mem>
    <mem type="tenure" free="112769680" total="805306368" percent="14">
      <mem type="soa" free="104715920" total="797252608" percent="13" />
      <mem type="loa" free="8053760" total="8053760" percent="100" />
    </mem>
    <remembered-set count="130" />
  </mem-info>
</gc-start>
<allocation-stats totalBytes="108713344" >
  <allocated-bytes non-tlh="1347784" tlh="107365560" />
  <largest-consumer threadName="main" threadId="0000000000016F00" bytes="108705152" />
</allocation-stats>
<gc-op id="2890" type="scavenge" timems="83.677" contextid="2887" timestamp="2022-02-08T16:15:12.790">
  <scavenger-info tenureage="1" tenuremask="7ffe" tiltratio="68" />
  <memory-copied type="nursery" objects="1383946" bytes="77841384" bytesdiscarded="173600" />
  <memory-copied type="tenure" objects="1452084" bytes="74441568" bytesdiscarded="39016" />
  <finalization candidates="57" enqueued="0" />
  <references type="phantom" candidates="1" cleared="0" enqueued="0" />
  <object-monitors candidates="2" cleared="0"  />
</gc-op>
<gc-end id="2891" type="scavenge" contextid="2887" durationms="84.120" usertimems="327.946" systemtimems="0.065" stalltimems="3.959" timestamp="2022-02-08T16:15:12.791" activeThreads="4">
  <mem-info id="2892" free="142384000" total="1073741824" percent="13">
    <mem type="nursery" free="104175096" total="268435456" percent="38">
      <mem type="allocate" free="104175096" total="182190080" percent="57" />
      <mem type="survivor" free="0" total="86245376" percent="0" />
    </mem>
    <mem type="tenure" free="38208904" total="805306368" percent="4" macro-fragmented="0">
      <mem type="soa" free="30155144" total="797252608" percent="3" />
      <mem type="loa" free="8053760" total="8053760" percent="100" />
    </mem>
    <remembered-set count="99" />
  </mem-info>
</gc-end>
<cycle-end id="2893" type="scavenge" contextid="2887" timestamp="2022-02-08T16:15:12.791" />
<allocation-satisfied id="2894" threadId="0000000000016F00" bytesRequested="224" />
<af-end id="2895" timestamp="2022-02-08T16:15:12.791" threadId="0000000000017908" success="true" from="nursery"/>
<exclusive-end id="2896" timestamp="2022-02-08T16:15:12.791" durationms="84.449" />

<concurrent-end id="2897" type="global mark" contextid="2882" timestamp="2022-02-08T16:15:12.912">
<gc-op id="2898" type="trace" timems="360.645" contextid="2882" timestamp="2022-02-08T16:15:12.912">
  <trace bytesTraced="74436708" workStackOverflowCount="0" />
  <card-cleaning reason="card cleaning threshold reached" bytesTraced="808" cardsCleaned="2" />
</gc-op>
</concurrent-end>

<exclusive-start id="2899" timestamp="2022-02-08T16:15:12.912" intervalms="205.735">
  <response-info timems="0.024" idlems="0.024" threads="0" lastid="0000000000016F00" lastname="main" />
</exclusive-start>
<concurrent-global-final id="2900" timestamp="2022-02-08T16:15:12.912" contextid="2882" intervalms="3288.185" >
  <concurrent-trace-info reason="card cleaning threshold reached" tracedByMutators="56213496" tracedByHelpers="18224020" cardsCleaned="2" workStackOverflowCount="0" />
</concurrent-global-final>
<gc-start id="2901" type="global" contextid="2882" timestamp="2022-02-08T16:15:12.912">
  <mem-info id="2902" free="134421152" total="1073741824" percent="12">
    <mem type="nursery" free="96212248" total="268435456" percent="35">
      <mem type="allocate" free="96212248" total="182190080" percent="52" />
      <mem type="survivor" free="0" total="86245376" percent="0" />
    </mem>
    <mem type="tenure" free="38208904" total="805306368" percent="4">
      <mem type="soa" free="30155144" total="797252608" percent="3" />
      <mem type="loa" free="8053760" total="8053760" percent="100" />
    </mem>
    <remembered-set count="99" />
  </mem-info>
</gc-start>
<allocation-stats totalBytes="7958104" >
  <allocated-bytes non-tlh="224" tlh="7957880" />
  <largest-consumer threadName="main" threadId="0000000000016F00" bytes="7958104" />
</allocation-stats>
<gc-op id="2903" type="rs-scan" timems="0.549" contextid="2882" timestamp="2022-02-08T16:15:12.913">
  <scan objectsFound="29" bytesTraced="5124" workStackOverflowCount="0" />
</gc-op>
<gc-op id="2904" type="card-cleaning" timems="164.188" contextid="2882" timestamp="2022-02-08T16:15:13.077">
  <card-cleaning cardsCleaned="9" bytesTraced="71012712" workStackOverflowCount="0" />
</gc-op>
<gc-op id="2905" type="mark" timems="98.309" contextid="2882" timestamp="2022-02-08T16:15:13.176">
  <trace-info objectcount="2090634" scancount="1569503" scanbytes="33550440" />
  <finalization candidates="428" enqueued="57" />
  <ownableSynchronizers candidates="1" cleared="0" />
  <references type="soft" candidates="894" cleared="0" enqueued="0" dynamicThreshold="10" maxThreshold="32" />
  <references type="weak" candidates="1701" cleared="0" enqueued="0" />
  <references type="phantom" candidates="52" cleared="2" enqueued="2" />
  <stringconstants candidates="6471" cleared="0"  />
  <object-monitors candidates="2" cleared="0"  />
</gc-op>
<gc-op id="2906" type="sweep" timems="6.586" contextid="2882" timestamp="2022-02-08T16:15:13.182" />
<gc-end id="2907" type="global" contextid="2882" durationms="269.903" usertimems="375.282" systemtimems="5.937" stalltimems="199.191" timestamp="2022-02-08T16:15:13.182" activeThreads="4">
  <mem-info id="2908" free="377760072" total="1073741824" percent="35">
    <mem type="nursery" free="96476576" total="268435456" percent="35">
      <mem type="allocate" free="96476576" total="182190080" percent="52" />
      <mem type="survivor" free="0" total="86245376" percent="0" />
    </mem>
    <mem type="tenure" free="281283496" total="805306368" percent="34" micro-fragmented="321083" macro-fragmented="0">
      <mem type="soa" free="273229736" total="797252608" percent="34" />
      <mem type="loa" free="8053760" total="8053760" percent="100" />
    </mem>
    <pending-finalizers system="57" default="0" reference="2" classloader="0" />
    <remembered-set count="99" />
  </mem-info>
</gc-end>
<cycle-end id="2909" type="global" contextid="2882" timestamp="2022-02-08T16:15:13.182" />
<exclusive-end id="2910" timestamp="2022-02-08T16:15:13.182" durationms="270.139" />

<exclusive-start id="2911" timestamp="2022-02-08T16:15:13.816" intervalms="903.593">
  <response-info timems="0.020" idlems="0.020" threads="0" lastid="0000000000016F00" lastname="main" />
</exclusive-start>
<af-start id="2912" threadId="0000000000017908" totalBytesRequested="56" timestamp="2022-02-08T16:15:13.816" intervalms="1109.329" type="nursery" />
<cycle-start id="2913" type="scavenge" contextid="0" timestamp="2022-02-08T16:15:13.816" intervalms="1109.330" />
<gc-start id="2914" type="scavenge" contextid="2913" timestamp="2022-02-08T16:15:13.816">
  <mem-info id="2915" free="281283496" total="1073741824" percent="26">
    <mem type="nursery" free="0" total="268435456" percent="0">
      <mem type="allocate" free="0" total="182190080" percent="0" />
      <mem type="survivor" free="0" total="86245376" percent="0" />
    </mem>
    <mem type="tenure" free="281283496" total="805306368" percent="34">
      <mem type="soa" free="273229736" total="797252608" percent="34" />
      <mem type="loa" free="8053760" total="8053760" percent="100" />
    </mem>
    <remembered-set count="102" />
  </mem-info>
</gc-start>
<allocation-stats totalBytes="96432176" >
  <allocated-bytes non-tlh="0" tlh="96432176" />
  <largest-consumer threadName="main" threadId="0000000000016F00" bytes="96428080" />
</allocation-stats>
<gc-op id="2916" type="scavenge" timems="81.058" contextid="2913" timestamp="2022-02-08T16:15:13.897">
  <scavenger-info tenureage="1" tenuremask="7ffe" tiltratio="67" />
  <memory-copied type="nursery" objects="1307606" bytes="74123128" bytesdiscarded="77496" />
  <memory-copied type="tenure" objects="1383945" bytes="77841264" bytesdiscarded="43168" />
  <finalization candidates="1" enqueued="0" />
  <ownableSynchronizers candidates="2" cleared="2" />
  <object-monitors candidates="2" cleared="0"  />
</gc-op>
<gc-end id="2917" type="scavenge" contextid="2913" durationms="81.471" usertimems="319.356" systemtimems="0.000" stalltimems="3.651" timestamp="2022-02-08T16:15:13.897" activeThreads="4">
  <mem-info id="2918" free="311655680" total="1073741824" percent="29">
    <mem type="nursery" free="108448208" total="268435456" percent="40">
      <mem type="allocate" free="108448208" total="182648832" percent="59" />
      <mem type="survivor" free="0" total="85786624" percent="0" />
    </mem>
    <mem type="tenure" free="203207472" total="805306368" percent="25" macro-fragmented="201903">
      <mem type="soa" free="195153712" total="797252608" percent="24" />
      <mem type="loa" free="8053760" total="8053760" percent="100" />
    </mem>
    <remembered-set count="102" />
  </mem-info>
</gc-end>
<cycle-end id="2919" type="scavenge" contextid="2913" timestamp="2022-02-08T16:15:13.898" />
<allocation-satisfied id="2920" threadId="0000000000016F00" bytesRequested="56" />
<af-end id="2921" timestamp="2022-02-08T16:15:13.898" threadId="0000000000017908" success="true" from="nursery"/>
<exclusive-end id="2922" timestamp="2022-02-08T16:15:13.898" durationms="81.775" />

<exclusive-start id="2923" timestamp="2022-02-08T16:15:14.830" intervalms="1013.881">
  <response-info timems="0.022" idlems="0.022" threads="0" lastid="0000000000016F00" lastname="main" />
</exclusive-start>
<af-start id="2924" threadId="0000000000017908" totalBytesRequested="16" timestamp="2022-02-08T16:15:14.830" intervalms="1013.909" type="nursery" />
<cycle-start id="2925" type="scavenge" contextid="0" timestamp="2022-02-08T16:15:14.830" intervalms="1013.912" />
<gc-start id="2926" type="scavenge" contextid="2925" timestamp="2022-02-08T16:15:14.830">
  <mem-info id="2927" free="203207472" total="1073741824" percent="18">
    <mem type="nursery" free="0" total="268435456" percent="0">
      <mem type="allocate" free="0" total="182648832" percent="0" />
      <mem type="survivor" free="0" total="85786624" percent="0" />
    </mem>
    <mem type="tenure" free="203207472" total="805306368" percent="25">
      <mem type="soa" free="195153712" total="797252608" percent="24" />
      <mem type="loa" free="8053760" total="8053760" percent="100" />
    </mem>
    <remembered-set count="133" />
  </mem-info>
</gc-start>
<allocation-stats totalBytes="108403600" >
  <allocated-bytes non-tlh="1590624" tlh="106812976" />
  <largest-consumer threadName="main" threadId="0000000000016F00" bytes="108403600" />
</allocation-stats>
<gc-op id="2928" type="scavenge" timems="84.875" contextid="2925" timestamp="2022-02-08T16:15:14.915">
  <scavenger-info tenureage="1" tenuremask="7ffe" tiltratio="68" />
  <memory-copied type="nursery" objects="1491902" bytes="76340904" bytesdiscarded="76752" />
  <memory-copied type="tenure" objects="1307606" bytes="74123128" bytesdiscarded="39896" />
  <finalization candidates="109" enqueued="53" />
  <references type="soft" candidates="14" cleared="0" enqueued="0" dynamicThreshold="11" maxThreshold="32" />
  <references type="weak" candidates="1" cleared="0" enqueued="0" />
  <references type="phantom" candidates="94" cleared="7" enqueued="7" />
  <object-monitors candidates="2" cleared="0"  />
</gc-op>
<gc-end id="2929" type="scavenge" contextid="2925" durationms="85.355" usertimems="332.309" systemtimems="0.122" stalltimems="3.637" timestamp="2022-02-08T16:15:14.915" activeThreads="4">
  <mem-info id="2930" free="235388192" total="1073741824" percent="21">
    <mem type="nursery" free="106362120" total="268435456" percent="39">
      <mem type="allocate" free="106362120" total="182779904" percent="58" />
      <mem type="survivor" free="0" total="85655552" percent="0" />
    </mem>
    <mem type="tenure" free="129026072" total="805306368" percent="16" macro-fragmented="0">
      <mem type="soa" free="120972312" total="797252608" percent="15" />
      <mem type="loa" free="8053760" total="8053760" percent="100" />
    </mem>
    <pending-finalizers system="52" default="1" reference="7" classloader="0" />
    <remembered-set count="129" />
  </mem-info>
</gc-end>
<cycle-end id="2931" type="scavenge" contextid="2925" timestamp="2022-02-08T16:15:14.915" />
<allocation-satisfied id="2932" threadId="0000000000016F00" bytesRequested="16" />
<af-end id="2933" timestamp="2022-02-08T16:15:14.915" threadId="0000000000017908" success="true" from="nursery"/>
<exclusive-end id="2934" timestamp="2022-02-08T16:15:14.915" durationms="85.718" />

<concurrent-kickoff id="2935" timestamp="2022-02-08T16:15:15.686">
  <kickoff reason="threshold reached" targetBytes="74439764" thresholdFreeBytes="5779985"  remainingFree="5698824" tenureFreeBytes="129026072" nurseryFreeBytes="5698824" />
</concurrent-kickoff>
<exclusive-start id="2936" timestamp="2022-02-08T16:15:15.689" intervalms="859.586">
  <response-info timems="0.021" idlems="0.021" threads="0" lastid="0000000000016F00" lastname="main" />
</exclusive-start>
<cycle-start id="2937" type="global" contextid="0" timestamp="2022-02-08T16:15:15.689" intervalms="3137.781" />
<concurrent-start id="2938" type="global mark" contextid="2937" timestamp="2022-02-08T16:15:15.689">
</concurrent-start>
<exclusive-end id="2939" timestamp="2022-02-08T16:15:15.689" durationms="0.027" />

<exclusive-start id="2940" timestamp="2022-02-08T16:15:15.859" intervalms="170.049">
  <response-info timems="0.076" idlems="0.076" threads="0" lastid="0000000000016F00" lastname="main" />
</exclusive-start>
<af-start id="2941" threadId="0000000000017908" totalBytesRequested="200" timestamp="2022-02-08T16:15:15.859" intervalms="1029.633" type="nursery" />
<cycle-start id="2942" type="scavenge" contextid="0" timestamp="2022-02-08T16:15:15.860" intervalms="1029.649" />
<gc-start id="2943" type="scavenge" contextid="2942" timestamp="2022-02-08T16:15:15.860">
  <mem-info id="2944" free="129026072" total="1073741824" percent="12">
    <mem type="nursery" free="0" total="268435456" percent="0">
      <mem type="allocate" free="0" total="182779904" percent="0" />
      <mem type="survivor" free="0" total="85655552" percent="0" />
    </mem>
    <mem type="tenure" free="129026072" total="805306368" percent="16">
      <mem type="soa" free="120972312" total="797252608" percent="15" />
      <mem type="loa" free="8053760" total="8053760" percent="100" />
    </mem>
    <remembered-set count="130" />
  </mem-info>
</gc-start>
<allocation-stats totalBytes="106309864" >
  <allocated-bytes non-tlh="1347696" tlh="104962168" />
  <largest-consumer threadName="main" threadId="0000000000016F00" bytes="106301672" />
</allocation-stats>
<gc-op id="2945" type="scavenge" timems="117.614" contextid="2942" timestamp="2022-02-08T16:15:15.977">
  <scavenger-info tenureage="1" tenuremask="7ffe" tiltratio="68" />
  <memory-copied type="nursery" objects="1329067" bytes="76084192" bytesdiscarded="198088" />
  <memory-copied type="tenure" objects="1491183" bytes="75397736" bytesdiscarded="38432" />
  <finalization candidates="57" enqueued="0" />
  <references type="phantom" candidates="1" cleared="0" enqueued="0" />
  <object-monitors candidates="2" cleared="0"  />
</gc-op>
<gc-end id="2946" type="scavenge" contextid="2942" durationms="118.222" usertimems="435.849" systemtimems="0.000" stalltimems="6.095" timestamp="2022-02-08T16:15:15.978" activeThreads="4">
  <mem-info id="2947" free="160736824" total="1073741824" percent="14">
    <mem type="nursery" free="107152984" total="268435456" percent="39">
      <mem type="allocate" free="107152984" total="183435264" percent="58" />
      <mem type="survivor" free="0" total="85000192" percent="0" />
    </mem>
    <mem type="tenure" free="53583840" total="805306368" percent="6" macro-fragmented="16050736">
      <mem type="soa" free="45530080" total="797252608" percent="5" />
      <mem type="loa" free="8053760" total="8053760" percent="100" />
    </mem>
    <remembered-set count="98" />
  </mem-info>
</gc-end>
<cycle-end id="2948" type="scavenge" contextid="2942" timestamp="2022-02-08T16:15:15.978" />
<allocation-satisfied id="2949" threadId="0000000000016F00" bytesRequested="200" />
<af-end id="2950" timestamp="2022-02-08T16:15:15.978" threadId="0000000000017908" success="true" from="nursery"/>
<exclusive-end id="2951" timestamp="2022-02-08T16:15:15.978" durationms="118.762" />

<concurrent-end id="2952" type="global mark" contextid="2937" timestamp="2022-02-08T16:15:16.117">
<gc-op id="2953" type="trace" timems="427.731" contextid="2937" timestamp="2022-02-08T16:15:16.117">
  <trace bytesTraced="74436932" workStackOverflowCount="0" />
  <card-cleaning reason="card cleaning threshold reached" bytesTraced="808" cardsCleaned="2" />
</gc-op>
</concurrent-end>

<exclusive-start id="2954" timestamp="2022-02-08T16:15:16.117" intervalms="257.775">
  <response-info timems="0.032" idlems="0.032" threads="0" lastid="0000000000016F00" lastname="main" />
</exclusive-start>
<concurrent-global-final id="2955" timestamp="2022-02-08T16:15:16.117" contextid="2937" intervalms="3204.909" >
  <concurrent-trace-info reason="card cleaning threshold reached" tracedByMutators="56332860" tracedByHelpers="18104880" cardsCleaned="2" workStackOverflowCount="0" />
</concurrent-global-final>
<gc-start id="2956" type="global" contextid="2937" timestamp="2022-02-08T16:15:16.117">
  <mem-info id="2957" free="152511856" total="1073741824" percent="14">
    <mem type="nursery" free="98928016" total="268435456" percent="36">
      <mem type="allocate" free="98928016" total="183435264" percent="53" />
      <mem type="survivor" free="0" total="85000192" percent="0" />
    </mem>
    <mem type="tenure" free="53583840" total="805306368" percent="6">
      <mem type="soa" free="45530080" total="797252608" percent="5" />
      <mem type="loa" free="8053760" total="8053760" percent="100" />
    </mem>
    <remembered-set count="98" />
  </mem-info>
</gc-start>
<allocation-stats totalBytes="8220824" >
  <allocated-bytes non-tlh="200" tlh="8220624" />
  <largest-consumer threadName="main" threadId="0000000000016F00" bytes="8220824" />
</allocation-stats>
<gc-op id="2958" type="rs-scan" timems="0.581" contextid="2937" timestamp="2022-02-08T16:15:16.118">
  <scan objectsFound="29" bytesTraced="5124" workStackOverflowCount="0" />
</gc-op>
<gc-op id="2959" type="card-cleaning" timems="170.712" contextid="2937" timestamp="2022-02-08T16:15:16.289">
  <card-cleaning cardsCleaned="9" bytesTraced="71012696" workStackOverflowCount="0" />
</gc-op>
<gc-op id="2960" type="mark" timems="53.802" contextid="2937" timestamp="2022-02-08T16:15:16.342">
  <trace-info objectcount="1794590" scancount="1347470" scanbytes="28813736" />
  <finalization candidates="428" enqueued="57" />
  <ownableSynchronizers candidates="1" cleared="0" />
  <references type="soft" candidates="894" cleared="0" enqueued="0" dynamicThreshold="11" maxThreshold="32" />
  <references type="weak" candidates="1701" cleared="0" enqueued="0" />
  <references type="phantom" candidates="52" cleared="2" enqueued="2" />
  <stringconstants candidates="6471" cleared="0"  />
  <object-monitors candidates="2" cleared="0"  />
</gc-op>
<gc-op id="2961" type="sweep" timems="10.871" contextid="2937" timestamp="2022-02-08T16:15:16.354" />
<gc-end id="2962" type="global" contextid="2937" durationms="236.405" usertimems="252.550" systemtimems="2.332" stalltimems="174.920" timestamp="2022-02-08T16:15:16.354" activeThreads="4">
  <mem-info id="2963" free="395749904" total="1073741824" percent="36">
    <mem type="nursery" free="99217960" total="268435456" percent="36">
      <mem type="allocate" free="99217960" total="183435264" percent="54" />
      <mem type="survivor" free="0" total="85000192" percent="0" />
    </mem>
    <mem type="tenure" free="296531944" total="805306368" percent="36" micro-fragmented="298656" macro-fragmented="0">
      <mem type="soa" free="288478184" total="797252608" percent="36" />
      <mem type="loa" free="8053760" total="8053760" percent="100" />
    </mem>
    <pending-finalizers system="57" default="0" reference="2" classloader="0" />
    <remembered-set count="98" />
  </mem-info>
</gc-end>
<cycle-end id="2964" type="global" contextid="2937" timestamp="2022-02-08T16:15:16.354" />
<exclusive-end id="2965" timestamp="2022-02-08T16:15:16.354" durationms="236.676" />

<exclusive-start id="2966" timestamp="2022-02-08T16:15:17.053" intervalms="935.579">
  <response-info timems="0.024" idlems="0.024" threads="0" lastid="0000000000016F00" lastname="main" />
</exclusive-start>
<af-start id="2967" threadId="0000000000017908" totalBytesRequested="96" timestamp="2022-02-08T16:15:17.053" intervalms="1193.350" type="nursery" />
<cycle-start id="2968" type="scavenge" contextid="0" timestamp="2022-02-08T16:15:17.053" intervalms="1193.649" />
<gc-start id="2969" type="scavenge" contextid="2968" timestamp="2022-02-08T16:15:17.053">
  <mem-info id="2970" free="296531944" total="1073741824" percent="27">
    <mem type="nursery" free="0" total="268435456" percent="0">
      <mem type="allocate" free="0" total="183435264" percent="0" />
      <mem type="survivor" free="0" total="85000192" percent="0" />
    </mem>
    <mem type="tenure" free="296531944" total="805306368" percent="36">
      <mem type="soa" free="288478184" total="797252608" percent="36" />
      <mem type="loa" free="8053760" total="8053760" percent="100" />
    </mem>
    <remembered-set count="101" />
  </mem-info>
</gc-start>
<allocation-stats totalBytes="99170296" >
  <allocated-bytes non-tlh="0" tlh="99170296" />
  <largest-consumer threadName="main" threadId="0000000000016F00" bytes="99166200" />
</allocation-stats>
<gc-op id="2971" type="scavenge" timems="98.576" contextid="2968" timestamp="2022-02-08T16:15:17.152">
  <scavenger-info tenureage="1" tenuremask="7ffe" tiltratio="68" />
  <memory-copied type="nursery" objects="1355087" bytes="76285864" bytesdiscarded="395864" />
  <memory-copied type="tenure" objects="1329066" bytes="76084080" bytesdiscarded="44104" />
  <finalization candidates="1" enqueued="0" />
  <ownableSynchronizers candidates="2" cleared="2" />
  <object-monitors candidates="2" cleared="0"  />
</gc-op>
<gc-end id="2972" type="scavenge" contextid="2968" durationms="98.772" usertimems="327.649" systemtimems="0.000" stalltimems="2.406" timestamp="2022-02-08T16:15:17.152" activeThreads="4">
  <mem-info id="2973" free="327445192" total="1073741824" percent="30">
    <mem type="nursery" free="107212288" total="268435456" percent="39">
      <mem type="allocate" free="107212288" total="183894016" percent="58" />
      <mem type="survivor" free="0" total="84541440" percent="0" />
    </mem>
    <mem type="tenure" free="220232904" total="805306368" percent="27" macro-fragmented="0">
      <mem type="soa" free="212179144" total="797252608" percent="26" />
      <mem type="loa" free="8053760" total="8053760" percent="100" />
    </mem>
    <remembered-set count="102" />
  </mem-info>
</gc-end>
<cycle-end id="2974" type="scavenge" contextid="2968" timestamp="2022-02-08T16:15:17.152" />
<allocation-satisfied id="2975" threadId="0000000000016F00" bytesRequested="96" />
<af-end id="2976" timestamp="2022-02-08T16:15:17.152" threadId="0000000000017908" success="true" from="nursery"/>
<exclusive-end id="2977" timestamp="2022-02-08T16:15:17.152" durationms="99.413" />

<exclusive-start id="2978" timestamp="2022-02-08T16:15:18.013" intervalms="960.681">
  <response-info timems="0.019" idlems="0.019" threads="0" lastid="0000000000016F00" lastname="main" />
</exclusive-start>
<af-start id="2979" threadId="0000000000017908" totalBytesRequested="24" timestamp="2022-02-08T16:15:18.013" intervalms="960.657" type="nursery" />
<cycle-start id="2980" type="scavenge" contextid="0" timestamp="2022-02-08T16:15:18.014" intervalms="960.338" />
<gc-start id="2981" type="scavenge" contextid="2980" timestamp="2022-02-08T16:15:18.014">
  <mem-info id="2982" free="220232904" total="1073741824" percent="20">
    <mem type="nursery" free="0" total="268435456" percent="0">
      <mem type="allocate" free="0" total="183894016" percent="0" />
      <mem type="survivor" free="0" total="84541440" percent="0" />
    </mem>
    <mem type="tenure" free="220232904" total="805306368" percent="27">
      <mem type="soa" free="212179144" total="797252608" percent="26" />
      <mem type="loa" free="8053760" total="8053760" percent="100" />
    </mem>
    <remembered-set count="133" />
  </mem-info>
</gc-start>
<allocation-stats totalBytes="107168288" >
  <allocated-bytes non-tlh="848800" tlh="106319488" />
  <largest-consumer threadName="main" threadId="0000000000016F00" bytes="107168288" />
</allocation-stats>
<gc-op id="2983" type="scavenge" timems="97.930" contextid="2980" timestamp="2022-02-08T16:15:18.112">
  <scavenger-info tenureage="1" tenuremask="7ffe" tiltratio="68" />
  <memory-copied type="nursery" objects="1445789" bytes="75508776" bytesdiscarded="102752" />
  <memory-copied type="tenure" objects="1355086" bytes="76285808" bytesdiscarded="41064" />
  <finalization candidates="89" enqueued="49" />
  <references type="soft" candidates="14" cleared="0" enqueued="0" dynamicThreshold="11" maxThreshold="32" />
  <references type="weak" candidates="1" cleared="0" enqueued="0" />
  <references type="phantom" candidates="74" cleared="7" enqueued="7" />
  <object-monitors candidates="2" cleared="0"  />
</gc-op>
<gc-end id="2984" type="scavenge" contextid="2980" durationms="98.349" usertimems="342.632" systemtimems="0.000" stalltimems="17.701" timestamp="2022-02-08T16:15:18.112" activeThreads="4">
  <mem-info id="2985" free="252542248" total="1073741824" percent="23">
    <mem type="nursery" free="108741112" total="268435456" percent="40">
      <mem type="allocate" free="108741112" total="184352768" percent="58" />
      <mem type="survivor" free="0" total="84082688" percent="0" />
    </mem>
    <mem type="tenure" free="143801136" total="805306368" percent="17" macro-fragmented="0">
      <mem type="soa" free="135747376" total="797252608" percent="17" />
      <mem type="loa" free="8053760" total="8053760" percent="100" />
    </mem>
    <pending-finalizers system="48" default="1" reference="7" classloader="0" />
    <remembered-set count="129" />
  </mem-info>
</gc-end>
<cycle-end id="2986" type="scavenge" contextid="2980" timestamp="2022-02-08T16:15:18.112" />
<allocation-satisfied id="2987" threadId="0000000000016F00" bytesRequested="24" />
<af-end id="2988" timestamp="2022-02-08T16:15:18.112" threadId="0000000000017908" success="true" from="nursery"/>
<exclusive-end id="2989" timestamp="2022-02-08T16:15:18.112" durationms="98.638" />

<concurrent-kickoff id="2990" timestamp="2022-02-08T16:15:18.874">
  <kickoff reason="threshold reached" targetBytes="74439357" thresholdFreeBytes="5773303"  remainingFree="5767064" tenureFreeBytes="143801136" nurseryFreeBytes="5767064" />
</concurrent-kickoff>
<exclusive-start id="2991" timestamp="2022-02-08T16:15:18.878" intervalms="864.107">
  <response-info timems="0.021" idlems="0.021" threads="0" lastid="0000000000016F00" lastname="main" />
</exclusive-start>
<cycle-start id="2992" type="global" contextid="0" timestamp="2022-02-08T16:15:18.878" intervalms="3188.201" />
<concurrent-start id="2993" type="global mark" contextid="2992" timestamp="2022-02-08T16:15:18.878">
</concurrent-start>
<exclusive-end id="2994" timestamp="2022-02-08T16:15:18.878" durationms="0.064" />

<exclusive-start id="2995" timestamp="2022-02-08T16:15:19.060" intervalms="182.553">
  <response-info timems="0.065" idlems="0.065" threads="0" lastid="0000000000016F00" lastname="main" />
</exclusive-start>
<af-start id="2996" threadId="0000000000017908" totalBytesRequested="24" timestamp="2022-02-08T16:15:19.060" intervalms="1046.679" type="nursery" />
<cycle-start id="2997" type="scavenge" contextid="0" timestamp="2022-02-08T16:15:19.060" intervalms="1046.682" />
<gc-start id="2998" type="scavenge" contextid="2997" timestamp="2022-02-08T16:15:19.060">
  <mem-info id="2999" free="143801136" total="1073741824" percent="13">
    <mem type="nursery" free="0" total="268435456" percent="0">
      <mem type="allocate" free="0" total="184352768" percent="0" />
      <mem type="survivor" free="0" total="84082688" percent="0" />
    </mem>
    <mem type="tenure" free="143801136" total="805306368" percent="17">
      <mem type="soa" free="135747376" total="797252608" percent="17" />
      <mem type="loa" free="8053760" total="8053760" percent="100" />
    </mem>
    <remembered-set count="130" />
  </mem-info>
</gc-start>
<allocation-stats totalBytes="108690632" >
  <allocated-bytes non-tlh="2089568" tlh="106601064" />
  <largest-consumer threadName="main" threadId="0000000000016F00" bytes="108682440" />
</allocation-stats>
<gc-op id="3000" type="scavenge" timems="85.455" contextid="2997" timestamp="2022-02-08T16:15:19.146">
  <scavenger-info tenureage="1" tenuremask="7ffe" tiltratio="68" />
  <memory-copied type="nursery" objects="1392408" bytes="77266904" bytesdiscarded="146336" />
  <memory-copied type="tenure" objects="1445114" bytes="75069192" bytesdiscarded="41080" />
  <finalization candidates="61" enqueued="4" />
  <references type="phantom" candidates="21" cleared="0" enqueued="0" />
  <object-monitors candidates="2" cleared="0"  />
</gc-op>
<gc-end id="3001" type="scavenge" contextid="2997" durationms="85.658" usertimems="332.528" systemtimems="0.160" stalltimems="3.273" timestamp="2022-02-08T16:15:19.146" activeThreads="4">
  <mem-info id="3002" free="174545312" total="1073741824" percent="16">
    <mem type="nursery" free="105890952" total="268435456" percent="39">
      <mem type="allocate" free="105890952" total="183304192" percent="57" />
      <mem type="survivor" free="0" total="85131264" percent="0" />
    </mem>
    <mem type="tenure" free="68654360" total="805306368" percent="8" macro-fragmented="39939376">
      <mem type="soa" free="60600600" total="797252608" percent="7" />
      <mem type="loa" free="8053760" total="8053760" percent="100" />
    </mem>
    <pending-finalizers system="4" default="0" reference="0" classloader="0" />
    <remembered-set count="103" />
  </mem-info>
</gc-end>
<cycle-end id="3003" type="scavenge" contextid="2997" timestamp="2022-02-08T16:15:19.146" />
<allocation-satisfied id="3004" threadId="0000000000016F00" bytesRequested="24" />
<af-end id="3005" timestamp="2022-02-08T16:15:19.146" threadId="0000000000017908" success="true" from="nursery"/>
<exclusive-end id="3006" timestamp="2022-02-08T16:15:19.146" durationms="85.984" />

<concurrent-end id="3007" type="global mark" contextid="2992" timestamp="2022-02-08T16:15:19.253">
<gc-op id="3008" type="trace" timems="374.890" contextid="2992" timestamp="2022-02-08T16:15:19.253">
  <trace bytesTraced="74437252" workStackOverflowCount="0" />
  <card-cleaning reason="card cleaning threshold reached" bytesTraced="808" cardsCleaned="2" />
</gc-op>
</concurrent-end>

<exclusive-start id="3009" timestamp="2022-02-08T16:15:19.253" intervalms="192.442">
  <response-info timems="0.018" idlems="0.018" threads="0" lastid="0000000000016F00" lastname="main" />
</exclusive-start>
<concurrent-global-final id="3010" timestamp="2022-02-08T16:15:19.253" contextid="2992" intervalms="3135.335" >
  <concurrent-trace-info reason="card cleaning threshold reached" tracedByMutators="51106860" tracedByHelpers="23331200" cardsCleaned="2" workStackOverflowCount="0" />
</concurrent-global-final>
<gc-start id="3011" type="global" contextid="2992" timestamp="2022-02-08T16:15:19.253">
  <mem-info id="3012" free="166840712" total="1073741824" percent="15">
    <mem type="nursery" free="98186352" total="268435456" percent="36">
      <mem type="allocate" free="98186352" total="183304192" percent="53" />
      <mem type="survivor" free="0" total="85131264" percent="0" />
    </mem>
    <mem type="tenure" free="68654360" total="805306368" percent="8">
      <mem type="soa" free="60600600" total="797252608" percent="7" />
      <mem type="loa" free="8053760" total="8053760" percent="100" />
    </mem>
    <remembered-set count="103" />
  </mem-info>
</gc-start>
<allocation-stats totalBytes="7699784" >
  <allocated-bytes non-tlh="24" tlh="7699760" />
  <largest-consumer threadName="main" threadId="0000000000016F00" bytes="7695688" />
</allocation-stats>
<gc-op id="3013" type="rs-scan" timems="0.605" contextid="2992" timestamp="2022-02-08T16:15:19.253">
  <scan objectsFound="29" bytesTraced="5188" workStackOverflowCount="0" />
</gc-op>
<gc-op id="3014" type="card-cleaning" timems="159.964" contextid="2992" timestamp="2022-02-08T16:15:19.413">
  <card-cleaning cardsCleaned="10" bytesTraced="71012768" workStackOverflowCount="0" />
</gc-op>
<gc-op id="3015" type="mark" timems="49.958" contextid="2992" timestamp="2022-02-08T16:15:19.463">
  <trace-info objectcount="1550101" scancount="1164102" scanbytes="24901928" />
  <finalization candidates="428" enqueued="57" />
  <ownableSynchronizers candidates="1" cleared="0" />
  <references type="soft" candidates="894" cleared="0" enqueued="0" dynamicThreshold="11" maxThreshold="32" />
  <references type="weak" candidates="1701" cleared="0" enqueued="0" />
  <references type="phantom" candidates="52" cleared="2" enqueued="2" />
  <stringconstants candidates="6471" cleared="0"  />
  <object-monitors candidates="2" cleared="0"  />
</gc-op>
<gc-op id="3016" type="sweep" timems="4.947" contextid="2992" timestamp="2022-02-08T16:15:19.468" />
<gc-end id="3017" type="global" contextid="2992" durationms="215.680" usertimems="264.915" systemtimems="2.375" stalltimems="109.399" timestamp="2022-02-08T16:15:19.468" activeThreads="4">
  <mem-info id="3018" free="410162600" total="1073741824" percent="38">
    <mem type="nursery" free="98462568" total="268435456" percent="36">
      <mem type="allocate" free="98462568" total="183304192" percent="53" />
      <mem type="survivor" free="0" total="85131264" percent="0" />
    </mem>
    <mem type="tenure" free="311700032" total="805306368" percent="38" micro-fragmented="271063" macro-fragmented="0">
      <mem type="soa" free="303646272" total="797252608" percent="38" />
      <mem type="loa" free="8053760" total="8053760" percent="100" />
    </mem>
    <pending-finalizers system="57" default="0" reference="2" classloader="0" />
    <remembered-set count="103" />
  </mem-info>
</gc-end>
<cycle-end id="3019" type="global" contextid="2992" timestamp="2022-02-08T16:15:19.468" />
<exclusive-end id="3020" timestamp="2022-02-08T16:15:19.468" durationms="215.906" />

<exclusive-start id="3021" timestamp="2022-02-08T16:15:20.167" intervalms="914.467">
  <response-info timems="0.018" idlems="0.018" threads="0" lastid="0000000000016F00" lastname="main" />
</exclusive-start>
<af-start id="3022" threadId="0000000000017908" totalBytesRequested="24" timestamp="2022-02-08T16:15:20.167" intervalms="1106.892" type="nursery" />
<cycle-start id="3023" type="scavenge" contextid="0" timestamp="2022-02-08T16:15:20.167" intervalms="1106.888" />
<gc-start id="3024" type="scavenge" contextid="3023" timestamp="2022-02-08T16:15:20.167">
  <mem-info id="3025" free="311700032" total="1073741824" percent="29">
    <mem type="nursery" free="0" total="268435456" percent="0">
      <mem type="allocate" free="0" total="183304192" percent="0" />
      <mem type="survivor" free="0" total="85131264" percent="0" />
    </mem>
    <mem type="tenure" free="311700032" total="805306368" percent="38">
      <mem type="soa" free="303646272" total="797252608" percent="38" />
      <mem type="loa" free="8053760" total="8053760" percent="100" />
    </mem>
    <remembered-set count="106" />
  </mem-info>
</gc-start>
<allocation-stats totalBytes="98415592" >
  <allocated-bytes non-tlh="0" tlh="98415592" />
  <largest-consumer threadName="main" threadId="0000000000016F00" bytes="98411496" />
</allocation-stats>
<gc-op id="3026" type="scavenge" timems="83.342" contextid="3023" timestamp="2022-02-08T16:15:20.250">
  <scavenger-info tenureage="1" tenuremask="7ffe" tiltratio="68" />
  <memory-copied type="nursery" objects="1333651" bytes="75370440" bytesdiscarded="280424" />
  <memory-copied type="tenure" objects="1392360" bytes="77232504" bytesdiscarded="42864" />
  <finalization candidates="17" enqueued="0" />
  <ownableSynchronizers candidates="2" cleared="2" />
  <object-monitors candidates="2" cleared="0"  />
</gc-op>
<gc-end id="3027" type="scavenge" contextid="3023" durationms="83.540" usertimems="318.018" systemtimems="4.477" stalltimems="7.935" timestamp="2022-02-08T16:15:20.251" activeThreads="4">
  <mem-info id="3028" free="342255792" total="1073741824" percent="31">
    <mem type="nursery" free="107981008" total="268435456" percent="40">
      <mem type="allocate" free="107981008" total="183631872" percent="58" />
      <mem type="survivor" free="0" total="84803584" percent="0" />
    </mem>
    <mem type="tenure" free="234274784" total="805306368" percent="29" macro-fragmented="242284">
      <mem type="soa" free="226221024" total="797252608" percent="28" />
      <mem type="loa" free="8053760" total="8053760" percent="100" />
    </mem>
    <remembered-set count="101" />
  </mem-info>
</gc-end>
<cycle-end id="3029" type="scavenge" contextid="3023" timestamp="2022-02-08T16:15:20.251" />
<allocation-satisfied id="3030" threadId="0000000000016F00" bytesRequested="24" />
<af-end id="3031" timestamp="2022-02-08T16:15:20.251" threadId="0000000000017908" success="true" from="nursery"/>
<exclusive-end id="3032" timestamp="2022-02-08T16:15:20.251" durationms="83.792" />

<exclusive-start id="3033" timestamp="2022-02-08T16:15:20.957" intervalms="789.785">
  <response-info timems="0.017" idlems="0.017" threads="0" lastid="0000000000016F00" lastname="main" />
</exclusive-start>
<af-start id="3034" threadId="0000000000017908" totalBytesRequested="24" timestamp="2022-02-08T16:15:20.957" intervalms="789.796" type="nursery" />
<cycle-start id="3035" type="scavenge" contextid="0" timestamp="2022-02-08T16:15:20.957" intervalms="789.796" />
<gc-start id="3036" type="scavenge" contextid="3035" timestamp="2022-02-08T16:15:20.957">
  <mem-info id="3037" free="234274784" total="1073741824" percent="21">
    <mem type="nursery" free="0" total="268435456" percent="0">
      <mem type="allocate" free="0" total="183631872" percent="0" />
      <mem type="survivor" free="0" total="84803584" percent="0" />
    </mem>
    <mem type="tenure" free="234274784" total="805306368" percent="29">
      <mem type="soa" free="226221024" total="797252608" percent="28" />
      <mem type="loa" free="8053760" total="8053760" percent="100" />
    </mem>
    <remembered-set count="108" />
  </mem-info>
</gc-start>
<allocation-stats totalBytes="107930920" >
  <allocated-bytes non-tlh="24" tlh="107930896" />
  <largest-consumer threadName="main" threadId="0000000000016F00" bytes="107930920" />
</allocation-stats>
<gc-op id="3038" type="scavenge" timems="99.162" contextid="3035" timestamp="2022-02-08T16:15:21.056">
  <scavenger-info tenureage="1" tenuremask="7ffe" tiltratio="68" />
  <memory-copied type="nursery" objects="1345491" bytes="76735800" bytesdiscarded="99888" />
  <memory-copied type="tenure" objects="1333651" bytes="75370440" bytesdiscarded="42840" />
  <finalization candidates="1" enqueued="0" />
  <references type="phantom" candidates="1" cleared="0" enqueued="0" />
  <object-monitors candidates="2" cleared="0"  />
</gc-op>
<gc-end id="3039" type="scavenge" contextid="3035" durationms="99.413" usertimems="329.364" systemtimems="0.000" stalltimems="22.225" timestamp="2022-02-08T16:15:21.056" activeThreads="4">
  <mem-info id="3040" free="265539176" total="1073741824" percent="24">
    <mem type="nursery" free="106861720" total="268435456" percent="39">
      <mem type="allocate" free="106861720" total="183697408" percent="58" />
      <mem type="survivor" free="0" total="84738048" percent="0" />
    </mem>
    <mem type="tenure" free="158677456" total="805306368" percent="19" macro-fragmented="0">
      <mem type="soa" free="150623696" total="797252608" percent="18" />
      <mem type="loa" free="8053760" total="8053760" percent="100" />
    </mem>
    <remembered-set count="108" />
  </mem-info>
</gc-end>
<cycle-end id="3041" type="scavenge" contextid="3035" timestamp="2022-02-08T16:15:21.056" />
<allocation-satisfied id="3042" threadId="0000000000016F00" bytesRequested="24" />
<af-end id="3043" timestamp="2022-02-08T16:15:21.056" threadId="0000000000017908" success="true" from="nursery"/>
<exclusive-end id="3044" timestamp="2022-02-08T16:15:21.056" durationms="99.666" />

<concurrent-kickoff id="3045" timestamp="2022-02-08T16:15:21.927">
  <kickoff reason="threshold reached" targetBytes="74439094" thresholdFreeBytes="5795452"  remainingFree="5739672" tenureFreeBytes="158677456" nurseryFreeBytes="5739672" />
</concurrent-kickoff>
<exclusive-start id="3046" timestamp="2022-02-08T16:15:21.932" intervalms="974.801">
  <response-info timems="0.018" idlems="0.018" threads="0" lastid="0000000000016F00" lastname="main" />
</exclusive-start>
<cycle-start id="3047" type="global" contextid="0" timestamp="2022-02-08T16:15:21.932" intervalms="3054.046" />
<concurrent-start id="3048" type="global mark" contextid="3047" timestamp="2022-02-08T16:15:21.932">
</concurrent-start>
<exclusive-end id="3049" timestamp="2022-02-08T16:15:21.932" durationms="0.048" />

<exclusive-start id="3050" timestamp="2022-02-08T16:15:21.989" intervalms="57.286">
  <response-info timems="0.038" idlems="0.022" threads="1" lastid="00000000001C3D00" lastname="Concurrent Mark Helper" />
</exclusive-start>
<af-start id="3051" threadId="0000000000017908" totalBytesRequested="16" timestamp="2022-02-08T16:15:21.989" intervalms="1032.077" type="nursery" />
<cycle-start id="3052" type="scavenge" contextid="0" timestamp="2022-02-08T16:15:21.989" intervalms="1032.110" />
<gc-start id="3053" type="scavenge" contextid="3052" timestamp="2022-02-08T16:15:21.989">
  <mem-info id="3054" free="158677456" total="1073741824" percent="14">
    <mem type="nursery" free="0" total="268435456" percent="0">
      <mem type="allocate" free="0" total="183697408" percent="0" />
      <mem type="survivor" free="0" total="84738048" percent="0" />
    </mem>
    <mem type="tenure" free="158677456" total="805306368" percent="19">
      <mem type="soa" free="150623696" total="797252608" percent="18" />
      <mem type="loa" free="8053760" total="8053760" percent="100" />
    </mem>
    <remembered-set count="132" />
  </mem-info>
</gc-start>
<allocation-stats totalBytes="106816040" >
  <allocated-bytes non-tlh="3008848" tlh="103807192" />
  <largest-consumer threadName="main" threadId="0000000000016F00" bytes="106816040" />
</allocation-stats>
<gc-op id="3055" type="scavenge" timems="95.340" contextid="3052" timestamp="2022-02-08T16:15:22.084">
  <scavenger-info tenureage="1" tenuremask="7ffe" tiltratio="68" />
  <memory-copied type="nursery" objects="1436700" bytes="75112920" bytesdiscarded="60600" />
  <memory-copied type="tenure" objects="1345477" bytes="76722752" bytesdiscarded="41144" />
  <finalization candidates="110" enqueued="53" />
  <references type="soft" candidates="14" cleared="0" enqueued="0" dynamicThreshold="12" maxThreshold="32" />
  <references type="weak" candidates="1" cleared="0" enqueued="0" />
  <references type="phantom" candidates="95" cleared="7" enqueued="7" />
  <object-monitors candidates="2" cleared="0"  />
</gc-op>
<gc-end id="3056" type="scavenge" contextid="3052" durationms="95.611" usertimems="352.940" systemtimems="0.000" stalltimems="2.900" timestamp="2022-02-08T16:15:22.085" activeThreads="4">
  <mem-info id="3057" free="190937544" total="1073741824" percent="17">
    <mem type="nursery" free="108916976" total="268435456" percent="40">
      <mem type="allocate" free="108916976" total="184090624" percent="59" />
      <mem type="survivor" free="0" total="84344832" percent="0" />
    </mem>
    <mem type="tenure" free="82020568" total="805306368" percent="10" macro-fragmented="57512708">
      <mem type="soa" free="73966808" total="797252608" percent="9" />
      <mem type="loa" free="8053760" total="8053760" percent="100" />
    </mem>
    <pending-finalizers system="52" default="1" reference="7" classloader="0" />
    <remembered-set count="118" />
  </mem-info>
</gc-end>
<cycle-end id="3058" type="scavenge" contextid="3052" timestamp="2022-02-08T16:15:22.085" />
<allocation-satisfied id="3059" threadId="0000000000016F00" bytesRequested="16" />
<af-end id="3060" timestamp="2022-02-08T16:15:22.085" threadId="0000000000017908" success="true" from="nursery"/>
<exclusive-end id="3061" timestamp="2022-02-08T16:15:22.085" durationms="96.114" />

<concurrent-end id="3062" type="global mark" contextid="3047" timestamp="2022-02-08T16:15:22.312">
<gc-op id="3063" type="trace" timems="379.969" contextid="3047" timestamp="2022-02-08T16:15:22.312">
  <trace bytesTraced="74437444" workStackOverflowCount="0" />
  <card-cleaning reason="card cleaning threshold reached" bytesTraced="808" cardsCleaned="2" />
</gc-op>
</concurrent-end>

<exclusive-start id="3064" timestamp="2022-02-08T16:15:22.312" intervalms="322.773">
  <response-info timems="0.022" idlems="0.022" threads="0" lastid="0000000000016F00" lastname="main" />
</exclusive-start>
<concurrent-global-final id="3065" timestamp="2022-02-08T16:15:22.312" contextid="3047" intervalms="3059.153" >
  <concurrent-trace-info reason="card cleaning threshold reached" tracedByMutators="49930608" tracedByHelpers="24507644" cardsCleaned="2" workStackOverflowCount="0" />
</concurrent-global-final>
<gc-start id="3066" type="global" contextid="3047" timestamp="2022-02-08T16:15:22.312">
  <mem-info id="3067" free="175757752" total="1073741824" percent="16">
    <mem type="nursery" free="93737184" total="268435456" percent="34">
      <mem type="allocate" free="93737184" total="184090624" percent="50" />
      <mem type="survivor" free="0" total="84344832" percent="0" />
    </mem>
    <mem type="tenure" free="82020568" total="805306368" percent="10">
      <mem type="soa" free="73966808" total="797252608" percent="9" />
      <mem type="loa" free="8053760" total="8053760" percent="100" />
    </mem>
    <remembered-set count="119" />
  </mem-info>
</gc-start>
<allocation-stats totalBytes="15172144" >
  <allocated-bytes non-tlh="16" tlh="15172128" />
  <largest-consumer threadName="main" threadId="0000000000016F00" bytes="15163952" />
</allocation-stats>
<gc-op id="3068" type="rs-scan" timems="134.794" contextid="3047" timestamp="2022-02-08T16:15:22.447">
  <scan objectsFound="3324743" bytesTraced="71015440" workStackOverflowCount="0" />
</gc-op>
<gc-op id="3069" type="card-cleaning" timems="0.250" contextid="3047" timestamp="2022-02-08T16:15:22.447">
  <card-cleaning cardsCleaned="4" bytesTraced="2068" workStackOverflowCount="0" />
</gc-op>
<gc-op id="3070" type="mark" timems="45.215" contextid="3047" timestamp="2022-02-08T16:15:22.492">
  <trace-info objectcount="1319773" scancount="991356" scanbytes="21216648" />
  <finalization candidates="428" enqueued="57" />
  <ownableSynchronizers candidates="1" cleared="0" />
  <references type="soft" candidates="894" cleared="0" enqueued="0" dynamicThreshold="12" maxThreshold="32" />
  <references type="weak" candidates="1701" cleared="0" enqueued="0" />
  <references type="phantom" candidates="52" cleared="2" enqueued="2" />
  <stringconstants candidates="6471" cleared="0"  />
  <object-monitors candidates="2" cleared="0"  />
</gc-op>
<gc-op id="3071" type="sweep" timems="4.965" contextid="3047" timestamp="2022-02-08T16:15:22.497" />
<gc-end id="3072" type="global" contextid="3047" durationms="185.437" usertimems="237.037" systemtimems="4.462" stalltimems="94.795" timestamp="2022-02-08T16:15:22.497" activeThreads="4">
  <mem-info id="3073" free="419359984" total="1073741824" percent="39">
    <mem type="nursery" free="94370976" total="268435456" percent="35">
      <mem type="allocate" free="94370976" total="184090624" percent="51" />
      <mem type="survivor" free="0" total="84344832" percent="0" />
    </mem>
    <mem type="tenure" free="324989008" total="805306368" percent="40" micro-fragmented="251058" macro-fragmented="0">
      <mem type="soa" free="316935248" total="797252608" percent="39" />
      <mem type="loa" free="8053760" total="8053760" percent="100" />
    </mem>
    <pending-finalizers system="57" default="0" reference="2" classloader="0" />
    <remembered-set count="105" />
  </mem-info>
</gc-end>
<cycle-end id="3074" type="global" contextid="3047" timestamp="2022-02-08T16:15:22.497" />
<exclusive-end id="3075" timestamp="2022-02-08T16:15:22.497" durationms="185.681" />

<exclusive-start id="3076" timestamp="2022-02-08T16:15:23.193" intervalms="880.842">
  <response-info timems="0.019" idlems="0.019" threads="0" lastid="0000000000016F00" lastname="main" />
</exclusive-start>
<af-start id="3077" threadId="0000000000017908" totalBytesRequested="112" timestamp="2022-02-08T16:15:23.193" intervalms="1203.616" type="nursery" />
<cycle-start id="3078" type="scavenge" contextid="0" timestamp="2022-02-08T16:15:23.193" intervalms="1203.590" />
<gc-start id="3079" type="scavenge" contextid="3078" timestamp="2022-02-08T16:15:23.193">
  <mem-info id="3080" free="324989008" total="1073741824" percent="30">
    <mem type="nursery" free="0" total="268435456" percent="0">
      <mem type="allocate" free="0" total="184090624" percent="0" />
      <mem type="survivor" free="0" total="84344832" percent="0" />
    </mem>
    <mem type="tenure" free="324989008" total="805306368" percent="40">
      <mem type="soa" free="316935248" total="797252608" percent="39" />
      <mem type="loa" free="8053760" total="8053760" percent="100" />
    </mem>
    <remembered-set count="106" />
  </mem-info>
</gc-start>
<allocation-stats totalBytes="94327488" >
  <allocated-bytes non-tlh="0" tlh="94327488" />
  <largest-consumer threadName="main" threadId="0000000000016F00" bytes="94323392" />
</allocation-stats>
<gc-op id="3081" type="scavenge" timems="94.672" contextid="3078" timestamp="2022-02-08T16:15:23.287">
  <scavenger-info tenureage="1" tenuremask="7ffe" tiltratio="68" />
  <memory-copied type="nursery" objects="1413115" bytes="77905368" bytesdiscarded="145216" />
  <memory-copied type="tenure" objects="1435985" bytes="74644984" bytesdiscarded="38560" />
  <finalization candidates="56" enqueued="0" />
  <ownableSynchronizers candidates="2" cleared="2" />
  <object-monitors candidates="2" cleared="0"  />
</gc-op>
<gc-end id="3082" type="scavenge" contextid="3078" durationms="94.855" usertimems="352.136" systemtimems="0.000" stalltimems="4.153" timestamp="2022-02-08T16:15:23.287" activeThreads="4">
  <mem-info id="3083" free="353928816" total="1073741824" percent="32">
    <mem type="nursery" free="103746280" total="268435456" percent="38">
      <mem type="allocate" free="103746280" total="181796864" percent="57" />
      <mem type="survivor" free="0" total="86638592" percent="0" />
    </mem>
    <mem type="tenure" free="250182536" total="805306368" percent="31" macro-fragmented="1250136">
      <mem type="soa" free="242128776" total="797252608" percent="30" />
      <mem type="loa" free="8053760" total="8053760" percent="100" />
    </mem>
    <remembered-set count="100" />
  </mem-info>
</gc-end>
<cycle-end id="3084" type="scavenge" contextid="3078" timestamp="2022-02-08T16:15:23.288" />
<allocation-satisfied id="3085" threadId="0000000000016F00" bytesRequested="112" />
<af-end id="3086" timestamp="2022-02-08T16:15:23.288" threadId="0000000000017908" success="true" from="nursery"/>
<exclusive-end id="3087" timestamp="2022-02-08T16:15:23.288" durationms="95.122" />

<exclusive-start id="3088" timestamp="2022-02-08T16:15:23.953" intervalms="760.342">
  <response-info timems="0.021" idlems="0.021" threads="0" lastid="0000000000016F00" lastname="main" />
</exclusive-start>
<af-start id="3089" threadId="0000000000017908" totalBytesRequested="192" timestamp="2022-02-08T16:15:23.953" intervalms="760.340" type="nursery" />
<cycle-start id="3090" type="scavenge" contextid="0" timestamp="2022-02-08T16:15:23.953" intervalms="760.373" />
<gc-start id="3091" type="scavenge" contextid="3090" timestamp="2022-02-08T16:15:23.953">
  <mem-info id="3092" free="250182536" total="1073741824" percent="23">
    <mem type="nursery" free="0" total="268435456" percent="0">
      <mem type="allocate" free="0" total="181796864" percent="0" />
      <mem type="survivor" free="0" total="86638592" percent="0" />
    </mem>
    <mem type="tenure" free="250182536" total="805306368" percent="31">
      <mem type="soa" free="242128776" total="797252608" percent="30" />
      <mem type="loa" free="8053760" total="8053760" percent="100" />
    </mem>
    <remembered-set count="100" />
  </mem-info>
</gc-start>
<allocation-stats totalBytes="103699656" >
  <allocated-bytes non-tlh="112" tlh="103699544" />
  <largest-consumer threadName="main" threadId="0000000000016F00" bytes="103699656" />
</allocation-stats>
<gc-op id="3093" type="scavenge" timems="90.153" contextid="3090" timestamp="2022-02-08T16:15:24.043">
  <scavenger-info tenureage="1" tenuremask="7ffe" tiltratio="67" />
  <memory-copied type="nursery" objects="1296105" bytes="73730880" bytesdiscarded="173920" />
  <memory-copied type="tenure" objects="1413115" bytes="77905368" bytesdiscarded="40856" />
  <object-monitors candidates="2" cleared="0"  />
</gc-op>
<gc-end id="3094" type="scavenge" contextid="3090" durationms="90.400" usertimems="351.525" systemtimems="0.000" stalltimems="3.688" timestamp="2022-02-08T16:15:24.043" activeThreads="4">
  <mem-info id="3095" free="280660208" total="1073741824" percent="26">
    <mem type="nursery" free="108416352" total="268435456" percent="40">
      <mem type="allocate" free="108416352" total="182321152" percent="59" />
      <mem type="survivor" free="0" total="86114304" percent="0" />
    </mem>
    <mem type="tenure" free="172243856" total="805306368" percent="21" macro-fragmented="57512708">
      <mem type="soa" free="164190096" total="797252608" percent="20" />
      <mem type="loa" free="8053760" total="8053760" percent="100" />
    </mem>
    <remembered-set count="101" />
  </mem-info>
</gc-end>
<cycle-end id="3096" type="scavenge" contextid="3090" timestamp="2022-02-08T16:15:24.044" />
<allocation-satisfied id="3097" threadId="0000000000016F00" bytesRequested="192" />
<af-end id="3098" timestamp="2022-02-08T16:15:24.044" threadId="0000000000017908" success="true" from="nursery"/>
<exclusive-end id="3099" timestamp="2022-02-08T16:15:24.044" durationms="90.750" />

<exclusive-start id="3100" timestamp="2022-02-08T16:15:25.009" intervalms="1056.317">
  <response-info timems="0.019" idlems="0.019" threads="0" lastid="0000000000016F00" lastname="main" />
</exclusive-start>
<af-start id="3101" threadId="0000000000017908" totalBytesRequested="224" timestamp="2022-02-08T16:15:25.009" intervalms="1056.317" type="nursery" />
<cycle-start id="3102" type="scavenge" contextid="0" timestamp="2022-02-08T16:15:25.009" intervalms="1056.279" />
<gc-start id="3103" type="scavenge" contextid="3102" timestamp="2022-02-08T16:15:25.009">
  <mem-info id="3104" free="172243856" total="1073741824" percent="16">
    <mem type="nursery" free="0" total="268435456" percent="0">
      <mem type="allocate" free="0" total="182321152" percent="0" />
      <mem type="survivor" free="0" total="86114304" percent="0" />
    </mem>
    <mem type="tenure" free="172243856" total="805306368" percent="21">
      <mem type="soa" free="164190096" total="797252608" percent="20" />
      <mem type="loa" free="8053760" total="8053760" percent="100" />
    </mem>
    <remembered-set count="131" />
  </mem-info>
</gc-start>
<allocation-stats totalBytes="108370040" >
  <allocated-bytes non-tlh="2938440" tlh="105431600" />
  <largest-consumer threadName="main" threadId="0000000000016F00" bytes="108370040" />
</allocation-stats>
<gc-op id="3105" type="scavenge" timems="87.194" contextid="3102" timestamp="2022-02-08T16:15:25.096">
  <scavenger-info tenureage="1" tenuremask="7ffe" tiltratio="67" />
  <memory-copied type="nursery" objects="1444284" bytes="76154424" bytesdiscarded="157008" />
  <memory-copied type="tenure" objects="1296104" bytes="73730776" bytesdiscarded="39968" />
  <finalization candidates="110" enqueued="53" />
  <references type="soft" candidates="14" cleared="0" enqueued="0" dynamicThreshold="12" maxThreshold="32" />
  <references type="weak" candidates="1" cleared="0" enqueued="0" />
  <references type="phantom" candidates="95" cleared="7" enqueued="7" />
  <object-monitors candidates="2" cleared="0"  />
</gc-op>
<gc-end id="3106" type="scavenge" contextid="3102" durationms="87.389" usertimems="343.859" systemtimems="0.000" stalltimems="4.084" timestamp="2022-02-08T16:15:25.097" activeThreads="4">
  <mem-info id="3107" free="204652400" total="1073741824" percent="19">
    <mem type="nursery" free="106271736" total="268435456" percent="39">
      <mem type="allocate" free="106271736" total="182583296" percent="58" />
      <mem type="survivor" free="0" total="85852160" percent="0" />
    </mem>
    <mem type="tenure" free="98380664" total="805306368" percent="12" macro-fragmented="27735676">
      <mem type="soa" free="90326904" total="797252608" percent="11" />
      <mem type="loa" free="8053760" total="8053760" percent="100" />
    </mem>
    <pending-finalizers system="52" default="1" reference="7" classloader="0" />
    <remembered-set count="126" />
  </mem-info>
</gc-end>
<cycle-end id="3108" type="scavenge" contextid="3102" timestamp="2022-02-08T16:15:25.097" />
<allocation-satisfied id="3109" threadId="0000000000016F00" bytesRequested="224" />
<af-end id="3110" timestamp="2022-02-08T16:15:25.097" threadId="0000000000017908" success="true" from="nursery"/>
<exclusive-end id="3111" timestamp="2022-02-08T16:15:25.097" durationms="87.728" />

<concurrent-kickoff id="3112" timestamp="2022-02-08T16:15:25.836">
  <kickoff reason="threshold reached" targetBytes="74438929" thresholdFreeBytes="5783583"  remainingFree="5739512" tenureFreeBytes="98380664" nurseryFreeBytes="5739512" />
</concurrent-kickoff>
<exclusive-start id="3113" timestamp="2022-02-08T16:15:25.841" intervalms="831.658">
  <response-info timems="0.019" idlems="0.019" threads="0" lastid="0000000000016F00" lastname="main" />
</exclusive-start>
<cycle-start id="3114" type="global" contextid="0" timestamp="2022-02-08T16:15:25.841" intervalms="3909.212" />
<concurrent-start id="3115" type="global mark" contextid="3114" timestamp="2022-02-08T16:15:25.841">
</concurrent-start>
<exclusive-end id="3116" timestamp="2022-02-08T16:15:25.841" durationms="0.030" />

<exclusive-start id="3117" timestamp="2022-02-08T16:15:25.979" intervalms="138.260">
  <response-info timems="0.044" idlems="0.044" threads="0" lastid="0000000000016F00" lastname="main" />
</exclusive-start>
<af-start id="3118" threadId="0000000000017908" totalBytesRequested="24" timestamp="2022-02-08T16:15:25.979" intervalms="969.917" type="nursery" />
<cycle-start id="3119" type="scavenge" contextid="0" timestamp="2022-02-08T16:15:25.979" intervalms="969.916" />
<gc-start id="3120" type="scavenge" contextid="3119" timestamp="2022-02-08T16:15:25.979">
  <mem-info id="3121" free="98380664" total="1073741824" percent="9">
    <mem type="nursery" free="0" total="268435456" percent="0">
      <mem type="allocate" free="0" total="182583296" percent="0" />
      <mem type="survivor" free="0" total="85852160" percent="0" />
    </mem>
    <mem type="tenure" free="98380664" total="805306368" percent="12">
      <mem type="soa" free="90326904" total="797252608" percent="11" />
      <mem type="loa" free="8053760" total="8053760" percent="100" />
    </mem>
    <remembered-set count="127" />
  </mem-info>
</gc-start>
<allocation-stats totalBytes="106222776" >
  <allocated-bytes non-tlh="224" tlh="106222552" />
  <largest-consumer threadName="main" threadId="0000000000016F00" bytes="106214584" />
</allocation-stats>
<gc-op id="3122" type="scavenge" timems="87.890" contextid="3119" timestamp="2022-02-08T16:15:26.067">
  <scavenger-info tenureage="1" tenuremask="7ffe" tiltratio="68" />
  <memory-copied type="nursery" objects="1378262" bytes="75710288" bytesdiscarded="151184" />
  <memory-copied type="tenure" objects="1443572" bytes="75686448" bytesdiscarded="36720" />
  <finalization candidates="57" enqueued="0" />
  <object-monitors candidates="2" cleared="0"  />
</gc-op>
<gc-end id="3123" type="scavenge" contextid="3119" durationms="88.010" usertimems="343.534" systemtimems="3.350" stalltimems="3.572" timestamp="2022-02-08T16:15:26.067" activeThreads="4">
  <mem-info id="3124" free="130185752" total="1073741824" percent="12">
    <mem type="nursery" free="107442720" total="268435456" percent="40">
      <mem type="allocate" free="107442720" total="183304192" percent="58" />
      <mem type="survivor" free="0" total="85131264" percent="0" />
    </mem>
    <mem type="tenure" free="22743032" total="805306368" percent="2" macro-fragmented="21116129">
      <mem type="soa" free="14689272" total="797252608" percent="1" />
      <mem type="loa" free="8053760" total="8053760" percent="100" />
    </mem>
    <remembered-set count="100" />
  </mem-info>
</gc-end>
<cycle-end id="3125" type="scavenge" contextid="3119" timestamp="2022-02-08T16:15:26.067" />
<allocation-satisfied id="3126" threadId="0000000000016F00" bytesRequested="24" />
<af-end id="3127" timestamp="2022-02-08T16:15:26.067" threadId="0000000000017908" success="true" from="nursery"/>
<exclusive-end id="3128" timestamp="2022-02-08T16:15:26.067" durationms="88.312" />

<concurrent-end id="3129" type="global mark" contextid="3114" timestamp="2022-02-08T16:15:26.197">
<gc-op id="3130" type="trace" timems="356.270" contextid="3114" timestamp="2022-02-08T16:15:26.197">
  <trace bytesTraced="74437604" workStackOverflowCount="0" />
  <card-cleaning reason="card cleaning threshold reached" bytesTraced="808" cardsCleaned="2" />
</gc-op>
</concurrent-end>

<exclusive-start id="3131" timestamp="2022-02-08T16:15:26.197" intervalms="218.087">
  <response-info timems="0.023" idlems="0.023" threads="0" lastid="0000000000016F00" lastname="main" />
</exclusive-start>
<concurrent-global-final id="3132" timestamp="2022-02-08T16:15:26.197" contextid="3114" intervalms="3885.465" >
  <concurrent-trace-info reason="card cleaning threshold reached" tracedByMutators="57703016" tracedByHelpers="16735396" cardsCleaned="2" workStackOverflowCount="0" />
</concurrent-global-final>
<gc-start id="3133" type="global" contextid="3114" timestamp="2022-02-08T16:15:26.197">
  <mem-info id="3134" free="122186240" total="1073741824" percent="11">
    <mem type="nursery" free="99443208" total="268435456" percent="37">
      <mem type="allocate" free="99443208" total="183304192" percent="54" />
      <mem type="survivor" free="0" total="85131264" percent="0" />
    </mem>
    <mem type="tenure" free="22743032" total="805306368" percent="2">
      <mem type="soa" free="14689272" total="797252608" percent="1" />
      <mem type="loa" free="8053760" total="8053760" percent="100" />
    </mem>
    <remembered-set count="100" />
  </mem-info>
</gc-start>
<allocation-stats totalBytes="7994840" >
  <allocated-bytes non-tlh="24" tlh="7994816" />
  <largest-consumer threadName="main" threadId="0000000000016F00" bytes="7994840" />
</allocation-stats>
<gc-op id="3135" type="rs-scan" timems="0.549" contextid="3114" timestamp="2022-02-08T16:15:26.198">
  <scan objectsFound="0" bytesTraced="3692" workStackOverflowCount="0" />
</gc-op>
<gc-op id="3136" type="card-cleaning" timems="157.121" contextid="3114" timestamp="2022-02-08T16:15:26.355">
  <card-cleaning cardsCleaned="10" bytesTraced="71014408" workStackOverflowCount="0" />
</gc-op>
<gc-op id="3137" type="mark" timems="80.559" contextid="3114" timestamp="2022-02-08T16:15:26.436">
  <trace-info objectcount="2340467" scancount="1756878" scanbytes="37547752" />
  <finalization candidates="428" enqueued="57" />
  <ownableSynchronizers candidates="1" cleared="0" />
  <references type="soft" candidates="894" cleared="0" enqueued="0" dynamicThreshold="12" maxThreshold="32" />
  <references type="weak" candidates="1701" cleared="0" enqueued="0" />
  <references type="phantom" candidates="52" cleared="2" enqueued="2" />
  <stringconstants candidates="6471" cleared="0"  />
  <object-monitors candidates="2" cleared="0"  />
</gc-op>
<gc-op id="3138" type="sweep" timems="5.917" contextid="3114" timestamp="2022-02-08T16:15:26.442" />
<gc-end id="3139" type="global" contextid="3114" durationms="244.359" usertimems="257.749" systemtimems="0.504" stalltimems="244.545" timestamp="2022-02-08T16:15:26.442" activeThreads="4">
  <mem-info id="3140" free="365282864" total="1073741824" percent="34">
    <mem type="nursery" free="99687480" total="268435456" percent="37">
      <mem type="allocate" free="99687480" total="183304192" percent="54" />
      <mem type="survivor" free="0" total="85131264" percent="0" />
    </mem>
    <mem type="tenure" free="265595384" total="805306368" percent="32" micro-fragmented="269256" macro-fragmented="0">
      <mem type="soa" free="257541624" total="797252608" percent="32" />
      <mem type="loa" free="8053760" total="8053760" percent="100" />
    </mem>
    <pending-finalizers system="57" default="0" reference="2" classloader="0" />
    <remembered-set count="100" />
  </mem-info>
</gc-end>
<cycle-end id="3141" type="global" contextid="3114" timestamp="2022-02-08T16:15:26.442" />
<exclusive-end id="3142" timestamp="2022-02-08T16:15:26.442" durationms="244.779" />

<exclusive-start id="3143" timestamp="2022-02-08T16:15:27.073" intervalms="875.964">
  <response-info timems="0.043" idlems="0.043" threads="0" lastid="0000000000016F00" lastname="main" />
</exclusive-start>
<af-start id="3144" threadId="0000000000017908" totalBytesRequested="88" timestamp="2022-02-08T16:15:27.073" intervalms="1094.080" type="nursery" />
<cycle-start id="3145" type="scavenge" contextid="0" timestamp="2022-02-08T16:15:27.073" intervalms="1094.081" />
<gc-start id="3146" type="scavenge" contextid="3145" timestamp="2022-02-08T16:15:27.073">
  <mem-info id="3147" free="265595384" total="1073741824" percent="24">
    <mem type="nursery" free="0" total="268435456" percent="0">
      <mem type="allocate" free="0" total="183304192" percent="0" />
      <mem type="survivor" free="0" total="85131264" percent="0" />
    </mem>
    <mem type="tenure" free="265595384" total="805306368" percent="32">
      <mem type="soa" free="257541624" total="797252608" percent="32" />
      <mem type="loa" free="8053760" total="8053760" percent="100" />
    </mem>
    <remembered-set count="103" />
  </mem-info>
</gc-start>
<allocation-stats totalBytes="99642608" >
  <allocated-bytes non-tlh="0" tlh="99642608" />
  <largest-consumer threadName="main" threadId="0000000000016F00" bytes="99632784" />
</allocation-stats>
<gc-op id="3148" type="scavenge" timems="84.059" contextid="3145" timestamp="2022-02-08T16:15:27.157">
  <scavenger-info tenureage="1" tenuremask="7ffe" tiltratio="68" />
  <memory-copied type="nursery" objects="1344233" bytes="76401504" bytesdiscarded="186528" />
  <memory-copied type="tenure" objects="1378262" bytes="75710288" bytesdiscarded="44992" />
  <ownableSynchronizers candidates="2" cleared="2" />
  <object-monitors candidates="2" cleared="0"  />
</gc-op>
<gc-end id="3149" type="scavenge" contextid="3145" durationms="84.258" usertimems="331.514" systemtimems="0.668" stalltimems="3.229" timestamp="2022-02-08T16:15:27.158" activeThreads="4">
  <mem-info id="3150" free="296692184" total="1073741824" percent="27">
    <mem type="nursery" free="107043840" total="268435456" percent="39">
      <mem type="allocate" free="107043840" total="183631872" percent="58" />
      <mem type="survivor" free="0" total="84803584" percent="0" />
    </mem>
    <mem type="tenure" free="189648344" total="805306368" percent="23" macro-fragmented="1250136">
      <mem type="soa" free="181594584" total="797252608" percent="22" />
      <mem type="loa" free="8053760" total="8053760" percent="100" />
    </mem>
    <remembered-set count="101" />
  </mem-info>
</gc-end>
<cycle-end id="3151" type="scavenge" contextid="3145" timestamp="2022-02-08T16:15:27.158" />
<allocation-satisfied id="3152" threadId="0000000000016F00" bytesRequested="88" />
<af-end id="3153" timestamp="2022-02-08T16:15:27.158" threadId="0000000000017908" success="true" from="nursery"/>
<exclusive-end id="3154" timestamp="2022-02-08T16:15:27.158" durationms="84.708" />

<exclusive-start id="3155" timestamp="2022-02-08T16:15:28.122" intervalms="1048.704">
  <response-info timems="0.022" idlems="0.022" threads="0" lastid="0000000000016F00" lastname="main" />
</exclusive-start>
<af-start id="3156" threadId="0000000000017908" totalBytesRequested="24" timestamp="2022-02-08T16:15:28.122" intervalms="1048.677" type="nursery" />
<cycle-start id="3157" type="scavenge" contextid="0" timestamp="2022-02-08T16:15:28.122" intervalms="1048.676" />
<gc-start id="3158" type="scavenge" contextid="3157" timestamp="2022-02-08T16:15:28.122">
  <mem-info id="3159" free="189648344" total="1073741824" percent="17">
    <mem type="nursery" free="0" total="268435456" percent="0">
      <mem type="allocate" free="0" total="183631872" percent="0" />
      <mem type="survivor" free="0" total="84803584" percent="0" />
    </mem>
    <mem type="tenure" free="189648344" total="805306368" percent="23">
      <mem type="soa" free="181594584" total="797252608" percent="22" />
      <mem type="loa" free="8053760" total="8053760" percent="100" />
    </mem>
    <remembered-set count="132" />
  </mem-info>
</gc-start>
<allocation-stats totalBytes="106994840" >
  <allocated-bytes non-tlh="1661232" tlh="105333608" />
  <largest-consumer threadName="main" threadId="0000000000016F00" bytes="106994840" />
</allocation-stats>
<gc-op id="3160" type="scavenge" timems="84.767" contextid="3157" timestamp="2022-02-08T16:15:28.207">
  <scavenger-info tenureage="1" tenuremask="7ffe" tiltratio="68" />
  <memory-copied type="nursery" objects="1452281" bytes="75302816" bytesdiscarded="114104" />
  <memory-copied type="tenure" objects="1344232" bytes="76401448" bytesdiscarded="41096" />
  <finalization candidates="109" enqueued="53" />
  <references type="soft" candidates="14" cleared="0" enqueued="0" dynamicThreshold="10" maxThreshold="32" />
  <references type="weak" candidates="1" cleared="0" enqueued="0" />
  <references type="phantom" candidates="94" cleared="7" enqueued="7" />
  <object-monitors candidates="2" cleared="0"  />
</gc-op>
<gc-end id="3161" type="scavenge" contextid="3157" durationms="84.969" usertimems="335.127" systemtimems="0.000" stalltimems="2.802" timestamp="2022-02-08T16:15:28.207" activeThreads="4">
  <mem-info id="3162" free="221981024" total="1073741824" percent="20">
    <mem type="nursery" free="108673576" total="268435456" percent="40">
      <mem type="allocate" free="108673576" total="184090624" percent="59" />
      <mem type="survivor" free="0" total="84344832" percent="0" />
    </mem>
    <mem type="tenure" free="113307448" total="805306368" percent="14" macro-fragmented="0">
      <mem type="soa" free="105253688" total="797252608" percent="13" />
      <mem type="loa" free="8053760" total="8053760" percent="100" />
    </mem>
    <pending-finalizers system="52" default="1" reference="7" classloader="0" />
    <remembered-set count="129" />
  </mem-info>
</gc-end>
<cycle-end id="3163" type="scavenge" contextid="3157" timestamp="2022-02-08T16:15:28.207" />
<allocation-satisfied id="3164" threadId="0000000000016F00" bytesRequested="24" />
<af-end id="3165" timestamp="2022-02-08T16:15:28.207" threadId="0000000000017908" success="true" from="nursery"/>
<exclusive-end id="3166" timestamp="2022-02-08T16:15:28.207" durationms="85.275" />

<concurrent-kickoff id="3167" timestamp="2022-02-08T16:15:28.942">
  <kickoff reason="threshold reached" targetBytes="74438822" thresholdFreeBytes="5779658"  remainingFree="5769648" tenureFreeBytes="113307448" nurseryFreeBytes="5769648" />
</concurrent-kickoff>
<exclusive-start id="3168" timestamp="2022-02-08T16:15:28.946" intervalms="824.366">
  <response-info timems="0.025" idlems="0.025" threads="0" lastid="0000000000016F00" lastname="main" />
</exclusive-start>
<cycle-start id="3169" type="global" contextid="0" timestamp="2022-02-08T16:15:28.946" intervalms="3105.389" />
<concurrent-start id="3170" type="global mark" contextid="3169" timestamp="2022-02-08T16:15:28.946">
</concurrent-start>
<exclusive-end id="3171" timestamp="2022-02-08T16:15:28.946" durationms="0.094" />

<exclusive-start id="3172" timestamp="2022-02-08T16:15:29.091" intervalms="145.048">
  <response-info timems="0.022" idlems="0.022" threads="0" lastid="0000000000016F00" lastname="main" />
</exclusive-start>
<af-start id="3173" threadId="0000000000017908" totalBytesRequested="24" timestamp="2022-02-08T16:15:29.091" intervalms="969.426" type="nursery" />
<cycle-start id="3174" type="scavenge" contextid="0" timestamp="2022-02-08T16:15:29.091" intervalms="969.426" />
<gc-start id="3175" type="scavenge" contextid="3174" timestamp="2022-02-08T16:15:29.091">
  <mem-info id="3176" free="113307448" total="1073741824" percent="10">
    <mem type="nursery" free="0" total="268435456" percent="0">
      <mem type="allocate" free="0" total="184090624" percent="0" />
      <mem type="survivor" free="0" total="84344832" percent="0" />
    </mem>
    <mem type="tenure" free="113307448" total="805306368" percent="14">
      <mem type="soa" free="105253688" total="797252608" percent="13" />
      <mem type="loa" free="8053760" total="8053760" percent="100" />
    </mem>
    <remembered-set count="130" />
  </mem-info>
</gc-start>
<allocation-stats totalBytes="108621624" >
  <allocated-bytes non-tlh="1347704" tlh="107273920" />
  <largest-consumer threadName="main" threadId="0000000000016F00" bytes="108613432" />
</allocation-stats>
<gc-op id="3177" type="scavenge" timems="82.774" contextid="3174" timestamp="2022-02-08T16:15:29.174">
  <scavenger-info tenureage="1" tenuremask="7ffe" tiltratio="68" />
  <memory-copied type="nursery" objects="1382912" bytes="77778016" bytesdiscarded="282112" />
  <memory-copied type="tenure" objects="1451562" bytes="74359648" bytesdiscarded="40624" />
  <finalization candidates="57" enqueued="0" />
  <references type="phantom" candidates="1" cleared="0" enqueued="0" />
  <object-monitors candidates="2" cleared="0"  />
</gc-op>
<gc-end id="3178" type="scavenge" contextid="3174" durationms="83.000" usertimems="326.990" systemtimems="0.000" stalltimems="2.495" timestamp="2022-02-08T16:15:29.174" activeThreads="4">
  <mem-info id="3179" free="142983008" total="1073741824" percent="13">
    <mem type="nursery" free="104129952" total="268435456" percent="38">
      <mem type="allocate" free="104129952" total="182190080" percent="57" />
      <mem type="survivor" free="0" total="86245376" percent="0" />
    </mem>
    <mem type="tenure" free="38853056" total="805306368" percent="4" macro-fragmented="242284">
      <mem type="soa" free="30799296" total="797252608" percent="3" />
      <mem type="loa" free="8053760" total="8053760" percent="100" />
    </mem>
    <remembered-set count="98" />
  </mem-info>
</gc-end>
<cycle-end id="3180" type="scavenge" contextid="3174" timestamp="2022-02-08T16:15:29.174" />
<allocation-satisfied id="3181" threadId="0000000000016F00" bytesRequested="24" />
<af-end id="3182" timestamp="2022-02-08T16:15:29.175" threadId="0000000000017908" success="true" from="nursery"/>
<exclusive-end id="3183" timestamp="2022-02-08T16:15:29.175" durationms="83.284" />

<concurrent-end id="3184" type="global mark" contextid="3169" timestamp="2022-02-08T16:15:29.303">
<gc-op id="3185" type="trace" timems="356.802" contextid="3169" timestamp="2022-02-08T16:15:29.303">
  <trace bytesTraced="74437812" workStackOverflowCount="0" />
  <card-cleaning reason="card cleaning threshold reached" bytesTraced="808" cardsCleaned="2" />
</gc-op>
</concurrent-end>

<exclusive-start id="3186" timestamp="2022-02-08T16:15:29.303" intervalms="211.890">
  <response-info timems="0.033" idlems="0.033" threads="0" lastid="0000000000016F00" lastname="main" />
</exclusive-start>
<concurrent-global-final id="3187" timestamp="2022-02-08T16:15:29.303" contextid="3169" intervalms="3105.972" >
  <concurrent-trace-info reason="card cleaning threshold reached" tracedByMutators="58246968" tracedByHelpers="16191652" cardsCleaned="2" workStackOverflowCount="0" />
</concurrent-global-final>
<gc-start id="3188" type="global" contextid="3169" timestamp="2022-02-08T16:15:29.303">
  <mem-info id="3189" free="135020360" total="1073741824" percent="12">
    <mem type="nursery" free="96167304" total="268435456" percent="35">
      <mem type="allocate" free="96167304" total="182190080" percent="52" />
      <mem type="survivor" free="0" total="86245376" percent="0" />
    </mem>
    <mem type="tenure" free="38853056" total="805306368" percent="4">
      <mem type="soa" free="30799296" total="797252608" percent="3" />
      <mem type="loa" free="8053760" total="8053760" percent="100" />
    </mem>
    <remembered-set count="98" />
  </mem-info>
</gc-start>
<allocation-stats totalBytes="7958440" >
  <allocated-bytes non-tlh="24" tlh="7958416" />
  <largest-consumer threadName="main" threadId="0000000000016F00" bytes="7958440" />
</allocation-stats>
<gc-op id="3190" type="rs-scan" timems="0.619" contextid="3169" timestamp="2022-02-08T16:15:29.304">
  <scan objectsFound="29" bytesTraced="5124" workStackOverflowCount="0" />
</gc-op>
<gc-op id="3191" type="card-cleaning" timems="154.903" contextid="3169" timestamp="2022-02-08T16:15:29.459">
  <card-cleaning cardsCleaned="9" bytesTraced="71012648" workStackOverflowCount="0" />
</gc-op>
<gc-op id="3192" type="mark" timems="58.939" contextid="3169" timestamp="2022-02-08T16:15:29.518">
  <trace-info objectcount="2079447" scancount="1561113" scanbytes="33371432" />
  <finalization candidates="428" enqueued="57" />
  <ownableSynchronizers candidates="1" cleared="0" />
  <references type="soft" candidates="894" cleared="0" enqueued="0" dynamicThreshold="10" maxThreshold="32" />
  <references type="weak" candidates="1701" cleared="0" enqueued="0" />
  <references type="phantom" candidates="52" cleared="2" enqueued="2" />
  <stringconstants candidates="6471" cleared="0"  />
  <object-monitors candidates="2" cleared="0"  />
</gc-op>
<gc-op id="3193" type="sweep" timems="5.112" contextid="3169" timestamp="2022-02-08T16:15:29.523" />
<gc-end id="3194" type="global" contextid="3169" durationms="219.771" usertimems="234.856" systemtimems="0.055" stalltimems="177.085" timestamp="2022-02-08T16:15:29.523" activeThreads="4">
  <mem-info id="3195" free="378273424" total="1073741824" percent="35">
    <mem type="nursery" free="96541968" total="268435456" percent="35">
      <mem type="allocate" free="96541968" total="182190080" percent="52" />
      <mem type="survivor" free="0" total="86245376" percent="0" />
    </mem>
    <mem type="tenure" free="281731456" total="805306368" percent="34" micro-fragmented="310785" macro-fragmented="0">
      <mem type="soa" free="273677696" total="797252608" percent="34" />
      <mem type="loa" free="8053760" total="8053760" percent="100" />
    </mem>
    <pending-finalizers system="57" default="0" reference="2" classloader="0" />
    <remembered-set count="98" />
  </mem-info>
</gc-end>
<cycle-end id="3196" type="global" contextid="3169" timestamp="2022-02-08T16:15:29.523" />
<exclusive-end id="3197" timestamp="2022-02-08T16:15:29.523" durationms="219.969" />

<exclusive-start id="3198" timestamp="2022-02-08T16:15:30.145" intervalms="842.241">
  <response-info timems="0.088" idlems="0.088" threads="0" lastid="0000000000016F00" lastname="main" />
</exclusive-start>
<af-start id="3199" threadId="0000000000017908" totalBytesRequested="184" timestamp="2022-02-08T16:15:30.145" intervalms="1054.172" type="nursery" />
<cycle-start id="3200" type="scavenge" contextid="0" timestamp="2022-02-08T16:15:30.146" intervalms="1054.188" />
<gc-start id="3201" type="scavenge" contextid="3200" timestamp="2022-02-08T16:15:30.146">
  <mem-info id="3202" free="281731456" total="1073741824" percent="26">
    <mem type="nursery" free="0" total="268435456" percent="0">
      <mem type="allocate" free="0" total="182190080" percent="0" />
      <mem type="survivor" free="0" total="86245376" percent="0" />
    </mem>
    <mem type="tenure" free="281731456" total="805306368" percent="34">
      <mem type="soa" free="273677696" total="797252608" percent="34" />
      <mem type="loa" free="8053760" total="8053760" percent="100" />
    </mem>
    <remembered-set count="101" />
  </mem-info>
</gc-start>
<allocation-stats totalBytes="96497208" >
  <allocated-bytes non-tlh="0" tlh="96497208" />
  <largest-consumer threadName="main" threadId="0000000000016F00" bytes="96493112" />
</allocation-stats>
<gc-op id="3203" type="scavenge" timems="75.918" contextid="3200" timestamp="2022-02-08T16:15:30.222">
  <scavenger-info tenureage="1" tenuremask="7ffe" tiltratio="67" />
  <memory-copied type="nursery" objects="1306966" bytes="74164200" bytesdiscarded="335944" />
  <memory-copied type="tenure" objects="1382912" bytes="77778016" bytesdiscarded="43624" />
  <finalization candidates="1" enqueued="0" />
  <ownableSynchronizers candidates="2" cleared="2" />
  <object-monitors candidates="2" cleared="0"  />
</gc-op>
<gc-end id="3204" type="scavenge" contextid="3200" durationms="76.127" usertimems="296.335" systemtimems="4.236" stalltimems="1.938" timestamp="2022-02-08T16:15:30.222" activeThreads="4">
  <mem-info id="3205" free="311806008" total="1073741824" percent="29">
    <mem type="nursery" free="108148688" total="268435456" percent="40">
      <mem type="allocate" free="108148688" total="182648832" percent="59" />
      <mem type="survivor" free="0" total="85786624" percent="0" />
    </mem>
    <mem type="tenure" free="203657320" total="805306368" percent="25" macro-fragmented="0">
      <mem type="soa" free="195603560" total="797252608" percent="24" />
      <mem type="loa" free="8053760" total="8053760" percent="100" />
    </mem>
    <remembered-set count="101" />
  </mem-info>
</gc-end>
<cycle-end id="3206" type="scavenge" contextid="3200" timestamp="2022-02-08T16:15:30.222" />
<allocation-satisfied id="3207" threadId="0000000000016F00" bytesRequested="184" />
<af-end id="3208" timestamp="2022-02-08T16:15:30.222" threadId="0000000000017908" success="true" from="nursery"/>
<exclusive-end id="3209" timestamp="2022-02-08T16:15:30.222" durationms="76.497" />

<exclusive-start id="3210" timestamp="2022-02-08T16:15:31.162" intervalms="1016.312">
  <response-info timems="0.022" idlems="0.022" threads="0" lastid="0000000000016F00" lastname="main" />
</exclusive-start>
<af-start id="3211" threadId="0000000000017908" totalBytesRequested="232" timestamp="2022-02-08T16:15:31.162" intervalms="1016.257" type="nursery" />
<cycle-start id="3212" type="scavenge" contextid="0" timestamp="2022-02-08T16:15:31.162" intervalms="1016.242" />
<gc-start id="3213" type="scavenge" contextid="3212" timestamp="2022-02-08T16:15:31.162">
  <mem-info id="3214" free="203657320" total="1073741824" percent="18">
    <mem type="nursery" free="0" total="268435456" percent="0">
      <mem type="allocate" free="0" total="182648832" percent="0" />
      <mem type="survivor" free="0" total="85786624" percent="0" />
    </mem>
    <mem type="tenure" free="203657320" total="805306368" percent="25">
      <mem type="soa" free="195603560" total="797252608" percent="24" />
      <mem type="loa" free="8053760" total="8053760" percent="100" />
    </mem>
    <remembered-set count="132" />
  </mem-info>
</gc-start>
<allocation-stats totalBytes="108105464" >
  <allocated-bytes non-tlh="1661328" tlh="106444136" />
  <largest-consumer threadName="main" threadId="0000000000016F00" bytes="108105464" />
</allocation-stats>
<gc-op id="3215" type="scavenge" timems="98.617" contextid="3212" timestamp="2022-02-08T16:15:31.260">
  <scavenger-info tenureage="1" tenuremask="7ffe" tiltratio="68" />
  <memory-copied type="nursery" objects="1490296" bytes="76134752" bytesdiscarded="145224" />
  <memory-copied type="tenure" objects="1306965" bytes="74164096" bytesdiscarded="38536" />
  <finalization candidates="109" enqueued="53" />
  <references type="soft" candidates="14" cleared="0" enqueued="0" dynamicThreshold="11" maxThreshold="32" />
  <references type="weak" candidates="1" cleared="0" enqueued="0" />
  <references type="phantom" candidates="94" cleared="7" enqueued="7" />
  <object-monitors candidates="2" cleared="0"  />
</gc-op>
<gc-end id="3216" type="scavenge" contextid="3212" durationms="98.977" usertimems="344.175" systemtimems="0.747" stalltimems="4.053" timestamp="2022-02-08T16:15:31.261" activeThreads="4">
  <mem-info id="3217" free="236057352" total="1073741824" percent="21">
    <mem type="nursery" free="106630872" total="268435456" percent="39">
      <mem type="allocate" free="106630872" total="182910976" percent="58" />
      <mem type="survivor" free="0" total="85524480" percent="0" />
    </mem>
    <mem type="tenure" free="129426480" total="805306368" percent="16" macro-fragmented="0">
      <mem type="soa" free="121372720" total="797252608" percent="15" />
      <mem type="loa" free="8053760" total="8053760" percent="100" />
    </mem>
    <pending-finalizers system="52" default="1" reference="7" classloader="0" />
    <remembered-set count="129" />
  </mem-info>
</gc-end>
<cycle-end id="3218" type="scavenge" contextid="3212" timestamp="2022-02-08T16:15:31.261" />
<allocation-satisfied id="3219" threadId="0000000000016F00" bytesRequested="232" />
<af-end id="3220" timestamp="2022-02-08T16:15:31.261" threadId="0000000000017908" success="true" from="nursery"/>
<exclusive-end id="3221" timestamp="2022-02-08T16:15:31.261" durationms="99.401" />

<concurrent-kickoff id="3222" timestamp="2022-02-08T16:15:31.990">
  <kickoff reason="threshold reached" targetBytes="74438781" thresholdFreeBytes="5773160"  remainingFree="5705432" tenureFreeBytes="129426480" nurseryFreeBytes="5705432" />
</concurrent-kickoff>
<exclusive-start id="3223" timestamp="2022-02-08T16:15:31.993" intervalms="831.278">
  <response-info timems="0.022" idlems="0.022" threads="0" lastid="0000000000016F00" lastname="main" />
</exclusive-start>
<cycle-start id="3224" type="global" contextid="0" timestamp="2022-02-08T16:15:31.993" intervalms="3046.757" />
<concurrent-start id="3225" type="global mark" contextid="3224" timestamp="2022-02-08T16:15:31.993">
</concurrent-start>
<exclusive-end id="3226" timestamp="2022-02-08T16:15:31.993" durationms="0.026" />

<exclusive-start id="3227" timestamp="2022-02-08T16:15:32.118" intervalms="125.062">
  <response-info timems="0.022" idlems="0.022" threads="0" lastid="0000000000016F00" lastname="main" />
</exclusive-start>
<af-start id="3228" threadId="0000000000017908" totalBytesRequested="200" timestamp="2022-02-08T16:15:32.118" intervalms="956.341" type="nursery" />
<cycle-start id="3229" type="scavenge" contextid="0" timestamp="2022-02-08T16:15:32.118" intervalms="956.340" />
<gc-start id="3230" type="scavenge" contextid="3229" timestamp="2022-02-08T16:15:32.118">
  <mem-info id="3231" free="129426480" total="1073741824" percent="12">
    <mem type="nursery" free="0" total="268435456" percent="0">
      <mem type="allocate" free="0" total="182910976" percent="0" />
      <mem type="survivor" free="0" total="85524480" percent="0" />
    </mem>
    <mem type="tenure" free="129426480" total="805306368" percent="16">
      <mem type="soa" free="121372720" total="797252608" percent="15" />
      <mem type="loa" free="8053760" total="8053760" percent="100" />
    </mem>
    <remembered-set count="130" />
  </mem-info>
</gc-start>
<allocation-stats totalBytes="106582024" >
  <allocated-bytes non-tlh="1347912" tlh="105234112" />
  <largest-consumer threadName="main" threadId="0000000000016F00" bytes="106573832" />
</allocation-stats>
<gc-op id="3232" type="scavenge" timems="107.760" contextid="3229" timestamp="2022-02-08T16:15:32.226">
  <scavenger-info tenureage="1" tenuremask="7ffe" tiltratio="68" />
  <memory-copied type="nursery" objects="1331858" bytes="76277720" bytesdiscarded="185784" />
  <memory-copied type="tenure" objects="1489576" bytes="75191456" bytesdiscarded="37728" />
  <finalization candidates="57" enqueued="0" />
  <references type="phantom" candidates="1" cleared="0" enqueued="0" />
  <object-monitors candidates="2" cleared="0"  />
</gc-op>
<gc-end id="3233" type="scavenge" contextid="3229" durationms="108.049" usertimems="343.169" systemtimems="1.250" stalltimems="2.554" timestamp="2022-02-08T16:15:32.226" activeThreads="4">
  <mem-info id="3234" free="161335936" total="1073741824" percent="15">
    <mem type="nursery" free="107037296" total="268435456" percent="39">
      <mem type="allocate" free="107037296" total="183500800" percent="58" />
      <mem type="survivor" free="0" total="84934656" percent="0" />
    </mem>
    <mem type="tenure" free="54298640" total="805306368" percent="6" macro-fragmented="0">
      <mem type="soa" free="46244880" total="797252608" percent="5" />
      <mem type="loa" free="8053760" total="8053760" percent="100" />
    </mem>
    <remembered-set count="99" />
  </mem-info>
</gc-end>
<cycle-end id="3235" type="scavenge" contextid="3229" timestamp="2022-02-08T16:15:32.227" />
<allocation-satisfied id="3236" threadId="0000000000016F00" bytesRequested="200" />
<af-end id="3237" timestamp="2022-02-08T16:15:32.227" threadId="0000000000017908" success="true" from="nursery"/>
<exclusive-end id="3238" timestamp="2022-02-08T16:15:32.227" durationms="109.029" />

<concurrent-end id="3239" type="global mark" contextid="3224" timestamp="2022-02-08T16:15:32.366">
<gc-op id="3240" type="trace" timems="373.362" contextid="3224" timestamp="2022-02-08T16:15:32.366">
  <trace bytesTraced="74438020" workStackOverflowCount="0" />
  <card-cleaning reason="card cleaning threshold reached" bytesTraced="808" cardsCleaned="2" />
</gc-op>
</concurrent-end>

<exclusive-start id="3241" timestamp="2022-02-08T16:15:32.366" intervalms="248.379">
  <response-info timems="0.019" idlems="0.019" threads="0" lastid="0000000000016F00" lastname="main" />
</exclusive-start>
<concurrent-global-final id="3242" timestamp="2022-02-08T16:15:32.366" contextid="3224" intervalms="3063.271" >
  <concurrent-trace-info reason="card cleaning threshold reached" tracedByMutators="56982624" tracedByHelpers="17456204" cardsCleaned="2" workStackOverflowCount="0" />
</concurrent-global-final>
<gc-start id="3243" type="global" contextid="3224" timestamp="2022-02-08T16:15:32.366">
  <mem-info id="3244" free="152586680" total="1073741824" percent="14">
    <mem type="nursery" free="98288040" total="268435456" percent="36">
      <mem type="allocate" free="98288040" total="183500800" percent="53" />
      <mem type="survivor" free="0" total="84934656" percent="0" />
    </mem>
    <mem type="tenure" free="54298640" total="805306368" percent="6">
      <mem type="soa" free="46244880" total="797252608" percent="5" />
      <mem type="loa" free="8053760" total="8053760" percent="100" />
    </mem>
    <remembered-set count="99" />
  </mem-info>
</gc-start>
<allocation-stats totalBytes="8745560" >
  <allocated-bytes non-tlh="200" tlh="8745360" />
  <largest-consumer threadName="main" threadId="0000000000016F00" bytes="8745560" />
</allocation-stats>
<gc-op id="3245" type="rs-scan" timems="0.566" contextid="3224" timestamp="2022-02-08T16:15:32.367">
  <scan objectsFound="29" bytesTraced="5124" workStackOverflowCount="0" />
</gc-op>
<gc-op id="3246" type="card-cleaning" timems="172.251" contextid="3224" timestamp="2022-02-08T16:15:32.539">
  <card-cleaning cardsCleaned="9" bytesTraced="71012648" workStackOverflowCount="0" />
</gc-op>
<gc-op id="3247" type="mark" timems="51.753" contextid="3224" timestamp="2022-02-08T16:15:32.591">
  <trace-info objectcount="1790999" scancount="1344776" scanbytes="28756288" />
  <finalization candidates="428" enqueued="57" />
  <ownableSynchronizers candidates="1" cleared="0" />
  <references type="soft" candidates="894" cleared="0" enqueued="0" dynamicThreshold="11" maxThreshold="32" />
  <references type="weak" candidates="1701" cleared="0" enqueued="0" />
  <references type="phantom" candidates="52" cleared="2" enqueued="2" />
  <stringconstants candidates="6471" cleared="0"  />
  <object-monitors candidates="2" cleared="0"  />
</gc-op>
<gc-op id="3248" type="sweep" timems="5.523" contextid="3224" timestamp="2022-02-08T16:15:32.597" />
<gc-end id="3249" type="global" contextid="3224" durationms="230.368" usertimems="246.173" systemtimems="1.259" stalltimems="154.647" timestamp="2022-02-08T16:15:32.597" activeThreads="4">
  <mem-info id="3250" free="395786936" total="1073741824" percent="36">
    <mem type="nursery" free="98565648" total="268435456" percent="36">
      <mem type="allocate" free="98565648" total="183500800" percent="53" />
      <mem type="survivor" free="0" total="84934656" percent="0" />
    </mem>
    <mem type="tenure" free="297221288" total="805306368" percent="36" micro-fragmented="247557" macro-fragmented="0">
      <mem type="soa" free="289167528" total="797252608" percent="36" />
      <mem type="loa" free="8053760" total="8053760" percent="100" />
    </mem>
    <pending-finalizers system="57" default="0" reference="2" classloader="0" />
    <remembered-set count="99" />
  </mem-info>
</gc-end>
<cycle-end id="3251" type="global" contextid="3224" timestamp="2022-02-08T16:15:32.597" />
<exclusive-end id="3252" timestamp="2022-02-08T16:15:32.597" durationms="230.704" />

<exclusive-start id="3253" timestamp="2022-02-08T16:15:33.300" intervalms="933.844">
  <response-info timems="0.022" idlems="0.022" threads="0" lastid="0000000000016F00" lastname="main" />
</exclusive-start>
<af-start id="3254" threadId="0000000000017908" totalBytesRequested="208" timestamp="2022-02-08T16:15:33.300" intervalms="1182.225" type="nursery" />
<cycle-start id="3255" type="scavenge" contextid="0" timestamp="2022-02-08T16:15:33.300" intervalms="1182.226" />
<gc-start id="3256" type="scavenge" contextid="3255" timestamp="2022-02-08T16:15:33.300">
  <mem-info id="3257" free="297221288" total="1073741824" percent="27">
    <mem type="nursery" free="0" total="268435456" percent="0">
      <mem type="allocate" free="0" total="183500800" percent="0" />
      <mem type="survivor" free="0" total="84934656" percent="0" />
    </mem>
    <mem type="tenure" free="297221288" total="805306368" percent="36">
      <mem type="soa" free="289167528" total="797252608" percent="36" />
      <mem type="loa" free="8053760" total="8053760" percent="100" />
    </mem>
    <remembered-set count="102" />
  </mem-info>
</gc-start>
<allocation-stats totalBytes="98519696" >
  <allocated-bytes non-tlh="0" tlh="98519696" />
  <largest-consumer threadName="main" threadId="0000000000016F00" bytes="98515600" />
</allocation-stats>
<gc-op id="3258" type="scavenge" timems="76.311" contextid="3255" timestamp="2022-02-08T16:15:33.377">
  <scavenger-info tenureage="1" tenuremask="7ffe" tiltratio="68" />
  <memory-copied type="nursery" objects="1352867" bytes="76193984" bytesdiscarded="136672" />
  <memory-copied type="tenure" objects="1331857" bytes="76277608" bytesdiscarded="44328" />
  <finalization candidates="1" enqueued="0" />
  <ownableSynchronizers candidates="2" cleared="2" />
  <object-monitors candidates="2" cleared="0"  />
</gc-op>
<gc-end id="3259" type="scavenge" contextid="3255" durationms="76.573" usertimems="302.471" systemtimems="0.000" stalltimems="1.892" timestamp="2022-02-08T16:15:33.377" activeThreads="4">
  <mem-info id="3260" free="328473560" total="1073741824" percent="30">
    <mem type="nursery" free="107694432" total="268435456" percent="40">
      <mem type="allocate" free="107694432" total="184025088" percent="58" />
      <mem type="survivor" free="0" total="84410368" percent="0" />
    </mem>
    <mem type="tenure" free="220779128" total="805306368" percent="27" macro-fragmented="0">
      <mem type="soa" free="212725368" total="797252608" percent="26" />
      <mem type="loa" free="8053760" total="8053760" percent="100" />
    </mem>
    <remembered-set count="102" />
  </mem-info>
</gc-end>
<cycle-end id="3261" type="scavenge" contextid="3255" timestamp="2022-02-08T16:15:33.377" />
<allocation-satisfied id="3262" threadId="0000000000016F00" bytesRequested="208" />
<af-end id="3263" timestamp="2022-02-08T16:15:33.377" threadId="0000000000017908" success="true" from="nursery"/>
<exclusive-end id="3264" timestamp="2022-02-08T16:15:33.377" durationms="76.916" />

<exclusive-start id="3265" timestamp="2022-02-08T16:15:34.227" intervalms="926.810">
  <response-info timems="0.021" idlems="0.021" threads="0" lastid="0000000000016F00" lastname="main" />
</exclusive-start>
<af-start id="3266" threadId="0000000000017908" totalBytesRequested="32" timestamp="2022-02-08T16:15:34.227" intervalms="926.829" type="nursery" />
<cycle-start id="3267" type="scavenge" contextid="0" timestamp="2022-02-08T16:15:34.227" intervalms="926.846" />
<gc-start id="3268" type="scavenge" contextid="3267" timestamp="2022-02-08T16:15:34.227">
  <mem-info id="3269" free="220779128" total="1073741824" percent="20">
    <mem type="nursery" free="0" total="268435456" percent="0">
      <mem type="allocate" free="0" total="184025088" percent="0" />
      <mem type="survivor" free="0" total="84410368" percent="0" />
    </mem>
    <mem type="tenure" free="220779128" total="805306368" percent="27">
      <mem type="soa" free="212725368" total="797252608" percent="26" />
      <mem type="loa" free="8053760" total="8053760" percent="100" />
    </mem>
    <remembered-set count="133" />
  </mem-info>
</gc-start>
<allocation-stats totalBytes="107645376" >
  <allocated-bytes non-tlh="752112" tlh="106893264" />
  <largest-consumer threadName="main" threadId="0000000000016F00" bytes="107645376" />
</allocation-stats>
<gc-op id="3270" type="scavenge" timems="81.429" contextid="3267" timestamp="2022-02-08T16:15:34.309">
  <scavenger-info tenureage="1" tenuremask="7ffe" tiltratio="68" />
  <memory-copied type="nursery" objects="1451483" bytes="75970304" bytesdiscarded="201256" />
  <memory-copied type="tenure" objects="1352866" bytes="76193872" bytesdiscarded="40672" />
  <finalization candidates="70" enqueued="37" />
  <references type="soft" candidates="14" cleared="0" enqueued="0" dynamicThreshold="11" maxThreshold="32" />
  <references type="weak" candidates="1" cleared="0" enqueued="0" />
  <references type="phantom" candidates="55" cleared="7" enqueued="7" />
  <object-monitors candidates="2" cleared="0"  />
</gc-op>
<gc-end id="3271" type="scavenge" contextid="3267" durationms="81.644" usertimems="320.099" systemtimems="0.106" stalltimems="2.937" timestamp="2022-02-08T16:15:34.309" activeThreads="4">
  <mem-info id="3272" free="252695744" total="1073741824" percent="23">
    <mem type="nursery" free="108246616" total="268435456" percent="40">
      <mem type="allocate" free="108246616" total="184418304" percent="58" />
      <mem type="survivor" free="0" total="84017152" percent="0" />
    </mem>
    <mem type="tenure" free="144449128" total="805306368" percent="17" macro-fragmented="57512708">
      <mem type="soa" free="136395368" total="797252608" percent="17" />
      <mem type="loa" free="8053760" total="8053760" percent="100" />
    </mem>
    <pending-finalizers system="36" default="1" reference="7" classloader="0" />
    <remembered-set count="129" />
  </mem-info>
</gc-end>
<cycle-end id="3273" type="scavenge" contextid="3267" timestamp="2022-02-08T16:15:34.309" />
<allocation-satisfied id="3274" threadId="0000000000016F00" bytesRequested="32" />
<af-end id="3275" timestamp="2022-02-08T16:15:34.309" threadId="0000000000017908" success="true" from="nursery"/>
<exclusive-end id="3276" timestamp="2022-02-08T16:15:34.309" durationms="81.943" />

<concurrent-kickoff id="3277" timestamp="2022-02-08T16:15:35.036">
  <kickoff reason="threshold reached" targetBytes="74438790" thresholdFreeBytes="5767881"  remainingFree="5751792" tenureFreeBytes="144449128" nurseryFreeBytes="5751792" />
</concurrent-kickoff>
<exclusive-start id="3278" timestamp="2022-02-08T16:15:35.039" intervalms="812.092">
  <response-info timems="0.021" idlems="0.021" threads="0" lastid="0000000000016F00" lastname="main" />
</exclusive-start>
<cycle-start id="3279" type="global" contextid="0" timestamp="2022-02-08T16:15:35.039" intervalms="3046.188" />
<concurrent-start id="3280" type="global mark" contextid="3279" timestamp="2022-02-08T16:15:35.039">
</concurrent-start>
<exclusive-end id="3281" timestamp="2022-02-08T16:15:35.039" durationms="0.026" />

<exclusive-start id="3282" timestamp="2022-02-08T16:15:35.216" intervalms="177.037">
  <response-info timems="0.043" idlems="0.043" threads="0" lastid="0000000000016F00" lastname="main" />
</exclusive-start>
<af-start id="3283" threadId="0000000000017908" totalBytesRequested="24" timestamp="2022-02-08T16:15:35.216" intervalms="989.121" type="nursery" />
<cycle-start id="3284" type="scavenge" contextid="0" timestamp="2022-02-08T16:15:35.216" intervalms="989.107" />
<gc-start id="3285" type="scavenge" contextid="3284" timestamp="2022-02-08T16:15:35.216">
  <mem-info id="3286" free="144449128" total="1073741824" percent="13">
    <mem type="nursery" free="0" total="268435456" percent="0">
      <mem type="allocate" free="0" total="184418304" percent="0" />
      <mem type="survivor" free="0" total="84017152" percent="0" />
    </mem>
    <mem type="tenure" free="144449128" total="805306368" percent="17">
      <mem type="soa" free="136395368" total="797252608" percent="17" />
      <mem type="loa" free="8053760" total="8053760" percent="100" />
    </mem>
    <remembered-set count="130" />
  </mem-info>
</gc-start>
<allocation-stats totalBytes="108196224" >
  <allocated-bytes non-tlh="2089576" tlh="106106648" />
  <largest-consumer threadName="main" threadId="0000000000016F00" bytes="108188032" />
</allocation-stats>
<gc-op id="3287" type="scavenge" timems="89.807" contextid="3284" timestamp="2022-02-08T16:15:35.306">
  <scavenger-info tenureage="1" tenuremask="7ffe" tiltratio="68" />
  <memory-copied type="nursery" objects="1382402" bytes="76900456" bytesdiscarded="253608" />
  <memory-copied type="tenure" objects="1450951" bytes="75512096" bytesdiscarded="41536" />
  <finalization candidates="73" enqueued="16" />
  <references type="phantom" candidates="40" cleared="0" enqueued="0" />
  <object-monitors candidates="2" cleared="0"  />
</gc-op>
<gc-end id="3288" type="scavenge" contextid="3284" durationms="90.017" usertimems="354.949" systemtimems="0.000" stalltimems="2.801" timestamp="2022-02-08T16:15:35.306" activeThreads="4">
  <mem-info id="3289" free="176218336" total="1073741824" percent="16">
    <mem type="nursery" free="107198704" total="268435456" percent="39">
      <mem type="allocate" free="107198704" total="184352768" percent="58" />
      <mem type="survivor" free="0" total="84082688" percent="0" />
    </mem>
    <mem type="tenure" free="69019632" total="805306368" percent="8" macro-fragmented="47927252">
      <mem type="soa" free="60965872" total="797252608" percent="7" />
      <mem type="loa" free="8053760" total="8053760" percent="100" />
    </mem>
    <pending-finalizers system="16" default="0" reference="0" classloader="0" />
    <remembered-set count="103" />
  </mem-info>
</gc-end>
<cycle-end id="3290" type="scavenge" contextid="3284" timestamp="2022-02-08T16:15:35.306" />
<allocation-satisfied id="3291" threadId="0000000000016F00" bytesRequested="24" />
<af-end id="3292" timestamp="2022-02-08T16:15:35.306" threadId="0000000000017908" success="true" from="nursery"/>
<exclusive-end id="3293" timestamp="2022-02-08T16:15:35.306" durationms="90.307" />

<concurrent-end id="3294" type="global mark" contextid="3279" timestamp="2022-02-08T16:15:35.416">
<gc-op id="3295" type="trace" timems="376.430" contextid="3279" timestamp="2022-02-08T16:15:35.416">
  <trace bytesTraced="74438292" workStackOverflowCount="0" />
  <card-cleaning reason="card cleaning threshold reached" bytesTraced="808" cardsCleaned="2" />
</gc-op>
</concurrent-end>

<exclusive-start id="3296" timestamp="2022-02-08T16:15:35.416" intervalms="199.468">
  <response-info timems="0.024" idlems="0.024" threads="0" lastid="0000000000016F00" lastname="main" />
</exclusive-start>
<concurrent-global-final id="3297" timestamp="2022-02-08T16:15:35.416" contextid="3279" intervalms="3049.253" >
  <concurrent-trace-info reason="card cleaning threshold reached" tracedByMutators="46627040" tracedByHelpers="27812060" cardsCleaned="2" workStackOverflowCount="0" />
</concurrent-global-final>
<gc-start id="3298" type="global" contextid="3279" timestamp="2022-02-08T16:15:35.416">
  <mem-info id="3299" free="167334088" total="1073741824" percent="15">
    <mem type="nursery" free="98314456" total="268435456" percent="36">
      <mem type="allocate" free="98314456" total="184352768" percent="53" />
      <mem type="survivor" free="0" total="84082688" percent="0" />
    </mem>
    <mem type="tenure" free="69019632" total="805306368" percent="8">
      <mem type="soa" free="60965872" total="797252608" percent="7" />
      <mem type="loa" free="8053760" total="8053760" percent="100" />
    </mem>
    <remembered-set count="103" />
  </mem-info>
</gc-start>
<allocation-stats totalBytes="8879712" >
  <allocated-bytes non-tlh="24" tlh="8879688" />
  <largest-consumer threadName="main" threadId="0000000000016F00" bytes="8875616" />
</allocation-stats>
<gc-op id="3300" type="rs-scan" timems="0.621" contextid="3279" timestamp="2022-02-08T16:15:35.416">
  <scan objectsFound="29" bytesTraced="5188" workStackOverflowCount="0" />
</gc-op>
<gc-op id="3301" type="card-cleaning" timems="162.476" contextid="3279" timestamp="2022-02-08T16:15:35.579">
  <card-cleaning cardsCleaned="9" bytesTraced="71012648" workStackOverflowCount="0" />
</gc-op>
<gc-op id="3302" type="mark" timems="43.742" contextid="3279" timestamp="2022-02-08T16:15:35.623">
  <trace-info objectcount="1552827" scancount="1166147" scanbytes="24945512" />
  <finalization candidates="428" enqueued="57" />
  <ownableSynchronizers candidates="1" cleared="0" />
  <references type="soft" candidates="894" cleared="0" enqueued="0" dynamicThreshold="11" maxThreshold="32" />
  <references type="weak" candidates="1701" cleared="0" enqueued="0" />
  <references type="phantom" candidates="52" cleared="2" enqueued="2" />
  <stringconstants candidates="6471" cleared="0"  />
  <object-monitors candidates="2" cleared="0"  />
</gc-op>
<gc-op id="3303" type="sweep" timems="4.856" contextid="3279" timestamp="2022-02-08T16:15:35.628" />
<gc-end id="3304" type="global" contextid="3279" durationms="211.969" usertimems="223.889" systemtimems="0.000" stalltimems="130.617" timestamp="2022-02-08T16:15:35.628" activeThreads="4">
  <mem-info id="3305" free="410648592" total="1073741824" percent="38">
    <mem type="nursery" free="98804104" total="268435456" percent="36">
      <mem type="allocate" free="98804104" total="184352768" percent="53" />
      <mem type="survivor" free="0" total="84082688" percent="0" />
    </mem>
    <mem type="tenure" free="311844488" total="805306368" percent="38" micro-fragmented="290820" macro-fragmented="0">
      <mem type="soa" free="303790728" total="797252608" percent="38" />
      <mem type="loa" free="8053760" total="8053760" percent="100" />
    </mem>
    <pending-finalizers system="57" default="0" reference="2" classloader="0" />
    <remembered-set count="103" />
  </mem-info>
</gc-end>
<cycle-end id="3306" type="global" contextid="3279" timestamp="2022-02-08T16:15:35.628" />
<exclusive-end id="3307" timestamp="2022-02-08T16:15:35.628" durationms="212.238" />

<exclusive-start id="3308" timestamp="2022-02-08T16:15:36.285" intervalms="869.114">
  <response-info timems="0.024" idlems="0.024" threads="0" lastid="0000000000016F00" lastname="main" />
</exclusive-start>
<af-start id="3309" threadId="0000000000017908" totalBytesRequested="184" timestamp="2022-02-08T16:15:36.285" intervalms="1068.601" type="nursery" />
<cycle-start id="3310" type="scavenge" contextid="0" timestamp="2022-02-08T16:15:36.285" intervalms="1068.614" />
<gc-start id="3311" type="scavenge" contextid="3310" timestamp="2022-02-08T16:15:36.285">
  <mem-info id="3312" free="311844488" total="1073741824" percent="29">
    <mem type="nursery" free="0" total="268435456" percent="0">
      <mem type="allocate" free="0" total="184352768" percent="0" />
      <mem type="survivor" free="0" total="84082688" percent="0" />
    </mem>
    <mem type="tenure" free="311844488" total="805306368" percent="38">
      <mem type="soa" free="303790728" total="797252608" percent="38" />
      <mem type="loa" free="8053760" total="8053760" percent="100" />
    </mem>
    <remembered-set count="106" />
  </mem-info>
</gc-start>
<allocation-stats totalBytes="98757200" >
  <allocated-bytes non-tlh="0" tlh="98757200" />
  <largest-consumer threadName="main" threadId="0000000000016F00" bytes="98753104" />
</allocation-stats>
<gc-op id="3313" type="scavenge" timems="87.926" contextid="3310" timestamp="2022-02-08T16:15:36.373">
  <scavenger-info tenureage="1" tenuremask="7ffe" tiltratio="68" />
  <memory-copied type="nursery" objects="1357955" bytes="76470304" bytesdiscarded="174680" />
  <memory-copied type="tenure" objects="1382210" bytes="76762856" bytesdiscarded="44872" />
  <finalization candidates="24" enqueued="0" />
  <ownableSynchronizers candidates="2" cleared="2" />
  <object-monitors candidates="2" cleared="0"  />
</gc-op>
<gc-end id="3314" type="scavenge" contextid="3310" durationms="88.143" usertimems="347.495" systemtimems="0.000" stalltimems="3.383" timestamp="2022-02-08T16:15:36.373" activeThreads="4">
  <mem-info id="3315" free="342729752" total="1073741824" percent="31">
    <mem type="nursery" free="107904392" total="268435456" percent="40">
      <mem type="allocate" free="107904392" total="184549376" percent="58" />
      <mem type="survivor" free="0" total="83886080" percent="0" />
    </mem>
    <mem type="tenure" free="234825360" total="805306368" percent="29" macro-fragmented="0">
      <mem type="soa" free="226771600" total="797252608" percent="28" />
      <mem type="loa" free="8053760" total="8053760" percent="100" />
    </mem>
    <remembered-set count="102" />
  </mem-info>
</gc-end>
<cycle-end id="3316" type="scavenge" contextid="3310" timestamp="2022-02-08T16:15:36.373" />
<allocation-satisfied id="3317" threadId="0000000000016F00" bytesRequested="184" />
<af-end id="3318" timestamp="2022-02-08T16:15:36.373" threadId="0000000000017908" success="true" from="nursery"/>
<exclusive-end id="3319" timestamp="2022-02-08T16:15:36.373" durationms="88.468" />

<exclusive-start id="3320" timestamp="2022-02-08T16:15:37.095" intervalms="809.739">
  <response-info timems="0.024" idlems="0.024" threads="0" lastid="0000000000016F00" lastname="main" />
</exclusive-start>
<af-start id="3321" threadId="0000000000017908" totalBytesRequested="224" timestamp="2022-02-08T16:15:37.095" intervalms="809.736" type="nursery" />
<cycle-start id="3322" type="scavenge" contextid="0" timestamp="2022-02-08T16:15:37.095" intervalms="809.723" />
<gc-start id="3323" type="scavenge" contextid="3322" timestamp="2022-02-08T16:15:37.095">
  <mem-info id="3324" free="234825360" total="1073741824" percent="21">
    <mem type="nursery" free="0" total="268435456" percent="0">
      <mem type="allocate" free="0" total="184549376" percent="0" />
      <mem type="survivor" free="0" total="83886080" percent="0" />
    </mem>
    <mem type="tenure" free="234825360" total="805306368" percent="29">
      <mem type="soa" free="226771600" total="797252608" percent="28" />
      <mem type="loa" free="8053760" total="8053760" percent="100" />
    </mem>
    <remembered-set count="111" />
  </mem-info>
</gc-start>
<allocation-stats totalBytes="107854360" >
  <allocated-bytes non-tlh="184" tlh="107854176" />
  <largest-consumer threadName="main" threadId="0000000000016F00" bytes="107854360" />
</allocation-stats>
<gc-op id="3325" type="scavenge" timems="81.259" contextid="3322" timestamp="2022-02-08T16:15:37.176">
  <scavenger-info tenureage="1" tenuremask="7ffe" tiltratio="68" />
  <memory-copied type="nursery" objects="1348451" bytes="76658288" bytesdiscarded="379248" />
  <memory-copied type="tenure" objects="1357954" bytes="76470200" bytesdiscarded="41728" />
  <finalization candidates="5" enqueued="2" />
  <references type="phantom" candidates="5" cleared="0" enqueued="0" />
  <object-monitors candidates="2" cleared="0"  />
</gc-op>
<gc-end id="3326" type="scavenge" contextid="3322" durationms="81.490" usertimems="320.404" systemtimems="0.000" stalltimems="3.941" timestamp="2022-02-08T16:15:37.176" activeThreads="4">
  <mem-info id="3327" free="266200392" total="1073741824" percent="24">
    <mem type="nursery" free="107708448" total="268435456" percent="40">
      <mem type="allocate" free="107708448" total="184745984" percent="58" />
      <mem type="survivor" free="0" total="83689472" percent="0" />
    </mem>
    <mem type="tenure" free="158491944" total="805306368" percent="19" macro-fragmented="0">
      <mem type="soa" free="150438184" total="797252608" percent="18" />
      <mem type="loa" free="8053760" total="8053760" percent="100" />
    </mem>
    <pending-finalizers system="2" default="0" reference="0" classloader="0" />
    <remembered-set count="111" />
  </mem-info>
</gc-end>
<cycle-end id="3328" type="scavenge" contextid="3322" timestamp="2022-02-08T16:15:37.176" />
<allocation-satisfied id="3329" threadId="0000000000016F00" bytesRequested="224" />
<af-end id="3330" timestamp="2022-02-08T16:15:37.176" threadId="0000000000017908" success="true" from="nursery"/>
<exclusive-end id="3331" timestamp="2022-02-08T16:15:37.176" durationms="81.770" />

<concurrent-kickoff id="3332" timestamp="2022-02-08T16:15:38.067">
  <kickoff reason="threshold reached" targetBytes="74438855" thresholdFreeBytes="5794449"  remainingFree="5668896" tenureFreeBytes="158491944" nurseryFreeBytes="5668896" />
</concurrent-kickoff>
<exclusive-start id="3333" timestamp="2022-02-08T16:15:38.070" intervalms="975.406">
  <response-info timems="0.025" idlems="0.025" threads="0" lastid="0000000000016F00" lastname="main" />
</exclusive-start>
<cycle-start id="3334" type="global" contextid="0" timestamp="2022-02-08T16:15:38.070" intervalms="3030.768" />
<concurrent-start id="3335" type="global mark" contextid="3334" timestamp="2022-02-08T16:15:38.070">
</concurrent-start>
<exclusive-end id="3336" timestamp="2022-02-08T16:15:38.070" durationms="0.056" />

<exclusive-start id="3337" timestamp="2022-02-08T16:15:38.213" intervalms="143.526">
  <response-info timems="0.053" idlems="0.053" threads="0" lastid="0000000000016F00" lastname="main" />
</exclusive-start>
<af-start id="3338" threadId="0000000000017908" totalBytesRequested="24" timestamp="2022-02-08T16:15:38.214" intervalms="1118.983" type="nursery" />
<cycle-start id="3339" type="scavenge" contextid="0" timestamp="2022-02-08T16:15:38.214" intervalms="1119.005" />
<gc-start id="3340" type="scavenge" contextid="3339" timestamp="2022-02-08T16:15:38.214">
  <mem-info id="3341" free="158491944" total="1073741824" percent="14">
    <mem type="nursery" free="0" total="268435456" percent="0">
      <mem type="allocate" free="0" total="184745984" percent="0" />
      <mem type="survivor" free="0" total="83689472" percent="0" />
    </mem>
    <mem type="tenure" free="158491944" total="805306368" percent="19">
      <mem type="soa" free="150438184" total="797252608" percent="18" />
      <mem type="loa" free="8053760" total="8053760" percent="100" />
    </mem>
    <remembered-set count="133" />
  </mem-info>
</gc-start>
<allocation-stats totalBytes="107663136" >
  <allocated-bytes non-tlh="3009048" tlh="104654088" />
  <largest-consumer threadName="main" threadId="0000000000016F00" bytes="107659040" />
</allocation-stats>
<gc-op id="3342" type="scavenge" timems="90.577" contextid="3339" timestamp="2022-02-08T16:15:38.304">
  <scavenger-info tenureage="1" tenuremask="7ffe" tiltratio="68" />
  <memory-copied type="nursery" objects="1442918" bytes="75723816" bytesdiscarded="156128" />
  <memory-copied type="tenure" objects="1348401" bytes="76639640" bytesdiscarded="44928" />
  <finalization candidates="108" enqueued="51" />
  <references type="soft" candidates="14" cleared="0" enqueued="0" dynamicThreshold="12" maxThreshold="32" />
  <references type="weak" candidates="1" cleared="0" enqueued="0" />
  <references type="phantom" candidates="93" cleared="7" enqueued="7" />
  <object-monitors candidates="2" cleared="0"  />
</gc-op>
<gc-end id="3343" type="scavenge" contextid="3339" durationms="90.794" usertimems="357.063" systemtimems="0.882" stalltimems="3.327" timestamp="2022-02-08T16:15:38.304" activeThreads="4">
  <mem-info id="3344" free="190631432" total="1073741824" percent="17">
    <mem type="nursery" free="108996984" total="268435456" percent="40">
      <mem type="allocate" free="108996984" total="184877056" percent="58" />
      <mem type="survivor" free="0" total="83558400" percent="0" />
    </mem>
    <mem type="tenure" free="81634448" total="805306368" percent="10" macro-fragmented="57512708">
      <mem type="soa" free="73580688" total="797252608" percent="9" />
      <mem type="loa" free="8053760" total="8053760" percent="100" />
    </mem>
    <pending-finalizers system="50" default="1" reference="7" classloader="0" />
    <remembered-set count="117" />
  </mem-info>
</gc-end>
<cycle-end id="3345" type="scavenge" contextid="3339" timestamp="2022-02-08T16:15:38.305" />
<allocation-satisfied id="3346" threadId="0000000000016F00" bytesRequested="24" />
<af-end id="3347" timestamp="2022-02-08T16:15:38.305" threadId="0000000000017908" success="true" from="nursery"/>
<exclusive-end id="3348" timestamp="2022-02-08T16:15:38.305" durationms="91.194" />

<concurrent-end id="3349" type="global mark" contextid="3334" timestamp="2022-02-08T16:15:38.434">
<gc-op id="3350" type="trace" timems="363.812" contextid="3334" timestamp="2022-02-08T16:15:38.434">
  <trace bytesTraced="74438468" workStackOverflowCount="0" />
  <card-cleaning reason="card cleaning threshold reached" bytesTraced="808" cardsCleaned="2" />
</gc-op>
</concurrent-end>

<exclusive-start id="3351" timestamp="2022-02-08T16:15:38.434" intervalms="220.382">
  <response-info timems="0.018" idlems="0.018" threads="0" lastid="0000000000016F00" lastname="main" />
</exclusive-start>
<concurrent-global-final id="3352" timestamp="2022-02-08T16:15:38.434" contextid="3334" intervalms="3018.174" >
  <concurrent-trace-info reason="card cleaning threshold reached" tracedByMutators="58142668" tracedByHelpers="16296608" cardsCleaned="2" workStackOverflowCount="0" />
</concurrent-global-final>
<gc-start id="3353" type="global" contextid="3334" timestamp="2022-02-08T16:15:38.434">
  <mem-info id="3354" free="183053808" total="1073741824" percent="17">
    <mem type="nursery" free="101419360" total="268435456" percent="37">
      <mem type="allocate" free="101419360" total="184877056" percent="54" />
      <mem type="survivor" free="0" total="83558400" percent="0" />
    </mem>
    <mem type="tenure" free="81634448" total="805306368" percent="10">
      <mem type="soa" free="73580688" total="797252608" percent="9" />
      <mem type="loa" free="8053760" total="8053760" percent="100" />
    </mem>
    <remembered-set count="118" />
  </mem-info>
</gc-start>
<allocation-stats totalBytes="7574672" >
  <allocated-bytes non-tlh="24" tlh="7574648" />
  <largest-consumer threadName="main" threadId="0000000000016F00" bytes="7566480" />
</allocation-stats>
<gc-op id="3355" type="rs-scan" timems="137.620" contextid="3334" timestamp="2022-02-08T16:15:38.572">
  <scan objectsFound="3324744" bytesTraced="71015456" workStackOverflowCount="0" />
</gc-op>
<gc-op id="3356" type="card-cleaning" timems="0.263" contextid="3334" timestamp="2022-02-08T16:15:38.572">
  <card-cleaning cardsCleaned="4" bytesTraced="1636" workStackOverflowCount="0" />
</gc-op>
<gc-op id="3357" type="mark" timems="41.824" contextid="3334" timestamp="2022-02-08T16:15:38.614">
  <trace-info objectcount="1251245" scancount="939960" scanbytes="20120200" />
  <finalization candidates="428" enqueued="57" />
  <ownableSynchronizers candidates="1" cleared="0" />
  <references type="soft" candidates="894" cleared="0" enqueued="0" dynamicThreshold="12" maxThreshold="32" />
  <references type="weak" candidates="1701" cleared="0" enqueued="0" />
  <references type="phantom" candidates="52" cleared="2" enqueued="2" />
  <stringconstants candidates="6471" cleared="0"  />
  <object-monitors candidates="2" cleared="0"  />
</gc-op>
<gc-op id="3358" type="sweep" timems="4.717" contextid="3334" timestamp="2022-02-08T16:15:38.619" />
<gc-end id="3359" type="global" contextid="3334" durationms="184.660" usertimems="239.107" systemtimems="0.000" stalltimems="85.395" timestamp="2022-02-08T16:15:38.619" activeThreads="4">
  <mem-info id="3360" free="426705536" total="1073741824" percent="39">
    <mem type="nursery" free="102129168" total="268435456" percent="38">
      <mem type="allocate" free="102129168" total="184877056" percent="55" />
      <mem type="survivor" free="0" total="83558400" percent="0" />
    </mem>
    <mem type="tenure" free="324576368" total="805306368" percent="40" micro-fragmented="252409" macro-fragmented="0">
      <mem type="soa" free="316522608" total="797252608" percent="39" />
      <mem type="loa" free="8053760" total="8053760" percent="100" />
    </mem>
    <pending-finalizers system="57" default="0" reference="2" classloader="0" />
    <remembered-set count="104" />
  </mem-info>
</gc-end>
<cycle-end id="3361" type="global" contextid="3334" timestamp="2022-02-08T16:15:38.619" />
<exclusive-end id="3362" timestamp="2022-02-08T16:15:38.619" durationms="184.867" />

<exclusive-start id="3363" timestamp="2022-02-08T16:15:39.351" intervalms="916.856">
  <response-info timems="0.023" idlems="0.023" threads="0" lastid="0000000000016F00" lastname="main" />
</exclusive-start>
<af-start id="3364" threadId="0000000000017908" totalBytesRequested="40" timestamp="2022-02-08T16:15:39.351" intervalms="1137.158" type="nursery" />
<cycle-start id="3365" type="scavenge" contextid="0" timestamp="2022-02-08T16:15:39.351" intervalms="1137.133" />
<gc-start id="3366" type="scavenge" contextid="3365" timestamp="2022-02-08T16:15:39.351">
  <mem-info id="3367" free="324576368" total="1073741824" percent="30">
    <mem type="nursery" free="0" total="268435456" percent="0">
      <mem type="allocate" free="0" total="184877056" percent="0" />
      <mem type="survivor" free="0" total="83558400" percent="0" />
    </mem>
    <mem type="tenure" free="324576368" total="805306368" percent="40">
      <mem type="soa" free="316522608" total="797252608" percent="39" />
      <mem type="loa" free="8053760" total="8053760" percent="100" />
    </mem>
    <remembered-set count="105" />
  </mem-info>
</gc-start>
<allocation-stats totalBytes="102081312" >
  <allocated-bytes non-tlh="0" tlh="102081312" />
  <largest-consumer threadName="main" threadId="0000000000016F00" bytes="102077216" />
</allocation-stats>
<gc-op id="3368" type="scavenge" timems="88.552" contextid="3365" timestamp="2022-02-08T16:15:39.439">
  <scavenger-info tenureage="1" tenuremask="7ffe" tiltratio="68" />
  <memory-copied type="nursery" objects="1413297" bytes="78007384" bytesdiscarded="282624" />
  <memory-copied type="tenure" objects="1442229" bytes="75273232" bytesdiscarded="46968" />
  <finalization candidates="54" enqueued="0" />
  <ownableSynchronizers candidates="2" cleared="2" />
  <object-monitors candidates="2" cleared="0"  />
</gc-op>
<gc-end id="3369" type="scavenge" contextid="3365" durationms="88.793" usertimems="332.572" systemtimems="0.000" stalltimems="2.698" timestamp="2022-02-08T16:15:39.440" activeThreads="4">
  <mem-info id="3370" free="352973152" total="1073741824" percent="32">
    <mem type="nursery" free="104031144" total="268435456" percent="38">
      <mem type="allocate" free="104031144" total="182321152" percent="57" />
      <mem type="survivor" free="0" total="86114304" percent="0" />
    </mem>
    <mem type="tenure" free="248942008" total="805306368" percent="30" macro-fragmented="0">
      <mem type="soa" free="240888248" total="797252608" percent="30" />
      <mem type="loa" free="8053760" total="8053760" percent="100" />
    </mem>
    <remembered-set count="100" />
  </mem-info>
</gc-end>
<cycle-end id="3371" type="scavenge" contextid="3365" timestamp="2022-02-08T16:15:39.440" />
<allocation-satisfied id="3372" threadId="0000000000016F00" bytesRequested="40" />
<af-end id="3373" timestamp="2022-02-08T16:15:39.440" threadId="0000000000017908" success="true" from="nursery"/>
<exclusive-end id="3374" timestamp="2022-02-08T16:15:39.440" durationms="89.075" />

<exclusive-start id="3375" timestamp="2022-02-08T16:15:40.094" intervalms="743.614">
  <response-info timems="0.023" idlems="0.023" threads="0" lastid="0000000000016F00" lastname="main" />
</exclusive-start>
<af-start id="3376" threadId="0000000000017908" totalBytesRequested="192" timestamp="2022-02-08T16:15:40.094" intervalms="743.619" type="nursery" />
<cycle-start id="3377" type="scavenge" contextid="0" timestamp="2022-02-08T16:15:40.094" intervalms="743.674" />
<gc-start id="3378" type="scavenge" contextid="3377" timestamp="2022-02-08T16:15:40.095">
  <mem-info id="3379" free="248942008" total="1073741824" percent="23">
    <mem type="nursery" free="0" total="268435456" percent="0">
      <mem type="allocate" free="0" total="182321152" percent="0" />
      <mem type="survivor" free="0" total="86114304" percent="0" />
    </mem>
    <mem type="tenure" free="248942008" total="805306368" percent="30">
      <mem type="soa" free="240888248" total="797252608" percent="30" />
      <mem type="loa" free="8053760" total="8053760" percent="100" />
    </mem>
    <remembered-set count="100" />
  </mem-info>
</gc-start>
<allocation-stats totalBytes="103983648" >
  <allocated-bytes non-tlh="40" tlh="103983608" />
  <largest-consumer threadName="main" threadId="0000000000016F00" bytes="103983648" />
</allocation-stats>
<gc-op id="3380" type="scavenge" timems="86.821" contextid="3377" timestamp="2022-02-08T16:15:40.181">
  <scavenger-info tenureage="1" tenuremask="7ffe" tiltratio="67" />
  <memory-copied type="nursery" objects="1299429" bytes="73933016" bytesdiscarded="145960" />
  <memory-copied type="tenure" objects="1413297" bytes="78007384" bytesdiscarded="40248" />
  <object-monitors candidates="2" cleared="0"  />
</gc-op>
<gc-end id="3381" type="scavenge" contextid="3377" durationms="87.028" usertimems="340.925" systemtimems="0.890" stalltimems="4.542" timestamp="2022-02-08T16:15:40.182" activeThreads="4">
  <mem-info id="3382" free="279556112" total="1073741824" percent="26">
    <mem type="nursery" free="108635392" total="268435456" percent="40">
      <mem type="allocate" free="108635392" total="182714368" percent="59" />
      <mem type="survivor" free="0" total="85721088" percent="0" />
    </mem>
    <mem type="tenure" free="170920720" total="805306368" percent="21" macro-fragmented="69015248">
      <mem type="soa" free="162866960" total="797252608" percent="20" />
      <mem type="loa" free="8053760" total="8053760" percent="100" />
    </mem>
    <remembered-set count="101" />
  </mem-info>
</gc-end>
<cycle-end id="3383" type="scavenge" contextid="3377" timestamp="2022-02-08T16:15:40.182" />
<allocation-satisfied id="3384" threadId="0000000000016F00" bytesRequested="192" />
<af-end id="3385" timestamp="2022-02-08T16:15:40.182" threadId="0000000000017908" success="true" from="nursery"/>
<exclusive-end id="3386" timestamp="2022-02-08T16:15:40.182" durationms="87.369" />

<exclusive-start id="3387" timestamp="2022-02-08T16:15:41.116" intervalms="1021.970">
  <response-info timems="0.023" idlems="0.023" threads="0" lastid="0000000000016F00" lastname="main" />
</exclusive-start>
<af-start id="3388" threadId="0000000000017908" totalBytesRequested="16" timestamp="2022-02-08T16:15:41.116" intervalms="1021.964" type="nursery" />
<cycle-start id="3389" type="scavenge" contextid="0" timestamp="2022-02-08T16:15:41.116" intervalms="1021.909" />
<gc-start id="3390" type="scavenge" contextid="3389" timestamp="2022-02-08T16:15:41.116">
  <mem-info id="3391" free="170920720" total="1073741824" percent="15">
    <mem type="nursery" free="0" total="268435456" percent="0">
      <mem type="allocate" free="0" total="182714368" percent="0" />
      <mem type="survivor" free="0" total="85721088" percent="0" />
    </mem>
    <mem type="tenure" free="170920720" total="805306368" percent="21">
      <mem type="soa" free="162866960" total="797252608" percent="20" />
      <mem type="loa" free="8053760" total="8053760" percent="100" />
    </mem>
    <remembered-set count="131" />
  </mem-info>
</gc-start>
<allocation-stats totalBytes="108589080" >
  <allocated-bytes non-tlh="2938440" tlh="105650640" />
  <largest-consumer threadName="main" threadId="0000000000016F00" bytes="108589080" />
</allocation-stats>
<gc-op id="3392" type="scavenge" timems="79.781" contextid="3389" timestamp="2022-02-08T16:15:41.196">
  <scavenger-info tenureage="1" tenuremask="7ffe" tiltratio="68" />
  <memory-copied type="nursery" objects="1449862" bytes="76322096" bytesdiscarded="138160" />
  <memory-copied type="tenure" objects="1299428" bytes="73932912" bytesdiscarded="40000" />
  <finalization candidates="110" enqueued="53" />
  <references type="soft" candidates="14" cleared="0" enqueued="0" dynamicThreshold="12" maxThreshold="32" />
  <references type="weak" candidates="1" cleared="0" enqueued="0" />
  <references type="phantom" candidates="95" cleared="7" enqueued="7" />
  <object-monitors candidates="2" cleared="0"  />
</gc-op>
<gc-end id="3393" type="scavenge" contextid="3389" durationms="80.047" usertimems="316.111" systemtimems="0.126" stalltimems="2.410" timestamp="2022-02-08T16:15:41.196" activeThreads="4">
  <mem-info id="3394" free="203361256" total="1073741824" percent="18">
    <mem type="nursery" free="106385056" total="268435456" percent="39">
      <mem type="allocate" free="106385056" total="182845440" percent="58" />
      <mem type="survivor" free="0" total="85590016" percent="0" />
    </mem>
    <mem type="tenure" free="96976200" total="805306368" percent="12" macro-fragmented="57512708">
      <mem type="soa" free="88922440" total="797252608" percent="11" />
      <mem type="loa" free="8053760" total="8053760" percent="100" />
    </mem>
    <pending-finalizers system="52" default="1" reference="7" classloader="0" />
    <remembered-set count="126" />
  </mem-info>
</gc-end>
<cycle-end id="3395" type="scavenge" contextid="3389" timestamp="2022-02-08T16:15:41.197" />
<allocation-satisfied id="3396" threadId="0000000000016F00" bytesRequested="16" />
<af-end id="3397" timestamp="2022-02-08T16:15:41.197" threadId="0000000000017908" success="true" from="nursery"/>
<exclusive-end id="3398" timestamp="2022-02-08T16:15:41.197" durationms="80.468" />

<concurrent-kickoff id="3399" timestamp="2022-02-08T16:15:41.953">
  <kickoff reason="threshold reached" targetBytes="74438938" thresholdFreeBytes="5784818"  remainingFree="5721760" tenureFreeBytes="96976200" nurseryFreeBytes="5721760" />
</concurrent-kickoff>
<exclusive-start id="3400" timestamp="2022-02-08T16:15:41.957" intervalms="840.385">
  <response-info timems="0.023" idlems="0.023" threads="0" lastid="0000000000016F00" lastname="main" />
</exclusive-start>
<cycle-start id="3401" type="global" contextid="0" timestamp="2022-02-08T16:15:41.957" intervalms="3886.734" />
<concurrent-start id="3402" type="global mark" contextid="3401" timestamp="2022-02-08T16:15:41.957">
</concurrent-start>
<exclusive-end id="3403" timestamp="2022-02-08T16:15:41.957" durationms="0.063" />

<exclusive-start id="3404" timestamp="2022-02-08T16:15:42.098" intervalms="141.393">
  <response-info timems="0.041" idlems="0.041" threads="0" lastid="0000000000016F00" lastname="main" />
</exclusive-start>
<af-start id="3405" threadId="0000000000017908" totalBytesRequested="200" timestamp="2022-02-08T16:15:42.098" intervalms="981.823" type="nursery" />
<cycle-start id="3406" type="scavenge" contextid="0" timestamp="2022-02-08T16:15:42.098" intervalms="981.823" />
<gc-start id="3407" type="scavenge" contextid="3406" timestamp="2022-02-08T16:15:42.098">
  <mem-info id="3408" free="96976200" total="1073741824" percent="9">
    <mem type="nursery" free="0" total="268435456" percent="0">
      <mem type="allocate" free="0" total="182845440" percent="0" />
      <mem type="survivor" free="0" total="85590016" percent="0" />
    </mem>
    <mem type="tenure" free="96976200" total="805306368" percent="12">
      <mem type="soa" free="88922440" total="797252608" percent="11" />
      <mem type="loa" free="8053760" total="8053760" percent="100" />
    </mem>
    <remembered-set count="127" />
  </mem-info>
</gc-start>
<allocation-stats totalBytes="106338608" >
  <allocated-bytes non-tlh="16" tlh="106338592" />
  <largest-consumer threadName="main" threadId="0000000000016F00" bytes="106330416" />
</allocation-stats>
<gc-op id="3409" type="scavenge" timems="84.198" contextid="3406" timestamp="2022-02-08T16:15:42.182">
  <scavenger-info tenureage="1" tenuremask="7ffe" tiltratio="68" />
  <memory-copied type="nursery" objects="1378550" bytes="75787560" bytesdiscarded="329688" />
  <memory-copied type="tenure" objects="1449151" bytes="75854240" bytesdiscarded="38608" />
  <finalization candidates="57" enqueued="0" />
  <object-monitors candidates="2" cleared="0"  />
</gc-op>
<gc-end id="3410" type="scavenge" contextid="3406" durationms="84.318" usertimems="330.091" systemtimems="3.803" stalltimems="1.697" timestamp="2022-02-08T16:15:42.183" activeThreads="4">
  <mem-info id="3411" free="128379672" total="1073741824" percent="11">
    <mem type="nursery" free="107318016" total="268435456" percent="39">
      <mem type="allocate" free="107318016" total="183435264" percent="58" />
      <mem type="survivor" free="0" total="85000192" percent="0" />
    </mem>
    <mem type="tenure" free="21061656" total="805306368" percent="2" macro-fragmented="18886860">
      <mem type="soa" free="13007896" total="797252608" percent="1" />
      <mem type="loa" free="8053760" total="8053760" percent="100" />
    </mem>
    <remembered-set count="99" />
  </mem-info>
</gc-end>
<cycle-end id="3412" type="scavenge" contextid="3406" timestamp="2022-02-08T16:15:42.183" />
<allocation-satisfied id="3413" threadId="0000000000016F00" bytesRequested="200" />
<af-end id="3414" timestamp="2022-02-08T16:15:42.183" threadId="0000000000017908" success="true" from="nursery"/>
<exclusive-end id="3415" timestamp="2022-02-08T16:15:42.183" durationms="84.652" />

<concurrent-end id="3416" type="global mark" contextid="3401" timestamp="2022-02-08T16:15:42.321">
<gc-op id="3417" type="trace" timems="364.536" contextid="3401" timestamp="2022-02-08T16:15:42.321">
  <trace bytesTraced="74438596" workStackOverflowCount="0" />
  <card-cleaning reason="card cleaning threshold reached" bytesTraced="808" cardsCleaned="2" />
</gc-op>
</concurrent-end>

<exclusive-start id="3418" timestamp="2022-02-08T16:15:42.321" intervalms="223.236">
  <response-info timems="0.019" idlems="0.019" threads="0" lastid="0000000000016F00" lastname="main" />
</exclusive-start>
<concurrent-global-final id="3419" timestamp="2022-02-08T16:15:42.321" contextid="3401" intervalms="3887.454" >
  <concurrent-trace-info reason="card cleaning threshold reached" tracedByMutators="57981488" tracedByHelpers="16457916" cardsCleaned="2" workStackOverflowCount="0" />
</concurrent-global-final>
<gc-start id="3420" type="global" contextid="3401" timestamp="2022-02-08T16:15:42.321">
  <mem-info id="3421" free="120547920" total="1073741824" percent="11">
    <mem type="nursery" free="99486264" total="268435456" percent="37">
      <mem type="allocate" free="99486264" total="183435264" percent="54" />
      <mem type="survivor" free="0" total="85000192" percent="0" />
    </mem>
    <mem type="tenure" free="21061656" total="805306368" percent="2">
      <mem type="soa" free="13007896" total="797252608" percent="1" />
      <mem type="loa" free="8053760" total="8053760" percent="100" />
    </mem>
    <remembered-set count="99" />
  </mem-info>
</gc-start>
<allocation-stats totalBytes="7827984" >
  <allocated-bytes non-tlh="200" tlh="7827784" />
  <largest-consumer threadName="main" threadId="0000000000016F00" bytes="7827984" />
</allocation-stats>
<gc-op id="3422" type="rs-scan" timems="0.618" contextid="3401" timestamp="2022-02-08T16:15:42.322">
  <scan objectsFound="0" bytesTraced="3692" workStackOverflowCount="0" />
</gc-op>
<gc-op id="3423" type="card-cleaning" timems="163.991" contextid="3401" timestamp="2022-02-08T16:15:42.486">
  <card-cleaning cardsCleaned="10" bytesTraced="71014456" workStackOverflowCount="0" />
</gc-op>
<gc-op id="3424" type="mark" timems="71.188" contextid="3401" timestamp="2022-02-08T16:15:42.557">
  <trace-info objectcount="2366827" scancount="1776648" scanbytes="37969512" />
  <finalization candidates="428" enqueued="57" />
  <ownableSynchronizers candidates="1" cleared="0" />
  <references type="soft" candidates="894" cleared="0" enqueued="0" dynamicThreshold="12" maxThreshold="32" />
  <references type="weak" candidates="1701" cleared="0" enqueued="0" />
  <references type="phantom" candidates="52" cleared="2" enqueued="2" />
  <stringconstants candidates="6471" cleared="0"  />
  <object-monitors candidates="2" cleared="0"  />
</gc-op>
<gc-op id="3425" type="sweep" timems="5.454" contextid="3401" timestamp="2022-02-08T16:15:42.563" />
<gc-end id="3426" type="global" contextid="3401" durationms="241.466" usertimems="247.233" systemtimems="8.184" stalltimems="213.026" timestamp="2022-02-08T16:15:42.563" activeThreads="4">
  <mem-info id="3427" free="363988584" total="1073741824" percent="33">
    <mem type="nursery" free="99909928" total="268435456" percent="37">
      <mem type="allocate" free="99909928" total="183435264" percent="54" />
      <mem type="survivor" free="0" total="85000192" percent="0" />
    </mem>
    <mem type="tenure" free="264078656" total="805306368" percent="32" micro-fragmented="237284" macro-fragmented="0">
      <mem type="soa" free="256024896" total="797252608" percent="32" />
      <mem type="loa" free="8053760" total="8053760" percent="100" />
    </mem>
    <pending-finalizers system="57" default="0" reference="2" classloader="0" />
    <remembered-set count="99" />
  </mem-info>
</gc-end>
<cycle-end id="3428" type="global" contextid="3401" timestamp="2022-02-08T16:15:42.563" />
<exclusive-end id="3429" timestamp="2022-02-08T16:15:42.563" durationms="241.747" />

<exclusive-start id="3430" timestamp="2022-02-08T16:15:43.188" intervalms="866.242">
  <response-info timems="0.019" idlems="0.019" threads="0" lastid="0000000000016F00" lastname="main" />
</exclusive-start>
<af-start id="3431" threadId="0000000000017908" totalBytesRequested="24" timestamp="2022-02-08T16:15:43.188" intervalms="1089.450" type="nursery" />
<cycle-start id="3432" type="scavenge" contextid="0" timestamp="2022-02-08T16:15:43.188" intervalms="1089.732" />
<gc-start id="3433" type="scavenge" contextid="3432" timestamp="2022-02-08T16:15:43.188">
  <mem-info id="3434" free="264078656" total="1073741824" percent="24">
    <mem type="nursery" free="0" total="268435456" percent="0">
      <mem type="allocate" free="0" total="183435264" percent="0" />
      <mem type="survivor" free="0" total="85000192" percent="0" />
    </mem>
    <mem type="tenure" free="264078656" total="805306368" percent="32">
      <mem type="soa" free="256024896" total="797252608" percent="32" />
      <mem type="loa" free="8053760" total="8053760" percent="100" />
    </mem>
    <remembered-set count="102" />
  </mem-info>
</gc-start>
<allocation-stats totalBytes="99867456" >
  <allocated-bytes non-tlh="0" tlh="99867456" />
  <largest-consumer threadName="main" threadId="0000000000016F00" bytes="99863360" />
</allocation-stats>
<gc-op id="3435" type="scavenge" timems="79.420" contextid="3432" timestamp="2022-02-08T16:15:43.267">
  <scavenger-info tenureage="1" tenuremask="7ffe" tiltratio="68" />
  <memory-copied type="nursery" objects="1347999" bytes="76457728" bytesdiscarded="289864" />
  <memory-copied type="tenure" objects="1378549" bytes="75787448" bytesdiscarded="45400" />
  <ownableSynchronizers candidates="2" cleared="2" />
  <object-monitors candidates="2" cleared="0"  />
</gc-op>
<gc-end id="3436" type="scavenge" contextid="3432" durationms="79.679" usertimems="314.664" systemtimems="0.000" stalltimems="1.938" timestamp="2022-02-08T16:15:43.268" activeThreads="4">
  <mem-info id="3437" free="295175032" total="1073741824" percent="27">
    <mem type="nursery" free="107015352" total="268435456" percent="39">
      <mem type="allocate" free="107015352" total="183762944" percent="58" />
      <mem type="survivor" free="0" total="84672512" percent="0" />
    </mem>
    <mem type="tenure" free="188159680" total="805306368" percent="23" macro-fragmented="0">
      <mem type="soa" free="180105920" total="797252608" percent="22" />
      <mem type="loa" free="8053760" total="8053760" percent="100" />
    </mem>
    <remembered-set count="102" />
  </mem-info>
</gc-end>
<cycle-end id="3438" type="scavenge" contextid="3432" timestamp="2022-02-08T16:15:43.268" />
<allocation-satisfied id="3439" threadId="0000000000016F00" bytesRequested="24" />
<af-end id="3440" timestamp="2022-02-08T16:15:43.268" threadId="0000000000017908" success="true" from="nursery"/>
<exclusive-end id="3441" timestamp="2022-02-08T16:15:43.268" durationms="80.290" />

<exclusive-start id="3442" timestamp="2022-02-08T16:15:44.195" intervalms="1007.691">
  <response-info timems="0.025" idlems="0.025" threads="0" lastid="0000000000016F00" lastname="main" />
</exclusive-start>
<af-start id="3443" threadId="0000000000017908" totalBytesRequested="56" timestamp="2022-02-08T16:15:44.195" intervalms="1007.676" type="nursery" />
<cycle-start id="3444" type="scavenge" contextid="0" timestamp="2022-02-08T16:15:44.195" intervalms="1007.393" />
<gc-start id="3445" type="scavenge" contextid="3444" timestamp="2022-02-08T16:15:44.195">
  <mem-info id="3446" free="188159680" total="1073741824" percent="17">
    <mem type="nursery" free="0" total="268435456" percent="0">
      <mem type="allocate" free="0" total="183762944" percent="0" />
      <mem type="survivor" free="0" total="84672512" percent="0" />
    </mem>
    <mem type="tenure" free="188159680" total="805306368" percent="23">
      <mem type="soa" free="180105920" total="797252608" percent="22" />
      <mem type="loa" free="8053760" total="8053760" percent="100" />
    </mem>
    <remembered-set count="133" />
  </mem-info>
</gc-start>
<allocation-stats totalBytes="106966896" >
  <allocated-bytes non-tlh="1590592" tlh="105376304" />
  <largest-consumer threadName="main" threadId="0000000000016F00" bytes="106966896" />
</allocation-stats>
<gc-op id="3447" type="scavenge" timems="95.037" contextid="3444" timestamp="2022-02-08T16:15:44.290">
  <scavenger-info tenureage="1" tenuremask="7ffe" tiltratio="68" />
  <memory-copied type="nursery" objects="1446554" bytes="75267672" bytesdiscarded="250656" />
  <memory-copied type="tenure" objects="1347999" bytes="76457728" bytesdiscarded="41240" />
  <finalization candidates="109" enqueued="53" />
  <references type="soft" candidates="14" cleared="0" enqueued="0" dynamicThreshold="10" maxThreshold="32" />
  <references type="weak" candidates="1" cleared="0" enqueued="0" />
  <references type="phantom" candidates="94" cleared="7" enqueued="7" />
  <object-monitors candidates="2" cleared="0"  />
</gc-op>
<gc-end id="3448" type="scavenge" contextid="3444" durationms="95.200" usertimems="376.406" systemtimems="0.734" stalltimems="1.793" timestamp="2022-02-08T16:15:44.291" activeThreads="4">
  <mem-info id="3449" free="220308088" total="1073741824" percent="20">
    <mem type="nursery" free="108703240" total="268435456" percent="40">
      <mem type="allocate" free="108703240" total="184221696" percent="59" />
      <mem type="survivor" free="0" total="84213760" percent="0" />
    </mem>
    <mem type="tenure" free="111604848" total="805306368" percent="13" macro-fragmented="0">
      <mem type="soa" free="103551088" total="797252608" percent="12" />
      <mem type="loa" free="8053760" total="8053760" percent="100" />
    </mem>
    <pending-finalizers system="52" default="1" reference="7" classloader="0" />
    <remembered-set count="128" />
  </mem-info>
</gc-end>
<cycle-end id="3450" type="scavenge" contextid="3444" timestamp="2022-02-08T16:15:44.291" />
<allocation-satisfied id="3451" threadId="0000000000016F00" bytesRequested="56" />
<af-end id="3452" timestamp="2022-02-08T16:15:44.291" threadId="0000000000017908" success="true" from="nursery"/>
<exclusive-end id="3453" timestamp="2022-02-08T16:15:44.291" durationms="95.455" />

<concurrent-kickoff id="3454" timestamp="2022-02-08T16:15:45.015">
  <kickoff reason="threshold reached" targetBytes="74439031" thresholdFreeBytes="5777239"  remainingFree="5668208" tenureFreeBytes="111604848" nurseryFreeBytes="5668208" />
</concurrent-kickoff>
<exclusive-start id="3455" timestamp="2022-02-08T16:15:45.020" intervalms="825.133">
  <response-info timems="0.023" idlems="0.023" threads="0" lastid="0000000000016F00" lastname="main" />
</exclusive-start>
<cycle-start id="3456" type="global" contextid="0" timestamp="2022-02-08T16:15:45.020" intervalms="3063.695" />
<concurrent-start id="3457" type="global mark" contextid="3456" timestamp="2022-02-08T16:15:45.020">
</concurrent-start>
<exclusive-end id="3458" timestamp="2022-02-08T16:15:45.020" durationms="0.033" />

<exclusive-start id="3459" timestamp="2022-02-08T16:15:45.156" intervalms="135.753">
  <response-info timems="0.021" idlems="0.021" threads="0" lastid="0000000000016F00" lastname="main" />
</exclusive-start>
<af-start id="3460" threadId="0000000000017908" totalBytesRequested="120" timestamp="2022-02-08T16:15:45.156" intervalms="960.883" type="nursery" />
<cycle-start id="3461" type="scavenge" contextid="0" timestamp="2022-02-08T16:15:45.156" intervalms="960.925" />
<gc-start id="3462" type="scavenge" contextid="3461" timestamp="2022-02-08T16:15:45.156">
  <mem-info id="3463" free="111604848" total="1073741824" percent="10">
    <mem type="nursery" free="0" total="268435456" percent="0">
      <mem type="allocate" free="0" total="184221696" percent="0" />
      <mem type="survivor" free="0" total="84213760" percent="0" />
    </mem>
    <mem type="tenure" free="111604848" total="805306368" percent="13">
      <mem type="soa" free="103551088" total="797252608" percent="12" />
      <mem type="loa" free="8053760" total="8053760" percent="100" />
    </mem>
    <remembered-set count="129" />
  </mem-info>
</gc-start>
<allocation-stats totalBytes="108652088" >
  <allocated-bytes non-tlh="1347736" tlh="107304352" />
  <largest-consumer threadName="main" threadId="0000000000016F00" bytes="108643896" />
</allocation-stats>
<gc-op id="3464" type="scavenge" timems="92.723" contextid="3461" timestamp="2022-02-08T16:15:45.249">
  <scavenger-info tenureage="1" tenuremask="7ffe" tiltratio="68" />
  <memory-copied type="nursery" objects="1382113" bytes="77790664" bytesdiscarded="242520" />
  <memory-copied type="tenure" objects="1445835" bytes="74324504" bytesdiscarded="40672" />
  <finalization candidates="57" enqueued="0" />
  <references type="phantom" candidates="1" cleared="0" enqueued="0" />
  <object-monitors candidates="2" cleared="0"  />
</gc-op>
<gc-end id="3465" type="scavenge" contextid="3461" durationms="92.906" usertimems="352.341" systemtimems="0.000" stalltimems="3.334" timestamp="2022-02-08T16:15:45.249" activeThreads="4">
  <mem-info id="3466" free="141414848" total="1073741824" percent="13">
    <mem type="nursery" free="104156896" total="268435456" percent="38">
      <mem type="allocate" free="104156896" total="182190080" percent="57" />
      <mem type="survivor" free="0" total="86245376" percent="0" />
    </mem>
    <mem type="tenure" free="37257952" total="805306368" percent="4" macro-fragmented="0">
      <mem type="soa" free="29204192" total="797252608" percent="3" />
      <mem type="loa" free="8053760" total="8053760" percent="100" />
    </mem>
    <remembered-set count="99" />
  </mem-info>
</gc-end>
<cycle-end id="3467" type="scavenge" contextid="3461" timestamp="2022-02-08T16:15:45.249" />
<allocation-satisfied id="3468" threadId="0000000000016F00" bytesRequested="120" />
<af-end id="3469" timestamp="2022-02-08T16:15:45.249" threadId="0000000000017908" success="true" from="nursery"/>
<exclusive-end id="3470" timestamp="2022-02-08T16:15:45.249" durationms="93.211" />

<concurrent-end id="3471" type="global mark" contextid="3456" timestamp="2022-02-08T16:15:45.373">
<gc-op id="3472" type="trace" timems="353.045" contextid="3456" timestamp="2022-02-08T16:15:45.373">
  <trace bytesTraced="74438852" workStackOverflowCount="0" />
  <card-cleaning reason="card cleaning threshold reached" bytesTraced="808" cardsCleaned="2" />
</gc-op>
</concurrent-end>

<exclusive-start id="3473" timestamp="2022-02-08T16:15:45.373" intervalms="217.364">
  <response-info timems="0.018" idlems="0.018" threads="0" lastid="0000000000016F00" lastname="main" />
</exclusive-start>
<concurrent-global-final id="3474" timestamp="2022-02-08T16:15:45.373" contextid="3456" intervalms="3052.174" >
  <concurrent-trace-info reason="card cleaning threshold reached" tracedByMutators="59712896" tracedByHelpers="14726764" cardsCleaned="2" workStackOverflowCount="0" />
</concurrent-global-final>
<gc-start id="3475" type="global" contextid="3456" timestamp="2022-02-08T16:15:45.374">
  <mem-info id="3476" free="133976392" total="1073741824" percent="12">
    <mem type="nursery" free="96718440" total="268435456" percent="36">
      <mem type="allocate" free="96718440" total="182190080" percent="53" />
      <mem type="survivor" free="0" total="86245376" percent="0" />
    </mem>
    <mem type="tenure" free="37257952" total="805306368" percent="4">
      <mem type="soa" free="29204192" total="797252608" percent="3" />
      <mem type="loa" free="8053760" total="8053760" percent="100" />
    </mem>
    <remembered-set count="99" />
  </mem-info>
</gc-start>
<allocation-stats totalBytes="7434240" >
  <allocated-bytes non-tlh="120" tlh="7434120" />
  <largest-consumer threadName="main" threadId="0000000000016F00" bytes="7434240" />
</allocation-stats>
<gc-op id="3477" type="rs-scan" timems="0.594" contextid="3456" timestamp="2022-02-08T16:15:45.374">
  <scan objectsFound="29" bytesTraced="5124" workStackOverflowCount="0" />
</gc-op>
<gc-op id="3478" type="card-cleaning" timems="153.915" contextid="3456" timestamp="2022-02-08T16:15:45.528">
  <card-cleaning cardsCleaned="9" bytesTraced="71012648" workStackOverflowCount="0" />
</gc-op>
<gc-op id="3479" type="mark" timems="58.746" contextid="3456" timestamp="2022-02-08T16:15:45.587">
  <trace-info objectcount="2101539" scancount="1577682" scanbytes="33724904" />
  <finalization candidates="428" enqueued="57" />
  <ownableSynchronizers candidates="1" cleared="0" />
  <references type="soft" candidates="894" cleared="0" enqueued="0" dynamicThreshold="10" maxThreshold="32" />
  <references type="weak" candidates="1701" cleared="0" enqueued="0" />
  <references type="phantom" candidates="52" cleared="2" enqueued="2" />
  <stringconstants candidates="6471" cleared="0"  />
  <object-monitors candidates="2" cleared="0"  />
</gc-op>
<gc-op id="3480" type="sweep" timems="5.082" contextid="3456" timestamp="2022-02-08T16:15:45.592" />
<gc-end id="3481" type="global" contextid="3456" durationms="218.587" usertimems="230.131" systemtimems="3.986" stalltimems="176.144" timestamp="2022-02-08T16:15:45.592" activeThreads="4">
  <mem-info id="3482" free="377184800" total="1073741824" percent="35">
    <mem type="nursery" free="97055336" total="268435456" percent="36">
      <mem type="allocate" free="97055336" total="182190080" percent="53" />
      <mem type="survivor" free="0" total="86245376" percent="0" />
    </mem>
    <mem type="tenure" free="280129464" total="805306368" percent="34" micro-fragmented="281548" macro-fragmented="0">
      <mem type="soa" free="272075704" total="797252608" percent="34" />
      <mem type="loa" free="8053760" total="8053760" percent="100" />
    </mem>
    <pending-finalizers system="57" default="0" reference="2" classloader="0" />
    <remembered-set count="99" />
  </mem-info>
</gc-end>
<cycle-end id="3483" type="global" contextid="3456" timestamp="2022-02-08T16:15:45.592" />
<exclusive-end id="3484" timestamp="2022-02-08T16:15:45.592" durationms="218.781" />

<exclusive-start id="3485" timestamp="2022-02-08T16:15:46.245" intervalms="871.460">
  <response-info timems="0.041" idlems="0.041" threads="0" lastid="0000000000016F00" lastname="main" />
</exclusive-start>
<af-start id="3486" threadId="0000000000017908" totalBytesRequested="200" timestamp="2022-02-08T16:15:46.245" intervalms="1088.845" type="nursery" />
<cycle-start id="3487" type="scavenge" contextid="0" timestamp="2022-02-08T16:15:46.245" intervalms="1088.808" />
<gc-start id="3488" type="scavenge" contextid="3487" timestamp="2022-02-08T16:15:46.245">
  <mem-info id="3489" free="280129464" total="1073741824" percent="26">
    <mem type="nursery" free="0" total="268435456" percent="0">
      <mem type="allocate" free="0" total="182190080" percent="0" />
      <mem type="survivor" free="0" total="86245376" percent="0" />
    </mem>
    <mem type="tenure" free="280129464" total="805306368" percent="34">
      <mem type="soa" free="272075704" total="797252608" percent="34" />
      <mem type="loa" free="8053760" total="8053760" percent="100" />
    </mem>
    <remembered-set count="102" />
  </mem-info>
</gc-start>
<allocation-stats totalBytes="97008664" >
  <allocated-bytes non-tlh="0" tlh="97008664" />
  <largest-consumer threadName="main" threadId="0000000000016F00" bytes="97004568" />
</allocation-stats>
<gc-op id="3490" type="scavenge" timems="79.685" contextid="3487" timestamp="2022-02-08T16:15:46.325">
  <scavenger-info tenureage="1" tenuremask="7ffe" tiltratio="67" />
  <memory-copied type="nursery" objects="1311195" bytes="74171088" bytesdiscarded="104584" />
  <memory-copied type="tenure" objects="1382113" bytes="77790664" bytesdiscarded="43272" />
  <finalization candidates="1" enqueued="0" />
  <ownableSynchronizers candidates="2" cleared="2" />
  <object-monitors candidates="2" cleared="0"  />
</gc-op>
<gc-end id="3491" type="scavenge" contextid="3487" durationms="79.877" usertimems="314.186" systemtimems="0.000" stalltimems="3.675" timestamp="2022-02-08T16:15:46.325" activeThreads="4">
  <mem-info id="3492" free="310321768" total="1073741824" percent="28">
    <mem type="nursery" free="108307624" total="268435456" percent="40">
      <mem type="allocate" free="108307624" total="182583296" percent="59" />
      <mem type="survivor" free="0" total="85852160" percent="0" />
    </mem>
    <mem type="tenure" free="202014144" total="805306368" percent="25" macro-fragmented="0">
      <mem type="soa" free="193960384" total="797252608" percent="24" />
      <mem type="loa" free="8053760" total="8053760" percent="100" />
    </mem>
    <remembered-set count="102" />
  </mem-info>
</gc-end>
<cycle-end id="3493" type="scavenge" contextid="3487" timestamp="2022-02-08T16:15:46.325" />
<allocation-satisfied id="3494" threadId="0000000000016F00" bytesRequested="200" />
<af-end id="3495" timestamp="2022-02-08T16:15:46.325" threadId="0000000000017908" success="true" from="nursery"/>
<exclusive-end id="3496" timestamp="2022-02-08T16:15:46.325" durationms="80.162" />

<exclusive-start id="3497" timestamp="2022-02-08T16:15:47.249" intervalms="1003.736">
  <response-info timems="0.021" idlems="0.021" threads="0" lastid="0000000000016F00" lastname="main" />
</exclusive-start>
<af-start id="3498" threadId="0000000000017908" totalBytesRequested="112" timestamp="2022-02-08T16:15:47.249" intervalms="1003.731" type="nursery" />
<cycle-start id="3499" type="scavenge" contextid="0" timestamp="2022-02-08T16:15:47.249" intervalms="1003.731" />
<gc-start id="3500" type="scavenge" contextid="3499" timestamp="2022-02-08T16:15:47.249">
  <mem-info id="3501" free="202014144" total="1073741824" percent="18">
    <mem type="nursery" free="0" total="268435456" percent="0">
      <mem type="allocate" free="0" total="182583296" percent="0" />
      <mem type="survivor" free="0" total="85852160" percent="0" />
    </mem>
    <mem type="tenure" free="202014144" total="805306368" percent="25">
      <mem type="soa" free="193960384" total="797252608" percent="24" />
      <mem type="loa" free="8053760" total="8053760" percent="100" />
    </mem>
    <remembered-set count="133" />
  </mem-info>
</gc-start>
<allocation-stats totalBytes="108262624" >
  <allocated-bytes non-tlh="1590768" tlh="106671856" />
  <largest-consumer threadName="main" threadId="0000000000016F00" bytes="108262624" />
</allocation-stats>
<gc-op id="3502" type="scavenge" timems="91.579" contextid="3499" timestamp="2022-02-08T16:15:47.340">
  <scavenger-info tenureage="1" tenuremask="7ffe" tiltratio="68" />
  <memory-copied type="nursery" objects="1489219" bytes="76239104" bytesdiscarded="157592" />
  <memory-copied type="tenure" objects="1311194" bytes="74170976" bytesdiscarded="42424" />
  <finalization candidates="109" enqueued="53" />
  <references type="soft" candidates="14" cleared="0" enqueued="0" dynamicThreshold="11" maxThreshold="32" />
  <references type="weak" candidates="1" cleared="0" enqueued="0" />
  <references type="phantom" candidates="94" cleared="7" enqueued="7" />
  <object-monitors candidates="2" cleared="0"  />
</gc-op>
<gc-end id="3503" type="scavenge" contextid="3499" durationms="91.813" usertimems="362.419" systemtimems="0.000" stalltimems="3.012" timestamp="2022-02-08T16:15:47.341" activeThreads="4">
  <mem-info id="3504" free="234261976" total="1073741824" percent="21">
    <mem type="nursery" free="106448616" total="268435456" percent="39">
      <mem type="allocate" free="106448616" total="182845440" percent="58" />
      <mem type="survivor" free="0" total="85590016" percent="0" />
    </mem>
    <mem type="tenure" free="127813360" total="805306368" percent="15" macro-fragmented="0">
      <mem type="soa" free="119759600" total="797252608" percent="15" />
      <mem type="loa" free="8053760" total="8053760" percent="100" />
    </mem>
    <pending-finalizers system="52" default="1" reference="7" classloader="0" />
    <remembered-set count="129" />
  </mem-info>
</gc-end>
<cycle-end id="3505" type="scavenge" contextid="3499" timestamp="2022-02-08T16:15:47.341" />
<allocation-satisfied id="3506" threadId="0000000000016F00" bytesRequested="112" />
<af-end id="3507" timestamp="2022-02-08T16:15:47.341" threadId="0000000000017908" success="true" from="nursery"/>
<exclusive-end id="3508" timestamp="2022-02-08T16:15:47.341" durationms="92.124" />

<concurrent-kickoff id="3509" timestamp="2022-02-08T16:15:48.074">
  <kickoff reason="threshold reached" targetBytes="74439152" thresholdFreeBytes="5771054"  remainingFree="5654248" tenureFreeBytes="127813360" nurseryFreeBytes="5654248" />
</concurrent-kickoff>
<exclusive-start id="3510" timestamp="2022-02-08T16:15:48.077" intervalms="827.959">
  <response-info timems="0.021" idlems="0.021" threads="0" lastid="0000000000016F00" lastname="main" />
</exclusive-start>
<cycle-start id="3511" type="global" contextid="0" timestamp="2022-02-08T16:15:48.077" intervalms="3056.268" />
<concurrent-start id="3512" type="global mark" contextid="3511" timestamp="2022-02-08T16:15:48.077">
</concurrent-start>
<exclusive-end id="3513" timestamp="2022-02-08T16:15:48.077" durationms="0.027" />

<exclusive-start id="3514" timestamp="2022-02-08T16:15:48.147" intervalms="70.667">
  <response-info timems="0.039" idlems="0.039" threads="0" lastid="0000000000016F00" lastname="main" />
</exclusive-start>
<af-start id="3515" threadId="0000000000017908" totalBytesRequested="184" timestamp="2022-02-08T16:15:48.147" intervalms="898.615" type="nursery" />
<cycle-start id="3516" type="scavenge" contextid="0" timestamp="2022-02-08T16:15:48.147" intervalms="898.610" />
<gc-start id="3517" type="scavenge" contextid="3516" timestamp="2022-02-08T16:15:48.147">
  <mem-info id="3518" free="127813360" total="1073741824" percent="11">
    <mem type="nursery" free="0" total="268435456" percent="0">
      <mem type="allocate" free="0" total="182845440" percent="0" />
      <mem type="survivor" free="0" total="85590016" percent="0" />
    </mem>
    <mem type="tenure" free="127813360" total="805306368" percent="15">
      <mem type="soa" free="119759600" total="797252608" percent="15" />
      <mem type="loa" free="8053760" total="8053760" percent="100" />
    </mem>
    <remembered-set count="130" />
  </mem-info>
</gc-start>
<allocation-stats totalBytes="106397104" >
  <allocated-bytes non-tlh="1347792" tlh="105049312" />
  <largest-consumer threadName="main" threadId="0000000000016F00" bytes="106388912" />
</allocation-stats>
<gc-op id="3519" type="scavenge" timems="82.354" contextid="3516" timestamp="2022-02-08T16:15:48.230">
  <scavenger-info tenureage="1" tenuremask="7ffe" tiltratio="68" />
  <memory-copied type="nursery" objects="1330014" bytes="76143888" bytesdiscarded="143320" />
  <memory-copied type="tenure" objects="1488500" bytes="75295936" bytesdiscarded="40248" />
  <finalization candidates="57" enqueued="0" />
  <references type="phantom" candidates="1" cleared="0" enqueued="0" />
  <object-monitors candidates="2" cleared="0"  />
</gc-op>
<gc-end id="3520" type="scavenge" contextid="3516" durationms="82.656" usertimems="322.530" systemtimems="0.516" stalltimems="4.246" timestamp="2022-02-08T16:15:48.230" activeThreads="4">
  <mem-info id="3521" free="159657008" total="1073741824" percent="14">
    <mem type="nursery" free="107213592" total="268435456" percent="39">
      <mem type="allocate" free="107213592" total="183500800" percent="58" />
      <mem type="survivor" free="0" total="84934656" percent="0" />
    </mem>
    <mem type="tenure" free="52443416" total="805306368" percent="6" macro-fragmented="27735676">
      <mem type="soa" free="44389656" total="797252608" percent="5" />
      <mem type="loa" free="8053760" total="8053760" percent="100" />
    </mem>
    <remembered-set count="99" />
  </mem-info>
</gc-end>
<cycle-end id="3522" type="scavenge" contextid="3516" timestamp="2022-02-08T16:15:48.230" />
<allocation-satisfied id="3523" threadId="0000000000016F00" bytesRequested="184" />
<af-end id="3524" timestamp="2022-02-08T16:15:48.231" threadId="0000000000017908" success="true" from="nursery"/>
<exclusive-end id="3525" timestamp="2022-02-08T16:15:48.231" durationms="83.248" />

<concurrent-end id="3526" type="global mark" contextid="3511" timestamp="2022-02-08T16:15:48.461">
<gc-op id="3527" type="trace" timems="384.634" contextid="3511" timestamp="2022-02-08T16:15:48.461">
  <trace bytesTraced="74439060" workStackOverflowCount="0" />
  <card-cleaning reason="card cleaning threshold reached" bytesTraced="808" cardsCleaned="2" />
</gc-op>
</concurrent-end>

<exclusive-start id="3528" timestamp="2022-02-08T16:15:48.461" intervalms="314.063">
  <response-info timems="0.020" idlems="0.020" threads="0" lastid="0000000000016F00" lastname="main" />
</exclusive-start>
<concurrent-global-final id="3529" timestamp="2022-02-08T16:15:48.461" contextid="3511" intervalms="3087.888" >
  <concurrent-trace-info reason="card cleaning threshold reached" tracedByMutators="50450184" tracedByHelpers="23989684" cardsCleaned="2" workStackOverflowCount="0" />
</concurrent-global-final>
<gc-start id="3530" type="global" contextid="3511" timestamp="2022-02-08T16:15:48.461">
  <mem-info id="3531" free="144747384" total="1073741824" percent="13">
    <mem type="nursery" free="92303968" total="268435456" percent="34">
      <mem type="allocate" free="92303968" total="183500800" percent="50" />
      <mem type="survivor" free="0" total="84934656" percent="0" />
    </mem>
    <mem type="tenure" free="52443416" total="805306368" percent="6">
      <mem type="soa" free="44389656" total="797252608" percent="5" />
      <mem type="loa" free="8053760" total="8053760" percent="100" />
    </mem>
    <remembered-set count="99" />
  </mem-info>
</gc-start>
<allocation-stats totalBytes="14903960" >
  <allocated-bytes non-tlh="184" tlh="14903776" />
  <largest-consumer threadName="main" threadId="0000000000016F00" bytes="14903960" />
</allocation-stats>
<gc-op id="3532" type="rs-scan" timems="0.666" contextid="3511" timestamp="2022-02-08T16:15:48.462">
  <scan objectsFound="29" bytesTraced="5124" workStackOverflowCount="0" />
</gc-op>
<gc-op id="3533" type="card-cleaning" timems="156.391" contextid="3511" timestamp="2022-02-08T16:15:48.619">
  <card-cleaning cardsCleaned="9" bytesTraced="71012648" workStackOverflowCount="0" />
</gc-op>
<gc-op id="3534" type="mark" timems="66.143" contextid="3511" timestamp="2022-02-08T16:15:48.685">
  <trace-info objectcount="1894059" scancount="1422072" scanbytes="30405224" />
  <finalization candidates="428" enqueued="57" />
  <ownableSynchronizers candidates="1" cleared="0" />
  <references type="soft" candidates="894" cleared="0" enqueued="0" dynamicThreshold="11" maxThreshold="32" />
  <references type="weak" candidates="1701" cleared="0" enqueued="0" />
  <references type="phantom" candidates="52" cleared="2" enqueued="2" />
  <stringconstants candidates="6471" cleared="0"  />
  <object-monitors candidates="2" cleared="0"  />
</gc-op>
<gc-op id="3535" type="sweep" timems="4.757" contextid="3511" timestamp="2022-02-08T16:15:48.690" />
<gc-end id="3536" type="global" contextid="3511" durationms="228.185" usertimems="285.171" systemtimems="0.000" stalltimems="151.835" timestamp="2022-02-08T16:15:48.690" activeThreads="4">
  <mem-info id="3537" free="388023864" total="1073741824" percent="36">
    <mem type="nursery" free="92538496" total="268435456" percent="34">
      <mem type="allocate" free="92538496" total="183500800" percent="50" />
      <mem type="survivor" free="0" total="84934656" percent="0" />
    </mem>
    <mem type="tenure" free="295485368" total="805306368" percent="36" micro-fragmented="230354" macro-fragmented="0">
      <mem type="soa" free="287431608" total="797252608" percent="36" />
      <mem type="loa" free="8053760" total="8053760" percent="100" />
    </mem>
    <pending-finalizers system="57" default="0" reference="2" classloader="0" />
    <remembered-set count="99" />
  </mem-info>
</gc-end>
<cycle-end id="3538" type="global" contextid="3511" timestamp="2022-02-08T16:15:48.690" />
<exclusive-end id="3539" timestamp="2022-02-08T16:15:48.690" durationms="228.438" />

<exclusive-start id="3540" timestamp="2022-02-08T16:15:49.304" intervalms="842.999">
  <response-info timems="0.017" idlems="0.017" threads="0" lastid="0000000000016F00" lastname="main" />
</exclusive-start>
<af-start id="3541" threadId="0000000000017908" totalBytesRequested="184" timestamp="2022-02-08T16:15:49.304" intervalms="1157.060" type="nursery" />
<cycle-start id="3542" type="scavenge" contextid="0" timestamp="2022-02-08T16:15:49.304" intervalms="1157.060" />
<gc-start id="3543" type="scavenge" contextid="3542" timestamp="2022-02-08T16:15:49.304">
  <mem-info id="3544" free="295485368" total="1073741824" percent="27">
    <mem type="nursery" free="0" total="268435456" percent="0">
      <mem type="allocate" free="0" total="183500800" percent="0" />
      <mem type="survivor" free="0" total="84934656" percent="0" />
    </mem>
    <mem type="tenure" free="295485368" total="805306368" percent="36">
      <mem type="soa" free="287431608" total="797252608" percent="36" />
      <mem type="loa" free="8053760" total="8053760" percent="100" />
    </mem>
    <remembered-set count="102" />
  </mem-info>
</gc-start>
<allocation-stats totalBytes="92493024" >
  <allocated-bytes non-tlh="0" tlh="92493024" />
  <largest-consumer threadName="main" threadId="0000000000016F00" bytes="92488928" />
</allocation-stats>
<gc-op id="3545" type="scavenge" timems="82.238" contextid="3542" timestamp="2022-02-08T16:15:49.387">
  <scavenger-info tenureage="1" tenuremask="7ffe" tiltratio="68" />
  <memory-copied type="nursery" objects="1357983" bytes="76298816" bytesdiscarded="222832" />
  <memory-copied type="tenure" objects="1330013" bytes="76143784" bytesdiscarded="50584" />
  <finalization candidates="1" enqueued="0" />
  <ownableSynchronizers candidates="2" cleared="2" />
  <object-monitors candidates="2" cleared="0"  />
</gc-op>
<gc-end id="3546" type="scavenge" contextid="3542" durationms="82.494" usertimems="325.794" systemtimems="0.000" stalltimems="1.812" timestamp="2022-02-08T16:15:49.387" activeThreads="4">
  <mem-info id="3547" free="326622696" total="1073741824" percent="30">
    <mem type="nursery" free="107437904" total="268435456" percent="40">
      <mem type="allocate" free="107437904" total="183959552" percent="58" />
      <mem type="survivor" free="0" total="84475904" percent="0" />
    </mem>
    <mem type="tenure" free="219184792" total="805306368" percent="27" macro-fragmented="0">
      <mem type="soa" free="211131032" total="797252608" percent="26" />
      <mem type="loa" free="8053760" total="8053760" percent="100" />
    </mem>
    <remembered-set count="102" />
  </mem-info>
</gc-end>
<cycle-end id="3548" type="scavenge" contextid="3542" timestamp="2022-02-08T16:15:49.387" />
<allocation-satisfied id="3549" threadId="0000000000016F00" bytesRequested="184" />
<af-end id="3550" timestamp="2022-02-08T16:15:49.387" threadId="0000000000017908" success="true" from="nursery"/>
<exclusive-end id="3551" timestamp="2022-02-08T16:15:49.387" durationms="82.774" />

<exclusive-start id="3552" timestamp="2022-02-08T16:15:50.270" intervalms="965.947">
  <response-info timems="0.049" idlems="0.049" threads="0" lastid="0000000000016F00" lastname="main" />
</exclusive-start>
<af-start id="3553" threadId="0000000000017908" totalBytesRequested="224" timestamp="2022-02-08T16:15:50.270" intervalms="965.944" type="nursery" />
<cycle-start id="3554" type="scavenge" contextid="0" timestamp="2022-02-08T16:15:50.270" intervalms="965.944" />
<gc-start id="3555" type="scavenge" contextid="3554" timestamp="2022-02-08T16:15:50.270">
  <mem-info id="3556" free="219184792" total="1073741824" percent="20">
    <mem type="nursery" free="0" total="268435456" percent="0">
      <mem type="allocate" free="0" total="183959552" percent="0" />
      <mem type="survivor" free="0" total="84475904" percent="0" />
    </mem>
    <mem type="tenure" free="219184792" total="805306368" percent="27">
      <mem type="soa" free="211131032" total="797252608" percent="26" />
      <mem type="loa" free="8053760" total="8053760" percent="100" />
    </mem>
    <remembered-set count="133" />
  </mem-info>
</gc-start>
<allocation-stats totalBytes="107389904" >
  <allocated-bytes non-tlh="945912" tlh="106443992" />
  <largest-consumer threadName="main" threadId="0000000000016F00" bytes="107389904" />
</allocation-stats>
<gc-op id="3557" type="scavenge" timems="89.633" contextid="3554" timestamp="2022-02-08T16:15:50.360">
  <scavenger-info tenureage="1" tenuremask="7ffe" tiltratio="68" />
  <memory-copied type="nursery" objects="1462401" bytes="75628296" bytesdiscarded="198856" />
  <memory-copied type="tenure" objects="1357982" bytes="76298712" bytesdiscarded="40904" />
  <finalization candidates="103" enqueued="53" />
  <references type="soft" candidates="14" cleared="0" enqueued="0" dynamicThreshold="11" maxThreshold="32" />
  <references type="weak" candidates="1" cleared="0" enqueued="0" />
  <references type="phantom" candidates="88" cleared="7" enqueued="7" />
  <object-monitors candidates="2" cleared="0"  />
</gc-op>
<gc-end id="3558" type="scavenge" contextid="3554" durationms="89.847" usertimems="353.627" systemtimems="0.000" stalltimems="3.675" timestamp="2022-02-08T16:15:50.360" activeThreads="4">
  <mem-info id="3559" free="251264616" total="1073741824" percent="23">
    <mem type="nursery" free="108525488" total="268435456" percent="40">
      <mem type="allocate" free="108525488" total="184352768" percent="58" />
      <mem type="survivor" free="0" total="84082688" percent="0" />
    </mem>
    <mem type="tenure" free="142739128" total="805306368" percent="17" macro-fragmented="0">
      <mem type="soa" free="134685368" total="797252608" percent="16" />
      <mem type="loa" free="8053760" total="8053760" percent="100" />
    </mem>
    <pending-finalizers system="52" default="1" reference="7" classloader="0" />
    <remembered-set count="129" />
  </mem-info>
</gc-end>
<cycle-end id="3560" type="scavenge" contextid="3554" timestamp="2022-02-08T16:15:50.360" />
<allocation-satisfied id="3561" threadId="0000000000016F00" bytesRequested="224" />
<af-end id="3562" timestamp="2022-02-08T16:15:50.360" threadId="0000000000017908" success="true" from="nursery"/>
<exclusive-end id="3563" timestamp="2022-02-08T16:15:50.360" durationms="90.097" />

<concurrent-kickoff id="3564" timestamp="2022-02-08T16:15:51.076">
  <kickoff reason="threshold reached" targetBytes="74439295" thresholdFreeBytes="5770064"  remainingFree="5699336" tenureFreeBytes="142739128" nurseryFreeBytes="5699336" />
</concurrent-kickoff>
<exclusive-start id="3565" timestamp="2022-02-08T16:15:51.079" intervalms="808.789">
  <response-info timems="0.071" idlems="0.071" threads="0" lastid="0000000000016F00" lastname="main" />
</exclusive-start>
<cycle-start id="3566" type="global" contextid="0" timestamp="2022-02-08T16:15:51.079" intervalms="3002.502" />
<concurrent-start id="3567" type="global mark" contextid="3566" timestamp="2022-02-08T16:15:51.079">
</concurrent-start>
<exclusive-end id="3568" timestamp="2022-02-08T16:15:51.079" durationms="0.075" />

<exclusive-start id="3569" timestamp="2022-02-08T16:15:51.260" intervalms="180.711">
  <response-info timems="0.043" idlems="0.043" threads="0" lastid="0000000000016F00" lastname="main" />
</exclusive-start>
<af-start id="3570" threadId="0000000000017908" totalBytesRequested="208" timestamp="2022-02-08T16:15:51.260" intervalms="989.504" type="nursery" />
<cycle-start id="3571" type="scavenge" contextid="0" timestamp="2022-02-08T16:15:51.260" intervalms="989.504" />
<gc-start id="3572" type="scavenge" contextid="3571" timestamp="2022-02-08T16:15:51.260">
  <mem-info id="3573" free="142739128" total="1073741824" percent="13">
    <mem type="nursery" free="0" total="268435456" percent="0">
      <mem type="allocate" free="0" total="184352768" percent="0" />
      <mem type="survivor" free="0" total="84082688" percent="0" />
    </mem>
    <mem type="tenure" free="142739128" total="805306368" percent="17">
      <mem type="soa" free="134685368" total="797252608" percent="16" />
      <mem type="loa" free="8053760" total="8053760" percent="100" />
    </mem>
    <remembered-set count="130" />
  </mem-info>
</gc-start>
<allocation-stats totalBytes="108476112" >
  <allocated-bytes non-tlh="2121896" tlh="106354216" />
  <largest-consumer threadName="main" threadId="0000000000016F00" bytes="108467920" />
</allocation-stats>
<gc-op id="3574" type="scavenge" timems="78.976" contextid="3571" timestamp="2022-02-08T16:15:51.339">
  <scavenger-info tenureage="1" tenuremask="7ffe" tiltratio="68" />
  <memory-copied type="nursery" objects="1371765" bytes="77138656" bytesdiscarded="98224" />
  <memory-copied type="tenure" objects="1461633" bytes="75155936" bytesdiscarded="39928" />
  <finalization candidates="57" enqueued="0" />
  <references type="phantom" candidates="7" cleared="0" enqueued="0" />
  <object-monitors candidates="2" cleared="0"  />
</gc-op>
<gc-end id="3575" type="scavenge" contextid="3571" durationms="79.240" usertimems="312.516" systemtimems="0.000" stalltimems="2.516" timestamp="2022-02-08T16:15:51.339" activeThreads="4">
  <mem-info id="3576" free="173971656" total="1073741824" percent="16">
    <mem type="nursery" free="106394992" total="268435456" percent="39">
      <mem type="allocate" free="106394992" total="183631872" percent="57" />
      <mem type="survivor" free="0" total="84803584" percent="0" />
    </mem>
    <mem type="tenure" free="67576664" total="805306368" percent="8" macro-fragmented="0">
      <mem type="soa" free="59522904" total="797252608" percent="7" />
      <mem type="loa" free="8053760" total="8053760" percent="100" />
    </mem>
    <remembered-set count="97" />
  </mem-info>
</gc-end>
<cycle-end id="3577" type="scavenge" contextid="3571" timestamp="2022-02-08T16:15:51.339" />
<allocation-satisfied id="3578" threadId="0000000000016F00" bytesRequested="208" />
<af-end id="3579" timestamp="2022-02-08T16:15:51.339" threadId="0000000000017908" success="true" from="nursery"/>
<exclusive-end id="3580" timestamp="2022-02-08T16:15:51.339" durationms="79.504" />

<concurrent-end id="3581" type="global mark" contextid="3566" timestamp="2022-02-08T16:15:51.469">
<gc-op id="3582" type="trace" timems="389.453" contextid="3566" timestamp="2022-02-08T16:15:51.469">
  <trace bytesTraced="74439268" workStackOverflowCount="0" />
  <card-cleaning reason="card cleaning threshold reached" bytesTraced="808" cardsCleaned="2" />
</gc-op>
</concurrent-end>

<exclusive-start id="3583" timestamp="2022-02-08T16:15:51.469" intervalms="208.858">
  <response-info timems="0.022" idlems="0.022" threads="0" lastid="0000000000016F00" lastname="main" />
</exclusive-start>
<concurrent-global-final id="3584" timestamp="2022-02-08T16:15:51.469" contextid="3566" intervalms="3007.302" >
  <concurrent-trace-info reason="card cleaning threshold reached" tracedByMutators="57339104" tracedByHelpers="17100972" cardsCleaned="2" workStackOverflowCount="0" />
</concurrent-global-final>
<gc-start id="3585" type="global" contextid="3566" timestamp="2022-02-08T16:15:51.469">
  <mem-info id="3586" free="166008824" total="1073741824" percent="15">
    <mem type="nursery" free="98432160" total="268435456" percent="36">
      <mem type="allocate" free="98432160" total="183631872" percent="53" />
      <mem type="survivor" free="0" total="84803584" percent="0" />
    </mem>
    <mem type="tenure" free="67576664" total="805306368" percent="8">
      <mem type="soa" free="59522904" total="797252608" percent="7" />
      <mem type="loa" free="8053760" total="8053760" percent="100" />
    </mem>
    <remembered-set count="97" />
  </mem-info>
</gc-start>
<allocation-stats totalBytes="7958176" >
  <allocated-bytes non-tlh="208" tlh="7957968" />
  <largest-consumer threadName="main" threadId="0000000000016F00" bytes="7958176" />
</allocation-stats>
<gc-op id="3587" type="rs-scan" timems="0.513" contextid="3566" timestamp="2022-02-08T16:15:51.469">
  <scan objectsFound="29" bytesTraced="5124" workStackOverflowCount="0" />
</gc-op>
<gc-op id="3588" type="card-cleaning" timems="155.104" contextid="3566" timestamp="2022-02-08T16:15:51.624">
  <card-cleaning cardsCleaned="9" bytesTraced="71012648" workStackOverflowCount="0" />
</gc-op>
<gc-op id="3589" type="mark" timems="51.880" contextid="3566" timestamp="2022-02-08T16:15:51.676">
  <trace-info objectcount="1568251" scancount="1177716" scanbytes="25192296" />
  <finalization candidates="428" enqueued="57" />
  <ownableSynchronizers candidates="1" cleared="0" />
  <references type="soft" candidates="894" cleared="0" enqueued="0" dynamicThreshold="11" maxThreshold="32" />
  <references type="weak" candidates="1701" cleared="0" enqueued="0" />
  <references type="phantom" candidates="52" cleared="2" enqueued="2" />
  <stringconstants candidates="6471" cleared="0"  />
  <object-monitors candidates="2" cleared="0"  />
</gc-op>
<gc-op id="3590" type="sweep" timems="5.185" contextid="3566" timestamp="2022-02-08T16:15:51.682" />
<gc-end id="3591" type="global" contextid="3566" durationms="212.950" usertimems="265.374" systemtimems="3.136" stalltimems="115.540" timestamp="2022-02-08T16:15:51.682" activeThreads="4">
  <mem-info id="3592" free="409111224" total="1073741824" percent="38">
    <mem type="nursery" free="98623528" total="268435456" percent="36">
      <mem type="allocate" free="98623528" total="183631872" percent="53" />
      <mem type="survivor" free="0" total="84803584" percent="0" />
    </mem>
    <mem type="tenure" free="310487696" total="805306368" percent="38" micro-fragmented="217769" macro-fragmented="0">
      <mem type="soa" free="302433936" total="797252608" percent="37" />
      <mem type="loa" free="8053760" total="8053760" percent="100" />
    </mem>
    <pending-finalizers system="57" default="0" reference="2" classloader="0" />
    <remembered-set count="97" />
  </mem-info>
</gc-end>
<cycle-end id="3593" type="global" contextid="3566" timestamp="2022-02-08T16:15:51.682" />
<exclusive-end id="3594" timestamp="2022-02-08T16:15:51.682" durationms="213.180" />

<exclusive-start id="3595" timestamp="2022-02-08T16:15:52.357" intervalms="888.541">
  <response-info timems="0.020" idlems="0.020" threads="0" lastid="0000000000016F00" lastname="main" />
</exclusive-start>
<af-start id="3596" threadId="0000000000017908" totalBytesRequested="192" timestamp="2022-02-08T16:15:52.357" intervalms="1097.402" type="nursery" />
<cycle-start id="3597" type="scavenge" contextid="0" timestamp="2022-02-08T16:15:52.357" intervalms="1097.404" />
<gc-start id="3598" type="scavenge" contextid="3597" timestamp="2022-02-08T16:15:52.357">
  <mem-info id="3599" free="310487696" total="1073741824" percent="28">
    <mem type="nursery" free="0" total="268435456" percent="0">
      <mem type="allocate" free="0" total="183631872" percent="0" />
      <mem type="survivor" free="0" total="84803584" percent="0" />
    </mem>
    <mem type="tenure" free="310487696" total="805306368" percent="38">
      <mem type="soa" free="302433936" total="797252608" percent="37" />
      <mem type="loa" free="8053760" total="8053760" percent="100" />
    </mem>
    <remembered-set count="100" />
  </mem-info>
</gc-start>
<allocation-stats totalBytes="98575496" >
  <allocated-bytes non-tlh="0" tlh="98575496" />
  <largest-consumer threadName="main" threadId="0000000000016F00" bytes="98571400" />
</allocation-stats>
<gc-op id="3600" type="scavenge" timems="80.930" contextid="3597" timestamp="2022-02-08T16:15:52.438">
  <scavenger-info tenureage="1" tenuremask="7ffe" tiltratio="68" />
  <memory-copied type="nursery" objects="1343307" bytes="75683960" bytesdiscarded="123152" />
  <memory-copied type="tenure" objects="1371764" bytes="77138544" bytesdiscarded="44352" />
  <finalization candidates="7" enqueued="0" />
  <ownableSynchronizers candidates="2" cleared="2" />
  <object-monitors candidates="2" cleared="0"  />
</gc-op>
<gc-end id="3601" type="scavenge" contextid="3597" durationms="81.191" usertimems="320.586" systemtimems="0.000" stalltimems="2.482" timestamp="2022-02-08T16:15:52.439" activeThreads="4">
  <mem-info id="3602" free="341163624" total="1073741824" percent="31">
    <mem type="nursery" free="108152440" total="268435456" percent="40">
      <mem type="allocate" free="108152440" total="183959552" percent="58" />
      <mem type="survivor" free="0" total="84475904" percent="0" />
    </mem>
    <mem type="tenure" free="233011184" total="805306368" percent="28" macro-fragmented="0">
      <mem type="soa" free="224957424" total="797252608" percent="28" />
      <mem type="loa" free="8053760" total="8053760" percent="100" />
    </mem>
    <remembered-set count="102" />
  </mem-info>
</gc-end>
<cycle-end id="3603" type="scavenge" contextid="3597" timestamp="2022-02-08T16:15:52.439" />
<allocation-satisfied id="3604" threadId="0000000000016F00" bytesRequested="192" />
<af-end id="3605" timestamp="2022-02-08T16:15:52.439" threadId="0000000000017908" success="true" from="nursery"/>
<exclusive-end id="3606" timestamp="2022-02-08T16:15:52.439" durationms="81.507" />

<exclusive-start id="3607" timestamp="2022-02-08T16:15:53.160" intervalms="802.982">
  <response-info timems="0.020" idlems="0.020" threads="0" lastid="0000000000016F00" lastname="main" />
</exclusive-start>
<af-start id="3608" threadId="0000000000017908" totalBytesRequested="453704" timestamp="2022-02-08T16:15:53.160" intervalms="802.974" type="nursery" />
<cycle-start id="3609" type="scavenge" contextid="0" timestamp="2022-02-08T16:15:53.160" intervalms="802.972" />
<gc-start id="3610" type="scavenge" contextid="3609" timestamp="2022-02-08T16:15:53.160">
  <mem-info id="3611" free="233061800" total="1073741824" percent="21">
    <mem type="nursery" free="50616" total="268435456" percent="0">
      <mem type="allocate" free="50616" total="183959552" percent="0" />
      <mem type="survivor" free="0" total="84475904" percent="0" />
    </mem>
    <mem type="tenure" free="233011184" total="805306368" percent="28">
      <mem type="soa" free="224957424" total="797252608" percent="28" />
      <mem type="loa" free="8053760" total="8053760" percent="100" />
    </mem>
    <remembered-set count="116" />
  </mem-info>
</gc-start>
<allocation-stats totalBytes="108054128" >
  <allocated-bytes non-tlh="192" tlh="108053936" />
  <largest-consumer threadName="main" threadId="0000000000016F00" bytes="108054128" />
</allocation-stats>
<gc-op id="3612" type="scavenge" timems="91.522" contextid="3609" timestamp="2022-02-08T16:15:53.252">
  <scavenger-info tenureage="1" tenuremask="7ffe" tiltratio="68" />
  <memory-copied type="nursery" objects="1360507" bytes="76751448" bytesdiscarded="176136" />
  <memory-copied type="tenure" objects="1343306" bytes="75683856" bytesdiscarded="40224" />
  <finalization candidates="30" enqueued="18" />
  <references type="phantom" candidates="30" cleared="0" enqueued="0" />
  <object-monitors candidates="2" cleared="0"  />
</gc-op>
<gc-end id="3613" type="scavenge" contextid="3609" durationms="91.736" usertimems="361.630" systemtimems="0.000" stalltimems="3.389" timestamp="2022-02-08T16:15:53.252" activeThreads="4">
  <mem-info id="3614" free="264701640" total="1073741824" percent="24">
    <mem type="nursery" free="107359648" total="268435456" percent="39">
      <mem type="allocate" free="107359648" total="184287232" percent="58" />
      <mem type="survivor" free="0" total="84148224" percent="0" />
    </mem>
    <mem type="tenure" free="157341992" total="805306368" percent="19" macro-fragmented="39939376">
      <mem type="soa" free="149288232" total="797252608" percent="18" />
      <mem type="loa" free="8053760" total="8053760" percent="100" />
    </mem>
    <pending-finalizers system="18" default="0" reference="0" classloader="0" />
    <remembered-set count="116" />
  </mem-info>
</gc-end>
<cycle-end id="3615" type="scavenge" contextid="3609" timestamp="2022-02-08T16:15:53.252" />
<allocation-satisfied id="3616" threadId="0000000000016F00" bytesRequested="453704" />
<af-end id="3617" timestamp="2022-02-08T16:15:53.252" threadId="0000000000017908" success="true" from="nursery"/>
<exclusive-end id="3618" timestamp="2022-02-08T16:15:53.252" durationms="92.266" />

<concurrent-kickoff id="3619" timestamp="2022-02-08T16:15:54.134">
  <kickoff reason="threshold reached" targetBytes="74439453" thresholdFreeBytes="5785690"  remainingFree="5713312" tenureFreeBytes="157341992" nurseryFreeBytes="5713312" />
</concurrent-kickoff>
<exclusive-start id="3620" timestamp="2022-02-08T16:15:54.137" intervalms="976.477">
  <response-info timems="0.021" idlems="0.021" threads="0" lastid="0000000000016F00" lastname="main" />
</exclusive-start>
<cycle-start id="3621" type="global" contextid="0" timestamp="2022-02-08T16:15:54.137" intervalms="3057.534" />
<concurrent-start id="3622" type="global mark" contextid="3621" timestamp="2022-02-08T16:15:54.137">
</concurrent-start>
<exclusive-end id="3623" timestamp="2022-02-08T16:15:54.137" durationms="0.038" />

<exclusive-start id="3624" timestamp="2022-02-08T16:15:54.265" intervalms="128.213">
  <response-info timems="0.046" idlems="0.046" threads="0" lastid="0000000000016F00" lastname="main" />
</exclusive-start>
<af-start id="3625" threadId="0000000000017908" totalBytesRequested="232" timestamp="2022-02-08T16:15:54.265" intervalms="1104.708" type="nursery" />
<cycle-start id="3626" type="scavenge" contextid="0" timestamp="2022-02-08T16:15:54.265" intervalms="1104.710" />
<gc-start id="3627" type="scavenge" contextid="3626" timestamp="2022-02-08T16:15:54.265">
  <mem-info id="3628" free="157341992" total="1073741824" percent="14">
    <mem type="nursery" free="0" total="268435456" percent="0">
      <mem type="allocate" free="0" total="184287232" percent="0" />
      <mem type="survivor" free="0" total="84148224" percent="0" />
    </mem>
    <mem type="tenure" free="157341992" total="805306368" percent="19">
      <mem type="soa" free="149288232" total="797252608" percent="18" />
      <mem type="loa" free="8053760" total="8053760" percent="100" />
    </mem>
    <remembered-set count="133" />
  </mem-info>
</gc-start>
<allocation-stats totalBytes="107311200" >
  <allocated-bytes non-tlh="2938248" tlh="104372952" />
  <largest-consumer threadName="main" threadId="0000000000016F00" bytes="107307104" />
</allocation-stats>
<gc-op id="3629" type="scavenge" timems="89.007" contextid="3626" timestamp="2022-02-08T16:15:54.354">
  <scavenger-info tenureage="1" tenuremask="7ffe" tiltratio="68" />
  <memory-copied type="nursery" objects="1427122" bytes="75479920" bytesdiscarded="45248" />
  <memory-copied type="tenure" objects="1360209" bytes="76592408" bytesdiscarded="43576" />
  <finalization candidates="92" enqueued="35" />
  <references type="soft" candidates="14" cleared="0" enqueued="0" dynamicThreshold="12" maxThreshold="32" />
  <references type="weak" candidates="1" cleared="0" enqueued="0" />
  <references type="phantom" candidates="77" cleared="7" enqueued="7" />
  <object-monitors candidates="2" cleared="0"  />
</gc-op>
<gc-end id="3630" type="scavenge" contextid="3626" durationms="89.224" usertimems="349.880" systemtimems="1.695" stalltimems="3.352" timestamp="2022-02-08T16:15:54.354" activeThreads="4">
  <mem-info id="3631" free="189794448" total="1073741824" percent="17">
    <mem type="nursery" free="109024080" total="268435456" percent="40">
      <mem type="allocate" free="109024080" total="184549376" percent="59" />
      <mem type="survivor" free="0" total="83886080" percent="0" />
    </mem>
    <mem type="tenure" free="80770368" total="805306368" percent="10" macro-fragmented="57512708">
      <mem type="soa" free="72716608" total="797252608" percent="9" />
      <mem type="loa" free="8053760" total="8053760" percent="100" />
    </mem>
    <pending-finalizers system="34" default="1" reference="7" classloader="0" />
    <remembered-set count="116" />
  </mem-info>
</gc-end>
<cycle-end id="3632" type="scavenge" contextid="3626" timestamp="2022-02-08T16:15:54.354" />
<allocation-satisfied id="3633" threadId="0000000000016F00" bytesRequested="232" />
<af-end id="3634" timestamp="2022-02-08T16:15:54.354" threadId="0000000000017908" success="true" from="nursery"/>
<exclusive-end id="3635" timestamp="2022-02-08T16:15:54.354" durationms="89.521" />

<concurrent-end id="3636" type="global mark" contextid="3621" timestamp="2022-02-08T16:15:54.508">
<gc-op id="3637" type="trace" timems="371.318" contextid="3621" timestamp="2022-02-08T16:15:54.508">
  <trace bytesTraced="74439444" workStackOverflowCount="0" />
  <card-cleaning reason="card cleaning threshold reached" bytesTraced="808" cardsCleaned="2" />
</gc-op>
</concurrent-end>

<exclusive-start id="3638" timestamp="2022-02-08T16:15:54.508" intervalms="243.179">
  <response-info timems="0.020" idlems="0.020" threads="0" lastid="0000000000016F00" lastname="main" />
</exclusive-start>
<concurrent-global-final id="3639" timestamp="2022-02-08T16:15:54.508" contextid="3621" intervalms="3039.391" >
  <concurrent-trace-info reason="card cleaning threshold reached" tracedByMutators="59170852" tracedByHelpers="15269400" cardsCleaned="2" workStackOverflowCount="0" />
</concurrent-global-final>
<gc-start id="3640" type="global" contextid="3621" timestamp="2022-02-08T16:15:54.508">
  <mem-info id="3641" free="180905896" total="1073741824" percent="16">
    <mem type="nursery" free="100135528" total="268435456" percent="37">
      <mem type="allocate" free="100135528" total="184549376" percent="54" />
      <mem type="survivor" free="0" total="83886080" percent="0" />
    </mem>
    <mem type="tenure" free="80770368" total="805306368" percent="10">
      <mem type="soa" free="72716608" total="797252608" percent="9" />
      <mem type="loa" free="8053760" total="8053760" percent="100" />
    </mem>
    <remembered-set count="117" />
  </mem-info>
</gc-start>
<allocation-stats totalBytes="8884072" >
  <allocated-bytes non-tlh="232" tlh="8883840" />
  <largest-consumer threadName="main" threadId="0000000000016F00" bytes="8875880" />
</allocation-stats>
<gc-op id="3642" type="rs-scan" timems="129.569" contextid="3621" timestamp="2022-02-08T16:15:54.638">
  <scan objectsFound="3324744" bytesTraced="71015456" workStackOverflowCount="0" />
</gc-op>
<gc-op id="3643" type="card-cleaning" timems="0.264" contextid="3621" timestamp="2022-02-08T16:15:54.638">
  <card-cleaning cardsCleaned="4" bytesTraced="1700" workStackOverflowCount="0" />
</gc-op>
<gc-op id="3644" type="mark" timems="33.536" contextid="3621" timestamp="2022-02-08T16:15:54.672">
  <trace-info objectcount="1280001" scancount="961527" scanbytes="20580296" />
  <finalization candidates="428" enqueued="57" />
  <ownableSynchronizers candidates="1" cleared="0" />
  <references type="soft" candidates="894" cleared="0" enqueued="0" dynamicThreshold="12" maxThreshold="32" />
  <references type="weak" candidates="1701" cleared="0" enqueued="0" />
  <references type="phantom" candidates="52" cleared="2" enqueued="2" />
  <stringconstants candidates="6471" cleared="0"  />
  <object-monitors candidates="2" cleared="0"  />
</gc-op>
<gc-op id="3645" type="sweep" timems="4.721" contextid="3621" timestamp="2022-02-08T16:15:54.676" />
<gc-end id="3646" type="global" contextid="3621" durationms="168.300" usertimems="182.554" systemtimems="0.103" stalltimems="100.672" timestamp="2022-02-08T16:15:54.676" activeThreads="4">
  <mem-info id="3647" free="424285032" total="1073741824" percent="39">
    <mem type="nursery" free="100597672" total="268435456" percent="37">
      <mem type="allocate" free="100597672" total="184549376" percent="54" />
      <mem type="survivor" free="0" total="83886080" percent="0" />
    </mem>
    <mem type="tenure" free="323687360" total="805306368" percent="40" micro-fragmented="313715" macro-fragmented="0">
      <mem type="soa" free="315633600" total="797252608" percent="39" />
      <mem type="loa" free="8053760" total="8053760" percent="100" />
    </mem>
    <pending-finalizers system="57" default="0" reference="2" classloader="0" />
    <remembered-set count="104" />
  </mem-info>
</gc-end>
<cycle-end id="3648" type="global" contextid="3621" timestamp="2022-02-08T16:15:54.677" />
<exclusive-end id="3649" timestamp="2022-02-08T16:15:54.677" durationms="168.535" />

<exclusive-start id="3650" timestamp="2022-02-08T16:15:55.400" intervalms="892.248">
  <response-info timems="0.038" idlems="0.038" threads="0" lastid="0000000000016F00" lastname="main" />
</exclusive-start>
<af-start id="3651" threadId="0000000000017908" totalBytesRequested="208" timestamp="2022-02-08T16:15:55.400" intervalms="1135.411" type="nursery" />
<cycle-start id="3652" type="scavenge" contextid="0" timestamp="2022-02-08T16:15:55.400" intervalms="1135.409" />
<gc-start id="3653" type="scavenge" contextid="3652" timestamp="2022-02-08T16:15:55.400">
  <mem-info id="3654" free="323687360" total="1073741824" percent="30">
    <mem type="nursery" free="0" total="268435456" percent="0">
      <mem type="allocate" free="0" total="184549376" percent="0" />
      <mem type="survivor" free="0" total="83886080" percent="0" />
    </mem>
    <mem type="tenure" free="323687360" total="805306368" percent="40">
      <mem type="soa" free="315633600" total="797252608" percent="39" />
      <mem type="loa" free="8053760" total="8053760" percent="100" />
    </mem>
    <remembered-set count="105" />
  </mem-info>
</gc-start>
<allocation-stats totalBytes="100548704" >
  <allocated-bytes non-tlh="0" tlh="100548704" />
  <largest-consumer threadName="main" threadId="0000000000016F00" bytes="100544608" />
</allocation-stats>
<gc-op id="3655" type="scavenge" timems="80.614" contextid="3652" timestamp="2022-02-08T16:15:55.481">
  <scavenger-info tenureage="1" tenuremask="7ffe" tiltratio="68" />
  <memory-copied type="nursery" objects="1410307" bytes="77847312" bytesdiscarded="328536" />
  <memory-copied type="tenure" objects="1426640" bytes="75168048" bytesdiscarded="40352" />
  <finalization candidates="45" enqueued="0" />
  <ownableSynchronizers candidates="2" cleared="2" />
  <object-monitors candidates="2" cleared="0"  />
</gc-op>
<gc-end id="3656" type="scavenge" contextid="3652" durationms="80.813" usertimems="319.322" systemtimems="0.000" stalltimems="1.516" timestamp="2022-02-08T16:15:55.481" activeThreads="4">
  <mem-info id="3657" free="352464248" total="1073741824" percent="32">
    <mem type="nursery" free="104145304" total="268435456" percent="38">
      <mem type="allocate" free="104145304" total="182321152" percent="57" />
      <mem type="survivor" free="0" total="86114304" percent="0" />
    </mem>
    <mem type="tenure" free="248318944" total="805306368" percent="30" macro-fragmented="0">
      <mem type="soa" free="240265184" total="797252608" percent="30" />
      <mem type="loa" free="8053760" total="8053760" percent="100" />
    </mem>
    <remembered-set count="101" />
  </mem-info>
</gc-end>
<cycle-end id="3658" type="scavenge" contextid="3652" timestamp="2022-02-08T16:15:55.481" />
<allocation-satisfied id="3659" threadId="0000000000016F00" bytesRequested="208" />
<af-end id="3660" timestamp="2022-02-08T16:15:55.481" threadId="0000000000017908" success="true" from="nursery"/>
<exclusive-end id="3661" timestamp="2022-02-08T16:15:55.481" durationms="81.092" />

<exclusive-start id="3662" timestamp="2022-02-08T16:15:56.146" intervalms="745.251">
  <response-info timems="0.022" idlems="0.022" threads="0" lastid="0000000000016F00" lastname="main" />
</exclusive-start>
<af-start id="3663" threadId="0000000000017908" totalBytesRequested="208" timestamp="2022-02-08T16:15:56.146" intervalms="745.273" type="nursery" />
<cycle-start id="3664" type="scavenge" contextid="0" timestamp="2022-02-08T16:15:56.146" intervalms="745.278" />
<gc-start id="3665" type="scavenge" contextid="3664" timestamp="2022-02-08T16:15:56.146">
  <mem-info id="3666" free="248318944" total="1073741824" percent="23">
    <mem type="nursery" free="0" total="268435456" percent="0">
      <mem type="allocate" free="0" total="182321152" percent="0" />
      <mem type="survivor" free="0" total="86114304" percent="0" />
    </mem>
    <mem type="tenure" free="248318944" total="805306368" percent="30">
      <mem type="soa" free="240265184" total="797252608" percent="30" />
      <mem type="loa" free="8053760" total="8053760" percent="100" />
    </mem>
    <remembered-set count="101" />
  </mem-info>
</gc-start>
<allocation-stats totalBytes="104097624" >
  <allocated-bytes non-tlh="208" tlh="104097416" />
  <largest-consumer threadName="main" threadId="0000000000016F00" bytes="104097624" />
</allocation-stats>
<gc-op id="3667" type="scavenge" timems="85.678" contextid="3664" timestamp="2022-02-08T16:15:56.231">
  <scavenger-info tenureage="1" tenuremask="7ffe" tiltratio="67" />
  <memory-copied type="nursery" objects="1300973" bytes="74015072" bytesdiscarded="68512" />
  <memory-copied type="tenure" objects="1410306" bytes="77847200" bytesdiscarded="40192" />
  <object-monitors candidates="2" cleared="0"  />
</gc-op>
<gc-end id="3668" type="scavenge" contextid="3664" durationms="85.877" usertimems="335.147" systemtimems="3.977" stalltimems="2.366" timestamp="2022-02-08T16:15:56.232" activeThreads="4">
  <mem-info id="3669" free="279108360" total="1073741824" percent="25">
    <mem type="nursery" free="108630784" total="268435456" percent="40">
      <mem type="allocate" free="108630784" total="182714368" percent="59" />
      <mem type="survivor" free="0" total="85721088" percent="0" />
    </mem>
    <mem type="tenure" free="170477576" total="805306368" percent="21" macro-fragmented="0">
      <mem type="soa" free="162423816" total="797252608" percent="20" />
      <mem type="loa" free="8053760" total="8053760" percent="100" />
    </mem>
    <remembered-set count="101" />
  </mem-info>
</gc-end>
<cycle-end id="3670" type="scavenge" contextid="3664" timestamp="2022-02-08T16:15:56.232" />
<allocation-satisfied id="3671" threadId="0000000000016F00" bytesRequested="208" />
<af-end id="3672" timestamp="2022-02-08T16:15:56.232" threadId="0000000000017908" success="true" from="nursery"/>
<exclusive-end id="3673" timestamp="2022-02-08T16:15:56.232" durationms="86.162" />

<exclusive-start id="3674" timestamp="2022-02-08T16:15:57.195" intervalms="1049.164">
  <response-info timems="0.022" idlems="0.022" threads="0" lastid="0000000000016F00" lastname="main" />
</exclusive-start>
<af-start id="3675" threadId="0000000000017908" totalBytesRequested="136" timestamp="2022-02-08T16:15:57.195" intervalms="1049.184" type="nursery" />
<cycle-start id="3676" type="scavenge" contextid="0" timestamp="2022-02-08T16:15:57.195" intervalms="1049.206" />
<gc-start id="3677" type="scavenge" contextid="3676" timestamp="2022-02-08T16:15:57.195">
  <mem-info id="3678" free="170477576" total="1073741824" percent="15">
    <mem type="nursery" free="0" total="268435456" percent="0">
      <mem type="allocate" free="0" total="182714368" percent="0" />
      <mem type="survivor" free="0" total="85721088" percent="0" />
    </mem>
    <mem type="tenure" free="170477576" total="805306368" percent="21">
      <mem type="soa" free="162423816" total="797252608" percent="20" />
      <mem type="loa" free="8053760" total="8053760" percent="100" />
    </mem>
    <remembered-set count="131" />
  </mem-info>
</gc-start>
<allocation-stats totalBytes="108581920" >
  <allocated-bytes non-tlh="2841656" tlh="105740264" />
  <largest-consumer threadName="main" threadId="0000000000016F00" bytes="108581920" />
</allocation-stats>
<gc-op id="3679" type="scavenge" timems="83.225" contextid="3676" timestamp="2022-02-08T16:15:57.278">
  <scavenger-info tenureage="1" tenuremask="7ffe" tiltratio="68" />
  <memory-copied type="nursery" objects="1453163" bytes="76330096" bytesdiscarded="88592" />
  <memory-copied type="tenure" objects="1300972" bytes="74014960" bytesdiscarded="39248" />
  <finalization candidates="110" enqueued="53" />
  <references type="soft" candidates="14" cleared="0" enqueued="0" dynamicThreshold="12" maxThreshold="32" />
  <references type="weak" candidates="1" cleared="0" enqueued="0" />
  <references type="phantom" candidates="95" cleared="7" enqueued="7" />
  <object-monitors candidates="2" cleared="0"  />
</gc-op>
<gc-end id="3680" type="scavenge" contextid="3676" durationms="83.385" usertimems="327.835" systemtimems="0.724" stalltimems="3.271" timestamp="2022-02-08T16:15:57.278" activeThreads="4">
  <mem-info id="3681" free="202646000" total="1073741824" percent="18">
    <mem type="nursery" free="106426624" total="268435456" percent="39">
      <mem type="allocate" free="106426624" total="182845440" percent="58" />
      <mem type="survivor" free="0" total="85590016" percent="0" />
    </mem>
    <mem type="tenure" free="96219376" total="805306368" percent="11" macro-fragmented="69015248">
      <mem type="soa" free="88165616" total="797252608" percent="11" />
      <mem type="loa" free="8053760" total="8053760" percent="100" />
    </mem>
    <pending-finalizers system="52" default="1" reference="7" classloader="0" />
    <remembered-set count="126" />
  </mem-info>
</gc-end>
<cycle-end id="3682" type="scavenge" contextid="3676" timestamp="2022-02-08T16:15:57.278" />
<allocation-satisfied id="3683" threadId="0000000000016F00" bytesRequested="136" />
<af-end id="3684" timestamp="2022-02-08T16:15:57.279" threadId="0000000000017908" success="true" from="nursery"/>
<exclusive-end id="3685" timestamp="2022-02-08T16:15:57.279" durationms="83.798" />

<concurrent-kickoff id="3686" timestamp="2022-02-08T16:15:57.989">
  <kickoff reason="threshold reached" targetBytes="74439616" thresholdFreeBytes="5777953"  remainingFree="5763328" tenureFreeBytes="96219376" nurseryFreeBytes="5763328" />
</concurrent-kickoff>
<exclusive-start id="3687" timestamp="2022-02-08T16:15:57.992" intervalms="797.561">
  <response-info timems="0.021" idlems="0.021" threads="0" lastid="0000000000016F00" lastname="main" />
</exclusive-start>
<cycle-start id="3688" type="global" contextid="0" timestamp="2022-02-08T16:15:57.992" intervalms="3855.616" />
<concurrent-start id="3689" type="global mark" contextid="3688" timestamp="2022-02-08T16:15:57.992">
</concurrent-start>
<exclusive-end id="3690" timestamp="2022-02-08T16:15:57.992" durationms="0.029" />

<exclusive-start id="3691" timestamp="2022-02-08T16:15:58.139" intervalms="146.233">
  <response-info timems="0.031" idlems="0.031" threads="0" lastid="0000000000016F00" lastname="main" />
</exclusive-start>
<af-start id="3692" threadId="0000000000017908" totalBytesRequested="24" timestamp="2022-02-08T16:15:58.139" intervalms="943.752" type="nursery" />
<cycle-start id="3693" type="scavenge" contextid="0" timestamp="2022-02-08T16:15:58.139" intervalms="943.725" />
<gc-start id="3694" type="scavenge" contextid="3693" timestamp="2022-02-08T16:15:58.139">
  <mem-info id="3695" free="96219376" total="1073741824" percent="8">
    <mem type="nursery" free="0" total="268435456" percent="0">
      <mem type="allocate" free="0" total="182845440" percent="0" />
      <mem type="survivor" free="0" total="85590016" percent="0" />
    </mem>
    <mem type="tenure" free="96219376" total="805306368" percent="11">
      <mem type="soa" free="88165616" total="797252608" percent="11" />
      <mem type="loa" free="8053760" total="8053760" percent="100" />
    </mem>
    <remembered-set count="127" />
  </mem-info>
</gc-start>
<allocation-stats totalBytes="106376200" >
  <allocated-bytes non-tlh="136" tlh="106376064" />
  <largest-consumer threadName="main" threadId="0000000000016F00" bytes="106368008" />
</allocation-stats>
<gc-op id="3696" type="scavenge" timems="89.652" contextid="3693" timestamp="2022-02-08T16:15:58.228">
  <scavenger-info tenureage="1" tenuremask="7ffe" tiltratio="68" />
  <memory-copied type="nursery" objects="1376566" bytes="75803856" bytesdiscarded="361008" />
  <memory-copied type="tenure" objects="1452452" bytes="75862240" bytesdiscarded="39440" />
  <finalization candidates="57" enqueued="0" />
  <object-monitors candidates="2" cleared="0"  />
</gc-op>
<gc-end id="3697" type="scavenge" contextid="3693" durationms="89.804" usertimems="354.095" systemtimems="0.000" stalltimems="3.222" timestamp="2022-02-08T16:15:58.228" activeThreads="4">
  <mem-info id="3698" free="127796184" total="1073741824" percent="11">
    <mem type="nursery" free="107335936" total="268435456" percent="39">
      <mem type="allocate" free="107335936" total="183500800" percent="58" />
      <mem type="survivor" free="0" total="84934656" percent="0" />
    </mem>
    <mem type="tenure" free="20460248" total="805306368" percent="2" macro-fragmented="18886860">
      <mem type="soa" free="12406488" total="797252608" percent="1" />
      <mem type="loa" free="8053760" total="8053760" percent="100" />
    </mem>
    <remembered-set count="100" />
  </mem-info>
</gc-end>
<cycle-end id="3699" type="scavenge" contextid="3693" timestamp="2022-02-08T16:15:58.229" />
<allocation-satisfied id="3700" threadId="0000000000016F00" bytesRequested="24" />
<af-end id="3701" timestamp="2022-02-08T16:15:58.229" threadId="0000000000017908" success="true" from="nursery"/>
<exclusive-end id="3702" timestamp="2022-02-08T16:15:58.229" durationms="90.185" />

<concurrent-end id="3703" type="global mark" contextid="3688" timestamp="2022-02-08T16:15:58.356">
<gc-op id="3704" type="trace" timems="363.908" contextid="3688" timestamp="2022-02-08T16:15:58.356">
  <trace bytesTraced="74439684" workStackOverflowCount="0" />
  <card-cleaning reason="card cleaning threshold reached" bytesTraced="808" cardsCleaned="2" />
</gc-op>
</concurrent-end>

<exclusive-start id="3705" timestamp="2022-02-08T16:15:58.356" intervalms="217.757">
  <response-info timems="0.018" idlems="0.018" threads="0" lastid="0000000000016F00" lastname="main" />
</exclusive-start>
<concurrent-global-final id="3706" timestamp="2022-02-08T16:15:58.356" contextid="3688" intervalms="3848.214" >
  <concurrent-trace-info reason="card cleaning threshold reached" tracedByMutators="58056812" tracedByHelpers="16383680" cardsCleaned="2" workStackOverflowCount="0" />
</concurrent-global-final>
<gc-start id="3707" type="global" contextid="3688" timestamp="2022-02-08T16:15:58.356">
  <mem-info id="3708" free="119833536" total="1073741824" percent="11">
    <mem type="nursery" free="99373288" total="268435456" percent="37">
      <mem type="allocate" free="99373288" total="183500800" percent="54" />
      <mem type="survivor" free="0" total="84934656" percent="0" />
    </mem>
    <mem type="tenure" free="20460248" total="805306368" percent="2">
      <mem type="soa" free="12406488" total="797252608" percent="1" />
      <mem type="loa" free="8053760" total="8053760" percent="100" />
    </mem>
    <remembered-set count="100" />
  </mem-info>
</gc-start>
<allocation-stats totalBytes="7959312" >
  <allocated-bytes non-tlh="24" tlh="7959288" />
  <largest-consumer threadName="main" threadId="0000000000016F00" bytes="7959312" />
</allocation-stats>
<gc-op id="3709" type="rs-scan" timems="0.575" contextid="3688" timestamp="2022-02-08T16:15:58.357">
  <scan objectsFound="0" bytesTraced="3692" workStackOverflowCount="0" />
</gc-op>
<gc-op id="3710" type="card-cleaning" timems="155.487" contextid="3688" timestamp="2022-02-08T16:15:58.512">
  <card-cleaning cardsCleaned="10" bytesTraced="71014408" workStackOverflowCount="0" />
</gc-op>
<gc-op id="3711" type="mark" timems="70.303" contextid="3688" timestamp="2022-02-08T16:15:58.583">
  <trace-info objectcount="2379655" scancount="1786269" scanbytes="38174760" />
  <finalization candidates="428" enqueued="57" />
  <ownableSynchronizers candidates="1" cleared="0" />
  <references type="soft" candidates="894" cleared="0" enqueued="0" dynamicThreshold="12" maxThreshold="32" />
  <references type="weak" candidates="1701" cleared="0" enqueued="0" />
  <references type="phantom" candidates="52" cleared="2" enqueued="2" />
  <stringconstants candidates="6471" cleared="0"  />
  <object-monitors candidates="2" cleared="0"  />
</gc-op>
<gc-op id="3712" type="sweep" timems="6.478" contextid="3688" timestamp="2022-02-08T16:15:58.589" />
<gc-end id="3713" type="global" contextid="3688" durationms="233.049" usertimems="248.617" systemtimems="0.000" stalltimems="217.097" timestamp="2022-02-08T16:15:58.589" activeThreads="4">
  <mem-info id="3714" free="363199648" total="1073741824" percent="33">
    <mem type="nursery" free="99826296" total="268435456" percent="37">
      <mem type="allocate" free="99826296" total="183500800" percent="54" />
      <mem type="survivor" free="0" total="84934656" percent="0" />
    </mem>
    <mem type="tenure" free="263373352" total="805306368" percent="32" micro-fragmented="315655" macro-fragmented="0">
      <mem type="soa" free="255319592" total="797252608" percent="32" />
      <mem type="loa" free="8053760" total="8053760" percent="100" />
    </mem>
    <pending-finalizers system="57" default="0" reference="2" classloader="0" />
    <remembered-set count="100" />
  </mem-info>
</gc-end>
<cycle-end id="3715" type="global" contextid="3688" timestamp="2022-02-08T16:15:58.589" />
<exclusive-end id="3716" timestamp="2022-02-08T16:15:58.590" durationms="233.245" />

<exclusive-start id="3717" timestamp="2022-02-08T16:15:59.217" intervalms="860.277">
  <response-info timems="0.024" idlems="0.024" threads="0" lastid="0000000000016F00" lastname="main" />
</exclusive-start>
<af-start id="3718" threadId="0000000000017908" totalBytesRequested="184" timestamp="2022-02-08T16:15:59.217" intervalms="1078.057" type="nursery" />
<cycle-start id="3719" type="scavenge" contextid="0" timestamp="2022-02-08T16:15:59.217" intervalms="1078.098" />
<gc-start id="3720" type="scavenge" contextid="3719" timestamp="2022-02-08T16:15:59.217">
  <mem-info id="3721" free="263373352" total="1073741824" percent="24">
    <mem type="nursery" free="0" total="268435456" percent="0">
      <mem type="allocate" free="0" total="183500800" percent="0" />
      <mem type="survivor" free="0" total="84934656" percent="0" />
    </mem>
    <mem type="tenure" free="263373352" total="805306368" percent="32">
      <mem type="soa" free="255319592" total="797252608" percent="32" />
      <mem type="loa" free="8053760" total="8053760" percent="100" />
    </mem>
    <remembered-set count="103" />
  </mem-info>
</gc-start>
<allocation-stats totalBytes="99782592" >
  <allocated-bytes non-tlh="0" tlh="99782592" />
  <largest-consumer threadName="main" threadId="0000000000016F00" bytes="99778496" />
</allocation-stats>
<gc-op id="3722" type="scavenge" timems="93.122" contextid="3719" timestamp="2022-02-08T16:15:59.310">
  <scavenger-info tenureage="1" tenuremask="7ffe" tiltratio="68" />
  <memory-copied type="nursery" objects="1348741" bytes="76492760" bytesdiscarded="195880" />
  <memory-copied type="tenure" objects="1376566" bytes="75803856" bytesdiscarded="43816" />
  <ownableSynchronizers candidates="2" cleared="2" />
  <object-monitors candidates="2" cleared="0"  />
</gc-op>
<gc-end id="3723" type="scavenge" contextid="3719" durationms="93.290" usertimems="309.519" systemtimems="0.000" stalltimems="14.334" timestamp="2022-02-08T16:15:59.310" activeThreads="4">
  <mem-info id="3724" free="294259320" total="1073741824" percent="27">
    <mem type="nursery" free="107139840" total="268435456" percent="39">
      <mem type="allocate" free="107139840" total="183828480" percent="58" />
      <mem type="survivor" free="0" total="84606976" percent="0" />
    </mem>
    <mem type="tenure" free="187119480" total="805306368" percent="23" macro-fragmented="0">
      <mem type="soa" free="179065720" total="797252608" percent="22" />
      <mem type="loa" free="8053760" total="8053760" percent="100" />
    </mem>
    <remembered-set count="101" />
  </mem-info>
</gc-end>
<cycle-end id="3725" type="scavenge" contextid="3719" timestamp="2022-02-08T16:15:59.310" />
<allocation-satisfied id="3726" threadId="0000000000016F00" bytesRequested="184" />
<af-end id="3727" timestamp="2022-02-08T16:15:59.310" threadId="0000000000017908" success="true" from="nursery"/>
<exclusive-end id="3728" timestamp="2022-02-08T16:15:59.310" durationms="93.609" />

<exclusive-start id="3729" timestamp="2022-02-08T16:16:00.222" intervalms="1005.309">
  <response-info timems="0.019" idlems="0.019" threads="0" lastid="0000000000016F00" lastname="main" />
</exclusive-start>
<af-start id="3730" threadId="0000000000017908" totalBytesRequested="120" timestamp="2022-02-08T16:16:00.222" intervalms="1005.288" type="nursery" />
<cycle-start id="3731" type="scavenge" contextid="0" timestamp="2022-02-08T16:16:00.222" intervalms="1005.247" />
<gc-start id="3732" type="scavenge" contextid="3731" timestamp="2022-02-08T16:16:00.222">
  <mem-info id="3733" free="187119480" total="1073741824" percent="17">
    <mem type="nursery" free="0" total="268435456" percent="0">
      <mem type="allocate" free="0" total="183828480" percent="0" />
      <mem type="survivor" free="0" total="84606976" percent="0" />
    </mem>
    <mem type="tenure" free="187119480" total="805306368" percent="23">
      <mem type="soa" free="179065720" total="797252608" percent="22" />
      <mem type="loa" free="8053760" total="8053760" percent="100" />
    </mem>
    <remembered-set count="132" />
  </mem-info>
</gc-start>
<allocation-stats totalBytes="107090984" >
  <allocated-bytes non-tlh="1493952" tlh="105597032" />
  <largest-consumer threadName="main" threadId="0000000000016F00" bytes="107090984" />
</allocation-stats>
<gc-op id="3734" type="scavenge" timems="86.197" contextid="3731" timestamp="2022-02-08T16:16:00.308">
  <scavenger-info tenureage="1" tenuremask="7ffe" tiltratio="68" />
  <memory-copied type="nursery" objects="1446299" bytes="75350344" bytesdiscarded="161136" />
  <memory-copied type="tenure" objects="1348740" bytes="76492656" bytesdiscarded="40304" />
  <finalization candidates="109" enqueued="53" />
  <references type="soft" candidates="14" cleared="0" enqueued="0" dynamicThreshold="10" maxThreshold="32" />
  <references type="weak" candidates="1" cleared="0" enqueued="0" />
  <references type="phantom" candidates="94" cleared="7" enqueued="7" />
  <object-monitors candidates="2" cleared="0"  />
</gc-op>
<gc-end id="3735" type="scavenge" contextid="3731" durationms="86.428" usertimems="339.808" systemtimems="0.040" stalltimems="4.228" timestamp="2022-02-08T16:16:00.308" activeThreads="4">
  <mem-info id="3736" free="219383344" total="1073741824" percent="20">
    <mem type="nursery" free="108710088" total="268435456" percent="40">
      <mem type="allocate" free="108710088" total="184221696" percent="59" />
      <mem type="survivor" free="0" total="84213760" percent="0" />
    </mem>
    <mem type="tenure" free="110673256" total="805306368" percent="13" macro-fragmented="0">
      <mem type="soa" free="102619496" total="797252608" percent="12" />
      <mem type="loa" free="8053760" total="8053760" percent="100" />
    </mem>
    <pending-finalizers system="52" default="1" reference="7" classloader="0" />
    <remembered-set count="129" />
  </mem-info>
</gc-end>
<cycle-end id="3737" type="scavenge" contextid="3731" timestamp="2022-02-08T16:16:00.309" />
<allocation-satisfied id="3738" threadId="0000000000016F00" bytesRequested="120" />
<af-end id="3739" timestamp="2022-02-08T16:16:00.309" threadId="0000000000017908" success="true" from="nursery"/>
<exclusive-end id="3740" timestamp="2022-02-08T16:16:00.309" durationms="86.718" />

<concurrent-kickoff id="3741" timestamp="2022-02-08T16:16:01.031">
  <kickoff reason="threshold reached" targetBytes="74439791" thresholdFreeBytes="5771842"  remainingFree="5674992" tenureFreeBytes="110673256" nurseryFreeBytes="5674992" />
</concurrent-kickoff>
<exclusive-start id="3742" timestamp="2022-02-08T16:16:01.034" intervalms="812.412">
  <response-info timems="0.022" idlems="0.022" threads="0" lastid="0000000000016F00" lastname="main" />
</exclusive-start>
<cycle-start id="3743" type="global" contextid="0" timestamp="2022-02-08T16:16:01.034" intervalms="3041.992" />
<concurrent-start id="3744" type="global mark" contextid="3743" timestamp="2022-02-08T16:16:01.034">
</concurrent-start>
<exclusive-end id="3745" timestamp="2022-02-08T16:16:01.034" durationms="0.036" />

<exclusive-start id="3746" timestamp="2022-02-08T16:16:01.172" intervalms="138.009">
  <response-info timems="0.019" idlems="0.019" threads="0" lastid="0000000000016F00" lastname="main" />
</exclusive-start>
<af-start id="3747" threadId="0000000000017908" totalBytesRequested="16" timestamp="2022-02-08T16:16:01.172" intervalms="950.420" type="nursery" />
<cycle-start id="3748" type="scavenge" contextid="0" timestamp="2022-02-08T16:16:01.172" intervalms="950.419" />
<gc-start id="3749" type="scavenge" contextid="3748" timestamp="2022-02-08T16:16:01.172">
  <mem-info id="3750" free="110673256" total="1073741824" percent="10">
    <mem type="nursery" free="0" total="268435456" percent="0">
      <mem type="allocate" free="0" total="184221696" percent="0" />
      <mem type="survivor" free="0" total="84213760" percent="0" />
    </mem>
    <mem type="tenure" free="110673256" total="805306368" percent="13">
      <mem type="soa" free="102619496" total="797252608" percent="12" />
      <mem type="loa" free="8053760" total="8053760" percent="100" />
    </mem>
    <remembered-set count="130" />
  </mem-info>
</gc-start>
<allocation-stats totalBytes="108657976" >
  <allocated-bytes non-tlh="1347800" tlh="107310176" />
  <largest-consumer threadName="main" threadId="0000000000016F00" bytes="108649784" />
</allocation-stats>
<gc-op id="3751" type="scavenge" timems="96.134" contextid="3748" timestamp="2022-02-08T16:16:01.269">
  <scavenger-info tenureage="1" tenuremask="7ffe" tiltratio="68" />
  <memory-copied type="nursery" objects="1381020" bytes="77788216" bytesdiscarded="223752" />
  <memory-copied type="tenure" objects="1445580" bytes="74407176" bytesdiscarded="43776" />
  <finalization candidates="57" enqueued="0" />
  <references type="phantom" candidates="1" cleared="0" enqueued="0" />
  <object-monitors candidates="2" cleared="0"  />
</gc-op>
<gc-end id="3752" type="scavenge" contextid="3748" durationms="96.356" usertimems="360.742" systemtimems="0.000" stalltimems="3.372" timestamp="2022-02-08T16:16:01.269" activeThreads="4">
  <mem-info id="3753" free="140613520" total="1073741824" percent="13">
    <mem type="nursery" free="104243648" total="268435456" percent="38">
      <mem type="allocate" free="104243648" total="182255616" percent="57" />
      <mem type="survivor" free="0" total="86179840" percent="0" />
    </mem>
    <mem type="tenure" free="36369872" total="805306368" percent="4" macro-fragmented="0">
      <mem type="soa" free="28316112" total="797252608" percent="3" />
      <mem type="loa" free="8053760" total="8053760" percent="100" />
    </mem>
    <remembered-set count="99" />
  </mem-info>
</gc-end>
<cycle-end id="3754" type="scavenge" contextid="3748" timestamp="2022-02-08T16:16:01.269" />
<allocation-satisfied id="3755" threadId="0000000000016F00" bytesRequested="16" />
<af-end id="3756" timestamp="2022-02-08T16:16:01.269" threadId="0000000000017908" success="true" from="nursery"/>
<exclusive-end id="3757" timestamp="2022-02-08T16:16:01.269" durationms="96.665" />

<concurrent-end id="3758" type="global mark" contextid="3743" timestamp="2022-02-08T16:16:01.390">
<gc-op id="3759" type="trace" timems="355.866" contextid="3743" timestamp="2022-02-08T16:16:01.390">
  <trace bytesTraced="74439892" workStackOverflowCount="0" />
  <card-cleaning reason="card cleaning threshold reached" bytesTraced="808" cardsCleaned="2" />
</gc-op>
</concurrent-end>

<exclusive-start id="3760" timestamp="2022-02-08T16:16:01.390" intervalms="217.936">
  <response-info timems="0.020" idlems="0.020" threads="0" lastid="0000000000016F00" lastname="main" />
</exclusive-start>
<concurrent-global-final id="3761" timestamp="2022-02-08T16:16:01.390" contextid="3743" intervalms="3033.943" >
  <concurrent-trace-info reason="card cleaning threshold reached" tracedByMutators="56273732" tracedByHelpers="18166968" cardsCleaned="2" workStackOverflowCount="0" />
</concurrent-global-final>
<gc-start id="3762" type="global" contextid="3743" timestamp="2022-02-08T16:16:01.390">
  <mem-info id="3763" free="133044096" total="1073741824" percent="12">
    <mem type="nursery" free="96674224" total="268435456" percent="36">
      <mem type="allocate" free="96674224" total="182255616" percent="53" />
      <mem type="survivor" free="0" total="86179840" percent="0" />
    </mem>
    <mem type="tenure" free="36369872" total="805306368" percent="4">
      <mem type="soa" free="28316112" total="797252608" percent="3" />
      <mem type="loa" free="8053760" total="8053760" percent="100" />
    </mem>
    <remembered-set count="99" />
  </mem-info>
</gc-start>
<allocation-stats totalBytes="7565736" >
  <allocated-bytes non-tlh="16" tlh="7565720" />
  <largest-consumer threadName="main" threadId="0000000000016F00" bytes="7565736" />
</allocation-stats>
<gc-op id="3764" type="rs-scan" timems="0.551" contextid="3743" timestamp="2022-02-08T16:16:01.391">
  <scan objectsFound="29" bytesTraced="5124" workStackOverflowCount="0" />
</gc-op>
<gc-op id="3765" type="card-cleaning" timems="156.386" contextid="3743" timestamp="2022-02-08T16:16:01.547">
  <card-cleaning cardsCleaned="9" bytesTraced="71012648" workStackOverflowCount="0" />
</gc-op>
<gc-op id="3766" type="mark" timems="59.795" contextid="3743" timestamp="2022-02-08T16:16:01.607">
  <trace-info objectcount="2117859" scancount="1589922" scanbytes="33986024" />
  <finalization candidates="428" enqueued="57" />
  <ownableSynchronizers candidates="1" cleared="0" />
  <references type="soft" candidates="894" cleared="0" enqueued="0" dynamicThreshold="10" maxThreshold="32" />
  <references type="weak" candidates="1701" cleared="0" enqueued="0" />
  <references type="phantom" candidates="52" cleared="2" enqueued="2" />
  <stringconstants candidates="6471" cleared="0"  />
  <object-monitors candidates="2" cleared="0"  />
</gc-op>
<gc-op id="3767" type="sweep" timems="5.080" contextid="3743" timestamp="2022-02-08T16:16:01.612" />
<gc-end id="3768" type="global" contextid="3743" durationms="222.052" usertimems="236.312" systemtimems="0.308" stalltimems="179.466" timestamp="2022-02-08T16:16:01.612" activeThreads="4">
  <mem-info id="3769" free="376268800" total="1073741824" percent="35">
    <mem type="nursery" free="96988416" total="268435456" percent="36">
      <mem type="allocate" free="96988416" total="182255616" percent="53" />
      <mem type="survivor" free="0" total="86179840" percent="0" />
    </mem>
    <mem type="tenure" free="279280384" total="805306368" percent="34" micro-fragmented="279043" macro-fragmented="0">
      <mem type="soa" free="271226624" total="797252608" percent="34" />
      <mem type="loa" free="8053760" total="8053760" percent="100" />
    </mem>
    <pending-finalizers system="57" default="0" reference="2" classloader="0" />
    <remembered-set count="99" />
  </mem-info>
</gc-end>
<cycle-end id="3770" type="global" contextid="3743" timestamp="2022-02-08T16:16:01.613" />
<exclusive-end id="3771" timestamp="2022-02-08T16:16:01.613" durationms="222.369" />

<exclusive-start id="3772" timestamp="2022-02-08T16:16:02.237" intervalms="846.695">
  <response-info timems="0.023" idlems="0.023" threads="0" lastid="0000000000016F00" lastname="main" />
</exclusive-start>
<af-start id="3773" threadId="0000000000017908" totalBytesRequested="104" timestamp="2022-02-08T16:16:02.237" intervalms="1064.664" type="nursery" />
<cycle-start id="3774" type="scavenge" contextid="0" timestamp="2022-02-08T16:16:02.237" intervalms="1064.680" />
<gc-start id="3775" type="scavenge" contextid="3774" timestamp="2022-02-08T16:16:02.237">
  <mem-info id="3776" free="279280384" total="1073741824" percent="26">
    <mem type="nursery" free="0" total="268435456" percent="0">
      <mem type="allocate" free="0" total="182255616" percent="0" />
      <mem type="survivor" free="0" total="86179840" percent="0" />
    </mem>
    <mem type="tenure" free="279280384" total="805306368" percent="34">
      <mem type="soa" free="271226624" total="797252608" percent="34" />
      <mem type="loa" free="8053760" total="8053760" percent="100" />
    </mem>
    <remembered-set count="102" />
  </mem-info>
</gc-start>
<allocation-stats totalBytes="96944184" >
  <allocated-bytes non-tlh="0" tlh="96944184" />
  <largest-consumer threadName="main" threadId="0000000000016F00" bytes="96940088" />
</allocation-stats>
<gc-op id="3777" type="scavenge" timems="84.634" contextid="3774" timestamp="2022-02-08T16:16:02.322">
  <scavenger-info tenureage="1" tenuremask="7ffe" tiltratio="67" />
  <memory-copied type="nursery" objects="1312887" bytes="74222640" bytesdiscarded="188536" />
  <memory-copied type="tenure" objects="1381020" bytes="77788216" bytesdiscarded="49448" />
  <finalization candidates="1" enqueued="0" />
  <ownableSynchronizers candidates="2" cleared="2" />
  <object-monitors candidates="2" cleared="0"  />
</gc-op>
<gc-end id="3778" type="scavenge" contextid="3774" durationms="84.861" usertimems="331.941" systemtimems="2.132" stalltimems="3.183" timestamp="2022-02-08T16:16:02.322" activeThreads="4">
  <mem-info id="3779" free="309341304" total="1073741824" percent="28">
    <mem type="nursery" free="108237656" total="268435456" percent="40">
      <mem type="allocate" free="108237656" total="182648832" percent="59" />
      <mem type="survivor" free="0" total="85786624" percent="0" />
    </mem>
    <mem type="tenure" free="201103648" total="805306368" percent="24" macro-fragmented="0">
      <mem type="soa" free="193049888" total="797252608" percent="24" />
      <mem type="loa" free="8053760" total="8053760" percent="100" />
    </mem>
    <remembered-set count="101" />
  </mem-info>
</gc-end>
<cycle-end id="3780" type="scavenge" contextid="3774" timestamp="2022-02-08T16:16:02.322" />
<allocation-satisfied id="3781" threadId="0000000000016F00" bytesRequested="104" />
<af-end id="3782" timestamp="2022-02-08T16:16:02.322" threadId="0000000000017908" success="true" from="nursery"/>
<exclusive-end id="3783" timestamp="2022-02-08T16:16:02.322" durationms="85.169" />

<exclusive-start id="3784" timestamp="2022-02-08T16:16:03.262" intervalms="1024.909">
  <response-info timems="0.019" idlems="0.019" threads="0" lastid="0000000000016F00" lastname="main" />
</exclusive-start>
<af-start id="3785" threadId="0000000000017908" totalBytesRequested="104" timestamp="2022-02-08T16:16:03.262" intervalms="1024.877" type="nursery" />
<cycle-start id="3786" type="scavenge" contextid="0" timestamp="2022-02-08T16:16:03.262" intervalms="1024.863" />
<gc-start id="3787" type="scavenge" contextid="3786" timestamp="2022-02-08T16:16:03.262">
  <mem-info id="3788" free="201103648" total="1073741824" percent="18">
    <mem type="nursery" free="0" total="268435456" percent="0">
      <mem type="allocate" free="0" total="182648832" percent="0" />
      <mem type="survivor" free="0" total="85786624" percent="0" />
    </mem>
    <mem type="tenure" free="201103648" total="805306368" percent="24">
      <mem type="soa" free="193049888" total="797252608" percent="24" />
      <mem type="loa" free="8053760" total="8053760" percent="100" />
    </mem>
    <remembered-set count="132" />
  </mem-info>
</gc-start>
<allocation-stats totalBytes="108190928" >
  <allocated-bytes non-tlh="1590672" tlh="106600256" />
  <largest-consumer threadName="main" threadId="0000000000016F00" bytes="108190928" />
</allocation-stats>
<gc-op id="3789" type="scavenge" timems="83.120" contextid="3786" timestamp="2022-02-08T16:16:03.345">
  <scavenger-info tenureage="1" tenuremask="7ffe" tiltratio="68" />
  <memory-copied type="nursery" objects="1487727" bytes="76187056" bytesdiscarded="58240" />
  <memory-copied type="tenure" objects="1312887" bytes="74222640" bytesdiscarded="38880" />
  <finalization candidates="109" enqueued="53" />
  <references type="soft" candidates="14" cleared="0" enqueued="0" dynamicThreshold="11" maxThreshold="32" />
  <references type="weak" candidates="1" cleared="0" enqueued="0" />
  <references type="phantom" candidates="94" cleared="7" enqueued="7" />
  <object-monitors candidates="2" cleared="0"  />
</gc-op>
<gc-end id="3790" type="scavenge" contextid="3786" durationms="83.359" usertimems="327.982" systemtimems="0.764" stalltimems="1.752" timestamp="2022-02-08T16:16:03.345" activeThreads="4">
  <mem-info id="3791" free="233680976" total="1073741824" percent="21">
    <mem type="nursery" free="106665552" total="268435456" percent="39">
      <mem type="allocate" free="106665552" total="182910976" percent="58" />
      <mem type="survivor" free="0" total="85524480" percent="0" />
    </mem>
    <mem type="tenure" free="127015424" total="805306368" percent="15" macro-fragmented="868149">
      <mem type="soa" free="118961664" total="797252608" percent="14" />
      <mem type="loa" free="8053760" total="8053760" percent="100" />
    </mem>
    <pending-finalizers system="52" default="1" reference="7" classloader="0" />
    <remembered-set count="129" />
  </mem-info>
</gc-end>
<cycle-end id="3792" type="scavenge" contextid="3786" timestamp="2022-02-08T16:16:03.345" />
<allocation-satisfied id="3793" threadId="0000000000016F00" bytesRequested="104" />
<af-end id="3794" timestamp="2022-02-08T16:16:03.345" threadId="0000000000017908" success="true" from="nursery"/>
<exclusive-end id="3795" timestamp="2022-02-08T16:16:03.345" durationms="83.627" />

<concurrent-kickoff id="3796" timestamp="2022-02-08T16:16:04.061">
  <kickoff reason="threshold reached" targetBytes="74439969" thresholdFreeBytes="5766775"  remainingFree="5740112" tenureFreeBytes="127015424" nurseryFreeBytes="5740112" />
</concurrent-kickoff>
<exclusive-start id="3797" timestamp="2022-02-08T16:16:04.065" intervalms="803.381">
  <response-info timems="0.026" idlems="0.026" threads="0" lastid="0000000000016F00" lastname="main" />
</exclusive-start>
<cycle-start id="3798" type="global" contextid="0" timestamp="2022-02-08T16:16:04.065" intervalms="3030.935" />
<concurrent-start id="3799" type="global mark" contextid="3798" timestamp="2022-02-08T16:16:04.065">
</concurrent-start>
<exclusive-end id="3800" timestamp="2022-02-08T16:16:04.065" durationms="0.042" />

<exclusive-start id="3801" timestamp="2022-02-08T16:16:04.195" intervalms="129.459">
  <response-info timems="0.030" idlems="0.030" threads="0" lastid="0000000000016F00" lastname="main" />
</exclusive-start>
<af-start id="3802" threadId="0000000000017908" totalBytesRequested="24" timestamp="2022-02-08T16:16:04.195" intervalms="932.839" type="nursery" />
<cycle-start id="3803" type="scavenge" contextid="0" timestamp="2022-02-08T16:16:04.195" intervalms="932.838" />
<gc-start id="3804" type="scavenge" contextid="3803" timestamp="2022-02-08T16:16:04.195">
  <mem-info id="3805" free="127015424" total="1073741824" percent="11">
    <mem type="nursery" free="0" total="268435456" percent="0">
      <mem type="allocate" free="0" total="182910976" percent="0" />
      <mem type="survivor" free="0" total="85524480" percent="0" />
    </mem>
    <mem type="tenure" free="127015424" total="805306368" percent="15">
      <mem type="soa" free="118961664" total="797252608" percent="14" />
      <mem type="loa" free="8053760" total="8053760" percent="100" />
    </mem>
    <remembered-set count="130" />
  </mem-info>
</gc-start>
<allocation-stats totalBytes="106614752" >
  <allocated-bytes non-tlh="1347784" tlh="105266968" />
  <largest-consumer threadName="main" threadId="0000000000016F00" bytes="106606560" />
</allocation-stats>
<gc-op id="3806" type="scavenge" timems="79.246" contextid="3803" timestamp="2022-02-08T16:16:04.274">
  <scavenger-info tenureage="1" tenuremask="7ffe" tiltratio="68" />
  <memory-copied type="nursery" objects="1333039" bytes="76296672" bytesdiscarded="139176" />
  <memory-copied type="tenure" objects="1487008" bytes="75243888" bytesdiscarded="40656" />
  <finalization candidates="57" enqueued="0" />
  <references type="phantom" candidates="1" cleared="0" enqueued="0" />
  <object-monitors candidates="2" cleared="0"  />
</gc-op>
<gc-end id="3807" type="scavenge" contextid="3803" durationms="79.452" usertimems="311.408" systemtimems="0.698" stalltimems="4.150" timestamp="2022-02-08T16:16:04.274" activeThreads="4">
  <mem-info id="3808" free="158844848" total="1073741824" percent="14">
    <mem type="nursery" free="107064952" total="268435456" percent="39">
      <mem type="allocate" free="107064952" total="183500800" percent="58" />
      <mem type="survivor" free="0" total="84934656" percent="0" />
    </mem>
    <mem type="tenure" free="51779896" total="805306368" percent="6" macro-fragmented="19260884">
      <mem type="soa" free="43726136" total="797252608" percent="5" />
      <mem type="loa" free="8053760" total="8053760" percent="100" />
    </mem>
    <remembered-set count="99" />
  </mem-info>
</gc-end>
<cycle-end id="3809" type="scavenge" contextid="3803" timestamp="2022-02-08T16:16:04.274" />
<allocation-satisfied id="3810" threadId="0000000000016F00" bytesRequested="24" />
<af-end id="3811" timestamp="2022-02-08T16:16:04.274" threadId="0000000000017908" success="true" from="nursery"/>
<exclusive-end id="3812" timestamp="2022-02-08T16:16:04.274" durationms="79.798" />

<concurrent-end id="3813" type="global mark" contextid="3798" timestamp="2022-02-08T16:16:04.399">
<gc-op id="3814" type="trace" timems="333.877" contextid="3798" timestamp="2022-02-08T16:16:04.399">
  <trace bytesTraced="74440036" workStackOverflowCount="0" />
  <card-cleaning reason="card cleaning threshold reached" bytesTraced="808" cardsCleaned="2" />
</gc-op>
</concurrent-end>

<exclusive-start id="3815" timestamp="2022-02-08T16:16:04.399" intervalms="204.511">
  <response-info timems="0.023" idlems="0.023" threads="0" lastid="0000000000016F00" lastname="main" />
</exclusive-start>
<concurrent-global-final id="3816" timestamp="2022-02-08T16:16:04.399" contextid="3798" intervalms="3008.967" >
  <concurrent-trace-info reason="card cleaning threshold reached" tracedByMutators="57689872" tracedByHelpers="16750972" cardsCleaned="2" workStackOverflowCount="0" />
</concurrent-global-final>
<gc-start id="3817" type="global" contextid="3798" timestamp="2022-02-08T16:16:04.399">
  <mem-info id="3818" free="150620056" total="1073741824" percent="14">
    <mem type="nursery" free="98840160" total="268435456" percent="36">
      <mem type="allocate" free="98840160" total="183500800" percent="53" />
      <mem type="survivor" free="0" total="84934656" percent="0" />
    </mem>
    <mem type="tenure" free="51779896" total="805306368" percent="6">
      <mem type="soa" free="43726136" total="797252608" percent="5" />
      <mem type="loa" free="8053760" total="8053760" percent="100" />
    </mem>
    <remembered-set count="99" />
  </mem-info>
</gc-start>
<allocation-stats totalBytes="8221320" >
  <allocated-bytes non-tlh="24" tlh="8221296" />
  <largest-consumer threadName="main" threadId="0000000000016F00" bytes="8221320" />
</allocation-stats>
<gc-op id="3819" type="rs-scan" timems="1.531" contextid="3798" timestamp="2022-02-08T16:16:04.401">
  <scan objectsFound="29" bytesTraced="5124" workStackOverflowCount="0" />
</gc-op>
<gc-op id="3820" type="card-cleaning" timems="155.761" contextid="3798" timestamp="2022-02-08T16:16:04.557">
  <card-cleaning cardsCleaned="9" bytesTraced="71012712" workStackOverflowCount="0" />
</gc-op>
<gc-op id="3821" type="mark" timems="58.729" contextid="3798" timestamp="2022-02-08T16:16:04.615">
  <trace-info objectcount="1828647" scancount="1373013" scanbytes="29358632" />
  <finalization candidates="428" enqueued="57" />
  <ownableSynchronizers candidates="1" cleared="0" />
  <references type="soft" candidates="894" cleared="0" enqueued="0" dynamicThreshold="11" maxThreshold="32" />
  <references type="weak" candidates="1701" cleared="0" enqueued="0" />
  <references type="phantom" candidates="52" cleared="2" enqueued="2" />
  <stringconstants candidates="6471" cleared="0"  />
  <object-monitors candidates="2" cleared="0"  />
</gc-op>
<gc-op id="3822" type="sweep" timems="6.191" contextid="3798" timestamp="2022-02-08T16:16:04.622" />
<gc-end id="3823" type="global" contextid="3798" durationms="222.429" usertimems="272.950" systemtimems="2.743" stalltimems="135.831" timestamp="2022-02-08T16:16:04.622" activeThreads="4">
  <mem-info id="3824" free="393711440" total="1073741824" percent="36">
    <mem type="nursery" free="99073624" total="268435456" percent="36">
      <mem type="allocate" free="99073624" total="183500800" percent="53" />
      <mem type="survivor" free="0" total="84934656" percent="0" />
    </mem>
    <mem type="tenure" free="294637816" total="805306368" percent="36" micro-fragmented="216993" macro-fragmented="0">
      <mem type="soa" free="286584056" total="797252608" percent="35" />
      <mem type="loa" free="8053760" total="8053760" percent="100" />
    </mem>
    <pending-finalizers system="57" default="0" reference="2" classloader="0" />
    <remembered-set count="99" />
  </mem-info>
</gc-end>
<cycle-end id="3825" type="global" contextid="3798" timestamp="2022-02-08T16:16:04.622" />
<exclusive-end id="3826" timestamp="2022-02-08T16:16:04.622" durationms="222.674" />

<exclusive-start id="3827" timestamp="2022-02-08T16:16:05.280" intervalms="881.271">
  <response-info timems="0.026" idlems="0.026" threads="0" lastid="0000000000016F00" lastname="main" />
</exclusive-start>
<af-start id="3828" threadId="0000000000017908" totalBytesRequested="184" timestamp="2022-02-08T16:16:05.281" intervalms="1085.799" type="nursery" />
<cycle-start id="3829" type="scavenge" contextid="0" timestamp="2022-02-08T16:16:05.281" intervalms="1085.875" />
<gc-start id="3830" type="scavenge" contextid="3829" timestamp="2022-02-08T16:16:05.281">
  <mem-info id="3831" free="294637816" total="1073741824" percent="27">
    <mem type="nursery" free="0" total="268435456" percent="0">
      <mem type="allocate" free="0" total="183500800" percent="0" />
      <mem type="survivor" free="0" total="84934656" percent="0" />
    </mem>
    <mem type="tenure" free="294637816" total="805306368" percent="36">
      <mem type="soa" free="286584056" total="797252608" percent="35" />
      <mem type="loa" free="8053760" total="8053760" percent="100" />
    </mem>
    <remembered-set count="102" />
  </mem-info>
</gc-start>
<allocation-stats totalBytes="99027208" >
  <allocated-bytes non-tlh="0" tlh="99027208" />
  <largest-consumer threadName="main" threadId="0000000000016F00" bytes="99023112" />
</allocation-stats>
<gc-op id="3832" type="scavenge" timems="100.094" contextid="3829" timestamp="2022-02-08T16:16:05.381">
  <scavenger-info tenureage="1" tenuremask="7ffe" tiltratio="68" />
  <memory-copied type="nursery" objects="1356525" bytes="76195416" bytesdiscarded="345392" />
  <memory-copied type="tenure" objects="1333039" bytes="76296672" bytesdiscarded="47392" />
  <finalization candidates="1" enqueued="0" />
  <ownableSynchronizers candidates="2" cleared="2" />
  <object-monitors candidates="2" cleared="0"  />
</gc-op>
<gc-end id="3833" type="scavenge" contextid="3829" durationms="100.825" usertimems="391.993" systemtimems="0.000" stalltimems="3.834" timestamp="2022-02-08T16:16:05.381" activeThreads="4">
  <mem-info id="3834" free="325636792" total="1073741824" percent="30">
    <mem type="nursery" free="107484280" total="268435456" percent="40">
      <mem type="allocate" free="107484280" total="184025088" percent="58" />
      <mem type="survivor" free="0" total="84410368" percent="0" />
    </mem>
    <mem type="tenure" free="218152512" total="805306368" percent="27" macro-fragmented="0">
      <mem type="soa" free="210098752" total="797252608" percent="26" />
      <mem type="loa" free="8053760" total="8053760" percent="100" />
    </mem>
    <remembered-set count="101" />
  </mem-info>
</gc-end>
<cycle-end id="3835" type="scavenge" contextid="3829" timestamp="2022-02-08T16:16:05.382" />
<allocation-satisfied id="3836" threadId="0000000000016F00" bytesRequested="184" />
<af-end id="3837" timestamp="2022-02-08T16:16:05.382" threadId="0000000000017908" success="true" from="nursery"/>
<exclusive-end id="3838" timestamp="2022-02-08T16:16:05.382" durationms="101.315" />

<exclusive-start id="3839" timestamp="2022-02-08T16:16:06.271" intervalms="990.546">
  <response-info timems="0.023" idlems="0.023" threads="0" lastid="0000000000016F00" lastname="main" />
</exclusive-start>
<af-start id="3840" threadId="0000000000017908" totalBytesRequested="192" timestamp="2022-02-08T16:16:06.271" intervalms="990.540" type="nursery" />
<cycle-start id="3841" type="scavenge" contextid="0" timestamp="2022-02-08T16:16:06.271" intervalms="990.466" />
<gc-start id="3842" type="scavenge" contextid="3841" timestamp="2022-02-08T16:16:06.271">
  <mem-info id="3843" free="218152512" total="1073741824" percent="20">
    <mem type="nursery" free="0" total="268435456" percent="0">
      <mem type="allocate" free="0" total="184025088" percent="0" />
      <mem type="survivor" free="0" total="84410368" percent="0" />
    </mem>
    <mem type="tenure" free="218152512" total="805306368" percent="27">
      <mem type="soa" free="210098752" total="797252608" percent="26" />
      <mem type="loa" free="8053760" total="8053760" percent="100" />
    </mem>
    <remembered-set count="132" />
  </mem-info>
</gc-start>
<allocation-stats totalBytes="107438048" >
  <allocated-bytes non-tlh="848888" tlh="106589160" />
  <largest-consumer threadName="main" threadId="0000000000016F00" bytes="107438048" />
</allocation-stats>
<gc-op id="3844" type="scavenge" timems="93.084" contextid="3841" timestamp="2022-02-08T16:16:06.364">
  <scavenger-info tenureage="1" tenuremask="7ffe" tiltratio="68" />
  <memory-copied type="nursery" objects="1472685" bytes="75657064" bytesdiscarded="69544" />
  <memory-copied type="tenure" objects="1356524" bytes="76195312" bytesdiscarded="39768" />
  <finalization candidates="106" enqueued="53" />
  <references type="soft" candidates="14" cleared="0" enqueued="0" dynamicThreshold="11" maxThreshold="32" />
  <references type="weak" candidates="1" cleared="0" enqueued="0" />
  <references type="phantom" candidates="91" cleared="7" enqueued="7" />
  <object-monitors candidates="2" cleared="0"  />
</gc-op>
<gc-end id="3845" type="scavenge" contextid="3841" durationms="93.688" usertimems="363.739" systemtimems="0.000" stalltimems="4.208" timestamp="2022-02-08T16:16:06.365" activeThreads="4">
  <mem-info id="3846" free="250421472" total="1073741824" percent="23">
    <mem type="nursery" free="108691568" total="268435456" percent="40">
      <mem type="allocate" free="108691568" total="184418304" percent="58" />
      <mem type="survivor" free="0" total="84017152" percent="0" />
    </mem>
    <mem type="tenure" free="141729904" total="805306368" percent="17" macro-fragmented="0">
      <mem type="soa" free="133676144" total="797252608" percent="16" />
      <mem type="loa" free="8053760" total="8053760" percent="100" />
    </mem>
    <pending-finalizers system="52" default="1" reference="7" classloader="0" />
    <remembered-set count="129" />
  </mem-info>
</gc-end>
<cycle-end id="3847" type="scavenge" contextid="3841" timestamp="2022-02-08T16:16:06.365" />
<allocation-satisfied id="3848" threadId="0000000000016F00" bytesRequested="192" />
<af-end id="3849" timestamp="2022-02-08T16:16:06.365" threadId="0000000000017908" success="true" from="nursery"/>
<exclusive-end id="3850" timestamp="2022-02-08T16:16:06.365" durationms="94.053" />

<concurrent-kickoff id="3851" timestamp="2022-02-08T16:16:07.078">
  <kickoff reason="threshold reached" targetBytes="74440147" thresholdFreeBytes="5766281"  remainingFree="5674168" tenureFreeBytes="141729904" nurseryFreeBytes="5674168" />
</concurrent-kickoff>
<exclusive-start id="3852" timestamp="2022-02-08T16:16:07.087" intervalms="815.588">
  <response-info timems="0.023" idlems="0.023" threads="0" lastid="0000000000016F00" lastname="main" />
</exclusive-start>
<cycle-start id="3853" type="global" contextid="0" timestamp="2022-02-08T16:16:07.087" intervalms="3021.374" />
<concurrent-start id="3854" type="global mark" contextid="3853" timestamp="2022-02-08T16:16:07.087">
</concurrent-start>
<exclusive-end id="3855" timestamp="2022-02-08T16:16:07.087" durationms="0.040" />

<exclusive-start id="3856" timestamp="2022-02-08T16:16:07.190" intervalms="103.168">
  <response-info timems="0.046" idlems="0.046" threads="0" lastid="0000000000016F00" lastname="main" />
</exclusive-start>
<af-start id="3857" threadId="0000000000017908" totalBytesRequested="24" timestamp="2022-02-08T16:16:07.190" intervalms="918.744" type="nursery" />
<cycle-start id="3858" type="scavenge" contextid="0" timestamp="2022-02-08T16:16:07.190" intervalms="918.741" />
<gc-start id="3859" type="scavenge" contextid="3858" timestamp="2022-02-08T16:16:07.190">
  <mem-info id="3860" free="141729904" total="1073741824" percent="13">
    <mem type="nursery" free="0" total="268435456" percent="0">
      <mem type="allocate" free="0" total="184418304" percent="0" />
      <mem type="survivor" free="0" total="84017152" percent="0" />
    </mem>
    <mem type="tenure" free="141729904" total="805306368" percent="17">
      <mem type="soa" free="133676144" total="797252608" percent="16" />
      <mem type="loa" free="8053760" total="8053760" percent="100" />
    </mem>
    <remembered-set count="130" />
  </mem-info>
</gc-start>
<allocation-stats totalBytes="108639232" >
  <allocated-bytes non-tlh="2063288" tlh="106575944" />
  <largest-consumer threadName="main" threadId="0000000000016F00" bytes="108631040" />
</allocation-stats>
<gc-op id="3861" type="scavenge" timems="79.524" contextid="3858" timestamp="2022-02-08T16:16:07.269">
  <scavenger-info tenureage="1" tenuremask="7ffe" tiltratio="68" />
  <memory-copied type="nursery" objects="1364090" bytes="77284144" bytesdiscarded="201664" />
  <memory-copied type="tenure" objects="1471964" bytes="75160904" bytesdiscarded="41512" />
  <finalization candidates="57" enqueued="0" />
  <references type="phantom" candidates="4" cleared="0" enqueued="0" />
  <object-monitors candidates="2" cleared="0"  />
</gc-op>
<gc-end id="3862" type="scavenge" contextid="3858" durationms="79.963" usertimems="311.729" systemtimems="0.756" stalltimems="5.166" timestamp="2022-02-08T16:16:07.270" activeThreads="4">
  <mem-info id="3863" free="172720880" total="1073741824" percent="16">
    <mem type="nursery" free="105949456" total="268435456" percent="39">
      <mem type="allocate" free="105949456" total="183435264" percent="57" />
      <mem type="survivor" free="0" total="85000192" percent="0" />
    </mem>
    <mem type="tenure" free="66771424" total="805306368" percent="8" macro-fragmented="0">
      <mem type="soa" free="58717664" total="797252608" percent="7" />
      <mem type="loa" free="8053760" total="8053760" percent="100" />
    </mem>
    <remembered-set count="100" />
  </mem-info>
</gc-end>
<cycle-end id="3864" type="scavenge" contextid="3858" timestamp="2022-02-08T16:16:07.270" />
<allocation-satisfied id="3865" threadId="0000000000016F00" bytesRequested="24" />
<af-end id="3866" timestamp="2022-02-08T16:16:07.270" threadId="0000000000017908" success="true" from="nursery"/>
<exclusive-end id="3867" timestamp="2022-02-08T16:16:07.270" durationms="80.235" />

<concurrent-end id="3868" type="global mark" contextid="3853" timestamp="2022-02-08T16:16:07.492">
<gc-op id="3869" type="trace" timems="405.126" contextid="3853" timestamp="2022-02-08T16:16:07.492">
  <trace bytesTraced="74440308" workStackOverflowCount="0" />
  <card-cleaning reason="card cleaning threshold reached" bytesTraced="808" cardsCleaned="2" />
</gc-op>
</concurrent-end>

<exclusive-start id="3870" timestamp="2022-02-08T16:16:07.492" intervalms="302.054">
  <response-info timems="0.020" idlems="0.020" threads="0" lastid="0000000000016F00" lastname="main" />
</exclusive-start>
<concurrent-global-final id="3871" timestamp="2022-02-08T16:16:07.492" contextid="3853" intervalms="3092.615" >
  <concurrent-trace-info reason="card cleaning threshold reached" tracedByMutators="49704672" tracedByHelpers="24736444" cardsCleaned="2" workStackOverflowCount="0" />
</concurrent-global-final>
<gc-start id="3872" type="global" contextid="3853" timestamp="2022-02-08T16:16:07.492">
  <mem-info id="3873" free="157156056" total="1073741824" percent="14">
    <mem type="nursery" free="90384632" total="268435456" percent="33">
      <mem type="allocate" free="90384632" total="183435264" percent="49" />
      <mem type="survivor" free="0" total="85000192" percent="0" />
    </mem>
    <mem type="tenure" free="66771424" total="805306368" percent="8">
      <mem type="soa" free="58717664" total="797252608" percent="7" />
      <mem type="loa" free="8053760" total="8053760" percent="100" />
    </mem>
    <remembered-set count="100" />
  </mem-info>
</gc-start>
<allocation-stats totalBytes="15557624" >
  <allocated-bytes non-tlh="24" tlh="15557600" />
  <largest-consumer threadName="main" threadId="0000000000016F00" bytes="15557624" />
</allocation-stats>
<gc-op id="3874" type="rs-scan" timems="0.537" contextid="3853" timestamp="2022-02-08T16:16:07.492">
  <scan objectsFound="29" bytesTraced="5124" workStackOverflowCount="0" />
</gc-op>
<gc-op id="3875" type="card-cleaning" timems="168.064" contextid="3853" timestamp="2022-02-08T16:16:07.660">
  <card-cleaning cardsCleaned="9" bytesTraced="71012648" workStackOverflowCount="0" />
</gc-op>
<gc-op id="3876" type="mark" timems="46.152" contextid="3853" timestamp="2022-02-08T16:16:07.707">
  <trace-info objectcount="1675703" scancount="1258305" scanbytes="26911528" />
  <finalization candidates="428" enqueued="57" />
  <ownableSynchronizers candidates="1" cleared="0" />
  <references type="soft" candidates="894" cleared="0" enqueued="0" dynamicThreshold="11" maxThreshold="32" />
  <references type="weak" candidates="1701" cleared="0" enqueued="0" />
  <references type="phantom" candidates="52" cleared="2" enqueued="2" />
  <stringconstants candidates="6471" cleared="0"  />
  <object-monitors candidates="2" cleared="0"  />
</gc-op>
<gc-op id="3877" type="sweep" timems="4.931" contextid="3853" timestamp="2022-02-08T16:16:07.712" />
<gc-end id="3878" type="global" contextid="3853" durationms="220.065" usertimems="230.888" systemtimems="2.082" stalltimems="137.752" timestamp="2022-02-08T16:16:07.712" activeThreads="4">
  <mem-info id="3879" free="400268248" total="1073741824" percent="37">
    <mem type="nursery" free="90678184" total="268435456" percent="33">
      <mem type="allocate" free="90678184" total="183435264" percent="49" />
      <mem type="survivor" free="0" total="85000192" percent="0" />
    </mem>
    <mem type="tenure" free="309590064" total="805306368" percent="38" micro-fragmented="275401" macro-fragmented="0">
      <mem type="soa" free="301536304" total="797252608" percent="37" />
      <mem type="loa" free="8053760" total="8053760" percent="100" />
    </mem>
    <pending-finalizers system="57" default="0" reference="2" classloader="0" />
    <remembered-set count="100" />
  </mem-info>
</gc-end>
<cycle-end id="3880" type="global" contextid="3853" timestamp="2022-02-08T16:16:07.712" />
<exclusive-end id="3881" timestamp="2022-02-08T16:16:07.712" durationms="220.292" />

<exclusive-start id="3882" timestamp="2022-02-08T16:16:08.334" intervalms="842.173">
  <response-info timems="0.024" idlems="0.024" threads="0" lastid="0000000000016F00" lastname="main" />
</exclusive-start>
<af-start id="3883" threadId="0000000000017908" totalBytesRequested="24" timestamp="2022-02-08T16:16:08.334" intervalms="1144.229" type="nursery" />
<cycle-start id="3884" type="scavenge" contextid="0" timestamp="2022-02-08T16:16:08.334" intervalms="1144.230" />
<gc-start id="3885" type="scavenge" contextid="3884" timestamp="2022-02-08T16:16:08.334">
  <mem-info id="3886" free="309590064" total="1073741824" percent="28">
    <mem type="nursery" free="0" total="268435456" percent="0">
      <mem type="allocate" free="0" total="183435264" percent="0" />
      <mem type="survivor" free="0" total="85000192" percent="0" />
    </mem>
    <mem type="tenure" free="309590064" total="805306368" percent="38">
      <mem type="soa" free="301536304" total="797252608" percent="37" />
      <mem type="loa" free="8053760" total="8053760" percent="100" />
    </mem>
    <remembered-set count="103" />
  </mem-info>
</gc-start>
<allocation-stats totalBytes="90636912" >
  <allocated-bytes non-tlh="0" tlh="90636912" />
  <largest-consumer threadName="main" threadId="0000000000016F00" bytes="90632816" />
</allocation-stats>
<gc-op id="3887" type="scavenge" timems="81.704" contextid="3884" timestamp="2022-02-08T16:16:08.416">
  <scavenger-info tenureage="1" tenuremask="7ffe" tiltratio="68" />
  <memory-copied type="nursery" objects="1338838" bytes="75442984" bytesdiscarded="211152" />
  <memory-copied type="tenure" objects="1364090" bytes="77284144" bytesdiscarded="46040" />
  <finalization candidates="4" enqueued="0" />
  <ownableSynchronizers candidates="2" cleared="2" />
  <object-monitors candidates="2" cleared="0"  />
</gc-op>
<gc-end id="3888" type="scavenge" contextid="3884" durationms="82.064" usertimems="309.276" systemtimems="0.000" stalltimems="15.166" timestamp="2022-02-08T16:16:08.416" activeThreads="4">
  <mem-info id="3889" free="340247192" total="1073741824" percent="31">
    <mem type="nursery" free="108108808" total="268435456" percent="40">
      <mem type="allocate" free="108108808" total="183762944" percent="58" />
      <mem type="survivor" free="0" total="84672512" percent="0" />
    </mem>
    <mem type="tenure" free="232138384" total="805306368" percent="28" macro-fragmented="0">
      <mem type="soa" free="224084624" total="797252608" percent="28" />
      <mem type="loa" free="8053760" total="8053760" percent="100" />
    </mem>
    <remembered-set count="101" />
  </mem-info>
</gc-end>
<cycle-end id="3890" type="scavenge" contextid="3884" timestamp="2022-02-08T16:16:08.416" />
<allocation-satisfied id="3891" threadId="0000000000016F00" bytesRequested="24" />
<af-end id="3892" timestamp="2022-02-08T16:16:08.416" threadId="0000000000017908" success="true" from="nursery"/>
<exclusive-end id="3893" timestamp="2022-02-08T16:16:08.416" durationms="82.315" />

<exclusive-start id="3894" timestamp="2022-02-08T16:16:09.133" intervalms="799.186">
  <response-info timems="0.018" idlems="0.018" threads="0" lastid="0000000000016F00" lastname="main" />
</exclusive-start>
<af-start id="3895" threadId="0000000000017908" totalBytesRequested="48" timestamp="2022-02-08T16:16:09.133" intervalms="799.192" type="nursery" />
<cycle-start id="3896" type="scavenge" contextid="0" timestamp="2022-02-08T16:16:09.133" intervalms="799.193" />
<gc-start id="3897" type="scavenge" contextid="3896" timestamp="2022-02-08T16:16:09.133">
  <mem-info id="3898" free="232138384" total="1073741824" percent="21">
    <mem type="nursery" free="0" total="268435456" percent="0">
      <mem type="allocate" free="0" total="183762944" percent="0" />
      <mem type="survivor" free="0" total="84672512" percent="0" />
    </mem>
    <mem type="tenure" free="232138384" total="805306368" percent="28">
      <mem type="soa" free="224084624" total="797252608" percent="28" />
      <mem type="loa" free="8053760" total="8053760" percent="100" />
    </mem>
    <remembered-set count="115" />
  </mem-info>
</gc-start>
<allocation-stats totalBytes="108058912" >
  <allocated-bytes non-tlh="453728" tlh="107605184" />
  <largest-consumer threadName="main" threadId="0000000000016F00" bytes="108058912" />
</allocation-stats>
<gc-op id="3899" type="scavenge" timems="79.753" contextid="3896" timestamp="2022-02-08T16:16:09.213">
  <scavenger-info tenureage="1" tenuremask="7ffe" tiltratio="68" />
  <memory-copied type="nursery" objects="1361335" bytes="76947320" bytesdiscarded="136520" />
  <memory-copied type="tenure" objects="1338838" bytes="75442984" bytesdiscarded="43040" />
  <finalization candidates="30" enqueued="18" />
  <references type="phantom" candidates="30" cleared="0" enqueued="0" />
  <object-monitors candidates="2" cleared="0"  />
</gc-op>
<gc-end id="3900" type="scavenge" contextid="3896" durationms="80.264" usertimems="311.200" systemtimems="0.000" stalltimems="6.755" timestamp="2022-02-08T16:16:09.214" activeThreads="4">
  <mem-info id="3901" free="263076064" total="1073741824" percent="24">
    <mem type="nursery" free="106613568" total="268435456" percent="39">
      <mem type="allocate" free="106613568" total="183697408" percent="58" />
      <mem type="survivor" free="0" total="84738048" percent="0" />
    </mem>
    <mem type="tenure" free="156462496" total="805306368" percent="19" macro-fragmented="868149">
      <mem type="soa" free="148408736" total="797252608" percent="18" />
      <mem type="loa" free="8053760" total="8053760" percent="100" />
    </mem>
    <pending-finalizers system="18" default="0" reference="0" classloader="0" />
    <remembered-set count="115" />
  </mem-info>
</gc-end>
<cycle-end id="3902" type="scavenge" contextid="3896" timestamp="2022-02-08T16:16:09.214" />
<allocation-satisfied id="3903" threadId="0000000000016F00" bytesRequested="48" />
<af-end id="3904" timestamp="2022-02-08T16:16:09.214" threadId="0000000000017908" success="true" from="nursery"/>
<exclusive-end id="3905" timestamp="2022-02-08T16:16:09.214" durationms="80.596" />

<concurrent-kickoff id="3906" timestamp="2022-02-08T16:16:10.094">
  <kickoff reason="threshold reached" targetBytes="74440344" thresholdFreeBytes="5760643"  remainingFree="5753664" tenureFreeBytes="156462496" nurseryFreeBytes="5753664" />
</concurrent-kickoff>
<exclusive-start id="3907" timestamp="2022-02-08T16:16:10.098" intervalms="964.597">
  <response-info timems="0.030" idlems="0.030" threads="0" lastid="0000000000016F00" lastname="main" />
</exclusive-start>
<cycle-start id="3908" type="global" contextid="0" timestamp="2022-02-08T16:16:10.098" intervalms="3011.182" />
<concurrent-start id="3909" type="global mark" contextid="3908" timestamp="2022-02-08T16:16:10.098">
</concurrent-start>
<exclusive-end id="3910" timestamp="2022-02-08T16:16:10.098" durationms="0.048" />

<exclusive-start id="3911" timestamp="2022-02-08T16:16:10.238" intervalms="139.871">
  <response-info timems="0.038" idlems="0.038" threads="0" lastid="0000000000016F00" lastname="main" />
</exclusive-start>
<af-start id="3912" threadId="0000000000017908" totalBytesRequested="184" timestamp="2022-02-08T16:16:10.238" intervalms="1104.461" type="nursery" />
<cycle-start id="3913" type="scavenge" contextid="0" timestamp="2022-02-08T16:16:10.238" intervalms="1104.460" />
<gc-start id="3914" type="scavenge" contextid="3913" timestamp="2022-02-08T16:16:10.238">
  <mem-info id="3915" free="156462496" total="1073741824" percent="14">
    <mem type="nursery" free="0" total="268435456" percent="0">
      <mem type="allocate" free="0" total="183697408" percent="0" />
      <mem type="survivor" free="0" total="84738048" percent="0" />
    </mem>
    <mem type="tenure" free="156462496" total="805306368" percent="19">
      <mem type="soa" free="148408736" total="797252608" percent="18" />
      <mem type="loa" free="8053760" total="8053760" percent="100" />
    </mem>
    <remembered-set count="132" />
  </mem-info>
</gc-start>
<allocation-stats totalBytes="106566880" >
  <allocated-bytes non-tlh="2484592" tlh="104082288" />
  <largest-consumer threadName="main" threadId="0000000000016F00" bytes="106562784" />
</allocation-stats>
<gc-op id="3916" type="scavenge" timems="80.960" contextid="3913" timestamp="2022-02-08T16:16:10.319">
  <scavenger-info tenureage="1" tenuremask="7ffe" tiltratio="68" />
  <memory-copied type="nursery" objects="1418715" bytes="75256152" bytesdiscarded="181792" />
  <memory-copied type="tenure" objects="1361035" bytes="76334544" bytesdiscarded="39960" />
  <finalization candidates="92" enqueued="35" />
  <references type="soft" candidates="14" cleared="0" enqueued="0" dynamicThreshold="12" maxThreshold="32" />
  <references type="weak" candidates="1" cleared="0" enqueued="0" />
  <references type="phantom" candidates="77" cleared="7" enqueued="7" />
  <object-monitors candidates="2" cleared="0"  />
</gc-op>
<gc-end id="3917" type="scavenge" contextid="3913" durationms="81.337" usertimems="315.879" systemtimems="0.775" stalltimems="3.259" timestamp="2022-02-08T16:16:10.319" activeThreads="4">
  <mem-info id="3918" free="188776280" total="1073741824" percent="17">
    <mem type="nursery" free="108587016" total="268435456" percent="40">
      <mem type="allocate" free="108587016" total="184025088" percent="59" />
      <mem type="survivor" free="0" total="84410368" percent="0" />
    </mem>
    <mem type="tenure" free="80189264" total="805306368" percent="9" macro-fragmented="39939376">
      <mem type="soa" free="72135504" total="797252608" percent="9" />
      <mem type="loa" free="8053760" total="8053760" percent="100" />
    </mem>
    <pending-finalizers system="34" default="1" reference="7" classloader="0" />
    <remembered-set count="118" />
  </mem-info>
</gc-end>
<cycle-end id="3919" type="scavenge" contextid="3913" timestamp="2022-02-08T16:16:10.319" />
<allocation-satisfied id="3920" threadId="0000000000016F00" bytesRequested="184" />
<af-end id="3921" timestamp="2022-02-08T16:16:10.319" threadId="0000000000017908" success="true" from="nursery"/>
<exclusive-end id="3922" timestamp="2022-02-08T16:16:10.319" durationms="81.672" />

<concurrent-end id="3923" type="global mark" contextid="3908" timestamp="2022-02-08T16:16:10.444">
<gc-op id="3924" type="trace" timems="346.139" contextid="3908" timestamp="2022-02-08T16:16:10.444">
  <trace bytesTraced="74440500" workStackOverflowCount="0" />
  <card-cleaning reason="card cleaning threshold reached" bytesTraced="808" cardsCleaned="2" />
</gc-op>
</concurrent-end>

<exclusive-start id="3925" timestamp="2022-02-08T16:16:10.444" intervalms="206.366">
  <response-info timems="0.019" idlems="0.019" threads="0" lastid="0000000000016F00" lastname="main" />
</exclusive-start>
<concurrent-global-final id="3926" timestamp="2022-02-08T16:16:10.444" contextid="3908" intervalms="2952.194" >
  <concurrent-trace-info reason="card cleaning threshold reached" tracedByMutators="58883360" tracedByHelpers="15557948" cardsCleaned="2" workStackOverflowCount="0" />
</concurrent-global-final>
<gc-start id="3927" type="global" contextid="3908" timestamp="2022-02-08T16:16:10.444">
  <mem-info id="3928" free="181067424" total="1073741824" percent="16">
    <mem type="nursery" free="100878160" total="268435456" percent="37">
      <mem type="allocate" free="100878160" total="184025088" percent="54" />
      <mem type="survivor" free="0" total="84410368" percent="0" />
    </mem>
    <mem type="tenure" free="80189264" total="805306368" percent="9">
      <mem type="soa" free="72135504" total="797252608" percent="9" />
      <mem type="loa" free="8053760" total="8053760" percent="100" />
    </mem>
    <remembered-set count="119" />
  </mem-info>
</gc-start>
<allocation-stats totalBytes="7706000" >
  <allocated-bytes non-tlh="184" tlh="7705816" />
  <largest-consumer threadName="main" threadId="0000000000016F00" bytes="7697808" />
</allocation-stats>
<gc-op id="3929" type="rs-scan" timems="133.978" contextid="3908" timestamp="2022-02-08T16:16:10.578">
  <scan objectsFound="3324754" bytesTraced="71015788" workStackOverflowCount="0" />
</gc-op>
<gc-op id="3930" type="card-cleaning" timems="0.349" contextid="3908" timestamp="2022-02-08T16:16:10.578">
  <card-cleaning cardsCleaned="3" bytesTraced="984" workStackOverflowCount="0" />
</gc-op>
<gc-op id="3931" type="mark" timems="33.600" contextid="3908" timestamp="2022-02-08T16:16:10.612">
  <trace-info objectcount="1267432" scancount="952100" scanbytes="20379208" />
  <finalization candidates="428" enqueued="57" />
  <ownableSynchronizers candidates="1" cleared="0" />
  <references type="soft" candidates="894" cleared="0" enqueued="0" dynamicThreshold="12" maxThreshold="32" />
  <references type="weak" candidates="1701" cleared="0" enqueued="0" />
  <references type="phantom" candidates="52" cleared="2" enqueued="2" />
  <stringconstants candidates="6471" cleared="0"  />
  <object-monitors candidates="2" cleared="0"  />
</gc-op>
<gc-op id="3932" type="sweep" timems="5.212" contextid="3908" timestamp="2022-02-08T16:16:10.618" />
<gc-end id="3933" type="global" contextid="3908" durationms="173.564" usertimems="189.591" systemtimems="0.000" stalltimems="100.450" timestamp="2022-02-08T16:16:10.618" activeThreads="4">
  <mem-info id="3934" free="424611560" total="1073741824" percent="39">
    <mem type="nursery" free="101473000" total="268435456" percent="37">
      <mem type="allocate" free="101473000" total="184025088" percent="55" />
      <mem type="survivor" free="0" total="84410368" percent="0" />
    </mem>
    <mem type="tenure" free="323138560" total="805306368" percent="40" micro-fragmented="279342" macro-fragmented="0">
      <mem type="soa" free="315084800" total="797252608" percent="39" />
      <mem type="loa" free="8053760" total="8053760" percent="100" />
    </mem>
    <pending-finalizers system="57" default="0" reference="2" classloader="0" />
    <remembered-set count="106" />
  </mem-info>
</gc-end>
<cycle-end id="3935" type="global" contextid="3908" timestamp="2022-02-08T16:16:10.618" />
<exclusive-end id="3936" timestamp="2022-02-08T16:16:10.618" durationms="173.807" />

<exclusive-start id="3937" timestamp="2022-02-08T16:16:11.338" intervalms="894.501">
  <response-info timems="0.019" idlems="0.019" threads="0" lastid="0000000000016F00" lastname="main" />
</exclusive-start>
<af-start id="3938" threadId="0000000000017908" totalBytesRequested="24" timestamp="2022-02-08T16:16:11.339" intervalms="1100.876" type="nursery" />
<cycle-start id="3939" type="scavenge" contextid="0" timestamp="2022-02-08T16:16:11.339" intervalms="1100.876" />
<gc-start id="3940" type="scavenge" contextid="3939" timestamp="2022-02-08T16:16:11.339">
  <mem-info id="3941" free="323138560" total="1073741824" percent="30">
    <mem type="nursery" free="0" total="268435456" percent="0">
      <mem type="allocate" free="0" total="184025088" percent="0" />
      <mem type="survivor" free="0" total="84410368" percent="0" />
    </mem>
    <mem type="tenure" free="323138560" total="805306368" percent="40">
      <mem type="soa" free="315084800" total="797252608" percent="39" />
      <mem type="loa" free="8053760" total="8053760" percent="100" />
    </mem>
    <remembered-set count="107" />
  </mem-info>
</gc-start>
<allocation-stats totalBytes="101425936" >
  <allocated-bytes non-tlh="0" tlh="101425936" />
  <largest-consumer threadName="main" threadId="0000000000016F00" bytes="101421840" />
</allocation-stats>
<gc-op id="3942" type="scavenge" timems="85.633" contextid="3939" timestamp="2022-02-08T16:16:11.424">
  <scavenger-info tenureage="1" tenuremask="7ffe" tiltratio="68" />
  <memory-copied type="nursery" objects="1407226" bytes="77635800" bytesdiscarded="360008" />
  <memory-copied type="tenure" objects="1418233" bytes="74944304" bytesdiscarded="44880" />
  <finalization candidates="45" enqueued="0" />
  <ownableSynchronizers candidates="2" cleared="2" />
  <object-monitors candidates="2" cleared="0"  />
</gc-op>
<gc-end id="3943" type="scavenge" contextid="3939" durationms="86.039" usertimems="317.272" systemtimems="0.340" stalltimems="4.862" timestamp="2022-02-08T16:16:11.425" activeThreads="4">
  <mem-info id="3944" free="352454064" total="1073741824" percent="32">
    <mem type="nursery" free="104390880" total="268435456" percent="38">
      <mem type="allocate" free="104390880" total="182386688" percent="57" />
      <mem type="survivor" free="0" total="86048768" percent="0" />
    </mem>
    <mem type="tenure" free="248063184" total="805306368" percent="30" macro-fragmented="0">
      <mem type="soa" free="240009424" total="797252608" percent="30" />
      <mem type="loa" free="8053760" total="8053760" percent="100" />
    </mem>
    <remembered-set count="101" />
  </mem-info>
</gc-end>
<cycle-end id="3945" type="scavenge" contextid="3939" timestamp="2022-02-08T16:16:11.425" />
<allocation-satisfied id="3946" threadId="0000000000016F00" bytesRequested="24" />
<af-end id="3947" timestamp="2022-02-08T16:16:11.425" threadId="0000000000017908" success="true" from="nursery"/>
<exclusive-end id="3948" timestamp="2022-02-08T16:16:11.425" durationms="86.291" />

<exclusive-start id="3949" timestamp="2022-02-08T16:16:12.081" intervalms="742.375">
  <response-info timems="0.030" idlems="0.030" threads="0" lastid="0000000000016F00" lastname="main" />
</exclusive-start>
<af-start id="3950" threadId="0000000000017908" totalBytesRequested="24" timestamp="2022-02-08T16:16:12.081" intervalms="742.377" type="nursery" />
<cycle-start id="3951" type="scavenge" contextid="0" timestamp="2022-02-08T16:16:12.081" intervalms="742.381" />
<gc-start id="3952" type="scavenge" contextid="3951" timestamp="2022-02-08T16:16:12.081">
  <mem-info id="3953" free="248063184" total="1073741824" percent="23">
    <mem type="nursery" free="0" total="268435456" percent="0">
      <mem type="allocate" free="0" total="182386688" percent="0" />
      <mem type="survivor" free="0" total="86048768" percent="0" />
    </mem>
    <mem type="tenure" free="248063184" total="805306368" percent="30">
      <mem type="soa" free="240009424" total="797252608" percent="30" />
      <mem type="loa" free="8053760" total="8053760" percent="100" />
    </mem>
    <remembered-set count="101" />
  </mem-info>
</gc-start>
<allocation-stats totalBytes="104343216" >
  <allocated-bytes non-tlh="24" tlh="104343192" />
  <largest-consumer threadName="main" threadId="0000000000016F00" bytes="104343216" />
</allocation-stats>
<gc-op id="3954" type="scavenge" timems="90.046" contextid="3951" timestamp="2022-02-08T16:16:12.171">
  <scavenger-info tenureage="1" tenuremask="7ffe" tiltratio="67" />
  <memory-copied type="nursery" objects="1303050" bytes="74186648" bytesdiscarded="72752" />
  <memory-copied type="tenure" objects="1407226" bytes="77635800" bytesdiscarded="42000" />
  <object-monitors candidates="2" cleared="0"  />
</gc-op>
<gc-end id="3955" type="scavenge" contextid="3951" durationms="90.430" usertimems="351.952" systemtimems="0.000" stalltimems="2.541" timestamp="2022-02-08T16:16:12.171" activeThreads="4">
  <mem-info id="3956" free="278919824" total="1073741824" percent="25">
    <mem type="nursery" free="108586040" total="268435456" percent="40">
      <mem type="allocate" free="108586040" total="182845440" percent="59" />
      <mem type="survivor" free="0" total="85590016" percent="0" />
    </mem>
    <mem type="tenure" free="170333784" total="805306368" percent="21" macro-fragmented="69015248">
      <mem type="soa" free="162280024" total="797252608" percent="20" />
      <mem type="loa" free="8053760" total="8053760" percent="100" />
    </mem>
    <remembered-set count="101" />
  </mem-info>
</gc-end>
<cycle-end id="3957" type="scavenge" contextid="3951" timestamp="2022-02-08T16:16:12.172" />
<allocation-satisfied id="3958" threadId="0000000000016F00" bytesRequested="24" />
<af-end id="3959" timestamp="2022-02-08T16:16:12.172" threadId="0000000000017908" success="true" from="nursery"/>
<exclusive-end id="3960" timestamp="2022-02-08T16:16:12.172" durationms="90.705" />

<exclusive-start id="3961" timestamp="2022-02-08T16:16:13.118" intervalms="1036.831">
  <response-info timems="0.023" idlems="0.023" threads="0" lastid="0000000000016F00" lastname="main" />
</exclusive-start>
<af-start id="3962" threadId="0000000000017908" totalBytesRequested="64" timestamp="2022-02-08T16:16:13.118" intervalms="1036.821" type="nursery" />
<cycle-start id="3963" type="scavenge" contextid="0" timestamp="2022-02-08T16:16:13.118" intervalms="1036.816" />
<gc-start id="3964" type="scavenge" contextid="3963" timestamp="2022-02-08T16:16:13.118">
  <mem-info id="3965" free="170333784" total="1073741824" percent="15">
    <mem type="nursery" free="0" total="268435456" percent="0">
      <mem type="allocate" free="0" total="182845440" percent="0" />
      <mem type="survivor" free="0" total="85590016" percent="0" />
    </mem>
    <mem type="tenure" free="170333784" total="805306368" percent="21">
      <mem type="soa" free="162280024" total="797252608" percent="20" />
      <mem type="loa" free="8053760" total="8053760" percent="100" />
    </mem>
    <remembered-set count="131" />
  </mem-info>
</gc-start>
<allocation-stats totalBytes="108537768" >
  <allocated-bytes non-tlh="2938272" tlh="105599496" />
  <largest-consumer threadName="main" threadId="0000000000016F00" bytes="108537768" />
</allocation-stats>
<gc-op id="3966" type="scavenge" timems="84.171" contextid="3963" timestamp="2022-02-08T16:16:13.202">
  <scavenger-info tenureage="1" tenuremask="7ffe" tiltratio="68" />
  <memory-copied type="nursery" objects="1453970" bytes="76304328" bytesdiscarded="79688" />
  <memory-copied type="tenure" objects="1303050" bytes="74186648" bytesdiscarded="42464" />
  <finalization candidates="110" enqueued="53" />
  <references type="soft" candidates="14" cleared="0" enqueued="0" dynamicThreshold="12" maxThreshold="32" />
  <references type="weak" candidates="1" cleared="0" enqueued="0" />
  <references type="phantom" candidates="95" cleared="7" enqueued="7" />
  <object-monitors candidates="2" cleared="0"  />
</gc-op>
<gc-end id="3967" type="scavenge" contextid="3963" durationms="84.512" usertimems="326.003" systemtimems="0.449" stalltimems="5.998" timestamp="2022-02-08T16:16:13.202" activeThreads="4">
  <mem-info id="3968" free="202565720" total="1073741824" percent="18">
    <mem type="nursery" free="106592368" total="268435456" percent="39">
      <mem type="allocate" free="106592368" total="182976512" percent="58" />
      <mem type="survivor" free="0" total="85458944" percent="0" />
    </mem>
    <mem type="tenure" free="95973352" total="805306368" percent="11" macro-fragmented="57512708">
      <mem type="soa" free="87919592" total="797252608" percent="11" />
      <mem type="loa" free="8053760" total="8053760" percent="100" />
    </mem>
    <pending-finalizers system="52" default="1" reference="7" classloader="0" />
    <remembered-set count="125" />
  </mem-info>
</gc-end>
<cycle-end id="3969" type="scavenge" contextid="3963" timestamp="2022-02-08T16:16:13.202" />
<allocation-satisfied id="3970" threadId="0000000000016F00" bytesRequested="64" />
<af-end id="3971" timestamp="2022-02-08T16:16:13.202" threadId="0000000000017908" success="true" from="nursery"/>
<exclusive-end id="3972" timestamp="2022-02-08T16:16:13.202" durationms="84.769" />

<concurrent-kickoff id="3973" timestamp="2022-02-08T16:16:13.983">
  <kickoff reason="threshold reached" targetBytes="74440538" thresholdFreeBytes="5761417"  remainingFree="5666928" tenureFreeBytes="95973352" nurseryFreeBytes="5666928" />
</concurrent-kickoff>
<exclusive-start id="3974" timestamp="2022-02-08T16:16:13.987" intervalms="869.364">
  <response-info timems="0.022" idlems="0.022" threads="0" lastid="0000000000016F00" lastname="main" />
</exclusive-start>
<cycle-start id="3975" type="global" contextid="0" timestamp="2022-02-08T16:16:13.987" intervalms="3889.294" />
<concurrent-start id="3976" type="global mark" contextid="3975" timestamp="2022-02-08T16:16:13.987">
</concurrent-start>
<exclusive-end id="3977" timestamp="2022-02-08T16:16:13.987" durationms="0.028" />

<exclusive-start id="3978" timestamp="2022-02-08T16:16:14.135" intervalms="147.690">
  <response-info timems="0.022" idlems="0.022" threads="0" lastid="0000000000016F00" lastname="main" />
</exclusive-start>
<af-start id="3979" threadId="0000000000017908" totalBytesRequested="184" timestamp="2022-02-08T16:16:14.135" intervalms="1017.057" type="nursery" />
<cycle-start id="3980" type="scavenge" contextid="0" timestamp="2022-02-08T16:16:14.135" intervalms="1017.059" />
<gc-start id="3981" type="scavenge" contextid="3980" timestamp="2022-02-08T16:16:14.135">
  <mem-info id="3982" free="95973352" total="1073741824" percent="8">
    <mem type="nursery" free="0" total="268435456" percent="0">
      <mem type="allocate" free="0" total="182976512" percent="0" />
      <mem type="survivor" free="0" total="85458944" percent="0" />
    </mem>
    <mem type="tenure" free="95973352" total="805306368" percent="11">
      <mem type="soa" free="87919592" total="797252608" percent="11" />
      <mem type="loa" free="8053760" total="8053760" percent="100" />
    </mem>
    <remembered-set count="126" />
  </mem-info>
</gc-start>
<allocation-stats totalBytes="106543800" >
  <allocated-bytes non-tlh="64" tlh="106543736" />
  <largest-consumer threadName="main" threadId="0000000000016F00" bytes="106535608" />
</allocation-stats>
<gc-op id="3983" type="scavenge" timems="89.720" contextid="3980" timestamp="2022-02-08T16:16:14.225">
  <scavenger-info tenureage="1" tenuremask="7ffe" tiltratio="68" />
  <memory-copied type="nursery" objects="1377641" bytes="75917832" bytesdiscarded="163832" />
  <memory-copied type="tenure" objects="1453258" bytes="75836432" bytesdiscarded="37696" />
  <finalization candidates="57" enqueued="0" />
  <object-monitors candidates="2" cleared="0"  />
</gc-op>
<gc-end id="3984" type="scavenge" contextid="3980" durationms="90.031" usertimems="351.653" systemtimems="0.011" stalltimems="4.122" timestamp="2022-02-08T16:16:14.225" activeThreads="4">
  <mem-info id="3985" free="127504328" total="1073741824" percent="11">
    <mem type="nursery" free="107484672" total="268435456" percent="40">
      <mem type="allocate" free="107484672" total="183566336" percent="58" />
      <mem type="survivor" free="0" total="84869120" percent="0" />
    </mem>
    <mem type="tenure" free="20019656" total="805306368" percent="2" macro-fragmented="15625808">
      <mem type="soa" free="11965896" total="797252608" percent="1" />
      <mem type="loa" free="8053760" total="8053760" percent="100" />
    </mem>
    <remembered-set count="100" />
  </mem-info>
</gc-end>
<cycle-end id="3986" type="scavenge" contextid="3980" timestamp="2022-02-08T16:16:14.225" />
<allocation-satisfied id="3987" threadId="0000000000016F00" bytesRequested="184" />
<af-end id="3988" timestamp="2022-02-08T16:16:14.225" threadId="0000000000017908" success="true" from="nursery"/>
<exclusive-end id="3989" timestamp="2022-02-08T16:16:14.225" durationms="90.414" />

<concurrent-end id="3990" type="global mark" contextid="3975" timestamp="2022-02-08T16:16:14.353">
<gc-op id="3991" type="trace" timems="365.529" contextid="3975" timestamp="2022-02-08T16:16:14.353">
  <trace bytesTraced="74440724" workStackOverflowCount="0" />
  <card-cleaning reason="card cleaning threshold reached" bytesTraced="808" cardsCleaned="2" />
</gc-op>
</concurrent-end>

<exclusive-start id="3992" timestamp="2022-02-08T16:16:14.353" intervalms="217.921">
  <response-info timems="0.019" idlems="0.019" threads="0" lastid="0000000000016F00" lastname="main" />
</exclusive-start>
<concurrent-global-final id="3993" timestamp="2022-02-08T16:16:14.353" contextid="3975" intervalms="3908.682" >
  <concurrent-trace-info reason="card cleaning threshold reached" tracedByMutators="57960096" tracedByHelpers="16481436" cardsCleaned="2" workStackOverflowCount="0" />
</concurrent-global-final>
<gc-start id="3994" type="global" contextid="3975" timestamp="2022-02-08T16:16:14.353">
  <mem-info id="3995" free="119672592" total="1073741824" percent="11">
    <mem type="nursery" free="99652936" total="268435456" percent="37">
      <mem type="allocate" free="99652936" total="183566336" percent="54" />
      <mem type="survivor" free="0" total="84869120" percent="0" />
    </mem>
    <mem type="tenure" free="20019656" total="805306368" percent="2">
      <mem type="soa" free="11965896" total="797252608" percent="1" />
      <mem type="loa" free="8053760" total="8053760" percent="100" />
    </mem>
    <remembered-set count="100" />
  </mem-info>
</gc-start>
<allocation-stats totalBytes="7828216" >
  <allocated-bytes non-tlh="184" tlh="7828032" />
  <largest-consumer threadName="main" threadId="0000000000016F00" bytes="7828216" />
</allocation-stats>
<gc-op id="3996" type="rs-scan" timems="0.560" contextid="3975" timestamp="2022-02-08T16:16:14.353">
  <scan objectsFound="0" bytesTraced="3692" workStackOverflowCount="0" />
</gc-op>
<gc-op id="3997" type="card-cleaning" timems="169.178" contextid="3975" timestamp="2022-02-08T16:16:14.523">
  <card-cleaning cardsCleaned="10" bytesTraced="71014408" workStackOverflowCount="0" />
</gc-op>
<gc-op id="3998" type="mark" timems="72.125" contextid="3975" timestamp="2022-02-08T16:16:14.595">
  <trace-info objectcount="2382987" scancount="1788768" scanbytes="38228072" />
  <finalization candidates="428" enqueued="57" />
  <ownableSynchronizers candidates="1" cleared="0" />
  <references type="soft" candidates="894" cleared="0" enqueued="0" dynamicThreshold="12" maxThreshold="32" />
  <references type="weak" candidates="1701" cleared="0" enqueued="0" />
  <references type="phantom" candidates="52" cleared="2" enqueued="2" />
  <stringconstants candidates="6471" cleared="0"  />
  <object-monitors candidates="2" cleared="0"  />
</gc-op>
<gc-op id="3999" type="sweep" timems="6.700" contextid="3975" timestamp="2022-02-08T16:16:14.601" />
<gc-end id="4000" type="global" contextid="3975" durationms="248.770" usertimems="262.935" systemtimems="0.040" stalltimems="216.166" timestamp="2022-02-08T16:16:14.601" activeThreads="4">
  <mem-info id="4001" free="363018152" total="1073741824" percent="33">
    <mem type="nursery" free="99908640" total="268435456" percent="37">
      <mem type="allocate" free="99908640" total="183566336" percent="54" />
      <mem type="survivor" free="0" total="84869120" percent="0" />
    </mem>
    <mem type="tenure" free="263109512" total="805306368" percent="32" micro-fragmented="367095" macro-fragmented="1800196">
      <mem type="soa" free="255055752" total="797252608" percent="31" />
      <mem type="loa" free="8053760" total="8053760" percent="100" />
    </mem>
    <pending-finalizers system="57" default="0" reference="2" classloader="0" />
    <remembered-set count="100" />
  </mem-info>
</gc-end>
<cycle-end id="4002" type="global" contextid="3975" timestamp="2022-02-08T16:16:14.602" />
<exclusive-end id="4003" timestamp="2022-02-08T16:16:14.602" durationms="249.033" />

<exclusive-start id="4004" timestamp="2022-02-08T16:16:15.240" intervalms="886.999">
  <response-info timems="0.021" idlems="0.021" threads="0" lastid="0000000000016F00" lastname="main" />
</exclusive-start>
<af-start id="4005" threadId="0000000000017908" totalBytesRequested="184" timestamp="2022-02-08T16:16:15.240" intervalms="1104.916" type="nursery" />
<cycle-start id="4006" type="scavenge" contextid="0" timestamp="2022-02-08T16:16:15.240" intervalms="1104.925" />
<gc-start id="4007" type="scavenge" contextid="4006" timestamp="2022-02-08T16:16:15.240">
  <mem-info id="4008" free="263109512" total="1073741824" percent="24">
    <mem type="nursery" free="0" total="268435456" percent="0">
      <mem type="allocate" free="0" total="183566336" percent="0" />
      <mem type="survivor" free="0" total="84869120" percent="0" />
    </mem>
    <mem type="tenure" free="263109512" total="805306368" percent="32">
      <mem type="soa" free="255055752" total="797252608" percent="31" />
      <mem type="loa" free="8053760" total="8053760" percent="100" />
    </mem>
    <remembered-set count="103" />
  </mem-info>
</gc-start>
<allocation-stats totalBytes="99863416" >
  <allocated-bytes non-tlh="0" tlh="99863416" />
  <largest-consumer threadName="main" threadId="0000000000016F00" bytes="99859320" />
</allocation-stats>
<gc-op id="4009" type="scavenge" timems="86.374" contextid="4006" timestamp="2022-02-08T16:16:15.326">
  <scavenger-info tenureage="1" tenuremask="7ffe" tiltratio="68" />
  <memory-copied type="nursery" objects="1348887" bytes="76460392" bytesdiscarded="130152" />
  <memory-copied type="tenure" objects="1377640" bytes="75917728" bytesdiscarded="43928" />
  <ownableSynchronizers candidates="2" cleared="2" />
  <object-monitors candidates="2" cleared="0"  />
</gc-op>
<gc-end id="4010" type="scavenge" contextid="4006" durationms="86.758" usertimems="339.023" systemtimems="1.253" stalltimems="2.787" timestamp="2022-02-08T16:16:15.327" activeThreads="4">
  <mem-info id="4011" free="294380144" total="1073741824" percent="27">
    <mem type="nursery" free="107369008" total="268435456" percent="39">
      <mem type="allocate" free="107369008" total="183959552" percent="58" />
      <mem type="survivor" free="0" total="84475904" percent="0" />
    </mem>
    <mem type="tenure" free="187011136" total="805306368" percent="23" macro-fragmented="0">
      <mem type="soa" free="178957376" total="797252608" percent="22" />
      <mem type="loa" free="8053760" total="8053760" percent="100" />
    </mem>
    <remembered-set count="102" />
  </mem-info>
</gc-end>
<cycle-end id="4012" type="scavenge" contextid="4006" timestamp="2022-02-08T16:16:15.327" />
<allocation-satisfied id="4013" threadId="0000000000016F00" bytesRequested="184" />
<af-end id="4014" timestamp="2022-02-08T16:16:15.327" threadId="0000000000017908" success="true" from="nursery"/>
<exclusive-end id="4015" timestamp="2022-02-08T16:16:15.327" durationms="87.051" />

<exclusive-start id="4016" timestamp="2022-02-08T16:16:16.257" intervalms="1017.154">
  <response-info timems="0.019" idlems="0.019" threads="0" lastid="0000000000016F00" lastname="main" />
</exclusive-start>
<af-start id="4017" threadId="0000000000017908" totalBytesRequested="192" timestamp="2022-02-08T16:16:16.257" intervalms="1017.156" type="nursery" />
<cycle-start id="4018" type="scavenge" contextid="0" timestamp="2022-02-08T16:16:16.257" intervalms="1017.146" />
<gc-start id="4019" type="scavenge" contextid="4018" timestamp="2022-02-08T16:16:16.257">
  <mem-info id="4020" free="187011136" total="1073741824" percent="17">
    <mem type="nursery" free="0" total="268435456" percent="0">
      <mem type="allocate" free="0" total="183959552" percent="0" />
      <mem type="survivor" free="0" total="84475904" percent="0" />
    </mem>
    <mem type="tenure" free="187011136" total="805306368" percent="23">
      <mem type="soa" free="178957376" total="797252608" percent="22" />
      <mem type="loa" free="8053760" total="8053760" percent="100" />
    </mem>
    <remembered-set count="133" />
  </mem-info>
</gc-start>
<allocation-stats totalBytes="107318432" >
  <allocated-bytes non-tlh="1661328" tlh="105657104" />
  <largest-consumer threadName="main" threadId="0000000000016F00" bytes="107318432" />
</allocation-stats>
<gc-op id="4021" type="scavenge" timems="89.016" contextid="4018" timestamp="2022-02-08T16:16:16.346">
  <scavenger-info tenureage="1" tenuremask="7ffe" tiltratio="68" />
  <memory-copied type="nursery" objects="1448184" bytes="75509560" bytesdiscarded="155712" />
  <memory-copied type="tenure" objects="1348886" bytes="76460288" bytesdiscarded="41456" />
  <finalization candidates="109" enqueued="53" />
  <references type="soft" candidates="14" cleared="0" enqueued="0" dynamicThreshold="10" maxThreshold="32" />
  <references type="weak" candidates="1" cleared="0" enqueued="0" />
  <references type="phantom" candidates="94" cleared="7" enqueued="7" />
  <object-monitors candidates="2" cleared="0"  />
</gc-op>
<gc-end id="4022" type="scavenge" contextid="4018" durationms="89.417" usertimems="347.369" systemtimems="0.000" stalltimems="4.136" timestamp="2022-02-08T16:16:16.346" activeThreads="4">
  <mem-info id="4023" free="218961976" total="1073741824" percent="20">
    <mem type="nursery" free="108621832" total="268435456" percent="40">
      <mem type="allocate" free="108621832" total="184287232" percent="58" />
      <mem type="survivor" free="0" total="84148224" percent="0" />
    </mem>
    <mem type="tenure" free="110340144" total="805306368" percent="13" macro-fragmented="0">
      <mem type="soa" free="102286384" total="797252608" percent="12" />
      <mem type="loa" free="8053760" total="8053760" percent="100" />
    </mem>
    <pending-finalizers system="52" default="1" reference="7" classloader="0" />
    <remembered-set count="129" />
  </mem-info>
</gc-end>
<cycle-end id="4024" type="scavenge" contextid="4018" timestamp="2022-02-08T16:16:16.347" />
<allocation-satisfied id="4025" threadId="0000000000016F00" bytesRequested="192" />
<af-end id="4026" timestamp="2022-02-08T16:16:16.347" threadId="0000000000017908" success="true" from="nursery"/>
<exclusive-end id="4027" timestamp="2022-02-08T16:16:16.347" durationms="89.749" />

<concurrent-kickoff id="4028" timestamp="2022-02-08T16:16:17.073">
  <kickoff reason="threshold reached" targetBytes="74440738" thresholdFreeBytes="5761813"  remainingFree="5717736" tenureFreeBytes="110340144" nurseryFreeBytes="5717736" />
</concurrent-kickoff>
<exclusive-start id="4029" timestamp="2022-02-08T16:16:17.076" intervalms="819.501">
  <response-info timems="0.021" idlems="0.021" threads="0" lastid="0000000000016F00" lastname="main" />
</exclusive-start>
<cycle-start id="4030" type="global" contextid="0" timestamp="2022-02-08T16:16:17.076" intervalms="3089.266" />
<concurrent-start id="4031" type="global mark" contextid="4030" timestamp="2022-02-08T16:16:17.076">
</concurrent-start>
<exclusive-end id="4032" timestamp="2022-02-08T16:16:17.076" durationms="0.028" />

<exclusive-start id="4033" timestamp="2022-02-08T16:16:17.201" intervalms="124.698">
  <response-info timems="0.019" idlems="0.019" threads="0" lastid="0000000000016F00" lastname="main" />
</exclusive-start>
<af-start id="4034" threadId="0000000000017908" totalBytesRequested="184" timestamp="2022-02-08T16:16:17.201" intervalms="944.196" type="nursery" />
<cycle-start id="4035" type="scavenge" contextid="0" timestamp="2022-02-08T16:16:17.201" intervalms="944.196" />
<gc-start id="4036" type="scavenge" contextid="4035" timestamp="2022-02-08T16:16:17.201">
  <mem-info id="4037" free="110340144" total="1073741824" percent="10">
    <mem type="nursery" free="0" total="268435456" percent="0">
      <mem type="allocate" free="0" total="184287232" percent="0" />
      <mem type="survivor" free="0" total="84148224" percent="0" />
    </mem>
    <mem type="tenure" free="110340144" total="805306368" percent="13">
      <mem type="soa" free="102286384" total="797252608" percent="12" />
      <mem type="loa" free="8053760" total="8053760" percent="100" />
    </mem>
    <remembered-set count="130" />
  </mem-info>
</gc-start>
<allocation-stats totalBytes="108571136" >
  <allocated-bytes non-tlh="1347872" tlh="107223264" />
  <largest-consumer threadName="main" threadId="0000000000016F00" bytes="108562944" />
</allocation-stats>
<gc-op id="4038" type="scavenge" timems="89.117" contextid="4035" timestamp="2022-02-08T16:16:17.290">
  <scavenger-info tenureage="1" tenuremask="7ffe" tiltratio="68" />
  <memory-copied type="nursery" objects="1381470" bytes="77730616" bytesdiscarded="278328" />
  <memory-copied type="tenure" objects="1447464" bytes="74566288" bytesdiscarded="39496" />
  <finalization candidates="57" enqueued="0" />
  <references type="phantom" candidates="1" cleared="0" enqueued="0" />
  <object-monitors candidates="2" cleared="0"  />
</gc-op>
<gc-end id="4039" type="scavenge" contextid="4035" durationms="89.550" usertimems="329.254" systemtimems="0.000" stalltimems="3.921" timestamp="2022-02-08T16:16:17.291" activeThreads="4">
  <mem-info id="4040" free="140426856" total="1073741824" percent="13">
    <mem type="nursery" free="104508816" total="268435456" percent="38">
      <mem type="allocate" free="104508816" total="182517760" percent="57" />
      <mem type="survivor" free="0" total="85917696" percent="0" />
    </mem>
    <mem type="tenure" free="35918040" total="805306368" percent="4" macro-fragmented="81140">
      <mem type="soa" free="27864280" total="797252608" percent="3" />
      <mem type="loa" free="8053760" total="8053760" percent="100" />
    </mem>
    <remembered-set count="99" />
  </mem-info>
</gc-end>
<cycle-end id="4041" type="scavenge" contextid="4035" timestamp="2022-02-08T16:16:17.291" />
<allocation-satisfied id="4042" threadId="0000000000016F00" bytesRequested="184" />
<af-end id="4043" timestamp="2022-02-08T16:16:17.291" threadId="0000000000017908" success="true" from="nursery"/>
<exclusive-end id="4044" timestamp="2022-02-08T16:16:17.291" durationms="89.863" />

<concurrent-end id="4045" type="global mark" contextid="4030" timestamp="2022-02-08T16:16:17.427">
<gc-op id="4046" type="trace" timems="350.932" contextid="4030" timestamp="2022-02-08T16:16:17.427">
  <trace bytesTraced="74440932" workStackOverflowCount="0" />
  <card-cleaning reason="card cleaning threshold reached" bytesTraced="808" cardsCleaned="2" />
</gc-op>
</concurrent-end>

<exclusive-start id="4047" timestamp="2022-02-08T16:16:17.427" intervalms="226.306">
  <response-info timems="0.018" idlems="0.018" threads="0" lastid="0000000000016F00" lastname="main" />
</exclusive-start>
<concurrent-global-final id="4048" timestamp="2022-02-08T16:16:17.427" contextid="4030" intervalms="3074.657" >
  <concurrent-trace-info reason="card cleaning threshold reached" tracedByMutators="56203424" tracedByHelpers="18238316" cardsCleaned="2" workStackOverflowCount="0" />
</concurrent-global-final>
<gc-start id="4049" type="global" contextid="4030" timestamp="2022-02-08T16:16:17.427">
  <mem-info id="4050" free="132070832" total="1073741824" percent="12">
    <mem type="nursery" free="96152792" total="268435456" percent="35">
      <mem type="allocate" free="96152792" total="182517760" percent="52" />
      <mem type="survivor" free="0" total="85917696" percent="0" />
    </mem>
    <mem type="tenure" free="35918040" total="805306368" percent="4">
      <mem type="soa" free="27864280" total="797252608" percent="3" />
      <mem type="loa" free="8053760" total="8053760" percent="100" />
    </mem>
    <remembered-set count="99" />
  </mem-info>
</gc-start>
<allocation-stats totalBytes="8352616" >
  <allocated-bytes non-tlh="184" tlh="8352432" />
  <largest-consumer threadName="main" threadId="0000000000016F00" bytes="8352616" />
</allocation-stats>
<gc-op id="4051" type="rs-scan" timems="0.623" contextid="4030" timestamp="2022-02-08T16:16:17.428">
  <scan objectsFound="29" bytesTraced="5124" workStackOverflowCount="0" />
</gc-op>
<gc-op id="4052" type="card-cleaning" timems="151.911" contextid="4030" timestamp="2022-02-08T16:16:17.580">
  <card-cleaning cardsCleaned="9" bytesTraced="71012648" workStackOverflowCount="0" />
</gc-op>
<gc-op id="4053" type="mark" timems="60.497" contextid="4030" timestamp="2022-02-08T16:16:17.641">
  <trace-info objectcount="2136135" scancount="1603629" scanbytes="34278440" />
  <finalization candidates="428" enqueued="57" />
  <ownableSynchronizers candidates="1" cleared="0" />
  <references type="soft" candidates="894" cleared="0" enqueued="0" dynamicThreshold="10" maxThreshold="32" />
  <references type="weak" candidates="1701" cleared="0" enqueued="0" />
  <references type="phantom" candidates="52" cleared="2" enqueued="2" />
  <stringconstants candidates="6471" cleared="0"  />
  <object-monitors candidates="2" cleared="0"  />
</gc-op>
<gc-op id="4054" type="sweep" timems="5.184" contextid="4030" timestamp="2022-02-08T16:16:17.646" />
<gc-end id="4055" type="global" contextid="4030" durationms="218.632" usertimems="234.702" systemtimems="0.000" stalltimems="181.268" timestamp="2022-02-08T16:16:17.646" activeThreads="4">
  <mem-info id="4056" free="375305760" total="1073741824" percent="34">
    <mem type="nursery" free="96523080" total="268435456" percent="35">
      <mem type="allocate" free="96523080" total="182517760" percent="52" />
      <mem type="survivor" free="0" total="85917696" percent="0" />
    </mem>
    <mem type="tenure" free="278782680" total="805306368" percent="34" micro-fragmented="274674" macro-fragmented="0">
      <mem type="soa" free="270728920" total="797252608" percent="33" />
      <mem type="loa" free="8053760" total="8053760" percent="100" />
    </mem>
    <pending-finalizers system="57" default="0" reference="2" classloader="0" />
    <remembered-set count="99" />
  </mem-info>
</gc-end>
<cycle-end id="4057" type="global" contextid="4030" timestamp="2022-02-08T16:16:17.646" />
<exclusive-end id="4058" timestamp="2022-02-08T16:16:17.646" durationms="218.827" />

<exclusive-start id="4059" timestamp="2022-02-08T16:16:18.274" intervalms="846.833">
  <response-info timems="0.021" idlems="0.021" threads="0" lastid="0000000000016F00" lastname="main" />
</exclusive-start>
<af-start id="4060" threadId="0000000000017908" totalBytesRequested="112" timestamp="2022-02-08T16:16:18.274" intervalms="1073.141" type="nursery" />
<cycle-start id="4061" type="scavenge" contextid="0" timestamp="2022-02-08T16:16:18.274" intervalms="1073.141" />
<gc-start id="4062" type="scavenge" contextid="4061" timestamp="2022-02-08T16:16:18.274">
  <mem-info id="4063" free="278782680" total="1073741824" percent="25">
    <mem type="nursery" free="0" total="268435456" percent="0">
      <mem type="allocate" free="0" total="182517760" percent="0" />
      <mem type="survivor" free="0" total="85917696" percent="0" />
    </mem>
    <mem type="tenure" free="278782680" total="805306368" percent="34">
      <mem type="soa" free="270728920" total="797252608" percent="33" />
      <mem type="loa" free="8053760" total="8053760" percent="100" />
    </mem>
    <remembered-set count="102" />
  </mem-info>
</gc-start>
<allocation-stats totalBytes="96477688" >
  <allocated-bytes non-tlh="0" tlh="96477688" />
  <largest-consumer threadName="main" threadId="0000000000016F00" bytes="96473592" />
</allocation-stats>
<gc-op id="4064" type="scavenge" timems="81.607" contextid="4061" timestamp="2022-02-08T16:16:18.356">
  <scavenger-info tenureage="1" tenuremask="7ffe" tiltratio="67" />
  <memory-copied type="nursery" objects="1314366" bytes="74441336" bytesdiscarded="140792" />
  <memory-copied type="tenure" objects="1381469" bytes="77730512" bytesdiscarded="46944" />
  <finalization candidates="1" enqueued="0" />
  <ownableSynchronizers candidates="2" cleared="2" />
  <object-monitors candidates="2" cleared="0"  />
</gc-op>
<gc-end id="4065" type="scavenge" contextid="4061" durationms="81.973" usertimems="320.875" systemtimems="0.000" stalltimems="3.448" timestamp="2022-02-08T16:16:18.356" activeThreads="4">
  <mem-info id="4066" free="309136624" total="1073741824" percent="28">
    <mem type="nursery" free="108328848" total="268435456" percent="40">
      <mem type="allocate" free="108328848" total="182910976" percent="59" />
      <mem type="survivor" free="0" total="85524480" percent="0" />
    </mem>
    <mem type="tenure" free="200807776" total="805306368" percent="24" macro-fragmented="0">
      <mem type="soa" free="192754016" total="797252608" percent="24" />
      <mem type="loa" free="8053760" total="8053760" percent="100" />
    </mem>
    <remembered-set count="102" />
  </mem-info>
</gc-end>
<cycle-end id="4067" type="scavenge" contextid="4061" timestamp="2022-02-08T16:16:18.356" />
<allocation-satisfied id="4068" threadId="0000000000016F00" bytesRequested="112" />
<af-end id="4069" timestamp="2022-02-08T16:16:18.356" threadId="0000000000017908" success="true" from="nursery"/>
<exclusive-end id="4070" timestamp="2022-02-08T16:16:18.356" durationms="82.231" />

<exclusive-start id="4071" timestamp="2022-02-08T16:16:19.280" intervalms="1005.991">
  <response-info timems="0.022" idlems="0.022" threads="0" lastid="0000000000016F00" lastname="main" />
</exclusive-start>
<af-start id="4072" threadId="0000000000017908" totalBytesRequested="104" timestamp="2022-02-08T16:16:19.280" intervalms="1006.038" type="nursery" />
<cycle-start id="4073" type="scavenge" contextid="0" timestamp="2022-02-08T16:16:19.281" intervalms="1006.314" />
<gc-start id="4074" type="scavenge" contextid="4073" timestamp="2022-02-08T16:16:19.281">
  <mem-info id="4075" free="200807776" total="1073741824" percent="18">
    <mem type="nursery" free="0" total="268435456" percent="0">
      <mem type="allocate" free="0" total="182910976" percent="0" />
      <mem type="survivor" free="0" total="85524480" percent="0" />
    </mem>
    <mem type="tenure" free="200807776" total="805306368" percent="24">
      <mem type="soa" free="192754016" total="797252608" percent="24" />
      <mem type="loa" free="8053760" total="8053760" percent="100" />
    </mem>
    <remembered-set count="133" />
  </mem-info>
</gc-start>
<allocation-stats totalBytes="108281096" >
  <allocated-bytes non-tlh="1661256" tlh="106619840" />
  <largest-consumer threadName="main" threadId="0000000000016F00" bytes="108281096" />
</allocation-stats>
<gc-op id="4076" type="scavenge" timems="80.935" contextid="4073" timestamp="2022-02-08T16:16:19.362">
  <scavenger-info tenureage="1" tenuremask="7ffe" tiltratio="68" />
  <memory-copied type="nursery" objects="1488575" bytes="76252888" bytesdiscarded="234752" />
  <memory-copied type="tenure" objects="1314366" bytes="74441336" bytesdiscarded="44952" />
  <finalization candidates="109" enqueued="53" />
  <references type="soft" candidates="14" cleared="0" enqueued="0" dynamicThreshold="11" maxThreshold="32" />
  <references type="weak" candidates="1" cleared="0" enqueued="0" />
  <references type="phantom" candidates="94" cleared="7" enqueued="7" />
  <object-monitors candidates="2" cleared="0"  />
</gc-op>
<gc-end id="4077" type="scavenge" contextid="4073" durationms="81.310" usertimems="315.852" systemtimems="0.108" stalltimems="4.014" timestamp="2022-02-08T16:16:19.362" activeThreads="4">
  <mem-info id="4078" free="232885856" total="1073741824" percent="21">
    <mem type="nursery" free="106619816" total="268435456" percent="39">
      <mem type="allocate" free="106619816" total="183107584" percent="58" />
      <mem type="survivor" free="0" total="85327872" percent="0" />
    </mem>
    <mem type="tenure" free="126266040" total="805306368" percent="15" macro-fragmented="50848738">
      <mem type="soa" free="118212280" total="797252608" percent="14" />
      <mem type="loa" free="8053760" total="8053760" percent="100" />
    </mem>
    <pending-finalizers system="52" default="1" reference="7" classloader="0" />
    <remembered-set count="129" />
  </mem-info>
</gc-end>
<cycle-end id="4079" type="scavenge" contextid="4073" timestamp="2022-02-08T16:16:19.362" />
<allocation-satisfied id="4080" threadId="0000000000016F00" bytesRequested="104" />
<af-end id="4081" timestamp="2022-02-08T16:16:19.362" threadId="0000000000017908" success="true" from="nursery"/>
<exclusive-end id="4082" timestamp="2022-02-08T16:16:19.362" durationms="81.941" />

<concurrent-kickoff id="4083" timestamp="2022-02-08T16:16:20.079">
  <kickoff reason="threshold reached" targetBytes="74440938" thresholdFreeBytes="5759209"  remainingFree="5628840" tenureFreeBytes="126266040" nurseryFreeBytes="5628840" />
</concurrent-kickoff>
<exclusive-start id="4084" timestamp="2022-02-08T16:16:20.082" intervalms="802.128">
  <response-info timems="0.089" idlems="0.089" threads="0" lastid="0000000000016F00" lastname="main" />
</exclusive-start>
<cycle-start id="4085" type="global" contextid="0" timestamp="2022-02-08T16:16:20.082" intervalms="3006.009" />
<concurrent-start id="4086" type="global mark" contextid="4085" timestamp="2022-02-08T16:16:20.082">
</concurrent-start>
<exclusive-end id="4087" timestamp="2022-02-08T16:16:20.082" durationms="0.108" />

<exclusive-start id="4088" timestamp="2022-02-08T16:16:20.213" intervalms="131.001">
  <response-info timems="0.038" idlems="0.038" threads="0" lastid="0000000000016F00" lastname="main" />
</exclusive-start>
<af-start id="4089" threadId="0000000000017908" totalBytesRequested="208" timestamp="2022-02-08T16:16:20.213" intervalms="933.081" type="nursery" />
<cycle-start id="4090" type="scavenge" contextid="0" timestamp="2022-02-08T16:16:20.213" intervalms="932.806" />
<gc-start id="4091" type="scavenge" contextid="4090" timestamp="2022-02-08T16:16:20.213">
  <mem-info id="4092" free="126266040" total="1073741824" percent="11">
    <mem type="nursery" free="0" total="268435456" percent="0">
      <mem type="allocate" free="0" total="183107584" percent="0" />
      <mem type="survivor" free="0" total="85327872" percent="0" />
    </mem>
    <mem type="tenure" free="126266040" total="805306368" percent="15">
      <mem type="soa" free="118212280" total="797252608" percent="14" />
      <mem type="loa" free="8053760" total="8053760" percent="100" />
    </mem>
    <remembered-set count="130" />
  </mem-info>
</gc-start>
<allocation-stats totalBytes="106570224" >
  <allocated-bytes non-tlh="1347784" tlh="105222440" />
  <largest-consumer threadName="main" threadId="0000000000016F00" bytes="106562032" />
</allocation-stats>
<gc-op id="4093" type="scavenge" timems="95.319" contextid="4090" timestamp="2022-02-08T16:16:20.309">
  <scavenger-info tenureage="1" tenuremask="7ffe" tiltratio="68" />
  <memory-copied type="nursery" objects="1333606" bytes="76265984" bytesdiscarded="134744" />
  <memory-copied type="tenure" objects="1487856" bytes="75309720" bytesdiscarded="37936" />
  <finalization candidates="57" enqueued="0" />
  <references type="phantom" candidates="1" cleared="0" enqueued="0" />
  <object-monitors candidates="2" cleared="0"  />
</gc-op>
<gc-end id="4094" type="scavenge" contextid="4090" durationms="95.777" usertimems="372.740" systemtimems="0.160" stalltimems="3.925" timestamp="2022-02-08T16:16:20.309" activeThreads="4">
  <mem-info id="4095" free="158291320" total="1073741824" percent="14">
    <mem type="nursery" free="107296680" total="268435456" percent="39">
      <mem type="allocate" free="107296680" total="183697408" percent="58" />
      <mem type="survivor" free="0" total="84738048" percent="0" />
    </mem>
    <mem type="tenure" free="50994640" total="805306368" percent="6" macro-fragmented="19260884">
      <mem type="soa" free="42940880" total="797252608" percent="5" />
      <mem type="loa" free="8053760" total="8053760" percent="100" />
    </mem>
    <remembered-set count="99" />
  </mem-info>
</gc-end>
<cycle-end id="4096" type="scavenge" contextid="4090" timestamp="2022-02-08T16:16:20.309" />
<allocation-satisfied id="4097" threadId="0000000000016F00" bytesRequested="208" />
<af-end id="4098" timestamp="2022-02-08T16:16:20.309" threadId="0000000000017908" success="true" from="nursery"/>
<exclusive-end id="4099" timestamp="2022-02-08T16:16:20.309" durationms="96.082" />

<concurrent-end id="4100" type="global mark" contextid="4085" timestamp="2022-02-08T16:16:20.445">
<gc-op id="4101" type="trace" timems="362.646" contextid="4085" timestamp="2022-02-08T16:16:20.445">
  <trace bytesTraced="74441140" workStackOverflowCount="0" />
  <card-cleaning reason="card cleaning threshold reached" bytesTraced="808" cardsCleaned="2" />
</gc-op>
</concurrent-end>

<exclusive-start id="4102" timestamp="2022-02-08T16:16:20.445" intervalms="231.787">
  <response-info timems="0.018" idlems="0.018" threads="0" lastid="0000000000016F00" lastname="main" />
</exclusive-start>
<concurrent-global-final id="4103" timestamp="2022-02-08T16:16:20.445" contextid="4085" intervalms="3017.748" >
  <concurrent-trace-info reason="card cleaning threshold reached" tracedByMutators="58879880" tracedByHelpers="15562068" cardsCleaned="2" workStackOverflowCount="0" />
</concurrent-global-final>
<gc-start id="4104" type="global" contextid="4085" timestamp="2022-02-08T16:16:20.445">
  <mem-info id="4105" free="150852776" total="1073741824" percent="14">
    <mem type="nursery" free="99858136" total="268435456" percent="37">
      <mem type="allocate" free="99858136" total="183697408" percent="54" />
      <mem type="survivor" free="0" total="84738048" percent="0" />
    </mem>
    <mem type="tenure" free="50994640" total="805306368" percent="6">
      <mem type="soa" free="42940880" total="797252608" percent="5" />
      <mem type="loa" free="8053760" total="8053760" percent="100" />
    </mem>
    <remembered-set count="99" />
  </mem-info>
</gc-start>
<allocation-stats totalBytes="7435088" >
  <allocated-bytes non-tlh="208" tlh="7434880" />
  <largest-consumer threadName="main" threadId="0000000000016F00" bytes="7435088" />
</allocation-stats>
<gc-op id="4106" type="rs-scan" timems="1.066" contextid="4085" timestamp="2022-02-08T16:16:20.446">
  <scan objectsFound="29" bytesTraced="5124" workStackOverflowCount="0" />
</gc-op>
<gc-op id="4107" type="card-cleaning" timems="154.624" contextid="4085" timestamp="2022-02-08T16:16:20.601">
  <card-cleaning cardsCleaned="9" bytesTraced="71012648" workStackOverflowCount="0" />
</gc-op>
<gc-op id="4108" type="mark" timems="52.410" contextid="4085" timestamp="2022-02-08T16:16:20.653">
  <trace-info objectcount="1829663" scancount="1373775" scanbytes="29374888" />
  <finalization candidates="428" enqueued="57" />
  <ownableSynchronizers candidates="1" cleared="0" />
  <references type="soft" candidates="894" cleared="0" enqueued="0" dynamicThreshold="11" maxThreshold="32" />
  <references type="weak" candidates="1701" cleared="0" enqueued="0" />
  <references type="phantom" candidates="52" cleared="2" enqueued="2" />
  <stringconstants candidates="6471" cleared="0"  />
  <object-monitors candidates="2" cleared="0"  />
</gc-op>
<gc-op id="4109" type="sweep" timems="5.031" contextid="4085" timestamp="2022-02-08T16:16:20.659" />
<gc-end id="4110" type="global" contextid="4085" durationms="213.511" usertimems="230.044" systemtimems="0.000" stalltimems="156.020" timestamp="2022-02-08T16:16:20.659" activeThreads="4">
  <mem-info id="4111" free="393999136" total="1073741824" percent="36">
    <mem type="nursery" free="100085680" total="268435456" percent="37">
      <mem type="allocate" free="100085680" total="183697408" percent="54" />
      <mem type="survivor" free="0" total="84738048" percent="0" />
    </mem>
    <mem type="tenure" free="293913456" total="805306368" percent="36" micro-fragmented="268572" macro-fragmented="0">
      <mem type="soa" free="285859696" total="797252608" percent="35" />
      <mem type="loa" free="8053760" total="8053760" percent="100" />
    </mem>
    <pending-finalizers system="57" default="0" reference="2" classloader="0" />
    <remembered-set count="99" />
  </mem-info>
</gc-end>
<cycle-end id="4112" type="global" contextid="4085" timestamp="2022-02-08T16:16:20.659" />
<exclusive-end id="4113" timestamp="2022-02-08T16:16:20.659" durationms="213.714" />

<exclusive-start id="4114" timestamp="2022-02-08T16:16:21.330" intervalms="884.481">
  <response-info timems="0.018" idlems="0.018" threads="0" lastid="0000000000016F00" lastname="main" />
</exclusive-start>
<af-start id="4115" threadId="0000000000017908" totalBytesRequested="24" timestamp="2022-02-08T16:16:21.330" intervalms="1116.267" type="nursery" />
<cycle-start id="4116" type="scavenge" contextid="0" timestamp="2022-02-08T16:16:21.330" intervalms="1116.266" />
<gc-start id="4117" type="scavenge" contextid="4116" timestamp="2022-02-08T16:16:21.330">
  <mem-info id="4118" free="293913456" total="1073741824" percent="27">
    <mem type="nursery" free="0" total="268435456" percent="0">
      <mem type="allocate" free="0" total="183697408" percent="0" />
      <mem type="survivor" free="0" total="84738048" percent="0" />
    </mem>
    <mem type="tenure" free="293913456" total="805306368" percent="36">
      <mem type="soa" free="285859696" total="797252608" percent="35" />
      <mem type="loa" free="8053760" total="8053760" percent="100" />
    </mem>
    <remembered-set count="102" />
  </mem-info>
</gc-start>
<allocation-stats totalBytes="100039768" >
  <allocated-bytes non-tlh="0" tlh="100039768" />
  <largest-consumer threadName="main" threadId="0000000000016F00" bytes="100035672" />
</allocation-stats>
<gc-op id="4119" type="scavenge" timems="77.437" contextid="4116" timestamp="2022-02-08T16:16:21.407">
  <scavenger-info tenureage="1" tenuremask="7ffe" tiltratio="68" />
  <memory-copied type="nursery" objects="1358535" bytes="76353712" bytesdiscarded="195656" />
  <memory-copied type="tenure" objects="1333605" bytes="76265872" bytesdiscarded="46704" />
  <finalization candidates="1" enqueued="0" />
  <ownableSynchronizers candidates="2" cleared="2" />
  <object-monitors candidates="2" cleared="0"  />
</gc-op>
<gc-end id="4120" type="scavenge" contextid="4116" durationms="77.825" usertimems="303.584" systemtimems="0.000" stalltimems="2.288" timestamp="2022-02-08T16:16:21.407" activeThreads="4">
  <mem-info id="4121" free="324915464" total="1073741824" percent="30">
    <mem type="nursery" free="107606792" total="268435456" percent="40">
      <mem type="allocate" free="107606792" total="184156160" percent="58" />
      <mem type="survivor" free="0" total="84279296" percent="0" />
    </mem>
    <mem type="tenure" free="217308672" total="805306368" percent="26" macro-fragmented="0">
      <mem type="soa" free="209254912" total="797252608" percent="26" />
      <mem type="loa" free="8053760" total="8053760" percent="100" />
    </mem>
    <remembered-set count="102" />
  </mem-info>
</gc-end>
<cycle-end id="4122" type="scavenge" contextid="4116" timestamp="2022-02-08T16:16:21.408" />
<allocation-satisfied id="4123" threadId="0000000000016F00" bytesRequested="24" />
<af-end id="4124" timestamp="2022-02-08T16:16:21.408" threadId="0000000000017908" success="true" from="nursery"/>
<exclusive-end id="4125" timestamp="2022-02-08T16:16:21.408" durationms="78.069" />

<exclusive-start id="4126" timestamp="2022-02-08T16:16:22.353" intervalms="1023.575">
  <response-info timems="0.055" idlems="0.055" threads="0" lastid="0000000000016F00" lastname="main" />
</exclusive-start>
<af-start id="4127" threadId="0000000000017908" totalBytesRequested="169712" timestamp="2022-02-08T16:16:22.353" intervalms="1023.575" type="nursery" />
<cycle-start id="4128" type="scavenge" contextid="0" timestamp="2022-02-08T16:16:22.353" intervalms="1023.575" />
<gc-start id="4129" type="scavenge" contextid="4128" timestamp="2022-02-08T16:16:22.353">
  <mem-info id="4130" free="217376584" total="1073741824" percent="20">
    <mem type="nursery" free="67912" total="268435456" percent="0">
      <mem type="allocate" free="67912" total="184156160" percent="0" />
      <mem type="survivor" free="0" total="84279296" percent="0" />
    </mem>
    <mem type="tenure" free="217308672" total="805306368" percent="26">
      <mem type="soa" free="209254912" total="797252608" percent="26" />
      <mem type="loa" free="8053760" total="8053760" percent="100" />
    </mem>
    <remembered-set count="133" />
  </mem-info>
</gc-start>
<allocation-stats totalBytes="107494864" >
  <allocated-bytes non-tlh="848728" tlh="106646136" />
  <largest-consumer threadName="main" threadId="0000000000016F00" bytes="107494864" />
</allocation-stats>
<gc-op id="4131" type="scavenge" timems="94.972" contextid="4128" timestamp="2022-02-08T16:16:22.448">
  <scavenger-info tenureage="1" tenuremask="7ffe" tiltratio="68" />
  <memory-copied type="nursery" objects="1482844" bytes="75612256" bytesdiscarded="44416" />
  <memory-copied type="tenure" objects="1358535" bytes="76353712" bytesdiscarded="39584" />
  <finalization candidates="108" enqueued="53" />
  <references type="soft" candidates="14" cleared="0" enqueued="0" dynamicThreshold="11" maxThreshold="32" />
  <references type="weak" candidates="1" cleared="0" enqueued="0" />
  <references type="phantom" candidates="93" cleared="7" enqueued="7" />
  <object-monitors candidates="2" cleared="0"  />
</gc-op>
<gc-end id="4132" type="scavenge" contextid="4128" durationms="95.565" usertimems="365.444" systemtimems="7.049" stalltimems="4.343" timestamp="2022-02-08T16:16:22.449" activeThreads="4">
  <mem-info id="4133" free="249806664" total="1073741824" percent="23">
    <mem type="nursery" free="108827040" total="268435456" percent="40">
      <mem type="allocate" free="108827040" total="184483840" percent="58" />
      <mem type="survivor" free="0" total="83951616" percent="0" />
    </mem>
    <mem type="tenure" free="140979624" total="805306368" percent="17" macro-fragmented="33282812">
      <mem type="soa" free="132925864" total="797252608" percent="16" />
      <mem type="loa" free="8053760" total="8053760" percent="100" />
    </mem>
    <pending-finalizers system="52" default="1" reference="7" classloader="0" />
    <remembered-set count="128" />
  </mem-info>
</gc-end>
<cycle-end id="4134" type="scavenge" contextid="4128" timestamp="2022-02-08T16:16:22.449" />
<allocation-satisfied id="4135" threadId="0000000000016F00" bytesRequested="169712" />
<af-end id="4136" timestamp="2022-02-08T16:16:22.449" threadId="0000000000017908" success="true" from="nursery"/>
<exclusive-end id="4137" timestamp="2022-02-08T16:16:22.449" durationms="95.934" />

<concurrent-kickoff id="4138" timestamp="2022-02-08T16:16:23.195">
  <kickoff reason="threshold reached" targetBytes="74441140" thresholdFreeBytes="5756639"  remainingFree="5671512" tenureFreeBytes="140979624" nurseryFreeBytes="5671512" />
</concurrent-kickoff>
<exclusive-start id="4139" timestamp="2022-02-08T16:16:23.203" intervalms="850.287">
  <response-info timems="0.024" idlems="0.024" threads="0" lastid="0000000000016F00" lastname="main" />
</exclusive-start>
<cycle-start id="4140" type="global" contextid="0" timestamp="2022-02-08T16:16:23.203" intervalms="3121.087" />
<concurrent-start id="4141" type="global mark" contextid="4140" timestamp="2022-02-08T16:16:23.203">
</concurrent-start>
<exclusive-end id="4142" timestamp="2022-02-08T16:16:23.203" durationms="0.040" />

<exclusive-start id="4143" timestamp="2022-02-08T16:16:23.284" intervalms="80.950">
  <response-info timems="0.041" idlems="0.041" threads="0" lastid="0000000000016F00" lastname="main" />
</exclusive-start>
<af-start id="4144" threadId="0000000000017908" totalBytesRequested="24" timestamp="2022-02-08T16:16:23.284" intervalms="931.238" type="nursery" />
<cycle-start id="4145" type="scavenge" contextid="0" timestamp="2022-02-08T16:16:23.284" intervalms="931.239" />
<gc-start id="4146" type="scavenge" contextid="4145" timestamp="2022-02-08T16:16:23.284">
  <mem-info id="4147" free="140979624" total="1073741824" percent="13">
    <mem type="nursery" free="0" total="268435456" percent="0">
      <mem type="allocate" free="0" total="184483840" percent="0" />
      <mem type="survivor" free="0" total="83951616" percent="0" />
    </mem>
    <mem type="tenure" free="140979624" total="805306368" percent="17">
      <mem type="soa" free="132925864" total="797252608" percent="16" />
      <mem type="loa" free="8053760" total="8053760" percent="100" />
    </mem>
    <remembered-set count="129" />
  </mem-info>
</gc-start>
<allocation-stats totalBytes="108772968" >
  <allocated-bytes non-tlh="1992520" tlh="106780448" />
  <largest-consumer threadName="main" threadId="0000000000016F00" bytes="108764776" />
</allocation-stats>
<gc-op id="4148" type="scavenge" timems="86.158" contextid="4145" timestamp="2022-02-08T16:16:23.371">
  <scavenger-info tenureage="1" tenuremask="7ffe" tiltratio="68" />
  <memory-copied type="nursery" objects="1356811" bytes="77403336" bytesdiscarded="171416" />
  <memory-copied type="tenure" objects="1482127" bytes="75144248" bytesdiscarded="38896" />
  <finalization candidates="57" enqueued="0" />
  <references type="phantom" candidates="2" cleared="0" enqueued="0" />
  <object-monitors candidates="2" cleared="0"  />
</gc-op>
<gc-end id="4149" type="scavenge" contextid="4145" durationms="86.516" usertimems="338.503" systemtimems="0.000" stalltimems="3.395" timestamp="2022-02-08T16:16:23.371" activeThreads="4">
  <mem-info id="4150" free="171356320" total="1073741824" percent="15">
    <mem type="nursery" free="105598368" total="268435456" percent="39">
      <mem type="allocate" free="105598368" total="183173120" percent="57" />
      <mem type="survivor" free="0" total="85262336" percent="0" />
    </mem>
    <mem type="tenure" free="65757952" total="805306368" percent="8" macro-fragmented="57512708">
      <mem type="soa" free="57704192" total="797252608" percent="7" />
      <mem type="loa" free="8053760" total="8053760" percent="100" />
    </mem>
    <remembered-set count="98" />
  </mem-info>
</gc-end>
<cycle-end id="4151" type="scavenge" contextid="4145" timestamp="2022-02-08T16:16:23.371" />
<allocation-satisfied id="4152" threadId="0000000000016F00" bytesRequested="24" />
<af-end id="4153" timestamp="2022-02-08T16:16:23.371" threadId="0000000000017908" success="true" from="nursery"/>
<exclusive-end id="4154" timestamp="2022-02-08T16:16:23.371" durationms="86.779" />

<concurrent-end id="4155" type="global mark" contextid="4140" timestamp="2022-02-08T16:16:23.585">
<gc-op id="4156" type="trace" timems="381.699" contextid="4140" timestamp="2022-02-08T16:16:23.585">
  <trace bytesTraced="74441348" workStackOverflowCount="0" />
  <card-cleaning reason="card cleaning threshold reached" bytesTraced="808" cardsCleaned="2" />
</gc-op>
</concurrent-end>

<exclusive-start id="4157" timestamp="2022-02-08T16:16:23.585" intervalms="300.836">
  <response-info timems="0.023" idlems="0.023" threads="0" lastid="0000000000016F00" lastname="main" />
</exclusive-start>
<concurrent-global-final id="4158" timestamp="2022-02-08T16:16:23.585" contextid="4140" intervalms="3140.124" >
  <concurrent-trace-info reason="card cleaning threshold reached" tracedByMutators="48445292" tracedByHelpers="25996864" cardsCleaned="2" workStackOverflowCount="0" />
</concurrent-global-final>
<gc-start id="4159" type="global" contextid="4140" timestamp="2022-02-08T16:16:23.585">
  <mem-info id="4160" free="157233288" total="1073741824" percent="14">
    <mem type="nursery" free="91475336" total="268435456" percent="34">
      <mem type="allocate" free="91475336" total="183173120" percent="49" />
      <mem type="survivor" free="0" total="85262336" percent="0" />
    </mem>
    <mem type="tenure" free="65757952" total="805306368" percent="8">
      <mem type="soa" free="57704192" total="797252608" percent="7" />
      <mem type="loa" free="8053760" total="8053760" percent="100" />
    </mem>
    <remembered-set count="98" />
  </mem-info>
</gc-start>
<allocation-stats totalBytes="14115920" >
  <allocated-bytes non-tlh="24" tlh="14115896" />
  <largest-consumer threadName="main" threadId="0000000000016F00" bytes="14115920" />
</allocation-stats>
<gc-op id="4161" type="rs-scan" timems="0.576" contextid="4140" timestamp="2022-02-08T16:16:23.586">
  <scan objectsFound="29" bytesTraced="5124" workStackOverflowCount="0" />
</gc-op>
<gc-op id="4162" type="card-cleaning" timems="157.080" contextid="4140" timestamp="2022-02-08T16:16:23.743">
  <card-cleaning cardsCleaned="9" bytesTraced="71012648" workStackOverflowCount="0" />
</gc-op>
<gc-op id="4163" type="mark" timems="56.437" contextid="4140" timestamp="2022-02-08T16:16:23.799">
  <trace-info objectcount="1673146" scancount="1256387" scanbytes="26870632" />
  <finalization candidates="428" enqueued="57" />
  <ownableSynchronizers candidates="1" cleared="0" />
  <references type="soft" candidates="894" cleared="0" enqueued="0" dynamicThreshold="11" maxThreshold="32" />
  <references type="weak" candidates="1701" cleared="0" enqueued="0" />
  <references type="phantom" candidates="52" cleared="2" enqueued="2" />
  <stringconstants candidates="6471" cleared="0"  />
  <object-monitors candidates="2" cleared="0"  />
</gc-op>
<gc-op id="4164" type="sweep" timems="4.888" contextid="4140" timestamp="2022-02-08T16:16:23.805" />
<gc-end id="4165" type="global" contextid="4140" durationms="219.386" usertimems="272.988" systemtimems="1.779" stalltimems="126.247" timestamp="2022-02-08T16:16:23.805" activeThreads="4">
  <mem-info id="4166" free="400495696" total="1073741824" percent="37">
    <mem type="nursery" free="91736504" total="268435456" percent="34">
      <mem type="allocate" free="91736504" total="183173120" percent="50" />
      <mem type="survivor" free="0" total="85262336" percent="0" />
    </mem>
    <mem type="tenure" free="308759192" total="805306368" percent="38" micro-fragmented="226471" macro-fragmented="0">
      <mem type="soa" free="300705432" total="797252608" percent="37" />
      <mem type="loa" free="8053760" total="8053760" percent="100" />
    </mem>
    <pending-finalizers system="57" default="0" reference="2" classloader="0" />
    <remembered-set count="98" />
  </mem-info>
</gc-end>
<cycle-end id="4167" type="global" contextid="4140" timestamp="2022-02-08T16:16:23.805" />
<exclusive-end id="4168" timestamp="2022-02-08T16:16:23.805" durationms="219.650" />

<exclusive-start id="4169" timestamp="2022-02-08T16:16:24.441" intervalms="856.122">
  <response-info timems="0.019" idlems="0.019" threads="0" lastid="0000000000016F00" lastname="main" />
</exclusive-start>
<af-start id="4170" threadId="0000000000017908" totalBytesRequested="16" timestamp="2022-02-08T16:16:24.441" intervalms="1156.963" type="nursery" />
<cycle-start id="4171" type="scavenge" contextid="0" timestamp="2022-02-08T16:16:24.441" intervalms="1156.963" />
<gc-start id="4172" type="scavenge" contextid="4171" timestamp="2022-02-08T16:16:24.442">
  <mem-info id="4173" free="308759192" total="1073741824" percent="28">
    <mem type="nursery" free="0" total="268435456" percent="0">
      <mem type="allocate" free="0" total="183173120" percent="0" />
      <mem type="survivor" free="0" total="85262336" percent="0" />
    </mem>
    <mem type="tenure" free="308759192" total="805306368" percent="38">
      <mem type="soa" free="300705432" total="797252608" percent="37" />
      <mem type="loa" free="8053760" total="8053760" percent="100" />
    </mem>
    <remembered-set count="101" />
  </mem-info>
</gc-start>
<allocation-stats totalBytes="91694128" >
  <allocated-bytes non-tlh="0" tlh="91694128" />
  <largest-consumer threadName="main" threadId="0000000000016F00" bytes="91690032" />
</allocation-stats>
<gc-op id="4174" type="scavenge" timems="77.908" contextid="4171" timestamp="2022-02-08T16:16:24.520">
  <scavenger-info tenureage="1" tenuremask="7ffe" tiltratio="68" />
  <memory-copied type="nursery" objects="1334811" bytes="75172448" bytesdiscarded="195552" />
  <memory-copied type="tenure" objects="1356811" bytes="77403336" bytesdiscarded="45528" />
  <finalization candidates="2" enqueued="0" />
  <ownableSynchronizers candidates="2" cleared="2" />
  <object-monitors candidates="2" cleared="0"  />
</gc-op>
<gc-end id="4175" type="scavenge" contextid="4171" durationms="78.355" usertimems="307.176" systemtimems="0.028" stalltimems="2.060" timestamp="2022-02-08T16:16:24.520" activeThreads="4">
  <mem-info id="4176" free="339278480" total="1073741824" percent="31">
    <mem type="nursery" free="108132800" total="268435456" percent="40">
      <mem type="allocate" free="108132800" total="183500800" percent="58" />
      <mem type="survivor" free="0" total="84934656" percent="0" />
    </mem>
    <mem type="tenure" free="231145680" total="805306368" percent="28" macro-fragmented="0">
      <mem type="soa" free="223091920" total="797252608" percent="27" />
      <mem type="loa" free="8053760" total="8053760" percent="100" />
    </mem>
    <remembered-set count="101" />
  </mem-info>
</gc-end>
<cycle-end id="4177" type="scavenge" contextid="4171" timestamp="2022-02-08T16:16:24.520" />
<allocation-satisfied id="4178" threadId="0000000000016F00" bytesRequested="16" />
<af-end id="4179" timestamp="2022-02-08T16:16:24.520" threadId="0000000000017908" success="true" from="nursery"/>
<exclusive-end id="4180" timestamp="2022-02-08T16:16:24.520" durationms="78.916" />

<exclusive-start id="4181" timestamp="2022-02-08T16:16:25.246" intervalms="804.717">
  <response-info timems="0.018" idlems="0.018" threads="0" lastid="0000000000016F00" lastname="main" />
</exclusive-start>
<af-start id="4182" threadId="0000000000017908" totalBytesRequested="184" timestamp="2022-02-08T16:16:25.246" intervalms="804.712" type="nursery" />
<cycle-start id="4183" type="scavenge" contextid="0" timestamp="2022-02-08T16:16:25.246" intervalms="804.711" />
<gc-start id="4184" type="scavenge" contextid="4183" timestamp="2022-02-08T16:16:25.246">
  <mem-info id="4185" free="231145680" total="1073741824" percent="21">
    <mem type="nursery" free="0" total="268435456" percent="0">
      <mem type="allocate" free="0" total="183500800" percent="0" />
      <mem type="survivor" free="0" total="84934656" percent="0" />
    </mem>
    <mem type="tenure" free="231145680" total="805306368" percent="28">
      <mem type="soa" free="223091920" total="797252608" percent="27" />
      <mem type="loa" free="8053760" total="8053760" percent="100" />
    </mem>
    <remembered-set count="115" />
  </mem-info>
</gc-start>
<allocation-stats totalBytes="108082064" >
  <allocated-bytes non-tlh="453720" tlh="107628344" />
  <largest-consumer threadName="main" threadId="0000000000016F00" bytes="108082064" />
</allocation-stats>
<gc-op id="4186" type="scavenge" timems="80.707" contextid="4183" timestamp="2022-02-08T16:16:25.327">
  <scavenger-info tenureage="1" tenuremask="7ffe" tiltratio="68" />
  <memory-copied type="nursery" objects="1360900" bytes="76962120" bytesdiscarded="124072" />
  <memory-copied type="tenure" objects="1334811" bytes="75172448" bytesdiscarded="42800" />
  <finalization candidates="30" enqueued="18" />
  <references type="phantom" candidates="30" cleared="0" enqueued="0" />
  <object-monitors candidates="2" cleared="0"  />
</gc-op>
<gc-end id="4187" type="scavenge" contextid="4183" durationms="81.068" usertimems="312.985" systemtimems="3.698" stalltimems="5.119" timestamp="2022-02-08T16:16:25.327" activeThreads="4">
  <mem-info id="4188" free="262321808" total="1073741824" percent="24">
    <mem type="nursery" free="106283536" total="268435456" percent="39">
      <mem type="allocate" free="106283536" total="183369728" percent="57" />
      <mem type="survivor" free="0" total="85065728" percent="0" />
    </mem>
    <mem type="tenure" free="156038272" total="805306368" percent="19" macro-fragmented="0">
      <mem type="soa" free="147984512" total="797252608" percent="18" />
      <mem type="loa" free="8053760" total="8053760" percent="100" />
    </mem>
    <pending-finalizers system="18" default="0" reference="0" classloader="0" />
    <remembered-set count="115" />
  </mem-info>
</gc-end>
<cycle-end id="4189" type="scavenge" contextid="4183" timestamp="2022-02-08T16:16:25.327" />
<allocation-satisfied id="4190" threadId="0000000000016F00" bytesRequested="184" />
<af-end id="4191" timestamp="2022-02-08T16:16:25.327" threadId="0000000000017908" success="true" from="nursery"/>
<exclusive-end id="4192" timestamp="2022-02-08T16:16:25.327" durationms="81.403" />

<concurrent-kickoff id="4193" timestamp="2022-02-08T16:16:26.188">
  <kickoff reason="threshold reached" targetBytes="74441340" thresholdFreeBytes="5751562"  remainingFree="5751312" tenureFreeBytes="156038272" nurseryFreeBytes="5751312" />
</concurrent-kickoff>
<exclusive-start id="4194" timestamp="2022-02-08T16:16:26.192" intervalms="945.519">
  <response-info timems="0.024" idlems="0.024" threads="0" lastid="0000000000016F00" lastname="main" />
</exclusive-start>
<cycle-start id="4195" type="global" contextid="0" timestamp="2022-02-08T16:16:26.192" intervalms="2988.135" />
<concurrent-start id="4196" type="global mark" contextid="4195" timestamp="2022-02-08T16:16:26.192">
</concurrent-start>
<exclusive-end id="4197" timestamp="2022-02-08T16:16:26.192" durationms="0.029" />

<exclusive-start id="4198" timestamp="2022-02-08T16:16:26.311" intervalms="119.201">
  <response-info timems="0.019" idlems="0.019" threads="0" lastid="0000000000016F00" lastname="main" />
</exclusive-start>
<af-start id="4199" threadId="0000000000017908" totalBytesRequested="192" timestamp="2022-02-08T16:16:26.311" intervalms="1064.728" type="nursery" />
<cycle-start id="4200" type="scavenge" contextid="0" timestamp="2022-02-08T16:16:26.311" intervalms="1064.728" />
<gc-start id="4201" type="scavenge" contextid="4200" timestamp="2022-02-08T16:16:26.311">
  <mem-info id="4202" free="156038272" total="1073741824" percent="14">
    <mem type="nursery" free="0" total="268435456" percent="0">
      <mem type="allocate" free="0" total="183369728" percent="0" />
      <mem type="survivor" free="0" total="85065728" percent="0" />
    </mem>
    <mem type="tenure" free="156038272" total="805306368" percent="19">
      <mem type="soa" free="147984512" total="797252608" percent="18" />
      <mem type="loa" free="8053760" total="8053760" percent="100" />
    </mem>
    <remembered-set count="132" />
  </mem-info>
</gc-start>
<allocation-stats totalBytes="106237632" >
  <allocated-bytes non-tlh="2387928" tlh="103849704" />
  <largest-consumer threadName="main" threadId="0000000000016F00" bytes="106233536" />
</allocation-stats>
<gc-op id="4203" type="scavenge" timems="88.230" contextid="4200" timestamp="2022-02-08T16:16:26.399">
  <scavenger-info tenureage="1" tenuremask="7ffe" tiltratio="68" />
  <memory-copied type="nursery" objects="1414451" bytes="75020328" bytesdiscarded="78792" />
  <memory-copied type="tenure" objects="1360601" bytes="76349376" bytesdiscarded="40656" />
  <finalization candidates="92" enqueued="35" />
  <references type="soft" candidates="14" cleared="0" enqueued="0" dynamicThreshold="12" maxThreshold="32" />
  <references type="weak" candidates="1" cleared="0" enqueued="0" />
  <references type="phantom" candidates="77" cleared="7" enqueued="7" />
  <object-monitors candidates="2" cleared="0"  />
</gc-op>
<gc-end id="4204" type="scavenge" contextid="4200" durationms="88.609" usertimems="341.355" systemtimems="4.377" stalltimems="4.859" timestamp="2022-02-08T16:16:26.399" activeThreads="4">
  <mem-info id="4205" free="188055544" total="1073741824" percent="17">
    <mem type="nursery" free="108663696" total="268435456" percent="40">
      <mem type="allocate" free="108663696" total="183762944" percent="59" />
      <mem type="survivor" free="0" total="84672512" percent="0" />
    </mem>
    <mem type="tenure" free="79391848" total="805306368" percent="9" macro-fragmented="0">
      <mem type="soa" free="71338088" total="797252608" percent="8" />
      <mem type="loa" free="8053760" total="8053760" percent="100" />
    </mem>
    <pending-finalizers system="34" default="1" reference="7" classloader="0" />
    <remembered-set count="118" />
  </mem-info>
</gc-end>
<cycle-end id="4206" type="scavenge" contextid="4200" timestamp="2022-02-08T16:16:26.400" />
<allocation-satisfied id="4207" threadId="0000000000016F00" bytesRequested="192" />
<af-end id="4208" timestamp="2022-02-08T16:16:26.400" threadId="0000000000017908" success="true" from="nursery"/>
<exclusive-end id="4209" timestamp="2022-02-08T16:16:26.400" durationms="89.380" />

<concurrent-end id="4210" type="global mark" contextid="4195" timestamp="2022-02-08T16:16:26.549">
<gc-op id="4211" type="trace" timems="357.147" contextid="4195" timestamp="2022-02-08T16:16:26.549">
  <trace bytesTraced="74441604" workStackOverflowCount="0" />
  <card-cleaning reason="card cleaning threshold reached" bytesTraced="808" cardsCleaned="2" />
</gc-op>
</concurrent-end>

<exclusive-start id="4212" timestamp="2022-02-08T16:16:26.549" intervalms="238.024">
  <response-info timems="0.023" idlems="0.023" threads="0" lastid="0000000000016F00" lastname="main" />
</exclusive-start>
<concurrent-global-final id="4213" timestamp="2022-02-08T16:16:26.549" contextid="4195" intervalms="2963.583" >
  <concurrent-trace-info reason="card cleaning threshold reached" tracedByMutators="58197764" tracedByHelpers="16244648" cardsCleaned="2" workStackOverflowCount="0" />
</concurrent-global-final>
<gc-start id="4214" type="global" contextid="4195" timestamp="2022-02-08T16:16:26.549">
  <mem-info id="4215" free="179560248" total="1073741824" percent="16">
    <mem type="nursery" free="100168400" total="268435456" percent="37">
      <mem type="allocate" free="100168400" total="183762944" percent="54" />
      <mem type="survivor" free="0" total="84672512" percent="0" />
    </mem>
    <mem type="tenure" free="79391848" total="805306368" percent="9">
      <mem type="soa" free="71338088" total="797252608" percent="8" />
      <mem type="loa" free="8053760" total="8053760" percent="100" />
    </mem>
    <remembered-set count="119" />
  </mem-info>
</gc-start>
<allocation-stats totalBytes="8491072" >
  <allocated-bytes non-tlh="192" tlh="8490880" />
  <largest-consumer threadName="main" threadId="0000000000016F00" bytes="8482880" />
</allocation-stats>
<gc-op id="4216" type="rs-scan" timems="137.135" contextid="4195" timestamp="2022-02-08T16:16:26.686">
  <scan objectsFound="3324743" bytesTraced="71015440" workStackOverflowCount="0" />
</gc-op>
<gc-op id="4217" type="card-cleaning" timems="0.581" contextid="4195" timestamp="2022-02-08T16:16:26.687">
  <card-cleaning cardsCleaned="4" bytesTraced="2068" workStackOverflowCount="0" />
</gc-op>
<gc-op id="4218" type="mark" timems="35.983" contextid="4195" timestamp="2022-02-08T16:16:26.723">
  <trace-info objectcount="1285689" scancount="965792" scanbytes="20671328" />
  <finalization candidates="428" enqueued="57" />
  <ownableSynchronizers candidates="1" cleared="0" />
  <references type="soft" candidates="894" cleared="0" enqueued="0" dynamicThreshold="12" maxThreshold="32" />
  <references type="weak" candidates="1701" cleared="0" enqueued="0" />
  <references type="phantom" candidates="52" cleared="2" enqueued="2" />
  <stringconstants candidates="6471" cleared="0"  />
  <object-monitors candidates="2" cleared="0"  />
</gc-op>
<gc-op id="4219" type="sweep" timems="6.317" contextid="4195" timestamp="2022-02-08T16:16:26.729" />
<gc-end id="4220" type="global" contextid="4195" durationms="180.213" usertimems="197.188" systemtimems="0.000" stalltimems="108.027" timestamp="2022-02-08T16:16:26.729" activeThreads="4">
  <mem-info id="4221" free="423112056" total="1073741824" percent="39">
    <mem type="nursery" free="100664160" total="268435456" percent="37">
      <mem type="allocate" free="100664160" total="183762944" percent="54" />
      <mem type="survivor" free="0" total="84672512" percent="0" />
    </mem>
    <mem type="tenure" free="322447896" total="805306368" percent="40" micro-fragmented="333108" macro-fragmented="0">
      <mem type="soa" free="314394136" total="797252608" percent="39" />
      <mem type="loa" free="8053760" total="8053760" percent="100" />
    </mem>
    <pending-finalizers system="57" default="0" reference="2" classloader="0" />
    <remembered-set count="106" />
  </mem-info>
</gc-end>
<cycle-end id="4222" type="global" contextid="4195" timestamp="2022-02-08T16:16:26.729" />
<exclusive-end id="4223" timestamp="2022-02-08T16:16:26.729" durationms="180.474" />

<exclusive-start id="4224" timestamp="2022-02-08T16:16:27.469" intervalms="920.345">
  <response-info timems="0.038" idlems="0.038" threads="0" lastid="0000000000016F00" lastname="main" />
</exclusive-start>
<af-start id="4225" threadId="0000000000017908" totalBytesRequested="24" timestamp="2022-02-08T16:16:27.469" intervalms="1158.363" type="nursery" />
<cycle-start id="4226" type="scavenge" contextid="0" timestamp="2022-02-08T16:16:27.469" intervalms="1158.365" />
<gc-start id="4227" type="scavenge" contextid="4226" timestamp="2022-02-08T16:16:27.469">
  <mem-info id="4228" free="322447896" total="1073741824" percent="30">
    <mem type="nursery" free="0" total="268435456" percent="0">
      <mem type="allocate" free="0" total="183762944" percent="0" />
      <mem type="survivor" free="0" total="84672512" percent="0" />
    </mem>
    <mem type="tenure" free="322447896" total="805306368" percent="40">
      <mem type="soa" free="314394136" total="797252608" percent="39" />
      <mem type="loa" free="8053760" total="8053760" percent="100" />
    </mem>
    <remembered-set count="107" />
  </mem-info>
</gc-start>
<allocation-stats totalBytes="100617640" >
  <allocated-bytes non-tlh="0" tlh="100617640" />
  <largest-consumer threadName="main" threadId="0000000000016F00" bytes="100613544" />
</allocation-stats>
<gc-op id="4229" type="scavenge" timems="89.684" contextid="4226" timestamp="2022-02-08T16:16:27.559">
  <scavenger-info tenureage="1" tenuremask="7ffe" tiltratio="68" />
  <memory-copied type="nursery" objects="1407331" bytes="77620728" bytesdiscarded="285192" />
  <memory-copied type="tenure" objects="1413969" bytes="74708480" bytesdiscarded="43360" />
  <finalization candidates="45" enqueued="0" />
  <ownableSynchronizers candidates="2" cleared="2" />
  <object-monitors candidates="2" cleared="0"  />
</gc-op>
<gc-end id="4230" type="scavenge" contextid="4226" durationms="89.960" usertimems="333.263" systemtimems="0.000" stalltimems="5.717" timestamp="2022-02-08T16:16:27.559" activeThreads="4">
  <mem-info id="4231" free="351879936" total="1073741824" percent="32">
    <mem type="nursery" free="104284160" total="268435456" percent="38">
      <mem type="allocate" free="104284160" total="182190080" percent="57" />
      <mem type="survivor" free="0" total="86245376" percent="0" />
    </mem>
    <mem type="tenure" free="247595776" total="805306368" percent="30" macro-fragmented="0">
      <mem type="soa" free="239542016" total="797252608" percent="30" />
      <mem type="loa" free="8053760" total="8053760" percent="100" />
    </mem>
    <remembered-set count="101" />
  </mem-info>
</gc-end>
<cycle-end id="4232" type="scavenge" contextid="4226" timestamp="2022-02-08T16:16:27.559" />
<allocation-satisfied id="4233" threadId="0000000000016F00" bytesRequested="24" />
<af-end id="4234" timestamp="2022-02-08T16:16:27.559" threadId="0000000000017908" success="true" from="nursery"/>
<exclusive-end id="4235" timestamp="2022-02-08T16:16:27.559" durationms="90.256" />

<exclusive-start id="4236" timestamp="2022-02-08T16:16:28.246" intervalms="777.099">
  <response-info timems="0.049" idlems="0.049" threads="0" lastid="0000000000016F00" lastname="main" />
</exclusive-start>
<af-start id="4237" threadId="0000000000017908" totalBytesRequested="104" timestamp="2022-02-08T16:16:28.246" intervalms="777.113" type="nursery" />
<cycle-start id="4238" type="scavenge" contextid="0" timestamp="2022-02-08T16:16:28.246" intervalms="777.160" />
<gc-start id="4239" type="scavenge" contextid="4238" timestamp="2022-02-08T16:16:28.246">
  <mem-info id="4240" free="247595776" total="1073741824" percent="23">
    <mem type="nursery" free="0" total="268435456" percent="0">
      <mem type="allocate" free="0" total="182190080" percent="0" />
      <mem type="survivor" free="0" total="86245376" percent="0" />
    </mem>
    <mem type="tenure" free="247595776" total="805306368" percent="30">
      <mem type="soa" free="239542016" total="797252608" percent="30" />
      <mem type="loa" free="8053760" total="8053760" percent="100" />
    </mem>
    <remembered-set count="101" />
  </mem-info>
</gc-start>
<allocation-stats totalBytes="104237112" >
  <allocated-bytes non-tlh="24" tlh="104237088" />
  <largest-consumer threadName="main" threadId="0000000000016F00" bytes="104237112" />
</allocation-stats>
<gc-op id="4241" type="scavenge" timems="96.820" contextid="4238" timestamp="2022-02-08T16:16:28.343">
  <scavenger-info tenureage="1" tenuremask="7ffe" tiltratio="67" />
  <memory-copied type="nursery" objects="1301051" bytes="74108264" bytesdiscarded="163136" />
  <memory-copied type="tenure" objects="1407331" bytes="77620728" bytesdiscarded="42744" />
  <object-monitors candidates="2" cleared="0"  />
</gc-op>
<gc-end id="4242" type="scavenge" contextid="4238" durationms="97.039" usertimems="381.531" systemtimems="0.000" stalltimems="4.533" timestamp="2022-02-08T16:16:28.343" activeThreads="4">
  <mem-info id="4243" free="278087072" total="1073741824" percent="25">
    <mem type="nursery" free="108377432" total="268435456" percent="40">
      <mem type="allocate" free="108377432" total="182648832" percent="59" />
      <mem type="survivor" free="0" total="85786624" percent="0" />
    </mem>
    <mem type="tenure" free="169709640" total="805306368" percent="21" macro-fragmented="0">
      <mem type="soa" free="161655880" total="797252608" percent="20" />
      <mem type="loa" free="8053760" total="8053760" percent="100" />
    </mem>
    <remembered-set count="100" />
  </mem-info>
</gc-end>
<cycle-end id="4244" type="scavenge" contextid="4238" timestamp="2022-02-08T16:16:28.344" />
<allocation-satisfied id="4245" threadId="0000000000016F00" bytesRequested="104" />
<af-end id="4246" timestamp="2022-02-08T16:16:28.344" threadId="0000000000017908" success="true" from="nursery"/>
<exclusive-end id="4247" timestamp="2022-02-08T16:16:28.344" durationms="97.438" />

<exclusive-start id="4248" timestamp="2022-02-08T16:16:29.321" intervalms="1075.056">
  <response-info timems="0.019" idlems="0.019" threads="0" lastid="0000000000016F00" lastname="main" />
</exclusive-start>
<af-start id="4249" threadId="0000000000017908" totalBytesRequested="64" timestamp="2022-02-08T16:16:29.321" intervalms="1075.042" type="nursery" />
<cycle-start id="4250" type="scavenge" contextid="0" timestamp="2022-02-08T16:16:29.321" intervalms="1074.993" />
<gc-start id="4251" type="scavenge" contextid="4250" timestamp="2022-02-08T16:16:29.321">
  <mem-info id="4252" free="169709640" total="1073741824" percent="15">
    <mem type="nursery" free="0" total="268435456" percent="0">
      <mem type="allocate" free="0" total="182648832" percent="0" />
      <mem type="survivor" free="0" total="85786624" percent="0" />
    </mem>
    <mem type="tenure" free="169709640" total="805306368" percent="21">
      <mem type="soa" free="161655880" total="797252608" percent="20" />
      <mem type="loa" free="8053760" total="8053760" percent="100" />
    </mem>
    <remembered-set count="130" />
  </mem-info>
</gc-start>
<allocation-stats totalBytes="108327616" >
  <allocated-bytes non-tlh="2938352" tlh="105389264" />
  <largest-consumer threadName="main" threadId="0000000000016F00" bytes="108327616" />
</allocation-stats>
<gc-op id="4253" type="scavenge" timems="100.401" contextid="4250" timestamp="2022-02-08T16:16:29.422">
  <scavenger-info tenureage="1" tenuremask="7ffe" tiltratio="68" />
  <memory-copied type="nursery" objects="1454356" bytes="76168072" bytesdiscarded="85352" />
  <memory-copied type="tenure" objects="1301051" bytes="74108264" bytesdiscarded="39312" />
  <finalization candidates="110" enqueued="53" />
  <references type="soft" candidates="14" cleared="0" enqueued="0" dynamicThreshold="12" maxThreshold="32" />
  <references type="weak" candidates="1" cleared="0" enqueued="0" />
  <references type="phantom" candidates="95" cleared="7" enqueued="7" />
  <object-monitors candidates="2" cleared="0"  />
</gc-op>
<gc-end id="4254" type="scavenge" contextid="4250" durationms="100.636" usertimems="383.061" systemtimems="3.930" stalltimems="13.927" timestamp="2022-02-08T16:16:29.422" activeThreads="4">
  <mem-info id="4255" free="202391976" total="1073741824" percent="18">
    <mem type="nursery" free="106657424" total="268435456" percent="39">
      <mem type="allocate" free="106657424" total="182910976" percent="58" />
      <mem type="survivor" free="0" total="85524480" percent="0" />
    </mem>
    <mem type="tenure" free="95734552" total="805306368" percent="11" macro-fragmented="0">
      <mem type="soa" free="87680792" total="797252608" percent="10" />
      <mem type="loa" free="8053760" total="8053760" percent="100" />
    </mem>
    <pending-finalizers system="52" default="1" reference="7" classloader="0" />
    <remembered-set count="126" />
  </mem-info>
</gc-end>
<cycle-end id="4256" type="scavenge" contextid="4250" timestamp="2022-02-08T16:16:29.422" />
<allocation-satisfied id="4257" threadId="0000000000016F00" bytesRequested="64" />
<af-end id="4258" timestamp="2022-02-08T16:16:29.422" threadId="0000000000017908" success="true" from="nursery"/>
<exclusive-end id="4259" timestamp="2022-02-08T16:16:29.422" durationms="100.899" />

<concurrent-kickoff id="4260" timestamp="2022-02-08T16:16:30.156">
  <kickoff reason="threshold reached" targetBytes="74441554" thresholdFreeBytes="5750699"  remainingFree="5731984" tenureFreeBytes="95734552" nurseryFreeBytes="5731984" />
</concurrent-kickoff>
<exclusive-start id="4261" timestamp="2022-02-08T16:16:30.162" intervalms="840.526">
  <response-info timems="0.031" idlems="0.031" threads="0" lastid="0000000000016F00" lastname="main" />
</exclusive-start>
<cycle-start id="4262" type="global" contextid="0" timestamp="2022-02-08T16:16:30.162" intervalms="3970.265" />
<concurrent-start id="4263" type="global mark" contextid="4262" timestamp="2022-02-08T16:16:30.162">
</concurrent-start>
<exclusive-end id="4264" timestamp="2022-02-08T16:16:30.162" durationms="0.051" />

<exclusive-start id="4265" timestamp="2022-02-08T16:16:30.316" intervalms="154.211">
  <response-info timems="0.087" idlems="0.087" threads="0" lastid="0000000000016F00" lastname="main" />
</exclusive-start>
<af-start id="4266" threadId="0000000000017908" totalBytesRequested="184" timestamp="2022-02-08T16:16:30.316" intervalms="994.752" type="nursery" />
<cycle-start id="4267" type="scavenge" contextid="0" timestamp="2022-02-08T16:16:30.316" intervalms="994.753" />
<gc-start id="4268" type="scavenge" contextid="4267" timestamp="2022-02-08T16:16:30.316">
  <mem-info id="4269" free="95734552" total="1073741824" percent="8">
    <mem type="nursery" free="0" total="268435456" percent="0">
      <mem type="allocate" free="0" total="182910976" percent="0" />
      <mem type="survivor" free="0" total="85524480" percent="0" />
    </mem>
    <mem type="tenure" free="95734552" total="805306368" percent="11">
      <mem type="soa" free="87680792" total="797252608" percent="10" />
      <mem type="loa" free="8053760" total="8053760" percent="100" />
    </mem>
    <remembered-set count="127" />
  </mem-info>
</gc-start>
<allocation-stats totalBytes="106608824" >
  <allocated-bytes non-tlh="64" tlh="106608760" />
  <largest-consumer threadName="main" threadId="0000000000016F00" bytes="106600632" />
</allocation-stats>
<gc-op id="4270" type="scavenge" timems="105.005" contextid="4267" timestamp="2022-02-08T16:16:30.421">
  <scavenger-info tenureage="1" tenuremask="7ffe" tiltratio="68" />
  <memory-copied type="nursery" objects="1375641" bytes="75951432" bytesdiscarded="184448" />
  <memory-copied type="tenure" objects="1453644" bytes="75700176" bytesdiscarded="38360" />
  <finalization candidates="57" enqueued="0" />
  <object-monitors candidates="2" cleared="0"  />
</gc-op>
<gc-end id="4271" type="scavenge" contextid="4267" durationms="105.141" usertimems="408.133" systemtimems="2.669" stalltimems="3.497" timestamp="2022-02-08T16:16:30.421" activeThreads="4">
  <mem-info id="4272" free="127498128" total="1073741824" percent="11">
    <mem type="nursery" free="107430456" total="268435456" percent="40">
      <mem type="allocate" free="107430456" total="183566336" percent="58" />
      <mem type="survivor" free="0" total="84869120" percent="0" />
    </mem>
    <mem type="tenure" free="20067672" total="805306368" percent="2" macro-fragmented="18886860">
      <mem type="soa" free="12013912" total="797252608" percent="1" />
      <mem type="loa" free="8053760" total="8053760" percent="100" />
    </mem>
    <remembered-set count="100" />
  </mem-info>
</gc-end>
<cycle-end id="4273" type="scavenge" contextid="4267" timestamp="2022-02-08T16:16:30.421" />
<allocation-satisfied id="4274" threadId="0000000000016F00" bytesRequested="184" />
<af-end id="4275" timestamp="2022-02-08T16:16:30.422" threadId="0000000000017908" success="true" from="nursery"/>
<exclusive-end id="4276" timestamp="2022-02-08T16:16:30.422" durationms="105.694" />

<concurrent-end id="4277" type="global mark" contextid="4262" timestamp="2022-02-08T16:16:30.558">
<gc-op id="4278" type="trace" timems="396.461" contextid="4262" timestamp="2022-02-08T16:16:30.558">
  <trace bytesTraced="74441700" workStackOverflowCount="0" />
  <card-cleaning reason="card cleaning threshold reached" bytesTraced="808" cardsCleaned="2" />
</gc-op>
</concurrent-end>

<exclusive-start id="4279" timestamp="2022-02-08T16:16:30.558" intervalms="242.352">
  <response-info timems="0.017" idlems="0.017" threads="0" lastid="0000000000016F00" lastname="main" />
</exclusive-start>
<concurrent-global-final id="4280" timestamp="2022-02-08T16:16:30.558" contextid="4262" intervalms="4009.587" >
  <concurrent-trace-info reason="card cleaning threshold reached" tracedByMutators="56930632" tracedByHelpers="17511876" cardsCleaned="2" workStackOverflowCount="0" />
</concurrent-global-final>
<gc-start id="4281" type="global" contextid="4262" timestamp="2022-02-08T16:16:30.558">
  <mem-info id="4282" free="120321752" total="1073741824" percent="11">
    <mem type="nursery" free="100254080" total="268435456" percent="37">
      <mem type="allocate" free="100254080" total="183566336" percent="54" />
      <mem type="survivor" free="0" total="84869120" percent="0" />
    </mem>
    <mem type="tenure" free="20067672" total="805306368" percent="2">
      <mem type="soa" free="12013912" total="797252608" percent="1" />
      <mem type="loa" free="8053760" total="8053760" percent="100" />
    </mem>
    <remembered-set count="100" />
  </mem-info>
</gc-start>
<allocation-stats totalBytes="7172968" >
  <allocated-bytes non-tlh="184" tlh="7172784" />
  <largest-consumer threadName="main" threadId="0000000000016F00" bytes="7172968" />
</allocation-stats>
<gc-op id="4283" type="rs-scan" timems="1.072" contextid="4262" timestamp="2022-02-08T16:16:30.560">
  <scan objectsFound="0" bytesTraced="3692" workStackOverflowCount="0" />
</gc-op>
<gc-op id="4284" type="card-cleaning" timems="156.528" contextid="4262" timestamp="2022-02-08T16:16:30.716">
  <card-cleaning cardsCleaned="10" bytesTraced="71014472" workStackOverflowCount="0" />
</gc-op>
<gc-op id="4285" type="mark" timems="77.457" contextid="4262" timestamp="2022-02-08T16:16:30.794">
  <trace-info objectcount="2378626" scancount="1785497" scanbytes="38158312" />
  <finalization candidates="428" enqueued="57" />
  <ownableSynchronizers candidates="1" cleared="0" />
  <references type="soft" candidates="894" cleared="0" enqueued="0" dynamicThreshold="12" maxThreshold="32" />
  <references type="weak" candidates="1701" cleared="0" enqueued="0" />
  <references type="phantom" candidates="52" cleared="2" enqueued="2" />
  <stringconstants candidates="6471" cleared="0"  />
  <object-monitors candidates="2" cleared="0"  />
</gc-op>
<gc-op id="4286" type="sweep" timems="6.573" contextid="4262" timestamp="2022-02-08T16:16:30.800" />
<gc-end id="4287" type="global" contextid="4262" durationms="241.871" usertimems="295.343" systemtimems="5.434" stalltimems="183.186" timestamp="2022-02-08T16:16:30.800" activeThreads="4">
  <mem-info id="4288" free="363408472" total="1073741824" percent="33">
    <mem type="nursery" free="100533296" total="268435456" percent="37">
      <mem type="allocate" free="100533296" total="183566336" percent="54" />
      <mem type="survivor" free="0" total="84869120" percent="0" />
    </mem>
    <mem type="tenure" free="262875176" total="805306368" percent="32" micro-fragmented="261056" macro-fragmented="0">
      <mem type="soa" free="254821416" total="797252608" percent="31" />
      <mem type="loa" free="8053760" total="8053760" percent="100" />
    </mem>
    <pending-finalizers system="57" default="0" reference="2" classloader="0" />
    <remembered-set count="100" />
  </mem-info>
</gc-end>
<cycle-end id="4289" type="global" contextid="4262" timestamp="2022-02-08T16:16:30.800" />
<exclusive-end id="4290" timestamp="2022-02-08T16:16:30.800" durationms="242.098" />

<exclusive-start id="4291" timestamp="2022-02-08T16:16:31.434" intervalms="875.202">
  <response-info timems="0.022" idlems="0.022" threads="0" lastid="0000000000016F00" lastname="main" />
</exclusive-start>
<af-start id="4292" threadId="0000000000017908" totalBytesRequested="16" timestamp="2022-02-08T16:16:31.434" intervalms="1117.538" type="nursery" />
<cycle-start id="4293" type="scavenge" contextid="0" timestamp="2022-02-08T16:16:31.434" intervalms="1117.547" />
<gc-start id="4294" type="scavenge" contextid="4293" timestamp="2022-02-08T16:16:31.434">
  <mem-info id="4295" free="262875176" total="1073741824" percent="24">
    <mem type="nursery" free="0" total="268435456" percent="0">
      <mem type="allocate" free="0" total="183566336" percent="0" />
      <mem type="survivor" free="0" total="84869120" percent="0" />
    </mem>
    <mem type="tenure" free="262875176" total="805306368" percent="32">
      <mem type="soa" free="254821416" total="797252608" percent="31" />
      <mem type="loa" free="8053760" total="8053760" percent="100" />
    </mem>
    <remembered-set count="103" />
  </mem-info>
</gc-start>
<allocation-stats totalBytes="100489976" >
  <allocated-bytes non-tlh="0" tlh="100489976" />
  <largest-consumer threadName="main" threadId="0000000000016F00" bytes="100485880" />
</allocation-stats>
<gc-op id="4296" type="scavenge" timems="78.856" contextid="4293" timestamp="2022-02-08T16:16:31.513">
  <scavenger-info tenureage="1" tenuremask="7ffe" tiltratio="68" />
  <memory-copied type="nursery" objects="1349433" bytes="76443728" bytesdiscarded="202672" />
  <memory-copied type="tenure" objects="1375640" bytes="75951328" bytesdiscarded="45152" />
  <ownableSynchronizers candidates="2" cleared="2" />
  <object-monitors candidates="2" cleared="0"  />
</gc-op>
<gc-end id="4297" type="scavenge" contextid="4293" durationms="79.082" usertimems="308.490" systemtimems="0.241" stalltimems="2.405" timestamp="2022-02-08T16:16:31.513" activeThreads="4">
  <mem-info id="4298" free="293905648" total="1073741824" percent="27">
    <mem type="nursery" free="107247616" total="268435456" percent="39">
      <mem type="allocate" free="107247616" total="183894016" percent="58" />
      <mem type="survivor" free="0" total="84541440" percent="0" />
    </mem>
    <mem type="tenure" free="186658032" total="805306368" percent="23" macro-fragmented="0">
      <mem type="soa" free="178604272" total="797252608" percent="22" />
      <mem type="loa" free="8053760" total="8053760" percent="100" />
    </mem>
    <remembered-set count="102" />
  </mem-info>
</gc-end>
<cycle-end id="4299" type="scavenge" contextid="4293" timestamp="2022-02-08T16:16:31.513" />
<allocation-satisfied id="4300" threadId="0000000000016F00" bytesRequested="16" />
<af-end id="4301" timestamp="2022-02-08T16:16:31.513" threadId="0000000000017908" success="true" from="nursery"/>
<exclusive-end id="4302" timestamp="2022-02-08T16:16:31.513" durationms="79.385" />

<exclusive-start id="4303" timestamp="2022-02-08T16:16:32.442" intervalms="1008.279">
  <response-info timems="0.020" idlems="0.020" threads="0" lastid="0000000000016F00" lastname="main" />
</exclusive-start>
<af-start id="4304" threadId="0000000000017908" totalBytesRequested="200" timestamp="2022-02-08T16:16:32.442" intervalms="1008.279" type="nursery" />
<cycle-start id="4305" type="scavenge" contextid="0" timestamp="2022-02-08T16:16:32.442" intervalms="1008.268" />
<gc-start id="4306" type="scavenge" contextid="4305" timestamp="2022-02-08T16:16:32.442">
  <mem-info id="4307" free="186658032" total="1073741824" percent="17">
    <mem type="nursery" free="0" total="268435456" percent="0">
      <mem type="allocate" free="0" total="183894016" percent="0" />
      <mem type="survivor" free="0" total="84541440" percent="0" />
    </mem>
    <mem type="tenure" free="186658032" total="805306368" percent="23">
      <mem type="soa" free="178604272" total="797252608" percent="22" />
      <mem type="loa" free="8053760" total="8053760" percent="100" />
    </mem>
    <remembered-set count="133" />
  </mem-info>
</gc-start>
<allocation-stats totalBytes="107201160" >
  <allocated-bytes non-tlh="1661160" tlh="105540000" />
  <largest-consumer threadName="main" threadId="0000000000016F00" bytes="107201160" />
</allocation-stats>
<gc-op id="4308" type="scavenge" timems="88.410" contextid="4305" timestamp="2022-02-08T16:16:32.530">
  <scavenger-info tenureage="1" tenuremask="7ffe" tiltratio="68" />
  <memory-copied type="nursery" objects="1446197" bytes="75424184" bytesdiscarded="81968" />
  <memory-copied type="tenure" objects="1349433" bytes="76443728" bytesdiscarded="41720" />
  <finalization candidates="109" enqueued="53" />
  <references type="soft" candidates="14" cleared="0" enqueued="0" dynamicThreshold="10" maxThreshold="32" />
  <references type="weak" candidates="1" cleared="0" enqueued="0" />
  <references type="phantom" candidates="94" cleared="7" enqueued="7" />
  <object-monitors candidates="2" cleared="0"  />
</gc-op>
<gc-end id="4309" type="scavenge" contextid="4305" durationms="88.590" usertimems="348.777" systemtimems="0.000" stalltimems="3.587" timestamp="2022-02-08T16:16:32.531" activeThreads="4">
  <mem-info id="4310" free="219009248" total="1073741824" percent="20">
    <mem type="nursery" free="108780952" total="268435456" percent="40">
      <mem type="allocate" free="108780952" total="184287232" percent="59" />
      <mem type="survivor" free="0" total="84148224" percent="0" />
    </mem>
    <mem type="tenure" free="110228296" total="805306368" percent="13" macro-fragmented="0">
      <mem type="soa" free="102174536" total="797252608" percent="12" />
      <mem type="loa" free="8053760" total="8053760" percent="100" />
    </mem>
    <pending-finalizers system="52" default="1" reference="7" classloader="0" />
    <remembered-set count="128" />
  </mem-info>
</gc-end>
<cycle-end id="4311" type="scavenge" contextid="4305" timestamp="2022-02-08T16:16:32.531" />
<allocation-satisfied id="4312" threadId="0000000000016F00" bytesRequested="200" />
<af-end id="4313" timestamp="2022-02-08T16:16:32.531" threadId="0000000000017908" success="true" from="nursery"/>
<exclusive-end id="4314" timestamp="2022-02-08T16:16:32.531" durationms="88.843" />

<concurrent-kickoff id="4315" timestamp="2022-02-08T16:16:33.260">
  <kickoff reason="threshold reached" targetBytes="74441748" thresholdFreeBytes="5753452"  remainingFree="5745776" tenureFreeBytes="110228296" nurseryFreeBytes="5745776" />
</concurrent-kickoff>
<exclusive-start id="4316" timestamp="2022-02-08T16:16:33.264" intervalms="821.800">
  <response-info timems="0.020" idlems="0.020" threads="0" lastid="0000000000016F00" lastname="main" />
</exclusive-start>
<cycle-start id="4317" type="global" contextid="0" timestamp="2022-02-08T16:16:33.264" intervalms="3101.833" />
<concurrent-start id="4318" type="global mark" contextid="4317" timestamp="2022-02-08T16:16:33.264">
</concurrent-start>
<exclusive-end id="4319" timestamp="2022-02-08T16:16:33.264" durationms="0.032" />

<exclusive-start id="4320" timestamp="2022-02-08T16:16:33.402" intervalms="138.573">
  <response-info timems="0.021" idlems="0.021" threads="0" lastid="0000000000016F00" lastname="main" />
</exclusive-start>
<af-start id="4321" threadId="0000000000017908" totalBytesRequested="104" timestamp="2022-02-08T16:16:33.402" intervalms="960.374" type="nursery" />
<cycle-start id="4322" type="scavenge" contextid="0" timestamp="2022-02-08T16:16:33.402" intervalms="960.375" />
<gc-start id="4323" type="scavenge" contextid="4322" timestamp="2022-02-08T16:16:33.402">
  <mem-info id="4324" free="110228296" total="1073741824" percent="10">
    <mem type="nursery" free="0" total="268435456" percent="0">
      <mem type="allocate" free="0" total="184287232" percent="0" />
      <mem type="survivor" free="0" total="84148224" percent="0" />
    </mem>
    <mem type="tenure" free="110228296" total="805306368" percent="13">
      <mem type="soa" free="102174536" total="797252608" percent="12" />
      <mem type="loa" free="8053760" total="8053760" percent="100" />
    </mem>
    <remembered-set count="129" />
  </mem-info>
</gc-start>
<allocation-stats totalBytes="108729624" >
  <allocated-bytes non-tlh="1347880" tlh="107381744" />
  <largest-consumer threadName="main" threadId="0000000000016F00" bytes="108721432" />
</allocation-stats>
<gc-op id="4325" type="scavenge" timems="86.805" contextid="4322" timestamp="2022-02-08T16:16:33.489">
  <scavenger-info tenureage="1" tenuremask="7ffe" tiltratio="68" />
  <memory-copied type="nursery" objects="1383277" bytes="77842304" bytesdiscarded="171744" />
  <memory-copied type="tenure" objects="1445477" bytes="74480904" bytesdiscarded="39296" />
  <finalization candidates="57" enqueued="0" />
  <references type="phantom" candidates="1" cleared="0" enqueued="0" />
  <object-monitors candidates="2" cleared="0"  />
</gc-op>
<gc-end id="4326" type="scavenge" contextid="4322" durationms="87.060" usertimems="339.235" systemtimems="1.307" stalltimems="3.645" timestamp="2022-02-08T16:16:33.489" activeThreads="4">
  <mem-info id="4327" free="139964016" total="1073741824" percent="13">
    <mem type="nursery" free="104241568" total="268435456" percent="38">
      <mem type="allocate" free="104241568" total="182255616" percent="57" />
      <mem type="survivor" free="0" total="86179840" percent="0" />
    </mem>
    <mem type="tenure" free="35722448" total="805306368" percent="4" macro-fragmented="0">
      <mem type="soa" free="27668688" total="797252608" percent="3" />
      <mem type="loa" free="8053760" total="8053760" percent="100" />
    </mem>
    <remembered-set count="99" />
  </mem-info>
</gc-end>
<cycle-end id="4328" type="scavenge" contextid="4322" timestamp="2022-02-08T16:16:33.490" />
<allocation-satisfied id="4329" threadId="0000000000016F00" bytesRequested="104" />
<af-end id="4330" timestamp="2022-02-08T16:16:33.490" threadId="0000000000017908" success="true" from="nursery"/>
<exclusive-end id="4331" timestamp="2022-02-08T16:16:33.490" durationms="87.578" />

<concurrent-end id="4332" type="global mark" contextid="4317" timestamp="2022-02-08T16:16:33.630">
<gc-op id="4333" type="trace" timems="366.271" contextid="4317" timestamp="2022-02-08T16:16:33.630">
  <trace bytesTraced="74441972" workStackOverflowCount="0" />
  <card-cleaning reason="card cleaning threshold reached" bytesTraced="808" cardsCleaned="2" />
</gc-op>
</concurrent-end>

<exclusive-start id="4334" timestamp="2022-02-08T16:16:33.630" intervalms="227.772">
  <response-info timems="0.018" idlems="0.018" threads="0" lastid="0000000000016F00" lastname="main" />
</exclusive-start>
<concurrent-global-final id="4335" timestamp="2022-02-08T16:16:33.630" contextid="4317" intervalms="3071.625" >
  <concurrent-trace-info reason="card cleaning threshold reached" tracedByMutators="55055168" tracedByHelpers="19387612" cardsCleaned="2" workStackOverflowCount="0" />
</concurrent-global-final>
<gc-start id="4336" type="global" contextid="4317" timestamp="2022-02-08T16:16:33.630">
  <mem-info id="4337" free="131477000" total="1073741824" percent="12">
    <mem type="nursery" free="95754552" total="268435456" percent="35">
      <mem type="allocate" free="95754552" total="182255616" percent="52" />
      <mem type="survivor" free="0" total="86179840" percent="0" />
    </mem>
    <mem type="tenure" free="35722448" total="805306368" percent="4">
      <mem type="soa" free="27668688" total="797252608" percent="3" />
      <mem type="loa" free="8053760" total="8053760" percent="100" />
    </mem>
    <remembered-set count="99" />
  </mem-info>
</gc-start>
<allocation-stats totalBytes="8483056" >
  <allocated-bytes non-tlh="104" tlh="8482952" />
  <largest-consumer threadName="main" threadId="0000000000016F00" bytes="8483056" />
</allocation-stats>
<gc-op id="4338" type="rs-scan" timems="1.061" contextid="4317" timestamp="2022-02-08T16:16:33.631">
  <scan objectsFound="29" bytesTraced="5124" workStackOverflowCount="0" />
</gc-op>
<gc-op id="4339" type="card-cleaning" timems="158.575" contextid="4317" timestamp="2022-02-08T16:16:33.790">
  <card-cleaning cardsCleaned="9" bytesTraced="71012648" workStackOverflowCount="0" />
</gc-op>
<gc-op id="4340" type="mark" timems="65.570" contextid="4317" timestamp="2022-02-08T16:16:33.855">
  <trace-info objectcount="2142558" scancount="1608446" scanbytes="34381224" />
  <finalization candidates="428" enqueued="57" />
  <ownableSynchronizers candidates="1" cleared="0" />
  <references type="soft" candidates="894" cleared="0" enqueued="0" dynamicThreshold="10" maxThreshold="32" />
  <references type="weak" candidates="1701" cleared="0" enqueued="0" />
  <references type="phantom" candidates="52" cleared="2" enqueued="2" />
  <stringconstants candidates="6471" cleared="0"  />
  <object-monitors candidates="2" cleared="0"  />
</gc-op>
<gc-op id="4341" type="sweep" timems="6.882" contextid="4317" timestamp="2022-02-08T16:16:33.862" />
<gc-end id="4342" type="global" contextid="4317" durationms="232.312" usertimems="247.506" systemtimems="0.000" stalltimems="196.062" timestamp="2022-02-08T16:16:33.862" activeThreads="4">
  <mem-info id="4343" free="374630160" total="1073741824" percent="34">
    <mem type="nursery" free="96014560" total="268435456" percent="35">
      <mem type="allocate" free="96014560" total="182255616" percent="52" />
      <mem type="survivor" free="0" total="86179840" percent="0" />
    </mem>
    <mem type="tenure" free="278615600" total="805306368" percent="34" micro-fragmented="286323" macro-fragmented="0">
      <mem type="soa" free="270561840" total="797252608" percent="33" />
      <mem type="loa" free="8053760" total="8053760" percent="100" />
    </mem>
    <pending-finalizers system="57" default="0" reference="2" classloader="0" />
    <remembered-set count="99" />
  </mem-info>
</gc-end>
<cycle-end id="4344" type="global" contextid="4317" timestamp="2022-02-08T16:16:33.863" />
<exclusive-end id="4345" timestamp="2022-02-08T16:16:33.863" durationms="232.539" />

<exclusive-start id="4346" timestamp="2022-02-08T16:16:34.487" intervalms="857.339">
  <response-info timems="0.020" idlems="0.020" threads="0" lastid="0000000000016F00" lastname="main" />
</exclusive-start>
<af-start id="4347" threadId="0000000000017908" totalBytesRequested="208" timestamp="2022-02-08T16:16:34.487" intervalms="1085.110" type="nursery" />
<cycle-start id="4348" type="scavenge" contextid="0" timestamp="2022-02-08T16:16:34.487" intervalms="1085.111" />
<gc-start id="4349" type="scavenge" contextid="4348" timestamp="2022-02-08T16:16:34.487">
  <mem-info id="4350" free="278615600" total="1073741824" percent="25">
    <mem type="nursery" free="0" total="268435456" percent="0">
      <mem type="allocate" free="0" total="182255616" percent="0" />
      <mem type="survivor" free="0" total="86179840" percent="0" />
    </mem>
    <mem type="tenure" free="278615600" total="805306368" percent="34">
      <mem type="soa" free="270561840" total="797252608" percent="33" />
      <mem type="loa" free="8053760" total="8053760" percent="100" />
    </mem>
    <remembered-set count="102" />
  </mem-info>
</gc-start>
<allocation-stats totalBytes="95970824" >
  <allocated-bytes non-tlh="0" tlh="95970824" />
  <largest-consumer threadName="main" threadId="0000000000016F00" bytes="95966728" />
</allocation-stats>
<gc-op id="4351" type="scavenge" timems="90.968" contextid="4348" timestamp="2022-02-08T16:16:34.578">
  <scavenger-info tenureage="1" tenuremask="7ffe" tiltratio="67" />
  <memory-copied type="nursery" objects="1309975" bytes="74174992" bytesdiscarded="241264" />
  <memory-copied type="tenure" objects="1383277" bytes="77842304" bytesdiscarded="44552" />
  <finalization candidates="1" enqueued="0" />
  <ownableSynchronizers candidates="2" cleared="2" />
  <object-monitors candidates="2" cleared="0"  />
</gc-op>
<gc-end id="4352" type="scavenge" contextid="4348" durationms="91.135" usertimems="353.713" systemtimems="0.000" stalltimems="4.433" timestamp="2022-02-08T16:16:34.579" activeThreads="4">
  <mem-info id="4353" free="308690416" total="1073741824" percent="28">
    <mem type="nursery" free="108232576" total="268435456" percent="40">
      <mem type="allocate" free="108232576" total="182648832" percent="59" />
      <mem type="survivor" free="0" total="85786624" percent="0" />
    </mem>
    <mem type="tenure" free="200457840" total="805306368" percent="24" macro-fragmented="0">
      <mem type="soa" free="192404080" total="797252608" percent="24" />
      <mem type="loa" free="8053760" total="8053760" percent="100" />
    </mem>
    <remembered-set count="102" />
  </mem-info>
</gc-end>
<cycle-end id="4354" type="scavenge" contextid="4348" timestamp="2022-02-08T16:16:34.579" />
<allocation-satisfied id="4355" threadId="0000000000016F00" bytesRequested="208" />
<af-end id="4356" timestamp="2022-02-08T16:16:34.579" threadId="0000000000017908" success="true" from="nursery"/>
<exclusive-end id="4357" timestamp="2022-02-08T16:16:34.579" durationms="91.394" />

<exclusive-start id="4358" timestamp="2022-02-08T16:16:35.506" intervalms="1019.141">
  <response-info timems="0.026" idlems="0.026" threads="0" lastid="0000000000016F00" lastname="main" />
</exclusive-start>
<af-start id="4359" threadId="0000000000017908" totalBytesRequested="128" timestamp="2022-02-08T16:16:35.507" intervalms="1019.143" type="nursery" />
<cycle-start id="4360" type="scavenge" contextid="0" timestamp="2022-02-08T16:16:35.507" intervalms="1019.143" />
<gc-start id="4361" type="scavenge" contextid="4360" timestamp="2022-02-08T16:16:35.507">
  <mem-info id="4362" free="200457840" total="1073741824" percent="18">
    <mem type="nursery" free="0" total="268435456" percent="0">
      <mem type="allocate" free="0" total="182648832" percent="0" />
      <mem type="survivor" free="0" total="85786624" percent="0" />
    </mem>
    <mem type="tenure" free="200457840" total="805306368" percent="24">
      <mem type="soa" free="192404080" total="797252608" percent="24" />
      <mem type="loa" free="8053760" total="8053760" percent="100" />
    </mem>
    <remembered-set count="133" />
  </mem-info>
</gc-start>
<allocation-stats totalBytes="108187408" >
  <allocated-bytes non-tlh="1493976" tlh="106693432" />
  <largest-consumer threadName="main" threadId="0000000000016F00" bytes="108187408" />
</allocation-stats>
<gc-op id="4363" type="scavenge" timems="100.630" contextid="4360" timestamp="2022-02-08T16:16:35.607">
  <scavenger-info tenureage="1" tenuremask="7ffe" tiltratio="68" />
  <memory-copied type="nursery" objects="1487691" bytes="76187152" bytesdiscarded="162280" />
  <memory-copied type="tenure" objects="1309974" bytes="74174880" bytesdiscarded="39608" />
  <finalization candidates="109" enqueued="53" />
  <references type="soft" candidates="14" cleared="0" enqueued="0" dynamicThreshold="11" maxThreshold="32" />
  <references type="weak" candidates="1" cleared="0" enqueued="0" />
  <references type="phantom" candidates="94" cleared="7" enqueued="7" />
  <object-monitors candidates="2" cleared="0"  />
</gc-op>
<gc-end id="4364" type="scavenge" contextid="4360" durationms="101.001" usertimems="315.500" systemtimems="0.000" stalltimems="9.917" timestamp="2022-02-08T16:16:35.608" activeThreads="4">
  <mem-info id="4365" free="232908608" total="1073741824" percent="21">
    <mem type="nursery" free="106561416" total="268435456" percent="39">
      <mem type="allocate" free="106561416" total="182910976" percent="58" />
      <mem type="survivor" free="0" total="85524480" percent="0" />
    </mem>
    <mem type="tenure" free="126347192" total="805306368" percent="15" macro-fragmented="0">
      <mem type="soa" free="118293432" total="797252608" percent="14" />
      <mem type="loa" free="8053760" total="8053760" percent="100" />
    </mem>
    <pending-finalizers system="52" default="1" reference="7" classloader="0" />
    <remembered-set count="129" />
  </mem-info>
</gc-end>
<cycle-end id="4366" type="scavenge" contextid="4360" timestamp="2022-02-08T16:16:35.608" />
<allocation-satisfied id="4367" threadId="0000000000016F00" bytesRequested="128" />
<af-end id="4368" timestamp="2022-02-08T16:16:35.608" threadId="0000000000017908" success="true" from="nursery"/>
<exclusive-end id="4369" timestamp="2022-02-08T16:16:35.608" durationms="101.251" />

<concurrent-kickoff id="4370" timestamp="2022-02-08T16:16:36.342">
  <kickoff reason="threshold reached" targetBytes="74441953" thresholdFreeBytes="5752280"  remainingFree="5635976" tenureFreeBytes="126347192" nurseryFreeBytes="5635976" />
</concurrent-kickoff>
<exclusive-start id="4371" timestamp="2022-02-08T16:16:36.345" intervalms="838.705">
  <response-info timems="0.022" idlems="0.022" threads="0" lastid="0000000000016F00" lastname="main" />
</exclusive-start>
<cycle-start id="4372" type="global" contextid="0" timestamp="2022-02-08T16:16:36.345" intervalms="3081.554" />
<concurrent-start id="4373" type="global mark" contextid="4372" timestamp="2022-02-08T16:16:36.345">
</concurrent-start>
<exclusive-end id="4374" timestamp="2022-02-08T16:16:36.345" durationms="0.057" />

<exclusive-start id="4375" timestamp="2022-02-08T16:16:36.503" intervalms="157.571">
  <response-info timems="0.035" idlems="0.035" threads="0" lastid="0000000000016F00" lastname="main" />
</exclusive-start>
<af-start id="4376" threadId="0000000000017908" totalBytesRequested="112" timestamp="2022-02-08T16:16:36.503" intervalms="996.274" type="nursery" />
<cycle-start id="4377" type="scavenge" contextid="0" timestamp="2022-02-08T16:16:36.503" intervalms="996.273" />
<gc-start id="4378" type="scavenge" contextid="4377" timestamp="2022-02-08T16:16:36.503">
  <mem-info id="4379" free="126347192" total="1073741824" percent="11">
    <mem type="nursery" free="0" total="268435456" percent="0">
      <mem type="allocate" free="0" total="182910976" percent="0" />
      <mem type="survivor" free="0" total="85524480" percent="0" />
    </mem>
    <mem type="tenure" free="126347192" total="805306368" percent="15">
      <mem type="soa" free="118293432" total="797252608" percent="14" />
      <mem type="loa" free="8053760" total="8053760" percent="100" />
    </mem>
    <remembered-set count="130" />
  </mem-info>
</gc-start>
<allocation-stats totalBytes="106508168" >
  <allocated-bytes non-tlh="1347808" tlh="105160360" />
  <largest-consumer threadName="main" threadId="0000000000016F00" bytes="106499976" />
</allocation-stats>
<gc-op id="4380" type="scavenge" timems="82.929" contextid="4377" timestamp="2022-02-08T16:16:36.586">
  <scavenger-info tenureage="1" tenuremask="7ffe" tiltratio="68" />
  <memory-copied type="nursery" objects="1332389" bytes="76220464" bytesdiscarded="236080" />
  <memory-copied type="tenure" objects="1486972" bytes="75243984" bytesdiscarded="37376" />
  <finalization candidates="57" enqueued="0" />
  <references type="phantom" candidates="1" cleared="0" enqueued="0" />
  <object-monitors candidates="2" cleared="0"  />
</gc-op>
<gc-end id="4381" type="scavenge" contextid="4377" durationms="83.335" usertimems="328.274" systemtimems="0.174" stalltimems="2.563" timestamp="2022-02-08T16:16:36.586" activeThreads="4">
  <mem-info id="4382" free="158227376" total="1073741824" percent="14">
    <mem type="nursery" free="107109792" total="268435456" percent="39">
      <mem type="allocate" free="107109792" total="183566336" percent="58" />
      <mem type="survivor" free="0" total="84869120" percent="0" />
    </mem>
    <mem type="tenure" free="51117584" total="805306368" percent="6" macro-fragmented="19260884">
      <mem type="soa" free="43063824" total="797252608" percent="5" />
      <mem type="loa" free="8053760" total="8053760" percent="100" />
    </mem>
    <remembered-set count="99" />
  </mem-info>
</gc-end>
<cycle-end id="4383" type="scavenge" contextid="4377" timestamp="2022-02-08T16:16:36.586" />
<allocation-satisfied id="4384" threadId="0000000000016F00" bytesRequested="112" />
<af-end id="4385" timestamp="2022-02-08T16:16:36.586" threadId="0000000000017908" success="true" from="nursery"/>
<exclusive-end id="4386" timestamp="2022-02-08T16:16:36.586" durationms="83.639" />

<concurrent-end id="4387" type="global mark" contextid="4372" timestamp="2022-02-08T16:16:36.709">
<gc-op id="4388" type="trace" timems="363.698" contextid="4372" timestamp="2022-02-08T16:16:36.709">
  <trace bytesTraced="74442116" workStackOverflowCount="0" />
  <card-cleaning reason="card cleaning threshold reached" bytesTraced="808" cardsCleaned="2" />
</gc-op>
</concurrent-end>

<exclusive-start id="4389" timestamp="2022-02-08T16:16:36.709" intervalms="206.229">
  <response-info timems="0.021" idlems="0.021" threads="0" lastid="0000000000016F00" lastname="main" />
</exclusive-start>
<concurrent-global-final id="4390" timestamp="2022-02-08T16:16:36.709" contextid="4372" intervalms="3078.985" >
  <concurrent-trace-info reason="card cleaning threshold reached" tracedByMutators="58310304" tracedByHelpers="16132620" cardsCleaned="2" workStackOverflowCount="0" />
</concurrent-global-final>
<gc-start id="4391" type="global" contextid="4372" timestamp="2022-02-08T16:16:36.709">
  <mem-info id="4392" free="150657856" total="1073741824" percent="14">
    <mem type="nursery" free="99540272" total="268435456" percent="37">
      <mem type="allocate" free="99540272" total="183566336" percent="54" />
      <mem type="survivor" free="0" total="84869120" percent="0" />
    </mem>
    <mem type="tenure" free="51117584" total="805306368" percent="6">
      <mem type="soa" free="43063824" total="797252608" percent="5" />
      <mem type="loa" free="8053760" total="8053760" percent="100" />
    </mem>
    <remembered-set count="99" />
  </mem-info>
</gc-start>
<allocation-stats totalBytes="7566624" >
  <allocated-bytes non-tlh="112" tlh="7566512" />
  <largest-consumer threadName="main" threadId="0000000000016F00" bytes="7566624" />
</allocation-stats>
<gc-op id="4393" type="rs-scan" timems="0.717" contextid="4372" timestamp="2022-02-08T16:16:36.710">
  <scan objectsFound="29" bytesTraced="5124" workStackOverflowCount="0" />
</gc-op>
<gc-op id="4394" type="card-cleaning" timems="157.275" contextid="4372" timestamp="2022-02-08T16:16:36.867">
  <card-cleaning cardsCleaned="9" bytesTraced="71012712" workStackOverflowCount="0" />
</gc-op>
<gc-op id="4395" type="mark" timems="49.072" contextid="4372" timestamp="2022-02-08T16:16:36.916">
  <trace-info objectcount="1828487" scancount="1372893" scanbytes="29356072" />
  <finalization candidates="428" enqueued="57" />
  <ownableSynchronizers candidates="1" cleared="0" />
  <references type="soft" candidates="894" cleared="0" enqueued="0" dynamicThreshold="11" maxThreshold="32" />
  <references type="weak" candidates="1701" cleared="0" enqueued="0" />
  <references type="phantom" candidates="52" cleared="2" enqueued="2" />
  <stringconstants candidates="6471" cleared="0"  />
  <object-monitors candidates="2" cleared="0"  />
</gc-op>
<gc-op id="4396" type="sweep" timems="4.783" contextid="4372" timestamp="2022-02-08T16:16:36.921" />
<gc-end id="4397" type="global" contextid="4372" durationms="212.451" usertimems="227.307" systemtimems="0.177" stalltimems="146.181" timestamp="2022-02-08T16:16:36.921" activeThreads="4">
  <mem-info id="4398" free="393843352" total="1073741824" percent="36">
    <mem type="nursery" free="99869704" total="268435456" percent="37">
      <mem type="allocate" free="99869704" total="183566336" percent="54" />
      <mem type="survivor" free="0" total="84869120" percent="0" />
    </mem>
    <mem type="tenure" free="293973648" total="805306368" percent="36" micro-fragmented="292398" macro-fragmented="0">
      <mem type="soa" free="285919888" total="797252608" percent="35" />
      <mem type="loa" free="8053760" total="8053760" percent="100" />
    </mem>
    <pending-finalizers system="57" default="0" reference="2" classloader="0" />
    <remembered-set count="99" />
  </mem-info>
</gc-end>
<cycle-end id="4399" type="global" contextid="4372" timestamp="2022-02-08T16:16:36.922" />
<exclusive-end id="4400" timestamp="2022-02-08T16:16:36.922" durationms="212.708" />

<exclusive-start id="4401" timestamp="2022-02-08T16:16:37.608" intervalms="899.282">
  <response-info timems="0.018" idlems="0.018" threads="0" lastid="0000000000016F00" lastname="main" />
</exclusive-start>
<af-start id="4402" threadId="0000000000017908" totalBytesRequested="184" timestamp="2022-02-08T16:16:37.608" intervalms="1105.512" type="nursery" />
<cycle-start id="4403" type="scavenge" contextid="0" timestamp="2022-02-08T16:16:37.608" intervalms="1105.511" />
<gc-start id="4404" type="scavenge" contextid="4403" timestamp="2022-02-08T16:16:37.608">
  <mem-info id="4405" free="293973648" total="1073741824" percent="27">
    <mem type="nursery" free="0" total="268435456" percent="0">
      <mem type="allocate" free="0" total="183566336" percent="0" />
      <mem type="survivor" free="0" total="84869120" percent="0" />
    </mem>
    <mem type="tenure" free="293973648" total="805306368" percent="36">
      <mem type="soa" free="285919888" total="797252608" percent="35" />
      <mem type="loa" free="8053760" total="8053760" percent="100" />
    </mem>
    <remembered-set count="102" />
  </mem-info>
</gc-start>
<allocation-stats totalBytes="99823384" >
  <allocated-bytes non-tlh="0" tlh="99823384" />
  <largest-consumer threadName="main" threadId="0000000000016F00" bytes="99819288" />
</allocation-stats>
<gc-op id="4406" type="scavenge" timems="85.719" contextid="4403" timestamp="2022-02-08T16:16:37.694">
  <scavenger-info tenureage="1" tenuremask="7ffe" tiltratio="68" />
  <memory-copied type="nursery" objects="1357891" bytes="76294936" bytesdiscarded="169144" />
  <memory-copied type="tenure" objects="1332389" bytes="76220464" bytesdiscarded="44232" />
  <finalization candidates="1" enqueued="0" />
  <ownableSynchronizers candidates="2" cleared="2" />
  <object-monitors candidates="2" cleared="0"  />
</gc-op>
<gc-end id="4407" type="scavenge" contextid="4403" durationms="86.073" usertimems="335.074" systemtimems="0.000" stalltimems="3.550" timestamp="2022-02-08T16:16:37.694" activeThreads="4">
  <mem-info id="4408" free="324947360" total="1073741824" percent="30">
    <mem type="nursery" free="107561008" total="268435456" percent="40">
      <mem type="allocate" free="107561008" total="184025088" percent="58" />
      <mem type="survivor" free="0" total="84410368" percent="0" />
    </mem>
    <mem type="tenure" free="217386352" total="805306368" percent="26" macro-fragmented="0">
      <mem type="soa" free="209332592" total="797252608" percent="26" />
      <mem type="loa" free="8053760" total="8053760" percent="100" />
    </mem>
    <remembered-set count="102" />
  </mem-info>
</gc-end>
<cycle-end id="4409" type="scavenge" contextid="4403" timestamp="2022-02-08T16:16:37.695" />
<allocation-satisfied id="4410" threadId="0000000000016F00" bytesRequested="184" />
<af-end id="4411" timestamp="2022-02-08T16:16:37.695" threadId="0000000000017908" success="true" from="nursery"/>
<exclusive-end id="4412" timestamp="2022-02-08T16:16:37.695" durationms="86.402" />

<exclusive-start id="4413" timestamp="2022-02-08T16:16:38.641" intervalms="1032.569">
  <response-info timems="0.017" idlems="0.017" threads="0" lastid="0000000000016F00" lastname="main" />
</exclusive-start>
<af-start id="4414" threadId="0000000000017908" totalBytesRequested="136" timestamp="2022-02-08T16:16:38.641" intervalms="1032.565" type="nursery" />
<cycle-start id="4415" type="scavenge" contextid="0" timestamp="2022-02-08T16:16:38.641" intervalms="1032.567" />
<gc-start id="4416" type="scavenge" contextid="4415" timestamp="2022-02-08T16:16:38.641">
  <mem-info id="4417" free="217386352" total="1073741824" percent="20">
    <mem type="nursery" free="0" total="268435456" percent="0">
      <mem type="allocate" free="0" total="184025088" percent="0" />
      <mem type="survivor" free="0" total="84410368" percent="0" />
    </mem>
    <mem type="tenure" free="217386352" total="805306368" percent="26">
      <mem type="soa" free="209332592" total="797252608" percent="26" />
      <mem type="loa" free="8053760" total="8053760" percent="100" />
    </mem>
    <remembered-set count="133" />
  </mem-info>
</gc-start>
<allocation-stats totalBytes="107515960" >
  <allocated-bytes non-tlh="945912" tlh="106570048" />
  <largest-consumer threadName="main" threadId="0000000000016F00" bytes="107515960" />
</allocation-stats>
<gc-op id="4418" type="scavenge" timems="109.921" contextid="4415" timestamp="2022-02-08T16:16:38.751">
  <scavenger-info tenureage="1" tenuremask="7ffe" tiltratio="68" />
  <memory-copied type="nursery" objects="1480422" bytes="75729768" bytesdiscarded="288640" />
  <memory-copied type="tenure" objects="1357890" bytes="76294832" bytesdiscarded="41768" />
  <finalization candidates="107" enqueued="53" />
  <references type="soft" candidates="14" cleared="0" enqueued="0" dynamicThreshold="11" maxThreshold="32" />
  <references type="weak" candidates="1" cleared="0" enqueued="0" />
  <references type="phantom" candidates="92" cleared="7" enqueued="7" />
  <object-monitors candidates="2" cleared="0"  />
</gc-op>
<gc-end id="4419" type="scavenge" contextid="4415" durationms="110.333" usertimems="371.132" systemtimems="0.571" stalltimems="56.122" timestamp="2022-02-08T16:16:38.751" activeThreads="4">
  <mem-info id="4420" free="249660720" total="1073741824" percent="23">
    <mem type="nursery" free="108399768" total="268435456" percent="40">
      <mem type="allocate" free="108399768" total="184418304" percent="58" />
      <mem type="survivor" free="0" total="84017152" percent="0" />
    </mem>
    <mem type="tenure" free="141260952" total="805306368" percent="17" macro-fragmented="868149">
      <mem type="soa" free="133207192" total="797252608" percent="16" />
      <mem type="loa" free="8053760" total="8053760" percent="100" />
    </mem>
    <pending-finalizers system="52" default="1" reference="7" classloader="0" />
    <remembered-set count="129" />
  </mem-info>
</gc-end>
<cycle-end id="4421" type="scavenge" contextid="4415" timestamp="2022-02-08T16:16:38.751" />
<allocation-satisfied id="4422" threadId="0000000000016F00" bytesRequested="136" />
<af-end id="4423" timestamp="2022-02-08T16:16:38.751" threadId="0000000000017908" success="true" from="nursery"/>
<exclusive-end id="4424" timestamp="2022-02-08T16:16:38.751" durationms="110.620" />

<concurrent-kickoff id="4425" timestamp="2022-02-08T16:16:39.474">
  <kickoff reason="threshold reached" targetBytes="74442148" thresholdFreeBytes="5751138"  remainingFree="5637320" tenureFreeBytes="141260952" nurseryFreeBytes="5637320" />
</concurrent-kickoff>
<exclusive-start id="4426" timestamp="2022-02-08T16:16:39.483" intervalms="841.789">
  <response-info timems="0.050" idlems="0.050" threads="0" lastid="0000000000016F00" lastname="main" />
</exclusive-start>
<cycle-start id="4427" type="global" contextid="0" timestamp="2022-02-08T16:16:39.483" intervalms="3137.435" />
<concurrent-start id="4428" type="global mark" contextid="4427" timestamp="2022-02-08T16:16:39.483">
</concurrent-start>
<exclusive-end id="4429" timestamp="2022-02-08T16:16:39.483" durationms="0.069" />

<exclusive-start id="4430" timestamp="2022-02-08T16:16:39.573" intervalms="90.592">
  <response-info timems="0.021" idlems="0.021" threads="0" lastid="0000000000016F00" lastname="main" />
</exclusive-start>
<af-start id="4431" threadId="0000000000017908" totalBytesRequested="184" timestamp="2022-02-08T16:16:39.573" intervalms="932.382" type="nursery" />
<cycle-start id="4432" type="scavenge" contextid="0" timestamp="2022-02-08T16:16:39.573" intervalms="932.381" />
<gc-start id="4433" type="scavenge" contextid="4432" timestamp="2022-02-08T16:16:39.573">
  <mem-info id="4434" free="141260952" total="1073741824" percent="13">
    <mem type="nursery" free="0" total="268435456" percent="0">
      <mem type="allocate" free="0" total="184418304" percent="0" />
      <mem type="survivor" free="0" total="84017152" percent="0" />
    </mem>
    <mem type="tenure" free="141260952" total="805306368" percent="17">
      <mem type="soa" free="133207192" total="797252608" percent="16" />
      <mem type="loa" free="8053760" total="8053760" percent="100" />
    </mem>
    <remembered-set count="130" />
  </mem-info>
</gc-start>
<allocation-stats totalBytes="108347656" >
  <allocated-bytes non-tlh="1992656" tlh="106355000" />
  <largest-consumer threadName="main" threadId="0000000000016F00" bytes="108339464" />
</allocation-stats>
<gc-op id="4435" type="scavenge" timems="92.031" contextid="4432" timestamp="2022-02-08T16:16:39.665">
  <scavenger-info tenureage="1" tenuremask="7ffe" tiltratio="68" />
  <memory-copied type="nursery" objects="1354329" bytes="77107136" bytesdiscarded="278192" />
  <memory-copied type="tenure" objects="1479701" bytes="75188848" bytesdiscarded="41072" />
  <finalization candidates="57" enqueued="0" />
  <references type="phantom" candidates="3" cleared="0" enqueued="0" />
  <object-monitors candidates="2" cleared="0"  />
</gc-op>
<gc-end id="4436" type="scavenge" contextid="4432" durationms="92.738" usertimems="363.514" systemtimems="0.644" stalltimems="3.412" timestamp="2022-02-08T16:16:39.666" activeThreads="4">
  <mem-info id="4437" free="172293152" total="1073741824" percent="16">
    <mem type="nursery" free="106377616" total="268435456" percent="39">
      <mem type="allocate" free="106377616" total="183762944" percent="57" />
      <mem type="survivor" free="0" total="84672512" percent="0" />
    </mem>
    <mem type="tenure" free="65915536" total="805306368" percent="8" macro-fragmented="0">
      <mem type="soa" free="57861776" total="797252608" percent="7" />
      <mem type="loa" free="8053760" total="8053760" percent="100" />
    </mem>
    <remembered-set count="99" />
  </mem-info>
</gc-end>
<cycle-end id="4438" type="scavenge" contextid="4432" timestamp="2022-02-08T16:16:39.666" />
<allocation-satisfied id="4439" threadId="0000000000016F00" bytesRequested="184" />
<af-end id="4440" timestamp="2022-02-08T16:16:39.666" threadId="0000000000017908" success="true" from="nursery"/>
<exclusive-end id="4441" timestamp="2022-02-08T16:16:39.666" durationms="93.208" />

<concurrent-end id="4442" type="global mark" contextid="4427" timestamp="2022-02-08T16:16:39.888">
<gc-op id="4443" type="trace" timems="405.759" contextid="4427" timestamp="2022-02-08T16:16:39.888">
  <trace bytesTraced="74442388" workStackOverflowCount="0" />
  <card-cleaning reason="card cleaning threshold reached" bytesTraced="808" cardsCleaned="2" />
</gc-op>
</concurrent-end>

<exclusive-start id="4444" timestamp="2022-02-08T16:16:39.888" intervalms="315.267">
  <response-info timems="0.022" idlems="0.022" threads="0" lastid="0000000000016F00" lastname="main" />
</exclusive-start>
<concurrent-global-final id="4445" timestamp="2022-02-08T16:16:39.889" contextid="4427" intervalms="3179.500" >
  <concurrent-trace-info reason="card cleaning threshold reached" tracedByMutators="51951464" tracedByHelpers="22491732" cardsCleaned="2" workStackOverflowCount="0" />
</concurrent-global-final>
<gc-start id="4446" type="global" contextid="4427" timestamp="2022-02-08T16:16:39.889">
  <mem-info id="4447" free="156859240" total="1073741824" percent="14">
    <mem type="nursery" free="90943704" total="268435456" percent="33">
      <mem type="allocate" free="90943704" total="183762944" percent="49" />
      <mem type="survivor" free="0" total="84672512" percent="0" />
    </mem>
    <mem type="tenure" free="65915536" total="805306368" percent="8">
      <mem type="soa" free="57861776" total="797252608" percent="7" />
      <mem type="loa" free="8053760" total="8053760" percent="100" />
    </mem>
    <remembered-set count="99" />
  </mem-info>
</gc-start>
<allocation-stats totalBytes="15426712" >
  <allocated-bytes non-tlh="184" tlh="15426528" />
  <largest-consumer threadName="main" threadId="0000000000016F00" bytes="15426712" />
</allocation-stats>
<gc-op id="4448" type="rs-scan" timems="1.057" contextid="4427" timestamp="2022-02-08T16:16:39.890">
  <scan objectsFound="29" bytesTraced="5124" workStackOverflowCount="0" />
</gc-op>
<gc-op id="4449" type="card-cleaning" timems="160.585" contextid="4427" timestamp="2022-02-08T16:16:40.050">
  <card-cleaning cardsCleaned="9" bytesTraced="71012648" workStackOverflowCount="0" />
</gc-op>
<gc-op id="4450" type="mark" timems="74.787" contextid="4427" timestamp="2022-02-08T16:16:40.125">
  <trace-info objectcount="1681532" scancount="1262676" scanbytes="27004824" />
  <finalization candidates="428" enqueued="57" />
  <ownableSynchronizers candidates="1" cleared="0" />
  <references type="soft" candidates="894" cleared="0" enqueued="0" dynamicThreshold="11" maxThreshold="32" />
  <references type="weak" candidates="1701" cleared="0" enqueued="0" />
  <references type="phantom" candidates="52" cleared="2" enqueued="2" />
  <stringconstants candidates="6471" cleared="0"  />
  <object-monitors candidates="2" cleared="0"  />
</gc-op>
<gc-op id="4451" type="sweep" timems="8.093" contextid="4427" timestamp="2022-02-08T16:16:40.133" />
<gc-end id="4452" type="global" contextid="4427" durationms="245.032" usertimems="256.355" systemtimems="2.926" stalltimems="231.310" timestamp="2022-02-08T16:16:40.134" activeThreads="4">
  <mem-info id="4453" free="400189520" total="1073741824" percent="37">
    <mem type="nursery" free="91314424" total="268435456" percent="34">
      <mem type="allocate" free="91314424" total="183762944" percent="49" />
      <mem type="survivor" free="0" total="84672512" percent="0" />
    </mem>
    <mem type="tenure" free="308875096" total="805306368" percent="38" micro-fragmented="275903" macro-fragmented="0">
      <mem type="soa" free="300821336" total="797252608" percent="37" />
      <mem type="loa" free="8053760" total="8053760" percent="100" />
    </mem>
    <pending-finalizers system="57" default="0" reference="2" classloader="0" />
    <remembered-set count="99" />
  </mem-info>
</gc-end>
<cycle-end id="4454" type="global" contextid="4427" timestamp="2022-02-08T16:16:40.134" />
<exclusive-end id="4455" timestamp="2022-02-08T16:16:40.134" durationms="245.380" />

<exclusive-start id="4456" timestamp="2022-02-08T16:16:40.748" intervalms="859.634">
  <response-info timems="0.019" idlems="0.019" threads="0" lastid="0000000000016F00" lastname="main" />
</exclusive-start>
<af-start id="4457" threadId="0000000000017908" totalBytesRequested="184" timestamp="2022-02-08T16:16:40.748" intervalms="1174.942" type="nursery" />
<cycle-start id="4458" type="scavenge" contextid="0" timestamp="2022-02-08T16:16:40.749" intervalms="1175.246" />
<gc-start id="4459" type="scavenge" contextid="4458" timestamp="2022-02-08T16:16:40.749">
  <mem-info id="4460" free="308875096" total="1073741824" percent="28">
    <mem type="nursery" free="0" total="268435456" percent="0">
      <mem type="allocate" free="0" total="183762944" percent="0" />
      <mem type="survivor" free="0" total="84672512" percent="0" />
    </mem>
    <mem type="tenure" free="308875096" total="805306368" percent="38">
      <mem type="soa" free="300821336" total="797252608" percent="37" />
      <mem type="loa" free="8053760" total="8053760" percent="100" />
    </mem>
    <remembered-set count="102" />
  </mem-info>
</gc-start>
<allocation-stats totalBytes="91272136" >
  <allocated-bytes non-tlh="0" tlh="91272136" />
  <largest-consumer threadName="main" threadId="0000000000016F00" bytes="91268040" />
</allocation-stats>
<gc-op id="4461" type="scavenge" timems="112.932" contextid="4458" timestamp="2022-02-08T16:16:40.862">
  <scavenger-info tenureage="1" tenuremask="7ffe" tiltratio="68" />
  <memory-copied type="nursery" objects="1346403" bytes="75806280" bytesdiscarded="284104" />
  <memory-copied type="tenure" objects="1354328" bytes="77107032" bytesdiscarded="46248" />
  <finalization candidates="3" enqueued="0" />
  <ownableSynchronizers candidates="2" cleared="2" />
  <object-monitors candidates="2" cleared="0"  />
</gc-op>
<gc-end id="4462" type="scavenge" contextid="4458" durationms="113.191" usertimems="346.607" systemtimems="0.000" stalltimems="2.236" timestamp="2022-02-08T16:16:40.862" activeThreads="4">
  <mem-info id="4463" free="339416552" total="1073741824" percent="31">
    <mem type="nursery" free="108000240" total="268435456" percent="40">
      <mem type="allocate" free="108000240" total="184090624" percent="58" />
      <mem type="survivor" free="0" total="84344832" percent="0" />
    </mem>
    <mem type="tenure" free="231416312" total="805306368" percent="28" macro-fragmented="0">
      <mem type="soa" free="223362552" total="797252608" percent="28" />
      <mem type="loa" free="8053760" total="8053760" percent="100" />
    </mem>
    <remembered-set count="102" />
  </mem-info>
</gc-end>
<cycle-end id="4464" type="scavenge" contextid="4458" timestamp="2022-02-08T16:16:40.862" />
<allocation-satisfied id="4465" threadId="0000000000016F00" bytesRequested="184" />
<af-end id="4466" timestamp="2022-02-08T16:16:40.862" threadId="0000000000017908" success="true" from="nursery"/>
<exclusive-end id="4467" timestamp="2022-02-08T16:16:40.862" durationms="113.865" />

<exclusive-start id="4468" timestamp="2022-02-08T16:16:41.606" intervalms="857.609">
  <response-info timems="0.017" idlems="0.017" threads="0" lastid="0000000000016F00" lastname="main" />
</exclusive-start>
<af-start id="4469" threadId="0000000000017908" totalBytesRequested="288" timestamp="2022-02-08T16:16:41.606" intervalms="857.572" type="nursery" />
<cycle-start id="4470" type="scavenge" contextid="0" timestamp="2022-02-08T16:16:41.606" intervalms="857.291" />
<gc-start id="4471" type="scavenge" contextid="4470" timestamp="2022-02-08T16:16:41.606">
  <mem-info id="4472" free="231416312" total="1073741824" percent="21">
    <mem type="nursery" free="0" total="268435456" percent="0">
      <mem type="allocate" free="0" total="184090624" percent="0" />
      <mem type="survivor" free="0" total="84344832" percent="0" />
    </mem>
    <mem type="tenure" free="231416312" total="805306368" percent="28">
      <mem type="soa" free="223362552" total="797252608" percent="28" />
      <mem type="loa" free="8053760" total="8053760" percent="100" />
    </mem>
    <remembered-set count="116" />
  </mem-info>
</gc-start>
<allocation-stats totalBytes="107951760" >
  <allocated-bytes non-tlh="453888" tlh="107497872" />
  <largest-consumer threadName="main" threadId="0000000000016F00" bytes="107951760" />
</allocation-stats>
<gc-op id="4473" type="scavenge" timems="88.398" contextid="4470" timestamp="2022-02-08T16:16:41.694">
  <scavenger-info tenureage="1" tenuremask="7ffe" tiltratio="68" />
  <memory-copied type="nursery" objects="1358952" bytes="76868728" bytesdiscarded="173312" />
  <memory-copied type="tenure" objects="1346402" bytes="75806176" bytesdiscarded="42024" />
  <finalization candidates="30" enqueued="18" />
  <references type="phantom" candidates="30" cleared="0" enqueued="0" />
  <object-monitors candidates="2" cleared="0"  />
</gc-op>
<gc-end id="4474" type="scavenge" contextid="4470" durationms="88.568" usertimems="337.209" systemtimems="0.297" stalltimems="8.962" timestamp="2022-02-08T16:16:41.694" activeThreads="4">
  <mem-info id="4475" free="262979320" total="1073741824" percent="24">
    <mem type="nursery" free="107179656" total="268435456" percent="39">
      <mem type="allocate" free="107179656" total="184221696" percent="58" />
      <mem type="survivor" free="0" total="84213760" percent="0" />
    </mem>
    <mem type="tenure" free="155799664" total="805306368" percent="19" macro-fragmented="0">
      <mem type="soa" free="147745904" total="797252608" percent="18" />
      <mem type="loa" free="8053760" total="8053760" percent="100" />
    </mem>
    <pending-finalizers system="18" default="0" reference="0" classloader="0" />
    <remembered-set count="116" />
  </mem-info>
</gc-end>
<cycle-end id="4476" type="scavenge" contextid="4470" timestamp="2022-02-08T16:16:41.695" />
<allocation-satisfied id="4477" threadId="0000000000016F00" bytesRequested="288" />
<af-end id="4478" timestamp="2022-02-08T16:16:41.695" threadId="0000000000017908" success="true" from="nursery"/>
<exclusive-end id="4479" timestamp="2022-02-08T16:16:41.695" durationms="88.843" />

<concurrent-kickoff id="4480" timestamp="2022-02-08T16:16:42.575">
  <kickoff reason="threshold reached" targetBytes="74442361" thresholdFreeBytes="5749086"  remainingFree="5729928" tenureFreeBytes="155799664" nurseryFreeBytes="5729928" />
</concurrent-kickoff>
<exclusive-start id="4481" timestamp="2022-02-08T16:16:42.578" intervalms="972.739">
  <response-info timems="0.019" idlems="0.019" threads="0" lastid="0000000000016F00" lastname="main" />
</exclusive-start>
<cycle-start id="4482" type="global" contextid="0" timestamp="2022-02-08T16:16:42.578" intervalms="3095.820" />
<concurrent-start id="4483" type="global mark" contextid="4482" timestamp="2022-02-08T16:16:42.578">
</concurrent-start>
<exclusive-end id="4484" timestamp="2022-02-08T16:16:42.578" durationms="0.030" />

<exclusive-start id="4485" timestamp="2022-02-08T16:16:42.720" intervalms="141.752">
  <response-info timems="0.021" idlems="0.021" threads="0" lastid="0000000000016F00" lastname="main" />
</exclusive-start>
<af-start id="4486" threadId="0000000000017908" totalBytesRequested="104" timestamp="2022-02-08T16:16:42.720" intervalms="1114.498" type="nursery" />
<cycle-start id="4487" type="scavenge" contextid="0" timestamp="2022-02-08T16:16:42.720" intervalms="1114.475" />
<gc-start id="4488" type="scavenge" contextid="4487" timestamp="2022-02-08T16:16:42.720">
  <mem-info id="4489" free="155799664" total="1073741824" percent="14">
    <mem type="nursery" free="0" total="268435456" percent="0">
      <mem type="allocate" free="0" total="184221696" percent="0" />
      <mem type="survivor" free="0" total="84213760" percent="0" />
    </mem>
    <mem type="tenure" free="155799664" total="805306368" percent="19">
      <mem type="soa" free="147745904" total="797252608" percent="18" />
      <mem type="loa" free="8053760" total="8053760" percent="100" />
    </mem>
    <remembered-set count="133" />
  </mem-info>
</gc-start>
<allocation-stats totalBytes="107132944" >
  <allocated-bytes non-tlh="2555408" tlh="104577536" />
  <largest-consumer threadName="main" threadId="0000000000016F00" bytes="107128848" />
</allocation-stats>
<gc-op id="4490" type="scavenge" timems="79.685" contextid="4487" timestamp="2022-02-08T16:16:42.800">
  <scavenger-info tenureage="1" tenuremask="7ffe" tiltratio="68" />
  <memory-copied type="nursery" objects="1425070" bytes="75655096" bytesdiscarded="113776" />
  <memory-copied type="tenure" objects="1358652" bytes="76255832" bytesdiscarded="43368" />
  <finalization candidates="92" enqueued="35" />
  <references type="soft" candidates="14" cleared="0" enqueued="0" dynamicThreshold="12" maxThreshold="32" />
  <references type="weak" candidates="1" cleared="0" enqueued="0" />
  <references type="phantom" candidates="77" cleared="7" enqueued="7" />
  <object-monitors candidates="2" cleared="0"  />
</gc-op>
<gc-end id="4491" type="scavenge" contextid="4487" durationms="79.946" usertimems="303.766" systemtimems="0.000" stalltimems="4.222" timestamp="2022-02-08T16:16:42.800" activeThreads="4">
  <mem-info id="4492" free="187981736" total="1073741824" percent="17">
    <mem type="nursery" free="108649304" total="268435456" percent="40">
      <mem type="allocate" free="108649304" total="184418304" percent="58" />
      <mem type="survivor" free="0" total="84017152" percent="0" />
    </mem>
    <mem type="tenure" free="79332432" total="805306368" percent="9" macro-fragmented="47927252">
      <mem type="soa" free="71278672" total="797252608" percent="8" />
      <mem type="loa" free="8053760" total="8053760" percent="100" />
    </mem>
    <pending-finalizers system="34" default="1" reference="7" classloader="0" />
    <remembered-set count="118" />
  </mem-info>
</gc-end>
<cycle-end id="4493" type="scavenge" contextid="4487" timestamp="2022-02-08T16:16:42.800" />
<allocation-satisfied id="4494" threadId="0000000000016F00" bytesRequested="104" />
<af-end id="4495" timestamp="2022-02-08T16:16:42.801" threadId="0000000000017908" success="true" from="nursery"/>
<exclusive-end id="4496" timestamp="2022-02-08T16:16:42.801" durationms="80.334" />

<concurrent-end id="4497" type="global mark" contextid="4482" timestamp="2022-02-08T16:16:42.927">
<gc-op id="4498" type="trace" timems="348.597" contextid="4482" timestamp="2022-02-08T16:16:42.927">
  <trace bytesTraced="74442628" workStackOverflowCount="0" />
  <card-cleaning reason="card cleaning threshold reached" bytesTraced="808" cardsCleaned="2" />
</gc-op>
</concurrent-end>

<exclusive-start id="4499" timestamp="2022-02-08T16:16:42.927" intervalms="206.918">
  <response-info timems="0.021" idlems="0.021" threads="0" lastid="0000000000016F00" lastname="main" />
</exclusive-start>
<concurrent-global-final id="4500" timestamp="2022-02-08T16:16:42.927" contextid="4482" intervalms="3038.651" >
  <concurrent-trace-info reason="card cleaning threshold reached" tracedByMutators="57652000" tracedByHelpers="16791436" cardsCleaned="2" workStackOverflowCount="0" />
</concurrent-global-final>
<gc-start id="4501" type="global" contextid="4482" timestamp="2022-02-08T16:16:42.927">
  <mem-info id="4502" free="179486528" total="1073741824" percent="16">
    <mem type="nursery" free="100154096" total="268435456" percent="37">
      <mem type="allocate" free="100154096" total="184418304" percent="54" />
      <mem type="survivor" free="0" total="84017152" percent="0" />
    </mem>
    <mem type="tenure" free="79332432" total="805306368" percent="9">
      <mem type="soa" free="71278672" total="797252608" percent="8" />
      <mem type="loa" free="8053760" total="8053760" percent="100" />
    </mem>
    <remembered-set count="119" />
  </mem-info>
</gc-start>
<allocation-stats totalBytes="8491024" >
  <allocated-bytes non-tlh="104" tlh="8490920" />
  <largest-consumer threadName="main" threadId="0000000000016F00" bytes="8482832" />
</allocation-stats>
<gc-op id="4503" type="rs-scan" timems="132.395" contextid="4482" timestamp="2022-02-08T16:16:43.060">
  <scan objectsFound="3324743" bytesTraced="71015440" workStackOverflowCount="0" />
</gc-op>
<gc-op id="4504" type="card-cleaning" timems="0.286" contextid="4482" timestamp="2022-02-08T16:16:43.060">
  <card-cleaning cardsCleaned="4" bytesTraced="1652" workStackOverflowCount="0" />
</gc-op>
<gc-op id="4505" type="mark" timems="35.180" contextid="4482" timestamp="2022-02-08T16:16:43.095">
  <trace-info objectcount="1295569" scancount="973203" scanbytes="20829384" />
  <finalization candidates="428" enqueued="57" />
  <ownableSynchronizers candidates="1" cleared="0" />
  <references type="soft" candidates="894" cleared="0" enqueued="0" dynamicThreshold="12" maxThreshold="32" />
  <references type="weak" candidates="1701" cleared="0" enqueued="0" />
  <references type="phantom" candidates="52" cleared="2" enqueued="2" />
  <stringconstants candidates="6471" cleared="0"  />
  <object-monitors candidates="2" cleared="0"  />
</gc-op>
<gc-op id="4506" type="sweep" timems="4.972" contextid="4482" timestamp="2022-02-08T16:16:43.100" />
<gc-end id="4507" type="global" contextid="4482" durationms="173.061" usertimems="188.381" systemtimems="0.408" stalltimems="104.933" timestamp="2022-02-08T16:16:43.100" activeThreads="4">
  <mem-info id="4508" free="422994552" total="1073741824" percent="39">
    <mem type="nursery" free="100684328" total="268435456" percent="37">
      <mem type="allocate" free="100684328" total="184418304" percent="54" />
      <mem type="survivor" free="0" total="84017152" percent="0" />
    </mem>
    <mem type="tenure" free="322310224" total="805306368" percent="40" micro-fragmented="238042" macro-fragmented="0">
      <mem type="soa" free="314256464" total="797252608" percent="39" />
      <mem type="loa" free="8053760" total="8053760" percent="100" />
    </mem>
    <pending-finalizers system="57" default="0" reference="2" classloader="0" />
    <remembered-set count="106" />
  </mem-info>
</gc-end>
<cycle-end id="4509" type="global" contextid="4482" timestamp="2022-02-08T16:16:43.101" />
<exclusive-end id="4510" timestamp="2022-02-08T16:16:43.101" durationms="173.437" />

<exclusive-start id="4511" timestamp="2022-02-08T16:16:43.842" intervalms="914.790">
  <response-info timems="0.021" idlems="0.021" threads="0" lastid="0000000000016F00" lastname="main" />
</exclusive-start>
<af-start id="4512" threadId="0000000000017908" totalBytesRequested="56" timestamp="2022-02-08T16:16:43.842" intervalms="1121.698" type="nursery" />
<cycle-start id="4513" type="scavenge" contextid="0" timestamp="2022-02-08T16:16:43.842" intervalms="1121.699" />
<gc-start id="4514" type="scavenge" contextid="4513" timestamp="2022-02-08T16:16:43.842">
  <mem-info id="4515" free="322310224" total="1073741824" percent="30">
    <mem type="nursery" free="0" total="268435456" percent="0">
      <mem type="allocate" free="0" total="184418304" percent="0" />
      <mem type="survivor" free="0" total="84017152" percent="0" />
    </mem>
    <mem type="tenure" free="322310224" total="805306368" percent="40">
      <mem type="soa" free="314256464" total="797252608" percent="39" />
      <mem type="loa" free="8053760" total="8053760" percent="100" />
    </mem>
    <remembered-set count="107" />
  </mem-info>
</gc-start>
<allocation-stats totalBytes="100639056" >
  <allocated-bytes non-tlh="0" tlh="100639056" />
  <largest-consumer threadName="main" threadId="0000000000016F00" bytes="100634960" />
</allocation-stats>
<gc-op id="4516" type="scavenge" timems="87.021" contextid="4513" timestamp="2022-02-08T16:16:43.929">
  <scavenger-info tenureage="1" tenuremask="7ffe" tiltratio="68" />
  <memory-copied type="nursery" objects="1407674" bytes="77635488" bytesdiscarded="281184" />
  <memory-copied type="tenure" objects="1424589" bytes="75343352" bytesdiscarded="45912" />
  <finalization candidates="45" enqueued="0" />
  <ownableSynchronizers candidates="2" cleared="2" />
  <object-monitors candidates="2" cleared="0"  />
</gc-op>
<gc-end id="4517" type="scavenge" contextid="4513" durationms="87.249" usertimems="325.516" systemtimems="1.025" stalltimems="3.117" timestamp="2022-02-08T16:16:43.929" activeThreads="4">
  <mem-info id="4518" free="351768160" total="1073741824" percent="32">
    <mem type="nursery" free="104928768" total="268435456" percent="39">
      <mem type="allocate" free="104928768" total="182845440" percent="57" />
      <mem type="survivor" free="0" total="85590016" percent="0" />
    </mem>
    <mem type="tenure" free="246839392" total="805306368" percent="30" macro-fragmented="0">
      <mem type="soa" free="238785632" total="797252608" percent="29" />
      <mem type="loa" free="8053760" total="8053760" percent="100" />
    </mem>
    <remembered-set count="101" />
  </mem-info>
</gc-end>
<cycle-end id="4519" type="scavenge" contextid="4513" timestamp="2022-02-08T16:16:43.929" />
<allocation-satisfied id="4520" threadId="0000000000016F00" bytesRequested="56" />
<af-end id="4521" timestamp="2022-02-08T16:16:43.930" threadId="0000000000017908" success="true" from="nursery"/>
<exclusive-end id="4522" timestamp="2022-02-08T16:16:43.930" durationms="87.617" />

<exclusive-start id="4523" timestamp="2022-02-08T16:16:44.599" intervalms="757.234">
  <response-info timems="0.037" idlems="0.037" threads="0" lastid="0000000000016F00" lastname="main" />
</exclusive-start>
<af-start id="4524" threadId="0000000000017908" totalBytesRequested="200" timestamp="2022-02-08T16:16:44.599" intervalms="757.255" type="nursery" />
<cycle-start id="4525" type="scavenge" contextid="0" timestamp="2022-02-08T16:16:44.599" intervalms="757.270" />
<gc-start id="4526" type="scavenge" contextid="4525" timestamp="2022-02-08T16:16:44.599">
  <mem-info id="4527" free="246839392" total="1073741824" percent="22">
    <mem type="nursery" free="0" total="268435456" percent="0">
      <mem type="allocate" free="0" total="182845440" percent="0" />
      <mem type="survivor" free="0" total="85590016" percent="0" />
    </mem>
    <mem type="tenure" free="246839392" total="805306368" percent="30">
      <mem type="soa" free="238785632" total="797252608" percent="29" />
      <mem type="loa" free="8053760" total="8053760" percent="100" />
    </mem>
    <remembered-set count="101" />
  </mem-info>
</gc-start>
<allocation-stats totalBytes="104882792" >
  <allocated-bytes non-tlh="56" tlh="104882736" />
  <largest-consumer threadName="main" threadId="0000000000016F00" bytes="104882792" />
</allocation-stats>
<gc-op id="4528" type="scavenge" timems="86.389" contextid="4525" timestamp="2022-02-08T16:16:44.686">
  <scavenger-info tenureage="1" tenuremask="7ffe" tiltratio="68" />
  <memory-copied type="nursery" objects="1309541" bytes="74570880" bytesdiscarded="247696" />
  <memory-copied type="tenure" objects="1407674" bytes="77635488" bytesdiscarded="47576" />
  <object-monitors candidates="2" cleared="0"  />
</gc-op>
<gc-end id="4529" type="scavenge" contextid="4525" durationms="86.583" usertimems="337.371" systemtimems="3.707" stalltimems="3.437" timestamp="2022-02-08T16:16:44.686" activeThreads="4">
  <mem-info id="4530" free="277411152" total="1073741824" percent="25">
    <mem type="nursery" free="108354544" total="268435456" percent="40">
      <mem type="allocate" free="108354544" total="183173120" percent="59" />
      <mem type="survivor" free="0" total="85262336" percent="0" />
    </mem>
    <mem type="tenure" free="169056608" total="805306368" percent="20" macro-fragmented="0">
      <mem type="soa" free="161002848" total="797252608" percent="20" />
      <mem type="loa" free="8053760" total="8053760" percent="100" />
    </mem>
    <remembered-set count="101" />
  </mem-info>
</gc-end>
<cycle-end id="4531" type="scavenge" contextid="4525" timestamp="2022-02-08T16:16:44.686" />
<allocation-satisfied id="4532" threadId="0000000000016F00" bytesRequested="200" />
<af-end id="4533" timestamp="2022-02-08T16:16:44.686" threadId="0000000000017908" success="true" from="nursery"/>
<exclusive-end id="4534" timestamp="2022-02-08T16:16:44.686" durationms="86.918" />

<exclusive-start id="4535" timestamp="2022-02-08T16:16:45.664" intervalms="1064.798">
  <response-info timems="0.018" idlems="0.018" threads="0" lastid="0000000000016F00" lastname="main" />
</exclusive-start>
<af-start id="4536" threadId="0000000000017908" totalBytesRequested="112" timestamp="2022-02-08T16:16:45.664" intervalms="1064.786" type="nursery" />
<cycle-start id="4537" type="scavenge" contextid="0" timestamp="2022-02-08T16:16:45.664" intervalms="1064.773" />
<gc-start id="4538" type="scavenge" contextid="4537" timestamp="2022-02-08T16:16:45.664">
  <mem-info id="4539" free="169056608" total="1073741824" percent="15">
    <mem type="nursery" free="0" total="268435456" percent="0">
      <mem type="allocate" free="0" total="183173120" percent="0" />
      <mem type="survivor" free="0" total="85262336" percent="0" />
    </mem>
    <mem type="tenure" free="169056608" total="805306368" percent="20">
      <mem type="soa" free="161002848" total="797252608" percent="20" />
      <mem type="loa" free="8053760" total="8053760" percent="100" />
    </mem>
    <remembered-set count="131" />
  </mem-info>
</gc-start>
<allocation-stats totalBytes="108309744" >
  <allocated-bytes non-tlh="2841648" tlh="105468096" />
  <largest-consumer threadName="main" threadId="0000000000016F00" bytes="108309744" />
</allocation-stats>
<gc-op id="4540" type="scavenge" timems="85.559" contextid="4537" timestamp="2022-02-08T16:16:45.750">
  <scavenger-info tenureage="1" tenuremask="7ffe" tiltratio="68" />
  <memory-copied type="nursery" objects="1458091" bytes="76168904" bytesdiscarded="86552" />
  <memory-copied type="tenure" objects="1309540" bytes="74570768" bytesdiscarded="46072" />
  <finalization candidates="110" enqueued="53" />
  <references type="soft" candidates="14" cleared="0" enqueued="0" dynamicThreshold="12" maxThreshold="32" />
  <references type="weak" candidates="1" cleared="0" enqueued="0" />
  <references type="phantom" candidates="95" cleared="7" enqueued="7" />
  <object-monitors candidates="2" cleared="0"  />
</gc-op>
<gc-end id="4541" type="scavenge" contextid="4537" durationms="86.579" usertimems="323.768" systemtimems="1.400" stalltimems="13.903" timestamp="2022-02-08T16:16:45.751" activeThreads="4">
  <mem-info id="4542" free="201671080" total="1073741824" percent="18">
    <mem type="nursery" free="107179680" total="268435456" percent="39">
      <mem type="allocate" free="107179680" total="183435264" percent="58" />
      <mem type="survivor" free="0" total="85000192" percent="0" />
    </mem>
    <mem type="tenure" free="94491400" total="805306368" percent="11" macro-fragmented="47927252">
      <mem type="soa" free="86437640" total="797252608" percent="10" />
      <mem type="loa" free="8053760" total="8053760" percent="100" />
    </mem>
    <pending-finalizers system="52" default="1" reference="7" classloader="0" />
    <remembered-set count="126" />
  </mem-info>
</gc-end>
<cycle-end id="4543" type="scavenge" contextid="4537" timestamp="2022-02-08T16:16:45.751" />
<allocation-satisfied id="4544" threadId="0000000000016F00" bytesRequested="112" />
<af-end id="4545" timestamp="2022-02-08T16:16:45.751" threadId="0000000000017908" success="true" from="nursery"/>
<exclusive-end id="4546" timestamp="2022-02-08T16:16:45.751" durationms="86.966" />

<concurrent-kickoff id="4547" timestamp="2022-02-08T16:16:46.500">
  <kickoff reason="threshold reached" targetBytes="74442580" thresholdFreeBytes="5749085"  remainingFree="5729952" tenureFreeBytes="94491400" nurseryFreeBytes="5729952" />
</concurrent-kickoff>
<exclusive-start id="4548" timestamp="2022-02-08T16:16:46.504" intervalms="839.856">
  <response-info timems="0.025" idlems="0.025" threads="0" lastid="0000000000016F00" lastname="main" />
</exclusive-start>
<cycle-start id="4549" type="global" contextid="0" timestamp="2022-02-08T16:16:46.504" intervalms="3925.351" />
<concurrent-start id="4550" type="global mark" contextid="4549" timestamp="2022-02-08T16:16:46.504">
</concurrent-start>
<exclusive-end id="4551" timestamp="2022-02-08T16:16:46.504" durationms="0.034" />

<exclusive-start id="4552" timestamp="2022-02-08T16:16:46.632" intervalms="127.999">
  <response-info timems="0.045" idlems="0.045" threads="0" lastid="0000000000016F00" lastname="main" />
</exclusive-start>
<af-start id="4553" threadId="0000000000017908" totalBytesRequested="184" timestamp="2022-02-08T16:16:46.632" intervalms="967.902" type="nursery" />
<cycle-start id="4554" type="scavenge" contextid="0" timestamp="2022-02-08T16:16:46.632" intervalms="967.922" />
<gc-start id="4555" type="scavenge" contextid="4554" timestamp="2022-02-08T16:16:46.632">
  <mem-info id="4556" free="94491400" total="1073741824" percent="8">
    <mem type="nursery" free="0" total="268435456" percent="0">
      <mem type="allocate" free="0" total="183435264" percent="0" />
      <mem type="survivor" free="0" total="85000192" percent="0" />
    </mem>
    <mem type="tenure" free="94491400" total="805306368" percent="11">
      <mem type="soa" free="86437640" total="797252608" percent="10" />
      <mem type="loa" free="8053760" total="8053760" percent="100" />
    </mem>
    <remembered-set count="127" />
  </mem-info>
</gc-start>
<allocation-stats totalBytes="107128392" >
  <allocated-bytes non-tlh="112" tlh="107128280" />
  <largest-consumer threadName="main" threadId="0000000000016F00" bytes="107120200" />
</allocation-stats>
<gc-op id="4557" type="scavenge" timems="83.695" contextid="4554" timestamp="2022-02-08T16:16:46.716">
  <scavenger-info tenureage="1" tenuremask="7ffe" tiltratio="68" />
  <memory-copied type="nursery" objects="1375237" bytes="76296024" bytesdiscarded="194520" />
  <memory-copied type="tenure" objects="1457380" bytes="75701048" bytesdiscarded="35712" />
  <finalization candidates="57" enqueued="0" />
  <object-monitors candidates="2" cleared="0"  />
</gc-op>
<gc-end id="4558" type="scavenge" contextid="4554" durationms="84.066" usertimems="325.050" systemtimems="0.000" stalltimems="5.302" timestamp="2022-02-08T16:16:46.716" activeThreads="4">
  <mem-info id="4559" free="126071504" total="1073741824" percent="11">
    <mem type="nursery" free="107403472" total="268435456" percent="40">
      <mem type="allocate" free="107403472" total="183894016" percent="58" />
      <mem type="survivor" free="0" total="84541440" percent="0" />
    </mem>
    <mem type="tenure" free="18668032" total="805306368" percent="2" macro-fragmented="17029135">
      <mem type="soa" free="10614272" total="797252608" percent="1" />
      <mem type="loa" free="8053760" total="8053760" percent="100" />
    </mem>
    <remembered-set count="100" />
  </mem-info>
</gc-end>
<cycle-end id="4560" type="scavenge" contextid="4554" timestamp="2022-02-08T16:16:46.716" />
<allocation-satisfied id="4561" threadId="0000000000016F00" bytesRequested="184" />
<af-end id="4562" timestamp="2022-02-08T16:16:46.716" threadId="0000000000017908" success="true" from="nursery"/>
<exclusive-end id="4563" timestamp="2022-02-08T16:16:46.716" durationms="84.495" />

<concurrent-end id="4564" type="global mark" contextid="4549" timestamp="2022-02-08T16:16:46.849">
<gc-op id="4565" type="trace" timems="345.013" contextid="4549" timestamp="2022-02-08T16:16:46.849">
  <trace bytesTraced="74442804" workStackOverflowCount="0" />
  <card-cleaning reason="card cleaning threshold reached" bytesTraced="808" cardsCleaned="2" />
</gc-op>
</concurrent-end>

<exclusive-start id="4566" timestamp="2022-02-08T16:16:46.849" intervalms="217.132">
  <response-info timems="0.033" idlems="0.033" threads="0" lastid="0000000000016F00" lastname="main" />
</exclusive-start>
<concurrent-global-final id="4567" timestamp="2022-02-08T16:16:46.849" contextid="4549" intervalms="3921.815" >
  <concurrent-trace-info reason="card cleaning threshold reached" tracedByMutators="58472236" tracedByHelpers="15971376" cardsCleaned="2" workStackOverflowCount="0" />
</concurrent-global-final>
<gc-start id="4568" type="global" contextid="4549" timestamp="2022-02-08T16:16:46.849">
  <mem-info id="4569" free="118239768" total="1073741824" percent="11">
    <mem type="nursery" free="99571736" total="268435456" percent="37">
      <mem type="allocate" free="99571736" total="183894016" percent="54" />
      <mem type="survivor" free="0" total="84541440" percent="0" />
    </mem>
    <mem type="tenure" free="18668032" total="805306368" percent="2">
      <mem type="soa" free="10614272" total="797252608" percent="1" />
      <mem type="loa" free="8053760" total="8053760" percent="100" />
    </mem>
    <remembered-set count="100" />
  </mem-info>
</gc-start>
<allocation-stats totalBytes="7827848" >
  <allocated-bytes non-tlh="184" tlh="7827664" />
  <largest-consumer threadName="main" threadId="0000000000016F00" bytes="7827848" />
</allocation-stats>
<gc-op id="4570" type="rs-scan" timems="0.631" contextid="4549" timestamp="2022-02-08T16:16:46.850">
  <scan objectsFound="0" bytesTraced="3692" workStackOverflowCount="0" />
</gc-op>
<gc-op id="4571" type="card-cleaning" timems="151.825" contextid="4549" timestamp="2022-02-08T16:16:47.002">
  <card-cleaning cardsCleaned="10" bytesTraced="71014408" workStackOverflowCount="0" />
</gc-op>
<gc-op id="4572" type="mark" timems="72.887" contextid="4549" timestamp="2022-02-08T16:16:47.074">
  <trace-info objectcount="2412306" scancount="1810757" scanbytes="38697192" />
  <finalization candidates="428" enqueued="57" />
  <ownableSynchronizers candidates="1" cleared="0" />
  <references type="soft" candidates="894" cleared="0" enqueued="0" dynamicThreshold="12" maxThreshold="32" />
  <references type="weak" candidates="1701" cleared="0" enqueued="0" />
  <references type="phantom" candidates="52" cleared="2" enqueued="2" />
  <stringconstants candidates="6471" cleared="0"  />
  <object-monitors candidates="2" cleared="0"  />
</gc-op>
<gc-op id="4573" type="sweep" timems="5.567" contextid="4549" timestamp="2022-02-08T16:16:47.080" />
<gc-end id="4574" type="global" contextid="4549" durationms="231.327" usertimems="244.213" systemtimems="0.945" stalltimems="218.684" timestamp="2022-02-08T16:16:47.080" activeThreads="4">
  <mem-info id="4575" free="361481040" total="1073741824" percent="33">
    <mem type="nursery" free="99857024" total="268435456" percent="37">
      <mem type="allocate" free="99857024" total="183894016" percent="54" />
      <mem type="survivor" free="0" total="84541440" percent="0" />
    </mem>
    <mem type="tenure" free="261624016" total="805306368" percent="32" micro-fragmented="281294" macro-fragmented="0">
      <mem type="soa" free="253570256" total="797252608" percent="31" />
      <mem type="loa" free="8053760" total="8053760" percent="100" />
    </mem>
    <pending-finalizers system="57" default="0" reference="2" classloader="0" />
    <remembered-set count="100" />
  </mem-info>
</gc-end>
<cycle-end id="4576" type="global" contextid="4549" timestamp="2022-02-08T16:16:47.080" />
<exclusive-end id="4577" timestamp="2022-02-08T16:16:47.080" durationms="231.554" />

<exclusive-start id="4578" timestamp="2022-02-08T16:16:47.723" intervalms="874.053">
  <response-info timems="0.023" idlems="0.023" threads="0" lastid="0000000000016F00" lastname="main" />
</exclusive-start>
<af-start id="4579" threadId="0000000000017908" totalBytesRequested="40" timestamp="2022-02-08T16:16:47.723" intervalms="1091.130" type="nursery" />
<cycle-start id="4580" type="scavenge" contextid="0" timestamp="2022-02-08T16:16:47.723" intervalms="1091.107" />
<gc-start id="4581" type="scavenge" contextid="4580" timestamp="2022-02-08T16:16:47.723">
  <mem-info id="4582" free="261624016" total="1073741824" percent="24">
    <mem type="nursery" free="0" total="268435456" percent="0">
      <mem type="allocate" free="0" total="183894016" percent="0" />
      <mem type="survivor" free="0" total="84541440" percent="0" />
    </mem>
    <mem type="tenure" free="261624016" total="805306368" percent="32">
      <mem type="soa" free="253570256" total="797252608" percent="31" />
      <mem type="loa" free="8053760" total="8053760" percent="100" />
    </mem>
    <remembered-set count="103" />
  </mem-info>
</gc-start>
<allocation-stats totalBytes="99811648" >
  <allocated-bytes non-tlh="0" tlh="99811648" />
  <largest-consumer threadName="main" threadId="0000000000016F00" bytes="99807552" />
</allocation-stats>
<gc-op id="4583" type="scavenge" timems="82.406" contextid="4580" timestamp="2022-02-08T16:16:47.806">
  <scavenger-info tenureage="1" tenuremask="7ffe" tiltratio="68" />
  <memory-copied type="nursery" objects="1355230" bytes="76449976" bytesdiscarded="95816" />
  <memory-copied type="tenure" objects="1375236" bytes="76295920" bytesdiscarded="47864" />
  <ownableSynchronizers candidates="2" cleared="2" />
  <object-monitors candidates="2" cleared="0"  />
</gc-op>
<gc-end id="4584" type="scavenge" contextid="4580" durationms="82.779" usertimems="319.712" systemtimems="4.777" stalltimems="2.479" timestamp="2022-02-08T16:16:47.806" activeThreads="4">
  <mem-info id="4585" free="292699456" total="1073741824" percent="27">
    <mem type="nursery" free="107741440" total="268435456" percent="40">
      <mem type="allocate" free="107741440" total="184287232" percent="58" />
      <mem type="survivor" free="0" total="84148224" percent="0" />
    </mem>
    <mem type="tenure" free="184958016" total="805306368" percent="22" macro-fragmented="0">
      <mem type="soa" free="176904256" total="797252608" percent="22" />
      <mem type="loa" free="8053760" total="8053760" percent="100" />
    </mem>
    <remembered-set count="102" />
  </mem-info>
</gc-end>
<cycle-end id="4586" type="scavenge" contextid="4580" timestamp="2022-02-08T16:16:47.806" />
<allocation-satisfied id="4587" threadId="0000000000016F00" bytesRequested="40" />
<af-end id="4588" timestamp="2022-02-08T16:16:47.806" threadId="0000000000017908" success="true" from="nursery"/>
<exclusive-end id="4589" timestamp="2022-02-08T16:16:47.806" durationms="83.035" />

<exclusive-start id="4590" timestamp="2022-02-08T16:16:48.748" intervalms="1024.892">
  <response-info timems="0.018" idlems="0.018" threads="0" lastid="0000000000016F00" lastname="main" />
</exclusive-start>
<af-start id="4591" threadId="0000000000017908" totalBytesRequested="1347680" timestamp="2022-02-08T16:16:48.748" intervalms="1024.889" type="nursery" />
<cycle-start id="4592" type="scavenge" contextid="0" timestamp="2022-02-08T16:16:48.748" intervalms="1024.888" />
<gc-start id="4593" type="scavenge" contextid="4592" timestamp="2022-02-08T16:16:48.748">
  <mem-info id="4594" free="185482560" total="1073741824" percent="17">
    <mem type="nursery" free="524544" total="268435456" percent="0">
      <mem type="allocate" free="524544" total="184287232" percent="0" />
      <mem type="survivor" free="0" total="84148224" percent="0" />
    </mem>
    <mem type="tenure" free="184958016" total="805306368" percent="22">
      <mem type="soa" free="176904256" total="797252608" percent="22" />
      <mem type="loa" free="8053760" total="8053760" percent="100" />
    </mem>
    <remembered-set count="133" />
  </mem-info>
</gc-start>
<allocation-stats totalBytes="107164344" >
  <allocated-bytes non-tlh="1493584" tlh="105670760" />
  <largest-consumer threadName="main" threadId="0000000000016F00" bytes="107164344" />
</allocation-stats>
<gc-op id="4595" type="scavenge" timems="87.982" contextid="4592" timestamp="2022-02-08T16:16:48.836">
  <scavenger-info tenureage="1" tenuremask="7ffe" tiltratio="68" />
  <memory-copied type="nursery" objects="1439095" bytes="74812976" bytesdiscarded="208208" />
  <memory-copied type="tenure" objects="1355230" bytes="76449976" bytesdiscarded="40048" />
  <finalization candidates="110" enqueued="53" />
  <references type="soft" candidates="14" cleared="0" enqueued="0" dynamicThreshold="10" maxThreshold="32" />
  <references type="weak" candidates="1" cleared="0" enqueued="0" />
  <references type="phantom" candidates="95" cleared="7" enqueued="7" />
  <object-monitors candidates="2" cleared="0"  />
</gc-op>
<gc-end id="4596" type="scavenge" contextid="4592" durationms="88.360" usertimems="341.638" systemtimems="0.000" stalltimems="5.144" timestamp="2022-02-08T16:16:48.836" activeThreads="4">
  <mem-info id="4597" free="217971544" total="1073741824" percent="20">
    <mem type="nursery" free="109528064" total="268435456" percent="40">
      <mem type="allocate" free="109528064" total="184549376" percent="59" />
      <mem type="survivor" free="0" total="83886080" percent="0" />
    </mem>
    <mem type="tenure" free="108443480" total="805306368" percent="13" macro-fragmented="0">
      <mem type="soa" free="100389720" total="797252608" percent="12" />
      <mem type="loa" free="8053760" total="8053760" percent="100" />
    </mem>
    <pending-finalizers system="52" default="1" reference="7" classloader="0" />
    <remembered-set count="129" />
  </mem-info>
</gc-end>
<cycle-end id="4598" type="scavenge" contextid="4592" timestamp="2022-02-08T16:16:48.836" />
<allocation-satisfied id="4599" threadId="0000000000016F00" bytesRequested="1347680" />
<af-end id="4600" timestamp="2022-02-08T16:16:48.837" threadId="0000000000017908" success="true" from="nursery"/>
<exclusive-end id="4601" timestamp="2022-02-08T16:16:48.837" durationms="88.729" />

<concurrent-kickoff id="4602" timestamp="2022-02-08T16:16:49.570">
  <kickoff reason="threshold reached" targetBytes="74442783" thresholdFreeBytes="5748780"  remainingFree="5706656" tenureFreeBytes="108443480" nurseryFreeBytes="5706656" />
</concurrent-kickoff>
<exclusive-start id="4603" timestamp="2022-02-08T16:16:49.573" intervalms="825.125">
  <response-info timems="0.021" idlems="0.021" threads="0" lastid="0000000000016F00" lastname="main" />
</exclusive-start>
<cycle-start id="4604" type="global" contextid="0" timestamp="2022-02-08T16:16:49.573" intervalms="3069.198" />
<concurrent-start id="4605" type="global mark" contextid="4604" timestamp="2022-02-08T16:16:49.573">
</concurrent-start>
<exclusive-end id="4606" timestamp="2022-02-08T16:16:49.573" durationms="0.030" />

<exclusive-start id="4607" timestamp="2022-02-08T16:16:49.698" intervalms="125.486">
  <response-info timems="0.029" idlems="0.029" threads="0" lastid="0000000000016F00" lastname="main" />
</exclusive-start>
<af-start id="4608" threadId="0000000000017908" totalBytesRequested="200" timestamp="2022-02-08T16:16:49.699" intervalms="950.611" type="nursery" />
<cycle-start id="4609" type="scavenge" contextid="0" timestamp="2022-02-08T16:16:49.699" intervalms="950.613" />
<gc-start id="4610" type="scavenge" contextid="4609" timestamp="2022-02-08T16:16:49.699">
  <mem-info id="4611" free="108443480" total="1073741824" percent="10">
    <mem type="nursery" free="0" total="268435456" percent="0">
      <mem type="allocate" free="0" total="184549376" percent="0" />
      <mem type="survivor" free="0" total="83886080" percent="0" />
    </mem>
    <mem type="tenure" free="108443480" total="805306368" percent="13">
      <mem type="soa" free="100389720" total="797252608" percent="12" />
      <mem type="loa" free="8053760" total="8053760" percent="100" />
    </mem>
    <remembered-set count="130" />
  </mem-info>
</gc-start>
<allocation-stats totalBytes="109476808" >
  <allocated-bytes non-tlh="1347680" tlh="108129128" />
  <largest-consumer threadName="main" threadId="0000000000016F00" bytes="109468616" />
</allocation-stats>
<gc-op id="4612" type="scavenge" timems="93.315" contextid="4609" timestamp="2022-02-08T16:16:49.792">
  <scavenger-info tenureage="1" tenuremask="7ffe" tiltratio="68" />
  <memory-copied type="nursery" objects="1391470" bytes="78372256" bytesdiscarded="191680" />
  <memory-copied type="tenure" objects="1438384" bytes="74345120" bytesdiscarded="41200" />
  <finalization candidates="57" enqueued="0" />
  <object-monitors candidates="2" cleared="0"  />
</gc-op>
<gc-end id="4613" type="scavenge" contextid="4609" durationms="93.699" usertimems="345.130" systemtimems="0.000" stalltimems="4.850" timestamp="2022-02-08T16:16:49.792" activeThreads="4">
  <mem-info id="4614" free="136453136" total="1073741824" percent="12">
    <mem type="nursery" free="102315424" total="268435456" percent="38">
      <mem type="allocate" free="102315424" total="180879360" percent="56" />
      <mem type="survivor" free="0" total="87556096" percent="0" />
    </mem>
    <mem type="tenure" free="34137712" total="805306368" percent="4" macro-fragmented="0">
      <mem type="soa" free="26083952" total="797252608" percent="3" />
      <mem type="loa" free="8053760" total="8053760" percent="100" />
    </mem>
    <remembered-set count="96" />
  </mem-info>
</gc-end>
<cycle-end id="4615" type="scavenge" contextid="4609" timestamp="2022-02-08T16:16:49.792" />
<allocation-satisfied id="4616" threadId="0000000000016F00" bytesRequested="200" />
<af-end id="4617" timestamp="2022-02-08T16:16:49.792" threadId="0000000000017908" success="true" from="nursery"/>
<exclusive-end id="4618" timestamp="2022-02-08T16:16:49.792" durationms="93.961" />

<concurrent-end id="4619" type="global mark" contextid="4604" timestamp="2022-02-08T16:16:49.928">
<gc-op id="4620" type="trace" timems="355.263" contextid="4604" timestamp="2022-02-08T16:16:49.928">
  <trace bytesTraced="74442900" workStackOverflowCount="0" />
  <card-cleaning reason="card cleaning threshold reached" bytesTraced="808" cardsCleaned="2" />
</gc-op>
</concurrent-end>

<exclusive-start id="4621" timestamp="2022-02-08T16:16:49.928" intervalms="229.859">
  <response-info timems="0.019" idlems="0.019" threads="0" lastid="0000000000016F00" lastname="main" />
</exclusive-start>
<concurrent-global-final id="4622" timestamp="2022-02-08T16:16:49.928" contextid="4604" intervalms="3079.408" >
  <concurrent-trace-info reason="card cleaning threshold reached" tracedByMutators="58079100" tracedByHelpers="16364608" cardsCleaned="2" workStackOverflowCount="0" />
</concurrent-global-final>
<gc-start id="4623" type="global" contextid="4604" timestamp="2022-02-08T16:16:49.928">
  <mem-info id="4624" free="128359240" total="1073741824" percent="11">
    <mem type="nursery" free="94221528" total="268435456" percent="35">
      <mem type="allocate" free="94221528" total="180879360" percent="52" />
      <mem type="survivor" free="0" total="87556096" percent="0" />
    </mem>
    <mem type="tenure" free="34137712" total="805306368" percent="4">
      <mem type="soa" free="26083952" total="797252608" percent="3" />
      <mem type="loa" free="8053760" total="8053760" percent="100" />
    </mem>
    <remembered-set count="96" />
  </mem-info>
</gc-start>
<allocation-stats totalBytes="8090344" >
  <allocated-bytes non-tlh="200" tlh="8090144" />
  <largest-consumer threadName="main" threadId="0000000000016F00" bytes="8090344" />
</allocation-stats>
<gc-op id="4625" type="rs-scan" timems="0.515" contextid="4604" timestamp="2022-02-08T16:16:49.929">
  <scan objectsFound="0" bytesTraced="3692" workStackOverflowCount="0" />
</gc-op>
<gc-op id="4626" type="card-cleaning" timems="176.635" contextid="4604" timestamp="2022-02-08T16:16:50.106">
  <card-cleaning cardsCleaned="11" bytesTraced="71014648" workStackOverflowCount="0" />
</gc-op>
<gc-op id="4627" type="mark" timems="61.762" contextid="4604" timestamp="2022-02-08T16:16:50.167">
  <trace-info objectcount="2172437" scancount="1630855" scanbytes="34859304" />
  <finalization candidates="428" enqueued="57" />
  <ownableSynchronizers candidates="1" cleared="0" />
  <references type="soft" candidates="894" cleared="0" enqueued="0" dynamicThreshold="10" maxThreshold="32" />
  <references type="weak" candidates="1701" cleared="0" enqueued="0" />
  <references type="phantom" candidates="52" cleared="2" enqueued="2" />
  <stringconstants candidates="6471" cleared="0"  />
  <object-monitors candidates="2" cleared="0"  />
</gc-op>
<gc-op id="4628" type="sweep" timems="5.409" contextid="4604" timestamp="2022-02-08T16:16:50.173" />
<gc-end id="4629" type="global" contextid="4604" durationms="244.937" usertimems="258.188" systemtimems="2.560" stalltimems="184.905" timestamp="2022-02-08T16:16:50.173" activeThreads="4">
  <mem-info id="4630" free="371670720" total="1073741824" percent="34">
    <mem type="nursery" free="94506384" total="268435456" percent="35">
      <mem type="allocate" free="94506384" total="180879360" percent="52" />
      <mem type="survivor" free="0" total="87556096" percent="0" />
    </mem>
    <mem type="tenure" free="277164336" total="805306368" percent="34" micro-fragmented="309602" macro-fragmented="0">
      <mem type="soa" free="269110576" total="797252608" percent="33" />
      <mem type="loa" free="8053760" total="8053760" percent="100" />
    </mem>
    <pending-finalizers system="57" default="0" reference="2" classloader="0" />
    <remembered-set count="96" />
  </mem-info>
</gc-end>
<cycle-end id="4631" type="global" contextid="4604" timestamp="2022-02-08T16:16:50.174" />
<exclusive-end id="4632" timestamp="2022-02-08T16:16:50.174" durationms="245.178" />

<exclusive-start id="4633" timestamp="2022-02-08T16:16:50.791" intervalms="862.526">
  <response-info timems="0.022" idlems="0.022" threads="0" lastid="0000000000016F00" lastname="main" />
</exclusive-start>
<af-start id="4634" threadId="0000000000017908" totalBytesRequested="224" timestamp="2022-02-08T16:16:50.791" intervalms="1092.394" type="nursery" />
<cycle-start id="4635" type="scavenge" contextid="0" timestamp="2022-02-08T16:16:50.791" intervalms="1092.395" />
<gc-start id="4636" type="scavenge" contextid="4635" timestamp="2022-02-08T16:16:50.791">
  <mem-info id="4637" free="277164336" total="1073741824" percent="25">
    <mem type="nursery" free="0" total="268435456" percent="0">
      <mem type="allocate" free="0" total="180879360" percent="0" />
      <mem type="survivor" free="0" total="87556096" percent="0" />
    </mem>
    <mem type="tenure" free="277164336" total="805306368" percent="34">
      <mem type="soa" free="269110576" total="797252608" percent="33" />
      <mem type="loa" free="8053760" total="8053760" percent="100" />
    </mem>
    <remembered-set count="99" />
  </mem-info>
</gc-start>
<allocation-stats totalBytes="94459544" >
  <allocated-bytes non-tlh="0" tlh="94459544" />
  <largest-consumer threadName="main" threadId="0000000000016F00" bytes="94455448" />
</allocation-stats>
<gc-op id="4638" type="scavenge" timems="82.074" contextid="4635" timestamp="2022-02-08T16:16:50.873">
  <scavenger-info tenureage="1" tenuremask="7ffe" tiltratio="67" />
  <memory-copied type="nursery" objects="1287955" bytes="72826752" bytesdiscarded="121448" />
  <memory-copied type="tenure" objects="1391469" bytes="78372144" bytesdiscarded="45224" />
  <ownableSynchronizers candidates="2" cleared="2" />
  <object-monitors candidates="2" cleared="0"  />
</gc-op>
<gc-end id="4639" type="scavenge" contextid="4635" durationms="82.429" usertimems="317.287" systemtimems="0.338" stalltimems="4.466" timestamp="2022-02-08T16:16:50.873" activeThreads="4">
  <mem-info id="4640" free="306951544" total="1073741824" percent="28">
    <mem type="nursery" free="108455448" total="268435456" percent="40">
      <mem type="allocate" free="108455448" total="181403648" percent="59" />
      <mem type="survivor" free="0" total="87031808" percent="0" />
    </mem>
    <mem type="tenure" free="198496096" total="805306368" percent="24" macro-fragmented="0">
      <mem type="soa" free="190442336" total="797252608" percent="23" />
      <mem type="loa" free="8053760" total="8053760" percent="100" />
    </mem>
    <remembered-set count="102" />
  </mem-info>
</gc-end>
<cycle-end id="4641" type="scavenge" contextid="4635" timestamp="2022-02-08T16:16:50.874" />
<allocation-satisfied id="4642" threadId="0000000000016F00" bytesRequested="224" />
<af-end id="4643" timestamp="2022-02-08T16:16:50.874" threadId="0000000000017908" success="true" from="nursery"/>
<exclusive-end id="4644" timestamp="2022-02-08T16:16:50.874" durationms="82.819" />

<exclusive-start id="4645" timestamp="2022-02-08T16:16:51.793" intervalms="1002.551">
  <response-info timems="0.018" idlems="0.018" threads="0" lastid="0000000000016F00" lastname="main" />
</exclusive-start>
<af-start id="4646" threadId="0000000000017908" totalBytesRequested="16" timestamp="2022-02-08T16:16:51.793" intervalms="1002.543" type="nursery" />
<cycle-start id="4647" type="scavenge" contextid="0" timestamp="2022-02-08T16:16:51.793" intervalms="1002.541" />
<gc-start id="4648" type="scavenge" contextid="4647" timestamp="2022-02-08T16:16:51.794">
  <mem-info id="4649" free="198496096" total="1073741824" percent="18">
    <mem type="nursery" free="0" total="268435456" percent="0">
      <mem type="allocate" free="0" total="181403648" percent="0" />
      <mem type="survivor" free="0" total="87031808" percent="0" />
    </mem>
    <mem type="tenure" free="198496096" total="805306368" percent="24">
      <mem type="soa" free="190442336" total="797252608" percent="23" />
      <mem type="loa" free="8053760" total="8053760" percent="100" />
    </mem>
    <remembered-set count="133" />
  </mem-info>
</gc-start>
<allocation-stats totalBytes="108407776" >
  <allocated-bytes non-tlh="1493992" tlh="106913784" />
  <largest-consumer threadName="main" threadId="0000000000016F00" bytes="108407776" />
</allocation-stats>
<gc-op id="4650" type="scavenge" timems="84.447" contextid="4647" timestamp="2022-02-08T16:16:51.878">
  <scavenger-info tenureage="1" tenuremask="7ffe" tiltratio="67" />
  <memory-copied type="nursery" objects="1490014" bytes="76344872" bytesdiscarded="204128" />
  <memory-copied type="tenure" objects="1287954" bytes="72826632" bytesdiscarded="40800" />
  <finalization candidates="109" enqueued="53" />
  <references type="soft" candidates="14" cleared="0" enqueued="0" dynamicThreshold="11" maxThreshold="32" />
  <references type="weak" candidates="1" cleared="0" enqueued="0" />
  <references type="phantom" candidates="94" cleared="7" enqueued="7" />
  <object-monitors candidates="2" cleared="0"  />
</gc-op>
<gc-end id="4651" type="scavenge" contextid="4647" durationms="84.809" usertimems="323.319" systemtimems="0.004" stalltimems="5.099" timestamp="2022-02-08T16:16:51.878" activeThreads="4">
  <mem-info id="4652" free="230662016" total="1073741824" percent="21">
    <mem type="nursery" free="105051128" total="268435456" percent="39">
      <mem type="allocate" free="105051128" total="181600256" percent="57" />
      <mem type="survivor" free="0" total="86835200" percent="0" />
    </mem>
    <mem type="tenure" free="125610888" total="805306368" percent="15" macro-fragmented="1041780">
      <mem type="soa" free="117557128" total="797252608" percent="14" />
      <mem type="loa" free="8053760" total="8053760" percent="100" />
    </mem>
    <pending-finalizers system="52" default="1" reference="7" classloader="0" />
    <remembered-set count="129" />
  </mem-info>
</gc-end>
<cycle-end id="4653" type="scavenge" contextid="4647" timestamp="2022-02-08T16:16:51.878" />
<allocation-satisfied id="4654" threadId="0000000000016F00" bytesRequested="16" />
<af-end id="4655" timestamp="2022-02-08T16:16:51.879" threadId="0000000000017908" success="true" from="nursery"/>
<exclusive-end id="4656" timestamp="2022-02-08T16:16:51.879" durationms="85.093" />

<concurrent-kickoff id="4657" timestamp="2022-02-08T16:16:52.636">
  <kickoff reason="threshold reached" targetBytes="74442973" thresholdFreeBytes="5748512"  remainingFree="5633016" tenureFreeBytes="125610888" nurseryFreeBytes="5633016" />
</concurrent-kickoff>
<exclusive-start id="4658" timestamp="2022-02-08T16:16:52.639" intervalms="845.197">
  <response-info timems="0.022" idlems="0.022" threads="0" lastid="0000000000016F00" lastname="main" />
</exclusive-start>
<cycle-start id="4659" type="global" contextid="0" timestamp="2022-02-08T16:16:52.639" intervalms="3065.616" />
<concurrent-start id="4660" type="global mark" contextid="4659" timestamp="2022-02-08T16:16:52.639">
</concurrent-start>
<exclusive-end id="4661" timestamp="2022-02-08T16:16:52.639" durationms="0.036" />

<exclusive-start id="4662" timestamp="2022-02-08T16:16:52.769" intervalms="130.589">
  <response-info timems="0.041" idlems="0.041" threads="0" lastid="0000000000016F00" lastname="main" />
</exclusive-start>
<af-start id="4663" threadId="0000000000017908" totalBytesRequested="104" timestamp="2022-02-08T16:16:52.769" intervalms="975.788" type="nursery" />
<cycle-start id="4664" type="scavenge" contextid="0" timestamp="2022-02-08T16:16:52.769" intervalms="975.788" />
<gc-start id="4665" type="scavenge" contextid="4664" timestamp="2022-02-08T16:16:52.769">
  <mem-info id="4666" free="125610888" total="1073741824" percent="11">
    <mem type="nursery" free="0" total="268435456" percent="0">
      <mem type="allocate" free="0" total="181600256" percent="0" />
      <mem type="survivor" free="0" total="86835200" percent="0" />
    </mem>
    <mem type="tenure" free="125610888" total="805306368" percent="15">
      <mem type="soa" free="117557128" total="797252608" percent="14" />
      <mem type="loa" free="8053760" total="8053760" percent="100" />
    </mem>
    <remembered-set count="130" />
  </mem-info>
</gc-start>
<allocation-stats totalBytes="104999872" >
  <allocated-bytes non-tlh="1347696" tlh="103652176" />
  <largest-consumer threadName="main" threadId="0000000000016F00" bytes="104991680" />
</allocation-stats>
<gc-op id="4667" type="scavenge" timems="88.877" contextid="4664" timestamp="2022-02-08T16:16:52.858">
  <scavenger-info tenureage="1" tenuremask="7ffe" tiltratio="67" />
  <memory-copied type="nursery" objects="1315746" bytes="75154176" bytesdiscarded="290176" />
  <memory-copied type="tenure" objects="1489295" bytes="75401704" bytesdiscarded="40136" />
  <finalization candidates="57" enqueued="0" />
  <references type="phantom" candidates="1" cleared="0" enqueued="0" />
  <object-monitors candidates="2" cleared="0"  />
</gc-op>
<gc-end id="4668" type="scavenge" contextid="4664" durationms="89.300" usertimems="344.850" systemtimems="2.938" stalltimems="4.424" timestamp="2022-02-08T16:16:52.859" activeThreads="4">
  <mem-info id="4669" free="157258320" total="1073741824" percent="14">
    <mem type="nursery" free="107007872" total="268435456" percent="39">
      <mem type="allocate" free="107007872" total="182452224" percent="58" />
      <mem type="survivor" free="0" total="85983232" percent="0" />
    </mem>
    <mem type="tenure" free="50250448" total="805306368" percent="6" macro-fragmented="13375613">
      <mem type="soa" free="42196688" total="797252608" percent="5" />
      <mem type="loa" free="8053760" total="8053760" percent="100" />
    </mem>
    <remembered-set count="98" />
  </mem-info>
</gc-end>
<cycle-end id="4670" type="scavenge" contextid="4664" timestamp="2022-02-08T16:16:52.859" />
<allocation-satisfied id="4671" threadId="0000000000016F00" bytesRequested="104" />
<af-end id="4672" timestamp="2022-02-08T16:16:52.859" threadId="0000000000017908" success="true" from="nursery"/>
<exclusive-end id="4673" timestamp="2022-02-08T16:16:52.859" durationms="89.563" />

<concurrent-end id="4674" type="global mark" contextid="4659" timestamp="2022-02-08T16:16:52.994">
<gc-op id="4675" type="trace" timems="355.251" contextid="4659" timestamp="2022-02-08T16:16:52.994">
  <trace bytesTraced="74443156" workStackOverflowCount="0" />
  <card-cleaning reason="card cleaning threshold reached" bytesTraced="808" cardsCleaned="2" />
</gc-op>
</concurrent-end>

<exclusive-start id="4676" timestamp="2022-02-08T16:16:52.994" intervalms="224.756">
  <response-info timems="0.019" idlems="0.019" threads="0" lastid="0000000000016F00" lastname="main" />
</exclusive-start>
<concurrent-global-final id="4677" timestamp="2022-02-08T16:16:52.994" contextid="4659" intervalms="3065.620" >
  <concurrent-trace-info reason="card cleaning threshold reached" tracedByMutators="58703212" tracedByHelpers="15740752" cardsCleaned="2" workStackOverflowCount="0" />
</concurrent-global-final>
<gc-start id="4678" type="global" contextid="4659" timestamp="2022-02-08T16:16:52.994">
  <mem-info id="4679" free="149688808" total="1073741824" percent="13">
    <mem type="nursery" free="99438360" total="268435456" percent="37">
      <mem type="allocate" free="99438360" total="182452224" percent="54" />
      <mem type="survivor" free="0" total="85983232" percent="0" />
    </mem>
    <mem type="tenure" free="50250448" total="805306368" percent="6">
      <mem type="soa" free="42196688" total="797252608" percent="5" />
      <mem type="loa" free="8053760" total="8053760" percent="100" />
    </mem>
    <remembered-set count="98" />
  </mem-info>
</gc-start>
<allocation-stats totalBytes="7566000" >
  <allocated-bytes non-tlh="104" tlh="7565896" />
  <largest-consumer threadName="main" threadId="0000000000016F00" bytes="7566000" />
</allocation-stats>
<gc-op id="4680" type="rs-scan" timems="0.987" contextid="4659" timestamp="2022-02-08T16:16:52.995">
  <scan objectsFound="29" bytesTraced="5124" workStackOverflowCount="0" />
</gc-op>
<gc-op id="4681" type="card-cleaning" timems="157.387" contextid="4659" timestamp="2022-02-08T16:16:53.152">
  <card-cleaning cardsCleaned="9" bytesTraced="71012712" workStackOverflowCount="0" />
</gc-op>
<gc-op id="4682" type="mark" timems="50.396" contextid="4659" timestamp="2022-02-08T16:16:53.203">
  <trace-info objectcount="1823326" scancount="1369022" scanbytes="29273512" />
  <finalization candidates="428" enqueued="57" />
  <ownableSynchronizers candidates="1" cleared="0" />
  <references type="soft" candidates="894" cleared="0" enqueued="0" dynamicThreshold="11" maxThreshold="32" />
  <references type="weak" candidates="1701" cleared="0" enqueued="0" />
  <references type="phantom" candidates="52" cleared="2" enqueued="2" />
  <stringconstants candidates="6471" cleared="0"  />
  <object-monitors candidates="2" cleared="0"  />
</gc-op>
<gc-op id="4683" type="sweep" timems="6.234" contextid="4659" timestamp="2022-02-08T16:16:53.209" />
<gc-end id="4684" type="global" contextid="4659" durationms="215.230" usertimems="228.051" systemtimems="0.937" stalltimems="155.764" timestamp="2022-02-08T16:16:53.209" activeThreads="4">
  <mem-info id="4685" free="392995200" total="1073741824" percent="36">
    <mem type="nursery" free="99819432" total="268435456" percent="37">
      <mem type="allocate" free="99819432" total="182452224" percent="54" />
      <mem type="survivor" free="0" total="85983232" percent="0" />
    </mem>
    <mem type="tenure" free="293175768" total="805306368" percent="36" micro-fragmented="325751" macro-fragmented="0">
      <mem type="soa" free="285122008" total="797252608" percent="35" />
      <mem type="loa" free="8053760" total="8053760" percent="100" />
    </mem>
    <pending-finalizers system="57" default="0" reference="2" classloader="0" />
    <remembered-set count="98" />
  </mem-info>
</gc-end>
<cycle-end id="4686" type="global" contextid="4659" timestamp="2022-02-08T16:16:53.209" />
<exclusive-end id="4687" timestamp="2022-02-08T16:16:53.209" durationms="215.464" />

<exclusive-start id="4688" timestamp="2022-02-08T16:16:53.898" intervalms="904.255">
  <response-info timems="0.019" idlems="0.019" threads="0" lastid="0000000000016F00" lastname="main" />
</exclusive-start>
<af-start id="4689" threadId="0000000000017908" totalBytesRequested="184" timestamp="2022-02-08T16:16:53.898" intervalms="1129.010" type="nursery" />
<cycle-start id="4690" type="scavenge" contextid="0" timestamp="2022-02-08T16:16:53.898" intervalms="1129.010" />
<gc-start id="4691" type="scavenge" contextid="4690" timestamp="2022-02-08T16:16:53.898">
  <mem-info id="4692" free="293175768" total="1073741824" percent="27">
    <mem type="nursery" free="0" total="268435456" percent="0">
      <mem type="allocate" free="0" total="182452224" percent="0" />
      <mem type="survivor" free="0" total="85983232" percent="0" />
    </mem>
    <mem type="tenure" free="293175768" total="805306368" percent="36">
      <mem type="soa" free="285122008" total="797252608" percent="35" />
      <mem type="loa" free="8053760" total="8053760" percent="100" />
    </mem>
    <remembered-set count="101" />
  </mem-info>
</gc-start>
<allocation-stats totalBytes="99772024" >
  <allocated-bytes non-tlh="0" tlh="99772024" />
  <largest-consumer threadName="main" threadId="0000000000016F00" bytes="99767928" />
</allocation-stats>
<gc-op id="4693" type="scavenge" timems="84.362" contextid="4690" timestamp="2022-02-08T16:16:53.983">
  <scavenger-info tenureage="1" tenuremask="7ffe" tiltratio="67" />
  <memory-copied type="nursery" objects="1357471" bytes="76258552" bytesdiscarded="229080" />
  <memory-copied type="tenure" objects="1315746" bytes="75154176" bytesdiscarded="45464" />
  <finalization candidates="1" enqueued="0" />
  <ownableSynchronizers candidates="2" cleared="2" />
  <object-monitors candidates="2" cleared="0"  />
</gc-op>
<gc-end id="4694" type="scavenge" contextid="4690" durationms="84.850" usertimems="329.310" systemtimems="0.316" stalltimems="4.708" timestamp="2022-02-08T16:16:53.983" activeThreads="4">
  <mem-info id="4695" free="324257264" total="1073741824" percent="30">
    <mem type="nursery" free="106423344" total="268435456" percent="39">
      <mem type="allocate" free="106423344" total="182910976" percent="58" />
      <mem type="survivor" free="0" total="85524480" percent="0" />
    </mem>
    <mem type="tenure" free="217833920" total="805306368" percent="27" macro-fragmented="0">
      <mem type="soa" free="209780160" total="797252608" percent="26" />
      <mem type="loa" free="8053760" total="8053760" percent="100" />
    </mem>
    <remembered-set count="102" />
  </mem-info>
</gc-end>
<cycle-end id="4696" type="scavenge" contextid="4690" timestamp="2022-02-08T16:16:53.983" />
<allocation-satisfied id="4697" threadId="0000000000016F00" bytesRequested="184" />
<af-end id="4698" timestamp="2022-02-08T16:16:53.983" threadId="0000000000017908" success="true" from="nursery"/>
<exclusive-end id="4699" timestamp="2022-02-08T16:16:53.983" durationms="85.192" />

<exclusive-start id="4700" timestamp="2022-02-08T16:16:54.883" intervalms="984.496">
  <response-info timems="0.021" idlems="0.021" threads="0" lastid="0000000000016F00" lastname="main" />
</exclusive-start>
<af-start id="4701" threadId="0000000000017908" totalBytesRequested="112" timestamp="2022-02-08T16:16:54.883" intervalms="984.496" type="nursery" />
<cycle-start id="4702" type="scavenge" contextid="0" timestamp="2022-02-08T16:16:54.883" intervalms="984.498" />
<gc-start id="4703" type="scavenge" contextid="4702" timestamp="2022-02-08T16:16:54.883">
  <mem-info id="4704" free="217833920" total="1073741824" percent="20">
    <mem type="nursery" free="0" total="268435456" percent="0">
      <mem type="allocate" free="0" total="182910976" percent="0" />
      <mem type="survivor" free="0" total="85524480" percent="0" />
    </mem>
    <mem type="tenure" free="217833920" total="805306368" percent="27">
      <mem type="soa" free="209780160" total="797252608" percent="26" />
      <mem type="loa" free="8053760" total="8053760" percent="100" />
    </mem>
    <remembered-set count="133" />
  </mem-info>
</gc-start>
<allocation-stats totalBytes="106377240" >
  <allocated-bytes non-tlh="849112" tlh="105528128" />
  <largest-consumer threadName="main" threadId="0000000000016F00" bytes="106377240" />
</allocation-stats>
<gc-op id="4705" type="scavenge" timems="85.673" contextid="4702" timestamp="2022-02-08T16:16:54.969">
  <scavenger-info tenureage="1" tenuremask="7ffe" tiltratio="68" />
  <memory-copied type="nursery" objects="1452780" bytes="74933832" bytesdiscarded="166280" />
  <memory-copied type="tenure" objects="1357470" bytes="76258448" bytesdiscarded="42672" />
  <finalization candidates="105" enqueued="53" />
  <references type="soft" candidates="14" cleared="0" enqueued="0" dynamicThreshold="11" maxThreshold="32" />
  <references type="weak" candidates="1" cleared="0" enqueued="0" />
  <references type="phantom" candidates="90" cleared="7" enqueued="7" />
  <object-monitors candidates="2" cleared="0"  />
</gc-op>
<gc-end id="4706" type="scavenge" contextid="4702" durationms="86.190" usertimems="324.826" systemtimems="8.326" stalltimems="6.540" timestamp="2022-02-08T16:16:54.969" activeThreads="4">
  <mem-info id="4707" free="249819168" total="1073741824" percent="23">
    <mem type="nursery" free="108466096" total="268435456" percent="40">
      <mem type="allocate" free="108466096" total="183566336" percent="59" />
      <mem type="survivor" free="0" total="84869120" percent="0" />
    </mem>
    <mem type="tenure" free="141353072" total="805306368" percent="17" macro-fragmented="1041780">
      <mem type="soa" free="133299312" total="797252608" percent="16" />
      <mem type="loa" free="8053760" total="8053760" percent="100" />
    </mem>
    <pending-finalizers system="52" default="1" reference="7" classloader="0" />
    <remembered-set count="129" />
  </mem-info>
</gc-end>
<cycle-end id="4708" type="scavenge" contextid="4702" timestamp="2022-02-08T16:16:54.969" />
<allocation-satisfied id="4709" threadId="0000000000016F00" bytesRequested="112" />
<af-end id="4710" timestamp="2022-02-08T16:16:54.969" threadId="0000000000017908" success="true" from="nursery"/>
<exclusive-end id="4711" timestamp="2022-02-08T16:16:54.969" durationms="86.498" />

<concurrent-kickoff id="4712" timestamp="2022-02-08T16:16:55.681">
  <kickoff reason="threshold reached" targetBytes="74443171" thresholdFreeBytes="5751474"  remainingFree="5703672" tenureFreeBytes="141353072" nurseryFreeBytes="5703672" />
</concurrent-kickoff>
<exclusive-start id="4713" timestamp="2022-02-08T16:16:55.684" intervalms="801.280">
  <response-info timems="0.027" idlems="0.027" threads="0" lastid="0000000000016F00" lastname="main" />
</exclusive-start>
<cycle-start id="4714" type="global" contextid="0" timestamp="2022-02-08T16:16:55.684" intervalms="3045.386" />
<concurrent-start id="4715" type="global mark" contextid="4714" timestamp="2022-02-08T16:16:55.684">
</concurrent-start>
<exclusive-end id="4716" timestamp="2022-02-08T16:16:55.684" durationms="0.040" />

<exclusive-start id="4717" timestamp="2022-02-08T16:16:55.798" intervalms="113.615">
  <response-info timems="0.019" idlems="0.019" threads="0" lastid="0000000000016F00" lastname="main" />
</exclusive-start>
<af-start id="4718" threadId="0000000000017908" totalBytesRequested="184" timestamp="2022-02-08T16:16:55.798" intervalms="914.898" type="nursery" />
<cycle-start id="4719" type="scavenge" contextid="0" timestamp="2022-02-08T16:16:55.798" intervalms="914.896" />
<gc-start id="4720" type="scavenge" contextid="4719" timestamp="2022-02-08T16:16:55.798">
  <mem-info id="4721" free="141353072" total="1073741824" percent="13">
    <mem type="nursery" free="0" total="268435456" percent="0">
      <mem type="allocate" free="0" total="183566336" percent="0" />
      <mem type="survivor" free="0" total="84869120" percent="0" />
    </mem>
    <mem type="tenure" free="141353072" total="805306368" percent="17">
      <mem type="soa" free="133299312" total="797252608" percent="16" />
      <mem type="loa" free="8053760" total="8053760" percent="100" />
    </mem>
    <remembered-set count="130" />
  </mem-info>
</gc-start>
<allocation-stats totalBytes="108413320" >
  <allocated-bytes non-tlh="1992632" tlh="106420688" />
  <largest-consumer threadName="main" threadId="0000000000016F00" bytes="108405128" />
</allocation-stats>
<gc-op id="4722" type="scavenge" timems="103.382" contextid="4719" timestamp="2022-02-08T16:16:55.901">
  <scavenger-info tenureage="1" tenuremask="7ffe" tiltratio="68" />
  <memory-copied type="nursery" objects="1368792" bytes="77129472" bytesdiscarded="87392" />
  <memory-copied type="tenure" objects="1452058" bytes="74404824" bytesdiscarded="37880" />
  <finalization candidates="57" enqueued="0" />
  <references type="phantom" candidates="5" cleared="0" enqueued="0" />
  <object-monitors candidates="2" cleared="0"  />
</gc-op>
<gc-end id="4723" type="scavenge" contextid="4719" durationms="103.897" usertimems="404.880" systemtimems="0.774" stalltimems="4.459" timestamp="2022-02-08T16:16:55.902" activeThreads="4">
  <mem-info id="4724" free="172637816" total="1073741824" percent="16">
    <mem type="nursery" free="105694112" total="268435456" percent="39">
      <mem type="allocate" free="105694112" total="182910976" percent="57" />
      <mem type="survivor" free="0" total="85524480" percent="0" />
    </mem>
    <mem type="tenure" free="66943704" total="805306368" percent="8" macro-fragmented="47927252">
      <mem type="soa" free="58889944" total="797252608" percent="7" />
      <mem type="loa" free="8053760" total="8053760" percent="100" />
    </mem>
    <remembered-set count="99" />
  </mem-info>
</gc-end>
<cycle-end id="4725" type="scavenge" contextid="4719" timestamp="2022-02-08T16:16:55.902" />
<allocation-satisfied id="4726" threadId="0000000000016F00" bytesRequested="184" />
<af-end id="4727" timestamp="2022-02-08T16:16:55.902" threadId="0000000000017908" success="true" from="nursery"/>
<exclusive-end id="4728" timestamp="2022-02-08T16:16:55.902" durationms="104.446" />

<concurrent-end id="4729" type="global mark" contextid="4714" timestamp="2022-02-08T16:16:56.124">
<gc-op id="4730" type="trace" timems="439.525" contextid="4714" timestamp="2022-02-08T16:16:56.124">
  <trace bytesTraced="74443428" workStackOverflowCount="0" />
  <card-cleaning reason="card cleaning threshold reached" bytesTraced="808" cardsCleaned="2" />
</gc-op>
</concurrent-end>

<exclusive-start id="4731" timestamp="2022-02-08T16:16:56.124" intervalms="325.991">
  <response-info timems="0.017" idlems="0.017" threads="0" lastid="0000000000016F00" lastname="main" />
</exclusive-start>
<concurrent-global-final id="4732" timestamp="2022-02-08T16:16:56.124" contextid="4714" intervalms="3129.637" >
  <concurrent-trace-info reason="card cleaning threshold reached" tracedByMutators="50313592" tracedByHelpers="24130644" cardsCleaned="2" workStackOverflowCount="0" />
</concurrent-global-final>
<gc-start id="4733" type="global" contextid="4714" timestamp="2022-02-08T16:16:56.124">
  <mem-info id="4734" free="157597120" total="1073741824" percent="14">
    <mem type="nursery" free="90653416" total="268435456" percent="33">
      <mem type="allocate" free="90653416" total="182910976" percent="49" />
      <mem type="survivor" free="0" total="85524480" percent="0" />
    </mem>
    <mem type="tenure" free="66943704" total="805306368" percent="8">
      <mem type="soa" free="58889944" total="797252608" percent="7" />
      <mem type="loa" free="8053760" total="8053760" percent="100" />
    </mem>
    <remembered-set count="99" />
  </mem-info>
</gc-start>
<allocation-stats totalBytes="15033128" >
  <allocated-bytes non-tlh="184" tlh="15032944" />
  <largest-consumer threadName="main" threadId="0000000000016F00" bytes="15033128" />
</allocation-stats>
<gc-op id="4735" type="rs-scan" timems="0.993" contextid="4714" timestamp="2022-02-08T16:16:56.125">
  <scan objectsFound="29" bytesTraced="5124" workStackOverflowCount="0" />
</gc-op>
<gc-op id="4736" type="card-cleaning" timems="147.526" contextid="4714" timestamp="2022-02-08T16:16:56.272">
  <card-cleaning cardsCleaned="9" bytesTraced="71012648" workStackOverflowCount="0" />
</gc-op>
<gc-op id="4737" type="mark" timems="53.063" contextid="4714" timestamp="2022-02-08T16:16:56.325">
  <trace-info objectcount="1656383" scancount="1243815" scanbytes="26602408" />
  <finalization candidates="428" enqueued="57" />
  <ownableSynchronizers candidates="1" cleared="0" />
  <references type="soft" candidates="894" cleared="0" enqueued="0" dynamicThreshold="11" maxThreshold="32" />
  <references type="weak" candidates="1701" cleared="0" enqueued="0" />
  <references type="phantom" candidates="52" cleared="2" enqueued="2" />
  <stringconstants candidates="6471" cleared="0"  />
  <object-monitors candidates="2" cleared="0"  />
</gc-op>
<gc-op id="4738" type="sweep" timems="10.709" contextid="4714" timestamp="2022-02-08T16:16:56.336" />
<gc-end id="4739" type="global" contextid="4714" durationms="212.558" usertimems="243.612" systemtimems="5.538" stalltimems="164.625" timestamp="2022-02-08T16:16:56.336" activeThreads="4">
  <mem-info id="4740" free="400801744" total="1073741824" percent="37">
    <mem type="nursery" free="90835072" total="268435456" percent="33">
      <mem type="allocate" free="90835072" total="182910976" percent="49" />
      <mem type="survivor" free="0" total="85524480" percent="0" />
    </mem>
    <mem type="tenure" free="309966672" total="805306368" percent="38" micro-fragmented="262667" macro-fragmented="0">
      <mem type="soa" free="301912912" total="797252608" percent="37" />
      <mem type="loa" free="8053760" total="8053760" percent="100" />
    </mem>
    <pending-finalizers system="57" default="0" reference="2" classloader="0" />
    <remembered-set count="99" />
  </mem-info>
</gc-end>
<cycle-end id="4741" type="global" contextid="4714" timestamp="2022-02-08T16:16:56.337" />
<exclusive-end id="4742" timestamp="2022-02-08T16:16:56.337" durationms="213.035" />

<exclusive-start id="4743" timestamp="2022-02-08T16:16:56.961" intervalms="837.556">
  <response-info timems="0.021" idlems="0.021" threads="0" lastid="0000000000016F00" lastname="main" />
</exclusive-start>
<af-start id="4744" threadId="0000000000017908" totalBytesRequested="216" timestamp="2022-02-08T16:16:56.961" intervalms="1163.545" type="nursery" />
<cycle-start id="4745" type="scavenge" contextid="0" timestamp="2022-02-08T16:16:56.961" intervalms="1163.545" />
<gc-start id="4746" type="scavenge" contextid="4745" timestamp="2022-02-08T16:16:56.961">
  <mem-info id="4747" free="309966672" total="1073741824" percent="28">
    <mem type="nursery" free="0" total="268435456" percent="0">
      <mem type="allocate" free="0" total="182910976" percent="0" />
      <mem type="survivor" free="0" total="85524480" percent="0" />
    </mem>
    <mem type="tenure" free="309966672" total="805306368" percent="38">
      <mem type="soa" free="301912912" total="797252608" percent="37" />
      <mem type="loa" free="8053760" total="8053760" percent="100" />
    </mem>
    <remembered-set count="102" />
  </mem-info>
</gc-start>
<allocation-stats totalBytes="90789536" >
  <allocated-bytes non-tlh="0" tlh="90789536" />
  <largest-consumer threadName="main" threadId="0000000000016F00" bytes="90785440" />
</allocation-stats>
<gc-op id="4748" type="scavenge" timems="77.833" contextid="4745" timestamp="2022-02-08T16:16:57.039">
  <scavenger-info tenureage="1" tenuremask="7ffe" tiltratio="68" />
  <memory-copied type="nursery" objects="1335030" bytes="75180424" bytesdiscarded="245664" />
  <memory-copied type="tenure" objects="1368791" bytes="77129368" bytesdiscarded="43896" />
  <finalization candidates="5" enqueued="0" />
  <ownableSynchronizers candidates="2" cleared="2" />
  <object-monitors candidates="2" cleared="0"  />
</gc-op>
<gc-end id="4749" type="scavenge" contextid="4745" durationms="78.273" usertimems="304.790" systemtimems="0.000" stalltimems="5.675" timestamp="2022-02-08T16:16:57.040" activeThreads="4">
  <mem-info id="4750" free="340533688" total="1073741824" percent="31">
    <mem type="nursery" free="107943640" total="268435456" percent="40">
      <mem type="allocate" free="107943640" total="183369728" percent="58" />
      <mem type="survivor" free="0" total="85065728" percent="0" />
    </mem>
    <mem type="tenure" free="232590048" total="805306368" percent="28" macro-fragmented="0">
      <mem type="soa" free="224536288" total="797252608" percent="28" />
      <mem type="loa" free="8053760" total="8053760" percent="100" />
    </mem>
    <remembered-set count="102" />
  </mem-info>
</gc-end>
<cycle-end id="4751" type="scavenge" contextid="4745" timestamp="2022-02-08T16:16:57.040" />
<allocation-satisfied id="4752" threadId="0000000000016F00" bytesRequested="216" />
<af-end id="4753" timestamp="2022-02-08T16:16:57.040" threadId="0000000000017908" success="true" from="nursery"/>
<exclusive-end id="4754" timestamp="2022-02-08T16:16:57.040" durationms="78.557" />

<exclusive-start id="4755" timestamp="2022-02-08T16:16:57.753" intervalms="791.657">
  <response-info timems="0.023" idlems="0.023" threads="0" lastid="0000000000016F00" lastname="main" />
</exclusive-start>
<af-start id="4756" threadId="0000000000017908" totalBytesRequested="64" timestamp="2022-02-08T16:16:57.753" intervalms="791.665" type="nursery" />
<cycle-start id="4757" type="scavenge" contextid="0" timestamp="2022-02-08T16:16:57.753" intervalms="791.666" />
<gc-start id="4758" type="scavenge" contextid="4757" timestamp="2022-02-08T16:16:57.753">
  <mem-info id="4759" free="232590048" total="1073741824" percent="21">
    <mem type="nursery" free="0" total="268435456" percent="0">
      <mem type="allocate" free="0" total="183369728" percent="0" />
      <mem type="survivor" free="0" total="85065728" percent="0" />
    </mem>
    <mem type="tenure" free="232590048" total="805306368" percent="28">
      <mem type="soa" free="224536288" total="797252608" percent="28" />
      <mem type="loa" free="8053760" total="8053760" percent="100" />
    </mem>
    <remembered-set count="116" />
  </mem-info>
</gc-start>
<allocation-stats totalBytes="107894536" >
  <allocated-bytes non-tlh="216" tlh="107894320" />
  <largest-consumer threadName="main" threadId="0000000000016F00" bytes="107894536" />
</allocation-stats>
<gc-op id="4760" type="scavenge" timems="97.940" contextid="4757" timestamp="2022-02-08T16:16:57.851">
  <scavenger-info tenureage="1" tenuremask="7ffe" tiltratio="68" />
  <memory-copied type="nursery" objects="1356322" bytes="76702096" bytesdiscarded="252368" />
  <memory-copied type="tenure" objects="1335030" bytes="75180424" bytesdiscarded="46544" />
  <finalization candidates="21" enqueued="12" />
  <references type="phantom" candidates="21" cleared="0" enqueued="0" />
  <object-monitors candidates="2" cleared="0"  />
</gc-op>
<gc-end id="4761" type="scavenge" contextid="4757" durationms="98.427" usertimems="380.094" systemtimems="0.683" stalltimems="5.833" timestamp="2022-02-08T16:16:57.851" activeThreads="4">
  <mem-info id="4762" free="264321360" total="1073741824" percent="24">
    <mem type="nursery" free="106874016" total="268435456" percent="39">
      <mem type="allocate" free="106874016" total="183828480" percent="58" />
      <mem type="survivor" free="0" total="84606976" percent="0" />
    </mem>
    <mem type="tenure" free="157447344" total="805306368" percent="19" macro-fragmented="1347680">
      <mem type="soa" free="149393584" total="797252608" percent="18" />
      <mem type="loa" free="8053760" total="8053760" percent="100" />
    </mem>
    <pending-finalizers system="12" default="0" reference="0" classloader="0" />
    <remembered-set count="116" />
  </mem-info>
</gc-end>
<cycle-end id="4763" type="scavenge" contextid="4757" timestamp="2022-02-08T16:16:57.852" />
<allocation-satisfied id="4764" threadId="0000000000016F00" bytesRequested="64" />
<af-end id="4765" timestamp="2022-02-08T16:16:57.852" threadId="0000000000017908" success="true" from="nursery"/>
<exclusive-end id="4766" timestamp="2022-02-08T16:16:57.852" durationms="98.775" />

<concurrent-kickoff id="4767" timestamp="2022-02-08T16:16:58.717">
  <kickoff reason="threshold reached" targetBytes="74443385" thresholdFreeBytes="5744838"  remainingFree="5620896" tenureFreeBytes="157447344" nurseryFreeBytes="5620896" />
</concurrent-kickoff>
<exclusive-start id="4768" timestamp="2022-02-08T16:16:58.721" intervalms="968.195">
  <response-info timems="0.023" idlems="0.023" threads="0" lastid="0000000000016F00" lastname="main" />
</exclusive-start>
<cycle-start id="4769" type="global" contextid="0" timestamp="2022-02-08T16:16:58.721" intervalms="3037.014" />
<concurrent-start id="4770" type="global mark" contextid="4769" timestamp="2022-02-08T16:16:58.721">
</concurrent-start>
<exclusive-end id="4771" timestamp="2022-02-08T16:16:58.721" durationms="0.039" />

<exclusive-start id="4772" timestamp="2022-02-08T16:16:58.840" intervalms="119.170">
  <response-info timems="0.022" idlems="0.022" threads="0" lastid="0000000000016F00" lastname="main" />
</exclusive-start>
<af-start id="4773" threadId="0000000000017908" totalBytesRequested="24" timestamp="2022-02-08T16:16:58.840" intervalms="1087.354" type="nursery" />
<cycle-start id="4774" type="scavenge" contextid="0" timestamp="2022-02-08T16:16:58.840" intervalms="1087.362" />
<gc-start id="4775" type="scavenge" contextid="4774" timestamp="2022-02-08T16:16:58.840">
  <mem-info id="4776" free="157447344" total="1073741824" percent="14">
    <mem type="nursery" free="0" total="268435456" percent="0">
      <mem type="allocate" free="0" total="183828480" percent="0" />
      <mem type="survivor" free="0" total="84606976" percent="0" />
    </mem>
    <mem type="tenure" free="157447344" total="805306368" percent="19">
      <mem type="soa" free="149393584" total="797252608" percent="18" />
      <mem type="loa" free="8053760" total="8053760" percent="100" />
    </mem>
    <remembered-set count="133" />
  </mem-info>
</gc-start>
<allocation-stats totalBytes="106826248" >
  <allocated-bytes non-tlh="3008888" tlh="103817360" />
  <largest-consumer threadName="main" threadId="0000000000016F00" bytes="106822152" />
</allocation-stats>
<gc-op id="4777" type="scavenge" timems="104.049" contextid="4774" timestamp="2022-02-08T16:16:58.944">
  <scavenger-info tenureage="1" tenuremask="7ffe" tiltratio="68" />
  <memory-copied type="nursery" objects="1423806" bytes="75111064" bytesdiscarded="86984" />
  <memory-copied type="tenure" objects="1356119" bytes="76595672" bytesdiscarded="40624" />
  <finalization candidates="98" enqueued="41" />
  <references type="soft" candidates="14" cleared="0" enqueued="0" dynamicThreshold="12" maxThreshold="32" />
  <references type="weak" candidates="1" cleared="0" enqueued="0" />
  <references type="phantom" candidates="83" cleared="7" enqueued="7" />
  <object-monitors candidates="2" cleared="0"  />
</gc-op>
<gc-end id="4778" type="scavenge" contextid="4774" durationms="104.423" usertimems="406.931" systemtimems="0.000" stalltimems="3.659" timestamp="2022-02-08T16:16:58.945" activeThreads="4">
  <mem-info id="4779" free="189768536" total="1073741824" percent="17">
    <mem type="nursery" free="108957984" total="268435456" percent="40">
      <mem type="allocate" free="108957984" total="184156160" percent="59" />
      <mem type="survivor" free="0" total="84279296" percent="0" />
    </mem>
    <mem type="tenure" free="80810552" total="805306368" percent="10" macro-fragmented="33282812">
      <mem type="soa" free="72756792" total="797252608" percent="9" />
      <mem type="loa" free="8053760" total="8053760" percent="100" />
    </mem>
    <pending-finalizers system="40" default="1" reference="7" classloader="0" />
    <remembered-set count="116" />
  </mem-info>
</gc-end>
<cycle-end id="4780" type="scavenge" contextid="4774" timestamp="2022-02-08T16:16:58.945" />
<allocation-satisfied id="4781" threadId="0000000000016F00" bytesRequested="24" />
<af-end id="4782" timestamp="2022-02-08T16:16:58.945" threadId="0000000000017908" success="true" from="nursery"/>
<exclusive-end id="4783" timestamp="2022-02-08T16:16:58.945" durationms="104.695" />

<concurrent-end id="4784" type="global mark" contextid="4769" timestamp="2022-02-08T16:16:59.085">
<gc-op id="4785" type="trace" timems="363.717" contextid="4769" timestamp="2022-02-08T16:16:59.085">
  <trace bytesTraced="74443732" workStackOverflowCount="0" />
  <card-cleaning reason="card cleaning threshold reached" bytesTraced="808" cardsCleaned="2" />
</gc-op>
</concurrent-end>

<exclusive-start id="4786" timestamp="2022-02-08T16:16:59.085" intervalms="244.693">
  <response-info timems="0.044" idlems="0.044" threads="0" lastid="0000000000016F00" lastname="main" />
</exclusive-start>
<concurrent-global-final id="4787" timestamp="2022-02-08T16:16:59.085" contextid="4769" intervalms="2961.308" >
  <concurrent-trace-info reason="card cleaning threshold reached" tracedByMutators="58623860" tracedByHelpers="15820680" cardsCleaned="2" workStackOverflowCount="0" />
</concurrent-global-final>
<gc-start id="4788" type="global" contextid="4769" timestamp="2022-02-08T16:16:59.085">
  <mem-info id="4789" free="180749120" total="1073741824" percent="16">
    <mem type="nursery" free="99938568" total="268435456" percent="37">
      <mem type="allocate" free="99938568" total="184156160" percent="54" />
      <mem type="survivor" free="0" total="84279296" percent="0" />
    </mem>
    <mem type="tenure" free="80810552" total="805306368" percent="10">
      <mem type="soa" free="72756792" total="797252608" percent="9" />
      <mem type="loa" free="8053760" total="8053760" percent="100" />
    </mem>
    <remembered-set count="117" />
  </mem-info>
</gc-start>
<allocation-stats totalBytes="9015496" >
  <allocated-bytes non-tlh="24" tlh="9015472" />
  <largest-consumer threadName="main" threadId="0000000000016F00" bytes="9007304" />
</allocation-stats>
<gc-op id="4790" type="rs-scan" timems="132.798" contextid="4769" timestamp="2022-02-08T16:16:59.218">
  <scan objectsFound="3324749" bytesTraced="71015676" workStackOverflowCount="0" />
</gc-op>
<gc-op id="4791" type="card-cleaning" timems="0.420" contextid="4769" timestamp="2022-02-08T16:16:59.218">
  <card-cleaning cardsCleaned="3" bytesTraced="984" workStackOverflowCount="0" />
</gc-op>
<gc-op id="4792" type="mark" timems="32.955" contextid="4769" timestamp="2022-02-08T16:16:59.251">
  <trace-info objectcount="1267368" scancount="952052" scanbytes="20378184" />
  <finalization candidates="428" enqueued="57" />
  <ownableSynchronizers candidates="1" cleared="0" />
  <references type="soft" candidates="894" cleared="0" enqueued="0" dynamicThreshold="12" maxThreshold="32" />
  <references type="weak" candidates="1701" cleared="0" enqueued="0" />
  <references type="phantom" candidates="52" cleared="2" enqueued="2" />
  <stringconstants candidates="6471" cleared="0"  />
  <object-monitors candidates="2" cleared="0"  />
</gc-op>
<gc-op id="4793" type="sweep" timems="4.941" contextid="4769" timestamp="2022-02-08T16:16:59.257" />
<gc-end id="4794" type="global" contextid="4769" durationms="171.643" usertimems="182.225" systemtimems="4.755" stalltimems="97.867" timestamp="2022-02-08T16:16:59.257" activeThreads="4">
  <mem-info id="4795" free="424169072" total="1073741824" percent="39">
    <mem type="nursery" free="100493352" total="268435456" percent="37">
      <mem type="allocate" free="100493352" total="184156160" percent="54" />
      <mem type="survivor" free="0" total="84279296" percent="0" />
    </mem>
    <mem type="tenure" free="323675720" total="805306368" percent="40" micro-fragmented="211976" macro-fragmented="0">
      <mem type="soa" free="315621960" total="797252608" percent="39" />
      <mem type="loa" free="8053760" total="8053760" percent="100" />
    </mem>
    <pending-finalizers system="57" default="0" reference="2" classloader="0" />
    <remembered-set count="104" />
  </mem-info>
</gc-end>
<cycle-end id="4796" type="global" contextid="4769" timestamp="2022-02-08T16:16:59.257" />
<exclusive-end id="4797" timestamp="2022-02-08T16:16:59.257" durationms="171.901" />

<exclusive-start id="4798" timestamp="2022-02-08T16:16:59.984" intervalms="899.284">
  <response-info timems="0.024" idlems="0.024" threads="0" lastid="0000000000016F00" lastname="main" />
</exclusive-start>
<af-start id="4799" threadId="0000000000017908" totalBytesRequested="104" timestamp="2022-02-08T16:16:59.984" intervalms="1144.032" type="nursery" />
<cycle-start id="4800" type="scavenge" contextid="0" timestamp="2022-02-08T16:16:59.984" intervalms="1144.025" />
<gc-start id="4801" type="scavenge" contextid="4800" timestamp="2022-02-08T16:16:59.984">
  <mem-info id="4802" free="323675720" total="1073741824" percent="30">
    <mem type="nursery" free="0" total="268435456" percent="0">
      <mem type="allocate" free="0" total="184156160" percent="0" />
      <mem type="survivor" free="0" total="84279296" percent="0" />
    </mem>
    <mem type="tenure" free="323675720" total="805306368" percent="40">
      <mem type="soa" free="315621960" total="797252608" percent="39" />
      <mem type="loa" free="8053760" total="8053760" percent="100" />
    </mem>
    <remembered-set count="105" />
  </mem-info>
</gc-start>
<allocation-stats totalBytes="100446736" >
  <allocated-bytes non-tlh="0" tlh="100446736" />
  <largest-consumer threadName="main" threadId="0000000000016F00" bytes="100442640" />
</allocation-stats>
<gc-op id="4803" type="scavenge" timems="103.889" contextid="4800" timestamp="2022-02-08T16:17:00.088">
  <scavenger-info tenureage="1" tenuremask="7ffe" tiltratio="68" />
  <memory-copied type="nursery" objects="1410745" bytes="77869040" bytesdiscarded="114912" />
  <memory-copied type="tenure" objects="1423247" bytes="74747248" bytesdiscarded="42696" />
  <finalization candidates="48" enqueued="0" />
  <ownableSynchronizers candidates="2" cleared="2" />
  <object-monitors candidates="2" cleared="0"  />
</gc-op>
<gc-end id="4804" type="scavenge" contextid="4800" durationms="104.301" usertimems="379.326" systemtimems="0.000" stalltimems="2.895" timestamp="2022-02-08T16:17:00.089" activeThreads="4">
  <mem-info id="4805" free="352491328" total="1073741824" percent="32">
    <mem type="nursery" free="103878448" total="268435456" percent="38">
      <mem type="allocate" free="103878448" total="181862400" percent="57" />
      <mem type="survivor" free="0" total="86573056" percent="0" />
    </mem>
    <mem type="tenure" free="248612880" total="805306368" percent="30" macro-fragmented="0">
      <mem type="soa" free="240559120" total="797252608" percent="30" />
      <mem type="loa" free="8053760" total="8053760" percent="100" />
    </mem>
    <remembered-set count="100" />
  </mem-info>
</gc-end>
<cycle-end id="4806" type="scavenge" contextid="4800" timestamp="2022-02-08T16:17:00.089" />
<allocation-satisfied id="4807" threadId="0000000000016F00" bytesRequested="104" />
<af-end id="4808" timestamp="2022-02-08T16:17:00.089" threadId="0000000000017908" success="true" from="nursery"/>
<exclusive-end id="4809" timestamp="2022-02-08T16:17:00.089" durationms="104.667" />

<exclusive-start id="4810" timestamp="2022-02-08T16:17:00.751" intervalms="766.740">
  <response-info timems="0.024" idlems="0.024" threads="0" lastid="0000000000016F00" lastname="main" />
</exclusive-start>
<af-start id="4811" threadId="0000000000017908" totalBytesRequested="200" timestamp="2022-02-08T16:17:00.751" intervalms="766.688" type="nursery" />
<cycle-start id="4812" type="scavenge" contextid="0" timestamp="2022-02-08T16:17:00.751" intervalms="766.689" />
<gc-start id="4813" type="scavenge" contextid="4812" timestamp="2022-02-08T16:17:00.751">
  <mem-info id="4814" free="248612880" total="1073741824" percent="23">
    <mem type="nursery" free="0" total="268435456" percent="0">
      <mem type="allocate" free="0" total="181862400" percent="0" />
      <mem type="survivor" free="0" total="86573056" percent="0" />
    </mem>
    <mem type="tenure" free="248612880" total="805306368" percent="30">
      <mem type="soa" free="240559120" total="797252608" percent="30" />
      <mem type="loa" free="8053760" total="8053760" percent="100" />
    </mem>
    <remembered-set count="100" />
  </mem-info>
</gc-start>
<allocation-stats totalBytes="103830912" >
  <allocated-bytes non-tlh="104" tlh="103830808" />
  <largest-consumer threadName="main" threadId="0000000000016F00" bytes="103830912" />
</allocation-stats>
<gc-op id="4815" type="scavenge" timems="88.127" contextid="4812" timestamp="2022-02-08T16:17:00.839">
  <scavenger-info tenureage="1" tenuremask="7ffe" tiltratio="67" />
  <memory-copied type="nursery" objects="1297729" bytes="73825280" bytesdiscarded="224400" />
  <memory-copied type="tenure" objects="1410745" bytes="77869040" bytesdiscarded="42464" />
  <object-monitors candidates="2" cleared="0"  />
</gc-op>
<gc-end id="4816" type="scavenge" contextid="4812" durationms="88.930" usertimems="343.494" systemtimems="0.000" stalltimems="7.367" timestamp="2022-02-08T16:17:00.840" activeThreads="4">
  <mem-info id="4817" free="279196744" total="1073741824" percent="26">
    <mem type="nursery" free="108337008" total="268435456" percent="40">
      <mem type="allocate" free="108337008" total="182386688" percent="59" />
      <mem type="survivor" free="0" total="86048768" percent="0" />
    </mem>
    <mem type="tenure" free="170859736" total="805306368" percent="21" macro-fragmented="0">
      <mem type="soa" free="162805976" total="797252608" percent="20" />
      <mem type="loa" free="8053760" total="8053760" percent="100" />
    </mem>
    <remembered-set count="101" />
  </mem-info>
</gc-end>
<cycle-end id="4818" type="scavenge" contextid="4812" timestamp="2022-02-08T16:17:00.840" />
<allocation-satisfied id="4819" threadId="0000000000016F00" bytesRequested="200" />
<af-end id="4820" timestamp="2022-02-08T16:17:00.840" threadId="0000000000017908" success="true" from="nursery"/>
<exclusive-end id="4821" timestamp="2022-02-08T16:17:00.840" durationms="89.262" />

<exclusive-start id="4822" timestamp="2022-02-08T16:17:01.766" intervalms="1014.752">
  <response-info timems="0.018" idlems="0.018" threads="0" lastid="0000000000016F00" lastname="main" />
</exclusive-start>
<af-start id="4823" threadId="0000000000017908" totalBytesRequested="208" timestamp="2022-02-08T16:17:01.766" intervalms="1014.751" type="nursery" />
<cycle-start id="4824" type="scavenge" contextid="0" timestamp="2022-02-08T16:17:01.766" intervalms="1014.748" />
<gc-start id="4825" type="scavenge" contextid="4824" timestamp="2022-02-08T16:17:01.766">
  <mem-info id="4826" free="170859736" total="1073741824" percent="15">
    <mem type="nursery" free="0" total="268435456" percent="0">
      <mem type="allocate" free="0" total="182386688" percent="0" />
      <mem type="survivor" free="0" total="86048768" percent="0" />
    </mem>
    <mem type="tenure" free="170859736" total="805306368" percent="21">
      <mem type="soa" free="162805976" total="797252608" percent="20" />
      <mem type="loa" free="8053760" total="8053760" percent="100" />
    </mem>
    <remembered-set count="131" />
  </mem-info>
</gc-start>
<allocation-stats totalBytes="108286784" >
  <allocated-bytes non-tlh="3009024" tlh="105277760" />
  <largest-consumer threadName="main" threadId="0000000000016F00" bytes="108286784" />
</allocation-stats>
<gc-op id="4827" type="scavenge" timems="87.473" contextid="4824" timestamp="2022-02-08T16:17:01.853">
  <scavenger-info tenureage="1" tenuremask="7ffe" tiltratio="67" />
  <memory-copied type="nursery" objects="1444752" bytes="76102064" bytesdiscarded="179392" />
  <memory-copied type="tenure" objects="1297728" bytes="73825168" bytesdiscarded="40192" />
  <finalization candidates="110" enqueued="53" />
  <references type="soft" candidates="14" cleared="0" enqueued="0" dynamicThreshold="12" maxThreshold="32" />
  <references type="weak" candidates="1" cleared="0" enqueued="0" />
  <references type="phantom" candidates="95" cleared="7" enqueued="7" />
  <object-monitors candidates="2" cleared="0"  />
</gc-op>
<gc-end id="4828" type="scavenge" contextid="4824" durationms="87.897" usertimems="343.044" systemtimems="0.577" stalltimems="4.341" timestamp="2022-02-08T16:17:01.854" activeThreads="4">
  <mem-info id="4829" free="203155688" total="1073741824" percent="18">
    <mem type="nursery" free="106367248" total="268435456" percent="39">
      <mem type="allocate" free="106367248" total="182648832" percent="58" />
      <mem type="survivor" free="0" total="85786624" percent="0" />
    </mem>
    <mem type="tenure" free="96788440" total="805306368" percent="12" macro-fragmented="69015248">
      <mem type="soa" free="88734680" total="797252608" percent="11" />
      <mem type="loa" free="8053760" total="8053760" percent="100" />
    </mem>
    <pending-finalizers system="52" default="1" reference="7" classloader="0" />
    <remembered-set count="126" />
  </mem-info>
</gc-end>
<cycle-end id="4830" type="scavenge" contextid="4824" timestamp="2022-02-08T16:17:01.854" />
<allocation-satisfied id="4831" threadId="0000000000016F00" bytesRequested="208" />
<af-end id="4832" timestamp="2022-02-08T16:17:01.854" threadId="0000000000017908" success="true" from="nursery"/>
<exclusive-end id="4833" timestamp="2022-02-08T16:17:01.854" durationms="88.244" />

<concurrent-kickoff id="4834" timestamp="2022-02-08T16:17:02.605">
  <kickoff reason="threshold reached" targetBytes="74443614" thresholdFreeBytes="5745209"  remainingFree="5703952" tenureFreeBytes="96788440" nurseryFreeBytes="5703952" />
</concurrent-kickoff>
<exclusive-start id="4835" timestamp="2022-02-08T16:17:02.609" intervalms="843.056">
  <response-info timems="0.031" idlems="0.031" threads="0" lastid="0000000000016F00" lastname="main" />
</exclusive-start>
<cycle-start id="4836" type="global" contextid="0" timestamp="2022-02-08T16:17:02.609" intervalms="3887.699" />
<concurrent-start id="4837" type="global mark" contextid="4836" timestamp="2022-02-08T16:17:02.609">
</concurrent-start>
<exclusive-end id="4838" timestamp="2022-02-08T16:17:02.609" durationms="0.045" />

<exclusive-start id="4839" timestamp="2022-02-08T16:17:02.747" intervalms="138.396">
  <response-info timems="0.029" idlems="0.029" threads="0" lastid="0000000000016F00" lastname="main" />
</exclusive-start>
<af-start id="4840" threadId="0000000000017908" totalBytesRequested="184" timestamp="2022-02-08T16:17:02.747" intervalms="981.450" type="nursery" />
<cycle-start id="4841" type="scavenge" contextid="0" timestamp="2022-02-08T16:17:02.747" intervalms="981.450" />
<gc-start id="4842" type="scavenge" contextid="4841" timestamp="2022-02-08T16:17:02.747">
  <mem-info id="4843" free="96788440" total="1073741824" percent="9">
    <mem type="nursery" free="0" total="268435456" percent="0">
      <mem type="allocate" free="0" total="182648832" percent="0" />
      <mem type="survivor" free="0" total="85786624" percent="0" />
    </mem>
    <mem type="tenure" free="96788440" total="805306368" percent="12">
      <mem type="soa" free="88734680" total="797252608" percent="11" />
      <mem type="loa" free="8053760" total="8053760" percent="100" />
    </mem>
    <remembered-set count="127" />
  </mem-info>
</gc-start>
<allocation-stats totalBytes="106318800" >
  <allocated-bytes non-tlh="208" tlh="106318592" />
  <largest-consumer threadName="main" threadId="0000000000016F00" bytes="106310608" />
</allocation-stats>
<gc-op id="4844" type="scavenge" timems="82.021" contextid="4841" timestamp="2022-02-08T16:17:02.829">
  <scavenger-info tenureage="1" tenuremask="7ffe" tiltratio="68" />
  <memory-copied type="nursery" objects="1379925" bytes="75780528" bytesdiscarded="197360" />
  <memory-copied type="tenure" objects="1444040" bytes="75634096" bytesdiscarded="36568" />
  <finalization candidates="57" enqueued="0" />
  <object-monitors candidates="2" cleared="0"  />
</gc-op>
<gc-end id="4845" type="scavenge" contextid="4841" durationms="82.338" usertimems="316.666" systemtimems="0.889" stalltimems="4.094" timestamp="2022-02-08T16:17:02.830" activeThreads="4">
  <mem-info id="4846" free="128612888" total="1073741824" percent="11">
    <mem type="nursery" free="107391840" total="268435456" percent="40">
      <mem type="allocate" free="107391840" total="183369728" percent="58" />
      <mem type="survivor" free="0" total="85065728" percent="0" />
    </mem>
    <mem type="tenure" free="21221048" total="805306368" percent="2" macro-fragmented="17029135">
      <mem type="soa" free="13167288" total="797252608" percent="1" />
      <mem type="loa" free="8053760" total="8053760" percent="100" />
    </mem>
    <remembered-set count="100" />
  </mem-info>
</gc-end>
<cycle-end id="4847" type="scavenge" contextid="4841" timestamp="2022-02-08T16:17:02.830" />
<allocation-satisfied id="4848" threadId="0000000000016F00" bytesRequested="184" />
<af-end id="4849" timestamp="2022-02-08T16:17:02.830" threadId="0000000000017908" success="true" from="nursery"/>
<exclusive-end id="4850" timestamp="2022-02-08T16:17:02.830" durationms="82.600" />

<concurrent-end id="4851" type="global mark" contextid="4836" timestamp="2022-02-08T16:17:02.964">
<gc-op id="4852" type="trace" timems="355.369" contextid="4836" timestamp="2022-02-08T16:17:02.964">
  <trace bytesTraced="74443844" workStackOverflowCount="0" />
  <card-cleaning reason="card cleaning threshold reached" bytesTraced="808" cardsCleaned="2" />
</gc-op>
</concurrent-end>

<exclusive-start id="4853" timestamp="2022-02-08T16:17:02.964" intervalms="217.060">
  <response-info timems="0.020" idlems="0.020" threads="0" lastid="0000000000016F00" lastname="main" />
</exclusive-start>
<concurrent-global-final id="4854" timestamp="2022-02-08T16:17:02.964" contextid="4836" intervalms="3879.260" >
  <concurrent-trace-info reason="card cleaning threshold reached" tracedByMutators="57844084" tracedByHelpers="16600568" cardsCleaned="2" workStackOverflowCount="0" />
</concurrent-global-final>
<gc-start id="4855" type="global" contextid="4836" timestamp="2022-02-08T16:17:02.964">
  <mem-info id="4856" free="120519008" total="1073741824" percent="11">
    <mem type="nursery" free="99297960" total="268435456" percent="36">
      <mem type="allocate" free="99297960" total="183369728" percent="54" />
      <mem type="survivor" free="0" total="85065728" percent="0" />
    </mem>
    <mem type="tenure" free="21221048" total="805306368" percent="2">
      <mem type="soa" free="13167288" total="797252608" percent="1" />
      <mem type="loa" free="8053760" total="8053760" percent="100" />
    </mem>
    <remembered-set count="100" />
  </mem-info>
</gc-start>
<allocation-stats totalBytes="8090024" >
  <allocated-bytes non-tlh="184" tlh="8089840" />
  <largest-consumer threadName="main" threadId="0000000000016F00" bytes="8090024" />
</allocation-stats>
<gc-op id="4857" type="rs-scan" timems="0.543" contextid="4836" timestamp="2022-02-08T16:17:02.965">
  <scan objectsFound="0" bytesTraced="3692" workStackOverflowCount="0" />
</gc-op>
<gc-op id="4858" type="card-cleaning" timems="159.057" contextid="4836" timestamp="2022-02-08T16:17:03.124">
  <card-cleaning cardsCleaned="10" bytesTraced="71014408" workStackOverflowCount="0" />
</gc-op>
<gc-op id="4859" type="mark" timems="84.456" contextid="4836" timestamp="2022-02-08T16:17:03.208">
  <trace-info objectcount="2360633" scancount="1772002" scanbytes="37870440" />
  <finalization candidates="428" enqueued="57" />
  <ownableSynchronizers candidates="1" cleared="0" />
  <references type="soft" candidates="894" cleared="0" enqueued="0" dynamicThreshold="12" maxThreshold="32" />
  <references type="weak" candidates="1701" cleared="0" enqueued="0" />
  <references type="phantom" candidates="52" cleared="2" enqueued="2" />
  <stringconstants candidates="6471" cleared="0"  />
  <object-monitors candidates="2" cleared="0"  />
</gc-op>
<gc-op id="4860" type="sweep" timems="6.758" contextid="4836" timestamp="2022-02-08T16:17:03.215" />
<gc-end id="4861" type="global" contextid="4836" durationms="251.284" usertimems="304.176" systemtimems="0.000" stalltimems="218.100" timestamp="2022-02-08T16:17:03.216" activeThreads="4">
  <mem-info id="4862" free="363756248" total="1073741824" percent="33">
    <mem type="nursery" free="99586672" total="268435456" percent="37">
      <mem type="allocate" free="99586672" total="183369728" percent="54" />
      <mem type="survivor" free="0" total="85065728" percent="0" />
    </mem>
    <mem type="tenure" free="264169576" total="805306368" percent="32" micro-fragmented="305970" macro-fragmented="0">
      <mem type="soa" free="256115816" total="797252608" percent="32" />
      <mem type="loa" free="8053760" total="8053760" percent="100" />
    </mem>
    <pending-finalizers system="57" default="0" reference="2" classloader="0" />
    <remembered-set count="100" />
  </mem-info>
</gc-end>
<cycle-end id="4863" type="global" contextid="4836" timestamp="2022-02-08T16:17:03.216" />
<exclusive-end id="4864" timestamp="2022-02-08T16:17:03.216" durationms="251.519" />

<exclusive-start id="4865" timestamp="2022-02-08T16:17:03.841" intervalms="876.807">
  <response-info timems="0.018" idlems="0.018" threads="0" lastid="0000000000016F00" lastname="main" />
</exclusive-start>
<af-start id="4866" threadId="0000000000017908" totalBytesRequested="184" timestamp="2022-02-08T16:17:03.841" intervalms="1093.869" type="nursery" />
<cycle-start id="4867" type="scavenge" contextid="0" timestamp="2022-02-08T16:17:03.841" intervalms="1093.869" />
<gc-start id="4868" type="scavenge" contextid="4867" timestamp="2022-02-08T16:17:03.841">
  <mem-info id="4869" free="264169576" total="1073741824" percent="24">
    <mem type="nursery" free="0" total="268435456" percent="0">
      <mem type="allocate" free="0" total="183369728" percent="0" />
      <mem type="survivor" free="0" total="85065728" percent="0" />
    </mem>
    <mem type="tenure" free="264169576" total="805306368" percent="32">
      <mem type="soa" free="256115816" total="797252608" percent="32" />
      <mem type="loa" free="8053760" total="8053760" percent="100" />
    </mem>
    <remembered-set count="103" />
  </mem-info>
</gc-start>
<allocation-stats totalBytes="99542872" >
  <allocated-bytes non-tlh="0" tlh="99542872" />
  <largest-consumer threadName="main" threadId="0000000000016F00" bytes="99538776" />
</allocation-stats>
<gc-op id="4870" type="scavenge" timems="112.248" contextid="4867" timestamp="2022-02-08T16:17:03.953">
  <scavenger-info tenureage="1" tenuremask="7ffe" tiltratio="68" />
  <memory-copied type="nursery" objects="1345651" bytes="76406312" bytesdiscarded="271240" />
  <memory-copied type="tenure" objects="1379924" bytes="75780424" bytesdiscarded="44176" />
  <ownableSynchronizers candidates="2" cleared="2" />
  <object-monitors candidates="2" cleared="0"  />
</gc-op>
<gc-end id="4871" type="scavenge" contextid="4867" durationms="112.638" usertimems="341.122" systemtimems="0.264" stalltimems="1.610" timestamp="2022-02-08T16:17:03.954" activeThreads="4">
  <mem-info id="4872" free="295307600" total="1073741824" percent="27">
    <mem type="nursery" free="107085392" total="268435456" percent="39">
      <mem type="allocate" free="107085392" total="183762944" percent="58" />
      <mem type="survivor" free="0" total="84672512" percent="0" />
    </mem>
    <mem type="tenure" free="188222208" total="805306368" percent="23" macro-fragmented="0">
      <mem type="soa" free="180168448" total="797252608" percent="22" />
      <mem type="loa" free="8053760" total="8053760" percent="100" />
    </mem>
    <remembered-set count="102" />
  </mem-info>
</gc-end>
<cycle-end id="4873" type="scavenge" contextid="4867" timestamp="2022-02-08T16:17:03.954" />
<allocation-satisfied id="4874" threadId="0000000000016F00" bytesRequested="184" />
<af-end id="4875" timestamp="2022-02-08T16:17:03.954" threadId="0000000000017908" success="true" from="nursery"/>
<exclusive-end id="4876" timestamp="2022-02-08T16:17:03.954" durationms="113.024" />

<exclusive-start id="4877" timestamp="2022-02-08T16:17:04.938" intervalms="1097.063">
  <response-info timems="0.026" idlems="0.026" threads="0" lastid="0000000000016F00" lastname="main" />
</exclusive-start>
<af-start id="4878" threadId="0000000000017908" totalBytesRequested="192" timestamp="2022-02-08T16:17:04.938" intervalms="1097.064" type="nursery" />
<cycle-start id="4879" type="scavenge" contextid="0" timestamp="2022-02-08T16:17:04.938" intervalms="1097.064" />
<gc-start id="4880" type="scavenge" contextid="4879" timestamp="2022-02-08T16:17:04.938">
  <mem-info id="4881" free="188222208" total="1073741824" percent="17">
    <mem type="nursery" free="0" total="268435456" percent="0">
      <mem type="allocate" free="0" total="183762944" percent="0" />
      <mem type="survivor" free="0" total="84672512" percent="0" />
    </mem>
    <mem type="tenure" free="188222208" total="805306368" percent="23">
      <mem type="soa" free="180168448" total="797252608" percent="22" />
      <mem type="loa" free="8053760" total="8053760" percent="100" />
    </mem>
    <remembered-set count="133" />
  </mem-info>
</gc-start>
<allocation-stats totalBytes="107038200" >
  <allocated-bytes non-tlh="1590752" tlh="105447448" />
  <largest-consumer threadName="main" threadId="0000000000016F00" bytes="107038200" />
</allocation-stats>
<gc-op id="4882" type="scavenge" timems="80.804" contextid="4879" timestamp="2022-02-08T16:17:05.019">
  <scavenger-info tenureage="1" tenuremask="7ffe" tiltratio="68" />
  <memory-copied type="nursery" objects="1449244" bytes="75324096" bytesdiscarded="46888" />
  <memory-copied type="tenure" objects="1345650" bytes="76406208" bytesdiscarded="41376" />
  <finalization candidates="109" enqueued="53" />
  <references type="soft" candidates="14" cleared="0" enqueued="0" dynamicThreshold="10" maxThreshold="32" />
  <references type="weak" candidates="1" cleared="0" enqueued="0" />
  <references type="phantom" candidates="94" cleared="7" enqueued="7" />
  <object-monitors candidates="2" cleared="0"  />
</gc-op>
<gc-end id="4883" type="scavenge" contextid="4879" durationms="81.190" usertimems="317.741" systemtimems="0.000" stalltimems="2.866" timestamp="2022-02-08T16:17:05.019" activeThreads="4">
  <mem-info id="4884" free="220529776" total="1073741824" percent="20">
    <mem type="nursery" free="108785048" total="268435456" percent="40">
      <mem type="allocate" free="108785048" total="184156160" percent="59" />
      <mem type="survivor" free="0" total="84279296" percent="0" />
    </mem>
    <mem type="tenure" free="111744728" total="805306368" percent="13" macro-fragmented="0">
      <mem type="soa" free="103690968" total="797252608" percent="13" />
      <mem type="loa" free="8053760" total="8053760" percent="100" />
    </mem>
    <pending-finalizers system="52" default="1" reference="7" classloader="0" />
    <remembered-set count="129" />
  </mem-info>
</gc-end>
<cycle-end id="4885" type="scavenge" contextid="4879" timestamp="2022-02-08T16:17:05.020" />
<allocation-satisfied id="4886" threadId="0000000000016F00" bytesRequested="192" />
<af-end id="4887" timestamp="2022-02-08T16:17:05.020" threadId="0000000000017908" success="true" from="nursery"/>
<exclusive-end id="4888" timestamp="2022-02-08T16:17:05.020" durationms="81.508" />

<concurrent-kickoff id="4889" timestamp="2022-02-08T16:17:05.756">
  <kickoff reason="threshold reached" targetBytes="74443821" thresholdFreeBytes="5745677"  remainingFree="5618808" tenureFreeBytes="111744728" nurseryFreeBytes="5618808" />
</concurrent-kickoff>
<exclusive-start id="4890" timestamp="2022-02-08T16:17:05.760" intervalms="821.507">
  <response-info timems="0.020" idlems="0.020" threads="0" lastid="0000000000016F00" lastname="main" />
</exclusive-start>
<cycle-start id="4891" type="global" contextid="0" timestamp="2022-02-08T16:17:05.760" intervalms="3150.822" />
<concurrent-start id="4892" type="global mark" contextid="4891" timestamp="2022-02-08T16:17:05.760">
</concurrent-start>
<exclusive-end id="4893" timestamp="2022-02-08T16:17:05.760" durationms="0.030" />

<exclusive-start id="4894" timestamp="2022-02-08T16:17:05.913" intervalms="153.559">
  <response-info timems="0.022" idlems="0.022" threads="0" lastid="0000000000016F00" lastname="main" />
</exclusive-start>
<af-start id="4895" threadId="0000000000017908" totalBytesRequested="200" timestamp="2022-02-08T16:17:05.913" intervalms="975.109" type="nursery" />
<cycle-start id="4896" type="scavenge" contextid="0" timestamp="2022-02-08T16:17:05.913" intervalms="975.111" />
<gc-start id="4897" type="scavenge" contextid="4896" timestamp="2022-02-08T16:17:05.913">
  <mem-info id="4898" free="111744728" total="1073741824" percent="10">
    <mem type="nursery" free="0" total="268435456" percent="0">
      <mem type="allocate" free="0" total="184156160" percent="0" />
      <mem type="survivor" free="0" total="84279296" percent="0" />
    </mem>
    <mem type="tenure" free="111744728" total="805306368" percent="13">
      <mem type="soa" free="103690968" total="797252608" percent="13" />
      <mem type="loa" free="8053760" total="8053760" percent="100" />
    </mem>
    <remembered-set count="130" />
  </mem-info>
</gc-start>
<allocation-stats totalBytes="108733256" >
  <allocated-bytes non-tlh="1347872" tlh="107385384" />
  <largest-consumer threadName="main" threadId="0000000000016F00" bytes="108725064" />
</allocation-stats>
<gc-op id="4899" type="scavenge" timems="81.968" contextid="4896" timestamp="2022-02-08T16:17:05.995">
  <scavenger-info tenureage="1" tenuremask="7ffe" tiltratio="68" />
  <memory-copied type="nursery" objects="1383530" bytes="77851392" bytesdiscarded="203856" />
  <memory-copied type="tenure" objects="1448524" bytes="74380824" bytesdiscarded="43736" />
  <finalization candidates="57" enqueued="0" />
  <references type="phantom" candidates="1" cleared="0" enqueued="0" />
  <object-monitors candidates="2" cleared="0"  />
</gc-op>
<gc-end id="4900" type="scavenge" contextid="4896" durationms="82.340" usertimems="313.294" systemtimems="2.405" stalltimems="4.355" timestamp="2022-02-08T16:17:05.996" activeThreads="4">
  <mem-info id="4901" free="141260328" total="1073741824" percent="13">
    <mem type="nursery" free="104069296" total="268435456" percent="38">
      <mem type="allocate" free="104069296" total="182124544" percent="57" />
      <mem type="survivor" free="0" total="86310912" percent="0" />
    </mem>
    <mem type="tenure" free="37191032" total="805306368" percent="4" macro-fragmented="0">
      <mem type="soa" free="29137272" total="797252608" percent="3" />
      <mem type="loa" free="8053760" total="8053760" percent="100" />
    </mem>
    <remembered-set count="99" />
  </mem-info>
</gc-end>
<cycle-end id="4902" type="scavenge" contextid="4896" timestamp="2022-02-08T16:17:05.996" />
<allocation-satisfied id="4903" threadId="0000000000016F00" bytesRequested="200" />
<af-end id="4904" timestamp="2022-02-08T16:17:05.996" threadId="0000000000017908" success="true" from="nursery"/>
<exclusive-end id="4905" timestamp="2022-02-08T16:17:05.996" durationms="82.731" />

<concurrent-end id="4906" type="global mark" contextid="4891" timestamp="2022-02-08T16:17:06.138">
<gc-op id="4907" type="trace" timems="378.364" contextid="4891" timestamp="2022-02-08T16:17:06.138">
  <trace bytesTraced="74444052" workStackOverflowCount="0" />
  <card-cleaning reason="card cleaning threshold reached" bytesTraced="808" cardsCleaned="2" />
</gc-op>
</concurrent-end>

<exclusive-start id="4908" timestamp="2022-02-08T16:17:06.138" intervalms="224.880">
  <response-info timems="0.021" idlems="0.021" threads="0" lastid="0000000000016F00" lastname="main" />
</exclusive-start>
<concurrent-global-final id="4909" timestamp="2022-02-08T16:17:06.138" contextid="4891" intervalms="3173.807" >
  <concurrent-trace-info reason="card cleaning threshold reached" tracedByMutators="57971156" tracedByHelpers="16473704" cardsCleaned="2" workStackOverflowCount="0" />
</concurrent-global-final>
<gc-start id="4910" type="global" contextid="4891" timestamp="2022-02-08T16:17:06.138">
  <mem-info id="4911" free="133690720" total="1073741824" percent="12">
    <mem type="nursery" free="96499688" total="268435456" percent="35">
      <mem type="allocate" free="96499688" total="182124544" percent="52" />
      <mem type="survivor" free="0" total="86310912" percent="0" />
    </mem>
    <mem type="tenure" free="37191032" total="805306368" percent="4">
      <mem type="soa" free="29137272" total="797252608" percent="3" />
      <mem type="loa" free="8053760" total="8053760" percent="100" />
    </mem>
    <remembered-set count="99" />
  </mem-info>
</gc-start>
<allocation-stats totalBytes="7565952" >
  <allocated-bytes non-tlh="200" tlh="7565752" />
  <largest-consumer threadName="main" threadId="0000000000016F00" bytes="7565952" />
</allocation-stats>
<gc-op id="4912" type="rs-scan" timems="0.514" contextid="4891" timestamp="2022-02-08T16:17:06.139">
  <scan objectsFound="29" bytesTraced="5124" workStackOverflowCount="0" />
</gc-op>
<gc-op id="4913" type="card-cleaning" timems="153.029" contextid="4891" timestamp="2022-02-08T16:17:06.292">
  <card-cleaning cardsCleaned="9" bytesTraced="71012648" workStackOverflowCount="0" />
</gc-op>
<gc-op id="4914" type="mark" timems="66.283" contextid="4891" timestamp="2022-02-08T16:17:06.358">
  <trace-info objectcount="2095875" scancount="1573434" scanbytes="33634280" />
  <finalization candidates="428" enqueued="57" />
  <ownableSynchronizers candidates="1" cleared="0" />
  <references type="soft" candidates="894" cleared="0" enqueued="0" dynamicThreshold="10" maxThreshold="32" />
  <references type="weak" candidates="1701" cleared="0" enqueued="0" />
  <references type="phantom" candidates="52" cleared="2" enqueued="2" />
  <stringconstants candidates="6471" cleared="0"  />
  <object-monitors candidates="2" cleared="0"  />
</gc-op>
<gc-op id="4915" type="sweep" timems="10.714" contextid="4891" timestamp="2022-02-08T16:17:06.374" />
<gc-end id="4916" type="global" contextid="4891" durationms="236.501" usertimems="284.144" systemtimems="8.935" stalltimems="172.497" timestamp="2022-02-08T16:17:06.375" activeThreads="4">
  <mem-info id="4917" free="377012704" total="1073741824" percent="35">
    <mem type="nursery" free="96795864" total="268435456" percent="36">
      <mem type="allocate" free="96795864" total="182124544" percent="53" />
      <mem type="survivor" free="0" total="86310912" percent="0" />
    </mem>
    <mem type="tenure" free="280216840" total="805306368" percent="34" micro-fragmented="292909" macro-fragmented="1800196">
      <mem type="soa" free="272163080" total="797252608" percent="34" />
      <mem type="loa" free="8053760" total="8053760" percent="100" />
    </mem>
    <pending-finalizers system="57" default="0" reference="2" classloader="0" />
    <remembered-set count="99" />
  </mem-info>
</gc-end>
<cycle-end id="4918" type="global" contextid="4891" timestamp="2022-02-08T16:17:06.375" />
<exclusive-end id="4919" timestamp="2022-02-08T16:17:06.375" durationms="236.857" />

<exclusive-start id="4920" timestamp="2022-02-08T16:17:07.044" intervalms="906.262">
  <response-info timems="0.022" idlems="0.022" threads="0" lastid="0000000000016F00" lastname="main" />
</exclusive-start>
<af-start id="4921" threadId="0000000000017908" totalBytesRequested="96" timestamp="2022-02-08T16:17:07.044" intervalms="1131.097" type="nursery" />
<cycle-start id="4922" type="scavenge" contextid="0" timestamp="2022-02-08T16:17:07.044" intervalms="1131.096" />
<gc-start id="4923" type="scavenge" contextid="4922" timestamp="2022-02-08T16:17:07.044">
  <mem-info id="4924" free="280216840" total="1073741824" percent="26">
    <mem type="nursery" free="0" total="268435456" percent="0">
      <mem type="allocate" free="0" total="182124544" percent="0" />
      <mem type="survivor" free="0" total="86310912" percent="0" />
    </mem>
    <mem type="tenure" free="280216840" total="805306368" percent="34">
      <mem type="soa" free="272163080" total="797252608" percent="34" />
      <mem type="loa" free="8053760" total="8053760" percent="100" />
    </mem>
    <remembered-set count="102" />
  </mem-info>
</gc-start>
<allocation-stats totalBytes="96749752" >
  <allocated-bytes non-tlh="0" tlh="96749752" />
  <largest-consumer threadName="main" threadId="0000000000016F00" bytes="96745656" />
</allocation-stats>
<gc-op id="4925" type="scavenge" timems="99.045" contextid="4922" timestamp="2022-02-08T16:17:07.143">
  <scavenger-info tenureage="1" tenuremask="7ffe" tiltratio="67" />
  <memory-copied type="nursery" objects="1309283" bytes="74078880" bytesdiscarded="143336" />
  <memory-copied type="tenure" objects="1383529" bytes="77851280" bytesdiscarded="45528" />
  <finalization candidates="1" enqueued="0" />
  <ownableSynchronizers candidates="2" cleared="2" />
  <object-monitors candidates="2" cleared="0"  />
</gc-op>
<gc-end id="4926" type="scavenge" contextid="4922" durationms="99.463" usertimems="355.787" systemtimems="0.000" stalltimems="4.411" timestamp="2022-02-08T16:17:07.144" activeThreads="4">
  <mem-info id="4927" free="310433496" total="1073741824" percent="28">
    <mem type="nursery" free="108361080" total="268435456" percent="40">
      <mem type="allocate" free="108361080" total="182583296" percent="59" />
      <mem type="survivor" free="0" total="85852160" percent="0" />
    </mem>
    <mem type="tenure" free="202072416" total="805306368" percent="25" macro-fragmented="0">
      <mem type="soa" free="194018656" total="797252608" percent="24" />
      <mem type="loa" free="8053760" total="8053760" percent="100" />
    </mem>
    <remembered-set count="102" />
  </mem-info>
</gc-end>
<cycle-end id="4928" type="scavenge" contextid="4922" timestamp="2022-02-08T16:17:07.144" />
<allocation-satisfied id="4929" threadId="0000000000016F00" bytesRequested="96" />
<af-end id="4930" timestamp="2022-02-08T16:17:07.144" threadId="0000000000017908" success="true" from="nursery"/>
<exclusive-end id="4931" timestamp="2022-02-08T16:17:07.144" durationms="99.763" />

<exclusive-start id="4932" timestamp="2022-02-08T16:17:08.088" intervalms="1043.463">
  <response-info timems="0.024" idlems="0.024" threads="0" lastid="0000000000016F00" lastname="main" />
</exclusive-start>
<af-start id="4933" threadId="0000000000017908" totalBytesRequested="200" timestamp="2022-02-08T16:17:08.088" intervalms="1043.466" type="nursery" />
<cycle-start id="4934" type="scavenge" contextid="0" timestamp="2022-02-08T16:17:08.088" intervalms="1043.466" />
<gc-start id="4935" type="scavenge" contextid="4934" timestamp="2022-02-08T16:17:08.088">
  <mem-info id="4936" free="202072416" total="1073741824" percent="18">
    <mem type="nursery" free="0" total="268435456" percent="0">
      <mem type="allocate" free="0" total="182583296" percent="0" />
      <mem type="survivor" free="0" total="85852160" percent="0" />
    </mem>
    <mem type="tenure" free="202072416" total="805306368" percent="25">
      <mem type="soa" free="194018656" total="797252608" percent="24" />
      <mem type="loa" free="8053760" total="8053760" percent="100" />
    </mem>
    <remembered-set count="134" />
  </mem-info>
</gc-start>
<allocation-stats totalBytes="108317016" >
  <allocated-bytes non-tlh="1590664" tlh="106726352" />
  <largest-consumer threadName="main" threadId="0000000000016F00" bytes="108317016" />
</allocation-stats>
<gc-op id="4937" type="scavenge" timems="83.269" contextid="4934" timestamp="2022-02-08T16:17:08.171">
  <scavenger-info tenureage="1" tenuremask="7ffe" tiltratio="68" />
  <memory-copied type="nursery" objects="1488933" bytes="76277984" bytesdiscarded="178088" />
  <memory-copied type="tenure" objects="1309282" bytes="74078824" bytesdiscarded="43968" />
  <finalization candidates="109" enqueued="53" />
  <references type="soft" candidates="14" cleared="0" enqueued="0" dynamicThreshold="11" maxThreshold="32" />
  <references type="weak" candidates="1" cleared="0" enqueued="0" />
  <references type="phantom" candidates="94" cleared="7" enqueued="7" />
  <object-monitors candidates="2" cleared="0"  />
</gc-op>
<gc-end id="4938" type="scavenge" contextid="4934" durationms="83.710" usertimems="320.897" systemtimems="0.000" stalltimems="5.017" timestamp="2022-02-08T16:17:08.172" activeThreads="4">
  <mem-info id="4939" free="234266648" total="1073741824" percent="21">
    <mem type="nursery" free="106323704" total="268435456" percent="39">
      <mem type="allocate" free="106323704" total="182779904" percent="58" />
      <mem type="survivor" free="0" total="85655552" percent="0" />
    </mem>
    <mem type="tenure" free="127942944" total="805306368" percent="15" macro-fragmented="348889">
      <mem type="soa" free="119889184" total="797252608" percent="15" />
      <mem type="loa" free="8053760" total="8053760" percent="100" />
    </mem>
    <pending-finalizers system="52" default="1" reference="7" classloader="0" />
    <remembered-set count="130" />
  </mem-info>
</gc-end>
<cycle-end id="4940" type="scavenge" contextid="4934" timestamp="2022-02-08T16:17:08.172" />
<allocation-satisfied id="4941" threadId="0000000000016F00" bytesRequested="200" />
<af-end id="4942" timestamp="2022-02-08T16:17:08.172" threadId="0000000000017908" success="true" from="nursery"/>
<exclusive-end id="4943" timestamp="2022-02-08T16:17:08.172" durationms="84.007" />

<concurrent-kickoff id="4944" timestamp="2022-02-08T16:17:08.887">
  <kickoff reason="threshold reached" targetBytes="74444029" thresholdFreeBytes="5745886"  remainingFree="5725944" tenureFreeBytes="127942944" nurseryFreeBytes="5725944" />
</concurrent-kickoff>
<exclusive-start id="4945" timestamp="2022-02-08T16:17:08.890" intervalms="801.982">
  <response-info timems="0.018" idlems="0.018" threads="0" lastid="0000000000016F00" lastname="main" />
</exclusive-start>
<cycle-start id="4946" type="global" contextid="0" timestamp="2022-02-08T16:17:08.890" intervalms="3130.143" />
<concurrent-start id="4947" type="global mark" contextid="4946" timestamp="2022-02-08T16:17:08.890">
</concurrent-start>
<exclusive-end id="4948" timestamp="2022-02-08T16:17:08.890" durationms="0.037" />

<exclusive-start id="4949" timestamp="2022-02-08T16:17:09.021" intervalms="131.529">
  <response-info timems="0.035" idlems="0.035" threads="0" lastid="0000000000016F00" lastname="main" />
</exclusive-start>
<af-start id="4950" threadId="0000000000017908" totalBytesRequested="80" timestamp="2022-02-08T16:17:09.021" intervalms="933.513" type="nursery" />
<cycle-start id="4951" type="scavenge" contextid="0" timestamp="2022-02-08T16:17:09.021" intervalms="933.515" />
<gc-start id="4952" type="scavenge" contextid="4951" timestamp="2022-02-08T16:17:09.021">
  <mem-info id="4953" free="127942944" total="1073741824" percent="11">
    <mem type="nursery" free="0" total="268435456" percent="0">
      <mem type="allocate" free="0" total="182779904" percent="0" />
      <mem type="survivor" free="0" total="85655552" percent="0" />
    </mem>
    <mem type="tenure" free="127942944" total="805306368" percent="15">
      <mem type="soa" free="119889184" total="797252608" percent="15" />
      <mem type="loa" free="8053760" total="8053760" percent="100" />
    </mem>
    <remembered-set count="131" />
  </mem-info>
</gc-start>
<allocation-stats totalBytes="106273128" >
  <allocated-bytes non-tlh="1347880" tlh="104925248" />
  <largest-consumer threadName="main" threadId="0000000000016F00" bytes="106264936" />
</allocation-stats>
<gc-op id="4954" type="scavenge" timems="90.067" contextid="4951" timestamp="2022-02-08T16:17:09.111">
  <scavenger-info tenureage="1" tenuremask="7ffe" tiltratio="68" />
  <memory-copied type="nursery" objects="1329586" bytes="76060664" bytesdiscarded="251920" />
  <memory-copied type="tenure" objects="1488213" bytes="75334704" bytesdiscarded="37304" />
  <finalization candidates="57" enqueued="0" />
  <references type="phantom" candidates="1" cleared="0" enqueued="0" />
  <object-monitors candidates="2" cleared="0"  />
</gc-op>
<gc-end id="4955" type="scavenge" contextid="4951" durationms="90.354" usertimems="340.444" systemtimems="1.560" stalltimems="11.878" timestamp="2022-02-08T16:17:09.112" activeThreads="4">
  <mem-info id="4956" free="159728560" total="1073741824" percent="14">
    <mem type="nursery" free="107122680" total="268435456" percent="39">
      <mem type="allocate" free="107122680" total="183435264" percent="58" />
      <mem type="survivor" free="0" total="85000192" percent="0" />
    </mem>
    <mem type="tenure" free="52605880" total="805306368" percent="6" macro-fragmented="0">
      <mem type="soa" free="44552120" total="797252608" percent="5" />
      <mem type="loa" free="8053760" total="8053760" percent="100" />
    </mem>
    <remembered-set count="99" />
  </mem-info>
</gc-end>
<cycle-end id="4957" type="scavenge" contextid="4951" timestamp="2022-02-08T16:17:09.112" />
<allocation-satisfied id="4958" threadId="0000000000016F00" bytesRequested="80" />
<af-end id="4959" timestamp="2022-02-08T16:17:09.112" threadId="0000000000017908" success="true" from="nursery"/>
<exclusive-end id="4960" timestamp="2022-02-08T16:17:09.112" durationms="90.857" />

<concurrent-end id="4961" type="global mark" contextid="4946" timestamp="2022-02-08T16:17:09.245">
<gc-op id="4962" type="trace" timems="355.110" contextid="4946" timestamp="2022-02-08T16:17:09.245">
  <trace bytesTraced="74407256" workStackOverflowCount="0" />
  <card-cleaning reason="card cleaning threshold reached" bytesTraced="808" cardsCleaned="2" />
</gc-op>
</concurrent-end>

<exclusive-start id="4963" timestamp="2022-02-08T16:17:09.245" intervalms="223.659">
  <response-info timems="0.017" idlems="0.017" threads="0" lastid="0000000000016F00" lastname="main" />
</exclusive-start>
<concurrent-global-final id="4964" timestamp="2022-02-08T16:17:09.245" contextid="4946" intervalms="3106.894" >
  <concurrent-trace-info reason="card cleaning threshold reached" tracedByMutators="59248540" tracedByHelpers="15159524" cardsCleaned="2" workStackOverflowCount="0" />
</concurrent-global-final>
<gc-start id="4965" type="global" contextid="4946" timestamp="2022-02-08T16:17:09.245">
  <mem-info id="4966" free="151503712" total="1073741824" percent="14">
    <mem type="nursery" free="98897832" total="268435456" percent="36">
      <mem type="allocate" free="98897832" total="183435264" percent="53" />
      <mem type="survivor" free="0" total="85000192" percent="0" />
    </mem>
    <mem type="tenure" free="52605880" total="805306368" percent="6">
      <mem type="soa" free="44552120" total="797252608" percent="5" />
      <mem type="loa" free="8053760" total="8053760" percent="100" />
    </mem>
    <remembered-set count="99" />
  </mem-info>
</gc-start>
<allocation-stats totalBytes="8221088" >
  <allocated-bytes non-tlh="80" tlh="8221008" />
  <largest-consumer threadName="main" threadId="0000000000016F00" bytes="8221088" />
</allocation-stats>
<gc-op id="4967" type="rs-scan" timems="1.016" contextid="4946" timestamp="2022-02-08T16:17:09.246">
  <scan objectsFound="29" bytesTraced="5068" workStackOverflowCount="0" />
</gc-op>
<gc-op id="4968" type="card-cleaning" timems="168.024" contextid="4946" timestamp="2022-02-08T16:17:09.414">
  <card-cleaning cardsCleaned="9" bytesTraced="71046316" workStackOverflowCount="0" />
</gc-op>
<gc-op id="4969" type="mark" timems="50.498" contextid="4946" timestamp="2022-02-08T16:17:09.465">
  <trace-info objectcount="1802883" scancount="1353690" scanbytes="28946408" />
  <finalization candidates="428" enqueued="57" />
  <ownableSynchronizers candidates="1" cleared="0" />
  <references type="soft" candidates="894" cleared="0" enqueued="0" dynamicThreshold="11" maxThreshold="32" />
  <references type="weak" candidates="1701" cleared="0" enqueued="0" />
  <references type="phantom" candidates="52" cleared="2" enqueued="2" />
  <stringconstants candidates="6471" cleared="0"  />
  <object-monitors candidates="2" cleared="0"  />
</gc-op>
<gc-op id="4970" type="sweep" timems="6.747" contextid="4946" timestamp="2022-02-08T16:17:09.472" />
<gc-end id="4971" type="global" contextid="4946" durationms="226.704" usertimems="241.029" systemtimems="0.414" stalltimems="151.046" timestamp="2022-02-08T16:17:09.472" activeThreads="4">
  <mem-info id="4972" free="394805432" total="1073741824" percent="36">
    <mem type="nursery" free="99237984" total="268435456" percent="36">
      <mem type="allocate" free="99237984" total="183435264" percent="54" />
      <mem type="survivor" free="0" total="85000192" percent="0" />
    </mem>
    <mem type="tenure" free="295567448" total="805306368" percent="36" micro-fragmented="306671" macro-fragmented="0">
      <mem type="soa" free="287513688" total="797252608" percent="36" />
      <mem type="loa" free="8053760" total="8053760" percent="100" />
    </mem>
    <pending-finalizers system="57" default="0" reference="2" classloader="0" />
    <remembered-set count="99" />
  </mem-info>
</gc-end>
<cycle-end id="4973" type="global" contextid="4946" timestamp="2022-02-08T16:17:09.472" />
<exclusive-end id="4974" timestamp="2022-02-08T16:17:09.472" durationms="226.962" />

<exclusive-start id="4975" timestamp="2022-02-08T16:17:10.131" intervalms="886.491">
  <response-info timems="0.017" idlems="0.017" threads="0" lastid="0000000000016F00" lastname="main" />
</exclusive-start>
<af-start id="4976" threadId="0000000000017908" totalBytesRequested="184" timestamp="2022-02-08T16:17:10.131" intervalms="1110.144" type="nursery" />
<cycle-start id="4977" type="scavenge" contextid="0" timestamp="2022-02-08T16:17:10.131" intervalms="1110.141" />
<gc-start id="4978" type="scavenge" contextid="4977" timestamp="2022-02-08T16:17:10.131">
  <mem-info id="4979" free="295567448" total="1073741824" percent="27">
    <mem type="nursery" free="0" total="268435456" percent="0">
      <mem type="allocate" free="0" total="183435264" percent="0" />
      <mem type="survivor" free="0" total="85000192" percent="0" />
    </mem>
    <mem type="tenure" free="295567448" total="805306368" percent="36">
      <mem type="soa" free="287513688" total="797252608" percent="36" />
      <mem type="loa" free="8053760" total="8053760" percent="100" />
    </mem>
    <remembered-set count="102" />
  </mem-info>
</gc-start>
<allocation-stats totalBytes="99191240" >
  <allocated-bytes non-tlh="0" tlh="99191240" />
  <largest-consumer threadName="main" threadId="0000000000016F00" bytes="99187144" />
</allocation-stats>
<gc-op id="4980" type="scavenge" timems="84.690" contextid="4977" timestamp="2022-02-08T16:17:10.216">
  <scavenger-info tenureage="1" tenuremask="7ffe" tiltratio="68" />
  <memory-copied type="nursery" objects="1355543" bytes="76300840" bytesdiscarded="145456" />
  <memory-copied type="tenure" objects="1329585" bytes="76060616" bytesdiscarded="44112" />
  <finalization candidates="1" enqueued="0" />
  <ownableSynchronizers candidates="2" cleared="2" />
  <object-monitors candidates="2" cleared="0"  />
</gc-op>
<gc-end id="4981" type="scavenge" contextid="4977" durationms="84.906" usertimems="328.533" systemtimems="4.226" stalltimems="3.601" timestamp="2022-02-08T16:17:10.216" activeThreads="4">
  <mem-info id="4982" free="326803648" total="1073741824" percent="30">
    <mem type="nursery" free="107447720" total="268435456" percent="40">
      <mem type="allocate" free="107447720" total="183894016" percent="58" />
      <mem type="survivor" free="0" total="84541440" percent="0" />
    </mem>
    <mem type="tenure" free="219355928" total="805306368" percent="27" macro-fragmented="0">
      <mem type="soa" free="211302168" total="797252608" percent="26" />
      <mem type="loa" free="8053760" total="8053760" percent="100" />
    </mem>
    <remembered-set count="102" />
  </mem-info>
</gc-end>
<cycle-end id="4983" type="scavenge" contextid="4977" timestamp="2022-02-08T16:17:10.217" />
<allocation-satisfied id="4984" threadId="0000000000016F00" bytesRequested="184" />
<af-end id="4985" timestamp="2022-02-08T16:17:10.217" threadId="0000000000017908" success="true" from="nursery"/>
<exclusive-end id="4986" timestamp="2022-02-08T16:17:10.217" durationms="85.243" />

<exclusive-start id="4987" timestamp="2022-02-08T16:17:11.116" intervalms="984.861">
  <response-info timems="0.022" idlems="0.022" threads="0" lastid="0000000000016F00" lastname="main" />
</exclusive-start>
<af-start id="4988" threadId="0000000000017908" totalBytesRequested="24" timestamp="2022-02-08T16:17:11.116" intervalms="984.868" type="nursery" />
<cycle-start id="4989" type="scavenge" contextid="0" timestamp="2022-02-08T16:17:11.116" intervalms="984.872" />
<gc-start id="4990" type="scavenge" contextid="4989" timestamp="2022-02-08T16:17:11.116">
  <mem-info id="4991" free="219355928" total="1073741824" percent="20">
    <mem type="nursery" free="0" total="268435456" percent="0">
      <mem type="allocate" free="0" total="183894016" percent="0" />
      <mem type="survivor" free="0" total="84541440" percent="0" />
    </mem>
    <mem type="tenure" free="219355928" total="805306368" percent="27">
      <mem type="soa" free="211302168" total="797252608" percent="26" />
      <mem type="loa" free="8053760" total="8053760" percent="100" />
    </mem>
    <remembered-set count="133" />
  </mem-info>
</gc-start>
<allocation-stats totalBytes="107400800" >
  <allocated-bytes non-tlh="945912" tlh="106454888" />
  <largest-consumer threadName="main" threadId="0000000000016F00" bytes="107400800" />
</allocation-stats>
<gc-op id="4992" type="scavenge" timems="88.366" contextid="4989" timestamp="2022-02-08T16:17:11.205">
  <scavenger-info tenureage="1" tenuremask="7ffe" tiltratio="68" />
  <memory-copied type="nursery" objects="1458480" bytes="75747168" bytesdiscarded="107616" />
  <memory-copied type="tenure" objects="1355542" bytes="76300736" bytesdiscarded="40856" />
  <finalization candidates="92" enqueued="51" />
  <references type="soft" candidates="14" cleared="0" enqueued="0" dynamicThreshold="11" maxThreshold="32" />
  <references type="weak" candidates="1" cleared="0" enqueued="0" />
  <references type="phantom" candidates="77" cleared="7" enqueued="7" />
  <object-monitors candidates="2" cleared="0"  />
</gc-op>
<gc-end id="4993" type="scavenge" contextid="4989" durationms="88.599" usertimems="342.162" systemtimems="3.811" stalltimems="4.312" timestamp="2022-02-08T16:17:11.205" activeThreads="4">
  <mem-info id="4994" free="251473536" total="1073741824" percent="23">
    <mem type="nursery" free="108432320" total="268435456" percent="40">
      <mem type="allocate" free="108432320" total="184287232" percent="58" />
      <mem type="survivor" free="0" total="84148224" percent="0" />
    </mem>
    <mem type="tenure" free="143041216" total="805306368" percent="17" macro-fragmented="0">
      <mem type="soa" free="134987456" total="797252608" percent="16" />
      <mem type="loa" free="8053760" total="8053760" percent="100" />
    </mem>
    <pending-finalizers system="50" default="1" reference="7" classloader="0" />
    <remembered-set count="129" />
  </mem-info>
</gc-end>
<cycle-end id="4995" type="scavenge" contextid="4989" timestamp="2022-02-08T16:17:11.205" />
<allocation-satisfied id="4996" threadId="0000000000016F00" bytesRequested="24" />
<af-end id="4997" timestamp="2022-02-08T16:17:11.205" threadId="0000000000017908" success="true" from="nursery"/>
<exclusive-end id="4998" timestamp="2022-02-08T16:17:11.205" durationms="88.858" />

<concurrent-kickoff id="4999" timestamp="2022-02-08T16:17:11.919">
  <kickoff reason="threshold reached" targetBytes="74436836" thresholdFreeBytes="5745548"  remainingFree="5641312" tenureFreeBytes="143041216" nurseryFreeBytes="5641312" />
</concurrent-kickoff>
<exclusive-start id="5000" timestamp="2022-02-08T16:17:11.922" intervalms="806.147">
  <response-info timems="0.024" idlems="0.024" threads="0" lastid="0000000000016F00" lastname="main" />
</exclusive-start>
<cycle-start id="5001" type="global" contextid="0" timestamp="2022-02-08T16:17:11.922" intervalms="3032.696" />
<concurrent-start id="5002" type="global mark" contextid="5001" timestamp="2022-02-08T16:17:11.922">
</concurrent-start>
<exclusive-end id="5003" timestamp="2022-02-08T16:17:11.922" durationms="0.038" />

<exclusive-start id="5004" timestamp="2022-02-08T16:17:12.042" intervalms="119.902">
  <response-info timems="0.022" idlems="0.022" threads="0" lastid="0000000000016F00" lastname="main" />
</exclusive-start>
<af-start id="5005" threadId="0000000000017908" totalBytesRequested="200" timestamp="2022-02-08T16:17:12.042" intervalms="926.043" type="nursery" />
<cycle-start id="5006" type="scavenge" contextid="0" timestamp="2022-02-08T16:17:12.042" intervalms="926.039" />
<gc-start id="5007" type="scavenge" contextid="5006" timestamp="2022-02-08T16:17:12.042">
  <mem-info id="5008" free="143041216" total="1073741824" percent="13">
    <mem type="nursery" free="0" total="268435456" percent="0">
      <mem type="allocate" free="0" total="184287232" percent="0" />
      <mem type="survivor" free="0" total="84148224" percent="0" />
    </mem>
    <mem type="tenure" free="143041216" total="805306368" percent="17">
      <mem type="soa" free="134987456" total="797252608" percent="16" />
      <mem type="loa" free="8053760" total="8053760" percent="100" />
    </mem>
    <remembered-set count="130" />
  </mem-info>
</gc-start>
<allocation-stats totalBytes="108376984" >
  <allocated-bytes non-tlh="1992544" tlh="106384440" />
  <largest-consumer threadName="main" threadId="0000000000016F00" bytes="108368792" />
</allocation-stats>
<gc-op id="5009" type="scavenge" timems="89.509" contextid="5006" timestamp="2022-02-08T16:17:12.132">
  <scavenger-info tenureage="1" tenuremask="7ffe" tiltratio="68" />
  <memory-copied type="nursery" objects="1377385" bytes="77061152" bytesdiscarded="181056" />
  <memory-copied type="tenure" objects="1457781" bytes="75196936" bytesdiscarded="41680" />
  <finalization candidates="59" enqueued="2" />
  <references type="phantom" candidates="18" cleared="0" enqueued="0" />
  <object-monitors candidates="2" cleared="0"  />
</gc-op>
<gc-end id="5010" type="scavenge" contextid="5006" durationms="89.779" usertimems="351.824" systemtimems="0.029" stalltimems="3.636" timestamp="2022-02-08T16:17:12.132" activeThreads="4">
  <mem-info id="5011" free="174400128" total="1073741824" percent="16">
    <mem type="nursery" free="106651808" total="268435456" percent="39">
      <mem type="allocate" free="106651808" total="183894016" percent="57" />
      <mem type="survivor" free="0" total="84541440" percent="0" />
    </mem>
    <mem type="tenure" free="67748320" total="805306368" percent="8" macro-fragmented="33282812">
      <mem type="soa" free="59694560" total="797252608" percent="7" />
      <mem type="loa" free="8053760" total="8053760" percent="100" />
    </mem>
    <pending-finalizers system="2" default="0" reference="0" classloader="0" />
    <remembered-set count="104" />
  </mem-info>
</gc-end>
<cycle-end id="5012" type="scavenge" contextid="5006" timestamp="2022-02-08T16:17:12.132" />
<allocation-satisfied id="5013" threadId="0000000000016F00" bytesRequested="200" />
<af-end id="5014" timestamp="2022-02-08T16:17:12.133" threadId="0000000000017908" success="true" from="nursery"/>
<exclusive-end id="5015" timestamp="2022-02-08T16:17:12.133" durationms="90.273" />

<concurrent-end id="5016" type="global mark" contextid="5001" timestamp="2022-02-08T16:17:12.356">
<gc-op id="5017" type="trace" timems="433.138" contextid="5001" timestamp="2022-02-08T16:17:12.356">
  <trace bytesTraced="74448184" workStackOverflowCount="0" />
  <card-cleaning reason="card cleaning threshold reached" bytesTraced="808" cardsCleaned="2" />
</gc-op>
</concurrent-end>

<exclusive-start id="5018" timestamp="2022-02-08T16:17:12.356" intervalms="313.321">
  <response-info timems="0.022" idlems="0.022" threads="0" lastid="0000000000016F00" lastname="main" />
</exclusive-start>
<concurrent-global-final id="5019" timestamp="2022-02-08T16:17:12.356" contextid="5001" intervalms="3110.723" >
  <concurrent-trace-info reason="card cleaning threshold reached" tracedByMutators="49902540" tracedByHelpers="24546452" cardsCleaned="2" workStackOverflowCount="0" />
</concurrent-global-final>
<gc-start id="5020" type="global" contextid="5001" timestamp="2022-02-08T16:17:12.356">
  <mem-info id="5021" free="159224248" total="1073741824" percent="14">
    <mem type="nursery" free="91475928" total="268435456" percent="34">
      <mem type="allocate" free="91475928" total="183894016" percent="49" />
      <mem type="survivor" free="0" total="84541440" percent="0" />
    </mem>
    <mem type="tenure" free="67748320" total="805306368" percent="8">
      <mem type="soa" free="59694560" total="797252608" percent="7" />
      <mem type="loa" free="8053760" total="8053760" percent="100" />
    </mem>
    <remembered-set count="104" />
  </mem-info>
</gc-start>
<allocation-stats totalBytes="15168072" >
  <allocated-bytes non-tlh="200" tlh="15167872" />
  <largest-consumer threadName="main" threadId="0000000000016F00" bytes="15163976" />
</allocation-stats>
<gc-op id="5022" type="rs-scan" timems="1.015" contextid="5001" timestamp="2022-02-08T16:17:12.357">
  <scan objectsFound="29" bytesTraced="5188" workStackOverflowCount="0" />
</gc-op>
<gc-op id="5023" type="card-cleaning" timems="168.362" contextid="5001" timestamp="2022-02-08T16:17:12.525">
  <card-cleaning cardsCleaned="10" bytesTraced="71016572" workStackOverflowCount="0" />
</gc-op>
<gc-op id="5024" type="mark" timems="46.580" contextid="5001" timestamp="2022-02-08T16:17:12.572">
  <trace-info objectcount="1643998" scancount="1234525" scanbytes="26404264" />
  <finalization candidates="428" enqueued="57" />
  <ownableSynchronizers candidates="1" cleared="0" />
  <references type="soft" candidates="894" cleared="0" enqueued="0" dynamicThreshold="11" maxThreshold="32" />
  <references type="weak" candidates="1701" cleared="0" enqueued="0" />
  <references type="phantom" candidates="52" cleared="2" enqueued="2" />
  <stringconstants candidates="6471" cleared="0"  />
  <object-monitors candidates="2" cleared="0"  />
</gc-op>
<gc-op id="5025" type="sweep" timems="6.429" contextid="5001" timestamp="2022-02-08T16:17:12.578" />
<gc-end id="5026" type="global" contextid="5001" durationms="222.574" usertimems="234.797" systemtimems="0.000" stalltimems="144.744" timestamp="2022-02-08T16:17:12.578" activeThreads="4">
  <mem-info id="5027" free="402397352" total="1073741824" percent="37">
    <mem type="nursery" free="91769720" total="268435456" percent="34">
      <mem type="allocate" free="91769720" total="183894016" percent="49" />
      <mem type="survivor" free="0" total="84541440" percent="0" />
    </mem>
    <mem type="tenure" free="310627632" total="805306368" percent="38" micro-fragmented="228295" macro-fragmented="0">
      <mem type="soa" free="302573872" total="797252608" percent="37" />
      <mem type="loa" free="8053760" total="8053760" percent="100" />
    </mem>
    <pending-finalizers system="57" default="0" reference="2" classloader="0" />
    <remembered-set count="104" />
  </mem-info>
</gc-end>
<cycle-end id="5028" type="global" contextid="5001" timestamp="2022-02-08T16:17:12.578" />
<exclusive-end id="5029" timestamp="2022-02-08T16:17:12.578" durationms="222.808" />

<exclusive-start id="5030" timestamp="2022-02-08T16:17:13.206" intervalms="850.535">
  <response-info timems="0.022" idlems="0.022" threads="0" lastid="0000000000016F00" lastname="main" />
</exclusive-start>
<af-start id="5031" threadId="0000000000017908" totalBytesRequested="24" timestamp="2022-02-08T16:17:13.206" intervalms="1163.855" type="nursery" />
<cycle-start id="5032" type="scavenge" contextid="0" timestamp="2022-02-08T16:17:13.206" intervalms="1163.855" />
<gc-start id="5033" type="scavenge" contextid="5032" timestamp="2022-02-08T16:17:13.206">
  <mem-info id="5034" free="310627632" total="1073741824" percent="28">
    <mem type="nursery" free="0" total="268435456" percent="0">
      <mem type="allocate" free="0" total="183894016" percent="0" />
      <mem type="survivor" free="0" total="84541440" percent="0" />
    </mem>
    <mem type="tenure" free="310627632" total="805306368" percent="38">
      <mem type="soa" free="302573872" total="797252608" percent="37" />
      <mem type="loa" free="8053760" total="8053760" percent="100" />
    </mem>
    <remembered-set count="107" />
  </mem-info>
</gc-start>
<allocation-stats totalBytes="91727272" >
  <allocated-bytes non-tlh="0" tlh="91727272" />
  <largest-consumer threadName="main" threadId="0000000000016F00" bytes="91723176" />
</allocation-stats>
<gc-op id="5035" type="scavenge" timems="85.763" contextid="5032" timestamp="2022-02-08T16:17:13.292">
  <scavenger-info tenureage="1" tenuremask="7ffe" tiltratio="68" />
  <memory-copied type="nursery" objects="1346332" bytes="75933024" bytesdiscarded="99008" />
  <memory-copied type="tenure" objects="1377360" bytes="77043840" bytesdiscarded="49088" />
  <finalization candidates="16" enqueued="0" />
  <ownableSynchronizers candidates="2" cleared="2" />
  <object-monitors candidates="2" cleared="0"  />
</gc-op>
<gc-end id="5036" type="scavenge" contextid="5032" durationms="86.172" usertimems="336.101" systemtimems="0.018" stalltimems="2.777" timestamp="2022-02-08T16:17:13.292" activeThreads="4">
  <mem-info id="5037" free="341536984" total="1073741824" percent="31">
    <mem type="nursery" free="108124128" total="268435456" percent="40">
      <mem type="allocate" free="108124128" total="184156160" percent="58" />
      <mem type="survivor" free="0" total="84279296" percent="0" />
    </mem>
    <mem type="tenure" free="233412856" total="805306368" percent="28" macro-fragmented="0">
      <mem type="soa" free="225359096" total="797252608" percent="28" />
      <mem type="loa" free="8053760" total="8053760" percent="100" />
    </mem>
    <remembered-set count="102" />
  </mem-info>
</gc-end>
<cycle-end id="5038" type="scavenge" contextid="5032" timestamp="2022-02-08T16:17:13.293" />
<allocation-satisfied id="5039" threadId="0000000000016F00" bytesRequested="24" />
<af-end id="5040" timestamp="2022-02-08T16:17:13.293" threadId="0000000000017908" success="true" from="nursery"/>
<exclusive-end id="5041" timestamp="2022-02-08T16:17:13.293" durationms="86.462" />

<exclusive-start id="5042" timestamp="2022-02-08T16:17:14.014" intervalms="808.332">
  <response-info timems="0.018" idlems="0.018" threads="0" lastid="0000000000016F00" lastname="main" />
</exclusive-start>
<af-start id="5043" threadId="0000000000017908" totalBytesRequested="24" timestamp="2022-02-08T16:17:14.015" intervalms="808.339" type="nursery" />
<cycle-start id="5044" type="scavenge" contextid="0" timestamp="2022-02-08T16:17:14.015" intervalms="808.339" />
<gc-start id="5045" type="scavenge" contextid="5044" timestamp="2022-02-08T16:17:14.015">
  <mem-info id="5046" free="233412856" total="1073741824" percent="21">
    <mem type="nursery" free="0" total="268435456" percent="0">
      <mem type="allocate" free="0" total="184156160" percent="0" />
      <mem type="survivor" free="0" total="84279296" percent="0" />
    </mem>
    <mem type="tenure" free="233412856" total="805306368" percent="28">
      <mem type="soa" free="225359096" total="797252608" percent="28" />
      <mem type="loa" free="8053760" total="8053760" percent="100" />
    </mem>
    <remembered-set count="116" />
  </mem-info>
</gc-start>
<allocation-stats totalBytes="108074376" >
  <allocated-bytes non-tlh="24" tlh="108074352" />
  <largest-consumer threadName="main" threadId="0000000000016F00" bytes="108074376" />
</allocation-stats>
<gc-op id="5047" type="scavenge" timems="83.624" contextid="5044" timestamp="2022-02-08T16:17:14.098">
  <scavenger-info tenureage="1" tenuremask="7ffe" tiltratio="68" />
  <memory-copied type="nursery" objects="1359027" bytes="76839016" bytesdiscarded="105304" />
  <memory-copied type="tenure" objects="1346332" bytes="75933024" bytesdiscarded="45624" />
  <finalization candidates="24" enqueued="14" />
  <references type="phantom" candidates="24" cleared="0" enqueued="0" />
  <object-monitors candidates="2" cleared="0"  />
</gc-op>
<gc-end id="5048" type="scavenge" contextid="5044" durationms="83.983" usertimems="324.640" systemtimems="0.877" stalltimems="6.882" timestamp="2022-02-08T16:17:14.099" activeThreads="4">
  <mem-info id="5049" free="264665184" total="1073741824" percent="24">
    <mem type="nursery" free="107408448" total="268435456" percent="40">
      <mem type="allocate" free="107408448" total="184352768" percent="58" />
      <mem type="survivor" free="0" total="84082688" percent="0" />
    </mem>
    <mem type="tenure" free="157256736" total="805306368" percent="19" macro-fragmented="0">
      <mem type="soa" free="149202976" total="797252608" percent="18" />
      <mem type="loa" free="8053760" total="8053760" percent="100" />
    </mem>
    <pending-finalizers system="14" default="0" reference="0" classloader="0" />
    <remembered-set count="115" />
  </mem-info>
</gc-end>
<cycle-end id="5050" type="scavenge" contextid="5044" timestamp="2022-02-08T16:17:14.099" />
<allocation-satisfied id="5051" threadId="0000000000016F00" bytesRequested="24" />
<af-end id="5052" timestamp="2022-02-08T16:17:14.099" threadId="0000000000017908" success="true" from="nursery"/>
<exclusive-end id="5053" timestamp="2022-02-08T16:17:14.099" durationms="84.229" />

<concurrent-kickoff id="5054" timestamp="2022-02-08T16:17:14.971">
  <kickoff reason="threshold reached" targetBytes="74439265" thresholdFreeBytes="5742420"  remainingFree="5631040" tenureFreeBytes="157256736" nurseryFreeBytes="5631040" />
</concurrent-kickoff>
<exclusive-start id="5055" timestamp="2022-02-08T16:17:14.974" intervalms="960.028">
  <response-info timems="0.021" idlems="0.021" threads="0" lastid="0000000000016F00" lastname="main" />
</exclusive-start>
<cycle-start id="5056" type="global" contextid="0" timestamp="2022-02-08T16:17:14.975" intervalms="3052.111" />
<concurrent-start id="5057" type="global mark" contextid="5056" timestamp="2022-02-08T16:17:14.975">
</concurrent-start>
<exclusive-end id="5058" timestamp="2022-02-08T16:17:14.975" durationms="0.029" />

<exclusive-start id="5059" timestamp="2022-02-08T16:17:15.102" intervalms="127.731">
  <response-info timems="0.025" idlems="0.025" threads="0" lastid="0000000000016F00" lastname="main" />
</exclusive-start>
<af-start id="5060" threadId="0000000000017908" totalBytesRequested="64" timestamp="2022-02-08T16:17:15.102" intervalms="1087.787" type="nursery" />
<cycle-start id="5061" type="scavenge" contextid="0" timestamp="2022-02-08T16:17:15.102" intervalms="1087.816" />
<gc-start id="5062" type="scavenge" contextid="5061" timestamp="2022-02-08T16:17:15.102">
  <mem-info id="5063" free="157256736" total="1073741824" percent="14">
    <mem type="nursery" free="0" total="268435456" percent="0">
      <mem type="allocate" free="0" total="184352768" percent="0" />
      <mem type="survivor" free="0" total="84082688" percent="0" />
    </mem>
    <mem type="tenure" free="157256736" total="805306368" percent="19">
      <mem type="soa" free="149202976" total="797252608" percent="18" />
      <mem type="loa" free="8053760" total="8053760" percent="100" />
    </mem>
    <remembered-set count="132" />
  </mem-info>
</gc-start>
<allocation-stats totalBytes="107359200" >
  <allocated-bytes non-tlh="2938272" tlh="104420928" />
  <largest-consumer threadName="main" threadId="0000000000016F00" bytes="107355104" />
</allocation-stats>
<gc-op id="5064" type="scavenge" timems="94.776" contextid="5061" timestamp="2022-02-08T16:17:15.197">
  <scavenger-info tenureage="1" tenuremask="7ffe" tiltratio="68" />
  <memory-copied type="nursery" objects="1430317" bytes="75499600" bytesdiscarded="229616" />
  <memory-copied type="tenure" objects="1358788" bytes="76697624" bytesdiscarded="39944" />
  <finalization candidates="96" enqueued="39" />
  <references type="soft" candidates="14" cleared="0" enqueued="0" dynamicThreshold="12" maxThreshold="32" />
  <references type="weak" candidates="1" cleared="0" enqueued="0" />
  <references type="phantom" candidates="81" cleared="7" enqueued="7" />
  <object-monitors candidates="2" cleared="0"  />
</gc-op>
<gc-end id="5065" type="scavenge" contextid="5061" durationms="94.960" usertimems="344.365" systemtimems="0.799" stalltimems="4.740" timestamp="2022-02-08T16:17:15.197" activeThreads="4">
  <mem-info id="5066" free="189486288" total="1073741824" percent="17">
    <mem type="nursery" free="108885568" total="268435456" percent="40">
      <mem type="allocate" free="108885568" total="184614912" percent="58" />
      <mem type="survivor" free="0" total="83820544" percent="0" />
    </mem>
    <mem type="tenure" free="80600720" total="805306368" percent="10" macro-fragmented="57512708">
      <mem type="soa" free="72546960" total="797252608" percent="9" />
      <mem type="loa" free="8053760" total="8053760" percent="100" />
    </mem>
    <pending-finalizers system="38" default="1" reference="7" classloader="0" />
    <remembered-set count="119" />
  </mem-info>
</gc-end>
<cycle-end id="5067" type="scavenge" contextid="5061" timestamp="2022-02-08T16:17:15.197" />
<allocation-satisfied id="5068" threadId="0000000000016F00" bytesRequested="64" />
<af-end id="5069" timestamp="2022-02-08T16:17:15.198" threadId="0000000000017908" success="true" from="nursery"/>
<exclusive-end id="5070" timestamp="2022-02-08T16:17:15.198" durationms="95.316" />

<concurrent-end id="5071" type="global mark" contextid="5056" timestamp="2022-02-08T16:17:15.336">
<gc-op id="5072" type="trace" timems="361.336" contextid="5056" timestamp="2022-02-08T16:17:15.336">
  <trace bytesTraced="74448408" workStackOverflowCount="0" />
  <card-cleaning reason="card cleaning threshold reached" bytesTraced="808" cardsCleaned="2" />
</gc-op>
</concurrent-end>

<exclusive-start id="5073" timestamp="2022-02-08T16:17:15.336" intervalms="233.700">
  <response-info timems="0.040" idlems="0.040" threads="0" lastid="0000000000016F00" lastname="main" />
</exclusive-start>
<concurrent-global-final id="5074" timestamp="2022-02-08T16:17:15.336" contextid="5056" intervalms="2980.357" >
  <concurrent-trace-info reason="card cleaning threshold reached" tracedByMutators="56348592" tracedByHelpers="18100624" cardsCleaned="2" workStackOverflowCount="0" />
</concurrent-global-final>
<gc-start id="5075" type="global" contextid="5056" timestamp="2022-02-08T16:17:15.336">
  <mem-info id="5076" free="181122192" total="1073741824" percent="16">
    <mem type="nursery" free="100521472" total="268435456" percent="37">
      <mem type="allocate" free="100521472" total="184614912" percent="54" />
      <mem type="survivor" free="0" total="83820544" percent="0" />
    </mem>
    <mem type="tenure" free="80600720" total="805306368" percent="10">
      <mem type="soa" free="72546960" total="797252608" percent="9" />
      <mem type="loa" free="8053760" total="8053760" percent="100" />
    </mem>
    <remembered-set count="120" />
  </mem-info>
</gc-start>
<allocation-stats totalBytes="8360320" >
  <allocated-bytes non-tlh="64" tlh="8360256" />
  <largest-consumer threadName="main" threadId="0000000000016F00" bytes="8352128" />
</allocation-stats>
<gc-op id="5077" type="rs-scan" timems="159.548" contextid="5056" timestamp="2022-02-08T16:17:15.496">
  <scan objectsFound="3324743" bytesTraced="71019140" workStackOverflowCount="0" />
</gc-op>
<gc-op id="5078" type="card-cleaning" timems="0.300" contextid="5056" timestamp="2022-02-08T16:17:15.496">
  <card-cleaning cardsCleaned="4" bytesTraced="2084" workStackOverflowCount="0" />
</gc-op>
<gc-op id="5079" type="mark" timems="34.365" contextid="5056" timestamp="2022-02-08T16:17:15.530">
  <trace-info objectcount="1267069" scancount="951828" scanbytes="20373384" />
  <finalization candidates="428" enqueued="57" />
  <ownableSynchronizers candidates="1" cleared="0" />
  <references type="soft" candidates="894" cleared="0" enqueued="0" dynamicThreshold="12" maxThreshold="32" />
  <references type="weak" candidates="1701" cleared="0" enqueued="0" />
  <references type="phantom" candidates="52" cleared="2" enqueued="2" />
  <stringconstants candidates="6471" cleared="0"  />
  <object-monitors candidates="2" cleared="0"  />
</gc-op>
<gc-op id="5080" type="sweep" timems="4.874" contextid="5056" timestamp="2022-02-08T16:17:15.536" />
<gc-end id="5081" type="global" contextid="5056" durationms="199.568" usertimems="211.689" systemtimems="2.224" stalltimems="102.603" timestamp="2022-02-08T16:17:15.536" activeThreads="4">
  <mem-info id="5082" free="424756520" total="1073741824" percent="39">
    <mem type="nursery" free="101199936" total="268435456" percent="37">
      <mem type="allocate" free="101199936" total="184614912" percent="54" />
      <mem type="survivor" free="0" total="83820544" percent="0" />
    </mem>
    <mem type="tenure" free="323556584" total="805306368" percent="40" micro-fragmented="333979" macro-fragmented="1347680">
      <mem type="soa" free="315502824" total="797252608" percent="39" />
      <mem type="loa" free="8053760" total="8053760" percent="100" />
    </mem>
    <pending-finalizers system="57" default="0" reference="2" classloader="0" />
    <remembered-set count="107" />
  </mem-info>
</gc-end>
<cycle-end id="5083" type="global" contextid="5056" timestamp="2022-02-08T16:17:15.536" />
<exclusive-end id="5084" timestamp="2022-02-08T16:17:15.536" durationms="199.830" />

<exclusive-start id="5085" timestamp="2022-02-08T16:17:16.300" intervalms="964.112">
  <response-info timems="0.019" idlems="0.019" threads="0" lastid="0000000000016F00" lastname="main" />
</exclusive-start>
<af-start id="5086" threadId="0000000000017908" totalBytesRequested="16" timestamp="2022-02-08T16:17:16.300" intervalms="1197.779" type="nursery" />
<cycle-start id="5087" type="scavenge" contextid="0" timestamp="2022-02-08T16:17:16.300" intervalms="1197.751" />
<gc-start id="5088" type="scavenge" contextid="5087" timestamp="2022-02-08T16:17:16.300">
  <mem-info id="5089" free="323556584" total="1073741824" percent="30">
    <mem type="nursery" free="0" total="268435456" percent="0">
      <mem type="allocate" free="0" total="184614912" percent="0" />
      <mem type="survivor" free="0" total="83820544" percent="0" />
    </mem>
    <mem type="tenure" free="323556584" total="805306368" percent="40">
      <mem type="soa" free="315502824" total="797252608" percent="39" />
      <mem type="loa" free="8053760" total="8053760" percent="100" />
    </mem>
    <remembered-set count="108" />
  </mem-info>
</gc-start>
<allocation-stats totalBytes="101155144" >
  <allocated-bytes non-tlh="0" tlh="101155144" />
  <largest-consumer threadName="main" threadId="0000000000016F00" bytes="101145992" />
</allocation-stats>
<gc-op id="5090" type="scavenge" timems="85.945" contextid="5087" timestamp="2022-02-08T16:17:16.386">
  <scavenger-info tenureage="1" tenuremask="7ffe" tiltratio="68" />
  <memory-copied type="nursery" objects="1411741" bytes="77904608" bytesdiscarded="116512" />
  <memory-copied type="tenure" objects="1429783" bytes="75153104" bytesdiscarded="41704" />
  <finalization candidates="47" enqueued="0" />
  <ownableSynchronizers candidates="2" cleared="2" />
  <object-monitors candidates="2" cleared="0"  />
</gc-op>
<gc-end id="5091" type="scavenge" contextid="5087" durationms="86.464" usertimems="332.243" systemtimems="0.000" stalltimems="3.412" timestamp="2022-02-08T16:17:16.387" activeThreads="4">
  <mem-info id="5092" free="352262632" total="1073741824" percent="32">
    <mem type="nursery" free="104234496" total="268435456" percent="38">
      <mem type="allocate" free="104234496" total="182255616" percent="57" />
      <mem type="survivor" free="0" total="86179840" percent="0" />
    </mem>
    <mem type="tenure" free="248028136" total="805306368" percent="30" macro-fragmented="0">
      <mem type="soa" free="239974376" total="797252608" percent="30" />
      <mem type="loa" free="8053760" total="8053760" percent="100" />
    </mem>
    <remembered-set count="101" />
  </mem-info>
</gc-end>
<cycle-end id="5093" type="scavenge" contextid="5087" timestamp="2022-02-08T16:17:16.387" />
<allocation-satisfied id="5094" threadId="0000000000016F00" bytesRequested="16" />
<af-end id="5095" timestamp="2022-02-08T16:17:16.387" threadId="0000000000017908" success="true" from="nursery"/>
<exclusive-end id="5096" timestamp="2022-02-08T16:17:16.387" durationms="86.952" />

<exclusive-start id="5097" timestamp="2022-02-08T16:17:17.066" intervalms="765.701">
  <response-info timems="0.031" idlems="0.031" threads="0" lastid="0000000000016F00" lastname="main" />
</exclusive-start>
<af-start id="5098" threadId="0000000000017908" totalBytesRequested="104" timestamp="2022-02-08T16:17:17.066" intervalms="765.707" type="nursery" />
<cycle-start id="5099" type="scavenge" contextid="0" timestamp="2022-02-08T16:17:17.066" intervalms="765.707" />
<gc-start id="5100" type="scavenge" contextid="5099" timestamp="2022-02-08T16:17:17.066">
  <mem-info id="5101" free="248028136" total="1073741824" percent="23">
    <mem type="nursery" free="0" total="268435456" percent="0">
      <mem type="allocate" free="0" total="182255616" percent="0" />
      <mem type="survivor" free="0" total="86179840" percent="0" />
    </mem>
    <mem type="tenure" free="248028136" total="805306368" percent="30">
      <mem type="soa" free="239974376" total="797252608" percent="30" />
      <mem type="loa" free="8053760" total="8053760" percent="100" />
    </mem>
    <remembered-set count="101" />
  </mem-info>
</gc-start>
<allocation-stats totalBytes="104185720" >
  <allocated-bytes non-tlh="16" tlh="104185704" />
  <largest-consumer threadName="main" threadId="0000000000016F00" bytes="104185720" />
</allocation-stats>
<gc-op id="5102" type="scavenge" timems="85.077" contextid="5099" timestamp="2022-02-08T16:17:17.151">
  <scavenger-info tenureage="1" tenuremask="7ffe" tiltratio="67" />
  <memory-copied type="nursery" objects="1302025" bytes="74076784" bytesdiscarded="148408" />
  <memory-copied type="tenure" objects="1411741" bytes="77904608" bytesdiscarded="44232" />
  <object-monitors candidates="2" cleared="0"  />
</gc-op>
<gc-end id="5103" type="scavenge" contextid="5099" durationms="85.560" usertimems="333.315" systemtimems="0.000" stalltimems="2.622" timestamp="2022-02-08T16:17:17.151" activeThreads="4">
  <mem-info id="5104" free="278621896" total="1073741824" percent="25">
    <mem type="nursery" free="108423640" total="268435456" percent="40">
      <mem type="allocate" free="108423640" total="182648832" percent="59" />
      <mem type="survivor" free="0" total="85786624" percent="0" />
    </mem>
    <mem type="tenure" free="170198256" total="805306368" percent="21" macro-fragmented="0">
      <mem type="soa" free="162144496" total="797252608" percent="20" />
      <mem type="loa" free="8053760" total="8053760" percent="100" />
    </mem>
    <remembered-set count="100" />
  </mem-info>
</gc-end>
<cycle-end id="5105" type="scavenge" contextid="5099" timestamp="2022-02-08T16:17:17.152" />
<allocation-satisfied id="5106" threadId="0000000000016F00" bytesRequested="104" />
<af-end id="5107" timestamp="2022-02-08T16:17:17.152" threadId="0000000000017908" success="true" from="nursery"/>
<exclusive-end id="5108" timestamp="2022-02-08T16:17:17.152" durationms="85.923" />

<exclusive-start id="5109" timestamp="2022-02-08T16:17:18.082" intervalms="1015.901">
  <response-info timems="0.018" idlems="0.018" threads="0" lastid="0000000000016F00" lastname="main" />
</exclusive-start>
<af-start id="5110" threadId="0000000000017908" totalBytesRequested="16" timestamp="2022-02-08T16:17:18.082" intervalms="1015.895" type="nursery" />
<cycle-start id="5111" type="scavenge" contextid="0" timestamp="2022-02-08T16:17:18.082" intervalms="1015.894" />
<gc-start id="5112" type="scavenge" contextid="5111" timestamp="2022-02-08T16:17:18.082">
  <mem-info id="5113" free="170198256" total="1073741824" percent="15">
    <mem type="nursery" free="0" total="268435456" percent="0">
      <mem type="allocate" free="0" total="182648832" percent="0" />
      <mem type="survivor" free="0" total="85786624" percent="0" />
    </mem>
    <mem type="tenure" free="170198256" total="805306368" percent="21">
      <mem type="soa" free="162144496" total="797252608" percent="20" />
      <mem type="loa" free="8053760" total="8053760" percent="100" />
    </mem>
    <remembered-set count="130" />
  </mem-info>
</gc-start>
<allocation-stats totalBytes="108378576" >
  <allocated-bytes non-tlh="3008928" tlh="105369648" />
  <largest-consumer threadName="main" threadId="0000000000016F00" bytes="108378576" />
</allocation-stats>
<gc-op id="5114" type="scavenge" timems="84.191" contextid="5111" timestamp="2022-02-08T16:17:18.166">
  <scavenger-info tenureage="1" tenuremask="7ffe" tiltratio="68" />
  <memory-copied type="nursery" objects="1449566" bytes="76181920" bytesdiscarded="43872" />
  <memory-copied type="tenure" objects="1302025" bytes="74076784" bytesdiscarded="41800" />
  <finalization candidates="110" enqueued="53" />
  <references type="soft" candidates="14" cleared="0" enqueued="0" dynamicThreshold="12" maxThreshold="32" />
  <references type="weak" candidates="1" cleared="0" enqueued="0" />
  <references type="phantom" candidates="95" cleared="7" enqueued="7" />
  <object-monitors candidates="2" cleared="0"  />
</gc-op>
<gc-end id="5115" type="scavenge" contextid="5111" durationms="84.580" usertimems="324.274" systemtimems="4.858" stalltimems="3.325" timestamp="2022-02-08T16:17:18.166" activeThreads="4">
  <mem-info id="5116" free="202762280" total="1073741824" percent="18">
    <mem type="nursery" free="106685056" total="268435456" percent="39">
      <mem type="allocate" free="106685056" total="182910976" percent="58" />
      <mem type="survivor" free="0" total="85524480" percent="0" />
    </mem>
    <mem type="tenure" free="96077224" total="805306368" percent="11" macro-fragmented="0">
      <mem type="soa" free="88023464" total="797252608" percent="11" />
      <mem type="loa" free="8053760" total="8053760" percent="100" />
    </mem>
    <pending-finalizers system="52" default="1" reference="7" classloader="0" />
    <remembered-set count="126" />
  </mem-info>
</gc-end>
<cycle-end id="5117" type="scavenge" contextid="5111" timestamp="2022-02-08T16:17:18.166" />
<allocation-satisfied id="5118" threadId="0000000000016F00" bytesRequested="16" />
<af-end id="5119" timestamp="2022-02-08T16:17:18.166" threadId="0000000000017908" success="true" from="nursery"/>
<exclusive-end id="5120" timestamp="2022-02-08T16:17:18.166" durationms="84.834" />

<concurrent-kickoff id="5121" timestamp="2022-02-08T16:17:18.904">
  <kickoff reason="threshold reached" targetBytes="74441252" thresholdFreeBytes="5743719"  remainingFree="5628544" tenureFreeBytes="96077224" nurseryFreeBytes="5628544" />
</concurrent-kickoff>
<exclusive-start id="5122" timestamp="2022-02-08T16:17:18.907" intervalms="825.549">
  <response-info timems="0.023" idlems="0.023" threads="0" lastid="0000000000016F00" lastname="main" />
</exclusive-start>
<cycle-start id="5123" type="global" contextid="0" timestamp="2022-02-08T16:17:18.907" intervalms="3932.692" />
<concurrent-start id="5124" type="global mark" contextid="5123" timestamp="2022-02-08T16:17:18.907">
</concurrent-start>
<exclusive-end id="5125" timestamp="2022-02-08T16:17:18.907" durationms="0.027" />

<exclusive-start id="5126" timestamp="2022-02-08T16:17:19.053" intervalms="145.954">
  <response-info timems="0.058" idlems="0.058" threads="0" lastid="0000000000016F00" lastname="main" />
</exclusive-start>
<af-start id="5127" threadId="0000000000017908" totalBytesRequested="16" timestamp="2022-02-08T16:17:19.053" intervalms="971.522" type="nursery" />
<cycle-start id="5128" type="scavenge" contextid="0" timestamp="2022-02-08T16:17:19.053" intervalms="971.547" />
<gc-start id="5129" type="scavenge" contextid="5128" timestamp="2022-02-08T16:17:19.053">
  <mem-info id="5130" free="96077224" total="1073741824" percent="8">
    <mem type="nursery" free="0" total="268435456" percent="0">
      <mem type="allocate" free="0" total="182910976" percent="0" />
      <mem type="survivor" free="0" total="85524480" percent="0" />
    </mem>
    <mem type="tenure" free="96077224" total="805306368" percent="11">
      <mem type="soa" free="88023464" total="797252608" percent="11" />
      <mem type="loa" free="8053760" total="8053760" percent="100" />
    </mem>
    <remembered-set count="127" />
  </mem-info>
</gc-start>
<allocation-stats totalBytes="106634176" >
  <allocated-bytes non-tlh="16" tlh="106634160" />
  <largest-consumer threadName="main" threadId="0000000000016F00" bytes="106625984" />
</allocation-stats>
<gc-op id="5131" type="scavenge" timems="81.251" contextid="5128" timestamp="2022-02-08T16:17:19.135">
  <scavenger-info tenureage="1" tenuremask="7ffe" tiltratio="68" />
  <memory-copied type="nursery" objects="1380580" bytes="75990128" bytesdiscarded="190944" />
  <memory-copied type="tenure" objects="1448855" bytes="75714064" bytesdiscarded="36928" />
  <finalization candidates="57" enqueued="0" />
  <object-monitors candidates="2" cleared="0"  />
</gc-op>
<gc-end id="5132" type="scavenge" contextid="5128" durationms="81.972" usertimems="311.931" systemtimems="3.503" stalltimems="3.544" timestamp="2022-02-08T16:17:19.135" activeThreads="4">
  <mem-info id="5133" free="127537880" total="1073741824" percent="11">
    <mem type="nursery" free="107385264" total="268435456" percent="40">
      <mem type="allocate" free="107385264" total="183566336" percent="58" />
      <mem type="survivor" free="0" total="84869120" percent="0" />
    </mem>
    <mem type="tenure" free="20152616" total="805306368" percent="2" macro-fragmented="18886860">
      <mem type="soa" free="12098856" total="797252608" percent="1" />
      <mem type="loa" free="8053760" total="8053760" percent="100" />
    </mem>
    <remembered-set count="99" />
  </mem-info>
</gc-end>
<cycle-end id="5134" type="scavenge" contextid="5128" timestamp="2022-02-08T16:17:19.135" />
<allocation-satisfied id="5135" threadId="0000000000016F00" bytesRequested="16" />
<af-end id="5136" timestamp="2022-02-08T16:17:19.136" threadId="0000000000017908" success="true" from="nursery"/>
<exclusive-end id="5137" timestamp="2022-02-08T16:17:19.136" durationms="82.377" />

<concurrent-end id="5138" type="global mark" contextid="5123" timestamp="2022-02-08T16:17:19.270">
<gc-op id="5139" type="trace" timems="362.468" contextid="5123" timestamp="2022-02-08T16:17:19.270">
  <trace bytesTraced="74448584" workStackOverflowCount="0" />
  <card-cleaning reason="card cleaning threshold reached" bytesTraced="808" cardsCleaned="2" />
</gc-op>
</concurrent-end>

<exclusive-start id="5140" timestamp="2022-02-08T16:17:19.270" intervalms="216.629">
  <response-info timems="0.053" idlems="0.053" threads="0" lastid="0000000000016F00" lastname="main" />
</exclusive-start>
<concurrent-global-final id="5141" timestamp="2022-02-08T16:17:19.270" contextid="5123" intervalms="3933.863" >
  <concurrent-trace-info reason="card cleaning threshold reached" tracedByMutators="57841620" tracedByHelpers="16607772" cardsCleaned="2" workStackOverflowCount="0" />
</concurrent-global-final>
<gc-start id="5142" type="global" contextid="5123" timestamp="2022-02-08T16:17:19.270">
  <mem-info id="5143" free="119837384" total="1073741824" percent="11">
    <mem type="nursery" free="99684768" total="268435456" percent="37">
      <mem type="allocate" free="99684768" total="183566336" percent="54" />
      <mem type="survivor" free="0" total="84869120" percent="0" />
    </mem>
    <mem type="tenure" free="20152616" total="805306368" percent="2">
      <mem type="soa" free="12098856" total="797252608" percent="1" />
      <mem type="loa" free="8053760" total="8053760" percent="100" />
    </mem>
    <remembered-set count="99" />
  </mem-info>
</gc-start>
<allocation-stats totalBytes="7696672" >
  <allocated-bytes non-tlh="16" tlh="7696656" />
  <largest-consumer threadName="main" threadId="0000000000016F00" bytes="7696672" />
</allocation-stats>
<gc-op id="5144" type="rs-scan" timems="0.560" contextid="5123" timestamp="2022-02-08T16:17:19.270">
  <scan objectsFound="0" bytesTraced="3692" workStackOverflowCount="0" />
</gc-op>
<gc-op id="5145" type="card-cleaning" timems="156.645" contextid="5123" timestamp="2022-02-08T16:17:19.427">
  <card-cleaning cardsCleaned="10" bytesTraced="71018108" workStackOverflowCount="0" />
</gc-op>
<gc-op id="5146" type="mark" timems="69.852" contextid="5123" timestamp="2022-02-08T16:17:19.497">
  <trace-info objectcount="2374451" scancount="1782366" scanbytes="38091496" />
  <finalization candidates="428" enqueued="57" />
  <ownableSynchronizers candidates="1" cleared="0" />
  <references type="soft" candidates="894" cleared="0" enqueued="0" dynamicThreshold="12" maxThreshold="32" />
  <references type="weak" candidates="1701" cleared="0" enqueued="0" />
  <references type="phantom" candidates="52" cleared="2" enqueued="2" />
  <stringconstants candidates="6471" cleared="0"  />
  <object-monitors candidates="2" cleared="0"  />
</gc-op>
<gc-op id="5147" type="sweep" timems="5.265" contextid="5123" timestamp="2022-02-08T16:17:19.503" />
<gc-end id="5148" type="global" contextid="5123" durationms="232.749" usertimems="247.572" systemtimems="0.170" stalltimems="209.091" timestamp="2022-02-08T16:17:19.503" activeThreads="4">
  <mem-info id="5149" free="363245104" total="1073741824" percent="33">
    <mem type="nursery" free="99965856" total="268435456" percent="37">
      <mem type="allocate" free="99965856" total="183566336" percent="54" />
      <mem type="survivor" free="0" total="84869120" percent="0" />
    </mem>
    <mem type="tenure" free="263279248" total="805306368" percent="32" micro-fragmented="269898" macro-fragmented="0">
      <mem type="soa" free="255225488" total="797252608" percent="32" />
      <mem type="loa" free="8053760" total="8053760" percent="100" />
    </mem>
    <pending-finalizers system="57" default="0" reference="2" classloader="0" />
    <remembered-set count="99" />
  </mem-info>
</gc-end>
<cycle-end id="5150" type="global" contextid="5123" timestamp="2022-02-08T16:17:19.503" />
<exclusive-end id="5151" timestamp="2022-02-08T16:17:19.503" durationms="233.054" />

<exclusive-start id="5152" timestamp="2022-02-08T16:17:20.139" intervalms="868.797">
  <response-info timems="0.020" idlems="0.020" threads="0" lastid="0000000000016F00" lastname="main" />
</exclusive-start>
<af-start id="5153" threadId="0000000000017908" totalBytesRequested="64" timestamp="2022-02-08T16:17:20.139" intervalms="1085.407" type="nursery" />
<cycle-start id="5154" type="scavenge" contextid="0" timestamp="2022-02-08T16:17:20.139" intervalms="1085.382" />
<gc-start id="5155" type="scavenge" contextid="5154" timestamp="2022-02-08T16:17:20.139">
  <mem-info id="5156" free="263279248" total="1073741824" percent="24">
    <mem type="nursery" free="0" total="268435456" percent="0">
      <mem type="allocate" free="0" total="183566336" percent="0" />
      <mem type="survivor" free="0" total="84869120" percent="0" />
    </mem>
    <mem type="tenure" free="263279248" total="805306368" percent="32">
      <mem type="soa" free="255225488" total="797252608" percent="32" />
      <mem type="loa" free="8053760" total="8053760" percent="100" />
    </mem>
    <remembered-set count="102" />
  </mem-info>
</gc-start>
<allocation-stats totalBytes="99921240" >
  <allocated-bytes non-tlh="0" tlh="99921240" />
  <largest-consumer threadName="main" threadId="0000000000016F00" bytes="99917144" />
</allocation-stats>
<gc-op id="5157" type="scavenge" timems="88.663" contextid="5154" timestamp="2022-02-08T16:17:20.227">
  <scavenger-info tenureage="1" tenuremask="7ffe" tiltratio="68" />
  <memory-copied type="nursery" objects="1347000" bytes="76403896" bytesdiscarded="236360" />
  <memory-copied type="tenure" objects="1380580" bytes="75990128" bytesdiscarded="49080" />
  <ownableSynchronizers candidates="2" cleared="2" />
  <object-monitors candidates="2" cleared="0"  />
</gc-op>
<gc-end id="5158" type="scavenge" contextid="5154" durationms="89.043" usertimems="330.939" systemtimems="0.583" stalltimems="2.548" timestamp="2022-02-08T16:17:20.228" activeThreads="4">
  <mem-info id="5159" free="294381568" total="1073741824" percent="27">
    <mem type="nursery" free="107253760" total="268435456" percent="39">
      <mem type="allocate" free="107253760" total="183894016" percent="58" />
      <mem type="survivor" free="0" total="84541440" percent="0" />
    </mem>
    <mem type="tenure" free="187127808" total="805306368" percent="23" macro-fragmented="0">
      <mem type="soa" free="179074048" total="797252608" percent="22" />
      <mem type="loa" free="8053760" total="8053760" percent="100" />
    </mem>
    <remembered-set count="101" />
  </mem-info>
</gc-end>
<cycle-end id="5160" type="scavenge" contextid="5154" timestamp="2022-02-08T16:17:20.228" />
<allocation-satisfied id="5161" threadId="0000000000016F00" bytesRequested="64" />
<af-end id="5162" timestamp="2022-02-08T16:17:20.228" threadId="0000000000017908" success="true" from="nursery"/>
<exclusive-end id="5163" timestamp="2022-02-08T16:17:20.228" durationms="89.325" />

<exclusive-start id="5164" timestamp="2022-02-08T16:17:21.173" intervalms="1034.870">
  <response-info timems="0.024" idlems="0.024" threads="0" lastid="0000000000016F00" lastname="main" />
</exclusive-start>
<af-start id="5165" threadId="0000000000017908" totalBytesRequested="104" timestamp="2022-02-08T16:17:21.173" intervalms="1034.871" type="nursery" />
<cycle-start id="5166" type="scavenge" contextid="0" timestamp="2022-02-08T16:17:21.174" intervalms="1034.872" />
<gc-start id="5167" type="scavenge" contextid="5166" timestamp="2022-02-08T16:17:21.174">
  <mem-info id="5168" free="187127808" total="1073741824" percent="17">
    <mem type="nursery" free="0" total="268435456" percent="0">
      <mem type="allocate" free="0" total="183894016" percent="0" />
      <mem type="survivor" free="0" total="84541440" percent="0" />
    </mem>
    <mem type="tenure" free="187127808" total="805306368" percent="23">
      <mem type="soa" free="179074048" total="797252608" percent="22" />
      <mem type="loa" free="8053760" total="8053760" percent="100" />
    </mem>
    <remembered-set count="132" />
  </mem-info>
</gc-start>
<allocation-stats totalBytes="107205264" >
  <allocated-bytes non-tlh="1493832" tlh="105711432" />
  <largest-consumer threadName="main" threadId="0000000000016F00" bytes="107205264" />
</allocation-stats>
<gc-op id="5169" type="scavenge" timems="82.747" contextid="5166" timestamp="2022-02-08T16:17:21.256">
  <scavenger-info tenureage="1" tenuremask="7ffe" tiltratio="68" />
  <memory-copied type="nursery" objects="1447979" bytes="75432360" bytesdiscarded="163744" />
  <memory-copied type="tenure" objects="1346999" bytes="76403856" bytesdiscarded="43352" />
  <finalization candidates="109" enqueued="53" />
  <references type="soft" candidates="14" cleared="0" enqueued="0" dynamicThreshold="10" maxThreshold="32" />
  <references type="weak" candidates="1" cleared="0" enqueued="0" />
  <references type="phantom" candidates="94" cleared="7" enqueued="7" />
  <object-monitors candidates="2" cleared="0"  />
</gc-op>
<gc-end id="5170" type="scavenge" contextid="5166" durationms="83.114" usertimems="318.365" systemtimems="0.509" stalltimems="3.558" timestamp="2022-02-08T16:17:21.257" activeThreads="4">
  <mem-info id="5171" free="219158096" total="1073741824" percent="20">
    <mem type="nursery" free="108691000" total="268435456" percent="40">
      <mem type="allocate" free="108691000" total="184287232" percent="58" />
      <mem type="survivor" free="0" total="84148224" percent="0" />
    </mem>
    <mem type="tenure" free="110467096" total="805306368" percent="13" macro-fragmented="868149">
      <mem type="soa" free="102413336" total="797252608" percent="12" />
      <mem type="loa" free="8053760" total="8053760" percent="100" />
    </mem>
    <pending-finalizers system="52" default="1" reference="7" classloader="0" />
    <remembered-set count="129" />
  </mem-info>
</gc-end>
<cycle-end id="5172" type="scavenge" contextid="5166" timestamp="2022-02-08T16:17:21.257" />
<allocation-satisfied id="5173" threadId="0000000000016F00" bytesRequested="104" />
<af-end id="5174" timestamp="2022-02-08T16:17:21.257" threadId="0000000000017908" success="true" from="nursery"/>
<exclusive-end id="5175" timestamp="2022-02-08T16:17:21.257" durationms="83.439" />

<concurrent-kickoff id="5176" timestamp="2022-02-08T16:17:21.996">
  <kickoff reason="threshold reached" targetBytes="74442885" thresholdFreeBytes="5747787"  remainingFree="5655920" tenureFreeBytes="110467096" nurseryFreeBytes="5655920" />
</concurrent-kickoff>
<exclusive-start id="5177" timestamp="2022-02-08T16:17:21.999" intervalms="825.413">
  <response-info timems="0.018" idlems="0.018" threads="0" lastid="0000000000016F00" lastname="main" />
</exclusive-start>
<cycle-start id="5178" type="global" contextid="0" timestamp="2022-02-08T16:17:21.999" intervalms="3091.666" />
<concurrent-start id="5179" type="global mark" contextid="5178" timestamp="2022-02-08T16:17:21.999">
</concurrent-start>
<exclusive-end id="5180" timestamp="2022-02-08T16:17:21.999" durationms="0.029" />

<exclusive-start id="5181" timestamp="2022-02-08T16:17:22.130" intervalms="131.525">
  <response-info timems="0.023" idlems="0.023" threads="0" lastid="0000000000016F00" lastname="main" />
</exclusive-start>
<af-start id="5182" threadId="0000000000017908" totalBytesRequested="200" timestamp="2022-02-08T16:17:22.131" intervalms="957.223" type="nursery" />
<cycle-start id="5183" type="scavenge" contextid="0" timestamp="2022-02-08T16:17:22.131" intervalms="957.285" />
<gc-start id="5184" type="scavenge" contextid="5183" timestamp="2022-02-08T16:17:22.131">
  <mem-info id="5185" free="110467096" total="1073741824" percent="10">
    <mem type="nursery" free="0" total="268435456" percent="0">
      <mem type="allocate" free="0" total="184287232" percent="0" />
      <mem type="survivor" free="0" total="84148224" percent="0" />
    </mem>
    <mem type="tenure" free="110467096" total="805306368" percent="13">
      <mem type="soa" free="102413336" total="797252608" percent="12" />
      <mem type="loa" free="8053760" total="8053760" percent="100" />
    </mem>
    <remembered-set count="130" />
  </mem-info>
</gc-start>
<allocation-stats totalBytes="108640112" >
  <allocated-bytes non-tlh="1347784" tlh="107292328" />
  <largest-consumer threadName="main" threadId="0000000000016F00" bytes="108631920" />
</allocation-stats>
<gc-op id="5186" type="scavenge" timems="89.163" contextid="5183" timestamp="2022-02-08T16:17:22.220">
  <scavenger-info tenureage="1" tenuremask="7ffe" tiltratio="68" />
  <memory-copied type="nursery" objects="1380822" bytes="77775872" bytesdiscarded="189792" />
  <memory-copied type="tenure" objects="1447260" bytes="74489192" bytesdiscarded="41944" />
  <finalization candidates="57" enqueued="0" />
  <references type="phantom" candidates="1" cleared="0" enqueued="0" />
  <object-monitors candidates="2" cleared="0"  />
</gc-op>
<gc-end id="5187" type="scavenge" contextid="5183" durationms="89.800" usertimems="351.867" systemtimems="0.000" stalltimems="4.437" timestamp="2022-02-08T16:17:22.221" activeThreads="4">
  <mem-info id="5188" free="140549112" total="1073741824" percent="13">
    <mem type="nursery" free="104421024" total="268435456" percent="38">
      <mem type="allocate" free="104421024" total="182386688" percent="57" />
      <mem type="survivor" free="0" total="86048768" percent="0" />
    </mem>
    <mem type="tenure" free="36128088" total="805306368" percent="4" macro-fragmented="0">
      <mem type="soa" free="28074328" total="797252608" percent="3" />
      <mem type="loa" free="8053760" total="8053760" percent="100" />
    </mem>
    <remembered-set count="99" />
  </mem-info>
</gc-end>
<cycle-end id="5189" type="scavenge" contextid="5183" timestamp="2022-02-08T16:17:22.221" />
<allocation-satisfied id="5190" threadId="0000000000016F00" bytesRequested="200" />
<af-end id="5191" timestamp="2022-02-08T16:17:22.221" threadId="0000000000017908" success="true" from="nursery"/>
<exclusive-end id="5192" timestamp="2022-02-08T16:17:22.221" durationms="90.559" />

<concurrent-end id="5193" type="global mark" contextid="5178" timestamp="2022-02-08T16:17:22.364">
<gc-op id="5194" type="trace" timems="365.629" contextid="5178" timestamp="2022-02-08T16:17:22.365">
  <trace bytesTraced="74448728" workStackOverflowCount="0" />
  <card-cleaning reason="card cleaning threshold reached" bytesTraced="808" cardsCleaned="2" />
</gc-op>
</concurrent-end>

<exclusive-start id="5195" timestamp="2022-02-08T16:17:22.365" intervalms="234.176">
  <response-info timems="0.019" idlems="0.019" threads="0" lastid="0000000000016F00" lastname="main" />
</exclusive-start>
<concurrent-global-final id="5196" timestamp="2022-02-08T16:17:22.365" contextid="5178" intervalms="3094.733" >
  <concurrent-trace-info reason="card cleaning threshold reached" tracedByMutators="57615248" tracedByHelpers="16834288" cardsCleaned="2" workStackOverflowCount="0" />
</concurrent-global-final>
<gc-start id="5197" type="global" contextid="5178" timestamp="2022-02-08T16:17:22.365">
  <mem-info id="5198" free="132193072" total="1073741824" percent="12">
    <mem type="nursery" free="96064984" total="268435456" percent="35">
      <mem type="allocate" free="96064984" total="182386688" percent="52" />
      <mem type="survivor" free="0" total="86048768" percent="0" />
    </mem>
    <mem type="tenure" free="36128088" total="805306368" percent="4">
      <mem type="soa" free="28074328" total="797252608" percent="3" />
      <mem type="loa" free="8053760" total="8053760" percent="100" />
    </mem>
    <remembered-set count="99" />
  </mem-info>
</gc-start>
<allocation-stats totalBytes="8352032" >
  <allocated-bytes non-tlh="200" tlh="8351832" />
  <largest-consumer threadName="main" threadId="0000000000016F00" bytes="8352032" />
</allocation-stats>
<gc-op id="5199" type="rs-scan" timems="0.679" contextid="5178" timestamp="2022-02-08T16:17:22.365">
  <scan objectsFound="29" bytesTraced="5124" workStackOverflowCount="0" />
</gc-op>
<gc-op id="5200" type="card-cleaning" timems="159.231" contextid="5178" timestamp="2022-02-08T16:17:22.525">
  <card-cleaning cardsCleaned="9" bytesTraced="71016412" workStackOverflowCount="0" />
</gc-op>
<gc-op id="5201" type="mark" timems="60.729" contextid="5178" timestamp="2022-02-08T16:17:22.585">
  <trace-info objectcount="2126718" scancount="1596566" scanbytes="34127784" />
  <finalization candidates="428" enqueued="57" />
  <ownableSynchronizers candidates="1" cleared="0" />
  <references type="soft" candidates="894" cleared="0" enqueued="0" dynamicThreshold="10" maxThreshold="32" />
  <references type="weak" candidates="1701" cleared="0" enqueued="0" />
  <references type="phantom" candidates="52" cleared="2" enqueued="2" />
  <stringconstants candidates="6471" cleared="0"  />
  <object-monitors candidates="2" cleared="0"  />
</gc-op>
<gc-op id="5202" type="sweep" timems="5.658" contextid="5178" timestamp="2022-02-08T16:17:22.591" />
<gc-end id="5203" type="global" contextid="5178" durationms="226.828" usertimems="242.565" systemtimems="0.012" stalltimems="182.240" timestamp="2022-02-08T16:17:22.591" activeThreads="4">
  <mem-info id="5204" free="375358064" total="1073741824" percent="34">
    <mem type="nursery" free="96347736" total="268435456" percent="35">
      <mem type="allocate" free="96347736" total="182386688" percent="52" />
      <mem type="survivor" free="0" total="86048768" percent="0" />
    </mem>
    <mem type="tenure" free="279010328" total="805306368" percent="34" micro-fragmented="262759" macro-fragmented="0">
      <mem type="soa" free="270956568" total="797252608" percent="33" />
      <mem type="loa" free="8053760" total="8053760" percent="100" />
    </mem>
    <pending-finalizers system="57" default="0" reference="2" classloader="0" />
    <remembered-set count="99" />
  </mem-info>
</gc-end>
<cycle-end id="5205" type="global" contextid="5178" timestamp="2022-02-08T16:17:22.592" />
<exclusive-end id="5206" timestamp="2022-02-08T16:17:22.592" durationms="227.027" />

<exclusive-start id="5207" timestamp="2022-02-08T16:17:23.225" intervalms="860.494">
  <response-info timems="0.020" idlems="0.020" threads="0" lastid="0000000000016F00" lastname="main" />
</exclusive-start>
<af-start id="5208" threadId="0000000000017908" totalBytesRequested="112" timestamp="2022-02-08T16:17:23.225" intervalms="1094.382" type="nursery" />
<cycle-start id="5209" type="scavenge" contextid="0" timestamp="2022-02-08T16:17:23.225" intervalms="1094.319" />
<gc-start id="5210" type="scavenge" contextid="5209" timestamp="2022-02-08T16:17:23.225">
  <mem-info id="5211" free="279010328" total="1073741824" percent="25">
    <mem type="nursery" free="0" total="268435456" percent="0">
      <mem type="allocate" free="0" total="182386688" percent="0" />
      <mem type="survivor" free="0" total="86048768" percent="0" />
    </mem>
    <mem type="tenure" free="279010328" total="805306368" percent="34">
      <mem type="soa" free="270956568" total="797252608" percent="33" />
      <mem type="loa" free="8053760" total="8053760" percent="100" />
    </mem>
    <remembered-set count="102" />
  </mem-info>
</gc-start>
<allocation-stats totalBytes="96303920" >
  <allocated-bytes non-tlh="0" tlh="96303920" />
  <largest-consumer threadName="main" threadId="0000000000016F00" bytes="96299824" />
</allocation-stats>
<gc-op id="5212" type="scavenge" timems="81.162" contextid="5209" timestamp="2022-02-08T16:17:23.306">
  <scavenger-info tenureage="1" tenuremask="7ffe" tiltratio="67" />
  <memory-copied type="nursery" objects="1314566" bytes="74325920" bytesdiscarded="98272" />
  <memory-copied type="tenure" objects="1380821" bytes="77775760" bytesdiscarded="47616" />
  <finalization candidates="1" enqueued="0" />
  <ownableSynchronizers candidates="2" cleared="2" />
  <object-monitors candidates="2" cleared="0"  />
</gc-op>
<gc-end id="5213" type="scavenge" contextid="5209" durationms="81.555" usertimems="320.009" systemtimems="0.000" stalltimems="3.160" timestamp="2022-02-08T16:17:23.307" activeThreads="4">
  <mem-info id="5214" free="309356424" total="1073741824" percent="28">
    <mem type="nursery" free="108355712" total="268435456" percent="40">
      <mem type="allocate" free="108355712" total="182779904" percent="59" />
      <mem type="survivor" free="0" total="85655552" percent="0" />
    </mem>
    <mem type="tenure" free="201000712" total="805306368" percent="24" macro-fragmented="723458">
      <mem type="soa" free="192946952" total="797252608" percent="24" />
      <mem type="loa" free="8053760" total="8053760" percent="100" />
    </mem>
    <remembered-set count="102" />
  </mem-info>
</gc-end>
<cycle-end id="5215" type="scavenge" contextid="5209" timestamp="2022-02-08T16:17:23.307" />
<allocation-satisfied id="5216" threadId="0000000000016F00" bytesRequested="112" />
<af-end id="5217" timestamp="2022-02-08T16:17:23.307" threadId="0000000000017908" success="true" from="nursery"/>
<exclusive-end id="5218" timestamp="2022-02-08T16:17:23.307" durationms="81.805" />

<exclusive-start id="5219" timestamp="2022-02-08T16:17:24.271" intervalms="1046.234">
  <response-info timems="0.056" idlems="0.056" threads="0" lastid="0000000000016F00" lastname="main" />
</exclusive-start>
<af-start id="5220" threadId="0000000000017908" totalBytesRequested="192" timestamp="2022-02-08T16:17:24.271" intervalms="1046.256" type="nursery" />
<cycle-start id="5221" type="scavenge" contextid="0" timestamp="2022-02-08T16:17:24.271" intervalms="1046.274" />
<gc-start id="5222" type="scavenge" contextid="5221" timestamp="2022-02-08T16:17:24.271">
  <mem-info id="5223" free="201000712" total="1073741824" percent="18">
    <mem type="nursery" free="0" total="268435456" percent="0">
      <mem type="allocate" free="0" total="182779904" percent="0" />
      <mem type="survivor" free="0" total="85655552" percent="0" />
    </mem>
    <mem type="tenure" free="201000712" total="805306368" percent="24">
      <mem type="soa" free="192946952" total="797252608" percent="24" />
      <mem type="loa" free="8053760" total="8053760" percent="100" />
    </mem>
    <remembered-set count="133" />
  </mem-info>
</gc-start>
<allocation-stats totalBytes="108309792" >
  <allocated-bytes non-tlh="1590680" tlh="106719112" />
  <largest-consumer threadName="main" threadId="0000000000016F00" bytes="108309792" />
</allocation-stats>
<gc-op id="5224" type="scavenge" timems="81.239" contextid="5221" timestamp="2022-02-08T16:17:24.353">
  <scavenger-info tenureage="1" tenuremask="7ffe" tiltratio="68" />
  <memory-copied type="nursery" objects="1489004" bytes="76271216" bytesdiscarded="87240" />
  <memory-copied type="tenure" objects="1314566" bytes="74325920" bytesdiscarded="48208" />
  <finalization candidates="109" enqueued="53" />
  <references type="soft" candidates="14" cleared="0" enqueued="0" dynamicThreshold="11" maxThreshold="32" />
  <references type="weak" candidates="1" cleared="0" enqueued="0" />
  <references type="phantom" candidates="94" cleared="7" enqueued="7" />
  <object-monitors candidates="2" cleared="0"  />
</gc-op>
<gc-end id="5225" type="scavenge" contextid="5221" durationms="81.779" usertimems="320.380" systemtimems="0.179" stalltimems="2.364" timestamp="2022-02-08T16:17:24.353" activeThreads="4">
  <mem-info id="5226" free="233071832" total="1073741824" percent="21">
    <mem type="nursery" free="106617928" total="268435456" percent="39">
      <mem type="allocate" free="106617928" total="182976512" percent="58" />
      <mem type="survivor" free="0" total="85458944" percent="0" />
    </mem>
    <mem type="tenure" free="126453904" total="805306368" percent="15" macro-fragmented="0">
      <mem type="soa" free="118400144" total="797252608" percent="14" />
      <mem type="loa" free="8053760" total="8053760" percent="100" />
    </mem>
    <pending-finalizers system="52" default="1" reference="7" classloader="0" />
    <remembered-set count="129" />
  </mem-info>
</gc-end>
<cycle-end id="5227" type="scavenge" contextid="5221" timestamp="2022-02-08T16:17:24.353" />
<allocation-satisfied id="5228" threadId="0000000000016F00" bytesRequested="192" />
<af-end id="5229" timestamp="2022-02-08T16:17:24.354" threadId="0000000000017908" success="true" from="nursery"/>
<exclusive-end id="5230" timestamp="2022-02-08T16:17:24.354" durationms="82.255" />

<concurrent-kickoff id="5231" timestamp="2022-02-08T16:17:25.081">
  <kickoff reason="threshold reached" targetBytes="74444217" thresholdFreeBytes="5747747"  remainingFree="5626952" tenureFreeBytes="126453904" nurseryFreeBytes="5626952" />
</concurrent-kickoff>
<exclusive-start id="5232" timestamp="2022-02-08T16:17:25.084" intervalms="812.988">
  <response-info timems="0.020" idlems="0.020" threads="0" lastid="0000000000016F00" lastname="main" />
</exclusive-start>
<cycle-start id="5233" type="global" contextid="0" timestamp="2022-02-08T16:17:25.084" intervalms="3085.414" />
<concurrent-start id="5234" type="global mark" contextid="5233" timestamp="2022-02-08T16:17:25.084">
</concurrent-start>
<exclusive-end id="5235" timestamp="2022-02-08T16:17:25.084" durationms="0.036" />

<exclusive-start id="5236" timestamp="2022-02-08T16:17:25.221" intervalms="136.270">
  <response-info timems="0.076" idlems="0.076" threads="0" lastid="0000000000016F00" lastname="main" />
</exclusive-start>
<af-start id="5237" threadId="0000000000017908" totalBytesRequested="24" timestamp="2022-02-08T16:17:25.221" intervalms="949.259" type="nursery" />
<cycle-start id="5238" type="scavenge" contextid="0" timestamp="2022-02-08T16:17:25.221" intervalms="949.243" />
<gc-start id="5239" type="scavenge" contextid="5238" timestamp="2022-02-08T16:17:25.221">
  <mem-info id="5240" free="126453904" total="1073741824" percent="11">
    <mem type="nursery" free="0" total="268435456" percent="0">
      <mem type="allocate" free="0" total="182976512" percent="0" />
      <mem type="survivor" free="0" total="85458944" percent="0" />
    </mem>
    <mem type="tenure" free="126453904" total="805306368" percent="15">
      <mem type="soa" free="118400144" total="797252608" percent="14" />
      <mem type="loa" free="8053760" total="8053760" percent="100" />
    </mem>
    <remembered-set count="130" />
  </mem-info>
</gc-start>
<allocation-stats totalBytes="106567032" >
  <allocated-bytes non-tlh="1347872" tlh="105219160" />
  <largest-consumer threadName="main" threadId="0000000000016F00" bytes="106558840" />
</allocation-stats>
<gc-op id="5241" type="scavenge" timems="87.921" contextid="5238" timestamp="2022-02-08T16:17:25.309">
  <scavenger-info tenureage="1" tenuremask="7ffe" tiltratio="68" />
  <memory-copied type="nursery" objects="1332562" bytes="76262696" bytesdiscarded="143512" />
  <memory-copied type="tenure" objects="1488284" bytes="75327944" bytesdiscarded="37080" />
  <finalization candidates="57" enqueued="0" />
  <references type="phantom" candidates="1" cleared="0" enqueued="0" />
  <object-monitors candidates="2" cleared="0"  />
</gc-op>
<gc-end id="5242" type="scavenge" contextid="5238" durationms="88.418" usertimems="336.739" systemtimems="0.000" stalltimems="5.085" timestamp="2022-02-08T16:17:25.309" activeThreads="4">
  <mem-info id="5243" free="158257104" total="1073741824" percent="14">
    <mem type="nursery" free="107225664" total="268435456" percent="39">
      <mem type="allocate" free="107225664" total="183631872" percent="58" />
      <mem type="survivor" free="0" total="84803584" percent="0" />
    </mem>
    <mem type="tenure" free="51031440" total="805306368" percent="6" macro-fragmented="0">
      <mem type="soa" free="42977680" total="797252608" percent="5" />
      <mem type="loa" free="8053760" total="8053760" percent="100" />
    </mem>
    <remembered-set count="99" />
  </mem-info>
</gc-end>
<cycle-end id="5244" type="scavenge" contextid="5238" timestamp="2022-02-08T16:17:25.309" />
<allocation-satisfied id="5245" threadId="0000000000016F00" bytesRequested="24" />
<af-end id="5246" timestamp="2022-02-08T16:17:25.309" threadId="0000000000017908" success="true" from="nursery"/>
<exclusive-end id="5247" timestamp="2022-02-08T16:17:25.309" durationms="88.744" />

<concurrent-end id="5248" type="global mark" contextid="5233" timestamp="2022-02-08T16:17:25.439">
<gc-op id="5249" type="trace" timems="355.151" contextid="5233" timestamp="2022-02-08T16:17:25.439">
  <trace bytesTraced="74449000" workStackOverflowCount="0" />
  <card-cleaning reason="card cleaning threshold reached" bytesTraced="808" cardsCleaned="2" />
</gc-op>
</concurrent-end>

<exclusive-start id="5250" timestamp="2022-02-08T16:17:25.439" intervalms="218.957">
  <response-info timems="0.023" idlems="0.023" threads="0" lastid="0000000000016F00" lastname="main" />
</exclusive-start>
<concurrent-global-final id="5251" timestamp="2022-02-08T16:17:25.440" contextid="5233" intervalms="3074.944" >
  <concurrent-trace-info reason="card cleaning threshold reached" tracedByMutators="58707460" tracedByHelpers="15742348" cardsCleaned="2" workStackOverflowCount="0" />
</concurrent-global-final>
<gc-start id="5252" type="global" contextid="5233" timestamp="2022-02-08T16:17:25.440">
  <mem-info id="5253" free="150294456" total="1073741824" percent="13">
    <mem type="nursery" free="99263016" total="268435456" percent="36">
      <mem type="allocate" free="99263016" total="183631872" percent="54" />
      <mem type="survivor" free="0" total="84803584" percent="0" />
    </mem>
    <mem type="tenure" free="51031440" total="805306368" percent="6">
      <mem type="soa" free="42977680" total="797252608" percent="5" />
      <mem type="loa" free="8053760" total="8053760" percent="100" />
    </mem>
    <remembered-set count="99" />
  </mem-info>
</gc-start>
<allocation-stats totalBytes="7959504" >
  <allocated-bytes non-tlh="24" tlh="7959480" />
  <largest-consumer threadName="main" threadId="0000000000016F00" bytes="7959504" />
</allocation-stats>
<gc-op id="5254" type="rs-scan" timems="1.024" contextid="5233" timestamp="2022-02-08T16:17:25.441">
  <scan objectsFound="29" bytesTraced="5124" workStackOverflowCount="0" />
</gc-op>
<gc-op id="5255" type="card-cleaning" timems="154.474" contextid="5233" timestamp="2022-02-08T16:17:25.595">
  <card-cleaning cardsCleaned="9" bytesTraced="71016348" workStackOverflowCount="0" />
</gc-op>
<gc-op id="5256" type="mark" timems="50.455" contextid="5233" timestamp="2022-02-08T16:17:25.646">
  <trace-info objectcount="1826679" scancount="1371537" scanbytes="29327144" />
  <finalization candidates="428" enqueued="57" />
  <ownableSynchronizers candidates="1" cleared="0" />
  <references type="soft" candidates="894" cleared="0" enqueued="0" dynamicThreshold="11" maxThreshold="32" />
  <references type="weak" candidates="1701" cleared="0" enqueued="0" />
  <references type="phantom" candidates="52" cleared="2" enqueued="2" />
  <stringconstants candidates="6471" cleared="0"  />
  <object-monitors candidates="2" cleared="0"  />
</gc-op>
<gc-op id="5257" type="sweep" timems="6.383" contextid="5233" timestamp="2022-02-08T16:17:25.652" />
<gc-end id="5258" type="global" contextid="5233" durationms="212.552" usertimems="226.472" systemtimems="0.683" stalltimems="156.800" timestamp="2022-02-08T16:17:25.652" activeThreads="4">
  <mem-info id="5259" free="393692208" total="1073741824" percent="36">
    <mem type="nursery" free="99499784" total="268435456" percent="37">
      <mem type="allocate" free="99499784" total="183631872" percent="54" />
      <mem type="survivor" free="0" total="84803584" percent="0" />
    </mem>
    <mem type="tenure" free="294192424" total="805306368" percent="36" micro-fragmented="312536" macro-fragmented="0">
      <mem type="soa" free="286138664" total="797252608" percent="35" />
      <mem type="loa" free="8053760" total="8053760" percent="100" />
    </mem>
    <pending-finalizers system="57" default="0" reference="2" classloader="0" />
    <remembered-set count="99" />
  </mem-info>
</gc-end>
<cycle-end id="5260" type="global" contextid="5233" timestamp="2022-02-08T16:17:25.652" />
<exclusive-end id="5261" timestamp="2022-02-08T16:17:25.652" durationms="212.857" />

<exclusive-start id="5262" timestamp="2022-02-08T16:17:26.323" intervalms="883.449">
  <response-info timems="0.023" idlems="0.023" threads="0" lastid="0000000000016F00" lastname="main" />
</exclusive-start>
<af-start id="5263" threadId="0000000000017908" totalBytesRequested="104" timestamp="2022-02-08T16:17:26.323" intervalms="1102.385" type="nursery" />
<cycle-start id="5264" type="scavenge" contextid="0" timestamp="2022-02-08T16:17:26.323" intervalms="1102.384" />
<gc-start id="5265" type="scavenge" contextid="5264" timestamp="2022-02-08T16:17:26.323">
  <mem-info id="5266" free="294192424" total="1073741824" percent="27">
    <mem type="nursery" free="0" total="268435456" percent="0">
      <mem type="allocate" free="0" total="183631872" percent="0" />
      <mem type="survivor" free="0" total="84803584" percent="0" />
    </mem>
    <mem type="tenure" free="294192424" total="805306368" percent="36">
      <mem type="soa" free="286138664" total="797252608" percent="35" />
      <mem type="loa" free="8053760" total="8053760" percent="100" />
    </mem>
    <remembered-set count="102" />
  </mem-info>
</gc-start>
<allocation-stats totalBytes="99454584" >
  <allocated-bytes non-tlh="0" tlh="99454584" />
  <largest-consumer threadName="main" threadId="0000000000016F00" bytes="99450488" />
</allocation-stats>
<gc-op id="5267" type="scavenge" timems="85.689" contextid="5264" timestamp="2022-02-08T16:17:26.409">
  <scavenger-info tenureage="1" tenuremask="7ffe" tiltratio="68" />
  <memory-copied type="nursery" objects="1358353" bytes="76312336" bytesdiscarded="325808" />
  <memory-copied type="tenure" objects="1332562" bytes="76262696" bytesdiscarded="44312" />
  <finalization candidates="1" enqueued="0" />
  <ownableSynchronizers candidates="2" cleared="2" />
  <object-monitors candidates="2" cleared="0"  />
</gc-op>
<gc-end id="5268" type="scavenge" contextid="5264" durationms="86.143" usertimems="337.127" systemtimems="0.275" stalltimems="3.255" timestamp="2022-02-08T16:17:26.409" activeThreads="4">
  <mem-info id="5269" free="325148440" total="1073741824" percent="30">
    <mem type="nursery" free="107452480" total="268435456" percent="40">
      <mem type="allocate" free="107452480" total="184090624" percent="58" />
      <mem type="survivor" free="0" total="84344832" percent="0" />
    </mem>
    <mem type="tenure" free="217695960" total="805306368" percent="27" macro-fragmented="0">
      <mem type="soa" free="209642200" total="797252608" percent="26" />
      <mem type="loa" free="8053760" total="8053760" percent="100" />
    </mem>
    <remembered-set count="101" />
  </mem-info>
</gc-end>
<cycle-end id="5270" type="scavenge" contextid="5264" timestamp="2022-02-08T16:17:26.409" />
<allocation-satisfied id="5271" threadId="0000000000016F00" bytesRequested="104" />
<af-end id="5272" timestamp="2022-02-08T16:17:26.409" threadId="0000000000017908" success="true" from="nursery"/>
<exclusive-end id="5273" timestamp="2022-02-08T16:17:26.409" durationms="86.454" />

<exclusive-start id="5274" timestamp="2022-02-08T16:17:27.308" intervalms="985.169">
  <response-info timems="0.022" idlems="0.022" threads="0" lastid="0000000000016F00" lastname="main" />
</exclusive-start>
<af-start id="5275" threadId="0000000000017908" totalBytesRequested="70576" timestamp="2022-02-08T16:17:27.308" intervalms="985.172" type="nursery" />
<cycle-start id="5276" type="scavenge" contextid="0" timestamp="2022-02-08T16:17:27.308" intervalms="985.172" />
<gc-start id="5277" type="scavenge" contextid="5276" timestamp="2022-02-08T16:17:27.308">
  <mem-info id="5278" free="217695960" total="1073741824" percent="20">
    <mem type="nursery" free="0" total="268435456" percent="0">
      <mem type="allocate" free="0" total="184090624" percent="0" />
      <mem type="survivor" free="0" total="84344832" percent="0" />
    </mem>
    <mem type="tenure" free="217695960" total="805306368" percent="27">
      <mem type="soa" free="209642200" total="797252608" percent="26" />
      <mem type="loa" free="8053760" total="8053760" percent="100" />
    </mem>
    <remembered-set count="132" />
  </mem-info>
</gc-start>
<allocation-stats totalBytes="107408064" >
  <allocated-bytes non-tlh="849032" tlh="106559032" />
  <largest-consumer threadName="main" threadId="0000000000016F00" bytes="107408064" />
</allocation-stats>
<gc-op id="5279" type="scavenge" timems="90.672" contextid="5276" timestamp="2022-02-08T16:17:27.399">
  <scavenger-info tenureage="1" tenuremask="7ffe" tiltratio="68" />
  <memory-copied type="nursery" objects="1473716" bytes="75576456" bytesdiscarded="203536" />
  <memory-copied type="tenure" objects="1358353" bytes="76312336" bytesdiscarded="43160" />
  <finalization candidates="107" enqueued="53" />
  <references type="soft" candidates="14" cleared="0" enqueued="0" dynamicThreshold="11" maxThreshold="32" />
  <references type="weak" candidates="1" cleared="0" enqueued="0" />
  <references type="phantom" candidates="92" cleared="7" enqueued="7" />
  <object-monitors candidates="2" cleared="0"  />
</gc-op>
<gc-end id="5280" type="scavenge" contextid="5276" durationms="91.107" usertimems="355.153" systemtimems="0.000" stalltimems="3.584" timestamp="2022-02-08T16:17:27.399" activeThreads="4">
  <mem-info id="5281" free="250017600" total="1073741824" percent="23">
    <mem type="nursery" free="108703720" total="268435456" percent="40">
      <mem type="allocate" free="108703720" total="184483840" percent="58" />
      <mem type="survivor" free="0" total="83951616" percent="0" />
    </mem>
    <mem type="tenure" free="141313880" total="805306368" percent="17" macro-fragmented="0">
      <mem type="soa" free="133260120" total="797252608" percent="16" />
      <mem type="loa" free="8053760" total="8053760" percent="100" />
    </mem>
    <pending-finalizers system="52" default="1" reference="7" classloader="0" />
    <remembered-set count="129" />
  </mem-info>
</gc-end>
<cycle-end id="5282" type="scavenge" contextid="5276" timestamp="2022-02-08T16:17:27.399" />
<allocation-satisfied id="5283" threadId="0000000000016F00" bytesRequested="70576" />
<af-end id="5284" timestamp="2022-02-08T16:17:27.400" threadId="0000000000017908" success="true" from="nursery"/>
<exclusive-end id="5285" timestamp="2022-02-08T16:17:27.400" durationms="91.419" />

<concurrent-kickoff id="5286" timestamp="2022-02-08T16:17:28.103">
  <kickoff reason="threshold reached" targetBytes="74445333" thresholdFreeBytes="5747686"  remainingFree="5739760" tenureFreeBytes="141313880" nurseryFreeBytes="5739760" />
</concurrent-kickoff>
<exclusive-start id="5287" timestamp="2022-02-08T16:17:28.112" intervalms="803.566">
  <response-info timems="0.020" idlems="0.020" threads="0" lastid="0000000000016F00" lastname="main" />
</exclusive-start>
<cycle-start id="5288" type="global" contextid="0" timestamp="2022-02-08T16:17:28.112" intervalms="3027.421" />
<concurrent-start id="5289" type="global mark" contextid="5288" timestamp="2022-02-08T16:17:28.112">
</concurrent-start>
<exclusive-end id="5290" timestamp="2022-02-08T16:17:28.112" durationms="0.038" />

<exclusive-start id="5291" timestamp="2022-02-08T16:17:28.212" intervalms="100.769">
  <response-info timems="0.019" idlems="0.019" threads="0" lastid="0000000000016F00" lastname="main" />
</exclusive-start>
<af-start id="5292" threadId="0000000000017908" totalBytesRequested="104" timestamp="2022-02-08T16:17:28.212" intervalms="904.331" type="nursery" />
<cycle-start id="5293" type="scavenge" contextid="0" timestamp="2022-02-08T16:17:28.213" intervalms="904.330" />
<gc-start id="5294" type="scavenge" contextid="5293" timestamp="2022-02-08T16:17:28.213">
  <mem-info id="5295" free="141313880" total="1073741824" percent="13">
    <mem type="nursery" free="0" total="268435456" percent="0">
      <mem type="allocate" free="0" total="184483840" percent="0" />
      <mem type="survivor" free="0" total="83951616" percent="0" />
    </mem>
    <mem type="tenure" free="141313880" total="805306368" percent="17">
      <mem type="soa" free="133260120" total="797252608" percent="16" />
      <mem type="loa" free="8053760" total="8053760" percent="100" />
    </mem>
    <remembered-set count="130" />
  </mem-info>
</gc-start>
<allocation-stats totalBytes="108651952" >
  <allocated-bytes non-tlh="2063096" tlh="106588856" />
  <largest-consumer threadName="main" threadId="0000000000016F00" bytes="108643760" />
</allocation-stats>
<gc-op id="5296" type="scavenge" timems="86.917" contextid="5293" timestamp="2022-02-08T16:17:28.300">
  <scavenger-info tenureage="1" tenuremask="7ffe" tiltratio="68" />
  <memory-copied type="nursery" objects="1362327" bytes="77290936" bytesdiscarded="111016" />
  <memory-copied type="tenure" objects="1472998" bytes="75106232" bytesdiscarded="40904" />
  <finalization candidates="57" enqueued="0" />
  <references type="phantom" candidates="3" cleared="0" enqueued="0" />
  <object-monitors candidates="2" cleared="0"  />
</gc-op>
<gc-end id="5297" type="scavenge" contextid="5293" durationms="87.307" usertimems="330.932" systemtimems="2.651" stalltimems="5.008" timestamp="2022-02-08T16:17:28.300" activeThreads="4">
  <mem-info id="5298" free="172085192" total="1073741824" percent="16">
    <mem type="nursery" free="105967776" total="268435456" percent="39">
      <mem type="allocate" free="105967776" total="183369728" percent="57" />
      <mem type="survivor" free="0" total="85065728" percent="0" />
    </mem>
    <mem type="tenure" free="66117416" total="805306368" percent="8" macro-fragmented="57512708">
      <mem type="soa" free="58063656" total="797252608" percent="7" />
      <mem type="loa" free="8053760" total="8053760" percent="100" />
    </mem>
    <remembered-set count="97" />
  </mem-info>
</gc-end>
<cycle-end id="5299" type="scavenge" contextid="5293" timestamp="2022-02-08T16:17:28.300" />
<allocation-satisfied id="5300" threadId="0000000000016F00" bytesRequested="104" />
<af-end id="5301" timestamp="2022-02-08T16:17:28.300" threadId="0000000000017908" success="true" from="nursery"/>
<exclusive-end id="5302" timestamp="2022-02-08T16:17:28.300" durationms="87.632" />

<concurrent-end id="5303" type="global mark" contextid="5288" timestamp="2022-02-08T16:17:28.519">
<gc-op id="5304" type="trace" timems="407.003" contextid="5288" timestamp="2022-02-08T16:17:28.519">
  <trace bytesTraced="74449208" workStackOverflowCount="0" />
  <card-cleaning reason="card cleaning threshold reached" bytesTraced="808" cardsCleaned="2" />
</gc-op>
</concurrent-end>

<exclusive-start id="5305" timestamp="2022-02-08T16:17:28.519" intervalms="306.347">
  <response-info timems="0.037" idlems="0.037" threads="0" lastid="0000000000016F00" lastname="main" />
</exclusive-start>
<concurrent-global-final id="5306" timestamp="2022-02-08T16:17:28.519" contextid="5288" intervalms="3079.304" >
  <concurrent-trace-info reason="card cleaning threshold reached" tracedByMutators="50609600" tracedByHelpers="23840416" cardsCleaned="2" workStackOverflowCount="0" />
</concurrent-global-final>
<gc-start id="5307" type="global" contextid="5288" timestamp="2022-02-08T16:17:28.519">
  <mem-info id="5308" free="157962080" total="1073741824" percent="14">
    <mem type="nursery" free="91844664" total="268435456" percent="34">
      <mem type="allocate" free="91844664" total="183369728" percent="50" />
      <mem type="survivor" free="0" total="85065728" percent="0" />
    </mem>
    <mem type="tenure" free="66117416" total="805306368" percent="8">
      <mem type="soa" free="58063656" total="797252608" percent="7" />
      <mem type="loa" free="8053760" total="8053760" percent="100" />
    </mem>
    <remembered-set count="97" />
  </mem-info>
</gc-start>
<allocation-stats totalBytes="14116880" >
  <allocated-bytes non-tlh="104" tlh="14116776" />
  <largest-consumer threadName="main" threadId="0000000000016F00" bytes="14116880" />
</allocation-stats>
<gc-op id="5309" type="rs-scan" timems="0.555" contextid="5288" timestamp="2022-02-08T16:17:28.519">
  <scan objectsFound="29" bytesTraced="5124" workStackOverflowCount="0" />
</gc-op>
<gc-op id="5310" type="card-cleaning" timems="159.580" contextid="5288" timestamp="2022-02-08T16:17:28.679">
  <card-cleaning cardsCleaned="9" bytesTraced="71016348" workStackOverflowCount="0" />
</gc-op>
<gc-op id="5311" type="mark" timems="56.629" contextid="5288" timestamp="2022-02-08T16:17:28.736">
  <trace-info objectcount="1660462" scancount="1246874" scanbytes="26667688" />
  <finalization candidates="428" enqueued="57" />
  <ownableSynchronizers candidates="1" cleared="0" />
  <references type="soft" candidates="894" cleared="0" enqueued="0" dynamicThreshold="11" maxThreshold="32" />
  <references type="weak" candidates="1701" cleared="0" enqueued="0" />
  <references type="phantom" candidates="52" cleared="2" enqueued="2" />
  <stringconstants candidates="6471" cleared="0"  />
  <object-monitors candidates="2" cleared="0"  />
</gc-op>
<gc-op id="5312" type="sweep" timems="5.500" contextid="5288" timestamp="2022-02-08T16:17:28.742" />
<gc-end id="5313" type="global" contextid="5288" durationms="222.738" usertimems="235.692" systemtimems="0.870" stalltimems="169.392" timestamp="2022-02-08T16:17:28.742" activeThreads="4">
  <mem-info id="5314" free="401171512" total="1073741824" percent="37">
    <mem type="nursery" free="92048288" total="268435456" percent="34">
      <mem type="allocate" free="92048288" total="183369728" percent="50" />
      <mem type="survivor" free="0" total="85065728" percent="0" />
    </mem>
    <mem type="tenure" free="309123224" total="805306368" percent="38" micro-fragmented="285257" macro-fragmented="0">
      <mem type="soa" free="301069464" total="797252608" percent="37" />
      <mem type="loa" free="8053760" total="8053760" percent="100" />
    </mem>
    <pending-finalizers system="57" default="0" reference="2" classloader="0" />
    <remembered-set count="97" />
  </mem-info>
</gc-end>
<cycle-end id="5315" type="global" contextid="5288" timestamp="2022-02-08T16:17:28.742" />
<exclusive-end id="5316" timestamp="2022-02-08T16:17:28.742" durationms="222.985" />

<exclusive-start id="5317" timestamp="2022-02-08T16:17:29.384" intervalms="864.827">
  <response-info timems="0.019" idlems="0.019" threads="0" lastid="0000000000016F00" lastname="main" />
</exclusive-start>
<af-start id="5318" threadId="0000000000017908" totalBytesRequested="24" timestamp="2022-02-08T16:17:29.384" intervalms="1171.181" type="nursery" />
<cycle-start id="5319" type="scavenge" contextid="0" timestamp="2022-02-08T16:17:29.384" intervalms="1171.183" />
<gc-start id="5320" type="scavenge" contextid="5319" timestamp="2022-02-08T16:17:29.384">
  <mem-info id="5321" free="309123224" total="1073741824" percent="28">
    <mem type="nursery" free="0" total="268435456" percent="0">
      <mem type="allocate" free="0" total="183369728" percent="0" />
      <mem type="survivor" free="0" total="85065728" percent="0" />
    </mem>
    <mem type="tenure" free="309123224" total="805306368" percent="38">
      <mem type="soa" free="301069464" total="797252608" percent="37" />
      <mem type="loa" free="8053760" total="8053760" percent="100" />
    </mem>
    <remembered-set count="100" />
  </mem-info>
</gc-start>
<allocation-stats totalBytes="92003456" >
  <allocated-bytes non-tlh="0" tlh="92003456" />
  <largest-consumer threadName="main" threadId="0000000000016F00" bytes="91999360" />
</allocation-stats>
<gc-op id="5322" type="scavenge" timems="92.963" contextid="5319" timestamp="2022-02-08T16:17:29.477">
  <scavenger-info tenureage="1" tenuremask="7ffe" tiltratio="68" />
  <memory-copied type="nursery" objects="1337979" bytes="75390592" bytesdiscarded="189240" />
  <memory-copied type="tenure" objects="1362327" bytes="77290936" bytesdiscarded="46488" />
  <finalization candidates="3" enqueued="0" />
  <ownableSynchronizers candidates="2" cleared="2" />
  <object-monitors candidates="2" cleared="0"  />
</gc-op>
<gc-end id="5323" type="scavenge" contextid="5319" durationms="93.193" usertimems="359.583" systemtimems="0.000" stalltimems="2.070" timestamp="2022-02-08T16:17:29.477" activeThreads="4">
  <mem-info id="5324" free="339596544" total="1073741824" percent="31">
    <mem type="nursery" free="108117576" total="268435456" percent="40">
      <mem type="allocate" free="108117576" total="183697408" percent="58" />
      <mem type="survivor" free="0" total="84738048" percent="0" />
    </mem>
    <mem type="tenure" free="231478968" total="805306368" percent="28" macro-fragmented="0">
      <mem type="soa" free="223425208" total="797252608" percent="28" />
      <mem type="loa" free="8053760" total="8053760" percent="100" />
    </mem>
    <remembered-set count="102" />
  </mem-info>
</gc-end>
<cycle-end id="5325" type="scavenge" contextid="5319" timestamp="2022-02-08T16:17:29.477" />
<allocation-satisfied id="5326" threadId="0000000000016F00" bytesRequested="24" />
<af-end id="5327" timestamp="2022-02-08T16:17:29.477" threadId="0000000000017908" success="true" from="nursery"/>
<exclusive-end id="5328" timestamp="2022-02-08T16:17:29.477" durationms="93.488" />

<exclusive-start id="5329" timestamp="2022-02-08T16:17:30.209" intervalms="825.228">
  <response-info timems="0.023" idlems="0.023" threads="0" lastid="0000000000016F00" lastname="main" />
</exclusive-start>
<af-start id="5330" threadId="0000000000017908" totalBytesRequested="192" timestamp="2022-02-08T16:17:30.209" intervalms="825.237" type="nursery" />
<cycle-start id="5331" type="scavenge" contextid="0" timestamp="2022-02-08T16:17:30.209" intervalms="825.237" />
<gc-start id="5332" type="scavenge" contextid="5331" timestamp="2022-02-08T16:17:30.209">
  <mem-info id="5333" free="231478968" total="1073741824" percent="21">
    <mem type="nursery" free="0" total="268435456" percent="0">
      <mem type="allocate" free="0" total="183697408" percent="0" />
      <mem type="survivor" free="0" total="84738048" percent="0" />
    </mem>
    <mem type="tenure" free="231478968" total="805306368" percent="28">
      <mem type="soa" free="223425208" total="797252608" percent="28" />
      <mem type="loa" free="8053760" total="8053760" percent="100" />
    </mem>
    <remembered-set count="116" />
  </mem-info>
</gc-start>
<allocation-stats totalBytes="108068464" >
  <allocated-bytes non-tlh="453728" tlh="107614736" />
  <largest-consumer threadName="main" threadId="0000000000016F00" bytes="108068464" />
</allocation-stats>
<gc-op id="5334" type="scavenge" timems="83.226" contextid="5331" timestamp="2022-02-08T16:17:30.292">
  <scavenger-info tenureage="1" tenuremask="7ffe" tiltratio="68" />
  <memory-copied type="nursery" objects="1361978" bytes="76956128" bytesdiscarded="197952" />
  <memory-copied type="tenure" objects="1337979" bytes="75390592" bytesdiscarded="41904" />
  <finalization candidates="30" enqueued="18" />
  <references type="phantom" candidates="30" cleared="0" enqueued="0" />
  <object-monitors candidates="2" cleared="0"  />
</gc-op>
<gc-end id="5335" type="scavenge" contextid="5331" durationms="83.399" usertimems="325.467" systemtimems="0.000" stalltimems="3.031" timestamp="2022-02-08T16:17:30.292" activeThreads="4">
  <mem-info id="5336" free="262613776" total="1073741824" percent="24">
    <mem type="nursery" free="106477792" total="268435456" percent="39">
      <mem type="allocate" free="106477792" total="183631872" percent="57" />
      <mem type="survivor" free="0" total="84803584" percent="0" />
    </mem>
    <mem type="tenure" free="156135984" total="805306368" percent="19" macro-fragmented="0">
      <mem type="soa" free="148082224" total="797252608" percent="18" />
      <mem type="loa" free="8053760" total="8053760" percent="100" />
    </mem>
    <pending-finalizers system="18" default="0" reference="0" classloader="0" />
    <remembered-set count="115" />
  </mem-info>
</gc-end>
<cycle-end id="5337" type="scavenge" contextid="5331" timestamp="2022-02-08T16:17:30.292" />
<allocation-satisfied id="5338" threadId="0000000000016F00" bytesRequested="192" />
<af-end id="5339" timestamp="2022-02-08T16:17:30.293" threadId="0000000000017908" success="true" from="nursery"/>
<exclusive-end id="5340" timestamp="2022-02-08T16:17:30.293" durationms="83.668" />

<concurrent-kickoff id="5341" timestamp="2022-02-08T16:17:31.146">
  <kickoff reason="threshold reached" targetBytes="74446271" thresholdFreeBytes="5754146"  remainingFree="5748960" tenureFreeBytes="156135984" nurseryFreeBytes="5748960" />
</concurrent-kickoff>
<exclusive-start id="5342" timestamp="2022-02-08T16:17:31.149" intervalms="940.086">
  <response-info timems="0.020" idlems="0.020" threads="0" lastid="0000000000016F00" lastname="main" />
</exclusive-start>
<cycle-start id="5343" type="global" contextid="0" timestamp="2022-02-08T16:17:31.149" intervalms="3037.249" />
<concurrent-start id="5344" type="global mark" contextid="5343" timestamp="2022-02-08T16:17:31.149">
</concurrent-start>
<exclusive-end id="5345" timestamp="2022-02-08T16:17:31.149" durationms="0.028" />

<exclusive-start id="5346" timestamp="2022-02-08T16:17:31.281" intervalms="132.096">
  <response-info timems="0.028" idlems="0.028" threads="0" lastid="0000000000016F00" lastname="main" />
</exclusive-start>
<af-start id="5347" threadId="0000000000017908" totalBytesRequested="176" timestamp="2022-02-08T16:17:31.281" intervalms="1072.167" type="nursery" />
<cycle-start id="5348" type="scavenge" contextid="0" timestamp="2022-02-08T16:17:31.281" intervalms="1072.165" />
<gc-start id="5349" type="scavenge" contextid="5348" timestamp="2022-02-08T16:17:31.281">
  <mem-info id="5350" free="156135984" total="1073741824" percent="14">
    <mem type="nursery" free="0" total="268435456" percent="0">
      <mem type="allocate" free="0" total="183631872" percent="0" />
      <mem type="survivor" free="0" total="84803584" percent="0" />
    </mem>
    <mem type="tenure" free="156135984" total="805306368" percent="19">
      <mem type="soa" free="148082224" total="797252608" percent="18" />
      <mem type="loa" free="8053760" total="8053760" percent="100" />
    </mem>
    <remembered-set count="132" />
  </mem-info>
</gc-start>
<allocation-stats totalBytes="106432112" >
  <allocated-bytes non-tlh="2387936" tlh="104044176" />
  <largest-consumer threadName="main" threadId="0000000000016F00" bytes="106428016" />
</allocation-stats>
<gc-op id="5351" type="scavenge" timems="83.804" contextid="5348" timestamp="2022-02-08T16:17:31.365">
  <scavenger-info tenureage="1" tenuremask="7ffe" tiltratio="68" />
  <memory-copied type="nursery" objects="1416619" bytes="75158576" bytesdiscarded="136528" />
  <memory-copied type="tenure" objects="1361679" bytes="76343384" bytesdiscarded="39520" />
  <finalization candidates="92" enqueued="35" />
  <references type="soft" candidates="14" cleared="0" enqueued="0" dynamicThreshold="12" maxThreshold="32" />
  <references type="weak" candidates="1" cleared="0" enqueued="0" />
  <references type="phantom" candidates="77" cleared="7" enqueued="7" />
  <object-monitors candidates="2" cleared="0"  />
</gc-op>
<gc-end id="5352" type="scavenge" contextid="5348" durationms="84.096" usertimems="330.625" systemtimems="0.000" stalltimems="3.379" timestamp="2022-02-08T16:17:31.365" activeThreads="4">
  <mem-info id="5353" free="188521416" total="1073741824" percent="17">
    <mem type="nursery" free="108664320" total="268435456" percent="40">
      <mem type="allocate" free="108664320" total="183959552" percent="59" />
      <mem type="survivor" free="0" total="84475904" percent="0" />
    </mem>
    <mem type="tenure" free="79857096" total="805306368" percent="9" macro-fragmented="57512708">
      <mem type="soa" free="71803336" total="797252608" percent="9" />
      <mem type="loa" free="8053760" total="8053760" percent="100" />
    </mem>
    <pending-finalizers system="34" default="1" reference="7" classloader="0" />
    <remembered-set count="118" />
  </mem-info>
</gc-end>
<cycle-end id="5354" type="scavenge" contextid="5348" timestamp="2022-02-08T16:17:31.365" />
<allocation-satisfied id="5355" threadId="0000000000016F00" bytesRequested="176" />
<af-end id="5356" timestamp="2022-02-08T16:17:31.365" threadId="0000000000017908" success="true" from="nursery"/>
<exclusive-end id="5357" timestamp="2022-02-08T16:17:31.365" durationms="84.423" />

<concurrent-end id="5358" type="global mark" contextid="5343" timestamp="2022-02-08T16:17:31.492">
<gc-op id="5359" type="trace" timems="343.266" contextid="5343" timestamp="2022-02-08T16:17:31.492">
  <trace bytesTraced="74449448" workStackOverflowCount="0" />
  <card-cleaning reason="card cleaning threshold reached" bytesTraced="808" cardsCleaned="2" />
</gc-op>
</concurrent-end>

<exclusive-start id="5360" timestamp="2022-02-08T16:17:31.492" intervalms="211.240">
  <response-info timems="0.019" idlems="0.019" threads="0" lastid="0000000000016F00" lastname="main" />
</exclusive-start>
<concurrent-global-final id="5361" timestamp="2022-02-08T16:17:31.492" contextid="5343" intervalms="2973.472" >
  <concurrent-trace-info reason="card cleaning threshold reached" tracedByMutators="58519088" tracedByHelpers="15931168" cardsCleaned="2" workStackOverflowCount="0" />
</concurrent-global-final>
<gc-start id="5362" type="global" contextid="5343" timestamp="2022-02-08T16:17:31.492">
  <mem-info id="5363" free="180419352" total="1073741824" percent="16">
    <mem type="nursery" free="100562256" total="268435456" percent="37">
      <mem type="allocate" free="100562256" total="183959552" percent="54" />
      <mem type="survivor" free="0" total="84475904" percent="0" />
    </mem>
    <mem type="tenure" free="79857096" total="805306368" percent="9">
      <mem type="soa" free="71803336" total="797252608" percent="9" />
      <mem type="loa" free="8053760" total="8053760" percent="100" />
    </mem>
    <remembered-set count="119" />
  </mem-info>
</gc-start>
<allocation-stats totalBytes="8097928" >
  <allocated-bytes non-tlh="176" tlh="8097752" />
  <largest-consumer threadName="main" threadId="0000000000016F00" bytes="8089736" />
</allocation-stats>
<gc-op id="5364" type="rs-scan" timems="136.857" contextid="5343" timestamp="2022-02-08T16:17:31.629">
  <scan objectsFound="3324744" bytesTraced="71019156" workStackOverflowCount="0" />
</gc-op>
<gc-op id="5365" type="card-cleaning" timems="0.420" contextid="5343" timestamp="2022-02-08T16:17:31.630">
  <card-cleaning cardsCleaned="4" bytesTraced="1636" workStackOverflowCount="0" />
</gc-op>
<gc-op id="5366" type="mark" timems="43.964" contextid="5343" timestamp="2022-02-08T16:17:31.674">
  <trace-info objectcount="1272713" scancount="956061" scanbytes="20463688" />
  <finalization candidates="428" enqueued="57" />
  <ownableSynchronizers candidates="1" cleared="0" />
  <references type="soft" candidates="894" cleared="0" enqueued="0" dynamicThreshold="12" maxThreshold="32" />
  <references type="weak" candidates="1701" cleared="0" enqueued="0" />
  <references type="phantom" candidates="52" cleared="2" enqueued="2" />
  <stringconstants candidates="6471" cleared="0"  />
  <object-monitors candidates="2" cleared="0"  />
</gc-op>
<gc-op id="5367" type="sweep" timems="4.688" contextid="5343" timestamp="2022-02-08T16:17:31.678" />
<gc-end id="5368" type="global" contextid="5343" durationms="186.136" usertimems="239.202" systemtimems="3.510" stalltimems="89.114" timestamp="2022-02-08T16:17:31.678" activeThreads="4">
  <mem-info id="5369" free="423823680" total="1073741824" percent="39">
    <mem type="nursery" free="101113712" total="268435456" percent="37">
      <mem type="allocate" free="101113712" total="183959552" percent="54" />
      <mem type="survivor" free="0" total="84475904" percent="0" />
    </mem>
    <mem type="tenure" free="322709968" total="805306368" percent="40" micro-fragmented="266315" macro-fragmented="0">
      <mem type="soa" free="314656208" total="797252608" percent="39" />
      <mem type="loa" free="8053760" total="8053760" percent="100" />
    </mem>
    <pending-finalizers system="57" default="0" reference="2" classloader="0" />
    <remembered-set count="106" />
  </mem-info>
</gc-end>
<cycle-end id="5370" type="global" contextid="5343" timestamp="2022-02-08T16:17:31.679" />
<exclusive-end id="5371" timestamp="2022-02-08T16:17:31.679" durationms="186.363" />

<exclusive-start id="5372" timestamp="2022-02-08T16:17:32.408" intervalms="915.645">
  <response-info timems="0.023" idlems="0.023" threads="0" lastid="0000000000016F00" lastname="main" />
</exclusive-start>
<af-start id="5373" threadId="0000000000017908" totalBytesRequested="184" timestamp="2022-02-08T16:17:32.408" intervalms="1126.892" type="nursery" />
<cycle-start id="5374" type="scavenge" contextid="0" timestamp="2022-02-08T16:17:32.408" intervalms="1126.893" />
<gc-start id="5375" type="scavenge" contextid="5374" timestamp="2022-02-08T16:17:32.408">
  <mem-info id="5376" free="322709968" total="1073741824" percent="30">
    <mem type="nursery" free="0" total="268435456" percent="0">
      <mem type="allocate" free="0" total="183959552" percent="0" />
      <mem type="survivor" free="0" total="84475904" percent="0" />
    </mem>
    <mem type="tenure" free="322709968" total="805306368" percent="40">
      <mem type="soa" free="314656208" total="797252608" percent="39" />
      <mem type="loa" free="8053760" total="8053760" percent="100" />
    </mem>
    <remembered-set count="107" />
  </mem-info>
</gc-start>
<allocation-stats totalBytes="101066936" >
  <allocated-bytes non-tlh="0" tlh="101066936" />
  <largest-consumer threadName="main" threadId="0000000000016F00" bytes="101062840" />
</allocation-stats>
<gc-op id="5377" type="scavenge" timems="96.814" contextid="5374" timestamp="2022-02-08T16:17:32.505">
  <scavenger-info tenureage="1" tenuremask="7ffe" tiltratio="68" />
  <memory-copied type="nursery" objects="1407767" bytes="77659760" bytesdiscarded="132768" />
  <memory-copied type="tenure" objects="1416137" bytes="74846736" bytesdiscarded="47920" />
  <finalization candidates="45" enqueued="0" />
  <ownableSynchronizers candidates="2" cleared="2" />
  <object-monitors candidates="2" cleared="0"  />
</gc-op>
<gc-end id="5378" type="scavenge" contextid="5374" durationms="97.072" usertimems="364.008" systemtimems="1.367" stalltimems="2.205" timestamp="2022-02-08T16:17:32.505" activeThreads="4">
  <mem-info id="5379" free="352131904" total="1073741824" percent="32">
    <mem type="nursery" free="104463088" total="268435456" percent="38">
      <mem type="allocate" free="104463088" total="182255616" percent="57" />
      <mem type="survivor" free="0" total="86179840" percent="0" />
    </mem>
    <mem type="tenure" free="247668816" total="805306368" percent="30" macro-fragmented="0">
      <mem type="soa" free="239615056" total="797252608" percent="30" />
      <mem type="loa" free="8053760" total="8053760" percent="100" />
    </mem>
    <remembered-set count="101" />
  </mem-info>
</gc-end>
<cycle-end id="5380" type="scavenge" contextid="5374" timestamp="2022-02-08T16:17:32.505" />
<allocation-satisfied id="5381" threadId="0000000000016F00" bytesRequested="184" />
<af-end id="5382" timestamp="2022-02-08T16:17:32.505" threadId="0000000000017908" success="true" from="nursery"/>
<exclusive-end id="5383" timestamp="2022-02-08T16:17:32.505" durationms="97.332" />

<exclusive-start id="5384" timestamp="2022-02-08T16:17:33.183" intervalms="774.900">
  <response-info timems="0.021" idlems="0.021" threads="0" lastid="0000000000016F00" lastname="main" />
</exclusive-start>
<af-start id="5385" threadId="0000000000017908" totalBytesRequested="104" timestamp="2022-02-08T16:17:33.183" intervalms="774.893" type="nursery" />
<cycle-start id="5386" type="scavenge" contextid="0" timestamp="2022-02-08T16:17:33.183" intervalms="774.892" />
<gc-start id="5387" type="scavenge" contextid="5386" timestamp="2022-02-08T16:17:33.183">
  <mem-info id="5388" free="247668816" total="1073741824" percent="23">
    <mem type="nursery" free="0" total="268435456" percent="0">
      <mem type="allocate" free="0" total="182255616" percent="0" />
      <mem type="survivor" free="0" total="86179840" percent="0" />
    </mem>
    <mem type="tenure" free="247668816" total="805306368" percent="30">
      <mem type="soa" free="239615056" total="797252608" percent="30" />
      <mem type="loa" free="8053760" total="8053760" percent="100" />
    </mem>
    <remembered-set count="101" />
  </mem-info>
</gc-start>
<allocation-stats totalBytes="104413712" >
  <allocated-bytes non-tlh="184" tlh="104413528" />
  <largest-consumer threadName="main" threadId="0000000000016F00" bytes="104413712" />
</allocation-stats>
<gc-op id="5389" type="scavenge" timems="76.328" contextid="5386" timestamp="2022-02-08T16:17:33.259">
  <scavenger-info tenureage="1" tenuremask="7ffe" tiltratio="67" />
  <memory-copied type="nursery" objects="1303712" bytes="74236040" bytesdiscarded="111736" />
  <memory-copied type="tenure" objects="1407766" bytes="77659656" bytesdiscarded="42272" />
  <object-monitors candidates="2" cleared="0"  />
</gc-op>
<gc-end id="5390" type="scavenge" contextid="5386" durationms="76.556" usertimems="301.873" systemtimems="0.000" stalltimems="2.724" timestamp="2022-02-08T16:17:33.259" activeThreads="4">
  <mem-info id="5391" free="278370840" total="1073741824" percent="25">
    <mem type="nursery" free="108366592" total="268435456" percent="40">
      <mem type="allocate" free="108366592" total="182714368" percent="59" />
      <mem type="survivor" free="0" total="85721088" percent="0" />
    </mem>
    <mem type="tenure" free="170004248" total="805306368" percent="21" macro-fragmented="47927252">
      <mem type="soa" free="161950488" total="797252608" percent="20" />
      <mem type="loa" free="8053760" total="8053760" percent="100" />
    </mem>
    <remembered-set count="101" />
  </mem-info>
</gc-end>
<cycle-end id="5392" type="scavenge" contextid="5386" timestamp="2022-02-08T16:17:33.260" />
<allocation-satisfied id="5393" threadId="0000000000016F00" bytesRequested="104" />
<af-end id="5394" timestamp="2022-02-08T16:17:33.260" threadId="0000000000017908" success="true" from="nursery"/>
<exclusive-end id="5395" timestamp="2022-02-08T16:17:33.260" durationms="76.864" />

<exclusive-start id="5396" timestamp="2022-02-08T16:17:34.192" intervalms="1009.030">
  <response-info timems="0.020" idlems="0.020" threads="0" lastid="0000000000016F00" lastname="main" />
</exclusive-start>
<af-start id="5397" threadId="0000000000017908" totalBytesRequested="112" timestamp="2022-02-08T16:17:34.192" intervalms="1009.031" type="nursery" />
<cycle-start id="5398" type="scavenge" contextid="0" timestamp="2022-02-08T16:17:34.192" intervalms="1009.061" />
<gc-start id="5399" type="scavenge" contextid="5398" timestamp="2022-02-08T16:17:34.192">
  <mem-info id="5400" free="170004248" total="1073741824" percent="15">
    <mem type="nursery" free="0" total="268435456" percent="0">
      <mem type="allocate" free="0" total="182714368" percent="0" />
      <mem type="survivor" free="0" total="85721088" percent="0" />
    </mem>
    <mem type="tenure" free="170004248" total="805306368" percent="21">
      <mem type="soa" free="161950488" total="797252608" percent="20" />
      <mem type="loa" free="8053760" total="8053760" percent="100" />
    </mem>
    <remembered-set count="131" />
  </mem-info>
</gc-start>
<allocation-stats totalBytes="108321000" >
  <allocated-bytes non-tlh="2841552" tlh="105479448" />
  <largest-consumer threadName="main" threadId="0000000000016F00" bytes="108321000" />
</allocation-stats>
<gc-op id="5401" type="scavenge" timems="90.046" contextid="5398" timestamp="2022-02-08T16:17:34.282">
  <scavenger-info tenureage="1" tenuremask="7ffe" tiltratio="68" />
  <memory-copied type="nursery" objects="1450395" bytes="76146024" bytesdiscarded="219168" />
  <memory-copied type="tenure" objects="1303712" bytes="74236040" bytesdiscarded="39976" />
  <finalization candidates="110" enqueued="53" />
  <references type="soft" candidates="14" cleared="0" enqueued="0" dynamicThreshold="12" maxThreshold="32" />
  <references type="weak" candidates="1" cleared="0" enqueued="0" />
  <references type="phantom" candidates="95" cleared="7" enqueued="7" />
  <object-monitors candidates="2" cleared="0"  />
</gc-op>
<gc-end id="5402" type="scavenge" contextid="5398" durationms="90.380" usertimems="354.276" systemtimems="1.101" stalltimems="3.357" timestamp="2022-02-08T16:17:34.282" activeThreads="4">
  <mem-info id="5403" free="202382512" total="1073741824" percent="18">
    <mem type="nursery" free="106611192" total="268435456" percent="39">
      <mem type="allocate" free="106611192" total="182976512" percent="58" />
      <mem type="survivor" free="0" total="85458944" percent="0" />
    </mem>
    <mem type="tenure" free="95771320" total="805306368" percent="11" macro-fragmented="0">
      <mem type="soa" free="87717560" total="797252608" percent="11" />
      <mem type="loa" free="8053760" total="8053760" percent="100" />
    </mem>
    <pending-finalizers system="52" default="1" reference="7" classloader="0" />
    <remembered-set count="126" />
  </mem-info>
</gc-end>
<cycle-end id="5404" type="scavenge" contextid="5398" timestamp="2022-02-08T16:17:34.283" />
<allocation-satisfied id="5405" threadId="0000000000016F00" bytesRequested="112" />
<af-end id="5406" timestamp="2022-02-08T16:17:34.283" threadId="0000000000017908" success="true" from="nursery"/>
<exclusive-end id="5407" timestamp="2022-02-08T16:17:34.283" durationms="90.696" />

<concurrent-kickoff id="5408" timestamp="2022-02-08T16:17:35.013">
  <kickoff reason="threshold reached" targetBytes="74447065" thresholdFreeBytes="5753038"  remainingFree="5685752" tenureFreeBytes="95771320" nurseryFreeBytes="5685752" />
</concurrent-kickoff>
<exclusive-start id="5409" timestamp="2022-02-08T16:17:35.017" intervalms="825.587">
  <response-info timems="0.020" idlems="0.020" threads="0" lastid="0000000000016F00" lastname="main" />
</exclusive-start>
<cycle-start id="5410" type="global" contextid="0" timestamp="2022-02-08T16:17:35.017" intervalms="3868.499" />
<concurrent-start id="5411" type="global mark" contextid="5410" timestamp="2022-02-08T16:17:35.017">
</concurrent-start>
<exclusive-end id="5412" timestamp="2022-02-08T16:17:35.017" durationms="0.030" />

<exclusive-start id="5413" timestamp="2022-02-08T16:17:35.153" intervalms="135.116">
  <response-info timems="0.073" idlems="0.073" threads="0" lastid="0000000000016F00" lastname="main" />
</exclusive-start>
<af-start id="5414" threadId="0000000000017908" totalBytesRequested="104" timestamp="2022-02-08T16:17:35.153" intervalms="960.709" type="nursery" />
<cycle-start id="5415" type="scavenge" contextid="0" timestamp="2022-02-08T16:17:35.153" intervalms="960.696" />
<gc-start id="5416" type="scavenge" contextid="5415" timestamp="2022-02-08T16:17:35.153">
  <mem-info id="5417" free="95771320" total="1073741824" percent="8">
    <mem type="nursery" free="0" total="268435456" percent="0">
      <mem type="allocate" free="0" total="182976512" percent="0" />
      <mem type="survivor" free="0" total="85458944" percent="0" />
    </mem>
    <mem type="tenure" free="95771320" total="805306368" percent="11">
      <mem type="soa" free="87717560" total="797252608" percent="11" />
      <mem type="loa" free="8053760" total="8053760" percent="100" />
    </mem>
    <remembered-set count="127" />
  </mem-info>
</gc-start>
<allocation-stats totalBytes="106560696" >
  <allocated-bytes non-tlh="112" tlh="106560584" />
  <largest-consumer threadName="main" threadId="0000000000016F00" bytes="106552504" />
</allocation-stats>
<gc-op id="5418" type="scavenge" timems="84.358" contextid="5415" timestamp="2022-02-08T16:17:35.237">
  <scavenger-info tenureage="1" tenuremask="7ffe" tiltratio="68" />
  <memory-copied type="nursery" objects="1379012" bytes="75935280" bytesdiscarded="133880" />
  <memory-copied type="tenure" objects="1449684" bytes="75678168" bytesdiscarded="37536" />
  <finalization candidates="57" enqueued="0" />
  <object-monitors candidates="2" cleared="0"  />
</gc-op>
<gc-end id="5419" type="scavenge" contextid="5415" durationms="84.483" usertimems="333.572" systemtimems="0.000" stalltimems="2.751" timestamp="2022-02-08T16:17:35.237" activeThreads="4">
  <mem-info id="5420" free="127446192" total="1073741824" percent="11">
    <mem type="nursery" free="107562712" total="268435456" percent="40">
      <mem type="allocate" free="107562712" total="183631872" percent="58" />
      <mem type="survivor" free="0" total="84803584" percent="0" />
    </mem>
    <mem type="tenure" free="19883480" total="805306368" percent="2" macro-fragmented="18886860">
      <mem type="soa" free="11829720" total="797252608" percent="1" />
      <mem type="loa" free="8053760" total="8053760" percent="100" />
    </mem>
    <remembered-set count="100" />
  </mem-info>
</gc-end>
<cycle-end id="5421" type="scavenge" contextid="5415" timestamp="2022-02-08T16:17:35.237" />
<allocation-satisfied id="5422" threadId="0000000000016F00" bytesRequested="104" />
<af-end id="5423" timestamp="2022-02-08T16:17:35.237" threadId="0000000000017908" success="true" from="nursery"/>
<exclusive-end id="5424" timestamp="2022-02-08T16:17:35.237" durationms="84.858" />

<concurrent-end id="5425" type="global mark" contextid="5410" timestamp="2022-02-08T16:17:35.375">
<gc-op id="5426" type="trace" timems="357.366" contextid="5410" timestamp="2022-02-08T16:17:35.375">
  <trace bytesTraced="74449624" workStackOverflowCount="0" />
  <card-cleaning reason="card cleaning threshold reached" bytesTraced="808" cardsCleaned="2" />
</gc-op>
</concurrent-end>

<exclusive-start id="5427" timestamp="2022-02-08T16:17:35.375" intervalms="222.323">
  <response-info timems="0.021" idlems="0.021" threads="0" lastid="0000000000016F00" lastname="main" />
</exclusive-start>
<concurrent-global-final id="5428" timestamp="2022-02-08T16:17:35.375" contextid="5410" intervalms="3882.610" >
  <concurrent-trace-info reason="card cleaning threshold reached" tracedByMutators="57157800" tracedByHelpers="17292632" cardsCleaned="2" workStackOverflowCount="0" />
</concurrent-global-final>
<gc-start id="5429" type="global" contextid="5410" timestamp="2022-02-08T16:17:35.375">
  <mem-info id="5430" free="119090248" total="1073741824" percent="11">
    <mem type="nursery" free="99206768" total="268435456" percent="36">
      <mem type="allocate" free="99206768" total="183631872" percent="54" />
      <mem type="survivor" free="0" total="84803584" percent="0" />
    </mem>
    <mem type="tenure" free="19883480" total="805306368" percent="2">
      <mem type="soa" free="11829720" total="797252608" percent="1" />
      <mem type="loa" free="8053760" total="8053760" percent="100" />
    </mem>
    <remembered-set count="100" />
  </mem-info>
</gc-start>
<allocation-stats totalBytes="8351744" >
  <allocated-bytes non-tlh="104" tlh="8351640" />
  <largest-consumer threadName="main" threadId="0000000000016F00" bytes="8351744" />
</allocation-stats>
<gc-op id="5431" type="rs-scan" timems="0.566" contextid="5410" timestamp="2022-02-08T16:17:35.376">
  <scan objectsFound="0" bytesTraced="3692" workStackOverflowCount="0" />
</gc-op>
<gc-op id="5432" type="card-cleaning" timems="170.647" contextid="5410" timestamp="2022-02-08T16:17:35.546">
  <card-cleaning cardsCleaned="10" bytesTraced="71018108" workStackOverflowCount="0" />
</gc-op>
<gc-op id="5433" type="mark" timems="67.889" contextid="5410" timestamp="2022-02-08T16:17:35.614">
  <trace-info objectcount="2388975" scancount="1793258" scanbytes="38323904" />
  <finalization candidates="428" enqueued="57" />
  <ownableSynchronizers candidates="1" cleared="0" />
  <references type="soft" candidates="894" cleared="0" enqueued="0" dynamicThreshold="12" maxThreshold="32" />
  <references type="weak" candidates="1701" cleared="0" enqueued="0" />
  <references type="phantom" candidates="52" cleared="2" enqueued="2" />
  <stringconstants candidates="6471" cleared="0"  />
  <object-monitors candidates="2" cleared="0"  />
</gc-op>
<gc-op id="5434" type="sweep" timems="5.124" contextid="5410" timestamp="2022-02-08T16:17:35.619" />
<gc-end id="5435" type="global" contextid="5410" durationms="244.425" usertimems="259.834" systemtimems="0.198" stalltimems="203.533" timestamp="2022-02-08T16:17:35.619" activeThreads="4">
  <mem-info id="5436" free="362293176" total="1073741824" percent="33">
    <mem type="nursery" free="99435480" total="268435456" percent="37">
      <mem type="allocate" free="99435480" total="183631872" percent="54" />
      <mem type="survivor" free="0" total="84803584" percent="0" />
    </mem>
    <mem type="tenure" free="262857696" total="805306368" percent="32" micro-fragmented="327804" macro-fragmented="0">
      <mem type="soa" free="254803936" total="797252608" percent="31" />
      <mem type="loa" free="8053760" total="8053760" percent="100" />
    </mem>
    <pending-finalizers system="57" default="0" reference="2" classloader="0" />
    <remembered-set count="100" />
  </mem-info>
</gc-end>
<cycle-end id="5437" type="global" contextid="5410" timestamp="2022-02-08T16:17:35.620" />
<exclusive-end id="5438" timestamp="2022-02-08T16:17:35.620" durationms="244.675" />

<exclusive-start id="5439" timestamp="2022-02-08T16:17:36.247" intervalms="872.287">
  <response-info timems="0.020" idlems="0.020" threads="0" lastid="0000000000016F00" lastname="main" />
</exclusive-start>
<af-start id="5440" threadId="0000000000017908" totalBytesRequested="96" timestamp="2022-02-08T16:17:36.247" intervalms="1094.604" type="nursery" />
<cycle-start id="5441" type="scavenge" contextid="0" timestamp="2022-02-08T16:17:36.247" intervalms="1094.587" />
<gc-start id="5442" type="scavenge" contextid="5441" timestamp="2022-02-08T16:17:36.247">
  <mem-info id="5443" free="262857696" total="1073741824" percent="24">
    <mem type="nursery" free="0" total="268435456" percent="0">
      <mem type="allocate" free="0" total="183631872" percent="0" />
      <mem type="survivor" free="0" total="84803584" percent="0" />
    </mem>
    <mem type="tenure" free="262857696" total="805306368" percent="32">
      <mem type="soa" free="254803936" total="797252608" percent="31" />
      <mem type="loa" free="8053760" total="8053760" percent="100" />
    </mem>
    <remembered-set count="103" />
  </mem-info>
</gc-start>
<allocation-stats totalBytes="99388896" >
  <allocated-bytes non-tlh="0" tlh="99388896" />
  <largest-consumer threadName="main" threadId="0000000000016F00" bytes="99384800" />
</allocation-stats>
<gc-op id="5444" type="scavenge" timems="89.376" contextid="5441" timestamp="2022-02-08T16:17:36.337">
  <scavenger-info tenureage="1" tenuremask="7ffe" tiltratio="68" />
  <memory-copied type="nursery" objects="1349282" bytes="76493992" bytesdiscarded="102488" />
  <memory-copied type="tenure" objects="1379012" bytes="75935280" bytesdiscarded="43192" />
  <ownableSynchronizers candidates="2" cleared="2" />
  <object-monitors candidates="2" cleared="0"  />
</gc-op>
<gc-end id="5445" type="scavenge" contextid="5441" durationms="89.717" usertimems="332.907" systemtimems="0.000" stalltimems="2.871" timestamp="2022-02-08T16:17:36.337" activeThreads="4">
  <mem-info id="5446" free="293891040" total="1073741824" percent="27">
    <mem type="nursery" free="107363072" total="268435456" percent="39">
      <mem type="allocate" free="107363072" total="183959552" percent="58" />
      <mem type="survivor" free="0" total="84475904" percent="0" />
    </mem>
    <mem type="tenure" free="186527968" total="805306368" percent="23" macro-fragmented="0">
      <mem type="soa" free="178474208" total="797252608" percent="22" />
      <mem type="loa" free="8053760" total="8053760" percent="100" />
    </mem>
    <remembered-set count="102" />
  </mem-info>
</gc-end>
<cycle-end id="5447" type="scavenge" contextid="5441" timestamp="2022-02-08T16:17:36.337" />
<allocation-satisfied id="5448" threadId="0000000000016F00" bytesRequested="96" />
<af-end id="5449" timestamp="2022-02-08T16:17:36.337" threadId="0000000000017908" success="true" from="nursery"/>
<exclusive-end id="5450" timestamp="2022-02-08T16:17:36.337" durationms="90.037" />

<exclusive-start id="5451" timestamp="2022-02-08T16:17:37.288" intervalms="1040.597">
  <response-info timems="0.030" idlems="0.030" threads="0" lastid="0000000000016F00" lastname="main" />
</exclusive-start>
<af-start id="5452" threadId="0000000000017908" totalBytesRequested="104" timestamp="2022-02-08T16:17:37.288" intervalms="1040.604" type="nursery" />
<cycle-start id="5453" type="scavenge" contextid="0" timestamp="2022-02-08T16:17:37.288" intervalms="1040.611" />
<gc-start id="5454" type="scavenge" contextid="5453" timestamp="2022-02-08T16:17:37.288">
  <mem-info id="5455" free="186527968" total="1073741824" percent="17">
    <mem type="nursery" free="0" total="268435456" percent="0">
      <mem type="allocate" free="0" total="183959552" percent="0" />
      <mem type="survivor" free="0" total="84475904" percent="0" />
    </mem>
    <mem type="tenure" free="186527968" total="805306368" percent="23">
      <mem type="soa" free="178474208" total="797252608" percent="22" />
      <mem type="loa" free="8053760" total="8053760" percent="100" />
    </mem>
    <remembered-set count="133" />
  </mem-info>
</gc-start>
<allocation-stats totalBytes="107312888" >
  <allocated-bytes non-tlh="1590664" tlh="105722224" />
  <largest-consumer threadName="main" threadId="0000000000016F00" bytes="107312888" />
</allocation-stats>
<gc-op id="5456" type="scavenge" timems="87.496" contextid="5453" timestamp="2022-02-08T16:17:37.375">
  <scavenger-info tenureage="1" tenuremask="7ffe" tiltratio="68" />
  <memory-copied type="nursery" objects="1448323" bytes="75506096" bytesdiscarded="287096" />
  <memory-copied type="tenure" objects="1349282" bytes="76493992" bytesdiscarded="42520" />
  <finalization candidates="109" enqueued="53" />
  <references type="soft" candidates="14" cleared="0" enqueued="0" dynamicThreshold="10" maxThreshold="32" />
  <references type="weak" candidates="1" cleared="0" enqueued="0" />
  <references type="phantom" candidates="94" cleared="7" enqueued="7" />
  <object-monitors candidates="2" cleared="0"  />
</gc-op>
<gc-end id="5457" type="scavenge" contextid="5453" durationms="87.672" usertimems="341.431" systemtimems="2.392" stalltimems="5.556" timestamp="2022-02-08T16:17:37.376" activeThreads="4">
  <mem-info id="5458" free="218711528" total="1073741824" percent="20">
    <mem type="nursery" free="108493912" total="268435456" percent="40">
      <mem type="allocate" free="108493912" total="184287232" percent="58" />
      <mem type="survivor" free="0" total="84148224" percent="0" />
    </mem>
    <mem type="tenure" free="110217616" total="805306368" percent="13" macro-fragmented="0">
      <mem type="soa" free="102163856" total="797252608" percent="12" />
      <mem type="loa" free="8053760" total="8053760" percent="100" />
    </mem>
    <pending-finalizers system="52" default="1" reference="7" classloader="0" />
    <remembered-set count="129" />
  </mem-info>
</gc-end>
<cycle-end id="5459" type="scavenge" contextid="5453" timestamp="2022-02-08T16:17:37.376" />
<allocation-satisfied id="5460" threadId="0000000000016F00" bytesRequested="104" />
<af-end id="5461" timestamp="2022-02-08T16:17:37.376" threadId="0000000000017908" success="true" from="nursery"/>
<exclusive-end id="5462" timestamp="2022-02-08T16:17:37.376" durationms="87.944" />

<concurrent-kickoff id="5463" timestamp="2022-02-08T16:17:38.102">
  <kickoff reason="threshold reached" targetBytes="74447738" thresholdFreeBytes="5752079"  remainingFree="5720976" tenureFreeBytes="110217616" nurseryFreeBytes="5720976" />
</concurrent-kickoff>
<exclusive-start id="5464" timestamp="2022-02-08T16:17:38.106" intervalms="818.321">
  <response-info timems="0.025" idlems="0.025" threads="0" lastid="0000000000016F00" lastname="main" />
</exclusive-start>
<cycle-start id="5465" type="global" contextid="0" timestamp="2022-02-08T16:17:38.106" intervalms="3088.653" />
<concurrent-start id="5466" type="global mark" contextid="5465" timestamp="2022-02-08T16:17:38.106">
</concurrent-start>
<exclusive-end id="5467" timestamp="2022-02-08T16:17:38.106" durationms="0.041" />

<exclusive-start id="5468" timestamp="2022-02-08T16:17:38.240" intervalms="134.118">
  <response-info timems="0.023" idlems="0.023" threads="0" lastid="0000000000016F00" lastname="main" />
</exclusive-start>
<af-start id="5469" threadId="0000000000017908" totalBytesRequested="232" timestamp="2022-02-08T16:17:38.240" intervalms="952.432" type="nursery" />
<cycle-start id="5470" type="scavenge" contextid="0" timestamp="2022-02-08T16:17:38.240" intervalms="952.425" />
<gc-start id="5471" type="scavenge" contextid="5470" timestamp="2022-02-08T16:17:38.240">
  <mem-info id="5472" free="110217616" total="1073741824" percent="10">
    <mem type="nursery" free="0" total="268435456" percent="0">
      <mem type="allocate" free="0" total="184287232" percent="0" />
      <mem type="survivor" free="0" total="84148224" percent="0" />
    </mem>
    <mem type="tenure" free="110217616" total="805306368" percent="13">
      <mem type="soa" free="102163856" total="797252608" percent="12" />
      <mem type="loa" free="8053760" total="8053760" percent="100" />
    </mem>
    <remembered-set count="130" />
  </mem-info>
</gc-start>
<allocation-stats totalBytes="108442264" >
  <allocated-bytes non-tlh="1347784" tlh="107094480" />
  <largest-consumer threadName="main" threadId="0000000000016F00" bytes="108434072" />
</allocation-stats>
<gc-op id="5473" type="scavenge" timems="90.466" contextid="5470" timestamp="2022-02-08T16:17:38.331">
  <scavenger-info tenureage="1" tenuremask="7ffe" tiltratio="68" />
  <memory-copied type="nursery" objects="1380130" bytes="77640128" bytesdiscarded="218784" />
  <memory-copied type="tenure" objects="1447604" bytes="74562928" bytesdiscarded="42808" />
  <finalization candidates="57" enqueued="0" />
  <references type="phantom" candidates="1" cleared="0" enqueued="0" />
  <object-monitors candidates="2" cleared="0"  />
</gc-op>
<gc-end id="5474" type="scavenge" contextid="5470" durationms="90.670" usertimems="341.180" systemtimems="0.000" stalltimems="2.141" timestamp="2022-02-08T16:17:38.331" activeThreads="4">
  <mem-info id="5475" free="140386600" total="1073741824" percent="13">
    <mem type="nursery" free="104789920" total="268435456" percent="39">
      <mem type="allocate" free="104789920" total="182648832" percent="57" />
      <mem type="survivor" free="0" total="85786624" percent="0" />
    </mem>
    <mem type="tenure" free="35596680" total="805306368" percent="4" macro-fragmented="0">
      <mem type="soa" free="27542920" total="797252608" percent="3" />
      <mem type="loa" free="8053760" total="8053760" percent="100" />
    </mem>
    <remembered-set count="99" />
  </mem-info>
</gc-end>
<cycle-end id="5476" type="scavenge" contextid="5470" timestamp="2022-02-08T16:17:38.331" />
<allocation-satisfied id="5477" threadId="0000000000016F00" bytesRequested="232" />
<af-end id="5478" timestamp="2022-02-08T16:17:38.331" threadId="0000000000017908" success="true" from="nursery"/>
<exclusive-end id="5479" timestamp="2022-02-08T16:17:38.331" durationms="90.929" />

<concurrent-end id="5480" type="global mark" contextid="5465" timestamp="2022-02-08T16:17:38.466">
<gc-op id="5481" type="trace" timems="360.006" contextid="5465" timestamp="2022-02-08T16:17:38.466">
  <trace bytesTraced="74449832" workStackOverflowCount="0" />
  <card-cleaning reason="card cleaning threshold reached" bytesTraced="808" cardsCleaned="2" />
</gc-op>
</concurrent-end>

<exclusive-start id="5482" timestamp="2022-02-08T16:17:38.466" intervalms="225.979">
  <response-info timems="0.023" idlems="0.023" threads="0" lastid="0000000000016F00" lastname="main" />
</exclusive-start>
<concurrent-global-final id="5483" timestamp="2022-02-08T16:17:38.466" contextid="5465" intervalms="3091.296" >
  <concurrent-trace-info reason="card cleaning threshold reached" tracedByMutators="57804328" tracedByHelpers="16646312" cardsCleaned="2" workStackOverflowCount="0" />
</concurrent-global-final>
<gc-start id="5484" type="global" contextid="5465" timestamp="2022-02-08T16:17:38.466">
  <mem-info id="5485" free="132948032" total="1073741824" percent="12">
    <mem type="nursery" free="97351352" total="268435456" percent="36">
      <mem type="allocate" free="97351352" total="182648832" percent="53" />
      <mem type="survivor" free="0" total="85786624" percent="0" />
    </mem>
    <mem type="tenure" free="35596680" total="805306368" percent="4">
      <mem type="soa" free="27542920" total="797252608" percent="3" />
      <mem type="loa" free="8053760" total="8053760" percent="100" />
    </mem>
    <remembered-set count="99" />
  </mem-info>
</gc-start>
<allocation-stats totalBytes="7435096" >
  <allocated-bytes non-tlh="232" tlh="7434864" />
  <largest-consumer threadName="main" threadId="0000000000016F00" bytes="7435096" />
</allocation-stats>
<gc-op id="5486" type="rs-scan" timems="0.593" contextid="5465" timestamp="2022-02-08T16:17:38.467">
  <scan objectsFound="29" bytesTraced="5124" workStackOverflowCount="0" />
</gc-op>
<gc-op id="5487" type="card-cleaning" timems="155.476" contextid="5465" timestamp="2022-02-08T16:17:38.622">
  <card-cleaning cardsCleaned="9" bytesTraced="71016348" workStackOverflowCount="0" />
</gc-op>
<gc-op id="5488" type="mark" timems="67.770" contextid="5465" timestamp="2022-02-08T16:17:38.690">
  <trace-info objectcount="2120187" scancount="1591668" scanbytes="34023272" />
  <finalization candidates="428" enqueued="57" />
  <ownableSynchronizers candidates="1" cleared="0" />
  <references type="soft" candidates="894" cleared="0" enqueued="0" dynamicThreshold="10" maxThreshold="32" />
  <references type="weak" candidates="1701" cleared="0" enqueued="0" />
  <references type="phantom" candidates="52" cleared="2" enqueued="2" />
  <stringconstants candidates="6471" cleared="0"  />
  <object-monitors candidates="2" cleared="0"  />
</gc-op>
<gc-op id="5489" type="sweep" timems="4.920" contextid="5465" timestamp="2022-02-08T16:17:38.695" />
<gc-end id="5490" type="global" contextid="5465" durationms="228.977" usertimems="282.227" systemtimems="4.597" stalltimems="160.509" timestamp="2022-02-08T16:17:38.695" activeThreads="4">
  <mem-info id="5491" free="376145632" total="1073741824" percent="35">
    <mem type="nursery" free="97661608" total="268435456" percent="36">
      <mem type="allocate" free="97661608" total="182648832" percent="53" />
      <mem type="survivor" free="0" total="85786624" percent="0" />
    </mem>
    <mem type="tenure" free="278484024" total="805306368" percent="34" micro-fragmented="303414" macro-fragmented="0">
      <mem type="soa" free="270430264" total="797252608" percent="33" />
      <mem type="loa" free="8053760" total="8053760" percent="100" />
    </mem>
    <pending-finalizers system="57" default="0" reference="2" classloader="0" />
    <remembered-set count="99" />
  </mem-info>
</gc-end>
<cycle-end id="5492" type="global" contextid="5465" timestamp="2022-02-08T16:17:38.695" />
<exclusive-end id="5493" timestamp="2022-02-08T16:17:38.695" durationms="229.263" />

<exclusive-start id="5494" timestamp="2022-02-08T16:17:39.332" intervalms="865.356">
  <response-info timems="0.019" idlems="0.019" threads="0" lastid="0000000000016F00" lastname="main" />
</exclusive-start>
<af-start id="5495" threadId="0000000000017908" totalBytesRequested="184" timestamp="2022-02-08T16:17:39.332" intervalms="1091.334" type="nursery" />
<cycle-start id="5496" type="scavenge" contextid="0" timestamp="2022-02-08T16:17:39.332" intervalms="1091.334" />
<gc-start id="5497" type="scavenge" contextid="5496" timestamp="2022-02-08T16:17:39.332">
  <mem-info id="5498" free="278484024" total="1073741824" percent="25">
    <mem type="nursery" free="0" total="268435456" percent="0">
      <mem type="allocate" free="0" total="182648832" percent="0" />
      <mem type="survivor" free="0" total="85786624" percent="0" />
    </mem>
    <mem type="tenure" free="278484024" total="805306368" percent="34">
      <mem type="soa" free="270430264" total="797252608" percent="33" />
      <mem type="loa" free="8053760" total="8053760" percent="100" />
    </mem>
    <remembered-set count="102" />
  </mem-info>
</gc-start>
<allocation-stats totalBytes="97616312" >
  <allocated-bytes non-tlh="0" tlh="97616312" />
  <largest-consumer threadName="main" threadId="0000000000016F00" bytes="97612216" />
</allocation-stats>
<gc-op id="5499" type="scavenge" timems="83.882" contextid="5496" timestamp="2022-02-08T16:17:39.416">
  <scavenger-info tenureage="1" tenuremask="7ffe" tiltratio="68" />
  <memory-copied type="nursery" objects="1316675" bytes="74596904" bytesdiscarded="127880" />
  <memory-copied type="tenure" objects="1380129" bytes="77640000" bytesdiscarded="48576" />
  <finalization candidates="1" enqueued="0" />
  <ownableSynchronizers candidates="2" cleared="2" />
  <object-monitors candidates="2" cleared="0"  />
</gc-op>
<gc-end id="5500" type="scavenge" contextid="5496" durationms="84.043" usertimems="330.400" systemtimems="0.000" stalltimems="4.048" timestamp="2022-02-08T16:17:39.416" activeThreads="4">
  <mem-info id="5501" free="308798432" total="1073741824" percent="28">
    <mem type="nursery" free="108317264" total="268435456" percent="40">
      <mem type="allocate" free="108317264" total="183042048" percent="59" />
      <mem type="survivor" free="0" total="85393408" percent="0" />
    </mem>
    <mem type="tenure" free="200481168" total="805306368" percent="24" macro-fragmented="0">
      <mem type="soa" free="192427408" total="797252608" percent="24" />
      <mem type="loa" free="8053760" total="8053760" percent="100" />
    </mem>
    <remembered-set count="102" />
  </mem-info>
</gc-end>
<cycle-end id="5502" type="scavenge" contextid="5496" timestamp="2022-02-08T16:17:39.416" />
<allocation-satisfied id="5503" threadId="0000000000016F00" bytesRequested="184" />
<af-end id="5504" timestamp="2022-02-08T16:17:39.416" threadId="0000000000017908" success="true" from="nursery"/>
<exclusive-end id="5505" timestamp="2022-02-08T16:17:39.416" durationms="84.284" />

<exclusive-start id="5506" timestamp="2022-02-08T16:17:40.336" intervalms="1004.595">
  <response-info timems="0.035" idlems="0.035" threads="0" lastid="0000000000016F00" lastname="main" />
</exclusive-start>
<af-start id="5507" threadId="0000000000017908" totalBytesRequested="240" timestamp="2022-02-08T16:17:40.336" intervalms="1004.625" type="nursery" />
<cycle-start id="5508" type="scavenge" contextid="0" timestamp="2022-02-08T16:17:40.336" intervalms="1004.627" />
<gc-start id="5509" type="scavenge" contextid="5508" timestamp="2022-02-08T16:17:40.336">
  <mem-info id="5510" free="200481168" total="1073741824" percent="18">
    <mem type="nursery" free="0" total="268435456" percent="0">
      <mem type="allocate" free="0" total="183042048" percent="0" />
      <mem type="survivor" free="0" total="85393408" percent="0" />
    </mem>
    <mem type="tenure" free="200481168" total="805306368" percent="24">
      <mem type="soa" free="192427408" total="797252608" percent="24" />
      <mem type="loa" free="8053760" total="8053760" percent="100" />
    </mem>
    <remembered-set count="133" />
  </mem-info>
</gc-start>
<allocation-stats totalBytes="108267712" >
  <allocated-bytes non-tlh="1661328" tlh="106606384" />
  <largest-consumer threadName="main" threadId="0000000000016F00" bytes="108267712" />
</allocation-stats>
<gc-op id="5511" type="scavenge" timems="88.486" contextid="5508" timestamp="2022-02-08T16:17:40.425">
  <scavenger-info tenureage="1" tenuremask="7ffe" tiltratio="68" />
  <memory-copied type="nursery" objects="1488428" bytes="76243584" bytesdiscarded="88736" />
  <memory-copied type="tenure" objects="1316674" bytes="74596800" bytesdiscarded="43504" />
  <finalization candidates="109" enqueued="53" />
  <references type="soft" candidates="14" cleared="0" enqueued="0" dynamicThreshold="11" maxThreshold="32" />
  <references type="weak" candidates="1" cleared="0" enqueued="0" />
  <references type="phantom" candidates="94" cleared="7" enqueued="7" />
  <object-monitors candidates="2" cleared="0"  />
</gc-op>
<gc-end id="5512" type="scavenge" contextid="5508" durationms="88.725" usertimems="350.002" systemtimems="0.000" stalltimems="2.730" timestamp="2022-02-08T16:17:40.425" activeThreads="4">
  <mem-info id="5513" free="232817144" total="1073741824" percent="21">
    <mem type="nursery" free="106971744" total="268435456" percent="39">
      <mem type="allocate" free="106971744" total="183304192" percent="58" />
      <mem type="survivor" free="0" total="85131264" percent="0" />
    </mem>
    <mem type="tenure" free="125845400" total="805306368" percent="15" macro-fragmented="0">
      <mem type="soa" free="117791640" total="797252608" percent="14" />
      <mem type="loa" free="8053760" total="8053760" percent="100" />
    </mem>
    <pending-finalizers system="52" default="1" reference="7" classloader="0" />
    <remembered-set count="129" />
  </mem-info>
</gc-end>
<cycle-end id="5514" type="scavenge" contextid="5508" timestamp="2022-02-08T16:17:40.425" />
<allocation-satisfied id="5515" threadId="0000000000016F00" bytesRequested="240" />
<af-end id="5516" timestamp="2022-02-08T16:17:40.425" threadId="0000000000017908" success="true" from="nursery"/>
<exclusive-end id="5517" timestamp="2022-02-08T16:17:40.425" durationms="89.034" />

<concurrent-kickoff id="5518" timestamp="2022-02-08T16:17:41.138">
  <kickoff reason="threshold reached" targetBytes="74448323" thresholdFreeBytes="5751364"  remainingFree="5653088" tenureFreeBytes="125845400" nurseryFreeBytes="5653088" />
</concurrent-kickoff>
<exclusive-start id="5519" timestamp="2022-02-08T16:17:41.141" intervalms="805.107">
  <response-info timems="0.023" idlems="0.023" threads="0" lastid="0000000000016F00" lastname="main" />
</exclusive-start>
<cycle-start id="5520" type="global" contextid="0" timestamp="2022-02-08T16:17:41.141" intervalms="3035.149" />
<concurrent-start id="5521" type="global mark" contextid="5520" timestamp="2022-02-08T16:17:41.141">
</concurrent-start>
<exclusive-end id="5522" timestamp="2022-02-08T16:17:41.141" durationms="0.034" />

<exclusive-start id="5523" timestamp="2022-02-08T16:17:41.275" intervalms="133.899">
  <response-info timems="0.022" idlems="0.022" threads="0" lastid="0000000000016F00" lastname="main" />
</exclusive-start>
<af-start id="5524" threadId="0000000000017908" totalBytesRequested="184" timestamp="2022-02-08T16:17:41.275" intervalms="938.974" type="nursery" />
<cycle-start id="5525" type="scavenge" contextid="0" timestamp="2022-02-08T16:17:41.275" intervalms="938.971" />
<gc-start id="5526" type="scavenge" contextid="5525" timestamp="2022-02-08T16:17:41.275">
  <mem-info id="5527" free="125845400" total="1073741824" percent="11">
    <mem type="nursery" free="0" total="268435456" percent="0">
      <mem type="allocate" free="0" total="183304192" percent="0" />
      <mem type="survivor" free="0" total="85131264" percent="0" />
    </mem>
    <mem type="tenure" free="125845400" total="805306368" percent="15">
      <mem type="soa" free="117791640" total="797252608" percent="14" />
      <mem type="loa" free="8053760" total="8053760" percent="100" />
    </mem>
    <remembered-set count="130" />
  </mem-info>
</gc-start>
<allocation-stats totalBytes="106919416" >
  <allocated-bytes non-tlh="1347920" tlh="105571496" />
  <largest-consumer threadName="main" threadId="0000000000016F00" bytes="106911224" />
</allocation-stats>
<gc-op id="5528" type="scavenge" timems="83.767" contextid="5525" timestamp="2022-02-08T16:17:41.359">
  <scavenger-info tenureage="1" tenuremask="7ffe" tiltratio="68" />
  <memory-copied type="nursery" objects="1338326" bytes="76515664" bytesdiscarded="340240" />
  <memory-copied type="tenure" objects="1487708" bytes="75300288" bytesdiscarded="36984" />
  <finalization candidates="57" enqueued="0" />
  <references type="phantom" candidates="1" cleared="0" enqueued="0" />
  <object-monitors candidates="2" cleared="0"  />
</gc-op>
<gc-end id="5529" type="scavenge" contextid="5525" durationms="83.982" usertimems="330.786" systemtimems="0.000" stalltimems="3.626" timestamp="2022-02-08T16:17:41.359" activeThreads="4">
  <mem-info id="5530" free="157509776" total="1073741824" percent="14">
    <mem type="nursery" free="106841504" total="268435456" percent="39">
      <mem type="allocate" free="106841504" total="183697408" percent="58" />
      <mem type="survivor" free="0" total="84738048" percent="0" />
    </mem>
    <mem type="tenure" free="50668272" total="805306368" percent="6" macro-fragmented="27735676">
      <mem type="soa" free="42614512" total="797252608" percent="5" />
      <mem type="loa" free="8053760" total="8053760" percent="100" />
    </mem>
    <remembered-set count="99" />
  </mem-info>
</gc-end>
<cycle-end id="5531" type="scavenge" contextid="5525" timestamp="2022-02-08T16:17:41.359" />
<allocation-satisfied id="5532" threadId="0000000000016F00" bytesRequested="184" />
<af-end id="5533" timestamp="2022-02-08T16:17:41.359" threadId="0000000000017908" success="true" from="nursery"/>
<exclusive-end id="5534" timestamp="2022-02-08T16:17:41.359" durationms="84.246" />

<concurrent-end id="5535" type="global mark" contextid="5520" timestamp="2022-02-08T16:17:41.483">
<gc-op id="5536" type="trace" timems="341.672" contextid="5520" timestamp="2022-02-08T16:17:41.483">
  <trace bytesTraced="74449976" workStackOverflowCount="0" />
  <card-cleaning reason="card cleaning threshold reached" bytesTraced="808" cardsCleaned="2" />
</gc-op>
</concurrent-end>

<exclusive-start id="5537" timestamp="2022-02-08T16:17:41.483" intervalms="207.847">
  <response-info timems="0.018" idlems="0.018" threads="0" lastid="0000000000016F00" lastname="main" />
</exclusive-start>
<concurrent-global-final id="5538" timestamp="2022-02-08T16:17:41.483" contextid="5520" intervalms="3016.800" >
  <concurrent-trace-info reason="card cleaning threshold reached" tracedByMutators="59031364" tracedByHelpers="15419420" cardsCleaned="2" workStackOverflowCount="0" />
</concurrent-global-final>
<gc-start id="5539" type="global" contextid="5520" timestamp="2022-02-08T16:17:41.483">
  <mem-info id="5540" free="149678040" total="1073741824" percent="13">
    <mem type="nursery" free="99009768" total="268435456" percent="36">
      <mem type="allocate" free="99009768" total="183697408" percent="53" />
      <mem type="survivor" free="0" total="84738048" percent="0" />
    </mem>
    <mem type="tenure" free="50668272" total="805306368" percent="6">
      <mem type="soa" free="42614512" total="797252608" percent="5" />
      <mem type="loa" free="8053760" total="8053760" percent="100" />
    </mem>
    <remembered-set count="99" />
  </mem-info>
</gc-start>
<allocation-stats totalBytes="7828168" >
  <allocated-bytes non-tlh="184" tlh="7827984" />
  <largest-consumer threadName="main" threadId="0000000000016F00" bytes="7828168" />
</allocation-stats>
<gc-op id="5541" type="rs-scan" timems="0.623" contextid="5520" timestamp="2022-02-08T16:17:41.484">
  <scan objectsFound="29" bytesTraced="5124" workStackOverflowCount="0" />
</gc-op>
<gc-op id="5542" type="card-cleaning" timems="156.292" contextid="5520" timestamp="2022-02-08T16:17:41.640">
  <card-cleaning cardsCleaned="9" bytesTraced="71016412" workStackOverflowCount="0" />
</gc-op>
<gc-op id="5543" type="mark" timems="50.958" contextid="5520" timestamp="2022-02-08T16:17:41.691">
  <trace-info objectcount="1838031" scancount="1380051" scanbytes="29508776" />
  <finalization candidates="428" enqueued="57" />
  <ownableSynchronizers candidates="1" cleared="0" />
  <references type="soft" candidates="894" cleared="0" enqueued="0" dynamicThreshold="11" maxThreshold="32" />
  <references type="weak" candidates="1701" cleared="0" enqueued="0" />
  <references type="phantom" candidates="52" cleared="2" enqueued="2" />
  <stringconstants candidates="6471" cleared="0"  />
  <object-monitors candidates="2" cleared="0"  />
</gc-op>
<gc-op id="5544" type="sweep" timems="4.808" contextid="5520" timestamp="2022-02-08T16:17:41.696" />
<gc-end id="5545" type="global" contextid="5520" durationms="212.878" usertimems="227.145" systemtimems="0.000" stalltimems="152.150" timestamp="2022-02-08T16:17:41.696" activeThreads="4">
  <mem-info id="5546" free="392997640" total="1073741824" percent="36">
    <mem type="nursery" free="99443464" total="268435456" percent="37">
      <mem type="allocate" free="99443464" total="183697408" percent="54" />
      <mem type="survivor" free="0" total="84738048" percent="0" />
    </mem>
    <mem type="tenure" free="293554176" total="805306368" percent="36" micro-fragmented="332742" macro-fragmented="0">
      <mem type="soa" free="285500416" total="797252608" percent="35" />
      <mem type="loa" free="8053760" total="8053760" percent="100" />
    </mem>
    <pending-finalizers system="57" default="0" reference="2" classloader="0" />
    <remembered-set count="99" />
  </mem-info>
</gc-end>
<cycle-end id="5547" type="global" contextid="5520" timestamp="2022-02-08T16:17:41.696" />
<exclusive-end id="5548" timestamp="2022-02-08T16:17:41.696" durationms="213.071" />

<exclusive-start id="5549" timestamp="2022-02-08T16:17:42.364" intervalms="881.148">
  <response-info timems="0.020" idlems="0.020" threads="0" lastid="0000000000016F00" lastname="main" />
</exclusive-start>
<af-start id="5550" threadId="0000000000017908" totalBytesRequested="184" timestamp="2022-02-08T16:17:42.364" intervalms="1088.996" type="nursery" />
<cycle-start id="5551" type="scavenge" contextid="0" timestamp="2022-02-08T16:17:42.364" intervalms="1088.998" />
<gc-start id="5552" type="scavenge" contextid="5551" timestamp="2022-02-08T16:17:42.364">
  <mem-info id="5553" free="293554176" total="1073741824" percent="27">
    <mem type="nursery" free="0" total="268435456" percent="0">
      <mem type="allocate" free="0" total="183697408" percent="0" />
      <mem type="survivor" free="0" total="84738048" percent="0" />
    </mem>
    <mem type="tenure" free="293554176" total="805306368" percent="36">
      <mem type="soa" free="285500416" total="797252608" percent="35" />
      <mem type="loa" free="8053760" total="8053760" percent="100" />
    </mem>
    <remembered-set count="102" />
  </mem-info>
</gc-start>
<allocation-stats totalBytes="99398848" >
  <allocated-bytes non-tlh="0" tlh="99398848" />
  <largest-consumer threadName="main" threadId="0000000000016F00" bytes="99394752" />
</allocation-stats>
<gc-op id="5554" type="scavenge" timems="93.854" contextid="5551" timestamp="2022-02-08T16:17:42.458">
  <scavenger-info tenureage="1" tenuremask="7ffe" tiltratio="68" />
  <memory-copied type="nursery" objects="1354931" bytes="76175536" bytesdiscarded="340464" />
  <memory-copied type="tenure" objects="1338325" bytes="76515560" bytesdiscarded="48800" />
  <finalization candidates="1" enqueued="0" />
  <ownableSynchronizers candidates="2" cleared="2" />
  <object-monitors candidates="2" cleared="0"  />
</gc-op>
<gc-end id="5555" type="scavenge" contextid="5551" durationms="94.067" usertimems="371.385" systemtimems="0.604" stalltimems="2.162" timestamp="2022-02-08T16:17:42.458" activeThreads="4">
  <mem-info id="5556" free="324547464" total="1073741824" percent="30">
    <mem type="nursery" free="107640160" total="268435456" percent="40">
      <mem type="allocate" free="107640160" total="184156160" percent="58" />
      <mem type="survivor" free="0" total="84279296" percent="0" />
    </mem>
    <mem type="tenure" free="216907304" total="805306368" percent="26" macro-fragmented="1500163">
      <mem type="soa" free="208853544" total="797252608" percent="26" />
      <mem type="loa" free="8053760" total="8053760" percent="100" />
    </mem>
    <remembered-set count="102" />
  </mem-info>
</gc-end>
<cycle-end id="5557" type="scavenge" contextid="5551" timestamp="2022-02-08T16:17:42.458" />
<allocation-satisfied id="5558" threadId="0000000000016F00" bytesRequested="184" />
<af-end id="5559" timestamp="2022-02-08T16:17:42.458" threadId="0000000000017908" success="true" from="nursery"/>
<exclusive-end id="5560" timestamp="2022-02-08T16:17:42.458" durationms="94.314" />

<exclusive-start id="5561" timestamp="2022-02-08T16:17:43.348" intervalms="983.952">
  <response-info timems="0.019" idlems="0.019" threads="0" lastid="0000000000016F00" lastname="main" />
</exclusive-start>
<af-start id="5562" threadId="0000000000017908" totalBytesRequested="24" timestamp="2022-02-08T16:17:43.348" intervalms="983.952" type="nursery" />
<cycle-start id="5563" type="scavenge" contextid="0" timestamp="2022-02-08T16:17:43.348" intervalms="983.950" />
<gc-start id="5564" type="scavenge" contextid="5563" timestamp="2022-02-08T16:17:43.348">
  <mem-info id="5565" free="216907304" total="1073741824" percent="20">
    <mem type="nursery" free="0" total="268435456" percent="0">
      <mem type="allocate" free="0" total="184156160" percent="0" />
      <mem type="survivor" free="0" total="84279296" percent="0" />
    </mem>
    <mem type="tenure" free="216907304" total="805306368" percent="26">
      <mem type="soa" free="208853544" total="797252608" percent="26" />
      <mem type="loa" free="8053760" total="8053760" percent="100" />
    </mem>
    <remembered-set count="133" />
  </mem-info>
</gc-start>
<allocation-stats totalBytes="107596392" >
  <allocated-bytes non-tlh="1186200" tlh="106410192" />
  <largest-consumer threadName="main" threadId="0000000000016F00" bytes="107596392" />
</allocation-stats>
<gc-op id="5566" type="scavenge" timems="85.928" contextid="5563" timestamp="2022-02-08T16:17:43.434">
  <scavenger-info tenureage="1" tenuremask="7ffe" tiltratio="68" />
  <memory-copied type="nursery" objects="1484216" bytes="75777048" bytesdiscarded="91464" />
  <memory-copied type="tenure" objects="1354930" bytes="76175432" bytesdiscarded="41896" />
  <finalization candidates="108" enqueued="53" />
  <references type="soft" candidates="14" cleared="0" enqueued="0" dynamicThreshold="11" maxThreshold="32" />
  <references type="weak" candidates="1" cleared="0" enqueued="0" />
  <references type="phantom" candidates="93" cleared="7" enqueued="7" />
  <object-monitors candidates="2" cleared="0"  />
</gc-op>
<gc-end id="5567" type="scavenge" contextid="5563" durationms="86.183" usertimems="339.133" systemtimems="0.000" stalltimems="3.932" timestamp="2022-02-08T16:17:43.434" activeThreads="4">
  <mem-info id="5568" free="249294840" total="1073741824" percent="23">
    <mem type="nursery" free="108680736" total="268435456" percent="40">
      <mem type="allocate" free="108680736" total="184549376" percent="58" />
      <mem type="survivor" free="0" total="83886080" percent="0" />
    </mem>
    <mem type="tenure" free="140614104" total="805306368" percent="17" macro-fragmented="0">
      <mem type="soa" free="132560344" total="797252608" percent="16" />
      <mem type="loa" free="8053760" total="8053760" percent="100" />
    </mem>
    <pending-finalizers system="52" default="1" reference="7" classloader="0" />
    <remembered-set count="129" />
  </mem-info>
</gc-end>
<cycle-end id="5569" type="scavenge" contextid="5563" timestamp="2022-02-08T16:17:43.434" />
<allocation-satisfied id="5570" threadId="0000000000016F00" bytesRequested="24" />
<af-end id="5571" timestamp="2022-02-08T16:17:43.435" threadId="0000000000017908" success="true" from="nursery"/>
<exclusive-end id="5572" timestamp="2022-02-08T16:17:43.435" durationms="86.433" />

<concurrent-kickoff id="5573" timestamp="2022-02-08T16:17:44.153">
  <kickoff reason="threshold reached" targetBytes="74448817" thresholdFreeBytes="5750646"  remainingFree="5694896" tenureFreeBytes="140614104" nurseryFreeBytes="5694896" />
</concurrent-kickoff>
<exclusive-start id="5574" timestamp="2022-02-08T16:17:44.161" intervalms="813.420">
  <response-info timems="0.019" idlems="0.019" threads="0" lastid="0000000000016F00" lastname="main" />
</exclusive-start>
<cycle-start id="5575" type="global" contextid="0" timestamp="2022-02-08T16:17:44.162" intervalms="3020.272" />
<concurrent-start id="5576" type="global mark" contextid="5575" timestamp="2022-02-08T16:17:44.162">
</concurrent-start>
<exclusive-end id="5577" timestamp="2022-02-08T16:17:44.162" durationms="0.042" />

<exclusive-start id="5578" timestamp="2022-02-08T16:17:44.237" intervalms="75.482">
  <response-info timems="0.022" idlems="0.022" threads="0" lastid="0000000000016F00" lastname="main" />
</exclusive-start>
<af-start id="5579" threadId="0000000000017908" totalBytesRequested="184" timestamp="2022-02-08T16:17:44.237" intervalms="888.902" type="nursery" />
<cycle-start id="5580" type="scavenge" contextid="0" timestamp="2022-02-08T16:17:44.237" intervalms="888.903" />
<gc-start id="5581" type="scavenge" contextid="5580" timestamp="2022-02-08T16:17:44.237">
  <mem-info id="5582" free="140614104" total="1073741824" percent="13">
    <mem type="nursery" free="0" total="268435456" percent="0">
      <mem type="allocate" free="0" total="184549376" percent="0" />
      <mem type="survivor" free="0" total="83886080" percent="0" />
    </mem>
    <mem type="tenure" free="140614104" total="805306368" percent="17">
      <mem type="soa" free="132560344" total="797252608" percent="16" />
      <mem type="loa" free="8053760" total="8053760" percent="100" />
    </mem>
    <remembered-set count="130" />
  </mem-info>
</gc-start>
<allocation-stats totalBytes="108626144" >
  <allocated-bytes non-tlh="1822832" tlh="106803312" />
  <largest-consumer threadName="main" threadId="0000000000016F00" bytes="108617952" />
</allocation-stats>
<gc-op id="5583" type="scavenge" timems="88.228" contextid="5580" timestamp="2022-02-08T16:17:44.325">
  <scavenger-info tenureage="1" tenuremask="7ffe" tiltratio="68" />
  <memory-copied type="nursery" objects="1355505" bytes="77414376" bytesdiscarded="168056" />
  <memory-copied type="tenure" objects="1483497" bytes="75139288" bytesdiscarded="41552" />
  <finalization candidates="57" enqueued="0" />
  <references type="phantom" candidates="2" cleared="0" enqueued="0" />
  <object-monitors candidates="2" cleared="0"  />
</gc-op>
<gc-end id="5584" type="scavenge" contextid="5580" durationms="88.614" usertimems="344.840" systemtimems="0.000" stalltimems="3.315" timestamp="2022-02-08T16:17:44.326" activeThreads="4">
  <mem-info id="5585" free="171140296" total="1073741824" percent="15">
    <mem type="nursery" free="105721760" total="268435456" percent="39">
      <mem type="allocate" free="105721760" total="183304192" percent="57" />
      <mem type="survivor" free="0" total="85131264" percent="0" />
    </mem>
    <mem type="tenure" free="65418536" total="805306368" percent="8" macro-fragmented="0">
      <mem type="soa" free="57364776" total="797252608" percent="7" />
      <mem type="loa" free="8053760" total="8053760" percent="100" />
    </mem>
    <remembered-set count="99" />
  </mem-info>
</gc-end>
<cycle-end id="5586" type="scavenge" contextid="5580" timestamp="2022-02-08T16:17:44.326" />
<allocation-satisfied id="5587" threadId="0000000000016F00" bytesRequested="184" />
<af-end id="5588" timestamp="2022-02-08T16:17:44.326" threadId="0000000000017908" success="true" from="nursery"/>
<exclusive-end id="5589" timestamp="2022-02-08T16:17:44.326" durationms="88.935" />

<concurrent-end id="5590" type="global mark" contextid="5575" timestamp="2022-02-08T16:17:44.547">
<gc-op id="5591" type="trace" timems="385.764" contextid="5575" timestamp="2022-02-08T16:17:44.547">
  <trace bytesTraced="74450248" workStackOverflowCount="0" />
  <card-cleaning reason="card cleaning threshold reached" bytesTraced="808" cardsCleaned="2" />
</gc-op>
</concurrent-end>

<exclusive-start id="5592" timestamp="2022-02-08T16:17:44.547" intervalms="310.378">
  <response-info timems="0.024" idlems="0.024" threads="0" lastid="0000000000016F00" lastname="main" />
</exclusive-start>
<concurrent-global-final id="5593" timestamp="2022-02-08T16:17:44.547" contextid="5575" intervalms="3064.391" >
  <concurrent-trace-info reason="card cleaning threshold reached" tracedByMutators="51264212" tracedByHelpers="23186844" cardsCleaned="2" workStackOverflowCount="0" />
</concurrent-global-final>
<gc-start id="5594" type="global" contextid="5575" timestamp="2022-02-08T16:17:44.547">
  <mem-info id="5595" free="156361744" total="1073741824" percent="14">
    <mem type="nursery" free="90943208" total="268435456" percent="33">
      <mem type="allocate" free="90943208" total="183304192" percent="49" />
      <mem type="survivor" free="0" total="85131264" percent="0" />
    </mem>
    <mem type="tenure" free="65418536" total="805306368" percent="8">
      <mem type="soa" free="57364776" total="797252608" percent="7" />
      <mem type="loa" free="8053760" total="8053760" percent="100" />
    </mem>
    <remembered-set count="99" />
  </mem-info>
</gc-start>
<allocation-stats totalBytes="14770568" >
  <allocated-bytes non-tlh="184" tlh="14770384" />
  <largest-consumer threadName="main" threadId="0000000000016F00" bytes="14770568" />
</allocation-stats>
<gc-op id="5596" type="rs-scan" timems="0.917" contextid="5575" timestamp="2022-02-08T16:17:44.548">
  <scan objectsFound="29" bytesTraced="5124" workStackOverflowCount="0" />
</gc-op>
<gc-op id="5597" type="card-cleaning" timems="153.081" contextid="5575" timestamp="2022-02-08T16:17:44.701">
  <card-cleaning cardsCleaned="9" bytesTraced="71016348" workStackOverflowCount="0" />
</gc-op>
<gc-op id="5598" type="mark" timems="59.674" contextid="5575" timestamp="2022-02-08T16:17:44.761">
  <trace-info objectcount="1684067" scancount="1264578" scanbytes="27045352" />
  <finalization candidates="428" enqueued="57" />
  <ownableSynchronizers candidates="1" cleared="0" />
  <references type="soft" candidates="894" cleared="0" enqueued="0" dynamicThreshold="11" maxThreshold="32" />
  <references type="weak" candidates="1701" cleared="0" enqueued="0" />
  <references type="phantom" candidates="52" cleared="2" enqueued="2" />
  <stringconstants candidates="6471" cleared="0"  />
  <object-monitors candidates="2" cleared="0"  />
</gc-op>
<gc-op id="5599" type="sweep" timems="6.214" contextid="5575" timestamp="2022-02-08T16:17:44.767" />
<gc-end id="5600" type="global" contextid="5575" durationms="220.080" usertimems="279.981" systemtimems="0.000" stalltimems="139.421" timestamp="2022-02-08T16:17:44.768" activeThreads="4">
  <mem-info id="5601" free="399535424" total="1073741824" percent="37">
    <mem type="nursery" free="91201176" total="268435456" percent="33">
      <mem type="allocate" free="91201176" total="183304192" percent="49" />
      <mem type="survivor" free="0" total="85131264" percent="0" />
    </mem>
    <mem type="tenure" free="308334248" total="805306368" percent="38" micro-fragmented="277483" macro-fragmented="0">
      <mem type="soa" free="300280488" total="797252608" percent="37" />
      <mem type="loa" free="8053760" total="8053760" percent="100" />
    </mem>
    <pending-finalizers system="57" default="0" reference="2" classloader="0" />
    <remembered-set count="99" />
  </mem-info>
</gc-end>
<cycle-end id="5602" type="global" contextid="5575" timestamp="2022-02-08T16:17:44.768" />
<exclusive-end id="5603" timestamp="2022-02-08T16:17:44.768" durationms="220.303" />

<exclusive-start id="5604" timestamp="2022-02-08T16:17:45.384" intervalms="836.553">
  <response-info timems="0.021" idlems="0.021" threads="0" lastid="0000000000016F00" lastname="main" />
</exclusive-start>
<af-start id="5605" threadId="0000000000017908" totalBytesRequested="184" timestamp="2022-02-08T16:17:45.384" intervalms="1146.943" type="nursery" />
<cycle-start id="5606" type="scavenge" contextid="0" timestamp="2022-02-08T16:17:45.384" intervalms="1146.944" />
<gc-start id="5607" type="scavenge" contextid="5606" timestamp="2022-02-08T16:17:45.384">
  <mem-info id="5608" free="308334248" total="1073741824" percent="28">
    <mem type="nursery" free="0" total="268435456" percent="0">
      <mem type="allocate" free="0" total="183304192" percent="0" />
      <mem type="survivor" free="0" total="85131264" percent="0" />
    </mem>
    <mem type="tenure" free="308334248" total="805306368" percent="38">
      <mem type="soa" free="300280488" total="797252608" percent="37" />
      <mem type="loa" free="8053760" total="8053760" percent="100" />
    </mem>
    <remembered-set count="102" />
  </mem-info>
</gc-start>
<allocation-stats totalBytes="91157320" >
  <allocated-bytes non-tlh="0" tlh="91157320" />
  <largest-consumer threadName="main" threadId="0000000000016F00" bytes="91153224" />
</allocation-stats>
<gc-op id="5609" type="scavenge" timems="99.591" contextid="5606" timestamp="2022-02-08T16:17:45.484">
  <scavenger-info tenureage="1" tenuremask="7ffe" tiltratio="68" />
  <memory-copied type="nursery" objects="1336847" bytes="75257976" bytesdiscarded="203440" />
  <memory-copied type="tenure" objects="1355504" bytes="77414272" bytesdiscarded="48744" />
  <finalization candidates="2" enqueued="0" />
  <ownableSynchronizers candidates="2" cleared="2" />
  <object-monitors candidates="2" cleared="0"  />
</gc-op>
<gc-end id="5610" type="scavenge" contextid="5606" durationms="99.785" usertimems="334.136" systemtimems="0.000" stalltimems="3.658" timestamp="2022-02-08T16:17:45.484" activeThreads="4">
  <mem-info id="5611" free="338869472" total="1073741824" percent="31">
    <mem type="nursery" free="108170456" total="268435456" percent="40">
      <mem type="allocate" free="108170456" total="183631872" percent="58" />
      <mem type="survivor" free="0" total="84803584" percent="0" />
    </mem>
    <mem type="tenure" free="230699016" total="805306368" percent="28" macro-fragmented="0">
      <mem type="soa" free="222645256" total="797252608" percent="27" />
      <mem type="loa" free="8053760" total="8053760" percent="100" />
    </mem>
    <remembered-set count="102" />
  </mem-info>
</gc-end>
<cycle-end id="5612" type="scavenge" contextid="5606" timestamp="2022-02-08T16:17:45.484" />
<allocation-satisfied id="5613" threadId="0000000000016F00" bytesRequested="184" />
<af-end id="5614" timestamp="2022-02-08T16:17:45.484" threadId="0000000000017908" success="true" from="nursery"/>
<exclusive-end id="5615" timestamp="2022-02-08T16:17:45.484" durationms="100.037" />

<exclusive-start id="5616" timestamp="2022-02-08T16:17:46.210" intervalms="826.188">
  <response-info timems="0.019" idlems="0.019" threads="0" lastid="0000000000016F00" lastname="main" />
</exclusive-start>
<af-start id="5617" threadId="0000000000017908" totalBytesRequested="144" timestamp="2022-02-08T16:17:46.210" intervalms="826.177" type="nursery" />
<cycle-start id="5618" type="scavenge" contextid="0" timestamp="2022-02-08T16:17:46.210" intervalms="826.184" />
<gc-start id="5619" type="scavenge" contextid="5618" timestamp="2022-02-08T16:17:46.210">
  <mem-info id="5620" free="230699016" total="1073741824" percent="21">
    <mem type="nursery" free="0" total="268435456" percent="0">
      <mem type="allocate" free="0" total="183631872" percent="0" />
      <mem type="survivor" free="0" total="84803584" percent="0" />
    </mem>
    <mem type="tenure" free="230699016" total="805306368" percent="28">
      <mem type="soa" free="222645256" total="797252608" percent="27" />
      <mem type="loa" free="8053760" total="8053760" percent="100" />
    </mem>
    <remembered-set count="116" />
  </mem-info>
</gc-start>
<allocation-stats totalBytes="108121064" >
  <allocated-bytes non-tlh="453888" tlh="107667176" />
  <largest-consumer threadName="main" threadId="0000000000016F00" bytes="108121064" />
</allocation-stats>
<gc-op id="5621" type="scavenge" timems="75.592" contextid="5618" timestamp="2022-02-08T16:17:46.286">
  <scavenger-info tenureage="1" tenuremask="7ffe" tiltratio="68" />
  <memory-copied type="nursery" objects="1361256" bytes="76990048" bytesdiscarded="141504" />
  <memory-copied type="tenure" objects="1336846" bytes="75257872" bytesdiscarded="44568" />
  <finalization candidates="30" enqueued="18" />
  <references type="phantom" candidates="30" cleared="0" enqueued="0" />
  <object-monitors candidates="2" cleared="0"  />
</gc-op>
<gc-end id="5622" type="scavenge" contextid="5618" durationms="75.865" usertimems="298.034" systemtimems="0.508" stalltimems="2.857" timestamp="2022-02-08T16:17:46.286" activeThreads="4">
  <mem-info id="5623" free="261730296" total="1073741824" percent="24">
    <mem type="nursery" free="106303712" total="268435456" percent="39">
      <mem type="allocate" free="106303712" total="183435264" percent="57" />
      <mem type="survivor" free="0" total="85000192" percent="0" />
    </mem>
    <mem type="tenure" free="155426584" total="805306368" percent="19" macro-fragmented="0">
      <mem type="soa" free="147372824" total="797252608" percent="18" />
      <mem type="loa" free="8053760" total="8053760" percent="100" />
    </mem>
    <pending-finalizers system="18" default="0" reference="0" classloader="0" />
    <remembered-set count="116" />
  </mem-info>
</gc-end>
<cycle-end id="5624" type="scavenge" contextid="5618" timestamp="2022-02-08T16:17:46.286" />
<allocation-satisfied id="5625" threadId="0000000000016F00" bytesRequested="144" />
<af-end id="5626" timestamp="2022-02-08T16:17:46.286" threadId="0000000000017908" success="true" from="nursery"/>
<exclusive-end id="5627" timestamp="2022-02-08T16:17:46.286" durationms="76.239" />

<concurrent-kickoff id="5628" timestamp="2022-02-08T16:17:47.160">
  <kickoff reason="threshold reached" targetBytes="74449268" thresholdFreeBytes="5744530"  remainingFree="5705952" tenureFreeBytes="155426584" nurseryFreeBytes="5705952" />
</concurrent-kickoff>
<exclusive-start id="5629" timestamp="2022-02-08T16:17:47.163" intervalms="952.912">
  <response-info timems="0.023" idlems="0.023" threads="0" lastid="0000000000016F00" lastname="main" />
</exclusive-start>
<cycle-start id="5630" type="global" contextid="0" timestamp="2022-02-08T16:17:47.163" intervalms="3001.505" />
<concurrent-start id="5631" type="global mark" contextid="5630" timestamp="2022-02-08T16:17:47.163">
</concurrent-start>
<exclusive-end id="5632" timestamp="2022-02-08T16:17:47.163" durationms="0.031" />

<exclusive-start id="5633" timestamp="2022-02-08T16:17:47.289" intervalms="126.018">
  <response-info timems="0.055" idlems="0.055" threads="0" lastid="0000000000016F00" lastname="main" />
</exclusive-start>
<af-start id="5634" threadId="0000000000017908" totalBytesRequested="104" timestamp="2022-02-08T16:17:47.289" intervalms="1078.932" type="nursery" />
<cycle-start id="5635" type="scavenge" contextid="0" timestamp="2022-02-08T16:17:47.289" intervalms="1078.926" />
<gc-start id="5636" type="scavenge" contextid="5635" timestamp="2022-02-08T16:17:47.289">
  <mem-info id="5637" free="155426584" total="1073741824" percent="14">
    <mem type="nursery" free="0" total="268435456" percent="0">
      <mem type="allocate" free="0" total="183435264" percent="0" />
      <mem type="survivor" free="0" total="85000192" percent="0" />
    </mem>
    <mem type="tenure" free="155426584" total="805306368" percent="19">
      <mem type="soa" free="147372824" total="797252608" percent="18" />
      <mem type="loa" free="8053760" total="8053760" percent="100" />
    </mem>
    <remembered-set count="133" />
  </mem-info>
</gc-start>
<allocation-stats totalBytes="106257728" >
  <allocated-bytes non-tlh="2387888" tlh="103869840" />
  <largest-consumer threadName="main" threadId="0000000000016F00" bytes="106253632" />
</allocation-stats>
<gc-op id="5638" type="scavenge" timems="81.409" contextid="5635" timestamp="2022-02-08T16:17:47.371">
  <scavenger-info tenureage="1" tenuremask="7ffe" tiltratio="68" />
  <memory-copied type="nursery" objects="1413994" bytes="75031608" bytesdiscarded="41712" />
  <memory-copied type="tenure" objects="1360956" bytes="76377224" bytesdiscarded="43376" />
  <finalization candidates="92" enqueued="35" />
  <references type="soft" candidates="14" cleared="0" enqueued="0" dynamicThreshold="12" maxThreshold="32" />
  <references type="weak" candidates="1" cleared="0" enqueued="0" />
  <references type="phantom" candidates="77" cleared="7" enqueued="7" />
  <object-monitors candidates="2" cleared="0"  />
</gc-op>
<gc-end id="5639" type="scavenge" contextid="5635" durationms="81.725" usertimems="321.927" systemtimems="0.000" stalltimems="2.985" timestamp="2022-02-08T16:17:47.371" activeThreads="4">
  <mem-info id="5640" free="187659240" total="1073741824" percent="17">
    <mem type="nursery" free="108689496" total="268435456" percent="40">
      <mem type="allocate" free="108689496" total="183762944" percent="59" />
      <mem type="survivor" free="0" total="84672512" percent="0" />
    </mem>
    <mem type="tenure" free="78969744" total="805306368" percent="9" macro-fragmented="33282812">
      <mem type="soa" free="70915984" total="797252608" percent="8" />
      <mem type="loa" free="8053760" total="8053760" percent="100" />
    </mem>
    <pending-finalizers system="34" default="1" reference="7" classloader="0" />
    <remembered-set count="118" />
  </mem-info>
</gc-end>
<cycle-end id="5641" type="scavenge" contextid="5635" timestamp="2022-02-08T16:17:47.371" />
<allocation-satisfied id="5642" threadId="0000000000016F00" bytesRequested="104" />
<af-end id="5643" timestamp="2022-02-08T16:17:47.371" threadId="0000000000017908" success="true" from="nursery"/>
<exclusive-end id="5644" timestamp="2022-02-08T16:17:47.371" durationms="82.067" />

<concurrent-end id="5645" type="global mark" contextid="5630" timestamp="2022-02-08T16:17:47.502">
<gc-op id="5646" type="trace" timems="338.664" contextid="5630" timestamp="2022-02-08T16:17:47.502">
  <trace bytesTraced="74450552" workStackOverflowCount="0" />
  <card-cleaning reason="card cleaning threshold reached" bytesTraced="808" cardsCleaned="2" />
</gc-op>
</concurrent-end>

<exclusive-start id="5647" timestamp="2022-02-08T16:17:47.502" intervalms="212.751">
  <response-info timems="0.019" idlems="0.019" threads="0" lastid="0000000000016F00" lastname="main" />
</exclusive-start>
<concurrent-global-final id="5648" timestamp="2022-02-08T16:17:47.502" contextid="5630" intervalms="2954.425" >
  <concurrent-trace-info reason="card cleaning threshold reached" tracedByMutators="58029708" tracedByHelpers="16421652" cardsCleaned="2" workStackOverflowCount="0" />
</concurrent-global-final>
<gc-start id="5649" type="global" contextid="5630" timestamp="2022-02-08T16:17:47.502">
  <mem-info id="5650" free="179950464" total="1073741824" percent="16">
    <mem type="nursery" free="100980720" total="268435456" percent="37">
      <mem type="allocate" free="100980720" total="183762944" percent="54" />
      <mem type="survivor" free="0" total="84672512" percent="0" />
    </mem>
    <mem type="tenure" free="78969744" total="805306368" percent="9">
      <mem type="soa" free="70915984" total="797252608" percent="8" />
      <mem type="loa" free="8053760" total="8053760" percent="100" />
    </mem>
    <remembered-set count="119" />
  </mem-info>
</gc-start>
<allocation-stats totalBytes="7705368" >
  <allocated-bytes non-tlh="104" tlh="7705264" />
  <largest-consumer threadName="main" threadId="0000000000016F00" bytes="7697176" />
</allocation-stats>
<gc-op id="5651" type="rs-scan" timems="136.824" contextid="5630" timestamp="2022-02-08T16:17:47.639">
  <scan objectsFound="3324749" bytesTraced="71019376" workStackOverflowCount="0" />
</gc-op>
<gc-op id="5652" type="card-cleaning" timems="0.335" contextid="5630" timestamp="2022-02-08T16:17:47.639">
  <card-cleaning cardsCleaned="3" bytesTraced="984" workStackOverflowCount="0" />
</gc-op>
<gc-op id="5653" type="mark" timems="35.265" contextid="5630" timestamp="2022-02-08T16:17:47.674">
  <trace-info objectcount="1280466" scancount="961875" scanbytes="20587768" />
  <finalization candidates="428" enqueued="57" />
  <ownableSynchronizers candidates="1" cleared="0" />
  <references type="soft" candidates="894" cleared="0" enqueued="0" dynamicThreshold="12" maxThreshold="32" />
  <references type="weak" candidates="1701" cleared="0" enqueued="0" />
  <references type="phantom" candidates="52" cleared="2" enqueued="2" />
  <stringconstants candidates="6471" cleared="0"  />
  <object-monitors candidates="2" cleared="0"  />
</gc-op>
<gc-op id="5654" type="sweep" timems="4.644" contextid="5630" timestamp="2022-02-08T16:17:47.679" />
<gc-end id="5655" type="global" contextid="5630" durationms="177.275" usertimems="191.889" systemtimems="0.326" stalltimems="105.244" timestamp="2022-02-08T16:17:47.679" activeThreads="4">
  <mem-info id="5656" free="423327904" total="1073741824" percent="39">
    <mem type="nursery" free="101437744" total="268435456" percent="37">
      <mem type="allocate" free="101437744" total="183762944" percent="55" />
      <mem type="survivor" free="0" total="84672512" percent="0" />
    </mem>
    <mem type="tenure" free="321890160" total="805306368" percent="39" micro-fragmented="265926" macro-fragmented="0">
      <mem type="soa" free="313836400" total="797252608" percent="39" />
      <mem type="loa" free="8053760" total="8053760" percent="100" />
    </mem>
    <pending-finalizers system="57" default="0" reference="2" classloader="0" />
    <remembered-set count="106" />
  </mem-info>
</gc-end>
<cycle-end id="5657" type="global" contextid="5630" timestamp="2022-02-08T16:17:47.679" />
<exclusive-end id="5658" timestamp="2022-02-08T16:17:47.679" durationms="177.527" />

<exclusive-start id="5659" timestamp="2022-02-08T16:17:48.399" intervalms="897.083">
  <response-info timems="0.020" idlems="0.020" threads="0" lastid="0000000000016F00" lastname="main" />
</exclusive-start>
<af-start id="5660" threadId="0000000000017908" totalBytesRequested="104" timestamp="2022-02-08T16:17:48.399" intervalms="1109.838" type="nursery" />
<cycle-start id="5661" type="scavenge" contextid="0" timestamp="2022-02-08T16:17:48.399" intervalms="1109.837" />
<gc-start id="5662" type="scavenge" contextid="5661" timestamp="2022-02-08T16:17:48.399">
  <mem-info id="5663" free="321890160" total="1073741824" percent="29">
    <mem type="nursery" free="0" total="268435456" percent="0">
      <mem type="allocate" free="0" total="183762944" percent="0" />
      <mem type="survivor" free="0" total="84672512" percent="0" />
    </mem>
    <mem type="tenure" free="321890160" total="805306368" percent="39">
      <mem type="soa" free="313836400" total="797252608" percent="39" />
      <mem type="loa" free="8053760" total="8053760" percent="100" />
    </mem>
    <remembered-set count="107" />
  </mem-info>
</gc-start>
<allocation-stats totalBytes="101389440" >
  <allocated-bytes non-tlh="0" tlh="101389440" />
  <largest-consumer threadName="main" threadId="0000000000016F00" bytes="101385344" />
</allocation-stats>
<gc-op id="5664" type="scavenge" timems="96.098" contextid="5661" timestamp="2022-02-08T16:17:48.495">
  <scavenger-info tenureage="1" tenuremask="7ffe" tiltratio="68" />
  <memory-copied type="nursery" objects="1407454" bytes="77611712" bytesdiscarded="214928" />
  <memory-copied type="tenure" objects="1413513" bytes="74719864" bytesdiscarded="45016" />
  <finalization candidates="45" enqueued="0" />
  <ownableSynchronizers candidates="2" cleared="2" />
  <object-monitors candidates="2" cleared="0"  />
</gc-op>
<gc-end id="5665" type="scavenge" contextid="5661" durationms="96.308" usertimems="360.969" systemtimems="0.230" stalltimems="2.228" timestamp="2022-02-08T16:17:48.495" activeThreads="4">
  <mem-info id="5666" free="351368968" total="1073741824" percent="32">
    <mem type="nursery" free="104363440" total="268435456" percent="38">
      <mem type="allocate" free="104363440" total="182190080" percent="57" />
      <mem type="survivor" free="0" total="86245376" percent="0" />
    </mem>
    <mem type="tenure" free="247005528" total="805306368" percent="30" macro-fragmented="0">
      <mem type="soa" free="238951768" total="797252608" percent="29" />
      <mem type="loa" free="8053760" total="8053760" percent="100" />
    </mem>
    <remembered-set count="101" />
  </mem-info>
</gc-end>
<cycle-end id="5667" type="scavenge" contextid="5661" timestamp="2022-02-08T16:17:48.495" />
<allocation-satisfied id="5668" threadId="0000000000016F00" bytesRequested="104" />
<af-end id="5669" timestamp="2022-02-08T16:17:48.495" threadId="0000000000017908" success="true" from="nursery"/>
<exclusive-end id="5670" timestamp="2022-02-08T16:17:48.495" durationms="96.566" />

<exclusive-start id="5671" timestamp="2022-02-08T16:17:49.159" intervalms="760.211">
  <response-info timems="0.020" idlems="0.020" threads="0" lastid="0000000000016F00" lastname="main" />
</exclusive-start>
<af-start id="5672" threadId="0000000000017908" totalBytesRequested="24" timestamp="2022-02-08T16:17:49.159" intervalms="760.204" type="nursery" />
<cycle-start id="5673" type="scavenge" contextid="0" timestamp="2022-02-08T16:17:49.159" intervalms="760.203" />
<gc-start id="5674" type="scavenge" contextid="5673" timestamp="2022-02-08T16:17:49.159">
  <mem-info id="5675" free="247005528" total="1073741824" percent="23">
    <mem type="nursery" free="0" total="268435456" percent="0">
      <mem type="allocate" free="0" total="182190080" percent="0" />
      <mem type="survivor" free="0" total="86245376" percent="0" />
    </mem>
    <mem type="tenure" free="247005528" total="805306368" percent="30">
      <mem type="soa" free="238951768" total="797252608" percent="29" />
      <mem type="loa" free="8053760" total="8053760" percent="100" />
    </mem>
    <remembered-set count="101" />
  </mem-info>
</gc-start>
<allocation-stats totalBytes="104315848" >
  <allocated-bytes non-tlh="104" tlh="104315744" />
  <largest-consumer threadName="main" threadId="0000000000016F00" bytes="104315848" />
</allocation-stats>
<gc-op id="5676" type="scavenge" timems="81.297" contextid="5673" timestamp="2022-02-08T16:17:49.241">
  <scavenger-info tenureage="1" tenuremask="7ffe" tiltratio="67" />
  <memory-copied type="nursery" objects="1302297" bytes="74165728" bytesdiscarded="428104" />
  <memory-copied type="tenure" objects="1407454" bytes="77611712" bytesdiscarded="42424" />
  <object-monitors candidates="2" cleared="0"  />
</gc-op>
<gc-end id="5677" type="scavenge" contextid="5673" durationms="81.555" usertimems="321.133" systemtimems="0.322" stalltimems="2.766" timestamp="2022-02-08T16:17:49.241" activeThreads="4">
  <mem-info id="5678" free="277336168" total="1073741824" percent="25">
    <mem type="nursery" free="108055000" total="268435456" percent="40">
      <mem type="allocate" free="108055000" total="182648832" percent="59" />
      <mem type="survivor" free="0" total="85786624" percent="0" />
    </mem>
    <mem type="tenure" free="169281168" total="805306368" percent="21" macro-fragmented="723458">
      <mem type="soa" free="161227408" total="797252608" percent="20" />
      <mem type="loa" free="8053760" total="8053760" percent="100" />
    </mem>
    <remembered-set count="101" />
  </mem-info>
</gc-end>
<cycle-end id="5679" type="scavenge" contextid="5673" timestamp="2022-02-08T16:17:49.241" />
<allocation-satisfied id="5680" threadId="0000000000016F00" bytesRequested="24" />
<af-end id="5681" timestamp="2022-02-08T16:17:49.241" threadId="0000000000017908" success="true" from="nursery"/>
<exclusive-end id="5682" timestamp="2022-02-08T16:17:49.241" durationms="81.856" />

<exclusive-start id="5683" timestamp="2022-02-08T16:17:50.168" intervalms="1008.532">
  <response-info timems="0.020" idlems="0.020" threads="0" lastid="0000000000016F00" lastname="main" />
</exclusive-start>
<af-start id="5684" threadId="0000000000017908" totalBytesRequested="104" timestamp="2022-02-08T16:17:50.168" intervalms="1008.532" type="nursery" />
<cycle-start id="5685" type="scavenge" contextid="0" timestamp="2022-02-08T16:17:50.168" intervalms="1008.533" />
<gc-start id="5686" type="scavenge" contextid="5685" timestamp="2022-02-08T16:17:50.168">
  <mem-info id="5687" free="169281168" total="1073741824" percent="15">
    <mem type="nursery" free="0" total="268435456" percent="0">
      <mem type="allocate" free="0" total="182648832" percent="0" />
      <mem type="survivor" free="0" total="85786624" percent="0" />
    </mem>
    <mem type="tenure" free="169281168" total="805306368" percent="21">
      <mem type="soa" free="161227408" total="797252608" percent="20" />
      <mem type="loa" free="8053760" total="8053760" percent="100" />
    </mem>
    <remembered-set count="131" />
  </mem-info>
</gc-start>
<allocation-stats totalBytes="108006872" >
  <allocated-bytes non-tlh="2938272" tlh="105068600" />
  <largest-consumer threadName="main" threadId="0000000000016F00" bytes="108006872" />
</allocation-stats>
<gc-op id="5688" type="scavenge" timems="85.034" contextid="5685" timestamp="2022-02-08T16:17:50.253">
  <scavenger-info tenureage="1" tenuremask="7ffe" tiltratio="68" />
  <memory-copied type="nursery" objects="1450434" bytes="75940216" bytesdiscarded="105368" />
  <memory-copied type="tenure" objects="1302297" bytes="74165728" bytesdiscarded="39936" />
  <finalization candidates="110" enqueued="53" />
  <references type="soft" candidates="14" cleared="0" enqueued="0" dynamicThreshold="12" maxThreshold="32" />
  <references type="weak" candidates="1" cleared="0" enqueued="0" />
  <references type="phantom" candidates="95" cleared="7" enqueued="7" />
  <object-monitors candidates="2" cleared="0"  />
</gc-op>
<gc-end id="5689" type="scavenge" contextid="5685" durationms="85.251" usertimems="334.998" systemtimems="0.000" stalltimems="4.458" timestamp="2022-02-08T16:17:50.253" activeThreads="4">
  <mem-info id="5690" free="202183640" total="1073741824" percent="18">
    <mem type="nursery" free="106996336" total="268435456" percent="39">
      <mem type="allocate" free="106996336" total="183042048" percent="58" />
      <mem type="survivor" free="0" total="85393408" percent="0" />
    </mem>
    <mem type="tenure" free="95187304" total="805306368" percent="11" macro-fragmented="47927252">
      <mem type="soa" free="87133544" total="797252608" percent="10" />
      <mem type="loa" free="8053760" total="8053760" percent="100" />
    </mem>
    <pending-finalizers system="52" default="1" reference="7" classloader="0" />
    <remembered-set count="125" />
  </mem-info>
</gc-end>
<cycle-end id="5691" type="scavenge" contextid="5685" timestamp="2022-02-08T16:17:50.253" />
<allocation-satisfied id="5692" threadId="0000000000016F00" bytesRequested="104" />
<af-end id="5693" timestamp="2022-02-08T16:17:50.253" threadId="0000000000017908" success="true" from="nursery"/>
<exclusive-end id="5694" timestamp="2022-02-08T16:17:50.253" durationms="85.618" />

<concurrent-kickoff id="5695" timestamp="2022-02-08T16:17:50.982">
  <kickoff reason="threshold reached" targetBytes="74449689" thresholdFreeBytes="5745317"  remainingFree="5677680" tenureFreeBytes="95187304" nurseryFreeBytes="5677680" />
</concurrent-kickoff>
<exclusive-start id="5696" timestamp="2022-02-08T16:17:50.986" intervalms="818.453">
  <response-info timems="0.020" idlems="0.020" threads="0" lastid="0000000000016F00" lastname="main" />
</exclusive-start>
<cycle-start id="5697" type="global" contextid="0" timestamp="2022-02-08T16:17:50.986" intervalms="3823.057" />
<concurrent-start id="5698" type="global mark" contextid="5697" timestamp="2022-02-08T16:17:50.986">
</concurrent-start>
<exclusive-end id="5699" timestamp="2022-02-08T16:17:50.986" durationms="0.040" />

<exclusive-start id="5700" timestamp="2022-02-08T16:17:51.118" intervalms="132.121">
  <response-info timems="0.021" idlems="0.021" threads="0" lastid="0000000000016F00" lastname="main" />
</exclusive-start>
<af-start id="5701" threadId="0000000000017908" totalBytesRequested="16" timestamp="2022-02-08T16:17:51.118" intervalms="950.574" type="nursery" />
<cycle-start id="5702" type="scavenge" contextid="0" timestamp="2022-02-08T16:17:51.118" intervalms="950.572" />
<gc-start id="5703" type="scavenge" contextid="5702" timestamp="2022-02-08T16:17:51.118">
  <mem-info id="5704" free="95187304" total="1073741824" percent="8">
    <mem type="nursery" free="0" total="268435456" percent="0">
      <mem type="allocate" free="0" total="183042048" percent="0" />
      <mem type="survivor" free="0" total="85393408" percent="0" />
    </mem>
    <mem type="tenure" free="95187304" total="805306368" percent="11">
      <mem type="soa" free="87133544" total="797252608" percent="10" />
      <mem type="loa" free="8053760" total="8053760" percent="100" />
    </mem>
    <remembered-set count="126" />
  </mem-info>
</gc-start>
<allocation-stats totalBytes="106947224" >
  <allocated-bytes non-tlh="104" tlh="106947120" />
  <largest-consumer threadName="main" threadId="0000000000016F00" bytes="106939032" />
</allocation-stats>
<gc-op id="5705" type="scavenge" timems="87.842" contextid="5702" timestamp="2022-02-08T16:17:51.206">
  <scavenger-info tenureage="1" tenuremask="7ffe" tiltratio="68" />
  <memory-copied type="nursery" objects="1379403" bytes="76190064" bytesdiscarded="173136" />
  <memory-copied type="tenure" objects="1449723" bytes="75472360" bytesdiscarded="35744" />
  <finalization candidates="57" enqueued="0" />
  <object-monitors candidates="2" cleared="0"  />
</gc-op>
<gc-end id="5706" type="scavenge" contextid="5702" durationms="88.093" usertimems="337.862" systemtimems="7.839" stalltimems="4.851" timestamp="2022-02-08T16:17:51.206" activeThreads="4">
  <mem-info id="5707" free="126819376" total="1073741824" percent="11">
    <mem type="nursery" free="107203136" total="268435456" percent="39">
      <mem type="allocate" free="107203136" total="183566336" percent="58" />
      <mem type="survivor" free="0" total="84869120" percent="0" />
    </mem>
    <mem type="tenure" free="19616240" total="805306368" percent="2" macro-fragmented="67617">
      <mem type="soa" free="11562480" total="797252608" percent="1" />
      <mem type="loa" free="8053760" total="8053760" percent="100" />
    </mem>
    <remembered-set count="100" />
  </mem-info>
</gc-end>
<cycle-end id="5708" type="scavenge" contextid="5702" timestamp="2022-02-08T16:17:51.207" />
<allocation-satisfied id="5709" threadId="0000000000016F00" bytesRequested="16" />
<af-end id="5710" timestamp="2022-02-08T16:17:51.207" threadId="0000000000017908" success="true" from="nursery"/>
<exclusive-end id="5711" timestamp="2022-02-08T16:17:51.207" durationms="88.388" />

<concurrent-end id="5712" type="global mark" contextid="5697" timestamp="2022-02-08T16:17:51.342">
<gc-op id="5713" type="trace" timems="355.835" contextid="5697" timestamp="2022-02-08T16:17:51.342">
  <trace bytesTraced="74450664" workStackOverflowCount="0" />
  <card-cleaning reason="card cleaning threshold reached" bytesTraced="808" cardsCleaned="2" />
</gc-op>
</concurrent-end>

<exclusive-start id="5714" timestamp="2022-02-08T16:17:51.342" intervalms="223.796">
  <response-info timems="0.019" idlems="0.019" threads="0" lastid="0000000000016F00" lastname="main" />
</exclusive-start>
<concurrent-global-final id="5715" timestamp="2022-02-08T16:17:51.342" contextid="5697" intervalms="3840.183" >
  <concurrent-trace-info reason="card cleaning threshold reached" tracedByMutators="57436436" tracedByHelpers="17015036" cardsCleaned="2" workStackOverflowCount="0" />
</concurrent-global-final>
<gc-start id="5716" type="global" contextid="5697" timestamp="2022-02-08T16:17:51.342">
  <mem-info id="5717" free="118594592" total="1073741824" percent="11">
    <mem type="nursery" free="98978352" total="268435456" percent="36">
      <mem type="allocate" free="98978352" total="183566336" percent="53" />
      <mem type="survivor" free="0" total="84869120" percent="0" />
    </mem>
    <mem type="tenure" free="19616240" total="805306368" percent="2">
      <mem type="soa" free="11562480" total="797252608" percent="1" />
      <mem type="loa" free="8053760" total="8053760" percent="100" />
    </mem>
    <remembered-set count="100" />
  </mem-info>
</gc-start>
<allocation-stats totalBytes="8221312" >
  <allocated-bytes non-tlh="16" tlh="8221296" />
  <largest-consumer threadName="main" threadId="0000000000016F00" bytes="8221312" />
</allocation-stats>
<gc-op id="5718" type="rs-scan" timems="0.574" contextid="5697" timestamp="2022-02-08T16:17:51.343">
  <scan objectsFound="0" bytesTraced="3692" workStackOverflowCount="0" />
</gc-op>
<gc-op id="5719" type="card-cleaning" timems="155.496" contextid="5697" timestamp="2022-02-08T16:17:51.498">
  <card-cleaning cardsCleaned="10" bytesTraced="71018108" workStackOverflowCount="0" />
</gc-op>
<gc-op id="5720" type="mark" timems="69.035" contextid="5697" timestamp="2022-02-08T16:17:51.567">
  <trace-info objectcount="2396271" scancount="1798731" scanbytes="38440616" />
  <finalization candidates="428" enqueued="57" />
  <ownableSynchronizers candidates="1" cleared="0" />
  <references type="soft" candidates="894" cleared="0" enqueued="0" dynamicThreshold="12" maxThreshold="32" />
  <references type="weak" candidates="1701" cleared="0" enqueued="0" />
  <references type="phantom" candidates="52" cleared="2" enqueued="2" />
  <stringconstants candidates="6471" cleared="0"  />
  <object-monitors candidates="2" cleared="0"  />
</gc-op>
<gc-op id="5721" type="sweep" timems="5.386" contextid="5697" timestamp="2022-02-08T16:17:51.573" />
<gc-end id="5722" type="global" contextid="5697" durationms="230.706" usertimems="246.208" systemtimems="0.619" stalltimems="206.502" timestamp="2022-02-08T16:17:51.573" activeThreads="4">
  <mem-info id="5723" free="361742208" total="1073741824" percent="33">
    <mem type="nursery" free="99241896" total="268435456" percent="36">
      <mem type="allocate" free="99241896" total="183566336" percent="54" />
      <mem type="survivor" free="0" total="84869120" percent="0" />
    </mem>
    <mem type="tenure" free="262500312" total="805306368" percent="32" micro-fragmented="262608" macro-fragmented="0">
      <mem type="soa" free="254446552" total="797252608" percent="31" />
      <mem type="loa" free="8053760" total="8053760" percent="100" />
    </mem>
    <pending-finalizers system="57" default="0" reference="2" classloader="0" />
    <remembered-set count="100" />
  </mem-info>
</gc-end>
<cycle-end id="5724" type="global" contextid="5697" timestamp="2022-02-08T16:17:51.573" />
<exclusive-end id="5725" timestamp="2022-02-08T16:17:51.573" durationms="230.944" />

<exclusive-start id="5726" timestamp="2022-02-08T16:17:52.197" intervalms="855.030">
  <response-info timems="0.020" idlems="0.020" threads="0" lastid="0000000000016F00" lastname="main" />
</exclusive-start>
<af-start id="5727" threadId="0000000000017908" totalBytesRequested="184" timestamp="2022-02-08T16:17:52.197" intervalms="1078.825" type="nursery" />
<cycle-start id="5728" type="scavenge" contextid="0" timestamp="2022-02-08T16:17:52.197" intervalms="1078.826" />
<gc-start id="5729" type="scavenge" contextid="5728" timestamp="2022-02-08T16:17:52.197">
  <mem-info id="5730" free="262500312" total="1073741824" percent="24">
    <mem type="nursery" free="0" total="268435456" percent="0">
      <mem type="allocate" free="0" total="183566336" percent="0" />
      <mem type="survivor" free="0" total="84869120" percent="0" />
    </mem>
    <mem type="tenure" free="262500312" total="805306368" percent="32">
      <mem type="soa" free="254446552" total="797252608" percent="31" />
      <mem type="loa" free="8053760" total="8053760" percent="100" />
    </mem>
    <remembered-set count="103" />
  </mem-info>
</gc-start>
<allocation-stats totalBytes="99197536" >
  <allocated-bytes non-tlh="0" tlh="99197536" />
  <largest-consumer threadName="main" threadId="0000000000016F00" bytes="99193440" />
</allocation-stats>
<gc-op id="5731" type="scavenge" timems="91.255" contextid="5728" timestamp="2022-02-08T16:17:52.288">
  <scavenger-info tenureage="1" tenuremask="7ffe" tiltratio="68" />
  <memory-copied type="nursery" objects="1346936" bytes="76272352" bytesdiscarded="151328" />
  <memory-copied type="tenure" objects="1379403" bytes="76190064" bytesdiscarded="45640" />
  <ownableSynchronizers candidates="2" cleared="2" />
  <object-monitors candidates="2" cleared="0"  />
</gc-op>
<gc-end id="5732" type="scavenge" contextid="5728" durationms="91.568" usertimems="338.171" systemtimems="0.465" stalltimems="4.694" timestamp="2022-02-08T16:17:52.289" activeThreads="4">
  <mem-info id="5733" free="293683680" total="1073741824" percent="27">
    <mem type="nursery" free="107666944" total="268435456" percent="40">
      <mem type="allocate" free="107666944" total="184090624" percent="58" />
      <mem type="survivor" free="0" total="84344832" percent="0" />
    </mem>
    <mem type="tenure" free="186016736" total="805306368" percent="23" macro-fragmented="0">
      <mem type="soa" free="177962976" total="797252608" percent="22" />
      <mem type="loa" free="8053760" total="8053760" percent="100" />
    </mem>
    <remembered-set count="101" />
  </mem-info>
</gc-end>
<cycle-end id="5734" type="scavenge" contextid="5728" timestamp="2022-02-08T16:17:52.289" />
<allocation-satisfied id="5735" threadId="0000000000016F00" bytesRequested="184" />
<af-end id="5736" timestamp="2022-02-08T16:17:52.289" threadId="0000000000017908" success="true" from="nursery"/>
<exclusive-end id="5737" timestamp="2022-02-08T16:17:52.289" durationms="91.988" />

</verbosegc>

