<?xml version="1.0" ?>

<verbosegc xmlns="http://www.ibm.com/j9/verbosegc" version="4a009d2fe2a_CMPRSS">

<initialized id="1" timestamp="2022-01-28T14:21:25.969">
  <attribute name="gcPolicy" value="-Xgcpolicy:gencon" />
  <attribute name="maxHeapSize" value="0x32000000" />
  <attribute name="initialHeapSize" value="0x32000000" />
  <attribute name="compressedRefs" value="true" />
  <attribute name="compressedRefsDisplacement" value="0x0" />
  <attribute name="compressedRefsShift" value="0x0" />
  <attribute name="pageSize" value="0x1000" />
  <attribute name="pageType" value="not used" />
  <attribute name="requestedPageSize" value="0x1000" />
  <attribute name="requestedPageType" value="not used" />
  <attribute name="gcthreads" value="4" />
  <attribute name="gcthreads Concurrent Mark" value="1" />
  <attribute name="packetListSplit" value="1" />
  <attribute name="cacheListSplit" value="1" />
  <attribute name="splitFreeListSplitAmount" value="1" />
  <attribute name="numaNodes" value="0" />
  <system>
    <attribute name="physicalMemory" value="10477518848" />
    <attribute name="numCPUs" value="4" />
    <attribute name="architecture" value="amd64" />
    <attribute name="os" value="Linux" />
    <attribute name="osVersion" value="4.15.0-166-generic" />
  </system>
  <vmargs>
    <vmarg name="-Xoptionsfile=/home/keithc/space/openj9/jdk11/build/normal/images/jdk/lib/options.default" />
    <vmarg name="-Xlockword:mode=default,noLockword=java/lang/String,noLockword=java/util/MapEntry,noLockword=java/util/HashMap$Entry,noLockword..." />
    <vmarg name="-Xjcl:jclse29" />
    <vmarg name="-Dcom.ibm.oti.vm.bootstrap.library.path=/home/keithc/space/openj9/jdk11/build/normal/images/jdk/lib/default:/home/keithc/space/..." />
    <vmarg name="-Dsun.boot.library.path=/home/keithc/space/openj9/jdk11/build/normal/images/jdk/lib/default:/home/keithc/space/openj9/jdk11/bui..." />
    <vmarg name="-Djava.library.path=/home/keithc/space/openj9/jdk11/build/normal/images/jdk/lib/default:/home/keithc/space/openj9/jdk11/build/n..." />
    <vmarg name="-Djava.home=/home/keithc/space/openj9/jdk11/build/normal/images/jdk" />
    <vmarg name="-Duser.dir=/home/keithc/space/openj9/issue-14193" />
    <vmarg name="-agentlib:jdwp=transport=dt_socket,suspend=y,address=localhost:46483" />
    <vmarg name="-Xgcpolicy:gencon" />
    <vmarg name="-Xverbosegclog" />
    <vmarg name="-Xdump:none" />
    <vmarg name="-Xdump:java:events=abort" />
    <vmarg name="-Xms800M" />
    <vmarg name="-Xmx800M" />
    <vmarg name="--add-exports=openj9.dtfj/com.ibm.dtfj.image.j9=test.ras" />
    <vmarg name="-javaagent:/home/keithc/eclipse/2021-12/eclipse/configuration/org.eclipse.osgi/180/0/.cp/lib/javaagent-shaded.jar" />
    <vmarg name="-Dfile.encoding=UTF-8" />
    <vmarg name="--module-path=/home/keithc/space/openj9/issue-14193/bin" />
    <vmarg name="-Djdk.module.main=test.ras" />
    <vmarg name="-Dsun.java.command=test.ras/test.TestRAS data/core.testSystemDumpNullFile.1643155017633.dmp" />
    <vmarg name="-Dsun.java.launcher=SUN_STANDARD" />
    <vmarg name="-Dsun.java.launcher.pid=26303" />
  </vmargs>
</initialized>

<exclusive-start id="2" timestamp="2022-01-28T14:21:28.349" intervalms="2380.158">
  <response-info timems="0.026" idlems="0.026" threads="0" lastid="0000000000016F00" lastname="main" />
</exclusive-start>
<af-start id="3" threadId="0000000000017908" totalBytesRequested="40" timestamp="2022-01-28T14:21:28.349" intervalms="2380.232" type="nursery" />
<cycle-start id="4" type="scavenge" contextid="0" timestamp="2022-01-28T14:21:28.349" intervalms="2380.268" />
<gc-start id="5" type="scavenge" contextid="4" timestamp="2022-01-28T14:21:28.349">
  <mem-info id="6" free="628432264" total="838860800" percent="74">
    <mem type="nursery" free="0" total="209715200" percent="0">
      <mem type="allocate" free="0" total="104857600" percent="0" />
      <mem type="survivor" free="0" total="104857600" percent="0" />
    </mem>
    <mem type="tenure" free="628432264" total="629145600" percent="99">
      <mem type="soa" free="596974984" total="597688320" percent="99" />
      <mem type="loa" free="31457280" total="31457280" percent="100" />
    </mem>
    <remembered-set count="8724" />
  </mem-info>
</gc-start>
<allocation-stats totalBytes="105519760" >
  <allocated-bytes non-tlh="3156496" tlh="102363264" />
  <largest-consumer threadName="main" threadId="0000000000016F00" bytes="105403112" />
</allocation-stats>
<gc-op id="7" type="scavenge" timems="266.242" contextid="4" timestamp="2022-01-28T14:21:28.616">
  <scavenger-info tenureage="1" tenuremask="fffe" tiltratio="50" />
  <memory-copied type="nursery" objects="1215843" bytes="67101080" bytesdiscarded="73624" />
  <finalization candidates="223" enqueued="19" />
  <ownableSynchronizers candidates="3" cleared="2" />
  <references type="soft" candidates="275" cleared="0" enqueued="0" dynamicThreshold="32" maxThreshold="32" />
  <references type="weak" candidates="2520" cleared="877" enqueued="630" />
  <references type="phantom" candidates="113" cleared="41" enqueued="41" />
  <object-monitors candidates="3" cleared="1"  />
</gc-op>
<gc-end id="8" type="scavenge" contextid="4" durationms="266.347" usertimems="161.691" systemtimems="221.374" stalltimems="38.200" timestamp="2022-01-28T14:21:28.616" activeThreads="4">
  <mem-info id="9" free="666112112" total="838860800" percent="79">
    <mem type="nursery" free="37679848" total="209715200" percent="17">
      <mem type="allocate" free="37679848" total="104857600" percent="35" />
      <mem type="survivor" free="0" total="104857600" percent="0" />
    </mem>
    <mem type="tenure" free="628432264" total="629145600" percent="99">
      <mem type="soa" free="596974984" total="597688320" percent="99" />
      <mem type="loa" free="31457280" total="31457280" percent="100" />
    </mem>
    <pending-finalizers system="18" default="1" reference="671" classloader="0" />
    <remembered-set count="8724" />
  </mem-info>
</gc-end>
<cycle-end id="10" type="scavenge" contextid="4" timestamp="2022-01-28T14:21:28.616" />
<allocation-satisfied id="11" threadId="0000000000016F00" bytesRequested="40" />
<af-end id="12" timestamp="2022-01-28T14:21:28.616" threadId="0000000000017908" success="true" from="nursery"/>
<exclusive-end id="13" timestamp="2022-01-28T14:21:28.616" durationms="266.662" />

<exclusive-start id="14" timestamp="2022-01-28T14:21:29.189" intervalms="840.075">
  <response-info timems="5.628" idlems="5.628" threads="0" lastid="0000000000016F00" lastname="main" />
</exclusive-start>
<af-start id="15" threadId="0000000000017908" totalBytesRequested="24" timestamp="2022-01-28T14:21:29.189" intervalms="840.058" type="nursery" />
<cycle-start id="16" type="scavenge" contextid="0" timestamp="2022-01-28T14:21:29.189" intervalms="840.048" />
<gc-start id="17" type="scavenge" contextid="16" timestamp="2022-01-28T14:21:29.189">
  <mem-info id="18" free="628432160" total="838860800" percent="74">
    <mem type="nursery" free="0" total="209715200" percent="0">
      <mem type="allocate" free="0" total="104857600" percent="0" />
      <mem type="survivor" free="0" total="104857600" percent="0" />
    </mem>
    <mem type="tenure" free="628432160" total="629145600" percent="99">
      <mem type="soa" free="596974880" total="597688320" percent="99" />
      <mem type="loa" free="31457280" total="31457280" percent="100" />
    </mem>
    <remembered-set count="8725" />
  </mem-info>
</gc-start>
<allocation-stats totalBytes="37660336" >
  <allocated-bytes non-tlh="144" tlh="37660192" />
  <largest-consumer threadName="main" threadId="0000000000016F00" bytes="37595456" />
</allocation-stats>
<gc-op id="19" type="scavenge" timems="376.533" contextid="16" timestamp="2022-01-28T14:21:29.566">
  <scavenger-info tenureage="1" tenuremask="7ffe" tiltratio="50" />
  <memory-copied type="nursery" objects="499644" bytes="26890552" bytesdiscarded="110840" />
  <memory-copied type="tenure" objects="1214390" bytes="66881480" bytesdiscarded="36416" />
  <finalization candidates="204" enqueued="0" />
  <ownableSynchronizers candidates="1" cleared="0" />
  <object-monitors candidates="16" cleared="14"  />
</gc-op>
<gc-end id="20" type="scavenge" contextid="16" durationms="376.851" usertimems="248.902" systemtimems="228.009" stalltimems="33.419" timestamp="2022-01-28T14:21:29.566" activeThreads="4">
  <mem-info id="21" free="639070336" total="838860800" percent="76">
    <mem type="nursery" free="77856200" total="209715200" percent="37">
      <mem type="allocate" free="77856200" total="104857600" percent="74" />
      <mem type="survivor" free="0" total="104857600" percent="0" />
    </mem>
    <mem type="tenure" free="561214136" total="629145600" percent="89">
      <mem type="soa" free="529756856" total="597688320" percent="88" />
      <mem type="loa" free="31457280" total="31457280" percent="100" />
    </mem>
    <remembered-set count="8923" />
  </mem-info>
</gc-end>
<cycle-end id="22" type="scavenge" contextid="16" timestamp="2022-01-28T14:21:29.566" />
<allocation-satisfied id="23" threadId="0000000000016F00" bytesRequested="24" />
<af-end id="24" timestamp="2022-01-28T14:21:29.566" threadId="0000000000017908" success="true" from="nursery"/>
<exclusive-end id="25" timestamp="2022-01-28T14:21:29.566" durationms="377.161" />

<exclusive-start id="26" timestamp="2022-01-28T14:21:30.161" intervalms="972.069">
  <response-info timems="0.026" idlems="0.026" threads="0" lastid="0000000000016F00" lastname="main" />
</exclusive-start>
<af-start id="27" threadId="0000000000017908" totalBytesRequested="112" timestamp="2022-01-28T14:21:30.161" intervalms="972.067" type="nursery" />
<cycle-start id="28" type="scavenge" contextid="0" timestamp="2022-01-28T14:21:30.161" intervalms="972.075" />
<gc-start id="29" type="scavenge" contextid="28" timestamp="2022-01-28T14:21:30.161">
  <mem-info id="30" free="561214136" total="838860800" percent="66">
    <mem type="nursery" free="0" total="209715200" percent="0">
      <mem type="allocate" free="0" total="104857600" percent="0" />
      <mem type="survivor" free="0" total="104857600" percent="0" />
    </mem>
    <mem type="tenure" free="561214136" total="629145600" percent="89">
      <mem type="soa" free="529756856" total="597688320" percent="88" />
      <mem type="loa" free="31457280" total="31457280" percent="100" />
    </mem>
    <remembered-set count="8923" />
  </mem-info>
</gc-start>
<allocation-stats totalBytes="77822024" >
  <allocated-bytes non-tlh="24" tlh="77822000" />
  <largest-consumer threadName="main" threadId="0000000000016F00" bytes="77822024" />
</allocation-stats>
<gc-op id="31" type="scavenge" timems="63.070" contextid="28" timestamp="2022-01-28T14:21:30.225">
  <scavenger-info tenureage="1" tenuremask="7ffe" tiltratio="50" />
  <memory-copied type="nursery" objects="986046" bytes="55364280" bytesdiscarded="115912" />
  <memory-copied type="tenure" objects="499644" bytes="26890552" bytesdiscarded="14624" />
  <object-monitors candidates="2" cleared="0"  />
</gc-op>
<gc-end id="32" type="scavenge" contextid="28" durationms="63.210" usertimems="194.588" systemtimems="8.131" stalltimems="5.809" timestamp="2022-01-28T14:21:30.225" activeThreads="4">
  <mem-info id="33" free="583735152" total="838860800" percent="69">
    <mem type="nursery" free="49377408" total="209715200" percent="23">
      <mem type="allocate" free="49377408" total="104857600" percent="47" />
      <mem type="survivor" free="0" total="104857600" percent="0" />
    </mem>
    <mem type="tenure" free="534357744" total="629145600" percent="84">
      <mem type="soa" free="502900464" total="597688320" percent="84" />
      <mem type="loa" free="31457280" total="31457280" percent="100" />
    </mem>
    <remembered-set count="110" />
  </mem-info>
</gc-end>
<cycle-end id="34" type="scavenge" contextid="28" timestamp="2022-01-28T14:21:30.225" />
<allocation-satisfied id="35" threadId="0000000000016F00" bytesRequested="112" />
<af-end id="36" timestamp="2022-01-28T14:21:30.225" threadId="0000000000017908" success="true" from="nursery"/>
<exclusive-end id="37" timestamp="2022-01-28T14:21:30.225" durationms="63.703" />

<exclusive-start id="38" timestamp="2022-01-28T14:21:30.560" intervalms="398.799">
  <response-info timems="0.053" idlems="0.053" threads="0" lastid="0000000000016F00" lastname="main" />
</exclusive-start>
<af-start id="39" threadId="0000000000017908" totalBytesRequested="192" timestamp="2022-01-28T14:21:30.560" intervalms="398.811" type="nursery" />
<cycle-start id="40" type="scavenge" contextid="0" timestamp="2022-01-28T14:21:30.560" intervalms="398.836" />
<gc-start id="41" type="scavenge" contextid="40" timestamp="2022-01-28T14:21:30.560">
  <mem-info id="42" free="534357744" total="838860800" percent="63">
    <mem type="nursery" free="0" total="209715200" percent="0">
      <mem type="allocate" free="0" total="104857600" percent="0" />
      <mem type="survivor" free="0" total="104857600" percent="0" />
    </mem>
    <mem type="tenure" free="534357744" total="629145600" percent="84">
      <mem type="soa" free="502900464" total="597688320" percent="84" />
      <mem type="loa" free="31457280" total="31457280" percent="100" />
    </mem>
    <remembered-set count="110" />
  </mem-info>
</gc-start>
<allocation-stats totalBytes="49352648" >
  <allocated-bytes non-tlh="112" tlh="49352536" />
  <largest-consumer threadName="main" threadId="0000000000016F00" bytes="49352648" />
</allocation-stats>
<gc-op id="43" type="scavenge" timems="256.944" contextid="40" timestamp="2022-01-28T14:21:30.817">
  <scavenger-info tenureage="1" tenuremask="7ffe" tiltratio="50" />
  <memory-copied type="nursery" objects="612257" bytes="35064408" bytesdiscarded="159912" />
  <memory-copied type="tenure" objects="986046" bytes="55364280" bytesdiscarded="29864" />
  <object-monitors candidates="2" cleared="0"  />
</gc-op>
<gc-end id="44" type="scavenge" contextid="40" durationms="257.230" usertimems="227.931" systemtimems="182.446" stalltimems="3.315" timestamp="2022-01-28T14:21:30.818" activeThreads="4">
  <mem-info id="45" free="548588696" total="838860800" percent="65">
    <mem type="nursery" free="69633280" total="209715200" percent="33">
      <mem type="allocate" free="69633280" total="104857600" percent="66" />
      <mem type="survivor" free="0" total="104857600" percent="0" />
    </mem>
    <mem type="tenure" free="478955416" total="629145600" percent="76">
      <mem type="soa" free="447498136" total="597688320" percent="74" />
      <mem type="loa" free="31457280" total="31457280" percent="100" />
    </mem>
    <remembered-set count="103" />
  </mem-info>
</gc-end>
<cycle-end id="46" type="scavenge" contextid="40" timestamp="2022-01-28T14:21:30.818" />
<allocation-satisfied id="47" threadId="0000000000016F00" bytesRequested="192" />
<af-end id="48" timestamp="2022-01-28T14:21:30.818" threadId="0000000000017908" success="true" from="nursery"/>
<exclusive-end id="49" timestamp="2022-01-28T14:21:30.818" durationms="257.601" />

<exclusive-start id="50" timestamp="2022-01-28T14:21:31.312" intervalms="751.614">
  <response-info timems="0.062" idlems="0.062" threads="0" lastid="0000000000016F00" lastname="main" />
</exclusive-start>
<af-start id="51" threadId="0000000000017908" totalBytesRequested="32" timestamp="2022-01-28T14:21:31.312" intervalms="751.627" type="nursery" />
<cycle-start id="52" type="scavenge" contextid="0" timestamp="2022-01-28T14:21:31.312" intervalms="751.597" />
<gc-start id="53" type="scavenge" contextid="52" timestamp="2022-01-28T14:21:31.312">
  <mem-info id="54" free="478955416" total="838860800" percent="57">
    <mem type="nursery" free="0" total="209715200" percent="0">
      <mem type="allocate" free="0" total="104857600" percent="0" />
      <mem type="survivor" free="0" total="104857600" percent="0" />
    </mem>
    <mem type="tenure" free="478955416" total="629145600" percent="76">
      <mem type="soa" free="447498136" total="597688320" percent="74" />
      <mem type="loa" free="31457280" total="31457280" percent="100" />
    </mem>
    <remembered-set count="117" />
  </mem-info>
</gc-start>
<allocation-stats totalBytes="69601160" >
  <allocated-bytes non-tlh="192" tlh="69600968" />
  <largest-consumer threadName="main" threadId="0000000000016F00" bytes="69601160" />
</allocation-stats>
<gc-op id="55" type="scavenge" timems="63.634" contextid="52" timestamp="2022-01-28T14:21:31.376">
  <scavenger-info tenureage="1" tenuremask="7ffe" tiltratio="50" />
  <memory-copied type="nursery" objects="885334" bytes="49510024" bytesdiscarded="104112" />
  <memory-copied type="tenure" objects="612256" bytes="35064304" bytesdiscarded="16320" />
  <finalization candidates="15" enqueued="8" />
  <references type="phantom" candidates="15" cleared="0" enqueued="0" />
  <object-monitors candidates="2" cleared="0"  />
</gc-op>
<gc-end id="56" type="scavenge" contextid="52" durationms="63.977" usertimems="188.613" systemtimems="2.219" stalltimems="20.212" timestamp="2022-01-28T14:21:31.376" activeThreads="4">
  <mem-info id="57" free="499132952" total="838860800" percent="59">
    <mem type="nursery" free="55243464" total="209715200" percent="26">
      <mem type="allocate" free="55243464" total="104857600" percent="52" />
      <mem type="survivor" free="0" total="104857600" percent="0" />
    </mem>
    <mem type="tenure" free="443889488" total="629145600" percent="70">
      <mem type="soa" free="412432208" total="597688320" percent="69" />
      <mem type="loa" free="31457280" total="31457280" percent="100" />
    </mem>
    <pending-finalizers system="8" default="0" reference="0" classloader="0" />
    <remembered-set count="116" />
  </mem-info>
</gc-end>
<cycle-end id="58" type="scavenge" contextid="52" timestamp="2022-01-28T14:21:31.376" />
<allocation-satisfied id="59" threadId="0000000000016F00" bytesRequested="32" />
<af-end id="60" timestamp="2022-01-28T14:21:31.376" threadId="0000000000017908" success="true" from="nursery"/>
<exclusive-end id="61" timestamp="2022-01-28T14:21:31.376" durationms="64.352" />

<exclusive-start id="62" timestamp="2022-01-28T14:21:32.482" intervalms="1170.580">
  <response-info timems="0.052" idlems="0.052" threads="0" lastid="0000000000016F00" lastname="main" />
</exclusive-start>
<af-start id="63" threadId="0000000000017908" totalBytesRequested="96" timestamp="2022-01-28T14:21:32.482" intervalms="1170.558" type="nursery" />
<cycle-start id="64" type="scavenge" contextid="0" timestamp="2022-01-28T14:21:32.482" intervalms="1170.560" />
<gc-start id="65" type="scavenge" contextid="64" timestamp="2022-01-28T14:21:32.483">
  <mem-info id="66" free="443869832" total="838860800" percent="52">
    <mem type="nursery" free="0" total="209715200" percent="0">
      <mem type="allocate" free="0" total="104857600" percent="0" />
      <mem type="survivor" free="0" total="104857600" percent="0" />
    </mem>
    <mem type="tenure" free="443869832" total="629145600" percent="70">
      <mem type="soa" free="412412552" total="597688320" percent="69" />
      <mem type="loa" free="31457280" total="31457280" percent="100" />
    </mem>
    <remembered-set count="428" />
  </mem-info>
</gc-start>
<allocation-stats totalBytes="55245464" >
  <allocated-bytes non-tlh="743016" tlh="54502448" />
  <largest-consumer threadName="main" threadId="0000000000016F00" bytes="55241368" />
</allocation-stats>
<gc-op id="67" type="scavenge" timems="55.697" contextid="64" timestamp="2022-01-28T14:21:32.538">
  <scavenger-info tenureage="1" tenuremask="7ffe" tiltratio="50" />
  <memory-copied type="nursery" objects="401924" bytes="15814128" bytesdiscarded="72720" />
  <memory-copied type="tenure" objects="885227" bytes="49426216" bytesdiscarded="25456" />
  <finalization candidates="77" enqueued="26" />
  <references type="soft" candidates="746" cleared="0" enqueued="0" dynamicThreshold="32" maxThreshold="32" />
  <references type="weak" candidates="124" cleared="52" enqueued="46" />
  <references type="phantom" candidates="48" cleared="0" enqueued="0" />
  <object-monitors candidates="2" cleared="0"  />
</gc-op>
<gc-end id="68" type="scavenge" contextid="64" durationms="55.904" usertimems="212.228" systemtimems="0.593" stalltimems="16.865" timestamp="2022-01-28T14:21:32.538" activeThreads="4">
  <mem-info id="69" free="483343512" total="838860800" percent="57">
    <mem type="nursery" free="88970728" total="209715200" percent="42">
      <mem type="allocate" free="88970728" total="104857600" percent="84" />
      <mem type="survivor" free="0" total="104857600" percent="0" />
    </mem>
    <mem type="tenure" free="394372784" total="629145600" percent="62" macro-fragmented="296753024">
      <mem type="soa" free="362915504" total="597688320" percent="60" />
      <mem type="loa" free="31457280" total="31457280" percent="100" />
    </mem>
    <pending-finalizers system="26" default="0" reference="46" classloader="0" />
    <remembered-set count="418" />
  </mem-info>
</gc-end>
<cycle-end id="70" type="scavenge" contextid="64" timestamp="2022-01-28T14:21:32.539" />
<allocation-satisfied id="71" threadId="0000000000016F00" bytesRequested="96" />
<af-end id="72" timestamp="2022-01-28T14:21:32.539" threadId="0000000000017908" success="true" from="nursery"/>
<exclusive-end id="73" timestamp="2022-01-28T14:21:32.539" durationms="56.312" />

<exclusive-start id="74" timestamp="2022-01-28T14:21:33.684" intervalms="1201.349">
  <response-info timems="0.065" idlems="0.065" threads="0" lastid="0000000000016F00" lastname="main" />
</exclusive-start>
<af-start id="75" threadId="0000000000017908" totalBytesRequested="184" timestamp="2022-01-28T14:21:33.684" intervalms="1201.335" type="nursery" />
<cycle-start id="76" type="scavenge" contextid="0" timestamp="2022-01-28T14:21:33.684" intervalms="1201.328" />
<gc-start id="77" type="scavenge" contextid="76" timestamp="2022-01-28T14:21:33.684">
  <mem-info id="78" free="394345728" total="838860800" percent="47">
    <mem type="nursery" free="0" total="209715200" percent="0">
      <mem type="allocate" free="0" total="104857600" percent="0" />
      <mem type="survivor" free="0" total="104857600" percent="0" />
    </mem>
    <mem type="tenure" free="394345728" total="629145600" percent="62">
      <mem type="soa" free="362888448" total="597688320" percent="60" />
      <mem type="loa" free="31457280" total="31457280" percent="100" />
    </mem>
    <remembered-set count="784" />
  </mem-info>
</gc-start>
<allocation-stats totalBytes="88960856" >
  <allocated-bytes non-tlh="2546424" tlh="86414432" />
  <largest-consumer threadName="main" threadId="0000000000016F00" bytes="88956760" />
</allocation-stats>
<gc-op id="79" type="scavenge" timems="46.596" contextid="76" timestamp="2022-01-28T14:21:33.730">
  <scavenger-info tenureage="1" tenuremask="7ffe" tiltratio="50" />
  <memory-copied type="nursery" objects="822780" bytes="45361832" bytesdiscarded="144664" />
  <memory-copied type="tenure" objects="400603" bytes="15551920" bytesdiscarded="5728" />
  <finalization candidates="123" enqueued="20" />
  <references type="soft" candidates="29" cleared="0" enqueued="0" dynamicThreshold="32" maxThreshold="32" />
  <references type="weak" candidates="158" cleared="76" enqueued="75" />
  <references type="phantom" candidates="61" cleared="7" enqueued="7" />
  <object-monitors candidates="2" cleared="0"  />
</gc-op>
<gc-end id="80" type="scavenge" contextid="76" durationms="46.779" usertimems="188.354" systemtimems="0.442" stalltimems="1.632" timestamp="2022-01-28T14:21:33.731" activeThreads="4">
  <mem-info id="81" free="438180464" total="838860800" percent="52">
    <mem type="nursery" free="59350944" total="209715200" percent="28">
      <mem type="allocate" free="59350944" total="104857600" percent="56" />
      <mem type="survivor" free="0" total="104857600" percent="0" />
    </mem>
    <mem type="tenure" free="378829520" total="629145600" percent="60" macro-fragmented="206078480">
      <mem type="soa" free="347372240" total="597688320" percent="58" />
      <mem type="loa" free="31457280" total="31457280" percent="100" />
    </mem>
    <pending-finalizers system="18" default="2" reference="82" classloader="0" />
    <remembered-set count="6360" />
  </mem-info>
</gc-end>
<cycle-end id="82" type="scavenge" contextid="76" timestamp="2022-01-28T14:21:33.731" />
<allocation-satisfied id="83" threadId="0000000000016F00" bytesRequested="184" />
<af-end id="84" timestamp="2022-01-28T14:21:33.731" threadId="0000000000017908" success="true" from="nursery"/>
<exclusive-end id="85" timestamp="2022-01-28T14:21:33.731" durationms="47.036" />

<exclusive-start id="86" timestamp="2022-01-28T14:21:34.187" intervalms="503.828">
  <response-info timems="0.017" idlems="0.017" threads="0" lastid="0000000000016F00" lastname="main" />
</exclusive-start>
<af-start id="87" threadId="0000000000017908" totalBytesRequested="208" timestamp="2022-01-28T14:21:34.188" intervalms="503.824" type="nursery" />
<cycle-start id="88" type="scavenge" contextid="0" timestamp="2022-01-28T14:21:34.188" intervalms="503.821" />
<gc-start id="89" type="scavenge" contextid="88" timestamp="2022-01-28T14:21:34.188">
  <mem-info id="90" free="378829520" total="838860800" percent="45">
    <mem type="nursery" free="0" total="209715200" percent="0">
      <mem type="allocate" free="0" total="104857600" percent="0" />
      <mem type="survivor" free="0" total="104857600" percent="0" />
    </mem>
    <mem type="tenure" free="378829520" total="629145600" percent="60">
      <mem type="soa" free="347372240" total="597688320" percent="58" />
      <mem type="loa" free="31457280" total="31457280" percent="100" />
    </mem>
    <remembered-set count="6361" />
  </mem-info>
</gc-start>
<allocation-stats totalBytes="59323944" >
  <allocated-bytes non-tlh="184" tlh="59323760" />
  <largest-consumer threadName="main" threadId="0000000000016F00" bytes="59315752" />
</allocation-stats>
<gc-op id="91" type="scavenge" timems="51.536" contextid="88" timestamp="2022-01-28T14:21:34.239">
  <scavenger-info tenureage="1" tenuremask="7ffe" tiltratio="50" />
  <memory-copied type="nursery" objects="781505" bytes="42321568" bytesdiscarded="197216" />
  <memory-copied type="tenure" objects="822210" bytes="45177368" bytesdiscarded="23936" />
  <finalization candidates="60" enqueued="0" />
  <object-monitors candidates="2" cleared="0"  />
</gc-op>
<gc-end id="92" type="scavenge" contextid="88" durationms="51.673" usertimems="198.129" systemtimems="0.000" stalltimems="6.369" timestamp="2022-01-28T14:21:34.239" activeThreads="4">
  <mem-info id="93" free="406801632" total="838860800" percent="48">
    <mem type="nursery" free="73152256" total="209715200" percent="34">
      <mem type="allocate" free="73152256" total="115671040" percent="63" />
      <mem type="survivor" free="0" total="94044160" percent="0" />
    </mem>
    <mem type="tenure" free="333649376" total="629145600" percent="53" macro-fragmented="206078480">
      <mem type="soa" free="302192096" total="597688320" percent="50" />
      <mem type="loa" free="31457280" total="31457280" percent="100" />
    </mem>
    <remembered-set count="438" />
  </mem-info>
</gc-end>
<cycle-end id="94" type="scavenge" contextid="88" timestamp="2022-01-28T14:21:34.239" />
<allocation-satisfied id="95" threadId="0000000000016F00" bytesRequested="208" />
<af-end id="96" timestamp="2022-01-28T14:21:34.239" threadId="0000000000017908" success="true" from="nursery"/>
<exclusive-end id="97" timestamp="2022-01-28T14:21:34.239" durationms="51.929" />

<exclusive-start id="98" timestamp="2022-01-28T14:21:34.769" intervalms="581.921">
  <response-info timems="0.016" idlems="0.016" threads="0" lastid="0000000000016F00" lastname="main" />
</exclusive-start>
<af-start id="99" threadId="0000000000017908" totalBytesRequested="24" timestamp="2022-01-28T14:21:34.769" intervalms="581.922" type="nursery" />
<cycle-start id="100" type="scavenge" contextid="0" timestamp="2022-01-28T14:21:34.769" intervalms="581.923" />
<gc-start id="101" type="scavenge" contextid="100" timestamp="2022-01-28T14:21:34.770">
  <mem-info id="102" free="333649376" total="838860800" percent="39">
    <mem type="nursery" free="0" total="209715200" percent="0">
      <mem type="allocate" free="0" total="115671040" percent="0" />
      <mem type="survivor" free="0" total="94044160" percent="0" />
    </mem>
    <mem type="tenure" free="333649376" total="629145600" percent="53">
      <mem type="soa" free="302192096" total="597688320" percent="50" />
      <mem type="loa" free="31457280" total="31457280" percent="100" />
    </mem>
    <remembered-set count="438" />
  </mem-info>
</gc-start>
<allocation-stats totalBytes="73118104" >
  <allocated-bytes non-tlh="208" tlh="73117896" />
  <largest-consumer threadName="main" threadId="0000000000016F00" bytes="73118104" />
</allocation-stats>
<gc-op id="103" type="scavenge" timems="50.531" contextid="100" timestamp="2022-01-28T14:21:34.820">
  <scavenger-info tenureage="1" tenuremask="7ffe" tiltratio="55" />
  <memory-copied type="nursery" objects="927105" bytes="52027360" bytesdiscarded="96800" />
  <memory-copied type="tenure" objects="781504" bytes="42321456" bytesdiscarded="20368" />
  <object-monitors candidates="2" cleared="0"  />
</gc-op>
<gc-end id="104" type="scavenge" contextid="100" durationms="50.882" usertimems="191.705" systemtimems="5.156" stalltimems="1.706" timestamp="2022-01-28T14:21:34.820" activeThreads="4">
  <mem-info id="105" free="375731936" total="838860800" percent="44">
    <mem type="nursery" free="84518400" total="209715200" percent="40">
      <mem type="allocate" free="84518400" total="136642560" percent="61" />
      <mem type="survivor" free="0" total="73072640" percent="0" />
    </mem>
    <mem type="tenure" free="291213536" total="629145600" percent="46" macro-fragmented="206078480">
      <mem type="soa" free="259756256" total="597688320" percent="43" />
      <mem type="loa" free="31457280" total="31457280" percent="100" />
    </mem>
    <remembered-set count="99" />
  </mem-info>
</gc-end>
<cycle-end id="106" type="scavenge" contextid="100" timestamp="2022-01-28T14:21:34.821" />
<allocation-satisfied id="107" threadId="0000000000016F00" bytesRequested="24" />
<af-end id="108" timestamp="2022-01-28T14:21:34.821" threadId="0000000000017908" success="true" from="nursery"/>
<exclusive-end id="109" timestamp="2022-01-28T14:21:34.821" durationms="51.169" />

<exclusive-start id="110" timestamp="2022-01-28T14:21:35.384" intervalms="614.253">
  <response-info timems="0.018" idlems="0.018" threads="0" lastid="0000000000016F00" lastname="main" />
</exclusive-start>
<af-start id="111" threadId="0000000000017908" totalBytesRequested="184" timestamp="2022-01-28T14:21:35.384" intervalms="614.254" type="nursery" />
<cycle-start id="112" type="scavenge" contextid="0" timestamp="2022-01-28T14:21:35.384" intervalms="614.254" />
<gc-start id="113" type="scavenge" contextid="112" timestamp="2022-01-28T14:21:35.384">
  <mem-info id="114" free="291213536" total="838860800" percent="34">
    <mem type="nursery" free="0" total="209715200" percent="0">
      <mem type="allocate" free="0" total="136642560" percent="0" />
      <mem type="survivor" free="0" total="73072640" percent="0" />
    </mem>
    <mem type="tenure" free="291213536" total="629145600" percent="46">
      <mem type="soa" free="259756256" total="597688320" percent="43" />
      <mem type="loa" free="31457280" total="31457280" percent="100" />
    </mem>
    <remembered-set count="99" />
  </mem-info>
</gc-start>
<allocation-stats totalBytes="84478904" >
  <allocated-bytes non-tlh="24" tlh="84478880" />
  <largest-consumer threadName="main" threadId="0000000000016F00" bytes="84478904" />
</allocation-stats>
<gc-op id="115" type="scavenge" timems="57.851" contextid="112" timestamp="2022-01-28T14:21:35.442">
  <scavenger-info tenureage="1" tenuremask="7ffe" tiltratio="65" />
  <memory-copied type="nursery" objects="1049160" bytes="60022016" bytesdiscarded="163600" />
  <memory-copied type="tenure" objects="927105" bytes="52027360" bytesdiscarded="24408" />
  <object-monitors candidates="2" cleared="0"  />
</gc-op>
<gc-end id="116" type="scavenge" contextid="112" durationms="58.075" usertimems="227.762" systemtimems="0.000" stalltimems="2.665" timestamp="2022-01-28T14:21:35.442" activeThreads="4">
  <mem-info id="117" free="315529632" total="838860800" percent="37">
    <mem type="nursery" free="76325872" total="209715200" percent="36">
      <mem type="allocate" free="76325872" total="136511488" percent="55" />
      <mem type="survivor" free="0" total="73203712" percent="0" />
    </mem>
    <mem type="tenure" free="239203760" total="629145600" percent="38" macro-fragmented="0">
      <mem type="soa" free="207746480" total="597688320" percent="34" />
      <mem type="loa" free="31457280" total="31457280" percent="100" />
    </mem>
    <remembered-set count="98" />
  </mem-info>
</gc-end>
<cycle-end id="118" type="scavenge" contextid="112" timestamp="2022-01-28T14:21:35.442" />
<allocation-satisfied id="119" threadId="0000000000016F00" bytesRequested="184" />
<af-end id="120" timestamp="2022-01-28T14:21:35.442" threadId="0000000000017908" success="true" from="nursery"/>
<exclusive-end id="121" timestamp="2022-01-28T14:21:35.442" durationms="58.395" />

<exclusive-start id="122" timestamp="2022-01-28T14:21:36.207" intervalms="823.643">
  <response-info timems="0.046" idlems="0.046" threads="0" lastid="0000000000016F00" lastname="main" />
</exclusive-start>
<af-start id="123" threadId="0000000000017908" totalBytesRequested="192" timestamp="2022-01-28T14:21:36.207" intervalms="823.641" type="nursery" />
<cycle-start id="124" type="scavenge" contextid="0" timestamp="2022-01-28T14:21:36.207" intervalms="823.640" />
<gc-start id="125" type="scavenge" contextid="124" timestamp="2022-01-28T14:21:36.207">
  <mem-info id="126" free="239203760" total="838860800" percent="28">
    <mem type="nursery" free="0" total="209715200" percent="0">
      <mem type="allocate" free="0" total="136511488" percent="0" />
      <mem type="survivor" free="0" total="73203712" percent="0" />
    </mem>
    <mem type="tenure" free="239203760" total="629145600" percent="38">
      <mem type="soa" free="207746480" total="597688320" percent="34" />
      <mem type="loa" free="31457280" total="31457280" percent="100" />
    </mem>
    <remembered-set count="129" />
  </mem-info>
</gc-start>
<allocation-stats totalBytes="76293864" >
  <allocated-bytes non-tlh="1590752" tlh="74703112" />
  <largest-consumer threadName="main" threadId="0000000000016F00" bytes="76293864" />
</allocation-stats>
<gc-op id="127" type="scavenge" timems="82.836" contextid="124" timestamp="2022-01-28T14:21:36.290">
  <scavenger-info tenureage="1" tenuremask="7ffe" tiltratio="65" />
  <memory-copied type="nursery" objects="1095191" bytes="53398072" bytesdiscarded="30992" />
  <memory-copied type="tenure" objects="1049159" bytes="60021912" bytesdiscarded="30984" />
  <finalization candidates="109" enqueued="53" />
  <references type="soft" candidates="14" cleared="0" enqueued="0" dynamicThreshold="32" maxThreshold="32" />
  <references type="weak" candidates="2" cleared="0" enqueued="0" />
  <references type="phantom" candidates="94" cleared="7" enqueued="7" />
  <object-monitors candidates="2" cleared="0"  />
</gc-op>
<gc-end id="128" type="scavenge" contextid="124" durationms="83.149" usertimems="325.257" systemtimems="5.134" stalltimems="2.761" timestamp="2022-01-28T14:21:36.291" activeThreads="4">
  <mem-info id="129" free="263906200" total="838860800" percent="31">
    <mem type="nursery" free="84720688" total="209715200" percent="40">
      <mem type="allocate" free="84720688" total="138149888" percent="61" />
      <mem type="survivor" free="0" total="71565312" percent="0" />
    </mem>
    <mem type="tenure" free="179185512" total="629145600" percent="28" macro-fragmented="0">
      <mem type="soa" free="147728232" total="597688320" percent="24" />
      <mem type="loa" free="31457280" total="31457280" percent="100" />
    </mem>
    <pending-finalizers system="52" default="1" reference="7" classloader="0" />
    <remembered-set count="126" />
  </mem-info>
</gc-end>
<cycle-end id="130" type="scavenge" contextid="124" timestamp="2022-01-28T14:21:36.291" />
<allocation-satisfied id="131" threadId="0000000000016F00" bytesRequested="192" />
<af-end id="132" timestamp="2022-01-28T14:21:36.291" threadId="0000000000017908" success="true" from="nursery"/>
<exclusive-end id="133" timestamp="2022-01-28T14:21:36.291" durationms="83.430" />

<exclusive-start id="134" timestamp="2022-01-28T14:21:36.900" intervalms="692.741">
  <response-info timems="0.017" idlems="0.017" threads="0" lastid="0000000000016F00" lastname="main" />
</exclusive-start>
<af-start id="135" threadId="0000000000017908" totalBytesRequested="184" timestamp="2022-01-28T14:21:36.900" intervalms="692.752" type="nursery" />
<cycle-start id="136" type="scavenge" contextid="0" timestamp="2022-01-28T14:21:36.900" intervalms="692.753" />
<gc-start id="137" type="scavenge" contextid="136" timestamp="2022-01-28T14:21:36.900">
  <mem-info id="138" free="179185512" total="838860800" percent="21">
    <mem type="nursery" free="0" total="209715200" percent="0">
      <mem type="allocate" free="0" total="138149888" percent="0" />
      <mem type="survivor" free="0" total="71565312" percent="0" />
    </mem>
    <mem type="tenure" free="179185512" total="629145600" percent="28">
      <mem type="soa" free="147728232" total="597688320" percent="24" />
      <mem type="loa" free="31457280" total="31457280" percent="100" />
    </mem>
    <remembered-set count="127" />
  </mem-info>
</gc-start>
<allocation-stats totalBytes="84679984" >
  <allocated-bytes non-tlh="1347872" tlh="83332112" />
  <largest-consumer threadName="main" threadId="0000000000016F00" bytes="84671792" />
</allocation-stats>
<gc-op id="139" type="scavenge" timems="63.581" contextid="136" timestamp="2022-01-28T14:21:36.964">
  <scavenger-info tenureage="1" tenuremask="7ffe" tiltratio="65" />
  <memory-copied type="nursery" objects="1021894" bytes="60586104" bytesdiscarded="232672" />
  <memory-copied type="tenure" objects="1094471" bytes="52454800" bytesdiscarded="26952" />
  <finalization candidates="57" enqueued="0" />
  <references type="phantom" candidates="1" cleared="0" enqueued="0" />
  <object-monitors candidates="2" cleared="0"  />
</gc-op>
<gc-end id="140" type="scavenge" contextid="136" durationms="63.892" usertimems="248.440" systemtimems="0.000" stalltimems="3.988" timestamp="2022-01-28T14:21:36.964" activeThreads="4">
  <mem-info id="141" free="202867128" total="838860800" percent="24">
    <mem type="nursery" free="76020392" total="209715200" percent="36">
      <mem type="allocate" free="76020392" total="136839168" percent="55" />
      <mem type="survivor" free="0" total="72876032" percent="0" />
    </mem>
    <mem type="tenure" free="126846736" total="629145600" percent="20" macro-fragmented="0">
      <mem type="soa" free="95389456" total="597688320" percent="15" />
      <mem type="loa" free="31457280" total="31457280" percent="100" />
    </mem>
    <remembered-set count="98" />
  </mem-info>
</gc-end>
<cycle-end id="142" type="scavenge" contextid="136" timestamp="2022-01-28T14:21:36.964" />
<allocation-satisfied id="143" threadId="0000000000016F00" bytesRequested="184" />
<af-end id="144" timestamp="2022-01-28T14:21:36.964" threadId="0000000000017908" success="true" from="nursery"/>
<exclusive-end id="145" timestamp="2022-01-28T14:21:36.964" durationms="64.291" />

<concurrent-kickoff id="146" timestamp="2022-01-28T14:21:37.344">
  <kickoff reason="threshold reached" targetBytes="186730415" thresholdFreeBytes="25800720"  remainingFree="25721328" tenureFreeBytes="126846736" nurseryFreeBytes="25721328" />
</concurrent-kickoff>
<exclusive-start id="147" timestamp="2022-01-28T14:21:37.349" intervalms="448.855">
  <response-info timems="0.017" idlems="0.017" threads="0" lastid="0000000000016F00" lastname="main" />
</exclusive-start>
<cycle-start id="148" type="global" contextid="0" timestamp="2022-01-28T14:21:37.349" intervalms="11379.907" />
<concurrent-start id="149" type="global mark" contextid="148" timestamp="2022-01-28T14:21:37.349">
</concurrent-start>
<exclusive-end id="150" timestamp="2022-01-28T14:21:37.349" durationms="0.036" />

<exclusive-start id="151" timestamp="2022-01-28T14:21:37.733" intervalms="384.037">
  <response-info timems="0.031" idlems="0.031" threads="0" lastid="0000000000016F00" lastname="main" />
</exclusive-start>
<af-start id="152" threadId="0000000000017908" totalBytesRequested="184" timestamp="2022-01-28T14:21:37.733" intervalms="832.885" type="nursery" />
<cycle-start id="153" type="scavenge" contextid="0" timestamp="2022-01-28T14:21:37.733" intervalms="832.886" />
<gc-start id="154" type="scavenge" contextid="153" timestamp="2022-01-28T14:21:37.733">
  <mem-info id="155" free="126846736" total="838860800" percent="15">
    <mem type="nursery" free="0" total="209715200" percent="0">
      <mem type="allocate" free="0" total="136839168" percent="0" />
      <mem type="survivor" free="0" total="72876032" percent="0" />
    </mem>
    <mem type="tenure" free="126846736" total="629145600" percent="20">
      <mem type="soa" free="95389456" total="597688320" percent="15" />
      <mem type="loa" free="31457280" total="31457280" percent="100" />
    </mem>
    <remembered-set count="98" />
  </mem-info>
</gc-start>
<allocation-stats totalBytes="75983664" >
  <allocated-bytes non-tlh="184" tlh="75983480" />
  <largest-consumer threadName="main" threadId="0000000000016F00" bytes="75983664" />
</allocation-stats>
<gc-op id="156" type="scavenge" timems="64.555" contextid="153" timestamp="2022-01-28T14:21:37.798">
  <scavenger-info tenureage="1" tenuremask="7ffe" tiltratio="65" />
  <memory-copied type="nursery" objects="990289" bytes="54169712" bytesdiscarded="117136" />
  <memory-copied type="tenure" objects="1021893" bytes="60586000" bytesdiscarded="30784" />
  <finalization candidates="1" enqueued="0" />
  <object-monitors candidates="2" cleared="0"  />
</gc-op>
<gc-end id="157" type="scavenge" contextid="153" durationms="64.996" usertimems="249.686" systemtimems="0.000" stalltimems="1.827" timestamp="2022-01-28T14:21:37.798" activeThreads="4">
  <mem-info id="158" free="150129840" total="838860800" percent="17">
    <mem type="nursery" free="83994112" total="209715200" percent="40">
      <mem type="allocate" free="83994112" total="138280960" percent="60" />
      <mem type="survivor" free="0" total="71434240" percent="0" />
    </mem>
    <mem type="tenure" free="66135728" total="629145600" percent="10" macro-fragmented="0">
      <mem type="soa" free="34678448" total="597688320" percent="5" />
      <mem type="loa" free="31457280" total="31457280" percent="100" />
    </mem>
    <remembered-set count="99" />
  </mem-info>
</gc-end>
<cycle-end id="159" type="scavenge" contextid="153" timestamp="2022-01-28T14:21:37.798" />
<allocation-satisfied id="160" threadId="0000000000016F00" bytesRequested="184" />
<af-end id="161" timestamp="2022-01-28T14:21:37.798" threadId="0000000000017908" success="true" from="nursery"/>
<exclusive-end id="162" timestamp="2022-01-28T14:21:37.798" durationms="65.323" />

<concurrent-end id="163" type="global mark" contextid="148" timestamp="2022-01-28T14:21:37.844">
<gc-op id="164" type="trace" timems="495.400" contextid="148" timestamp="2022-01-28T14:21:37.844">
  <trace bytesTraced="149166324" workStackOverflowCount="0" />
  <card-cleaning reason="card cleaning threshold reached" bytesTraced="820" cardsCleaned="2" />
</gc-op>
</concurrent-end>

<exclusive-start id="165" timestamp="2022-01-28T14:21:37.844" intervalms="111.463">
  <response-info timems="0.017" idlems="0.017" threads="0" lastid="0000000000016F00" lastname="main" />
</exclusive-start>
<concurrent-global-final id="166" timestamp="2022-01-28T14:21:37.844" contextid="148" intervalms="11875.429" >
  <concurrent-trace-info reason="card cleaning threshold reached" tracedByMutators="73417260" tracedByHelpers="75749884" cardsCleaned="2" workStackOverflowCount="0" />
</concurrent-global-final>
<gc-start id="167" type="global" contextid="148" timestamp="2022-01-28T14:21:37.844">
  <mem-info id="168" free="145312760" total="838860800" percent="17">
    <mem type="nursery" free="79177032" total="209715200" percent="37">
      <mem type="allocate" free="79177032" total="138280960" percent="57" />
      <mem type="survivor" free="0" total="71434240" percent="0" />
    </mem>
    <mem type="tenure" free="66135728" total="629145600" percent="10">
      <mem type="soa" free="34678448" total="597688320" percent="5" />
      <mem type="loa" free="31457280" total="31457280" percent="100" />
    </mem>
    <remembered-set count="99" />
  </mem-info>
</gc-start>
<allocation-stats totalBytes="4815208" >
  <allocated-bytes non-tlh="184" tlh="4815024" />
  <largest-consumer threadName="main" threadId="0000000000016F00" bytes="4815208" />
</allocation-stats>
<gc-op id="169" type="rs-scan" timems="0.628" contextid="148" timestamp="2022-01-28T14:21:37.845">
  <scan objectsFound="0" bytesTraced="4572" workStackOverflowCount="0" />
</gc-op>
<gc-op id="170" type="card-cleaning" timems="17.219" contextid="148" timestamp="2022-01-28T14:21:37.862">
  <card-cleaning cardsCleaned="9" bytesTraced="7249092" workStackOverflowCount="0" />
</gc-op>
<gc-op id="171" type="mark" timems="54.172" contextid="148" timestamp="2022-01-28T14:21:37.917">
  <trace-info objectcount="1623606" scancount="1217717" scanbytes="25977728" />
  <finalization candidates="371" enqueued="0" />
  <ownableSynchronizers candidates="1" cleared="0" />
  <references type="soft" candidates="1063" cleared="0" enqueued="0" dynamicThreshold="32" maxThreshold="32" />
  <references type="weak" candidates="1797" cleared="92" enqueued="46" />
  <references type="phantom" candidates="53" cleared="3" enqueued="3" />
  <stringconstants candidates="6464" cleared="1"  />
  <object-monitors candidates="2" cleared="0"  />
</gc-op>
<gc-op id="172" type="classunload" timems="0.005" contextid="148" timestamp="2022-01-28T14:21:37.917">
  <classunload-info classloadercandidates="6" classloadersunloaded="0" classesunloaded="0" anonymousclassesunloaded="0" quiescems="0.000" setupms="0.004" scanms="0.001" postms="0.000" />
</gc-op>
<gc-op id="173" type="sweep" timems="4.667" contextid="148" timestamp="2022-01-28T14:21:37.921" />
<gc-end id="174" type="global" contextid="148" durationms="76.911" usertimems="91.747" systemtimems="0.000" stalltimems="161.937" timestamp="2022-01-28T14:21:37.921" activeThreads="4">
  <mem-info id="175" free="148448736" total="838860800" percent="17">
    <mem type="nursery" free="79397496" total="209715200" percent="37">
      <mem type="allocate" free="79397496" total="138280960" percent="57" />
      <mem type="survivor" free="0" total="71434240" percent="0" />
    </mem>
    <mem type="tenure" free="69051240" total="629145600" percent="10" micro-fragmented="369844" macro-fragmented="0">
      <mem type="soa" free="37593960" total="597688320" percent="6" />
      <mem type="loa" free="31457280" total="31457280" percent="100" />
    </mem>
    <pending-finalizers system="0" default="0" reference="49" classloader="0" />
    <remembered-set count="99" />
  </mem-info>
</gc-end>
<cycle-end id="176" type="global" contextid="148" timestamp="2022-01-28T14:21:37.922" />
<exclusive-end id="177" timestamp="2022-01-28T14:21:37.922" durationms="77.164" />

<concurrent-kickoff id="178" timestamp="2022-01-28T14:21:38.284">
  <kickoff reason="threshold reached" targetBytes="178160891" thresholdFreeBytes="23247700"  remainingFree="23135448" tenureFreeBytes="69051240" nurseryFreeBytes="23135448" />
</concurrent-kickoff>
<exclusive-start id="179" timestamp="2022-01-28T14:21:38.287" intervalms="442.450">
  <response-info timems="0.018" idlems="0.018" threads="0" lastid="0000000000016F00" lastname="main" />
</exclusive-start>
<cycle-start id="180" type="global" contextid="0" timestamp="2022-01-28T14:21:38.287" intervalms="937.940" />
<concurrent-start id="181" type="global mark" contextid="180" timestamp="2022-01-28T14:21:38.287">
</concurrent-start>
<exclusive-end id="182" timestamp="2022-01-28T14:21:38.287" durationms="0.024" />

<exclusive-start id="183" timestamp="2022-01-28T14:21:38.616" intervalms="329.629">
  <response-info timems="0.041" idlems="0.041" threads="0" lastid="0000000000016F00" lastname="main" />
</exclusive-start>
<af-start id="184" threadId="0000000000017908" totalBytesRequested="104" timestamp="2022-01-28T14:21:38.617" intervalms="883.539" type="nursery" />
<cycle-start id="185" type="scavenge" contextid="0" timestamp="2022-01-28T14:21:38.617" intervalms="883.539" />
<gc-start id="186" type="scavenge" contextid="185" timestamp="2022-01-28T14:21:38.617">
  <mem-info id="187" free="69051240" total="838860800" percent="8">
    <mem type="nursery" free="0" total="209715200" percent="0">
      <mem type="allocate" free="0" total="138280960" percent="0" />
      <mem type="survivor" free="0" total="71434240" percent="0" />
    </mem>
    <mem type="tenure" free="69051240" total="629145600" percent="10">
      <mem type="soa" free="37593960" total="597688320" percent="6" />
      <mem type="loa" free="31457280" total="31457280" percent="100" />
    </mem>
    <remembered-set count="150" />
  </mem-info>
</gc-start>
<allocation-stats totalBytes="79358752" >
  <allocated-bytes non-tlh="0" tlh="79358752" />
  <largest-consumer threadName="main" threadId="0000000000016F00" bytes="79354656" />
</allocation-stats>
<gc-op id="188" type="scavenge" timems="200.499" contextid="185" timestamp="2022-01-28T14:21:38.817">
  <scavenger-info tenureage="1" tenuremask="7ffe" tiltratio="65" />
  <memory-copied type="nursery" objects="1228479" bytes="71170088" bytesdiscarded="264152" />
  <memory-copied type="tenure" objects="740560" bytes="37576376" bytesdiscarded="17584" />
  <copy-failed type="nursery" objects="1" bytes="216" />
  <copy-failed type="tenure" objects="249729" bytes="16593448" />
  <ownableSynchronizers candidates="2" cleared="0" />
  <warning details="aborted collection due to insufficient free space" />
</gc-op>
<gc-end id="189" type="scavenge" contextid="185" durationms="200.627" usertimems="373.387" systemtimems="0.000" stalltimems="427.227" timestamp="2022-01-28T14:21:38.817" activeThreads="4">
  <mem-info id="190" free="31457280" total="838860800" percent="3">
    <mem type="nursery" free="0" total="209715200" percent="0">
      <mem type="allocate" free="0" total="138280960" percent="0" />
      <mem type="survivor" free="0" total="71434240" percent="0" />
    </mem>
    <mem type="tenure" free="31457280" total="629145600" percent="5" macro-fragmented="27735676">
      <mem type="soa" free="0" total="597688320" percent="0" />
      <mem type="loa" free="31457280" total="31457280" percent="100" />
    </mem>
    <remembered-set count="150" />
  </mem-info>
</gc-end>
<cycle-end id="191" type="scavenge" contextid="185" timestamp="2022-01-28T14:21:38.817" />
<percolate-collect id="192" from="nursery" to="global" reason="failed tenure threshold reached" timestamp="2022-01-28T14:21:38.817"/>
<concurrent-end id="193" type="global mark" contextid="180" timestamp="2022-01-28T14:21:38.817">
<gc-op id="194" type="trace" timems="530.544" contextid="180" timestamp="2022-01-28T14:21:38.817">
  <trace bytesTraced="123542356" workStackOverflowCount="0" />
  <card-cleaning reason="card cleaning threshold reached" bytesTraced="520" cardsCleaned="2" />
</gc-op>
</concurrent-end>

<gc-start id="195" type="global" contextid="180" timestamp="2022-01-28T14:21:38.817">
  <mem-info id="196" free="31457280" total="838860800" percent="3">
    <mem type="nursery" free="0" total="209715200" percent="0">
      <mem type="allocate" free="0" total="138280960" percent="0" />
      <mem type="survivor" free="0" total="71434240" percent="0" />
    </mem>
    <mem type="tenure" free="31457280" total="629145600" percent="5">
      <mem type="soa" free="0" total="597688320" percent="0" />
      <mem type="loa" free="31457280" total="31457280" percent="100" />
    </mem>
    <remembered-set count="150" />
  </mem-info>
</gc-start>
<allocation-stats totalBytes="0" >
  <allocated-bytes non-tlh="0" tlh="0" />
</allocation-stats>
<concurrent-halted id="197" timestamp="2022-01-28T14:21:38.817">
  <halted state="Tracing incomplete" status="clean trace" />
  <traced bytesTarget="178160891" bytesTotal="123542876" bytesByMutator="68790120" bytesByHelper="54752756" percent="69" />
  <cards cleaned="2" thresholdBytes="9158185" />
</concurrent-halted>
<gc-op id="198" type="tracing" timems="70.833" contextid="180" timestamp="2022-01-28T14:21:38.888">
  <trace bytesTraced="42070520" workStackOverflowCount="0" />
</gc-op>
<gc-op id="199" type="rs-scan" timems="0.524" contextid="180" timestamp="2022-01-28T14:21:38.889">
  <scan objectsFound="1" bytesTraced="7548" workStackOverflowCount="0" />
</gc-op>
<gc-op id="200" type="card-cleaning" timems="76.881" contextid="180" timestamp="2022-01-28T14:21:38.966">
  <card-cleaning cardsCleaned="2" bytesTraced="32621628" workStackOverflowCount="0" />
</gc-op>
<gc-op id="201" type="mark" timems="1.148" contextid="180" timestamp="2022-01-28T14:21:38.967">
  <trace-info objectcount="43" scancount="43" scanbytes="688" />
  <finalization candidates="371" enqueued="0" />
  <ownableSynchronizers candidates="1" cleared="0" />
  <references type="soft" candidates="1063" cleared="0" enqueued="0" dynamicThreshold="3" maxThreshold="32" />
  <references type="weak" candidates="1705" cleared="0" enqueued="0" />
  <references type="phantom" candidates="50" cleared="0" enqueued="0" />
  <stringconstants candidates="6463" cleared="0"  />
  <object-monitors candidates="2" cleared="0"  />
</gc-op>
<gc-op id="202" type="sweep" timems="5.234" contextid="180" timestamp="2022-01-28T14:21:38.972" />
<gc-end id="203" type="global" contextid="180" durationms="154.846" usertimems="169.181" systemtimems="0.789" stalltimems="2.921" timestamp="2022-01-28T14:21:38.972" activeThreads="4">
  <mem-info id="204" free="69060336" total="838860800" percent="8">
    <mem type="nursery" free="9032" total="209715200" percent="0">
      <mem type="allocate" free="9032" total="138280960" percent="0" />
      <mem type="survivor" free="0" total="71434240" percent="0" />
    </mem>
    <mem type="tenure" free="69051304" total="629145600" percent="10" micro-fragmented="369075" macro-fragmented="0">
      <mem type="soa" free="37594024" total="597688320" percent="6" />
      <mem type="loa" free="31457280" total="31457280" percent="100" />
    </mem>
    <remembered-set count="147" />
  </mem-info>
</gc-end>
<cycle-end id="205" type="global" contextid="180" timestamp="2022-01-28T14:21:38.972" />
<concurrent-kickoff id="206" timestamp="2022-01-28T14:21:38.972">
  <kickoff reason="threshold reached" targetBytes="198235024" thresholdFreeBytes="25628512"  remainingFree="8928" tenureFreeBytes="69051304" nurseryFreeBytes="8928" />
</concurrent-kickoff>
<allocation-satisfied id="207" threadId="0000000000016F00" bytesRequested="104" />
<af-end id="208" timestamp="2022-01-28T14:21:38.972" threadId="0000000000017908" success="true" from="nursery"/>
<exclusive-end id="209" timestamp="2022-01-28T14:21:38.972" durationms="356.002" />

<exclusive-start id="210" timestamp="2022-01-28T14:21:38.973" intervalms="356.145">
  <response-info timems="0.013" idlems="0.013" threads="0" lastid="0000000000016F00" lastname="main" />
</exclusive-start>
<af-start id="211" threadId="0000000000017908" totalBytesRequested="192" timestamp="2022-01-28T14:21:38.973" intervalms="356.121" type="nursery" />
<cycle-start id="212" type="scavenge" contextid="0" timestamp="2022-01-28T14:21:38.973" intervalms="356.116" />
<gc-start id="213" type="scavenge" contextid="212" timestamp="2022-01-28T14:21:38.973">
  <mem-info id="214" free="69051304" total="838860800" percent="8">
    <mem type="nursery" free="0" total="209715200" percent="0">
      <mem type="allocate" free="0" total="138280960" percent="0" />
      <mem type="survivor" free="0" total="71434240" percent="0" />
    </mem>
    <mem type="tenure" free="69051304" total="629145600" percent="10">
      <mem type="soa" free="37594024" total="597688320" percent="6" />
      <mem type="loa" free="31457280" total="31457280" percent="100" />
    </mem>
    <remembered-set count="147" />
  </mem-info>
</gc-start>
<allocation-stats totalBytes="8720" >
  <allocated-bytes non-tlh="104" tlh="8616" />
  <largest-consumer threadName="main" threadId="0000000000016F00" bytes="8720" />
</allocation-stats>
<gc-op id="215" type="scavenge" timems="208.209" contextid="212" timestamp="2022-01-28T14:21:39.181">
  <scavenger-info tenureage="1" tenuremask="7ffe" tiltratio="65" />
  <memory-copied type="nursery" objects="1174355" bytes="71144928" bytesdiscarded="289312" />
  <memory-copied type="tenure" objects="787734" bytes="37577472" bytesdiscarded="16552" />
  <copy-failed type="nursery" objects="1" bytes="24" />
  <copy-failed type="tenure" objects="495086" bytes="33549056" />
  <ownableSynchronizers candidates="2" cleared="0" />
  <warning details="aborted collection due to insufficient free space" />
</gc-op>
<gc-end id="216" type="scavenge" contextid="212" durationms="208.375" usertimems="381.730" systemtimems="3.513" stalltimems="446.221" timestamp="2022-01-28T14:21:39.181" activeThreads="4">
  <mem-info id="217" free="31457280" total="838860800" percent="3">
    <mem type="nursery" free="0" total="209715200" percent="0">
      <mem type="allocate" free="0" total="138280960" percent="0" />
      <mem type="survivor" free="0" total="71434240" percent="0" />
    </mem>
    <mem type="tenure" free="31457280" total="629145600" percent="5" macro-fragmented="23113062">
      <mem type="soa" free="0" total="597688320" percent="0" />
      <mem type="loa" free="31457280" total="31457280" percent="100" />
    </mem>
    <remembered-set count="147" />
  </mem-info>
</gc-end>
<cycle-end id="218" type="scavenge" contextid="212" timestamp="2022-01-28T14:21:39.181" />
<percolate-collect id="219" from="nursery" to="global" reason="failed tenure threshold reached" timestamp="2022-01-28T14:21:39.181"/>
<concurrent-aborted id="220" timestamp="2022-01-28T14:21:39.181">
  <reason value="insufficient progress made" />
</concurrent-aborted>
<cycle-end id="221" type="global" contextid="180" timestamp="2022-01-28T14:21:39.181" />
<cycle-start id="222" type="global" contextid="0" timestamp="2022-01-28T14:21:39.181" intervalms="894.446" />
<gc-start id="223" type="global" contextid="222" timestamp="2022-01-28T14:21:39.181">
  <mem-info id="224" free="31457280" total="838860800" percent="3">
    <mem type="nursery" free="0" total="209715200" percent="0">
      <mem type="allocate" free="0" total="138280960" percent="0" />
      <mem type="survivor" free="0" total="71434240" percent="0" />
    </mem>
    <mem type="tenure" free="31457280" total="629145600" percent="5">
      <mem type="soa" free="0" total="597688320" percent="0" />
      <mem type="loa" free="31457280" total="31457280" percent="100" />
    </mem>
    <remembered-set count="147" />
  </mem-info>
</gc-start>
<allocation-stats totalBytes="0" >
  <allocated-bytes non-tlh="0" tlh="0" />
</allocation-stats>
<heap-resize id="225" type="loa contract" space="tenure" amount="25165824" count="1" timems="0.000" reason="contract on aggressive gc" timestamp="2022-01-28T14:21:39.181" />
<gc-op id="226" type="mark" timems="303.743" contextid="222" timestamp="2022-01-28T14:21:39.485">
  <trace-info objectcount="12209821" scancount="9162896" scanbytes="196192792" />
  <finalization candidates="371" enqueued="0" />
  <ownableSynchronizers candidates="1" cleared="0" />
  <references type="soft" candidates="1053" cleared="171" enqueued="162" dynamicThreshold="3" maxThreshold="32" />
  <references type="weak" candidates="1705" cleared="0" enqueued="0" />
  <references type="phantom" candidates="50" cleared="0" enqueued="0" />
  <stringconstants candidates="6463" cleared="41"  />
  <object-monitors candidates="2" cleared="0"  />
</gc-op>
<gc-op id="227" type="classunload" timems="0.535" contextid="222" timestamp="2022-01-28T14:21:39.486">
  <classunload-info classloadercandidates="6" classloadersunloaded="2" classesunloaded="39" anonymousclassesunloaded="0" quiescems="0.000" setupms="0.521" scanms="0.011" postms="0.003" />
</gc-op>
<gc-op id="228" type="sweep" timems="5.738" contextid="222" timestamp="2022-01-28T14:21:39.491" />
<mem-info id="229" free="73454288" total="838860800" percent="8">
  <mem type="nursery" free="0" total="209715200" percent="0">
    <mem type="allocate" free="0" total="138280960" percent="0" />
    <mem type="survivor" free="0" total="71434240" percent="0" />
  </mem>
  <mem type="tenure" free="73454288" total="629145600" percent="11" micro-fragmented="369819" macro-fragmented="33282812">
    <mem type="soa" free="67162832" total="622854144" percent="10" />
    <mem type="loa" free="6291456" total="6291456" percent="100" />
  </mem>
  <pending-finalizers system="0" default="0" reference="162" classloader="0" />
  <remembered-set count="147" />
</mem-info>
<gc-op id="230" type="compact" timems="588.284" contextid="222" timestamp="2022-01-28T14:21:40.080">
  <compact-info movecount="12190750" movebytes="668286424" reason="compact on aggressive collection" />
</gc-op>
<gc-end id="231" type="global" contextid="222" durationms="898.676" usertimems="2841.481" systemtimems="13.485" stalltimems="696.373" timestamp="2022-01-28T14:21:40.080" activeThreads="4">
  <mem-info id="232" free="98118040" total="838860800" percent="11">
    <mem type="nursery" free="24374880" total="209715200" percent="11">
      <mem type="allocate" free="24374880" total="138280960" percent="17" />
      <mem type="survivor" free="0" total="71434240" percent="0" />
    </mem>
    <mem type="tenure" free="73743160" total="629145600" percent="11">
      <mem type="soa" free="67451704" total="622854144" percent="10" />
      <mem type="loa" free="6291456" total="6291456" percent="100" />
    </mem>
    <pending-finalizers system="0" default="0" reference="162" classloader="0" />
    <remembered-set count="147" />
  </mem-info>
</gc-end>
<cycle-end id="233" type="global" contextid="222" timestamp="2022-01-28T14:21:40.080" />
<allocation-satisfied id="234" threadId="0000000000016F00" bytesRequested="192" />
<af-end id="235" timestamp="2022-01-28T14:21:40.080" threadId="0000000000017908" success="true" from="nursery"/>
<exclusive-end id="236" timestamp="2022-01-28T14:21:40.080" durationms="1107.658" />

<concurrent-kickoff id="237" timestamp="2022-01-28T14:21:40.099">
  <kickoff reason="threshold reached" targetBytes="178533578" thresholdFreeBytes="23091540"  remainingFree="23046856" tenureFreeBytes="73743160" nurseryFreeBytes="23046856" />
</concurrent-kickoff>
<exclusive-start id="238" timestamp="2022-01-28T14:21:40.101" intervalms="1128.651">
  <response-info timems="0.018" idlems="0.018" threads="0" lastid="0000000000016F00" lastname="main" />
</exclusive-start>
<cycle-start id="239" type="global" contextid="0" timestamp="2022-01-28T14:21:40.101" intervalms="919.979" />
<concurrent-start id="240" type="global mark" contextid="239" timestamp="2022-01-28T14:21:40.101">
</concurrent-start>
<exclusive-end id="241" timestamp="2022-01-28T14:21:40.101" durationms="0.024" />

<exclusive-start id="242" timestamp="2022-01-28T14:21:40.456" intervalms="354.356">
  <response-info timems="0.041" idlems="0.041" threads="0" lastid="0000000000016F00" lastname="main" />
</exclusive-start>
<af-start id="243" threadId="0000000000017908" totalBytesRequested="184" timestamp="2022-01-28T14:21:40.456" intervalms="1483.033" type="nursery" />
<cycle-start id="244" type="scavenge" contextid="0" timestamp="2022-01-28T14:21:40.456" intervalms="1483.038" />
<gc-start id="245" type="scavenge" contextid="244" timestamp="2022-01-28T14:21:40.456">
  <mem-info id="246" free="73743160" total="838860800" percent="8">
    <mem type="nursery" free="0" total="209715200" percent="0">
      <mem type="allocate" free="0" total="138280960" percent="0" />
      <mem type="survivor" free="0" total="71434240" percent="0" />
    </mem>
    <mem type="tenure" free="73743160" total="629145600" percent="11">
      <mem type="soa" free="67451704" total="622854144" percent="10" />
      <mem type="loa" free="6291456" total="6291456" percent="100" />
    </mem>
    <remembered-set count="314" />
  </mem-info>
</gc-start>
<allocation-stats totalBytes="24361368" >
  <allocated-bytes non-tlh="192" tlh="24361176" />
  <largest-consumer threadName="main" threadId="0000000000016F00" bytes="24357272" />
</allocation-stats>
<gc-op id="247" type="scavenge" timems="102.858" contextid="244" timestamp="2022-01-28T14:21:40.559">
  <scavenger-info tenureage="1" tenuremask="7ffe" tiltratio="65" />
  <memory-copied type="nursery" objects="1105127" bytes="63803872" bytesdiscarded="117152" />
  <memory-copied type="tenure" objects="1241520" bytes="67418704" bytesdiscarded="33000" />
  <copy-failed type="tenure" objects="152896" bytes="10355224" />
  <ownableSynchronizers candidates="2" cleared="2" />
  <object-monitors candidates="2" cleared="0"  />
</gc-op>
<gc-end id="248" type="scavenge" contextid="244" durationms="103.035" usertimems="324.699" systemtimems="0.000" stalltimems="4.520" timestamp="2022-01-28T14:21:40.559" activeThreads="4">
  <mem-info id="249" free="74359936" total="838860800" percent="8">
    <mem type="nursery" free="68068480" total="209715200" percent="32">
      <mem type="allocate" free="68068480" total="131989504" percent="51" />
      <mem type="survivor" free="0" total="77725696" percent="0" />
    </mem>
    <mem type="tenure" free="6291456" total="629145600" percent="1" macro-fragmented="3110739">
      <mem type="soa" free="0" total="622854144" percent="0" />
      <mem type="loa" free="6291456" total="6291456" percent="100" />
    </mem>
    <remembered-set count="59703" />
  </mem-info>
</gc-end>
<cycle-end id="250" type="scavenge" contextid="244" timestamp="2022-01-28T14:21:40.559" />
<allocation-satisfied id="251" threadId="0000000000016F00" bytesRequested="184" />
<af-end id="252" timestamp="2022-01-28T14:21:40.559" threadId="0000000000017908" success="true" from="nursery"/>
<exclusive-end id="253" timestamp="2022-01-28T14:21:40.559" durationms="103.322" />

<concurrent-end id="254" type="global mark" contextid="239" timestamp="2022-01-28T14:21:40.685">
<gc-op id="255" type="trace" timems="583.707" contextid="239" timestamp="2022-01-28T14:21:40.685">
  <trace bytesTraced="163542860" workStackOverflowCount="0" />
  <card-cleaning reason="card cleaning threshold reached" bytesTraced="2856" cardsCleaned="4" />
</gc-op>
</concurrent-end>

<exclusive-start id="256" timestamp="2022-01-28T14:21:40.685" intervalms="229.414">
  <response-info timems="0.015" idlems="0.015" threads="0" lastid="0000000000016F00" lastname="main" />
</exclusive-start>
<concurrent-global-final id="257" timestamp="2022-01-28T14:21:40.685" contextid="239" intervalms="2840.628" >
  <concurrent-trace-info reason="card cleaning threshold reached" tracedByMutators="87439188" tracedByHelpers="76106528" cardsCleaned="4" workStackOverflowCount="0" />
</concurrent-global-final>
<gc-start id="258" type="global" contextid="239" timestamp="2022-01-28T14:21:40.685">
  <mem-info id="259" free="63378376" total="838860800" percent="7">
    <mem type="nursery" free="57086920" total="209715200" percent="27">
      <mem type="allocate" free="57086920" total="131989504" percent="43" />
      <mem type="survivor" free="0" total="77725696" percent="0" />
    </mem>
    <mem type="tenure" free="6291456" total="629145600" percent="1">
      <mem type="soa" free="0" total="622854144" percent="0" />
      <mem type="loa" free="6291456" total="6291456" percent="100" />
    </mem>
    <remembered-set count="59703" />
  </mem-info>
</gc-start>
<allocation-stats totalBytes="10976328" >
  <allocated-bytes non-tlh="184" tlh="10976144" />
  <largest-consumer threadName="main" threadId="0000000000016F00" bytes="10976328" />
</allocation-stats>
<gc-op id="260" type="rs-scan" timems="0.561" contextid="239" timestamp="2022-01-28T14:21:40.686">
  <scan objectsFound="6" bytesTraced="10164" workStackOverflowCount="0" />
</gc-op>
<gc-op id="261" type="card-cleaning" timems="89.328" contextid="239" timestamp="2022-01-28T14:21:40.775">
  <card-cleaning cardsCleaned="3" bytesTraced="39934660" workStackOverflowCount="0" />
</gc-op>
<gc-op id="262" type="mark" timems="2.795" contextid="239" timestamp="2022-01-28T14:21:40.778">
  <trace-info objectcount="44" scancount="44" scanbytes="712" />
  <finalization candidates="371" enqueued="0" />
  <ownableSynchronizers candidates="1" cleared="0" />
  <references type="soft" candidates="882" cleared="0" enqueued="0" dynamicThreshold="3" maxThreshold="32" />
  <references type="weak" candidates="1705" cleared="0" enqueued="0" />
  <references type="phantom" candidates="50" cleared="0" enqueued="0" />
  <stringconstants candidates="6422" cleared="0"  />
  <object-monitors candidates="2" cleared="0"  />
</gc-op>
<gc-op id="263" type="sweep" timems="9.803" contextid="239" timestamp="2022-01-28T14:21:40.788" />
<mem-info id="264" free="63597328" total="838860800" percent="7">
  <mem type="nursery" free="57305872" total="209715200" percent="27">
    <mem type="allocate" free="57305872" total="131989504" percent="43" />
    <mem type="survivor" free="0" total="77725696" percent="0" />
  </mem>
  <mem type="tenure" free="6291456" total="629145600" percent="1" micro-fragmented="271121" macro-fragmented="4479464">
    <mem type="soa" free="0" total="622854144" percent="0" />
    <mem type="loa" free="6291456" total="6291456" percent="100" />
  </mem>
  <remembered-set count="59553" />
</mem-info>
<gc-op id="265" type="compact" timems="485.845" contextid="239" timestamp="2022-01-28T14:21:41.274">
  <compact-info movecount="8079722" movebytes="439709688" reason="low free space (less than 4%)" />
</gc-op>
<gc-end id="266" type="global" contextid="239" durationms="588.682" usertimems="1948.073" systemtimems="0.000" stalltimems="7.163" timestamp="2022-01-28T14:21:41.274" activeThreads="4">
  <mem-info id="267" free="66762584" total="838860800" percent="7">
    <mem type="nursery" free="60415528" total="209715200" percent="28">
      <mem type="allocate" free="60415528" total="131989504" percent="45" />
      <mem type="survivor" free="0" total="77725696" percent="0" />
    </mem>
    <mem type="tenure" free="6347056" total="629145600" percent="1">
      <mem type="soa" free="55600" total="622854144" percent="0" />
      <mem type="loa" free="6291456" total="6291456" percent="100" />
    </mem>
    <remembered-set count="59553" />
  </mem-info>
</gc-end>
<cycle-end id="268" type="global" contextid="239" timestamp="2022-01-28T14:21:41.274" />
<exclusive-end id="269" timestamp="2022-01-28T14:21:41.274" durationms="588.921" />

<concurrent-kickoff id="270" timestamp="2022-01-28T14:21:41.600">
  <kickoff reason="threshold reached" targetBytes="174816641" thresholdFreeBytes="21153840"  remainingFree="21127688" tenureFreeBytes="6347056" nurseryFreeBytes="21127688" />
</concurrent-kickoff>
<exclusive-start id="271" timestamp="2022-01-28T14:21:41.606" intervalms="920.908">
  <response-info timems="0.018" idlems="0.018" threads="0" lastid="0000000000016F00" lastname="main" />
</exclusive-start>
<cycle-start id="272" type="global" contextid="0" timestamp="2022-01-28T14:21:41.606" intervalms="1504.681" />
<concurrent-start id="273" type="global mark" contextid="272" timestamp="2022-01-28T14:21:41.606">
</concurrent-start>
<exclusive-end id="274" timestamp="2022-01-28T14:21:41.606" durationms="0.028" />

<concurrent-end id="275" type="global mark" contextid="272" timestamp="2022-01-28T14:21:42.042">
<gc-op id="276" type="trace" timems="435.535" contextid="272" timestamp="2022-01-28T14:21:42.042">
  <trace bytesTraced="154337816" workStackOverflowCount="0" />
  <card-cleaning reason="card cleaning threshold reached" bytesTraced="11792" cardsCleaned="22" />
</gc-op>
</concurrent-end>

<exclusive-start id="277" timestamp="2022-01-28T14:21:42.042" intervalms="435.604">
  <response-info timems="0.017" idlems="0.017" threads="0" lastid="0000000000016F00" lastname="main" />
</exclusive-start>
<concurrent-global-final id="278" timestamp="2022-01-28T14:21:42.042" contextid="272" intervalms="1356.513" >
  <concurrent-trace-info reason="card cleaning threshold reached" tracedByMutators="66779000" tracedByHelpers="87570608" cardsCleaned="22" workStackOverflowCount="0" />
</concurrent-global-final>
<gc-start id="279" type="global" contextid="272" timestamp="2022-01-28T14:21:42.042">
  <mem-info id="280" free="8140808" total="838860800" percent="0">
    <mem type="nursery" free="1793752" total="209715200" percent="0">
      <mem type="allocate" free="1793752" total="131989504" percent="1" />
      <mem type="survivor" free="0" total="77725696" percent="0" />
    </mem>
    <mem type="tenure" free="6347056" total="629145600" percent="1">
      <mem type="soa" free="55600" total="622854144" percent="0" />
      <mem type="loa" free="6291456" total="6291456" percent="100" />
    </mem>
    <remembered-set count="59583" />
  </mem-info>
</gc-start>
<allocation-stats totalBytes="58597112" >
  <allocated-bytes non-tlh="626528" tlh="57970584" />
  <largest-consumer threadName="main" threadId="0000000000016F00" bytes="58597112" />
</allocation-stats>
<gc-op id="281" type="rs-scan" timems="128.603" contextid="272" timestamp="2022-01-28T14:21:42.170">
  <scan objectsFound="2817934" bytesTraced="60139780" workStackOverflowCount="0" />
</gc-op>
<gc-op id="282" type="card-cleaning" timems="1.063" contextid="272" timestamp="2022-01-28T14:21:42.171">
  <card-cleaning cardsCleaned="3" bytesTraced="60332" workStackOverflowCount="0" />
</gc-op>
<gc-op id="283" type="mark" timems="4.259" contextid="272" timestamp="2022-01-28T14:21:42.176">
  <trace-info objectcount="86890" scancount="55833" scanbytes="1380892" />
  <finalization candidates="435" enqueued="34" />
  <ownableSynchronizers candidates="1" cleared="0" />
  <references type="soft" candidates="1440" cleared="8" enqueued="6" dynamicThreshold="0" maxThreshold="32" />
  <references type="weak" candidates="1705" cleared="0" enqueued="0" />
  <references type="phantom" candidates="113" cleared="0" enqueued="0" />
  <stringconstants candidates="6422" cleared="0"  />
  <object-monitors candidates="2" cleared="0"  />
</gc-op>
<gc-op id="284" type="sweep" timems="8.823" contextid="272" timestamp="2022-01-28T14:21:42.185" />
<mem-info id="285" free="11214816" total="838860800" percent="1">
  <mem type="nursery" free="3520080" total="209715200" percent="1">
    <mem type="allocate" free="3520080" total="131989504" percent="2" />
    <mem type="survivor" free="0" total="77725696" percent="0" />
  </mem>
  <mem type="tenure" free="7694736" total="629145600" percent="1" micro-fragmented="256434" macro-fragmented="0">
    <mem type="soa" free="1403280" total="622854144" percent="0" />
    <mem type="loa" free="6291456" total="6291456" percent="100" />
  </mem>
  <pending-finalizers system="34" default="0" reference="6" classloader="0" />
  <remembered-set count="59568" />
</mem-info>
<gc-op id="286" type="compact" timems="282.439" contextid="272" timestamp="2022-01-28T14:21:42.467">
  <compact-info movecount="3063897" movebytes="165181120" reason="low free space (less than 4%)" />
</gc-op>
<gc-end id="287" type="global" contextid="272" durationms="425.538" usertimems="1193.160" systemtimems="2.559" stalltimems="6.347" timestamp="2022-01-28T14:21:42.467" activeThreads="4">
  <mem-info id="288" free="30223496" total="838860800" percent="3">
    <mem type="nursery" free="22530120" total="209715200" percent="10">
      <mem type="allocate" free="22530120" total="131989504" percent="17" />
      <mem type="survivor" free="0" total="77725696" percent="0" />
    </mem>
    <mem type="tenure" free="7693376" total="629145600" percent="1">
      <mem type="soa" free="1401920" total="622854144" percent="0" />
      <mem type="loa" free="6291456" total="6291456" percent="100" />
    </mem>
    <pending-finalizers system="34" default="0" reference="6" classloader="0" />
    <remembered-set count="59568" />
  </mem-info>
</gc-end>
<cycle-end id="289" type="global" contextid="272" timestamp="2022-01-28T14:21:42.467" />
<exclusive-end id="290" timestamp="2022-01-28T14:21:42.467" durationms="425.723" />

<concurrent-kickoff id="291" timestamp="2022-01-28T14:21:42.493">
  <kickoff reason="threshold reached" targetBytes="170220584" thresholdFreeBytes="19971148"  remainingFree="19876776" tenureFreeBytes="7693376" nurseryFreeBytes="19876776" />
</concurrent-kickoff>
<exclusive-start id="292" timestamp="2022-01-28T14:21:42.498" intervalms="456.357">
  <response-info timems="0.051" idlems="0.051" threads="0" lastid="0000000000016F00" lastname="main" />
</exclusive-start>
<cycle-start id="293" type="global" contextid="0" timestamp="2022-01-28T14:21:42.498" intervalms="891.975" />
<concurrent-start id="294" type="global mark" contextid="293" timestamp="2022-01-28T14:21:42.498">
</concurrent-start>
<exclusive-end id="295" timestamp="2022-01-28T14:21:42.498" durationms="0.045" />

<concurrent-end id="296" type="global mark" contextid="293" timestamp="2022-01-28T14:21:42.745">
<gc-op id="297" type="trace" timems="247.152" contextid="293" timestamp="2022-01-28T14:21:42.745">
  <trace bytesTraced="83256508" workStackOverflowCount="0" />
  <card-cleaning bytesTraced="0" cardsCleaned="0" />
</gc-op>
</concurrent-end>

<exclusive-start id="298" timestamp="2022-01-28T14:21:42.746" intervalms="247.618">
  <response-info timems="0.034" idlems="0.034" threads="0" lastid="0000000000016F00" lastname="main" />
</exclusive-start>
<concurrent-global-final id="299" timestamp="2022-01-28T14:21:42.746" contextid="293" intervalms="704.087" >
  <concurrent-trace-info reason="card cleaning threshold reached" tracedByMutators="26618448" tracedByHelpers="56638060" cardsCleaned="0" workStackOverflowCount="0" />
</concurrent-global-final>
<gc-start id="300" type="global" contextid="293" timestamp="2022-01-28T14:21:42.746">
  <mem-info id="301" free="12844232" total="838860800" percent="1">
    <mem type="nursery" free="5150856" total="209715200" percent="2">
      <mem type="allocate" free="5150856" total="131989504" percent="3" />
      <mem type="survivor" free="0" total="77725696" percent="0" />
    </mem>
    <mem type="tenure" free="7693376" total="629145600" percent="1">
      <mem type="soa" free="1401920" total="622854144" percent="0" />
      <mem type="loa" free="6291456" total="6291456" percent="100" />
    </mem>
    <remembered-set count="59573" />
  </mem-info>
</gc-start>
<allocation-stats totalBytes="17372880" >
  <allocated-bytes non-tlh="0" tlh="17372880" />
  <largest-consumer threadName="main" threadId="0000000000016F00" bytes="17368784" />
</allocation-stats>
<gc-op id="302" type="rs-scan" timems="121.250" contextid="293" timestamp="2022-01-28T14:21:42.867">
  <scan objectsFound="2821610" bytesTraced="60224608" workStackOverflowCount="0" />
</gc-op>
<gc-op id="303" type="card-cleaning" timems="0.289" contextid="293" timestamp="2022-01-28T14:21:42.867">
  <card-cleaning cardsCleaned="0" bytesTraced="0" workStackOverflowCount="0" />
</gc-op>
<gc-op id="304" type="mark" timems="2.879" contextid="293" timestamp="2022-01-28T14:21:42.870">
  <trace-info objectcount="116955" scancount="74219" scanbytes="1772232" />
  <finalization candidates="401" enqueued="57" />
  <ownableSynchronizers candidates="1" cleared="0" />
  <references type="soft" candidates="874" cleared="9" enqueued="9" dynamicThreshold="0" maxThreshold="32" />
  <references type="weak" candidates="1707" cleared="3" enqueued="3" />
  <references type="phantom" candidates="79" cleared="1" enqueued="1" />
  <stringconstants candidates="6422" cleared="0"  />
  <object-monitors candidates="2" cleared="0"  />
</gc-op>
<gc-op id="305" type="sweep" timems="4.175" contextid="293" timestamp="2022-01-28T14:21:42.875" />
<gc-end id="306" type="global" contextid="293" durationms="128.915" usertimems="143.167" systemtimems="0.000" stalltimems="3.503" timestamp="2022-01-28T14:21:42.875" activeThreads="4">
  <mem-info id="307" free="268831904" total="838860800" percent="32">
    <mem type="nursery" free="20284456" total="209715200" percent="9">
      <mem type="allocate" free="20284456" total="131989504" percent="15" />
      <mem type="survivor" free="0" total="77725696" percent="0" />
    </mem>
    <mem type="tenure" free="248547448" total="629145600" percent="39" micro-fragmented="133974" macro-fragmented="0">
      <mem type="soa" free="242255992" total="622854144" percent="38" />
      <mem type="loa" free="6291456" total="6291456" percent="100" />
    </mem>
    <pending-finalizers system="57" default="0" reference="13" classloader="0" />
    <remembered-set count="59567" />
  </mem-info>
</gc-end>
<cycle-end id="308" type="global" contextid="293" timestamp="2022-01-28T14:21:42.875" />
<exclusive-end id="309" timestamp="2022-01-28T14:21:42.875" durationms="129.248" />

<exclusive-start id="310" timestamp="2022-01-28T14:21:43.129" intervalms="383.807">
  <response-info timems="0.025" idlems="0.025" threads="0" lastid="0000000000016F00" lastname="main" />
</exclusive-start>
<af-start id="311" threadId="0000000000017908" totalBytesRequested="96" timestamp="2022-01-28T14:21:43.129" intervalms="2673.714" type="nursery" />
<cycle-start id="312" type="scavenge" contextid="0" timestamp="2022-01-28T14:21:43.129" intervalms="2673.749" />
<gc-start id="313" type="scavenge" contextid="312" timestamp="2022-01-28T14:21:43.129">
  <mem-info id="314" free="248547400" total="838860800" percent="29">
    <mem type="nursery" free="0" total="209715200" percent="0">
      <mem type="allocate" free="0" total="131989504" percent="0" />
      <mem type="survivor" free="0" total="77725696" percent="0" />
    </mem>
    <mem type="tenure" free="248547400" total="629145600" percent="39">
      <mem type="soa" free="242255944" total="622854144" percent="38" />
      <mem type="loa" free="6291456" total="6291456" percent="100" />
    </mem>
    <remembered-set count="59570" />
  </mem-info>
</gc-start>
<allocation-stats totalBytes="20117592" >
  <allocated-bytes non-tlh="48" tlh="20117544" />
  <largest-consumer threadName="main" threadId="0000000000016F00" bytes="20105272" />
</allocation-stats>
<gc-op id="315" type="scavenge" timems="65.645" contextid="312" timestamp="2022-01-28T14:21:43.195">
  <scavenger-info tenureage="1" tenuremask="7ffe" tiltratio="62" />
  <memory-copied type="nursery" objects="968136" bytes="46902280" bytesdiscarded="290456" />
  <memory-copied type="tenure" objects="1105126" bytes="63803768" bytesdiscarded="33872" />
  <finalization candidates="30" enqueued="0" />
  <ownableSynchronizers candidates="2" cleared="2" />
  <references type="soft" candidates="741" cleared="0" enqueued="0" dynamicThreshold="12" maxThreshold="32" />
  <references type="phantom" candidates="29" cleared="0" enqueued="0" />
  <object-monitors candidates="2" cleared="0"  />
</gc-op>
<gc-end id="316" type="scavenge" contextid="312" durationms="65.890" usertimems="258.148" systemtimems="0.000" stalltimems="4.138" timestamp="2022-01-28T14:21:43.195" activeThreads="4">
  <mem-info id="317" free="271164304" total="838860800" percent="32">
    <mem type="nursery" free="86500704" total="209715200" percent="41">
      <mem type="allocate" free="86500704" total="133693440" percent="64" />
      <mem type="survivor" free="0" total="76021760" percent="0" />
    </mem>
    <mem type="tenure" free="184663600" total="629145600" percent="29" macro-fragmented="0">
      <mem type="soa" free="178372144" total="622854144" percent="28" />
      <mem type="loa" free="6291456" total="6291456" percent="100" />
    </mem>
    <remembered-set count="170" />
  </mem-info>
</gc-end>
<cycle-end id="318" type="scavenge" contextid="312" timestamp="2022-01-28T14:21:43.196" />
<allocation-satisfied id="319" threadId="0000000000016F00" bytesRequested="96" />
<af-end id="320" timestamp="2022-01-28T14:21:43.196" threadId="0000000000017908" success="true" from="nursery"/>
<exclusive-end id="321" timestamp="2022-01-28T14:21:43.196" durationms="66.408" />

<exclusive-start id="322" timestamp="2022-01-28T14:21:44.017" intervalms="887.448">
  <response-info timems="0.021" idlems="0.021" threads="0" lastid="0000000000016F00" lastname="main" />
</exclusive-start>
<af-start id="323" threadId="0000000000017908" totalBytesRequested="208" timestamp="2022-01-28T14:21:44.017" intervalms="887.478" type="nursery" />
<cycle-start id="324" type="scavenge" contextid="0" timestamp="2022-01-28T14:21:44.017" intervalms="887.447" />
<gc-start id="325" type="scavenge" contextid="324" timestamp="2022-01-28T14:21:44.017">
  <mem-info id="326" free="184655424" total="838860800" percent="22">
    <mem type="nursery" free="0" total="209715200" percent="0">
      <mem type="allocate" free="0" total="133693440" percent="0" />
      <mem type="survivor" free="0" total="76021760" percent="0" />
    </mem>
    <mem type="tenure" free="184655424" total="629145600" percent="29">
      <mem type="soa" free="178363968" total="622854144" percent="28" />
      <mem type="loa" free="6291456" total="6291456" percent="100" />
    </mem>
    <remembered-set count="273" />
  </mem-info>
</gc-start>
<allocation-stats totalBytes="86471824" >
  <allocated-bytes non-tlh="2509000" tlh="83962824" />
  <largest-consumer threadName="main" threadId="0000000000016F00" bytes="86471824" />
</allocation-stats>
<gc-op id="327" type="scavenge" timems="54.653" contextid="324" timestamp="2022-01-28T14:21:44.072">
  <scavenger-info tenureage="1" tenuremask="7ffe" tiltratio="63" />
  <memory-copied type="nursery" objects="914184" bytes="50603664" bytesdiscarded="123040" />
  <memory-copied type="tenure" objects="967210" bytes="46866616" bytesdiscarded="24960" />
  <finalization candidates="77" enqueued="20" />
  <references type="soft" candidates="53" cleared="0" enqueued="0" dynamicThreshold="12" maxThreshold="32" />
  <references type="weak" candidates="56" cleared="54" enqueued="54" />
  <references type="phantom" candidates="61" cleared="7" enqueued="7" />
  <object-monitors candidates="2" cleared="0"  />
</gc-op>
<gc-end id="328" type="scavenge" contextid="324" durationms="54.846" usertimems="210.582" systemtimems="0.600" stalltimems="2.701" timestamp="2022-01-28T14:21:44.072" activeThreads="4">
  <mem-info id="329" free="224192408" total="838860800" percent="26">
    <mem type="nursery" free="86439984" total="209715200" percent="41">
      <mem type="allocate" free="86439984" total="137166848" percent="63" />
      <mem type="survivor" free="0" total="72548352" percent="0" />
    </mem>
    <mem type="tenure" free="137752424" total="629145600" percent="21" macro-fragmented="0">
      <mem type="soa" free="131460968" total="622854144" percent="21" />
      <mem type="loa" free="6291456" total="6291456" percent="100" />
    </mem>
    <pending-finalizers system="18" default="2" reference="61" classloader="0" />
    <remembered-set count="2895" />
  </mem-info>
</gc-end>
<cycle-end id="330" type="scavenge" contextid="324" timestamp="2022-01-28T14:21:44.072" />
<allocation-satisfied id="331" threadId="0000000000016F00" bytesRequested="208" />
<af-end id="332" timestamp="2022-01-28T14:21:44.072" threadId="0000000000017908" success="true" from="nursery"/>
<exclusive-end id="333" timestamp="2022-01-28T14:21:44.072" durationms="55.205" />

<concurrent-kickoff id="334" timestamp="2022-01-28T14:21:44.574">
  <kickoff reason="threshold reached" targetBytes="152474730" thresholdFreeBytes="17789268"  remainingFree="17692720" tenureFreeBytes="137752424" nurseryFreeBytes="17692720" />
</concurrent-kickoff>
<exclusive-start id="335" timestamp="2022-01-28T14:21:44.577" intervalms="559.910">
  <response-info timems="0.017" idlems="0.017" threads="0" lastid="0000000000016F00" lastname="main" />
</exclusive-start>
<cycle-start id="336" type="global" contextid="0" timestamp="2022-01-28T14:21:44.577" intervalms="2078.767" />
<concurrent-start id="337" type="global mark" contextid="336" timestamp="2022-01-28T14:21:44.577">
</concurrent-start>
<exclusive-end id="338" timestamp="2022-01-28T14:21:44.577" durationms="0.025" />

<concurrent-end id="339" type="global mark" contextid="336" timestamp="2022-01-28T14:21:44.818">
<gc-op id="340" type="trace" timems="241.776" contextid="336" timestamp="2022-01-28T14:21:44.819">
  <trace bytesTraced="72459968" workStackOverflowCount="0" />
  <card-cleaning reason="card cleaning threshold reached" bytesTraced="756" cardsCleaned="2" />
</gc-op>
</concurrent-end>

<exclusive-start id="341" timestamp="2022-01-28T14:21:44.819" intervalms="241.838">
  <response-info timems="0.014" idlems="0.014" threads="0" lastid="0000000000016F00" lastname="main" />
</exclusive-start>
<concurrent-global-final id="342" timestamp="2022-01-28T14:21:44.819" contextid="336" intervalms="2072.892" >
  <concurrent-trace-info reason="card cleaning threshold reached" tracedByMutators="36216904" tracedByHelpers="36243820" cardsCleaned="2" workStackOverflowCount="0" />
</concurrent-global-final>
<gc-start id="343" type="global" contextid="336" timestamp="2022-01-28T14:21:44.819">
  <mem-info id="344" free="140765080" total="838860800" percent="16">
    <mem type="nursery" free="3012656" total="209715200" percent="1">
      <mem type="allocate" free="3012656" total="137166848" percent="2" />
      <mem type="survivor" free="0" total="72548352" percent="0" />
    </mem>
    <mem type="tenure" free="137752424" total="629145600" percent="21">
      <mem type="soa" free="131460968" total="622854144" percent="21" />
      <mem type="loa" free="6291456" total="6291456" percent="100" />
    </mem>
    <remembered-set count="2896" />
  </mem-info>
</gc-start>
<allocation-stats totalBytes="83389928" >
  <allocated-bytes non-tlh="208" tlh="83389720" />
  <largest-consumer threadName="main" threadId="0000000000016F00" bytes="83381736" />
</allocation-stats>
<gc-op id="345" type="rs-scan" timems="1.316" contextid="336" timestamp="2022-01-28T14:21:44.820">
  <scan objectsFound="86468" bytesTraced="2048572" workStackOverflowCount="0" />
</gc-op>
<gc-op id="346" type="card-cleaning" timems="0.204" contextid="336" timestamp="2022-01-28T14:21:44.820">
  <card-cleaning cardsCleaned="1" bytesTraced="500" workStackOverflowCount="0" />
</gc-op>
<gc-op id="347" type="mark" timems="63.304" contextid="336" timestamp="2022-01-28T14:21:44.884">
  <trace-info objectcount="1986830" scancount="1491654" scanbytes="31889920" />
  <finalization candidates="371" enqueued="57" />
  <ownableSynchronizers candidates="1" cleared="0" />
  <references type="soft" candidates="904" cleared="0" enqueued="0" dynamicThreshold="12" maxThreshold="32" />
  <references type="weak" candidates="1704" cleared="0" enqueued="0" />
  <references type="phantom" candidates="51" cleared="2" enqueued="2" />
  <stringconstants candidates="6461" cleared="0"  />
  <object-monitors candidates="2" cleared="0"  />
</gc-op>
<gc-op id="348" type="sweep" timems="4.352" contextid="336" timestamp="2022-01-28T14:21:44.888" />
<gc-end id="349" type="global" contextid="336" durationms="69.385" usertimems="81.957" systemtimems="0.157" stalltimems="194.013" timestamp="2022-01-28T14:21:44.888" activeThreads="4">
  <mem-info id="350" free="382525248" total="838860800" percent="45">
    <mem type="nursery" free="3432096" total="209715200" percent="1">
      <mem type="allocate" free="3432096" total="137166848" percent="2" />
      <mem type="survivor" free="0" total="72548352" percent="0" />
    </mem>
    <mem type="tenure" free="379093152" total="629145600" percent="60" micro-fragmented="119942" macro-fragmented="602881">
      <mem type="soa" free="372801696" total="622854144" percent="59" />
      <mem type="loa" free="6291456" total="6291456" percent="100" />
    </mem>
    <pending-finalizers system="57" default="0" reference="2" classloader="0" />
    <remembered-set count="2885" />
  </mem-info>
</gc-end>
<cycle-end id="351" type="global" contextid="336" timestamp="2022-01-28T14:21:44.888" />
<exclusive-end id="352" timestamp="2022-01-28T14:21:44.888" durationms="69.577" />

<exclusive-start id="353" timestamp="2022-01-28T14:21:44.908" intervalms="89.017">
  <response-info timems="0.018" idlems="0.018" threads="0" lastid="0000000000016F00" lastname="main" />
</exclusive-start>
<af-start id="354" threadId="0000000000017908" totalBytesRequested="208" timestamp="2022-01-28T14:21:44.908" intervalms="890.725" type="nursery" />
<cycle-start id="355" type="scavenge" contextid="0" timestamp="2022-01-28T14:21:44.908" intervalms="890.719" />
<gc-start id="356" type="scavenge" contextid="355" timestamp="2022-01-28T14:21:44.908">
  <mem-info id="357" free="379093152" total="838860800" percent="45">
    <mem type="nursery" free="0" total="209715200" percent="0">
      <mem type="allocate" free="0" total="137166848" percent="0" />
      <mem type="survivor" free="0" total="72548352" percent="0" />
    </mem>
    <mem type="tenure" free="379093152" total="629145600" percent="60">
      <mem type="soa" free="372801696" total="622854144" percent="59" />
      <mem type="loa" free="6291456" total="6291456" percent="100" />
    </mem>
    <remembered-set count="2886" />
  </mem-info>
</gc-start>
<allocation-stats totalBytes="3429680" >
  <allocated-bytes non-tlh="0" tlh="3429680" />
  <largest-consumer threadName="main" threadId="0000000000016F00" bytes="3417584" />
</allocation-stats>
<gc-op id="358" type="scavenge" timems="63.633" contextid="355" timestamp="2022-01-28T14:21:44.971">
  <scavenger-info tenureage="1" tenuremask="7ffe" tiltratio="65" />
  <memory-copied type="nursery" objects="1118925" bytes="61750936" bytesdiscarded="164456" />
  <memory-copied type="tenure" objects="913696" bytes="50422544" bytesdiscarded="25416" />
  <finalization candidates="28" enqueued="0" />
  <ownableSynchronizers candidates="2" cleared="2" />
  <object-monitors candidates="2" cleared="0"  />
</gc-op>
<gc-end id="359" type="scavenge" contextid="355" durationms="63.851" usertimems="249.612" systemtimems="0.427" stalltimems="3.743" timestamp="2022-01-28T14:21:44.971" activeThreads="4">
  <mem-info id="360" free="398831864" total="838860800" percent="47">
    <mem type="nursery" free="70270720" total="209715200" percent="33">
      <mem type="allocate" free="70270720" total="132186112" percent="53" />
      <mem type="survivor" free="0" total="77529088" percent="0" />
    </mem>
    <mem type="tenure" free="328561144" total="629145600" percent="52" macro-fragmented="0">
      <mem type="soa" free="322269688" total="622854144" percent="51" />
      <mem type="loa" free="6291456" total="6291456" percent="100" />
    </mem>
    <remembered-set count="177" />
  </mem-info>
</gc-end>
<cycle-end id="361" type="scavenge" contextid="355" timestamp="2022-01-28T14:21:44.972" />
<allocation-satisfied id="362" threadId="0000000000016F00" bytesRequested="208" />
<af-end id="363" timestamp="2022-01-28T14:21:44.972" threadId="0000000000017908" success="true" from="nursery"/>
<exclusive-end id="364" timestamp="2022-01-28T14:21:44.972" durationms="64.122" />

<exclusive-start id="365" timestamp="2022-01-28T14:21:45.470" intervalms="562.372">
  <response-info timems="0.015" idlems="0.015" threads="0" lastid="0000000000016F00" lastname="main" />
</exclusive-start>
<af-start id="366" threadId="0000000000017908" totalBytesRequested="208" timestamp="2022-01-28T14:21:45.470" intervalms="562.374" type="nursery" />
<cycle-start id="367" type="scavenge" contextid="0" timestamp="2022-01-28T14:21:45.470" intervalms="562.375" />
<gc-start id="368" type="scavenge" contextid="367" timestamp="2022-01-28T14:21:45.470">
  <mem-info id="369" free="328561144" total="838860800" percent="39">
    <mem type="nursery" free="0" total="209715200" percent="0">
      <mem type="allocate" free="0" total="132186112" percent="0" />
      <mem type="survivor" free="0" total="77529088" percent="0" />
    </mem>
    <mem type="tenure" free="328561144" total="629145600" percent="52">
      <mem type="soa" free="322269688" total="622854144" percent="51" />
      <mem type="loa" free="6291456" total="6291456" percent="100" />
    </mem>
    <remembered-set count="177" />
  </mem-info>
</gc-start>
<allocation-stats totalBytes="70242368" >
  <allocated-bytes non-tlh="208" tlh="70242160" />
  <largest-consumer threadName="main" threadId="0000000000016F00" bytes="70242368" />
</allocation-stats>
<gc-op id="370" type="scavenge" timems="56.886" contextid="367" timestamp="2022-01-28T14:21:45.527">
  <scavenger-info tenureage="1" tenuremask="7ffe" tiltratio="63" />
  <memory-copied type="nursery" objects="895025" bytes="49987944" bytesdiscarded="173976" />
  <memory-copied type="tenure" objects="1118924" bytes="61750824" bytesdiscarded="31936" />
  <object-monitors candidates="2" cleared="0"  />
</gc-op>
<gc-end id="371" type="scavenge" contextid="367" durationms="57.064" usertimems="223.562" systemtimems="0.000" stalltimems="2.917" timestamp="2022-01-28T14:21:45.527" activeThreads="4">
  <mem-info id="372" free="350964000" total="838860800" percent="41">
    <mem type="nursery" free="84186880" total="209715200" percent="40">
      <mem type="allocate" free="84186880" total="134348800" percent="62" />
      <mem type="survivor" free="0" total="75366400" percent="0" />
    </mem>
    <mem type="tenure" free="266777120" total="629145600" percent="42" macro-fragmented="0">
      <mem type="soa" free="260485664" total="622854144" percent="41" />
      <mem type="loa" free="6291456" total="6291456" percent="100" />
    </mem>
    <remembered-set count="100" />
  </mem-info>
</gc-end>
<cycle-end id="373" type="scavenge" contextid="367" timestamp="2022-01-28T14:21:45.527" />
<allocation-satisfied id="374" threadId="0000000000016F00" bytesRequested="208" />
<af-end id="375" timestamp="2022-01-28T14:21:45.527" threadId="0000000000017908" success="true" from="nursery"/>
<exclusive-end id="376" timestamp="2022-01-28T14:21:45.527" durationms="57.359" />

<exclusive-start id="377" timestamp="2022-01-28T14:21:46.063" intervalms="593.500">
  <response-info timems="0.025" idlems="0.025" threads="0" lastid="0000000000016F00" lastname="main" />
</exclusive-start>
<af-start id="378" threadId="0000000000017908" totalBytesRequested="112" timestamp="2022-01-28T14:21:46.063" intervalms="593.514" type="nursery" />
<cycle-start id="379" type="scavenge" contextid="0" timestamp="2022-01-28T14:21:46.064" intervalms="593.538" />
<gc-start id="380" type="scavenge" contextid="379" timestamp="2022-01-28T14:21:46.064">
  <mem-info id="381" free="266777120" total="838860800" percent="31">
    <mem type="nursery" free="0" total="209715200" percent="0">
      <mem type="allocate" free="0" total="134348800" percent="0" />
      <mem type="survivor" free="0" total="75366400" percent="0" />
    </mem>
    <mem type="tenure" free="266777120" total="629145600" percent="42">
      <mem type="soa" free="260485664" total="622854144" percent="41" />
      <mem type="loa" free="6291456" total="6291456" percent="100" />
    </mem>
    <remembered-set count="100" />
  </mem-info>
</gc-start>
<allocation-stats totalBytes="84148424" >
  <allocated-bytes non-tlh="208" tlh="84148216" />
  <largest-consumer threadName="main" threadId="0000000000016F00" bytes="84148424" />
</allocation-stats>
<gc-op id="382" type="scavenge" timems="61.021" contextid="379" timestamp="2022-01-28T14:21:46.125">
  <scavenger-info tenureage="1" tenuremask="7ffe" tiltratio="64" />
  <memory-copied type="nursery" objects="1049496" bytes="59830888" bytesdiscarded="222976" />
  <memory-copied type="tenure" objects="895024" bytes="49987832" bytesdiscarded="27200" />
  <object-monitors candidates="2" cleared="0"  />
</gc-op>
<gc-end id="383" type="scavenge" contextid="379" durationms="61.195" usertimems="240.482" systemtimems="0.000" stalltimems="2.695" timestamp="2022-01-28T14:21:46.125" activeThreads="4">
  <mem-info id="384" free="291031088" total="838860800" percent="34">
    <mem type="nursery" free="74360472" total="209715200" percent="35">
      <mem type="allocate" free="74360472" total="134414336" percent="55" />
      <mem type="survivor" free="0" total="75300864" percent="0" />
    </mem>
    <mem type="tenure" free="216670616" total="629145600" percent="34" macro-fragmented="0">
      <mem type="soa" free="210379160" total="622854144" percent="33" />
      <mem type="loa" free="6291456" total="6291456" percent="100" />
    </mem>
    <remembered-set count="99" />
  </mem-info>
</gc-end>
<cycle-end id="385" type="scavenge" contextid="379" timestamp="2022-01-28T14:21:46.125" />
<allocation-satisfied id="386" threadId="0000000000016F00" bytesRequested="112" />
<af-end id="387" timestamp="2022-01-28T14:21:46.125" threadId="0000000000017908" success="true" from="nursery"/>
<exclusive-end id="388" timestamp="2022-01-28T14:21:46.125" durationms="61.510" />

<exclusive-start id="389" timestamp="2022-01-28T14:21:46.858" intervalms="794.632">
  <response-info timems="0.017" idlems="0.017" threads="0" lastid="0000000000016F00" lastname="main" />
</exclusive-start>
<af-start id="390" threadId="0000000000017908" totalBytesRequested="200" timestamp="2022-01-28T14:21:46.858" intervalms="794.619" type="nursery" />
<cycle-start id="391" type="scavenge" contextid="0" timestamp="2022-01-28T14:21:46.858" intervalms="794.595" />
<gc-start id="392" type="scavenge" contextid="391" timestamp="2022-01-28T14:21:46.858">
  <mem-info id="393" free="216670616" total="838860800" percent="25">
    <mem type="nursery" free="0" total="209715200" percent="0">
      <mem type="allocate" free="0" total="134414336" percent="0" />
      <mem type="survivor" free="0" total="75300864" percent="0" />
    </mem>
    <mem type="tenure" free="216670616" total="629145600" percent="34">
      <mem type="soa" free="210379160" total="622854144" percent="33" />
      <mem type="loa" free="6291456" total="6291456" percent="100" />
    </mem>
    <remembered-set count="130" />
  </mem-info>
</gc-start>
<allocation-stats totalBytes="74327072" >
  <allocated-bytes non-tlh="1661256" tlh="72665816" />
  <largest-consumer threadName="main" threadId="0000000000016F00" bytes="74327072" />
</allocation-stats>
<gc-op id="394" type="scavenge" timems="62.347" contextid="391" timestamp="2022-01-28T14:21:46.921">
  <scavenger-info tenureage="1" tenuremask="7ffe" tiltratio="64" />
  <memory-copied type="nursery" objects="1040865" bytes="51921552" bytesdiscarded="104272" />
  <memory-copied type="tenure" objects="1049496" bytes="59830888" bytesdiscarded="30680" />
  <finalization candidates="109" enqueued="53" />
  <references type="soft" candidates="15" cleared="0" enqueued="0" dynamicThreshold="19" maxThreshold="32" />
  <references type="weak" candidates="2" cleared="0" enqueued="0" />
  <references type="phantom" candidates="94" cleared="7" enqueued="7" />
  <object-monitors candidates="2" cleared="0"  />
</gc-op>
<gc-end id="395" type="scavenge" contextid="391" durationms="62.562" usertimems="245.062" systemtimems="0.365" stalltimems="3.735" timestamp="2022-01-28T14:21:46.921" activeThreads="4">
  <mem-info id="396" free="241462120" total="838860800" percent="28">
    <mem type="nursery" free="84551064" total="209715200" percent="40">
      <mem type="allocate" free="84551064" total="136577024" percent="61" />
      <mem type="survivor" free="0" total="73138176" percent="0" />
    </mem>
    <mem type="tenure" free="156911056" total="629145600" percent="24" macro-fragmented="0">
      <mem type="soa" free="150619600" total="622854144" percent="24" />
      <mem type="loa" free="6291456" total="6291456" percent="100" />
    </mem>
    <pending-finalizers system="52" default="1" reference="7" classloader="0" />
    <remembered-set count="126" />
  </mem-info>
</gc-end>
<cycle-end id="397" type="scavenge" contextid="391" timestamp="2022-01-28T14:21:46.921" />
<allocation-satisfied id="398" threadId="0000000000016F00" bytesRequested="200" />
<af-end id="399" timestamp="2022-01-28T14:21:46.921" threadId="0000000000017908" success="true" from="nursery"/>
<exclusive-end id="400" timestamp="2022-01-28T14:21:46.921" durationms="62.856" />

<exclusive-start id="401" timestamp="2022-01-28T14:21:47.538" intervalms="680.116">
  <response-info timems="0.017" idlems="0.017" threads="0" lastid="0000000000016F00" lastname="main" />
</exclusive-start>
<af-start id="402" threadId="0000000000017908" totalBytesRequested="16" timestamp="2022-01-28T14:21:47.538" intervalms="680.116" type="nursery" />
<cycle-start id="403" type="scavenge" contextid="0" timestamp="2022-01-28T14:21:47.538" intervalms="680.115" />
<gc-start id="404" type="scavenge" contextid="403" timestamp="2022-01-28T14:21:47.538">
  <mem-info id="405" free="156911056" total="838860800" percent="18">
    <mem type="nursery" free="0" total="209715200" percent="0">
      <mem type="allocate" free="0" total="136577024" percent="0" />
      <mem type="survivor" free="0" total="73138176" percent="0" />
    </mem>
    <mem type="tenure" free="156911056" total="629145600" percent="24">
      <mem type="soa" free="150619600" total="622854144" percent="24" />
      <mem type="loa" free="6291456" total="6291456" percent="100" />
    </mem>
    <remembered-set count="127" />
  </mem-info>
</gc-start>
<allocation-stats totalBytes="84513632" >
  <allocated-bytes non-tlh="1347880" tlh="83165752" />
  <largest-consumer threadName="main" threadId="0000000000016F00" bytes="84505440" />
</allocation-stats>
<gc-op id="406" type="scavenge" timems="61.749" contextid="403" timestamp="2022-01-28T14:21:47.600">
  <scavenger-info tenureage="1" tenuremask="7ffe" tiltratio="65" />
  <memory-copied type="nursery" objects="1073584" bytes="60610784" bytesdiscarded="204400" />
  <memory-copied type="tenure" objects="1040145" bytes="50978272" bytesdiscarded="26040" />
  <finalization candidates="57" enqueued="0" />
  <references type="phantom" candidates="1" cleared="0" enqueued="0" />
  <object-monitors candidates="2" cleared="0"  />
</gc-op>
<gc-end id="407" type="scavenge" contextid="403" durationms="61.939" usertimems="241.664" systemtimems="0.000" stalltimems="4.970" timestamp="2022-01-28T14:21:47.600" activeThreads="4">
  <mem-info id="408" free="180133224" total="838860800" percent="21">
    <mem type="nursery" free="74385584" total="209715200" percent="35">
      <mem type="allocate" free="74385584" total="135200768" percent="55" />
      <mem type="survivor" free="0" total="74514432" percent="0" />
    </mem>
    <mem type="tenure" free="105747640" total="629145600" percent="16" macro-fragmented="0">
      <mem type="soa" free="99456184" total="622854144" percent="15" />
      <mem type="loa" free="6291456" total="6291456" percent="100" />
    </mem>
    <remembered-set count="98" />
  </mem-info>
</gc-end>
<cycle-end id="409" type="scavenge" contextid="403" timestamp="2022-01-28T14:21:47.600" />
<allocation-satisfied id="410" threadId="0000000000016F00" bytesRequested="16" />
<af-end id="411" timestamp="2022-01-28T14:21:47.600" threadId="0000000000017908" success="true" from="nursery"/>
<exclusive-end id="412" timestamp="2022-01-28T14:21:47.600" durationms="62.202" />

<concurrent-kickoff id="413" timestamp="2022-01-28T14:21:48.004">
  <kickoff reason="threshold reached" targetBytes="136224878" thresholdFreeBytes="15628038"  remainingFree="15567008" tenureFreeBytes="105747640" nurseryFreeBytes="15567008" />
</concurrent-kickoff>
<exclusive-start id="414" timestamp="2022-01-28T14:21:48.007" intervalms="469.180">
  <response-info timems="0.019" idlems="0.019" threads="0" lastid="0000000000016F00" lastname="main" />
</exclusive-start>
<cycle-start id="415" type="global" contextid="0" timestamp="2022-01-28T14:21:48.007" intervalms="3430.657" />
<concurrent-start id="416" type="global mark" contextid="415" timestamp="2022-01-28T14:21:48.007">
</concurrent-start>
<exclusive-end id="417" timestamp="2022-01-28T14:21:48.007" durationms="0.027" />

<exclusive-start id="418" timestamp="2022-01-28T14:21:48.276" intervalms="268.374">
  <response-info timems="0.038" idlems="0.038" threads="0" lastid="0000000000016F00" lastname="main" />
</exclusive-start>
<af-start id="419" threadId="0000000000017908" totalBytesRequested="184" timestamp="2022-01-28T14:21:48.276" intervalms="737.553" type="nursery" />
<cycle-start id="420" type="scavenge" contextid="0" timestamp="2022-01-28T14:21:48.276" intervalms="737.554" />
<gc-start id="421" type="scavenge" contextid="420" timestamp="2022-01-28T14:21:48.276">
  <mem-info id="422" free="105747640" total="838860800" percent="12">
    <mem type="nursery" free="0" total="209715200" percent="0">
      <mem type="allocate" free="0" total="135200768" percent="0" />
      <mem type="survivor" free="0" total="74514432" percent="0" />
    </mem>
    <mem type="tenure" free="105747640" total="629145600" percent="16">
      <mem type="soa" free="99456184" total="622854144" percent="15" />
      <mem type="loa" free="6291456" total="6291456" percent="100" />
    </mem>
    <remembered-set count="98" />
  </mem-info>
</gc-start>
<allocation-stats totalBytes="74351984" >
  <allocated-bytes non-tlh="16" tlh="74351968" />
  <largest-consumer threadName="main" threadId="0000000000016F00" bytes="74351984" />
</allocation-stats>
<gc-op id="423" type="scavenge" timems="84.174" contextid="420" timestamp="2022-01-28T14:21:48.360">
  <scavenger-info tenureage="1" tenuremask="7ffe" tiltratio="64" />
  <memory-copied type="nursery" objects="944058" bytes="52904824" bytesdiscarded="278600" />
  <memory-copied type="tenure" objects="1073584" bytes="60610784" bytesdiscarded="32720" />
  <finalization candidates="1" enqueued="0" />
  <object-monitors candidates="2" cleared="0"  />
</gc-op>
<gc-end id="424" type="scavenge" contextid="420" durationms="84.341" usertimems="267.480" systemtimems="0.000" stalltimems="6.913" timestamp="2022-01-28T14:21:48.360" activeThreads="4">
  <mem-info id="425" free="128998448" total="838860800" percent="15">
    <mem type="nursery" free="83786816" total="209715200" percent="39">
      <mem type="allocate" free="83786816" total="136970240" percent="61" />
      <mem type="survivor" free="0" total="72744960" percent="0" />
    </mem>
    <mem type="tenure" free="45211632" total="629145600" percent="7" macro-fragmented="0">
      <mem type="soa" free="38920176" total="622854144" percent="6" />
      <mem type="loa" free="6291456" total="6291456" percent="100" />
    </mem>
    <remembered-set count="98" />
  </mem-info>
</gc-end>
<cycle-end id="426" type="scavenge" contextid="420" timestamp="2022-01-28T14:21:48.360" />
<allocation-satisfied id="427" threadId="0000000000016F00" bytesRequested="184" />
<af-end id="428" timestamp="2022-01-28T14:21:48.360" threadId="0000000000017908" success="true" from="nursery"/>
<exclusive-end id="429" timestamp="2022-01-28T14:21:48.360" durationms="84.609" />

<concurrent-end id="430" type="global mark" contextid="415" timestamp="2022-01-28T14:21:48.519">
<gc-op id="431" type="trace" timems="511.158" contextid="415" timestamp="2022-01-28T14:21:48.519">
  <trace bytesTraced="149137856" workStackOverflowCount="0" />
  <card-cleaning reason="card cleaning threshold reached" bytesTraced="756" cardsCleaned="2" />
</gc-op>
</concurrent-end>

<exclusive-start id="432" timestamp="2022-01-28T14:21:48.519" intervalms="242.852">
  <response-info timems="0.018" idlems="0.018" threads="0" lastid="0000000000016F00" lastname="main" />
</exclusive-start>
<concurrent-global-final id="433" timestamp="2022-01-28T14:21:48.519" contextid="415" intervalms="3700.042" >
  <concurrent-trace-info reason="card cleaning threshold reached" tracedByMutators="93809808" tracedByHelpers="55328804" cardsCleaned="2" workStackOverflowCount="0" />
</concurrent-global-final>
<gc-start id="434" type="global" contextid="415" timestamp="2022-01-28T14:21:48.519">
  <mem-info id="435" free="118152056" total="838860800" percent="14">
    <mem type="nursery" free="72940424" total="209715200" percent="34">
      <mem type="allocate" free="72940424" total="136970240" percent="53" />
      <mem type="survivor" free="0" total="72744960" percent="0" />
    </mem>
    <mem type="tenure" free="45211632" total="629145600" percent="7">
      <mem type="soa" free="38920176" total="622854144" percent="6" />
      <mem type="loa" free="6291456" total="6291456" percent="100" />
    </mem>
    <remembered-set count="98" />
  </mem-info>
</gc-start>
<allocation-stats totalBytes="10841704" >
  <allocated-bytes non-tlh="184" tlh="10841520" />
  <largest-consumer threadName="main" threadId="0000000000016F00" bytes="10841704" />
</allocation-stats>
<gc-op id="436" type="rs-scan" timems="0.416" contextid="415" timestamp="2022-01-28T14:21:48.519">
  <scan objectsFound="0" bytesTraced="4572" workStackOverflowCount="0" />
</gc-op>
<gc-op id="437" type="card-cleaning" timems="16.867" contextid="415" timestamp="2022-01-28T14:21:48.536">
  <card-cleaning cardsCleaned="8" bytesTraced="7248396" workStackOverflowCount="0" />
</gc-op>
<gc-op id="438" type="mark" timems="62.527" contextid="415" timestamp="2022-01-28T14:21:48.599">
  <trace-info objectcount="2059859" scancount="1544907" scanbytes="32957760" />
  <finalization candidates="371" enqueued="0" />
  <ownableSynchronizers candidates="1" cleared="0" />
  <references type="soft" candidates="918" cleared="0" enqueued="0" dynamicThreshold="19" maxThreshold="32" />
  <references type="weak" candidates="1705" cleared="0" enqueued="0" />
  <references type="phantom" candidates="51" cleared="1" enqueued="1" />
  <stringconstants candidates="6461" cleared="0"  />
  <object-monitors candidates="2" cleared="0"  />
</gc-op>
<gc-op id="439" type="sweep" timems="6.205" contextid="415" timestamp="2022-01-28T14:21:48.605" />
<gc-end id="440" type="global" contextid="415" durationms="86.237" usertimems="98.664" systemtimems="0.235" stalltimems="189.294" timestamp="2022-01-28T14:21:48.605" activeThreads="4">
  <mem-info id="441" free="120505728" total="838860800" percent="14">
    <mem type="nursery" free="73326440" total="209715200" percent="34">
      <mem type="allocate" free="73326440" total="136970240" percent="53" />
      <mem type="survivor" free="0" total="72744960" percent="0" />
    </mem>
    <mem type="tenure" free="47179288" total="629145600" percent="7" micro-fragmented="281389" macro-fragmented="0">
      <mem type="soa" free="40887832" total="622854144" percent="6" />
      <mem type="loa" free="6291456" total="6291456" percent="100" />
    </mem>
    <pending-finalizers system="0" default="0" reference="1" classloader="0" />
    <remembered-set count="98" />
  </mem-info>
</gc-end>
<cycle-end id="442" type="global" contextid="415" timestamp="2022-01-28T14:21:48.605" />
<exclusive-end id="443" timestamp="2022-01-28T14:21:48.605" durationms="86.470" />

<concurrent-kickoff id="444" timestamp="2022-01-28T14:21:48.963">
  <kickoff reason="threshold reached" targetBytes="138634684" thresholdFreeBytes="14966895"  remainingFree="14941136" tenureFreeBytes="47179288" nurseryFreeBytes="14941136" />
</concurrent-kickoff>
<exclusive-start id="445" timestamp="2022-01-28T14:21:48.966" intervalms="447.539">
  <response-info timems="0.020" idlems="0.020" threads="0" lastid="0000000000016F00" lastname="main" />
</exclusive-start>
<cycle-start id="446" type="global" contextid="0" timestamp="2022-01-28T14:21:48.966" intervalms="958.769" />
<concurrent-start id="447" type="global mark" contextid="446" timestamp="2022-01-28T14:21:48.966">
</concurrent-start>
<exclusive-end id="448" timestamp="2022-01-28T14:21:48.966" durationms="0.032" />

<exclusive-start id="449" timestamp="2022-01-28T14:21:49.241" intervalms="275.094">
  <response-info timems="0.030" idlems="0.030" threads="0" lastid="0000000000016F00" lastname="main" />
</exclusive-start>
<af-start id="450" threadId="0000000000017908" totalBytesRequested="184" timestamp="2022-01-28T14:21:49.241" intervalms="965.486" type="nursery" />
<percolate-collect id="451" from="nursery" to="global" reason="insufficient remaining tenure space" timestamp="2022-01-28T14:21:49.241"/>
<concurrent-end id="452" type="global mark" contextid="446" timestamp="2022-01-28T14:21:49.241">
<gc-op id="453" type="trace" timems="275.037" contextid="446" timestamp="2022-01-28T14:21:49.241">
  <trace bytesTraced="102855812" workStackOverflowCount="0" />
  <card-cleaning reason="card cleaning threshold reached" bytesTraced="520" cardsCleaned="2" />
</gc-op>
</concurrent-end>

<gc-start id="454" type="global" contextid="446" timestamp="2022-01-28T14:21:49.241">
  <mem-info id="455" free="47179288" total="838860800" percent="5">
    <mem type="nursery" free="0" total="209715200" percent="0">
      <mem type="allocate" free="0" total="136970240" percent="0" />
      <mem type="survivor" free="0" total="72744960" percent="0" />
    </mem>
    <mem type="tenure" free="47179288" total="629145600" percent="7">
      <mem type="soa" free="40887832" total="622854144" percent="6" />
      <mem type="loa" free="6291456" total="6291456" percent="100" />
    </mem>
    <remembered-set count="100" />
  </mem-info>
</gc-start>
<allocation-stats totalBytes="73291648" >
  <allocated-bytes non-tlh="0" tlh="73291648" />
  <largest-consumer threadName="main" threadId="0000000000016F00" bytes="73291648" />
</allocation-stats>
<concurrent-halted id="456" timestamp="2022-01-28T14:21:49.241">
  <halted state="Tracing incomplete" status="clean trace" />
  <traced bytesTarget="138634684" bytesTotal="102856332" bytesByMutator="66079588" bytesByHelper="36776744" percent="74" />
  <cards cleaned="2" thresholdBytes="5896049" />
</concurrent-halted>
<gc-op id="457" type="tracing" timems="124.308" contextid="446" timestamp="2022-01-28T14:21:49.366">
  <trace bytesTraced="69096600" workStackOverflowCount="0" />
</gc-op>
<gc-op id="458" type="rs-scan" timems="0.431" contextid="446" timestamp="2022-01-28T14:21:49.366">
  <scan objectsFound="0" bytesTraced="5156" workStackOverflowCount="0" />
</gc-op>
<gc-op id="459" type="card-cleaning" timems="72.041" contextid="446" timestamp="2022-01-28T14:21:49.438">
  <card-cleaning cardsCleaned="2" bytesTraced="31937532" workStackOverflowCount="0" />
</gc-op>
<gc-op id="460" type="mark" timems="0.898" contextid="446" timestamp="2022-01-28T14:21:49.439">
  <trace-info objectcount="44" scancount="44" scanbytes="688" />
  <finalization candidates="371" enqueued="0" />
  <ownableSynchronizers candidates="1" cleared="0" />
  <references type="soft" candidates="918" cleared="24" enqueued="20" dynamicThreshold="2" maxThreshold="32" />
  <references type="weak" candidates="1705" cleared="0" enqueued="0" />
  <references type="phantom" candidates="50" cleared="0" enqueued="0" />
  <stringconstants candidates="6461" cleared="0"  />
  <object-monitors candidates="2" cleared="0"  />
</gc-op>
<gc-op id="461" type="sweep" timems="7.250" contextid="446" timestamp="2022-01-28T14:21:49.446" />
<gc-end id="462" type="global" contextid="446" durationms="205.138" usertimems="219.463" systemtimems="0.200" stalltimems="8.876" timestamp="2022-01-28T14:21:49.446" activeThreads="4">
  <mem-info id="463" free="47231704" total="838860800" percent="5">
    <mem type="nursery" free="13256" total="209715200" percent="0">
      <mem type="allocate" free="13256" total="136970240" percent="0" />
      <mem type="survivor" free="0" total="72744960" percent="0" />
    </mem>
    <mem type="tenure" free="47218448" total="629145600" percent="7" micro-fragmented="309606" macro-fragmented="0">
      <mem type="soa" free="40926992" total="622854144" percent="6" />
      <mem type="loa" free="6291456" total="6291456" percent="100" />
    </mem>
    <pending-finalizers system="0" default="0" reference="20" classloader="0" />
    <remembered-set count="99" />
  </mem-info>
</gc-end>
<cycle-end id="464" type="global" contextid="446" timestamp="2022-01-28T14:21:49.447" />
<concurrent-kickoff id="465" timestamp="2022-01-28T14:21:49.447">
  <kickoff reason="threshold reached" targetBytes="203890464" thresholdFreeBytes="21529586"  remainingFree="13072" tenureFreeBytes="47218448" nurseryFreeBytes="13072" />
</concurrent-kickoff>
<allocation-satisfied id="466" threadId="0000000000016F00" bytesRequested="184" />
<af-end id="467" timestamp="2022-01-28T14:21:49.447" threadId="0000000000017908" success="true" from="nursery"/>
<exclusive-end id="468" timestamp="2022-01-28T14:21:49.447" durationms="205.566" />

<exclusive-start id="469" timestamp="2022-01-28T14:21:49.447" intervalms="205.966">
  <response-info timems="0.017" idlems="0.017" threads="0" lastid="0000000000016F00" lastname="main" />
</exclusive-start>
<af-start id="470" threadId="0000000000017908" totalBytesRequested="64" timestamp="2022-01-28T14:21:49.447" intervalms="205.947" type="nursery" />
<percolate-collect id="471" from="nursery" to="global" reason="insufficient remaining tenure space" timestamp="2022-01-28T14:21:49.447"/>
<concurrent-aborted id="472" timestamp="2022-01-28T14:21:49.447">
  <reason value="insufficient progress made" />
</concurrent-aborted>
<cycle-end id="473" type="global" contextid="446" timestamp="2022-01-28T14:21:49.447" />
<cycle-start id="474" type="global" contextid="0" timestamp="2022-01-28T14:21:49.447" intervalms="481.102" />
<gc-start id="475" type="global" contextid="474" timestamp="2022-01-28T14:21:49.447">
  <mem-info id="476" free="47218448" total="838860800" percent="5">
    <mem type="nursery" free="0" total="209715200" percent="0">
      <mem type="allocate" free="0" total="136970240" percent="0" />
      <mem type="survivor" free="0" total="72744960" percent="0" />
    </mem>
    <mem type="tenure" free="47218448" total="629145600" percent="7">
      <mem type="soa" free="40926992" total="622854144" percent="6" />
      <mem type="loa" free="6291456" total="6291456" percent="100" />
    </mem>
    <remembered-set count="122" />
  </mem-info>
</gc-start>
<allocation-stats totalBytes="12632" >
  <allocated-bytes non-tlh="184" tlh="12448" />
  <largest-consumer threadName="main" threadId="0000000000016F00" bytes="12632" />
</allocation-stats>
<gc-op id="477" type="mark" timems="297.220" contextid="474" timestamp="2022-01-28T14:21:49.745">
  <trace-info objectcount="12705206" scancount="9516653" scanbytes="203889136" />
  <finalization candidates="371" enqueued="0" />
  <ownableSynchronizers candidates="1" cleared="0" />
  <references type="soft" candidates="894" cleared="12" enqueued="10" dynamicThreshold="2" maxThreshold="32" />
  <references type="weak" candidates="1705" cleared="0" enqueued="0" />
  <references type="phantom" candidates="50" cleared="0" enqueued="0" />
  <stringconstants candidates="6461" cleared="0"  />
  <object-monitors candidates="2" cleared="0"  />
</gc-op>
<gc-op id="478" type="sweep" timems="7.380" contextid="474" timestamp="2022-01-28T14:21:49.752" />
<mem-info id="479" free="47221696" total="838860800" percent="5">
  <mem type="nursery" free="0" total="209715200" percent="0">
    <mem type="allocate" free="0" total="136970240" percent="0" />
    <mem type="survivor" free="0" total="72744960" percent="0" />
  </mem>
  <mem type="tenure" free="47221696" total="629145600" percent="7" micro-fragmented="285502" macro-fragmented="0">
    <mem type="soa" free="40930240" total="622854144" percent="6" />
    <mem type="loa" free="6291456" total="6291456" percent="100" />
  </mem>
  <pending-finalizers system="0" default="0" reference="10" classloader="0" />
  <remembered-set count="110" />
</mem-info>
<gc-op id="480" type="compact" timems="650.134" contextid="474" timestamp="2022-01-28T14:21:50.402">
  <compact-info movecount="12684647" movebytes="693331680" reason="heap fragmented" />
</gc-op>
<gc-end id="481" type="global" contextid="474" durationms="955.192" usertimems="2840.513" systemtimems="1.078" stalltimems="851.556" timestamp="2022-01-28T14:21:50.402" activeThreads="4">
  <mem-info id="482" free="71758632" total="838860800" percent="8">
    <mem type="nursery" free="24330264" total="209715200" percent="11">
      <mem type="allocate" free="24330264" total="136970240" percent="17" />
      <mem type="survivor" free="0" total="72744960" percent="0" />
    </mem>
    <mem type="tenure" free="47428368" total="629145600" percent="7">
      <mem type="soa" free="41136912" total="622854144" percent="6" />
      <mem type="loa" free="6291456" total="6291456" percent="100" />
    </mem>
    <pending-finalizers system="0" default="0" reference="10" classloader="0" />
    <remembered-set count="110" />
  </mem-info>
</gc-end>
<cycle-end id="483" type="global" contextid="474" timestamp="2022-01-28T14:21:50.403" />
<allocation-satisfied id="484" threadId="0000000000016F00" bytesRequested="64" />
<af-end id="485" timestamp="2022-01-28T14:21:50.403" threadId="0000000000017908" success="true" from="nursery"/>
<exclusive-end id="486" timestamp="2022-01-28T14:21:50.403" durationms="955.444" />

<concurrent-kickoff id="487" timestamp="2022-01-28T14:21:50.462">
  <kickoff reason="threshold reached" targetBytes="139323148" thresholdFreeBytes="14810860"  remainingFree="14715552" tenureFreeBytes="47428368" nurseryFreeBytes="14715552" />
</concurrent-kickoff>
<exclusive-start id="488" timestamp="2022-01-28T14:21:50.466" intervalms="1018.685">
  <response-info timems="0.022" idlems="0.022" threads="0" lastid="0000000000016F00" lastname="main" />
</exclusive-start>
<cycle-start id="489" type="global" contextid="0" timestamp="2022-01-28T14:21:50.466" intervalms="1018.648" />
<concurrent-start id="490" type="global mark" contextid="489" timestamp="2022-01-28T14:21:50.466">
</concurrent-start>
<exclusive-end id="491" timestamp="2022-01-28T14:21:50.466" durationms="0.040" />

<exclusive-start id="492" timestamp="2022-01-28T14:21:50.761" intervalms="295.633">
  <response-info timems="0.031" idlems="0.031" threads="0" lastid="0000000000016F00" lastname="main" />
</exclusive-start>
<af-start id="493" threadId="0000000000017908" totalBytesRequested="216" timestamp="2022-01-28T14:21:50.762" intervalms="1314.337" type="nursery" />
<percolate-collect id="494" from="nursery" to="global" reason="insufficient remaining tenure space" timestamp="2022-01-28T14:21:50.762"/>
<concurrent-end id="495" type="global mark" contextid="489" timestamp="2022-01-28T14:21:50.762">
<gc-op id="496" type="trace" timems="295.568" contextid="489" timestamp="2022-01-28T14:21:50.762">
  <trace bytesTraced="99168232" workStackOverflowCount="0" />
  <card-cleaning reason="card cleaning threshold reached" bytesTraced="972" cardsCleaned="4" />
</gc-op>
</concurrent-end>

<gc-start id="497" type="global" contextid="489" timestamp="2022-01-28T14:21:50.762">
  <mem-info id="498" free="47428368" total="838860800" percent="5">
    <mem type="nursery" free="0" total="209715200" percent="0">
      <mem type="allocate" free="0" total="136970240" percent="0" />
      <mem type="survivor" free="0" total="72744960" percent="0" />
    </mem>
    <mem type="tenure" free="47428368" total="629145600" percent="7">
      <mem type="soa" free="41136912" total="622854144" percent="6" />
      <mem type="loa" free="6291456" total="6291456" percent="100" />
    </mem>
    <remembered-set count="122" />
  </mem-info>
</gc-start>
<allocation-stats totalBytes="24317408" >
  <allocated-bytes non-tlh="64" tlh="24317344" />
  <largest-consumer threadName="main" threadId="0000000000016F00" bytes="24317408" />
</allocation-stats>
<concurrent-halted id="499" timestamp="2022-01-28T14:21:50.762">
  <halted state="Tracing incomplete" status="clean trace" />
  <traced bytesTarget="139323148" bytesTotal="99169204" bytesByMutator="65530020" bytesByHelper="33639184" percent="71" />
  <cards cleaned="4" thresholdBytes="5834581" />
</concurrent-halted>
<gc-op id="500" type="tracing" timems="115.462" contextid="489" timestamp="2022-01-28T14:21:50.877">
  <trace bytesTraced="70801136" workStackOverflowCount="0" />
</gc-op>
<gc-op id="501" type="rs-scan" timems="0.968" contextid="489" timestamp="2022-01-28T14:21:50.878">
  <scan objectsFound="0" bytesTraced="8116" workStackOverflowCount="0" />
</gc-op>
<gc-op id="502" type="card-cleaning" timems="78.399" contextid="489" timestamp="2022-01-28T14:21:50.957">
  <card-cleaning cardsCleaned="2" bytesTraced="36794740" workStackOverflowCount="0" />
</gc-op>
<gc-op id="503" type="mark" timems="2.062" contextid="489" timestamp="2022-01-28T14:21:50.959">
  <trace-info objectcount="136682" scancount="85235" scanbytes="1978248" />
  <finalization candidates="371" enqueued="0" />
  <ownableSynchronizers candidates="1" cleared="0" />
  <references type="soft" candidates="882" cleared="0" enqueued="0" dynamicThreshold="2" maxThreshold="32" />
  <references type="weak" candidates="1705" cleared="0" enqueued="0" />
  <references type="phantom" candidates="50" cleared="0" enqueued="0" />
  <stringconstants candidates="6461" cleared="0"  />
  <object-monitors candidates="2" cleared="0"  />
</gc-op>
<gc-op id="504" type="sweep" timems="6.149" contextid="489" timestamp="2022-01-28T14:21:50.965" />
<gc-end id="505" type="global" contextid="489" durationms="203.289" usertimems="225.182" systemtimems="0.000" stalltimems="3.686" timestamp="2022-01-28T14:21:50.965" activeThreads="4">
  <mem-info id="506" free="47428368" total="838860800" percent="5">
    <mem type="nursery" free="0" total="209715200" percent="0">
      <mem type="allocate" free="0" total="136970240" percent="0" />
      <mem type="survivor" free="0" total="72744960" percent="0" />
    </mem>
    <mem type="tenure" free="47428368" total="629145600" percent="7" micro-fragmented="240136" macro-fragmented="0">
      <mem type="soa" free="41136912" total="622854144" percent="6" />
      <mem type="loa" free="6291456" total="6291456" percent="100" />
    </mem>
    <remembered-set count="114" />
  </mem-info>
</gc-end>
<cycle-end id="507" type="global" contextid="489" timestamp="2022-01-28T14:21:50.965" />
<percolate-collect id="508" from="nursery" to="global" reason="insufficient remaining tenure space" timestamp="2022-01-28T14:21:50.965"/>
<cycle-start id="509" type="global" contextid="0" timestamp="2022-01-28T14:21:50.965" intervalms="499.232" />
<gc-start id="510" type="global" contextid="509" timestamp="2022-01-28T14:21:50.965">
  <mem-info id="511" free="47428368" total="838860800" percent="5">
    <mem type="nursery" free="0" total="209715200" percent="0">
      <mem type="allocate" free="0" total="136970240" percent="0" />
      <mem type="survivor" free="0" total="72744960" percent="0" />
    </mem>
    <mem type="tenure" free="47428368" total="629145600" percent="7">
      <mem type="soa" free="41136912" total="622854144" percent="6" />
      <mem type="loa" free="6291456" total="6291456" percent="100" />
    </mem>
    <remembered-set count="114" />
  </mem-info>
</gc-start>
<allocation-stats totalBytes="0" >
  <allocated-bytes non-tlh="0" tlh="0" />
</allocation-stats>
<gc-op id="512" type="mark" timems="448.230" contextid="509" timestamp="2022-01-28T14:21:51.413">
  <trace-info objectcount="13008542" scancount="9744125" scanbytes="208741440" />
  <finalization candidates="371" enqueued="0" />
  <ownableSynchronizers candidates="1" cleared="0" />
  <references type="soft" candidates="882" cleared="0" enqueued="0" dynamicThreshold="2" maxThreshold="32" />
  <references type="weak" candidates="1705" cleared="0" enqueued="0" />
  <references type="phantom" candidates="50" cleared="0" enqueued="0" />
  <stringconstants candidates="6461" cleared="0"  />
  <object-monitors candidates="2" cleared="0"  />
</gc-op>
<gc-op id="513" type="sweep" timems="7.574" contextid="509" timestamp="2022-01-28T14:21:51.421" />
<gc-end id="514" type="global" contextid="509" durationms="455.961" usertimems="1274.312" systemtimems="68.522" stalltimems="470.251" timestamp="2022-01-28T14:21:51.421" activeThreads="4">
  <mem-info id="515" free="47428368" total="838860800" percent="5">
    <mem type="nursery" free="0" total="209715200" percent="0">
      <mem type="allocate" free="0" total="136970240" percent="0" />
      <mem type="survivor" free="0" total="72744960" percent="0" />
    </mem>
    <mem type="tenure" free="47428368" total="629145600" percent="7" micro-fragmented="240136" macro-fragmented="23113062">
      <mem type="soa" free="41136912" total="622854144" percent="6" />
      <mem type="loa" free="6291456" total="6291456" percent="100" />
    </mem>
    <remembered-set count="114" />
  </mem-info>
</gc-end>
<cycle-end id="516" type="global" contextid="509" timestamp="2022-01-28T14:21:51.421" />
<allocation-satisfied id="517" threadId="0000000000016F00" bytesRequested="216" />
<af-end id="518" timestamp="2022-01-28T14:21:51.421" threadId="0000000000017908" success="true" from="tenure-soa"/>
<exclusive-end id="519" timestamp="2022-01-28T14:21:51.421" durationms="659.784" />

<exclusive-start id="520" timestamp="2022-01-28T14:21:51.421" intervalms="659.822">
  <response-info timems="0.014" idlems="0.014" threads="0" lastid="0000000000016F00" lastname="main" />
</exclusive-start>
<af-start id="521" threadId="0000000000017908" totalBytesRequested="24" timestamp="2022-01-28T14:21:51.421" intervalms="659.797" type="nursery" />
<percolate-collect id="522" from="nursery" to="global" reason="insufficient remaining tenure space" timestamp="2022-01-28T14:21:51.421"/>
<cycle-start id="523" type="global" contextid="0" timestamp="2022-01-28T14:21:51.421" intervalms="456.241" />
<gc-start id="524" type="global" contextid="523" timestamp="2022-01-28T14:21:51.421">
  <mem-info id="525" free="47427592" total="838860800" percent="5">
    <mem type="nursery" free="0" total="209715200" percent="0">
      <mem type="allocate" free="0" total="136970240" percent="0" />
      <mem type="survivor" free="0" total="72744960" percent="0" />
    </mem>
    <mem type="tenure" free="47427592" total="629145600" percent="7">
      <mem type="soa" free="41136136" total="622854144" percent="6" />
      <mem type="loa" free="6291456" total="6291456" percent="100" />
    </mem>
    <remembered-set count="114" />
  </mem-info>
</gc-start>
<allocation-stats totalBytes="216" >
  <allocated-bytes non-tlh="216" tlh="0" />
  <largest-consumer threadName="main" threadId="0000000000016F00" bytes="216" />
</allocation-stats>
<gc-op id="526" type="mark" timems="453.281" contextid="523" timestamp="2022-01-28T14:21:51.875">
  <trace-info objectcount="13008542" scancount="9744065" scanbytes="208741440" />
  <finalization candidates="371" enqueued="0" />
  <ownableSynchronizers candidates="1" cleared="0" />
  <references type="soft" candidates="882" cleared="0" enqueued="0" dynamicThreshold="2" maxThreshold="32" />
  <references type="weak" candidates="1705" cleared="0" enqueued="0" />
  <references type="phantom" candidates="50" cleared="0" enqueued="0" />
  <stringconstants candidates="6461" cleared="0"  />
  <object-monitors candidates="2" cleared="0"  />
</gc-op>
<gc-op id="527" type="sweep" timems="7.814" contextid="523" timestamp="2022-01-28T14:21:51.883" />
<gc-end id="528" type="global" contextid="523" durationms="461.236" usertimems="1297.782" systemtimems="24.128" stalltimems="483.472" timestamp="2022-01-28T14:21:51.883" activeThreads="4">
  <mem-info id="529" free="47427592" total="838860800" percent="5">
    <mem type="nursery" free="0" total="209715200" percent="0">
      <mem type="allocate" free="0" total="136970240" percent="0" />
      <mem type="survivor" free="0" total="72744960" percent="0" />
    </mem>
    <mem type="tenure" free="47427592" total="629145600" percent="7" micro-fragmented="240136" macro-fragmented="16050736">
      <mem type="soa" free="41136136" total="622854144" percent="6" />
      <mem type="loa" free="6291456" total="6291456" percent="100" />
    </mem>
    <remembered-set count="114" />
  </mem-info>
</gc-end>
<cycle-end id="530" type="global" contextid="523" timestamp="2022-01-28T14:21:51.883" />
<percolate-collect id="531" from="nursery" to="global" reason="insufficient remaining tenure space" timestamp="2022-01-28T14:21:51.883"/>
<cycle-start id="532" type="global" contextid="0" timestamp="2022-01-28T14:21:51.883" intervalms="461.420" />
<gc-start id="533" type="global" contextid="532" timestamp="2022-01-28T14:21:51.883">
  <mem-info id="534" free="47427592" total="838860800" percent="5">
    <mem type="nursery" free="0" total="209715200" percent="0">
      <mem type="allocate" free="0" total="136970240" percent="0" />
      <mem type="survivor" free="0" total="72744960" percent="0" />
    </mem>
    <mem type="tenure" free="47427592" total="629145600" percent="7">
      <mem type="soa" free="41136136" total="622854144" percent="6" />
      <mem type="loa" free="6291456" total="6291456" percent="100" />
    </mem>
    <remembered-set count="114" />
  </mem-info>
</gc-start>
<allocation-stats totalBytes="0" >
  <allocated-bytes non-tlh="0" tlh="0" />
</allocation-stats>
<gc-op id="535" type="mark" timems="302.532" contextid="532" timestamp="2022-01-28T14:21:52.185">
  <trace-info objectcount="13008542" scancount="9744050" scanbytes="208741440" />
  <finalization candidates="371" enqueued="0" />
  <ownableSynchronizers candidates="1" cleared="0" />
  <references type="soft" candidates="882" cleared="0" enqueued="0" dynamicThreshold="2" maxThreshold="32" />
  <references type="weak" candidates="1705" cleared="0" enqueued="0" />
  <references type="phantom" candidates="50" cleared="0" enqueued="0" />
  <stringconstants candidates="6461" cleared="0"  />
  <object-monitors candidates="2" cleared="0"  />
</gc-op>
<gc-op id="536" type="sweep" timems="5.396" contextid="532" timestamp="2022-01-28T14:21:52.191" />
<gc-end id="537" type="global" contextid="532" durationms="308.070" usertimems="573.091" systemtimems="0.060" stalltimems="654.192" timestamp="2022-01-28T14:21:52.191" activeThreads="4">
  <mem-info id="538" free="47427592" total="838860800" percent="5">
    <mem type="nursery" free="0" total="209715200" percent="0">
      <mem type="allocate" free="0" total="136970240" percent="0" />
      <mem type="survivor" free="0" total="72744960" percent="0" />
    </mem>
    <mem type="tenure" free="47427592" total="629145600" percent="7" micro-fragmented="240136" macro-fragmented="0">
      <mem type="soa" free="41136136" total="622854144" percent="6" />
      <mem type="loa" free="6291456" total="6291456" percent="100" />
    </mem>
    <remembered-set count="114" />
  </mem-info>
</gc-end>
<cycle-end id="539" type="global" contextid="532" timestamp="2022-01-28T14:21:52.191" />
<allocation-satisfied id="540" threadId="0000000000016F00" bytesRequested="24" />
<af-end id="541" timestamp="2022-01-28T14:21:52.191" threadId="0000000000017908" success="true" from="tenure-soa"/>
<exclusive-end id="542" timestamp="2022-01-28T14:21:52.191" durationms="769.788" />

<exclusive-start id="543" timestamp="2022-01-28T14:21:52.191" intervalms="769.844">
  <response-info timems="0.034" idlems="0.034" threads="0" lastid="0000000000016F00" lastname="main" />
</exclusive-start>
<af-start id="544" threadId="0000000000017908" totalBytesRequested="24" timestamp="2022-01-28T14:21:52.191" intervalms="769.845" type="nursery" />
<percolate-collect id="545" from="nursery" to="global" reason="insufficient remaining tenure space" timestamp="2022-01-28T14:21:52.191"/>
<cycle-start id="546" type="global" contextid="0" timestamp="2022-01-28T14:21:52.191" intervalms="308.425" />
<gc-start id="547" type="global" contextid="546" timestamp="2022-01-28T14:21:52.191">
  <mem-info id="548" free="47427568" total="838860800" percent="5">
    <mem type="nursery" free="0" total="209715200" percent="0">
      <mem type="allocate" free="0" total="136970240" percent="0" />
      <mem type="survivor" free="0" total="72744960" percent="0" />
    </mem>
    <mem type="tenure" free="47427568" total="629145600" percent="7">
      <mem type="soa" free="41136112" total="622854144" percent="6" />
      <mem type="loa" free="6291456" total="6291456" percent="100" />
    </mem>
    <remembered-set count="115" />
  </mem-info>
</gc-start>
<allocation-stats totalBytes="24" >
  <allocated-bytes non-tlh="24" tlh="0" />
  <largest-consumer threadName="main" threadId="0000000000016F00" bytes="24" />
</allocation-stats>
<gc-op id="549" type="mark" timems="290.991" contextid="546" timestamp="2022-01-28T14:21:52.482">
  <trace-info objectcount="13008543" scancount="9744023" scanbytes="208741464" />
  <finalization candidates="371" enqueued="0" />
  <ownableSynchronizers candidates="1" cleared="0" />
  <references type="soft" candidates="882" cleared="0" enqueued="0" dynamicThreshold="2" maxThreshold="32" />
  <references type="weak" candidates="1705" cleared="0" enqueued="0" />
  <references type="phantom" candidates="50" cleared="0" enqueued="0" />
  <stringconstants candidates="6461" cleared="0"  />
  <object-monitors candidates="2" cleared="0"  />
</gc-op>
<gc-op id="550" type="sweep" timems="5.850" contextid="546" timestamp="2022-01-28T14:21:52.488" />
<gc-end id="551" type="global" contextid="546" durationms="296.963" usertimems="417.467" systemtimems="0.240" stalltimems="762.319" timestamp="2022-01-28T14:21:52.488" activeThreads="4">
  <mem-info id="552" free="47427568" total="838860800" percent="5">
    <mem type="nursery" free="0" total="209715200" percent="0">
      <mem type="allocate" free="0" total="136970240" percent="0" />
      <mem type="survivor" free="0" total="72744960" percent="0" />
    </mem>
    <mem type="tenure" free="47427568" total="629145600" percent="7" micro-fragmented="240136" macro-fragmented="33282812">
      <mem type="soa" free="41136112" total="622854144" percent="6" />
      <mem type="loa" free="6291456" total="6291456" percent="100" />
    </mem>
    <remembered-set count="115" />
  </mem-info>
</gc-end>
<cycle-end id="553" type="global" contextid="546" timestamp="2022-01-28T14:21:52.488" />
<percolate-collect id="554" from="nursery" to="global" reason="insufficient remaining tenure space" timestamp="2022-01-28T14:21:52.488"/>
<cycle-start id="555" type="global" contextid="0" timestamp="2022-01-28T14:21:52.488" intervalms="297.166" />
<gc-start id="556" type="global" contextid="555" timestamp="2022-01-28T14:21:52.488">
  <mem-info id="557" free="47427568" total="838860800" percent="5">
    <mem type="nursery" free="0" total="209715200" percent="0">
      <mem type="allocate" free="0" total="136970240" percent="0" />
      <mem type="survivor" free="0" total="72744960" percent="0" />
    </mem>
    <mem type="tenure" free="47427568" total="629145600" percent="7">
      <mem type="soa" free="41136112" total="622854144" percent="6" />
      <mem type="loa" free="6291456" total="6291456" percent="100" />
    </mem>
    <remembered-set count="115" />
  </mem-info>
</gc-start>
<allocation-stats totalBytes="0" >
  <allocated-bytes non-tlh="0" tlh="0" />
</allocation-stats>
<gc-op id="558" type="mark" timems="307.855" contextid="555" timestamp="2022-01-28T14:21:52.796">
  <trace-info objectcount="13008543" scancount="9744125" scanbytes="208741464" />
  <finalization candidates="371" enqueued="0" />
  <ownableSynchronizers candidates="1" cleared="0" />
  <references type="soft" candidates="882" cleared="0" enqueued="0" dynamicThreshold="2" maxThreshold="32" />
  <references type="weak" candidates="1705" cleared="0" enqueued="0" />
  <references type="phantom" candidates="50" cleared="0" enqueued="0" />
  <stringconstants candidates="6461" cleared="0"  />
  <object-monitors candidates="2" cleared="0"  />
</gc-op>
<gc-op id="559" type="sweep" timems="8.780" contextid="555" timestamp="2022-01-28T14:21:52.805" />
<gc-end id="560" type="global" contextid="555" durationms="316.775" usertimems="515.078" systemtimems="10.646" stalltimems="722.618" timestamp="2022-01-28T14:21:52.805" activeThreads="4">
  <mem-info id="561" free="47427568" total="838860800" percent="5">
    <mem type="nursery" free="0" total="209715200" percent="0">
      <mem type="allocate" free="0" total="136970240" percent="0" />
      <mem type="survivor" free="0" total="72744960" percent="0" />
    </mem>
    <mem type="tenure" free="47427568" total="629145600" percent="7" micro-fragmented="240136" macro-fragmented="27735676">
      <mem type="soa" free="41136112" total="622854144" percent="6" />
      <mem type="loa" free="6291456" total="6291456" percent="100" />
    </mem>
    <remembered-set count="115" />
  </mem-info>
</gc-end>
<cycle-end id="562" type="global" contextid="555" timestamp="2022-01-28T14:21:52.805" />
<allocation-satisfied id="563" threadId="0000000000016F00" bytesRequested="24" />
<af-end id="564" timestamp="2022-01-28T14:21:52.805" threadId="0000000000017908" success="true" from="tenure-soa"/>
<exclusive-end id="565" timestamp="2022-01-28T14:21:52.805" durationms="614.143" />

<exclusive-start id="566" timestamp="2022-01-28T14:21:52.805" intervalms="614.188">
  <response-info timems="0.011" idlems="0.011" threads="0" lastid="0000000000016F00" lastname="main" />
</exclusive-start>
<af-start id="567" threadId="0000000000017908" totalBytesRequested="16" timestamp="2022-01-28T14:21:52.805" intervalms="614.184" type="nursery" />
<percolate-collect id="568" from="nursery" to="global" reason="insufficient remaining tenure space" timestamp="2022-01-28T14:21:52.805"/>
<cycle-start id="569" type="global" contextid="0" timestamp="2022-01-28T14:21:52.805" intervalms="317.014" />
<gc-start id="570" type="global" contextid="569" timestamp="2022-01-28T14:21:52.805">
  <mem-info id="571" free="47427544" total="838860800" percent="5">
    <mem type="nursery" free="0" total="209715200" percent="0">
      <mem type="allocate" free="0" total="136970240" percent="0" />
      <mem type="survivor" free="0" total="72744960" percent="0" />
    </mem>
    <mem type="tenure" free="47427544" total="629145600" percent="7">
      <mem type="soa" free="41136088" total="622854144" percent="6" />
      <mem type="loa" free="6291456" total="6291456" percent="100" />
    </mem>
    <remembered-set count="116" />
  </mem-info>
</gc-start>
<allocation-stats totalBytes="24" >
  <allocated-bytes non-tlh="24" tlh="0" />
  <largest-consumer threadName="main" threadId="0000000000016F00" bytes="24" />
</allocation-stats>
<gc-op id="572" type="mark" timems="318.008" contextid="569" timestamp="2022-01-28T14:21:53.123">
  <trace-info objectcount="13008544" scancount="9744114" scanbytes="208741488" />
  <finalization candidates="371" enqueued="0" />
  <ownableSynchronizers candidates="1" cleared="0" />
  <references type="soft" candidates="882" cleared="0" enqueued="0" dynamicThreshold="2" maxThreshold="32" />
  <references type="weak" candidates="1705" cleared="0" enqueued="0" />
  <references type="phantom" candidates="50" cleared="0" enqueued="0" />
  <stringconstants candidates="6461" cleared="0"  />
  <object-monitors candidates="2" cleared="0"  />
</gc-op>
<gc-op id="573" type="sweep" timems="5.979" contextid="569" timestamp="2022-01-28T14:21:53.130" />
<gc-end id="574" type="global" contextid="569" durationms="324.344" usertimems="623.315" systemtimems="3.427" stalltimems="654.856" timestamp="2022-01-28T14:21:53.130" activeThreads="4">
  <mem-info id="575" free="47427544" total="838860800" percent="5">
    <mem type="nursery" free="0" total="209715200" percent="0">
      <mem type="allocate" free="0" total="136970240" percent="0" />
      <mem type="survivor" free="0" total="72744960" percent="0" />
    </mem>
    <mem type="tenure" free="47427544" total="629145600" percent="7" micro-fragmented="240136" macro-fragmented="9288619">
      <mem type="soa" free="41136088" total="622854144" percent="6" />
      <mem type="loa" free="6291456" total="6291456" percent="100" />
    </mem>
    <remembered-set count="116" />
  </mem-info>
</gc-end>
<cycle-end id="576" type="global" contextid="569" timestamp="2022-01-28T14:21:53.130" />
<percolate-collect id="577" from="nursery" to="global" reason="insufficient remaining tenure space" timestamp="2022-01-28T14:21:53.130"/>
<cycle-start id="578" type="global" contextid="0" timestamp="2022-01-28T14:21:53.130" intervalms="324.575" />
<gc-start id="579" type="global" contextid="578" timestamp="2022-01-28T14:21:53.130">
  <mem-info id="580" free="47427544" total="838860800" percent="5">
    <mem type="nursery" free="0" total="209715200" percent="0">
      <mem type="allocate" free="0" total="136970240" percent="0" />
      <mem type="survivor" free="0" total="72744960" percent="0" />
    </mem>
    <mem type="tenure" free="47427544" total="629145600" percent="7">
      <mem type="soa" free="41136088" total="622854144" percent="6" />
      <mem type="loa" free="6291456" total="6291456" percent="100" />
    </mem>
    <remembered-set count="116" />
  </mem-info>
</gc-start>
<allocation-stats totalBytes="0" >
  <allocated-bytes non-tlh="0" tlh="0" />
</allocation-stats>
<gc-op id="581" type="mark" timems="302.610" contextid="578" timestamp="2022-01-28T14:21:53.433">
  <trace-info objectcount="13008544" scancount="9744020" scanbytes="208741488" />
  <finalization candidates="371" enqueued="0" />
  <ownableSynchronizers candidates="1" cleared="0" />
  <references type="soft" candidates="882" cleared="0" enqueued="0" dynamicThreshold="2" maxThreshold="32" />
  <references type="weak" candidates="1705" cleared="0" enqueued="0" />
  <references type="phantom" candidates="50" cleared="0" enqueued="0" />
  <stringconstants candidates="6461" cleared="0"  />
  <object-monitors candidates="2" cleared="0"  />
</gc-op>
<gc-op id="582" type="sweep" timems="5.594" contextid="578" timestamp="2022-01-28T14:21:53.438" />
<gc-end id="583" type="global" contextid="578" durationms="308.327" usertimems="537.001" systemtimems="12.191" stalltimems="678.901" timestamp="2022-01-28T14:21:53.438" activeThreads="4">
  <mem-info id="584" free="47427544" total="838860800" percent="5">
    <mem type="nursery" free="0" total="209715200" percent="0">
      <mem type="allocate" free="0" total="136970240" percent="0" />
      <mem type="survivor" free="0" total="72744960" percent="0" />
    </mem>
    <mem type="tenure" free="47427544" total="629145600" percent="7" micro-fragmented="240136" macro-fragmented="23113062">
      <mem type="soa" free="41136088" total="622854144" percent="6" />
      <mem type="loa" free="6291456" total="6291456" percent="100" />
    </mem>
    <remembered-set count="116" />
  </mem-info>
</gc-end>
<cycle-end id="585" type="global" contextid="578" timestamp="2022-01-28T14:21:53.438" />
<allocation-satisfied id="586" threadId="0000000000016F00" bytesRequested="16" />
<af-end id="587" timestamp="2022-01-28T14:21:53.438" threadId="0000000000017908" success="true" from="tenure-soa"/>
<exclusive-end id="588" timestamp="2022-01-28T14:21:53.438" durationms="633.138" />

<exclusive-start id="589" timestamp="2022-01-28T14:21:53.439" intervalms="633.185">
  <response-info timems="0.014" idlems="0.014" threads="0" lastid="0000000000016F00" lastname="main" />
</exclusive-start>
<af-start id="590" threadId="0000000000017908" totalBytesRequested="120" timestamp="2022-01-28T14:21:53.439" intervalms="633.190" type="nursery" />
<percolate-collect id="591" from="nursery" to="global" reason="insufficient remaining tenure space" timestamp="2022-01-28T14:21:53.439"/>
<cycle-start id="592" type="global" contextid="0" timestamp="2022-01-28T14:21:53.439" intervalms="308.619" />
<gc-start id="593" type="global" contextid="592" timestamp="2022-01-28T14:21:53.439">
  <mem-info id="594" free="47427528" total="838860800" percent="5">
    <mem type="nursery" free="0" total="209715200" percent="0">
      <mem type="allocate" free="0" total="136970240" percent="0" />
      <mem type="survivor" free="0" total="72744960" percent="0" />
    </mem>
    <mem type="tenure" free="47427528" total="629145600" percent="7">
      <mem type="soa" free="41136072" total="622854144" percent="6" />
      <mem type="loa" free="6291456" total="6291456" percent="100" />
    </mem>
    <remembered-set count="117" />
  </mem-info>
</gc-start>
<allocation-stats totalBytes="16" >
  <allocated-bytes non-tlh="16" tlh="0" />
  <largest-consumer threadName="main" threadId="0000000000016F00" bytes="16" />
</allocation-stats>
<gc-op id="595" type="mark" timems="317.473" contextid="592" timestamp="2022-01-28T14:21:53.756">
  <trace-info objectcount="13008545" scancount="9744086" scanbytes="208741504" />
  <finalization candidates="371" enqueued="0" />
  <ownableSynchronizers candidates="1" cleared="0" />
  <references type="soft" candidates="882" cleared="0" enqueued="0" dynamicThreshold="2" maxThreshold="32" />
  <references type="weak" candidates="1705" cleared="0" enqueued="0" />
  <references type="phantom" candidates="50" cleared="0" enqueued="0" />
  <stringconstants candidates="6461" cleared="0"  />
  <object-monitors candidates="2" cleared="0"  />
</gc-op>
<gc-op id="596" type="sweep" timems="5.704" contextid="592" timestamp="2022-01-28T14:21:53.762" />
<gc-end id="597" type="global" contextid="592" durationms="323.286" usertimems="348.581" systemtimems="0.000" stalltimems="943.482" timestamp="2022-01-28T14:21:53.762" activeThreads="4">
  <mem-info id="598" free="47427528" total="838860800" percent="5">
    <mem type="nursery" free="0" total="209715200" percent="0">
      <mem type="allocate" free="0" total="136970240" percent="0" />
      <mem type="survivor" free="0" total="72744960" percent="0" />
    </mem>
    <mem type="tenure" free="47427528" total="629145600" percent="7" micro-fragmented="240136" macro-fragmented="27735676">
      <mem type="soa" free="41136072" total="622854144" percent="6" />
      <mem type="loa" free="6291456" total="6291456" percent="100" />
    </mem>
    <remembered-set count="117" />
  </mem-info>
</gc-end>
<cycle-end id="599" type="global" contextid="592" timestamp="2022-01-28T14:21:53.762" />
<percolate-collect id="600" from="nursery" to="global" reason="insufficient remaining tenure space" timestamp="2022-01-28T14:21:53.762"/>
<cycle-start id="601" type="global" contextid="0" timestamp="2022-01-28T14:21:53.762" intervalms="323.455" />
<gc-start id="602" type="global" contextid="601" timestamp="2022-01-28T14:21:53.762">
  <mem-info id="603" free="47427528" total="838860800" percent="5">
    <mem type="nursery" free="0" total="209715200" percent="0">
      <mem type="allocate" free="0" total="136970240" percent="0" />
      <mem type="survivor" free="0" total="72744960" percent="0" />
    </mem>
    <mem type="tenure" free="47427528" total="629145600" percent="7">
      <mem type="soa" free="41136072" total="622854144" percent="6" />
      <mem type="loa" free="6291456" total="6291456" percent="100" />
    </mem>
    <remembered-set count="117" />
  </mem-info>
</gc-start>
<allocation-stats totalBytes="0" >
  <allocated-bytes non-tlh="0" tlh="0" />
</allocation-stats>
<gc-op id="604" type="mark" timems="312.343" contextid="601" timestamp="2022-01-28T14:21:54.074">
  <trace-info objectcount="13008545" scancount="9744030" scanbytes="208741504" />
  <finalization candidates="371" enqueued="0" />
  <ownableSynchronizers candidates="1" cleared="0" />
  <references type="soft" candidates="882" cleared="0" enqueued="0" dynamicThreshold="2" maxThreshold="32" />
  <references type="weak" candidates="1705" cleared="0" enqueued="0" />
  <references type="phantom" candidates="50" cleared="0" enqueued="0" />
  <stringconstants candidates="6461" cleared="0"  />
  <object-monitors candidates="2" cleared="0"  />
</gc-op>
<gc-op id="605" type="sweep" timems="5.648" contextid="601" timestamp="2022-01-28T14:21:54.080" />
<gc-end id="606" type="global" contextid="601" durationms="318.113" usertimems="349.802" systemtimems="0.000" stalltimems="917.566" timestamp="2022-01-28T14:21:54.080" activeThreads="4">
  <mem-info id="607" free="47427528" total="838860800" percent="5">
    <mem type="nursery" free="0" total="209715200" percent="0">
      <mem type="allocate" free="0" total="136970240" percent="0" />
      <mem type="survivor" free="0" total="72744960" percent="0" />
    </mem>
    <mem type="tenure" free="47427528" total="629145600" percent="7" micro-fragmented="240136" macro-fragmented="16050736">
      <mem type="soa" free="41136072" total="622854144" percent="6" />
      <mem type="loa" free="6291456" total="6291456" percent="100" />
    </mem>
    <remembered-set count="117" />
  </mem-info>
</gc-end>
<cycle-end id="608" type="global" contextid="601" timestamp="2022-01-28T14:21:54.080" />
<allocation-satisfied id="609" threadId="0000000000016F00" bytesRequested="120" />
<af-end id="610" timestamp="2022-01-28T14:21:54.080" threadId="0000000000017908" success="true" from="tenure-soa"/>
<exclusive-end id="611" timestamp="2022-01-28T14:21:54.080" durationms="641.808" />

<exclusive-start id="612" timestamp="2022-01-28T14:21:54.080" intervalms="641.913">
  <response-info timems="0.053" idlems="0.053" threads="0" lastid="0000000000016F00" lastname="main" />
</exclusive-start>
<af-start id="613" threadId="0000000000017908" totalBytesRequested="216" timestamp="2022-01-28T14:21:54.080" intervalms="641.934" type="nursery" />
<percolate-collect id="614" from="nursery" to="global" reason="insufficient remaining tenure space" timestamp="2022-01-28T14:21:54.081"/>
<cycle-start id="615" type="global" contextid="0" timestamp="2022-01-28T14:21:54.081" intervalms="318.496" />
<gc-start id="616" type="global" contextid="615" timestamp="2022-01-28T14:21:54.081">
  <mem-info id="617" free="47426664" total="838860800" percent="5">
    <mem type="nursery" free="0" total="209715200" percent="0">
      <mem type="allocate" free="0" total="136970240" percent="0" />
      <mem type="survivor" free="0" total="72744960" percent="0" />
    </mem>
    <mem type="tenure" free="47426664" total="629145600" percent="7">
      <mem type="soa" free="41135208" total="622854144" percent="6" />
      <mem type="loa" free="6291456" total="6291456" percent="100" />
    </mem>
    <remembered-set count="117" />
  </mem-info>
</gc-start>
<allocation-stats totalBytes="120" >
  <allocated-bytes non-tlh="120" tlh="0" />
  <largest-consumer threadName="main" threadId="0000000000016F00" bytes="120" />
</allocation-stats>
<gc-op id="618" type="mark" timems="454.338" contextid="615" timestamp="2022-01-28T14:21:54.535">
  <trace-info objectcount="13008546" scancount="9744131" scanbytes="208741504" />
  <finalization candidates="371" enqueued="0" />
  <ownableSynchronizers candidates="1" cleared="0" />
  <references type="soft" candidates="882" cleared="0" enqueued="0" dynamicThreshold="2" maxThreshold="32" />
  <references type="weak" candidates="1705" cleared="0" enqueued="0" />
  <references type="phantom" candidates="50" cleared="0" enqueued="0" />
  <stringconstants candidates="6461" cleared="0"  />
  <object-monitors candidates="2" cleared="0"  />
</gc-op>
<gc-op id="619" type="sweep" timems="6.736" contextid="615" timestamp="2022-01-28T14:21:54.542" />
<gc-end id="620" type="global" contextid="615" durationms="461.217" usertimems="1276.975" systemtimems="53.576" stalltimems="502.944" timestamp="2022-01-28T14:21:54.542" activeThreads="4">
  <mem-info id="621" free="47426664" total="838860800" percent="5">
    <mem type="nursery" free="0" total="209715200" percent="0">
      <mem type="allocate" free="0" total="136970240" percent="0" />
      <mem type="survivor" free="0" total="72744960" percent="0" />
    </mem>
    <mem type="tenure" free="47426664" total="629145600" percent="7" micro-fragmented="240136" macro-fragmented="0">
      <mem type="soa" free="41135208" total="622854144" percent="6" />
      <mem type="loa" free="6291456" total="6291456" percent="100" />
    </mem>
    <remembered-set count="117" />
  </mem-info>
</gc-end>
<cycle-end id="622" type="global" contextid="615" timestamp="2022-01-28T14:21:54.542" />
<percolate-collect id="623" from="nursery" to="global" reason="insufficient remaining tenure space" timestamp="2022-01-28T14:21:54.542"/>
<cycle-start id="624" type="global" contextid="0" timestamp="2022-01-28T14:21:54.542" intervalms="461.478" />
<gc-start id="625" type="global" contextid="624" timestamp="2022-01-28T14:21:54.542">
  <mem-info id="626" free="47426664" total="838860800" percent="5">
    <mem type="nursery" free="0" total="209715200" percent="0">
      <mem type="allocate" free="0" total="136970240" percent="0" />
      <mem type="survivor" free="0" total="72744960" percent="0" />
    </mem>
    <mem type="tenure" free="47426664" total="629145600" percent="7">
      <mem type="soa" free="41135208" total="622854144" percent="6" />
      <mem type="loa" free="6291456" total="6291456" percent="100" />
    </mem>
    <remembered-set count="117" />
  </mem-info>
</gc-start>
<allocation-stats totalBytes="0" >
  <allocated-bytes non-tlh="0" tlh="0" />
</allocation-stats>
<gc-op id="627" type="mark" timems="436.908" contextid="624" timestamp="2022-01-28T14:21:54.979">
  <trace-info objectcount="13008546" scancount="9744034" scanbytes="208741504" />
  <finalization candidates="371" enqueued="0" />
  <ownableSynchronizers candidates="1" cleared="0" />
  <references type="soft" candidates="882" cleared="0" enqueued="0" dynamicThreshold="2" maxThreshold="32" />
  <references type="weak" candidates="1705" cleared="0" enqueued="0" />
  <references type="phantom" candidates="50" cleared="0" enqueued="0" />
  <stringconstants candidates="6461" cleared="0"  />
  <object-monitors candidates="2" cleared="0"  />
</gc-op>
<gc-op id="628" type="sweep" timems="16.218" contextid="624" timestamp="2022-01-28T14:21:54.995" />
<gc-end id="629" type="global" contextid="624" durationms="453.292" usertimems="1182.943" systemtimems="28.876" stalltimems="543.718" timestamp="2022-01-28T14:21:54.995" activeThreads="4">
  <mem-info id="630" free="47426664" total="838860800" percent="5">
    <mem type="nursery" free="0" total="209715200" percent="0">
      <mem type="allocate" free="0" total="136970240" percent="0" />
      <mem type="survivor" free="0" total="72744960" percent="0" />
    </mem>
    <mem type="tenure" free="47426664" total="629145600" percent="7" micro-fragmented="240136" macro-fragmented="27735676">
      <mem type="soa" free="41135208" total="622854144" percent="6" />
      <mem type="loa" free="6291456" total="6291456" percent="100" />
    </mem>
    <remembered-set count="117" />
  </mem-info>
</gc-end>
<cycle-end id="631" type="global" contextid="624" timestamp="2022-01-28T14:21:54.995" />
<allocation-satisfied id="632" threadId="0000000000016F00" bytesRequested="216" />
<af-end id="633" timestamp="2022-01-28T14:21:54.996" threadId="0000000000017908" success="true" from="tenure-soa"/>
<exclusive-end id="634" timestamp="2022-01-28T14:21:54.996" durationms="915.087" />

<exclusive-start id="635" timestamp="2022-01-28T14:21:54.996" intervalms="915.200">
  <response-info timems="0.062" idlems="0.062" threads="0" lastid="0000000000016F00" lastname="main" />
</exclusive-start>
<af-start id="636" threadId="0000000000017908" totalBytesRequested="24" timestamp="2022-01-28T14:21:54.996" intervalms="915.183" type="nursery" />
<percolate-collect id="637" from="nursery" to="global" reason="insufficient remaining tenure space" timestamp="2022-01-28T14:21:54.996"/>
<cycle-start id="638" type="global" contextid="0" timestamp="2022-01-28T14:21:54.996" intervalms="453.720" />
<gc-start id="639" type="global" contextid="638" timestamp="2022-01-28T14:21:54.996">
  <mem-info id="640" free="47425808" total="838860800" percent="5">
    <mem type="nursery" free="0" total="209715200" percent="0">
      <mem type="allocate" free="0" total="136970240" percent="0" />
      <mem type="survivor" free="0" total="72744960" percent="0" />
    </mem>
    <mem type="tenure" free="47425808" total="629145600" percent="7">
      <mem type="soa" free="41134352" total="622854144" percent="6" />
      <mem type="loa" free="6291456" total="6291456" percent="100" />
    </mem>
    <remembered-set count="117" />
  </mem-info>
</gc-start>
<allocation-stats totalBytes="216" >
  <allocated-bytes non-tlh="216" tlh="0" />
  <largest-consumer threadName="main" threadId="0000000000016F00" bytes="216" />
</allocation-stats>
<gc-op id="641" type="mark" timems="302.964" contextid="638" timestamp="2022-01-28T14:21:55.299">
  <trace-info objectcount="13008546" scancount="9744083" scanbytes="208741504" />
  <finalization candidates="371" enqueued="0" />
  <ownableSynchronizers candidates="1" cleared="0" />
  <references type="soft" candidates="882" cleared="0" enqueued="0" dynamicThreshold="2" maxThreshold="32" />
  <references type="weak" candidates="1705" cleared="0" enqueued="0" />
  <references type="phantom" candidates="50" cleared="0" enqueued="0" />
  <stringconstants candidates="6461" cleared="0"  />
  <object-monitors candidates="2" cleared="0"  />
</gc-op>
<gc-op id="642" type="sweep" timems="7.505" contextid="638" timestamp="2022-01-28T14:21:55.306" />
<gc-end id="643" type="global" contextid="638" durationms="310.596" usertimems="533.625" systemtimems="3.393" stalltimems="695.446" timestamp="2022-01-28T14:21:55.306" activeThreads="4">
  <mem-info id="644" free="47426672" total="838860800" percent="5">
    <mem type="nursery" free="0" total="209715200" percent="0">
      <mem type="allocate" free="0" total="136970240" percent="0" />
      <mem type="survivor" free="0" total="72744960" percent="0" />
    </mem>
    <mem type="tenure" free="47426672" total="629145600" percent="7" micro-fragmented="240136" macro-fragmented="0">
      <mem type="soa" free="41135216" total="622854144" percent="6" />
      <mem type="loa" free="6291456" total="6291456" percent="100" />
    </mem>
    <remembered-set count="117" />
  </mem-info>
</gc-end>
<cycle-end id="645" type="global" contextid="638" timestamp="2022-01-28T14:21:55.307" />
<percolate-collect id="646" from="nursery" to="global" reason="insufficient remaining tenure space" timestamp="2022-01-28T14:21:55.307"/>
<cycle-start id="647" type="global" contextid="0" timestamp="2022-01-28T14:21:55.307" intervalms="310.823" />
<gc-start id="648" type="global" contextid="647" timestamp="2022-01-28T14:21:55.307">
  <mem-info id="649" free="47426672" total="838860800" percent="5">
    <mem type="nursery" free="0" total="209715200" percent="0">
      <mem type="allocate" free="0" total="136970240" percent="0" />
      <mem type="survivor" free="0" total="72744960" percent="0" />
    </mem>
    <mem type="tenure" free="47426672" total="629145600" percent="7">
      <mem type="soa" free="41135216" total="622854144" percent="6" />
      <mem type="loa" free="6291456" total="6291456" percent="100" />
    </mem>
    <remembered-set count="117" />
  </mem-info>
</gc-start>
<allocation-stats totalBytes="0" >
  <allocated-bytes non-tlh="0" tlh="0" />
</allocation-stats>
<gc-op id="650" type="mark" timems="296.744" contextid="647" timestamp="2022-01-28T14:21:55.603">
  <trace-info objectcount="13008546" scancount="9744020" scanbytes="208741504" />
  <finalization candidates="371" enqueued="0" />
  <ownableSynchronizers candidates="1" cleared="0" />
  <references type="soft" candidates="882" cleared="0" enqueued="0" dynamicThreshold="2" maxThreshold="32" />
  <references type="weak" candidates="1705" cleared="0" enqueued="0" />
  <references type="phantom" candidates="50" cleared="0" enqueued="0" />
  <stringconstants candidates="6461" cleared="0"  />
  <object-monitors candidates="2" cleared="0"  />
</gc-op>
<gc-op id="651" type="sweep" timems="5.539" contextid="647" timestamp="2022-01-28T14:21:55.609" />
<gc-end id="652" type="global" contextid="647" durationms="302.415" usertimems="473.172" systemtimems="4.617" stalltimems="724.768" timestamp="2022-01-28T14:21:55.609" activeThreads="4">
  <mem-info id="653" free="47426672" total="838860800" percent="5">
    <mem type="nursery" free="0" total="209715200" percent="0">
      <mem type="allocate" free="0" total="136970240" percent="0" />
      <mem type="survivor" free="0" total="72744960" percent="0" />
    </mem>
    <mem type="tenure" free="47426672" total="629145600" percent="7" micro-fragmented="240136" macro-fragmented="0">
      <mem type="soa" free="41135216" total="622854144" percent="6" />
      <mem type="loa" free="6291456" total="6291456" percent="100" />
    </mem>
    <remembered-set count="117" />
  </mem-info>
</gc-end>
<cycle-end id="654" type="global" contextid="647" timestamp="2022-01-28T14:21:55.609" />
<allocation-satisfied id="655" threadId="0000000000016F00" bytesRequested="24" />
<af-end id="656" timestamp="2022-01-28T14:21:55.609" threadId="0000000000017908" success="true" from="tenure-soa"/>
<exclusive-end id="657" timestamp="2022-01-28T14:21:55.609" durationms="613.551" />

<exclusive-start id="658" timestamp="2022-01-28T14:21:55.609" intervalms="613.620">
  <response-info timems="0.033" idlems="0.033" threads="0" lastid="0000000000016F00" lastname="main" />
</exclusive-start>
<af-start id="659" threadId="0000000000017908" totalBytesRequested="24" timestamp="2022-01-28T14:21:55.609" intervalms="613.614" type="nursery" />
<percolate-collect id="660" from="nursery" to="global" reason="insufficient remaining tenure space" timestamp="2022-01-28T14:21:55.609"/>
<cycle-start id="661" type="global" contextid="0" timestamp="2022-01-28T14:21:55.609" intervalms="302.760" />
<gc-start id="662" type="global" contextid="661" timestamp="2022-01-28T14:21:55.609">
  <mem-info id="663" free="47426648" total="838860800" percent="5">
    <mem type="nursery" free="0" total="209715200" percent="0">
      <mem type="allocate" free="0" total="136970240" percent="0" />
      <mem type="survivor" free="0" total="72744960" percent="0" />
    </mem>
    <mem type="tenure" free="47426648" total="629145600" percent="7">
      <mem type="soa" free="41135192" total="622854144" percent="6" />
      <mem type="loa" free="6291456" total="6291456" percent="100" />
    </mem>
    <remembered-set count="118" />
  </mem-info>
</gc-start>
<allocation-stats totalBytes="24" >
  <allocated-bytes non-tlh="24" tlh="0" />
  <largest-consumer threadName="main" threadId="0000000000016F00" bytes="24" />
</allocation-stats>
<gc-op id="664" type="mark" timems="315.164" contextid="661" timestamp="2022-01-28T14:21:55.925">
  <trace-info objectcount="13008547" scancount="9744087" scanbytes="208741528" />
  <finalization candidates="371" enqueued="0" />
  <ownableSynchronizers candidates="1" cleared="0" />
  <references type="soft" candidates="882" cleared="0" enqueued="0" dynamicThreshold="2" maxThreshold="32" />
  <references type="weak" candidates="1705" cleared="0" enqueued="0" />
  <references type="phantom" candidates="50" cleared="0" enqueued="0" />
  <stringconstants candidates="6461" cleared="0"  />
  <object-monitors candidates="2" cleared="0"  />
</gc-op>
<gc-op id="665" type="sweep" timems="5.739" contextid="661" timestamp="2022-01-28T14:21:55.930" />
<gc-end id="666" type="global" contextid="661" durationms="321.025" usertimems="577.404" systemtimems="8.182" stalltimems="684.857" timestamp="2022-01-28T14:21:55.930" activeThreads="4">
  <mem-info id="667" free="47426648" total="838860800" percent="5">
    <mem type="nursery" free="0" total="209715200" percent="0">
      <mem type="allocate" free="0" total="136970240" percent="0" />
      <mem type="survivor" free="0" total="72744960" percent="0" />
    </mem>
    <mem type="tenure" free="47426648" total="629145600" percent="7" micro-fragmented="240136" macro-fragmented="0">
      <mem type="soa" free="41135192" total="622854144" percent="6" />
      <mem type="loa" free="6291456" total="6291456" percent="100" />
    </mem>
    <remembered-set count="118" />
  </mem-info>
</gc-end>
<cycle-end id="668" type="global" contextid="661" timestamp="2022-01-28T14:21:55.931" />
<percolate-collect id="669" from="nursery" to="global" reason="insufficient remaining tenure space" timestamp="2022-01-28T14:21:55.931"/>
<cycle-start id="670" type="global" contextid="0" timestamp="2022-01-28T14:21:55.931" intervalms="321.412" />
<gc-start id="671" type="global" contextid="670" timestamp="2022-01-28T14:21:55.931">
  <mem-info id="672" free="47426648" total="838860800" percent="5">
    <mem type="nursery" free="0" total="209715200" percent="0">
      <mem type="allocate" free="0" total="136970240" percent="0" />
      <mem type="survivor" free="0" total="72744960" percent="0" />
    </mem>
    <mem type="tenure" free="47426648" total="629145600" percent="7">
      <mem type="soa" free="41135192" total="622854144" percent="6" />
      <mem type="loa" free="6291456" total="6291456" percent="100" />
    </mem>
    <remembered-set count="118" />
  </mem-info>
</gc-start>
<allocation-stats totalBytes="0" >
  <allocated-bytes non-tlh="0" tlh="0" />
</allocation-stats>
<gc-op id="673" type="mark" timems="309.977" contextid="670" timestamp="2022-01-28T14:21:56.241">
  <trace-info objectcount="13008547" scancount="9744071" scanbytes="208741528" />
  <finalization candidates="371" enqueued="0" />
  <ownableSynchronizers candidates="1" cleared="0" />
  <references type="soft" candidates="882" cleared="0" enqueued="0" dynamicThreshold="2" maxThreshold="32" />
  <references type="weak" candidates="1705" cleared="0" enqueued="0" />
  <references type="phantom" candidates="50" cleared="0" enqueued="0" />
  <stringconstants candidates="6461" cleared="0"  />
  <object-monitors candidates="2" cleared="0"  />
</gc-op>
<gc-op id="674" type="sweep" timems="5.441" contextid="670" timestamp="2022-01-28T14:21:56.246" />
<gc-end id="675" type="global" contextid="670" durationms="315.599" usertimems="558.349" systemtimems="1.021" stalltimems="698.105" timestamp="2022-01-28T14:21:56.246" activeThreads="4">
  <mem-info id="676" free="47426648" total="838860800" percent="5">
    <mem type="nursery" free="0" total="209715200" percent="0">
      <mem type="allocate" free="0" total="136970240" percent="0" />
      <mem type="survivor" free="0" total="72744960" percent="0" />
    </mem>
    <mem type="tenure" free="47426648" total="629145600" percent="7" micro-fragmented="240136" macro-fragmented="33282812">
      <mem type="soa" free="41135192" total="622854144" percent="6" />
      <mem type="loa" free="6291456" total="6291456" percent="100" />
    </mem>
    <remembered-set count="118" />
  </mem-info>
</gc-end>
<cycle-end id="677" type="global" contextid="670" timestamp="2022-01-28T14:21:56.247" />
<allocation-satisfied id="678" threadId="0000000000016F00" bytesRequested="24" />
<af-end id="679" timestamp="2022-01-28T14:21:56.247" threadId="0000000000017908" success="true" from="tenure-soa"/>
<exclusive-end id="680" timestamp="2022-01-28T14:21:56.247" durationms="637.349" />

<exclusive-start id="681" timestamp="2022-01-28T14:21:56.247" intervalms="637.403">
  <response-info timems="0.015" idlems="0.015" threads="0" lastid="0000000000016F00" lastname="main" />
</exclusive-start>
<af-start id="682" threadId="0000000000017908" totalBytesRequested="16" timestamp="2022-01-28T14:21:56.247" intervalms="637.404" type="nursery" />
<percolate-collect id="683" from="nursery" to="global" reason="insufficient remaining tenure space" timestamp="2022-01-28T14:21:56.247"/>
<cycle-start id="684" type="global" contextid="0" timestamp="2022-01-28T14:21:56.247" intervalms="316.007" />
<gc-start id="685" type="global" contextid="684" timestamp="2022-01-28T14:21:56.247">
  <mem-info id="686" free="47426624" total="838860800" percent="5">
    <mem type="nursery" free="0" total="209715200" percent="0">
      <mem type="allocate" free="0" total="136970240" percent="0" />
      <mem type="survivor" free="0" total="72744960" percent="0" />
    </mem>
    <mem type="tenure" free="47426624" total="629145600" percent="7">
      <mem type="soa" free="41135168" total="622854144" percent="6" />
      <mem type="loa" free="6291456" total="6291456" percent="100" />
    </mem>
    <remembered-set count="119" />
  </mem-info>
</gc-start>
<allocation-stats totalBytes="24" >
  <allocated-bytes non-tlh="24" tlh="0" />
  <largest-consumer threadName="main" threadId="0000000000016F00" bytes="24" />
</allocation-stats>
<gc-op id="687" type="mark" timems="353.272" contextid="684" timestamp="2022-01-28T14:21:56.600">
  <trace-info objectcount="13008548" scancount="9744133" scanbytes="208741552" />
  <finalization candidates="371" enqueued="0" />
  <ownableSynchronizers candidates="1" cleared="0" />
  <references type="soft" candidates="882" cleared="0" enqueued="0" dynamicThreshold="2" maxThreshold="32" />
  <references type="weak" candidates="1705" cleared="0" enqueued="0" />
  <references type="phantom" candidates="50" cleared="0" enqueued="0" />
  <stringconstants candidates="6461" cleared="0"  />
  <object-monitors candidates="2" cleared="0"  />
</gc-op>
<gc-op id="688" type="sweep" timems="5.445" contextid="684" timestamp="2022-01-28T14:21:56.606" />
<gc-end id="689" type="global" contextid="684" durationms="358.836" usertimems="693.602" systemtimems="0.000" stalltimems="723.487" timestamp="2022-01-28T14:21:56.606" activeThreads="4">
  <mem-info id="690" free="47426624" total="838860800" percent="5">
    <mem type="nursery" free="0" total="209715200" percent="0">
      <mem type="allocate" free="0" total="136970240" percent="0" />
      <mem type="survivor" free="0" total="72744960" percent="0" />
    </mem>
    <mem type="tenure" free="47426624" total="629145600" percent="7" micro-fragmented="240136" macro-fragmented="33282812">
      <mem type="soa" free="41135168" total="622854144" percent="6" />
      <mem type="loa" free="6291456" total="6291456" percent="100" />
    </mem>
    <remembered-set count="119" />
  </mem-info>
</gc-end>
<cycle-end id="691" type="global" contextid="684" timestamp="2022-01-28T14:21:56.606" />
<percolate-collect id="692" from="nursery" to="global" reason="insufficient remaining tenure space" timestamp="2022-01-28T14:21:56.606"/>
<cycle-start id="693" type="global" contextid="0" timestamp="2022-01-28T14:21:56.606" intervalms="359.019" />
<gc-start id="694" type="global" contextid="693" timestamp="2022-01-28T14:21:56.606">
  <mem-info id="695" free="47426624" total="838860800" percent="5">
    <mem type="nursery" free="0" total="209715200" percent="0">
      <mem type="allocate" free="0" total="136970240" percent="0" />
      <mem type="survivor" free="0" total="72744960" percent="0" />
    </mem>
    <mem type="tenure" free="47426624" total="629145600" percent="7">
      <mem type="soa" free="41135168" total="622854144" percent="6" />
      <mem type="loa" free="6291456" total="6291456" percent="100" />
    </mem>
    <remembered-set count="119" />
  </mem-info>
</gc-start>
<allocation-stats totalBytes="0" >
  <allocated-bytes non-tlh="0" tlh="0" />
</allocation-stats>
<gc-op id="696" type="mark" timems="299.402" contextid="693" timestamp="2022-01-28T14:21:56.905">
  <trace-info objectcount="13008548" scancount="9744063" scanbytes="208741552" />
  <finalization candidates="371" enqueued="0" />
  <ownableSynchronizers candidates="1" cleared="0" />
  <references type="soft" candidates="882" cleared="0" enqueued="0" dynamicThreshold="2" maxThreshold="32" />
  <references type="weak" candidates="1705" cleared="0" enqueued="0" />
  <references type="phantom" candidates="50" cleared="0" enqueued="0" />
  <stringconstants candidates="6461" cleared="0"  />
  <object-monitors candidates="2" cleared="0"  />
</gc-op>
<gc-op id="697" type="sweep" timems="5.840" contextid="693" timestamp="2022-01-28T14:21:56.911" />
<gc-end id="698" type="global" contextid="693" durationms="305.357" usertimems="542.666" systemtimems="3.564" stalltimems="671.369" timestamp="2022-01-28T14:21:56.911" activeThreads="4">
  <mem-info id="699" free="47426624" total="838860800" percent="5">
    <mem type="nursery" free="0" total="209715200" percent="0">
      <mem type="allocate" free="0" total="136970240" percent="0" />
      <mem type="survivor" free="0" total="72744960" percent="0" />
    </mem>
    <mem type="tenure" free="47426624" total="629145600" percent="7" micro-fragmented="240136" macro-fragmented="16050736">
      <mem type="soa" free="41135168" total="622854144" percent="6" />
      <mem type="loa" free="6291456" total="6291456" percent="100" />
    </mem>
    <remembered-set count="119" />
  </mem-info>
</gc-end>
<cycle-end id="700" type="global" contextid="693" timestamp="2022-01-28T14:21:56.911" />
<allocation-satisfied id="701" threadId="0000000000016F00" bytesRequested="16" />
<af-end id="702" timestamp="2022-01-28T14:21:56.911" threadId="0000000000017908" success="true" from="tenure-soa"/>
<exclusive-end id="703" timestamp="2022-01-28T14:21:56.911" durationms="664.623" />

<exclusive-start id="704" timestamp="2022-01-28T14:21:56.911" intervalms="664.660">
  <response-info timems="0.014" idlems="0.014" threads="0" lastid="0000000000016F00" lastname="main" />
</exclusive-start>
<af-start id="705" threadId="0000000000017908" totalBytesRequested="120" timestamp="2022-01-28T14:21:56.911" intervalms="664.658" type="nursery" />
<percolate-collect id="706" from="nursery" to="global" reason="insufficient remaining tenure space" timestamp="2022-01-28T14:21:56.911"/>
<cycle-start id="707" type="global" contextid="0" timestamp="2022-01-28T14:21:56.911" intervalms="305.623" />
<gc-start id="708" type="global" contextid="707" timestamp="2022-01-28T14:21:56.911">
  <mem-info id="709" free="47426608" total="838860800" percent="5">
    <mem type="nursery" free="0" total="209715200" percent="0">
      <mem type="allocate" free="0" total="136970240" percent="0" />
      <mem type="survivor" free="0" total="72744960" percent="0" />
    </mem>
    <mem type="tenure" free="47426608" total="629145600" percent="7">
      <mem type="soa" free="41135152" total="622854144" percent="6" />
      <mem type="loa" free="6291456" total="6291456" percent="100" />
    </mem>
    <remembered-set count="120" />
  </mem-info>
</gc-start>
<allocation-stats totalBytes="16" >
  <allocated-bytes non-tlh="16" tlh="0" />
  <largest-consumer threadName="main" threadId="0000000000016F00" bytes="16" />
</allocation-stats>
<gc-op id="710" type="mark" timems="327.812" contextid="707" timestamp="2022-01-28T14:21:57.239">
  <trace-info objectcount="13008549" scancount="9744121" scanbytes="208741568" />
  <finalization candidates="371" enqueued="0" />
  <ownableSynchronizers candidates="1" cleared="0" />
  <references type="soft" candidates="882" cleared="0" enqueued="0" dynamicThreshold="2" maxThreshold="32" />
  <references type="weak" candidates="1705" cleared="0" enqueued="0" />
  <references type="phantom" candidates="50" cleared="0" enqueued="0" />
  <stringconstants candidates="6461" cleared="0"  />
  <object-monitors candidates="2" cleared="0"  />
</gc-op>
<gc-op id="711" type="sweep" timems="12.343" contextid="707" timestamp="2022-01-28T14:21:57.252" />
<gc-end id="712" type="global" contextid="707" durationms="340.276" usertimems="578.405" systemtimems="12.678" stalltimems="762.555" timestamp="2022-01-28T14:21:57.252" activeThreads="4">
  <mem-info id="713" free="47426608" total="838860800" percent="5">
    <mem type="nursery" free="0" total="209715200" percent="0">
      <mem type="allocate" free="0" total="136970240" percent="0" />
      <mem type="survivor" free="0" total="72744960" percent="0" />
    </mem>
    <mem type="tenure" free="47426608" total="629145600" percent="7" micro-fragmented="240136" macro-fragmented="0">
      <mem type="soa" free="41135152" total="622854144" percent="6" />
      <mem type="loa" free="6291456" total="6291456" percent="100" />
    </mem>
    <remembered-set count="120" />
  </mem-info>
</gc-end>
<cycle-end id="714" type="global" contextid="707" timestamp="2022-01-28T14:21:57.252" />
<percolate-collect id="715" from="nursery" to="global" reason="insufficient remaining tenure space" timestamp="2022-01-28T14:21:57.252"/>
<cycle-start id="716" type="global" contextid="0" timestamp="2022-01-28T14:21:57.252" intervalms="340.459" />
<gc-start id="717" type="global" contextid="716" timestamp="2022-01-28T14:21:57.252">
  <mem-info id="718" free="47426608" total="838860800" percent="5">
    <mem type="nursery" free="0" total="209715200" percent="0">
      <mem type="allocate" free="0" total="136970240" percent="0" />
      <mem type="survivor" free="0" total="72744960" percent="0" />
    </mem>
    <mem type="tenure" free="47426608" total="629145600" percent="7">
      <mem type="soa" free="41135152" total="622854144" percent="6" />
      <mem type="loa" free="6291456" total="6291456" percent="100" />
    </mem>
    <remembered-set count="120" />
  </mem-info>
</gc-start>
<allocation-stats totalBytes="0" >
  <allocated-bytes non-tlh="0" tlh="0" />
</allocation-stats>
<gc-op id="719" type="mark" timems="317.811" contextid="716" timestamp="2022-01-28T14:21:57.570">
  <trace-info objectcount="13008549" scancount="9744122" scanbytes="208741568" />
  <finalization candidates="371" enqueued="0" />
  <ownableSynchronizers candidates="1" cleared="0" />
  <references type="soft" candidates="882" cleared="0" enqueued="0" dynamicThreshold="2" maxThreshold="32" />
  <references type="weak" candidates="1705" cleared="0" enqueued="0" />
  <references type="phantom" candidates="50" cleared="0" enqueued="0" />
  <stringconstants candidates="6461" cleared="0"  />
  <object-monitors candidates="2" cleared="0"  />
</gc-op>
<gc-op id="720" type="sweep" timems="6.937" contextid="716" timestamp="2022-01-28T14:21:57.577" />
<gc-end id="721" type="global" contextid="716" durationms="324.855" usertimems="569.629" systemtimems="5.301" stalltimems="721.250" timestamp="2022-01-28T14:21:57.577" activeThreads="4">
  <mem-info id="722" free="47426608" total="838860800" percent="5">
    <mem type="nursery" free="0" total="209715200" percent="0">
      <mem type="allocate" free="0" total="136970240" percent="0" />
      <mem type="survivor" free="0" total="72744960" percent="0" />
    </mem>
    <mem type="tenure" free="47426608" total="629145600" percent="7" micro-fragmented="240136" macro-fragmented="27735676">
      <mem type="soa" free="41135152" total="622854144" percent="6" />
      <mem type="loa" free="6291456" total="6291456" percent="100" />
    </mem>
    <remembered-set count="120" />
  </mem-info>
</gc-end>
<cycle-end id="723" type="global" contextid="716" timestamp="2022-01-28T14:21:57.577" />
<allocation-satisfied id="724" threadId="0000000000016F00" bytesRequested="120" />
<af-end id="725" timestamp="2022-01-28T14:21:57.577" threadId="0000000000017908" success="true" from="tenure-soa"/>
<exclusive-end id="726" timestamp="2022-01-28T14:21:57.577" durationms="665.575" />

<exclusive-start id="727" timestamp="2022-01-28T14:21:57.577" intervalms="665.613">
  <response-info timems="0.015" idlems="0.015" threads="0" lastid="0000000000016F00" lastname="main" />
</exclusive-start>
<af-start id="728" threadId="0000000000017908" totalBytesRequested="216" timestamp="2022-01-28T14:21:57.577" intervalms="665.614" type="nursery" />
<percolate-collect id="729" from="nursery" to="global" reason="insufficient remaining tenure space" timestamp="2022-01-28T14:21:57.577"/>
<cycle-start id="730" type="global" contextid="0" timestamp="2022-01-28T14:21:57.577" intervalms="325.155" />
<gc-start id="731" type="global" contextid="730" timestamp="2022-01-28T14:21:57.577">
  <mem-info id="732" free="47425808" total="838860800" percent="5">
    <mem type="nursery" free="0" total="209715200" percent="0">
      <mem type="allocate" free="0" total="136970240" percent="0" />
      <mem type="survivor" free="0" total="72744960" percent="0" />
    </mem>
    <mem type="tenure" free="47425808" total="629145600" percent="7">
      <mem type="soa" free="41134352" total="622854144" percent="6" />
      <mem type="loa" free="6291456" total="6291456" percent="100" />
    </mem>
    <remembered-set count="120" />
  </mem-info>
</gc-start>
<allocation-stats totalBytes="120" >
  <allocated-bytes non-tlh="120" tlh="0" />
  <largest-consumer threadName="main" threadId="0000000000016F00" bytes="120" />
</allocation-stats>
<gc-op id="733" type="mark" timems="308.881" contextid="730" timestamp="2022-01-28T14:21:57.886">
  <trace-info objectcount="13008550" scancount="9744127" scanbytes="208741568" />
  <finalization candidates="371" enqueued="0" />
  <ownableSynchronizers candidates="1" cleared="0" />
  <references type="soft" candidates="882" cleared="0" enqueued="0" dynamicThreshold="2" maxThreshold="32" />
  <references type="weak" candidates="1705" cleared="0" enqueued="0" />
  <references type="phantom" candidates="50" cleared="0" enqueued="0" />
  <stringconstants candidates="6461" cleared="0"  />
  <object-monitors candidates="2" cleared="0"  />
</gc-op>
<gc-op id="734" type="sweep" timems="5.454" contextid="730" timestamp="2022-01-28T14:21:57.891" />
<gc-end id="735" type="global" contextid="730" durationms="314.467" usertimems="341.903" systemtimems="0.000" stalltimems="910.672" timestamp="2022-01-28T14:21:57.891" activeThreads="4">
  <mem-info id="736" free="47425808" total="838860800" percent="5">
    <mem type="nursery" free="0" total="209715200" percent="0">
      <mem type="allocate" free="0" total="136970240" percent="0" />
      <mem type="survivor" free="0" total="72744960" percent="0" />
    </mem>
    <mem type="tenure" free="47425808" total="629145600" percent="7" micro-fragmented="240136" macro-fragmented="0">
      <mem type="soa" free="41134352" total="622854144" percent="6" />
      <mem type="loa" free="6291456" total="6291456" percent="100" />
    </mem>
    <remembered-set count="120" />
  </mem-info>
</gc-end>
<cycle-end id="737" type="global" contextid="730" timestamp="2022-01-28T14:21:57.892" />
<percolate-collect id="738" from="nursery" to="global" reason="insufficient remaining tenure space" timestamp="2022-01-28T14:21:57.892"/>
<cycle-start id="739" type="global" contextid="0" timestamp="2022-01-28T14:21:57.892" intervalms="314.677" />
<gc-start id="740" type="global" contextid="739" timestamp="2022-01-28T14:21:57.892">
  <mem-info id="741" free="47425808" total="838860800" percent="5">
    <mem type="nursery" free="0" total="209715200" percent="0">
      <mem type="allocate" free="0" total="136970240" percent="0" />
      <mem type="survivor" free="0" total="72744960" percent="0" />
    </mem>
    <mem type="tenure" free="47425808" total="629145600" percent="7">
      <mem type="soa" free="41134352" total="622854144" percent="6" />
      <mem type="loa" free="6291456" total="6291456" percent="100" />
    </mem>
    <remembered-set count="120" />
  </mem-info>
</gc-start>
<allocation-stats totalBytes="0" >
  <allocated-bytes non-tlh="0" tlh="0" />
</allocation-stats>
<gc-op id="742" type="mark" timems="480.889" contextid="739" timestamp="2022-01-28T14:21:58.373">
  <trace-info objectcount="13008550" scancount="9744045" scanbytes="208741568" />
  <finalization candidates="371" enqueued="0" />
  <ownableSynchronizers candidates="1" cleared="0" />
  <references type="soft" candidates="882" cleared="0" enqueued="0" dynamicThreshold="2" maxThreshold="32" />
  <references type="weak" candidates="1705" cleared="0" enqueued="0" />
  <references type="phantom" candidates="50" cleared="0" enqueued="0" />
  <stringconstants candidates="6461" cleared="0"  />
  <object-monitors candidates="2" cleared="0"  />
</gc-op>
<gc-op id="743" type="sweep" timems="7.452" contextid="739" timestamp="2022-01-28T14:21:58.380" />
<gc-end id="744" type="global" contextid="739" durationms="488.791" usertimems="1342.023" systemtimems="44.290" stalltimems="550.907" timestamp="2022-01-28T14:21:58.380" activeThreads="4">
  <mem-info id="745" free="47425808" total="838860800" percent="5">
    <mem type="nursery" free="0" total="209715200" percent="0">
      <mem type="allocate" free="0" total="136970240" percent="0" />
      <mem type="survivor" free="0" total="72744960" percent="0" />
    </mem>
    <mem type="tenure" free="47425808" total="629145600" percent="7" micro-fragmented="240136" macro-fragmented="0">
      <mem type="soa" free="41134352" total="622854144" percent="6" />
      <mem type="loa" free="6291456" total="6291456" percent="100" />
    </mem>
    <remembered-set count="120" />
  </mem-info>
</gc-end>
<cycle-end id="746" type="global" contextid="739" timestamp="2022-01-28T14:21:58.381" />
<allocation-satisfied id="747" threadId="0000000000016F00" bytesRequested="216" />
<af-end id="748" timestamp="2022-01-28T14:21:58.381" threadId="0000000000017908" success="true" from="tenure-soa"/>
<exclusive-end id="749" timestamp="2022-01-28T14:21:58.381" durationms="803.750" />

<exclusive-start id="750" timestamp="2022-01-28T14:21:58.381" intervalms="803.805">
  <response-info timems="0.026" idlems="0.026" threads="0" lastid="0000000000016F00" lastname="main" />
</exclusive-start>
<af-start id="751" threadId="0000000000017908" totalBytesRequested="24" timestamp="2022-01-28T14:21:58.381" intervalms="803.805" type="nursery" />
<percolate-collect id="752" from="nursery" to="global" reason="insufficient remaining tenure space" timestamp="2022-01-28T14:21:58.381"/>
<cycle-start id="753" type="global" contextid="0" timestamp="2022-01-28T14:21:58.381" intervalms="489.126" />
<gc-start id="754" type="global" contextid="753" timestamp="2022-01-28T14:21:58.381">
  <mem-info id="755" free="47425000" total="838860800" percent="5">
    <mem type="nursery" free="0" total="209715200" percent="0">
      <mem type="allocate" free="0" total="136970240" percent="0" />
      <mem type="survivor" free="0" total="72744960" percent="0" />
    </mem>
    <mem type="tenure" free="47425000" total="629145600" percent="7">
      <mem type="soa" free="41133544" total="622854144" percent="6" />
      <mem type="loa" free="6291456" total="6291456" percent="100" />
    </mem>
    <remembered-set count="120" />
  </mem-info>
</gc-start>
<allocation-stats totalBytes="216" >
  <allocated-bytes non-tlh="216" tlh="0" />
  <largest-consumer threadName="main" threadId="0000000000016F00" bytes="216" />
</allocation-stats>
<gc-op id="756" type="mark" timems="295.731" contextid="753" timestamp="2022-01-28T14:21:58.677">
  <trace-info objectcount="13008550" scancount="9744104" scanbytes="208741568" />
  <finalization candidates="371" enqueued="0" />
  <ownableSynchronizers candidates="1" cleared="0" />
  <references type="soft" candidates="882" cleared="0" enqueued="0" dynamicThreshold="2" maxThreshold="32" />
  <references type="weak" candidates="1705" cleared="0" enqueued="0" />
  <references type="phantom" candidates="50" cleared="0" enqueued="0" />
  <stringconstants candidates="6461" cleared="0"  />
  <object-monitors candidates="2" cleared="0"  />
</gc-op>
<gc-op id="757" type="sweep" timems="6.837" contextid="753" timestamp="2022-01-28T14:21:58.683" />
<gc-end id="758" type="global" contextid="753" durationms="302.751" usertimems="525.123" systemtimems="4.498" stalltimems="674.593" timestamp="2022-01-28T14:21:58.684" activeThreads="4">
  <mem-info id="759" free="47425800" total="838860800" percent="5">
    <mem type="nursery" free="0" total="209715200" percent="0">
      <mem type="allocate" free="0" total="136970240" percent="0" />
      <mem type="survivor" free="0" total="72744960" percent="0" />
    </mem>
    <mem type="tenure" free="47425800" total="629145600" percent="7" micro-fragmented="240136" macro-fragmented="0">
      <mem type="soa" free="41134344" total="622854144" percent="6" />
      <mem type="loa" free="6291456" total="6291456" percent="100" />
    </mem>
    <remembered-set count="120" />
  </mem-info>
</gc-end>
<cycle-end id="760" type="global" contextid="753" timestamp="2022-01-28T14:21:58.684" />
<percolate-collect id="761" from="nursery" to="global" reason="insufficient remaining tenure space" timestamp="2022-01-28T14:21:58.684"/>
<cycle-start id="762" type="global" contextid="0" timestamp="2022-01-28T14:21:58.684" intervalms="302.954" />
<gc-start id="763" type="global" contextid="762" timestamp="2022-01-28T14:21:58.684">
  <mem-info id="764" free="47425800" total="838860800" percent="5">
    <mem type="nursery" free="0" total="209715200" percent="0">
      <mem type="allocate" free="0" total="136970240" percent="0" />
      <mem type="survivor" free="0" total="72744960" percent="0" />
    </mem>
    <mem type="tenure" free="47425800" total="629145600" percent="7">
      <mem type="soa" free="41134344" total="622854144" percent="6" />
      <mem type="loa" free="6291456" total="6291456" percent="100" />
    </mem>
    <remembered-set count="120" />
  </mem-info>
</gc-start>
<allocation-stats totalBytes="0" >
  <allocated-bytes non-tlh="0" tlh="0" />
</allocation-stats>
<gc-op id="765" type="mark" timems="301.706" contextid="762" timestamp="2022-01-28T14:21:58.985">
  <trace-info objectcount="13008550" scancount="9744070" scanbytes="208741568" />
  <finalization candidates="371" enqueued="0" />
  <ownableSynchronizers candidates="1" cleared="0" />
  <references type="soft" candidates="882" cleared="0" enqueued="0" dynamicThreshold="2" maxThreshold="32" />
  <references type="weak" candidates="1705" cleared="0" enqueued="0" />
  <references type="phantom" candidates="50" cleared="0" enqueued="0" />
  <stringconstants candidates="6461" cleared="0"  />
  <object-monitors candidates="2" cleared="0"  />
</gc-op>
<gc-op id="766" type="sweep" timems="5.468" contextid="762" timestamp="2022-01-28T14:21:58.991" />
<gc-end id="767" type="global" contextid="762" durationms="307.283" usertimems="535.284" systemtimems="0.000" stalltimems="683.158" timestamp="2022-01-28T14:21:58.991" activeThreads="4">
  <mem-info id="768" free="47425800" total="838860800" percent="5">
    <mem type="nursery" free="0" total="209715200" percent="0">
      <mem type="allocate" free="0" total="136970240" percent="0" />
      <mem type="survivor" free="0" total="72744960" percent="0" />
    </mem>
    <mem type="tenure" free="47425800" total="629145600" percent="7" micro-fragmented="240136" macro-fragmented="0">
      <mem type="soa" free="41134344" total="622854144" percent="6" />
      <mem type="loa" free="6291456" total="6291456" percent="100" />
    </mem>
    <remembered-set count="120" />
  </mem-info>
</gc-end>
<cycle-end id="769" type="global" contextid="762" timestamp="2022-01-28T14:21:58.991" />
<allocation-satisfied id="770" threadId="0000000000016F00" bytesRequested="24" />
<af-end id="771" timestamp="2022-01-28T14:21:58.991" threadId="0000000000017908" success="true" from="tenure-soa"/>
<exclusive-end id="772" timestamp="2022-01-28T14:21:58.991" durationms="610.436" />

<exclusive-start id="773" timestamp="2022-01-28T14:21:58.991" intervalms="610.470">
  <response-info timems="0.015" idlems="0.015" threads="0" lastid="0000000000016F00" lastname="main" />
</exclusive-start>
<af-start id="774" threadId="0000000000017908" totalBytesRequested="24" timestamp="2022-01-28T14:21:58.991" intervalms="610.507" type="nursery" />
<percolate-collect id="775" from="nursery" to="global" reason="insufficient remaining tenure space" timestamp="2022-01-28T14:21:58.991"/>
<cycle-start id="776" type="global" contextid="0" timestamp="2022-01-28T14:21:58.991" intervalms="307.592" />
<gc-start id="777" type="global" contextid="776" timestamp="2022-01-28T14:21:58.991">
  <mem-info id="778" free="47425776" total="838860800" percent="5">
    <mem type="nursery" free="0" total="209715200" percent="0">
      <mem type="allocate" free="0" total="136970240" percent="0" />
      <mem type="survivor" free="0" total="72744960" percent="0" />
    </mem>
    <mem type="tenure" free="47425776" total="629145600" percent="7">
      <mem type="soa" free="41134320" total="622854144" percent="6" />
      <mem type="loa" free="6291456" total="6291456" percent="100" />
    </mem>
    <remembered-set count="121" />
  </mem-info>
</gc-start>
<allocation-stats totalBytes="24" >
  <allocated-bytes non-tlh="24" tlh="0" />
  <largest-consumer threadName="main" threadId="0000000000016F00" bytes="24" />
</allocation-stats>
<gc-op id="779" type="mark" timems="327.389" contextid="776" timestamp="2022-01-28T14:21:59.319">
  <trace-info objectcount="13008551" scancount="9744097" scanbytes="208741592" />
  <finalization candidates="371" enqueued="0" />
  <ownableSynchronizers candidates="1" cleared="0" />
  <references type="soft" candidates="882" cleared="0" enqueued="0" dynamicThreshold="2" maxThreshold="32" />
  <references type="weak" candidates="1705" cleared="0" enqueued="0" />
  <references type="phantom" candidates="50" cleared="0" enqueued="0" />
  <stringconstants candidates="6461" cleared="0"  />
  <object-monitors candidates="2" cleared="0"  />
</gc-op>
<gc-op id="780" type="sweep" timems="5.986" contextid="776" timestamp="2022-01-28T14:21:59.325" />
<gc-end id="781" type="global" contextid="776" durationms="333.521" usertimems="375.408" systemtimems="1.084" stalltimems="955.723" timestamp="2022-01-28T14:21:59.325" activeThreads="4">
  <mem-info id="782" free="47425776" total="838860800" percent="5">
    <mem type="nursery" free="0" total="209715200" percent="0">
      <mem type="allocate" free="0" total="136970240" percent="0" />
      <mem type="survivor" free="0" total="72744960" percent="0" />
    </mem>
    <mem type="tenure" free="47425776" total="629145600" percent="7" micro-fragmented="240136" macro-fragmented="16050736">
      <mem type="soa" free="41134320" total="622854144" percent="6" />
      <mem type="loa" free="6291456" total="6291456" percent="100" />
    </mem>
    <remembered-set count="121" />
  </mem-info>
</gc-end>
<cycle-end id="783" type="global" contextid="776" timestamp="2022-01-28T14:21:59.325" />
<percolate-collect id="784" from="nursery" to="global" reason="insufficient remaining tenure space" timestamp="2022-01-28T14:21:59.325"/>
<cycle-start id="785" type="global" contextid="0" timestamp="2022-01-28T14:21:59.325" intervalms="333.749" />
<gc-start id="786" type="global" contextid="785" timestamp="2022-01-28T14:21:59.325">
  <mem-info id="787" free="47425776" total="838860800" percent="5">
    <mem type="nursery" free="0" total="209715200" percent="0">
      <mem type="allocate" free="0" total="136970240" percent="0" />
      <mem type="survivor" free="0" total="72744960" percent="0" />
    </mem>
    <mem type="tenure" free="47425776" total="629145600" percent="7">
      <mem type="soa" free="41134320" total="622854144" percent="6" />
      <mem type="loa" free="6291456" total="6291456" percent="100" />
    </mem>
    <remembered-set count="121" />
  </mem-info>
</gc-start>
<allocation-stats totalBytes="0" >
  <allocated-bytes non-tlh="0" tlh="0" />
</allocation-stats>
<gc-op id="788" type="mark" timems="457.402" contextid="785" timestamp="2022-01-28T14:21:59.783">
  <trace-info objectcount="13008551" scancount="9744101" scanbytes="208741592" />
  <finalization candidates="371" enqueued="0" />
  <ownableSynchronizers candidates="1" cleared="0" />
  <references type="soft" candidates="882" cleared="0" enqueued="0" dynamicThreshold="2" maxThreshold="32" />
  <references type="weak" candidates="1705" cleared="0" enqueued="0" />
  <references type="phantom" candidates="50" cleared="0" enqueued="0" />
  <stringconstants candidates="6461" cleared="0"  />
  <object-monitors candidates="2" cleared="0"  />
</gc-op>
<gc-op id="789" type="sweep" timems="5.190" contextid="785" timestamp="2022-01-28T14:21:59.788" />
<gc-end id="790" type="global" contextid="785" durationms="462.708" usertimems="1377.670" systemtimems="0.000" stalltimems="467.112" timestamp="2022-01-28T14:21:59.788" activeThreads="4">
  <mem-info id="791" free="47425776" total="838860800" percent="5">
    <mem type="nursery" free="0" total="209715200" percent="0">
      <mem type="allocate" free="0" total="136970240" percent="0" />
      <mem type="survivor" free="0" total="72744960" percent="0" />
    </mem>
    <mem type="tenure" free="47425776" total="629145600" percent="7" micro-fragmented="240136" macro-fragmented="33282812">
      <mem type="soa" free="41134320" total="622854144" percent="6" />
      <mem type="loa" free="6291456" total="6291456" percent="100" />
    </mem>
    <remembered-set count="121" />
  </mem-info>
</gc-end>
<cycle-end id="792" type="global" contextid="785" timestamp="2022-01-28T14:21:59.788" />
<allocation-satisfied id="793" threadId="0000000000016F00" bytesRequested="24" />
<af-end id="794" timestamp="2022-01-28T14:21:59.788" threadId="0000000000017908" success="true" from="tenure-soa"/>
<exclusive-end id="795" timestamp="2022-01-28T14:21:59.788" durationms="796.742" />

<exclusive-start id="796" timestamp="2022-01-28T14:21:59.788" intervalms="796.787">
  <response-info timems="0.017" idlems="0.017" threads="0" lastid="0000000000016F00" lastname="main" />
</exclusive-start>
<af-start id="797" threadId="0000000000017908" totalBytesRequested="16" timestamp="2022-01-28T14:21:59.788" intervalms="796.747" type="nursery" />
<percolate-collect id="798" from="nursery" to="global" reason="insufficient remaining tenure space" timestamp="2022-01-28T14:21:59.788"/>
<cycle-start id="799" type="global" contextid="0" timestamp="2022-01-28T14:21:59.788" intervalms="462.957" />
<gc-start id="800" type="global" contextid="799" timestamp="2022-01-28T14:21:59.788">
  <mem-info id="801" free="47425000" total="838860800" percent="5">
    <mem type="nursery" free="0" total="209715200" percent="0">
      <mem type="allocate" free="0" total="136970240" percent="0" />
      <mem type="survivor" free="0" total="72744960" percent="0" />
    </mem>
    <mem type="tenure" free="47425000" total="629145600" percent="7">
      <mem type="soa" free="41133544" total="622854144" percent="6" />
      <mem type="loa" free="6291456" total="6291456" percent="100" />
    </mem>
    <remembered-set count="122" />
  </mem-info>
</gc-start>
<allocation-stats totalBytes="24" >
  <allocated-bytes non-tlh="24" tlh="0" />
  <largest-consumer threadName="main" threadId="0000000000016F00" bytes="24" />
</allocation-stats>
<gc-op id="802" type="mark" timems="303.864" contextid="799" timestamp="2022-01-28T14:22:00.092">
  <trace-info objectcount="13008552" scancount="9744082" scanbytes="208741616" />
  <finalization candidates="371" enqueued="0" />
  <ownableSynchronizers candidates="1" cleared="0" />
  <references type="soft" candidates="882" cleared="0" enqueued="0" dynamicThreshold="2" maxThreshold="32" />
  <references type="weak" candidates="1705" cleared="0" enqueued="0" />
  <references type="phantom" candidates="50" cleared="0" enqueued="0" />
  <stringconstants candidates="6461" cleared="0"  />
  <object-monitors candidates="2" cleared="0"  />
</gc-op>
<gc-op id="803" type="sweep" timems="5.859" contextid="799" timestamp="2022-01-28T14:22:00.098" />
<gc-end id="804" type="global" contextid="799" durationms="309.883" usertimems="349.235" systemtimems="2.731" stalltimems="881.568" timestamp="2022-01-28T14:22:00.098" activeThreads="4">
  <mem-info id="805" free="47425000" total="838860800" percent="5">
    <mem type="nursery" free="0" total="209715200" percent="0">
      <mem type="allocate" free="0" total="136970240" percent="0" />
      <mem type="survivor" free="0" total="72744960" percent="0" />
    </mem>
    <mem type="tenure" free="47425000" total="629145600" percent="7" micro-fragmented="240136" macro-fragmented="0">
      <mem type="soa" free="41133544" total="622854144" percent="6" />
      <mem type="loa" free="6291456" total="6291456" percent="100" />
    </mem>
    <remembered-set count="122" />
  </mem-info>
</gc-end>
<cycle-end id="806" type="global" contextid="799" timestamp="2022-01-28T14:22:00.098" />
<percolate-collect id="807" from="nursery" to="global" reason="insufficient remaining tenure space" timestamp="2022-01-28T14:22:00.098"/>
<cycle-start id="808" type="global" contextid="0" timestamp="2022-01-28T14:22:00.098" intervalms="310.178" />
<gc-start id="809" type="global" contextid="808" timestamp="2022-01-28T14:22:00.098">
  <mem-info id="810" free="47425000" total="838860800" percent="5">
    <mem type="nursery" free="0" total="209715200" percent="0">
      <mem type="allocate" free="0" total="136970240" percent="0" />
      <mem type="survivor" free="0" total="72744960" percent="0" />
    </mem>
    <mem type="tenure" free="47425000" total="629145600" percent="7">
      <mem type="soa" free="41133544" total="622854144" percent="6" />
      <mem type="loa" free="6291456" total="6291456" percent="100" />
    </mem>
    <remembered-set count="122" />
  </mem-info>
</gc-start>
<allocation-stats totalBytes="0" >
  <allocated-bytes non-tlh="0" tlh="0" />
</allocation-stats>
<gc-op id="811" type="mark" timems="284.863" contextid="808" timestamp="2022-01-28T14:22:00.383">
  <trace-info objectcount="13008552" scancount="9744049" scanbytes="208741616" />
  <finalization candidates="371" enqueued="0" />
  <ownableSynchronizers candidates="1" cleared="0" />
  <references type="soft" candidates="882" cleared="0" enqueued="0" dynamicThreshold="2" maxThreshold="32" />
  <references type="weak" candidates="1705" cleared="0" enqueued="0" />
  <references type="phantom" candidates="50" cleared="0" enqueued="0" />
  <stringconstants candidates="6461" cleared="0"  />
  <object-monitors candidates="2" cleared="0"  />
</gc-op>
<gc-op id="812" type="sweep" timems="5.458" contextid="808" timestamp="2022-01-28T14:22:00.389" />
<gc-end id="813" type="global" contextid="808" durationms="290.458" usertimems="464.541" systemtimems="0.000" stalltimems="693.870" timestamp="2022-01-28T14:22:00.389" activeThreads="4">
  <mem-info id="814" free="47425000" total="838860800" percent="5">
    <mem type="nursery" free="0" total="209715200" percent="0">
      <mem type="allocate" free="0" total="136970240" percent="0" />
      <mem type="survivor" free="0" total="72744960" percent="0" />
    </mem>
    <mem type="tenure" free="47425000" total="629145600" percent="7" micro-fragmented="240136" macro-fragmented="140211">
      <mem type="soa" free="41133544" total="622854144" percent="6" />
      <mem type="loa" free="6291456" total="6291456" percent="100" />
    </mem>
    <remembered-set count="122" />
  </mem-info>
</gc-end>
<cycle-end id="815" type="global" contextid="808" timestamp="2022-01-28T14:22:00.389" />
<allocation-satisfied id="816" threadId="0000000000016F00" bytesRequested="16" />
<af-end id="817" timestamp="2022-01-28T14:22:00.389" threadId="0000000000017908" success="true" from="tenure-soa"/>
<exclusive-end id="818" timestamp="2022-01-28T14:22:00.389" durationms="600.897" />

<exclusive-start id="819" timestamp="2022-01-28T14:22:00.389" intervalms="600.979">
  <response-info timems="0.053" idlems="0.053" threads="0" lastid="0000000000016F00" lastname="main" />
</exclusive-start>
<af-start id="820" threadId="0000000000017908" totalBytesRequested="120" timestamp="2022-01-28T14:22:00.389" intervalms="600.986" type="nursery" />
<percolate-collect id="821" from="nursery" to="global" reason="insufficient remaining tenure space" timestamp="2022-01-28T14:22:00.389"/>
<cycle-start id="822" type="global" contextid="0" timestamp="2022-01-28T14:22:00.389" intervalms="290.825" />
<gc-start id="823" type="global" contextid="822" timestamp="2022-01-28T14:22:00.389">
  <mem-info id="824" free="47424984" total="838860800" percent="5">
    <mem type="nursery" free="0" total="209715200" percent="0">
      <mem type="allocate" free="0" total="136970240" percent="0" />
      <mem type="survivor" free="0" total="72744960" percent="0" />
    </mem>
    <mem type="tenure" free="47424984" total="629145600" percent="7">
      <mem type="soa" free="41133528" total="622854144" percent="6" />
      <mem type="loa" free="6291456" total="6291456" percent="100" />
    </mem>
    <remembered-set count="123" />
  </mem-info>
</gc-start>
<allocation-stats totalBytes="16" >
  <allocated-bytes non-tlh="16" tlh="0" />
  <largest-consumer threadName="main" threadId="0000000000016F00" bytes="16" />
</allocation-stats>
<gc-op id="825" type="mark" timems="333.383" contextid="822" timestamp="2022-01-28T14:22:00.722">
  <trace-info objectcount="13008553" scancount="9744063" scanbytes="208741632" />
  <finalization candidates="371" enqueued="0" />
  <ownableSynchronizers candidates="1" cleared="0" />
  <references type="soft" candidates="882" cleared="0" enqueued="0" dynamicThreshold="2" maxThreshold="32" />
  <references type="weak" candidates="1705" cleared="0" enqueued="0" />
  <references type="phantom" candidates="50" cleared="0" enqueued="0" />
  <stringconstants candidates="6461" cleared="0"  />
  <object-monitors candidates="2" cleared="0"  />
</gc-op>
<gc-op id="826" type="sweep" timems="7.644" contextid="822" timestamp="2022-01-28T14:22:00.730" />
<gc-end id="827" type="global" contextid="822" durationms="341.215" usertimems="634.802" systemtimems="12.022" stalltimems="699.987" timestamp="2022-01-28T14:22:00.730" activeThreads="4">
  <mem-info id="828" free="47424984" total="838860800" percent="5">
    <mem type="nursery" free="0" total="209715200" percent="0">
      <mem type="allocate" free="0" total="136970240" percent="0" />
      <mem type="survivor" free="0" total="72744960" percent="0" />
    </mem>
    <mem type="tenure" free="47424984" total="629145600" percent="7" micro-fragmented="240136" macro-fragmented="0">
      <mem type="soa" free="41133528" total="622854144" percent="6" />
      <mem type="loa" free="6291456" total="6291456" percent="100" />
    </mem>
    <remembered-set count="123" />
  </mem-info>
</gc-end>
<cycle-end id="829" type="global" contextid="822" timestamp="2022-01-28T14:22:00.730" />
<percolate-collect id="830" from="nursery" to="global" reason="insufficient remaining tenure space" timestamp="2022-01-28T14:22:00.730"/>
<cycle-start id="831" type="global" contextid="0" timestamp="2022-01-28T14:22:00.730" intervalms="341.445" />
<gc-start id="832" type="global" contextid="831" timestamp="2022-01-28T14:22:00.731">
  <mem-info id="833" free="47424984" total="838860800" percent="5">
    <mem type="nursery" free="0" total="209715200" percent="0">
      <mem type="allocate" free="0" total="136970240" percent="0" />
      <mem type="survivor" free="0" total="72744960" percent="0" />
    </mem>
    <mem type="tenure" free="47424984" total="629145600" percent="7">
      <mem type="soa" free="41133528" total="622854144" percent="6" />
      <mem type="loa" free="6291456" total="6291456" percent="100" />
    </mem>
    <remembered-set count="123" />
  </mem-info>
</gc-start>
<allocation-stats totalBytes="0" >
  <allocated-bytes non-tlh="0" tlh="0" />
</allocation-stats>
<gc-op id="834" type="mark" timems="297.718" contextid="831" timestamp="2022-01-28T14:22:01.028">
  <trace-info objectcount="13008553" scancount="9744058" scanbytes="208741632" />
  <finalization candidates="371" enqueued="0" />
  <ownableSynchronizers candidates="1" cleared="0" />
  <references type="soft" candidates="882" cleared="0" enqueued="0" dynamicThreshold="2" maxThreshold="32" />
  <references type="weak" candidates="1705" cleared="0" enqueued="0" />
  <references type="phantom" candidates="50" cleared="0" enqueued="0" />
  <stringconstants candidates="6461" cleared="0"  />
  <object-monitors candidates="2" cleared="0"  />
</gc-op>
<gc-op id="835" type="sweep" timems="6.281" contextid="831" timestamp="2022-01-28T14:22:01.035" />
<gc-end id="836" type="global" contextid="831" durationms="304.118" usertimems="350.029" systemtimems="0.000" stalltimems="864.740" timestamp="2022-01-28T14:22:01.035" activeThreads="4">
  <mem-info id="837" free="47424984" total="838860800" percent="5">
    <mem type="nursery" free="0" total="209715200" percent="0">
      <mem type="allocate" free="0" total="136970240" percent="0" />
      <mem type="survivor" free="0" total="72744960" percent="0" />
    </mem>
    <mem type="tenure" free="47424984" total="629145600" percent="7" micro-fragmented="240136" macro-fragmented="27735676">
      <mem type="soa" free="41133528" total="622854144" percent="6" />
      <mem type="loa" free="6291456" total="6291456" percent="100" />
    </mem>
    <remembered-set count="123" />
  </mem-info>
</gc-end>
<cycle-end id="838" type="global" contextid="831" timestamp="2022-01-28T14:22:01.035" />
<allocation-satisfied id="839" threadId="0000000000016F00" bytesRequested="120" />
<af-end id="840" timestamp="2022-01-28T14:22:01.035" threadId="0000000000017908" success="true" from="tenure-soa"/>
<exclusive-end id="841" timestamp="2022-01-28T14:22:01.035" durationms="645.840" />

<exclusive-start id="842" timestamp="2022-01-28T14:22:01.035" intervalms="645.877">
  <response-info timems="0.014" idlems="0.014" threads="0" lastid="0000000000016F00" lastname="main" />
</exclusive-start>
<af-start id="843" threadId="0000000000017908" totalBytesRequested="216" timestamp="2022-01-28T14:22:01.035" intervalms="645.873" type="nursery" />
<percolate-collect id="844" from="nursery" to="global" reason="insufficient remaining tenure space" timestamp="2022-01-28T14:22:01.035"/>
<cycle-start id="845" type="global" contextid="0" timestamp="2022-01-28T14:22:01.035" intervalms="304.415" />
<gc-start id="846" type="global" contextid="845" timestamp="2022-01-28T14:22:01.035">
  <mem-info id="847" free="47424208" total="838860800" percent="5">
    <mem type="nursery" free="0" total="209715200" percent="0">
      <mem type="allocate" free="0" total="136970240" percent="0" />
      <mem type="survivor" free="0" total="72744960" percent="0" />
    </mem>
    <mem type="tenure" free="47424208" total="629145600" percent="7">
      <mem type="soa" free="41132752" total="622854144" percent="6" />
      <mem type="loa" free="6291456" total="6291456" percent="100" />
    </mem>
    <remembered-set count="123" />
  </mem-info>
</gc-start>
<allocation-stats totalBytes="120" >
  <allocated-bytes non-tlh="120" tlh="0" />
  <largest-consumer threadName="main" threadId="0000000000016F00" bytes="120" />
</allocation-stats>
<gc-op id="848" type="mark" timems="317.944" contextid="845" timestamp="2022-01-28T14:22:01.353">
  <trace-info objectcount="13008554" scancount="9744072" scanbytes="208741632" />
  <finalization candidates="371" enqueued="0" />
  <ownableSynchronizers candidates="1" cleared="0" />
  <references type="soft" candidates="882" cleared="0" enqueued="0" dynamicThreshold="2" maxThreshold="32" />
  <references type="weak" candidates="1705" cleared="0" enqueued="0" />
  <references type="phantom" candidates="50" cleared="0" enqueued="0" />
  <stringconstants candidates="6461" cleared="0"  />
  <object-monitors candidates="2" cleared="0"  />
</gc-op>
<gc-op id="849" type="sweep" timems="6.767" contextid="845" timestamp="2022-01-28T14:22:01.360" />
<gc-end id="850" type="global" contextid="845" durationms="324.822" usertimems="351.501" systemtimems="16.159" stalltimems="923.872" timestamp="2022-01-28T14:22:01.360" activeThreads="4">
  <mem-info id="851" free="47424208" total="838860800" percent="5">
    <mem type="nursery" free="0" total="209715200" percent="0">
      <mem type="allocate" free="0" total="136970240" percent="0" />
      <mem type="survivor" free="0" total="72744960" percent="0" />
    </mem>
    <mem type="tenure" free="47424208" total="629145600" percent="7" micro-fragmented="240136" macro-fragmented="27735676">
      <mem type="soa" free="41132752" total="622854144" percent="6" />
      <mem type="loa" free="6291456" total="6291456" percent="100" />
    </mem>
    <remembered-set count="123" />
  </mem-info>
</gc-end>
<cycle-end id="852" type="global" contextid="845" timestamp="2022-01-28T14:22:01.360" />
<percolate-collect id="853" from="nursery" to="global" reason="insufficient remaining tenure space" timestamp="2022-01-28T14:22:01.360"/>
<cycle-start id="854" type="global" contextid="0" timestamp="2022-01-28T14:22:01.360" intervalms="324.991" />
<gc-start id="855" type="global" contextid="854" timestamp="2022-01-28T14:22:01.360">
  <mem-info id="856" free="47424208" total="838860800" percent="5">
    <mem type="nursery" free="0" total="209715200" percent="0">
      <mem type="allocate" free="0" total="136970240" percent="0" />
      <mem type="survivor" free="0" total="72744960" percent="0" />
    </mem>
    <mem type="tenure" free="47424208" total="629145600" percent="7">
      <mem type="soa" free="41132752" total="622854144" percent="6" />
      <mem type="loa" free="6291456" total="6291456" percent="100" />
    </mem>
    <remembered-set count="123" />
  </mem-info>
</gc-start>
<allocation-stats totalBytes="0" >
  <allocated-bytes non-tlh="0" tlh="0" />
</allocation-stats>
<gc-op id="857" type="mark" timems="303.684" contextid="854" timestamp="2022-01-28T14:22:01.664">
  <trace-info objectcount="13008554" scancount="9744054" scanbytes="208741632" />
  <finalization candidates="371" enqueued="0" />
  <ownableSynchronizers candidates="1" cleared="0" />
  <references type="soft" candidates="882" cleared="0" enqueued="0" dynamicThreshold="2" maxThreshold="32" />
  <references type="weak" candidates="1705" cleared="0" enqueued="0" />
  <references type="phantom" candidates="50" cleared="0" enqueued="0" />
  <stringconstants candidates="6461" cleared="0"  />
  <object-monitors candidates="2" cleared="0"  />
</gc-op>
<gc-op id="858" type="sweep" timems="7.187" contextid="854" timestamp="2022-01-28T14:22:01.671" />
<gc-end id="859" type="global" contextid="854" durationms="311.008" usertimems="582.921" systemtimems="6.901" stalltimems="648.871" timestamp="2022-01-28T14:22:01.671" activeThreads="4">
  <mem-info id="860" free="47424208" total="838860800" percent="5">
    <mem type="nursery" free="0" total="209715200" percent="0">
      <mem type="allocate" free="0" total="136970240" percent="0" />
      <mem type="survivor" free="0" total="72744960" percent="0" />
    </mem>
    <mem type="tenure" free="47424208" total="629145600" percent="7" micro-fragmented="240136" macro-fragmented="16050736">
      <mem type="soa" free="41132752" total="622854144" percent="6" />
      <mem type="loa" free="6291456" total="6291456" percent="100" />
    </mem>
    <remembered-set count="123" />
  </mem-info>
</gc-end>
<cycle-end id="861" type="global" contextid="854" timestamp="2022-01-28T14:22:01.671" />
<allocation-satisfied id="862" threadId="0000000000016F00" bytesRequested="216" />
<af-end id="863" timestamp="2022-01-28T14:22:01.671" threadId="0000000000017908" success="true" from="tenure-soa"/>
<exclusive-end id="864" timestamp="2022-01-28T14:22:01.671" durationms="636.197" />

<exclusive-start id="865" timestamp="2022-01-28T14:22:01.671" intervalms="636.234">
  <response-info timems="0.013" idlems="0.013" threads="0" lastid="0000000000016F00" lastname="main" />
</exclusive-start>
<af-start id="866" threadId="0000000000017908" totalBytesRequested="24" timestamp="2022-01-28T14:22:01.671" intervalms="636.231" type="nursery" />
<percolate-collect id="867" from="nursery" to="global" reason="insufficient remaining tenure space" timestamp="2022-01-28T14:22:01.671"/>
<cycle-start id="868" type="global" contextid="0" timestamp="2022-01-28T14:22:01.671" intervalms="311.237" />
<gc-start id="869" type="global" contextid="868" timestamp="2022-01-28T14:22:01.671">
  <mem-info id="870" free="47423992" total="838860800" percent="5">
    <mem type="nursery" free="0" total="209715200" percent="0">
      <mem type="allocate" free="0" total="136970240" percent="0" />
      <mem type="survivor" free="0" total="72744960" percent="0" />
    </mem>
    <mem type="tenure" free="47423992" total="629145600" percent="7">
      <mem type="soa" free="41132536" total="622854144" percent="6" />
      <mem type="loa" free="6291456" total="6291456" percent="100" />
    </mem>
    <remembered-set count="123" />
  </mem-info>
</gc-start>
<allocation-stats totalBytes="216" >
  <allocated-bytes non-tlh="216" tlh="0" />
  <largest-consumer threadName="main" threadId="0000000000016F00" bytes="216" />
</allocation-stats>
<gc-op id="871" type="mark" timems="313.922" contextid="868" timestamp="2022-01-28T14:22:01.985">
  <trace-info objectcount="13008554" scancount="9744075" scanbytes="208741632" />
  <finalization candidates="371" enqueued="0" />
  <ownableSynchronizers candidates="1" cleared="0" />
  <references type="soft" candidates="882" cleared="0" enqueued="0" dynamicThreshold="2" maxThreshold="32" />
  <references type="weak" candidates="1705" cleared="0" enqueued="0" />
  <references type="phantom" candidates="50" cleared="0" enqueued="0" />
  <stringconstants candidates="6461" cleared="0"  />
  <object-monitors candidates="2" cleared="0"  />
</gc-op>
<gc-op id="872" type="sweep" timems="8.171" contextid="868" timestamp="2022-01-28T14:22:01.993" />
<gc-end id="873" type="global" contextid="868" durationms="322.210" usertimems="527.176" systemtimems="12.021" stalltimems="732.645" timestamp="2022-01-28T14:22:01.993" activeThreads="4">
  <mem-info id="874" free="47424768" total="838860800" percent="5">
    <mem type="nursery" free="0" total="209715200" percent="0">
      <mem type="allocate" free="0" total="136970240" percent="0" />
      <mem type="survivor" free="0" total="72744960" percent="0" />
    </mem>
    <mem type="tenure" free="47424768" total="629145600" percent="7" micro-fragmented="240137" macro-fragmented="23113062">
      <mem type="soa" free="41133312" total="622854144" percent="6" />
      <mem type="loa" free="6291456" total="6291456" percent="100" />
    </mem>
    <remembered-set count="123" />
  </mem-info>
</gc-end>
<cycle-end id="875" type="global" contextid="868" timestamp="2022-01-28T14:22:01.994" />
<percolate-collect id="876" from="nursery" to="global" reason="insufficient remaining tenure space" timestamp="2022-01-28T14:22:01.994"/>
<cycle-start id="877" type="global" contextid="0" timestamp="2022-01-28T14:22:01.994" intervalms="322.415" />
<gc-start id="878" type="global" contextid="877" timestamp="2022-01-28T14:22:01.994">
  <mem-info id="879" free="47424768" total="838860800" percent="5">
    <mem type="nursery" free="0" total="209715200" percent="0">
      <mem type="allocate" free="0" total="136970240" percent="0" />
      <mem type="survivor" free="0" total="72744960" percent="0" />
    </mem>
    <mem type="tenure" free="47424768" total="629145600" percent="7">
      <mem type="soa" free="41133312" total="622854144" percent="6" />
      <mem type="loa" free="6291456" total="6291456" percent="100" />
    </mem>
    <remembered-set count="123" />
  </mem-info>
</gc-start>
<allocation-stats totalBytes="0" >
  <allocated-bytes non-tlh="0" tlh="0" />
</allocation-stats>
<gc-op id="880" type="mark" timems="302.721" contextid="877" timestamp="2022-01-28T14:22:02.296">
  <trace-info objectcount="13008554" scancount="9744082" scanbytes="208741632" />
  <finalization candidates="371" enqueued="0" />
  <ownableSynchronizers candidates="1" cleared="0" />
  <references type="soft" candidates="882" cleared="0" enqueued="0" dynamicThreshold="2" maxThreshold="32" />
  <references type="weak" candidates="1705" cleared="0" enqueued="0" />
  <references type="phantom" candidates="50" cleared="0" enqueued="0" />
  <stringconstants candidates="6461" cleared="0"  />
  <object-monitors candidates="2" cleared="0"  />
</gc-op>
<gc-op id="881" type="sweep" timems="6.770" contextid="877" timestamp="2022-01-28T14:22:02.303" />
<gc-end id="882" type="global" contextid="877" durationms="309.641" usertimems="535.308" systemtimems="12.028" stalltimems="688.079" timestamp="2022-01-28T14:22:02.303" activeThreads="4">
  <mem-info id="883" free="47424768" total="838860800" percent="5">
    <mem type="nursery" free="0" total="209715200" percent="0">
      <mem type="allocate" free="0" total="136970240" percent="0" />
      <mem type="survivor" free="0" total="72744960" percent="0" />
    </mem>
    <mem type="tenure" free="47424768" total="629145600" percent="7" micro-fragmented="240137" macro-fragmented="0">
      <mem type="soa" free="41133312" total="622854144" percent="6" />
      <mem type="loa" free="6291456" total="6291456" percent="100" />
    </mem>
    <remembered-set count="123" />
  </mem-info>
</gc-end>
<cycle-end id="884" type="global" contextid="877" timestamp="2022-01-28T14:22:02.303" />
<allocation-satisfied id="885" threadId="0000000000016F00" bytesRequested="24" />
<af-end id="886" timestamp="2022-01-28T14:22:02.303" threadId="0000000000017908" success="true" from="tenure-soa"/>
<exclusive-end id="887" timestamp="2022-01-28T14:22:02.303" durationms="632.289" />

<exclusive-start id="888" timestamp="2022-01-28T14:22:02.303" intervalms="632.335">
  <response-info timems="0.014" idlems="0.014" threads="0" lastid="0000000000016F00" lastname="main" />
</exclusive-start>
<af-start id="889" threadId="0000000000017908" totalBytesRequested="24" timestamp="2022-01-28T14:22:02.303" intervalms="632.338" type="nursery" />
<percolate-collect id="890" from="nursery" to="global" reason="insufficient remaining tenure space" timestamp="2022-01-28T14:22:02.303"/>
<cycle-start id="891" type="global" contextid="0" timestamp="2022-01-28T14:22:02.303" intervalms="309.926" />
<gc-start id="892" type="global" contextid="891" timestamp="2022-01-28T14:22:02.304">
  <mem-info id="893" free="47423992" total="838860800" percent="5">
    <mem type="nursery" free="0" total="209715200" percent="0">
      <mem type="allocate" free="0" total="136970240" percent="0" />
      <mem type="survivor" free="0" total="72744960" percent="0" />
    </mem>
    <mem type="tenure" free="47423992" total="629145600" percent="7">
      <mem type="soa" free="41132536" total="622854144" percent="6" />
      <mem type="loa" free="6291456" total="6291456" percent="100" />
    </mem>
    <remembered-set count="124" />
  </mem-info>
</gc-start>
<allocation-stats totalBytes="24" >
  <allocated-bytes non-tlh="24" tlh="0" />
  <largest-consumer threadName="main" threadId="0000000000016F00" bytes="24" />
</allocation-stats>
<gc-op id="894" type="mark" timems="586.198" contextid="891" timestamp="2022-01-28T14:22:02.890">
  <trace-info objectcount="13008555" scancount="9744097" scanbytes="208741656" />
  <finalization candidates="371" enqueued="0" />
  <ownableSynchronizers candidates="1" cleared="0" />
  <references type="soft" candidates="882" cleared="0" enqueued="0" dynamicThreshold="2" maxThreshold="32" />
  <references type="weak" candidates="1705" cleared="0" enqueued="0" />
  <references type="phantom" candidates="50" cleared="0" enqueued="0" />
  <stringconstants candidates="6461" cleared="0"  />
  <object-monitors candidates="2" cleared="0"  />
</gc-op>
<gc-op id="895" type="sweep" timems="5.182" contextid="891" timestamp="2022-01-28T14:22:02.895" />
<gc-end id="896" type="global" contextid="891" durationms="591.533" usertimems="2185.398" systemtimems="26.648" stalltimems="145.550" timestamp="2022-01-28T14:22:02.895" activeThreads="4">
  <mem-info id="897" free="47423992" total="838860800" percent="5">
    <mem type="nursery" free="0" total="209715200" percent="0">
      <mem type="allocate" free="0" total="136970240" percent="0" />
      <mem type="survivor" free="0" total="72744960" percent="0" />
    </mem>
    <mem type="tenure" free="47423992" total="629145600" percent="7" micro-fragmented="240137" macro-fragmented="19260884">
      <mem type="soa" free="41132536" total="622854144" percent="6" />
      <mem type="loa" free="6291456" total="6291456" percent="100" />
    </mem>
    <remembered-set count="124" />
  </mem-info>
</gc-end>
<cycle-end id="898" type="global" contextid="891" timestamp="2022-01-28T14:22:02.895" />
<percolate-collect id="899" from="nursery" to="global" reason="insufficient remaining tenure space" timestamp="2022-01-28T14:22:02.895"/>
<cycle-start id="900" type="global" contextid="0" timestamp="2022-01-28T14:22:02.895" intervalms="591.715" />
<gc-start id="901" type="global" contextid="900" timestamp="2022-01-28T14:22:02.895">
  <mem-info id="902" free="47423992" total="838860800" percent="5">
    <mem type="nursery" free="0" total="209715200" percent="0">
      <mem type="allocate" free="0" total="136970240" percent="0" />
      <mem type="survivor" free="0" total="72744960" percent="0" />
    </mem>
    <mem type="tenure" free="47423992" total="629145600" percent="7">
      <mem type="soa" free="41132536" total="622854144" percent="6" />
      <mem type="loa" free="6291456" total="6291456" percent="100" />
    </mem>
    <remembered-set count="124" />
  </mem-info>
</gc-start>
<allocation-stats totalBytes="0" >
  <allocated-bytes non-tlh="0" tlh="0" />
</allocation-stats>
<gc-op id="903" type="mark" timems="475.266" contextid="900" timestamp="2022-01-28T14:22:03.370">
  <trace-info objectcount="13008555" scancount="9744092" scanbytes="208741656" />
  <finalization candidates="371" enqueued="0" />
  <ownableSynchronizers candidates="1" cleared="0" />
  <references type="soft" candidates="882" cleared="0" enqueued="0" dynamicThreshold="2" maxThreshold="32" />
  <references type="weak" candidates="1705" cleared="0" enqueued="0" />
  <references type="phantom" candidates="50" cleared="0" enqueued="0" />
  <stringconstants candidates="6461" cleared="0"  />
  <object-monitors candidates="2" cleared="0"  />
</gc-op>
<gc-op id="904" type="sweep" timems="5.805" contextid="900" timestamp="2022-01-28T14:22:03.376" />
<gc-end id="905" type="global" contextid="900" durationms="481.182" usertimems="1372.744" systemtimems="47.928" stalltimems="491.305" timestamp="2022-01-28T14:22:03.376" activeThreads="4">
  <mem-info id="906" free="47423992" total="838860800" percent="5">
    <mem type="nursery" free="0" total="209715200" percent="0">
      <mem type="allocate" free="0" total="136970240" percent="0" />
      <mem type="survivor" free="0" total="72744960" percent="0" />
    </mem>
    <mem type="tenure" free="47423992" total="629145600" percent="7" micro-fragmented="240137" macro-fragmented="9288619">
      <mem type="soa" free="41132536" total="622854144" percent="6" />
      <mem type="loa" free="6291456" total="6291456" percent="100" />
    </mem>
    <remembered-set count="124" />
  </mem-info>
</gc-end>
<cycle-end id="907" type="global" contextid="900" timestamp="2022-01-28T14:22:03.377" />
<allocation-satisfied id="908" threadId="0000000000016F00" bytesRequested="24" />
<af-end id="909" timestamp="2022-01-28T14:22:03.377" threadId="0000000000017908" success="true" from="tenure-soa"/>
<exclusive-end id="910" timestamp="2022-01-28T14:22:03.377" durationms="1073.142" />

<exclusive-start id="911" timestamp="2022-01-28T14:22:03.377" intervalms="1073.219">
  <response-info timems="0.045" idlems="0.045" threads="0" lastid="0000000000016F00" lastname="main" />
</exclusive-start>
<af-start id="912" threadId="0000000000017908" totalBytesRequested="16" timestamp="2022-01-28T14:22:03.377" intervalms="1073.220" type="nursery" />
<percolate-collect id="913" from="nursery" to="global" reason="insufficient remaining tenure space" timestamp="2022-01-28T14:22:03.377"/>
<cycle-start id="914" type="global" contextid="0" timestamp="2022-01-28T14:22:03.377" intervalms="481.505" />
<gc-start id="915" type="global" contextid="914" timestamp="2022-01-28T14:22:03.377">
  <mem-info id="916" free="47423968" total="838860800" percent="5">
    <mem type="nursery" free="0" total="209715200" percent="0">
      <mem type="allocate" free="0" total="136970240" percent="0" />
      <mem type="survivor" free="0" total="72744960" percent="0" />
    </mem>
    <mem type="tenure" free="47423968" total="629145600" percent="7">
      <mem type="soa" free="41132512" total="622854144" percent="6" />
      <mem type="loa" free="6291456" total="6291456" percent="100" />
    </mem>
    <remembered-set count="125" />
  </mem-info>
</gc-start>
<allocation-stats totalBytes="24" >
  <allocated-bytes non-tlh="24" tlh="0" />
  <largest-consumer threadName="main" threadId="0000000000016F00" bytes="24" />
</allocation-stats>
<gc-op id="917" type="mark" timems="310.787" contextid="914" timestamp="2022-01-28T14:22:03.688">
  <trace-info objectcount="13008556" scancount="9744104" scanbytes="208741680" />
  <finalization candidates="371" enqueued="0" />
  <ownableSynchronizers candidates="1" cleared="0" />
  <references type="soft" candidates="882" cleared="0" enqueued="0" dynamicThreshold="2" maxThreshold="32" />
  <references type="weak" candidates="1705" cleared="0" enqueued="0" />
  <references type="phantom" candidates="50" cleared="0" enqueued="0" />
  <stringconstants candidates="6461" cleared="0"  />
  <object-monitors candidates="2" cleared="0"  />
</gc-op>
<gc-op id="918" type="sweep" timems="5.365" contextid="914" timestamp="2022-01-28T14:22:03.693" />
<gc-end id="919" type="global" contextid="914" durationms="316.269" usertimems="341.529" systemtimems="0.246" stalltimems="920.293" timestamp="2022-01-28T14:22:03.693" activeThreads="4">
  <mem-info id="920" free="47423968" total="838860800" percent="5">
    <mem type="nursery" free="0" total="209715200" percent="0">
      <mem type="allocate" free="0" total="136970240" percent="0" />
      <mem type="survivor" free="0" total="72744960" percent="0" />
    </mem>
    <mem type="tenure" free="47423968" total="629145600" percent="7" micro-fragmented="240137" macro-fragmented="168253">
      <mem type="soa" free="41132512" total="622854144" percent="6" />
      <mem type="loa" free="6291456" total="6291456" percent="100" />
    </mem>
    <remembered-set count="125" />
  </mem-info>
</gc-end>
<cycle-end id="921" type="global" contextid="914" timestamp="2022-01-28T14:22:03.693" />
<percolate-collect id="922" from="nursery" to="global" reason="insufficient remaining tenure space" timestamp="2022-01-28T14:22:03.693"/>
<cycle-start id="923" type="global" contextid="0" timestamp="2022-01-28T14:22:03.693" intervalms="316.478" />
<gc-start id="924" type="global" contextid="923" timestamp="2022-01-28T14:22:03.693">
  <mem-info id="925" free="47423968" total="838860800" percent="5">
    <mem type="nursery" free="0" total="209715200" percent="0">
      <mem type="allocate" free="0" total="136970240" percent="0" />
      <mem type="survivor" free="0" total="72744960" percent="0" />
    </mem>
    <mem type="tenure" free="47423968" total="629145600" percent="7">
      <mem type="soa" free="41132512" total="622854144" percent="6" />
      <mem type="loa" free="6291456" total="6291456" percent="100" />
    </mem>
    <remembered-set count="125" />
  </mem-info>
</gc-start>
<allocation-stats totalBytes="0" >
  <allocated-bytes non-tlh="0" tlh="0" />
</allocation-stats>
<gc-op id="926" type="mark" timems="283.284" contextid="923" timestamp="2022-01-28T14:22:03.977">
  <trace-info objectcount="13008556" scancount="9744104" scanbytes="208741680" />
  <finalization candidates="371" enqueued="0" />
  <ownableSynchronizers candidates="1" cleared="0" />
  <references type="soft" candidates="882" cleared="0" enqueued="0" dynamicThreshold="2" maxThreshold="32" />
  <references type="weak" candidates="1705" cleared="0" enqueued="0" />
  <references type="phantom" candidates="50" cleared="0" enqueued="0" />
  <stringconstants candidates="6461" cleared="0"  />
  <object-monitors candidates="2" cleared="0"  />
</gc-op>
<gc-op id="927" type="sweep" timems="5.872" contextid="923" timestamp="2022-01-28T14:22:03.982" />
<gc-end id="928" type="global" contextid="923" durationms="289.281" usertimems="346.373" systemtimems="0.308" stalltimems="808.976" timestamp="2022-01-28T14:22:03.982" activeThreads="4">
  <mem-info id="929" free="47423968" total="838860800" percent="5">
    <mem type="nursery" free="0" total="209715200" percent="0">
      <mem type="allocate" free="0" total="136970240" percent="0" />
      <mem type="survivor" free="0" total="72744960" percent="0" />
    </mem>
    <mem type="tenure" free="47423968" total="629145600" percent="7" micro-fragmented="240137" macro-fragmented="33282812">
      <mem type="soa" free="41132512" total="622854144" percent="6" />
      <mem type="loa" free="6291456" total="6291456" percent="100" />
    </mem>
    <remembered-set count="125" />
  </mem-info>
</gc-end>
<cycle-end id="930" type="global" contextid="923" timestamp="2022-01-28T14:22:03.983" />
<allocation-satisfied id="931" threadId="0000000000016F00" bytesRequested="16" />
<af-end id="932" timestamp="2022-01-28T14:22:03.983" threadId="0000000000017908" success="true" from="tenure-soa"/>
<exclusive-end id="933" timestamp="2022-01-28T14:22:03.983" durationms="605.996" />

<exclusive-start id="934" timestamp="2022-01-28T14:22:03.983" intervalms="606.041">
  <response-info timems="0.014" idlems="0.014" threads="0" lastid="0000000000016F00" lastname="main" />
</exclusive-start>
<af-start id="935" threadId="0000000000017908" totalBytesRequested="112" timestamp="2022-01-28T14:22:03.983" intervalms="606.041" type="nursery" />
<percolate-collect id="936" from="nursery" to="global" reason="insufficient remaining tenure space" timestamp="2022-01-28T14:22:03.983"/>
<cycle-start id="937" type="global" contextid="0" timestamp="2022-01-28T14:22:03.983" intervalms="289.572" />
<gc-start id="938" type="global" contextid="937" timestamp="2022-01-28T14:22:03.983">
  <mem-info id="939" free="47423952" total="838860800" percent="5">
    <mem type="nursery" free="0" total="209715200" percent="0">
      <mem type="allocate" free="0" total="136970240" percent="0" />
      <mem type="survivor" free="0" total="72744960" percent="0" />
    </mem>
    <mem type="tenure" free="47423952" total="629145600" percent="7">
      <mem type="soa" free="41132496" total="622854144" percent="6" />
      <mem type="loa" free="6291456" total="6291456" percent="100" />
    </mem>
    <remembered-set count="126" />
  </mem-info>
</gc-start>
<allocation-stats totalBytes="16" >
  <allocated-bytes non-tlh="16" tlh="0" />
  <largest-consumer threadName="main" threadId="0000000000016F00" bytes="16" />
</allocation-stats>
<gc-op id="940" type="mark" timems="315.858" contextid="937" timestamp="2022-01-28T14:22:04.299">
  <trace-info objectcount="13008557" scancount="9744067" scanbytes="208741696" />
  <finalization candidates="371" enqueued="0" />
  <ownableSynchronizers candidates="1" cleared="0" />
  <references type="soft" candidates="882" cleared="0" enqueued="0" dynamicThreshold="2" maxThreshold="32" />
  <references type="weak" candidates="1705" cleared="0" enqueued="0" />
  <references type="phantom" candidates="50" cleared="0" enqueued="0" />
  <stringconstants candidates="6461" cleared="0"  />
  <object-monitors candidates="2" cleared="0"  />
</gc-op>
<gc-op id="941" type="sweep" timems="5.661" contextid="937" timestamp="2022-01-28T14:22:04.304" />
<gc-end id="942" type="global" contextid="937" durationms="321.642" usertimems="347.095" systemtimems="0.000" stalltimems="935.782" timestamp="2022-01-28T14:22:04.304" activeThreads="4">
  <mem-info id="943" free="47423952" total="838860800" percent="5">
    <mem type="nursery" free="0" total="209715200" percent="0">
      <mem type="allocate" free="0" total="136970240" percent="0" />
      <mem type="survivor" free="0" total="72744960" percent="0" />
    </mem>
    <mem type="tenure" free="47423952" total="629145600" percent="7" micro-fragmented="240137" macro-fragmented="33282812">
      <mem type="soa" free="41132496" total="622854144" percent="6" />
      <mem type="loa" free="6291456" total="6291456" percent="100" />
    </mem>
    <remembered-set count="126" />
  </mem-info>
</gc-end>
<cycle-end id="944" type="global" contextid="937" timestamp="2022-01-28T14:22:04.305" />
<percolate-collect id="945" from="nursery" to="global" reason="insufficient remaining tenure space" timestamp="2022-01-28T14:22:04.305"/>
<cycle-start id="946" type="global" contextid="0" timestamp="2022-01-28T14:22:04.305" intervalms="321.815" />
<gc-start id="947" type="global" contextid="946" timestamp="2022-01-28T14:22:04.305">
  <mem-info id="948" free="47423952" total="838860800" percent="5">
    <mem type="nursery" free="0" total="209715200" percent="0">
      <mem type="allocate" free="0" total="136970240" percent="0" />
      <mem type="survivor" free="0" total="72744960" percent="0" />
    </mem>
    <mem type="tenure" free="47423952" total="629145600" percent="7">
      <mem type="soa" free="41132496" total="622854144" percent="6" />
      <mem type="loa" free="6291456" total="6291456" percent="100" />
    </mem>
    <remembered-set count="126" />
  </mem-info>
</gc-start>
<allocation-stats totalBytes="0" >
  <allocated-bytes non-tlh="0" tlh="0" />
</allocation-stats>
<gc-op id="949" type="mark" timems="307.229" contextid="946" timestamp="2022-01-28T14:22:04.612">
  <trace-info objectcount="13008557" scancount="9744093" scanbytes="208741696" />
  <finalization candidates="371" enqueued="0" />
  <ownableSynchronizers candidates="1" cleared="0" />
  <references type="soft" candidates="882" cleared="0" enqueued="0" dynamicThreshold="2" maxThreshold="32" />
  <references type="weak" candidates="1705" cleared="0" enqueued="0" />
  <references type="phantom" candidates="50" cleared="0" enqueued="0" />
  <stringconstants candidates="6461" cleared="0"  />
  <object-monitors candidates="2" cleared="0"  />
</gc-op>
<gc-op id="950" type="sweep" timems="7.295" contextid="946" timestamp="2022-01-28T14:22:04.619" />
<gc-end id="951" type="global" contextid="946" durationms="314.652" usertimems="545.511" systemtimems="6.658" stalltimems="688.294" timestamp="2022-01-28T14:22:04.619" activeThreads="4">
  <mem-info id="952" free="47423952" total="838860800" percent="5">
    <mem type="nursery" free="0" total="209715200" percent="0">
      <mem type="allocate" free="0" total="136970240" percent="0" />
      <mem type="survivor" free="0" total="72744960" percent="0" />
    </mem>
    <mem type="tenure" free="47423952" total="629145600" percent="7" micro-fragmented="240137" macro-fragmented="0">
      <mem type="soa" free="41132496" total="622854144" percent="6" />
      <mem type="loa" free="6291456" total="6291456" percent="100" />
    </mem>
    <remembered-set count="126" />
  </mem-info>
</gc-end>
<cycle-end id="953" type="global" contextid="946" timestamp="2022-01-28T14:22:04.619" />
<allocation-satisfied id="954" threadId="0000000000016F00" bytesRequested="112" />
<af-end id="955" timestamp="2022-01-28T14:22:04.619" threadId="0000000000017908" success="true" from="tenure-soa"/>
<exclusive-end id="956" timestamp="2022-01-28T14:22:04.619" durationms="636.672" />

<exclusive-start id="957" timestamp="2022-01-28T14:22:04.619" intervalms="636.702">
  <response-info timems="0.011" idlems="0.011" threads="0" lastid="0000000000016F00" lastname="main" />
</exclusive-start>
<af-start id="958" threadId="0000000000017908" totalBytesRequested="200" timestamp="2022-01-28T14:22:04.619" intervalms="636.697" type="nursery" />
<percolate-collect id="959" from="nursery" to="global" reason="insufficient remaining tenure space" timestamp="2022-01-28T14:22:04.619"/>
<cycle-start id="960" type="global" contextid="0" timestamp="2022-01-28T14:22:04.619" intervalms="314.869" />
<gc-start id="961" type="global" contextid="960" timestamp="2022-01-28T14:22:04.619">
  <mem-info id="962" free="47423840" total="838860800" percent="5">
    <mem type="nursery" free="0" total="209715200" percent="0">
      <mem type="allocate" free="0" total="136970240" percent="0" />
      <mem type="survivor" free="0" total="72744960" percent="0" />
    </mem>
    <mem type="tenure" free="47423840" total="629145600" percent="7">
      <mem type="soa" free="41132384" total="622854144" percent="6" />
      <mem type="loa" free="6291456" total="6291456" percent="100" />
    </mem>
    <remembered-set count="126" />
  </mem-info>
</gc-start>
<allocation-stats totalBytes="112" >
  <allocated-bytes non-tlh="112" tlh="0" />
  <largest-consumer threadName="main" threadId="0000000000016F00" bytes="112" />
</allocation-stats>
<gc-op id="963" type="mark" timems="308.219" contextid="960" timestamp="2022-01-28T14:22:04.928">
  <trace-info objectcount="13008558" scancount="9744050" scanbytes="208741696" />
  <finalization candidates="371" enqueued="0" />
  <ownableSynchronizers candidates="1" cleared="0" />
  <references type="soft" candidates="882" cleared="0" enqueued="0" dynamicThreshold="2" maxThreshold="32" />
  <references type="weak" candidates="1705" cleared="0" enqueued="0" />
  <references type="phantom" candidates="50" cleared="0" enqueued="0" />
  <stringconstants candidates="6461" cleared="0"  />
  <object-monitors candidates="2" cleared="0"  />
</gc-op>
<gc-op id="964" type="sweep" timems="7.208" contextid="960" timestamp="2022-01-28T14:22:04.935" />
<gc-end id="965" type="global" contextid="960" durationms="315.540" usertimems="558.977" systemtimems="0.000" stalltimems="684.329" timestamp="2022-01-28T14:22:04.935" activeThreads="4">
  <mem-info id="966" free="47423840" total="838860800" percent="5">
    <mem type="nursery" free="0" total="209715200" percent="0">
      <mem type="allocate" free="0" total="136970240" percent="0" />
      <mem type="survivor" free="0" total="72744960" percent="0" />
    </mem>
    <mem type="tenure" free="47423840" total="629145600" percent="7" micro-fragmented="240137" macro-fragmented="0">
      <mem type="soa" free="41132384" total="622854144" percent="6" />
      <mem type="loa" free="6291456" total="6291456" percent="100" />
    </mem>
    <remembered-set count="126" />
  </mem-info>
</gc-end>
<cycle-end id="967" type="global" contextid="960" timestamp="2022-01-28T14:22:04.935" />
<percolate-collect id="968" from="nursery" to="global" reason="insufficient remaining tenure space" timestamp="2022-01-28T14:22:04.935"/>
<cycle-start id="969" type="global" contextid="0" timestamp="2022-01-28T14:22:04.935" intervalms="315.770" />
<gc-start id="970" type="global" contextid="969" timestamp="2022-01-28T14:22:04.935">
  <mem-info id="971" free="47423840" total="838860800" percent="5">
    <mem type="nursery" free="0" total="209715200" percent="0">
      <mem type="allocate" free="0" total="136970240" percent="0" />
      <mem type="survivor" free="0" total="72744960" percent="0" />
    </mem>
    <mem type="tenure" free="47423840" total="629145600" percent="7">
      <mem type="soa" free="41132384" total="622854144" percent="6" />
      <mem type="loa" free="6291456" total="6291456" percent="100" />
    </mem>
    <remembered-set count="126" />
  </mem-info>
</gc-start>
<allocation-stats totalBytes="0" >
  <allocated-bytes non-tlh="0" tlh="0" />
</allocation-stats>
<gc-op id="972" type="mark" timems="297.147" contextid="969" timestamp="2022-01-28T14:22:05.232">
  <trace-info objectcount="13008558" scancount="9744124" scanbytes="208741696" />
  <finalization candidates="371" enqueued="0" />
  <ownableSynchronizers candidates="1" cleared="0" />
  <references type="soft" candidates="882" cleared="0" enqueued="0" dynamicThreshold="2" maxThreshold="32" />
  <references type="weak" candidates="1705" cleared="0" enqueued="0" />
  <references type="phantom" candidates="50" cleared="0" enqueued="0" />
  <stringconstants candidates="6461" cleared="0"  />
  <object-monitors candidates="2" cleared="0"  />
</gc-op>
<gc-op id="973" type="sweep" timems="6.392" contextid="969" timestamp="2022-01-28T14:22:05.239" />
<gc-end id="974" type="global" contextid="969" durationms="303.648" usertimems="529.915" systemtimems="0.000" stalltimems="684.047" timestamp="2022-01-28T14:22:05.239" activeThreads="4">
  <mem-info id="975" free="47423840" total="838860800" percent="5">
    <mem type="nursery" free="0" total="209715200" percent="0">
      <mem type="allocate" free="0" total="136970240" percent="0" />
      <mem type="survivor" free="0" total="72744960" percent="0" />
    </mem>
    <mem type="tenure" free="47423840" total="629145600" percent="7" micro-fragmented="240137" macro-fragmented="33282812">
      <mem type="soa" free="41132384" total="622854144" percent="6" />
      <mem type="loa" free="6291456" total="6291456" percent="100" />
    </mem>
    <remembered-set count="126" />
  </mem-info>
</gc-end>
<cycle-end id="976" type="global" contextid="969" timestamp="2022-01-28T14:22:05.239" />
<allocation-satisfied id="977" threadId="0000000000016F00" bytesRequested="200" />
<af-end id="978" timestamp="2022-01-28T14:22:05.239" threadId="0000000000017908" success="true" from="tenure-soa"/>
<exclusive-end id="979" timestamp="2022-01-28T14:22:05.239" durationms="619.647" />

<exclusive-start id="980" timestamp="2022-01-28T14:22:05.239" intervalms="619.685">
  <response-info timems="0.014" idlems="0.014" threads="0" lastid="0000000000016F00" lastname="main" />
</exclusive-start>
<af-start id="981" threadId="0000000000017908" totalBytesRequested="24" timestamp="2022-01-28T14:22:05.239" intervalms="619.689" type="nursery" />
<percolate-collect id="982" from="nursery" to="global" reason="insufficient remaining tenure space" timestamp="2022-01-28T14:22:05.239"/>
<cycle-start id="983" type="global" contextid="0" timestamp="2022-01-28T14:22:05.239" intervalms="303.923" />
<gc-start id="984" type="global" contextid="983" timestamp="2022-01-28T14:22:05.239">
  <mem-info id="985" free="47423640" total="838860800" percent="5">
    <mem type="nursery" free="0" total="209715200" percent="0">
      <mem type="allocate" free="0" total="136970240" percent="0" />
      <mem type="survivor" free="0" total="72744960" percent="0" />
    </mem>
    <mem type="tenure" free="47423640" total="629145600" percent="7">
      <mem type="soa" free="41132184" total="622854144" percent="6" />
      <mem type="loa" free="6291456" total="6291456" percent="100" />
    </mem>
    <remembered-set count="126" />
  </mem-info>
</gc-start>
<allocation-stats totalBytes="200" >
  <allocated-bytes non-tlh="200" tlh="0" />
  <largest-consumer threadName="main" threadId="0000000000016F00" bytes="200" />
</allocation-stats>
<gc-op id="986" type="mark" timems="285.954" contextid="983" timestamp="2022-01-28T14:22:05.525">
  <trace-info objectcount="13008558" scancount="9744084" scanbytes="208741696" />
  <finalization candidates="371" enqueued="0" />
  <ownableSynchronizers candidates="1" cleared="0" />
  <references type="soft" candidates="882" cleared="0" enqueued="0" dynamicThreshold="2" maxThreshold="32" />
  <references type="weak" candidates="1705" cleared="0" enqueued="0" />
  <references type="phantom" candidates="50" cleared="0" enqueued="0" />
  <stringconstants candidates="6461" cleared="0"  />
  <object-monitors candidates="2" cleared="0"  />
</gc-op>
<gc-op id="987" type="sweep" timems="5.909" contextid="983" timestamp="2022-01-28T14:22:05.531" />
<gc-end id="988" type="global" contextid="983" durationms="292.017" usertimems="455.163" systemtimems="2.002" stalltimems="706.239" timestamp="2022-01-28T14:22:05.531" activeThreads="4">
  <mem-info id="989" free="47423640" total="838860800" percent="5">
    <mem type="nursery" free="0" total="209715200" percent="0">
      <mem type="allocate" free="0" total="136970240" percent="0" />
      <mem type="survivor" free="0" total="72744960" percent="0" />
    </mem>
    <mem type="tenure" free="47423640" total="629145600" percent="7" micro-fragmented="240137" macro-fragmented="11146344">
      <mem type="soa" free="41132184" total="622854144" percent="6" />
      <mem type="loa" free="6291456" total="6291456" percent="100" />
    </mem>
    <remembered-set count="126" />
  </mem-info>
</gc-end>
<cycle-end id="990" type="global" contextid="983" timestamp="2022-01-28T14:22:05.531" />
<percolate-collect id="991" from="nursery" to="global" reason="insufficient remaining tenure space" timestamp="2022-01-28T14:22:05.531"/>
<cycle-start id="992" type="global" contextid="0" timestamp="2022-01-28T14:22:05.531" intervalms="292.231" />
<gc-start id="993" type="global" contextid="992" timestamp="2022-01-28T14:22:05.531">
  <mem-info id="994" free="47423640" total="838860800" percent="5">
    <mem type="nursery" free="0" total="209715200" percent="0">
      <mem type="allocate" free="0" total="136970240" percent="0" />
      <mem type="survivor" free="0" total="72744960" percent="0" />
    </mem>
    <mem type="tenure" free="47423640" total="629145600" percent="7">
      <mem type="soa" free="41132184" total="622854144" percent="6" />
      <mem type="loa" free="6291456" total="6291456" percent="100" />
    </mem>
    <remembered-set count="126" />
  </mem-info>
</gc-start>
<allocation-stats totalBytes="0" >
  <allocated-bytes non-tlh="0" tlh="0" />
</allocation-stats>
<gc-op id="995" type="mark" timems="313.165" contextid="992" timestamp="2022-01-28T14:22:05.845">
  <trace-info objectcount="13008558" scancount="9744027" scanbytes="208741696" />
  <finalization candidates="371" enqueued="0" />
  <ownableSynchronizers candidates="1" cleared="0" />
  <references type="soft" candidates="882" cleared="0" enqueued="0" dynamicThreshold="2" maxThreshold="32" />
  <references type="weak" candidates="1705" cleared="0" enqueued="0" />
  <references type="phantom" candidates="50" cleared="0" enqueued="0" />
  <stringconstants candidates="6461" cleared="0"  />
  <object-monitors candidates="2" cleared="0"  />
</gc-op>
<gc-op id="996" type="sweep" timems="6.835" contextid="992" timestamp="2022-01-28T14:22:05.851" />
<gc-end id="997" type="global" contextid="992" durationms="320.170" usertimems="520.046" systemtimems="0.000" stalltimems="718.297" timestamp="2022-01-28T14:22:05.852" activeThreads="4">
  <mem-info id="998" free="47423640" total="838860800" percent="5">
    <mem type="nursery" free="0" total="209715200" percent="0">
      <mem type="allocate" free="0" total="136970240" percent="0" />
      <mem type="survivor" free="0" total="72744960" percent="0" />
    </mem>
    <mem type="tenure" free="47423640" total="629145600" percent="7" micro-fragmented="240137" macro-fragmented="13375613">
      <mem type="soa" free="41132184" total="622854144" percent="6" />
      <mem type="loa" free="6291456" total="6291456" percent="100" />
    </mem>
    <remembered-set count="126" />
  </mem-info>
</gc-end>
<cycle-end id="999" type="global" contextid="992" timestamp="2022-01-28T14:22:05.852" />
<allocation-satisfied id="1000" threadId="0000000000016F00" bytesRequested="24" />
<af-end id="1001" timestamp="2022-01-28T14:22:05.852" threadId="0000000000017908" success="true" from="tenure-soa"/>
<exclusive-end id="1002" timestamp="2022-01-28T14:22:05.852" durationms="612.638" />

<exclusive-start id="1003" timestamp="2022-01-28T14:22:05.852" intervalms="612.675">
  <response-info timems="0.014" idlems="0.014" threads="0" lastid="0000000000016F00" lastname="main" />
</exclusive-start>
<af-start id="1004" threadId="0000000000017908" totalBytesRequested="24" timestamp="2022-01-28T14:22:05.852" intervalms="612.676" type="nursery" />
<percolate-collect id="1005" from="nursery" to="global" reason="insufficient remaining tenure space" timestamp="2022-01-28T14:22:05.852"/>
<cycle-start id="1006" type="global" contextid="0" timestamp="2022-01-28T14:22:05.852" intervalms="320.444" />
<gc-start id="1007" type="global" contextid="1006" timestamp="2022-01-28T14:22:05.852">
  <mem-info id="1008" free="47423616" total="838860800" percent="5">
    <mem type="nursery" free="0" total="209715200" percent="0">
      <mem type="allocate" free="0" total="136970240" percent="0" />
      <mem type="survivor" free="0" total="72744960" percent="0" />
    </mem>
    <mem type="tenure" free="47423616" total="629145600" percent="7">
      <mem type="soa" free="41132160" total="622854144" percent="6" />
      <mem type="loa" free="6291456" total="6291456" percent="100" />
    </mem>
    <remembered-set count="127" />
  </mem-info>
</gc-start>
<allocation-stats totalBytes="24" >
  <allocated-bytes non-tlh="24" tlh="0" />
  <largest-consumer threadName="main" threadId="0000000000016F00" bytes="24" />
</allocation-stats>
<gc-op id="1009" type="mark" timems="306.098" contextid="1006" timestamp="2022-01-28T14:22:06.158">
  <trace-info objectcount="13008559" scancount="9744089" scanbytes="208741720" />
  <finalization candidates="371" enqueued="0" />
  <ownableSynchronizers candidates="1" cleared="0" />
  <references type="soft" candidates="882" cleared="0" enqueued="0" dynamicThreshold="2" maxThreshold="32" />
  <references type="weak" candidates="1705" cleared="0" enqueued="0" />
  <references type="phantom" candidates="50" cleared="0" enqueued="0" />
  <stringconstants candidates="6461" cleared="0"  />
  <object-monitors candidates="2" cleared="0"  />
</gc-op>
<gc-op id="1010" type="sweep" timems="5.471" contextid="1006" timestamp="2022-01-28T14:22:06.163" />
<gc-end id="1011" type="global" contextid="1006" durationms="311.726" usertimems="338.483" systemtimems="0.000" stalltimems="906.975" timestamp="2022-01-28T14:22:06.164" activeThreads="4">
  <mem-info id="1012" free="47422792" total="838860800" percent="5">
    <mem type="nursery" free="0" total="209715200" percent="0">
      <mem type="allocate" free="0" total="136970240" percent="0" />
      <mem type="survivor" free="0" total="72744960" percent="0" />
    </mem>
    <mem type="tenure" free="47422792" total="629145600" percent="7" micro-fragmented="240113" macro-fragmented="33282812">
      <mem type="soa" free="41131336" total="622854144" percent="6" />
      <mem type="loa" free="6291456" total="6291456" percent="100" />
    </mem>
    <remembered-set count="127" />
  </mem-info>
</gc-end>
<cycle-end id="1013" type="global" contextid="1006" timestamp="2022-01-28T14:22:06.164" />
<percolate-collect id="1014" from="nursery" to="global" reason="insufficient remaining tenure space" timestamp="2022-01-28T14:22:06.164"/>
<cycle-start id="1015" type="global" contextid="0" timestamp="2022-01-28T14:22:06.164" intervalms="312.004" />
<gc-start id="1016" type="global" contextid="1015" timestamp="2022-01-28T14:22:06.164">
  <mem-info id="1017" free="47422792" total="838860800" percent="5">
    <mem type="nursery" free="0" total="209715200" percent="0">
      <mem type="allocate" free="0" total="136970240" percent="0" />
      <mem type="survivor" free="0" total="72744960" percent="0" />
    </mem>
    <mem type="tenure" free="47422792" total="629145600" percent="7">
      <mem type="soa" free="41131336" total="622854144" percent="6" />
      <mem type="loa" free="6291456" total="6291456" percent="100" />
    </mem>
    <remembered-set count="127" />
  </mem-info>
</gc-start>
<allocation-stats totalBytes="0" >
  <allocated-bytes non-tlh="0" tlh="0" />
</allocation-stats>
<gc-op id="1018" type="mark" timems="294.989" contextid="1015" timestamp="2022-01-28T14:22:06.459">
  <trace-info objectcount="13008559" scancount="9744110" scanbytes="208741720" />
  <finalization candidates="371" enqueued="0" />
  <ownableSynchronizers candidates="1" cleared="0" />
  <references type="soft" candidates="882" cleared="0" enqueued="0" dynamicThreshold="2" maxThreshold="32" />
  <references type="weak" candidates="1705" cleared="0" enqueued="0" />
  <references type="phantom" candidates="50" cleared="0" enqueued="0" />
  <stringconstants candidates="6461" cleared="0"  />
  <object-monitors candidates="2" cleared="0"  />
</gc-op>
<gc-op id="1019" type="sweep" timems="5.557" contextid="1015" timestamp="2022-01-28T14:22:06.464" />
<gc-end id="1020" type="global" contextid="1015" durationms="300.687" usertimems="541.588" systemtimems="3.980" stalltimems="648.258" timestamp="2022-01-28T14:22:06.465" activeThreads="4">
  <mem-info id="1021" free="47422792" total="838860800" percent="5">
    <mem type="nursery" free="0" total="209715200" percent="0">
      <mem type="allocate" free="0" total="136970240" percent="0" />
      <mem type="survivor" free="0" total="72744960" percent="0" />
    </mem>
    <mem type="tenure" free="47422792" total="629145600" percent="7" micro-fragmented="240113" macro-fragmented="33282812">
      <mem type="soa" free="41131336" total="622854144" percent="6" />
      <mem type="loa" free="6291456" total="6291456" percent="100" />
    </mem>
    <remembered-set count="127" />
  </mem-info>
</gc-end>
<cycle-end id="1022" type="global" contextid="1015" timestamp="2022-01-28T14:22:06.465" />
<allocation-satisfied id="1023" threadId="0000000000016F00" bytesRequested="24" />
<af-end id="1024" timestamp="2022-01-28T14:22:06.465" threadId="0000000000017908" success="true" from="tenure-soa"/>
<exclusive-end id="1025" timestamp="2022-01-28T14:22:06.465" durationms="612.984" />

<exclusive-start id="1026" timestamp="2022-01-28T14:22:06.465" intervalms="613.099">
  <response-info timems="0.067" idlems="0.067" threads="0" lastid="0000000000016F00" lastname="main" />
</exclusive-start>
<af-start id="1027" threadId="0000000000017908" totalBytesRequested="16" timestamp="2022-01-28T14:22:06.465" intervalms="613.104" type="nursery" />
<percolate-collect id="1028" from="nursery" to="global" reason="insufficient remaining tenure space" timestamp="2022-01-28T14:22:06.465"/>
<cycle-start id="1029" type="global" contextid="0" timestamp="2022-01-28T14:22:06.465" intervalms="301.140" />
<gc-start id="1030" type="global" contextid="1029" timestamp="2022-01-28T14:22:06.465">
  <mem-info id="1031" free="47422768" total="838860800" percent="5">
    <mem type="nursery" free="0" total="209715200" percent="0">
      <mem type="allocate" free="0" total="136970240" percent="0" />
      <mem type="survivor" free="0" total="72744960" percent="0" />
    </mem>
    <mem type="tenure" free="47422768" total="629145600" percent="7">
      <mem type="soa" free="41131312" total="622854144" percent="6" />
      <mem type="loa" free="6291456" total="6291456" percent="100" />
    </mem>
    <remembered-set count="128" />
  </mem-info>
</gc-start>
<allocation-stats totalBytes="24" >
  <allocated-bytes non-tlh="24" tlh="0" />
  <largest-consumer threadName="main" threadId="0000000000016F00" bytes="24" />
</allocation-stats>
<gc-op id="1032" type="mark" timems="326.518" contextid="1029" timestamp="2022-01-28T14:22:06.792">
  <trace-info objectcount="13008560" scancount="9744079" scanbytes="208741744" />
  <finalization candidates="371" enqueued="0" />
  <ownableSynchronizers candidates="1" cleared="0" />
  <references type="soft" candidates="882" cleared="0" enqueued="0" dynamicThreshold="2" maxThreshold="32" />
  <references type="weak" candidates="1705" cleared="0" enqueued="0" />
  <references type="phantom" candidates="50" cleared="0" enqueued="0" />
  <stringconstants candidates="6461" cleared="0"  />
  <object-monitors candidates="2" cleared="0"  />
</gc-op>
<gc-op id="1033" type="sweep" timems="5.477" contextid="1029" timestamp="2022-01-28T14:22:06.797" />
<gc-end id="1034" type="global" contextid="1029" durationms="332.173" usertimems="605.980" systemtimems="11.691" stalltimems="709.170" timestamp="2022-01-28T14:22:06.797" activeThreads="4">
  <mem-info id="1035" free="47422768" total="838860800" percent="5">
    <mem type="nursery" free="0" total="209715200" percent="0">
      <mem type="allocate" free="0" total="136970240" percent="0" />
      <mem type="survivor" free="0" total="72744960" percent="0" />
    </mem>
    <mem type="tenure" free="47422768" total="629145600" percent="7" micro-fragmented="240113" macro-fragmented="33282812">
      <mem type="soa" free="41131312" total="622854144" percent="6" />
      <mem type="loa" free="6291456" total="6291456" percent="100" />
    </mem>
    <remembered-set count="128" />
  </mem-info>
</gc-end>
<cycle-end id="1036" type="global" contextid="1029" timestamp="2022-01-28T14:22:06.797" />
<percolate-collect id="1037" from="nursery" to="global" reason="insufficient remaining tenure space" timestamp="2022-01-28T14:22:06.798"/>
<cycle-start id="1038" type="global" contextid="0" timestamp="2022-01-28T14:22:06.798" intervalms="332.585" />
<gc-start id="1039" type="global" contextid="1038" timestamp="2022-01-28T14:22:06.798">
  <mem-info id="1040" free="47422768" total="838860800" percent="5">
    <mem type="nursery" free="0" total="209715200" percent="0">
      <mem type="allocate" free="0" total="136970240" percent="0" />
      <mem type="survivor" free="0" total="72744960" percent="0" />
    </mem>
    <mem type="tenure" free="47422768" total="629145600" percent="7">
      <mem type="soa" free="41131312" total="622854144" percent="6" />
      <mem type="loa" free="6291456" total="6291456" percent="100" />
    </mem>
    <remembered-set count="128" />
  </mem-info>
</gc-start>
<allocation-stats totalBytes="0" >
  <allocated-bytes non-tlh="0" tlh="0" />
</allocation-stats>
<gc-op id="1041" type="mark" timems="483.636" contextid="1038" timestamp="2022-01-28T14:22:07.281">
  <trace-info objectcount="13008560" scancount="9744045" scanbytes="208741744" />
  <finalization candidates="371" enqueued="0" />
  <ownableSynchronizers candidates="1" cleared="0" />
  <references type="soft" candidates="882" cleared="0" enqueued="0" dynamicThreshold="2" maxThreshold="32" />
  <references type="weak" candidates="1705" cleared="0" enqueued="0" />
  <references type="phantom" candidates="50" cleared="0" enqueued="0" />
  <stringconstants candidates="6461" cleared="0"  />
  <object-monitors candidates="2" cleared="0"  />
</gc-op>
<gc-op id="1042" type="sweep" timems="6.008" contextid="1038" timestamp="2022-01-28T14:22:07.288" />
<gc-end id="1043" type="global" contextid="1038" durationms="490.090" usertimems="1372.818" systemtimems="39.945" stalltimems="539.375" timestamp="2022-01-28T14:22:07.288" activeThreads="4">
  <mem-info id="1044" free="47422768" total="838860800" percent="5">
    <mem type="nursery" free="0" total="209715200" percent="0">
      <mem type="allocate" free="0" total="136970240" percent="0" />
      <mem type="survivor" free="0" total="72744960" percent="0" />
    </mem>
    <mem type="tenure" free="47422768" total="629145600" percent="7" micro-fragmented="240113" macro-fragmented="0">
      <mem type="soa" free="41131312" total="622854144" percent="6" />
      <mem type="loa" free="6291456" total="6291456" percent="100" />
    </mem>
    <remembered-set count="128" />
  </mem-info>
</gc-end>
<cycle-end id="1045" type="global" contextid="1038" timestamp="2022-01-28T14:22:07.288" />
<allocation-satisfied id="1046" threadId="0000000000016F00" bytesRequested="16" />
<af-end id="1047" timestamp="2022-01-28T14:22:07.288" threadId="0000000000017908" success="true" from="tenure-soa"/>
<exclusive-end id="1048" timestamp="2022-01-28T14:22:07.288" durationms="822.963" />

<exclusive-start id="1049" timestamp="2022-01-28T14:22:07.288" intervalms="823.002">
  <response-info timems="0.011" idlems="0.011" threads="0" lastid="0000000000016F00" lastname="main" />
</exclusive-start>
<af-start id="1050" threadId="0000000000017908" totalBytesRequested="112" timestamp="2022-01-28T14:22:07.288" intervalms="822.993" type="nursery" />
<percolate-collect id="1051" from="nursery" to="global" reason="insufficient remaining tenure space" timestamp="2022-01-28T14:22:07.288"/>
<cycle-start id="1052" type="global" contextid="0" timestamp="2022-01-28T14:22:07.288" intervalms="490.366" />
<gc-start id="1053" type="global" contextid="1052" timestamp="2022-01-28T14:22:07.288">
  <mem-info id="1054" free="47422752" total="838860800" percent="5">
    <mem type="nursery" free="0" total="209715200" percent="0">
      <mem type="allocate" free="0" total="136970240" percent="0" />
      <mem type="survivor" free="0" total="72744960" percent="0" />
    </mem>
    <mem type="tenure" free="47422752" total="629145600" percent="7">
      <mem type="soa" free="41131296" total="622854144" percent="6" />
      <mem type="loa" free="6291456" total="6291456" percent="100" />
    </mem>
    <remembered-set count="129" />
  </mem-info>
</gc-start>
<allocation-stats totalBytes="16" >
  <allocated-bytes non-tlh="16" tlh="0" />
  <largest-consumer threadName="main" threadId="0000000000016F00" bytes="16" />
</allocation-stats>
<gc-op id="1055" type="mark" timems="328.705" contextid="1052" timestamp="2022-01-28T14:22:07.617">
  <trace-info objectcount="13008561" scancount="9744148" scanbytes="208741760" />
  <finalization candidates="371" enqueued="0" />
  <ownableSynchronizers candidates="1" cleared="0" />
  <references type="soft" candidates="882" cleared="0" enqueued="0" dynamicThreshold="2" maxThreshold="32" />
  <references type="weak" candidates="1705" cleared="0" enqueued="0" />
  <references type="phantom" candidates="50" cleared="0" enqueued="0" />
  <stringconstants candidates="6461" cleared="0"  />
  <object-monitors candidates="2" cleared="0"  />
</gc-op>
<gc-op id="1056" type="sweep" timems="8.333" contextid="1052" timestamp="2022-01-28T14:22:07.625" />
<gc-end id="1057" type="global" contextid="1052" durationms="337.169" usertimems="566.006" systemtimems="13.723" stalltimems="740.743" timestamp="2022-01-28T14:22:07.625" activeThreads="4">
  <mem-info id="1058" free="47422752" total="838860800" percent="5">
    <mem type="nursery" free="0" total="209715200" percent="0">
      <mem type="allocate" free="0" total="136970240" percent="0" />
      <mem type="survivor" free="0" total="72744960" percent="0" />
    </mem>
    <mem type="tenure" free="47422752" total="629145600" percent="7" micro-fragmented="240113" macro-fragmented="11146344">
      <mem type="soa" free="41131296" total="622854144" percent="6" />
      <mem type="loa" free="6291456" total="6291456" percent="100" />
    </mem>
    <remembered-set count="129" />
  </mem-info>
</gc-end>
<cycle-end id="1059" type="global" contextid="1052" timestamp="2022-01-28T14:22:07.625" />
<percolate-collect id="1060" from="nursery" to="global" reason="insufficient remaining tenure space" timestamp="2022-01-28T14:22:07.625"/>
<cycle-start id="1061" type="global" contextid="0" timestamp="2022-01-28T14:22:07.625" intervalms="337.381" />
<gc-start id="1062" type="global" contextid="1061" timestamp="2022-01-28T14:22:07.625">
  <mem-info id="1063" free="47422752" total="838860800" percent="5">
    <mem type="nursery" free="0" total="209715200" percent="0">
      <mem type="allocate" free="0" total="136970240" percent="0" />
      <mem type="survivor" free="0" total="72744960" percent="0" />
    </mem>
    <mem type="tenure" free="47422752" total="629145600" percent="7">
      <mem type="soa" free="41131296" total="622854144" percent="6" />
      <mem type="loa" free="6291456" total="6291456" percent="100" />
    </mem>
    <remembered-set count="129" />
  </mem-info>
</gc-start>
<allocation-stats totalBytes="0" >
  <allocated-bytes non-tlh="0" tlh="0" />
</allocation-stats>
<gc-op id="1064" type="mark" timems="298.026" contextid="1061" timestamp="2022-01-28T14:22:07.923">
  <trace-info objectcount="13008561" scancount="9744082" scanbytes="208741760" />
  <finalization candidates="371" enqueued="0" />
  <ownableSynchronizers candidates="1" cleared="0" />
  <references type="soft" candidates="882" cleared="0" enqueued="0" dynamicThreshold="2" maxThreshold="32" />
  <references type="weak" candidates="1705" cleared="0" enqueued="0" />
  <references type="phantom" candidates="50" cleared="0" enqueued="0" />
  <stringconstants candidates="6461" cleared="0"  />
  <object-monitors candidates="2" cleared="0"  />
</gc-op>
<gc-op id="1065" type="sweep" timems="5.365" contextid="1061" timestamp="2022-01-28T14:22:07.929" />
<gc-end id="1066" type="global" contextid="1061" durationms="303.498" usertimems="540.280" systemtimems="4.654" stalltimems="661.268" timestamp="2022-01-28T14:22:07.929" activeThreads="4">
  <mem-info id="1067" free="47422752" total="838860800" percent="5">
    <mem type="nursery" free="0" total="209715200" percent="0">
      <mem type="allocate" free="0" total="136970240" percent="0" />
      <mem type="survivor" free="0" total="72744960" percent="0" />
    </mem>
    <mem type="tenure" free="47422752" total="629145600" percent="7" micro-fragmented="240113" macro-fragmented="27735676">
      <mem type="soa" free="41131296" total="622854144" percent="6" />
      <mem type="loa" free="6291456" total="6291456" percent="100" />
    </mem>
    <remembered-set count="129" />
  </mem-info>
</gc-end>
<cycle-end id="1068" type="global" contextid="1061" timestamp="2022-01-28T14:22:07.929" />
<allocation-satisfied id="1069" threadId="0000000000016F00" bytesRequested="112" />
<af-end id="1070" timestamp="2022-01-28T14:22:07.929" threadId="0000000000017908" success="true" from="tenure-soa"/>
<exclusive-end id="1071" timestamp="2022-01-28T14:22:07.929" durationms="641.137" />

<exclusive-start id="1072" timestamp="2022-01-28T14:22:07.929" intervalms="641.173">
  <response-info timems="0.014" idlems="0.014" threads="0" lastid="0000000000016F00" lastname="main" />
</exclusive-start>
<af-start id="1073" threadId="0000000000017908" totalBytesRequested="200" timestamp="2022-01-28T14:22:07.929" intervalms="641.176" type="nursery" />
<percolate-collect id="1074" from="nursery" to="global" reason="insufficient remaining tenure space" timestamp="2022-01-28T14:22:07.929"/>
<cycle-start id="1075" type="global" contextid="0" timestamp="2022-01-28T14:22:07.929" intervalms="303.799" />
<gc-start id="1076" type="global" contextid="1075" timestamp="2022-01-28T14:22:07.929">
  <mem-info id="1077" free="47422640" total="838860800" percent="5">
    <mem type="nursery" free="0" total="209715200" percent="0">
      <mem type="allocate" free="0" total="136970240" percent="0" />
      <mem type="survivor" free="0" total="72744960" percent="0" />
    </mem>
    <mem type="tenure" free="47422640" total="629145600" percent="7">
      <mem type="soa" free="41131184" total="622854144" percent="6" />
      <mem type="loa" free="6291456" total="6291456" percent="100" />
    </mem>
    <remembered-set count="129" />
  </mem-info>
</gc-start>
<allocation-stats totalBytes="112" >
  <allocated-bytes non-tlh="112" tlh="0" />
  <largest-consumer threadName="main" threadId="0000000000016F00" bytes="112" />
</allocation-stats>
<gc-op id="1078" type="mark" timems="292.872" contextid="1075" timestamp="2022-01-28T14:22:08.222">
  <trace-info objectcount="13008562" scancount="9744099" scanbytes="208741760" />
  <finalization candidates="371" enqueued="0" />
  <ownableSynchronizers candidates="1" cleared="0" />
  <references type="soft" candidates="882" cleared="0" enqueued="0" dynamicThreshold="2" maxThreshold="32" />
  <references type="weak" candidates="1705" cleared="0" enqueued="0" />
  <references type="phantom" candidates="50" cleared="0" enqueued="0" />
  <stringconstants candidates="6461" cleared="0"  />
  <object-monitors candidates="2" cleared="0"  />
</gc-op>
<gc-op id="1079" type="sweep" timems="5.506" contextid="1075" timestamp="2022-01-28T14:22:08.228" />
<gc-end id="1080" type="global" contextid="1075" durationms="298.536" usertimems="508.542" systemtimems="12.472" stalltimems="671.228" timestamp="2022-01-28T14:22:08.228" activeThreads="4">
  <mem-info id="1081" free="47422640" total="838860800" percent="5">
    <mem type="nursery" free="0" total="209715200" percent="0">
      <mem type="allocate" free="0" total="136970240" percent="0" />
      <mem type="survivor" free="0" total="72744960" percent="0" />
    </mem>
    <mem type="tenure" free="47422640" total="629145600" percent="7" micro-fragmented="240113" macro-fragmented="348889">
      <mem type="soa" free="41131184" total="622854144" percent="6" />
      <mem type="loa" free="6291456" total="6291456" percent="100" />
    </mem>
    <remembered-set count="129" />
  </mem-info>
</gc-end>
<cycle-end id="1082" type="global" contextid="1075" timestamp="2022-01-28T14:22:08.228" />
<percolate-collect id="1083" from="nursery" to="global" reason="insufficient remaining tenure space" timestamp="2022-01-28T14:22:08.228"/>
<cycle-start id="1084" type="global" contextid="0" timestamp="2022-01-28T14:22:08.228" intervalms="298.749" />
<gc-start id="1085" type="global" contextid="1084" timestamp="2022-01-28T14:22:08.228">
  <mem-info id="1086" free="47422640" total="838860800" percent="5">
    <mem type="nursery" free="0" total="209715200" percent="0">
      <mem type="allocate" free="0" total="136970240" percent="0" />
      <mem type="survivor" free="0" total="72744960" percent="0" />
    </mem>
    <mem type="tenure" free="47422640" total="629145600" percent="7">
      <mem type="soa" free="41131184" total="622854144" percent="6" />
      <mem type="loa" free="6291456" total="6291456" percent="100" />
    </mem>
    <remembered-set count="129" />
  </mem-info>
</gc-start>
<allocation-stats totalBytes="0" >
  <allocated-bytes non-tlh="0" tlh="0" />
</allocation-stats>
<gc-op id="1087" type="mark" timems="298.716" contextid="1084" timestamp="2022-01-28T14:22:08.527">
  <trace-info objectcount="13008562" scancount="9744149" scanbytes="208741760" />
  <finalization candidates="371" enqueued="0" />
  <ownableSynchronizers candidates="1" cleared="0" />
  <references type="soft" candidates="882" cleared="0" enqueued="0" dynamicThreshold="2" maxThreshold="32" />
  <references type="weak" candidates="1705" cleared="0" enqueued="0" />
  <references type="phantom" candidates="50" cleared="0" enqueued="0" />
  <stringconstants candidates="6461" cleared="0"  />
  <object-monitors candidates="2" cleared="0"  />
</gc-op>
<gc-op id="1088" type="sweep" timems="5.678" contextid="1084" timestamp="2022-01-28T14:22:08.532" />
<gc-end id="1089" type="global" contextid="1084" durationms="304.515" usertimems="522.946" systemtimems="0.000" stalltimems="692.238" timestamp="2022-01-28T14:22:08.532" activeThreads="4">
  <mem-info id="1090" free="47422640" total="838860800" percent="5">
    <mem type="nursery" free="0" total="209715200" percent="0">
      <mem type="allocate" free="0" total="136970240" percent="0" />
      <mem type="survivor" free="0" total="72744960" percent="0" />
    </mem>
    <mem type="tenure" free="47422640" total="629145600" percent="7" micro-fragmented="240113" macro-fragmented="27735676">
      <mem type="soa" free="41131184" total="622854144" percent="6" />
      <mem type="loa" free="6291456" total="6291456" percent="100" />
    </mem>
    <remembered-set count="129" />
  </mem-info>
</gc-end>
<cycle-end id="1091" type="global" contextid="1084" timestamp="2022-01-28T14:22:08.532" />
<allocation-satisfied id="1092" threadId="0000000000016F00" bytesRequested="200" />
<af-end id="1093" timestamp="2022-01-28T14:22:08.532" threadId="0000000000017908" success="true" from="tenure-soa"/>
<exclusive-end id="1094" timestamp="2022-01-28T14:22:08.532" durationms="603.472" />

<exclusive-start id="1095" timestamp="2022-01-28T14:22:08.533" intervalms="603.536">
  <response-info timems="0.043" idlems="0.043" threads="0" lastid="0000000000016F00" lastname="main" />
</exclusive-start>
<af-start id="1096" threadId="0000000000017908" totalBytesRequested="24" timestamp="2022-01-28T14:22:08.533" intervalms="603.534" type="nursery" />
<percolate-collect id="1097" from="nursery" to="global" reason="insufficient remaining tenure space" timestamp="2022-01-28T14:22:08.533"/>
<cycle-start id="1098" type="global" contextid="0" timestamp="2022-01-28T14:22:08.533" intervalms="304.780" />
<gc-start id="1099" type="global" contextid="1098" timestamp="2022-01-28T14:22:08.533">
  <mem-info id="1100" free="47422440" total="838860800" percent="5">
    <mem type="nursery" free="0" total="209715200" percent="0">
      <mem type="allocate" free="0" total="136970240" percent="0" />
      <mem type="survivor" free="0" total="72744960" percent="0" />
    </mem>
    <mem type="tenure" free="47422440" total="629145600" percent="7">
      <mem type="soa" free="41130984" total="622854144" percent="6" />
      <mem type="loa" free="6291456" total="6291456" percent="100" />
    </mem>
    <remembered-set count="129" />
  </mem-info>
</gc-start>
<allocation-stats totalBytes="200" >
  <allocated-bytes non-tlh="200" tlh="0" />
  <largest-consumer threadName="main" threadId="0000000000016F00" bytes="200" />
</allocation-stats>
<gc-op id="1101" type="mark" timems="459.697" contextid="1098" timestamp="2022-01-28T14:22:08.992">
  <trace-info objectcount="13008562" scancount="9744099" scanbytes="208741760" />
  <finalization candidates="371" enqueued="0" />
  <ownableSynchronizers candidates="1" cleared="0" />
  <references type="soft" candidates="882" cleared="0" enqueued="0" dynamicThreshold="2" maxThreshold="32" />
  <references type="weak" candidates="1705" cleared="0" enqueued="0" />
  <references type="phantom" candidates="50" cleared="0" enqueued="0" />
  <stringconstants candidates="6461" cleared="0"  />
  <object-monitors candidates="2" cleared="0"  />
</gc-op>
<gc-op id="1102" type="sweep" timems="6.292" contextid="1098" timestamp="2022-01-28T14:22:08.999" />
<gc-end id="1103" type="global" contextid="1098" durationms="466.171" usertimems="1311.723" systemtimems="46.179" stalltimems="490.605" timestamp="2022-01-28T14:22:08.999" activeThreads="4">
  <mem-info id="1104" free="47422440" total="838860800" percent="5">
    <mem type="nursery" free="0" total="209715200" percent="0">
      <mem type="allocate" free="0" total="136970240" percent="0" />
      <mem type="survivor" free="0" total="72744960" percent="0" />
    </mem>
    <mem type="tenure" free="47422440" total="629145600" percent="7" micro-fragmented="240113" macro-fragmented="33282812">
      <mem type="soa" free="41130984" total="622854144" percent="6" />
      <mem type="loa" free="6291456" total="6291456" percent="100" />
    </mem>
    <remembered-set count="129" />
  </mem-info>
</gc-end>
<cycle-end id="1105" type="global" contextid="1098" timestamp="2022-01-28T14:22:08.999" />
<percolate-collect id="1106" from="nursery" to="global" reason="insufficient remaining tenure space" timestamp="2022-01-28T14:22:08.999"/>
<cycle-start id="1107" type="global" contextid="0" timestamp="2022-01-28T14:22:08.999" intervalms="466.434" />
<gc-start id="1108" type="global" contextid="1107" timestamp="2022-01-28T14:22:08.999">
  <mem-info id="1109" free="47422440" total="838860800" percent="5">
    <mem type="nursery" free="0" total="209715200" percent="0">
      <mem type="allocate" free="0" total="136970240" percent="0" />
      <mem type="survivor" free="0" total="72744960" percent="0" />
    </mem>
    <mem type="tenure" free="47422440" total="629145600" percent="7">
      <mem type="soa" free="41130984" total="622854144" percent="6" />
      <mem type="loa" free="6291456" total="6291456" percent="100" />
    </mem>
    <remembered-set count="129" />
  </mem-info>
</gc-start>
<allocation-stats totalBytes="0" >
  <allocated-bytes non-tlh="0" tlh="0" />
</allocation-stats>
<gc-op id="1110" type="mark" timems="312.102" contextid="1107" timestamp="2022-01-28T14:22:09.311">
  <trace-info objectcount="13008562" scancount="9744089" scanbytes="208741760" />
  <finalization candidates="371" enqueued="0" />
  <ownableSynchronizers candidates="1" cleared="0" />
  <references type="soft" candidates="882" cleared="0" enqueued="0" dynamicThreshold="2" maxThreshold="32" />
  <references type="weak" candidates="1705" cleared="0" enqueued="0" />
  <references type="phantom" candidates="50" cleared="0" enqueued="0" />
  <stringconstants candidates="6461" cleared="0"  />
  <object-monitors candidates="2" cleared="0"  />
</gc-op>
<gc-op id="1111" type="sweep" timems="5.844" contextid="1107" timestamp="2022-01-28T14:22:09.317" />
<gc-end id="1112" type="global" contextid="1107" durationms="318.070" usertimems="582.768" systemtimems="3.659" stalltimems="681.685" timestamp="2022-01-28T14:22:09.317" activeThreads="4">
  <mem-info id="1113" free="47422440" total="838860800" percent="5">
    <mem type="nursery" free="0" total="209715200" percent="0">
      <mem type="allocate" free="0" total="136970240" percent="0" />
      <mem type="survivor" free="0" total="72744960" percent="0" />
    </mem>
    <mem type="tenure" free="47422440" total="629145600" percent="7" micro-fragmented="240113" macro-fragmented="19260884">
      <mem type="soa" free="41130984" total="622854144" percent="6" />
      <mem type="loa" free="6291456" total="6291456" percent="100" />
    </mem>
    <remembered-set count="129" />
  </mem-info>
</gc-end>
<cycle-end id="1114" type="global" contextid="1107" timestamp="2022-01-28T14:22:09.317" />
<allocation-satisfied id="1115" threadId="0000000000016F00" bytesRequested="24" />
<af-end id="1116" timestamp="2022-01-28T14:22:09.317" threadId="0000000000017908" success="true" from="tenure-soa"/>
<exclusive-end id="1117" timestamp="2022-01-28T14:22:09.317" durationms="784.714" />

<exclusive-start id="1118" timestamp="2022-01-28T14:22:09.317" intervalms="784.746">
  <response-info timems="0.013" idlems="0.013" threads="0" lastid="0000000000016F00" lastname="main" />
</exclusive-start>
<af-start id="1119" threadId="0000000000017908" totalBytesRequested="24" timestamp="2022-01-28T14:22:09.317" intervalms="784.746" type="nursery" />
<percolate-collect id="1120" from="nursery" to="global" reason="insufficient remaining tenure space" timestamp="2022-01-28T14:22:09.317"/>
<cycle-start id="1121" type="global" contextid="0" timestamp="2022-01-28T14:22:09.317" intervalms="318.312" />
<gc-start id="1122" type="global" contextid="1121" timestamp="2022-01-28T14:22:09.317">
  <mem-info id="1123" free="47422416" total="838860800" percent="5">
    <mem type="nursery" free="0" total="209715200" percent="0">
      <mem type="allocate" free="0" total="136970240" percent="0" />
      <mem type="survivor" free="0" total="72744960" percent="0" />
    </mem>
    <mem type="tenure" free="47422416" total="629145600" percent="7">
      <mem type="soa" free="41130960" total="622854144" percent="6" />
      <mem type="loa" free="6291456" total="6291456" percent="100" />
    </mem>
    <remembered-set count="130" />
  </mem-info>
</gc-start>
<allocation-stats totalBytes="24" >
  <allocated-bytes non-tlh="24" tlh="0" />
  <largest-consumer threadName="main" threadId="0000000000016F00" bytes="24" />
</allocation-stats>
<gc-op id="1124" type="mark" timems="315.371" contextid="1121" timestamp="2022-01-28T14:22:09.633">
  <trace-info objectcount="13008563" scancount="9744066" scanbytes="208741784" />
  <finalization candidates="371" enqueued="0" />
  <ownableSynchronizers candidates="1" cleared="0" />
  <references type="soft" candidates="882" cleared="0" enqueued="0" dynamicThreshold="2" maxThreshold="32" />
  <references type="weak" candidates="1705" cleared="0" enqueued="0" />
  <references type="phantom" candidates="50" cleared="0" enqueued="0" />
  <stringconstants candidates="6461" cleared="0"  />
  <object-monitors candidates="2" cleared="0"  />
</gc-op>
<gc-op id="1125" type="sweep" timems="5.624" contextid="1121" timestamp="2022-01-28T14:22:09.638" />
<gc-end id="1126" type="global" contextid="1121" durationms="321.110" usertimems="367.141" systemtimems="1.754" stalltimems="913.484" timestamp="2022-01-28T14:22:09.638" activeThreads="4">
  <mem-info id="1127" free="47422416" total="838860800" percent="5">
    <mem type="nursery" free="0" total="209715200" percent="0">
      <mem type="allocate" free="0" total="136970240" percent="0" />
      <mem type="survivor" free="0" total="72744960" percent="0" />
    </mem>
    <mem type="tenure" free="47422416" total="629145600" percent="7" micro-fragmented="240113" macro-fragmented="0">
      <mem type="soa" free="41130960" total="622854144" percent="6" />
      <mem type="loa" free="6291456" total="6291456" percent="100" />
    </mem>
    <remembered-set count="130" />
  </mem-info>
</gc-end>
<cycle-end id="1128" type="global" contextid="1121" timestamp="2022-01-28T14:22:09.639" />
<event id="1129" timestamp="2022-01-28T14:22:09.639">
  <warning details="excessive gc activity detected, will attempt aggressive gc" />
</event>
<percolate-collect id="1130" from="nursery" to="global" reason="insufficient remaining tenure space" timestamp="2022-01-28T14:22:09.639"/>
<cycle-start id="1131" type="global" contextid="0" timestamp="2022-01-28T14:22:09.639" intervalms="321.318" />
<gc-start id="1132" type="global" contextid="1131" timestamp="2022-01-28T14:22:09.639">
  <mem-info id="1133" free="47422416" total="838860800" percent="5">
    <mem type="nursery" free="0" total="209715200" percent="0">
      <mem type="allocate" free="0" total="136970240" percent="0" />
      <mem type="survivor" free="0" total="72744960" percent="0" />
    </mem>
    <mem type="tenure" free="47422416" total="629145600" percent="7">
      <mem type="soa" free="41130960" total="622854144" percent="6" />
      <mem type="loa" free="6291456" total="6291456" percent="100" />
    </mem>
    <remembered-set count="130" />
  </mem-info>
</gc-start>
<allocation-stats totalBytes="0" >
  <allocated-bytes non-tlh="0" tlh="0" />
</allocation-stats>
<gc-op id="1134" type="mark" timems="339.943" contextid="1131" timestamp="2022-01-28T14:22:09.979">
  <trace-info objectcount="12871925" scancount="9658907" scanbytes="206764224" />
  <finalization candidates="371" enqueued="0" />
  <ownableSynchronizers candidates="1" cleared="0" />
  <references type="soft" candidates="882" cleared="0" enqueued="0" dynamicThreshold="2" maxThreshold="32" />
  <references type="weak" candidates="1705" cleared="0" enqueued="0" />
  <references type="phantom" candidates="50" cleared="0" enqueued="0" />
  <stringconstants candidates="6461" cleared="38"  />
  <object-monitors candidates="2" cleared="0"  />
</gc-op>
<gc-op id="1135" type="classunload" timems="0.702" contextid="1131" timestamp="2022-01-28T14:22:09.979">
  <classunload-info classloadercandidates="5" classloadersunloaded="1" classesunloaded="38" anonymousclassesunloaded="0" quiescems="0.000" setupms="0.686" scanms="0.013" postms="0.003" />
</gc-op>
<gc-op id="1136" type="sweep" timems="7.184" contextid="1131" timestamp="2022-01-28T14:22:09.987" />
<mem-info id="1137" free="51771976" total="838860800" percent="6">
  <mem type="nursery" free="0" total="209715200" percent="0">
    <mem type="allocate" free="0" total="136970240" percent="0" />
    <mem type="survivor" free="0" total="72744960" percent="0" />
  </mem>
  <mem type="tenure" free="51771976" total="629145600" percent="8" micro-fragmented="240113" macro-fragmented="27735676">
    <mem type="soa" free="45480520" total="622854144" percent="7" />
    <mem type="loa" free="6291456" total="6291456" percent="100" />
  </mem>
  <remembered-set count="130" />
</mem-info>
<gc-op id="1138" type="compact" timems="2233.843" contextid="1131" timestamp="2022-01-28T14:22:12.220">
  <compact-info movecount="12678943" movebytes="698874168" reason="compact on aggressive collection" />
</gc-op>
<gc-end id="1139" type="global" contextid="1131" durationms="2581.935" usertimems="2603.993" systemtimems="0.000" stalltimems="1008.291" timestamp="2022-01-28T14:22:12.221" activeThreads="4">
  <mem-info id="1140" free="58853264" total="838860800" percent="7">
    <mem type="nursery" free="7031472" total="209715200" percent="3">
      <mem type="allocate" free="7031472" total="136970240" percent="5" />
      <mem type="survivor" free="0" total="72744960" percent="0" />
    </mem>
    <mem type="tenure" free="51821792" total="629145600" percent="8">
      <mem type="soa" free="45530336" total="622854144" percent="7" />
      <mem type="loa" free="6291456" total="6291456" percent="100" />
    </mem>
    <remembered-set count="130" />
  </mem-info>
</gc-end>
<cycle-end id="1141" type="global" contextid="1131" timestamp="2022-01-28T14:22:12.221" />
<event id="1142" timestamp="2022-01-28T14:22:12.221">
  <warning details="excessive gc activity detected, will fail on allocate" />
</event>
<concurrent-kickoff id="1143" timestamp="2022-01-28T14:22:12.221">
  <kickoff reason="threshold reached" targetBytes="206765080" thresholdFreeBytes="21829666"  remainingFree="7031448" tenureFreeBytes="51821792" nurseryFreeBytes="7031448" />
</concurrent-kickoff>
<allocation-satisfied id="1144" threadId="0000000000016F00" bytesRequested="24" />
<af-end id="1145" timestamp="2022-01-28T14:22:12.221" threadId="0000000000017908" success="true" from="nursery"/>
<exclusive-end id="1146" timestamp="2022-01-28T14:22:12.221" durationms="2903.512" />

</verbosegc>

